build time -- 2022-03-12 23:28:06
20220313 000913.214 INFO             PET0 !!!!!!!!!!!!!!!!!!!!!!!!!!!!!!!!!!!!!!!!!!!!!!!!!!!!!!
20220313 000913.216 INFO             PET0 !!! THE ESMF_LOG IS SET TO OUTPUT ALL LOG MESSAGES !!!
20220313 000913.216 INFO             PET0 !!!     THIS MAY CAUSE SLOWDOWN IN PERFORMANCE     !!!
20220313 000913.216 INFO             PET0 !!! FOR PRODUCTION RUNS, USE:                      !!!
20220313 000913.216 INFO             PET0 !!!                   ESMF_LOGKIND_Multi_On_Error  !!!
20220313 000913.216 INFO             PET0 !!!!!!!!!!!!!!!!!!!!!!!!!!!!!!!!!!!!!!!!!!!!!!!!!!!!!!
20220313 000913.216 INFO             PET0 Running with ESMF Version   : v8.3.0b09-96-g559b459836
20220313 000913.216 INFO             PET0 ESMF library build date/time: "Mar 12 2022" "23:26:31"
20220313 000913.216 INFO             PET0 ESMF library build location : /lustre/f2/dev/ncep/Mark.Potts/gfortran_8.3.0_mpi_O_jedwards_pio_update2
20220313 000913.216 INFO             PET0 ESMF_COMM                   : mpi
20220313 000913.217 INFO             PET0 ESMF_MOAB                   : enabled
20220313 000913.217 INFO             PET0 ESMF_LAPACK                 : enabled
20220313 000913.217 INFO             PET0 ESMF_NETCDF                 : enabled
20220313 000913.217 INFO             PET0 ESMF_PNETCDF                : disabled
20220313 000913.217 INFO             PET0 ESMF_PIO                    : enabled
20220313 000913.217 INFO             PET0 ESMF_YAMLCPP                : enabled
20220313 000913.219 INFO             PET0 Beginning Test, file ESMC_FieldRegridUTest.C, line 68
20220313 000913.219 INFO             PET0 Beginning Test, file ESMC_FieldRegridUTest.C, line 68NUMBER_OF_PROCESSORS 1
20220313 000913.222 INFO             PET0 PASS MeshCreate, ESMC_FieldRegridUTest.C, line 125
20220313 000913.223 INFO             PET0 PASS MeshAddNodes, ESMC_FieldRegridUTest.C, line 133
20220313 000913.227 INFO             PET0 PASS MeshAddElements, ESMC_FieldRegridUTest.C, line 142
20220313 000913.227 INFO             PET0 PASS MeshGetLocalNodeCount, ESMC_FieldRegridUTest.C, line 152
20220313 000913.227 INFO             PET0 PASS MeshGetLocalElementCount, ESMC_FieldRegridUTest.C, line 163
20220313 000913.227 INFO             PET0 PASS MeshCreate, ESMC_FieldRegridUTest.C, line 231
20220313 000913.227 INFO             PET0 PASS MeshAddNodes, ESMC_FieldRegridUTest.C, line 239
20220313 000913.227 INFO             PET0 PASS MeshAddElements, ESMC_FieldRegridUTest.C, line 248
20220313 000913.227 INFO             PET0 PASS MeshGetLocalNodeCount, ESMC_FieldRegridUTest.C, line 258
20220313 000913.227 INFO             PET0 PASS MeshGetLocalElementCount, ESMC_FieldRegridUTest.C, line 269
20220313 000913.253 INFO             PET0 PASS Create ESMC_Field object, ESMC_FieldRegridUTest.C, line 284
20220313 000913.253 INFO             PET0 PASS Create ESMC_Field object, ESMC_FieldRegridUTest.C, line 293
20220313 000913.253 INFO             PET0 PASS Get a void * C pointer to data from ESMC_Field object, ESMC_FieldRegridUTest.C, line 306
20220313 000913.254 INFO             PET0 PASS Get a void * C pointer to data from ESMC_Field object, ESMC_FieldRegridUTest.C, line 325
20220313 000913.254 INFO             PET0 PASS Create an InterArray for maskValues in ESMC_FieldRegridStore(), ESMC_FieldRegridUTest.C, line 343
20220313 000913.419 INFO             PET0 PIOc_sync Enter - MemInfo: [/proc/meminfo - SSI]	MemTotal:       65855856 kB
20220313 000913.419 INFO             PET0 PIOc_sync Enter - MemInfo: [/proc/meminfo - SSI]	MemFree:        61273864 kB
20220313 000913.419 INFO             PET0 PIOc_sync Enter - MemInfo: [/proc/meminfo - SSI]	MemAvailable:   61037724 kB
20220313 000913.419 INFO             PET0 PIOc_sync Enter - MemInfo: [/proc/meminfo - SSI]	Committed_AS:    2816076 kB
20220313 000913.419 INFO             PET0 PIOc_sync Enter - MemInfo: [/proc/meminfo - SSI]	CommittedPercent: 4.27612 %
20220313 000913.420 INFO             PET0 PIOc_sync Enter - MemInfo: [/proc/self/status]	VmPeak:	   56716 kB
20220313 000913.420 INFO             PET0 PIOc_sync Enter - MemInfo: [/proc/self/status]	VmSize:	   56716 kB
20220313 000913.420 INFO             PET0 PIOc_sync Enter - MemInfo: [/proc/self/status]	VmLck:	       0 kB
20220313 000913.420 INFO             PET0 PIOc_sync Enter - MemInfo: [/proc/self/status]	VmPin:	       0 kB
20220313 000913.420 INFO             PET0 PIOc_sync Enter - MemInfo: [/proc/self/status]	VmHWM:	   19596 kB
20220313 000913.420 INFO             PET0 PIOc_sync Enter - MemInfo: [/proc/self/status]	VmRSS:	   19596 kB
20220313 000913.420 INFO             PET0 PIOc_sync Enter - MemInfo: [/proc/self/status]	VmData:	   21076 kB
20220313 000913.420 INFO             PET0 PIOc_sync Enter - MemInfo: [/proc/self/status]	VmStk:	     164 kB
20220313 000913.420 INFO             PET0 PIOc_sync Enter - MemInfo: [/proc/self/status]	VmExe:	   27324 kB
20220313 000913.420 INFO             PET0 PIOc_sync Enter - MemInfo: [/proc/self/status]	VmLib:	    1952 kB
20220313 000913.420 INFO             PET0 PIOc_sync Enter - MemInfo: [/proc/self/status]	VmPTE:	     124 kB
20220313 000913.420 INFO             PET0 PIOc_sync Enter - MemInfo: [/proc/self/status]	VmPMD:	      12 kB
20220313 000913.420 INFO             PET0 PIOc_sync Enter - MemInfo: [/proc/self/status]	VmSwap:	       0 kB
20220313 000913.420 INFO             PET0 PIOc_sync Enter - MemInfo: [/proc/self/status]	VmRSSPercent: 0.0297559 %
20220313 000913.420 INFO             PET0 PIOc_sync Enter - MemInfo: [malloc] Non-mmapped space allocated:                 1292608 Byte
20220313 000913.420 INFO             PET0 PIOc_sync Enter - MemInfo: [malloc] Space allocated in mmapped regions:         15949824 Byte
20220313 000913.420 INFO             PET0 PIOc_sync Enter - MemInfo: [malloc] Maximum total allocated space:                     0 Byte
20220313 000913.420 INFO             PET0 PIOc_sync Enter - MemInfo: [malloc] Space in freed fastbin blocks:                     0 Byte
20220313 000913.420 INFO             PET0 PIOc_sync Enter - MemInfo: [malloc] Total allocated space:                       1126896 Byte
20220313 000913.420 INFO             PET0 PIOc_sync Enter - MemInfo: [malloc] Total free space:                             165712 Byte
20220313 000913.420 INFO             PET0 PIOc_sync Enter - MemInfo: [malloc] Top-most, releasable space:                   165712 Byte
20220313 000913.420 INFO             PET0 PIOc_sync Enter - MemInfo: [malloc] Total space in use, mmap + non-mmap:        17076720 Byte
20220313 000913.420 INFO             PET0 PIOc_sync Enter - MemInfo: [malloc] Total space held (mmap + non-mmap):         17242432 Byte
20220313 000913.420 INFO             PET0 PIOc_sync Enter - MemInfo: [malloc] Total space used (mmap + non-mmap):         17085968 Byte
20220313 000913.420 INFO             PET0 PIOc_sync Enter - MemInfo: Wall-clock time since execution start:               0.233226 seconds
20220313 000913.422 INFO             PET0 PIOc_sync Exit - MemInfo: [/proc/meminfo - SSI]	MemTotal:       65855856 kB
20220313 000913.422 INFO             PET0 PIOc_sync Exit - MemInfo: [/proc/meminfo - SSI]	MemFree:        61273360 kB
20220313 000913.422 INFO             PET0 PIOc_sync Exit - MemInfo: [/proc/meminfo - SSI]	MemAvailable:   61037220 kB
20220313 000913.422 INFO             PET0 PIOc_sync Exit - MemInfo: [/proc/meminfo - SSI]	Committed_AS:    2816076 kB
20220313 000913.422 INFO             PET0 PIOc_sync Exit - MemInfo: [/proc/meminfo - SSI]	CommittedPercent: 4.27612 %
20220313 000913.422 INFO             PET0 PIOc_sync Exit - MemInfo: [/proc/self/status]	VmPeak:	   57040 kB
20220313 000913.422 INFO             PET0 PIOc_sync Exit - MemInfo: [/proc/self/status]	VmSize:	   57040 kB
20220313 000913.422 INFO             PET0 PIOc_sync Exit - MemInfo: [/proc/self/status]	VmLck:	       0 kB
20220313 000913.422 INFO             PET0 PIOc_sync Exit - MemInfo: [/proc/self/status]	VmPin:	       0 kB
20220313 000913.422 INFO             PET0 PIOc_sync Exit - MemInfo: [/proc/self/status]	VmHWM:	   20124 kB
20220313 000913.422 INFO             PET0 PIOc_sync Exit - MemInfo: [/proc/self/status]	VmRSS:	   20124 kB
20220313 000913.422 INFO             PET0 PIOc_sync Exit - MemInfo: [/proc/self/status]	VmData:	   21400 kB
20220313 000913.422 INFO             PET0 PIOc_sync Exit - MemInfo: [/proc/self/status]	VmStk:	     164 kB
20220313 000913.422 INFO             PET0 PIOc_sync Exit - MemInfo: [/proc/self/status]	VmExe:	   27324 kB
20220313 000913.422 INFO             PET0 PIOc_sync Exit - MemInfo: [/proc/self/status]	VmLib:	    1952 kB
20220313 000913.422 INFO             PET0 PIOc_sync Exit - MemInfo: [/proc/self/status]	VmPTE:	     124 kB
20220313 000913.422 INFO             PET0 PIOc_sync Exit - MemInfo: [/proc/self/status]	VmPMD:	      12 kB
20220313 000913.422 INFO             PET0 PIOc_sync Exit - MemInfo: [/proc/self/status]	VmSwap:	       0 kB
20220313 000913.422 INFO             PET0 PIOc_sync Exit - MemInfo: [/proc/self/status]	VmRSSPercent: 0.0305576 %
20220313 000913.422 INFO             PET0 PIOc_sync Exit - MemInfo: [malloc] Non-mmapped space allocated:                 1292608 Byte
20220313 000913.422 INFO             PET0 PIOc_sync Exit - MemInfo: [malloc] Space allocated in mmapped regions:         16281600 Byte
20220313 000913.422 INFO             PET0 PIOc_sync Exit - MemInfo: [malloc] Maximum total allocated space:                     0 Byte
20220313 000913.422 INFO             PET0 PIOc_sync Exit - MemInfo: [malloc] Space in freed fastbin blocks:                     0 Byte
20220313 000913.422 INFO             PET0 PIOc_sync Exit - MemInfo: [malloc] Total allocated space:                       1194464 Byte
20220313 000913.422 INFO             PET0 PIOc_sync Exit - MemInfo: [malloc] Total free space:                              98144 Byte
20220313 000913.422 INFO             PET0 PIOc_sync Exit - MemInfo: [malloc] Top-most, releasable space:                    98144 Byte
20220313 000913.422 INFO             PET0 PIOc_sync Exit - MemInfo: [malloc] Total space in use, mmap + non-mmap:        17476064 Byte
20220313 000913.422 INFO             PET0 PIOc_sync Exit - MemInfo: [malloc] Total space held (mmap + non-mmap):         17574208 Byte
20220313 000913.422 INFO             PET0 PIOc_sync Exit - MemInfo: [malloc] Total space used (mmap + non-mmap):         17484720 Byte
20220313 000913.422 INFO             PET0 PIOc_sync Exit - MemInfo: Wall-clock time since execution start:               0.235698 seconds
20220313 000913.423 INFO             PET0 PIOc_freedecomp Enter - MemInfo: [/proc/meminfo - SSI]	MemTotal:       65855856 kB
20220313 000913.423 INFO             PET0 PIOc_freedecomp Enter - MemInfo: [/proc/meminfo - SSI]	MemFree:        61280416 kB
20220313 000913.423 INFO             PET0 PIOc_freedecomp Enter - MemInfo: [/proc/meminfo - SSI]	MemAvailable:   61044276 kB
20220313 000913.423 INFO             PET0 PIOc_freedecomp Enter - MemInfo: [/proc/meminfo - SSI]	Committed_AS:    2808204 kB
20220313 000913.423 INFO             PET0 PIOc_freedecomp Enter - MemInfo: [/proc/meminfo - SSI]	CommittedPercent: 4.26417 %
20220313 000913.423 INFO             PET0 PIOc_freedecomp Enter - MemInfo: [/proc/self/status]	VmPeak:	   57040 kB
20220313 000913.423 INFO             PET0 PIOc_freedecomp Enter - MemInfo: [/proc/self/status]	VmSize:	   48328 kB
20220313 000913.423 INFO             PET0 PIOc_freedecomp Enter - MemInfo: [/proc/self/status]	VmLck:	       0 kB
20220313 000913.423 INFO             PET0 PIOc_freedecomp Enter - MemInfo: [/proc/self/status]	VmPin:	       0 kB
20220313 000913.423 INFO             PET0 PIOc_freedecomp Enter - MemInfo: [/proc/self/status]	VmHWM:	   20124 kB
20220313 000913.423 INFO             PET0 PIOc_freedecomp Enter - MemInfo: [/proc/self/status]	VmRSS:	   12104 kB
20220313 000913.423 INFO             PET0 PIOc_freedecomp Enter - MemInfo: [/proc/self/status]	VmData:	   12688 kB
20220313 000913.423 INFO             PET0 PIOc_freedecomp Enter - MemInfo: [/proc/self/status]	VmStk:	     164 kB
20220313 000913.423 INFO             PET0 PIOc_freedecomp Enter - MemInfo: [/proc/self/status]	VmExe:	   27324 kB
20220313 000913.423 INFO             PET0 PIOc_freedecomp Enter - MemInfo: [/proc/self/status]	VmLib:	    1952 kB
20220313 000913.423 INFO             PET0 PIOc_freedecomp Enter - MemInfo: [/proc/self/status]	VmPTE:	     108 kB
20220313 000913.423 INFO             PET0 PIOc_freedecomp Enter - MemInfo: [/proc/self/status]	VmPMD:	      12 kB
20220313 000913.423 INFO             PET0 PIOc_freedecomp Enter - MemInfo: [/proc/self/status]	VmSwap:	       0 kB
20220313 000913.423 INFO             PET0 PIOc_freedecomp Enter - MemInfo: [/proc/self/status]	VmRSSPercent: 0.0183795 %
20220313 000913.423 INFO             PET0 PIOc_freedecomp Enter - MemInfo: [malloc] Non-mmapped space allocated:                 1292608 Byte
20220313 000913.423 INFO             PET0 PIOc_freedecomp Enter - MemInfo: [malloc] Space allocated in mmapped regions:          7360512 Byte
20220313 000913.423 INFO             PET0 PIOc_freedecomp Enter - MemInfo: [malloc] Maximum total allocated space:                     0 Byte
20220313 000913.423 INFO             PET0 PIOc_freedecomp Enter - MemInfo: [malloc] Space in freed fastbin blocks:                   160 Byte
20220313 000913.423 INFO             PET0 PIOc_freedecomp Enter - MemInfo: [malloc] Total allocated space:                       1184336 Byte
20220313 000913.423 INFO             PET0 PIOc_freedecomp Enter - MemInfo: [malloc] Total free space:                             108272 Byte
20220313 000913.423 INFO             PET0 PIOc_freedecomp Enter - MemInfo: [malloc] Top-most, releasable space:                    97440 Byte
20220313 000913.423 INFO             PET0 PIOc_freedecomp Enter - MemInfo: [malloc] Total space in use, mmap + non-mmap:         8544848 Byte
20220313 000913.423 INFO             PET0 PIOc_freedecomp Enter - MemInfo: [malloc] Total space held (mmap + non-mmap):          8653120 Byte
20220313 000913.423 INFO             PET0 PIOc_freedecomp Enter - MemInfo: [malloc] Total space used (mmap + non-mmap):          8553504 Byte
20220313 000913.423 INFO             PET0 PIOc_freedecomp Enter - MemInfo: Wall-clock time since execution start:                0.23659 seconds
20220313 000913.424 INFO             PET0 PIOc_freedecomp Exit - MemInfo: [/proc/meminfo - SSI]	MemTotal:       65855856 kB
20220313 000913.424 INFO             PET0 PIOc_freedecomp Exit - MemInfo: [/proc/meminfo - SSI]	MemFree:        61280416 kB
20220313 000913.424 INFO             PET0 PIOc_freedecomp Exit - MemInfo: [/proc/meminfo - SSI]	MemAvailable:   61044276 kB
20220313 000913.424 INFO             PET0 PIOc_freedecomp Exit - MemInfo: [/proc/meminfo - SSI]	Committed_AS:    2808204 kB
20220313 000913.424 INFO             PET0 PIOc_freedecomp Exit - MemInfo: [/proc/meminfo - SSI]	CommittedPercent: 4.26417 %
20220313 000913.424 INFO             PET0 PIOc_freedecomp Exit - MemInfo: [/proc/self/status]	VmPeak:	   57040 kB
20220313 000913.424 INFO             PET0 PIOc_freedecomp Exit - MemInfo: [/proc/self/status]	VmSize:	   48328 kB
20220313 000913.424 INFO             PET0 PIOc_freedecomp Exit - MemInfo: [/proc/self/status]	VmLck:	       0 kB
20220313 000913.424 INFO             PET0 PIOc_freedecomp Exit - MemInfo: [/proc/self/status]	VmPin:	       0 kB
20220313 000913.424 INFO             PET0 PIOc_freedecomp Exit - MemInfo: [/proc/self/status]	VmHWM:	   20124 kB
20220313 000913.424 INFO             PET0 PIOc_freedecomp Exit - MemInfo: [/proc/self/status]	VmRSS:	   12104 kB
20220313 000913.424 INFO             PET0 PIOc_freedecomp Exit - MemInfo: [/proc/self/status]	VmData:	   12688 kB
20220313 000913.424 INFO             PET0 PIOc_freedecomp Exit - MemInfo: [/proc/self/status]	VmStk:	     164 kB
20220313 000913.424 INFO             PET0 PIOc_freedecomp Exit - MemInfo: [/proc/self/status]	VmExe:	   27324 kB
20220313 000913.424 INFO             PET0 PIOc_freedecomp Exit - MemInfo: [/proc/self/status]	VmLib:	    1952 kB
20220313 000913.424 INFO             PET0 PIOc_freedecomp Exit - MemInfo: [/proc/self/status]	VmPTE:	     108 kB
20220313 000913.424 INFO             PET0 PIOc_freedecomp Exit - MemInfo: [/proc/self/status]	VmPMD:	      12 kB
20220313 000913.424 INFO             PET0 PIOc_freedecomp Exit - MemInfo: [/proc/self/status]	VmSwap:	       0 kB
20220313 000913.424 INFO             PET0 PIOc_freedecomp Exit - MemInfo: [/proc/self/status]	VmRSSPercent: 0.0183795 %
20220313 000913.424 INFO             PET0 PIOc_freedecomp Exit - MemInfo: [malloc] Non-mmapped space allocated:                 1292608 Byte
20220313 000913.424 INFO             PET0 PIOc_freedecomp Exit - MemInfo: [malloc] Space allocated in mmapped regions:          7360512 Byte
20220313 000913.424 INFO             PET0 PIOc_freedecomp Exit - MemInfo: [malloc] Maximum total allocated space:                     0 Byte
20220313 000913.424 INFO             PET0 PIOc_freedecomp Exit - MemInfo: [malloc] Space in freed fastbin blocks:                   656 Byte
20220313 000913.424 INFO             PET0 PIOc_freedecomp Exit - MemInfo: [malloc] Total allocated space:                       1182768 Byte
20220313 000913.424 INFO             PET0 PIOc_freedecomp Exit - MemInfo: [malloc] Total free space:                             109840 Byte
20220313 000913.424 INFO             PET0 PIOc_freedecomp Exit - MemInfo: [malloc] Top-most, releasable space:                    97440 Byte
20220313 000913.424 INFO             PET0 PIOc_freedecomp Exit - MemInfo: [malloc] Total space in use, mmap + non-mmap:         8543280 Byte
20220313 000913.424 INFO             PET0 PIOc_freedecomp Exit - MemInfo: [malloc] Total space held (mmap + non-mmap):          8653120 Byte
20220313 000913.424 INFO             PET0 PIOc_freedecomp Exit - MemInfo: [malloc] Total space used (mmap + non-mmap):          8551936 Byte
20220313 000913.424 INFO             PET0 PIOc_freedecomp Exit - MemInfo: Wall-clock time since execution start:               0.237288 seconds
20220313 000913.427 INFO             PET0 PIOc_sync Enter - MemInfo: [/proc/meminfo - SSI]	MemTotal:       65855856 kB
20220313 000913.427 INFO             PET0 PIOc_sync Enter - MemInfo: [/proc/meminfo - SSI]	MemFree:        61277392 kB
20220313 000913.427 INFO             PET0 PIOc_sync Enter - MemInfo: [/proc/meminfo - SSI]	MemAvailable:   61041252 kB
20220313 000913.427 INFO             PET0 PIOc_sync Enter - MemInfo: [/proc/meminfo - SSI]	Committed_AS:    2816428 kB
20220313 000913.427 INFO             PET0 PIOc_sync Enter - MemInfo: [/proc/meminfo - SSI]	CommittedPercent: 4.27666 %
20220313 000913.427 INFO             PET0 PIOc_sync Enter - MemInfo: [/proc/self/status]	VmPeak:	   57068 kB
20220313 000913.427 INFO             PET0 PIOc_sync Enter - MemInfo: [/proc/self/status]	VmSize:	   57068 kB
20220313 000913.427 INFO             PET0 PIOc_sync Enter - MemInfo: [/proc/self/status]	VmLck:	       0 kB
20220313 000913.427 INFO             PET0 PIOc_sync Enter - MemInfo: [/proc/self/status]	VmPin:	       0 kB
20220313 000913.427 INFO             PET0 PIOc_sync Enter - MemInfo: [/proc/self/status]	VmHWM:	   20124 kB
20220313 000913.427 INFO             PET0 PIOc_sync Enter - MemInfo: [/proc/self/status]	VmRSS:	   16060 kB
20220313 000913.427 INFO             PET0 PIOc_sync Enter - MemInfo: [/proc/self/status]	VmData:	   21428 kB
20220313 000913.427 INFO             PET0 PIOc_sync Enter - MemInfo: [/proc/self/status]	VmStk:	     164 kB
20220313 000913.427 INFO             PET0 PIOc_sync Enter - MemInfo: [/proc/self/status]	VmExe:	   27324 kB
20220313 000913.427 INFO             PET0 PIOc_sync Enter - MemInfo: [/proc/self/status]	VmLib:	    1952 kB
20220313 000913.427 INFO             PET0 PIOc_sync Enter - MemInfo: [/proc/self/status]	VmPTE:	     120 kB
20220313 000913.427 INFO             PET0 PIOc_sync Enter - MemInfo: [/proc/self/status]	VmPMD:	      12 kB
20220313 000913.427 INFO             PET0 PIOc_sync Enter - MemInfo: [/proc/self/status]	VmSwap:	       0 kB
20220313 000913.427 INFO             PET0 PIOc_sync Enter - MemInfo: [/proc/self/status]	VmRSSPercent: 0.0243866 %
20220313 000913.427 INFO             PET0 PIOc_sync Enter - MemInfo: [malloc] Non-mmapped space allocated:                10242368 Byte
20220313 000913.427 INFO             PET0 PIOc_sync Enter - MemInfo: [malloc] Space allocated in mmapped regions:          7360512 Byte
20220313 000913.427 INFO             PET0 PIOc_sync Enter - MemInfo: [malloc] Maximum total allocated space:                     0 Byte
20220313 000913.427 INFO             PET0 PIOc_sync Enter - MemInfo: [malloc] Space in freed fastbin blocks:                    64 Byte
20220313 000913.427 INFO             PET0 PIOc_sync Enter - MemInfo: [malloc] Total allocated space:                      10113840 Byte
20220313 000913.427 INFO             PET0 PIOc_sync Enter - MemInfo: [malloc] Total free space:                             128528 Byte
20220313 000913.427 INFO             PET0 PIOc_sync Enter - MemInfo: [malloc] Top-most, releasable space:                   128400 Byte
20220313 000913.427 INFO             PET0 PIOc_sync Enter - MemInfo: [malloc] Total space in use, mmap + non-mmap:        17474352 Byte
20220313 000913.427 INFO             PET0 PIOc_sync Enter - MemInfo: [malloc] Total space held (mmap + non-mmap):         17602880 Byte
20220313 000913.427 INFO             PET0 PIOc_sync Enter - MemInfo: [malloc] Total space used (mmap + non-mmap):         17483008 Byte
20220313 000913.427 INFO             PET0 PIOc_sync Enter - MemInfo: Wall-clock time since execution start:               0.240513 seconds
20220313 000913.427 INFO             PET0 PIOc_sync Exit - MemInfo: [/proc/meminfo - SSI]	MemTotal:       65855856 kB
20220313 000913.427 INFO             PET0 PIOc_sync Exit - MemInfo: [/proc/meminfo - SSI]	MemFree:        61277392 kB
20220313 000913.427 INFO             PET0 PIOc_sync Exit - MemInfo: [/proc/meminfo - SSI]	MemAvailable:   61041252 kB
20220313 000913.427 INFO             PET0 PIOc_sync Exit - MemInfo: [/proc/meminfo - SSI]	Committed_AS:    2816428 kB
20220313 000913.427 INFO             PET0 PIOc_sync Exit - MemInfo: [/proc/meminfo - SSI]	CommittedPercent: 4.27666 %
20220313 000913.428 INFO             PET0 PIOc_sync Exit - MemInfo: [/proc/self/status]	VmPeak:	   57068 kB
20220313 000913.428 INFO             PET0 PIOc_sync Exit - MemInfo: [/proc/self/status]	VmSize:	   57068 kB
20220313 000913.428 INFO             PET0 PIOc_sync Exit - MemInfo: [/proc/self/status]	VmLck:	       0 kB
20220313 000913.428 INFO             PET0 PIOc_sync Exit - MemInfo: [/proc/self/status]	VmPin:	       0 kB
20220313 000913.428 INFO             PET0 PIOc_sync Exit - MemInfo: [/proc/self/status]	VmHWM:	   20124 kB
20220313 000913.428 INFO             PET0 PIOc_sync Exit - MemInfo: [/proc/self/status]	VmRSS:	   16060 kB
20220313 000913.428 INFO             PET0 PIOc_sync Exit - MemInfo: [/proc/self/status]	VmData:	   21428 kB
20220313 000913.428 INFO             PET0 PIOc_sync Exit - MemInfo: [/proc/self/status]	VmStk:	     164 kB
20220313 000913.428 INFO             PET0 PIOc_sync Exit - MemInfo: [/proc/self/status]	VmExe:	   27324 kB
20220313 000913.428 INFO             PET0 PIOc_sync Exit - MemInfo: [/proc/self/status]	VmLib:	    1952 kB
20220313 000913.428 INFO             PET0 PIOc_sync Exit - MemInfo: [/proc/self/status]	VmPTE:	     120 kB
20220313 000913.428 INFO             PET0 PIOc_sync Exit - MemInfo: [/proc/self/status]	VmPMD:	      12 kB
20220313 000913.428 INFO             PET0 PIOc_sync Exit - MemInfo: [/proc/self/status]	VmSwap:	       0 kB
20220313 000913.428 INFO             PET0 PIOc_sync Exit - MemInfo: [/proc/self/status]	VmRSSPercent: 0.0243866 %
20220313 000913.428 INFO             PET0 PIOc_sync Exit - MemInfo: [malloc] Non-mmapped space allocated:                10242368 Byte
20220313 000913.428 INFO             PET0 PIOc_sync Exit - MemInfo: [malloc] Space allocated in mmapped regions:          7360512 Byte
20220313 000913.428 INFO             PET0 PIOc_sync Exit - MemInfo: [malloc] Maximum total allocated space:                     0 Byte
20220313 000913.428 INFO             PET0 PIOc_sync Exit - MemInfo: [malloc] Space in freed fastbin blocks:                     0 Byte
20220313 000913.428 INFO             PET0 PIOc_sync Exit - MemInfo: [malloc] Total allocated space:                      10115104 Byte
20220313 000913.428 INFO             PET0 PIOc_sync Exit - MemInfo: [malloc] Total free space:                             127264 Byte
20220313 000913.428 INFO             PET0 PIOc_sync Exit - MemInfo: [malloc] Top-most, releasable space:                   127136 Byte
20220313 000913.428 INFO             PET0 PIOc_sync Exit - MemInfo: [malloc] Total space in use, mmap + non-mmap:        17475616 Byte
20220313 000913.428 INFO             PET0 PIOc_sync Exit - MemInfo: [malloc] Total space held (mmap + non-mmap):         17602880 Byte
20220313 000913.428 INFO             PET0 PIOc_sync Exit - MemInfo: [malloc] Total space used (mmap + non-mmap):         17483936 Byte
20220313 000913.428 INFO             PET0 PIOc_sync Exit - MemInfo: Wall-clock time since execution start:               0.241021 seconds
20220313 000913.428 INFO             PET0 PIOc_freedecomp Enter - MemInfo: [/proc/meminfo - SSI]	MemTotal:       65855856 kB
20220313 000913.428 INFO             PET0 PIOc_freedecomp Enter - MemInfo: [/proc/meminfo - SSI]	MemFree:        61277392 kB
20220313 000913.428 INFO             PET0 PIOc_freedecomp Enter - MemInfo: [/proc/meminfo - SSI]	MemAvailable:   61041252 kB
20220313 000913.428 INFO             PET0 PIOc_freedecomp Enter - MemInfo: [/proc/meminfo - SSI]	Committed_AS:    2816428 kB
20220313 000913.428 INFO             PET0 PIOc_freedecomp Enter - MemInfo: [/proc/meminfo - SSI]	CommittedPercent: 4.27666 %
20220313 000913.428 INFO             PET0 PIOc_freedecomp Enter - MemInfo: [/proc/self/status]	VmPeak:	   57068 kB
20220313 000913.428 INFO             PET0 PIOc_freedecomp Enter - MemInfo: [/proc/self/status]	VmSize:	   57068 kB
20220313 000913.428 INFO             PET0 PIOc_freedecomp Enter - MemInfo: [/proc/self/status]	VmLck:	       0 kB
20220313 000913.428 INFO             PET0 PIOc_freedecomp Enter - MemInfo: [/proc/self/status]	VmPin:	       0 kB
20220313 000913.428 INFO             PET0 PIOc_freedecomp Enter - MemInfo: [/proc/self/status]	VmHWM:	   20124 kB
20220313 000913.428 INFO             PET0 PIOc_freedecomp Enter - MemInfo: [/proc/self/status]	VmRSS:	   16060 kB
20220313 000913.428 INFO             PET0 PIOc_freedecomp Enter - MemInfo: [/proc/self/status]	VmData:	   21428 kB
20220313 000913.428 INFO             PET0 PIOc_freedecomp Enter - MemInfo: [/proc/self/status]	VmStk:	     164 kB
20220313 000913.428 INFO             PET0 PIOc_freedecomp Enter - MemInfo: [/proc/self/status]	VmExe:	   27324 kB
20220313 000913.428 INFO             PET0 PIOc_freedecomp Enter - MemInfo: [/proc/self/status]	VmLib:	    1952 kB
20220313 000913.428 INFO             PET0 PIOc_freedecomp Enter - MemInfo: [/proc/self/status]	VmPTE:	     120 kB
20220313 000913.428 INFO             PET0 PIOc_freedecomp Enter - MemInfo: [/proc/self/status]	VmPMD:	      12 kB
20220313 000913.428 INFO             PET0 PIOc_freedecomp Enter - MemInfo: [/proc/self/status]	VmSwap:	       0 kB
20220313 000913.428 INFO             PET0 PIOc_freedecomp Enter - MemInfo: [/proc/self/status]	VmRSSPercent: 0.0243866 %
20220313 000913.428 INFO             PET0 PIOc_freedecomp Enter - MemInfo: [malloc] Non-mmapped space allocated:                10242368 Byte
20220313 000913.428 INFO             PET0 PIOc_freedecomp Enter - MemInfo: [malloc] Space allocated in mmapped regions:          7360512 Byte
20220313 000913.428 INFO             PET0 PIOc_freedecomp Enter - MemInfo: [malloc] Maximum total allocated space:                     0 Byte
20220313 000913.428 INFO             PET0 PIOc_freedecomp Enter - MemInfo: [malloc] Space in freed fastbin blocks:                   192 Byte
20220313 000913.428 INFO             PET0 PIOc_freedecomp Enter - MemInfo: [malloc] Total allocated space:                       1190592 Byte
20220313 000913.428 INFO             PET0 PIOc_freedecomp Enter - MemInfo: [malloc] Total free space:                            9051776 Byte
20220313 000913.428 INFO             PET0 PIOc_freedecomp Enter - MemInfo: [malloc] Top-most, releasable space:                   126800 Byte
20220313 000913.428 INFO             PET0 PIOc_freedecomp Enter - MemInfo: [malloc] Total space in use, mmap + non-mmap:         8551104 Byte
20220313 000913.428 INFO             PET0 PIOc_freedecomp Enter - MemInfo: [malloc] Total space held (mmap + non-mmap):         17602880 Byte
20220313 000913.428 INFO             PET0 PIOc_freedecomp Enter - MemInfo: [malloc] Total space used (mmap + non-mmap):          8559312 Byte
20220313 000913.428 INFO             PET0 PIOc_freedecomp Enter - MemInfo: Wall-clock time since execution start:                0.24164 seconds
20220313 000913.428 INFO             PET0 PIOc_freedecomp Exit - MemInfo: [/proc/meminfo - SSI]	MemTotal:       65855856 kB
20220313 000913.428 INFO             PET0 PIOc_freedecomp Exit - MemInfo: [/proc/meminfo - SSI]	MemFree:        61277392 kB
20220313 000913.428 INFO             PET0 PIOc_freedecomp Exit - MemInfo: [/proc/meminfo - SSI]	MemAvailable:   61041252 kB
20220313 000913.429 INFO             PET0 PIOc_freedecomp Exit - MemInfo: [/proc/meminfo - SSI]	Committed_AS:    2816428 kB
20220313 000913.429 INFO             PET0 PIOc_freedecomp Exit - MemInfo: [/proc/meminfo - SSI]	CommittedPercent: 4.27666 %
20220313 000913.429 INFO             PET0 PIOc_freedecomp Exit - MemInfo: [/proc/self/status]	VmPeak:	   57068 kB
20220313 000913.429 INFO             PET0 PIOc_freedecomp Exit - MemInfo: [/proc/self/status]	VmSize:	   57068 kB
20220313 000913.429 INFO             PET0 PIOc_freedecomp Exit - MemInfo: [/proc/self/status]	VmLck:	       0 kB
20220313 000913.429 INFO             PET0 PIOc_freedecomp Exit - MemInfo: [/proc/self/status]	VmPin:	       0 kB
20220313 000913.429 INFO             PET0 PIOc_freedecomp Exit - MemInfo: [/proc/self/status]	VmHWM:	   20124 kB
20220313 000913.429 INFO             PET0 PIOc_freedecomp Exit - MemInfo: [/proc/self/status]	VmRSS:	   16060 kB
20220313 000913.429 INFO             PET0 PIOc_freedecomp Exit - MemInfo: [/proc/self/status]	VmData:	   21428 kB
20220313 000913.429 INFO             PET0 PIOc_freedecomp Exit - MemInfo: [/proc/self/status]	VmStk:	     164 kB
20220313 000913.429 INFO             PET0 PIOc_freedecomp Exit - MemInfo: [/proc/self/status]	VmExe:	   27324 kB
20220313 000913.429 INFO             PET0 PIOc_freedecomp Exit - MemInfo: [/proc/self/status]	VmLib:	    1952 kB
20220313 000913.429 INFO             PET0 PIOc_freedecomp Exit - MemInfo: [/proc/self/status]	VmPTE:	     120 kB
20220313 000913.429 INFO             PET0 PIOc_freedecomp Exit - MemInfo: [/proc/self/status]	VmPMD:	      12 kB
20220313 000913.429 INFO             PET0 PIOc_freedecomp Exit - MemInfo: [/proc/self/status]	VmSwap:	       0 kB
20220313 000913.429 INFO             PET0 PIOc_freedecomp Exit - MemInfo: [/proc/self/status]	VmRSSPercent: 0.0243866 %
20220313 000913.429 INFO             PET0 PIOc_freedecomp Exit - MemInfo: [malloc] Non-mmapped space allocated:                10242368 Byte
20220313 000913.429 INFO             PET0 PIOc_freedecomp Exit - MemInfo: [malloc] Space allocated in mmapped regions:          7360512 Byte
20220313 000913.429 INFO             PET0 PIOc_freedecomp Exit - MemInfo: [malloc] Maximum total allocated space:                     0 Byte
20220313 000913.429 INFO             PET0 PIOc_freedecomp Exit - MemInfo: [malloc] Space in freed fastbin blocks:                   800 Byte
20220313 000913.429 INFO             PET0 PIOc_freedecomp Exit - MemInfo: [malloc] Total allocated space:                       1187680 Byte
20220313 000913.429 INFO             PET0 PIOc_freedecomp Exit - MemInfo: [malloc] Total free space:                            9054688 Byte
20220313 000913.429 INFO             PET0 PIOc_freedecomp Exit - MemInfo: [malloc] Top-most, releasable space:                   126800 Byte
20220313 000913.429 INFO             PET0 PIOc_freedecomp Exit - MemInfo: [malloc] Total space in use, mmap + non-mmap:         8548192 Byte
20220313 000913.429 INFO             PET0 PIOc_freedecomp Exit - MemInfo: [malloc] Total space held (mmap + non-mmap):         17602880 Byte
20220313 000913.429 INFO             PET0 PIOc_freedecomp Exit - MemInfo: [malloc] Total space used (mmap + non-mmap):          8556400 Byte
20220313 000913.429 INFO             PET0 PIOc_freedecomp Exit - MemInfo: Wall-clock time since execution start:               0.242101 seconds
20220313 000913.430 INFO             PET0 PIOc_sync Enter - MemInfo: [/proc/meminfo - SSI]	MemTotal:       65855856 kB
20220313 000913.430 INFO             PET0 PIOc_sync Enter - MemInfo: [/proc/meminfo - SSI]	MemFree:        61276320 kB
20220313 000913.430 INFO             PET0 PIOc_sync Enter - MemInfo: [/proc/meminfo - SSI]	MemAvailable:   61040188 kB
20220313 000913.430 INFO             PET0 PIOc_sync Enter - MemInfo: [/proc/meminfo - SSI]	Committed_AS:    2816428 kB
20220313 000913.430 INFO             PET0 PIOc_sync Enter - MemInfo: [/proc/meminfo - SSI]	CommittedPercent: 4.27666 %
20220313 000913.430 INFO             PET0 PIOc_sync Enter - MemInfo: [/proc/self/status]	VmPeak:	   57068 kB
20220313 000913.430 INFO             PET0 PIOc_sync Enter - MemInfo: [/proc/self/status]	VmSize:	   57068 kB
20220313 000913.430 INFO             PET0 PIOc_sync Enter - MemInfo: [/proc/self/status]	VmLck:	       0 kB
20220313 000913.430 INFO             PET0 PIOc_sync Enter - MemInfo: [/proc/self/status]	VmPin:	       0 kB
20220313 000913.430 INFO             PET0 PIOc_sync Enter - MemInfo: [/proc/self/status]	VmHWM:	   20124 kB
20220313 000913.430 INFO             PET0 PIOc_sync Enter - MemInfo: [/proc/self/status]	VmRSS:	   16588 kB
20220313 000913.430 INFO             PET0 PIOc_sync Enter - MemInfo: [/proc/self/status]	VmData:	   21428 kB
20220313 000913.430 INFO             PET0 PIOc_sync Enter - MemInfo: [/proc/self/status]	VmStk:	     164 kB
20220313 000913.430 INFO             PET0 PIOc_sync Enter - MemInfo: [/proc/self/status]	VmExe:	   27324 kB
20220313 000913.430 INFO             PET0 PIOc_sync Enter - MemInfo: [/proc/self/status]	VmLib:	    1952 kB
20220313 000913.430 INFO             PET0 PIOc_sync Enter - MemInfo: [/proc/self/status]	VmPTE:	     120 kB
20220313 000913.430 INFO             PET0 PIOc_sync Enter - MemInfo: [/proc/self/status]	VmPMD:	      12 kB
20220313 000913.430 INFO             PET0 PIOc_sync Enter - MemInfo: [/proc/self/status]	VmSwap:	       0 kB
20220313 000913.430 INFO             PET0 PIOc_sync Enter - MemInfo: [/proc/self/status]	VmRSSPercent: 0.0251883 %
20220313 000913.430 INFO             PET0 PIOc_sync Enter - MemInfo: [malloc] Non-mmapped space allocated:                10242368 Byte
20220313 000913.430 INFO             PET0 PIOc_sync Enter - MemInfo: [malloc] Space allocated in mmapped regions:          7360512 Byte
20220313 000913.430 INFO             PET0 PIOc_sync Enter - MemInfo: [malloc] Maximum total allocated space:                     0 Byte
20220313 000913.430 INFO             PET0 PIOc_sync Enter - MemInfo: [malloc] Space in freed fastbin blocks:                   192 Byte
20220313 000913.431 INFO             PET0 PIOc_sync Enter - MemInfo: [malloc] Total allocated space:                      10117904 Byte
20220313 000913.431 INFO             PET0 PIOc_sync Enter - MemInfo: [malloc] Total free space:                             124464 Byte
20220313 000913.431 INFO             PET0 PIOc_sync Enter - MemInfo: [malloc] Top-most, releasable space:                   121552 Byte
20220313 000913.431 INFO             PET0 PIOc_sync Enter - MemInfo: [malloc] Total space in use, mmap + non-mmap:        17478416 Byte
20220313 000913.431 INFO             PET0 PIOc_sync Enter - MemInfo: [malloc] Total space held (mmap + non-mmap):         17602880 Byte
20220313 000913.431 INFO             PET0 PIOc_sync Enter - MemInfo: [malloc] Total space used (mmap + non-mmap):         17486848 Byte
20220313 000913.431 INFO             PET0 PIOc_sync Enter - MemInfo: Wall-clock time since execution start:               0.243783 seconds
20220313 000913.431 INFO             PET0 PIOc_sync Exit - MemInfo: [/proc/meminfo - SSI]	MemTotal:       65855856 kB
20220313 000913.431 INFO             PET0 PIOc_sync Exit - MemInfo: [/proc/meminfo - SSI]	MemFree:        61276320 kB
20220313 000913.431 INFO             PET0 PIOc_sync Exit - MemInfo: [/proc/meminfo - SSI]	MemAvailable:   61040188 kB
20220313 000913.431 INFO             PET0 PIOc_sync Exit - MemInfo: [/proc/meminfo - SSI]	Committed_AS:    2816428 kB
20220313 000913.431 INFO             PET0 PIOc_sync Exit - MemInfo: [/proc/meminfo - SSI]	CommittedPercent: 4.27666 %
20220313 000913.431 INFO             PET0 PIOc_sync Exit - MemInfo: [/proc/self/status]	VmPeak:	   57068 kB
20220313 000913.431 INFO             PET0 PIOc_sync Exit - MemInfo: [/proc/self/status]	VmSize:	   57068 kB
20220313 000913.431 INFO             PET0 PIOc_sync Exit - MemInfo: [/proc/self/status]	VmLck:	       0 kB
20220313 000913.431 INFO             PET0 PIOc_sync Exit - MemInfo: [/proc/self/status]	VmPin:	       0 kB
20220313 000913.431 INFO             PET0 PIOc_sync Exit - MemInfo: [/proc/self/status]	VmHWM:	   20124 kB
20220313 000913.431 INFO             PET0 PIOc_sync Exit - MemInfo: [/proc/self/status]	VmRSS:	   16588 kB
20220313 000913.431 INFO             PET0 PIOc_sync Exit - MemInfo: [/proc/self/status]	VmData:	   21428 kB
20220313 000913.431 INFO             PET0 PIOc_sync Exit - MemInfo: [/proc/self/status]	VmStk:	     164 kB
20220313 000913.431 INFO             PET0 PIOc_sync Exit - MemInfo: [/proc/self/status]	VmExe:	   27324 kB
20220313 000913.431 INFO             PET0 PIOc_sync Exit - MemInfo: [/proc/self/status]	VmLib:	    1952 kB
20220313 000913.431 INFO             PET0 PIOc_sync Exit - MemInfo: [/proc/self/status]	VmPTE:	     120 kB
20220313 000913.431 INFO             PET0 PIOc_sync Exit - MemInfo: [/proc/self/status]	VmPMD:	      12 kB
20220313 000913.431 INFO             PET0 PIOc_sync Exit - MemInfo: [/proc/self/status]	VmSwap:	       0 kB
20220313 000913.431 INFO             PET0 PIOc_sync Exit - MemInfo: [/proc/self/status]	VmRSSPercent: 0.0251883 %
20220313 000913.431 INFO             PET0 PIOc_sync Exit - MemInfo: [malloc] Non-mmapped space allocated:                10242368 Byte
20220313 000913.431 INFO             PET0 PIOc_sync Exit - MemInfo: [malloc] Space allocated in mmapped regions:          7360512 Byte
20220313 000913.431 INFO             PET0 PIOc_sync Exit - MemInfo: [malloc] Maximum total allocated space:                     0 Byte
20220313 000913.431 INFO             PET0 PIOc_sync Exit - MemInfo: [malloc] Space in freed fastbin blocks:                     0 Byte
20220313 000913.431 INFO             PET0 PIOc_sync Exit - MemInfo: [malloc] Total allocated space:                      10118448 Byte
20220313 000913.431 INFO             PET0 PIOc_sync Exit - MemInfo: [malloc] Total free space:                             123920 Byte
20220313 000913.431 INFO             PET0 PIOc_sync Exit - MemInfo: [malloc] Top-most, releasable space:                   121328 Byte
20220313 000913.431 INFO             PET0 PIOc_sync Exit - MemInfo: [malloc] Total space in use, mmap + non-mmap:        17478960 Byte
20220313 000913.431 INFO             PET0 PIOc_sync Exit - MemInfo: [malloc] Total space held (mmap + non-mmap):         17602880 Byte
20220313 000913.431 INFO             PET0 PIOc_sync Exit - MemInfo: [malloc] Total space used (mmap + non-mmap):         17487280 Byte
20220313 000913.431 INFO             PET0 PIOc_sync Exit - MemInfo: Wall-clock time since execution start:               0.244262 seconds
20220313 000913.431 INFO             PET0 PIOc_freedecomp Enter - MemInfo: [/proc/meminfo - SSI]	MemTotal:       65855856 kB
20220313 000913.431 INFO             PET0 PIOc_freedecomp Enter - MemInfo: [/proc/meminfo - SSI]	MemFree:        61276320 kB
20220313 000913.431 INFO             PET0 PIOc_freedecomp Enter - MemInfo: [/proc/meminfo - SSI]	MemAvailable:   61040188 kB
20220313 000913.431 INFO             PET0 PIOc_freedecomp Enter - MemInfo: [/proc/meminfo - SSI]	Committed_AS:    2816428 kB
20220313 000913.431 INFO             PET0 PIOc_freedecomp Enter - MemInfo: [/proc/meminfo - SSI]	CommittedPercent: 4.27666 %
20220313 000913.431 INFO             PET0 PIOc_freedecomp Enter - MemInfo: [/proc/self/status]	VmPeak:	   57068 kB
20220313 000913.431 INFO             PET0 PIOc_freedecomp Enter - MemInfo: [/proc/self/status]	VmSize:	   57068 kB
20220313 000913.431 INFO             PET0 PIOc_freedecomp Enter - MemInfo: [/proc/self/status]	VmLck:	       0 kB
20220313 000913.431 INFO             PET0 PIOc_freedecomp Enter - MemInfo: [/proc/self/status]	VmPin:	       0 kB
20220313 000913.431 INFO             PET0 PIOc_freedecomp Enter - MemInfo: [/proc/self/status]	VmHWM:	   20124 kB
20220313 000913.431 INFO             PET0 PIOc_freedecomp Enter - MemInfo: [/proc/self/status]	VmRSS:	   16588 kB
20220313 000913.431 INFO             PET0 PIOc_freedecomp Enter - MemInfo: [/proc/self/status]	VmData:	   21428 kB
20220313 000913.431 INFO             PET0 PIOc_freedecomp Enter - MemInfo: [/proc/self/status]	VmStk:	     164 kB
20220313 000913.431 INFO             PET0 PIOc_freedecomp Enter - MemInfo: [/proc/self/status]	VmExe:	   27324 kB
20220313 000913.431 INFO             PET0 PIOc_freedecomp Enter - MemInfo: [/proc/self/status]	VmLib:	    1952 kB
20220313 000913.431 INFO             PET0 PIOc_freedecomp Enter - MemInfo: [/proc/self/status]	VmPTE:	     120 kB
20220313 000913.431 INFO             PET0 PIOc_freedecomp Enter - MemInfo: [/proc/self/status]	VmPMD:	      12 kB
20220313 000913.431 INFO             PET0 PIOc_freedecomp Enter - MemInfo: [/proc/self/status]	VmSwap:	       0 kB
20220313 000913.432 INFO             PET0 PIOc_freedecomp Enter - MemInfo: [/proc/self/status]	VmRSSPercent: 0.0251883 %
20220313 000913.432 INFO             PET0 PIOc_freedecomp Enter - MemInfo: [malloc] Non-mmapped space allocated:                10242368 Byte
20220313 000913.432 INFO             PET0 PIOc_freedecomp Enter - MemInfo: [malloc] Space allocated in mmapped regions:          7360512 Byte
20220313 000913.432 INFO             PET0 PIOc_freedecomp Enter - MemInfo: [malloc] Maximum total allocated space:                     0 Byte
20220313 000913.432 INFO             PET0 PIOc_freedecomp Enter - MemInfo: [malloc] Space in freed fastbin blocks:                   160 Byte
20220313 000913.432 INFO             PET0 PIOc_freedecomp Enter - MemInfo: [malloc] Total allocated space:                       1193296 Byte
20220313 000913.432 INFO             PET0 PIOc_freedecomp Enter - MemInfo: [malloc] Total free space:                            9049072 Byte
20220313 000913.432 INFO             PET0 PIOc_freedecomp Enter - MemInfo: [malloc] Top-most, releasable space:                   121104 Byte
20220313 000913.432 INFO             PET0 PIOc_freedecomp Enter - MemInfo: [malloc] Total space in use, mmap + non-mmap:         8553808 Byte
20220313 000913.432 INFO             PET0 PIOc_freedecomp Enter - MemInfo: [malloc] Total space held (mmap + non-mmap):         17602880 Byte
20220313 000913.432 INFO             PET0 PIOc_freedecomp Enter - MemInfo: [malloc] Total space used (mmap + non-mmap):          8562016 Byte
20220313 000913.432 INFO             PET0 PIOc_freedecomp Enter - MemInfo: Wall-clock time since execution start:               0.244847 seconds
20220313 000913.432 INFO             PET0 PIOc_freedecomp Exit - MemInfo: [/proc/meminfo - SSI]	MemTotal:       65855856 kB
20220313 000913.432 INFO             PET0 PIOc_freedecomp Exit - MemInfo: [/proc/meminfo - SSI]	MemFree:        61276320 kB
20220313 000913.432 INFO             PET0 PIOc_freedecomp Exit - MemInfo: [/proc/meminfo - SSI]	MemAvailable:   61040188 kB
20220313 000913.432 INFO             PET0 PIOc_freedecomp Exit - MemInfo: [/proc/meminfo - SSI]	Committed_AS:    2816428 kB
20220313 000913.432 INFO             PET0 PIOc_freedecomp Exit - MemInfo: [/proc/meminfo - SSI]	CommittedPercent: 4.27666 %
20220313 000913.432 INFO             PET0 PIOc_freedecomp Exit - MemInfo: [/proc/self/status]	VmPeak:	   57068 kB
20220313 000913.432 INFO             PET0 PIOc_freedecomp Exit - MemInfo: [/proc/self/status]	VmSize:	   57068 kB
20220313 000913.432 INFO             PET0 PIOc_freedecomp Exit - MemInfo: [/proc/self/status]	VmLck:	       0 kB
20220313 000913.432 INFO             PET0 PIOc_freedecomp Exit - MemInfo: [/proc/self/status]	VmPin:	       0 kB
20220313 000913.432 INFO             PET0 PIOc_freedecomp Exit - MemInfo: [/proc/self/status]	VmHWM:	   20124 kB
20220313 000913.432 INFO             PET0 PIOc_freedecomp Exit - MemInfo: [/proc/self/status]	VmRSS:	   16588 kB
20220313 000913.432 INFO             PET0 PIOc_freedecomp Exit - MemInfo: [/proc/self/status]	VmData:	   21428 kB
20220313 000913.432 INFO             PET0 PIOc_freedecomp Exit - MemInfo: [/proc/self/status]	VmStk:	     164 kB
20220313 000913.432 INFO             PET0 PIOc_freedecomp Exit - MemInfo: [/proc/self/status]	VmExe:	   27324 kB
20220313 000913.432 INFO             PET0 PIOc_freedecomp Exit - MemInfo: [/proc/self/status]	VmLib:	    1952 kB
20220313 000913.432 INFO             PET0 PIOc_freedecomp Exit - MemInfo: [/proc/self/status]	VmPTE:	     120 kB
20220313 000913.432 INFO             PET0 PIOc_freedecomp Exit - MemInfo: [/proc/self/status]	VmPMD:	      12 kB
20220313 000913.432 INFO             PET0 PIOc_freedecomp Exit - MemInfo: [/proc/self/status]	VmSwap:	       0 kB
20220313 000913.432 INFO             PET0 PIOc_freedecomp Exit - MemInfo: [/proc/self/status]	VmRSSPercent: 0.0251883 %
20220313 000913.432 INFO             PET0 PIOc_freedecomp Exit - MemInfo: [malloc] Non-mmapped space allocated:                10242368 Byte
20220313 000913.432 INFO             PET0 PIOc_freedecomp Exit - MemInfo: [malloc] Space allocated in mmapped regions:          7360512 Byte
20220313 000913.432 INFO             PET0 PIOc_freedecomp Exit - MemInfo: [malloc] Maximum total allocated space:                     0 Byte
20220313 000913.432 INFO             PET0 PIOc_freedecomp Exit - MemInfo: [malloc] Space in freed fastbin blocks:                   800 Byte
20220313 000913.432 INFO             PET0 PIOc_freedecomp Exit - MemInfo: [malloc] Total allocated space:                       1190384 Byte
20220313 000913.432 INFO             PET0 PIOc_freedecomp Exit - MemInfo: [malloc] Total free space:                            9051984 Byte
20220313 000913.432 INFO             PET0 PIOc_freedecomp Exit - MemInfo: [malloc] Top-most, releasable space:                   126800 Byte
20220313 000913.432 INFO             PET0 PIOc_freedecomp Exit - MemInfo: [malloc] Total space in use, mmap + non-mmap:         8550896 Byte
20220313 000913.432 INFO             PET0 PIOc_freedecomp Exit - MemInfo: [malloc] Total space held (mmap + non-mmap):         17602880 Byte
20220313 000913.432 INFO             PET0 PIOc_freedecomp Exit - MemInfo: [malloc] Total space used (mmap + non-mmap):          8559104 Byte
20220313 000913.432 INFO             PET0 PIOc_freedecomp Exit - MemInfo: Wall-clock time since execution start:               0.245293 seconds
20220313 000913.432 INFO             PET0 PASS Create an ESMC_RouteHandle via ESMC_FieldRegridStore(), ESMC_FieldRegridUTest.C, line 367
20220313 000913.433 INFO             PET0 PASS Execute ESMC_FieldRegrid(), ESMC_FieldRegridUTest.C, line 375
20220313 000913.452 INFO             PET0 PIOc_sync Enter - MemInfo: [/proc/meminfo - SSI]	MemTotal:       65855856 kB
20220313 000913.452 INFO             PET0 PIOc_sync Enter - MemInfo: [/proc/meminfo - SSI]	MemFree:        61267752 kB
20220313 000913.452 INFO             PET0 PIOc_sync Enter - MemInfo: [/proc/meminfo - SSI]	MemAvailable:   61031620 kB
20220313 000913.452 INFO             PET0 PIOc_sync Enter - MemInfo: [/proc/meminfo - SSI]	Committed_AS:    2824628 kB
20220313 000913.452 INFO             PET0 PIOc_sync Enter - MemInfo: [/proc/meminfo - SSI]	CommittedPercent: 4.28911 %
20220313 000913.452 INFO             PET0 PIOc_sync Enter - MemInfo: [/proc/self/status]	VmPeak:	   65268 kB
20220313 000913.452 INFO             PET0 PIOc_sync Enter - MemInfo: [/proc/self/status]	VmSize:	   65268 kB
20220313 000913.452 INFO             PET0 PIOc_sync Enter - MemInfo: [/proc/self/status]	VmLck:	       0 kB
20220313 000913.452 INFO             PET0 PIOc_sync Enter - MemInfo: [/proc/self/status]	VmPin:	       0 kB
20220313 000913.452 INFO             PET0 PIOc_sync Enter - MemInfo: [/proc/self/status]	VmHWM:	   24772 kB
20220313 000913.452 INFO             PET0 PIOc_sync Enter - MemInfo: [/proc/self/status]	VmRSS:	   24772 kB
20220313 000913.452 INFO             PET0 PIOc_sync Enter - MemInfo: [/proc/self/status]	VmData:	   29628 kB
20220313 000913.452 INFO             PET0 PIOc_sync Enter - MemInfo: [/proc/self/status]	VmStk:	     164 kB
20220313 000913.452 INFO             PET0 PIOc_sync Enter - MemInfo: [/proc/self/status]	VmExe:	   27324 kB
20220313 000913.452 INFO             PET0 PIOc_sync Enter - MemInfo: [/proc/self/status]	VmLib:	    1952 kB
20220313 000913.452 INFO             PET0 PIOc_sync Enter - MemInfo: [/proc/self/status]	VmPTE:	     136 kB
20220313 000913.452 INFO             PET0 PIOc_sync Enter - MemInfo: [/proc/self/status]	VmPMD:	      12 kB
20220313 000913.452 INFO             PET0 PIOc_sync Enter - MemInfo: [/proc/self/status]	VmSwap:	       0 kB
20220313 000913.452 INFO             PET0 PIOc_sync Enter - MemInfo: [/proc/self/status]	VmRSSPercent: 0.0376155 %
20220313 000913.452 INFO             PET0 PIOc_sync Enter - MemInfo: [malloc] Non-mmapped space allocated:                18639168 Byte
20220313 000913.452 INFO             PET0 PIOc_sync Enter - MemInfo: [malloc] Space allocated in mmapped regions:          7360512 Byte
20220313 000913.452 INFO             PET0 PIOc_sync Enter - MemInfo: [malloc] Maximum total allocated space:                     0 Byte
20220313 000913.452 INFO             PET0 PIOc_sync Enter - MemInfo: [malloc] Space in freed fastbin blocks:                     0 Byte
20220313 000913.452 INFO             PET0 PIOc_sync Enter - MemInfo: [malloc] Total allocated space:                      10126144 Byte
20220313 000913.452 INFO             PET0 PIOc_sync Enter - MemInfo: [malloc] Total free space:                            8513024 Byte
20220313 000913.452 INFO             PET0 PIOc_sync Enter - MemInfo: [malloc] Top-most, releasable space:                   134976 Byte
20220313 000913.452 INFO             PET0 PIOc_sync Enter - MemInfo: [malloc] Total space in use, mmap + non-mmap:        17486656 Byte
20220313 000913.453 INFO             PET0 PIOc_sync Enter - MemInfo: [malloc] Total space held (mmap + non-mmap):         25999680 Byte
20220313 000913.453 INFO             PET0 PIOc_sync Enter - MemInfo: [malloc] Total space used (mmap + non-mmap):         17495088 Byte
20220313 000913.453 INFO             PET0 PIOc_sync Enter - MemInfo: Wall-clock time since execution start:               0.265758 seconds
20220313 000913.453 INFO             PET0 PIOc_sync Exit - MemInfo: [/proc/meminfo - SSI]	MemTotal:       65855856 kB
20220313 000913.453 INFO             PET0 PIOc_sync Exit - MemInfo: [/proc/meminfo - SSI]	MemFree:        61267752 kB
20220313 000913.453 INFO             PET0 PIOc_sync Exit - MemInfo: [/proc/meminfo - SSI]	MemAvailable:   61031620 kB
20220313 000913.453 INFO             PET0 PIOc_sync Exit - MemInfo: [/proc/meminfo - SSI]	Committed_AS:    2824628 kB
20220313 000913.453 INFO             PET0 PIOc_sync Exit - MemInfo: [/proc/meminfo - SSI]	CommittedPercent: 4.28911 %
20220313 000913.453 INFO             PET0 PIOc_sync Exit - MemInfo: [/proc/self/status]	VmPeak:	   65268 kB
20220313 000913.453 INFO             PET0 PIOc_sync Exit - MemInfo: [/proc/self/status]	VmSize:	   65268 kB
20220313 000913.453 INFO             PET0 PIOc_sync Exit - MemInfo: [/proc/self/status]	VmLck:	       0 kB
20220313 000913.453 INFO             PET0 PIOc_sync Exit - MemInfo: [/proc/self/status]	VmPin:	       0 kB
20220313 000913.453 INFO             PET0 PIOc_sync Exit - MemInfo: [/proc/self/status]	VmHWM:	   24772 kB
20220313 000913.453 INFO             PET0 PIOc_sync Exit - MemInfo: [/proc/self/status]	VmRSS:	   24772 kB
20220313 000913.453 INFO             PET0 PIOc_sync Exit - MemInfo: [/proc/self/status]	VmData:	   29628 kB
20220313 000913.453 INFO             PET0 PIOc_sync Exit - MemInfo: [/proc/self/status]	VmStk:	     164 kB
20220313 000913.453 INFO             PET0 PIOc_sync Exit - MemInfo: [/proc/self/status]	VmExe:	   27324 kB
20220313 000913.453 INFO             PET0 PIOc_sync Exit - MemInfo: [/proc/self/status]	VmLib:	    1952 kB
20220313 000913.453 INFO             PET0 PIOc_sync Exit - MemInfo: [/proc/self/status]	VmPTE:	     136 kB
20220313 000913.453 INFO             PET0 PIOc_sync Exit - MemInfo: [/proc/self/status]	VmPMD:	      12 kB
20220313 000913.453 INFO             PET0 PIOc_sync Exit - MemInfo: [/proc/self/status]	VmSwap:	       0 kB
20220313 000913.453 INFO             PET0 PIOc_sync Exit - MemInfo: [/proc/self/status]	VmRSSPercent: 0.0376155 %
20220313 000913.453 INFO             PET0 PIOc_sync Exit - MemInfo: [malloc] Non-mmapped space allocated:                18639168 Byte
20220313 000913.453 INFO             PET0 PIOc_sync Exit - MemInfo: [malloc] Space allocated in mmapped regions:          7360512 Byte
20220313 000913.453 INFO             PET0 PIOc_sync Exit - MemInfo: [malloc] Maximum total allocated space:                     0 Byte
20220313 000913.453 INFO             PET0 PIOc_sync Exit - MemInfo: [malloc] Space in freed fastbin blocks:                     0 Byte
20220313 000913.453 INFO             PET0 PIOc_sync Exit - MemInfo: [malloc] Total allocated space:                      10126320 Byte
20220313 000913.453 INFO             PET0 PIOc_sync Exit - MemInfo: [malloc] Total free space:                            8512848 Byte
20220313 000913.453 INFO             PET0 PIOc_sync Exit - MemInfo: [malloc] Top-most, releasable space:                   134976 Byte
20220313 000913.453 INFO             PET0 PIOc_sync Exit - MemInfo: [malloc] Total space in use, mmap + non-mmap:        17486832 Byte
20220313 000913.453 INFO             PET0 PIOc_sync Exit - MemInfo: [malloc] Total space held (mmap + non-mmap):         25999680 Byte
20220313 000913.453 INFO             PET0 PIOc_sync Exit - MemInfo: [malloc] Total space used (mmap + non-mmap):         17495152 Byte
20220313 000913.453 INFO             PET0 PIOc_sync Exit - MemInfo: Wall-clock time since execution start:                0.26627 seconds
20220313 000913.453 INFO             PET0 PIOc_freedecomp Enter - MemInfo: [/proc/meminfo - SSI]	MemTotal:       65855856 kB
20220313 000913.453 INFO             PET0 PIOc_freedecomp Enter - MemInfo: [/proc/meminfo - SSI]	MemFree:        61267752 kB
20220313 000913.453 INFO             PET0 PIOc_freedecomp Enter - MemInfo: [/proc/meminfo - SSI]	MemAvailable:   61031620 kB
20220313 000913.453 INFO             PET0 PIOc_freedecomp Enter - MemInfo: [/proc/meminfo - SSI]	Committed_AS:    2824628 kB
20220313 000913.453 INFO             PET0 PIOc_freedecomp Enter - MemInfo: [/proc/meminfo - SSI]	CommittedPercent: 4.28911 %
20220313 000913.453 INFO             PET0 PIOc_freedecomp Enter - MemInfo: [/proc/self/status]	VmPeak:	   65268 kB
20220313 000913.453 INFO             PET0 PIOc_freedecomp Enter - MemInfo: [/proc/self/status]	VmSize:	   65268 kB
20220313 000913.453 INFO             PET0 PIOc_freedecomp Enter - MemInfo: [/proc/self/status]	VmLck:	       0 kB
20220313 000913.453 INFO             PET0 PIOc_freedecomp Enter - MemInfo: [/proc/self/status]	VmPin:	       0 kB
20220313 000913.453 INFO             PET0 PIOc_freedecomp Enter - MemInfo: [/proc/self/status]	VmHWM:	   24772 kB
20220313 000913.453 INFO             PET0 PIOc_freedecomp Enter - MemInfo: [/proc/self/status]	VmRSS:	   24772 kB
20220313 000913.453 INFO             PET0 PIOc_freedecomp Enter - MemInfo: [/proc/self/status]	VmData:	   29628 kB
20220313 000913.453 INFO             PET0 PIOc_freedecomp Enter - MemInfo: [/proc/self/status]	VmStk:	     164 kB
20220313 000913.453 INFO             PET0 PIOc_freedecomp Enter - MemInfo: [/proc/self/status]	VmExe:	   27324 kB
20220313 000913.453 INFO             PET0 PIOc_freedecomp Enter - MemInfo: [/proc/self/status]	VmLib:	    1952 kB
20220313 000913.453 INFO             PET0 PIOc_freedecomp Enter - MemInfo: [/proc/self/status]	VmPTE:	     136 kB
20220313 000913.453 INFO             PET0 PIOc_freedecomp Enter - MemInfo: [/proc/self/status]	VmPMD:	      12 kB
20220313 000913.453 INFO             PET0 PIOc_freedecomp Enter - MemInfo: [/proc/self/status]	VmSwap:	       0 kB
20220313 000913.454 INFO             PET0 PIOc_freedecomp Enter - MemInfo: [/proc/self/status]	VmRSSPercent: 0.0376155 %
20220313 000913.454 INFO             PET0 PIOc_freedecomp Enter - MemInfo: [malloc] Non-mmapped space allocated:                18639168 Byte
20220313 000913.454 INFO             PET0 PIOc_freedecomp Enter - MemInfo: [malloc] Space allocated in mmapped regions:          7360512 Byte
20220313 000913.454 INFO             PET0 PIOc_freedecomp Enter - MemInfo: [malloc] Maximum total allocated space:                     0 Byte
20220313 000913.454 INFO             PET0 PIOc_freedecomp Enter - MemInfo: [malloc] Space in freed fastbin blocks:                   192 Byte
20220313 000913.454 INFO             PET0 PIOc_freedecomp Enter - MemInfo: [malloc] Total allocated space:                       1200992 Byte
20220313 000913.454 INFO             PET0 PIOc_freedecomp Enter - MemInfo: [malloc] Total free space:                           17438176 Byte
20220313 000913.454 INFO             PET0 PIOc_freedecomp Enter - MemInfo: [malloc] Top-most, releasable space:                  8523600 Byte
20220313 000913.454 INFO             PET0 PIOc_freedecomp Enter - MemInfo: [malloc] Total space in use, mmap + non-mmap:         8561504 Byte
20220313 000913.454 INFO             PET0 PIOc_freedecomp Enter - MemInfo: [malloc] Total space held (mmap + non-mmap):         25999680 Byte
20220313 000913.454 INFO             PET0 PIOc_freedecomp Enter - MemInfo: [malloc] Total space used (mmap + non-mmap):          8569712 Byte
20220313 000913.454 INFO             PET0 PIOc_freedecomp Enter - MemInfo: Wall-clock time since execution start:               0.266872 seconds
20220313 000913.454 INFO             PET0 PIOc_freedecomp Exit - MemInfo: [/proc/meminfo - SSI]	MemTotal:       65855856 kB
20220313 000913.454 INFO             PET0 PIOc_freedecomp Exit - MemInfo: [/proc/meminfo - SSI]	MemFree:        61267752 kB
20220313 000913.454 INFO             PET0 PIOc_freedecomp Exit - MemInfo: [/proc/meminfo - SSI]	MemAvailable:   61031620 kB
20220313 000913.454 INFO             PET0 PIOc_freedecomp Exit - MemInfo: [/proc/meminfo - SSI]	Committed_AS:    2824628 kB
20220313 000913.454 INFO             PET0 PIOc_freedecomp Exit - MemInfo: [/proc/meminfo - SSI]	CommittedPercent: 4.28911 %
20220313 000913.454 INFO             PET0 PIOc_freedecomp Exit - MemInfo: [/proc/self/status]	VmPeak:	   65268 kB
20220313 000913.454 INFO             PET0 PIOc_freedecomp Exit - MemInfo: [/proc/self/status]	VmSize:	   65268 kB
20220313 000913.454 INFO             PET0 PIOc_freedecomp Exit - MemInfo: [/proc/self/status]	VmLck:	       0 kB
20220313 000913.454 INFO             PET0 PIOc_freedecomp Exit - MemInfo: [/proc/self/status]	VmPin:	       0 kB
20220313 000913.454 INFO             PET0 PIOc_freedecomp Exit - MemInfo: [/proc/self/status]	VmHWM:	   24772 kB
20220313 000913.454 INFO             PET0 PIOc_freedecomp Exit - MemInfo: [/proc/self/status]	VmRSS:	   24772 kB
20220313 000913.454 INFO             PET0 PIOc_freedecomp Exit - MemInfo: [/proc/self/status]	VmData:	   29628 kB
20220313 000913.454 INFO             PET0 PIOc_freedecomp Exit - MemInfo: [/proc/self/status]	VmStk:	     164 kB
20220313 000913.454 INFO             PET0 PIOc_freedecomp Exit - MemInfo: [/proc/self/status]	VmExe:	   27324 kB
20220313 000913.454 INFO             PET0 PIOc_freedecomp Exit - MemInfo: [/proc/self/status]	VmLib:	    1952 kB
20220313 000913.454 INFO             PET0 PIOc_freedecomp Exit - MemInfo: [/proc/self/status]	VmPTE:	     136 kB
20220313 000913.454 INFO             PET0 PIOc_freedecomp Exit - MemInfo: [/proc/self/status]	VmPMD:	      12 kB
20220313 000913.454 INFO             PET0 PIOc_freedecomp Exit - MemInfo: [/proc/self/status]	VmSwap:	       0 kB
20220313 000913.454 INFO             PET0 PIOc_freedecomp Exit - MemInfo: [/proc/self/status]	VmRSSPercent: 0.0376155 %
20220313 000913.454 INFO             PET0 PIOc_freedecomp Exit - MemInfo: [malloc] Non-mmapped space allocated:                18639168 Byte
20220313 000913.454 INFO             PET0 PIOc_freedecomp Exit - MemInfo: [malloc] Space allocated in mmapped regions:          7360512 Byte
20220313 000913.454 INFO             PET0 PIOc_freedecomp Exit - MemInfo: [malloc] Maximum total allocated space:                     0 Byte
20220313 000913.454 INFO             PET0 PIOc_freedecomp Exit - MemInfo: [malloc] Space in freed fastbin blocks:                   912 Byte
20220313 000913.454 INFO             PET0 PIOc_freedecomp Exit - MemInfo: [malloc] Total allocated space:                       1199552 Byte
20220313 000913.454 INFO             PET0 PIOc_freedecomp Exit - MemInfo: [malloc] Total free space:                           17439616 Byte
20220313 000913.454 INFO             PET0 PIOc_freedecomp Exit - MemInfo: [malloc] Top-most, releasable space:                  8523600 Byte
20220313 000913.454 INFO             PET0 PIOc_freedecomp Exit - MemInfo: [malloc] Total space in use, mmap + non-mmap:         8560064 Byte
20220313 000913.454 INFO             PET0 PIOc_freedecomp Exit - MemInfo: [malloc] Total space held (mmap + non-mmap):         25999680 Byte
20220313 000913.454 INFO             PET0 PIOc_freedecomp Exit - MemInfo: [malloc] Total space used (mmap + non-mmap):          8568272 Byte
20220313 000913.454 INFO             PET0 PIOc_freedecomp Exit - MemInfo: Wall-clock time since execution start:               0.267292 seconds
20220313 000913.455 INFO             PET0 PIOc_sync Enter - MemInfo: [/proc/meminfo - SSI]	MemTotal:       65855856 kB
20220313 000913.455 INFO             PET0 PIOc_sync Enter - MemInfo: [/proc/meminfo - SSI]	MemFree:        61267752 kB
20220313 000913.455 INFO             PET0 PIOc_sync Enter - MemInfo: [/proc/meminfo - SSI]	MemAvailable:   61031620 kB
20220313 000913.455 INFO             PET0 PIOc_sync Enter - MemInfo: [/proc/meminfo - SSI]	Committed_AS:    2824628 kB
20220313 000913.455 INFO             PET0 PIOc_sync Enter - MemInfo: [/proc/meminfo - SSI]	CommittedPercent: 4.28911 %
20220313 000913.455 INFO             PET0 PIOc_sync Enter - MemInfo: [/proc/self/status]	VmPeak:	   65268 kB
20220313 000913.455 INFO             PET0 PIOc_sync Enter - MemInfo: [/proc/self/status]	VmSize:	   65268 kB
20220313 000913.455 INFO             PET0 PIOc_sync Enter - MemInfo: [/proc/self/status]	VmLck:	       0 kB
20220313 000913.455 INFO             PET0 PIOc_sync Enter - MemInfo: [/proc/self/status]	VmPin:	       0 kB
20220313 000913.455 INFO             PET0 PIOc_sync Enter - MemInfo: [/proc/self/status]	VmHWM:	   24772 kB
20220313 000913.455 INFO             PET0 PIOc_sync Enter - MemInfo: [/proc/self/status]	VmRSS:	   24772 kB
20220313 000913.455 INFO             PET0 PIOc_sync Enter - MemInfo: [/proc/self/status]	VmData:	   29628 kB
20220313 000913.455 INFO             PET0 PIOc_sync Enter - MemInfo: [/proc/self/status]	VmStk:	     164 kB
20220313 000913.455 INFO             PET0 PIOc_sync Enter - MemInfo: [/proc/self/status]	VmExe:	   27324 kB
20220313 000913.455 INFO             PET0 PIOc_sync Enter - MemInfo: [/proc/self/status]	VmLib:	    1952 kB
20220313 000913.455 INFO             PET0 PIOc_sync Enter - MemInfo: [/proc/self/status]	VmPTE:	     136 kB
20220313 000913.455 INFO             PET0 PIOc_sync Enter - MemInfo: [/proc/self/status]	VmPMD:	      12 kB
20220313 000913.455 INFO             PET0 PIOc_sync Enter - MemInfo: [/proc/self/status]	VmSwap:	       0 kB
20220313 000913.455 INFO             PET0 PIOc_sync Enter - MemInfo: [/proc/self/status]	VmRSSPercent: 0.0376155 %
20220313 000913.455 INFO             PET0 PIOc_sync Enter - MemInfo: [malloc] Non-mmapped space allocated:                18639168 Byte
20220313 000913.455 INFO             PET0 PIOc_sync Enter - MemInfo: [malloc] Space allocated in mmapped regions:          7360512 Byte
20220313 000913.455 INFO             PET0 PIOc_sync Enter - MemInfo: [malloc] Maximum total allocated space:                     0 Byte
20220313 000913.455 INFO             PET0 PIOc_sync Enter - MemInfo: [malloc] Space in freed fastbin blocks:                   656 Byte
20220313 000913.455 INFO             PET0 PIOc_sync Enter - MemInfo: [malloc] Total allocated space:                      10128240 Byte
20220313 000913.455 INFO             PET0 PIOc_sync Enter - MemInfo: [malloc] Total free space:                            8510928 Byte
20220313 000913.456 INFO             PET0 PIOc_sync Enter - MemInfo: [malloc] Top-most, releasable space:                   134976 Byte
20220313 000913.456 INFO             PET0 PIOc_sync Enter - MemInfo: [malloc] Total space in use, mmap + non-mmap:        17488752 Byte
20220313 000913.456 INFO             PET0 PIOc_sync Enter - MemInfo: [malloc] Total space held (mmap + non-mmap):         25999680 Byte
20220313 000913.456 INFO             PET0 PIOc_sync Enter - MemInfo: [malloc] Total space used (mmap + non-mmap):         17497184 Byte
20220313 000913.456 INFO             PET0 PIOc_sync Enter - MemInfo: Wall-clock time since execution start:               0.268776 seconds
20220313 000913.456 INFO             PET0 PIOc_sync Exit - MemInfo: [/proc/meminfo - SSI]	MemTotal:       65855856 kB
20220313 000913.456 INFO             PET0 PIOc_sync Exit - MemInfo: [/proc/meminfo - SSI]	MemFree:        61267752 kB
20220313 000913.456 INFO             PET0 PIOc_sync Exit - MemInfo: [/proc/meminfo - SSI]	MemAvailable:   61031620 kB
20220313 000913.456 INFO             PET0 PIOc_sync Exit - MemInfo: [/proc/meminfo - SSI]	Committed_AS:    2824628 kB
20220313 000913.456 INFO             PET0 PIOc_sync Exit - MemInfo: [/proc/meminfo - SSI]	CommittedPercent: 4.28911 %
20220313 000913.456 INFO             PET0 PIOc_sync Exit - MemInfo: [/proc/self/status]	VmPeak:	   65268 kB
20220313 000913.456 INFO             PET0 PIOc_sync Exit - MemInfo: [/proc/self/status]	VmSize:	   65268 kB
20220313 000913.456 INFO             PET0 PIOc_sync Exit - MemInfo: [/proc/self/status]	VmLck:	       0 kB
20220313 000913.456 INFO             PET0 PIOc_sync Exit - MemInfo: [/proc/self/status]	VmPin:	       0 kB
20220313 000913.456 INFO             PET0 PIOc_sync Exit - MemInfo: [/proc/self/status]	VmHWM:	   24772 kB
20220313 000913.456 INFO             PET0 PIOc_sync Exit - MemInfo: [/proc/self/status]	VmRSS:	   24772 kB
20220313 000913.456 INFO             PET0 PIOc_sync Exit - MemInfo: [/proc/self/status]	VmData:	   29628 kB
20220313 000913.456 INFO             PET0 PIOc_sync Exit - MemInfo: [/proc/self/status]	VmStk:	     164 kB
20220313 000913.456 INFO             PET0 PIOc_sync Exit - MemInfo: [/proc/self/status]	VmExe:	   27324 kB
20220313 000913.456 INFO             PET0 PIOc_sync Exit - MemInfo: [/proc/self/status]	VmLib:	    1952 kB
20220313 000913.456 INFO             PET0 PIOc_sync Exit - MemInfo: [/proc/self/status]	VmPTE:	     136 kB
20220313 000913.456 INFO             PET0 PIOc_sync Exit - MemInfo: [/proc/self/status]	VmPMD:	      12 kB
20220313 000913.456 INFO             PET0 PIOc_sync Exit - MemInfo: [/proc/self/status]	VmSwap:	       0 kB
20220313 000913.456 INFO             PET0 PIOc_sync Exit - MemInfo: [/proc/self/status]	VmRSSPercent: 0.0376155 %
20220313 000913.456 INFO             PET0 PIOc_sync Exit - MemInfo: [malloc] Non-mmapped space allocated:                18639168 Byte
20220313 000913.456 INFO             PET0 PIOc_sync Exit - MemInfo: [malloc] Space allocated in mmapped regions:          7360512 Byte
20220313 000913.456 INFO             PET0 PIOc_sync Exit - MemInfo: [malloc] Maximum total allocated space:                     0 Byte
20220313 000913.456 INFO             PET0 PIOc_sync Exit - MemInfo: [malloc] Space in freed fastbin blocks:                     0 Byte
20220313 000913.456 INFO             PET0 PIOc_sync Exit - MemInfo: [malloc] Total allocated space:                      10128368 Byte
20220313 000913.456 INFO             PET0 PIOc_sync Exit - MemInfo: [malloc] Total free space:                            8510800 Byte
20220313 000913.456 INFO             PET0 PIOc_sync Exit - MemInfo: [malloc] Top-most, releasable space:                   134976 Byte
20220313 000913.456 INFO             PET0 PIOc_sync Exit - MemInfo: [malloc] Total space in use, mmap + non-mmap:        17488880 Byte
20220313 000913.456 INFO             PET0 PIOc_sync Exit - MemInfo: [malloc] Total space held (mmap + non-mmap):         25999680 Byte
20220313 000913.456 INFO             PET0 PIOc_sync Exit - MemInfo: [malloc] Total space used (mmap + non-mmap):         17497328 Byte
20220313 000913.456 INFO             PET0 PIOc_sync Exit - MemInfo: Wall-clock time since execution start:               0.269218 seconds
20220313 000913.456 INFO             PET0 PIOc_freedecomp Enter - MemInfo: [/proc/meminfo - SSI]	MemTotal:       65855856 kB
20220313 000913.456 INFO             PET0 PIOc_freedecomp Enter - MemInfo: [/proc/meminfo - SSI]	MemFree:        61267752 kB
20220313 000913.456 INFO             PET0 PIOc_freedecomp Enter - MemInfo: [/proc/meminfo - SSI]	MemAvailable:   61031620 kB
20220313 000913.456 INFO             PET0 PIOc_freedecomp Enter - MemInfo: [/proc/meminfo - SSI]	Committed_AS:    2824628 kB
20220313 000913.456 INFO             PET0 PIOc_freedecomp Enter - MemInfo: [/proc/meminfo - SSI]	CommittedPercent: 4.28911 %
20220313 000913.456 INFO             PET0 PIOc_freedecomp Enter - MemInfo: [/proc/self/status]	VmPeak:	   65268 kB
20220313 000913.456 INFO             PET0 PIOc_freedecomp Enter - MemInfo: [/proc/self/status]	VmSize:	   65268 kB
20220313 000913.456 INFO             PET0 PIOc_freedecomp Enter - MemInfo: [/proc/self/status]	VmLck:	       0 kB
20220313 000913.456 INFO             PET0 PIOc_freedecomp Enter - MemInfo: [/proc/self/status]	VmPin:	       0 kB
20220313 000913.456 INFO             PET0 PIOc_freedecomp Enter - MemInfo: [/proc/self/status]	VmHWM:	   24772 kB
20220313 000913.456 INFO             PET0 PIOc_freedecomp Enter - MemInfo: [/proc/self/status]	VmRSS:	   24772 kB
20220313 000913.456 INFO             PET0 PIOc_freedecomp Enter - MemInfo: [/proc/self/status]	VmData:	   29628 kB
20220313 000913.456 INFO             PET0 PIOc_freedecomp Enter - MemInfo: [/proc/self/status]	VmStk:	     164 kB
20220313 000913.456 INFO             PET0 PIOc_freedecomp Enter - MemInfo: [/proc/self/status]	VmExe:	   27324 kB
20220313 000913.456 INFO             PET0 PIOc_freedecomp Enter - MemInfo: [/proc/self/status]	VmLib:	    1952 kB
20220313 000913.456 INFO             PET0 PIOc_freedecomp Enter - MemInfo: [/proc/self/status]	VmPTE:	     136 kB
20220313 000913.456 INFO             PET0 PIOc_freedecomp Enter - MemInfo: [/proc/self/status]	VmPMD:	      12 kB
20220313 000913.456 INFO             PET0 PIOc_freedecomp Enter - MemInfo: [/proc/self/status]	VmSwap:	       0 kB
20220313 000913.456 INFO             PET0 PIOc_freedecomp Enter - MemInfo: [/proc/self/status]	VmRSSPercent: 0.0376155 %
20220313 000913.456 INFO             PET0 PIOc_freedecomp Enter - MemInfo: [malloc] Non-mmapped space allocated:                18639168 Byte
20220313 000913.456 INFO             PET0 PIOc_freedecomp Enter - MemInfo: [malloc] Space allocated in mmapped regions:          7360512 Byte
20220313 000913.456 INFO             PET0 PIOc_freedecomp Enter - MemInfo: [malloc] Maximum total allocated space:                     0 Byte
20220313 000913.457 INFO             PET0 PIOc_freedecomp Enter - MemInfo: [malloc] Space in freed fastbin blocks:                   272 Byte
20220313 000913.457 INFO             PET0 PIOc_freedecomp Enter - MemInfo: [malloc] Total allocated space:                       1202480 Byte
20220313 000913.457 INFO             PET0 PIOc_freedecomp Enter - MemInfo: [malloc] Total free space:                           17436688 Byte
20220313 000913.457 INFO             PET0 PIOc_freedecomp Enter - MemInfo: [malloc] Top-most, releasable space:                  8523600 Byte
20220313 000913.457 INFO             PET0 PIOc_freedecomp Enter - MemInfo: [malloc] Total space in use, mmap + non-mmap:         8562992 Byte
20220313 000913.457 INFO             PET0 PIOc_freedecomp Enter - MemInfo: [malloc] Total space held (mmap + non-mmap):         25999680 Byte
20220313 000913.457 INFO             PET0 PIOc_freedecomp Enter - MemInfo: [malloc] Total space used (mmap + non-mmap):          8571200 Byte
20220313 000913.457 INFO             PET0 PIOc_freedecomp Enter - MemInfo: Wall-clock time since execution start:               0.269784 seconds
20220313 000913.457 INFO             PET0 PIOc_freedecomp Exit - MemInfo: [/proc/meminfo - SSI]	MemTotal:       65855856 kB
20220313 000913.457 INFO             PET0 PIOc_freedecomp Exit - MemInfo: [/proc/meminfo - SSI]	MemFree:        61267752 kB
20220313 000913.457 INFO             PET0 PIOc_freedecomp Exit - MemInfo: [/proc/meminfo - SSI]	MemAvailable:   61031620 kB
20220313 000913.457 INFO             PET0 PIOc_freedecomp Exit - MemInfo: [/proc/meminfo - SSI]	Committed_AS:    2824628 kB
20220313 000913.457 INFO             PET0 PIOc_freedecomp Exit - MemInfo: [/proc/meminfo - SSI]	CommittedPercent: 4.28911 %
20220313 000913.457 INFO             PET0 PIOc_freedecomp Exit - MemInfo: [/proc/self/status]	VmPeak:	   65268 kB
20220313 000913.457 INFO             PET0 PIOc_freedecomp Exit - MemInfo: [/proc/self/status]	VmSize:	   65268 kB
20220313 000913.457 INFO             PET0 PIOc_freedecomp Exit - MemInfo: [/proc/self/status]	VmLck:	       0 kB
20220313 000913.457 INFO             PET0 PIOc_freedecomp Exit - MemInfo: [/proc/self/status]	VmPin:	       0 kB
20220313 000913.457 INFO             PET0 PIOc_freedecomp Exit - MemInfo: [/proc/self/status]	VmHWM:	   24772 kB
20220313 000913.457 INFO             PET0 PIOc_freedecomp Exit - MemInfo: [/proc/self/status]	VmRSS:	   24772 kB
20220313 000913.457 INFO             PET0 PIOc_freedecomp Exit - MemInfo: [/proc/self/status]	VmData:	   29628 kB
20220313 000913.457 INFO             PET0 PIOc_freedecomp Exit - MemInfo: [/proc/self/status]	VmStk:	     164 kB
20220313 000913.457 INFO             PET0 PIOc_freedecomp Exit - MemInfo: [/proc/self/status]	VmExe:	   27324 kB
20220313 000913.457 INFO             PET0 PIOc_freedecomp Exit - MemInfo: [/proc/self/status]	VmLib:	    1952 kB
20220313 000913.457 INFO             PET0 PIOc_freedecomp Exit - MemInfo: [/proc/self/status]	VmPTE:	     136 kB
20220313 000913.457 INFO             PET0 PIOc_freedecomp Exit - MemInfo: [/proc/self/status]	VmPMD:	      12 kB
20220313 000913.457 INFO             PET0 PIOc_freedecomp Exit - MemInfo: [/proc/self/status]	VmSwap:	       0 kB
20220313 000913.457 INFO             PET0 PIOc_freedecomp Exit - MemInfo: [/proc/self/status]	VmRSSPercent: 0.0376155 %
20220313 000913.457 INFO             PET0 PIOc_freedecomp Exit - MemInfo: [malloc] Non-mmapped space allocated:                18639168 Byte
20220313 000913.457 INFO             PET0 PIOc_freedecomp Exit - MemInfo: [malloc] Space allocated in mmapped regions:          7360512 Byte
20220313 000913.457 INFO             PET0 PIOc_freedecomp Exit - MemInfo: [malloc] Maximum total allocated space:                     0 Byte
20220313 000913.457 INFO             PET0 PIOc_freedecomp Exit - MemInfo: [malloc] Space in freed fastbin blocks:                   928 Byte
20220313 000913.457 INFO             PET0 PIOc_freedecomp Exit - MemInfo: [malloc] Total allocated space:                       1201024 Byte
20220313 000913.457 INFO             PET0 PIOc_freedecomp Exit - MemInfo: [malloc] Total free space:                           17438144 Byte
20220313 000913.457 INFO             PET0 PIOc_freedecomp Exit - MemInfo: [malloc] Top-most, releasable space:                  8523600 Byte
20220313 000913.457 INFO             PET0 PIOc_freedecomp Exit - MemInfo: [malloc] Total space in use, mmap + non-mmap:         8561536 Byte
20220313 000913.457 INFO             PET0 PIOc_freedecomp Exit - MemInfo: [malloc] Total space held (mmap + non-mmap):         25999680 Byte
20220313 000913.457 INFO             PET0 PIOc_freedecomp Exit - MemInfo: [malloc] Total space used (mmap + non-mmap):          8569744 Byte
20220313 000913.457 INFO             PET0 PIOc_freedecomp Exit - MemInfo: Wall-clock time since execution start:               0.270222 seconds
20220313 000913.458 INFO             PET0 PIOc_sync Enter - MemInfo: [/proc/meminfo - SSI]	MemTotal:       65855856 kB
20220313 000913.458 INFO             PET0 PIOc_sync Enter - MemInfo: [/proc/meminfo - SSI]	MemFree:        61267752 kB
20220313 000913.458 INFO             PET0 PIOc_sync Enter - MemInfo: [/proc/meminfo - SSI]	MemAvailable:   61031620 kB
20220313 000913.458 INFO             PET0 PIOc_sync Enter - MemInfo: [/proc/meminfo - SSI]	Committed_AS:    2824628 kB
20220313 000913.458 INFO             PET0 PIOc_sync Enter - MemInfo: [/proc/meminfo - SSI]	CommittedPercent: 4.28911 %
20220313 000913.458 INFO             PET0 PIOc_sync Enter - MemInfo: [/proc/self/status]	VmPeak:	   65268 kB
20220313 000913.458 INFO             PET0 PIOc_sync Enter - MemInfo: [/proc/self/status]	VmSize:	   65268 kB
20220313 000913.458 INFO             PET0 PIOc_sync Enter - MemInfo: [/proc/self/status]	VmLck:	       0 kB
20220313 000913.458 INFO             PET0 PIOc_sync Enter - MemInfo: [/proc/self/status]	VmPin:	       0 kB
20220313 000913.458 INFO             PET0 PIOc_sync Enter - MemInfo: [/proc/self/status]	VmHWM:	   24772 kB
20220313 000913.458 INFO             PET0 PIOc_sync Enter - MemInfo: [/proc/self/status]	VmRSS:	   24772 kB
20220313 000913.458 INFO             PET0 PIOc_sync Enter - MemInfo: [/proc/self/status]	VmData:	   29628 kB
20220313 000913.458 INFO             PET0 PIOc_sync Enter - MemInfo: [/proc/self/status]	VmStk:	     164 kB
20220313 000913.458 INFO             PET0 PIOc_sync Enter - MemInfo: [/proc/self/status]	VmExe:	   27324 kB
20220313 000913.458 INFO             PET0 PIOc_sync Enter - MemInfo: [/proc/self/status]	VmLib:	    1952 kB
20220313 000913.458 INFO             PET0 PIOc_sync Enter - MemInfo: [/proc/self/status]	VmPTE:	     136 kB
20220313 000913.458 INFO             PET0 PIOc_sync Enter - MemInfo: [/proc/self/status]	VmPMD:	      12 kB
20220313 000913.458 INFO             PET0 PIOc_sync Enter - MemInfo: [/proc/self/status]	VmSwap:	       0 kB
20220313 000913.458 INFO             PET0 PIOc_sync Enter - MemInfo: [/proc/self/status]	VmRSSPercent: 0.0376155 %
20220313 000913.458 INFO             PET0 PIOc_sync Enter - MemInfo: [malloc] Non-mmapped space allocated:                18639168 Byte
20220313 000913.458 INFO             PET0 PIOc_sync Enter - MemInfo: [malloc] Space allocated in mmapped regions:          7360512 Byte
20220313 000913.458 INFO             PET0 PIOc_sync Enter - MemInfo: [malloc] Maximum total allocated space:                     0 Byte
20220313 000913.458 INFO             PET0 PIOc_sync Enter - MemInfo: [malloc] Space in freed fastbin blocks:                   976 Byte
20220313 000913.458 INFO             PET0 PIOc_sync Enter - MemInfo: [malloc] Total allocated space:                      10130096 Byte
20220313 000913.458 INFO             PET0 PIOc_sync Enter - MemInfo: [malloc] Total free space:                            8509072 Byte
20220313 000913.459 INFO             PET0 PIOc_sync Enter - MemInfo: [malloc] Top-most, releasable space:                   134976 Byte
20220313 000913.459 INFO             PET0 PIOc_sync Enter - MemInfo: [malloc] Total space in use, mmap + non-mmap:        17490608 Byte
20220313 000913.459 INFO             PET0 PIOc_sync Enter - MemInfo: [malloc] Total space held (mmap + non-mmap):         25999680 Byte
20220313 000913.459 INFO             PET0 PIOc_sync Enter - MemInfo: [malloc] Total space used (mmap + non-mmap):         17499040 Byte
20220313 000913.459 INFO             PET0 PIOc_sync Enter - MemInfo: Wall-clock time since execution start:               0.271765 seconds
20220313 000913.459 INFO             PET0 PIOc_sync Exit - MemInfo: [/proc/meminfo - SSI]	MemTotal:       65855856 kB
20220313 000913.459 INFO             PET0 PIOc_sync Exit - MemInfo: [/proc/meminfo - SSI]	MemFree:        61267248 kB
20220313 000913.459 INFO             PET0 PIOc_sync Exit - MemInfo: [/proc/meminfo - SSI]	MemAvailable:   61031116 kB
20220313 000913.459 INFO             PET0 PIOc_sync Exit - MemInfo: [/proc/meminfo - SSI]	Committed_AS:    2824628 kB
20220313 000913.459 INFO             PET0 PIOc_sync Exit - MemInfo: [/proc/meminfo - SSI]	CommittedPercent: 4.28911 %
20220313 000913.459 INFO             PET0 PIOc_sync Exit - MemInfo: [/proc/self/status]	VmPeak:	   65268 kB
20220313 000913.459 INFO             PET0 PIOc_sync Exit - MemInfo: [/proc/self/status]	VmSize:	   65268 kB
20220313 000913.459 INFO             PET0 PIOc_sync Exit - MemInfo: [/proc/self/status]	VmLck:	       0 kB
20220313 000913.459 INFO             PET0 PIOc_sync Exit - MemInfo: [/proc/self/status]	VmPin:	       0 kB
20220313 000913.459 INFO             PET0 PIOc_sync Exit - MemInfo: [/proc/self/status]	VmHWM:	   24772 kB
20220313 000913.459 INFO             PET0 PIOc_sync Exit - MemInfo: [/proc/self/status]	VmRSS:	   24772 kB
20220313 000913.459 INFO             PET0 PIOc_sync Exit - MemInfo: [/proc/self/status]	VmData:	   29628 kB
20220313 000913.459 INFO             PET0 PIOc_sync Exit - MemInfo: [/proc/self/status]	VmStk:	     164 kB
20220313 000913.459 INFO             PET0 PIOc_sync Exit - MemInfo: [/proc/self/status]	VmExe:	   27324 kB
20220313 000913.459 INFO             PET0 PIOc_sync Exit - MemInfo: [/proc/self/status]	VmLib:	    1952 kB
20220313 000913.459 INFO             PET0 PIOc_sync Exit - MemInfo: [/proc/self/status]	VmPTE:	     136 kB
20220313 000913.459 INFO             PET0 PIOc_sync Exit - MemInfo: [/proc/self/status]	VmPMD:	      12 kB
20220313 000913.459 INFO             PET0 PIOc_sync Exit - MemInfo: [/proc/self/status]	VmSwap:	       0 kB
20220313 000913.459 INFO             PET0 PIOc_sync Exit - MemInfo: [/proc/self/status]	VmRSSPercent: 0.0376155 %
20220313 000913.459 INFO             PET0 PIOc_sync Exit - MemInfo: [malloc] Non-mmapped space allocated:                18639168 Byte
20220313 000913.459 INFO             PET0 PIOc_sync Exit - MemInfo: [malloc] Space allocated in mmapped regions:          7360512 Byte
20220313 000913.459 INFO             PET0 PIOc_sync Exit - MemInfo: [malloc] Maximum total allocated space:                     0 Byte
20220313 000913.459 INFO             PET0 PIOc_sync Exit - MemInfo: [malloc] Space in freed fastbin blocks:                     0 Byte
20220313 000913.459 INFO             PET0 PIOc_sync Exit - MemInfo: [malloc] Total allocated space:                      10130080 Byte
20220313 000913.459 INFO             PET0 PIOc_sync Exit - MemInfo: [malloc] Total free space:                            8509088 Byte
20220313 000913.459 INFO             PET0 PIOc_sync Exit - MemInfo: [malloc] Top-most, releasable space:                   134976 Byte
20220313 000913.459 INFO             PET0 PIOc_sync Exit - MemInfo: [malloc] Total space in use, mmap + non-mmap:        17490592 Byte
20220313 000913.459 INFO             PET0 PIOc_sync Exit - MemInfo: [malloc] Total space held (mmap + non-mmap):         25999680 Byte
20220313 000913.459 INFO             PET0 PIOc_sync Exit - MemInfo: [malloc] Total space used (mmap + non-mmap):         17499040 Byte
20220313 000913.459 INFO             PET0 PIOc_sync Exit - MemInfo: Wall-clock time since execution start:               0.272209 seconds
20220313 000913.459 INFO             PET0 PIOc_freedecomp Enter - MemInfo: [/proc/meminfo - SSI]	MemTotal:       65855856 kB
20220313 000913.459 INFO             PET0 PIOc_freedecomp Enter - MemInfo: [/proc/meminfo - SSI]	MemFree:        61267248 kB
20220313 000913.459 INFO             PET0 PIOc_freedecomp Enter - MemInfo: [/proc/meminfo - SSI]	MemAvailable:   61031116 kB
20220313 000913.459 INFO             PET0 PIOc_freedecomp Enter - MemInfo: [/proc/meminfo - SSI]	Committed_AS:    2824628 kB
20220313 000913.459 INFO             PET0 PIOc_freedecomp Enter - MemInfo: [/proc/meminfo - SSI]	CommittedPercent: 4.28911 %
20220313 000913.459 INFO             PET0 PIOc_freedecomp Enter - MemInfo: [/proc/self/status]	VmPeak:	   65268 kB
20220313 000913.459 INFO             PET0 PIOc_freedecomp Enter - MemInfo: [/proc/self/status]	VmSize:	   65268 kB
20220313 000913.459 INFO             PET0 PIOc_freedecomp Enter - MemInfo: [/proc/self/status]	VmLck:	       0 kB
20220313 000913.459 INFO             PET0 PIOc_freedecomp Enter - MemInfo: [/proc/self/status]	VmPin:	       0 kB
20220313 000913.459 INFO             PET0 PIOc_freedecomp Enter - MemInfo: [/proc/self/status]	VmHWM:	   24772 kB
20220313 000913.459 INFO             PET0 PIOc_freedecomp Enter - MemInfo: [/proc/self/status]	VmRSS:	   24772 kB
20220313 000913.459 INFO             PET0 PIOc_freedecomp Enter - MemInfo: [/proc/self/status]	VmData:	   29628 kB
20220313 000913.459 INFO             PET0 PIOc_freedecomp Enter - MemInfo: [/proc/self/status]	VmStk:	     164 kB
20220313 000913.459 INFO             PET0 PIOc_freedecomp Enter - MemInfo: [/proc/self/status]	VmExe:	   27324 kB
20220313 000913.459 INFO             PET0 PIOc_freedecomp Enter - MemInfo: [/proc/self/status]	VmLib:	    1952 kB
20220313 000913.459 INFO             PET0 PIOc_freedecomp Enter - MemInfo: [/proc/self/status]	VmPTE:	     136 kB
20220313 000913.459 INFO             PET0 PIOc_freedecomp Enter - MemInfo: [/proc/self/status]	VmPMD:	      12 kB
20220313 000913.459 INFO             PET0 PIOc_freedecomp Enter - MemInfo: [/proc/self/status]	VmSwap:	       0 kB
20220313 000913.459 INFO             PET0 PIOc_freedecomp Enter - MemInfo: [/proc/self/status]	VmRSSPercent: 0.0376155 %
20220313 000913.459 INFO             PET0 PIOc_freedecomp Enter - MemInfo: [malloc] Non-mmapped space allocated:                18639168 Byte
20220313 000913.459 INFO             PET0 PIOc_freedecomp Enter - MemInfo: [malloc] Space allocated in mmapped regions:          7360512 Byte
20220313 000913.459 INFO             PET0 PIOc_freedecomp Enter - MemInfo: [malloc] Maximum total allocated space:                     0 Byte
20220313 000913.459 INFO             PET0 PIOc_freedecomp Enter - MemInfo: [malloc] Space in freed fastbin blocks:                   272 Byte
20220313 000913.459 INFO             PET0 PIOc_freedecomp Enter - MemInfo: [malloc] Total allocated space:                       1203248 Byte
20220313 000913.459 INFO             PET0 PIOc_freedecomp Enter - MemInfo: [malloc] Total free space:                           17435920 Byte
20220313 000913.460 INFO             PET0 PIOc_freedecomp Enter - MemInfo: [malloc] Top-most, releasable space:                  8523600 Byte
20220313 000913.460 INFO             PET0 PIOc_freedecomp Enter - MemInfo: [malloc] Total space in use, mmap + non-mmap:         8563760 Byte
20220313 000913.460 INFO             PET0 PIOc_freedecomp Enter - MemInfo: [malloc] Total space held (mmap + non-mmap):         25999680 Byte
20220313 000913.460 INFO             PET0 PIOc_freedecomp Enter - MemInfo: [malloc] Total space used (mmap + non-mmap):          8571968 Byte
20220313 000913.460 INFO             PET0 PIOc_freedecomp Enter - MemInfo: Wall-clock time since execution start:               0.272763 seconds
20220313 000913.460 INFO             PET0 PIOc_freedecomp Exit - MemInfo: [/proc/meminfo - SSI]	MemTotal:       65855856 kB
20220313 000913.460 INFO             PET0 PIOc_freedecomp Exit - MemInfo: [/proc/meminfo - SSI]	MemFree:        61267248 kB
20220313 000913.460 INFO             PET0 PIOc_freedecomp Exit - MemInfo: [/proc/meminfo - SSI]	MemAvailable:   61031116 kB
20220313 000913.460 INFO             PET0 PIOc_freedecomp Exit - MemInfo: [/proc/meminfo - SSI]	Committed_AS:    2824628 kB
20220313 000913.460 INFO             PET0 PIOc_freedecomp Exit - MemInfo: [/proc/meminfo - SSI]	CommittedPercent: 4.28911 %
20220313 000913.460 INFO             PET0 PIOc_freedecomp Exit - MemInfo: [/proc/self/status]	VmPeak:	   65268 kB
20220313 000913.460 INFO             PET0 PIOc_freedecomp Exit - MemInfo: [/proc/self/status]	VmSize:	   65268 kB
20220313 000913.460 INFO             PET0 PIOc_freedecomp Exit - MemInfo: [/proc/self/status]	VmLck:	       0 kB
20220313 000913.460 INFO             PET0 PIOc_freedecomp Exit - MemInfo: [/proc/self/status]	VmPin:	       0 kB
20220313 000913.460 INFO             PET0 PIOc_freedecomp Exit - MemInfo: [/proc/self/status]	VmHWM:	   24772 kB
20220313 000913.460 INFO             PET0 PIOc_freedecomp Exit - MemInfo: [/proc/self/status]	VmRSS:	   24772 kB
20220313 000913.460 INFO             PET0 PIOc_freedecomp Exit - MemInfo: [/proc/self/status]	VmData:	   29628 kB
20220313 000913.460 INFO             PET0 PIOc_freedecomp Exit - MemInfo: [/proc/self/status]	VmStk:	     164 kB
20220313 000913.460 INFO             PET0 PIOc_freedecomp Exit - MemInfo: [/proc/self/status]	VmExe:	   27324 kB
20220313 000913.460 INFO             PET0 PIOc_freedecomp Exit - MemInfo: [/proc/self/status]	VmLib:	    1952 kB
20220313 000913.460 INFO             PET0 PIOc_freedecomp Exit - MemInfo: [/proc/self/status]	VmPTE:	     136 kB
20220313 000913.460 INFO             PET0 PIOc_freedecomp Exit - MemInfo: [/proc/self/status]	VmPMD:	      12 kB
20220313 000913.460 INFO             PET0 PIOc_freedecomp Exit - MemInfo: [/proc/self/status]	VmSwap:	       0 kB
20220313 000913.460 INFO             PET0 PIOc_freedecomp Exit - MemInfo: [/proc/self/status]	VmRSSPercent: 0.0376155 %
20220313 000913.460 INFO             PET0 PIOc_freedecomp Exit - MemInfo: [malloc] Non-mmapped space allocated:                18639168 Byte
20220313 000913.460 INFO             PET0 PIOc_freedecomp Exit - MemInfo: [malloc] Space allocated in mmapped regions:          7360512 Byte
20220313 000913.460 INFO             PET0 PIOc_freedecomp Exit - MemInfo: [malloc] Maximum total allocated space:                     0 Byte
20220313 000913.460 INFO             PET0 PIOc_freedecomp Exit - MemInfo: [malloc] Space in freed fastbin blocks:                   912 Byte
20220313 000913.460 INFO             PET0 PIOc_freedecomp Exit - MemInfo: [malloc] Total allocated space:                       1201808 Byte
20220313 000913.460 INFO             PET0 PIOc_freedecomp Exit - MemInfo: [malloc] Total free space:                           17437360 Byte
20220313 000913.460 INFO             PET0 PIOc_freedecomp Exit - MemInfo: [malloc] Top-most, releasable space:                  8523600 Byte
20220313 000913.460 INFO             PET0 PIOc_freedecomp Exit - MemInfo: [malloc] Total space in use, mmap + non-mmap:         8562320 Byte
20220313 000913.460 INFO             PET0 PIOc_freedecomp Exit - MemInfo: [malloc] Total space held (mmap + non-mmap):         25999680 Byte
20220313 000913.460 INFO             PET0 PIOc_freedecomp Exit - MemInfo: [malloc] Total space used (mmap + non-mmap):          8570528 Byte
20220313 000913.460 INFO             PET0 PIOc_freedecomp Exit - MemInfo: Wall-clock time since execution start:               0.273181 seconds
20220313 000913.461 INFO             PET0 PIOc_sync Enter - MemInfo: [/proc/meminfo - SSI]	MemTotal:       65855856 kB
20220313 000913.461 INFO             PET0 PIOc_sync Enter - MemInfo: [/proc/meminfo - SSI]	MemFree:        61266704 kB
20220313 000913.461 INFO             PET0 PIOc_sync Enter - MemInfo: [/proc/meminfo - SSI]	MemAvailable:   61030840 kB
20220313 000913.461 INFO             PET0 PIOc_sync Enter - MemInfo: [/proc/meminfo - SSI]	Committed_AS:    2824628 kB
20220313 000913.461 INFO             PET0 PIOc_sync Enter - MemInfo: [/proc/meminfo - SSI]	CommittedPercent: 4.28911 %
20220313 000913.461 INFO             PET0 PIOc_sync Enter - MemInfo: [/proc/self/status]	VmPeak:	   65268 kB
20220313 000913.461 INFO             PET0 PIOc_sync Enter - MemInfo: [/proc/self/status]	VmSize:	   65268 kB
20220313 000913.461 INFO             PET0 PIOc_sync Enter - MemInfo: [/proc/self/status]	VmLck:	       0 kB
20220313 000913.461 INFO             PET0 PIOc_sync Enter - MemInfo: [/proc/self/status]	VmPin:	       0 kB
20220313 000913.461 INFO             PET0 PIOc_sync Enter - MemInfo: [/proc/self/status]	VmHWM:	   24772 kB
20220313 000913.461 INFO             PET0 PIOc_sync Enter - MemInfo: [/proc/self/status]	VmRSS:	   24772 kB
20220313 000913.461 INFO             PET0 PIOc_sync Enter - MemInfo: [/proc/self/status]	VmData:	   29628 kB
20220313 000913.461 INFO             PET0 PIOc_sync Enter - MemInfo: [/proc/self/status]	VmStk:	     164 kB
20220313 000913.461 INFO             PET0 PIOc_sync Enter - MemInfo: [/proc/self/status]	VmExe:	   27324 kB
20220313 000913.461 INFO             PET0 PIOc_sync Enter - MemInfo: [/proc/self/status]	VmLib:	    1952 kB
20220313 000913.461 INFO             PET0 PIOc_sync Enter - MemInfo: [/proc/self/status]	VmPTE:	     136 kB
20220313 000913.461 INFO             PET0 PIOc_sync Enter - MemInfo: [/proc/self/status]	VmPMD:	      12 kB
20220313 000913.461 INFO             PET0 PIOc_sync Enter - MemInfo: [/proc/self/status]	VmSwap:	       0 kB
20220313 000913.461 INFO             PET0 PIOc_sync Enter - MemInfo: [/proc/self/status]	VmRSSPercent: 0.0376155 %
20220313 000913.461 INFO             PET0 PIOc_sync Enter - MemInfo: [malloc] Non-mmapped space allocated:                18639168 Byte
20220313 000913.461 INFO             PET0 PIOc_sync Enter - MemInfo: [malloc] Space allocated in mmapped regions:          7360512 Byte
20220313 000913.461 INFO             PET0 PIOc_sync Enter - MemInfo: [malloc] Maximum total allocated space:                     0 Byte
20220313 000913.461 INFO             PET0 PIOc_sync Enter - MemInfo: [malloc] Space in freed fastbin blocks:                  1664 Byte
20220313 000913.461 INFO             PET0 PIOc_sync Enter - MemInfo: [malloc] Total allocated space:                      10131568 Byte
20220313 000913.461 INFO             PET0 PIOc_sync Enter - MemInfo: [malloc] Total free space:                            8507600 Byte
20220313 000913.461 INFO             PET0 PIOc_sync Enter - MemInfo: [malloc] Top-most, releasable space:                   134976 Byte
20220313 000913.461 INFO             PET0 PIOc_sync Enter - MemInfo: [malloc] Total space in use, mmap + non-mmap:        17492080 Byte
20220313 000913.461 INFO             PET0 PIOc_sync Enter - MemInfo: [malloc] Total space held (mmap + non-mmap):         25999680 Byte
20220313 000913.461 INFO             PET0 PIOc_sync Enter - MemInfo: [malloc] Total space used (mmap + non-mmap):         17500512 Byte
20220313 000913.461 INFO             PET0 PIOc_sync Enter - MemInfo: Wall-clock time since execution start:               0.274669 seconds
20220313 000913.462 INFO             PET0 PIOc_sync Exit - MemInfo: [/proc/meminfo - SSI]	MemTotal:       65855856 kB
20220313 000913.462 INFO             PET0 PIOc_sync Exit - MemInfo: [/proc/meminfo - SSI]	MemFree:        61266704 kB
20220313 000913.462 INFO             PET0 PIOc_sync Exit - MemInfo: [/proc/meminfo - SSI]	MemAvailable:   61030840 kB
20220313 000913.462 INFO             PET0 PIOc_sync Exit - MemInfo: [/proc/meminfo - SSI]	Committed_AS:    2824628 kB
20220313 000913.462 INFO             PET0 PIOc_sync Exit - MemInfo: [/proc/meminfo - SSI]	CommittedPercent: 4.28911 %
20220313 000913.462 INFO             PET0 PIOc_sync Exit - MemInfo: [/proc/self/status]	VmPeak:	   65268 kB
20220313 000913.462 INFO             PET0 PIOc_sync Exit - MemInfo: [/proc/self/status]	VmSize:	   65268 kB
20220313 000913.462 INFO             PET0 PIOc_sync Exit - MemInfo: [/proc/self/status]	VmLck:	       0 kB
20220313 000913.462 INFO             PET0 PIOc_sync Exit - MemInfo: [/proc/self/status]	VmPin:	       0 kB
20220313 000913.462 INFO             PET0 PIOc_sync Exit - MemInfo: [/proc/self/status]	VmHWM:	   24772 kB
20220313 000913.462 INFO             PET0 PIOc_sync Exit - MemInfo: [/proc/self/status]	VmRSS:	   24772 kB
20220313 000913.462 INFO             PET0 PIOc_sync Exit - MemInfo: [/proc/self/status]	VmData:	   29628 kB
20220313 000913.462 INFO             PET0 PIOc_sync Exit - MemInfo: [/proc/self/status]	VmStk:	     164 kB
20220313 000913.462 INFO             PET0 PIOc_sync Exit - MemInfo: [/proc/self/status]	VmExe:	   27324 kB
20220313 000913.462 INFO             PET0 PIOc_sync Exit - MemInfo: [/proc/self/status]	VmLib:	    1952 kB
20220313 000913.462 INFO             PET0 PIOc_sync Exit - MemInfo: [/proc/self/status]	VmPTE:	     136 kB
20220313 000913.462 INFO             PET0 PIOc_sync Exit - MemInfo: [/proc/self/status]	VmPMD:	      12 kB
20220313 000913.462 INFO             PET0 PIOc_sync Exit - MemInfo: [/proc/self/status]	VmSwap:	       0 kB
20220313 000913.462 INFO             PET0 PIOc_sync Exit - MemInfo: [/proc/self/status]	VmRSSPercent: 0.0376155 %
20220313 000913.462 INFO             PET0 PIOc_sync Exit - MemInfo: [malloc] Non-mmapped space allocated:                18639168 Byte
20220313 000913.462 INFO             PET0 PIOc_sync Exit - MemInfo: [malloc] Space allocated in mmapped regions:          7360512 Byte
20220313 000913.462 INFO             PET0 PIOc_sync Exit - MemInfo: [malloc] Maximum total allocated space:                     0 Byte
20220313 000913.462 INFO             PET0 PIOc_sync Exit - MemInfo: [malloc] Space in freed fastbin blocks:                     0 Byte
20220313 000913.462 INFO             PET0 PIOc_sync Exit - MemInfo: [malloc] Total allocated space:                      10131712 Byte
20220313 000913.462 INFO             PET0 PIOc_sync Exit - MemInfo: [malloc] Total free space:                            8507456 Byte
20220313 000913.462 INFO             PET0 PIOc_sync Exit - MemInfo: [malloc] Top-most, releasable space:                   134976 Byte
20220313 000913.462 INFO             PET0 PIOc_sync Exit - MemInfo: [malloc] Total space in use, mmap + non-mmap:        17492224 Byte
20220313 000913.462 INFO             PET0 PIOc_sync Exit - MemInfo: [malloc] Total space held (mmap + non-mmap):         25999680 Byte
20220313 000913.462 INFO             PET0 PIOc_sync Exit - MemInfo: [malloc] Total space used (mmap + non-mmap):         17500544 Byte
20220313 000913.462 INFO             PET0 PIOc_sync Exit - MemInfo: Wall-clock time since execution start:               0.275101 seconds
20220313 000913.462 INFO             PET0 PIOc_freedecomp Enter - MemInfo: [/proc/meminfo - SSI]	MemTotal:       65855856 kB
20220313 000913.462 INFO             PET0 PIOc_freedecomp Enter - MemInfo: [/proc/meminfo - SSI]	MemFree:        61266704 kB
20220313 000913.462 INFO             PET0 PIOc_freedecomp Enter - MemInfo: [/proc/meminfo - SSI]	MemAvailable:   61030840 kB
20220313 000913.462 INFO             PET0 PIOc_freedecomp Enter - MemInfo: [/proc/meminfo - SSI]	Committed_AS:    2824628 kB
