build time -- 2022-03-11 23:27:24
20220312 000738.621 INFO             PET0 !!!!!!!!!!!!!!!!!!!!!!!!!!!!!!!!!!!!!!!!!!!!!!!!!!!!!!
20220312 000738.623 INFO             PET0 !!! THE ESMF_LOG IS SET TO OUTPUT ALL LOG MESSAGES !!!
20220312 000738.623 INFO             PET0 !!!     THIS MAY CAUSE SLOWDOWN IN PERFORMANCE     !!!
20220312 000738.623 INFO             PET0 !!! FOR PRODUCTION RUNS, USE:                      !!!
20220312 000738.623 INFO             PET0 !!!                   ESMF_LOGKIND_Multi_On_Error  !!!
20220312 000738.623 INFO             PET0 !!!!!!!!!!!!!!!!!!!!!!!!!!!!!!!!!!!!!!!!!!!!!!!!!!!!!!
20220312 000738.623 INFO             PET0 Running with ESMF Version   : v8.3.0b09-96-g559b459836
20220312 000738.623 INFO             PET0 ESMF library build date/time: "Mar 11 2022" "23:25:51"
20220312 000738.623 INFO             PET0 ESMF library build location : /lustre/f2/dev/ncep/Mark.Potts/gfortran_8.3.0_mpi_O_jedwards_pio_update2
20220312 000738.623 INFO             PET0 ESMF_COMM                   : mpi
20220312 000738.624 INFO             PET0 ESMF_MOAB                   : enabled
20220312 000738.624 INFO             PET0 ESMF_LAPACK                 : enabled
20220312 000738.624 INFO             PET0 ESMF_NETCDF                 : enabled
20220312 000738.624 INFO             PET0 ESMF_PNETCDF                : disabled
20220312 000738.624 INFO             PET0 ESMF_PIO                    : enabled
20220312 000738.624 INFO             PET0 ESMF_YAMLCPP                : enabled
20220312 000738.627 INFO             PET0 Beginning Test, file ESMC_FieldRegridUTest.C, line 68
20220312 000738.627 INFO             PET0 Beginning Test, file ESMC_FieldRegridUTest.C, line 68NUMBER_OF_PROCESSORS 1
20220312 000738.629 INFO             PET0 PASS MeshCreate, ESMC_FieldRegridUTest.C, line 125
20220312 000738.630 INFO             PET0 PASS MeshAddNodes, ESMC_FieldRegridUTest.C, line 133
20220312 000738.635 INFO             PET0 PASS MeshAddElements, ESMC_FieldRegridUTest.C, line 142
20220312 000738.635 INFO             PET0 PASS MeshGetLocalNodeCount, ESMC_FieldRegridUTest.C, line 152
20220312 000738.635 INFO             PET0 PASS MeshGetLocalElementCount, ESMC_FieldRegridUTest.C, line 163
20220312 000738.635 INFO             PET0 PASS MeshCreate, ESMC_FieldRegridUTest.C, line 231
20220312 000738.635 INFO             PET0 PASS MeshAddNodes, ESMC_FieldRegridUTest.C, line 239
20220312 000738.635 INFO             PET0 PASS MeshAddElements, ESMC_FieldRegridUTest.C, line 248
20220312 000738.635 INFO             PET0 PASS MeshGetLocalNodeCount, ESMC_FieldRegridUTest.C, line 258
20220312 000738.635 INFO             PET0 PASS MeshGetLocalElementCount, ESMC_FieldRegridUTest.C, line 269
20220312 000738.654 INFO             PET0 PASS Create ESMC_Field object, ESMC_FieldRegridUTest.C, line 284
20220312 000738.654 INFO             PET0 PASS Create ESMC_Field object, ESMC_FieldRegridUTest.C, line 293
20220312 000738.654 INFO             PET0 PASS Get a void * C pointer to data from ESMC_Field object, ESMC_FieldRegridUTest.C, line 306
20220312 000738.655 INFO             PET0 PASS Get a void * C pointer to data from ESMC_Field object, ESMC_FieldRegridUTest.C, line 325
20220312 000738.655 INFO             PET0 PASS Create an InterArray for maskValues in ESMC_FieldRegridStore(), ESMC_FieldRegridUTest.C, line 343
20220312 000738.831 INFO             PET0 PIOc_sync Enter - MemInfo: [/proc/meminfo - SSI]	MemTotal:       65855856 kB
20220312 000738.831 INFO             PET0 PIOc_sync Enter - MemInfo: [/proc/meminfo - SSI]	MemFree:        61178424 kB
20220312 000738.831 INFO             PET0 PIOc_sync Enter - MemInfo: [/proc/meminfo - SSI]	MemAvailable:   60942276 kB
20220312 000738.831 INFO             PET0 PIOc_sync Enter - MemInfo: [/proc/meminfo - SSI]	Committed_AS:    2928748 kB
20220312 000738.832 INFO             PET0 PIOc_sync Enter - MemInfo: [/proc/meminfo - SSI]	CommittedPercent: 4.44721 %
20220312 000738.832 INFO             PET0 PIOc_sync Enter - MemInfo: [/proc/self/status]	VmPeak:	   56716 kB
20220312 000738.832 INFO             PET0 PIOc_sync Enter - MemInfo: [/proc/self/status]	VmSize:	   56716 kB
20220312 000738.832 INFO             PET0 PIOc_sync Enter - MemInfo: [/proc/self/status]	VmLck:	       0 kB
20220312 000738.832 INFO             PET0 PIOc_sync Enter - MemInfo: [/proc/self/status]	VmPin:	       0 kB
20220312 000738.832 INFO             PET0 PIOc_sync Enter - MemInfo: [/proc/self/status]	VmHWM:	   19596 kB
20220312 000738.832 INFO             PET0 PIOc_sync Enter - MemInfo: [/proc/self/status]	VmRSS:	   19596 kB
20220312 000738.832 INFO             PET0 PIOc_sync Enter - MemInfo: [/proc/self/status]	VmData:	   21076 kB
20220312 000738.832 INFO             PET0 PIOc_sync Enter - MemInfo: [/proc/self/status]	VmStk:	     164 kB
20220312 000738.832 INFO             PET0 PIOc_sync Enter - MemInfo: [/proc/self/status]	VmExe:	   27324 kB
20220312 000738.832 INFO             PET0 PIOc_sync Enter - MemInfo: [/proc/self/status]	VmLib:	    1952 kB
20220312 000738.832 INFO             PET0 PIOc_sync Enter - MemInfo: [/proc/self/status]	VmPTE:	     124 kB
20220312 000738.832 INFO             PET0 PIOc_sync Enter - MemInfo: [/proc/self/status]	VmPMD:	      12 kB
20220312 000738.832 INFO             PET0 PIOc_sync Enter - MemInfo: [/proc/self/status]	VmSwap:	       0 kB
20220312 000738.832 INFO             PET0 PIOc_sync Enter - MemInfo: [/proc/self/status]	VmRSSPercent: 0.0297559 %
20220312 000738.832 INFO             PET0 PIOc_sync Enter - MemInfo: [malloc] Non-mmapped space allocated:                 1292608 Byte
20220312 000738.832 INFO             PET0 PIOc_sync Enter - MemInfo: [malloc] Space allocated in mmapped regions:         15949824 Byte
20220312 000738.832 INFO             PET0 PIOc_sync Enter - MemInfo: [malloc] Maximum total allocated space:                     0 Byte
20220312 000738.832 INFO             PET0 PIOc_sync Enter - MemInfo: [malloc] Space in freed fastbin blocks:                     0 Byte
20220312 000738.832 INFO             PET0 PIOc_sync Enter - MemInfo: [malloc] Total allocated space:                       1126896 Byte
20220312 000738.832 INFO             PET0 PIOc_sync Enter - MemInfo: [malloc] Total free space:                             165712 Byte
20220312 000738.832 INFO             PET0 PIOc_sync Enter - MemInfo: [malloc] Top-most, releasable space:                   165712 Byte
20220312 000738.832 INFO             PET0 PIOc_sync Enter - MemInfo: [malloc] Total space in use, mmap + non-mmap:        17076720 Byte
20220312 000738.833 INFO             PET0 PIOc_sync Enter - MemInfo: [malloc] Total space held (mmap + non-mmap):         17242432 Byte
20220312 000738.833 INFO             PET0 PIOc_sync Enter - MemInfo: [malloc] Total space used (mmap + non-mmap):         17085968 Byte
20220312 000738.833 INFO             PET0 PIOc_sync Enter - MemInfo: Wall-clock time since execution start:               0.229062 seconds
20220312 000738.835 INFO             PET0 PIOc_sync Exit - MemInfo: [/proc/meminfo - SSI]	MemTotal:       65855856 kB
20220312 000738.835 INFO             PET0 PIOc_sync Exit - MemInfo: [/proc/meminfo - SSI]	MemFree:        61177920 kB
20220312 000738.835 INFO             PET0 PIOc_sync Exit - MemInfo: [/proc/meminfo - SSI]	MemAvailable:   60941772 kB
20220312 000738.835 INFO             PET0 PIOc_sync Exit - MemInfo: [/proc/meminfo - SSI]	Committed_AS:    2928748 kB
20220312 000738.835 INFO             PET0 PIOc_sync Exit - MemInfo: [/proc/meminfo - SSI]	CommittedPercent: 4.44721 %
20220312 000738.835 INFO             PET0 PIOc_sync Exit - MemInfo: [/proc/self/status]	VmPeak:	   57040 kB
20220312 000738.835 INFO             PET0 PIOc_sync Exit - MemInfo: [/proc/self/status]	VmSize:	   57040 kB
20220312 000738.835 INFO             PET0 PIOc_sync Exit - MemInfo: [/proc/self/status]	VmLck:	       0 kB
20220312 000738.835 INFO             PET0 PIOc_sync Exit - MemInfo: [/proc/self/status]	VmPin:	       0 kB
20220312 000738.835 INFO             PET0 PIOc_sync Exit - MemInfo: [/proc/self/status]	VmHWM:	   20124 kB
20220312 000738.835 INFO             PET0 PIOc_sync Exit - MemInfo: [/proc/self/status]	VmRSS:	   20124 kB
20220312 000738.835 INFO             PET0 PIOc_sync Exit - MemInfo: [/proc/self/status]	VmData:	   21400 kB
20220312 000738.835 INFO             PET0 PIOc_sync Exit - MemInfo: [/proc/self/status]	VmStk:	     164 kB
20220312 000738.835 INFO             PET0 PIOc_sync Exit - MemInfo: [/proc/self/status]	VmExe:	   27324 kB
20220312 000738.835 INFO             PET0 PIOc_sync Exit - MemInfo: [/proc/self/status]	VmLib:	    1952 kB
20220312 000738.835 INFO             PET0 PIOc_sync Exit - MemInfo: [/proc/self/status]	VmPTE:	     124 kB
20220312 000738.835 INFO             PET0 PIOc_sync Exit - MemInfo: [/proc/self/status]	VmPMD:	      12 kB
20220312 000738.835 INFO             PET0 PIOc_sync Exit - MemInfo: [/proc/self/status]	VmSwap:	       0 kB
20220312 000738.835 INFO             PET0 PIOc_sync Exit - MemInfo: [/proc/self/status]	VmRSSPercent: 0.0305576 %
20220312 000738.835 INFO             PET0 PIOc_sync Exit - MemInfo: [malloc] Non-mmapped space allocated:                 1292608 Byte
20220312 000738.835 INFO             PET0 PIOc_sync Exit - MemInfo: [malloc] Space allocated in mmapped regions:         16281600 Byte
20220312 000738.835 INFO             PET0 PIOc_sync Exit - MemInfo: [malloc] Maximum total allocated space:                     0 Byte
20220312 000738.835 INFO             PET0 PIOc_sync Exit - MemInfo: [malloc] Space in freed fastbin blocks:                     0 Byte
20220312 000738.835 INFO             PET0 PIOc_sync Exit - MemInfo: [malloc] Total allocated space:                       1194464 Byte
20220312 000738.835 INFO             PET0 PIOc_sync Exit - MemInfo: [malloc] Total free space:                              98144 Byte
20220312 000738.835 INFO             PET0 PIOc_sync Exit - MemInfo: [malloc] Top-most, releasable space:                    98144 Byte
20220312 000738.835 INFO             PET0 PIOc_sync Exit - MemInfo: [malloc] Total space in use, mmap + non-mmap:        17476064 Byte
20220312 000738.835 INFO             PET0 PIOc_sync Exit - MemInfo: [malloc] Total space held (mmap + non-mmap):         17574208 Byte
20220312 000738.835 INFO             PET0 PIOc_sync Exit - MemInfo: [malloc] Total space used (mmap + non-mmap):         17484720 Byte
20220312 000738.835 INFO             PET0 PIOc_sync Exit - MemInfo: Wall-clock time since execution start:               0.231586 seconds
20220312 000738.836 INFO             PET0 PIOc_freedecomp Enter - MemInfo: [/proc/meminfo - SSI]	MemTotal:       65855856 kB
20220312 000738.836 INFO             PET0 PIOc_freedecomp Enter - MemInfo: [/proc/meminfo - SSI]	MemFree:        61184976 kB
20220312 000738.836 INFO             PET0 PIOc_freedecomp Enter - MemInfo: [/proc/meminfo - SSI]	MemAvailable:   60948828 kB
20220312 000738.836 INFO             PET0 PIOc_freedecomp Enter - MemInfo: [/proc/meminfo - SSI]	Committed_AS:    2920876 kB
20220312 000738.836 INFO             PET0 PIOc_freedecomp Enter - MemInfo: [/proc/meminfo - SSI]	CommittedPercent: 4.43526 %
20220312 000738.836 INFO             PET0 PIOc_freedecomp Enter - MemInfo: [/proc/self/status]	VmPeak:	   57040 kB
20220312 000738.836 INFO             PET0 PIOc_freedecomp Enter - MemInfo: [/proc/self/status]	VmSize:	   48328 kB
20220312 000738.836 INFO             PET0 PIOc_freedecomp Enter - MemInfo: [/proc/self/status]	VmLck:	       0 kB
20220312 000738.836 INFO             PET0 PIOc_freedecomp Enter - MemInfo: [/proc/self/status]	VmPin:	       0 kB
20220312 000738.836 INFO             PET0 PIOc_freedecomp Enter - MemInfo: [/proc/self/status]	VmHWM:	   20124 kB
20220312 000738.836 INFO             PET0 PIOc_freedecomp Enter - MemInfo: [/proc/self/status]	VmRSS:	   12104 kB
20220312 000738.836 INFO             PET0 PIOc_freedecomp Enter - MemInfo: [/proc/self/status]	VmData:	   12688 kB
20220312 000738.836 INFO             PET0 PIOc_freedecomp Enter - MemInfo: [/proc/self/status]	VmStk:	     164 kB
20220312 000738.836 INFO             PET0 PIOc_freedecomp Enter - MemInfo: [/proc/self/status]	VmExe:	   27324 kB
20220312 000738.836 INFO             PET0 PIOc_freedecomp Enter - MemInfo: [/proc/self/status]	VmLib:	    1952 kB
20220312 000738.836 INFO             PET0 PIOc_freedecomp Enter - MemInfo: [/proc/self/status]	VmPTE:	     108 kB
20220312 000738.836 INFO             PET0 PIOc_freedecomp Enter - MemInfo: [/proc/self/status]	VmPMD:	      12 kB
20220312 000738.836 INFO             PET0 PIOc_freedecomp Enter - MemInfo: [/proc/self/status]	VmSwap:	       0 kB
20220312 000738.836 INFO             PET0 PIOc_freedecomp Enter - MemInfo: [/proc/self/status]	VmRSSPercent: 0.0183795 %
20220312 000738.836 INFO             PET0 PIOc_freedecomp Enter - MemInfo: [malloc] Non-mmapped space allocated:                 1292608 Byte
20220312 000738.836 INFO             PET0 PIOc_freedecomp Enter - MemInfo: [malloc] Space allocated in mmapped regions:          7360512 Byte
20220312 000738.836 INFO             PET0 PIOc_freedecomp Enter - MemInfo: [malloc] Maximum total allocated space:                     0 Byte
20220312 000738.836 INFO             PET0 PIOc_freedecomp Enter - MemInfo: [malloc] Space in freed fastbin blocks:                   160 Byte
20220312 000738.836 INFO             PET0 PIOc_freedecomp Enter - MemInfo: [malloc] Total allocated space:                       1184336 Byte
20220312 000738.836 INFO             PET0 PIOc_freedecomp Enter - MemInfo: [malloc] Total free space:                             108272 Byte
20220312 000738.836 INFO             PET0 PIOc_freedecomp Enter - MemInfo: [malloc] Top-most, releasable space:                    97440 Byte
20220312 000738.836 INFO             PET0 PIOc_freedecomp Enter - MemInfo: [malloc] Total space in use, mmap + non-mmap:         8544848 Byte
20220312 000738.836 INFO             PET0 PIOc_freedecomp Enter - MemInfo: [malloc] Total space held (mmap + non-mmap):          8653120 Byte
20220312 000738.836 INFO             PET0 PIOc_freedecomp Enter - MemInfo: [malloc] Total space used (mmap + non-mmap):          8553504 Byte
20220312 000738.836 INFO             PET0 PIOc_freedecomp Enter - MemInfo: Wall-clock time since execution start:               0.232415 seconds
20220312 000738.836 INFO             PET0 PIOc_freedecomp Exit - MemInfo: [/proc/meminfo - SSI]	MemTotal:       65855856 kB
20220312 000738.836 INFO             PET0 PIOc_freedecomp Exit - MemInfo: [/proc/meminfo - SSI]	MemFree:        61184976 kB
20220312 000738.836 INFO             PET0 PIOc_freedecomp Exit - MemInfo: [/proc/meminfo - SSI]	MemAvailable:   60948828 kB
20220312 000738.836 INFO             PET0 PIOc_freedecomp Exit - MemInfo: [/proc/meminfo - SSI]	Committed_AS:    2920876 kB
20220312 000738.836 INFO             PET0 PIOc_freedecomp Exit - MemInfo: [/proc/meminfo - SSI]	CommittedPercent: 4.43526 %
20220312 000738.836 INFO             PET0 PIOc_freedecomp Exit - MemInfo: [/proc/self/status]	VmPeak:	   57040 kB
20220312 000738.836 INFO             PET0 PIOc_freedecomp Exit - MemInfo: [/proc/self/status]	VmSize:	   48328 kB
20220312 000738.836 INFO             PET0 PIOc_freedecomp Exit - MemInfo: [/proc/self/status]	VmLck:	       0 kB
20220312 000738.836 INFO             PET0 PIOc_freedecomp Exit - MemInfo: [/proc/self/status]	VmPin:	       0 kB
20220312 000738.836 INFO             PET0 PIOc_freedecomp Exit - MemInfo: [/proc/self/status]	VmHWM:	   20124 kB
20220312 000738.836 INFO             PET0 PIOc_freedecomp Exit - MemInfo: [/proc/self/status]	VmRSS:	   12104 kB
20220312 000738.836 INFO             PET0 PIOc_freedecomp Exit - MemInfo: [/proc/self/status]	VmData:	   12688 kB
20220312 000738.836 INFO             PET0 PIOc_freedecomp Exit - MemInfo: [/proc/self/status]	VmStk:	     164 kB
20220312 000738.836 INFO             PET0 PIOc_freedecomp Exit - MemInfo: [/proc/self/status]	VmExe:	   27324 kB
20220312 000738.837 INFO             PET0 PIOc_freedecomp Exit - MemInfo: [/proc/self/status]	VmLib:	    1952 kB
20220312 000738.837 INFO             PET0 PIOc_freedecomp Exit - MemInfo: [/proc/self/status]	VmPTE:	     108 kB
20220312 000738.837 INFO             PET0 PIOc_freedecomp Exit - MemInfo: [/proc/self/status]	VmPMD:	      12 kB
20220312 000738.837 INFO             PET0 PIOc_freedecomp Exit - MemInfo: [/proc/self/status]	VmSwap:	       0 kB
20220312 000738.837 INFO             PET0 PIOc_freedecomp Exit - MemInfo: [/proc/self/status]	VmRSSPercent: 0.0183795 %
20220312 000738.837 INFO             PET0 PIOc_freedecomp Exit - MemInfo: [malloc] Non-mmapped space allocated:                 1292608 Byte
20220312 000738.837 INFO             PET0 PIOc_freedecomp Exit - MemInfo: [malloc] Space allocated in mmapped regions:          7360512 Byte
20220312 000738.837 INFO             PET0 PIOc_freedecomp Exit - MemInfo: [malloc] Maximum total allocated space:                     0 Byte
20220312 000738.837 INFO             PET0 PIOc_freedecomp Exit - MemInfo: [malloc] Space in freed fastbin blocks:                   656 Byte
20220312 000738.837 INFO             PET0 PIOc_freedecomp Exit - MemInfo: [malloc] Total allocated space:                       1182768 Byte
20220312 000738.837 INFO             PET0 PIOc_freedecomp Exit - MemInfo: [malloc] Total free space:                             109840 Byte
20220312 000738.837 INFO             PET0 PIOc_freedecomp Exit - MemInfo: [malloc] Top-most, releasable space:                    97440 Byte
20220312 000738.837 INFO             PET0 PIOc_freedecomp Exit - MemInfo: [malloc] Total space in use, mmap + non-mmap:         8543280 Byte
20220312 000738.837 INFO             PET0 PIOc_freedecomp Exit - MemInfo: [malloc] Total space held (mmap + non-mmap):          8653120 Byte
20220312 000738.837 INFO             PET0 PIOc_freedecomp Exit - MemInfo: [malloc] Total space used (mmap + non-mmap):          8551936 Byte
20220312 000738.837 INFO             PET0 PIOc_freedecomp Exit - MemInfo: Wall-clock time since execution start:               0.233163 seconds
20220312 000738.839 INFO             PET0 PIOc_sync Enter - MemInfo: [/proc/meminfo - SSI]	MemTotal:       65855856 kB
20220312 000738.839 INFO             PET0 PIOc_sync Enter - MemInfo: [/proc/meminfo - SSI]	MemFree:        61181952 kB
20220312 000738.839 INFO             PET0 PIOc_sync Enter - MemInfo: [/proc/meminfo - SSI]	MemAvailable:   60945804 kB
20220312 000738.840 INFO             PET0 PIOc_sync Enter - MemInfo: [/proc/meminfo - SSI]	Committed_AS:    2929100 kB
20220312 000738.840 INFO             PET0 PIOc_sync Enter - MemInfo: [/proc/meminfo - SSI]	CommittedPercent: 4.44774 %
20220312 000738.840 INFO             PET0 PIOc_sync Enter - MemInfo: [/proc/self/status]	VmPeak:	   57068 kB
20220312 000738.840 INFO             PET0 PIOc_sync Enter - MemInfo: [/proc/self/status]	VmSize:	   57068 kB
20220312 000738.840 INFO             PET0 PIOc_sync Enter - MemInfo: [/proc/self/status]	VmLck:	       0 kB
20220312 000738.840 INFO             PET0 PIOc_sync Enter - MemInfo: [/proc/self/status]	VmPin:	       0 kB
20220312 000738.840 INFO             PET0 PIOc_sync Enter - MemInfo: [/proc/self/status]	VmHWM:	   20124 kB
20220312 000738.840 INFO             PET0 PIOc_sync Enter - MemInfo: [/proc/self/status]	VmRSS:	   16060 kB
20220312 000738.840 INFO             PET0 PIOc_sync Enter - MemInfo: [/proc/self/status]	VmData:	   21428 kB
20220312 000738.840 INFO             PET0 PIOc_sync Enter - MemInfo: [/proc/self/status]	VmStk:	     164 kB
20220312 000738.840 INFO             PET0 PIOc_sync Enter - MemInfo: [/proc/self/status]	VmExe:	   27324 kB
20220312 000738.840 INFO             PET0 PIOc_sync Enter - MemInfo: [/proc/self/status]	VmLib:	    1952 kB
20220312 000738.840 INFO             PET0 PIOc_sync Enter - MemInfo: [/proc/self/status]	VmPTE:	     120 kB
20220312 000738.840 INFO             PET0 PIOc_sync Enter - MemInfo: [/proc/self/status]	VmPMD:	      12 kB
20220312 000738.840 INFO             PET0 PIOc_sync Enter - MemInfo: [/proc/self/status]	VmSwap:	       0 kB
20220312 000738.840 INFO             PET0 PIOc_sync Enter - MemInfo: [/proc/self/status]	VmRSSPercent: 0.0243866 %
20220312 000738.840 INFO             PET0 PIOc_sync Enter - MemInfo: [malloc] Non-mmapped space allocated:                10242368 Byte
20220312 000738.840 INFO             PET0 PIOc_sync Enter - MemInfo: [malloc] Space allocated in mmapped regions:          7360512 Byte
20220312 000738.840 INFO             PET0 PIOc_sync Enter - MemInfo: [malloc] Maximum total allocated space:                     0 Byte
20220312 000738.840 INFO             PET0 PIOc_sync Enter - MemInfo: [malloc] Space in freed fastbin blocks:                    64 Byte
20220312 000738.840 INFO             PET0 PIOc_sync Enter - MemInfo: [malloc] Total allocated space:                      10113840 Byte
20220312 000738.840 INFO             PET0 PIOc_sync Enter - MemInfo: [malloc] Total free space:                             128528 Byte
20220312 000738.840 INFO             PET0 PIOc_sync Enter - MemInfo: [malloc] Top-most, releasable space:                   128400 Byte
20220312 000738.840 INFO             PET0 PIOc_sync Enter - MemInfo: [malloc] Total space in use, mmap + non-mmap:        17474352 Byte
20220312 000738.840 INFO             PET0 PIOc_sync Enter - MemInfo: [malloc] Total space held (mmap + non-mmap):         17602880 Byte
20220312 000738.840 INFO             PET0 PIOc_sync Enter - MemInfo: [malloc] Total space used (mmap + non-mmap):         17483008 Byte
20220312 000738.840 INFO             PET0 PIOc_sync Enter - MemInfo: Wall-clock time since execution start:               0.236343 seconds
20220312 000738.840 INFO             PET0 PIOc_sync Exit - MemInfo: [/proc/meminfo - SSI]	MemTotal:       65855856 kB
20220312 000738.840 INFO             PET0 PIOc_sync Exit - MemInfo: [/proc/meminfo - SSI]	MemFree:        61181952 kB
20220312 000738.840 INFO             PET0 PIOc_sync Exit - MemInfo: [/proc/meminfo - SSI]	MemAvailable:   60945804 kB
20220312 000738.840 INFO             PET0 PIOc_sync Exit - MemInfo: [/proc/meminfo - SSI]	Committed_AS:    2929100 kB
20220312 000738.840 INFO             PET0 PIOc_sync Exit - MemInfo: [/proc/meminfo - SSI]	CommittedPercent: 4.44774 %
20220312 000738.840 INFO             PET0 PIOc_sync Exit - MemInfo: [/proc/self/status]	VmPeak:	   57068 kB
20220312 000738.840 INFO             PET0 PIOc_sync Exit - MemInfo: [/proc/self/status]	VmSize:	   57068 kB
20220312 000738.840 INFO             PET0 PIOc_sync Exit - MemInfo: [/proc/self/status]	VmLck:	       0 kB
20220312 000738.840 INFO             PET0 PIOc_sync Exit - MemInfo: [/proc/self/status]	VmPin:	       0 kB
20220312 000738.840 INFO             PET0 PIOc_sync Exit - MemInfo: [/proc/self/status]	VmHWM:	   20124 kB
20220312 000738.840 INFO             PET0 PIOc_sync Exit - MemInfo: [/proc/self/status]	VmRSS:	   16060 kB
20220312 000738.840 INFO             PET0 PIOc_sync Exit - MemInfo: [/proc/self/status]	VmData:	   21428 kB
20220312 000738.840 INFO             PET0 PIOc_sync Exit - MemInfo: [/proc/self/status]	VmStk:	     164 kB
20220312 000738.840 INFO             PET0 PIOc_sync Exit - MemInfo: [/proc/self/status]	VmExe:	   27324 kB
20220312 000738.840 INFO             PET0 PIOc_sync Exit - MemInfo: [/proc/self/status]	VmLib:	    1952 kB
20220312 000738.840 INFO             PET0 PIOc_sync Exit - MemInfo: [/proc/self/status]	VmPTE:	     120 kB
20220312 000738.840 INFO             PET0 PIOc_sync Exit - MemInfo: [/proc/self/status]	VmPMD:	      12 kB
20220312 000738.840 INFO             PET0 PIOc_sync Exit - MemInfo: [/proc/self/status]	VmSwap:	       0 kB
20220312 000738.840 INFO             PET0 PIOc_sync Exit - MemInfo: [/proc/self/status]	VmRSSPercent: 0.0243866 %
20220312 000738.840 INFO             PET0 PIOc_sync Exit - MemInfo: [malloc] Non-mmapped space allocated:                10242368 Byte
20220312 000738.840 INFO             PET0 PIOc_sync Exit - MemInfo: [malloc] Space allocated in mmapped regions:          7360512 Byte
20220312 000738.840 INFO             PET0 PIOc_sync Exit - MemInfo: [malloc] Maximum total allocated space:                     0 Byte
20220312 000738.840 INFO             PET0 PIOc_sync Exit - MemInfo: [malloc] Space in freed fastbin blocks:                     0 Byte
20220312 000738.840 INFO             PET0 PIOc_sync Exit - MemInfo: [malloc] Total allocated space:                      10115104 Byte
20220312 000738.840 INFO             PET0 PIOc_sync Exit - MemInfo: [malloc] Total free space:                             127264 Byte
20220312 000738.840 INFO             PET0 PIOc_sync Exit - MemInfo: [malloc] Top-most, releasable space:                   127136 Byte
20220312 000738.840 INFO             PET0 PIOc_sync Exit - MemInfo: [malloc] Total space in use, mmap + non-mmap:        17475616 Byte
20220312 000738.840 INFO             PET0 PIOc_sync Exit - MemInfo: [malloc] Total space held (mmap + non-mmap):         17602880 Byte
20220312 000738.840 INFO             PET0 PIOc_sync Exit - MemInfo: [malloc] Total space used (mmap + non-mmap):         17483936 Byte
20220312 000738.840 INFO             PET0 PIOc_sync Exit - MemInfo: Wall-clock time since execution start:               0.236768 seconds
20220312 000738.840 INFO             PET0 PIOc_freedecomp Enter - MemInfo: [/proc/meminfo - SSI]	MemTotal:       65855856 kB
20220312 000738.840 INFO             PET0 PIOc_freedecomp Enter - MemInfo: [/proc/meminfo - SSI]	MemFree:        61181952 kB
20220312 000738.840 INFO             PET0 PIOc_freedecomp Enter - MemInfo: [/proc/meminfo - SSI]	MemAvailable:   60945804 kB
20220312 000738.840 INFO             PET0 PIOc_freedecomp Enter - MemInfo: [/proc/meminfo - SSI]	Committed_AS:    2929100 kB
20220312 000738.841 INFO             PET0 PIOc_freedecomp Enter - MemInfo: [/proc/meminfo - SSI]	CommittedPercent: 4.44774 %
20220312 000738.841 INFO             PET0 PIOc_freedecomp Enter - MemInfo: [/proc/self/status]	VmPeak:	   57068 kB
20220312 000738.841 INFO             PET0 PIOc_freedecomp Enter - MemInfo: [/proc/self/status]	VmSize:	   57068 kB
20220312 000738.841 INFO             PET0 PIOc_freedecomp Enter - MemInfo: [/proc/self/status]	VmLck:	       0 kB
20220312 000738.841 INFO             PET0 PIOc_freedecomp Enter - MemInfo: [/proc/self/status]	VmPin:	       0 kB
20220312 000738.841 INFO             PET0 PIOc_freedecomp Enter - MemInfo: [/proc/self/status]	VmHWM:	   20124 kB
20220312 000738.841 INFO             PET0 PIOc_freedecomp Enter - MemInfo: [/proc/self/status]	VmRSS:	   16060 kB
20220312 000738.841 INFO             PET0 PIOc_freedecomp Enter - MemInfo: [/proc/self/status]	VmData:	   21428 kB
20220312 000738.841 INFO             PET0 PIOc_freedecomp Enter - MemInfo: [/proc/self/status]	VmStk:	     164 kB
20220312 000738.841 INFO             PET0 PIOc_freedecomp Enter - MemInfo: [/proc/self/status]	VmExe:	   27324 kB
20220312 000738.841 INFO             PET0 PIOc_freedecomp Enter - MemInfo: [/proc/self/status]	VmLib:	    1952 kB
20220312 000738.841 INFO             PET0 PIOc_freedecomp Enter - MemInfo: [/proc/self/status]	VmPTE:	     120 kB
20220312 000738.841 INFO             PET0 PIOc_freedecomp Enter - MemInfo: [/proc/self/status]	VmPMD:	      12 kB
20220312 000738.841 INFO             PET0 PIOc_freedecomp Enter - MemInfo: [/proc/self/status]	VmSwap:	       0 kB
20220312 000738.841 INFO             PET0 PIOc_freedecomp Enter - MemInfo: [/proc/self/status]	VmRSSPercent: 0.0243866 %
20220312 000738.841 INFO             PET0 PIOc_freedecomp Enter - MemInfo: [malloc] Non-mmapped space allocated:                10242368 Byte
20220312 000738.841 INFO             PET0 PIOc_freedecomp Enter - MemInfo: [malloc] Space allocated in mmapped regions:          7360512 Byte
20220312 000738.841 INFO             PET0 PIOc_freedecomp Enter - MemInfo: [malloc] Maximum total allocated space:                     0 Byte
20220312 000738.841 INFO             PET0 PIOc_freedecomp Enter - MemInfo: [malloc] Space in freed fastbin blocks:                   192 Byte
20220312 000738.841 INFO             PET0 PIOc_freedecomp Enter - MemInfo: [malloc] Total allocated space:                       1190592 Byte
20220312 000738.841 INFO             PET0 PIOc_freedecomp Enter - MemInfo: [malloc] Total free space:                            9051776 Byte
20220312 000738.841 INFO             PET0 PIOc_freedecomp Enter - MemInfo: [malloc] Top-most, releasable space:                   126800 Byte
20220312 000738.841 INFO             PET0 PIOc_freedecomp Enter - MemInfo: [malloc] Total space in use, mmap + non-mmap:         8551104 Byte
20220312 000738.841 INFO             PET0 PIOc_freedecomp Enter - MemInfo: [malloc] Total space held (mmap + non-mmap):         17602880 Byte
20220312 000738.841 INFO             PET0 PIOc_freedecomp Enter - MemInfo: [malloc] Total space used (mmap + non-mmap):          8559312 Byte
20220312 000738.841 INFO             PET0 PIOc_freedecomp Enter - MemInfo: Wall-clock time since execution start:               0.237288 seconds
20220312 000738.841 INFO             PET0 PIOc_freedecomp Exit - MemInfo: [/proc/meminfo - SSI]	MemTotal:       65855856 kB
20220312 000738.841 INFO             PET0 PIOc_freedecomp Exit - MemInfo: [/proc/meminfo - SSI]	MemFree:        61181952 kB
20220312 000738.841 INFO             PET0 PIOc_freedecomp Exit - MemInfo: [/proc/meminfo - SSI]	MemAvailable:   60945804 kB
20220312 000738.841 INFO             PET0 PIOc_freedecomp Exit - MemInfo: [/proc/meminfo - SSI]	Committed_AS:    2929100 kB
20220312 000738.841 INFO             PET0 PIOc_freedecomp Exit - MemInfo: [/proc/meminfo - SSI]	CommittedPercent: 4.44774 %
20220312 000738.841 INFO             PET0 PIOc_freedecomp Exit - MemInfo: [/proc/self/status]	VmPeak:	   57068 kB
20220312 000738.841 INFO             PET0 PIOc_freedecomp Exit - MemInfo: [/proc/self/status]	VmSize:	   57068 kB
20220312 000738.841 INFO             PET0 PIOc_freedecomp Exit - MemInfo: [/proc/self/status]	VmLck:	       0 kB
20220312 000738.841 INFO             PET0 PIOc_freedecomp Exit - MemInfo: [/proc/self/status]	VmPin:	       0 kB
20220312 000738.841 INFO             PET0 PIOc_freedecomp Exit - MemInfo: [/proc/self/status]	VmHWM:	   20124 kB
20220312 000738.841 INFO             PET0 PIOc_freedecomp Exit - MemInfo: [/proc/self/status]	VmRSS:	   16060 kB
20220312 000738.841 INFO             PET0 PIOc_freedecomp Exit - MemInfo: [/proc/self/status]	VmData:	   21428 kB
20220312 000738.841 INFO             PET0 PIOc_freedecomp Exit - MemInfo: [/proc/self/status]	VmStk:	     164 kB
20220312 000738.841 INFO             PET0 PIOc_freedecomp Exit - MemInfo: [/proc/self/status]	VmExe:	   27324 kB
20220312 000738.841 INFO             PET0 PIOc_freedecomp Exit - MemInfo: [/proc/self/status]	VmLib:	    1952 kB
20220312 000738.841 INFO             PET0 PIOc_freedecomp Exit - MemInfo: [/proc/self/status]	VmPTE:	     120 kB
20220312 000738.841 INFO             PET0 PIOc_freedecomp Exit - MemInfo: [/proc/self/status]	VmPMD:	      12 kB
20220312 000738.841 INFO             PET0 PIOc_freedecomp Exit - MemInfo: [/proc/self/status]	VmSwap:	       0 kB
20220312 000738.841 INFO             PET0 PIOc_freedecomp Exit - MemInfo: [/proc/self/status]	VmRSSPercent: 0.0243866 %
20220312 000738.841 INFO             PET0 PIOc_freedecomp Exit - MemInfo: [malloc] Non-mmapped space allocated:                10242368 Byte
20220312 000738.841 INFO             PET0 PIOc_freedecomp Exit - MemInfo: [malloc] Space allocated in mmapped regions:          7360512 Byte
20220312 000738.841 INFO             PET0 PIOc_freedecomp Exit - MemInfo: [malloc] Maximum total allocated space:                     0 Byte
20220312 000738.841 INFO             PET0 PIOc_freedecomp Exit - MemInfo: [malloc] Space in freed fastbin blocks:                   800 Byte
20220312 000738.841 INFO             PET0 PIOc_freedecomp Exit - MemInfo: [malloc] Total allocated space:                       1187680 Byte
20220312 000738.841 INFO             PET0 PIOc_freedecomp Exit - MemInfo: [malloc] Total free space:                            9054688 Byte
20220312 000738.841 INFO             PET0 PIOc_freedecomp Exit - MemInfo: [malloc] Top-most, releasable space:                   126800 Byte
20220312 000738.841 INFO             PET0 PIOc_freedecomp Exit - MemInfo: [malloc] Total space in use, mmap + non-mmap:         8548192 Byte
20220312 000738.841 INFO             PET0 PIOc_freedecomp Exit - MemInfo: [malloc] Total space held (mmap + non-mmap):         17602880 Byte
20220312 000738.841 INFO             PET0 PIOc_freedecomp Exit - MemInfo: [malloc] Total space used (mmap + non-mmap):          8556400 Byte
20220312 000738.841 INFO             PET0 PIOc_freedecomp Exit - MemInfo: Wall-clock time since execution start:                0.23766 seconds
20220312 000738.842 INFO             PET0 PIOc_sync Enter - MemInfo: [/proc/meminfo - SSI]	MemTotal:       65855856 kB
20220312 000738.842 INFO             PET0 PIOc_sync Enter - MemInfo: [/proc/meminfo - SSI]	MemFree:        61181448 kB
20220312 000738.842 INFO             PET0 PIOc_sync Enter - MemInfo: [/proc/meminfo - SSI]	MemAvailable:   60945300 kB
20220312 000738.842 INFO             PET0 PIOc_sync Enter - MemInfo: [/proc/meminfo - SSI]	Committed_AS:    2929100 kB
20220312 000738.843 INFO             PET0 PIOc_sync Enter - MemInfo: [/proc/meminfo - SSI]	CommittedPercent: 4.44774 %
20220312 000738.843 INFO             PET0 PIOc_sync Enter - MemInfo: [/proc/self/status]	VmPeak:	   57068 kB
20220312 000738.843 INFO             PET0 PIOc_sync Enter - MemInfo: [/proc/self/status]	VmSize:	   57068 kB
20220312 000738.843 INFO             PET0 PIOc_sync Enter - MemInfo: [/proc/self/status]	VmLck:	       0 kB
20220312 000738.843 INFO             PET0 PIOc_sync Enter - MemInfo: [/proc/self/status]	VmPin:	       0 kB
20220312 000738.843 INFO             PET0 PIOc_sync Enter - MemInfo: [/proc/self/status]	VmHWM:	   20124 kB
20220312 000738.843 INFO             PET0 PIOc_sync Enter - MemInfo: [/proc/self/status]	VmRSS:	   16588 kB
20220312 000738.843 INFO             PET0 PIOc_sync Enter - MemInfo: [/proc/self/status]	VmData:	   21428 kB
20220312 000738.843 INFO             PET0 PIOc_sync Enter - MemInfo: [/proc/self/status]	VmStk:	     164 kB
20220312 000738.843 INFO             PET0 PIOc_sync Enter - MemInfo: [/proc/self/status]	VmExe:	   27324 kB
20220312 000738.843 INFO             PET0 PIOc_sync Enter - MemInfo: [/proc/self/status]	VmLib:	    1952 kB
20220312 000738.843 INFO             PET0 PIOc_sync Enter - MemInfo: [/proc/self/status]	VmPTE:	     120 kB
20220312 000738.843 INFO             PET0 PIOc_sync Enter - MemInfo: [/proc/self/status]	VmPMD:	      12 kB
20220312 000738.843 INFO             PET0 PIOc_sync Enter - MemInfo: [/proc/self/status]	VmSwap:	       0 kB
20220312 000738.843 INFO             PET0 PIOc_sync Enter - MemInfo: [/proc/self/status]	VmRSSPercent: 0.0251883 %
20220312 000738.843 INFO             PET0 PIOc_sync Enter - MemInfo: [malloc] Non-mmapped space allocated:                10242368 Byte
20220312 000738.843 INFO             PET0 PIOc_sync Enter - MemInfo: [malloc] Space allocated in mmapped regions:          7360512 Byte
20220312 000738.843 INFO             PET0 PIOc_sync Enter - MemInfo: [malloc] Maximum total allocated space:                     0 Byte
20220312 000738.843 INFO             PET0 PIOc_sync Enter - MemInfo: [malloc] Space in freed fastbin blocks:                   192 Byte
20220312 000738.843 INFO             PET0 PIOc_sync Enter - MemInfo: [malloc] Total allocated space:                      10117904 Byte
20220312 000738.843 INFO             PET0 PIOc_sync Enter - MemInfo: [malloc] Total free space:                             124464 Byte
20220312 000738.843 INFO             PET0 PIOc_sync Enter - MemInfo: [malloc] Top-most, releasable space:                   121552 Byte
20220312 000738.843 INFO             PET0 PIOc_sync Enter - MemInfo: [malloc] Total space in use, mmap + non-mmap:        17478416 Byte
20220312 000738.843 INFO             PET0 PIOc_sync Enter - MemInfo: [malloc] Total space held (mmap + non-mmap):         17602880 Byte
20220312 000738.843 INFO             PET0 PIOc_sync Enter - MemInfo: [malloc] Total space used (mmap + non-mmap):         17486848 Byte
20220312 000738.843 INFO             PET0 PIOc_sync Enter - MemInfo: Wall-clock time since execution start:               0.239297 seconds
20220312 000738.843 INFO             PET0 PIOc_sync Exit - MemInfo: [/proc/meminfo - SSI]	MemTotal:       65855856 kB
20220312 000738.843 INFO             PET0 PIOc_sync Exit - MemInfo: [/proc/meminfo - SSI]	MemFree:        61181448 kB
20220312 000738.843 INFO             PET0 PIOc_sync Exit - MemInfo: [/proc/meminfo - SSI]	MemAvailable:   60945300 kB
20220312 000738.843 INFO             PET0 PIOc_sync Exit - MemInfo: [/proc/meminfo - SSI]	Committed_AS:    2929100 kB
20220312 000738.843 INFO             PET0 PIOc_sync Exit - MemInfo: [/proc/meminfo - SSI]	CommittedPercent: 4.44774 %
20220312 000738.843 INFO             PET0 PIOc_sync Exit - MemInfo: [/proc/self/status]	VmPeak:	   57068 kB
20220312 000738.843 INFO             PET0 PIOc_sync Exit - MemInfo: [/proc/self/status]	VmSize:	   57068 kB
20220312 000738.843 INFO             PET0 PIOc_sync Exit - MemInfo: [/proc/self/status]	VmLck:	       0 kB
20220312 000738.843 INFO             PET0 PIOc_sync Exit - MemInfo: [/proc/self/status]	VmPin:	       0 kB
20220312 000738.843 INFO             PET0 PIOc_sync Exit - MemInfo: [/proc/self/status]	VmHWM:	   20124 kB
20220312 000738.843 INFO             PET0 PIOc_sync Exit - MemInfo: [/proc/self/status]	VmRSS:	   16588 kB
20220312 000738.843 INFO             PET0 PIOc_sync Exit - MemInfo: [/proc/self/status]	VmData:	   21428 kB
20220312 000738.843 INFO             PET0 PIOc_sync Exit - MemInfo: [/proc/self/status]	VmStk:	     164 kB
20220312 000738.843 INFO             PET0 PIOc_sync Exit - MemInfo: [/proc/self/status]	VmExe:	   27324 kB
20220312 000738.843 INFO             PET0 PIOc_sync Exit - MemInfo: [/proc/self/status]	VmLib:	    1952 kB
20220312 000738.843 INFO             PET0 PIOc_sync Exit - MemInfo: [/proc/self/status]	VmPTE:	     120 kB
20220312 000738.843 INFO             PET0 PIOc_sync Exit - MemInfo: [/proc/self/status]	VmPMD:	      12 kB
20220312 000738.843 INFO             PET0 PIOc_sync Exit - MemInfo: [/proc/self/status]	VmSwap:	       0 kB
20220312 000738.843 INFO             PET0 PIOc_sync Exit - MemInfo: [/proc/self/status]	VmRSSPercent: 0.0251883 %
20220312 000738.843 INFO             PET0 PIOc_sync Exit - MemInfo: [malloc] Non-mmapped space allocated:                10242368 Byte
20220312 000738.843 INFO             PET0 PIOc_sync Exit - MemInfo: [malloc] Space allocated in mmapped regions:          7360512 Byte
20220312 000738.843 INFO             PET0 PIOc_sync Exit - MemInfo: [malloc] Maximum total allocated space:                     0 Byte
20220312 000738.843 INFO             PET0 PIOc_sync Exit - MemInfo: [malloc] Space in freed fastbin blocks:                     0 Byte
20220312 000738.843 INFO             PET0 PIOc_sync Exit - MemInfo: [malloc] Total allocated space:                      10118448 Byte
20220312 000738.843 INFO             PET0 PIOc_sync Exit - MemInfo: [malloc] Total free space:                             123920 Byte
20220312 000738.843 INFO             PET0 PIOc_sync Exit - MemInfo: [malloc] Top-most, releasable space:                   121328 Byte
20220312 000738.843 INFO             PET0 PIOc_sync Exit - MemInfo: [malloc] Total space in use, mmap + non-mmap:        17478960 Byte
20220312 000738.843 INFO             PET0 PIOc_sync Exit - MemInfo: [malloc] Total space held (mmap + non-mmap):         17602880 Byte
20220312 000738.843 INFO             PET0 PIOc_sync Exit - MemInfo: [malloc] Total space used (mmap + non-mmap):         17487280 Byte
20220312 000738.843 INFO             PET0 PIOc_sync Exit - MemInfo: Wall-clock time since execution start:                0.23974 seconds
20220312 000738.843 INFO             PET0 PIOc_freedecomp Enter - MemInfo: [/proc/meminfo - SSI]	MemTotal:       65855856 kB
20220312 000738.843 INFO             PET0 PIOc_freedecomp Enter - MemInfo: [/proc/meminfo - SSI]	MemFree:        61181448 kB
20220312 000738.843 INFO             PET0 PIOc_freedecomp Enter - MemInfo: [/proc/meminfo - SSI]	MemAvailable:   60945300 kB
20220312 000738.843 INFO             PET0 PIOc_freedecomp Enter - MemInfo: [/proc/meminfo - SSI]	Committed_AS:    2929100 kB
20220312 000738.843 INFO             PET0 PIOc_freedecomp Enter - MemInfo: [/proc/meminfo - SSI]	CommittedPercent: 4.44774 %
20220312 000738.844 INFO             PET0 PIOc_freedecomp Enter - MemInfo: [/proc/self/status]	VmPeak:	   57068 kB
20220312 000738.844 INFO             PET0 PIOc_freedecomp Enter - MemInfo: [/proc/self/status]	VmSize:	   57068 kB
20220312 000738.844 INFO             PET0 PIOc_freedecomp Enter - MemInfo: [/proc/self/status]	VmLck:	       0 kB
20220312 000738.844 INFO             PET0 PIOc_freedecomp Enter - MemInfo: [/proc/self/status]	VmPin:	       0 kB
20220312 000738.844 INFO             PET0 PIOc_freedecomp Enter - MemInfo: [/proc/self/status]	VmHWM:	   20124 kB
20220312 000738.844 INFO             PET0 PIOc_freedecomp Enter - MemInfo: [/proc/self/status]	VmRSS:	   16588 kB
20220312 000738.844 INFO             PET0 PIOc_freedecomp Enter - MemInfo: [/proc/self/status]	VmData:	   21428 kB
20220312 000738.844 INFO             PET0 PIOc_freedecomp Enter - MemInfo: [/proc/self/status]	VmStk:	     164 kB
20220312 000738.844 INFO             PET0 PIOc_freedecomp Enter - MemInfo: [/proc/self/status]	VmExe:	   27324 kB
20220312 000738.844 INFO             PET0 PIOc_freedecomp Enter - MemInfo: [/proc/self/status]	VmLib:	    1952 kB
20220312 000738.844 INFO             PET0 PIOc_freedecomp Enter - MemInfo: [/proc/self/status]	VmPTE:	     120 kB
20220312 000738.844 INFO             PET0 PIOc_freedecomp Enter - MemInfo: [/proc/self/status]	VmPMD:	      12 kB
20220312 000738.844 INFO             PET0 PIOc_freedecomp Enter - MemInfo: [/proc/self/status]	VmSwap:	       0 kB
20220312 000738.844 INFO             PET0 PIOc_freedecomp Enter - MemInfo: [/proc/self/status]	VmRSSPercent: 0.0251883 %
20220312 000738.844 INFO             PET0 PIOc_freedecomp Enter - MemInfo: [malloc] Non-mmapped space allocated:                10242368 Byte
20220312 000738.844 INFO             PET0 PIOc_freedecomp Enter - MemInfo: [malloc] Space allocated in mmapped regions:          7360512 Byte
20220312 000738.844 INFO             PET0 PIOc_freedecomp Enter - MemInfo: [malloc] Maximum total allocated space:                     0 Byte
20220312 000738.844 INFO             PET0 PIOc_freedecomp Enter - MemInfo: [malloc] Space in freed fastbin blocks:                   160 Byte
20220312 000738.844 INFO             PET0 PIOc_freedecomp Enter - MemInfo: [malloc] Total allocated space:                       1193296 Byte
20220312 000738.844 INFO             PET0 PIOc_freedecomp Enter - MemInfo: [malloc] Total free space:                            9049072 Byte
20220312 000738.844 INFO             PET0 PIOc_freedecomp Enter - MemInfo: [malloc] Top-most, releasable space:                   121104 Byte
20220312 000738.844 INFO             PET0 PIOc_freedecomp Enter - MemInfo: [malloc] Total space in use, mmap + non-mmap:         8553808 Byte
20220312 000738.844 INFO             PET0 PIOc_freedecomp Enter - MemInfo: [malloc] Total space held (mmap + non-mmap):         17602880 Byte
20220312 000738.844 INFO             PET0 PIOc_freedecomp Enter - MemInfo: [malloc] Total space used (mmap + non-mmap):          8562016 Byte
20220312 000738.844 INFO             PET0 PIOc_freedecomp Enter - MemInfo: Wall-clock time since execution start:               0.240255 seconds
20220312 000738.844 INFO             PET0 PIOc_freedecomp Exit - MemInfo: [/proc/meminfo - SSI]	MemTotal:       65855856 kB
20220312 000738.844 INFO             PET0 PIOc_freedecomp Exit - MemInfo: [/proc/meminfo - SSI]	MemFree:        61181448 kB
20220312 000738.844 INFO             PET0 PIOc_freedecomp Exit - MemInfo: [/proc/meminfo - SSI]	MemAvailable:   60945300 kB
20220312 000738.844 INFO             PET0 PIOc_freedecomp Exit - MemInfo: [/proc/meminfo - SSI]	Committed_AS:    2929100 kB
20220312 000738.844 INFO             PET0 PIOc_freedecomp Exit - MemInfo: [/proc/meminfo - SSI]	CommittedPercent: 4.44774 %
20220312 000738.844 INFO             PET0 PIOc_freedecomp Exit - MemInfo: [/proc/self/status]	VmPeak:	   57068 kB
20220312 000738.844 INFO             PET0 PIOc_freedecomp Exit - MemInfo: [/proc/self/status]	VmSize:	   57068 kB
20220312 000738.844 INFO             PET0 PIOc_freedecomp Exit - MemInfo: [/proc/self/status]	VmLck:	       0 kB
20220312 000738.844 INFO             PET0 PIOc_freedecomp Exit - MemInfo: [/proc/self/status]	VmPin:	       0 kB
20220312 000738.844 INFO             PET0 PIOc_freedecomp Exit - MemInfo: [/proc/self/status]	VmHWM:	   20124 kB
20220312 000738.844 INFO             PET0 PIOc_freedecomp Exit - MemInfo: [/proc/self/status]	VmRSS:	   16588 kB
20220312 000738.844 INFO             PET0 PIOc_freedecomp Exit - MemInfo: [/proc/self/status]	VmData:	   21428 kB
20220312 000738.844 INFO             PET0 PIOc_freedecomp Exit - MemInfo: [/proc/self/status]	VmStk:	     164 kB
20220312 000738.844 INFO             PET0 PIOc_freedecomp Exit - MemInfo: [/proc/self/status]	VmExe:	   27324 kB
20220312 000738.844 INFO             PET0 PIOc_freedecomp Exit - MemInfo: [/proc/self/status]	VmLib:	    1952 kB
20220312 000738.844 INFO             PET0 PIOc_freedecomp Exit - MemInfo: [/proc/self/status]	VmPTE:	     120 kB
20220312 000738.844 INFO             PET0 PIOc_freedecomp Exit - MemInfo: [/proc/self/status]	VmPMD:	      12 kB
20220312 000738.844 INFO             PET0 PIOc_freedecomp Exit - MemInfo: [/proc/self/status]	VmSwap:	       0 kB
20220312 000738.844 INFO             PET0 PIOc_freedecomp Exit - MemInfo: [/proc/self/status]	VmRSSPercent: 0.0251883 %
20220312 000738.844 INFO             PET0 PIOc_freedecomp Exit - MemInfo: [malloc] Non-mmapped space allocated:                10242368 Byte
20220312 000738.844 INFO             PET0 PIOc_freedecomp Exit - MemInfo: [malloc] Space allocated in mmapped regions:          7360512 Byte
20220312 000738.844 INFO             PET0 PIOc_freedecomp Exit - MemInfo: [malloc] Maximum total allocated space:                     0 Byte
20220312 000738.844 INFO             PET0 PIOc_freedecomp Exit - MemInfo: [malloc] Space in freed fastbin blocks:                   800 Byte
20220312 000738.844 INFO             PET0 PIOc_freedecomp Exit - MemInfo: [malloc] Total allocated space:                       1190384 Byte
20220312 000738.844 INFO             PET0 PIOc_freedecomp Exit - MemInfo: [malloc] Total free space:                            9051984 Byte
20220312 000738.844 INFO             PET0 PIOc_freedecomp Exit - MemInfo: [malloc] Top-most, releasable space:                   126800 Byte
20220312 000738.844 INFO             PET0 PIOc_freedecomp Exit - MemInfo: [malloc] Total space in use, mmap + non-mmap:         8550896 Byte
20220312 000738.844 INFO             PET0 PIOc_freedecomp Exit - MemInfo: [malloc] Total space held (mmap + non-mmap):         17602880 Byte
20220312 000738.844 INFO             PET0 PIOc_freedecomp Exit - MemInfo: [malloc] Total space used (mmap + non-mmap):          8559104 Byte
20220312 000738.844 INFO             PET0 PIOc_freedecomp Exit - MemInfo: Wall-clock time since execution start:                0.24064 seconds
20220312 000738.844 INFO             PET0 PASS Create an ESMC_RouteHandle via ESMC_FieldRegridStore(), ESMC_FieldRegridUTest.C, line 367
20220312 000738.845 INFO             PET0 PASS Execute ESMC_FieldRegrid(), ESMC_FieldRegridUTest.C, line 375
20220312 000738.850 INFO             PET0 PIOc_sync Enter - MemInfo: [/proc/meminfo - SSI]	MemTotal:       65855856 kB
20220312 000738.850 INFO             PET0 PIOc_sync Enter - MemInfo: [/proc/meminfo - SSI]	MemFree:        61172880 kB
20220312 000738.850 INFO             PET0 PIOc_sync Enter - MemInfo: [/proc/meminfo - SSI]	MemAvailable:   60936732 kB
20220312 000738.850 INFO             PET0 PIOc_sync Enter - MemInfo: [/proc/meminfo - SSI]	Committed_AS:    2937300 kB
20220312 000738.850 INFO             PET0 PIOc_sync Enter - MemInfo: [/proc/meminfo - SSI]	CommittedPercent: 4.4602 %
20220312 000738.850 INFO             PET0 PIOc_sync Enter - MemInfo: [/proc/self/status]	VmPeak:	   65268 kB
20220312 000738.850 INFO             PET0 PIOc_sync Enter - MemInfo: [/proc/self/status]	VmSize:	   65268 kB
20220312 000738.850 INFO             PET0 PIOc_sync Enter - MemInfo: [/proc/self/status]	VmLck:	       0 kB
20220312 000738.850 INFO             PET0 PIOc_sync Enter - MemInfo: [/proc/self/status]	VmPin:	       0 kB
20220312 000738.850 INFO             PET0 PIOc_sync Enter - MemInfo: [/proc/self/status]	VmHWM:	   24772 kB
20220312 000738.850 INFO             PET0 PIOc_sync Enter - MemInfo: [/proc/self/status]	VmRSS:	   24772 kB
20220312 000738.850 INFO             PET0 PIOc_sync Enter - MemInfo: [/proc/self/status]	VmData:	   29628 kB
20220312 000738.850 INFO             PET0 PIOc_sync Enter - MemInfo: [/proc/self/status]	VmStk:	     164 kB
20220312 000738.850 INFO             PET0 PIOc_sync Enter - MemInfo: [/proc/self/status]	VmExe:	   27324 kB
20220312 000738.850 INFO             PET0 PIOc_sync Enter - MemInfo: [/proc/self/status]	VmLib:	    1952 kB
20220312 000738.850 INFO             PET0 PIOc_sync Enter - MemInfo: [/proc/self/status]	VmPTE:	     136 kB
20220312 000738.850 INFO             PET0 PIOc_sync Enter - MemInfo: [/proc/self/status]	VmPMD:	      12 kB
20220312 000738.851 INFO             PET0 PIOc_sync Enter - MemInfo: [/proc/self/status]	VmSwap:	       0 kB
20220312 000738.851 INFO             PET0 PIOc_sync Enter - MemInfo: [/proc/self/status]	VmRSSPercent: 0.0376155 %
20220312 000738.851 INFO             PET0 PIOc_sync Enter - MemInfo: [malloc] Non-mmapped space allocated:                18639168 Byte
20220312 000738.851 INFO             PET0 PIOc_sync Enter - MemInfo: [malloc] Space allocated in mmapped regions:          7360512 Byte
20220312 000738.851 INFO             PET0 PIOc_sync Enter - MemInfo: [malloc] Maximum total allocated space:                     0 Byte
20220312 000738.851 INFO             PET0 PIOc_sync Enter - MemInfo: [malloc] Space in freed fastbin blocks:                     0 Byte
20220312 000738.851 INFO             PET0 PIOc_sync Enter - MemInfo: [malloc] Total allocated space:                      10126144 Byte
20220312 000738.851 INFO             PET0 PIOc_sync Enter - MemInfo: [malloc] Total free space:                            8513024 Byte
20220312 000738.851 INFO             PET0 PIOc_sync Enter - MemInfo: [malloc] Top-most, releasable space:                   134976 Byte
20220312 000738.851 INFO             PET0 PIOc_sync Enter - MemInfo: [malloc] Total space in use, mmap + non-mmap:        17486656 Byte
20220312 000738.851 INFO             PET0 PIOc_sync Enter - MemInfo: [malloc] Total space held (mmap + non-mmap):         25999680 Byte
20220312 000738.851 INFO             PET0 PIOc_sync Enter - MemInfo: [malloc] Total space used (mmap + non-mmap):         17495088 Byte
20220312 000738.851 INFO             PET0 PIOc_sync Enter - MemInfo: Wall-clock time since execution start:               0.247116 seconds
20220312 000738.851 INFO             PET0 PIOc_sync Exit - MemInfo: [/proc/meminfo - SSI]	MemTotal:       65855856 kB
20220312 000738.851 INFO             PET0 PIOc_sync Exit - MemInfo: [/proc/meminfo - SSI]	MemFree:        61172880 kB
20220312 000738.851 INFO             PET0 PIOc_sync Exit - MemInfo: [/proc/meminfo - SSI]	MemAvailable:   60936732 kB
20220312 000738.851 INFO             PET0 PIOc_sync Exit - MemInfo: [/proc/meminfo - SSI]	Committed_AS:    2937300 kB
20220312 000738.851 INFO             PET0 PIOc_sync Exit - MemInfo: [/proc/meminfo - SSI]	CommittedPercent: 4.4602 %
20220312 000738.851 INFO             PET0 PIOc_sync Exit - MemInfo: [/proc/self/status]	VmPeak:	   65268 kB
20220312 000738.851 INFO             PET0 PIOc_sync Exit - MemInfo: [/proc/self/status]	VmSize:	   65268 kB
20220312 000738.851 INFO             PET0 PIOc_sync Exit - MemInfo: [/proc/self/status]	VmLck:	       0 kB
20220312 000738.851 INFO             PET0 PIOc_sync Exit - MemInfo: [/proc/self/status]	VmPin:	       0 kB
20220312 000738.851 INFO             PET0 PIOc_sync Exit - MemInfo: [/proc/self/status]	VmHWM:	   24772 kB
20220312 000738.851 INFO             PET0 PIOc_sync Exit - MemInfo: [/proc/self/status]	VmRSS:	   24772 kB
20220312 000738.851 INFO             PET0 PIOc_sync Exit - MemInfo: [/proc/self/status]	VmData:	   29628 kB
20220312 000738.851 INFO             PET0 PIOc_sync Exit - MemInfo: [/proc/self/status]	VmStk:	     164 kB
20220312 000738.851 INFO             PET0 PIOc_sync Exit - MemInfo: [/proc/self/status]	VmExe:	   27324 kB
20220312 000738.851 INFO             PET0 PIOc_sync Exit - MemInfo: [/proc/self/status]	VmLib:	    1952 kB
20220312 000738.851 INFO             PET0 PIOc_sync Exit - MemInfo: [/proc/self/status]	VmPTE:	     136 kB
20220312 000738.851 INFO             PET0 PIOc_sync Exit - MemInfo: [/proc/self/status]	VmPMD:	      12 kB
20220312 000738.851 INFO             PET0 PIOc_sync Exit - MemInfo: [/proc/self/status]	VmSwap:	       0 kB
20220312 000738.851 INFO             PET0 PIOc_sync Exit - MemInfo: [/proc/self/status]	VmRSSPercent: 0.0376155 %
20220312 000738.851 INFO             PET0 PIOc_sync Exit - MemInfo: [malloc] Non-mmapped space allocated:                18639168 Byte
20220312 000738.851 INFO             PET0 PIOc_sync Exit - MemInfo: [malloc] Space allocated in mmapped regions:          7360512 Byte
20220312 000738.851 INFO             PET0 PIOc_sync Exit - MemInfo: [malloc] Maximum total allocated space:                     0 Byte
20220312 000738.851 INFO             PET0 PIOc_sync Exit - MemInfo: [malloc] Space in freed fastbin blocks:                     0 Byte
20220312 000738.851 INFO             PET0 PIOc_sync Exit - MemInfo: [malloc] Total allocated space:                      10126320 Byte
20220312 000738.851 INFO             PET0 PIOc_sync Exit - MemInfo: [malloc] Total free space:                            8512848 Byte
20220312 000738.851 INFO             PET0 PIOc_sync Exit - MemInfo: [malloc] Top-most, releasable space:                   134976 Byte
20220312 000738.851 INFO             PET0 PIOc_sync Exit - MemInfo: [malloc] Total space in use, mmap + non-mmap:        17486832 Byte
20220312 000738.851 INFO             PET0 PIOc_sync Exit - MemInfo: [malloc] Total space held (mmap + non-mmap):         25999680 Byte
20220312 000738.851 INFO             PET0 PIOc_sync Exit - MemInfo: [malloc] Total space used (mmap + non-mmap):         17495264 Byte
20220312 000738.851 INFO             PET0 PIOc_sync Exit - MemInfo: Wall-clock time since execution start:               0.247526 seconds
20220312 000738.851 INFO             PET0 PIOc_freedecomp Enter - MemInfo: [/proc/meminfo - SSI]	MemTotal:       65855856 kB
20220312 000738.851 INFO             PET0 PIOc_freedecomp Enter - MemInfo: [/proc/meminfo - SSI]	MemFree:        61172880 kB
20220312 000738.851 INFO             PET0 PIOc_freedecomp Enter - MemInfo: [/proc/meminfo - SSI]	MemAvailable:   60936732 kB
20220312 000738.851 INFO             PET0 PIOc_freedecomp Enter - MemInfo: [/proc/meminfo - SSI]	Committed_AS:    2937300 kB
20220312 000738.851 INFO             PET0 PIOc_freedecomp Enter - MemInfo: [/proc/meminfo - SSI]	CommittedPercent: 4.4602 %
20220312 000738.851 INFO             PET0 PIOc_freedecomp Enter - MemInfo: [/proc/self/status]	VmPeak:	   65268 kB
20220312 000738.851 INFO             PET0 PIOc_freedecomp Enter - MemInfo: [/proc/self/status]	VmSize:	   65268 kB
20220312 000738.851 INFO             PET0 PIOc_freedecomp Enter - MemInfo: [/proc/self/status]	VmLck:	       0 kB
20220312 000738.851 INFO             PET0 PIOc_freedecomp Enter - MemInfo: [/proc/self/status]	VmPin:	       0 kB
20220312 000738.851 INFO             PET0 PIOc_freedecomp Enter - MemInfo: [/proc/self/status]	VmHWM:	   24772 kB
20220312 000738.851 INFO             PET0 PIOc_freedecomp Enter - MemInfo: [/proc/self/status]	VmRSS:	   24772 kB
20220312 000738.851 INFO             PET0 PIOc_freedecomp Enter - MemInfo: [/proc/self/status]	VmData:	   29628 kB
20220312 000738.851 INFO             PET0 PIOc_freedecomp Enter - MemInfo: [/proc/self/status]	VmStk:	     164 kB
20220312 000738.851 INFO             PET0 PIOc_freedecomp Enter - MemInfo: [/proc/self/status]	VmExe:	   27324 kB
20220312 000738.851 INFO             PET0 PIOc_freedecomp Enter - MemInfo: [/proc/self/status]	VmLib:	    1952 kB
20220312 000738.851 INFO             PET0 PIOc_freedecomp Enter - MemInfo: [/proc/self/status]	VmPTE:	     136 kB
20220312 000738.851 INFO             PET0 PIOc_freedecomp Enter - MemInfo: [/proc/self/status]	VmPMD:	      12 kB
20220312 000738.851 INFO             PET0 PIOc_freedecomp Enter - MemInfo: [/proc/self/status]	VmSwap:	       0 kB
20220312 000738.851 INFO             PET0 PIOc_freedecomp Enter - MemInfo: [/proc/self/status]	VmRSSPercent: 0.0376155 %
20220312 000738.851 INFO             PET0 PIOc_freedecomp Enter - MemInfo: [malloc] Non-mmapped space allocated:                18639168 Byte
20220312 000738.851 INFO             PET0 PIOc_freedecomp Enter - MemInfo: [malloc] Space allocated in mmapped regions:          7360512 Byte
20220312 000738.851 INFO             PET0 PIOc_freedecomp Enter - MemInfo: [malloc] Maximum total allocated space:                     0 Byte
20220312 000738.851 INFO             PET0 PIOc_freedecomp Enter - MemInfo: [malloc] Space in freed fastbin blocks:                   192 Byte
20220312 000738.852 INFO             PET0 PIOc_freedecomp Enter - MemInfo: [malloc] Total allocated space:                       1201136 Byte
20220312 000738.852 INFO             PET0 PIOc_freedecomp Enter - MemInfo: [malloc] Total free space:                           17438032 Byte
20220312 000738.852 INFO             PET0 PIOc_freedecomp Enter - MemInfo: [malloc] Top-most, releasable space:                  8523600 Byte
20220312 000738.852 INFO             PET0 PIOc_freedecomp Enter - MemInfo: [malloc] Total space in use, mmap + non-mmap:         8561648 Byte
20220312 000738.852 INFO             PET0 PIOc_freedecomp Enter - MemInfo: [malloc] Total space held (mmap + non-mmap):         25999680 Byte
20220312 000738.852 INFO             PET0 PIOc_freedecomp Enter - MemInfo: [malloc] Total space used (mmap + non-mmap):          8569856 Byte
20220312 000738.852 INFO             PET0 PIOc_freedecomp Enter - MemInfo: Wall-clock time since execution start:               0.248042 seconds
20220312 000738.852 INFO             PET0 PIOc_freedecomp Exit - MemInfo: [/proc/meminfo - SSI]	MemTotal:       65855856 kB
20220312 000738.852 INFO             PET0 PIOc_freedecomp Exit - MemInfo: [/proc/meminfo - SSI]	MemFree:        61172880 kB
20220312 000738.852 INFO             PET0 PIOc_freedecomp Exit - MemInfo: [/proc/meminfo - SSI]	MemAvailable:   60936732 kB
20220312 000738.852 INFO             PET0 PIOc_freedecomp Exit - MemInfo: [/proc/meminfo - SSI]	Committed_AS:    2937300 kB
20220312 000738.852 INFO             PET0 PIOc_freedecomp Exit - MemInfo: [/proc/meminfo - SSI]	CommittedPercent: 4.4602 %
20220312 000738.852 INFO             PET0 PIOc_freedecomp Exit - MemInfo: [/proc/self/status]	VmPeak:	   65268 kB
20220312 000738.852 INFO             PET0 PIOc_freedecomp Exit - MemInfo: [/proc/self/status]	VmSize:	   65268 kB
20220312 000738.852 INFO             PET0 PIOc_freedecomp Exit - MemInfo: [/proc/self/status]	VmLck:	       0 kB
20220312 000738.852 INFO             PET0 PIOc_freedecomp Exit - MemInfo: [/proc/self/status]	VmPin:	       0 kB
20220312 000738.852 INFO             PET0 PIOc_freedecomp Exit - MemInfo: [/proc/self/status]	VmHWM:	   24772 kB
20220312 000738.852 INFO             PET0 PIOc_freedecomp Exit - MemInfo: [/proc/self/status]	VmRSS:	   24772 kB
20220312 000738.852 INFO             PET0 PIOc_freedecomp Exit - MemInfo: [/proc/self/status]	VmData:	   29628 kB
20220312 000738.852 INFO             PET0 PIOc_freedecomp Exit - MemInfo: [/proc/self/status]	VmStk:	     164 kB
20220312 000738.852 INFO             PET0 PIOc_freedecomp Exit - MemInfo: [/proc/self/status]	VmExe:	   27324 kB
20220312 000738.852 INFO             PET0 PIOc_freedecomp Exit - MemInfo: [/proc/self/status]	VmLib:	    1952 kB
20220312 000738.852 INFO             PET0 PIOc_freedecomp Exit - MemInfo: [/proc/self/status]	VmPTE:	     136 kB
20220312 000738.852 INFO             PET0 PIOc_freedecomp Exit - MemInfo: [/proc/self/status]	VmPMD:	      12 kB
20220312 000738.852 INFO             PET0 PIOc_freedecomp Exit - MemInfo: [/proc/self/status]	VmSwap:	       0 kB
20220312 000738.852 INFO             PET0 PIOc_freedecomp Exit - MemInfo: [/proc/self/status]	VmRSSPercent: 0.0376155 %
20220312 000738.852 INFO             PET0 PIOc_freedecomp Exit - MemInfo: [malloc] Non-mmapped space allocated:                18639168 Byte
20220312 000738.852 INFO             PET0 PIOc_freedecomp Exit - MemInfo: [malloc] Space allocated in mmapped regions:          7360512 Byte
20220312 000738.852 INFO             PET0 PIOc_freedecomp Exit - MemInfo: [malloc] Maximum total allocated space:                     0 Byte
20220312 000738.852 INFO             PET0 PIOc_freedecomp Exit - MemInfo: [malloc] Space in freed fastbin blocks:                   912 Byte
20220312 000738.852 INFO             PET0 PIOc_freedecomp Exit - MemInfo: [malloc] Total allocated space:                       1199696 Byte
20220312 000738.852 INFO             PET0 PIOc_freedecomp Exit - MemInfo: [malloc] Total free space:                           17439472 Byte
20220312 000738.852 INFO             PET0 PIOc_freedecomp Exit - MemInfo: [malloc] Top-most, releasable space:                  8523600 Byte
20220312 000738.852 INFO             PET0 PIOc_freedecomp Exit - MemInfo: [malloc] Total space in use, mmap + non-mmap:         8560208 Byte
20220312 000738.852 INFO             PET0 PIOc_freedecomp Exit - MemInfo: [malloc] Total space held (mmap + non-mmap):         25999680 Byte
20220312 000738.852 INFO             PET0 PIOc_freedecomp Exit - MemInfo: [malloc] Total space used (mmap + non-mmap):          8568416 Byte
20220312 000738.852 INFO             PET0 PIOc_freedecomp Exit - MemInfo: Wall-clock time since execution start:               0.248432 seconds
20220312 000738.853 INFO             PET0 PIOc_sync Enter - MemInfo: [/proc/meminfo - SSI]	MemTotal:       65855856 kB
20220312 000738.853 INFO             PET0 PIOc_sync Enter - MemInfo: [/proc/meminfo - SSI]	MemFree:        61172880 kB
20220312 000738.853 INFO             PET0 PIOc_sync Enter - MemInfo: [/proc/meminfo - SSI]	MemAvailable:   60936732 kB
20220312 000738.853 INFO             PET0 PIOc_sync Enter - MemInfo: [/proc/meminfo - SSI]	Committed_AS:    2937300 kB
20220312 000738.853 INFO             PET0 PIOc_sync Enter - MemInfo: [/proc/meminfo - SSI]	CommittedPercent: 4.4602 %
20220312 000738.853 INFO             PET0 PIOc_sync Enter - MemInfo: [/proc/self/status]	VmPeak:	   65268 kB
20220312 000738.853 INFO             PET0 PIOc_sync Enter - MemInfo: [/proc/self/status]	VmSize:	   65268 kB
20220312 000738.853 INFO             PET0 PIOc_sync Enter - MemInfo: [/proc/self/status]	VmLck:	       0 kB
20220312 000738.853 INFO             PET0 PIOc_sync Enter - MemInfo: [/proc/self/status]	VmPin:	       0 kB
20220312 000738.853 INFO             PET0 PIOc_sync Enter - MemInfo: [/proc/self/status]	VmHWM:	   24772 kB
20220312 000738.853 INFO             PET0 PIOc_sync Enter - MemInfo: [/proc/self/status]	VmRSS:	   24772 kB
20220312 000738.853 INFO             PET0 PIOc_sync Enter - MemInfo: [/proc/self/status]	VmData:	   29628 kB
20220312 000738.853 INFO             PET0 PIOc_sync Enter - MemInfo: [/proc/self/status]	VmStk:	     164 kB
20220312 000738.853 INFO             PET0 PIOc_sync Enter - MemInfo: [/proc/self/status]	VmExe:	   27324 kB
20220312 000738.853 INFO             PET0 PIOc_sync Enter - MemInfo: [/proc/self/status]	VmLib:	    1952 kB
20220312 000738.853 INFO             PET0 PIOc_sync Enter - MemInfo: [/proc/self/status]	VmPTE:	     136 kB
20220312 000738.853 INFO             PET0 PIOc_sync Enter - MemInfo: [/proc/self/status]	VmPMD:	      12 kB
20220312 000738.853 INFO             PET0 PIOc_sync Enter - MemInfo: [/proc/self/status]	VmSwap:	       0 kB
20220312 000738.853 INFO             PET0 PIOc_sync Enter - MemInfo: [/proc/self/status]	VmRSSPercent: 0.0376155 %
20220312 000738.853 INFO             PET0 PIOc_sync Enter - MemInfo: [malloc] Non-mmapped space allocated:                18639168 Byte
20220312 000738.853 INFO             PET0 PIOc_sync Enter - MemInfo: [malloc] Space allocated in mmapped regions:          7360512 Byte
20220312 000738.853 INFO             PET0 PIOc_sync Enter - MemInfo: [malloc] Maximum total allocated space:                     0 Byte
20220312 000738.853 INFO             PET0 PIOc_sync Enter - MemInfo: [malloc] Space in freed fastbin blocks:                   624 Byte
20220312 000738.853 INFO             PET0 PIOc_sync Enter - MemInfo: [malloc] Total allocated space:                      10128384 Byte
20220312 000738.853 INFO             PET0 PIOc_sync Enter - MemInfo: [malloc] Total free space:                            8510784 Byte
20220312 000738.854 INFO             PET0 PIOc_sync Enter - MemInfo: [malloc] Top-most, releasable space:                   134976 Byte
20220312 000738.854 INFO             PET0 PIOc_sync Enter - MemInfo: [malloc] Total space in use, mmap + non-mmap:        17488896 Byte
20220312 000738.854 INFO             PET0 PIOc_sync Enter - MemInfo: [malloc] Total space held (mmap + non-mmap):         25999680 Byte
20220312 000738.854 INFO             PET0 PIOc_sync Enter - MemInfo: [malloc] Total space used (mmap + non-mmap):         17497440 Byte
20220312 000738.854 INFO             PET0 PIOc_sync Enter - MemInfo: Wall-clock time since execution start:               0.250072 seconds
20220312 000738.854 INFO             PET0 PIOc_sync Exit - MemInfo: [/proc/meminfo - SSI]	MemTotal:       65855856 kB
20220312 000738.854 INFO             PET0 PIOc_sync Exit - MemInfo: [/proc/meminfo - SSI]	MemFree:        61172880 kB
20220312 000738.854 INFO             PET0 PIOc_sync Exit - MemInfo: [/proc/meminfo - SSI]	MemAvailable:   60936732 kB
20220312 000738.854 INFO             PET0 PIOc_sync Exit - MemInfo: [/proc/meminfo - SSI]	Committed_AS:    2937300 kB
20220312 000738.854 INFO             PET0 PIOc_sync Exit - MemInfo: [/proc/meminfo - SSI]	CommittedPercent: 4.4602 %
20220312 000738.854 INFO             PET0 PIOc_sync Exit - MemInfo: [/proc/self/status]	VmPeak:	   65268 kB
20220312 000738.854 INFO             PET0 PIOc_sync Exit - MemInfo: [/proc/self/status]	VmSize:	   65268 kB
20220312 000738.854 INFO             PET0 PIOc_sync Exit - MemInfo: [/proc/self/status]	VmLck:	       0 kB
20220312 000738.854 INFO             PET0 PIOc_sync Exit - MemInfo: [/proc/self/status]	VmPin:	       0 kB
20220312 000738.854 INFO             PET0 PIOc_sync Exit - MemInfo: [/proc/self/status]	VmHWM:	   24772 kB
20220312 000738.854 INFO             PET0 PIOc_sync Exit - MemInfo: [/proc/self/status]	VmRSS:	   24772 kB
20220312 000738.854 INFO             PET0 PIOc_sync Exit - MemInfo: [/proc/self/status]	VmData:	   29628 kB
20220312 000738.854 INFO             PET0 PIOc_sync Exit - MemInfo: [/proc/self/status]	VmStk:	     164 kB
20220312 000738.854 INFO             PET0 PIOc_sync Exit - MemInfo: [/proc/self/status]	VmExe:	   27324 kB
20220312 000738.854 INFO             PET0 PIOc_sync Exit - MemInfo: [/proc/self/status]	VmLib:	    1952 kB
20220312 000738.854 INFO             PET0 PIOc_sync Exit - MemInfo: [/proc/self/status]	VmPTE:	     136 kB
20220312 000738.854 INFO             PET0 PIOc_sync Exit - MemInfo: [/proc/self/status]	VmPMD:	      12 kB
20220312 000738.854 INFO             PET0 PIOc_sync Exit - MemInfo: [/proc/self/status]	VmSwap:	       0 kB
20220312 000738.854 INFO             PET0 PIOc_sync Exit - MemInfo: [/proc/self/status]	VmRSSPercent: 0.0376155 %
20220312 000738.854 INFO             PET0 PIOc_sync Exit - MemInfo: [malloc] Non-mmapped space allocated:                18639168 Byte
20220312 000738.854 INFO             PET0 PIOc_sync Exit - MemInfo: [malloc] Space allocated in mmapped regions:          7360512 Byte
20220312 000738.854 INFO             PET0 PIOc_sync Exit - MemInfo: [malloc] Maximum total allocated space:                     0 Byte
20220312 000738.854 INFO             PET0 PIOc_sync Exit - MemInfo: [malloc] Space in freed fastbin blocks:                     0 Byte
20220312 000738.854 INFO             PET0 PIOc_sync Exit - MemInfo: [malloc] Total allocated space:                      10128560 Byte
20220312 000738.854 INFO             PET0 PIOc_sync Exit - MemInfo: [malloc] Total free space:                            8510608 Byte
20220312 000738.854 INFO             PET0 PIOc_sync Exit - MemInfo: [malloc] Top-most, releasable space:                   134976 Byte
20220312 000738.854 INFO             PET0 PIOc_sync Exit - MemInfo: [malloc] Total space in use, mmap + non-mmap:        17489072 Byte
20220312 000738.854 INFO             PET0 PIOc_sync Exit - MemInfo: [malloc] Total space held (mmap + non-mmap):         25999680 Byte
20220312 000738.854 INFO             PET0 PIOc_sync Exit - MemInfo: [malloc] Total space used (mmap + non-mmap):         17497392 Byte
20220312 000738.854 INFO             PET0 PIOc_sync Exit - MemInfo: Wall-clock time since execution start:               0.250526 seconds
20220312 000738.854 INFO             PET0 PIOc_freedecomp Enter - MemInfo: [/proc/meminfo - SSI]	MemTotal:       65855856 kB
20220312 000738.854 INFO             PET0 PIOc_freedecomp Enter - MemInfo: [/proc/meminfo - SSI]	MemFree:        61172880 kB
20220312 000738.854 INFO             PET0 PIOc_freedecomp Enter - MemInfo: [/proc/meminfo - SSI]	MemAvailable:   60936732 kB
20220312 000738.854 INFO             PET0 PIOc_freedecomp Enter - MemInfo: [/proc/meminfo - SSI]	Committed_AS:    2937300 kB
20220312 000738.854 INFO             PET0 PIOc_freedecomp Enter - MemInfo: [/proc/meminfo - SSI]	CommittedPercent: 4.4602 %
20220312 000738.854 INFO             PET0 PIOc_freedecomp Enter - MemInfo: [/proc/self/status]	VmPeak:	   65268 kB
20220312 000738.854 INFO             PET0 PIOc_freedecomp Enter - MemInfo: [/proc/self/status]	VmSize:	   65268 kB
20220312 000738.854 INFO             PET0 PIOc_freedecomp Enter - MemInfo: [/proc/self/status]	VmLck:	       0 kB
20220312 000738.854 INFO             PET0 PIOc_freedecomp Enter - MemInfo: [/proc/self/status]	VmPin:	       0 kB
20220312 000738.854 INFO             PET0 PIOc_freedecomp Enter - MemInfo: [/proc/self/status]	VmHWM:	   24772 kB
20220312 000738.854 INFO             PET0 PIOc_freedecomp Enter - MemInfo: [/proc/self/status]	VmRSS:	   24772 kB
20220312 000738.854 INFO             PET0 PIOc_freedecomp Enter - MemInfo: [/proc/self/status]	VmData:	   29628 kB
20220312 000738.854 INFO             PET0 PIOc_freedecomp Enter - MemInfo: [/proc/self/status]	VmStk:	     164 kB
20220312 000738.854 INFO             PET0 PIOc_freedecomp Enter - MemInfo: [/proc/self/status]	VmExe:	   27324 kB
20220312 000738.854 INFO             PET0 PIOc_freedecomp Enter - MemInfo: [/proc/self/status]	VmLib:	    1952 kB
20220312 000738.854 INFO             PET0 PIOc_freedecomp Enter - MemInfo: [/proc/self/status]	VmPTE:	     136 kB
20220312 000738.854 INFO             PET0 PIOc_freedecomp Enter - MemInfo: [/proc/self/status]	VmPMD:	      12 kB
20220312 000738.854 INFO             PET0 PIOc_freedecomp Enter - MemInfo: [/proc/self/status]	VmSwap:	       0 kB
20220312 000738.854 INFO             PET0 PIOc_freedecomp Enter - MemInfo: [/proc/self/status]	VmRSSPercent: 0.0376155 %
20220312 000738.854 INFO             PET0 PIOc_freedecomp Enter - MemInfo: [malloc] Non-mmapped space allocated:                18639168 Byte
20220312 000738.854 INFO             PET0 PIOc_freedecomp Enter - MemInfo: [malloc] Space allocated in mmapped regions:          7360512 Byte
20220312 000738.854 INFO             PET0 PIOc_freedecomp Enter - MemInfo: [malloc] Maximum total allocated space:                     0 Byte
20220312 000738.854 INFO             PET0 PIOc_freedecomp Enter - MemInfo: [malloc] Space in freed fastbin blocks:                   272 Byte
20220312 000738.854 INFO             PET0 PIOc_freedecomp Enter - MemInfo: [malloc] Total allocated space:                       1202608 Byte
20220312 000738.854 INFO             PET0 PIOc_freedecomp Enter - MemInfo: [malloc] Total free space:                           17436560 Byte
20220312 000738.854 INFO             PET0 PIOc_freedecomp Enter - MemInfo: [malloc] Top-most, releasable space:                  8523600 Byte
20220312 000738.854 INFO             PET0 PIOc_freedecomp Enter - MemInfo: [malloc] Total space in use, mmap + non-mmap:         8563120 Byte
20220312 000738.855 INFO             PET0 PIOc_freedecomp Enter - MemInfo: [malloc] Total space held (mmap + non-mmap):         25999680 Byte
20220312 000738.855 INFO             PET0 PIOc_freedecomp Enter - MemInfo: [malloc] Total space used (mmap + non-mmap):          8571328 Byte
20220312 000738.855 INFO             PET0 PIOc_freedecomp Enter - MemInfo: Wall-clock time since execution start:               0.251017 seconds
20220312 000738.855 INFO             PET0 PIOc_freedecomp Exit - MemInfo: [/proc/meminfo - SSI]	MemTotal:       65855856 kB
20220312 000738.855 INFO             PET0 PIOc_freedecomp Exit - MemInfo: [/proc/meminfo - SSI]	MemFree:        61172880 kB
20220312 000738.855 INFO             PET0 PIOc_freedecomp Exit - MemInfo: [/proc/meminfo - SSI]	MemAvailable:   60936732 kB
20220312 000738.855 INFO             PET0 PIOc_freedecomp Exit - MemInfo: [/proc/meminfo - SSI]	Committed_AS:    2937300 kB
20220312 000738.855 INFO             PET0 PIOc_freedecomp Exit - MemInfo: [/proc/meminfo - SSI]	CommittedPercent: 4.4602 %
20220312 000738.855 INFO             PET0 PIOc_freedecomp Exit - MemInfo: [/proc/self/status]	VmPeak:	   65268 kB
20220312 000738.855 INFO             PET0 PIOc_freedecomp Exit - MemInfo: [/proc/self/status]	VmSize:	   65268 kB
20220312 000738.855 INFO             PET0 PIOc_freedecomp Exit - MemInfo: [/proc/self/status]	VmLck:	       0 kB
20220312 000738.855 INFO             PET0 PIOc_freedecomp Exit - MemInfo: [/proc/self/status]	VmPin:	       0 kB
20220312 000738.855 INFO             PET0 PIOc_freedecomp Exit - MemInfo: [/proc/self/status]	VmHWM:	   24772 kB
20220312 000738.855 INFO             PET0 PIOc_freedecomp Exit - MemInfo: [/proc/self/status]	VmRSS:	   24772 kB
20220312 000738.855 INFO             PET0 PIOc_freedecomp Exit - MemInfo: [/proc/self/status]	VmData:	   29628 kB
20220312 000738.855 INFO             PET0 PIOc_freedecomp Exit - MemInfo: [/proc/self/status]	VmStk:	     164 kB
20220312 000738.855 INFO             PET0 PIOc_freedecomp Exit - MemInfo: [/proc/self/status]	VmExe:	   27324 kB
20220312 000738.855 INFO             PET0 PIOc_freedecomp Exit - MemInfo: [/proc/self/status]	VmLib:	    1952 kB
20220312 000738.855 INFO             PET0 PIOc_freedecomp Exit - MemInfo: [/proc/self/status]	VmPTE:	     136 kB
20220312 000738.855 INFO             PET0 PIOc_freedecomp Exit - MemInfo: [/proc/self/status]	VmPMD:	      12 kB
20220312 000738.855 INFO             PET0 PIOc_freedecomp Exit - MemInfo: [/proc/self/status]	VmSwap:	       0 kB
20220312 000738.855 INFO             PET0 PIOc_freedecomp Exit - MemInfo: [/proc/self/status]	VmRSSPercent: 0.0376155 %
20220312 000738.855 INFO             PET0 PIOc_freedecomp Exit - MemInfo: [malloc] Non-mmapped space allocated:                18639168 Byte
20220312 000738.855 INFO             PET0 PIOc_freedecomp Exit - MemInfo: [malloc] Space allocated in mmapped regions:          7360512 Byte
20220312 000738.855 INFO             PET0 PIOc_freedecomp Exit - MemInfo: [malloc] Maximum total allocated space:                     0 Byte
20220312 000738.855 INFO             PET0 PIOc_freedecomp Exit - MemInfo: [malloc] Space in freed fastbin blocks:                   912 Byte
20220312 000738.855 INFO             PET0 PIOc_freedecomp Exit - MemInfo: [malloc] Total allocated space:                       1201168 Byte
20220312 000738.855 INFO             PET0 PIOc_freedecomp Exit - MemInfo: [malloc] Total free space:                           17438000 Byte
20220312 000738.855 INFO             PET0 PIOc_freedecomp Exit - MemInfo: [malloc] Top-most, releasable space:                  8523600 Byte
20220312 000738.855 INFO             PET0 PIOc_freedecomp Exit - MemInfo: [malloc] Total space in use, mmap + non-mmap:         8561680 Byte
20220312 000738.855 INFO             PET0 PIOc_freedecomp Exit - MemInfo: [malloc] Total space held (mmap + non-mmap):         25999680 Byte
20220312 000738.855 INFO             PET0 PIOc_freedecomp Exit - MemInfo: [malloc] Total space used (mmap + non-mmap):          8569888 Byte
20220312 000738.855 INFO             PET0 PIOc_freedecomp Exit - MemInfo: Wall-clock time since execution start:               0.251406 seconds
20220312 000738.856 INFO             PET0 PIOc_sync Enter - MemInfo: [/proc/meminfo - SSI]	MemTotal:       65855856 kB
20220312 000738.856 INFO             PET0 PIOc_sync Enter - MemInfo: [/proc/meminfo - SSI]	MemFree:        61172880 kB
20220312 000738.856 INFO             PET0 PIOc_sync Enter - MemInfo: [/proc/meminfo - SSI]	MemAvailable:   60936732 kB
20220312 000738.856 INFO             PET0 PIOc_sync Enter - MemInfo: [/proc/meminfo - SSI]	Committed_AS:    2937300 kB
20220312 000738.856 INFO             PET0 PIOc_sync Enter - MemInfo: [/proc/meminfo - SSI]	CommittedPercent: 4.4602 %
20220312 000738.856 INFO             PET0 PIOc_sync Enter - MemInfo: [/proc/self/status]	VmPeak:	   65268 kB
20220312 000738.856 INFO             PET0 PIOc_sync Enter - MemInfo: [/proc/self/status]	VmSize:	   65268 kB
20220312 000738.856 INFO             PET0 PIOc_sync Enter - MemInfo: [/proc/self/status]	VmLck:	       0 kB
20220312 000738.856 INFO             PET0 PIOc_sync Enter - MemInfo: [/proc/self/status]	VmPin:	       0 kB
20220312 000738.856 INFO             PET0 PIOc_sync Enter - MemInfo: [/proc/self/status]	VmHWM:	   24772 kB
20220312 000738.856 INFO             PET0 PIOc_sync Enter - MemInfo: [/proc/self/status]	VmRSS:	   24772 kB
20220312 000738.856 INFO             PET0 PIOc_sync Enter - MemInfo: [/proc/self/status]	VmData:	   29628 kB
20220312 000738.856 INFO             PET0 PIOc_sync Enter - MemInfo: [/proc/self/status]	VmStk:	     164 kB
20220312 000738.856 INFO             PET0 PIOc_sync Enter - MemInfo: [/proc/self/status]	VmExe:	   27324 kB
20220312 000738.856 INFO             PET0 PIOc_sync Enter - MemInfo: [/proc/self/status]	VmLib:	    1952 kB
20220312 000738.856 INFO             PET0 PIOc_sync Enter - MemInfo: [/proc/self/status]	VmPTE:	     136 kB
20220312 000738.856 INFO             PET0 PIOc_sync Enter - MemInfo: [/proc/self/status]	VmPMD:	      12 kB
20220312 000738.856 INFO             PET0 PIOc_sync Enter - MemInfo: [/proc/self/status]	VmSwap:	       0 kB
20220312 000738.856 INFO             PET0 PIOc_sync Enter - MemInfo: [/proc/self/status]	VmRSSPercent: 0.0376155 %
20220312 000738.856 INFO             PET0 PIOc_sync Enter - MemInfo: [malloc] Non-mmapped space allocated:                18639168 Byte
20220312 000738.856 INFO             PET0 PIOc_sync Enter - MemInfo: [malloc] Space allocated in mmapped regions:          7360512 Byte
20220312 000738.856 INFO             PET0 PIOc_sync Enter - MemInfo: [malloc] Maximum total allocated space:                     0 Byte
20220312 000738.856 INFO             PET0 PIOc_sync Enter - MemInfo: [malloc] Space in freed fastbin blocks:                   816 Byte
20220312 000738.856 INFO             PET0 PIOc_sync Enter - MemInfo: [malloc] Total allocated space:                      10130368 Byte
20220312 000738.856 INFO             PET0 PIOc_sync Enter - MemInfo: [malloc] Total free space:                            8508800 Byte
20220312 000738.856 INFO             PET0 PIOc_sync Enter - MemInfo: [malloc] Top-most, releasable space:                   134976 Byte
20220312 000738.856 INFO             PET0 PIOc_sync Enter - MemInfo: [malloc] Total space in use, mmap + non-mmap:        17490880 Byte
20220312 000738.856 INFO             PET0 PIOc_sync Enter - MemInfo: [malloc] Total space held (mmap + non-mmap):         25999680 Byte
20220312 000738.856 INFO             PET0 PIOc_sync Enter - MemInfo: [malloc] Total space used (mmap + non-mmap):         17499312 Byte
20220312 000738.856 INFO             PET0 PIOc_sync Enter - MemInfo: Wall-clock time since execution start:               0.252969 seconds
20220312 000738.857 INFO             PET0 PIOc_sync Exit - MemInfo: [/proc/meminfo - SSI]	MemTotal:       65855856 kB
20220312 000738.857 INFO             PET0 PIOc_sync Exit - MemInfo: [/proc/meminfo - SSI]	MemFree:        61172880 kB
20220312 000738.857 INFO             PET0 PIOc_sync Exit - MemInfo: [/proc/meminfo - SSI]	MemAvailable:   60936732 kB
20220312 000738.857 INFO             PET0 PIOc_sync Exit - MemInfo: [/proc/meminfo - SSI]	Committed_AS:    2937300 kB
20220312 000738.857 INFO             PET0 PIOc_sync Exit - MemInfo: [/proc/meminfo - SSI]	CommittedPercent: 4.4602 %
20220312 000738.857 INFO             PET0 PIOc_sync Exit - MemInfo: [/proc/self/status]	VmPeak:	   65268 kB
20220312 000738.857 INFO             PET0 PIOc_sync Exit - MemInfo: [/proc/self/status]	VmSize:	   65268 kB
20220312 000738.857 INFO             PET0 PIOc_sync Exit - MemInfo: [/proc/self/status]	VmLck:	       0 kB
20220312 000738.857 INFO             PET0 PIOc_sync Exit - MemInfo: [/proc/self/status]	VmPin:	       0 kB
20220312 000738.857 INFO             PET0 PIOc_sync Exit - MemInfo: [/proc/self/status]	VmHWM:	   24772 kB
20220312 000738.857 INFO             PET0 PIOc_sync Exit - MemInfo: [/proc/self/status]	VmRSS:	   24772 kB
20220312 000738.857 INFO             PET0 PIOc_sync Exit - MemInfo: [/proc/self/status]	VmData:	   29628 kB
20220312 000738.857 INFO             PET0 PIOc_sync Exit - MemInfo: [/proc/self/status]	VmStk:	     164 kB
20220312 000738.857 INFO             PET0 PIOc_sync Exit - MemInfo: [/proc/self/status]	VmExe:	   27324 kB
20220312 000738.857 INFO             PET0 PIOc_sync Exit - MemInfo: [/proc/self/status]	VmLib:	    1952 kB
20220312 000738.857 INFO             PET0 PIOc_sync Exit - MemInfo: [/proc/self/status]	VmPTE:	     136 kB
20220312 000738.857 INFO             PET0 PIOc_sync Exit - MemInfo: [/proc/self/status]	VmPMD:	      12 kB
20220312 000738.857 INFO             PET0 PIOc_sync Exit - MemInfo: [/proc/self/status]	VmSwap:	       0 kB
20220312 000738.857 INFO             PET0 PIOc_sync Exit - MemInfo: [/proc/self/status]	VmRSSPercent: 0.0376155 %
20220312 000738.857 INFO             PET0 PIOc_sync Exit - MemInfo: [malloc] Non-mmapped space allocated:                18639168 Byte
20220312 000738.857 INFO             PET0 PIOc_sync Exit - MemInfo: [malloc] Space allocated in mmapped regions:          7360512 Byte
20220312 000738.857 INFO             PET0 PIOc_sync Exit - MemInfo: [malloc] Maximum total allocated space:                     0 Byte
20220312 000738.857 INFO             PET0 PIOc_sync Exit - MemInfo: [malloc] Space in freed fastbin blocks:                     0 Byte
20220312 000738.857 INFO             PET0 PIOc_sync Exit - MemInfo: [malloc] Total allocated space:                      10130320 Byte
20220312 000738.857 INFO             PET0 PIOc_sync Exit - MemInfo: [malloc] Total free space:                            8508848 Byte
20220312 000738.857 INFO             PET0 PIOc_sync Exit - MemInfo: [malloc] Top-most, releasable space:                   134976 Byte
20220312 000738.857 INFO             PET0 PIOc_sync Exit - MemInfo: [malloc] Total space in use, mmap + non-mmap:        17490832 Byte
20220312 000738.857 INFO             PET0 PIOc_sync Exit - MemInfo: [malloc] Total space held (mmap + non-mmap):         25999680 Byte
20220312 000738.857 INFO             PET0 PIOc_sync Exit - MemInfo: [malloc] Total space used (mmap + non-mmap):         17499152 Byte
20220312 000738.857 INFO             PET0 PIOc_sync Exit - MemInfo: Wall-clock time since execution start:                0.25339 seconds
20220312 000738.857 INFO             PET0 PIOc_freedecomp Enter - MemInfo: [/proc/meminfo - SSI]	MemTotal:       65855856 kB
20220312 000738.857 INFO             PET0 PIOc_freedecomp Enter - MemInfo: [/proc/meminfo - SSI]	MemFree:        61172880 kB
20220312 000738.857 INFO             PET0 PIOc_freedecomp Enter - MemInfo: [/proc/meminfo - SSI]	MemAvailable:   60936732 kB
20220312 000738.857 INFO             PET0 PIOc_freedecomp Enter - MemInfo: [/proc/meminfo - SSI]	Committed_AS:    2937300 kB
20220312 000738.857 INFO             PET0 PIOc_freedecomp Enter - MemInfo: [/proc/meminfo - SSI]	CommittedPercent: 4.4602 %
20220312 000738.857 INFO             PET0 PIOc_freedecomp Enter - MemInfo: [/proc/self/status]	VmPeak:	   65268 kB
20220312 000738.857 INFO             PET0 PIOc_freedecomp Enter - MemInfo: [/proc/self/status]	VmSize:	   65268 kB
20220312 000738.857 INFO             PET0 PIOc_freedecomp Enter - MemInfo: [/proc/self/status]	VmLck:	       0 kB
20220312 000738.857 INFO             PET0 PIOc_freedecomp Enter - MemInfo: [/proc/self/status]	VmPin:	       0 kB
20220312 000738.857 INFO             PET0 PIOc_freedecomp Enter - MemInfo: [/proc/self/status]	VmHWM:	   24772 kB
20220312 000738.857 INFO             PET0 PIOc_freedecomp Enter - MemInfo: [/proc/self/status]	VmRSS:	   24772 kB
20220312 000738.857 INFO             PET0 PIOc_freedecomp Enter - MemInfo: [/proc/self/status]	VmData:	   29628 kB
20220312 000738.857 INFO             PET0 PIOc_freedecomp Enter - MemInfo: [/proc/self/status]	VmStk:	     164 kB
20220312 000738.857 INFO             PET0 PIOc_freedecomp Enter - MemInfo: [/proc/self/status]	VmExe:	   27324 kB
20220312 000738.857 INFO             PET0 PIOc_freedecomp Enter - MemInfo: [/proc/self/status]	VmLib:	    1952 kB
20220312 000738.857 INFO             PET0 PIOc_freedecomp Enter - MemInfo: [/proc/self/status]	VmPTE:	     136 kB
20220312 000738.857 INFO             PET0 PIOc_freedecomp Enter - MemInfo: [/proc/self/status]	VmPMD:	      12 kB
20220312 000738.857 INFO             PET0 PIOc_freedecomp Enter - MemInfo: [/proc/self/status]	VmSwap:	       0 kB
20220312 000738.857 INFO             PET0 PIOc_freedecomp Enter - MemInfo: [/proc/self/status]	VmRSSPercent: 0.0376155 %
20220312 000738.857 INFO             PET0 PIOc_freedecomp Enter - MemInfo: [malloc] Non-mmapped space allocated:                18639168 Byte
20220312 000738.857 INFO             PET0 PIOc_freedecomp Enter - MemInfo: [malloc] Space allocated in mmapped regions:          7360512 Byte
20220312 000738.857 INFO             PET0 PIOc_freedecomp Enter - MemInfo: [malloc] Maximum total allocated space:                     0 Byte
20220312 000738.857 INFO             PET0 PIOc_freedecomp Enter - MemInfo: [malloc] Space in freed fastbin blocks:                     0 Byte
20220312 000738.857 INFO             PET0 PIOc_freedecomp Enter - MemInfo: [malloc] Total allocated space:                       1203536 Byte
20220312 000738.857 INFO             PET0 PIOc_freedecomp Enter - MemInfo: [malloc] Total free space:                           17435632 Byte
20220312 000738.857 INFO             PET0 PIOc_freedecomp Enter - MemInfo: [malloc] Top-most, releasable space:                  8523600 Byte
20220312 000738.857 INFO             PET0 PIOc_freedecomp Enter - MemInfo: [malloc] Total space in use, mmap + non-mmap:         8564048 Byte
20220312 000738.857 INFO             PET0 PIOc_freedecomp Enter - MemInfo: [malloc] Total space held (mmap + non-mmap):         25999680 Byte
20220312 000738.857 INFO             PET0 PIOc_freedecomp Enter - MemInfo: [malloc] Total space used (mmap + non-mmap):          8572256 Byte
20220312 000738.857 INFO             PET0 PIOc_freedecomp Enter - MemInfo: Wall-clock time since execution start:               0.253961 seconds
20220312 000738.858 INFO             PET0 PIOc_freedecomp Exit - MemInfo: [/proc/meminfo - SSI]	MemTotal:       65855856 kB
20220312 000738.858 INFO             PET0 PIOc_freedecomp Exit - MemInfo: [/proc/meminfo - SSI]	MemFree:        61172880 kB
20220312 000738.858 INFO             PET0 PIOc_freedecomp Exit - MemInfo: [/proc/meminfo - SSI]	MemAvailable:   60936732 kB
20220312 000738.858 INFO             PET0 PIOc_freedecomp Exit - MemInfo: [/proc/meminfo - SSI]	Committed_AS:    2937300 kB
20220312 000738.858 INFO             PET0 PIOc_freedecomp Exit - MemInfo: [/proc/meminfo - SSI]	CommittedPercent: 4.4602 %
20220312 000738.858 INFO             PET0 PIOc_freedecomp Exit - MemInfo: [/proc/self/status]	VmPeak:	   65268 kB
20220312 000738.858 INFO             PET0 PIOc_freedecomp Exit - MemInfo: [/proc/self/status]	VmSize:	   65268 kB
20220312 000738.858 INFO             PET0 PIOc_freedecomp Exit - MemInfo: [/proc/self/status]	VmLck:	       0 kB
20220312 000738.858 INFO             PET0 PIOc_freedecomp Exit - MemInfo: [/proc/self/status]	VmPin:	       0 kB
20220312 000738.858 INFO             PET0 PIOc_freedecomp Exit - MemInfo: [/proc/self/status]	VmHWM:	   24772 kB
20220312 000738.858 INFO             PET0 PIOc_freedecomp Exit - MemInfo: [/proc/self/status]	VmRSS:	   24772 kB
20220312 000738.858 INFO             PET0 PIOc_freedecomp Exit - MemInfo: [/proc/self/status]	VmData:	   29628 kB
20220312 000738.858 INFO             PET0 PIOc_freedecomp Exit - MemInfo: [/proc/self/status]	VmStk:	     164 kB
20220312 000738.858 INFO             PET0 PIOc_freedecomp Exit - MemInfo: [/proc/self/status]	VmExe:	   27324 kB
20220312 000738.858 INFO             PET0 PIOc_freedecomp Exit - MemInfo: [/proc/self/status]	VmLib:	    1952 kB
20220312 000738.858 INFO             PET0 PIOc_freedecomp Exit - MemInfo: [/proc/self/status]	VmPTE:	     136 kB
20220312 000738.858 INFO             PET0 PIOc_freedecomp Exit - MemInfo: [/proc/self/status]	VmPMD:	      12 kB
20220312 000738.858 INFO             PET0 PIOc_freedecomp Exit - MemInfo: [/proc/self/status]	VmSwap:	       0 kB
20220312 000738.858 INFO             PET0 PIOc_freedecomp Exit - MemInfo: [/proc/self/status]	VmRSSPercent: 0.0376155 %
20220312 000738.858 INFO             PET0 PIOc_freedecomp Exit - MemInfo: [malloc] Non-mmapped space allocated:                18639168 Byte
20220312 000738.858 INFO             PET0 PIOc_freedecomp Exit - MemInfo: [malloc] Space allocated in mmapped regions:          7360512 Byte
20220312 000738.858 INFO             PET0 PIOc_freedecomp Exit - MemInfo: [malloc] Maximum total allocated space:                     0 Byte
20220312 000738.858 INFO             PET0 PIOc_freedecomp Exit - MemInfo: [malloc] Space in freed fastbin blocks:                   896 Byte
20220312 000738.858 INFO             PET0 PIOc_freedecomp Exit - MemInfo: [malloc] Total allocated space:                       1202112 Byte
20220312 000738.858 INFO             PET0 PIOc_freedecomp Exit - MemInfo: [malloc] Total free space:                           17437056 Byte
20220312 000738.858 INFO             PET0 PIOc_freedecomp Exit - MemInfo: [malloc] Top-most, releasable space:                  8523600 Byte
20220312 000738.858 INFO             PET0 PIOc_freedecomp Exit - MemInfo: [malloc] Total space in use, mmap + non-mmap:         8562624 Byte
20220312 000738.858 INFO             PET0 PIOc_freedecomp Exit - MemInfo: [malloc] Total space held (mmap + non-mmap):         25999680 Byte
20220312 000738.858 INFO             PET0 PIOc_freedecomp Exit - MemInfo: [malloc] Total space used (mmap + non-mmap):          8570832 Byte
20220312 000738.858 INFO             PET0 PIOc_freedecomp Exit - MemInfo: Wall-clock time since execution start:               0.254439 seconds
20220312 000738.859 INFO             PET0 PIOc_sync Enter - MemInfo: [/proc/meminfo - SSI]	MemTotal:       65855856 kB
20220312 000738.859 INFO             PET0 PIOc_sync Enter - MemInfo: [/proc/meminfo - SSI]	MemFree:        61172880 kB
20220312 000738.859 INFO             PET0 PIOc_sync Enter - MemInfo: [/proc/meminfo - SSI]	MemAvailable:   60936732 kB
20220312 000738.859 INFO             PET0 PIOc_sync Enter - MemInfo: [/proc/meminfo - SSI]	Committed_AS:    2937300 kB
20220312 000738.859 INFO             PET0 PIOc_sync Enter - MemInfo: [/proc/meminfo - SSI]	CommittedPercent: 4.4602 %
20220312 000738.859 INFO             PET0 PIOc_sync Enter - MemInfo: [/proc/self/status]	VmPeak:	   65268 kB
20220312 000738.859 INFO             PET0 PIOc_sync Enter - MemInfo: [/proc/self/status]	VmSize:	   65268 kB
20220312 000738.859 INFO             PET0 PIOc_sync Enter - MemInfo: [/proc/self/status]	VmLck:	       0 kB
20220312 000738.859 INFO             PET0 PIOc_sync Enter - MemInfo: [/proc/self/status]	VmPin:	       0 kB
20220312 000738.859 INFO             PET0 PIOc_sync Enter - MemInfo: [/proc/self/status]	VmHWM:	   24772 kB
20220312 000738.859 INFO             PET0 PIOc_sync Enter - MemInfo: [/proc/self/status]	VmRSS:	   24772 kB
20220312 000738.859 INFO             PET0 PIOc_sync Enter - MemInfo: [/proc/self/status]	VmData:	   29628 kB
20220312 000738.859 INFO             PET0 PIOc_sync Enter - MemInfo: [/proc/self/status]	VmStk:	     164 kB
20220312 000738.859 INFO             PET0 PIOc_sync Enter - MemInfo: [/proc/self/status]	VmExe:	   27324 kB
20220312 000738.859 INFO             PET0 PIOc_sync Enter - MemInfo: [/proc/self/status]	VmLib:	    1952 kB
20220312 000738.859 INFO             PET0 PIOc_sync Enter - MemInfo: [/proc/self/status]	VmPTE:	     136 kB
20220312 000738.859 INFO             PET0 PIOc_sync Enter - MemInfo: [/proc/self/status]	VmPMD:	      12 kB
20220312 000738.859 INFO             PET0 PIOc_sync Enter - MemInfo: [/proc/self/status]	VmSwap:	       0 kB
20220312 000738.859 INFO             PET0 PIOc_sync Enter - MemInfo: [/proc/self/status]	VmRSSPercent: 0.0376155 %
20220312 000738.859 INFO             PET0 PIOc_sync Enter - MemInfo: [malloc] Non-mmapped space allocated:                18639168 Byte
20220312 000738.859 INFO             PET0 PIOc_sync Enter - MemInfo: [malloc] Space allocated in mmapped regions:          7360512 Byte
20220312 000738.859 INFO             PET0 PIOc_sync Enter - MemInfo: [malloc] Maximum total allocated space:                     0 Byte
20220312 000738.859 INFO             PET0 PIOc_sync Enter - MemInfo: [malloc] Space in freed fastbin blocks:                  1600 Byte
20220312 000738.859 INFO             PET0 PIOc_sync Enter - MemInfo: [malloc] Total allocated space:                      10132000 Byte
20220312 000738.859 INFO             PET0 PIOc_sync Enter - MemInfo: [malloc] Total free space:                            8507168 Byte
20220312 000738.859 INFO             PET0 PIOc_sync Enter - MemInfo: [malloc] Top-most, releasable space:                   134976 Byte
20220312 000738.859 INFO             PET0 PIOc_sync Enter - MemInfo: [malloc] Total space in use, mmap + non-mmap:        17492512 Byte
20220312 000738.859 INFO             PET0 PIOc_sync Enter - MemInfo: [malloc] Total space held (mmap + non-mmap):         25999680 Byte
20220312 000738.859 INFO             PET0 PIOc_sync Enter - MemInfo: [malloc] Total space used (mmap + non-mmap):         17500944 Byte
20220312 000738.859 INFO             PET0 PIOc_sync Enter - MemInfo: Wall-clock time since execution start:               0.255824 seconds
20220312 000738.859 INFO             PET0 PIOc_sync Exit - MemInfo: [/proc/meminfo - SSI]	MemTotal:       65855856 kB
20220312 000738.859 INFO             PET0 PIOc_sync Exit - MemInfo: [/proc/meminfo - SSI]	MemFree:        61172880 kB
20220312 000738.859 INFO             PET0 PIOc_sync Exit - MemInfo: [/proc/meminfo - SSI]	MemAvailable:   60936732 kB
20220312 000738.859 INFO             PET0 PIOc_sync Exit - MemInfo: [/proc/meminfo - SSI]	Committed_AS:    2937300 kB
20220312 000738.859 INFO             PET0 PIOc_sync Exit - MemInfo: [/proc/meminfo - SSI]	CommittedPercent: 4.4602 %
20220312 000738.860 INFO             PET0 PIOc_sync Exit - MemInfo: [/proc/self/status]	VmPeak:	   65268 kB
20220312 000738.860 INFO             PET0 PIOc_sync Exit - MemInfo: [/proc/self/status]	VmSize:	   65268 kB
20220312 000738.860 INFO             PET0 PIOc_sync Exit - MemInfo: [/proc/self/status]	VmLck:	       0 kB
20220312 000738.860 INFO             PET0 PIOc_sync Exit - MemInfo: [/proc/self/status]	VmPin:	       0 kB
20220312 000738.860 INFO             PET0 PIOc_sync Exit - MemInfo: [/proc/self/status]	VmHWM:	   24772 kB
20220312 000738.860 INFO             PET0 PIOc_sync Exit - MemInfo: [/proc/self/status]	VmRSS:	   24772 kB
20220312 000738.860 INFO             PET0 PIOc_sync Exit - MemInfo: [/proc/self/status]	VmData:	   29628 kB
20220312 000738.860 INFO             PET0 PIOc_sync Exit - MemInfo: [/proc/self/status]	VmStk:	     164 kB
20220312 000738.860 INFO             PET0 PIOc_sync Exit - MemInfo: [/proc/self/status]	VmExe:	   27324 kB
20220312 000738.860 INFO             PET0 PIOc_sync Exit - MemInfo: [/proc/self/status]	VmLib:	    1952 kB
20220312 000738.860 INFO             PET0 PIOc_sync Exit - MemInfo: [/proc/self/status]	VmPTE:	     136 kB
20220312 000738.860 INFO             PET0 PIOc_sync Exit - MemInfo: [/proc/self/status]	VmPMD:	      12 kB
20220312 000738.860 INFO             PET0 PIOc_sync Exit - MemInfo: [/proc/self/status]	VmSwap:	       0 kB
20220312 000738.860 INFO             PET0 PIOc_sync Exit - MemInfo: [/proc/self/status]	VmRSSPercent: 0.0376155 %
20220312 000738.860 INFO             PET0 PIOc_sync Exit - MemInfo: [malloc] Non-mmapped space allocated:                18639168 Byte
20220312 000738.860 INFO             PET0 PIOc_sync Exit - MemInfo: [malloc] Space allocated in mmapped regions:          7360512 Byte
20220312 000738.860 INFO             PET0 PIOc_sync Exit - MemInfo: [malloc] Maximum total allocated space:                     0 Byte
20220312 000738.860 INFO             PET0 PIOc_sync Exit - MemInfo: [malloc] Space in freed fastbin blocks:                    32 Byte
20220312 000738.860 INFO             PET0 PIOc_sync Exit - MemInfo: [malloc] Total allocated space:                      10132144 Byte
20220312 000738.860 INFO             PET0 PIOc_sync Exit - MemInfo: [malloc] Total free space:                            8507024 Byte
20220312 000738.860 INFO             PET0 PIOc_sync Exit - MemInfo: [malloc] Top-most, releasable space:                   134976 Byte
20220312 000738.860 INFO             PET0 PIOc_sync Exit - MemInfo: [malloc] Total space in use, mmap + non-mmap:        17492656 Byte
20220312 000738.860 INFO             PET0 PIOc_sync Exit - MemInfo: [malloc] Total space held (mmap + non-mmap):         25999680 Byte
20220312 000738.860 INFO             PET0 PIOc_sync Exit - MemInfo: [malloc] Total space used (mmap + non-mmap):         17500976 Byte
20220312 000738.860 INFO             PET0 PIOc_sync Exit - MemInfo: Wall-clock time since execution start:               0.256215 seconds
20220312 000738.860 INFO             PET0 PIOc_freedecomp Enter - MemInfo: [/proc/meminfo - SSI]	MemTotal:       65855856 kB
20220312 000738.860 INFO             PET0 PIOc_freedecomp Enter - MemInfo: [/proc/meminfo - SSI]	MemFree:        61172880 kB
20220312 000738.860 INFO             PET0 PIOc_freedecomp Enter - MemInfo: [/proc/meminfo - SSI]	MemAvailable:   60936732 kB
20220312 000738.860 INFO             PET0 PIOc_freedecomp Enter - MemInfo: [/proc/meminfo - SSI]	Committed_AS:    2937300 kB
