build time -- 2022-03-12 23:28:06
20220313 000936.481 INFO             PET0 !!!!!!!!!!!!!!!!!!!!!!!!!!!!!!!!!!!!!!!!!!!!!!!!!!!!!!
20220313 000936.481 INFO             PET0 !!! THE ESMF_LOG IS SET TO OUTPUT ALL LOG MESSAGES !!!
20220313 000936.481 INFO             PET0 !!!     THIS MAY CAUSE SLOWDOWN IN PERFORMANCE     !!!
20220313 000936.481 INFO             PET0 !!! FOR PRODUCTION RUNS, USE:                      !!!
20220313 000936.481 INFO             PET0 !!!                   ESMF_LOGKIND_Multi_On_Error  !!!
20220313 000936.481 INFO             PET0 !!!!!!!!!!!!!!!!!!!!!!!!!!!!!!!!!!!!!!!!!!!!!!!!!!!!!!
20220313 000936.481 INFO             PET0 Running with ESMF Version   : v8.3.0b09-96-g559b459836
20220313 000936.481 INFO             PET0 ESMF library build date/time: "Mar 12 2022" "23:26:31"
20220313 000936.481 INFO             PET0 ESMF library build location : /lustre/f2/dev/ncep/Mark.Potts/gfortran_8.3.0_mpi_O_jedwards_pio_update2
20220313 000936.481 INFO             PET0 ESMF_COMM                   : mpi
20220313 000936.482 INFO             PET0 ESMF_MOAB                   : enabled
20220313 000936.482 INFO             PET0 ESMF_LAPACK                 : enabled
20220313 000936.482 INFO             PET0 ESMF_NETCDF                 : enabled
20220313 000936.482 INFO             PET0 ESMF_PNETCDF                : disabled
20220313 000936.482 INFO             PET0 ESMF_PIO                    : enabled
20220313 000936.482 INFO             PET0 ESMF_YAMLCPP                : enabled
20220313 000936.482 INFO             PET0 Beginning Test, file ESMC_FieldSMMFromFileUTest.C, line 41
20220313 000936.482 INFO             PET0 Beginning Test, file ESMC_FieldSMMFromFileUTest.C, line 41NUMBER_OF_PROCESSORS 4
20220313 000936.620 INFO             PET0 PIOc_sync Enter - MemInfo: [/proc/meminfo - SSI]	MemTotal:       65855856 kB
20220313 000936.620 INFO             PET0 PIOc_sync Enter - MemInfo: [/proc/meminfo - SSI]	MemFree:        61244812 kB
20220313 000936.620 INFO             PET0 PIOc_sync Enter - MemInfo: [/proc/meminfo - SSI]	MemAvailable:   61012568 kB
20220313 000936.620 INFO             PET0 PIOc_sync Enter - MemInfo: [/proc/meminfo - SSI]	Committed_AS:    2847128 kB
20220313 000936.620 INFO             PET0 PIOc_sync Enter - MemInfo: [/proc/meminfo - SSI]	CommittedPercent: 4.32327 %
20220313 000936.620 INFO             PET0 PIOc_sync Enter - MemInfo: [/proc/self/status]	VmPeak:	   71428 kB
20220313 000936.620 INFO             PET0 PIOc_sync Enter - MemInfo: [/proc/self/status]	VmSize:	   71428 kB
20220313 000936.621 INFO             PET0 PIOc_sync Enter - MemInfo: [/proc/self/status]	VmLck:	       0 kB
20220313 000936.621 INFO             PET0 PIOc_sync Enter - MemInfo: [/proc/self/status]	VmPin:	       0 kB
20220313 000936.621 INFO             PET0 PIOc_sync Enter - MemInfo: [/proc/self/status]	VmHWM:	   22288 kB
20220313 000936.621 INFO             PET0 PIOc_sync Enter - MemInfo: [/proc/self/status]	VmRSS:	   22288 kB
20220313 000936.621 INFO             PET0 PIOc_sync Enter - MemInfo: [/proc/self/status]	VmData:	   18536 kB
20220313 000936.621 INFO             PET0 PIOc_sync Enter - MemInfo: [/proc/self/status]	VmStk:	     164 kB
20220313 000936.621 INFO             PET0 PIOc_sync Enter - MemInfo: [/proc/self/status]	VmExe:	   27308 kB
20220313 000936.621 INFO             PET0 PIOc_sync Enter - MemInfo: [/proc/self/status]	VmLib:	    1952 kB
20220313 000936.621 INFO             PET0 PIOc_sync Enter - MemInfo: [/proc/self/status]	VmPTE:	     128 kB
20220313 000936.621 INFO             PET0 PIOc_sync Enter - MemInfo: [/proc/self/status]	VmPMD:	      12 kB
20220313 000936.621 INFO             PET0 PIOc_sync Enter - MemInfo: [/proc/self/status]	VmSwap:	       0 kB
20220313 000936.621 INFO             PET0 PIOc_sync Enter - MemInfo: [/proc/self/status]	VmRSSPercent: 0.0338436 %
20220313 000936.621 INFO             PET0 PIOc_sync Enter - MemInfo: [malloc] Non-mmapped space allocated:                 1476928 Byte
20220313 000936.621 INFO             PET0 PIOc_sync Enter - MemInfo: [malloc] Space allocated in mmapped regions:         13164544 Byte
20220313 000936.621 INFO             PET0 PIOc_sync Enter - MemInfo: [malloc] Maximum total allocated space:                     0 Byte
20220313 000936.621 INFO             PET0 PIOc_sync Enter - MemInfo: [malloc] Space in freed fastbin blocks:                     0 Byte
20220313 000936.621 INFO             PET0 PIOc_sync Enter - MemInfo: [malloc] Total allocated space:                       1318512 Byte
20220313 000936.621 INFO             PET0 PIOc_sync Enter - MemInfo: [malloc] Total free space:                             158416 Byte
20220313 000936.621 INFO             PET0 PIOc_sync Enter - MemInfo: [malloc] Top-most, releasable space:                   132640 Byte
20220313 000936.621 INFO             PET0 PIOc_sync Enter - MemInfo: [malloc] Total space in use, mmap + non-mmap:        14483056 Byte
20220313 000936.621 INFO             PET0 PIOc_sync Enter - MemInfo: [malloc] Total space held (mmap + non-mmap):         14641472 Byte
20220313 000936.621 INFO             PET0 PIOc_sync Enter - MemInfo: [malloc] Total space used (mmap + non-mmap):         14491856 Byte
20220313 000936.621 INFO             PET0 PIOc_sync Enter - MemInfo: Wall-clock time since execution start:                0.16205 seconds
20220313 000936.622 INFO             PET0 PIOc_sync Exit - MemInfo: [/proc/meminfo - SSI]	MemTotal:       65855856 kB
20220313 000936.622 INFO             PET0 PIOc_sync Exit - MemInfo: [/proc/meminfo - SSI]	MemFree:        61243804 kB
20220313 000936.622 INFO             PET0 PIOc_sync Exit - MemInfo: [/proc/meminfo - SSI]	MemAvailable:   61011560 kB
20220313 000936.622 INFO             PET0 PIOc_sync Exit - MemInfo: [/proc/meminfo - SSI]	Committed_AS:    2847128 kB
20220313 000936.622 INFO             PET0 PIOc_sync Exit - MemInfo: [/proc/meminfo - SSI]	CommittedPercent: 4.32327 %
20220313 000936.622 INFO             PET0 PIOc_sync Exit - MemInfo: [/proc/self/status]	VmPeak:	   71752 kB
20220313 000936.622 INFO             PET0 PIOc_sync Exit - MemInfo: [/proc/self/status]	VmSize:	   71752 kB
20220313 000936.622 INFO             PET0 PIOc_sync Exit - MemInfo: [/proc/self/status]	VmLck:	       0 kB
20220313 000936.622 INFO             PET0 PIOc_sync Exit - MemInfo: [/proc/self/status]	VmPin:	       0 kB
20220313 000936.622 INFO             PET0 PIOc_sync Exit - MemInfo: [/proc/self/status]	VmHWM:	   22808 kB
20220313 000936.622 INFO             PET0 PIOc_sync Exit - MemInfo: [/proc/self/status]	VmRSS:	   22808 kB
20220313 000936.622 INFO             PET0 PIOc_sync Exit - MemInfo: [/proc/self/status]	VmData:	   18860 kB
20220313 000936.622 INFO             PET0 PIOc_sync Exit - MemInfo: [/proc/self/status]	VmStk:	     164 kB
20220313 000936.622 INFO             PET0 PIOc_sync Exit - MemInfo: [/proc/self/status]	VmExe:	   27308 kB
20220313 000936.622 INFO             PET0 PIOc_sync Exit - MemInfo: [/proc/self/status]	VmLib:	    1952 kB
20220313 000936.622 INFO             PET0 PIOc_sync Exit - MemInfo: [/proc/self/status]	VmPTE:	     140 kB
20220313 000936.622 INFO             PET0 PIOc_sync Exit - MemInfo: [/proc/self/status]	VmPMD:	      12 kB
20220313 000936.622 INFO             PET0 PIOc_sync Exit - MemInfo: [/proc/self/status]	VmSwap:	       0 kB
20220313 000936.622 INFO             PET0 PIOc_sync Exit - MemInfo: [/proc/self/status]	VmRSSPercent: 0.0346332 %
20220313 000936.622 INFO             PET0 PIOc_sync Exit - MemInfo: [malloc] Non-mmapped space allocated:                 1476928 Byte
20220313 000936.622 INFO             PET0 PIOc_sync Exit - MemInfo: [malloc] Space allocated in mmapped regions:         13496320 Byte
20220313 000936.622 INFO             PET0 PIOc_sync Exit - MemInfo: [malloc] Maximum total allocated space:                     0 Byte
20220313 000936.622 INFO             PET0 PIOc_sync Exit - MemInfo: [malloc] Space in freed fastbin blocks:                     0 Byte
20220313 000936.622 INFO             PET0 PIOc_sync Exit - MemInfo: [malloc] Total allocated space:                       1386640 Byte
20220313 000936.622 INFO             PET0 PIOc_sync Exit - MemInfo: [malloc] Total free space:                              90288 Byte
20220313 000936.622 INFO             PET0 PIOc_sync Exit - MemInfo: [malloc] Top-most, releasable space:                    67088 Byte
20220313 000936.622 INFO             PET0 PIOc_sync Exit - MemInfo: [malloc] Total space in use, mmap + non-mmap:        14882960 Byte
20220313 000936.622 INFO             PET0 PIOc_sync Exit - MemInfo: [malloc] Total space held (mmap + non-mmap):         14973248 Byte
20220313 000936.622 INFO             PET0 PIOc_sync Exit - MemInfo: [malloc] Total space used (mmap + non-mmap):         14891760 Byte
20220313 000936.622 INFO             PET0 PIOc_sync Exit - MemInfo: Wall-clock time since execution start:               0.162729 seconds
20220313 000936.622 INFO             PET0 PIOc_freedecomp Enter - MemInfo: [/proc/meminfo - SSI]	MemTotal:       65855856 kB
20220313 000936.622 INFO             PET0 PIOc_freedecomp Enter - MemInfo: [/proc/meminfo - SSI]	MemFree:        61251364 kB
20220313 000936.622 INFO             PET0 PIOc_freedecomp Enter - MemInfo: [/proc/meminfo - SSI]	MemAvailable:   61019120 kB
20220313 000936.622 INFO             PET0 PIOc_freedecomp Enter - MemInfo: [/proc/meminfo - SSI]	Committed_AS:    2839264 kB
20220313 000936.622 INFO             PET0 PIOc_freedecomp Enter - MemInfo: [/proc/meminfo - SSI]	CommittedPercent: 4.31133 %
20220313 000936.622 INFO             PET0 PIOc_freedecomp Enter - MemInfo: [/proc/self/status]	VmPeak:	   71752 kB
20220313 000936.622 INFO             PET0 PIOc_freedecomp Enter - MemInfo: [/proc/self/status]	VmSize:	   63040 kB
20220313 000936.622 INFO             PET0 PIOc_freedecomp Enter - MemInfo: [/proc/self/status]	VmLck:	       0 kB
20220313 000936.623 INFO             PET0 PIOc_freedecomp Enter - MemInfo: [/proc/self/status]	VmPin:	       0 kB
20220313 000936.623 INFO             PET0 PIOc_freedecomp Enter - MemInfo: [/proc/self/status]	VmHWM:	   22808 kB
20220313 000936.623 INFO             PET0 PIOc_freedecomp Enter - MemInfo: [/proc/self/status]	VmRSS:	   14612 kB
20220313 000936.623 INFO             PET0 PIOc_freedecomp Enter - MemInfo: [/proc/self/status]	VmData:	   10148 kB
20220313 000936.623 INFO             PET0 PIOc_freedecomp Enter - MemInfo: [/proc/self/status]	VmStk:	     164 kB
20220313 000936.623 INFO             PET0 PIOc_freedecomp Enter - MemInfo: [/proc/self/status]	VmExe:	   27308 kB
20220313 000936.623 INFO             PET0 PIOc_freedecomp Enter - MemInfo: [/proc/self/status]	VmLib:	    1952 kB
20220313 000936.623 INFO             PET0 PIOc_freedecomp Enter - MemInfo: [/proc/self/status]	VmPTE:	     124 kB
20220313 000936.623 INFO             PET0 PIOc_freedecomp Enter - MemInfo: [/proc/self/status]	VmPMD:	      12 kB
20220313 000936.623 INFO             PET0 PIOc_freedecomp Enter - MemInfo: [/proc/self/status]	VmSwap:	       0 kB
20220313 000936.623 INFO             PET0 PIOc_freedecomp Enter - MemInfo: [/proc/self/status]	VmRSSPercent: 0.0221879 %
20220313 000936.623 INFO             PET0 PIOc_freedecomp Enter - MemInfo: [malloc] Non-mmapped space allocated:                 1476928 Byte
20220313 000936.623 INFO             PET0 PIOc_freedecomp Enter - MemInfo: [malloc] Space allocated in mmapped regions:          4575232 Byte
20220313 000936.623 INFO             PET0 PIOc_freedecomp Enter - MemInfo: [malloc] Maximum total allocated space:                     0 Byte
20220313 000936.623 INFO             PET0 PIOc_freedecomp Enter - MemInfo: [malloc] Space in freed fastbin blocks:                   368 Byte
20220313 000936.623 INFO             PET0 PIOc_freedecomp Enter - MemInfo: [malloc] Total allocated space:                       1376624 Byte
20220313 000936.623 INFO             PET0 PIOc_freedecomp Enter - MemInfo: [malloc] Total free space:                             100304 Byte
20220313 000936.623 INFO             PET0 PIOc_freedecomp Enter - MemInfo: [malloc] Top-most, releasable space:                    67088 Byte
20220313 000936.623 INFO             PET0 PIOc_freedecomp Enter - MemInfo: [malloc] Total space in use, mmap + non-mmap:         5951856 Byte
20220313 000936.623 INFO             PET0 PIOc_freedecomp Enter - MemInfo: [malloc] Total space held (mmap + non-mmap):          6052160 Byte
20220313 000936.623 INFO             PET0 PIOc_freedecomp Enter - MemInfo: [malloc] Total space used (mmap + non-mmap):          5960400 Byte
20220313 000936.623 INFO             PET0 PIOc_freedecomp Enter - MemInfo: Wall-clock time since execution start:               0.163535 seconds
20220313 000936.623 INFO             PET0 PIOc_freedecomp Exit - MemInfo: [/proc/meminfo - SSI]	MemTotal:       65855856 kB
20220313 000936.623 INFO             PET0 PIOc_freedecomp Exit - MemInfo: [/proc/meminfo - SSI]	MemFree:        61251364 kB
20220313 000936.623 INFO             PET0 PIOc_freedecomp Exit - MemInfo: [/proc/meminfo - SSI]	MemAvailable:   61019120 kB
20220313 000936.623 INFO             PET0 PIOc_freedecomp Exit - MemInfo: [/proc/meminfo - SSI]	Committed_AS:    2839264 kB
20220313 000936.623 INFO             PET0 PIOc_freedecomp Exit - MemInfo: [/proc/meminfo - SSI]	CommittedPercent: 4.31133 %
20220313 000936.623 INFO             PET0 PIOc_freedecomp Exit - MemInfo: [/proc/self/status]	VmPeak:	   71752 kB
20220313 000936.623 INFO             PET0 PIOc_freedecomp Exit - MemInfo: [/proc/self/status]	VmSize:	   63040 kB
20220313 000936.623 INFO             PET0 PIOc_freedecomp Exit - MemInfo: [/proc/self/status]	VmLck:	       0 kB
20220313 000936.623 INFO             PET0 PIOc_freedecomp Exit - MemInfo: [/proc/self/status]	VmPin:	       0 kB
20220313 000936.623 INFO             PET0 PIOc_freedecomp Exit - MemInfo: [/proc/self/status]	VmHWM:	   22808 kB
20220313 000936.623 INFO             PET0 PIOc_freedecomp Exit - MemInfo: [/proc/self/status]	VmRSS:	   14612 kB
20220313 000936.623 INFO             PET0 PIOc_freedecomp Exit - MemInfo: [/proc/self/status]	VmData:	   10148 kB
20220313 000936.623 INFO             PET0 PIOc_freedecomp Exit - MemInfo: [/proc/self/status]	VmStk:	     164 kB
20220313 000936.623 INFO             PET0 PIOc_freedecomp Exit - MemInfo: [/proc/self/status]	VmExe:	   27308 kB
20220313 000936.623 INFO             PET0 PIOc_freedecomp Exit - MemInfo: [/proc/self/status]	VmLib:	    1952 kB
20220313 000936.623 INFO             PET0 PIOc_freedecomp Exit - MemInfo: [/proc/self/status]	VmPTE:	     124 kB
20220313 000936.623 INFO             PET0 PIOc_freedecomp Exit - MemInfo: [/proc/self/status]	VmPMD:	      12 kB
20220313 000936.623 INFO             PET0 PIOc_freedecomp Exit - MemInfo: [/proc/self/status]	VmSwap:	       0 kB
20220313 000936.623 INFO             PET0 PIOc_freedecomp Exit - MemInfo: [/proc/self/status]	VmRSSPercent: 0.0221879 %
20220313 000936.623 INFO             PET0 PIOc_freedecomp Exit - MemInfo: [malloc] Non-mmapped space allocated:                 1476928 Byte
20220313 000936.623 INFO             PET0 PIOc_freedecomp Exit - MemInfo: [malloc] Space allocated in mmapped regions:          4575232 Byte
20220313 000936.623 INFO             PET0 PIOc_freedecomp Exit - MemInfo: [malloc] Maximum total allocated space:                     0 Byte
20220313 000936.623 INFO             PET0 PIOc_freedecomp Exit - MemInfo: [malloc] Space in freed fastbin blocks:                  1104 Byte
20220313 000936.623 INFO             PET0 PIOc_freedecomp Exit - MemInfo: [malloc] Total allocated space:                       1372432 Byte
20220313 000936.623 INFO             PET0 PIOc_freedecomp Exit - MemInfo: [malloc] Total free space:                             104496 Byte
20220313 000936.623 INFO             PET0 PIOc_freedecomp Exit - MemInfo: [malloc] Top-most, releasable space:                    67088 Byte
20220313 000936.623 INFO             PET0 PIOc_freedecomp Exit - MemInfo: [malloc] Total space in use, mmap + non-mmap:         5947664 Byte
20220313 000936.623 INFO             PET0 PIOc_freedecomp Exit - MemInfo: [malloc] Total space held (mmap + non-mmap):          6052160 Byte
20220313 000936.623 INFO             PET0 PIOc_freedecomp Exit - MemInfo: [malloc] Total space used (mmap + non-mmap):          5956432 Byte
20220313 000936.623 INFO             PET0 PIOc_freedecomp Exit - MemInfo: Wall-clock time since execution start:               0.163884 seconds
20220313 000936.626 INFO             PET0 PIOc_sync Enter - MemInfo: [/proc/meminfo - SSI]	MemTotal:       65855856 kB
20220313 000936.626 INFO             PET0 PIOc_sync Enter - MemInfo: [/proc/meminfo - SSI]	MemFree:        61248340 kB
20220313 000936.626 INFO             PET0 PIOc_sync Enter - MemInfo: [/proc/meminfo - SSI]	MemAvailable:   61016096 kB
20220313 000936.627 INFO             PET0 PIOc_sync Enter - MemInfo: [/proc/meminfo - SSI]	Committed_AS:    2847516 kB
20220313 000936.627 INFO             PET0 PIOc_sync Enter - MemInfo: [/proc/meminfo - SSI]	CommittedPercent: 4.32386 %
20220313 000936.627 INFO             PET0 PIOc_sync Enter - MemInfo: [/proc/self/status]	VmPeak:	   71772 kB
20220313 000936.627 INFO             PET0 PIOc_sync Enter - MemInfo: [/proc/self/status]	VmSize:	   71772 kB
20220313 000936.627 INFO             PET0 PIOc_sync Enter - MemInfo: [/proc/self/status]	VmLck:	       0 kB
20220313 000936.627 INFO             PET0 PIOc_sync Enter - MemInfo: [/proc/self/status]	VmPin:	       0 kB
20220313 000936.627 INFO             PET0 PIOc_sync Enter - MemInfo: [/proc/self/status]	VmHWM:	   22808 kB
20220313 000936.627 INFO             PET0 PIOc_sync Enter - MemInfo: [/proc/self/status]	VmRSS:	   18540 kB
20220313 000936.627 INFO             PET0 PIOc_sync Enter - MemInfo: [/proc/self/status]	VmData:	   18916 kB
20220313 000936.627 INFO             PET0 PIOc_sync Enter - MemInfo: [/proc/self/status]	VmStk:	     164 kB
20220313 000936.627 INFO             PET0 PIOc_sync Enter - MemInfo: [/proc/self/status]	VmExe:	   27308 kB
20220313 000936.627 INFO             PET0 PIOc_sync Enter - MemInfo: [/proc/self/status]	VmLib:	    1952 kB
20220313 000936.627 INFO             PET0 PIOc_sync Enter - MemInfo: [/proc/self/status]	VmPTE:	     136 kB
20220313 000936.627 INFO             PET0 PIOc_sync Enter - MemInfo: [/proc/self/status]	VmPMD:	      12 kB
20220313 000936.627 INFO             PET0 PIOc_sync Enter - MemInfo: [/proc/self/status]	VmSwap:	       0 kB
20220313 000936.627 INFO             PET0 PIOc_sync Enter - MemInfo: [/proc/self/status]	VmRSSPercent: 0.0281524 %
20220313 000936.627 INFO             PET0 PIOc_sync Enter - MemInfo: [malloc] Non-mmapped space allocated:                10455360 Byte
20220313 000936.627 INFO             PET0 PIOc_sync Enter - MemInfo: [malloc] Space allocated in mmapped regions:          4575232 Byte
20220313 000936.627 INFO             PET0 PIOc_sync Enter - MemInfo: [malloc] Maximum total allocated space:                     0 Byte
20220313 000936.627 INFO             PET0 PIOc_sync Enter - MemInfo: [malloc] Space in freed fastbin blocks:                   160 Byte
20220313 000936.627 INFO             PET0 PIOc_sync Enter - MemInfo: [malloc] Total allocated space:                      10301840 Byte
20220313 000936.627 INFO             PET0 PIOc_sync Enter - MemInfo: [malloc] Total free space:                             153520 Byte
20220313 000936.627 INFO             PET0 PIOc_sync Enter - MemInfo: [malloc] Top-most, releasable space:                   132592 Byte
20220313 000936.627 INFO             PET0 PIOc_sync Enter - MemInfo: [malloc] Total space in use, mmap + non-mmap:        14877072 Byte
20220313 000936.627 INFO             PET0 PIOc_sync Enter - MemInfo: [malloc] Total space held (mmap + non-mmap):         15030592 Byte
20220313 000936.627 INFO             PET0 PIOc_sync Enter - MemInfo: [malloc] Total space used (mmap + non-mmap):         14885872 Byte
20220313 000936.627 INFO             PET0 PIOc_sync Enter - MemInfo: Wall-clock time since execution start:               0.167625 seconds
20220313 000936.627 INFO             PET0 PIOc_sync Exit - MemInfo: [/proc/meminfo - SSI]	MemTotal:       65855856 kB
20220313 000936.627 INFO             PET0 PIOc_sync Exit - MemInfo: [/proc/meminfo - SSI]	MemFree:        61248340 kB
20220313 000936.627 INFO             PET0 PIOc_sync Exit - MemInfo: [/proc/meminfo - SSI]	MemAvailable:   61016096 kB
20220313 000936.627 INFO             PET0 PIOc_sync Exit - MemInfo: [/proc/meminfo - SSI]	Committed_AS:    2847516 kB
20220313 000936.627 INFO             PET0 PIOc_sync Exit - MemInfo: [/proc/meminfo - SSI]	CommittedPercent: 4.32386 %
20220313 000936.627 INFO             PET0 PIOc_sync Exit - MemInfo: [/proc/self/status]	VmPeak:	   71772 kB
20220313 000936.627 INFO             PET0 PIOc_sync Exit - MemInfo: [/proc/self/status]	VmSize:	   71772 kB
20220313 000936.627 INFO             PET0 PIOc_sync Exit - MemInfo: [/proc/self/status]	VmLck:	       0 kB
20220313 000936.627 INFO             PET0 PIOc_sync Exit - MemInfo: [/proc/self/status]	VmPin:	       0 kB
20220313 000936.627 INFO             PET0 PIOc_sync Exit - MemInfo: [/proc/self/status]	VmHWM:	   22808 kB
20220313 000936.627 INFO             PET0 PIOc_sync Exit - MemInfo: [/proc/self/status]	VmRSS:	   18540 kB
20220313 000936.627 INFO             PET0 PIOc_sync Exit - MemInfo: [/proc/self/status]	VmData:	   18916 kB
20220313 000936.627 INFO             PET0 PIOc_sync Exit - MemInfo: [/proc/self/status]	VmStk:	     164 kB
20220313 000936.627 INFO             PET0 PIOc_sync Exit - MemInfo: [/proc/self/status]	VmExe:	   27308 kB
20220313 000936.627 INFO             PET0 PIOc_sync Exit - MemInfo: [/proc/self/status]	VmLib:	    1952 kB
20220313 000936.627 INFO             PET0 PIOc_sync Exit - MemInfo: [/proc/self/status]	VmPTE:	     136 kB
20220313 000936.627 INFO             PET0 PIOc_sync Exit - MemInfo: [/proc/self/status]	VmPMD:	      12 kB
20220313 000936.627 INFO             PET0 PIOc_sync Exit - MemInfo: [/proc/self/status]	VmSwap:	       0 kB
20220313 000936.627 INFO             PET0 PIOc_sync Exit - MemInfo: [/proc/self/status]	VmRSSPercent: 0.0281524 %
20220313 000936.627 INFO             PET0 PIOc_sync Exit - MemInfo: [malloc] Non-mmapped space allocated:                10455360 Byte
20220313 000936.627 INFO             PET0 PIOc_sync Exit - MemInfo: [malloc] Space allocated in mmapped regions:          4575232 Byte
20220313 000936.627 INFO             PET0 PIOc_sync Exit - MemInfo: [malloc] Maximum total allocated space:                     0 Byte
20220313 000936.627 INFO             PET0 PIOc_sync Exit - MemInfo: [malloc] Space in freed fastbin blocks:                     0 Byte
20220313 000936.627 INFO             PET0 PIOc_sync Exit - MemInfo: [malloc] Total allocated space:                      10303664 Byte
20220313 000936.627 INFO             PET0 PIOc_sync Exit - MemInfo: [malloc] Total free space:                             151696 Byte
20220313 000936.627 INFO             PET0 PIOc_sync Exit - MemInfo: [malloc] Top-most, releasable space:                   132592 Byte
20220313 000936.627 INFO             PET0 PIOc_sync Exit - MemInfo: [malloc] Total space in use, mmap + non-mmap:        14878896 Byte
20220313 000936.627 INFO             PET0 PIOc_sync Exit - MemInfo: [malloc] Total space held (mmap + non-mmap):         15030592 Byte
20220313 000936.627 INFO             PET0 PIOc_sync Exit - MemInfo: [malloc] Total space used (mmap + non-mmap):         14887216 Byte
20220313 000936.627 INFO             PET0 PIOc_sync Exit - MemInfo: Wall-clock time since execution start:               0.168053 seconds
20220313 000936.628 INFO             PET0 PIOc_freedecomp Enter - MemInfo: [/proc/meminfo - SSI]	MemTotal:       65855856 kB
20220313 000936.628 INFO             PET0 PIOc_freedecomp Enter - MemInfo: [/proc/meminfo - SSI]	MemFree:        61248340 kB
20220313 000936.628 INFO             PET0 PIOc_freedecomp Enter - MemInfo: [/proc/meminfo - SSI]	MemAvailable:   61016096 kB
20220313 000936.628 INFO             PET0 PIOc_freedecomp Enter - MemInfo: [/proc/meminfo - SSI]	Committed_AS:    2847516 kB
20220313 000936.628 INFO             PET0 PIOc_freedecomp Enter - MemInfo: [/proc/meminfo - SSI]	CommittedPercent: 4.32386 %
20220313 000936.628 INFO             PET0 PIOc_freedecomp Enter - MemInfo: [/proc/self/status]	VmPeak:	   71772 kB
20220313 000936.628 INFO             PET0 PIOc_freedecomp Enter - MemInfo: [/proc/self/status]	VmSize:	   71772 kB
20220313 000936.628 INFO             PET0 PIOc_freedecomp Enter - MemInfo: [/proc/self/status]	VmLck:	       0 kB
20220313 000936.628 INFO             PET0 PIOc_freedecomp Enter - MemInfo: [/proc/self/status]	VmPin:	       0 kB
20220313 000936.628 INFO             PET0 PIOc_freedecomp Enter - MemInfo: [/proc/self/status]	VmHWM:	   22808 kB
20220313 000936.628 INFO             PET0 PIOc_freedecomp Enter - MemInfo: [/proc/self/status]	VmRSS:	   18540 kB
20220313 000936.628 INFO             PET0 PIOc_freedecomp Enter - MemInfo: [/proc/self/status]	VmData:	   18916 kB
20220313 000936.628 INFO             PET0 PIOc_freedecomp Enter - MemInfo: [/proc/self/status]	VmStk:	     164 kB
20220313 000936.628 INFO             PET0 PIOc_freedecomp Enter - MemInfo: [/proc/self/status]	VmExe:	   27308 kB
20220313 000936.628 INFO             PET0 PIOc_freedecomp Enter - MemInfo: [/proc/self/status]	VmLib:	    1952 kB
20220313 000936.628 INFO             PET0 PIOc_freedecomp Enter - MemInfo: [/proc/self/status]	VmPTE:	     136 kB
20220313 000936.628 INFO             PET0 PIOc_freedecomp Enter - MemInfo: [/proc/self/status]	VmPMD:	      12 kB
20220313 000936.628 INFO             PET0 PIOc_freedecomp Enter - MemInfo: [/proc/self/status]	VmSwap:	       0 kB
20220313 000936.628 INFO             PET0 PIOc_freedecomp Enter - MemInfo: [/proc/self/status]	VmRSSPercent: 0.0281524 %
20220313 000936.628 INFO             PET0 PIOc_freedecomp Enter - MemInfo: [malloc] Non-mmapped space allocated:                10455360 Byte
20220313 000936.628 INFO             PET0 PIOc_freedecomp Enter - MemInfo: [malloc] Space allocated in mmapped regions:          4575232 Byte
20220313 000936.628 INFO             PET0 PIOc_freedecomp Enter - MemInfo: [malloc] Maximum total allocated space:                     0 Byte
20220313 000936.628 INFO             PET0 PIOc_freedecomp Enter - MemInfo: [malloc] Space in freed fastbin blocks:                   208 Byte
20220313 000936.628 INFO             PET0 PIOc_freedecomp Enter - MemInfo: [malloc] Total allocated space:                       1379264 Byte
20220313 000936.628 INFO             PET0 PIOc_freedecomp Enter - MemInfo: [malloc] Total free space:                            9076096 Byte
20220313 000936.628 INFO             PET0 PIOc_freedecomp Enter - MemInfo: [malloc] Top-most, releasable space:                  9045520 Byte
20220313 000936.628 INFO             PET0 PIOc_freedecomp Enter - MemInfo: [malloc] Total space in use, mmap + non-mmap:         5954496 Byte
20220313 000936.628 INFO             PET0 PIOc_freedecomp Enter - MemInfo: [malloc] Total space held (mmap + non-mmap):         15030592 Byte
20220313 000936.628 INFO             PET0 PIOc_freedecomp Enter - MemInfo: [malloc] Total space used (mmap + non-mmap):          5962704 Byte
20220313 000936.628 INFO             PET0 PIOc_freedecomp Enter - MemInfo: Wall-clock time since execution start:               0.168766 seconds
20220313 000936.628 INFO             PET0 PIOc_freedecomp Exit - MemInfo: [/proc/meminfo - SSI]	MemTotal:       65855856 kB
20220313 000936.628 INFO             PET0 PIOc_freedecomp Exit - MemInfo: [/proc/meminfo - SSI]	MemFree:        61248340 kB
20220313 000936.628 INFO             PET0 PIOc_freedecomp Exit - MemInfo: [/proc/meminfo - SSI]	MemAvailable:   61016096 kB
20220313 000936.628 INFO             PET0 PIOc_freedecomp Exit - MemInfo: [/proc/meminfo - SSI]	Committed_AS:    2847516 kB
20220313 000936.628 INFO             PET0 PIOc_freedecomp Exit - MemInfo: [/proc/meminfo - SSI]	CommittedPercent: 4.32386 %
20220313 000936.628 INFO             PET0 PIOc_freedecomp Exit - MemInfo: [/proc/self/status]	VmPeak:	   71772 kB
20220313 000936.628 INFO             PET0 PIOc_freedecomp Exit - MemInfo: [/proc/self/status]	VmSize:	   71772 kB
20220313 000936.628 INFO             PET0 PIOc_freedecomp Exit - MemInfo: [/proc/self/status]	VmLck:	       0 kB
20220313 000936.628 INFO             PET0 PIOc_freedecomp Exit - MemInfo: [/proc/self/status]	VmPin:	       0 kB
20220313 000936.628 INFO             PET0 PIOc_freedecomp Exit - MemInfo: [/proc/self/status]	VmHWM:	   22808 kB
20220313 000936.628 INFO             PET0 PIOc_freedecomp Exit - MemInfo: [/proc/self/status]	VmRSS:	   18540 kB
20220313 000936.628 INFO             PET0 PIOc_freedecomp Exit - MemInfo: [/proc/self/status]	VmData:	   18916 kB
20220313 000936.628 INFO             PET0 PIOc_freedecomp Exit - MemInfo: [/proc/self/status]	VmStk:	     164 kB
20220313 000936.628 INFO             PET0 PIOc_freedecomp Exit - MemInfo: [/proc/self/status]	VmExe:	   27308 kB
20220313 000936.628 INFO             PET0 PIOc_freedecomp Exit - MemInfo: [/proc/self/status]	VmLib:	    1952 kB
20220313 000936.628 INFO             PET0 PIOc_freedecomp Exit - MemInfo: [/proc/self/status]	VmPTE:	     136 kB
20220313 000936.628 INFO             PET0 PIOc_freedecomp Exit - MemInfo: [/proc/self/status]	VmPMD:	      12 kB
20220313 000936.628 INFO             PET0 PIOc_freedecomp Exit - MemInfo: [/proc/self/status]	VmSwap:	       0 kB
20220313 000936.628 INFO             PET0 PIOc_freedecomp Exit - MemInfo: [/proc/self/status]	VmRSSPercent: 0.0281524 %
20220313 000936.628 INFO             PET0 PIOc_freedecomp Exit - MemInfo: [malloc] Non-mmapped space allocated:                10455360 Byte
20220313 000936.628 INFO             PET0 PIOc_freedecomp Exit - MemInfo: [malloc] Space allocated in mmapped regions:          4575232 Byte
20220313 000936.628 INFO             PET0 PIOc_freedecomp Exit - MemInfo: [malloc] Maximum total allocated space:                     0 Byte
20220313 000936.628 INFO             PET0 PIOc_freedecomp Exit - MemInfo: [malloc] Space in freed fastbin blocks:                  1248 Byte
20220313 000936.628 INFO             PET0 PIOc_freedecomp Exit - MemInfo: [malloc] Total allocated space:                       1374368 Byte
20220313 000936.628 INFO             PET0 PIOc_freedecomp Exit - MemInfo: [malloc] Total free space:                            9080992 Byte
20220313 000936.628 INFO             PET0 PIOc_freedecomp Exit - MemInfo: [malloc] Top-most, releasable space:                  9045520 Byte
20220313 000936.628 INFO             PET0 PIOc_freedecomp Exit - MemInfo: [malloc] Total space in use, mmap + non-mmap:         5949600 Byte
20220313 000936.628 INFO             PET0 PIOc_freedecomp Exit - MemInfo: [malloc] Total space held (mmap + non-mmap):         15030592 Byte
20220313 000936.628 INFO             PET0 PIOc_freedecomp Exit - MemInfo: [malloc] Total space used (mmap + non-mmap):          5957808 Byte
20220313 000936.628 INFO             PET0 PIOc_freedecomp Exit - MemInfo: Wall-clock time since execution start:               0.169149 seconds
20220313 000936.630 INFO             PET0 PIOc_sync Enter - MemInfo: [/proc/meminfo - SSI]	MemTotal:       65855856 kB
20220313 000936.630 INFO             PET0 PIOc_sync Enter - MemInfo: [/proc/meminfo - SSI]	MemFree:        61247580 kB
20220313 000936.630 INFO             PET0 PIOc_sync Enter - MemInfo: [/proc/meminfo - SSI]	MemAvailable:   61015336 kB
20220313 000936.630 INFO             PET0 PIOc_sync Enter - MemInfo: [/proc/meminfo - SSI]	Committed_AS:    2847516 kB
20220313 000936.630 INFO             PET0 PIOc_sync Enter - MemInfo: [/proc/meminfo - SSI]	CommittedPercent: 4.32386 %
20220313 000936.630 INFO             PET0 PIOc_sync Enter - MemInfo: [/proc/self/status]	VmPeak:	   71772 kB
20220313 000936.630 INFO             PET0 PIOc_sync Enter - MemInfo: [/proc/self/status]	VmSize:	   71772 kB
20220313 000936.630 INFO             PET0 PIOc_sync Enter - MemInfo: [/proc/self/status]	VmLck:	       0 kB
20220313 000936.630 INFO             PET0 PIOc_sync Enter - MemInfo: [/proc/self/status]	VmPin:	       0 kB
20220313 000936.630 INFO             PET0 PIOc_sync Enter - MemInfo: [/proc/self/status]	VmHWM:	   22808 kB
20220313 000936.630 INFO             PET0 PIOc_sync Enter - MemInfo: [/proc/self/status]	VmRSS:	   19068 kB
20220313 000936.630 INFO             PET0 PIOc_sync Enter - MemInfo: [/proc/self/status]	VmData:	   18916 kB
20220313 000936.630 INFO             PET0 PIOc_sync Enter - MemInfo: [/proc/self/status]	VmStk:	     164 kB
20220313 000936.630 INFO             PET0 PIOc_sync Enter - MemInfo: [/proc/self/status]	VmExe:	   27308 kB
20220313 000936.630 INFO             PET0 PIOc_sync Enter - MemInfo: [/proc/self/status]	VmLib:	    1952 kB
20220313 000936.630 INFO             PET0 PIOc_sync Enter - MemInfo: [/proc/self/status]	VmPTE:	     136 kB
20220313 000936.630 INFO             PET0 PIOc_sync Enter - MemInfo: [/proc/self/status]	VmPMD:	      12 kB
20220313 000936.630 INFO             PET0 PIOc_sync Enter - MemInfo: [/proc/self/status]	VmSwap:	       0 kB
20220313 000936.630 INFO             PET0 PIOc_sync Enter - MemInfo: [/proc/self/status]	VmRSSPercent: 0.0289541 %
20220313 000936.630 INFO             PET0 PIOc_sync Enter - MemInfo: [malloc] Non-mmapped space allocated:                10455360 Byte
20220313 000936.630 INFO             PET0 PIOc_sync Enter - MemInfo: [malloc] Space allocated in mmapped regions:          4575232 Byte
20220313 000936.630 INFO             PET0 PIOc_sync Enter - MemInfo: [malloc] Maximum total allocated space:                     0 Byte
20220313 000936.630 INFO             PET0 PIOc_sync Enter - MemInfo: [malloc] Space in freed fastbin blocks:                   384 Byte
20220313 000936.630 INFO             PET0 PIOc_sync Enter - MemInfo: [malloc] Total allocated space:                      10304880 Byte
20220313 000936.630 INFO             PET0 PIOc_sync Enter - MemInfo: [malloc] Total free space:                             150480 Byte
20220313 000936.630 INFO             PET0 PIOc_sync Enter - MemInfo: [malloc] Top-most, releasable space:                   132592 Byte
20220313 000936.630 INFO             PET0 PIOc_sync Enter - MemInfo: [malloc] Total space in use, mmap + non-mmap:        14880112 Byte
20220313 000936.630 INFO             PET0 PIOc_sync Enter - MemInfo: [malloc] Total space held (mmap + non-mmap):         15030592 Byte
20220313 000936.630 INFO             PET0 PIOc_sync Enter - MemInfo: [malloc] Total space used (mmap + non-mmap):         14888544 Byte
20220313 000936.630 INFO             PET0 PIOc_sync Enter - MemInfo: Wall-clock time since execution start:               0.171077 seconds
20220313 000936.630 INFO             PET0 PIOc_sync Exit - MemInfo: [/proc/meminfo - SSI]	MemTotal:       65855856 kB
20220313 000936.630 INFO             PET0 PIOc_sync Exit - MemInfo: [/proc/meminfo - SSI]	MemFree:        61247580 kB
20220313 000936.630 INFO             PET0 PIOc_sync Exit - MemInfo: [/proc/meminfo - SSI]	MemAvailable:   61015336 kB
20220313 000936.630 INFO             PET0 PIOc_sync Exit - MemInfo: [/proc/meminfo - SSI]	Committed_AS:    2847516 kB
20220313 000936.630 INFO             PET0 PIOc_sync Exit - MemInfo: [/proc/meminfo - SSI]	CommittedPercent: 4.32386 %
20220313 000936.630 INFO             PET0 PIOc_sync Exit - MemInfo: [/proc/self/status]	VmPeak:	   71772 kB
20220313 000936.630 INFO             PET0 PIOc_sync Exit - MemInfo: [/proc/self/status]	VmSize:	   71772 kB
20220313 000936.631 INFO             PET0 PIOc_sync Exit - MemInfo: [/proc/self/status]	VmLck:	       0 kB
20220313 000936.631 INFO             PET0 PIOc_sync Exit - MemInfo: [/proc/self/status]	VmPin:	       0 kB
20220313 000936.631 INFO             PET0 PIOc_sync Exit - MemInfo: [/proc/self/status]	VmHWM:	   22808 kB
20220313 000936.631 INFO             PET0 PIOc_sync Exit - MemInfo: [/proc/self/status]	VmRSS:	   19068 kB
20220313 000936.631 INFO             PET0 PIOc_sync Exit - MemInfo: [/proc/self/status]	VmData:	   18916 kB
20220313 000936.631 INFO             PET0 PIOc_sync Exit - MemInfo: [/proc/self/status]	VmStk:	     164 kB
20220313 000936.631 INFO             PET0 PIOc_sync Exit - MemInfo: [/proc/self/status]	VmExe:	   27308 kB
20220313 000936.631 INFO             PET0 PIOc_sync Exit - MemInfo: [/proc/self/status]	VmLib:	    1952 kB
20220313 000936.631 INFO             PET0 PIOc_sync Exit - MemInfo: [/proc/self/status]	VmPTE:	     136 kB
20220313 000936.631 INFO             PET0 PIOc_sync Exit - MemInfo: [/proc/self/status]	VmPMD:	      12 kB
20220313 000936.631 INFO             PET0 PIOc_sync Exit - MemInfo: [/proc/self/status]	VmSwap:	       0 kB
20220313 000936.631 INFO             PET0 PIOc_sync Exit - MemInfo: [/proc/self/status]	VmRSSPercent: 0.0289541 %
20220313 000936.631 INFO             PET0 PIOc_sync Exit - MemInfo: [malloc] Non-mmapped space allocated:                10455360 Byte
20220313 000936.631 INFO             PET0 PIOc_sync Exit - MemInfo: [malloc] Space allocated in mmapped regions:          4575232 Byte
20220313 000936.631 INFO             PET0 PIOc_sync Exit - MemInfo: [malloc] Maximum total allocated space:                     0 Byte
20220313 000936.631 INFO             PET0 PIOc_sync Exit - MemInfo: [malloc] Space in freed fastbin blocks:                     0 Byte
20220313 000936.631 INFO             PET0 PIOc_sync Exit - MemInfo: [malloc] Total allocated space:                      10306128 Byte
20220313 000936.631 INFO             PET0 PIOc_sync Exit - MemInfo: [malloc] Total free space:                             149232 Byte
20220313 000936.631 INFO             PET0 PIOc_sync Exit - MemInfo: [malloc] Top-most, releasable space:                   132592 Byte
20220313 000936.631 INFO             PET0 PIOc_sync Exit - MemInfo: [malloc] Total space in use, mmap + non-mmap:        14881360 Byte
20220313 000936.631 INFO             PET0 PIOc_sync Exit - MemInfo: [malloc] Total space held (mmap + non-mmap):         15030592 Byte
20220313 000936.631 INFO             PET0 PIOc_sync Exit - MemInfo: [malloc] Total space used (mmap + non-mmap):         14889680 Byte
20220313 000936.631 INFO             PET0 PIOc_sync Exit - MemInfo: Wall-clock time since execution start:                0.17156 seconds
20220313 000936.631 INFO             PET0 PIOc_freedecomp Enter - MemInfo: [/proc/meminfo - SSI]	MemTotal:       65855856 kB
20220313 000936.631 INFO             PET0 PIOc_freedecomp Enter - MemInfo: [/proc/meminfo - SSI]	MemFree:        61247580 kB
20220313 000936.631 INFO             PET0 PIOc_freedecomp Enter - MemInfo: [/proc/meminfo - SSI]	MemAvailable:   61015336 kB
20220313 000936.631 INFO             PET0 PIOc_freedecomp Enter - MemInfo: [/proc/meminfo - SSI]	Committed_AS:    2847516 kB
20220313 000936.631 INFO             PET0 PIOc_freedecomp Enter - MemInfo: [/proc/meminfo - SSI]	CommittedPercent: 4.32386 %
20220313 000936.631 INFO             PET0 PIOc_freedecomp Enter - MemInfo: [/proc/self/status]	VmPeak:	   71772 kB
20220313 000936.631 INFO             PET0 PIOc_freedecomp Enter - MemInfo: [/proc/self/status]	VmSize:	   71772 kB
20220313 000936.631 INFO             PET0 PIOc_freedecomp Enter - MemInfo: [/proc/self/status]	VmLck:	       0 kB
20220313 000936.631 INFO             PET0 PIOc_freedecomp Enter - MemInfo: [/proc/self/status]	VmPin:	       0 kB
20220313 000936.631 INFO             PET0 PIOc_freedecomp Enter - MemInfo: [/proc/self/status]	VmHWM:	   22808 kB
20220313 000936.631 INFO             PET0 PIOc_freedecomp Enter - MemInfo: [/proc/self/status]	VmRSS:	   19068 kB
20220313 000936.631 INFO             PET0 PIOc_freedecomp Enter - MemInfo: [/proc/self/status]	VmData:	   18916 kB
20220313 000936.631 INFO             PET0 PIOc_freedecomp Enter - MemInfo: [/proc/self/status]	VmStk:	     164 kB
20220313 000936.631 INFO             PET0 PIOc_freedecomp Enter - MemInfo: [/proc/self/status]	VmExe:	   27308 kB
20220313 000936.631 INFO             PET0 PIOc_freedecomp Enter - MemInfo: [/proc/self/status]	VmLib:	    1952 kB
20220313 000936.631 INFO             PET0 PIOc_freedecomp Enter - MemInfo: [/proc/self/status]	VmPTE:	     136 kB
20220313 000936.631 INFO             PET0 PIOc_freedecomp Enter - MemInfo: [/proc/self/status]	VmPMD:	      12 kB
20220313 000936.631 INFO             PET0 PIOc_freedecomp Enter - MemInfo: [/proc/self/status]	VmSwap:	       0 kB
20220313 000936.631 INFO             PET0 PIOc_freedecomp Enter - MemInfo: [/proc/self/status]	VmRSSPercent: 0.0289541 %
20220313 000936.631 INFO             PET0 PIOc_freedecomp Enter - MemInfo: [malloc] Non-mmapped space allocated:                10455360 Byte
20220313 000936.631 INFO             PET0 PIOc_freedecomp Enter - MemInfo: [malloc] Space allocated in mmapped regions:          4575232 Byte
20220313 000936.631 INFO             PET0 PIOc_freedecomp Enter - MemInfo: [malloc] Maximum total allocated space:                     0 Byte
20220313 000936.631 INFO             PET0 PIOc_freedecomp Enter - MemInfo: [malloc] Space in freed fastbin blocks:                   288 Byte
20220313 000936.631 INFO             PET0 PIOc_freedecomp Enter - MemInfo: [malloc] Total allocated space:                       1380384 Byte
20220313 000936.631 INFO             PET0 PIOc_freedecomp Enter - MemInfo: [malloc] Total free space:                            9074976 Byte
20220313 000936.631 INFO             PET0 PIOc_freedecomp Enter - MemInfo: [malloc] Top-most, releasable space:                  9045520 Byte
20220313 000936.631 INFO             PET0 PIOc_freedecomp Enter - MemInfo: [malloc] Total space in use, mmap + non-mmap:         5955616 Byte
20220313 000936.631 INFO             PET0 PIOc_freedecomp Enter - MemInfo: [malloc] Total space held (mmap + non-mmap):         15030592 Byte
20220313 000936.631 INFO             PET0 PIOc_freedecomp Enter - MemInfo: [malloc] Total space used (mmap + non-mmap):          5963824 Byte
20220313 000936.631 INFO             PET0 PIOc_freedecomp Enter - MemInfo: Wall-clock time since execution start:               0.172092 seconds
20220313 000936.631 INFO             PET0 PIOc_freedecomp Exit - MemInfo: [/proc/meminfo - SSI]	MemTotal:       65855856 kB
20220313 000936.631 INFO             PET0 PIOc_freedecomp Exit - MemInfo: [/proc/meminfo - SSI]	MemFree:        61247580 kB
20220313 000936.631 INFO             PET0 PIOc_freedecomp Exit - MemInfo: [/proc/meminfo - SSI]	MemAvailable:   61015336 kB
20220313 000936.631 INFO             PET0 PIOc_freedecomp Exit - MemInfo: [/proc/meminfo - SSI]	Committed_AS:    2847516 kB
20220313 000936.631 INFO             PET0 PIOc_freedecomp Exit - MemInfo: [/proc/meminfo - SSI]	CommittedPercent: 4.32386 %
20220313 000936.631 INFO             PET0 PIOc_freedecomp Exit - MemInfo: [/proc/self/status]	VmPeak:	   71772 kB
20220313 000936.631 INFO             PET0 PIOc_freedecomp Exit - MemInfo: [/proc/self/status]	VmSize:	   71772 kB
20220313 000936.631 INFO             PET0 PIOc_freedecomp Exit - MemInfo: [/proc/self/status]	VmLck:	       0 kB
20220313 000936.631 INFO             PET0 PIOc_freedecomp Exit - MemInfo: [/proc/self/status]	VmPin:	       0 kB
20220313 000936.631 INFO             PET0 PIOc_freedecomp Exit - MemInfo: [/proc/self/status]	VmHWM:	   22808 kB
20220313 000936.631 INFO             PET0 PIOc_freedecomp Exit - MemInfo: [/proc/self/status]	VmRSS:	   19068 kB
20220313 000936.631 INFO             PET0 PIOc_freedecomp Exit - MemInfo: [/proc/self/status]	VmData:	   18916 kB
20220313 000936.631 INFO             PET0 PIOc_freedecomp Exit - MemInfo: [/proc/self/status]	VmStk:	     164 kB
20220313 000936.631 INFO             PET0 PIOc_freedecomp Exit - MemInfo: [/proc/self/status]	VmExe:	   27308 kB
20220313 000936.631 INFO             PET0 PIOc_freedecomp Exit - MemInfo: [/proc/self/status]	VmLib:	    1952 kB
20220313 000936.631 INFO             PET0 PIOc_freedecomp Exit - MemInfo: [/proc/self/status]	VmPTE:	     136 kB
20220313 000936.631 INFO             PET0 PIOc_freedecomp Exit - MemInfo: [/proc/self/status]	VmPMD:	      12 kB
20220313 000936.632 INFO             PET0 PIOc_freedecomp Exit - MemInfo: [/proc/self/status]	VmSwap:	       0 kB
20220313 000936.632 INFO             PET0 PIOc_freedecomp Exit - MemInfo: [/proc/self/status]	VmRSSPercent: 0.0289541 %
20220313 000936.632 INFO             PET0 PIOc_freedecomp Exit - MemInfo: [malloc] Non-mmapped space allocated:                10455360 Byte
20220313 000936.632 INFO             PET0 PIOc_freedecomp Exit - MemInfo: [malloc] Space allocated in mmapped regions:          4575232 Byte
20220313 000936.632 INFO             PET0 PIOc_freedecomp Exit - MemInfo: [malloc] Maximum total allocated space:                     0 Byte
20220313 000936.632 INFO             PET0 PIOc_freedecomp Exit - MemInfo: [malloc] Space in freed fastbin blocks:                  1264 Byte
20220313 000936.632 INFO             PET0 PIOc_freedecomp Exit - MemInfo: [malloc] Total allocated space:                       1375168 Byte
20220313 000936.632 INFO             PET0 PIOc_freedecomp Exit - MemInfo: [malloc] Total free space:                            9080192 Byte
20220313 000936.632 INFO             PET0 PIOc_freedecomp Exit - MemInfo: [malloc] Top-most, releasable space:                  9045520 Byte
20220313 000936.632 INFO             PET0 PIOc_freedecomp Exit - MemInfo: [malloc] Total space in use, mmap + non-mmap:         5950400 Byte
20220313 000936.632 INFO             PET0 PIOc_freedecomp Exit - MemInfo: [malloc] Total space held (mmap + non-mmap):         15030592 Byte
20220313 000936.632 INFO             PET0 PIOc_freedecomp Exit - MemInfo: [malloc] Total space used (mmap + non-mmap):          5958608 Byte
20220313 000936.632 INFO             PET0 PIOc_freedecomp Exit - MemInfo: Wall-clock time since execution start:               0.172474 seconds
20220313 000936.632 INFO             PET0 PASS ESMC_FieldRegridStoreFile test, ESMC_FieldSMMFromFileUTest.C, line 199
20220313 000936.638 INFO             PET0 PASS ESMC_FieldSMMStore from File test, ESMC_FieldSMMFromFileUTest.C, line 229
20220313 000936.638 INFO             PET0 PASS ESMC_FieldSMMStore From File validation, ESMC_FieldSMMFromFileUTest.C, line 257
20220313 000936.638 INFO             PET0 PASS ESMC_FieldRegridRelease, ESMC_FieldSMMFromFileUTest.C, line 271
20220313 000936.639 INFO             PET0 Ending Test, file ESMC_FieldSMMFromFileUTest.C, line 289
20220313 000936.639 INFO             PET0 Finalizing ESMF
20220313 000936.473 INFO             PET1 !!!!!!!!!!!!!!!!!!!!!!!!!!!!!!!!!!!!!!!!!!!!!!!!!!!!!!
20220313 000936.474 INFO             PET1 !!! THE ESMF_LOG IS SET TO OUTPUT ALL LOG MESSAGES !!!
20220313 000936.474 INFO             PET1 !!!     THIS MAY CAUSE SLOWDOWN IN PERFORMANCE     !!!
20220313 000936.474 INFO             PET1 !!! FOR PRODUCTION RUNS, USE:                      !!!
20220313 000936.474 INFO             PET1 !!!                   ESMF_LOGKIND_Multi_On_Error  !!!
20220313 000936.474 INFO             PET1 !!!!!!!!!!!!!!!!!!!!!!!!!!!!!!!!!!!!!!!!!!!!!!!!!!!!!!
20220313 000936.474 INFO             PET1 Running with ESMF Version   : v8.3.0b09-96-g559b459836
20220313 000936.474 INFO             PET1 ESMF library build date/time: "Mar 12 2022" "23:26:31"
20220313 000936.474 INFO             PET1 ESMF library build location : /lustre/f2/dev/ncep/Mark.Potts/gfortran_8.3.0_mpi_O_jedwards_pio_update2
20220313 000936.474 INFO             PET1 ESMF_COMM                   : mpi
20220313 000936.475 INFO             PET1 ESMF_MOAB                   : enabled
20220313 000936.475 INFO             PET1 ESMF_LAPACK                 : enabled
20220313 000936.475 INFO             PET1 ESMF_NETCDF                 : enabled
20220313 000936.475 INFO             PET1 ESMF_PNETCDF                : disabled
20220313 000936.475 INFO             PET1 ESMF_PIO                    : enabled
20220313 000936.475 INFO             PET1 ESMF_YAMLCPP                : enabled
20220313 000936.476 INFO             PET1 Beginning Test, file ESMC_FieldSMMFromFileUTest.C, line 41
20220313 000936.477 INFO             PET1 Beginning Test, file ESMC_FieldSMMFromFileUTest.C, line 41NUMBER_OF_PROCESSORS 4
20220313 000936.620 INFO             PET1 PIOc_sync Enter - MemInfo: [/proc/meminfo - SSI]	MemTotal:       65855856 kB
20220313 000936.620 INFO             PET1 PIOc_sync Enter - MemInfo: [/proc/meminfo - SSI]	MemFree:        61244812 kB
20220313 000936.620 INFO             PET1 PIOc_sync Enter - MemInfo: [/proc/meminfo - SSI]	MemAvailable:   61012568 kB
20220313 000936.620 INFO             PET1 PIOc_sync Enter - MemInfo: [/proc/meminfo - SSI]	Committed_AS:    2847128 kB
20220313 000936.620 INFO             PET1 PIOc_sync Enter - MemInfo: [/proc/meminfo - SSI]	CommittedPercent: 4.32327 %
20220313 000936.620 INFO             PET1 PIOc_sync Enter - MemInfo: [/proc/self/status]	VmPeak:	   62720 kB
20220313 000936.620 INFO             PET1 PIOc_sync Enter - MemInfo: [/proc/self/status]	VmSize:	   62524 kB
20220313 000936.620 INFO             PET1 PIOc_sync Enter - MemInfo: [/proc/self/status]	VmLck:	       0 kB
20220313 000936.621 INFO             PET1 PIOc_sync Enter - MemInfo: [/proc/self/status]	VmPin:	       0 kB
20220313 000936.621 INFO             PET1 PIOc_sync Enter - MemInfo: [/proc/self/status]	VmHWM:	   12532 kB
20220313 000936.621 INFO             PET1 PIOc_sync Enter - MemInfo: [/proc/self/status]	VmRSS:	   12532 kB
20220313 000936.621 INFO             PET1 PIOc_sync Enter - MemInfo: [/proc/self/status]	VmData:	    9632 kB
20220313 000936.621 INFO             PET1 PIOc_sync Enter - MemInfo: [/proc/self/status]	VmStk:	     164 kB
20220313 000936.621 INFO             PET1 PIOc_sync Enter - MemInfo: [/proc/self/status]	VmExe:	   27308 kB
20220313 000936.621 INFO             PET1 PIOc_sync Enter - MemInfo: [/proc/self/status]	VmLib:	    1952 kB
20220313 000936.621 INFO             PET1 PIOc_sync Enter - MemInfo: [/proc/self/status]	VmPTE:	     132 kB
20220313 000936.621 INFO             PET1 PIOc_sync Enter - MemInfo: [/proc/self/status]	VmPMD:	      12 kB
20220313 000936.621 INFO             PET1 PIOc_sync Enter - MemInfo: [/proc/self/status]	VmSwap:	       0 kB
20220313 000936.621 INFO             PET1 PIOc_sync Enter - MemInfo: [/proc/self/status]	VmRSSPercent: 0.0190294 %
20220313 000936.621 INFO             PET1 PIOc_sync Enter - MemInfo: [malloc] Non-mmapped space allocated:                 1280320 Byte
20220313 000936.621 INFO             PET1 PIOc_sync Enter - MemInfo: [malloc] Space allocated in mmapped regions:          4243456 Byte
20220313 000936.621 INFO             PET1 PIOc_sync Enter - MemInfo: [malloc] Maximum total allocated space:                     0 Byte
20220313 000936.621 INFO             PET1 PIOc_sync Enter - MemInfo: [malloc] Space in freed fastbin blocks:                     0 Byte
20220313 000936.621 INFO             PET1 PIOc_sync Enter - MemInfo: [malloc] Total allocated space:                       1132720 Byte
20220313 000936.621 INFO             PET1 PIOc_sync Enter - MemInfo: [malloc] Total free space:                             147600 Byte
20220313 000936.621 INFO             PET1 PIOc_sync Enter - MemInfo: [malloc] Top-most, releasable space:                   131472 Byte
20220313 000936.621 INFO             PET1 PIOc_sync Enter - MemInfo: [malloc] Total space in use, mmap + non-mmap:         5376176 Byte
20220313 000936.621 INFO             PET1 PIOc_sync Enter - MemInfo: [malloc] Total space held (mmap + non-mmap):          5523776 Byte
20220313 000936.621 INFO             PET1 PIOc_sync Enter - MemInfo: [malloc] Total space used (mmap + non-mmap):          5384976 Byte
20220313 000936.621 INFO             PET1 PIOc_sync Enter - MemInfo: Wall-clock time since execution start:               0.161965 seconds
20220313 000936.622 INFO             PET1 PIOc_sync Exit - MemInfo: [/proc/meminfo - SSI]	MemTotal:       65855856 kB
20220313 000936.622 INFO             PET1 PIOc_sync Exit - MemInfo: [/proc/meminfo - SSI]	MemFree:        61243804 kB
20220313 000936.622 INFO             PET1 PIOc_sync Exit - MemInfo: [/proc/meminfo - SSI]	MemAvailable:   61011560 kB
20220313 000936.622 INFO             PET1 PIOc_sync Exit - MemInfo: [/proc/meminfo - SSI]	Committed_AS:    2847128 kB
20220313 000936.622 INFO             PET1 PIOc_sync Exit - MemInfo: [/proc/meminfo - SSI]	CommittedPercent: 4.32327 %
20220313 000936.622 INFO             PET1 PIOc_sync Exit - MemInfo: [/proc/self/status]	VmPeak:	   62720 kB
20220313 000936.622 INFO             PET1 PIOc_sync Exit - MemInfo: [/proc/self/status]	VmSize:	   62524 kB
20220313 000936.622 INFO             PET1 PIOc_sync Exit - MemInfo: [/proc/self/status]	VmLck:	       0 kB
20220313 000936.622 INFO             PET1 PIOc_sync Exit - MemInfo: [/proc/self/status]	VmPin:	       0 kB
20220313 000936.622 INFO             PET1 PIOc_sync Exit - MemInfo: [/proc/self/status]	VmHWM:	   12740 kB
20220313 000936.622 INFO             PET1 PIOc_sync Exit - MemInfo: [/proc/self/status]	VmRSS:	   12740 kB
20220313 000936.622 INFO             PET1 PIOc_sync Exit - MemInfo: [/proc/self/status]	VmData:	    9632 kB
20220313 000936.622 INFO             PET1 PIOc_sync Exit - MemInfo: [/proc/self/status]	VmStk:	     164 kB
20220313 000936.622 INFO             PET1 PIOc_sync Exit - MemInfo: [/proc/self/status]	VmExe:	   27308 kB
20220313 000936.622 INFO             PET1 PIOc_sync Exit - MemInfo: [/proc/self/status]	VmLib:	    1952 kB
20220313 000936.622 INFO             PET1 PIOc_sync Exit - MemInfo: [/proc/self/status]	VmPTE:	     132 kB
20220313 000936.622 INFO             PET1 PIOc_sync Exit - MemInfo: [/proc/self/status]	VmPMD:	      12 kB
20220313 000936.622 INFO             PET1 PIOc_sync Exit - MemInfo: [/proc/self/status]	VmSwap:	       0 kB
20220313 000936.622 INFO             PET1 PIOc_sync Exit - MemInfo: [/proc/self/status]	VmRSSPercent: 0.0193453 %
20220313 000936.622 INFO             PET1 PIOc_sync Exit - MemInfo: [malloc] Non-mmapped space allocated:                 1280320 Byte
20220313 000936.622 INFO             PET1 PIOc_sync Exit - MemInfo: [malloc] Space allocated in mmapped regions:          4243456 Byte
20220313 000936.622 INFO             PET1 PIOc_sync Exit - MemInfo: [malloc] Maximum total allocated space:                     0 Byte
20220313 000936.622 INFO             PET1 PIOc_sync Exit - MemInfo: [malloc] Space in freed fastbin blocks:                     0 Byte
20220313 000936.622 INFO             PET1 PIOc_sync Exit - MemInfo: [malloc] Total allocated space:                       1133760 Byte
20220313 000936.622 INFO             PET1 PIOc_sync Exit - MemInfo: [malloc] Total free space:                             146560 Byte
20220313 000936.622 INFO             PET1 PIOc_sync Exit - MemInfo: [malloc] Top-most, releasable space:                   131248 Byte
20220313 000936.622 INFO             PET1 PIOc_sync Exit - MemInfo: [malloc] Total space in use, mmap + non-mmap:         5377216 Byte
20220313 000936.622 INFO             PET1 PIOc_sync Exit - MemInfo: [malloc] Total space held (mmap + non-mmap):          5523776 Byte
20220313 000936.622 INFO             PET1 PIOc_sync Exit - MemInfo: [malloc] Total space used (mmap + non-mmap):          5386016 Byte
20220313 000936.622 INFO             PET1 PIOc_sync Exit - MemInfo: Wall-clock time since execution start:               0.162651 seconds
20220313 000936.622 INFO             PET1 PIOc_freedecomp Enter - MemInfo: [/proc/meminfo - SSI]	MemTotal:       65855856 kB
20220313 000936.622 INFO             PET1 PIOc_freedecomp Enter - MemInfo: [/proc/meminfo - SSI]	MemFree:        61251364 kB
20220313 000936.622 INFO             PET1 PIOc_freedecomp Enter - MemInfo: [/proc/meminfo - SSI]	MemAvailable:   61019120 kB
20220313 000936.622 INFO             PET1 PIOc_freedecomp Enter - MemInfo: [/proc/meminfo - SSI]	Committed_AS:    2839264 kB
20220313 000936.622 INFO             PET1 PIOc_freedecomp Enter - MemInfo: [/proc/meminfo - SSI]	CommittedPercent: 4.31133 %
20220313 000936.622 INFO             PET1 PIOc_freedecomp Enter - MemInfo: [/proc/self/status]	VmPeak:	   62720 kB
20220313 000936.622 INFO             PET1 PIOc_freedecomp Enter - MemInfo: [/proc/self/status]	VmSize:	   62524 kB
20220313 000936.622 INFO             PET1 PIOc_freedecomp Enter - MemInfo: [/proc/self/status]	VmLck:	       0 kB
20220313 000936.622 INFO             PET1 PIOc_freedecomp Enter - MemInfo: [/proc/self/status]	VmPin:	       0 kB
20220313 000936.622 INFO             PET1 PIOc_freedecomp Enter - MemInfo: [/proc/self/status]	VmHWM:	   12740 kB
20220313 000936.623 INFO             PET1 PIOc_freedecomp Enter - MemInfo: [/proc/self/status]	VmRSS:	   12740 kB
20220313 000936.623 INFO             PET1 PIOc_freedecomp Enter - MemInfo: [/proc/self/status]	VmData:	    9632 kB
20220313 000936.623 INFO             PET1 PIOc_freedecomp Enter - MemInfo: [/proc/self/status]	VmStk:	     164 kB
20220313 000936.623 INFO             PET1 PIOc_freedecomp Enter - MemInfo: [/proc/self/status]	VmExe:	   27308 kB
20220313 000936.623 INFO             PET1 PIOc_freedecomp Enter - MemInfo: [/proc/self/status]	VmLib:	    1952 kB
20220313 000936.623 INFO             PET1 PIOc_freedecomp Enter - MemInfo: [/proc/self/status]	VmPTE:	     132 kB
20220313 000936.623 INFO             PET1 PIOc_freedecomp Enter - MemInfo: [/proc/self/status]	VmPMD:	      12 kB
20220313 000936.623 INFO             PET1 PIOc_freedecomp Enter - MemInfo: [/proc/self/status]	VmSwap:	       0 kB
20220313 000936.623 INFO             PET1 PIOc_freedecomp Enter - MemInfo: [/proc/self/status]	VmRSSPercent: 0.0193453 %
20220313 000936.623 INFO             PET1 PIOc_freedecomp Enter - MemInfo: [malloc] Non-mmapped space allocated:                 1280320 Byte
20220313 000936.623 INFO             PET1 PIOc_freedecomp Enter - MemInfo: [malloc] Space allocated in mmapped regions:          4243456 Byte
20220313 000936.623 INFO             PET1 PIOc_freedecomp Enter - MemInfo: [malloc] Maximum total allocated space:                     0 Byte
20220313 000936.623 INFO             PET1 PIOc_freedecomp Enter - MemInfo: [malloc] Space in freed fastbin blocks:                     0 Byte
20220313 000936.623 INFO             PET1 PIOc_freedecomp Enter - MemInfo: [malloc] Total allocated space:                       1134384 Byte
20220313 000936.623 INFO             PET1 PIOc_freedecomp Enter - MemInfo: [malloc] Total free space:                             145936 Byte
20220313 000936.623 INFO             PET1 PIOc_freedecomp Enter - MemInfo: [malloc] Top-most, releasable space:                   131024 Byte
20220313 000936.623 INFO             PET1 PIOc_freedecomp Enter - MemInfo: [malloc] Total space in use, mmap + non-mmap:         5377840 Byte
20220313 000936.623 INFO             PET1 PIOc_freedecomp Enter - MemInfo: [malloc] Total space held (mmap + non-mmap):          5523776 Byte
20220313 000936.623 INFO             PET1 PIOc_freedecomp Enter - MemInfo: [malloc] Total space used (mmap + non-mmap):          5386560 Byte
20220313 000936.623 INFO             PET1 PIOc_freedecomp Enter - MemInfo: Wall-clock time since execution start:               0.163443 seconds
20220313 000936.623 INFO             PET1 PIOc_freedecomp Exit - MemInfo: [/proc/meminfo - SSI]	MemTotal:       65855856 kB
20220313 000936.623 INFO             PET1 PIOc_freedecomp Exit - MemInfo: [/proc/meminfo - SSI]	MemFree:        61251364 kB
20220313 000936.623 INFO             PET1 PIOc_freedecomp Exit - MemInfo: [/proc/meminfo - SSI]	MemAvailable:   61019120 kB
20220313 000936.623 INFO             PET1 PIOc_freedecomp Exit - MemInfo: [/proc/meminfo - SSI]	Committed_AS:    2839264 kB
20220313 000936.623 INFO             PET1 PIOc_freedecomp Exit - MemInfo: [/proc/meminfo - SSI]	CommittedPercent: 4.31133 %
20220313 000936.623 INFO             PET1 PIOc_freedecomp Exit - MemInfo: [/proc/self/status]	VmPeak:	   62720 kB
20220313 000936.623 INFO             PET1 PIOc_freedecomp Exit - MemInfo: [/proc/self/status]	VmSize:	   62524 kB
20220313 000936.623 INFO             PET1 PIOc_freedecomp Exit - MemInfo: [/proc/self/status]	VmLck:	       0 kB
20220313 000936.623 INFO             PET1 PIOc_freedecomp Exit - MemInfo: [/proc/self/status]	VmPin:	       0 kB
20220313 000936.623 INFO             PET1 PIOc_freedecomp Exit - MemInfo: [/proc/self/status]	VmHWM:	   12740 kB
20220313 000936.623 INFO             PET1 PIOc_freedecomp Exit - MemInfo: [/proc/self/status]	VmRSS:	   12740 kB
20220313 000936.623 INFO             PET1 PIOc_freedecomp Exit - MemInfo: [/proc/self/status]	VmData:	    9632 kB
20220313 000936.623 INFO             PET1 PIOc_freedecomp Exit - MemInfo: [/proc/self/status]	VmStk:	     164 kB
20220313 000936.623 INFO             PET1 PIOc_freedecomp Exit - MemInfo: [/proc/self/status]	VmExe:	   27308 kB
20220313 000936.623 INFO             PET1 PIOc_freedecomp Exit - MemInfo: [/proc/self/status]	VmLib:	    1952 kB
20220313 000936.623 INFO             PET1 PIOc_freedecomp Exit - MemInfo: [/proc/self/status]	VmPTE:	     132 kB
20220313 000936.623 INFO             PET1 PIOc_freedecomp Exit - MemInfo: [/proc/self/status]	VmPMD:	      12 kB
20220313 000936.623 INFO             PET1 PIOc_freedecomp Exit - MemInfo: [/proc/self/status]	VmSwap:	       0 kB
20220313 000936.623 INFO             PET1 PIOc_freedecomp Exit - MemInfo: [/proc/self/status]	VmRSSPercent: 0.0193453 %
20220313 000936.623 INFO             PET1 PIOc_freedecomp Exit - MemInfo: [malloc] Non-mmapped space allocated:                 1280320 Byte
20220313 000936.623 INFO             PET1 PIOc_freedecomp Exit - MemInfo: [malloc] Space allocated in mmapped regions:          4243456 Byte
20220313 000936.623 INFO             PET1 PIOc_freedecomp Exit - MemInfo: [malloc] Maximum total allocated space:                     0 Byte
20220313 000936.623 INFO             PET1 PIOc_freedecomp Exit - MemInfo: [malloc] Space in freed fastbin blocks:                   192 Byte
20220313 000936.623 INFO             PET1 PIOc_freedecomp Exit - MemInfo: [malloc] Total allocated space:                       1133344 Byte
20220313 000936.623 INFO             PET1 PIOc_freedecomp Exit - MemInfo: [malloc] Total free space:                             146976 Byte
20220313 000936.623 INFO             PET1 PIOc_freedecomp Exit - MemInfo: [malloc] Top-most, releasable space:                   130800 Byte
20220313 000936.623 INFO             PET1 PIOc_freedecomp Exit - MemInfo: [malloc] Total space in use, mmap + non-mmap:         5376800 Byte
20220313 000936.623 INFO             PET1 PIOc_freedecomp Exit - MemInfo: [malloc] Total space held (mmap + non-mmap):          5523776 Byte
20220313 000936.623 INFO             PET1 PIOc_freedecomp Exit - MemInfo: [malloc] Total space used (mmap + non-mmap):          5385568 Byte
20220313 000936.623 INFO             PET1 PIOc_freedecomp Exit - MemInfo: Wall-clock time since execution start:               0.163796 seconds
20220313 000936.626 INFO             PET1 PIOc_sync Enter - MemInfo: [/proc/meminfo - SSI]	MemTotal:       65855856 kB
20220313 000936.626 INFO             PET1 PIOc_sync Enter - MemInfo: [/proc/meminfo - SSI]	MemFree:        61248340 kB
20220313 000936.626 INFO             PET1 PIOc_sync Enter - MemInfo: [/proc/meminfo - SSI]	MemAvailable:   61016096 kB
20220313 000936.627 INFO             PET1 PIOc_sync Enter - MemInfo: [/proc/meminfo - SSI]	Committed_AS:    2847516 kB
20220313 000936.627 INFO             PET1 PIOc_sync Enter - MemInfo: [/proc/meminfo - SSI]	CommittedPercent: 4.32386 %
20220313 000936.627 INFO             PET1 PIOc_sync Enter - MemInfo: [/proc/self/status]	VmPeak:	   62720 kB
20220313 000936.627 INFO             PET1 PIOc_sync Enter - MemInfo: [/proc/self/status]	VmSize:	   62488 kB
20220313 000936.627 INFO             PET1 PIOc_sync Enter - MemInfo: [/proc/self/status]	VmLck:	       0 kB
20220313 000936.627 INFO             PET1 PIOc_sync Enter - MemInfo: [/proc/self/status]	VmPin:	       0 kB
20220313 000936.627 INFO             PET1 PIOc_sync Enter - MemInfo: [/proc/self/status]	VmHWM:	   12788 kB
20220313 000936.627 INFO             PET1 PIOc_sync Enter - MemInfo: [/proc/self/status]	VmRSS:	   12772 kB
20220313 000936.627 INFO             PET1 PIOc_sync Enter - MemInfo: [/proc/self/status]	VmData:	    9632 kB
20220313 000936.627 INFO             PET1 PIOc_sync Enter - MemInfo: [/proc/self/status]	VmStk:	     164 kB
20220313 000936.627 INFO             PET1 PIOc_sync Enter - MemInfo: [/proc/self/status]	VmExe:	   27308 kB
20220313 000936.627 INFO             PET1 PIOc_sync Enter - MemInfo: [/proc/self/status]	VmLib:	    1952 kB
20220313 000936.627 INFO             PET1 PIOc_sync Enter - MemInfo: [/proc/self/status]	VmPTE:	     132 kB
20220313 000936.627 INFO             PET1 PIOc_sync Enter - MemInfo: [/proc/self/status]	VmPMD:	      12 kB
20220313 000936.627 INFO             PET1 PIOc_sync Enter - MemInfo: [/proc/self/status]	VmSwap:	       0 kB
20220313 000936.627 INFO             PET1 PIOc_sync Enter - MemInfo: [/proc/self/status]	VmRSSPercent: 0.0193939 %
20220313 000936.627 INFO             PET1 PIOc_sync Enter - MemInfo: [malloc] Non-mmapped space allocated:                 1280320 Byte
20220313 000936.627 INFO             PET1 PIOc_sync Enter - MemInfo: [malloc] Space allocated in mmapped regions:          4243456 Byte
20220313 000936.627 INFO             PET1 PIOc_sync Enter - MemInfo: [malloc] Maximum total allocated space:                     0 Byte
20220313 000936.627 INFO             PET1 PIOc_sync Enter - MemInfo: [malloc] Space in freed fastbin blocks:                    80 Byte
20220313 000936.627 INFO             PET1 PIOc_sync Enter - MemInfo: [malloc] Total allocated space:                       1136480 Byte
20220313 000936.627 INFO             PET1 PIOc_sync Enter - MemInfo: [malloc] Total free space:                             143840 Byte
20220313 000936.627 INFO             PET1 PIOc_sync Enter - MemInfo: [malloc] Top-most, releasable space:                   130576 Byte
20220313 000936.627 INFO             PET1 PIOc_sync Enter - MemInfo: [malloc] Total space in use, mmap + non-mmap:         5379936 Byte
20220313 000936.627 INFO             PET1 PIOc_sync Enter - MemInfo: [malloc] Total space held (mmap + non-mmap):          5523776 Byte
20220313 000936.627 INFO             PET1 PIOc_sync Enter - MemInfo: [malloc] Total space used (mmap + non-mmap):          5388256 Byte
20220313 000936.627 INFO             PET1 PIOc_sync Enter - MemInfo: Wall-clock time since execution start:               0.167536 seconds
20220313 000936.627 INFO             PET1 PIOc_sync Exit - MemInfo: [/proc/meminfo - SSI]	MemTotal:       65855856 kB
20220313 000936.627 INFO             PET1 PIOc_sync Exit - MemInfo: [/proc/meminfo - SSI]	MemFree:        61248340 kB
20220313 000936.627 INFO             PET1 PIOc_sync Exit - MemInfo: [/proc/meminfo - SSI]	MemAvailable:   61016096 kB
20220313 000936.627 INFO             PET1 PIOc_sync Exit - MemInfo: [/proc/meminfo - SSI]	Committed_AS:    2847516 kB
20220313 000936.627 INFO             PET1 PIOc_sync Exit - MemInfo: [/proc/meminfo - SSI]	CommittedPercent: 4.32386 %
20220313 000936.627 INFO             PET1 PIOc_sync Exit - MemInfo: [/proc/self/status]	VmPeak:	   62720 kB
20220313 000936.627 INFO             PET1 PIOc_sync Exit - MemInfo: [/proc/self/status]	VmSize:	   62488 kB
20220313 000936.627 INFO             PET1 PIOc_sync Exit - MemInfo: [/proc/self/status]	VmLck:	       0 kB
20220313 000936.627 INFO             PET1 PIOc_sync Exit - MemInfo: [/proc/self/status]	VmPin:	       0 kB
20220313 000936.627 INFO             PET1 PIOc_sync Exit - MemInfo: [/proc/self/status]	VmHWM:	   12788 kB
20220313 000936.627 INFO             PET1 PIOc_sync Exit - MemInfo: [/proc/self/status]	VmRSS:	   12772 kB
20220313 000936.627 INFO             PET1 PIOc_sync Exit - MemInfo: [/proc/self/status]	VmData:	    9632 kB
20220313 000936.627 INFO             PET1 PIOc_sync Exit - MemInfo: [/proc/self/status]	VmStk:	     164 kB
20220313 000936.627 INFO             PET1 PIOc_sync Exit - MemInfo: [/proc/self/status]	VmExe:	   27308 kB
20220313 000936.627 INFO             PET1 PIOc_sync Exit - MemInfo: [/proc/self/status]	VmLib:	    1952 kB
20220313 000936.627 INFO             PET1 PIOc_sync Exit - MemInfo: [/proc/self/status]	VmPTE:	     132 kB
20220313 000936.627 INFO             PET1 PIOc_sync Exit - MemInfo: [/proc/self/status]	VmPMD:	      12 kB
20220313 000936.627 INFO             PET1 PIOc_sync Exit - MemInfo: [/proc/self/status]	VmSwap:	       0 kB
20220313 000936.627 INFO             PET1 PIOc_sync Exit - MemInfo: [/proc/self/status]	VmRSSPercent: 0.0193939 %
20220313 000936.627 INFO             PET1 PIOc_sync Exit - MemInfo: [malloc] Non-mmapped space allocated:                 1280320 Byte
20220313 000936.627 INFO             PET1 PIOc_sync Exit - MemInfo: [malloc] Space allocated in mmapped regions:          4243456 Byte
20220313 000936.627 INFO             PET1 PIOc_sync Exit - MemInfo: [malloc] Maximum total allocated space:                     0 Byte
20220313 000936.627 INFO             PET1 PIOc_sync Exit - MemInfo: [malloc] Space in freed fastbin blocks:                   240 Byte
20220313 000936.627 INFO             PET1 PIOc_sync Exit - MemInfo: [malloc] Total allocated space:                       1136912 Byte
20220313 000936.627 INFO             PET1 PIOc_sync Exit - MemInfo: [malloc] Total free space:                             143408 Byte
20220313 000936.627 INFO             PET1 PIOc_sync Exit - MemInfo: [malloc] Top-most, releasable space:                   130352 Byte
20220313 000936.627 INFO             PET1 PIOc_sync Exit - MemInfo: [malloc] Total space in use, mmap + non-mmap:         5380368 Byte
20220313 000936.627 INFO             PET1 PIOc_sync Exit - MemInfo: [malloc] Total space held (mmap + non-mmap):          5523776 Byte
20220313 000936.627 INFO             PET1 PIOc_sync Exit - MemInfo: [malloc] Total space used (mmap + non-mmap):          5388576 Byte
20220313 000936.627 INFO             PET1 PIOc_sync Exit - MemInfo: Wall-clock time since execution start:               0.167979 seconds
20220313 000936.628 INFO             PET1 PIOc_freedecomp Enter - MemInfo: [/proc/meminfo - SSI]	MemTotal:       65855856 kB
20220313 000936.628 INFO             PET1 PIOc_freedecomp Enter - MemInfo: [/proc/meminfo - SSI]	MemFree:        61248340 kB
20220313 000936.628 INFO             PET1 PIOc_freedecomp Enter - MemInfo: [/proc/meminfo - SSI]	MemAvailable:   61016096 kB
20220313 000936.628 INFO             PET1 PIOc_freedecomp Enter - MemInfo: [/proc/meminfo - SSI]	Committed_AS:    2847516 kB
20220313 000936.628 INFO             PET1 PIOc_freedecomp Enter - MemInfo: [/proc/meminfo - SSI]	CommittedPercent: 4.32386 %
20220313 000936.628 INFO             PET1 PIOc_freedecomp Enter - MemInfo: [/proc/self/status]	VmPeak:	   62720 kB
20220313 000936.628 INFO             PET1 PIOc_freedecomp Enter - MemInfo: [/proc/self/status]	VmSize:	   62488 kB
20220313 000936.628 INFO             PET1 PIOc_freedecomp Enter - MemInfo: [/proc/self/status]	VmLck:	       0 kB
20220313 000936.628 INFO             PET1 PIOc_freedecomp Enter - MemInfo: [/proc/self/status]	VmPin:	       0 kB
20220313 000936.628 INFO             PET1 PIOc_freedecomp Enter - MemInfo: [/proc/self/status]	VmHWM:	   12788 kB
20220313 000936.628 INFO             PET1 PIOc_freedecomp Enter - MemInfo: [/proc/self/status]	VmRSS:	   12772 kB
20220313 000936.628 INFO             PET1 PIOc_freedecomp Enter - MemInfo: [/proc/self/status]	VmData:	    9632 kB
20220313 000936.628 INFO             PET1 PIOc_freedecomp Enter - MemInfo: [/proc/self/status]	VmStk:	     164 kB
20220313 000936.628 INFO             PET1 PIOc_freedecomp Enter - MemInfo: [/proc/self/status]	VmExe:	   27308 kB
20220313 000936.628 INFO             PET1 PIOc_freedecomp Enter - MemInfo: [/proc/self/status]	VmLib:	    1952 kB
20220313 000936.628 INFO             PET1 PIOc_freedecomp Enter - MemInfo: [/proc/self/status]	VmPTE:	     132 kB
20220313 000936.628 INFO             PET1 PIOc_freedecomp Enter - MemInfo: [/proc/self/status]	VmPMD:	      12 kB
20220313 000936.628 INFO             PET1 PIOc_freedecomp Enter - MemInfo: [/proc/self/status]	VmSwap:	       0 kB
20220313 000936.628 INFO             PET1 PIOc_freedecomp Enter - MemInfo: [/proc/self/status]	VmRSSPercent: 0.0193939 %
20220313 000936.628 INFO             PET1 PIOc_freedecomp Enter - MemInfo: [malloc] Non-mmapped space allocated:                 1280320 Byte
20220313 000936.628 INFO             PET1 PIOc_freedecomp Enter - MemInfo: [malloc] Space allocated in mmapped regions:          4243456 Byte
20220313 000936.628 INFO             PET1 PIOc_freedecomp Enter - MemInfo: [malloc] Maximum total allocated space:                     0 Byte
20220313 000936.628 INFO             PET1 PIOc_freedecomp Enter - MemInfo: [malloc] Space in freed fastbin blocks:                   160 Byte
20220313 000936.628 INFO             PET1 PIOc_freedecomp Enter - MemInfo: [malloc] Total allocated space:                       1135936 Byte
20220313 000936.628 INFO             PET1 PIOc_freedecomp Enter - MemInfo: [malloc] Total free space:                             144384 Byte
20220313 000936.628 INFO             PET1 PIOc_freedecomp Enter - MemInfo: [malloc] Top-most, releasable space:                   130128 Byte
20220313 000936.628 INFO             PET1 PIOc_freedecomp Enter - MemInfo: [malloc] Total space in use, mmap + non-mmap:         5379392 Byte
20220313 000936.628 INFO             PET1 PIOc_freedecomp Enter - MemInfo: [malloc] Total space held (mmap + non-mmap):          5523776 Byte
20220313 000936.628 INFO             PET1 PIOc_freedecomp Enter - MemInfo: [malloc] Total space used (mmap + non-mmap):          5387600 Byte
20220313 000936.628 INFO             PET1 PIOc_freedecomp Enter - MemInfo: Wall-clock time since execution start:               0.168655 seconds
20220313 000936.628 INFO             PET1 PIOc_freedecomp Exit - MemInfo: [/proc/meminfo - SSI]	MemTotal:       65855856 kB
20220313 000936.628 INFO             PET1 PIOc_freedecomp Exit - MemInfo: [/proc/meminfo - SSI]	MemFree:        61248340 kB
20220313 000936.628 INFO             PET1 PIOc_freedecomp Exit - MemInfo: [/proc/meminfo - SSI]	MemAvailable:   61016096 kB
20220313 000936.628 INFO             PET1 PIOc_freedecomp Exit - MemInfo: [/proc/meminfo - SSI]	Committed_AS:    2847516 kB
20220313 000936.628 INFO             PET1 PIOc_freedecomp Exit - MemInfo: [/proc/meminfo - SSI]	CommittedPercent: 4.32386 %
20220313 000936.628 INFO             PET1 PIOc_freedecomp Exit - MemInfo: [/proc/self/status]	VmPeak:	   62720 kB
20220313 000936.628 INFO             PET1 PIOc_freedecomp Exit - MemInfo: [/proc/self/status]	VmSize:	   62488 kB
20220313 000936.628 INFO             PET1 PIOc_freedecomp Exit - MemInfo: [/proc/self/status]	VmLck:	       0 kB
20220313 000936.628 INFO             PET1 PIOc_freedecomp Exit - MemInfo: [/proc/self/status]	VmPin:	       0 kB
20220313 000936.628 INFO             PET1 PIOc_freedecomp Exit - MemInfo: [/proc/self/status]	VmHWM:	   12788 kB
20220313 000936.628 INFO             PET1 PIOc_freedecomp Exit - MemInfo: [/proc/self/status]	VmRSS:	   12772 kB
20220313 000936.628 INFO             PET1 PIOc_freedecomp Exit - MemInfo: [/proc/self/status]	VmData:	    9632 kB
20220313 000936.628 INFO             PET1 PIOc_freedecomp Exit - MemInfo: [/proc/self/status]	VmStk:	     164 kB
20220313 000936.628 INFO             PET1 PIOc_freedecomp Exit - MemInfo: [/proc/self/status]	VmExe:	   27308 kB
20220313 000936.628 INFO             PET1 PIOc_freedecomp Exit - MemInfo: [/proc/self/status]	VmLib:	    1952 kB
20220313 000936.628 INFO             PET1 PIOc_freedecomp Exit - MemInfo: [/proc/self/status]	VmPTE:	     132 kB
20220313 000936.628 INFO             PET1 PIOc_freedecomp Exit - MemInfo: [/proc/self/status]	VmPMD:	      12 kB
20220313 000936.628 INFO             PET1 PIOc_freedecomp Exit - MemInfo: [/proc/self/status]	VmSwap:	       0 kB
20220313 000936.628 INFO             PET1 PIOc_freedecomp Exit - MemInfo: [/proc/self/status]	VmRSSPercent: 0.0193939 %
20220313 000936.628 INFO             PET1 PIOc_freedecomp Exit - MemInfo: [malloc] Non-mmapped space allocated:                 1280320 Byte
20220313 000936.628 INFO             PET1 PIOc_freedecomp Exit - MemInfo: [malloc] Space allocated in mmapped regions:          4243456 Byte
20220313 000936.628 INFO             PET1 PIOc_freedecomp Exit - MemInfo: [malloc] Maximum total allocated space:                     0 Byte
20220313 000936.628 INFO             PET1 PIOc_freedecomp Exit - MemInfo: [malloc] Space in freed fastbin blocks:                   512 Byte
20220313 000936.628 INFO             PET1 PIOc_freedecomp Exit - MemInfo: [malloc] Total allocated space:                       1133536 Byte
20220313 000936.628 INFO             PET1 PIOc_freedecomp Exit - MemInfo: [malloc] Total free space:                             146784 Byte
20220313 000936.628 INFO             PET1 PIOc_freedecomp Exit - MemInfo: [malloc] Top-most, releasable space:                   129904 Byte
20220313 000936.628 INFO             PET1 PIOc_freedecomp Exit - MemInfo: [malloc] Total space in use, mmap + non-mmap:         5376992 Byte
20220313 000936.628 INFO             PET1 PIOc_freedecomp Exit - MemInfo: [malloc] Total space held (mmap + non-mmap):          5523776 Byte
20220313 000936.628 INFO             PET1 PIOc_freedecomp Exit - MemInfo: [malloc] Total space used (mmap + non-mmap):          5385200 Byte
20220313 000936.628 INFO             PET1 PIOc_freedecomp Exit - MemInfo: Wall-clock time since execution start:               0.169024 seconds
20220313 000936.630 INFO             PET1 PIOc_sync Enter - MemInfo: [/proc/meminfo - SSI]	MemTotal:       65855856 kB
20220313 000936.630 INFO             PET1 PIOc_sync Enter - MemInfo: [/proc/meminfo - SSI]	MemFree:        61247580 kB
20220313 000936.630 INFO             PET1 PIOc_sync Enter - MemInfo: [/proc/meminfo - SSI]	MemAvailable:   61015336 kB
20220313 000936.630 INFO             PET1 PIOc_sync Enter - MemInfo: [/proc/meminfo - SSI]	Committed_AS:    2847516 kB
20220313 000936.630 INFO             PET1 PIOc_sync Enter - MemInfo: [/proc/meminfo - SSI]	CommittedPercent: 4.32386 %
20220313 000936.630 INFO             PET1 PIOc_sync Enter - MemInfo: [/proc/self/status]	VmPeak:	   62720 kB
20220313 000936.630 INFO             PET1 PIOc_sync Enter - MemInfo: [/proc/self/status]	VmSize:	   62488 kB
20220313 000936.630 INFO             PET1 PIOc_sync Enter - MemInfo: [/proc/self/status]	VmLck:	       0 kB
20220313 000936.630 INFO             PET1 PIOc_sync Enter - MemInfo: [/proc/self/status]	VmPin:	       0 kB
20220313 000936.630 INFO             PET1 PIOc_sync Enter - MemInfo: [/proc/self/status]	VmHWM:	   12788 kB
20220313 000936.630 INFO             PET1 PIOc_sync Enter - MemInfo: [/proc/self/status]	VmRSS:	   12772 kB
20220313 000936.630 INFO             PET1 PIOc_sync Enter - MemInfo: [/proc/self/status]	VmData:	    9632 kB
20220313 000936.630 INFO             PET1 PIOc_sync Enter - MemInfo: [/proc/self/status]	VmStk:	     164 kB
20220313 000936.630 INFO             PET1 PIOc_sync Enter - MemInfo: [/proc/self/status]	VmExe:	   27308 kB
20220313 000936.630 INFO             PET1 PIOc_sync Enter - MemInfo: [/proc/self/status]	VmLib:	    1952 kB
20220313 000936.630 INFO             PET1 PIOc_sync Enter - MemInfo: [/proc/self/status]	VmPTE:	     132 kB
20220313 000936.630 INFO             PET1 PIOc_sync Enter - MemInfo: [/proc/self/status]	VmPMD:	      12 kB
20220313 000936.630 INFO             PET1 PIOc_sync Enter - MemInfo: [/proc/self/status]	VmSwap:	       0 kB
20220313 000936.630 INFO             PET1 PIOc_sync Enter - MemInfo: [/proc/self/status]	VmRSSPercent: 0.0193939 %
20220313 000936.630 INFO             PET1 PIOc_sync Enter - MemInfo: [malloc] Non-mmapped space allocated:                 1280320 Byte
20220313 000936.630 INFO             PET1 PIOc_sync Enter - MemInfo: [malloc] Space allocated in mmapped regions:          4243456 Byte
20220313 000936.630 INFO             PET1 PIOc_sync Enter - MemInfo: [malloc] Maximum total allocated space:                     0 Byte
20220313 000936.630 INFO             PET1 PIOc_sync Enter - MemInfo: [malloc] Space in freed fastbin blocks:                    80 Byte
20220313 000936.630 INFO             PET1 PIOc_sync Enter - MemInfo: [malloc] Total allocated space:                       1137584 Byte
20220313 000936.630 INFO             PET1 PIOc_sync Enter - MemInfo: [malloc] Total free space:                             142736 Byte
20220313 000936.630 INFO             PET1 PIOc_sync Enter - MemInfo: [malloc] Top-most, releasable space:                   129680 Byte
20220313 000936.630 INFO             PET1 PIOc_sync Enter - MemInfo: [malloc] Total space in use, mmap + non-mmap:         5381040 Byte
20220313 000936.630 INFO             PET1 PIOc_sync Enter - MemInfo: [malloc] Total space held (mmap + non-mmap):          5523776 Byte
20220313 000936.630 INFO             PET1 PIOc_sync Enter - MemInfo: [malloc] Total space used (mmap + non-mmap):          5389248 Byte
20220313 000936.630 INFO             PET1 PIOc_sync Enter - MemInfo: Wall-clock time since execution start:               0.170963 seconds
20220313 000936.630 INFO             PET1 PIOc_sync Exit - MemInfo: [/proc/meminfo - SSI]	MemTotal:       65855856 kB
20220313 000936.630 INFO             PET1 PIOc_sync Exit - MemInfo: [/proc/meminfo - SSI]	MemFree:        61247580 kB
20220313 000936.630 INFO             PET1 PIOc_sync Exit - MemInfo: [/proc/meminfo - SSI]	MemAvailable:   61015336 kB
20220313 000936.630 INFO             PET1 PIOc_sync Exit - MemInfo: [/proc/meminfo - SSI]	Committed_AS:    2847516 kB
20220313 000936.630 INFO             PET1 PIOc_sync Exit - MemInfo: [/proc/meminfo - SSI]	CommittedPercent: 4.32386 %
20220313 000936.630 INFO             PET1 PIOc_sync Exit - MemInfo: [/proc/self/status]	VmPeak:	   62720 kB
20220313 000936.630 INFO             PET1 PIOc_sync Exit - MemInfo: [/proc/self/status]	VmSize:	   62488 kB
20220313 000936.630 INFO             PET1 PIOc_sync Exit - MemInfo: [/proc/self/status]	VmLck:	       0 kB
20220313 000936.630 INFO             PET1 PIOc_sync Exit - MemInfo: [/proc/self/status]	VmPin:	       0 kB
20220313 000936.631 INFO             PET1 PIOc_sync Exit - MemInfo: [/proc/self/status]	VmHWM:	   12788 kB
20220313 000936.631 INFO             PET1 PIOc_sync Exit - MemInfo: [/proc/self/status]	VmRSS:	   12772 kB
20220313 000936.631 INFO             PET1 PIOc_sync Exit - MemInfo: [/proc/self/status]	VmData:	    9632 kB
20220313 000936.631 INFO             PET1 PIOc_sync Exit - MemInfo: [/proc/self/status]	VmStk:	     164 kB
20220313 000936.631 INFO             PET1 PIOc_sync Exit - MemInfo: [/proc/self/status]	VmExe:	   27308 kB
20220313 000936.631 INFO             PET1 PIOc_sync Exit - MemInfo: [/proc/self/status]	VmLib:	    1952 kB
20220313 000936.631 INFO             PET1 PIOc_sync Exit - MemInfo: [/proc/self/status]	VmPTE:	     132 kB
20220313 000936.631 INFO             PET1 PIOc_sync Exit - MemInfo: [/proc/self/status]	VmPMD:	      12 kB
20220313 000936.631 INFO             PET1 PIOc_sync Exit - MemInfo: [/proc/self/status]	VmSwap:	       0 kB
20220313 000936.631 INFO             PET1 PIOc_sync Exit - MemInfo: [/proc/self/status]	VmRSSPercent: 0.0193939 %
20220313 000936.631 INFO             PET1 PIOc_sync Exit - MemInfo: [malloc] Non-mmapped space allocated:                 1280320 Byte
20220313 000936.631 INFO             PET1 PIOc_sync Exit - MemInfo: [malloc] Space allocated in mmapped regions:          4243456 Byte
20220313 000936.631 INFO             PET1 PIOc_sync Exit - MemInfo: [malloc] Maximum total allocated space:                     0 Byte
20220313 000936.631 INFO             PET1 PIOc_sync Exit - MemInfo: [malloc] Space in freed fastbin blocks:                     0 Byte
20220313 000936.631 INFO             PET1 PIOc_sync Exit - MemInfo: [malloc] Total allocated space:                       1137584 Byte
20220313 000936.631 INFO             PET1 PIOc_sync Exit - MemInfo: [malloc] Total free space:                             142736 Byte
20220313 000936.631 INFO             PET1 PIOc_sync Exit - MemInfo: [malloc] Top-most, releasable space:                   129456 Byte
20220313 000936.631 INFO             PET1 PIOc_sync Exit - MemInfo: [malloc] Total space in use, mmap + non-mmap:         5381040 Byte
20220313 000936.631 INFO             PET1 PIOc_sync Exit - MemInfo: [malloc] Total space held (mmap + non-mmap):          5523776 Byte
20220313 000936.631 INFO             PET1 PIOc_sync Exit - MemInfo: [malloc] Total space used (mmap + non-mmap):          5389248 Byte
20220313 000936.631 INFO             PET1 PIOc_sync Exit - MemInfo: Wall-clock time since execution start:               0.171444 seconds
20220313 000936.631 INFO             PET1 PIOc_freedecomp Enter - MemInfo: [/proc/meminfo - SSI]	MemTotal:       65855856 kB
20220313 000936.631 INFO             PET1 PIOc_freedecomp Enter - MemInfo: [/proc/meminfo - SSI]	MemFree:        61247580 kB
20220313 000936.631 INFO             PET1 PIOc_freedecomp Enter - MemInfo: [/proc/meminfo - SSI]	MemAvailable:   61015336 kB
20220313 000936.631 INFO             PET1 PIOc_freedecomp Enter - MemInfo: [/proc/meminfo - SSI]	Committed_AS:    2847516 kB
20220313 000936.631 INFO             PET1 PIOc_freedecomp Enter - MemInfo: [/proc/meminfo - SSI]	CommittedPercent: 4.32386 %
20220313 000936.631 INFO             PET1 PIOc_freedecomp Enter - MemInfo: [/proc/self/status]	VmPeak:	   62720 kB
20220313 000936.631 INFO             PET1 PIOc_freedecomp Enter - MemInfo: [/proc/self/status]	VmSize:	   62488 kB
20220313 000936.631 INFO             PET1 PIOc_freedecomp Enter - MemInfo: [/proc/self/status]	VmLck:	       0 kB
20220313 000936.631 INFO             PET1 PIOc_freedecomp Enter - MemInfo: [/proc/self/status]	VmPin:	       0 kB
20220313 000936.631 INFO             PET1 PIOc_freedecomp Enter - MemInfo: [/proc/self/status]	VmHWM:	   12788 kB
20220313 000936.631 INFO             PET1 PIOc_freedecomp Enter - MemInfo: [/proc/self/status]	VmRSS:	   12772 kB
20220313 000936.631 INFO             PET1 PIOc_freedecomp Enter - MemInfo: [/proc/self/status]	VmData:	    9632 kB
20220313 000936.631 INFO             PET1 PIOc_freedecomp Enter - MemInfo: [/proc/self/status]	VmStk:	     164 kB
20220313 000936.631 INFO             PET1 PIOc_freedecomp Enter - MemInfo: [/proc/self/status]	VmExe:	   27308 kB
20220313 000936.631 INFO             PET1 PIOc_freedecomp Enter - MemInfo: [/proc/self/status]	VmLib:	    1952 kB
20220313 000936.631 INFO             PET1 PIOc_freedecomp Enter - MemInfo: [/proc/self/status]	VmPTE:	     132 kB
20220313 000936.631 INFO             PET1 PIOc_freedecomp Enter - MemInfo: [/proc/self/status]	VmPMD:	      12 kB
20220313 000936.631 INFO             PET1 PIOc_freedecomp Enter - MemInfo: [/proc/self/status]	VmSwap:	       0 kB
20220313 000936.631 INFO             PET1 PIOc_freedecomp Enter - MemInfo: [/proc/self/status]	VmRSSPercent: 0.0193939 %
20220313 000936.631 INFO             PET1 PIOc_freedecomp Enter - MemInfo: [malloc] Non-mmapped space allocated:                 1280320 Byte
20220313 000936.631 INFO             PET1 PIOc_freedecomp Enter - MemInfo: [malloc] Space allocated in mmapped regions:          4243456 Byte
20220313 000936.631 INFO             PET1 PIOc_freedecomp Enter - MemInfo: [malloc] Maximum total allocated space:                     0 Byte
20220313 000936.631 INFO             PET1 PIOc_freedecomp Enter - MemInfo: [malloc] Space in freed fastbin blocks:                     0 Byte
20220313 000936.631 INFO             PET1 PIOc_freedecomp Enter - MemInfo: [malloc] Total allocated space:                       1136240 Byte
20220313 000936.631 INFO             PET1 PIOc_freedecomp Enter - MemInfo: [malloc] Total free space:                             144080 Byte
20220313 000936.631 INFO             PET1 PIOc_freedecomp Enter - MemInfo: [malloc] Top-most, releasable space:                   129232 Byte
20220313 000936.631 INFO             PET1 PIOc_freedecomp Enter - MemInfo: [malloc] Total space in use, mmap + non-mmap:         5379696 Byte
20220313 000936.631 INFO             PET1 PIOc_freedecomp Enter - MemInfo: [malloc] Total space held (mmap + non-mmap):          5523776 Byte
20220313 000936.631 INFO             PET1 PIOc_freedecomp Enter - MemInfo: [malloc] Total space used (mmap + non-mmap):          5387904 Byte
20220313 000936.631 INFO             PET1 PIOc_freedecomp Enter - MemInfo: Wall-clock time since execution start:               0.171988 seconds
20220313 000936.631 INFO             PET1 PIOc_freedecomp Exit - MemInfo: [/proc/meminfo - SSI]	MemTotal:       65855856 kB
20220313 000936.631 INFO             PET1 PIOc_freedecomp Exit - MemInfo: [/proc/meminfo - SSI]	MemFree:        61247580 kB
20220313 000936.631 INFO             PET1 PIOc_freedecomp Exit - MemInfo: [/proc/meminfo - SSI]	MemAvailable:   61015336 kB
20220313 000936.631 INFO             PET1 PIOc_freedecomp Exit - MemInfo: [/proc/meminfo - SSI]	Committed_AS:    2847516 kB
20220313 000936.631 INFO             PET1 PIOc_freedecomp Exit - MemInfo: [/proc/meminfo - SSI]	CommittedPercent: 4.32386 %
20220313 000936.631 INFO             PET1 PIOc_freedecomp Exit - MemInfo: [/proc/self/status]	VmPeak:	   62720 kB
20220313 000936.631 INFO             PET1 PIOc_freedecomp Exit - MemInfo: [/proc/self/status]	VmSize:	   62488 kB
20220313 000936.631 INFO             PET1 PIOc_freedecomp Exit - MemInfo: [/proc/self/status]	VmLck:	       0 kB
20220313 000936.631 INFO             PET1 PIOc_freedecomp Exit - MemInfo: [/proc/self/status]	VmPin:	       0 kB
20220313 000936.631 INFO             PET1 PIOc_freedecomp Exit - MemInfo: [/proc/self/status]	VmHWM:	   12788 kB
20220313 000936.631 INFO             PET1 PIOc_freedecomp Exit - MemInfo: [/proc/self/status]	VmRSS:	   12772 kB
20220313 000936.631 INFO             PET1 PIOc_freedecomp Exit - MemInfo: [/proc/self/status]	VmData:	    9632 kB
20220313 000936.631 INFO             PET1 PIOc_freedecomp Exit - MemInfo: [/proc/self/status]	VmStk:	     164 kB
20220313 000936.631 INFO             PET1 PIOc_freedecomp Exit - MemInfo: [/proc/self/status]	VmExe:	   27308 kB
20220313 000936.631 INFO             PET1 PIOc_freedecomp Exit - MemInfo: [/proc/self/status]	VmLib:	    1952 kB
20220313 000936.631 INFO             PET1 PIOc_freedecomp Exit - MemInfo: [/proc/self/status]	VmPTE:	     132 kB
20220313 000936.631 INFO             PET1 PIOc_freedecomp Exit - MemInfo: [/proc/self/status]	VmPMD:	      12 kB
20220313 000936.631 INFO             PET1 PIOc_freedecomp Exit - MemInfo: [/proc/self/status]	VmSwap:	       0 kB
20220313 000936.632 INFO             PET1 PIOc_freedecomp Exit - MemInfo: [/proc/self/status]	VmRSSPercent: 0.0193939 %
20220313 000936.632 INFO             PET1 PIOc_freedecomp Exit - MemInfo: [malloc] Non-mmapped space allocated:                 1280320 Byte
20220313 000936.632 INFO             PET1 PIOc_freedecomp Exit - MemInfo: [malloc] Space allocated in mmapped regions:          4243456 Byte
20220313 000936.632 INFO             PET1 PIOc_freedecomp Exit - MemInfo: [malloc] Maximum total allocated space:                     0 Byte
20220313 000936.632 INFO             PET1 PIOc_freedecomp Exit - MemInfo: [malloc] Space in freed fastbin blocks:                   496 Byte
20220313 000936.632 INFO             PET1 PIOc_freedecomp Exit - MemInfo: [malloc] Total allocated space:                       1133856 Byte
20220313 000936.632 INFO             PET1 PIOc_freedecomp Exit - MemInfo: [malloc] Total free space:                             146464 Byte
20220313 000936.632 INFO             PET1 PIOc_freedecomp Exit - MemInfo: [malloc] Top-most, releasable space:                   129008 Byte
20220313 000936.632 INFO             PET1 PIOc_freedecomp Exit - MemInfo: [malloc] Total space in use, mmap + non-mmap:         5377312 Byte
20220313 000936.632 INFO             PET1 PIOc_freedecomp Exit - MemInfo: [malloc] Total space held (mmap + non-mmap):          5523776 Byte
20220313 000936.632 INFO             PET1 PIOc_freedecomp Exit - MemInfo: [malloc] Total space used (mmap + non-mmap):          5385520 Byte
20220313 000936.632 INFO             PET1 PIOc_freedecomp Exit - MemInfo: Wall-clock time since execution start:               0.172358 seconds
20220313 000936.632 INFO             PET1 PASS ESMC_FieldRegridStoreFile test, ESMC_FieldSMMFromFileUTest.C, line 199
20220313 000936.638 INFO             PET1 PASS ESMC_FieldSMMStore from File test, ESMC_FieldSMMFromFileUTest.C, line 229
20220313 000936.638 INFO             PET1 PASS ESMC_FieldSMMStore From File validation, ESMC_FieldSMMFromFileUTest.C, line 257
20220313 000936.638 INFO             PET1 PASS ESMC_FieldRegridRelease, ESMC_FieldSMMFromFileUTest.C, line 271
20220313 000936.639 INFO             PET1 Ending Test, file ESMC_FieldSMMFromFileUTest.C, line 289
20220313 000936.639 INFO             PET1 Finalizing ESMF
20220313 000936.476 INFO             PET2 !!!!!!!!!!!!!!!!!!!!!!!!!!!!!!!!!!!!!!!!!!!!!!!!!!!!!!
20220313 000936.476 INFO             PET2 !!! THE ESMF_LOG IS SET TO OUTPUT ALL LOG MESSAGES !!!
20220313 000936.476 INFO             PET2 !!!     THIS MAY CAUSE SLOWDOWN IN PERFORMANCE     !!!
20220313 000936.476 INFO             PET2 !!! FOR PRODUCTION RUNS, USE:                      !!!
20220313 000936.476 INFO             PET2 !!!                   ESMF_LOGKIND_Multi_On_Error  !!!
20220313 000936.476 INFO             PET2 !!!!!!!!!!!!!!!!!!!!!!!!!!!!!!!!!!!!!!!!!!!!!!!!!!!!!!
20220313 000936.476 INFO             PET2 Running with ESMF Version   : v8.3.0b09-96-g559b459836
20220313 000936.476 INFO             PET2 ESMF library build date/time: "Mar 12 2022" "23:26:31"
20220313 000936.476 INFO             PET2 ESMF library build location : /lustre/f2/dev/ncep/Mark.Potts/gfortran_8.3.0_mpi_O_jedwards_pio_update2
20220313 000936.476 INFO             PET2 ESMF_COMM                   : mpi
20220313 000936.477 INFO             PET2 ESMF_MOAB                   : enabled
20220313 000936.477 INFO             PET2 ESMF_LAPACK                 : enabled
20220313 000936.477 INFO             PET2 ESMF_NETCDF                 : enabled
20220313 000936.477 INFO             PET2 ESMF_PNETCDF                : disabled
20220313 000936.477 INFO             PET2 ESMF_PIO                    : enabled
20220313 000936.477 INFO             PET2 ESMF_YAMLCPP                : enabled
20220313 000936.477 INFO             PET2 Beginning Test, file ESMC_FieldSMMFromFileUTest.C, line 41
20220313 000936.477 INFO             PET2 Beginning Test, file ESMC_FieldSMMFromFileUTest.C, line 41NUMBER_OF_PROCESSORS 4
20220313 000936.620 INFO             PET2 PIOc_sync Enter - MemInfo: [/proc/meminfo - SSI]	MemTotal:       65855856 kB
20220313 000936.620 INFO             PET2 PIOc_sync Enter - MemInfo: [/proc/meminfo - SSI]	MemFree:        61244812 kB
20220313 000936.620 INFO             PET2 PIOc_sync Enter - MemInfo: [/proc/meminfo - SSI]	MemAvailable:   61012568 kB
20220313 000936.620 INFO             PET2 PIOc_sync Enter - MemInfo: [/proc/meminfo - SSI]	Committed_AS:    2847128 kB
20220313 000936.620 INFO             PET2 PIOc_sync Enter - MemInfo: [/proc/meminfo - SSI]	CommittedPercent: 4.32327 %
20220313 000936.620 INFO             PET2 PIOc_sync Enter - MemInfo: [/proc/self/status]	VmPeak:	   62720 kB
20220313 000936.620 INFO             PET2 PIOc_sync Enter - MemInfo: [/proc/self/status]	VmSize:	   62524 kB
20220313 000936.621 INFO             PET2 PIOc_sync Enter - MemInfo: [/proc/self/status]	VmLck:	       0 kB
20220313 000936.621 INFO             PET2 PIOc_sync Enter - MemInfo: [/proc/self/status]	VmPin:	       0 kB
20220313 000936.621 INFO             PET2 PIOc_sync Enter - MemInfo: [/proc/self/status]	VmHWM:	   12736 kB
20220313 000936.621 INFO             PET2 PIOc_sync Enter - MemInfo: [/proc/self/status]	VmRSS:	   12736 kB
20220313 000936.621 INFO             PET2 PIOc_sync Enter - MemInfo: [/proc/self/status]	VmData:	    9632 kB
20220313 000936.621 INFO             PET2 PIOc_sync Enter - MemInfo: [/proc/self/status]	VmStk:	     164 kB
20220313 000936.621 INFO             PET2 PIOc_sync Enter - MemInfo: [/proc/self/status]	VmExe:	   27308 kB
20220313 000936.621 INFO             PET2 PIOc_sync Enter - MemInfo: [/proc/self/status]	VmLib:	    1952 kB
20220313 000936.621 INFO             PET2 PIOc_sync Enter - MemInfo: [/proc/self/status]	VmPTE:	     132 kB
20220313 000936.621 INFO             PET2 PIOc_sync Enter - MemInfo: [/proc/self/status]	VmPMD:	      12 kB
20220313 000936.621 INFO             PET2 PIOc_sync Enter - MemInfo: [/proc/self/status]	VmSwap:	       0 kB
20220313 000936.621 INFO             PET2 PIOc_sync Enter - MemInfo: [/proc/self/status]	VmRSSPercent: 0.0193392 %
20220313 000936.621 INFO             PET2 PIOc_sync Enter - MemInfo: [malloc] Non-mmapped space allocated:                 1280320 Byte
20220313 000936.621 INFO             PET2 PIOc_sync Enter - MemInfo: [malloc] Space allocated in mmapped regions:          4243456 Byte
20220313 000936.621 INFO             PET2 PIOc_sync Enter - MemInfo: [malloc] Maximum total allocated space:                     0 Byte
20220313 000936.621 INFO             PET2 PIOc_sync Enter - MemInfo: [malloc] Space in freed fastbin blocks:                    48 Byte
20220313 000936.621 INFO             PET2 PIOc_sync Enter - MemInfo: [malloc] Total allocated space:                       1132000 Byte
20220313 000936.621 INFO             PET2 PIOc_sync Enter - MemInfo: [malloc] Total free space:                             148320 Byte
20220313 000936.621 INFO             PET2 PIOc_sync Enter - MemInfo: [malloc] Top-most, releasable space:                   132480 Byte
20220313 000936.621 INFO             PET2 PIOc_sync Enter - MemInfo: [malloc] Total space in use, mmap + non-mmap:         5375456 Byte
20220313 000936.621 INFO             PET2 PIOc_sync Enter - MemInfo: [malloc] Total space held (mmap + non-mmap):          5523776 Byte
20220313 000936.621 INFO             PET2 PIOc_sync Enter - MemInfo: [malloc] Total space used (mmap + non-mmap):          5384256 Byte
20220313 000936.621 INFO             PET2 PIOc_sync Enter - MemInfo: Wall-clock time since execution start:               0.162056 seconds
20220313 000936.622 INFO             PET2 PIOc_sync Exit - MemInfo: [/proc/meminfo - SSI]	MemTotal:       65855856 kB
20220313 000936.622 INFO             PET2 PIOc_sync Exit - MemInfo: [/proc/meminfo - SSI]	MemFree:        61243804 kB
20220313 000936.622 INFO             PET2 PIOc_sync Exit - MemInfo: [/proc/meminfo - SSI]	MemAvailable:   61011560 kB
20220313 000936.622 INFO             PET2 PIOc_sync Exit - MemInfo: [/proc/meminfo - SSI]	Committed_AS:    2847128 kB
20220313 000936.622 INFO             PET2 PIOc_sync Exit - MemInfo: [/proc/meminfo - SSI]	CommittedPercent: 4.32327 %
20220313 000936.622 INFO             PET2 PIOc_sync Exit - MemInfo: [/proc/self/status]	VmPeak:	   62720 kB
20220313 000936.622 INFO             PET2 PIOc_sync Exit - MemInfo: [/proc/self/status]	VmSize:	   62524 kB
20220313 000936.622 INFO             PET2 PIOc_sync Exit - MemInfo: [/proc/self/status]	VmLck:	       0 kB
20220313 000936.622 INFO             PET2 PIOc_sync Exit - MemInfo: [/proc/self/status]	VmPin:	       0 kB
20220313 000936.622 INFO             PET2 PIOc_sync Exit - MemInfo: [/proc/self/status]	VmHWM:	   12736 kB
20220313 000936.622 INFO             PET2 PIOc_sync Exit - MemInfo: [/proc/self/status]	VmRSS:	   12736 kB
20220313 000936.622 INFO             PET2 PIOc_sync Exit - MemInfo: [/proc/self/status]	VmData:	    9632 kB
