build time -- 2022-03-14 00:29:56
20220314 011236.468 INFO             PET0 !!!!!!!!!!!!!!!!!!!!!!!!!!!!!!!!!!!!!!!!!!!!!!!!!!!!!!
20220314 011236.468 INFO             PET0 !!! THE ESMF_LOG IS SET TO OUTPUT ALL LOG MESSAGES !!!
20220314 011236.468 INFO             PET0 !!!     THIS MAY CAUSE SLOWDOWN IN PERFORMANCE     !!!
20220314 011236.468 INFO             PET0 !!! FOR PRODUCTION RUNS, USE:                      !!!
20220314 011236.468 INFO             PET0 !!!                   ESMF_LOGKIND_Multi_On_Error  !!!
20220314 011236.468 INFO             PET0 !!!!!!!!!!!!!!!!!!!!!!!!!!!!!!!!!!!!!!!!!!!!!!!!!!!!!!
20220314 011236.468 INFO             PET0 Running with ESMF Version   : v8.3.0b09-96-g559b459836
20220314 011236.468 INFO             PET0 ESMF library build date/time: "Mar 14 2022" "00:28:19"
20220314 011236.468 INFO             PET0 ESMF library build location : /lustre/f2/dev/ncep/Mark.Potts/gfortran_8.3.0_mpi_O_jedwards_pio_update2
20220314 011236.468 INFO             PET0 ESMF_COMM                   : mpi
20220314 011236.468 INFO             PET0 ESMF_MOAB                   : enabled
20220314 011236.468 INFO             PET0 ESMF_LAPACK                 : enabled
20220314 011236.468 INFO             PET0 ESMF_NETCDF                 : enabled
20220314 011236.468 INFO             PET0 ESMF_PNETCDF                : disabled
20220314 011236.468 INFO             PET0 ESMF_PIO                    : enabled
20220314 011236.468 INFO             PET0 ESMF_YAMLCPP                : enabled
20220314 011236.468 INFO             PET0 Beginning Test, file ESMC_FieldSMMFromFileUTest.C, line 41
20220314 011236.468 INFO             PET0 Beginning Test, file ESMC_FieldSMMFromFileUTest.C, line 41NUMBER_OF_PROCESSORS 4
20220314 011236.561 INFO             PET0 PIOc_sync Enter - MemInfo: [/proc/meminfo - SSI]	MemTotal:       65855856 kB
20220314 011236.561 INFO             PET0 PIOc_sync Enter - MemInfo: [/proc/meminfo - SSI]	MemFree:        61327976 kB
20220314 011236.561 INFO             PET0 PIOc_sync Enter - MemInfo: [/proc/meminfo - SSI]	MemAvailable:   61100460 kB
20220314 011236.561 INFO             PET0 PIOc_sync Enter - MemInfo: [/proc/meminfo - SSI]	Committed_AS:    2832924 kB
20220314 011236.561 INFO             PET0 PIOc_sync Enter - MemInfo: [/proc/meminfo - SSI]	CommittedPercent: 4.3017 %
20220314 011236.561 INFO             PET0 PIOc_sync Enter - MemInfo: [/proc/self/status]	VmPeak:	   71428 kB
20220314 011236.561 INFO             PET0 PIOc_sync Enter - MemInfo: [/proc/self/status]	VmSize:	   71428 kB
20220314 011236.561 INFO             PET0 PIOc_sync Enter - MemInfo: [/proc/self/status]	VmLck:	       0 kB
20220314 011236.561 INFO             PET0 PIOc_sync Enter - MemInfo: [/proc/self/status]	VmPin:	       0 kB
20220314 011236.561 INFO             PET0 PIOc_sync Enter - MemInfo: [/proc/self/status]	VmHWM:	   22332 kB
20220314 011236.561 INFO             PET0 PIOc_sync Enter - MemInfo: [/proc/self/status]	VmRSS:	   22332 kB
20220314 011236.561 INFO             PET0 PIOc_sync Enter - MemInfo: [/proc/self/status]	VmData:	   18536 kB
20220314 011236.561 INFO             PET0 PIOc_sync Enter - MemInfo: [/proc/self/status]	VmStk:	     164 kB
20220314 011236.561 INFO             PET0 PIOc_sync Enter - MemInfo: [/proc/self/status]	VmExe:	   27308 kB
20220314 011236.561 INFO             PET0 PIOc_sync Enter - MemInfo: [/proc/self/status]	VmLib:	    1952 kB
20220314 011236.561 INFO             PET0 PIOc_sync Enter - MemInfo: [/proc/self/status]	VmPTE:	     144 kB
20220314 011236.561 INFO             PET0 PIOc_sync Enter - MemInfo: [/proc/self/status]	VmPMD:	      12 kB
20220314 011236.561 INFO             PET0 PIOc_sync Enter - MemInfo: [/proc/self/status]	VmSwap:	       0 kB
20220314 011236.561 INFO             PET0 PIOc_sync Enter - MemInfo: [/proc/self/status]	VmRSSPercent: 0.0339104 %
20220314 011236.561 INFO             PET0 PIOc_sync Enter - MemInfo: [malloc] Non-mmapped space allocated:                 1476928 Byte
20220314 011236.561 INFO             PET0 PIOc_sync Enter - MemInfo: [malloc] Space allocated in mmapped regions:         13164544 Byte
20220314 011236.561 INFO             PET0 PIOc_sync Enter - MemInfo: [malloc] Maximum total allocated space:                     0 Byte
20220314 011236.561 INFO             PET0 PIOc_sync Enter - MemInfo: [malloc] Space in freed fastbin blocks:                     0 Byte
20220314 011236.561 INFO             PET0 PIOc_sync Enter - MemInfo: [malloc] Total allocated space:                       1318688 Byte
20220314 011236.561 INFO             PET0 PIOc_sync Enter - MemInfo: [malloc] Total free space:                             158240 Byte
20220314 011236.561 INFO             PET0 PIOc_sync Enter - MemInfo: [malloc] Top-most, releasable space:                   132544 Byte
20220314 011236.561 INFO             PET0 PIOc_sync Enter - MemInfo: [malloc] Total space in use, mmap + non-mmap:        14483232 Byte
20220314 011236.561 INFO             PET0 PIOc_sync Enter - MemInfo: [malloc] Total space held (mmap + non-mmap):         14641472 Byte
20220314 011236.561 INFO             PET0 PIOc_sync Enter - MemInfo: [malloc] Total space used (mmap + non-mmap):         14492032 Byte
20220314 011236.561 INFO             PET0 PIOc_sync Enter - MemInfo: Wall-clock time since execution start:               0.107576 seconds
20220314 011236.562 INFO             PET0 PIOc_sync Exit - MemInfo: [/proc/meminfo - SSI]	MemTotal:       65855856 kB
20220314 011236.562 INFO             PET0 PIOc_sync Exit - MemInfo: [/proc/meminfo - SSI]	MemFree:        61327472 kB
20220314 011236.562 INFO             PET0 PIOc_sync Exit - MemInfo: [/proc/meminfo - SSI]	MemAvailable:   61099956 kB
20220314 011236.562 INFO             PET0 PIOc_sync Exit - MemInfo: [/proc/meminfo - SSI]	Committed_AS:    2832924 kB
20220314 011236.562 INFO             PET0 PIOc_sync Exit - MemInfo: [/proc/meminfo - SSI]	CommittedPercent: 4.3017 %
20220314 011236.562 INFO             PET0 PIOc_sync Exit - MemInfo: [/proc/self/status]	VmPeak:	   71752 kB
20220314 011236.562 INFO             PET0 PIOc_sync Exit - MemInfo: [/proc/self/status]	VmSize:	   71752 kB
20220314 011236.562 INFO             PET0 PIOc_sync Exit - MemInfo: [/proc/self/status]	VmLck:	       0 kB
20220314 011236.562 INFO             PET0 PIOc_sync Exit - MemInfo: [/proc/self/status]	VmPin:	       0 kB
20220314 011236.562 INFO             PET0 PIOc_sync Exit - MemInfo: [/proc/self/status]	VmHWM:	   22596 kB
20220314 011236.562 INFO             PET0 PIOc_sync Exit - MemInfo: [/proc/self/status]	VmRSS:	   22596 kB
20220314 011236.562 INFO             PET0 PIOc_sync Exit - MemInfo: [/proc/self/status]	VmData:	   18860 kB
20220314 011236.562 INFO             PET0 PIOc_sync Exit - MemInfo: [/proc/self/status]	VmStk:	     164 kB
20220314 011236.562 INFO             PET0 PIOc_sync Exit - MemInfo: [/proc/self/status]	VmExe:	   27308 kB
20220314 011236.562 INFO             PET0 PIOc_sync Exit - MemInfo: [/proc/self/status]	VmLib:	    1952 kB
20220314 011236.562 INFO             PET0 PIOc_sync Exit - MemInfo: [/proc/self/status]	VmPTE:	     144 kB
20220314 011236.562 INFO             PET0 PIOc_sync Exit - MemInfo: [/proc/self/status]	VmPMD:	      12 kB
20220314 011236.562 INFO             PET0 PIOc_sync Exit - MemInfo: [/proc/self/status]	VmSwap:	       0 kB
20220314 011236.562 INFO             PET0 PIOc_sync Exit - MemInfo: [/proc/self/status]	VmRSSPercent: 0.0343113 %
20220314 011236.562 INFO             PET0 PIOc_sync Exit - MemInfo: [malloc] Non-mmapped space allocated:                 1476928 Byte
20220314 011236.562 INFO             PET0 PIOc_sync Exit - MemInfo: [malloc] Space allocated in mmapped regions:         13496320 Byte
20220314 011236.562 INFO             PET0 PIOc_sync Exit - MemInfo: [malloc] Maximum total allocated space:                     0 Byte
20220314 011236.562 INFO             PET0 PIOc_sync Exit - MemInfo: [malloc] Space in freed fastbin blocks:                     0 Byte
20220314 011236.562 INFO             PET0 PIOc_sync Exit - MemInfo: [malloc] Total allocated space:                       1386912 Byte
20220314 011236.562 INFO             PET0 PIOc_sync Exit - MemInfo: [malloc] Total free space:                              90016 Byte
20220314 011236.562 INFO             PET0 PIOc_sync Exit - MemInfo: [malloc] Top-most, releasable space:                    66992 Byte
20220314 011236.562 INFO             PET0 PIOc_sync Exit - MemInfo: [malloc] Total space in use, mmap + non-mmap:        14883232 Byte
20220314 011236.562 INFO             PET0 PIOc_sync Exit - MemInfo: [malloc] Total space held (mmap + non-mmap):         14973248 Byte
20220314 011236.562 INFO             PET0 PIOc_sync Exit - MemInfo: [malloc] Total space used (mmap + non-mmap):         14892032 Byte
20220314 011236.562 INFO             PET0 PIOc_sync Exit - MemInfo: Wall-clock time since execution start:                0.10828 seconds
20220314 011236.563 INFO             PET0 PIOc_freedecomp Enter - MemInfo: [/proc/meminfo - SSI]	MemTotal:       65855856 kB
20220314 011236.563 INFO             PET0 PIOc_freedecomp Enter - MemInfo: [/proc/meminfo - SSI]	MemFree:        61334528 kB
20220314 011236.563 INFO             PET0 PIOc_freedecomp Enter - MemInfo: [/proc/meminfo - SSI]	MemAvailable:   61107012 kB
20220314 011236.563 INFO             PET0 PIOc_freedecomp Enter - MemInfo: [/proc/meminfo - SSI]	Committed_AS:    2825052 kB
20220314 011236.563 INFO             PET0 PIOc_freedecomp Enter - MemInfo: [/proc/meminfo - SSI]	CommittedPercent: 4.28975 %
20220314 011236.563 INFO             PET0 PIOc_freedecomp Enter - MemInfo: [/proc/self/status]	VmPeak:	   71752 kB
20220314 011236.563 INFO             PET0 PIOc_freedecomp Enter - MemInfo: [/proc/self/status]	VmSize:	   63040 kB
20220314 011236.563 INFO             PET0 PIOc_freedecomp Enter - MemInfo: [/proc/self/status]	VmLck:	       0 kB
20220314 011236.563 INFO             PET0 PIOc_freedecomp Enter - MemInfo: [/proc/self/status]	VmPin:	       0 kB
20220314 011236.563 INFO             PET0 PIOc_freedecomp Enter - MemInfo: [/proc/self/status]	VmHWM:	   22596 kB
20220314 011236.563 INFO             PET0 PIOc_freedecomp Enter - MemInfo: [/proc/self/status]	VmRSS:	   14648 kB
20220314 011236.563 INFO             PET0 PIOc_freedecomp Enter - MemInfo: [/proc/self/status]	VmData:	   10148 kB
20220314 011236.563 INFO             PET0 PIOc_freedecomp Enter - MemInfo: [/proc/self/status]	VmStk:	     164 kB
20220314 011236.563 INFO             PET0 PIOc_freedecomp Enter - MemInfo: [/proc/self/status]	VmExe:	   27308 kB
20220314 011236.563 INFO             PET0 PIOc_freedecomp Enter - MemInfo: [/proc/self/status]	VmLib:	    1952 kB
20220314 011236.563 INFO             PET0 PIOc_freedecomp Enter - MemInfo: [/proc/self/status]	VmPTE:	     128 kB
20220314 011236.563 INFO             PET0 PIOc_freedecomp Enter - MemInfo: [/proc/self/status]	VmPMD:	      12 kB
20220314 011236.563 INFO             PET0 PIOc_freedecomp Enter - MemInfo: [/proc/self/status]	VmSwap:	       0 kB
20220314 011236.563 INFO             PET0 PIOc_freedecomp Enter - MemInfo: [/proc/self/status]	VmRSSPercent: 0.0222425 %
20220314 011236.563 INFO             PET0 PIOc_freedecomp Enter - MemInfo: [malloc] Non-mmapped space allocated:                 1476928 Byte
20220314 011236.563 INFO             PET0 PIOc_freedecomp Enter - MemInfo: [malloc] Space allocated in mmapped regions:          4575232 Byte
20220314 011236.563 INFO             PET0 PIOc_freedecomp Enter - MemInfo: [malloc] Maximum total allocated space:                     0 Byte
20220314 011236.563 INFO             PET0 PIOc_freedecomp Enter - MemInfo: [malloc] Space in freed fastbin blocks:                   368 Byte
20220314 011236.563 INFO             PET0 PIOc_freedecomp Enter - MemInfo: [malloc] Total allocated space:                       1376896 Byte
20220314 011236.563 INFO             PET0 PIOc_freedecomp Enter - MemInfo: [malloc] Total free space:                             100032 Byte
20220314 011236.563 INFO             PET0 PIOc_freedecomp Enter - MemInfo: [malloc] Top-most, releasable space:                    66992 Byte
20220314 011236.563 INFO             PET0 PIOc_freedecomp Enter - MemInfo: [malloc] Total space in use, mmap + non-mmap:         5952128 Byte
20220314 011236.564 INFO             PET0 PIOc_freedecomp Enter - MemInfo: [malloc] Total space held (mmap + non-mmap):          6052160 Byte
20220314 011236.564 INFO             PET0 PIOc_freedecomp Enter - MemInfo: [malloc] Total space used (mmap + non-mmap):          5960672 Byte
20220314 011236.564 INFO             PET0 PIOc_freedecomp Enter - MemInfo: Wall-clock time since execution start:               0.109706 seconds
20220314 011236.564 INFO             PET0 PIOc_freedecomp Exit - MemInfo: [/proc/meminfo - SSI]	MemTotal:       65855856 kB
20220314 011236.564 INFO             PET0 PIOc_freedecomp Exit - MemInfo: [/proc/meminfo - SSI]	MemFree:        61334528 kB
20220314 011236.564 INFO             PET0 PIOc_freedecomp Exit - MemInfo: [/proc/meminfo - SSI]	MemAvailable:   61107012 kB
20220314 011236.564 INFO             PET0 PIOc_freedecomp Exit - MemInfo: [/proc/meminfo - SSI]	Committed_AS:    2825052 kB
20220314 011236.564 INFO             PET0 PIOc_freedecomp Exit - MemInfo: [/proc/meminfo - SSI]	CommittedPercent: 4.28975 %
20220314 011236.564 INFO             PET0 PIOc_freedecomp Exit - MemInfo: [/proc/self/status]	VmPeak:	   71752 kB
20220314 011236.564 INFO             PET0 PIOc_freedecomp Exit - MemInfo: [/proc/self/status]	VmSize:	   63040 kB
20220314 011236.564 INFO             PET0 PIOc_freedecomp Exit - MemInfo: [/proc/self/status]	VmLck:	       0 kB
20220314 011236.564 INFO             PET0 PIOc_freedecomp Exit - MemInfo: [/proc/self/status]	VmPin:	       0 kB
20220314 011236.564 INFO             PET0 PIOc_freedecomp Exit - MemInfo: [/proc/self/status]	VmHWM:	   22596 kB
20220314 011236.564 INFO             PET0 PIOc_freedecomp Exit - MemInfo: [/proc/self/status]	VmRSS:	   14648 kB
20220314 011236.564 INFO             PET0 PIOc_freedecomp Exit - MemInfo: [/proc/self/status]	VmData:	   10148 kB
20220314 011236.564 INFO             PET0 PIOc_freedecomp Exit - MemInfo: [/proc/self/status]	VmStk:	     164 kB
20220314 011236.564 INFO             PET0 PIOc_freedecomp Exit - MemInfo: [/proc/self/status]	VmExe:	   27308 kB
20220314 011236.564 INFO             PET0 PIOc_freedecomp Exit - MemInfo: [/proc/self/status]	VmLib:	    1952 kB
20220314 011236.564 INFO             PET0 PIOc_freedecomp Exit - MemInfo: [/proc/self/status]	VmPTE:	     128 kB
20220314 011236.564 INFO             PET0 PIOc_freedecomp Exit - MemInfo: [/proc/self/status]	VmPMD:	      12 kB
20220314 011236.564 INFO             PET0 PIOc_freedecomp Exit - MemInfo: [/proc/self/status]	VmSwap:	       0 kB
20220314 011236.564 INFO             PET0 PIOc_freedecomp Exit - MemInfo: [/proc/self/status]	VmRSSPercent: 0.0222425 %
20220314 011236.564 INFO             PET0 PIOc_freedecomp Exit - MemInfo: [malloc] Non-mmapped space allocated:                 1476928 Byte
20220314 011236.564 INFO             PET0 PIOc_freedecomp Exit - MemInfo: [malloc] Space allocated in mmapped regions:          4575232 Byte
20220314 011236.564 INFO             PET0 PIOc_freedecomp Exit - MemInfo: [malloc] Maximum total allocated space:                     0 Byte
20220314 011236.564 INFO             PET0 PIOc_freedecomp Exit - MemInfo: [malloc] Space in freed fastbin blocks:                  1104 Byte
20220314 011236.564 INFO             PET0 PIOc_freedecomp Exit - MemInfo: [malloc] Total allocated space:                       1372704 Byte
20220314 011236.564 INFO             PET0 PIOc_freedecomp Exit - MemInfo: [malloc] Total free space:                             104224 Byte
20220314 011236.564 INFO             PET0 PIOc_freedecomp Exit - MemInfo: [malloc] Top-most, releasable space:                    66992 Byte
20220314 011236.564 INFO             PET0 PIOc_freedecomp Exit - MemInfo: [malloc] Total space in use, mmap + non-mmap:         5947936 Byte
20220314 011236.564 INFO             PET0 PIOc_freedecomp Exit - MemInfo: [malloc] Total space held (mmap + non-mmap):          6052160 Byte
20220314 011236.564 INFO             PET0 PIOc_freedecomp Exit - MemInfo: [malloc] Total space used (mmap + non-mmap):          5956704 Byte
20220314 011236.564 INFO             PET0 PIOc_freedecomp Exit - MemInfo: Wall-clock time since execution start:               0.110055 seconds
20220314 011236.567 INFO             PET0 PIOc_sync Enter - MemInfo: [/proc/meminfo - SSI]	MemTotal:       65855856 kB
20220314 011236.567 INFO             PET0 PIOc_sync Enter - MemInfo: [/proc/meminfo - SSI]	MemFree:        61332008 kB
20220314 011236.567 INFO             PET0 PIOc_sync Enter - MemInfo: [/proc/meminfo - SSI]	MemAvailable:   61104492 kB
20220314 011236.567 INFO             PET0 PIOc_sync Enter - MemInfo: [/proc/meminfo - SSI]	Committed_AS:    2833304 kB
20220314 011236.567 INFO             PET0 PIOc_sync Enter - MemInfo: [/proc/meminfo - SSI]	CommittedPercent: 4.30228 %
20220314 011236.567 INFO             PET0 PIOc_sync Enter - MemInfo: [/proc/self/status]	VmPeak:	   71772 kB
20220314 011236.567 INFO             PET0 PIOc_sync Enter - MemInfo: [/proc/self/status]	VmSize:	   71772 kB
20220314 011236.567 INFO             PET0 PIOc_sync Enter - MemInfo: [/proc/self/status]	VmLck:	       0 kB
20220314 011236.567 INFO             PET0 PIOc_sync Enter - MemInfo: [/proc/self/status]	VmPin:	       0 kB
20220314 011236.567 INFO             PET0 PIOc_sync Enter - MemInfo: [/proc/self/status]	VmHWM:	   22596 kB
20220314 011236.567 INFO             PET0 PIOc_sync Enter - MemInfo: [/proc/self/status]	VmRSS:	   18576 kB
20220314 011236.567 INFO             PET0 PIOc_sync Enter - MemInfo: [/proc/self/status]	VmData:	   18916 kB
20220314 011236.567 INFO             PET0 PIOc_sync Enter - MemInfo: [/proc/self/status]	VmStk:	     164 kB
20220314 011236.567 INFO             PET0 PIOc_sync Enter - MemInfo: [/proc/self/status]	VmExe:	   27308 kB
20220314 011236.567 INFO             PET0 PIOc_sync Enter - MemInfo: [/proc/self/status]	VmLib:	    1952 kB
20220314 011236.567 INFO             PET0 PIOc_sync Enter - MemInfo: [/proc/self/status]	VmPTE:	     140 kB
20220314 011236.567 INFO             PET0 PIOc_sync Enter - MemInfo: [/proc/self/status]	VmPMD:	      12 kB
20220314 011236.567 INFO             PET0 PIOc_sync Enter - MemInfo: [/proc/self/status]	VmSwap:	       0 kB
20220314 011236.567 INFO             PET0 PIOc_sync Enter - MemInfo: [/proc/self/status]	VmRSSPercent: 0.0282071 %
20220314 011236.567 INFO             PET0 PIOc_sync Enter - MemInfo: [malloc] Non-mmapped space allocated:                10455360 Byte
20220314 011236.567 INFO             PET0 PIOc_sync Enter - MemInfo: [malloc] Space allocated in mmapped regions:          4575232 Byte
20220314 011236.567 INFO             PET0 PIOc_sync Enter - MemInfo: [malloc] Maximum total allocated space:                     0 Byte
20220314 011236.567 INFO             PET0 PIOc_sync Enter - MemInfo: [malloc] Space in freed fastbin blocks:                   176 Byte
20220314 011236.567 INFO             PET0 PIOc_sync Enter - MemInfo: [malloc] Total allocated space:                      10302320 Byte
20220314 011236.567 INFO             PET0 PIOc_sync Enter - MemInfo: [malloc] Total free space:                             153040 Byte
20220314 011236.567 INFO             PET0 PIOc_sync Enter - MemInfo: [malloc] Top-most, releasable space:                   132496 Byte
20220314 011236.567 INFO             PET0 PIOc_sync Enter - MemInfo: [malloc] Total space in use, mmap + non-mmap:        14877552 Byte
20220314 011236.567 INFO             PET0 PIOc_sync Enter - MemInfo: [malloc] Total space held (mmap + non-mmap):         15030592 Byte
20220314 011236.567 INFO             PET0 PIOc_sync Enter - MemInfo: [malloc] Total space used (mmap + non-mmap):         14886096 Byte
20220314 011236.567 INFO             PET0 PIOc_sync Enter - MemInfo: Wall-clock time since execution start:               0.113391 seconds
20220314 011236.567 INFO             PET0 PIOc_sync Exit - MemInfo: [/proc/meminfo - SSI]	MemTotal:       65855856 kB
20220314 011236.567 INFO             PET0 PIOc_sync Exit - MemInfo: [/proc/meminfo - SSI]	MemFree:        61331532 kB
20220314 011236.567 INFO             PET0 PIOc_sync Exit - MemInfo: [/proc/meminfo - SSI]	MemAvailable:   61104016 kB
20220314 011236.567 INFO             PET0 PIOc_sync Exit - MemInfo: [/proc/meminfo - SSI]	Committed_AS:    2833304 kB
20220314 011236.568 INFO             PET0 PIOc_sync Exit - MemInfo: [/proc/meminfo - SSI]	CommittedPercent: 4.30228 %
20220314 011236.568 INFO             PET0 PIOc_sync Exit - MemInfo: [/proc/self/status]	VmPeak:	   71772 kB
20220314 011236.568 INFO             PET0 PIOc_sync Exit - MemInfo: [/proc/self/status]	VmSize:	   71772 kB
20220314 011236.568 INFO             PET0 PIOc_sync Exit - MemInfo: [/proc/self/status]	VmLck:	       0 kB
20220314 011236.568 INFO             PET0 PIOc_sync Exit - MemInfo: [/proc/self/status]	VmPin:	       0 kB
20220314 011236.568 INFO             PET0 PIOc_sync Exit - MemInfo: [/proc/self/status]	VmHWM:	   22596 kB
20220314 011236.568 INFO             PET0 PIOc_sync Exit - MemInfo: [/proc/self/status]	VmRSS:	   18576 kB
20220314 011236.568 INFO             PET0 PIOc_sync Exit - MemInfo: [/proc/self/status]	VmData:	   18916 kB
20220314 011236.568 INFO             PET0 PIOc_sync Exit - MemInfo: [/proc/self/status]	VmStk:	     164 kB
20220314 011236.568 INFO             PET0 PIOc_sync Exit - MemInfo: [/proc/self/status]	VmExe:	   27308 kB
20220314 011236.568 INFO             PET0 PIOc_sync Exit - MemInfo: [/proc/self/status]	VmLib:	    1952 kB
20220314 011236.568 INFO             PET0 PIOc_sync Exit - MemInfo: [/proc/self/status]	VmPTE:	     140 kB
20220314 011236.568 INFO             PET0 PIOc_sync Exit - MemInfo: [/proc/self/status]	VmPMD:	      12 kB
20220314 011236.568 INFO             PET0 PIOc_sync Exit - MemInfo: [/proc/self/status]	VmSwap:	       0 kB
20220314 011236.568 INFO             PET0 PIOc_sync Exit - MemInfo: [/proc/self/status]	VmRSSPercent: 0.0282071 %
20220314 011236.568 INFO             PET0 PIOc_sync Exit - MemInfo: [malloc] Non-mmapped space allocated:                10455360 Byte
20220314 011236.568 INFO             PET0 PIOc_sync Exit - MemInfo: [malloc] Space allocated in mmapped regions:          4575232 Byte
20220314 011236.568 INFO             PET0 PIOc_sync Exit - MemInfo: [malloc] Maximum total allocated space:                     0 Byte
20220314 011236.568 INFO             PET0 PIOc_sync Exit - MemInfo: [malloc] Space in freed fastbin blocks:                     0 Byte
20220314 011236.568 INFO             PET0 PIOc_sync Exit - MemInfo: [malloc] Total allocated space:                      10303696 Byte
20220314 011236.568 INFO             PET0 PIOc_sync Exit - MemInfo: [malloc] Total free space:                             151664 Byte
20220314 011236.568 INFO             PET0 PIOc_sync Exit - MemInfo: [malloc] Top-most, releasable space:                   132496 Byte
20220314 011236.568 INFO             PET0 PIOc_sync Exit - MemInfo: [malloc] Total space in use, mmap + non-mmap:        14878928 Byte
20220314 011236.568 INFO             PET0 PIOc_sync Exit - MemInfo: [malloc] Total space held (mmap + non-mmap):         15030592 Byte
20220314 011236.568 INFO             PET0 PIOc_sync Exit - MemInfo: [malloc] Total space used (mmap + non-mmap):         14887248 Byte
20220314 011236.568 INFO             PET0 PIOc_sync Exit - MemInfo: Wall-clock time since execution start:               0.113974 seconds
20220314 011236.568 INFO             PET0 PIOc_freedecomp Enter - MemInfo: [/proc/meminfo - SSI]	MemTotal:       65855856 kB
20220314 011236.568 INFO             PET0 PIOc_freedecomp Enter - MemInfo: [/proc/meminfo - SSI]	MemFree:        61331532 kB
20220314 011236.568 INFO             PET0 PIOc_freedecomp Enter - MemInfo: [/proc/meminfo - SSI]	MemAvailable:   61104016 kB
20220314 011236.568 INFO             PET0 PIOc_freedecomp Enter - MemInfo: [/proc/meminfo - SSI]	Committed_AS:    2833304 kB
20220314 011236.568 INFO             PET0 PIOc_freedecomp Enter - MemInfo: [/proc/meminfo - SSI]	CommittedPercent: 4.30228 %
20220314 011236.568 INFO             PET0 PIOc_freedecomp Enter - MemInfo: [/proc/self/status]	VmPeak:	   71772 kB
20220314 011236.568 INFO             PET0 PIOc_freedecomp Enter - MemInfo: [/proc/self/status]	VmSize:	   71772 kB
20220314 011236.568 INFO             PET0 PIOc_freedecomp Enter - MemInfo: [/proc/self/status]	VmLck:	       0 kB
20220314 011236.568 INFO             PET0 PIOc_freedecomp Enter - MemInfo: [/proc/self/status]	VmPin:	       0 kB
20220314 011236.568 INFO             PET0 PIOc_freedecomp Enter - MemInfo: [/proc/self/status]	VmHWM:	   22596 kB
20220314 011236.568 INFO             PET0 PIOc_freedecomp Enter - MemInfo: [/proc/self/status]	VmRSS:	   18576 kB
20220314 011236.568 INFO             PET0 PIOc_freedecomp Enter - MemInfo: [/proc/self/status]	VmData:	   18916 kB
20220314 011236.568 INFO             PET0 PIOc_freedecomp Enter - MemInfo: [/proc/self/status]	VmStk:	     164 kB
20220314 011236.568 INFO             PET0 PIOc_freedecomp Enter - MemInfo: [/proc/self/status]	VmExe:	   27308 kB
20220314 011236.568 INFO             PET0 PIOc_freedecomp Enter - MemInfo: [/proc/self/status]	VmLib:	    1952 kB
20220314 011236.568 INFO             PET0 PIOc_freedecomp Enter - MemInfo: [/proc/self/status]	VmPTE:	     140 kB
20220314 011236.568 INFO             PET0 PIOc_freedecomp Enter - MemInfo: [/proc/self/status]	VmPMD:	      12 kB
20220314 011236.568 INFO             PET0 PIOc_freedecomp Enter - MemInfo: [/proc/self/status]	VmSwap:	       0 kB
20220314 011236.568 INFO             PET0 PIOc_freedecomp Enter - MemInfo: [/proc/self/status]	VmRSSPercent: 0.0282071 %
20220314 011236.568 INFO             PET0 PIOc_freedecomp Enter - MemInfo: [malloc] Non-mmapped space allocated:                10455360 Byte
20220314 011236.568 INFO             PET0 PIOc_freedecomp Enter - MemInfo: [malloc] Space allocated in mmapped regions:          4575232 Byte
20220314 011236.568 INFO             PET0 PIOc_freedecomp Enter - MemInfo: [malloc] Maximum total allocated space:                     0 Byte
20220314 011236.568 INFO             PET0 PIOc_freedecomp Enter - MemInfo: [malloc] Space in freed fastbin blocks:                   176 Byte
20220314 011236.568 INFO             PET0 PIOc_freedecomp Enter - MemInfo: [malloc] Total allocated space:                       1379168 Byte
20220314 011236.568 INFO             PET0 PIOc_freedecomp Enter - MemInfo: [malloc] Total free space:                            9076192 Byte
20220314 011236.569 INFO             PET0 PIOc_freedecomp Enter - MemInfo: [malloc] Top-most, releasable space:                  9045424 Byte
20220314 011236.569 INFO             PET0 PIOc_freedecomp Enter - MemInfo: [malloc] Total space in use, mmap + non-mmap:         5954400 Byte
20220314 011236.569 INFO             PET0 PIOc_freedecomp Enter - MemInfo: [malloc] Total space held (mmap + non-mmap):         15030592 Byte
20220314 011236.569 INFO             PET0 PIOc_freedecomp Enter - MemInfo: [malloc] Total space used (mmap + non-mmap):          5962608 Byte
20220314 011236.569 INFO             PET0 PIOc_freedecomp Enter - MemInfo: Wall-clock time since execution start:               0.114691 seconds
20220314 011236.569 INFO             PET0 PIOc_freedecomp Exit - MemInfo: [/proc/meminfo - SSI]	MemTotal:       65855856 kB
20220314 011236.569 INFO             PET0 PIOc_freedecomp Exit - MemInfo: [/proc/meminfo - SSI]	MemFree:        61331532 kB
20220314 011236.569 INFO             PET0 PIOc_freedecomp Exit - MemInfo: [/proc/meminfo - SSI]	MemAvailable:   61104016 kB
20220314 011236.569 INFO             PET0 PIOc_freedecomp Exit - MemInfo: [/proc/meminfo - SSI]	Committed_AS:    2833304 kB
20220314 011236.569 INFO             PET0 PIOc_freedecomp Exit - MemInfo: [/proc/meminfo - SSI]	CommittedPercent: 4.30228 %
20220314 011236.569 INFO             PET0 PIOc_freedecomp Exit - MemInfo: [/proc/self/status]	VmPeak:	   71772 kB
20220314 011236.569 INFO             PET0 PIOc_freedecomp Exit - MemInfo: [/proc/self/status]	VmSize:	   71772 kB
20220314 011236.569 INFO             PET0 PIOc_freedecomp Exit - MemInfo: [/proc/self/status]	VmLck:	       0 kB
20220314 011236.569 INFO             PET0 PIOc_freedecomp Exit - MemInfo: [/proc/self/status]	VmPin:	       0 kB
20220314 011236.569 INFO             PET0 PIOc_freedecomp Exit - MemInfo: [/proc/self/status]	VmHWM:	   22596 kB
20220314 011236.569 INFO             PET0 PIOc_freedecomp Exit - MemInfo: [/proc/self/status]	VmRSS:	   18576 kB
20220314 011236.569 INFO             PET0 PIOc_freedecomp Exit - MemInfo: [/proc/self/status]	VmData:	   18916 kB
20220314 011236.569 INFO             PET0 PIOc_freedecomp Exit - MemInfo: [/proc/self/status]	VmStk:	     164 kB
20220314 011236.569 INFO             PET0 PIOc_freedecomp Exit - MemInfo: [/proc/self/status]	VmExe:	   27308 kB
20220314 011236.569 INFO             PET0 PIOc_freedecomp Exit - MemInfo: [/proc/self/status]	VmLib:	    1952 kB
20220314 011236.569 INFO             PET0 PIOc_freedecomp Exit - MemInfo: [/proc/self/status]	VmPTE:	     140 kB
20220314 011236.569 INFO             PET0 PIOc_freedecomp Exit - MemInfo: [/proc/self/status]	VmPMD:	      12 kB
20220314 011236.569 INFO             PET0 PIOc_freedecomp Exit - MemInfo: [/proc/self/status]	VmSwap:	       0 kB
20220314 011236.569 INFO             PET0 PIOc_freedecomp Exit - MemInfo: [/proc/self/status]	VmRSSPercent: 0.0282071 %
20220314 011236.569 INFO             PET0 PIOc_freedecomp Exit - MemInfo: [malloc] Non-mmapped space allocated:                10455360 Byte
20220314 011236.569 INFO             PET0 PIOc_freedecomp Exit - MemInfo: [malloc] Space allocated in mmapped regions:          4575232 Byte
20220314 011236.569 INFO             PET0 PIOc_freedecomp Exit - MemInfo: [malloc] Maximum total allocated space:                     0 Byte
20220314 011236.569 INFO             PET0 PIOc_freedecomp Exit - MemInfo: [malloc] Space in freed fastbin blocks:                  1328 Byte
20220314 011236.569 INFO             PET0 PIOc_freedecomp Exit - MemInfo: [malloc] Total allocated space:                       1373888 Byte
20220314 011236.569 INFO             PET0 PIOc_freedecomp Exit - MemInfo: [malloc] Total free space:                            9081472 Byte
20220314 011236.569 INFO             PET0 PIOc_freedecomp Exit - MemInfo: [malloc] Top-most, releasable space:                  9045424 Byte
20220314 011236.569 INFO             PET0 PIOc_freedecomp Exit - MemInfo: [malloc] Total space in use, mmap + non-mmap:         5949120 Byte
20220314 011236.569 INFO             PET0 PIOc_freedecomp Exit - MemInfo: [malloc] Total space held (mmap + non-mmap):         15030592 Byte
20220314 011236.569 INFO             PET0 PIOc_freedecomp Exit - MemInfo: [malloc] Total space used (mmap + non-mmap):          5957328 Byte
20220314 011236.569 INFO             PET0 PIOc_freedecomp Exit - MemInfo: Wall-clock time since execution start:                0.11506 seconds
20220314 011236.571 INFO             PET0 PIOc_sync Enter - MemInfo: [/proc/meminfo - SSI]	MemTotal:       65855856 kB
20220314 011236.571 INFO             PET0 PIOc_sync Enter - MemInfo: [/proc/meminfo - SSI]	MemFree:        61331028 kB
20220314 011236.571 INFO             PET0 PIOc_sync Enter - MemInfo: [/proc/meminfo - SSI]	MemAvailable:   61103512 kB
20220314 011236.571 INFO             PET0 PIOc_sync Enter - MemInfo: [/proc/meminfo - SSI]	Committed_AS:    2833304 kB
20220314 011236.571 INFO             PET0 PIOc_sync Enter - MemInfo: [/proc/meminfo - SSI]	CommittedPercent: 4.30228 %
20220314 011236.571 INFO             PET0 PIOc_sync Enter - MemInfo: [/proc/self/status]	VmPeak:	   71772 kB
20220314 011236.571 INFO             PET0 PIOc_sync Enter - MemInfo: [/proc/self/status]	VmSize:	   71772 kB
20220314 011236.571 INFO             PET0 PIOc_sync Enter - MemInfo: [/proc/self/status]	VmLck:	       0 kB
20220314 011236.571 INFO             PET0 PIOc_sync Enter - MemInfo: [/proc/self/status]	VmPin:	       0 kB
20220314 011236.571 INFO             PET0 PIOc_sync Enter - MemInfo: [/proc/self/status]	VmHWM:	   22596 kB
20220314 011236.571 INFO             PET0 PIOc_sync Enter - MemInfo: [/proc/self/status]	VmRSS:	   19104 kB
20220314 011236.571 INFO             PET0 PIOc_sync Enter - MemInfo: [/proc/self/status]	VmData:	   18916 kB
20220314 011236.571 INFO             PET0 PIOc_sync Enter - MemInfo: [/proc/self/status]	VmStk:	     164 kB
20220314 011236.571 INFO             PET0 PIOc_sync Enter - MemInfo: [/proc/self/status]	VmExe:	   27308 kB
20220314 011236.571 INFO             PET0 PIOc_sync Enter - MemInfo: [/proc/self/status]	VmLib:	    1952 kB
20220314 011236.571 INFO             PET0 PIOc_sync Enter - MemInfo: [/proc/self/status]	VmPTE:	     140 kB
20220314 011236.571 INFO             PET0 PIOc_sync Enter - MemInfo: [/proc/self/status]	VmPMD:	      12 kB
20220314 011236.571 INFO             PET0 PIOc_sync Enter - MemInfo: [/proc/self/status]	VmSwap:	       0 kB
20220314 011236.571 INFO             PET0 PIOc_sync Enter - MemInfo: [/proc/self/status]	VmRSSPercent: 0.0290088 %
20220314 011236.571 INFO             PET0 PIOc_sync Enter - MemInfo: [malloc] Non-mmapped space allocated:                10455360 Byte
20220314 011236.571 INFO             PET0 PIOc_sync Enter - MemInfo: [malloc] Space allocated in mmapped regions:          4575232 Byte
20220314 011236.571 INFO             PET0 PIOc_sync Enter - MemInfo: [malloc] Maximum total allocated space:                     0 Byte
20220314 011236.571 INFO             PET0 PIOc_sync Enter - MemInfo: [malloc] Space in freed fastbin blocks:                   288 Byte
20220314 011236.571 INFO             PET0 PIOc_sync Enter - MemInfo: [malloc] Total allocated space:                      10303840 Byte
20220314 011236.571 INFO             PET0 PIOc_sync Enter - MemInfo: [malloc] Total free space:                             151520 Byte
20220314 011236.571 INFO             PET0 PIOc_sync Enter - MemInfo: [malloc] Top-most, releasable space:                   132496 Byte
20220314 011236.571 INFO             PET0 PIOc_sync Enter - MemInfo: [malloc] Total space in use, mmap + non-mmap:        14879072 Byte
20220314 011236.571 INFO             PET0 PIOc_sync Enter - MemInfo: [malloc] Total space held (mmap + non-mmap):         15030592 Byte
20220314 011236.571 INFO             PET0 PIOc_sync Enter - MemInfo: [malloc] Total space used (mmap + non-mmap):         14887504 Byte
20220314 011236.571 INFO             PET0 PIOc_sync Enter - MemInfo: Wall-clock time since execution start:               0.117255 seconds
20220314 011236.571 INFO             PET0 PIOc_sync Exit - MemInfo: [/proc/meminfo - SSI]	MemTotal:       65855856 kB
20220314 011236.571 INFO             PET0 PIOc_sync Exit - MemInfo: [/proc/meminfo - SSI]	MemFree:        61331028 kB
20220314 011236.571 INFO             PET0 PIOc_sync Exit - MemInfo: [/proc/meminfo - SSI]	MemAvailable:   61103512 kB
20220314 011236.571 INFO             PET0 PIOc_sync Exit - MemInfo: [/proc/meminfo - SSI]	Committed_AS:    2833304 kB
20220314 011236.571 INFO             PET0 PIOc_sync Exit - MemInfo: [/proc/meminfo - SSI]	CommittedPercent: 4.30228 %
20220314 011236.571 INFO             PET0 PIOc_sync Exit - MemInfo: [/proc/self/status]	VmPeak:	   71772 kB
20220314 011236.571 INFO             PET0 PIOc_sync Exit - MemInfo: [/proc/self/status]	VmSize:	   71772 kB
20220314 011236.571 INFO             PET0 PIOc_sync Exit - MemInfo: [/proc/self/status]	VmLck:	       0 kB
20220314 011236.571 INFO             PET0 PIOc_sync Exit - MemInfo: [/proc/self/status]	VmPin:	       0 kB
20220314 011236.571 INFO             PET0 PIOc_sync Exit - MemInfo: [/proc/self/status]	VmHWM:	   22596 kB
20220314 011236.571 INFO             PET0 PIOc_sync Exit - MemInfo: [/proc/self/status]	VmRSS:	   19104 kB
20220314 011236.571 INFO             PET0 PIOc_sync Exit - MemInfo: [/proc/self/status]	VmData:	   18916 kB
20220314 011236.571 INFO             PET0 PIOc_sync Exit - MemInfo: [/proc/self/status]	VmStk:	     164 kB
20220314 011236.571 INFO             PET0 PIOc_sync Exit - MemInfo: [/proc/self/status]	VmExe:	   27308 kB
20220314 011236.571 INFO             PET0 PIOc_sync Exit - MemInfo: [/proc/self/status]	VmLib:	    1952 kB
20220314 011236.571 INFO             PET0 PIOc_sync Exit - MemInfo: [/proc/self/status]	VmPTE:	     140 kB
20220314 011236.571 INFO             PET0 PIOc_sync Exit - MemInfo: [/proc/self/status]	VmPMD:	      12 kB
20220314 011236.572 INFO             PET0 PIOc_sync Exit - MemInfo: [/proc/self/status]	VmSwap:	       0 kB
20220314 011236.572 INFO             PET0 PIOc_sync Exit - MemInfo: [/proc/self/status]	VmRSSPercent: 0.0290088 %
20220314 011236.572 INFO             PET0 PIOc_sync Exit - MemInfo: [malloc] Non-mmapped space allocated:                10455360 Byte
20220314 011236.572 INFO             PET0 PIOc_sync Exit - MemInfo: [malloc] Space allocated in mmapped regions:          4575232 Byte
20220314 011236.572 INFO             PET0 PIOc_sync Exit - MemInfo: [malloc] Maximum total allocated space:                     0 Byte
20220314 011236.572 INFO             PET0 PIOc_sync Exit - MemInfo: [malloc] Space in freed fastbin blocks:                    48 Byte
20220314 011236.572 INFO             PET0 PIOc_sync Exit - MemInfo: [malloc] Total allocated space:                      10305168 Byte
20220314 011236.572 INFO             PET0 PIOc_sync Exit - MemInfo: [malloc] Total free space:                             150192 Byte
20220314 011236.572 INFO             PET0 PIOc_sync Exit - MemInfo: [malloc] Top-most, releasable space:                   132496 Byte
20220314 011236.572 INFO             PET0 PIOc_sync Exit - MemInfo: [malloc] Total space in use, mmap + non-mmap:        14880400 Byte
20220314 011236.572 INFO             PET0 PIOc_sync Exit - MemInfo: [malloc] Total space held (mmap + non-mmap):         15030592 Byte
20220314 011236.572 INFO             PET0 PIOc_sync Exit - MemInfo: [malloc] Total space used (mmap + non-mmap):         14888720 Byte
20220314 011236.572 INFO             PET0 PIOc_sync Exit - MemInfo: Wall-clock time since execution start:               0.117827 seconds
20220314 011236.572 INFO             PET0 PIOc_freedecomp Enter - MemInfo: [/proc/meminfo - SSI]	MemTotal:       65855856 kB
20220314 011236.572 INFO             PET0 PIOc_freedecomp Enter - MemInfo: [/proc/meminfo - SSI]	MemFree:        61331028 kB
20220314 011236.572 INFO             PET0 PIOc_freedecomp Enter - MemInfo: [/proc/meminfo - SSI]	MemAvailable:   61103512 kB
20220314 011236.572 INFO             PET0 PIOc_freedecomp Enter - MemInfo: [/proc/meminfo - SSI]	Committed_AS:    2833304 kB
20220314 011236.572 INFO             PET0 PIOc_freedecomp Enter - MemInfo: [/proc/meminfo - SSI]	CommittedPercent: 4.30228 %
20220314 011236.572 INFO             PET0 PIOc_freedecomp Enter - MemInfo: [/proc/self/status]	VmPeak:	   71772 kB
20220314 011236.572 INFO             PET0 PIOc_freedecomp Enter - MemInfo: [/proc/self/status]	VmSize:	   71772 kB
20220314 011236.572 INFO             PET0 PIOc_freedecomp Enter - MemInfo: [/proc/self/status]	VmLck:	       0 kB
20220314 011236.572 INFO             PET0 PIOc_freedecomp Enter - MemInfo: [/proc/self/status]	VmPin:	       0 kB
20220314 011236.572 INFO             PET0 PIOc_freedecomp Enter - MemInfo: [/proc/self/status]	VmHWM:	   22596 kB
20220314 011236.572 INFO             PET0 PIOc_freedecomp Enter - MemInfo: [/proc/self/status]	VmRSS:	   19104 kB
20220314 011236.572 INFO             PET0 PIOc_freedecomp Enter - MemInfo: [/proc/self/status]	VmData:	   18916 kB
20220314 011236.572 INFO             PET0 PIOc_freedecomp Enter - MemInfo: [/proc/self/status]	VmStk:	     164 kB
20220314 011236.572 INFO             PET0 PIOc_freedecomp Enter - MemInfo: [/proc/self/status]	VmExe:	   27308 kB
20220314 011236.572 INFO             PET0 PIOc_freedecomp Enter - MemInfo: [/proc/self/status]	VmLib:	    1952 kB
20220314 011236.572 INFO             PET0 PIOc_freedecomp Enter - MemInfo: [/proc/self/status]	VmPTE:	     140 kB
20220314 011236.572 INFO             PET0 PIOc_freedecomp Enter - MemInfo: [/proc/self/status]	VmPMD:	      12 kB
20220314 011236.572 INFO             PET0 PIOc_freedecomp Enter - MemInfo: [/proc/self/status]	VmSwap:	       0 kB
20220314 011236.572 INFO             PET0 PIOc_freedecomp Enter - MemInfo: [/proc/self/status]	VmRSSPercent: 0.0290088 %
20220314 011236.572 INFO             PET0 PIOc_freedecomp Enter - MemInfo: [malloc] Non-mmapped space allocated:                10455360 Byte
20220314 011236.572 INFO             PET0 PIOc_freedecomp Enter - MemInfo: [malloc] Space allocated in mmapped regions:          4575232 Byte
20220314 011236.572 INFO             PET0 PIOc_freedecomp Enter - MemInfo: [malloc] Maximum total allocated space:                     0 Byte
20220314 011236.572 INFO             PET0 PIOc_freedecomp Enter - MemInfo: [malloc] Space in freed fastbin blocks:                   256 Byte
20220314 011236.572 INFO             PET0 PIOc_freedecomp Enter - MemInfo: [malloc] Total allocated space:                       1379984 Byte
20220314 011236.572 INFO             PET0 PIOc_freedecomp Enter - MemInfo: [malloc] Total free space:                            9075376 Byte
20220314 011236.572 INFO             PET0 PIOc_freedecomp Enter - MemInfo: [malloc] Top-most, releasable space:                  9045424 Byte
20220314 011236.572 INFO             PET0 PIOc_freedecomp Enter - MemInfo: [malloc] Total space in use, mmap + non-mmap:         5955216 Byte
20220314 011236.572 INFO             PET0 PIOc_freedecomp Enter - MemInfo: [malloc] Total space held (mmap + non-mmap):         15030592 Byte
20220314 011236.572 INFO             PET0 PIOc_freedecomp Enter - MemInfo: [malloc] Total space used (mmap + non-mmap):          5963424 Byte
20220314 011236.572 INFO             PET0 PIOc_freedecomp Enter - MemInfo: Wall-clock time since execution start:               0.118401 seconds
20220314 011236.572 INFO             PET0 PIOc_freedecomp Exit - MemInfo: [/proc/meminfo - SSI]	MemTotal:       65855856 kB
20220314 011236.572 INFO             PET0 PIOc_freedecomp Exit - MemInfo: [/proc/meminfo - SSI]	MemFree:        61331028 kB
20220314 011236.572 INFO             PET0 PIOc_freedecomp Exit - MemInfo: [/proc/meminfo - SSI]	MemAvailable:   61103512 kB
20220314 011236.572 INFO             PET0 PIOc_freedecomp Exit - MemInfo: [/proc/meminfo - SSI]	Committed_AS:    2833304 kB
20220314 011236.572 INFO             PET0 PIOc_freedecomp Exit - MemInfo: [/proc/meminfo - SSI]	CommittedPercent: 4.30228 %
20220314 011236.572 INFO             PET0 PIOc_freedecomp Exit - MemInfo: [/proc/self/status]	VmPeak:	   71772 kB
20220314 011236.572 INFO             PET0 PIOc_freedecomp Exit - MemInfo: [/proc/self/status]	VmSize:	   71772 kB
20220314 011236.572 INFO             PET0 PIOc_freedecomp Exit - MemInfo: [/proc/self/status]	VmLck:	       0 kB
20220314 011236.572 INFO             PET0 PIOc_freedecomp Exit - MemInfo: [/proc/self/status]	VmPin:	       0 kB
20220314 011236.572 INFO             PET0 PIOc_freedecomp Exit - MemInfo: [/proc/self/status]	VmHWM:	   22596 kB
20220314 011236.572 INFO             PET0 PIOc_freedecomp Exit - MemInfo: [/proc/self/status]	VmRSS:	   19104 kB
20220314 011236.572 INFO             PET0 PIOc_freedecomp Exit - MemInfo: [/proc/self/status]	VmData:	   18916 kB
20220314 011236.572 INFO             PET0 PIOc_freedecomp Exit - MemInfo: [/proc/self/status]	VmStk:	     164 kB
20220314 011236.572 INFO             PET0 PIOc_freedecomp Exit - MemInfo: [/proc/self/status]	VmExe:	   27308 kB
20220314 011236.572 INFO             PET0 PIOc_freedecomp Exit - MemInfo: [/proc/self/status]	VmLib:	    1952 kB
20220314 011236.572 INFO             PET0 PIOc_freedecomp Exit - MemInfo: [/proc/self/status]	VmPTE:	     140 kB
20220314 011236.572 INFO             PET0 PIOc_freedecomp Exit - MemInfo: [/proc/self/status]	VmPMD:	      12 kB
20220314 011236.572 INFO             PET0 PIOc_freedecomp Exit - MemInfo: [/proc/self/status]	VmSwap:	       0 kB
20220314 011236.573 INFO             PET0 PIOc_freedecomp Exit - MemInfo: [/proc/self/status]	VmRSSPercent: 0.0290088 %
20220314 011236.573 INFO             PET0 PIOc_freedecomp Exit - MemInfo: [malloc] Non-mmapped space allocated:                10455360 Byte
20220314 011236.573 INFO             PET0 PIOc_freedecomp Exit - MemInfo: [malloc] Space allocated in mmapped regions:          4575232 Byte
20220314 011236.573 INFO             PET0 PIOc_freedecomp Exit - MemInfo: [malloc] Maximum total allocated space:                     0 Byte
20220314 011236.573 INFO             PET0 PIOc_freedecomp Exit - MemInfo: [malloc] Space in freed fastbin blocks:                  1248 Byte
20220314 011236.573 INFO             PET0 PIOc_freedecomp Exit - MemInfo: [malloc] Total allocated space:                       1374784 Byte
20220314 011236.573 INFO             PET0 PIOc_freedecomp Exit - MemInfo: [malloc] Total free space:                            9080576 Byte
20220314 011236.573 INFO             PET0 PIOc_freedecomp Exit - MemInfo: [malloc] Top-most, releasable space:                  9045424 Byte
20220314 011236.573 INFO             PET0 PIOc_freedecomp Exit - MemInfo: [malloc] Total space in use, mmap + non-mmap:         5950016 Byte
20220314 011236.573 INFO             PET0 PIOc_freedecomp Exit - MemInfo: [malloc] Total space held (mmap + non-mmap):         15030592 Byte
20220314 011236.573 INFO             PET0 PIOc_freedecomp Exit - MemInfo: [malloc] Total space used (mmap + non-mmap):          5958224 Byte
20220314 011236.573 INFO             PET0 PIOc_freedecomp Exit - MemInfo: Wall-clock time since execution start:               0.118767 seconds
20220314 011236.573 INFO             PET0 PASS ESMC_FieldRegridStoreFile test, ESMC_FieldSMMFromFileUTest.C, line 199
20220314 011236.580 INFO             PET0 PASS ESMC_FieldSMMStore from File test, ESMC_FieldSMMFromFileUTest.C, line 229
20220314 011236.580 INFO             PET0 PASS ESMC_FieldSMMStore From File validation, ESMC_FieldSMMFromFileUTest.C, line 257
20220314 011236.580 INFO             PET0 PASS ESMC_FieldRegridRelease, ESMC_FieldSMMFromFileUTest.C, line 271
20220314 011236.580 INFO             PET0 Ending Test, file ESMC_FieldSMMFromFileUTest.C, line 289
20220314 011236.580 INFO             PET0 Finalizing ESMF
20220314 011236.471 INFO             PET1 !!!!!!!!!!!!!!!!!!!!!!!!!!!!!!!!!!!!!!!!!!!!!!!!!!!!!!
20220314 011236.471 INFO             PET1 !!! THE ESMF_LOG IS SET TO OUTPUT ALL LOG MESSAGES !!!
20220314 011236.471 INFO             PET1 !!!     THIS MAY CAUSE SLOWDOWN IN PERFORMANCE     !!!
20220314 011236.471 INFO             PET1 !!! FOR PRODUCTION RUNS, USE:                      !!!
20220314 011236.471 INFO             PET1 !!!                   ESMF_LOGKIND_Multi_On_Error  !!!
20220314 011236.471 INFO             PET1 !!!!!!!!!!!!!!!!!!!!!!!!!!!!!!!!!!!!!!!!!!!!!!!!!!!!!!
20220314 011236.471 INFO             PET1 Running with ESMF Version   : v8.3.0b09-96-g559b459836
20220314 011236.471 INFO             PET1 ESMF library build date/time: "Mar 14 2022" "00:28:19"
20220314 011236.471 INFO             PET1 ESMF library build location : /lustre/f2/dev/ncep/Mark.Potts/gfortran_8.3.0_mpi_O_jedwards_pio_update2
20220314 011236.471 INFO             PET1 ESMF_COMM                   : mpi
20220314 011236.471 INFO             PET1 ESMF_MOAB                   : enabled
20220314 011236.471 INFO             PET1 ESMF_LAPACK                 : enabled
20220314 011236.471 INFO             PET1 ESMF_NETCDF                 : enabled
20220314 011236.471 INFO             PET1 ESMF_PNETCDF                : disabled
20220314 011236.471 INFO             PET1 ESMF_PIO                    : enabled
20220314 011236.471 INFO             PET1 ESMF_YAMLCPP                : enabled
20220314 011236.471 INFO             PET1 Beginning Test, file ESMC_FieldSMMFromFileUTest.C, line 41
20220314 011236.471 INFO             PET1 Beginning Test, file ESMC_FieldSMMFromFileUTest.C, line 41NUMBER_OF_PROCESSORS 4
20220314 011236.561 INFO             PET1 PIOc_sync Enter - MemInfo: [/proc/meminfo - SSI]	MemTotal:       65855856 kB
20220314 011236.561 INFO             PET1 PIOc_sync Enter - MemInfo: [/proc/meminfo - SSI]	MemFree:        61327976 kB
20220314 011236.561 INFO             PET1 PIOc_sync Enter - MemInfo: [/proc/meminfo - SSI]	MemAvailable:   61100460 kB
20220314 011236.561 INFO             PET1 PIOc_sync Enter - MemInfo: [/proc/meminfo - SSI]	Committed_AS:    2832924 kB
20220314 011236.561 INFO             PET1 PIOc_sync Enter - MemInfo: [/proc/meminfo - SSI]	CommittedPercent: 4.3017 %
20220314 011236.561 INFO             PET1 PIOc_sync Enter - MemInfo: [/proc/self/status]	VmPeak:	   62720 kB
20220314 011236.561 INFO             PET1 PIOc_sync Enter - MemInfo: [/proc/self/status]	VmSize:	   62524 kB
20220314 011236.561 INFO             PET1 PIOc_sync Enter - MemInfo: [/proc/self/status]	VmLck:	       0 kB
20220314 011236.561 INFO             PET1 PIOc_sync Enter - MemInfo: [/proc/self/status]	VmPin:	       0 kB
20220314 011236.561 INFO             PET1 PIOc_sync Enter - MemInfo: [/proc/self/status]	VmHWM:	   12708 kB
20220314 011236.561 INFO             PET1 PIOc_sync Enter - MemInfo: [/proc/self/status]	VmRSS:	   12708 kB
20220314 011236.561 INFO             PET1 PIOc_sync Enter - MemInfo: [/proc/self/status]	VmData:	    9632 kB
20220314 011236.561 INFO             PET1 PIOc_sync Enter - MemInfo: [/proc/self/status]	VmStk:	     164 kB
20220314 011236.561 INFO             PET1 PIOc_sync Enter - MemInfo: [/proc/self/status]	VmExe:	   27308 kB
20220314 011236.561 INFO             PET1 PIOc_sync Enter - MemInfo: [/proc/self/status]	VmLib:	    1952 kB
20220314 011236.561 INFO             PET1 PIOc_sync Enter - MemInfo: [/proc/self/status]	VmPTE:	     124 kB
20220314 011236.561 INFO             PET1 PIOc_sync Enter - MemInfo: [/proc/self/status]	VmPMD:	      12 kB
20220314 011236.561 INFO             PET1 PIOc_sync Enter - MemInfo: [/proc/self/status]	VmSwap:	       0 kB
20220314 011236.561 INFO             PET1 PIOc_sync Enter - MemInfo: [/proc/self/status]	VmRSSPercent: 0.0192967 %
20220314 011236.561 INFO             PET1 PIOc_sync Enter - MemInfo: [malloc] Non-mmapped space allocated:                 1280320 Byte
20220314 011236.561 INFO             PET1 PIOc_sync Enter - MemInfo: [malloc] Space allocated in mmapped regions:          4243456 Byte
20220314 011236.561 INFO             PET1 PIOc_sync Enter - MemInfo: [malloc] Maximum total allocated space:                     0 Byte
20220314 011236.561 INFO             PET1 PIOc_sync Enter - MemInfo: [malloc] Space in freed fastbin blocks:                    48 Byte
20220314 011236.561 INFO             PET1 PIOc_sync Enter - MemInfo: [malloc] Total allocated space:                       1133072 Byte
20220314 011236.561 INFO             PET1 PIOc_sync Enter - MemInfo: [malloc] Total free space:                             147248 Byte
20220314 011236.561 INFO             PET1 PIOc_sync Enter - MemInfo: [malloc] Top-most, releasable space:                   131408 Byte
20220314 011236.561 INFO             PET1 PIOc_sync Enter - MemInfo: [malloc] Total space in use, mmap + non-mmap:         5376528 Byte
20220314 011236.561 INFO             PET1 PIOc_sync Enter - MemInfo: [malloc] Total space held (mmap + non-mmap):          5523776 Byte
20220314 011236.561 INFO             PET1 PIOc_sync Enter - MemInfo: [malloc] Total space used (mmap + non-mmap):          5385328 Byte
20220314 011236.561 INFO             PET1 PIOc_sync Enter - MemInfo: Wall-clock time since execution start:               0.107466 seconds
20220314 011236.562 INFO             PET1 PIOc_sync Exit - MemInfo: [/proc/meminfo - SSI]	MemTotal:       65855856 kB
20220314 011236.562 INFO             PET1 PIOc_sync Exit - MemInfo: [/proc/meminfo - SSI]	MemFree:        61327472 kB
20220314 011236.562 INFO             PET1 PIOc_sync Exit - MemInfo: [/proc/meminfo - SSI]	MemAvailable:   61099956 kB
20220314 011236.562 INFO             PET1 PIOc_sync Exit - MemInfo: [/proc/meminfo - SSI]	Committed_AS:    2832924 kB
20220314 011236.562 INFO             PET1 PIOc_sync Exit - MemInfo: [/proc/meminfo - SSI]	CommittedPercent: 4.3017 %
20220314 011236.562 INFO             PET1 PIOc_sync Exit - MemInfo: [/proc/self/status]	VmPeak:	   62720 kB
20220314 011236.562 INFO             PET1 PIOc_sync Exit - MemInfo: [/proc/self/status]	VmSize:	   62524 kB
20220314 011236.562 INFO             PET1 PIOc_sync Exit - MemInfo: [/proc/self/status]	VmLck:	       0 kB
20220314 011236.562 INFO             PET1 PIOc_sync Exit - MemInfo: [/proc/self/status]	VmPin:	       0 kB
20220314 011236.562 INFO             PET1 PIOc_sync Exit - MemInfo: [/proc/self/status]	VmHWM:	   12708 kB
20220314 011236.562 INFO             PET1 PIOc_sync Exit - MemInfo: [/proc/self/status]	VmRSS:	   12708 kB
20220314 011236.562 INFO             PET1 PIOc_sync Exit - MemInfo: [/proc/self/status]	VmData:	    9632 kB
20220314 011236.562 INFO             PET1 PIOc_sync Exit - MemInfo: [/proc/self/status]	VmStk:	     164 kB
20220314 011236.562 INFO             PET1 PIOc_sync Exit - MemInfo: [/proc/self/status]	VmExe:	   27308 kB
20220314 011236.562 INFO             PET1 PIOc_sync Exit - MemInfo: [/proc/self/status]	VmLib:	    1952 kB
20220314 011236.562 INFO             PET1 PIOc_sync Exit - MemInfo: [/proc/self/status]	VmPTE:	     124 kB
20220314 011236.562 INFO             PET1 PIOc_sync Exit - MemInfo: [/proc/self/status]	VmPMD:	      12 kB
20220314 011236.562 INFO             PET1 PIOc_sync Exit - MemInfo: [/proc/self/status]	VmSwap:	       0 kB
20220314 011236.562 INFO             PET1 PIOc_sync Exit - MemInfo: [/proc/self/status]	VmRSSPercent: 0.0192967 %
20220314 011236.562 INFO             PET1 PIOc_sync Exit - MemInfo: [malloc] Non-mmapped space allocated:                 1280320 Byte
20220314 011236.562 INFO             PET1 PIOc_sync Exit - MemInfo: [malloc] Space allocated in mmapped regions:          4243456 Byte
20220314 011236.562 INFO             PET1 PIOc_sync Exit - MemInfo: [malloc] Maximum total allocated space:                     0 Byte
20220314 011236.562 INFO             PET1 PIOc_sync Exit - MemInfo: [malloc] Space in freed fastbin blocks:                     0 Byte
20220314 011236.562 INFO             PET1 PIOc_sync Exit - MemInfo: [malloc] Total allocated space:                       1134208 Byte
20220314 011236.562 INFO             PET1 PIOc_sync Exit - MemInfo: [malloc] Total free space:                             146112 Byte
20220314 011236.562 INFO             PET1 PIOc_sync Exit - MemInfo: [malloc] Top-most, releasable space:                   131184 Byte
20220314 011236.562 INFO             PET1 PIOc_sync Exit - MemInfo: [malloc] Total space in use, mmap + non-mmap:         5377664 Byte
20220314 011236.562 INFO             PET1 PIOc_sync Exit - MemInfo: [malloc] Total space held (mmap + non-mmap):          5523776 Byte
20220314 011236.562 INFO             PET1 PIOc_sync Exit - MemInfo: [malloc] Total space used (mmap + non-mmap):          5386464 Byte
20220314 011236.562 INFO             PET1 PIOc_sync Exit - MemInfo: Wall-clock time since execution start:               0.108178 seconds
20220314 011236.563 INFO             PET1 PIOc_freedecomp Enter - MemInfo: [/proc/meminfo - SSI]	MemTotal:       65855856 kB
20220314 011236.563 INFO             PET1 PIOc_freedecomp Enter - MemInfo: [/proc/meminfo - SSI]	MemFree:        61334528 kB
20220314 011236.563 INFO             PET1 PIOc_freedecomp Enter - MemInfo: [/proc/meminfo - SSI]	MemAvailable:   61107012 kB
20220314 011236.563 INFO             PET1 PIOc_freedecomp Enter - MemInfo: [/proc/meminfo - SSI]	Committed_AS:    2825052 kB
20220314 011236.563 INFO             PET1 PIOc_freedecomp Enter - MemInfo: [/proc/meminfo - SSI]	CommittedPercent: 4.28975 %
20220314 011236.563 INFO             PET1 PIOc_freedecomp Enter - MemInfo: [/proc/self/status]	VmPeak:	   62720 kB
20220314 011236.563 INFO             PET1 PIOc_freedecomp Enter - MemInfo: [/proc/self/status]	VmSize:	   62524 kB
20220314 011236.563 INFO             PET1 PIOc_freedecomp Enter - MemInfo: [/proc/self/status]	VmLck:	       0 kB
20220314 011236.563 INFO             PET1 PIOc_freedecomp Enter - MemInfo: [/proc/self/status]	VmPin:	       0 kB
20220314 011236.563 INFO             PET1 PIOc_freedecomp Enter - MemInfo: [/proc/self/status]	VmHWM:	   12708 kB
20220314 011236.563 INFO             PET1 PIOc_freedecomp Enter - MemInfo: [/proc/self/status]	VmRSS:	   12708 kB
20220314 011236.563 INFO             PET1 PIOc_freedecomp Enter - MemInfo: [/proc/self/status]	VmData:	    9632 kB
20220314 011236.563 INFO             PET1 PIOc_freedecomp Enter - MemInfo: [/proc/self/status]	VmStk:	     164 kB
20220314 011236.563 INFO             PET1 PIOc_freedecomp Enter - MemInfo: [/proc/self/status]	VmExe:	   27308 kB
20220314 011236.563 INFO             PET1 PIOc_freedecomp Enter - MemInfo: [/proc/self/status]	VmLib:	    1952 kB
20220314 011236.563 INFO             PET1 PIOc_freedecomp Enter - MemInfo: [/proc/self/status]	VmPTE:	     124 kB
20220314 011236.563 INFO             PET1 PIOc_freedecomp Enter - MemInfo: [/proc/self/status]	VmPMD:	      12 kB
20220314 011236.563 INFO             PET1 PIOc_freedecomp Enter - MemInfo: [/proc/self/status]	VmSwap:	       0 kB
20220314 011236.563 INFO             PET1 PIOc_freedecomp Enter - MemInfo: [/proc/self/status]	VmRSSPercent: 0.0192967 %
20220314 011236.563 INFO             PET1 PIOc_freedecomp Enter - MemInfo: [malloc] Non-mmapped space allocated:                 1280320 Byte
20220314 011236.563 INFO             PET1 PIOc_freedecomp Enter - MemInfo: [malloc] Space allocated in mmapped regions:          4243456 Byte
20220314 011236.563 INFO             PET1 PIOc_freedecomp Enter - MemInfo: [malloc] Maximum total allocated space:                     0 Byte
20220314 011236.563 INFO             PET1 PIOc_freedecomp Enter - MemInfo: [malloc] Space in freed fastbin blocks:                     0 Byte
20220314 011236.563 INFO             PET1 PIOc_freedecomp Enter - MemInfo: [malloc] Total allocated space:                       1134848 Byte
20220314 011236.563 INFO             PET1 PIOc_freedecomp Enter - MemInfo: [malloc] Total free space:                             145472 Byte
20220314 011236.563 INFO             PET1 PIOc_freedecomp Enter - MemInfo: [malloc] Top-most, releasable space:                   130960 Byte
20220314 011236.564 INFO             PET1 PIOc_freedecomp Enter - MemInfo: [malloc] Total space in use, mmap + non-mmap:         5378304 Byte
20220314 011236.564 INFO             PET1 PIOc_freedecomp Enter - MemInfo: [malloc] Total space held (mmap + non-mmap):          5523776 Byte
20220314 011236.564 INFO             PET1 PIOc_freedecomp Enter - MemInfo: [malloc] Total space used (mmap + non-mmap):          5386992 Byte
20220314 011236.564 INFO             PET1 PIOc_freedecomp Enter - MemInfo: Wall-clock time since execution start:               0.109605 seconds
20220314 011236.564 INFO             PET1 PIOc_freedecomp Exit - MemInfo: [/proc/meminfo - SSI]	MemTotal:       65855856 kB
20220314 011236.564 INFO             PET1 PIOc_freedecomp Exit - MemInfo: [/proc/meminfo - SSI]	MemFree:        61334528 kB
20220314 011236.564 INFO             PET1 PIOc_freedecomp Exit - MemInfo: [/proc/meminfo - SSI]	MemAvailable:   61107012 kB
20220314 011236.564 INFO             PET1 PIOc_freedecomp Exit - MemInfo: [/proc/meminfo - SSI]	Committed_AS:    2825052 kB
20220314 011236.564 INFO             PET1 PIOc_freedecomp Exit - MemInfo: [/proc/meminfo - SSI]	CommittedPercent: 4.28975 %
20220314 011236.564 INFO             PET1 PIOc_freedecomp Exit - MemInfo: [/proc/self/status]	VmPeak:	   62720 kB
20220314 011236.564 INFO             PET1 PIOc_freedecomp Exit - MemInfo: [/proc/self/status]	VmSize:	   62524 kB
20220314 011236.564 INFO             PET1 PIOc_freedecomp Exit - MemInfo: [/proc/self/status]	VmLck:	       0 kB
20220314 011236.564 INFO             PET1 PIOc_freedecomp Exit - MemInfo: [/proc/self/status]	VmPin:	       0 kB
20220314 011236.564 INFO             PET1 PIOc_freedecomp Exit - MemInfo: [/proc/self/status]	VmHWM:	   12708 kB
20220314 011236.564 INFO             PET1 PIOc_freedecomp Exit - MemInfo: [/proc/self/status]	VmRSS:	   12708 kB
20220314 011236.564 INFO             PET1 PIOc_freedecomp Exit - MemInfo: [/proc/self/status]	VmData:	    9632 kB
20220314 011236.564 INFO             PET1 PIOc_freedecomp Exit - MemInfo: [/proc/self/status]	VmStk:	     164 kB
20220314 011236.564 INFO             PET1 PIOc_freedecomp Exit - MemInfo: [/proc/self/status]	VmExe:	   27308 kB
20220314 011236.564 INFO             PET1 PIOc_freedecomp Exit - MemInfo: [/proc/self/status]	VmLib:	    1952 kB
20220314 011236.564 INFO             PET1 PIOc_freedecomp Exit - MemInfo: [/proc/self/status]	VmPTE:	     124 kB
20220314 011236.564 INFO             PET1 PIOc_freedecomp Exit - MemInfo: [/proc/self/status]	VmPMD:	      12 kB
20220314 011236.564 INFO             PET1 PIOc_freedecomp Exit - MemInfo: [/proc/self/status]	VmSwap:	       0 kB
20220314 011236.564 INFO             PET1 PIOc_freedecomp Exit - MemInfo: [/proc/self/status]	VmRSSPercent: 0.0192967 %
20220314 011236.564 INFO             PET1 PIOc_freedecomp Exit - MemInfo: [malloc] Non-mmapped space allocated:                 1280320 Byte
20220314 011236.564 INFO             PET1 PIOc_freedecomp Exit - MemInfo: [malloc] Space allocated in mmapped regions:          4243456 Byte
20220314 011236.564 INFO             PET1 PIOc_freedecomp Exit - MemInfo: [malloc] Maximum total allocated space:                     0 Byte
20220314 011236.564 INFO             PET1 PIOc_freedecomp Exit - MemInfo: [malloc] Space in freed fastbin blocks:                   288 Byte
20220314 011236.564 INFO             PET1 PIOc_freedecomp Exit - MemInfo: [malloc] Total allocated space:                       1134240 Byte
20220314 011236.564 INFO             PET1 PIOc_freedecomp Exit - MemInfo: [malloc] Total free space:                             146080 Byte
20220314 011236.564 INFO             PET1 PIOc_freedecomp Exit - MemInfo: [malloc] Top-most, releasable space:                   130736 Byte
20220314 011236.564 INFO             PET1 PIOc_freedecomp Exit - MemInfo: [malloc] Total space in use, mmap + non-mmap:         5377696 Byte
20220314 011236.564 INFO             PET1 PIOc_freedecomp Exit - MemInfo: [malloc] Total space held (mmap + non-mmap):          5523776 Byte
20220314 011236.564 INFO             PET1 PIOc_freedecomp Exit - MemInfo: [malloc] Total space used (mmap + non-mmap):          5386464 Byte
20220314 011236.564 INFO             PET1 PIOc_freedecomp Exit - MemInfo: Wall-clock time since execution start:                0.10998 seconds
20220314 011236.567 INFO             PET1 PIOc_sync Enter - MemInfo: [/proc/meminfo - SSI]	MemTotal:       65855856 kB
20220314 011236.567 INFO             PET1 PIOc_sync Enter - MemInfo: [/proc/meminfo - SSI]	MemFree:        61332008 kB
20220314 011236.567 INFO             PET1 PIOc_sync Enter - MemInfo: [/proc/meminfo - SSI]	MemAvailable:   61104492 kB
20220314 011236.567 INFO             PET1 PIOc_sync Enter - MemInfo: [/proc/meminfo - SSI]	Committed_AS:    2833304 kB
20220314 011236.567 INFO             PET1 PIOc_sync Enter - MemInfo: [/proc/meminfo - SSI]	CommittedPercent: 4.30228 %
20220314 011236.567 INFO             PET1 PIOc_sync Enter - MemInfo: [/proc/self/status]	VmPeak:	   62720 kB
20220314 011236.567 INFO             PET1 PIOc_sync Enter - MemInfo: [/proc/self/status]	VmSize:	   62488 kB
20220314 011236.567 INFO             PET1 PIOc_sync Enter - MemInfo: [/proc/self/status]	VmLck:	       0 kB
20220314 011236.567 INFO             PET1 PIOc_sync Enter - MemInfo: [/proc/self/status]	VmPin:	       0 kB
20220314 011236.567 INFO             PET1 PIOc_sync Enter - MemInfo: [/proc/self/status]	VmHWM:	   12784 kB
20220314 011236.567 INFO             PET1 PIOc_sync Enter - MemInfo: [/proc/self/status]	VmRSS:	   12768 kB
20220314 011236.567 INFO             PET1 PIOc_sync Enter - MemInfo: [/proc/self/status]	VmData:	    9632 kB
20220314 011236.567 INFO             PET1 PIOc_sync Enter - MemInfo: [/proc/self/status]	VmStk:	     164 kB
20220314 011236.567 INFO             PET1 PIOc_sync Enter - MemInfo: [/proc/self/status]	VmExe:	   27308 kB
20220314 011236.567 INFO             PET1 PIOc_sync Enter - MemInfo: [/proc/self/status]	VmLib:	    1952 kB
20220314 011236.567 INFO             PET1 PIOc_sync Enter - MemInfo: [/proc/self/status]	VmPTE:	     128 kB
20220314 011236.567 INFO             PET1 PIOc_sync Enter - MemInfo: [/proc/self/status]	VmPMD:	      12 kB
20220314 011236.567 INFO             PET1 PIOc_sync Enter - MemInfo: [/proc/self/status]	VmSwap:	       0 kB
20220314 011236.567 INFO             PET1 PIOc_sync Enter - MemInfo: [/proc/self/status]	VmRSSPercent: 0.0193878 %
20220314 011236.567 INFO             PET1 PIOc_sync Enter - MemInfo: [malloc] Non-mmapped space allocated:                 1280320 Byte
20220314 011236.567 INFO             PET1 PIOc_sync Enter - MemInfo: [malloc] Space allocated in mmapped regions:          4243456 Byte
20220314 011236.567 INFO             PET1 PIOc_sync Enter - MemInfo: [malloc] Maximum total allocated space:                     0 Byte
20220314 011236.567 INFO             PET1 PIOc_sync Enter - MemInfo: [malloc] Space in freed fastbin blocks:                   240 Byte
20220314 011236.567 INFO             PET1 PIOc_sync Enter - MemInfo: [malloc] Total allocated space:                       1137456 Byte
20220314 011236.567 INFO             PET1 PIOc_sync Enter - MemInfo: [malloc] Total free space:                             142864 Byte
20220314 011236.567 INFO             PET1 PIOc_sync Enter - MemInfo: [malloc] Top-most, releasable space:                   130512 Byte
20220314 011236.567 INFO             PET1 PIOc_sync Enter - MemInfo: [malloc] Total space in use, mmap + non-mmap:         5380912 Byte
20220314 011236.567 INFO             PET1 PIOc_sync Enter - MemInfo: [malloc] Total space held (mmap + non-mmap):          5523776 Byte
20220314 011236.567 INFO             PET1 PIOc_sync Enter - MemInfo: [malloc] Total space used (mmap + non-mmap):          5389232 Byte
20220314 011236.567 INFO             PET1 PIOc_sync Enter - MemInfo: Wall-clock time since execution start:               0.113209 seconds
20220314 011236.567 INFO             PET1 PIOc_sync Exit - MemInfo: [/proc/meminfo - SSI]	MemTotal:       65855856 kB
20220314 011236.567 INFO             PET1 PIOc_sync Exit - MemInfo: [/proc/meminfo - SSI]	MemFree:        61331532 kB
20220314 011236.567 INFO             PET1 PIOc_sync Exit - MemInfo: [/proc/meminfo - SSI]	MemAvailable:   61104016 kB
20220314 011236.567 INFO             PET1 PIOc_sync Exit - MemInfo: [/proc/meminfo - SSI]	Committed_AS:    2833304 kB
20220314 011236.567 INFO             PET1 PIOc_sync Exit - MemInfo: [/proc/meminfo - SSI]	CommittedPercent: 4.30228 %
20220314 011236.568 INFO             PET1 PIOc_sync Exit - MemInfo: [/proc/self/status]	VmPeak:	   62720 kB
20220314 011236.568 INFO             PET1 PIOc_sync Exit - MemInfo: [/proc/self/status]	VmSize:	   62488 kB
20220314 011236.568 INFO             PET1 PIOc_sync Exit - MemInfo: [/proc/self/status]	VmLck:	       0 kB
20220314 011236.568 INFO             PET1 PIOc_sync Exit - MemInfo: [/proc/self/status]	VmPin:	       0 kB
20220314 011236.568 INFO             PET1 PIOc_sync Exit - MemInfo: [/proc/self/status]	VmHWM:	   12784 kB
20220314 011236.568 INFO             PET1 PIOc_sync Exit - MemInfo: [/proc/self/status]	VmRSS:	   12768 kB
20220314 011236.568 INFO             PET1 PIOc_sync Exit - MemInfo: [/proc/self/status]	VmData:	    9632 kB
20220314 011236.568 INFO             PET1 PIOc_sync Exit - MemInfo: [/proc/self/status]	VmStk:	     164 kB
20220314 011236.568 INFO             PET1 PIOc_sync Exit - MemInfo: [/proc/self/status]	VmExe:	   27308 kB
20220314 011236.568 INFO             PET1 PIOc_sync Exit - MemInfo: [/proc/self/status]	VmLib:	    1952 kB
20220314 011236.568 INFO             PET1 PIOc_sync Exit - MemInfo: [/proc/self/status]	VmPTE:	     128 kB
20220314 011236.568 INFO             PET1 PIOc_sync Exit - MemInfo: [/proc/self/status]	VmPMD:	      12 kB
20220314 011236.568 INFO             PET1 PIOc_sync Exit - MemInfo: [/proc/self/status]	VmSwap:	       0 kB
20220314 011236.568 INFO             PET1 PIOc_sync Exit - MemInfo: [/proc/self/status]	VmRSSPercent: 0.0193878 %
20220314 011236.568 INFO             PET1 PIOc_sync Exit - MemInfo: [malloc] Non-mmapped space allocated:                 1280320 Byte
20220314 011236.568 INFO             PET1 PIOc_sync Exit - MemInfo: [malloc] Space allocated in mmapped regions:          4243456 Byte
20220314 011236.568 INFO             PET1 PIOc_sync Exit - MemInfo: [malloc] Maximum total allocated space:                     0 Byte
20220314 011236.568 INFO             PET1 PIOc_sync Exit - MemInfo: [malloc] Space in freed fastbin blocks:                     0 Byte
20220314 011236.568 INFO             PET1 PIOc_sync Exit - MemInfo: [malloc] Total allocated space:                       1137568 Byte
20220314 011236.568 INFO             PET1 PIOc_sync Exit - MemInfo: [malloc] Total free space:                             142752 Byte
20220314 011236.568 INFO             PET1 PIOc_sync Exit - MemInfo: [malloc] Top-most, releasable space:                   130288 Byte
20220314 011236.568 INFO             PET1 PIOc_sync Exit - MemInfo: [malloc] Total space in use, mmap + non-mmap:         5381024 Byte
20220314 011236.568 INFO             PET1 PIOc_sync Exit - MemInfo: [malloc] Total space held (mmap + non-mmap):          5523776 Byte
20220314 011236.568 INFO             PET1 PIOc_sync Exit - MemInfo: [malloc] Total space used (mmap + non-mmap):          5389232 Byte
20220314 011236.568 INFO             PET1 PIOc_sync Exit - MemInfo: Wall-clock time since execution start:                 0.1138 seconds
20220314 011236.568 INFO             PET1 PIOc_freedecomp Enter - MemInfo: [/proc/meminfo - SSI]	MemTotal:       65855856 kB
20220314 011236.568 INFO             PET1 PIOc_freedecomp Enter - MemInfo: [/proc/meminfo - SSI]	MemFree:        61331532 kB
20220314 011236.568 INFO             PET1 PIOc_freedecomp Enter - MemInfo: [/proc/meminfo - SSI]	MemAvailable:   61104016 kB
20220314 011236.568 INFO             PET1 PIOc_freedecomp Enter - MemInfo: [/proc/meminfo - SSI]	Committed_AS:    2833304 kB
20220314 011236.568 INFO             PET1 PIOc_freedecomp Enter - MemInfo: [/proc/meminfo - SSI]	CommittedPercent: 4.30228 %
20220314 011236.568 INFO             PET1 PIOc_freedecomp Enter - MemInfo: [/proc/self/status]	VmPeak:	   62720 kB
20220314 011236.568 INFO             PET1 PIOc_freedecomp Enter - MemInfo: [/proc/self/status]	VmSize:	   62488 kB
20220314 011236.568 INFO             PET1 PIOc_freedecomp Enter - MemInfo: [/proc/self/status]	VmLck:	       0 kB
20220314 011236.568 INFO             PET1 PIOc_freedecomp Enter - MemInfo: [/proc/self/status]	VmPin:	       0 kB
20220314 011236.568 INFO             PET1 PIOc_freedecomp Enter - MemInfo: [/proc/self/status]	VmHWM:	   12784 kB
20220314 011236.568 INFO             PET1 PIOc_freedecomp Enter - MemInfo: [/proc/self/status]	VmRSS:	   12768 kB
20220314 011236.568 INFO             PET1 PIOc_freedecomp Enter - MemInfo: [/proc/self/status]	VmData:	    9632 kB
20220314 011236.568 INFO             PET1 PIOc_freedecomp Enter - MemInfo: [/proc/self/status]	VmStk:	     164 kB
20220314 011236.568 INFO             PET1 PIOc_freedecomp Enter - MemInfo: [/proc/self/status]	VmExe:	   27308 kB
20220314 011236.568 INFO             PET1 PIOc_freedecomp Enter - MemInfo: [/proc/self/status]	VmLib:	    1952 kB
20220314 011236.568 INFO             PET1 PIOc_freedecomp Enter - MemInfo: [/proc/self/status]	VmPTE:	     128 kB
20220314 011236.568 INFO             PET1 PIOc_freedecomp Enter - MemInfo: [/proc/self/status]	VmPMD:	      12 kB
20220314 011236.568 INFO             PET1 PIOc_freedecomp Enter - MemInfo: [/proc/self/status]	VmSwap:	       0 kB
20220314 011236.568 INFO             PET1 PIOc_freedecomp Enter - MemInfo: [/proc/self/status]	VmRSSPercent: 0.0193878 %
20220314 011236.568 INFO             PET1 PIOc_freedecomp Enter - MemInfo: [malloc] Non-mmapped space allocated:                 1280320 Byte
20220314 011236.568 INFO             PET1 PIOc_freedecomp Enter - MemInfo: [malloc] Space allocated in mmapped regions:          4243456 Byte
20220314 011236.568 INFO             PET1 PIOc_freedecomp Enter - MemInfo: [malloc] Maximum total allocated space:                     0 Byte
20220314 011236.568 INFO             PET1 PIOc_freedecomp Enter - MemInfo: [malloc] Space in freed fastbin blocks:                    80 Byte
20220314 011236.568 INFO             PET1 PIOc_freedecomp Enter - MemInfo: [malloc] Total allocated space:                       1136672 Byte
20220314 011236.568 INFO             PET1 PIOc_freedecomp Enter - MemInfo: [malloc] Total free space:                             143648 Byte
20220314 011236.569 INFO             PET1 PIOc_freedecomp Enter - MemInfo: [malloc] Top-most, releasable space:                   130064 Byte
20220314 011236.569 INFO             PET1 PIOc_freedecomp Enter - MemInfo: [malloc] Total space in use, mmap + non-mmap:         5380128 Byte
20220314 011236.569 INFO             PET1 PIOc_freedecomp Enter - MemInfo: [malloc] Total space held (mmap + non-mmap):          5523776 Byte
20220314 011236.569 INFO             PET1 PIOc_freedecomp Enter - MemInfo: [malloc] Total space used (mmap + non-mmap):          5388336 Byte
20220314 011236.569 INFO             PET1 PIOc_freedecomp Enter - MemInfo: Wall-clock time since execution start:               0.114578 seconds
20220314 011236.569 INFO             PET1 PIOc_freedecomp Exit - MemInfo: [/proc/meminfo - SSI]	MemTotal:       65855856 kB
20220314 011236.569 INFO             PET1 PIOc_freedecomp Exit - MemInfo: [/proc/meminfo - SSI]	MemFree:        61331532 kB
20220314 011236.569 INFO             PET1 PIOc_freedecomp Exit - MemInfo: [/proc/meminfo - SSI]	MemAvailable:   61104016 kB
20220314 011236.569 INFO             PET1 PIOc_freedecomp Exit - MemInfo: [/proc/meminfo - SSI]	Committed_AS:    2833304 kB
20220314 011236.569 INFO             PET1 PIOc_freedecomp Exit - MemInfo: [/proc/meminfo - SSI]	CommittedPercent: 4.30228 %
20220314 011236.569 INFO             PET1 PIOc_freedecomp Exit - MemInfo: [/proc/self/status]	VmPeak:	   62720 kB
20220314 011236.569 INFO             PET1 PIOc_freedecomp Exit - MemInfo: [/proc/self/status]	VmSize:	   62488 kB
20220314 011236.569 INFO             PET1 PIOc_freedecomp Exit - MemInfo: [/proc/self/status]	VmLck:	       0 kB
20220314 011236.569 INFO             PET1 PIOc_freedecomp Exit - MemInfo: [/proc/self/status]	VmPin:	       0 kB
20220314 011236.569 INFO             PET1 PIOc_freedecomp Exit - MemInfo: [/proc/self/status]	VmHWM:	   12784 kB
20220314 011236.569 INFO             PET1 PIOc_freedecomp Exit - MemInfo: [/proc/self/status]	VmRSS:	   12768 kB
20220314 011236.569 INFO             PET1 PIOc_freedecomp Exit - MemInfo: [/proc/self/status]	VmData:	    9632 kB
20220314 011236.569 INFO             PET1 PIOc_freedecomp Exit - MemInfo: [/proc/self/status]	VmStk:	     164 kB
20220314 011236.569 INFO             PET1 PIOc_freedecomp Exit - MemInfo: [/proc/self/status]	VmExe:	   27308 kB
20220314 011236.569 INFO             PET1 PIOc_freedecomp Exit - MemInfo: [/proc/self/status]	VmLib:	    1952 kB
20220314 011236.569 INFO             PET1 PIOc_freedecomp Exit - MemInfo: [/proc/self/status]	VmPTE:	     128 kB
20220314 011236.569 INFO             PET1 PIOc_freedecomp Exit - MemInfo: [/proc/self/status]	VmPMD:	      12 kB
20220314 011236.569 INFO             PET1 PIOc_freedecomp Exit - MemInfo: [/proc/self/status]	VmSwap:	       0 kB
20220314 011236.569 INFO             PET1 PIOc_freedecomp Exit - MemInfo: [/proc/self/status]	VmRSSPercent: 0.0193878 %
20220314 011236.569 INFO             PET1 PIOc_freedecomp Exit - MemInfo: [malloc] Non-mmapped space allocated:                 1280320 Byte
20220314 011236.569 INFO             PET1 PIOc_freedecomp Exit - MemInfo: [malloc] Space allocated in mmapped regions:          4243456 Byte
20220314 011236.569 INFO             PET1 PIOc_freedecomp Exit - MemInfo: [malloc] Maximum total allocated space:                     0 Byte
20220314 011236.569 INFO             PET1 PIOc_freedecomp Exit - MemInfo: [malloc] Space in freed fastbin blocks:                   528 Byte
20220314 011236.569 INFO             PET1 PIOc_freedecomp Exit - MemInfo: [malloc] Total allocated space:                       1134256 Byte
20220314 011236.569 INFO             PET1 PIOc_freedecomp Exit - MemInfo: [malloc] Total free space:                             146064 Byte
20220314 011236.569 INFO             PET1 PIOc_freedecomp Exit - MemInfo: [malloc] Top-most, releasable space:                   129840 Byte
20220314 011236.569 INFO             PET1 PIOc_freedecomp Exit - MemInfo: [malloc] Total space in use, mmap + non-mmap:         5377712 Byte
20220314 011236.569 INFO             PET1 PIOc_freedecomp Exit - MemInfo: [malloc] Total space held (mmap + non-mmap):          5523776 Byte
20220314 011236.569 INFO             PET1 PIOc_freedecomp Exit - MemInfo: [malloc] Total space used (mmap + non-mmap):          5385920 Byte
20220314 011236.569 INFO             PET1 PIOc_freedecomp Exit - MemInfo: Wall-clock time since execution start:               0.114975 seconds
20220314 011236.571 INFO             PET1 PIOc_sync Enter - MemInfo: [/proc/meminfo - SSI]	MemTotal:       65855856 kB
20220314 011236.571 INFO             PET1 PIOc_sync Enter - MemInfo: [/proc/meminfo - SSI]	MemFree:        61331028 kB
20220314 011236.571 INFO             PET1 PIOc_sync Enter - MemInfo: [/proc/meminfo - SSI]	MemAvailable:   61103512 kB
20220314 011236.571 INFO             PET1 PIOc_sync Enter - MemInfo: [/proc/meminfo - SSI]	Committed_AS:    2833304 kB
20220314 011236.571 INFO             PET1 PIOc_sync Enter - MemInfo: [/proc/meminfo - SSI]	CommittedPercent: 4.30228 %
20220314 011236.571 INFO             PET1 PIOc_sync Enter - MemInfo: [/proc/self/status]	VmPeak:	   62720 kB
20220314 011236.571 INFO             PET1 PIOc_sync Enter - MemInfo: [/proc/self/status]	VmSize:	   62488 kB
20220314 011236.571 INFO             PET1 PIOc_sync Enter - MemInfo: [/proc/self/status]	VmLck:	       0 kB
20220314 011236.571 INFO             PET1 PIOc_sync Enter - MemInfo: [/proc/self/status]	VmPin:	       0 kB
20220314 011236.571 INFO             PET1 PIOc_sync Enter - MemInfo: [/proc/self/status]	VmHWM:	   12784 kB
20220314 011236.571 INFO             PET1 PIOc_sync Enter - MemInfo: [/proc/self/status]	VmRSS:	   12768 kB
20220314 011236.571 INFO             PET1 PIOc_sync Enter - MemInfo: [/proc/self/status]	VmData:	    9632 kB
20220314 011236.571 INFO             PET1 PIOc_sync Enter - MemInfo: [/proc/self/status]	VmStk:	     164 kB
20220314 011236.571 INFO             PET1 PIOc_sync Enter - MemInfo: [/proc/self/status]	VmExe:	   27308 kB
20220314 011236.571 INFO             PET1 PIOc_sync Enter - MemInfo: [/proc/self/status]	VmLib:	    1952 kB
20220314 011236.571 INFO             PET1 PIOc_sync Enter - MemInfo: [/proc/self/status]	VmPTE:	     128 kB
20220314 011236.571 INFO             PET1 PIOc_sync Enter - MemInfo: [/proc/self/status]	VmPMD:	      12 kB
20220314 011236.571 INFO             PET1 PIOc_sync Enter - MemInfo: [/proc/self/status]	VmSwap:	       0 kB
20220314 011236.571 INFO             PET1 PIOc_sync Enter - MemInfo: [/proc/self/status]	VmRSSPercent: 0.0193878 %
20220314 011236.571 INFO             PET1 PIOc_sync Enter - MemInfo: [malloc] Non-mmapped space allocated:                 1280320 Byte
20220314 011236.571 INFO             PET1 PIOc_sync Enter - MemInfo: [malloc] Space allocated in mmapped regions:          4243456 Byte
20220314 011236.571 INFO             PET1 PIOc_sync Enter - MemInfo: [malloc] Maximum total allocated space:                     0 Byte
20220314 011236.571 INFO             PET1 PIOc_sync Enter - MemInfo: [malloc] Space in freed fastbin blocks:                   240 Byte
20220314 011236.571 INFO             PET1 PIOc_sync Enter - MemInfo: [malloc] Total allocated space:                       1138368 Byte
20220314 011236.571 INFO             PET1 PIOc_sync Enter - MemInfo: [malloc] Total free space:                             141952 Byte
20220314 011236.571 INFO             PET1 PIOc_sync Enter - MemInfo: [malloc] Top-most, releasable space:                   129616 Byte
20220314 011236.571 INFO             PET1 PIOc_sync Enter - MemInfo: [malloc] Total space in use, mmap + non-mmap:         5381824 Byte
20220314 011236.571 INFO             PET1 PIOc_sync Enter - MemInfo: [malloc] Total space held (mmap + non-mmap):          5523776 Byte
20220314 011236.571 INFO             PET1 PIOc_sync Enter - MemInfo: [malloc] Total space used (mmap + non-mmap):          5390032 Byte
20220314 011236.571 INFO             PET1 PIOc_sync Enter - MemInfo: Wall-clock time since execution start:               0.117101 seconds
20220314 011236.571 INFO             PET1 PIOc_sync Exit - MemInfo: [/proc/meminfo - SSI]	MemTotal:       65855856 kB
20220314 011236.571 INFO             PET1 PIOc_sync Exit - MemInfo: [/proc/meminfo - SSI]	MemFree:        61331028 kB
20220314 011236.571 INFO             PET1 PIOc_sync Exit - MemInfo: [/proc/meminfo - SSI]	MemAvailable:   61103512 kB
20220314 011236.571 INFO             PET1 PIOc_sync Exit - MemInfo: [/proc/meminfo - SSI]	Committed_AS:    2833304 kB
20220314 011236.571 INFO             PET1 PIOc_sync Exit - MemInfo: [/proc/meminfo - SSI]	CommittedPercent: 4.30228 %
20220314 011236.571 INFO             PET1 PIOc_sync Exit - MemInfo: [/proc/self/status]	VmPeak:	   62720 kB
20220314 011236.571 INFO             PET1 PIOc_sync Exit - MemInfo: [/proc/self/status]	VmSize:	   62488 kB
20220314 011236.571 INFO             PET1 PIOc_sync Exit - MemInfo: [/proc/self/status]	VmLck:	       0 kB
20220314 011236.571 INFO             PET1 PIOc_sync Exit - MemInfo: [/proc/self/status]	VmPin:	       0 kB
20220314 011236.571 INFO             PET1 PIOc_sync Exit - MemInfo: [/proc/self/status]	VmHWM:	   12784 kB
20220314 011236.571 INFO             PET1 PIOc_sync Exit - MemInfo: [/proc/self/status]	VmRSS:	   12768 kB
20220314 011236.571 INFO             PET1 PIOc_sync Exit - MemInfo: [/proc/self/status]	VmData:	    9632 kB
20220314 011236.571 INFO             PET1 PIOc_sync Exit - MemInfo: [/proc/self/status]	VmStk:	     164 kB
20220314 011236.571 INFO             PET1 PIOc_sync Exit - MemInfo: [/proc/self/status]	VmExe:	   27308 kB
20220314 011236.571 INFO             PET1 PIOc_sync Exit - MemInfo: [/proc/self/status]	VmLib:	    1952 kB
20220314 011236.571 INFO             PET1 PIOc_sync Exit - MemInfo: [/proc/self/status]	VmPTE:	     128 kB
20220314 011236.571 INFO             PET1 PIOc_sync Exit - MemInfo: [/proc/self/status]	VmPMD:	      12 kB
20220314 011236.571 INFO             PET1 PIOc_sync Exit - MemInfo: [/proc/self/status]	VmSwap:	       0 kB
20220314 011236.572 INFO             PET1 PIOc_sync Exit - MemInfo: [/proc/self/status]	VmRSSPercent: 0.0193878 %
20220314 011236.572 INFO             PET1 PIOc_sync Exit - MemInfo: [malloc] Non-mmapped space allocated:                 1280320 Byte
20220314 011236.572 INFO             PET1 PIOc_sync Exit - MemInfo: [malloc] Space allocated in mmapped regions:          4243456 Byte
20220314 011236.572 INFO             PET1 PIOc_sync Exit - MemInfo: [malloc] Maximum total allocated space:                     0 Byte
20220314 011236.572 INFO             PET1 PIOc_sync Exit - MemInfo: [malloc] Space in freed fastbin blocks:                     0 Byte
20220314 011236.572 INFO             PET1 PIOc_sync Exit - MemInfo: [malloc] Total allocated space:                       1138368 Byte
20220314 011236.572 INFO             PET1 PIOc_sync Exit - MemInfo: [malloc] Total free space:                             141952 Byte
20220314 011236.572 INFO             PET1 PIOc_sync Exit - MemInfo: [malloc] Top-most, releasable space:                   129392 Byte
20220314 011236.572 INFO             PET1 PIOc_sync Exit - MemInfo: [malloc] Total space in use, mmap + non-mmap:         5381824 Byte
20220314 011236.572 INFO             PET1 PIOc_sync Exit - MemInfo: [malloc] Total space held (mmap + non-mmap):          5523776 Byte
20220314 011236.572 INFO             PET1 PIOc_sync Exit - MemInfo: [malloc] Total space used (mmap + non-mmap):          5390032 Byte
20220314 011236.572 INFO             PET1 PIOc_sync Exit - MemInfo: Wall-clock time since execution start:               0.117687 seconds
20220314 011236.572 INFO             PET1 PIOc_freedecomp Enter - MemInfo: [/proc/meminfo - SSI]	MemTotal:       65855856 kB
20220314 011236.572 INFO             PET1 PIOc_freedecomp Enter - MemInfo: [/proc/meminfo - SSI]	MemFree:        61331028 kB
20220314 011236.572 INFO             PET1 PIOc_freedecomp Enter - MemInfo: [/proc/meminfo - SSI]	MemAvailable:   61103512 kB
20220314 011236.572 INFO             PET1 PIOc_freedecomp Enter - MemInfo: [/proc/meminfo - SSI]	Committed_AS:    2833304 kB
20220314 011236.572 INFO             PET1 PIOc_freedecomp Enter - MemInfo: [/proc/meminfo - SSI]	CommittedPercent: 4.30228 %
20220314 011236.572 INFO             PET1 PIOc_freedecomp Enter - MemInfo: [/proc/self/status]	VmPeak:	   62720 kB
20220314 011236.572 INFO             PET1 PIOc_freedecomp Enter - MemInfo: [/proc/self/status]	VmSize:	   62488 kB
20220314 011236.572 INFO             PET1 PIOc_freedecomp Enter - MemInfo: [/proc/self/status]	VmLck:	       0 kB
20220314 011236.572 INFO             PET1 PIOc_freedecomp Enter - MemInfo: [/proc/self/status]	VmPin:	       0 kB
20220314 011236.572 INFO             PET1 PIOc_freedecomp Enter - MemInfo: [/proc/self/status]	VmHWM:	   12784 kB
20220314 011236.572 INFO             PET1 PIOc_freedecomp Enter - MemInfo: [/proc/self/status]	VmRSS:	   12768 kB
20220314 011236.572 INFO             PET1 PIOc_freedecomp Enter - MemInfo: [/proc/self/status]	VmData:	    9632 kB
20220314 011236.572 INFO             PET1 PIOc_freedecomp Enter - MemInfo: [/proc/self/status]	VmStk:	     164 kB
20220314 011236.572 INFO             PET1 PIOc_freedecomp Enter - MemInfo: [/proc/self/status]	VmExe:	   27308 kB
20220314 011236.572 INFO             PET1 PIOc_freedecomp Enter - MemInfo: [/proc/self/status]	VmLib:	    1952 kB
20220314 011236.572 INFO             PET1 PIOc_freedecomp Enter - MemInfo: [/proc/self/status]	VmPTE:	     128 kB
20220314 011236.572 INFO             PET1 PIOc_freedecomp Enter - MemInfo: [/proc/self/status]	VmPMD:	      12 kB
20220314 011236.572 INFO             PET1 PIOc_freedecomp Enter - MemInfo: [/proc/self/status]	VmSwap:	       0 kB
20220314 011236.572 INFO             PET1 PIOc_freedecomp Enter - MemInfo: [/proc/self/status]	VmRSSPercent: 0.0193878 %
20220314 011236.572 INFO             PET1 PIOc_freedecomp Enter - MemInfo: [malloc] Non-mmapped space allocated:                 1280320 Byte
20220314 011236.572 INFO             PET1 PIOc_freedecomp Enter - MemInfo: [malloc] Space allocated in mmapped regions:          4243456 Byte
20220314 011236.572 INFO             PET1 PIOc_freedecomp Enter - MemInfo: [malloc] Maximum total allocated space:                     0 Byte
20220314 011236.572 INFO             PET1 PIOc_freedecomp Enter - MemInfo: [malloc] Space in freed fastbin blocks:                    80 Byte
20220314 011236.572 INFO             PET1 PIOc_freedecomp Enter - MemInfo: [malloc] Total allocated space:                       1136656 Byte
20220314 011236.572 INFO             PET1 PIOc_freedecomp Enter - MemInfo: [malloc] Total free space:                             143664 Byte
20220314 011236.572 INFO             PET1 PIOc_freedecomp Enter - MemInfo: [malloc] Top-most, releasable space:                   129168 Byte
20220314 011236.572 INFO             PET1 PIOc_freedecomp Enter - MemInfo: [malloc] Total space in use, mmap + non-mmap:         5380112 Byte
20220314 011236.572 INFO             PET1 PIOc_freedecomp Enter - MemInfo: [malloc] Total space held (mmap + non-mmap):          5523776 Byte
20220314 011236.572 INFO             PET1 PIOc_freedecomp Enter - MemInfo: [malloc] Total space used (mmap + non-mmap):          5388320 Byte
20220314 011236.572 INFO             PET1 PIOc_freedecomp Enter - MemInfo: Wall-clock time since execution start:               0.118282 seconds
20220314 011236.572 INFO             PET1 PIOc_freedecomp Exit - MemInfo: [/proc/meminfo - SSI]	MemTotal:       65855856 kB
20220314 011236.572 INFO             PET1 PIOc_freedecomp Exit - MemInfo: [/proc/meminfo - SSI]	MemFree:        61331028 kB
20220314 011236.572 INFO             PET1 PIOc_freedecomp Exit - MemInfo: [/proc/meminfo - SSI]	MemAvailable:   61103512 kB
20220314 011236.572 INFO             PET1 PIOc_freedecomp Exit - MemInfo: [/proc/meminfo - SSI]	Committed_AS:    2833304 kB
20220314 011236.572 INFO             PET1 PIOc_freedecomp Exit - MemInfo: [/proc/meminfo - SSI]	CommittedPercent: 4.30228 %
20220314 011236.572 INFO             PET1 PIOc_freedecomp Exit - MemInfo: [/proc/self/status]	VmPeak:	   62720 kB
20220314 011236.572 INFO             PET1 PIOc_freedecomp Exit - MemInfo: [/proc/self/status]	VmSize:	   62488 kB
20220314 011236.572 INFO             PET1 PIOc_freedecomp Exit - MemInfo: [/proc/self/status]	VmLck:	       0 kB
20220314 011236.572 INFO             PET1 PIOc_freedecomp Exit - MemInfo: [/proc/self/status]	VmPin:	       0 kB
20220314 011236.572 INFO             PET1 PIOc_freedecomp Exit - MemInfo: [/proc/self/status]	VmHWM:	   12784 kB
20220314 011236.572 INFO             PET1 PIOc_freedecomp Exit - MemInfo: [/proc/self/status]	VmRSS:	   12768 kB
20220314 011236.572 INFO             PET1 PIOc_freedecomp Exit - MemInfo: [/proc/self/status]	VmData:	    9632 kB
20220314 011236.572 INFO             PET1 PIOc_freedecomp Exit - MemInfo: [/proc/self/status]	VmStk:	     164 kB
20220314 011236.572 INFO             PET1 PIOc_freedecomp Exit - MemInfo: [/proc/self/status]	VmExe:	   27308 kB
20220314 011236.572 INFO             PET1 PIOc_freedecomp Exit - MemInfo: [/proc/self/status]	VmLib:	    1952 kB
20220314 011236.572 INFO             PET1 PIOc_freedecomp Exit - MemInfo: [/proc/self/status]	VmPTE:	     128 kB
20220314 011236.572 INFO             PET1 PIOc_freedecomp Exit - MemInfo: [/proc/self/status]	VmPMD:	      12 kB
20220314 011236.572 INFO             PET1 PIOc_freedecomp Exit - MemInfo: [/proc/self/status]	VmSwap:	       0 kB
20220314 011236.573 INFO             PET1 PIOc_freedecomp Exit - MemInfo: [/proc/self/status]	VmRSSPercent: 0.0193878 %
20220314 011236.573 INFO             PET1 PIOc_freedecomp Exit - MemInfo: [malloc] Non-mmapped space allocated:                 1280320 Byte
20220314 011236.573 INFO             PET1 PIOc_freedecomp Exit - MemInfo: [malloc] Space allocated in mmapped regions:          4243456 Byte
20220314 011236.573 INFO             PET1 PIOc_freedecomp Exit - MemInfo: [malloc] Maximum total allocated space:                     0 Byte
20220314 011236.573 INFO             PET1 PIOc_freedecomp Exit - MemInfo: [malloc] Space in freed fastbin blocks:                   512 Byte
20220314 011236.573 INFO             PET1 PIOc_freedecomp Exit - MemInfo: [malloc] Total allocated space:                       1134256 Byte
20220314 011236.573 INFO             PET1 PIOc_freedecomp Exit - MemInfo: [malloc] Total free space:                             146064 Byte
20220314 011236.573 INFO             PET1 PIOc_freedecomp Exit - MemInfo: [malloc] Top-most, releasable space:                   128944 Byte
20220314 011236.573 INFO             PET1 PIOc_freedecomp Exit - MemInfo: [malloc] Total space in use, mmap + non-mmap:         5377712 Byte
20220314 011236.573 INFO             PET1 PIOc_freedecomp Exit - MemInfo: [malloc] Total space held (mmap + non-mmap):          5523776 Byte
20220314 011236.573 INFO             PET1 PIOc_freedecomp Exit - MemInfo: [malloc] Total space used (mmap + non-mmap):          5385920 Byte
20220314 011236.573 INFO             PET1 PIOc_freedecomp Exit - MemInfo: Wall-clock time since execution start:               0.118677 seconds
20220314 011236.573 INFO             PET1 PASS ESMC_FieldRegridStoreFile test, ESMC_FieldSMMFromFileUTest.C, line 199
20220314 011236.580 INFO             PET1 PASS ESMC_FieldSMMStore from File test, ESMC_FieldSMMFromFileUTest.C, line 229
20220314 011236.580 INFO             PET1 PASS ESMC_FieldSMMStore From File validation, ESMC_FieldSMMFromFileUTest.C, line 257
20220314 011236.580 INFO             PET1 PASS ESMC_FieldRegridRelease, ESMC_FieldSMMFromFileUTest.C, line 271
20220314 011236.580 INFO             PET1 Ending Test, file ESMC_FieldSMMFromFileUTest.C, line 289
20220314 011236.580 INFO             PET1 Finalizing ESMF
20220314 011236.464 INFO             PET2 !!!!!!!!!!!!!!!!!!!!!!!!!!!!!!!!!!!!!!!!!!!!!!!!!!!!!!
20220314 011236.464 INFO             PET2 !!! THE ESMF_LOG IS SET TO OUTPUT ALL LOG MESSAGES !!!
20220314 011236.464 INFO             PET2 !!!     THIS MAY CAUSE SLOWDOWN IN PERFORMANCE     !!!
20220314 011236.464 INFO             PET2 !!! FOR PRODUCTION RUNS, USE:                      !!!
20220314 011236.464 INFO             PET2 !!!                   ESMF_LOGKIND_Multi_On_Error  !!!
20220314 011236.464 INFO             PET2 !!!!!!!!!!!!!!!!!!!!!!!!!!!!!!!!!!!!!!!!!!!!!!!!!!!!!!
20220314 011236.464 INFO             PET2 Running with ESMF Version   : v8.3.0b09-96-g559b459836
20220314 011236.464 INFO             PET2 ESMF library build date/time: "Mar 14 2022" "00:28:19"
20220314 011236.464 INFO             PET2 ESMF library build location : /lustre/f2/dev/ncep/Mark.Potts/gfortran_8.3.0_mpi_O_jedwards_pio_update2
20220314 011236.464 INFO             PET2 ESMF_COMM                   : mpi
20220314 011236.464 INFO             PET2 ESMF_MOAB                   : enabled
20220314 011236.464 INFO             PET2 ESMF_LAPACK                 : enabled
20220314 011236.464 INFO             PET2 ESMF_NETCDF                 : enabled
20220314 011236.464 INFO             PET2 ESMF_PNETCDF                : disabled
20220314 011236.464 INFO             PET2 ESMF_PIO                    : enabled
20220314 011236.464 INFO             PET2 ESMF_YAMLCPP                : enabled
20220314 011236.464 INFO             PET2 Beginning Test, file ESMC_FieldSMMFromFileUTest.C, line 41
20220314 011236.464 INFO             PET2 Beginning Test, file ESMC_FieldSMMFromFileUTest.C, line 41NUMBER_OF_PROCESSORS 4
20220314 011236.561 INFO             PET2 PIOc_sync Enter - MemInfo: [/proc/meminfo - SSI]	MemTotal:       65855856 kB
20220314 011236.561 INFO             PET2 PIOc_sync Enter - MemInfo: [/proc/meminfo - SSI]	MemFree:        61327976 kB
20220314 011236.561 INFO             PET2 PIOc_sync Enter - MemInfo: [/proc/meminfo - SSI]	MemAvailable:   61100460 kB
20220314 011236.561 INFO             PET2 PIOc_sync Enter - MemInfo: [/proc/meminfo - SSI]	Committed_AS:    2832924 kB
20220314 011236.561 INFO             PET2 PIOc_sync Enter - MemInfo: [/proc/meminfo - SSI]	CommittedPercent: 4.3017 %
20220314 011236.561 INFO             PET2 PIOc_sync Enter - MemInfo: [/proc/self/status]	VmPeak:	   62720 kB
20220314 011236.561 INFO             PET2 PIOc_sync Enter - MemInfo: [/proc/self/status]	VmSize:	   62524 kB
20220314 011236.561 INFO             PET2 PIOc_sync Enter - MemInfo: [/proc/self/status]	VmLck:	       0 kB
20220314 011236.561 INFO             PET2 PIOc_sync Enter - MemInfo: [/proc/self/status]	VmPin:	       0 kB
20220314 011236.561 INFO             PET2 PIOc_sync Enter - MemInfo: [/proc/self/status]	VmHWM:	   12744 kB
20220314 011236.561 INFO             PET2 PIOc_sync Enter - MemInfo: [/proc/self/status]	VmRSS:	   12744 kB
20220314 011236.561 INFO             PET2 PIOc_sync Enter - MemInfo: [/proc/self/status]	VmData:	    9632 kB
20220314 011236.561 INFO             PET2 PIOc_sync Enter - MemInfo: [/proc/self/status]	VmStk:	     164 kB
20220314 011236.561 INFO             PET2 PIOc_sync Enter - MemInfo: [/proc/self/status]	VmExe:	   27308 kB
20220314 011236.561 INFO             PET2 PIOc_sync Enter - MemInfo: [/proc/self/status]	VmLib:	    1952 kB
20220314 011236.561 INFO             PET2 PIOc_sync Enter - MemInfo: [/proc/self/status]	VmPTE:	     132 kB
20220314 011236.561 INFO             PET2 PIOc_sync Enter - MemInfo: [/proc/self/status]	VmPMD:	      12 kB
20220314 011236.561 INFO             PET2 PIOc_sync Enter - MemInfo: [/proc/self/status]	VmSwap:	       0 kB
20220314 011236.561 INFO             PET2 PIOc_sync Enter - MemInfo: [/proc/self/status]	VmRSSPercent: 0.0193514 %
20220314 011236.561 INFO             PET2 PIOc_sync Enter - MemInfo: [malloc] Non-mmapped space allocated:                 1280320 Byte
20220314 011236.561 INFO             PET2 PIOc_sync Enter - MemInfo: [malloc] Space allocated in mmapped regions:          4243456 Byte
20220314 011236.561 INFO             PET2 PIOc_sync Enter - MemInfo: [malloc] Maximum total allocated space:                     0 Byte
20220314 011236.561 INFO             PET2 PIOc_sync Enter - MemInfo: [malloc] Space in freed fastbin blocks:                    48 Byte
20220314 011236.561 INFO             PET2 PIOc_sync Enter - MemInfo: [malloc] Total allocated space:                       1131872 Byte
20220314 011236.561 INFO             PET2 PIOc_sync Enter - MemInfo: [malloc] Total free space:                             148448 Byte
20220314 011236.561 INFO             PET2 PIOc_sync Enter - MemInfo: [malloc] Top-most, releasable space:                   133072 Byte
20220314 011236.561 INFO             PET2 PIOc_sync Enter - MemInfo: [malloc] Total space in use, mmap + non-mmap:         5375328 Byte
20220314 011236.561 INFO             PET2 PIOc_sync Enter - MemInfo: [malloc] Total space held (mmap + non-mmap):          5523776 Byte
20220314 011236.561 INFO             PET2 PIOc_sync Enter - MemInfo: [malloc] Total space used (mmap + non-mmap):          5384128 Byte
20220314 011236.561 INFO             PET2 PIOc_sync Enter - MemInfo: Wall-clock time since execution start:               0.107574 seconds
20220314 011236.562 INFO             PET2 PIOc_sync Exit - MemInfo: [/proc/meminfo - SSI]	MemTotal:       65855856 kB
20220314 011236.562 INFO             PET2 PIOc_sync Exit - MemInfo: [/proc/meminfo - SSI]	MemFree:        61327472 kB
20220314 011236.562 INFO             PET2 PIOc_sync Exit - MemInfo: [/proc/meminfo - SSI]	MemAvailable:   61099956 kB
20220314 011236.562 INFO             PET2 PIOc_sync Exit - MemInfo: [/proc/meminfo - SSI]	Committed_AS:    2832924 kB
20220314 011236.562 INFO             PET2 PIOc_sync Exit - MemInfo: [/proc/meminfo - SSI]	CommittedPercent: 4.3017 %
20220314 011236.562 INFO             PET2 PIOc_sync Exit - MemInfo: [/proc/self/status]	VmPeak:	   62720 kB
20220314 011236.562 INFO             PET2 PIOc_sync Exit - MemInfo: [/proc/self/status]	VmSize:	   62524 kB
20220314 011236.562 INFO             PET2 PIOc_sync Exit - MemInfo: [/proc/self/status]	VmLck:	       0 kB
20220314 011236.562 INFO             PET2 PIOc_sync Exit - MemInfo: [/proc/self/status]	VmPin:	       0 kB
20220314 011236.562 INFO             PET2 PIOc_sync Exit - MemInfo: [/proc/self/status]	VmHWM:	   12744 kB
20220314 011236.562 INFO             PET2 PIOc_sync Exit - MemInfo: [/proc/self/status]	VmRSS:	   12744 kB
20220314 011236.562 INFO             PET2 PIOc_sync Exit - MemInfo: [/proc/self/status]	VmData:	    9632 kB
