build time -- 2022-03-11 23:27:24
20220312 000759.080 INFO             PET0 !!!!!!!!!!!!!!!!!!!!!!!!!!!!!!!!!!!!!!!!!!!!!!!!!!!!!!
20220312 000759.080 INFO             PET0 !!! THE ESMF_LOG IS SET TO OUTPUT ALL LOG MESSAGES !!!
20220312 000759.080 INFO             PET0 !!!     THIS MAY CAUSE SLOWDOWN IN PERFORMANCE     !!!
20220312 000759.080 INFO             PET0 !!! FOR PRODUCTION RUNS, USE:                      !!!
20220312 000759.080 INFO             PET0 !!!                   ESMF_LOGKIND_Multi_On_Error  !!!
20220312 000759.080 INFO             PET0 !!!!!!!!!!!!!!!!!!!!!!!!!!!!!!!!!!!!!!!!!!!!!!!!!!!!!!
20220312 000759.080 INFO             PET0 Running with ESMF Version   : v8.3.0b09-96-g559b459836
20220312 000759.081 INFO             PET0 ESMF library build date/time: "Mar 11 2022" "23:25:51"
20220312 000759.081 INFO             PET0 ESMF library build location : /lustre/f2/dev/ncep/Mark.Potts/gfortran_8.3.0_mpi_O_jedwards_pio_update2
20220312 000759.081 INFO             PET0 ESMF_COMM                   : mpi
20220312 000759.081 INFO             PET0 ESMF_MOAB                   : enabled
20220312 000759.081 INFO             PET0 ESMF_LAPACK                 : enabled
20220312 000759.081 INFO             PET0 ESMF_NETCDF                 : enabled
20220312 000759.081 INFO             PET0 ESMF_PNETCDF                : disabled
20220312 000759.081 INFO             PET0 ESMF_PIO                    : enabled
20220312 000759.081 INFO             PET0 ESMF_YAMLCPP                : enabled
20220312 000759.083 INFO             PET0 Beginning Test, file ESMC_FieldSMMFromFileUTest.C, line 41
20220312 000759.083 INFO             PET0 Beginning Test, file ESMC_FieldSMMFromFileUTest.C, line 41NUMBER_OF_PROCESSORS 4
20220312 000759.215 INFO             PET0 PIOc_sync Enter - MemInfo: [/proc/meminfo - SSI]	MemTotal:       65855856 kB
20220312 000759.215 INFO             PET0 PIOc_sync Enter - MemInfo: [/proc/meminfo - SSI]	MemFree:        61149136 kB
20220312 000759.215 INFO             PET0 PIOc_sync Enter - MemInfo: [/proc/meminfo - SSI]	MemAvailable:   60916600 kB
20220312 000759.215 INFO             PET0 PIOc_sync Enter - MemInfo: [/proc/meminfo - SSI]	Committed_AS:    2933492 kB
20220312 000759.215 INFO             PET0 PIOc_sync Enter - MemInfo: [/proc/meminfo - SSI]	CommittedPercent: 4.45441 %
20220312 000759.215 INFO             PET0 PIOc_sync Enter - MemInfo: [/proc/self/status]	VmPeak:	   71428 kB
20220312 000759.215 INFO             PET0 PIOc_sync Enter - MemInfo: [/proc/self/status]	VmSize:	   71428 kB
20220312 000759.215 INFO             PET0 PIOc_sync Enter - MemInfo: [/proc/self/status]	VmLck:	       0 kB
20220312 000759.215 INFO             PET0 PIOc_sync Enter - MemInfo: [/proc/self/status]	VmPin:	       0 kB
20220312 000759.215 INFO             PET0 PIOc_sync Enter - MemInfo: [/proc/self/status]	VmHWM:	   22320 kB
20220312 000759.215 INFO             PET0 PIOc_sync Enter - MemInfo: [/proc/self/status]	VmRSS:	   22320 kB
20220312 000759.215 INFO             PET0 PIOc_sync Enter - MemInfo: [/proc/self/status]	VmData:	   18536 kB
20220312 000759.215 INFO             PET0 PIOc_sync Enter - MemInfo: [/proc/self/status]	VmStk:	     164 kB
20220312 000759.215 INFO             PET0 PIOc_sync Enter - MemInfo: [/proc/self/status]	VmExe:	   27308 kB
20220312 000759.215 INFO             PET0 PIOc_sync Enter - MemInfo: [/proc/self/status]	VmLib:	    1952 kB
20220312 000759.215 INFO             PET0 PIOc_sync Enter - MemInfo: [/proc/self/status]	VmPTE:	     144 kB
20220312 000759.215 INFO             PET0 PIOc_sync Enter - MemInfo: [/proc/self/status]	VmPMD:	      12 kB
20220312 000759.215 INFO             PET0 PIOc_sync Enter - MemInfo: [/proc/self/status]	VmSwap:	       0 kB
20220312 000759.215 INFO             PET0 PIOc_sync Enter - MemInfo: [/proc/self/status]	VmRSSPercent: 0.0338922 %
20220312 000759.215 INFO             PET0 PIOc_sync Enter - MemInfo: [malloc] Non-mmapped space allocated:                 1476928 Byte
20220312 000759.215 INFO             PET0 PIOc_sync Enter - MemInfo: [malloc] Space allocated in mmapped regions:         13164544 Byte
20220312 000759.215 INFO             PET0 PIOc_sync Enter - MemInfo: [malloc] Maximum total allocated space:                     0 Byte
20220312 000759.216 INFO             PET0 PIOc_sync Enter - MemInfo: [malloc] Space in freed fastbin blocks:                     0 Byte
20220312 000759.216 INFO             PET0 PIOc_sync Enter - MemInfo: [malloc] Total allocated space:                       1318096 Byte
20220312 000759.216 INFO             PET0 PIOc_sync Enter - MemInfo: [malloc] Total free space:                             158832 Byte
20220312 000759.216 INFO             PET0 PIOc_sync Enter - MemInfo: [malloc] Top-most, releasable space:                   133056 Byte
20220312 000759.216 INFO             PET0 PIOc_sync Enter - MemInfo: [malloc] Total space in use, mmap + non-mmap:        14482640 Byte
20220312 000759.216 INFO             PET0 PIOc_sync Enter - MemInfo: [malloc] Total space held (mmap + non-mmap):         14641472 Byte
20220312 000759.216 INFO             PET0 PIOc_sync Enter - MemInfo: [malloc] Total space used (mmap + non-mmap):         14491440 Byte
20220312 000759.216 INFO             PET0 PIOc_sync Enter - MemInfo: Wall-clock time since execution start:               0.143786 seconds
20220312 000759.216 INFO             PET0 PIOc_sync Exit - MemInfo: [/proc/meminfo - SSI]	MemTotal:       65855856 kB
20220312 000759.216 INFO             PET0 PIOc_sync Exit - MemInfo: [/proc/meminfo - SSI]	MemFree:        61148632 kB
20220312 000759.216 INFO             PET0 PIOc_sync Exit - MemInfo: [/proc/meminfo - SSI]	MemAvailable:   60916096 kB
20220312 000759.216 INFO             PET0 PIOc_sync Exit - MemInfo: [/proc/meminfo - SSI]	Committed_AS:    2933492 kB
20220312 000759.216 INFO             PET0 PIOc_sync Exit - MemInfo: [/proc/meminfo - SSI]	CommittedPercent: 4.45441 %
20220312 000759.216 INFO             PET0 PIOc_sync Exit - MemInfo: [/proc/self/status]	VmPeak:	   71752 kB
20220312 000759.216 INFO             PET0 PIOc_sync Exit - MemInfo: [/proc/self/status]	VmSize:	   71752 kB
20220312 000759.216 INFO             PET0 PIOc_sync Exit - MemInfo: [/proc/self/status]	VmLck:	       0 kB
20220312 000759.216 INFO             PET0 PIOc_sync Exit - MemInfo: [/proc/self/status]	VmPin:	       0 kB
20220312 000759.216 INFO             PET0 PIOc_sync Exit - MemInfo: [/proc/self/status]	VmHWM:	   22836 kB
20220312 000759.216 INFO             PET0 PIOc_sync Exit - MemInfo: [/proc/self/status]	VmRSS:	   22836 kB
20220312 000759.216 INFO             PET0 PIOc_sync Exit - MemInfo: [/proc/self/status]	VmData:	   18860 kB
20220312 000759.216 INFO             PET0 PIOc_sync Exit - MemInfo: [/proc/self/status]	VmStk:	     164 kB
20220312 000759.216 INFO             PET0 PIOc_sync Exit - MemInfo: [/proc/self/status]	VmExe:	   27308 kB
20220312 000759.216 INFO             PET0 PIOc_sync Exit - MemInfo: [/proc/self/status]	VmLib:	    1952 kB
20220312 000759.216 INFO             PET0 PIOc_sync Exit - MemInfo: [/proc/self/status]	VmPTE:	     144 kB
20220312 000759.216 INFO             PET0 PIOc_sync Exit - MemInfo: [/proc/self/status]	VmPMD:	      12 kB
20220312 000759.216 INFO             PET0 PIOc_sync Exit - MemInfo: [/proc/self/status]	VmSwap:	       0 kB
20220312 000759.216 INFO             PET0 PIOc_sync Exit - MemInfo: [/proc/self/status]	VmRSSPercent: 0.0346757 %
20220312 000759.216 INFO             PET0 PIOc_sync Exit - MemInfo: [malloc] Non-mmapped space allocated:                 1476928 Byte
20220312 000759.216 INFO             PET0 PIOc_sync Exit - MemInfo: [malloc] Space allocated in mmapped regions:         13496320 Byte
20220312 000759.216 INFO             PET0 PIOc_sync Exit - MemInfo: [malloc] Maximum total allocated space:                     0 Byte
20220312 000759.216 INFO             PET0 PIOc_sync Exit - MemInfo: [malloc] Space in freed fastbin blocks:                     0 Byte
20220312 000759.216 INFO             PET0 PIOc_sync Exit - MemInfo: [malloc] Total allocated space:                       1386224 Byte
20220312 000759.216 INFO             PET0 PIOc_sync Exit - MemInfo: [malloc] Total free space:                              90704 Byte
20220312 000759.217 INFO             PET0 PIOc_sync Exit - MemInfo: [malloc] Top-most, releasable space:                    67504 Byte
20220312 000759.217 INFO             PET0 PIOc_sync Exit - MemInfo: [malloc] Total space in use, mmap + non-mmap:        14882544 Byte
20220312 000759.217 INFO             PET0 PIOc_sync Exit - MemInfo: [malloc] Total space held (mmap + non-mmap):         14973248 Byte
20220312 000759.217 INFO             PET0 PIOc_sync Exit - MemInfo: [malloc] Total space used (mmap + non-mmap):         14891344 Byte
20220312 000759.217 INFO             PET0 PIOc_sync Exit - MemInfo: Wall-clock time since execution start:               0.144621 seconds
20220312 000759.217 INFO             PET0 PIOc_freedecomp Enter - MemInfo: [/proc/meminfo - SSI]	MemTotal:       65855856 kB
20220312 000759.217 INFO             PET0 PIOc_freedecomp Enter - MemInfo: [/proc/meminfo - SSI]	MemFree:        61155688 kB
20220312 000759.217 INFO             PET0 PIOc_freedecomp Enter - MemInfo: [/proc/meminfo - SSI]	MemAvailable:   60923152 kB
20220312 000759.217 INFO             PET0 PIOc_freedecomp Enter - MemInfo: [/proc/meminfo - SSI]	Committed_AS:    2925624 kB
20220312 000759.217 INFO             PET0 PIOc_freedecomp Enter - MemInfo: [/proc/meminfo - SSI]	CommittedPercent: 4.44247 %
20220312 000759.217 INFO             PET0 PIOc_freedecomp Enter - MemInfo: [/proc/self/status]	VmPeak:	   71752 kB
20220312 000759.217 INFO             PET0 PIOc_freedecomp Enter - MemInfo: [/proc/self/status]	VmSize:	   63040 kB
20220312 000759.217 INFO             PET0 PIOc_freedecomp Enter - MemInfo: [/proc/self/status]	VmLck:	       0 kB
20220312 000759.217 INFO             PET0 PIOc_freedecomp Enter - MemInfo: [/proc/self/status]	VmPin:	       0 kB
20220312 000759.217 INFO             PET0 PIOc_freedecomp Enter - MemInfo: [/proc/self/status]	VmHWM:	   22836 kB
20220312 000759.217 INFO             PET0 PIOc_freedecomp Enter - MemInfo: [/proc/self/status]	VmRSS:	   14644 kB
20220312 000759.217 INFO             PET0 PIOc_freedecomp Enter - MemInfo: [/proc/self/status]	VmData:	   10148 kB
20220312 000759.217 INFO             PET0 PIOc_freedecomp Enter - MemInfo: [/proc/self/status]	VmStk:	     164 kB
20220312 000759.217 INFO             PET0 PIOc_freedecomp Enter - MemInfo: [/proc/self/status]	VmExe:	   27308 kB
20220312 000759.217 INFO             PET0 PIOc_freedecomp Enter - MemInfo: [/proc/self/status]	VmLib:	    1952 kB
20220312 000759.217 INFO             PET0 PIOc_freedecomp Enter - MemInfo: [/proc/self/status]	VmPTE:	     128 kB
20220312 000759.217 INFO             PET0 PIOc_freedecomp Enter - MemInfo: [/proc/self/status]	VmPMD:	      12 kB
20220312 000759.217 INFO             PET0 PIOc_freedecomp Enter - MemInfo: [/proc/self/status]	VmSwap:	       0 kB
20220312 000759.217 INFO             PET0 PIOc_freedecomp Enter - MemInfo: [/proc/self/status]	VmRSSPercent: 0.0222364 %
20220312 000759.217 INFO             PET0 PIOc_freedecomp Enter - MemInfo: [malloc] Non-mmapped space allocated:                 1476928 Byte
20220312 000759.217 INFO             PET0 PIOc_freedecomp Enter - MemInfo: [malloc] Space allocated in mmapped regions:          4575232 Byte
20220312 000759.217 INFO             PET0 PIOc_freedecomp Enter - MemInfo: [malloc] Maximum total allocated space:                     0 Byte
20220312 000759.217 INFO             PET0 PIOc_freedecomp Enter - MemInfo: [malloc] Space in freed fastbin blocks:                   368 Byte
20220312 000759.217 INFO             PET0 PIOc_freedecomp Enter - MemInfo: [malloc] Total allocated space:                       1376208 Byte
20220312 000759.217 INFO             PET0 PIOc_freedecomp Enter - MemInfo: [malloc] Total free space:                             100720 Byte
20220312 000759.217 INFO             PET0 PIOc_freedecomp Enter - MemInfo: [malloc] Top-most, releasable space:                    67504 Byte
20220312 000759.217 INFO             PET0 PIOc_freedecomp Enter - MemInfo: [malloc] Total space in use, mmap + non-mmap:         5951440 Byte
20220312 000759.217 INFO             PET0 PIOc_freedecomp Enter - MemInfo: [malloc] Total space held (mmap + non-mmap):          6052160 Byte
20220312 000759.217 INFO             PET0 PIOc_freedecomp Enter - MemInfo: [malloc] Total space used (mmap + non-mmap):          5959984 Byte
20220312 000759.218 INFO             PET0 PIOc_freedecomp Enter - MemInfo: Wall-clock time since execution start:                0.14555 seconds
20220312 000759.218 INFO             PET0 PIOc_freedecomp Exit - MemInfo: [/proc/meminfo - SSI]	MemTotal:       65855856 kB
20220312 000759.218 INFO             PET0 PIOc_freedecomp Exit - MemInfo: [/proc/meminfo - SSI]	MemFree:        61155688 kB
20220312 000759.218 INFO             PET0 PIOc_freedecomp Exit - MemInfo: [/proc/meminfo - SSI]	MemAvailable:   60923152 kB
20220312 000759.218 INFO             PET0 PIOc_freedecomp Exit - MemInfo: [/proc/meminfo - SSI]	Committed_AS:    2925624 kB
20220312 000759.218 INFO             PET0 PIOc_freedecomp Exit - MemInfo: [/proc/meminfo - SSI]	CommittedPercent: 4.44247 %
20220312 000759.218 INFO             PET0 PIOc_freedecomp Exit - MemInfo: [/proc/self/status]	VmPeak:	   71752 kB
20220312 000759.218 INFO             PET0 PIOc_freedecomp Exit - MemInfo: [/proc/self/status]	VmSize:	   63040 kB
20220312 000759.218 INFO             PET0 PIOc_freedecomp Exit - MemInfo: [/proc/self/status]	VmLck:	       0 kB
20220312 000759.218 INFO             PET0 PIOc_freedecomp Exit - MemInfo: [/proc/self/status]	VmPin:	       0 kB
20220312 000759.218 INFO             PET0 PIOc_freedecomp Exit - MemInfo: [/proc/self/status]	VmHWM:	   22836 kB
20220312 000759.218 INFO             PET0 PIOc_freedecomp Exit - MemInfo: [/proc/self/status]	VmRSS:	   14644 kB
20220312 000759.218 INFO             PET0 PIOc_freedecomp Exit - MemInfo: [/proc/self/status]	VmData:	   10148 kB
20220312 000759.218 INFO             PET0 PIOc_freedecomp Exit - MemInfo: [/proc/self/status]	VmStk:	     164 kB
20220312 000759.218 INFO             PET0 PIOc_freedecomp Exit - MemInfo: [/proc/self/status]	VmExe:	   27308 kB
20220312 000759.218 INFO             PET0 PIOc_freedecomp Exit - MemInfo: [/proc/self/status]	VmLib:	    1952 kB
20220312 000759.218 INFO             PET0 PIOc_freedecomp Exit - MemInfo: [/proc/self/status]	VmPTE:	     128 kB
20220312 000759.218 INFO             PET0 PIOc_freedecomp Exit - MemInfo: [/proc/self/status]	VmPMD:	      12 kB
20220312 000759.218 INFO             PET0 PIOc_freedecomp Exit - MemInfo: [/proc/self/status]	VmSwap:	       0 kB
20220312 000759.218 INFO             PET0 PIOc_freedecomp Exit - MemInfo: [/proc/self/status]	VmRSSPercent: 0.0222364 %
20220312 000759.218 INFO             PET0 PIOc_freedecomp Exit - MemInfo: [malloc] Non-mmapped space allocated:                 1476928 Byte
20220312 000759.218 INFO             PET0 PIOc_freedecomp Exit - MemInfo: [malloc] Space allocated in mmapped regions:          4575232 Byte
20220312 000759.218 INFO             PET0 PIOc_freedecomp Exit - MemInfo: [malloc] Maximum total allocated space:                     0 Byte
20220312 000759.218 INFO             PET0 PIOc_freedecomp Exit - MemInfo: [malloc] Space in freed fastbin blocks:                  1104 Byte
20220312 000759.218 INFO             PET0 PIOc_freedecomp Exit - MemInfo: [malloc] Total allocated space:                       1372016 Byte
20220312 000759.218 INFO             PET0 PIOc_freedecomp Exit - MemInfo: [malloc] Total free space:                             104912 Byte
20220312 000759.218 INFO             PET0 PIOc_freedecomp Exit - MemInfo: [malloc] Top-most, releasable space:                    67504 Byte
20220312 000759.218 INFO             PET0 PIOc_freedecomp Exit - MemInfo: [malloc] Total space in use, mmap + non-mmap:         5947248 Byte
20220312 000759.218 INFO             PET0 PIOc_freedecomp Exit - MemInfo: [malloc] Total space held (mmap + non-mmap):          6052160 Byte
20220312 000759.218 INFO             PET0 PIOc_freedecomp Exit - MemInfo: [malloc] Total space used (mmap + non-mmap):          5956016 Byte
20220312 000759.218 INFO             PET0 PIOc_freedecomp Exit - MemInfo: Wall-clock time since execution start:               0.145989 seconds
20220312 000759.221 INFO             PET0 PIOc_sync Enter - MemInfo: [/proc/meminfo - SSI]	MemTotal:       65855856 kB
20220312 000759.221 INFO             PET0 PIOc_sync Enter - MemInfo: [/proc/meminfo - SSI]	MemFree:        61152664 kB
20220312 000759.221 INFO             PET0 PIOc_sync Enter - MemInfo: [/proc/meminfo - SSI]	MemAvailable:   60920128 kB
20220312 000759.221 INFO             PET0 PIOc_sync Enter - MemInfo: [/proc/meminfo - SSI]	Committed_AS:    2933876 kB
20220312 000759.221 INFO             PET0 PIOc_sync Enter - MemInfo: [/proc/meminfo - SSI]	CommittedPercent: 4.455 %
20220312 000759.221 INFO             PET0 PIOc_sync Enter - MemInfo: [/proc/self/status]	VmPeak:	   71772 kB
20220312 000759.221 INFO             PET0 PIOc_sync Enter - MemInfo: [/proc/self/status]	VmSize:	   71772 kB
20220312 000759.221 INFO             PET0 PIOc_sync Enter - MemInfo: [/proc/self/status]	VmLck:	       0 kB
20220312 000759.221 INFO             PET0 PIOc_sync Enter - MemInfo: [/proc/self/status]	VmPin:	       0 kB
20220312 000759.221 INFO             PET0 PIOc_sync Enter - MemInfo: [/proc/self/status]	VmHWM:	   22836 kB
20220312 000759.221 INFO             PET0 PIOc_sync Enter - MemInfo: [/proc/self/status]	VmRSS:	   18572 kB
20220312 000759.221 INFO             PET0 PIOc_sync Enter - MemInfo: [/proc/self/status]	VmData:	   18916 kB
20220312 000759.221 INFO             PET0 PIOc_sync Enter - MemInfo: [/proc/self/status]	VmStk:	     164 kB
20220312 000759.221 INFO             PET0 PIOc_sync Enter - MemInfo: [/proc/self/status]	VmExe:	   27308 kB
20220312 000759.221 INFO             PET0 PIOc_sync Enter - MemInfo: [/proc/self/status]	VmLib:	    1952 kB
20220312 000759.221 INFO             PET0 PIOc_sync Enter - MemInfo: [/proc/self/status]	VmPTE:	     140 kB
20220312 000759.221 INFO             PET0 PIOc_sync Enter - MemInfo: [/proc/self/status]	VmPMD:	      12 kB
20220312 000759.221 INFO             PET0 PIOc_sync Enter - MemInfo: [/proc/self/status]	VmSwap:	       0 kB
20220312 000759.221 INFO             PET0 PIOc_sync Enter - MemInfo: [/proc/self/status]	VmRSSPercent: 0.028201 %
20220312 000759.221 INFO             PET0 PIOc_sync Enter - MemInfo: [malloc] Non-mmapped space allocated:                10455360 Byte
20220312 000759.221 INFO             PET0 PIOc_sync Enter - MemInfo: [malloc] Space allocated in mmapped regions:          4575232 Byte
20220312 000759.221 INFO             PET0 PIOc_sync Enter - MemInfo: [malloc] Maximum total allocated space:                     0 Byte
20220312 000759.221 INFO             PET0 PIOc_sync Enter - MemInfo: [malloc] Space in freed fastbin blocks:                   160 Byte
20220312 000759.221 INFO             PET0 PIOc_sync Enter - MemInfo: [malloc] Total allocated space:                      10301216 Byte
20220312 000759.221 INFO             PET0 PIOc_sync Enter - MemInfo: [malloc] Total free space:                             154144 Byte
20220312 000759.221 INFO             PET0 PIOc_sync Enter - MemInfo: [malloc] Top-most, releasable space:                   133008 Byte
20220312 000759.221 INFO             PET0 PIOc_sync Enter - MemInfo: [malloc] Total space in use, mmap + non-mmap:        14876448 Byte
20220312 000759.221 INFO             PET0 PIOc_sync Enter - MemInfo: [malloc] Total space held (mmap + non-mmap):         15030592 Byte
20220312 000759.221 INFO             PET0 PIOc_sync Enter - MemInfo: [malloc] Total space used (mmap + non-mmap):         14885104 Byte
20220312 000759.221 INFO             PET0 PIOc_sync Enter - MemInfo: Wall-clock time since execution start:               0.149431 seconds
20220312 000759.221 INFO             PET0 PIOc_sync Exit - MemInfo: [/proc/meminfo - SSI]	MemTotal:       65855856 kB
20220312 000759.222 INFO             PET0 PIOc_sync Exit - MemInfo: [/proc/meminfo - SSI]	MemFree:        61152664 kB
20220312 000759.222 INFO             PET0 PIOc_sync Exit - MemInfo: [/proc/meminfo - SSI]	MemAvailable:   60920128 kB
20220312 000759.222 INFO             PET0 PIOc_sync Exit - MemInfo: [/proc/meminfo - SSI]	Committed_AS:    2933876 kB
20220312 000759.222 INFO             PET0 PIOc_sync Exit - MemInfo: [/proc/meminfo - SSI]	CommittedPercent: 4.455 %
20220312 000759.222 INFO             PET0 PIOc_sync Exit - MemInfo: [/proc/self/status]	VmPeak:	   71772 kB
20220312 000759.222 INFO             PET0 PIOc_sync Exit - MemInfo: [/proc/self/status]	VmSize:	   71772 kB
20220312 000759.222 INFO             PET0 PIOc_sync Exit - MemInfo: [/proc/self/status]	VmLck:	       0 kB
20220312 000759.222 INFO             PET0 PIOc_sync Exit - MemInfo: [/proc/self/status]	VmPin:	       0 kB
20220312 000759.222 INFO             PET0 PIOc_sync Exit - MemInfo: [/proc/self/status]	VmHWM:	   22836 kB
20220312 000759.222 INFO             PET0 PIOc_sync Exit - MemInfo: [/proc/self/status]	VmRSS:	   18572 kB
20220312 000759.222 INFO             PET0 PIOc_sync Exit - MemInfo: [/proc/self/status]	VmData:	   18916 kB
20220312 000759.222 INFO             PET0 PIOc_sync Exit - MemInfo: [/proc/self/status]	VmStk:	     164 kB
20220312 000759.222 INFO             PET0 PIOc_sync Exit - MemInfo: [/proc/self/status]	VmExe:	   27308 kB
20220312 000759.222 INFO             PET0 PIOc_sync Exit - MemInfo: [/proc/self/status]	VmLib:	    1952 kB
20220312 000759.222 INFO             PET0 PIOc_sync Exit - MemInfo: [/proc/self/status]	VmPTE:	     140 kB
20220312 000759.222 INFO             PET0 PIOc_sync Exit - MemInfo: [/proc/self/status]	VmPMD:	      12 kB
20220312 000759.222 INFO             PET0 PIOc_sync Exit - MemInfo: [/proc/self/status]	VmSwap:	       0 kB
20220312 000759.222 INFO             PET0 PIOc_sync Exit - MemInfo: [/proc/self/status]	VmRSSPercent: 0.028201 %
20220312 000759.222 INFO             PET0 PIOc_sync Exit - MemInfo: [malloc] Non-mmapped space allocated:                10455360 Byte
20220312 000759.222 INFO             PET0 PIOc_sync Exit - MemInfo: [malloc] Space allocated in mmapped regions:          4575232 Byte
20220312 000759.222 INFO             PET0 PIOc_sync Exit - MemInfo: [malloc] Maximum total allocated space:                     0 Byte
20220312 000759.222 INFO             PET0 PIOc_sync Exit - MemInfo: [malloc] Space in freed fastbin blocks:                     0 Byte
20220312 000759.222 INFO             PET0 PIOc_sync Exit - MemInfo: [malloc] Total allocated space:                      10302704 Byte
20220312 000759.222 INFO             PET0 PIOc_sync Exit - MemInfo: [malloc] Total free space:                             152656 Byte
20220312 000759.222 INFO             PET0 PIOc_sync Exit - MemInfo: [malloc] Top-most, releasable space:                   133008 Byte
20220312 000759.222 INFO             PET0 PIOc_sync Exit - MemInfo: [malloc] Total space in use, mmap + non-mmap:        14877936 Byte
20220312 000759.222 INFO             PET0 PIOc_sync Exit - MemInfo: [malloc] Total space held (mmap + non-mmap):         15030592 Byte
20220312 000759.222 INFO             PET0 PIOc_sync Exit - MemInfo: [malloc] Total space used (mmap + non-mmap):         14886368 Byte
20220312 000759.222 INFO             PET0 PIOc_sync Exit - MemInfo: Wall-clock time since execution start:               0.149994 seconds
20220312 000759.222 INFO             PET0 PIOc_freedecomp Enter - MemInfo: [/proc/meminfo - SSI]	MemTotal:       65855856 kB
20220312 000759.222 INFO             PET0 PIOc_freedecomp Enter - MemInfo: [/proc/meminfo - SSI]	MemFree:        61152664 kB
20220312 000759.222 INFO             PET0 PIOc_freedecomp Enter - MemInfo: [/proc/meminfo - SSI]	MemAvailable:   60920128 kB
20220312 000759.222 INFO             PET0 PIOc_freedecomp Enter - MemInfo: [/proc/meminfo - SSI]	Committed_AS:    2933876 kB
20220312 000759.222 INFO             PET0 PIOc_freedecomp Enter - MemInfo: [/proc/meminfo - SSI]	CommittedPercent: 4.455 %
20220312 000759.222 INFO             PET0 PIOc_freedecomp Enter - MemInfo: [/proc/self/status]	VmPeak:	   71772 kB
20220312 000759.222 INFO             PET0 PIOc_freedecomp Enter - MemInfo: [/proc/self/status]	VmSize:	   71772 kB
20220312 000759.222 INFO             PET0 PIOc_freedecomp Enter - MemInfo: [/proc/self/status]	VmLck:	       0 kB
20220312 000759.222 INFO             PET0 PIOc_freedecomp Enter - MemInfo: [/proc/self/status]	VmPin:	       0 kB
20220312 000759.222 INFO             PET0 PIOc_freedecomp Enter - MemInfo: [/proc/self/status]	VmHWM:	   22836 kB
20220312 000759.222 INFO             PET0 PIOc_freedecomp Enter - MemInfo: [/proc/self/status]	VmRSS:	   18572 kB
20220312 000759.222 INFO             PET0 PIOc_freedecomp Enter - MemInfo: [/proc/self/status]	VmData:	   18916 kB
20220312 000759.222 INFO             PET0 PIOc_freedecomp Enter - MemInfo: [/proc/self/status]	VmStk:	     164 kB
20220312 000759.222 INFO             PET0 PIOc_freedecomp Enter - MemInfo: [/proc/self/status]	VmExe:	   27308 kB
20220312 000759.222 INFO             PET0 PIOc_freedecomp Enter - MemInfo: [/proc/self/status]	VmLib:	    1952 kB
20220312 000759.222 INFO             PET0 PIOc_freedecomp Enter - MemInfo: [/proc/self/status]	VmPTE:	     140 kB
20220312 000759.222 INFO             PET0 PIOc_freedecomp Enter - MemInfo: [/proc/self/status]	VmPMD:	      12 kB
20220312 000759.222 INFO             PET0 PIOc_freedecomp Enter - MemInfo: [/proc/self/status]	VmSwap:	       0 kB
20220312 000759.223 INFO             PET0 PIOc_freedecomp Enter - MemInfo: [/proc/self/status]	VmRSSPercent: 0.028201 %
20220312 000759.223 INFO             PET0 PIOc_freedecomp Enter - MemInfo: [malloc] Non-mmapped space allocated:                10455360 Byte
20220312 000759.223 INFO             PET0 PIOc_freedecomp Enter - MemInfo: [malloc] Space allocated in mmapped regions:          4575232 Byte
20220312 000759.223 INFO             PET0 PIOc_freedecomp Enter - MemInfo: [malloc] Maximum total allocated space:                     0 Byte
20220312 000759.223 INFO             PET0 PIOc_freedecomp Enter - MemInfo: [malloc] Space in freed fastbin blocks:                   208 Byte
20220312 000759.223 INFO             PET0 PIOc_freedecomp Enter - MemInfo: [malloc] Total allocated space:                       1378272 Byte
20220312 000759.223 INFO             PET0 PIOc_freedecomp Enter - MemInfo: [malloc] Total free space:                            9077088 Byte
20220312 000759.223 INFO             PET0 PIOc_freedecomp Enter - MemInfo: [malloc] Top-most, releasable space:                  9045936 Byte
20220312 000759.223 INFO             PET0 PIOc_freedecomp Enter - MemInfo: [malloc] Total space in use, mmap + non-mmap:         5953504 Byte
20220312 000759.223 INFO             PET0 PIOc_freedecomp Enter - MemInfo: [malloc] Total space held (mmap + non-mmap):         15030592 Byte
20220312 000759.223 INFO             PET0 PIOc_freedecomp Enter - MemInfo: [malloc] Total space used (mmap + non-mmap):          5961712 Byte
20220312 000759.223 INFO             PET0 PIOc_freedecomp Enter - MemInfo: Wall-clock time since execution start:               0.150697 seconds
20220312 000759.223 INFO             PET0 PIOc_freedecomp Exit - MemInfo: [/proc/meminfo - SSI]	MemTotal:       65855856 kB
20220312 000759.223 INFO             PET0 PIOc_freedecomp Exit - MemInfo: [/proc/meminfo - SSI]	MemFree:        61152664 kB
20220312 000759.223 INFO             PET0 PIOc_freedecomp Exit - MemInfo: [/proc/meminfo - SSI]	MemAvailable:   60920128 kB
20220312 000759.223 INFO             PET0 PIOc_freedecomp Exit - MemInfo: [/proc/meminfo - SSI]	Committed_AS:    2933876 kB
20220312 000759.223 INFO             PET0 PIOc_freedecomp Exit - MemInfo: [/proc/meminfo - SSI]	CommittedPercent: 4.455 %
20220312 000759.223 INFO             PET0 PIOc_freedecomp Exit - MemInfo: [/proc/self/status]	VmPeak:	   71772 kB
20220312 000759.223 INFO             PET0 PIOc_freedecomp Exit - MemInfo: [/proc/self/status]	VmSize:	   71772 kB
20220312 000759.223 INFO             PET0 PIOc_freedecomp Exit - MemInfo: [/proc/self/status]	VmLck:	       0 kB
20220312 000759.223 INFO             PET0 PIOc_freedecomp Exit - MemInfo: [/proc/self/status]	VmPin:	       0 kB
20220312 000759.223 INFO             PET0 PIOc_freedecomp Exit - MemInfo: [/proc/self/status]	VmHWM:	   22836 kB
20220312 000759.223 INFO             PET0 PIOc_freedecomp Exit - MemInfo: [/proc/self/status]	VmRSS:	   18572 kB
20220312 000759.223 INFO             PET0 PIOc_freedecomp Exit - MemInfo: [/proc/self/status]	VmData:	   18916 kB
20220312 000759.223 INFO             PET0 PIOc_freedecomp Exit - MemInfo: [/proc/self/status]	VmStk:	     164 kB
20220312 000759.223 INFO             PET0 PIOc_freedecomp Exit - MemInfo: [/proc/self/status]	VmExe:	   27308 kB
20220312 000759.223 INFO             PET0 PIOc_freedecomp Exit - MemInfo: [/proc/self/status]	VmLib:	    1952 kB
20220312 000759.223 INFO             PET0 PIOc_freedecomp Exit - MemInfo: [/proc/self/status]	VmPTE:	     140 kB
20220312 000759.223 INFO             PET0 PIOc_freedecomp Exit - MemInfo: [/proc/self/status]	VmPMD:	      12 kB
20220312 000759.223 INFO             PET0 PIOc_freedecomp Exit - MemInfo: [/proc/self/status]	VmSwap:	       0 kB
20220312 000759.223 INFO             PET0 PIOc_freedecomp Exit - MemInfo: [/proc/self/status]	VmRSSPercent: 0.028201 %
20220312 000759.223 INFO             PET0 PIOc_freedecomp Exit - MemInfo: [malloc] Non-mmapped space allocated:                10455360 Byte
20220312 000759.223 INFO             PET0 PIOc_freedecomp Exit - MemInfo: [malloc] Space allocated in mmapped regions:          4575232 Byte
20220312 000759.223 INFO             PET0 PIOc_freedecomp Exit - MemInfo: [malloc] Maximum total allocated space:                     0 Byte
20220312 000759.223 INFO             PET0 PIOc_freedecomp Exit - MemInfo: [malloc] Space in freed fastbin blocks:                  1264 Byte
20220312 000759.223 INFO             PET0 PIOc_freedecomp Exit - MemInfo: [malloc] Total allocated space:                       1373056 Byte
20220312 000759.223 INFO             PET0 PIOc_freedecomp Exit - MemInfo: [malloc] Total free space:                            9082304 Byte
20220312 000759.223 INFO             PET0 PIOc_freedecomp Exit - MemInfo: [malloc] Top-most, releasable space:                  9045936 Byte
20220312 000759.223 INFO             PET0 PIOc_freedecomp Exit - MemInfo: [malloc] Total space in use, mmap + non-mmap:         5948288 Byte
20220312 000759.223 INFO             PET0 PIOc_freedecomp Exit - MemInfo: [malloc] Total space held (mmap + non-mmap):         15030592 Byte
20220312 000759.223 INFO             PET0 PIOc_freedecomp Exit - MemInfo: [malloc] Total space used (mmap + non-mmap):          5956496 Byte
20220312 000759.223 INFO             PET0 PIOc_freedecomp Exit - MemInfo: Wall-clock time since execution start:               0.151154 seconds
20220312 000759.224 INFO             PET0 PIOc_sync Enter - MemInfo: [/proc/meminfo - SSI]	MemTotal:       65855856 kB
20220312 000759.225 INFO             PET0 PIOc_sync Enter - MemInfo: [/proc/meminfo - SSI]	MemFree:        61152160 kB
20220312 000759.225 INFO             PET0 PIOc_sync Enter - MemInfo: [/proc/meminfo - SSI]	MemAvailable:   60919624 kB
20220312 000759.225 INFO             PET0 PIOc_sync Enter - MemInfo: [/proc/meminfo - SSI]	Committed_AS:    2933876 kB
20220312 000759.225 INFO             PET0 PIOc_sync Enter - MemInfo: [/proc/meminfo - SSI]	CommittedPercent: 4.455 %
20220312 000759.225 INFO             PET0 PIOc_sync Enter - MemInfo: [/proc/self/status]	VmPeak:	   71772 kB
20220312 000759.225 INFO             PET0 PIOc_sync Enter - MemInfo: [/proc/self/status]	VmSize:	   71772 kB
20220312 000759.225 INFO             PET0 PIOc_sync Enter - MemInfo: [/proc/self/status]	VmLck:	       0 kB
20220312 000759.225 INFO             PET0 PIOc_sync Enter - MemInfo: [/proc/self/status]	VmPin:	       0 kB
20220312 000759.225 INFO             PET0 PIOc_sync Enter - MemInfo: [/proc/self/status]	VmHWM:	   22836 kB
20220312 000759.225 INFO             PET0 PIOc_sync Enter - MemInfo: [/proc/self/status]	VmRSS:	   19100 kB
20220312 000759.225 INFO             PET0 PIOc_sync Enter - MemInfo: [/proc/self/status]	VmData:	   18916 kB
20220312 000759.225 INFO             PET0 PIOc_sync Enter - MemInfo: [/proc/self/status]	VmStk:	     164 kB
20220312 000759.225 INFO             PET0 PIOc_sync Enter - MemInfo: [/proc/self/status]	VmExe:	   27308 kB
20220312 000759.225 INFO             PET0 PIOc_sync Enter - MemInfo: [/proc/self/status]	VmLib:	    1952 kB
20220312 000759.225 INFO             PET0 PIOc_sync Enter - MemInfo: [/proc/self/status]	VmPTE:	     140 kB
20220312 000759.225 INFO             PET0 PIOc_sync Enter - MemInfo: [/proc/self/status]	VmPMD:	      12 kB
20220312 000759.225 INFO             PET0 PIOc_sync Enter - MemInfo: [/proc/self/status]	VmSwap:	       0 kB
20220312 000759.225 INFO             PET0 PIOc_sync Enter - MemInfo: [/proc/self/status]	VmRSSPercent: 0.0290027 %
20220312 000759.225 INFO             PET0 PIOc_sync Enter - MemInfo: [malloc] Non-mmapped space allocated:                10455360 Byte
20220312 000759.225 INFO             PET0 PIOc_sync Enter - MemInfo: [malloc] Space allocated in mmapped regions:          4575232 Byte
20220312 000759.225 INFO             PET0 PIOc_sync Enter - MemInfo: [malloc] Maximum total allocated space:                     0 Byte
20220312 000759.225 INFO             PET0 PIOc_sync Enter - MemInfo: [malloc] Space in freed fastbin blocks:                   288 Byte
20220312 000759.225 INFO             PET0 PIOc_sync Enter - MemInfo: [malloc] Total allocated space:                      10304256 Byte
20220312 000759.225 INFO             PET0 PIOc_sync Enter - MemInfo: [malloc] Total free space:                             151104 Byte
20220312 000759.225 INFO             PET0 PIOc_sync Enter - MemInfo: [malloc] Top-most, releasable space:                   133008 Byte
20220312 000759.225 INFO             PET0 PIOc_sync Enter - MemInfo: [malloc] Total space in use, mmap + non-mmap:        14879488 Byte
20220312 000759.225 INFO             PET0 PIOc_sync Enter - MemInfo: [malloc] Total space held (mmap + non-mmap):         15030592 Byte
20220312 000759.225 INFO             PET0 PIOc_sync Enter - MemInfo: [malloc] Total space used (mmap + non-mmap):         14888032 Byte
20220312 000759.225 INFO             PET0 PIOc_sync Enter - MemInfo: Wall-clock time since execution start:               0.152996 seconds
20220312 000759.225 INFO             PET0 PIOc_sync Exit - MemInfo: [/proc/meminfo - SSI]	MemTotal:       65855856 kB
20220312 000759.225 INFO             PET0 PIOc_sync Exit - MemInfo: [/proc/meminfo - SSI]	MemFree:        61152160 kB
20220312 000759.225 INFO             PET0 PIOc_sync Exit - MemInfo: [/proc/meminfo - SSI]	MemAvailable:   60919624 kB
20220312 000759.225 INFO             PET0 PIOc_sync Exit - MemInfo: [/proc/meminfo - SSI]	Committed_AS:    2933876 kB
20220312 000759.225 INFO             PET0 PIOc_sync Exit - MemInfo: [/proc/meminfo - SSI]	CommittedPercent: 4.455 %
20220312 000759.225 INFO             PET0 PIOc_sync Exit - MemInfo: [/proc/self/status]	VmPeak:	   71772 kB
20220312 000759.225 INFO             PET0 PIOc_sync Exit - MemInfo: [/proc/self/status]	VmSize:	   71772 kB
20220312 000759.225 INFO             PET0 PIOc_sync Exit - MemInfo: [/proc/self/status]	VmLck:	       0 kB
20220312 000759.225 INFO             PET0 PIOc_sync Exit - MemInfo: [/proc/self/status]	VmPin:	       0 kB
20220312 000759.225 INFO             PET0 PIOc_sync Exit - MemInfo: [/proc/self/status]	VmHWM:	   22836 kB
20220312 000759.225 INFO             PET0 PIOc_sync Exit - MemInfo: [/proc/self/status]	VmRSS:	   19100 kB
20220312 000759.225 INFO             PET0 PIOc_sync Exit - MemInfo: [/proc/self/status]	VmData:	   18916 kB
20220312 000759.225 INFO             PET0 PIOc_sync Exit - MemInfo: [/proc/self/status]	VmStk:	     164 kB
20220312 000759.225 INFO             PET0 PIOc_sync Exit - MemInfo: [/proc/self/status]	VmExe:	   27308 kB
20220312 000759.225 INFO             PET0 PIOc_sync Exit - MemInfo: [/proc/self/status]	VmLib:	    1952 kB
20220312 000759.225 INFO             PET0 PIOc_sync Exit - MemInfo: [/proc/self/status]	VmPTE:	     140 kB
20220312 000759.225 INFO             PET0 PIOc_sync Exit - MemInfo: [/proc/self/status]	VmPMD:	      12 kB
20220312 000759.225 INFO             PET0 PIOc_sync Exit - MemInfo: [/proc/self/status]	VmSwap:	       0 kB
20220312 000759.225 INFO             PET0 PIOc_sync Exit - MemInfo: [/proc/self/status]	VmRSSPercent: 0.0290027 %
20220312 000759.225 INFO             PET0 PIOc_sync Exit - MemInfo: [malloc] Non-mmapped space allocated:                10455360 Byte
20220312 000759.225 INFO             PET0 PIOc_sync Exit - MemInfo: [malloc] Space allocated in mmapped regions:          4575232 Byte
20220312 000759.225 INFO             PET0 PIOc_sync Exit - MemInfo: [malloc] Maximum total allocated space:                     0 Byte
20220312 000759.225 INFO             PET0 PIOc_sync Exit - MemInfo: [malloc] Space in freed fastbin blocks:                     0 Byte
20220312 000759.225 INFO             PET0 PIOc_sync Exit - MemInfo: [malloc] Total allocated space:                      10304992 Byte
20220312 000759.225 INFO             PET0 PIOc_sync Exit - MemInfo: [malloc] Total free space:                             150368 Byte
20220312 000759.226 INFO             PET0 PIOc_sync Exit - MemInfo: [malloc] Top-most, releasable space:                   133008 Byte
20220312 000759.226 INFO             PET0 PIOc_sync Exit - MemInfo: [malloc] Total space in use, mmap + non-mmap:        14880224 Byte
20220312 000759.226 INFO             PET0 PIOc_sync Exit - MemInfo: [malloc] Total space held (mmap + non-mmap):         15030592 Byte
20220312 000759.226 INFO             PET0 PIOc_sync Exit - MemInfo: [malloc] Total space used (mmap + non-mmap):         14888544 Byte
20220312 000759.226 INFO             PET0 PIOc_sync Exit - MemInfo: Wall-clock time since execution start:               0.153606 seconds
20220312 000759.226 INFO             PET0 PIOc_freedecomp Enter - MemInfo: [/proc/meminfo - SSI]	MemTotal:       65855856 kB
20220312 000759.226 INFO             PET0 PIOc_freedecomp Enter - MemInfo: [/proc/meminfo - SSI]	MemFree:        61152160 kB
20220312 000759.226 INFO             PET0 PIOc_freedecomp Enter - MemInfo: [/proc/meminfo - SSI]	MemAvailable:   60919624 kB
20220312 000759.226 INFO             PET0 PIOc_freedecomp Enter - MemInfo: [/proc/meminfo - SSI]	Committed_AS:    2933876 kB
20220312 000759.226 INFO             PET0 PIOc_freedecomp Enter - MemInfo: [/proc/meminfo - SSI]	CommittedPercent: 4.455 %
20220312 000759.226 INFO             PET0 PIOc_freedecomp Enter - MemInfo: [/proc/self/status]	VmPeak:	   71772 kB
20220312 000759.226 INFO             PET0 PIOc_freedecomp Enter - MemInfo: [/proc/self/status]	VmSize:	   71772 kB
20220312 000759.226 INFO             PET0 PIOc_freedecomp Enter - MemInfo: [/proc/self/status]	VmLck:	       0 kB
20220312 000759.226 INFO             PET0 PIOc_freedecomp Enter - MemInfo: [/proc/self/status]	VmPin:	       0 kB
20220312 000759.226 INFO             PET0 PIOc_freedecomp Enter - MemInfo: [/proc/self/status]	VmHWM:	   22836 kB
20220312 000759.226 INFO             PET0 PIOc_freedecomp Enter - MemInfo: [/proc/self/status]	VmRSS:	   19100 kB
20220312 000759.226 INFO             PET0 PIOc_freedecomp Enter - MemInfo: [/proc/self/status]	VmData:	   18916 kB
20220312 000759.226 INFO             PET0 PIOc_freedecomp Enter - MemInfo: [/proc/self/status]	VmStk:	     164 kB
20220312 000759.226 INFO             PET0 PIOc_freedecomp Enter - MemInfo: [/proc/self/status]	VmExe:	   27308 kB
20220312 000759.226 INFO             PET0 PIOc_freedecomp Enter - MemInfo: [/proc/self/status]	VmLib:	    1952 kB
20220312 000759.226 INFO             PET0 PIOc_freedecomp Enter - MemInfo: [/proc/self/status]	VmPTE:	     140 kB
20220312 000759.226 INFO             PET0 PIOc_freedecomp Enter - MemInfo: [/proc/self/status]	VmPMD:	      12 kB
20220312 000759.226 INFO             PET0 PIOc_freedecomp Enter - MemInfo: [/proc/self/status]	VmSwap:	       0 kB
20220312 000759.226 INFO             PET0 PIOc_freedecomp Enter - MemInfo: [/proc/self/status]	VmRSSPercent: 0.0290027 %
20220312 000759.226 INFO             PET0 PIOc_freedecomp Enter - MemInfo: [malloc] Non-mmapped space allocated:                10455360 Byte
20220312 000759.226 INFO             PET0 PIOc_freedecomp Enter - MemInfo: [malloc] Space allocated in mmapped regions:          4575232 Byte
20220312 000759.226 INFO             PET0 PIOc_freedecomp Enter - MemInfo: [malloc] Maximum total allocated space:                     0 Byte
20220312 000759.226 INFO             PET0 PIOc_freedecomp Enter - MemInfo: [malloc] Space in freed fastbin blocks:                   336 Byte
20220312 000759.226 INFO             PET0 PIOc_freedecomp Enter - MemInfo: [malloc] Total allocated space:                       1379408 Byte
20220312 000759.226 INFO             PET0 PIOc_freedecomp Enter - MemInfo: [malloc] Total free space:                            9075952 Byte
20220312 000759.226 INFO             PET0 PIOc_freedecomp Enter - MemInfo: [malloc] Top-most, releasable space:                  9045936 Byte
20220312 000759.226 INFO             PET0 PIOc_freedecomp Enter - MemInfo: [malloc] Total space in use, mmap + non-mmap:         5954640 Byte
20220312 000759.226 INFO             PET0 PIOc_freedecomp Enter - MemInfo: [malloc] Total space held (mmap + non-mmap):         15030592 Byte
20220312 000759.226 INFO             PET0 PIOc_freedecomp Enter - MemInfo: [malloc] Total space used (mmap + non-mmap):          5962848 Byte
20220312 000759.226 INFO             PET0 PIOc_freedecomp Enter - MemInfo: Wall-clock time since execution start:                0.15424 seconds
20220312 000759.226 INFO             PET0 PIOc_freedecomp Exit - MemInfo: [/proc/meminfo - SSI]	MemTotal:       65855856 kB
20220312 000759.226 INFO             PET0 PIOc_freedecomp Exit - MemInfo: [/proc/meminfo - SSI]	MemFree:        61152160 kB
20220312 000759.226 INFO             PET0 PIOc_freedecomp Exit - MemInfo: [/proc/meminfo - SSI]	MemAvailable:   60919624 kB
20220312 000759.226 INFO             PET0 PIOc_freedecomp Exit - MemInfo: [/proc/meminfo - SSI]	Committed_AS:    2933876 kB
20220312 000759.226 INFO             PET0 PIOc_freedecomp Exit - MemInfo: [/proc/meminfo - SSI]	CommittedPercent: 4.455 %
20220312 000759.226 INFO             PET0 PIOc_freedecomp Exit - MemInfo: [/proc/self/status]	VmPeak:	   71772 kB
20220312 000759.226 INFO             PET0 PIOc_freedecomp Exit - MemInfo: [/proc/self/status]	VmSize:	   71772 kB
20220312 000759.226 INFO             PET0 PIOc_freedecomp Exit - MemInfo: [/proc/self/status]	VmLck:	       0 kB
20220312 000759.226 INFO             PET0 PIOc_freedecomp Exit - MemInfo: [/proc/self/status]	VmPin:	       0 kB
20220312 000759.226 INFO             PET0 PIOc_freedecomp Exit - MemInfo: [/proc/self/status]	VmHWM:	   22836 kB
20220312 000759.226 INFO             PET0 PIOc_freedecomp Exit - MemInfo: [/proc/self/status]	VmRSS:	   19100 kB
20220312 000759.226 INFO             PET0 PIOc_freedecomp Exit - MemInfo: [/proc/self/status]	VmData:	   18916 kB
20220312 000759.226 INFO             PET0 PIOc_freedecomp Exit - MemInfo: [/proc/self/status]	VmStk:	     164 kB
20220312 000759.226 INFO             PET0 PIOc_freedecomp Exit - MemInfo: [/proc/self/status]	VmExe:	   27308 kB
20220312 000759.226 INFO             PET0 PIOc_freedecomp Exit - MemInfo: [/proc/self/status]	VmLib:	    1952 kB
20220312 000759.226 INFO             PET0 PIOc_freedecomp Exit - MemInfo: [/proc/self/status]	VmPTE:	     140 kB
20220312 000759.226 INFO             PET0 PIOc_freedecomp Exit - MemInfo: [/proc/self/status]	VmPMD:	      12 kB
20220312 000759.226 INFO             PET0 PIOc_freedecomp Exit - MemInfo: [/proc/self/status]	VmSwap:	       0 kB
20220312 000759.227 INFO             PET0 PIOc_freedecomp Exit - MemInfo: [/proc/self/status]	VmRSSPercent: 0.0290027 %
20220312 000759.227 INFO             PET0 PIOc_freedecomp Exit - MemInfo: [malloc] Non-mmapped space allocated:                10455360 Byte
20220312 000759.227 INFO             PET0 PIOc_freedecomp Exit - MemInfo: [malloc] Space allocated in mmapped regions:          4575232 Byte
20220312 000759.227 INFO             PET0 PIOc_freedecomp Exit - MemInfo: [malloc] Maximum total allocated space:                     0 Byte
20220312 000759.227 INFO             PET0 PIOc_freedecomp Exit - MemInfo: [malloc] Space in freed fastbin blocks:                  1280 Byte
20220312 000759.227 INFO             PET0 PIOc_freedecomp Exit - MemInfo: [malloc] Total allocated space:                       1374176 Byte
20220312 000759.227 INFO             PET0 PIOc_freedecomp Exit - MemInfo: [malloc] Total free space:                            9081184 Byte
20220312 000759.227 INFO             PET0 PIOc_freedecomp Exit - MemInfo: [malloc] Top-most, releasable space:                  9045936 Byte
20220312 000759.227 INFO             PET0 PIOc_freedecomp Exit - MemInfo: [malloc] Total space in use, mmap + non-mmap:         5949408 Byte
20220312 000759.227 INFO             PET0 PIOc_freedecomp Exit - MemInfo: [malloc] Total space held (mmap + non-mmap):         15030592 Byte
20220312 000759.227 INFO             PET0 PIOc_freedecomp Exit - MemInfo: [malloc] Total space used (mmap + non-mmap):          5957616 Byte
20220312 000759.227 INFO             PET0 PIOc_freedecomp Exit - MemInfo: Wall-clock time since execution start:                0.15471 seconds
20220312 000759.227 INFO             PET0 PASS ESMC_FieldRegridStoreFile test, ESMC_FieldSMMFromFileUTest.C, line 199
20220312 000759.233 INFO             PET0 PASS ESMC_FieldSMMStore from File test, ESMC_FieldSMMFromFileUTest.C, line 229
20220312 000759.233 INFO             PET0 PASS ESMC_FieldSMMStore From File validation, ESMC_FieldSMMFromFileUTest.C, line 257
20220312 000759.233 INFO             PET0 PASS ESMC_FieldRegridRelease, ESMC_FieldSMMFromFileUTest.C, line 271
20220312 000759.234 INFO             PET0 Ending Test, file ESMC_FieldSMMFromFileUTest.C, line 289
20220312 000759.234 INFO             PET0 Finalizing ESMF
20220312 000759.091 INFO             PET1 !!!!!!!!!!!!!!!!!!!!!!!!!!!!!!!!!!!!!!!!!!!!!!!!!!!!!!
20220312 000759.091 INFO             PET1 !!! THE ESMF_LOG IS SET TO OUTPUT ALL LOG MESSAGES !!!
20220312 000759.091 INFO             PET1 !!!     THIS MAY CAUSE SLOWDOWN IN PERFORMANCE     !!!
20220312 000759.091 INFO             PET1 !!! FOR PRODUCTION RUNS, USE:                      !!!
20220312 000759.091 INFO             PET1 !!!                   ESMF_LOGKIND_Multi_On_Error  !!!
20220312 000759.091 INFO             PET1 !!!!!!!!!!!!!!!!!!!!!!!!!!!!!!!!!!!!!!!!!!!!!!!!!!!!!!
20220312 000759.091 INFO             PET1 Running with ESMF Version   : v8.3.0b09-96-g559b459836
20220312 000759.091 INFO             PET1 ESMF library build date/time: "Mar 11 2022" "23:25:51"
20220312 000759.091 INFO             PET1 ESMF library build location : /lustre/f2/dev/ncep/Mark.Potts/gfortran_8.3.0_mpi_O_jedwards_pio_update2
20220312 000759.091 INFO             PET1 ESMF_COMM                   : mpi
20220312 000759.091 INFO             PET1 ESMF_MOAB                   : enabled
20220312 000759.091 INFO             PET1 ESMF_LAPACK                 : enabled
20220312 000759.091 INFO             PET1 ESMF_NETCDF                 : enabled
20220312 000759.091 INFO             PET1 ESMF_PNETCDF                : disabled
20220312 000759.091 INFO             PET1 ESMF_PIO                    : enabled
20220312 000759.091 INFO             PET1 ESMF_YAMLCPP                : enabled
20220312 000759.091 INFO             PET1 Beginning Test, file ESMC_FieldSMMFromFileUTest.C, line 41
20220312 000759.091 INFO             PET1 Beginning Test, file ESMC_FieldSMMFromFileUTest.C, line 41NUMBER_OF_PROCESSORS 4
20220312 000759.215 INFO             PET1 PIOc_sync Enter - MemInfo: [/proc/meminfo - SSI]	MemTotal:       65855856 kB
20220312 000759.215 INFO             PET1 PIOc_sync Enter - MemInfo: [/proc/meminfo - SSI]	MemFree:        61149136 kB
20220312 000759.215 INFO             PET1 PIOc_sync Enter - MemInfo: [/proc/meminfo - SSI]	MemAvailable:   60916600 kB
20220312 000759.215 INFO             PET1 PIOc_sync Enter - MemInfo: [/proc/meminfo - SSI]	Committed_AS:    2933492 kB
20220312 000759.215 INFO             PET1 PIOc_sync Enter - MemInfo: [/proc/meminfo - SSI]	CommittedPercent: 4.45441 %
20220312 000759.215 INFO             PET1 PIOc_sync Enter - MemInfo: [/proc/self/status]	VmPeak:	   62720 kB
20220312 000759.215 INFO             PET1 PIOc_sync Enter - MemInfo: [/proc/self/status]	VmSize:	   62524 kB
20220312 000759.215 INFO             PET1 PIOc_sync Enter - MemInfo: [/proc/self/status]	VmLck:	       0 kB
20220312 000759.215 INFO             PET1 PIOc_sync Enter - MemInfo: [/proc/self/status]	VmPin:	       0 kB
20220312 000759.215 INFO             PET1 PIOc_sync Enter - MemInfo: [/proc/self/status]	VmHWM:	   12712 kB
20220312 000759.215 INFO             PET1 PIOc_sync Enter - MemInfo: [/proc/self/status]	VmRSS:	   12712 kB
20220312 000759.215 INFO             PET1 PIOc_sync Enter - MemInfo: [/proc/self/status]	VmData:	    9632 kB
20220312 000759.215 INFO             PET1 PIOc_sync Enter - MemInfo: [/proc/self/status]	VmStk:	     164 kB
20220312 000759.215 INFO             PET1 PIOc_sync Enter - MemInfo: [/proc/self/status]	VmExe:	   27308 kB
20220312 000759.215 INFO             PET1 PIOc_sync Enter - MemInfo: [/proc/self/status]	VmLib:	    1952 kB
20220312 000759.215 INFO             PET1 PIOc_sync Enter - MemInfo: [/proc/self/status]	VmPTE:	     132 kB
20220312 000759.215 INFO             PET1 PIOc_sync Enter - MemInfo: [/proc/self/status]	VmPMD:	      12 kB
20220312 000759.215 INFO             PET1 PIOc_sync Enter - MemInfo: [/proc/self/status]	VmSwap:	       0 kB
20220312 000759.215 INFO             PET1 PIOc_sync Enter - MemInfo: [/proc/self/status]	VmRSSPercent: 0.0193028 %
20220312 000759.215 INFO             PET1 PIOc_sync Enter - MemInfo: [malloc] Non-mmapped space allocated:                 1280320 Byte
20220312 000759.215 INFO             PET1 PIOc_sync Enter - MemInfo: [malloc] Space allocated in mmapped regions:          4243456 Byte
20220312 000759.215 INFO             PET1 PIOc_sync Enter - MemInfo: [malloc] Maximum total allocated space:                     0 Byte
20220312 000759.216 INFO             PET1 PIOc_sync Enter - MemInfo: [malloc] Space in freed fastbin blocks:                    48 Byte
20220312 000759.216 INFO             PET1 PIOc_sync Enter - MemInfo: [malloc] Total allocated space:                       1131216 Byte
20220312 000759.216 INFO             PET1 PIOc_sync Enter - MemInfo: [malloc] Total free space:                             149104 Byte
20220312 000759.216 INFO             PET1 PIOc_sync Enter - MemInfo: [malloc] Top-most, releasable space:                   132160 Byte
20220312 000759.216 INFO             PET1 PIOc_sync Enter - MemInfo: [malloc] Total space in use, mmap + non-mmap:         5374672 Byte
20220312 000759.216 INFO             PET1 PIOc_sync Enter - MemInfo: [malloc] Total space held (mmap + non-mmap):          5523776 Byte
20220312 000759.216 INFO             PET1 PIOc_sync Enter - MemInfo: [malloc] Total space used (mmap + non-mmap):          5383472 Byte
20220312 000759.216 INFO             PET1 PIOc_sync Enter - MemInfo: Wall-clock time since execution start:               0.143825 seconds
20220312 000759.216 INFO             PET1 PIOc_sync Exit - MemInfo: [/proc/meminfo - SSI]	MemTotal:       65855856 kB
20220312 000759.216 INFO             PET1 PIOc_sync Exit - MemInfo: [/proc/meminfo - SSI]	MemFree:        61148632 kB
20220312 000759.216 INFO             PET1 PIOc_sync Exit - MemInfo: [/proc/meminfo - SSI]	MemAvailable:   60916096 kB
20220312 000759.216 INFO             PET1 PIOc_sync Exit - MemInfo: [/proc/meminfo - SSI]	Committed_AS:    2933492 kB
20220312 000759.216 INFO             PET1 PIOc_sync Exit - MemInfo: [/proc/meminfo - SSI]	CommittedPercent: 4.45441 %
20220312 000759.216 INFO             PET1 PIOc_sync Exit - MemInfo: [/proc/self/status]	VmPeak:	   62720 kB
20220312 000759.216 INFO             PET1 PIOc_sync Exit - MemInfo: [/proc/self/status]	VmSize:	   62524 kB
20220312 000759.216 INFO             PET1 PIOc_sync Exit - MemInfo: [/proc/self/status]	VmLck:	       0 kB
20220312 000759.216 INFO             PET1 PIOc_sync Exit - MemInfo: [/proc/self/status]	VmPin:	       0 kB
20220312 000759.216 INFO             PET1 PIOc_sync Exit - MemInfo: [/proc/self/status]	VmHWM:	   12712 kB
20220312 000759.216 INFO             PET1 PIOc_sync Exit - MemInfo: [/proc/self/status]	VmRSS:	   12712 kB
20220312 000759.216 INFO             PET1 PIOc_sync Exit - MemInfo: [/proc/self/status]	VmData:	    9632 kB
20220312 000759.216 INFO             PET1 PIOc_sync Exit - MemInfo: [/proc/self/status]	VmStk:	     164 kB
20220312 000759.216 INFO             PET1 PIOc_sync Exit - MemInfo: [/proc/self/status]	VmExe:	   27308 kB
20220312 000759.216 INFO             PET1 PIOc_sync Exit - MemInfo: [/proc/self/status]	VmLib:	    1952 kB
20220312 000759.216 INFO             PET1 PIOc_sync Exit - MemInfo: [/proc/self/status]	VmPTE:	     132 kB
20220312 000759.216 INFO             PET1 PIOc_sync Exit - MemInfo: [/proc/self/status]	VmPMD:	      12 kB
20220312 000759.216 INFO             PET1 PIOc_sync Exit - MemInfo: [/proc/self/status]	VmSwap:	       0 kB
20220312 000759.216 INFO             PET1 PIOc_sync Exit - MemInfo: [/proc/self/status]	VmRSSPercent: 0.0193028 %
20220312 000759.216 INFO             PET1 PIOc_sync Exit - MemInfo: [malloc] Non-mmapped space allocated:                 1280320 Byte
20220312 000759.216 INFO             PET1 PIOc_sync Exit - MemInfo: [malloc] Space allocated in mmapped regions:          4243456 Byte
20220312 000759.216 INFO             PET1 PIOc_sync Exit - MemInfo: [malloc] Maximum total allocated space:                     0 Byte
20220312 000759.216 INFO             PET1 PIOc_sync Exit - MemInfo: [malloc] Space in freed fastbin blocks:                     0 Byte
20220312 000759.216 INFO             PET1 PIOc_sync Exit - MemInfo: [malloc] Total allocated space:                       1132352 Byte
20220312 000759.216 INFO             PET1 PIOc_sync Exit - MemInfo: [malloc] Total free space:                             147968 Byte
20220312 000759.217 INFO             PET1 PIOc_sync Exit - MemInfo: [malloc] Top-most, releasable space:                   131936 Byte
20220312 000759.217 INFO             PET1 PIOc_sync Exit - MemInfo: [malloc] Total space in use, mmap + non-mmap:         5375808 Byte
20220312 000759.217 INFO             PET1 PIOc_sync Exit - MemInfo: [malloc] Total space held (mmap + non-mmap):          5523776 Byte
20220312 000759.217 INFO             PET1 PIOc_sync Exit - MemInfo: [malloc] Total space used (mmap + non-mmap):          5384608 Byte
20220312 000759.217 INFO             PET1 PIOc_sync Exit - MemInfo: Wall-clock time since execution start:               0.144661 seconds
20220312 000759.217 INFO             PET1 PIOc_freedecomp Enter - MemInfo: [/proc/meminfo - SSI]	MemTotal:       65855856 kB
20220312 000759.217 INFO             PET1 PIOc_freedecomp Enter - MemInfo: [/proc/meminfo - SSI]	MemFree:        61155688 kB
20220312 000759.217 INFO             PET1 PIOc_freedecomp Enter - MemInfo: [/proc/meminfo - SSI]	MemAvailable:   60923152 kB
20220312 000759.217 INFO             PET1 PIOc_freedecomp Enter - MemInfo: [/proc/meminfo - SSI]	Committed_AS:    2925624 kB
20220312 000759.217 INFO             PET1 PIOc_freedecomp Enter - MemInfo: [/proc/meminfo - SSI]	CommittedPercent: 4.44247 %
20220312 000759.217 INFO             PET1 PIOc_freedecomp Enter - MemInfo: [/proc/self/status]	VmPeak:	   62720 kB
20220312 000759.217 INFO             PET1 PIOc_freedecomp Enter - MemInfo: [/proc/self/status]	VmSize:	   62524 kB
20220312 000759.217 INFO             PET1 PIOc_freedecomp Enter - MemInfo: [/proc/self/status]	VmLck:	       0 kB
20220312 000759.217 INFO             PET1 PIOc_freedecomp Enter - MemInfo: [/proc/self/status]	VmPin:	       0 kB
20220312 000759.217 INFO             PET1 PIOc_freedecomp Enter - MemInfo: [/proc/self/status]	VmHWM:	   12712 kB
20220312 000759.217 INFO             PET1 PIOc_freedecomp Enter - MemInfo: [/proc/self/status]	VmRSS:	   12712 kB
20220312 000759.217 INFO             PET1 PIOc_freedecomp Enter - MemInfo: [/proc/self/status]	VmData:	    9632 kB
20220312 000759.217 INFO             PET1 PIOc_freedecomp Enter - MemInfo: [/proc/self/status]	VmStk:	     164 kB
20220312 000759.217 INFO             PET1 PIOc_freedecomp Enter - MemInfo: [/proc/self/status]	VmExe:	   27308 kB
20220312 000759.217 INFO             PET1 PIOc_freedecomp Enter - MemInfo: [/proc/self/status]	VmLib:	    1952 kB
20220312 000759.217 INFO             PET1 PIOc_freedecomp Enter - MemInfo: [/proc/self/status]	VmPTE:	     132 kB
20220312 000759.217 INFO             PET1 PIOc_freedecomp Enter - MemInfo: [/proc/self/status]	VmPMD:	      12 kB
20220312 000759.217 INFO             PET1 PIOc_freedecomp Enter - MemInfo: [/proc/self/status]	VmSwap:	       0 kB
20220312 000759.217 INFO             PET1 PIOc_freedecomp Enter - MemInfo: [/proc/self/status]	VmRSSPercent: 0.0193028 %
20220312 000759.217 INFO             PET1 PIOc_freedecomp Enter - MemInfo: [malloc] Non-mmapped space allocated:                 1280320 Byte
20220312 000759.217 INFO             PET1 PIOc_freedecomp Enter - MemInfo: [malloc] Space allocated in mmapped regions:          4243456 Byte
20220312 000759.217 INFO             PET1 PIOc_freedecomp Enter - MemInfo: [malloc] Maximum total allocated space:                     0 Byte
20220312 000759.217 INFO             PET1 PIOc_freedecomp Enter - MemInfo: [malloc] Space in freed fastbin blocks:                    48 Byte
20220312 000759.217 INFO             PET1 PIOc_freedecomp Enter - MemInfo: [malloc] Total allocated space:                       1132992 Byte
20220312 000759.217 INFO             PET1 PIOc_freedecomp Enter - MemInfo: [malloc] Total free space:                             147328 Byte
20220312 000759.217 INFO             PET1 PIOc_freedecomp Enter - MemInfo: [malloc] Top-most, releasable space:                   131712 Byte
20220312 000759.217 INFO             PET1 PIOc_freedecomp Enter - MemInfo: [malloc] Total space in use, mmap + non-mmap:         5376448 Byte
20220312 000759.217 INFO             PET1 PIOc_freedecomp Enter - MemInfo: [malloc] Total space held (mmap + non-mmap):          5523776 Byte
20220312 000759.217 INFO             PET1 PIOc_freedecomp Enter - MemInfo: [malloc] Total space used (mmap + non-mmap):          5385168 Byte
20220312 000759.217 INFO             PET1 PIOc_freedecomp Enter - MemInfo: Wall-clock time since execution start:               0.145577 seconds
20220312 000759.218 INFO             PET1 PIOc_freedecomp Exit - MemInfo: [/proc/meminfo - SSI]	MemTotal:       65855856 kB
20220312 000759.218 INFO             PET1 PIOc_freedecomp Exit - MemInfo: [/proc/meminfo - SSI]	MemFree:        61155688 kB
20220312 000759.218 INFO             PET1 PIOc_freedecomp Exit - MemInfo: [/proc/meminfo - SSI]	MemAvailable:   60923152 kB
20220312 000759.218 INFO             PET1 PIOc_freedecomp Exit - MemInfo: [/proc/meminfo - SSI]	Committed_AS:    2925624 kB
20220312 000759.218 INFO             PET1 PIOc_freedecomp Exit - MemInfo: [/proc/meminfo - SSI]	CommittedPercent: 4.44247 %
20220312 000759.218 INFO             PET1 PIOc_freedecomp Exit - MemInfo: [/proc/self/status]	VmPeak:	   62720 kB
20220312 000759.218 INFO             PET1 PIOc_freedecomp Exit - MemInfo: [/proc/self/status]	VmSize:	   62524 kB
20220312 000759.218 INFO             PET1 PIOc_freedecomp Exit - MemInfo: [/proc/self/status]	VmLck:	       0 kB
20220312 000759.218 INFO             PET1 PIOc_freedecomp Exit - MemInfo: [/proc/self/status]	VmPin:	       0 kB
20220312 000759.218 INFO             PET1 PIOc_freedecomp Exit - MemInfo: [/proc/self/status]	VmHWM:	   12712 kB
20220312 000759.218 INFO             PET1 PIOc_freedecomp Exit - MemInfo: [/proc/self/status]	VmRSS:	   12712 kB
20220312 000759.218 INFO             PET1 PIOc_freedecomp Exit - MemInfo: [/proc/self/status]	VmData:	    9632 kB
20220312 000759.218 INFO             PET1 PIOc_freedecomp Exit - MemInfo: [/proc/self/status]	VmStk:	     164 kB
20220312 000759.218 INFO             PET1 PIOc_freedecomp Exit - MemInfo: [/proc/self/status]	VmExe:	   27308 kB
20220312 000759.218 INFO             PET1 PIOc_freedecomp Exit - MemInfo: [/proc/self/status]	VmLib:	    1952 kB
20220312 000759.218 INFO             PET1 PIOc_freedecomp Exit - MemInfo: [/proc/self/status]	VmPTE:	     132 kB
20220312 000759.218 INFO             PET1 PIOc_freedecomp Exit - MemInfo: [/proc/self/status]	VmPMD:	      12 kB
20220312 000759.218 INFO             PET1 PIOc_freedecomp Exit - MemInfo: [/proc/self/status]	VmSwap:	       0 kB
20220312 000759.218 INFO             PET1 PIOc_freedecomp Exit - MemInfo: [/proc/self/status]	VmRSSPercent: 0.0193028 %
20220312 000759.218 INFO             PET1 PIOc_freedecomp Exit - MemInfo: [malloc] Non-mmapped space allocated:                 1280320 Byte
20220312 000759.218 INFO             PET1 PIOc_freedecomp Exit - MemInfo: [malloc] Space allocated in mmapped regions:          4243456 Byte
20220312 000759.218 INFO             PET1 PIOc_freedecomp Exit - MemInfo: [malloc] Maximum total allocated space:                     0 Byte
20220312 000759.218 INFO             PET1 PIOc_freedecomp Exit - MemInfo: [malloc] Space in freed fastbin blocks:                   288 Byte
20220312 000759.218 INFO             PET1 PIOc_freedecomp Exit - MemInfo: [malloc] Total allocated space:                       1131856 Byte
20220312 000759.218 INFO             PET1 PIOc_freedecomp Exit - MemInfo: [malloc] Total free space:                             148464 Byte
20220312 000759.218 INFO             PET1 PIOc_freedecomp Exit - MemInfo: [malloc] Top-most, releasable space:                   131488 Byte
20220312 000759.218 INFO             PET1 PIOc_freedecomp Exit - MemInfo: [malloc] Total space in use, mmap + non-mmap:         5375312 Byte
20220312 000759.218 INFO             PET1 PIOc_freedecomp Exit - MemInfo: [malloc] Total space held (mmap + non-mmap):          5523776 Byte
20220312 000759.218 INFO             PET1 PIOc_freedecomp Exit - MemInfo: [malloc] Total space used (mmap + non-mmap):          5384080 Byte
20220312 000759.218 INFO             PET1 PIOc_freedecomp Exit - MemInfo: Wall-clock time since execution start:               0.146021 seconds
20220312 000759.221 INFO             PET1 PIOc_sync Enter - MemInfo: [/proc/meminfo - SSI]	MemTotal:       65855856 kB
20220312 000759.221 INFO             PET1 PIOc_sync Enter - MemInfo: [/proc/meminfo - SSI]	MemFree:        61152664 kB
20220312 000759.221 INFO             PET1 PIOc_sync Enter - MemInfo: [/proc/meminfo - SSI]	MemAvailable:   60920128 kB
20220312 000759.221 INFO             PET1 PIOc_sync Enter - MemInfo: [/proc/meminfo - SSI]	Committed_AS:    2933876 kB
20220312 000759.221 INFO             PET1 PIOc_sync Enter - MemInfo: [/proc/meminfo - SSI]	CommittedPercent: 4.455 %
20220312 000759.221 INFO             PET1 PIOc_sync Enter - MemInfo: [/proc/self/status]	VmPeak:	   62720 kB
20220312 000759.221 INFO             PET1 PIOc_sync Enter - MemInfo: [/proc/self/status]	VmSize:	   62488 kB
20220312 000759.221 INFO             PET1 PIOc_sync Enter - MemInfo: [/proc/self/status]	VmLck:	       0 kB
20220312 000759.221 INFO             PET1 PIOc_sync Enter - MemInfo: [/proc/self/status]	VmPin:	       0 kB
20220312 000759.221 INFO             PET1 PIOc_sync Enter - MemInfo: [/proc/self/status]	VmHWM:	   12796 kB
20220312 000759.221 INFO             PET1 PIOc_sync Enter - MemInfo: [/proc/self/status]	VmRSS:	   12780 kB
20220312 000759.221 INFO             PET1 PIOc_sync Enter - MemInfo: [/proc/self/status]	VmData:	    9632 kB
20220312 000759.221 INFO             PET1 PIOc_sync Enter - MemInfo: [/proc/self/status]	VmStk:	     164 kB
20220312 000759.221 INFO             PET1 PIOc_sync Enter - MemInfo: [/proc/self/status]	VmExe:	   27308 kB
20220312 000759.221 INFO             PET1 PIOc_sync Enter - MemInfo: [/proc/self/status]	VmLib:	    1952 kB
20220312 000759.221 INFO             PET1 PIOc_sync Enter - MemInfo: [/proc/self/status]	VmPTE:	     132 kB
20220312 000759.221 INFO             PET1 PIOc_sync Enter - MemInfo: [/proc/self/status]	VmPMD:	      12 kB
20220312 000759.221 INFO             PET1 PIOc_sync Enter - MemInfo: [/proc/self/status]	VmSwap:	       0 kB
20220312 000759.221 INFO             PET1 PIOc_sync Enter - MemInfo: [/proc/self/status]	VmRSSPercent: 0.019406 %
20220312 000759.221 INFO             PET1 PIOc_sync Enter - MemInfo: [malloc] Non-mmapped space allocated:                 1280320 Byte
20220312 000759.221 INFO             PET1 PIOc_sync Enter - MemInfo: [malloc] Space allocated in mmapped regions:          4243456 Byte
20220312 000759.221 INFO             PET1 PIOc_sync Enter - MemInfo: [malloc] Maximum total allocated space:                     0 Byte
20220312 000759.221 INFO             PET1 PIOc_sync Enter - MemInfo: [malloc] Space in freed fastbin blocks:                   400 Byte
20220312 000759.221 INFO             PET1 PIOc_sync Enter - MemInfo: [malloc] Total allocated space:                       1135840 Byte
20220312 000759.221 INFO             PET1 PIOc_sync Enter - MemInfo: [malloc] Total free space:                             144480 Byte
20220312 000759.221 INFO             PET1 PIOc_sync Enter - MemInfo: [malloc] Top-most, releasable space:                   131264 Byte
20220312 000759.221 INFO             PET1 PIOc_sync Enter - MemInfo: [malloc] Total space in use, mmap + non-mmap:         5379296 Byte
20220312 000759.221 INFO             PET1 PIOc_sync Enter - MemInfo: [malloc] Total space held (mmap + non-mmap):          5523776 Byte
20220312 000759.221 INFO             PET1 PIOc_sync Enter - MemInfo: [malloc] Total space used (mmap + non-mmap):          5387616 Byte
20220312 000759.221 INFO             PET1 PIOc_sync Enter - MemInfo: Wall-clock time since execution start:               0.149445 seconds
20220312 000759.221 INFO             PET1 PIOc_sync Exit - MemInfo: [/proc/meminfo - SSI]	MemTotal:       65855856 kB
20220312 000759.221 INFO             PET1 PIOc_sync Exit - MemInfo: [/proc/meminfo - SSI]	MemFree:        61152664 kB
20220312 000759.222 INFO             PET1 PIOc_sync Exit - MemInfo: [/proc/meminfo - SSI]	MemAvailable:   60920128 kB
20220312 000759.222 INFO             PET1 PIOc_sync Exit - MemInfo: [/proc/meminfo - SSI]	Committed_AS:    2933876 kB
20220312 000759.222 INFO             PET1 PIOc_sync Exit - MemInfo: [/proc/meminfo - SSI]	CommittedPercent: 4.455 %
20220312 000759.222 INFO             PET1 PIOc_sync Exit - MemInfo: [/proc/self/status]	VmPeak:	   62720 kB
20220312 000759.222 INFO             PET1 PIOc_sync Exit - MemInfo: [/proc/self/status]	VmSize:	   62488 kB
20220312 000759.222 INFO             PET1 PIOc_sync Exit - MemInfo: [/proc/self/status]	VmLck:	       0 kB
20220312 000759.222 INFO             PET1 PIOc_sync Exit - MemInfo: [/proc/self/status]	VmPin:	       0 kB
20220312 000759.222 INFO             PET1 PIOc_sync Exit - MemInfo: [/proc/self/status]	VmHWM:	   12796 kB
20220312 000759.222 INFO             PET1 PIOc_sync Exit - MemInfo: [/proc/self/status]	VmRSS:	   12780 kB
20220312 000759.222 INFO             PET1 PIOc_sync Exit - MemInfo: [/proc/self/status]	VmData:	    9632 kB
20220312 000759.222 INFO             PET1 PIOc_sync Exit - MemInfo: [/proc/self/status]	VmStk:	     164 kB
20220312 000759.222 INFO             PET1 PIOc_sync Exit - MemInfo: [/proc/self/status]	VmExe:	   27308 kB
20220312 000759.222 INFO             PET1 PIOc_sync Exit - MemInfo: [/proc/self/status]	VmLib:	    1952 kB
20220312 000759.222 INFO             PET1 PIOc_sync Exit - MemInfo: [/proc/self/status]	VmPTE:	     132 kB
20220312 000759.222 INFO             PET1 PIOc_sync Exit - MemInfo: [/proc/self/status]	VmPMD:	      12 kB
20220312 000759.222 INFO             PET1 PIOc_sync Exit - MemInfo: [/proc/self/status]	VmSwap:	       0 kB
20220312 000759.222 INFO             PET1 PIOc_sync Exit - MemInfo: [/proc/self/status]	VmRSSPercent: 0.019406 %
20220312 000759.222 INFO             PET1 PIOc_sync Exit - MemInfo: [malloc] Non-mmapped space allocated:                 1280320 Byte
20220312 000759.222 INFO             PET1 PIOc_sync Exit - MemInfo: [malloc] Space allocated in mmapped regions:          4243456 Byte
20220312 000759.222 INFO             PET1 PIOc_sync Exit - MemInfo: [malloc] Maximum total allocated space:                     0 Byte
20220312 000759.222 INFO             PET1 PIOc_sync Exit - MemInfo: [malloc] Space in freed fastbin blocks:                     0 Byte
20220312 000759.222 INFO             PET1 PIOc_sync Exit - MemInfo: [malloc] Total allocated space:                       1136176 Byte
20220312 000759.222 INFO             PET1 PIOc_sync Exit - MemInfo: [malloc] Total free space:                             144144 Byte
20220312 000759.222 INFO             PET1 PIOc_sync Exit - MemInfo: [malloc] Top-most, releasable space:                   131040 Byte
20220312 000759.222 INFO             PET1 PIOc_sync Exit - MemInfo: [malloc] Total space in use, mmap + non-mmap:         5379632 Byte
20220312 000759.222 INFO             PET1 PIOc_sync Exit - MemInfo: [malloc] Total space held (mmap + non-mmap):          5523776 Byte
20220312 000759.222 INFO             PET1 PIOc_sync Exit - MemInfo: [malloc] Total space used (mmap + non-mmap):          5387952 Byte
20220312 000759.222 INFO             PET1 PIOc_sync Exit - MemInfo: Wall-clock time since execution start:               0.150039 seconds
20220312 000759.222 INFO             PET1 PIOc_freedecomp Enter - MemInfo: [/proc/meminfo - SSI]	MemTotal:       65855856 kB
20220312 000759.222 INFO             PET1 PIOc_freedecomp Enter - MemInfo: [/proc/meminfo - SSI]	MemFree:        61152664 kB
20220312 000759.222 INFO             PET1 PIOc_freedecomp Enter - MemInfo: [/proc/meminfo - SSI]	MemAvailable:   60920128 kB
20220312 000759.222 INFO             PET1 PIOc_freedecomp Enter - MemInfo: [/proc/meminfo - SSI]	Committed_AS:    2933876 kB
20220312 000759.222 INFO             PET1 PIOc_freedecomp Enter - MemInfo: [/proc/meminfo - SSI]	CommittedPercent: 4.455 %
20220312 000759.222 INFO             PET1 PIOc_freedecomp Enter - MemInfo: [/proc/self/status]	VmPeak:	   62720 kB
20220312 000759.222 INFO             PET1 PIOc_freedecomp Enter - MemInfo: [/proc/self/status]	VmSize:	   62488 kB
20220312 000759.222 INFO             PET1 PIOc_freedecomp Enter - MemInfo: [/proc/self/status]	VmLck:	       0 kB
20220312 000759.222 INFO             PET1 PIOc_freedecomp Enter - MemInfo: [/proc/self/status]	VmPin:	       0 kB
20220312 000759.222 INFO             PET1 PIOc_freedecomp Enter - MemInfo: [/proc/self/status]	VmHWM:	   12796 kB
20220312 000759.222 INFO             PET1 PIOc_freedecomp Enter - MemInfo: [/proc/self/status]	VmRSS:	   12780 kB
20220312 000759.222 INFO             PET1 PIOc_freedecomp Enter - MemInfo: [/proc/self/status]	VmData:	    9632 kB
20220312 000759.222 INFO             PET1 PIOc_freedecomp Enter - MemInfo: [/proc/self/status]	VmStk:	     164 kB
20220312 000759.222 INFO             PET1 PIOc_freedecomp Enter - MemInfo: [/proc/self/status]	VmExe:	   27308 kB
20220312 000759.222 INFO             PET1 PIOc_freedecomp Enter - MemInfo: [/proc/self/status]	VmLib:	    1952 kB
20220312 000759.222 INFO             PET1 PIOc_freedecomp Enter - MemInfo: [/proc/self/status]	VmPTE:	     132 kB
20220312 000759.222 INFO             PET1 PIOc_freedecomp Enter - MemInfo: [/proc/self/status]	VmPMD:	      12 kB
20220312 000759.222 INFO             PET1 PIOc_freedecomp Enter - MemInfo: [/proc/self/status]	VmSwap:	       0 kB
20220312 000759.223 INFO             PET1 PIOc_freedecomp Enter - MemInfo: [/proc/self/status]	VmRSSPercent: 0.019406 %
20220312 000759.223 INFO             PET1 PIOc_freedecomp Enter - MemInfo: [malloc] Non-mmapped space allocated:                 1280320 Byte
20220312 000759.223 INFO             PET1 PIOc_freedecomp Enter - MemInfo: [malloc] Space allocated in mmapped regions:          4243456 Byte
20220312 000759.223 INFO             PET1 PIOc_freedecomp Enter - MemInfo: [malloc] Maximum total allocated space:                     0 Byte
20220312 000759.223 INFO             PET1 PIOc_freedecomp Enter - MemInfo: [malloc] Space in freed fastbin blocks:                    80 Byte
20220312 000759.223 INFO             PET1 PIOc_freedecomp Enter - MemInfo: [malloc] Total allocated space:                       1134944 Byte
20220312 000759.223 INFO             PET1 PIOc_freedecomp Enter - MemInfo: [malloc] Total free space:                             145376 Byte
20220312 000759.223 INFO             PET1 PIOc_freedecomp Enter - MemInfo: [malloc] Top-most, releasable space:                   130816 Byte
20220312 000759.223 INFO             PET1 PIOc_freedecomp Enter - MemInfo: [malloc] Total space in use, mmap + non-mmap:         5378400 Byte
20220312 000759.223 INFO             PET1 PIOc_freedecomp Enter - MemInfo: [malloc] Total space held (mmap + non-mmap):          5523776 Byte
20220312 000759.223 INFO             PET1 PIOc_freedecomp Enter - MemInfo: [malloc] Total space used (mmap + non-mmap):          5386608 Byte
20220312 000759.223 INFO             PET1 PIOc_freedecomp Enter - MemInfo: Wall-clock time since execution start:               0.150739 seconds
20220312 000759.223 INFO             PET1 PIOc_freedecomp Exit - MemInfo: [/proc/meminfo - SSI]	MemTotal:       65855856 kB
20220312 000759.223 INFO             PET1 PIOc_freedecomp Exit - MemInfo: [/proc/meminfo - SSI]	MemFree:        61152664 kB
20220312 000759.223 INFO             PET1 PIOc_freedecomp Exit - MemInfo: [/proc/meminfo - SSI]	MemAvailable:   60920128 kB
20220312 000759.223 INFO             PET1 PIOc_freedecomp Exit - MemInfo: [/proc/meminfo - SSI]	Committed_AS:    2933876 kB
20220312 000759.223 INFO             PET1 PIOc_freedecomp Exit - MemInfo: [/proc/meminfo - SSI]	CommittedPercent: 4.455 %
20220312 000759.223 INFO             PET1 PIOc_freedecomp Exit - MemInfo: [/proc/self/status]	VmPeak:	   62720 kB
20220312 000759.223 INFO             PET1 PIOc_freedecomp Exit - MemInfo: [/proc/self/status]	VmSize:	   62488 kB
20220312 000759.223 INFO             PET1 PIOc_freedecomp Exit - MemInfo: [/proc/self/status]	VmLck:	       0 kB
20220312 000759.223 INFO             PET1 PIOc_freedecomp Exit - MemInfo: [/proc/self/status]	VmPin:	       0 kB
20220312 000759.223 INFO             PET1 PIOc_freedecomp Exit - MemInfo: [/proc/self/status]	VmHWM:	   12796 kB
20220312 000759.223 INFO             PET1 PIOc_freedecomp Exit - MemInfo: [/proc/self/status]	VmRSS:	   12780 kB
20220312 000759.223 INFO             PET1 PIOc_freedecomp Exit - MemInfo: [/proc/self/status]	VmData:	    9632 kB
20220312 000759.223 INFO             PET1 PIOc_freedecomp Exit - MemInfo: [/proc/self/status]	VmStk:	     164 kB
20220312 000759.223 INFO             PET1 PIOc_freedecomp Exit - MemInfo: [/proc/self/status]	VmExe:	   27308 kB
20220312 000759.223 INFO             PET1 PIOc_freedecomp Exit - MemInfo: [/proc/self/status]	VmLib:	    1952 kB
20220312 000759.223 INFO             PET1 PIOc_freedecomp Exit - MemInfo: [/proc/self/status]	VmPTE:	     132 kB
20220312 000759.223 INFO             PET1 PIOc_freedecomp Exit - MemInfo: [/proc/self/status]	VmPMD:	      12 kB
20220312 000759.223 INFO             PET1 PIOc_freedecomp Exit - MemInfo: [/proc/self/status]	VmSwap:	       0 kB
20220312 000759.223 INFO             PET1 PIOc_freedecomp Exit - MemInfo: [/proc/self/status]	VmRSSPercent: 0.019406 %
20220312 000759.223 INFO             PET1 PIOc_freedecomp Exit - MemInfo: [malloc] Non-mmapped space allocated:                 1280320 Byte
20220312 000759.223 INFO             PET1 PIOc_freedecomp Exit - MemInfo: [malloc] Space allocated in mmapped regions:          4243456 Byte
20220312 000759.223 INFO             PET1 PIOc_freedecomp Exit - MemInfo: [malloc] Maximum total allocated space:                     0 Byte
20220312 000759.223 INFO             PET1 PIOc_freedecomp Exit - MemInfo: [malloc] Space in freed fastbin blocks:                   464 Byte
20220312 000759.223 INFO             PET1 PIOc_freedecomp Exit - MemInfo: [malloc] Total allocated space:                       1132896 Byte
20220312 000759.223 INFO             PET1 PIOc_freedecomp Exit - MemInfo: [malloc] Total free space:                             147424 Byte
20220312 000759.223 INFO             PET1 PIOc_freedecomp Exit - MemInfo: [malloc] Top-most, releasable space:                   130592 Byte
20220312 000759.223 INFO             PET1 PIOc_freedecomp Exit - MemInfo: [malloc] Total space in use, mmap + non-mmap:         5376352 Byte
20220312 000759.223 INFO             PET1 PIOc_freedecomp Exit - MemInfo: [malloc] Total space held (mmap + non-mmap):          5523776 Byte
20220312 000759.223 INFO             PET1 PIOc_freedecomp Exit - MemInfo: [malloc] Total space used (mmap + non-mmap):          5384672 Byte
20220312 000759.223 INFO             PET1 PIOc_freedecomp Exit - MemInfo: Wall-clock time since execution start:               0.151195 seconds
20220312 000759.224 INFO             PET1 PIOc_sync Enter - MemInfo: [/proc/meminfo - SSI]	MemTotal:       65855856 kB
20220312 000759.224 INFO             PET1 PIOc_sync Enter - MemInfo: [/proc/meminfo - SSI]	MemFree:        61152160 kB
20220312 000759.225 INFO             PET1 PIOc_sync Enter - MemInfo: [/proc/meminfo - SSI]	MemAvailable:   60919624 kB
20220312 000759.225 INFO             PET1 PIOc_sync Enter - MemInfo: [/proc/meminfo - SSI]	Committed_AS:    2933876 kB
20220312 000759.225 INFO             PET1 PIOc_sync Enter - MemInfo: [/proc/meminfo - SSI]	CommittedPercent: 4.455 %
20220312 000759.225 INFO             PET1 PIOc_sync Enter - MemInfo: [/proc/self/status]	VmPeak:	   62720 kB
20220312 000759.225 INFO             PET1 PIOc_sync Enter - MemInfo: [/proc/self/status]	VmSize:	   62488 kB
20220312 000759.225 INFO             PET1 PIOc_sync Enter - MemInfo: [/proc/self/status]	VmLck:	       0 kB
20220312 000759.225 INFO             PET1 PIOc_sync Enter - MemInfo: [/proc/self/status]	VmPin:	       0 kB
20220312 000759.225 INFO             PET1 PIOc_sync Enter - MemInfo: [/proc/self/status]	VmHWM:	   12796 kB
20220312 000759.225 INFO             PET1 PIOc_sync Enter - MemInfo: [/proc/self/status]	VmRSS:	   12780 kB
20220312 000759.225 INFO             PET1 PIOc_sync Enter - MemInfo: [/proc/self/status]	VmData:	    9632 kB
20220312 000759.225 INFO             PET1 PIOc_sync Enter - MemInfo: [/proc/self/status]	VmStk:	     164 kB
20220312 000759.225 INFO             PET1 PIOc_sync Enter - MemInfo: [/proc/self/status]	VmExe:	   27308 kB
20220312 000759.225 INFO             PET1 PIOc_sync Enter - MemInfo: [/proc/self/status]	VmLib:	    1952 kB
20220312 000759.225 INFO             PET1 PIOc_sync Enter - MemInfo: [/proc/self/status]	VmPTE:	     132 kB
20220312 000759.225 INFO             PET1 PIOc_sync Enter - MemInfo: [/proc/self/status]	VmPMD:	      12 kB
20220312 000759.225 INFO             PET1 PIOc_sync Enter - MemInfo: [/proc/self/status]	VmSwap:	       0 kB
20220312 000759.225 INFO             PET1 PIOc_sync Enter - MemInfo: [/proc/self/status]	VmRSSPercent: 0.019406 %
20220312 000759.225 INFO             PET1 PIOc_sync Enter - MemInfo: [malloc] Non-mmapped space allocated:                 1280320 Byte
20220312 000759.225 INFO             PET1 PIOc_sync Enter - MemInfo: [malloc] Space allocated in mmapped regions:          4243456 Byte
20220312 000759.225 INFO             PET1 PIOc_sync Enter - MemInfo: [malloc] Maximum total allocated space:                     0 Byte
20220312 000759.225 INFO             PET1 PIOc_sync Enter - MemInfo: [malloc] Space in freed fastbin blocks:                   160 Byte
20220312 000759.225 INFO             PET1 PIOc_sync Enter - MemInfo: [malloc] Total allocated space:                       1136640 Byte
20220312 000759.225 INFO             PET1 PIOc_sync Enter - MemInfo: [malloc] Total free space:                             143680 Byte
20220312 000759.225 INFO             PET1 PIOc_sync Enter - MemInfo: [malloc] Top-most, releasable space:                   130368 Byte
20220312 000759.225 INFO             PET1 PIOc_sync Enter - MemInfo: [malloc] Total space in use, mmap + non-mmap:         5380096 Byte
20220312 000759.225 INFO             PET1 PIOc_sync Enter - MemInfo: [malloc] Total space held (mmap + non-mmap):          5523776 Byte
20220312 000759.225 INFO             PET1 PIOc_sync Enter - MemInfo: [malloc] Total space used (mmap + non-mmap):          5388304 Byte
20220312 000759.225 INFO             PET1 PIOc_sync Enter - MemInfo: Wall-clock time since execution start:               0.152988 seconds
20220312 000759.225 INFO             PET1 PIOc_sync Exit - MemInfo: [/proc/meminfo - SSI]	MemTotal:       65855856 kB
20220312 000759.225 INFO             PET1 PIOc_sync Exit - MemInfo: [/proc/meminfo - SSI]	MemFree:        61152160 kB
20220312 000759.225 INFO             PET1 PIOc_sync Exit - MemInfo: [/proc/meminfo - SSI]	MemAvailable:   60919624 kB
20220312 000759.225 INFO             PET1 PIOc_sync Exit - MemInfo: [/proc/meminfo - SSI]	Committed_AS:    2933876 kB
20220312 000759.225 INFO             PET1 PIOc_sync Exit - MemInfo: [/proc/meminfo - SSI]	CommittedPercent: 4.455 %
20220312 000759.225 INFO             PET1 PIOc_sync Exit - MemInfo: [/proc/self/status]	VmPeak:	   62720 kB
20220312 000759.225 INFO             PET1 PIOc_sync Exit - MemInfo: [/proc/self/status]	VmSize:	   62488 kB
20220312 000759.225 INFO             PET1 PIOc_sync Exit - MemInfo: [/proc/self/status]	VmLck:	       0 kB
20220312 000759.225 INFO             PET1 PIOc_sync Exit - MemInfo: [/proc/self/status]	VmPin:	       0 kB
20220312 000759.225 INFO             PET1 PIOc_sync Exit - MemInfo: [/proc/self/status]	VmHWM:	   12796 kB
20220312 000759.225 INFO             PET1 PIOc_sync Exit - MemInfo: [/proc/self/status]	VmRSS:	   12780 kB
20220312 000759.225 INFO             PET1 PIOc_sync Exit - MemInfo: [/proc/self/status]	VmData:	    9632 kB
20220312 000759.225 INFO             PET1 PIOc_sync Exit - MemInfo: [/proc/self/status]	VmStk:	     164 kB
20220312 000759.225 INFO             PET1 PIOc_sync Exit - MemInfo: [/proc/self/status]	VmExe:	   27308 kB
20220312 000759.225 INFO             PET1 PIOc_sync Exit - MemInfo: [/proc/self/status]	VmLib:	    1952 kB
20220312 000759.225 INFO             PET1 PIOc_sync Exit - MemInfo: [/proc/self/status]	VmPTE:	     132 kB
20220312 000759.225 INFO             PET1 PIOc_sync Exit - MemInfo: [/proc/self/status]	VmPMD:	      12 kB
20220312 000759.225 INFO             PET1 PIOc_sync Exit - MemInfo: [/proc/self/status]	VmSwap:	       0 kB
20220312 000759.225 INFO             PET1 PIOc_sync Exit - MemInfo: [/proc/self/status]	VmRSSPercent: 0.019406 %
20220312 000759.225 INFO             PET1 PIOc_sync Exit - MemInfo: [malloc] Non-mmapped space allocated:                 1280320 Byte
20220312 000759.225 INFO             PET1 PIOc_sync Exit - MemInfo: [malloc] Space allocated in mmapped regions:          4243456 Byte
20220312 000759.225 INFO             PET1 PIOc_sync Exit - MemInfo: [malloc] Maximum total allocated space:                     0 Byte
20220312 000759.225 INFO             PET1 PIOc_sync Exit - MemInfo: [malloc] Space in freed fastbin blocks:                     0 Byte
20220312 000759.225 INFO             PET1 PIOc_sync Exit - MemInfo: [malloc] Total allocated space:                       1136640 Byte
20220312 000759.225 INFO             PET1 PIOc_sync Exit - MemInfo: [malloc] Total free space:                             143680 Byte
20220312 000759.225 INFO             PET1 PIOc_sync Exit - MemInfo: [malloc] Top-most, releasable space:                   130144 Byte
20220312 000759.225 INFO             PET1 PIOc_sync Exit - MemInfo: [malloc] Total space in use, mmap + non-mmap:         5380096 Byte
20220312 000759.225 INFO             PET1 PIOc_sync Exit - MemInfo: [malloc] Total space held (mmap + non-mmap):          5523776 Byte
20220312 000759.226 INFO             PET1 PIOc_sync Exit - MemInfo: [malloc] Total space used (mmap + non-mmap):          5388304 Byte
20220312 000759.226 INFO             PET1 PIOc_sync Exit - MemInfo: Wall-clock time since execution start:               0.153602 seconds
20220312 000759.226 INFO             PET1 PIOc_freedecomp Enter - MemInfo: [/proc/meminfo - SSI]	MemTotal:       65855856 kB
20220312 000759.226 INFO             PET1 PIOc_freedecomp Enter - MemInfo: [/proc/meminfo - SSI]	MemFree:        61152160 kB
20220312 000759.226 INFO             PET1 PIOc_freedecomp Enter - MemInfo: [/proc/meminfo - SSI]	MemAvailable:   60919624 kB
20220312 000759.226 INFO             PET1 PIOc_freedecomp Enter - MemInfo: [/proc/meminfo - SSI]	Committed_AS:    2933876 kB
20220312 000759.226 INFO             PET1 PIOc_freedecomp Enter - MemInfo: [/proc/meminfo - SSI]	CommittedPercent: 4.455 %
20220312 000759.226 INFO             PET1 PIOc_freedecomp Enter - MemInfo: [/proc/self/status]	VmPeak:	   62720 kB
20220312 000759.226 INFO             PET1 PIOc_freedecomp Enter - MemInfo: [/proc/self/status]	VmSize:	   62488 kB
20220312 000759.226 INFO             PET1 PIOc_freedecomp Enter - MemInfo: [/proc/self/status]	VmLck:	       0 kB
20220312 000759.226 INFO             PET1 PIOc_freedecomp Enter - MemInfo: [/proc/self/status]	VmPin:	       0 kB
20220312 000759.226 INFO             PET1 PIOc_freedecomp Enter - MemInfo: [/proc/self/status]	VmHWM:	   12796 kB
20220312 000759.226 INFO             PET1 PIOc_freedecomp Enter - MemInfo: [/proc/self/status]	VmRSS:	   12780 kB
20220312 000759.226 INFO             PET1 PIOc_freedecomp Enter - MemInfo: [/proc/self/status]	VmData:	    9632 kB
20220312 000759.226 INFO             PET1 PIOc_freedecomp Enter - MemInfo: [/proc/self/status]	VmStk:	     164 kB
20220312 000759.226 INFO             PET1 PIOc_freedecomp Enter - MemInfo: [/proc/self/status]	VmExe:	   27308 kB
20220312 000759.226 INFO             PET1 PIOc_freedecomp Enter - MemInfo: [/proc/self/status]	VmLib:	    1952 kB
20220312 000759.226 INFO             PET1 PIOc_freedecomp Enter - MemInfo: [/proc/self/status]	VmPTE:	     132 kB
20220312 000759.226 INFO             PET1 PIOc_freedecomp Enter - MemInfo: [/proc/self/status]	VmPMD:	      12 kB
20220312 000759.226 INFO             PET1 PIOc_freedecomp Enter - MemInfo: [/proc/self/status]	VmSwap:	       0 kB
20220312 000759.226 INFO             PET1 PIOc_freedecomp Enter - MemInfo: [/proc/self/status]	VmRSSPercent: 0.019406 %
20220312 000759.226 INFO             PET1 PIOc_freedecomp Enter - MemInfo: [malloc] Non-mmapped space allocated:                 1280320 Byte
20220312 000759.226 INFO             PET1 PIOc_freedecomp Enter - MemInfo: [malloc] Space allocated in mmapped regions:          4243456 Byte
20220312 000759.226 INFO             PET1 PIOc_freedecomp Enter - MemInfo: [malloc] Maximum total allocated space:                     0 Byte
20220312 000759.226 INFO             PET1 PIOc_freedecomp Enter - MemInfo: [malloc] Space in freed fastbin blocks:                    80 Byte
20220312 000759.226 INFO             PET1 PIOc_freedecomp Enter - MemInfo: [malloc] Total allocated space:                       1135600 Byte
20220312 000759.226 INFO             PET1 PIOc_freedecomp Enter - MemInfo: [malloc] Total free space:                             144720 Byte
20220312 000759.226 INFO             PET1 PIOc_freedecomp Enter - MemInfo: [malloc] Top-most, releasable space:                   129920 Byte
20220312 000759.226 INFO             PET1 PIOc_freedecomp Enter - MemInfo: [malloc] Total space in use, mmap + non-mmap:         5379056 Byte
20220312 000759.226 INFO             PET1 PIOc_freedecomp Enter - MemInfo: [malloc] Total space held (mmap + non-mmap):          5523776 Byte
20220312 000759.226 INFO             PET1 PIOc_freedecomp Enter - MemInfo: [malloc] Total space used (mmap + non-mmap):          5387264 Byte
20220312 000759.226 INFO             PET1 PIOc_freedecomp Enter - MemInfo: Wall-clock time since execution start:               0.154263 seconds
20220312 000759.226 INFO             PET1 PIOc_freedecomp Exit - MemInfo: [/proc/meminfo - SSI]	MemTotal:       65855856 kB
20220312 000759.226 INFO             PET1 PIOc_freedecomp Exit - MemInfo: [/proc/meminfo - SSI]	MemFree:        61152160 kB
20220312 000759.226 INFO             PET1 PIOc_freedecomp Exit - MemInfo: [/proc/meminfo - SSI]	MemAvailable:   60919624 kB
20220312 000759.226 INFO             PET1 PIOc_freedecomp Exit - MemInfo: [/proc/meminfo - SSI]	Committed_AS:    2933876 kB
20220312 000759.226 INFO             PET1 PIOc_freedecomp Exit - MemInfo: [/proc/meminfo - SSI]	CommittedPercent: 4.455 %
20220312 000759.226 INFO             PET1 PIOc_freedecomp Exit - MemInfo: [/proc/self/status]	VmPeak:	   62720 kB
20220312 000759.226 INFO             PET1 PIOc_freedecomp Exit - MemInfo: [/proc/self/status]	VmSize:	   62488 kB
20220312 000759.226 INFO             PET1 PIOc_freedecomp Exit - MemInfo: [/proc/self/status]	VmLck:	       0 kB
20220312 000759.226 INFO             PET1 PIOc_freedecomp Exit - MemInfo: [/proc/self/status]	VmPin:	       0 kB
20220312 000759.226 INFO             PET1 PIOc_freedecomp Exit - MemInfo: [/proc/self/status]	VmHWM:	   12796 kB
20220312 000759.226 INFO             PET1 PIOc_freedecomp Exit - MemInfo: [/proc/self/status]	VmRSS:	   12780 kB
20220312 000759.226 INFO             PET1 PIOc_freedecomp Exit - MemInfo: [/proc/self/status]	VmData:	    9632 kB
20220312 000759.226 INFO             PET1 PIOc_freedecomp Exit - MemInfo: [/proc/self/status]	VmStk:	     164 kB
20220312 000759.226 INFO             PET1 PIOc_freedecomp Exit - MemInfo: [/proc/self/status]	VmExe:	   27308 kB
20220312 000759.226 INFO             PET1 PIOc_freedecomp Exit - MemInfo: [/proc/self/status]	VmLib:	    1952 kB
20220312 000759.226 INFO             PET1 PIOc_freedecomp Exit - MemInfo: [/proc/self/status]	VmPTE:	     132 kB
20220312 000759.226 INFO             PET1 PIOc_freedecomp Exit - MemInfo: [/proc/self/status]	VmPMD:	      12 kB
20220312 000759.226 INFO             PET1 PIOc_freedecomp Exit - MemInfo: [/proc/self/status]	VmSwap:	       0 kB
20220312 000759.226 INFO             PET1 PIOc_freedecomp Exit - MemInfo: [/proc/self/status]	VmRSSPercent: 0.019406 %
20220312 000759.226 INFO             PET1 PIOc_freedecomp Exit - MemInfo: [malloc] Non-mmapped space allocated:                 1280320 Byte
20220312 000759.226 INFO             PET1 PIOc_freedecomp Exit - MemInfo: [malloc] Space allocated in mmapped regions:          4243456 Byte
20220312 000759.226 INFO             PET1 PIOc_freedecomp Exit - MemInfo: [malloc] Maximum total allocated space:                     0 Byte
20220312 000759.227 INFO             PET1 PIOc_freedecomp Exit - MemInfo: [malloc] Space in freed fastbin blocks:                   512 Byte
20220312 000759.227 INFO             PET1 PIOc_freedecomp Exit - MemInfo: [malloc] Total allocated space:                       1133504 Byte
20220312 000759.227 INFO             PET1 PIOc_freedecomp Exit - MemInfo: [malloc] Total free space:                             146816 Byte
20220312 000759.227 INFO             PET1 PIOc_freedecomp Exit - MemInfo: [malloc] Top-most, releasable space:                   129696 Byte
20220312 000759.227 INFO             PET1 PIOc_freedecomp Exit - MemInfo: [malloc] Total space in use, mmap + non-mmap:         5376960 Byte
20220312 000759.227 INFO             PET1 PIOc_freedecomp Exit - MemInfo: [malloc] Total space held (mmap + non-mmap):          5523776 Byte
20220312 000759.227 INFO             PET1 PIOc_freedecomp Exit - MemInfo: [malloc] Total space used (mmap + non-mmap):          5385168 Byte
20220312 000759.227 INFO             PET1 PIOc_freedecomp Exit - MemInfo: Wall-clock time since execution start:               0.154687 seconds
20220312 000759.227 INFO             PET1 PASS ESMC_FieldRegridStoreFile test, ESMC_FieldSMMFromFileUTest.C, line 199
20220312 000759.233 INFO             PET1 PASS ESMC_FieldSMMStore from File test, ESMC_FieldSMMFromFileUTest.C, line 229
20220312 000759.233 INFO             PET1 PASS ESMC_FieldSMMStore From File validation, ESMC_FieldSMMFromFileUTest.C, line 257
20220312 000759.233 INFO             PET1 PASS ESMC_FieldRegridRelease, ESMC_FieldSMMFromFileUTest.C, line 271
20220312 000759.234 INFO             PET1 Ending Test, file ESMC_FieldSMMFromFileUTest.C, line 289
20220312 000759.234 INFO             PET1 Finalizing ESMF
20220312 000759.088 INFO             PET2 !!!!!!!!!!!!!!!!!!!!!!!!!!!!!!!!!!!!!!!!!!!!!!!!!!!!!!
20220312 000759.088 INFO             PET2 !!! THE ESMF_LOG IS SET TO OUTPUT ALL LOG MESSAGES !!!
20220312 000759.088 INFO             PET2 !!!     THIS MAY CAUSE SLOWDOWN IN PERFORMANCE     !!!
20220312 000759.088 INFO             PET2 !!! FOR PRODUCTION RUNS, USE:                      !!!
20220312 000759.088 INFO             PET2 !!!                   ESMF_LOGKIND_Multi_On_Error  !!!
20220312 000759.088 INFO             PET2 !!!!!!!!!!!!!!!!!!!!!!!!!!!!!!!!!!!!!!!!!!!!!!!!!!!!!!
20220312 000759.088 INFO             PET2 Running with ESMF Version   : v8.3.0b09-96-g559b459836
20220312 000759.088 INFO             PET2 ESMF library build date/time: "Mar 11 2022" "23:25:51"
20220312 000759.088 INFO             PET2 ESMF library build location : /lustre/f2/dev/ncep/Mark.Potts/gfortran_8.3.0_mpi_O_jedwards_pio_update2
20220312 000759.088 INFO             PET2 ESMF_COMM                   : mpi
20220312 000759.089 INFO             PET2 ESMF_MOAB                   : enabled
20220312 000759.089 INFO             PET2 ESMF_LAPACK                 : enabled
20220312 000759.089 INFO             PET2 ESMF_NETCDF                 : enabled
20220312 000759.089 INFO             PET2 ESMF_PNETCDF                : disabled
20220312 000759.089 INFO             PET2 ESMF_PIO                    : enabled
20220312 000759.089 INFO             PET2 ESMF_YAMLCPP                : enabled
20220312 000759.089 INFO             PET2 Beginning Test, file ESMC_FieldSMMFromFileUTest.C, line 41
20220312 000759.089 INFO             PET2 Beginning Test, file ESMC_FieldSMMFromFileUTest.C, line 41NUMBER_OF_PROCESSORS 4
20220312 000759.215 INFO             PET2 PIOc_sync Enter - MemInfo: [/proc/meminfo - SSI]	MemTotal:       65855856 kB
20220312 000759.215 INFO             PET2 PIOc_sync Enter - MemInfo: [/proc/meminfo - SSI]	MemFree:        61149136 kB
20220312 000759.215 INFO             PET2 PIOc_sync Enter - MemInfo: [/proc/meminfo - SSI]	MemAvailable:   60916600 kB
20220312 000759.215 INFO             PET2 PIOc_sync Enter - MemInfo: [/proc/meminfo - SSI]	Committed_AS:    2933492 kB
20220312 000759.215 INFO             PET2 PIOc_sync Enter - MemInfo: [/proc/meminfo - SSI]	CommittedPercent: 4.45441 %
20220312 000759.215 INFO             PET2 PIOc_sync Enter - MemInfo: [/proc/self/status]	VmPeak:	   62720 kB
20220312 000759.215 INFO             PET2 PIOc_sync Enter - MemInfo: [/proc/self/status]	VmSize:	   62524 kB
20220312 000759.215 INFO             PET2 PIOc_sync Enter - MemInfo: [/proc/self/status]	VmLck:	       0 kB
20220312 000759.215 INFO             PET2 PIOc_sync Enter - MemInfo: [/proc/self/status]	VmPin:	       0 kB
20220312 000759.215 INFO             PET2 PIOc_sync Enter - MemInfo: [/proc/self/status]	VmHWM:	   12728 kB
20220312 000759.215 INFO             PET2 PIOc_sync Enter - MemInfo: [/proc/self/status]	VmRSS:	   12728 kB
20220312 000759.215 INFO             PET2 PIOc_sync Enter - MemInfo: [/proc/self/status]	VmData:	    9632 kB
20220312 000759.215 INFO             PET2 PIOc_sync Enter - MemInfo: [/proc/self/status]	VmStk:	     164 kB
20220312 000759.215 INFO             PET2 PIOc_sync Enter - MemInfo: [/proc/self/status]	VmExe:	   27308 kB
20220312 000759.215 INFO             PET2 PIOc_sync Enter - MemInfo: [/proc/self/status]	VmLib:	    1952 kB
20220312 000759.215 INFO             PET2 PIOc_sync Enter - MemInfo: [/proc/self/status]	VmPTE:	     124 kB
20220312 000759.215 INFO             PET2 PIOc_sync Enter - MemInfo: [/proc/self/status]	VmPMD:	      12 kB
20220312 000759.215 INFO             PET2 PIOc_sync Enter - MemInfo: [/proc/self/status]	VmSwap:	       0 kB
20220312 000759.215 INFO             PET2 PIOc_sync Enter - MemInfo: [/proc/self/status]	VmRSSPercent: 0.0193271 %
20220312 000759.215 INFO             PET2 PIOc_sync Enter - MemInfo: [malloc] Non-mmapped space allocated:                 1280320 Byte
20220312 000759.215 INFO             PET2 PIOc_sync Enter - MemInfo: [malloc] Space allocated in mmapped regions:          4243456 Byte
20220312 000759.215 INFO             PET2 PIOc_sync Enter - MemInfo: [malloc] Maximum total allocated space:                     0 Byte
20220312 000759.216 INFO             PET2 PIOc_sync Enter - MemInfo: [malloc] Space in freed fastbin blocks:                     0 Byte
20220312 000759.216 INFO             PET2 PIOc_sync Enter - MemInfo: [malloc] Total allocated space:                       1131472 Byte
20220312 000759.216 INFO             PET2 PIOc_sync Enter - MemInfo: [malloc] Total free space:                             148848 Byte
20220312 000759.216 INFO             PET2 PIOc_sync Enter - MemInfo: [malloc] Top-most, releasable space:                   133136 Byte
20220312 000759.216 INFO             PET2 PIOc_sync Enter - MemInfo: [malloc] Total space in use, mmap + non-mmap:         5374928 Byte
20220312 000759.216 INFO             PET2 PIOc_sync Enter - MemInfo: [malloc] Total space held (mmap + non-mmap):          5523776 Byte
20220312 000759.216 INFO             PET2 PIOc_sync Enter - MemInfo: [malloc] Total space used (mmap + non-mmap):          5383728 Byte
20220312 000759.216 INFO             PET2 PIOc_sync Enter - MemInfo: Wall-clock time since execution start:               0.143908 seconds
20220312 000759.216 INFO             PET2 PIOc_sync Exit - MemInfo: [/proc/meminfo - SSI]	MemTotal:       65855856 kB
20220312 000759.216 INFO             PET2 PIOc_sync Exit - MemInfo: [/proc/meminfo - SSI]	MemFree:        61148632 kB
20220312 000759.216 INFO             PET2 PIOc_sync Exit - MemInfo: [/proc/meminfo - SSI]	MemAvailable:   60916096 kB
20220312 000759.216 INFO             PET2 PIOc_sync Exit - MemInfo: [/proc/meminfo - SSI]	Committed_AS:    2933492 kB
20220312 000759.216 INFO             PET2 PIOc_sync Exit - MemInfo: [/proc/meminfo - SSI]	CommittedPercent: 4.45441 %
20220312 000759.216 INFO             PET2 PIOc_sync Exit - MemInfo: [/proc/self/status]	VmPeak:	   62720 kB
20220312 000759.216 INFO             PET2 PIOc_sync Exit - MemInfo: [/proc/self/status]	VmSize:	   62524 kB
20220312 000759.216 INFO             PET2 PIOc_sync Exit - MemInfo: [/proc/self/status]	VmLck:	       0 kB
20220312 000759.216 INFO             PET2 PIOc_sync Exit - MemInfo: [/proc/self/status]	VmPin:	       0 kB
20220312 000759.216 INFO             PET2 PIOc_sync Exit - MemInfo: [/proc/self/status]	VmHWM:	   12728 kB
20220312 000759.216 INFO             PET2 PIOc_sync Exit - MemInfo: [/proc/self/status]	VmRSS:	   12728 kB
20220312 000759.216 INFO             PET2 PIOc_sync Exit - MemInfo: [/proc/self/status]	VmData:	    9632 kB
