build time -- 2022-03-14 00:29:56
20220314 011217.474 INFO             PET0 !!!!!!!!!!!!!!!!!!!!!!!!!!!!!!!!!!!!!!!!!!!!!!!!!!!!!!
20220314 011217.475 INFO             PET0 !!! THE ESMF_LOG IS SET TO OUTPUT ALL LOG MESSAGES !!!
20220314 011217.475 INFO             PET0 !!!     THIS MAY CAUSE SLOWDOWN IN PERFORMANCE     !!!
20220314 011217.475 INFO             PET0 !!! FOR PRODUCTION RUNS, USE:                      !!!
20220314 011217.475 INFO             PET0 !!!                   ESMF_LOGKIND_Multi_On_Error  !!!
20220314 011217.475 INFO             PET0 !!!!!!!!!!!!!!!!!!!!!!!!!!!!!!!!!!!!!!!!!!!!!!!!!!!!!!
20220314 011217.475 INFO             PET0 Running with ESMF Version   : v8.3.0b09-96-g559b459836
20220314 011217.475 INFO             PET0 ESMF library build date/time: "Mar 14 2022" "00:28:19"
20220314 011217.475 INFO             PET0 ESMF library build location : /lustre/f2/dev/ncep/Mark.Potts/gfortran_8.3.0_mpi_O_jedwards_pio_update2
20220314 011217.475 INFO             PET0 ESMF_COMM                   : mpi
20220314 011217.476 INFO             PET0 ESMF_MOAB                   : enabled
20220314 011217.476 INFO             PET0 ESMF_LAPACK                 : enabled
20220314 011217.476 INFO             PET0 ESMF_NETCDF                 : enabled
20220314 011217.476 INFO             PET0 ESMF_PNETCDF                : disabled
20220314 011217.476 INFO             PET0 ESMF_PIO                    : enabled
20220314 011217.476 INFO             PET0 ESMF_YAMLCPP                : enabled
20220314 011217.480 INFO             PET0 Beginning Test, file ESMC_FieldRegridUTest.C, line 68
20220314 011217.480 INFO             PET0 Beginning Test, file ESMC_FieldRegridUTest.C, line 68NUMBER_OF_PROCESSORS 1
20220314 011217.481 INFO             PET0 PASS MeshCreate, ESMC_FieldRegridUTest.C, line 125
20220314 011217.483 INFO             PET0 PASS MeshAddNodes, ESMC_FieldRegridUTest.C, line 133
20220314 011217.487 INFO             PET0 PASS MeshAddElements, ESMC_FieldRegridUTest.C, line 142
20220314 011217.487 INFO             PET0 PASS MeshGetLocalNodeCount, ESMC_FieldRegridUTest.C, line 152
20220314 011217.487 INFO             PET0 PASS MeshGetLocalElementCount, ESMC_FieldRegridUTest.C, line 163
20220314 011217.487 INFO             PET0 PASS MeshCreate, ESMC_FieldRegridUTest.C, line 231
20220314 011217.487 INFO             PET0 PASS MeshAddNodes, ESMC_FieldRegridUTest.C, line 239
20220314 011217.487 INFO             PET0 PASS MeshAddElements, ESMC_FieldRegridUTest.C, line 248
20220314 011217.487 INFO             PET0 PASS MeshGetLocalNodeCount, ESMC_FieldRegridUTest.C, line 258
20220314 011217.487 INFO             PET0 PASS MeshGetLocalElementCount, ESMC_FieldRegridUTest.C, line 269
20220314 011217.515 INFO             PET0 PASS Create ESMC_Field object, ESMC_FieldRegridUTest.C, line 284
20220314 011217.515 INFO             PET0 PASS Create ESMC_Field object, ESMC_FieldRegridUTest.C, line 293
20220314 011217.516 INFO             PET0 PASS Get a void * C pointer to data from ESMC_Field object, ESMC_FieldRegridUTest.C, line 306
20220314 011217.516 INFO             PET0 PASS Get a void * C pointer to data from ESMC_Field object, ESMC_FieldRegridUTest.C, line 325
20220314 011217.516 INFO             PET0 PASS Create an InterArray for maskValues in ESMC_FieldRegridStore(), ESMC_FieldRegridUTest.C, line 343
20220314 011217.710 INFO             PET0 PIOc_sync Enter - MemInfo: [/proc/meminfo - SSI]	MemTotal:       65855856 kB
20220314 011217.710 INFO             PET0 PIOc_sync Enter - MemInfo: [/proc/meminfo - SSI]	MemFree:        61357176 kB
20220314 011217.710 INFO             PET0 PIOc_sync Enter - MemInfo: [/proc/meminfo - SSI]	MemAvailable:   61125004 kB
20220314 011217.711 INFO             PET0 PIOc_sync Enter - MemInfo: [/proc/meminfo - SSI]	Committed_AS:    2779628 kB
20220314 011217.711 INFO             PET0 PIOc_sync Enter - MemInfo: [/proc/meminfo - SSI]	CommittedPercent: 4.22078 %
20220314 011217.711 INFO             PET0 PIOc_sync Enter - MemInfo: [/proc/self/status]	VmPeak:	   56716 kB
20220314 011217.711 INFO             PET0 PIOc_sync Enter - MemInfo: [/proc/self/status]	VmSize:	   56716 kB
20220314 011217.711 INFO             PET0 PIOc_sync Enter - MemInfo: [/proc/self/status]	VmLck:	       0 kB
20220314 011217.711 INFO             PET0 PIOc_sync Enter - MemInfo: [/proc/self/status]	VmPin:	       0 kB
20220314 011217.711 INFO             PET0 PIOc_sync Enter - MemInfo: [/proc/self/status]	VmHWM:	   19596 kB
20220314 011217.711 INFO             PET0 PIOc_sync Enter - MemInfo: [/proc/self/status]	VmRSS:	   19596 kB
20220314 011217.711 INFO             PET0 PIOc_sync Enter - MemInfo: [/proc/self/status]	VmData:	   21076 kB
20220314 011217.711 INFO             PET0 PIOc_sync Enter - MemInfo: [/proc/self/status]	VmStk:	     164 kB
20220314 011217.711 INFO             PET0 PIOc_sync Enter - MemInfo: [/proc/self/status]	VmExe:	   27324 kB
20220314 011217.711 INFO             PET0 PIOc_sync Enter - MemInfo: [/proc/self/status]	VmLib:	    1952 kB
20220314 011217.711 INFO             PET0 PIOc_sync Enter - MemInfo: [/proc/self/status]	VmPTE:	     124 kB
20220314 011217.711 INFO             PET0 PIOc_sync Enter - MemInfo: [/proc/self/status]	VmPMD:	      12 kB
20220314 011217.711 INFO             PET0 PIOc_sync Enter - MemInfo: [/proc/self/status]	VmSwap:	       0 kB
20220314 011217.711 INFO             PET0 PIOc_sync Enter - MemInfo: [/proc/self/status]	VmRSSPercent: 0.0297559 %
20220314 011217.711 INFO             PET0 PIOc_sync Enter - MemInfo: [malloc] Non-mmapped space allocated:                 1292608 Byte
20220314 011217.711 INFO             PET0 PIOc_sync Enter - MemInfo: [malloc] Space allocated in mmapped regions:         15949824 Byte
20220314 011217.711 INFO             PET0 PIOc_sync Enter - MemInfo: [malloc] Maximum total allocated space:                     0 Byte
20220314 011217.711 INFO             PET0 PIOc_sync Enter - MemInfo: [malloc] Space in freed fastbin blocks:                     0 Byte
20220314 011217.711 INFO             PET0 PIOc_sync Enter - MemInfo: [malloc] Total allocated space:                       1126896 Byte
20220314 011217.711 INFO             PET0 PIOc_sync Enter - MemInfo: [malloc] Total free space:                             165712 Byte
20220314 011217.712 INFO             PET0 PIOc_sync Enter - MemInfo: [malloc] Top-most, releasable space:                   165712 Byte
20220314 011217.712 INFO             PET0 PIOc_sync Enter - MemInfo: [malloc] Total space in use, mmap + non-mmap:        17076720 Byte
20220314 011217.712 INFO             PET0 PIOc_sync Enter - MemInfo: [malloc] Total space held (mmap + non-mmap):         17242432 Byte
20220314 011217.712 INFO             PET0 PIOc_sync Enter - MemInfo: [malloc] Total space used (mmap + non-mmap):         17085968 Byte
20220314 011217.712 INFO             PET0 PIOc_sync Enter - MemInfo: Wall-clock time since execution start:               0.270904 seconds
20220314 011217.714 INFO             PET0 PIOc_sync Exit - MemInfo: [/proc/meminfo - SSI]	MemTotal:       65855856 kB
20220314 011217.714 INFO             PET0 PIOc_sync Exit - MemInfo: [/proc/meminfo - SSI]	MemFree:        61357176 kB
20220314 011217.714 INFO             PET0 PIOc_sync Exit - MemInfo: [/proc/meminfo - SSI]	MemAvailable:   61125004 kB
20220314 011217.714 INFO             PET0 PIOc_sync Exit - MemInfo: [/proc/meminfo - SSI]	Committed_AS:    2779628 kB
20220314 011217.714 INFO             PET0 PIOc_sync Exit - MemInfo: [/proc/meminfo - SSI]	CommittedPercent: 4.22078 %
20220314 011217.714 INFO             PET0 PIOc_sync Exit - MemInfo: [/proc/self/status]	VmPeak:	   57040 kB
20220314 011217.714 INFO             PET0 PIOc_sync Exit - MemInfo: [/proc/self/status]	VmSize:	   57040 kB
20220314 011217.714 INFO             PET0 PIOc_sync Exit - MemInfo: [/proc/self/status]	VmLck:	       0 kB
20220314 011217.714 INFO             PET0 PIOc_sync Exit - MemInfo: [/proc/self/status]	VmPin:	       0 kB
20220314 011217.714 INFO             PET0 PIOc_sync Exit - MemInfo: [/proc/self/status]	VmHWM:	   20124 kB
20220314 011217.714 INFO             PET0 PIOc_sync Exit - MemInfo: [/proc/self/status]	VmRSS:	   20124 kB
20220314 011217.714 INFO             PET0 PIOc_sync Exit - MemInfo: [/proc/self/status]	VmData:	   21400 kB
20220314 011217.714 INFO             PET0 PIOc_sync Exit - MemInfo: [/proc/self/status]	VmStk:	     164 kB
20220314 011217.714 INFO             PET0 PIOc_sync Exit - MemInfo: [/proc/self/status]	VmExe:	   27324 kB
20220314 011217.714 INFO             PET0 PIOc_sync Exit - MemInfo: [/proc/self/status]	VmLib:	    1952 kB
20220314 011217.714 INFO             PET0 PIOc_sync Exit - MemInfo: [/proc/self/status]	VmPTE:	     124 kB
20220314 011217.714 INFO             PET0 PIOc_sync Exit - MemInfo: [/proc/self/status]	VmPMD:	      12 kB
20220314 011217.714 INFO             PET0 PIOc_sync Exit - MemInfo: [/proc/self/status]	VmSwap:	       0 kB
20220314 011217.714 INFO             PET0 PIOc_sync Exit - MemInfo: [/proc/self/status]	VmRSSPercent: 0.0305576 %
20220314 011217.714 INFO             PET0 PIOc_sync Exit - MemInfo: [malloc] Non-mmapped space allocated:                 1292608 Byte
20220314 011217.714 INFO             PET0 PIOc_sync Exit - MemInfo: [malloc] Space allocated in mmapped regions:         16281600 Byte
20220314 011217.714 INFO             PET0 PIOc_sync Exit - MemInfo: [malloc] Maximum total allocated space:                     0 Byte
20220314 011217.714 INFO             PET0 PIOc_sync Exit - MemInfo: [malloc] Space in freed fastbin blocks:                     0 Byte
20220314 011217.714 INFO             PET0 PIOc_sync Exit - MemInfo: [malloc] Total allocated space:                       1194464 Byte
20220314 011217.714 INFO             PET0 PIOc_sync Exit - MemInfo: [malloc] Total free space:                              98144 Byte
20220314 011217.714 INFO             PET0 PIOc_sync Exit - MemInfo: [malloc] Top-most, releasable space:                    98144 Byte
20220314 011217.714 INFO             PET0 PIOc_sync Exit - MemInfo: [malloc] Total space in use, mmap + non-mmap:        17476064 Byte
20220314 011217.714 INFO             PET0 PIOc_sync Exit - MemInfo: [malloc] Total space held (mmap + non-mmap):         17574208 Byte
20220314 011217.714 INFO             PET0 PIOc_sync Exit - MemInfo: [malloc] Total space used (mmap + non-mmap):         17484720 Byte
20220314 011217.714 INFO             PET0 PIOc_sync Exit - MemInfo: Wall-clock time since execution start:               0.273348 seconds
20220314 011217.715 INFO             PET0 PIOc_freedecomp Enter - MemInfo: [/proc/meminfo - SSI]	MemTotal:       65855856 kB
20220314 011217.715 INFO             PET0 PIOc_freedecomp Enter - MemInfo: [/proc/meminfo - SSI]	MemFree:        61364232 kB
20220314 011217.715 INFO             PET0 PIOc_freedecomp Enter - MemInfo: [/proc/meminfo - SSI]	MemAvailable:   61132060 kB
20220314 011217.715 INFO             PET0 PIOc_freedecomp Enter - MemInfo: [/proc/meminfo - SSI]	Committed_AS:    2771756 kB
20220314 011217.715 INFO             PET0 PIOc_freedecomp Enter - MemInfo: [/proc/meminfo - SSI]	CommittedPercent: 4.20882 %
20220314 011217.715 INFO             PET0 PIOc_freedecomp Enter - MemInfo: [/proc/self/status]	VmPeak:	   57040 kB
20220314 011217.715 INFO             PET0 PIOc_freedecomp Enter - MemInfo: [/proc/self/status]	VmSize:	   48328 kB
20220314 011217.715 INFO             PET0 PIOc_freedecomp Enter - MemInfo: [/proc/self/status]	VmLck:	       0 kB
20220314 011217.715 INFO             PET0 PIOc_freedecomp Enter - MemInfo: [/proc/self/status]	VmPin:	       0 kB
20220314 011217.715 INFO             PET0 PIOc_freedecomp Enter - MemInfo: [/proc/self/status]	VmHWM:	   20124 kB
20220314 011217.715 INFO             PET0 PIOc_freedecomp Enter - MemInfo: [/proc/self/status]	VmRSS:	   12104 kB
20220314 011217.715 INFO             PET0 PIOc_freedecomp Enter - MemInfo: [/proc/self/status]	VmData:	   12688 kB
20220314 011217.715 INFO             PET0 PIOc_freedecomp Enter - MemInfo: [/proc/self/status]	VmStk:	     164 kB
20220314 011217.715 INFO             PET0 PIOc_freedecomp Enter - MemInfo: [/proc/self/status]	VmExe:	   27324 kB
20220314 011217.715 INFO             PET0 PIOc_freedecomp Enter - MemInfo: [/proc/self/status]	VmLib:	    1952 kB
20220314 011217.715 INFO             PET0 PIOc_freedecomp Enter - MemInfo: [/proc/self/status]	VmPTE:	     108 kB
20220314 011217.715 INFO             PET0 PIOc_freedecomp Enter - MemInfo: [/proc/self/status]	VmPMD:	      12 kB
20220314 011217.715 INFO             PET0 PIOc_freedecomp Enter - MemInfo: [/proc/self/status]	VmSwap:	       0 kB
20220314 011217.715 INFO             PET0 PIOc_freedecomp Enter - MemInfo: [/proc/self/status]	VmRSSPercent: 0.0183795 %
20220314 011217.715 INFO             PET0 PIOc_freedecomp Enter - MemInfo: [malloc] Non-mmapped space allocated:                 1292608 Byte
20220314 011217.715 INFO             PET0 PIOc_freedecomp Enter - MemInfo: [malloc] Space allocated in mmapped regions:          7360512 Byte
20220314 011217.715 INFO             PET0 PIOc_freedecomp Enter - MemInfo: [malloc] Maximum total allocated space:                     0 Byte
20220314 011217.715 INFO             PET0 PIOc_freedecomp Enter - MemInfo: [malloc] Space in freed fastbin blocks:                   160 Byte
20220314 011217.715 INFO             PET0 PIOc_freedecomp Enter - MemInfo: [malloc] Total allocated space:                       1184336 Byte
20220314 011217.715 INFO             PET0 PIOc_freedecomp Enter - MemInfo: [malloc] Total free space:                             108272 Byte
20220314 011217.715 INFO             PET0 PIOc_freedecomp Enter - MemInfo: [malloc] Top-most, releasable space:                    97440 Byte
20220314 011217.715 INFO             PET0 PIOc_freedecomp Enter - MemInfo: [malloc] Total space in use, mmap + non-mmap:         8544848 Byte
20220314 011217.715 INFO             PET0 PIOc_freedecomp Enter - MemInfo: [malloc] Total space held (mmap + non-mmap):          8653120 Byte
20220314 011217.715 INFO             PET0 PIOc_freedecomp Enter - MemInfo: [malloc] Total space used (mmap + non-mmap):          8553504 Byte
20220314 011217.715 INFO             PET0 PIOc_freedecomp Enter - MemInfo: Wall-clock time since execution start:               0.274206 seconds
20220314 011217.715 INFO             PET0 PIOc_freedecomp Exit - MemInfo: [/proc/meminfo - SSI]	MemTotal:       65855856 kB
20220314 011217.715 INFO             PET0 PIOc_freedecomp Exit - MemInfo: [/proc/meminfo - SSI]	MemFree:        61364232 kB
20220314 011217.715 INFO             PET0 PIOc_freedecomp Exit - MemInfo: [/proc/meminfo - SSI]	MemAvailable:   61132060 kB
20220314 011217.716 INFO             PET0 PIOc_freedecomp Exit - MemInfo: [/proc/meminfo - SSI]	Committed_AS:    2771756 kB
20220314 011217.716 INFO             PET0 PIOc_freedecomp Exit - MemInfo: [/proc/meminfo - SSI]	CommittedPercent: 4.20882 %
20220314 011217.716 INFO             PET0 PIOc_freedecomp Exit - MemInfo: [/proc/self/status]	VmPeak:	   57040 kB
20220314 011217.716 INFO             PET0 PIOc_freedecomp Exit - MemInfo: [/proc/self/status]	VmSize:	   48328 kB
20220314 011217.716 INFO             PET0 PIOc_freedecomp Exit - MemInfo: [/proc/self/status]	VmLck:	       0 kB
20220314 011217.716 INFO             PET0 PIOc_freedecomp Exit - MemInfo: [/proc/self/status]	VmPin:	       0 kB
20220314 011217.716 INFO             PET0 PIOc_freedecomp Exit - MemInfo: [/proc/self/status]	VmHWM:	   20124 kB
20220314 011217.716 INFO             PET0 PIOc_freedecomp Exit - MemInfo: [/proc/self/status]	VmRSS:	   12104 kB
20220314 011217.716 INFO             PET0 PIOc_freedecomp Exit - MemInfo: [/proc/self/status]	VmData:	   12688 kB
20220314 011217.716 INFO             PET0 PIOc_freedecomp Exit - MemInfo: [/proc/self/status]	VmStk:	     164 kB
20220314 011217.716 INFO             PET0 PIOc_freedecomp Exit - MemInfo: [/proc/self/status]	VmExe:	   27324 kB
20220314 011217.716 INFO             PET0 PIOc_freedecomp Exit - MemInfo: [/proc/self/status]	VmLib:	    1952 kB
20220314 011217.716 INFO             PET0 PIOc_freedecomp Exit - MemInfo: [/proc/self/status]	VmPTE:	     108 kB
20220314 011217.716 INFO             PET0 PIOc_freedecomp Exit - MemInfo: [/proc/self/status]	VmPMD:	      12 kB
20220314 011217.716 INFO             PET0 PIOc_freedecomp Exit - MemInfo: [/proc/self/status]	VmSwap:	       0 kB
20220314 011217.716 INFO             PET0 PIOc_freedecomp Exit - MemInfo: [/proc/self/status]	VmRSSPercent: 0.0183795 %
20220314 011217.716 INFO             PET0 PIOc_freedecomp Exit - MemInfo: [malloc] Non-mmapped space allocated:                 1292608 Byte
20220314 011217.716 INFO             PET0 PIOc_freedecomp Exit - MemInfo: [malloc] Space allocated in mmapped regions:          7360512 Byte
20220314 011217.716 INFO             PET0 PIOc_freedecomp Exit - MemInfo: [malloc] Maximum total allocated space:                     0 Byte
20220314 011217.716 INFO             PET0 PIOc_freedecomp Exit - MemInfo: [malloc] Space in freed fastbin blocks:                   656 Byte
20220314 011217.716 INFO             PET0 PIOc_freedecomp Exit - MemInfo: [malloc] Total allocated space:                       1182768 Byte
20220314 011217.716 INFO             PET0 PIOc_freedecomp Exit - MemInfo: [malloc] Total free space:                             109840 Byte
20220314 011217.716 INFO             PET0 PIOc_freedecomp Exit - MemInfo: [malloc] Top-most, releasable space:                    97440 Byte
20220314 011217.716 INFO             PET0 PIOc_freedecomp Exit - MemInfo: [malloc] Total space in use, mmap + non-mmap:         8543280 Byte
20220314 011217.716 INFO             PET0 PIOc_freedecomp Exit - MemInfo: [malloc] Total space held (mmap + non-mmap):          8653120 Byte
20220314 011217.716 INFO             PET0 PIOc_freedecomp Exit - MemInfo: [malloc] Total space used (mmap + non-mmap):          8551936 Byte
20220314 011217.716 INFO             PET0 PIOc_freedecomp Exit - MemInfo: Wall-clock time since execution start:               0.275083 seconds
20220314 011217.719 INFO             PET0 PIOc_sync Enter - MemInfo: [/proc/meminfo - SSI]	MemTotal:       65855856 kB
20220314 011217.719 INFO             PET0 PIOc_sync Enter - MemInfo: [/proc/meminfo - SSI]	MemFree:        61361208 kB
20220314 011217.719 INFO             PET0 PIOc_sync Enter - MemInfo: [/proc/meminfo - SSI]	MemAvailable:   61129036 kB
20220314 011217.719 INFO             PET0 PIOc_sync Enter - MemInfo: [/proc/meminfo - SSI]	Committed_AS:    2779980 kB
20220314 011217.719 INFO             PET0 PIOc_sync Enter - MemInfo: [/proc/meminfo - SSI]	CommittedPercent: 4.22131 %
20220314 011217.719 INFO             PET0 PIOc_sync Enter - MemInfo: [/proc/self/status]	VmPeak:	   57068 kB
20220314 011217.719 INFO             PET0 PIOc_sync Enter - MemInfo: [/proc/self/status]	VmSize:	   57068 kB
20220314 011217.719 INFO             PET0 PIOc_sync Enter - MemInfo: [/proc/self/status]	VmLck:	       0 kB
20220314 011217.719 INFO             PET0 PIOc_sync Enter - MemInfo: [/proc/self/status]	VmPin:	       0 kB
20220314 011217.719 INFO             PET0 PIOc_sync Enter - MemInfo: [/proc/self/status]	VmHWM:	   20124 kB
20220314 011217.719 INFO             PET0 PIOc_sync Enter - MemInfo: [/proc/self/status]	VmRSS:	   16060 kB
20220314 011217.719 INFO             PET0 PIOc_sync Enter - MemInfo: [/proc/self/status]	VmData:	   21428 kB
20220314 011217.719 INFO             PET0 PIOc_sync Enter - MemInfo: [/proc/self/status]	VmStk:	     164 kB
20220314 011217.719 INFO             PET0 PIOc_sync Enter - MemInfo: [/proc/self/status]	VmExe:	   27324 kB
20220314 011217.719 INFO             PET0 PIOc_sync Enter - MemInfo: [/proc/self/status]	VmLib:	    1952 kB
20220314 011217.719 INFO             PET0 PIOc_sync Enter - MemInfo: [/proc/self/status]	VmPTE:	     120 kB
20220314 011217.719 INFO             PET0 PIOc_sync Enter - MemInfo: [/proc/self/status]	VmPMD:	      12 kB
20220314 011217.719 INFO             PET0 PIOc_sync Enter - MemInfo: [/proc/self/status]	VmSwap:	       0 kB
20220314 011217.719 INFO             PET0 PIOc_sync Enter - MemInfo: [/proc/self/status]	VmRSSPercent: 0.0243866 %
20220314 011217.719 INFO             PET0 PIOc_sync Enter - MemInfo: [malloc] Non-mmapped space allocated:                10242368 Byte
20220314 011217.719 INFO             PET0 PIOc_sync Enter - MemInfo: [malloc] Space allocated in mmapped regions:          7360512 Byte
20220314 011217.719 INFO             PET0 PIOc_sync Enter - MemInfo: [malloc] Maximum total allocated space:                     0 Byte
20220314 011217.719 INFO             PET0 PIOc_sync Enter - MemInfo: [malloc] Space in freed fastbin blocks:                    64 Byte
20220314 011217.719 INFO             PET0 PIOc_sync Enter - MemInfo: [malloc] Total allocated space:                      10113840 Byte
20220314 011217.719 INFO             PET0 PIOc_sync Enter - MemInfo: [malloc] Total free space:                             128528 Byte
20220314 011217.719 INFO             PET0 PIOc_sync Enter - MemInfo: [malloc] Top-most, releasable space:                   128400 Byte
20220314 011217.719 INFO             PET0 PIOc_sync Enter - MemInfo: [malloc] Total space in use, mmap + non-mmap:        17474352 Byte
20220314 011217.719 INFO             PET0 PIOc_sync Enter - MemInfo: [malloc] Total space held (mmap + non-mmap):         17602880 Byte
20220314 011217.719 INFO             PET0 PIOc_sync Enter - MemInfo: [malloc] Total space used (mmap + non-mmap):         17483008 Byte
20220314 011217.719 INFO             PET0 PIOc_sync Enter - MemInfo: Wall-clock time since execution start:               0.278377 seconds
20220314 011217.719 INFO             PET0 PIOc_sync Exit - MemInfo: [/proc/meminfo - SSI]	MemTotal:       65855856 kB
20220314 011217.719 INFO             PET0 PIOc_sync Exit - MemInfo: [/proc/meminfo - SSI]	MemFree:        61360940 kB
20220314 011217.719 INFO             PET0 PIOc_sync Exit - MemInfo: [/proc/meminfo - SSI]	MemAvailable:   61128768 kB
20220314 011217.719 INFO             PET0 PIOc_sync Exit - MemInfo: [/proc/meminfo - SSI]	Committed_AS:    2779980 kB
20220314 011217.719 INFO             PET0 PIOc_sync Exit - MemInfo: [/proc/meminfo - SSI]	CommittedPercent: 4.22131 %
20220314 011217.719 INFO             PET0 PIOc_sync Exit - MemInfo: [/proc/self/status]	VmPeak:	   57068 kB
20220314 011217.719 INFO             PET0 PIOc_sync Exit - MemInfo: [/proc/self/status]	VmSize:	   57068 kB
20220314 011217.719 INFO             PET0 PIOc_sync Exit - MemInfo: [/proc/self/status]	VmLck:	       0 kB
20220314 011217.719 INFO             PET0 PIOc_sync Exit - MemInfo: [/proc/self/status]	VmPin:	       0 kB
20220314 011217.719 INFO             PET0 PIOc_sync Exit - MemInfo: [/proc/self/status]	VmHWM:	   20124 kB
20220314 011217.719 INFO             PET0 PIOc_sync Exit - MemInfo: [/proc/self/status]	VmRSS:	   16060 kB
20220314 011217.719 INFO             PET0 PIOc_sync Exit - MemInfo: [/proc/self/status]	VmData:	   21428 kB
20220314 011217.719 INFO             PET0 PIOc_sync Exit - MemInfo: [/proc/self/status]	VmStk:	     164 kB
20220314 011217.719 INFO             PET0 PIOc_sync Exit - MemInfo: [/proc/self/status]	VmExe:	   27324 kB
20220314 011217.719 INFO             PET0 PIOc_sync Exit - MemInfo: [/proc/self/status]	VmLib:	    1952 kB
20220314 011217.719 INFO             PET0 PIOc_sync Exit - MemInfo: [/proc/self/status]	VmPTE:	     120 kB
20220314 011217.719 INFO             PET0 PIOc_sync Exit - MemInfo: [/proc/self/status]	VmPMD:	      12 kB
20220314 011217.719 INFO             PET0 PIOc_sync Exit - MemInfo: [/proc/self/status]	VmSwap:	       0 kB
20220314 011217.719 INFO             PET0 PIOc_sync Exit - MemInfo: [/proc/self/status]	VmRSSPercent: 0.0243866 %
20220314 011217.719 INFO             PET0 PIOc_sync Exit - MemInfo: [malloc] Non-mmapped space allocated:                10242368 Byte
20220314 011217.719 INFO             PET0 PIOc_sync Exit - MemInfo: [malloc] Space allocated in mmapped regions:          7360512 Byte
20220314 011217.720 INFO             PET0 PIOc_sync Exit - MemInfo: [malloc] Maximum total allocated space:                     0 Byte
20220314 011217.720 INFO             PET0 PIOc_sync Exit - MemInfo: [malloc] Space in freed fastbin blocks:                     0 Byte
20220314 011217.720 INFO             PET0 PIOc_sync Exit - MemInfo: [malloc] Total allocated space:                      10115104 Byte
20220314 011217.720 INFO             PET0 PIOc_sync Exit - MemInfo: [malloc] Total free space:                             127264 Byte
20220314 011217.720 INFO             PET0 PIOc_sync Exit - MemInfo: [malloc] Top-most, releasable space:                   127136 Byte
20220314 011217.720 INFO             PET0 PIOc_sync Exit - MemInfo: [malloc] Total space in use, mmap + non-mmap:        17475616 Byte
20220314 011217.720 INFO             PET0 PIOc_sync Exit - MemInfo: [malloc] Total space held (mmap + non-mmap):         17602880 Byte
20220314 011217.720 INFO             PET0 PIOc_sync Exit - MemInfo: [malloc] Total space used (mmap + non-mmap):         17483936 Byte
20220314 011217.720 INFO             PET0 PIOc_sync Exit - MemInfo: Wall-clock time since execution start:               0.278822 seconds
20220314 011217.720 INFO             PET0 PIOc_freedecomp Enter - MemInfo: [/proc/meminfo - SSI]	MemTotal:       65855856 kB
20220314 011217.720 INFO             PET0 PIOc_freedecomp Enter - MemInfo: [/proc/meminfo - SSI]	MemFree:        61360940 kB
20220314 011217.720 INFO             PET0 PIOc_freedecomp Enter - MemInfo: [/proc/meminfo - SSI]	MemAvailable:   61128768 kB
20220314 011217.720 INFO             PET0 PIOc_freedecomp Enter - MemInfo: [/proc/meminfo - SSI]	Committed_AS:    2779980 kB
20220314 011217.720 INFO             PET0 PIOc_freedecomp Enter - MemInfo: [/proc/meminfo - SSI]	CommittedPercent: 4.22131 %
20220314 011217.720 INFO             PET0 PIOc_freedecomp Enter - MemInfo: [/proc/self/status]	VmPeak:	   57068 kB
20220314 011217.720 INFO             PET0 PIOc_freedecomp Enter - MemInfo: [/proc/self/status]	VmSize:	   57068 kB
20220314 011217.720 INFO             PET0 PIOc_freedecomp Enter - MemInfo: [/proc/self/status]	VmLck:	       0 kB
20220314 011217.720 INFO             PET0 PIOc_freedecomp Enter - MemInfo: [/proc/self/status]	VmPin:	       0 kB
20220314 011217.720 INFO             PET0 PIOc_freedecomp Enter - MemInfo: [/proc/self/status]	VmHWM:	   20124 kB
20220314 011217.720 INFO             PET0 PIOc_freedecomp Enter - MemInfo: [/proc/self/status]	VmRSS:	   16060 kB
20220314 011217.720 INFO             PET0 PIOc_freedecomp Enter - MemInfo: [/proc/self/status]	VmData:	   21428 kB
20220314 011217.720 INFO             PET0 PIOc_freedecomp Enter - MemInfo: [/proc/self/status]	VmStk:	     164 kB
20220314 011217.720 INFO             PET0 PIOc_freedecomp Enter - MemInfo: [/proc/self/status]	VmExe:	   27324 kB
20220314 011217.720 INFO             PET0 PIOc_freedecomp Enter - MemInfo: [/proc/self/status]	VmLib:	    1952 kB
20220314 011217.720 INFO             PET0 PIOc_freedecomp Enter - MemInfo: [/proc/self/status]	VmPTE:	     120 kB
20220314 011217.720 INFO             PET0 PIOc_freedecomp Enter - MemInfo: [/proc/self/status]	VmPMD:	      12 kB
20220314 011217.720 INFO             PET0 PIOc_freedecomp Enter - MemInfo: [/proc/self/status]	VmSwap:	       0 kB
20220314 011217.720 INFO             PET0 PIOc_freedecomp Enter - MemInfo: [/proc/self/status]	VmRSSPercent: 0.0243866 %
20220314 011217.720 INFO             PET0 PIOc_freedecomp Enter - MemInfo: [malloc] Non-mmapped space allocated:                10242368 Byte
20220314 011217.720 INFO             PET0 PIOc_freedecomp Enter - MemInfo: [malloc] Space allocated in mmapped regions:          7360512 Byte
20220314 011217.720 INFO             PET0 PIOc_freedecomp Enter - MemInfo: [malloc] Maximum total allocated space:                     0 Byte
20220314 011217.720 INFO             PET0 PIOc_freedecomp Enter - MemInfo: [malloc] Space in freed fastbin blocks:                   192 Byte
20220314 011217.720 INFO             PET0 PIOc_freedecomp Enter - MemInfo: [malloc] Total allocated space:                       1190592 Byte
20220314 011217.720 INFO             PET0 PIOc_freedecomp Enter - MemInfo: [malloc] Total free space:                            9051776 Byte
20220314 011217.720 INFO             PET0 PIOc_freedecomp Enter - MemInfo: [malloc] Top-most, releasable space:                   126800 Byte
20220314 011217.720 INFO             PET0 PIOc_freedecomp Enter - MemInfo: [malloc] Total space in use, mmap + non-mmap:         8551104 Byte
20220314 011217.720 INFO             PET0 PIOc_freedecomp Enter - MemInfo: [malloc] Total space held (mmap + non-mmap):         17602880 Byte
20220314 011217.720 INFO             PET0 PIOc_freedecomp Enter - MemInfo: [malloc] Total space used (mmap + non-mmap):          8559312 Byte
20220314 011217.720 INFO             PET0 PIOc_freedecomp Enter - MemInfo: Wall-clock time since execution start:               0.279356 seconds
20220314 011217.720 INFO             PET0 PIOc_freedecomp Exit - MemInfo: [/proc/meminfo - SSI]	MemTotal:       65855856 kB
20220314 011217.720 INFO             PET0 PIOc_freedecomp Exit - MemInfo: [/proc/meminfo - SSI]	MemFree:        61360940 kB
20220314 011217.720 INFO             PET0 PIOc_freedecomp Exit - MemInfo: [/proc/meminfo - SSI]	MemAvailable:   61128768 kB
20220314 011217.720 INFO             PET0 PIOc_freedecomp Exit - MemInfo: [/proc/meminfo - SSI]	Committed_AS:    2779980 kB
20220314 011217.720 INFO             PET0 PIOc_freedecomp Exit - MemInfo: [/proc/meminfo - SSI]	CommittedPercent: 4.22131 %
20220314 011217.720 INFO             PET0 PIOc_freedecomp Exit - MemInfo: [/proc/self/status]	VmPeak:	   57068 kB
20220314 011217.720 INFO             PET0 PIOc_freedecomp Exit - MemInfo: [/proc/self/status]	VmSize:	   57068 kB
20220314 011217.720 INFO             PET0 PIOc_freedecomp Exit - MemInfo: [/proc/self/status]	VmLck:	       0 kB
20220314 011217.720 INFO             PET0 PIOc_freedecomp Exit - MemInfo: [/proc/self/status]	VmPin:	       0 kB
20220314 011217.720 INFO             PET0 PIOc_freedecomp Exit - MemInfo: [/proc/self/status]	VmHWM:	   20124 kB
20220314 011217.720 INFO             PET0 PIOc_freedecomp Exit - MemInfo: [/proc/self/status]	VmRSS:	   16060 kB
20220314 011217.720 INFO             PET0 PIOc_freedecomp Exit - MemInfo: [/proc/self/status]	VmData:	   21428 kB
20220314 011217.720 INFO             PET0 PIOc_freedecomp Exit - MemInfo: [/proc/self/status]	VmStk:	     164 kB
20220314 011217.720 INFO             PET0 PIOc_freedecomp Exit - MemInfo: [/proc/self/status]	VmExe:	   27324 kB
20220314 011217.720 INFO             PET0 PIOc_freedecomp Exit - MemInfo: [/proc/self/status]	VmLib:	    1952 kB
20220314 011217.720 INFO             PET0 PIOc_freedecomp Exit - MemInfo: [/proc/self/status]	VmPTE:	     120 kB
20220314 011217.720 INFO             PET0 PIOc_freedecomp Exit - MemInfo: [/proc/self/status]	VmPMD:	      12 kB
20220314 011217.720 INFO             PET0 PIOc_freedecomp Exit - MemInfo: [/proc/self/status]	VmSwap:	       0 kB
20220314 011217.720 INFO             PET0 PIOc_freedecomp Exit - MemInfo: [/proc/self/status]	VmRSSPercent: 0.0243866 %
20220314 011217.720 INFO             PET0 PIOc_freedecomp Exit - MemInfo: [malloc] Non-mmapped space allocated:                10242368 Byte
20220314 011217.720 INFO             PET0 PIOc_freedecomp Exit - MemInfo: [malloc] Space allocated in mmapped regions:          7360512 Byte
20220314 011217.720 INFO             PET0 PIOc_freedecomp Exit - MemInfo: [malloc] Maximum total allocated space:                     0 Byte
20220314 011217.720 INFO             PET0 PIOc_freedecomp Exit - MemInfo: [malloc] Space in freed fastbin blocks:                   800 Byte
20220314 011217.720 INFO             PET0 PIOc_freedecomp Exit - MemInfo: [malloc] Total allocated space:                       1187680 Byte
20220314 011217.720 INFO             PET0 PIOc_freedecomp Exit - MemInfo: [malloc] Total free space:                            9054688 Byte
20220314 011217.720 INFO             PET0 PIOc_freedecomp Exit - MemInfo: [malloc] Top-most, releasable space:                   126800 Byte
20220314 011217.720 INFO             PET0 PIOc_freedecomp Exit - MemInfo: [malloc] Total space in use, mmap + non-mmap:         8548192 Byte
20220314 011217.720 INFO             PET0 PIOc_freedecomp Exit - MemInfo: [malloc] Total space held (mmap + non-mmap):         17602880 Byte
20220314 011217.720 INFO             PET0 PIOc_freedecomp Exit - MemInfo: [malloc] Total space used (mmap + non-mmap):          8556400 Byte
20220314 011217.721 INFO             PET0 PIOc_freedecomp Exit - MemInfo: Wall-clock time since execution start:               0.279728 seconds
20220314 011217.722 INFO             PET0 PIOc_sync Enter - MemInfo: [/proc/meminfo - SSI]	MemTotal:       65855856 kB
20220314 011217.722 INFO             PET0 PIOc_sync Enter - MemInfo: [/proc/meminfo - SSI]	MemFree:        61360436 kB
20220314 011217.722 INFO             PET0 PIOc_sync Enter - MemInfo: [/proc/meminfo - SSI]	MemAvailable:   61128264 kB
20220314 011217.722 INFO             PET0 PIOc_sync Enter - MemInfo: [/proc/meminfo - SSI]	Committed_AS:    2779980 kB
20220314 011217.722 INFO             PET0 PIOc_sync Enter - MemInfo: [/proc/meminfo - SSI]	CommittedPercent: 4.22131 %
20220314 011217.722 INFO             PET0 PIOc_sync Enter - MemInfo: [/proc/self/status]	VmPeak:	   57068 kB
20220314 011217.722 INFO             PET0 PIOc_sync Enter - MemInfo: [/proc/self/status]	VmSize:	   57068 kB
20220314 011217.722 INFO             PET0 PIOc_sync Enter - MemInfo: [/proc/self/status]	VmLck:	       0 kB
20220314 011217.722 INFO             PET0 PIOc_sync Enter - MemInfo: [/proc/self/status]	VmPin:	       0 kB
20220314 011217.722 INFO             PET0 PIOc_sync Enter - MemInfo: [/proc/self/status]	VmHWM:	   20124 kB
20220314 011217.722 INFO             PET0 PIOc_sync Enter - MemInfo: [/proc/self/status]	VmRSS:	   16588 kB
20220314 011217.722 INFO             PET0 PIOc_sync Enter - MemInfo: [/proc/self/status]	VmData:	   21428 kB
20220314 011217.722 INFO             PET0 PIOc_sync Enter - MemInfo: [/proc/self/status]	VmStk:	     164 kB
20220314 011217.722 INFO             PET0 PIOc_sync Enter - MemInfo: [/proc/self/status]	VmExe:	   27324 kB
20220314 011217.722 INFO             PET0 PIOc_sync Enter - MemInfo: [/proc/self/status]	VmLib:	    1952 kB
20220314 011217.722 INFO             PET0 PIOc_sync Enter - MemInfo: [/proc/self/status]	VmPTE:	     120 kB
20220314 011217.722 INFO             PET0 PIOc_sync Enter - MemInfo: [/proc/self/status]	VmPMD:	      12 kB
20220314 011217.722 INFO             PET0 PIOc_sync Enter - MemInfo: [/proc/self/status]	VmSwap:	       0 kB
20220314 011217.722 INFO             PET0 PIOc_sync Enter - MemInfo: [/proc/self/status]	VmRSSPercent: 0.0251883 %
20220314 011217.722 INFO             PET0 PIOc_sync Enter - MemInfo: [malloc] Non-mmapped space allocated:                10242368 Byte
20220314 011217.722 INFO             PET0 PIOc_sync Enter - MemInfo: [malloc] Space allocated in mmapped regions:          7360512 Byte
20220314 011217.722 INFO             PET0 PIOc_sync Enter - MemInfo: [malloc] Maximum total allocated space:                     0 Byte
20220314 011217.722 INFO             PET0 PIOc_sync Enter - MemInfo: [malloc] Space in freed fastbin blocks:                   192 Byte
20220314 011217.722 INFO             PET0 PIOc_sync Enter - MemInfo: [malloc] Total allocated space:                      10117904 Byte
20220314 011217.722 INFO             PET0 PIOc_sync Enter - MemInfo: [malloc] Total free space:                             124464 Byte
20220314 011217.722 INFO             PET0 PIOc_sync Enter - MemInfo: [malloc] Top-most, releasable space:                   121552 Byte
20220314 011217.722 INFO             PET0 PIOc_sync Enter - MemInfo: [malloc] Total space in use, mmap + non-mmap:        17478416 Byte
20220314 011217.722 INFO             PET0 PIOc_sync Enter - MemInfo: [malloc] Total space held (mmap + non-mmap):         17602880 Byte
20220314 011217.722 INFO             PET0 PIOc_sync Enter - MemInfo: [malloc] Total space used (mmap + non-mmap):         17486848 Byte
20220314 011217.722 INFO             PET0 PIOc_sync Enter - MemInfo: Wall-clock time since execution start:               0.281389 seconds
20220314 011217.722 INFO             PET0 PIOc_sync Exit - MemInfo: [/proc/meminfo - SSI]	MemTotal:       65855856 kB
20220314 011217.722 INFO             PET0 PIOc_sync Exit - MemInfo: [/proc/meminfo - SSI]	MemFree:        61360436 kB
20220314 011217.722 INFO             PET0 PIOc_sync Exit - MemInfo: [/proc/meminfo - SSI]	MemAvailable:   61128264 kB
20220314 011217.722 INFO             PET0 PIOc_sync Exit - MemInfo: [/proc/meminfo - SSI]	Committed_AS:    2779980 kB
20220314 011217.722 INFO             PET0 PIOc_sync Exit - MemInfo: [/proc/meminfo - SSI]	CommittedPercent: 4.22131 %
20220314 011217.722 INFO             PET0 PIOc_sync Exit - MemInfo: [/proc/self/status]	VmPeak:	   57068 kB
20220314 011217.722 INFO             PET0 PIOc_sync Exit - MemInfo: [/proc/self/status]	VmSize:	   57068 kB
20220314 011217.722 INFO             PET0 PIOc_sync Exit - MemInfo: [/proc/self/status]	VmLck:	       0 kB
20220314 011217.722 INFO             PET0 PIOc_sync Exit - MemInfo: [/proc/self/status]	VmPin:	       0 kB
20220314 011217.722 INFO             PET0 PIOc_sync Exit - MemInfo: [/proc/self/status]	VmHWM:	   20124 kB
20220314 011217.722 INFO             PET0 PIOc_sync Exit - MemInfo: [/proc/self/status]	VmRSS:	   16588 kB
20220314 011217.722 INFO             PET0 PIOc_sync Exit - MemInfo: [/proc/self/status]	VmData:	   21428 kB
20220314 011217.722 INFO             PET0 PIOc_sync Exit - MemInfo: [/proc/self/status]	VmStk:	     164 kB
20220314 011217.722 INFO             PET0 PIOc_sync Exit - MemInfo: [/proc/self/status]	VmExe:	   27324 kB
20220314 011217.722 INFO             PET0 PIOc_sync Exit - MemInfo: [/proc/self/status]	VmLib:	    1952 kB
20220314 011217.722 INFO             PET0 PIOc_sync Exit - MemInfo: [/proc/self/status]	VmPTE:	     120 kB
20220314 011217.722 INFO             PET0 PIOc_sync Exit - MemInfo: [/proc/self/status]	VmPMD:	      12 kB
20220314 011217.722 INFO             PET0 PIOc_sync Exit - MemInfo: [/proc/self/status]	VmSwap:	       0 kB
20220314 011217.723 INFO             PET0 PIOc_sync Exit - MemInfo: [/proc/self/status]	VmRSSPercent: 0.0251883 %
20220314 011217.723 INFO             PET0 PIOc_sync Exit - MemInfo: [malloc] Non-mmapped space allocated:                10242368 Byte
20220314 011217.723 INFO             PET0 PIOc_sync Exit - MemInfo: [malloc] Space allocated in mmapped regions:          7360512 Byte
20220314 011217.723 INFO             PET0 PIOc_sync Exit - MemInfo: [malloc] Maximum total allocated space:                     0 Byte
20220314 011217.723 INFO             PET0 PIOc_sync Exit - MemInfo: [malloc] Space in freed fastbin blocks:                     0 Byte
20220314 011217.723 INFO             PET0 PIOc_sync Exit - MemInfo: [malloc] Total allocated space:                      10118448 Byte
20220314 011217.723 INFO             PET0 PIOc_sync Exit - MemInfo: [malloc] Total free space:                             123920 Byte
20220314 011217.723 INFO             PET0 PIOc_sync Exit - MemInfo: [malloc] Top-most, releasable space:                   121328 Byte
20220314 011217.723 INFO             PET0 PIOc_sync Exit - MemInfo: [malloc] Total space in use, mmap + non-mmap:        17478960 Byte
20220314 011217.723 INFO             PET0 PIOc_sync Exit - MemInfo: [malloc] Total space held (mmap + non-mmap):         17602880 Byte
20220314 011217.723 INFO             PET0 PIOc_sync Exit - MemInfo: [malloc] Total space used (mmap + non-mmap):         17487280 Byte
20220314 011217.723 INFO             PET0 PIOc_sync Exit - MemInfo: Wall-clock time since execution start:               0.281833 seconds
20220314 011217.723 INFO             PET0 PIOc_freedecomp Enter - MemInfo: [/proc/meminfo - SSI]	MemTotal:       65855856 kB
20220314 011217.723 INFO             PET0 PIOc_freedecomp Enter - MemInfo: [/proc/meminfo - SSI]	MemFree:        61360436 kB
20220314 011217.723 INFO             PET0 PIOc_freedecomp Enter - MemInfo: [/proc/meminfo - SSI]	MemAvailable:   61128264 kB
20220314 011217.723 INFO             PET0 PIOc_freedecomp Enter - MemInfo: [/proc/meminfo - SSI]	Committed_AS:    2779980 kB
20220314 011217.723 INFO             PET0 PIOc_freedecomp Enter - MemInfo: [/proc/meminfo - SSI]	CommittedPercent: 4.22131 %
20220314 011217.723 INFO             PET0 PIOc_freedecomp Enter - MemInfo: [/proc/self/status]	VmPeak:	   57068 kB
20220314 011217.723 INFO             PET0 PIOc_freedecomp Enter - MemInfo: [/proc/self/status]	VmSize:	   57068 kB
20220314 011217.723 INFO             PET0 PIOc_freedecomp Enter - MemInfo: [/proc/self/status]	VmLck:	       0 kB
20220314 011217.723 INFO             PET0 PIOc_freedecomp Enter - MemInfo: [/proc/self/status]	VmPin:	       0 kB
20220314 011217.723 INFO             PET0 PIOc_freedecomp Enter - MemInfo: [/proc/self/status]	VmHWM:	   20124 kB
20220314 011217.723 INFO             PET0 PIOc_freedecomp Enter - MemInfo: [/proc/self/status]	VmRSS:	   16588 kB
20220314 011217.723 INFO             PET0 PIOc_freedecomp Enter - MemInfo: [/proc/self/status]	VmData:	   21428 kB
20220314 011217.723 INFO             PET0 PIOc_freedecomp Enter - MemInfo: [/proc/self/status]	VmStk:	     164 kB
20220314 011217.723 INFO             PET0 PIOc_freedecomp Enter - MemInfo: [/proc/self/status]	VmExe:	   27324 kB
20220314 011217.723 INFO             PET0 PIOc_freedecomp Enter - MemInfo: [/proc/self/status]	VmLib:	    1952 kB
20220314 011217.723 INFO             PET0 PIOc_freedecomp Enter - MemInfo: [/proc/self/status]	VmPTE:	     120 kB
20220314 011217.723 INFO             PET0 PIOc_freedecomp Enter - MemInfo: [/proc/self/status]	VmPMD:	      12 kB
20220314 011217.723 INFO             PET0 PIOc_freedecomp Enter - MemInfo: [/proc/self/status]	VmSwap:	       0 kB
20220314 011217.723 INFO             PET0 PIOc_freedecomp Enter - MemInfo: [/proc/self/status]	VmRSSPercent: 0.0251883 %
20220314 011217.723 INFO             PET0 PIOc_freedecomp Enter - MemInfo: [malloc] Non-mmapped space allocated:                10242368 Byte
20220314 011217.723 INFO             PET0 PIOc_freedecomp Enter - MemInfo: [malloc] Space allocated in mmapped regions:          7360512 Byte
20220314 011217.723 INFO             PET0 PIOc_freedecomp Enter - MemInfo: [malloc] Maximum total allocated space:                     0 Byte
20220314 011217.723 INFO             PET0 PIOc_freedecomp Enter - MemInfo: [malloc] Space in freed fastbin blocks:                   160 Byte
20220314 011217.723 INFO             PET0 PIOc_freedecomp Enter - MemInfo: [malloc] Total allocated space:                       1193296 Byte
20220314 011217.723 INFO             PET0 PIOc_freedecomp Enter - MemInfo: [malloc] Total free space:                            9049072 Byte
20220314 011217.723 INFO             PET0 PIOc_freedecomp Enter - MemInfo: [malloc] Top-most, releasable space:                   121104 Byte
20220314 011217.723 INFO             PET0 PIOc_freedecomp Enter - MemInfo: [malloc] Total space in use, mmap + non-mmap:         8553808 Byte
20220314 011217.723 INFO             PET0 PIOc_freedecomp Enter - MemInfo: [malloc] Total space held (mmap + non-mmap):         17602880 Byte
20220314 011217.723 INFO             PET0 PIOc_freedecomp Enter - MemInfo: [malloc] Total space used (mmap + non-mmap):          8562016 Byte
20220314 011217.723 INFO             PET0 PIOc_freedecomp Enter - MemInfo: Wall-clock time since execution start:               0.282453 seconds
20220314 011217.723 INFO             PET0 PIOc_freedecomp Exit - MemInfo: [/proc/meminfo - SSI]	MemTotal:       65855856 kB
20220314 011217.723 INFO             PET0 PIOc_freedecomp Exit - MemInfo: [/proc/meminfo - SSI]	MemFree:        61360436 kB
20220314 011217.723 INFO             PET0 PIOc_freedecomp Exit - MemInfo: [/proc/meminfo - SSI]	MemAvailable:   61128264 kB
20220314 011217.723 INFO             PET0 PIOc_freedecomp Exit - MemInfo: [/proc/meminfo - SSI]	Committed_AS:    2779980 kB
20220314 011217.723 INFO             PET0 PIOc_freedecomp Exit - MemInfo: [/proc/meminfo - SSI]	CommittedPercent: 4.22131 %
20220314 011217.723 INFO             PET0 PIOc_freedecomp Exit - MemInfo: [/proc/self/status]	VmPeak:	   57068 kB
20220314 011217.723 INFO             PET0 PIOc_freedecomp Exit - MemInfo: [/proc/self/status]	VmSize:	   57068 kB
20220314 011217.723 INFO             PET0 PIOc_freedecomp Exit - MemInfo: [/proc/self/status]	VmLck:	       0 kB
20220314 011217.723 INFO             PET0 PIOc_freedecomp Exit - MemInfo: [/proc/self/status]	VmPin:	       0 kB
20220314 011217.723 INFO             PET0 PIOc_freedecomp Exit - MemInfo: [/proc/self/status]	VmHWM:	   20124 kB
20220314 011217.723 INFO             PET0 PIOc_freedecomp Exit - MemInfo: [/proc/self/status]	VmRSS:	   16588 kB
20220314 011217.723 INFO             PET0 PIOc_freedecomp Exit - MemInfo: [/proc/self/status]	VmData:	   21428 kB
20220314 011217.723 INFO             PET0 PIOc_freedecomp Exit - MemInfo: [/proc/self/status]	VmStk:	     164 kB
20220314 011217.723 INFO             PET0 PIOc_freedecomp Exit - MemInfo: [/proc/self/status]	VmExe:	   27324 kB
20220314 011217.723 INFO             PET0 PIOc_freedecomp Exit - MemInfo: [/proc/self/status]	VmLib:	    1952 kB
20220314 011217.723 INFO             PET0 PIOc_freedecomp Exit - MemInfo: [/proc/self/status]	VmPTE:	     120 kB
20220314 011217.723 INFO             PET0 PIOc_freedecomp Exit - MemInfo: [/proc/self/status]	VmPMD:	      12 kB
20220314 011217.723 INFO             PET0 PIOc_freedecomp Exit - MemInfo: [/proc/self/status]	VmSwap:	       0 kB
20220314 011217.724 INFO             PET0 PIOc_freedecomp Exit - MemInfo: [/proc/self/status]	VmRSSPercent: 0.0251883 %
20220314 011217.724 INFO             PET0 PIOc_freedecomp Exit - MemInfo: [malloc] Non-mmapped space allocated:                10242368 Byte
20220314 011217.724 INFO             PET0 PIOc_freedecomp Exit - MemInfo: [malloc] Space allocated in mmapped regions:          7360512 Byte
20220314 011217.724 INFO             PET0 PIOc_freedecomp Exit - MemInfo: [malloc] Maximum total allocated space:                     0 Byte
20220314 011217.724 INFO             PET0 PIOc_freedecomp Exit - MemInfo: [malloc] Space in freed fastbin blocks:                   800 Byte
20220314 011217.724 INFO             PET0 PIOc_freedecomp Exit - MemInfo: [malloc] Total allocated space:                       1190384 Byte
20220314 011217.724 INFO             PET0 PIOc_freedecomp Exit - MemInfo: [malloc] Total free space:                            9051984 Byte
20220314 011217.724 INFO             PET0 PIOc_freedecomp Exit - MemInfo: [malloc] Top-most, releasable space:                   126800 Byte
20220314 011217.724 INFO             PET0 PIOc_freedecomp Exit - MemInfo: [malloc] Total space in use, mmap + non-mmap:         8550896 Byte
20220314 011217.724 INFO             PET0 PIOc_freedecomp Exit - MemInfo: [malloc] Total space held (mmap + non-mmap):         17602880 Byte
20220314 011217.724 INFO             PET0 PIOc_freedecomp Exit - MemInfo: [malloc] Total space used (mmap + non-mmap):          8559104 Byte
20220314 011217.724 INFO             PET0 PIOc_freedecomp Exit - MemInfo: Wall-clock time since execution start:               0.282835 seconds
20220314 011217.724 INFO             PET0 PASS Create an ESMC_RouteHandle via ESMC_FieldRegridStore(), ESMC_FieldRegridUTest.C, line 367
20220314 011217.724 INFO             PET0 PASS Execute ESMC_FieldRegrid(), ESMC_FieldRegridUTest.C, line 375
20220314 011217.730 INFO             PET0 PIOc_sync Enter - MemInfo: [/proc/meminfo - SSI]	MemTotal:       65855856 kB
20220314 011217.730 INFO             PET0 PIOc_sync Enter - MemInfo: [/proc/meminfo - SSI]	MemFree:        61351868 kB
20220314 011217.730 INFO             PET0 PIOc_sync Enter - MemInfo: [/proc/meminfo - SSI]	MemAvailable:   61119696 kB
20220314 011217.730 INFO             PET0 PIOc_sync Enter - MemInfo: [/proc/meminfo - SSI]	Committed_AS:    2788180 kB
20220314 011217.730 INFO             PET0 PIOc_sync Enter - MemInfo: [/proc/meminfo - SSI]	CommittedPercent: 4.23376 %
20220314 011217.730 INFO             PET0 PIOc_sync Enter - MemInfo: [/proc/self/status]	VmPeak:	   65268 kB
20220314 011217.730 INFO             PET0 PIOc_sync Enter - MemInfo: [/proc/self/status]	VmSize:	   65268 kB
20220314 011217.730 INFO             PET0 PIOc_sync Enter - MemInfo: [/proc/self/status]	VmLck:	       0 kB
20220314 011217.730 INFO             PET0 PIOc_sync Enter - MemInfo: [/proc/self/status]	VmPin:	       0 kB
20220314 011217.730 INFO             PET0 PIOc_sync Enter - MemInfo: [/proc/self/status]	VmHWM:	   24772 kB
20220314 011217.730 INFO             PET0 PIOc_sync Enter - MemInfo: [/proc/self/status]	VmRSS:	   24772 kB
20220314 011217.730 INFO             PET0 PIOc_sync Enter - MemInfo: [/proc/self/status]	VmData:	   29628 kB
20220314 011217.730 INFO             PET0 PIOc_sync Enter - MemInfo: [/proc/self/status]	VmStk:	     164 kB
20220314 011217.730 INFO             PET0 PIOc_sync Enter - MemInfo: [/proc/self/status]	VmExe:	   27324 kB
20220314 011217.730 INFO             PET0 PIOc_sync Enter - MemInfo: [/proc/self/status]	VmLib:	    1952 kB
20220314 011217.730 INFO             PET0 PIOc_sync Enter - MemInfo: [/proc/self/status]	VmPTE:	     136 kB
20220314 011217.730 INFO             PET0 PIOc_sync Enter - MemInfo: [/proc/self/status]	VmPMD:	      12 kB
20220314 011217.730 INFO             PET0 PIOc_sync Enter - MemInfo: [/proc/self/status]	VmSwap:	       0 kB
20220314 011217.730 INFO             PET0 PIOc_sync Enter - MemInfo: [/proc/self/status]	VmRSSPercent: 0.0376155 %
20220314 011217.730 INFO             PET0 PIOc_sync Enter - MemInfo: [malloc] Non-mmapped space allocated:                18639168 Byte
20220314 011217.730 INFO             PET0 PIOc_sync Enter - MemInfo: [malloc] Space allocated in mmapped regions:          7360512 Byte
20220314 011217.730 INFO             PET0 PIOc_sync Enter - MemInfo: [malloc] Maximum total allocated space:                     0 Byte
20220314 011217.730 INFO             PET0 PIOc_sync Enter - MemInfo: [malloc] Space in freed fastbin blocks:                     0 Byte
20220314 011217.730 INFO             PET0 PIOc_sync Enter - MemInfo: [malloc] Total allocated space:                      10126144 Byte
20220314 011217.730 INFO             PET0 PIOc_sync Enter - MemInfo: [malloc] Total free space:                            8513024 Byte
20220314 011217.730 INFO             PET0 PIOc_sync Enter - MemInfo: [malloc] Top-most, releasable space:                   134976 Byte
20220314 011217.730 INFO             PET0 PIOc_sync Enter - MemInfo: [malloc] Total space in use, mmap + non-mmap:        17486656 Byte
20220314 011217.730 INFO             PET0 PIOc_sync Enter - MemInfo: [malloc] Total space held (mmap + non-mmap):         25999680 Byte
20220314 011217.730 INFO             PET0 PIOc_sync Enter - MemInfo: [malloc] Total space used (mmap + non-mmap):         17495088 Byte
20220314 011217.730 INFO             PET0 PIOc_sync Enter - MemInfo: Wall-clock time since execution start:               0.289198 seconds
20220314 011217.730 INFO             PET0 PIOc_sync Exit - MemInfo: [/proc/meminfo - SSI]	MemTotal:       65855856 kB
20220314 011217.730 INFO             PET0 PIOc_sync Exit - MemInfo: [/proc/meminfo - SSI]	MemFree:        61351868 kB
20220314 011217.730 INFO             PET0 PIOc_sync Exit - MemInfo: [/proc/meminfo - SSI]	MemAvailable:   61119696 kB
20220314 011217.730 INFO             PET0 PIOc_sync Exit - MemInfo: [/proc/meminfo - SSI]	Committed_AS:    2788180 kB
20220314 011217.730 INFO             PET0 PIOc_sync Exit - MemInfo: [/proc/meminfo - SSI]	CommittedPercent: 4.23376 %
20220314 011217.730 INFO             PET0 PIOc_sync Exit - MemInfo: [/proc/self/status]	VmPeak:	   65268 kB
20220314 011217.730 INFO             PET0 PIOc_sync Exit - MemInfo: [/proc/self/status]	VmSize:	   65268 kB
20220314 011217.730 INFO             PET0 PIOc_sync Exit - MemInfo: [/proc/self/status]	VmLck:	       0 kB
20220314 011217.730 INFO             PET0 PIOc_sync Exit - MemInfo: [/proc/self/status]	VmPin:	       0 kB
20220314 011217.730 INFO             PET0 PIOc_sync Exit - MemInfo: [/proc/self/status]	VmHWM:	   24772 kB
20220314 011217.730 INFO             PET0 PIOc_sync Exit - MemInfo: [/proc/self/status]	VmRSS:	   24772 kB
20220314 011217.730 INFO             PET0 PIOc_sync Exit - MemInfo: [/proc/self/status]	VmData:	   29628 kB
20220314 011217.730 INFO             PET0 PIOc_sync Exit - MemInfo: [/proc/self/status]	VmStk:	     164 kB
20220314 011217.730 INFO             PET0 PIOc_sync Exit - MemInfo: [/proc/self/status]	VmExe:	   27324 kB
20220314 011217.730 INFO             PET0 PIOc_sync Exit - MemInfo: [/proc/self/status]	VmLib:	    1952 kB
20220314 011217.730 INFO             PET0 PIOc_sync Exit - MemInfo: [/proc/self/status]	VmPTE:	     136 kB
20220314 011217.730 INFO             PET0 PIOc_sync Exit - MemInfo: [/proc/self/status]	VmPMD:	      12 kB
20220314 011217.730 INFO             PET0 PIOc_sync Exit - MemInfo: [/proc/self/status]	VmSwap:	       0 kB
20220314 011217.730 INFO             PET0 PIOc_sync Exit - MemInfo: [/proc/self/status]	VmRSSPercent: 0.0376155 %
20220314 011217.730 INFO             PET0 PIOc_sync Exit - MemInfo: [malloc] Non-mmapped space allocated:                18639168 Byte
20220314 011217.730 INFO             PET0 PIOc_sync Exit - MemInfo: [malloc] Space allocated in mmapped regions:          7360512 Byte
20220314 011217.730 INFO             PET0 PIOc_sync Exit - MemInfo: [malloc] Maximum total allocated space:                     0 Byte
20220314 011217.730 INFO             PET0 PIOc_sync Exit - MemInfo: [malloc] Space in freed fastbin blocks:                     0 Byte
20220314 011217.730 INFO             PET0 PIOc_sync Exit - MemInfo: [malloc] Total allocated space:                      10126320 Byte
20220314 011217.730 INFO             PET0 PIOc_sync Exit - MemInfo: [malloc] Total free space:                            8512848 Byte
20220314 011217.730 INFO             PET0 PIOc_sync Exit - MemInfo: [malloc] Top-most, releasable space:                   134976 Byte
20220314 011217.730 INFO             PET0 PIOc_sync Exit - MemInfo: [malloc] Total space in use, mmap + non-mmap:        17486832 Byte
20220314 011217.730 INFO             PET0 PIOc_sync Exit - MemInfo: [malloc] Total space held (mmap + non-mmap):         25999680 Byte
20220314 011217.730 INFO             PET0 PIOc_sync Exit - MemInfo: [malloc] Total space used (mmap + non-mmap):         17495152 Byte
20220314 011217.730 INFO             PET0 PIOc_sync Exit - MemInfo: Wall-clock time since execution start:               0.289595 seconds
20220314 011217.731 INFO             PET0 PIOc_freedecomp Enter - MemInfo: [/proc/meminfo - SSI]	MemTotal:       65855856 kB
20220314 011217.731 INFO             PET0 PIOc_freedecomp Enter - MemInfo: [/proc/meminfo - SSI]	MemFree:        61351868 kB
20220314 011217.731 INFO             PET0 PIOc_freedecomp Enter - MemInfo: [/proc/meminfo - SSI]	MemAvailable:   61119696 kB
20220314 011217.731 INFO             PET0 PIOc_freedecomp Enter - MemInfo: [/proc/meminfo - SSI]	Committed_AS:    2788180 kB
20220314 011217.731 INFO             PET0 PIOc_freedecomp Enter - MemInfo: [/proc/meminfo - SSI]	CommittedPercent: 4.23376 %
20220314 011217.731 INFO             PET0 PIOc_freedecomp Enter - MemInfo: [/proc/self/status]	VmPeak:	   65268 kB
20220314 011217.731 INFO             PET0 PIOc_freedecomp Enter - MemInfo: [/proc/self/status]	VmSize:	   65268 kB
20220314 011217.731 INFO             PET0 PIOc_freedecomp Enter - MemInfo: [/proc/self/status]	VmLck:	       0 kB
20220314 011217.731 INFO             PET0 PIOc_freedecomp Enter - MemInfo: [/proc/self/status]	VmPin:	       0 kB
20220314 011217.731 INFO             PET0 PIOc_freedecomp Enter - MemInfo: [/proc/self/status]	VmHWM:	   24772 kB
20220314 011217.731 INFO             PET0 PIOc_freedecomp Enter - MemInfo: [/proc/self/status]	VmRSS:	   24772 kB
20220314 011217.731 INFO             PET0 PIOc_freedecomp Enter - MemInfo: [/proc/self/status]	VmData:	   29628 kB
20220314 011217.731 INFO             PET0 PIOc_freedecomp Enter - MemInfo: [/proc/self/status]	VmStk:	     164 kB
20220314 011217.731 INFO             PET0 PIOc_freedecomp Enter - MemInfo: [/proc/self/status]	VmExe:	   27324 kB
20220314 011217.731 INFO             PET0 PIOc_freedecomp Enter - MemInfo: [/proc/self/status]	VmLib:	    1952 kB
20220314 011217.731 INFO             PET0 PIOc_freedecomp Enter - MemInfo: [/proc/self/status]	VmPTE:	     136 kB
20220314 011217.731 INFO             PET0 PIOc_freedecomp Enter - MemInfo: [/proc/self/status]	VmPMD:	      12 kB
20220314 011217.731 INFO             PET0 PIOc_freedecomp Enter - MemInfo: [/proc/self/status]	VmSwap:	       0 kB
20220314 011217.731 INFO             PET0 PIOc_freedecomp Enter - MemInfo: [/proc/self/status]	VmRSSPercent: 0.0376155 %
20220314 011217.731 INFO             PET0 PIOc_freedecomp Enter - MemInfo: [malloc] Non-mmapped space allocated:                18639168 Byte
20220314 011217.731 INFO             PET0 PIOc_freedecomp Enter - MemInfo: [malloc] Space allocated in mmapped regions:          7360512 Byte
20220314 011217.731 INFO             PET0 PIOc_freedecomp Enter - MemInfo: [malloc] Maximum total allocated space:                     0 Byte
20220314 011217.731 INFO             PET0 PIOc_freedecomp Enter - MemInfo: [malloc] Space in freed fastbin blocks:                   192 Byte
20220314 011217.731 INFO             PET0 PIOc_freedecomp Enter - MemInfo: [malloc] Total allocated space:                       1200992 Byte
20220314 011217.731 INFO             PET0 PIOc_freedecomp Enter - MemInfo: [malloc] Total free space:                           17438176 Byte
20220314 011217.731 INFO             PET0 PIOc_freedecomp Enter - MemInfo: [malloc] Top-most, releasable space:                  8523600 Byte
20220314 011217.731 INFO             PET0 PIOc_freedecomp Enter - MemInfo: [malloc] Total space in use, mmap + non-mmap:         8561504 Byte
20220314 011217.731 INFO             PET0 PIOc_freedecomp Enter - MemInfo: [malloc] Total space held (mmap + non-mmap):         25999680 Byte
20220314 011217.731 INFO             PET0 PIOc_freedecomp Enter - MemInfo: [malloc] Total space used (mmap + non-mmap):          8569712 Byte
20220314 011217.731 INFO             PET0 PIOc_freedecomp Enter - MemInfo: Wall-clock time since execution start:               0.290123 seconds
20220314 011217.731 INFO             PET0 PIOc_freedecomp Exit - MemInfo: [/proc/meminfo - SSI]	MemTotal:       65855856 kB
20220314 011217.731 INFO             PET0 PIOc_freedecomp Exit - MemInfo: [/proc/meminfo - SSI]	MemFree:        61351868 kB
20220314 011217.731 INFO             PET0 PIOc_freedecomp Exit - MemInfo: [/proc/meminfo - SSI]	MemAvailable:   61119696 kB
20220314 011217.731 INFO             PET0 PIOc_freedecomp Exit - MemInfo: [/proc/meminfo - SSI]	Committed_AS:    2788180 kB
20220314 011217.731 INFO             PET0 PIOc_freedecomp Exit - MemInfo: [/proc/meminfo - SSI]	CommittedPercent: 4.23376 %
20220314 011217.731 INFO             PET0 PIOc_freedecomp Exit - MemInfo: [/proc/self/status]	VmPeak:	   65268 kB
20220314 011217.731 INFO             PET0 PIOc_freedecomp Exit - MemInfo: [/proc/self/status]	VmSize:	   65268 kB
20220314 011217.731 INFO             PET0 PIOc_freedecomp Exit - MemInfo: [/proc/self/status]	VmLck:	       0 kB
20220314 011217.731 INFO             PET0 PIOc_freedecomp Exit - MemInfo: [/proc/self/status]	VmPin:	       0 kB
20220314 011217.731 INFO             PET0 PIOc_freedecomp Exit - MemInfo: [/proc/self/status]	VmHWM:	   24772 kB
20220314 011217.731 INFO             PET0 PIOc_freedecomp Exit - MemInfo: [/proc/self/status]	VmRSS:	   24772 kB
20220314 011217.731 INFO             PET0 PIOc_freedecomp Exit - MemInfo: [/proc/self/status]	VmData:	   29628 kB
20220314 011217.731 INFO             PET0 PIOc_freedecomp Exit - MemInfo: [/proc/self/status]	VmStk:	     164 kB
20220314 011217.731 INFO             PET0 PIOc_freedecomp Exit - MemInfo: [/proc/self/status]	VmExe:	   27324 kB
20220314 011217.731 INFO             PET0 PIOc_freedecomp Exit - MemInfo: [/proc/self/status]	VmLib:	    1952 kB
20220314 011217.731 INFO             PET0 PIOc_freedecomp Exit - MemInfo: [/proc/self/status]	VmPTE:	     136 kB
20220314 011217.731 INFO             PET0 PIOc_freedecomp Exit - MemInfo: [/proc/self/status]	VmPMD:	      12 kB
20220314 011217.731 INFO             PET0 PIOc_freedecomp Exit - MemInfo: [/proc/self/status]	VmSwap:	       0 kB
20220314 011217.731 INFO             PET0 PIOc_freedecomp Exit - MemInfo: [/proc/self/status]	VmRSSPercent: 0.0376155 %
20220314 011217.731 INFO             PET0 PIOc_freedecomp Exit - MemInfo: [malloc] Non-mmapped space allocated:                18639168 Byte
20220314 011217.731 INFO             PET0 PIOc_freedecomp Exit - MemInfo: [malloc] Space allocated in mmapped regions:          7360512 Byte
20220314 011217.731 INFO             PET0 PIOc_freedecomp Exit - MemInfo: [malloc] Maximum total allocated space:                     0 Byte
20220314 011217.731 INFO             PET0 PIOc_freedecomp Exit - MemInfo: [malloc] Space in freed fastbin blocks:                   912 Byte
20220314 011217.731 INFO             PET0 PIOc_freedecomp Exit - MemInfo: [malloc] Total allocated space:                       1199552 Byte
20220314 011217.731 INFO             PET0 PIOc_freedecomp Exit - MemInfo: [malloc] Total free space:                           17439616 Byte
20220314 011217.731 INFO             PET0 PIOc_freedecomp Exit - MemInfo: [malloc] Top-most, releasable space:                  8523600 Byte
20220314 011217.731 INFO             PET0 PIOc_freedecomp Exit - MemInfo: [malloc] Total space in use, mmap + non-mmap:         8560064 Byte
20220314 011217.731 INFO             PET0 PIOc_freedecomp Exit - MemInfo: [malloc] Total space held (mmap + non-mmap):         25999680 Byte
20220314 011217.731 INFO             PET0 PIOc_freedecomp Exit - MemInfo: [malloc] Total space used (mmap + non-mmap):          8568272 Byte
20220314 011217.731 INFO             PET0 PIOc_freedecomp Exit - MemInfo: Wall-clock time since execution start:               0.290552 seconds
20220314 011217.732 INFO             PET0 PIOc_sync Enter - MemInfo: [/proc/meminfo - SSI]	MemTotal:       65855856 kB
20220314 011217.732 INFO             PET0 PIOc_sync Enter - MemInfo: [/proc/meminfo - SSI]	MemFree:        61351868 kB
20220314 011217.732 INFO             PET0 PIOc_sync Enter - MemInfo: [/proc/meminfo - SSI]	MemAvailable:   61119696 kB
20220314 011217.732 INFO             PET0 PIOc_sync Enter - MemInfo: [/proc/meminfo - SSI]	Committed_AS:    2788180 kB
20220314 011217.732 INFO             PET0 PIOc_sync Enter - MemInfo: [/proc/meminfo - SSI]	CommittedPercent: 4.23376 %
20220314 011217.733 INFO             PET0 PIOc_sync Enter - MemInfo: [/proc/self/status]	VmPeak:	   65268 kB
20220314 011217.733 INFO             PET0 PIOc_sync Enter - MemInfo: [/proc/self/status]	VmSize:	   65268 kB
20220314 011217.733 INFO             PET0 PIOc_sync Enter - MemInfo: [/proc/self/status]	VmLck:	       0 kB
20220314 011217.733 INFO             PET0 PIOc_sync Enter - MemInfo: [/proc/self/status]	VmPin:	       0 kB
20220314 011217.733 INFO             PET0 PIOc_sync Enter - MemInfo: [/proc/self/status]	VmHWM:	   24772 kB
20220314 011217.733 INFO             PET0 PIOc_sync Enter - MemInfo: [/proc/self/status]	VmRSS:	   24772 kB
20220314 011217.733 INFO             PET0 PIOc_sync Enter - MemInfo: [/proc/self/status]	VmData:	   29628 kB
20220314 011217.733 INFO             PET0 PIOc_sync Enter - MemInfo: [/proc/self/status]	VmStk:	     164 kB
20220314 011217.733 INFO             PET0 PIOc_sync Enter - MemInfo: [/proc/self/status]	VmExe:	   27324 kB
20220314 011217.733 INFO             PET0 PIOc_sync Enter - MemInfo: [/proc/self/status]	VmLib:	    1952 kB
20220314 011217.733 INFO             PET0 PIOc_sync Enter - MemInfo: [/proc/self/status]	VmPTE:	     136 kB
20220314 011217.733 INFO             PET0 PIOc_sync Enter - MemInfo: [/proc/self/status]	VmPMD:	      12 kB
20220314 011217.733 INFO             PET0 PIOc_sync Enter - MemInfo: [/proc/self/status]	VmSwap:	       0 kB
20220314 011217.733 INFO             PET0 PIOc_sync Enter - MemInfo: [/proc/self/status]	VmRSSPercent: 0.0376155 %
20220314 011217.733 INFO             PET0 PIOc_sync Enter - MemInfo: [malloc] Non-mmapped space allocated:                18639168 Byte
20220314 011217.733 INFO             PET0 PIOc_sync Enter - MemInfo: [malloc] Space allocated in mmapped regions:          7360512 Byte
20220314 011217.733 INFO             PET0 PIOc_sync Enter - MemInfo: [malloc] Maximum total allocated space:                     0 Byte
20220314 011217.733 INFO             PET0 PIOc_sync Enter - MemInfo: [malloc] Space in freed fastbin blocks:                   656 Byte
20220314 011217.733 INFO             PET0 PIOc_sync Enter - MemInfo: [malloc] Total allocated space:                      10128240 Byte
20220314 011217.733 INFO             PET0 PIOc_sync Enter - MemInfo: [malloc] Total free space:                            8510928 Byte
20220314 011217.733 INFO             PET0 PIOc_sync Enter - MemInfo: [malloc] Top-most, releasable space:                   134976 Byte
20220314 011217.733 INFO             PET0 PIOc_sync Enter - MemInfo: [malloc] Total space in use, mmap + non-mmap:        17488752 Byte
20220314 011217.733 INFO             PET0 PIOc_sync Enter - MemInfo: [malloc] Total space held (mmap + non-mmap):         25999680 Byte
20220314 011217.733 INFO             PET0 PIOc_sync Enter - MemInfo: [malloc] Total space used (mmap + non-mmap):         17497184 Byte
20220314 011217.733 INFO             PET0 PIOc_sync Enter - MemInfo: Wall-clock time since execution start:               0.292002 seconds
20220314 011217.733 INFO             PET0 PIOc_sync Exit - MemInfo: [/proc/meminfo - SSI]	MemTotal:       65855856 kB
20220314 011217.733 INFO             PET0 PIOc_sync Exit - MemInfo: [/proc/meminfo - SSI]	MemFree:        61351868 kB
20220314 011217.733 INFO             PET0 PIOc_sync Exit - MemInfo: [/proc/meminfo - SSI]	MemAvailable:   61119696 kB
20220314 011217.733 INFO             PET0 PIOc_sync Exit - MemInfo: [/proc/meminfo - SSI]	Committed_AS:    2788180 kB
20220314 011217.733 INFO             PET0 PIOc_sync Exit - MemInfo: [/proc/meminfo - SSI]	CommittedPercent: 4.23376 %
20220314 011217.733 INFO             PET0 PIOc_sync Exit - MemInfo: [/proc/self/status]	VmPeak:	   65268 kB
20220314 011217.733 INFO             PET0 PIOc_sync Exit - MemInfo: [/proc/self/status]	VmSize:	   65268 kB
20220314 011217.733 INFO             PET0 PIOc_sync Exit - MemInfo: [/proc/self/status]	VmLck:	       0 kB
20220314 011217.733 INFO             PET0 PIOc_sync Exit - MemInfo: [/proc/self/status]	VmPin:	       0 kB
20220314 011217.733 INFO             PET0 PIOc_sync Exit - MemInfo: [/proc/self/status]	VmHWM:	   24772 kB
20220314 011217.733 INFO             PET0 PIOc_sync Exit - MemInfo: [/proc/self/status]	VmRSS:	   24772 kB
20220314 011217.733 INFO             PET0 PIOc_sync Exit - MemInfo: [/proc/self/status]	VmData:	   29628 kB
20220314 011217.733 INFO             PET0 PIOc_sync Exit - MemInfo: [/proc/self/status]	VmStk:	     164 kB
20220314 011217.733 INFO             PET0 PIOc_sync Exit - MemInfo: [/proc/self/status]	VmExe:	   27324 kB
20220314 011217.733 INFO             PET0 PIOc_sync Exit - MemInfo: [/proc/self/status]	VmLib:	    1952 kB
20220314 011217.733 INFO             PET0 PIOc_sync Exit - MemInfo: [/proc/self/status]	VmPTE:	     136 kB
20220314 011217.733 INFO             PET0 PIOc_sync Exit - MemInfo: [/proc/self/status]	VmPMD:	      12 kB
20220314 011217.733 INFO             PET0 PIOc_sync Exit - MemInfo: [/proc/self/status]	VmSwap:	       0 kB
20220314 011217.733 INFO             PET0 PIOc_sync Exit - MemInfo: [/proc/self/status]	VmRSSPercent: 0.0376155 %
20220314 011217.733 INFO             PET0 PIOc_sync Exit - MemInfo: [malloc] Non-mmapped space allocated:                18639168 Byte
20220314 011217.733 INFO             PET0 PIOc_sync Exit - MemInfo: [malloc] Space allocated in mmapped regions:          7360512 Byte
20220314 011217.733 INFO             PET0 PIOc_sync Exit - MemInfo: [malloc] Maximum total allocated space:                     0 Byte
20220314 011217.733 INFO             PET0 PIOc_sync Exit - MemInfo: [malloc] Space in freed fastbin blocks:                     0 Byte
20220314 011217.733 INFO             PET0 PIOc_sync Exit - MemInfo: [malloc] Total allocated space:                      10128368 Byte
20220314 011217.733 INFO             PET0 PIOc_sync Exit - MemInfo: [malloc] Total free space:                            8510800 Byte
20220314 011217.733 INFO             PET0 PIOc_sync Exit - MemInfo: [malloc] Top-most, releasable space:                   134976 Byte
20220314 011217.733 INFO             PET0 PIOc_sync Exit - MemInfo: [malloc] Total space in use, mmap + non-mmap:        17488880 Byte
20220314 011217.733 INFO             PET0 PIOc_sync Exit - MemInfo: [malloc] Total space held (mmap + non-mmap):         25999680 Byte
20220314 011217.733 INFO             PET0 PIOc_sync Exit - MemInfo: [malloc] Total space used (mmap + non-mmap):         17497328 Byte
20220314 011217.733 INFO             PET0 PIOc_sync Exit - MemInfo: Wall-clock time since execution start:               0.292437 seconds
20220314 011217.733 INFO             PET0 PIOc_freedecomp Enter - MemInfo: [/proc/meminfo - SSI]	MemTotal:       65855856 kB
20220314 011217.733 INFO             PET0 PIOc_freedecomp Enter - MemInfo: [/proc/meminfo - SSI]	MemFree:        61351868 kB
20220314 011217.733 INFO             PET0 PIOc_freedecomp Enter - MemInfo: [/proc/meminfo - SSI]	MemAvailable:   61119696 kB
20220314 011217.733 INFO             PET0 PIOc_freedecomp Enter - MemInfo: [/proc/meminfo - SSI]	Committed_AS:    2788180 kB
20220314 011217.733 INFO             PET0 PIOc_freedecomp Enter - MemInfo: [/proc/meminfo - SSI]	CommittedPercent: 4.23376 %
20220314 011217.733 INFO             PET0 PIOc_freedecomp Enter - MemInfo: [/proc/self/status]	VmPeak:	   65268 kB
20220314 011217.734 INFO             PET0 PIOc_freedecomp Enter - MemInfo: [/proc/self/status]	VmSize:	   65268 kB
20220314 011217.734 INFO             PET0 PIOc_freedecomp Enter - MemInfo: [/proc/self/status]	VmLck:	       0 kB
20220314 011217.734 INFO             PET0 PIOc_freedecomp Enter - MemInfo: [/proc/self/status]	VmPin:	       0 kB
20220314 011217.734 INFO             PET0 PIOc_freedecomp Enter - MemInfo: [/proc/self/status]	VmHWM:	   24772 kB
20220314 011217.734 INFO             PET0 PIOc_freedecomp Enter - MemInfo: [/proc/self/status]	VmRSS:	   24772 kB
20220314 011217.734 INFO             PET0 PIOc_freedecomp Enter - MemInfo: [/proc/self/status]	VmData:	   29628 kB
20220314 011217.734 INFO             PET0 PIOc_freedecomp Enter - MemInfo: [/proc/self/status]	VmStk:	     164 kB
20220314 011217.734 INFO             PET0 PIOc_freedecomp Enter - MemInfo: [/proc/self/status]	VmExe:	   27324 kB
20220314 011217.734 INFO             PET0 PIOc_freedecomp Enter - MemInfo: [/proc/self/status]	VmLib:	    1952 kB
20220314 011217.734 INFO             PET0 PIOc_freedecomp Enter - MemInfo: [/proc/self/status]	VmPTE:	     136 kB
20220314 011217.734 INFO             PET0 PIOc_freedecomp Enter - MemInfo: [/proc/self/status]	VmPMD:	      12 kB
20220314 011217.734 INFO             PET0 PIOc_freedecomp Enter - MemInfo: [/proc/self/status]	VmSwap:	       0 kB
20220314 011217.734 INFO             PET0 PIOc_freedecomp Enter - MemInfo: [/proc/self/status]	VmRSSPercent: 0.0376155 %
20220314 011217.734 INFO             PET0 PIOc_freedecomp Enter - MemInfo: [malloc] Non-mmapped space allocated:                18639168 Byte
20220314 011217.734 INFO             PET0 PIOc_freedecomp Enter - MemInfo: [malloc] Space allocated in mmapped regions:          7360512 Byte
20220314 011217.734 INFO             PET0 PIOc_freedecomp Enter - MemInfo: [malloc] Maximum total allocated space:                     0 Byte
20220314 011217.734 INFO             PET0 PIOc_freedecomp Enter - MemInfo: [malloc] Space in freed fastbin blocks:                   272 Byte
20220314 011217.734 INFO             PET0 PIOc_freedecomp Enter - MemInfo: [malloc] Total allocated space:                       1202480 Byte
20220314 011217.734 INFO             PET0 PIOc_freedecomp Enter - MemInfo: [malloc] Total free space:                           17436688 Byte
20220314 011217.734 INFO             PET0 PIOc_freedecomp Enter - MemInfo: [malloc] Top-most, releasable space:                  8523600 Byte
20220314 011217.734 INFO             PET0 PIOc_freedecomp Enter - MemInfo: [malloc] Total space in use, mmap + non-mmap:         8562992 Byte
20220314 011217.734 INFO             PET0 PIOc_freedecomp Enter - MemInfo: [malloc] Total space held (mmap + non-mmap):         25999680 Byte
20220314 011217.734 INFO             PET0 PIOc_freedecomp Enter - MemInfo: [malloc] Total space used (mmap + non-mmap):          8571200 Byte
20220314 011217.734 INFO             PET0 PIOc_freedecomp Enter - MemInfo: Wall-clock time since execution start:                0.29294 seconds
20220314 011217.734 INFO             PET0 PIOc_freedecomp Exit - MemInfo: [/proc/meminfo - SSI]	MemTotal:       65855856 kB
20220314 011217.734 INFO             PET0 PIOc_freedecomp Exit - MemInfo: [/proc/meminfo - SSI]	MemFree:        61351868 kB
20220314 011217.734 INFO             PET0 PIOc_freedecomp Exit - MemInfo: [/proc/meminfo - SSI]	MemAvailable:   61119696 kB
20220314 011217.734 INFO             PET0 PIOc_freedecomp Exit - MemInfo: [/proc/meminfo - SSI]	Committed_AS:    2788180 kB
20220314 011217.734 INFO             PET0 PIOc_freedecomp Exit - MemInfo: [/proc/meminfo - SSI]	CommittedPercent: 4.23376 %
20220314 011217.734 INFO             PET0 PIOc_freedecomp Exit - MemInfo: [/proc/self/status]	VmPeak:	   65268 kB
20220314 011217.734 INFO             PET0 PIOc_freedecomp Exit - MemInfo: [/proc/self/status]	VmSize:	   65268 kB
20220314 011217.734 INFO             PET0 PIOc_freedecomp Exit - MemInfo: [/proc/self/status]	VmLck:	       0 kB
20220314 011217.734 INFO             PET0 PIOc_freedecomp Exit - MemInfo: [/proc/self/status]	VmPin:	       0 kB
20220314 011217.734 INFO             PET0 PIOc_freedecomp Exit - MemInfo: [/proc/self/status]	VmHWM:	   24772 kB
20220314 011217.734 INFO             PET0 PIOc_freedecomp Exit - MemInfo: [/proc/self/status]	VmRSS:	   24772 kB
20220314 011217.734 INFO             PET0 PIOc_freedecomp Exit - MemInfo: [/proc/self/status]	VmData:	   29628 kB
20220314 011217.734 INFO             PET0 PIOc_freedecomp Exit - MemInfo: [/proc/self/status]	VmStk:	     164 kB
20220314 011217.734 INFO             PET0 PIOc_freedecomp Exit - MemInfo: [/proc/self/status]	VmExe:	   27324 kB
20220314 011217.734 INFO             PET0 PIOc_freedecomp Exit - MemInfo: [/proc/self/status]	VmLib:	    1952 kB
20220314 011217.734 INFO             PET0 PIOc_freedecomp Exit - MemInfo: [/proc/self/status]	VmPTE:	     136 kB
20220314 011217.734 INFO             PET0 PIOc_freedecomp Exit - MemInfo: [/proc/self/status]	VmPMD:	      12 kB
20220314 011217.734 INFO             PET0 PIOc_freedecomp Exit - MemInfo: [/proc/self/status]	VmSwap:	       0 kB
20220314 011217.734 INFO             PET0 PIOc_freedecomp Exit - MemInfo: [/proc/self/status]	VmRSSPercent: 0.0376155 %
20220314 011217.734 INFO             PET0 PIOc_freedecomp Exit - MemInfo: [malloc] Non-mmapped space allocated:                18639168 Byte
20220314 011217.734 INFO             PET0 PIOc_freedecomp Exit - MemInfo: [malloc] Space allocated in mmapped regions:          7360512 Byte
20220314 011217.734 INFO             PET0 PIOc_freedecomp Exit - MemInfo: [malloc] Maximum total allocated space:                     0 Byte
20220314 011217.734 INFO             PET0 PIOc_freedecomp Exit - MemInfo: [malloc] Space in freed fastbin blocks:                   928 Byte
20220314 011217.734 INFO             PET0 PIOc_freedecomp Exit - MemInfo: [malloc] Total allocated space:                       1201024 Byte
20220314 011217.734 INFO             PET0 PIOc_freedecomp Exit - MemInfo: [malloc] Total free space:                           17438144 Byte
20220314 011217.734 INFO             PET0 PIOc_freedecomp Exit - MemInfo: [malloc] Top-most, releasable space:                  8523600 Byte
20220314 011217.734 INFO             PET0 PIOc_freedecomp Exit - MemInfo: [malloc] Total space in use, mmap + non-mmap:         8561536 Byte
20220314 011217.734 INFO             PET0 PIOc_freedecomp Exit - MemInfo: [malloc] Total space held (mmap + non-mmap):         25999680 Byte
20220314 011217.734 INFO             PET0 PIOc_freedecomp Exit - MemInfo: [malloc] Total space used (mmap + non-mmap):          8569744 Byte
20220314 011217.734 INFO             PET0 PIOc_freedecomp Exit - MemInfo: Wall-clock time since execution start:               0.293314 seconds
20220314 011217.735 INFO             PET0 PIOc_sync Enter - MemInfo: [/proc/meminfo - SSI]	MemTotal:       65855856 kB
20220314 011217.735 INFO             PET0 PIOc_sync Enter - MemInfo: [/proc/meminfo - SSI]	MemFree:        61351868 kB
20220314 011217.735 INFO             PET0 PIOc_sync Enter - MemInfo: [/proc/meminfo - SSI]	MemAvailable:   61119696 kB
20220314 011217.735 INFO             PET0 PIOc_sync Enter - MemInfo: [/proc/meminfo - SSI]	Committed_AS:    2788180 kB
20220314 011217.735 INFO             PET0 PIOc_sync Enter - MemInfo: [/proc/meminfo - SSI]	CommittedPercent: 4.23376 %
20220314 011217.735 INFO             PET0 PIOc_sync Enter - MemInfo: [/proc/self/status]	VmPeak:	   65268 kB
20220314 011217.735 INFO             PET0 PIOc_sync Enter - MemInfo: [/proc/self/status]	VmSize:	   65268 kB
20220314 011217.735 INFO             PET0 PIOc_sync Enter - MemInfo: [/proc/self/status]	VmLck:	       0 kB
20220314 011217.735 INFO             PET0 PIOc_sync Enter - MemInfo: [/proc/self/status]	VmPin:	       0 kB
20220314 011217.735 INFO             PET0 PIOc_sync Enter - MemInfo: [/proc/self/status]	VmHWM:	   24772 kB
20220314 011217.735 INFO             PET0 PIOc_sync Enter - MemInfo: [/proc/self/status]	VmRSS:	   24772 kB
20220314 011217.735 INFO             PET0 PIOc_sync Enter - MemInfo: [/proc/self/status]	VmData:	   29628 kB
20220314 011217.735 INFO             PET0 PIOc_sync Enter - MemInfo: [/proc/self/status]	VmStk:	     164 kB
20220314 011217.735 INFO             PET0 PIOc_sync Enter - MemInfo: [/proc/self/status]	VmExe:	   27324 kB
20220314 011217.735 INFO             PET0 PIOc_sync Enter - MemInfo: [/proc/self/status]	VmLib:	    1952 kB
20220314 011217.735 INFO             PET0 PIOc_sync Enter - MemInfo: [/proc/self/status]	VmPTE:	     136 kB
20220314 011217.735 INFO             PET0 PIOc_sync Enter - MemInfo: [/proc/self/status]	VmPMD:	      12 kB
20220314 011217.735 INFO             PET0 PIOc_sync Enter - MemInfo: [/proc/self/status]	VmSwap:	       0 kB
20220314 011217.735 INFO             PET0 PIOc_sync Enter - MemInfo: [/proc/self/status]	VmRSSPercent: 0.0376155 %
20220314 011217.735 INFO             PET0 PIOc_sync Enter - MemInfo: [malloc] Non-mmapped space allocated:                18639168 Byte
20220314 011217.735 INFO             PET0 PIOc_sync Enter - MemInfo: [malloc] Space allocated in mmapped regions:          7360512 Byte
20220314 011217.735 INFO             PET0 PIOc_sync Enter - MemInfo: [malloc] Maximum total allocated space:                     0 Byte
20220314 011217.735 INFO             PET0 PIOc_sync Enter - MemInfo: [malloc] Space in freed fastbin blocks:                   976 Byte
20220314 011217.735 INFO             PET0 PIOc_sync Enter - MemInfo: [malloc] Total allocated space:                      10130096 Byte
20220314 011217.735 INFO             PET0 PIOc_sync Enter - MemInfo: [malloc] Total free space:                            8509072 Byte
20220314 011217.735 INFO             PET0 PIOc_sync Enter - MemInfo: [malloc] Top-most, releasable space:                   134976 Byte
20220314 011217.735 INFO             PET0 PIOc_sync Enter - MemInfo: [malloc] Total space in use, mmap + non-mmap:        17490608 Byte
20220314 011217.736 INFO             PET0 PIOc_sync Enter - MemInfo: [malloc] Total space held (mmap + non-mmap):         25999680 Byte
20220314 011217.736 INFO             PET0 PIOc_sync Enter - MemInfo: [malloc] Total space used (mmap + non-mmap):         17499040 Byte
20220314 011217.736 INFO             PET0 PIOc_sync Enter - MemInfo: Wall-clock time since execution start:               0.294763 seconds
20220314 011217.736 INFO             PET0 PIOc_sync Exit - MemInfo: [/proc/meminfo - SSI]	MemTotal:       65855856 kB
20220314 011217.736 INFO             PET0 PIOc_sync Exit - MemInfo: [/proc/meminfo - SSI]	MemFree:        61351868 kB
20220314 011217.736 INFO             PET0 PIOc_sync Exit - MemInfo: [/proc/meminfo - SSI]	MemAvailable:   61119696 kB
20220314 011217.736 INFO             PET0 PIOc_sync Exit - MemInfo: [/proc/meminfo - SSI]	Committed_AS:    2788180 kB
20220314 011217.736 INFO             PET0 PIOc_sync Exit - MemInfo: [/proc/meminfo - SSI]	CommittedPercent: 4.23376 %
20220314 011217.736 INFO             PET0 PIOc_sync Exit - MemInfo: [/proc/self/status]	VmPeak:	   65268 kB
20220314 011217.736 INFO             PET0 PIOc_sync Exit - MemInfo: [/proc/self/status]	VmSize:	   65268 kB
20220314 011217.736 INFO             PET0 PIOc_sync Exit - MemInfo: [/proc/self/status]	VmLck:	       0 kB
20220314 011217.736 INFO             PET0 PIOc_sync Exit - MemInfo: [/proc/self/status]	VmPin:	       0 kB
20220314 011217.736 INFO             PET0 PIOc_sync Exit - MemInfo: [/proc/self/status]	VmHWM:	   24772 kB
20220314 011217.736 INFO             PET0 PIOc_sync Exit - MemInfo: [/proc/self/status]	VmRSS:	   24772 kB
20220314 011217.736 INFO             PET0 PIOc_sync Exit - MemInfo: [/proc/self/status]	VmData:	   29628 kB
20220314 011217.736 INFO             PET0 PIOc_sync Exit - MemInfo: [/proc/self/status]	VmStk:	     164 kB
20220314 011217.736 INFO             PET0 PIOc_sync Exit - MemInfo: [/proc/self/status]	VmExe:	   27324 kB
20220314 011217.736 INFO             PET0 PIOc_sync Exit - MemInfo: [/proc/self/status]	VmLib:	    1952 kB
20220314 011217.736 INFO             PET0 PIOc_sync Exit - MemInfo: [/proc/self/status]	VmPTE:	     136 kB
20220314 011217.736 INFO             PET0 PIOc_sync Exit - MemInfo: [/proc/self/status]	VmPMD:	      12 kB
20220314 011217.736 INFO             PET0 PIOc_sync Exit - MemInfo: [/proc/self/status]	VmSwap:	       0 kB
20220314 011217.736 INFO             PET0 PIOc_sync Exit - MemInfo: [/proc/self/status]	VmRSSPercent: 0.0376155 %
20220314 011217.736 INFO             PET0 PIOc_sync Exit - MemInfo: [malloc] Non-mmapped space allocated:                18639168 Byte
20220314 011217.736 INFO             PET0 PIOc_sync Exit - MemInfo: [malloc] Space allocated in mmapped regions:          7360512 Byte
20220314 011217.736 INFO             PET0 PIOc_sync Exit - MemInfo: [malloc] Maximum total allocated space:                     0 Byte
20220314 011217.736 INFO             PET0 PIOc_sync Exit - MemInfo: [malloc] Space in freed fastbin blocks:                     0 Byte
20220314 011217.736 INFO             PET0 PIOc_sync Exit - MemInfo: [malloc] Total allocated space:                      10130080 Byte
20220314 011217.736 INFO             PET0 PIOc_sync Exit - MemInfo: [malloc] Total free space:                            8509088 Byte
20220314 011217.736 INFO             PET0 PIOc_sync Exit - MemInfo: [malloc] Top-most, releasable space:                   134976 Byte
20220314 011217.736 INFO             PET0 PIOc_sync Exit - MemInfo: [malloc] Total space in use, mmap + non-mmap:        17490592 Byte
20220314 011217.736 INFO             PET0 PIOc_sync Exit - MemInfo: [malloc] Total space held (mmap + non-mmap):         25999680 Byte
20220314 011217.736 INFO             PET0 PIOc_sync Exit - MemInfo: [malloc] Total space used (mmap + non-mmap):         17499040 Byte
20220314 011217.736 INFO             PET0 PIOc_sync Exit - MemInfo: Wall-clock time since execution start:               0.295205 seconds
20220314 011217.736 INFO             PET0 PIOc_freedecomp Enter - MemInfo: [/proc/meminfo - SSI]	MemTotal:       65855856 kB
20220314 011217.736 INFO             PET0 PIOc_freedecomp Enter - MemInfo: [/proc/meminfo - SSI]	MemFree:        61351868 kB
20220314 011217.736 INFO             PET0 PIOc_freedecomp Enter - MemInfo: [/proc/meminfo - SSI]	MemAvailable:   61119696 kB
20220314 011217.736 INFO             PET0 PIOc_freedecomp Enter - MemInfo: [/proc/meminfo - SSI]	Committed_AS:    2788180 kB
20220314 011217.736 INFO             PET0 PIOc_freedecomp Enter - MemInfo: [/proc/meminfo - SSI]	CommittedPercent: 4.23376 %
20220314 011217.736 INFO             PET0 PIOc_freedecomp Enter - MemInfo: [/proc/self/status]	VmPeak:	   65268 kB
20220314 011217.736 INFO             PET0 PIOc_freedecomp Enter - MemInfo: [/proc/self/status]	VmSize:	   65268 kB
20220314 011217.736 INFO             PET0 PIOc_freedecomp Enter - MemInfo: [/proc/self/status]	VmLck:	       0 kB
20220314 011217.736 INFO             PET0 PIOc_freedecomp Enter - MemInfo: [/proc/self/status]	VmPin:	       0 kB
20220314 011217.736 INFO             PET0 PIOc_freedecomp Enter - MemInfo: [/proc/self/status]	VmHWM:	   24772 kB
20220314 011217.736 INFO             PET0 PIOc_freedecomp Enter - MemInfo: [/proc/self/status]	VmRSS:	   24772 kB
20220314 011217.736 INFO             PET0 PIOc_freedecomp Enter - MemInfo: [/proc/self/status]	VmData:	   29628 kB
20220314 011217.736 INFO             PET0 PIOc_freedecomp Enter - MemInfo: [/proc/self/status]	VmStk:	     164 kB
20220314 011217.736 INFO             PET0 PIOc_freedecomp Enter - MemInfo: [/proc/self/status]	VmExe:	   27324 kB
20220314 011217.736 INFO             PET0 PIOc_freedecomp Enter - MemInfo: [/proc/self/status]	VmLib:	    1952 kB
20220314 011217.736 INFO             PET0 PIOc_freedecomp Enter - MemInfo: [/proc/self/status]	VmPTE:	     136 kB
20220314 011217.736 INFO             PET0 PIOc_freedecomp Enter - MemInfo: [/proc/self/status]	VmPMD:	      12 kB
20220314 011217.736 INFO             PET0 PIOc_freedecomp Enter - MemInfo: [/proc/self/status]	VmSwap:	       0 kB
20220314 011217.736 INFO             PET0 PIOc_freedecomp Enter - MemInfo: [/proc/self/status]	VmRSSPercent: 0.0376155 %
20220314 011217.736 INFO             PET0 PIOc_freedecomp Enter - MemInfo: [malloc] Non-mmapped space allocated:                18639168 Byte
20220314 011217.736 INFO             PET0 PIOc_freedecomp Enter - MemInfo: [malloc] Space allocated in mmapped regions:          7360512 Byte
20220314 011217.736 INFO             PET0 PIOc_freedecomp Enter - MemInfo: [malloc] Maximum total allocated space:                     0 Byte
20220314 011217.736 INFO             PET0 PIOc_freedecomp Enter - MemInfo: [malloc] Space in freed fastbin blocks:                   272 Byte
20220314 011217.736 INFO             PET0 PIOc_freedecomp Enter - MemInfo: [malloc] Total allocated space:                       1203248 Byte
20220314 011217.736 INFO             PET0 PIOc_freedecomp Enter - MemInfo: [malloc] Total free space:                           17435920 Byte
20220314 011217.736 INFO             PET0 PIOc_freedecomp Enter - MemInfo: [malloc] Top-most, releasable space:                  8523600 Byte
20220314 011217.736 INFO             PET0 PIOc_freedecomp Enter - MemInfo: [malloc] Total space in use, mmap + non-mmap:         8563760 Byte
20220314 011217.736 INFO             PET0 PIOc_freedecomp Enter - MemInfo: [malloc] Total space held (mmap + non-mmap):         25999680 Byte
20220314 011217.736 INFO             PET0 PIOc_freedecomp Enter - MemInfo: [malloc] Total space used (mmap + non-mmap):          8571968 Byte
20220314 011217.736 INFO             PET0 PIOc_freedecomp Enter - MemInfo: Wall-clock time since execution start:               0.295713 seconds
20220314 011217.737 INFO             PET0 PIOc_freedecomp Exit - MemInfo: [/proc/meminfo - SSI]	MemTotal:       65855856 kB
20220314 011217.737 INFO             PET0 PIOc_freedecomp Exit - MemInfo: [/proc/meminfo - SSI]	MemFree:        61351868 kB
20220314 011217.737 INFO             PET0 PIOc_freedecomp Exit - MemInfo: [/proc/meminfo - SSI]	MemAvailable:   61119696 kB
20220314 011217.737 INFO             PET0 PIOc_freedecomp Exit - MemInfo: [/proc/meminfo - SSI]	Committed_AS:    2788180 kB
20220314 011217.737 INFO             PET0 PIOc_freedecomp Exit - MemInfo: [/proc/meminfo - SSI]	CommittedPercent: 4.23376 %
20220314 011217.737 INFO             PET0 PIOc_freedecomp Exit - MemInfo: [/proc/self/status]	VmPeak:	   65268 kB
20220314 011217.737 INFO             PET0 PIOc_freedecomp Exit - MemInfo: [/proc/self/status]	VmSize:	   65268 kB
20220314 011217.737 INFO             PET0 PIOc_freedecomp Exit - MemInfo: [/proc/self/status]	VmLck:	       0 kB
20220314 011217.737 INFO             PET0 PIOc_freedecomp Exit - MemInfo: [/proc/self/status]	VmPin:	       0 kB
20220314 011217.737 INFO             PET0 PIOc_freedecomp Exit - MemInfo: [/proc/self/status]	VmHWM:	   24772 kB
20220314 011217.737 INFO             PET0 PIOc_freedecomp Exit - MemInfo: [/proc/self/status]	VmRSS:	   24772 kB
20220314 011217.737 INFO             PET0 PIOc_freedecomp Exit - MemInfo: [/proc/self/status]	VmData:	   29628 kB
20220314 011217.737 INFO             PET0 PIOc_freedecomp Exit - MemInfo: [/proc/self/status]	VmStk:	     164 kB
20220314 011217.737 INFO             PET0 PIOc_freedecomp Exit - MemInfo: [/proc/self/status]	VmExe:	   27324 kB
20220314 011217.737 INFO             PET0 PIOc_freedecomp Exit - MemInfo: [/proc/self/status]	VmLib:	    1952 kB
20220314 011217.737 INFO             PET0 PIOc_freedecomp Exit - MemInfo: [/proc/self/status]	VmPTE:	     136 kB
20220314 011217.737 INFO             PET0 PIOc_freedecomp Exit - MemInfo: [/proc/self/status]	VmPMD:	      12 kB
20220314 011217.737 INFO             PET0 PIOc_freedecomp Exit - MemInfo: [/proc/self/status]	VmSwap:	       0 kB
20220314 011217.737 INFO             PET0 PIOc_freedecomp Exit - MemInfo: [/proc/self/status]	VmRSSPercent: 0.0376155 %
20220314 011217.737 INFO             PET0 PIOc_freedecomp Exit - MemInfo: [malloc] Non-mmapped space allocated:                18639168 Byte
20220314 011217.737 INFO             PET0 PIOc_freedecomp Exit - MemInfo: [malloc] Space allocated in mmapped regions:          7360512 Byte
20220314 011217.737 INFO             PET0 PIOc_freedecomp Exit - MemInfo: [malloc] Maximum total allocated space:                     0 Byte
20220314 011217.737 INFO             PET0 PIOc_freedecomp Exit - MemInfo: [malloc] Space in freed fastbin blocks:                   912 Byte
20220314 011217.737 INFO             PET0 PIOc_freedecomp Exit - MemInfo: [malloc] Total allocated space:                       1201808 Byte
20220314 011217.737 INFO             PET0 PIOc_freedecomp Exit - MemInfo: [malloc] Total free space:                           17437360 Byte
20220314 011217.737 INFO             PET0 PIOc_freedecomp Exit - MemInfo: [malloc] Top-most, releasable space:                  8523600 Byte
20220314 011217.737 INFO             PET0 PIOc_freedecomp Exit - MemInfo: [malloc] Total space in use, mmap + non-mmap:         8562320 Byte
20220314 011217.737 INFO             PET0 PIOc_freedecomp Exit - MemInfo: [malloc] Total space held (mmap + non-mmap):         25999680 Byte
20220314 011217.737 INFO             PET0 PIOc_freedecomp Exit - MemInfo: [malloc] Total space used (mmap + non-mmap):          8570528 Byte
20220314 011217.737 INFO             PET0 PIOc_freedecomp Exit - MemInfo: Wall-clock time since execution start:                0.29609 seconds
20220314 011217.738 INFO             PET0 PIOc_sync Enter - MemInfo: [/proc/meminfo - SSI]	MemTotal:       65855856 kB
20220314 011217.738 INFO             PET0 PIOc_sync Enter - MemInfo: [/proc/meminfo - SSI]	MemFree:        61351868 kB
20220314 011217.738 INFO             PET0 PIOc_sync Enter - MemInfo: [/proc/meminfo - SSI]	MemAvailable:   61119696 kB
20220314 011217.738 INFO             PET0 PIOc_sync Enter - MemInfo: [/proc/meminfo - SSI]	Committed_AS:    2788180 kB
20220314 011217.738 INFO             PET0 PIOc_sync Enter - MemInfo: [/proc/meminfo - SSI]	CommittedPercent: 4.23376 %
20220314 011217.738 INFO             PET0 PIOc_sync Enter - MemInfo: [/proc/self/status]	VmPeak:	   65268 kB
20220314 011217.738 INFO             PET0 PIOc_sync Enter - MemInfo: [/proc/self/status]	VmSize:	   65268 kB
20220314 011217.738 INFO             PET0 PIOc_sync Enter - MemInfo: [/proc/self/status]	VmLck:	       0 kB
20220314 011217.738 INFO             PET0 PIOc_sync Enter - MemInfo: [/proc/self/status]	VmPin:	       0 kB
20220314 011217.738 INFO             PET0 PIOc_sync Enter - MemInfo: [/proc/self/status]	VmHWM:	   24772 kB
20220314 011217.738 INFO             PET0 PIOc_sync Enter - MemInfo: [/proc/self/status]	VmRSS:	   24772 kB
20220314 011217.738 INFO             PET0 PIOc_sync Enter - MemInfo: [/proc/self/status]	VmData:	   29628 kB
20220314 011217.738 INFO             PET0 PIOc_sync Enter - MemInfo: [/proc/self/status]	VmStk:	     164 kB
20220314 011217.738 INFO             PET0 PIOc_sync Enter - MemInfo: [/proc/self/status]	VmExe:	   27324 kB
20220314 011217.738 INFO             PET0 PIOc_sync Enter - MemInfo: [/proc/self/status]	VmLib:	    1952 kB
20220314 011217.738 INFO             PET0 PIOc_sync Enter - MemInfo: [/proc/self/status]	VmPTE:	     136 kB
20220314 011217.738 INFO             PET0 PIOc_sync Enter - MemInfo: [/proc/self/status]	VmPMD:	      12 kB
20220314 011217.738 INFO             PET0 PIOc_sync Enter - MemInfo: [/proc/self/status]	VmSwap:	       0 kB
20220314 011217.738 INFO             PET0 PIOc_sync Enter - MemInfo: [/proc/self/status]	VmRSSPercent: 0.0376155 %
20220314 011217.738 INFO             PET0 PIOc_sync Enter - MemInfo: [malloc] Non-mmapped space allocated:                18639168 Byte
20220314 011217.738 INFO             PET0 PIOc_sync Enter - MemInfo: [malloc] Space allocated in mmapped regions:          7360512 Byte
20220314 011217.738 INFO             PET0 PIOc_sync Enter - MemInfo: [malloc] Maximum total allocated space:                     0 Byte
20220314 011217.738 INFO             PET0 PIOc_sync Enter - MemInfo: [malloc] Space in freed fastbin blocks:                  1664 Byte
20220314 011217.738 INFO             PET0 PIOc_sync Enter - MemInfo: [malloc] Total allocated space:                      10131568 Byte
20220314 011217.738 INFO             PET0 PIOc_sync Enter - MemInfo: [malloc] Total free space:                            8507600 Byte
20220314 011217.738 INFO             PET0 PIOc_sync Enter - MemInfo: [malloc] Top-most, releasable space:                   134976 Byte
20220314 011217.738 INFO             PET0 PIOc_sync Enter - MemInfo: [malloc] Total space in use, mmap + non-mmap:        17492080 Byte
20220314 011217.738 INFO             PET0 PIOc_sync Enter - MemInfo: [malloc] Total space held (mmap + non-mmap):         25999680 Byte
20220314 011217.738 INFO             PET0 PIOc_sync Enter - MemInfo: [malloc] Total space used (mmap + non-mmap):         17500512 Byte
20220314 011217.739 INFO             PET0 PIOc_sync Enter - MemInfo: Wall-clock time since execution start:               0.297726 seconds
20220314 011217.739 INFO             PET0 PIOc_sync Exit - MemInfo: [/proc/meminfo - SSI]	MemTotal:       65855856 kB
20220314 011217.739 INFO             PET0 PIOc_sync Exit - MemInfo: [/proc/meminfo - SSI]	MemFree:        61351868 kB
20220314 011217.739 INFO             PET0 PIOc_sync Exit - MemInfo: [/proc/meminfo - SSI]	MemAvailable:   61119696 kB
20220314 011217.739 INFO             PET0 PIOc_sync Exit - MemInfo: [/proc/meminfo - SSI]	Committed_AS:    2788180 kB
20220314 011217.739 INFO             PET0 PIOc_sync Exit - MemInfo: [/proc/meminfo - SSI]	CommittedPercent: 4.23376 %
20220314 011217.739 INFO             PET0 PIOc_sync Exit - MemInfo: [/proc/self/status]	VmPeak:	   65268 kB
20220314 011217.739 INFO             PET0 PIOc_sync Exit - MemInfo: [/proc/self/status]	VmSize:	   65268 kB
20220314 011217.739 INFO             PET0 PIOc_sync Exit - MemInfo: [/proc/self/status]	VmLck:	       0 kB
20220314 011217.739 INFO             PET0 PIOc_sync Exit - MemInfo: [/proc/self/status]	VmPin:	       0 kB
20220314 011217.739 INFO             PET0 PIOc_sync Exit - MemInfo: [/proc/self/status]	VmHWM:	   24772 kB
20220314 011217.739 INFO             PET0 PIOc_sync Exit - MemInfo: [/proc/self/status]	VmRSS:	   24772 kB
20220314 011217.739 INFO             PET0 PIOc_sync Exit - MemInfo: [/proc/self/status]	VmData:	   29628 kB
20220314 011217.739 INFO             PET0 PIOc_sync Exit - MemInfo: [/proc/self/status]	VmStk:	     164 kB
20220314 011217.739 INFO             PET0 PIOc_sync Exit - MemInfo: [/proc/self/status]	VmExe:	   27324 kB
20220314 011217.739 INFO             PET0 PIOc_sync Exit - MemInfo: [/proc/self/status]	VmLib:	    1952 kB
20220314 011217.739 INFO             PET0 PIOc_sync Exit - MemInfo: [/proc/self/status]	VmPTE:	     136 kB
20220314 011217.739 INFO             PET0 PIOc_sync Exit - MemInfo: [/proc/self/status]	VmPMD:	      12 kB
20220314 011217.739 INFO             PET0 PIOc_sync Exit - MemInfo: [/proc/self/status]	VmSwap:	       0 kB
20220314 011217.739 INFO             PET0 PIOc_sync Exit - MemInfo: [/proc/self/status]	VmRSSPercent: 0.0376155 %
20220314 011217.739 INFO             PET0 PIOc_sync Exit - MemInfo: [malloc] Non-mmapped space allocated:                18639168 Byte
20220314 011217.739 INFO             PET0 PIOc_sync Exit - MemInfo: [malloc] Space allocated in mmapped regions:          7360512 Byte
20220314 011217.739 INFO             PET0 PIOc_sync Exit - MemInfo: [malloc] Maximum total allocated space:                     0 Byte
20220314 011217.739 INFO             PET0 PIOc_sync Exit - MemInfo: [malloc] Space in freed fastbin blocks:                     0 Byte
20220314 011217.739 INFO             PET0 PIOc_sync Exit - MemInfo: [malloc] Total allocated space:                      10131712 Byte
20220314 011217.739 INFO             PET0 PIOc_sync Exit - MemInfo: [malloc] Total free space:                            8507456 Byte
20220314 011217.739 INFO             PET0 PIOc_sync Exit - MemInfo: [malloc] Top-most, releasable space:                   134976 Byte
20220314 011217.739 INFO             PET0 PIOc_sync Exit - MemInfo: [malloc] Total space in use, mmap + non-mmap:        17492224 Byte
20220314 011217.739 INFO             PET0 PIOc_sync Exit - MemInfo: [malloc] Total space held (mmap + non-mmap):         25999680 Byte
20220314 011217.739 INFO             PET0 PIOc_sync Exit - MemInfo: [malloc] Total space used (mmap + non-mmap):         17500544 Byte
20220314 011217.739 INFO             PET0 PIOc_sync Exit - MemInfo: Wall-clock time since execution start:               0.298213 seconds
20220314 011217.739 INFO             PET0 PIOc_freedecomp Enter - MemInfo: [/proc/meminfo - SSI]	MemTotal:       65855856 kB
20220314 011217.739 INFO             PET0 PIOc_freedecomp Enter - MemInfo: [/proc/meminfo - SSI]	MemFree:        61351868 kB
20220314 011217.739 INFO             PET0 PIOc_freedecomp Enter - MemInfo: [/proc/meminfo - SSI]	MemAvailable:   61119696 kB
20220314 011217.739 INFO             PET0 PIOc_freedecomp Enter - MemInfo: [/proc/meminfo - SSI]	Committed_AS:    2788180 kB
