build time -- 2022-03-12 23:28:06
20220313 001004.698 INFO             PET0 !!!!!!!!!!!!!!!!!!!!!!!!!!!!!!!!!!!!!!!!!!!!!!!!!!!!!!
20220313 001004.698 INFO             PET0 !!! THE ESMF_LOG IS SET TO OUTPUT ALL LOG MESSAGES !!!
20220313 001004.698 INFO             PET0 !!!     THIS MAY CAUSE SLOWDOWN IN PERFORMANCE     !!!
20220313 001004.698 INFO             PET0 !!! FOR PRODUCTION RUNS, USE:                      !!!
20220313 001004.698 INFO             PET0 !!!                   ESMF_LOGKIND_Multi_On_Error  !!!
20220313 001004.698 INFO             PET0 !!!!!!!!!!!!!!!!!!!!!!!!!!!!!!!!!!!!!!!!!!!!!!!!!!!!!!
20220313 001004.698 INFO             PET0 Running with ESMF Version   : v8.3.0b09-96-g559b459836
20220313 001004.698 INFO             PET0 ESMF library build date/time: "Mar 12 2022" "23:26:31"
20220313 001004.698 INFO             PET0 ESMF library build location : /lustre/f2/dev/ncep/Mark.Potts/gfortran_8.3.0_mpi_O_jedwards_pio_update2
20220313 001004.698 INFO             PET0 ESMF_COMM                   : mpi
20220313 001004.699 INFO             PET0 ESMF_MOAB                   : enabled
20220313 001004.699 INFO             PET0 ESMF_LAPACK                 : enabled
20220313 001004.699 INFO             PET0 ESMF_NETCDF                 : enabled
20220313 001004.699 INFO             PET0 ESMF_PNETCDF                : disabled
20220313 001004.699 INFO             PET0 ESMF_PIO                    : enabled
20220313 001004.699 INFO             PET0 ESMF_YAMLCPP                : enabled
20220313 001004.717 INFO             PET0  Beginning Test, file ESMF_FieldIOUTest.F90, line 123
20220313 001004.717 INFO             PET0  NUMBER_OF_PROCESSORS           4
20220313 001004.731 INFO             PET0  PASS  Array Spec Set, ESMF_FieldIOUTest.F90, line 146
20220313 001004.745 INFO             PET0  PASS  Creating a Grid to use in Field Tests, ESMF_FieldIOUTest.F90, line 157
20220313 001004.753 INFO             PET0  PASS  Create a field from grid and fortran dummy array, ESMF_FieldIOUTest.F90, line 179
20220313 001004.755 INFO             PET0  PASS  Get Farray_w from field, ESMF_FieldIOUTest.F90, line 190
20220313 001004.898 INFO             PET0 PIOc_sync Enter - MemInfo: [/proc/meminfo - SSI]	MemTotal:       65855856 kB
20220313 001004.898 INFO             PET0 PIOc_sync Enter - MemInfo: [/proc/meminfo - SSI]	MemFree:        61255392 kB
20220313 001004.898 INFO             PET0 PIOc_sync Enter - MemInfo: [/proc/meminfo - SSI]	MemAvailable:   61023252 kB
20220313 001004.898 INFO             PET0 PIOc_sync Enter - MemInfo: [/proc/meminfo - SSI]	Committed_AS:    2844376 kB
20220313 001004.898 INFO             PET0 PIOc_sync Enter - MemInfo: [/proc/meminfo - SSI]	CommittedPercent: 4.31909 %
20220313 001004.898 INFO             PET0 PIOc_sync Enter - MemInfo: [/proc/self/status]	VmPeak:	   69692 kB
20220313 001004.898 INFO             PET0 PIOc_sync Enter - MemInfo: [/proc/self/status]	VmSize:	   69692 kB
20220313 001004.898 INFO             PET0 PIOc_sync Enter - MemInfo: [/proc/self/status]	VmLck:	       0 kB
20220313 001004.898 INFO             PET0 PIOc_sync Enter - MemInfo: [/proc/self/status]	VmPin:	       0 kB
20220313 001004.898 INFO             PET0 PIOc_sync Enter - MemInfo: [/proc/self/status]	VmHWM:	   16992 kB
20220313 001004.898 INFO             PET0 PIOc_sync Enter - MemInfo: [/proc/self/status]	VmRSS:	   16992 kB
20220313 001004.898 INFO             PET0 PIOc_sync Enter - MemInfo: [/proc/self/status]	VmData:	   16712 kB
20220313 001004.898 INFO             PET0 PIOc_sync Enter - MemInfo: [/proc/self/status]	VmStk:	     164 kB
20220313 001004.898 INFO             PET0 PIOc_sync Enter - MemInfo: [/proc/self/status]	VmExe:	   27396 kB
20220313 001004.898 INFO             PET0 PIOc_sync Enter - MemInfo: [/proc/self/status]	VmLib:	    1952 kB
20220313 001004.898 INFO             PET0 PIOc_sync Enter - MemInfo: [/proc/self/status]	VmPTE:	     120 kB
20220313 001004.898 INFO             PET0 PIOc_sync Enter - MemInfo: [/proc/self/status]	VmPMD:	      12 kB
20220313 001004.898 INFO             PET0 PIOc_sync Enter - MemInfo: [/proc/self/status]	VmSwap:	       0 kB
20220313 001004.898 INFO             PET0 PIOc_sync Enter - MemInfo: [/proc/self/status]	VmRSSPercent: 0.0258018 %
20220313 001004.898 INFO             PET0 PIOc_sync Enter - MemInfo: [malloc] Non-mmapped space allocated:                  960832 Byte
20220313 001004.898 INFO             PET0 PIOc_sync Enter - MemInfo: [malloc] Space allocated in mmapped regions:         11808768 Byte
20220313 001004.898 INFO             PET0 PIOc_sync Enter - MemInfo: [malloc] Maximum total allocated space:                     0 Byte
20220313 001004.898 INFO             PET0 PIOc_sync Enter - MemInfo: [malloc] Space in freed fastbin blocks:                     0 Byte
20220313 001004.898 INFO             PET0 PIOc_sync Enter - MemInfo: [malloc] Total allocated space:                        905984 Byte
20220313 001004.898 INFO             PET0 PIOc_sync Enter - MemInfo: [malloc] Total free space:                              54848 Byte
20220313 001004.898 INFO             PET0 PIOc_sync Enter - MemInfo: [malloc] Top-most, releasable space:                    54848 Byte
20220313 001004.898 INFO             PET0 PIOc_sync Enter - MemInfo: [malloc] Total space in use, mmap + non-mmap:        12714752 Byte
20220313 001004.899 INFO             PET0 PIOc_sync Enter - MemInfo: [malloc] Total space held (mmap + non-mmap):         12769600 Byte
20220313 001004.899 INFO             PET0 PIOc_sync Enter - MemInfo: [malloc] Total space used (mmap + non-mmap):         12724144 Byte
20220313 001004.899 INFO             PET0 PIOc_sync Enter - MemInfo: Wall-clock time since execution start:               0.215167 seconds
20220313 001004.899 INFO             PET0 PIOc_sync Exit - MemInfo: [/proc/meminfo - SSI]	MemTotal:       65855856 kB
20220313 001004.899 INFO             PET0 PIOc_sync Exit - MemInfo: [/proc/meminfo - SSI]	MemFree:        61254888 kB
20220313 001004.899 INFO             PET0 PIOc_sync Exit - MemInfo: [/proc/meminfo - SSI]	MemAvailable:   61022748 kB
20220313 001004.899 INFO             PET0 PIOc_sync Exit - MemInfo: [/proc/meminfo - SSI]	Committed_AS:    2844376 kB
20220313 001004.899 INFO             PET0 PIOc_sync Exit - MemInfo: [/proc/meminfo - SSI]	CommittedPercent: 4.31909 %
20220313 001004.899 INFO             PET0 PIOc_sync Exit - MemInfo: [/proc/self/status]	VmPeak:	   70160 kB
20220313 001004.899 INFO             PET0 PIOc_sync Exit - MemInfo: [/proc/self/status]	VmSize:	   70160 kB
20220313 001004.899 INFO             PET0 PIOc_sync Exit - MemInfo: [/proc/self/status]	VmLck:	       0 kB
20220313 001004.899 INFO             PET0 PIOc_sync Exit - MemInfo: [/proc/self/status]	VmPin:	       0 kB
20220313 001004.899 INFO             PET0 PIOc_sync Exit - MemInfo: [/proc/self/status]	VmHWM:	   17516 kB
20220313 001004.899 INFO             PET0 PIOc_sync Exit - MemInfo: [/proc/self/status]	VmRSS:	   17516 kB
20220313 001004.899 INFO             PET0 PIOc_sync Exit - MemInfo: [/proc/self/status]	VmData:	   17180 kB
20220313 001004.899 INFO             PET0 PIOc_sync Exit - MemInfo: [/proc/self/status]	VmStk:	     164 kB
20220313 001004.899 INFO             PET0 PIOc_sync Exit - MemInfo: [/proc/self/status]	VmExe:	   27396 kB
20220313 001004.899 INFO             PET0 PIOc_sync Exit - MemInfo: [/proc/self/status]	VmLib:	    1952 kB
20220313 001004.899 INFO             PET0 PIOc_sync Exit - MemInfo: [/proc/self/status]	VmPTE:	     128 kB
20220313 001004.899 INFO             PET0 PIOc_sync Exit - MemInfo: [/proc/self/status]	VmPMD:	      12 kB
20220313 001004.899 INFO             PET0 PIOc_sync Exit - MemInfo: [/proc/self/status]	VmSwap:	       0 kB
20220313 001004.899 INFO             PET0 PIOc_sync Exit - MemInfo: [/proc/self/status]	VmRSSPercent: 0.0265975 %
20220313 001004.899 INFO             PET0 PIOc_sync Exit - MemInfo: [malloc] Non-mmapped space allocated:                 1108288 Byte
20220313 001004.899 INFO             PET0 PIOc_sync Exit - MemInfo: [malloc] Space allocated in mmapped regions:         12140544 Byte
20220313 001004.899 INFO             PET0 PIOc_sync Exit - MemInfo: [malloc] Maximum total allocated space:                     0 Byte
20220313 001004.899 INFO             PET0 PIOc_sync Exit - MemInfo: [malloc] Space in freed fastbin blocks:                     0 Byte
20220313 001004.899 INFO             PET0 PIOc_sync Exit - MemInfo: [malloc] Total allocated space:                        977632 Byte
20220313 001004.899 INFO             PET0 PIOc_sync Exit - MemInfo: [malloc] Total free space:                             130656 Byte
20220313 001004.899 INFO             PET0 PIOc_sync Exit - MemInfo: [malloc] Top-most, releasable space:                   129184 Byte
20220313 001004.899 INFO             PET0 PIOc_sync Exit - MemInfo: [malloc] Total space in use, mmap + non-mmap:        13118176 Byte
20220313 001004.899 INFO             PET0 PIOc_sync Exit - MemInfo: [malloc] Total space held (mmap + non-mmap):         13248832 Byte
20220313 001004.899 INFO             PET0 PIOc_sync Exit - MemInfo: [malloc] Total space used (mmap + non-mmap):         13126976 Byte
20220313 001004.899 INFO             PET0 PIOc_sync Exit - MemInfo: Wall-clock time since execution start:               0.216002 seconds
20220313 001004.900 INFO             PET0 PIOc_freedecomp Enter - MemInfo: [/proc/meminfo - SSI]	MemTotal:       65855856 kB
20220313 001004.900 INFO             PET0 PIOc_freedecomp Enter - MemInfo: [/proc/meminfo - SSI]	MemFree:        61261944 kB
20220313 001004.900 INFO             PET0 PIOc_freedecomp Enter - MemInfo: [/proc/meminfo - SSI]	MemAvailable:   61029804 kB
20220313 001004.900 INFO             PET0 PIOc_freedecomp Enter - MemInfo: [/proc/meminfo - SSI]	Committed_AS:    2836648 kB
20220313 001004.900 INFO             PET0 PIOc_freedecomp Enter - MemInfo: [/proc/meminfo - SSI]	CommittedPercent: 4.30736 %
20220313 001004.900 INFO             PET0 PIOc_freedecomp Enter - MemInfo: [/proc/self/status]	VmPeak:	   70160 kB
20220313 001004.900 INFO             PET0 PIOc_freedecomp Enter - MemInfo: [/proc/self/status]	VmSize:	   61448 kB
20220313 001004.900 INFO             PET0 PIOc_freedecomp Enter - MemInfo: [/proc/self/status]	VmLck:	       0 kB
20220313 001004.900 INFO             PET0 PIOc_freedecomp Enter - MemInfo: [/proc/self/status]	VmPin:	       0 kB
20220313 001004.900 INFO             PET0 PIOc_freedecomp Enter - MemInfo: [/proc/self/status]	VmHWM:	   17516 kB
20220313 001004.900 INFO             PET0 PIOc_freedecomp Enter - MemInfo: [/proc/self/status]	VmRSS:	    9328 kB
20220313 001004.900 INFO             PET0 PIOc_freedecomp Enter - MemInfo: [/proc/self/status]	VmData:	    8468 kB
20220313 001004.900 INFO             PET0 PIOc_freedecomp Enter - MemInfo: [/proc/self/status]	VmStk:	     164 kB
20220313 001004.900 INFO             PET0 PIOc_freedecomp Enter - MemInfo: [/proc/self/status]	VmExe:	   27396 kB
20220313 001004.900 INFO             PET0 PIOc_freedecomp Enter - MemInfo: [/proc/self/status]	VmLib:	    1952 kB
20220313 001004.900 INFO             PET0 PIOc_freedecomp Enter - MemInfo: [/proc/self/status]	VmPTE:	     116 kB
20220313 001004.900 INFO             PET0 PIOc_freedecomp Enter - MemInfo: [/proc/self/status]	VmPMD:	      12 kB
20220313 001004.900 INFO             PET0 PIOc_freedecomp Enter - MemInfo: [/proc/self/status]	VmSwap:	       0 kB
20220313 001004.900 INFO             PET0 PIOc_freedecomp Enter - MemInfo: [/proc/self/status]	VmRSSPercent: 0.0141643 %
20220313 001004.900 INFO             PET0 PIOc_freedecomp Enter - MemInfo: [malloc] Non-mmapped space allocated:                 1108288 Byte
20220313 001004.900 INFO             PET0 PIOc_freedecomp Enter - MemInfo: [malloc] Space allocated in mmapped regions:          3219456 Byte
20220313 001004.900 INFO             PET0 PIOc_freedecomp Enter - MemInfo: [malloc] Maximum total allocated space:                     0 Byte
20220313 001004.900 INFO             PET0 PIOc_freedecomp Enter - MemInfo: [malloc] Space in freed fastbin blocks:                   384 Byte
20220313 001004.900 INFO             PET0 PIOc_freedecomp Enter - MemInfo: [malloc] Total allocated space:                        967600 Byte
20220313 001004.900 INFO             PET0 PIOc_freedecomp Enter - MemInfo: [malloc] Total free space:                             140688 Byte
20220313 001004.900 INFO             PET0 PIOc_freedecomp Enter - MemInfo: [malloc] Top-most, releasable space:                   128960 Byte
20220313 001004.900 INFO             PET0 PIOc_freedecomp Enter - MemInfo: [malloc] Total space in use, mmap + non-mmap:         4187056 Byte
20220313 001004.901 INFO             PET0 PIOc_freedecomp Enter - MemInfo: [malloc] Total space held (mmap + non-mmap):          4327744 Byte
20220313 001004.901 INFO             PET0 PIOc_freedecomp Enter - MemInfo: [malloc] Total space used (mmap + non-mmap):          4195600 Byte
20220313 001004.901 INFO             PET0 PIOc_freedecomp Enter - MemInfo: Wall-clock time since execution start:               0.217186 seconds
20220313 001004.901 INFO             PET0 PIOc_freedecomp Exit - MemInfo: [/proc/meminfo - SSI]	MemTotal:       65855856 kB
20220313 001004.901 INFO             PET0 PIOc_freedecomp Exit - MemInfo: [/proc/meminfo - SSI]	MemFree:        61261944 kB
20220313 001004.901 INFO             PET0 PIOc_freedecomp Exit - MemInfo: [/proc/meminfo - SSI]	MemAvailable:   61029804 kB
20220313 001004.901 INFO             PET0 PIOc_freedecomp Exit - MemInfo: [/proc/meminfo - SSI]	Committed_AS:    2836648 kB
20220313 001004.901 INFO             PET0 PIOc_freedecomp Exit - MemInfo: [/proc/meminfo - SSI]	CommittedPercent: 4.30736 %
20220313 001004.901 INFO             PET0 PIOc_freedecomp Exit - MemInfo: [/proc/self/status]	VmPeak:	   70160 kB
20220313 001004.901 INFO             PET0 PIOc_freedecomp Exit - MemInfo: [/proc/self/status]	VmSize:	   61448 kB
20220313 001004.901 INFO             PET0 PIOc_freedecomp Exit - MemInfo: [/proc/self/status]	VmLck:	       0 kB
20220313 001004.901 INFO             PET0 PIOc_freedecomp Exit - MemInfo: [/proc/self/status]	VmPin:	       0 kB
20220313 001004.901 INFO             PET0 PIOc_freedecomp Exit - MemInfo: [/proc/self/status]	VmHWM:	   17516 kB
20220313 001004.901 INFO             PET0 PIOc_freedecomp Exit - MemInfo: [/proc/self/status]	VmRSS:	    9328 kB
20220313 001004.901 INFO             PET0 PIOc_freedecomp Exit - MemInfo: [/proc/self/status]	VmData:	    8468 kB
20220313 001004.901 INFO             PET0 PIOc_freedecomp Exit - MemInfo: [/proc/self/status]	VmStk:	     164 kB
20220313 001004.901 INFO             PET0 PIOc_freedecomp Exit - MemInfo: [/proc/self/status]	VmExe:	   27396 kB
20220313 001004.901 INFO             PET0 PIOc_freedecomp Exit - MemInfo: [/proc/self/status]	VmLib:	    1952 kB
20220313 001004.901 INFO             PET0 PIOc_freedecomp Exit - MemInfo: [/proc/self/status]	VmPTE:	     116 kB
20220313 001004.901 INFO             PET0 PIOc_freedecomp Exit - MemInfo: [/proc/self/status]	VmPMD:	      12 kB
20220313 001004.901 INFO             PET0 PIOc_freedecomp Exit - MemInfo: [/proc/self/status]	VmSwap:	       0 kB
20220313 001004.901 INFO             PET0 PIOc_freedecomp Exit - MemInfo: [/proc/self/status]	VmRSSPercent: 0.0141643 %
20220313 001004.901 INFO             PET0 PIOc_freedecomp Exit - MemInfo: [malloc] Non-mmapped space allocated:                 1108288 Byte
20220313 001004.901 INFO             PET0 PIOc_freedecomp Exit - MemInfo: [malloc] Space allocated in mmapped regions:          3219456 Byte
20220313 001004.901 INFO             PET0 PIOc_freedecomp Exit - MemInfo: [malloc] Maximum total allocated space:                     0 Byte
20220313 001004.901 INFO             PET0 PIOc_freedecomp Exit - MemInfo: [malloc] Space in freed fastbin blocks:                   816 Byte
20220313 001004.901 INFO             PET0 PIOc_freedecomp Exit - MemInfo: [malloc] Total allocated space:                        965248 Byte
20220313 001004.901 INFO             PET0 PIOc_freedecomp Exit - MemInfo: [malloc] Total free space:                             143040 Byte
20220313 001004.901 INFO             PET0 PIOc_freedecomp Exit - MemInfo: [malloc] Top-most, releasable space:                   128960 Byte
20220313 001004.901 INFO             PET0 PIOc_freedecomp Exit - MemInfo: [malloc] Total space in use, mmap + non-mmap:         4184704 Byte
20220313 001004.901 INFO             PET0 PIOc_freedecomp Exit - MemInfo: [malloc] Total space held (mmap + non-mmap):          4327744 Byte
20220313 001004.901 INFO             PET0 PIOc_freedecomp Exit - MemInfo: [malloc] Total space used (mmap + non-mmap):          4193360 Byte
20220313 001004.901 INFO             PET0 PIOc_freedecomp Exit - MemInfo: Wall-clock time since execution start:               0.217654 seconds
20220313 001004.901 INFO             PET0  PASS  Write Fortran array in Field, ESMF_FieldIOUTest.F90, line 219
20220313 001004.901 INFO             PET0  PASS  Create a field from grid and fortran dummy array without halo, ESMF_FieldIOUTest.F90, line 233
20220313 001004.901 INFO             PET0  PASS  Get Farray_w from nohalo field, ESMF_FieldIOUTest.F90, line 244
20220313 001004.941 INFO             PET0 PIOc_sync Enter - MemInfo: [/proc/meminfo - SSI]	MemTotal:       65855856 kB
20220313 001004.941 INFO             PET0 PIOc_sync Enter - MemInfo: [/proc/meminfo - SSI]	MemFree:        61254888 kB
20220313 001004.941 INFO             PET0 PIOc_sync Enter - MemInfo: [/proc/meminfo - SSI]	MemAvailable:   61022748 kB
20220313 001004.941 INFO             PET0 PIOc_sync Enter - MemInfo: [/proc/meminfo - SSI]	Committed_AS:    2844804 kB
20220313 001004.941 INFO             PET0 PIOc_sync Enter - MemInfo: [/proc/meminfo - SSI]	CommittedPercent: 4.31974 %
20220313 001004.941 INFO             PET0 PIOc_sync Enter - MemInfo: [/proc/self/status]	VmPeak:	   70160 kB
20220313 001004.941 INFO             PET0 PIOc_sync Enter - MemInfo: [/proc/self/status]	VmSize:	   70156 kB
20220313 001004.941 INFO             PET0 PIOc_sync Enter - MemInfo: [/proc/self/status]	VmLck:	       0 kB
20220313 001004.941 INFO             PET0 PIOc_sync Enter - MemInfo: [/proc/self/status]	VmPin:	       0 kB
20220313 001004.941 INFO             PET0 PIOc_sync Enter - MemInfo: [/proc/self/status]	VmHWM:	   17516 kB
20220313 001004.941 INFO             PET0 PIOc_sync Enter - MemInfo: [/proc/self/status]	VmRSS:	   17468 kB
20220313 001004.941 INFO             PET0 PIOc_sync Enter - MemInfo: [/proc/self/status]	VmData:	   17176 kB
20220313 001004.941 INFO             PET0 PIOc_sync Enter - MemInfo: [/proc/self/status]	VmStk:	     164 kB
20220313 001004.941 INFO             PET0 PIOc_sync Enter - MemInfo: [/proc/self/status]	VmExe:	   27396 kB
20220313 001004.941 INFO             PET0 PIOc_sync Enter - MemInfo: [/proc/self/status]	VmLib:	    1952 kB
20220313 001004.941 INFO             PET0 PIOc_sync Enter - MemInfo: [/proc/self/status]	VmPTE:	     132 kB
20220313 001004.941 INFO             PET0 PIOc_sync Enter - MemInfo: [/proc/self/status]	VmPMD:	      12 kB
20220313 001004.941 INFO             PET0 PIOc_sync Enter - MemInfo: [/proc/self/status]	VmSwap:	       0 kB
20220313 001004.941 INFO             PET0 PIOc_sync Enter - MemInfo: [/proc/self/status]	VmRSSPercent: 0.0265246 %
20220313 001004.941 INFO             PET0 PIOc_sync Enter - MemInfo: [malloc] Non-mmapped space allocated:                10025280 Byte
20220313 001004.941 INFO             PET0 PIOc_sync Enter - MemInfo: [malloc] Space allocated in mmapped regions:          3219456 Byte
20220313 001004.941 INFO             PET0 PIOc_sync Enter - MemInfo: [malloc] Maximum total allocated space:                     0 Byte
20220313 001004.941 INFO             PET0 PIOc_sync Enter - MemInfo: [malloc] Space in freed fastbin blocks:                     0 Byte
20220313 001004.941 INFO             PET0 PIOc_sync Enter - MemInfo: [malloc] Total allocated space:                       9902400 Byte
20220313 001004.941 INFO             PET0 PIOc_sync Enter - MemInfo: [malloc] Total free space:                             122880 Byte
20220313 001004.941 INFO             PET0 PIOc_sync Enter - MemInfo: [malloc] Top-most, releasable space:                   120912 Byte
20220313 001004.941 INFO             PET0 PIOc_sync Enter - MemInfo: [malloc] Total space in use, mmap + non-mmap:        13121856 Byte
20220313 001004.941 INFO             PET0 PIOc_sync Enter - MemInfo: [malloc] Total space held (mmap + non-mmap):         13244736 Byte
20220313 001004.941 INFO             PET0 PIOc_sync Enter - MemInfo: [malloc] Total space used (mmap + non-mmap):         13130512 Byte
20220313 001004.941 INFO             PET0 PIOc_sync Enter - MemInfo: Wall-clock time since execution start:               0.257871 seconds
20220313 001004.941 INFO             PET0 PIOc_sync Exit - MemInfo: [/proc/meminfo - SSI]	MemTotal:       65855856 kB
20220313 001004.941 INFO             PET0 PIOc_sync Exit - MemInfo: [/proc/meminfo - SSI]	MemFree:        61254384 kB
20220313 001004.941 INFO             PET0 PIOc_sync Exit - MemInfo: [/proc/meminfo - SSI]	MemAvailable:   61022244 kB
20220313 001004.941 INFO             PET0 PIOc_sync Exit - MemInfo: [/proc/meminfo - SSI]	Committed_AS:    2844804 kB
20220313 001004.941 INFO             PET0 PIOc_sync Exit - MemInfo: [/proc/meminfo - SSI]	CommittedPercent: 4.31974 %
20220313 001004.941 INFO             PET0 PIOc_sync Exit - MemInfo: [/proc/self/status]	VmPeak:	   70160 kB
20220313 001004.941 INFO             PET0 PIOc_sync Exit - MemInfo: [/proc/self/status]	VmSize:	   70156 kB
20220313 001004.941 INFO             PET0 PIOc_sync Exit - MemInfo: [/proc/self/status]	VmLck:	       0 kB
20220313 001004.941 INFO             PET0 PIOc_sync Exit - MemInfo: [/proc/self/status]	VmPin:	       0 kB
20220313 001004.941 INFO             PET0 PIOc_sync Exit - MemInfo: [/proc/self/status]	VmHWM:	   17516 kB
20220313 001004.942 INFO             PET0 PIOc_sync Exit - MemInfo: [/proc/self/status]	VmRSS:	   17468 kB
20220313 001004.942 INFO             PET0 PIOc_sync Exit - MemInfo: [/proc/self/status]	VmData:	   17176 kB
20220313 001004.942 INFO             PET0 PIOc_sync Exit - MemInfo: [/proc/self/status]	VmStk:	     164 kB
20220313 001004.942 INFO             PET0 PIOc_sync Exit - MemInfo: [/proc/self/status]	VmExe:	   27396 kB
20220313 001004.942 INFO             PET0 PIOc_sync Exit - MemInfo: [/proc/self/status]	VmLib:	    1952 kB
20220313 001004.942 INFO             PET0 PIOc_sync Exit - MemInfo: [/proc/self/status]	VmPTE:	     132 kB
20220313 001004.942 INFO             PET0 PIOc_sync Exit - MemInfo: [/proc/self/status]	VmPMD:	      12 kB
20220313 001004.942 INFO             PET0 PIOc_sync Exit - MemInfo: [/proc/self/status]	VmSwap:	       0 kB
20220313 001004.942 INFO             PET0 PIOc_sync Exit - MemInfo: [/proc/self/status]	VmRSSPercent: 0.0265246 %
20220313 001004.942 INFO             PET0 PIOc_sync Exit - MemInfo: [malloc] Non-mmapped space allocated:                10025280 Byte
20220313 001004.942 INFO             PET0 PIOc_sync Exit - MemInfo: [malloc] Space allocated in mmapped regions:          3219456 Byte
20220313 001004.942 INFO             PET0 PIOc_sync Exit - MemInfo: [malloc] Maximum total allocated space:                     0 Byte
20220313 001004.942 INFO             PET0 PIOc_sync Exit - MemInfo: [malloc] Space in freed fastbin blocks:                     0 Byte
20220313 001004.942 INFO             PET0 PIOc_sync Exit - MemInfo: [malloc] Total allocated space:                       9904176 Byte
20220313 001004.942 INFO             PET0 PIOc_sync Exit - MemInfo: [malloc] Total free space:                             121104 Byte
20220313 001004.942 INFO             PET0 PIOc_sync Exit - MemInfo: [malloc] Top-most, releasable space:                   120688 Byte
20220313 001004.942 INFO             PET0 PIOc_sync Exit - MemInfo: [malloc] Total space in use, mmap + non-mmap:        13123632 Byte
20220313 001004.942 INFO             PET0 PIOc_sync Exit - MemInfo: [malloc] Total space held (mmap + non-mmap):         13244736 Byte
20220313 001004.942 INFO             PET0 PIOc_sync Exit - MemInfo: [malloc] Total space used (mmap + non-mmap):         13131952 Byte
20220313 001004.942 INFO             PET0 PIOc_sync Exit - MemInfo: Wall-clock time since execution start:               0.258362 seconds
20220313 001004.942 INFO             PET0 PIOc_freedecomp Enter - MemInfo: [/proc/meminfo - SSI]	MemTotal:       65855856 kB
20220313 001004.942 INFO             PET0 PIOc_freedecomp Enter - MemInfo: [/proc/meminfo - SSI]	MemFree:        61254384 kB
20220313 001004.942 INFO             PET0 PIOc_freedecomp Enter - MemInfo: [/proc/meminfo - SSI]	MemAvailable:   61022244 kB
20220313 001004.942 INFO             PET0 PIOc_freedecomp Enter - MemInfo: [/proc/meminfo - SSI]	Committed_AS:    2844804 kB
20220313 001004.942 INFO             PET0 PIOc_freedecomp Enter - MemInfo: [/proc/meminfo - SSI]	CommittedPercent: 4.31974 %
20220313 001004.942 INFO             PET0 PIOc_freedecomp Enter - MemInfo: [/proc/self/status]	VmPeak:	   70160 kB
20220313 001004.942 INFO             PET0 PIOc_freedecomp Enter - MemInfo: [/proc/self/status]	VmSize:	   70156 kB
20220313 001004.942 INFO             PET0 PIOc_freedecomp Enter - MemInfo: [/proc/self/status]	VmLck:	       0 kB
20220313 001004.942 INFO             PET0 PIOc_freedecomp Enter - MemInfo: [/proc/self/status]	VmPin:	       0 kB
20220313 001004.942 INFO             PET0 PIOc_freedecomp Enter - MemInfo: [/proc/self/status]	VmHWM:	   17516 kB
20220313 001004.942 INFO             PET0 PIOc_freedecomp Enter - MemInfo: [/proc/self/status]	VmRSS:	   17468 kB
20220313 001004.942 INFO             PET0 PIOc_freedecomp Enter - MemInfo: [/proc/self/status]	VmData:	   17176 kB
20220313 001004.942 INFO             PET0 PIOc_freedecomp Enter - MemInfo: [/proc/self/status]	VmStk:	     164 kB
20220313 001004.942 INFO             PET0 PIOc_freedecomp Enter - MemInfo: [/proc/self/status]	VmExe:	   27396 kB
20220313 001004.942 INFO             PET0 PIOc_freedecomp Enter - MemInfo: [/proc/self/status]	VmLib:	    1952 kB
20220313 001004.942 INFO             PET0 PIOc_freedecomp Enter - MemInfo: [/proc/self/status]	VmPTE:	     132 kB
20220313 001004.942 INFO             PET0 PIOc_freedecomp Enter - MemInfo: [/proc/self/status]	VmPMD:	      12 kB
20220313 001004.942 INFO             PET0 PIOc_freedecomp Enter - MemInfo: [/proc/self/status]	VmSwap:	       0 kB
20220313 001004.942 INFO             PET0 PIOc_freedecomp Enter - MemInfo: [/proc/self/status]	VmRSSPercent: 0.0265246 %
20220313 001004.942 INFO             PET0 PIOc_freedecomp Enter - MemInfo: [malloc] Non-mmapped space allocated:                10025280 Byte
20220313 001004.942 INFO             PET0 PIOc_freedecomp Enter - MemInfo: [malloc] Space allocated in mmapped regions:          3219456 Byte
20220313 001004.942 INFO             PET0 PIOc_freedecomp Enter - MemInfo: [malloc] Maximum total allocated space:                     0 Byte
20220313 001004.942 INFO             PET0 PIOc_freedecomp Enter - MemInfo: [malloc] Space in freed fastbin blocks:                   144 Byte
20220313 001004.942 INFO             PET0 PIOc_freedecomp Enter - MemInfo: [malloc] Total allocated space:                        979488 Byte
20220313 001004.942 INFO             PET0 PIOc_freedecomp Enter - MemInfo: [malloc] Total free space:                            9045792 Byte
20220313 001004.942 INFO             PET0 PIOc_freedecomp Enter - MemInfo: [malloc] Top-most, releasable space:                   120464 Byte
20220313 001004.942 INFO             PET0 PIOc_freedecomp Enter - MemInfo: [malloc] Total space in use, mmap + non-mmap:         4198944 Byte
20220313 001004.942 INFO             PET0 PIOc_freedecomp Enter - MemInfo: [malloc] Total space held (mmap + non-mmap):         13244736 Byte
20220313 001004.942 INFO             PET0 PIOc_freedecomp Enter - MemInfo: [malloc] Total space used (mmap + non-mmap):          4207152 Byte
20220313 001004.942 INFO             PET0 PIOc_freedecomp Enter - MemInfo: Wall-clock time since execution start:               0.258972 seconds
20220313 001004.942 INFO             PET0 PIOc_freedecomp Exit - MemInfo: [/proc/meminfo - SSI]	MemTotal:       65855856 kB
20220313 001004.942 INFO             PET0 PIOc_freedecomp Exit - MemInfo: [/proc/meminfo - SSI]	MemFree:        61254384 kB
20220313 001004.942 INFO             PET0 PIOc_freedecomp Exit - MemInfo: [/proc/meminfo - SSI]	MemAvailable:   61022244 kB
20220313 001004.942 INFO             PET0 PIOc_freedecomp Exit - MemInfo: [/proc/meminfo - SSI]	Committed_AS:    2844804 kB
20220313 001004.942 INFO             PET0 PIOc_freedecomp Exit - MemInfo: [/proc/meminfo - SSI]	CommittedPercent: 4.31974 %
20220313 001004.943 INFO             PET0 PIOc_freedecomp Exit - MemInfo: [/proc/self/status]	VmPeak:	   70160 kB
20220313 001004.943 INFO             PET0 PIOc_freedecomp Exit - MemInfo: [/proc/self/status]	VmSize:	   70156 kB
20220313 001004.943 INFO             PET0 PIOc_freedecomp Exit - MemInfo: [/proc/self/status]	VmLck:	       0 kB
20220313 001004.943 INFO             PET0 PIOc_freedecomp Exit - MemInfo: [/proc/self/status]	VmPin:	       0 kB
20220313 001004.943 INFO             PET0 PIOc_freedecomp Exit - MemInfo: [/proc/self/status]	VmHWM:	   17516 kB
20220313 001004.943 INFO             PET0 PIOc_freedecomp Exit - MemInfo: [/proc/self/status]	VmRSS:	   17468 kB
20220313 001004.943 INFO             PET0 PIOc_freedecomp Exit - MemInfo: [/proc/self/status]	VmData:	   17176 kB
20220313 001004.943 INFO             PET0 PIOc_freedecomp Exit - MemInfo: [/proc/self/status]	VmStk:	     164 kB
20220313 001004.943 INFO             PET0 PIOc_freedecomp Exit - MemInfo: [/proc/self/status]	VmExe:	   27396 kB
20220313 001004.943 INFO             PET0 PIOc_freedecomp Exit - MemInfo: [/proc/self/status]	VmLib:	    1952 kB
20220313 001004.943 INFO             PET0 PIOc_freedecomp Exit - MemInfo: [/proc/self/status]	VmPTE:	     132 kB
20220313 001004.943 INFO             PET0 PIOc_freedecomp Exit - MemInfo: [/proc/self/status]	VmPMD:	      12 kB
20220313 001004.943 INFO             PET0 PIOc_freedecomp Exit - MemInfo: [/proc/self/status]	VmSwap:	       0 kB
20220313 001004.943 INFO             PET0 PIOc_freedecomp Exit - MemInfo: [/proc/self/status]	VmRSSPercent: 0.0265246 %
20220313 001004.943 INFO             PET0 PIOc_freedecomp Exit - MemInfo: [malloc] Non-mmapped space allocated:                10025280 Byte
20220313 001004.943 INFO             PET0 PIOc_freedecomp Exit - MemInfo: [malloc] Space allocated in mmapped regions:          3219456 Byte
20220313 001004.943 INFO             PET0 PIOc_freedecomp Exit - MemInfo: [malloc] Maximum total allocated space:                     0 Byte
20220313 001004.943 INFO             PET0 PIOc_freedecomp Exit - MemInfo: [malloc] Space in freed fastbin blocks:                   192 Byte
20220313 001004.943 INFO             PET0 PIOc_freedecomp Exit - MemInfo: [malloc] Total allocated space:                        976112 Byte
20220313 001004.943 INFO             PET0 PIOc_freedecomp Exit - MemInfo: [malloc] Total free space:                            9049168 Byte
20220313 001004.943 INFO             PET0 PIOc_freedecomp Exit - MemInfo: [malloc] Top-most, releasable space:                   120464 Byte
20220313 001004.943 INFO             PET0 PIOc_freedecomp Exit - MemInfo: [malloc] Total space in use, mmap + non-mmap:         4195568 Byte
20220313 001004.943 INFO             PET0 PIOc_freedecomp Exit - MemInfo: [malloc] Total space held (mmap + non-mmap):         13244736 Byte
20220313 001004.943 INFO             PET0 PIOc_freedecomp Exit - MemInfo: [malloc] Total space used (mmap + non-mmap):          4203776 Byte
20220313 001004.943 INFO             PET0 PIOc_freedecomp Exit - MemInfo: Wall-clock time since execution start:               0.259425 seconds
20220313 001004.943 INFO             PET0  PASS  Write Fortran array in nohalo Field, ESMF_FieldIOUTest.F90, line 268
20220313 001004.943 INFO             PET0  PASS  Create a field from grid and fortran dummy array without halo, ESMF_FieldIOUTest.F90, line 281
20220313 001004.972 INFO             PET0 PIOc_sync Enter - MemInfo: [/proc/meminfo - SSI]	MemTotal:       65855856 kB
20220313 001004.972 INFO             PET0 PIOc_sync Enter - MemInfo: [/proc/meminfo - SSI]	MemFree:        61254384 kB
20220313 001004.972 INFO             PET0 PIOc_sync Enter - MemInfo: [/proc/meminfo - SSI]	MemAvailable:   61022244 kB
20220313 001004.972 INFO             PET0 PIOc_sync Enter - MemInfo: [/proc/meminfo - SSI]	Committed_AS:    2844804 kB
20220313 001004.972 INFO             PET0 PIOc_sync Enter - MemInfo: [/proc/meminfo - SSI]	CommittedPercent: 4.31974 %
20220313 001004.972 INFO             PET0 PIOc_sync Enter - MemInfo: [/proc/self/status]	VmPeak:	   70160 kB
20220313 001004.972 INFO             PET0 PIOc_sync Enter - MemInfo: [/proc/self/status]	VmSize:	   70132 kB
20220313 001004.972 INFO             PET0 PIOc_sync Enter - MemInfo: [/proc/self/status]	VmLck:	       0 kB
20220313 001004.972 INFO             PET0 PIOc_sync Enter - MemInfo: [/proc/self/status]	VmPin:	       0 kB
20220313 001004.972 INFO             PET0 PIOc_sync Enter - MemInfo: [/proc/self/status]	VmHWM:	   17900 kB
20220313 001004.972 INFO             PET0 PIOc_sync Enter - MemInfo: [/proc/self/status]	VmRSS:	   17900 kB
20220313 001004.972 INFO             PET0 PIOc_sync Enter - MemInfo: [/proc/self/status]	VmData:	   17176 kB
20220313 001004.972 INFO             PET0 PIOc_sync Enter - MemInfo: [/proc/self/status]	VmStk:	     164 kB
20220313 001004.972 INFO             PET0 PIOc_sync Enter - MemInfo: [/proc/self/status]	VmExe:	   27396 kB
20220313 001004.972 INFO             PET0 PIOc_sync Enter - MemInfo: [/proc/self/status]	VmLib:	    1952 kB
20220313 001004.972 INFO             PET0 PIOc_sync Enter - MemInfo: [/proc/self/status]	VmPTE:	     132 kB
20220313 001004.972 INFO             PET0 PIOc_sync Enter - MemInfo: [/proc/self/status]	VmPMD:	      12 kB
20220313 001004.972 INFO             PET0 PIOc_sync Enter - MemInfo: [/proc/self/status]	VmSwap:	       0 kB
20220313 001004.972 INFO             PET0 PIOc_sync Enter - MemInfo: [/proc/self/status]	VmRSSPercent: 0.0271806 %
20220313 001004.973 INFO             PET0 PIOc_sync Enter - MemInfo: [malloc] Non-mmapped space allocated:                10025280 Byte
20220313 001004.973 INFO             PET0 PIOc_sync Enter - MemInfo: [malloc] Space allocated in mmapped regions:          3219456 Byte
20220313 001004.973 INFO             PET0 PIOc_sync Enter - MemInfo: [malloc] Maximum total allocated space:                     0 Byte
20220313 001004.973 INFO             PET0 PIOc_sync Enter - MemInfo: [malloc] Space in freed fastbin blocks:                     0 Byte
20220313 001004.973 INFO             PET0 PIOc_sync Enter - MemInfo: [malloc] Total allocated space:                       9908864 Byte
20220313 001004.973 INFO             PET0 PIOc_sync Enter - MemInfo: [malloc] Total free space:                             116416 Byte
20220313 001004.973 INFO             PET0 PIOc_sync Enter - MemInfo: [malloc] Top-most, releasable space:                   109968 Byte
20220313 001004.973 INFO             PET0 PIOc_sync Enter - MemInfo: [malloc] Total space in use, mmap + non-mmap:        13128320 Byte
20220313 001004.973 INFO             PET0 PIOc_sync Enter - MemInfo: [malloc] Total space held (mmap + non-mmap):         13244736 Byte
20220313 001004.973 INFO             PET0 PIOc_sync Enter - MemInfo: [malloc] Total space used (mmap + non-mmap):         13136864 Byte
20220313 001004.973 INFO             PET0 PIOc_sync Enter - MemInfo: Wall-clock time since execution start:               0.289259 seconds
20220313 001004.973 INFO             PET0 PIOc_sync Exit - MemInfo: [/proc/meminfo - SSI]	MemTotal:       65855856 kB
20220313 001004.973 INFO             PET0 PIOc_sync Exit - MemInfo: [/proc/meminfo - SSI]	MemFree:        61253880 kB
20220313 001004.973 INFO             PET0 PIOc_sync Exit - MemInfo: [/proc/meminfo - SSI]	MemAvailable:   61021740 kB
20220313 001004.973 INFO             PET0 PIOc_sync Exit - MemInfo: [/proc/meminfo - SSI]	Committed_AS:    2844804 kB
20220313 001004.973 INFO             PET0 PIOc_sync Exit - MemInfo: [/proc/meminfo - SSI]	CommittedPercent: 4.31974 %
20220313 001004.973 INFO             PET0 PIOc_sync Exit - MemInfo: [/proc/self/status]	VmPeak:	   70160 kB
20220313 001004.973 INFO             PET0 PIOc_sync Exit - MemInfo: [/proc/self/status]	VmSize:	   70132 kB
20220313 001004.973 INFO             PET0 PIOc_sync Exit - MemInfo: [/proc/self/status]	VmLck:	       0 kB
20220313 001004.973 INFO             PET0 PIOc_sync Exit - MemInfo: [/proc/self/status]	VmPin:	       0 kB
20220313 001004.973 INFO             PET0 PIOc_sync Exit - MemInfo: [/proc/self/status]	VmHWM:	   17900 kB
20220313 001004.973 INFO             PET0 PIOc_sync Exit - MemInfo: [/proc/self/status]	VmRSS:	   17900 kB
20220313 001004.973 INFO             PET0 PIOc_sync Exit - MemInfo: [/proc/self/status]	VmData:	   17176 kB
20220313 001004.973 INFO             PET0 PIOc_sync Exit - MemInfo: [/proc/self/status]	VmStk:	     164 kB
20220313 001004.973 INFO             PET0 PIOc_sync Exit - MemInfo: [/proc/self/status]	VmExe:	   27396 kB
20220313 001004.973 INFO             PET0 PIOc_sync Exit - MemInfo: [/proc/self/status]	VmLib:	    1952 kB
20220313 001004.973 INFO             PET0 PIOc_sync Exit - MemInfo: [/proc/self/status]	VmPTE:	     132 kB
20220313 001004.973 INFO             PET0 PIOc_sync Exit - MemInfo: [/proc/self/status]	VmPMD:	      12 kB
20220313 001004.973 INFO             PET0 PIOc_sync Exit - MemInfo: [/proc/self/status]	VmSwap:	       0 kB
20220313 001004.973 INFO             PET0 PIOc_sync Exit - MemInfo: [/proc/self/status]	VmRSSPercent: 0.0271806 %
20220313 001004.973 INFO             PET0 PIOc_sync Exit - MemInfo: [malloc] Non-mmapped space allocated:                10025280 Byte
20220313 001004.973 INFO             PET0 PIOc_sync Exit - MemInfo: [malloc] Space allocated in mmapped regions:          3219456 Byte
20220313 001004.973 INFO             PET0 PIOc_sync Exit - MemInfo: [malloc] Maximum total allocated space:                     0 Byte
20220313 001004.973 INFO             PET0 PIOc_sync Exit - MemInfo: [malloc] Space in freed fastbin blocks:                     0 Byte
20220313 001004.973 INFO             PET0 PIOc_sync Exit - MemInfo: [malloc] Total allocated space:                       9910032 Byte
20220313 001004.973 INFO             PET0 PIOc_sync Exit - MemInfo: [malloc] Total free space:                             115248 Byte
20220313 001004.973 INFO             PET0 PIOc_sync Exit - MemInfo: [malloc] Top-most, releasable space:                   109744 Byte
20220313 001004.973 INFO             PET0 PIOc_sync Exit - MemInfo: [malloc] Total space in use, mmap + non-mmap:        13129488 Byte
20220313 001004.973 INFO             PET0 PIOc_sync Exit - MemInfo: [malloc] Total space held (mmap + non-mmap):         13244736 Byte
20220313 001004.973 INFO             PET0 PIOc_sync Exit - MemInfo: [malloc] Total space used (mmap + non-mmap):         13137808 Byte
20220313 001004.973 INFO             PET0 PIOc_sync Exit - MemInfo: Wall-clock time since execution start:                0.28978 seconds
20220313 001004.973 INFO             PET0 PIOc_freedecomp Enter - MemInfo: [/proc/meminfo - SSI]	MemTotal:       65855856 kB
20220313 001004.973 INFO             PET0 PIOc_freedecomp Enter - MemInfo: [/proc/meminfo - SSI]	MemFree:        61253880 kB
20220313 001004.973 INFO             PET0 PIOc_freedecomp Enter - MemInfo: [/proc/meminfo - SSI]	MemAvailable:   61021740 kB
20220313 001004.973 INFO             PET0 PIOc_freedecomp Enter - MemInfo: [/proc/meminfo - SSI]	Committed_AS:    2844804 kB
20220313 001004.973 INFO             PET0 PIOc_freedecomp Enter - MemInfo: [/proc/meminfo - SSI]	CommittedPercent: 4.31974 %
20220313 001004.973 INFO             PET0 PIOc_freedecomp Enter - MemInfo: [/proc/self/status]	VmPeak:	   70160 kB
20220313 001004.973 INFO             PET0 PIOc_freedecomp Enter - MemInfo: [/proc/self/status]	VmSize:	   70132 kB
20220313 001004.973 INFO             PET0 PIOc_freedecomp Enter - MemInfo: [/proc/self/status]	VmLck:	       0 kB
20220313 001004.973 INFO             PET0 PIOc_freedecomp Enter - MemInfo: [/proc/self/status]	VmPin:	       0 kB
20220313 001004.973 INFO             PET0 PIOc_freedecomp Enter - MemInfo: [/proc/self/status]	VmHWM:	   17900 kB
20220313 001004.973 INFO             PET0 PIOc_freedecomp Enter - MemInfo: [/proc/self/status]	VmRSS:	   17900 kB
20220313 001004.974 INFO             PET0 PIOc_freedecomp Enter - MemInfo: [/proc/self/status]	VmData:	   17176 kB
20220313 001004.974 INFO             PET0 PIOc_freedecomp Enter - MemInfo: [/proc/self/status]	VmStk:	     164 kB
20220313 001004.974 INFO             PET0 PIOc_freedecomp Enter - MemInfo: [/proc/self/status]	VmExe:	   27396 kB
20220313 001004.974 INFO             PET0 PIOc_freedecomp Enter - MemInfo: [/proc/self/status]	VmLib:	    1952 kB
20220313 001004.974 INFO             PET0 PIOc_freedecomp Enter - MemInfo: [/proc/self/status]	VmPTE:	     132 kB
20220313 001004.974 INFO             PET0 PIOc_freedecomp Enter - MemInfo: [/proc/self/status]	VmPMD:	      12 kB
20220313 001004.974 INFO             PET0 PIOc_freedecomp Enter - MemInfo: [/proc/self/status]	VmSwap:	       0 kB
20220313 001004.974 INFO             PET0 PIOc_freedecomp Enter - MemInfo: [/proc/self/status]	VmRSSPercent: 0.0271806 %
20220313 001004.974 INFO             PET0 PIOc_freedecomp Enter - MemInfo: [malloc] Non-mmapped space allocated:                10025280 Byte
20220313 001004.974 INFO             PET0 PIOc_freedecomp Enter - MemInfo: [malloc] Space allocated in mmapped regions:          3219456 Byte
20220313 001004.974 INFO             PET0 PIOc_freedecomp Enter - MemInfo: [malloc] Maximum total allocated space:                     0 Byte
20220313 001004.974 INFO             PET0 PIOc_freedecomp Enter - MemInfo: [malloc] Space in freed fastbin blocks:                   144 Byte
20220313 001004.974 INFO             PET0 PIOc_freedecomp Enter - MemInfo: [malloc] Total allocated space:                        984880 Byte
20220313 001004.974 INFO             PET0 PIOc_freedecomp Enter - MemInfo: [malloc] Total free space:                            9040400 Byte
20220313 001004.974 INFO             PET0 PIOc_freedecomp Enter - MemInfo: [malloc] Top-most, releasable space:                   109520 Byte
20220313 001004.974 INFO             PET0 PIOc_freedecomp Enter - MemInfo: [malloc] Total space in use, mmap + non-mmap:         4204336 Byte
20220313 001004.974 INFO             PET0 PIOc_freedecomp Enter - MemInfo: [malloc] Total space held (mmap + non-mmap):         13244736 Byte
20220313 001004.974 INFO             PET0 PIOc_freedecomp Enter - MemInfo: [malloc] Total space used (mmap + non-mmap):          4212544 Byte
20220313 001004.974 INFO             PET0 PIOc_freedecomp Enter - MemInfo: Wall-clock time since execution start:               0.290393 seconds
20220313 001004.974 INFO             PET0 PIOc_freedecomp Exit - MemInfo: [/proc/meminfo - SSI]	MemTotal:       65855856 kB
20220313 001004.974 INFO             PET0 PIOc_freedecomp Exit - MemInfo: [/proc/meminfo - SSI]	MemFree:        61253880 kB
20220313 001004.974 INFO             PET0 PIOc_freedecomp Exit - MemInfo: [/proc/meminfo - SSI]	MemAvailable:   61021740 kB
20220313 001004.974 INFO             PET0 PIOc_freedecomp Exit - MemInfo: [/proc/meminfo - SSI]	Committed_AS:    2844804 kB
20220313 001004.974 INFO             PET0 PIOc_freedecomp Exit - MemInfo: [/proc/meminfo - SSI]	CommittedPercent: 4.31974 %
20220313 001004.974 INFO             PET0 PIOc_freedecomp Exit - MemInfo: [/proc/self/status]	VmPeak:	   70160 kB
20220313 001004.974 INFO             PET0 PIOc_freedecomp Exit - MemInfo: [/proc/self/status]	VmSize:	   70132 kB
20220313 001004.974 INFO             PET0 PIOc_freedecomp Exit - MemInfo: [/proc/self/status]	VmLck:	       0 kB
20220313 001004.974 INFO             PET0 PIOc_freedecomp Exit - MemInfo: [/proc/self/status]	VmPin:	       0 kB
20220313 001004.974 INFO             PET0 PIOc_freedecomp Exit - MemInfo: [/proc/self/status]	VmHWM:	   17900 kB
20220313 001004.974 INFO             PET0 PIOc_freedecomp Exit - MemInfo: [/proc/self/status]	VmRSS:	   17900 kB
20220313 001004.974 INFO             PET0 PIOc_freedecomp Exit - MemInfo: [/proc/self/status]	VmData:	   17176 kB
20220313 001004.974 INFO             PET0 PIOc_freedecomp Exit - MemInfo: [/proc/self/status]	VmStk:	     164 kB
20220313 001004.974 INFO             PET0 PIOc_freedecomp Exit - MemInfo: [/proc/self/status]	VmExe:	   27396 kB
20220313 001004.974 INFO             PET0 PIOc_freedecomp Exit - MemInfo: [/proc/self/status]	VmLib:	    1952 kB
20220313 001004.974 INFO             PET0 PIOc_freedecomp Exit - MemInfo: [/proc/self/status]	VmPTE:	     132 kB
20220313 001004.974 INFO             PET0 PIOc_freedecomp Exit - MemInfo: [/proc/self/status]	VmPMD:	      12 kB
20220313 001004.974 INFO             PET0 PIOc_freedecomp Exit - MemInfo: [/proc/self/status]	VmSwap:	       0 kB
20220313 001004.974 INFO             PET0 PIOc_freedecomp Exit - MemInfo: [/proc/self/status]	VmRSSPercent: 0.0271806 %
20220313 001004.974 INFO             PET0 PIOc_freedecomp Exit - MemInfo: [malloc] Non-mmapped space allocated:                10025280 Byte
20220313 001004.974 INFO             PET0 PIOc_freedecomp Exit - MemInfo: [malloc] Space allocated in mmapped regions:          3219456 Byte
20220313 001004.974 INFO             PET0 PIOc_freedecomp Exit - MemInfo: [malloc] Maximum total allocated space:                     0 Byte
20220313 001004.974 INFO             PET0 PIOc_freedecomp Exit - MemInfo: [malloc] Space in freed fastbin blocks:                   992 Byte
20220313 001004.974 INFO             PET0 PIOc_freedecomp Exit - MemInfo: [malloc] Total allocated space:                        981264 Byte
20220313 001004.974 INFO             PET0 PIOc_freedecomp Exit - MemInfo: [malloc] Total free space:                            9044016 Byte
20220313 001004.974 INFO             PET0 PIOc_freedecomp Exit - MemInfo: [malloc] Top-most, releasable space:                   120240 Byte
20220313 001004.974 INFO             PET0 PIOc_freedecomp Exit - MemInfo: [malloc] Total space in use, mmap + non-mmap:         4200720 Byte
20220313 001004.974 INFO             PET0 PIOc_freedecomp Exit - MemInfo: [malloc] Total space held (mmap + non-mmap):         13244736 Byte
20220313 001004.974 INFO             PET0 PIOc_freedecomp Exit - MemInfo: [malloc] Total space used (mmap + non-mmap):          4208928 Byte
20220313 001004.974 INFO             PET0 PIOc_freedecomp Exit - MemInfo: Wall-clock time since execution start:               0.290851 seconds
20220313 001004.976 INFO             PET0 PIOc_sync Enter - MemInfo: [/proc/meminfo - SSI]	MemTotal:       65855856 kB
20220313 001004.976 INFO             PET0 PIOc_sync Enter - MemInfo: [/proc/meminfo - SSI]	MemFree:        61253880 kB
20220313 001004.976 INFO             PET0 PIOc_sync Enter - MemInfo: [/proc/meminfo - SSI]	MemAvailable:   61021740 kB
20220313 001004.976 INFO             PET0 PIOc_sync Enter - MemInfo: [/proc/meminfo - SSI]	Committed_AS:    2844804 kB
20220313 001004.976 INFO             PET0 PIOc_sync Enter - MemInfo: [/proc/meminfo - SSI]	CommittedPercent: 4.31974 %
20220313 001004.976 INFO             PET0 PIOc_sync Enter - MemInfo: [/proc/self/status]	VmPeak:	   70160 kB
20220313 001004.976 INFO             PET0 PIOc_sync Enter - MemInfo: [/proc/self/status]	VmSize:	   70120 kB
20220313 001004.976 INFO             PET0 PIOc_sync Enter - MemInfo: [/proc/self/status]	VmLck:	       0 kB
20220313 001004.976 INFO             PET0 PIOc_sync Enter - MemInfo: [/proc/self/status]	VmPin:	       0 kB
20220313 001004.976 INFO             PET0 PIOc_sync Enter - MemInfo: [/proc/self/status]	VmHWM:	   18048 kB
20220313 001004.976 INFO             PET0 PIOc_sync Enter - MemInfo: [/proc/self/status]	VmRSS:	   18048 kB
20220313 001004.976 INFO             PET0 PIOc_sync Enter - MemInfo: [/proc/self/status]	VmData:	   17176 kB
20220313 001004.976 INFO             PET0 PIOc_sync Enter - MemInfo: [/proc/self/status]	VmStk:	     164 kB
20220313 001004.976 INFO             PET0 PIOc_sync Enter - MemInfo: [/proc/self/status]	VmExe:	   27396 kB
20220313 001004.976 INFO             PET0 PIOc_sync Enter - MemInfo: [/proc/self/status]	VmLib:	    1952 kB
20220313 001004.976 INFO             PET0 PIOc_sync Enter - MemInfo: [/proc/self/status]	VmPTE:	     132 kB
20220313 001004.976 INFO             PET0 PIOc_sync Enter - MemInfo: [/proc/self/status]	VmPMD:	      12 kB
20220313 001004.976 INFO             PET0 PIOc_sync Enter - MemInfo: [/proc/self/status]	VmSwap:	       0 kB
20220313 001004.976 INFO             PET0 PIOc_sync Enter - MemInfo: [/proc/self/status]	VmRSSPercent: 0.0274053 %
20220313 001004.976 INFO             PET0 PIOc_sync Enter - MemInfo: [malloc] Non-mmapped space allocated:                10025280 Byte
20220313 001004.976 INFO             PET0 PIOc_sync Enter - MemInfo: [malloc] Space allocated in mmapped regions:          3219456 Byte
20220313 001004.976 INFO             PET0 PIOc_sync Enter - MemInfo: [malloc] Maximum total allocated space:                     0 Byte
20220313 001004.976 INFO             PET0 PIOc_sync Enter - MemInfo: [malloc] Space in freed fastbin blocks:                   544 Byte
20220313 001004.976 INFO             PET0 PIOc_sync Enter - MemInfo: [malloc] Total allocated space:                       9911680 Byte
20220313 001004.976 INFO             PET0 PIOc_sync Enter - MemInfo: [malloc] Total free space:                             113600 Byte
20220313 001004.976 INFO             PET0 PIOc_sync Enter - MemInfo: [malloc] Top-most, releasable space:                   109968 Byte
20220313 001004.976 INFO             PET0 PIOc_sync Enter - MemInfo: [malloc] Total space in use, mmap + non-mmap:        13131136 Byte
20220313 001004.976 INFO             PET0 PIOc_sync Enter - MemInfo: [malloc] Total space held (mmap + non-mmap):         13244736 Byte
20220313 001004.976 INFO             PET0 PIOc_sync Enter - MemInfo: [malloc] Total space used (mmap + non-mmap):         13139456 Byte
20220313 001004.976 INFO             PET0 PIOc_sync Enter - MemInfo: Wall-clock time since execution start:                0.29265 seconds
20220313 001004.976 INFO             PET0 PIOc_sync Exit - MemInfo: [/proc/meminfo - SSI]	MemTotal:       65855856 kB
20220313 001004.976 INFO             PET0 PIOc_sync Exit - MemInfo: [/proc/meminfo - SSI]	MemFree:        61253880 kB
20220313 001004.976 INFO             PET0 PIOc_sync Exit - MemInfo: [/proc/meminfo - SSI]	MemAvailable:   61021740 kB
20220313 001004.976 INFO             PET0 PIOc_sync Exit - MemInfo: [/proc/meminfo - SSI]	Committed_AS:    2844804 kB
20220313 001004.976 INFO             PET0 PIOc_sync Exit - MemInfo: [/proc/meminfo - SSI]	CommittedPercent: 4.31974 %
20220313 001004.976 INFO             PET0 PIOc_sync Exit - MemInfo: [/proc/self/status]	VmPeak:	   70160 kB
20220313 001004.976 INFO             PET0 PIOc_sync Exit - MemInfo: [/proc/self/status]	VmSize:	   70120 kB
20220313 001004.976 INFO             PET0 PIOc_sync Exit - MemInfo: [/proc/self/status]	VmLck:	       0 kB
20220313 001004.976 INFO             PET0 PIOc_sync Exit - MemInfo: [/proc/self/status]	VmPin:	       0 kB
20220313 001004.976 INFO             PET0 PIOc_sync Exit - MemInfo: [/proc/self/status]	VmHWM:	   18048 kB
20220313 001004.976 INFO             PET0 PIOc_sync Exit - MemInfo: [/proc/self/status]	VmRSS:	   18048 kB
20220313 001004.976 INFO             PET0 PIOc_sync Exit - MemInfo: [/proc/self/status]	VmData:	   17176 kB
20220313 001004.976 INFO             PET0 PIOc_sync Exit - MemInfo: [/proc/self/status]	VmStk:	     164 kB
20220313 001004.976 INFO             PET0 PIOc_sync Exit - MemInfo: [/proc/self/status]	VmExe:	   27396 kB
20220313 001004.976 INFO             PET0 PIOc_sync Exit - MemInfo: [/proc/self/status]	VmLib:	    1952 kB
20220313 001004.976 INFO             PET0 PIOc_sync Exit - MemInfo: [/proc/self/status]	VmPTE:	     144 kB
20220313 001004.976 INFO             PET0 PIOc_sync Exit - MemInfo: [/proc/self/status]	VmPMD:	      12 kB
20220313 001004.976 INFO             PET0 PIOc_sync Exit - MemInfo: [/proc/self/status]	VmSwap:	       0 kB
20220313 001004.976 INFO             PET0 PIOc_sync Exit - MemInfo: [/proc/self/status]	VmRSSPercent: 0.0274053 %
20220313 001004.976 INFO             PET0 PIOc_sync Exit - MemInfo: [malloc] Non-mmapped space allocated:                10025280 Byte
20220313 001004.976 INFO             PET0 PIOc_sync Exit - MemInfo: [malloc] Space allocated in mmapped regions:          3219456 Byte
20220313 001004.976 INFO             PET0 PIOc_sync Exit - MemInfo: [malloc] Maximum total allocated space:                     0 Byte
20220313 001004.976 INFO             PET0 PIOc_sync Exit - MemInfo: [malloc] Space in freed fastbin blocks:                     0 Byte
20220313 001004.976 INFO             PET0 PIOc_sync Exit - MemInfo: [malloc] Total allocated space:                       9911952 Byte
20220313 001004.977 INFO             PET0 PIOc_sync Exit - MemInfo: [malloc] Total free space:                             113328 Byte
20220313 001004.977 INFO             PET0 PIOc_sync Exit - MemInfo: [malloc] Top-most, releasable space:                   109744 Byte
20220313 001004.977 INFO             PET0 PIOc_sync Exit - MemInfo: [malloc] Total space in use, mmap + non-mmap:        13131408 Byte
20220313 001004.977 INFO             PET0 PIOc_sync Exit - MemInfo: [malloc] Total space held (mmap + non-mmap):         13244736 Byte
20220313 001004.977 INFO             PET0 PIOc_sync Exit - MemInfo: [malloc] Total space used (mmap + non-mmap):         13139728 Byte
20220313 001004.977 INFO             PET0 PIOc_sync Exit - MemInfo: Wall-clock time since execution start:               0.293216 seconds
20220313 001004.977 INFO             PET0 PIOc_freedecomp Enter - MemInfo: [/proc/meminfo - SSI]	MemTotal:       65855856 kB
20220313 001004.977 INFO             PET0 PIOc_freedecomp Enter - MemInfo: [/proc/meminfo - SSI]	MemFree:        61253880 kB
20220313 001004.977 INFO             PET0 PIOc_freedecomp Enter - MemInfo: [/proc/meminfo - SSI]	MemAvailable:   61021740 kB
20220313 001004.977 INFO             PET0 PIOc_freedecomp Enter - MemInfo: [/proc/meminfo - SSI]	Committed_AS:    2844804 kB
20220313 001004.977 INFO             PET0 PIOc_freedecomp Enter - MemInfo: [/proc/meminfo - SSI]	CommittedPercent: 4.31974 %
20220313 001004.977 INFO             PET0 PIOc_freedecomp Enter - MemInfo: [/proc/self/status]	VmPeak:	   70160 kB
20220313 001004.977 INFO             PET0 PIOc_freedecomp Enter - MemInfo: [/proc/self/status]	VmSize:	   70120 kB
20220313 001004.977 INFO             PET0 PIOc_freedecomp Enter - MemInfo: [/proc/self/status]	VmLck:	       0 kB
20220313 001004.977 INFO             PET0 PIOc_freedecomp Enter - MemInfo: [/proc/self/status]	VmPin:	       0 kB
20220313 001004.977 INFO             PET0 PIOc_freedecomp Enter - MemInfo: [/proc/self/status]	VmHWM:	   18048 kB
20220313 001004.977 INFO             PET0 PIOc_freedecomp Enter - MemInfo: [/proc/self/status]	VmRSS:	   18048 kB
20220313 001004.977 INFO             PET0 PIOc_freedecomp Enter - MemInfo: [/proc/self/status]	VmData:	   17176 kB
20220313 001004.977 INFO             PET0 PIOc_freedecomp Enter - MemInfo: [/proc/self/status]	VmStk:	     164 kB
20220313 001004.977 INFO             PET0 PIOc_freedecomp Enter - MemInfo: [/proc/self/status]	VmExe:	   27396 kB
20220313 001004.977 INFO             PET0 PIOc_freedecomp Enter - MemInfo: [/proc/self/status]	VmLib:	    1952 kB
20220313 001004.977 INFO             PET0 PIOc_freedecomp Enter - MemInfo: [/proc/self/status]	VmPTE:	     144 kB
20220313 001004.977 INFO             PET0 PIOc_freedecomp Enter - MemInfo: [/proc/self/status]	VmPMD:	      12 kB
20220313 001004.977 INFO             PET0 PIOc_freedecomp Enter - MemInfo: [/proc/self/status]	VmSwap:	       0 kB
20220313 001004.977 INFO             PET0 PIOc_freedecomp Enter - MemInfo: [/proc/self/status]	VmRSSPercent: 0.0274053 %
20220313 001004.977 INFO             PET0 PIOc_freedecomp Enter - MemInfo: [malloc] Non-mmapped space allocated:                10025280 Byte
20220313 001004.977 INFO             PET0 PIOc_freedecomp Enter - MemInfo: [malloc] Space allocated in mmapped regions:          3219456 Byte
20220313 001004.977 INFO             PET0 PIOc_freedecomp Enter - MemInfo: [malloc] Maximum total allocated space:                     0 Byte
20220313 001004.977 INFO             PET0 PIOc_freedecomp Enter - MemInfo: [malloc] Space in freed fastbin blocks:                   144 Byte
20220313 001004.977 INFO             PET0 PIOc_freedecomp Enter - MemInfo: [malloc] Total allocated space:                        986640 Byte
20220313 001004.977 INFO             PET0 PIOc_freedecomp Enter - MemInfo: [malloc] Total free space:                            9038640 Byte
20220313 001004.977 INFO             PET0 PIOc_freedecomp Enter - MemInfo: [malloc] Top-most, releasable space:                   109520 Byte
20220313 001004.977 INFO             PET0 PIOc_freedecomp Enter - MemInfo: [malloc] Total space in use, mmap + non-mmap:         4206096 Byte
20220313 001004.977 INFO             PET0 PIOc_freedecomp Enter - MemInfo: [malloc] Total space held (mmap + non-mmap):         13244736 Byte
20220313 001004.977 INFO             PET0 PIOc_freedecomp Enter - MemInfo: [malloc] Total space used (mmap + non-mmap):          4214304 Byte
20220313 001004.977 INFO             PET0 PIOc_freedecomp Enter - MemInfo: Wall-clock time since execution start:               0.293899 seconds
20220313 001004.977 INFO             PET0 PIOc_freedecomp Exit - MemInfo: [/proc/meminfo - SSI]	MemTotal:       65855856 kB
20220313 001004.977 INFO             PET0 PIOc_freedecomp Exit - MemInfo: [/proc/meminfo - SSI]	MemFree:        61253880 kB
20220313 001004.977 INFO             PET0 PIOc_freedecomp Exit - MemInfo: [/proc/meminfo - SSI]	MemAvailable:   61021740 kB
20220313 001004.977 INFO             PET0 PIOc_freedecomp Exit - MemInfo: [/proc/meminfo - SSI]	Committed_AS:    2844804 kB
20220313 001004.977 INFO             PET0 PIOc_freedecomp Exit - MemInfo: [/proc/meminfo - SSI]	CommittedPercent: 4.31974 %
20220313 001004.977 INFO             PET0 PIOc_freedecomp Exit - MemInfo: [/proc/self/status]	VmPeak:	   70160 kB
20220313 001004.977 INFO             PET0 PIOc_freedecomp Exit - MemInfo: [/proc/self/status]	VmSize:	   70120 kB
20220313 001004.977 INFO             PET0 PIOc_freedecomp Exit - MemInfo: [/proc/self/status]	VmLck:	       0 kB
20220313 001004.977 INFO             PET0 PIOc_freedecomp Exit - MemInfo: [/proc/self/status]	VmPin:	       0 kB
20220313 001004.977 INFO             PET0 PIOc_freedecomp Exit - MemInfo: [/proc/self/status]	VmHWM:	   18048 kB
20220313 001004.977 INFO             PET0 PIOc_freedecomp Exit - MemInfo: [/proc/self/status]	VmRSS:	   18048 kB
20220313 001004.977 INFO             PET0 PIOc_freedecomp Exit - MemInfo: [/proc/self/status]	VmData:	   17176 kB
20220313 001004.977 INFO             PET0 PIOc_freedecomp Exit - MemInfo: [/proc/self/status]	VmStk:	     164 kB
20220313 001004.977 INFO             PET0 PIOc_freedecomp Exit - MemInfo: [/proc/self/status]	VmExe:	   27396 kB
20220313 001004.977 INFO             PET0 PIOc_freedecomp Exit - MemInfo: [/proc/self/status]	VmLib:	    1952 kB
20220313 001004.978 INFO             PET0 PIOc_freedecomp Exit - MemInfo: [/proc/self/status]	VmPTE:	     144 kB
20220313 001004.978 INFO             PET0 PIOc_freedecomp Exit - MemInfo: [/proc/self/status]	VmPMD:	      12 kB
20220313 001004.978 INFO             PET0 PIOc_freedecomp Exit - MemInfo: [/proc/self/status]	VmSwap:	       0 kB
20220313 001004.978 INFO             PET0 PIOc_freedecomp Exit - MemInfo: [/proc/self/status]	VmRSSPercent: 0.0274053 %
20220313 001004.978 INFO             PET0 PIOc_freedecomp Exit - MemInfo: [malloc] Non-mmapped space allocated:                10025280 Byte
20220313 001004.978 INFO             PET0 PIOc_freedecomp Exit - MemInfo: [malloc] Space allocated in mmapped regions:          3219456 Byte
20220313 001004.978 INFO             PET0 PIOc_freedecomp Exit - MemInfo: [malloc] Maximum total allocated space:                     0 Byte
20220313 001004.978 INFO             PET0 PIOc_freedecomp Exit - MemInfo: [malloc] Space in freed fastbin blocks:                   848 Byte
20220313 001004.978 INFO             PET0 PIOc_freedecomp Exit - MemInfo: [malloc] Total allocated space:                        983168 Byte
20220313 001004.978 INFO             PET0 PIOc_freedecomp Exit - MemInfo: [malloc] Total free space:                            9042112 Byte
20220313 001004.978 INFO             PET0 PIOc_freedecomp Exit - MemInfo: [malloc] Top-most, releasable space:                   120240 Byte
20220313 001004.978 INFO             PET0 PIOc_freedecomp Exit - MemInfo: [malloc] Total space in use, mmap + non-mmap:         4202624 Byte
20220313 001004.978 INFO             PET0 PIOc_freedecomp Exit - MemInfo: [malloc] Total space held (mmap + non-mmap):         13244736 Byte
20220313 001004.978 INFO             PET0 PIOc_freedecomp Exit - MemInfo: [malloc] Total space used (mmap + non-mmap):          4210832 Byte
20220313 001004.978 INFO             PET0 PIOc_freedecomp Exit - MemInfo: Wall-clock time since execution start:               0.294338 seconds
20220313 001004.978 INFO             PET0  PASS  Write multiple Fields with same dimensions to a file, ESMF_FieldIOUTest.F90, line 292
20220313 001004.978 INFO             PET0  PASS  Create grid for field metadata test, ESMF_FieldIOUTest.F90, line 309
20220313 001004.978 INFO             PET0  PASS  Create field with global indices, ESMF_FieldIOUTest.F90, line 316
20220313 001004.978 INFO             PET0  PASS  Get Farray_md from field, ESMF_FieldIOUTest.F90, line 324
20220313 001005.001 INFO             PET0 PIOc_sync Enter - MemInfo: [/proc/meminfo - SSI]	MemTotal:       65855856 kB
20220313 001005.001 INFO             PET0 PIOc_sync Enter - MemInfo: [/proc/meminfo - SSI]	MemFree:        61245816 kB
20220313 001005.001 INFO             PET0 PIOc_sync Enter - MemInfo: [/proc/meminfo - SSI]	MemAvailable:   61013676 kB
20220313 001005.001 INFO             PET0 PIOc_sync Enter - MemInfo: [/proc/meminfo - SSI]	Committed_AS:    2853000 kB
20220313 001005.001 INFO             PET0 PIOc_sync Enter - MemInfo: [/proc/meminfo - SSI]	CommittedPercent: 4.33219 %
20220313 001005.001 INFO             PET0 PIOc_sync Enter - MemInfo: [/proc/self/status]	VmPeak:	   78324 kB
20220313 001005.001 INFO             PET0 PIOc_sync Enter - MemInfo: [/proc/self/status]	VmSize:	   78324 kB
20220313 001005.001 INFO             PET0 PIOc_sync Enter - MemInfo: [/proc/self/status]	VmLck:	       0 kB
20220313 001005.001 INFO             PET0 PIOc_sync Enter - MemInfo: [/proc/self/status]	VmPin:	       0 kB
20220313 001005.001 INFO             PET0 PIOc_sync Enter - MemInfo: [/proc/self/status]	VmHWM:	   26228 kB
20220313 001005.001 INFO             PET0 PIOc_sync Enter - MemInfo: [/proc/self/status]	VmRSS:	   26228 kB
20220313 001005.001 INFO             PET0 PIOc_sync Enter - MemInfo: [/proc/self/status]	VmData:	   25380 kB
20220313 001005.001 INFO             PET0 PIOc_sync Enter - MemInfo: [/proc/self/status]	VmStk:	     164 kB
20220313 001005.001 INFO             PET0 PIOc_sync Enter - MemInfo: [/proc/self/status]	VmExe:	   27396 kB
20220313 001005.001 INFO             PET0 PIOc_sync Enter - MemInfo: [/proc/self/status]	VmLib:	    1952 kB
20220313 001005.001 INFO             PET0 PIOc_sync Enter - MemInfo: [/proc/self/status]	VmPTE:	     160 kB
20220313 001005.001 INFO             PET0 PIOc_sync Enter - MemInfo: [/proc/self/status]	VmPMD:	      12 kB
20220313 001005.001 INFO             PET0 PIOc_sync Enter - MemInfo: [/proc/self/status]	VmSwap:	       0 kB
20220313 001005.001 INFO             PET0 PIOc_sync Enter - MemInfo: [/proc/self/status]	VmRSSPercent: 0.0398264 %
20220313 001005.001 INFO             PET0 PIOc_sync Enter - MemInfo: [malloc] Non-mmapped space allocated:                18426176 Byte
20220313 001005.001 INFO             PET0 PIOc_sync Enter - MemInfo: [malloc] Space allocated in mmapped regions:          3219456 Byte
20220313 001005.001 INFO             PET0 PIOc_sync Enter - MemInfo: [malloc] Maximum total allocated space:                     0 Byte
20220313 001005.001 INFO             PET0 PIOc_sync Enter - MemInfo: [malloc] Space in freed fastbin blocks:                     0 Byte
20220313 001005.001 INFO             PET0 PIOc_sync Enter - MemInfo: [malloc] Total allocated space:                       9934816 Byte
20220313 001005.001 INFO             PET0 PIOc_sync Enter - MemInfo: [malloc] Total free space:                            8491360 Byte
20220313 001005.001 INFO             PET0 PIOc_sync Enter - MemInfo: [malloc] Top-most, releasable space:                   132736 Byte
20220313 001005.001 INFO             PET0 PIOc_sync Enter - MemInfo: [malloc] Total space in use, mmap + non-mmap:        13154272 Byte
20220313 001005.001 INFO             PET0 PIOc_sync Enter - MemInfo: [malloc] Total space held (mmap + non-mmap):         21645632 Byte
20220313 001005.001 INFO             PET0 PIOc_sync Enter - MemInfo: [malloc] Total space used (mmap + non-mmap):         13162816 Byte
20220313 001005.001 INFO             PET0 PIOc_sync Enter - MemInfo: Wall-clock time since execution start:               0.317801 seconds
20220313 001005.001 INFO             PET0 PIOc_sync Exit - MemInfo: [/proc/meminfo - SSI]	MemTotal:       65855856 kB
20220313 001005.001 INFO             PET0 PIOc_sync Exit - MemInfo: [/proc/meminfo - SSI]	MemFree:        61245816 kB
20220313 001005.001 INFO             PET0 PIOc_sync Exit - MemInfo: [/proc/meminfo - SSI]	MemAvailable:   61013676 kB
20220313 001005.001 INFO             PET0 PIOc_sync Exit - MemInfo: [/proc/meminfo - SSI]	Committed_AS:    2853000 kB
20220313 001005.001 INFO             PET0 PIOc_sync Exit - MemInfo: [/proc/meminfo - SSI]	CommittedPercent: 4.33219 %
20220313 001005.001 INFO             PET0 PIOc_sync Exit - MemInfo: [/proc/self/status]	VmPeak:	   78324 kB
20220313 001005.001 INFO             PET0 PIOc_sync Exit - MemInfo: [/proc/self/status]	VmSize:	   78324 kB
20220313 001005.001 INFO             PET0 PIOc_sync Exit - MemInfo: [/proc/self/status]	VmLck:	       0 kB
20220313 001005.001 INFO             PET0 PIOc_sync Exit - MemInfo: [/proc/self/status]	VmPin:	       0 kB
20220313 001005.001 INFO             PET0 PIOc_sync Exit - MemInfo: [/proc/self/status]	VmHWM:	   26228 kB
20220313 001005.001 INFO             PET0 PIOc_sync Exit - MemInfo: [/proc/self/status]	VmRSS:	   26228 kB
20220313 001005.001 INFO             PET0 PIOc_sync Exit - MemInfo: [/proc/self/status]	VmData:	   25380 kB
20220313 001005.001 INFO             PET0 PIOc_sync Exit - MemInfo: [/proc/self/status]	VmStk:	     164 kB
20220313 001005.001 INFO             PET0 PIOc_sync Exit - MemInfo: [/proc/self/status]	VmExe:	   27396 kB
20220313 001005.001 INFO             PET0 PIOc_sync Exit - MemInfo: [/proc/self/status]	VmLib:	    1952 kB
20220313 001005.002 INFO             PET0 PIOc_sync Exit - MemInfo: [/proc/self/status]	VmPTE:	     160 kB
20220313 001005.002 INFO             PET0 PIOc_sync Exit - MemInfo: [/proc/self/status]	VmPMD:	      12 kB
20220313 001005.002 INFO             PET0 PIOc_sync Exit - MemInfo: [/proc/self/status]	VmSwap:	       0 kB
20220313 001005.002 INFO             PET0 PIOc_sync Exit - MemInfo: [/proc/self/status]	VmRSSPercent: 0.0398264 %
20220313 001005.002 INFO             PET0 PIOc_sync Exit - MemInfo: [malloc] Non-mmapped space allocated:                18426176 Byte
20220313 001005.002 INFO             PET0 PIOc_sync Exit - MemInfo: [malloc] Space allocated in mmapped regions:          3219456 Byte
20220313 001005.002 INFO             PET0 PIOc_sync Exit - MemInfo: [malloc] Maximum total allocated space:                     0 Byte
20220313 001005.002 INFO             PET0 PIOc_sync Exit - MemInfo: [malloc] Space in freed fastbin blocks:                     0 Byte
20220313 001005.002 INFO             PET0 PIOc_sync Exit - MemInfo: [malloc] Total allocated space:                       9949504 Byte
20220313 001005.002 INFO             PET0 PIOc_sync Exit - MemInfo: [malloc] Total free space:                            8476672 Byte
20220313 001005.002 INFO             PET0 PIOc_sync Exit - MemInfo: [malloc] Top-most, releasable space:                   132736 Byte
20220313 001005.002 INFO             PET0 PIOc_sync Exit - MemInfo: [malloc] Total space in use, mmap + non-mmap:        13168960 Byte
20220313 001005.002 INFO             PET0 PIOc_sync Exit - MemInfo: [malloc] Total space held (mmap + non-mmap):         21645632 Byte
20220313 001005.002 INFO             PET0 PIOc_sync Exit - MemInfo: [malloc] Total space used (mmap + non-mmap):         13177280 Byte
20220313 001005.002 INFO             PET0 PIOc_sync Exit - MemInfo: Wall-clock time since execution start:               0.318322 seconds
20220313 001005.002 INFO             PET0 PIOc_freedecomp Enter - MemInfo: [/proc/meminfo - SSI]	MemTotal:       65855856 kB
20220313 001005.002 INFO             PET0 PIOc_freedecomp Enter - MemInfo: [/proc/meminfo - SSI]	MemFree:        61245816 kB
20220313 001005.002 INFO             PET0 PIOc_freedecomp Enter - MemInfo: [/proc/meminfo - SSI]	MemAvailable:   61013676 kB
20220313 001005.002 INFO             PET0 PIOc_freedecomp Enter - MemInfo: [/proc/meminfo - SSI]	Committed_AS:    2853000 kB
20220313 001005.002 INFO             PET0 PIOc_freedecomp Enter - MemInfo: [/proc/meminfo - SSI]	CommittedPercent: 4.33219 %
20220313 001005.002 INFO             PET0 PIOc_freedecomp Enter - MemInfo: [/proc/self/status]	VmPeak:	   78324 kB
20220313 001005.002 INFO             PET0 PIOc_freedecomp Enter - MemInfo: [/proc/self/status]	VmSize:	   78324 kB
20220313 001005.002 INFO             PET0 PIOc_freedecomp Enter - MemInfo: [/proc/self/status]	VmLck:	       0 kB
20220313 001005.002 INFO             PET0 PIOc_freedecomp Enter - MemInfo: [/proc/self/status]	VmPin:	       0 kB
20220313 001005.002 INFO             PET0 PIOc_freedecomp Enter - MemInfo: [/proc/self/status]	VmHWM:	   26228 kB
20220313 001005.002 INFO             PET0 PIOc_freedecomp Enter - MemInfo: [/proc/self/status]	VmRSS:	   26228 kB
20220313 001005.002 INFO             PET0 PIOc_freedecomp Enter - MemInfo: [/proc/self/status]	VmData:	   25380 kB
20220313 001005.002 INFO             PET0 PIOc_freedecomp Enter - MemInfo: [/proc/self/status]	VmStk:	     164 kB
20220313 001005.002 INFO             PET0 PIOc_freedecomp Enter - MemInfo: [/proc/self/status]	VmExe:	   27396 kB
20220313 001005.002 INFO             PET0 PIOc_freedecomp Enter - MemInfo: [/proc/self/status]	VmLib:	    1952 kB
20220313 001005.002 INFO             PET0 PIOc_freedecomp Enter - MemInfo: [/proc/self/status]	VmPTE:	     160 kB
20220313 001005.002 INFO             PET0 PIOc_freedecomp Enter - MemInfo: [/proc/self/status]	VmPMD:	      12 kB
20220313 001005.002 INFO             PET0 PIOc_freedecomp Enter - MemInfo: [/proc/self/status]	VmSwap:	       0 kB
20220313 001005.002 INFO             PET0 PIOc_freedecomp Enter - MemInfo: [/proc/self/status]	VmRSSPercent: 0.0398264 %
20220313 001005.002 INFO             PET0 PIOc_freedecomp Enter - MemInfo: [malloc] Non-mmapped space allocated:                18426176 Byte
20220313 001005.002 INFO             PET0 PIOc_freedecomp Enter - MemInfo: [malloc] Space allocated in mmapped regions:          3219456 Byte
20220313 001005.002 INFO             PET0 PIOc_freedecomp Enter - MemInfo: [malloc] Maximum total allocated space:                     0 Byte
20220313 001005.002 INFO             PET0 PIOc_freedecomp Enter - MemInfo: [malloc] Space in freed fastbin blocks:                    32 Byte
20220313 001005.002 INFO             PET0 PIOc_freedecomp Enter - MemInfo: [malloc] Total allocated space:                       1024944 Byte
20220313 001005.002 INFO             PET0 PIOc_freedecomp Enter - MemInfo: [malloc] Total free space:                           17401232 Byte
20220313 001005.002 INFO             PET0 PIOc_freedecomp Enter - MemInfo: [malloc] Top-most, releasable space:                  8521360 Byte
20220313 001005.002 INFO             PET0 PIOc_freedecomp Enter - MemInfo: [malloc] Total space in use, mmap + non-mmap:         4244400 Byte
20220313 001005.002 INFO             PET0 PIOc_freedecomp Enter - MemInfo: [malloc] Total space held (mmap + non-mmap):         21645632 Byte
20220313 001005.002 INFO             PET0 PIOc_freedecomp Enter - MemInfo: [malloc] Total space used (mmap + non-mmap):          4252608 Byte
20220313 001005.002 INFO             PET0 PIOc_freedecomp Enter - MemInfo: Wall-clock time since execution start:               0.318943 seconds
20220313 001005.002 INFO             PET0 PIOc_freedecomp Exit - MemInfo: [/proc/meminfo - SSI]	MemTotal:       65855856 kB
20220313 001005.002 INFO             PET0 PIOc_freedecomp Exit - MemInfo: [/proc/meminfo - SSI]	MemFree:        61245816 kB
20220313 001005.002 INFO             PET0 PIOc_freedecomp Exit - MemInfo: [/proc/meminfo - SSI]	MemAvailable:   61013676 kB
20220313 001005.002 INFO             PET0 PIOc_freedecomp Exit - MemInfo: [/proc/meminfo - SSI]	Committed_AS:    2853000 kB
20220313 001005.002 INFO             PET0 PIOc_freedecomp Exit - MemInfo: [/proc/meminfo - SSI]	CommittedPercent: 4.33219 %
20220313 001005.002 INFO             PET0 PIOc_freedecomp Exit - MemInfo: [/proc/self/status]	VmPeak:	   78324 kB
20220313 001005.003 INFO             PET0 PIOc_freedecomp Exit - MemInfo: [/proc/self/status]	VmSize:	   78324 kB
20220313 001005.003 INFO             PET0 PIOc_freedecomp Exit - MemInfo: [/proc/self/status]	VmLck:	       0 kB
20220313 001005.003 INFO             PET0 PIOc_freedecomp Exit - MemInfo: [/proc/self/status]	VmPin:	       0 kB
20220313 001005.003 INFO             PET0 PIOc_freedecomp Exit - MemInfo: [/proc/self/status]	VmHWM:	   26228 kB
20220313 001005.003 INFO             PET0 PIOc_freedecomp Exit - MemInfo: [/proc/self/status]	VmRSS:	   26228 kB
20220313 001005.003 INFO             PET0 PIOc_freedecomp Exit - MemInfo: [/proc/self/status]	VmData:	   25380 kB
20220313 001005.003 INFO             PET0 PIOc_freedecomp Exit - MemInfo: [/proc/self/status]	VmStk:	     164 kB
20220313 001005.003 INFO             PET0 PIOc_freedecomp Exit - MemInfo: [/proc/self/status]	VmExe:	   27396 kB
20220313 001005.003 INFO             PET0 PIOc_freedecomp Exit - MemInfo: [/proc/self/status]	VmLib:	    1952 kB
20220313 001005.003 INFO             PET0 PIOc_freedecomp Exit - MemInfo: [/proc/self/status]	VmPTE:	     160 kB
20220313 001005.003 INFO             PET0 PIOc_freedecomp Exit - MemInfo: [/proc/self/status]	VmPMD:	      12 kB
20220313 001005.003 INFO             PET0 PIOc_freedecomp Exit - MemInfo: [/proc/self/status]	VmSwap:	       0 kB
20220313 001005.003 INFO             PET0 PIOc_freedecomp Exit - MemInfo: [/proc/self/status]	VmRSSPercent: 0.0398264 %
20220313 001005.003 INFO             PET0 PIOc_freedecomp Exit - MemInfo: [malloc] Non-mmapped space allocated:                18426176 Byte
20220313 001005.003 INFO             PET0 PIOc_freedecomp Exit - MemInfo: [malloc] Space allocated in mmapped regions:          3219456 Byte
20220313 001005.003 INFO             PET0 PIOc_freedecomp Exit - MemInfo: [malloc] Maximum total allocated space:                     0 Byte
20220313 001005.003 INFO             PET0 PIOc_freedecomp Exit - MemInfo: [malloc] Space in freed fastbin blocks:                   592 Byte
20220313 001005.003 INFO             PET0 PIOc_freedecomp Exit - MemInfo: [malloc] Total allocated space:                       1019152 Byte
20220313 001005.003 INFO             PET0 PIOc_freedecomp Exit - MemInfo: [malloc] Total free space:                           17407024 Byte
20220313 001005.003 INFO             PET0 PIOc_freedecomp Exit - MemInfo: [malloc] Top-most, releasable space:                  8521360 Byte
20220313 001005.003 INFO             PET0 PIOc_freedecomp Exit - MemInfo: [malloc] Total space in use, mmap + non-mmap:         4238608 Byte
20220313 001005.003 INFO             PET0 PIOc_freedecomp Exit - MemInfo: [malloc] Total space held (mmap + non-mmap):         21645632 Byte
20220313 001005.003 INFO             PET0 PIOc_freedecomp Exit - MemInfo: [malloc] Total space used (mmap + non-mmap):          4246816 Byte
20220313 001005.003 INFO             PET0 PIOc_freedecomp Exit - MemInfo: Wall-clock time since execution start:               0.319397 seconds
20220313 001005.003 INFO             PET0  PASS  Write Field to NetCDF file, ESMF_FieldIOUTest.F90, line 348
20220313 001005.004 INFO             PET0  PASS  Confirm NetCDF metadata - open file, ESMF_FieldIOUTest.F90, line 359
20220313 001005.004 INFO             PET0  PASS  Confirm NetCDF metadata - check dim 1, ESMF_FieldIOUTest.F90, line 369
20220313 001005.004 INFO             PET0  PASS  Confirm NetCDF metadata - check dim 1 len, ESMF_FieldIOUTest.F90, line 379
20220313 001005.004 INFO             PET0  PASS  Confirm NetCDF metadata - check dim 2, ESMF_FieldIOUTest.F90, line 389
20220313 001005.004 INFO             PET0  PASS  Confirm NetCDF metadata - check dim 2 len, ESMF_FieldIOUTest.F90, line 399
20220313 001005.004 INFO             PET0  PASS  Confirm NetCDF metadata - variable exists, ESMF_FieldIOUTest.F90, line 409
20220313 001005.004 INFO             PET0  PASS  Confirm NetCDF metadata - variable has expected dims, ESMF_FieldIOUTest.F90, line 420
20220313 001005.004 INFO             PET0  PASS  Confirm NetCDF data - check data for field, ESMF_FieldIOUTest.F90, line 445
20220313 001005.005 INFO             PET0  PASS  Confirm NetCDF data - close file, ESMF_FieldIOUTest.F90, line 456
20220313 001005.032 INFO             PET0 PIOc_sync Enter - MemInfo: [/proc/meminfo - SSI]	MemTotal:       65855856 kB
20220313 001005.032 INFO             PET0 PIOc_sync Enter - MemInfo: [/proc/meminfo - SSI]	MemFree:        61241280 kB
20220313 001005.032 INFO             PET0 PIOc_sync Enter - MemInfo: [/proc/meminfo - SSI]	MemAvailable:   61009140 kB
20220313 001005.032 INFO             PET0 PIOc_sync Enter - MemInfo: [/proc/meminfo - SSI]	Committed_AS:    2857360 kB
20220313 001005.033 INFO             PET0 PIOc_sync Enter - MemInfo: [/proc/meminfo - SSI]	CommittedPercent: 4.33881 %
20220313 001005.033 INFO             PET0 PIOc_sync Enter - MemInfo: [/proc/self/status]	VmPeak:	   78324 kB
20220313 001005.033 INFO             PET0 PIOc_sync Enter - MemInfo: [/proc/self/status]	VmSize:	   78324 kB
20220313 001005.033 INFO             PET0 PIOc_sync Enter - MemInfo: [/proc/self/status]	VmLck:	       0 kB
20220313 001005.033 INFO             PET0 PIOc_sync Enter - MemInfo: [/proc/self/status]	VmPin:	       0 kB
20220313 001005.033 INFO             PET0 PIOc_sync Enter - MemInfo: [/proc/self/status]	VmHWM:	   26228 kB
20220313 001005.033 INFO             PET0 PIOc_sync Enter - MemInfo: [/proc/self/status]	VmRSS:	   26228 kB
20220313 001005.033 INFO             PET0 PIOc_sync Enter - MemInfo: [/proc/self/status]	VmData:	   25380 kB
20220313 001005.033 INFO             PET0 PIOc_sync Enter - MemInfo: [/proc/self/status]	VmStk:	     164 kB
20220313 001005.033 INFO             PET0 PIOc_sync Enter - MemInfo: [/proc/self/status]	VmExe:	   27396 kB
20220313 001005.033 INFO             PET0 PIOc_sync Enter - MemInfo: [/proc/self/status]	VmLib:	    1952 kB
20220313 001005.033 INFO             PET0 PIOc_sync Enter - MemInfo: [/proc/self/status]	VmPTE:	     160 kB
20220313 001005.033 INFO             PET0 PIOc_sync Enter - MemInfo: [/proc/self/status]	VmPMD:	      12 kB
20220313 001005.033 INFO             PET0 PIOc_sync Enter - MemInfo: [/proc/self/status]	VmSwap:	       0 kB
20220313 001005.033 INFO             PET0 PIOc_sync Enter - MemInfo: [/proc/self/status]	VmRSSPercent: 0.0398264 %
20220313 001005.033 INFO             PET0 PIOc_sync Enter - MemInfo: [malloc] Non-mmapped space allocated:                18426176 Byte
20220313 001005.033 INFO             PET0 PIOc_sync Enter - MemInfo: [malloc] Space allocated in mmapped regions:          3219456 Byte
20220313 001005.033 INFO             PET0 PIOc_sync Enter - MemInfo: [malloc] Maximum total allocated space:                     0 Byte
20220313 001005.033 INFO             PET0 PIOc_sync Enter - MemInfo: [malloc] Space in freed fastbin blocks:                     0 Byte
20220313 001005.033 INFO             PET0 PIOc_sync Enter - MemInfo: [malloc] Total allocated space:                       9955104 Byte
20220313 001005.033 INFO             PET0 PIOc_sync Enter - MemInfo: [malloc] Total free space:                            8471072 Byte
20220313 001005.033 INFO             PET0 PIOc_sync Enter - MemInfo: [malloc] Top-most, releasable space:                   132736 Byte
20220313 001005.033 INFO             PET0 PIOc_sync Enter - MemInfo: [malloc] Total space in use, mmap + non-mmap:        13174560 Byte
20220313 001005.033 INFO             PET0 PIOc_sync Enter - MemInfo: [malloc] Total space held (mmap + non-mmap):         21645632 Byte
20220313 001005.033 INFO             PET0 PIOc_sync Enter - MemInfo: [malloc] Total space used (mmap + non-mmap):         13182880 Byte
20220313 001005.033 INFO             PET0 PIOc_sync Enter - MemInfo: Wall-clock time since execution start:               0.349485 seconds
20220313 001005.033 INFO             PET0 PIOc_sync Exit - MemInfo: [/proc/meminfo - SSI]	MemTotal:       65855856 kB
20220313 001005.033 INFO             PET0 PIOc_sync Exit - MemInfo: [/proc/meminfo - SSI]	MemFree:        61241280 kB
20220313 001005.033 INFO             PET0 PIOc_sync Exit - MemInfo: [/proc/meminfo - SSI]	MemAvailable:   61009140 kB
20220313 001005.033 INFO             PET0 PIOc_sync Exit - MemInfo: [/proc/meminfo - SSI]	Committed_AS:    2857360 kB
20220313 001005.033 INFO             PET0 PIOc_sync Exit - MemInfo: [/proc/meminfo - SSI]	CommittedPercent: 4.33881 %
20220313 001005.033 INFO             PET0 PIOc_sync Exit - MemInfo: [/proc/self/status]	VmPeak:	   78324 kB
20220313 001005.033 INFO             PET0 PIOc_sync Exit - MemInfo: [/proc/self/status]	VmSize:	   78324 kB
20220313 001005.033 INFO             PET0 PIOc_sync Exit - MemInfo: [/proc/self/status]	VmLck:	       0 kB
20220313 001005.033 INFO             PET0 PIOc_sync Exit - MemInfo: [/proc/self/status]	VmPin:	       0 kB
20220313 001005.033 INFO             PET0 PIOc_sync Exit - MemInfo: [/proc/self/status]	VmHWM:	   26228 kB
20220313 001005.033 INFO             PET0 PIOc_sync Exit - MemInfo: [/proc/self/status]	VmRSS:	   26228 kB
20220313 001005.033 INFO             PET0 PIOc_sync Exit - MemInfo: [/proc/self/status]	VmData:	   25380 kB
20220313 001005.033 INFO             PET0 PIOc_sync Exit - MemInfo: [/proc/self/status]	VmStk:	     164 kB
20220313 001005.033 INFO             PET0 PIOc_sync Exit - MemInfo: [/proc/self/status]	VmExe:	   27396 kB
20220313 001005.033 INFO             PET0 PIOc_sync Exit - MemInfo: [/proc/self/status]	VmLib:	    1952 kB
20220313 001005.033 INFO             PET0 PIOc_sync Exit - MemInfo: [/proc/self/status]	VmPTE:	     160 kB
20220313 001005.033 INFO             PET0 PIOc_sync Exit - MemInfo: [/proc/self/status]	VmPMD:	      12 kB
20220313 001005.033 INFO             PET0 PIOc_sync Exit - MemInfo: [/proc/self/status]	VmSwap:	       0 kB
20220313 001005.033 INFO             PET0 PIOc_sync Exit - MemInfo: [/proc/self/status]	VmRSSPercent: 0.0398264 %
20220313 001005.033 INFO             PET0 PIOc_sync Exit - MemInfo: [malloc] Non-mmapped space allocated:                18426176 Byte
20220313 001005.033 INFO             PET0 PIOc_sync Exit - MemInfo: [malloc] Space allocated in mmapped regions:          3219456 Byte
20220313 001005.033 INFO             PET0 PIOc_sync Exit - MemInfo: [malloc] Maximum total allocated space:                     0 Byte
20220313 001005.033 INFO             PET0 PIOc_sync Exit - MemInfo: [malloc] Space in freed fastbin blocks:                     0 Byte
20220313 001005.033 INFO             PET0 PIOc_sync Exit - MemInfo: [malloc] Total allocated space:                       9956528 Byte
20220313 001005.033 INFO             PET0 PIOc_sync Exit - MemInfo: [malloc] Total free space:                            8469648 Byte
20220313 001005.033 INFO             PET0 PIOc_sync Exit - MemInfo: [malloc] Top-most, releasable space:                   132736 Byte
20220313 001005.033 INFO             PET0 PIOc_sync Exit - MemInfo: [malloc] Total space in use, mmap + non-mmap:        13175984 Byte
20220313 001005.033 INFO             PET0 PIOc_sync Exit - MemInfo: [malloc] Total space held (mmap + non-mmap):         21645632 Byte
20220313 001005.033 INFO             PET0 PIOc_sync Exit - MemInfo: [malloc] Total space used (mmap + non-mmap):         13184304 Byte
20220313 001005.033 INFO             PET0 PIOc_sync Exit - MemInfo: Wall-clock time since execution start:               0.350029 seconds
20220313 001005.034 INFO             PET0 PIOc_freedecomp Enter - MemInfo: [/proc/meminfo - SSI]	MemTotal:       65855856 kB
20220313 001005.034 INFO             PET0 PIOc_freedecomp Enter - MemInfo: [/proc/meminfo - SSI]	MemFree:        61241280 kB
20220313 001005.034 INFO             PET0 PIOc_freedecomp Enter - MemInfo: [/proc/meminfo - SSI]	MemAvailable:   61009140 kB
20220313 001005.034 INFO             PET0 PIOc_freedecomp Enter - MemInfo: [/proc/meminfo - SSI]	Committed_AS:    2857360 kB
20220313 001005.034 INFO             PET0 PIOc_freedecomp Enter - MemInfo: [/proc/meminfo - SSI]	CommittedPercent: 4.33881 %
20220313 001005.034 INFO             PET0 PIOc_freedecomp Enter - MemInfo: [/proc/self/status]	VmPeak:	   78324 kB
20220313 001005.034 INFO             PET0 PIOc_freedecomp Enter - MemInfo: [/proc/self/status]	VmSize:	   78324 kB
20220313 001005.034 INFO             PET0 PIOc_freedecomp Enter - MemInfo: [/proc/self/status]	VmLck:	       0 kB
20220313 001005.034 INFO             PET0 PIOc_freedecomp Enter - MemInfo: [/proc/self/status]	VmPin:	       0 kB
20220313 001005.034 INFO             PET0 PIOc_freedecomp Enter - MemInfo: [/proc/self/status]	VmHWM:	   26228 kB
20220313 001005.034 INFO             PET0 PIOc_freedecomp Enter - MemInfo: [/proc/self/status]	VmRSS:	   26228 kB
20220313 001005.034 INFO             PET0 PIOc_freedecomp Enter - MemInfo: [/proc/self/status]	VmData:	   25380 kB
20220313 001005.034 INFO             PET0 PIOc_freedecomp Enter - MemInfo: [/proc/self/status]	VmStk:	     164 kB
20220313 001005.034 INFO             PET0 PIOc_freedecomp Enter - MemInfo: [/proc/self/status]	VmExe:	   27396 kB
20220313 001005.034 INFO             PET0 PIOc_freedecomp Enter - MemInfo: [/proc/self/status]	VmLib:	    1952 kB
20220313 001005.034 INFO             PET0 PIOc_freedecomp Enter - MemInfo: [/proc/self/status]	VmPTE:	     160 kB
20220313 001005.034 INFO             PET0 PIOc_freedecomp Enter - MemInfo: [/proc/self/status]	VmPMD:	      12 kB
20220313 001005.034 INFO             PET0 PIOc_freedecomp Enter - MemInfo: [/proc/self/status]	VmSwap:	       0 kB
20220313 001005.034 INFO             PET0 PIOc_freedecomp Enter - MemInfo: [/proc/self/status]	VmRSSPercent: 0.0398264 %
20220313 001005.034 INFO             PET0 PIOc_freedecomp Enter - MemInfo: [malloc] Non-mmapped space allocated:                18426176 Byte
20220313 001005.034 INFO             PET0 PIOc_freedecomp Enter - MemInfo: [malloc] Space allocated in mmapped regions:          3219456 Byte
20220313 001005.034 INFO             PET0 PIOc_freedecomp Enter - MemInfo: [malloc] Maximum total allocated space:                     0 Byte
20220313 001005.034 INFO             PET0 PIOc_freedecomp Enter - MemInfo: [malloc] Space in freed fastbin blocks:                   144 Byte
20220313 001005.034 INFO             PET0 PIOc_freedecomp Enter - MemInfo: [malloc] Total allocated space:                       1031360 Byte
20220313 001005.034 INFO             PET0 PIOc_freedecomp Enter - MemInfo: [malloc] Total free space:                           17394816 Byte
20220313 001005.034 INFO             PET0 PIOc_freedecomp Enter - MemInfo: [malloc] Top-most, releasable space:                  8521360 Byte
20220313 001005.034 INFO             PET0 PIOc_freedecomp Enter - MemInfo: [malloc] Total space in use, mmap + non-mmap:         4250816 Byte
20220313 001005.034 INFO             PET0 PIOc_freedecomp Enter - MemInfo: [malloc] Total space held (mmap + non-mmap):         21645632 Byte
20220313 001005.034 INFO             PET0 PIOc_freedecomp Enter - MemInfo: [malloc] Total space used (mmap + non-mmap):          4259024 Byte
20220313 001005.034 INFO             PET0 PIOc_freedecomp Enter - MemInfo: Wall-clock time since execution start:               0.350672 seconds
20220313 001005.034 INFO             PET0 PIOc_freedecomp Exit - MemInfo: [/proc/meminfo - SSI]	MemTotal:       65855856 kB
20220313 001005.034 INFO             PET0 PIOc_freedecomp Exit - MemInfo: [/proc/meminfo - SSI]	MemFree:        61241280 kB
20220313 001005.034 INFO             PET0 PIOc_freedecomp Exit - MemInfo: [/proc/meminfo - SSI]	MemAvailable:   61009140 kB
20220313 001005.034 INFO             PET0 PIOc_freedecomp Exit - MemInfo: [/proc/meminfo - SSI]	Committed_AS:    2857360 kB
20220313 001005.034 INFO             PET0 PIOc_freedecomp Exit - MemInfo: [/proc/meminfo - SSI]	CommittedPercent: 4.33881 %
20220313 001005.034 INFO             PET0 PIOc_freedecomp Exit - MemInfo: [/proc/self/status]	VmPeak:	   78324 kB
20220313 001005.034 INFO             PET0 PIOc_freedecomp Exit - MemInfo: [/proc/self/status]	VmSize:	   78324 kB
20220313 001005.034 INFO             PET0 PIOc_freedecomp Exit - MemInfo: [/proc/self/status]	VmLck:	       0 kB
20220313 001005.034 INFO             PET0 PIOc_freedecomp Exit - MemInfo: [/proc/self/status]	VmPin:	       0 kB
20220313 001005.034 INFO             PET0 PIOc_freedecomp Exit - MemInfo: [/proc/self/status]	VmHWM:	   26228 kB
20220313 001005.034 INFO             PET0 PIOc_freedecomp Exit - MemInfo: [/proc/self/status]	VmRSS:	   26228 kB
20220313 001005.034 INFO             PET0 PIOc_freedecomp Exit - MemInfo: [/proc/self/status]	VmData:	   25380 kB
20220313 001005.034 INFO             PET0 PIOc_freedecomp Exit - MemInfo: [/proc/self/status]	VmStk:	     164 kB
20220313 001005.034 INFO             PET0 PIOc_freedecomp Exit - MemInfo: [/proc/self/status]	VmExe:	   27396 kB
20220313 001005.034 INFO             PET0 PIOc_freedecomp Exit - MemInfo: [/proc/self/status]	VmLib:	    1952 kB
20220313 001005.034 INFO             PET0 PIOc_freedecomp Exit - MemInfo: [/proc/self/status]	VmPTE:	     160 kB
20220313 001005.034 INFO             PET0 PIOc_freedecomp Exit - MemInfo: [/proc/self/status]	VmPMD:	      12 kB
20220313 001005.034 INFO             PET0 PIOc_freedecomp Exit - MemInfo: [/proc/self/status]	VmSwap:	       0 kB
20220313 001005.034 INFO             PET0 PIOc_freedecomp Exit - MemInfo: [/proc/self/status]	VmRSSPercent: 0.0398264 %
20220313 001005.034 INFO             PET0 PIOc_freedecomp Exit - MemInfo: [malloc] Non-mmapped space allocated:                18426176 Byte
20220313 001005.034 INFO             PET0 PIOc_freedecomp Exit - MemInfo: [malloc] Space allocated in mmapped regions:          3219456 Byte
20220313 001005.034 INFO             PET0 PIOc_freedecomp Exit - MemInfo: [malloc] Maximum total allocated space:                     0 Byte
20220313 001005.034 INFO             PET0 PIOc_freedecomp Exit - MemInfo: [malloc] Space in freed fastbin blocks:                   944 Byte
20220313 001005.034 INFO             PET0 PIOc_freedecomp Exit - MemInfo: [malloc] Total allocated space:                       1027792 Byte
20220313 001005.034 INFO             PET0 PIOc_freedecomp Exit - MemInfo: [malloc] Total free space:                           17398384 Byte
20220313 001005.034 INFO             PET0 PIOc_freedecomp Exit - MemInfo: [malloc] Top-most, releasable space:                  8521360 Byte
20220313 001005.034 INFO             PET0 PIOc_freedecomp Exit - MemInfo: [malloc] Total space in use, mmap + non-mmap:         4247248 Byte
20220313 001005.034 INFO             PET0 PIOc_freedecomp Exit - MemInfo: [malloc] Total space held (mmap + non-mmap):         21645632 Byte
20220313 001005.034 INFO             PET0 PIOc_freedecomp Exit - MemInfo: [malloc] Total space used (mmap + non-mmap):          4255456 Byte
20220313 001005.034 INFO             PET0 PIOc_freedecomp Exit - MemInfo: Wall-clock time since execution start:               0.351096 seconds
20220313 001005.055 INFO             PET0 PIOc_sync Enter - MemInfo: [/proc/meminfo - SSI]	MemTotal:       65855856 kB
20220313 001005.055 INFO             PET0 PIOc_sync Enter - MemInfo: [/proc/meminfo - SSI]	MemFree:        61240760 kB
20220313 001005.055 INFO             PET0 PIOc_sync Enter - MemInfo: [/proc/meminfo - SSI]	MemAvailable:   61008636 kB
20220313 001005.055 INFO             PET0 PIOc_sync Enter - MemInfo: [/proc/meminfo - SSI]	Committed_AS:    2857360 kB
20220313 001005.055 INFO             PET0 PIOc_sync Enter - MemInfo: [/proc/meminfo - SSI]	CommittedPercent: 4.33881 %
20220313 001005.055 INFO             PET0 PIOc_sync Enter - MemInfo: [/proc/self/status]	VmPeak:	   78324 kB
20220313 001005.055 INFO             PET0 PIOc_sync Enter - MemInfo: [/proc/self/status]	VmSize:	   78324 kB
20220313 001005.055 INFO             PET0 PIOc_sync Enter - MemInfo: [/proc/self/status]	VmLck:	       0 kB
20220313 001005.055 INFO             PET0 PIOc_sync Enter - MemInfo: [/proc/self/status]	VmPin:	       0 kB
20220313 001005.055 INFO             PET0 PIOc_sync Enter - MemInfo: [/proc/self/status]	VmHWM:	   26440 kB
20220313 001005.055 INFO             PET0 PIOc_sync Enter - MemInfo: [/proc/self/status]	VmRSS:	   26440 kB
20220313 001005.055 INFO             PET0 PIOc_sync Enter - MemInfo: [/proc/self/status]	VmData:	   25380 kB
20220313 001005.055 INFO             PET0 PIOc_sync Enter - MemInfo: [/proc/self/status]	VmStk:	     164 kB
20220313 001005.055 INFO             PET0 PIOc_sync Enter - MemInfo: [/proc/self/status]	VmExe:	   27396 kB
20220313 001005.055 INFO             PET0 PIOc_sync Enter - MemInfo: [/proc/self/status]	VmLib:	    1952 kB
20220313 001005.055 INFO             PET0 PIOc_sync Enter - MemInfo: [/proc/self/status]	VmPTE:	     160 kB
20220313 001005.055 INFO             PET0 PIOc_sync Enter - MemInfo: [/proc/self/status]	VmPMD:	      12 kB
20220313 001005.055 INFO             PET0 PIOc_sync Enter - MemInfo: [/proc/self/status]	VmSwap:	       0 kB
20220313 001005.055 INFO             PET0 PIOc_sync Enter - MemInfo: [/proc/self/status]	VmRSSPercent: 0.0401483 %
20220313 001005.055 INFO             PET0 PIOc_sync Enter - MemInfo: [malloc] Non-mmapped space allocated:                18426176 Byte
20220313 001005.055 INFO             PET0 PIOc_sync Enter - MemInfo: [malloc] Space allocated in mmapped regions:          3219456 Byte
20220313 001005.055 INFO             PET0 PIOc_sync Enter - MemInfo: [malloc] Maximum total allocated space:                     0 Byte
20220313 001005.055 INFO             PET0 PIOc_sync Enter - MemInfo: [malloc] Space in freed fastbin blocks:                     0 Byte
20220313 001005.055 INFO             PET0 PIOc_sync Enter - MemInfo: [malloc] Total allocated space:                       9962800 Byte
20220313 001005.055 INFO             PET0 PIOc_sync Enter - MemInfo: [malloc] Total free space:                            8463376 Byte
20220313 001005.055 INFO             PET0 PIOc_sync Enter - MemInfo: [malloc] Top-most, releasable space:                   132736 Byte
20220313 001005.055 INFO             PET0 PIOc_sync Enter - MemInfo: [malloc] Total space in use, mmap + non-mmap:        13182256 Byte
20220313 001005.055 INFO             PET0 PIOc_sync Enter - MemInfo: [malloc] Total space held (mmap + non-mmap):         21645632 Byte
20220313 001005.055 INFO             PET0 PIOc_sync Enter - MemInfo: [malloc] Total space used (mmap + non-mmap):         13190800 Byte
20220313 001005.055 INFO             PET0 PIOc_sync Enter - MemInfo: Wall-clock time since execution start:               0.371819 seconds
20220313 001005.055 INFO             PET0 PIOc_sync Exit - MemInfo: [/proc/meminfo - SSI]	MemTotal:       65855856 kB
20220313 001005.055 INFO             PET0 PIOc_sync Exit - MemInfo: [/proc/meminfo - SSI]	MemFree:        61240760 kB
20220313 001005.055 INFO             PET0 PIOc_sync Exit - MemInfo: [/proc/meminfo - SSI]	MemAvailable:   61008636 kB
20220313 001005.055 INFO             PET0 PIOc_sync Exit - MemInfo: [/proc/meminfo - SSI]	Committed_AS:    2857360 kB
20220313 001005.055 INFO             PET0 PIOc_sync Exit - MemInfo: [/proc/meminfo - SSI]	CommittedPercent: 4.33881 %
20220313 001005.055 INFO             PET0 PIOc_sync Exit - MemInfo: [/proc/self/status]	VmPeak:	   78324 kB
20220313 001005.055 INFO             PET0 PIOc_sync Exit - MemInfo: [/proc/self/status]	VmSize:	   78324 kB
20220313 001005.055 INFO             PET0 PIOc_sync Exit - MemInfo: [/proc/self/status]	VmLck:	       0 kB
20220313 001005.055 INFO             PET0 PIOc_sync Exit - MemInfo: [/proc/self/status]	VmPin:	       0 kB
20220313 001005.055 INFO             PET0 PIOc_sync Exit - MemInfo: [/proc/self/status]	VmHWM:	   26440 kB
20220313 001005.055 INFO             PET0 PIOc_sync Exit - MemInfo: [/proc/self/status]	VmRSS:	   26440 kB
20220313 001005.055 INFO             PET0 PIOc_sync Exit - MemInfo: [/proc/self/status]	VmData:	   25380 kB
20220313 001005.055 INFO             PET0 PIOc_sync Exit - MemInfo: [/proc/self/status]	VmStk:	     164 kB
20220313 001005.055 INFO             PET0 PIOc_sync Exit - MemInfo: [/proc/self/status]	VmExe:	   27396 kB
20220313 001005.055 INFO             PET0 PIOc_sync Exit - MemInfo: [/proc/self/status]	VmLib:	    1952 kB
20220313 001005.056 INFO             PET0 PIOc_sync Exit - MemInfo: [/proc/self/status]	VmPTE:	     160 kB
20220313 001005.056 INFO             PET0 PIOc_sync Exit - MemInfo: [/proc/self/status]	VmPMD:	      12 kB
20220313 001005.056 INFO             PET0 PIOc_sync Exit - MemInfo: [/proc/self/status]	VmSwap:	       0 kB
20220313 001005.056 INFO             PET0 PIOc_sync Exit - MemInfo: [/proc/self/status]	VmRSSPercent: 0.0401483 %
20220313 001005.056 INFO             PET0 PIOc_sync Exit - MemInfo: [malloc] Non-mmapped space allocated:                18426176 Byte
20220313 001005.056 INFO             PET0 PIOc_sync Exit - MemInfo: [malloc] Space allocated in mmapped regions:          3219456 Byte
20220313 001005.056 INFO             PET0 PIOc_sync Exit - MemInfo: [malloc] Maximum total allocated space:                     0 Byte
20220313 001005.056 INFO             PET0 PIOc_sync Exit - MemInfo: [malloc] Space in freed fastbin blocks:                     0 Byte
20220313 001005.056 INFO             PET0 PIOc_sync Exit - MemInfo: [malloc] Total allocated space:                       9963616 Byte
20220313 001005.056 INFO             PET0 PIOc_sync Exit - MemInfo: [malloc] Total free space:                            8462560 Byte
20220313 001005.056 INFO             PET0 PIOc_sync Exit - MemInfo: [malloc] Top-most, releasable space:                   132736 Byte
20220313 001005.056 INFO             PET0 PIOc_sync Exit - MemInfo: [malloc] Total space in use, mmap + non-mmap:        13183072 Byte
20220313 001005.056 INFO             PET0 PIOc_sync Exit - MemInfo: [malloc] Total space held (mmap + non-mmap):         21645632 Byte
