build time -- 2022-03-11 23:27:24
20220312 000832.994 INFO             PET0 !!!!!!!!!!!!!!!!!!!!!!!!!!!!!!!!!!!!!!!!!!!!!!!!!!!!!!
20220312 000832.994 INFO             PET0 !!! THE ESMF_LOG IS SET TO OUTPUT ALL LOG MESSAGES !!!
20220312 000832.994 INFO             PET0 !!!     THIS MAY CAUSE SLOWDOWN IN PERFORMANCE     !!!
20220312 000832.994 INFO             PET0 !!! FOR PRODUCTION RUNS, USE:                      !!!
20220312 000832.994 INFO             PET0 !!!                   ESMF_LOGKIND_Multi_On_Error  !!!
20220312 000832.994 INFO             PET0 !!!!!!!!!!!!!!!!!!!!!!!!!!!!!!!!!!!!!!!!!!!!!!!!!!!!!!
20220312 000832.994 INFO             PET0 Running with ESMF Version   : v8.3.0b09-96-g559b459836
20220312 000832.994 INFO             PET0 ESMF library build date/time: "Mar 11 2022" "23:25:51"
20220312 000832.994 INFO             PET0 ESMF library build location : /lustre/f2/dev/ncep/Mark.Potts/gfortran_8.3.0_mpi_O_jedwards_pio_update2
20220312 000832.994 INFO             PET0 ESMF_COMM                   : mpi
20220312 000832.994 INFO             PET0 ESMF_MOAB                   : enabled
20220312 000832.994 INFO             PET0 ESMF_LAPACK                 : enabled
20220312 000832.994 INFO             PET0 ESMF_NETCDF                 : enabled
20220312 000832.994 INFO             PET0 ESMF_PNETCDF                : disabled
20220312 000832.994 INFO             PET0 ESMF_PIO                    : enabled
20220312 000832.994 INFO             PET0 ESMF_YAMLCPP                : enabled
20220312 000833.055 INFO             PET0  Beginning Test, file ESMF_FieldIOUTest.F90, line 123
20220312 000833.056 INFO             PET0  NUMBER_OF_PROCESSORS           4
20220312 000833.065 INFO             PET0  PASS  Array Spec Set, ESMF_FieldIOUTest.F90, line 146
20220312 000833.086 INFO             PET0  PASS  Creating a Grid to use in Field Tests, ESMF_FieldIOUTest.F90, line 157
20220312 000833.102 INFO             PET0  PASS  Create a field from grid and fortran dummy array, ESMF_FieldIOUTest.F90, line 179
20220312 000833.103 INFO             PET0  PASS  Get Farray_w from field, ESMF_FieldIOUTest.F90, line 190
20220312 000833.148 INFO             PET0 PIOc_sync Enter - MemInfo: [/proc/meminfo - SSI]	MemTotal:       65855856 kB
20220312 000833.148 INFO             PET0 PIOc_sync Enter - MemInfo: [/proc/meminfo - SSI]	MemFree:        61160884 kB
20220312 000833.148 INFO             PET0 PIOc_sync Enter - MemInfo: [/proc/meminfo - SSI]	MemAvailable:   60927656 kB
20220312 000833.148 INFO             PET0 PIOc_sync Enter - MemInfo: [/proc/meminfo - SSI]	Committed_AS:    2929652 kB
20220312 000833.148 INFO             PET0 PIOc_sync Enter - MemInfo: [/proc/meminfo - SSI]	CommittedPercent: 4.44858 %
20220312 000833.148 INFO             PET0 PIOc_sync Enter - MemInfo: [/proc/self/status]	VmPeak:	   69692 kB
20220312 000833.148 INFO             PET0 PIOc_sync Enter - MemInfo: [/proc/self/status]	VmSize:	   69692 kB
20220312 000833.148 INFO             PET0 PIOc_sync Enter - MemInfo: [/proc/self/status]	VmLck:	       0 kB
20220312 000833.148 INFO             PET0 PIOc_sync Enter - MemInfo: [/proc/self/status]	VmPin:	       0 kB
20220312 000833.148 INFO             PET0 PIOc_sync Enter - MemInfo: [/proc/self/status]	VmHWM:	   16812 kB
20220312 000833.148 INFO             PET0 PIOc_sync Enter - MemInfo: [/proc/self/status]	VmRSS:	   16812 kB
20220312 000833.148 INFO             PET0 PIOc_sync Enter - MemInfo: [/proc/self/status]	VmData:	   16712 kB
20220312 000833.149 INFO             PET0 PIOc_sync Enter - MemInfo: [/proc/self/status]	VmStk:	     164 kB
20220312 000833.149 INFO             PET0 PIOc_sync Enter - MemInfo: [/proc/self/status]	VmExe:	   27396 kB
20220312 000833.149 INFO             PET0 PIOc_sync Enter - MemInfo: [/proc/self/status]	VmLib:	    1952 kB
20220312 000833.149 INFO             PET0 PIOc_sync Enter - MemInfo: [/proc/self/status]	VmPTE:	     120 kB
20220312 000833.149 INFO             PET0 PIOc_sync Enter - MemInfo: [/proc/self/status]	VmPMD:	      12 kB
20220312 000833.149 INFO             PET0 PIOc_sync Enter - MemInfo: [/proc/self/status]	VmSwap:	       0 kB
20220312 000833.149 INFO             PET0 PIOc_sync Enter - MemInfo: [/proc/self/status]	VmRSSPercent: 0.0255285 %
20220312 000833.149 INFO             PET0 PIOc_sync Enter - MemInfo: [malloc] Non-mmapped space allocated:                  960832 Byte
20220312 000833.149 INFO             PET0 PIOc_sync Enter - MemInfo: [malloc] Space allocated in mmapped regions:         11808768 Byte
20220312 000833.149 INFO             PET0 PIOc_sync Enter - MemInfo: [malloc] Maximum total allocated space:                     0 Byte
20220312 000833.149 INFO             PET0 PIOc_sync Enter - MemInfo: [malloc] Space in freed fastbin blocks:                     0 Byte
20220312 000833.149 INFO             PET0 PIOc_sync Enter - MemInfo: [malloc] Total allocated space:                        905920 Byte
20220312 000833.149 INFO             PET0 PIOc_sync Enter - MemInfo: [malloc] Total free space:                              54912 Byte
20220312 000833.149 INFO             PET0 PIOc_sync Enter - MemInfo: [malloc] Top-most, releasable space:                    54912 Byte
20220312 000833.149 INFO             PET0 PIOc_sync Enter - MemInfo: [malloc] Total space in use, mmap + non-mmap:        12714688 Byte
20220312 000833.149 INFO             PET0 PIOc_sync Enter - MemInfo: [malloc] Total space held (mmap + non-mmap):         12769600 Byte
20220312 000833.149 INFO             PET0 PIOc_sync Enter - MemInfo: [malloc] Total space used (mmap + non-mmap):         12724080 Byte
20220312 000833.149 INFO             PET0 PIOc_sync Enter - MemInfo: Wall-clock time since execution start:               0.163662 seconds
20220312 000833.149 INFO             PET0 PIOc_sync Exit - MemInfo: [/proc/meminfo - SSI]	MemTotal:       65855856 kB
20220312 000833.149 INFO             PET0 PIOc_sync Exit - MemInfo: [/proc/meminfo - SSI]	MemFree:        61160380 kB
20220312 000833.149 INFO             PET0 PIOc_sync Exit - MemInfo: [/proc/meminfo - SSI]	MemAvailable:   60927152 kB
20220312 000833.149 INFO             PET0 PIOc_sync Exit - MemInfo: [/proc/meminfo - SSI]	Committed_AS:    2929652 kB
20220312 000833.149 INFO             PET0 PIOc_sync Exit - MemInfo: [/proc/meminfo - SSI]	CommittedPercent: 4.44858 %
20220312 000833.149 INFO             PET0 PIOc_sync Exit - MemInfo: [/proc/self/status]	VmPeak:	   70160 kB
20220312 000833.149 INFO             PET0 PIOc_sync Exit - MemInfo: [/proc/self/status]	VmSize:	   70160 kB
20220312 000833.149 INFO             PET0 PIOc_sync Exit - MemInfo: [/proc/self/status]	VmLck:	       0 kB
20220312 000833.149 INFO             PET0 PIOc_sync Exit - MemInfo: [/proc/self/status]	VmPin:	       0 kB
20220312 000833.149 INFO             PET0 PIOc_sync Exit - MemInfo: [/proc/self/status]	VmHWM:	   17328 kB
20220312 000833.149 INFO             PET0 PIOc_sync Exit - MemInfo: [/proc/self/status]	VmRSS:	   17328 kB
20220312 000833.149 INFO             PET0 PIOc_sync Exit - MemInfo: [/proc/self/status]	VmData:	   17180 kB
20220312 000833.149 INFO             PET0 PIOc_sync Exit - MemInfo: [/proc/self/status]	VmStk:	     164 kB
20220312 000833.149 INFO             PET0 PIOc_sync Exit - MemInfo: [/proc/self/status]	VmExe:	   27396 kB
20220312 000833.149 INFO             PET0 PIOc_sync Exit - MemInfo: [/proc/self/status]	VmLib:	    1952 kB
20220312 000833.149 INFO             PET0 PIOc_sync Exit - MemInfo: [/proc/self/status]	VmPTE:	     128 kB
20220312 000833.149 INFO             PET0 PIOc_sync Exit - MemInfo: [/proc/self/status]	VmPMD:	      12 kB
20220312 000833.149 INFO             PET0 PIOc_sync Exit - MemInfo: [/proc/self/status]	VmSwap:	       0 kB
20220312 000833.149 INFO             PET0 PIOc_sync Exit - MemInfo: [/proc/self/status]	VmRSSPercent: 0.026312 %
20220312 000833.149 INFO             PET0 PIOc_sync Exit - MemInfo: [malloc] Non-mmapped space allocated:                 1108288 Byte
20220312 000833.149 INFO             PET0 PIOc_sync Exit - MemInfo: [malloc] Space allocated in mmapped regions:         12140544 Byte
20220312 000833.149 INFO             PET0 PIOc_sync Exit - MemInfo: [malloc] Maximum total allocated space:                     0 Byte
20220312 000833.149 INFO             PET0 PIOc_sync Exit - MemInfo: [malloc] Space in freed fastbin blocks:                     0 Byte
20220312 000833.149 INFO             PET0 PIOc_sync Exit - MemInfo: [malloc] Total allocated space:                        977568 Byte
20220312 000833.149 INFO             PET0 PIOc_sync Exit - MemInfo: [malloc] Total free space:                             130720 Byte
20220312 000833.149 INFO             PET0 PIOc_sync Exit - MemInfo: [malloc] Top-most, releasable space:                   129248 Byte
20220312 000833.149 INFO             PET0 PIOc_sync Exit - MemInfo: [malloc] Total space in use, mmap + non-mmap:        13118112 Byte
20220312 000833.149 INFO             PET0 PIOc_sync Exit - MemInfo: [malloc] Total space held (mmap + non-mmap):         13248832 Byte
20220312 000833.149 INFO             PET0 PIOc_sync Exit - MemInfo: [malloc] Total space used (mmap + non-mmap):         13126912 Byte
20220312 000833.149 INFO             PET0 PIOc_sync Exit - MemInfo: Wall-clock time since execution start:               0.164417 seconds
20220312 000833.150 INFO             PET0 PIOc_freedecomp Enter - MemInfo: [/proc/meminfo - SSI]	MemTotal:       65855856 kB
20220312 000833.150 INFO             PET0 PIOc_freedecomp Enter - MemInfo: [/proc/meminfo - SSI]	MemFree:        61167436 kB
20220312 000833.150 INFO             PET0 PIOc_freedecomp Enter - MemInfo: [/proc/meminfo - SSI]	MemAvailable:   60934208 kB
20220312 000833.150 INFO             PET0 PIOc_freedecomp Enter - MemInfo: [/proc/meminfo - SSI]	Committed_AS:    2921924 kB
20220312 000833.150 INFO             PET0 PIOc_freedecomp Enter - MemInfo: [/proc/meminfo - SSI]	CommittedPercent: 4.43685 %
20220312 000833.150 INFO             PET0 PIOc_freedecomp Enter - MemInfo: [/proc/self/status]	VmPeak:	   70160 kB
20220312 000833.150 INFO             PET0 PIOc_freedecomp Enter - MemInfo: [/proc/self/status]	VmSize:	   61448 kB
20220312 000833.150 INFO             PET0 PIOc_freedecomp Enter - MemInfo: [/proc/self/status]	VmLck:	       0 kB
20220312 000833.150 INFO             PET0 PIOc_freedecomp Enter - MemInfo: [/proc/self/status]	VmPin:	       0 kB
20220312 000833.150 INFO             PET0 PIOc_freedecomp Enter - MemInfo: [/proc/self/status]	VmHWM:	   17328 kB
20220312 000833.150 INFO             PET0 PIOc_freedecomp Enter - MemInfo: [/proc/self/status]	VmRSS:	    9328 kB
20220312 000833.150 INFO             PET0 PIOc_freedecomp Enter - MemInfo: [/proc/self/status]	VmData:	    8468 kB
20220312 000833.150 INFO             PET0 PIOc_freedecomp Enter - MemInfo: [/proc/self/status]	VmStk:	     164 kB
20220312 000833.150 INFO             PET0 PIOc_freedecomp Enter - MemInfo: [/proc/self/status]	VmExe:	   27396 kB
20220312 000833.150 INFO             PET0 PIOc_freedecomp Enter - MemInfo: [/proc/self/status]	VmLib:	    1952 kB
20220312 000833.150 INFO             PET0 PIOc_freedecomp Enter - MemInfo: [/proc/self/status]	VmPTE:	     116 kB
20220312 000833.150 INFO             PET0 PIOc_freedecomp Enter - MemInfo: [/proc/self/status]	VmPMD:	      12 kB
20220312 000833.150 INFO             PET0 PIOc_freedecomp Enter - MemInfo: [/proc/self/status]	VmSwap:	       0 kB
20220312 000833.150 INFO             PET0 PIOc_freedecomp Enter - MemInfo: [/proc/self/status]	VmRSSPercent: 0.0141643 %
20220312 000833.150 INFO             PET0 PIOc_freedecomp Enter - MemInfo: [malloc] Non-mmapped space allocated:                 1108288 Byte
20220312 000833.150 INFO             PET0 PIOc_freedecomp Enter - MemInfo: [malloc] Space allocated in mmapped regions:          3219456 Byte
20220312 000833.150 INFO             PET0 PIOc_freedecomp Enter - MemInfo: [malloc] Maximum total allocated space:                     0 Byte
20220312 000833.150 INFO             PET0 PIOc_freedecomp Enter - MemInfo: [malloc] Space in freed fastbin blocks:                   384 Byte
20220312 000833.150 INFO             PET0 PIOc_freedecomp Enter - MemInfo: [malloc] Total allocated space:                        967536 Byte
20220312 000833.150 INFO             PET0 PIOc_freedecomp Enter - MemInfo: [malloc] Total free space:                             140752 Byte
20220312 000833.150 INFO             PET0 PIOc_freedecomp Enter - MemInfo: [malloc] Top-most, releasable space:                   129024 Byte
20220312 000833.150 INFO             PET0 PIOc_freedecomp Enter - MemInfo: [malloc] Total space in use, mmap + non-mmap:         4186992 Byte
20220312 000833.150 INFO             PET0 PIOc_freedecomp Enter - MemInfo: [malloc] Total space held (mmap + non-mmap):          4327744 Byte
20220312 000833.150 INFO             PET0 PIOc_freedecomp Enter - MemInfo: [malloc] Total space used (mmap + non-mmap):          4195648 Byte
20220312 000833.150 INFO             PET0 PIOc_freedecomp Enter - MemInfo: Wall-clock time since execution start:               0.165285 seconds
20220312 000833.150 INFO             PET0 PIOc_freedecomp Exit - MemInfo: [/proc/meminfo - SSI]	MemTotal:       65855856 kB
20220312 000833.150 INFO             PET0 PIOc_freedecomp Exit - MemInfo: [/proc/meminfo - SSI]	MemFree:        61167436 kB
20220312 000833.150 INFO             PET0 PIOc_freedecomp Exit - MemInfo: [/proc/meminfo - SSI]	MemAvailable:   60934208 kB
20220312 000833.150 INFO             PET0 PIOc_freedecomp Exit - MemInfo: [/proc/meminfo - SSI]	Committed_AS:    2921924 kB
20220312 000833.150 INFO             PET0 PIOc_freedecomp Exit - MemInfo: [/proc/meminfo - SSI]	CommittedPercent: 4.43685 %
20220312 000833.151 INFO             PET0 PIOc_freedecomp Exit - MemInfo: [/proc/self/status]	VmPeak:	   70160 kB
20220312 000833.151 INFO             PET0 PIOc_freedecomp Exit - MemInfo: [/proc/self/status]	VmSize:	   61448 kB
20220312 000833.151 INFO             PET0 PIOc_freedecomp Exit - MemInfo: [/proc/self/status]	VmLck:	       0 kB
20220312 000833.151 INFO             PET0 PIOc_freedecomp Exit - MemInfo: [/proc/self/status]	VmPin:	       0 kB
20220312 000833.151 INFO             PET0 PIOc_freedecomp Exit - MemInfo: [/proc/self/status]	VmHWM:	   17328 kB
20220312 000833.151 INFO             PET0 PIOc_freedecomp Exit - MemInfo: [/proc/self/status]	VmRSS:	    9328 kB
20220312 000833.151 INFO             PET0 PIOc_freedecomp Exit - MemInfo: [/proc/self/status]	VmData:	    8468 kB
20220312 000833.151 INFO             PET0 PIOc_freedecomp Exit - MemInfo: [/proc/self/status]	VmStk:	     164 kB
20220312 000833.151 INFO             PET0 PIOc_freedecomp Exit - MemInfo: [/proc/self/status]	VmExe:	   27396 kB
20220312 000833.151 INFO             PET0 PIOc_freedecomp Exit - MemInfo: [/proc/self/status]	VmLib:	    1952 kB
20220312 000833.151 INFO             PET0 PIOc_freedecomp Exit - MemInfo: [/proc/self/status]	VmPTE:	     116 kB
20220312 000833.151 INFO             PET0 PIOc_freedecomp Exit - MemInfo: [/proc/self/status]	VmPMD:	      12 kB
20220312 000833.151 INFO             PET0 PIOc_freedecomp Exit - MemInfo: [/proc/self/status]	VmSwap:	       0 kB
20220312 000833.151 INFO             PET0 PIOc_freedecomp Exit - MemInfo: [/proc/self/status]	VmRSSPercent: 0.0141643 %
20220312 000833.151 INFO             PET0 PIOc_freedecomp Exit - MemInfo: [malloc] Non-mmapped space allocated:                 1108288 Byte
20220312 000833.151 INFO             PET0 PIOc_freedecomp Exit - MemInfo: [malloc] Space allocated in mmapped regions:          3219456 Byte
20220312 000833.151 INFO             PET0 PIOc_freedecomp Exit - MemInfo: [malloc] Maximum total allocated space:                     0 Byte
20220312 000833.151 INFO             PET0 PIOc_freedecomp Exit - MemInfo: [malloc] Space in freed fastbin blocks:                   784 Byte
20220312 000833.151 INFO             PET0 PIOc_freedecomp Exit - MemInfo: [malloc] Total allocated space:                        965328 Byte
20220312 000833.151 INFO             PET0 PIOc_freedecomp Exit - MemInfo: [malloc] Total free space:                             142960 Byte
20220312 000833.151 INFO             PET0 PIOc_freedecomp Exit - MemInfo: [malloc] Top-most, releasable space:                   129024 Byte
20220312 000833.151 INFO             PET0 PIOc_freedecomp Exit - MemInfo: [malloc] Total space in use, mmap + non-mmap:         4184784 Byte
20220312 000833.151 INFO             PET0 PIOc_freedecomp Exit - MemInfo: [malloc] Total space held (mmap + non-mmap):          4327744 Byte
20220312 000833.151 INFO             PET0 PIOc_freedecomp Exit - MemInfo: [malloc] Total space used (mmap + non-mmap):          4193328 Byte
20220312 000833.151 INFO             PET0 PIOc_freedecomp Exit - MemInfo: Wall-clock time since execution start:               0.165668 seconds
20220312 000833.151 INFO             PET0  PASS  Write Fortran array in Field, ESMF_FieldIOUTest.F90, line 219
20220312 000833.151 INFO             PET0  PASS  Create a field from grid and fortran dummy array without halo, ESMF_FieldIOUTest.F90, line 233
20220312 000833.151 INFO             PET0  PASS  Get Farray_w from nohalo field, ESMF_FieldIOUTest.F90, line 244
20220312 000833.157 INFO             PET0 PIOc_sync Enter - MemInfo: [/proc/meminfo - SSI]	MemTotal:       65855856 kB
20220312 000833.157 INFO             PET0 PIOc_sync Enter - MemInfo: [/proc/meminfo - SSI]	MemFree:        61160884 kB
20220312 000833.157 INFO             PET0 PIOc_sync Enter - MemInfo: [/proc/meminfo - SSI]	MemAvailable:   60927656 kB
20220312 000833.157 INFO             PET0 PIOc_sync Enter - MemInfo: [/proc/meminfo - SSI]	Committed_AS:    2930080 kB
20220312 000833.157 INFO             PET0 PIOc_sync Enter - MemInfo: [/proc/meminfo - SSI]	CommittedPercent: 4.44923 %
20220312 000833.157 INFO             PET0 PIOc_sync Enter - MemInfo: [/proc/self/status]	VmPeak:	   70160 kB
20220312 000833.157 INFO             PET0 PIOc_sync Enter - MemInfo: [/proc/self/status]	VmSize:	   70156 kB
20220312 000833.157 INFO             PET0 PIOc_sync Enter - MemInfo: [/proc/self/status]	VmLck:	       0 kB
20220312 000833.157 INFO             PET0 PIOc_sync Enter - MemInfo: [/proc/self/status]	VmPin:	       0 kB
20220312 000833.157 INFO             PET0 PIOc_sync Enter - MemInfo: [/proc/self/status]	VmHWM:	   17468 kB
20220312 000833.157 INFO             PET0 PIOc_sync Enter - MemInfo: [/proc/self/status]	VmRSS:	   17468 kB
20220312 000833.157 INFO             PET0 PIOc_sync Enter - MemInfo: [/proc/self/status]	VmData:	   17176 kB
20220312 000833.157 INFO             PET0 PIOc_sync Enter - MemInfo: [/proc/self/status]	VmStk:	     164 kB
20220312 000833.157 INFO             PET0 PIOc_sync Enter - MemInfo: [/proc/self/status]	VmExe:	   27396 kB
20220312 000833.157 INFO             PET0 PIOc_sync Enter - MemInfo: [/proc/self/status]	VmLib:	    1952 kB
20220312 000833.157 INFO             PET0 PIOc_sync Enter - MemInfo: [/proc/self/status]	VmPTE:	     132 kB
20220312 000833.157 INFO             PET0 PIOc_sync Enter - MemInfo: [/proc/self/status]	VmPMD:	      12 kB
20220312 000833.157 INFO             PET0 PIOc_sync Enter - MemInfo: [/proc/self/status]	VmSwap:	       0 kB
20220312 000833.157 INFO             PET0 PIOc_sync Enter - MemInfo: [/proc/self/status]	VmRSSPercent: 0.0265246 %
20220312 000833.157 INFO             PET0 PIOc_sync Enter - MemInfo: [malloc] Non-mmapped space allocated:                10025280 Byte
20220312 000833.157 INFO             PET0 PIOc_sync Enter - MemInfo: [malloc] Space allocated in mmapped regions:          3219456 Byte
20220312 000833.157 INFO             PET0 PIOc_sync Enter - MemInfo: [malloc] Maximum total allocated space:                     0 Byte
20220312 000833.157 INFO             PET0 PIOc_sync Enter - MemInfo: [malloc] Space in freed fastbin blocks:                     0 Byte
20220312 000833.157 INFO             PET0 PIOc_sync Enter - MemInfo: [malloc] Total allocated space:                       9902576 Byte
20220312 000833.157 INFO             PET0 PIOc_sync Enter - MemInfo: [malloc] Total free space:                             122704 Byte
20220312 000833.157 INFO             PET0 PIOc_sync Enter - MemInfo: [malloc] Top-most, releasable space:                   120448 Byte
20220312 000833.157 INFO             PET0 PIOc_sync Enter - MemInfo: [malloc] Total space in use, mmap + non-mmap:        13122032 Byte
20220312 000833.157 INFO             PET0 PIOc_sync Enter - MemInfo: [malloc] Total space held (mmap + non-mmap):         13244736 Byte
20220312 000833.157 INFO             PET0 PIOc_sync Enter - MemInfo: [malloc] Total space used (mmap + non-mmap):         13130576 Byte
20220312 000833.157 INFO             PET0 PIOc_sync Enter - MemInfo: Wall-clock time since execution start:               0.172289 seconds
20220312 000833.157 INFO             PET0 PIOc_sync Exit - MemInfo: [/proc/meminfo - SSI]	MemTotal:       65855856 kB
20220312 000833.157 INFO             PET0 PIOc_sync Exit - MemInfo: [/proc/meminfo - SSI]	MemFree:        61160884 kB
20220312 000833.157 INFO             PET0 PIOc_sync Exit - MemInfo: [/proc/meminfo - SSI]	MemAvailable:   60927656 kB
20220312 000833.158 INFO             PET0 PIOc_sync Exit - MemInfo: [/proc/meminfo - SSI]	Committed_AS:    2930080 kB
20220312 000833.158 INFO             PET0 PIOc_sync Exit - MemInfo: [/proc/meminfo - SSI]	CommittedPercent: 4.44923 %
20220312 000833.158 INFO             PET0 PIOc_sync Exit - MemInfo: [/proc/self/status]	VmPeak:	   70160 kB
20220312 000833.158 INFO             PET0 PIOc_sync Exit - MemInfo: [/proc/self/status]	VmSize:	   70156 kB
20220312 000833.158 INFO             PET0 PIOc_sync Exit - MemInfo: [/proc/self/status]	VmLck:	       0 kB
20220312 000833.158 INFO             PET0 PIOc_sync Exit - MemInfo: [/proc/self/status]	VmPin:	       0 kB
20220312 000833.158 INFO             PET0 PIOc_sync Exit - MemInfo: [/proc/self/status]	VmHWM:	   17468 kB
20220312 000833.158 INFO             PET0 PIOc_sync Exit - MemInfo: [/proc/self/status]	VmRSS:	   17468 kB
20220312 000833.158 INFO             PET0 PIOc_sync Exit - MemInfo: [/proc/self/status]	VmData:	   17176 kB
20220312 000833.158 INFO             PET0 PIOc_sync Exit - MemInfo: [/proc/self/status]	VmStk:	     164 kB
20220312 000833.158 INFO             PET0 PIOc_sync Exit - MemInfo: [/proc/self/status]	VmExe:	   27396 kB
20220312 000833.158 INFO             PET0 PIOc_sync Exit - MemInfo: [/proc/self/status]	VmLib:	    1952 kB
20220312 000833.158 INFO             PET0 PIOc_sync Exit - MemInfo: [/proc/self/status]	VmPTE:	     132 kB
20220312 000833.158 INFO             PET0 PIOc_sync Exit - MemInfo: [/proc/self/status]	VmPMD:	      12 kB
20220312 000833.158 INFO             PET0 PIOc_sync Exit - MemInfo: [/proc/self/status]	VmSwap:	       0 kB
20220312 000833.158 INFO             PET0 PIOc_sync Exit - MemInfo: [/proc/self/status]	VmRSSPercent: 0.0265246 %
20220312 000833.158 INFO             PET0 PIOc_sync Exit - MemInfo: [malloc] Non-mmapped space allocated:                10025280 Byte
20220312 000833.158 INFO             PET0 PIOc_sync Exit - MemInfo: [malloc] Space allocated in mmapped regions:          3219456 Byte
20220312 000833.158 INFO             PET0 PIOc_sync Exit - MemInfo: [malloc] Maximum total allocated space:                     0 Byte
20220312 000833.158 INFO             PET0 PIOc_sync Exit - MemInfo: [malloc] Space in freed fastbin blocks:                     0 Byte
20220312 000833.158 INFO             PET0 PIOc_sync Exit - MemInfo: [malloc] Total allocated space:                       9904048 Byte
20220312 000833.158 INFO             PET0 PIOc_sync Exit - MemInfo: [malloc] Total free space:                             121232 Byte
20220312 000833.158 INFO             PET0 PIOc_sync Exit - MemInfo: [malloc] Top-most, releasable space:                   120224 Byte
20220312 000833.158 INFO             PET0 PIOc_sync Exit - MemInfo: [malloc] Total space in use, mmap + non-mmap:        13123504 Byte
20220312 000833.158 INFO             PET0 PIOc_sync Exit - MemInfo: [malloc] Total space held (mmap + non-mmap):         13244736 Byte
20220312 000833.158 INFO             PET0 PIOc_sync Exit - MemInfo: [malloc] Total space used (mmap + non-mmap):         13131824 Byte
20220312 000833.158 INFO             PET0 PIOc_sync Exit - MemInfo: Wall-clock time since execution start:               0.172778 seconds
20220312 000833.158 INFO             PET0 PIOc_freedecomp Enter - MemInfo: [/proc/meminfo - SSI]	MemTotal:       65855856 kB
20220312 000833.158 INFO             PET0 PIOc_freedecomp Enter - MemInfo: [/proc/meminfo - SSI]	MemFree:        61160884 kB
20220312 000833.158 INFO             PET0 PIOc_freedecomp Enter - MemInfo: [/proc/meminfo - SSI]	MemAvailable:   60927656 kB
20220312 000833.158 INFO             PET0 PIOc_freedecomp Enter - MemInfo: [/proc/meminfo - SSI]	Committed_AS:    2930080 kB
20220312 000833.158 INFO             PET0 PIOc_freedecomp Enter - MemInfo: [/proc/meminfo - SSI]	CommittedPercent: 4.44923 %
20220312 000833.158 INFO             PET0 PIOc_freedecomp Enter - MemInfo: [/proc/self/status]	VmPeak:	   70160 kB
20220312 000833.158 INFO             PET0 PIOc_freedecomp Enter - MemInfo: [/proc/self/status]	VmSize:	   70156 kB
20220312 000833.158 INFO             PET0 PIOc_freedecomp Enter - MemInfo: [/proc/self/status]	VmLck:	       0 kB
20220312 000833.158 INFO             PET0 PIOc_freedecomp Enter - MemInfo: [/proc/self/status]	VmPin:	       0 kB
20220312 000833.158 INFO             PET0 PIOc_freedecomp Enter - MemInfo: [/proc/self/status]	VmHWM:	   17468 kB
20220312 000833.158 INFO             PET0 PIOc_freedecomp Enter - MemInfo: [/proc/self/status]	VmRSS:	   17468 kB
20220312 000833.158 INFO             PET0 PIOc_freedecomp Enter - MemInfo: [/proc/self/status]	VmData:	   17176 kB
20220312 000833.158 INFO             PET0 PIOc_freedecomp Enter - MemInfo: [/proc/self/status]	VmStk:	     164 kB
20220312 000833.158 INFO             PET0 PIOc_freedecomp Enter - MemInfo: [/proc/self/status]	VmExe:	   27396 kB
20220312 000833.158 INFO             PET0 PIOc_freedecomp Enter - MemInfo: [/proc/self/status]	VmLib:	    1952 kB
20220312 000833.158 INFO             PET0 PIOc_freedecomp Enter - MemInfo: [/proc/self/status]	VmPTE:	     132 kB
20220312 000833.158 INFO             PET0 PIOc_freedecomp Enter - MemInfo: [/proc/self/status]	VmPMD:	      12 kB
20220312 000833.158 INFO             PET0 PIOc_freedecomp Enter - MemInfo: [/proc/self/status]	VmSwap:	       0 kB
20220312 000833.158 INFO             PET0 PIOc_freedecomp Enter - MemInfo: [/proc/self/status]	VmRSSPercent: 0.0265246 %
20220312 000833.158 INFO             PET0 PIOc_freedecomp Enter - MemInfo: [malloc] Non-mmapped space allocated:                10025280 Byte
20220312 000833.158 INFO             PET0 PIOc_freedecomp Enter - MemInfo: [malloc] Space allocated in mmapped regions:          3219456 Byte
20220312 000833.158 INFO             PET0 PIOc_freedecomp Enter - MemInfo: [malloc] Maximum total allocated space:                     0 Byte
20220312 000833.158 INFO             PET0 PIOc_freedecomp Enter - MemInfo: [malloc] Space in freed fastbin blocks:                   144 Byte
20220312 000833.158 INFO             PET0 PIOc_freedecomp Enter - MemInfo: [malloc] Total allocated space:                        979456 Byte
20220312 000833.158 INFO             PET0 PIOc_freedecomp Enter - MemInfo: [malloc] Total free space:                            9045824 Byte
20220312 000833.158 INFO             PET0 PIOc_freedecomp Enter - MemInfo: [malloc] Top-most, releasable space:                   120000 Byte
20220312 000833.158 INFO             PET0 PIOc_freedecomp Enter - MemInfo: [malloc] Total space in use, mmap + non-mmap:         4198912 Byte
20220312 000833.158 INFO             PET0 PIOc_freedecomp Enter - MemInfo: [malloc] Total space held (mmap + non-mmap):         13244736 Byte
20220312 000833.158 INFO             PET0 PIOc_freedecomp Enter - MemInfo: [malloc] Total space used (mmap + non-mmap):          4207120 Byte
20220312 000833.158 INFO             PET0 PIOc_freedecomp Enter - MemInfo: Wall-clock time since execution start:               0.173317 seconds
20220312 000833.158 INFO             PET0 PIOc_freedecomp Exit - MemInfo: [/proc/meminfo - SSI]	MemTotal:       65855856 kB
20220312 000833.158 INFO             PET0 PIOc_freedecomp Exit - MemInfo: [/proc/meminfo - SSI]	MemFree:        61160884 kB
20220312 000833.158 INFO             PET0 PIOc_freedecomp Exit - MemInfo: [/proc/meminfo - SSI]	MemAvailable:   60927656 kB
20220312 000833.158 INFO             PET0 PIOc_freedecomp Exit - MemInfo: [/proc/meminfo - SSI]	Committed_AS:    2930080 kB
20220312 000833.159 INFO             PET0 PIOc_freedecomp Exit - MemInfo: [/proc/meminfo - SSI]	CommittedPercent: 4.44923 %
20220312 000833.159 INFO             PET0 PIOc_freedecomp Exit - MemInfo: [/proc/self/status]	VmPeak:	   70160 kB
20220312 000833.159 INFO             PET0 PIOc_freedecomp Exit - MemInfo: [/proc/self/status]	VmSize:	   70156 kB
20220312 000833.159 INFO             PET0 PIOc_freedecomp Exit - MemInfo: [/proc/self/status]	VmLck:	       0 kB
20220312 000833.159 INFO             PET0 PIOc_freedecomp Exit - MemInfo: [/proc/self/status]	VmPin:	       0 kB
20220312 000833.159 INFO             PET0 PIOc_freedecomp Exit - MemInfo: [/proc/self/status]	VmHWM:	   17468 kB
20220312 000833.159 INFO             PET0 PIOc_freedecomp Exit - MemInfo: [/proc/self/status]	VmRSS:	   17468 kB
20220312 000833.159 INFO             PET0 PIOc_freedecomp Exit - MemInfo: [/proc/self/status]	VmData:	   17176 kB
20220312 000833.159 INFO             PET0 PIOc_freedecomp Exit - MemInfo: [/proc/self/status]	VmStk:	     164 kB
20220312 000833.159 INFO             PET0 PIOc_freedecomp Exit - MemInfo: [/proc/self/status]	VmExe:	   27396 kB
20220312 000833.159 INFO             PET0 PIOc_freedecomp Exit - MemInfo: [/proc/self/status]	VmLib:	    1952 kB
20220312 000833.159 INFO             PET0 PIOc_freedecomp Exit - MemInfo: [/proc/self/status]	VmPTE:	     132 kB
20220312 000833.159 INFO             PET0 PIOc_freedecomp Exit - MemInfo: [/proc/self/status]	VmPMD:	      12 kB
20220312 000833.159 INFO             PET0 PIOc_freedecomp Exit - MemInfo: [/proc/self/status]	VmSwap:	       0 kB
20220312 000833.159 INFO             PET0 PIOc_freedecomp Exit - MemInfo: [/proc/self/status]	VmRSSPercent: 0.0265246 %
20220312 000833.159 INFO             PET0 PIOc_freedecomp Exit - MemInfo: [malloc] Non-mmapped space allocated:                10025280 Byte
20220312 000833.159 INFO             PET0 PIOc_freedecomp Exit - MemInfo: [malloc] Space allocated in mmapped regions:          3219456 Byte
20220312 000833.159 INFO             PET0 PIOc_freedecomp Exit - MemInfo: [malloc] Maximum total allocated space:                     0 Byte
20220312 000833.159 INFO             PET0 PIOc_freedecomp Exit - MemInfo: [malloc] Space in freed fastbin blocks:                   192 Byte
20220312 000833.159 INFO             PET0 PIOc_freedecomp Exit - MemInfo: [malloc] Total allocated space:                        976080 Byte
20220312 000833.159 INFO             PET0 PIOc_freedecomp Exit - MemInfo: [malloc] Total free space:                            9049200 Byte
20220312 000833.159 INFO             PET0 PIOc_freedecomp Exit - MemInfo: [malloc] Top-most, releasable space:                   120000 Byte
20220312 000833.159 INFO             PET0 PIOc_freedecomp Exit - MemInfo: [malloc] Total space in use, mmap + non-mmap:         4195536 Byte
20220312 000833.159 INFO             PET0 PIOc_freedecomp Exit - MemInfo: [malloc] Total space held (mmap + non-mmap):         13244736 Byte
20220312 000833.159 INFO             PET0 PIOc_freedecomp Exit - MemInfo: [malloc] Total space used (mmap + non-mmap):          4203744 Byte
20220312 000833.159 INFO             PET0 PIOc_freedecomp Exit - MemInfo: Wall-clock time since execution start:               0.173712 seconds
20220312 000833.159 INFO             PET0  PASS  Write Fortran array in nohalo Field, ESMF_FieldIOUTest.F90, line 268
20220312 000833.159 INFO             PET0  PASS  Create a field from grid and fortran dummy array without halo, ESMF_FieldIOUTest.F90, line 281
20220312 000833.161 INFO             PET0 PIOc_sync Enter - MemInfo: [/proc/meminfo - SSI]	MemTotal:       65855856 kB
20220312 000833.161 INFO             PET0 PIOc_sync Enter - MemInfo: [/proc/meminfo - SSI]	MemFree:        61160380 kB
20220312 000833.161 INFO             PET0 PIOc_sync Enter - MemInfo: [/proc/meminfo - SSI]	MemAvailable:   60927152 kB
20220312 000833.161 INFO             PET0 PIOc_sync Enter - MemInfo: [/proc/meminfo - SSI]	Committed_AS:    2930080 kB
20220312 000833.161 INFO             PET0 PIOc_sync Enter - MemInfo: [/proc/meminfo - SSI]	CommittedPercent: 4.44923 %
20220312 000833.161 INFO             PET0 PIOc_sync Enter - MemInfo: [/proc/self/status]	VmPeak:	   70160 kB
20220312 000833.161 INFO             PET0 PIOc_sync Enter - MemInfo: [/proc/self/status]	VmSize:	   70132 kB
20220312 000833.161 INFO             PET0 PIOc_sync Enter - MemInfo: [/proc/self/status]	VmLck:	       0 kB
20220312 000833.161 INFO             PET0 PIOc_sync Enter - MemInfo: [/proc/self/status]	VmPin:	       0 kB
20220312 000833.161 INFO             PET0 PIOc_sync Enter - MemInfo: [/proc/self/status]	VmHWM:	   17904 kB
20220312 000833.161 INFO             PET0 PIOc_sync Enter - MemInfo: [/proc/self/status]	VmRSS:	   17904 kB
20220312 000833.161 INFO             PET0 PIOc_sync Enter - MemInfo: [/proc/self/status]	VmData:	   17176 kB
20220312 000833.161 INFO             PET0 PIOc_sync Enter - MemInfo: [/proc/self/status]	VmStk:	     164 kB
20220312 000833.161 INFO             PET0 PIOc_sync Enter - MemInfo: [/proc/self/status]	VmExe:	   27396 kB
20220312 000833.161 INFO             PET0 PIOc_sync Enter - MemInfo: [/proc/self/status]	VmLib:	    1952 kB
20220312 000833.161 INFO             PET0 PIOc_sync Enter - MemInfo: [/proc/self/status]	VmPTE:	     132 kB
20220312 000833.161 INFO             PET0 PIOc_sync Enter - MemInfo: [/proc/self/status]	VmPMD:	      12 kB
20220312 000833.161 INFO             PET0 PIOc_sync Enter - MemInfo: [/proc/self/status]	VmSwap:	       0 kB
20220312 000833.161 INFO             PET0 PIOc_sync Enter - MemInfo: [/proc/self/status]	VmRSSPercent: 0.0271866 %
20220312 000833.161 INFO             PET0 PIOc_sync Enter - MemInfo: [malloc] Non-mmapped space allocated:                10025280 Byte
20220312 000833.161 INFO             PET0 PIOc_sync Enter - MemInfo: [malloc] Space allocated in mmapped regions:          3219456 Byte
20220312 000833.161 INFO             PET0 PIOc_sync Enter - MemInfo: [malloc] Maximum total allocated space:                     0 Byte
20220312 000833.161 INFO             PET0 PIOc_sync Enter - MemInfo: [malloc] Space in freed fastbin blocks:                     0 Byte
20220312 000833.161 INFO             PET0 PIOc_sync Enter - MemInfo: [malloc] Total allocated space:                       9909008 Byte
20220312 000833.161 INFO             PET0 PIOc_sync Enter - MemInfo: [malloc] Total free space:                             116272 Byte
20220312 000833.161 INFO             PET0 PIOc_sync Enter - MemInfo: [malloc] Top-most, releasable space:                   114224 Byte
20220312 000833.161 INFO             PET0 PIOc_sync Enter - MemInfo: [malloc] Total space in use, mmap + non-mmap:        13128464 Byte
20220312 000833.161 INFO             PET0 PIOc_sync Enter - MemInfo: [malloc] Total space held (mmap + non-mmap):         13244736 Byte
20220312 000833.161 INFO             PET0 PIOc_sync Enter - MemInfo: [malloc] Total space used (mmap + non-mmap):         13136784 Byte
20220312 000833.161 INFO             PET0 PIOc_sync Enter - MemInfo: Wall-clock time since execution start:               0.176281 seconds
20220312 000833.161 INFO             PET0 PIOc_sync Exit - MemInfo: [/proc/meminfo - SSI]	MemTotal:       65855856 kB
20220312 000833.161 INFO             PET0 PIOc_sync Exit - MemInfo: [/proc/meminfo - SSI]	MemFree:        61160380 kB
20220312 000833.161 INFO             PET0 PIOc_sync Exit - MemInfo: [/proc/meminfo - SSI]	MemAvailable:   60927152 kB
20220312 000833.162 INFO             PET0 PIOc_sync Exit - MemInfo: [/proc/meminfo - SSI]	Committed_AS:    2930080 kB
20220312 000833.162 INFO             PET0 PIOc_sync Exit - MemInfo: [/proc/meminfo - SSI]	CommittedPercent: 4.44923 %
20220312 000833.162 INFO             PET0 PIOc_sync Exit - MemInfo: [/proc/self/status]	VmPeak:	   70160 kB
20220312 000833.162 INFO             PET0 PIOc_sync Exit - MemInfo: [/proc/self/status]	VmSize:	   70132 kB
20220312 000833.162 INFO             PET0 PIOc_sync Exit - MemInfo: [/proc/self/status]	VmLck:	       0 kB
20220312 000833.162 INFO             PET0 PIOc_sync Exit - MemInfo: [/proc/self/status]	VmPin:	       0 kB
20220312 000833.162 INFO             PET0 PIOc_sync Exit - MemInfo: [/proc/self/status]	VmHWM:	   17904 kB
20220312 000833.162 INFO             PET0 PIOc_sync Exit - MemInfo: [/proc/self/status]	VmRSS:	   17904 kB
20220312 000833.162 INFO             PET0 PIOc_sync Exit - MemInfo: [/proc/self/status]	VmData:	   17176 kB
20220312 000833.162 INFO             PET0 PIOc_sync Exit - MemInfo: [/proc/self/status]	VmStk:	     164 kB
20220312 000833.162 INFO             PET0 PIOc_sync Exit - MemInfo: [/proc/self/status]	VmExe:	   27396 kB
20220312 000833.162 INFO             PET0 PIOc_sync Exit - MemInfo: [/proc/self/status]	VmLib:	    1952 kB
20220312 000833.162 INFO             PET0 PIOc_sync Exit - MemInfo: [/proc/self/status]	VmPTE:	     136 kB
20220312 000833.162 INFO             PET0 PIOc_sync Exit - MemInfo: [/proc/self/status]	VmPMD:	      12 kB
20220312 000833.162 INFO             PET0 PIOc_sync Exit - MemInfo: [/proc/self/status]	VmSwap:	       0 kB
20220312 000833.162 INFO             PET0 PIOc_sync Exit - MemInfo: [/proc/self/status]	VmRSSPercent: 0.0271866 %
20220312 000833.162 INFO             PET0 PIOc_sync Exit - MemInfo: [malloc] Non-mmapped space allocated:                10025280 Byte
20220312 000833.162 INFO             PET0 PIOc_sync Exit - MemInfo: [malloc] Space allocated in mmapped regions:          3219456 Byte
20220312 000833.162 INFO             PET0 PIOc_sync Exit - MemInfo: [malloc] Maximum total allocated space:                     0 Byte
20220312 000833.162 INFO             PET0 PIOc_sync Exit - MemInfo: [malloc] Space in freed fastbin blocks:                     0 Byte
20220312 000833.162 INFO             PET0 PIOc_sync Exit - MemInfo: [malloc] Total allocated space:                       9909824 Byte
20220312 000833.162 INFO             PET0 PIOc_sync Exit - MemInfo: [malloc] Total free space:                             115456 Byte
20220312 000833.162 INFO             PET0 PIOc_sync Exit - MemInfo: [malloc] Top-most, releasable space:                   114000 Byte
20220312 000833.162 INFO             PET0 PIOc_sync Exit - MemInfo: [malloc] Total space in use, mmap + non-mmap:        13129280 Byte
20220312 000833.162 INFO             PET0 PIOc_sync Exit - MemInfo: [malloc] Total space held (mmap + non-mmap):         13244736 Byte
20220312 000833.162 INFO             PET0 PIOc_sync Exit - MemInfo: [malloc] Total space used (mmap + non-mmap):         13137600 Byte
20220312 000833.162 INFO             PET0 PIOc_sync Exit - MemInfo: Wall-clock time since execution start:               0.176768 seconds
20220312 000833.162 INFO             PET0 PIOc_freedecomp Enter - MemInfo: [/proc/meminfo - SSI]	MemTotal:       65855856 kB
20220312 000833.162 INFO             PET0 PIOc_freedecomp Enter - MemInfo: [/proc/meminfo - SSI]	MemFree:        61159812 kB
20220312 000833.162 INFO             PET0 PIOc_freedecomp Enter - MemInfo: [/proc/meminfo - SSI]	MemAvailable:   60926584 kB
20220312 000833.162 INFO             PET0 PIOc_freedecomp Enter - MemInfo: [/proc/meminfo - SSI]	Committed_AS:    2930080 kB
20220312 000833.162 INFO             PET0 PIOc_freedecomp Enter - MemInfo: [/proc/meminfo - SSI]	CommittedPercent: 4.44923 %
20220312 000833.162 INFO             PET0 PIOc_freedecomp Enter - MemInfo: [/proc/self/status]	VmPeak:	   70160 kB
20220312 000833.162 INFO             PET0 PIOc_freedecomp Enter - MemInfo: [/proc/self/status]	VmSize:	   70132 kB
20220312 000833.162 INFO             PET0 PIOc_freedecomp Enter - MemInfo: [/proc/self/status]	VmLck:	       0 kB
20220312 000833.162 INFO             PET0 PIOc_freedecomp Enter - MemInfo: [/proc/self/status]	VmPin:	       0 kB
20220312 000833.162 INFO             PET0 PIOc_freedecomp Enter - MemInfo: [/proc/self/status]	VmHWM:	   17904 kB
20220312 000833.162 INFO             PET0 PIOc_freedecomp Enter - MemInfo: [/proc/self/status]	VmRSS:	   17904 kB
20220312 000833.162 INFO             PET0 PIOc_freedecomp Enter - MemInfo: [/proc/self/status]	VmData:	   17176 kB
20220312 000833.162 INFO             PET0 PIOc_freedecomp Enter - MemInfo: [/proc/self/status]	VmStk:	     164 kB
20220312 000833.162 INFO             PET0 PIOc_freedecomp Enter - MemInfo: [/proc/self/status]	VmExe:	   27396 kB
20220312 000833.162 INFO             PET0 PIOc_freedecomp Enter - MemInfo: [/proc/self/status]	VmLib:	    1952 kB
20220312 000833.162 INFO             PET0 PIOc_freedecomp Enter - MemInfo: [/proc/self/status]	VmPTE:	     136 kB
20220312 000833.162 INFO             PET0 PIOc_freedecomp Enter - MemInfo: [/proc/self/status]	VmPMD:	      12 kB
20220312 000833.162 INFO             PET0 PIOc_freedecomp Enter - MemInfo: [/proc/self/status]	VmSwap:	       0 kB
20220312 000833.162 INFO             PET0 PIOc_freedecomp Enter - MemInfo: [/proc/self/status]	VmRSSPercent: 0.0271866 %
20220312 000833.162 INFO             PET0 PIOc_freedecomp Enter - MemInfo: [malloc] Non-mmapped space allocated:                10025280 Byte
20220312 000833.162 INFO             PET0 PIOc_freedecomp Enter - MemInfo: [malloc] Space allocated in mmapped regions:          3219456 Byte
20220312 000833.162 INFO             PET0 PIOc_freedecomp Enter - MemInfo: [malloc] Maximum total allocated space:                     0 Byte
20220312 000833.162 INFO             PET0 PIOc_freedecomp Enter - MemInfo: [malloc] Space in freed fastbin blocks:                   144 Byte
20220312 000833.162 INFO             PET0 PIOc_freedecomp Enter - MemInfo: [malloc] Total allocated space:                        985136 Byte
20220312 000833.162 INFO             PET0 PIOc_freedecomp Enter - MemInfo: [malloc] Total free space:                            9040144 Byte
20220312 000833.162 INFO             PET0 PIOc_freedecomp Enter - MemInfo: [malloc] Top-most, releasable space:                   113776 Byte
20220312 000833.162 INFO             PET0 PIOc_freedecomp Enter - MemInfo: [malloc] Total space in use, mmap + non-mmap:         4204592 Byte
20220312 000833.162 INFO             PET0 PIOc_freedecomp Enter - MemInfo: [malloc] Total space held (mmap + non-mmap):         13244736 Byte
20220312 000833.162 INFO             PET0 PIOc_freedecomp Enter - MemInfo: [malloc] Total space used (mmap + non-mmap):          4212800 Byte
20220312 000833.162 INFO             PET0 PIOc_freedecomp Enter - MemInfo: Wall-clock time since execution start:               0.177331 seconds
20220312 000833.162 INFO             PET0 PIOc_freedecomp Exit - MemInfo: [/proc/meminfo - SSI]	MemTotal:       65855856 kB
20220312 000833.162 INFO             PET0 PIOc_freedecomp Exit - MemInfo: [/proc/meminfo - SSI]	MemFree:        61159812 kB
20220312 000833.162 INFO             PET0 PIOc_freedecomp Exit - MemInfo: [/proc/meminfo - SSI]	MemAvailable:   60926584 kB
20220312 000833.162 INFO             PET0 PIOc_freedecomp Exit - MemInfo: [/proc/meminfo - SSI]	Committed_AS:    2930080 kB
20220312 000833.163 INFO             PET0 PIOc_freedecomp Exit - MemInfo: [/proc/meminfo - SSI]	CommittedPercent: 4.44923 %
20220312 000833.163 INFO             PET0 PIOc_freedecomp Exit - MemInfo: [/proc/self/status]	VmPeak:	   70160 kB
20220312 000833.163 INFO             PET0 PIOc_freedecomp Exit - MemInfo: [/proc/self/status]	VmSize:	   70132 kB
20220312 000833.163 INFO             PET0 PIOc_freedecomp Exit - MemInfo: [/proc/self/status]	VmLck:	       0 kB
20220312 000833.163 INFO             PET0 PIOc_freedecomp Exit - MemInfo: [/proc/self/status]	VmPin:	       0 kB
20220312 000833.163 INFO             PET0 PIOc_freedecomp Exit - MemInfo: [/proc/self/status]	VmHWM:	   17904 kB
20220312 000833.163 INFO             PET0 PIOc_freedecomp Exit - MemInfo: [/proc/self/status]	VmRSS:	   17904 kB
20220312 000833.163 INFO             PET0 PIOc_freedecomp Exit - MemInfo: [/proc/self/status]	VmData:	   17176 kB
20220312 000833.163 INFO             PET0 PIOc_freedecomp Exit - MemInfo: [/proc/self/status]	VmStk:	     164 kB
20220312 000833.163 INFO             PET0 PIOc_freedecomp Exit - MemInfo: [/proc/self/status]	VmExe:	   27396 kB
20220312 000833.163 INFO             PET0 PIOc_freedecomp Exit - MemInfo: [/proc/self/status]	VmLib:	    1952 kB
20220312 000833.163 INFO             PET0 PIOc_freedecomp Exit - MemInfo: [/proc/self/status]	VmPTE:	     136 kB
20220312 000833.163 INFO             PET0 PIOc_freedecomp Exit - MemInfo: [/proc/self/status]	VmPMD:	      12 kB
20220312 000833.163 INFO             PET0 PIOc_freedecomp Exit - MemInfo: [/proc/self/status]	VmSwap:	       0 kB
20220312 000833.163 INFO             PET0 PIOc_freedecomp Exit - MemInfo: [/proc/self/status]	VmRSSPercent: 0.0271866 %
20220312 000833.163 INFO             PET0 PIOc_freedecomp Exit - MemInfo: [malloc] Non-mmapped space allocated:                10025280 Byte
20220312 000833.163 INFO             PET0 PIOc_freedecomp Exit - MemInfo: [malloc] Space allocated in mmapped regions:          3219456 Byte
20220312 000833.163 INFO             PET0 PIOc_freedecomp Exit - MemInfo: [malloc] Maximum total allocated space:                     0 Byte
20220312 000833.163 INFO             PET0 PIOc_freedecomp Exit - MemInfo: [malloc] Space in freed fastbin blocks:                   816 Byte
20220312 000833.163 INFO             PET0 PIOc_freedecomp Exit - MemInfo: [malloc] Total allocated space:                        981536 Byte
20220312 000833.163 INFO             PET0 PIOc_freedecomp Exit - MemInfo: [malloc] Total free space:                            9043744 Byte
20220312 000833.163 INFO             PET0 PIOc_freedecomp Exit - MemInfo: [malloc] Top-most, releasable space:                   120000 Byte
20220312 000833.163 INFO             PET0 PIOc_freedecomp Exit - MemInfo: [malloc] Total space in use, mmap + non-mmap:         4200992 Byte
20220312 000833.163 INFO             PET0 PIOc_freedecomp Exit - MemInfo: [malloc] Total space held (mmap + non-mmap):         13244736 Byte
20220312 000833.163 INFO             PET0 PIOc_freedecomp Exit - MemInfo: [malloc] Total space used (mmap + non-mmap):          4209200 Byte
20220312 000833.163 INFO             PET0 PIOc_freedecomp Exit - MemInfo: Wall-clock time since execution start:               0.177736 seconds
20220312 000833.164 INFO             PET0 PIOc_sync Enter - MemInfo: [/proc/meminfo - SSI]	MemTotal:       65855856 kB
20220312 000833.164 INFO             PET0 PIOc_sync Enter - MemInfo: [/proc/meminfo - SSI]	MemFree:        61159812 kB
20220312 000833.164 INFO             PET0 PIOc_sync Enter - MemInfo: [/proc/meminfo - SSI]	MemAvailable:   60926584 kB
20220312 000833.164 INFO             PET0 PIOc_sync Enter - MemInfo: [/proc/meminfo - SSI]	Committed_AS:    2930080 kB
20220312 000833.164 INFO             PET0 PIOc_sync Enter - MemInfo: [/proc/meminfo - SSI]	CommittedPercent: 4.44923 %
20220312 000833.164 INFO             PET0 PIOc_sync Enter - MemInfo: [/proc/self/status]	VmPeak:	   70160 kB
20220312 000833.165 INFO             PET0 PIOc_sync Enter - MemInfo: [/proc/self/status]	VmSize:	   70120 kB
20220312 000833.165 INFO             PET0 PIOc_sync Enter - MemInfo: [/proc/self/status]	VmLck:	       0 kB
20220312 000833.165 INFO             PET0 PIOc_sync Enter - MemInfo: [/proc/self/status]	VmPin:	       0 kB
20220312 000833.165 INFO             PET0 PIOc_sync Enter - MemInfo: [/proc/self/status]	VmHWM:	   18052 kB
20220312 000833.165 INFO             PET0 PIOc_sync Enter - MemInfo: [/proc/self/status]	VmRSS:	   18052 kB
20220312 000833.165 INFO             PET0 PIOc_sync Enter - MemInfo: [/proc/self/status]	VmData:	   17176 kB
20220312 000833.165 INFO             PET0 PIOc_sync Enter - MemInfo: [/proc/self/status]	VmStk:	     164 kB
20220312 000833.165 INFO             PET0 PIOc_sync Enter - MemInfo: [/proc/self/status]	VmExe:	   27396 kB
20220312 000833.165 INFO             PET0 PIOc_sync Enter - MemInfo: [/proc/self/status]	VmLib:	    1952 kB
20220312 000833.165 INFO             PET0 PIOc_sync Enter - MemInfo: [/proc/self/status]	VmPTE:	     136 kB
20220312 000833.165 INFO             PET0 PIOc_sync Enter - MemInfo: [/proc/self/status]	VmPMD:	      12 kB
20220312 000833.165 INFO             PET0 PIOc_sync Enter - MemInfo: [/proc/self/status]	VmSwap:	       0 kB
20220312 000833.165 INFO             PET0 PIOc_sync Enter - MemInfo: [/proc/self/status]	VmRSSPercent: 0.0274114 %
20220312 000833.165 INFO             PET0 PIOc_sync Enter - MemInfo: [malloc] Non-mmapped space allocated:                10025280 Byte
20220312 000833.165 INFO             PET0 PIOc_sync Enter - MemInfo: [malloc] Space allocated in mmapped regions:          3219456 Byte
20220312 000833.165 INFO             PET0 PIOc_sync Enter - MemInfo: [malloc] Maximum total allocated space:                     0 Byte
20220312 000833.165 INFO             PET0 PIOc_sync Enter - MemInfo: [malloc] Space in freed fastbin blocks:                   512 Byte
20220312 000833.165 INFO             PET0 PIOc_sync Enter - MemInfo: [malloc] Total allocated space:                       9911872 Byte
20220312 000833.165 INFO             PET0 PIOc_sync Enter - MemInfo: [malloc] Total free space:                             113408 Byte
20220312 000833.165 INFO             PET0 PIOc_sync Enter - MemInfo: [malloc] Top-most, releasable space:                   112608 Byte
20220312 000833.165 INFO             PET0 PIOc_sync Enter - MemInfo: [malloc] Total space in use, mmap + non-mmap:        13131328 Byte
20220312 000833.165 INFO             PET0 PIOc_sync Enter - MemInfo: [malloc] Total space held (mmap + non-mmap):         13244736 Byte
20220312 000833.165 INFO             PET0 PIOc_sync Enter - MemInfo: [malloc] Total space used (mmap + non-mmap):         13139536 Byte
20220312 000833.165 INFO             PET0 PIOc_sync Enter - MemInfo: Wall-clock time since execution start:               0.179677 seconds
20220312 000833.165 INFO             PET0 PIOc_sync Exit - MemInfo: [/proc/meminfo - SSI]	MemTotal:       65855856 kB
20220312 000833.165 INFO             PET0 PIOc_sync Exit - MemInfo: [/proc/meminfo - SSI]	MemFree:        61159308 kB
20220312 000833.165 INFO             PET0 PIOc_sync Exit - MemInfo: [/proc/meminfo - SSI]	MemAvailable:   60926080 kB
20220312 000833.165 INFO             PET0 PIOc_sync Exit - MemInfo: [/proc/meminfo - SSI]	Committed_AS:    2930080 kB
20220312 000833.165 INFO             PET0 PIOc_sync Exit - MemInfo: [/proc/meminfo - SSI]	CommittedPercent: 4.44923 %
20220312 000833.165 INFO             PET0 PIOc_sync Exit - MemInfo: [/proc/self/status]	VmPeak:	   70160 kB
20220312 000833.165 INFO             PET0 PIOc_sync Exit - MemInfo: [/proc/self/status]	VmSize:	   70120 kB
20220312 000833.165 INFO             PET0 PIOc_sync Exit - MemInfo: [/proc/self/status]	VmLck:	       0 kB
20220312 000833.165 INFO             PET0 PIOc_sync Exit - MemInfo: [/proc/self/status]	VmPin:	       0 kB
20220312 000833.165 INFO             PET0 PIOc_sync Exit - MemInfo: [/proc/self/status]	VmHWM:	   18052 kB
20220312 000833.165 INFO             PET0 PIOc_sync Exit - MemInfo: [/proc/self/status]	VmRSS:	   18052 kB
20220312 000833.165 INFO             PET0 PIOc_sync Exit - MemInfo: [/proc/self/status]	VmData:	   17176 kB
20220312 000833.165 INFO             PET0 PIOc_sync Exit - MemInfo: [/proc/self/status]	VmStk:	     164 kB
20220312 000833.165 INFO             PET0 PIOc_sync Exit - MemInfo: [/proc/self/status]	VmExe:	   27396 kB
20220312 000833.165 INFO             PET0 PIOc_sync Exit - MemInfo: [/proc/self/status]	VmLib:	    1952 kB
20220312 000833.165 INFO             PET0 PIOc_sync Exit - MemInfo: [/proc/self/status]	VmPTE:	     144 kB
20220312 000833.165 INFO             PET0 PIOc_sync Exit - MemInfo: [/proc/self/status]	VmPMD:	      12 kB
20220312 000833.165 INFO             PET0 PIOc_sync Exit - MemInfo: [/proc/self/status]	VmSwap:	       0 kB
20220312 000833.165 INFO             PET0 PIOc_sync Exit - MemInfo: [/proc/self/status]	VmRSSPercent: 0.0274114 %
20220312 000833.165 INFO             PET0 PIOc_sync Exit - MemInfo: [malloc] Non-mmapped space allocated:                10025280 Byte
20220312 000833.165 INFO             PET0 PIOc_sync Exit - MemInfo: [malloc] Space allocated in mmapped regions:          3219456 Byte
20220312 000833.165 INFO             PET0 PIOc_sync Exit - MemInfo: [malloc] Maximum total allocated space:                     0 Byte
20220312 000833.165 INFO             PET0 PIOc_sync Exit - MemInfo: [malloc] Space in freed fastbin blocks:                     0 Byte
20220312 000833.165 INFO             PET0 PIOc_sync Exit - MemInfo: [malloc] Total allocated space:                       9912256 Byte
20220312 000833.165 INFO             PET0 PIOc_sync Exit - MemInfo: [malloc] Total free space:                             113024 Byte
20220312 000833.165 INFO             PET0 PIOc_sync Exit - MemInfo: [malloc] Top-most, releasable space:                   112384 Byte
20220312 000833.165 INFO             PET0 PIOc_sync Exit - MemInfo: [malloc] Total space in use, mmap + non-mmap:        13131712 Byte
20220312 000833.165 INFO             PET0 PIOc_sync Exit - MemInfo: [malloc] Total space held (mmap + non-mmap):         13244736 Byte
20220312 000833.165 INFO             PET0 PIOc_sync Exit - MemInfo: [malloc] Total space used (mmap + non-mmap):         13140032 Byte
20220312 000833.165 INFO             PET0 PIOc_sync Exit - MemInfo: Wall-clock time since execution start:               0.180137 seconds
20220312 000833.165 INFO             PET0 PIOc_freedecomp Enter - MemInfo: [/proc/meminfo - SSI]	MemTotal:       65855856 kB
20220312 000833.165 INFO             PET0 PIOc_freedecomp Enter - MemInfo: [/proc/meminfo - SSI]	MemFree:        61159308 kB
20220312 000833.165 INFO             PET0 PIOc_freedecomp Enter - MemInfo: [/proc/meminfo - SSI]	MemAvailable:   60926080 kB
20220312 000833.165 INFO             PET0 PIOc_freedecomp Enter - MemInfo: [/proc/meminfo - SSI]	Committed_AS:    2930080 kB
20220312 000833.166 INFO             PET0 PIOc_freedecomp Enter - MemInfo: [/proc/meminfo - SSI]	CommittedPercent: 4.44923 %
20220312 000833.166 INFO             PET0 PIOc_freedecomp Enter - MemInfo: [/proc/self/status]	VmPeak:	   70160 kB
20220312 000833.166 INFO             PET0 PIOc_freedecomp Enter - MemInfo: [/proc/self/status]	VmSize:	   70120 kB
20220312 000833.166 INFO             PET0 PIOc_freedecomp Enter - MemInfo: [/proc/self/status]	VmLck:	       0 kB
20220312 000833.166 INFO             PET0 PIOc_freedecomp Enter - MemInfo: [/proc/self/status]	VmPin:	       0 kB
20220312 000833.166 INFO             PET0 PIOc_freedecomp Enter - MemInfo: [/proc/self/status]	VmHWM:	   18052 kB
20220312 000833.166 INFO             PET0 PIOc_freedecomp Enter - MemInfo: [/proc/self/status]	VmRSS:	   18052 kB
20220312 000833.166 INFO             PET0 PIOc_freedecomp Enter - MemInfo: [/proc/self/status]	VmData:	   17176 kB
20220312 000833.166 INFO             PET0 PIOc_freedecomp Enter - MemInfo: [/proc/self/status]	VmStk:	     164 kB
20220312 000833.166 INFO             PET0 PIOc_freedecomp Enter - MemInfo: [/proc/self/status]	VmExe:	   27396 kB
20220312 000833.166 INFO             PET0 PIOc_freedecomp Enter - MemInfo: [/proc/self/status]	VmLib:	    1952 kB
20220312 000833.166 INFO             PET0 PIOc_freedecomp Enter - MemInfo: [/proc/self/status]	VmPTE:	     144 kB
20220312 000833.166 INFO             PET0 PIOc_freedecomp Enter - MemInfo: [/proc/self/status]	VmPMD:	      12 kB
20220312 000833.166 INFO             PET0 PIOc_freedecomp Enter - MemInfo: [/proc/self/status]	VmSwap:	       0 kB
20220312 000833.166 INFO             PET0 PIOc_freedecomp Enter - MemInfo: [/proc/self/status]	VmRSSPercent: 0.0274114 %
20220312 000833.166 INFO             PET0 PIOc_freedecomp Enter - MemInfo: [malloc] Non-mmapped space allocated:                10025280 Byte
20220312 000833.166 INFO             PET0 PIOc_freedecomp Enter - MemInfo: [malloc] Space allocated in mmapped regions:          3219456 Byte
20220312 000833.166 INFO             PET0 PIOc_freedecomp Enter - MemInfo: [malloc] Maximum total allocated space:                     0 Byte
20220312 000833.166 INFO             PET0 PIOc_freedecomp Enter - MemInfo: [malloc] Space in freed fastbin blocks:                   144 Byte
20220312 000833.166 INFO             PET0 PIOc_freedecomp Enter - MemInfo: [malloc] Total allocated space:                        986976 Byte
20220312 000833.166 INFO             PET0 PIOc_freedecomp Enter - MemInfo: [malloc] Total free space:                            9038304 Byte
20220312 000833.166 INFO             PET0 PIOc_freedecomp Enter - MemInfo: [malloc] Top-most, releasable space:                   112160 Byte
20220312 000833.166 INFO             PET0 PIOc_freedecomp Enter - MemInfo: [malloc] Total space in use, mmap + non-mmap:         4206432 Byte
20220312 000833.166 INFO             PET0 PIOc_freedecomp Enter - MemInfo: [malloc] Total space held (mmap + non-mmap):         13244736 Byte
20220312 000833.166 INFO             PET0 PIOc_freedecomp Enter - MemInfo: [malloc] Total space used (mmap + non-mmap):          4214640 Byte
20220312 000833.166 INFO             PET0 PIOc_freedecomp Enter - MemInfo: Wall-clock time since execution start:               0.180846 seconds
20220312 000833.166 INFO             PET0 PIOc_freedecomp Exit - MemInfo: [/proc/meminfo - SSI]	MemTotal:       65855856 kB
20220312 000833.166 INFO             PET0 PIOc_freedecomp Exit - MemInfo: [/proc/meminfo - SSI]	MemFree:        61159032 kB
20220312 000833.166 INFO             PET0 PIOc_freedecomp Exit - MemInfo: [/proc/meminfo - SSI]	MemAvailable:   60925804 kB
20220312 000833.166 INFO             PET0 PIOc_freedecomp Exit - MemInfo: [/proc/meminfo - SSI]	Committed_AS:    2930080 kB
20220312 000833.166 INFO             PET0 PIOc_freedecomp Exit - MemInfo: [/proc/meminfo - SSI]	CommittedPercent: 4.44923 %
20220312 000833.166 INFO             PET0 PIOc_freedecomp Exit - MemInfo: [/proc/self/status]	VmPeak:	   70160 kB
20220312 000833.166 INFO             PET0 PIOc_freedecomp Exit - MemInfo: [/proc/self/status]	VmSize:	   70120 kB
20220312 000833.166 INFO             PET0 PIOc_freedecomp Exit - MemInfo: [/proc/self/status]	VmLck:	       0 kB
20220312 000833.166 INFO             PET0 PIOc_freedecomp Exit - MemInfo: [/proc/self/status]	VmPin:	       0 kB
20220312 000833.166 INFO             PET0 PIOc_freedecomp Exit - MemInfo: [/proc/self/status]	VmHWM:	   18052 kB
20220312 000833.166 INFO             PET0 PIOc_freedecomp Exit - MemInfo: [/proc/self/status]	VmRSS:	   18052 kB
20220312 000833.166 INFO             PET0 PIOc_freedecomp Exit - MemInfo: [/proc/self/status]	VmData:	   17176 kB
20220312 000833.166 INFO             PET0 PIOc_freedecomp Exit - MemInfo: [/proc/self/status]	VmStk:	     164 kB
20220312 000833.166 INFO             PET0 PIOc_freedecomp Exit - MemInfo: [/proc/self/status]	VmExe:	   27396 kB
20220312 000833.166 INFO             PET0 PIOc_freedecomp Exit - MemInfo: [/proc/self/status]	VmLib:	    1952 kB
20220312 000833.166 INFO             PET0 PIOc_freedecomp Exit - MemInfo: [/proc/self/status]	VmPTE:	     144 kB
20220312 000833.166 INFO             PET0 PIOc_freedecomp Exit - MemInfo: [/proc/self/status]	VmPMD:	      12 kB
20220312 000833.166 INFO             PET0 PIOc_freedecomp Exit - MemInfo: [/proc/self/status]	VmSwap:	       0 kB
20220312 000833.166 INFO             PET0 PIOc_freedecomp Exit - MemInfo: [/proc/self/status]	VmRSSPercent: 0.0274114 %
20220312 000833.166 INFO             PET0 PIOc_freedecomp Exit - MemInfo: [malloc] Non-mmapped space allocated:                10025280 Byte
20220312 000833.166 INFO             PET0 PIOc_freedecomp Exit - MemInfo: [malloc] Space allocated in mmapped regions:          3219456 Byte
20220312 000833.166 INFO             PET0 PIOc_freedecomp Exit - MemInfo: [malloc] Maximum total allocated space:                     0 Byte
20220312 000833.166 INFO             PET0 PIOc_freedecomp Exit - MemInfo: [malloc] Space in freed fastbin blocks:                  1088 Byte
20220312 000833.166 INFO             PET0 PIOc_freedecomp Exit - MemInfo: [malloc] Total allocated space:                        983264 Byte
20220312 000833.166 INFO             PET0 PIOc_freedecomp Exit - MemInfo: [malloc] Total free space:                            9042016 Byte
20220312 000833.166 INFO             PET0 PIOc_freedecomp Exit - MemInfo: [malloc] Top-most, releasable space:                   112784 Byte
20220312 000833.166 INFO             PET0 PIOc_freedecomp Exit - MemInfo: [malloc] Total space in use, mmap + non-mmap:         4202720 Byte
20220312 000833.166 INFO             PET0 PIOc_freedecomp Exit - MemInfo: [malloc] Total space held (mmap + non-mmap):         13244736 Byte
20220312 000833.166 INFO             PET0 PIOc_freedecomp Exit - MemInfo: [malloc] Total space used (mmap + non-mmap):          4210928 Byte
20220312 000833.166 INFO             PET0 PIOc_freedecomp Exit - MemInfo: Wall-clock time since execution start:               0.181286 seconds
20220312 000833.166 INFO             PET0  PASS  Write multiple Fields with same dimensions to a file, ESMF_FieldIOUTest.F90, line 292
20220312 000833.166 INFO             PET0  PASS  Create grid for field metadata test, ESMF_FieldIOUTest.F90, line 309
20220312 000833.167 INFO             PET0  PASS  Create field with global indices, ESMF_FieldIOUTest.F90, line 316
20220312 000833.167 INFO             PET0  PASS  Get Farray_md from field, ESMF_FieldIOUTest.F90, line 324
20220312 000833.191 INFO             PET0 PIOc_sync Enter - MemInfo: [/proc/meminfo - SSI]	MemTotal:       65855856 kB
20220312 000833.191 INFO             PET0 PIOc_sync Enter - MemInfo: [/proc/meminfo - SSI]	MemFree:        61150464 kB
20220312 000833.191 INFO             PET0 PIOc_sync Enter - MemInfo: [/proc/meminfo - SSI]	MemAvailable:   60917236 kB
20220312 000833.191 INFO             PET0 PIOc_sync Enter - MemInfo: [/proc/meminfo - SSI]	Committed_AS:    2938252 kB
20220312 000833.191 INFO             PET0 PIOc_sync Enter - MemInfo: [/proc/meminfo - SSI]	CommittedPercent: 4.46164 %
20220312 000833.191 INFO             PET0 PIOc_sync Enter - MemInfo: [/proc/self/status]	VmPeak:	   78332 kB
20220312 000833.191 INFO             PET0 PIOc_sync Enter - MemInfo: [/proc/self/status]	VmSize:	   78332 kB
20220312 000833.191 INFO             PET0 PIOc_sync Enter - MemInfo: [/proc/self/status]	VmLck:	       0 kB
20220312 000833.191 INFO             PET0 PIOc_sync Enter - MemInfo: [/proc/self/status]	VmPin:	       0 kB
20220312 000833.191 INFO             PET0 PIOc_sync Enter - MemInfo: [/proc/self/status]	VmHWM:	   26232 kB
20220312 000833.191 INFO             PET0 PIOc_sync Enter - MemInfo: [/proc/self/status]	VmRSS:	   26232 kB
20220312 000833.191 INFO             PET0 PIOc_sync Enter - MemInfo: [/proc/self/status]	VmData:	   25388 kB
20220312 000833.191 INFO             PET0 PIOc_sync Enter - MemInfo: [/proc/self/status]	VmStk:	     164 kB
20220312 000833.191 INFO             PET0 PIOc_sync Enter - MemInfo: [/proc/self/status]	VmExe:	   27396 kB
20220312 000833.191 INFO             PET0 PIOc_sync Enter - MemInfo: [/proc/self/status]	VmLib:	    1952 kB
20220312 000833.191 INFO             PET0 PIOc_sync Enter - MemInfo: [/proc/self/status]	VmPTE:	     160 kB
20220312 000833.191 INFO             PET0 PIOc_sync Enter - MemInfo: [/proc/self/status]	VmPMD:	      12 kB
20220312 000833.191 INFO             PET0 PIOc_sync Enter - MemInfo: [/proc/self/status]	VmSwap:	       0 kB
20220312 000833.191 INFO             PET0 PIOc_sync Enter - MemInfo: [/proc/self/status]	VmRSSPercent: 0.0398324 %
20220312 000833.191 INFO             PET0 PIOc_sync Enter - MemInfo: [malloc] Non-mmapped space allocated:                18434368 Byte
20220312 000833.191 INFO             PET0 PIOc_sync Enter - MemInfo: [malloc] Space allocated in mmapped regions:          3219456 Byte
20220312 000833.191 INFO             PET0 PIOc_sync Enter - MemInfo: [malloc] Maximum total allocated space:                     0 Byte
20220312 000833.191 INFO             PET0 PIOc_sync Enter - MemInfo: [malloc] Space in freed fastbin blocks:                     0 Byte
20220312 000833.191 INFO             PET0 PIOc_sync Enter - MemInfo: [malloc] Total allocated space:                       9934752 Byte
20220312 000833.191 INFO             PET0 PIOc_sync Enter - MemInfo: [malloc] Total free space:                            8499616 Byte
20220312 000833.191 INFO             PET0 PIOc_sync Enter - MemInfo: [malloc] Top-most, releasable space:                   133248 Byte
20220312 000833.191 INFO             PET0 PIOc_sync Enter - MemInfo: [malloc] Total space in use, mmap + non-mmap:        13154208 Byte
20220312 000833.192 INFO             PET0 PIOc_sync Enter - MemInfo: [malloc] Total space held (mmap + non-mmap):         21653824 Byte
20220312 000833.192 INFO             PET0 PIOc_sync Enter - MemInfo: [malloc] Total space used (mmap + non-mmap):         13162752 Byte
20220312 000833.192 INFO             PET0 PIOc_sync Enter - MemInfo: Wall-clock time since execution start:               0.206488 seconds
20220312 000833.192 INFO             PET0 PIOc_sync Exit - MemInfo: [/proc/meminfo - SSI]	MemTotal:       65855856 kB
20220312 000833.192 INFO             PET0 PIOc_sync Exit - MemInfo: [/proc/meminfo - SSI]	MemFree:        61150464 kB
20220312 000833.192 INFO             PET0 PIOc_sync Exit - MemInfo: [/proc/meminfo - SSI]	MemAvailable:   60917236 kB
20220312 000833.192 INFO             PET0 PIOc_sync Exit - MemInfo: [/proc/meminfo - SSI]	Committed_AS:    2938252 kB
20220312 000833.192 INFO             PET0 PIOc_sync Exit - MemInfo: [/proc/meminfo - SSI]	CommittedPercent: 4.46164 %
20220312 000833.192 INFO             PET0 PIOc_sync Exit - MemInfo: [/proc/self/status]	VmPeak:	   78332 kB
20220312 000833.192 INFO             PET0 PIOc_sync Exit - MemInfo: [/proc/self/status]	VmSize:	   78332 kB
20220312 000833.192 INFO             PET0 PIOc_sync Exit - MemInfo: [/proc/self/status]	VmLck:	       0 kB
20220312 000833.192 INFO             PET0 PIOc_sync Exit - MemInfo: [/proc/self/status]	VmPin:	       0 kB
20220312 000833.192 INFO             PET0 PIOc_sync Exit - MemInfo: [/proc/self/status]	VmHWM:	   26232 kB
20220312 000833.192 INFO             PET0 PIOc_sync Exit - MemInfo: [/proc/self/status]	VmRSS:	   26232 kB
20220312 000833.192 INFO             PET0 PIOc_sync Exit - MemInfo: [/proc/self/status]	VmData:	   25388 kB
20220312 000833.192 INFO             PET0 PIOc_sync Exit - MemInfo: [/proc/self/status]	VmStk:	     164 kB
20220312 000833.192 INFO             PET0 PIOc_sync Exit - MemInfo: [/proc/self/status]	VmExe:	   27396 kB
20220312 000833.192 INFO             PET0 PIOc_sync Exit - MemInfo: [/proc/self/status]	VmLib:	    1952 kB
20220312 000833.192 INFO             PET0 PIOc_sync Exit - MemInfo: [/proc/self/status]	VmPTE:	     160 kB
20220312 000833.192 INFO             PET0 PIOc_sync Exit - MemInfo: [/proc/self/status]	VmPMD:	      12 kB
20220312 000833.192 INFO             PET0 PIOc_sync Exit - MemInfo: [/proc/self/status]	VmSwap:	       0 kB
20220312 000833.192 INFO             PET0 PIOc_sync Exit - MemInfo: [/proc/self/status]	VmRSSPercent: 0.0398324 %
20220312 000833.192 INFO             PET0 PIOc_sync Exit - MemInfo: [malloc] Non-mmapped space allocated:                18434368 Byte
20220312 000833.192 INFO             PET0 PIOc_sync Exit - MemInfo: [malloc] Space allocated in mmapped regions:          3219456 Byte
20220312 000833.192 INFO             PET0 PIOc_sync Exit - MemInfo: [malloc] Maximum total allocated space:                     0 Byte
20220312 000833.192 INFO             PET0 PIOc_sync Exit - MemInfo: [malloc] Space in freed fastbin blocks:                     0 Byte
20220312 000833.192 INFO             PET0 PIOc_sync Exit - MemInfo: [malloc] Total allocated space:                       9949456 Byte
20220312 000833.192 INFO             PET0 PIOc_sync Exit - MemInfo: [malloc] Total free space:                            8484912 Byte
20220312 000833.192 INFO             PET0 PIOc_sync Exit - MemInfo: [malloc] Top-most, releasable space:                   133248 Byte
20220312 000833.192 INFO             PET0 PIOc_sync Exit - MemInfo: [malloc] Total space in use, mmap + non-mmap:        13168912 Byte
20220312 000833.192 INFO             PET0 PIOc_sync Exit - MemInfo: [malloc] Total space held (mmap + non-mmap):         21653824 Byte
20220312 000833.192 INFO             PET0 PIOc_sync Exit - MemInfo: [malloc] Total space used (mmap + non-mmap):         13177232 Byte
20220312 000833.192 INFO             PET0 PIOc_sync Exit - MemInfo: Wall-clock time since execution start:               0.206917 seconds
20220312 000833.192 INFO             PET0 PIOc_freedecomp Enter - MemInfo: [/proc/meminfo - SSI]	MemTotal:       65855856 kB
20220312 000833.192 INFO             PET0 PIOc_freedecomp Enter - MemInfo: [/proc/meminfo - SSI]	MemFree:        61150464 kB
20220312 000833.192 INFO             PET0 PIOc_freedecomp Enter - MemInfo: [/proc/meminfo - SSI]	MemAvailable:   60917236 kB
20220312 000833.192 INFO             PET0 PIOc_freedecomp Enter - MemInfo: [/proc/meminfo - SSI]	Committed_AS:    2938252 kB
20220312 000833.192 INFO             PET0 PIOc_freedecomp Enter - MemInfo: [/proc/meminfo - SSI]	CommittedPercent: 4.46164 %
20220312 000833.192 INFO             PET0 PIOc_freedecomp Enter - MemInfo: [/proc/self/status]	VmPeak:	   78332 kB
20220312 000833.192 INFO             PET0 PIOc_freedecomp Enter - MemInfo: [/proc/self/status]	VmSize:	   78332 kB
20220312 000833.192 INFO             PET0 PIOc_freedecomp Enter - MemInfo: [/proc/self/status]	VmLck:	       0 kB
20220312 000833.192 INFO             PET0 PIOc_freedecomp Enter - MemInfo: [/proc/self/status]	VmPin:	       0 kB
20220312 000833.192 INFO             PET0 PIOc_freedecomp Enter - MemInfo: [/proc/self/status]	VmHWM:	   26232 kB
20220312 000833.192 INFO             PET0 PIOc_freedecomp Enter - MemInfo: [/proc/self/status]	VmRSS:	   26232 kB
20220312 000833.192 INFO             PET0 PIOc_freedecomp Enter - MemInfo: [/proc/self/status]	VmData:	   25388 kB
20220312 000833.192 INFO             PET0 PIOc_freedecomp Enter - MemInfo: [/proc/self/status]	VmStk:	     164 kB
20220312 000833.192 INFO             PET0 PIOc_freedecomp Enter - MemInfo: [/proc/self/status]	VmExe:	   27396 kB
20220312 000833.192 INFO             PET0 PIOc_freedecomp Enter - MemInfo: [/proc/self/status]	VmLib:	    1952 kB
20220312 000833.192 INFO             PET0 PIOc_freedecomp Enter - MemInfo: [/proc/self/status]	VmPTE:	     160 kB
20220312 000833.192 INFO             PET0 PIOc_freedecomp Enter - MemInfo: [/proc/self/status]	VmPMD:	      12 kB
20220312 000833.192 INFO             PET0 PIOc_freedecomp Enter - MemInfo: [/proc/self/status]	VmSwap:	       0 kB
20220312 000833.192 INFO             PET0 PIOc_freedecomp Enter - MemInfo: [/proc/self/status]	VmRSSPercent: 0.0398324 %
20220312 000833.192 INFO             PET0 PIOc_freedecomp Enter - MemInfo: [malloc] Non-mmapped space allocated:                18434368 Byte
20220312 000833.192 INFO             PET0 PIOc_freedecomp Enter - MemInfo: [malloc] Space allocated in mmapped regions:          3219456 Byte
20220312 000833.192 INFO             PET0 PIOc_freedecomp Enter - MemInfo: [malloc] Maximum total allocated space:                     0 Byte
20220312 000833.192 INFO             PET0 PIOc_freedecomp Enter - MemInfo: [malloc] Space in freed fastbin blocks:                   144 Byte
20220312 000833.192 INFO             PET0 PIOc_freedecomp Enter - MemInfo: [malloc] Total allocated space:                       1024896 Byte
20220312 000833.192 INFO             PET0 PIOc_freedecomp Enter - MemInfo: [malloc] Total free space:                           17409472 Byte
20220312 000833.193 INFO             PET0 PIOc_freedecomp Enter - MemInfo: [malloc] Top-most, releasable space:                  8521872 Byte
20220312 000833.193 INFO             PET0 PIOc_freedecomp Enter - MemInfo: [malloc] Total space in use, mmap + non-mmap:         4244352 Byte
20220312 000833.193 INFO             PET0 PIOc_freedecomp Enter - MemInfo: [malloc] Total space held (mmap + non-mmap):         21653824 Byte
20220312 000833.193 INFO             PET0 PIOc_freedecomp Enter - MemInfo: [malloc] Total space used (mmap + non-mmap):          4252560 Byte
20220312 000833.193 INFO             PET0 PIOc_freedecomp Enter - MemInfo: Wall-clock time since execution start:               0.207471 seconds
20220312 000833.193 INFO             PET0 PIOc_freedecomp Exit - MemInfo: [/proc/meminfo - SSI]	MemTotal:       65855856 kB
20220312 000833.193 INFO             PET0 PIOc_freedecomp Exit - MemInfo: [/proc/meminfo - SSI]	MemFree:        61150464 kB
20220312 000833.193 INFO             PET0 PIOc_freedecomp Exit - MemInfo: [/proc/meminfo - SSI]	MemAvailable:   60917236 kB
20220312 000833.193 INFO             PET0 PIOc_freedecomp Exit - MemInfo: [/proc/meminfo - SSI]	Committed_AS:    2938252 kB
20220312 000833.193 INFO             PET0 PIOc_freedecomp Exit - MemInfo: [/proc/meminfo - SSI]	CommittedPercent: 4.46164 %
20220312 000833.193 INFO             PET0 PIOc_freedecomp Exit - MemInfo: [/proc/self/status]	VmPeak:	   78332 kB
20220312 000833.193 INFO             PET0 PIOc_freedecomp Exit - MemInfo: [/proc/self/status]	VmSize:	   78332 kB
20220312 000833.193 INFO             PET0 PIOc_freedecomp Exit - MemInfo: [/proc/self/status]	VmLck:	       0 kB
20220312 000833.193 INFO             PET0 PIOc_freedecomp Exit - MemInfo: [/proc/self/status]	VmPin:	       0 kB
20220312 000833.193 INFO             PET0 PIOc_freedecomp Exit - MemInfo: [/proc/self/status]	VmHWM:	   26232 kB
20220312 000833.193 INFO             PET0 PIOc_freedecomp Exit - MemInfo: [/proc/self/status]	VmRSS:	   26232 kB
20220312 000833.193 INFO             PET0 PIOc_freedecomp Exit - MemInfo: [/proc/self/status]	VmData:	   25388 kB
20220312 000833.193 INFO             PET0 PIOc_freedecomp Exit - MemInfo: [/proc/self/status]	VmStk:	     164 kB
20220312 000833.193 INFO             PET0 PIOc_freedecomp Exit - MemInfo: [/proc/self/status]	VmExe:	   27396 kB
20220312 000833.193 INFO             PET0 PIOc_freedecomp Exit - MemInfo: [/proc/self/status]	VmLib:	    1952 kB
20220312 000833.193 INFO             PET0 PIOc_freedecomp Exit - MemInfo: [/proc/self/status]	VmPTE:	     160 kB
20220312 000833.193 INFO             PET0 PIOc_freedecomp Exit - MemInfo: [/proc/self/status]	VmPMD:	      12 kB
20220312 000833.193 INFO             PET0 PIOc_freedecomp Exit - MemInfo: [/proc/self/status]	VmSwap:	       0 kB
20220312 000833.193 INFO             PET0 PIOc_freedecomp Exit - MemInfo: [/proc/self/status]	VmRSSPercent: 0.0398324 %
20220312 000833.193 INFO             PET0 PIOc_freedecomp Exit - MemInfo: [malloc] Non-mmapped space allocated:                18434368 Byte
20220312 000833.193 INFO             PET0 PIOc_freedecomp Exit - MemInfo: [malloc] Space allocated in mmapped regions:          3219456 Byte
20220312 000833.193 INFO             PET0 PIOc_freedecomp Exit - MemInfo: [malloc] Maximum total allocated space:                     0 Byte
20220312 000833.193 INFO             PET0 PIOc_freedecomp Exit - MemInfo: [malloc] Space in freed fastbin blocks:                   608 Byte
20220312 000833.193 INFO             PET0 PIOc_freedecomp Exit - MemInfo: [malloc] Total allocated space:                       1019088 Byte
20220312 000833.193 INFO             PET0 PIOc_freedecomp Exit - MemInfo: [malloc] Total free space:                           17415280 Byte
20220312 000833.193 INFO             PET0 PIOc_freedecomp Exit - MemInfo: [malloc] Top-most, releasable space:                  8521872 Byte
20220312 000833.193 INFO             PET0 PIOc_freedecomp Exit - MemInfo: [malloc] Total space in use, mmap + non-mmap:         4238544 Byte
20220312 000833.193 INFO             PET0 PIOc_freedecomp Exit - MemInfo: [malloc] Total space held (mmap + non-mmap):         21653824 Byte
20220312 000833.193 INFO             PET0 PIOc_freedecomp Exit - MemInfo: [malloc] Total space used (mmap + non-mmap):          4246752 Byte
20220312 000833.193 INFO             PET0 PIOc_freedecomp Exit - MemInfo: Wall-clock time since execution start:               0.207854 seconds
20220312 000833.193 INFO             PET0  PASS  Write Field to NetCDF file, ESMF_FieldIOUTest.F90, line 348
20220312 000833.194 INFO             PET0  PASS  Confirm NetCDF metadata - open file, ESMF_FieldIOUTest.F90, line 359
20220312 000833.194 INFO             PET0  PASS  Confirm NetCDF metadata - check dim 1, ESMF_FieldIOUTest.F90, line 369
20220312 000833.194 INFO             PET0  PASS  Confirm NetCDF metadata - check dim 1 len, ESMF_FieldIOUTest.F90, line 379
20220312 000833.194 INFO             PET0  PASS  Confirm NetCDF metadata - check dim 2, ESMF_FieldIOUTest.F90, line 389
20220312 000833.194 INFO             PET0  PASS  Confirm NetCDF metadata - check dim 2 len, ESMF_FieldIOUTest.F90, line 399
20220312 000833.194 INFO             PET0  PASS  Confirm NetCDF metadata - variable exists, ESMF_FieldIOUTest.F90, line 409
20220312 000833.194 INFO             PET0  PASS  Confirm NetCDF metadata - variable has expected dims, ESMF_FieldIOUTest.F90, line 420
20220312 000833.194 INFO             PET0  PASS  Confirm NetCDF data - check data for field, ESMF_FieldIOUTest.F90, line 445
20220312 000833.195 INFO             PET0  PASS  Confirm NetCDF data - close file, ESMF_FieldIOUTest.F90, line 456
20220312 000833.212 INFO             PET0 PIOc_sync Enter - MemInfo: [/proc/meminfo - SSI]	MemTotal:       65855856 kB
20220312 000833.212 INFO             PET0 PIOc_sync Enter - MemInfo: [/proc/meminfo - SSI]	MemFree:        61145596 kB
20220312 000833.212 INFO             PET0 PIOc_sync Enter - MemInfo: [/proc/meminfo - SSI]	MemAvailable:   60912620 kB
20220312 000833.212 INFO             PET0 PIOc_sync Enter - MemInfo: [/proc/meminfo - SSI]	Committed_AS:    2942644 kB
20220312 000833.212 INFO             PET0 PIOc_sync Enter - MemInfo: [/proc/meminfo - SSI]	CommittedPercent: 4.46831 %
20220312 000833.212 INFO             PET0 PIOc_sync Enter - MemInfo: [/proc/self/status]	VmPeak:	   78332 kB
20220312 000833.213 INFO             PET0 PIOc_sync Enter - MemInfo: [/proc/self/status]	VmSize:	   78332 kB
20220312 000833.213 INFO             PET0 PIOc_sync Enter - MemInfo: [/proc/self/status]	VmLck:	       0 kB
20220312 000833.213 INFO             PET0 PIOc_sync Enter - MemInfo: [/proc/self/status]	VmPin:	       0 kB
20220312 000833.213 INFO             PET0 PIOc_sync Enter - MemInfo: [/proc/self/status]	VmHWM:	   26232 kB
20220312 000833.213 INFO             PET0 PIOc_sync Enter - MemInfo: [/proc/self/status]	VmRSS:	   26232 kB
20220312 000833.213 INFO             PET0 PIOc_sync Enter - MemInfo: [/proc/self/status]	VmData:	   25388 kB
20220312 000833.213 INFO             PET0 PIOc_sync Enter - MemInfo: [/proc/self/status]	VmStk:	     164 kB
20220312 000833.213 INFO             PET0 PIOc_sync Enter - MemInfo: [/proc/self/status]	VmExe:	   27396 kB
20220312 000833.213 INFO             PET0 PIOc_sync Enter - MemInfo: [/proc/self/status]	VmLib:	    1952 kB
20220312 000833.213 INFO             PET0 PIOc_sync Enter - MemInfo: [/proc/self/status]	VmPTE:	     160 kB
20220312 000833.213 INFO             PET0 PIOc_sync Enter - MemInfo: [/proc/self/status]	VmPMD:	      12 kB
20220312 000833.213 INFO             PET0 PIOc_sync Enter - MemInfo: [/proc/self/status]	VmSwap:	       0 kB
20220312 000833.213 INFO             PET0 PIOc_sync Enter - MemInfo: [/proc/self/status]	VmRSSPercent: 0.0398324 %
20220312 000833.213 INFO             PET0 PIOc_sync Enter - MemInfo: [malloc] Non-mmapped space allocated:                18434368 Byte
20220312 000833.213 INFO             PET0 PIOc_sync Enter - MemInfo: [malloc] Space allocated in mmapped regions:          3219456 Byte
20220312 000833.213 INFO             PET0 PIOc_sync Enter - MemInfo: [malloc] Maximum total allocated space:                     0 Byte
20220312 000833.213 INFO             PET0 PIOc_sync Enter - MemInfo: [malloc] Space in freed fastbin blocks:                     0 Byte
20220312 000833.213 INFO             PET0 PIOc_sync Enter - MemInfo: [malloc] Total allocated space:                       9955040 Byte
20220312 000833.213 INFO             PET0 PIOc_sync Enter - MemInfo: [malloc] Total free space:                            8479328 Byte
20220312 000833.213 INFO             PET0 PIOc_sync Enter - MemInfo: [malloc] Top-most, releasable space:                   133248 Byte
20220312 000833.213 INFO             PET0 PIOc_sync Enter - MemInfo: [malloc] Total space in use, mmap + non-mmap:        13174496 Byte
20220312 000833.213 INFO             PET0 PIOc_sync Enter - MemInfo: [malloc] Total space held (mmap + non-mmap):         21653824 Byte
20220312 000833.213 INFO             PET0 PIOc_sync Enter - MemInfo: [malloc] Total space used (mmap + non-mmap):         13182928 Byte
20220312 000833.213 INFO             PET0 PIOc_sync Enter - MemInfo: Wall-clock time since execution start:               0.227667 seconds
20220312 000833.213 INFO             PET0 PIOc_sync Exit - MemInfo: [/proc/meminfo - SSI]	MemTotal:       65855856 kB
20220312 000833.213 INFO             PET0 PIOc_sync Exit - MemInfo: [/proc/meminfo - SSI]	MemFree:        61145596 kB
20220312 000833.213 INFO             PET0 PIOc_sync Exit - MemInfo: [/proc/meminfo - SSI]	MemAvailable:   60912620 kB
20220312 000833.213 INFO             PET0 PIOc_sync Exit - MemInfo: [/proc/meminfo - SSI]	Committed_AS:    2942644 kB
20220312 000833.213 INFO             PET0 PIOc_sync Exit - MemInfo: [/proc/meminfo - SSI]	CommittedPercent: 4.46831 %
20220312 000833.213 INFO             PET0 PIOc_sync Exit - MemInfo: [/proc/self/status]	VmPeak:	   78332 kB
20220312 000833.213 INFO             PET0 PIOc_sync Exit - MemInfo: [/proc/self/status]	VmSize:	   78332 kB
20220312 000833.213 INFO             PET0 PIOc_sync Exit - MemInfo: [/proc/self/status]	VmLck:	       0 kB
20220312 000833.213 INFO             PET0 PIOc_sync Exit - MemInfo: [/proc/self/status]	VmPin:	       0 kB
20220312 000833.213 INFO             PET0 PIOc_sync Exit - MemInfo: [/proc/self/status]	VmHWM:	   26232 kB
20220312 000833.213 INFO             PET0 PIOc_sync Exit - MemInfo: [/proc/self/status]	VmRSS:	   26232 kB
20220312 000833.213 INFO             PET0 PIOc_sync Exit - MemInfo: [/proc/self/status]	VmData:	   25388 kB
20220312 000833.213 INFO             PET0 PIOc_sync Exit - MemInfo: [/proc/self/status]	VmStk:	     164 kB
20220312 000833.213 INFO             PET0 PIOc_sync Exit - MemInfo: [/proc/self/status]	VmExe:	   27396 kB
20220312 000833.213 INFO             PET0 PIOc_sync Exit - MemInfo: [/proc/self/status]	VmLib:	    1952 kB
20220312 000833.213 INFO             PET0 PIOc_sync Exit - MemInfo: [/proc/self/status]	VmPTE:	     160 kB
20220312 000833.213 INFO             PET0 PIOc_sync Exit - MemInfo: [/proc/self/status]	VmPMD:	      12 kB
20220312 000833.213 INFO             PET0 PIOc_sync Exit - MemInfo: [/proc/self/status]	VmSwap:	       0 kB
20220312 000833.213 INFO             PET0 PIOc_sync Exit - MemInfo: [/proc/self/status]	VmRSSPercent: 0.0398324 %
20220312 000833.213 INFO             PET0 PIOc_sync Exit - MemInfo: [malloc] Non-mmapped space allocated:                18434368 Byte
20220312 000833.213 INFO             PET0 PIOc_sync Exit - MemInfo: [malloc] Space allocated in mmapped regions:          3219456 Byte
20220312 000833.213 INFO             PET0 PIOc_sync Exit - MemInfo: [malloc] Maximum total allocated space:                     0 Byte
20220312 000833.213 INFO             PET0 PIOc_sync Exit - MemInfo: [malloc] Space in freed fastbin blocks:                     0 Byte
20220312 000833.213 INFO             PET0 PIOc_sync Exit - MemInfo: [malloc] Total allocated space:                       9956576 Byte
20220312 000833.213 INFO             PET0 PIOc_sync Exit - MemInfo: [malloc] Total free space:                            8477792 Byte
20220312 000833.213 INFO             PET0 PIOc_sync Exit - MemInfo: [malloc] Top-most, releasable space:                   133248 Byte
20220312 000833.213 INFO             PET0 PIOc_sync Exit - MemInfo: [malloc] Total space in use, mmap + non-mmap:        13176032 Byte
20220312 000833.213 INFO             PET0 PIOc_sync Exit - MemInfo: [malloc] Total space held (mmap + non-mmap):         21653824 Byte
20220312 000833.213 INFO             PET0 PIOc_sync Exit - MemInfo: [malloc] Total space used (mmap + non-mmap):         13184352 Byte
20220312 000833.213 INFO             PET0 PIOc_sync Exit - MemInfo: Wall-clock time since execution start:               0.228131 seconds
20220312 000833.213 INFO             PET0 PIOc_freedecomp Enter - MemInfo: [/proc/meminfo - SSI]	MemTotal:       65855856 kB
20220312 000833.213 INFO             PET0 PIOc_freedecomp Enter - MemInfo: [/proc/meminfo - SSI]	MemFree:        61145596 kB
20220312 000833.213 INFO             PET0 PIOc_freedecomp Enter - MemInfo: [/proc/meminfo - SSI]	MemAvailable:   60912620 kB
20220312 000833.213 INFO             PET0 PIOc_freedecomp Enter - MemInfo: [/proc/meminfo - SSI]	Committed_AS:    2942644 kB
20220312 000833.213 INFO             PET0 PIOc_freedecomp Enter - MemInfo: [/proc/meminfo - SSI]	CommittedPercent: 4.46831 %
20220312 000833.214 INFO             PET0 PIOc_freedecomp Enter - MemInfo: [/proc/self/status]	VmPeak:	   78332 kB
20220312 000833.214 INFO             PET0 PIOc_freedecomp Enter - MemInfo: [/proc/self/status]	VmSize:	   78332 kB
20220312 000833.214 INFO             PET0 PIOc_freedecomp Enter - MemInfo: [/proc/self/status]	VmLck:	       0 kB
20220312 000833.214 INFO             PET0 PIOc_freedecomp Enter - MemInfo: [/proc/self/status]	VmPin:	       0 kB
20220312 000833.214 INFO             PET0 PIOc_freedecomp Enter - MemInfo: [/proc/self/status]	VmHWM:	   26232 kB
20220312 000833.214 INFO             PET0 PIOc_freedecomp Enter - MemInfo: [/proc/self/status]	VmRSS:	   26232 kB
20220312 000833.214 INFO             PET0 PIOc_freedecomp Enter - MemInfo: [/proc/self/status]	VmData:	   25388 kB
20220312 000833.214 INFO             PET0 PIOc_freedecomp Enter - MemInfo: [/proc/self/status]	VmStk:	     164 kB
20220312 000833.214 INFO             PET0 PIOc_freedecomp Enter - MemInfo: [/proc/self/status]	VmExe:	   27396 kB
20220312 000833.214 INFO             PET0 PIOc_freedecomp Enter - MemInfo: [/proc/self/status]	VmLib:	    1952 kB
20220312 000833.214 INFO             PET0 PIOc_freedecomp Enter - MemInfo: [/proc/self/status]	VmPTE:	     160 kB
20220312 000833.214 INFO             PET0 PIOc_freedecomp Enter - MemInfo: [/proc/self/status]	VmPMD:	      12 kB
20220312 000833.214 INFO             PET0 PIOc_freedecomp Enter - MemInfo: [/proc/self/status]	VmSwap:	       0 kB
20220312 000833.214 INFO             PET0 PIOc_freedecomp Enter - MemInfo: [/proc/self/status]	VmRSSPercent: 0.0398324 %
20220312 000833.214 INFO             PET0 PIOc_freedecomp Enter - MemInfo: [malloc] Non-mmapped space allocated:                18434368 Byte
20220312 000833.214 INFO             PET0 PIOc_freedecomp Enter - MemInfo: [malloc] Space allocated in mmapped regions:          3219456 Byte
20220312 000833.214 INFO             PET0 PIOc_freedecomp Enter - MemInfo: [malloc] Maximum total allocated space:                     0 Byte
20220312 000833.214 INFO             PET0 PIOc_freedecomp Enter - MemInfo: [malloc] Space in freed fastbin blocks:                   144 Byte
20220312 000833.214 INFO             PET0 PIOc_freedecomp Enter - MemInfo: [malloc] Total allocated space:                       1031360 Byte
20220312 000833.214 INFO             PET0 PIOc_freedecomp Enter - MemInfo: [malloc] Total free space:                           17403008 Byte
20220312 000833.214 INFO             PET0 PIOc_freedecomp Enter - MemInfo: [malloc] Top-most, releasable space:                  8521872 Byte
20220312 000833.214 INFO             PET0 PIOc_freedecomp Enter - MemInfo: [malloc] Total space in use, mmap + non-mmap:         4250816 Byte
20220312 000833.214 INFO             PET0 PIOc_freedecomp Enter - MemInfo: [malloc] Total space held (mmap + non-mmap):         21653824 Byte
20220312 000833.214 INFO             PET0 PIOc_freedecomp Enter - MemInfo: [malloc] Total space used (mmap + non-mmap):          4259024 Byte
20220312 000833.214 INFO             PET0 PIOc_freedecomp Enter - MemInfo: Wall-clock time since execution start:               0.228781 seconds
20220312 000833.214 INFO             PET0 PIOc_freedecomp Exit - MemInfo: [/proc/meminfo - SSI]	MemTotal:       65855856 kB
20220312 000833.214 INFO             PET0 PIOc_freedecomp Exit - MemInfo: [/proc/meminfo - SSI]	MemFree:        61145596 kB
20220312 000833.214 INFO             PET0 PIOc_freedecomp Exit - MemInfo: [/proc/meminfo - SSI]	MemAvailable:   60912620 kB
20220312 000833.214 INFO             PET0 PIOc_freedecomp Exit - MemInfo: [/proc/meminfo - SSI]	Committed_AS:    2942644 kB
20220312 000833.214 INFO             PET0 PIOc_freedecomp Exit - MemInfo: [/proc/meminfo - SSI]	CommittedPercent: 4.46831 %
20220312 000833.214 INFO             PET0 PIOc_freedecomp Exit - MemInfo: [/proc/self/status]	VmPeak:	   78332 kB
20220312 000833.214 INFO             PET0 PIOc_freedecomp Exit - MemInfo: [/proc/self/status]	VmSize:	   78332 kB
20220312 000833.214 INFO             PET0 PIOc_freedecomp Exit - MemInfo: [/proc/self/status]	VmLck:	       0 kB
20220312 000833.214 INFO             PET0 PIOc_freedecomp Exit - MemInfo: [/proc/self/status]	VmPin:	       0 kB
20220312 000833.214 INFO             PET0 PIOc_freedecomp Exit - MemInfo: [/proc/self/status]	VmHWM:	   26232 kB
20220312 000833.214 INFO             PET0 PIOc_freedecomp Exit - MemInfo: [/proc/self/status]	VmRSS:	   26232 kB
20220312 000833.214 INFO             PET0 PIOc_freedecomp Exit - MemInfo: [/proc/self/status]	VmData:	   25388 kB
20220312 000833.214 INFO             PET0 PIOc_freedecomp Exit - MemInfo: [/proc/self/status]	VmStk:	     164 kB
20220312 000833.214 INFO             PET0 PIOc_freedecomp Exit - MemInfo: [/proc/self/status]	VmExe:	   27396 kB
20220312 000833.214 INFO             PET0 PIOc_freedecomp Exit - MemInfo: [/proc/self/status]	VmLib:	    1952 kB
20220312 000833.214 INFO             PET0 PIOc_freedecomp Exit - MemInfo: [/proc/self/status]	VmPTE:	     160 kB
20220312 000833.214 INFO             PET0 PIOc_freedecomp Exit - MemInfo: [/proc/self/status]	VmPMD:	      12 kB
20220312 000833.214 INFO             PET0 PIOc_freedecomp Exit - MemInfo: [/proc/self/status]	VmSwap:	       0 kB
20220312 000833.214 INFO             PET0 PIOc_freedecomp Exit - MemInfo: [/proc/self/status]	VmRSSPercent: 0.0398324 %
20220312 000833.214 INFO             PET0 PIOc_freedecomp Exit - MemInfo: [malloc] Non-mmapped space allocated:                18434368 Byte
20220312 000833.214 INFO             PET0 PIOc_freedecomp Exit - MemInfo: [malloc] Space allocated in mmapped regions:          3219456 Byte
20220312 000833.214 INFO             PET0 PIOc_freedecomp Exit - MemInfo: [malloc] Maximum total allocated space:                     0 Byte
20220312 000833.214 INFO             PET0 PIOc_freedecomp Exit - MemInfo: [malloc] Space in freed fastbin blocks:                   976 Byte
20220312 000833.214 INFO             PET0 PIOc_freedecomp Exit - MemInfo: [malloc] Total allocated space:                       1027760 Byte
20220312 000833.214 INFO             PET0 PIOc_freedecomp Exit - MemInfo: [malloc] Total free space:                           17406608 Byte
20220312 000833.214 INFO             PET0 PIOc_freedecomp Exit - MemInfo: [malloc] Top-most, releasable space:                  8521872 Byte
20220312 000833.214 INFO             PET0 PIOc_freedecomp Exit - MemInfo: [malloc] Total space in use, mmap + non-mmap:         4247216 Byte
20220312 000833.214 INFO             PET0 PIOc_freedecomp Exit - MemInfo: [malloc] Total space held (mmap + non-mmap):         21653824 Byte
20220312 000833.214 INFO             PET0 PIOc_freedecomp Exit - MemInfo: [malloc] Total space used (mmap + non-mmap):          4255424 Byte
20220312 000833.214 INFO             PET0 PIOc_freedecomp Exit - MemInfo: Wall-clock time since execution start:               0.229218 seconds
20220312 000833.232 INFO             PET0 PIOc_sync Enter - MemInfo: [/proc/meminfo - SSI]	MemTotal:       65855856 kB
20220312 000833.232 INFO             PET0 PIOc_sync Enter - MemInfo: [/proc/meminfo - SSI]	MemFree:        61144800 kB
20220312 000833.232 INFO             PET0 PIOc_sync Enter - MemInfo: [/proc/meminfo - SSI]	MemAvailable:   60911824 kB
20220312 000833.232 INFO             PET0 PIOc_sync Enter - MemInfo: [/proc/meminfo - SSI]	Committed_AS:    2942644 kB
20220312 000833.232 INFO             PET0 PIOc_sync Enter - MemInfo: [/proc/meminfo - SSI]	CommittedPercent: 4.46831 %
20220312 000833.232 INFO             PET0 PIOc_sync Enter - MemInfo: [/proc/self/status]	VmPeak:	   78332 kB
20220312 000833.232 INFO             PET0 PIOc_sync Enter - MemInfo: [/proc/self/status]	VmSize:	   78332 kB
20220312 000833.232 INFO             PET0 PIOc_sync Enter - MemInfo: [/proc/self/status]	VmLck:	       0 kB
20220312 000833.232 INFO             PET0 PIOc_sync Enter - MemInfo: [/proc/self/status]	VmPin:	       0 kB
20220312 000833.232 INFO             PET0 PIOc_sync Enter - MemInfo: [/proc/self/status]	VmHWM:	   26456 kB
20220312 000833.232 INFO             PET0 PIOc_sync Enter - MemInfo: [/proc/self/status]	VmRSS:	   26456 kB
20220312 000833.232 INFO             PET0 PIOc_sync Enter - MemInfo: [/proc/self/status]	VmData:	   25388 kB
20220312 000833.232 INFO             PET0 PIOc_sync Enter - MemInfo: [/proc/self/status]	VmStk:	     164 kB
20220312 000833.232 INFO             PET0 PIOc_sync Enter - MemInfo: [/proc/self/status]	VmExe:	   27396 kB
20220312 000833.232 INFO             PET0 PIOc_sync Enter - MemInfo: [/proc/self/status]	VmLib:	    1952 kB
20220312 000833.232 INFO             PET0 PIOc_sync Enter - MemInfo: [/proc/self/status]	VmPTE:	     160 kB
20220312 000833.232 INFO             PET0 PIOc_sync Enter - MemInfo: [/proc/self/status]	VmPMD:	      12 kB
20220312 000833.232 INFO             PET0 PIOc_sync Enter - MemInfo: [/proc/self/status]	VmSwap:	       0 kB
20220312 000833.232 INFO             PET0 PIOc_sync Enter - MemInfo: [/proc/self/status]	VmRSSPercent: 0.0401726 %
20220312 000833.232 INFO             PET0 PIOc_sync Enter - MemInfo: [malloc] Non-mmapped space allocated:                18434368 Byte
20220312 000833.233 INFO             PET0 PIOc_sync Enter - MemInfo: [malloc] Space allocated in mmapped regions:          3219456 Byte
20220312 000833.233 INFO             PET0 PIOc_sync Enter - MemInfo: [malloc] Maximum total allocated space:                     0 Byte
20220312 000833.233 INFO             PET0 PIOc_sync Enter - MemInfo: [malloc] Space in freed fastbin blocks:                     0 Byte
20220312 000833.233 INFO             PET0 PIOc_sync Enter - MemInfo: [malloc] Total allocated space:                       9962768 Byte
20220312 000833.233 INFO             PET0 PIOc_sync Enter - MemInfo: [malloc] Total free space:                            8471600 Byte
20220312 000833.233 INFO             PET0 PIOc_sync Enter - MemInfo: [malloc] Top-most, releasable space:                   133248 Byte
20220312 000833.233 INFO             PET0 PIOc_sync Enter - MemInfo: [malloc] Total space in use, mmap + non-mmap:        13182224 Byte
20220312 000833.233 INFO             PET0 PIOc_sync Enter - MemInfo: [malloc] Total space held (mmap + non-mmap):         21653824 Byte
20220312 000833.233 INFO             PET0 PIOc_sync Enter - MemInfo: [malloc] Total space used (mmap + non-mmap):         13190768 Byte
20220312 000833.233 INFO             PET0 PIOc_sync Enter - MemInfo: Wall-clock time since execution start:               0.247527 seconds
20220312 000833.233 INFO             PET0 PIOc_sync Exit - MemInfo: [/proc/meminfo - SSI]	MemTotal:       65855856 kB
20220312 000833.233 INFO             PET0 PIOc_sync Exit - MemInfo: [/proc/meminfo - SSI]	MemFree:        61144800 kB
20220312 000833.233 INFO             PET0 PIOc_sync Exit - MemInfo: [/proc/meminfo - SSI]	MemAvailable:   60911824 kB
20220312 000833.233 INFO             PET0 PIOc_sync Exit - MemInfo: [/proc/meminfo - SSI]	Committed_AS:    2942644 kB
20220312 000833.233 INFO             PET0 PIOc_sync Exit - MemInfo: [/proc/meminfo - SSI]	CommittedPercent: 4.46831 %
20220312 000833.233 INFO             PET0 PIOc_sync Exit - MemInfo: [/proc/self/status]	VmPeak:	   78332 kB
20220312 000833.233 INFO             PET0 PIOc_sync Exit - MemInfo: [/proc/self/status]	VmSize:	   78332 kB
20220312 000833.233 INFO             PET0 PIOc_sync Exit - MemInfo: [/proc/self/status]	VmLck:	       0 kB
20220312 000833.233 INFO             PET0 PIOc_sync Exit - MemInfo: [/proc/self/status]	VmPin:	       0 kB
20220312 000833.233 INFO             PET0 PIOc_sync Exit - MemInfo: [/proc/self/status]	VmHWM:	   26456 kB
20220312 000833.233 INFO             PET0 PIOc_sync Exit - MemInfo: [/proc/self/status]	VmRSS:	   26456 kB
20220312 000833.233 INFO             PET0 PIOc_sync Exit - MemInfo: [/proc/self/status]	VmData:	   25388 kB
20220312 000833.233 INFO             PET0 PIOc_sync Exit - MemInfo: [/proc/self/status]	VmStk:	     164 kB
20220312 000833.233 INFO             PET0 PIOc_sync Exit - MemInfo: [/proc/self/status]	VmExe:	   27396 kB
20220312 000833.233 INFO             PET0 PIOc_sync Exit - MemInfo: [/proc/self/status]	VmLib:	    1952 kB
20220312 000833.233 INFO             PET0 PIOc_sync Exit - MemInfo: [/proc/self/status]	VmPTE:	     160 kB
20220312 000833.233 INFO             PET0 PIOc_sync Exit - MemInfo: [/proc/self/status]	VmPMD:	      12 kB
20220312 000833.233 INFO             PET0 PIOc_sync Exit - MemInfo: [/proc/self/status]	VmSwap:	       0 kB
20220312 000833.233 INFO             PET0 PIOc_sync Exit - MemInfo: [/proc/self/status]	VmRSSPercent: 0.0401726 %
20220312 000833.233 INFO             PET0 PIOc_sync Exit - MemInfo: [malloc] Non-mmapped space allocated:                18434368 Byte
20220312 000833.233 INFO             PET0 PIOc_sync Exit - MemInfo: [malloc] Space allocated in mmapped regions:          3219456 Byte
20220312 000833.233 INFO             PET0 PIOc_sync Exit - MemInfo: [malloc] Maximum total allocated space:                     0 Byte
20220312 000833.233 INFO             PET0 PIOc_sync Exit - MemInfo: [malloc] Space in freed fastbin blocks:                     0 Byte
20220312 000833.233 INFO             PET0 PIOc_sync Exit - MemInfo: [malloc] Total allocated space:                       9963536 Byte
20220312 000833.233 INFO             PET0 PIOc_sync Exit - MemInfo: [malloc] Total free space:                            8470832 Byte
20220312 000833.233 INFO             PET0 PIOc_sync Exit - MemInfo: [malloc] Top-most, releasable space:                   133248 Byte
20220312 000833.233 INFO             PET0 PIOc_sync Exit - MemInfo: [malloc] Total space in use, mmap + non-mmap:        13182992 Byte
20220312 000833.233 INFO             PET0 PIOc_sync Exit - MemInfo: [malloc] Total space held (mmap + non-mmap):         21653824 Byte
