build time -- 2022-03-12 23:28:06
20220313 001055.123 INFO             PET0 !!!!!!!!!!!!!!!!!!!!!!!!!!!!!!!!!!!!!!!!!!!!!!!!!!!!!!
20220313 001055.124 INFO             PET0 !!! THE ESMF_LOG IS SET TO OUTPUT ALL LOG MESSAGES !!!
20220313 001055.124 INFO             PET0 !!!     THIS MAY CAUSE SLOWDOWN IN PERFORMANCE     !!!
20220313 001055.124 INFO             PET0 !!! FOR PRODUCTION RUNS, USE:                      !!!
20220313 001055.124 INFO             PET0 !!!                   ESMF_LOGKIND_Multi_On_Error  !!!
20220313 001055.124 INFO             PET0 !!!!!!!!!!!!!!!!!!!!!!!!!!!!!!!!!!!!!!!!!!!!!!!!!!!!!!
20220313 001055.124 INFO             PET0 Running with ESMF Version   : v8.3.0b09-96-g559b459836
20220313 001055.124 INFO             PET0 ESMF library build date/time: "Mar 12 2022" "23:26:31"
20220313 001055.124 INFO             PET0 ESMF library build location : /lustre/f2/dev/ncep/Mark.Potts/gfortran_8.3.0_mpi_O_jedwards_pio_update2
20220313 001055.124 INFO             PET0 ESMF_COMM                   : mpi
20220313 001055.125 INFO             PET0 ESMF_MOAB                   : enabled
20220313 001055.125 INFO             PET0 ESMF_LAPACK                 : enabled
20220313 001055.125 INFO             PET0 ESMF_NETCDF                 : enabled
20220313 001055.125 INFO             PET0 ESMF_PNETCDF                : disabled
20220313 001055.125 INFO             PET0 ESMF_PIO                    : enabled
20220313 001055.125 INFO             PET0 ESMF_YAMLCPP                : enabled
20220313 001055.137 INFO             PET0  Beginning Test, file ESMF_FieldBundleIOUTest.F90, line 71
20220313 001055.137 INFO             PET0  NUMBER_OF_PROCESSORS           4
20220313 001055.158 INFO             PET0  PASS  Creating a Grid to use in Field Tests, ESMF_FieldBundleIOUTest.F90, line 92
20220313 001055.218 INFO             PET0  PASS  Create dimensions attribute package on shared Grid Test, ESMF_FieldBundleIOUTest.F90, line 102
20220313 001055.222 INFO             PET0  PASS  Set dimensions attribute package on Grid Test, ESMF_FieldBundleIOUTest.F90, line 113
20220313 001055.222 INFO             PET0  PASS  Creating a 2 DE/PET Grid to use in Field Tests, ESMF_FieldBundleIOUTest.F90, line 123
20220313 001055.222 INFO             PET0  PASS  Create dimensions attribute package on 2 DE/PET Grid Test, ESMF_FieldBundleIOUTest.F90, line 133
20220313 001055.222 INFO             PET0  PASS  Set dimensions attribute package on Grid Test, ESMF_FieldBundleIOUTest.F90, line 144
20220313 001055.270 INFO             PET0  PASS  Create a field from grid and fortran dummy array, ESMF_FieldBundleIOUTest.F90, line 182
20220313 001055.270 INFO             PET0  PASS  Create attribute package on Field(1) Test, ESMF_FieldBundleIOUTest.F90, line 195
20220313 001055.271 INFO             PET0  PASS  Set attribute values on Field(1) Test, ESMF_FieldBundleIOUTest.F90, line 208
20220313 001055.271 INFO             PET0  PASS  Create a field from grid and fortran dummy array, ESMF_FieldBundleIOUTest.F90, line 218
20220313 001055.271 INFO             PET0  PASS  Create attribute package on Field(2) Test, ESMF_FieldBundleIOUTest.F90, line 230
20220313 001055.271 INFO             PET0  PASS  Set attribute values on Field(2) Test, ESMF_FieldBundleIOUTest.F90, line 243
20220313 001055.272 INFO             PET0  PASS  Array Spec Set, ESMF_FieldBundleIOUTest.F90, line 253
20220313 001055.277 INFO             PET0  PASS  Create a field from 2 DE/PET grid, ESMF_FieldBundleIOUTest.F90, line 263
20220313 001055.277 INFO             PET0  PASS  Create attribute package on Field(3) Test, ESMF_FieldBundleIOUTest.F90, line 275
20220313 001055.277 INFO             PET0  PASS  Set attribute values on Field(3) Test, ESMF_FieldBundleIOUTest.F90, line 288
20220313 001055.279 INFO             PET0  PASS  Get and fill Farray_w from field DE 0, ESMF_FieldBundleIOUTest.F90, line 298
20220313 001055.279 INFO             PET0  PASS  Get and fill Farray_w from field DE 1, ESMF_FieldBundleIOUTest.F90, line 308
20220313 001055.281 INFO             PET0  PASS  Create a bundle from 3 fields, ESMF_FieldBundleIOUTest.F90, line 317
20220313 001055.282 INFO             PET0  PASS  Create attribute package on FieldBundle single Test, ESMF_FieldBundleIOUTest.F90, line 329
20220313 001055.282 INFO             PET0  PASS  Set attribute values on FieldBundle single Test, ESMF_FieldBundleIOUTest.F90, line 342
20220313 001055.426 INFO             PET0 PIOc_sync Enter - MemInfo: [/proc/meminfo - SSI]	MemTotal:       65855856 kB
20220313 001055.426 INFO             PET0 PIOc_sync Enter - MemInfo: [/proc/meminfo - SSI]	MemFree:        61254444 kB
20220313 001055.426 INFO             PET0 PIOc_sync Enter - MemInfo: [/proc/meminfo - SSI]	MemAvailable:   61016856 kB
20220313 001055.426 INFO             PET0 PIOc_sync Enter - MemInfo: [/proc/meminfo - SSI]	Committed_AS:    2861196 kB
20220313 001055.426 INFO             PET0 PIOc_sync Enter - MemInfo: [/proc/meminfo - SSI]	CommittedPercent: 4.34463 %
20220313 001055.426 INFO             PET0 PIOc_sync Enter - MemInfo: [/proc/self/status]	VmPeak:	   71844 kB
20220313 001055.426 INFO             PET0 PIOc_sync Enter - MemInfo: [/proc/self/status]	VmSize:	   71844 kB
20220313 001055.426 INFO             PET0 PIOc_sync Enter - MemInfo: [/proc/self/status]	VmLck:	       0 kB
20220313 001055.426 INFO             PET0 PIOc_sync Enter - MemInfo: [/proc/self/status]	VmPin:	       0 kB
20220313 001055.426 INFO             PET0 PIOc_sync Enter - MemInfo: [/proc/self/status]	VmHWM:	   21476 kB
20220313 001055.426 INFO             PET0 PIOc_sync Enter - MemInfo: [/proc/self/status]	VmRSS:	   21464 kB
20220313 001055.426 INFO             PET0 PIOc_sync Enter - MemInfo: [/proc/self/status]	VmData:	   18912 kB
20220313 001055.426 INFO             PET0 PIOc_sync Enter - MemInfo: [/proc/self/status]	VmStk:	     164 kB
20220313 001055.426 INFO             PET0 PIOc_sync Enter - MemInfo: [/proc/self/status]	VmExe:	   27348 kB
20220313 001055.426 INFO             PET0 PIOc_sync Enter - MemInfo: [/proc/self/status]	VmLib:	    1952 kB
20220313 001055.426 INFO             PET0 PIOc_sync Enter - MemInfo: [/proc/self/status]	VmPTE:	     140 kB
20220313 001055.426 INFO             PET0 PIOc_sync Enter - MemInfo: [/proc/self/status]	VmPMD:	      12 kB
20220313 001055.426 INFO             PET0 PIOc_sync Enter - MemInfo: [/proc/self/status]	VmSwap:	       0 kB
20220313 001055.426 INFO             PET0 PIOc_sync Enter - MemInfo: [/proc/self/status]	VmRSSPercent: 0.0325924 %
20220313 001055.426 INFO             PET0 PIOc_sync Enter - MemInfo: [malloc] Non-mmapped space allocated:                 2001216 Byte
20220313 001055.426 INFO             PET0 PIOc_sync Enter - MemInfo: [malloc] Space allocated in mmapped regions:         13025280 Byte
20220313 001055.426 INFO             PET0 PIOc_sync Enter - MemInfo: [malloc] Maximum total allocated space:                     0 Byte
20220313 001055.426 INFO             PET0 PIOc_sync Enter - MemInfo: [malloc] Space in freed fastbin blocks:                   784 Byte
20220313 001055.426 INFO             PET0 PIOc_sync Enter - MemInfo: [malloc] Total allocated space:                       1534720 Byte
20220313 001055.426 INFO             PET0 PIOc_sync Enter - MemInfo: [malloc] Total free space:                             466496 Byte
20220313 001055.426 INFO             PET0 PIOc_sync Enter - MemInfo: [malloc] Top-most, releasable space:                   452608 Byte
20220313 001055.426 INFO             PET0 PIOc_sync Enter - MemInfo: [malloc] Total space in use, mmap + non-mmap:        14560000 Byte
20220313 001055.426 INFO             PET0 PIOc_sync Enter - MemInfo: [malloc] Total space held (mmap + non-mmap):         15026496 Byte
20220313 001055.426 INFO             PET0 PIOc_sync Enter - MemInfo: [malloc] Total space used (mmap + non-mmap):         14569248 Byte
20220313 001055.427 INFO             PET0 PIOc_sync Enter - MemInfo: Wall-clock time since execution start:               0.322611 seconds
20220313 001055.431 INFO             PET0 PIOc_sync Exit - MemInfo: [/proc/meminfo - SSI]	MemTotal:       65855856 kB
20220313 001055.431 INFO             PET0 PIOc_sync Exit - MemInfo: [/proc/meminfo - SSI]	MemFree:        61252932 kB
20220313 001055.431 INFO             PET0 PIOc_sync Exit - MemInfo: [/proc/meminfo - SSI]	MemAvailable:   61015596 kB
20220313 001055.431 INFO             PET0 PIOc_sync Exit - MemInfo: [/proc/meminfo - SSI]	Committed_AS:    2861196 kB
20220313 001055.431 INFO             PET0 PIOc_sync Exit - MemInfo: [/proc/meminfo - SSI]	CommittedPercent: 4.34463 %
20220313 001055.431 INFO             PET0 PIOc_sync Exit - MemInfo: [/proc/self/status]	VmPeak:	   71844 kB
20220313 001055.431 INFO             PET0 PIOc_sync Exit - MemInfo: [/proc/self/status]	VmSize:	   71844 kB
20220313 001055.431 INFO             PET0 PIOc_sync Exit - MemInfo: [/proc/self/status]	VmLck:	       0 kB
20220313 001055.431 INFO             PET0 PIOc_sync Exit - MemInfo: [/proc/self/status]	VmPin:	       0 kB
20220313 001055.431 INFO             PET0 PIOc_sync Exit - MemInfo: [/proc/self/status]	VmHWM:	   21928 kB
20220313 001055.431 INFO             PET0 PIOc_sync Exit - MemInfo: [/proc/self/status]	VmRSS:	   21928 kB
20220313 001055.431 INFO             PET0 PIOc_sync Exit - MemInfo: [/proc/self/status]	VmData:	   18912 kB
20220313 001055.431 INFO             PET0 PIOc_sync Exit - MemInfo: [/proc/self/status]	VmStk:	     164 kB
20220313 001055.431 INFO             PET0 PIOc_sync Exit - MemInfo: [/proc/self/status]	VmExe:	   27348 kB
20220313 001055.431 INFO             PET0 PIOc_sync Exit - MemInfo: [/proc/self/status]	VmLib:	    1952 kB
20220313 001055.431 INFO             PET0 PIOc_sync Exit - MemInfo: [/proc/self/status]	VmPTE:	     144 kB
20220313 001055.431 INFO             PET0 PIOc_sync Exit - MemInfo: [/proc/self/status]	VmPMD:	      12 kB
20220313 001055.431 INFO             PET0 PIOc_sync Exit - MemInfo: [/proc/self/status]	VmSwap:	       0 kB
20220313 001055.431 INFO             PET0 PIOc_sync Exit - MemInfo: [/proc/self/status]	VmRSSPercent: 0.033297 %
20220313 001055.431 INFO             PET0 PIOc_sync Exit - MemInfo: [malloc] Non-mmapped space allocated:                 2001216 Byte
20220313 001055.431 INFO             PET0 PIOc_sync Exit - MemInfo: [malloc] Space allocated in mmapped regions:         13025280 Byte
20220313 001055.431 INFO             PET0 PIOc_sync Exit - MemInfo: [malloc] Maximum total allocated space:                     0 Byte
20220313 001055.431 INFO             PET0 PIOc_sync Exit - MemInfo: [malloc] Space in freed fastbin blocks:                    96 Byte
20220313 001055.431 INFO             PET0 PIOc_sync Exit - MemInfo: [malloc] Total allocated space:                       1942784 Byte
20220313 001055.431 INFO             PET0 PIOc_sync Exit - MemInfo: [malloc] Total free space:                              58432 Byte
20220313 001055.431 INFO             PET0 PIOc_sync Exit - MemInfo: [malloc] Top-most, releasable space:                    56000 Byte
20220313 001055.431 INFO             PET0 PIOc_sync Exit - MemInfo: [malloc] Total space in use, mmap + non-mmap:        14968064 Byte
20220313 001055.431 INFO             PET0 PIOc_sync Exit - MemInfo: [malloc] Total space held (mmap + non-mmap):         15026496 Byte
20220313 001055.431 INFO             PET0 PIOc_sync Exit - MemInfo: [malloc] Total space used (mmap + non-mmap):         14976720 Byte
20220313 001055.431 INFO             PET0 PIOc_sync Exit - MemInfo: Wall-clock time since execution start:               0.327264 seconds
20220313 001055.432 INFO             PET0 PIOc_freedecomp Enter - MemInfo: [/proc/meminfo - SSI]	MemTotal:       65855856 kB
20220313 001055.432 INFO             PET0 PIOc_freedecomp Enter - MemInfo: [/proc/meminfo - SSI]	MemFree:        61259988 kB
20220313 001055.432 INFO             PET0 PIOc_freedecomp Enter - MemInfo: [/proc/meminfo - SSI]	MemAvailable:   61022652 kB
20220313 001055.432 INFO             PET0 PIOc_freedecomp Enter - MemInfo: [/proc/meminfo - SSI]	Committed_AS:    2854836 kB
20220313 001055.432 INFO             PET0 PIOc_freedecomp Enter - MemInfo: [/proc/meminfo - SSI]	CommittedPercent: 4.33498 %
20220313 001055.432 INFO             PET0 PIOc_freedecomp Enter - MemInfo: [/proc/self/status]	VmPeak:	   71844 kB
20220313 001055.432 INFO             PET0 PIOc_freedecomp Enter - MemInfo: [/proc/self/status]	VmSize:	   63132 kB
20220313 001055.432 INFO             PET0 PIOc_freedecomp Enter - MemInfo: [/proc/self/status]	VmLck:	       0 kB
20220313 001055.432 INFO             PET0 PIOc_freedecomp Enter - MemInfo: [/proc/self/status]	VmPin:	       0 kB
20220313 001055.432 INFO             PET0 PIOc_freedecomp Enter - MemInfo: [/proc/self/status]	VmHWM:	   21928 kB
20220313 001055.432 INFO             PET0 PIOc_freedecomp Enter - MemInfo: [/proc/self/status]	VmRSS:	   13876 kB
20220313 001055.432 INFO             PET0 PIOc_freedecomp Enter - MemInfo: [/proc/self/status]	VmData:	   10200 kB
20220313 001055.432 INFO             PET0 PIOc_freedecomp Enter - MemInfo: [/proc/self/status]	VmStk:	     164 kB
20220313 001055.432 INFO             PET0 PIOc_freedecomp Enter - MemInfo: [/proc/self/status]	VmExe:	   27348 kB
20220313 001055.432 INFO             PET0 PIOc_freedecomp Enter - MemInfo: [/proc/self/status]	VmLib:	    1952 kB
20220313 001055.432 INFO             PET0 PIOc_freedecomp Enter - MemInfo: [/proc/self/status]	VmPTE:	     132 kB
20220313 001055.432 INFO             PET0 PIOc_freedecomp Enter - MemInfo: [/proc/self/status]	VmPMD:	      12 kB
20220313 001055.432 INFO             PET0 PIOc_freedecomp Enter - MemInfo: [/proc/self/status]	VmSwap:	       0 kB
20220313 001055.432 INFO             PET0 PIOc_freedecomp Enter - MemInfo: [/proc/self/status]	VmRSSPercent: 0.0210703 %
20220313 001055.432 INFO             PET0 PIOc_freedecomp Enter - MemInfo: [malloc] Non-mmapped space allocated:                 2001216 Byte
20220313 001055.432 INFO             PET0 PIOc_freedecomp Enter - MemInfo: [malloc] Space allocated in mmapped regions:          4104192 Byte
20220313 001055.432 INFO             PET0 PIOc_freedecomp Enter - MemInfo: [malloc] Maximum total allocated space:                     0 Byte
20220313 001055.432 INFO             PET0 PIOc_freedecomp Enter - MemInfo: [malloc] Space in freed fastbin blocks:                  1856 Byte
20220313 001055.432 INFO             PET0 PIOc_freedecomp Enter - MemInfo: [malloc] Total allocated space:                       1931152 Byte
20220313 001055.432 INFO             PET0 PIOc_freedecomp Enter - MemInfo: [malloc] Total free space:                              70064 Byte
20220313 001055.432 INFO             PET0 PIOc_freedecomp Enter - MemInfo: [malloc] Top-most, releasable space:                    55776 Byte
20220313 001055.432 INFO             PET0 PIOc_freedecomp Enter - MemInfo: [malloc] Total space in use, mmap + non-mmap:         6035344 Byte
20220313 001055.432 INFO             PET0 PIOc_freedecomp Enter - MemInfo: [malloc] Total space held (mmap + non-mmap):          6105408 Byte
20220313 001055.432 INFO             PET0 PIOc_freedecomp Enter - MemInfo: [malloc] Total space used (mmap + non-mmap):          6043664 Byte
20220313 001055.432 INFO             PET0 PIOc_freedecomp Enter - MemInfo: Wall-clock time since execution start:                0.32812 seconds
20220313 001055.432 INFO             PET0 PIOc_freedecomp Exit - MemInfo: [/proc/meminfo - SSI]	MemTotal:       65855856 kB
20220313 001055.432 INFO             PET0 PIOc_freedecomp Exit - MemInfo: [/proc/meminfo - SSI]	MemFree:        61259988 kB
20220313 001055.432 INFO             PET0 PIOc_freedecomp Exit - MemInfo: [/proc/meminfo - SSI]	MemAvailable:   61022652 kB
20220313 001055.432 INFO             PET0 PIOc_freedecomp Exit - MemInfo: [/proc/meminfo - SSI]	Committed_AS:    2854836 kB
20220313 001055.432 INFO             PET0 PIOc_freedecomp Exit - MemInfo: [/proc/meminfo - SSI]	CommittedPercent: 4.33498 %
20220313 001055.432 INFO             PET0 PIOc_freedecomp Exit - MemInfo: [/proc/self/status]	VmPeak:	   71844 kB
20220313 001055.432 INFO             PET0 PIOc_freedecomp Exit - MemInfo: [/proc/self/status]	VmSize:	   63132 kB
20220313 001055.432 INFO             PET0 PIOc_freedecomp Exit - MemInfo: [/proc/self/status]	VmLck:	       0 kB
20220313 001055.432 INFO             PET0 PIOc_freedecomp Exit - MemInfo: [/proc/self/status]	VmPin:	       0 kB
20220313 001055.432 INFO             PET0 PIOc_freedecomp Exit - MemInfo: [/proc/self/status]	VmHWM:	   21928 kB
20220313 001055.432 INFO             PET0 PIOc_freedecomp Exit - MemInfo: [/proc/self/status]	VmRSS:	   13876 kB
20220313 001055.432 INFO             PET0 PIOc_freedecomp Exit - MemInfo: [/proc/self/status]	VmData:	   10200 kB
20220313 001055.432 INFO             PET0 PIOc_freedecomp Exit - MemInfo: [/proc/self/status]	VmStk:	     164 kB
20220313 001055.432 INFO             PET0 PIOc_freedecomp Exit - MemInfo: [/proc/self/status]	VmExe:	   27348 kB
20220313 001055.432 INFO             PET0 PIOc_freedecomp Exit - MemInfo: [/proc/self/status]	VmLib:	    1952 kB
20220313 001055.432 INFO             PET0 PIOc_freedecomp Exit - MemInfo: [/proc/self/status]	VmPTE:	     132 kB
20220313 001055.432 INFO             PET0 PIOc_freedecomp Exit - MemInfo: [/proc/self/status]	VmPMD:	      12 kB
20220313 001055.432 INFO             PET0 PIOc_freedecomp Exit - MemInfo: [/proc/self/status]	VmSwap:	       0 kB
20220313 001055.432 INFO             PET0 PIOc_freedecomp Exit - MemInfo: [/proc/self/status]	VmRSSPercent: 0.0210703 %
20220313 001055.432 INFO             PET0 PIOc_freedecomp Exit - MemInfo: [malloc] Non-mmapped space allocated:                 2001216 Byte
20220313 001055.432 INFO             PET0 PIOc_freedecomp Exit - MemInfo: [malloc] Space allocated in mmapped regions:          4104192 Byte
20220313 001055.432 INFO             PET0 PIOc_freedecomp Exit - MemInfo: [malloc] Maximum total allocated space:                     0 Byte
20220313 001055.432 INFO             PET0 PIOc_freedecomp Exit - MemInfo: [malloc] Space in freed fastbin blocks:                   864 Byte
20220313 001055.432 INFO             PET0 PIOc_freedecomp Exit - MemInfo: [malloc] Total allocated space:                       1929008 Byte
20220313 001055.432 INFO             PET0 PIOc_freedecomp Exit - MemInfo: [malloc] Total free space:                              72208 Byte
20220313 001055.432 INFO             PET0 PIOc_freedecomp Exit - MemInfo: [malloc] Top-most, releasable space:                    55776 Byte
20220313 001055.432 INFO             PET0 PIOc_freedecomp Exit - MemInfo: [malloc] Total space in use, mmap + non-mmap:         6033200 Byte
20220313 001055.432 INFO             PET0 PIOc_freedecomp Exit - MemInfo: [malloc] Total space held (mmap + non-mmap):          6105408 Byte
20220313 001055.432 INFO             PET0 PIOc_freedecomp Exit - MemInfo: [malloc] Total space used (mmap + non-mmap):          6041984 Byte
20220313 001055.432 INFO             PET0 PIOc_freedecomp Exit - MemInfo: Wall-clock time since execution start:               0.328509 seconds
20220313 001055.432 INFO             PET0 PIOc_freedecomp Enter - MemInfo: [/proc/meminfo - SSI]	MemTotal:       65855856 kB
20220313 001055.432 INFO             PET0 PIOc_freedecomp Enter - MemInfo: [/proc/meminfo - SSI]	MemFree:        61259988 kB
20220313 001055.432 INFO             PET0 PIOc_freedecomp Enter - MemInfo: [/proc/meminfo - SSI]	MemAvailable:   61022652 kB
20220313 001055.432 INFO             PET0 PIOc_freedecomp Enter - MemInfo: [/proc/meminfo - SSI]	Committed_AS:    2854836 kB
20220313 001055.433 INFO             PET0 PIOc_freedecomp Enter - MemInfo: [/proc/meminfo - SSI]	CommittedPercent: 4.33498 %
20220313 001055.433 INFO             PET0 PIOc_freedecomp Enter - MemInfo: [/proc/self/status]	VmPeak:	   71844 kB
20220313 001055.433 INFO             PET0 PIOc_freedecomp Enter - MemInfo: [/proc/self/status]	VmSize:	   63132 kB
20220313 001055.433 INFO             PET0 PIOc_freedecomp Enter - MemInfo: [/proc/self/status]	VmLck:	       0 kB
20220313 001055.433 INFO             PET0 PIOc_freedecomp Enter - MemInfo: [/proc/self/status]	VmPin:	       0 kB
20220313 001055.433 INFO             PET0 PIOc_freedecomp Enter - MemInfo: [/proc/self/status]	VmHWM:	   21928 kB
20220313 001055.433 INFO             PET0 PIOc_freedecomp Enter - MemInfo: [/proc/self/status]	VmRSS:	   13876 kB
20220313 001055.433 INFO             PET0 PIOc_freedecomp Enter - MemInfo: [/proc/self/status]	VmData:	   10200 kB
20220313 001055.433 INFO             PET0 PIOc_freedecomp Enter - MemInfo: [/proc/self/status]	VmStk:	     164 kB
20220313 001055.433 INFO             PET0 PIOc_freedecomp Enter - MemInfo: [/proc/self/status]	VmExe:	   27348 kB
20220313 001055.433 INFO             PET0 PIOc_freedecomp Enter - MemInfo: [/proc/self/status]	VmLib:	    1952 kB
20220313 001055.433 INFO             PET0 PIOc_freedecomp Enter - MemInfo: [/proc/self/status]	VmPTE:	     132 kB
20220313 001055.433 INFO             PET0 PIOc_freedecomp Enter - MemInfo: [/proc/self/status]	VmPMD:	      12 kB
20220313 001055.433 INFO             PET0 PIOc_freedecomp Enter - MemInfo: [/proc/self/status]	VmSwap:	       0 kB
20220313 001055.433 INFO             PET0 PIOc_freedecomp Enter - MemInfo: [/proc/self/status]	VmRSSPercent: 0.0210703 %
20220313 001055.433 INFO             PET0 PIOc_freedecomp Enter - MemInfo: [malloc] Non-mmapped space allocated:                 2001216 Byte
20220313 001055.433 INFO             PET0 PIOc_freedecomp Enter - MemInfo: [malloc] Space allocated in mmapped regions:          4104192 Byte
20220313 001055.433 INFO             PET0 PIOc_freedecomp Enter - MemInfo: [malloc] Maximum total allocated space:                     0 Byte
20220313 001055.433 INFO             PET0 PIOc_freedecomp Enter - MemInfo: [malloc] Space in freed fastbin blocks:                    64 Byte
20220313 001055.433 INFO             PET0 PIOc_freedecomp Enter - MemInfo: [malloc] Total allocated space:                       1929744 Byte
20220313 001055.433 INFO             PET0 PIOc_freedecomp Enter - MemInfo: [malloc] Total free space:                              71472 Byte
20220313 001055.433 INFO             PET0 PIOc_freedecomp Enter - MemInfo: [malloc] Top-most, releasable space:                    55776 Byte
20220313 001055.433 INFO             PET0 PIOc_freedecomp Enter - MemInfo: [malloc] Total space in use, mmap + non-mmap:         6033936 Byte
20220313 001055.433 INFO             PET0 PIOc_freedecomp Enter - MemInfo: [malloc] Total space held (mmap + non-mmap):          6105408 Byte
20220313 001055.433 INFO             PET0 PIOc_freedecomp Enter - MemInfo: [malloc] Total space used (mmap + non-mmap):          6042144 Byte
20220313 001055.433 INFO             PET0 PIOc_freedecomp Enter - MemInfo: Wall-clock time since execution start:               0.329012 seconds
20220313 001055.433 INFO             PET0 PIOc_freedecomp Exit - MemInfo: [/proc/meminfo - SSI]	MemTotal:       65855856 kB
20220313 001055.433 INFO             PET0 PIOc_freedecomp Exit - MemInfo: [/proc/meminfo - SSI]	MemFree:        61259988 kB
20220313 001055.433 INFO             PET0 PIOc_freedecomp Exit - MemInfo: [/proc/meminfo - SSI]	MemAvailable:   61022652 kB
20220313 001055.433 INFO             PET0 PIOc_freedecomp Exit - MemInfo: [/proc/meminfo - SSI]	Committed_AS:    2854836 kB
20220313 001055.433 INFO             PET0 PIOc_freedecomp Exit - MemInfo: [/proc/meminfo - SSI]	CommittedPercent: 4.33498 %
20220313 001055.433 INFO             PET0 PIOc_freedecomp Exit - MemInfo: [/proc/self/status]	VmPeak:	   71844 kB
20220313 001055.433 INFO             PET0 PIOc_freedecomp Exit - MemInfo: [/proc/self/status]	VmSize:	   63132 kB
20220313 001055.433 INFO             PET0 PIOc_freedecomp Exit - MemInfo: [/proc/self/status]	VmLck:	       0 kB
20220313 001055.433 INFO             PET0 PIOc_freedecomp Exit - MemInfo: [/proc/self/status]	VmPin:	       0 kB
20220313 001055.433 INFO             PET0 PIOc_freedecomp Exit - MemInfo: [/proc/self/status]	VmHWM:	   21928 kB
20220313 001055.433 INFO             PET0 PIOc_freedecomp Exit - MemInfo: [/proc/self/status]	VmRSS:	   13876 kB
20220313 001055.433 INFO             PET0 PIOc_freedecomp Exit - MemInfo: [/proc/self/status]	VmData:	   10200 kB
20220313 001055.433 INFO             PET0 PIOc_freedecomp Exit - MemInfo: [/proc/self/status]	VmStk:	     164 kB
20220313 001055.433 INFO             PET0 PIOc_freedecomp Exit - MemInfo: [/proc/self/status]	VmExe:	   27348 kB
20220313 001055.433 INFO             PET0 PIOc_freedecomp Exit - MemInfo: [/proc/self/status]	VmLib:	    1952 kB
20220313 001055.433 INFO             PET0 PIOc_freedecomp Exit - MemInfo: [/proc/self/status]	VmPTE:	     132 kB
20220313 001055.433 INFO             PET0 PIOc_freedecomp Exit - MemInfo: [/proc/self/status]	VmPMD:	      12 kB
20220313 001055.433 INFO             PET0 PIOc_freedecomp Exit - MemInfo: [/proc/self/status]	VmSwap:	       0 kB
20220313 001055.433 INFO             PET0 PIOc_freedecomp Exit - MemInfo: [/proc/self/status]	VmRSSPercent: 0.0210703 %
20220313 001055.433 INFO             PET0 PIOc_freedecomp Exit - MemInfo: [malloc] Non-mmapped space allocated:                 2001216 Byte
20220313 001055.433 INFO             PET0 PIOc_freedecomp Exit - MemInfo: [malloc] Space allocated in mmapped regions:          4104192 Byte
20220313 001055.433 INFO             PET0 PIOc_freedecomp Exit - MemInfo: [malloc] Maximum total allocated space:                     0 Byte
20220313 001055.433 INFO             PET0 PIOc_freedecomp Exit - MemInfo: [malloc] Space in freed fastbin blocks:                   496 Byte
20220313 001055.433 INFO             PET0 PIOc_freedecomp Exit - MemInfo: [malloc] Total allocated space:                       1927856 Byte
20220313 001055.433 INFO             PET0 PIOc_freedecomp Exit - MemInfo: [malloc] Total free space:                              73360 Byte
20220313 001055.433 INFO             PET0 PIOc_freedecomp Exit - MemInfo: [malloc] Top-most, releasable space:                    55776 Byte
20220313 001055.433 INFO             PET0 PIOc_freedecomp Exit - MemInfo: [malloc] Total space in use, mmap + non-mmap:         6032048 Byte
20220313 001055.433 INFO             PET0 PIOc_freedecomp Exit - MemInfo: [malloc] Total space held (mmap + non-mmap):          6105408 Byte
20220313 001055.433 INFO             PET0 PIOc_freedecomp Exit - MemInfo: [malloc] Total space used (mmap + non-mmap):          6040256 Byte
20220313 001055.433 INFO             PET0 PIOc_freedecomp Exit - MemInfo: Wall-clock time since execution start:               0.329394 seconds
20220313 001055.433 INFO             PET0 PIOc_freedecomp Enter - MemInfo: [/proc/meminfo - SSI]	MemTotal:       65855856 kB
20220313 001055.433 INFO             PET0 PIOc_freedecomp Enter - MemInfo: [/proc/meminfo - SSI]	MemFree:        61259988 kB
20220313 001055.433 INFO             PET0 PIOc_freedecomp Enter - MemInfo: [/proc/meminfo - SSI]	MemAvailable:   61022652 kB
20220313 001055.433 INFO             PET0 PIOc_freedecomp Enter - MemInfo: [/proc/meminfo - SSI]	Committed_AS:    2854836 kB
20220313 001055.433 INFO             PET0 PIOc_freedecomp Enter - MemInfo: [/proc/meminfo - SSI]	CommittedPercent: 4.33498 %
20220313 001055.433 INFO             PET0 PIOc_freedecomp Enter - MemInfo: [/proc/self/status]	VmPeak:	   71844 kB
20220313 001055.433 INFO             PET0 PIOc_freedecomp Enter - MemInfo: [/proc/self/status]	VmSize:	   63132 kB
20220313 001055.433 INFO             PET0 PIOc_freedecomp Enter - MemInfo: [/proc/self/status]	VmLck:	       0 kB
20220313 001055.433 INFO             PET0 PIOc_freedecomp Enter - MemInfo: [/proc/self/status]	VmPin:	       0 kB
20220313 001055.433 INFO             PET0 PIOc_freedecomp Enter - MemInfo: [/proc/self/status]	VmHWM:	   21928 kB
20220313 001055.433 INFO             PET0 PIOc_freedecomp Enter - MemInfo: [/proc/self/status]	VmRSS:	   13876 kB
20220313 001055.433 INFO             PET0 PIOc_freedecomp Enter - MemInfo: [/proc/self/status]	VmData:	   10200 kB
20220313 001055.433 INFO             PET0 PIOc_freedecomp Enter - MemInfo: [/proc/self/status]	VmStk:	     164 kB
20220313 001055.433 INFO             PET0 PIOc_freedecomp Enter - MemInfo: [/proc/self/status]	VmExe:	   27348 kB
20220313 001055.433 INFO             PET0 PIOc_freedecomp Enter - MemInfo: [/proc/self/status]	VmLib:	    1952 kB
20220313 001055.433 INFO             PET0 PIOc_freedecomp Enter - MemInfo: [/proc/self/status]	VmPTE:	     132 kB
20220313 001055.433 INFO             PET0 PIOc_freedecomp Enter - MemInfo: [/proc/self/status]	VmPMD:	      12 kB
20220313 001055.434 INFO             PET0 PIOc_freedecomp Enter - MemInfo: [/proc/self/status]	VmSwap:	       0 kB
20220313 001055.434 INFO             PET0 PIOc_freedecomp Enter - MemInfo: [/proc/self/status]	VmRSSPercent: 0.0210703 %
20220313 001055.434 INFO             PET0 PIOc_freedecomp Enter - MemInfo: [malloc] Non-mmapped space allocated:                 2001216 Byte
20220313 001055.434 INFO             PET0 PIOc_freedecomp Enter - MemInfo: [malloc] Space allocated in mmapped regions:          4104192 Byte
20220313 001055.434 INFO             PET0 PIOc_freedecomp Enter - MemInfo: [malloc] Maximum total allocated space:                     0 Byte
20220313 001055.434 INFO             PET0 PIOc_freedecomp Enter - MemInfo: [malloc] Space in freed fastbin blocks:                   128 Byte
20220313 001055.434 INFO             PET0 PIOc_freedecomp Enter - MemInfo: [malloc] Total allocated space:                       1927952 Byte
20220313 001055.434 INFO             PET0 PIOc_freedecomp Enter - MemInfo: [malloc] Total free space:                              73264 Byte
20220313 001055.434 INFO             PET0 PIOc_freedecomp Enter - MemInfo: [malloc] Top-most, releasable space:                    55776 Byte
20220313 001055.434 INFO             PET0 PIOc_freedecomp Enter - MemInfo: [malloc] Total space in use, mmap + non-mmap:         6032144 Byte
20220313 001055.434 INFO             PET0 PIOc_freedecomp Enter - MemInfo: [malloc] Total space held (mmap + non-mmap):          6105408 Byte
20220313 001055.434 INFO             PET0 PIOc_freedecomp Enter - MemInfo: [malloc] Total space used (mmap + non-mmap):          6040352 Byte
20220313 001055.434 INFO             PET0 PIOc_freedecomp Enter - MemInfo: Wall-clock time since execution start:               0.329771 seconds
20220313 001055.434 INFO             PET0 PIOc_freedecomp Exit - MemInfo: [/proc/meminfo - SSI]	MemTotal:       65855856 kB
20220313 001055.434 INFO             PET0 PIOc_freedecomp Exit - MemInfo: [/proc/meminfo - SSI]	MemFree:        61259988 kB
20220313 001055.434 INFO             PET0 PIOc_freedecomp Exit - MemInfo: [/proc/meminfo - SSI]	MemAvailable:   61022652 kB
20220313 001055.434 INFO             PET0 PIOc_freedecomp Exit - MemInfo: [/proc/meminfo - SSI]	Committed_AS:    2854836 kB
20220313 001055.434 INFO             PET0 PIOc_freedecomp Exit - MemInfo: [/proc/meminfo - SSI]	CommittedPercent: 4.33498 %
20220313 001055.434 INFO             PET0 PIOc_freedecomp Exit - MemInfo: [/proc/self/status]	VmPeak:	   71844 kB
20220313 001055.434 INFO             PET0 PIOc_freedecomp Exit - MemInfo: [/proc/self/status]	VmSize:	   63132 kB
20220313 001055.434 INFO             PET0 PIOc_freedecomp Exit - MemInfo: [/proc/self/status]	VmLck:	       0 kB
20220313 001055.434 INFO             PET0 PIOc_freedecomp Exit - MemInfo: [/proc/self/status]	VmPin:	       0 kB
20220313 001055.434 INFO             PET0 PIOc_freedecomp Exit - MemInfo: [/proc/self/status]	VmHWM:	   21928 kB
20220313 001055.434 INFO             PET0 PIOc_freedecomp Exit - MemInfo: [/proc/self/status]	VmRSS:	   13876 kB
20220313 001055.434 INFO             PET0 PIOc_freedecomp Exit - MemInfo: [/proc/self/status]	VmData:	   10200 kB
20220313 001055.434 INFO             PET0 PIOc_freedecomp Exit - MemInfo: [/proc/self/status]	VmStk:	     164 kB
20220313 001055.434 INFO             PET0 PIOc_freedecomp Exit - MemInfo: [/proc/self/status]	VmExe:	   27348 kB
20220313 001055.434 INFO             PET0 PIOc_freedecomp Exit - MemInfo: [/proc/self/status]	VmLib:	    1952 kB
20220313 001055.434 INFO             PET0 PIOc_freedecomp Exit - MemInfo: [/proc/self/status]	VmPTE:	     132 kB
20220313 001055.434 INFO             PET0 PIOc_freedecomp Exit - MemInfo: [/proc/self/status]	VmPMD:	      12 kB
20220313 001055.434 INFO             PET0 PIOc_freedecomp Exit - MemInfo: [/proc/self/status]	VmSwap:	       0 kB
20220313 001055.434 INFO             PET0 PIOc_freedecomp Exit - MemInfo: [/proc/self/status]	VmRSSPercent: 0.0210703 %
20220313 001055.434 INFO             PET0 PIOc_freedecomp Exit - MemInfo: [malloc] Non-mmapped space allocated:                 2001216 Byte
20220313 001055.434 INFO             PET0 PIOc_freedecomp Exit - MemInfo: [malloc] Space allocated in mmapped regions:          4104192 Byte
20220313 001055.434 INFO             PET0 PIOc_freedecomp Exit - MemInfo: [malloc] Maximum total allocated space:                     0 Byte
20220313 001055.434 INFO             PET0 PIOc_freedecomp Exit - MemInfo: [malloc] Space in freed fastbin blocks:                   992 Byte
20220313 001055.434 INFO             PET0 PIOc_freedecomp Exit - MemInfo: [malloc] Total allocated space:                       1923968 Byte
20220313 001055.434 INFO             PET0 PIOc_freedecomp Exit - MemInfo: [malloc] Total free space:                              77248 Byte
20220313 001055.434 INFO             PET0 PIOc_freedecomp Exit - MemInfo: [malloc] Top-most, releasable space:                    55776 Byte
20220313 001055.434 INFO             PET0 PIOc_freedecomp Exit - MemInfo: [malloc] Total space in use, mmap + non-mmap:         6028160 Byte
20220313 001055.434 INFO             PET0 PIOc_freedecomp Exit - MemInfo: [malloc] Total space held (mmap + non-mmap):          6105408 Byte
20220313 001055.434 INFO             PET0 PIOc_freedecomp Exit - MemInfo: [malloc] Total space used (mmap + non-mmap):          6036368 Byte
20220313 001055.434 INFO             PET0 PIOc_freedecomp Exit - MemInfo: Wall-clock time since execution start:               0.330168 seconds
20220313 001055.434 INFO             PET0  PASS  Writing a FieldBundle to a single file Test, ESMF_FieldBundleIOUTest.F90, line 355
20220313 001055.461 INFO             PET0 PIOc_sync Enter - MemInfo: [/proc/meminfo - SSI]	MemTotal:       65855856 kB
20220313 001055.461 INFO             PET0 PIOc_sync Enter - MemInfo: [/proc/meminfo - SSI]	MemFree:        61252964 kB
20220313 001055.461 INFO             PET0 PIOc_sync Enter - MemInfo: [/proc/meminfo - SSI]	MemAvailable:   61016104 kB
20220313 001055.461 INFO             PET0 PIOc_sync Enter - MemInfo: [/proc/meminfo - SSI]	Committed_AS:    2863100 kB
20220313 001055.461 INFO             PET0 PIOc_sync Enter - MemInfo: [/proc/meminfo - SSI]	CommittedPercent: 4.34753 %
20220313 001055.461 INFO             PET0 PIOc_sync Enter - MemInfo: [/proc/self/status]	VmPeak:	   71912 kB
20220313 001055.461 INFO             PET0 PIOc_sync Enter - MemInfo: [/proc/self/status]	VmSize:	   71912 kB
20220313 001055.461 INFO             PET0 PIOc_sync Enter - MemInfo: [/proc/self/status]	VmLck:	       0 kB
20220313 001055.461 INFO             PET0 PIOc_sync Enter - MemInfo: [/proc/self/status]	VmPin:	       0 kB
20220313 001055.461 INFO             PET0 PIOc_sync Enter - MemInfo: [/proc/self/status]	VmHWM:	   22020 kB
20220313 001055.461 INFO             PET0 PIOc_sync Enter - MemInfo: [/proc/self/status]	VmRSS:	   22020 kB
20220313 001055.461 INFO             PET0 PIOc_sync Enter - MemInfo: [/proc/self/status]	VmData:	   18980 kB
20220313 001055.461 INFO             PET0 PIOc_sync Enter - MemInfo: [/proc/self/status]	VmStk:	     164 kB
20220313 001055.461 INFO             PET0 PIOc_sync Enter - MemInfo: [/proc/self/status]	VmExe:	   27348 kB
20220313 001055.461 INFO             PET0 PIOc_sync Enter - MemInfo: [/proc/self/status]	VmLib:	    1952 kB
20220313 001055.461 INFO             PET0 PIOc_sync Enter - MemInfo: [/proc/self/status]	VmPTE:	     152 kB
20220313 001055.461 INFO             PET0 PIOc_sync Enter - MemInfo: [/proc/self/status]	VmPMD:	      12 kB
20220313 001055.461 INFO             PET0 PIOc_sync Enter - MemInfo: [/proc/self/status]	VmSwap:	       0 kB
20220313 001055.461 INFO             PET0 PIOc_sync Enter - MemInfo: [/proc/self/status]	VmRSSPercent: 0.0334367 %
20220313 001055.461 INFO             PET0 PIOc_sync Enter - MemInfo: [malloc] Non-mmapped space allocated:                10991936 Byte
20220313 001055.461 INFO             PET0 PIOc_sync Enter - MemInfo: [malloc] Space allocated in mmapped regions:          4104192 Byte
20220313 001055.461 INFO             PET0 PIOc_sync Enter - MemInfo: [malloc] Maximum total allocated space:                     0 Byte
20220313 001055.461 INFO             PET0 PIOc_sync Enter - MemInfo: [malloc] Space in freed fastbin blocks:                   496 Byte
20220313 001055.461 INFO             PET0 PIOc_sync Enter - MemInfo: [malloc] Total allocated space:                      10861808 Byte
20220313 001055.461 INFO             PET0 PIOc_sync Enter - MemInfo: [malloc] Total free space:                             130128 Byte
20220313 001055.461 INFO             PET0 PIOc_sync Enter - MemInfo: [malloc] Top-most, releasable space:                   128320 Byte
20220313 001055.461 INFO             PET0 PIOc_sync Enter - MemInfo: [malloc] Total space in use, mmap + non-mmap:        14966000 Byte
20220313 001055.461 INFO             PET0 PIOc_sync Enter - MemInfo: [malloc] Total space held (mmap + non-mmap):         15096128 Byte
20220313 001055.461 INFO             PET0 PIOc_sync Enter - MemInfo: [malloc] Total space used (mmap + non-mmap):         14974544 Byte
20220313 001055.461 INFO             PET0 PIOc_sync Enter - MemInfo: Wall-clock time since execution start:               0.357255 seconds
20220313 001055.461 INFO             PET0 PIOc_sync Exit - MemInfo: [/proc/meminfo - SSI]	MemTotal:       65855856 kB
20220313 001055.461 INFO             PET0 PIOc_sync Exit - MemInfo: [/proc/meminfo - SSI]	MemFree:        61252964 kB
20220313 001055.461 INFO             PET0 PIOc_sync Exit - MemInfo: [/proc/meminfo - SSI]	MemAvailable:   61016104 kB
20220313 001055.461 INFO             PET0 PIOc_sync Exit - MemInfo: [/proc/meminfo - SSI]	Committed_AS:    2863100 kB
20220313 001055.461 INFO             PET0 PIOc_sync Exit - MemInfo: [/proc/meminfo - SSI]	CommittedPercent: 4.34753 %
20220313 001055.461 INFO             PET0 PIOc_sync Exit - MemInfo: [/proc/self/status]	VmPeak:	   71912 kB
20220313 001055.461 INFO             PET0 PIOc_sync Exit - MemInfo: [/proc/self/status]	VmSize:	   71912 kB
20220313 001055.461 INFO             PET0 PIOc_sync Exit - MemInfo: [/proc/self/status]	VmLck:	       0 kB
20220313 001055.461 INFO             PET0 PIOc_sync Exit - MemInfo: [/proc/self/status]	VmPin:	       0 kB
20220313 001055.461 INFO             PET0 PIOc_sync Exit - MemInfo: [/proc/self/status]	VmHWM:	   22020 kB
20220313 001055.461 INFO             PET0 PIOc_sync Exit - MemInfo: [/proc/self/status]	VmRSS:	   22020 kB
20220313 001055.461 INFO             PET0 PIOc_sync Exit - MemInfo: [/proc/self/status]	VmData:	   18980 kB
20220313 001055.461 INFO             PET0 PIOc_sync Exit - MemInfo: [/proc/self/status]	VmStk:	     164 kB
20220313 001055.461 INFO             PET0 PIOc_sync Exit - MemInfo: [/proc/self/status]	VmExe:	   27348 kB
20220313 001055.462 INFO             PET0 PIOc_sync Exit - MemInfo: [/proc/self/status]	VmLib:	    1952 kB
20220313 001055.462 INFO             PET0 PIOc_sync Exit - MemInfo: [/proc/self/status]	VmPTE:	     156 kB
20220313 001055.462 INFO             PET0 PIOc_sync Exit - MemInfo: [/proc/self/status]	VmPMD:	      12 kB
20220313 001055.462 INFO             PET0 PIOc_sync Exit - MemInfo: [/proc/self/status]	VmSwap:	       0 kB
20220313 001055.462 INFO             PET0 PIOc_sync Exit - MemInfo: [/proc/self/status]	VmRSSPercent: 0.0334367 %
20220313 001055.462 INFO             PET0 PIOc_sync Exit - MemInfo: [malloc] Non-mmapped space allocated:                10991936 Byte
20220313 001055.462 INFO             PET0 PIOc_sync Exit - MemInfo: [malloc] Space allocated in mmapped regions:          4104192 Byte
20220313 001055.462 INFO             PET0 PIOc_sync Exit - MemInfo: [malloc] Maximum total allocated space:                     0 Byte
20220313 001055.462 INFO             PET0 PIOc_sync Exit - MemInfo: [malloc] Space in freed fastbin blocks:                   240 Byte
20220313 001055.462 INFO             PET0 PIOc_sync Exit - MemInfo: [malloc] Total allocated space:                      10864592 Byte
20220313 001055.462 INFO             PET0 PIOc_sync Exit - MemInfo: [malloc] Total free space:                             127344 Byte
20220313 001055.462 INFO             PET0 PIOc_sync Exit - MemInfo: [malloc] Top-most, releasable space:                   123984 Byte
20220313 001055.462 INFO             PET0 PIOc_sync Exit - MemInfo: [malloc] Total space in use, mmap + non-mmap:        14968784 Byte
20220313 001055.462 INFO             PET0 PIOc_sync Exit - MemInfo: [malloc] Total space held (mmap + non-mmap):         15096128 Byte
20220313 001055.462 INFO             PET0 PIOc_sync Exit - MemInfo: [malloc] Total space used (mmap + non-mmap):         14977104 Byte
20220313 001055.462 INFO             PET0 PIOc_sync Exit - MemInfo: Wall-clock time since execution start:               0.357815 seconds
20220313 001055.462 INFO             PET0 PIOc_freedecomp Enter - MemInfo: [/proc/meminfo - SSI]	MemTotal:       65855856 kB
20220313 001055.462 INFO             PET0 PIOc_freedecomp Enter - MemInfo: [/proc/meminfo - SSI]	MemFree:        61252964 kB
20220313 001055.462 INFO             PET0 PIOc_freedecomp Enter - MemInfo: [/proc/meminfo - SSI]	MemAvailable:   61016104 kB
20220313 001055.462 INFO             PET0 PIOc_freedecomp Enter - MemInfo: [/proc/meminfo - SSI]	Committed_AS:    2863100 kB
20220313 001055.462 INFO             PET0 PIOc_freedecomp Enter - MemInfo: [/proc/meminfo - SSI]	CommittedPercent: 4.34753 %
20220313 001055.462 INFO             PET0 PIOc_freedecomp Enter - MemInfo: [/proc/self/status]	VmPeak:	   71912 kB
20220313 001055.462 INFO             PET0 PIOc_freedecomp Enter - MemInfo: [/proc/self/status]	VmSize:	   71912 kB
20220313 001055.462 INFO             PET0 PIOc_freedecomp Enter - MemInfo: [/proc/self/status]	VmLck:	       0 kB
20220313 001055.462 INFO             PET0 PIOc_freedecomp Enter - MemInfo: [/proc/self/status]	VmPin:	       0 kB
20220313 001055.462 INFO             PET0 PIOc_freedecomp Enter - MemInfo: [/proc/self/status]	VmHWM:	   22020 kB
20220313 001055.462 INFO             PET0 PIOc_freedecomp Enter - MemInfo: [/proc/self/status]	VmRSS:	   22020 kB
20220313 001055.462 INFO             PET0 PIOc_freedecomp Enter - MemInfo: [/proc/self/status]	VmData:	   18980 kB
20220313 001055.462 INFO             PET0 PIOc_freedecomp Enter - MemInfo: [/proc/self/status]	VmStk:	     164 kB
20220313 001055.462 INFO             PET0 PIOc_freedecomp Enter - MemInfo: [/proc/self/status]	VmExe:	   27348 kB
20220313 001055.462 INFO             PET0 PIOc_freedecomp Enter - MemInfo: [/proc/self/status]	VmLib:	    1952 kB
20220313 001055.462 INFO             PET0 PIOc_freedecomp Enter - MemInfo: [/proc/self/status]	VmPTE:	     156 kB
20220313 001055.462 INFO             PET0 PIOc_freedecomp Enter - MemInfo: [/proc/self/status]	VmPMD:	      12 kB
20220313 001055.462 INFO             PET0 PIOc_freedecomp Enter - MemInfo: [/proc/self/status]	VmSwap:	       0 kB
20220313 001055.462 INFO             PET0 PIOc_freedecomp Enter - MemInfo: [/proc/self/status]	VmRSSPercent: 0.0334367 %
20220313 001055.462 INFO             PET0 PIOc_freedecomp Enter - MemInfo: [malloc] Non-mmapped space allocated:                10991936 Byte
20220313 001055.462 INFO             PET0 PIOc_freedecomp Enter - MemInfo: [malloc] Space allocated in mmapped regions:          4104192 Byte
20220313 001055.462 INFO             PET0 PIOc_freedecomp Enter - MemInfo: [malloc] Maximum total allocated space:                     0 Byte
20220313 001055.462 INFO             PET0 PIOc_freedecomp Enter - MemInfo: [malloc] Space in freed fastbin blocks:                   208 Byte
20220313 001055.462 INFO             PET0 PIOc_freedecomp Enter - MemInfo: [malloc] Total allocated space:                       1938272 Byte
20220313 001055.462 INFO             PET0 PIOc_freedecomp Enter - MemInfo: [malloc] Total free space:                            9053664 Byte
20220313 001055.462 INFO             PET0 PIOc_freedecomp Enter - MemInfo: [malloc] Top-most, releasable space:                   123760 Byte
20220313 001055.462 INFO             PET0 PIOc_freedecomp Enter - MemInfo: [malloc] Total space in use, mmap + non-mmap:         6042464 Byte
20220313 001055.462 INFO             PET0 PIOc_freedecomp Enter - MemInfo: [malloc] Total space held (mmap + non-mmap):         15096128 Byte
20220313 001055.462 INFO             PET0 PIOc_freedecomp Enter - MemInfo: [malloc] Total space used (mmap + non-mmap):          6050672 Byte
20220313 001055.462 INFO             PET0 PIOc_freedecomp Enter - MemInfo: Wall-clock time since execution start:               0.358468 seconds
20220313 001055.462 INFO             PET0 PIOc_freedecomp Exit - MemInfo: [/proc/meminfo - SSI]	MemTotal:       65855856 kB
20220313 001055.462 INFO             PET0 PIOc_freedecomp Exit - MemInfo: [/proc/meminfo - SSI]	MemFree:        61252964 kB
20220313 001055.462 INFO             PET0 PIOc_freedecomp Exit - MemInfo: [/proc/meminfo - SSI]	MemAvailable:   61016104 kB
20220313 001055.462 INFO             PET0 PIOc_freedecomp Exit - MemInfo: [/proc/meminfo - SSI]	Committed_AS:    2863100 kB
20220313 001055.462 INFO             PET0 PIOc_freedecomp Exit - MemInfo: [/proc/meminfo - SSI]	CommittedPercent: 4.34753 %
20220313 001055.462 INFO             PET0 PIOc_freedecomp Exit - MemInfo: [/proc/self/status]	VmPeak:	   71912 kB
20220313 001055.462 INFO             PET0 PIOc_freedecomp Exit - MemInfo: [/proc/self/status]	VmSize:	   71912 kB
20220313 001055.462 INFO             PET0 PIOc_freedecomp Exit - MemInfo: [/proc/self/status]	VmLck:	       0 kB
20220313 001055.462 INFO             PET0 PIOc_freedecomp Exit - MemInfo: [/proc/self/status]	VmPin:	       0 kB
20220313 001055.463 INFO             PET0 PIOc_freedecomp Exit - MemInfo: [/proc/self/status]	VmHWM:	   22020 kB
20220313 001055.463 INFO             PET0 PIOc_freedecomp Exit - MemInfo: [/proc/self/status]	VmRSS:	   22020 kB
20220313 001055.463 INFO             PET0 PIOc_freedecomp Exit - MemInfo: [/proc/self/status]	VmData:	   18980 kB
20220313 001055.463 INFO             PET0 PIOc_freedecomp Exit - MemInfo: [/proc/self/status]	VmStk:	     164 kB
20220313 001055.463 INFO             PET0 PIOc_freedecomp Exit - MemInfo: [/proc/self/status]	VmExe:	   27348 kB
20220313 001055.463 INFO             PET0 PIOc_freedecomp Exit - MemInfo: [/proc/self/status]	VmLib:	    1952 kB
20220313 001055.463 INFO             PET0 PIOc_freedecomp Exit - MemInfo: [/proc/self/status]	VmPTE:	     156 kB
20220313 001055.463 INFO             PET0 PIOc_freedecomp Exit - MemInfo: [/proc/self/status]	VmPMD:	      12 kB
20220313 001055.463 INFO             PET0 PIOc_freedecomp Exit - MemInfo: [/proc/self/status]	VmSwap:	       0 kB
20220313 001055.463 INFO             PET0 PIOc_freedecomp Exit - MemInfo: [/proc/self/status]	VmRSSPercent: 0.0334367 %
20220313 001055.463 INFO             PET0 PIOc_freedecomp Exit - MemInfo: [malloc] Non-mmapped space allocated:                10991936 Byte
20220313 001055.463 INFO             PET0 PIOc_freedecomp Exit - MemInfo: [malloc] Space allocated in mmapped regions:          4104192 Byte
20220313 001055.463 INFO             PET0 PIOc_freedecomp Exit - MemInfo: [malloc] Maximum total allocated space:                     0 Byte
20220313 001055.463 INFO             PET0 PIOc_freedecomp Exit - MemInfo: [malloc] Space in freed fastbin blocks:                   448 Byte
20220313 001055.463 INFO             PET0 PIOc_freedecomp Exit - MemInfo: [malloc] Total allocated space:                       1935344 Byte
20220313 001055.463 INFO             PET0 PIOc_freedecomp Exit - MemInfo: [malloc] Total free space:                            9056592 Byte
20220313 001055.463 INFO             PET0 PIOc_freedecomp Exit - MemInfo: [malloc] Top-most, releasable space:                   124384 Byte
20220313 001055.463 INFO             PET0 PIOc_freedecomp Exit - MemInfo: [malloc] Total space in use, mmap + non-mmap:         6039536 Byte
20220313 001055.463 INFO             PET0 PIOc_freedecomp Exit - MemInfo: [malloc] Total space held (mmap + non-mmap):         15096128 Byte
20220313 001055.463 INFO             PET0 PIOc_freedecomp Exit - MemInfo: [malloc] Total space used (mmap + non-mmap):          6047744 Byte
20220313 001055.463 INFO             PET0 PIOc_freedecomp Exit - MemInfo: Wall-clock time since execution start:                0.35883 seconds
20220313 001055.463 INFO             PET0 PIOc_freedecomp Enter - MemInfo: [/proc/meminfo - SSI]	MemTotal:       65855856 kB
20220313 001055.463 INFO             PET0 PIOc_freedecomp Enter - MemInfo: [/proc/meminfo - SSI]	MemFree:        61252964 kB
20220313 001055.463 INFO             PET0 PIOc_freedecomp Enter - MemInfo: [/proc/meminfo - SSI]	MemAvailable:   61016104 kB
20220313 001055.463 INFO             PET0 PIOc_freedecomp Enter - MemInfo: [/proc/meminfo - SSI]	Committed_AS:    2863100 kB
20220313 001055.463 INFO             PET0 PIOc_freedecomp Enter - MemInfo: [/proc/meminfo - SSI]	CommittedPercent: 4.34753 %
20220313 001055.463 INFO             PET0 PIOc_freedecomp Enter - MemInfo: [/proc/self/status]	VmPeak:	   71912 kB
20220313 001055.463 INFO             PET0 PIOc_freedecomp Enter - MemInfo: [/proc/self/status]	VmSize:	   71912 kB
20220313 001055.463 INFO             PET0 PIOc_freedecomp Enter - MemInfo: [/proc/self/status]	VmLck:	       0 kB
20220313 001055.463 INFO             PET0 PIOc_freedecomp Enter - MemInfo: [/proc/self/status]	VmPin:	       0 kB
20220313 001055.463 INFO             PET0 PIOc_freedecomp Enter - MemInfo: [/proc/self/status]	VmHWM:	   22020 kB
20220313 001055.463 INFO             PET0 PIOc_freedecomp Enter - MemInfo: [/proc/self/status]	VmRSS:	   22020 kB
20220313 001055.463 INFO             PET0 PIOc_freedecomp Enter - MemInfo: [/proc/self/status]	VmData:	   18980 kB
20220313 001055.463 INFO             PET0 PIOc_freedecomp Enter - MemInfo: [/proc/self/status]	VmStk:	     164 kB
20220313 001055.463 INFO             PET0 PIOc_freedecomp Enter - MemInfo: [/proc/self/status]	VmExe:	   27348 kB
20220313 001055.463 INFO             PET0 PIOc_freedecomp Enter - MemInfo: [/proc/self/status]	VmLib:	    1952 kB
20220313 001055.463 INFO             PET0 PIOc_freedecomp Enter - MemInfo: [/proc/self/status]	VmPTE:	     156 kB
20220313 001055.463 INFO             PET0 PIOc_freedecomp Enter - MemInfo: [/proc/self/status]	VmPMD:	      12 kB
20220313 001055.463 INFO             PET0 PIOc_freedecomp Enter - MemInfo: [/proc/self/status]	VmSwap:	       0 kB
20220313 001055.463 INFO             PET0 PIOc_freedecomp Enter - MemInfo: [/proc/self/status]	VmRSSPercent: 0.0334367 %
20220313 001055.463 INFO             PET0 PIOc_freedecomp Enter - MemInfo: [malloc] Non-mmapped space allocated:                10991936 Byte
20220313 001055.463 INFO             PET0 PIOc_freedecomp Enter - MemInfo: [malloc] Space allocated in mmapped regions:          4104192 Byte
20220313 001055.463 INFO             PET0 PIOc_freedecomp Enter - MemInfo: [malloc] Maximum total allocated space:                     0 Byte
20220313 001055.463 INFO             PET0 PIOc_freedecomp Enter - MemInfo: [malloc] Space in freed fastbin blocks:                   128 Byte
20220313 001055.463 INFO             PET0 PIOc_freedecomp Enter - MemInfo: [malloc] Total allocated space:                       1935216 Byte
20220313 001055.463 INFO             PET0 PIOc_freedecomp Enter - MemInfo: [malloc] Total free space:                            9056720 Byte
20220313 001055.463 INFO             PET0 PIOc_freedecomp Enter - MemInfo: [malloc] Top-most, releasable space:                   124384 Byte
20220313 001055.463 INFO             PET0 PIOc_freedecomp Enter - MemInfo: [malloc] Total space in use, mmap + non-mmap:         6039408 Byte
20220313 001055.463 INFO             PET0 PIOc_freedecomp Enter - MemInfo: [malloc] Total space held (mmap + non-mmap):         15096128 Byte
20220313 001055.463 INFO             PET0 PIOc_freedecomp Enter - MemInfo: [malloc] Total space used (mmap + non-mmap):          6047616 Byte
20220313 001055.463 INFO             PET0 PIOc_freedecomp Enter - MemInfo: Wall-clock time since execution start:               0.359212 seconds
20220313 001055.463 INFO             PET0 PIOc_freedecomp Exit - MemInfo: [/proc/meminfo - SSI]	MemTotal:       65855856 kB
20220313 001055.463 INFO             PET0 PIOc_freedecomp Exit - MemInfo: [/proc/meminfo - SSI]	MemFree:        61252964 kB
20220313 001055.463 INFO             PET0 PIOc_freedecomp Exit - MemInfo: [/proc/meminfo - SSI]	MemAvailable:   61016104 kB
20220313 001055.463 INFO             PET0 PIOc_freedecomp Exit - MemInfo: [/proc/meminfo - SSI]	Committed_AS:    2863100 kB
20220313 001055.463 INFO             PET0 PIOc_freedecomp Exit - MemInfo: [/proc/meminfo - SSI]	CommittedPercent: 4.34753 %
20220313 001055.463 INFO             PET0 PIOc_freedecomp Exit - MemInfo: [/proc/self/status]	VmPeak:	   71912 kB
20220313 001055.463 INFO             PET0 PIOc_freedecomp Exit - MemInfo: [/proc/self/status]	VmSize:	   71912 kB
20220313 001055.463 INFO             PET0 PIOc_freedecomp Exit - MemInfo: [/proc/self/status]	VmLck:	       0 kB
20220313 001055.463 INFO             PET0 PIOc_freedecomp Exit - MemInfo: [/proc/self/status]	VmPin:	       0 kB
20220313 001055.463 INFO             PET0 PIOc_freedecomp Exit - MemInfo: [/proc/self/status]	VmHWM:	   22020 kB
20220313 001055.463 INFO             PET0 PIOc_freedecomp Exit - MemInfo: [/proc/self/status]	VmRSS:	   22020 kB
20220313 001055.463 INFO             PET0 PIOc_freedecomp Exit - MemInfo: [/proc/self/status]	VmData:	   18980 kB
20220313 001055.463 INFO             PET0 PIOc_freedecomp Exit - MemInfo: [/proc/self/status]	VmStk:	     164 kB
20220313 001055.463 INFO             PET0 PIOc_freedecomp Exit - MemInfo: [/proc/self/status]	VmExe:	   27348 kB
20220313 001055.463 INFO             PET0 PIOc_freedecomp Exit - MemInfo: [/proc/self/status]	VmLib:	    1952 kB
20220313 001055.463 INFO             PET0 PIOc_freedecomp Exit - MemInfo: [/proc/self/status]	VmPTE:	     156 kB
20220313 001055.463 INFO             PET0 PIOc_freedecomp Exit - MemInfo: [/proc/self/status]	VmPMD:	      12 kB
20220313 001055.463 INFO             PET0 PIOc_freedecomp Exit - MemInfo: [/proc/self/status]	VmSwap:	       0 kB
20220313 001055.463 INFO             PET0 PIOc_freedecomp Exit - MemInfo: [/proc/self/status]	VmRSSPercent: 0.0334367 %
20220313 001055.463 INFO             PET0 PIOc_freedecomp Exit - MemInfo: [malloc] Non-mmapped space allocated:                10991936 Byte
20220313 001055.463 INFO             PET0 PIOc_freedecomp Exit - MemInfo: [malloc] Space allocated in mmapped regions:          4104192 Byte
20220313 001055.463 INFO             PET0 PIOc_freedecomp Exit - MemInfo: [malloc] Maximum total allocated space:                     0 Byte
20220313 001055.463 INFO             PET0 PIOc_freedecomp Exit - MemInfo: [malloc] Space in freed fastbin blocks:                   512 Byte
20220313 001055.463 INFO             PET0 PIOc_freedecomp Exit - MemInfo: [malloc] Total allocated space:                       1933088 Byte
20220313 001055.463 INFO             PET0 PIOc_freedecomp Exit - MemInfo: [malloc] Total free space:                            9058848 Byte
20220313 001055.463 INFO             PET0 PIOc_freedecomp Exit - MemInfo: [malloc] Top-most, releasable space:                   124384 Byte
20220313 001055.463 INFO             PET0 PIOc_freedecomp Exit - MemInfo: [malloc] Total space in use, mmap + non-mmap:         6037280 Byte
20220313 001055.463 INFO             PET0 PIOc_freedecomp Exit - MemInfo: [malloc] Total space held (mmap + non-mmap):         15096128 Byte
20220313 001055.463 INFO             PET0 PIOc_freedecomp Exit - MemInfo: [malloc] Total space used (mmap + non-mmap):          6045488 Byte
20220313 001055.463 INFO             PET0 PIOc_freedecomp Exit - MemInfo: Wall-clock time since execution start:               0.359592 seconds
20220313 001055.463 INFO             PET0 PIOc_freedecomp Enter - MemInfo: [/proc/meminfo - SSI]	MemTotal:       65855856 kB
20220313 001055.463 INFO             PET0 PIOc_freedecomp Enter - MemInfo: [/proc/meminfo - SSI]	MemFree:        61252964 kB
20220313 001055.463 INFO             PET0 PIOc_freedecomp Enter - MemInfo: [/proc/meminfo - SSI]	MemAvailable:   61016104 kB
20220313 001055.464 INFO             PET0 PIOc_freedecomp Enter - MemInfo: [/proc/meminfo - SSI]	Committed_AS:    2863100 kB
20220313 001055.464 INFO             PET0 PIOc_freedecomp Enter - MemInfo: [/proc/meminfo - SSI]	CommittedPercent: 4.34753 %
20220313 001055.464 INFO             PET0 PIOc_freedecomp Enter - MemInfo: [/proc/self/status]	VmPeak:	   71912 kB
20220313 001055.464 INFO             PET0 PIOc_freedecomp Enter - MemInfo: [/proc/self/status]	VmSize:	   71912 kB
20220313 001055.464 INFO             PET0 PIOc_freedecomp Enter - MemInfo: [/proc/self/status]	VmLck:	       0 kB
20220313 001055.464 INFO             PET0 PIOc_freedecomp Enter - MemInfo: [/proc/self/status]	VmPin:	       0 kB
20220313 001055.464 INFO             PET0 PIOc_freedecomp Enter - MemInfo: [/proc/self/status]	VmHWM:	   22020 kB
20220313 001055.464 INFO             PET0 PIOc_freedecomp Enter - MemInfo: [/proc/self/status]	VmRSS:	   22020 kB
20220313 001055.464 INFO             PET0 PIOc_freedecomp Enter - MemInfo: [/proc/self/status]	VmData:	   18980 kB
20220313 001055.464 INFO             PET0 PIOc_freedecomp Enter - MemInfo: [/proc/self/status]	VmStk:	     164 kB
20220313 001055.464 INFO             PET0 PIOc_freedecomp Enter - MemInfo: [/proc/self/status]	VmExe:	   27348 kB
20220313 001055.464 INFO             PET0 PIOc_freedecomp Enter - MemInfo: [/proc/self/status]	VmLib:	    1952 kB
20220313 001055.464 INFO             PET0 PIOc_freedecomp Enter - MemInfo: [/proc/self/status]	VmPTE:	     156 kB
20220313 001055.464 INFO             PET0 PIOc_freedecomp Enter - MemInfo: [/proc/self/status]	VmPMD:	      12 kB
20220313 001055.464 INFO             PET0 PIOc_freedecomp Enter - MemInfo: [/proc/self/status]	VmSwap:	       0 kB
20220313 001055.464 INFO             PET0 PIOc_freedecomp Enter - MemInfo: [/proc/self/status]	VmRSSPercent: 0.0334367 %
20220313 001055.464 INFO             PET0 PIOc_freedecomp Enter - MemInfo: [malloc] Non-mmapped space allocated:                10991936 Byte
20220313 001055.464 INFO             PET0 PIOc_freedecomp Enter - MemInfo: [malloc] Space allocated in mmapped regions:          4104192 Byte
20220313 001055.464 INFO             PET0 PIOc_freedecomp Enter - MemInfo: [malloc] Maximum total allocated space:                     0 Byte
20220313 001055.464 INFO             PET0 PIOc_freedecomp Enter - MemInfo: [malloc] Space in freed fastbin blocks:                   128 Byte
20220313 001055.464 INFO             PET0 PIOc_freedecomp Enter - MemInfo: [malloc] Total allocated space:                       1932960 Byte
20220313 001055.464 INFO             PET0 PIOc_freedecomp Enter - MemInfo: [malloc] Total free space:                            9058976 Byte
20220313 001055.464 INFO             PET0 PIOc_freedecomp Enter - MemInfo: [malloc] Top-most, releasable space:                   124384 Byte
20220313 001055.464 INFO             PET0 PIOc_freedecomp Enter - MemInfo: [malloc] Total space in use, mmap + non-mmap:         6037152 Byte
20220313 001055.464 INFO             PET0 PIOc_freedecomp Enter - MemInfo: [malloc] Total space held (mmap + non-mmap):         15096128 Byte
20220313 001055.464 INFO             PET0 PIOc_freedecomp Enter - MemInfo: [malloc] Total space used (mmap + non-mmap):          6045360 Byte
20220313 001055.464 INFO             PET0 PIOc_freedecomp Enter - MemInfo: Wall-clock time since execution start:               0.359971 seconds
20220313 001055.464 INFO             PET0 PIOc_freedecomp Exit - MemInfo: [/proc/meminfo - SSI]	MemTotal:       65855856 kB
20220313 001055.464 INFO             PET0 PIOc_freedecomp Exit - MemInfo: [/proc/meminfo - SSI]	MemFree:        61252964 kB
20220313 001055.464 INFO             PET0 PIOc_freedecomp Exit - MemInfo: [/proc/meminfo - SSI]	MemAvailable:   61016104 kB
20220313 001055.464 INFO             PET0 PIOc_freedecomp Exit - MemInfo: [/proc/meminfo - SSI]	Committed_AS:    2863100 kB
20220313 001055.464 INFO             PET0 PIOc_freedecomp Exit - MemInfo: [/proc/meminfo - SSI]	CommittedPercent: 4.34753 %
20220313 001055.464 INFO             PET0 PIOc_freedecomp Exit - MemInfo: [/proc/self/status]	VmPeak:	   71912 kB
20220313 001055.464 INFO             PET0 PIOc_freedecomp Exit - MemInfo: [/proc/self/status]	VmSize:	   71912 kB
20220313 001055.464 INFO             PET0 PIOc_freedecomp Exit - MemInfo: [/proc/self/status]	VmLck:	       0 kB
20220313 001055.464 INFO             PET0 PIOc_freedecomp Exit - MemInfo: [/proc/self/status]	VmPin:	       0 kB
20220313 001055.464 INFO             PET0 PIOc_freedecomp Exit - MemInfo: [/proc/self/status]	VmHWM:	   22020 kB
20220313 001055.464 INFO             PET0 PIOc_freedecomp Exit - MemInfo: [/proc/self/status]	VmRSS:	   22020 kB
20220313 001055.464 INFO             PET0 PIOc_freedecomp Exit - MemInfo: [/proc/self/status]	VmData:	   18980 kB
20220313 001055.464 INFO             PET0 PIOc_freedecomp Exit - MemInfo: [/proc/self/status]	VmStk:	     164 kB
20220313 001055.464 INFO             PET0 PIOc_freedecomp Exit - MemInfo: [/proc/self/status]	VmExe:	   27348 kB
20220313 001055.464 INFO             PET0 PIOc_freedecomp Exit - MemInfo: [/proc/self/status]	VmLib:	    1952 kB
20220313 001055.464 INFO             PET0 PIOc_freedecomp Exit - MemInfo: [/proc/self/status]	VmPTE:	     156 kB
20220313 001055.464 INFO             PET0 PIOc_freedecomp Exit - MemInfo: [/proc/self/status]	VmPMD:	      12 kB
20220313 001055.464 INFO             PET0 PIOc_freedecomp Exit - MemInfo: [/proc/self/status]	VmSwap:	       0 kB
20220313 001055.464 INFO             PET0 PIOc_freedecomp Exit - MemInfo: [/proc/self/status]	VmRSSPercent: 0.0334367 %
20220313 001055.464 INFO             PET0 PIOc_freedecomp Exit - MemInfo: [malloc] Non-mmapped space allocated:                10991936 Byte
20220313 001055.464 INFO             PET0 PIOc_freedecomp Exit - MemInfo: [malloc] Space allocated in mmapped regions:          4104192 Byte
20220313 001055.464 INFO             PET0 PIOc_freedecomp Exit - MemInfo: [malloc] Maximum total allocated space:                     0 Byte
20220313 001055.464 INFO             PET0 PIOc_freedecomp Exit - MemInfo: [malloc] Space in freed fastbin blocks:                  1040 Byte
20220313 001055.464 INFO             PET0 PIOc_freedecomp Exit - MemInfo: [malloc] Total allocated space:                       1928400 Byte
20220313 001055.464 INFO             PET0 PIOc_freedecomp Exit - MemInfo: [malloc] Total free space:                            9063536 Byte
20220313 001055.464 INFO             PET0 PIOc_freedecomp Exit - MemInfo: [malloc] Top-most, releasable space:                   124384 Byte
20220313 001055.464 INFO             PET0 PIOc_freedecomp Exit - MemInfo: [malloc] Total space in use, mmap + non-mmap:         6032592 Byte
20220313 001055.464 INFO             PET0 PIOc_freedecomp Exit - MemInfo: [malloc] Total space held (mmap + non-mmap):         15096128 Byte
20220313 001055.464 INFO             PET0 PIOc_freedecomp Exit - MemInfo: [malloc] Total space used (mmap + non-mmap):          6040800 Byte
20220313 001055.464 INFO             PET0 PIOc_freedecomp Exit - MemInfo: Wall-clock time since execution start:               0.360351 seconds
20220313 001055.464 INFO             PET0  PASS  Writing a FieldBundle to a single file with timeslice Test, ESMF_FieldBundleIOUTest.F90, line 370
20220313 001055.469 INFO             PET0 PIOc_sync Enter - MemInfo: [/proc/meminfo - SSI]	MemTotal:       65855856 kB
20220313 001055.469 INFO             PET0 PIOc_sync Enter - MemInfo: [/proc/meminfo - SSI]	MemFree:        61252460 kB
20220313 001055.469 INFO             PET0 PIOc_sync Enter - MemInfo: [/proc/meminfo - SSI]	MemAvailable:   61015600 kB
20220313 001055.469 INFO             PET0 PIOc_sync Enter - MemInfo: [/proc/meminfo - SSI]	Committed_AS:    2863100 kB
20220313 001055.469 INFO             PET0 PIOc_sync Enter - MemInfo: [/proc/meminfo - SSI]	CommittedPercent: 4.34753 %
20220313 001055.469 INFO             PET0 PIOc_sync Enter - MemInfo: [/proc/self/status]	VmPeak:	   71912 kB
20220313 001055.469 INFO             PET0 PIOc_sync Enter - MemInfo: [/proc/self/status]	VmSize:	   71888 kB
20220313 001055.469 INFO             PET0 PIOc_sync Enter - MemInfo: [/proc/self/status]	VmLck:	       0 kB
20220313 001055.469 INFO             PET0 PIOc_sync Enter - MemInfo: [/proc/self/status]	VmPin:	       0 kB
20220313 001055.469 INFO             PET0 PIOc_sync Enter - MemInfo: [/proc/self/status]	VmHWM:	   22396 kB
20220313 001055.469 INFO             PET0 PIOc_sync Enter - MemInfo: [/proc/self/status]	VmRSS:	   22396 kB
20220313 001055.469 INFO             PET0 PIOc_sync Enter - MemInfo: [/proc/self/status]	VmData:	   18980 kB
20220313 001055.469 INFO             PET0 PIOc_sync Enter - MemInfo: [/proc/self/status]	VmStk:	     164 kB
20220313 001055.469 INFO             PET0 PIOc_sync Enter - MemInfo: [/proc/self/status]	VmExe:	   27348 kB
20220313 001055.469 INFO             PET0 PIOc_sync Enter - MemInfo: [/proc/self/status]	VmLib:	    1952 kB
20220313 001055.469 INFO             PET0 PIOc_sync Enter - MemInfo: [/proc/self/status]	VmPTE:	     156 kB
20220313 001055.469 INFO             PET0 PIOc_sync Enter - MemInfo: [/proc/self/status]	VmPMD:	      12 kB
20220313 001055.469 INFO             PET0 PIOc_sync Enter - MemInfo: [/proc/self/status]	VmSwap:	       0 kB
20220313 001055.469 INFO             PET0 PIOc_sync Enter - MemInfo: [/proc/self/status]	VmRSSPercent: 0.0340076 %
20220313 001055.469 INFO             PET0 PIOc_sync Enter - MemInfo: [malloc] Non-mmapped space allocated:                10991936 Byte
20220313 001055.469 INFO             PET0 PIOc_sync Enter - MemInfo: [malloc] Space allocated in mmapped regions:          4104192 Byte
20220313 001055.469 INFO             PET0 PIOc_sync Enter - MemInfo: [malloc] Maximum total allocated space:                     0 Byte
20220313 001055.469 INFO             PET0 PIOc_sync Enter - MemInfo: [malloc] Space in freed fastbin blocks:                   672 Byte
20220313 001055.469 INFO             PET0 PIOc_sync Enter - MemInfo: [malloc] Total allocated space:                      10868464 Byte
20220313 001055.469 INFO             PET0 PIOc_sync Enter - MemInfo: [malloc] Total free space:                             123472 Byte
20220313 001055.469 INFO             PET0 PIOc_sync Enter - MemInfo: [malloc] Top-most, releasable space:                   119936 Byte
20220313 001055.469 INFO             PET0 PIOc_sync Enter - MemInfo: [malloc] Total space in use, mmap + non-mmap:        14972656 Byte
20220313 001055.469 INFO             PET0 PIOc_sync Enter - MemInfo: [malloc] Total space held (mmap + non-mmap):         15096128 Byte
20220313 001055.469 INFO             PET0 PIOc_sync Enter - MemInfo: [malloc] Total space used (mmap + non-mmap):         14980864 Byte
20220313 001055.469 INFO             PET0 PIOc_sync Enter - MemInfo: Wall-clock time since execution start:               0.365549 seconds
20220313 001055.470 INFO             PET0 PIOc_sync Exit - MemInfo: [/proc/meminfo - SSI]	MemTotal:       65855856 kB
20220313 001055.470 INFO             PET0 PIOc_sync Exit - MemInfo: [/proc/meminfo - SSI]	MemFree:        61252460 kB
20220313 001055.470 INFO             PET0 PIOc_sync Exit - MemInfo: [/proc/meminfo - SSI]	MemAvailable:   61015600 kB
20220313 001055.470 INFO             PET0 PIOc_sync Exit - MemInfo: [/proc/meminfo - SSI]	Committed_AS:    2863100 kB
20220313 001055.470 INFO             PET0 PIOc_sync Exit - MemInfo: [/proc/meminfo - SSI]	CommittedPercent: 4.34753 %
20220313 001055.470 INFO             PET0 PIOc_sync Exit - MemInfo: [/proc/self/status]	VmPeak:	   71912 kB
20220313 001055.470 INFO             PET0 PIOc_sync Exit - MemInfo: [/proc/self/status]	VmSize:	   71888 kB
20220313 001055.470 INFO             PET0 PIOc_sync Exit - MemInfo: [/proc/self/status]	VmLck:	       0 kB
20220313 001055.470 INFO             PET0 PIOc_sync Exit - MemInfo: [/proc/self/status]	VmPin:	       0 kB
20220313 001055.470 INFO             PET0 PIOc_sync Exit - MemInfo: [/proc/self/status]	VmHWM:	   22664 kB
20220313 001055.470 INFO             PET0 PIOc_sync Exit - MemInfo: [/proc/self/status]	VmRSS:	   22664 kB
20220313 001055.470 INFO             PET0 PIOc_sync Exit - MemInfo: [/proc/self/status]	VmData:	   18980 kB
20220313 001055.470 INFO             PET0 PIOc_sync Exit - MemInfo: [/proc/self/status]	VmStk:	     164 kB
20220313 001055.470 INFO             PET0 PIOc_sync Exit - MemInfo: [/proc/self/status]	VmExe:	   27348 kB
20220313 001055.470 INFO             PET0 PIOc_sync Exit - MemInfo: [/proc/self/status]	VmLib:	    1952 kB
20220313 001055.470 INFO             PET0 PIOc_sync Exit - MemInfo: [/proc/self/status]	VmPTE:	     156 kB
20220313 001055.470 INFO             PET0 PIOc_sync Exit - MemInfo: [/proc/self/status]	VmPMD:	      12 kB
20220313 001055.470 INFO             PET0 PIOc_sync Exit - MemInfo: [/proc/self/status]	VmSwap:	       0 kB
20220313 001055.470 INFO             PET0 PIOc_sync Exit - MemInfo: [/proc/self/status]	VmRSSPercent: 0.0344146 %
20220313 001055.470 INFO             PET0 PIOc_sync Exit - MemInfo: [malloc] Non-mmapped space allocated:                10991936 Byte
20220313 001055.470 INFO             PET0 PIOc_sync Exit - MemInfo: [malloc] Space allocated in mmapped regions:          4104192 Byte
20220313 001055.470 INFO             PET0 PIOc_sync Exit - MemInfo: [malloc] Maximum total allocated space:                     0 Byte
20220313 001055.470 INFO             PET0 PIOc_sync Exit - MemInfo: [malloc] Space in freed fastbin blocks:                     0 Byte
20220313 001055.470 INFO             PET0 PIOc_sync Exit - MemInfo: [malloc] Total allocated space:                      10870864 Byte
20220313 001055.470 INFO             PET0 PIOc_sync Exit - MemInfo: [malloc] Total free space:                             121072 Byte
20220313 001055.470 INFO             PET0 PIOc_sync Exit - MemInfo: [malloc] Top-most, releasable space:                   119712 Byte
20220313 001055.470 INFO             PET0 PIOc_sync Exit - MemInfo: [malloc] Total space in use, mmap + non-mmap:        14975056 Byte
20220313 001055.470 INFO             PET0 PIOc_sync Exit - MemInfo: [malloc] Total space held (mmap + non-mmap):         15096128 Byte
20220313 001055.470 INFO             PET0 PIOc_sync Exit - MemInfo: [malloc] Total space used (mmap + non-mmap):         14983376 Byte
20220313 001055.470 INFO             PET0 PIOc_sync Exit - MemInfo: Wall-clock time since execution start:               0.366084 seconds
20220313 001055.470 INFO             PET0 PIOc_freedecomp Enter - MemInfo: [/proc/meminfo - SSI]	MemTotal:       65855856 kB
20220313 001055.470 INFO             PET0 PIOc_freedecomp Enter - MemInfo: [/proc/meminfo - SSI]	MemFree:        61252460 kB
20220313 001055.470 INFO             PET0 PIOc_freedecomp Enter - MemInfo: [/proc/meminfo - SSI]	MemAvailable:   61015600 kB
20220313 001055.470 INFO             PET0 PIOc_freedecomp Enter - MemInfo: [/proc/meminfo - SSI]	Committed_AS:    2863100 kB
20220313 001055.470 INFO             PET0 PIOc_freedecomp Enter - MemInfo: [/proc/meminfo - SSI]	CommittedPercent: 4.34753 %
20220313 001055.470 INFO             PET0 PIOc_freedecomp Enter - MemInfo: [/proc/self/status]	VmPeak:	   71912 kB
20220313 001055.470 INFO             PET0 PIOc_freedecomp Enter - MemInfo: [/proc/self/status]	VmSize:	   71888 kB
20220313 001055.470 INFO             PET0 PIOc_freedecomp Enter - MemInfo: [/proc/self/status]	VmLck:	       0 kB
20220313 001055.470 INFO             PET0 PIOc_freedecomp Enter - MemInfo: [/proc/self/status]	VmPin:	       0 kB
20220313 001055.470 INFO             PET0 PIOc_freedecomp Enter - MemInfo: [/proc/self/status]	VmHWM:	   22664 kB
20220313 001055.470 INFO             PET0 PIOc_freedecomp Enter - MemInfo: [/proc/self/status]	VmRSS:	   22664 kB
20220313 001055.470 INFO             PET0 PIOc_freedecomp Enter - MemInfo: [/proc/self/status]	VmData:	   18980 kB
20220313 001055.470 INFO             PET0 PIOc_freedecomp Enter - MemInfo: [/proc/self/status]	VmStk:	     164 kB
20220313 001055.470 INFO             PET0 PIOc_freedecomp Enter - MemInfo: [/proc/self/status]	VmExe:	   27348 kB
20220313 001055.470 INFO             PET0 PIOc_freedecomp Enter - MemInfo: [/proc/self/status]	VmLib:	    1952 kB
20220313 001055.470 INFO             PET0 PIOc_freedecomp Enter - MemInfo: [/proc/self/status]	VmPTE:	     156 kB
20220313 001055.470 INFO             PET0 PIOc_freedecomp Enter - MemInfo: [/proc/self/status]	VmPMD:	      12 kB
20220313 001055.470 INFO             PET0 PIOc_freedecomp Enter - MemInfo: [/proc/self/status]	VmSwap:	       0 kB
20220313 001055.470 INFO             PET0 PIOc_freedecomp Enter - MemInfo: [/proc/self/status]	VmRSSPercent: 0.0344146 %
20220313 001055.470 INFO             PET0 PIOc_freedecomp Enter - MemInfo: [malloc] Non-mmapped space allocated:                10991936 Byte
20220313 001055.470 INFO             PET0 PIOc_freedecomp Enter - MemInfo: [malloc] Space allocated in mmapped regions:          4104192 Byte
20220313 001055.470 INFO             PET0 PIOc_freedecomp Enter - MemInfo: [malloc] Maximum total allocated space:                     0 Byte
20220313 001055.470 INFO             PET0 PIOc_freedecomp Enter - MemInfo: [malloc] Space in freed fastbin blocks:                   288 Byte
20220313 001055.470 INFO             PET0 PIOc_freedecomp Enter - MemInfo: [malloc] Total allocated space:                       1944016 Byte
20220313 001055.470 INFO             PET0 PIOc_freedecomp Enter - MemInfo: [malloc] Total free space:                            9047920 Byte
20220313 001055.470 INFO             PET0 PIOc_freedecomp Enter - MemInfo: [malloc] Top-most, releasable space:                   119488 Byte
20220313 001055.470 INFO             PET0 PIOc_freedecomp Enter - MemInfo: [malloc] Total space in use, mmap + non-mmap:         6048208 Byte
20220313 001055.470 INFO             PET0 PIOc_freedecomp Enter - MemInfo: [malloc] Total space held (mmap + non-mmap):         15096128 Byte
20220313 001055.471 INFO             PET0 PIOc_freedecomp Enter - MemInfo: [malloc] Total space used (mmap + non-mmap):          6056416 Byte
20220313 001055.471 INFO             PET0 PIOc_freedecomp Enter - MemInfo: Wall-clock time since execution start:               0.366647 seconds
20220313 001055.471 INFO             PET0 PIOc_freedecomp Exit - MemInfo: [/proc/meminfo - SSI]	MemTotal:       65855856 kB
20220313 001055.471 INFO             PET0 PIOc_freedecomp Exit - MemInfo: [/proc/meminfo - SSI]	MemFree:        61252460 kB
20220313 001055.471 INFO             PET0 PIOc_freedecomp Exit - MemInfo: [/proc/meminfo - SSI]	MemAvailable:   61015600 kB
20220313 001055.471 INFO             PET0 PIOc_freedecomp Exit - MemInfo: [/proc/meminfo - SSI]	Committed_AS:    2863100 kB
20220313 001055.471 INFO             PET0 PIOc_freedecomp Exit - MemInfo: [/proc/meminfo - SSI]	CommittedPercent: 4.34753 %
20220313 001055.471 INFO             PET0 PIOc_freedecomp Exit - MemInfo: [/proc/self/status]	VmPeak:	   71912 kB
20220313 001055.471 INFO             PET0 PIOc_freedecomp Exit - MemInfo: [/proc/self/status]	VmSize:	   71888 kB
20220313 001055.471 INFO             PET0 PIOc_freedecomp Exit - MemInfo: [/proc/self/status]	VmLck:	       0 kB
20220313 001055.471 INFO             PET0 PIOc_freedecomp Exit - MemInfo: [/proc/self/status]	VmPin:	       0 kB
20220313 001055.471 INFO             PET0 PIOc_freedecomp Exit - MemInfo: [/proc/self/status]	VmHWM:	   22664 kB
20220313 001055.471 INFO             PET0 PIOc_freedecomp Exit - MemInfo: [/proc/self/status]	VmRSS:	   22664 kB
20220313 001055.471 INFO             PET0 PIOc_freedecomp Exit - MemInfo: [/proc/self/status]	VmData:	   18980 kB
20220313 001055.471 INFO             PET0 PIOc_freedecomp Exit - MemInfo: [/proc/self/status]	VmStk:	     164 kB
20220313 001055.471 INFO             PET0 PIOc_freedecomp Exit - MemInfo: [/proc/self/status]	VmExe:	   27348 kB
20220313 001055.471 INFO             PET0 PIOc_freedecomp Exit - MemInfo: [/proc/self/status]	VmLib:	    1952 kB
20220313 001055.471 INFO             PET0 PIOc_freedecomp Exit - MemInfo: [/proc/self/status]	VmPTE:	     156 kB
20220313 001055.471 INFO             PET0 PIOc_freedecomp Exit - MemInfo: [/proc/self/status]	VmPMD:	      12 kB
20220313 001055.471 INFO             PET0 PIOc_freedecomp Exit - MemInfo: [/proc/self/status]	VmSwap:	       0 kB
20220313 001055.471 INFO             PET0 PIOc_freedecomp Exit - MemInfo: [/proc/self/status]	VmRSSPercent: 0.0344146 %
20220313 001055.471 INFO             PET0 PIOc_freedecomp Exit - MemInfo: [malloc] Non-mmapped space allocated:                10991936 Byte
20220313 001055.471 INFO             PET0 PIOc_freedecomp Exit - MemInfo: [malloc] Space allocated in mmapped regions:          4104192 Byte
20220313 001055.471 INFO             PET0 PIOc_freedecomp Exit - MemInfo: [malloc] Maximum total allocated space:                     0 Byte
20220313 001055.471 INFO             PET0 PIOc_freedecomp Exit - MemInfo: [malloc] Space in freed fastbin blocks:                   112 Byte
20220313 001055.471 INFO             PET0 PIOc_freedecomp Exit - MemInfo: [malloc] Total allocated space:                       1941248 Byte
20220313 001055.471 INFO             PET0 PIOc_freedecomp Exit - MemInfo: [malloc] Total free space:                            9050688 Byte
20220313 001055.471 INFO             PET0 PIOc_freedecomp Exit - MemInfo: [malloc] Top-most, releasable space:                   121552 Byte
20220313 001055.471 INFO             PET0 PIOc_freedecomp Exit - MemInfo: [malloc] Total space in use, mmap + non-mmap:         6045440 Byte
20220313 001055.471 INFO             PET0 PIOc_freedecomp Exit - MemInfo: [malloc] Total space held (mmap + non-mmap):         15096128 Byte
20220313 001055.471 INFO             PET0 PIOc_freedecomp Exit - MemInfo: [malloc] Total space used (mmap + non-mmap):          6053648 Byte
20220313 001055.471 INFO             PET0 PIOc_freedecomp Exit - MemInfo: Wall-clock time since execution start:               0.367044 seconds
20220313 001055.471 INFO             PET0 PIOc_freedecomp Enter - MemInfo: [/proc/meminfo - SSI]	MemTotal:       65855856 kB
20220313 001055.471 INFO             PET0 PIOc_freedecomp Enter - MemInfo: [/proc/meminfo - SSI]	MemFree:        61252460 kB
20220313 001055.471 INFO             PET0 PIOc_freedecomp Enter - MemInfo: [/proc/meminfo - SSI]	MemAvailable:   61015600 kB
20220313 001055.471 INFO             PET0 PIOc_freedecomp Enter - MemInfo: [/proc/meminfo - SSI]	Committed_AS:    2863100 kB
20220313 001055.471 INFO             PET0 PIOc_freedecomp Enter - MemInfo: [/proc/meminfo - SSI]	CommittedPercent: 4.34753 %
20220313 001055.471 INFO             PET0 PIOc_freedecomp Enter - MemInfo: [/proc/self/status]	VmPeak:	   71912 kB
20220313 001055.471 INFO             PET0 PIOc_freedecomp Enter - MemInfo: [/proc/self/status]	VmSize:	   71888 kB
20220313 001055.471 INFO             PET0 PIOc_freedecomp Enter - MemInfo: [/proc/self/status]	VmLck:	       0 kB
20220313 001055.471 INFO             PET0 PIOc_freedecomp Enter - MemInfo: [/proc/self/status]	VmPin:	       0 kB
20220313 001055.471 INFO             PET0 PIOc_freedecomp Enter - MemInfo: [/proc/self/status]	VmHWM:	   22664 kB
20220313 001055.471 INFO             PET0 PIOc_freedecomp Enter - MemInfo: [/proc/self/status]	VmRSS:	   22664 kB
20220313 001055.471 INFO             PET0 PIOc_freedecomp Enter - MemInfo: [/proc/self/status]	VmData:	   18980 kB
20220313 001055.471 INFO             PET0 PIOc_freedecomp Enter - MemInfo: [/proc/self/status]	VmStk:	     164 kB
20220313 001055.471 INFO             PET0 PIOc_freedecomp Enter - MemInfo: [/proc/self/status]	VmExe:	   27348 kB
20220313 001055.471 INFO             PET0 PIOc_freedecomp Enter - MemInfo: [/proc/self/status]	VmLib:	    1952 kB
20220313 001055.471 INFO             PET0 PIOc_freedecomp Enter - MemInfo: [/proc/self/status]	VmPTE:	     156 kB
20220313 001055.471 INFO             PET0 PIOc_freedecomp Enter - MemInfo: [/proc/self/status]	VmPMD:	      12 kB
20220313 001055.471 INFO             PET0 PIOc_freedecomp Enter - MemInfo: [/proc/self/status]	VmSwap:	       0 kB
20220313 001055.471 INFO             PET0 PIOc_freedecomp Enter - MemInfo: [/proc/self/status]	VmRSSPercent: 0.0344146 %
20220313 001055.471 INFO             PET0 PIOc_freedecomp Enter - MemInfo: [malloc] Non-mmapped space allocated:                10991936 Byte
20220313 001055.471 INFO             PET0 PIOc_freedecomp Enter - MemInfo: [malloc] Space allocated in mmapped regions:          4104192 Byte
20220313 001055.471 INFO             PET0 PIOc_freedecomp Enter - MemInfo: [malloc] Maximum total allocated space:                     0 Byte
20220313 001055.471 INFO             PET0 PIOc_freedecomp Enter - MemInfo: [malloc] Space in freed fastbin blocks:                   128 Byte
20220313 001055.471 INFO             PET0 PIOc_freedecomp Enter - MemInfo: [malloc] Total allocated space:                       1941120 Byte
20220313 001055.471 INFO             PET0 PIOc_freedecomp Enter - MemInfo: [malloc] Total free space:                            9050816 Byte
20220313 001055.471 INFO             PET0 PIOc_freedecomp Enter - MemInfo: [malloc] Top-most, releasable space:                   121552 Byte
20220313 001055.471 INFO             PET0 PIOc_freedecomp Enter - MemInfo: [malloc] Total space in use, mmap + non-mmap:         6045312 Byte
20220313 001055.471 INFO             PET0 PIOc_freedecomp Enter - MemInfo: [malloc] Total space held (mmap + non-mmap):         15096128 Byte
20220313 001055.471 INFO             PET0 PIOc_freedecomp Enter - MemInfo: [malloc] Total space used (mmap + non-mmap):          6053520 Byte
20220313 001055.471 INFO             PET0 PIOc_freedecomp Enter - MemInfo: Wall-clock time since execution start:               0.367438 seconds
20220313 001055.471 INFO             PET0 PIOc_freedecomp Exit - MemInfo: [/proc/meminfo - SSI]	MemTotal:       65855856 kB
20220313 001055.471 INFO             PET0 PIOc_freedecomp Exit - MemInfo: [/proc/meminfo - SSI]	MemFree:        61252460 kB
20220313 001055.471 INFO             PET0 PIOc_freedecomp Exit - MemInfo: [/proc/meminfo - SSI]	MemAvailable:   61015600 kB
20220313 001055.471 INFO             PET0 PIOc_freedecomp Exit - MemInfo: [/proc/meminfo - SSI]	Committed_AS:    2863100 kB
20220313 001055.471 INFO             PET0 PIOc_freedecomp Exit - MemInfo: [/proc/meminfo - SSI]	CommittedPercent: 4.34753 %
20220313 001055.471 INFO             PET0 PIOc_freedecomp Exit - MemInfo: [/proc/self/status]	VmPeak:	   71912 kB
20220313 001055.471 INFO             PET0 PIOc_freedecomp Exit - MemInfo: [/proc/self/status]	VmSize:	   71888 kB
20220313 001055.471 INFO             PET0 PIOc_freedecomp Exit - MemInfo: [/proc/self/status]	VmLck:	       0 kB
20220313 001055.471 INFO             PET0 PIOc_freedecomp Exit - MemInfo: [/proc/self/status]	VmPin:	       0 kB
20220313 001055.471 INFO             PET0 PIOc_freedecomp Exit - MemInfo: [/proc/self/status]	VmHWM:	   22664 kB
20220313 001055.471 INFO             PET0 PIOc_freedecomp Exit - MemInfo: [/proc/self/status]	VmRSS:	   22664 kB
20220313 001055.471 INFO             PET0 PIOc_freedecomp Exit - MemInfo: [/proc/self/status]	VmData:	   18980 kB
20220313 001055.472 INFO             PET0 PIOc_freedecomp Exit - MemInfo: [/proc/self/status]	VmStk:	     164 kB
20220313 001055.472 INFO             PET0 PIOc_freedecomp Exit - MemInfo: [/proc/self/status]	VmExe:	   27348 kB
20220313 001055.472 INFO             PET0 PIOc_freedecomp Exit - MemInfo: [/proc/self/status]	VmLib:	    1952 kB
20220313 001055.472 INFO             PET0 PIOc_freedecomp Exit - MemInfo: [/proc/self/status]	VmPTE:	     156 kB
20220313 001055.472 INFO             PET0 PIOc_freedecomp Exit - MemInfo: [/proc/self/status]	VmPMD:	      12 kB
20220313 001055.472 INFO             PET0 PIOc_freedecomp Exit - MemInfo: [/proc/self/status]	VmSwap:	       0 kB
20220313 001055.472 INFO             PET0 PIOc_freedecomp Exit - MemInfo: [/proc/self/status]	VmRSSPercent: 0.0344146 %
20220313 001055.472 INFO             PET0 PIOc_freedecomp Exit - MemInfo: [malloc] Non-mmapped space allocated:                10991936 Byte
20220313 001055.472 INFO             PET0 PIOc_freedecomp Exit - MemInfo: [malloc] Space allocated in mmapped regions:          4104192 Byte
20220313 001055.472 INFO             PET0 PIOc_freedecomp Exit - MemInfo: [malloc] Maximum total allocated space:                     0 Byte
20220313 001055.472 INFO             PET0 PIOc_freedecomp Exit - MemInfo: [malloc] Space in freed fastbin blocks:                   128 Byte
20220313 001055.472 INFO             PET0 PIOc_freedecomp Exit - MemInfo: [malloc] Total allocated space:                       1938976 Byte
20220313 001055.472 INFO             PET0 PIOc_freedecomp Exit - MemInfo: [malloc] Total free space:                            9052960 Byte
20220313 001055.472 INFO             PET0 PIOc_freedecomp Exit - MemInfo: [malloc] Top-most, releasable space:                   123168 Byte
20220313 001055.472 INFO             PET0 PIOc_freedecomp Exit - MemInfo: [malloc] Total space in use, mmap + non-mmap:         6043168 Byte
20220313 001055.472 INFO             PET0 PIOc_freedecomp Exit - MemInfo: [malloc] Total space held (mmap + non-mmap):         15096128 Byte
20220313 001055.472 INFO             PET0 PIOc_freedecomp Exit - MemInfo: [malloc] Total space used (mmap + non-mmap):          6051376 Byte
20220313 001055.472 INFO             PET0 PIOc_freedecomp Exit - MemInfo: Wall-clock time since execution start:               0.367831 seconds
20220313 001055.472 INFO             PET0 PIOc_freedecomp Enter - MemInfo: [/proc/meminfo - SSI]	MemTotal:       65855856 kB
20220313 001055.472 INFO             PET0 PIOc_freedecomp Enter - MemInfo: [/proc/meminfo - SSI]	MemFree:        61252460 kB
20220313 001055.472 INFO             PET0 PIOc_freedecomp Enter - MemInfo: [/proc/meminfo - SSI]	MemAvailable:   61015600 kB
20220313 001055.472 INFO             PET0 PIOc_freedecomp Enter - MemInfo: [/proc/meminfo - SSI]	Committed_AS:    2863100 kB
20220313 001055.472 INFO             PET0 PIOc_freedecomp Enter - MemInfo: [/proc/meminfo - SSI]	CommittedPercent: 4.34753 %
20220313 001055.472 INFO             PET0 PIOc_freedecomp Enter - MemInfo: [/proc/self/status]	VmPeak:	   71912 kB
20220313 001055.472 INFO             PET0 PIOc_freedecomp Enter - MemInfo: [/proc/self/status]	VmSize:	   71888 kB
20220313 001055.472 INFO             PET0 PIOc_freedecomp Enter - MemInfo: [/proc/self/status]	VmLck:	       0 kB
20220313 001055.472 INFO             PET0 PIOc_freedecomp Enter - MemInfo: [/proc/self/status]	VmPin:	       0 kB
20220313 001055.472 INFO             PET0 PIOc_freedecomp Enter - MemInfo: [/proc/self/status]	VmHWM:	   22664 kB
20220313 001055.472 INFO             PET0 PIOc_freedecomp Enter - MemInfo: [/proc/self/status]	VmRSS:	   22664 kB
20220313 001055.472 INFO             PET0 PIOc_freedecomp Enter - MemInfo: [/proc/self/status]	VmData:	   18980 kB
20220313 001055.472 INFO             PET0 PIOc_freedecomp Enter - MemInfo: [/proc/self/status]	VmStk:	     164 kB
20220313 001055.472 INFO             PET0 PIOc_freedecomp Enter - MemInfo: [/proc/self/status]	VmExe:	   27348 kB
20220313 001055.472 INFO             PET0 PIOc_freedecomp Enter - MemInfo: [/proc/self/status]	VmLib:	    1952 kB
20220313 001055.472 INFO             PET0 PIOc_freedecomp Enter - MemInfo: [/proc/self/status]	VmPTE:	     156 kB
20220313 001055.472 INFO             PET0 PIOc_freedecomp Enter - MemInfo: [/proc/self/status]	VmPMD:	      12 kB
20220313 001055.472 INFO             PET0 PIOc_freedecomp Enter - MemInfo: [/proc/self/status]	VmSwap:	       0 kB
20220313 001055.472 INFO             PET0 PIOc_freedecomp Enter - MemInfo: [/proc/self/status]	VmRSSPercent: 0.0344146 %
20220313 001055.472 INFO             PET0 PIOc_freedecomp Enter - MemInfo: [malloc] Non-mmapped space allocated:                10991936 Byte
20220313 001055.472 INFO             PET0 PIOc_freedecomp Enter - MemInfo: [malloc] Space allocated in mmapped regions:          4104192 Byte
20220313 001055.472 INFO             PET0 PIOc_freedecomp Enter - MemInfo: [malloc] Maximum total allocated space:                     0 Byte
20220313 001055.472 INFO             PET0 PIOc_freedecomp Enter - MemInfo: [malloc] Space in freed fastbin blocks:                   128 Byte
20220313 001055.472 INFO             PET0 PIOc_freedecomp Enter - MemInfo: [malloc] Total allocated space:                       1938848 Byte
20220313 001055.472 INFO             PET0 PIOc_freedecomp Enter - MemInfo: [malloc] Total free space:                            9053088 Byte
20220313 001055.472 INFO             PET0 PIOc_freedecomp Enter - MemInfo: [malloc] Top-most, releasable space:                   123168 Byte
20220313 001055.472 INFO             PET0 PIOc_freedecomp Enter - MemInfo: [malloc] Total space in use, mmap + non-mmap:         6043040 Byte
20220313 001055.472 INFO             PET0 PIOc_freedecomp Enter - MemInfo: [malloc] Total space held (mmap + non-mmap):         15096128 Byte
20220313 001055.472 INFO             PET0 PIOc_freedecomp Enter - MemInfo: [malloc] Total space used (mmap + non-mmap):          6051248 Byte
20220313 001055.472 INFO             PET0 PIOc_freedecomp Enter - MemInfo: Wall-clock time since execution start:               0.368223 seconds
20220313 001055.472 INFO             PET0 PIOc_freedecomp Exit - MemInfo: [/proc/meminfo - SSI]	MemTotal:       65855856 kB
20220313 001055.472 INFO             PET0 PIOc_freedecomp Exit - MemInfo: [/proc/meminfo - SSI]	MemFree:        61252460 kB
20220313 001055.472 INFO             PET0 PIOc_freedecomp Exit - MemInfo: [/proc/meminfo - SSI]	MemAvailable:   61015600 kB
20220313 001055.472 INFO             PET0 PIOc_freedecomp Exit - MemInfo: [/proc/meminfo - SSI]	Committed_AS:    2863100 kB
20220313 001055.472 INFO             PET0 PIOc_freedecomp Exit - MemInfo: [/proc/meminfo - SSI]	CommittedPercent: 4.34753 %
20220313 001055.472 INFO             PET0 PIOc_freedecomp Exit - MemInfo: [/proc/self/status]	VmPeak:	   71912 kB
20220313 001055.472 INFO             PET0 PIOc_freedecomp Exit - MemInfo: [/proc/self/status]	VmSize:	   71888 kB
20220313 001055.472 INFO             PET0 PIOc_freedecomp Exit - MemInfo: [/proc/self/status]	VmLck:	       0 kB
20220313 001055.472 INFO             PET0 PIOc_freedecomp Exit - MemInfo: [/proc/self/status]	VmPin:	       0 kB
20220313 001055.472 INFO             PET0 PIOc_freedecomp Exit - MemInfo: [/proc/self/status]	VmHWM:	   22664 kB
20220313 001055.472 INFO             PET0 PIOc_freedecomp Exit - MemInfo: [/proc/self/status]	VmRSS:	   22664 kB
20220313 001055.472 INFO             PET0 PIOc_freedecomp Exit - MemInfo: [/proc/self/status]	VmData:	   18980 kB
20220313 001055.472 INFO             PET0 PIOc_freedecomp Exit - MemInfo: [/proc/self/status]	VmStk:	     164 kB
20220313 001055.472 INFO             PET0 PIOc_freedecomp Exit - MemInfo: [/proc/self/status]	VmExe:	   27348 kB
20220313 001055.472 INFO             PET0 PIOc_freedecomp Exit - MemInfo: [/proc/self/status]	VmLib:	    1952 kB
20220313 001055.472 INFO             PET0 PIOc_freedecomp Exit - MemInfo: [/proc/self/status]	VmPTE:	     156 kB
20220313 001055.472 INFO             PET0 PIOc_freedecomp Exit - MemInfo: [/proc/self/status]	VmPMD:	      12 kB
20220313 001055.472 INFO             PET0 PIOc_freedecomp Exit - MemInfo: [/proc/self/status]	VmSwap:	       0 kB
20220313 001055.472 INFO             PET0 PIOc_freedecomp Exit - MemInfo: [/proc/self/status]	VmRSSPercent: 0.0344146 %
20220313 001055.472 INFO             PET0 PIOc_freedecomp Exit - MemInfo: [malloc] Non-mmapped space allocated:                10991936 Byte
20220313 001055.472 INFO             PET0 PIOc_freedecomp Exit - MemInfo: [malloc] Space allocated in mmapped regions:          4104192 Byte
20220313 001055.472 INFO             PET0 PIOc_freedecomp Exit - MemInfo: [malloc] Maximum total allocated space:                     0 Byte
20220313 001055.472 INFO             PET0 PIOc_freedecomp Exit - MemInfo: [malloc] Space in freed fastbin blocks:                     0 Byte
20220313 001055.472 INFO             PET0 PIOc_freedecomp Exit - MemInfo: [malloc] Total allocated space:                       1934000 Byte
20220313 001055.472 INFO             PET0 PIOc_freedecomp Exit - MemInfo: [malloc] Total free space:                            9057936 Byte
20220313 001055.472 INFO             PET0 PIOc_freedecomp Exit - MemInfo: [malloc] Top-most, releasable space:                   123168 Byte
20220313 001055.472 INFO             PET0 PIOc_freedecomp Exit - MemInfo: [malloc] Total space in use, mmap + non-mmap:         6038192 Byte
20220313 001055.472 INFO             PET0 PIOc_freedecomp Exit - MemInfo: [malloc] Total space held (mmap + non-mmap):         15096128 Byte
20220313 001055.472 INFO             PET0 PIOc_freedecomp Exit - MemInfo: [malloc] Total space used (mmap + non-mmap):          6046400 Byte
20220313 001055.473 INFO             PET0 PIOc_freedecomp Exit - MemInfo: Wall-clock time since execution start:               0.368591 seconds
20220313 001055.473 INFO             PET0  PASS  Writing a FieldBundle to a single file with timeslice Test, ESMF_FieldBundleIOUTest.F90, line 388
20220313 001055.473 INFO             PET0  PASS  Create attribute package on FieldBundle multi Test, ESMF_FieldBundleIOUTest.F90, line 404
20220313 001055.473 INFO             PET0  PASS  Set attribute values on FieldBundle multi Test, ESMF_FieldBundleIOUTest.F90, line 417
20220313 001055.475 INFO             PET0 PIOc_sync Enter - MemInfo: [/proc/meminfo - SSI]	MemTotal:       65855856 kB
20220313 001055.475 INFO             PET0 PIOc_sync Enter - MemInfo: [/proc/meminfo - SSI]	MemFree:        61252460 kB
20220313 001055.475 INFO             PET0 PIOc_sync Enter - MemInfo: [/proc/meminfo - SSI]	MemAvailable:   61015600 kB
20220313 001055.475 INFO             PET0 PIOc_sync Enter - MemInfo: [/proc/meminfo - SSI]	Committed_AS:    2863100 kB
20220313 001055.475 INFO             PET0 PIOc_sync Enter - MemInfo: [/proc/meminfo - SSI]	CommittedPercent: 4.34753 %
20220313 001055.475 INFO             PET0 PIOc_sync Enter - MemInfo: [/proc/self/status]	VmPeak:	   71912 kB
20220313 001055.475 INFO             PET0 PIOc_sync Enter - MemInfo: [/proc/self/status]	VmSize:	   71876 kB
20220313 001055.475 INFO             PET0 PIOc_sync Enter - MemInfo: [/proc/self/status]	VmLck:	       0 kB
20220313 001055.475 INFO             PET0 PIOc_sync Enter - MemInfo: [/proc/self/status]	VmPin:	       0 kB
20220313 001055.475 INFO             PET0 PIOc_sync Enter - MemInfo: [/proc/self/status]	VmHWM:	   22672 kB
20220313 001055.475 INFO             PET0 PIOc_sync Enter - MemInfo: [/proc/self/status]	VmRSS:	   22672 kB
20220313 001055.475 INFO             PET0 PIOc_sync Enter - MemInfo: [/proc/self/status]	VmData:	   18980 kB
20220313 001055.475 INFO             PET0 PIOc_sync Enter - MemInfo: [/proc/self/status]	VmStk:	     164 kB
20220313 001055.475 INFO             PET0 PIOc_sync Enter - MemInfo: [/proc/self/status]	VmExe:	   27348 kB
20220313 001055.475 INFO             PET0 PIOc_sync Enter - MemInfo: [/proc/self/status]	VmLib:	    1952 kB
20220313 001055.475 INFO             PET0 PIOc_sync Enter - MemInfo: [/proc/self/status]	VmPTE:	     156 kB
20220313 001055.475 INFO             PET0 PIOc_sync Enter - MemInfo: [/proc/self/status]	VmPMD:	      12 kB
20220313 001055.475 INFO             PET0 PIOc_sync Enter - MemInfo: [/proc/self/status]	VmSwap:	       0 kB
20220313 001055.475 INFO             PET0 PIOc_sync Enter - MemInfo: [/proc/self/status]	VmRSSPercent: 0.0344267 %
20220313 001055.475 INFO             PET0 PIOc_sync Enter - MemInfo: [malloc] Non-mmapped space allocated:                10991936 Byte
20220313 001055.475 INFO             PET0 PIOc_sync Enter - MemInfo: [malloc] Space allocated in mmapped regions:          4104192 Byte
20220313 001055.475 INFO             PET0 PIOc_sync Enter - MemInfo: [malloc] Maximum total allocated space:                     0 Byte
20220313 001055.475 INFO             PET0 PIOc_sync Enter - MemInfo: [malloc] Space in freed fastbin blocks:                    64 Byte
20220313 001055.475 INFO             PET0 PIOc_sync Enter - MemInfo: [malloc] Total allocated space:                      10864144 Byte
20220313 001055.475 INFO             PET0 PIOc_sync Enter - MemInfo: [malloc] Total free space:                             127792 Byte
20220313 001055.475 INFO             PET0 PIOc_sync Enter - MemInfo: [malloc] Top-most, releasable space:                   117920 Byte
20220313 001055.475 INFO             PET0 PIOc_sync Enter - MemInfo: [malloc] Total space in use, mmap + non-mmap:        14968336 Byte
20220313 001055.475 INFO             PET0 PIOc_sync Enter - MemInfo: [malloc] Total space held (mmap + non-mmap):         15096128 Byte
20220313 001055.475 INFO             PET0 PIOc_sync Enter - MemInfo: [malloc] Total space used (mmap + non-mmap):         14976656 Byte
20220313 001055.475 INFO             PET0 PIOc_sync Enter - MemInfo: Wall-clock time since execution start:               0.371176 seconds
20220313 001055.475 INFO             PET0 PIOc_sync Exit - MemInfo: [/proc/meminfo - SSI]	MemTotal:       65855856 kB
20220313 001055.475 INFO             PET0 PIOc_sync Exit - MemInfo: [/proc/meminfo - SSI]	MemFree:        61252460 kB
20220313 001055.475 INFO             PET0 PIOc_sync Exit - MemInfo: [/proc/meminfo - SSI]	MemAvailable:   61015600 kB
20220313 001055.475 INFO             PET0 PIOc_sync Exit - MemInfo: [/proc/meminfo - SSI]	Committed_AS:    2863100 kB
20220313 001055.475 INFO             PET0 PIOc_sync Exit - MemInfo: [/proc/meminfo - SSI]	CommittedPercent: 4.34753 %
20220313 001055.475 INFO             PET0 PIOc_sync Exit - MemInfo: [/proc/self/status]	VmPeak:	   71912 kB
20220313 001055.475 INFO             PET0 PIOc_sync Exit - MemInfo: [/proc/self/status]	VmSize:	   71876 kB
20220313 001055.475 INFO             PET0 PIOc_sync Exit - MemInfo: [/proc/self/status]	VmLck:	       0 kB
20220313 001055.475 INFO             PET0 PIOc_sync Exit - MemInfo: [/proc/self/status]	VmPin:	       0 kB
20220313 001055.475 INFO             PET0 PIOc_sync Exit - MemInfo: [/proc/self/status]	VmHWM:	   22672 kB
20220313 001055.475 INFO             PET0 PIOc_sync Exit - MemInfo: [/proc/self/status]	VmRSS:	   22672 kB
20220313 001055.475 INFO             PET0 PIOc_sync Exit - MemInfo: [/proc/self/status]	VmData:	   18980 kB
20220313 001055.475 INFO             PET0 PIOc_sync Exit - MemInfo: [/proc/self/status]	VmStk:	     164 kB
20220313 001055.475 INFO             PET0 PIOc_sync Exit - MemInfo: [/proc/self/status]	VmExe:	   27348 kB
