build time -- 2022-03-14 00:29:56
20220314 010943.812 INFO             PET0 !!!!!!!!!!!!!!!!!!!!!!!!!!!!!!!!!!!!!!!!!!!!!!!!!!!!!!
20220314 010943.812 INFO             PET0 !!! THE ESMF_LOG IS SET TO OUTPUT ALL LOG MESSAGES !!!
20220314 010943.812 INFO             PET0 !!!     THIS MAY CAUSE SLOWDOWN IN PERFORMANCE     !!!
20220314 010943.812 INFO             PET0 !!! FOR PRODUCTION RUNS, USE:                      !!!
20220314 010943.812 INFO             PET0 !!!                   ESMF_LOGKIND_Multi_On_Error  !!!
20220314 010943.812 INFO             PET0 !!!!!!!!!!!!!!!!!!!!!!!!!!!!!!!!!!!!!!!!!!!!!!!!!!!!!!
20220314 010943.812 INFO             PET0 Running with ESMF Version   : v8.3.0b09-96-g559b459836
20220314 010943.812 INFO             PET0 ESMF library build date/time: "Mar 14 2022" "00:28:19"
20220314 010943.812 INFO             PET0 ESMF library build location : /lustre/f2/dev/ncep/Mark.Potts/gfortran_8.3.0_mpi_O_jedwards_pio_update2
20220314 010943.812 INFO             PET0 ESMF_COMM                   : mpi
20220314 010943.812 INFO             PET0 ESMF_MOAB                   : enabled
20220314 010943.812 INFO             PET0 ESMF_LAPACK                 : enabled
20220314 010943.812 INFO             PET0 ESMF_NETCDF                 : enabled
20220314 010943.812 INFO             PET0 ESMF_PNETCDF                : disabled
20220314 010943.812 INFO             PET0 ESMF_PIO                    : enabled
20220314 010943.812 INFO             PET0 ESMF_YAMLCPP                : enabled
20220314 010943.812 INFO             PET0  Beginning Test, file ESMF_ArrayIOUTest.F90, line 103
20220314 010943.812 INFO             PET0  NUMBER_OF_PROCESSORS           6
20220314 010943.819 INFO             PET0  PASS  dstDistgrid Create Test, ESMF_ArrayIOUTest.F90, line 137
20220314 010943.819 INFO             PET0  PASS  Array Spec Set Test, ESMF_ArrayIOUTest.F90, line 145
20220314 010943.848 INFO             PET0  PASS  Array with Halo Create Test, ESMF_ArrayIOUTest.F90, line 160
20220314 010943.848 INFO             PET0  PASS  Array without Halo Create Test, ESMF_ArrayIOUTest.F90, line 170
20220314 010943.853 INFO             PET0  PASS  Accessing Fortran pointers for Arrays Test, ESMF_ArrayIOUTest.F90, line 225
20220314 010944.014 INFO             PET0 PIOc_sync Enter - MemInfo: [/proc/meminfo - SSI]	MemTotal:       65855856 kB
20220314 010944.014 INFO             PET0 PIOc_sync Enter - MemInfo: [/proc/meminfo - SSI]	MemFree:        61323848 kB
20220314 010944.014 INFO             PET0 PIOc_sync Enter - MemInfo: [/proc/meminfo - SSI]	MemAvailable:   61093016 kB
20220314 010944.014 INFO             PET0 PIOc_sync Enter - MemInfo: [/proc/meminfo - SSI]	Committed_AS:    2830768 kB
20220314 010944.014 INFO             PET0 PIOc_sync Enter - MemInfo: [/proc/meminfo - SSI]	CommittedPercent: 4.29843 %
20220314 010944.014 INFO             PET0 PIOc_sync Enter - MemInfo: [/proc/self/status]	VmPeak:	   80280 kB
20220314 010944.014 INFO             PET0 PIOc_sync Enter - MemInfo: [/proc/self/status]	VmSize:	   80280 kB
20220314 010944.014 INFO             PET0 PIOc_sync Enter - MemInfo: [/proc/self/status]	VmLck:	       0 kB
20220314 010944.014 INFO             PET0 PIOc_sync Enter - MemInfo: [/proc/self/status]	VmPin:	       0 kB
20220314 010944.014 INFO             PET0 PIOc_sync Enter - MemInfo: [/proc/self/status]	VmHWM:	   17500 kB
20220314 010944.014 INFO             PET0 PIOc_sync Enter - MemInfo: [/proc/self/status]	VmRSS:	   17500 kB
20220314 010944.014 INFO             PET0 PIOc_sync Enter - MemInfo: [/proc/self/status]	VmData:	   17868 kB
20220314 010944.014 INFO             PET0 PIOc_sync Enter - MemInfo: [/proc/self/status]	VmStk:	     164 kB
20220314 010944.014 INFO             PET0 PIOc_sync Enter - MemInfo: [/proc/self/status]	VmExe:	   27412 kB
20220314 010944.014 INFO             PET0 PIOc_sync Enter - MemInfo: [/proc/self/status]	VmLib:	    1952 kB
20220314 010944.014 INFO             PET0 PIOc_sync Enter - MemInfo: [/proc/self/status]	VmPTE:	     128 kB
20220314 010944.014 INFO             PET0 PIOc_sync Enter - MemInfo: [/proc/self/status]	VmPMD:	      12 kB
20220314 010944.014 INFO             PET0 PIOc_sync Enter - MemInfo: [/proc/self/status]	VmSwap:	       0 kB
20220314 010944.014 INFO             PET0 PIOc_sync Enter - MemInfo: [/proc/self/status]	VmRSSPercent: 0.0265732 %
20220314 010944.014 INFO             PET0 PIOc_sync Enter - MemInfo: [malloc] Non-mmapped space allocated:                 1169728 Byte
20220314 010944.014 INFO             PET0 PIOc_sync Enter - MemInfo: [malloc] Space allocated in mmapped regions:         12787712 Byte
20220314 010944.014 INFO             PET0 PIOc_sync Enter - MemInfo: [malloc] Maximum total allocated space:                     0 Byte
20220314 010944.014 INFO             PET0 PIOc_sync Enter - MemInfo: [malloc] Space in freed fastbin blocks:                     0 Byte
20220314 010944.014 INFO             PET0 PIOc_sync Enter - MemInfo: [malloc] Total allocated space:                       1010848 Byte
20220314 010944.014 INFO             PET0 PIOc_sync Enter - MemInfo: [malloc] Total free space:                             158880 Byte
20220314 010944.014 INFO             PET0 PIOc_sync Enter - MemInfo: [malloc] Top-most, releasable space:                   135024 Byte
20220314 010944.014 INFO             PET0 PIOc_sync Enter - MemInfo: [malloc] Total space in use, mmap + non-mmap:        13798560 Byte
20220314 010944.014 INFO             PET0 PIOc_sync Enter - MemInfo: [malloc] Total space held (mmap + non-mmap):         13957440 Byte
20220314 010944.014 INFO             PET0 PIOc_sync Enter - MemInfo: [malloc] Total space used (mmap + non-mmap):         13807952 Byte
20220314 010944.016 INFO             PET0 PIOc_sync Enter - MemInfo: Wall-clock time since execution start:               0.279132 seconds
20220314 010944.018 INFO             PET0 PIOc_sync Exit - MemInfo: [/proc/meminfo - SSI]	MemTotal:       65855856 kB
20220314 010944.018 INFO             PET0 PIOc_sync Exit - MemInfo: [/proc/meminfo - SSI]	MemFree:        61323344 kB
20220314 010944.018 INFO             PET0 PIOc_sync Exit - MemInfo: [/proc/meminfo - SSI]	MemAvailable:   61092512 kB
20220314 010944.018 INFO             PET0 PIOc_sync Exit - MemInfo: [/proc/meminfo - SSI]	Committed_AS:    2830768 kB
20220314 010944.018 INFO             PET0 PIOc_sync Exit - MemInfo: [/proc/meminfo - SSI]	CommittedPercent: 4.29843 %
20220314 010944.018 INFO             PET0 PIOc_sync Exit - MemInfo: [/proc/self/status]	VmPeak:	   80604 kB
20220314 010944.018 INFO             PET0 PIOc_sync Exit - MemInfo: [/proc/self/status]	VmSize:	   80604 kB
20220314 010944.018 INFO             PET0 PIOc_sync Exit - MemInfo: [/proc/self/status]	VmLck:	       0 kB
20220314 010944.018 INFO             PET0 PIOc_sync Exit - MemInfo: [/proc/self/status]	VmPin:	       0 kB
20220314 010944.018 INFO             PET0 PIOc_sync Exit - MemInfo: [/proc/self/status]	VmHWM:	   17972 kB
20220314 010944.018 INFO             PET0 PIOc_sync Exit - MemInfo: [/proc/self/status]	VmRSS:	   17972 kB
20220314 010944.018 INFO             PET0 PIOc_sync Exit - MemInfo: [/proc/self/status]	VmData:	   18192 kB
20220314 010944.018 INFO             PET0 PIOc_sync Exit - MemInfo: [/proc/self/status]	VmStk:	     164 kB
20220314 010944.019 INFO             PET0 PIOc_sync Exit - MemInfo: [/proc/self/status]	VmExe:	   27412 kB
20220314 010944.019 INFO             PET0 PIOc_sync Exit - MemInfo: [/proc/self/status]	VmLib:	    1952 kB
20220314 010944.019 INFO             PET0 PIOc_sync Exit - MemInfo: [/proc/self/status]	VmPTE:	     144 kB
20220314 010944.019 INFO             PET0 PIOc_sync Exit - MemInfo: [/proc/self/status]	VmPMD:	      12 kB
20220314 010944.019 INFO             PET0 PIOc_sync Exit - MemInfo: [/proc/self/status]	VmSwap:	       0 kB
20220314 010944.019 INFO             PET0 PIOc_sync Exit - MemInfo: [/proc/self/status]	VmRSSPercent: 0.0272899 %
20220314 010944.019 INFO             PET0 PIOc_sync Exit - MemInfo: [malloc] Non-mmapped space allocated:                 1169728 Byte
20220314 010944.019 INFO             PET0 PIOc_sync Exit - MemInfo: [malloc] Space allocated in mmapped regions:         13119488 Byte
20220314 010944.019 INFO             PET0 PIOc_sync Exit - MemInfo: [malloc] Maximum total allocated space:                     0 Byte
20220314 010944.019 INFO             PET0 PIOc_sync Exit - MemInfo: [malloc] Space in freed fastbin blocks:                     0 Byte
20220314 010944.019 INFO             PET0 PIOc_sync Exit - MemInfo: [malloc] Total allocated space:                       1084512 Byte
20220314 010944.019 INFO             PET0 PIOc_sync Exit - MemInfo: [malloc] Total free space:                              85216 Byte
20220314 010944.019 INFO             PET0 PIOc_sync Exit - MemInfo: [malloc] Top-most, releasable space:                    69472 Byte
20220314 010944.019 INFO             PET0 PIOc_sync Exit - MemInfo: [malloc] Total space in use, mmap + non-mmap:        14204000 Byte
20220314 010944.019 INFO             PET0 PIOc_sync Exit - MemInfo: [malloc] Total space held (mmap + non-mmap):         14289216 Byte
20220314 010944.019 INFO             PET0 PIOc_sync Exit - MemInfo: [malloc] Total space used (mmap + non-mmap):         14212800 Byte
20220314 010944.019 INFO             PET0 PIOc_sync Exit - MemInfo: Wall-clock time since execution start:               0.283538 seconds
20220314 010944.019 INFO             PET0 PIOc_freedecomp Enter - MemInfo: [/proc/meminfo - SSI]	MemTotal:       65855856 kB
20220314 010944.019 INFO             PET0 PIOc_freedecomp Enter - MemInfo: [/proc/meminfo - SSI]	MemFree:        61330400 kB
20220314 010944.019 INFO             PET0 PIOc_freedecomp Enter - MemInfo: [/proc/meminfo - SSI]	MemAvailable:   61099568 kB
20220314 010944.020 INFO             PET0 PIOc_freedecomp Enter - MemInfo: [/proc/meminfo - SSI]	Committed_AS:    2824028 kB
20220314 010944.020 INFO             PET0 PIOc_freedecomp Enter - MemInfo: [/proc/meminfo - SSI]	CommittedPercent: 4.2882 %
20220314 010944.020 INFO             PET0 PIOc_freedecomp Enter - MemInfo: [/proc/self/status]	VmPeak:	   80604 kB
20220314 010944.020 INFO             PET0 PIOc_freedecomp Enter - MemInfo: [/proc/self/status]	VmSize:	   71892 kB
20220314 010944.020 INFO             PET0 PIOc_freedecomp Enter - MemInfo: [/proc/self/status]	VmLck:	       0 kB
20220314 010944.020 INFO             PET0 PIOc_freedecomp Enter - MemInfo: [/proc/self/status]	VmPin:	       0 kB
20220314 010944.020 INFO             PET0 PIOc_freedecomp Enter - MemInfo: [/proc/self/status]	VmHWM:	   17972 kB
20220314 010944.020 INFO             PET0 PIOc_freedecomp Enter - MemInfo: [/proc/self/status]	VmRSS:	    9976 kB
20220314 010944.020 INFO             PET0 PIOc_freedecomp Enter - MemInfo: [/proc/self/status]	VmData:	    9480 kB
20220314 010944.020 INFO             PET0 PIOc_freedecomp Enter - MemInfo: [/proc/self/status]	VmStk:	     164 kB
20220314 010944.020 INFO             PET0 PIOc_freedecomp Enter - MemInfo: [/proc/self/status]	VmExe:	   27412 kB
20220314 010944.020 INFO             PET0 PIOc_freedecomp Enter - MemInfo: [/proc/self/status]	VmLib:	    1952 kB
20220314 010944.020 INFO             PET0 PIOc_freedecomp Enter - MemInfo: [/proc/self/status]	VmPTE:	     128 kB
20220314 010944.020 INFO             PET0 PIOc_freedecomp Enter - MemInfo: [/proc/self/status]	VmPMD:	      12 kB
20220314 010944.020 INFO             PET0 PIOc_freedecomp Enter - MemInfo: [/proc/self/status]	VmSwap:	       0 kB
20220314 010944.020 INFO             PET0 PIOc_freedecomp Enter - MemInfo: [/proc/self/status]	VmRSSPercent: 0.0151482 %
20220314 010944.020 INFO             PET0 PIOc_freedecomp Enter - MemInfo: [malloc] Non-mmapped space allocated:                 1169728 Byte
20220314 010944.020 INFO             PET0 PIOc_freedecomp Enter - MemInfo: [malloc] Space allocated in mmapped regions:          4198400 Byte
20220314 010944.020 INFO             PET0 PIOc_freedecomp Enter - MemInfo: [malloc] Maximum total allocated space:                     0 Byte
20220314 010944.020 INFO             PET0 PIOc_freedecomp Enter - MemInfo: [malloc] Space in freed fastbin blocks:                   608 Byte
20220314 010944.020 INFO             PET0 PIOc_freedecomp Enter - MemInfo: [malloc] Total allocated space:                       1074256 Byte
20220314 010944.020 INFO             PET0 PIOc_freedecomp Enter - MemInfo: [malloc] Total free space:                              95472 Byte
20220314 010944.020 INFO             PET0 PIOc_freedecomp Enter - MemInfo: [malloc] Top-most, releasable space:                    69472 Byte
20220314 010944.020 INFO             PET0 PIOc_freedecomp Enter - MemInfo: [malloc] Total space in use, mmap + non-mmap:         5272656 Byte
20220314 010944.020 INFO             PET0 PIOc_freedecomp Enter - MemInfo: [malloc] Total space held (mmap + non-mmap):          5368128 Byte
20220314 010944.020 INFO             PET0 PIOc_freedecomp Enter - MemInfo: [malloc] Total space used (mmap + non-mmap):          5281312 Byte
20220314 010944.020 INFO             PET0 PIOc_freedecomp Enter - MemInfo: Wall-clock time since execution start:                0.28474 seconds
20220314 010944.020 INFO             PET0 PIOc_freedecomp Exit - MemInfo: [/proc/meminfo - SSI]	MemTotal:       65855856 kB
20220314 010944.020 INFO             PET0 PIOc_freedecomp Exit - MemInfo: [/proc/meminfo - SSI]	MemFree:        61330400 kB
20220314 010944.020 INFO             PET0 PIOc_freedecomp Exit - MemInfo: [/proc/meminfo - SSI]	MemAvailable:   61099568 kB
20220314 010944.020 INFO             PET0 PIOc_freedecomp Exit - MemInfo: [/proc/meminfo - SSI]	Committed_AS:    2824028 kB
20220314 010944.020 INFO             PET0 PIOc_freedecomp Exit - MemInfo: [/proc/meminfo - SSI]	CommittedPercent: 4.2882 %
20220314 010944.020 INFO             PET0 PIOc_freedecomp Exit - MemInfo: [/proc/self/status]	VmPeak:	   80604 kB
20220314 010944.020 INFO             PET0 PIOc_freedecomp Exit - MemInfo: [/proc/self/status]	VmSize:	   71892 kB
20220314 010944.020 INFO             PET0 PIOc_freedecomp Exit - MemInfo: [/proc/self/status]	VmLck:	       0 kB
20220314 010944.020 INFO             PET0 PIOc_freedecomp Exit - MemInfo: [/proc/self/status]	VmPin:	       0 kB
20220314 010944.020 INFO             PET0 PIOc_freedecomp Exit - MemInfo: [/proc/self/status]	VmHWM:	   17972 kB
20220314 010944.020 INFO             PET0 PIOc_freedecomp Exit - MemInfo: [/proc/self/status]	VmRSS:	    9976 kB
20220314 010944.020 INFO             PET0 PIOc_freedecomp Exit - MemInfo: [/proc/self/status]	VmData:	    9480 kB
20220314 010944.020 INFO             PET0 PIOc_freedecomp Exit - MemInfo: [/proc/self/status]	VmStk:	     164 kB
20220314 010944.020 INFO             PET0 PIOc_freedecomp Exit - MemInfo: [/proc/self/status]	VmExe:	   27412 kB
20220314 010944.020 INFO             PET0 PIOc_freedecomp Exit - MemInfo: [/proc/self/status]	VmLib:	    1952 kB
20220314 010944.020 INFO             PET0 PIOc_freedecomp Exit - MemInfo: [/proc/self/status]	VmPTE:	     128 kB
20220314 010944.020 INFO             PET0 PIOc_freedecomp Exit - MemInfo: [/proc/self/status]	VmPMD:	      12 kB
20220314 010944.020 INFO             PET0 PIOc_freedecomp Exit - MemInfo: [/proc/self/status]	VmSwap:	       0 kB
20220314 010944.020 INFO             PET0 PIOc_freedecomp Exit - MemInfo: [/proc/self/status]	VmRSSPercent: 0.0151482 %
20220314 010944.020 INFO             PET0 PIOc_freedecomp Exit - MemInfo: [malloc] Non-mmapped space allocated:                 1169728 Byte
20220314 010944.020 INFO             PET0 PIOc_freedecomp Exit - MemInfo: [malloc] Space allocated in mmapped regions:          4198400 Byte
20220314 010944.021 INFO             PET0 PIOc_freedecomp Exit - MemInfo: [malloc] Maximum total allocated space:                     0 Byte
20220314 010944.021 INFO             PET0 PIOc_freedecomp Exit - MemInfo: [malloc] Space in freed fastbin blocks:                   416 Byte
20220314 010944.021 INFO             PET0 PIOc_freedecomp Exit - MemInfo: [malloc] Total allocated space:                       1061248 Byte
20220314 010944.021 INFO             PET0 PIOc_freedecomp Exit - MemInfo: [malloc] Total free space:                             108480 Byte
20220314 010944.021 INFO             PET0 PIOc_freedecomp Exit - MemInfo: [malloc] Top-most, releasable space:                    69472 Byte
20220314 010944.021 INFO             PET0 PIOc_freedecomp Exit - MemInfo: [malloc] Total space in use, mmap + non-mmap:         5259648 Byte
20220314 010944.021 INFO             PET0 PIOc_freedecomp Exit - MemInfo: [malloc] Total space held (mmap + non-mmap):          5368128 Byte
20220314 010944.021 INFO             PET0 PIOc_freedecomp Exit - MemInfo: [malloc] Total space used (mmap + non-mmap):          5268448 Byte
20220314 010944.021 INFO             PET0 PIOc_freedecomp Exit - MemInfo: Wall-clock time since execution start:               0.285434 seconds
20220314 010944.021 INFO             PET0  PASS  Write ESMF_Array with Halo to NetCDF Test, ESMF_ArrayIOUTest.F90, line 236
20220314 010944.022 WARNING          PET0 ESMCI_PIO_Handler.C:1319 ESMCI::PIO_Handler::open()  Unable to create file: file3D_withhalo.nc, (PIO/NetCDF error = NetCDF: File exists && NC_NOCLOBBER)
20220314 010944.022 ERROR            PET0 ESMCI_PIO_Handler.C:779 ESMCI::PIO_Handler::arrayWrite() Unable to read from file  - file not open
20220314 010944.022 ERROR            PET0 ESMCI_IO.C:736 ESMCI::IO::write() Unable to read from file  - Internal subroutine call returned Error
20220314 010944.022 ERROR            PET0 ESMCI_IO.C:956 ESMCI::IO::close() Unable to close file  - Internal subroutine call returned Error
20220314 010944.022 ERROR            PET0 ESMCI_IO.C:494 ESMCI::IO::write() Unable to read from file  - Internal subroutine call returned Error
20220314 010944.022 ERROR            PET0 ESMCI_Array.C:4093 ESMCI::Array::write() Unable to write to file  - Internal subroutine call returned Error
20220314 010944.022 ERROR            PET0 ESMCI_Array_F.C:801 c_esmc_arraywrite() Unable to write to file  - Internal subroutine call returned Error
20220314 010944.022 ERROR            PET0 ESMF_Array.F90:3994 ESMF_ArrayWrite Unable to write to file  - Internal subroutine call returned Error
20220314 010944.022 INFO             PET0  PASS  Write ESMF_Array with Halo Test overwrite test, ESMF_ArrayIOUTest.F90, line 250
20220314 010944.022 ERROR            PET0 ESMCI_IO_Handler.C:164 ESMCI::IO_Handler::create() Unknown I/O Format
20220314 010944.022 ERROR            PET0 ESMCI_IO.C:469 ESMCI::IO::write() Invalid argument  - Internal subroutine call returned Error
20220314 010944.022 ERROR            PET0 ESMCI_Array.C:4093 ESMCI::Array::write() Invalid argument  - Internal subroutine call returned Error
20220314 010944.022 ERROR            PET0 ESMCI_Array_F.C:801 c_esmc_arraywrite() Invalid argument  - Internal subroutine call returned Error
20220314 010944.022 ERROR            PET0 ESMF_Array.F90:3994 ESMF_ArrayWrite Invalid argument  - Internal subroutine call returned Error
20220314 010944.022 INFO             PET0  PASS  Write ESMF_Array with Halo to binary Test, ESMF_ArrayIOUTest.F90, line 264
20220314 010944.037 INFO             PET0 PIOc_sync Enter - MemInfo: [/proc/meminfo - SSI]	MemTotal:       65855856 kB
20220314 010944.037 INFO             PET0 PIOc_sync Enter - MemInfo: [/proc/meminfo - SSI]	MemFree:        61322336 kB
20220314 010944.037 INFO             PET0 PIOc_sync Enter - MemInfo: [/proc/meminfo - SSI]	MemAvailable:   61091504 kB
20220314 010944.037 INFO             PET0 PIOc_sync Enter - MemInfo: [/proc/meminfo - SSI]	Committed_AS:    2832284 kB
20220314 010944.037 INFO             PET0 PIOc_sync Enter - MemInfo: [/proc/meminfo - SSI]	CommittedPercent: 4.30073 %
20220314 010944.037 INFO             PET0 PIOc_sync Enter - MemInfo: [/proc/self/status]	VmPeak:	   80660 kB
20220314 010944.037 INFO             PET0 PIOc_sync Enter - MemInfo: [/proc/self/status]	VmSize:	   80660 kB
20220314 010944.037 INFO             PET0 PIOc_sync Enter - MemInfo: [/proc/self/status]	VmLck:	       0 kB
20220314 010944.037 INFO             PET0 PIOc_sync Enter - MemInfo: [/proc/self/status]	VmPin:	       0 kB
20220314 010944.037 INFO             PET0 PIOc_sync Enter - MemInfo: [/proc/self/status]	VmHWM:	   18456 kB
20220314 010944.037 INFO             PET0 PIOc_sync Enter - MemInfo: [/proc/self/status]	VmRSS:	   18456 kB
20220314 010944.037 INFO             PET0 PIOc_sync Enter - MemInfo: [/proc/self/status]	VmData:	   18248 kB
20220314 010944.037 INFO             PET0 PIOc_sync Enter - MemInfo: [/proc/self/status]	VmStk:	     164 kB
20220314 010944.037 INFO             PET0 PIOc_sync Enter - MemInfo: [/proc/self/status]	VmExe:	   27412 kB
20220314 010944.037 INFO             PET0 PIOc_sync Enter - MemInfo: [/proc/self/status]	VmLib:	    1952 kB
20220314 010944.037 INFO             PET0 PIOc_sync Enter - MemInfo: [/proc/self/status]	VmPTE:	     144 kB
20220314 010944.037 INFO             PET0 PIOc_sync Enter - MemInfo: [/proc/self/status]	VmPMD:	      12 kB
20220314 010944.037 INFO             PET0 PIOc_sync Enter - MemInfo: [/proc/self/status]	VmSwap:	       0 kB
20220314 010944.037 INFO             PET0 PIOc_sync Enter - MemInfo: [/proc/self/status]	VmRSSPercent: 0.0280248 %
20220314 010944.037 INFO             PET0 PIOc_sync Enter - MemInfo: [malloc] Non-mmapped space allocated:                10148160 Byte
20220314 010944.037 INFO             PET0 PIOc_sync Enter - MemInfo: [malloc] Space allocated in mmapped regions:          4198400 Byte
20220314 010944.037 INFO             PET0 PIOc_sync Enter - MemInfo: [malloc] Maximum total allocated space:                     0 Byte
20220314 010944.037 INFO             PET0 PIOc_sync Enter - MemInfo: [malloc] Space in freed fastbin blocks:                     0 Byte
20220314 010944.037 INFO             PET0 PIOc_sync Enter - MemInfo: [malloc] Total allocated space:                       9997408 Byte
20220314 010944.037 INFO             PET0 PIOc_sync Enter - MemInfo: [malloc] Total free space:                             150752 Byte
20220314 010944.037 INFO             PET0 PIOc_sync Enter - MemInfo: [malloc] Top-most, releasable space:                   134976 Byte
20220314 010944.037 INFO             PET0 PIOc_sync Enter - MemInfo: [malloc] Total space in use, mmap + non-mmap:        14195808 Byte
20220314 010944.037 INFO             PET0 PIOc_sync Enter - MemInfo: [malloc] Total space held (mmap + non-mmap):         14346560 Byte
20220314 010944.037 INFO             PET0 PIOc_sync Enter - MemInfo: [malloc] Total space used (mmap + non-mmap):         14204464 Byte
20220314 010944.037 INFO             PET0 PIOc_sync Enter - MemInfo: Wall-clock time since execution start:               0.301938 seconds
20220314 010944.037 INFO             PET0 PIOc_sync Exit - MemInfo: [/proc/meminfo - SSI]	MemTotal:       65855856 kB
20220314 010944.037 INFO             PET0 PIOc_sync Exit - MemInfo: [/proc/meminfo - SSI]	MemFree:        61322336 kB
20220314 010944.037 INFO             PET0 PIOc_sync Exit - MemInfo: [/proc/meminfo - SSI]	MemAvailable:   61091504 kB
20220314 010944.037 INFO             PET0 PIOc_sync Exit - MemInfo: [/proc/meminfo - SSI]	Committed_AS:    2832284 kB
20220314 010944.037 INFO             PET0 PIOc_sync Exit - MemInfo: [/proc/meminfo - SSI]	CommittedPercent: 4.30073 %
20220314 010944.037 INFO             PET0 PIOc_sync Exit - MemInfo: [/proc/self/status]	VmPeak:	   80660 kB
20220314 010944.037 INFO             PET0 PIOc_sync Exit - MemInfo: [/proc/self/status]	VmSize:	   80660 kB
20220314 010944.037 INFO             PET0 PIOc_sync Exit - MemInfo: [/proc/self/status]	VmLck:	       0 kB
20220314 010944.037 INFO             PET0 PIOc_sync Exit - MemInfo: [/proc/self/status]	VmPin:	       0 kB
20220314 010944.037 INFO             PET0 PIOc_sync Exit - MemInfo: [/proc/self/status]	VmHWM:	   18456 kB
20220314 010944.037 INFO             PET0 PIOc_sync Exit - MemInfo: [/proc/self/status]	VmRSS:	   18456 kB
20220314 010944.037 INFO             PET0 PIOc_sync Exit - MemInfo: [/proc/self/status]	VmData:	   18248 kB
20220314 010944.037 INFO             PET0 PIOc_sync Exit - MemInfo: [/proc/self/status]	VmStk:	     164 kB
20220314 010944.037 INFO             PET0 PIOc_sync Exit - MemInfo: [/proc/self/status]	VmExe:	   27412 kB
20220314 010944.037 INFO             PET0 PIOc_sync Exit - MemInfo: [/proc/self/status]	VmLib:	    1952 kB
20220314 010944.037 INFO             PET0 PIOc_sync Exit - MemInfo: [/proc/self/status]	VmPTE:	     144 kB
20220314 010944.038 INFO             PET0 PIOc_sync Exit - MemInfo: [/proc/self/status]	VmPMD:	      12 kB
20220314 010944.038 INFO             PET0 PIOc_sync Exit - MemInfo: [/proc/self/status]	VmSwap:	       0 kB
20220314 010944.038 INFO             PET0 PIOc_sync Exit - MemInfo: [/proc/self/status]	VmRSSPercent: 0.0280248 %
20220314 010944.038 INFO             PET0 PIOc_sync Exit - MemInfo: [malloc] Non-mmapped space allocated:                10148160 Byte
20220314 010944.038 INFO             PET0 PIOc_sync Exit - MemInfo: [malloc] Space allocated in mmapped regions:          4198400 Byte
20220314 010944.038 INFO             PET0 PIOc_sync Exit - MemInfo: [malloc] Maximum total allocated space:                     0 Byte
20220314 010944.038 INFO             PET0 PIOc_sync Exit - MemInfo: [malloc] Space in freed fastbin blocks:                     0 Byte
20220314 010944.038 INFO             PET0 PIOc_sync Exit - MemInfo: [malloc] Total allocated space:                       9998960 Byte
20220314 010944.038 INFO             PET0 PIOc_sync Exit - MemInfo: [malloc] Total free space:                             149200 Byte
20220314 010944.038 INFO             PET0 PIOc_sync Exit - MemInfo: [malloc] Top-most, releasable space:                   134976 Byte
20220314 010944.038 INFO             PET0 PIOc_sync Exit - MemInfo: [malloc] Total space in use, mmap + non-mmap:        14197360 Byte
20220314 010944.038 INFO             PET0 PIOc_sync Exit - MemInfo: [malloc] Total space held (mmap + non-mmap):         14346560 Byte
20220314 010944.038 INFO             PET0 PIOc_sync Exit - MemInfo: [malloc] Total space used (mmap + non-mmap):         14205792 Byte
20220314 010944.038 INFO             PET0 PIOc_sync Exit - MemInfo: Wall-clock time since execution start:               0.302504 seconds
20220314 010944.038 INFO             PET0 PIOc_freedecomp Enter - MemInfo: [/proc/meminfo - SSI]	MemTotal:       65855856 kB
20220314 010944.038 INFO             PET0 PIOc_freedecomp Enter - MemInfo: [/proc/meminfo - SSI]	MemFree:        61321832 kB
20220314 010944.038 INFO             PET0 PIOc_freedecomp Enter - MemInfo: [/proc/meminfo - SSI]	MemAvailable:   61091000 kB
20220314 010944.038 INFO             PET0 PIOc_freedecomp Enter - MemInfo: [/proc/meminfo - SSI]	Committed_AS:    2832284 kB
20220314 010944.038 INFO             PET0 PIOc_freedecomp Enter - MemInfo: [/proc/meminfo - SSI]	CommittedPercent: 4.30073 %
20220314 010944.038 INFO             PET0 PIOc_freedecomp Enter - MemInfo: [/proc/self/status]	VmPeak:	   80660 kB
20220314 010944.038 INFO             PET0 PIOc_freedecomp Enter - MemInfo: [/proc/self/status]	VmSize:	   80660 kB
20220314 010944.038 INFO             PET0 PIOc_freedecomp Enter - MemInfo: [/proc/self/status]	VmLck:	       0 kB
20220314 010944.038 INFO             PET0 PIOc_freedecomp Enter - MemInfo: [/proc/self/status]	VmPin:	       0 kB
20220314 010944.038 INFO             PET0 PIOc_freedecomp Enter - MemInfo: [/proc/self/status]	VmHWM:	   18456 kB
20220314 010944.038 INFO             PET0 PIOc_freedecomp Enter - MemInfo: [/proc/self/status]	VmRSS:	   18456 kB
20220314 010944.038 INFO             PET0 PIOc_freedecomp Enter - MemInfo: [/proc/self/status]	VmData:	   18248 kB
20220314 010944.038 INFO             PET0 PIOc_freedecomp Enter - MemInfo: [/proc/self/status]	VmStk:	     164 kB
20220314 010944.038 INFO             PET0 PIOc_freedecomp Enter - MemInfo: [/proc/self/status]	VmExe:	   27412 kB
20220314 010944.038 INFO             PET0 PIOc_freedecomp Enter - MemInfo: [/proc/self/status]	VmLib:	    1952 kB
20220314 010944.038 INFO             PET0 PIOc_freedecomp Enter - MemInfo: [/proc/self/status]	VmPTE:	     144 kB
20220314 010944.038 INFO             PET0 PIOc_freedecomp Enter - MemInfo: [/proc/self/status]	VmPMD:	      12 kB
20220314 010944.038 INFO             PET0 PIOc_freedecomp Enter - MemInfo: [/proc/self/status]	VmSwap:	       0 kB
20220314 010944.038 INFO             PET0 PIOc_freedecomp Enter - MemInfo: [/proc/self/status]	VmRSSPercent: 0.0280248 %
20220314 010944.038 INFO             PET0 PIOc_freedecomp Enter - MemInfo: [malloc] Non-mmapped space allocated:                10148160 Byte
20220314 010944.038 INFO             PET0 PIOc_freedecomp Enter - MemInfo: [malloc] Space allocated in mmapped regions:          4198400 Byte
20220314 010944.038 INFO             PET0 PIOc_freedecomp Enter - MemInfo: [malloc] Maximum total allocated space:                     0 Byte
20220314 010944.038 INFO             PET0 PIOc_freedecomp Enter - MemInfo: [malloc] Space in freed fastbin blocks:                   160 Byte
20220314 010944.038 INFO             PET0 PIOc_freedecomp Enter - MemInfo: [malloc] Total allocated space:                       1074112 Byte
20220314 010944.038 INFO             PET0 PIOc_freedecomp Enter - MemInfo: [malloc] Total free space:                            9074048 Byte
20220314 010944.038 INFO             PET0 PIOc_freedecomp Enter - MemInfo: [malloc] Top-most, releasable space:                  9047904 Byte
20220314 010944.038 INFO             PET0 PIOc_freedecomp Enter - MemInfo: [malloc] Total space in use, mmap + non-mmap:         5272512 Byte
20220314 010944.038 INFO             PET0 PIOc_freedecomp Enter - MemInfo: [malloc] Total space held (mmap + non-mmap):         14346560 Byte
20220314 010944.038 INFO             PET0 PIOc_freedecomp Enter - MemInfo: [malloc] Total space used (mmap + non-mmap):          5280720 Byte
20220314 010944.038 INFO             PET0 PIOc_freedecomp Enter - MemInfo: Wall-clock time since execution start:               0.303155 seconds
20220314 010944.038 INFO             PET0 PIOc_freedecomp Exit - MemInfo: [/proc/meminfo - SSI]	MemTotal:       65855856 kB
20220314 010944.038 INFO             PET0 PIOc_freedecomp Exit - MemInfo: [/proc/meminfo - SSI]	MemFree:        61321832 kB
20220314 010944.038 INFO             PET0 PIOc_freedecomp Exit - MemInfo: [/proc/meminfo - SSI]	MemAvailable:   61091000 kB
20220314 010944.038 INFO             PET0 PIOc_freedecomp Exit - MemInfo: [/proc/meminfo - SSI]	Committed_AS:    2832284 kB
20220314 010944.038 INFO             PET0 PIOc_freedecomp Exit - MemInfo: [/proc/meminfo - SSI]	CommittedPercent: 4.30073 %
20220314 010944.039 INFO             PET0 PIOc_freedecomp Exit - MemInfo: [/proc/self/status]	VmPeak:	   80660 kB
20220314 010944.039 INFO             PET0 PIOc_freedecomp Exit - MemInfo: [/proc/self/status]	VmSize:	   80660 kB
20220314 010944.039 INFO             PET0 PIOc_freedecomp Exit - MemInfo: [/proc/self/status]	VmLck:	       0 kB
20220314 010944.039 INFO             PET0 PIOc_freedecomp Exit - MemInfo: [/proc/self/status]	VmPin:	       0 kB
20220314 010944.039 INFO             PET0 PIOc_freedecomp Exit - MemInfo: [/proc/self/status]	VmHWM:	   18456 kB
20220314 010944.039 INFO             PET0 PIOc_freedecomp Exit - MemInfo: [/proc/self/status]	VmRSS:	   18456 kB
20220314 010944.039 INFO             PET0 PIOc_freedecomp Exit - MemInfo: [/proc/self/status]	VmData:	   18248 kB
20220314 010944.039 INFO             PET0 PIOc_freedecomp Exit - MemInfo: [/proc/self/status]	VmStk:	     164 kB
20220314 010944.039 INFO             PET0 PIOc_freedecomp Exit - MemInfo: [/proc/self/status]	VmExe:	   27412 kB
20220314 010944.039 INFO             PET0 PIOc_freedecomp Exit - MemInfo: [/proc/self/status]	VmLib:	    1952 kB
20220314 010944.039 INFO             PET0 PIOc_freedecomp Exit - MemInfo: [/proc/self/status]	VmPTE:	     144 kB
20220314 010944.039 INFO             PET0 PIOc_freedecomp Exit - MemInfo: [/proc/self/status]	VmPMD:	      12 kB
20220314 010944.039 INFO             PET0 PIOc_freedecomp Exit - MemInfo: [/proc/self/status]	VmSwap:	       0 kB
20220314 010944.039 INFO             PET0 PIOc_freedecomp Exit - MemInfo: [/proc/self/status]	VmRSSPercent: 0.0280248 %
20220314 010944.039 INFO             PET0 PIOc_freedecomp Exit - MemInfo: [malloc] Non-mmapped space allocated:                10148160 Byte
20220314 010944.039 INFO             PET0 PIOc_freedecomp Exit - MemInfo: [malloc] Space allocated in mmapped regions:          4198400 Byte
20220314 010944.039 INFO             PET0 PIOc_freedecomp Exit - MemInfo: [malloc] Maximum total allocated space:                     0 Byte
20220314 010944.039 INFO             PET0 PIOc_freedecomp Exit - MemInfo: [malloc] Space in freed fastbin blocks:                   688 Byte
20220314 010944.039 INFO             PET0 PIOc_freedecomp Exit - MemInfo: [malloc] Total allocated space:                       1072576 Byte
20220314 010944.039 INFO             PET0 PIOc_freedecomp Exit - MemInfo: [malloc] Total free space:                            9075584 Byte
20220314 010944.039 INFO             PET0 PIOc_freedecomp Exit - MemInfo: [malloc] Top-most, releasable space:                  9047904 Byte
20220314 010944.039 INFO             PET0 PIOc_freedecomp Exit - MemInfo: [malloc] Total space in use, mmap + non-mmap:         5270976 Byte
20220314 010944.039 INFO             PET0 PIOc_freedecomp Exit - MemInfo: [malloc] Total space held (mmap + non-mmap):         14346560 Byte
20220314 010944.039 INFO             PET0 PIOc_freedecomp Exit - MemInfo: [malloc] Total space used (mmap + non-mmap):          5279184 Byte
20220314 010944.039 INFO             PET0 PIOc_freedecomp Exit - MemInfo: Wall-clock time since execution start:               0.303666 seconds
20220314 010944.039 INFO             PET0  PASS  Write ESMF_Array without Halo to NetCDF Test, ESMF_ArrayIOUTest.F90, line 274
20220314 010944.039 INFO             PET0  PASS  Create Array without Halo for PIO Read, ESMF_ArrayIOUTest.F90, line 288
20220314 010944.039 INFO             PET0  PASS  Create Array with Halo for PIO Read, ESMF_ArrayIOUTest.F90, line 299
20220314 010944.039 INFO             PET0  PASS  Create Array with Halo for PIO Read, ESMF_ArrayIOUTest.F90, line 309
20220314 010944.041 WARNING          PET0 ESMCI_PIO_Handler.C:1344 ESMCI::PIO_Handler::open()  Unable to set fill on file: file3D_wouthalo.nc, (PIO/NetCDF error = NetCDF: Write to read only)
20220314 010944.042 INFO             PET0 PIOc_sync Enter - MemInfo: [/proc/meminfo - SSI]	MemTotal:       65855856 kB
20220314 010944.042 INFO             PET0 PIOc_sync Enter - MemInfo: [/proc/meminfo - SSI]	MemFree:        61321832 kB
20220314 010944.042 INFO             PET0 PIOc_sync Enter - MemInfo: [/proc/meminfo - SSI]	MemAvailable:   61091000 kB
20220314 010944.042 INFO             PET0 PIOc_sync Enter - MemInfo: [/proc/meminfo - SSI]	Committed_AS:    2832284 kB
20220314 010944.042 INFO             PET0 PIOc_sync Enter - MemInfo: [/proc/meminfo - SSI]	CommittedPercent: 4.30073 %
20220314 010944.042 INFO             PET0 PIOc_sync Enter - MemInfo: [/proc/self/status]	VmPeak:	   80660 kB
20220314 010944.042 INFO             PET0 PIOc_sync Enter - MemInfo: [/proc/self/status]	VmSize:	   80600 kB
20220314 010944.042 INFO             PET0 PIOc_sync Enter - MemInfo: [/proc/self/status]	VmLck:	       0 kB
20220314 010944.042 INFO             PET0 PIOc_sync Enter - MemInfo: [/proc/self/status]	VmPin:	       0 kB
20220314 010944.042 INFO             PET0 PIOc_sync Enter - MemInfo: [/proc/self/status]	VmHWM:	   18704 kB
20220314 010944.042 INFO             PET0 PIOc_sync Enter - MemInfo: [/proc/self/status]	VmRSS:	   18664 kB
20220314 010944.042 INFO             PET0 PIOc_sync Enter - MemInfo: [/proc/self/status]	VmData:	   18248 kB
20220314 010944.042 INFO             PET0 PIOc_sync Enter - MemInfo: [/proc/self/status]	VmStk:	     164 kB
20220314 010944.042 INFO             PET0 PIOc_sync Enter - MemInfo: [/proc/self/status]	VmExe:	   27412 kB
20220314 010944.042 INFO             PET0 PIOc_sync Enter - MemInfo: [/proc/self/status]	VmLib:	    1952 kB
20220314 010944.042 INFO             PET0 PIOc_sync Enter - MemInfo: [/proc/self/status]	VmPTE:	     144 kB
20220314 010944.042 INFO             PET0 PIOc_sync Enter - MemInfo: [/proc/self/status]	VmPMD:	      12 kB
20220314 010944.042 INFO             PET0 PIOc_sync Enter - MemInfo: [/proc/self/status]	VmSwap:	       0 kB
20220314 010944.043 INFO             PET0 PIOc_sync Enter - MemInfo: [/proc/self/status]	VmRSSPercent: 0.0283407 %
20220314 010944.043 INFO             PET0 PIOc_sync Enter - MemInfo: [malloc] Non-mmapped space allocated:                10148160 Byte
20220314 010944.043 INFO             PET0 PIOc_sync Enter - MemInfo: [malloc] Space allocated in mmapped regions:          4198400 Byte
20220314 010944.043 INFO             PET0 PIOc_sync Enter - MemInfo: [malloc] Maximum total allocated space:                     0 Byte
20220314 010944.043 INFO             PET0 PIOc_sync Enter - MemInfo: [malloc] Space in freed fastbin blocks:                     0 Byte
20220314 010944.043 INFO             PET0 PIOc_sync Enter - MemInfo: [malloc] Total allocated space:                      10038688 Byte
20220314 010944.043 INFO             PET0 PIOc_sync Enter - MemInfo: [malloc] Total free space:                             109472 Byte
20220314 010944.043 INFO             PET0 PIOc_sync Enter - MemInfo: [malloc] Top-most, releasable space:                   107504 Byte
20220314 010944.043 INFO             PET0 PIOc_sync Enter - MemInfo: [malloc] Total space in use, mmap + non-mmap:        14237088 Byte
20220314 010944.043 INFO             PET0 PIOc_sync Enter - MemInfo: [malloc] Total space held (mmap + non-mmap):         14346560 Byte
20220314 010944.043 INFO             PET0 PIOc_sync Enter - MemInfo: [malloc] Total space used (mmap + non-mmap):         14245296 Byte
20220314 010944.043 INFO             PET0 PIOc_sync Enter - MemInfo: Wall-clock time since execution start:               0.307492 seconds
20220314 010944.043 INFO             PET0 PIOc_sync Exit - MemInfo: [/proc/meminfo - SSI]	MemTotal:       65855856 kB
20220314 010944.043 INFO             PET0 PIOc_sync Exit - MemInfo: [/proc/meminfo - SSI]	MemFree:        61321832 kB
20220314 010944.043 INFO             PET0 PIOc_sync Exit - MemInfo: [/proc/meminfo - SSI]	MemAvailable:   61091000 kB
20220314 010944.043 INFO             PET0 PIOc_sync Exit - MemInfo: [/proc/meminfo - SSI]	Committed_AS:    2832284 kB
20220314 010944.043 INFO             PET0 PIOc_sync Exit - MemInfo: [/proc/meminfo - SSI]	CommittedPercent: 4.30073 %
20220314 010944.043 INFO             PET0 PIOc_sync Exit - MemInfo: [/proc/self/status]	VmPeak:	   80660 kB
20220314 010944.043 INFO             PET0 PIOc_sync Exit - MemInfo: [/proc/self/status]	VmSize:	   80600 kB
20220314 010944.043 INFO             PET0 PIOc_sync Exit - MemInfo: [/proc/self/status]	VmLck:	       0 kB
20220314 010944.043 INFO             PET0 PIOc_sync Exit - MemInfo: [/proc/self/status]	VmPin:	       0 kB
20220314 010944.043 INFO             PET0 PIOc_sync Exit - MemInfo: [/proc/self/status]	VmHWM:	   18704 kB
20220314 010944.043 INFO             PET0 PIOc_sync Exit - MemInfo: [/proc/self/status]	VmRSS:	   18664 kB
20220314 010944.043 INFO             PET0 PIOc_sync Exit - MemInfo: [/proc/self/status]	VmData:	   18248 kB
20220314 010944.043 INFO             PET0 PIOc_sync Exit - MemInfo: [/proc/self/status]	VmStk:	     164 kB
20220314 010944.043 INFO             PET0 PIOc_sync Exit - MemInfo: [/proc/self/status]	VmExe:	   27412 kB
20220314 010944.043 INFO             PET0 PIOc_sync Exit - MemInfo: [/proc/self/status]	VmLib:	    1952 kB
20220314 010944.043 INFO             PET0 PIOc_sync Exit - MemInfo: [/proc/self/status]	VmPTE:	     144 kB
20220314 010944.043 INFO             PET0 PIOc_sync Exit - MemInfo: [/proc/self/status]	VmPMD:	      12 kB
20220314 010944.043 INFO             PET0 PIOc_sync Exit - MemInfo: [/proc/self/status]	VmSwap:	       0 kB
20220314 010944.043 INFO             PET0 PIOc_sync Exit - MemInfo: [/proc/self/status]	VmRSSPercent: 0.0283407 %
20220314 010944.043 INFO             PET0 PIOc_sync Exit - MemInfo: [malloc] Non-mmapped space allocated:                10148160 Byte
20220314 010944.043 INFO             PET0 PIOc_sync Exit - MemInfo: [malloc] Space allocated in mmapped regions:          4198400 Byte
20220314 010944.043 INFO             PET0 PIOc_sync Exit - MemInfo: [malloc] Maximum total allocated space:                     0 Byte
20220314 010944.043 INFO             PET0 PIOc_sync Exit - MemInfo: [malloc] Space in freed fastbin blocks:                     0 Byte
20220314 010944.043 INFO             PET0 PIOc_sync Exit - MemInfo: [malloc] Total allocated space:                      10038688 Byte
20220314 010944.043 INFO             PET0 PIOc_sync Exit - MemInfo: [malloc] Total free space:                             109472 Byte
20220314 010944.043 INFO             PET0 PIOc_sync Exit - MemInfo: [malloc] Top-most, releasable space:                   107280 Byte
20220314 010944.043 INFO             PET0 PIOc_sync Exit - MemInfo: [malloc] Total space in use, mmap + non-mmap:        14237088 Byte
20220314 010944.043 INFO             PET0 PIOc_sync Exit - MemInfo: [malloc] Total space held (mmap + non-mmap):         14346560 Byte
20220314 010944.043 INFO             PET0 PIOc_sync Exit - MemInfo: [malloc] Total space used (mmap + non-mmap):         14245296 Byte
20220314 010944.043 INFO             PET0 PIOc_sync Exit - MemInfo: Wall-clock time since execution start:               0.308078 seconds
20220314 010944.043 INFO             PET0 PIOc_freedecomp Enter - MemInfo: [/proc/meminfo - SSI]	MemTotal:       65855856 kB
20220314 010944.043 INFO             PET0 PIOc_freedecomp Enter - MemInfo: [/proc/meminfo - SSI]	MemFree:        61321832 kB
20220314 010944.043 INFO             PET0 PIOc_freedecomp Enter - MemInfo: [/proc/meminfo - SSI]	MemAvailable:   61091000 kB
20220314 010944.043 INFO             PET0 PIOc_freedecomp Enter - MemInfo: [/proc/meminfo - SSI]	Committed_AS:    2832284 kB
20220314 010944.044 INFO             PET0 PIOc_freedecomp Enter - MemInfo: [/proc/meminfo - SSI]	CommittedPercent: 4.30073 %
20220314 010944.044 INFO             PET0 PIOc_freedecomp Enter - MemInfo: [/proc/self/status]	VmPeak:	   80660 kB
20220314 010944.044 INFO             PET0 PIOc_freedecomp Enter - MemInfo: [/proc/self/status]	VmSize:	   80600 kB
20220314 010944.044 INFO             PET0 PIOc_freedecomp Enter - MemInfo: [/proc/self/status]	VmLck:	       0 kB
20220314 010944.044 INFO             PET0 PIOc_freedecomp Enter - MemInfo: [/proc/self/status]	VmPin:	       0 kB
20220314 010944.044 INFO             PET0 PIOc_freedecomp Enter - MemInfo: [/proc/self/status]	VmHWM:	   18704 kB
20220314 010944.044 INFO             PET0 PIOc_freedecomp Enter - MemInfo: [/proc/self/status]	VmRSS:	   18664 kB
20220314 010944.044 INFO             PET0 PIOc_freedecomp Enter - MemInfo: [/proc/self/status]	VmData:	   18248 kB
20220314 010944.044 INFO             PET0 PIOc_freedecomp Enter - MemInfo: [/proc/self/status]	VmStk:	     164 kB
20220314 010944.044 INFO             PET0 PIOc_freedecomp Enter - MemInfo: [/proc/self/status]	VmExe:	   27412 kB
20220314 010944.044 INFO             PET0 PIOc_freedecomp Enter - MemInfo: [/proc/self/status]	VmLib:	    1952 kB
20220314 010944.044 INFO             PET0 PIOc_freedecomp Enter - MemInfo: [/proc/self/status]	VmPTE:	     144 kB
20220314 010944.044 INFO             PET0 PIOc_freedecomp Enter - MemInfo: [/proc/self/status]	VmPMD:	      12 kB
20220314 010944.044 INFO             PET0 PIOc_freedecomp Enter - MemInfo: [/proc/self/status]	VmSwap:	       0 kB
20220314 010944.044 INFO             PET0 PIOc_freedecomp Enter - MemInfo: [/proc/self/status]	VmRSSPercent: 0.0283407 %
20220314 010944.044 INFO             PET0 PIOc_freedecomp Enter - MemInfo: [malloc] Non-mmapped space allocated:                10148160 Byte
20220314 010944.044 INFO             PET0 PIOc_freedecomp Enter - MemInfo: [malloc] Space allocated in mmapped regions:          4198400 Byte
20220314 010944.044 INFO             PET0 PIOc_freedecomp Enter - MemInfo: [malloc] Maximum total allocated space:                     0 Byte
20220314 010944.044 INFO             PET0 PIOc_freedecomp Enter - MemInfo: [malloc] Space in freed fastbin blocks:                    48 Byte
20220314 010944.044 INFO             PET0 PIOc_freedecomp Enter - MemInfo: [malloc] Total allocated space:                       1113440 Byte
20220314 010944.044 INFO             PET0 PIOc_freedecomp Enter - MemInfo: [malloc] Total free space:                            9034720 Byte
20220314 010944.044 INFO             PET0 PIOc_freedecomp Enter - MemInfo: [malloc] Top-most, releasable space:                   107056 Byte
20220314 010944.044 INFO             PET0 PIOc_freedecomp Enter - MemInfo: [malloc] Total space in use, mmap + non-mmap:         5311840 Byte
20220314 010944.044 INFO             PET0 PIOc_freedecomp Enter - MemInfo: [malloc] Total space held (mmap + non-mmap):         14346560 Byte
20220314 010944.044 INFO             PET0 PIOc_freedecomp Enter - MemInfo: [malloc] Total space used (mmap + non-mmap):          5320048 Byte
20220314 010944.044 INFO             PET0 PIOc_freedecomp Enter - MemInfo: Wall-clock time since execution start:               0.308698 seconds
20220314 010944.044 INFO             PET0 PIOc_freedecomp Exit - MemInfo: [/proc/meminfo - SSI]	MemTotal:       65855856 kB
20220314 010944.044 INFO             PET0 PIOc_freedecomp Exit - MemInfo: [/proc/meminfo - SSI]	MemFree:        61321832 kB
20220314 010944.044 INFO             PET0 PIOc_freedecomp Exit - MemInfo: [/proc/meminfo - SSI]	MemAvailable:   61091000 kB
20220314 010944.044 INFO             PET0 PIOc_freedecomp Exit - MemInfo: [/proc/meminfo - SSI]	Committed_AS:    2832284 kB
20220314 010944.044 INFO             PET0 PIOc_freedecomp Exit - MemInfo: [/proc/meminfo - SSI]	CommittedPercent: 4.30073 %
20220314 010944.044 INFO             PET0 PIOc_freedecomp Exit - MemInfo: [/proc/self/status]	VmPeak:	   80660 kB
20220314 010944.044 INFO             PET0 PIOc_freedecomp Exit - MemInfo: [/proc/self/status]	VmSize:	   80600 kB
20220314 010944.044 INFO             PET0 PIOc_freedecomp Exit - MemInfo: [/proc/self/status]	VmLck:	       0 kB
20220314 010944.044 INFO             PET0 PIOc_freedecomp Exit - MemInfo: [/proc/self/status]	VmPin:	       0 kB
20220314 010944.044 INFO             PET0 PIOc_freedecomp Exit - MemInfo: [/proc/self/status]	VmHWM:	   18704 kB
20220314 010944.044 INFO             PET0 PIOc_freedecomp Exit - MemInfo: [/proc/self/status]	VmRSS:	   18664 kB
20220314 010944.044 INFO             PET0 PIOc_freedecomp Exit - MemInfo: [/proc/self/status]	VmData:	   18248 kB
20220314 010944.044 INFO             PET0 PIOc_freedecomp Exit - MemInfo: [/proc/self/status]	VmStk:	     164 kB
20220314 010944.044 INFO             PET0 PIOc_freedecomp Exit - MemInfo: [/proc/self/status]	VmExe:	   27412 kB
20220314 010944.044 INFO             PET0 PIOc_freedecomp Exit - MemInfo: [/proc/self/status]	VmLib:	    1952 kB
20220314 010944.044 INFO             PET0 PIOc_freedecomp Exit - MemInfo: [/proc/self/status]	VmPTE:	     144 kB
20220314 010944.044 INFO             PET0 PIOc_freedecomp Exit - MemInfo: [/proc/self/status]	VmPMD:	      12 kB
20220314 010944.044 INFO             PET0 PIOc_freedecomp Exit - MemInfo: [/proc/self/status]	VmSwap:	       0 kB
20220314 010944.044 INFO             PET0 PIOc_freedecomp Exit - MemInfo: [/proc/self/status]	VmRSSPercent: 0.0283407 %
20220314 010944.044 INFO             PET0 PIOc_freedecomp Exit - MemInfo: [malloc] Non-mmapped space allocated:                10148160 Byte
20220314 010944.044 INFO             PET0 PIOc_freedecomp Exit - MemInfo: [malloc] Space allocated in mmapped regions:          4198400 Byte
20220314 010944.044 INFO             PET0 PIOc_freedecomp Exit - MemInfo: [malloc] Maximum total allocated space:                     0 Byte
20220314 010944.044 INFO             PET0 PIOc_freedecomp Exit - MemInfo: [malloc] Space in freed fastbin blocks:                    80 Byte
20220314 010944.044 INFO             PET0 PIOc_freedecomp Exit - MemInfo: [malloc] Total allocated space:                       1112288 Byte
20220314 010944.044 INFO             PET0 PIOc_freedecomp Exit - MemInfo: [malloc] Total free space:                            9035872 Byte
20220314 010944.044 INFO             PET0 PIOc_freedecomp Exit - MemInfo: [malloc] Top-most, releasable space:                   108032 Byte
20220314 010944.044 INFO             PET0 PIOc_freedecomp Exit - MemInfo: [malloc] Total space in use, mmap + non-mmap:         5310688 Byte
20220314 010944.044 INFO             PET0 PIOc_freedecomp Exit - MemInfo: [malloc] Total space held (mmap + non-mmap):         14346560 Byte
20220314 010944.044 INFO             PET0 PIOc_freedecomp Exit - MemInfo: [malloc] Total space used (mmap + non-mmap):          5318896 Byte
20220314 010944.044 INFO             PET0 PIOc_freedecomp Exit - MemInfo: Wall-clock time since execution start:               0.309148 seconds
20220314 010944.044 INFO             PET0  PASS  Read ESMF_Array without Halo from NetCDF file Test, ESMF_ArrayIOUTest.F90, line 330
20220314 010944.045 INFO             PET0  PASS  Compare read in data to the existing data - 3D without halo, ESMF_ArrayIOUTest.F90, line 353
20220314 010944.046 WARNING          PET0 ESMCI_PIO_Handler.C:1344 ESMCI::PIO_Handler::open()  Unable to set fill on file: file3D_withhalo.nc, (PIO/NetCDF error = NetCDF: Write to read only)
20220314 010944.046 INFO             PET0 PIOc_sync Enter - MemInfo: [/proc/meminfo - SSI]	MemTotal:       65855856 kB
20220314 010944.046 INFO             PET0 PIOc_sync Enter - MemInfo: [/proc/meminfo - SSI]	MemFree:        61321328 kB
20220314 010944.046 INFO             PET0 PIOc_sync Enter - MemInfo: [/proc/meminfo - SSI]	MemAvailable:   61090496 kB
20220314 010944.046 INFO             PET0 PIOc_sync Enter - MemInfo: [/proc/meminfo - SSI]	Committed_AS:    2832284 kB
20220314 010944.046 INFO             PET0 PIOc_sync Enter - MemInfo: [/proc/meminfo - SSI]	CommittedPercent: 4.30073 %
20220314 010944.046 INFO             PET0 PIOc_sync Enter - MemInfo: [/proc/self/status]	VmPeak:	   80660 kB
20220314 010944.046 INFO             PET0 PIOc_sync Enter - MemInfo: [/proc/self/status]	VmSize:	   80600 kB
20220314 010944.046 INFO             PET0 PIOc_sync Enter - MemInfo: [/proc/self/status]	VmLck:	       0 kB
20220314 010944.046 INFO             PET0 PIOc_sync Enter - MemInfo: [/proc/self/status]	VmPin:	       0 kB
20220314 010944.046 INFO             PET0 PIOc_sync Enter - MemInfo: [/proc/self/status]	VmHWM:	   18704 kB
20220314 010944.046 INFO             PET0 PIOc_sync Enter - MemInfo: [/proc/self/status]	VmRSS:	   18664 kB
20220314 010944.046 INFO             PET0 PIOc_sync Enter - MemInfo: [/proc/self/status]	VmData:	   18248 kB
20220314 010944.046 INFO             PET0 PIOc_sync Enter - MemInfo: [/proc/self/status]	VmStk:	     164 kB
20220314 010944.046 INFO             PET0 PIOc_sync Enter - MemInfo: [/proc/self/status]	VmExe:	   27412 kB
20220314 010944.046 INFO             PET0 PIOc_sync Enter - MemInfo: [/proc/self/status]	VmLib:	    1952 kB
20220314 010944.046 INFO             PET0 PIOc_sync Enter - MemInfo: [/proc/self/status]	VmPTE:	     148 kB
20220314 010944.046 INFO             PET0 PIOc_sync Enter - MemInfo: [/proc/self/status]	VmPMD:	      12 kB
20220314 010944.046 INFO             PET0 PIOc_sync Enter - MemInfo: [/proc/self/status]	VmSwap:	       0 kB
20220314 010944.046 INFO             PET0 PIOc_sync Enter - MemInfo: [/proc/self/status]	VmRSSPercent: 0.0283407 %
20220314 010944.046 INFO             PET0 PIOc_sync Enter - MemInfo: [malloc] Non-mmapped space allocated:                10148160 Byte
20220314 010944.046 INFO             PET0 PIOc_sync Enter - MemInfo: [malloc] Space allocated in mmapped regions:          4198400 Byte
20220314 010944.046 INFO             PET0 PIOc_sync Enter - MemInfo: [malloc] Maximum total allocated space:                     0 Byte
20220314 010944.046 INFO             PET0 PIOc_sync Enter - MemInfo: [malloc] Space in freed fastbin blocks:                     0 Byte
20220314 010944.046 INFO             PET0 PIOc_sync Enter - MemInfo: [malloc] Total allocated space:                      10053232 Byte
20220314 010944.046 INFO             PET0 PIOc_sync Enter - MemInfo: [malloc] Total free space:                              94928 Byte
20220314 010944.046 INFO             PET0 PIOc_sync Enter - MemInfo: [malloc] Top-most, releasable space:                    55280 Byte
20220314 010944.046 INFO             PET0 PIOc_sync Enter - MemInfo: [malloc] Total space in use, mmap + non-mmap:        14251632 Byte
20220314 010944.046 INFO             PET0 PIOc_sync Enter - MemInfo: [malloc] Total space held (mmap + non-mmap):         14346560 Byte
20220314 010944.046 INFO             PET0 PIOc_sync Enter - MemInfo: [malloc] Total space used (mmap + non-mmap):         14259840 Byte
20220314 010944.046 INFO             PET0 PIOc_sync Enter - MemInfo: Wall-clock time since execution start:                0.31115 seconds
20220314 010944.046 INFO             PET0 PIOc_sync Exit - MemInfo: [/proc/meminfo - SSI]	MemTotal:       65855856 kB
20220314 010944.046 INFO             PET0 PIOc_sync Exit - MemInfo: [/proc/meminfo - SSI]	MemFree:        61321328 kB
20220314 010944.046 INFO             PET0 PIOc_sync Exit - MemInfo: [/proc/meminfo - SSI]	MemAvailable:   61090496 kB
20220314 010944.046 INFO             PET0 PIOc_sync Exit - MemInfo: [/proc/meminfo - SSI]	Committed_AS:    2832284 kB
20220314 010944.046 INFO             PET0 PIOc_sync Exit - MemInfo: [/proc/meminfo - SSI]	CommittedPercent: 4.30073 %
20220314 010944.047 INFO             PET0 PIOc_sync Exit - MemInfo: [/proc/self/status]	VmPeak:	   80660 kB
20220314 010944.047 INFO             PET0 PIOc_sync Exit - MemInfo: [/proc/self/status]	VmSize:	   80600 kB
20220314 010944.047 INFO             PET0 PIOc_sync Exit - MemInfo: [/proc/self/status]	VmLck:	       0 kB
20220314 010944.047 INFO             PET0 PIOc_sync Exit - MemInfo: [/proc/self/status]	VmPin:	       0 kB
20220314 010944.047 INFO             PET0 PIOc_sync Exit - MemInfo: [/proc/self/status]	VmHWM:	   18704 kB
20220314 010944.047 INFO             PET0 PIOc_sync Exit - MemInfo: [/proc/self/status]	VmRSS:	   18664 kB
20220314 010944.047 INFO             PET0 PIOc_sync Exit - MemInfo: [/proc/self/status]	VmData:	   18248 kB
20220314 010944.047 INFO             PET0 PIOc_sync Exit - MemInfo: [/proc/self/status]	VmStk:	     164 kB
20220314 010944.047 INFO             PET0 PIOc_sync Exit - MemInfo: [/proc/self/status]	VmExe:	   27412 kB
20220314 010944.047 INFO             PET0 PIOc_sync Exit - MemInfo: [/proc/self/status]	VmLib:	    1952 kB
20220314 010944.047 INFO             PET0 PIOc_sync Exit - MemInfo: [/proc/self/status]	VmPTE:	     148 kB
20220314 010944.047 INFO             PET0 PIOc_sync Exit - MemInfo: [/proc/self/status]	VmPMD:	      12 kB
20220314 010944.047 INFO             PET0 PIOc_sync Exit - MemInfo: [/proc/self/status]	VmSwap:	       0 kB
20220314 010944.047 INFO             PET0 PIOc_sync Exit - MemInfo: [/proc/self/status]	VmRSSPercent: 0.0283407 %
20220314 010944.047 INFO             PET0 PIOc_sync Exit - MemInfo: [malloc] Non-mmapped space allocated:                10148160 Byte
20220314 010944.047 INFO             PET0 PIOc_sync Exit - MemInfo: [malloc] Space allocated in mmapped regions:          4198400 Byte
20220314 010944.047 INFO             PET0 PIOc_sync Exit - MemInfo: [malloc] Maximum total allocated space:                     0 Byte
20220314 010944.047 INFO             PET0 PIOc_sync Exit - MemInfo: [malloc] Space in freed fastbin blocks:                     0 Byte
20220314 010944.047 INFO             PET0 PIOc_sync Exit - MemInfo: [malloc] Total allocated space:                      10053232 Byte
20220314 010944.047 INFO             PET0 PIOc_sync Exit - MemInfo: [malloc] Total free space:                              94928 Byte
20220314 010944.047 INFO             PET0 PIOc_sync Exit - MemInfo: [malloc] Top-most, releasable space:                    55280 Byte
20220314 010944.047 INFO             PET0 PIOc_sync Exit - MemInfo: [malloc] Total space in use, mmap + non-mmap:        14251632 Byte
20220314 010944.047 INFO             PET0 PIOc_sync Exit - MemInfo: [malloc] Total space held (mmap + non-mmap):         14346560 Byte
20220314 010944.047 INFO             PET0 PIOc_sync Exit - MemInfo: [malloc] Total space used (mmap + non-mmap):         14259840 Byte
20220314 010944.047 INFO             PET0 PIOc_sync Exit - MemInfo: Wall-clock time since execution start:               0.311608 seconds
20220314 010944.047 INFO             PET0 PIOc_freedecomp Enter - MemInfo: [/proc/meminfo - SSI]	MemTotal:       65855856 kB
20220314 010944.047 INFO             PET0 PIOc_freedecomp Enter - MemInfo: [/proc/meminfo - SSI]	MemFree:        61321328 kB
20220314 010944.047 INFO             PET0 PIOc_freedecomp Enter - MemInfo: [/proc/meminfo - SSI]	MemAvailable:   61090496 kB
20220314 010944.047 INFO             PET0 PIOc_freedecomp Enter - MemInfo: [/proc/meminfo - SSI]	Committed_AS:    2832284 kB
20220314 010944.047 INFO             PET0 PIOc_freedecomp Enter - MemInfo: [/proc/meminfo - SSI]	CommittedPercent: 4.30073 %
20220314 010944.047 INFO             PET0 PIOc_freedecomp Enter - MemInfo: [/proc/self/status]	VmPeak:	   80660 kB
20220314 010944.047 INFO             PET0 PIOc_freedecomp Enter - MemInfo: [/proc/self/status]	VmSize:	   80600 kB
20220314 010944.047 INFO             PET0 PIOc_freedecomp Enter - MemInfo: [/proc/self/status]	VmLck:	       0 kB
20220314 010944.047 INFO             PET0 PIOc_freedecomp Enter - MemInfo: [/proc/self/status]	VmPin:	       0 kB
20220314 010944.047 INFO             PET0 PIOc_freedecomp Enter - MemInfo: [/proc/self/status]	VmHWM:	   18704 kB
20220314 010944.047 INFO             PET0 PIOc_freedecomp Enter - MemInfo: [/proc/self/status]	VmRSS:	   18664 kB
20220314 010944.047 INFO             PET0 PIOc_freedecomp Enter - MemInfo: [/proc/self/status]	VmData:	   18248 kB
20220314 010944.047 INFO             PET0 PIOc_freedecomp Enter - MemInfo: [/proc/self/status]	VmStk:	     164 kB
20220314 010944.047 INFO             PET0 PIOc_freedecomp Enter - MemInfo: [/proc/self/status]	VmExe:	   27412 kB
20220314 010944.047 INFO             PET0 PIOc_freedecomp Enter - MemInfo: [/proc/self/status]	VmLib:	    1952 kB
20220314 010944.047 INFO             PET0 PIOc_freedecomp Enter - MemInfo: [/proc/self/status]	VmPTE:	     148 kB
20220314 010944.047 INFO             PET0 PIOc_freedecomp Enter - MemInfo: [/proc/self/status]	VmPMD:	      12 kB
20220314 010944.047 INFO             PET0 PIOc_freedecomp Enter - MemInfo: [/proc/self/status]	VmSwap:	       0 kB
20220314 010944.047 INFO             PET0 PIOc_freedecomp Enter - MemInfo: [/proc/self/status]	VmRSSPercent: 0.0283407 %
20220314 010944.047 INFO             PET0 PIOc_freedecomp Enter - MemInfo: [malloc] Non-mmapped space allocated:                10148160 Byte
20220314 010944.047 INFO             PET0 PIOc_freedecomp Enter - MemInfo: [malloc] Space allocated in mmapped regions:          4198400 Byte
20220314 010944.047 INFO             PET0 PIOc_freedecomp Enter - MemInfo: [malloc] Maximum total allocated space:                     0 Byte
20220314 010944.047 INFO             PET0 PIOc_freedecomp Enter - MemInfo: [malloc] Space in freed fastbin blocks:                    48 Byte
20220314 010944.047 INFO             PET0 PIOc_freedecomp Enter - MemInfo: [malloc] Total allocated space:                       1128416 Byte
20220314 010944.047 INFO             PET0 PIOc_freedecomp Enter - MemInfo: [malloc] Total free space:                            9019744 Byte
20220314 010944.047 INFO             PET0 PIOc_freedecomp Enter - MemInfo: [malloc] Top-most, releasable space:                    55280 Byte
20220314 010944.047 INFO             PET0 PIOc_freedecomp Enter - MemInfo: [malloc] Total space in use, mmap + non-mmap:         5326816 Byte
20220314 010944.047 INFO             PET0 PIOc_freedecomp Enter - MemInfo: [malloc] Total space held (mmap + non-mmap):         14346560 Byte
20220314 010944.047 INFO             PET0 PIOc_freedecomp Enter - MemInfo: [malloc] Total space used (mmap + non-mmap):          5335024 Byte
20220314 010944.047 INFO             PET0 PIOc_freedecomp Enter - MemInfo: Wall-clock time since execution start:               0.312275 seconds
20220314 010944.047 INFO             PET0 PIOc_freedecomp Exit - MemInfo: [/proc/meminfo - SSI]	MemTotal:       65855856 kB
20220314 010944.048 INFO             PET0 PIOc_freedecomp Exit - MemInfo: [/proc/meminfo - SSI]	MemFree:        61320824 kB
20220314 010944.048 INFO             PET0 PIOc_freedecomp Exit - MemInfo: [/proc/meminfo - SSI]	MemAvailable:   61089992 kB
20220314 010944.048 INFO             PET0 PIOc_freedecomp Exit - MemInfo: [/proc/meminfo - SSI]	Committed_AS:    2832284 kB
20220314 010944.048 INFO             PET0 PIOc_freedecomp Exit - MemInfo: [/proc/meminfo - SSI]	CommittedPercent: 4.30073 %
20220314 010944.048 INFO             PET0 PIOc_freedecomp Exit - MemInfo: [/proc/self/status]	VmPeak:	   80660 kB
20220314 010944.048 INFO             PET0 PIOc_freedecomp Exit - MemInfo: [/proc/self/status]	VmSize:	   80600 kB
20220314 010944.048 INFO             PET0 PIOc_freedecomp Exit - MemInfo: [/proc/self/status]	VmLck:	       0 kB
20220314 010944.048 INFO             PET0 PIOc_freedecomp Exit - MemInfo: [/proc/self/status]	VmPin:	       0 kB
20220314 010944.048 INFO             PET0 PIOc_freedecomp Exit - MemInfo: [/proc/self/status]	VmHWM:	   18704 kB
20220314 010944.048 INFO             PET0 PIOc_freedecomp Exit - MemInfo: [/proc/self/status]	VmRSS:	   18664 kB
20220314 010944.048 INFO             PET0 PIOc_freedecomp Exit - MemInfo: [/proc/self/status]	VmData:	   18248 kB
20220314 010944.048 INFO             PET0 PIOc_freedecomp Exit - MemInfo: [/proc/self/status]	VmStk:	     164 kB
20220314 010944.048 INFO             PET0 PIOc_freedecomp Exit - MemInfo: [/proc/self/status]	VmExe:	   27412 kB
20220314 010944.048 INFO             PET0 PIOc_freedecomp Exit - MemInfo: [/proc/self/status]	VmLib:	    1952 kB
20220314 010944.048 INFO             PET0 PIOc_freedecomp Exit - MemInfo: [/proc/self/status]	VmPTE:	     148 kB
20220314 010944.048 INFO             PET0 PIOc_freedecomp Exit - MemInfo: [/proc/self/status]	VmPMD:	      12 kB
20220314 010944.048 INFO             PET0 PIOc_freedecomp Exit - MemInfo: [/proc/self/status]	VmSwap:	       0 kB
20220314 010944.048 INFO             PET0 PIOc_freedecomp Exit - MemInfo: [/proc/self/status]	VmRSSPercent: 0.0283407 %
20220314 010944.048 INFO             PET0 PIOc_freedecomp Exit - MemInfo: [malloc] Non-mmapped space allocated:                10148160 Byte
20220314 010944.048 INFO             PET0 PIOc_freedecomp Exit - MemInfo: [malloc] Space allocated in mmapped regions:          4198400 Byte
20220314 010944.048 INFO             PET0 PIOc_freedecomp Exit - MemInfo: [malloc] Maximum total allocated space:                     0 Byte
20220314 010944.048 INFO             PET0 PIOc_freedecomp Exit - MemInfo: [malloc] Space in freed fastbin blocks:                   544 Byte
20220314 010944.048 INFO             PET0 PIOc_freedecomp Exit - MemInfo: [malloc] Total allocated space:                       1114480 Byte
20220314 010944.048 INFO             PET0 PIOc_freedecomp Exit - MemInfo: [malloc] Total free space:                            9033680 Byte
20220314 010944.048 INFO             PET0 PIOc_freedecomp Exit - MemInfo: [malloc] Top-most, releasable space:                    55280 Byte
20220314 010944.048 INFO             PET0 PIOc_freedecomp Exit - MemInfo: [malloc] Total space in use, mmap + non-mmap:         5312880 Byte
20220314 010944.048 INFO             PET0 PIOc_freedecomp Exit - MemInfo: [malloc] Total space held (mmap + non-mmap):         14346560 Byte
20220314 010944.048 INFO             PET0 PIOc_freedecomp Exit - MemInfo: [malloc] Total space used (mmap + non-mmap):          5321088 Byte
20220314 010944.048 INFO             PET0 PIOc_freedecomp Exit - MemInfo: Wall-clock time since execution start:               0.312747 seconds
20220314 010944.048 INFO             PET0  PASS  Read ESMF_Array with Halo from NetCDF Test, ESMF_ArrayIOUTest.F90, line 380
20220314 010944.048 ERROR            PET0 ESMCI_IO_Handler.C:164 ESMCI::IO_Handler::create() Unknown I/O Format
20220314 010944.048 ERROR            PET0 ESMCI_IO.C:264 ESMCI::IO::read() Invalid argument  - Internal subroutine call returned Error
20220314 010944.048 ERROR            PET0 ESMCI_Array.C:3933 ESMCI::Array::read() Invalid argument  - Internal subroutine call returned Error
20220314 010944.048 ERROR            PET0 ESMCI_Array_F.C:831 c_esmc_arrayread() Invalid argument  - Internal subroutine call returned Error
20220314 010944.048 ERROR            PET0 ESMF_ArrayHa.F90:723 ESMF_ArrayRead Invalid argument  - Internal subroutine call returned Error
20220314 010944.048 INFO             PET0  PASS  Read ESMF_Array with Halo from binary Test, ESMF_ArrayIOUTest.F90, line 394
20220314 010944.048 INFO             PET0  PASS  Compare read in data to the existing NetCDF data - 3D with halo, ESMF_ArrayIOUTest.F90, line 412
20220314 010944.048 ERROR            PET0 ESMCI_Array.C:3914 ESMCI::Array::read() Invalid argument  - Array variable name not allowed in binary mode
20220314 010944.048 ERROR            PET0 ESMCI_Array_F.C:831 c_esmc_arrayread() Invalid argument  - Internal subroutine call returned Error
20220314 010944.048 ERROR            PET0 ESMF_ArrayHa.F90:723 ESMF_ArrayRead Invalid argument  - Internal subroutine call returned Error
20220314 010944.048 INFO             PET0  PASS  Read ESMF_Array variable with Halo from binary Test, ESMF_ArrayIOUTest.F90, line 430
20220314 010944.050 INFO             PET0 PIOc_sync Enter - MemInfo: [/proc/meminfo - SSI]	MemTotal:       65855856 kB
20220314 010944.050 INFO             PET0 PIOc_sync Enter - MemInfo: [/proc/meminfo - SSI]	MemFree:        61320824 kB
20220314 010944.050 INFO             PET0 PIOc_sync Enter - MemInfo: [/proc/meminfo - SSI]	MemAvailable:   61089992 kB
20220314 010944.050 INFO             PET0 PIOc_sync Enter - MemInfo: [/proc/meminfo - SSI]	Committed_AS:    2832284 kB
20220314 010944.050 INFO             PET0 PIOc_sync Enter - MemInfo: [/proc/meminfo - SSI]	CommittedPercent: 4.30073 %
20220314 010944.050 INFO             PET0 PIOc_sync Enter - MemInfo: [/proc/self/status]	VmPeak:	   80660 kB
20220314 010944.050 INFO             PET0 PIOc_sync Enter - MemInfo: [/proc/self/status]	VmSize:	   80600 kB
20220314 010944.050 INFO             PET0 PIOc_sync Enter - MemInfo: [/proc/self/status]	VmLck:	       0 kB
20220314 010944.050 INFO             PET0 PIOc_sync Enter - MemInfo: [/proc/self/status]	VmPin:	       0 kB
20220314 010944.050 INFO             PET0 PIOc_sync Enter - MemInfo: [/proc/self/status]	VmHWM:	   18704 kB
20220314 010944.050 INFO             PET0 PIOc_sync Enter - MemInfo: [/proc/self/status]	VmRSS:	   18664 kB
20220314 010944.050 INFO             PET0 PIOc_sync Enter - MemInfo: [/proc/self/status]	VmData:	   18248 kB
20220314 010944.050 INFO             PET0 PIOc_sync Enter - MemInfo: [/proc/self/status]	VmStk:	     164 kB
20220314 010944.050 INFO             PET0 PIOc_sync Enter - MemInfo: [/proc/self/status]	VmExe:	   27412 kB
20220314 010944.050 INFO             PET0 PIOc_sync Enter - MemInfo: [/proc/self/status]	VmLib:	    1952 kB
20220314 010944.050 INFO             PET0 PIOc_sync Enter - MemInfo: [/proc/self/status]	VmPTE:	     148 kB
20220314 010944.050 INFO             PET0 PIOc_sync Enter - MemInfo: [/proc/self/status]	VmPMD:	      12 kB
20220314 010944.050 INFO             PET0 PIOc_sync Enter - MemInfo: [/proc/self/status]	VmSwap:	       0 kB
20220314 010944.050 INFO             PET0 PIOc_sync Enter - MemInfo: [/proc/self/status]	VmRSSPercent: 0.0283407 %
20220314 010944.050 INFO             PET0 PIOc_sync Enter - MemInfo: [malloc] Non-mmapped space allocated:                10148160 Byte
20220314 010944.050 INFO             PET0 PIOc_sync Enter - MemInfo: [malloc] Space allocated in mmapped regions:          4198400 Byte
20220314 010944.050 INFO             PET0 PIOc_sync Enter - MemInfo: [malloc] Maximum total allocated space:                     0 Byte
20220314 010944.050 INFO             PET0 PIOc_sync Enter - MemInfo: [malloc] Space in freed fastbin blocks:                     0 Byte
20220314 010944.050 INFO             PET0 PIOc_sync Enter - MemInfo: [malloc] Total allocated space:                      10059776 Byte
20220314 010944.050 INFO             PET0 PIOc_sync Enter - MemInfo: [malloc] Total free space:                              88384 Byte
20220314 010944.050 INFO             PET0 PIOc_sync Enter - MemInfo: [malloc] Top-most, releasable space:                    52336 Byte
20220314 010944.050 INFO             PET0 PIOc_sync Enter - MemInfo: [malloc] Total space in use, mmap + non-mmap:        14258176 Byte
20220314 010944.050 INFO             PET0 PIOc_sync Enter - MemInfo: [malloc] Total space held (mmap + non-mmap):         14346560 Byte
20220314 010944.050 INFO             PET0 PIOc_sync Enter - MemInfo: [malloc] Total space used (mmap + non-mmap):         14266832 Byte
20220314 010944.050 INFO             PET0 PIOc_sync Enter - MemInfo: Wall-clock time since execution start:               0.314775 seconds
20220314 010944.050 INFO             PET0 PIOc_sync Exit - MemInfo: [/proc/meminfo - SSI]	MemTotal:       65855856 kB
20220314 010944.050 INFO             PET0 PIOc_sync Exit - MemInfo: [/proc/meminfo - SSI]	MemFree:        61320824 kB
20220314 010944.050 INFO             PET0 PIOc_sync Exit - MemInfo: [/proc/meminfo - SSI]	MemAvailable:   61089992 kB
20220314 010944.050 INFO             PET0 PIOc_sync Exit - MemInfo: [/proc/meminfo - SSI]	Committed_AS:    2832284 kB
20220314 010944.050 INFO             PET0 PIOc_sync Exit - MemInfo: [/proc/meminfo - SSI]	CommittedPercent: 4.30073 %
20220314 010944.050 INFO             PET0 PIOc_sync Exit - MemInfo: [/proc/self/status]	VmPeak:	   80660 kB
20220314 010944.050 INFO             PET0 PIOc_sync Exit - MemInfo: [/proc/self/status]	VmSize:	   80600 kB
20220314 010944.050 INFO             PET0 PIOc_sync Exit - MemInfo: [/proc/self/status]	VmLck:	       0 kB
20220314 010944.050 INFO             PET0 PIOc_sync Exit - MemInfo: [/proc/self/status]	VmPin:	       0 kB
20220314 010944.050 INFO             PET0 PIOc_sync Exit - MemInfo: [/proc/self/status]	VmHWM:	   18704 kB
20220314 010944.050 INFO             PET0 PIOc_sync Exit - MemInfo: [/proc/self/status]	VmRSS:	   18664 kB
20220314 010944.050 INFO             PET0 PIOc_sync Exit - MemInfo: [/proc/self/status]	VmData:	   18248 kB
20220314 010944.050 INFO             PET0 PIOc_sync Exit - MemInfo: [/proc/self/status]	VmStk:	     164 kB
20220314 010944.050 INFO             PET0 PIOc_sync Exit - MemInfo: [/proc/self/status]	VmExe:	   27412 kB
20220314 010944.050 INFO             PET0 PIOc_sync Exit - MemInfo: [/proc/self/status]	VmLib:	    1952 kB
20220314 010944.050 INFO             PET0 PIOc_sync Exit - MemInfo: [/proc/self/status]	VmPTE:	     152 kB
20220314 010944.050 INFO             PET0 PIOc_sync Exit - MemInfo: [/proc/self/status]	VmPMD:	      12 kB
20220314 010944.050 INFO             PET0 PIOc_sync Exit - MemInfo: [/proc/self/status]	VmSwap:	       0 kB
20220314 010944.050 INFO             PET0 PIOc_sync Exit - MemInfo: [/proc/self/status]	VmRSSPercent: 0.0283407 %
20220314 010944.050 INFO             PET0 PIOc_sync Exit - MemInfo: [malloc] Non-mmapped space allocated:                10148160 Byte
20220314 010944.050 INFO             PET0 PIOc_sync Exit - MemInfo: [malloc] Space allocated in mmapped regions:          4198400 Byte
20220314 010944.050 INFO             PET0 PIOc_sync Exit - MemInfo: [malloc] Maximum total allocated space:                     0 Byte
20220314 010944.050 INFO             PET0 PIOc_sync Exit - MemInfo: [malloc] Space in freed fastbin blocks:                    32 Byte
20220314 010944.050 INFO             PET0 PIOc_sync Exit - MemInfo: [malloc] Total allocated space:                      10057280 Byte
20220314 010944.050 INFO             PET0 PIOc_sync Exit - MemInfo: [malloc] Total free space:                              90880 Byte
20220314 010944.050 INFO             PET0 PIOc_sync Exit - MemInfo: [malloc] Top-most, releasable space:                    52336 Byte
20220314 010944.050 INFO             PET0 PIOc_sync Exit - MemInfo: [malloc] Total space in use, mmap + non-mmap:        14255680 Byte
20220314 010944.050 INFO             PET0 PIOc_sync Exit - MemInfo: [malloc] Total space held (mmap + non-mmap):         14346560 Byte
20220314 010944.050 INFO             PET0 PIOc_sync Exit - MemInfo: [malloc] Total space used (mmap + non-mmap):         14264000 Byte
20220314 010944.050 INFO             PET0 PIOc_sync Exit - MemInfo: Wall-clock time since execution start:               0.315307 seconds
20220314 010944.051 INFO             PET0 PIOc_freedecomp Enter - MemInfo: [/proc/meminfo - SSI]	MemTotal:       65855856 kB
20220314 010944.051 INFO             PET0 PIOc_freedecomp Enter - MemInfo: [/proc/meminfo - SSI]	MemFree:        61320824 kB
20220314 010944.051 INFO             PET0 PIOc_freedecomp Enter - MemInfo: [/proc/meminfo - SSI]	MemAvailable:   61089992 kB
20220314 010944.051 INFO             PET0 PIOc_freedecomp Enter - MemInfo: [/proc/meminfo - SSI]	Committed_AS:    2832284 kB
20220314 010944.051 INFO             PET0 PIOc_freedecomp Enter - MemInfo: [/proc/meminfo - SSI]	CommittedPercent: 4.30073 %
20220314 010944.051 INFO             PET0 PIOc_freedecomp Enter - MemInfo: [/proc/self/status]	VmPeak:	   80660 kB
20220314 010944.051 INFO             PET0 PIOc_freedecomp Enter - MemInfo: [/proc/self/status]	VmSize:	   80600 kB
20220314 010944.051 INFO             PET0 PIOc_freedecomp Enter - MemInfo: [/proc/self/status]	VmLck:	       0 kB
20220314 010944.051 INFO             PET0 PIOc_freedecomp Enter - MemInfo: [/proc/self/status]	VmPin:	       0 kB
20220314 010944.051 INFO             PET0 PIOc_freedecomp Enter - MemInfo: [/proc/self/status]	VmHWM:	   18704 kB
20220314 010944.051 INFO             PET0 PIOc_freedecomp Enter - MemInfo: [/proc/self/status]	VmRSS:	   18664 kB
20220314 010944.051 INFO             PET0 PIOc_freedecomp Enter - MemInfo: [/proc/self/status]	VmData:	   18248 kB
20220314 010944.051 INFO             PET0 PIOc_freedecomp Enter - MemInfo: [/proc/self/status]	VmStk:	     164 kB
20220314 010944.051 INFO             PET0 PIOc_freedecomp Enter - MemInfo: [/proc/self/status]	VmExe:	   27412 kB
20220314 010944.051 INFO             PET0 PIOc_freedecomp Enter - MemInfo: [/proc/self/status]	VmLib:	    1952 kB
20220314 010944.051 INFO             PET0 PIOc_freedecomp Enter - MemInfo: [/proc/self/status]	VmPTE:	     152 kB
20220314 010944.051 INFO             PET0 PIOc_freedecomp Enter - MemInfo: [/proc/self/status]	VmPMD:	      12 kB
20220314 010944.051 INFO             PET0 PIOc_freedecomp Enter - MemInfo: [/proc/self/status]	VmSwap:	       0 kB
20220314 010944.051 INFO             PET0 PIOc_freedecomp Enter - MemInfo: [/proc/self/status]	VmRSSPercent: 0.0283407 %
20220314 010944.051 INFO             PET0 PIOc_freedecomp Enter - MemInfo: [malloc] Non-mmapped space allocated:                10148160 Byte
20220314 010944.051 INFO             PET0 PIOc_freedecomp Enter - MemInfo: [malloc] Space allocated in mmapped regions:          4198400 Byte
20220314 010944.051 INFO             PET0 PIOc_freedecomp Enter - MemInfo: [malloc] Maximum total allocated space:                     0 Byte
20220314 010944.051 INFO             PET0 PIOc_freedecomp Enter - MemInfo: [malloc] Space in freed fastbin blocks:                   160 Byte
20220314 010944.051 INFO             PET0 PIOc_freedecomp Enter - MemInfo: [malloc] Total allocated space:                       1131312 Byte
20220314 010944.051 INFO             PET0 PIOc_freedecomp Enter - MemInfo: [malloc] Total free space:                            9016848 Byte
20220314 010944.051 INFO             PET0 PIOc_freedecomp Enter - MemInfo: [malloc] Top-most, releasable space:                    52336 Byte
20220314 010944.051 INFO             PET0 PIOc_freedecomp Enter - MemInfo: [malloc] Total space in use, mmap + non-mmap:         5329712 Byte
20220314 010944.051 INFO             PET0 PIOc_freedecomp Enter - MemInfo: [malloc] Total space held (mmap + non-mmap):         14346560 Byte
20220314 010944.051 INFO             PET0 PIOc_freedecomp Enter - MemInfo: [malloc] Total space used (mmap + non-mmap):          5337920 Byte
20220314 010944.051 INFO             PET0 PIOc_freedecomp Enter - MemInfo: Wall-clock time since execution start:                0.31601 seconds
20220314 010944.051 INFO             PET0 PIOc_freedecomp Exit - MemInfo: [/proc/meminfo - SSI]	MemTotal:       65855856 kB
20220314 010944.051 INFO             PET0 PIOc_freedecomp Exit - MemInfo: [/proc/meminfo - SSI]	MemFree:        61320824 kB
20220314 010944.051 INFO             PET0 PIOc_freedecomp Exit - MemInfo: [/proc/meminfo - SSI]	MemAvailable:   61089992 kB
20220314 010944.051 INFO             PET0 PIOc_freedecomp Exit - MemInfo: [/proc/meminfo - SSI]	Committed_AS:    2832284 kB
20220314 010944.051 INFO             PET0 PIOc_freedecomp Exit - MemInfo: [/proc/meminfo - SSI]	CommittedPercent: 4.30073 %
20220314 010944.051 INFO             PET0 PIOc_freedecomp Exit - MemInfo: [/proc/self/status]	VmPeak:	   80660 kB
20220314 010944.051 INFO             PET0 PIOc_freedecomp Exit - MemInfo: [/proc/self/status]	VmSize:	   80600 kB
20220314 010944.051 INFO             PET0 PIOc_freedecomp Exit - MemInfo: [/proc/self/status]	VmLck:	       0 kB
20220314 010944.051 INFO             PET0 PIOc_freedecomp Exit - MemInfo: [/proc/self/status]	VmPin:	       0 kB
20220314 010944.051 INFO             PET0 PIOc_freedecomp Exit - MemInfo: [/proc/self/status]	VmHWM:	   18704 kB
20220314 010944.051 INFO             PET0 PIOc_freedecomp Exit - MemInfo: [/proc/self/status]	VmRSS:	   18664 kB
20220314 010944.051 INFO             PET0 PIOc_freedecomp Exit - MemInfo: [/proc/self/status]	VmData:	   18248 kB
20220314 010944.051 INFO             PET0 PIOc_freedecomp Exit - MemInfo: [/proc/self/status]	VmStk:	     164 kB
20220314 010944.051 INFO             PET0 PIOc_freedecomp Exit - MemInfo: [/proc/self/status]	VmExe:	   27412 kB
20220314 010944.051 INFO             PET0 PIOc_freedecomp Exit - MemInfo: [/proc/self/status]	VmLib:	    1952 kB
20220314 010944.051 INFO             PET0 PIOc_freedecomp Exit - MemInfo: [/proc/self/status]	VmPTE:	     152 kB
20220314 010944.051 INFO             PET0 PIOc_freedecomp Exit - MemInfo: [/proc/self/status]	VmPMD:	      12 kB
20220314 010944.051 INFO             PET0 PIOc_freedecomp Exit - MemInfo: [/proc/self/status]	VmSwap:	       0 kB
20220314 010944.052 INFO             PET0 PIOc_freedecomp Exit - MemInfo: [/proc/self/status]	VmRSSPercent: 0.0283407 %
20220314 010944.052 INFO             PET0 PIOc_freedecomp Exit - MemInfo: [malloc] Non-mmapped space allocated:                10148160 Byte
20220314 010944.052 INFO             PET0 PIOc_freedecomp Exit - MemInfo: [malloc] Space allocated in mmapped regions:          4198400 Byte
20220314 010944.052 INFO             PET0 PIOc_freedecomp Exit - MemInfo: [malloc] Maximum total allocated space:                     0 Byte
20220314 010944.052 INFO             PET0 PIOc_freedecomp Exit - MemInfo: [malloc] Space in freed fastbin blocks:                   544 Byte
20220314 010944.052 INFO             PET0 PIOc_freedecomp Exit - MemInfo: [malloc] Total allocated space:                       1116816 Byte
20220314 010944.052 INFO             PET0 PIOc_freedecomp Exit - MemInfo: [malloc] Total free space:                            9031344 Byte
20220314 010944.052 INFO             PET0 PIOc_freedecomp Exit - MemInfo: [malloc] Top-most, releasable space:                    52336 Byte
20220314 010944.052 INFO             PET0 PIOc_freedecomp Exit - MemInfo: [malloc] Total space in use, mmap + non-mmap:         5315216 Byte
20220314 010944.052 INFO             PET0 PIOc_freedecomp Exit - MemInfo: [malloc] Total space held (mmap + non-mmap):         14346560 Byte
20220314 010944.052 INFO             PET0 PIOc_freedecomp Exit - MemInfo: [malloc] Total space used (mmap + non-mmap):          5323424 Byte
20220314 010944.052 INFO             PET0 PIOc_freedecomp Exit - MemInfo: Wall-clock time since execution start:               0.316488 seconds
20220314 010944.052 INFO             PET0  PASS  Write ESMF_Array with Halo to NetCDF variable copy Test, ESMF_ArrayIOUTest.F90, line 442
20220314 010944.052 INFO             PET0  PASS  Destroy Array with Halo, ESMF_ArrayIOUTest.F90, line 453
20220314 010944.052 INFO             PET0  PASS  Destroy Array without Halo, ESMF_ArrayIOUTest.F90, line 460
20220314 010944.053 INFO             PET0  PASS  Destroy DistGrid, ESMF_ArrayIOUTest.F90, line 467
20220314 010944.053 INFO             PET0  PASS  dstDistgrid Create Test, ESMF_ArrayIOUTest.F90, line 485
20220314 010944.053 INFO             PET0  PASS  Array Spec Set Test, ESMF_ArrayIOUTest.F90, line 493
20220314 010944.053 INFO             PET0  PASS  Array with Halo Create Test, ESMF_ArrayIOUTest.F90, line 507
20220314 010944.053 INFO             PET0  PASS  Array without Halo Create Test, ESMF_ArrayIOUTest.F90, line 517
20220314 010944.055 INFO             PET0 PIOc_sync Enter - MemInfo: [/proc/meminfo - SSI]	MemTotal:       65855856 kB
20220314 010944.055 INFO             PET0 PIOc_sync Enter - MemInfo: [/proc/meminfo - SSI]	MemFree:        61320808 kB
20220314 010944.055 INFO             PET0 PIOc_sync Enter - MemInfo: [/proc/meminfo - SSI]	MemAvailable:   61089976 kB
20220314 010944.055 INFO             PET0 PIOc_sync Enter - MemInfo: [/proc/meminfo - SSI]	Committed_AS:    2832284 kB
20220314 010944.055 INFO             PET0 PIOc_sync Enter - MemInfo: [/proc/meminfo - SSI]	CommittedPercent: 4.30073 %
20220314 010944.056 INFO             PET0 PIOc_sync Enter - MemInfo: [/proc/self/status]	VmPeak:	   80660 kB
20220314 010944.056 INFO             PET0 PIOc_sync Enter - MemInfo: [/proc/self/status]	VmSize:	   80600 kB
20220314 010944.056 INFO             PET0 PIOc_sync Enter - MemInfo: [/proc/self/status]	VmLck:	       0 kB
20220314 010944.056 INFO             PET0 PIOc_sync Enter - MemInfo: [/proc/self/status]	VmPin:	       0 kB
20220314 010944.056 INFO             PET0 PIOc_sync Enter - MemInfo: [/proc/self/status]	VmHWM:	   18872 kB
20220314 010944.056 INFO             PET0 PIOc_sync Enter - MemInfo: [/proc/self/status]	VmRSS:	   18872 kB
20220314 010944.056 INFO             PET0 PIOc_sync Enter - MemInfo: [/proc/self/status]	VmData:	   18248 kB
20220314 010944.056 INFO             PET0 PIOc_sync Enter - MemInfo: [/proc/self/status]	VmStk:	     164 kB
20220314 010944.056 INFO             PET0 PIOc_sync Enter - MemInfo: [/proc/self/status]	VmExe:	   27412 kB
20220314 010944.056 INFO             PET0 PIOc_sync Enter - MemInfo: [/proc/self/status]	VmLib:	    1952 kB
20220314 010944.056 INFO             PET0 PIOc_sync Enter - MemInfo: [/proc/self/status]	VmPTE:	     152 kB
20220314 010944.056 INFO             PET0 PIOc_sync Enter - MemInfo: [/proc/self/status]	VmPMD:	      12 kB
20220314 010944.056 INFO             PET0 PIOc_sync Enter - MemInfo: [/proc/self/status]	VmSwap:	       0 kB
20220314 010944.056 INFO             PET0 PIOc_sync Enter - MemInfo: [/proc/self/status]	VmRSSPercent: 0.0286565 %
20220314 010944.056 INFO             PET0 PIOc_sync Enter - MemInfo: [malloc] Non-mmapped space allocated:                10148160 Byte
20220314 010944.056 INFO             PET0 PIOc_sync Enter - MemInfo: [malloc] Space allocated in mmapped regions:          4198400 Byte
20220314 010944.056 INFO             PET0 PIOc_sync Enter - MemInfo: [malloc] Maximum total allocated space:                     0 Byte
20220314 010944.056 INFO             PET0 PIOc_sync Enter - MemInfo: [malloc] Space in freed fastbin blocks:                     0 Byte
20220314 010944.056 INFO             PET0 PIOc_sync Enter - MemInfo: [malloc] Total allocated space:                      10052128 Byte
20220314 010944.056 INFO             PET0 PIOc_sync Enter - MemInfo: [malloc] Total free space:                              96032 Byte
20220314 010944.056 INFO             PET0 PIOc_sync Enter - MemInfo: [malloc] Top-most, releasable space:                    52336 Byte
20220314 010944.056 INFO             PET0 PIOc_sync Enter - MemInfo: [malloc] Total space in use, mmap + non-mmap:        14250528 Byte
20220314 010944.056 INFO             PET0 PIOc_sync Enter - MemInfo: [malloc] Total space held (mmap + non-mmap):         14346560 Byte
20220314 010944.056 INFO             PET0 PIOc_sync Enter - MemInfo: [malloc] Total space used (mmap + non-mmap):         14258736 Byte
20220314 010944.056 INFO             PET0 PIOc_sync Enter - MemInfo: Wall-clock time since execution start:               0.320623 seconds
20220314 010944.056 INFO             PET0 PIOc_sync Exit - MemInfo: [/proc/meminfo - SSI]	MemTotal:       65855856 kB
20220314 010944.056 INFO             PET0 PIOc_sync Exit - MemInfo: [/proc/meminfo - SSI]	MemFree:        61320808 kB
20220314 010944.056 INFO             PET0 PIOc_sync Exit - MemInfo: [/proc/meminfo - SSI]	MemAvailable:   61089976 kB
20220314 010944.056 INFO             PET0 PIOc_sync Exit - MemInfo: [/proc/meminfo - SSI]	Committed_AS:    2832284 kB
20220314 010944.056 INFO             PET0 PIOc_sync Exit - MemInfo: [/proc/meminfo - SSI]	CommittedPercent: 4.30073 %
20220314 010944.056 INFO             PET0 PIOc_sync Exit - MemInfo: [/proc/self/status]	VmPeak:	   80660 kB
20220314 010944.056 INFO             PET0 PIOc_sync Exit - MemInfo: [/proc/self/status]	VmSize:	   80600 kB
20220314 010944.057 INFO             PET0 PIOc_sync Exit - MemInfo: [/proc/self/status]	VmLck:	       0 kB
20220314 010944.057 INFO             PET0 PIOc_sync Exit - MemInfo: [/proc/self/status]	VmPin:	       0 kB
20220314 010944.057 INFO             PET0 PIOc_sync Exit - MemInfo: [/proc/self/status]	VmHWM:	   18872 kB
20220314 010944.057 INFO             PET0 PIOc_sync Exit - MemInfo: [/proc/self/status]	VmRSS:	   18872 kB
20220314 010944.057 INFO             PET0 PIOc_sync Exit - MemInfo: [/proc/self/status]	VmData:	   18248 kB
20220314 010944.057 INFO             PET0 PIOc_sync Exit - MemInfo: [/proc/self/status]	VmStk:	     164 kB
20220314 010944.057 INFO             PET0 PIOc_sync Exit - MemInfo: [/proc/self/status]	VmExe:	   27412 kB
20220314 010944.057 INFO             PET0 PIOc_sync Exit - MemInfo: [/proc/self/status]	VmLib:	    1952 kB
20220314 010944.057 INFO             PET0 PIOc_sync Exit - MemInfo: [/proc/self/status]	VmPTE:	     152 kB
20220314 010944.057 INFO             PET0 PIOc_sync Exit - MemInfo: [/proc/self/status]	VmPMD:	      12 kB
20220314 010944.057 INFO             PET0 PIOc_sync Exit - MemInfo: [/proc/self/status]	VmSwap:	       0 kB
20220314 010944.057 INFO             PET0 PIOc_sync Exit - MemInfo: [/proc/self/status]	VmRSSPercent: 0.0286565 %
20220314 010944.057 INFO             PET0 PIOc_sync Exit - MemInfo: [malloc] Non-mmapped space allocated:                10148160 Byte
20220314 010944.057 INFO             PET0 PIOc_sync Exit - MemInfo: [malloc] Space allocated in mmapped regions:          4198400 Byte
20220314 010944.057 INFO             PET0 PIOc_sync Exit - MemInfo: [malloc] Maximum total allocated space:                     0 Byte
20220314 010944.057 INFO             PET0 PIOc_sync Exit - MemInfo: [malloc] Space in freed fastbin blocks:                     0 Byte
20220314 010944.057 INFO             PET0 PIOc_sync Exit - MemInfo: [malloc] Total allocated space:                      10054544 Byte
20220314 010944.057 INFO             PET0 PIOc_sync Exit - MemInfo: [malloc] Total free space:                              93616 Byte
20220314 010944.057 INFO             PET0 PIOc_sync Exit - MemInfo: [malloc] Top-most, releasable space:                    52336 Byte
20220314 010944.057 INFO             PET0 PIOc_sync Exit - MemInfo: [malloc] Total space in use, mmap + non-mmap:        14252944 Byte
20220314 010944.057 INFO             PET0 PIOc_sync Exit - MemInfo: [malloc] Total space held (mmap + non-mmap):         14346560 Byte
20220314 010944.057 INFO             PET0 PIOc_sync Exit - MemInfo: [malloc] Total space used (mmap + non-mmap):         14261728 Byte
20220314 010944.057 INFO             PET0 PIOc_sync Exit - MemInfo: Wall-clock time since execution start:               0.321578 seconds
20220314 010944.057 INFO             PET0 PIOc_freedecomp Enter - MemInfo: [/proc/meminfo - SSI]	MemTotal:       65855856 kB
20220314 010944.057 INFO             PET0 PIOc_freedecomp Enter - MemInfo: [/proc/meminfo - SSI]	MemFree:        61320808 kB
20220314 010944.057 INFO             PET0 PIOc_freedecomp Enter - MemInfo: [/proc/meminfo - SSI]	MemAvailable:   61090228 kB
20220314 010944.057 INFO             PET0 PIOc_freedecomp Enter - MemInfo: [/proc/meminfo - SSI]	Committed_AS:    2832284 kB
20220314 010944.057 INFO             PET0 PIOc_freedecomp Enter - MemInfo: [/proc/meminfo - SSI]	CommittedPercent: 4.30073 %
20220314 010944.057 INFO             PET0 PIOc_freedecomp Enter - MemInfo: [/proc/self/status]	VmPeak:	   80660 kB
20220314 010944.057 INFO             PET0 PIOc_freedecomp Enter - MemInfo: [/proc/self/status]	VmSize:	   80600 kB
20220314 010944.057 INFO             PET0 PIOc_freedecomp Enter - MemInfo: [/proc/self/status]	VmLck:	       0 kB
20220314 010944.057 INFO             PET0 PIOc_freedecomp Enter - MemInfo: [/proc/self/status]	VmPin:	       0 kB
20220314 010944.057 INFO             PET0 PIOc_freedecomp Enter - MemInfo: [/proc/self/status]	VmHWM:	   18872 kB
20220314 010944.057 INFO             PET0 PIOc_freedecomp Enter - MemInfo: [/proc/self/status]	VmRSS:	   18872 kB
20220314 010944.057 INFO             PET0 PIOc_freedecomp Enter - MemInfo: [/proc/self/status]	VmData:	   18248 kB
20220314 010944.057 INFO             PET0 PIOc_freedecomp Enter - MemInfo: [/proc/self/status]	VmStk:	     164 kB
20220314 010944.057 INFO             PET0 PIOc_freedecomp Enter - MemInfo: [/proc/self/status]	VmExe:	   27412 kB
20220314 010944.057 INFO             PET0 PIOc_freedecomp Enter - MemInfo: [/proc/self/status]	VmLib:	    1952 kB
20220314 010944.057 INFO             PET0 PIOc_freedecomp Enter - MemInfo: [/proc/self/status]	VmPTE:	     152 kB
20220314 010944.057 INFO             PET0 PIOc_freedecomp Enter - MemInfo: [/proc/self/status]	VmPMD:	      12 kB
20220314 010944.057 INFO             PET0 PIOc_freedecomp Enter - MemInfo: [/proc/self/status]	VmSwap:	       0 kB
20220314 010944.057 INFO             PET0 PIOc_freedecomp Enter - MemInfo: [/proc/self/status]	VmRSSPercent: 0.0286565 %
20220314 010944.057 INFO             PET0 PIOc_freedecomp Enter - MemInfo: [malloc] Non-mmapped space allocated:                10148160 Byte
20220314 010944.057 INFO             PET0 PIOc_freedecomp Enter - MemInfo: [malloc] Space allocated in mmapped regions:          4198400 Byte
20220314 010944.057 INFO             PET0 PIOc_freedecomp Enter - MemInfo: [malloc] Maximum total allocated space:                     0 Byte
20220314 010944.057 INFO             PET0 PIOc_freedecomp Enter - MemInfo: [malloc] Space in freed fastbin blocks:                   160 Byte
20220314 010944.057 INFO             PET0 PIOc_freedecomp Enter - MemInfo: [malloc] Total allocated space:                       1129712 Byte
20220314 010944.057 INFO             PET0 PIOc_freedecomp Enter - MemInfo: [malloc] Total free space:                            9018448 Byte
20220314 010944.057 INFO             PET0 PIOc_freedecomp Enter - MemInfo: [malloc] Top-most, releasable space:                    52336 Byte
20220314 010944.057 INFO             PET0 PIOc_freedecomp Enter - MemInfo: [malloc] Total space in use, mmap + non-mmap:         5328112 Byte
20220314 010944.057 INFO             PET0 PIOc_freedecomp Enter - MemInfo: [malloc] Total space held (mmap + non-mmap):         14346560 Byte
20220314 010944.057 INFO             PET0 PIOc_freedecomp Enter - MemInfo: [malloc] Total space used (mmap + non-mmap):          5336320 Byte
20220314 010944.057 INFO             PET0 PIOc_freedecomp Enter - MemInfo: Wall-clock time since execution start:               0.322161 seconds
20220314 010944.057 INFO             PET0 PIOc_freedecomp Exit - MemInfo: [/proc/meminfo - SSI]	MemTotal:       65855856 kB
20220314 010944.057 INFO             PET0 PIOc_freedecomp Exit - MemInfo: [/proc/meminfo - SSI]	MemFree:        61320808 kB
20220314 010944.057 INFO             PET0 PIOc_freedecomp Exit - MemInfo: [/proc/meminfo - SSI]	MemAvailable:   61090228 kB
20220314 010944.057 INFO             PET0 PIOc_freedecomp Exit - MemInfo: [/proc/meminfo - SSI]	Committed_AS:    2832284 kB
20220314 010944.057 INFO             PET0 PIOc_freedecomp Exit - MemInfo: [/proc/meminfo - SSI]	CommittedPercent: 4.30073 %
20220314 010944.058 INFO             PET0 PIOc_freedecomp Exit - MemInfo: [/proc/self/status]	VmPeak:	   80660 kB
20220314 010944.058 INFO             PET0 PIOc_freedecomp Exit - MemInfo: [/proc/self/status]	VmSize:	   80600 kB
20220314 010944.058 INFO             PET0 PIOc_freedecomp Exit - MemInfo: [/proc/self/status]	VmLck:	       0 kB
20220314 010944.058 INFO             PET0 PIOc_freedecomp Exit - MemInfo: [/proc/self/status]	VmPin:	       0 kB
20220314 010944.058 INFO             PET0 PIOc_freedecomp Exit - MemInfo: [/proc/self/status]	VmHWM:	   18872 kB
20220314 010944.058 INFO             PET0 PIOc_freedecomp Exit - MemInfo: [/proc/self/status]	VmRSS:	   18872 kB
20220314 010944.058 INFO             PET0 PIOc_freedecomp Exit - MemInfo: [/proc/self/status]	VmData:	   18248 kB
20220314 010944.058 INFO             PET0 PIOc_freedecomp Exit - MemInfo: [/proc/self/status]	VmStk:	     164 kB
20220314 010944.058 INFO             PET0 PIOc_freedecomp Exit - MemInfo: [/proc/self/status]	VmExe:	   27412 kB
20220314 010944.058 INFO             PET0 PIOc_freedecomp Exit - MemInfo: [/proc/self/status]	VmLib:	    1952 kB
20220314 010944.058 INFO             PET0 PIOc_freedecomp Exit - MemInfo: [/proc/self/status]	VmPTE:	     152 kB
20220314 010944.058 INFO             PET0 PIOc_freedecomp Exit - MemInfo: [/proc/self/status]	VmPMD:	      12 kB
20220314 010944.058 INFO             PET0 PIOc_freedecomp Exit - MemInfo: [/proc/self/status]	VmSwap:	       0 kB
20220314 010944.058 INFO             PET0 PIOc_freedecomp Exit - MemInfo: [/proc/self/status]	VmRSSPercent: 0.0286565 %
20220314 010944.058 INFO             PET0 PIOc_freedecomp Exit - MemInfo: [malloc] Non-mmapped space allocated:                10148160 Byte
20220314 010944.058 INFO             PET0 PIOc_freedecomp Exit - MemInfo: [malloc] Space allocated in mmapped regions:          4198400 Byte
20220314 010944.058 INFO             PET0 PIOc_freedecomp Exit - MemInfo: [malloc] Maximum total allocated space:                     0 Byte
20220314 010944.058 INFO             PET0 PIOc_freedecomp Exit - MemInfo: [malloc] Space in freed fastbin blocks:                  1136 Byte
20220314 010944.058 INFO             PET0 PIOc_freedecomp Exit - MemInfo: [malloc] Total allocated space:                       1128048 Byte
20220314 010944.058 INFO             PET0 PIOc_freedecomp Exit - MemInfo: [malloc] Total free space:                            9020112 Byte
20220314 010944.058 INFO             PET0 PIOc_freedecomp Exit - MemInfo: [malloc] Top-most, releasable space:                    52336 Byte
20220314 010944.058 INFO             PET0 PIOc_freedecomp Exit - MemInfo: [malloc] Total space in use, mmap + non-mmap:         5326448 Byte
20220314 010944.058 INFO             PET0 PIOc_freedecomp Exit - MemInfo: [malloc] Total space held (mmap + non-mmap):         14346560 Byte
20220314 010944.058 INFO             PET0 PIOc_freedecomp Exit - MemInfo: [malloc] Total space used (mmap + non-mmap):          5334656 Byte
20220314 010944.058 INFO             PET0 PIOc_freedecomp Exit - MemInfo: Wall-clock time since execution start:               0.322604 seconds
20220314 010944.058 INFO             PET0  PASS  Write 2D ESMF_Array with Halo to NetCDF Test, ESMF_ArrayIOUTest.F90, line 547
20220314 010944.059 WARNING          PET0 ESMCI_PIO_Handler.C:1344 ESMCI::PIO_Handler::open()  Unable to set fill on file: file2D_withhalo.nc, (PIO/NetCDF error = NetCDF: Write to read only)
20220314 010944.060 INFO             PET0 PIOc_sync Enter - MemInfo: [/proc/meminfo - SSI]	MemTotal:       65855856 kB
20220314 010944.060 INFO             PET0 PIOc_sync Enter - MemInfo: [/proc/meminfo - SSI]	MemFree:        61320304 kB
20220314 010944.060 INFO             PET0 PIOc_sync Enter - MemInfo: [/proc/meminfo - SSI]	MemAvailable:   61089724 kB
20220314 010944.060 INFO             PET0 PIOc_sync Enter - MemInfo: [/proc/meminfo - SSI]	Committed_AS:    2832284 kB
20220314 010944.060 INFO             PET0 PIOc_sync Enter - MemInfo: [/proc/meminfo - SSI]	CommittedPercent: 4.30073 %
20220314 010944.060 INFO             PET0 PIOc_sync Enter - MemInfo: [/proc/self/status]	VmPeak:	   80660 kB
20220314 010944.060 INFO             PET0 PIOc_sync Enter - MemInfo: [/proc/self/status]	VmSize:	   80600 kB
20220314 010944.060 INFO             PET0 PIOc_sync Enter - MemInfo: [/proc/self/status]	VmLck:	       0 kB
20220314 010944.060 INFO             PET0 PIOc_sync Enter - MemInfo: [/proc/self/status]	VmPin:	       0 kB
20220314 010944.060 INFO             PET0 PIOc_sync Enter - MemInfo: [/proc/self/status]	VmHWM:	   18872 kB
20220314 010944.060 INFO             PET0 PIOc_sync Enter - MemInfo: [/proc/self/status]	VmRSS:	   18872 kB
20220314 010944.060 INFO             PET0 PIOc_sync Enter - MemInfo: [/proc/self/status]	VmData:	   18248 kB
20220314 010944.060 INFO             PET0 PIOc_sync Enter - MemInfo: [/proc/self/status]	VmStk:	     164 kB
20220314 010944.060 INFO             PET0 PIOc_sync Enter - MemInfo: [/proc/self/status]	VmExe:	   27412 kB
20220314 010944.060 INFO             PET0 PIOc_sync Enter - MemInfo: [/proc/self/status]	VmLib:	    1952 kB
20220314 010944.060 INFO             PET0 PIOc_sync Enter - MemInfo: [/proc/self/status]	VmPTE:	     156 kB
20220314 010944.060 INFO             PET0 PIOc_sync Enter - MemInfo: [/proc/self/status]	VmPMD:	      12 kB
20220314 010944.060 INFO             PET0 PIOc_sync Enter - MemInfo: [/proc/self/status]	VmSwap:	       0 kB
20220314 010944.060 INFO             PET0 PIOc_sync Enter - MemInfo: [/proc/self/status]	VmRSSPercent: 0.0286565 %
20220314 010944.060 INFO             PET0 PIOc_sync Enter - MemInfo: [malloc] Non-mmapped space allocated:                10148160 Byte
20220314 010944.060 INFO             PET0 PIOc_sync Enter - MemInfo: [malloc] Space allocated in mmapped regions:          4198400 Byte
20220314 010944.060 INFO             PET0 PIOc_sync Enter - MemInfo: [malloc] Maximum total allocated space:                     0 Byte
20220314 010944.060 INFO             PET0 PIOc_sync Enter - MemInfo: [malloc] Space in freed fastbin blocks:                     0 Byte
20220314 010944.060 INFO             PET0 PIOc_sync Enter - MemInfo: [malloc] Total allocated space:                      10055584 Byte
