build time -- 2022-03-11 23:27:24
20220312 000927.322 INFO             PET0 !!!!!!!!!!!!!!!!!!!!!!!!!!!!!!!!!!!!!!!!!!!!!!!!!!!!!!
20220312 000927.322 INFO             PET0 !!! THE ESMF_LOG IS SET TO OUTPUT ALL LOG MESSAGES !!!
20220312 000927.322 INFO             PET0 !!!     THIS MAY CAUSE SLOWDOWN IN PERFORMANCE     !!!
20220312 000927.322 INFO             PET0 !!! FOR PRODUCTION RUNS, USE:                      !!!
20220312 000927.322 INFO             PET0 !!!                   ESMF_LOGKIND_Multi_On_Error  !!!
20220312 000927.322 INFO             PET0 !!!!!!!!!!!!!!!!!!!!!!!!!!!!!!!!!!!!!!!!!!!!!!!!!!!!!!
20220312 000927.322 INFO             PET0 Running with ESMF Version   : v8.3.0b09-96-g559b459836
20220312 000927.322 INFO             PET0 ESMF library build date/time: "Mar 11 2022" "23:25:51"
20220312 000927.322 INFO             PET0 ESMF library build location : /lustre/f2/dev/ncep/Mark.Potts/gfortran_8.3.0_mpi_O_jedwards_pio_update2
20220312 000927.322 INFO             PET0 ESMF_COMM                   : mpi
20220312 000927.323 INFO             PET0 ESMF_MOAB                   : enabled
20220312 000927.323 INFO             PET0 ESMF_LAPACK                 : enabled
20220312 000927.323 INFO             PET0 ESMF_NETCDF                 : enabled
20220312 000927.323 INFO             PET0 ESMF_PNETCDF                : disabled
20220312 000927.323 INFO             PET0 ESMF_PIO                    : enabled
20220312 000927.323 INFO             PET0 ESMF_YAMLCPP                : enabled
20220312 000927.341 INFO             PET0  Beginning Test, file ESMF_FieldBundleIOUTest.F90, line 71
20220312 000927.341 INFO             PET0  NUMBER_OF_PROCESSORS           4
20220312 000927.357 INFO             PET0  PASS  Creating a Grid to use in Field Tests, ESMF_FieldBundleIOUTest.F90, line 92
20220312 000927.418 INFO             PET0  PASS  Create dimensions attribute package on shared Grid Test, ESMF_FieldBundleIOUTest.F90, line 102
20220312 000927.421 INFO             PET0  PASS  Set dimensions attribute package on Grid Test, ESMF_FieldBundleIOUTest.F90, line 113
20220312 000927.421 INFO             PET0  PASS  Creating a 2 DE/PET Grid to use in Field Tests, ESMF_FieldBundleIOUTest.F90, line 123
20220312 000927.422 INFO             PET0  PASS  Create dimensions attribute package on 2 DE/PET Grid Test, ESMF_FieldBundleIOUTest.F90, line 133
20220312 000927.422 INFO             PET0  PASS  Set dimensions attribute package on Grid Test, ESMF_FieldBundleIOUTest.F90, line 144
20220312 000927.455 INFO             PET0  PASS  Create a field from grid and fortran dummy array, ESMF_FieldBundleIOUTest.F90, line 182
20220312 000927.455 INFO             PET0  PASS  Create attribute package on Field(1) Test, ESMF_FieldBundleIOUTest.F90, line 195
20220312 000927.456 INFO             PET0  PASS  Set attribute values on Field(1) Test, ESMF_FieldBundleIOUTest.F90, line 208
20220312 000927.456 INFO             PET0  PASS  Create a field from grid and fortran dummy array, ESMF_FieldBundleIOUTest.F90, line 218
20220312 000927.456 INFO             PET0  PASS  Create attribute package on Field(2) Test, ESMF_FieldBundleIOUTest.F90, line 230
20220312 000927.456 INFO             PET0  PASS  Set attribute values on Field(2) Test, ESMF_FieldBundleIOUTest.F90, line 243
20220312 000927.456 INFO             PET0  PASS  Array Spec Set, ESMF_FieldBundleIOUTest.F90, line 253
20220312 000927.461 INFO             PET0  PASS  Create a field from 2 DE/PET grid, ESMF_FieldBundleIOUTest.F90, line 263
20220312 000927.461 INFO             PET0  PASS  Create attribute package on Field(3) Test, ESMF_FieldBundleIOUTest.F90, line 275
20220312 000927.461 INFO             PET0  PASS  Set attribute values on Field(3) Test, ESMF_FieldBundleIOUTest.F90, line 288
20220312 000927.463 INFO             PET0  PASS  Get and fill Farray_w from field DE 0, ESMF_FieldBundleIOUTest.F90, line 298
20220312 000927.463 INFO             PET0  PASS  Get and fill Farray_w from field DE 1, ESMF_FieldBundleIOUTest.F90, line 308
20220312 000927.465 INFO             PET0  PASS  Create a bundle from 3 fields, ESMF_FieldBundleIOUTest.F90, line 317
20220312 000927.465 INFO             PET0  PASS  Create attribute package on FieldBundle single Test, ESMF_FieldBundleIOUTest.F90, line 329
20220312 000927.465 INFO             PET0  PASS  Set attribute values on FieldBundle single Test, ESMF_FieldBundleIOUTest.F90, line 342
20220312 000927.635 INFO             PET0 PIOc_sync Enter - MemInfo: [/proc/meminfo - SSI]	MemTotal:       65855856 kB
20220312 000927.635 INFO             PET0 PIOc_sync Enter - MemInfo: [/proc/meminfo - SSI]	MemFree:        61159236 kB
20220312 000927.635 INFO             PET0 PIOc_sync Enter - MemInfo: [/proc/meminfo - SSI]	MemAvailable:   60922492 kB
20220312 000927.635 INFO             PET0 PIOc_sync Enter - MemInfo: [/proc/meminfo - SSI]	Committed_AS:    2944540 kB
20220312 000927.635 INFO             PET0 PIOc_sync Enter - MemInfo: [/proc/meminfo - SSI]	CommittedPercent: 4.47119 %
20220312 000927.635 INFO             PET0 PIOc_sync Enter - MemInfo: [/proc/self/status]	VmPeak:	   71844 kB
20220312 000927.635 INFO             PET0 PIOc_sync Enter - MemInfo: [/proc/self/status]	VmSize:	   71844 kB
20220312 000927.635 INFO             PET0 PIOc_sync Enter - MemInfo: [/proc/self/status]	VmLck:	       0 kB
20220312 000927.635 INFO             PET0 PIOc_sync Enter - MemInfo: [/proc/self/status]	VmPin:	       0 kB
20220312 000927.635 INFO             PET0 PIOc_sync Enter - MemInfo: [/proc/self/status]	VmHWM:	   21480 kB
20220312 000927.635 INFO             PET0 PIOc_sync Enter - MemInfo: [/proc/self/status]	VmRSS:	   21480 kB
20220312 000927.635 INFO             PET0 PIOc_sync Enter - MemInfo: [/proc/self/status]	VmData:	   18912 kB
20220312 000927.635 INFO             PET0 PIOc_sync Enter - MemInfo: [/proc/self/status]	VmStk:	     164 kB
20220312 000927.635 INFO             PET0 PIOc_sync Enter - MemInfo: [/proc/self/status]	VmExe:	   27348 kB
20220312 000927.635 INFO             PET0 PIOc_sync Enter - MemInfo: [/proc/self/status]	VmLib:	    1952 kB
20220312 000927.635 INFO             PET0 PIOc_sync Enter - MemInfo: [/proc/self/status]	VmPTE:	     140 kB
20220312 000927.635 INFO             PET0 PIOc_sync Enter - MemInfo: [/proc/self/status]	VmPMD:	      12 kB
20220312 000927.635 INFO             PET0 PIOc_sync Enter - MemInfo: [/proc/self/status]	VmSwap:	       0 kB
20220312 000927.635 INFO             PET0 PIOc_sync Enter - MemInfo: [/proc/self/status]	VmRSSPercent: 0.0326167 %
20220312 000927.636 INFO             PET0 PIOc_sync Enter - MemInfo: [malloc] Non-mmapped space allocated:                 2001216 Byte
20220312 000927.636 INFO             PET0 PIOc_sync Enter - MemInfo: [malloc] Space allocated in mmapped regions:         13025280 Byte
20220312 000927.636 INFO             PET0 PIOc_sync Enter - MemInfo: [malloc] Maximum total allocated space:                     0 Byte
20220312 000927.636 INFO             PET0 PIOc_sync Enter - MemInfo: [malloc] Space in freed fastbin blocks:                   784 Byte
20220312 000927.636 INFO             PET0 PIOc_sync Enter - MemInfo: [malloc] Total allocated space:                       1534784 Byte
20220312 000927.636 INFO             PET0 PIOc_sync Enter - MemInfo: [malloc] Total free space:                             466432 Byte
20220312 000927.636 INFO             PET0 PIOc_sync Enter - MemInfo: [malloc] Top-most, releasable space:                   452544 Byte
20220312 000927.636 INFO             PET0 PIOc_sync Enter - MemInfo: [malloc] Total space in use, mmap + non-mmap:        14560064 Byte
20220312 000927.636 INFO             PET0 PIOc_sync Enter - MemInfo: [malloc] Total space held (mmap + non-mmap):         15026496 Byte
20220312 000927.636 INFO             PET0 PIOc_sync Enter - MemInfo: [malloc] Total space used (mmap + non-mmap):         14569312 Byte
20220312 000927.636 INFO             PET0 PIOc_sync Enter - MemInfo: Wall-clock time since execution start:               0.335979 seconds
20220312 000927.639 INFO             PET0 PIOc_sync Exit - MemInfo: [/proc/meminfo - SSI]	MemTotal:       65855856 kB
20220312 000927.639 INFO             PET0 PIOc_sync Exit - MemInfo: [/proc/meminfo - SSI]	MemFree:        61157724 kB
20220312 000927.639 INFO             PET0 PIOc_sync Exit - MemInfo: [/proc/meminfo - SSI]	MemAvailable:   60920980 kB
20220312 000927.639 INFO             PET0 PIOc_sync Exit - MemInfo: [/proc/meminfo - SSI]	Committed_AS:    2944540 kB
20220312 000927.639 INFO             PET0 PIOc_sync Exit - MemInfo: [/proc/meminfo - SSI]	CommittedPercent: 4.47119 %
20220312 000927.639 INFO             PET0 PIOc_sync Exit - MemInfo: [/proc/self/status]	VmPeak:	   71844 kB
20220312 000927.639 INFO             PET0 PIOc_sync Exit - MemInfo: [/proc/self/status]	VmSize:	   71844 kB
20220312 000927.639 INFO             PET0 PIOc_sync Exit - MemInfo: [/proc/self/status]	VmLck:	       0 kB
20220312 000927.639 INFO             PET0 PIOc_sync Exit - MemInfo: [/proc/self/status]	VmPin:	       0 kB
20220312 000927.639 INFO             PET0 PIOc_sync Exit - MemInfo: [/proc/self/status]	VmHWM:	   21964 kB
20220312 000927.639 INFO             PET0 PIOc_sync Exit - MemInfo: [/proc/self/status]	VmRSS:	   21964 kB
20220312 000927.639 INFO             PET0 PIOc_sync Exit - MemInfo: [/proc/self/status]	VmData:	   18912 kB
20220312 000927.639 INFO             PET0 PIOc_sync Exit - MemInfo: [/proc/self/status]	VmStk:	     164 kB
20220312 000927.639 INFO             PET0 PIOc_sync Exit - MemInfo: [/proc/self/status]	VmExe:	   27348 kB
20220312 000927.639 INFO             PET0 PIOc_sync Exit - MemInfo: [/proc/self/status]	VmLib:	    1952 kB
20220312 000927.639 INFO             PET0 PIOc_sync Exit - MemInfo: [/proc/self/status]	VmPTE:	     144 kB
20220312 000927.639 INFO             PET0 PIOc_sync Exit - MemInfo: [/proc/self/status]	VmPMD:	      12 kB
20220312 000927.639 INFO             PET0 PIOc_sync Exit - MemInfo: [/proc/self/status]	VmSwap:	       0 kB
20220312 000927.639 INFO             PET0 PIOc_sync Exit - MemInfo: [/proc/self/status]	VmRSSPercent: 0.0333516 %
20220312 000927.639 INFO             PET0 PIOc_sync Exit - MemInfo: [malloc] Non-mmapped space allocated:                 2001216 Byte
20220312 000927.639 INFO             PET0 PIOc_sync Exit - MemInfo: [malloc] Space allocated in mmapped regions:         13025280 Byte
20220312 000927.639 INFO             PET0 PIOc_sync Exit - MemInfo: [malloc] Maximum total allocated space:                     0 Byte
20220312 000927.639 INFO             PET0 PIOc_sync Exit - MemInfo: [malloc] Space in freed fastbin blocks:                    96 Byte
20220312 000927.639 INFO             PET0 PIOc_sync Exit - MemInfo: [malloc] Total allocated space:                       1942848 Byte
20220312 000927.639 INFO             PET0 PIOc_sync Exit - MemInfo: [malloc] Total free space:                              58368 Byte
20220312 000927.639 INFO             PET0 PIOc_sync Exit - MemInfo: [malloc] Top-most, releasable space:                    55936 Byte
20220312 000927.639 INFO             PET0 PIOc_sync Exit - MemInfo: [malloc] Total space in use, mmap + non-mmap:        14968128 Byte
20220312 000927.639 INFO             PET0 PIOc_sync Exit - MemInfo: [malloc] Total space held (mmap + non-mmap):         15026496 Byte
20220312 000927.639 INFO             PET0 PIOc_sync Exit - MemInfo: [malloc] Total space used (mmap + non-mmap):         14976784 Byte
20220312 000927.639 INFO             PET0 PIOc_sync Exit - MemInfo: Wall-clock time since execution start:               0.339515 seconds
20220312 000927.640 INFO             PET0 PIOc_freedecomp Enter - MemInfo: [/proc/meminfo - SSI]	MemTotal:       65855856 kB
20220312 000927.640 INFO             PET0 PIOc_freedecomp Enter - MemInfo: [/proc/meminfo - SSI]	MemFree:        61164276 kB
20220312 000927.640 INFO             PET0 PIOc_freedecomp Enter - MemInfo: [/proc/meminfo - SSI]	MemAvailable:   60927532 kB
20220312 000927.640 INFO             PET0 PIOc_freedecomp Enter - MemInfo: [/proc/meminfo - SSI]	Committed_AS:    2938184 kB
20220312 000927.640 INFO             PET0 PIOc_freedecomp Enter - MemInfo: [/proc/meminfo - SSI]	CommittedPercent: 4.46154 %
20220312 000927.640 INFO             PET0 PIOc_freedecomp Enter - MemInfo: [/proc/self/status]	VmPeak:	   71844 kB
20220312 000927.640 INFO             PET0 PIOc_freedecomp Enter - MemInfo: [/proc/self/status]	VmSize:	   63132 kB
20220312 000927.640 INFO             PET0 PIOc_freedecomp Enter - MemInfo: [/proc/self/status]	VmLck:	       0 kB
20220312 000927.640 INFO             PET0 PIOc_freedecomp Enter - MemInfo: [/proc/self/status]	VmPin:	       0 kB
20220312 000927.640 INFO             PET0 PIOc_freedecomp Enter - MemInfo: [/proc/self/status]	VmHWM:	   21964 kB
20220312 000927.640 INFO             PET0 PIOc_freedecomp Enter - MemInfo: [/proc/self/status]	VmRSS:	   13884 kB
20220312 000927.640 INFO             PET0 PIOc_freedecomp Enter - MemInfo: [/proc/self/status]	VmData:	   10200 kB
20220312 000927.640 INFO             PET0 PIOc_freedecomp Enter - MemInfo: [/proc/self/status]	VmStk:	     164 kB
20220312 000927.640 INFO             PET0 PIOc_freedecomp Enter - MemInfo: [/proc/self/status]	VmExe:	   27348 kB
20220312 000927.640 INFO             PET0 PIOc_freedecomp Enter - MemInfo: [/proc/self/status]	VmLib:	    1952 kB
20220312 000927.640 INFO             PET0 PIOc_freedecomp Enter - MemInfo: [/proc/self/status]	VmPTE:	     132 kB
20220312 000927.640 INFO             PET0 PIOc_freedecomp Enter - MemInfo: [/proc/self/status]	VmPMD:	      12 kB
20220312 000927.640 INFO             PET0 PIOc_freedecomp Enter - MemInfo: [/proc/self/status]	VmSwap:	       0 kB
20220312 000927.640 INFO             PET0 PIOc_freedecomp Enter - MemInfo: [/proc/self/status]	VmRSSPercent: 0.0210824 %
20220312 000927.640 INFO             PET0 PIOc_freedecomp Enter - MemInfo: [malloc] Non-mmapped space allocated:                 2001216 Byte
20220312 000927.640 INFO             PET0 PIOc_freedecomp Enter - MemInfo: [malloc] Space allocated in mmapped regions:          4104192 Byte
20220312 000927.640 INFO             PET0 PIOc_freedecomp Enter - MemInfo: [malloc] Maximum total allocated space:                     0 Byte
20220312 000927.640 INFO             PET0 PIOc_freedecomp Enter - MemInfo: [malloc] Space in freed fastbin blocks:                  1856 Byte
20220312 000927.640 INFO             PET0 PIOc_freedecomp Enter - MemInfo: [malloc] Total allocated space:                       1931216 Byte
20220312 000927.640 INFO             PET0 PIOc_freedecomp Enter - MemInfo: [malloc] Total free space:                              70000 Byte
20220312 000927.640 INFO             PET0 PIOc_freedecomp Enter - MemInfo: [malloc] Top-most, releasable space:                    55712 Byte
20220312 000927.640 INFO             PET0 PIOc_freedecomp Enter - MemInfo: [malloc] Total space in use, mmap + non-mmap:         6035408 Byte
20220312 000927.640 INFO             PET0 PIOc_freedecomp Enter - MemInfo: [malloc] Total space held (mmap + non-mmap):          6105408 Byte
20220312 000927.640 INFO             PET0 PIOc_freedecomp Enter - MemInfo: [malloc] Total space used (mmap + non-mmap):          6043616 Byte
20220312 000927.640 INFO             PET0 PIOc_freedecomp Enter - MemInfo: Wall-clock time since execution start:               0.340364 seconds
20220312 000927.640 INFO             PET0 PIOc_freedecomp Exit - MemInfo: [/proc/meminfo - SSI]	MemTotal:       65855856 kB
20220312 000927.640 INFO             PET0 PIOc_freedecomp Exit - MemInfo: [/proc/meminfo - SSI]	MemFree:        61164276 kB
20220312 000927.640 INFO             PET0 PIOc_freedecomp Exit - MemInfo: [/proc/meminfo - SSI]	MemAvailable:   60927532 kB
20220312 000927.640 INFO             PET0 PIOc_freedecomp Exit - MemInfo: [/proc/meminfo - SSI]	Committed_AS:    2938184 kB
20220312 000927.640 INFO             PET0 PIOc_freedecomp Exit - MemInfo: [/proc/meminfo - SSI]	CommittedPercent: 4.46154 %
20220312 000927.640 INFO             PET0 PIOc_freedecomp Exit - MemInfo: [/proc/self/status]	VmPeak:	   71844 kB
20220312 000927.640 INFO             PET0 PIOc_freedecomp Exit - MemInfo: [/proc/self/status]	VmSize:	   63132 kB
20220312 000927.640 INFO             PET0 PIOc_freedecomp Exit - MemInfo: [/proc/self/status]	VmLck:	       0 kB
20220312 000927.640 INFO             PET0 PIOc_freedecomp Exit - MemInfo: [/proc/self/status]	VmPin:	       0 kB
20220312 000927.640 INFO             PET0 PIOc_freedecomp Exit - MemInfo: [/proc/self/status]	VmHWM:	   21964 kB
20220312 000927.640 INFO             PET0 PIOc_freedecomp Exit - MemInfo: [/proc/self/status]	VmRSS:	   13884 kB
20220312 000927.640 INFO             PET0 PIOc_freedecomp Exit - MemInfo: [/proc/self/status]	VmData:	   10200 kB
20220312 000927.640 INFO             PET0 PIOc_freedecomp Exit - MemInfo: [/proc/self/status]	VmStk:	     164 kB
20220312 000927.640 INFO             PET0 PIOc_freedecomp Exit - MemInfo: [/proc/self/status]	VmExe:	   27348 kB
20220312 000927.640 INFO             PET0 PIOc_freedecomp Exit - MemInfo: [/proc/self/status]	VmLib:	    1952 kB
20220312 000927.640 INFO             PET0 PIOc_freedecomp Exit - MemInfo: [/proc/self/status]	VmPTE:	     132 kB
20220312 000927.640 INFO             PET0 PIOc_freedecomp Exit - MemInfo: [/proc/self/status]	VmPMD:	      12 kB
20220312 000927.640 INFO             PET0 PIOc_freedecomp Exit - MemInfo: [/proc/self/status]	VmSwap:	       0 kB
20220312 000927.640 INFO             PET0 PIOc_freedecomp Exit - MemInfo: [/proc/self/status]	VmRSSPercent: 0.0210824 %
20220312 000927.640 INFO             PET0 PIOc_freedecomp Exit - MemInfo: [malloc] Non-mmapped space allocated:                 2001216 Byte
20220312 000927.640 INFO             PET0 PIOc_freedecomp Exit - MemInfo: [malloc] Space allocated in mmapped regions:          4104192 Byte
20220312 000927.640 INFO             PET0 PIOc_freedecomp Exit - MemInfo: [malloc] Maximum total allocated space:                     0 Byte
20220312 000927.640 INFO             PET0 PIOc_freedecomp Exit - MemInfo: [malloc] Space in freed fastbin blocks:                   896 Byte
20220312 000927.640 INFO             PET0 PIOc_freedecomp Exit - MemInfo: [malloc] Total allocated space:                       1928928 Byte
20220312 000927.640 INFO             PET0 PIOc_freedecomp Exit - MemInfo: [malloc] Total free space:                              72288 Byte
20220312 000927.640 INFO             PET0 PIOc_freedecomp Exit - MemInfo: [malloc] Top-most, releasable space:                    55712 Byte
20220312 000927.640 INFO             PET0 PIOc_freedecomp Exit - MemInfo: [malloc] Total space in use, mmap + non-mmap:         6033120 Byte
20220312 000927.640 INFO             PET0 PIOc_freedecomp Exit - MemInfo: [malloc] Total space held (mmap + non-mmap):          6105408 Byte
20220312 000927.640 INFO             PET0 PIOc_freedecomp Exit - MemInfo: [malloc] Total space used (mmap + non-mmap):          6042016 Byte
20220312 000927.640 INFO             PET0 PIOc_freedecomp Exit - MemInfo: Wall-clock time since execution start:               0.340784 seconds
20220312 000927.641 INFO             PET0 PIOc_freedecomp Enter - MemInfo: [/proc/meminfo - SSI]	MemTotal:       65855856 kB
20220312 000927.641 INFO             PET0 PIOc_freedecomp Enter - MemInfo: [/proc/meminfo - SSI]	MemFree:        61164276 kB
20220312 000927.641 INFO             PET0 PIOc_freedecomp Enter - MemInfo: [/proc/meminfo - SSI]	MemAvailable:   60927532 kB
20220312 000927.641 INFO             PET0 PIOc_freedecomp Enter - MemInfo: [/proc/meminfo - SSI]	Committed_AS:    2938184 kB
20220312 000927.641 INFO             PET0 PIOc_freedecomp Enter - MemInfo: [/proc/meminfo - SSI]	CommittedPercent: 4.46154 %
20220312 000927.641 INFO             PET0 PIOc_freedecomp Enter - MemInfo: [/proc/self/status]	VmPeak:	   71844 kB
20220312 000927.641 INFO             PET0 PIOc_freedecomp Enter - MemInfo: [/proc/self/status]	VmSize:	   63132 kB
20220312 000927.641 INFO             PET0 PIOc_freedecomp Enter - MemInfo: [/proc/self/status]	VmLck:	       0 kB
20220312 000927.641 INFO             PET0 PIOc_freedecomp Enter - MemInfo: [/proc/self/status]	VmPin:	       0 kB
20220312 000927.641 INFO             PET0 PIOc_freedecomp Enter - MemInfo: [/proc/self/status]	VmHWM:	   21964 kB
20220312 000927.641 INFO             PET0 PIOc_freedecomp Enter - MemInfo: [/proc/self/status]	VmRSS:	   13884 kB
20220312 000927.641 INFO             PET0 PIOc_freedecomp Enter - MemInfo: [/proc/self/status]	VmData:	   10200 kB
20220312 000927.641 INFO             PET0 PIOc_freedecomp Enter - MemInfo: [/proc/self/status]	VmStk:	     164 kB
20220312 000927.641 INFO             PET0 PIOc_freedecomp Enter - MemInfo: [/proc/self/status]	VmExe:	   27348 kB
20220312 000927.641 INFO             PET0 PIOc_freedecomp Enter - MemInfo: [/proc/self/status]	VmLib:	    1952 kB
20220312 000927.641 INFO             PET0 PIOc_freedecomp Enter - MemInfo: [/proc/self/status]	VmPTE:	     132 kB
20220312 000927.641 INFO             PET0 PIOc_freedecomp Enter - MemInfo: [/proc/self/status]	VmPMD:	      12 kB
20220312 000927.641 INFO             PET0 PIOc_freedecomp Enter - MemInfo: [/proc/self/status]	VmSwap:	       0 kB
20220312 000927.641 INFO             PET0 PIOc_freedecomp Enter - MemInfo: [/proc/self/status]	VmRSSPercent: 0.0210824 %
20220312 000927.641 INFO             PET0 PIOc_freedecomp Enter - MemInfo: [malloc] Non-mmapped space allocated:                 2001216 Byte
20220312 000927.641 INFO             PET0 PIOc_freedecomp Enter - MemInfo: [malloc] Space allocated in mmapped regions:          4104192 Byte
20220312 000927.641 INFO             PET0 PIOc_freedecomp Enter - MemInfo: [malloc] Maximum total allocated space:                     0 Byte
20220312 000927.641 INFO             PET0 PIOc_freedecomp Enter - MemInfo: [malloc] Space in freed fastbin blocks:                    64 Byte
20220312 000927.641 INFO             PET0 PIOc_freedecomp Enter - MemInfo: [malloc] Total allocated space:                       1929776 Byte
20220312 000927.641 INFO             PET0 PIOc_freedecomp Enter - MemInfo: [malloc] Total free space:                              71440 Byte
20220312 000927.641 INFO             PET0 PIOc_freedecomp Enter - MemInfo: [malloc] Top-most, releasable space:                    55712 Byte
20220312 000927.641 INFO             PET0 PIOc_freedecomp Enter - MemInfo: [malloc] Total space in use, mmap + non-mmap:         6033968 Byte
20220312 000927.641 INFO             PET0 PIOc_freedecomp Enter - MemInfo: [malloc] Total space held (mmap + non-mmap):          6105408 Byte
20220312 000927.641 INFO             PET0 PIOc_freedecomp Enter - MemInfo: [malloc] Total space used (mmap + non-mmap):          6042176 Byte
20220312 000927.641 INFO             PET0 PIOc_freedecomp Enter - MemInfo: Wall-clock time since execution start:               0.341207 seconds
20220312 000927.641 INFO             PET0 PIOc_freedecomp Exit - MemInfo: [/proc/meminfo - SSI]	MemTotal:       65855856 kB
20220312 000927.641 INFO             PET0 PIOc_freedecomp Exit - MemInfo: [/proc/meminfo - SSI]	MemFree:        61164276 kB
20220312 000927.641 INFO             PET0 PIOc_freedecomp Exit - MemInfo: [/proc/meminfo - SSI]	MemAvailable:   60927532 kB
20220312 000927.641 INFO             PET0 PIOc_freedecomp Exit - MemInfo: [/proc/meminfo - SSI]	Committed_AS:    2938184 kB
20220312 000927.641 INFO             PET0 PIOc_freedecomp Exit - MemInfo: [/proc/meminfo - SSI]	CommittedPercent: 4.46154 %
20220312 000927.641 INFO             PET0 PIOc_freedecomp Exit - MemInfo: [/proc/self/status]	VmPeak:	   71844 kB
20220312 000927.641 INFO             PET0 PIOc_freedecomp Exit - MemInfo: [/proc/self/status]	VmSize:	   63132 kB
20220312 000927.641 INFO             PET0 PIOc_freedecomp Exit - MemInfo: [/proc/self/status]	VmLck:	       0 kB
20220312 000927.641 INFO             PET0 PIOc_freedecomp Exit - MemInfo: [/proc/self/status]	VmPin:	       0 kB
20220312 000927.641 INFO             PET0 PIOc_freedecomp Exit - MemInfo: [/proc/self/status]	VmHWM:	   21964 kB
20220312 000927.641 INFO             PET0 PIOc_freedecomp Exit - MemInfo: [/proc/self/status]	VmRSS:	   13884 kB
20220312 000927.641 INFO             PET0 PIOc_freedecomp Exit - MemInfo: [/proc/self/status]	VmData:	   10200 kB
20220312 000927.641 INFO             PET0 PIOc_freedecomp Exit - MemInfo: [/proc/self/status]	VmStk:	     164 kB
20220312 000927.641 INFO             PET0 PIOc_freedecomp Exit - MemInfo: [/proc/self/status]	VmExe:	   27348 kB
20220312 000927.641 INFO             PET0 PIOc_freedecomp Exit - MemInfo: [/proc/self/status]	VmLib:	    1952 kB
20220312 000927.641 INFO             PET0 PIOc_freedecomp Exit - MemInfo: [/proc/self/status]	VmPTE:	     132 kB
20220312 000927.641 INFO             PET0 PIOc_freedecomp Exit - MemInfo: [/proc/self/status]	VmPMD:	      12 kB
20220312 000927.641 INFO             PET0 PIOc_freedecomp Exit - MemInfo: [/proc/self/status]	VmSwap:	       0 kB
20220312 000927.641 INFO             PET0 PIOc_freedecomp Exit - MemInfo: [/proc/self/status]	VmRSSPercent: 0.0210824 %
20220312 000927.641 INFO             PET0 PIOc_freedecomp Exit - MemInfo: [malloc] Non-mmapped space allocated:                 2001216 Byte
20220312 000927.641 INFO             PET0 PIOc_freedecomp Exit - MemInfo: [malloc] Space allocated in mmapped regions:          4104192 Byte
20220312 000927.641 INFO             PET0 PIOc_freedecomp Exit - MemInfo: [malloc] Maximum total allocated space:                     0 Byte
20220312 000927.641 INFO             PET0 PIOc_freedecomp Exit - MemInfo: [malloc] Space in freed fastbin blocks:                   464 Byte
20220312 000927.641 INFO             PET0 PIOc_freedecomp Exit - MemInfo: [malloc] Total allocated space:                       1927920 Byte
20220312 000927.641 INFO             PET0 PIOc_freedecomp Exit - MemInfo: [malloc] Total free space:                              73296 Byte
20220312 000927.641 INFO             PET0 PIOc_freedecomp Exit - MemInfo: [malloc] Top-most, releasable space:                    55712 Byte
20220312 000927.641 INFO             PET0 PIOc_freedecomp Exit - MemInfo: [malloc] Total space in use, mmap + non-mmap:         6032112 Byte
20220312 000927.641 INFO             PET0 PIOc_freedecomp Exit - MemInfo: [malloc] Total space held (mmap + non-mmap):          6105408 Byte
20220312 000927.641 INFO             PET0 PIOc_freedecomp Exit - MemInfo: [malloc] Total space used (mmap + non-mmap):          6040320 Byte
20220312 000927.641 INFO             PET0 PIOc_freedecomp Exit - MemInfo: Wall-clock time since execution start:               0.341607 seconds
20220312 000927.641 INFO             PET0 PIOc_freedecomp Enter - MemInfo: [/proc/meminfo - SSI]	MemTotal:       65855856 kB
20220312 000927.641 INFO             PET0 PIOc_freedecomp Enter - MemInfo: [/proc/meminfo - SSI]	MemFree:        61164276 kB
20220312 000927.641 INFO             PET0 PIOc_freedecomp Enter - MemInfo: [/proc/meminfo - SSI]	MemAvailable:   60927532 kB
20220312 000927.641 INFO             PET0 PIOc_freedecomp Enter - MemInfo: [/proc/meminfo - SSI]	Committed_AS:    2938184 kB
20220312 000927.641 INFO             PET0 PIOc_freedecomp Enter - MemInfo: [/proc/meminfo - SSI]	CommittedPercent: 4.46154 %
20220312 000927.641 INFO             PET0 PIOc_freedecomp Enter - MemInfo: [/proc/self/status]	VmPeak:	   71844 kB
20220312 000927.641 INFO             PET0 PIOc_freedecomp Enter - MemInfo: [/proc/self/status]	VmSize:	   63132 kB
20220312 000927.641 INFO             PET0 PIOc_freedecomp Enter - MemInfo: [/proc/self/status]	VmLck:	       0 kB
20220312 000927.641 INFO             PET0 PIOc_freedecomp Enter - MemInfo: [/proc/self/status]	VmPin:	       0 kB
20220312 000927.641 INFO             PET0 PIOc_freedecomp Enter - MemInfo: [/proc/self/status]	VmHWM:	   21964 kB
20220312 000927.641 INFO             PET0 PIOc_freedecomp Enter - MemInfo: [/proc/self/status]	VmRSS:	   13884 kB
20220312 000927.642 INFO             PET0 PIOc_freedecomp Enter - MemInfo: [/proc/self/status]	VmData:	   10200 kB
20220312 000927.642 INFO             PET0 PIOc_freedecomp Enter - MemInfo: [/proc/self/status]	VmStk:	     164 kB
20220312 000927.642 INFO             PET0 PIOc_freedecomp Enter - MemInfo: [/proc/self/status]	VmExe:	   27348 kB
20220312 000927.642 INFO             PET0 PIOc_freedecomp Enter - MemInfo: [/proc/self/status]	VmLib:	    1952 kB
20220312 000927.642 INFO             PET0 PIOc_freedecomp Enter - MemInfo: [/proc/self/status]	VmPTE:	     132 kB
20220312 000927.642 INFO             PET0 PIOc_freedecomp Enter - MemInfo: [/proc/self/status]	VmPMD:	      12 kB
20220312 000927.642 INFO             PET0 PIOc_freedecomp Enter - MemInfo: [/proc/self/status]	VmSwap:	       0 kB
20220312 000927.642 INFO             PET0 PIOc_freedecomp Enter - MemInfo: [/proc/self/status]	VmRSSPercent: 0.0210824 %
20220312 000927.642 INFO             PET0 PIOc_freedecomp Enter - MemInfo: [malloc] Non-mmapped space allocated:                 2001216 Byte
20220312 000927.642 INFO             PET0 PIOc_freedecomp Enter - MemInfo: [malloc] Space allocated in mmapped regions:          4104192 Byte
20220312 000927.642 INFO             PET0 PIOc_freedecomp Enter - MemInfo: [malloc] Maximum total allocated space:                     0 Byte
20220312 000927.642 INFO             PET0 PIOc_freedecomp Enter - MemInfo: [malloc] Space in freed fastbin blocks:                   128 Byte
20220312 000927.642 INFO             PET0 PIOc_freedecomp Enter - MemInfo: [malloc] Total allocated space:                       1928016 Byte
20220312 000927.642 INFO             PET0 PIOc_freedecomp Enter - MemInfo: [malloc] Total free space:                              73200 Byte
20220312 000927.642 INFO             PET0 PIOc_freedecomp Enter - MemInfo: [malloc] Top-most, releasable space:                    55712 Byte
20220312 000927.642 INFO             PET0 PIOc_freedecomp Enter - MemInfo: [malloc] Total space in use, mmap + non-mmap:         6032208 Byte
20220312 000927.642 INFO             PET0 PIOc_freedecomp Enter - MemInfo: [malloc] Total space held (mmap + non-mmap):          6105408 Byte
20220312 000927.642 INFO             PET0 PIOc_freedecomp Enter - MemInfo: [malloc] Total space used (mmap + non-mmap):          6040416 Byte
20220312 000927.642 INFO             PET0 PIOc_freedecomp Enter - MemInfo: Wall-clock time since execution start:               0.342019 seconds
20220312 000927.642 INFO             PET0 PIOc_freedecomp Exit - MemInfo: [/proc/meminfo - SSI]	MemTotal:       65855856 kB
20220312 000927.642 INFO             PET0 PIOc_freedecomp Exit - MemInfo: [/proc/meminfo - SSI]	MemFree:        61164276 kB
20220312 000927.642 INFO             PET0 PIOc_freedecomp Exit - MemInfo: [/proc/meminfo - SSI]	MemAvailable:   60927532 kB
20220312 000927.642 INFO             PET0 PIOc_freedecomp Exit - MemInfo: [/proc/meminfo - SSI]	Committed_AS:    2938184 kB
20220312 000927.642 INFO             PET0 PIOc_freedecomp Exit - MemInfo: [/proc/meminfo - SSI]	CommittedPercent: 4.46154 %
20220312 000927.642 INFO             PET0 PIOc_freedecomp Exit - MemInfo: [/proc/self/status]	VmPeak:	   71844 kB
20220312 000927.642 INFO             PET0 PIOc_freedecomp Exit - MemInfo: [/proc/self/status]	VmSize:	   63132 kB
20220312 000927.642 INFO             PET0 PIOc_freedecomp Exit - MemInfo: [/proc/self/status]	VmLck:	       0 kB
20220312 000927.642 INFO             PET0 PIOc_freedecomp Exit - MemInfo: [/proc/self/status]	VmPin:	       0 kB
20220312 000927.642 INFO             PET0 PIOc_freedecomp Exit - MemInfo: [/proc/self/status]	VmHWM:	   21964 kB
20220312 000927.642 INFO             PET0 PIOc_freedecomp Exit - MemInfo: [/proc/self/status]	VmRSS:	   13884 kB
20220312 000927.642 INFO             PET0 PIOc_freedecomp Exit - MemInfo: [/proc/self/status]	VmData:	   10200 kB
20220312 000927.642 INFO             PET0 PIOc_freedecomp Exit - MemInfo: [/proc/self/status]	VmStk:	     164 kB
20220312 000927.642 INFO             PET0 PIOc_freedecomp Exit - MemInfo: [/proc/self/status]	VmExe:	   27348 kB
20220312 000927.642 INFO             PET0 PIOc_freedecomp Exit - MemInfo: [/proc/self/status]	VmLib:	    1952 kB
20220312 000927.642 INFO             PET0 PIOc_freedecomp Exit - MemInfo: [/proc/self/status]	VmPTE:	     132 kB
20220312 000927.642 INFO             PET0 PIOc_freedecomp Exit - MemInfo: [/proc/self/status]	VmPMD:	      12 kB
20220312 000927.642 INFO             PET0 PIOc_freedecomp Exit - MemInfo: [/proc/self/status]	VmSwap:	       0 kB
20220312 000927.642 INFO             PET0 PIOc_freedecomp Exit - MemInfo: [/proc/self/status]	VmRSSPercent: 0.0210824 %
20220312 000927.642 INFO             PET0 PIOc_freedecomp Exit - MemInfo: [malloc] Non-mmapped space allocated:                 2001216 Byte
20220312 000927.642 INFO             PET0 PIOc_freedecomp Exit - MemInfo: [malloc] Space allocated in mmapped regions:          4104192 Byte
20220312 000927.642 INFO             PET0 PIOc_freedecomp Exit - MemInfo: [malloc] Maximum total allocated space:                     0 Byte
20220312 000927.642 INFO             PET0 PIOc_freedecomp Exit - MemInfo: [malloc] Space in freed fastbin blocks:                   992 Byte
20220312 000927.642 INFO             PET0 PIOc_freedecomp Exit - MemInfo: [malloc] Total allocated space:                       1924032 Byte
20220312 000927.642 INFO             PET0 PIOc_freedecomp Exit - MemInfo: [malloc] Total free space:                              77184 Byte
20220312 000927.642 INFO             PET0 PIOc_freedecomp Exit - MemInfo: [malloc] Top-most, releasable space:                    55712 Byte
20220312 000927.642 INFO             PET0 PIOc_freedecomp Exit - MemInfo: [malloc] Total space in use, mmap + non-mmap:         6028224 Byte
20220312 000927.642 INFO             PET0 PIOc_freedecomp Exit - MemInfo: [malloc] Total space held (mmap + non-mmap):          6105408 Byte
20220312 000927.642 INFO             PET0 PIOc_freedecomp Exit - MemInfo: [malloc] Total space used (mmap + non-mmap):          6036432 Byte
20220312 000927.642 INFO             PET0 PIOc_freedecomp Exit - MemInfo: Wall-clock time since execution start:               0.342432 seconds
20220312 000927.642 INFO             PET0  PASS  Writing a FieldBundle to a single file Test, ESMF_FieldBundleIOUTest.F90, line 355
20220312 000927.665 INFO             PET0 PIOc_sync Enter - MemInfo: [/proc/meminfo - SSI]	MemTotal:       65855856 kB
20220312 000927.666 INFO             PET0 PIOc_sync Enter - MemInfo: [/proc/meminfo - SSI]	MemFree:        61156180 kB
20220312 000927.666 INFO             PET0 PIOc_sync Enter - MemInfo: [/proc/meminfo - SSI]	MemAvailable:   60919436 kB
20220312 000927.666 INFO             PET0 PIOc_sync Enter - MemInfo: [/proc/meminfo - SSI]	Committed_AS:    2946412 kB
20220312 000927.666 INFO             PET0 PIOc_sync Enter - MemInfo: [/proc/meminfo - SSI]	CommittedPercent: 4.47403 %
20220312 000927.666 INFO             PET0 PIOc_sync Enter - MemInfo: [/proc/self/status]	VmPeak:	   71912 kB
20220312 000927.666 INFO             PET0 PIOc_sync Enter - MemInfo: [/proc/self/status]	VmSize:	   71912 kB
20220312 000927.666 INFO             PET0 PIOc_sync Enter - MemInfo: [/proc/self/status]	VmLck:	       0 kB
20220312 000927.666 INFO             PET0 PIOc_sync Enter - MemInfo: [/proc/self/status]	VmPin:	       0 kB
20220312 000927.666 INFO             PET0 PIOc_sync Enter - MemInfo: [/proc/self/status]	VmHWM:	   22028 kB
20220312 000927.666 INFO             PET0 PIOc_sync Enter - MemInfo: [/proc/self/status]	VmRSS:	   22028 kB
20220312 000927.666 INFO             PET0 PIOc_sync Enter - MemInfo: [/proc/self/status]	VmData:	   18980 kB
20220312 000927.666 INFO             PET0 PIOc_sync Enter - MemInfo: [/proc/self/status]	VmStk:	     164 kB
20220312 000927.666 INFO             PET0 PIOc_sync Enter - MemInfo: [/proc/self/status]	VmExe:	   27348 kB
20220312 000927.666 INFO             PET0 PIOc_sync Enter - MemInfo: [/proc/self/status]	VmLib:	    1952 kB
20220312 000927.666 INFO             PET0 PIOc_sync Enter - MemInfo: [/proc/self/status]	VmPTE:	     152 kB
20220312 000927.666 INFO             PET0 PIOc_sync Enter - MemInfo: [/proc/self/status]	VmPMD:	      12 kB
20220312 000927.666 INFO             PET0 PIOc_sync Enter - MemInfo: [/proc/self/status]	VmSwap:	       0 kB
20220312 000927.666 INFO             PET0 PIOc_sync Enter - MemInfo: [/proc/self/status]	VmRSSPercent: 0.0334488 %
20220312 000927.666 INFO             PET0 PIOc_sync Enter - MemInfo: [malloc] Non-mmapped space allocated:                10991936 Byte
20220312 000927.666 INFO             PET0 PIOc_sync Enter - MemInfo: [malloc] Space allocated in mmapped regions:          4104192 Byte
20220312 000927.666 INFO             PET0 PIOc_sync Enter - MemInfo: [malloc] Maximum total allocated space:                     0 Byte
20220312 000927.666 INFO             PET0 PIOc_sync Enter - MemInfo: [malloc] Space in freed fastbin blocks:                   528 Byte
20220312 000927.666 INFO             PET0 PIOc_sync Enter - MemInfo: [malloc] Total allocated space:                      10861872 Byte
20220312 000927.666 INFO             PET0 PIOc_sync Enter - MemInfo: [malloc] Total free space:                             130064 Byte
20220312 000927.666 INFO             PET0 PIOc_sync Enter - MemInfo: [malloc] Top-most, releasable space:                   128256 Byte
20220312 000927.666 INFO             PET0 PIOc_sync Enter - MemInfo: [malloc] Total space in use, mmap + non-mmap:        14966064 Byte
20220312 000927.666 INFO             PET0 PIOc_sync Enter - MemInfo: [malloc] Total space held (mmap + non-mmap):         15096128 Byte
20220312 000927.666 INFO             PET0 PIOc_sync Enter - MemInfo: [malloc] Total space used (mmap + non-mmap):         14974608 Byte
20220312 000927.666 INFO             PET0 PIOc_sync Enter - MemInfo: Wall-clock time since execution start:               0.366275 seconds
20220312 000927.666 INFO             PET0 PIOc_sync Exit - MemInfo: [/proc/meminfo - SSI]	MemTotal:       65855856 kB
20220312 000927.666 INFO             PET0 PIOc_sync Exit - MemInfo: [/proc/meminfo - SSI]	MemFree:        61156180 kB
20220312 000927.666 INFO             PET0 PIOc_sync Exit - MemInfo: [/proc/meminfo - SSI]	MemAvailable:   60919436 kB
20220312 000927.666 INFO             PET0 PIOc_sync Exit - MemInfo: [/proc/meminfo - SSI]	Committed_AS:    2946412 kB
20220312 000927.666 INFO             PET0 PIOc_sync Exit - MemInfo: [/proc/meminfo - SSI]	CommittedPercent: 4.47403 %
20220312 000927.666 INFO             PET0 PIOc_sync Exit - MemInfo: [/proc/self/status]	VmPeak:	   71912 kB
20220312 000927.666 INFO             PET0 PIOc_sync Exit - MemInfo: [/proc/self/status]	VmSize:	   71912 kB
20220312 000927.666 INFO             PET0 PIOc_sync Exit - MemInfo: [/proc/self/status]	VmLck:	       0 kB
20220312 000927.666 INFO             PET0 PIOc_sync Exit - MemInfo: [/proc/self/status]	VmPin:	       0 kB
20220312 000927.666 INFO             PET0 PIOc_sync Exit - MemInfo: [/proc/self/status]	VmHWM:	   22028 kB
20220312 000927.666 INFO             PET0 PIOc_sync Exit - MemInfo: [/proc/self/status]	VmRSS:	   22028 kB
20220312 000927.666 INFO             PET0 PIOc_sync Exit - MemInfo: [/proc/self/status]	VmData:	   18980 kB
20220312 000927.666 INFO             PET0 PIOc_sync Exit - MemInfo: [/proc/self/status]	VmStk:	     164 kB
20220312 000927.666 INFO             PET0 PIOc_sync Exit - MemInfo: [/proc/self/status]	VmExe:	   27348 kB
20220312 000927.666 INFO             PET0 PIOc_sync Exit - MemInfo: [/proc/self/status]	VmLib:	    1952 kB
20220312 000927.666 INFO             PET0 PIOc_sync Exit - MemInfo: [/proc/self/status]	VmPTE:	     156 kB
20220312 000927.666 INFO             PET0 PIOc_sync Exit - MemInfo: [/proc/self/status]	VmPMD:	      12 kB
20220312 000927.666 INFO             PET0 PIOc_sync Exit - MemInfo: [/proc/self/status]	VmSwap:	       0 kB
20220312 000927.666 INFO             PET0 PIOc_sync Exit - MemInfo: [/proc/self/status]	VmRSSPercent: 0.0334488 %
20220312 000927.666 INFO             PET0 PIOc_sync Exit - MemInfo: [malloc] Non-mmapped space allocated:                10991936 Byte
20220312 000927.666 INFO             PET0 PIOc_sync Exit - MemInfo: [malloc] Space allocated in mmapped regions:          4104192 Byte
20220312 000927.666 INFO             PET0 PIOc_sync Exit - MemInfo: [malloc] Maximum total allocated space:                     0 Byte
20220312 000927.666 INFO             PET0 PIOc_sync Exit - MemInfo: [malloc] Space in freed fastbin blocks:                   240 Byte
20220312 000927.666 INFO             PET0 PIOc_sync Exit - MemInfo: [malloc] Total allocated space:                      10864656 Byte
20220312 000927.666 INFO             PET0 PIOc_sync Exit - MemInfo: [malloc] Total free space:                             127280 Byte
20220312 000927.666 INFO             PET0 PIOc_sync Exit - MemInfo: [malloc] Top-most, releasable space:                   123680 Byte
20220312 000927.666 INFO             PET0 PIOc_sync Exit - MemInfo: [malloc] Total space in use, mmap + non-mmap:        14968848 Byte
20220312 000927.667 INFO             PET0 PIOc_sync Exit - MemInfo: [malloc] Total space held (mmap + non-mmap):         15096128 Byte
20220312 000927.667 INFO             PET0 PIOc_sync Exit - MemInfo: [malloc] Total space used (mmap + non-mmap):         14977168 Byte
20220312 000927.667 INFO             PET0 PIOc_sync Exit - MemInfo: Wall-clock time since execution start:               0.366826 seconds
20220312 000927.667 INFO             PET0 PIOc_freedecomp Enter - MemInfo: [/proc/meminfo - SSI]	MemTotal:       65855856 kB
20220312 000927.667 INFO             PET0 PIOc_freedecomp Enter - MemInfo: [/proc/meminfo - SSI]	MemFree:        61156180 kB
20220312 000927.667 INFO             PET0 PIOc_freedecomp Enter - MemInfo: [/proc/meminfo - SSI]	MemAvailable:   60919436 kB
20220312 000927.667 INFO             PET0 PIOc_freedecomp Enter - MemInfo: [/proc/meminfo - SSI]	Committed_AS:    2946412 kB
20220312 000927.667 INFO             PET0 PIOc_freedecomp Enter - MemInfo: [/proc/meminfo - SSI]	CommittedPercent: 4.47403 %
20220312 000927.667 INFO             PET0 PIOc_freedecomp Enter - MemInfo: [/proc/self/status]	VmPeak:	   71912 kB
20220312 000927.667 INFO             PET0 PIOc_freedecomp Enter - MemInfo: [/proc/self/status]	VmSize:	   71912 kB
20220312 000927.667 INFO             PET0 PIOc_freedecomp Enter - MemInfo: [/proc/self/status]	VmLck:	       0 kB
20220312 000927.667 INFO             PET0 PIOc_freedecomp Enter - MemInfo: [/proc/self/status]	VmPin:	       0 kB
20220312 000927.667 INFO             PET0 PIOc_freedecomp Enter - MemInfo: [/proc/self/status]	VmHWM:	   22028 kB
20220312 000927.667 INFO             PET0 PIOc_freedecomp Enter - MemInfo: [/proc/self/status]	VmRSS:	   22028 kB
20220312 000927.667 INFO             PET0 PIOc_freedecomp Enter - MemInfo: [/proc/self/status]	VmData:	   18980 kB
20220312 000927.667 INFO             PET0 PIOc_freedecomp Enter - MemInfo: [/proc/self/status]	VmStk:	     164 kB
20220312 000927.667 INFO             PET0 PIOc_freedecomp Enter - MemInfo: [/proc/self/status]	VmExe:	   27348 kB
20220312 000927.667 INFO             PET0 PIOc_freedecomp Enter - MemInfo: [/proc/self/status]	VmLib:	    1952 kB
20220312 000927.667 INFO             PET0 PIOc_freedecomp Enter - MemInfo: [/proc/self/status]	VmPTE:	     156 kB
20220312 000927.667 INFO             PET0 PIOc_freedecomp Enter - MemInfo: [/proc/self/status]	VmPMD:	      12 kB
20220312 000927.667 INFO             PET0 PIOc_freedecomp Enter - MemInfo: [/proc/self/status]	VmSwap:	       0 kB
20220312 000927.667 INFO             PET0 PIOc_freedecomp Enter - MemInfo: [/proc/self/status]	VmRSSPercent: 0.0334488 %
20220312 000927.667 INFO             PET0 PIOc_freedecomp Enter - MemInfo: [malloc] Non-mmapped space allocated:                10991936 Byte
20220312 000927.667 INFO             PET0 PIOc_freedecomp Enter - MemInfo: [malloc] Space allocated in mmapped regions:          4104192 Byte
20220312 000927.667 INFO             PET0 PIOc_freedecomp Enter - MemInfo: [malloc] Maximum total allocated space:                     0 Byte
20220312 000927.667 INFO             PET0 PIOc_freedecomp Enter - MemInfo: [malloc] Space in freed fastbin blocks:                   208 Byte
20220312 000927.667 INFO             PET0 PIOc_freedecomp Enter - MemInfo: [malloc] Total allocated space:                       1938304 Byte
20220312 000927.667 INFO             PET0 PIOc_freedecomp Enter - MemInfo: [malloc] Total free space:                            9053632 Byte
20220312 000927.667 INFO             PET0 PIOc_freedecomp Enter - MemInfo: [malloc] Top-most, releasable space:                   123456 Byte
20220312 000927.667 INFO             PET0 PIOc_freedecomp Enter - MemInfo: [malloc] Total space in use, mmap + non-mmap:         6042496 Byte
20220312 000927.667 INFO             PET0 PIOc_freedecomp Enter - MemInfo: [malloc] Total space held (mmap + non-mmap):         15096128 Byte
20220312 000927.667 INFO             PET0 PIOc_freedecomp Enter - MemInfo: [malloc] Total space used (mmap + non-mmap):          6050704 Byte
20220312 000927.667 INFO             PET0 PIOc_freedecomp Enter - MemInfo: Wall-clock time since execution start:               0.367384 seconds
20220312 000927.667 INFO             PET0 PIOc_freedecomp Exit - MemInfo: [/proc/meminfo - SSI]	MemTotal:       65855856 kB
20220312 000927.667 INFO             PET0 PIOc_freedecomp Exit - MemInfo: [/proc/meminfo - SSI]	MemFree:        61156180 kB
20220312 000927.667 INFO             PET0 PIOc_freedecomp Exit - MemInfo: [/proc/meminfo - SSI]	MemAvailable:   60919436 kB
20220312 000927.667 INFO             PET0 PIOc_freedecomp Exit - MemInfo: [/proc/meminfo - SSI]	Committed_AS:    2946412 kB
20220312 000927.667 INFO             PET0 PIOc_freedecomp Exit - MemInfo: [/proc/meminfo - SSI]	CommittedPercent: 4.47403 %
20220312 000927.667 INFO             PET0 PIOc_freedecomp Exit - MemInfo: [/proc/self/status]	VmPeak:	   71912 kB
20220312 000927.667 INFO             PET0 PIOc_freedecomp Exit - MemInfo: [/proc/self/status]	VmSize:	   71912 kB
20220312 000927.667 INFO             PET0 PIOc_freedecomp Exit - MemInfo: [/proc/self/status]	VmLck:	       0 kB
20220312 000927.667 INFO             PET0 PIOc_freedecomp Exit - MemInfo: [/proc/self/status]	VmPin:	       0 kB
20220312 000927.667 INFO             PET0 PIOc_freedecomp Exit - MemInfo: [/proc/self/status]	VmHWM:	   22028 kB
20220312 000927.667 INFO             PET0 PIOc_freedecomp Exit - MemInfo: [/proc/self/status]	VmRSS:	   22028 kB
20220312 000927.667 INFO             PET0 PIOc_freedecomp Exit - MemInfo: [/proc/self/status]	VmData:	   18980 kB
20220312 000927.667 INFO             PET0 PIOc_freedecomp Exit - MemInfo: [/proc/self/status]	VmStk:	     164 kB
20220312 000927.667 INFO             PET0 PIOc_freedecomp Exit - MemInfo: [/proc/self/status]	VmExe:	   27348 kB
20220312 000927.667 INFO             PET0 PIOc_freedecomp Exit - MemInfo: [/proc/self/status]	VmLib:	    1952 kB
20220312 000927.667 INFO             PET0 PIOc_freedecomp Exit - MemInfo: [/proc/self/status]	VmPTE:	     156 kB
20220312 000927.667 INFO             PET0 PIOc_freedecomp Exit - MemInfo: [/proc/self/status]	VmPMD:	      12 kB
20220312 000927.667 INFO             PET0 PIOc_freedecomp Exit - MemInfo: [/proc/self/status]	VmSwap:	       0 kB
20220312 000927.667 INFO             PET0 PIOc_freedecomp Exit - MemInfo: [/proc/self/status]	VmRSSPercent: 0.0334488 %
20220312 000927.667 INFO             PET0 PIOc_freedecomp Exit - MemInfo: [malloc] Non-mmapped space allocated:                10991936 Byte
20220312 000927.667 INFO             PET0 PIOc_freedecomp Exit - MemInfo: [malloc] Space allocated in mmapped regions:          4104192 Byte
20220312 000927.667 INFO             PET0 PIOc_freedecomp Exit - MemInfo: [malloc] Maximum total allocated space:                     0 Byte
20220312 000927.667 INFO             PET0 PIOc_freedecomp Exit - MemInfo: [malloc] Space in freed fastbin blocks:                   448 Byte
20220312 000927.667 INFO             PET0 PIOc_freedecomp Exit - MemInfo: [malloc] Total allocated space:                       1935376 Byte
20220312 000927.667 INFO             PET0 PIOc_freedecomp Exit - MemInfo: [malloc] Total free space:                            9056560 Byte
20220312 000927.667 INFO             PET0 PIOc_freedecomp Exit - MemInfo: [malloc] Top-most, releasable space:                   124080 Byte
20220312 000927.667 INFO             PET0 PIOc_freedecomp Exit - MemInfo: [malloc] Total space in use, mmap + non-mmap:         6039568 Byte
20220312 000927.667 INFO             PET0 PIOc_freedecomp Exit - MemInfo: [malloc] Total space held (mmap + non-mmap):         15096128 Byte
20220312 000927.667 INFO             PET0 PIOc_freedecomp Exit - MemInfo: [malloc] Total space used (mmap + non-mmap):          6047776 Byte
20220312 000927.667 INFO             PET0 PIOc_freedecomp Exit - MemInfo: Wall-clock time since execution start:               0.367767 seconds
20220312 000927.668 INFO             PET0 PIOc_freedecomp Enter - MemInfo: [/proc/meminfo - SSI]	MemTotal:       65855856 kB
20220312 000927.668 INFO             PET0 PIOc_freedecomp Enter - MemInfo: [/proc/meminfo - SSI]	MemFree:        61156180 kB
20220312 000927.668 INFO             PET0 PIOc_freedecomp Enter - MemInfo: [/proc/meminfo - SSI]	MemAvailable:   60919436 kB
20220312 000927.668 INFO             PET0 PIOc_freedecomp Enter - MemInfo: [/proc/meminfo - SSI]	Committed_AS:    2946412 kB
20220312 000927.668 INFO             PET0 PIOc_freedecomp Enter - MemInfo: [/proc/meminfo - SSI]	CommittedPercent: 4.47403 %
20220312 000927.668 INFO             PET0 PIOc_freedecomp Enter - MemInfo: [/proc/self/status]	VmPeak:	   71912 kB
20220312 000927.668 INFO             PET0 PIOc_freedecomp Enter - MemInfo: [/proc/self/status]	VmSize:	   71912 kB
20220312 000927.668 INFO             PET0 PIOc_freedecomp Enter - MemInfo: [/proc/self/status]	VmLck:	       0 kB
20220312 000927.668 INFO             PET0 PIOc_freedecomp Enter - MemInfo: [/proc/self/status]	VmPin:	       0 kB
20220312 000927.668 INFO             PET0 PIOc_freedecomp Enter - MemInfo: [/proc/self/status]	VmHWM:	   22028 kB
20220312 000927.668 INFO             PET0 PIOc_freedecomp Enter - MemInfo: [/proc/self/status]	VmRSS:	   22028 kB
20220312 000927.668 INFO             PET0 PIOc_freedecomp Enter - MemInfo: [/proc/self/status]	VmData:	   18980 kB
20220312 000927.668 INFO             PET0 PIOc_freedecomp Enter - MemInfo: [/proc/self/status]	VmStk:	     164 kB
20220312 000927.668 INFO             PET0 PIOc_freedecomp Enter - MemInfo: [/proc/self/status]	VmExe:	   27348 kB
20220312 000927.668 INFO             PET0 PIOc_freedecomp Enter - MemInfo: [/proc/self/status]	VmLib:	    1952 kB
20220312 000927.668 INFO             PET0 PIOc_freedecomp Enter - MemInfo: [/proc/self/status]	VmPTE:	     156 kB
20220312 000927.668 INFO             PET0 PIOc_freedecomp Enter - MemInfo: [/proc/self/status]	VmPMD:	      12 kB
20220312 000927.668 INFO             PET0 PIOc_freedecomp Enter - MemInfo: [/proc/self/status]	VmSwap:	       0 kB
20220312 000927.668 INFO             PET0 PIOc_freedecomp Enter - MemInfo: [/proc/self/status]	VmRSSPercent: 0.0334488 %
20220312 000927.668 INFO             PET0 PIOc_freedecomp Enter - MemInfo: [malloc] Non-mmapped space allocated:                10991936 Byte
20220312 000927.668 INFO             PET0 PIOc_freedecomp Enter - MemInfo: [malloc] Space allocated in mmapped regions:          4104192 Byte
20220312 000927.668 INFO             PET0 PIOc_freedecomp Enter - MemInfo: [malloc] Maximum total allocated space:                     0 Byte
20220312 000927.668 INFO             PET0 PIOc_freedecomp Enter - MemInfo: [malloc] Space in freed fastbin blocks:                   128 Byte
20220312 000927.668 INFO             PET0 PIOc_freedecomp Enter - MemInfo: [malloc] Total allocated space:                       1935248 Byte
20220312 000927.668 INFO             PET0 PIOc_freedecomp Enter - MemInfo: [malloc] Total free space:                            9056688 Byte
20220312 000927.668 INFO             PET0 PIOc_freedecomp Enter - MemInfo: [malloc] Top-most, releasable space:                   124080 Byte
20220312 000927.668 INFO             PET0 PIOc_freedecomp Enter - MemInfo: [malloc] Total space in use, mmap + non-mmap:         6039440 Byte
20220312 000927.668 INFO             PET0 PIOc_freedecomp Enter - MemInfo: [malloc] Total space held (mmap + non-mmap):         15096128 Byte
20220312 000927.668 INFO             PET0 PIOc_freedecomp Enter - MemInfo: [malloc] Total space used (mmap + non-mmap):          6047648 Byte
20220312 000927.668 INFO             PET0 PIOc_freedecomp Enter - MemInfo: Wall-clock time since execution start:               0.368172 seconds
20220312 000927.668 INFO             PET0 PIOc_freedecomp Exit - MemInfo: [/proc/meminfo - SSI]	MemTotal:       65855856 kB
20220312 000927.668 INFO             PET0 PIOc_freedecomp Exit - MemInfo: [/proc/meminfo - SSI]	MemFree:        61156180 kB
20220312 000927.668 INFO             PET0 PIOc_freedecomp Exit - MemInfo: [/proc/meminfo - SSI]	MemAvailable:   60919436 kB
20220312 000927.668 INFO             PET0 PIOc_freedecomp Exit - MemInfo: [/proc/meminfo - SSI]	Committed_AS:    2946412 kB
20220312 000927.668 INFO             PET0 PIOc_freedecomp Exit - MemInfo: [/proc/meminfo - SSI]	CommittedPercent: 4.47403 %
20220312 000927.668 INFO             PET0 PIOc_freedecomp Exit - MemInfo: [/proc/self/status]	VmPeak:	   71912 kB
20220312 000927.668 INFO             PET0 PIOc_freedecomp Exit - MemInfo: [/proc/self/status]	VmSize:	   71912 kB
20220312 000927.668 INFO             PET0 PIOc_freedecomp Exit - MemInfo: [/proc/self/status]	VmLck:	       0 kB
20220312 000927.668 INFO             PET0 PIOc_freedecomp Exit - MemInfo: [/proc/self/status]	VmPin:	       0 kB
20220312 000927.668 INFO             PET0 PIOc_freedecomp Exit - MemInfo: [/proc/self/status]	VmHWM:	   22028 kB
20220312 000927.668 INFO             PET0 PIOc_freedecomp Exit - MemInfo: [/proc/self/status]	VmRSS:	   22028 kB
20220312 000927.668 INFO             PET0 PIOc_freedecomp Exit - MemInfo: [/proc/self/status]	VmData:	   18980 kB
20220312 000927.668 INFO             PET0 PIOc_freedecomp Exit - MemInfo: [/proc/self/status]	VmStk:	     164 kB
20220312 000927.668 INFO             PET0 PIOc_freedecomp Exit - MemInfo: [/proc/self/status]	VmExe:	   27348 kB
20220312 000927.668 INFO             PET0 PIOc_freedecomp Exit - MemInfo: [/proc/self/status]	VmLib:	    1952 kB
20220312 000927.668 INFO             PET0 PIOc_freedecomp Exit - MemInfo: [/proc/self/status]	VmPTE:	     156 kB
20220312 000927.668 INFO             PET0 PIOc_freedecomp Exit - MemInfo: [/proc/self/status]	VmPMD:	      12 kB
20220312 000927.668 INFO             PET0 PIOc_freedecomp Exit - MemInfo: [/proc/self/status]	VmSwap:	       0 kB
20220312 000927.668 INFO             PET0 PIOc_freedecomp Exit - MemInfo: [/proc/self/status]	VmRSSPercent: 0.0334488 %
20220312 000927.668 INFO             PET0 PIOc_freedecomp Exit - MemInfo: [malloc] Non-mmapped space allocated:                10991936 Byte
20220312 000927.668 INFO             PET0 PIOc_freedecomp Exit - MemInfo: [malloc] Space allocated in mmapped regions:          4104192 Byte
20220312 000927.668 INFO             PET0 PIOc_freedecomp Exit - MemInfo: [malloc] Maximum total allocated space:                     0 Byte
20220312 000927.668 INFO             PET0 PIOc_freedecomp Exit - MemInfo: [malloc] Space in freed fastbin blocks:                   512 Byte
20220312 000927.668 INFO             PET0 PIOc_freedecomp Exit - MemInfo: [malloc] Total allocated space:                       1933120 Byte
20220312 000927.668 INFO             PET0 PIOc_freedecomp Exit - MemInfo: [malloc] Total free space:                            9058816 Byte
20220312 000927.668 INFO             PET0 PIOc_freedecomp Exit - MemInfo: [malloc] Top-most, releasable space:                   124080 Byte
20220312 000927.668 INFO             PET0 PIOc_freedecomp Exit - MemInfo: [malloc] Total space in use, mmap + non-mmap:         6037312 Byte
20220312 000927.668 INFO             PET0 PIOc_freedecomp Exit - MemInfo: [malloc] Total space held (mmap + non-mmap):         15096128 Byte
20220312 000927.668 INFO             PET0 PIOc_freedecomp Exit - MemInfo: [malloc] Total space used (mmap + non-mmap):          6045520 Byte
20220312 000927.668 INFO             PET0 PIOc_freedecomp Exit - MemInfo: Wall-clock time since execution start:               0.368577 seconds
20220312 000927.668 INFO             PET0 PIOc_freedecomp Enter - MemInfo: [/proc/meminfo - SSI]	MemTotal:       65855856 kB
20220312 000927.668 INFO             PET0 PIOc_freedecomp Enter - MemInfo: [/proc/meminfo - SSI]	MemFree:        61156180 kB
20220312 000927.668 INFO             PET0 PIOc_freedecomp Enter - MemInfo: [/proc/meminfo - SSI]	MemAvailable:   60919436 kB
20220312 000927.668 INFO             PET0 PIOc_freedecomp Enter - MemInfo: [/proc/meminfo - SSI]	Committed_AS:    2946412 kB
20220312 000927.668 INFO             PET0 PIOc_freedecomp Enter - MemInfo: [/proc/meminfo - SSI]	CommittedPercent: 4.47403 %
20220312 000927.668 INFO             PET0 PIOc_freedecomp Enter - MemInfo: [/proc/self/status]	VmPeak:	   71912 kB
20220312 000927.668 INFO             PET0 PIOc_freedecomp Enter - MemInfo: [/proc/self/status]	VmSize:	   71912 kB
20220312 000927.668 INFO             PET0 PIOc_freedecomp Enter - MemInfo: [/proc/self/status]	VmLck:	       0 kB
20220312 000927.668 INFO             PET0 PIOc_freedecomp Enter - MemInfo: [/proc/self/status]	VmPin:	       0 kB
20220312 000927.668 INFO             PET0 PIOc_freedecomp Enter - MemInfo: [/proc/self/status]	VmHWM:	   22028 kB
20220312 000927.668 INFO             PET0 PIOc_freedecomp Enter - MemInfo: [/proc/self/status]	VmRSS:	   22028 kB
20220312 000927.668 INFO             PET0 PIOc_freedecomp Enter - MemInfo: [/proc/self/status]	VmData:	   18980 kB
20220312 000927.668 INFO             PET0 PIOc_freedecomp Enter - MemInfo: [/proc/self/status]	VmStk:	     164 kB
20220312 000927.668 INFO             PET0 PIOc_freedecomp Enter - MemInfo: [/proc/self/status]	VmExe:	   27348 kB
20220312 000927.669 INFO             PET0 PIOc_freedecomp Enter - MemInfo: [/proc/self/status]	VmLib:	    1952 kB
20220312 000927.669 INFO             PET0 PIOc_freedecomp Enter - MemInfo: [/proc/self/status]	VmPTE:	     156 kB
20220312 000927.669 INFO             PET0 PIOc_freedecomp Enter - MemInfo: [/proc/self/status]	VmPMD:	      12 kB
20220312 000927.669 INFO             PET0 PIOc_freedecomp Enter - MemInfo: [/proc/self/status]	VmSwap:	       0 kB
20220312 000927.669 INFO             PET0 PIOc_freedecomp Enter - MemInfo: [/proc/self/status]	VmRSSPercent: 0.0334488 %
20220312 000927.669 INFO             PET0 PIOc_freedecomp Enter - MemInfo: [malloc] Non-mmapped space allocated:                10991936 Byte
20220312 000927.669 INFO             PET0 PIOc_freedecomp Enter - MemInfo: [malloc] Space allocated in mmapped regions:          4104192 Byte
20220312 000927.669 INFO             PET0 PIOc_freedecomp Enter - MemInfo: [malloc] Maximum total allocated space:                     0 Byte
20220312 000927.669 INFO             PET0 PIOc_freedecomp Enter - MemInfo: [malloc] Space in freed fastbin blocks:                   128 Byte
20220312 000927.669 INFO             PET0 PIOc_freedecomp Enter - MemInfo: [malloc] Total allocated space:                       1932992 Byte
20220312 000927.669 INFO             PET0 PIOc_freedecomp Enter - MemInfo: [malloc] Total free space:                            9058944 Byte
20220312 000927.669 INFO             PET0 PIOc_freedecomp Enter - MemInfo: [malloc] Top-most, releasable space:                   124080 Byte
20220312 000927.669 INFO             PET0 PIOc_freedecomp Enter - MemInfo: [malloc] Total space in use, mmap + non-mmap:         6037184 Byte
20220312 000927.669 INFO             PET0 PIOc_freedecomp Enter - MemInfo: [malloc] Total space held (mmap + non-mmap):         15096128 Byte
20220312 000927.669 INFO             PET0 PIOc_freedecomp Enter - MemInfo: [malloc] Total space used (mmap + non-mmap):          6045392 Byte
20220312 000927.669 INFO             PET0 PIOc_freedecomp Enter - MemInfo: Wall-clock time since execution start:               0.368965 seconds
20220312 000927.669 INFO             PET0 PIOc_freedecomp Exit - MemInfo: [/proc/meminfo - SSI]	MemTotal:       65855856 kB
20220312 000927.669 INFO             PET0 PIOc_freedecomp Exit - MemInfo: [/proc/meminfo - SSI]	MemFree:        61156180 kB
20220312 000927.669 INFO             PET0 PIOc_freedecomp Exit - MemInfo: [/proc/meminfo - SSI]	MemAvailable:   60919436 kB
20220312 000927.669 INFO             PET0 PIOc_freedecomp Exit - MemInfo: [/proc/meminfo - SSI]	Committed_AS:    2946412 kB
20220312 000927.669 INFO             PET0 PIOc_freedecomp Exit - MemInfo: [/proc/meminfo - SSI]	CommittedPercent: 4.47403 %
20220312 000927.669 INFO             PET0 PIOc_freedecomp Exit - MemInfo: [/proc/self/status]	VmPeak:	   71912 kB
20220312 000927.669 INFO             PET0 PIOc_freedecomp Exit - MemInfo: [/proc/self/status]	VmSize:	   71912 kB
20220312 000927.669 INFO             PET0 PIOc_freedecomp Exit - MemInfo: [/proc/self/status]	VmLck:	       0 kB
20220312 000927.669 INFO             PET0 PIOc_freedecomp Exit - MemInfo: [/proc/self/status]	VmPin:	       0 kB
20220312 000927.669 INFO             PET0 PIOc_freedecomp Exit - MemInfo: [/proc/self/status]	VmHWM:	   22028 kB
20220312 000927.669 INFO             PET0 PIOc_freedecomp Exit - MemInfo: [/proc/self/status]	VmRSS:	   22028 kB
20220312 000927.669 INFO             PET0 PIOc_freedecomp Exit - MemInfo: [/proc/self/status]	VmData:	   18980 kB
20220312 000927.669 INFO             PET0 PIOc_freedecomp Exit - MemInfo: [/proc/self/status]	VmStk:	     164 kB
20220312 000927.669 INFO             PET0 PIOc_freedecomp Exit - MemInfo: [/proc/self/status]	VmExe:	   27348 kB
20220312 000927.669 INFO             PET0 PIOc_freedecomp Exit - MemInfo: [/proc/self/status]	VmLib:	    1952 kB
20220312 000927.669 INFO             PET0 PIOc_freedecomp Exit - MemInfo: [/proc/self/status]	VmPTE:	     156 kB
20220312 000927.669 INFO             PET0 PIOc_freedecomp Exit - MemInfo: [/proc/self/status]	VmPMD:	      12 kB
20220312 000927.669 INFO             PET0 PIOc_freedecomp Exit - MemInfo: [/proc/self/status]	VmSwap:	       0 kB
20220312 000927.669 INFO             PET0 PIOc_freedecomp Exit - MemInfo: [/proc/self/status]	VmRSSPercent: 0.0334488 %
20220312 000927.669 INFO             PET0 PIOc_freedecomp Exit - MemInfo: [malloc] Non-mmapped space allocated:                10991936 Byte
20220312 000927.669 INFO             PET0 PIOc_freedecomp Exit - MemInfo: [malloc] Space allocated in mmapped regions:          4104192 Byte
20220312 000927.669 INFO             PET0 PIOc_freedecomp Exit - MemInfo: [malloc] Maximum total allocated space:                     0 Byte
20220312 000927.669 INFO             PET0 PIOc_freedecomp Exit - MemInfo: [malloc] Space in freed fastbin blocks:                  1008 Byte
20220312 000927.669 INFO             PET0 PIOc_freedecomp Exit - MemInfo: [malloc] Total allocated space:                       1928464 Byte
20220312 000927.669 INFO             PET0 PIOc_freedecomp Exit - MemInfo: [malloc] Total free space:                            9063472 Byte
20220312 000927.669 INFO             PET0 PIOc_freedecomp Exit - MemInfo: [malloc] Top-most, releasable space:                   124080 Byte
20220312 000927.669 INFO             PET0 PIOc_freedecomp Exit - MemInfo: [malloc] Total space in use, mmap + non-mmap:         6032656 Byte
20220312 000927.669 INFO             PET0 PIOc_freedecomp Exit - MemInfo: [malloc] Total space held (mmap + non-mmap):         15096128 Byte
20220312 000927.669 INFO             PET0 PIOc_freedecomp Exit - MemInfo: [malloc] Total space used (mmap + non-mmap):          6040864 Byte
20220312 000927.669 INFO             PET0 PIOc_freedecomp Exit - MemInfo: Wall-clock time since execution start:               0.369375 seconds
20220312 000927.669 INFO             PET0  PASS  Writing a FieldBundle to a single file with timeslice Test, ESMF_FieldBundleIOUTest.F90, line 370
20220312 000927.672 INFO             PET0 PIOc_sync Enter - MemInfo: [/proc/meminfo - SSI]	MemTotal:       65855856 kB
20220312 000927.672 INFO             PET0 PIOc_sync Enter - MemInfo: [/proc/meminfo - SSI]	MemFree:        61155676 kB
20220312 000927.672 INFO             PET0 PIOc_sync Enter - MemInfo: [/proc/meminfo - SSI]	MemAvailable:   60918932 kB
20220312 000927.672 INFO             PET0 PIOc_sync Enter - MemInfo: [/proc/meminfo - SSI]	Committed_AS:    2946412 kB
20220312 000927.672 INFO             PET0 PIOc_sync Enter - MemInfo: [/proc/meminfo - SSI]	CommittedPercent: 4.47403 %
20220312 000927.672 INFO             PET0 PIOc_sync Enter - MemInfo: [/proc/self/status]	VmPeak:	   71912 kB
20220312 000927.672 INFO             PET0 PIOc_sync Enter - MemInfo: [/proc/self/status]	VmSize:	   71888 kB
20220312 000927.672 INFO             PET0 PIOc_sync Enter - MemInfo: [/proc/self/status]	VmLck:	       0 kB
20220312 000927.672 INFO             PET0 PIOc_sync Enter - MemInfo: [/proc/self/status]	VmPin:	       0 kB
20220312 000927.672 INFO             PET0 PIOc_sync Enter - MemInfo: [/proc/self/status]	VmHWM:	   22412 kB
20220312 000927.672 INFO             PET0 PIOc_sync Enter - MemInfo: [/proc/self/status]	VmRSS:	   22412 kB
20220312 000927.672 INFO             PET0 PIOc_sync Enter - MemInfo: [/proc/self/status]	VmData:	   18980 kB
20220312 000927.672 INFO             PET0 PIOc_sync Enter - MemInfo: [/proc/self/status]	VmStk:	     164 kB
20220312 000927.672 INFO             PET0 PIOc_sync Enter - MemInfo: [/proc/self/status]	VmExe:	   27348 kB
20220312 000927.672 INFO             PET0 PIOc_sync Enter - MemInfo: [/proc/self/status]	VmLib:	    1952 kB
20220312 000927.672 INFO             PET0 PIOc_sync Enter - MemInfo: [/proc/self/status]	VmPTE:	     156 kB
20220312 000927.672 INFO             PET0 PIOc_sync Enter - MemInfo: [/proc/self/status]	VmPMD:	      12 kB
20220312 000927.672 INFO             PET0 PIOc_sync Enter - MemInfo: [/proc/self/status]	VmSwap:	       0 kB
20220312 000927.672 INFO             PET0 PIOc_sync Enter - MemInfo: [/proc/self/status]	VmRSSPercent: 0.0340319 %
20220312 000927.672 INFO             PET0 PIOc_sync Enter - MemInfo: [malloc] Non-mmapped space allocated:                10991936 Byte
20220312 000927.672 INFO             PET0 PIOc_sync Enter - MemInfo: [malloc] Space allocated in mmapped regions:          4104192 Byte
20220312 000927.672 INFO             PET0 PIOc_sync Enter - MemInfo: [malloc] Maximum total allocated space:                     0 Byte
20220312 000927.672 INFO             PET0 PIOc_sync Enter - MemInfo: [malloc] Space in freed fastbin blocks:                   672 Byte
20220312 000927.672 INFO             PET0 PIOc_sync Enter - MemInfo: [malloc] Total allocated space:                      10868752 Byte
20220312 000927.672 INFO             PET0 PIOc_sync Enter - MemInfo: [malloc] Total free space:                             123184 Byte
20220312 000927.672 INFO             PET0 PIOc_sync Enter - MemInfo: [malloc] Top-most, releasable space:                   119632 Byte
20220312 000927.672 INFO             PET0 PIOc_sync Enter - MemInfo: [malloc] Total space in use, mmap + non-mmap:        14972944 Byte
20220312 000927.672 INFO             PET0 PIOc_sync Enter - MemInfo: [malloc] Total space held (mmap + non-mmap):         15096128 Byte
20220312 000927.672 INFO             PET0 PIOc_sync Enter - MemInfo: [malloc] Total space used (mmap + non-mmap):         14981152 Byte
20220312 000927.672 INFO             PET0 PIOc_sync Enter - MemInfo: Wall-clock time since execution start:                0.37239 seconds
20220312 000927.672 INFO             PET0 PIOc_sync Exit - MemInfo: [/proc/meminfo - SSI]	MemTotal:       65855856 kB
20220312 000927.672 INFO             PET0 PIOc_sync Exit - MemInfo: [/proc/meminfo - SSI]	MemFree:        61155676 kB
20220312 000927.672 INFO             PET0 PIOc_sync Exit - MemInfo: [/proc/meminfo - SSI]	MemAvailable:   60918932 kB
20220312 000927.672 INFO             PET0 PIOc_sync Exit - MemInfo: [/proc/meminfo - SSI]	Committed_AS:    2946412 kB
20220312 000927.672 INFO             PET0 PIOc_sync Exit - MemInfo: [/proc/meminfo - SSI]	CommittedPercent: 4.47403 %
20220312 000927.672 INFO             PET0 PIOc_sync Exit - MemInfo: [/proc/self/status]	VmPeak:	   71912 kB
20220312 000927.672 INFO             PET0 PIOc_sync Exit - MemInfo: [/proc/self/status]	VmSize:	   71888 kB
20220312 000927.672 INFO             PET0 PIOc_sync Exit - MemInfo: [/proc/self/status]	VmLck:	       0 kB
20220312 000927.672 INFO             PET0 PIOc_sync Exit - MemInfo: [/proc/self/status]	VmPin:	       0 kB
20220312 000927.672 INFO             PET0 PIOc_sync Exit - MemInfo: [/proc/self/status]	VmHWM:	   22680 kB
20220312 000927.672 INFO             PET0 PIOc_sync Exit - MemInfo: [/proc/self/status]	VmRSS:	   22680 kB
20220312 000927.672 INFO             PET0 PIOc_sync Exit - MemInfo: [/proc/self/status]	VmData:	   18980 kB
20220312 000927.672 INFO             PET0 PIOc_sync Exit - MemInfo: [/proc/self/status]	VmStk:	     164 kB
20220312 000927.672 INFO             PET0 PIOc_sync Exit - MemInfo: [/proc/self/status]	VmExe:	   27348 kB
20220312 000927.672 INFO             PET0 PIOc_sync Exit - MemInfo: [/proc/self/status]	VmLib:	    1952 kB
20220312 000927.672 INFO             PET0 PIOc_sync Exit - MemInfo: [/proc/self/status]	VmPTE:	     156 kB
20220312 000927.672 INFO             PET0 PIOc_sync Exit - MemInfo: [/proc/self/status]	VmPMD:	      12 kB
20220312 000927.672 INFO             PET0 PIOc_sync Exit - MemInfo: [/proc/self/status]	VmSwap:	       0 kB
20220312 000927.673 INFO             PET0 PIOc_sync Exit - MemInfo: [/proc/self/status]	VmRSSPercent: 0.0344389 %
20220312 000927.673 INFO             PET0 PIOc_sync Exit - MemInfo: [malloc] Non-mmapped space allocated:                10991936 Byte
20220312 000927.673 INFO             PET0 PIOc_sync Exit - MemInfo: [malloc] Space allocated in mmapped regions:          4104192 Byte
20220312 000927.673 INFO             PET0 PIOc_sync Exit - MemInfo: [malloc] Maximum total allocated space:                     0 Byte
20220312 000927.673 INFO             PET0 PIOc_sync Exit - MemInfo: [malloc] Space in freed fastbin blocks:                     0 Byte
20220312 000927.673 INFO             PET0 PIOc_sync Exit - MemInfo: [malloc] Total allocated space:                      10871184 Byte
20220312 000927.673 INFO             PET0 PIOc_sync Exit - MemInfo: [malloc] Total free space:                             120752 Byte
20220312 000927.673 INFO             PET0 PIOc_sync Exit - MemInfo: [malloc] Top-most, releasable space:                   119408 Byte
20220312 000927.673 INFO             PET0 PIOc_sync Exit - MemInfo: [malloc] Total space in use, mmap + non-mmap:        14975376 Byte
20220312 000927.673 INFO             PET0 PIOc_sync Exit - MemInfo: [malloc] Total space held (mmap + non-mmap):         15096128 Byte
20220312 000927.673 INFO             PET0 PIOc_sync Exit - MemInfo: [malloc] Total space used (mmap + non-mmap):         14983584 Byte
20220312 000927.673 INFO             PET0 PIOc_sync Exit - MemInfo: Wall-clock time since execution start:               0.372905 seconds
20220312 000927.673 INFO             PET0 PIOc_freedecomp Enter - MemInfo: [/proc/meminfo - SSI]	MemTotal:       65855856 kB
20220312 000927.673 INFO             PET0 PIOc_freedecomp Enter - MemInfo: [/proc/meminfo - SSI]	MemFree:        61155676 kB
20220312 000927.673 INFO             PET0 PIOc_freedecomp Enter - MemInfo: [/proc/meminfo - SSI]	MemAvailable:   60918932 kB
20220312 000927.673 INFO             PET0 PIOc_freedecomp Enter - MemInfo: [/proc/meminfo - SSI]	Committed_AS:    2946412 kB
20220312 000927.673 INFO             PET0 PIOc_freedecomp Enter - MemInfo: [/proc/meminfo - SSI]	CommittedPercent: 4.47403 %
20220312 000927.673 INFO             PET0 PIOc_freedecomp Enter - MemInfo: [/proc/self/status]	VmPeak:	   71912 kB
20220312 000927.673 INFO             PET0 PIOc_freedecomp Enter - MemInfo: [/proc/self/status]	VmSize:	   71888 kB
20220312 000927.673 INFO             PET0 PIOc_freedecomp Enter - MemInfo: [/proc/self/status]	VmLck:	       0 kB
20220312 000927.673 INFO             PET0 PIOc_freedecomp Enter - MemInfo: [/proc/self/status]	VmPin:	       0 kB
20220312 000927.673 INFO             PET0 PIOc_freedecomp Enter - MemInfo: [/proc/self/status]	VmHWM:	   22680 kB
20220312 000927.673 INFO             PET0 PIOc_freedecomp Enter - MemInfo: [/proc/self/status]	VmRSS:	   22680 kB
20220312 000927.673 INFO             PET0 PIOc_freedecomp Enter - MemInfo: [/proc/self/status]	VmData:	   18980 kB
20220312 000927.673 INFO             PET0 PIOc_freedecomp Enter - MemInfo: [/proc/self/status]	VmStk:	     164 kB
20220312 000927.673 INFO             PET0 PIOc_freedecomp Enter - MemInfo: [/proc/self/status]	VmExe:	   27348 kB
20220312 000927.673 INFO             PET0 PIOc_freedecomp Enter - MemInfo: [/proc/self/status]	VmLib:	    1952 kB
20220312 000927.673 INFO             PET0 PIOc_freedecomp Enter - MemInfo: [/proc/self/status]	VmPTE:	     156 kB
20220312 000927.673 INFO             PET0 PIOc_freedecomp Enter - MemInfo: [/proc/self/status]	VmPMD:	      12 kB
20220312 000927.673 INFO             PET0 PIOc_freedecomp Enter - MemInfo: [/proc/self/status]	VmSwap:	       0 kB
20220312 000927.673 INFO             PET0 PIOc_freedecomp Enter - MemInfo: [/proc/self/status]	VmRSSPercent: 0.0344389 %
20220312 000927.673 INFO             PET0 PIOc_freedecomp Enter - MemInfo: [malloc] Non-mmapped space allocated:                10991936 Byte
20220312 000927.673 INFO             PET0 PIOc_freedecomp Enter - MemInfo: [malloc] Space allocated in mmapped regions:          4104192 Byte
20220312 000927.673 INFO             PET0 PIOc_freedecomp Enter - MemInfo: [malloc] Maximum total allocated space:                     0 Byte
20220312 000927.673 INFO             PET0 PIOc_freedecomp Enter - MemInfo: [malloc] Space in freed fastbin blocks:                   208 Byte
20220312 000927.673 INFO             PET0 PIOc_freedecomp Enter - MemInfo: [malloc] Total allocated space:                       1944304 Byte
20220312 000927.673 INFO             PET0 PIOc_freedecomp Enter - MemInfo: [malloc] Total free space:                            9047632 Byte
20220312 000927.673 INFO             PET0 PIOc_freedecomp Enter - MemInfo: [malloc] Top-most, releasable space:                   119184 Byte
20220312 000927.673 INFO             PET0 PIOc_freedecomp Enter - MemInfo: [malloc] Total space in use, mmap + non-mmap:         6048496 Byte
20220312 000927.673 INFO             PET0 PIOc_freedecomp Enter - MemInfo: [malloc] Total space held (mmap + non-mmap):         15096128 Byte
20220312 000927.673 INFO             PET0 PIOc_freedecomp Enter - MemInfo: [malloc] Total space used (mmap + non-mmap):          6056704 Byte
20220312 000927.673 INFO             PET0 PIOc_freedecomp Enter - MemInfo: Wall-clock time since execution start:               0.373474 seconds
20220312 000927.673 INFO             PET0 PIOc_freedecomp Exit - MemInfo: [/proc/meminfo - SSI]	MemTotal:       65855856 kB
20220312 000927.673 INFO             PET0 PIOc_freedecomp Exit - MemInfo: [/proc/meminfo - SSI]	MemFree:        61155676 kB
20220312 000927.673 INFO             PET0 PIOc_freedecomp Exit - MemInfo: [/proc/meminfo - SSI]	MemAvailable:   60918932 kB
20220312 000927.673 INFO             PET0 PIOc_freedecomp Exit - MemInfo: [/proc/meminfo - SSI]	Committed_AS:    2946412 kB
20220312 000927.673 INFO             PET0 PIOc_freedecomp Exit - MemInfo: [/proc/meminfo - SSI]	CommittedPercent: 4.47403 %
20220312 000927.673 INFO             PET0 PIOc_freedecomp Exit - MemInfo: [/proc/self/status]	VmPeak:	   71912 kB
20220312 000927.673 INFO             PET0 PIOc_freedecomp Exit - MemInfo: [/proc/self/status]	VmSize:	   71888 kB
20220312 000927.673 INFO             PET0 PIOc_freedecomp Exit - MemInfo: [/proc/self/status]	VmLck:	       0 kB
20220312 000927.673 INFO             PET0 PIOc_freedecomp Exit - MemInfo: [/proc/self/status]	VmPin:	       0 kB
20220312 000927.673 INFO             PET0 PIOc_freedecomp Exit - MemInfo: [/proc/self/status]	VmHWM:	   22680 kB
20220312 000927.673 INFO             PET0 PIOc_freedecomp Exit - MemInfo: [/proc/self/status]	VmRSS:	   22680 kB
20220312 000927.673 INFO             PET0 PIOc_freedecomp Exit - MemInfo: [/proc/self/status]	VmData:	   18980 kB
20220312 000927.673 INFO             PET0 PIOc_freedecomp Exit - MemInfo: [/proc/self/status]	VmStk:	     164 kB
20220312 000927.673 INFO             PET0 PIOc_freedecomp Exit - MemInfo: [/proc/self/status]	VmExe:	   27348 kB
20220312 000927.673 INFO             PET0 PIOc_freedecomp Exit - MemInfo: [/proc/self/status]	VmLib:	    1952 kB
20220312 000927.673 INFO             PET0 PIOc_freedecomp Exit - MemInfo: [/proc/self/status]	VmPTE:	     156 kB
20220312 000927.673 INFO             PET0 PIOc_freedecomp Exit - MemInfo: [/proc/self/status]	VmPMD:	      12 kB
20220312 000927.673 INFO             PET0 PIOc_freedecomp Exit - MemInfo: [/proc/self/status]	VmSwap:	       0 kB
20220312 000927.673 INFO             PET0 PIOc_freedecomp Exit - MemInfo: [/proc/self/status]	VmRSSPercent: 0.0344389 %
20220312 000927.673 INFO             PET0 PIOc_freedecomp Exit - MemInfo: [malloc] Non-mmapped space allocated:                10991936 Byte
20220312 000927.674 INFO             PET0 PIOc_freedecomp Exit - MemInfo: [malloc] Space allocated in mmapped regions:          4104192 Byte
20220312 000927.674 INFO             PET0 PIOc_freedecomp Exit - MemInfo: [malloc] Maximum total allocated space:                     0 Byte
20220312 000927.674 INFO             PET0 PIOc_freedecomp Exit - MemInfo: [malloc] Space in freed fastbin blocks:                   112 Byte
20220312 000927.674 INFO             PET0 PIOc_freedecomp Exit - MemInfo: [malloc] Total allocated space:                       1941536 Byte
20220312 000927.674 INFO             PET0 PIOc_freedecomp Exit - MemInfo: [malloc] Total free space:                            9050400 Byte
20220312 000927.674 INFO             PET0 PIOc_freedecomp Exit - MemInfo: [malloc] Top-most, releasable space:                   121248 Byte
20220312 000927.674 INFO             PET0 PIOc_freedecomp Exit - MemInfo: [malloc] Total space in use, mmap + non-mmap:         6045728 Byte
20220312 000927.674 INFO             PET0 PIOc_freedecomp Exit - MemInfo: [malloc] Total space held (mmap + non-mmap):         15096128 Byte
20220312 000927.674 INFO             PET0 PIOc_freedecomp Exit - MemInfo: [malloc] Total space used (mmap + non-mmap):          6053936 Byte
20220312 000927.674 INFO             PET0 PIOc_freedecomp Exit - MemInfo: Wall-clock time since execution start:               0.373973 seconds
20220312 000927.674 INFO             PET0 PIOc_freedecomp Enter - MemInfo: [/proc/meminfo - SSI]	MemTotal:       65855856 kB
20220312 000927.674 INFO             PET0 PIOc_freedecomp Enter - MemInfo: [/proc/meminfo - SSI]	MemFree:        61155676 kB
20220312 000927.674 INFO             PET0 PIOc_freedecomp Enter - MemInfo: [/proc/meminfo - SSI]	MemAvailable:   60918932 kB
20220312 000927.674 INFO             PET0 PIOc_freedecomp Enter - MemInfo: [/proc/meminfo - SSI]	Committed_AS:    2946412 kB
20220312 000927.674 INFO             PET0 PIOc_freedecomp Enter - MemInfo: [/proc/meminfo - SSI]	CommittedPercent: 4.47403 %
20220312 000927.674 INFO             PET0 PIOc_freedecomp Enter - MemInfo: [/proc/self/status]	VmPeak:	   71912 kB
20220312 000927.674 INFO             PET0 PIOc_freedecomp Enter - MemInfo: [/proc/self/status]	VmSize:	   71888 kB
20220312 000927.674 INFO             PET0 PIOc_freedecomp Enter - MemInfo: [/proc/self/status]	VmLck:	       0 kB
20220312 000927.674 INFO             PET0 PIOc_freedecomp Enter - MemInfo: [/proc/self/status]	VmPin:	       0 kB
20220312 000927.674 INFO             PET0 PIOc_freedecomp Enter - MemInfo: [/proc/self/status]	VmHWM:	   22680 kB
20220312 000927.674 INFO             PET0 PIOc_freedecomp Enter - MemInfo: [/proc/self/status]	VmRSS:	   22680 kB
20220312 000927.674 INFO             PET0 PIOc_freedecomp Enter - MemInfo: [/proc/self/status]	VmData:	   18980 kB
20220312 000927.674 INFO             PET0 PIOc_freedecomp Enter - MemInfo: [/proc/self/status]	VmStk:	     164 kB
20220312 000927.674 INFO             PET0 PIOc_freedecomp Enter - MemInfo: [/proc/self/status]	VmExe:	   27348 kB
20220312 000927.674 INFO             PET0 PIOc_freedecomp Enter - MemInfo: [/proc/self/status]	VmLib:	    1952 kB
20220312 000927.674 INFO             PET0 PIOc_freedecomp Enter - MemInfo: [/proc/self/status]	VmPTE:	     156 kB
20220312 000927.674 INFO             PET0 PIOc_freedecomp Enter - MemInfo: [/proc/self/status]	VmPMD:	      12 kB
20220312 000927.674 INFO             PET0 PIOc_freedecomp Enter - MemInfo: [/proc/self/status]	VmSwap:	       0 kB
20220312 000927.674 INFO             PET0 PIOc_freedecomp Enter - MemInfo: [/proc/self/status]	VmRSSPercent: 0.0344389 %
20220312 000927.674 INFO             PET0 PIOc_freedecomp Enter - MemInfo: [malloc] Non-mmapped space allocated:                10991936 Byte
20220312 000927.674 INFO             PET0 PIOc_freedecomp Enter - MemInfo: [malloc] Space allocated in mmapped regions:          4104192 Byte
20220312 000927.674 INFO             PET0 PIOc_freedecomp Enter - MemInfo: [malloc] Maximum total allocated space:                     0 Byte
20220312 000927.674 INFO             PET0 PIOc_freedecomp Enter - MemInfo: [malloc] Space in freed fastbin blocks:                   128 Byte
20220312 000927.674 INFO             PET0 PIOc_freedecomp Enter - MemInfo: [malloc] Total allocated space:                       1941408 Byte
20220312 000927.674 INFO             PET0 PIOc_freedecomp Enter - MemInfo: [malloc] Total free space:                            9050528 Byte
20220312 000927.674 INFO             PET0 PIOc_freedecomp Enter - MemInfo: [malloc] Top-most, releasable space:                   121248 Byte
20220312 000927.674 INFO             PET0 PIOc_freedecomp Enter - MemInfo: [malloc] Total space in use, mmap + non-mmap:         6045600 Byte
20220312 000927.674 INFO             PET0 PIOc_freedecomp Enter - MemInfo: [malloc] Total space held (mmap + non-mmap):         15096128 Byte
20220312 000927.674 INFO             PET0 PIOc_freedecomp Enter - MemInfo: [malloc] Total space used (mmap + non-mmap):          6053808 Byte
20220312 000927.674 INFO             PET0 PIOc_freedecomp Enter - MemInfo: Wall-clock time since execution start:               0.374395 seconds
20220312 000927.674 INFO             PET0 PIOc_freedecomp Exit - MemInfo: [/proc/meminfo - SSI]	MemTotal:       65855856 kB
20220312 000927.674 INFO             PET0 PIOc_freedecomp Exit - MemInfo: [/proc/meminfo - SSI]	MemFree:        61155676 kB
20220312 000927.674 INFO             PET0 PIOc_freedecomp Exit - MemInfo: [/proc/meminfo - SSI]	MemAvailable:   60918932 kB
20220312 000927.674 INFO             PET0 PIOc_freedecomp Exit - MemInfo: [/proc/meminfo - SSI]	Committed_AS:    2946412 kB
20220312 000927.674 INFO             PET0 PIOc_freedecomp Exit - MemInfo: [/proc/meminfo - SSI]	CommittedPercent: 4.47403 %
20220312 000927.674 INFO             PET0 PIOc_freedecomp Exit - MemInfo: [/proc/self/status]	VmPeak:	   71912 kB
20220312 000927.674 INFO             PET0 PIOc_freedecomp Exit - MemInfo: [/proc/self/status]	VmSize:	   71888 kB
20220312 000927.674 INFO             PET0 PIOc_freedecomp Exit - MemInfo: [/proc/self/status]	VmLck:	       0 kB
20220312 000927.674 INFO             PET0 PIOc_freedecomp Exit - MemInfo: [/proc/self/status]	VmPin:	       0 kB
20220312 000927.674 INFO             PET0 PIOc_freedecomp Exit - MemInfo: [/proc/self/status]	VmHWM:	   22680 kB
20220312 000927.674 INFO             PET0 PIOc_freedecomp Exit - MemInfo: [/proc/self/status]	VmRSS:	   22680 kB
20220312 000927.674 INFO             PET0 PIOc_freedecomp Exit - MemInfo: [/proc/self/status]	VmData:	   18980 kB
20220312 000927.674 INFO             PET0 PIOc_freedecomp Exit - MemInfo: [/proc/self/status]	VmStk:	     164 kB
20220312 000927.674 INFO             PET0 PIOc_freedecomp Exit - MemInfo: [/proc/self/status]	VmExe:	   27348 kB
20220312 000927.674 INFO             PET0 PIOc_freedecomp Exit - MemInfo: [/proc/self/status]	VmLib:	    1952 kB
20220312 000927.674 INFO             PET0 PIOc_freedecomp Exit - MemInfo: [/proc/self/status]	VmPTE:	     156 kB
20220312 000927.674 INFO             PET0 PIOc_freedecomp Exit - MemInfo: [/proc/self/status]	VmPMD:	      12 kB
20220312 000927.674 INFO             PET0 PIOc_freedecomp Exit - MemInfo: [/proc/self/status]	VmSwap:	       0 kB
20220312 000927.674 INFO             PET0 PIOc_freedecomp Exit - MemInfo: [/proc/self/status]	VmRSSPercent: 0.0344389 %
20220312 000927.674 INFO             PET0 PIOc_freedecomp Exit - MemInfo: [malloc] Non-mmapped space allocated:                10991936 Byte
20220312 000927.674 INFO             PET0 PIOc_freedecomp Exit - MemInfo: [malloc] Space allocated in mmapped regions:          4104192 Byte
20220312 000927.674 INFO             PET0 PIOc_freedecomp Exit - MemInfo: [malloc] Maximum total allocated space:                     0 Byte
20220312 000927.674 INFO             PET0 PIOc_freedecomp Exit - MemInfo: [malloc] Space in freed fastbin blocks:                   112 Byte
20220312 000927.674 INFO             PET0 PIOc_freedecomp Exit - MemInfo: [malloc] Total allocated space:                       1939280 Byte
20220312 000927.674 INFO             PET0 PIOc_freedecomp Exit - MemInfo: [malloc] Total free space:                            9052656 Byte
20220312 000927.674 INFO             PET0 PIOc_freedecomp Exit - MemInfo: [malloc] Top-most, releasable space:                   122864 Byte
20220312 000927.674 INFO             PET0 PIOc_freedecomp Exit - MemInfo: [malloc] Total space in use, mmap + non-mmap:         6043472 Byte
20220312 000927.674 INFO             PET0 PIOc_freedecomp Exit - MemInfo: [malloc] Total space held (mmap + non-mmap):         15096128 Byte
20220312 000927.674 INFO             PET0 PIOc_freedecomp Exit - MemInfo: [malloc] Total space used (mmap + non-mmap):          6051680 Byte
20220312 000927.674 INFO             PET0 PIOc_freedecomp Exit - MemInfo: Wall-clock time since execution start:               0.374776 seconds
20220312 000927.674 INFO             PET0 PIOc_freedecomp Enter - MemInfo: [/proc/meminfo - SSI]	MemTotal:       65855856 kB
20220312 000927.674 INFO             PET0 PIOc_freedecomp Enter - MemInfo: [/proc/meminfo - SSI]	MemFree:        61155676 kB
20220312 000927.675 INFO             PET0 PIOc_freedecomp Enter - MemInfo: [/proc/meminfo - SSI]	MemAvailable:   60918932 kB
20220312 000927.675 INFO             PET0 PIOc_freedecomp Enter - MemInfo: [/proc/meminfo - SSI]	Committed_AS:    2946412 kB
20220312 000927.675 INFO             PET0 PIOc_freedecomp Enter - MemInfo: [/proc/meminfo - SSI]	CommittedPercent: 4.47403 %
20220312 000927.675 INFO             PET0 PIOc_freedecomp Enter - MemInfo: [/proc/self/status]	VmPeak:	   71912 kB
20220312 000927.675 INFO             PET0 PIOc_freedecomp Enter - MemInfo: [/proc/self/status]	VmSize:	   71888 kB
20220312 000927.675 INFO             PET0 PIOc_freedecomp Enter - MemInfo: [/proc/self/status]	VmLck:	       0 kB
20220312 000927.675 INFO             PET0 PIOc_freedecomp Enter - MemInfo: [/proc/self/status]	VmPin:	       0 kB
20220312 000927.675 INFO             PET0 PIOc_freedecomp Enter - MemInfo: [/proc/self/status]	VmHWM:	   22680 kB
20220312 000927.675 INFO             PET0 PIOc_freedecomp Enter - MemInfo: [/proc/self/status]	VmRSS:	   22680 kB
20220312 000927.675 INFO             PET0 PIOc_freedecomp Enter - MemInfo: [/proc/self/status]	VmData:	   18980 kB
20220312 000927.675 INFO             PET0 PIOc_freedecomp Enter - MemInfo: [/proc/self/status]	VmStk:	     164 kB
20220312 000927.675 INFO             PET0 PIOc_freedecomp Enter - MemInfo: [/proc/self/status]	VmExe:	   27348 kB
20220312 000927.675 INFO             PET0 PIOc_freedecomp Enter - MemInfo: [/proc/self/status]	VmLib:	    1952 kB
20220312 000927.675 INFO             PET0 PIOc_freedecomp Enter - MemInfo: [/proc/self/status]	VmPTE:	     156 kB
20220312 000927.675 INFO             PET0 PIOc_freedecomp Enter - MemInfo: [/proc/self/status]	VmPMD:	      12 kB
20220312 000927.675 INFO             PET0 PIOc_freedecomp Enter - MemInfo: [/proc/self/status]	VmSwap:	       0 kB
20220312 000927.675 INFO             PET0 PIOc_freedecomp Enter - MemInfo: [/proc/self/status]	VmRSSPercent: 0.0344389 %
20220312 000927.675 INFO             PET0 PIOc_freedecomp Enter - MemInfo: [malloc] Non-mmapped space allocated:                10991936 Byte
20220312 000927.675 INFO             PET0 PIOc_freedecomp Enter - MemInfo: [malloc] Space allocated in mmapped regions:          4104192 Byte
20220312 000927.675 INFO             PET0 PIOc_freedecomp Enter - MemInfo: [malloc] Maximum total allocated space:                     0 Byte
20220312 000927.675 INFO             PET0 PIOc_freedecomp Enter - MemInfo: [malloc] Space in freed fastbin blocks:                   128 Byte
20220312 000927.675 INFO             PET0 PIOc_freedecomp Enter - MemInfo: [malloc] Total allocated space:                       1939152 Byte
20220312 000927.675 INFO             PET0 PIOc_freedecomp Enter - MemInfo: [malloc] Total free space:                            9052784 Byte
20220312 000927.675 INFO             PET0 PIOc_freedecomp Enter - MemInfo: [malloc] Top-most, releasable space:                   122864 Byte
20220312 000927.675 INFO             PET0 PIOc_freedecomp Enter - MemInfo: [malloc] Total space in use, mmap + non-mmap:         6043344 Byte
20220312 000927.675 INFO             PET0 PIOc_freedecomp Enter - MemInfo: [malloc] Total space held (mmap + non-mmap):         15096128 Byte
20220312 000927.675 INFO             PET0 PIOc_freedecomp Enter - MemInfo: [malloc] Total space used (mmap + non-mmap):          6051552 Byte
20220312 000927.675 INFO             PET0 PIOc_freedecomp Enter - MemInfo: Wall-clock time since execution start:               0.375153 seconds
20220312 000927.675 INFO             PET0 PIOc_freedecomp Exit - MemInfo: [/proc/meminfo - SSI]	MemTotal:       65855856 kB
20220312 000927.675 INFO             PET0 PIOc_freedecomp Exit - MemInfo: [/proc/meminfo - SSI]	MemFree:        61155676 kB
20220312 000927.675 INFO             PET0 PIOc_freedecomp Exit - MemInfo: [/proc/meminfo - SSI]	MemAvailable:   60918932 kB
20220312 000927.675 INFO             PET0 PIOc_freedecomp Exit - MemInfo: [/proc/meminfo - SSI]	Committed_AS:    2946412 kB
20220312 000927.675 INFO             PET0 PIOc_freedecomp Exit - MemInfo: [/proc/meminfo - SSI]	CommittedPercent: 4.47403 %
20220312 000927.675 INFO             PET0 PIOc_freedecomp Exit - MemInfo: [/proc/self/status]	VmPeak:	   71912 kB
20220312 000927.675 INFO             PET0 PIOc_freedecomp Exit - MemInfo: [/proc/self/status]	VmSize:	   71888 kB
20220312 000927.675 INFO             PET0 PIOc_freedecomp Exit - MemInfo: [/proc/self/status]	VmLck:	       0 kB
20220312 000927.675 INFO             PET0 PIOc_freedecomp Exit - MemInfo: [/proc/self/status]	VmPin:	       0 kB
20220312 000927.675 INFO             PET0 PIOc_freedecomp Exit - MemInfo: [/proc/self/status]	VmHWM:	   22680 kB
20220312 000927.675 INFO             PET0 PIOc_freedecomp Exit - MemInfo: [/proc/self/status]	VmRSS:	   22680 kB
20220312 000927.675 INFO             PET0 PIOc_freedecomp Exit - MemInfo: [/proc/self/status]	VmData:	   18980 kB
20220312 000927.675 INFO             PET0 PIOc_freedecomp Exit - MemInfo: [/proc/self/status]	VmStk:	     164 kB
20220312 000927.675 INFO             PET0 PIOc_freedecomp Exit - MemInfo: [/proc/self/status]	VmExe:	   27348 kB
20220312 000927.675 INFO             PET0 PIOc_freedecomp Exit - MemInfo: [/proc/self/status]	VmLib:	    1952 kB
20220312 000927.675 INFO             PET0 PIOc_freedecomp Exit - MemInfo: [/proc/self/status]	VmPTE:	     156 kB
20220312 000927.675 INFO             PET0 PIOc_freedecomp Exit - MemInfo: [/proc/self/status]	VmPMD:	      12 kB
20220312 000927.675 INFO             PET0 PIOc_freedecomp Exit - MemInfo: [/proc/self/status]	VmSwap:	       0 kB
20220312 000927.675 INFO             PET0 PIOc_freedecomp Exit - MemInfo: [/proc/self/status]	VmRSSPercent: 0.0344389 %
20220312 000927.675 INFO             PET0 PIOc_freedecomp Exit - MemInfo: [malloc] Non-mmapped space allocated:                10991936 Byte
20220312 000927.675 INFO             PET0 PIOc_freedecomp Exit - MemInfo: [malloc] Space allocated in mmapped regions:          4104192 Byte
20220312 000927.675 INFO             PET0 PIOc_freedecomp Exit - MemInfo: [malloc] Maximum total allocated space:                     0 Byte
20220312 000927.675 INFO             PET0 PIOc_freedecomp Exit - MemInfo: [malloc] Space in freed fastbin blocks:                    80 Byte
20220312 000927.675 INFO             PET0 PIOc_freedecomp Exit - MemInfo: [malloc] Total allocated space:                       1934544 Byte
20220312 000927.675 INFO             PET0 PIOc_freedecomp Exit - MemInfo: [malloc] Total free space:                            9057392 Byte
20220312 000927.675 INFO             PET0 PIOc_freedecomp Exit - MemInfo: [malloc] Top-most, releasable space:                   122864 Byte
20220312 000927.675 INFO             PET0 PIOc_freedecomp Exit - MemInfo: [malloc] Total space in use, mmap + non-mmap:         6038736 Byte
20220312 000927.675 INFO             PET0 PIOc_freedecomp Exit - MemInfo: [malloc] Total space held (mmap + non-mmap):         15096128 Byte
20220312 000927.675 INFO             PET0 PIOc_freedecomp Exit - MemInfo: [malloc] Total space used (mmap + non-mmap):          6046944 Byte
20220312 000927.675 INFO             PET0 PIOc_freedecomp Exit - MemInfo: Wall-clock time since execution start:               0.375545 seconds
20220312 000927.675 INFO             PET0  PASS  Writing a FieldBundle to a single file with timeslice Test, ESMF_FieldBundleIOUTest.F90, line 388
20220312 000927.675 INFO             PET0  PASS  Create attribute package on FieldBundle multi Test, ESMF_FieldBundleIOUTest.F90, line 404
20220312 000927.675 INFO             PET0  PASS  Set attribute values on FieldBundle multi Test, ESMF_FieldBundleIOUTest.F90, line 417
20220312 000927.694 INFO             PET0 PIOc_sync Enter - MemInfo: [/proc/meminfo - SSI]	MemTotal:       65855856 kB
20220312 000927.694 INFO             PET0 PIOc_sync Enter - MemInfo: [/proc/meminfo - SSI]	MemFree:        61155400 kB
20220312 000927.694 INFO             PET0 PIOc_sync Enter - MemInfo: [/proc/meminfo - SSI]	MemAvailable:   60918908 kB
20220312 000927.694 INFO             PET0 PIOc_sync Enter - MemInfo: [/proc/meminfo - SSI]	Committed_AS:    2946412 kB
20220312 000927.694 INFO             PET0 PIOc_sync Enter - MemInfo: [/proc/meminfo - SSI]	CommittedPercent: 4.47403 %
20220312 000927.694 INFO             PET0 PIOc_sync Enter - MemInfo: [/proc/self/status]	VmPeak:	   71912 kB
20220312 000927.694 INFO             PET0 PIOc_sync Enter - MemInfo: [/proc/self/status]	VmSize:	   71876 kB
20220312 000927.694 INFO             PET0 PIOc_sync Enter - MemInfo: [/proc/self/status]	VmLck:	       0 kB
20220312 000927.694 INFO             PET0 PIOc_sync Enter - MemInfo: [/proc/self/status]	VmPin:	       0 kB
20220312 000927.694 INFO             PET0 PIOc_sync Enter - MemInfo: [/proc/self/status]	VmHWM:	   22696 kB
20220312 000927.694 INFO             PET0 PIOc_sync Enter - MemInfo: [/proc/self/status]	VmRSS:	   22696 kB
20220312 000927.694 INFO             PET0 PIOc_sync Enter - MemInfo: [/proc/self/status]	VmData:	   18980 kB
20220312 000927.694 INFO             PET0 PIOc_sync Enter - MemInfo: [/proc/self/status]	VmStk:	     164 kB
20220312 000927.694 INFO             PET0 PIOc_sync Enter - MemInfo: [/proc/self/status]	VmExe:	   27348 kB
20220312 000927.694 INFO             PET0 PIOc_sync Enter - MemInfo: [/proc/self/status]	VmLib:	    1952 kB
20220312 000927.694 INFO             PET0 PIOc_sync Enter - MemInfo: [/proc/self/status]	VmPTE:	     156 kB
20220312 000927.694 INFO             PET0 PIOc_sync Enter - MemInfo: [/proc/self/status]	VmPMD:	      12 kB
20220312 000927.694 INFO             PET0 PIOc_sync Enter - MemInfo: [/proc/self/status]	VmSwap:	       0 kB
20220312 000927.694 INFO             PET0 PIOc_sync Enter - MemInfo: [/proc/self/status]	VmRSSPercent: 0.0344631 %
20220312 000927.694 INFO             PET0 PIOc_sync Enter - MemInfo: [malloc] Non-mmapped space allocated:                10991936 Byte
20220312 000927.694 INFO             PET0 PIOc_sync Enter - MemInfo: [malloc] Space allocated in mmapped regions:          4104192 Byte
20220312 000927.694 INFO             PET0 PIOc_sync Enter - MemInfo: [malloc] Maximum total allocated space:                     0 Byte
20220312 000927.694 INFO             PET0 PIOc_sync Enter - MemInfo: [malloc] Space in freed fastbin blocks:                    64 Byte
20220312 000927.694 INFO             PET0 PIOc_sync Enter - MemInfo: [malloc] Total allocated space:                      10865008 Byte
20220312 000927.694 INFO             PET0 PIOc_sync Enter - MemInfo: [malloc] Total free space:                             126928 Byte
20220312 000927.694 INFO             PET0 PIOc_sync Enter - MemInfo: [malloc] Top-most, releasable space:                   117616 Byte
20220312 000927.694 INFO             PET0 PIOc_sync Enter - MemInfo: [malloc] Total space in use, mmap + non-mmap:        14969200 Byte
20220312 000927.694 INFO             PET0 PIOc_sync Enter - MemInfo: [malloc] Total space held (mmap + non-mmap):         15096128 Byte
20220312 000927.694 INFO             PET0 PIOc_sync Enter - MemInfo: [malloc] Total space used (mmap + non-mmap):         14977520 Byte
20220312 000927.694 INFO             PET0 PIOc_sync Enter - MemInfo: Wall-clock time since execution start:                 0.3947 seconds
20220312 000927.695 INFO             PET0 PIOc_sync Exit - MemInfo: [/proc/meminfo - SSI]	MemTotal:       65855856 kB
20220312 000927.695 INFO             PET0 PIOc_sync Exit - MemInfo: [/proc/meminfo - SSI]	MemFree:        61155400 kB
20220312 000927.695 INFO             PET0 PIOc_sync Exit - MemInfo: [/proc/meminfo - SSI]	MemAvailable:   60918908 kB
20220312 000927.695 INFO             PET0 PIOc_sync Exit - MemInfo: [/proc/meminfo - SSI]	Committed_AS:    2946412 kB
20220312 000927.695 INFO             PET0 PIOc_sync Exit - MemInfo: [/proc/meminfo - SSI]	CommittedPercent: 4.47403 %
20220312 000927.695 INFO             PET0 PIOc_sync Exit - MemInfo: [/proc/self/status]	VmPeak:	   71912 kB
20220312 000927.695 INFO             PET0 PIOc_sync Exit - MemInfo: [/proc/self/status]	VmSize:	   71876 kB
20220312 000927.695 INFO             PET0 PIOc_sync Exit - MemInfo: [/proc/self/status]	VmLck:	       0 kB
20220312 000927.695 INFO             PET0 PIOc_sync Exit - MemInfo: [/proc/self/status]	VmPin:	       0 kB
20220312 000927.695 INFO             PET0 PIOc_sync Exit - MemInfo: [/proc/self/status]	VmHWM:	   22696 kB
20220312 000927.695 INFO             PET0 PIOc_sync Exit - MemInfo: [/proc/self/status]	VmRSS:	   22696 kB
20220312 000927.695 INFO             PET0 PIOc_sync Exit - MemInfo: [/proc/self/status]	VmData:	   18980 kB
20220312 000927.695 INFO             PET0 PIOc_sync Exit - MemInfo: [/proc/self/status]	VmStk:	     164 kB
20220312 000927.695 INFO             PET0 PIOc_sync Exit - MemInfo: [/proc/self/status]	VmExe:	   27348 kB
