build time -- 2022-03-11 23:27:24
20220312 000448.828 INFO             PET0 !!!!!!!!!!!!!!!!!!!!!!!!!!!!!!!!!!!!!!!!!!!!!!!!!!!!!!
20220312 000448.828 INFO             PET0 !!! THE ESMF_LOG IS SET TO OUTPUT ALL LOG MESSAGES !!!
20220312 000448.828 INFO             PET0 !!!     THIS MAY CAUSE SLOWDOWN IN PERFORMANCE     !!!
20220312 000448.828 INFO             PET0 !!! FOR PRODUCTION RUNS, USE:                      !!!
20220312 000448.828 INFO             PET0 !!!                   ESMF_LOGKIND_Multi_On_Error  !!!
20220312 000448.828 INFO             PET0 !!!!!!!!!!!!!!!!!!!!!!!!!!!!!!!!!!!!!!!!!!!!!!!!!!!!!!
20220312 000448.828 INFO             PET0 Running with ESMF Version   : v8.3.0b09-96-g559b459836
20220312 000448.828 INFO             PET0 ESMF library build date/time: "Mar 11 2022" "23:25:51"
20220312 000448.828 INFO             PET0 ESMF library build location : /lustre/f2/dev/ncep/Mark.Potts/gfortran_8.3.0_mpi_O_jedwards_pio_update2
20220312 000448.828 INFO             PET0 ESMF_COMM                   : mpi
20220312 000448.829 INFO             PET0 ESMF_MOAB                   : enabled
20220312 000448.829 INFO             PET0 ESMF_LAPACK                 : enabled
20220312 000448.829 INFO             PET0 ESMF_NETCDF                 : enabled
20220312 000448.829 INFO             PET0 ESMF_PNETCDF                : disabled
20220312 000448.829 INFO             PET0 ESMF_PIO                    : enabled
20220312 000448.829 INFO             PET0 ESMF_YAMLCPP                : enabled
20220312 000448.853 INFO             PET0  Beginning Test, file ESMF_RouteHandleAdvancedUTest.F90, line 346
20220312 000448.853 INFO             PET0  NUMBER_OF_PROCESSORS           4
20220312 000448.965 INFO             PET0 ESMF_FieldRedistStoreNF(): Just entered routine.
20220312 000449.079 INFO             PET0 ESMF_FieldRedistStoreNF(): Leaving routine.
20220312 000449.079 INFO             PET0  PASS  Create RouteHandle for the original petList, ESMF_RouteHandleAdvancedUTest.F90, line 511
20220312 000449.079 INFO             PET0  PASS  Test RouteHandleIsCreated(), ESMF_RouteHandleAdvancedUTest.F90, line 519
20220312 000449.079 INFO             PET0  PASS  Test RouteHandleIsCreated() return value, ESMF_RouteHandleAdvancedUTest.F90, line 526
20220312 000449.079 INFO             PET0  PASS  Test RouteHandleGet(), ESMF_RouteHandleAdvancedUTest.F90, line 534
20220312 000449.088 INFO             PET0  PASS  Test RouteHandleWrite(), ESMF_RouteHandleAdvancedUTest.F90, line 542
20220312 000449.088 INFO             PET0  PASS  Test RouteHandleDestroy(), ESMF_RouteHandleAdvancedUTest.F90, line 550
20220312 000449.092 INFO             PET0  PASS  Test RouteHandleCreate(from file), ESMF_RouteHandleAdvancedUTest.F90, line 558
20220312 000449.092 INFO             PET0  PASS  Apply the read in Routehandle, ESMF_RouteHandleAdvancedUTest.F90, line 567
20220312 000449.092 INFO             PET0  PASS  Test RouteHandleDestroy() for the read in Routehandle, ESMF_RouteHandleAdvancedUTest.F90, line 575
20220312 000449.092 INFO             PET0 ESMF_FieldRedistStoreNF(): Just entered routine.
20220312 000449.194 INFO             PET0 ESMF_FieldRedistStoreNF(): Leaving routine.
20220312 000449.194 INFO             PET0  PASS  Create RouteHandle for the original petList, ESMF_RouteHandleAdvancedUTest.F90, line 585
20220312 000449.194 INFO             PET0  PASS  Transfer RouteHandle to a different petList, ESMF_RouteHandleAdvancedUTest.F90, line 602
20220312 000449.290 INFO             PET0 PIOc_sync Enter - MemInfo: [/proc/meminfo - SSI]	MemTotal:       65855856 kB
20220312 000449.290 INFO             PET0 PIOc_sync Enter - MemInfo: [/proc/meminfo - SSI]	MemFree:        61102652 kB
20220312 000449.290 INFO             PET0 PIOc_sync Enter - MemInfo: [/proc/meminfo - SSI]	MemAvailable:   60869140 kB
20220312 000449.290 INFO             PET0 PIOc_sync Enter - MemInfo: [/proc/meminfo - SSI]	Committed_AS:    3017160 kB
20220312 000449.290 INFO             PET0 PIOc_sync Enter - MemInfo: [/proc/meminfo - SSI]	CommittedPercent: 4.58146 %
20220312 000449.290 INFO             PET0 PIOc_sync Enter - MemInfo: [/proc/self/status]	VmPeak:	  137868 kB
20220312 000449.290 INFO             PET0 PIOc_sync Enter - MemInfo: [/proc/self/status]	VmSize:	  137868 kB
20220312 000449.290 INFO             PET0 PIOc_sync Enter - MemInfo: [/proc/self/status]	VmLck:	       0 kB
20220312 000449.290 INFO             PET0 PIOc_sync Enter - MemInfo: [/proc/self/status]	VmPin:	       0 kB
20220312 000449.290 INFO             PET0 PIOc_sync Enter - MemInfo: [/proc/self/status]	VmHWM:	   27304 kB
20220312 000449.290 INFO             PET0 PIOc_sync Enter - MemInfo: [/proc/self/status]	VmRSS:	   27304 kB
20220312 000449.290 INFO             PET0 PIOc_sync Enter - MemInfo: [/proc/self/status]	VmData:	   29560 kB
20220312 000449.290 INFO             PET0 PIOc_sync Enter - MemInfo: [/proc/self/status]	VmStk:	     164 kB
20220312 000449.290 INFO             PET0 PIOc_sync Enter - MemInfo: [/proc/self/status]	VmExe:	   27440 kB
20220312 000449.290 INFO             PET0 PIOc_sync Enter - MemInfo: [/proc/self/status]	VmLib:	    1952 kB
20220312 000449.290 INFO             PET0 PIOc_sync Enter - MemInfo: [/proc/self/status]	VmPTE:	     228 kB
20220312 000449.290 INFO             PET0 PIOc_sync Enter - MemInfo: [/proc/self/status]	VmPMD:	      12 kB
20220312 000449.290 INFO             PET0 PIOc_sync Enter - MemInfo: [/proc/self/status]	VmSwap:	       0 kB
20220312 000449.290 INFO             PET0 PIOc_sync Enter - MemInfo: [/proc/self/status]	VmRSSPercent: 0.0414602 %
20220312 000449.290 INFO             PET0 PIOc_sync Enter - MemInfo: [malloc] Non-mmapped space allocated:                22432064 Byte
20220312 000449.290 INFO             PET0 PIOc_sync Enter - MemInfo: [malloc] Space allocated in mmapped regions:          3497984 Byte
20220312 000449.290 INFO             PET0 PIOc_sync Enter - MemInfo: [malloc] Maximum total allocated space:                     0 Byte
20220312 000449.290 INFO             PET0 PIOc_sync Enter - MemInfo: [malloc] Space in freed fastbin blocks:                     0 Byte
20220312 000449.291 INFO             PET0 PIOc_sync Enter - MemInfo: [malloc] Total allocated space:                      10884480 Byte
20220312 000449.291 INFO             PET0 PIOc_sync Enter - MemInfo: [malloc] Total free space:                           11547584 Byte
20220312 000449.291 INFO             PET0 PIOc_sync Enter - MemInfo: [malloc] Top-most, releasable space:                  6800064 Byte
20220312 000449.291 INFO             PET0 PIOc_sync Enter - MemInfo: [malloc] Total space in use, mmap + non-mmap:        14382464 Byte
20220312 000449.291 INFO             PET0 PIOc_sync Enter - MemInfo: [malloc] Total space held (mmap + non-mmap):         25930048 Byte
20220312 000449.291 INFO             PET0 PIOc_sync Enter - MemInfo: [malloc] Total space used (mmap + non-mmap):         14391856 Byte
20220312 000449.291 INFO             PET0 PIOc_sync Enter - MemInfo: Wall-clock time since execution start:                0.50507 seconds
20220312 000459.229 INFO             PET0 PIOc_sync Exit - MemInfo: [/proc/meminfo - SSI]	MemTotal:       65855856 kB
20220312 000459.229 INFO             PET0 PIOc_sync Exit - MemInfo: [/proc/meminfo - SSI]	MemFree:        61119140 kB
20220312 000459.229 INFO             PET0 PIOc_sync Exit - MemInfo: [/proc/meminfo - SSI]	MemAvailable:   60886028 kB
20220312 000459.229 INFO             PET0 PIOc_sync Exit - MemInfo: [/proc/meminfo - SSI]	Committed_AS:    3017160 kB
20220312 000459.229 INFO             PET0 PIOc_sync Exit - MemInfo: [/proc/meminfo - SSI]	CommittedPercent: 4.58146 %
20220312 000459.229 INFO             PET0 PIOc_sync Exit - MemInfo: [/proc/self/status]	VmPeak:	  137868 kB
20220312 000459.229 INFO             PET0 PIOc_sync Exit - MemInfo: [/proc/self/status]	VmSize:	  137868 kB
20220312 000459.229 INFO             PET0 PIOc_sync Exit - MemInfo: [/proc/self/status]	VmLck:	       0 kB
20220312 000459.229 INFO             PET0 PIOc_sync Exit - MemInfo: [/proc/self/status]	VmPin:	       0 kB
20220312 000459.229 INFO             PET0 PIOc_sync Exit - MemInfo: [/proc/self/status]	VmHWM:	   27520 kB
20220312 000459.229 INFO             PET0 PIOc_sync Exit - MemInfo: [/proc/self/status]	VmRSS:	   27520 kB
20220312 000459.229 INFO             PET0 PIOc_sync Exit - MemInfo: [/proc/self/status]	VmData:	   29560 kB
20220312 000459.229 INFO             PET0 PIOc_sync Exit - MemInfo: [/proc/self/status]	VmStk:	     164 kB
20220312 000459.229 INFO             PET0 PIOc_sync Exit - MemInfo: [/proc/self/status]	VmExe:	   27440 kB
20220312 000459.229 INFO             PET0 PIOc_sync Exit - MemInfo: [/proc/self/status]	VmLib:	    1952 kB
20220312 000459.229 INFO             PET0 PIOc_sync Exit - MemInfo: [/proc/self/status]	VmPTE:	     228 kB
20220312 000459.229 INFO             PET0 PIOc_sync Exit - MemInfo: [/proc/self/status]	VmPMD:	      12 kB
20220312 000459.229 INFO             PET0 PIOc_sync Exit - MemInfo: [/proc/self/status]	VmSwap:	       0 kB
20220312 000459.229 INFO             PET0 PIOc_sync Exit - MemInfo: [/proc/self/status]	VmRSSPercent: 0.0417882 %
20220312 000459.229 INFO             PET0 PIOc_sync Exit - MemInfo: [malloc] Non-mmapped space allocated:                22432064 Byte
20220312 000459.229 INFO             PET0 PIOc_sync Exit - MemInfo: [malloc] Space allocated in mmapped regions:          3497984 Byte
20220312 000459.229 INFO             PET0 PIOc_sync Exit - MemInfo: [malloc] Maximum total allocated space:                     0 Byte
20220312 000459.229 INFO             PET0 PIOc_sync Exit - MemInfo: [malloc] Space in freed fastbin blocks:                     0 Byte
20220312 000459.229 INFO             PET0 PIOc_sync Exit - MemInfo: [malloc] Total allocated space:                      11282016 Byte
20220312 000459.229 INFO             PET0 PIOc_sync Exit - MemInfo: [malloc] Total free space:                           11150048 Byte
20220312 000459.229 INFO             PET0 PIOc_sync Exit - MemInfo: [malloc] Top-most, releasable space:                  6800064 Byte
20220312 000459.229 INFO             PET0 PIOc_sync Exit - MemInfo: [malloc] Total space in use, mmap + non-mmap:        14780000 Byte
20220312 000459.229 INFO             PET0 PIOc_sync Exit - MemInfo: [malloc] Total space held (mmap + non-mmap):         25930048 Byte
20220312 000459.229 INFO             PET0 PIOc_sync Exit - MemInfo: [malloc] Total space used (mmap + non-mmap):         14788656 Byte
20220312 000459.229 INFO             PET0 PIOc_sync Exit - MemInfo: Wall-clock time since execution start:                10.4438 seconds
20220312 000459.231 INFO             PET0 PIOc_freedecomp Enter - MemInfo: [/proc/meminfo - SSI]	MemTotal:       65855856 kB
20220312 000459.231 INFO             PET0 PIOc_freedecomp Enter - MemInfo: [/proc/meminfo - SSI]	MemFree:        61119140 kB
20220312 000459.231 INFO             PET0 PIOc_freedecomp Enter - MemInfo: [/proc/meminfo - SSI]	MemAvailable:   60886028 kB
20220312 000459.231 INFO             PET0 PIOc_freedecomp Enter - MemInfo: [/proc/meminfo - SSI]	Committed_AS:    3017160 kB
20220312 000459.231 INFO             PET0 PIOc_freedecomp Enter - MemInfo: [/proc/meminfo - SSI]	CommittedPercent: 4.58146 %
20220312 000459.231 INFO             PET0 PIOc_freedecomp Enter - MemInfo: [/proc/self/status]	VmPeak:	  137868 kB
20220312 000459.231 INFO             PET0 PIOc_freedecomp Enter - MemInfo: [/proc/self/status]	VmSize:	  137868 kB
20220312 000459.231 INFO             PET0 PIOc_freedecomp Enter - MemInfo: [/proc/self/status]	VmLck:	       0 kB
20220312 000459.231 INFO             PET0 PIOc_freedecomp Enter - MemInfo: [/proc/self/status]	VmPin:	       0 kB
20220312 000459.231 INFO             PET0 PIOc_freedecomp Enter - MemInfo: [/proc/self/status]	VmHWM:	   27520 kB
20220312 000459.231 INFO             PET0 PIOc_freedecomp Enter - MemInfo: [/proc/self/status]	VmRSS:	   27520 kB
20220312 000459.231 INFO             PET0 PIOc_freedecomp Enter - MemInfo: [/proc/self/status]	VmData:	   29560 kB
20220312 000459.231 INFO             PET0 PIOc_freedecomp Enter - MemInfo: [/proc/self/status]	VmStk:	     164 kB
20220312 000459.231 INFO             PET0 PIOc_freedecomp Enter - MemInfo: [/proc/self/status]	VmExe:	   27440 kB
20220312 000459.231 INFO             PET0 PIOc_freedecomp Enter - MemInfo: [/proc/self/status]	VmLib:	    1952 kB
20220312 000459.231 INFO             PET0 PIOc_freedecomp Enter - MemInfo: [/proc/self/status]	VmPTE:	     228 kB
20220312 000459.231 INFO             PET0 PIOc_freedecomp Enter - MemInfo: [/proc/self/status]	VmPMD:	      12 kB
20220312 000459.231 INFO             PET0 PIOc_freedecomp Enter - MemInfo: [/proc/self/status]	VmSwap:	       0 kB
20220312 000459.231 INFO             PET0 PIOc_freedecomp Enter - MemInfo: [/proc/self/status]	VmRSSPercent: 0.0417882 %
20220312 000459.231 INFO             PET0 PIOc_freedecomp Enter - MemInfo: [malloc] Non-mmapped space allocated:                22432064 Byte
20220312 000459.231 INFO             PET0 PIOc_freedecomp Enter - MemInfo: [malloc] Space allocated in mmapped regions:          3497984 Byte
20220312 000459.231 INFO             PET0 PIOc_freedecomp Enter - MemInfo: [malloc] Maximum total allocated space:                     0 Byte
20220312 000459.231 INFO             PET0 PIOc_freedecomp Enter - MemInfo: [malloc] Space in freed fastbin blocks:                   112 Byte
20220312 000459.231 INFO             PET0 PIOc_freedecomp Enter - MemInfo: [malloc] Total allocated space:                       2358416 Byte
20220312 000459.231 INFO             PET0 PIOc_freedecomp Enter - MemInfo: [malloc] Total free space:                           20073648 Byte
20220312 000459.231 INFO             PET0 PIOc_freedecomp Enter - MemInfo: [malloc] Top-most, releasable space:                 15188688 Byte
20220312 000459.231 INFO             PET0 PIOc_freedecomp Enter - MemInfo: [malloc] Total space in use, mmap + non-mmap:         5856400 Byte
20220312 000459.231 INFO             PET0 PIOc_freedecomp Enter - MemInfo: [malloc] Total space held (mmap + non-mmap):         25930048 Byte
20220312 000459.231 INFO             PET0 PIOc_freedecomp Enter - MemInfo: [malloc] Total space used (mmap + non-mmap):          5864832 Byte
20220312 000459.231 INFO             PET0 PIOc_freedecomp Enter - MemInfo: Wall-clock time since execution start:                10.4454 seconds
20220312 000459.231 INFO             PET0 PIOc_freedecomp Exit - MemInfo: [/proc/meminfo - SSI]	MemTotal:       65855856 kB
20220312 000459.231 INFO             PET0 PIOc_freedecomp Exit - MemInfo: [/proc/meminfo - SSI]	MemFree:        61119140 kB
20220312 000459.231 INFO             PET0 PIOc_freedecomp Exit - MemInfo: [/proc/meminfo - SSI]	MemAvailable:   60886028 kB
20220312 000459.231 INFO             PET0 PIOc_freedecomp Exit - MemInfo: [/proc/meminfo - SSI]	Committed_AS:    3017160 kB
20220312 000459.231 INFO             PET0 PIOc_freedecomp Exit - MemInfo: [/proc/meminfo - SSI]	CommittedPercent: 4.58146 %
20220312 000459.231 INFO             PET0 PIOc_freedecomp Exit - MemInfo: [/proc/self/status]	VmPeak:	  137868 kB
20220312 000459.231 INFO             PET0 PIOc_freedecomp Exit - MemInfo: [/proc/self/status]	VmSize:	  137868 kB
20220312 000459.231 INFO             PET0 PIOc_freedecomp Exit - MemInfo: [/proc/self/status]	VmLck:	       0 kB
20220312 000459.231 INFO             PET0 PIOc_freedecomp Exit - MemInfo: [/proc/self/status]	VmPin:	       0 kB
20220312 000459.231 INFO             PET0 PIOc_freedecomp Exit - MemInfo: [/proc/self/status]	VmHWM:	   27520 kB
20220312 000459.231 INFO             PET0 PIOc_freedecomp Exit - MemInfo: [/proc/self/status]	VmRSS:	   27520 kB
20220312 000459.231 INFO             PET0 PIOc_freedecomp Exit - MemInfo: [/proc/self/status]	VmData:	   29560 kB
20220312 000459.231 INFO             PET0 PIOc_freedecomp Exit - MemInfo: [/proc/self/status]	VmStk:	     164 kB
20220312 000459.231 INFO             PET0 PIOc_freedecomp Exit - MemInfo: [/proc/self/status]	VmExe:	   27440 kB
20220312 000459.231 INFO             PET0 PIOc_freedecomp Exit - MemInfo: [/proc/self/status]	VmLib:	    1952 kB
20220312 000459.231 INFO             PET0 PIOc_freedecomp Exit - MemInfo: [/proc/self/status]	VmPTE:	     228 kB
20220312 000459.231 INFO             PET0 PIOc_freedecomp Exit - MemInfo: [/proc/self/status]	VmPMD:	      12 kB
20220312 000459.231 INFO             PET0 PIOc_freedecomp Exit - MemInfo: [/proc/self/status]	VmSwap:	       0 kB
20220312 000459.231 INFO             PET0 PIOc_freedecomp Exit - MemInfo: [/proc/self/status]	VmRSSPercent: 0.0417882 %
20220312 000459.231 INFO             PET0 PIOc_freedecomp Exit - MemInfo: [malloc] Non-mmapped space allocated:                22432064 Byte
20220312 000459.231 INFO             PET0 PIOc_freedecomp Exit - MemInfo: [malloc] Space allocated in mmapped regions:          3497984 Byte
20220312 000459.231 INFO             PET0 PIOc_freedecomp Exit - MemInfo: [malloc] Maximum total allocated space:                     0 Byte
20220312 000459.231 INFO             PET0 PIOc_freedecomp Exit - MemInfo: [malloc] Space in freed fastbin blocks:                   912 Byte
20220312 000459.231 INFO             PET0 PIOc_freedecomp Exit - MemInfo: [malloc] Total allocated space:                       2357424 Byte
20220312 000459.231 INFO             PET0 PIOc_freedecomp Exit - MemInfo: [malloc] Total free space:                           20074640 Byte
20220312 000459.231 INFO             PET0 PIOc_freedecomp Exit - MemInfo: [malloc] Top-most, releasable space:                 15188688 Byte
20220312 000459.231 INFO             PET0 PIOc_freedecomp Exit - MemInfo: [malloc] Total space in use, mmap + non-mmap:         5855408 Byte
20220312 000459.231 INFO             PET0 PIOc_freedecomp Exit - MemInfo: [malloc] Total space held (mmap + non-mmap):         25930048 Byte
20220312 000459.231 INFO             PET0 PIOc_freedecomp Exit - MemInfo: [malloc] Total space used (mmap + non-mmap):          5863616 Byte
20220312 000459.231 INFO             PET0 PIOc_freedecomp Exit - MemInfo: Wall-clock time since execution start:                10.4458 seconds
20220312 000459.233 INFO             PET0 PIOc_sync Enter - MemInfo: [/proc/meminfo - SSI]	MemTotal:       65855856 kB
20220312 000459.233 INFO             PET0 PIOc_sync Enter - MemInfo: [/proc/meminfo - SSI]	MemFree:        61119140 kB
20220312 000459.233 INFO             PET0 PIOc_sync Enter - MemInfo: [/proc/meminfo - SSI]	MemAvailable:   60886028 kB
20220312 000459.233 INFO             PET0 PIOc_sync Enter - MemInfo: [/proc/meminfo - SSI]	Committed_AS:    3017160 kB
20220312 000459.233 INFO             PET0 PIOc_sync Enter - MemInfo: [/proc/meminfo - SSI]	CommittedPercent: 4.58146 %
20220312 000459.233 INFO             PET0 PIOc_sync Enter - MemInfo: [/proc/self/status]	VmPeak:	  137868 kB
20220312 000459.233 INFO             PET0 PIOc_sync Enter - MemInfo: [/proc/self/status]	VmSize:	  137844 kB
20220312 000459.233 INFO             PET0 PIOc_sync Enter - MemInfo: [/proc/self/status]	VmLck:	       0 kB
20220312 000459.233 INFO             PET0 PIOc_sync Enter - MemInfo: [/proc/self/status]	VmPin:	       0 kB
20220312 000459.233 INFO             PET0 PIOc_sync Enter - MemInfo: [/proc/self/status]	VmHWM:	   27568 kB
20220312 000459.233 INFO             PET0 PIOc_sync Enter - MemInfo: [/proc/self/status]	VmRSS:	   27556 kB
20220312 000459.233 INFO             PET0 PIOc_sync Enter - MemInfo: [/proc/self/status]	VmData:	   29560 kB
20220312 000459.233 INFO             PET0 PIOc_sync Enter - MemInfo: [/proc/self/status]	VmStk:	     164 kB
20220312 000459.233 INFO             PET0 PIOc_sync Enter - MemInfo: [/proc/self/status]	VmExe:	   27440 kB
20220312 000459.233 INFO             PET0 PIOc_sync Enter - MemInfo: [/proc/self/status]	VmLib:	    1952 kB
20220312 000459.233 INFO             PET0 PIOc_sync Enter - MemInfo: [/proc/self/status]	VmPTE:	     228 kB
20220312 000459.233 INFO             PET0 PIOc_sync Enter - MemInfo: [/proc/self/status]	VmPMD:	      12 kB
20220312 000459.233 INFO             PET0 PIOc_sync Enter - MemInfo: [/proc/self/status]	VmSwap:	       0 kB
20220312 000459.233 INFO             PET0 PIOc_sync Enter - MemInfo: [/proc/self/status]	VmRSSPercent: 0.0418429 %
20220312 000459.233 INFO             PET0 PIOc_sync Enter - MemInfo: [malloc] Non-mmapped space allocated:                22432064 Byte
20220312 000459.233 INFO             PET0 PIOc_sync Enter - MemInfo: [malloc] Space allocated in mmapped regions:          3497984 Byte
20220312 000459.233 INFO             PET0 PIOc_sync Enter - MemInfo: [malloc] Maximum total allocated space:                     0 Byte
20220312 000459.233 INFO             PET0 PIOc_sync Enter - MemInfo: [malloc] Space in freed fastbin blocks:                   416 Byte
20220312 000459.233 INFO             PET0 PIOc_sync Enter - MemInfo: [malloc] Total allocated space:                      11285648 Byte
20220312 000459.233 INFO             PET0 PIOc_sync Enter - MemInfo: [malloc] Total free space:                           11146416 Byte
20220312 000459.233 INFO             PET0 PIOc_sync Enter - MemInfo: [malloc] Top-most, releasable space:                  6800064 Byte
20220312 000459.233 INFO             PET0 PIOc_sync Enter - MemInfo: [malloc] Total space in use, mmap + non-mmap:        14783632 Byte
20220312 000459.233 INFO             PET0 PIOc_sync Enter - MemInfo: [malloc] Total space held (mmap + non-mmap):         25930048 Byte
20220312 000459.233 INFO             PET0 PIOc_sync Enter - MemInfo: [malloc] Total space used (mmap + non-mmap):         14792176 Byte
20220312 000459.233 INFO             PET0 PIOc_sync Enter - MemInfo: Wall-clock time since execution start:                10.4477 seconds
20220312 000459.234 INFO             PET0 PIOc_sync Exit - MemInfo: [/proc/meminfo - SSI]	MemTotal:       65855856 kB
20220312 000459.234 INFO             PET0 PIOc_sync Exit - MemInfo: [/proc/meminfo - SSI]	MemFree:        61119140 kB
20220312 000459.234 INFO             PET0 PIOc_sync Exit - MemInfo: [/proc/meminfo - SSI]	MemAvailable:   60886028 kB
20220312 000459.234 INFO             PET0 PIOc_sync Exit - MemInfo: [/proc/meminfo - SSI]	Committed_AS:    3017160 kB
20220312 000459.234 INFO             PET0 PIOc_sync Exit - MemInfo: [/proc/meminfo - SSI]	CommittedPercent: 4.58146 %
20220312 000459.234 INFO             PET0 PIOc_sync Exit - MemInfo: [/proc/self/status]	VmPeak:	  137868 kB
20220312 000459.234 INFO             PET0 PIOc_sync Exit - MemInfo: [/proc/self/status]	VmSize:	  137844 kB
20220312 000459.234 INFO             PET0 PIOc_sync Exit - MemInfo: [/proc/self/status]	VmLck:	       0 kB
20220312 000459.234 INFO             PET0 PIOc_sync Exit - MemInfo: [/proc/self/status]	VmPin:	       0 kB
20220312 000459.234 INFO             PET0 PIOc_sync Exit - MemInfo: [/proc/self/status]	VmHWM:	   27568 kB
20220312 000459.234 INFO             PET0 PIOc_sync Exit - MemInfo: [/proc/self/status]	VmRSS:	   27556 kB
20220312 000459.234 INFO             PET0 PIOc_sync Exit - MemInfo: [/proc/self/status]	VmData:	   29560 kB
20220312 000459.234 INFO             PET0 PIOc_sync Exit - MemInfo: [/proc/self/status]	VmStk:	     164 kB
20220312 000459.234 INFO             PET0 PIOc_sync Exit - MemInfo: [/proc/self/status]	VmExe:	   27440 kB
20220312 000459.234 INFO             PET0 PIOc_sync Exit - MemInfo: [/proc/self/status]	VmLib:	    1952 kB
20220312 000459.234 INFO             PET0 PIOc_sync Exit - MemInfo: [/proc/self/status]	VmPTE:	     228 kB
20220312 000459.234 INFO             PET0 PIOc_sync Exit - MemInfo: [/proc/self/status]	VmPMD:	      12 kB
20220312 000459.234 INFO             PET0 PIOc_sync Exit - MemInfo: [/proc/self/status]	VmSwap:	       0 kB
20220312 000459.234 INFO             PET0 PIOc_sync Exit - MemInfo: [/proc/self/status]	VmRSSPercent: 0.0418429 %
20220312 000459.234 INFO             PET0 PIOc_sync Exit - MemInfo: [malloc] Non-mmapped space allocated:                22432064 Byte
20220312 000459.234 INFO             PET0 PIOc_sync Exit - MemInfo: [malloc] Space allocated in mmapped regions:          3497984 Byte
20220312 000459.234 INFO             PET0 PIOc_sync Exit - MemInfo: [malloc] Maximum total allocated space:                     0 Byte
20220312 000459.234 INFO             PET0 PIOc_sync Exit - MemInfo: [malloc] Space in freed fastbin blocks:                     0 Byte
20220312 000459.234 INFO             PET0 PIOc_sync Exit - MemInfo: [malloc] Total allocated space:                      11286320 Byte
20220312 000459.234 INFO             PET0 PIOc_sync Exit - MemInfo: [malloc] Total free space:                           11145744 Byte
20220312 000459.234 INFO             PET0 PIOc_sync Exit - MemInfo: [malloc] Top-most, releasable space:                  6800064 Byte
20220312 000459.234 INFO             PET0 PIOc_sync Exit - MemInfo: [malloc] Total space in use, mmap + non-mmap:        14784304 Byte
20220312 000459.234 INFO             PET0 PIOc_sync Exit - MemInfo: [malloc] Total space held (mmap + non-mmap):         25930048 Byte
20220312 000459.234 INFO             PET0 PIOc_sync Exit - MemInfo: [malloc] Total space used (mmap + non-mmap):         14792960 Byte
20220312 000459.234 INFO             PET0 PIOc_sync Exit - MemInfo: Wall-clock time since execution start:                10.4482 seconds
20220312 000459.234 INFO             PET0 PIOc_freedecomp Enter - MemInfo: [/proc/meminfo - SSI]	MemTotal:       65855856 kB
20220312 000459.234 INFO             PET0 PIOc_freedecomp Enter - MemInfo: [/proc/meminfo - SSI]	MemFree:        61119140 kB
20220312 000459.234 INFO             PET0 PIOc_freedecomp Enter - MemInfo: [/proc/meminfo - SSI]	MemAvailable:   60886028 kB
20220312 000459.234 INFO             PET0 PIOc_freedecomp Enter - MemInfo: [/proc/meminfo - SSI]	Committed_AS:    3017160 kB
20220312 000459.234 INFO             PET0 PIOc_freedecomp Enter - MemInfo: [/proc/meminfo - SSI]	CommittedPercent: 4.58146 %
20220312 000459.234 INFO             PET0 PIOc_freedecomp Enter - MemInfo: [/proc/self/status]	VmPeak:	  137868 kB
20220312 000459.234 INFO             PET0 PIOc_freedecomp Enter - MemInfo: [/proc/self/status]	VmSize:	  137844 kB
20220312 000459.234 INFO             PET0 PIOc_freedecomp Enter - MemInfo: [/proc/self/status]	VmLck:	       0 kB
20220312 000459.234 INFO             PET0 PIOc_freedecomp Enter - MemInfo: [/proc/self/status]	VmPin:	       0 kB
20220312 000459.234 INFO             PET0 PIOc_freedecomp Enter - MemInfo: [/proc/self/status]	VmHWM:	   27568 kB
20220312 000459.234 INFO             PET0 PIOc_freedecomp Enter - MemInfo: [/proc/self/status]	VmRSS:	   27556 kB
20220312 000459.234 INFO             PET0 PIOc_freedecomp Enter - MemInfo: [/proc/self/status]	VmData:	   29560 kB
20220312 000459.234 INFO             PET0 PIOc_freedecomp Enter - MemInfo: [/proc/self/status]	VmStk:	     164 kB
20220312 000459.234 INFO             PET0 PIOc_freedecomp Enter - MemInfo: [/proc/self/status]	VmExe:	   27440 kB
20220312 000459.234 INFO             PET0 PIOc_freedecomp Enter - MemInfo: [/proc/self/status]	VmLib:	    1952 kB
20220312 000459.234 INFO             PET0 PIOc_freedecomp Enter - MemInfo: [/proc/self/status]	VmPTE:	     228 kB
20220312 000459.234 INFO             PET0 PIOc_freedecomp Enter - MemInfo: [/proc/self/status]	VmPMD:	      12 kB
20220312 000459.234 INFO             PET0 PIOc_freedecomp Enter - MemInfo: [/proc/self/status]	VmSwap:	       0 kB
20220312 000459.234 INFO             PET0 PIOc_freedecomp Enter - MemInfo: [/proc/self/status]	VmRSSPercent: 0.0418429 %
20220312 000459.234 INFO             PET0 PIOc_freedecomp Enter - MemInfo: [malloc] Non-mmapped space allocated:                22432064 Byte
20220312 000459.234 INFO             PET0 PIOc_freedecomp Enter - MemInfo: [malloc] Space allocated in mmapped regions:          3497984 Byte
20220312 000459.234 INFO             PET0 PIOc_freedecomp Enter - MemInfo: [malloc] Maximum total allocated space:                     0 Byte
20220312 000459.234 INFO             PET0 PIOc_freedecomp Enter - MemInfo: [malloc] Space in freed fastbin blocks:                   272 Byte
20220312 000459.234 INFO             PET0 PIOc_freedecomp Enter - MemInfo: [malloc] Total allocated space:                       2361504 Byte
20220312 000459.234 INFO             PET0 PIOc_freedecomp Enter - MemInfo: [malloc] Total free space:                           20070560 Byte
20220312 000459.234 INFO             PET0 PIOc_freedecomp Enter - MemInfo: [malloc] Top-most, releasable space:                 15188688 Byte
20220312 000459.234 INFO             PET0 PIOc_freedecomp Enter - MemInfo: [malloc] Total space in use, mmap + non-mmap:         5859488 Byte
20220312 000459.235 INFO             PET0 PIOc_freedecomp Enter - MemInfo: [malloc] Total space held (mmap + non-mmap):         25930048 Byte
20220312 000459.235 INFO             PET0 PIOc_freedecomp Enter - MemInfo: [malloc] Total space used (mmap + non-mmap):          5867696 Byte
20220312 000459.235 INFO             PET0 PIOc_freedecomp Enter - MemInfo: Wall-clock time since execution start:                10.4488 seconds
20220312 000459.235 INFO             PET0 PIOc_freedecomp Exit - MemInfo: [/proc/meminfo - SSI]	MemTotal:       65855856 kB
20220312 000459.235 INFO             PET0 PIOc_freedecomp Exit - MemInfo: [/proc/meminfo - SSI]	MemFree:        61119140 kB
20220312 000459.235 INFO             PET0 PIOc_freedecomp Exit - MemInfo: [/proc/meminfo - SSI]	MemAvailable:   60886028 kB
20220312 000459.235 INFO             PET0 PIOc_freedecomp Exit - MemInfo: [/proc/meminfo - SSI]	Committed_AS:    3017160 kB
20220312 000459.235 INFO             PET0 PIOc_freedecomp Exit - MemInfo: [/proc/meminfo - SSI]	CommittedPercent: 4.58146 %
20220312 000459.235 INFO             PET0 PIOc_freedecomp Exit - MemInfo: [/proc/self/status]	VmPeak:	  137868 kB
20220312 000459.235 INFO             PET0 PIOc_freedecomp Exit - MemInfo: [/proc/self/status]	VmSize:	  137844 kB
20220312 000459.235 INFO             PET0 PIOc_freedecomp Exit - MemInfo: [/proc/self/status]	VmLck:	       0 kB
20220312 000459.235 INFO             PET0 PIOc_freedecomp Exit - MemInfo: [/proc/self/status]	VmPin:	       0 kB
20220312 000459.235 INFO             PET0 PIOc_freedecomp Exit - MemInfo: [/proc/self/status]	VmHWM:	   27568 kB
20220312 000459.235 INFO             PET0 PIOc_freedecomp Exit - MemInfo: [/proc/self/status]	VmRSS:	   27556 kB
20220312 000459.235 INFO             PET0 PIOc_freedecomp Exit - MemInfo: [/proc/self/status]	VmData:	   29560 kB
20220312 000459.235 INFO             PET0 PIOc_freedecomp Exit - MemInfo: [/proc/self/status]	VmStk:	     164 kB
20220312 000459.235 INFO             PET0 PIOc_freedecomp Exit - MemInfo: [/proc/self/status]	VmExe:	   27440 kB
20220312 000459.235 INFO             PET0 PIOc_freedecomp Exit - MemInfo: [/proc/self/status]	VmLib:	    1952 kB
20220312 000459.235 INFO             PET0 PIOc_freedecomp Exit - MemInfo: [/proc/self/status]	VmPTE:	     228 kB
20220312 000459.235 INFO             PET0 PIOc_freedecomp Exit - MemInfo: [/proc/self/status]	VmPMD:	      12 kB
20220312 000459.235 INFO             PET0 PIOc_freedecomp Exit - MemInfo: [/proc/self/status]	VmSwap:	       0 kB
20220312 000459.235 INFO             PET0 PIOc_freedecomp Exit - MemInfo: [/proc/self/status]	VmRSSPercent: 0.0418429 %
20220312 000459.235 INFO             PET0 PIOc_freedecomp Exit - MemInfo: [malloc] Non-mmapped space allocated:                22432064 Byte
20220312 000459.235 INFO             PET0 PIOc_freedecomp Exit - MemInfo: [malloc] Space allocated in mmapped regions:          3497984 Byte
20220312 000459.235 INFO             PET0 PIOc_freedecomp Exit - MemInfo: [malloc] Maximum total allocated space:                     0 Byte
20220312 000459.235 INFO             PET0 PIOc_freedecomp Exit - MemInfo: [malloc] Space in freed fastbin blocks:                  1616 Byte
20220312 000459.235 INFO             PET0 PIOc_freedecomp Exit - MemInfo: [malloc] Total allocated space:                       2359360 Byte
20220312 000459.235 INFO             PET0 PIOc_freedecomp Exit - MemInfo: [malloc] Total free space:                           20072704 Byte
20220312 000459.235 INFO             PET0 PIOc_freedecomp Exit - MemInfo: [malloc] Top-most, releasable space:                 15188688 Byte
20220312 000459.235 INFO             PET0 PIOc_freedecomp Exit - MemInfo: [malloc] Total space in use, mmap + non-mmap:         5857344 Byte
20220312 000459.235 INFO             PET0 PIOc_freedecomp Exit - MemInfo: [malloc] Total space held (mmap + non-mmap):         25930048 Byte
20220312 000459.235 INFO             PET0 PIOc_freedecomp Exit - MemInfo: [malloc] Total space used (mmap + non-mmap):          5865552 Byte
20220312 000459.235 INFO             PET0 PIOc_freedecomp Exit - MemInfo: Wall-clock time since execution start:                10.4492 seconds
20220312 000459.236 INFO             PET0 PIOc_sync Enter - MemInfo: [/proc/meminfo - SSI]	MemTotal:       65855856 kB
20220312 000459.236 INFO             PET0 PIOc_sync Enter - MemInfo: [/proc/meminfo - SSI]	MemFree:        61119140 kB
20220312 000459.236 INFO             PET0 PIOc_sync Enter - MemInfo: [/proc/meminfo - SSI]	MemAvailable:   60886028 kB
20220312 000459.236 INFO             PET0 PIOc_sync Enter - MemInfo: [/proc/meminfo - SSI]	Committed_AS:    3017160 kB
20220312 000459.236 INFO             PET0 PIOc_sync Enter - MemInfo: [/proc/meminfo - SSI]	CommittedPercent: 4.58146 %
20220312 000459.236 INFO             PET0 PIOc_sync Enter - MemInfo: [/proc/self/status]	VmPeak:	  137868 kB
20220312 000459.236 INFO             PET0 PIOc_sync Enter - MemInfo: [/proc/self/status]	VmSize:	  137844 kB
20220312 000459.236 INFO             PET0 PIOc_sync Enter - MemInfo: [/proc/self/status]	VmLck:	       0 kB
20220312 000459.236 INFO             PET0 PIOc_sync Enter - MemInfo: [/proc/self/status]	VmPin:	       0 kB
20220312 000459.236 INFO             PET0 PIOc_sync Enter - MemInfo: [/proc/self/status]	VmHWM:	   27568 kB
20220312 000459.236 INFO             PET0 PIOc_sync Enter - MemInfo: [/proc/self/status]	VmRSS:	   27556 kB
20220312 000459.236 INFO             PET0 PIOc_sync Enter - MemInfo: [/proc/self/status]	VmData:	   29560 kB
20220312 000459.236 INFO             PET0 PIOc_sync Enter - MemInfo: [/proc/self/status]	VmStk:	     164 kB
20220312 000459.236 INFO             PET0 PIOc_sync Enter - MemInfo: [/proc/self/status]	VmExe:	   27440 kB
20220312 000459.236 INFO             PET0 PIOc_sync Enter - MemInfo: [/proc/self/status]	VmLib:	    1952 kB
20220312 000459.236 INFO             PET0 PIOc_sync Enter - MemInfo: [/proc/self/status]	VmPTE:	     228 kB
20220312 000459.236 INFO             PET0 PIOc_sync Enter - MemInfo: [/proc/self/status]	VmPMD:	      12 kB
20220312 000459.236 INFO             PET0 PIOc_sync Enter - MemInfo: [/proc/self/status]	VmSwap:	       0 kB
20220312 000459.236 INFO             PET0 PIOc_sync Enter - MemInfo: [/proc/self/status]	VmRSSPercent: 0.0418429 %
20220312 000459.236 INFO             PET0 PIOc_sync Enter - MemInfo: [malloc] Non-mmapped space allocated:                22432064 Byte
20220312 000459.236 INFO             PET0 PIOc_sync Enter - MemInfo: [malloc] Space allocated in mmapped regions:          3497984 Byte
20220312 000459.236 INFO             PET0 PIOc_sync Enter - MemInfo: [malloc] Maximum total allocated space:                     0 Byte
20220312 000459.236 INFO             PET0 PIOc_sync Enter - MemInfo: [malloc] Space in freed fastbin blocks:                   720 Byte
20220312 000459.236 INFO             PET0 PIOc_sync Enter - MemInfo: [malloc] Total allocated space:                      11288832 Byte
20220312 000459.236 INFO             PET0 PIOc_sync Enter - MemInfo: [malloc] Total free space:                           11143232 Byte
20220312 000459.236 INFO             PET0 PIOc_sync Enter - MemInfo: [malloc] Top-most, releasable space:                  6800064 Byte
20220312 000459.236 INFO             PET0 PIOc_sync Enter - MemInfo: [malloc] Total space in use, mmap + non-mmap:        14786816 Byte
20220312 000459.236 INFO             PET0 PIOc_sync Enter - MemInfo: [malloc] Total space held (mmap + non-mmap):         25930048 Byte
20220312 000459.236 INFO             PET0 PIOc_sync Enter - MemInfo: [malloc] Total space used (mmap + non-mmap):         14795136 Byte
20220312 000459.237 INFO             PET0 PIOc_sync Enter - MemInfo: Wall-clock time since execution start:                10.4508 seconds
20220312 000459.237 INFO             PET0 PIOc_sync Exit - MemInfo: [/proc/meminfo - SSI]	MemTotal:       65855856 kB
20220312 000459.237 INFO             PET0 PIOc_sync Exit - MemInfo: [/proc/meminfo - SSI]	MemFree:        61118636 kB
20220312 000459.237 INFO             PET0 PIOc_sync Exit - MemInfo: [/proc/meminfo - SSI]	MemAvailable:   60885524 kB
20220312 000459.237 INFO             PET0 PIOc_sync Exit - MemInfo: [/proc/meminfo - SSI]	Committed_AS:    3017160 kB
20220312 000459.237 INFO             PET0 PIOc_sync Exit - MemInfo: [/proc/meminfo - SSI]	CommittedPercent: 4.58146 %
20220312 000459.237 INFO             PET0 PIOc_sync Exit - MemInfo: [/proc/self/status]	VmPeak:	  137868 kB
20220312 000459.237 INFO             PET0 PIOc_sync Exit - MemInfo: [/proc/self/status]	VmSize:	  137844 kB
20220312 000459.237 INFO             PET0 PIOc_sync Exit - MemInfo: [/proc/self/status]	VmLck:	       0 kB
20220312 000459.237 INFO             PET0 PIOc_sync Exit - MemInfo: [/proc/self/status]	VmPin:	       0 kB
20220312 000459.237 INFO             PET0 PIOc_sync Exit - MemInfo: [/proc/self/status]	VmHWM:	   27568 kB
20220312 000459.237 INFO             PET0 PIOc_sync Exit - MemInfo: [/proc/self/status]	VmRSS:	   27556 kB
20220312 000459.237 INFO             PET0 PIOc_sync Exit - MemInfo: [/proc/self/status]	VmData:	   29560 kB
20220312 000459.237 INFO             PET0 PIOc_sync Exit - MemInfo: [/proc/self/status]	VmStk:	     164 kB
20220312 000459.237 INFO             PET0 PIOc_sync Exit - MemInfo: [/proc/self/status]	VmExe:	   27440 kB
20220312 000459.237 INFO             PET0 PIOc_sync Exit - MemInfo: [/proc/self/status]	VmLib:	    1952 kB
20220312 000459.237 INFO             PET0 PIOc_sync Exit - MemInfo: [/proc/self/status]	VmPTE:	     228 kB
20220312 000459.237 INFO             PET0 PIOc_sync Exit - MemInfo: [/proc/self/status]	VmPMD:	      12 kB
20220312 000459.237 INFO             PET0 PIOc_sync Exit - MemInfo: [/proc/self/status]	VmSwap:	       0 kB
20220312 000459.237 INFO             PET0 PIOc_sync Exit - MemInfo: [/proc/self/status]	VmRSSPercent: 0.0418429 %
20220312 000459.237 INFO             PET0 PIOc_sync Exit - MemInfo: [malloc] Non-mmapped space allocated:                22432064 Byte
20220312 000459.237 INFO             PET0 PIOc_sync Exit - MemInfo: [malloc] Space allocated in mmapped regions:          3497984 Byte
20220312 000459.237 INFO             PET0 PIOc_sync Exit - MemInfo: [malloc] Maximum total allocated space:                     0 Byte
20220312 000459.237 INFO             PET0 PIOc_sync Exit - MemInfo: [malloc] Space in freed fastbin blocks:                     0 Byte
20220312 000459.237 INFO             PET0 PIOc_sync Exit - MemInfo: [malloc] Total allocated space:                      11289120 Byte
20220312 000459.237 INFO             PET0 PIOc_sync Exit - MemInfo: [malloc] Total free space:                           11142944 Byte
20220312 000459.237 INFO             PET0 PIOc_sync Exit - MemInfo: [malloc] Top-most, releasable space:                  6800064 Byte
20220312 000459.237 INFO             PET0 PIOc_sync Exit - MemInfo: [malloc] Total space in use, mmap + non-mmap:        14787104 Byte
20220312 000459.237 INFO             PET0 PIOc_sync Exit - MemInfo: [malloc] Total space held (mmap + non-mmap):         25930048 Byte
20220312 000459.237 INFO             PET0 PIOc_sync Exit - MemInfo: [malloc] Total space used (mmap + non-mmap):         14795760 Byte
20220312 000459.237 INFO             PET0 PIOc_sync Exit - MemInfo: Wall-clock time since execution start:                10.4513 seconds
20220312 000459.237 INFO             PET0 PIOc_freedecomp Enter - MemInfo: [/proc/meminfo - SSI]	MemTotal:       65855856 kB
20220312 000459.237 INFO             PET0 PIOc_freedecomp Enter - MemInfo: [/proc/meminfo - SSI]	MemFree:        61118132 kB
20220312 000459.237 INFO             PET0 PIOc_freedecomp Enter - MemInfo: [/proc/meminfo - SSI]	MemAvailable:   60885020 kB
20220312 000459.237 INFO             PET0 PIOc_freedecomp Enter - MemInfo: [/proc/meminfo - SSI]	Committed_AS:    3017160 kB
20220312 000459.237 INFO             PET0 PIOc_freedecomp Enter - MemInfo: [/proc/meminfo - SSI]	CommittedPercent: 4.58146 %
20220312 000459.237 INFO             PET0 PIOc_freedecomp Enter - MemInfo: [/proc/self/status]	VmPeak:	  137868 kB
20220312 000459.237 INFO             PET0 PIOc_freedecomp Enter - MemInfo: [/proc/self/status]	VmSize:	  137844 kB
20220312 000459.237 INFO             PET0 PIOc_freedecomp Enter - MemInfo: [/proc/self/status]	VmLck:	       0 kB
20220312 000459.237 INFO             PET0 PIOc_freedecomp Enter - MemInfo: [/proc/self/status]	VmPin:	       0 kB
20220312 000459.237 INFO             PET0 PIOc_freedecomp Enter - MemInfo: [/proc/self/status]	VmHWM:	   27568 kB
20220312 000459.237 INFO             PET0 PIOc_freedecomp Enter - MemInfo: [/proc/self/status]	VmRSS:	   27556 kB
20220312 000459.237 INFO             PET0 PIOc_freedecomp Enter - MemInfo: [/proc/self/status]	VmData:	   29560 kB
20220312 000459.237 INFO             PET0 PIOc_freedecomp Enter - MemInfo: [/proc/self/status]	VmStk:	     164 kB
20220312 000459.237 INFO             PET0 PIOc_freedecomp Enter - MemInfo: [/proc/self/status]	VmExe:	   27440 kB
20220312 000459.237 INFO             PET0 PIOc_freedecomp Enter - MemInfo: [/proc/self/status]	VmLib:	    1952 kB
20220312 000459.237 INFO             PET0 PIOc_freedecomp Enter - MemInfo: [/proc/self/status]	VmPTE:	     228 kB
20220312 000459.237 INFO             PET0 PIOc_freedecomp Enter - MemInfo: [/proc/self/status]	VmPMD:	      12 kB
20220312 000459.237 INFO             PET0 PIOc_freedecomp Enter - MemInfo: [/proc/self/status]	VmSwap:	       0 kB
20220312 000459.237 INFO             PET0 PIOc_freedecomp Enter - MemInfo: [/proc/self/status]	VmRSSPercent: 0.0418429 %
20220312 000459.237 INFO             PET0 PIOc_freedecomp Enter - MemInfo: [malloc] Non-mmapped space allocated:                22432064 Byte
20220312 000459.237 INFO             PET0 PIOc_freedecomp Enter - MemInfo: [malloc] Space allocated in mmapped regions:          3497984 Byte
20220312 000459.237 INFO             PET0 PIOc_freedecomp Enter - MemInfo: [malloc] Maximum total allocated space:                     0 Byte
20220312 000459.237 INFO             PET0 PIOc_freedecomp Enter - MemInfo: [malloc] Space in freed fastbin blocks:                   272 Byte
20220312 000459.237 INFO             PET0 PIOc_freedecomp Enter - MemInfo: [malloc] Total allocated space:                       2363024 Byte
20220312 000459.237 INFO             PET0 PIOc_freedecomp Enter - MemInfo: [malloc] Total free space:                           20069040 Byte
20220312 000459.237 INFO             PET0 PIOc_freedecomp Enter - MemInfo: [malloc] Top-most, releasable space:                 15188688 Byte
20220312 000459.237 INFO             PET0 PIOc_freedecomp Enter - MemInfo: [malloc] Total space in use, mmap + non-mmap:         5861008 Byte
20220312 000459.237 INFO             PET0 PIOc_freedecomp Enter - MemInfo: [malloc] Total space held (mmap + non-mmap):         25930048 Byte
20220312 000459.238 INFO             PET0 PIOc_freedecomp Enter - MemInfo: [malloc] Total space used (mmap + non-mmap):          5869216 Byte
20220312 000459.238 INFO             PET0 PIOc_freedecomp Enter - MemInfo: Wall-clock time since execution start:                10.4518 seconds
20220312 000459.238 INFO             PET0 PIOc_freedecomp Exit - MemInfo: [/proc/meminfo - SSI]	MemTotal:       65855856 kB
20220312 000459.238 INFO             PET0 PIOc_freedecomp Exit - MemInfo: [/proc/meminfo - SSI]	MemFree:        61118132 kB
20220312 000459.238 INFO             PET0 PIOc_freedecomp Exit - MemInfo: [/proc/meminfo - SSI]	MemAvailable:   60885020 kB
20220312 000459.238 INFO             PET0 PIOc_freedecomp Exit - MemInfo: [/proc/meminfo - SSI]	Committed_AS:    3017160 kB
20220312 000459.238 INFO             PET0 PIOc_freedecomp Exit - MemInfo: [/proc/meminfo - SSI]	CommittedPercent: 4.58146 %
20220312 000459.238 INFO             PET0 PIOc_freedecomp Exit - MemInfo: [/proc/self/status]	VmPeak:	  137868 kB
20220312 000459.238 INFO             PET0 PIOc_freedecomp Exit - MemInfo: [/proc/self/status]	VmSize:	  137844 kB
20220312 000459.238 INFO             PET0 PIOc_freedecomp Exit - MemInfo: [/proc/self/status]	VmLck:	       0 kB
20220312 000459.238 INFO             PET0 PIOc_freedecomp Exit - MemInfo: [/proc/self/status]	VmPin:	       0 kB
20220312 000459.238 INFO             PET0 PIOc_freedecomp Exit - MemInfo: [/proc/self/status]	VmHWM:	   27568 kB
20220312 000459.238 INFO             PET0 PIOc_freedecomp Exit - MemInfo: [/proc/self/status]	VmRSS:	   27556 kB
20220312 000459.238 INFO             PET0 PIOc_freedecomp Exit - MemInfo: [/proc/self/status]	VmData:	   29560 kB
20220312 000459.238 INFO             PET0 PIOc_freedecomp Exit - MemInfo: [/proc/self/status]	VmStk:	     164 kB
20220312 000459.238 INFO             PET0 PIOc_freedecomp Exit - MemInfo: [/proc/self/status]	VmExe:	   27440 kB
20220312 000459.238 INFO             PET0 PIOc_freedecomp Exit - MemInfo: [/proc/self/status]	VmLib:	    1952 kB
20220312 000459.238 INFO             PET0 PIOc_freedecomp Exit - MemInfo: [/proc/self/status]	VmPTE:	     228 kB
20220312 000459.238 INFO             PET0 PIOc_freedecomp Exit - MemInfo: [/proc/self/status]	VmPMD:	      12 kB
20220312 000459.238 INFO             PET0 PIOc_freedecomp Exit - MemInfo: [/proc/self/status]	VmSwap:	       0 kB
20220312 000459.238 INFO             PET0 PIOc_freedecomp Exit - MemInfo: [/proc/self/status]	VmRSSPercent: 0.0418429 %
20220312 000459.238 INFO             PET0 PIOc_freedecomp Exit - MemInfo: [malloc] Non-mmapped space allocated:                22432064 Byte
20220312 000459.238 INFO             PET0 PIOc_freedecomp Exit - MemInfo: [malloc] Space allocated in mmapped regions:          3497984 Byte
20220312 000459.238 INFO             PET0 PIOc_freedecomp Exit - MemInfo: [malloc] Maximum total allocated space:                     0 Byte
20220312 000459.238 INFO             PET0 PIOc_freedecomp Exit - MemInfo: [malloc] Space in freed fastbin blocks:                  1776 Byte
20220312 000459.238 INFO             PET0 PIOc_freedecomp Exit - MemInfo: [malloc] Total allocated space:                       2360576 Byte
20220312 000459.238 INFO             PET0 PIOc_freedecomp Exit - MemInfo: [malloc] Total free space:                           20071488 Byte
20220312 000459.238 INFO             PET0 PIOc_freedecomp Exit - MemInfo: [malloc] Top-most, releasable space:                 15188688 Byte
20220312 000459.238 INFO             PET0 PIOc_freedecomp Exit - MemInfo: [malloc] Total space in use, mmap + non-mmap:         5858560 Byte
20220312 000459.238 INFO             PET0 PIOc_freedecomp Exit - MemInfo: [malloc] Total space held (mmap + non-mmap):         25930048 Byte
20220312 000459.238 INFO             PET0 PIOc_freedecomp Exit - MemInfo: [malloc] Total space used (mmap + non-mmap):          5866768 Byte
20220312 000459.238 INFO             PET0 PIOc_freedecomp Exit - MemInfo: Wall-clock time since execution start:                10.4522 seconds
20220312 000459.239 INFO             PET0 PIOc_sync Enter - MemInfo: [/proc/meminfo - SSI]	MemTotal:       65855856 kB
20220312 000459.239 INFO             PET0 PIOc_sync Enter - MemInfo: [/proc/meminfo - SSI]	MemFree:        61118132 kB
20220312 000459.239 INFO             PET0 PIOc_sync Enter - MemInfo: [/proc/meminfo - SSI]	MemAvailable:   60885020 kB
20220312 000459.239 INFO             PET0 PIOc_sync Enter - MemInfo: [/proc/meminfo - SSI]	Committed_AS:    3017160 kB
20220312 000459.239 INFO             PET0 PIOc_sync Enter - MemInfo: [/proc/meminfo - SSI]	CommittedPercent: 4.58146 %
20220312 000459.239 INFO             PET0 PIOc_sync Enter - MemInfo: [/proc/self/status]	VmPeak:	  137868 kB
20220312 000459.239 INFO             PET0 PIOc_sync Enter - MemInfo: [/proc/self/status]	VmSize:	  137844 kB
20220312 000459.239 INFO             PET0 PIOc_sync Enter - MemInfo: [/proc/self/status]	VmLck:	       0 kB
20220312 000459.239 INFO             PET0 PIOc_sync Enter - MemInfo: [/proc/self/status]	VmPin:	       0 kB
20220312 000459.239 INFO             PET0 PIOc_sync Enter - MemInfo: [/proc/self/status]	VmHWM:	   27568 kB
20220312 000459.239 INFO             PET0 PIOc_sync Enter - MemInfo: [/proc/self/status]	VmRSS:	   27556 kB
20220312 000459.239 INFO             PET0 PIOc_sync Enter - MemInfo: [/proc/self/status]	VmData:	   29560 kB
20220312 000459.239 INFO             PET0 PIOc_sync Enter - MemInfo: [/proc/self/status]	VmStk:	     164 kB
20220312 000459.239 INFO             PET0 PIOc_sync Enter - MemInfo: [/proc/self/status]	VmExe:	   27440 kB
20220312 000459.239 INFO             PET0 PIOc_sync Enter - MemInfo: [/proc/self/status]	VmLib:	    1952 kB
20220312 000459.239 INFO             PET0 PIOc_sync Enter - MemInfo: [/proc/self/status]	VmPTE:	     228 kB
20220312 000459.239 INFO             PET0 PIOc_sync Enter - MemInfo: [/proc/self/status]	VmPMD:	      12 kB
20220312 000459.239 INFO             PET0 PIOc_sync Enter - MemInfo: [/proc/self/status]	VmSwap:	       0 kB
20220312 000459.239 INFO             PET0 PIOc_sync Enter - MemInfo: [/proc/self/status]	VmRSSPercent: 0.0418429 %
20220312 000459.239 INFO             PET0 PIOc_sync Enter - MemInfo: [malloc] Non-mmapped space allocated:                22432064 Byte
20220312 000459.239 INFO             PET0 PIOc_sync Enter - MemInfo: [malloc] Space allocated in mmapped regions:          3497984 Byte
20220312 000459.239 INFO             PET0 PIOc_sync Enter - MemInfo: [malloc] Maximum total allocated space:                     0 Byte
20220312 000459.239 INFO             PET0 PIOc_sync Enter - MemInfo: [malloc] Space in freed fastbin blocks:                  1520 Byte
20220312 000459.239 INFO             PET0 PIOc_sync Enter - MemInfo: [malloc] Total allocated space:                      11290528 Byte
20220312 000459.239 INFO             PET0 PIOc_sync Enter - MemInfo: [malloc] Total free space:                           11141536 Byte
20220312 000459.239 INFO             PET0 PIOc_sync Enter - MemInfo: [malloc] Top-most, releasable space:                  6800064 Byte
20220312 000459.239 INFO             PET0 PIOc_sync Enter - MemInfo: [malloc] Total space in use, mmap + non-mmap:        14788512 Byte
20220312 000459.239 INFO             PET0 PIOc_sync Enter - MemInfo: [malloc] Total space held (mmap + non-mmap):         25930048 Byte
20220312 000459.239 INFO             PET0 PIOc_sync Enter - MemInfo: [malloc] Total space used (mmap + non-mmap):         14796944 Byte
20220312 000459.239 INFO             PET0 PIOc_sync Enter - MemInfo: Wall-clock time since execution start:                10.4538 seconds
20220312 000459.240 INFO             PET0 PIOc_sync Exit - MemInfo: [/proc/meminfo - SSI]	MemTotal:       65855856 kB
20220312 000459.240 INFO             PET0 PIOc_sync Exit - MemInfo: [/proc/meminfo - SSI]	MemFree:        61118132 kB
20220312 000459.240 INFO             PET0 PIOc_sync Exit - MemInfo: [/proc/meminfo - SSI]	MemAvailable:   60885020 kB
20220312 000459.240 INFO             PET0 PIOc_sync Exit - MemInfo: [/proc/meminfo - SSI]	Committed_AS:    3017160 kB
20220312 000459.240 INFO             PET0 PIOc_sync Exit - MemInfo: [/proc/meminfo - SSI]	CommittedPercent: 4.58146 %
20220312 000459.240 INFO             PET0 PIOc_sync Exit - MemInfo: [/proc/self/status]	VmPeak:	  137868 kB
20220312 000459.240 INFO             PET0 PIOc_sync Exit - MemInfo: [/proc/self/status]	VmSize:	  137844 kB
20220312 000459.240 INFO             PET0 PIOc_sync Exit - MemInfo: [/proc/self/status]	VmLck:	       0 kB
20220312 000459.240 INFO             PET0 PIOc_sync Exit - MemInfo: [/proc/self/status]	VmPin:	       0 kB
20220312 000459.240 INFO             PET0 PIOc_sync Exit - MemInfo: [/proc/self/status]	VmHWM:	   27568 kB
20220312 000459.240 INFO             PET0 PIOc_sync Exit - MemInfo: [/proc/self/status]	VmRSS:	   27556 kB
20220312 000459.240 INFO             PET0 PIOc_sync Exit - MemInfo: [/proc/self/status]	VmData:	   29560 kB
20220312 000459.240 INFO             PET0 PIOc_sync Exit - MemInfo: [/proc/self/status]	VmStk:	     164 kB
20220312 000459.240 INFO             PET0 PIOc_sync Exit - MemInfo: [/proc/self/status]	VmExe:	   27440 kB
20220312 000459.240 INFO             PET0 PIOc_sync Exit - MemInfo: [/proc/self/status]	VmLib:	    1952 kB
20220312 000459.240 INFO             PET0 PIOc_sync Exit - MemInfo: [/proc/self/status]	VmPTE:	     228 kB
20220312 000459.240 INFO             PET0 PIOc_sync Exit - MemInfo: [/proc/self/status]	VmPMD:	      12 kB
20220312 000459.240 INFO             PET0 PIOc_sync Exit - MemInfo: [/proc/self/status]	VmSwap:	       0 kB
20220312 000459.240 INFO             PET0 PIOc_sync Exit - MemInfo: [/proc/self/status]	VmRSSPercent: 0.0418429 %
20220312 000459.240 INFO             PET0 PIOc_sync Exit - MemInfo: [malloc] Non-mmapped space allocated:                22432064 Byte
20220312 000459.240 INFO             PET0 PIOc_sync Exit - MemInfo: [malloc] Space allocated in mmapped regions:          3497984 Byte
20220312 000459.240 INFO             PET0 PIOc_sync Exit - MemInfo: [malloc] Maximum total allocated space:                     0 Byte
20220312 000459.240 INFO             PET0 PIOc_sync Exit - MemInfo: [malloc] Space in freed fastbin blocks:                   160 Byte
20220312 000459.240 INFO             PET0 PIOc_sync Exit - MemInfo: [malloc] Total allocated space:                      11291024 Byte
20220312 000459.240 INFO             PET0 PIOc_sync Exit - MemInfo: [malloc] Total free space:                           11141040 Byte
20220312 000459.240 INFO             PET0 PIOc_sync Exit - MemInfo: [malloc] Top-most, releasable space:                  6800064 Byte
20220312 000459.240 INFO             PET0 PIOc_sync Exit - MemInfo: [malloc] Total space in use, mmap + non-mmap:        14789008 Byte
20220312 000459.240 INFO             PET0 PIOc_sync Exit - MemInfo: [malloc] Total space held (mmap + non-mmap):         25930048 Byte
20220312 000459.240 INFO             PET0 PIOc_sync Exit - MemInfo: [malloc] Total space used (mmap + non-mmap):         14797664 Byte
20220312 000459.240 INFO             PET0 PIOc_sync Exit - MemInfo: Wall-clock time since execution start:                10.4542 seconds
20220312 000459.240 INFO             PET0 PIOc_freedecomp Enter - MemInfo: [/proc/meminfo - SSI]	MemTotal:       65855856 kB
20220312 000459.240 INFO             PET0 PIOc_freedecomp Enter - MemInfo: [/proc/meminfo - SSI]	MemFree:        61118132 kB
20220312 000459.240 INFO             PET0 PIOc_freedecomp Enter - MemInfo: [/proc/meminfo - SSI]	MemAvailable:   60885020 kB
20220312 000459.240 INFO             PET0 PIOc_freedecomp Enter - MemInfo: [/proc/meminfo - SSI]	Committed_AS:    3017160 kB
20220312 000459.240 INFO             PET0 PIOc_freedecomp Enter - MemInfo: [/proc/meminfo - SSI]	CommittedPercent: 4.58146 %
20220312 000459.240 INFO             PET0 PIOc_freedecomp Enter - MemInfo: [/proc/self/status]	VmPeak:	  137868 kB
20220312 000459.240 INFO             PET0 PIOc_freedecomp Enter - MemInfo: [/proc/self/status]	VmSize:	  137844 kB
20220312 000459.240 INFO             PET0 PIOc_freedecomp Enter - MemInfo: [/proc/self/status]	VmLck:	       0 kB
20220312 000459.240 INFO             PET0 PIOc_freedecomp Enter - MemInfo: [/proc/self/status]	VmPin:	       0 kB
20220312 000459.240 INFO             PET0 PIOc_freedecomp Enter - MemInfo: [/proc/self/status]	VmHWM:	   27568 kB
20220312 000459.240 INFO             PET0 PIOc_freedecomp Enter - MemInfo: [/proc/self/status]	VmRSS:	   27556 kB
20220312 000459.240 INFO             PET0 PIOc_freedecomp Enter - MemInfo: [/proc/self/status]	VmData:	   29560 kB
20220312 000459.240 INFO             PET0 PIOc_freedecomp Enter - MemInfo: [/proc/self/status]	VmStk:	     164 kB
20220312 000459.240 INFO             PET0 PIOc_freedecomp Enter - MemInfo: [/proc/self/status]	VmExe:	   27440 kB
20220312 000459.240 INFO             PET0 PIOc_freedecomp Enter - MemInfo: [/proc/self/status]	VmLib:	    1952 kB
20220312 000459.240 INFO             PET0 PIOc_freedecomp Enter - MemInfo: [/proc/self/status]	VmPTE:	     228 kB
20220312 000459.240 INFO             PET0 PIOc_freedecomp Enter - MemInfo: [/proc/self/status]	VmPMD:	      12 kB
20220312 000459.240 INFO             PET0 PIOc_freedecomp Enter - MemInfo: [/proc/self/status]	VmSwap:	       0 kB
20220312 000459.240 INFO             PET0 PIOc_freedecomp Enter - MemInfo: [/proc/self/status]	VmRSSPercent: 0.0418429 %
20220312 000459.240 INFO             PET0 PIOc_freedecomp Enter - MemInfo: [malloc] Non-mmapped space allocated:                22432064 Byte
20220312 000459.240 INFO             PET0 PIOc_freedecomp Enter - MemInfo: [malloc] Space allocated in mmapped regions:          3497984 Byte
20220312 000459.240 INFO             PET0 PIOc_freedecomp Enter - MemInfo: [malloc] Maximum total allocated space:                     0 Byte
20220312 000459.240 INFO             PET0 PIOc_freedecomp Enter - MemInfo: [malloc] Space in freed fastbin blocks:                   272 Byte
20220312 000459.240 INFO             PET0 PIOc_freedecomp Enter - MemInfo: [malloc] Total allocated space:                       2364736 Byte
20220312 000459.240 INFO             PET0 PIOc_freedecomp Enter - MemInfo: [malloc] Total free space:                           20067328 Byte
20220312 000459.240 INFO             PET0 PIOc_freedecomp Enter - MemInfo: [malloc] Top-most, releasable space:                 15188688 Byte
20220312 000459.240 INFO             PET0 PIOc_freedecomp Enter - MemInfo: [malloc] Total space in use, mmap + non-mmap:         5862720 Byte
20220312 000459.240 INFO             PET0 PIOc_freedecomp Enter - MemInfo: [malloc] Total space held (mmap + non-mmap):         25930048 Byte
20220312 000459.240 INFO             PET0 PIOc_freedecomp Enter - MemInfo: [malloc] Total space used (mmap + non-mmap):          5870928 Byte
20220312 000459.240 INFO             PET0 PIOc_freedecomp Enter - MemInfo: Wall-clock time since execution start:                10.4547 seconds
20220312 000459.240 INFO             PET0 PIOc_freedecomp Exit - MemInfo: [/proc/meminfo - SSI]	MemTotal:       65855856 kB
20220312 000459.240 INFO             PET0 PIOc_freedecomp Exit - MemInfo: [/proc/meminfo - SSI]	MemFree:        61118132 kB
20220312 000459.240 INFO             PET0 PIOc_freedecomp Exit - MemInfo: [/proc/meminfo - SSI]	MemAvailable:   60885020 kB
20220312 000459.241 INFO             PET0 PIOc_freedecomp Exit - MemInfo: [/proc/meminfo - SSI]	Committed_AS:    3017160 kB
20220312 000459.241 INFO             PET0 PIOc_freedecomp Exit - MemInfo: [/proc/meminfo - SSI]	CommittedPercent: 4.58146 %
20220312 000459.241 INFO             PET0 PIOc_freedecomp Exit - MemInfo: [/proc/self/status]	VmPeak:	  137868 kB
20220312 000459.241 INFO             PET0 PIOc_freedecomp Exit - MemInfo: [/proc/self/status]	VmSize:	  137844 kB
20220312 000459.241 INFO             PET0 PIOc_freedecomp Exit - MemInfo: [/proc/self/status]	VmLck:	       0 kB
20220312 000459.241 INFO             PET0 PIOc_freedecomp Exit - MemInfo: [/proc/self/status]	VmPin:	       0 kB
20220312 000459.241 INFO             PET0 PIOc_freedecomp Exit - MemInfo: [/proc/self/status]	VmHWM:	   27568 kB
20220312 000459.241 INFO             PET0 PIOc_freedecomp Exit - MemInfo: [/proc/self/status]	VmRSS:	   27556 kB
20220312 000459.241 INFO             PET0 PIOc_freedecomp Exit - MemInfo: [/proc/self/status]	VmData:	   29560 kB
20220312 000459.241 INFO             PET0 PIOc_freedecomp Exit - MemInfo: [/proc/self/status]	VmStk:	     164 kB
20220312 000459.241 INFO             PET0 PIOc_freedecomp Exit - MemInfo: [/proc/self/status]	VmExe:	   27440 kB
20220312 000459.241 INFO             PET0 PIOc_freedecomp Exit - MemInfo: [/proc/self/status]	VmLib:	    1952 kB
20220312 000459.241 INFO             PET0 PIOc_freedecomp Exit - MemInfo: [/proc/self/status]	VmPTE:	     228 kB
20220312 000459.241 INFO             PET0 PIOc_freedecomp Exit - MemInfo: [/proc/self/status]	VmPMD:	      12 kB
20220312 000459.241 INFO             PET0 PIOc_freedecomp Exit - MemInfo: [/proc/self/status]	VmSwap:	       0 kB
20220312 000459.241 INFO             PET0 PIOc_freedecomp Exit - MemInfo: [/proc/self/status]	VmRSSPercent: 0.0418429 %
20220312 000459.241 INFO             PET0 PIOc_freedecomp Exit - MemInfo: [malloc] Non-mmapped space allocated:                22432064 Byte
20220312 000459.241 INFO             PET0 PIOc_freedecomp Exit - MemInfo: [malloc] Space allocated in mmapped regions:          3497984 Byte
20220312 000459.241 INFO             PET0 PIOc_freedecomp Exit - MemInfo: [malloc] Maximum total allocated space:                     0 Byte
20220312 000459.241 INFO             PET0 PIOc_freedecomp Exit - MemInfo: [malloc] Space in freed fastbin blocks:                  1792 Byte
20220312 000459.241 INFO             PET0 PIOc_freedecomp Exit - MemInfo: [malloc] Total allocated space:                       2362272 Byte
20220312 000459.241 INFO             PET0 PIOc_freedecomp Exit - MemInfo: [malloc] Total free space:                           20069792 Byte
20220312 000459.241 INFO             PET0 PIOc_freedecomp Exit - MemInfo: [malloc] Top-most, releasable space:                 15188688 Byte
20220312 000459.241 INFO             PET0 PIOc_freedecomp Exit - MemInfo: [malloc] Total space in use, mmap + non-mmap:         5860256 Byte
20220312 000459.241 INFO             PET0 PIOc_freedecomp Exit - MemInfo: [malloc] Total space held (mmap + non-mmap):         25930048 Byte
20220312 000459.241 INFO             PET0 PIOc_freedecomp Exit - MemInfo: [malloc] Total space used (mmap + non-mmap):          5868464 Byte
20220312 000459.241 INFO             PET0 PIOc_freedecomp Exit - MemInfo: Wall-clock time since execution start:                10.4551 seconds
20220312 000459.244 INFO             PET0  PASS  Test RouteHandleDestroy(), ESMF_RouteHandleAdvancedUTest.F90, line 633
20220312 000459.244 INFO             PET0  PASS  Apply the copied Routehandle, ESMF_RouteHandleAdvancedUTest.F90, line 643
20220312 000459.244 INFO             PET0  PASS  Test RouteHandleDestroy() for the copied Routehandle, ESMF_RouteHandleAdvancedUTest.F90, line 651
20220312 000459.245 INFO             PET0  PASS  Test ESMF_DynamicMaskSetR4R4R4(), ESMF_RouteHandleAdvancedUTest.F90, line 716
20220312 000459.245 INFO             PET0  PASS  Test ESMF_DynamicMaskSetR4R4R4V(), ESMF_RouteHandleAdvancedUTest.F90, line 725
20220312 000459.245 INFO             PET0  PASS  Test ESMF_DynamicMaskSetR4R8R4V(), ESMF_RouteHandleAdvancedUTest.F90, line 734
20220312 000459.245 INFO             PET0  Ending Test, file ESMF_RouteHandleAdvancedUTest.F90, line 749
20220312 000459.245 INFO             PET0 Finalizing ESMF
20220312 000448.828 INFO             PET1 !!!!!!!!!!!!!!!!!!!!!!!!!!!!!!!!!!!!!!!!!!!!!!!!!!!!!!
20220312 000448.828 INFO             PET1 !!! THE ESMF_LOG IS SET TO OUTPUT ALL LOG MESSAGES !!!
20220312 000448.828 INFO             PET1 !!!     THIS MAY CAUSE SLOWDOWN IN PERFORMANCE     !!!
20220312 000448.828 INFO             PET1 !!! FOR PRODUCTION RUNS, USE:                      !!!
20220312 000448.828 INFO             PET1 !!!                   ESMF_LOGKIND_Multi_On_Error  !!!
20220312 000448.828 INFO             PET1 !!!!!!!!!!!!!!!!!!!!!!!!!!!!!!!!!!!!!!!!!!!!!!!!!!!!!!
20220312 000448.828 INFO             PET1 Running with ESMF Version   : v8.3.0b09-96-g559b459836
20220312 000448.828 INFO             PET1 ESMF library build date/time: "Mar 11 2022" "23:25:51"
20220312 000448.828 INFO             PET1 ESMF library build location : /lustre/f2/dev/ncep/Mark.Potts/gfortran_8.3.0_mpi_O_jedwards_pio_update2
20220312 000448.828 INFO             PET1 ESMF_COMM                   : mpi
20220312 000448.828 INFO             PET1 ESMF_MOAB                   : enabled
20220312 000448.828 INFO             PET1 ESMF_LAPACK                 : enabled
20220312 000448.828 INFO             PET1 ESMF_NETCDF                 : enabled
20220312 000448.828 INFO             PET1 ESMF_PNETCDF                : disabled
20220312 000448.828 INFO             PET1 ESMF_PIO                    : enabled
20220312 000448.828 INFO             PET1 ESMF_YAMLCPP                : enabled
20220312 000448.853 INFO             PET1  Beginning Test, file ESMF_RouteHandleAdvancedUTest.F90, line 346
20220312 000448.853 INFO             PET1  NUMBER_OF_PROCESSORS           4
20220312 000448.965 INFO             PET1 ESMF_FieldRedistStoreNF(): Just entered routine.
20220312 000449.079 INFO             PET1 ESMF_FieldRedistStoreNF(): Leaving routine.
20220312 000449.079 INFO             PET1  PASS  Create RouteHandle for the original petList, ESMF_RouteHandleAdvancedUTest.F90, line 511
20220312 000449.079 INFO             PET1  PASS  Test RouteHandleIsCreated(), ESMF_RouteHandleAdvancedUTest.F90, line 519
20220312 000449.079 INFO             PET1  PASS  Test RouteHandleIsCreated() return value, ESMF_RouteHandleAdvancedUTest.F90, line 526
20220312 000449.079 INFO             PET1  PASS  Test RouteHandleGet(), ESMF_RouteHandleAdvancedUTest.F90, line 534
20220312 000449.088 INFO             PET1  PASS  Test RouteHandleWrite(), ESMF_RouteHandleAdvancedUTest.F90, line 542
20220312 000449.088 INFO             PET1  PASS  Test RouteHandleDestroy(), ESMF_RouteHandleAdvancedUTest.F90, line 550
20220312 000449.092 INFO             PET1  PASS  Test RouteHandleCreate(from file), ESMF_RouteHandleAdvancedUTest.F90, line 558
20220312 000449.092 INFO             PET1  PASS  Apply the read in Routehandle, ESMF_RouteHandleAdvancedUTest.F90, line 567
20220312 000449.092 INFO             PET1  PASS  Test RouteHandleDestroy() for the read in Routehandle, ESMF_RouteHandleAdvancedUTest.F90, line 575
20220312 000449.092 INFO             PET1 ESMF_FieldRedistStoreNF(): Just entered routine.
20220312 000449.194 INFO             PET1 ESMF_FieldRedistStoreNF(): Leaving routine.
20220312 000449.194 INFO             PET1  PASS  Create RouteHandle for the original petList, ESMF_RouteHandleAdvancedUTest.F90, line 585
20220312 000449.194 INFO             PET1  PASS  Transfer RouteHandle to a different petList, ESMF_RouteHandleAdvancedUTest.F90, line 602
20220312 000449.290 INFO             PET1 PIOc_sync Enter - MemInfo: [/proc/meminfo - SSI]	MemTotal:       65855856 kB
20220312 000449.290 INFO             PET1 PIOc_sync Enter - MemInfo: [/proc/meminfo - SSI]	MemFree:        61102652 kB
20220312 000449.290 INFO             PET1 PIOc_sync Enter - MemInfo: [/proc/meminfo - SSI]	MemAvailable:   60869140 kB
20220312 000449.290 INFO             PET1 PIOc_sync Enter - MemInfo: [/proc/meminfo - SSI]	Committed_AS:    3017160 kB
20220312 000449.290 INFO             PET1 PIOc_sync Enter - MemInfo: [/proc/meminfo - SSI]	CommittedPercent: 4.58146 %
20220312 000449.290 INFO             PET1 PIOc_sync Enter - MemInfo: [/proc/self/status]	VmPeak:	  139552 kB
20220312 000449.291 INFO             PET1 PIOc_sync Enter - MemInfo: [/proc/self/status]	VmSize:	  139552 kB
20220312 000449.291 INFO             PET1 PIOc_sync Enter - MemInfo: [/proc/self/status]	VmLck:	       0 kB
20220312 000449.291 INFO             PET1 PIOc_sync Enter - MemInfo: [/proc/self/status]	VmPin:	       0 kB
20220312 000449.291 INFO             PET1 PIOc_sync Enter - MemInfo: [/proc/self/status]	VmHWM:	   23856 kB
20220312 000449.291 INFO             PET1 PIOc_sync Enter - MemInfo: [/proc/self/status]	VmRSS:	   23856 kB
20220312 000449.291 INFO             PET1 PIOc_sync Enter - MemInfo: [/proc/self/status]	VmData:	   31244 kB
20220312 000449.291 INFO             PET1 PIOc_sync Enter - MemInfo: [/proc/self/status]	VmStk:	     164 kB
20220312 000449.291 INFO             PET1 PIOc_sync Enter - MemInfo: [/proc/self/status]	VmExe:	   27440 kB
20220312 000449.291 INFO             PET1 PIOc_sync Enter - MemInfo: [/proc/self/status]	VmLib:	    1952 kB
20220312 000449.291 INFO             PET1 PIOc_sync Enter - MemInfo: [/proc/self/status]	VmPTE:	     216 kB
20220312 000449.291 INFO             PET1 PIOc_sync Enter - MemInfo: [/proc/self/status]	VmPMD:	      12 kB
20220312 000449.291 INFO             PET1 PIOc_sync Enter - MemInfo: [/proc/self/status]	VmSwap:	       0 kB
20220312 000449.291 INFO             PET1 PIOc_sync Enter - MemInfo: [/proc/self/status]	VmRSSPercent: 0.0362246 %
20220312 000449.291 INFO             PET1 PIOc_sync Enter - MemInfo: [malloc] Non-mmapped space allocated:                23177536 Byte
20220312 000449.291 INFO             PET1 PIOc_sync Enter - MemInfo: [malloc] Space allocated in mmapped regions:          4476928 Byte
20220312 000449.291 INFO             PET1 PIOc_sync Enter - MemInfo: [malloc] Maximum total allocated space:                     0 Byte
20220312 000449.291 INFO             PET1 PIOc_sync Enter - MemInfo: [malloc] Space in freed fastbin blocks:                    32 Byte
20220312 000449.291 INFO             PET1 PIOc_sync Enter - MemInfo: [malloc] Total allocated space:                       1763904 Byte
20220312 000449.291 INFO             PET1 PIOc_sync Enter - MemInfo: [malloc] Total free space:                           21413632 Byte
20220312 000449.291 INFO             PET1 PIOc_sync Enter - MemInfo: [malloc] Top-most, releasable space:                 15874384 Byte
20220312 000449.291 INFO             PET1 PIOc_sync Enter - MemInfo: [malloc] Total space in use, mmap + non-mmap:         6240832 Byte
20220312 000449.291 INFO             PET1 PIOc_sync Enter - MemInfo: [malloc] Total space held (mmap + non-mmap):         27654464 Byte
20220312 000449.291 INFO             PET1 PIOc_sync Enter - MemInfo: [malloc] Total space used (mmap + non-mmap):          6249888 Byte
20220312 000449.291 INFO             PET1 PIOc_sync Enter - MemInfo: Wall-clock time since execution start:               0.504934 seconds
20220312 000459.229 INFO             PET1 PIOc_sync Exit - MemInfo: [/proc/meminfo - SSI]	MemTotal:       65855856 kB
20220312 000459.229 INFO             PET1 PIOc_sync Exit - MemInfo: [/proc/meminfo - SSI]	MemFree:        61119140 kB
20220312 000459.229 INFO             PET1 PIOc_sync Exit - MemInfo: [/proc/meminfo - SSI]	MemAvailable:   60886028 kB
20220312 000459.229 INFO             PET1 PIOc_sync Exit - MemInfo: [/proc/meminfo - SSI]	Committed_AS:    3017160 kB
20220312 000459.229 INFO             PET1 PIOc_sync Exit - MemInfo: [/proc/meminfo - SSI]	CommittedPercent: 4.58146 %
20220312 000459.229 INFO             PET1 PIOc_sync Exit - MemInfo: [/proc/self/status]	VmPeak:	  139552 kB
20220312 000459.229 INFO             PET1 PIOc_sync Exit - MemInfo: [/proc/self/status]	VmSize:	  139552 kB
20220312 000459.229 INFO             PET1 PIOc_sync Exit - MemInfo: [/proc/self/status]	VmLck:	       0 kB
20220312 000459.229 INFO             PET1 PIOc_sync Exit - MemInfo: [/proc/self/status]	VmPin:	       0 kB
20220312 000459.229 INFO             PET1 PIOc_sync Exit - MemInfo: [/proc/self/status]	VmHWM:	   23856 kB
20220312 000459.229 INFO             PET1 PIOc_sync Exit - MemInfo: [/proc/self/status]	VmRSS:	   23856 kB
20220312 000459.229 INFO             PET1 PIOc_sync Exit - MemInfo: [/proc/self/status]	VmData:	   31244 kB
20220312 000459.229 INFO             PET1 PIOc_sync Exit - MemInfo: [/proc/self/status]	VmStk:	     164 kB
20220312 000459.229 INFO             PET1 PIOc_sync Exit - MemInfo: [/proc/self/status]	VmExe:	   27440 kB
20220312 000459.229 INFO             PET1 PIOc_sync Exit - MemInfo: [/proc/self/status]	VmLib:	    1952 kB
20220312 000459.229 INFO             PET1 PIOc_sync Exit - MemInfo: [/proc/self/status]	VmPTE:	     216 kB
20220312 000459.229 INFO             PET1 PIOc_sync Exit - MemInfo: [/proc/self/status]	VmPMD:	      12 kB
20220312 000459.229 INFO             PET1 PIOc_sync Exit - MemInfo: [/proc/self/status]	VmSwap:	       0 kB
20220312 000459.229 INFO             PET1 PIOc_sync Exit - MemInfo: [/proc/self/status]	VmRSSPercent: 0.0362246 %
20220312 000459.229 INFO             PET1 PIOc_sync Exit - MemInfo: [malloc] Non-mmapped space allocated:                23177536 Byte
20220312 000459.229 INFO             PET1 PIOc_sync Exit - MemInfo: [malloc] Space allocated in mmapped regions:          4476928 Byte
20220312 000459.229 INFO             PET1 PIOc_sync Exit - MemInfo: [malloc] Maximum total allocated space:                     0 Byte
20220312 000459.229 INFO             PET1 PIOc_sync Exit - MemInfo: [malloc] Space in freed fastbin blocks:                     0 Byte
20220312 000459.229 INFO             PET1 PIOc_sync Exit - MemInfo: [malloc] Total allocated space:                       1765424 Byte
20220312 000459.229 INFO             PET1 PIOc_sync Exit - MemInfo: [malloc] Total free space:                           21412112 Byte
20220312 000459.229 INFO             PET1 PIOc_sync Exit - MemInfo: [malloc] Top-most, releasable space:                 15874384 Byte
20220312 000459.229 INFO             PET1 PIOc_sync Exit - MemInfo: [malloc] Total space in use, mmap + non-mmap:         6242352 Byte
20220312 000459.230 INFO             PET1 PIOc_sync Exit - MemInfo: [malloc] Total space held (mmap + non-mmap):         27654464 Byte
20220312 000459.230 INFO             PET1 PIOc_sync Exit - MemInfo: [malloc] Total space used (mmap + non-mmap):          6251024 Byte
20220312 000459.230 INFO             PET1 PIOc_sync Exit - MemInfo: Wall-clock time since execution start:                10.4436 seconds
20220312 000459.231 INFO             PET1 PIOc_freedecomp Enter - MemInfo: [/proc/meminfo - SSI]	MemTotal:       65855856 kB
20220312 000459.231 INFO             PET1 PIOc_freedecomp Enter - MemInfo: [/proc/meminfo - SSI]	MemFree:        61119140 kB
20220312 000459.231 INFO             PET1 PIOc_freedecomp Enter - MemInfo: [/proc/meminfo - SSI]	MemAvailable:   60886028 kB
20220312 000459.231 INFO             PET1 PIOc_freedecomp Enter - MemInfo: [/proc/meminfo - SSI]	Committed_AS:    3017160 kB
20220312 000459.231 INFO             PET1 PIOc_freedecomp Enter - MemInfo: [/proc/meminfo - SSI]	CommittedPercent: 4.58146 %
20220312 000459.231 INFO             PET1 PIOc_freedecomp Enter - MemInfo: [/proc/self/status]	VmPeak:	  139552 kB
20220312 000459.231 INFO             PET1 PIOc_freedecomp Enter - MemInfo: [/proc/self/status]	VmSize:	  139552 kB
20220312 000459.231 INFO             PET1 PIOc_freedecomp Enter - MemInfo: [/proc/self/status]	VmLck:	       0 kB
20220312 000459.231 INFO             PET1 PIOc_freedecomp Enter - MemInfo: [/proc/self/status]	VmPin:	       0 kB
20220312 000459.231 INFO             PET1 PIOc_freedecomp Enter - MemInfo: [/proc/self/status]	VmHWM:	   23856 kB
20220312 000459.231 INFO             PET1 PIOc_freedecomp Enter - MemInfo: [/proc/self/status]	VmRSS:	   23856 kB
20220312 000459.231 INFO             PET1 PIOc_freedecomp Enter - MemInfo: [/proc/self/status]	VmData:	   31244 kB
20220312 000459.231 INFO             PET1 PIOc_freedecomp Enter - MemInfo: [/proc/self/status]	VmStk:	     164 kB
20220312 000459.231 INFO             PET1 PIOc_freedecomp Enter - MemInfo: [/proc/self/status]	VmExe:	   27440 kB
20220312 000459.231 INFO             PET1 PIOc_freedecomp Enter - MemInfo: [/proc/self/status]	VmLib:	    1952 kB
20220312 000459.231 INFO             PET1 PIOc_freedecomp Enter - MemInfo: [/proc/self/status]	VmPTE:	     216 kB
20220312 000459.231 INFO             PET1 PIOc_freedecomp Enter - MemInfo: [/proc/self/status]	VmPMD:	      12 kB
20220312 000459.231 INFO             PET1 PIOc_freedecomp Enter - MemInfo: [/proc/self/status]	VmSwap:	       0 kB
20220312 000459.231 INFO             PET1 PIOc_freedecomp Enter - MemInfo: [/proc/self/status]	VmRSSPercent: 0.0362246 %
20220312 000459.231 INFO             PET1 PIOc_freedecomp Enter - MemInfo: [malloc] Non-mmapped space allocated:                23177536 Byte
20220312 000459.231 INFO             PET1 PIOc_freedecomp Enter - MemInfo: [malloc] Space allocated in mmapped regions:          4476928 Byte
20220312 000459.231 INFO             PET1 PIOc_freedecomp Enter - MemInfo: [malloc] Maximum total allocated space:                     0 Byte
20220312 000459.231 INFO             PET1 PIOc_freedecomp Enter - MemInfo: [malloc] Space in freed fastbin blocks:                     0 Byte
20220312 000459.231 INFO             PET1 PIOc_freedecomp Enter - MemInfo: [malloc] Total allocated space:                       1766112 Byte
20220312 000459.231 INFO             PET1 PIOc_freedecomp Enter - MemInfo: [malloc] Total free space:                           21411424 Byte
20220312 000459.231 INFO             PET1 PIOc_freedecomp Enter - MemInfo: [malloc] Top-most, releasable space:                 15874384 Byte
20220312 000459.231 INFO             PET1 PIOc_freedecomp Enter - MemInfo: [malloc] Total space in use, mmap + non-mmap:         6243040 Byte
20220312 000459.231 INFO             PET1 PIOc_freedecomp Enter - MemInfo: [malloc] Total space held (mmap + non-mmap):         27654464 Byte
20220312 000459.231 INFO             PET1 PIOc_freedecomp Enter - MemInfo: [malloc] Total space used (mmap + non-mmap):          6251616 Byte
20220312 000459.231 INFO             PET1 PIOc_freedecomp Enter - MemInfo: Wall-clock time since execution start:                10.4452 seconds
20220312 000459.231 INFO             PET1 PIOc_freedecomp Exit - MemInfo: [/proc/meminfo - SSI]	MemTotal:       65855856 kB
20220312 000459.231 INFO             PET1 PIOc_freedecomp Exit - MemInfo: [/proc/meminfo - SSI]	MemFree:        61119140 kB
20220312 000459.231 INFO             PET1 PIOc_freedecomp Exit - MemInfo: [/proc/meminfo - SSI]	MemAvailable:   60886028 kB
20220312 000459.231 INFO             PET1 PIOc_freedecomp Exit - MemInfo: [/proc/meminfo - SSI]	Committed_AS:    3017160 kB
20220312 000459.231 INFO             PET1 PIOc_freedecomp Exit - MemInfo: [/proc/meminfo - SSI]	CommittedPercent: 4.58146 %
20220312 000459.231 INFO             PET1 PIOc_freedecomp Exit - MemInfo: [/proc/self/status]	VmPeak:	  139552 kB
20220312 000459.231 INFO             PET1 PIOc_freedecomp Exit - MemInfo: [/proc/self/status]	VmSize:	  139552 kB
20220312 000459.231 INFO             PET1 PIOc_freedecomp Exit - MemInfo: [/proc/self/status]	VmLck:	       0 kB
20220312 000459.231 INFO             PET1 PIOc_freedecomp Exit - MemInfo: [/proc/self/status]	VmPin:	       0 kB
20220312 000459.231 INFO             PET1 PIOc_freedecomp Exit - MemInfo: [/proc/self/status]	VmHWM:	   23856 kB
20220312 000459.231 INFO             PET1 PIOc_freedecomp Exit - MemInfo: [/proc/self/status]	VmRSS:	   23856 kB
20220312 000459.231 INFO             PET1 PIOc_freedecomp Exit - MemInfo: [/proc/self/status]	VmData:	   31244 kB
20220312 000459.231 INFO             PET1 PIOc_freedecomp Exit - MemInfo: [/proc/self/status]	VmStk:	     164 kB
20220312 000459.231 INFO             PET1 PIOc_freedecomp Exit - MemInfo: [/proc/self/status]	VmExe:	   27440 kB
20220312 000459.231 INFO             PET1 PIOc_freedecomp Exit - MemInfo: [/proc/self/status]	VmLib:	    1952 kB
20220312 000459.231 INFO             PET1 PIOc_freedecomp Exit - MemInfo: [/proc/self/status]	VmPTE:	     216 kB
20220312 000459.231 INFO             PET1 PIOc_freedecomp Exit - MemInfo: [/proc/self/status]	VmPMD:	      12 kB
20220312 000459.231 INFO             PET1 PIOc_freedecomp Exit - MemInfo: [/proc/self/status]	VmSwap:	       0 kB
20220312 000459.231 INFO             PET1 PIOc_freedecomp Exit - MemInfo: [/proc/self/status]	VmRSSPercent: 0.0362246 %
20220312 000459.231 INFO             PET1 PIOc_freedecomp Exit - MemInfo: [malloc] Non-mmapped space allocated:                23177536 Byte
20220312 000459.231 INFO             PET1 PIOc_freedecomp Exit - MemInfo: [malloc] Space allocated in mmapped regions:          4476928 Byte
20220312 000459.231 INFO             PET1 PIOc_freedecomp Exit - MemInfo: [malloc] Maximum total allocated space:                     0 Byte
20220312 000459.231 INFO             PET1 PIOc_freedecomp Exit - MemInfo: [malloc] Space in freed fastbin blocks:                   160 Byte
20220312 000459.231 INFO             PET1 PIOc_freedecomp Exit - MemInfo: [malloc] Total allocated space:                       1766048 Byte
20220312 000459.231 INFO             PET1 PIOc_freedecomp Exit - MemInfo: [malloc] Total free space:                           21411488 Byte
20220312 000459.231 INFO             PET1 PIOc_freedecomp Exit - MemInfo: [malloc] Top-most, releasable space:                 15874384 Byte
20220312 000459.231 INFO             PET1 PIOc_freedecomp Exit - MemInfo: [malloc] Total space in use, mmap + non-mmap:         6242976 Byte
20220312 000459.231 INFO             PET1 PIOc_freedecomp Exit - MemInfo: [malloc] Total space held (mmap + non-mmap):         27654464 Byte
20220312 000459.231 INFO             PET1 PIOc_freedecomp Exit - MemInfo: [malloc] Total space used (mmap + non-mmap):          6251520 Byte
20220312 000459.232 INFO             PET1 PIOc_freedecomp Exit - MemInfo: Wall-clock time since execution start:                10.4455 seconds
20220312 000459.233 INFO             PET1 PIOc_sync Enter - MemInfo: [/proc/meminfo - SSI]	MemTotal:       65855856 kB
20220312 000459.233 INFO             PET1 PIOc_sync Enter - MemInfo: [/proc/meminfo - SSI]	MemFree:        61119140 kB
20220312 000459.233 INFO             PET1 PIOc_sync Enter - MemInfo: [/proc/meminfo - SSI]	MemAvailable:   60886028 kB
20220312 000459.233 INFO             PET1 PIOc_sync Enter - MemInfo: [/proc/meminfo - SSI]	Committed_AS:    3017160 kB
20220312 000459.233 INFO             PET1 PIOc_sync Enter - MemInfo: [/proc/meminfo - SSI]	CommittedPercent: 4.58146 %
20220312 000459.233 INFO             PET1 PIOc_sync Enter - MemInfo: [/proc/self/status]	VmPeak:	  139552 kB
20220312 000459.233 INFO             PET1 PIOc_sync Enter - MemInfo: [/proc/self/status]	VmSize:	  139528 kB
20220312 000459.233 INFO             PET1 PIOc_sync Enter - MemInfo: [/proc/self/status]	VmLck:	       0 kB
20220312 000459.233 INFO             PET1 PIOc_sync Enter - MemInfo: [/proc/self/status]	VmPin:	       0 kB
20220312 000459.233 INFO             PET1 PIOc_sync Enter - MemInfo: [/proc/self/status]	VmHWM:	   23992 kB
20220312 000459.233 INFO             PET1 PIOc_sync Enter - MemInfo: [/proc/self/status]	VmRSS:	   23984 kB
20220312 000459.233 INFO             PET1 PIOc_sync Enter - MemInfo: [/proc/self/status]	VmData:	   31244 kB
20220312 000459.233 INFO             PET1 PIOc_sync Enter - MemInfo: [/proc/self/status]	VmStk:	     164 kB
20220312 000459.233 INFO             PET1 PIOc_sync Enter - MemInfo: [/proc/self/status]	VmExe:	   27440 kB
20220312 000459.233 INFO             PET1 PIOc_sync Enter - MemInfo: [/proc/self/status]	VmLib:	    1952 kB
20220312 000459.233 INFO             PET1 PIOc_sync Enter - MemInfo: [/proc/self/status]	VmPTE:	     216 kB
20220312 000459.233 INFO             PET1 PIOc_sync Enter - MemInfo: [/proc/self/status]	VmPMD:	      12 kB
20220312 000459.233 INFO             PET1 PIOc_sync Enter - MemInfo: [/proc/self/status]	VmSwap:	       0 kB
20220312 000459.233 INFO             PET1 PIOc_sync Enter - MemInfo: [/proc/self/status]	VmRSSPercent: 0.0364189 %
20220312 000459.233 INFO             PET1 PIOc_sync Enter - MemInfo: [malloc] Non-mmapped space allocated:                23177536 Byte
20220312 000459.233 INFO             PET1 PIOc_sync Enter - MemInfo: [malloc] Space allocated in mmapped regions:          4476928 Byte
20220312 000459.233 INFO             PET1 PIOc_sync Enter - MemInfo: [malloc] Maximum total allocated space:                     0 Byte
20220312 000459.233 INFO             PET1 PIOc_sync Enter - MemInfo: [malloc] Space in freed fastbin blocks:                    80 Byte
20220312 000459.233 INFO             PET1 PIOc_sync Enter - MemInfo: [malloc] Total allocated space:                       1769488 Byte
20220312 000459.233 INFO             PET1 PIOc_sync Enter - MemInfo: [malloc] Total free space:                           21408048 Byte
20220312 000459.233 INFO             PET1 PIOc_sync Enter - MemInfo: [malloc] Top-most, releasable space:                 15874384 Byte
20220312 000459.233 INFO             PET1 PIOc_sync Enter - MemInfo: [malloc] Total space in use, mmap + non-mmap:         6246416 Byte
20220312 000459.233 INFO             PET1 PIOc_sync Enter - MemInfo: [malloc] Total space held (mmap + non-mmap):         27654464 Byte
20220312 000459.233 INFO             PET1 PIOc_sync Enter - MemInfo: [malloc] Total space used (mmap + non-mmap):          6254736 Byte
20220312 000459.233 INFO             PET1 PIOc_sync Enter - MemInfo: Wall-clock time since execution start:                10.4474 seconds
20220312 000459.234 INFO             PET1 PIOc_sync Exit - MemInfo: [/proc/meminfo - SSI]	MemTotal:       65855856 kB
20220312 000459.234 INFO             PET1 PIOc_sync Exit - MemInfo: [/proc/meminfo - SSI]	MemFree:        61119140 kB
20220312 000459.234 INFO             PET1 PIOc_sync Exit - MemInfo: [/proc/meminfo - SSI]	MemAvailable:   60886028 kB
20220312 000459.234 INFO             PET1 PIOc_sync Exit - MemInfo: [/proc/meminfo - SSI]	Committed_AS:    3017160 kB
20220312 000459.234 INFO             PET1 PIOc_sync Exit - MemInfo: [/proc/meminfo - SSI]	CommittedPercent: 4.58146 %
20220312 000459.234 INFO             PET1 PIOc_sync Exit - MemInfo: [/proc/self/status]	VmPeak:	  139552 kB
20220312 000459.234 INFO             PET1 PIOc_sync Exit - MemInfo: [/proc/self/status]	VmSize:	  139528 kB
20220312 000459.234 INFO             PET1 PIOc_sync Exit - MemInfo: [/proc/self/status]	VmLck:	       0 kB
20220312 000459.234 INFO             PET1 PIOc_sync Exit - MemInfo: [/proc/self/status]	VmPin:	       0 kB
20220312 000459.234 INFO             PET1 PIOc_sync Exit - MemInfo: [/proc/self/status]	VmHWM:	   23992 kB
20220312 000459.234 INFO             PET1 PIOc_sync Exit - MemInfo: [/proc/self/status]	VmRSS:	   23984 kB
20220312 000459.234 INFO             PET1 PIOc_sync Exit - MemInfo: [/proc/self/status]	VmData:	   31244 kB
20220312 000459.234 INFO             PET1 PIOc_sync Exit - MemInfo: [/proc/self/status]	VmStk:	     164 kB
20220312 000459.234 INFO             PET1 PIOc_sync Exit - MemInfo: [/proc/self/status]	VmExe:	   27440 kB
20220312 000459.234 INFO             PET1 PIOc_sync Exit - MemInfo: [/proc/self/status]	VmLib:	    1952 kB
20220312 000459.234 INFO             PET1 PIOc_sync Exit - MemInfo: [/proc/self/status]	VmPTE:	     216 kB
20220312 000459.234 INFO             PET1 PIOc_sync Exit - MemInfo: [/proc/self/status]	VmPMD:	      12 kB
20220312 000459.234 INFO             PET1 PIOc_sync Exit - MemInfo: [/proc/self/status]	VmSwap:	       0 kB
20220312 000459.234 INFO             PET1 PIOc_sync Exit - MemInfo: [/proc/self/status]	VmRSSPercent: 0.0364189 %
20220312 000459.234 INFO             PET1 PIOc_sync Exit - MemInfo: [malloc] Non-mmapped space allocated:                23177536 Byte
20220312 000459.234 INFO             PET1 PIOc_sync Exit - MemInfo: [malloc] Space allocated in mmapped regions:          4476928 Byte
20220312 000459.234 INFO             PET1 PIOc_sync Exit - MemInfo: [malloc] Maximum total allocated space:                     0 Byte
20220312 000459.234 INFO             PET1 PIOc_sync Exit - MemInfo: [malloc] Space in freed fastbin blocks:                     0 Byte
20220312 000459.234 INFO             PET1 PIOc_sync Exit - MemInfo: [malloc] Total allocated space:                       1769296 Byte
20220312 000459.234 INFO             PET1 PIOc_sync Exit - MemInfo: [malloc] Total free space:                           21408240 Byte
20220312 000459.234 INFO             PET1 PIOc_sync Exit - MemInfo: [malloc] Top-most, releasable space:                 15874384 Byte
20220312 000459.234 INFO             PET1 PIOc_sync Exit - MemInfo: [malloc] Total space in use, mmap + non-mmap:         6246224 Byte
20220312 000459.234 INFO             PET1 PIOc_sync Exit - MemInfo: [malloc] Total space held (mmap + non-mmap):         27654464 Byte
20220312 000459.234 INFO             PET1 PIOc_sync Exit - MemInfo: [malloc] Total space used (mmap + non-mmap):          6254432 Byte
20220312 000459.234 INFO             PET1 PIOc_sync Exit - MemInfo: Wall-clock time since execution start:                10.4479 seconds
20220312 000459.234 INFO             PET1 PIOc_freedecomp Enter - MemInfo: [/proc/meminfo - SSI]	MemTotal:       65855856 kB
20220312 000459.234 INFO             PET1 PIOc_freedecomp Enter - MemInfo: [/proc/meminfo - SSI]	MemFree:        61119140 kB
20220312 000459.234 INFO             PET1 PIOc_freedecomp Enter - MemInfo: [/proc/meminfo - SSI]	MemAvailable:   60886028 kB
20220312 000459.234 INFO             PET1 PIOc_freedecomp Enter - MemInfo: [/proc/meminfo - SSI]	Committed_AS:    3017160 kB
20220312 000459.234 INFO             PET1 PIOc_freedecomp Enter - MemInfo: [/proc/meminfo - SSI]	CommittedPercent: 4.58146 %
20220312 000459.234 INFO             PET1 PIOc_freedecomp Enter - MemInfo: [/proc/self/status]	VmPeak:	  139552 kB
20220312 000459.234 INFO             PET1 PIOc_freedecomp Enter - MemInfo: [/proc/self/status]	VmSize:	  139528 kB
20220312 000459.234 INFO             PET1 PIOc_freedecomp Enter - MemInfo: [/proc/self/status]	VmLck:	       0 kB
20220312 000459.234 INFO             PET1 PIOc_freedecomp Enter - MemInfo: [/proc/self/status]	VmPin:	       0 kB
20220312 000459.234 INFO             PET1 PIOc_freedecomp Enter - MemInfo: [/proc/self/status]	VmHWM:	   23992 kB
20220312 000459.234 INFO             PET1 PIOc_freedecomp Enter - MemInfo: [/proc/self/status]	VmRSS:	   23984 kB
20220312 000459.234 INFO             PET1 PIOc_freedecomp Enter - MemInfo: [/proc/self/status]	VmData:	   31244 kB
20220312 000459.234 INFO             PET1 PIOc_freedecomp Enter - MemInfo: [/proc/self/status]	VmStk:	     164 kB
20220312 000459.234 INFO             PET1 PIOc_freedecomp Enter - MemInfo: [/proc/self/status]	VmExe:	   27440 kB
20220312 000459.234 INFO             PET1 PIOc_freedecomp Enter - MemInfo: [/proc/self/status]	VmLib:	    1952 kB
20220312 000459.234 INFO             PET1 PIOc_freedecomp Enter - MemInfo: [/proc/self/status]	VmPTE:	     216 kB
20220312 000459.234 INFO             PET1 PIOc_freedecomp Enter - MemInfo: [/proc/self/status]	VmPMD:	      12 kB
20220312 000459.234 INFO             PET1 PIOc_freedecomp Enter - MemInfo: [/proc/self/status]	VmSwap:	       0 kB
20220312 000459.234 INFO             PET1 PIOc_freedecomp Enter - MemInfo: [/proc/self/status]	VmRSSPercent: 0.0364189 %
20220312 000459.234 INFO             PET1 PIOc_freedecomp Enter - MemInfo: [malloc] Non-mmapped space allocated:                23177536 Byte
20220312 000459.234 INFO             PET1 PIOc_freedecomp Enter - MemInfo: [malloc] Space allocated in mmapped regions:          4476928 Byte
20220312 000459.234 INFO             PET1 PIOc_freedecomp Enter - MemInfo: [malloc] Maximum total allocated space:                     0 Byte
20220312 000459.234 INFO             PET1 PIOc_freedecomp Enter - MemInfo: [malloc] Space in freed fastbin blocks:                     0 Byte
20220312 000459.234 INFO             PET1 PIOc_freedecomp Enter - MemInfo: [malloc] Total allocated space:                       1768320 Byte
20220312 000459.234 INFO             PET1 PIOc_freedecomp Enter - MemInfo: [malloc] Total free space:                           21409216 Byte
20220312 000459.234 INFO             PET1 PIOc_freedecomp Enter - MemInfo: [malloc] Top-most, releasable space:                 15874384 Byte
20220312 000459.234 INFO             PET1 PIOc_freedecomp Enter - MemInfo: [malloc] Total space in use, mmap + non-mmap:         6245248 Byte
20220312 000459.235 INFO             PET1 PIOc_freedecomp Enter - MemInfo: [malloc] Total space held (mmap + non-mmap):         27654464 Byte
20220312 000459.235 INFO             PET1 PIOc_freedecomp Enter - MemInfo: [malloc] Total space used (mmap + non-mmap):          6253456 Byte
20220312 000459.235 INFO             PET1 PIOc_freedecomp Enter - MemInfo: Wall-clock time since execution start:                10.4486 seconds
20220312 000459.235 INFO             PET1 PIOc_freedecomp Exit - MemInfo: [/proc/meminfo - SSI]	MemTotal:       65855856 kB
20220312 000459.235 INFO             PET1 PIOc_freedecomp Exit - MemInfo: [/proc/meminfo - SSI]	MemFree:        61119140 kB
20220312 000459.235 INFO             PET1 PIOc_freedecomp Exit - MemInfo: [/proc/meminfo - SSI]	MemAvailable:   60886028 kB
20220312 000459.235 INFO             PET1 PIOc_freedecomp Exit - MemInfo: [/proc/meminfo - SSI]	Committed_AS:    3017160 kB
20220312 000459.235 INFO             PET1 PIOc_freedecomp Exit - MemInfo: [/proc/meminfo - SSI]	CommittedPercent: 4.58146 %
20220312 000459.235 INFO             PET1 PIOc_freedecomp Exit - MemInfo: [/proc/self/status]	VmPeak:	  139552 kB
20220312 000459.235 INFO             PET1 PIOc_freedecomp Exit - MemInfo: [/proc/self/status]	VmSize:	  139528 kB
20220312 000459.235 INFO             PET1 PIOc_freedecomp Exit - MemInfo: [/proc/self/status]	VmLck:	       0 kB
20220312 000459.235 INFO             PET1 PIOc_freedecomp Exit - MemInfo: [/proc/self/status]	VmPin:	       0 kB
20220312 000459.235 INFO             PET1 PIOc_freedecomp Exit - MemInfo: [/proc/self/status]	VmHWM:	   23992 kB
20220312 000459.235 INFO             PET1 PIOc_freedecomp Exit - MemInfo: [/proc/self/status]	VmRSS:	   23984 kB
20220312 000459.235 INFO             PET1 PIOc_freedecomp Exit - MemInfo: [/proc/self/status]	VmData:	   31244 kB
20220312 000459.235 INFO             PET1 PIOc_freedecomp Exit - MemInfo: [/proc/self/status]	VmStk:	     164 kB
20220312 000459.235 INFO             PET1 PIOc_freedecomp Exit - MemInfo: [/proc/self/status]	VmExe:	   27440 kB
20220312 000459.235 INFO             PET1 PIOc_freedecomp Exit - MemInfo: [/proc/self/status]	VmLib:	    1952 kB
20220312 000459.235 INFO             PET1 PIOc_freedecomp Exit - MemInfo: [/proc/self/status]	VmPTE:	     216 kB
20220312 000459.235 INFO             PET1 PIOc_freedecomp Exit - MemInfo: [/proc/self/status]	VmPMD:	      12 kB
20220312 000459.235 INFO             PET1 PIOc_freedecomp Exit - MemInfo: [/proc/self/status]	VmSwap:	       0 kB
20220312 000459.235 INFO             PET1 PIOc_freedecomp Exit - MemInfo: [/proc/self/status]	VmRSSPercent: 0.0364189 %
20220312 000459.235 INFO             PET1 PIOc_freedecomp Exit - MemInfo: [malloc] Non-mmapped space allocated:                23177536 Byte
20220312 000459.235 INFO             PET1 PIOc_freedecomp Exit - MemInfo: [malloc] Space allocated in mmapped regions:          4476928 Byte
20220312 000459.235 INFO             PET1 PIOc_freedecomp Exit - MemInfo: [malloc] Maximum total allocated space:                     0 Byte
20220312 000459.235 INFO             PET1 PIOc_freedecomp Exit - MemInfo: [malloc] Space in freed fastbin blocks:                   528 Byte
20220312 000459.235 INFO             PET1 PIOc_freedecomp Exit - MemInfo: [malloc] Total allocated space:                       1767264 Byte
20220312 000459.235 INFO             PET1 PIOc_freedecomp Exit - MemInfo: [malloc] Total free space:                           21410272 Byte
20220312 000459.235 INFO             PET1 PIOc_freedecomp Exit - MemInfo: [malloc] Top-most, releasable space:                 15874384 Byte
20220312 000459.235 INFO             PET1 PIOc_freedecomp Exit - MemInfo: [malloc] Total space in use, mmap + non-mmap:         6244192 Byte
20220312 000459.235 INFO             PET1 PIOc_freedecomp Exit - MemInfo: [malloc] Total space held (mmap + non-mmap):         27654464 Byte
20220312 000459.235 INFO             PET1 PIOc_freedecomp Exit - MemInfo: [malloc] Total space used (mmap + non-mmap):          6252400 Byte
20220312 000459.235 INFO             PET1 PIOc_freedecomp Exit - MemInfo: Wall-clock time since execution start:                10.4489 seconds
20220312 000459.236 INFO             PET1 PIOc_sync Enter - MemInfo: [/proc/meminfo - SSI]	MemTotal:       65855856 kB
20220312 000459.236 INFO             PET1 PIOc_sync Enter - MemInfo: [/proc/meminfo - SSI]	MemFree:        61119140 kB
20220312 000459.236 INFO             PET1 PIOc_sync Enter - MemInfo: [/proc/meminfo - SSI]	MemAvailable:   60886028 kB
20220312 000459.236 INFO             PET1 PIOc_sync Enter - MemInfo: [/proc/meminfo - SSI]	Committed_AS:    3017160 kB
20220312 000459.236 INFO             PET1 PIOc_sync Enter - MemInfo: [/proc/meminfo - SSI]	CommittedPercent: 4.58146 %
20220312 000459.236 INFO             PET1 PIOc_sync Enter - MemInfo: [/proc/self/status]	VmPeak:	  139552 kB
20220312 000459.236 INFO             PET1 PIOc_sync Enter - MemInfo: [/proc/self/status]	VmSize:	  139528 kB
20220312 000459.236 INFO             PET1 PIOc_sync Enter - MemInfo: [/proc/self/status]	VmLck:	       0 kB
20220312 000459.236 INFO             PET1 PIOc_sync Enter - MemInfo: [/proc/self/status]	VmPin:	       0 kB
20220312 000459.236 INFO             PET1 PIOc_sync Enter - MemInfo: [/proc/self/status]	VmHWM:	   23992 kB
20220312 000459.236 INFO             PET1 PIOc_sync Enter - MemInfo: [/proc/self/status]	VmRSS:	   23984 kB
20220312 000459.236 INFO             PET1 PIOc_sync Enter - MemInfo: [/proc/self/status]	VmData:	   31244 kB
20220312 000459.236 INFO             PET1 PIOc_sync Enter - MemInfo: [/proc/self/status]	VmStk:	     164 kB
20220312 000459.236 INFO             PET1 PIOc_sync Enter - MemInfo: [/proc/self/status]	VmExe:	   27440 kB
20220312 000459.236 INFO             PET1 PIOc_sync Enter - MemInfo: [/proc/self/status]	VmLib:	    1952 kB
20220312 000459.236 INFO             PET1 PIOc_sync Enter - MemInfo: [/proc/self/status]	VmPTE:	     216 kB
20220312 000459.236 INFO             PET1 PIOc_sync Enter - MemInfo: [/proc/self/status]	VmPMD:	      12 kB
20220312 000459.236 INFO             PET1 PIOc_sync Enter - MemInfo: [/proc/self/status]	VmSwap:	       0 kB
20220312 000459.236 INFO             PET1 PIOc_sync Enter - MemInfo: [/proc/self/status]	VmRSSPercent: 0.0364189 %
20220312 000459.236 INFO             PET1 PIOc_sync Enter - MemInfo: [malloc] Non-mmapped space allocated:                23177536 Byte
20220312 000459.236 INFO             PET1 PIOc_sync Enter - MemInfo: [malloc] Space allocated in mmapped regions:          4476928 Byte
20220312 000459.236 INFO             PET1 PIOc_sync Enter - MemInfo: [malloc] Maximum total allocated space:                     0 Byte
20220312 000459.236 INFO             PET1 PIOc_sync Enter - MemInfo: [malloc] Space in freed fastbin blocks:                    48 Byte
20220312 000459.236 INFO             PET1 PIOc_sync Enter - MemInfo: [malloc] Total allocated space:                       1770720 Byte
20220312 000459.236 INFO             PET1 PIOc_sync Enter - MemInfo: [malloc] Total free space:                           21406816 Byte
20220312 000459.236 INFO             PET1 PIOc_sync Enter - MemInfo: [malloc] Top-most, releasable space:                 15874384 Byte
20220312 000459.236 INFO             PET1 PIOc_sync Enter - MemInfo: [malloc] Total space in use, mmap + non-mmap:         6247648 Byte
20220312 000459.236 INFO             PET1 PIOc_sync Enter - MemInfo: [malloc] Total space held (mmap + non-mmap):         27654464 Byte
20220312 000459.236 INFO             PET1 PIOc_sync Enter - MemInfo: [malloc] Total space used (mmap + non-mmap):          6255856 Byte
