build time -- 2022-03-12 23:28:06
20220313 001036.456 INFO             PET0 !!!!!!!!!!!!!!!!!!!!!!!!!!!!!!!!!!!!!!!!!!!!!!!!!!!!!!
20220313 001036.456 INFO             PET0 !!! THE ESMF_LOG IS SET TO OUTPUT ALL LOG MESSAGES !!!
20220313 001036.456 INFO             PET0 !!!     THIS MAY CAUSE SLOWDOWN IN PERFORMANCE     !!!
20220313 001036.456 INFO             PET0 !!! FOR PRODUCTION RUNS, USE:                      !!!
20220313 001036.456 INFO             PET0 !!!                   ESMF_LOGKIND_Multi_On_Error  !!!
20220313 001036.456 INFO             PET0 !!!!!!!!!!!!!!!!!!!!!!!!!!!!!!!!!!!!!!!!!!!!!!!!!!!!!!
20220313 001036.456 INFO             PET0 Running with ESMF Version   : v8.3.0b09-96-g559b459836
20220313 001036.458 INFO             PET0 ESMF library build date/time: "Mar 12 2022" "23:26:31"
20220313 001036.458 INFO             PET0 ESMF library build location : /lustre/f2/dev/ncep/Mark.Potts/gfortran_8.3.0_mpi_O_jedwards_pio_update2
20220313 001036.458 INFO             PET0 ESMF_COMM                   : mpi
20220313 001036.458 INFO             PET0 ESMF_MOAB                   : enabled
20220313 001036.458 INFO             PET0 ESMF_LAPACK                 : enabled
20220313 001036.458 INFO             PET0 ESMF_NETCDF                 : enabled
20220313 001036.458 INFO             PET0 ESMF_PNETCDF                : disabled
20220313 001036.458 INFO             PET0 ESMF_PIO                    : enabled
20220313 001036.458 INFO             PET0 ESMF_YAMLCPP                : enabled
20220313 001036.470 INFO             PET0  Beginning Test, file ESMF_FieldSMMFromFileUTest.F90, line 287
20220313 001036.470 INFO             PET0  NUMBER_OF_PROCESSORS           4
20220313 001036.825 INFO             PET0  PASS  ESMF_FieldSMMFromFile Unit Test, ESMF_FieldSMMFromFileUTest.F90, line 300
20220313 001036.907 INFO             PET0 PIOc_sync Enter - MemInfo: [/proc/meminfo - SSI]	MemTotal:       65855856 kB
20220313 001036.907 INFO             PET0 PIOc_sync Enter - MemInfo: [/proc/meminfo - SSI]	MemFree:        61189368 kB
20220313 001036.907 INFO             PET0 PIOc_sync Enter - MemInfo: [/proc/meminfo - SSI]	MemAvailable:   60956496 kB
20220313 001036.907 INFO             PET0 PIOc_sync Enter - MemInfo: [/proc/meminfo - SSI]	Committed_AS:    2967984 kB
20220313 001036.907 INFO             PET0 PIOc_sync Enter - MemInfo: [/proc/meminfo - SSI]	CommittedPercent: 4.50679 %
20220313 001036.907 INFO             PET0 PIOc_sync Enter - MemInfo: [/proc/self/status]	VmPeak:	  159872 kB
20220313 001036.907 INFO             PET0 PIOc_sync Enter - MemInfo: [/proc/self/status]	VmSize:	  159848 kB
20220313 001036.907 INFO             PET0 PIOc_sync Enter - MemInfo: [/proc/self/status]	VmLck:	       0 kB
20220313 001036.907 INFO             PET0 PIOc_sync Enter - MemInfo: [/proc/self/status]	VmPin:	       0 kB
20220313 001036.907 INFO             PET0 PIOc_sync Enter - MemInfo: [/proc/self/status]	VmHWM:	   43132 kB
20220313 001036.907 INFO             PET0 PIOc_sync Enter - MemInfo: [/proc/self/status]	VmRSS:	   43132 kB
20220313 001036.907 INFO             PET0 PIOc_sync Enter - MemInfo: [/proc/self/status]	VmData:	   57700 kB
20220313 001036.907 INFO             PET0 PIOc_sync Enter - MemInfo: [/proc/self/status]	VmStk:	     164 kB
20220313 001036.907 INFO             PET0 PIOc_sync Enter - MemInfo: [/proc/self/status]	VmExe:	   27448 kB
20220313 001036.907 INFO             PET0 PIOc_sync Enter - MemInfo: [/proc/self/status]	VmLib:	    1952 kB
20220313 001036.907 INFO             PET0 PIOc_sync Enter - MemInfo: [/proc/self/status]	VmPTE:	     244 kB
20220313 001036.907 INFO             PET0 PIOc_sync Enter - MemInfo: [/proc/self/status]	VmPMD:	      12 kB
20220313 001036.907 INFO             PET0 PIOc_sync Enter - MemInfo: [/proc/self/status]	VmSwap:	       0 kB
20220313 001036.907 INFO             PET0 PIOc_sync Enter - MemInfo: [/proc/self/status]	VmRSSPercent: 0.0654946 %
20220313 001036.908 INFO             PET0 PIOc_sync Enter - MemInfo: [malloc] Non-mmapped space allocated:                51857728 Byte
20220313 001036.908 INFO             PET0 PIOc_sync Enter - MemInfo: [malloc] Space allocated in mmapped regions:          2887680 Byte
20220313 001036.908 INFO             PET0 PIOc_sync Enter - MemInfo: [malloc] Maximum total allocated space:                     0 Byte
20220313 001036.908 INFO             PET0 PIOc_sync Enter - MemInfo: [malloc] Space in freed fastbin blocks:                     0 Byte
20220313 001036.908 INFO             PET0 PIOc_sync Enter - MemInfo: [malloc] Total allocated space:                      36868240 Byte
20220313 001036.908 INFO             PET0 PIOc_sync Enter - MemInfo: [malloc] Total free space:                           14989488 Byte
20220313 001036.908 INFO             PET0 PIOc_sync Enter - MemInfo: [malloc] Top-most, releasable space:                  8520480 Byte
20220313 001036.908 INFO             PET0 PIOc_sync Enter - MemInfo: [malloc] Total space in use, mmap + non-mmap:        39755920 Byte
20220313 001036.908 INFO             PET0 PIOc_sync Enter - MemInfo: [malloc] Total space held (mmap + non-mmap):         54745408 Byte
20220313 001036.908 INFO             PET0 PIOc_sync Enter - MemInfo: [malloc] Total space used (mmap + non-mmap):         39765312 Byte
20220313 001036.909 INFO             PET0 PIOc_sync Enter - MemInfo: Wall-clock time since execution start:               0.490212 seconds
20220313 001036.909 INFO             PET0 PIOc_sync Exit - MemInfo: [/proc/meminfo - SSI]	MemTotal:       65855856 kB
20220313 001036.909 INFO             PET0 PIOc_sync Exit - MemInfo: [/proc/meminfo - SSI]	MemFree:        61189368 kB
20220313 001036.909 INFO             PET0 PIOc_sync Exit - MemInfo: [/proc/meminfo - SSI]	MemAvailable:   60956496 kB
20220313 001036.909 INFO             PET0 PIOc_sync Exit - MemInfo: [/proc/meminfo - SSI]	Committed_AS:    2967984 kB
20220313 001036.909 INFO             PET0 PIOc_sync Exit - MemInfo: [/proc/meminfo - SSI]	CommittedPercent: 4.50679 %
20220313 001036.909 INFO             PET0 PIOc_sync Exit - MemInfo: [/proc/self/status]	VmPeak:	  159872 kB
20220313 001036.909 INFO             PET0 PIOc_sync Exit - MemInfo: [/proc/self/status]	VmSize:	  159848 kB
20220313 001036.909 INFO             PET0 PIOc_sync Exit - MemInfo: [/proc/self/status]	VmLck:	       0 kB
20220313 001036.909 INFO             PET0 PIOc_sync Exit - MemInfo: [/proc/self/status]	VmPin:	       0 kB
20220313 001036.909 INFO             PET0 PIOc_sync Exit - MemInfo: [/proc/self/status]	VmHWM:	   43132 kB
20220313 001036.909 INFO             PET0 PIOc_sync Exit - MemInfo: [/proc/self/status]	VmRSS:	   43132 kB
20220313 001036.909 INFO             PET0 PIOc_sync Exit - MemInfo: [/proc/self/status]	VmData:	   57700 kB
20220313 001036.909 INFO             PET0 PIOc_sync Exit - MemInfo: [/proc/self/status]	VmStk:	     164 kB
20220313 001036.909 INFO             PET0 PIOc_sync Exit - MemInfo: [/proc/self/status]	VmExe:	   27448 kB
20220313 001036.909 INFO             PET0 PIOc_sync Exit - MemInfo: [/proc/self/status]	VmLib:	    1952 kB
20220313 001036.909 INFO             PET0 PIOc_sync Exit - MemInfo: [/proc/self/status]	VmPTE:	     244 kB
20220313 001036.909 INFO             PET0 PIOc_sync Exit - MemInfo: [/proc/self/status]	VmPMD:	      12 kB
20220313 001036.909 INFO             PET0 PIOc_sync Exit - MemInfo: [/proc/self/status]	VmSwap:	       0 kB
20220313 001036.909 INFO             PET0 PIOc_sync Exit - MemInfo: [/proc/self/status]	VmRSSPercent: 0.0654946 %
20220313 001036.909 INFO             PET0 PIOc_sync Exit - MemInfo: [malloc] Non-mmapped space allocated:                51857728 Byte
20220313 001036.909 INFO             PET0 PIOc_sync Exit - MemInfo: [malloc] Space allocated in mmapped regions:          2887680 Byte
20220313 001036.909 INFO             PET0 PIOc_sync Exit - MemInfo: [malloc] Maximum total allocated space:                     0 Byte
20220313 001036.909 INFO             PET0 PIOc_sync Exit - MemInfo: [malloc] Space in freed fastbin blocks:                     0 Byte
20220313 001036.909 INFO             PET0 PIOc_sync Exit - MemInfo: [malloc] Total allocated space:                      37264240 Byte
20220313 001036.909 INFO             PET0 PIOc_sync Exit - MemInfo: [malloc] Total free space:                           14593488 Byte
20220313 001036.909 INFO             PET0 PIOc_sync Exit - MemInfo: [malloc] Top-most, releasable space:                  8520480 Byte
20220313 001036.909 INFO             PET0 PIOc_sync Exit - MemInfo: [malloc] Total space in use, mmap + non-mmap:        40151920 Byte
20220313 001036.909 INFO             PET0 PIOc_sync Exit - MemInfo: [malloc] Total space held (mmap + non-mmap):         54745408 Byte
20220313 001036.909 INFO             PET0 PIOc_sync Exit - MemInfo: [malloc] Total space used (mmap + non-mmap):         40160720 Byte
20220313 001036.909 INFO             PET0 PIOc_sync Exit - MemInfo: Wall-clock time since execution start:               0.491407 seconds
20220313 001036.909 INFO             PET0 PIOc_freedecomp Enter - MemInfo: [/proc/meminfo - SSI]	MemTotal:       65855856 kB
20220313 001036.910 INFO             PET0 PIOc_freedecomp Enter - MemInfo: [/proc/meminfo - SSI]	MemFree:        61189368 kB
20220313 001036.910 INFO             PET0 PIOc_freedecomp Enter - MemInfo: [/proc/meminfo - SSI]	MemAvailable:   60956496 kB
20220313 001036.910 INFO             PET0 PIOc_freedecomp Enter - MemInfo: [/proc/meminfo - SSI]	Committed_AS:    2967984 kB
20220313 001036.910 INFO             PET0 PIOc_freedecomp Enter - MemInfo: [/proc/meminfo - SSI]	CommittedPercent: 4.50679 %
20220313 001036.910 INFO             PET0 PIOc_freedecomp Enter - MemInfo: [/proc/self/status]	VmPeak:	  159872 kB
20220313 001036.910 INFO             PET0 PIOc_freedecomp Enter - MemInfo: [/proc/self/status]	VmSize:	  159848 kB
20220313 001036.910 INFO             PET0 PIOc_freedecomp Enter - MemInfo: [/proc/self/status]	VmLck:	       0 kB
20220313 001036.910 INFO             PET0 PIOc_freedecomp Enter - MemInfo: [/proc/self/status]	VmPin:	       0 kB
20220313 001036.910 INFO             PET0 PIOc_freedecomp Enter - MemInfo: [/proc/self/status]	VmHWM:	   43132 kB
20220313 001036.910 INFO             PET0 PIOc_freedecomp Enter - MemInfo: [/proc/self/status]	VmRSS:	   43132 kB
20220313 001036.910 INFO             PET0 PIOc_freedecomp Enter - MemInfo: [/proc/self/status]	VmData:	   57700 kB
20220313 001036.910 INFO             PET0 PIOc_freedecomp Enter - MemInfo: [/proc/self/status]	VmStk:	     164 kB
20220313 001036.910 INFO             PET0 PIOc_freedecomp Enter - MemInfo: [/proc/self/status]	VmExe:	   27448 kB
20220313 001036.910 INFO             PET0 PIOc_freedecomp Enter - MemInfo: [/proc/self/status]	VmLib:	    1952 kB
20220313 001036.910 INFO             PET0 PIOc_freedecomp Enter - MemInfo: [/proc/self/status]	VmPTE:	     244 kB
20220313 001036.910 INFO             PET0 PIOc_freedecomp Enter - MemInfo: [/proc/self/status]	VmPMD:	      12 kB
20220313 001036.910 INFO             PET0 PIOc_freedecomp Enter - MemInfo: [/proc/self/status]	VmSwap:	       0 kB
20220313 001036.910 INFO             PET0 PIOc_freedecomp Enter - MemInfo: [/proc/self/status]	VmRSSPercent: 0.0654946 %
20220313 001036.910 INFO             PET0 PIOc_freedecomp Enter - MemInfo: [malloc] Non-mmapped space allocated:                51857728 Byte
20220313 001036.910 INFO             PET0 PIOc_freedecomp Enter - MemInfo: [malloc] Space allocated in mmapped regions:          2887680 Byte
20220313 001036.910 INFO             PET0 PIOc_freedecomp Enter - MemInfo: [malloc] Maximum total allocated space:                     0 Byte
20220313 001036.910 INFO             PET0 PIOc_freedecomp Enter - MemInfo: [malloc] Space in freed fastbin blocks:                   288 Byte
20220313 001036.910 INFO             PET0 PIOc_freedecomp Enter - MemInfo: [malloc] Total allocated space:                      28865376 Byte
20220313 001036.910 INFO             PET0 PIOc_freedecomp Enter - MemInfo: [malloc] Total free space:                           22992352 Byte
20220313 001036.910 INFO             PET0 PIOc_freedecomp Enter - MemInfo: [malloc] Top-most, releasable space:                  8520480 Byte
20220313 001036.910 INFO             PET0 PIOc_freedecomp Enter - MemInfo: [malloc] Total space in use, mmap + non-mmap:        31753056 Byte
20220313 001036.910 INFO             PET0 PIOc_freedecomp Enter - MemInfo: [malloc] Total space held (mmap + non-mmap):         54745408 Byte
20220313 001036.910 INFO             PET0 PIOc_freedecomp Enter - MemInfo: [malloc] Total space used (mmap + non-mmap):         31761600 Byte
20220313 001036.910 INFO             PET0 PIOc_freedecomp Enter - MemInfo: Wall-clock time since execution start:                  0.492 seconds
20220313 001036.910 INFO             PET0 PIOc_freedecomp Exit - MemInfo: [/proc/meminfo - SSI]	MemTotal:       65855856 kB
20220313 001036.910 INFO             PET0 PIOc_freedecomp Exit - MemInfo: [/proc/meminfo - SSI]	MemFree:        61189368 kB
20220313 001036.910 INFO             PET0 PIOc_freedecomp Exit - MemInfo: [/proc/meminfo - SSI]	MemAvailable:   60956496 kB
20220313 001036.910 INFO             PET0 PIOc_freedecomp Exit - MemInfo: [/proc/meminfo - SSI]	Committed_AS:    2967984 kB
20220313 001036.910 INFO             PET0 PIOc_freedecomp Exit - MemInfo: [/proc/meminfo - SSI]	CommittedPercent: 4.50679 %
20220313 001036.910 INFO             PET0 PIOc_freedecomp Exit - MemInfo: [/proc/self/status]	VmPeak:	  159872 kB
20220313 001036.910 INFO             PET0 PIOc_freedecomp Exit - MemInfo: [/proc/self/status]	VmSize:	  159848 kB
20220313 001036.910 INFO             PET0 PIOc_freedecomp Exit - MemInfo: [/proc/self/status]	VmLck:	       0 kB
20220313 001036.910 INFO             PET0 PIOc_freedecomp Exit - MemInfo: [/proc/self/status]	VmPin:	       0 kB
20220313 001036.910 INFO             PET0 PIOc_freedecomp Exit - MemInfo: [/proc/self/status]	VmHWM:	   43132 kB
20220313 001036.910 INFO             PET0 PIOc_freedecomp Exit - MemInfo: [/proc/self/status]	VmRSS:	   43132 kB
20220313 001036.910 INFO             PET0 PIOc_freedecomp Exit - MemInfo: [/proc/self/status]	VmData:	   57700 kB
20220313 001036.910 INFO             PET0 PIOc_freedecomp Exit - MemInfo: [/proc/self/status]	VmStk:	     164 kB
20220313 001036.910 INFO             PET0 PIOc_freedecomp Exit - MemInfo: [/proc/self/status]	VmExe:	   27448 kB
20220313 001036.910 INFO             PET0 PIOc_freedecomp Exit - MemInfo: [/proc/self/status]	VmLib:	    1952 kB
20220313 001036.910 INFO             PET0 PIOc_freedecomp Exit - MemInfo: [/proc/self/status]	VmPTE:	     244 kB
20220313 001036.910 INFO             PET0 PIOc_freedecomp Exit - MemInfo: [/proc/self/status]	VmPMD:	      12 kB
20220313 001036.910 INFO             PET0 PIOc_freedecomp Exit - MemInfo: [/proc/self/status]	VmSwap:	       0 kB
20220313 001036.910 INFO             PET0 PIOc_freedecomp Exit - MemInfo: [/proc/self/status]	VmRSSPercent: 0.0654946 %
20220313 001036.910 INFO             PET0 PIOc_freedecomp Exit - MemInfo: [malloc] Non-mmapped space allocated:                51857728 Byte
20220313 001036.910 INFO             PET0 PIOc_freedecomp Exit - MemInfo: [malloc] Space allocated in mmapped regions:          2887680 Byte
20220313 001036.910 INFO             PET0 PIOc_freedecomp Exit - MemInfo: [malloc] Maximum total allocated space:                     0 Byte
20220313 001036.910 INFO             PET0 PIOc_freedecomp Exit - MemInfo: [malloc] Space in freed fastbin blocks:                  1104 Byte
20220313 001036.910 INFO             PET0 PIOc_freedecomp Exit - MemInfo: [malloc] Total allocated space:                      28860880 Byte
20220313 001036.910 INFO             PET0 PIOc_freedecomp Exit - MemInfo: [malloc] Total free space:                           22996848 Byte
20220313 001036.910 INFO             PET0 PIOc_freedecomp Exit - MemInfo: [malloc] Top-most, releasable space:                  8520480 Byte
20220313 001036.910 INFO             PET0 PIOc_freedecomp Exit - MemInfo: [malloc] Total space in use, mmap + non-mmap:        31748560 Byte
20220313 001036.910 INFO             PET0 PIOc_freedecomp Exit - MemInfo: [malloc] Total space held (mmap + non-mmap):         54745408 Byte
20220313 001036.910 INFO             PET0 PIOc_freedecomp Exit - MemInfo: [malloc] Total space used (mmap + non-mmap):         31757328 Byte
20220313 001036.910 INFO             PET0 PIOc_freedecomp Exit - MemInfo: Wall-clock time since execution start:               0.492431 seconds
20220313 001036.912 INFO             PET0 PIOc_sync Enter - MemInfo: [/proc/meminfo - SSI]	MemTotal:       65855856 kB
20220313 001036.912 INFO             PET0 PIOc_sync Enter - MemInfo: [/proc/meminfo - SSI]	MemFree:        61189368 kB
20220313 001036.912 INFO             PET0 PIOc_sync Enter - MemInfo: [/proc/meminfo - SSI]	MemAvailable:   60956496 kB
20220313 001036.912 INFO             PET0 PIOc_sync Enter - MemInfo: [/proc/meminfo - SSI]	Committed_AS:    2967984 kB
20220313 001036.912 INFO             PET0 PIOc_sync Enter - MemInfo: [/proc/meminfo - SSI]	CommittedPercent: 4.50679 %
20220313 001036.912 INFO             PET0 PIOc_sync Enter - MemInfo: [/proc/self/status]	VmPeak:	  159872 kB
20220313 001036.912 INFO             PET0 PIOc_sync Enter - MemInfo: [/proc/self/status]	VmSize:	  159848 kB
20220313 001036.912 INFO             PET0 PIOc_sync Enter - MemInfo: [/proc/self/status]	VmLck:	       0 kB
20220313 001036.912 INFO             PET0 PIOc_sync Enter - MemInfo: [/proc/self/status]	VmPin:	       0 kB
20220313 001036.912 INFO             PET0 PIOc_sync Enter - MemInfo: [/proc/self/status]	VmHWM:	   43132 kB
20220313 001036.912 INFO             PET0 PIOc_sync Enter - MemInfo: [/proc/self/status]	VmRSS:	   43132 kB
20220313 001036.912 INFO             PET0 PIOc_sync Enter - MemInfo: [/proc/self/status]	VmData:	   57700 kB
20220313 001036.912 INFO             PET0 PIOc_sync Enter - MemInfo: [/proc/self/status]	VmStk:	     164 kB
20220313 001036.912 INFO             PET0 PIOc_sync Enter - MemInfo: [/proc/self/status]	VmExe:	   27448 kB
20220313 001036.912 INFO             PET0 PIOc_sync Enter - MemInfo: [/proc/self/status]	VmLib:	    1952 kB
20220313 001036.912 INFO             PET0 PIOc_sync Enter - MemInfo: [/proc/self/status]	VmPTE:	     244 kB
20220313 001036.912 INFO             PET0 PIOc_sync Enter - MemInfo: [/proc/self/status]	VmPMD:	      12 kB
20220313 001036.912 INFO             PET0 PIOc_sync Enter - MemInfo: [/proc/self/status]	VmSwap:	       0 kB
20220313 001036.912 INFO             PET0 PIOc_sync Enter - MemInfo: [/proc/self/status]	VmRSSPercent: 0.0654946 %
20220313 001036.912 INFO             PET0 PIOc_sync Enter - MemInfo: [malloc] Non-mmapped space allocated:                51857728 Byte
20220313 001036.912 INFO             PET0 PIOc_sync Enter - MemInfo: [malloc] Space allocated in mmapped regions:          2887680 Byte
20220313 001036.912 INFO             PET0 PIOc_sync Enter - MemInfo: [malloc] Maximum total allocated space:                     0 Byte
20220313 001036.912 INFO             PET0 PIOc_sync Enter - MemInfo: [malloc] Space in freed fastbin blocks:                   160 Byte
20220313 001036.912 INFO             PET0 PIOc_sync Enter - MemInfo: [malloc] Total allocated space:                      37267520 Byte
20220313 001036.912 INFO             PET0 PIOc_sync Enter - MemInfo: [malloc] Total free space:                           14590208 Byte
20220313 001036.912 INFO             PET0 PIOc_sync Enter - MemInfo: [malloc] Top-most, releasable space:                  8520480 Byte
20220313 001036.912 INFO             PET0 PIOc_sync Enter - MemInfo: [malloc] Total space in use, mmap + non-mmap:        40155200 Byte
20220313 001036.912 INFO             PET0 PIOc_sync Enter - MemInfo: [malloc] Total space held (mmap + non-mmap):         54745408 Byte
20220313 001036.912 INFO             PET0 PIOc_sync Enter - MemInfo: [malloc] Total space used (mmap + non-mmap):         40163856 Byte
20220313 001036.912 INFO             PET0 PIOc_sync Enter - MemInfo: Wall-clock time since execution start:               0.494141 seconds
20220313 001036.912 INFO             PET0 PIOc_sync Exit - MemInfo: [/proc/meminfo - SSI]	MemTotal:       65855856 kB
20220313 001036.912 INFO             PET0 PIOc_sync Exit - MemInfo: [/proc/meminfo - SSI]	MemFree:        61188864 kB
20220313 001036.912 INFO             PET0 PIOc_sync Exit - MemInfo: [/proc/meminfo - SSI]	MemAvailable:   60955992 kB
20220313 001036.912 INFO             PET0 PIOc_sync Exit - MemInfo: [/proc/meminfo - SSI]	Committed_AS:    2967984 kB
20220313 001036.912 INFO             PET0 PIOc_sync Exit - MemInfo: [/proc/meminfo - SSI]	CommittedPercent: 4.50679 %
20220313 001036.912 INFO             PET0 PIOc_sync Exit - MemInfo: [/proc/self/status]	VmPeak:	  159872 kB
20220313 001036.912 INFO             PET0 PIOc_sync Exit - MemInfo: [/proc/self/status]	VmSize:	  159848 kB
20220313 001036.912 INFO             PET0 PIOc_sync Exit - MemInfo: [/proc/self/status]	VmLck:	       0 kB
20220313 001036.912 INFO             PET0 PIOc_sync Exit - MemInfo: [/proc/self/status]	VmPin:	       0 kB
20220313 001036.912 INFO             PET0 PIOc_sync Exit - MemInfo: [/proc/self/status]	VmHWM:	   43132 kB
20220313 001036.912 INFO             PET0 PIOc_sync Exit - MemInfo: [/proc/self/status]	VmRSS:	   43132 kB
20220313 001036.912 INFO             PET0 PIOc_sync Exit - MemInfo: [/proc/self/status]	VmData:	   57700 kB
20220313 001036.912 INFO             PET0 PIOc_sync Exit - MemInfo: [/proc/self/status]	VmStk:	     164 kB
20220313 001036.912 INFO             PET0 PIOc_sync Exit - MemInfo: [/proc/self/status]	VmExe:	   27448 kB
20220313 001036.912 INFO             PET0 PIOc_sync Exit - MemInfo: [/proc/self/status]	VmLib:	    1952 kB
20220313 001036.912 INFO             PET0 PIOc_sync Exit - MemInfo: [/proc/self/status]	VmPTE:	     244 kB
20220313 001036.912 INFO             PET0 PIOc_sync Exit - MemInfo: [/proc/self/status]	VmPMD:	      12 kB
20220313 001036.912 INFO             PET0 PIOc_sync Exit - MemInfo: [/proc/self/status]	VmSwap:	       0 kB
20220313 001036.912 INFO             PET0 PIOc_sync Exit - MemInfo: [/proc/self/status]	VmRSSPercent: 0.0654946 %
20220313 001036.913 INFO             PET0 PIOc_sync Exit - MemInfo: [malloc] Non-mmapped space allocated:                51857728 Byte
20220313 001036.913 INFO             PET0 PIOc_sync Exit - MemInfo: [malloc] Space allocated in mmapped regions:          2887680 Byte
20220313 001036.913 INFO             PET0 PIOc_sync Exit - MemInfo: [malloc] Maximum total allocated space:                     0 Byte
20220313 001036.913 INFO             PET0 PIOc_sync Exit - MemInfo: [malloc] Space in freed fastbin blocks:                     0 Byte
20220313 001036.913 INFO             PET0 PIOc_sync Exit - MemInfo: [malloc] Total allocated space:                      37269200 Byte
20220313 001036.913 INFO             PET0 PIOc_sync Exit - MemInfo: [malloc] Total free space:                           14588528 Byte
20220313 001036.913 INFO             PET0 PIOc_sync Exit - MemInfo: [malloc] Top-most, releasable space:                  8520480 Byte
20220313 001036.913 INFO             PET0 PIOc_sync Exit - MemInfo: [malloc] Total space in use, mmap + non-mmap:        40156880 Byte
20220313 001036.913 INFO             PET0 PIOc_sync Exit - MemInfo: [malloc] Total space held (mmap + non-mmap):         54745408 Byte
20220313 001036.913 INFO             PET0 PIOc_sync Exit - MemInfo: [malloc] Total space used (mmap + non-mmap):         40165200 Byte
20220313 001036.913 INFO             PET0 PIOc_sync Exit - MemInfo: Wall-clock time since execution start:               0.494697 seconds
20220313 001036.913 INFO             PET0 PIOc_freedecomp Enter - MemInfo: [/proc/meminfo - SSI]	MemTotal:       65855856 kB
20220313 001036.913 INFO             PET0 PIOc_freedecomp Enter - MemInfo: [/proc/meminfo - SSI]	MemFree:        61188864 kB
20220313 001036.913 INFO             PET0 PIOc_freedecomp Enter - MemInfo: [/proc/meminfo - SSI]	MemAvailable:   60955992 kB
20220313 001036.913 INFO             PET0 PIOc_freedecomp Enter - MemInfo: [/proc/meminfo - SSI]	Committed_AS:    2967984 kB
20220313 001036.913 INFO             PET0 PIOc_freedecomp Enter - MemInfo: [/proc/meminfo - SSI]	CommittedPercent: 4.50679 %
20220313 001036.913 INFO             PET0 PIOc_freedecomp Enter - MemInfo: [/proc/self/status]	VmPeak:	  159872 kB
20220313 001036.913 INFO             PET0 PIOc_freedecomp Enter - MemInfo: [/proc/self/status]	VmSize:	  159848 kB
20220313 001036.913 INFO             PET0 PIOc_freedecomp Enter - MemInfo: [/proc/self/status]	VmLck:	       0 kB
20220313 001036.913 INFO             PET0 PIOc_freedecomp Enter - MemInfo: [/proc/self/status]	VmPin:	       0 kB
20220313 001036.913 INFO             PET0 PIOc_freedecomp Enter - MemInfo: [/proc/self/status]	VmHWM:	   43132 kB
20220313 001036.913 INFO             PET0 PIOc_freedecomp Enter - MemInfo: [/proc/self/status]	VmRSS:	   43132 kB
20220313 001036.913 INFO             PET0 PIOc_freedecomp Enter - MemInfo: [/proc/self/status]	VmData:	   57700 kB
20220313 001036.913 INFO             PET0 PIOc_freedecomp Enter - MemInfo: [/proc/self/status]	VmStk:	     164 kB
20220313 001036.913 INFO             PET0 PIOc_freedecomp Enter - MemInfo: [/proc/self/status]	VmExe:	   27448 kB
20220313 001036.913 INFO             PET0 PIOc_freedecomp Enter - MemInfo: [/proc/self/status]	VmLib:	    1952 kB
20220313 001036.913 INFO             PET0 PIOc_freedecomp Enter - MemInfo: [/proc/self/status]	VmPTE:	     244 kB
20220313 001036.913 INFO             PET0 PIOc_freedecomp Enter - MemInfo: [/proc/self/status]	VmPMD:	      12 kB
20220313 001036.913 INFO             PET0 PIOc_freedecomp Enter - MemInfo: [/proc/self/status]	VmSwap:	       0 kB
20220313 001036.913 INFO             PET0 PIOc_freedecomp Enter - MemInfo: [/proc/self/status]	VmRSSPercent: 0.0654946 %
20220313 001036.913 INFO             PET0 PIOc_freedecomp Enter - MemInfo: [malloc] Non-mmapped space allocated:                51857728 Byte
20220313 001036.913 INFO             PET0 PIOc_freedecomp Enter - MemInfo: [malloc] Space allocated in mmapped regions:          2887680 Byte
20220313 001036.913 INFO             PET0 PIOc_freedecomp Enter - MemInfo: [malloc] Maximum total allocated space:                     0 Byte
20220313 001036.913 INFO             PET0 PIOc_freedecomp Enter - MemInfo: [malloc] Space in freed fastbin blocks:                   608 Byte
20220313 001036.913 INFO             PET0 PIOc_freedecomp Enter - MemInfo: [malloc] Total allocated space:                      28868240 Byte
20220313 001036.913 INFO             PET0 PIOc_freedecomp Enter - MemInfo: [malloc] Total free space:                           22989488 Byte
20220313 001036.913 INFO             PET0 PIOc_freedecomp Enter - MemInfo: [malloc] Top-most, releasable space:                  8520480 Byte
20220313 001036.913 INFO             PET0 PIOc_freedecomp Enter - MemInfo: [malloc] Total space in use, mmap + non-mmap:        31755920 Byte
20220313 001036.913 INFO             PET0 PIOc_freedecomp Enter - MemInfo: [malloc] Total space held (mmap + non-mmap):         54745408 Byte
20220313 001036.913 INFO             PET0 PIOc_freedecomp Enter - MemInfo: [malloc] Total space used (mmap + non-mmap):         31764128 Byte
20220313 001036.913 INFO             PET0 PIOc_freedecomp Enter - MemInfo: Wall-clock time since execution start:               0.495302 seconds
20220313 001036.913 INFO             PET0 PIOc_freedecomp Exit - MemInfo: [/proc/meminfo - SSI]	MemTotal:       65855856 kB
20220313 001036.913 INFO             PET0 PIOc_freedecomp Exit - MemInfo: [/proc/meminfo - SSI]	MemFree:        61188864 kB
20220313 001036.913 INFO             PET0 PIOc_freedecomp Exit - MemInfo: [/proc/meminfo - SSI]	MemAvailable:   60956244 kB
20220313 001036.913 INFO             PET0 PIOc_freedecomp Exit - MemInfo: [/proc/meminfo - SSI]	Committed_AS:    2967984 kB
20220313 001036.913 INFO             PET0 PIOc_freedecomp Exit - MemInfo: [/proc/meminfo - SSI]	CommittedPercent: 4.50679 %
20220313 001036.913 INFO             PET0 PIOc_freedecomp Exit - MemInfo: [/proc/self/status]	VmPeak:	  159872 kB
20220313 001036.913 INFO             PET0 PIOc_freedecomp Exit - MemInfo: [/proc/self/status]	VmSize:	  159848 kB
20220313 001036.913 INFO             PET0 PIOc_freedecomp Exit - MemInfo: [/proc/self/status]	VmLck:	       0 kB
20220313 001036.913 INFO             PET0 PIOc_freedecomp Exit - MemInfo: [/proc/self/status]	VmPin:	       0 kB
20220313 001036.913 INFO             PET0 PIOc_freedecomp Exit - MemInfo: [/proc/self/status]	VmHWM:	   43132 kB
20220313 001036.913 INFO             PET0 PIOc_freedecomp Exit - MemInfo: [/proc/self/status]	VmRSS:	   43132 kB
20220313 001036.913 INFO             PET0 PIOc_freedecomp Exit - MemInfo: [/proc/self/status]	VmData:	   57700 kB
20220313 001036.913 INFO             PET0 PIOc_freedecomp Exit - MemInfo: [/proc/self/status]	VmStk:	     164 kB
20220313 001036.913 INFO             PET0 PIOc_freedecomp Exit - MemInfo: [/proc/self/status]	VmExe:	   27448 kB
20220313 001036.913 INFO             PET0 PIOc_freedecomp Exit - MemInfo: [/proc/self/status]	VmLib:	    1952 kB
20220313 001036.913 INFO             PET0 PIOc_freedecomp Exit - MemInfo: [/proc/self/status]	VmPTE:	     244 kB
20220313 001036.913 INFO             PET0 PIOc_freedecomp Exit - MemInfo: [/proc/self/status]	VmPMD:	      12 kB
20220313 001036.913 INFO             PET0 PIOc_freedecomp Exit - MemInfo: [/proc/self/status]	VmSwap:	       0 kB
20220313 001036.914 INFO             PET0 PIOc_freedecomp Exit - MemInfo: [/proc/self/status]	VmRSSPercent: 0.0654946 %
20220313 001036.914 INFO             PET0 PIOc_freedecomp Exit - MemInfo: [malloc] Non-mmapped space allocated:                51857728 Byte
20220313 001036.914 INFO             PET0 PIOc_freedecomp Exit - MemInfo: [malloc] Space allocated in mmapped regions:          2887680 Byte
20220313 001036.914 INFO             PET0 PIOc_freedecomp Exit - MemInfo: [malloc] Maximum total allocated space:                     0 Byte
20220313 001036.914 INFO             PET0 PIOc_freedecomp Exit - MemInfo: [malloc] Space in freed fastbin blocks:                  1264 Byte
20220313 001036.914 INFO             PET0 PIOc_freedecomp Exit - MemInfo: [malloc] Total allocated space:                      28863024 Byte
20220313 001036.914 INFO             PET0 PIOc_freedecomp Exit - MemInfo: [malloc] Total free space:                           22994704 Byte
20220313 001036.914 INFO             PET0 PIOc_freedecomp Exit - MemInfo: [malloc] Top-most, releasable space:                  8520480 Byte
20220313 001036.914 INFO             PET0 PIOc_freedecomp Exit - MemInfo: [malloc] Total space in use, mmap + non-mmap:        31750704 Byte
20220313 001036.914 INFO             PET0 PIOc_freedecomp Exit - MemInfo: [malloc] Total space held (mmap + non-mmap):         54745408 Byte
20220313 001036.914 INFO             PET0 PIOc_freedecomp Exit - MemInfo: [malloc] Total space used (mmap + non-mmap):         31758912 Byte
20220313 001036.914 INFO             PET0 PIOc_freedecomp Exit - MemInfo: Wall-clock time since execution start:               0.495734 seconds
20220313 001036.915 INFO             PET0 PIOc_sync Enter - MemInfo: [/proc/meminfo - SSI]	MemTotal:       65855856 kB
20220313 001036.915 INFO             PET0 PIOc_sync Enter - MemInfo: [/proc/meminfo - SSI]	MemFree:        61188864 kB
20220313 001036.915 INFO             PET0 PIOc_sync Enter - MemInfo: [/proc/meminfo - SSI]	MemAvailable:   60956244 kB
20220313 001036.915 INFO             PET0 PIOc_sync Enter - MemInfo: [/proc/meminfo - SSI]	Committed_AS:    2967984 kB
20220313 001036.915 INFO             PET0 PIOc_sync Enter - MemInfo: [/proc/meminfo - SSI]	CommittedPercent: 4.50679 %
20220313 001036.915 INFO             PET0 PIOc_sync Enter - MemInfo: [/proc/self/status]	VmPeak:	  159872 kB
20220313 001036.915 INFO             PET0 PIOc_sync Enter - MemInfo: [/proc/self/status]	VmSize:	  159848 kB
20220313 001036.915 INFO             PET0 PIOc_sync Enter - MemInfo: [/proc/self/status]	VmLck:	       0 kB
20220313 001036.915 INFO             PET0 PIOc_sync Enter - MemInfo: [/proc/self/status]	VmPin:	       0 kB
20220313 001036.915 INFO             PET0 PIOc_sync Enter - MemInfo: [/proc/self/status]	VmHWM:	   43132 kB
20220313 001036.915 INFO             PET0 PIOc_sync Enter - MemInfo: [/proc/self/status]	VmRSS:	   43132 kB
20220313 001036.915 INFO             PET0 PIOc_sync Enter - MemInfo: [/proc/self/status]	VmData:	   57700 kB
20220313 001036.915 INFO             PET0 PIOc_sync Enter - MemInfo: [/proc/self/status]	VmStk:	     164 kB
20220313 001036.915 INFO             PET0 PIOc_sync Enter - MemInfo: [/proc/self/status]	VmExe:	   27448 kB
20220313 001036.915 INFO             PET0 PIOc_sync Enter - MemInfo: [/proc/self/status]	VmLib:	    1952 kB
20220313 001036.915 INFO             PET0 PIOc_sync Enter - MemInfo: [/proc/self/status]	VmPTE:	     244 kB
20220313 001036.915 INFO             PET0 PIOc_sync Enter - MemInfo: [/proc/self/status]	VmPMD:	      12 kB
20220313 001036.915 INFO             PET0 PIOc_sync Enter - MemInfo: [/proc/self/status]	VmSwap:	       0 kB
20220313 001036.915 INFO             PET0 PIOc_sync Enter - MemInfo: [/proc/self/status]	VmRSSPercent: 0.0654946 %
20220313 001036.915 INFO             PET0 PIOc_sync Enter - MemInfo: [malloc] Non-mmapped space allocated:                51857728 Byte
20220313 001036.915 INFO             PET0 PIOc_sync Enter - MemInfo: [malloc] Space allocated in mmapped regions:          2887680 Byte
20220313 001036.915 INFO             PET0 PIOc_sync Enter - MemInfo: [malloc] Maximum total allocated space:                     0 Byte
20220313 001036.915 INFO             PET0 PIOc_sync Enter - MemInfo: [malloc] Space in freed fastbin blocks:                   336 Byte
20220313 001036.915 INFO             PET0 PIOc_sync Enter - MemInfo: [malloc] Total allocated space:                      37268544 Byte
20220313 001036.915 INFO             PET0 PIOc_sync Enter - MemInfo: [malloc] Total free space:                           14589184 Byte
20220313 001036.915 INFO             PET0 PIOc_sync Enter - MemInfo: [malloc] Top-most, releasable space:                  8520480 Byte
20220313 001036.915 INFO             PET0 PIOc_sync Enter - MemInfo: [malloc] Total space in use, mmap + non-mmap:        40156224 Byte
20220313 001036.916 INFO             PET0 PIOc_sync Enter - MemInfo: [malloc] Total space held (mmap + non-mmap):         54745408 Byte
20220313 001036.916 INFO             PET0 PIOc_sync Enter - MemInfo: [malloc] Total space used (mmap + non-mmap):         40164656 Byte
20220313 001036.916 INFO             PET0 PIOc_sync Enter - MemInfo: Wall-clock time since execution start:                0.49763 seconds
20220313 001036.916 INFO             PET0 PIOc_sync Exit - MemInfo: [/proc/meminfo - SSI]	MemTotal:       65855856 kB
20220313 001036.916 INFO             PET0 PIOc_sync Exit - MemInfo: [/proc/meminfo - SSI]	MemFree:        61188864 kB
20220313 001036.916 INFO             PET0 PIOc_sync Exit - MemInfo: [/proc/meminfo - SSI]	MemAvailable:   60956244 kB
20220313 001036.916 INFO             PET0 PIOc_sync Exit - MemInfo: [/proc/meminfo - SSI]	Committed_AS:    2967984 kB
20220313 001036.916 INFO             PET0 PIOc_sync Exit - MemInfo: [/proc/meminfo - SSI]	CommittedPercent: 4.50679 %
20220313 001036.916 INFO             PET0 PIOc_sync Exit - MemInfo: [/proc/self/status]	VmPeak:	  159872 kB
20220313 001036.916 INFO             PET0 PIOc_sync Exit - MemInfo: [/proc/self/status]	VmSize:	  159848 kB
20220313 001036.916 INFO             PET0 PIOc_sync Exit - MemInfo: [/proc/self/status]	VmLck:	       0 kB
20220313 001036.916 INFO             PET0 PIOc_sync Exit - MemInfo: [/proc/self/status]	VmPin:	       0 kB
20220313 001036.916 INFO             PET0 PIOc_sync Exit - MemInfo: [/proc/self/status]	VmHWM:	   43132 kB
20220313 001036.916 INFO             PET0 PIOc_sync Exit - MemInfo: [/proc/self/status]	VmRSS:	   43132 kB
20220313 001036.916 INFO             PET0 PIOc_sync Exit - MemInfo: [/proc/self/status]	VmData:	   57700 kB
20220313 001036.916 INFO             PET0 PIOc_sync Exit - MemInfo: [/proc/self/status]	VmStk:	     164 kB
20220313 001036.916 INFO             PET0 PIOc_sync Exit - MemInfo: [/proc/self/status]	VmExe:	   27448 kB
20220313 001036.916 INFO             PET0 PIOc_sync Exit - MemInfo: [/proc/self/status]	VmLib:	    1952 kB
20220313 001036.916 INFO             PET0 PIOc_sync Exit - MemInfo: [/proc/self/status]	VmPTE:	     244 kB
20220313 001036.916 INFO             PET0 PIOc_sync Exit - MemInfo: [/proc/self/status]	VmPMD:	      12 kB
20220313 001036.916 INFO             PET0 PIOc_sync Exit - MemInfo: [/proc/self/status]	VmSwap:	       0 kB
20220313 001036.916 INFO             PET0 PIOc_sync Exit - MemInfo: [/proc/self/status]	VmRSSPercent: 0.0654946 %
20220313 001036.916 INFO             PET0 PIOc_sync Exit - MemInfo: [malloc] Non-mmapped space allocated:                51857728 Byte
20220313 001036.916 INFO             PET0 PIOc_sync Exit - MemInfo: [malloc] Space allocated in mmapped regions:          2887680 Byte
20220313 001036.916 INFO             PET0 PIOc_sync Exit - MemInfo: [malloc] Maximum total allocated space:                     0 Byte
20220313 001036.916 INFO             PET0 PIOc_sync Exit - MemInfo: [malloc] Space in freed fastbin blocks:                     0 Byte
20220313 001036.916 INFO             PET0 PIOc_sync Exit - MemInfo: [malloc] Total allocated space:                      37269824 Byte
20220313 001036.916 INFO             PET0 PIOc_sync Exit - MemInfo: [malloc] Total free space:                           14587904 Byte
20220313 001036.916 INFO             PET0 PIOc_sync Exit - MemInfo: [malloc] Top-most, releasable space:                  8520480 Byte
20220313 001036.916 INFO             PET0 PIOc_sync Exit - MemInfo: [malloc] Total space in use, mmap + non-mmap:        40157504 Byte
20220313 001036.916 INFO             PET0 PIOc_sync Exit - MemInfo: [malloc] Total space held (mmap + non-mmap):         54745408 Byte
20220313 001036.916 INFO             PET0 PIOc_sync Exit - MemInfo: [malloc] Total space used (mmap + non-mmap):         40165824 Byte
20220313 001036.916 INFO             PET0 PIOc_sync Exit - MemInfo: Wall-clock time since execution start:               0.498366 seconds
20220313 001036.916 INFO             PET0 PIOc_freedecomp Enter - MemInfo: [/proc/meminfo - SSI]	MemTotal:       65855856 kB
20220313 001036.916 INFO             PET0 PIOc_freedecomp Enter - MemInfo: [/proc/meminfo - SSI]	MemFree:        61188864 kB
20220313 001036.916 INFO             PET0 PIOc_freedecomp Enter - MemInfo: [/proc/meminfo - SSI]	MemAvailable:   60956244 kB
20220313 001036.917 INFO             PET0 PIOc_freedecomp Enter - MemInfo: [/proc/meminfo - SSI]	Committed_AS:    2967984 kB
20220313 001036.917 INFO             PET0 PIOc_freedecomp Enter - MemInfo: [/proc/meminfo - SSI]	CommittedPercent: 4.50679 %
20220313 001036.917 INFO             PET0 PIOc_freedecomp Enter - MemInfo: [/proc/self/status]	VmPeak:	  159872 kB
20220313 001036.917 INFO             PET0 PIOc_freedecomp Enter - MemInfo: [/proc/self/status]	VmSize:	  159848 kB
20220313 001036.917 INFO             PET0 PIOc_freedecomp Enter - MemInfo: [/proc/self/status]	VmLck:	       0 kB
20220313 001036.917 INFO             PET0 PIOc_freedecomp Enter - MemInfo: [/proc/self/status]	VmPin:	       0 kB
20220313 001036.917 INFO             PET0 PIOc_freedecomp Enter - MemInfo: [/proc/self/status]	VmHWM:	   43132 kB
20220313 001036.917 INFO             PET0 PIOc_freedecomp Enter - MemInfo: [/proc/self/status]	VmRSS:	   43132 kB
20220313 001036.917 INFO             PET0 PIOc_freedecomp Enter - MemInfo: [/proc/self/status]	VmData:	   57700 kB
20220313 001036.917 INFO             PET0 PIOc_freedecomp Enter - MemInfo: [/proc/self/status]	VmStk:	     164 kB
20220313 001036.917 INFO             PET0 PIOc_freedecomp Enter - MemInfo: [/proc/self/status]	VmExe:	   27448 kB
20220313 001036.917 INFO             PET0 PIOc_freedecomp Enter - MemInfo: [/proc/self/status]	VmLib:	    1952 kB
20220313 001036.917 INFO             PET0 PIOc_freedecomp Enter - MemInfo: [/proc/self/status]	VmPTE:	     244 kB
20220313 001036.917 INFO             PET0 PIOc_freedecomp Enter - MemInfo: [/proc/self/status]	VmPMD:	      12 kB
20220313 001036.917 INFO             PET0 PIOc_freedecomp Enter - MemInfo: [/proc/self/status]	VmSwap:	       0 kB
20220313 001036.917 INFO             PET0 PIOc_freedecomp Enter - MemInfo: [/proc/self/status]	VmRSSPercent: 0.0654946 %
20220313 001036.917 INFO             PET0 PIOc_freedecomp Enter - MemInfo: [malloc] Non-mmapped space allocated:                51857728 Byte
20220313 001036.917 INFO             PET0 PIOc_freedecomp Enter - MemInfo: [malloc] Space allocated in mmapped regions:          2887680 Byte
20220313 001036.917 INFO             PET0 PIOc_freedecomp Enter - MemInfo: [malloc] Maximum total allocated space:                     0 Byte
20220313 001036.917 INFO             PET0 PIOc_freedecomp Enter - MemInfo: [malloc] Space in freed fastbin blocks:                   720 Byte
20220313 001036.917 INFO             PET0 PIOc_freedecomp Enter - MemInfo: [malloc] Total allocated space:                      28868640 Byte
20220313 001036.917 INFO             PET0 PIOc_freedecomp Enter - MemInfo: [malloc] Total free space:                           22989088 Byte
20220313 001036.917 INFO             PET0 PIOc_freedecomp Enter - MemInfo: [malloc] Top-most, releasable space:                  8520480 Byte
20220313 001036.917 INFO             PET0 PIOc_freedecomp Enter - MemInfo: [malloc] Total space in use, mmap + non-mmap:        31756320 Byte
20220313 001036.917 INFO             PET0 PIOc_freedecomp Enter - MemInfo: [malloc] Total space held (mmap + non-mmap):         54745408 Byte
20220313 001036.917 INFO             PET0 PIOc_freedecomp Enter - MemInfo: [malloc] Total space used (mmap + non-mmap):         31764528 Byte
20220313 001036.917 INFO             PET0 PIOc_freedecomp Enter - MemInfo: Wall-clock time since execution start:                0.49902 seconds
20220313 001036.917 INFO             PET0 PIOc_freedecomp Exit - MemInfo: [/proc/meminfo - SSI]	MemTotal:       65855856 kB
20220313 001036.917 INFO             PET0 PIOc_freedecomp Exit - MemInfo: [/proc/meminfo - SSI]	MemFree:        61188360 kB
20220313 001036.917 INFO             PET0 PIOc_freedecomp Exit - MemInfo: [/proc/meminfo - SSI]	MemAvailable:   60955740 kB
20220313 001036.917 INFO             PET0 PIOc_freedecomp Exit - MemInfo: [/proc/meminfo - SSI]	Committed_AS:    2967984 kB
20220313 001036.917 INFO             PET0 PIOc_freedecomp Exit - MemInfo: [/proc/meminfo - SSI]	CommittedPercent: 4.50679 %
20220313 001036.917 INFO             PET0 PIOc_freedecomp Exit - MemInfo: [/proc/self/status]	VmPeak:	  159872 kB
20220313 001036.917 INFO             PET0 PIOc_freedecomp Exit - MemInfo: [/proc/self/status]	VmSize:	  159848 kB
20220313 001036.917 INFO             PET0 PIOc_freedecomp Exit - MemInfo: [/proc/self/status]	VmLck:	       0 kB
20220313 001036.917 INFO             PET0 PIOc_freedecomp Exit - MemInfo: [/proc/self/status]	VmPin:	       0 kB
20220313 001036.917 INFO             PET0 PIOc_freedecomp Exit - MemInfo: [/proc/self/status]	VmHWM:	   43132 kB
20220313 001036.917 INFO             PET0 PIOc_freedecomp Exit - MemInfo: [/proc/self/status]	VmRSS:	   43132 kB
20220313 001036.917 INFO             PET0 PIOc_freedecomp Exit - MemInfo: [/proc/self/status]	VmData:	   57700 kB
20220313 001036.917 INFO             PET0 PIOc_freedecomp Exit - MemInfo: [/proc/self/status]	VmStk:	     164 kB
20220313 001036.917 INFO             PET0 PIOc_freedecomp Exit - MemInfo: [/proc/self/status]	VmExe:	   27448 kB
20220313 001036.917 INFO             PET0 PIOc_freedecomp Exit - MemInfo: [/proc/self/status]	VmLib:	    1952 kB
20220313 001036.917 INFO             PET0 PIOc_freedecomp Exit - MemInfo: [/proc/self/status]	VmPTE:	     244 kB
20220313 001036.917 INFO             PET0 PIOc_freedecomp Exit - MemInfo: [/proc/self/status]	VmPMD:	      12 kB
20220313 001036.917 INFO             PET0 PIOc_freedecomp Exit - MemInfo: [/proc/self/status]	VmSwap:	       0 kB
20220313 001036.917 INFO             PET0 PIOc_freedecomp Exit - MemInfo: [/proc/self/status]	VmRSSPercent: 0.0654946 %
20220313 001036.917 INFO             PET0 PIOc_freedecomp Exit - MemInfo: [malloc] Non-mmapped space allocated:                51857728 Byte
20220313 001036.917 INFO             PET0 PIOc_freedecomp Exit - MemInfo: [malloc] Space allocated in mmapped regions:          2887680 Byte
20220313 001036.917 INFO             PET0 PIOc_freedecomp Exit - MemInfo: [malloc] Maximum total allocated space:                     0 Byte
20220313 001036.917 INFO             PET0 PIOc_freedecomp Exit - MemInfo: [malloc] Space in freed fastbin blocks:                  1280 Byte
20220313 001036.917 INFO             PET0 PIOc_freedecomp Exit - MemInfo: [malloc] Total allocated space:                      28863408 Byte
20220313 001036.917 INFO             PET0 PIOc_freedecomp Exit - MemInfo: [malloc] Total free space:                           22994320 Byte
20220313 001036.917 INFO             PET0 PIOc_freedecomp Exit - MemInfo: [malloc] Top-most, releasable space:                  8520480 Byte
20220313 001036.917 INFO             PET0 PIOc_freedecomp Exit - MemInfo: [malloc] Total space in use, mmap + non-mmap:        31751088 Byte
20220313 001036.917 INFO             PET0 PIOc_freedecomp Exit - MemInfo: [malloc] Total space held (mmap + non-mmap):         54745408 Byte
20220313 001036.917 INFO             PET0 PIOc_freedecomp Exit - MemInfo: [malloc] Total space used (mmap + non-mmap):         31759296 Byte
20220313 001036.917 INFO             PET0 PIOc_freedecomp Exit - MemInfo: Wall-clock time since execution start:               0.499457 seconds
20220313 001036.919 INFO             PET0  PASS  ESMF_FieldRegridStoreFromFile Unit Test, ESMF_FieldSMMFromFileUTest.F90, line 315
20220313 001036.920 INFO             PET0  Ending Test, file ESMF_FieldSMMFromFileUTest.F90, line 322
20220313 001036.920 INFO             PET0 Finalizing ESMF
20220313 001036.457 INFO             PET1 !!!!!!!!!!!!!!!!!!!!!!!!!!!!!!!!!!!!!!!!!!!!!!!!!!!!!!
20220313 001036.457 INFO             PET1 !!! THE ESMF_LOG IS SET TO OUTPUT ALL LOG MESSAGES !!!
20220313 001036.457 INFO             PET1 !!!     THIS MAY CAUSE SLOWDOWN IN PERFORMANCE     !!!
20220313 001036.457 INFO             PET1 !!! FOR PRODUCTION RUNS, USE:                      !!!
20220313 001036.457 INFO             PET1 !!!                   ESMF_LOGKIND_Multi_On_Error  !!!
20220313 001036.457 INFO             PET1 !!!!!!!!!!!!!!!!!!!!!!!!!!!!!!!!!!!!!!!!!!!!!!!!!!!!!!
20220313 001036.457 INFO             PET1 Running with ESMF Version   : v8.3.0b09-96-g559b459836
20220313 001036.458 INFO             PET1 ESMF library build date/time: "Mar 12 2022" "23:26:31"
20220313 001036.458 INFO             PET1 ESMF library build location : /lustre/f2/dev/ncep/Mark.Potts/gfortran_8.3.0_mpi_O_jedwards_pio_update2
20220313 001036.458 INFO             PET1 ESMF_COMM                   : mpi
20220313 001036.459 INFO             PET1 ESMF_MOAB                   : enabled
20220313 001036.459 INFO             PET1 ESMF_LAPACK                 : enabled
20220313 001036.459 INFO             PET1 ESMF_NETCDF                 : enabled
20220313 001036.459 INFO             PET1 ESMF_PNETCDF                : disabled
20220313 001036.459 INFO             PET1 ESMF_PIO                    : enabled
20220313 001036.459 INFO             PET1 ESMF_YAMLCPP                : enabled
20220313 001036.470 INFO             PET1  Beginning Test, file ESMF_FieldSMMFromFileUTest.F90, line 287
20220313 001036.470 INFO             PET1  NUMBER_OF_PROCESSORS           4
20220313 001036.824 INFO             PET1  PASS  ESMF_FieldSMMFromFile Unit Test, ESMF_FieldSMMFromFileUTest.F90, line 300
20220313 001036.907 INFO             PET1 PIOc_sync Enter - MemInfo: [/proc/meminfo - SSI]	MemTotal:       65855856 kB
20220313 001036.907 INFO             PET1 PIOc_sync Enter - MemInfo: [/proc/meminfo - SSI]	MemFree:        61189368 kB
20220313 001036.907 INFO             PET1 PIOc_sync Enter - MemInfo: [/proc/meminfo - SSI]	MemAvailable:   60956496 kB
20220313 001036.907 INFO             PET1 PIOc_sync Enter - MemInfo: [/proc/meminfo - SSI]	Committed_AS:    2967984 kB
20220313 001036.907 INFO             PET1 PIOc_sync Enter - MemInfo: [/proc/meminfo - SSI]	CommittedPercent: 4.50679 %
20220313 001036.907 INFO             PET1 PIOc_sync Enter - MemInfo: [/proc/self/status]	VmPeak:	  116864 kB
20220313 001036.907 INFO             PET1 PIOc_sync Enter - MemInfo: [/proc/self/status]	VmSize:	  116840 kB
20220313 001036.907 INFO             PET1 PIOc_sync Enter - MemInfo: [/proc/self/status]	VmLck:	       0 kB
20220313 001036.907 INFO             PET1 PIOc_sync Enter - MemInfo: [/proc/self/status]	VmPin:	       0 kB
20220313 001036.907 INFO             PET1 PIOc_sync Enter - MemInfo: [/proc/self/status]	VmHWM:	   26252 kB
20220313 001036.907 INFO             PET1 PIOc_sync Enter - MemInfo: [/proc/self/status]	VmRSS:	   26252 kB
20220313 001036.907 INFO             PET1 PIOc_sync Enter - MemInfo: [/proc/self/status]	VmData:	   33124 kB
20220313 001036.907 INFO             PET1 PIOc_sync Enter - MemInfo: [/proc/self/status]	VmStk:	     164 kB
20220313 001036.907 INFO             PET1 PIOc_sync Enter - MemInfo: [/proc/self/status]	VmExe:	   27448 kB
20220313 001036.907 INFO             PET1 PIOc_sync Enter - MemInfo: [/proc/self/status]	VmLib:	    1952 kB
20220313 001036.907 INFO             PET1 PIOc_sync Enter - MemInfo: [/proc/self/status]	VmPTE:	     204 kB
20220313 001036.907 INFO             PET1 PIOc_sync Enter - MemInfo: [/proc/self/status]	VmPMD:	      12 kB
20220313 001036.907 INFO             PET1 PIOc_sync Enter - MemInfo: [/proc/self/status]	VmSwap:	       0 kB
20220313 001036.907 INFO             PET1 PIOc_sync Enter - MemInfo: [/proc/self/status]	VmRSSPercent: 0.0398628 %
20220313 001036.908 INFO             PET1 PIOc_sync Enter - MemInfo: [malloc] Non-mmapped space allocated:                26691904 Byte
20220313 001036.908 INFO             PET1 PIOc_sync Enter - MemInfo: [malloc] Space allocated in mmapped regions:          2887680 Byte
20220313 001036.908 INFO             PET1 PIOc_sync Enter - MemInfo: [malloc] Maximum total allocated space:                     0 Byte
20220313 001036.908 INFO             PET1 PIOc_sync Enter - MemInfo: [malloc] Space in freed fastbin blocks:                     0 Byte
20220313 001036.908 INFO             PET1 PIOc_sync Enter - MemInfo: [malloc] Total allocated space:                      11740944 Byte
20220313 001036.908 INFO             PET1 PIOc_sync Enter - MemInfo: [malloc] Total free space:                           14950960 Byte
20220313 001036.908 INFO             PET1 PIOc_sync Enter - MemInfo: [malloc] Top-most, releasable space:                  8523008 Byte
20220313 001036.908 INFO             PET1 PIOc_sync Enter - MemInfo: [malloc] Total space in use, mmap + non-mmap:        14628624 Byte
20220313 001036.908 INFO             PET1 PIOc_sync Enter - MemInfo: [malloc] Total space held (mmap + non-mmap):         29579584 Byte
20220313 001036.908 INFO             PET1 PIOc_sync Enter - MemInfo: [malloc] Total space used (mmap + non-mmap):         14637680 Byte
20220313 001036.909 INFO             PET1 PIOc_sync Enter - MemInfo: Wall-clock time since execution start:               0.490103 seconds
20220313 001036.909 INFO             PET1 PIOc_sync Exit - MemInfo: [/proc/meminfo - SSI]	MemTotal:       65855856 kB
20220313 001036.909 INFO             PET1 PIOc_sync Exit - MemInfo: [/proc/meminfo - SSI]	MemFree:        61189368 kB
20220313 001036.909 INFO             PET1 PIOc_sync Exit - MemInfo: [/proc/meminfo - SSI]	MemAvailable:   60956496 kB
20220313 001036.909 INFO             PET1 PIOc_sync Exit - MemInfo: [/proc/meminfo - SSI]	Committed_AS:    2967984 kB
20220313 001036.909 INFO             PET1 PIOc_sync Exit - MemInfo: [/proc/meminfo - SSI]	CommittedPercent: 4.50679 %
20220313 001036.909 INFO             PET1 PIOc_sync Exit - MemInfo: [/proc/self/status]	VmPeak:	  116864 kB
20220313 001036.909 INFO             PET1 PIOc_sync Exit - MemInfo: [/proc/self/status]	VmSize:	  116840 kB
20220313 001036.909 INFO             PET1 PIOc_sync Exit - MemInfo: [/proc/self/status]	VmLck:	       0 kB
20220313 001036.909 INFO             PET1 PIOc_sync Exit - MemInfo: [/proc/self/status]	VmPin:	       0 kB
20220313 001036.909 INFO             PET1 PIOc_sync Exit - MemInfo: [/proc/self/status]	VmHWM:	   26252 kB
20220313 001036.909 INFO             PET1 PIOc_sync Exit - MemInfo: [/proc/self/status]	VmRSS:	   26252 kB
20220313 001036.909 INFO             PET1 PIOc_sync Exit - MemInfo: [/proc/self/status]	VmData:	   33124 kB
20220313 001036.909 INFO             PET1 PIOc_sync Exit - MemInfo: [/proc/self/status]	VmStk:	     164 kB
20220313 001036.909 INFO             PET1 PIOc_sync Exit - MemInfo: [/proc/self/status]	VmExe:	   27448 kB
20220313 001036.909 INFO             PET1 PIOc_sync Exit - MemInfo: [/proc/self/status]	VmLib:	    1952 kB
20220313 001036.909 INFO             PET1 PIOc_sync Exit - MemInfo: [/proc/self/status]	VmPTE:	     204 kB
20220313 001036.909 INFO             PET1 PIOc_sync Exit - MemInfo: [/proc/self/status]	VmPMD:	      12 kB
20220313 001036.909 INFO             PET1 PIOc_sync Exit - MemInfo: [/proc/self/status]	VmSwap:	       0 kB
20220313 001036.909 INFO             PET1 PIOc_sync Exit - MemInfo: [/proc/self/status]	VmRSSPercent: 0.0398628 %
20220313 001036.909 INFO             PET1 PIOc_sync Exit - MemInfo: [malloc] Non-mmapped space allocated:                26691904 Byte
20220313 001036.909 INFO             PET1 PIOc_sync Exit - MemInfo: [malloc] Space allocated in mmapped regions:          2887680 Byte
20220313 001036.909 INFO             PET1 PIOc_sync Exit - MemInfo: [malloc] Maximum total allocated space:                     0 Byte
20220313 001036.909 INFO             PET1 PIOc_sync Exit - MemInfo: [malloc] Space in freed fastbin blocks:                   128 Byte
20220313 001036.909 INFO             PET1 PIOc_sync Exit - MemInfo: [malloc] Total allocated space:                      11742208 Byte
20220313 001036.909 INFO             PET1 PIOc_sync Exit - MemInfo: [malloc] Total free space:                           14949696 Byte
20220313 001036.909 INFO             PET1 PIOc_sync Exit - MemInfo: [malloc] Top-most, releasable space:                  8523008 Byte
20220313 001036.909 INFO             PET1 PIOc_sync Exit - MemInfo: [malloc] Total space in use, mmap + non-mmap:        14629888 Byte
20220313 001036.909 INFO             PET1 PIOc_sync Exit - MemInfo: [malloc] Total space held (mmap + non-mmap):         29579584 Byte
20220313 001036.909 INFO             PET1 PIOc_sync Exit - MemInfo: [malloc] Total space used (mmap + non-mmap):         14638688 Byte
20220313 001036.909 INFO             PET1 PIOc_sync Exit - MemInfo: Wall-clock time since execution start:               0.491295 seconds
20220313 001036.909 INFO             PET1 PIOc_freedecomp Enter - MemInfo: [/proc/meminfo - SSI]	MemTotal:       65855856 kB
20220313 001036.909 INFO             PET1 PIOc_freedecomp Enter - MemInfo: [/proc/meminfo - SSI]	MemFree:        61189368 kB
20220313 001036.910 INFO             PET1 PIOc_freedecomp Enter - MemInfo: [/proc/meminfo - SSI]	MemAvailable:   60956496 kB
20220313 001036.910 INFO             PET1 PIOc_freedecomp Enter - MemInfo: [/proc/meminfo - SSI]	Committed_AS:    2967984 kB
20220313 001036.910 INFO             PET1 PIOc_freedecomp Enter - MemInfo: [/proc/meminfo - SSI]	CommittedPercent: 4.50679 %
20220313 001036.910 INFO             PET1 PIOc_freedecomp Enter - MemInfo: [/proc/self/status]	VmPeak:	  116864 kB
20220313 001036.910 INFO             PET1 PIOc_freedecomp Enter - MemInfo: [/proc/self/status]	VmSize:	  116840 kB
20220313 001036.910 INFO             PET1 PIOc_freedecomp Enter - MemInfo: [/proc/self/status]	VmLck:	       0 kB
20220313 001036.910 INFO             PET1 PIOc_freedecomp Enter - MemInfo: [/proc/self/status]	VmPin:	       0 kB
20220313 001036.910 INFO             PET1 PIOc_freedecomp Enter - MemInfo: [/proc/self/status]	VmHWM:	   26252 kB
20220313 001036.910 INFO             PET1 PIOc_freedecomp Enter - MemInfo: [/proc/self/status]	VmRSS:	   26252 kB
20220313 001036.910 INFO             PET1 PIOc_freedecomp Enter - MemInfo: [/proc/self/status]	VmData:	   33124 kB
20220313 001036.910 INFO             PET1 PIOc_freedecomp Enter - MemInfo: [/proc/self/status]	VmStk:	     164 kB
20220313 001036.910 INFO             PET1 PIOc_freedecomp Enter - MemInfo: [/proc/self/status]	VmExe:	   27448 kB
20220313 001036.910 INFO             PET1 PIOc_freedecomp Enter - MemInfo: [/proc/self/status]	VmLib:	    1952 kB
20220313 001036.910 INFO             PET1 PIOc_freedecomp Enter - MemInfo: [/proc/self/status]	VmPTE:	     204 kB
20220313 001036.910 INFO             PET1 PIOc_freedecomp Enter - MemInfo: [/proc/self/status]	VmPMD:	      12 kB
20220313 001036.910 INFO             PET1 PIOc_freedecomp Enter - MemInfo: [/proc/self/status]	VmSwap:	       0 kB
20220313 001036.910 INFO             PET1 PIOc_freedecomp Enter - MemInfo: [/proc/self/status]	VmRSSPercent: 0.0398628 %
20220313 001036.910 INFO             PET1 PIOc_freedecomp Enter - MemInfo: [malloc] Non-mmapped space allocated:                26691904 Byte
20220313 001036.910 INFO             PET1 PIOc_freedecomp Enter - MemInfo: [malloc] Space allocated in mmapped regions:          2887680 Byte
20220313 001036.910 INFO             PET1 PIOc_freedecomp Enter - MemInfo: [malloc] Maximum total allocated space:                     0 Byte
20220313 001036.910 INFO             PET1 PIOc_freedecomp Enter - MemInfo: [malloc] Space in freed fastbin blocks:                   128 Byte
20220313 001036.910 INFO             PET1 PIOc_freedecomp Enter - MemInfo: [malloc] Total allocated space:                      11742704 Byte
20220313 001036.910 INFO             PET1 PIOc_freedecomp Enter - MemInfo: [malloc] Total free space:                           14949200 Byte
20220313 001036.910 INFO             PET1 PIOc_freedecomp Enter - MemInfo: [malloc] Top-most, releasable space:                  8523008 Byte
20220313 001036.910 INFO             PET1 PIOc_freedecomp Enter - MemInfo: [malloc] Total space in use, mmap + non-mmap:        14630384 Byte
20220313 001036.910 INFO             PET1 PIOc_freedecomp Enter - MemInfo: [malloc] Total space held (mmap + non-mmap):         29579584 Byte
20220313 001036.910 INFO             PET1 PIOc_freedecomp Enter - MemInfo: [malloc] Total space used (mmap + non-mmap):         14639104 Byte
20220313 001036.910 INFO             PET1 PIOc_freedecomp Enter - MemInfo: Wall-clock time since execution start:               0.491861 seconds
20220313 001036.910 INFO             PET1 PIOc_freedecomp Exit - MemInfo: [/proc/meminfo - SSI]	MemTotal:       65855856 kB
20220313 001036.910 INFO             PET1 PIOc_freedecomp Exit - MemInfo: [/proc/meminfo - SSI]	MemFree:        61189368 kB
20220313 001036.910 INFO             PET1 PIOc_freedecomp Exit - MemInfo: [/proc/meminfo - SSI]	MemAvailable:   60956496 kB
20220313 001036.910 INFO             PET1 PIOc_freedecomp Exit - MemInfo: [/proc/meminfo - SSI]	Committed_AS:    2967984 kB
20220313 001036.910 INFO             PET1 PIOc_freedecomp Exit - MemInfo: [/proc/meminfo - SSI]	CommittedPercent: 4.50679 %
20220313 001036.910 INFO             PET1 PIOc_freedecomp Exit - MemInfo: [/proc/self/status]	VmPeak:	  116864 kB
20220313 001036.910 INFO             PET1 PIOc_freedecomp Exit - MemInfo: [/proc/self/status]	VmSize:	  116840 kB
20220313 001036.910 INFO             PET1 PIOc_freedecomp Exit - MemInfo: [/proc/self/status]	VmLck:	       0 kB
20220313 001036.910 INFO             PET1 PIOc_freedecomp Exit - MemInfo: [/proc/self/status]	VmPin:	       0 kB
20220313 001036.910 INFO             PET1 PIOc_freedecomp Exit - MemInfo: [/proc/self/status]	VmHWM:	   26252 kB
20220313 001036.910 INFO             PET1 PIOc_freedecomp Exit - MemInfo: [/proc/self/status]	VmRSS:	   26252 kB
20220313 001036.910 INFO             PET1 PIOc_freedecomp Exit - MemInfo: [/proc/self/status]	VmData:	   33124 kB
20220313 001036.910 INFO             PET1 PIOc_freedecomp Exit - MemInfo: [/proc/self/status]	VmStk:	     164 kB
20220313 001036.910 INFO             PET1 PIOc_freedecomp Exit - MemInfo: [/proc/self/status]	VmExe:	   27448 kB
20220313 001036.910 INFO             PET1 PIOc_freedecomp Exit - MemInfo: [/proc/self/status]	VmLib:	    1952 kB
20220313 001036.910 INFO             PET1 PIOc_freedecomp Exit - MemInfo: [/proc/self/status]	VmPTE:	     204 kB
20220313 001036.910 INFO             PET1 PIOc_freedecomp Exit - MemInfo: [/proc/self/status]	VmPMD:	      12 kB
20220313 001036.910 INFO             PET1 PIOc_freedecomp Exit - MemInfo: [/proc/self/status]	VmSwap:	       0 kB
20220313 001036.910 INFO             PET1 PIOc_freedecomp Exit - MemInfo: [/proc/self/status]	VmRSSPercent: 0.0398628 %
20220313 001036.910 INFO             PET1 PIOc_freedecomp Exit - MemInfo: [malloc] Non-mmapped space allocated:                26691904 Byte
20220313 001036.910 INFO             PET1 PIOc_freedecomp Exit - MemInfo: [malloc] Space allocated in mmapped regions:          2887680 Byte
20220313 001036.910 INFO             PET1 PIOc_freedecomp Exit - MemInfo: [malloc] Maximum total allocated space:                     0 Byte
20220313 001036.910 INFO             PET1 PIOc_freedecomp Exit - MemInfo: [malloc] Space in freed fastbin blocks:                   256 Byte
20220313 001036.910 INFO             PET1 PIOc_freedecomp Exit - MemInfo: [malloc] Total allocated space:                      11741072 Byte
20220313 001036.910 INFO             PET1 PIOc_freedecomp Exit - MemInfo: [malloc] Total free space:                           14950832 Byte
20220313 001036.910 INFO             PET1 PIOc_freedecomp Exit - MemInfo: [malloc] Top-most, releasable space:                  8523008 Byte
20220313 001036.910 INFO             PET1 PIOc_freedecomp Exit - MemInfo: [malloc] Total space in use, mmap + non-mmap:        14628752 Byte
20220313 001036.910 INFO             PET1 PIOc_freedecomp Exit - MemInfo: [malloc] Total space held (mmap + non-mmap):         29579584 Byte
20220313 001036.910 INFO             PET1 PIOc_freedecomp Exit - MemInfo: [malloc] Total space used (mmap + non-mmap):         14637520 Byte
20220313 001036.910 INFO             PET1 PIOc_freedecomp Exit - MemInfo: Wall-clock time since execution start:               0.492269 seconds
20220313 001036.912 INFO             PET1 PIOc_sync Enter - MemInfo: [/proc/meminfo - SSI]	MemTotal:       65855856 kB
20220313 001036.912 INFO             PET1 PIOc_sync Enter - MemInfo: [/proc/meminfo - SSI]	MemFree:        61189368 kB
20220313 001036.912 INFO             PET1 PIOc_sync Enter - MemInfo: [/proc/meminfo - SSI]	MemAvailable:   60956496 kB
20220313 001036.912 INFO             PET1 PIOc_sync Enter - MemInfo: [/proc/meminfo - SSI]	Committed_AS:    2967984 kB
20220313 001036.912 INFO             PET1 PIOc_sync Enter - MemInfo: [/proc/meminfo - SSI]	CommittedPercent: 4.50679 %
20220313 001036.912 INFO             PET1 PIOc_sync Enter - MemInfo: [/proc/self/status]	VmPeak:	  116864 kB
20220313 001036.912 INFO             PET1 PIOc_sync Enter - MemInfo: [/proc/self/status]	VmSize:	  116840 kB
20220313 001036.912 INFO             PET1 PIOc_sync Enter - MemInfo: [/proc/self/status]	VmLck:	       0 kB
20220313 001036.912 INFO             PET1 PIOc_sync Enter - MemInfo: [/proc/self/status]	VmPin:	       0 kB
20220313 001036.912 INFO             PET1 PIOc_sync Enter - MemInfo: [/proc/self/status]	VmHWM:	   26252 kB
20220313 001036.912 INFO             PET1 PIOc_sync Enter - MemInfo: [/proc/self/status]	VmRSS:	   26252 kB
20220313 001036.912 INFO             PET1 PIOc_sync Enter - MemInfo: [/proc/self/status]	VmData:	   33124 kB
20220313 001036.912 INFO             PET1 PIOc_sync Enter - MemInfo: [/proc/self/status]	VmStk:	     164 kB
20220313 001036.912 INFO             PET1 PIOc_sync Enter - MemInfo: [/proc/self/status]	VmExe:	   27448 kB
20220313 001036.912 INFO             PET1 PIOc_sync Enter - MemInfo: [/proc/self/status]	VmLib:	    1952 kB
20220313 001036.912 INFO             PET1 PIOc_sync Enter - MemInfo: [/proc/self/status]	VmPTE:	     204 kB
20220313 001036.912 INFO             PET1 PIOc_sync Enter - MemInfo: [/proc/self/status]	VmPMD:	      12 kB
20220313 001036.912 INFO             PET1 PIOc_sync Enter - MemInfo: [/proc/self/status]	VmSwap:	       0 kB
20220313 001036.912 INFO             PET1 PIOc_sync Enter - MemInfo: [/proc/self/status]	VmRSSPercent: 0.0398628 %
20220313 001036.912 INFO             PET1 PIOc_sync Enter - MemInfo: [malloc] Non-mmapped space allocated:                26691904 Byte
20220313 001036.912 INFO             PET1 PIOc_sync Enter - MemInfo: [malloc] Space allocated in mmapped regions:          2887680 Byte
20220313 001036.912 INFO             PET1 PIOc_sync Enter - MemInfo: [malloc] Maximum total allocated space:                     0 Byte
20220313 001036.912 INFO             PET1 PIOc_sync Enter - MemInfo: [malloc] Space in freed fastbin blocks:                    80 Byte
20220313 001036.912 INFO             PET1 PIOc_sync Enter - MemInfo: [malloc] Total allocated space:                      11745184 Byte
20220313 001036.912 INFO             PET1 PIOc_sync Enter - MemInfo: [malloc] Total free space:                           14946720 Byte
20220313 001036.912 INFO             PET1 PIOc_sync Enter - MemInfo: [malloc] Top-most, releasable space:                  8523008 Byte
20220313 001036.912 INFO             PET1 PIOc_sync Enter - MemInfo: [malloc] Total space in use, mmap + non-mmap:        14632864 Byte
20220313 001036.912 INFO             PET1 PIOc_sync Enter - MemInfo: [malloc] Total space held (mmap + non-mmap):         29579584 Byte
20220313 001036.912 INFO             PET1 PIOc_sync Enter - MemInfo: [malloc] Total space used (mmap + non-mmap):         14641072 Byte
20220313 001036.912 INFO             PET1 PIOc_sync Enter - MemInfo: Wall-clock time since execution start:               0.493989 seconds
20220313 001036.912 INFO             PET1 PIOc_sync Exit - MemInfo: [/proc/meminfo - SSI]	MemTotal:       65855856 kB
20220313 001036.912 INFO             PET1 PIOc_sync Exit - MemInfo: [/proc/meminfo - SSI]	MemFree:        61188864 kB
20220313 001036.912 INFO             PET1 PIOc_sync Exit - MemInfo: [/proc/meminfo - SSI]	MemAvailable:   60955992 kB
20220313 001036.912 INFO             PET1 PIOc_sync Exit - MemInfo: [/proc/meminfo - SSI]	Committed_AS:    2967984 kB
20220313 001036.912 INFO             PET1 PIOc_sync Exit - MemInfo: [/proc/meminfo - SSI]	CommittedPercent: 4.50679 %
20220313 001036.912 INFO             PET1 PIOc_sync Exit - MemInfo: [/proc/self/status]	VmPeak:	  116864 kB
20220313 001036.912 INFO             PET1 PIOc_sync Exit - MemInfo: [/proc/self/status]	VmSize:	  116840 kB
20220313 001036.912 INFO             PET1 PIOc_sync Exit - MemInfo: [/proc/self/status]	VmLck:	       0 kB
20220313 001036.912 INFO             PET1 PIOc_sync Exit - MemInfo: [/proc/self/status]	VmPin:	       0 kB
20220313 001036.912 INFO             PET1 PIOc_sync Exit - MemInfo: [/proc/self/status]	VmHWM:	   26252 kB
20220313 001036.912 INFO             PET1 PIOc_sync Exit - MemInfo: [/proc/self/status]	VmRSS:	   26252 kB
20220313 001036.912 INFO             PET1 PIOc_sync Exit - MemInfo: [/proc/self/status]	VmData:	   33124 kB
20220313 001036.912 INFO             PET1 PIOc_sync Exit - MemInfo: [/proc/self/status]	VmStk:	     164 kB
20220313 001036.912 INFO             PET1 PIOc_sync Exit - MemInfo: [/proc/self/status]	VmExe:	   27448 kB
20220313 001036.912 INFO             PET1 PIOc_sync Exit - MemInfo: [/proc/self/status]	VmLib:	    1952 kB
20220313 001036.912 INFO             PET1 PIOc_sync Exit - MemInfo: [/proc/self/status]	VmPTE:	     204 kB
20220313 001036.912 INFO             PET1 PIOc_sync Exit - MemInfo: [/proc/self/status]	VmPMD:	      12 kB
20220313 001036.912 INFO             PET1 PIOc_sync Exit - MemInfo: [/proc/self/status]	VmSwap:	       0 kB
20220313 001036.912 INFO             PET1 PIOc_sync Exit - MemInfo: [/proc/self/status]	VmRSSPercent: 0.0398628 %
20220313 001036.912 INFO             PET1 PIOc_sync Exit - MemInfo: [malloc] Non-mmapped space allocated:                26691904 Byte
20220313 001036.912 INFO             PET1 PIOc_sync Exit - MemInfo: [malloc] Space allocated in mmapped regions:          2887680 Byte
20220313 001036.912 INFO             PET1 PIOc_sync Exit - MemInfo: [malloc] Maximum total allocated space:                     0 Byte
20220313 001036.912 INFO             PET1 PIOc_sync Exit - MemInfo: [malloc] Space in freed fastbin blocks:                     0 Byte
20220313 001036.913 INFO             PET1 PIOc_sync Exit - MemInfo: [malloc] Total allocated space:                      11745184 Byte
20220313 001036.913 INFO             PET1 PIOc_sync Exit - MemInfo: [malloc] Total free space:                           14946720 Byte
20220313 001036.913 INFO             PET1 PIOc_sync Exit - MemInfo: [malloc] Top-most, releasable space:                  8523008 Byte
20220313 001036.913 INFO             PET1 PIOc_sync Exit - MemInfo: [malloc] Total space in use, mmap + non-mmap:        14632864 Byte
20220313 001036.913 INFO             PET1 PIOc_sync Exit - MemInfo: [malloc] Total space held (mmap + non-mmap):         29579584 Byte
20220313 001036.913 INFO             PET1 PIOc_sync Exit - MemInfo: [malloc] Total space used (mmap + non-mmap):         14641072 Byte
20220313 001036.913 INFO             PET1 PIOc_sync Exit - MemInfo: Wall-clock time since execution start:               0.494575 seconds
20220313 001036.913 INFO             PET1 PIOc_freedecomp Enter - MemInfo: [/proc/meminfo - SSI]	MemTotal:       65855856 kB
20220313 001036.913 INFO             PET1 PIOc_freedecomp Enter - MemInfo: [/proc/meminfo - SSI]	MemFree:        61188864 kB
20220313 001036.913 INFO             PET1 PIOc_freedecomp Enter - MemInfo: [/proc/meminfo - SSI]	MemAvailable:   60955992 kB
20220313 001036.913 INFO             PET1 PIOc_freedecomp Enter - MemInfo: [/proc/meminfo - SSI]	Committed_AS:    2967984 kB
20220313 001036.913 INFO             PET1 PIOc_freedecomp Enter - MemInfo: [/proc/meminfo - SSI]	CommittedPercent: 4.50679 %
20220313 001036.913 INFO             PET1 PIOc_freedecomp Enter - MemInfo: [/proc/self/status]	VmPeak:	  116864 kB
20220313 001036.913 INFO             PET1 PIOc_freedecomp Enter - MemInfo: [/proc/self/status]	VmSize:	  116840 kB
20220313 001036.913 INFO             PET1 PIOc_freedecomp Enter - MemInfo: [/proc/self/status]	VmLck:	       0 kB
20220313 001036.913 INFO             PET1 PIOc_freedecomp Enter - MemInfo: [/proc/self/status]	VmPin:	       0 kB
20220313 001036.913 INFO             PET1 PIOc_freedecomp Enter - MemInfo: [/proc/self/status]	VmHWM:	   26252 kB
20220313 001036.913 INFO             PET1 PIOc_freedecomp Enter - MemInfo: [/proc/self/status]	VmRSS:	   26252 kB
20220313 001036.913 INFO             PET1 PIOc_freedecomp Enter - MemInfo: [/proc/self/status]	VmData:	   33124 kB
20220313 001036.913 INFO             PET1 PIOc_freedecomp Enter - MemInfo: [/proc/self/status]	VmStk:	     164 kB
20220313 001036.913 INFO             PET1 PIOc_freedecomp Enter - MemInfo: [/proc/self/status]	VmExe:	   27448 kB
20220313 001036.913 INFO             PET1 PIOc_freedecomp Enter - MemInfo: [/proc/self/status]	VmLib:	    1952 kB
20220313 001036.913 INFO             PET1 PIOc_freedecomp Enter - MemInfo: [/proc/self/status]	VmPTE:	     204 kB
20220313 001036.913 INFO             PET1 PIOc_freedecomp Enter - MemInfo: [/proc/self/status]	VmPMD:	      12 kB
20220313 001036.913 INFO             PET1 PIOc_freedecomp Enter - MemInfo: [/proc/self/status]	VmSwap:	       0 kB
20220313 001036.913 INFO             PET1 PIOc_freedecomp Enter - MemInfo: [/proc/self/status]	VmRSSPercent: 0.0398628 %
20220313 001036.913 INFO             PET1 PIOc_freedecomp Enter - MemInfo: [malloc] Non-mmapped space allocated:                26691904 Byte
20220313 001036.913 INFO             PET1 PIOc_freedecomp Enter - MemInfo: [malloc] Space allocated in mmapped regions:          2887680 Byte
20220313 001036.913 INFO             PET1 PIOc_freedecomp Enter - MemInfo: [malloc] Maximum total allocated space:                     0 Byte
20220313 001036.913 INFO             PET1 PIOc_freedecomp Enter - MemInfo: [malloc] Space in freed fastbin blocks:                     0 Byte
20220313 001036.913 INFO             PET1 PIOc_freedecomp Enter - MemInfo: [malloc] Total allocated space:                      11744224 Byte
20220313 001036.913 INFO             PET1 PIOc_freedecomp Enter - MemInfo: [malloc] Total free space:                           14947680 Byte
20220313 001036.913 INFO             PET1 PIOc_freedecomp Enter - MemInfo: [malloc] Top-most, releasable space:                  8523008 Byte
20220313 001036.913 INFO             PET1 PIOc_freedecomp Enter - MemInfo: [malloc] Total space in use, mmap + non-mmap:        14631904 Byte
20220313 001036.913 INFO             PET1 PIOc_freedecomp Enter - MemInfo: [malloc] Total space held (mmap + non-mmap):         29579584 Byte
20220313 001036.913 INFO             PET1 PIOc_freedecomp Enter - MemInfo: [malloc] Total space used (mmap + non-mmap):         14640112 Byte
20220313 001036.913 INFO             PET1 PIOc_freedecomp Enter - MemInfo: Wall-clock time since execution start:                0.49518 seconds
20220313 001036.913 INFO             PET1 PIOc_freedecomp Exit - MemInfo: [/proc/meminfo - SSI]	MemTotal:       65855856 kB
20220313 001036.913 INFO             PET1 PIOc_freedecomp Exit - MemInfo: [/proc/meminfo - SSI]	MemFree:        61188864 kB
20220313 001036.913 INFO             PET1 PIOc_freedecomp Exit - MemInfo: [/proc/meminfo - SSI]	MemAvailable:   60956244 kB
20220313 001036.913 INFO             PET1 PIOc_freedecomp Exit - MemInfo: [/proc/meminfo - SSI]	Committed_AS:    2967984 kB
20220313 001036.913 INFO             PET1 PIOc_freedecomp Exit - MemInfo: [/proc/meminfo - SSI]	CommittedPercent: 4.50679 %
20220313 001036.913 INFO             PET1 PIOc_freedecomp Exit - MemInfo: [/proc/self/status]	VmPeak:	  116864 kB
20220313 001036.913 INFO             PET1 PIOc_freedecomp Exit - MemInfo: [/proc/self/status]	VmSize:	  116840 kB
20220313 001036.913 INFO             PET1 PIOc_freedecomp Exit - MemInfo: [/proc/self/status]	VmLck:	       0 kB
20220313 001036.913 INFO             PET1 PIOc_freedecomp Exit - MemInfo: [/proc/self/status]	VmPin:	       0 kB
20220313 001036.913 INFO             PET1 PIOc_freedecomp Exit - MemInfo: [/proc/self/status]	VmHWM:	   26252 kB
20220313 001036.913 INFO             PET1 PIOc_freedecomp Exit - MemInfo: [/proc/self/status]	VmRSS:	   26252 kB
20220313 001036.913 INFO             PET1 PIOc_freedecomp Exit - MemInfo: [/proc/self/status]	VmData:	   33124 kB
20220313 001036.913 INFO             PET1 PIOc_freedecomp Exit - MemInfo: [/proc/self/status]	VmStk:	     164 kB
20220313 001036.913 INFO             PET1 PIOc_freedecomp Exit - MemInfo: [/proc/self/status]	VmExe:	   27448 kB
20220313 001036.913 INFO             PET1 PIOc_freedecomp Exit - MemInfo: [/proc/self/status]	VmLib:	    1952 kB
20220313 001036.913 INFO             PET1 PIOc_freedecomp Exit - MemInfo: [/proc/self/status]	VmPTE:	     204 kB
20220313 001036.913 INFO             PET1 PIOc_freedecomp Exit - MemInfo: [/proc/self/status]	VmPMD:	      12 kB
20220313 001036.913 INFO             PET1 PIOc_freedecomp Exit - MemInfo: [/proc/self/status]	VmSwap:	       0 kB
20220313 001036.914 INFO             PET1 PIOc_freedecomp Exit - MemInfo: [/proc/self/status]	VmRSSPercent: 0.0398628 %
20220313 001036.914 INFO             PET1 PIOc_freedecomp Exit - MemInfo: [malloc] Non-mmapped space allocated:                26691904 Byte
20220313 001036.914 INFO             PET1 PIOc_freedecomp Exit - MemInfo: [malloc] Space allocated in mmapped regions:          2887680 Byte
20220313 001036.914 INFO             PET1 PIOc_freedecomp Exit - MemInfo: [malloc] Maximum total allocated space:                     0 Byte
20220313 001036.914 INFO             PET1 PIOc_freedecomp Exit - MemInfo: [malloc] Space in freed fastbin blocks:                   432 Byte
20220313 001036.914 INFO             PET1 PIOc_freedecomp Exit - MemInfo: [malloc] Total allocated space:                      11741904 Byte
20220313 001036.914 INFO             PET1 PIOc_freedecomp Exit - MemInfo: [malloc] Total free space:                           14950000 Byte
20220313 001036.914 INFO             PET1 PIOc_freedecomp Exit - MemInfo: [malloc] Top-most, releasable space:                  8523008 Byte
20220313 001036.914 INFO             PET1 PIOc_freedecomp Exit - MemInfo: [malloc] Total space in use, mmap + non-mmap:        14629584 Byte
20220313 001036.914 INFO             PET1 PIOc_freedecomp Exit - MemInfo: [malloc] Total space held (mmap + non-mmap):         29579584 Byte
20220313 001036.914 INFO             PET1 PIOc_freedecomp Exit - MemInfo: [malloc] Total space used (mmap + non-mmap):         14637792 Byte
20220313 001036.914 INFO             PET1 PIOc_freedecomp Exit - MemInfo: Wall-clock time since execution start:               0.495607 seconds
20220313 001036.915 INFO             PET1 PIOc_sync Enter - MemInfo: [/proc/meminfo - SSI]	MemTotal:       65855856 kB
20220313 001036.915 INFO             PET1 PIOc_sync Enter - MemInfo: [/proc/meminfo - SSI]	MemFree:        61188864 kB
20220313 001036.915 INFO             PET1 PIOc_sync Enter - MemInfo: [/proc/meminfo - SSI]	MemAvailable:   60956244 kB
20220313 001036.915 INFO             PET1 PIOc_sync Enter - MemInfo: [/proc/meminfo - SSI]	Committed_AS:    2967984 kB
20220313 001036.915 INFO             PET1 PIOc_sync Enter - MemInfo: [/proc/meminfo - SSI]	CommittedPercent: 4.50679 %
20220313 001036.915 INFO             PET1 PIOc_sync Enter - MemInfo: [/proc/self/status]	VmPeak:	  116864 kB
20220313 001036.915 INFO             PET1 PIOc_sync Enter - MemInfo: [/proc/self/status]	VmSize:	  116840 kB
20220313 001036.915 INFO             PET1 PIOc_sync Enter - MemInfo: [/proc/self/status]	VmLck:	       0 kB
20220313 001036.915 INFO             PET1 PIOc_sync Enter - MemInfo: [/proc/self/status]	VmPin:	       0 kB
20220313 001036.915 INFO             PET1 PIOc_sync Enter - MemInfo: [/proc/self/status]	VmHWM:	   26252 kB
20220313 001036.915 INFO             PET1 PIOc_sync Enter - MemInfo: [/proc/self/status]	VmRSS:	   26252 kB
20220313 001036.915 INFO             PET1 PIOc_sync Enter - MemInfo: [/proc/self/status]	VmData:	   33124 kB
20220313 001036.915 INFO             PET1 PIOc_sync Enter - MemInfo: [/proc/self/status]	VmStk:	     164 kB
20220313 001036.915 INFO             PET1 PIOc_sync Enter - MemInfo: [/proc/self/status]	VmExe:	   27448 kB
20220313 001036.915 INFO             PET1 PIOc_sync Enter - MemInfo: [/proc/self/status]	VmLib:	    1952 kB
20220313 001036.915 INFO             PET1 PIOc_sync Enter - MemInfo: [/proc/self/status]	VmPTE:	     204 kB
20220313 001036.915 INFO             PET1 PIOc_sync Enter - MemInfo: [/proc/self/status]	VmPMD:	      12 kB
20220313 001036.915 INFO             PET1 PIOc_sync Enter - MemInfo: [/proc/self/status]	VmSwap:	       0 kB
20220313 001036.915 INFO             PET1 PIOc_sync Enter - MemInfo: [/proc/self/status]	VmRSSPercent: 0.0398628 %
20220313 001036.915 INFO             PET1 PIOc_sync Enter - MemInfo: [malloc] Non-mmapped space allocated:                26691904 Byte
20220313 001036.915 INFO             PET1 PIOc_sync Enter - MemInfo: [malloc] Space allocated in mmapped regions:          2887680 Byte
20220313 001036.915 INFO             PET1 PIOc_sync Enter - MemInfo: [malloc] Maximum total allocated space:                     0 Byte
20220313 001036.915 INFO             PET1 PIOc_sync Enter - MemInfo: [malloc] Space in freed fastbin blocks:                    80 Byte
20220313 001036.915 INFO             PET1 PIOc_sync Enter - MemInfo: [malloc] Total allocated space:                      11745776 Byte
20220313 001036.915 INFO             PET1 PIOc_sync Enter - MemInfo: [malloc] Total free space:                           14946128 Byte
20220313 001036.915 INFO             PET1 PIOc_sync Enter - MemInfo: [malloc] Top-most, releasable space:                  8523008 Byte
20220313 001036.915 INFO             PET1 PIOc_sync Enter - MemInfo: [malloc] Total space in use, mmap + non-mmap:        14633456 Byte
20220313 001036.915 INFO             PET1 PIOc_sync Enter - MemInfo: [malloc] Total space held (mmap + non-mmap):         29579584 Byte
20220313 001036.915 INFO             PET1 PIOc_sync Enter - MemInfo: [malloc] Total space used (mmap + non-mmap):         14641664 Byte
20220313 001036.916 INFO             PET1 PIOc_sync Enter - MemInfo: Wall-clock time since execution start:               0.497491 seconds
20220313 001036.916 INFO             PET1 PIOc_sync Exit - MemInfo: [/proc/meminfo - SSI]	MemTotal:       65855856 kB
20220313 001036.916 INFO             PET1 PIOc_sync Exit - MemInfo: [/proc/meminfo - SSI]	MemFree:        61188864 kB
20220313 001036.916 INFO             PET1 PIOc_sync Exit - MemInfo: [/proc/meminfo - SSI]	MemAvailable:   60956244 kB
20220313 001036.916 INFO             PET1 PIOc_sync Exit - MemInfo: [/proc/meminfo - SSI]	Committed_AS:    2967984 kB
20220313 001036.916 INFO             PET1 PIOc_sync Exit - MemInfo: [/proc/meminfo - SSI]	CommittedPercent: 4.50679 %
20220313 001036.916 INFO             PET1 PIOc_sync Exit - MemInfo: [/proc/self/status]	VmPeak:	  116864 kB
20220313 001036.916 INFO             PET1 PIOc_sync Exit - MemInfo: [/proc/self/status]	VmSize:	  116840 kB
20220313 001036.916 INFO             PET1 PIOc_sync Exit - MemInfo: [/proc/self/status]	VmLck:	       0 kB
20220313 001036.916 INFO             PET1 PIOc_sync Exit - MemInfo: [/proc/self/status]	VmPin:	       0 kB
20220313 001036.916 INFO             PET1 PIOc_sync Exit - MemInfo: [/proc/self/status]	VmHWM:	   26252 kB
20220313 001036.916 INFO             PET1 PIOc_sync Exit - MemInfo: [/proc/self/status]	VmRSS:	   26252 kB
20220313 001036.916 INFO             PET1 PIOc_sync Exit - MemInfo: [/proc/self/status]	VmData:	   33124 kB
20220313 001036.916 INFO             PET1 PIOc_sync Exit - MemInfo: [/proc/self/status]	VmStk:	     164 kB
20220313 001036.916 INFO             PET1 PIOc_sync Exit - MemInfo: [/proc/self/status]	VmExe:	   27448 kB
20220313 001036.916 INFO             PET1 PIOc_sync Exit - MemInfo: [/proc/self/status]	VmLib:	    1952 kB
20220313 001036.916 INFO             PET1 PIOc_sync Exit - MemInfo: [/proc/self/status]	VmPTE:	     204 kB
20220313 001036.916 INFO             PET1 PIOc_sync Exit - MemInfo: [/proc/self/status]	VmPMD:	      12 kB
20220313 001036.916 INFO             PET1 PIOc_sync Exit - MemInfo: [/proc/self/status]	VmSwap:	       0 kB
20220313 001036.916 INFO             PET1 PIOc_sync Exit - MemInfo: [/proc/self/status]	VmRSSPercent: 0.0398628 %
20220313 001036.916 INFO             PET1 PIOc_sync Exit - MemInfo: [malloc] Non-mmapped space allocated:                26691904 Byte
20220313 001036.916 INFO             PET1 PIOc_sync Exit - MemInfo: [malloc] Space allocated in mmapped regions:          2887680 Byte
20220313 001036.916 INFO             PET1 PIOc_sync Exit - MemInfo: [malloc] Maximum total allocated space:                     0 Byte
20220313 001036.916 INFO             PET1 PIOc_sync Exit - MemInfo: [malloc] Space in freed fastbin blocks:                     0 Byte
20220313 001036.916 INFO             PET1 PIOc_sync Exit - MemInfo: [malloc] Total allocated space:                      11745856 Byte
20220313 001036.916 INFO             PET1 PIOc_sync Exit - MemInfo: [malloc] Total free space:                           14946048 Byte
20220313 001036.916 INFO             PET1 PIOc_sync Exit - MemInfo: [malloc] Top-most, releasable space:                  8523008 Byte
20220313 001036.916 INFO             PET1 PIOc_sync Exit - MemInfo: [malloc] Total space in use, mmap + non-mmap:        14633536 Byte
20220313 001036.916 INFO             PET1 PIOc_sync Exit - MemInfo: [malloc] Total space held (mmap + non-mmap):         29579584 Byte
20220313 001036.916 INFO             PET1 PIOc_sync Exit - MemInfo: [malloc] Total space used (mmap + non-mmap):         14641744 Byte
20220313 001036.916 INFO             PET1 PIOc_sync Exit - MemInfo: Wall-clock time since execution start:               0.498232 seconds
20220313 001036.916 INFO             PET1 PIOc_freedecomp Enter - MemInfo: [/proc/meminfo - SSI]	MemTotal:       65855856 kB
20220313 001036.916 INFO             PET1 PIOc_freedecomp Enter - MemInfo: [/proc/meminfo - SSI]	MemFree:        61188864 kB
20220313 001036.916 INFO             PET1 PIOc_freedecomp Enter - MemInfo: [/proc/meminfo - SSI]	MemAvailable:   60956244 kB
20220313 001036.917 INFO             PET1 PIOc_freedecomp Enter - MemInfo: [/proc/meminfo - SSI]	Committed_AS:    2967984 kB
20220313 001036.917 INFO             PET1 PIOc_freedecomp Enter - MemInfo: [/proc/meminfo - SSI]	CommittedPercent: 4.50679 %
20220313 001036.917 INFO             PET1 PIOc_freedecomp Enter - MemInfo: [/proc/self/status]	VmPeak:	  116864 kB
20220313 001036.917 INFO             PET1 PIOc_freedecomp Enter - MemInfo: [/proc/self/status]	VmSize:	  116840 kB
20220313 001036.917 INFO             PET1 PIOc_freedecomp Enter - MemInfo: [/proc/self/status]	VmLck:	       0 kB
20220313 001036.917 INFO             PET1 PIOc_freedecomp Enter - MemInfo: [/proc/self/status]	VmPin:	       0 kB
20220313 001036.917 INFO             PET1 PIOc_freedecomp Enter - MemInfo: [/proc/self/status]	VmHWM:	   26252 kB
20220313 001036.917 INFO             PET1 PIOc_freedecomp Enter - MemInfo: [/proc/self/status]	VmRSS:	   26252 kB
20220313 001036.917 INFO             PET1 PIOc_freedecomp Enter - MemInfo: [/proc/self/status]	VmData:	   33124 kB
20220313 001036.917 INFO             PET1 PIOc_freedecomp Enter - MemInfo: [/proc/self/status]	VmStk:	     164 kB
20220313 001036.917 INFO             PET1 PIOc_freedecomp Enter - MemInfo: [/proc/self/status]	VmExe:	   27448 kB
20220313 001036.917 INFO             PET1 PIOc_freedecomp Enter - MemInfo: [/proc/self/status]	VmLib:	    1952 kB
20220313 001036.917 INFO             PET1 PIOc_freedecomp Enter - MemInfo: [/proc/self/status]	VmPTE:	     204 kB
20220313 001036.917 INFO             PET1 PIOc_freedecomp Enter - MemInfo: [/proc/self/status]	VmPMD:	      12 kB
20220313 001036.917 INFO             PET1 PIOc_freedecomp Enter - MemInfo: [/proc/self/status]	VmSwap:	       0 kB
20220313 001036.917 INFO             PET1 PIOc_freedecomp Enter - MemInfo: [/proc/self/status]	VmRSSPercent: 0.0398628 %
20220313 001036.917 INFO             PET1 PIOc_freedecomp Enter - MemInfo: [malloc] Non-mmapped space allocated:                26691904 Byte
20220313 001036.917 INFO             PET1 PIOc_freedecomp Enter - MemInfo: [malloc] Space allocated in mmapped regions:          2887680 Byte
20220313 001036.917 INFO             PET1 PIOc_freedecomp Enter - MemInfo: [malloc] Maximum total allocated space:                     0 Byte
20220313 001036.917 INFO             PET1 PIOc_freedecomp Enter - MemInfo: [malloc] Space in freed fastbin blocks:                     0 Byte
20220313 001036.917 INFO             PET1 PIOc_freedecomp Enter - MemInfo: [malloc] Total allocated space:                      11744224 Byte
20220313 001036.917 INFO             PET1 PIOc_freedecomp Enter - MemInfo: [malloc] Total free space:                           14947680 Byte
20220313 001036.917 INFO             PET1 PIOc_freedecomp Enter - MemInfo: [malloc] Top-most, releasable space:                  8523008 Byte
20220313 001036.917 INFO             PET1 PIOc_freedecomp Enter - MemInfo: [malloc] Total space in use, mmap + non-mmap:        14631904 Byte
20220313 001036.917 INFO             PET1 PIOc_freedecomp Enter - MemInfo: [malloc] Total space held (mmap + non-mmap):         29579584 Byte
20220313 001036.917 INFO             PET1 PIOc_freedecomp Enter - MemInfo: [malloc] Total space used (mmap + non-mmap):         14640112 Byte
20220313 001036.917 INFO             PET1 PIOc_freedecomp Enter - MemInfo: Wall-clock time since execution start:                 0.4989 seconds
20220313 001036.917 INFO             PET1 PIOc_freedecomp Exit - MemInfo: [/proc/meminfo - SSI]	MemTotal:       65855856 kB
20220313 001036.917 INFO             PET1 PIOc_freedecomp Exit - MemInfo: [/proc/meminfo - SSI]	MemFree:        61188360 kB
20220313 001036.917 INFO             PET1 PIOc_freedecomp Exit - MemInfo: [/proc/meminfo - SSI]	MemAvailable:   60955740 kB
20220313 001036.917 INFO             PET1 PIOc_freedecomp Exit - MemInfo: [/proc/meminfo - SSI]	Committed_AS:    2967984 kB
20220313 001036.917 INFO             PET1 PIOc_freedecomp Exit - MemInfo: [/proc/meminfo - SSI]	CommittedPercent: 4.50679 %
20220313 001036.917 INFO             PET1 PIOc_freedecomp Exit - MemInfo: [/proc/self/status]	VmPeak:	  116864 kB
20220313 001036.917 INFO             PET1 PIOc_freedecomp Exit - MemInfo: [/proc/self/status]	VmSize:	  116840 kB
20220313 001036.917 INFO             PET1 PIOc_freedecomp Exit - MemInfo: [/proc/self/status]	VmLck:	       0 kB
20220313 001036.917 INFO             PET1 PIOc_freedecomp Exit - MemInfo: [/proc/self/status]	VmPin:	       0 kB
20220313 001036.917 INFO             PET1 PIOc_freedecomp Exit - MemInfo: [/proc/self/status]	VmHWM:	   26252 kB
20220313 001036.917 INFO             PET1 PIOc_freedecomp Exit - MemInfo: [/proc/self/status]	VmRSS:	   26252 kB
20220313 001036.917 INFO             PET1 PIOc_freedecomp Exit - MemInfo: [/proc/self/status]	VmData:	   33124 kB
20220313 001036.917 INFO             PET1 PIOc_freedecomp Exit - MemInfo: [/proc/self/status]	VmStk:	     164 kB
20220313 001036.917 INFO             PET1 PIOc_freedecomp Exit - MemInfo: [/proc/self/status]	VmExe:	   27448 kB
20220313 001036.917 INFO             PET1 PIOc_freedecomp Exit - MemInfo: [/proc/self/status]	VmLib:	    1952 kB
20220313 001036.917 INFO             PET1 PIOc_freedecomp Exit - MemInfo: [/proc/self/status]	VmPTE:	     204 kB
20220313 001036.917 INFO             PET1 PIOc_freedecomp Exit - MemInfo: [/proc/self/status]	VmPMD:	      12 kB
20220313 001036.917 INFO             PET1 PIOc_freedecomp Exit - MemInfo: [/proc/self/status]	VmSwap:	       0 kB
20220313 001036.917 INFO             PET1 PIOc_freedecomp Exit - MemInfo: [/proc/self/status]	VmRSSPercent: 0.0398628 %
20220313 001036.917 INFO             PET1 PIOc_freedecomp Exit - MemInfo: [malloc] Non-mmapped space allocated:                26691904 Byte
20220313 001036.917 INFO             PET1 PIOc_freedecomp Exit - MemInfo: [malloc] Space allocated in mmapped regions:          2887680 Byte
20220313 001036.917 INFO             PET1 PIOc_freedecomp Exit - MemInfo: [malloc] Maximum total allocated space:                     0 Byte
20220313 001036.917 INFO             PET1 PIOc_freedecomp Exit - MemInfo: [malloc] Space in freed fastbin blocks:                   432 Byte
20220313 001036.917 INFO             PET1 PIOc_freedecomp Exit - MemInfo: [malloc] Total allocated space:                      11741904 Byte
20220313 001036.917 INFO             PET1 PIOc_freedecomp Exit - MemInfo: [malloc] Total free space:                           14950000 Byte
20220313 001036.917 INFO             PET1 PIOc_freedecomp Exit - MemInfo: [malloc] Top-most, releasable space:                  8523008 Byte
20220313 001036.917 INFO             PET1 PIOc_freedecomp Exit - MemInfo: [malloc] Total space in use, mmap + non-mmap:        14629584 Byte
20220313 001036.917 INFO             PET1 PIOc_freedecomp Exit - MemInfo: [malloc] Total space held (mmap + non-mmap):         29579584 Byte
20220313 001036.917 INFO             PET1 PIOc_freedecomp Exit - MemInfo: [malloc] Total space used (mmap + non-mmap):         14637792 Byte
20220313 001036.917 INFO             PET1 PIOc_freedecomp Exit - MemInfo: Wall-clock time since execution start:               0.499305 seconds
20220313 001036.919 INFO             PET1  PASS  ESMF_FieldRegridStoreFromFile Unit Test, ESMF_FieldSMMFromFileUTest.F90, line 315
20220313 001036.920 INFO             PET1  Ending Test, file ESMF_FieldSMMFromFileUTest.F90, line 322
20220313 001036.920 INFO             PET1 Finalizing ESMF
20220313 001036.456 INFO             PET2 !!!!!!!!!!!!!!!!!!!!!!!!!!!!!!!!!!!!!!!!!!!!!!!!!!!!!!
20220313 001036.456 INFO             PET2 !!! THE ESMF_LOG IS SET TO OUTPUT ALL LOG MESSAGES !!!
20220313 001036.456 INFO             PET2 !!!     THIS MAY CAUSE SLOWDOWN IN PERFORMANCE     !!!
20220313 001036.456 INFO             PET2 !!! FOR PRODUCTION RUNS, USE:                      !!!
20220313 001036.456 INFO             PET2 !!!                   ESMF_LOGKIND_Multi_On_Error  !!!
20220313 001036.456 INFO             PET2 !!!!!!!!!!!!!!!!!!!!!!!!!!!!!!!!!!!!!!!!!!!!!!!!!!!!!!
20220313 001036.456 INFO             PET2 Running with ESMF Version   : v8.3.0b09-96-g559b459836
20220313 001036.458 INFO             PET2 ESMF library build date/time: "Mar 12 2022" "23:26:31"
20220313 001036.458 INFO             PET2 ESMF library build location : /lustre/f2/dev/ncep/Mark.Potts/gfortran_8.3.0_mpi_O_jedwards_pio_update2
20220313 001036.458 INFO             PET2 ESMF_COMM                   : mpi
20220313 001036.458 INFO             PET2 ESMF_MOAB                   : enabled
20220313 001036.458 INFO             PET2 ESMF_LAPACK                 : enabled
20220313 001036.458 INFO             PET2 ESMF_NETCDF                 : enabled
20220313 001036.458 INFO             PET2 ESMF_PNETCDF                : disabled
20220313 001036.458 INFO             PET2 ESMF_PIO                    : enabled
20220313 001036.458 INFO             PET2 ESMF_YAMLCPP                : enabled
20220313 001036.470 INFO             PET2  Beginning Test, file ESMF_FieldSMMFromFileUTest.F90, line 287
20220313 001036.470 INFO             PET2  NUMBER_OF_PROCESSORS           4
20220313 001036.824 INFO             PET2  PASS  ESMF_FieldSMMFromFile Unit Test, ESMF_FieldSMMFromFileUTest.F90, line 300
20220313 001036.907 INFO             PET2 PIOc_sync Enter - MemInfo: [/proc/meminfo - SSI]	MemTotal:       65855856 kB
20220313 001036.907 INFO             PET2 PIOc_sync Enter - MemInfo: [/proc/meminfo - SSI]	MemFree:        61189368 kB
20220313 001036.907 INFO             PET2 PIOc_sync Enter - MemInfo: [/proc/meminfo - SSI]	MemAvailable:   60956496 kB
20220313 001036.907 INFO             PET2 PIOc_sync Enter - MemInfo: [/proc/meminfo - SSI]	Committed_AS:    2967984 kB
20220313 001036.907 INFO             PET2 PIOc_sync Enter - MemInfo: [/proc/meminfo - SSI]	CommittedPercent: 4.50679 %
20220313 001036.907 INFO             PET2 PIOc_sync Enter - MemInfo: [/proc/self/status]	VmPeak:	  123008 kB
20220313 001036.907 INFO             PET2 PIOc_sync Enter - MemInfo: [/proc/self/status]	VmSize:	  122984 kB
20220313 001036.907 INFO             PET2 PIOc_sync Enter - MemInfo: [/proc/self/status]	VmLck:	       0 kB
20220313 001036.907 INFO             PET2 PIOc_sync Enter - MemInfo: [/proc/self/status]	VmPin:	       0 kB
20220313 001036.907 INFO             PET2 PIOc_sync Enter - MemInfo: [/proc/self/status]	VmHWM:	   26088 kB
20220313 001036.907 INFO             PET2 PIOc_sync Enter - MemInfo: [/proc/self/status]	VmRSS:	   26088 kB
20220313 001036.907 INFO             PET2 PIOc_sync Enter - MemInfo: [/proc/self/status]	VmData:	   33124 kB
20220313 001036.907 INFO             PET2 PIOc_sync Enter - MemInfo: [/proc/self/status]	VmStk:	     164 kB
20220313 001036.907 INFO             PET2 PIOc_sync Enter - MemInfo: [/proc/self/status]	VmExe:	   27448 kB
20220313 001036.907 INFO             PET2 PIOc_sync Enter - MemInfo: [/proc/self/status]	VmLib:	    1952 kB
20220313 001036.907 INFO             PET2 PIOc_sync Enter - MemInfo: [/proc/self/status]	VmPTE:	     204 kB
20220313 001036.907 INFO             PET2 PIOc_sync Enter - MemInfo: [/proc/self/status]	VmPMD:	      12 kB
20220313 001036.907 INFO             PET2 PIOc_sync Enter - MemInfo: [/proc/self/status]	VmSwap:	       0 kB
20220313 001036.907 INFO             PET2 PIOc_sync Enter - MemInfo: [/proc/self/status]	VmRSSPercent: 0.0396138 %
20220313 001036.908 INFO             PET2 PIOc_sync Enter - MemInfo: [malloc] Non-mmapped space allocated:                26691904 Byte
20220313 001036.908 INFO             PET2 PIOc_sync Enter - MemInfo: [malloc] Space allocated in mmapped regions:          2887680 Byte
20220313 001036.908 INFO             PET2 PIOc_sync Enter - MemInfo: [malloc] Maximum total allocated space:                     0 Byte
20220313 001036.908 INFO             PET2 PIOc_sync Enter - MemInfo: [malloc] Space in freed fastbin blocks:                    80 Byte
20220313 001036.908 INFO             PET2 PIOc_sync Enter - MemInfo: [malloc] Total allocated space:                      11738240 Byte
20220313 001036.908 INFO             PET2 PIOc_sync Enter - MemInfo: [malloc] Total free space:                           14953664 Byte
20220313 001036.908 INFO             PET2 PIOc_sync Enter - MemInfo: [malloc] Top-most, releasable space:                  8523008 Byte
20220313 001036.908 INFO             PET2 PIOc_sync Enter - MemInfo: [malloc] Total space in use, mmap + non-mmap:        14625920 Byte
20220313 001036.908 INFO             PET2 PIOc_sync Enter - MemInfo: [malloc] Total space held (mmap + non-mmap):         29579584 Byte
20220313 001036.908 INFO             PET2 PIOc_sync Enter - MemInfo: [malloc] Total space used (mmap + non-mmap):         14634720 Byte
20220313 001036.909 INFO             PET2 PIOc_sync Enter - MemInfo: Wall-clock time since execution start:               0.490208 seconds
20220313 001036.909 INFO             PET2 PIOc_sync Exit - MemInfo: [/proc/meminfo - SSI]	MemTotal:       65855856 kB
20220313 001036.909 INFO             PET2 PIOc_sync Exit - MemInfo: [/proc/meminfo - SSI]	MemFree:        61189368 kB
20220313 001036.909 INFO             PET2 PIOc_sync Exit - MemInfo: [/proc/meminfo - SSI]	MemAvailable:   60956496 kB
20220313 001036.909 INFO             PET2 PIOc_sync Exit - MemInfo: [/proc/meminfo - SSI]	Committed_AS:    2967984 kB
20220313 001036.909 INFO             PET2 PIOc_sync Exit - MemInfo: [/proc/meminfo - SSI]	CommittedPercent: 4.50679 %
20220313 001036.909 INFO             PET2 PIOc_sync Exit - MemInfo: [/proc/self/status]	VmPeak:	  123008 kB
20220313 001036.909 INFO             PET2 PIOc_sync Exit - MemInfo: [/proc/self/status]	VmSize:	  122984 kB
20220313 001036.909 INFO             PET2 PIOc_sync Exit - MemInfo: [/proc/self/status]	VmLck:	       0 kB
20220313 001036.909 INFO             PET2 PIOc_sync Exit - MemInfo: [/proc/self/status]	VmPin:	       0 kB
20220313 001036.909 INFO             PET2 PIOc_sync Exit - MemInfo: [/proc/self/status]	VmHWM:	   26088 kB
20220313 001036.909 INFO             PET2 PIOc_sync Exit - MemInfo: [/proc/self/status]	VmRSS:	   26088 kB
20220313 001036.909 INFO             PET2 PIOc_sync Exit - MemInfo: [/proc/self/status]	VmData:	   33124 kB
20220313 001036.909 INFO             PET2 PIOc_sync Exit - MemInfo: [/proc/self/status]	VmStk:	     164 kB
20220313 001036.909 INFO             PET2 PIOc_sync Exit - MemInfo: [/proc/self/status]	VmExe:	   27448 kB
20220313 001036.909 INFO             PET2 PIOc_sync Exit - MemInfo: [/proc/self/status]	VmLib:	    1952 kB
20220313 001036.909 INFO             PET2 PIOc_sync Exit - MemInfo: [/proc/self/status]	VmPTE:	     204 kB
