build time -- 2022-03-14 00:29:56
20220314 011419.258 INFO             PET0 !!!!!!!!!!!!!!!!!!!!!!!!!!!!!!!!!!!!!!!!!!!!!!!!!!!!!!
20220314 011419.259 INFO             PET0 !!! THE ESMF_LOG IS SET TO OUTPUT ALL LOG MESSAGES !!!
20220314 011419.259 INFO             PET0 !!!     THIS MAY CAUSE SLOWDOWN IN PERFORMANCE     !!!
20220314 011419.259 INFO             PET0 !!! FOR PRODUCTION RUNS, USE:                      !!!
20220314 011419.259 INFO             PET0 !!!                   ESMF_LOGKIND_Multi_On_Error  !!!
20220314 011419.259 INFO             PET0 !!!!!!!!!!!!!!!!!!!!!!!!!!!!!!!!!!!!!!!!!!!!!!!!!!!!!!
20220314 011419.259 INFO             PET0 Running with ESMF Version   : v8.3.0b09-96-g559b459836
20220314 011419.259 INFO             PET0 ESMF library build date/time: "Mar 14 2022" "00:28:19"
20220314 011419.259 INFO             PET0 ESMF library build location : /lustre/f2/dev/ncep/Mark.Potts/gfortran_8.3.0_mpi_O_jedwards_pio_update2
20220314 011419.259 INFO             PET0 ESMF_COMM                   : mpi
20220314 011419.259 INFO             PET0 ESMF_MOAB                   : enabled
20220314 011419.259 INFO             PET0 ESMF_LAPACK                 : enabled
20220314 011419.259 INFO             PET0 ESMF_NETCDF                 : enabled
20220314 011419.259 INFO             PET0 ESMF_PNETCDF                : disabled
20220314 011419.259 INFO             PET0 ESMF_PIO                    : enabled
20220314 011419.259 INFO             PET0 ESMF_YAMLCPP                : enabled
20220314 011419.278 INFO             PET0  Beginning Test, file ESMF_FieldBundleIOUTest.F90, line 71
20220314 011419.278 INFO             PET0  NUMBER_OF_PROCESSORS           4
20220314 011419.287 INFO             PET0  PASS  Creating a Grid to use in Field Tests, ESMF_FieldBundleIOUTest.F90, line 92
20220314 011419.348 INFO             PET0  PASS  Create dimensions attribute package on shared Grid Test, ESMF_FieldBundleIOUTest.F90, line 102
20220314 011419.351 INFO             PET0  PASS  Set dimensions attribute package on Grid Test, ESMF_FieldBundleIOUTest.F90, line 113
20220314 011419.351 INFO             PET0  PASS  Creating a 2 DE/PET Grid to use in Field Tests, ESMF_FieldBundleIOUTest.F90, line 123
20220314 011419.351 INFO             PET0  PASS  Create dimensions attribute package on 2 DE/PET Grid Test, ESMF_FieldBundleIOUTest.F90, line 133
20220314 011419.351 INFO             PET0  PASS  Set dimensions attribute package on Grid Test, ESMF_FieldBundleIOUTest.F90, line 144
20220314 011419.396 INFO             PET0  PASS  Create a field from grid and fortran dummy array, ESMF_FieldBundleIOUTest.F90, line 182
20220314 011419.397 INFO             PET0  PASS  Create attribute package on Field(1) Test, ESMF_FieldBundleIOUTest.F90, line 195
20220314 011419.397 INFO             PET0  PASS  Set attribute values on Field(1) Test, ESMF_FieldBundleIOUTest.F90, line 208
20220314 011419.397 INFO             PET0  PASS  Create a field from grid and fortran dummy array, ESMF_FieldBundleIOUTest.F90, line 218
20220314 011419.397 INFO             PET0  PASS  Create attribute package on Field(2) Test, ESMF_FieldBundleIOUTest.F90, line 230
20220314 011419.398 INFO             PET0  PASS  Set attribute values on Field(2) Test, ESMF_FieldBundleIOUTest.F90, line 243
20220314 011419.398 INFO             PET0  PASS  Array Spec Set, ESMF_FieldBundleIOUTest.F90, line 253
20220314 011419.400 INFO             PET0  PASS  Create a field from 2 DE/PET grid, ESMF_FieldBundleIOUTest.F90, line 263
20220314 011419.400 INFO             PET0  PASS  Create attribute package on Field(3) Test, ESMF_FieldBundleIOUTest.F90, line 275
20220314 011419.400 INFO             PET0  PASS  Set attribute values on Field(3) Test, ESMF_FieldBundleIOUTest.F90, line 288
20220314 011419.402 INFO             PET0  PASS  Get and fill Farray_w from field DE 0, ESMF_FieldBundleIOUTest.F90, line 298
20220314 011419.402 INFO             PET0  PASS  Get and fill Farray_w from field DE 1, ESMF_FieldBundleIOUTest.F90, line 308
20220314 011419.404 INFO             PET0  PASS  Create a bundle from 3 fields, ESMF_FieldBundleIOUTest.F90, line 317
20220314 011419.404 INFO             PET0  PASS  Create attribute package on FieldBundle single Test, ESMF_FieldBundleIOUTest.F90, line 329
20220314 011419.404 INFO             PET0  PASS  Set attribute values on FieldBundle single Test, ESMF_FieldBundleIOUTest.F90, line 342
20220314 011419.434 INFO             PET0 PIOc_sync Enter - MemInfo: [/proc/meminfo - SSI]	MemTotal:       65855856 kB
20220314 011419.434 INFO             PET0 PIOc_sync Enter - MemInfo: [/proc/meminfo - SSI]	MemFree:        61335020 kB
20220314 011419.434 INFO             PET0 PIOc_sync Enter - MemInfo: [/proc/meminfo - SSI]	MemAvailable:   61105328 kB
20220314 011419.434 INFO             PET0 PIOc_sync Enter - MemInfo: [/proc/meminfo - SSI]	Committed_AS:    2810444 kB
20220314 011419.434 INFO             PET0 PIOc_sync Enter - MemInfo: [/proc/meminfo - SSI]	CommittedPercent: 4.26757 %
20220314 011419.434 INFO             PET0 PIOc_sync Enter - MemInfo: [/proc/self/status]	VmPeak:	   71844 kB
20220314 011419.435 INFO             PET0 PIOc_sync Enter - MemInfo: [/proc/self/status]	VmSize:	   71844 kB
20220314 011419.435 INFO             PET0 PIOc_sync Enter - MemInfo: [/proc/self/status]	VmLck:	       0 kB
20220314 011419.435 INFO             PET0 PIOc_sync Enter - MemInfo: [/proc/self/status]	VmPin:	       0 kB
20220314 011419.435 INFO             PET0 PIOc_sync Enter - MemInfo: [/proc/self/status]	VmHWM:	   21492 kB
20220314 011419.435 INFO             PET0 PIOc_sync Enter - MemInfo: [/proc/self/status]	VmRSS:	   21492 kB
20220314 011419.435 INFO             PET0 PIOc_sync Enter - MemInfo: [/proc/self/status]	VmData:	   18912 kB
20220314 011419.435 INFO             PET0 PIOc_sync Enter - MemInfo: [/proc/self/status]	VmStk:	     164 kB
20220314 011419.435 INFO             PET0 PIOc_sync Enter - MemInfo: [/proc/self/status]	VmExe:	   27348 kB
20220314 011419.435 INFO             PET0 PIOc_sync Enter - MemInfo: [/proc/self/status]	VmLib:	    1952 kB
20220314 011419.435 INFO             PET0 PIOc_sync Enter - MemInfo: [/proc/self/status]	VmPTE:	     140 kB
20220314 011419.435 INFO             PET0 PIOc_sync Enter - MemInfo: [/proc/self/status]	VmPMD:	      12 kB
20220314 011419.435 INFO             PET0 PIOc_sync Enter - MemInfo: [/proc/self/status]	VmSwap:	       0 kB
20220314 011419.435 INFO             PET0 PIOc_sync Enter - MemInfo: [/proc/self/status]	VmRSSPercent: 0.0326349 %
20220314 011419.435 INFO             PET0 PIOc_sync Enter - MemInfo: [malloc] Non-mmapped space allocated:                 2001216 Byte
20220314 011419.435 INFO             PET0 PIOc_sync Enter - MemInfo: [malloc] Space allocated in mmapped regions:         13025280 Byte
20220314 011419.435 INFO             PET0 PIOc_sync Enter - MemInfo: [malloc] Maximum total allocated space:                     0 Byte
20220314 011419.435 INFO             PET0 PIOc_sync Enter - MemInfo: [malloc] Space in freed fastbin blocks:                   784 Byte
20220314 011419.435 INFO             PET0 PIOc_sync Enter - MemInfo: [malloc] Total allocated space:                       1534192 Byte
20220314 011419.435 INFO             PET0 PIOc_sync Enter - MemInfo: [malloc] Total free space:                             467024 Byte
20220314 011419.435 INFO             PET0 PIOc_sync Enter - MemInfo: [malloc] Top-most, releasable space:                   453136 Byte
20220314 011419.435 INFO             PET0 PIOc_sync Enter - MemInfo: [malloc] Total space in use, mmap + non-mmap:        14559472 Byte
20220314 011419.435 INFO             PET0 PIOc_sync Enter - MemInfo: [malloc] Total space held (mmap + non-mmap):         15026496 Byte
20220314 011419.435 INFO             PET0 PIOc_sync Enter - MemInfo: [malloc] Total space used (mmap + non-mmap):         14568720 Byte
20220314 011419.435 INFO             PET0 PIOc_sync Enter - MemInfo: Wall-clock time since execution start:               0.199269 seconds
20220314 011419.436 INFO             PET0 PIOc_sync Exit - MemInfo: [/proc/meminfo - SSI]	MemTotal:       65855856 kB
20220314 011419.436 INFO             PET0 PIOc_sync Exit - MemInfo: [/proc/meminfo - SSI]	MemFree:        61333004 kB
20220314 011419.436 INFO             PET0 PIOc_sync Exit - MemInfo: [/proc/meminfo - SSI]	MemAvailable:   61103312 kB
20220314 011419.436 INFO             PET0 PIOc_sync Exit - MemInfo: [/proc/meminfo - SSI]	Committed_AS:    2810444 kB
20220314 011419.436 INFO             PET0 PIOc_sync Exit - MemInfo: [/proc/meminfo - SSI]	CommittedPercent: 4.26757 %
20220314 011419.436 INFO             PET0 PIOc_sync Exit - MemInfo: [/proc/self/status]	VmPeak:	   71844 kB
20220314 011419.436 INFO             PET0 PIOc_sync Exit - MemInfo: [/proc/self/status]	VmSize:	   71844 kB
20220314 011419.436 INFO             PET0 PIOc_sync Exit - MemInfo: [/proc/self/status]	VmLck:	       0 kB
20220314 011419.436 INFO             PET0 PIOc_sync Exit - MemInfo: [/proc/self/status]	VmPin:	       0 kB
20220314 011419.436 INFO             PET0 PIOc_sync Exit - MemInfo: [/proc/self/status]	VmHWM:	   21996 kB
20220314 011419.436 INFO             PET0 PIOc_sync Exit - MemInfo: [/proc/self/status]	VmRSS:	   21996 kB
20220314 011419.436 INFO             PET0 PIOc_sync Exit - MemInfo: [/proc/self/status]	VmData:	   18912 kB
20220314 011419.436 INFO             PET0 PIOc_sync Exit - MemInfo: [/proc/self/status]	VmStk:	     164 kB
20220314 011419.436 INFO             PET0 PIOc_sync Exit - MemInfo: [/proc/self/status]	VmExe:	   27348 kB
20220314 011419.436 INFO             PET0 PIOc_sync Exit - MemInfo: [/proc/self/status]	VmLib:	    1952 kB
20220314 011419.436 INFO             PET0 PIOc_sync Exit - MemInfo: [/proc/self/status]	VmPTE:	     148 kB
20220314 011419.436 INFO             PET0 PIOc_sync Exit - MemInfo: [/proc/self/status]	VmPMD:	      12 kB
20220314 011419.436 INFO             PET0 PIOc_sync Exit - MemInfo: [/proc/self/status]	VmSwap:	       0 kB
20220314 011419.436 INFO             PET0 PIOc_sync Exit - MemInfo: [/proc/self/status]	VmRSSPercent: 0.0334002 %
20220314 011419.436 INFO             PET0 PIOc_sync Exit - MemInfo: [malloc] Non-mmapped space allocated:                 2001216 Byte
20220314 011419.436 INFO             PET0 PIOc_sync Exit - MemInfo: [malloc] Space allocated in mmapped regions:         13025280 Byte
20220314 011419.436 INFO             PET0 PIOc_sync Exit - MemInfo: [malloc] Maximum total allocated space:                     0 Byte
20220314 011419.436 INFO             PET0 PIOc_sync Exit - MemInfo: [malloc] Space in freed fastbin blocks:                    96 Byte
20220314 011419.436 INFO             PET0 PIOc_sync Exit - MemInfo: [malloc] Total allocated space:                       1942256 Byte
20220314 011419.436 INFO             PET0 PIOc_sync Exit - MemInfo: [malloc] Total free space:                              58960 Byte
20220314 011419.436 INFO             PET0 PIOc_sync Exit - MemInfo: [malloc] Top-most, releasable space:                    56528 Byte
20220314 011419.436 INFO             PET0 PIOc_sync Exit - MemInfo: [malloc] Total space in use, mmap + non-mmap:        14967536 Byte
20220314 011419.436 INFO             PET0 PIOc_sync Exit - MemInfo: [malloc] Total space held (mmap + non-mmap):         15026496 Byte
20220314 011419.436 INFO             PET0 PIOc_sync Exit - MemInfo: [malloc] Total space used (mmap + non-mmap):         14976192 Byte
20220314 011419.436 INFO             PET0 PIOc_sync Exit - MemInfo: Wall-clock time since execution start:               0.200374 seconds
20220314 011419.437 INFO             PET0 PIOc_freedecomp Enter - MemInfo: [/proc/meminfo - SSI]	MemTotal:       65855856 kB
20220314 011419.437 INFO             PET0 PIOc_freedecomp Enter - MemInfo: [/proc/meminfo - SSI]	MemFree:        61340060 kB
20220314 011419.437 INFO             PET0 PIOc_freedecomp Enter - MemInfo: [/proc/meminfo - SSI]	MemAvailable:   61110368 kB
20220314 011419.437 INFO             PET0 PIOc_freedecomp Enter - MemInfo: [/proc/meminfo - SSI]	Committed_AS:    2804088 kB
20220314 011419.437 INFO             PET0 PIOc_freedecomp Enter - MemInfo: [/proc/meminfo - SSI]	CommittedPercent: 4.25792 %
20220314 011419.437 INFO             PET0 PIOc_freedecomp Enter - MemInfo: [/proc/self/status]	VmPeak:	   71844 kB
20220314 011419.437 INFO             PET0 PIOc_freedecomp Enter - MemInfo: [/proc/self/status]	VmSize:	   63132 kB
20220314 011419.437 INFO             PET0 PIOc_freedecomp Enter - MemInfo: [/proc/self/status]	VmLck:	       0 kB
20220314 011419.437 INFO             PET0 PIOc_freedecomp Enter - MemInfo: [/proc/self/status]	VmPin:	       0 kB
20220314 011419.437 INFO             PET0 PIOc_freedecomp Enter - MemInfo: [/proc/self/status]	VmHWM:	   21996 kB
20220314 011419.437 INFO             PET0 PIOc_freedecomp Enter - MemInfo: [/proc/self/status]	VmRSS:	   13912 kB
20220314 011419.437 INFO             PET0 PIOc_freedecomp Enter - MemInfo: [/proc/self/status]	VmData:	   10200 kB
20220314 011419.437 INFO             PET0 PIOc_freedecomp Enter - MemInfo: [/proc/self/status]	VmStk:	     164 kB
20220314 011419.437 INFO             PET0 PIOc_freedecomp Enter - MemInfo: [/proc/self/status]	VmExe:	   27348 kB
20220314 011419.437 INFO             PET0 PIOc_freedecomp Enter - MemInfo: [/proc/self/status]	VmLib:	    1952 kB
20220314 011419.437 INFO             PET0 PIOc_freedecomp Enter - MemInfo: [/proc/self/status]	VmPTE:	     136 kB
20220314 011419.437 INFO             PET0 PIOc_freedecomp Enter - MemInfo: [/proc/self/status]	VmPMD:	      12 kB
20220314 011419.437 INFO             PET0 PIOc_freedecomp Enter - MemInfo: [/proc/self/status]	VmSwap:	       0 kB
20220314 011419.437 INFO             PET0 PIOc_freedecomp Enter - MemInfo: [/proc/self/status]	VmRSSPercent: 0.0211249 %
20220314 011419.437 INFO             PET0 PIOc_freedecomp Enter - MemInfo: [malloc] Non-mmapped space allocated:                 2001216 Byte
20220314 011419.437 INFO             PET0 PIOc_freedecomp Enter - MemInfo: [malloc] Space allocated in mmapped regions:          4104192 Byte
20220314 011419.437 INFO             PET0 PIOc_freedecomp Enter - MemInfo: [malloc] Maximum total allocated space:                     0 Byte
20220314 011419.437 INFO             PET0 PIOc_freedecomp Enter - MemInfo: [malloc] Space in freed fastbin blocks:                  1856 Byte
20220314 011419.437 INFO             PET0 PIOc_freedecomp Enter - MemInfo: [malloc] Total allocated space:                       1930624 Byte
20220314 011419.437 INFO             PET0 PIOc_freedecomp Enter - MemInfo: [malloc] Total free space:                              70592 Byte
20220314 011419.437 INFO             PET0 PIOc_freedecomp Enter - MemInfo: [malloc] Top-most, releasable space:                    56304 Byte
20220314 011419.437 INFO             PET0 PIOc_freedecomp Enter - MemInfo: [malloc] Total space in use, mmap + non-mmap:         6034816 Byte
20220314 011419.437 INFO             PET0 PIOc_freedecomp Enter - MemInfo: [malloc] Total space held (mmap + non-mmap):          6105408 Byte
20220314 011419.437 INFO             PET0 PIOc_freedecomp Enter - MemInfo: [malloc] Total space used (mmap + non-mmap):          6043024 Byte
20220314 011419.437 INFO             PET0 PIOc_freedecomp Enter - MemInfo: Wall-clock time since execution start:               0.201337 seconds
20220314 011419.437 INFO             PET0 PIOc_freedecomp Exit - MemInfo: [/proc/meminfo - SSI]	MemTotal:       65855856 kB
20220314 011419.437 INFO             PET0 PIOc_freedecomp Exit - MemInfo: [/proc/meminfo - SSI]	MemFree:        61340060 kB
20220314 011419.437 INFO             PET0 PIOc_freedecomp Exit - MemInfo: [/proc/meminfo - SSI]	MemAvailable:   61110368 kB
20220314 011419.437 INFO             PET0 PIOc_freedecomp Exit - MemInfo: [/proc/meminfo - SSI]	Committed_AS:    2804088 kB
20220314 011419.437 INFO             PET0 PIOc_freedecomp Exit - MemInfo: [/proc/meminfo - SSI]	CommittedPercent: 4.25792 %
20220314 011419.437 INFO             PET0 PIOc_freedecomp Exit - MemInfo: [/proc/self/status]	VmPeak:	   71844 kB
20220314 011419.437 INFO             PET0 PIOc_freedecomp Exit - MemInfo: [/proc/self/status]	VmSize:	   63132 kB
20220314 011419.437 INFO             PET0 PIOc_freedecomp Exit - MemInfo: [/proc/self/status]	VmLck:	       0 kB
20220314 011419.437 INFO             PET0 PIOc_freedecomp Exit - MemInfo: [/proc/self/status]	VmPin:	       0 kB
20220314 011419.437 INFO             PET0 PIOc_freedecomp Exit - MemInfo: [/proc/self/status]	VmHWM:	   21996 kB
20220314 011419.437 INFO             PET0 PIOc_freedecomp Exit - MemInfo: [/proc/self/status]	VmRSS:	   13912 kB
20220314 011419.437 INFO             PET0 PIOc_freedecomp Exit - MemInfo: [/proc/self/status]	VmData:	   10200 kB
20220314 011419.437 INFO             PET0 PIOc_freedecomp Exit - MemInfo: [/proc/self/status]	VmStk:	     164 kB
20220314 011419.437 INFO             PET0 PIOc_freedecomp Exit - MemInfo: [/proc/self/status]	VmExe:	   27348 kB
20220314 011419.437 INFO             PET0 PIOc_freedecomp Exit - MemInfo: [/proc/self/status]	VmLib:	    1952 kB
20220314 011419.437 INFO             PET0 PIOc_freedecomp Exit - MemInfo: [/proc/self/status]	VmPTE:	     136 kB
20220314 011419.437 INFO             PET0 PIOc_freedecomp Exit - MemInfo: [/proc/self/status]	VmPMD:	      12 kB
20220314 011419.437 INFO             PET0 PIOc_freedecomp Exit - MemInfo: [/proc/self/status]	VmSwap:	       0 kB
20220314 011419.437 INFO             PET0 PIOc_freedecomp Exit - MemInfo: [/proc/self/status]	VmRSSPercent: 0.0211249 %
20220314 011419.437 INFO             PET0 PIOc_freedecomp Exit - MemInfo: [malloc] Non-mmapped space allocated:                 2001216 Byte
20220314 011419.437 INFO             PET0 PIOc_freedecomp Exit - MemInfo: [malloc] Space allocated in mmapped regions:          4104192 Byte
20220314 011419.437 INFO             PET0 PIOc_freedecomp Exit - MemInfo: [malloc] Maximum total allocated space:                     0 Byte
20220314 011419.437 INFO             PET0 PIOc_freedecomp Exit - MemInfo: [malloc] Space in freed fastbin blocks:                   896 Byte
20220314 011419.437 INFO             PET0 PIOc_freedecomp Exit - MemInfo: [malloc] Total allocated space:                       1928336 Byte
20220314 011419.437 INFO             PET0 PIOc_freedecomp Exit - MemInfo: [malloc] Total free space:                              72880 Byte
20220314 011419.437 INFO             PET0 PIOc_freedecomp Exit - MemInfo: [malloc] Top-most, releasable space:                    56304 Byte
20220314 011419.437 INFO             PET0 PIOc_freedecomp Exit - MemInfo: [malloc] Total space in use, mmap + non-mmap:         6032528 Byte
20220314 011419.437 INFO             PET0 PIOc_freedecomp Exit - MemInfo: [malloc] Total space held (mmap + non-mmap):          6105408 Byte
20220314 011419.437 INFO             PET0 PIOc_freedecomp Exit - MemInfo: [malloc] Total space used (mmap + non-mmap):          6041424 Byte
20220314 011419.437 INFO             PET0 PIOc_freedecomp Exit - MemInfo: Wall-clock time since execution start:               0.201798 seconds
20220314 011419.438 INFO             PET0 PIOc_freedecomp Enter - MemInfo: [/proc/meminfo - SSI]	MemTotal:       65855856 kB
20220314 011419.438 INFO             PET0 PIOc_freedecomp Enter - MemInfo: [/proc/meminfo - SSI]	MemFree:        61340060 kB
20220314 011419.438 INFO             PET0 PIOc_freedecomp Enter - MemInfo: [/proc/meminfo - SSI]	MemAvailable:   61110368 kB
20220314 011419.438 INFO             PET0 PIOc_freedecomp Enter - MemInfo: [/proc/meminfo - SSI]	Committed_AS:    2804088 kB
20220314 011419.438 INFO             PET0 PIOc_freedecomp Enter - MemInfo: [/proc/meminfo - SSI]	CommittedPercent: 4.25792 %
20220314 011419.438 INFO             PET0 PIOc_freedecomp Enter - MemInfo: [/proc/self/status]	VmPeak:	   71844 kB
20220314 011419.438 INFO             PET0 PIOc_freedecomp Enter - MemInfo: [/proc/self/status]	VmSize:	   63132 kB
20220314 011419.438 INFO             PET0 PIOc_freedecomp Enter - MemInfo: [/proc/self/status]	VmLck:	       0 kB
20220314 011419.438 INFO             PET0 PIOc_freedecomp Enter - MemInfo: [/proc/self/status]	VmPin:	       0 kB
20220314 011419.438 INFO             PET0 PIOc_freedecomp Enter - MemInfo: [/proc/self/status]	VmHWM:	   21996 kB
20220314 011419.438 INFO             PET0 PIOc_freedecomp Enter - MemInfo: [/proc/self/status]	VmRSS:	   13912 kB
20220314 011419.438 INFO             PET0 PIOc_freedecomp Enter - MemInfo: [/proc/self/status]	VmData:	   10200 kB
20220314 011419.438 INFO             PET0 PIOc_freedecomp Enter - MemInfo: [/proc/self/status]	VmStk:	     164 kB
20220314 011419.438 INFO             PET0 PIOc_freedecomp Enter - MemInfo: [/proc/self/status]	VmExe:	   27348 kB
20220314 011419.438 INFO             PET0 PIOc_freedecomp Enter - MemInfo: [/proc/self/status]	VmLib:	    1952 kB
20220314 011419.438 INFO             PET0 PIOc_freedecomp Enter - MemInfo: [/proc/self/status]	VmPTE:	     136 kB
20220314 011419.438 INFO             PET0 PIOc_freedecomp Enter - MemInfo: [/proc/self/status]	VmPMD:	      12 kB
20220314 011419.438 INFO             PET0 PIOc_freedecomp Enter - MemInfo: [/proc/self/status]	VmSwap:	       0 kB
20220314 011419.438 INFO             PET0 PIOc_freedecomp Enter - MemInfo: [/proc/self/status]	VmRSSPercent: 0.0211249 %
20220314 011419.438 INFO             PET0 PIOc_freedecomp Enter - MemInfo: [malloc] Non-mmapped space allocated:                 2001216 Byte
20220314 011419.438 INFO             PET0 PIOc_freedecomp Enter - MemInfo: [malloc] Space allocated in mmapped regions:          4104192 Byte
20220314 011419.438 INFO             PET0 PIOc_freedecomp Enter - MemInfo: [malloc] Maximum total allocated space:                     0 Byte
20220314 011419.438 INFO             PET0 PIOc_freedecomp Enter - MemInfo: [malloc] Space in freed fastbin blocks:                    64 Byte
20220314 011419.438 INFO             PET0 PIOc_freedecomp Enter - MemInfo: [malloc] Total allocated space:                       1929184 Byte
20220314 011419.438 INFO             PET0 PIOc_freedecomp Enter - MemInfo: [malloc] Total free space:                              72032 Byte
20220314 011419.438 INFO             PET0 PIOc_freedecomp Enter - MemInfo: [malloc] Top-most, releasable space:                    56304 Byte
20220314 011419.438 INFO             PET0 PIOc_freedecomp Enter - MemInfo: [malloc] Total space in use, mmap + non-mmap:         6033376 Byte
20220314 011419.438 INFO             PET0 PIOc_freedecomp Enter - MemInfo: [malloc] Total space held (mmap + non-mmap):          6105408 Byte
20220314 011419.438 INFO             PET0 PIOc_freedecomp Enter - MemInfo: [malloc] Total space used (mmap + non-mmap):          6041584 Byte
20220314 011419.438 INFO             PET0 PIOc_freedecomp Enter - MemInfo: Wall-clock time since execution start:               0.202248 seconds
20220314 011419.438 INFO             PET0 PIOc_freedecomp Exit - MemInfo: [/proc/meminfo - SSI]	MemTotal:       65855856 kB
20220314 011419.438 INFO             PET0 PIOc_freedecomp Exit - MemInfo: [/proc/meminfo - SSI]	MemFree:        61340060 kB
20220314 011419.438 INFO             PET0 PIOc_freedecomp Exit - MemInfo: [/proc/meminfo - SSI]	MemAvailable:   61110368 kB
20220314 011419.438 INFO             PET0 PIOc_freedecomp Exit - MemInfo: [/proc/meminfo - SSI]	Committed_AS:    2804088 kB
20220314 011419.438 INFO             PET0 PIOc_freedecomp Exit - MemInfo: [/proc/meminfo - SSI]	CommittedPercent: 4.25792 %
20220314 011419.438 INFO             PET0 PIOc_freedecomp Exit - MemInfo: [/proc/self/status]	VmPeak:	   71844 kB
20220314 011419.438 INFO             PET0 PIOc_freedecomp Exit - MemInfo: [/proc/self/status]	VmSize:	   63132 kB
20220314 011419.438 INFO             PET0 PIOc_freedecomp Exit - MemInfo: [/proc/self/status]	VmLck:	       0 kB
20220314 011419.438 INFO             PET0 PIOc_freedecomp Exit - MemInfo: [/proc/self/status]	VmPin:	       0 kB
20220314 011419.438 INFO             PET0 PIOc_freedecomp Exit - MemInfo: [/proc/self/status]	VmHWM:	   21996 kB
20220314 011419.438 INFO             PET0 PIOc_freedecomp Exit - MemInfo: [/proc/self/status]	VmRSS:	   13912 kB
20220314 011419.438 INFO             PET0 PIOc_freedecomp Exit - MemInfo: [/proc/self/status]	VmData:	   10200 kB
20220314 011419.438 INFO             PET0 PIOc_freedecomp Exit - MemInfo: [/proc/self/status]	VmStk:	     164 kB
20220314 011419.438 INFO             PET0 PIOc_freedecomp Exit - MemInfo: [/proc/self/status]	VmExe:	   27348 kB
20220314 011419.438 INFO             PET0 PIOc_freedecomp Exit - MemInfo: [/proc/self/status]	VmLib:	    1952 kB
20220314 011419.438 INFO             PET0 PIOc_freedecomp Exit - MemInfo: [/proc/self/status]	VmPTE:	     136 kB
20220314 011419.438 INFO             PET0 PIOc_freedecomp Exit - MemInfo: [/proc/self/status]	VmPMD:	      12 kB
20220314 011419.438 INFO             PET0 PIOc_freedecomp Exit - MemInfo: [/proc/self/status]	VmSwap:	       0 kB
20220314 011419.438 INFO             PET0 PIOc_freedecomp Exit - MemInfo: [/proc/self/status]	VmRSSPercent: 0.0211249 %
20220314 011419.438 INFO             PET0 PIOc_freedecomp Exit - MemInfo: [malloc] Non-mmapped space allocated:                 2001216 Byte
20220314 011419.438 INFO             PET0 PIOc_freedecomp Exit - MemInfo: [malloc] Space allocated in mmapped regions:          4104192 Byte
20220314 011419.438 INFO             PET0 PIOc_freedecomp Exit - MemInfo: [malloc] Maximum total allocated space:                     0 Byte
20220314 011419.438 INFO             PET0 PIOc_freedecomp Exit - MemInfo: [malloc] Space in freed fastbin blocks:                   464 Byte
20220314 011419.438 INFO             PET0 PIOc_freedecomp Exit - MemInfo: [malloc] Total allocated space:                       1927328 Byte
20220314 011419.438 INFO             PET0 PIOc_freedecomp Exit - MemInfo: [malloc] Total free space:                              73888 Byte
20220314 011419.438 INFO             PET0 PIOc_freedecomp Exit - MemInfo: [malloc] Top-most, releasable space:                    56304 Byte
20220314 011419.438 INFO             PET0 PIOc_freedecomp Exit - MemInfo: [malloc] Total space in use, mmap + non-mmap:         6031520 Byte
20220314 011419.438 INFO             PET0 PIOc_freedecomp Exit - MemInfo: [malloc] Total space held (mmap + non-mmap):          6105408 Byte
20220314 011419.438 INFO             PET0 PIOc_freedecomp Exit - MemInfo: [malloc] Total space used (mmap + non-mmap):          6039728 Byte
20220314 011419.438 INFO             PET0 PIOc_freedecomp Exit - MemInfo: Wall-clock time since execution start:                 0.2027 seconds
20220314 011419.438 INFO             PET0 PIOc_freedecomp Enter - MemInfo: [/proc/meminfo - SSI]	MemTotal:       65855856 kB
20220314 011419.438 INFO             PET0 PIOc_freedecomp Enter - MemInfo: [/proc/meminfo - SSI]	MemFree:        61340060 kB
20220314 011419.438 INFO             PET0 PIOc_freedecomp Enter - MemInfo: [/proc/meminfo - SSI]	MemAvailable:   61110368 kB
20220314 011419.438 INFO             PET0 PIOc_freedecomp Enter - MemInfo: [/proc/meminfo - SSI]	Committed_AS:    2804088 kB
20220314 011419.439 INFO             PET0 PIOc_freedecomp Enter - MemInfo: [/proc/meminfo - SSI]	CommittedPercent: 4.25792 %
20220314 011419.439 INFO             PET0 PIOc_freedecomp Enter - MemInfo: [/proc/self/status]	VmPeak:	   71844 kB
20220314 011419.439 INFO             PET0 PIOc_freedecomp Enter - MemInfo: [/proc/self/status]	VmSize:	   63132 kB
20220314 011419.439 INFO             PET0 PIOc_freedecomp Enter - MemInfo: [/proc/self/status]	VmLck:	       0 kB
20220314 011419.439 INFO             PET0 PIOc_freedecomp Enter - MemInfo: [/proc/self/status]	VmPin:	       0 kB
20220314 011419.439 INFO             PET0 PIOc_freedecomp Enter - MemInfo: [/proc/self/status]	VmHWM:	   21996 kB
20220314 011419.439 INFO             PET0 PIOc_freedecomp Enter - MemInfo: [/proc/self/status]	VmRSS:	   13912 kB
20220314 011419.439 INFO             PET0 PIOc_freedecomp Enter - MemInfo: [/proc/self/status]	VmData:	   10200 kB
20220314 011419.439 INFO             PET0 PIOc_freedecomp Enter - MemInfo: [/proc/self/status]	VmStk:	     164 kB
20220314 011419.439 INFO             PET0 PIOc_freedecomp Enter - MemInfo: [/proc/self/status]	VmExe:	   27348 kB
20220314 011419.439 INFO             PET0 PIOc_freedecomp Enter - MemInfo: [/proc/self/status]	VmLib:	    1952 kB
20220314 011419.439 INFO             PET0 PIOc_freedecomp Enter - MemInfo: [/proc/self/status]	VmPTE:	     136 kB
20220314 011419.439 INFO             PET0 PIOc_freedecomp Enter - MemInfo: [/proc/self/status]	VmPMD:	      12 kB
20220314 011419.439 INFO             PET0 PIOc_freedecomp Enter - MemInfo: [/proc/self/status]	VmSwap:	       0 kB
20220314 011419.439 INFO             PET0 PIOc_freedecomp Enter - MemInfo: [/proc/self/status]	VmRSSPercent: 0.0211249 %
20220314 011419.439 INFO             PET0 PIOc_freedecomp Enter - MemInfo: [malloc] Non-mmapped space allocated:                 2001216 Byte
20220314 011419.439 INFO             PET0 PIOc_freedecomp Enter - MemInfo: [malloc] Space allocated in mmapped regions:          4104192 Byte
20220314 011419.439 INFO             PET0 PIOc_freedecomp Enter - MemInfo: [malloc] Maximum total allocated space:                     0 Byte
20220314 011419.439 INFO             PET0 PIOc_freedecomp Enter - MemInfo: [malloc] Space in freed fastbin blocks:                   128 Byte
20220314 011419.439 INFO             PET0 PIOc_freedecomp Enter - MemInfo: [malloc] Total allocated space:                       1927424 Byte
20220314 011419.439 INFO             PET0 PIOc_freedecomp Enter - MemInfo: [malloc] Total free space:                              73792 Byte
20220314 011419.439 INFO             PET0 PIOc_freedecomp Enter - MemInfo: [malloc] Top-most, releasable space:                    56304 Byte
20220314 011419.439 INFO             PET0 PIOc_freedecomp Enter - MemInfo: [malloc] Total space in use, mmap + non-mmap:         6031616 Byte
20220314 011419.439 INFO             PET0 PIOc_freedecomp Enter - MemInfo: [malloc] Total space held (mmap + non-mmap):          6105408 Byte
20220314 011419.439 INFO             PET0 PIOc_freedecomp Enter - MemInfo: [malloc] Total space used (mmap + non-mmap):          6039824 Byte
20220314 011419.439 INFO             PET0 PIOc_freedecomp Enter - MemInfo: Wall-clock time since execution start:               0.203148 seconds
20220314 011419.439 INFO             PET0 PIOc_freedecomp Exit - MemInfo: [/proc/meminfo - SSI]	MemTotal:       65855856 kB
20220314 011419.439 INFO             PET0 PIOc_freedecomp Exit - MemInfo: [/proc/meminfo - SSI]	MemFree:        61340060 kB
20220314 011419.439 INFO             PET0 PIOc_freedecomp Exit - MemInfo: [/proc/meminfo - SSI]	MemAvailable:   61110368 kB
20220314 011419.439 INFO             PET0 PIOc_freedecomp Exit - MemInfo: [/proc/meminfo - SSI]	Committed_AS:    2804088 kB
20220314 011419.439 INFO             PET0 PIOc_freedecomp Exit - MemInfo: [/proc/meminfo - SSI]	CommittedPercent: 4.25792 %
20220314 011419.439 INFO             PET0 PIOc_freedecomp Exit - MemInfo: [/proc/self/status]	VmPeak:	   71844 kB
20220314 011419.439 INFO             PET0 PIOc_freedecomp Exit - MemInfo: [/proc/self/status]	VmSize:	   63132 kB
20220314 011419.439 INFO             PET0 PIOc_freedecomp Exit - MemInfo: [/proc/self/status]	VmLck:	       0 kB
20220314 011419.439 INFO             PET0 PIOc_freedecomp Exit - MemInfo: [/proc/self/status]	VmPin:	       0 kB
20220314 011419.439 INFO             PET0 PIOc_freedecomp Exit - MemInfo: [/proc/self/status]	VmHWM:	   21996 kB
20220314 011419.439 INFO             PET0 PIOc_freedecomp Exit - MemInfo: [/proc/self/status]	VmRSS:	   13912 kB
20220314 011419.439 INFO             PET0 PIOc_freedecomp Exit - MemInfo: [/proc/self/status]	VmData:	   10200 kB
20220314 011419.439 INFO             PET0 PIOc_freedecomp Exit - MemInfo: [/proc/self/status]	VmStk:	     164 kB
20220314 011419.439 INFO             PET0 PIOc_freedecomp Exit - MemInfo: [/proc/self/status]	VmExe:	   27348 kB
20220314 011419.439 INFO             PET0 PIOc_freedecomp Exit - MemInfo: [/proc/self/status]	VmLib:	    1952 kB
20220314 011419.439 INFO             PET0 PIOc_freedecomp Exit - MemInfo: [/proc/self/status]	VmPTE:	     136 kB
20220314 011419.439 INFO             PET0 PIOc_freedecomp Exit - MemInfo: [/proc/self/status]	VmPMD:	      12 kB
20220314 011419.439 INFO             PET0 PIOc_freedecomp Exit - MemInfo: [/proc/self/status]	VmSwap:	       0 kB
20220314 011419.439 INFO             PET0 PIOc_freedecomp Exit - MemInfo: [/proc/self/status]	VmRSSPercent: 0.0211249 %
20220314 011419.439 INFO             PET0 PIOc_freedecomp Exit - MemInfo: [malloc] Non-mmapped space allocated:                 2001216 Byte
20220314 011419.439 INFO             PET0 PIOc_freedecomp Exit - MemInfo: [malloc] Space allocated in mmapped regions:          4104192 Byte
20220314 011419.439 INFO             PET0 PIOc_freedecomp Exit - MemInfo: [malloc] Maximum total allocated space:                     0 Byte
20220314 011419.439 INFO             PET0 PIOc_freedecomp Exit - MemInfo: [malloc] Space in freed fastbin blocks:                   992 Byte
20220314 011419.439 INFO             PET0 PIOc_freedecomp Exit - MemInfo: [malloc] Total allocated space:                       1923440 Byte
20220314 011419.439 INFO             PET0 PIOc_freedecomp Exit - MemInfo: [malloc] Total free space:                              77776 Byte
20220314 011419.439 INFO             PET0 PIOc_freedecomp Exit - MemInfo: [malloc] Top-most, releasable space:                    56304 Byte
20220314 011419.439 INFO             PET0 PIOc_freedecomp Exit - MemInfo: [malloc] Total space in use, mmap + non-mmap:         6027632 Byte
20220314 011419.439 INFO             PET0 PIOc_freedecomp Exit - MemInfo: [malloc] Total space held (mmap + non-mmap):          6105408 Byte
20220314 011419.439 INFO             PET0 PIOc_freedecomp Exit - MemInfo: [malloc] Total space used (mmap + non-mmap):          6035840 Byte
20220314 011419.439 INFO             PET0 PIOc_freedecomp Exit - MemInfo: Wall-clock time since execution start:               0.203614 seconds
20220314 011419.439 INFO             PET0  PASS  Writing a FieldBundle to a single file Test, ESMF_FieldBundleIOUTest.F90, line 355
20220314 011419.455 INFO             PET0 PIOc_sync Enter - MemInfo: [/proc/meminfo - SSI]	MemTotal:       65855856 kB
20220314 011419.455 INFO             PET0 PIOc_sync Enter - MemInfo: [/proc/meminfo - SSI]	MemFree:        61333368 kB
20220314 011419.455 INFO             PET0 PIOc_sync Enter - MemInfo: [/proc/meminfo - SSI]	MemAvailable:   61103724 kB
20220314 011419.455 INFO             PET0 PIOc_sync Enter - MemInfo: [/proc/meminfo - SSI]	Committed_AS:    2812352 kB
20220314 011419.455 INFO             PET0 PIOc_sync Enter - MemInfo: [/proc/meminfo - SSI]	CommittedPercent: 4.27047 %
20220314 011419.455 INFO             PET0 PIOc_sync Enter - MemInfo: [/proc/self/status]	VmPeak:	   71912 kB
20220314 011419.455 INFO             PET0 PIOc_sync Enter - MemInfo: [/proc/self/status]	VmSize:	   71912 kB
20220314 011419.455 INFO             PET0 PIOc_sync Enter - MemInfo: [/proc/self/status]	VmLck:	       0 kB
20220314 011419.455 INFO             PET0 PIOc_sync Enter - MemInfo: [/proc/self/status]	VmPin:	       0 kB
20220314 011419.455 INFO             PET0 PIOc_sync Enter - MemInfo: [/proc/self/status]	VmHWM:	   22056 kB
20220314 011419.455 INFO             PET0 PIOc_sync Enter - MemInfo: [/proc/self/status]	VmRSS:	   22056 kB
20220314 011419.455 INFO             PET0 PIOc_sync Enter - MemInfo: [/proc/self/status]	VmData:	   18980 kB
20220314 011419.456 INFO             PET0 PIOc_sync Enter - MemInfo: [/proc/self/status]	VmStk:	     164 kB
20220314 011419.456 INFO             PET0 PIOc_sync Enter - MemInfo: [/proc/self/status]	VmExe:	   27348 kB
20220314 011419.456 INFO             PET0 PIOc_sync Enter - MemInfo: [/proc/self/status]	VmLib:	    1952 kB
20220314 011419.456 INFO             PET0 PIOc_sync Enter - MemInfo: [/proc/self/status]	VmPTE:	     156 kB
20220314 011419.456 INFO             PET0 PIOc_sync Enter - MemInfo: [/proc/self/status]	VmPMD:	      12 kB
20220314 011419.456 INFO             PET0 PIOc_sync Enter - MemInfo: [/proc/self/status]	VmSwap:	       0 kB
20220314 011419.456 INFO             PET0 PIOc_sync Enter - MemInfo: [/proc/self/status]	VmRSSPercent: 0.0334913 %
20220314 011419.456 INFO             PET0 PIOc_sync Enter - MemInfo: [malloc] Non-mmapped space allocated:                10991936 Byte
20220314 011419.456 INFO             PET0 PIOc_sync Enter - MemInfo: [malloc] Space allocated in mmapped regions:          4104192 Byte
20220314 011419.456 INFO             PET0 PIOc_sync Enter - MemInfo: [malloc] Maximum total allocated space:                     0 Byte
20220314 011419.456 INFO             PET0 PIOc_sync Enter - MemInfo: [malloc] Space in freed fastbin blocks:                   528 Byte
20220314 011419.456 INFO             PET0 PIOc_sync Enter - MemInfo: [malloc] Total allocated space:                      10861280 Byte
20220314 011419.456 INFO             PET0 PIOc_sync Enter - MemInfo: [malloc] Total free space:                             130656 Byte
20220314 011419.456 INFO             PET0 PIOc_sync Enter - MemInfo: [malloc] Top-most, releasable space:                   128848 Byte
20220314 011419.456 INFO             PET0 PIOc_sync Enter - MemInfo: [malloc] Total space in use, mmap + non-mmap:        14965472 Byte
20220314 011419.456 INFO             PET0 PIOc_sync Enter - MemInfo: [malloc] Total space held (mmap + non-mmap):         15096128 Byte
20220314 011419.456 INFO             PET0 PIOc_sync Enter - MemInfo: [malloc] Total space used (mmap + non-mmap):         14974016 Byte
20220314 011419.456 INFO             PET0 PIOc_sync Enter - MemInfo: Wall-clock time since execution start:               0.220059 seconds
20220314 011419.456 INFO             PET0 PIOc_sync Exit - MemInfo: [/proc/meminfo - SSI]	MemTotal:       65855856 kB
20220314 011419.456 INFO             PET0 PIOc_sync Exit - MemInfo: [/proc/meminfo - SSI]	MemFree:        61333368 kB
20220314 011419.456 INFO             PET0 PIOc_sync Exit - MemInfo: [/proc/meminfo - SSI]	MemAvailable:   61103724 kB
20220314 011419.456 INFO             PET0 PIOc_sync Exit - MemInfo: [/proc/meminfo - SSI]	Committed_AS:    2812352 kB
20220314 011419.456 INFO             PET0 PIOc_sync Exit - MemInfo: [/proc/meminfo - SSI]	CommittedPercent: 4.27047 %
20220314 011419.456 INFO             PET0 PIOc_sync Exit - MemInfo: [/proc/self/status]	VmPeak:	   71912 kB
20220314 011419.456 INFO             PET0 PIOc_sync Exit - MemInfo: [/proc/self/status]	VmSize:	   71912 kB
20220314 011419.456 INFO             PET0 PIOc_sync Exit - MemInfo: [/proc/self/status]	VmLck:	       0 kB
20220314 011419.456 INFO             PET0 PIOc_sync Exit - MemInfo: [/proc/self/status]	VmPin:	       0 kB
20220314 011419.456 INFO             PET0 PIOc_sync Exit - MemInfo: [/proc/self/status]	VmHWM:	   22056 kB
20220314 011419.456 INFO             PET0 PIOc_sync Exit - MemInfo: [/proc/self/status]	VmRSS:	   22056 kB
20220314 011419.456 INFO             PET0 PIOc_sync Exit - MemInfo: [/proc/self/status]	VmData:	   18980 kB
20220314 011419.456 INFO             PET0 PIOc_sync Exit - MemInfo: [/proc/self/status]	VmStk:	     164 kB
20220314 011419.456 INFO             PET0 PIOc_sync Exit - MemInfo: [/proc/self/status]	VmExe:	   27348 kB
20220314 011419.456 INFO             PET0 PIOc_sync Exit - MemInfo: [/proc/self/status]	VmLib:	    1952 kB
20220314 011419.456 INFO             PET0 PIOc_sync Exit - MemInfo: [/proc/self/status]	VmPTE:	     156 kB
20220314 011419.456 INFO             PET0 PIOc_sync Exit - MemInfo: [/proc/self/status]	VmPMD:	      12 kB
20220314 011419.456 INFO             PET0 PIOc_sync Exit - MemInfo: [/proc/self/status]	VmSwap:	       0 kB
20220314 011419.456 INFO             PET0 PIOc_sync Exit - MemInfo: [/proc/self/status]	VmRSSPercent: 0.0334913 %
20220314 011419.456 INFO             PET0 PIOc_sync Exit - MemInfo: [malloc] Non-mmapped space allocated:                10991936 Byte
20220314 011419.456 INFO             PET0 PIOc_sync Exit - MemInfo: [malloc] Space allocated in mmapped regions:          4104192 Byte
20220314 011419.456 INFO             PET0 PIOc_sync Exit - MemInfo: [malloc] Maximum total allocated space:                     0 Byte
20220314 011419.456 INFO             PET0 PIOc_sync Exit - MemInfo: [malloc] Space in freed fastbin blocks:                   240 Byte
20220314 011419.456 INFO             PET0 PIOc_sync Exit - MemInfo: [malloc] Total allocated space:                      10864592 Byte
20220314 011419.456 INFO             PET0 PIOc_sync Exit - MemInfo: [malloc] Total free space:                             127344 Byte
20220314 011419.456 INFO             PET0 PIOc_sync Exit - MemInfo: [malloc] Top-most, releasable space:                   124272 Byte
20220314 011419.456 INFO             PET0 PIOc_sync Exit - MemInfo: [malloc] Total space in use, mmap + non-mmap:        14968784 Byte
20220314 011419.456 INFO             PET0 PIOc_sync Exit - MemInfo: [malloc] Total space held (mmap + non-mmap):         15096128 Byte
20220314 011419.456 INFO             PET0 PIOc_sync Exit - MemInfo: [malloc] Total space used (mmap + non-mmap):         14977104 Byte
20220314 011419.456 INFO             PET0 PIOc_sync Exit - MemInfo: Wall-clock time since execution start:               0.220662 seconds
20220314 011419.457 INFO             PET0 PIOc_freedecomp Enter - MemInfo: [/proc/meminfo - SSI]	MemTotal:       65855856 kB
20220314 011419.457 INFO             PET0 PIOc_freedecomp Enter - MemInfo: [/proc/meminfo - SSI]	MemFree:        61333368 kB
20220314 011419.457 INFO             PET0 PIOc_freedecomp Enter - MemInfo: [/proc/meminfo - SSI]	MemAvailable:   61103724 kB
20220314 011419.457 INFO             PET0 PIOc_freedecomp Enter - MemInfo: [/proc/meminfo - SSI]	Committed_AS:    2812352 kB
20220314 011419.457 INFO             PET0 PIOc_freedecomp Enter - MemInfo: [/proc/meminfo - SSI]	CommittedPercent: 4.27047 %
20220314 011419.457 INFO             PET0 PIOc_freedecomp Enter - MemInfo: [/proc/self/status]	VmPeak:	   71912 kB
20220314 011419.457 INFO             PET0 PIOc_freedecomp Enter - MemInfo: [/proc/self/status]	VmSize:	   71912 kB
20220314 011419.457 INFO             PET0 PIOc_freedecomp Enter - MemInfo: [/proc/self/status]	VmLck:	       0 kB
20220314 011419.457 INFO             PET0 PIOc_freedecomp Enter - MemInfo: [/proc/self/status]	VmPin:	       0 kB
20220314 011419.457 INFO             PET0 PIOc_freedecomp Enter - MemInfo: [/proc/self/status]	VmHWM:	   22056 kB
20220314 011419.457 INFO             PET0 PIOc_freedecomp Enter - MemInfo: [/proc/self/status]	VmRSS:	   22056 kB
20220314 011419.457 INFO             PET0 PIOc_freedecomp Enter - MemInfo: [/proc/self/status]	VmData:	   18980 kB
20220314 011419.457 INFO             PET0 PIOc_freedecomp Enter - MemInfo: [/proc/self/status]	VmStk:	     164 kB
20220314 011419.457 INFO             PET0 PIOc_freedecomp Enter - MemInfo: [/proc/self/status]	VmExe:	   27348 kB
20220314 011419.457 INFO             PET0 PIOc_freedecomp Enter - MemInfo: [/proc/self/status]	VmLib:	    1952 kB
20220314 011419.457 INFO             PET0 PIOc_freedecomp Enter - MemInfo: [/proc/self/status]	VmPTE:	     156 kB
20220314 011419.457 INFO             PET0 PIOc_freedecomp Enter - MemInfo: [/proc/self/status]	VmPMD:	      12 kB
20220314 011419.457 INFO             PET0 PIOc_freedecomp Enter - MemInfo: [/proc/self/status]	VmSwap:	       0 kB
20220314 011419.457 INFO             PET0 PIOc_freedecomp Enter - MemInfo: [/proc/self/status]	VmRSSPercent: 0.0334913 %
20220314 011419.457 INFO             PET0 PIOc_freedecomp Enter - MemInfo: [malloc] Non-mmapped space allocated:                10991936 Byte
20220314 011419.457 INFO             PET0 PIOc_freedecomp Enter - MemInfo: [malloc] Space allocated in mmapped regions:          4104192 Byte
20220314 011419.457 INFO             PET0 PIOc_freedecomp Enter - MemInfo: [malloc] Maximum total allocated space:                     0 Byte
20220314 011419.457 INFO             PET0 PIOc_freedecomp Enter - MemInfo: [malloc] Space in freed fastbin blocks:                   208 Byte
20220314 011419.457 INFO             PET0 PIOc_freedecomp Enter - MemInfo: [malloc] Total allocated space:                       1938240 Byte
20220314 011419.457 INFO             PET0 PIOc_freedecomp Enter - MemInfo: [malloc] Total free space:                            9053696 Byte
20220314 011419.457 INFO             PET0 PIOc_freedecomp Enter - MemInfo: [malloc] Top-most, releasable space:                   124048 Byte
20220314 011419.457 INFO             PET0 PIOc_freedecomp Enter - MemInfo: [malloc] Total space in use, mmap + non-mmap:         6042432 Byte
20220314 011419.457 INFO             PET0 PIOc_freedecomp Enter - MemInfo: [malloc] Total space held (mmap + non-mmap):         15096128 Byte
20220314 011419.457 INFO             PET0 PIOc_freedecomp Enter - MemInfo: [malloc] Total space used (mmap + non-mmap):          6050640 Byte
20220314 011419.457 INFO             PET0 PIOc_freedecomp Enter - MemInfo: Wall-clock time since execution start:                0.22128 seconds
20220314 011419.457 INFO             PET0 PIOc_freedecomp Exit - MemInfo: [/proc/meminfo - SSI]	MemTotal:       65855856 kB
20220314 011419.457 INFO             PET0 PIOc_freedecomp Exit - MemInfo: [/proc/meminfo - SSI]	MemFree:        61333368 kB
20220314 011419.457 INFO             PET0 PIOc_freedecomp Exit - MemInfo: [/proc/meminfo - SSI]	MemAvailable:   61103724 kB
20220314 011419.457 INFO             PET0 PIOc_freedecomp Exit - MemInfo: [/proc/meminfo - SSI]	Committed_AS:    2812352 kB
20220314 011419.457 INFO             PET0 PIOc_freedecomp Exit - MemInfo: [/proc/meminfo - SSI]	CommittedPercent: 4.27047 %
20220314 011419.457 INFO             PET0 PIOc_freedecomp Exit - MemInfo: [/proc/self/status]	VmPeak:	   71912 kB
20220314 011419.457 INFO             PET0 PIOc_freedecomp Exit - MemInfo: [/proc/self/status]	VmSize:	   71912 kB
20220314 011419.457 INFO             PET0 PIOc_freedecomp Exit - MemInfo: [/proc/self/status]	VmLck:	       0 kB
20220314 011419.457 INFO             PET0 PIOc_freedecomp Exit - MemInfo: [/proc/self/status]	VmPin:	       0 kB
20220314 011419.457 INFO             PET0 PIOc_freedecomp Exit - MemInfo: [/proc/self/status]	VmHWM:	   22056 kB
20220314 011419.457 INFO             PET0 PIOc_freedecomp Exit - MemInfo: [/proc/self/status]	VmRSS:	   22056 kB
20220314 011419.457 INFO             PET0 PIOc_freedecomp Exit - MemInfo: [/proc/self/status]	VmData:	   18980 kB
20220314 011419.457 INFO             PET0 PIOc_freedecomp Exit - MemInfo: [/proc/self/status]	VmStk:	     164 kB
20220314 011419.457 INFO             PET0 PIOc_freedecomp Exit - MemInfo: [/proc/self/status]	VmExe:	   27348 kB
20220314 011419.457 INFO             PET0 PIOc_freedecomp Exit - MemInfo: [/proc/self/status]	VmLib:	    1952 kB
20220314 011419.457 INFO             PET0 PIOc_freedecomp Exit - MemInfo: [/proc/self/status]	VmPTE:	     156 kB
20220314 011419.457 INFO             PET0 PIOc_freedecomp Exit - MemInfo: [/proc/self/status]	VmPMD:	      12 kB
20220314 011419.457 INFO             PET0 PIOc_freedecomp Exit - MemInfo: [/proc/self/status]	VmSwap:	       0 kB
20220314 011419.457 INFO             PET0 PIOc_freedecomp Exit - MemInfo: [/proc/self/status]	VmRSSPercent: 0.0334913 %
20220314 011419.457 INFO             PET0 PIOc_freedecomp Exit - MemInfo: [malloc] Non-mmapped space allocated:                10991936 Byte
20220314 011419.457 INFO             PET0 PIOc_freedecomp Exit - MemInfo: [malloc] Space allocated in mmapped regions:          4104192 Byte
20220314 011419.457 INFO             PET0 PIOc_freedecomp Exit - MemInfo: [malloc] Maximum total allocated space:                     0 Byte
20220314 011419.457 INFO             PET0 PIOc_freedecomp Exit - MemInfo: [malloc] Space in freed fastbin blocks:                   448 Byte
20220314 011419.457 INFO             PET0 PIOc_freedecomp Exit - MemInfo: [malloc] Total allocated space:                       1935312 Byte
20220314 011419.457 INFO             PET0 PIOc_freedecomp Exit - MemInfo: [malloc] Total free space:                            9056624 Byte
20220314 011419.457 INFO             PET0 PIOc_freedecomp Exit - MemInfo: [malloc] Top-most, releasable space:                   124672 Byte
20220314 011419.457 INFO             PET0 PIOc_freedecomp Exit - MemInfo: [malloc] Total space in use, mmap + non-mmap:         6039504 Byte
20220314 011419.457 INFO             PET0 PIOc_freedecomp Exit - MemInfo: [malloc] Total space held (mmap + non-mmap):         15096128 Byte
20220314 011419.457 INFO             PET0 PIOc_freedecomp Exit - MemInfo: [malloc] Total space used (mmap + non-mmap):          6047712 Byte
20220314 011419.457 INFO             PET0 PIOc_freedecomp Exit - MemInfo: Wall-clock time since execution start:                0.22171 seconds
20220314 011419.457 INFO             PET0 PIOc_freedecomp Enter - MemInfo: [/proc/meminfo - SSI]	MemTotal:       65855856 kB
20220314 011419.457 INFO             PET0 PIOc_freedecomp Enter - MemInfo: [/proc/meminfo - SSI]	MemFree:        61333368 kB
20220314 011419.457 INFO             PET0 PIOc_freedecomp Enter - MemInfo: [/proc/meminfo - SSI]	MemAvailable:   61103724 kB
20220314 011419.458 INFO             PET0 PIOc_freedecomp Enter - MemInfo: [/proc/meminfo - SSI]	Committed_AS:    2812352 kB
20220314 011419.458 INFO             PET0 PIOc_freedecomp Enter - MemInfo: [/proc/meminfo - SSI]	CommittedPercent: 4.27047 %
20220314 011419.458 INFO             PET0 PIOc_freedecomp Enter - MemInfo: [/proc/self/status]	VmPeak:	   71912 kB
20220314 011419.458 INFO             PET0 PIOc_freedecomp Enter - MemInfo: [/proc/self/status]	VmSize:	   71912 kB
20220314 011419.458 INFO             PET0 PIOc_freedecomp Enter - MemInfo: [/proc/self/status]	VmLck:	       0 kB
20220314 011419.458 INFO             PET0 PIOc_freedecomp Enter - MemInfo: [/proc/self/status]	VmPin:	       0 kB
20220314 011419.458 INFO             PET0 PIOc_freedecomp Enter - MemInfo: [/proc/self/status]	VmHWM:	   22056 kB
20220314 011419.458 INFO             PET0 PIOc_freedecomp Enter - MemInfo: [/proc/self/status]	VmRSS:	   22056 kB
20220314 011419.458 INFO             PET0 PIOc_freedecomp Enter - MemInfo: [/proc/self/status]	VmData:	   18980 kB
20220314 011419.458 INFO             PET0 PIOc_freedecomp Enter - MemInfo: [/proc/self/status]	VmStk:	     164 kB
20220314 011419.458 INFO             PET0 PIOc_freedecomp Enter - MemInfo: [/proc/self/status]	VmExe:	   27348 kB
20220314 011419.458 INFO             PET0 PIOc_freedecomp Enter - MemInfo: [/proc/self/status]	VmLib:	    1952 kB
20220314 011419.458 INFO             PET0 PIOc_freedecomp Enter - MemInfo: [/proc/self/status]	VmPTE:	     156 kB
20220314 011419.458 INFO             PET0 PIOc_freedecomp Enter - MemInfo: [/proc/self/status]	VmPMD:	      12 kB
20220314 011419.458 INFO             PET0 PIOc_freedecomp Enter - MemInfo: [/proc/self/status]	VmSwap:	       0 kB
20220314 011419.458 INFO             PET0 PIOc_freedecomp Enter - MemInfo: [/proc/self/status]	VmRSSPercent: 0.0334913 %
20220314 011419.458 INFO             PET0 PIOc_freedecomp Enter - MemInfo: [malloc] Non-mmapped space allocated:                10991936 Byte
20220314 011419.458 INFO             PET0 PIOc_freedecomp Enter - MemInfo: [malloc] Space allocated in mmapped regions:          4104192 Byte
20220314 011419.458 INFO             PET0 PIOc_freedecomp Enter - MemInfo: [malloc] Maximum total allocated space:                     0 Byte
20220314 011419.458 INFO             PET0 PIOc_freedecomp Enter - MemInfo: [malloc] Space in freed fastbin blocks:                   128 Byte
20220314 011419.458 INFO             PET0 PIOc_freedecomp Enter - MemInfo: [malloc] Total allocated space:                       1935184 Byte
20220314 011419.458 INFO             PET0 PIOc_freedecomp Enter - MemInfo: [malloc] Total free space:                            9056752 Byte
20220314 011419.458 INFO             PET0 PIOc_freedecomp Enter - MemInfo: [malloc] Top-most, releasable space:                   124672 Byte
20220314 011419.458 INFO             PET0 PIOc_freedecomp Enter - MemInfo: [malloc] Total space in use, mmap + non-mmap:         6039376 Byte
20220314 011419.458 INFO             PET0 PIOc_freedecomp Enter - MemInfo: [malloc] Total space held (mmap + non-mmap):         15096128 Byte
20220314 011419.458 INFO             PET0 PIOc_freedecomp Enter - MemInfo: [malloc] Total space used (mmap + non-mmap):          6047584 Byte
20220314 011419.458 INFO             PET0 PIOc_freedecomp Enter - MemInfo: Wall-clock time since execution start:               0.222161 seconds
20220314 011419.458 INFO             PET0 PIOc_freedecomp Exit - MemInfo: [/proc/meminfo - SSI]	MemTotal:       65855856 kB
20220314 011419.458 INFO             PET0 PIOc_freedecomp Exit - MemInfo: [/proc/meminfo - SSI]	MemFree:        61333368 kB
20220314 011419.458 INFO             PET0 PIOc_freedecomp Exit - MemInfo: [/proc/meminfo - SSI]	MemAvailable:   61103724 kB
20220314 011419.458 INFO             PET0 PIOc_freedecomp Exit - MemInfo: [/proc/meminfo - SSI]	Committed_AS:    2812352 kB
20220314 011419.458 INFO             PET0 PIOc_freedecomp Exit - MemInfo: [/proc/meminfo - SSI]	CommittedPercent: 4.27047 %
20220314 011419.458 INFO             PET0 PIOc_freedecomp Exit - MemInfo: [/proc/self/status]	VmPeak:	   71912 kB
20220314 011419.458 INFO             PET0 PIOc_freedecomp Exit - MemInfo: [/proc/self/status]	VmSize:	   71912 kB
20220314 011419.458 INFO             PET0 PIOc_freedecomp Exit - MemInfo: [/proc/self/status]	VmLck:	       0 kB
20220314 011419.458 INFO             PET0 PIOc_freedecomp Exit - MemInfo: [/proc/self/status]	VmPin:	       0 kB
20220314 011419.458 INFO             PET0 PIOc_freedecomp Exit - MemInfo: [/proc/self/status]	VmHWM:	   22056 kB
20220314 011419.458 INFO             PET0 PIOc_freedecomp Exit - MemInfo: [/proc/self/status]	VmRSS:	   22056 kB
20220314 011419.458 INFO             PET0 PIOc_freedecomp Exit - MemInfo: [/proc/self/status]	VmData:	   18980 kB
20220314 011419.458 INFO             PET0 PIOc_freedecomp Exit - MemInfo: [/proc/self/status]	VmStk:	     164 kB
20220314 011419.458 INFO             PET0 PIOc_freedecomp Exit - MemInfo: [/proc/self/status]	VmExe:	   27348 kB
20220314 011419.458 INFO             PET0 PIOc_freedecomp Exit - MemInfo: [/proc/self/status]	VmLib:	    1952 kB
20220314 011419.458 INFO             PET0 PIOc_freedecomp Exit - MemInfo: [/proc/self/status]	VmPTE:	     156 kB
20220314 011419.458 INFO             PET0 PIOc_freedecomp Exit - MemInfo: [/proc/self/status]	VmPMD:	      12 kB
20220314 011419.458 INFO             PET0 PIOc_freedecomp Exit - MemInfo: [/proc/self/status]	VmSwap:	       0 kB
20220314 011419.458 INFO             PET0 PIOc_freedecomp Exit - MemInfo: [/proc/self/status]	VmRSSPercent: 0.0334913 %
20220314 011419.458 INFO             PET0 PIOc_freedecomp Exit - MemInfo: [malloc] Non-mmapped space allocated:                10991936 Byte
20220314 011419.458 INFO             PET0 PIOc_freedecomp Exit - MemInfo: [malloc] Space allocated in mmapped regions:          4104192 Byte
20220314 011419.458 INFO             PET0 PIOc_freedecomp Exit - MemInfo: [malloc] Maximum total allocated space:                     0 Byte
20220314 011419.458 INFO             PET0 PIOc_freedecomp Exit - MemInfo: [malloc] Space in freed fastbin blocks:                   512 Byte
20220314 011419.458 INFO             PET0 PIOc_freedecomp Exit - MemInfo: [malloc] Total allocated space:                       1933056 Byte
20220314 011419.458 INFO             PET0 PIOc_freedecomp Exit - MemInfo: [malloc] Total free space:                            9058880 Byte
20220314 011419.458 INFO             PET0 PIOc_freedecomp Exit - MemInfo: [malloc] Top-most, releasable space:                   124672 Byte
20220314 011419.458 INFO             PET0 PIOc_freedecomp Exit - MemInfo: [malloc] Total space in use, mmap + non-mmap:         6037248 Byte
20220314 011419.458 INFO             PET0 PIOc_freedecomp Exit - MemInfo: [malloc] Total space held (mmap + non-mmap):         15096128 Byte
20220314 011419.458 INFO             PET0 PIOc_freedecomp Exit - MemInfo: [malloc] Total space used (mmap + non-mmap):          6045456 Byte
20220314 011419.458 INFO             PET0 PIOc_freedecomp Exit - MemInfo: Wall-clock time since execution start:               0.222616 seconds
20220314 011419.458 INFO             PET0 PIOc_freedecomp Enter - MemInfo: [/proc/meminfo - SSI]	MemTotal:       65855856 kB
20220314 011419.458 INFO             PET0 PIOc_freedecomp Enter - MemInfo: [/proc/meminfo - SSI]	MemFree:        61333368 kB
20220314 011419.458 INFO             PET0 PIOc_freedecomp Enter - MemInfo: [/proc/meminfo - SSI]	MemAvailable:   61103724 kB
20220314 011419.458 INFO             PET0 PIOc_freedecomp Enter - MemInfo: [/proc/meminfo - SSI]	Committed_AS:    2812352 kB
20220314 011419.458 INFO             PET0 PIOc_freedecomp Enter - MemInfo: [/proc/meminfo - SSI]	CommittedPercent: 4.27047 %
20220314 011419.458 INFO             PET0 PIOc_freedecomp Enter - MemInfo: [/proc/self/status]	VmPeak:	   71912 kB
20220314 011419.458 INFO             PET0 PIOc_freedecomp Enter - MemInfo: [/proc/self/status]	VmSize:	   71912 kB
20220314 011419.459 INFO             PET0 PIOc_freedecomp Enter - MemInfo: [/proc/self/status]	VmLck:	       0 kB
20220314 011419.459 INFO             PET0 PIOc_freedecomp Enter - MemInfo: [/proc/self/status]	VmPin:	       0 kB
20220314 011419.459 INFO             PET0 PIOc_freedecomp Enter - MemInfo: [/proc/self/status]	VmHWM:	   22056 kB
20220314 011419.459 INFO             PET0 PIOc_freedecomp Enter - MemInfo: [/proc/self/status]	VmRSS:	   22056 kB
20220314 011419.459 INFO             PET0 PIOc_freedecomp Enter - MemInfo: [/proc/self/status]	VmData:	   18980 kB
20220314 011419.459 INFO             PET0 PIOc_freedecomp Enter - MemInfo: [/proc/self/status]	VmStk:	     164 kB
20220314 011419.459 INFO             PET0 PIOc_freedecomp Enter - MemInfo: [/proc/self/status]	VmExe:	   27348 kB
20220314 011419.459 INFO             PET0 PIOc_freedecomp Enter - MemInfo: [/proc/self/status]	VmLib:	    1952 kB
20220314 011419.459 INFO             PET0 PIOc_freedecomp Enter - MemInfo: [/proc/self/status]	VmPTE:	     156 kB
20220314 011419.459 INFO             PET0 PIOc_freedecomp Enter - MemInfo: [/proc/self/status]	VmPMD:	      12 kB
20220314 011419.459 INFO             PET0 PIOc_freedecomp Enter - MemInfo: [/proc/self/status]	VmSwap:	       0 kB
20220314 011419.459 INFO             PET0 PIOc_freedecomp Enter - MemInfo: [/proc/self/status]	VmRSSPercent: 0.0334913 %
20220314 011419.459 INFO             PET0 PIOc_freedecomp Enter - MemInfo: [malloc] Non-mmapped space allocated:                10991936 Byte
20220314 011419.459 INFO             PET0 PIOc_freedecomp Enter - MemInfo: [malloc] Space allocated in mmapped regions:          4104192 Byte
20220314 011419.459 INFO             PET0 PIOc_freedecomp Enter - MemInfo: [malloc] Maximum total allocated space:                     0 Byte
20220314 011419.459 INFO             PET0 PIOc_freedecomp Enter - MemInfo: [malloc] Space in freed fastbin blocks:                   128 Byte
20220314 011419.459 INFO             PET0 PIOc_freedecomp Enter - MemInfo: [malloc] Total allocated space:                       1932928 Byte
20220314 011419.459 INFO             PET0 PIOc_freedecomp Enter - MemInfo: [malloc] Total free space:                            9059008 Byte
20220314 011419.459 INFO             PET0 PIOc_freedecomp Enter - MemInfo: [malloc] Top-most, releasable space:                   124672 Byte
20220314 011419.459 INFO             PET0 PIOc_freedecomp Enter - MemInfo: [malloc] Total space in use, mmap + non-mmap:         6037120 Byte
20220314 011419.459 INFO             PET0 PIOc_freedecomp Enter - MemInfo: [malloc] Total space held (mmap + non-mmap):         15096128 Byte
20220314 011419.459 INFO             PET0 PIOc_freedecomp Enter - MemInfo: [malloc] Total space used (mmap + non-mmap):          6045328 Byte
20220314 011419.459 INFO             PET0 PIOc_freedecomp Enter - MemInfo: Wall-clock time since execution start:               0.223066 seconds
20220314 011419.459 INFO             PET0 PIOc_freedecomp Exit - MemInfo: [/proc/meminfo - SSI]	MemTotal:       65855856 kB
20220314 011419.459 INFO             PET0 PIOc_freedecomp Exit - MemInfo: [/proc/meminfo - SSI]	MemFree:        61333368 kB
20220314 011419.459 INFO             PET0 PIOc_freedecomp Exit - MemInfo: [/proc/meminfo - SSI]	MemAvailable:   61103724 kB
20220314 011419.459 INFO             PET0 PIOc_freedecomp Exit - MemInfo: [/proc/meminfo - SSI]	Committed_AS:    2812352 kB
20220314 011419.459 INFO             PET0 PIOc_freedecomp Exit - MemInfo: [/proc/meminfo - SSI]	CommittedPercent: 4.27047 %
20220314 011419.459 INFO             PET0 PIOc_freedecomp Exit - MemInfo: [/proc/self/status]	VmPeak:	   71912 kB
20220314 011419.459 INFO             PET0 PIOc_freedecomp Exit - MemInfo: [/proc/self/status]	VmSize:	   71912 kB
20220314 011419.459 INFO             PET0 PIOc_freedecomp Exit - MemInfo: [/proc/self/status]	VmLck:	       0 kB
20220314 011419.459 INFO             PET0 PIOc_freedecomp Exit - MemInfo: [/proc/self/status]	VmPin:	       0 kB
20220314 011419.459 INFO             PET0 PIOc_freedecomp Exit - MemInfo: [/proc/self/status]	VmHWM:	   22056 kB
20220314 011419.459 INFO             PET0 PIOc_freedecomp Exit - MemInfo: [/proc/self/status]	VmRSS:	   22056 kB
20220314 011419.459 INFO             PET0 PIOc_freedecomp Exit - MemInfo: [/proc/self/status]	VmData:	   18980 kB
20220314 011419.459 INFO             PET0 PIOc_freedecomp Exit - MemInfo: [/proc/self/status]	VmStk:	     164 kB
20220314 011419.459 INFO             PET0 PIOc_freedecomp Exit - MemInfo: [/proc/self/status]	VmExe:	   27348 kB
20220314 011419.459 INFO             PET0 PIOc_freedecomp Exit - MemInfo: [/proc/self/status]	VmLib:	    1952 kB
20220314 011419.459 INFO             PET0 PIOc_freedecomp Exit - MemInfo: [/proc/self/status]	VmPTE:	     156 kB
20220314 011419.459 INFO             PET0 PIOc_freedecomp Exit - MemInfo: [/proc/self/status]	VmPMD:	      12 kB
20220314 011419.459 INFO             PET0 PIOc_freedecomp Exit - MemInfo: [/proc/self/status]	VmSwap:	       0 kB
20220314 011419.459 INFO             PET0 PIOc_freedecomp Exit - MemInfo: [/proc/self/status]	VmRSSPercent: 0.0334913 %
20220314 011419.459 INFO             PET0 PIOc_freedecomp Exit - MemInfo: [malloc] Non-mmapped space allocated:                10991936 Byte
20220314 011419.459 INFO             PET0 PIOc_freedecomp Exit - MemInfo: [malloc] Space allocated in mmapped regions:          4104192 Byte
20220314 011419.459 INFO             PET0 PIOc_freedecomp Exit - MemInfo: [malloc] Maximum total allocated space:                     0 Byte
20220314 011419.459 INFO             PET0 PIOc_freedecomp Exit - MemInfo: [malloc] Space in freed fastbin blocks:                  1008 Byte
20220314 011419.459 INFO             PET0 PIOc_freedecomp Exit - MemInfo: [malloc] Total allocated space:                       1928400 Byte
20220314 011419.459 INFO             PET0 PIOc_freedecomp Exit - MemInfo: [malloc] Total free space:                            9063536 Byte
20220314 011419.459 INFO             PET0 PIOc_freedecomp Exit - MemInfo: [malloc] Top-most, releasable space:                   124672 Byte
20220314 011419.459 INFO             PET0 PIOc_freedecomp Exit - MemInfo: [malloc] Total space in use, mmap + non-mmap:         6032592 Byte
20220314 011419.459 INFO             PET0 PIOc_freedecomp Exit - MemInfo: [malloc] Total space held (mmap + non-mmap):         15096128 Byte
20220314 011419.459 INFO             PET0 PIOc_freedecomp Exit - MemInfo: [malloc] Total space used (mmap + non-mmap):          6040800 Byte
20220314 011419.459 INFO             PET0 PIOc_freedecomp Exit - MemInfo: Wall-clock time since execution start:               0.223533 seconds
20220314 011419.459 INFO             PET0  PASS  Writing a FieldBundle to a single file with timeslice Test, ESMF_FieldBundleIOUTest.F90, line 370
20220314 011419.461 INFO             PET0 PIOc_sync Enter - MemInfo: [/proc/meminfo - SSI]	MemTotal:       65855856 kB
20220314 011419.461 INFO             PET0 PIOc_sync Enter - MemInfo: [/proc/meminfo - SSI]	MemFree:        61332360 kB
20220314 011419.461 INFO             PET0 PIOc_sync Enter - MemInfo: [/proc/meminfo - SSI]	MemAvailable:   61102716 kB
20220314 011419.461 INFO             PET0 PIOc_sync Enter - MemInfo: [/proc/meminfo - SSI]	Committed_AS:    2812352 kB
20220314 011419.462 INFO             PET0 PIOc_sync Enter - MemInfo: [/proc/meminfo - SSI]	CommittedPercent: 4.27047 %
20220314 011419.462 INFO             PET0 PIOc_sync Enter - MemInfo: [/proc/self/status]	VmPeak:	   71912 kB
20220314 011419.462 INFO             PET0 PIOc_sync Enter - MemInfo: [/proc/self/status]	VmSize:	   71888 kB
20220314 011419.462 INFO             PET0 PIOc_sync Enter - MemInfo: [/proc/self/status]	VmLck:	       0 kB
20220314 011419.462 INFO             PET0 PIOc_sync Enter - MemInfo: [/proc/self/status]	VmPin:	       0 kB
20220314 011419.462 INFO             PET0 PIOc_sync Enter - MemInfo: [/proc/self/status]	VmHWM:	   22436 kB
20220314 011419.462 INFO             PET0 PIOc_sync Enter - MemInfo: [/proc/self/status]	VmRSS:	   22436 kB
20220314 011419.462 INFO             PET0 PIOc_sync Enter - MemInfo: [/proc/self/status]	VmData:	   18980 kB
20220314 011419.462 INFO             PET0 PIOc_sync Enter - MemInfo: [/proc/self/status]	VmStk:	     164 kB
20220314 011419.462 INFO             PET0 PIOc_sync Enter - MemInfo: [/proc/self/status]	VmExe:	   27348 kB
20220314 011419.462 INFO             PET0 PIOc_sync Enter - MemInfo: [/proc/self/status]	VmLib:	    1952 kB
20220314 011419.462 INFO             PET0 PIOc_sync Enter - MemInfo: [/proc/self/status]	VmPTE:	     156 kB
20220314 011419.462 INFO             PET0 PIOc_sync Enter - MemInfo: [/proc/self/status]	VmPMD:	      12 kB
20220314 011419.462 INFO             PET0 PIOc_sync Enter - MemInfo: [/proc/self/status]	VmSwap:	       0 kB
20220314 011419.462 INFO             PET0 PIOc_sync Enter - MemInfo: [/proc/self/status]	VmRSSPercent: 0.0340683 %
20220314 011419.462 INFO             PET0 PIOc_sync Enter - MemInfo: [malloc] Non-mmapped space allocated:                10991936 Byte
20220314 011419.462 INFO             PET0 PIOc_sync Enter - MemInfo: [malloc] Space allocated in mmapped regions:          4104192 Byte
20220314 011419.462 INFO             PET0 PIOc_sync Enter - MemInfo: [malloc] Maximum total allocated space:                     0 Byte
20220314 011419.462 INFO             PET0 PIOc_sync Enter - MemInfo: [malloc] Space in freed fastbin blocks:                   672 Byte
20220314 011419.462 INFO             PET0 PIOc_sync Enter - MemInfo: [malloc] Total allocated space:                      10868368 Byte
20220314 011419.462 INFO             PET0 PIOc_sync Enter - MemInfo: [malloc] Total free space:                             123568 Byte
20220314 011419.462 INFO             PET0 PIOc_sync Enter - MemInfo: [malloc] Top-most, releasable space:                   119216 Byte
20220314 011419.462 INFO             PET0 PIOc_sync Enter - MemInfo: [malloc] Total space in use, mmap + non-mmap:        14972560 Byte
20220314 011419.462 INFO             PET0 PIOc_sync Enter - MemInfo: [malloc] Total space held (mmap + non-mmap):         15096128 Byte
20220314 011419.462 INFO             PET0 PIOc_sync Enter - MemInfo: [malloc] Total space used (mmap + non-mmap):         14980768 Byte
20220314 011419.462 INFO             PET0 PIOc_sync Enter - MemInfo: Wall-clock time since execution start:               0.226165 seconds
20220314 011419.462 INFO             PET0 PIOc_sync Exit - MemInfo: [/proc/meminfo - SSI]	MemTotal:       65855856 kB
20220314 011419.462 INFO             PET0 PIOc_sync Exit - MemInfo: [/proc/meminfo - SSI]	MemFree:        61332360 kB
20220314 011419.462 INFO             PET0 PIOc_sync Exit - MemInfo: [/proc/meminfo - SSI]	MemAvailable:   61102716 kB
20220314 011419.462 INFO             PET0 PIOc_sync Exit - MemInfo: [/proc/meminfo - SSI]	Committed_AS:    2812352 kB
20220314 011419.462 INFO             PET0 PIOc_sync Exit - MemInfo: [/proc/meminfo - SSI]	CommittedPercent: 4.27047 %
20220314 011419.462 INFO             PET0 PIOc_sync Exit - MemInfo: [/proc/self/status]	VmPeak:	   71912 kB
20220314 011419.462 INFO             PET0 PIOc_sync Exit - MemInfo: [/proc/self/status]	VmSize:	   71888 kB
20220314 011419.462 INFO             PET0 PIOc_sync Exit - MemInfo: [/proc/self/status]	VmLck:	       0 kB
20220314 011419.462 INFO             PET0 PIOc_sync Exit - MemInfo: [/proc/self/status]	VmPin:	       0 kB
20220314 011419.462 INFO             PET0 PIOc_sync Exit - MemInfo: [/proc/self/status]	VmHWM:	   22704 kB
20220314 011419.462 INFO             PET0 PIOc_sync Exit - MemInfo: [/proc/self/status]	VmRSS:	   22704 kB
20220314 011419.462 INFO             PET0 PIOc_sync Exit - MemInfo: [/proc/self/status]	VmData:	   18980 kB
20220314 011419.462 INFO             PET0 PIOc_sync Exit - MemInfo: [/proc/self/status]	VmStk:	     164 kB
20220314 011419.462 INFO             PET0 PIOc_sync Exit - MemInfo: [/proc/self/status]	VmExe:	   27348 kB
20220314 011419.462 INFO             PET0 PIOc_sync Exit - MemInfo: [/proc/self/status]	VmLib:	    1952 kB
20220314 011419.462 INFO             PET0 PIOc_sync Exit - MemInfo: [/proc/self/status]	VmPTE:	     156 kB
20220314 011419.462 INFO             PET0 PIOc_sync Exit - MemInfo: [/proc/self/status]	VmPMD:	      12 kB
20220314 011419.462 INFO             PET0 PIOc_sync Exit - MemInfo: [/proc/self/status]	VmSwap:	       0 kB
20220314 011419.462 INFO             PET0 PIOc_sync Exit - MemInfo: [/proc/self/status]	VmRSSPercent: 0.0344753 %
20220314 011419.462 INFO             PET0 PIOc_sync Exit - MemInfo: [malloc] Non-mmapped space allocated:                10991936 Byte
20220314 011419.462 INFO             PET0 PIOc_sync Exit - MemInfo: [malloc] Space allocated in mmapped regions:          4104192 Byte
20220314 011419.462 INFO             PET0 PIOc_sync Exit - MemInfo: [malloc] Maximum total allocated space:                     0 Byte
20220314 011419.462 INFO             PET0 PIOc_sync Exit - MemInfo: [malloc] Space in freed fastbin blocks:                     0 Byte
20220314 011419.462 INFO             PET0 PIOc_sync Exit - MemInfo: [malloc] Total allocated space:                      10870720 Byte
20220314 011419.462 INFO             PET0 PIOc_sync Exit - MemInfo: [malloc] Total free space:                             121216 Byte
20220314 011419.462 INFO             PET0 PIOc_sync Exit - MemInfo: [malloc] Top-most, releasable space:                   118992 Byte
20220314 011419.462 INFO             PET0 PIOc_sync Exit - MemInfo: [malloc] Total space in use, mmap + non-mmap:        14974912 Byte
20220314 011419.462 INFO             PET0 PIOc_sync Exit - MemInfo: [malloc] Total space held (mmap + non-mmap):         15096128 Byte
20220314 011419.462 INFO             PET0 PIOc_sync Exit - MemInfo: [malloc] Total space used (mmap + non-mmap):         14983360 Byte
20220314 011419.462 INFO             PET0 PIOc_sync Exit - MemInfo: Wall-clock time since execution start:               0.226767 seconds
20220314 011419.463 INFO             PET0 PIOc_freedecomp Enter - MemInfo: [/proc/meminfo - SSI]	MemTotal:       65855856 kB
20220314 011419.463 INFO             PET0 PIOc_freedecomp Enter - MemInfo: [/proc/meminfo - SSI]	MemFree:        61332360 kB
20220314 011419.463 INFO             PET0 PIOc_freedecomp Enter - MemInfo: [/proc/meminfo - SSI]	MemAvailable:   61102716 kB
20220314 011419.463 INFO             PET0 PIOc_freedecomp Enter - MemInfo: [/proc/meminfo - SSI]	Committed_AS:    2812352 kB
20220314 011419.463 INFO             PET0 PIOc_freedecomp Enter - MemInfo: [/proc/meminfo - SSI]	CommittedPercent: 4.27047 %
20220314 011419.463 INFO             PET0 PIOc_freedecomp Enter - MemInfo: [/proc/self/status]	VmPeak:	   71912 kB
20220314 011419.463 INFO             PET0 PIOc_freedecomp Enter - MemInfo: [/proc/self/status]	VmSize:	   71888 kB
20220314 011419.463 INFO             PET0 PIOc_freedecomp Enter - MemInfo: [/proc/self/status]	VmLck:	       0 kB
20220314 011419.463 INFO             PET0 PIOc_freedecomp Enter - MemInfo: [/proc/self/status]	VmPin:	       0 kB
20220314 011419.463 INFO             PET0 PIOc_freedecomp Enter - MemInfo: [/proc/self/status]	VmHWM:	   22704 kB
20220314 011419.463 INFO             PET0 PIOc_freedecomp Enter - MemInfo: [/proc/self/status]	VmRSS:	   22704 kB
20220314 011419.463 INFO             PET0 PIOc_freedecomp Enter - MemInfo: [/proc/self/status]	VmData:	   18980 kB
20220314 011419.463 INFO             PET0 PIOc_freedecomp Enter - MemInfo: [/proc/self/status]	VmStk:	     164 kB
20220314 011419.463 INFO             PET0 PIOc_freedecomp Enter - MemInfo: [/proc/self/status]	VmExe:	   27348 kB
20220314 011419.463 INFO             PET0 PIOc_freedecomp Enter - MemInfo: [/proc/self/status]	VmLib:	    1952 kB
20220314 011419.463 INFO             PET0 PIOc_freedecomp Enter - MemInfo: [/proc/self/status]	VmPTE:	     156 kB
20220314 011419.463 INFO             PET0 PIOc_freedecomp Enter - MemInfo: [/proc/self/status]	VmPMD:	      12 kB
20220314 011419.463 INFO             PET0 PIOc_freedecomp Enter - MemInfo: [/proc/self/status]	VmSwap:	       0 kB
20220314 011419.463 INFO             PET0 PIOc_freedecomp Enter - MemInfo: [/proc/self/status]	VmRSSPercent: 0.0344753 %
20220314 011419.463 INFO             PET0 PIOc_freedecomp Enter - MemInfo: [malloc] Non-mmapped space allocated:                10991936 Byte
20220314 011419.463 INFO             PET0 PIOc_freedecomp Enter - MemInfo: [malloc] Space allocated in mmapped regions:          4104192 Byte
20220314 011419.463 INFO             PET0 PIOc_freedecomp Enter - MemInfo: [malloc] Maximum total allocated space:                     0 Byte
20220314 011419.463 INFO             PET0 PIOc_freedecomp Enter - MemInfo: [malloc] Space in freed fastbin blocks:                   208 Byte
20220314 011419.463 INFO             PET0 PIOc_freedecomp Enter - MemInfo: [malloc] Total allocated space:                       1944080 Byte
20220314 011419.463 INFO             PET0 PIOc_freedecomp Enter - MemInfo: [malloc] Total free space:                            9047856 Byte
20220314 011419.463 INFO             PET0 PIOc_freedecomp Enter - MemInfo: [malloc] Top-most, releasable space:                   118768 Byte
20220314 011419.463 INFO             PET0 PIOc_freedecomp Enter - MemInfo: [malloc] Total space in use, mmap + non-mmap:         6048272 Byte
20220314 011419.463 INFO             PET0 PIOc_freedecomp Enter - MemInfo: [malloc] Total space held (mmap + non-mmap):         15096128 Byte
20220314 011419.463 INFO             PET0 PIOc_freedecomp Enter - MemInfo: [malloc] Total space used (mmap + non-mmap):          6056480 Byte
20220314 011419.463 INFO             PET0 PIOc_freedecomp Enter - MemInfo: Wall-clock time since execution start:               0.227481 seconds
20220314 011419.463 INFO             PET0 PIOc_freedecomp Exit - MemInfo: [/proc/meminfo - SSI]	MemTotal:       65855856 kB
20220314 011419.463 INFO             PET0 PIOc_freedecomp Exit - MemInfo: [/proc/meminfo - SSI]	MemFree:        61332360 kB
20220314 011419.463 INFO             PET0 PIOc_freedecomp Exit - MemInfo: [/proc/meminfo - SSI]	MemAvailable:   61102716 kB
20220314 011419.463 INFO             PET0 PIOc_freedecomp Exit - MemInfo: [/proc/meminfo - SSI]	Committed_AS:    2812352 kB
20220314 011419.463 INFO             PET0 PIOc_freedecomp Exit - MemInfo: [/proc/meminfo - SSI]	CommittedPercent: 4.27047 %
20220314 011419.463 INFO             PET0 PIOc_freedecomp Exit - MemInfo: [/proc/self/status]	VmPeak:	   71912 kB
20220314 011419.463 INFO             PET0 PIOc_freedecomp Exit - MemInfo: [/proc/self/status]	VmSize:	   71888 kB
20220314 011419.463 INFO             PET0 PIOc_freedecomp Exit - MemInfo: [/proc/self/status]	VmLck:	       0 kB
20220314 011419.463 INFO             PET0 PIOc_freedecomp Exit - MemInfo: [/proc/self/status]	VmPin:	       0 kB
20220314 011419.463 INFO             PET0 PIOc_freedecomp Exit - MemInfo: [/proc/self/status]	VmHWM:	   22704 kB
20220314 011419.463 INFO             PET0 PIOc_freedecomp Exit - MemInfo: [/proc/self/status]	VmRSS:	   22704 kB
20220314 011419.463 INFO             PET0 PIOc_freedecomp Exit - MemInfo: [/proc/self/status]	VmData:	   18980 kB
20220314 011419.463 INFO             PET0 PIOc_freedecomp Exit - MemInfo: [/proc/self/status]	VmStk:	     164 kB
20220314 011419.463 INFO             PET0 PIOc_freedecomp Exit - MemInfo: [/proc/self/status]	VmExe:	   27348 kB
20220314 011419.463 INFO             PET0 PIOc_freedecomp Exit - MemInfo: [/proc/self/status]	VmLib:	    1952 kB
20220314 011419.463 INFO             PET0 PIOc_freedecomp Exit - MemInfo: [/proc/self/status]	VmPTE:	     156 kB
20220314 011419.463 INFO             PET0 PIOc_freedecomp Exit - MemInfo: [/proc/self/status]	VmPMD:	      12 kB
20220314 011419.463 INFO             PET0 PIOc_freedecomp Exit - MemInfo: [/proc/self/status]	VmSwap:	       0 kB
20220314 011419.463 INFO             PET0 PIOc_freedecomp Exit - MemInfo: [/proc/self/status]	VmRSSPercent: 0.0344753 %
20220314 011419.464 INFO             PET0 PIOc_freedecomp Exit - MemInfo: [malloc] Non-mmapped space allocated:                10991936 Byte
20220314 011419.464 INFO             PET0 PIOc_freedecomp Exit - MemInfo: [malloc] Space allocated in mmapped regions:          4104192 Byte
20220314 011419.464 INFO             PET0 PIOc_freedecomp Exit - MemInfo: [malloc] Maximum total allocated space:                     0 Byte
20220314 011419.464 INFO             PET0 PIOc_freedecomp Exit - MemInfo: [malloc] Space in freed fastbin blocks:                   112 Byte
20220314 011419.464 INFO             PET0 PIOc_freedecomp Exit - MemInfo: [malloc] Total allocated space:                       1941312 Byte
20220314 011419.464 INFO             PET0 PIOc_freedecomp Exit - MemInfo: [malloc] Total free space:                            9050624 Byte
20220314 011419.464 INFO             PET0 PIOc_freedecomp Exit - MemInfo: [malloc] Top-most, releasable space:                   120832 Byte
20220314 011419.464 INFO             PET0 PIOc_freedecomp Exit - MemInfo: [malloc] Total space in use, mmap + non-mmap:         6045504 Byte
20220314 011419.464 INFO             PET0 PIOc_freedecomp Exit - MemInfo: [malloc] Total space held (mmap + non-mmap):         15096128 Byte
20220314 011419.464 INFO             PET0 PIOc_freedecomp Exit - MemInfo: [malloc] Total space used (mmap + non-mmap):          6053712 Byte
20220314 011419.464 INFO             PET0 PIOc_freedecomp Exit - MemInfo: Wall-clock time since execution start:               0.227962 seconds
20220314 011419.464 INFO             PET0 PIOc_freedecomp Enter - MemInfo: [/proc/meminfo - SSI]	MemTotal:       65855856 kB
20220314 011419.464 INFO             PET0 PIOc_freedecomp Enter - MemInfo: [/proc/meminfo - SSI]	MemFree:        61332360 kB
20220314 011419.464 INFO             PET0 PIOc_freedecomp Enter - MemInfo: [/proc/meminfo - SSI]	MemAvailable:   61102716 kB
20220314 011419.464 INFO             PET0 PIOc_freedecomp Enter - MemInfo: [/proc/meminfo - SSI]	Committed_AS:    2812352 kB
20220314 011419.464 INFO             PET0 PIOc_freedecomp Enter - MemInfo: [/proc/meminfo - SSI]	CommittedPercent: 4.27047 %
20220314 011419.464 INFO             PET0 PIOc_freedecomp Enter - MemInfo: [/proc/self/status]	VmPeak:	   71912 kB
20220314 011419.464 INFO             PET0 PIOc_freedecomp Enter - MemInfo: [/proc/self/status]	VmSize:	   71888 kB
20220314 011419.464 INFO             PET0 PIOc_freedecomp Enter - MemInfo: [/proc/self/status]	VmLck:	       0 kB
20220314 011419.464 INFO             PET0 PIOc_freedecomp Enter - MemInfo: [/proc/self/status]	VmPin:	       0 kB
20220314 011419.464 INFO             PET0 PIOc_freedecomp Enter - MemInfo: [/proc/self/status]	VmHWM:	   22704 kB
20220314 011419.464 INFO             PET0 PIOc_freedecomp Enter - MemInfo: [/proc/self/status]	VmRSS:	   22704 kB
20220314 011419.464 INFO             PET0 PIOc_freedecomp Enter - MemInfo: [/proc/self/status]	VmData:	   18980 kB
20220314 011419.464 INFO             PET0 PIOc_freedecomp Enter - MemInfo: [/proc/self/status]	VmStk:	     164 kB
20220314 011419.464 INFO             PET0 PIOc_freedecomp Enter - MemInfo: [/proc/self/status]	VmExe:	   27348 kB
20220314 011419.464 INFO             PET0 PIOc_freedecomp Enter - MemInfo: [/proc/self/status]	VmLib:	    1952 kB
20220314 011419.464 INFO             PET0 PIOc_freedecomp Enter - MemInfo: [/proc/self/status]	VmPTE:	     156 kB
20220314 011419.464 INFO             PET0 PIOc_freedecomp Enter - MemInfo: [/proc/self/status]	VmPMD:	      12 kB
20220314 011419.464 INFO             PET0 PIOc_freedecomp Enter - MemInfo: [/proc/self/status]	VmSwap:	       0 kB
20220314 011419.464 INFO             PET0 PIOc_freedecomp Enter - MemInfo: [/proc/self/status]	VmRSSPercent: 0.0344753 %
20220314 011419.464 INFO             PET0 PIOc_freedecomp Enter - MemInfo: [malloc] Non-mmapped space allocated:                10991936 Byte
20220314 011419.464 INFO             PET0 PIOc_freedecomp Enter - MemInfo: [malloc] Space allocated in mmapped regions:          4104192 Byte
20220314 011419.464 INFO             PET0 PIOc_freedecomp Enter - MemInfo: [malloc] Maximum total allocated space:                     0 Byte
20220314 011419.464 INFO             PET0 PIOc_freedecomp Enter - MemInfo: [malloc] Space in freed fastbin blocks:                   128 Byte
20220314 011419.464 INFO             PET0 PIOc_freedecomp Enter - MemInfo: [malloc] Total allocated space:                       1941184 Byte
20220314 011419.464 INFO             PET0 PIOc_freedecomp Enter - MemInfo: [malloc] Total free space:                            9050752 Byte
20220314 011419.464 INFO             PET0 PIOc_freedecomp Enter - MemInfo: [malloc] Top-most, releasable space:                   120832 Byte
20220314 011419.464 INFO             PET0 PIOc_freedecomp Enter - MemInfo: [malloc] Total space in use, mmap + non-mmap:         6045376 Byte
20220314 011419.464 INFO             PET0 PIOc_freedecomp Enter - MemInfo: [malloc] Total space held (mmap + non-mmap):         15096128 Byte
20220314 011419.464 INFO             PET0 PIOc_freedecomp Enter - MemInfo: [malloc] Total space used (mmap + non-mmap):          6053584 Byte
20220314 011419.464 INFO             PET0 PIOc_freedecomp Enter - MemInfo: Wall-clock time since execution start:               0.228417 seconds
20220314 011419.464 INFO             PET0 PIOc_freedecomp Exit - MemInfo: [/proc/meminfo - SSI]	MemTotal:       65855856 kB
20220314 011419.464 INFO             PET0 PIOc_freedecomp Exit - MemInfo: [/proc/meminfo - SSI]	MemFree:        61332360 kB
20220314 011419.464 INFO             PET0 PIOc_freedecomp Exit - MemInfo: [/proc/meminfo - SSI]	MemAvailable:   61102716 kB
20220314 011419.464 INFO             PET0 PIOc_freedecomp Exit - MemInfo: [/proc/meminfo - SSI]	Committed_AS:    2812352 kB
20220314 011419.464 INFO             PET0 PIOc_freedecomp Exit - MemInfo: [/proc/meminfo - SSI]	CommittedPercent: 4.27047 %
20220314 011419.464 INFO             PET0 PIOc_freedecomp Exit - MemInfo: [/proc/self/status]	VmPeak:	   71912 kB
20220314 011419.464 INFO             PET0 PIOc_freedecomp Exit - MemInfo: [/proc/self/status]	VmSize:	   71888 kB
20220314 011419.464 INFO             PET0 PIOc_freedecomp Exit - MemInfo: [/proc/self/status]	VmLck:	       0 kB
20220314 011419.464 INFO             PET0 PIOc_freedecomp Exit - MemInfo: [/proc/self/status]	VmPin:	       0 kB
20220314 011419.464 INFO             PET0 PIOc_freedecomp Exit - MemInfo: [/proc/self/status]	VmHWM:	   22704 kB
20220314 011419.464 INFO             PET0 PIOc_freedecomp Exit - MemInfo: [/proc/self/status]	VmRSS:	   22704 kB
20220314 011419.464 INFO             PET0 PIOc_freedecomp Exit - MemInfo: [/proc/self/status]	VmData:	   18980 kB
20220314 011419.464 INFO             PET0 PIOc_freedecomp Exit - MemInfo: [/proc/self/status]	VmStk:	     164 kB
20220314 011419.464 INFO             PET0 PIOc_freedecomp Exit - MemInfo: [/proc/self/status]	VmExe:	   27348 kB
20220314 011419.464 INFO             PET0 PIOc_freedecomp Exit - MemInfo: [/proc/self/status]	VmLib:	    1952 kB
20220314 011419.464 INFO             PET0 PIOc_freedecomp Exit - MemInfo: [/proc/self/status]	VmPTE:	     156 kB
20220314 011419.464 INFO             PET0 PIOc_freedecomp Exit - MemInfo: [/proc/self/status]	VmPMD:	      12 kB
20220314 011419.464 INFO             PET0 PIOc_freedecomp Exit - MemInfo: [/proc/self/status]	VmSwap:	       0 kB
20220314 011419.464 INFO             PET0 PIOc_freedecomp Exit - MemInfo: [/proc/self/status]	VmRSSPercent: 0.0344753 %
20220314 011419.464 INFO             PET0 PIOc_freedecomp Exit - MemInfo: [malloc] Non-mmapped space allocated:                10991936 Byte
20220314 011419.464 INFO             PET0 PIOc_freedecomp Exit - MemInfo: [malloc] Space allocated in mmapped regions:          4104192 Byte
20220314 011419.464 INFO             PET0 PIOc_freedecomp Exit - MemInfo: [malloc] Maximum total allocated space:                     0 Byte
20220314 011419.464 INFO             PET0 PIOc_freedecomp Exit - MemInfo: [malloc] Space in freed fastbin blocks:                   112 Byte
20220314 011419.464 INFO             PET0 PIOc_freedecomp Exit - MemInfo: [malloc] Total allocated space:                       1938912 Byte
20220314 011419.464 INFO             PET0 PIOc_freedecomp Exit - MemInfo: [malloc] Total free space:                            9053024 Byte
20220314 011419.464 INFO             PET0 PIOc_freedecomp Exit - MemInfo: [malloc] Top-most, releasable space:                   122448 Byte
20220314 011419.465 INFO             PET0 PIOc_freedecomp Exit - MemInfo: [malloc] Total space in use, mmap + non-mmap:         6043104 Byte
20220314 011419.465 INFO             PET0 PIOc_freedecomp Exit - MemInfo: [malloc] Total space held (mmap + non-mmap):         15096128 Byte
20220314 011419.465 INFO             PET0 PIOc_freedecomp Exit - MemInfo: [malloc] Total space used (mmap + non-mmap):          6051312 Byte
20220314 011419.465 INFO             PET0 PIOc_freedecomp Exit - MemInfo: Wall-clock time since execution start:                0.22887 seconds
20220314 011419.465 INFO             PET0 PIOc_freedecomp Enter - MemInfo: [/proc/meminfo - SSI]	MemTotal:       65855856 kB
20220314 011419.465 INFO             PET0 PIOc_freedecomp Enter - MemInfo: [/proc/meminfo - SSI]	MemFree:        61332360 kB
20220314 011419.465 INFO             PET0 PIOc_freedecomp Enter - MemInfo: [/proc/meminfo - SSI]	MemAvailable:   61102716 kB
20220314 011419.465 INFO             PET0 PIOc_freedecomp Enter - MemInfo: [/proc/meminfo - SSI]	Committed_AS:    2812352 kB
20220314 011419.465 INFO             PET0 PIOc_freedecomp Enter - MemInfo: [/proc/meminfo - SSI]	CommittedPercent: 4.27047 %
20220314 011419.465 INFO             PET0 PIOc_freedecomp Enter - MemInfo: [/proc/self/status]	VmPeak:	   71912 kB
20220314 011419.465 INFO             PET0 PIOc_freedecomp Enter - MemInfo: [/proc/self/status]	VmSize:	   71888 kB
20220314 011419.465 INFO             PET0 PIOc_freedecomp Enter - MemInfo: [/proc/self/status]	VmLck:	       0 kB
20220314 011419.465 INFO             PET0 PIOc_freedecomp Enter - MemInfo: [/proc/self/status]	VmPin:	       0 kB
20220314 011419.465 INFO             PET0 PIOc_freedecomp Enter - MemInfo: [/proc/self/status]	VmHWM:	   22704 kB
20220314 011419.465 INFO             PET0 PIOc_freedecomp Enter - MemInfo: [/proc/self/status]	VmRSS:	   22704 kB
20220314 011419.465 INFO             PET0 PIOc_freedecomp Enter - MemInfo: [/proc/self/status]	VmData:	   18980 kB
20220314 011419.465 INFO             PET0 PIOc_freedecomp Enter - MemInfo: [/proc/self/status]	VmStk:	     164 kB
20220314 011419.465 INFO             PET0 PIOc_freedecomp Enter - MemInfo: [/proc/self/status]	VmExe:	   27348 kB
20220314 011419.465 INFO             PET0 PIOc_freedecomp Enter - MemInfo: [/proc/self/status]	VmLib:	    1952 kB
20220314 011419.465 INFO             PET0 PIOc_freedecomp Enter - MemInfo: [/proc/self/status]	VmPTE:	     156 kB
20220314 011419.465 INFO             PET0 PIOc_freedecomp Enter - MemInfo: [/proc/self/status]	VmPMD:	      12 kB
20220314 011419.465 INFO             PET0 PIOc_freedecomp Enter - MemInfo: [/proc/self/status]	VmSwap:	       0 kB
20220314 011419.465 INFO             PET0 PIOc_freedecomp Enter - MemInfo: [/proc/self/status]	VmRSSPercent: 0.0344753 %
20220314 011419.465 INFO             PET0 PIOc_freedecomp Enter - MemInfo: [malloc] Non-mmapped space allocated:                10991936 Byte
20220314 011419.465 INFO             PET0 PIOc_freedecomp Enter - MemInfo: [malloc] Space allocated in mmapped regions:          4104192 Byte
20220314 011419.465 INFO             PET0 PIOc_freedecomp Enter - MemInfo: [malloc] Maximum total allocated space:                     0 Byte
20220314 011419.465 INFO             PET0 PIOc_freedecomp Enter - MemInfo: [malloc] Space in freed fastbin blocks:                   128 Byte
20220314 011419.465 INFO             PET0 PIOc_freedecomp Enter - MemInfo: [malloc] Total allocated space:                       1938784 Byte
20220314 011419.465 INFO             PET0 PIOc_freedecomp Enter - MemInfo: [malloc] Total free space:                            9053152 Byte
20220314 011419.465 INFO             PET0 PIOc_freedecomp Enter - MemInfo: [malloc] Top-most, releasable space:                   122448 Byte
20220314 011419.465 INFO             PET0 PIOc_freedecomp Enter - MemInfo: [malloc] Total space in use, mmap + non-mmap:         6042976 Byte
20220314 011419.465 INFO             PET0 PIOc_freedecomp Enter - MemInfo: [malloc] Total space held (mmap + non-mmap):         15096128 Byte
20220314 011419.465 INFO             PET0 PIOc_freedecomp Enter - MemInfo: [malloc] Total space used (mmap + non-mmap):          6051184 Byte
20220314 011419.465 INFO             PET0 PIOc_freedecomp Enter - MemInfo: Wall-clock time since execution start:               0.229324 seconds
20220314 011419.465 INFO             PET0 PIOc_freedecomp Exit - MemInfo: [/proc/meminfo - SSI]	MemTotal:       65855856 kB
20220314 011419.465 INFO             PET0 PIOc_freedecomp Exit - MemInfo: [/proc/meminfo - SSI]	MemFree:        61332360 kB
20220314 011419.465 INFO             PET0 PIOc_freedecomp Exit - MemInfo: [/proc/meminfo - SSI]	MemAvailable:   61102716 kB
20220314 011419.465 INFO             PET0 PIOc_freedecomp Exit - MemInfo: [/proc/meminfo - SSI]	Committed_AS:    2812352 kB
20220314 011419.465 INFO             PET0 PIOc_freedecomp Exit - MemInfo: [/proc/meminfo - SSI]	CommittedPercent: 4.27047 %
20220314 011419.465 INFO             PET0 PIOc_freedecomp Exit - MemInfo: [/proc/self/status]	VmPeak:	   71912 kB
20220314 011419.465 INFO             PET0 PIOc_freedecomp Exit - MemInfo: [/proc/self/status]	VmSize:	   71888 kB
20220314 011419.465 INFO             PET0 PIOc_freedecomp Exit - MemInfo: [/proc/self/status]	VmLck:	       0 kB
20220314 011419.465 INFO             PET0 PIOc_freedecomp Exit - MemInfo: [/proc/self/status]	VmPin:	       0 kB
20220314 011419.465 INFO             PET0 PIOc_freedecomp Exit - MemInfo: [/proc/self/status]	VmHWM:	   22704 kB
20220314 011419.465 INFO             PET0 PIOc_freedecomp Exit - MemInfo: [/proc/self/status]	VmRSS:	   22704 kB
20220314 011419.465 INFO             PET0 PIOc_freedecomp Exit - MemInfo: [/proc/self/status]	VmData:	   18980 kB
20220314 011419.465 INFO             PET0 PIOc_freedecomp Exit - MemInfo: [/proc/self/status]	VmStk:	     164 kB
20220314 011419.465 INFO             PET0 PIOc_freedecomp Exit - MemInfo: [/proc/self/status]	VmExe:	   27348 kB
20220314 011419.465 INFO             PET0 PIOc_freedecomp Exit - MemInfo: [/proc/self/status]	VmLib:	    1952 kB
20220314 011419.465 INFO             PET0 PIOc_freedecomp Exit - MemInfo: [/proc/self/status]	VmPTE:	     156 kB
20220314 011419.465 INFO             PET0 PIOc_freedecomp Exit - MemInfo: [/proc/self/status]	VmPMD:	      12 kB
20220314 011419.465 INFO             PET0 PIOc_freedecomp Exit - MemInfo: [/proc/self/status]	VmSwap:	       0 kB
20220314 011419.465 INFO             PET0 PIOc_freedecomp Exit - MemInfo: [/proc/self/status]	VmRSSPercent: 0.0344753 %
20220314 011419.465 INFO             PET0 PIOc_freedecomp Exit - MemInfo: [malloc] Non-mmapped space allocated:                10991936 Byte
20220314 011419.465 INFO             PET0 PIOc_freedecomp Exit - MemInfo: [malloc] Space allocated in mmapped regions:          4104192 Byte
20220314 011419.465 INFO             PET0 PIOc_freedecomp Exit - MemInfo: [malloc] Maximum total allocated space:                     0 Byte
20220314 011419.465 INFO             PET0 PIOc_freedecomp Exit - MemInfo: [malloc] Space in freed fastbin blocks:                   192 Byte
20220314 011419.465 INFO             PET0 PIOc_freedecomp Exit - MemInfo: [malloc] Total allocated space:                       1934176 Byte
20220314 011419.465 INFO             PET0 PIOc_freedecomp Exit - MemInfo: [malloc] Total free space:                            9057760 Byte
20220314 011419.465 INFO             PET0 PIOc_freedecomp Exit - MemInfo: [malloc] Top-most, releasable space:                   122448 Byte
20220314 011419.465 INFO             PET0 PIOc_freedecomp Exit - MemInfo: [malloc] Total space in use, mmap + non-mmap:         6038368 Byte
20220314 011419.465 INFO             PET0 PIOc_freedecomp Exit - MemInfo: [malloc] Total space held (mmap + non-mmap):         15096128 Byte
20220314 011419.465 INFO             PET0 PIOc_freedecomp Exit - MemInfo: [malloc] Total space used (mmap + non-mmap):          6046576 Byte
20220314 011419.465 INFO             PET0 PIOc_freedecomp Exit - MemInfo: Wall-clock time since execution start:               0.229774 seconds
20220314 011419.466 INFO             PET0  PASS  Writing a FieldBundle to a single file with timeslice Test, ESMF_FieldBundleIOUTest.F90, line 388
20220314 011419.466 INFO             PET0  PASS  Create attribute package on FieldBundle multi Test, ESMF_FieldBundleIOUTest.F90, line 404
20220314 011419.466 INFO             PET0  PASS  Set attribute values on FieldBundle multi Test, ESMF_FieldBundleIOUTest.F90, line 417
20220314 011419.469 INFO             PET0 PIOc_sync Enter - MemInfo: [/proc/meminfo - SSI]	MemTotal:       65855856 kB
20220314 011419.469 INFO             PET0 PIOc_sync Enter - MemInfo: [/proc/meminfo - SSI]	MemFree:        61332360 kB
20220314 011419.469 INFO             PET0 PIOc_sync Enter - MemInfo: [/proc/meminfo - SSI]	MemAvailable:   61102968 kB
20220314 011419.469 INFO             PET0 PIOc_sync Enter - MemInfo: [/proc/meminfo - SSI]	Committed_AS:    2812352 kB
20220314 011419.469 INFO             PET0 PIOc_sync Enter - MemInfo: [/proc/meminfo - SSI]	CommittedPercent: 4.27047 %
20220314 011419.470 INFO             PET0 PIOc_sync Enter - MemInfo: [/proc/self/status]	VmPeak:	   71912 kB
20220314 011419.470 INFO             PET0 PIOc_sync Enter - MemInfo: [/proc/self/status]	VmSize:	   71876 kB
20220314 011419.470 INFO             PET0 PIOc_sync Enter - MemInfo: [/proc/self/status]	VmLck:	       0 kB
20220314 011419.470 INFO             PET0 PIOc_sync Enter - MemInfo: [/proc/self/status]	VmPin:	       0 kB
20220314 011419.470 INFO             PET0 PIOc_sync Enter - MemInfo: [/proc/self/status]	VmHWM:	   22708 kB
20220314 011419.470 INFO             PET0 PIOc_sync Enter - MemInfo: [/proc/self/status]	VmRSS:	   22708 kB
20220314 011419.470 INFO             PET0 PIOc_sync Enter - MemInfo: [/proc/self/status]	VmData:	   18980 kB
20220314 011419.470 INFO             PET0 PIOc_sync Enter - MemInfo: [/proc/self/status]	VmStk:	     164 kB
20220314 011419.470 INFO             PET0 PIOc_sync Enter - MemInfo: [/proc/self/status]	VmExe:	   27348 kB
20220314 011419.470 INFO             PET0 PIOc_sync Enter - MemInfo: [/proc/self/status]	VmLib:	    1952 kB
20220314 011419.470 INFO             PET0 PIOc_sync Enter - MemInfo: [/proc/self/status]	VmPTE:	     156 kB
20220314 011419.470 INFO             PET0 PIOc_sync Enter - MemInfo: [/proc/self/status]	VmPMD:	      12 kB
20220314 011419.470 INFO             PET0 PIOc_sync Enter - MemInfo: [/proc/self/status]	VmSwap:	       0 kB
20220314 011419.470 INFO             PET0 PIOc_sync Enter - MemInfo: [/proc/self/status]	VmRSSPercent: 0.0344814 %
20220314 011419.470 INFO             PET0 PIOc_sync Enter - MemInfo: [malloc] Non-mmapped space allocated:                10991936 Byte
20220314 011419.470 INFO             PET0 PIOc_sync Enter - MemInfo: [malloc] Space allocated in mmapped regions:          4104192 Byte
20220314 011419.470 INFO             PET0 PIOc_sync Enter - MemInfo: [malloc] Maximum total allocated space:                     0 Byte
20220314 011419.470 INFO             PET0 PIOc_sync Enter - MemInfo: [malloc] Space in freed fastbin blocks:                   160 Byte
20220314 011419.470 INFO             PET0 PIOc_sync Enter - MemInfo: [malloc] Total allocated space:                      10864304 Byte
20220314 011419.470 INFO             PET0 PIOc_sync Enter - MemInfo: [malloc] Total free space:                             127632 Byte
20220314 011419.470 INFO             PET0 PIOc_sync Enter - MemInfo: [malloc] Top-most, releasable space:                   122448 Byte
20220314 011419.470 INFO             PET0 PIOc_sync Enter - MemInfo: [malloc] Total space in use, mmap + non-mmap:        14968496 Byte
20220314 011419.470 INFO             PET0 PIOc_sync Enter - MemInfo: [malloc] Total space held (mmap + non-mmap):         15096128 Byte
20220314 011419.470 INFO             PET0 PIOc_sync Enter - MemInfo: [malloc] Total space used (mmap + non-mmap):         14976816 Byte
20220314 011419.470 INFO             PET0 PIOc_sync Enter - MemInfo: Wall-clock time since execution start:                0.23409 seconds
20220314 011419.470 INFO             PET0 PIOc_sync Exit - MemInfo: [/proc/meminfo - SSI]	MemTotal:       65855856 kB
20220314 011419.470 INFO             PET0 PIOc_sync Exit - MemInfo: [/proc/meminfo - SSI]	MemFree:        61332360 kB
20220314 011419.470 INFO             PET0 PIOc_sync Exit - MemInfo: [/proc/meminfo - SSI]	MemAvailable:   61102968 kB
20220314 011419.470 INFO             PET0 PIOc_sync Exit - MemInfo: [/proc/meminfo - SSI]	Committed_AS:    2812352 kB
20220314 011419.470 INFO             PET0 PIOc_sync Exit - MemInfo: [/proc/meminfo - SSI]	CommittedPercent: 4.27047 %
20220314 011419.470 INFO             PET0 PIOc_sync Exit - MemInfo: [/proc/self/status]	VmPeak:	   71912 kB
20220314 011419.470 INFO             PET0 PIOc_sync Exit - MemInfo: [/proc/self/status]	VmSize:	   71876 kB
20220314 011419.470 INFO             PET0 PIOc_sync Exit - MemInfo: [/proc/self/status]	VmLck:	       0 kB
20220314 011419.470 INFO             PET0 PIOc_sync Exit - MemInfo: [/proc/self/status]	VmPin:	       0 kB
20220314 011419.470 INFO             PET0 PIOc_sync Exit - MemInfo: [/proc/self/status]	VmHWM:	   22708 kB
20220314 011419.470 INFO             PET0 PIOc_sync Exit - MemInfo: [/proc/self/status]	VmRSS:	   22708 kB
20220314 011419.470 INFO             PET0 PIOc_sync Exit - MemInfo: [/proc/self/status]	VmData:	   18980 kB
20220314 011419.470 INFO             PET0 PIOc_sync Exit - MemInfo: [/proc/self/status]	VmStk:	     164 kB
20220314 011419.470 INFO             PET0 PIOc_sync Exit - MemInfo: [/proc/self/status]	VmExe:	   27348 kB
