build time -- 2022-03-14 00:29:56
20220314 010920.323 INFO             PET0 !!!!!!!!!!!!!!!!!!!!!!!!!!!!!!!!!!!!!!!!!!!!!!!!!!!!!!
20220314 010920.323 INFO             PET0 !!! THE ESMF_LOG IS SET TO OUTPUT ALL LOG MESSAGES !!!
20220314 010920.323 INFO             PET0 !!!     THIS MAY CAUSE SLOWDOWN IN PERFORMANCE     !!!
20220314 010920.323 INFO             PET0 !!! FOR PRODUCTION RUNS, USE:                      !!!
20220314 010920.323 INFO             PET0 !!!                   ESMF_LOGKIND_Multi_On_Error  !!!
20220314 010920.323 INFO             PET0 !!!!!!!!!!!!!!!!!!!!!!!!!!!!!!!!!!!!!!!!!!!!!!!!!!!!!!
20220314 010920.323 INFO             PET0 Running with ESMF Version   : v8.3.0b09-96-g559b459836
20220314 010920.323 INFO             PET0 ESMF library build date/time: "Mar 14 2022" "00:28:19"
20220314 010920.323 INFO             PET0 ESMF library build location : /lustre/f2/dev/ncep/Mark.Potts/gfortran_8.3.0_mpi_O_jedwards_pio_update2
20220314 010920.323 INFO             PET0 ESMF_COMM                   : mpi
20220314 010920.323 INFO             PET0 ESMF_MOAB                   : enabled
20220314 010920.323 INFO             PET0 ESMF_LAPACK                 : enabled
20220314 010920.323 INFO             PET0 ESMF_NETCDF                 : enabled
20220314 010920.323 INFO             PET0 ESMF_PNETCDF                : disabled
20220314 010920.323 INFO             PET0 ESMF_PIO                    : enabled
20220314 010920.323 INFO             PET0 ESMF_YAMLCPP                : enabled
20220314 010920.345 INFO             PET0  Beginning Test, file ESMF_RouteHandleAdvancedUTest.F90, line 346
20220314 010920.345 INFO             PET0  NUMBER_OF_PROCESSORS           4
20220314 010920.458 INFO             PET0 ESMF_FieldRedistStoreNF(): Just entered routine.
20220314 010920.567 INFO             PET0 ESMF_FieldRedistStoreNF(): Leaving routine.
20220314 010920.567 INFO             PET0  PASS  Create RouteHandle for the original petList, ESMF_RouteHandleAdvancedUTest.F90, line 511
20220314 010920.567 INFO             PET0  PASS  Test RouteHandleIsCreated(), ESMF_RouteHandleAdvancedUTest.F90, line 519
20220314 010920.567 INFO             PET0  PASS  Test RouteHandleIsCreated() return value, ESMF_RouteHandleAdvancedUTest.F90, line 526
20220314 010920.567 INFO             PET0  PASS  Test RouteHandleGet(), ESMF_RouteHandleAdvancedUTest.F90, line 534
20220314 010920.577 INFO             PET0  PASS  Test RouteHandleWrite(), ESMF_RouteHandleAdvancedUTest.F90, line 542
20220314 010920.577 INFO             PET0  PASS  Test RouteHandleDestroy(), ESMF_RouteHandleAdvancedUTest.F90, line 550
20220314 010920.580 INFO             PET0  PASS  Test RouteHandleCreate(from file), ESMF_RouteHandleAdvancedUTest.F90, line 558
20220314 010920.581 INFO             PET0  PASS  Apply the read in Routehandle, ESMF_RouteHandleAdvancedUTest.F90, line 567
20220314 010920.581 INFO             PET0  PASS  Test RouteHandleDestroy() for the read in Routehandle, ESMF_RouteHandleAdvancedUTest.F90, line 575
20220314 010920.581 INFO             PET0 ESMF_FieldRedistStoreNF(): Just entered routine.
20220314 010920.679 INFO             PET0 ESMF_FieldRedistStoreNF(): Leaving routine.
20220314 010920.679 INFO             PET0  PASS  Create RouteHandle for the original petList, ESMF_RouteHandleAdvancedUTest.F90, line 585
20220314 010920.679 INFO             PET0  PASS  Transfer RouteHandle to a different petList, ESMF_RouteHandleAdvancedUTest.F90, line 602
20220314 010920.696 INFO             PET0 PIOc_sync Enter - MemInfo: [/proc/meminfo - SSI]	MemTotal:       65855856 kB
20220314 010920.696 INFO             PET0 PIOc_sync Enter - MemInfo: [/proc/meminfo - SSI]	MemFree:        61274664 kB
20220314 010920.696 INFO             PET0 PIOc_sync Enter - MemInfo: [/proc/meminfo - SSI]	MemAvailable:   61047568 kB
20220314 010920.697 INFO             PET0 PIOc_sync Enter - MemInfo: [/proc/meminfo - SSI]	Committed_AS:    2879356 kB
20220314 010920.697 INFO             PET0 PIOc_sync Enter - MemInfo: [/proc/meminfo - SSI]	CommittedPercent: 4.37221 %
20220314 010920.697 INFO             PET0 PIOc_sync Enter - MemInfo: [/proc/self/status]	VmPeak:	  137864 kB
20220314 010920.697 INFO             PET0 PIOc_sync Enter - MemInfo: [/proc/self/status]	VmSize:	  137864 kB
20220314 010920.697 INFO             PET0 PIOc_sync Enter - MemInfo: [/proc/self/status]	VmLck:	       0 kB
20220314 010920.697 INFO             PET0 PIOc_sync Enter - MemInfo: [/proc/self/status]	VmPin:	       0 kB
20220314 010920.697 INFO             PET0 PIOc_sync Enter - MemInfo: [/proc/self/status]	VmHWM:	   27284 kB
20220314 010920.697 INFO             PET0 PIOc_sync Enter - MemInfo: [/proc/self/status]	VmRSS:	   27284 kB
20220314 010920.697 INFO             PET0 PIOc_sync Enter - MemInfo: [/proc/self/status]	VmData:	   29556 kB
20220314 010920.697 INFO             PET0 PIOc_sync Enter - MemInfo: [/proc/self/status]	VmStk:	     164 kB
20220314 010920.697 INFO             PET0 PIOc_sync Enter - MemInfo: [/proc/self/status]	VmExe:	   27440 kB
20220314 010920.697 INFO             PET0 PIOc_sync Enter - MemInfo: [/proc/self/status]	VmLib:	    1952 kB
20220314 010920.697 INFO             PET0 PIOc_sync Enter - MemInfo: [/proc/self/status]	VmPTE:	     228 kB
20220314 010920.697 INFO             PET0 PIOc_sync Enter - MemInfo: [/proc/self/status]	VmPMD:	      12 kB
20220314 010920.697 INFO             PET0 PIOc_sync Enter - MemInfo: [/proc/self/status]	VmSwap:	       0 kB
20220314 010920.697 INFO             PET0 PIOc_sync Enter - MemInfo: [/proc/self/status]	VmRSSPercent: 0.0414299 %
20220314 010920.697 INFO             PET0 PIOc_sync Enter - MemInfo: [malloc] Non-mmapped space allocated:                22427968 Byte
20220314 010920.697 INFO             PET0 PIOc_sync Enter - MemInfo: [malloc] Space allocated in mmapped regions:          3497984 Byte
20220314 010920.697 INFO             PET0 PIOc_sync Enter - MemInfo: [malloc] Maximum total allocated space:                     0 Byte
20220314 010920.697 INFO             PET0 PIOc_sync Enter - MemInfo: [malloc] Space in freed fastbin blocks:                     0 Byte
20220314 010920.697 INFO             PET0 PIOc_sync Enter - MemInfo: [malloc] Total allocated space:                      10884000 Byte
20220314 010920.697 INFO             PET0 PIOc_sync Enter - MemInfo: [malloc] Total free space:                           11543968 Byte
20220314 010920.697 INFO             PET0 PIOc_sync Enter - MemInfo: [malloc] Top-most, releasable space:                  6796256 Byte
20220314 010920.697 INFO             PET0 PIOc_sync Enter - MemInfo: [malloc] Total space in use, mmap + non-mmap:        14381984 Byte
20220314 010920.697 INFO             PET0 PIOc_sync Enter - MemInfo: [malloc] Total space held (mmap + non-mmap):         25925952 Byte
20220314 010920.697 INFO             PET0 PIOc_sync Enter - MemInfo: [malloc] Total space used (mmap + non-mmap):         14391376 Byte
20220314 010920.697 INFO             PET0 PIOc_sync Enter - MemInfo: Wall-clock time since execution start:               0.391754 seconds
20220314 010920.697 INFO             PET0 PIOc_sync Exit - MemInfo: [/proc/meminfo - SSI]	MemTotal:       65855856 kB
20220314 010920.697 INFO             PET0 PIOc_sync Exit - MemInfo: [/proc/meminfo - SSI]	MemFree:        61274664 kB
20220314 010920.697 INFO             PET0 PIOc_sync Exit - MemInfo: [/proc/meminfo - SSI]	MemAvailable:   61047568 kB
20220314 010920.697 INFO             PET0 PIOc_sync Exit - MemInfo: [/proc/meminfo - SSI]	Committed_AS:    2879356 kB
20220314 010920.697 INFO             PET0 PIOc_sync Exit - MemInfo: [/proc/meminfo - SSI]	CommittedPercent: 4.37221 %
20220314 010920.698 INFO             PET0 PIOc_sync Exit - MemInfo: [/proc/self/status]	VmPeak:	  137864 kB
20220314 010920.698 INFO             PET0 PIOc_sync Exit - MemInfo: [/proc/self/status]	VmSize:	  137864 kB
20220314 010920.698 INFO             PET0 PIOc_sync Exit - MemInfo: [/proc/self/status]	VmLck:	       0 kB
20220314 010920.698 INFO             PET0 PIOc_sync Exit - MemInfo: [/proc/self/status]	VmPin:	       0 kB
20220314 010920.698 INFO             PET0 PIOc_sync Exit - MemInfo: [/proc/self/status]	VmHWM:	   27508 kB
20220314 010920.698 INFO             PET0 PIOc_sync Exit - MemInfo: [/proc/self/status]	VmRSS:	   27508 kB
20220314 010920.698 INFO             PET0 PIOc_sync Exit - MemInfo: [/proc/self/status]	VmData:	   29556 kB
20220314 010920.698 INFO             PET0 PIOc_sync Exit - MemInfo: [/proc/self/status]	VmStk:	     164 kB
20220314 010920.698 INFO             PET0 PIOc_sync Exit - MemInfo: [/proc/self/status]	VmExe:	   27440 kB
20220314 010920.698 INFO             PET0 PIOc_sync Exit - MemInfo: [/proc/self/status]	VmLib:	    1952 kB
20220314 010920.698 INFO             PET0 PIOc_sync Exit - MemInfo: [/proc/self/status]	VmPTE:	     228 kB
20220314 010920.698 INFO             PET0 PIOc_sync Exit - MemInfo: [/proc/self/status]	VmPMD:	      12 kB
20220314 010920.698 INFO             PET0 PIOc_sync Exit - MemInfo: [/proc/self/status]	VmSwap:	       0 kB
20220314 010920.698 INFO             PET0 PIOc_sync Exit - MemInfo: [/proc/self/status]	VmRSSPercent: 0.04177 %
20220314 010920.698 INFO             PET0 PIOc_sync Exit - MemInfo: [malloc] Non-mmapped space allocated:                22427968 Byte
20220314 010920.698 INFO             PET0 PIOc_sync Exit - MemInfo: [malloc] Space allocated in mmapped regions:          3497984 Byte
20220314 010920.698 INFO             PET0 PIOc_sync Exit - MemInfo: [malloc] Maximum total allocated space:                     0 Byte
20220314 010920.698 INFO             PET0 PIOc_sync Exit - MemInfo: [malloc] Space in freed fastbin blocks:                     0 Byte
20220314 010920.698 INFO             PET0 PIOc_sync Exit - MemInfo: [malloc] Total allocated space:                      11281536 Byte
20220314 010920.698 INFO             PET0 PIOc_sync Exit - MemInfo: [malloc] Total free space:                           11146432 Byte
20220314 010920.698 INFO             PET0 PIOc_sync Exit - MemInfo: [malloc] Top-most, releasable space:                  6796256 Byte
20220314 010920.698 INFO             PET0 PIOc_sync Exit - MemInfo: [malloc] Total space in use, mmap + non-mmap:        14779520 Byte
20220314 010920.698 INFO             PET0 PIOc_sync Exit - MemInfo: [malloc] Total space held (mmap + non-mmap):         25925952 Byte
20220314 010920.698 INFO             PET0 PIOc_sync Exit - MemInfo: [malloc] Total space used (mmap + non-mmap):         14788176 Byte
20220314 010920.698 INFO             PET0 PIOc_sync Exit - MemInfo: Wall-clock time since execution start:               0.392387 seconds
20220314 010920.698 INFO             PET0 PIOc_freedecomp Enter - MemInfo: [/proc/meminfo - SSI]	MemTotal:       65855856 kB
20220314 010920.698 INFO             PET0 PIOc_freedecomp Enter - MemInfo: [/proc/meminfo - SSI]	MemFree:        61274664 kB
20220314 010920.698 INFO             PET0 PIOc_freedecomp Enter - MemInfo: [/proc/meminfo - SSI]	MemAvailable:   61047568 kB
20220314 010920.698 INFO             PET0 PIOc_freedecomp Enter - MemInfo: [/proc/meminfo - SSI]	Committed_AS:    2879356 kB
20220314 010920.698 INFO             PET0 PIOc_freedecomp Enter - MemInfo: [/proc/meminfo - SSI]	CommittedPercent: 4.37221 %
20220314 010920.698 INFO             PET0 PIOc_freedecomp Enter - MemInfo: [/proc/self/status]	VmPeak:	  137864 kB
20220314 010920.698 INFO             PET0 PIOc_freedecomp Enter - MemInfo: [/proc/self/status]	VmSize:	  137864 kB
20220314 010920.698 INFO             PET0 PIOc_freedecomp Enter - MemInfo: [/proc/self/status]	VmLck:	       0 kB
20220314 010920.698 INFO             PET0 PIOc_freedecomp Enter - MemInfo: [/proc/self/status]	VmPin:	       0 kB
20220314 010920.698 INFO             PET0 PIOc_freedecomp Enter - MemInfo: [/proc/self/status]	VmHWM:	   27508 kB
20220314 010920.698 INFO             PET0 PIOc_freedecomp Enter - MemInfo: [/proc/self/status]	VmRSS:	   27508 kB
20220314 010920.698 INFO             PET0 PIOc_freedecomp Enter - MemInfo: [/proc/self/status]	VmData:	   29556 kB
20220314 010920.698 INFO             PET0 PIOc_freedecomp Enter - MemInfo: [/proc/self/status]	VmStk:	     164 kB
20220314 010920.698 INFO             PET0 PIOc_freedecomp Enter - MemInfo: [/proc/self/status]	VmExe:	   27440 kB
20220314 010920.698 INFO             PET0 PIOc_freedecomp Enter - MemInfo: [/proc/self/status]	VmLib:	    1952 kB
20220314 010920.698 INFO             PET0 PIOc_freedecomp Enter - MemInfo: [/proc/self/status]	VmPTE:	     228 kB
20220314 010920.698 INFO             PET0 PIOc_freedecomp Enter - MemInfo: [/proc/self/status]	VmPMD:	      12 kB
20220314 010920.698 INFO             PET0 PIOc_freedecomp Enter - MemInfo: [/proc/self/status]	VmSwap:	       0 kB
20220314 010920.698 INFO             PET0 PIOc_freedecomp Enter - MemInfo: [/proc/self/status]	VmRSSPercent: 0.04177 %
20220314 010920.698 INFO             PET0 PIOc_freedecomp Enter - MemInfo: [malloc] Non-mmapped space allocated:                22427968 Byte
20220314 010920.698 INFO             PET0 PIOc_freedecomp Enter - MemInfo: [malloc] Space allocated in mmapped regions:          3497984 Byte
20220314 010920.698 INFO             PET0 PIOc_freedecomp Enter - MemInfo: [malloc] Maximum total allocated space:                     0 Byte
20220314 010920.698 INFO             PET0 PIOc_freedecomp Enter - MemInfo: [malloc] Space in freed fastbin blocks:                   112 Byte
20220314 010920.698 INFO             PET0 PIOc_freedecomp Enter - MemInfo: [malloc] Total allocated space:                       2358464 Byte
20220314 010920.698 INFO             PET0 PIOc_freedecomp Enter - MemInfo: [malloc] Total free space:                           20069504 Byte
20220314 010920.698 INFO             PET0 PIOc_freedecomp Enter - MemInfo: [malloc] Top-most, releasable space:                 15184880 Byte
20220314 010920.698 INFO             PET0 PIOc_freedecomp Enter - MemInfo: [malloc] Total space in use, mmap + non-mmap:         5856448 Byte
20220314 010920.698 INFO             PET0 PIOc_freedecomp Enter - MemInfo: [malloc] Total space held (mmap + non-mmap):         25925952 Byte
20220314 010920.698 INFO             PET0 PIOc_freedecomp Enter - MemInfo: [malloc] Total space used (mmap + non-mmap):          5864880 Byte
20220314 010920.698 INFO             PET0 PIOc_freedecomp Enter - MemInfo: Wall-clock time since execution start:               0.393001 seconds
20220314 010920.698 INFO             PET0 PIOc_freedecomp Exit - MemInfo: [/proc/meminfo - SSI]	MemTotal:       65855856 kB
20220314 010920.698 INFO             PET0 PIOc_freedecomp Exit - MemInfo: [/proc/meminfo - SSI]	MemFree:        61274664 kB
20220314 010920.698 INFO             PET0 PIOc_freedecomp Exit - MemInfo: [/proc/meminfo - SSI]	MemAvailable:   61047568 kB
20220314 010920.699 INFO             PET0 PIOc_freedecomp Exit - MemInfo: [/proc/meminfo - SSI]	Committed_AS:    2879356 kB
20220314 010920.699 INFO             PET0 PIOc_freedecomp Exit - MemInfo: [/proc/meminfo - SSI]	CommittedPercent: 4.37221 %
20220314 010920.699 INFO             PET0 PIOc_freedecomp Exit - MemInfo: [/proc/self/status]	VmPeak:	  137864 kB
20220314 010920.699 INFO             PET0 PIOc_freedecomp Exit - MemInfo: [/proc/self/status]	VmSize:	  137864 kB
20220314 010920.699 INFO             PET0 PIOc_freedecomp Exit - MemInfo: [/proc/self/status]	VmLck:	       0 kB
20220314 010920.699 INFO             PET0 PIOc_freedecomp Exit - MemInfo: [/proc/self/status]	VmPin:	       0 kB
20220314 010920.699 INFO             PET0 PIOc_freedecomp Exit - MemInfo: [/proc/self/status]	VmHWM:	   27508 kB
20220314 010920.699 INFO             PET0 PIOc_freedecomp Exit - MemInfo: [/proc/self/status]	VmRSS:	   27508 kB
20220314 010920.699 INFO             PET0 PIOc_freedecomp Exit - MemInfo: [/proc/self/status]	VmData:	   29556 kB
20220314 010920.699 INFO             PET0 PIOc_freedecomp Exit - MemInfo: [/proc/self/status]	VmStk:	     164 kB
20220314 010920.699 INFO             PET0 PIOc_freedecomp Exit - MemInfo: [/proc/self/status]	VmExe:	   27440 kB
20220314 010920.699 INFO             PET0 PIOc_freedecomp Exit - MemInfo: [/proc/self/status]	VmLib:	    1952 kB
20220314 010920.699 INFO             PET0 PIOc_freedecomp Exit - MemInfo: [/proc/self/status]	VmPTE:	     228 kB
20220314 010920.699 INFO             PET0 PIOc_freedecomp Exit - MemInfo: [/proc/self/status]	VmPMD:	      12 kB
20220314 010920.699 INFO             PET0 PIOc_freedecomp Exit - MemInfo: [/proc/self/status]	VmSwap:	       0 kB
20220314 010920.699 INFO             PET0 PIOc_freedecomp Exit - MemInfo: [/proc/self/status]	VmRSSPercent: 0.04177 %
20220314 010920.699 INFO             PET0 PIOc_freedecomp Exit - MemInfo: [malloc] Non-mmapped space allocated:                22427968 Byte
20220314 010920.699 INFO             PET0 PIOc_freedecomp Exit - MemInfo: [malloc] Space allocated in mmapped regions:          3497984 Byte
20220314 010920.699 INFO             PET0 PIOc_freedecomp Exit - MemInfo: [malloc] Maximum total allocated space:                     0 Byte
20220314 010920.699 INFO             PET0 PIOc_freedecomp Exit - MemInfo: [malloc] Space in freed fastbin blocks:                   944 Byte
20220314 010920.699 INFO             PET0 PIOc_freedecomp Exit - MemInfo: [malloc] Total allocated space:                       2357440 Byte
20220314 010920.699 INFO             PET0 PIOc_freedecomp Exit - MemInfo: [malloc] Total free space:                           20070528 Byte
20220314 010920.699 INFO             PET0 PIOc_freedecomp Exit - MemInfo: [malloc] Top-most, releasable space:                 15184880 Byte
20220314 010920.699 INFO             PET0 PIOc_freedecomp Exit - MemInfo: [malloc] Total space in use, mmap + non-mmap:         5855424 Byte
20220314 010920.699 INFO             PET0 PIOc_freedecomp Exit - MemInfo: [malloc] Total space held (mmap + non-mmap):         25925952 Byte
20220314 010920.699 INFO             PET0 PIOc_freedecomp Exit - MemInfo: [malloc] Total space used (mmap + non-mmap):          5863632 Byte
20220314 010920.699 INFO             PET0 PIOc_freedecomp Exit - MemInfo: Wall-clock time since execution start:               0.393458 seconds
20220314 010920.700 INFO             PET0 PIOc_sync Enter - MemInfo: [/proc/meminfo - SSI]	MemTotal:       65855856 kB
20220314 010920.700 INFO             PET0 PIOc_sync Enter - MemInfo: [/proc/meminfo - SSI]	MemFree:        61274664 kB
20220314 010920.700 INFO             PET0 PIOc_sync Enter - MemInfo: [/proc/meminfo - SSI]	MemAvailable:   61047568 kB
20220314 010920.700 INFO             PET0 PIOc_sync Enter - MemInfo: [/proc/meminfo - SSI]	Committed_AS:    2879356 kB
20220314 010920.700 INFO             PET0 PIOc_sync Enter - MemInfo: [/proc/meminfo - SSI]	CommittedPercent: 4.37221 %
20220314 010920.700 INFO             PET0 PIOc_sync Enter - MemInfo: [/proc/self/status]	VmPeak:	  137864 kB
20220314 010920.700 INFO             PET0 PIOc_sync Enter - MemInfo: [/proc/self/status]	VmSize:	  137840 kB
20220314 010920.700 INFO             PET0 PIOc_sync Enter - MemInfo: [/proc/self/status]	VmLck:	       0 kB
20220314 010920.700 INFO             PET0 PIOc_sync Enter - MemInfo: [/proc/self/status]	VmPin:	       0 kB
20220314 010920.700 INFO             PET0 PIOc_sync Enter - MemInfo: [/proc/self/status]	VmHWM:	   27584 kB
20220314 010920.700 INFO             PET0 PIOc_sync Enter - MemInfo: [/proc/self/status]	VmRSS:	   27572 kB
20220314 010920.700 INFO             PET0 PIOc_sync Enter - MemInfo: [/proc/self/status]	VmData:	   29556 kB
20220314 010920.700 INFO             PET0 PIOc_sync Enter - MemInfo: [/proc/self/status]	VmStk:	     164 kB
20220314 010920.701 INFO             PET0 PIOc_sync Enter - MemInfo: [/proc/self/status]	VmExe:	   27440 kB
20220314 010920.701 INFO             PET0 PIOc_sync Enter - MemInfo: [/proc/self/status]	VmLib:	    1952 kB
20220314 010920.701 INFO             PET0 PIOc_sync Enter - MemInfo: [/proc/self/status]	VmPTE:	     228 kB
20220314 010920.701 INFO             PET0 PIOc_sync Enter - MemInfo: [/proc/self/status]	VmPMD:	      12 kB
20220314 010920.701 INFO             PET0 PIOc_sync Enter - MemInfo: [/proc/self/status]	VmSwap:	       0 kB
20220314 010920.701 INFO             PET0 PIOc_sync Enter - MemInfo: [/proc/self/status]	VmRSSPercent: 0.0418672 %
20220314 010920.701 INFO             PET0 PIOc_sync Enter - MemInfo: [malloc] Non-mmapped space allocated:                22427968 Byte
20220314 010920.701 INFO             PET0 PIOc_sync Enter - MemInfo: [malloc] Space allocated in mmapped regions:          3497984 Byte
20220314 010920.701 INFO             PET0 PIOc_sync Enter - MemInfo: [malloc] Maximum total allocated space:                     0 Byte
20220314 010920.701 INFO             PET0 PIOc_sync Enter - MemInfo: [malloc] Space in freed fastbin blocks:                   416 Byte
20220314 010920.701 INFO             PET0 PIOc_sync Enter - MemInfo: [malloc] Total allocated space:                      11285696 Byte
20220314 010920.701 INFO             PET0 PIOc_sync Enter - MemInfo: [malloc] Total free space:                           11142272 Byte
20220314 010920.701 INFO             PET0 PIOc_sync Enter - MemInfo: [malloc] Top-most, releasable space:                  6796256 Byte
20220314 010920.701 INFO             PET0 PIOc_sync Enter - MemInfo: [malloc] Total space in use, mmap + non-mmap:        14783680 Byte
20220314 010920.701 INFO             PET0 PIOc_sync Enter - MemInfo: [malloc] Total space held (mmap + non-mmap):         25925952 Byte
20220314 010920.701 INFO             PET0 PIOc_sync Enter - MemInfo: [malloc] Total space used (mmap + non-mmap):         14792224 Byte
20220314 010920.701 INFO             PET0 PIOc_sync Enter - MemInfo: Wall-clock time since execution start:               0.395289 seconds
20220314 010920.701 INFO             PET0 PIOc_sync Exit - MemInfo: [/proc/meminfo - SSI]	MemTotal:       65855856 kB
20220314 010920.701 INFO             PET0 PIOc_sync Exit - MemInfo: [/proc/meminfo - SSI]	MemFree:        61274664 kB
20220314 010920.701 INFO             PET0 PIOc_sync Exit - MemInfo: [/proc/meminfo - SSI]	MemAvailable:   61047568 kB
20220314 010920.701 INFO             PET0 PIOc_sync Exit - MemInfo: [/proc/meminfo - SSI]	Committed_AS:    2879356 kB
20220314 010920.701 INFO             PET0 PIOc_sync Exit - MemInfo: [/proc/meminfo - SSI]	CommittedPercent: 4.37221 %
20220314 010920.701 INFO             PET0 PIOc_sync Exit - MemInfo: [/proc/self/status]	VmPeak:	  137864 kB
20220314 010920.701 INFO             PET0 PIOc_sync Exit - MemInfo: [/proc/self/status]	VmSize:	  137840 kB
20220314 010920.701 INFO             PET0 PIOc_sync Exit - MemInfo: [/proc/self/status]	VmLck:	       0 kB
20220314 010920.701 INFO             PET0 PIOc_sync Exit - MemInfo: [/proc/self/status]	VmPin:	       0 kB
20220314 010920.701 INFO             PET0 PIOc_sync Exit - MemInfo: [/proc/self/status]	VmHWM:	   27584 kB
20220314 010920.701 INFO             PET0 PIOc_sync Exit - MemInfo: [/proc/self/status]	VmRSS:	   27572 kB
20220314 010920.701 INFO             PET0 PIOc_sync Exit - MemInfo: [/proc/self/status]	VmData:	   29556 kB
20220314 010920.701 INFO             PET0 PIOc_sync Exit - MemInfo: [/proc/self/status]	VmStk:	     164 kB
20220314 010920.701 INFO             PET0 PIOc_sync Exit - MemInfo: [/proc/self/status]	VmExe:	   27440 kB
20220314 010920.701 INFO             PET0 PIOc_sync Exit - MemInfo: [/proc/self/status]	VmLib:	    1952 kB
20220314 010920.701 INFO             PET0 PIOc_sync Exit - MemInfo: [/proc/self/status]	VmPTE:	     228 kB
20220314 010920.701 INFO             PET0 PIOc_sync Exit - MemInfo: [/proc/self/status]	VmPMD:	      12 kB
20220314 010920.701 INFO             PET0 PIOc_sync Exit - MemInfo: [/proc/self/status]	VmSwap:	       0 kB
20220314 010920.701 INFO             PET0 PIOc_sync Exit - MemInfo: [/proc/self/status]	VmRSSPercent: 0.0418672 %
20220314 010920.701 INFO             PET0 PIOc_sync Exit - MemInfo: [malloc] Non-mmapped space allocated:                22427968 Byte
20220314 010920.701 INFO             PET0 PIOc_sync Exit - MemInfo: [malloc] Space allocated in mmapped regions:          3497984 Byte
20220314 010920.701 INFO             PET0 PIOc_sync Exit - MemInfo: [malloc] Maximum total allocated space:                     0 Byte
20220314 010920.701 INFO             PET0 PIOc_sync Exit - MemInfo: [malloc] Space in freed fastbin blocks:                   160 Byte
20220314 010920.701 INFO             PET0 PIOc_sync Exit - MemInfo: [malloc] Total allocated space:                      11286448 Byte
20220314 010920.701 INFO             PET0 PIOc_sync Exit - MemInfo: [malloc] Total free space:                           11141520 Byte
20220314 010920.701 INFO             PET0 PIOc_sync Exit - MemInfo: [malloc] Top-most, releasable space:                  6796256 Byte
20220314 010920.701 INFO             PET0 PIOc_sync Exit - MemInfo: [malloc] Total space in use, mmap + non-mmap:        14784432 Byte
20220314 010920.701 INFO             PET0 PIOc_sync Exit - MemInfo: [malloc] Total space held (mmap + non-mmap):         25925952 Byte
20220314 010920.701 INFO             PET0 PIOc_sync Exit - MemInfo: [malloc] Total space used (mmap + non-mmap):         14793088 Byte
20220314 010920.701 INFO             PET0 PIOc_sync Exit - MemInfo: Wall-clock time since execution start:               0.395827 seconds
20220314 010920.701 INFO             PET0 PIOc_freedecomp Enter - MemInfo: [/proc/meminfo - SSI]	MemTotal:       65855856 kB
20220314 010920.701 INFO             PET0 PIOc_freedecomp Enter - MemInfo: [/proc/meminfo - SSI]	MemFree:        61274664 kB
20220314 010920.702 INFO             PET0 PIOc_freedecomp Enter - MemInfo: [/proc/meminfo - SSI]	MemAvailable:   61047568 kB
20220314 010920.702 INFO             PET0 PIOc_freedecomp Enter - MemInfo: [/proc/meminfo - SSI]	Committed_AS:    2879356 kB
20220314 010920.702 INFO             PET0 PIOc_freedecomp Enter - MemInfo: [/proc/meminfo - SSI]	CommittedPercent: 4.37221 %
20220314 010920.702 INFO             PET0 PIOc_freedecomp Enter - MemInfo: [/proc/self/status]	VmPeak:	  137864 kB
20220314 010920.702 INFO             PET0 PIOc_freedecomp Enter - MemInfo: [/proc/self/status]	VmSize:	  137840 kB
20220314 010920.702 INFO             PET0 PIOc_freedecomp Enter - MemInfo: [/proc/self/status]	VmLck:	       0 kB
20220314 010920.702 INFO             PET0 PIOc_freedecomp Enter - MemInfo: [/proc/self/status]	VmPin:	       0 kB
20220314 010920.702 INFO             PET0 PIOc_freedecomp Enter - MemInfo: [/proc/self/status]	VmHWM:	   27584 kB
20220314 010920.702 INFO             PET0 PIOc_freedecomp Enter - MemInfo: [/proc/self/status]	VmRSS:	   27572 kB
20220314 010920.702 INFO             PET0 PIOc_freedecomp Enter - MemInfo: [/proc/self/status]	VmData:	   29556 kB
20220314 010920.702 INFO             PET0 PIOc_freedecomp Enter - MemInfo: [/proc/self/status]	VmStk:	     164 kB
20220314 010920.702 INFO             PET0 PIOc_freedecomp Enter - MemInfo: [/proc/self/status]	VmExe:	   27440 kB
20220314 010920.702 INFO             PET0 PIOc_freedecomp Enter - MemInfo: [/proc/self/status]	VmLib:	    1952 kB
20220314 010920.702 INFO             PET0 PIOc_freedecomp Enter - MemInfo: [/proc/self/status]	VmPTE:	     228 kB
20220314 010920.702 INFO             PET0 PIOc_freedecomp Enter - MemInfo: [/proc/self/status]	VmPMD:	      12 kB
20220314 010920.702 INFO             PET0 PIOc_freedecomp Enter - MemInfo: [/proc/self/status]	VmSwap:	       0 kB
20220314 010920.702 INFO             PET0 PIOc_freedecomp Enter - MemInfo: [/proc/self/status]	VmRSSPercent: 0.0418672 %
20220314 010920.702 INFO             PET0 PIOc_freedecomp Enter - MemInfo: [malloc] Non-mmapped space allocated:                22427968 Byte
20220314 010920.702 INFO             PET0 PIOc_freedecomp Enter - MemInfo: [malloc] Space allocated in mmapped regions:          3497984 Byte
20220314 010920.702 INFO             PET0 PIOc_freedecomp Enter - MemInfo: [malloc] Maximum total allocated space:                     0 Byte
20220314 010920.702 INFO             PET0 PIOc_freedecomp Enter - MemInfo: [malloc] Space in freed fastbin blocks:                   272 Byte
20220314 010920.702 INFO             PET0 PIOc_freedecomp Enter - MemInfo: [malloc] Total allocated space:                       2361552 Byte
20220314 010920.702 INFO             PET0 PIOc_freedecomp Enter - MemInfo: [malloc] Total free space:                           20066416 Byte
20220314 010920.702 INFO             PET0 PIOc_freedecomp Enter - MemInfo: [malloc] Top-most, releasable space:                 15184880 Byte
20220314 010920.702 INFO             PET0 PIOc_freedecomp Enter - MemInfo: [malloc] Total space in use, mmap + non-mmap:         5859536 Byte
20220314 010920.702 INFO             PET0 PIOc_freedecomp Enter - MemInfo: [malloc] Total space held (mmap + non-mmap):         25925952 Byte
20220314 010920.702 INFO             PET0 PIOc_freedecomp Enter - MemInfo: [malloc] Total space used (mmap + non-mmap):          5867744 Byte
20220314 010920.702 INFO             PET0 PIOc_freedecomp Enter - MemInfo: Wall-clock time since execution start:               0.396467 seconds
20220314 010920.702 INFO             PET0 PIOc_freedecomp Exit - MemInfo: [/proc/meminfo - SSI]	MemTotal:       65855856 kB
20220314 010920.702 INFO             PET0 PIOc_freedecomp Exit - MemInfo: [/proc/meminfo - SSI]	MemFree:        61274664 kB
20220314 010920.702 INFO             PET0 PIOc_freedecomp Exit - MemInfo: [/proc/meminfo - SSI]	MemAvailable:   61047568 kB
20220314 010920.702 INFO             PET0 PIOc_freedecomp Exit - MemInfo: [/proc/meminfo - SSI]	Committed_AS:    2879356 kB
20220314 010920.702 INFO             PET0 PIOc_freedecomp Exit - MemInfo: [/proc/meminfo - SSI]	CommittedPercent: 4.37221 %
20220314 010920.702 INFO             PET0 PIOc_freedecomp Exit - MemInfo: [/proc/self/status]	VmPeak:	  137864 kB
20220314 010920.702 INFO             PET0 PIOc_freedecomp Exit - MemInfo: [/proc/self/status]	VmSize:	  137840 kB
20220314 010920.702 INFO             PET0 PIOc_freedecomp Exit - MemInfo: [/proc/self/status]	VmLck:	       0 kB
20220314 010920.702 INFO             PET0 PIOc_freedecomp Exit - MemInfo: [/proc/self/status]	VmPin:	       0 kB
20220314 010920.702 INFO             PET0 PIOc_freedecomp Exit - MemInfo: [/proc/self/status]	VmHWM:	   27584 kB
20220314 010920.702 INFO             PET0 PIOc_freedecomp Exit - MemInfo: [/proc/self/status]	VmRSS:	   27572 kB
20220314 010920.702 INFO             PET0 PIOc_freedecomp Exit - MemInfo: [/proc/self/status]	VmData:	   29556 kB
20220314 010920.702 INFO             PET0 PIOc_freedecomp Exit - MemInfo: [/proc/self/status]	VmStk:	     164 kB
20220314 010920.702 INFO             PET0 PIOc_freedecomp Exit - MemInfo: [/proc/self/status]	VmExe:	   27440 kB
20220314 010920.702 INFO             PET0 PIOc_freedecomp Exit - MemInfo: [/proc/self/status]	VmLib:	    1952 kB
20220314 010920.702 INFO             PET0 PIOc_freedecomp Exit - MemInfo: [/proc/self/status]	VmPTE:	     228 kB
20220314 010920.702 INFO             PET0 PIOc_freedecomp Exit - MemInfo: [/proc/self/status]	VmPMD:	      12 kB
20220314 010920.702 INFO             PET0 PIOc_freedecomp Exit - MemInfo: [/proc/self/status]	VmSwap:	       0 kB
20220314 010920.702 INFO             PET0 PIOc_freedecomp Exit - MemInfo: [/proc/self/status]	VmRSSPercent: 0.0418672 %
20220314 010920.702 INFO             PET0 PIOc_freedecomp Exit - MemInfo: [malloc] Non-mmapped space allocated:                22427968 Byte
20220314 010920.702 INFO             PET0 PIOc_freedecomp Exit - MemInfo: [malloc] Space allocated in mmapped regions:          3497984 Byte
20220314 010920.702 INFO             PET0 PIOc_freedecomp Exit - MemInfo: [malloc] Maximum total allocated space:                     0 Byte
20220314 010920.702 INFO             PET0 PIOc_freedecomp Exit - MemInfo: [malloc] Space in freed fastbin blocks:                  1472 Byte
20220314 010920.702 INFO             PET0 PIOc_freedecomp Exit - MemInfo: [malloc] Total allocated space:                       2359408 Byte
20220314 010920.702 INFO             PET0 PIOc_freedecomp Exit - MemInfo: [malloc] Total free space:                           20068560 Byte
20220314 010920.702 INFO             PET0 PIOc_freedecomp Exit - MemInfo: [malloc] Top-most, releasable space:                 15184880 Byte
20220314 010920.702 INFO             PET0 PIOc_freedecomp Exit - MemInfo: [malloc] Total space in use, mmap + non-mmap:         5857392 Byte
20220314 010920.702 INFO             PET0 PIOc_freedecomp Exit - MemInfo: [malloc] Total space held (mmap + non-mmap):         25925952 Byte
20220314 010920.702 INFO             PET0 PIOc_freedecomp Exit - MemInfo: [malloc] Total space used (mmap + non-mmap):          5865600 Byte
20220314 010920.702 INFO             PET0 PIOc_freedecomp Exit - MemInfo: Wall-clock time since execution start:               0.396893 seconds
20220314 010920.704 INFO             PET0 PIOc_sync Enter - MemInfo: [/proc/meminfo - SSI]	MemTotal:       65855856 kB
20220314 010920.704 INFO             PET0 PIOc_sync Enter - MemInfo: [/proc/meminfo - SSI]	MemFree:        61274664 kB
20220314 010920.704 INFO             PET0 PIOc_sync Enter - MemInfo: [/proc/meminfo - SSI]	MemAvailable:   61047568 kB
20220314 010920.704 INFO             PET0 PIOc_sync Enter - MemInfo: [/proc/meminfo - SSI]	Committed_AS:    2879356 kB
20220314 010920.704 INFO             PET0 PIOc_sync Enter - MemInfo: [/proc/meminfo - SSI]	CommittedPercent: 4.37221 %
20220314 010920.704 INFO             PET0 PIOc_sync Enter - MemInfo: [/proc/self/status]	VmPeak:	  137864 kB
20220314 010920.704 INFO             PET0 PIOc_sync Enter - MemInfo: [/proc/self/status]	VmSize:	  137840 kB
20220314 010920.704 INFO             PET0 PIOc_sync Enter - MemInfo: [/proc/self/status]	VmLck:	       0 kB
20220314 010920.704 INFO             PET0 PIOc_sync Enter - MemInfo: [/proc/self/status]	VmPin:	       0 kB
20220314 010920.704 INFO             PET0 PIOc_sync Enter - MemInfo: [/proc/self/status]	VmHWM:	   27584 kB
20220314 010920.704 INFO             PET0 PIOc_sync Enter - MemInfo: [/proc/self/status]	VmRSS:	   27572 kB
20220314 010920.704 INFO             PET0 PIOc_sync Enter - MemInfo: [/proc/self/status]	VmData:	   29556 kB
20220314 010920.704 INFO             PET0 PIOc_sync Enter - MemInfo: [/proc/self/status]	VmStk:	     164 kB
20220314 010920.704 INFO             PET0 PIOc_sync Enter - MemInfo: [/proc/self/status]	VmExe:	   27440 kB
20220314 010920.704 INFO             PET0 PIOc_sync Enter - MemInfo: [/proc/self/status]	VmLib:	    1952 kB
20220314 010920.704 INFO             PET0 PIOc_sync Enter - MemInfo: [/proc/self/status]	VmPTE:	     228 kB
20220314 010920.704 INFO             PET0 PIOc_sync Enter - MemInfo: [/proc/self/status]	VmPMD:	      12 kB
20220314 010920.704 INFO             PET0 PIOc_sync Enter - MemInfo: [/proc/self/status]	VmSwap:	       0 kB
20220314 010920.704 INFO             PET0 PIOc_sync Enter - MemInfo: [/proc/self/status]	VmRSSPercent: 0.0418672 %
20220314 010920.704 INFO             PET0 PIOc_sync Enter - MemInfo: [malloc] Non-mmapped space allocated:                22427968 Byte
20220314 010920.704 INFO             PET0 PIOc_sync Enter - MemInfo: [malloc] Space allocated in mmapped regions:          3497984 Byte
20220314 010920.704 INFO             PET0 PIOc_sync Enter - MemInfo: [malloc] Maximum total allocated space:                     0 Byte
20220314 010920.704 INFO             PET0 PIOc_sync Enter - MemInfo: [malloc] Space in freed fastbin blocks:                   720 Byte
20220314 010920.704 INFO             PET0 PIOc_sync Enter - MemInfo: [malloc] Total allocated space:                      11289024 Byte
20220314 010920.704 INFO             PET0 PIOc_sync Enter - MemInfo: [malloc] Total free space:                           11138944 Byte
20220314 010920.704 INFO             PET0 PIOc_sync Enter - MemInfo: [malloc] Top-most, releasable space:                  6796256 Byte
20220314 010920.704 INFO             PET0 PIOc_sync Enter - MemInfo: [malloc] Total space in use, mmap + non-mmap:        14787008 Byte
20220314 010920.704 INFO             PET0 PIOc_sync Enter - MemInfo: [malloc] Total space held (mmap + non-mmap):         25925952 Byte
20220314 010920.704 INFO             PET0 PIOc_sync Enter - MemInfo: [malloc] Total space used (mmap + non-mmap):         14795440 Byte
20220314 010920.704 INFO             PET0 PIOc_sync Enter - MemInfo: Wall-clock time since execution start:               0.398671 seconds
20220314 010920.704 INFO             PET0 PIOc_sync Exit - MemInfo: [/proc/meminfo - SSI]	MemTotal:       65855856 kB
20220314 010920.704 INFO             PET0 PIOc_sync Exit - MemInfo: [/proc/meminfo - SSI]	MemFree:        61274664 kB
20220314 010920.704 INFO             PET0 PIOc_sync Exit - MemInfo: [/proc/meminfo - SSI]	MemAvailable:   61047568 kB
20220314 010920.704 INFO             PET0 PIOc_sync Exit - MemInfo: [/proc/meminfo - SSI]	Committed_AS:    2879356 kB
20220314 010920.704 INFO             PET0 PIOc_sync Exit - MemInfo: [/proc/meminfo - SSI]	CommittedPercent: 4.37221 %
20220314 010920.704 INFO             PET0 PIOc_sync Exit - MemInfo: [/proc/self/status]	VmPeak:	  137864 kB
20220314 010920.704 INFO             PET0 PIOc_sync Exit - MemInfo: [/proc/self/status]	VmSize:	  137840 kB
20220314 010920.704 INFO             PET0 PIOc_sync Exit - MemInfo: [/proc/self/status]	VmLck:	       0 kB
20220314 010920.704 INFO             PET0 PIOc_sync Exit - MemInfo: [/proc/self/status]	VmPin:	       0 kB
20220314 010920.704 INFO             PET0 PIOc_sync Exit - MemInfo: [/proc/self/status]	VmHWM:	   27584 kB
20220314 010920.704 INFO             PET0 PIOc_sync Exit - MemInfo: [/proc/self/status]	VmRSS:	   27572 kB
20220314 010920.704 INFO             PET0 PIOc_sync Exit - MemInfo: [/proc/self/status]	VmData:	   29556 kB
20220314 010920.704 INFO             PET0 PIOc_sync Exit - MemInfo: [/proc/self/status]	VmStk:	     164 kB
20220314 010920.704 INFO             PET0 PIOc_sync Exit - MemInfo: [/proc/self/status]	VmExe:	   27440 kB
20220314 010920.704 INFO             PET0 PIOc_sync Exit - MemInfo: [/proc/self/status]	VmLib:	    1952 kB
20220314 010920.704 INFO             PET0 PIOc_sync Exit - MemInfo: [/proc/self/status]	VmPTE:	     228 kB
20220314 010920.704 INFO             PET0 PIOc_sync Exit - MemInfo: [/proc/self/status]	VmPMD:	      12 kB
20220314 010920.704 INFO             PET0 PIOc_sync Exit - MemInfo: [/proc/self/status]	VmSwap:	       0 kB
20220314 010920.705 INFO             PET0 PIOc_sync Exit - MemInfo: [/proc/self/status]	VmRSSPercent: 0.0418672 %
20220314 010920.705 INFO             PET0 PIOc_sync Exit - MemInfo: [malloc] Non-mmapped space allocated:                22427968 Byte
20220314 010920.705 INFO             PET0 PIOc_sync Exit - MemInfo: [malloc] Space allocated in mmapped regions:          3497984 Byte
20220314 010920.705 INFO             PET0 PIOc_sync Exit - MemInfo: [malloc] Maximum total allocated space:                     0 Byte
20220314 010920.705 INFO             PET0 PIOc_sync Exit - MemInfo: [malloc] Space in freed fastbin blocks:                    32 Byte
20220314 010920.705 INFO             PET0 PIOc_sync Exit - MemInfo: [malloc] Total allocated space:                      11289232 Byte
20220314 010920.705 INFO             PET0 PIOc_sync Exit - MemInfo: [malloc] Total free space:                           11138736 Byte
20220314 010920.705 INFO             PET0 PIOc_sync Exit - MemInfo: [malloc] Top-most, releasable space:                  6796256 Byte
20220314 010920.705 INFO             PET0 PIOc_sync Exit - MemInfo: [malloc] Total space in use, mmap + non-mmap:        14787216 Byte
20220314 010920.705 INFO             PET0 PIOc_sync Exit - MemInfo: [malloc] Total space held (mmap + non-mmap):         25925952 Byte
20220314 010920.705 INFO             PET0 PIOc_sync Exit - MemInfo: [malloc] Total space used (mmap + non-mmap):         14795872 Byte
20220314 010920.705 INFO             PET0 PIOc_sync Exit - MemInfo: Wall-clock time since execution start:               0.399208 seconds
20220314 010920.705 INFO             PET0 PIOc_freedecomp Enter - MemInfo: [/proc/meminfo - SSI]	MemTotal:       65855856 kB
20220314 010920.705 INFO             PET0 PIOc_freedecomp Enter - MemInfo: [/proc/meminfo - SSI]	MemFree:        61274160 kB
20220314 010920.705 INFO             PET0 PIOc_freedecomp Enter - MemInfo: [/proc/meminfo - SSI]	MemAvailable:   61047064 kB
20220314 010920.705 INFO             PET0 PIOc_freedecomp Enter - MemInfo: [/proc/meminfo - SSI]	Committed_AS:    2879356 kB
20220314 010920.705 INFO             PET0 PIOc_freedecomp Enter - MemInfo: [/proc/meminfo - SSI]	CommittedPercent: 4.37221 %
20220314 010920.705 INFO             PET0 PIOc_freedecomp Enter - MemInfo: [/proc/self/status]	VmPeak:	  137864 kB
20220314 010920.705 INFO             PET0 PIOc_freedecomp Enter - MemInfo: [/proc/self/status]	VmSize:	  137840 kB
20220314 010920.705 INFO             PET0 PIOc_freedecomp Enter - MemInfo: [/proc/self/status]	VmLck:	       0 kB
20220314 010920.705 INFO             PET0 PIOc_freedecomp Enter - MemInfo: [/proc/self/status]	VmPin:	       0 kB
20220314 010920.705 INFO             PET0 PIOc_freedecomp Enter - MemInfo: [/proc/self/status]	VmHWM:	   27584 kB
20220314 010920.705 INFO             PET0 PIOc_freedecomp Enter - MemInfo: [/proc/self/status]	VmRSS:	   27572 kB
20220314 010920.705 INFO             PET0 PIOc_freedecomp Enter - MemInfo: [/proc/self/status]	VmData:	   29556 kB
20220314 010920.705 INFO             PET0 PIOc_freedecomp Enter - MemInfo: [/proc/self/status]	VmStk:	     164 kB
20220314 010920.705 INFO             PET0 PIOc_freedecomp Enter - MemInfo: [/proc/self/status]	VmExe:	   27440 kB
20220314 010920.705 INFO             PET0 PIOc_freedecomp Enter - MemInfo: [/proc/self/status]	VmLib:	    1952 kB
20220314 010920.705 INFO             PET0 PIOc_freedecomp Enter - MemInfo: [/proc/self/status]	VmPTE:	     228 kB
20220314 010920.705 INFO             PET0 PIOc_freedecomp Enter - MemInfo: [/proc/self/status]	VmPMD:	      12 kB
20220314 010920.705 INFO             PET0 PIOc_freedecomp Enter - MemInfo: [/proc/self/status]	VmSwap:	       0 kB
20220314 010920.705 INFO             PET0 PIOc_freedecomp Enter - MemInfo: [/proc/self/status]	VmRSSPercent: 0.0418672 %
20220314 010920.705 INFO             PET0 PIOc_freedecomp Enter - MemInfo: [malloc] Non-mmapped space allocated:                22427968 Byte
20220314 010920.705 INFO             PET0 PIOc_freedecomp Enter - MemInfo: [malloc] Space allocated in mmapped regions:          3497984 Byte
20220314 010920.705 INFO             PET0 PIOc_freedecomp Enter - MemInfo: [malloc] Maximum total allocated space:                     0 Byte
20220314 010920.705 INFO             PET0 PIOc_freedecomp Enter - MemInfo: [malloc] Space in freed fastbin blocks:                   272 Byte
20220314 010920.705 INFO             PET0 PIOc_freedecomp Enter - MemInfo: [malloc] Total allocated space:                       2363216 Byte
20220314 010920.705 INFO             PET0 PIOc_freedecomp Enter - MemInfo: [malloc] Total free space:                           20064752 Byte
20220314 010920.705 INFO             PET0 PIOc_freedecomp Enter - MemInfo: [malloc] Top-most, releasable space:                 15184880 Byte
20220314 010920.705 INFO             PET0 PIOc_freedecomp Enter - MemInfo: [malloc] Total space in use, mmap + non-mmap:         5861200 Byte
20220314 010920.705 INFO             PET0 PIOc_freedecomp Enter - MemInfo: [malloc] Total space held (mmap + non-mmap):         25925952 Byte
20220314 010920.705 INFO             PET0 PIOc_freedecomp Enter - MemInfo: [malloc] Total space used (mmap + non-mmap):          5869408 Byte
20220314 010920.705 INFO             PET0 PIOc_freedecomp Enter - MemInfo: Wall-clock time since execution start:               0.399804 seconds
20220314 010920.705 INFO             PET0 PIOc_freedecomp Exit - MemInfo: [/proc/meminfo - SSI]	MemTotal:       65855856 kB
20220314 010920.705 INFO             PET0 PIOc_freedecomp Exit - MemInfo: [/proc/meminfo - SSI]	MemFree:        61274160 kB
20220314 010920.705 INFO             PET0 PIOc_freedecomp Exit - MemInfo: [/proc/meminfo - SSI]	MemAvailable:   61047064 kB
20220314 010920.705 INFO             PET0 PIOc_freedecomp Exit - MemInfo: [/proc/meminfo - SSI]	Committed_AS:    2879356 kB
20220314 010920.705 INFO             PET0 PIOc_freedecomp Exit - MemInfo: [/proc/meminfo - SSI]	CommittedPercent: 4.37221 %
20220314 010920.705 INFO             PET0 PIOc_freedecomp Exit - MemInfo: [/proc/self/status]	VmPeak:	  137864 kB
20220314 010920.705 INFO             PET0 PIOc_freedecomp Exit - MemInfo: [/proc/self/status]	VmSize:	  137840 kB
20220314 010920.705 INFO             PET0 PIOc_freedecomp Exit - MemInfo: [/proc/self/status]	VmLck:	       0 kB
20220314 010920.705 INFO             PET0 PIOc_freedecomp Exit - MemInfo: [/proc/self/status]	VmPin:	       0 kB
20220314 010920.705 INFO             PET0 PIOc_freedecomp Exit - MemInfo: [/proc/self/status]	VmHWM:	   27584 kB
20220314 010920.705 INFO             PET0 PIOc_freedecomp Exit - MemInfo: [/proc/self/status]	VmRSS:	   27572 kB
20220314 010920.705 INFO             PET0 PIOc_freedecomp Exit - MemInfo: [/proc/self/status]	VmData:	   29556 kB
20220314 010920.705 INFO             PET0 PIOc_freedecomp Exit - MemInfo: [/proc/self/status]	VmStk:	     164 kB
20220314 010920.705 INFO             PET0 PIOc_freedecomp Exit - MemInfo: [/proc/self/status]	VmExe:	   27440 kB
20220314 010920.705 INFO             PET0 PIOc_freedecomp Exit - MemInfo: [/proc/self/status]	VmLib:	    1952 kB
20220314 010920.706 INFO             PET0 PIOc_freedecomp Exit - MemInfo: [/proc/self/status]	VmPTE:	     228 kB
20220314 010920.706 INFO             PET0 PIOc_freedecomp Exit - MemInfo: [/proc/self/status]	VmPMD:	      12 kB
20220314 010920.706 INFO             PET0 PIOc_freedecomp Exit - MemInfo: [/proc/self/status]	VmSwap:	       0 kB
20220314 010920.706 INFO             PET0 PIOc_freedecomp Exit - MemInfo: [/proc/self/status]	VmRSSPercent: 0.0418672 %
20220314 010920.706 INFO             PET0 PIOc_freedecomp Exit - MemInfo: [malloc] Non-mmapped space allocated:                22427968 Byte
20220314 010920.706 INFO             PET0 PIOc_freedecomp Exit - MemInfo: [malloc] Space allocated in mmapped regions:          3497984 Byte
20220314 010920.706 INFO             PET0 PIOc_freedecomp Exit - MemInfo: [malloc] Maximum total allocated space:                     0 Byte
20220314 010920.706 INFO             PET0 PIOc_freedecomp Exit - MemInfo: [malloc] Space in freed fastbin blocks:                  1776 Byte
20220314 010920.706 INFO             PET0 PIOc_freedecomp Exit - MemInfo: [malloc] Total allocated space:                       2360768 Byte
20220314 010920.706 INFO             PET0 PIOc_freedecomp Exit - MemInfo: [malloc] Total free space:                           20067200 Byte
20220314 010920.706 INFO             PET0 PIOc_freedecomp Exit - MemInfo: [malloc] Top-most, releasable space:                 15184880 Byte
20220314 010920.706 INFO             PET0 PIOc_freedecomp Exit - MemInfo: [malloc] Total space in use, mmap + non-mmap:         5858752 Byte
20220314 010920.706 INFO             PET0 PIOc_freedecomp Exit - MemInfo: [malloc] Total space held (mmap + non-mmap):         25925952 Byte
20220314 010920.706 INFO             PET0 PIOc_freedecomp Exit - MemInfo: [malloc] Total space used (mmap + non-mmap):          5866960 Byte
20220314 010920.706 INFO             PET0 PIOc_freedecomp Exit - MemInfo: Wall-clock time since execution start:               0.400235 seconds
20220314 010920.707 INFO             PET0 PIOc_sync Enter - MemInfo: [/proc/meminfo - SSI]	MemTotal:       65855856 kB
20220314 010920.707 INFO             PET0 PIOc_sync Enter - MemInfo: [/proc/meminfo - SSI]	MemFree:        61274160 kB
20220314 010920.707 INFO             PET0 PIOc_sync Enter - MemInfo: [/proc/meminfo - SSI]	MemAvailable:   61047064 kB
20220314 010920.707 INFO             PET0 PIOc_sync Enter - MemInfo: [/proc/meminfo - SSI]	Committed_AS:    2879356 kB
20220314 010920.707 INFO             PET0 PIOc_sync Enter - MemInfo: [/proc/meminfo - SSI]	CommittedPercent: 4.37221 %
20220314 010920.707 INFO             PET0 PIOc_sync Enter - MemInfo: [/proc/self/status]	VmPeak:	  137864 kB
20220314 010920.707 INFO             PET0 PIOc_sync Enter - MemInfo: [/proc/self/status]	VmSize:	  137840 kB
20220314 010920.707 INFO             PET0 PIOc_sync Enter - MemInfo: [/proc/self/status]	VmLck:	       0 kB
20220314 010920.707 INFO             PET0 PIOc_sync Enter - MemInfo: [/proc/self/status]	VmPin:	       0 kB
20220314 010920.707 INFO             PET0 PIOc_sync Enter - MemInfo: [/proc/self/status]	VmHWM:	   27584 kB
20220314 010920.707 INFO             PET0 PIOc_sync Enter - MemInfo: [/proc/self/status]	VmRSS:	   27572 kB
20220314 010920.707 INFO             PET0 PIOc_sync Enter - MemInfo: [/proc/self/status]	VmData:	   29556 kB
20220314 010920.707 INFO             PET0 PIOc_sync Enter - MemInfo: [/proc/self/status]	VmStk:	     164 kB
20220314 010920.707 INFO             PET0 PIOc_sync Enter - MemInfo: [/proc/self/status]	VmExe:	   27440 kB
20220314 010920.707 INFO             PET0 PIOc_sync Enter - MemInfo: [/proc/self/status]	VmLib:	    1952 kB
20220314 010920.707 INFO             PET0 PIOc_sync Enter - MemInfo: [/proc/self/status]	VmPTE:	     228 kB
20220314 010920.707 INFO             PET0 PIOc_sync Enter - MemInfo: [/proc/self/status]	VmPMD:	      12 kB
20220314 010920.707 INFO             PET0 PIOc_sync Enter - MemInfo: [/proc/self/status]	VmSwap:	       0 kB
20220314 010920.707 INFO             PET0 PIOc_sync Enter - MemInfo: [/proc/self/status]	VmRSSPercent: 0.0418672 %
20220314 010920.707 INFO             PET0 PIOc_sync Enter - MemInfo: [malloc] Non-mmapped space allocated:                22427968 Byte
20220314 010920.707 INFO             PET0 PIOc_sync Enter - MemInfo: [malloc] Space allocated in mmapped regions:          3497984 Byte
20220314 010920.707 INFO             PET0 PIOc_sync Enter - MemInfo: [malloc] Maximum total allocated space:                     0 Byte
20220314 010920.707 INFO             PET0 PIOc_sync Enter - MemInfo: [malloc] Space in freed fastbin blocks:                  1488 Byte
20220314 010920.707 INFO             PET0 PIOc_sync Enter - MemInfo: [malloc] Total allocated space:                      11290784 Byte
20220314 010920.707 INFO             PET0 PIOc_sync Enter - MemInfo: [malloc] Total free space:                           11137184 Byte
20220314 010920.707 INFO             PET0 PIOc_sync Enter - MemInfo: [malloc] Top-most, releasable space:                  6796256 Byte
20220314 010920.707 INFO             PET0 PIOc_sync Enter - MemInfo: [malloc] Total space in use, mmap + non-mmap:        14788768 Byte
20220314 010920.708 INFO             PET0 PIOc_sync Enter - MemInfo: [malloc] Total space held (mmap + non-mmap):         25925952 Byte
20220314 010920.708 INFO             PET0 PIOc_sync Enter - MemInfo: [malloc] Total space used (mmap + non-mmap):         14797200 Byte
20220314 010920.708 INFO             PET0 PIOc_sync Enter - MemInfo: Wall-clock time since execution start:               0.402096 seconds
20220314 010920.708 INFO             PET0 PIOc_sync Exit - MemInfo: [/proc/meminfo - SSI]	MemTotal:       65855856 kB
20220314 010920.708 INFO             PET0 PIOc_sync Exit - MemInfo: [/proc/meminfo - SSI]	MemFree:        61274160 kB
20220314 010920.708 INFO             PET0 PIOc_sync Exit - MemInfo: [/proc/meminfo - SSI]	MemAvailable:   61047064 kB
20220314 010920.708 INFO             PET0 PIOc_sync Exit - MemInfo: [/proc/meminfo - SSI]	Committed_AS:    2879356 kB
20220314 010920.708 INFO             PET0 PIOc_sync Exit - MemInfo: [/proc/meminfo - SSI]	CommittedPercent: 4.37221 %
20220314 010920.708 INFO             PET0 PIOc_sync Exit - MemInfo: [/proc/self/status]	VmPeak:	  137864 kB
20220314 010920.708 INFO             PET0 PIOc_sync Exit - MemInfo: [/proc/self/status]	VmSize:	  137840 kB
20220314 010920.708 INFO             PET0 PIOc_sync Exit - MemInfo: [/proc/self/status]	VmLck:	       0 kB
20220314 010920.708 INFO             PET0 PIOc_sync Exit - MemInfo: [/proc/self/status]	VmPin:	       0 kB
20220314 010920.708 INFO             PET0 PIOc_sync Exit - MemInfo: [/proc/self/status]	VmHWM:	   27584 kB
20220314 010920.708 INFO             PET0 PIOc_sync Exit - MemInfo: [/proc/self/status]	VmRSS:	   27572 kB
20220314 010920.708 INFO             PET0 PIOc_sync Exit - MemInfo: [/proc/self/status]	VmData:	   29556 kB
20220314 010920.708 INFO             PET0 PIOc_sync Exit - MemInfo: [/proc/self/status]	VmStk:	     164 kB
20220314 010920.708 INFO             PET0 PIOc_sync Exit - MemInfo: [/proc/self/status]	VmExe:	   27440 kB
20220314 010920.708 INFO             PET0 PIOc_sync Exit - MemInfo: [/proc/self/status]	VmLib:	    1952 kB
20220314 010920.708 INFO             PET0 PIOc_sync Exit - MemInfo: [/proc/self/status]	VmPTE:	     228 kB
20220314 010920.708 INFO             PET0 PIOc_sync Exit - MemInfo: [/proc/self/status]	VmPMD:	      12 kB
20220314 010920.708 INFO             PET0 PIOc_sync Exit - MemInfo: [/proc/self/status]	VmSwap:	       0 kB
20220314 010920.708 INFO             PET0 PIOc_sync Exit - MemInfo: [/proc/self/status]	VmRSSPercent: 0.0418672 %
20220314 010920.708 INFO             PET0 PIOc_sync Exit - MemInfo: [malloc] Non-mmapped space allocated:                22427968 Byte
20220314 010920.708 INFO             PET0 PIOc_sync Exit - MemInfo: [malloc] Space allocated in mmapped regions:          3497984 Byte
20220314 010920.708 INFO             PET0 PIOc_sync Exit - MemInfo: [malloc] Maximum total allocated space:                     0 Byte
20220314 010920.708 INFO             PET0 PIOc_sync Exit - MemInfo: [malloc] Space in freed fastbin blocks:                   384 Byte
20220314 010920.708 INFO             PET0 PIOc_sync Exit - MemInfo: [malloc] Total allocated space:                      11291280 Byte
20220314 010920.708 INFO             PET0 PIOc_sync Exit - MemInfo: [malloc] Total free space:                           11136688 Byte
20220314 010920.708 INFO             PET0 PIOc_sync Exit - MemInfo: [malloc] Top-most, releasable space:                  6796256 Byte
20220314 010920.708 INFO             PET0 PIOc_sync Exit - MemInfo: [malloc] Total space in use, mmap + non-mmap:        14789264 Byte
20220314 010920.708 INFO             PET0 PIOc_sync Exit - MemInfo: [malloc] Total space held (mmap + non-mmap):         25925952 Byte
20220314 010920.708 INFO             PET0 PIOc_sync Exit - MemInfo: [malloc] Total space used (mmap + non-mmap):         14797920 Byte
20220314 010920.708 INFO             PET0 PIOc_sync Exit - MemInfo: Wall-clock time since execution start:                0.40259 seconds
20220314 010920.708 INFO             PET0 PIOc_freedecomp Enter - MemInfo: [/proc/meminfo - SSI]	MemTotal:       65855856 kB
20220314 010920.708 INFO             PET0 PIOc_freedecomp Enter - MemInfo: [/proc/meminfo - SSI]	MemFree:        61274160 kB
20220314 010920.708 INFO             PET0 PIOc_freedecomp Enter - MemInfo: [/proc/meminfo - SSI]	MemAvailable:   61047064 kB
20220314 010920.708 INFO             PET0 PIOc_freedecomp Enter - MemInfo: [/proc/meminfo - SSI]	Committed_AS:    2879356 kB
20220314 010920.708 INFO             PET0 PIOc_freedecomp Enter - MemInfo: [/proc/meminfo - SSI]	CommittedPercent: 4.37221 %
20220314 010920.708 INFO             PET0 PIOc_freedecomp Enter - MemInfo: [/proc/self/status]	VmPeak:	  137864 kB
20220314 010920.708 INFO             PET0 PIOc_freedecomp Enter - MemInfo: [/proc/self/status]	VmSize:	  137840 kB
20220314 010920.708 INFO             PET0 PIOc_freedecomp Enter - MemInfo: [/proc/self/status]	VmLck:	       0 kB
20220314 010920.708 INFO             PET0 PIOc_freedecomp Enter - MemInfo: [/proc/self/status]	VmPin:	       0 kB
20220314 010920.708 INFO             PET0 PIOc_freedecomp Enter - MemInfo: [/proc/self/status]	VmHWM:	   27584 kB
20220314 010920.708 INFO             PET0 PIOc_freedecomp Enter - MemInfo: [/proc/self/status]	VmRSS:	   27572 kB
20220314 010920.708 INFO             PET0 PIOc_freedecomp Enter - MemInfo: [/proc/self/status]	VmData:	   29556 kB
20220314 010920.708 INFO             PET0 PIOc_freedecomp Enter - MemInfo: [/proc/self/status]	VmStk:	     164 kB
20220314 010920.708 INFO             PET0 PIOc_freedecomp Enter - MemInfo: [/proc/self/status]	VmExe:	   27440 kB
20220314 010920.708 INFO             PET0 PIOc_freedecomp Enter - MemInfo: [/proc/self/status]	VmLib:	    1952 kB
20220314 010920.708 INFO             PET0 PIOc_freedecomp Enter - MemInfo: [/proc/self/status]	VmPTE:	     228 kB
20220314 010920.708 INFO             PET0 PIOc_freedecomp Enter - MemInfo: [/proc/self/status]	VmPMD:	      12 kB
20220314 010920.708 INFO             PET0 PIOc_freedecomp Enter - MemInfo: [/proc/self/status]	VmSwap:	       0 kB
20220314 010920.708 INFO             PET0 PIOc_freedecomp Enter - MemInfo: [/proc/self/status]	VmRSSPercent: 0.0418672 %
20220314 010920.708 INFO             PET0 PIOc_freedecomp Enter - MemInfo: [malloc] Non-mmapped space allocated:                22427968 Byte
20220314 010920.709 INFO             PET0 PIOc_freedecomp Enter - MemInfo: [malloc] Space allocated in mmapped regions:          3497984 Byte
20220314 010920.709 INFO             PET0 PIOc_freedecomp Enter - MemInfo: [malloc] Maximum total allocated space:                     0 Byte
20220314 010920.709 INFO             PET0 PIOc_freedecomp Enter - MemInfo: [malloc] Space in freed fastbin blocks:                   272 Byte
20220314 010920.709 INFO             PET0 PIOc_freedecomp Enter - MemInfo: [malloc] Total allocated space:                       2364144 Byte
20220314 010920.709 INFO             PET0 PIOc_freedecomp Enter - MemInfo: [malloc] Total free space:                           20063824 Byte
20220314 010920.709 INFO             PET0 PIOc_freedecomp Enter - MemInfo: [malloc] Top-most, releasable space:                 15184880 Byte
20220314 010920.709 INFO             PET0 PIOc_freedecomp Enter - MemInfo: [malloc] Total space in use, mmap + non-mmap:         5862128 Byte
20220314 010920.709 INFO             PET0 PIOc_freedecomp Enter - MemInfo: [malloc] Total space held (mmap + non-mmap):         25925952 Byte
20220314 010920.709 INFO             PET0 PIOc_freedecomp Enter - MemInfo: [malloc] Total space used (mmap + non-mmap):          5870336 Byte
20220314 010920.709 INFO             PET0 PIOc_freedecomp Enter - MemInfo: Wall-clock time since execution start:                0.40319 seconds
20220314 010920.709 INFO             PET0 PIOc_freedecomp Exit - MemInfo: [/proc/meminfo - SSI]	MemTotal:       65855856 kB
20220314 010920.709 INFO             PET0 PIOc_freedecomp Exit - MemInfo: [/proc/meminfo - SSI]	MemFree:        61274160 kB
20220314 010920.709 INFO             PET0 PIOc_freedecomp Exit - MemInfo: [/proc/meminfo - SSI]	MemAvailable:   61047064 kB
20220314 010920.709 INFO             PET0 PIOc_freedecomp Exit - MemInfo: [/proc/meminfo - SSI]	Committed_AS:    2879356 kB
20220314 010920.709 INFO             PET0 PIOc_freedecomp Exit - MemInfo: [/proc/meminfo - SSI]	CommittedPercent: 4.37221 %
20220314 010920.709 INFO             PET0 PIOc_freedecomp Exit - MemInfo: [/proc/self/status]	VmPeak:	  137864 kB
20220314 010920.709 INFO             PET0 PIOc_freedecomp Exit - MemInfo: [/proc/self/status]	VmSize:	  137840 kB
20220314 010920.709 INFO             PET0 PIOc_freedecomp Exit - MemInfo: [/proc/self/status]	VmLck:	       0 kB
20220314 010920.709 INFO             PET0 PIOc_freedecomp Exit - MemInfo: [/proc/self/status]	VmPin:	       0 kB
20220314 010920.709 INFO             PET0 PIOc_freedecomp Exit - MemInfo: [/proc/self/status]	VmHWM:	   27584 kB
20220314 010920.709 INFO             PET0 PIOc_freedecomp Exit - MemInfo: [/proc/self/status]	VmRSS:	   27572 kB
20220314 010920.709 INFO             PET0 PIOc_freedecomp Exit - MemInfo: [/proc/self/status]	VmData:	   29556 kB
20220314 010920.709 INFO             PET0 PIOc_freedecomp Exit - MemInfo: [/proc/self/status]	VmStk:	     164 kB
20220314 010920.709 INFO             PET0 PIOc_freedecomp Exit - MemInfo: [/proc/self/status]	VmExe:	   27440 kB
20220314 010920.709 INFO             PET0 PIOc_freedecomp Exit - MemInfo: [/proc/self/status]	VmLib:	    1952 kB
20220314 010920.709 INFO             PET0 PIOc_freedecomp Exit - MemInfo: [/proc/self/status]	VmPTE:	     228 kB
20220314 010920.709 INFO             PET0 PIOc_freedecomp Exit - MemInfo: [/proc/self/status]	VmPMD:	      12 kB
20220314 010920.709 INFO             PET0 PIOc_freedecomp Exit - MemInfo: [/proc/self/status]	VmSwap:	       0 kB
20220314 010920.709 INFO             PET0 PIOc_freedecomp Exit - MemInfo: [/proc/self/status]	VmRSSPercent: 0.0418672 %
20220314 010920.709 INFO             PET0 PIOc_freedecomp Exit - MemInfo: [malloc] Non-mmapped space allocated:                22427968 Byte
20220314 010920.709 INFO             PET0 PIOc_freedecomp Exit - MemInfo: [malloc] Space allocated in mmapped regions:          3497984 Byte
20220314 010920.709 INFO             PET0 PIOc_freedecomp Exit - MemInfo: [malloc] Maximum total allocated space:                     0 Byte
20220314 010920.709 INFO             PET0 PIOc_freedecomp Exit - MemInfo: [malloc] Space in freed fastbin blocks:                  1696 Byte
20220314 010920.709 INFO             PET0 PIOc_freedecomp Exit - MemInfo: [malloc] Total allocated space:                       2361776 Byte
20220314 010920.709 INFO             PET0 PIOc_freedecomp Exit - MemInfo: [malloc] Total free space:                           20066192 Byte
20220314 010920.709 INFO             PET0 PIOc_freedecomp Exit - MemInfo: [malloc] Top-most, releasable space:                 15184880 Byte
20220314 010920.709 INFO             PET0 PIOc_freedecomp Exit - MemInfo: [malloc] Total space in use, mmap + non-mmap:         5859760 Byte
20220314 010920.709 INFO             PET0 PIOc_freedecomp Exit - MemInfo: [malloc] Total space held (mmap + non-mmap):         25925952 Byte
20220314 010920.709 INFO             PET0 PIOc_freedecomp Exit - MemInfo: [malloc] Total space used (mmap + non-mmap):          5867968 Byte
20220314 010920.709 INFO             PET0 PIOc_freedecomp Exit - MemInfo: Wall-clock time since execution start:               0.403608 seconds
20220314 010920.712 INFO             PET0  PASS  Test RouteHandleDestroy(), ESMF_RouteHandleAdvancedUTest.F90, line 633
20220314 010920.712 INFO             PET0  PASS  Apply the copied Routehandle, ESMF_RouteHandleAdvancedUTest.F90, line 643
20220314 010920.712 INFO             PET0  PASS  Test RouteHandleDestroy() for the copied Routehandle, ESMF_RouteHandleAdvancedUTest.F90, line 651
20220314 010920.712 INFO             PET0  PASS  Test ESMF_DynamicMaskSetR4R4R4(), ESMF_RouteHandleAdvancedUTest.F90, line 716
20220314 010920.712 INFO             PET0  PASS  Test ESMF_DynamicMaskSetR4R4R4V(), ESMF_RouteHandleAdvancedUTest.F90, line 725
20220314 010920.712 INFO             PET0  PASS  Test ESMF_DynamicMaskSetR4R8R4V(), ESMF_RouteHandleAdvancedUTest.F90, line 734
20220314 010920.712 INFO             PET0  Ending Test, file ESMF_RouteHandleAdvancedUTest.F90, line 749
20220314 010920.712 INFO             PET0 Finalizing ESMF
20220314 010920.322 INFO             PET1 !!!!!!!!!!!!!!!!!!!!!!!!!!!!!!!!!!!!!!!!!!!!!!!!!!!!!!
20220314 010920.322 INFO             PET1 !!! THE ESMF_LOG IS SET TO OUTPUT ALL LOG MESSAGES !!!
20220314 010920.322 INFO             PET1 !!!     THIS MAY CAUSE SLOWDOWN IN PERFORMANCE     !!!
20220314 010920.322 INFO             PET1 !!! FOR PRODUCTION RUNS, USE:                      !!!
20220314 010920.322 INFO             PET1 !!!                   ESMF_LOGKIND_Multi_On_Error  !!!
20220314 010920.322 INFO             PET1 !!!!!!!!!!!!!!!!!!!!!!!!!!!!!!!!!!!!!!!!!!!!!!!!!!!!!!
20220314 010920.322 INFO             PET1 Running with ESMF Version   : v8.3.0b09-96-g559b459836
20220314 010920.322 INFO             PET1 ESMF library build date/time: "Mar 14 2022" "00:28:19"
20220314 010920.322 INFO             PET1 ESMF library build location : /lustre/f2/dev/ncep/Mark.Potts/gfortran_8.3.0_mpi_O_jedwards_pio_update2
20220314 010920.322 INFO             PET1 ESMF_COMM                   : mpi
20220314 010920.323 INFO             PET1 ESMF_MOAB                   : enabled
20220314 010920.323 INFO             PET1 ESMF_LAPACK                 : enabled
20220314 010920.323 INFO             PET1 ESMF_NETCDF                 : enabled
20220314 010920.323 INFO             PET1 ESMF_PNETCDF                : disabled
20220314 010920.323 INFO             PET1 ESMF_PIO                    : enabled
20220314 010920.323 INFO             PET1 ESMF_YAMLCPP                : enabled
20220314 010920.345 INFO             PET1  Beginning Test, file ESMF_RouteHandleAdvancedUTest.F90, line 346
20220314 010920.345 INFO             PET1  NUMBER_OF_PROCESSORS           4
20220314 010920.458 INFO             PET1 ESMF_FieldRedistStoreNF(): Just entered routine.
20220314 010920.567 INFO             PET1 ESMF_FieldRedistStoreNF(): Leaving routine.
20220314 010920.567 INFO             PET1  PASS  Create RouteHandle for the original petList, ESMF_RouteHandleAdvancedUTest.F90, line 511
20220314 010920.567 INFO             PET1  PASS  Test RouteHandleIsCreated(), ESMF_RouteHandleAdvancedUTest.F90, line 519
20220314 010920.567 INFO             PET1  PASS  Test RouteHandleIsCreated() return value, ESMF_RouteHandleAdvancedUTest.F90, line 526
20220314 010920.567 INFO             PET1  PASS  Test RouteHandleGet(), ESMF_RouteHandleAdvancedUTest.F90, line 534
20220314 010920.577 INFO             PET1  PASS  Test RouteHandleWrite(), ESMF_RouteHandleAdvancedUTest.F90, line 542
20220314 010920.577 INFO             PET1  PASS  Test RouteHandleDestroy(), ESMF_RouteHandleAdvancedUTest.F90, line 550
20220314 010920.580 INFO             PET1  PASS  Test RouteHandleCreate(from file), ESMF_RouteHandleAdvancedUTest.F90, line 558
20220314 010920.581 INFO             PET1  PASS  Apply the read in Routehandle, ESMF_RouteHandleAdvancedUTest.F90, line 567
20220314 010920.581 INFO             PET1  PASS  Test RouteHandleDestroy() for the read in Routehandle, ESMF_RouteHandleAdvancedUTest.F90, line 575
20220314 010920.581 INFO             PET1 ESMF_FieldRedistStoreNF(): Just entered routine.
20220314 010920.679 INFO             PET1 ESMF_FieldRedistStoreNF(): Leaving routine.
20220314 010920.679 INFO             PET1  PASS  Create RouteHandle for the original petList, ESMF_RouteHandleAdvancedUTest.F90, line 585
20220314 010920.679 INFO             PET1  PASS  Transfer RouteHandle to a different petList, ESMF_RouteHandleAdvancedUTest.F90, line 602
20220314 010920.696 INFO             PET1 PIOc_sync Enter - MemInfo: [/proc/meminfo - SSI]	MemTotal:       65855856 kB
20220314 010920.696 INFO             PET1 PIOc_sync Enter - MemInfo: [/proc/meminfo - SSI]	MemFree:        61274664 kB
20220314 010920.696 INFO             PET1 PIOc_sync Enter - MemInfo: [/proc/meminfo - SSI]	MemAvailable:   61047568 kB
20220314 010920.697 INFO             PET1 PIOc_sync Enter - MemInfo: [/proc/meminfo - SSI]	Committed_AS:    2879356 kB
20220314 010920.697 INFO             PET1 PIOc_sync Enter - MemInfo: [/proc/meminfo - SSI]	CommittedPercent: 4.37221 %
20220314 010920.697 INFO             PET1 PIOc_sync Enter - MemInfo: [/proc/self/status]	VmPeak:	  139552 kB
20220314 010920.697 INFO             PET1 PIOc_sync Enter - MemInfo: [/proc/self/status]	VmSize:	  139552 kB
20220314 010920.697 INFO             PET1 PIOc_sync Enter - MemInfo: [/proc/self/status]	VmLck:	       0 kB
20220314 010920.697 INFO             PET1 PIOc_sync Enter - MemInfo: [/proc/self/status]	VmPin:	       0 kB
20220314 010920.697 INFO             PET1 PIOc_sync Enter - MemInfo: [/proc/self/status]	VmHWM:	   23888 kB
20220314 010920.697 INFO             PET1 PIOc_sync Enter - MemInfo: [/proc/self/status]	VmRSS:	   23888 kB
20220314 010920.697 INFO             PET1 PIOc_sync Enter - MemInfo: [/proc/self/status]	VmData:	   31244 kB
20220314 010920.697 INFO             PET1 PIOc_sync Enter - MemInfo: [/proc/self/status]	VmStk:	     164 kB
20220314 010920.697 INFO             PET1 PIOc_sync Enter - MemInfo: [/proc/self/status]	VmExe:	   27440 kB
20220314 010920.697 INFO             PET1 PIOc_sync Enter - MemInfo: [/proc/self/status]	VmLib:	    1952 kB
20220314 010920.697 INFO             PET1 PIOc_sync Enter - MemInfo: [/proc/self/status]	VmPTE:	     216 kB
20220314 010920.697 INFO             PET1 PIOc_sync Enter - MemInfo: [/proc/self/status]	VmPMD:	      12 kB
20220314 010920.697 INFO             PET1 PIOc_sync Enter - MemInfo: [/proc/self/status]	VmSwap:	       0 kB
20220314 010920.697 INFO             PET1 PIOc_sync Enter - MemInfo: [/proc/self/status]	VmRSSPercent: 0.0362732 %
20220314 010920.697 INFO             PET1 PIOc_sync Enter - MemInfo: [malloc] Non-mmapped space allocated:                23177536 Byte
20220314 010920.697 INFO             PET1 PIOc_sync Enter - MemInfo: [malloc] Space allocated in mmapped regions:          4476928 Byte
20220314 010920.697 INFO             PET1 PIOc_sync Enter - MemInfo: [malloc] Maximum total allocated space:                     0 Byte
20220314 010920.697 INFO             PET1 PIOc_sync Enter - MemInfo: [malloc] Space in freed fastbin blocks:                    32 Byte
20220314 010920.697 INFO             PET1 PIOc_sync Enter - MemInfo: [malloc] Total allocated space:                       1763856 Byte
20220314 010920.697 INFO             PET1 PIOc_sync Enter - MemInfo: [malloc] Total free space:                           21413680 Byte
20220314 010920.697 INFO             PET1 PIOc_sync Enter - MemInfo: [malloc] Top-most, releasable space:                 15874480 Byte
20220314 010920.697 INFO             PET1 PIOc_sync Enter - MemInfo: [malloc] Total space in use, mmap + non-mmap:         6240784 Byte
20220314 010920.697 INFO             PET1 PIOc_sync Enter - MemInfo: [malloc] Total space held (mmap + non-mmap):         27654464 Byte
20220314 010920.697 INFO             PET1 PIOc_sync Enter - MemInfo: [malloc] Total space used (mmap + non-mmap):          6249840 Byte
20220314 010920.697 INFO             PET1 PIOc_sync Enter - MemInfo: Wall-clock time since execution start:               0.391778 seconds
20220314 010920.697 INFO             PET1 PIOc_sync Exit - MemInfo: [/proc/meminfo - SSI]	MemTotal:       65855856 kB
20220314 010920.697 INFO             PET1 PIOc_sync Exit - MemInfo: [/proc/meminfo - SSI]	MemFree:        61274664 kB
20220314 010920.697 INFO             PET1 PIOc_sync Exit - MemInfo: [/proc/meminfo - SSI]	MemAvailable:   61047568 kB
20220314 010920.697 INFO             PET1 PIOc_sync Exit - MemInfo: [/proc/meminfo - SSI]	Committed_AS:    2879356 kB
20220314 010920.697 INFO             PET1 PIOc_sync Exit - MemInfo: [/proc/meminfo - SSI]	CommittedPercent: 4.37221 %
20220314 010920.698 INFO             PET1 PIOc_sync Exit - MemInfo: [/proc/self/status]	VmPeak:	  139552 kB
20220314 010920.698 INFO             PET1 PIOc_sync Exit - MemInfo: [/proc/self/status]	VmSize:	  139552 kB
20220314 010920.698 INFO             PET1 PIOc_sync Exit - MemInfo: [/proc/self/status]	VmLck:	       0 kB
20220314 010920.698 INFO             PET1 PIOc_sync Exit - MemInfo: [/proc/self/status]	VmPin:	       0 kB
20220314 010920.698 INFO             PET1 PIOc_sync Exit - MemInfo: [/proc/self/status]	VmHWM:	   23888 kB
20220314 010920.698 INFO             PET1 PIOc_sync Exit - MemInfo: [/proc/self/status]	VmRSS:	   23888 kB
20220314 010920.698 INFO             PET1 PIOc_sync Exit - MemInfo: [/proc/self/status]	VmData:	   31244 kB
20220314 010920.698 INFO             PET1 PIOc_sync Exit - MemInfo: [/proc/self/status]	VmStk:	     164 kB
20220314 010920.698 INFO             PET1 PIOc_sync Exit - MemInfo: [/proc/self/status]	VmExe:	   27440 kB
20220314 010920.698 INFO             PET1 PIOc_sync Exit - MemInfo: [/proc/self/status]	VmLib:	    1952 kB
20220314 010920.698 INFO             PET1 PIOc_sync Exit - MemInfo: [/proc/self/status]	VmPTE:	     216 kB
20220314 010920.698 INFO             PET1 PIOc_sync Exit - MemInfo: [/proc/self/status]	VmPMD:	      12 kB
20220314 010920.698 INFO             PET1 PIOc_sync Exit - MemInfo: [/proc/self/status]	VmSwap:	       0 kB
20220314 010920.698 INFO             PET1 PIOc_sync Exit - MemInfo: [/proc/self/status]	VmRSSPercent: 0.0362732 %
20220314 010920.698 INFO             PET1 PIOc_sync Exit - MemInfo: [malloc] Non-mmapped space allocated:                23177536 Byte
20220314 010920.698 INFO             PET1 PIOc_sync Exit - MemInfo: [malloc] Space allocated in mmapped regions:          4476928 Byte
20220314 010920.698 INFO             PET1 PIOc_sync Exit - MemInfo: [malloc] Maximum total allocated space:                     0 Byte
20220314 010920.698 INFO             PET1 PIOc_sync Exit - MemInfo: [malloc] Space in freed fastbin blocks:                     0 Byte
20220314 010920.698 INFO             PET1 PIOc_sync Exit - MemInfo: [malloc] Total allocated space:                       1765360 Byte
20220314 010920.698 INFO             PET1 PIOc_sync Exit - MemInfo: [malloc] Total free space:                           21412176 Byte
20220314 010920.698 INFO             PET1 PIOc_sync Exit - MemInfo: [malloc] Top-most, releasable space:                 15874480 Byte
20220314 010920.698 INFO             PET1 PIOc_sync Exit - MemInfo: [malloc] Total space in use, mmap + non-mmap:         6242288 Byte
20220314 010920.698 INFO             PET1 PIOc_sync Exit - MemInfo: [malloc] Total space held (mmap + non-mmap):         27654464 Byte
20220314 010920.698 INFO             PET1 PIOc_sync Exit - MemInfo: [malloc] Total space used (mmap + non-mmap):          6250832 Byte
20220314 010920.698 INFO             PET1 PIOc_sync Exit - MemInfo: Wall-clock time since execution start:               0.392412 seconds
20220314 010920.698 INFO             PET1 PIOc_freedecomp Enter - MemInfo: [/proc/meminfo - SSI]	MemTotal:       65855856 kB
20220314 010920.698 INFO             PET1 PIOc_freedecomp Enter - MemInfo: [/proc/meminfo - SSI]	MemFree:        61274664 kB
20220314 010920.698 INFO             PET1 PIOc_freedecomp Enter - MemInfo: [/proc/meminfo - SSI]	MemAvailable:   61047568 kB
20220314 010920.698 INFO             PET1 PIOc_freedecomp Enter - MemInfo: [/proc/meminfo - SSI]	Committed_AS:    2879356 kB
20220314 010920.698 INFO             PET1 PIOc_freedecomp Enter - MemInfo: [/proc/meminfo - SSI]	CommittedPercent: 4.37221 %
20220314 010920.698 INFO             PET1 PIOc_freedecomp Enter - MemInfo: [/proc/self/status]	VmPeak:	  139552 kB
20220314 010920.698 INFO             PET1 PIOc_freedecomp Enter - MemInfo: [/proc/self/status]	VmSize:	  139552 kB
20220314 010920.698 INFO             PET1 PIOc_freedecomp Enter - MemInfo: [/proc/self/status]	VmLck:	       0 kB
20220314 010920.698 INFO             PET1 PIOc_freedecomp Enter - MemInfo: [/proc/self/status]	VmPin:	       0 kB
20220314 010920.698 INFO             PET1 PIOc_freedecomp Enter - MemInfo: [/proc/self/status]	VmHWM:	   23888 kB
20220314 010920.698 INFO             PET1 PIOc_freedecomp Enter - MemInfo: [/proc/self/status]	VmRSS:	   23888 kB
20220314 010920.698 INFO             PET1 PIOc_freedecomp Enter - MemInfo: [/proc/self/status]	VmData:	   31244 kB
20220314 010920.698 INFO             PET1 PIOc_freedecomp Enter - MemInfo: [/proc/self/status]	VmStk:	     164 kB
20220314 010920.698 INFO             PET1 PIOc_freedecomp Enter - MemInfo: [/proc/self/status]	VmExe:	   27440 kB
20220314 010920.698 INFO             PET1 PIOc_freedecomp Enter - MemInfo: [/proc/self/status]	VmLib:	    1952 kB
20220314 010920.698 INFO             PET1 PIOc_freedecomp Enter - MemInfo: [/proc/self/status]	VmPTE:	     216 kB
20220314 010920.698 INFO             PET1 PIOc_freedecomp Enter - MemInfo: [/proc/self/status]	VmPMD:	      12 kB
20220314 010920.698 INFO             PET1 PIOc_freedecomp Enter - MemInfo: [/proc/self/status]	VmSwap:	       0 kB
20220314 010920.698 INFO             PET1 PIOc_freedecomp Enter - MemInfo: [/proc/self/status]	VmRSSPercent: 0.0362732 %
20220314 010920.698 INFO             PET1 PIOc_freedecomp Enter - MemInfo: [malloc] Non-mmapped space allocated:                23177536 Byte
20220314 010920.698 INFO             PET1 PIOc_freedecomp Enter - MemInfo: [malloc] Space allocated in mmapped regions:          4476928 Byte
20220314 010920.698 INFO             PET1 PIOc_freedecomp Enter - MemInfo: [malloc] Maximum total allocated space:                     0 Byte
20220314 010920.698 INFO             PET1 PIOc_freedecomp Enter - MemInfo: [malloc] Space in freed fastbin blocks:                     0 Byte
20220314 010920.698 INFO             PET1 PIOc_freedecomp Enter - MemInfo: [malloc] Total allocated space:                       1765920 Byte
20220314 010920.698 INFO             PET1 PIOc_freedecomp Enter - MemInfo: [malloc] Total free space:                           21411616 Byte
20220314 010920.698 INFO             PET1 PIOc_freedecomp Enter - MemInfo: [malloc] Top-most, releasable space:                 15874480 Byte
20220314 010920.698 INFO             PET1 PIOc_freedecomp Enter - MemInfo: [malloc] Total space in use, mmap + non-mmap:         6242848 Byte
20220314 010920.698 INFO             PET1 PIOc_freedecomp Enter - MemInfo: [malloc] Total space held (mmap + non-mmap):         27654464 Byte
20220314 010920.698 INFO             PET1 PIOc_freedecomp Enter - MemInfo: [malloc] Total space used (mmap + non-mmap):          6251424 Byte
20220314 010920.698 INFO             PET1 PIOc_freedecomp Enter - MemInfo: Wall-clock time since execution start:               0.392983 seconds
20220314 010920.698 INFO             PET1 PIOc_freedecomp Exit - MemInfo: [/proc/meminfo - SSI]	MemTotal:       65855856 kB
20220314 010920.698 INFO             PET1 PIOc_freedecomp Exit - MemInfo: [/proc/meminfo - SSI]	MemFree:        61274664 kB
20220314 010920.698 INFO             PET1 PIOc_freedecomp Exit - MemInfo: [/proc/meminfo - SSI]	MemAvailable:   61047568 kB
20220314 010920.699 INFO             PET1 PIOc_freedecomp Exit - MemInfo: [/proc/meminfo - SSI]	Committed_AS:    2879356 kB
20220314 010920.699 INFO             PET1 PIOc_freedecomp Exit - MemInfo: [/proc/meminfo - SSI]	CommittedPercent: 4.37221 %
20220314 010920.699 INFO             PET1 PIOc_freedecomp Exit - MemInfo: [/proc/self/status]	VmPeak:	  139552 kB
20220314 010920.699 INFO             PET1 PIOc_freedecomp Exit - MemInfo: [/proc/self/status]	VmSize:	  139552 kB
20220314 010920.699 INFO             PET1 PIOc_freedecomp Exit - MemInfo: [/proc/self/status]	VmLck:	       0 kB
20220314 010920.699 INFO             PET1 PIOc_freedecomp Exit - MemInfo: [/proc/self/status]	VmPin:	       0 kB
20220314 010920.699 INFO             PET1 PIOc_freedecomp Exit - MemInfo: [/proc/self/status]	VmHWM:	   23888 kB
20220314 010920.699 INFO             PET1 PIOc_freedecomp Exit - MemInfo: [/proc/self/status]	VmRSS:	   23888 kB
20220314 010920.699 INFO             PET1 PIOc_freedecomp Exit - MemInfo: [/proc/self/status]	VmData:	   31244 kB
20220314 010920.699 INFO             PET1 PIOc_freedecomp Exit - MemInfo: [/proc/self/status]	VmStk:	     164 kB
20220314 010920.699 INFO             PET1 PIOc_freedecomp Exit - MemInfo: [/proc/self/status]	VmExe:	   27440 kB
20220314 010920.699 INFO             PET1 PIOc_freedecomp Exit - MemInfo: [/proc/self/status]	VmLib:	    1952 kB
20220314 010920.699 INFO             PET1 PIOc_freedecomp Exit - MemInfo: [/proc/self/status]	VmPTE:	     216 kB
20220314 010920.699 INFO             PET1 PIOc_freedecomp Exit - MemInfo: [/proc/self/status]	VmPMD:	      12 kB
20220314 010920.699 INFO             PET1 PIOc_freedecomp Exit - MemInfo: [/proc/self/status]	VmSwap:	       0 kB
20220314 010920.699 INFO             PET1 PIOc_freedecomp Exit - MemInfo: [/proc/self/status]	VmRSSPercent: 0.0362732 %
20220314 010920.699 INFO             PET1 PIOc_freedecomp Exit - MemInfo: [malloc] Non-mmapped space allocated:                23177536 Byte
20220314 010920.699 INFO             PET1 PIOc_freedecomp Exit - MemInfo: [malloc] Space allocated in mmapped regions:          4476928 Byte
20220314 010920.699 INFO             PET1 PIOc_freedecomp Exit - MemInfo: [malloc] Maximum total allocated space:                     0 Byte
20220314 010920.699 INFO             PET1 PIOc_freedecomp Exit - MemInfo: [malloc] Space in freed fastbin blocks:                   192 Byte
20220314 010920.699 INFO             PET1 PIOc_freedecomp Exit - MemInfo: [malloc] Total allocated space:                       1765840 Byte
20220314 010920.699 INFO             PET1 PIOc_freedecomp Exit - MemInfo: [malloc] Total free space:                           21411696 Byte
20220314 010920.699 INFO             PET1 PIOc_freedecomp Exit - MemInfo: [malloc] Top-most, releasable space:                 15874480 Byte
20220314 010920.699 INFO             PET1 PIOc_freedecomp Exit - MemInfo: [malloc] Total space in use, mmap + non-mmap:         6242768 Byte
20220314 010920.699 INFO             PET1 PIOc_freedecomp Exit - MemInfo: [malloc] Total space held (mmap + non-mmap):         27654464 Byte
20220314 010920.699 INFO             PET1 PIOc_freedecomp Exit - MemInfo: [malloc] Total space used (mmap + non-mmap):          6251312 Byte
20220314 010920.699 INFO             PET1 PIOc_freedecomp Exit - MemInfo: Wall-clock time since execution start:               0.393473 seconds
20220314 010920.700 INFO             PET1 PIOc_sync Enter - MemInfo: [/proc/meminfo - SSI]	MemTotal:       65855856 kB
20220314 010920.700 INFO             PET1 PIOc_sync Enter - MemInfo: [/proc/meminfo - SSI]	MemFree:        61274664 kB
20220314 010920.700 INFO             PET1 PIOc_sync Enter - MemInfo: [/proc/meminfo - SSI]	MemAvailable:   61047568 kB
20220314 010920.700 INFO             PET1 PIOc_sync Enter - MemInfo: [/proc/meminfo - SSI]	Committed_AS:    2879356 kB
20220314 010920.700 INFO             PET1 PIOc_sync Enter - MemInfo: [/proc/meminfo - SSI]	CommittedPercent: 4.37221 %
20220314 010920.700 INFO             PET1 PIOc_sync Enter - MemInfo: [/proc/self/status]	VmPeak:	  139552 kB
20220314 010920.700 INFO             PET1 PIOc_sync Enter - MemInfo: [/proc/self/status]	VmSize:	  139528 kB
20220314 010920.700 INFO             PET1 PIOc_sync Enter - MemInfo: [/proc/self/status]	VmLck:	       0 kB
20220314 010920.700 INFO             PET1 PIOc_sync Enter - MemInfo: [/proc/self/status]	VmPin:	       0 kB
20220314 010920.700 INFO             PET1 PIOc_sync Enter - MemInfo: [/proc/self/status]	VmHWM:	   24024 kB
20220314 010920.700 INFO             PET1 PIOc_sync Enter - MemInfo: [/proc/self/status]	VmRSS:	   24016 kB
20220314 010920.701 INFO             PET1 PIOc_sync Enter - MemInfo: [/proc/self/status]	VmData:	   31244 kB
20220314 010920.701 INFO             PET1 PIOc_sync Enter - MemInfo: [/proc/self/status]	VmStk:	     164 kB
20220314 010920.701 INFO             PET1 PIOc_sync Enter - MemInfo: [/proc/self/status]	VmExe:	   27440 kB
20220314 010920.701 INFO             PET1 PIOc_sync Enter - MemInfo: [/proc/self/status]	VmLib:	    1952 kB
20220314 010920.701 INFO             PET1 PIOc_sync Enter - MemInfo: [/proc/self/status]	VmPTE:	     216 kB
20220314 010920.701 INFO             PET1 PIOc_sync Enter - MemInfo: [/proc/self/status]	VmPMD:	      12 kB
20220314 010920.701 INFO             PET1 PIOc_sync Enter - MemInfo: [/proc/self/status]	VmSwap:	       0 kB
20220314 010920.701 INFO             PET1 PIOc_sync Enter - MemInfo: [/proc/self/status]	VmRSSPercent: 0.0364675 %
20220314 010920.701 INFO             PET1 PIOc_sync Enter - MemInfo: [malloc] Non-mmapped space allocated:                23177536 Byte
20220314 010920.701 INFO             PET1 PIOc_sync Enter - MemInfo: [malloc] Space allocated in mmapped regions:          4476928 Byte
20220314 010920.701 INFO             PET1 PIOc_sync Enter - MemInfo: [malloc] Maximum total allocated space:                     0 Byte
20220314 010920.701 INFO             PET1 PIOc_sync Enter - MemInfo: [malloc] Space in freed fastbin blocks:                    32 Byte
20220314 010920.701 INFO             PET1 PIOc_sync Enter - MemInfo: [malloc] Total allocated space:                       1769408 Byte
20220314 010920.701 INFO             PET1 PIOc_sync Enter - MemInfo: [malloc] Total free space:                           21408128 Byte
20220314 010920.701 INFO             PET1 PIOc_sync Enter - MemInfo: [malloc] Top-most, releasable space:                 15874480 Byte
20220314 010920.701 INFO             PET1 PIOc_sync Enter - MemInfo: [malloc] Total space in use, mmap + non-mmap:         6246336 Byte
20220314 010920.701 INFO             PET1 PIOc_sync Enter - MemInfo: [malloc] Total space held (mmap + non-mmap):         27654464 Byte
20220314 010920.701 INFO             PET1 PIOc_sync Enter - MemInfo: [malloc] Total space used (mmap + non-mmap):          6254656 Byte
20220314 010920.701 INFO             PET1 PIOc_sync Enter - MemInfo: Wall-clock time since execution start:               0.395313 seconds
20220314 010920.701 INFO             PET1 PIOc_sync Exit - MemInfo: [/proc/meminfo - SSI]	MemTotal:       65855856 kB
20220314 010920.701 INFO             PET1 PIOc_sync Exit - MemInfo: [/proc/meminfo - SSI]	MemFree:        61274664 kB
20220314 010920.701 INFO             PET1 PIOc_sync Exit - MemInfo: [/proc/meminfo - SSI]	MemAvailable:   61047568 kB
20220314 010920.701 INFO             PET1 PIOc_sync Exit - MemInfo: [/proc/meminfo - SSI]	Committed_AS:    2879356 kB
20220314 010920.701 INFO             PET1 PIOc_sync Exit - MemInfo: [/proc/meminfo - SSI]	CommittedPercent: 4.37221 %
20220314 010920.701 INFO             PET1 PIOc_sync Exit - MemInfo: [/proc/self/status]	VmPeak:	  139552 kB
20220314 010920.701 INFO             PET1 PIOc_sync Exit - MemInfo: [/proc/self/status]	VmSize:	  139528 kB
20220314 010920.701 INFO             PET1 PIOc_sync Exit - MemInfo: [/proc/self/status]	VmLck:	       0 kB
20220314 010920.701 INFO             PET1 PIOc_sync Exit - MemInfo: [/proc/self/status]	VmPin:	       0 kB
20220314 010920.701 INFO             PET1 PIOc_sync Exit - MemInfo: [/proc/self/status]	VmHWM:	   24024 kB
20220314 010920.701 INFO             PET1 PIOc_sync Exit - MemInfo: [/proc/self/status]	VmRSS:	   24016 kB
20220314 010920.701 INFO             PET1 PIOc_sync Exit - MemInfo: [/proc/self/status]	VmData:	   31244 kB
20220314 010920.701 INFO             PET1 PIOc_sync Exit - MemInfo: [/proc/self/status]	VmStk:	     164 kB
20220314 010920.701 INFO             PET1 PIOc_sync Exit - MemInfo: [/proc/self/status]	VmExe:	   27440 kB
20220314 010920.701 INFO             PET1 PIOc_sync Exit - MemInfo: [/proc/self/status]	VmLib:	    1952 kB
20220314 010920.701 INFO             PET1 PIOc_sync Exit - MemInfo: [/proc/self/status]	VmPTE:	     216 kB
20220314 010920.701 INFO             PET1 PIOc_sync Exit - MemInfo: [/proc/self/status]	VmPMD:	      12 kB
20220314 010920.701 INFO             PET1 PIOc_sync Exit - MemInfo: [/proc/self/status]	VmSwap:	       0 kB
20220314 010920.701 INFO             PET1 PIOc_sync Exit - MemInfo: [/proc/self/status]	VmRSSPercent: 0.0364675 %
20220314 010920.701 INFO             PET1 PIOc_sync Exit - MemInfo: [malloc] Non-mmapped space allocated:                23177536 Byte
20220314 010920.701 INFO             PET1 PIOc_sync Exit - MemInfo: [malloc] Space allocated in mmapped regions:          4476928 Byte
20220314 010920.701 INFO             PET1 PIOc_sync Exit - MemInfo: [malloc] Maximum total allocated space:                     0 Byte
20220314 010920.701 INFO             PET1 PIOc_sync Exit - MemInfo: [malloc] Space in freed fastbin blocks:                     0 Byte
20220314 010920.701 INFO             PET1 PIOc_sync Exit - MemInfo: [malloc] Total allocated space:                       1769216 Byte
20220314 010920.701 INFO             PET1 PIOc_sync Exit - MemInfo: [malloc] Total free space:                           21408320 Byte
20220314 010920.701 INFO             PET1 PIOc_sync Exit - MemInfo: [malloc] Top-most, releasable space:                 15874480 Byte
20220314 010920.701 INFO             PET1 PIOc_sync Exit - MemInfo: [malloc] Total space in use, mmap + non-mmap:         6246144 Byte
20220314 010920.701 INFO             PET1 PIOc_sync Exit - MemInfo: [malloc] Total space held (mmap + non-mmap):         27654464 Byte
20220314 010920.701 INFO             PET1 PIOc_sync Exit - MemInfo: [malloc] Total space used (mmap + non-mmap):          6254352 Byte
20220314 010920.701 INFO             PET1 PIOc_sync Exit - MemInfo: Wall-clock time since execution start:               0.395857 seconds
20220314 010920.701 INFO             PET1 PIOc_freedecomp Enter - MemInfo: [/proc/meminfo - SSI]	MemTotal:       65855856 kB
20220314 010920.701 INFO             PET1 PIOc_freedecomp Enter - MemInfo: [/proc/meminfo - SSI]	MemFree:        61274664 kB
20220314 010920.702 INFO             PET1 PIOc_freedecomp Enter - MemInfo: [/proc/meminfo - SSI]	MemAvailable:   61047568 kB
20220314 010920.702 INFO             PET1 PIOc_freedecomp Enter - MemInfo: [/proc/meminfo - SSI]	Committed_AS:    2879356 kB
20220314 010920.702 INFO             PET1 PIOc_freedecomp Enter - MemInfo: [/proc/meminfo - SSI]	CommittedPercent: 4.37221 %
20220314 010920.702 INFO             PET1 PIOc_freedecomp Enter - MemInfo: [/proc/self/status]	VmPeak:	  139552 kB
20220314 010920.702 INFO             PET1 PIOc_freedecomp Enter - MemInfo: [/proc/self/status]	VmSize:	  139528 kB
20220314 010920.702 INFO             PET1 PIOc_freedecomp Enter - MemInfo: [/proc/self/status]	VmLck:	       0 kB
20220314 010920.702 INFO             PET1 PIOc_freedecomp Enter - MemInfo: [/proc/self/status]	VmPin:	       0 kB
20220314 010920.702 INFO             PET1 PIOc_freedecomp Enter - MemInfo: [/proc/self/status]	VmHWM:	   24024 kB
20220314 010920.702 INFO             PET1 PIOc_freedecomp Enter - MemInfo: [/proc/self/status]	VmRSS:	   24016 kB
20220314 010920.702 INFO             PET1 PIOc_freedecomp Enter - MemInfo: [/proc/self/status]	VmData:	   31244 kB
20220314 010920.702 INFO             PET1 PIOc_freedecomp Enter - MemInfo: [/proc/self/status]	VmStk:	     164 kB
20220314 010920.702 INFO             PET1 PIOc_freedecomp Enter - MemInfo: [/proc/self/status]	VmExe:	   27440 kB
20220314 010920.702 INFO             PET1 PIOc_freedecomp Enter - MemInfo: [/proc/self/status]	VmLib:	    1952 kB
20220314 010920.702 INFO             PET1 PIOc_freedecomp Enter - MemInfo: [/proc/self/status]	VmPTE:	     216 kB
20220314 010920.702 INFO             PET1 PIOc_freedecomp Enter - MemInfo: [/proc/self/status]	VmPMD:	      12 kB
20220314 010920.702 INFO             PET1 PIOc_freedecomp Enter - MemInfo: [/proc/self/status]	VmSwap:	       0 kB
20220314 010920.702 INFO             PET1 PIOc_freedecomp Enter - MemInfo: [/proc/self/status]	VmRSSPercent: 0.0364675 %
20220314 010920.702 INFO             PET1 PIOc_freedecomp Enter - MemInfo: [malloc] Non-mmapped space allocated:                23177536 Byte
20220314 010920.702 INFO             PET1 PIOc_freedecomp Enter - MemInfo: [malloc] Space allocated in mmapped regions:          4476928 Byte
20220314 010920.702 INFO             PET1 PIOc_freedecomp Enter - MemInfo: [malloc] Maximum total allocated space:                     0 Byte
20220314 010920.702 INFO             PET1 PIOc_freedecomp Enter - MemInfo: [malloc] Space in freed fastbin blocks:                     0 Byte
20220314 010920.702 INFO             PET1 PIOc_freedecomp Enter - MemInfo: [malloc] Total allocated space:                       1768240 Byte
20220314 010920.702 INFO             PET1 PIOc_freedecomp Enter - MemInfo: [malloc] Total free space:                           21409296 Byte
20220314 010920.702 INFO             PET1 PIOc_freedecomp Enter - MemInfo: [malloc] Top-most, releasable space:                 15874480 Byte
20220314 010920.702 INFO             PET1 PIOc_freedecomp Enter - MemInfo: [malloc] Total space in use, mmap + non-mmap:         6245168 Byte
20220314 010920.702 INFO             PET1 PIOc_freedecomp Enter - MemInfo: [malloc] Total space held (mmap + non-mmap):         27654464 Byte
20220314 010920.702 INFO             PET1 PIOc_freedecomp Enter - MemInfo: [malloc] Total space used (mmap + non-mmap):          6253376 Byte
20220314 010920.702 INFO             PET1 PIOc_freedecomp Enter - MemInfo: Wall-clock time since execution start:               0.396495 seconds
20220314 010920.702 INFO             PET1 PIOc_freedecomp Exit - MemInfo: [/proc/meminfo - SSI]	MemTotal:       65855856 kB
20220314 010920.702 INFO             PET1 PIOc_freedecomp Exit - MemInfo: [/proc/meminfo - SSI]	MemFree:        61274664 kB
20220314 010920.702 INFO             PET1 PIOc_freedecomp Exit - MemInfo: [/proc/meminfo - SSI]	MemAvailable:   61047568 kB
20220314 010920.702 INFO             PET1 PIOc_freedecomp Exit - MemInfo: [/proc/meminfo - SSI]	Committed_AS:    2879356 kB
20220314 010920.702 INFO             PET1 PIOc_freedecomp Exit - MemInfo: [/proc/meminfo - SSI]	CommittedPercent: 4.37221 %
20220314 010920.702 INFO             PET1 PIOc_freedecomp Exit - MemInfo: [/proc/self/status]	VmPeak:	  139552 kB
20220314 010920.702 INFO             PET1 PIOc_freedecomp Exit - MemInfo: [/proc/self/status]	VmSize:	  139528 kB
20220314 010920.702 INFO             PET1 PIOc_freedecomp Exit - MemInfo: [/proc/self/status]	VmLck:	       0 kB
20220314 010920.702 INFO             PET1 PIOc_freedecomp Exit - MemInfo: [/proc/self/status]	VmPin:	       0 kB
20220314 010920.702 INFO             PET1 PIOc_freedecomp Exit - MemInfo: [/proc/self/status]	VmHWM:	   24024 kB
20220314 010920.702 INFO             PET1 PIOc_freedecomp Exit - MemInfo: [/proc/self/status]	VmRSS:	   24016 kB
20220314 010920.702 INFO             PET1 PIOc_freedecomp Exit - MemInfo: [/proc/self/status]	VmData:	   31244 kB
20220314 010920.702 INFO             PET1 PIOc_freedecomp Exit - MemInfo: [/proc/self/status]	VmStk:	     164 kB
20220314 010920.702 INFO             PET1 PIOc_freedecomp Exit - MemInfo: [/proc/self/status]	VmExe:	   27440 kB
20220314 010920.702 INFO             PET1 PIOc_freedecomp Exit - MemInfo: [/proc/self/status]	VmLib:	    1952 kB
20220314 010920.702 INFO             PET1 PIOc_freedecomp Exit - MemInfo: [/proc/self/status]	VmPTE:	     216 kB
20220314 010920.702 INFO             PET1 PIOc_freedecomp Exit - MemInfo: [/proc/self/status]	VmPMD:	      12 kB
20220314 010920.702 INFO             PET1 PIOc_freedecomp Exit - MemInfo: [/proc/self/status]	VmSwap:	       0 kB
20220314 010920.702 INFO             PET1 PIOc_freedecomp Exit - MemInfo: [/proc/self/status]	VmRSSPercent: 0.0364675 %
20220314 010920.702 INFO             PET1 PIOc_freedecomp Exit - MemInfo: [malloc] Non-mmapped space allocated:                23177536 Byte
20220314 010920.702 INFO             PET1 PIOc_freedecomp Exit - MemInfo: [malloc] Space allocated in mmapped regions:          4476928 Byte
20220314 010920.702 INFO             PET1 PIOc_freedecomp Exit - MemInfo: [malloc] Maximum total allocated space:                     0 Byte
20220314 010920.702 INFO             PET1 PIOc_freedecomp Exit - MemInfo: [malloc] Space in freed fastbin blocks:                   608 Byte
20220314 010920.702 INFO             PET1 PIOc_freedecomp Exit - MemInfo: [malloc] Total allocated space:                       1767104 Byte
20220314 010920.702 INFO             PET1 PIOc_freedecomp Exit - MemInfo: [malloc] Total free space:                           21410432 Byte
20220314 010920.702 INFO             PET1 PIOc_freedecomp Exit - MemInfo: [malloc] Top-most, releasable space:                 15874480 Byte
20220314 010920.702 INFO             PET1 PIOc_freedecomp Exit - MemInfo: [malloc] Total space in use, mmap + non-mmap:         6244032 Byte
20220314 010920.702 INFO             PET1 PIOc_freedecomp Exit - MemInfo: [malloc] Total space held (mmap + non-mmap):         27654464 Byte
20220314 010920.702 INFO             PET1 PIOc_freedecomp Exit - MemInfo: [malloc] Total space used (mmap + non-mmap):          6252240 Byte
20220314 010920.702 INFO             PET1 PIOc_freedecomp Exit - MemInfo: Wall-clock time since execution start:               0.396967 seconds
20220314 010920.704 INFO             PET1 PIOc_sync Enter - MemInfo: [/proc/meminfo - SSI]	MemTotal:       65855856 kB
20220314 010920.704 INFO             PET1 PIOc_sync Enter - MemInfo: [/proc/meminfo - SSI]	MemFree:        61274664 kB
20220314 010920.704 INFO             PET1 PIOc_sync Enter - MemInfo: [/proc/meminfo - SSI]	MemAvailable:   61047568 kB
20220314 010920.704 INFO             PET1 PIOc_sync Enter - MemInfo: [/proc/meminfo - SSI]	Committed_AS:    2879356 kB
20220314 010920.704 INFO             PET1 PIOc_sync Enter - MemInfo: [/proc/meminfo - SSI]	CommittedPercent: 4.37221 %
20220314 010920.704 INFO             PET1 PIOc_sync Enter - MemInfo: [/proc/self/status]	VmPeak:	  139552 kB
20220314 010920.704 INFO             PET1 PIOc_sync Enter - MemInfo: [/proc/self/status]	VmSize:	  139528 kB
20220314 010920.704 INFO             PET1 PIOc_sync Enter - MemInfo: [/proc/self/status]	VmLck:	       0 kB
20220314 010920.704 INFO             PET1 PIOc_sync Enter - MemInfo: [/proc/self/status]	VmPin:	       0 kB
20220314 010920.704 INFO             PET1 PIOc_sync Enter - MemInfo: [/proc/self/status]	VmHWM:	   24024 kB
20220314 010920.704 INFO             PET1 PIOc_sync Enter - MemInfo: [/proc/self/status]	VmRSS:	   24016 kB
20220314 010920.704 INFO             PET1 PIOc_sync Enter - MemInfo: [/proc/self/status]	VmData:	   31244 kB
20220314 010920.704 INFO             PET1 PIOc_sync Enter - MemInfo: [/proc/self/status]	VmStk:	     164 kB
20220314 010920.704 INFO             PET1 PIOc_sync Enter - MemInfo: [/proc/self/status]	VmExe:	   27440 kB
20220314 010920.704 INFO             PET1 PIOc_sync Enter - MemInfo: [/proc/self/status]	VmLib:	    1952 kB
20220314 010920.704 INFO             PET1 PIOc_sync Enter - MemInfo: [/proc/self/status]	VmPTE:	     216 kB
20220314 010920.704 INFO             PET1 PIOc_sync Enter - MemInfo: [/proc/self/status]	VmPMD:	      12 kB
20220314 010920.704 INFO             PET1 PIOc_sync Enter - MemInfo: [/proc/self/status]	VmSwap:	       0 kB
20220314 010920.704 INFO             PET1 PIOc_sync Enter - MemInfo: [/proc/self/status]	VmRSSPercent: 0.0364675 %
20220314 010920.704 INFO             PET1 PIOc_sync Enter - MemInfo: [malloc] Non-mmapped space allocated:                23177536 Byte
20220314 010920.704 INFO             PET1 PIOc_sync Enter - MemInfo: [malloc] Space allocated in mmapped regions:          4476928 Byte
20220314 010920.704 INFO             PET1 PIOc_sync Enter - MemInfo: [malloc] Maximum total allocated space:                     0 Byte
20220314 010920.704 INFO             PET1 PIOc_sync Enter - MemInfo: [malloc] Space in freed fastbin blocks:                    32 Byte
20220314 010920.704 INFO             PET1 PIOc_sync Enter - MemInfo: [malloc] Total allocated space:                       1770704 Byte
20220314 010920.704 INFO             PET1 PIOc_sync Enter - MemInfo: [malloc] Total free space:                           21406832 Byte
20220314 010920.704 INFO             PET1 PIOc_sync Enter - MemInfo: [malloc] Top-most, releasable space:                 15874480 Byte
20220314 010920.704 INFO             PET1 PIOc_sync Enter - MemInfo: [malloc] Total space in use, mmap + non-mmap:         6247632 Byte
20220314 010920.704 INFO             PET1 PIOc_sync Enter - MemInfo: [malloc] Total space held (mmap + non-mmap):         27654464 Byte
20220314 010920.704 INFO             PET1 PIOc_sync Enter - MemInfo: [malloc] Total space used (mmap + non-mmap):          6255840 Byte
