build time -- 2022-03-12 23:28:06
20220313 000617.087 INFO             PET0 !!!!!!!!!!!!!!!!!!!!!!!!!!!!!!!!!!!!!!!!!!!!!!!!!!!!!!
20220313 000617.088 INFO             PET0 !!! THE ESMF_LOG IS SET TO OUTPUT ALL LOG MESSAGES !!!
20220313 000617.088 INFO             PET0 !!!     THIS MAY CAUSE SLOWDOWN IN PERFORMANCE     !!!
20220313 000617.088 INFO             PET0 !!! FOR PRODUCTION RUNS, USE:                      !!!
20220313 000617.088 INFO             PET0 !!!                   ESMF_LOGKIND_Multi_On_Error  !!!
20220313 000617.088 INFO             PET0 !!!!!!!!!!!!!!!!!!!!!!!!!!!!!!!!!!!!!!!!!!!!!!!!!!!!!!
20220313 000617.088 INFO             PET0 Running with ESMF Version   : v8.3.0b09-96-g559b459836
20220313 000617.088 INFO             PET0 ESMF library build date/time: "Mar 12 2022" "23:26:31"
20220313 000617.088 INFO             PET0 ESMF library build location : /lustre/f2/dev/ncep/Mark.Potts/gfortran_8.3.0_mpi_O_jedwards_pio_update2
20220313 000617.088 INFO             PET0 ESMF_COMM                   : mpi
20220313 000617.088 INFO             PET0 ESMF_MOAB                   : enabled
20220313 000617.088 INFO             PET0 ESMF_LAPACK                 : enabled
20220313 000617.088 INFO             PET0 ESMF_NETCDF                 : enabled
20220313 000617.088 INFO             PET0 ESMF_PNETCDF                : disabled
20220313 000617.088 INFO             PET0 ESMF_PIO                    : enabled
20220313 000617.088 INFO             PET0 ESMF_YAMLCPP                : enabled
20220313 000617.174 INFO             PET0  Beginning Test, file ESMF_RouteHandleAdvancedUTest.F90, line 346
20220313 000617.174 INFO             PET0  NUMBER_OF_PROCESSORS           4
20220313 000617.294 INFO             PET0 ESMF_FieldRedistStoreNF(): Just entered routine.
20220313 000617.393 INFO             PET0 ESMF_FieldRedistStoreNF(): Leaving routine.
20220313 000617.393 INFO             PET0  PASS  Create RouteHandle for the original petList, ESMF_RouteHandleAdvancedUTest.F90, line 511
20220313 000617.393 INFO             PET0  PASS  Test RouteHandleIsCreated(), ESMF_RouteHandleAdvancedUTest.F90, line 519
20220313 000617.393 INFO             PET0  PASS  Test RouteHandleIsCreated() return value, ESMF_RouteHandleAdvancedUTest.F90, line 526
20220313 000617.393 INFO             PET0  PASS  Test RouteHandleGet(), ESMF_RouteHandleAdvancedUTest.F90, line 534
20220313 000617.417 INFO             PET0  PASS  Test RouteHandleWrite(), ESMF_RouteHandleAdvancedUTest.F90, line 542
20220313 000617.417 INFO             PET0  PASS  Test RouteHandleDestroy(), ESMF_RouteHandleAdvancedUTest.F90, line 550
20220313 000617.421 INFO             PET0  PASS  Test RouteHandleCreate(from file), ESMF_RouteHandleAdvancedUTest.F90, line 558
20220313 000617.422 INFO             PET0  PASS  Apply the read in Routehandle, ESMF_RouteHandleAdvancedUTest.F90, line 567
20220313 000617.422 INFO             PET0  PASS  Test RouteHandleDestroy() for the read in Routehandle, ESMF_RouteHandleAdvancedUTest.F90, line 575
20220313 000617.422 INFO             PET0 ESMF_FieldRedistStoreNF(): Just entered routine.
20220313 000617.505 INFO             PET0 ESMF_FieldRedistStoreNF(): Leaving routine.
20220313 000617.505 INFO             PET0  PASS  Create RouteHandle for the original petList, ESMF_RouteHandleAdvancedUTest.F90, line 585
20220313 000617.506 INFO             PET0  PASS  Transfer RouteHandle to a different petList, ESMF_RouteHandleAdvancedUTest.F90, line 602
20220313 000617.582 INFO             PET0 PIOc_sync Enter - MemInfo: [/proc/meminfo - SSI]	MemTotal:       65855856 kB
20220313 000617.582 INFO             PET0 PIOc_sync Enter - MemInfo: [/proc/meminfo - SSI]	MemFree:        61196976 kB
20220313 000617.582 INFO             PET0 PIOc_sync Enter - MemInfo: [/proc/meminfo - SSI]	MemAvailable:   60962076 kB
20220313 000617.582 INFO             PET0 PIOc_sync Enter - MemInfo: [/proc/meminfo - SSI]	Committed_AS:    2957152 kB
20220313 000617.584 INFO             PET0 PIOc_sync Enter - MemInfo: [/proc/meminfo - SSI]	CommittedPercent: 4.49034 %
20220313 000617.584 INFO             PET0 PIOc_sync Enter - MemInfo: [/proc/self/status]	VmPeak:	  144008 kB
20220313 000617.585 INFO             PET0 PIOc_sync Enter - MemInfo: [/proc/self/status]	VmSize:	  144008 kB
20220313 000617.585 INFO             PET0 PIOc_sync Enter - MemInfo: [/proc/self/status]	VmLck:	       0 kB
20220313 000617.585 INFO             PET0 PIOc_sync Enter - MemInfo: [/proc/self/status]	VmPin:	       0 kB
20220313 000617.585 INFO             PET0 PIOc_sync Enter - MemInfo: [/proc/self/status]	VmHWM:	   27472 kB
20220313 000617.585 INFO             PET0 PIOc_sync Enter - MemInfo: [/proc/self/status]	VmRSS:	   27472 kB
20220313 000617.585 INFO             PET0 PIOc_sync Enter - MemInfo: [/proc/self/status]	VmData:	   29556 kB
20220313 000617.585 INFO             PET0 PIOc_sync Enter - MemInfo: [/proc/self/status]	VmStk:	     164 kB
20220313 000617.585 INFO             PET0 PIOc_sync Enter - MemInfo: [/proc/self/status]	VmExe:	   27440 kB
20220313 000617.585 INFO             PET0 PIOc_sync Enter - MemInfo: [/proc/self/status]	VmLib:	    1952 kB
20220313 000617.585 INFO             PET0 PIOc_sync Enter - MemInfo: [/proc/self/status]	VmPTE:	     236 kB
20220313 000617.585 INFO             PET0 PIOc_sync Enter - MemInfo: [/proc/self/status]	VmPMD:	      12 kB
20220313 000617.585 INFO             PET0 PIOc_sync Enter - MemInfo: [/proc/self/status]	VmSwap:	       0 kB
20220313 000617.585 INFO             PET0 PIOc_sync Enter - MemInfo: [/proc/self/status]	VmRSSPercent: 0.0417153 %
20220313 000617.585 INFO             PET0 PIOc_sync Enter - MemInfo: [malloc] Non-mmapped space allocated:                22427968 Byte
20220313 000617.585 INFO             PET0 PIOc_sync Enter - MemInfo: [malloc] Space allocated in mmapped regions:          3497984 Byte
20220313 000617.585 INFO             PET0 PIOc_sync Enter - MemInfo: [malloc] Maximum total allocated space:                     0 Byte
20220313 000617.585 INFO             PET0 PIOc_sync Enter - MemInfo: [malloc] Space in freed fastbin blocks:                     0 Byte
20220313 000617.585 INFO             PET0 PIOc_sync Enter - MemInfo: [malloc] Total allocated space:                      10884128 Byte
20220313 000617.585 INFO             PET0 PIOc_sync Enter - MemInfo: [malloc] Total free space:                           11543840 Byte
20220313 000617.585 INFO             PET0 PIOc_sync Enter - MemInfo: [malloc] Top-most, releasable space:                  6796576 Byte
20220313 000617.585 INFO             PET0 PIOc_sync Enter - MemInfo: [malloc] Total space in use, mmap + non-mmap:        14382112 Byte
20220313 000617.585 INFO             PET0 PIOc_sync Enter - MemInfo: [malloc] Total space held (mmap + non-mmap):         25925952 Byte
20220313 000617.585 INFO             PET0 PIOc_sync Enter - MemInfo: [malloc] Total space used (mmap + non-mmap):         14391504 Byte
20220313 000617.586 INFO             PET0 PIOc_sync Enter - MemInfo: Wall-clock time since execution start:               0.528618 seconds
20220313 000617.592 INFO             PET0 PIOc_sync Exit - MemInfo: [/proc/meminfo - SSI]	MemTotal:       65855856 kB
20220313 000617.592 INFO             PET0 PIOc_sync Exit - MemInfo: [/proc/meminfo - SSI]	MemFree:        61196472 kB
20220313 000617.592 INFO             PET0 PIOc_sync Exit - MemInfo: [/proc/meminfo - SSI]	MemAvailable:   60961824 kB
20220313 000617.592 INFO             PET0 PIOc_sync Exit - MemInfo: [/proc/meminfo - SSI]	Committed_AS:    2957152 kB
20220313 000617.592 INFO             PET0 PIOc_sync Exit - MemInfo: [/proc/meminfo - SSI]	CommittedPercent: 4.49034 %
20220313 000617.592 INFO             PET0 PIOc_sync Exit - MemInfo: [/proc/self/status]	VmPeak:	  144008 kB
20220313 000617.592 INFO             PET0 PIOc_sync Exit - MemInfo: [/proc/self/status]	VmSize:	  144008 kB
20220313 000617.592 INFO             PET0 PIOc_sync Exit - MemInfo: [/proc/self/status]	VmLck:	       0 kB
20220313 000617.592 INFO             PET0 PIOc_sync Exit - MemInfo: [/proc/self/status]	VmPin:	       0 kB
20220313 000617.592 INFO             PET0 PIOc_sync Exit - MemInfo: [/proc/self/status]	VmHWM:	   27472 kB
20220313 000617.592 INFO             PET0 PIOc_sync Exit - MemInfo: [/proc/self/status]	VmRSS:	   27472 kB
20220313 000617.592 INFO             PET0 PIOc_sync Exit - MemInfo: [/proc/self/status]	VmData:	   29556 kB
20220313 000617.592 INFO             PET0 PIOc_sync Exit - MemInfo: [/proc/self/status]	VmStk:	     164 kB
20220313 000617.592 INFO             PET0 PIOc_sync Exit - MemInfo: [/proc/self/status]	VmExe:	   27440 kB
20220313 000617.592 INFO             PET0 PIOc_sync Exit - MemInfo: [/proc/self/status]	VmLib:	    1952 kB
20220313 000617.592 INFO             PET0 PIOc_sync Exit - MemInfo: [/proc/self/status]	VmPTE:	     236 kB
20220313 000617.592 INFO             PET0 PIOc_sync Exit - MemInfo: [/proc/self/status]	VmPMD:	      12 kB
20220313 000617.592 INFO             PET0 PIOc_sync Exit - MemInfo: [/proc/self/status]	VmSwap:	       0 kB
20220313 000617.592 INFO             PET0 PIOc_sync Exit - MemInfo: [/proc/self/status]	VmRSSPercent: 0.0417153 %
20220313 000617.592 INFO             PET0 PIOc_sync Exit - MemInfo: [malloc] Non-mmapped space allocated:                22427968 Byte
20220313 000617.592 INFO             PET0 PIOc_sync Exit - MemInfo: [malloc] Space allocated in mmapped regions:          3497984 Byte
20220313 000617.592 INFO             PET0 PIOc_sync Exit - MemInfo: [malloc] Maximum total allocated space:                     0 Byte
20220313 000617.592 INFO             PET0 PIOc_sync Exit - MemInfo: [malloc] Space in freed fastbin blocks:                     0 Byte
20220313 000617.592 INFO             PET0 PIOc_sync Exit - MemInfo: [malloc] Total allocated space:                      11281664 Byte
20220313 000617.592 INFO             PET0 PIOc_sync Exit - MemInfo: [malloc] Total free space:                           11146304 Byte
20220313 000617.592 INFO             PET0 PIOc_sync Exit - MemInfo: [malloc] Top-most, releasable space:                  6796576 Byte
20220313 000617.592 INFO             PET0 PIOc_sync Exit - MemInfo: [malloc] Total space in use, mmap + non-mmap:        14779648 Byte
20220313 000617.592 INFO             PET0 PIOc_sync Exit - MemInfo: [malloc] Total space held (mmap + non-mmap):         25925952 Byte
20220313 000617.592 INFO             PET0 PIOc_sync Exit - MemInfo: [malloc] Total space used (mmap + non-mmap):         14788304 Byte
20220313 000617.592 INFO             PET0 PIOc_sync Exit - MemInfo: Wall-clock time since execution start:               0.535202 seconds
20220313 000617.592 INFO             PET0 PIOc_freedecomp Enter - MemInfo: [/proc/meminfo - SSI]	MemTotal:       65855856 kB
20220313 000617.592 INFO             PET0 PIOc_freedecomp Enter - MemInfo: [/proc/meminfo - SSI]	MemFree:        61196472 kB
20220313 000617.592 INFO             PET0 PIOc_freedecomp Enter - MemInfo: [/proc/meminfo - SSI]	MemAvailable:   60961824 kB
20220313 000617.592 INFO             PET0 PIOc_freedecomp Enter - MemInfo: [/proc/meminfo - SSI]	Committed_AS:    2957152 kB
20220313 000617.592 INFO             PET0 PIOc_freedecomp Enter - MemInfo: [/proc/meminfo - SSI]	CommittedPercent: 4.49034 %
20220313 000617.592 INFO             PET0 PIOc_freedecomp Enter - MemInfo: [/proc/self/status]	VmPeak:	  144008 kB
20220313 000617.592 INFO             PET0 PIOc_freedecomp Enter - MemInfo: [/proc/self/status]	VmSize:	  144008 kB
20220313 000617.592 INFO             PET0 PIOc_freedecomp Enter - MemInfo: [/proc/self/status]	VmLck:	       0 kB
20220313 000617.592 INFO             PET0 PIOc_freedecomp Enter - MemInfo: [/proc/self/status]	VmPin:	       0 kB
20220313 000617.592 INFO             PET0 PIOc_freedecomp Enter - MemInfo: [/proc/self/status]	VmHWM:	   27472 kB
20220313 000617.592 INFO             PET0 PIOc_freedecomp Enter - MemInfo: [/proc/self/status]	VmRSS:	   27472 kB
20220313 000617.592 INFO             PET0 PIOc_freedecomp Enter - MemInfo: [/proc/self/status]	VmData:	   29556 kB
20220313 000617.592 INFO             PET0 PIOc_freedecomp Enter - MemInfo: [/proc/self/status]	VmStk:	     164 kB
20220313 000617.592 INFO             PET0 PIOc_freedecomp Enter - MemInfo: [/proc/self/status]	VmExe:	   27440 kB
20220313 000617.592 INFO             PET0 PIOc_freedecomp Enter - MemInfo: [/proc/self/status]	VmLib:	    1952 kB
20220313 000617.592 INFO             PET0 PIOc_freedecomp Enter - MemInfo: [/proc/self/status]	VmPTE:	     236 kB
20220313 000617.592 INFO             PET0 PIOc_freedecomp Enter - MemInfo: [/proc/self/status]	VmPMD:	      12 kB
20220313 000617.592 INFO             PET0 PIOc_freedecomp Enter - MemInfo: [/proc/self/status]	VmSwap:	       0 kB
20220313 000617.593 INFO             PET0 PIOc_freedecomp Enter - MemInfo: [/proc/self/status]	VmRSSPercent: 0.0417153 %
20220313 000617.593 INFO             PET0 PIOc_freedecomp Enter - MemInfo: [malloc] Non-mmapped space allocated:                22427968 Byte
20220313 000617.593 INFO             PET0 PIOc_freedecomp Enter - MemInfo: [malloc] Space allocated in mmapped regions:          3497984 Byte
20220313 000617.593 INFO             PET0 PIOc_freedecomp Enter - MemInfo: [malloc] Maximum total allocated space:                     0 Byte
20220313 000617.593 INFO             PET0 PIOc_freedecomp Enter - MemInfo: [malloc] Space in freed fastbin blocks:                   112 Byte
20220313 000617.593 INFO             PET0 PIOc_freedecomp Enter - MemInfo: [malloc] Total allocated space:                       2358592 Byte
20220313 000617.593 INFO             PET0 PIOc_freedecomp Enter - MemInfo: [malloc] Total free space:                           20069376 Byte
20220313 000617.593 INFO             PET0 PIOc_freedecomp Enter - MemInfo: [malloc] Top-most, releasable space:                 15185200 Byte
20220313 000617.593 INFO             PET0 PIOc_freedecomp Enter - MemInfo: [malloc] Total space in use, mmap + non-mmap:         5856576 Byte
20220313 000617.593 INFO             PET0 PIOc_freedecomp Enter - MemInfo: [malloc] Total space held (mmap + non-mmap):         25925952 Byte
20220313 000617.593 INFO             PET0 PIOc_freedecomp Enter - MemInfo: [malloc] Total space used (mmap + non-mmap):          5865008 Byte
20220313 000617.593 INFO             PET0 PIOc_freedecomp Enter - MemInfo: Wall-clock time since execution start:               0.535751 seconds
20220313 000617.593 INFO             PET0 PIOc_freedecomp Exit - MemInfo: [/proc/meminfo - SSI]	MemTotal:       65855856 kB
20220313 000617.593 INFO             PET0 PIOc_freedecomp Exit - MemInfo: [/proc/meminfo - SSI]	MemFree:        61196472 kB
20220313 000617.593 INFO             PET0 PIOc_freedecomp Exit - MemInfo: [/proc/meminfo - SSI]	MemAvailable:   60961824 kB
20220313 000617.593 INFO             PET0 PIOc_freedecomp Exit - MemInfo: [/proc/meminfo - SSI]	Committed_AS:    2957152 kB
20220313 000617.593 INFO             PET0 PIOc_freedecomp Exit - MemInfo: [/proc/meminfo - SSI]	CommittedPercent: 4.49034 %
20220313 000617.593 INFO             PET0 PIOc_freedecomp Exit - MemInfo: [/proc/self/status]	VmPeak:	  144008 kB
20220313 000617.593 INFO             PET0 PIOc_freedecomp Exit - MemInfo: [/proc/self/status]	VmSize:	  144008 kB
20220313 000617.593 INFO             PET0 PIOc_freedecomp Exit - MemInfo: [/proc/self/status]	VmLck:	       0 kB
20220313 000617.593 INFO             PET0 PIOc_freedecomp Exit - MemInfo: [/proc/self/status]	VmPin:	       0 kB
20220313 000617.593 INFO             PET0 PIOc_freedecomp Exit - MemInfo: [/proc/self/status]	VmHWM:	   27472 kB
20220313 000617.593 INFO             PET0 PIOc_freedecomp Exit - MemInfo: [/proc/self/status]	VmRSS:	   27472 kB
20220313 000617.593 INFO             PET0 PIOc_freedecomp Exit - MemInfo: [/proc/self/status]	VmData:	   29556 kB
20220313 000617.593 INFO             PET0 PIOc_freedecomp Exit - MemInfo: [/proc/self/status]	VmStk:	     164 kB
20220313 000617.593 INFO             PET0 PIOc_freedecomp Exit - MemInfo: [/proc/self/status]	VmExe:	   27440 kB
20220313 000617.593 INFO             PET0 PIOc_freedecomp Exit - MemInfo: [/proc/self/status]	VmLib:	    1952 kB
20220313 000617.593 INFO             PET0 PIOc_freedecomp Exit - MemInfo: [/proc/self/status]	VmPTE:	     236 kB
20220313 000617.593 INFO             PET0 PIOc_freedecomp Exit - MemInfo: [/proc/self/status]	VmPMD:	      12 kB
20220313 000617.593 INFO             PET0 PIOc_freedecomp Exit - MemInfo: [/proc/self/status]	VmSwap:	       0 kB
20220313 000617.593 INFO             PET0 PIOc_freedecomp Exit - MemInfo: [/proc/self/status]	VmRSSPercent: 0.0417153 %
20220313 000617.593 INFO             PET0 PIOc_freedecomp Exit - MemInfo: [malloc] Non-mmapped space allocated:                22427968 Byte
20220313 000617.593 INFO             PET0 PIOc_freedecomp Exit - MemInfo: [malloc] Space allocated in mmapped regions:          3497984 Byte
20220313 000617.593 INFO             PET0 PIOc_freedecomp Exit - MemInfo: [malloc] Maximum total allocated space:                     0 Byte
20220313 000617.593 INFO             PET0 PIOc_freedecomp Exit - MemInfo: [malloc] Space in freed fastbin blocks:                   944 Byte
20220313 000617.593 INFO             PET0 PIOc_freedecomp Exit - MemInfo: [malloc] Total allocated space:                       2357568 Byte
20220313 000617.593 INFO             PET0 PIOc_freedecomp Exit - MemInfo: [malloc] Total free space:                           20070400 Byte
20220313 000617.593 INFO             PET0 PIOc_freedecomp Exit - MemInfo: [malloc] Top-most, releasable space:                 15185200 Byte
20220313 000617.593 INFO             PET0 PIOc_freedecomp Exit - MemInfo: [malloc] Total space in use, mmap + non-mmap:         5855552 Byte
20220313 000617.593 INFO             PET0 PIOc_freedecomp Exit - MemInfo: [malloc] Total space held (mmap + non-mmap):         25925952 Byte
20220313 000617.593 INFO             PET0 PIOc_freedecomp Exit - MemInfo: [malloc] Total space used (mmap + non-mmap):          5863760 Byte
20220313 000617.593 INFO             PET0 PIOc_freedecomp Exit - MemInfo: Wall-clock time since execution start:               0.536134 seconds
20220313 000617.595 INFO             PET0 PIOc_sync Enter - MemInfo: [/proc/meminfo - SSI]	MemTotal:       65855856 kB
20220313 000617.595 INFO             PET0 PIOc_sync Enter - MemInfo: [/proc/meminfo - SSI]	MemFree:        61196472 kB
20220313 000617.595 INFO             PET0 PIOc_sync Enter - MemInfo: [/proc/meminfo - SSI]	MemAvailable:   60961824 kB
20220313 000617.595 INFO             PET0 PIOc_sync Enter - MemInfo: [/proc/meminfo - SSI]	Committed_AS:    2957152 kB
20220313 000617.595 INFO             PET0 PIOc_sync Enter - MemInfo: [/proc/meminfo - SSI]	CommittedPercent: 4.49034 %
20220313 000617.595 INFO             PET0 PIOc_sync Enter - MemInfo: [/proc/self/status]	VmPeak:	  144008 kB
20220313 000617.595 INFO             PET0 PIOc_sync Enter - MemInfo: [/proc/self/status]	VmSize:	  143984 kB
20220313 000617.595 INFO             PET0 PIOc_sync Enter - MemInfo: [/proc/self/status]	VmLck:	       0 kB
20220313 000617.595 INFO             PET0 PIOc_sync Enter - MemInfo: [/proc/self/status]	VmPin:	       0 kB
20220313 000617.595 INFO             PET0 PIOc_sync Enter - MemInfo: [/proc/self/status]	VmHWM:	   27596 kB
20220313 000617.595 INFO             PET0 PIOc_sync Enter - MemInfo: [/proc/self/status]	VmRSS:	   27584 kB
20220313 000617.595 INFO             PET0 PIOc_sync Enter - MemInfo: [/proc/self/status]	VmData:	   29556 kB
20220313 000617.595 INFO             PET0 PIOc_sync Enter - MemInfo: [/proc/self/status]	VmStk:	     164 kB
20220313 000617.595 INFO             PET0 PIOc_sync Enter - MemInfo: [/proc/self/status]	VmExe:	   27440 kB
20220313 000617.595 INFO             PET0 PIOc_sync Enter - MemInfo: [/proc/self/status]	VmLib:	    1952 kB
20220313 000617.595 INFO             PET0 PIOc_sync Enter - MemInfo: [/proc/self/status]	VmPTE:	     236 kB
20220313 000617.595 INFO             PET0 PIOc_sync Enter - MemInfo: [/proc/self/status]	VmPMD:	      12 kB
20220313 000617.595 INFO             PET0 PIOc_sync Enter - MemInfo: [/proc/self/status]	VmSwap:	       0 kB
20220313 000617.595 INFO             PET0 PIOc_sync Enter - MemInfo: [/proc/self/status]	VmRSSPercent: 0.0418854 %
20220313 000617.595 INFO             PET0 PIOc_sync Enter - MemInfo: [malloc] Non-mmapped space allocated:                22427968 Byte
20220313 000617.595 INFO             PET0 PIOc_sync Enter - MemInfo: [malloc] Space allocated in mmapped regions:          3497984 Byte
20220313 000617.595 INFO             PET0 PIOc_sync Enter - MemInfo: [malloc] Maximum total allocated space:                     0 Byte
20220313 000617.595 INFO             PET0 PIOc_sync Enter - MemInfo: [malloc] Space in freed fastbin blocks:                   464 Byte
20220313 000617.595 INFO             PET0 PIOc_sync Enter - MemInfo: [malloc] Total allocated space:                      11286064 Byte
20220313 000617.595 INFO             PET0 PIOc_sync Enter - MemInfo: [malloc] Total free space:                           11141904 Byte
20220313 000617.595 INFO             PET0 PIOc_sync Enter - MemInfo: [malloc] Top-most, releasable space:                  6796576 Byte
20220313 000617.595 INFO             PET0 PIOc_sync Enter - MemInfo: [malloc] Total space in use, mmap + non-mmap:        14784048 Byte
20220313 000617.595 INFO             PET0 PIOc_sync Enter - MemInfo: [malloc] Total space held (mmap + non-mmap):         25925952 Byte
20220313 000617.595 INFO             PET0 PIOc_sync Enter - MemInfo: [malloc] Total space used (mmap + non-mmap):         14792368 Byte
20220313 000617.595 INFO             PET0 PIOc_sync Enter - MemInfo: Wall-clock time since execution start:               0.538115 seconds
20220313 000617.595 INFO             PET0 PIOc_sync Exit - MemInfo: [/proc/meminfo - SSI]	MemTotal:       65855856 kB
20220313 000617.595 INFO             PET0 PIOc_sync Exit - MemInfo: [/proc/meminfo - SSI]	MemFree:        61196472 kB
20220313 000617.595 INFO             PET0 PIOc_sync Exit - MemInfo: [/proc/meminfo - SSI]	MemAvailable:   60961824 kB
20220313 000617.595 INFO             PET0 PIOc_sync Exit - MemInfo: [/proc/meminfo - SSI]	Committed_AS:    2957152 kB
20220313 000617.595 INFO             PET0 PIOc_sync Exit - MemInfo: [/proc/meminfo - SSI]	CommittedPercent: 4.49034 %
20220313 000617.595 INFO             PET0 PIOc_sync Exit - MemInfo: [/proc/self/status]	VmPeak:	  144008 kB
20220313 000617.595 INFO             PET0 PIOc_sync Exit - MemInfo: [/proc/self/status]	VmSize:	  143984 kB
20220313 000617.595 INFO             PET0 PIOc_sync Exit - MemInfo: [/proc/self/status]	VmLck:	       0 kB
20220313 000617.595 INFO             PET0 PIOc_sync Exit - MemInfo: [/proc/self/status]	VmPin:	       0 kB
20220313 000617.595 INFO             PET0 PIOc_sync Exit - MemInfo: [/proc/self/status]	VmHWM:	   27596 kB
20220313 000617.595 INFO             PET0 PIOc_sync Exit - MemInfo: [/proc/self/status]	VmRSS:	   27584 kB
20220313 000617.595 INFO             PET0 PIOc_sync Exit - MemInfo: [/proc/self/status]	VmData:	   29556 kB
20220313 000617.595 INFO             PET0 PIOc_sync Exit - MemInfo: [/proc/self/status]	VmStk:	     164 kB
20220313 000617.595 INFO             PET0 PIOc_sync Exit - MemInfo: [/proc/self/status]	VmExe:	   27440 kB
20220313 000617.595 INFO             PET0 PIOc_sync Exit - MemInfo: [/proc/self/status]	VmLib:	    1952 kB
20220313 000617.595 INFO             PET0 PIOc_sync Exit - MemInfo: [/proc/self/status]	VmPTE:	     236 kB
20220313 000617.595 INFO             PET0 PIOc_sync Exit - MemInfo: [/proc/self/status]	VmPMD:	      12 kB
20220313 000617.595 INFO             PET0 PIOc_sync Exit - MemInfo: [/proc/self/status]	VmSwap:	       0 kB
20220313 000617.595 INFO             PET0 PIOc_sync Exit - MemInfo: [/proc/self/status]	VmRSSPercent: 0.0418854 %
20220313 000617.595 INFO             PET0 PIOc_sync Exit - MemInfo: [malloc] Non-mmapped space allocated:                22427968 Byte
20220313 000617.595 INFO             PET0 PIOc_sync Exit - MemInfo: [malloc] Space allocated in mmapped regions:          3497984 Byte
20220313 000617.595 INFO             PET0 PIOc_sync Exit - MemInfo: [malloc] Maximum total allocated space:                     0 Byte
20220313 000617.595 INFO             PET0 PIOc_sync Exit - MemInfo: [malloc] Space in freed fastbin blocks:                     0 Byte
20220313 000617.595 INFO             PET0 PIOc_sync Exit - MemInfo: [malloc] Total allocated space:                      11286512 Byte
20220313 000617.595 INFO             PET0 PIOc_sync Exit - MemInfo: [malloc] Total free space:                           11141456 Byte
20220313 000617.595 INFO             PET0 PIOc_sync Exit - MemInfo: [malloc] Top-most, releasable space:                  6796576 Byte
20220313 000617.595 INFO             PET0 PIOc_sync Exit - MemInfo: [malloc] Total space in use, mmap + non-mmap:        14784496 Byte
20220313 000617.595 INFO             PET0 PIOc_sync Exit - MemInfo: [malloc] Total space held (mmap + non-mmap):         25925952 Byte
20220313 000617.595 INFO             PET0 PIOc_sync Exit - MemInfo: [malloc] Total space used (mmap + non-mmap):         14793152 Byte
20220313 000617.595 INFO             PET0 PIOc_sync Exit - MemInfo: Wall-clock time since execution start:                0.53855 seconds
20220313 000617.596 INFO             PET0 PIOc_freedecomp Enter - MemInfo: [/proc/meminfo - SSI]	MemTotal:       65855856 kB
20220313 000617.596 INFO             PET0 PIOc_freedecomp Enter - MemInfo: [/proc/meminfo - SSI]	MemFree:        61196472 kB
20220313 000617.596 INFO             PET0 PIOc_freedecomp Enter - MemInfo: [/proc/meminfo - SSI]	MemAvailable:   60961824 kB
20220313 000617.596 INFO             PET0 PIOc_freedecomp Enter - MemInfo: [/proc/meminfo - SSI]	Committed_AS:    2957152 kB
20220313 000617.596 INFO             PET0 PIOc_freedecomp Enter - MemInfo: [/proc/meminfo - SSI]	CommittedPercent: 4.49034 %
20220313 000617.596 INFO             PET0 PIOc_freedecomp Enter - MemInfo: [/proc/self/status]	VmPeak:	  144008 kB
20220313 000617.596 INFO             PET0 PIOc_freedecomp Enter - MemInfo: [/proc/self/status]	VmSize:	  143984 kB
20220313 000617.596 INFO             PET0 PIOc_freedecomp Enter - MemInfo: [/proc/self/status]	VmLck:	       0 kB
20220313 000617.596 INFO             PET0 PIOc_freedecomp Enter - MemInfo: [/proc/self/status]	VmPin:	       0 kB
20220313 000617.596 INFO             PET0 PIOc_freedecomp Enter - MemInfo: [/proc/self/status]	VmHWM:	   27596 kB
20220313 000617.596 INFO             PET0 PIOc_freedecomp Enter - MemInfo: [/proc/self/status]	VmRSS:	   27584 kB
20220313 000617.596 INFO             PET0 PIOc_freedecomp Enter - MemInfo: [/proc/self/status]	VmData:	   29556 kB
20220313 000617.596 INFO             PET0 PIOc_freedecomp Enter - MemInfo: [/proc/self/status]	VmStk:	     164 kB
20220313 000617.596 INFO             PET0 PIOc_freedecomp Enter - MemInfo: [/proc/self/status]	VmExe:	   27440 kB
20220313 000617.596 INFO             PET0 PIOc_freedecomp Enter - MemInfo: [/proc/self/status]	VmLib:	    1952 kB
20220313 000617.596 INFO             PET0 PIOc_freedecomp Enter - MemInfo: [/proc/self/status]	VmPTE:	     236 kB
20220313 000617.596 INFO             PET0 PIOc_freedecomp Enter - MemInfo: [/proc/self/status]	VmPMD:	      12 kB
20220313 000617.596 INFO             PET0 PIOc_freedecomp Enter - MemInfo: [/proc/self/status]	VmSwap:	       0 kB
20220313 000617.596 INFO             PET0 PIOc_freedecomp Enter - MemInfo: [/proc/self/status]	VmRSSPercent: 0.0418854 %
20220313 000617.596 INFO             PET0 PIOc_freedecomp Enter - MemInfo: [malloc] Non-mmapped space allocated:                22427968 Byte
20220313 000617.596 INFO             PET0 PIOc_freedecomp Enter - MemInfo: [malloc] Space allocated in mmapped regions:          3497984 Byte
20220313 000617.596 INFO             PET0 PIOc_freedecomp Enter - MemInfo: [malloc] Maximum total allocated space:                     0 Byte
20220313 000617.596 INFO             PET0 PIOc_freedecomp Enter - MemInfo: [malloc] Space in freed fastbin blocks:                   272 Byte
20220313 000617.596 INFO             PET0 PIOc_freedecomp Enter - MemInfo: [malloc] Total allocated space:                       2361696 Byte
20220313 000617.596 INFO             PET0 PIOc_freedecomp Enter - MemInfo: [malloc] Total free space:                           20066272 Byte
20220313 000617.596 INFO             PET0 PIOc_freedecomp Enter - MemInfo: [malloc] Top-most, releasable space:                 15185200 Byte
20220313 000617.596 INFO             PET0 PIOc_freedecomp Enter - MemInfo: [malloc] Total space in use, mmap + non-mmap:         5859680 Byte
20220313 000617.596 INFO             PET0 PIOc_freedecomp Enter - MemInfo: [malloc] Total space held (mmap + non-mmap):         25925952 Byte
20220313 000617.596 INFO             PET0 PIOc_freedecomp Enter - MemInfo: [malloc] Total space used (mmap + non-mmap):          5867888 Byte
20220313 000617.596 INFO             PET0 PIOc_freedecomp Enter - MemInfo: Wall-clock time since execution start:               0.539063 seconds
20220313 000617.596 INFO             PET0 PIOc_freedecomp Exit - MemInfo: [/proc/meminfo - SSI]	MemTotal:       65855856 kB
20220313 000617.596 INFO             PET0 PIOc_freedecomp Exit - MemInfo: [/proc/meminfo - SSI]	MemFree:        61196472 kB
20220313 000617.596 INFO             PET0 PIOc_freedecomp Exit - MemInfo: [/proc/meminfo - SSI]	MemAvailable:   60961824 kB
20220313 000617.596 INFO             PET0 PIOc_freedecomp Exit - MemInfo: [/proc/meminfo - SSI]	Committed_AS:    2957152 kB
20220313 000617.596 INFO             PET0 PIOc_freedecomp Exit - MemInfo: [/proc/meminfo - SSI]	CommittedPercent: 4.49034 %
20220313 000617.596 INFO             PET0 PIOc_freedecomp Exit - MemInfo: [/proc/self/status]	VmPeak:	  144008 kB
20220313 000617.596 INFO             PET0 PIOc_freedecomp Exit - MemInfo: [/proc/self/status]	VmSize:	  143984 kB
20220313 000617.596 INFO             PET0 PIOc_freedecomp Exit - MemInfo: [/proc/self/status]	VmLck:	       0 kB
20220313 000617.596 INFO             PET0 PIOc_freedecomp Exit - MemInfo: [/proc/self/status]	VmPin:	       0 kB
20220313 000617.596 INFO             PET0 PIOc_freedecomp Exit - MemInfo: [/proc/self/status]	VmHWM:	   27596 kB
20220313 000617.596 INFO             PET0 PIOc_freedecomp Exit - MemInfo: [/proc/self/status]	VmRSS:	   27584 kB
20220313 000617.596 INFO             PET0 PIOc_freedecomp Exit - MemInfo: [/proc/self/status]	VmData:	   29556 kB
20220313 000617.596 INFO             PET0 PIOc_freedecomp Exit - MemInfo: [/proc/self/status]	VmStk:	     164 kB
20220313 000617.596 INFO             PET0 PIOc_freedecomp Exit - MemInfo: [/proc/self/status]	VmExe:	   27440 kB
20220313 000617.596 INFO             PET0 PIOc_freedecomp Exit - MemInfo: [/proc/self/status]	VmLib:	    1952 kB
20220313 000617.596 INFO             PET0 PIOc_freedecomp Exit - MemInfo: [/proc/self/status]	VmPTE:	     236 kB
20220313 000617.596 INFO             PET0 PIOc_freedecomp Exit - MemInfo: [/proc/self/status]	VmPMD:	      12 kB
20220313 000617.596 INFO             PET0 PIOc_freedecomp Exit - MemInfo: [/proc/self/status]	VmSwap:	       0 kB
20220313 000617.596 INFO             PET0 PIOc_freedecomp Exit - MemInfo: [/proc/self/status]	VmRSSPercent: 0.0418854 %
20220313 000617.596 INFO             PET0 PIOc_freedecomp Exit - MemInfo: [malloc] Non-mmapped space allocated:                22427968 Byte
20220313 000617.596 INFO             PET0 PIOc_freedecomp Exit - MemInfo: [malloc] Space allocated in mmapped regions:          3497984 Byte
20220313 000617.596 INFO             PET0 PIOc_freedecomp Exit - MemInfo: [malloc] Maximum total allocated space:                     0 Byte
20220313 000617.596 INFO             PET0 PIOc_freedecomp Exit - MemInfo: [malloc] Space in freed fastbin blocks:                  1616 Byte
20220313 000617.596 INFO             PET0 PIOc_freedecomp Exit - MemInfo: [malloc] Total allocated space:                       2359408 Byte
20220313 000617.596 INFO             PET0 PIOc_freedecomp Exit - MemInfo: [malloc] Total free space:                           20068560 Byte
20220313 000617.596 INFO             PET0 PIOc_freedecomp Exit - MemInfo: [malloc] Top-most, releasable space:                 15185200 Byte
20220313 000617.596 INFO             PET0 PIOc_freedecomp Exit - MemInfo: [malloc] Total space in use, mmap + non-mmap:         5857392 Byte
20220313 000617.596 INFO             PET0 PIOc_freedecomp Exit - MemInfo: [malloc] Total space held (mmap + non-mmap):         25925952 Byte
20220313 000617.596 INFO             PET0 PIOc_freedecomp Exit - MemInfo: [malloc] Total space used (mmap + non-mmap):          5865600 Byte
20220313 000617.596 INFO             PET0 PIOc_freedecomp Exit - MemInfo: Wall-clock time since execution start:               0.539432 seconds
20220313 000617.598 INFO             PET0 PIOc_sync Enter - MemInfo: [/proc/meminfo - SSI]	MemTotal:       65855856 kB
20220313 000617.598 INFO             PET0 PIOc_sync Enter - MemInfo: [/proc/meminfo - SSI]	MemFree:        61196472 kB
20220313 000617.598 INFO             PET0 PIOc_sync Enter - MemInfo: [/proc/meminfo - SSI]	MemAvailable:   60961824 kB
20220313 000617.598 INFO             PET0 PIOc_sync Enter - MemInfo: [/proc/meminfo - SSI]	Committed_AS:    2957152 kB
20220313 000617.598 INFO             PET0 PIOc_sync Enter - MemInfo: [/proc/meminfo - SSI]	CommittedPercent: 4.49034 %
20220313 000617.598 INFO             PET0 PIOc_sync Enter - MemInfo: [/proc/self/status]	VmPeak:	  144008 kB
20220313 000617.598 INFO             PET0 PIOc_sync Enter - MemInfo: [/proc/self/status]	VmSize:	  143984 kB
20220313 000617.598 INFO             PET0 PIOc_sync Enter - MemInfo: [/proc/self/status]	VmLck:	       0 kB
20220313 000617.598 INFO             PET0 PIOc_sync Enter - MemInfo: [/proc/self/status]	VmPin:	       0 kB
20220313 000617.598 INFO             PET0 PIOc_sync Enter - MemInfo: [/proc/self/status]	VmHWM:	   27596 kB
20220313 000617.598 INFO             PET0 PIOc_sync Enter - MemInfo: [/proc/self/status]	VmRSS:	   27584 kB
20220313 000617.598 INFO             PET0 PIOc_sync Enter - MemInfo: [/proc/self/status]	VmData:	   29556 kB
20220313 000617.598 INFO             PET0 PIOc_sync Enter - MemInfo: [/proc/self/status]	VmStk:	     164 kB
20220313 000617.598 INFO             PET0 PIOc_sync Enter - MemInfo: [/proc/self/status]	VmExe:	   27440 kB
20220313 000617.598 INFO             PET0 PIOc_sync Enter - MemInfo: [/proc/self/status]	VmLib:	    1952 kB
20220313 000617.598 INFO             PET0 PIOc_sync Enter - MemInfo: [/proc/self/status]	VmPTE:	     236 kB
20220313 000617.598 INFO             PET0 PIOc_sync Enter - MemInfo: [/proc/self/status]	VmPMD:	      12 kB
20220313 000617.598 INFO             PET0 PIOc_sync Enter - MemInfo: [/proc/self/status]	VmSwap:	       0 kB
20220313 000617.598 INFO             PET0 PIOc_sync Enter - MemInfo: [/proc/self/status]	VmRSSPercent: 0.0418854 %
20220313 000617.598 INFO             PET0 PIOc_sync Enter - MemInfo: [malloc] Non-mmapped space allocated:                22427968 Byte
20220313 000617.598 INFO             PET0 PIOc_sync Enter - MemInfo: [malloc] Space allocated in mmapped regions:          3497984 Byte
20220313 000617.598 INFO             PET0 PIOc_sync Enter - MemInfo: [malloc] Maximum total allocated space:                     0 Byte
20220313 000617.598 INFO             PET0 PIOc_sync Enter - MemInfo: [malloc] Space in freed fastbin blocks:                   960 Byte
20220313 000617.598 INFO             PET0 PIOc_sync Enter - MemInfo: [malloc] Total allocated space:                      11288976 Byte
20220313 000617.598 INFO             PET0 PIOc_sync Enter - MemInfo: [malloc] Total free space:                           11138992 Byte
20220313 000617.598 INFO             PET0 PIOc_sync Enter - MemInfo: [malloc] Top-most, releasable space:                  6796576 Byte
20220313 000617.598 INFO             PET0 PIOc_sync Enter - MemInfo: [malloc] Total space in use, mmap + non-mmap:        14786960 Byte
20220313 000617.598 INFO             PET0 PIOc_sync Enter - MemInfo: [malloc] Total space held (mmap + non-mmap):         25925952 Byte
20220313 000617.598 INFO             PET0 PIOc_sync Enter - MemInfo: [malloc] Total space used (mmap + non-mmap):         14795392 Byte
20220313 000617.598 INFO             PET0 PIOc_sync Enter - MemInfo: Wall-clock time since execution start:               0.541054 seconds
20220313 000617.598 INFO             PET0 PIOc_sync Exit - MemInfo: [/proc/meminfo - SSI]	MemTotal:       65855856 kB
20220313 000617.598 INFO             PET0 PIOc_sync Exit - MemInfo: [/proc/meminfo - SSI]	MemFree:        61196472 kB
20220313 000617.598 INFO             PET0 PIOc_sync Exit - MemInfo: [/proc/meminfo - SSI]	MemAvailable:   60961824 kB
20220313 000617.598 INFO             PET0 PIOc_sync Exit - MemInfo: [/proc/meminfo - SSI]	Committed_AS:    2957152 kB
20220313 000617.598 INFO             PET0 PIOc_sync Exit - MemInfo: [/proc/meminfo - SSI]	CommittedPercent: 4.49034 %
20220313 000617.598 INFO             PET0 PIOc_sync Exit - MemInfo: [/proc/self/status]	VmPeak:	  144008 kB
20220313 000617.598 INFO             PET0 PIOc_sync Exit - MemInfo: [/proc/self/status]	VmSize:	  143984 kB
20220313 000617.598 INFO             PET0 PIOc_sync Exit - MemInfo: [/proc/self/status]	VmLck:	       0 kB
20220313 000617.598 INFO             PET0 PIOc_sync Exit - MemInfo: [/proc/self/status]	VmPin:	       0 kB
20220313 000617.598 INFO             PET0 PIOc_sync Exit - MemInfo: [/proc/self/status]	VmHWM:	   27596 kB
20220313 000617.598 INFO             PET0 PIOc_sync Exit - MemInfo: [/proc/self/status]	VmRSS:	   27584 kB
20220313 000617.598 INFO             PET0 PIOc_sync Exit - MemInfo: [/proc/self/status]	VmData:	   29556 kB
20220313 000617.598 INFO             PET0 PIOc_sync Exit - MemInfo: [/proc/self/status]	VmStk:	     164 kB
20220313 000617.598 INFO             PET0 PIOc_sync Exit - MemInfo: [/proc/self/status]	VmExe:	   27440 kB
20220313 000617.598 INFO             PET0 PIOc_sync Exit - MemInfo: [/proc/self/status]	VmLib:	    1952 kB
20220313 000617.598 INFO             PET0 PIOc_sync Exit - MemInfo: [/proc/self/status]	VmPTE:	     236 kB
20220313 000617.598 INFO             PET0 PIOc_sync Exit - MemInfo: [/proc/self/status]	VmPMD:	      12 kB
20220313 000617.598 INFO             PET0 PIOc_sync Exit - MemInfo: [/proc/self/status]	VmSwap:	       0 kB
20220313 000617.598 INFO             PET0 PIOc_sync Exit - MemInfo: [/proc/self/status]	VmRSSPercent: 0.0418854 %
20220313 000617.598 INFO             PET0 PIOc_sync Exit - MemInfo: [malloc] Non-mmapped space allocated:                22427968 Byte
20220313 000617.598 INFO             PET0 PIOc_sync Exit - MemInfo: [malloc] Space allocated in mmapped regions:          3497984 Byte
20220313 000617.598 INFO             PET0 PIOc_sync Exit - MemInfo: [malloc] Maximum total allocated space:                     0 Byte
20220313 000617.598 INFO             PET0 PIOc_sync Exit - MemInfo: [malloc] Space in freed fastbin blocks:                    32 Byte
20220313 000617.598 INFO             PET0 PIOc_sync Exit - MemInfo: [malloc] Total allocated space:                      11289120 Byte
20220313 000617.598 INFO             PET0 PIOc_sync Exit - MemInfo: [malloc] Total free space:                           11138848 Byte
20220313 000617.598 INFO             PET0 PIOc_sync Exit - MemInfo: [malloc] Top-most, releasable space:                  6796576 Byte
20220313 000617.598 INFO             PET0 PIOc_sync Exit - MemInfo: [malloc] Total space in use, mmap + non-mmap:        14787104 Byte
20220313 000617.598 INFO             PET0 PIOc_sync Exit - MemInfo: [malloc] Total space held (mmap + non-mmap):         25925952 Byte
20220313 000617.598 INFO             PET0 PIOc_sync Exit - MemInfo: [malloc] Total space used (mmap + non-mmap):         14795760 Byte
20220313 000617.598 INFO             PET0 PIOc_sync Exit - MemInfo: Wall-clock time since execution start:               0.541524 seconds
20220313 000617.599 INFO             PET0 PIOc_freedecomp Enter - MemInfo: [/proc/meminfo - SSI]	MemTotal:       65855856 kB
20220313 000617.599 INFO             PET0 PIOc_freedecomp Enter - MemInfo: [/proc/meminfo - SSI]	MemFree:        61196472 kB
20220313 000617.599 INFO             PET0 PIOc_freedecomp Enter - MemInfo: [/proc/meminfo - SSI]	MemAvailable:   60961824 kB
20220313 000617.599 INFO             PET0 PIOc_freedecomp Enter - MemInfo: [/proc/meminfo - SSI]	Committed_AS:    2957152 kB
20220313 000617.599 INFO             PET0 PIOc_freedecomp Enter - MemInfo: [/proc/meminfo - SSI]	CommittedPercent: 4.49034 %
20220313 000617.599 INFO             PET0 PIOc_freedecomp Enter - MemInfo: [/proc/self/status]	VmPeak:	  144008 kB
20220313 000617.599 INFO             PET0 PIOc_freedecomp Enter - MemInfo: [/proc/self/status]	VmSize:	  143984 kB
20220313 000617.599 INFO             PET0 PIOc_freedecomp Enter - MemInfo: [/proc/self/status]	VmLck:	       0 kB
20220313 000617.599 INFO             PET0 PIOc_freedecomp Enter - MemInfo: [/proc/self/status]	VmPin:	       0 kB
20220313 000617.599 INFO             PET0 PIOc_freedecomp Enter - MemInfo: [/proc/self/status]	VmHWM:	   27596 kB
20220313 000617.599 INFO             PET0 PIOc_freedecomp Enter - MemInfo: [/proc/self/status]	VmRSS:	   27584 kB
20220313 000617.599 INFO             PET0 PIOc_freedecomp Enter - MemInfo: [/proc/self/status]	VmData:	   29556 kB
20220313 000617.599 INFO             PET0 PIOc_freedecomp Enter - MemInfo: [/proc/self/status]	VmStk:	     164 kB
20220313 000617.599 INFO             PET0 PIOc_freedecomp Enter - MemInfo: [/proc/self/status]	VmExe:	   27440 kB
20220313 000617.599 INFO             PET0 PIOc_freedecomp Enter - MemInfo: [/proc/self/status]	VmLib:	    1952 kB
20220313 000617.599 INFO             PET0 PIOc_freedecomp Enter - MemInfo: [/proc/self/status]	VmPTE:	     236 kB
20220313 000617.599 INFO             PET0 PIOc_freedecomp Enter - MemInfo: [/proc/self/status]	VmPMD:	      12 kB
20220313 000617.599 INFO             PET0 PIOc_freedecomp Enter - MemInfo: [/proc/self/status]	VmSwap:	       0 kB
20220313 000617.599 INFO             PET0 PIOc_freedecomp Enter - MemInfo: [/proc/self/status]	VmRSSPercent: 0.0418854 %
20220313 000617.599 INFO             PET0 PIOc_freedecomp Enter - MemInfo: [malloc] Non-mmapped space allocated:                22427968 Byte
20220313 000617.599 INFO             PET0 PIOc_freedecomp Enter - MemInfo: [malloc] Space allocated in mmapped regions:          3497984 Byte
20220313 000617.599 INFO             PET0 PIOc_freedecomp Enter - MemInfo: [malloc] Maximum total allocated space:                     0 Byte
20220313 000617.599 INFO             PET0 PIOc_freedecomp Enter - MemInfo: [malloc] Space in freed fastbin blocks:                   192 Byte
20220313 000617.599 INFO             PET0 PIOc_freedecomp Enter - MemInfo: [malloc] Total allocated space:                       2363184 Byte
20220313 000617.599 INFO             PET0 PIOc_freedecomp Enter - MemInfo: [malloc] Total free space:                           20064784 Byte
20220313 000617.599 INFO             PET0 PIOc_freedecomp Enter - MemInfo: [malloc] Top-most, releasable space:                 15185200 Byte
20220313 000617.599 INFO             PET0 PIOc_freedecomp Enter - MemInfo: [malloc] Total space in use, mmap + non-mmap:         5861168 Byte
20220313 000617.599 INFO             PET0 PIOc_freedecomp Enter - MemInfo: [malloc] Total space held (mmap + non-mmap):         25925952 Byte
20220313 000617.599 INFO             PET0 PIOc_freedecomp Enter - MemInfo: [malloc] Total space used (mmap + non-mmap):          5869376 Byte
20220313 000617.599 INFO             PET0 PIOc_freedecomp Enter - MemInfo: Wall-clock time since execution start:               0.542029 seconds
20220313 000617.599 INFO             PET0 PIOc_freedecomp Exit - MemInfo: [/proc/meminfo - SSI]	MemTotal:       65855856 kB
20220313 000617.599 INFO             PET0 PIOc_freedecomp Exit - MemInfo: [/proc/meminfo - SSI]	MemFree:        61196472 kB
20220313 000617.599 INFO             PET0 PIOc_freedecomp Exit - MemInfo: [/proc/meminfo - SSI]	MemAvailable:   60961824 kB
20220313 000617.599 INFO             PET0 PIOc_freedecomp Exit - MemInfo: [/proc/meminfo - SSI]	Committed_AS:    2957152 kB
20220313 000617.599 INFO             PET0 PIOc_freedecomp Exit - MemInfo: [/proc/meminfo - SSI]	CommittedPercent: 4.49034 %
20220313 000617.599 INFO             PET0 PIOc_freedecomp Exit - MemInfo: [/proc/self/status]	VmPeak:	  144008 kB
20220313 000617.599 INFO             PET0 PIOc_freedecomp Exit - MemInfo: [/proc/self/status]	VmSize:	  143984 kB
20220313 000617.599 INFO             PET0 PIOc_freedecomp Exit - MemInfo: [/proc/self/status]	VmLck:	       0 kB
20220313 000617.599 INFO             PET0 PIOc_freedecomp Exit - MemInfo: [/proc/self/status]	VmPin:	       0 kB
20220313 000617.599 INFO             PET0 PIOc_freedecomp Exit - MemInfo: [/proc/self/status]	VmHWM:	   27596 kB
20220313 000617.599 INFO             PET0 PIOc_freedecomp Exit - MemInfo: [/proc/self/status]	VmRSS:	   27584 kB
20220313 000617.599 INFO             PET0 PIOc_freedecomp Exit - MemInfo: [/proc/self/status]	VmData:	   29556 kB
20220313 000617.599 INFO             PET0 PIOc_freedecomp Exit - MemInfo: [/proc/self/status]	VmStk:	     164 kB
20220313 000617.599 INFO             PET0 PIOc_freedecomp Exit - MemInfo: [/proc/self/status]	VmExe:	   27440 kB
20220313 000617.599 INFO             PET0 PIOc_freedecomp Exit - MemInfo: [/proc/self/status]	VmLib:	    1952 kB
20220313 000617.599 INFO             PET0 PIOc_freedecomp Exit - MemInfo: [/proc/self/status]	VmPTE:	     236 kB
20220313 000617.599 INFO             PET0 PIOc_freedecomp Exit - MemInfo: [/proc/self/status]	VmPMD:	      12 kB
20220313 000617.599 INFO             PET0 PIOc_freedecomp Exit - MemInfo: [/proc/self/status]	VmSwap:	       0 kB
20220313 000617.599 INFO             PET0 PIOc_freedecomp Exit - MemInfo: [/proc/self/status]	VmRSSPercent: 0.0418854 %
20220313 000617.599 INFO             PET0 PIOc_freedecomp Exit - MemInfo: [malloc] Non-mmapped space allocated:                22427968 Byte
20220313 000617.599 INFO             PET0 PIOc_freedecomp Exit - MemInfo: [malloc] Space allocated in mmapped regions:          3497984 Byte
20220313 000617.599 INFO             PET0 PIOc_freedecomp Exit - MemInfo: [malloc] Maximum total allocated space:                     0 Byte
20220313 000617.599 INFO             PET0 PIOc_freedecomp Exit - MemInfo: [malloc] Space in freed fastbin blocks:                  1808 Byte
20220313 000617.599 INFO             PET0 PIOc_freedecomp Exit - MemInfo: [malloc] Total allocated space:                       2360704 Byte
20220313 000617.599 INFO             PET0 PIOc_freedecomp Exit - MemInfo: [malloc] Total free space:                           20067264 Byte
20220313 000617.599 INFO             PET0 PIOc_freedecomp Exit - MemInfo: [malloc] Top-most, releasable space:                 15185200 Byte
20220313 000617.599 INFO             PET0 PIOc_freedecomp Exit - MemInfo: [malloc] Total space in use, mmap + non-mmap:         5858688 Byte
20220313 000617.599 INFO             PET0 PIOc_freedecomp Exit - MemInfo: [malloc] Total space held (mmap + non-mmap):         25925952 Byte
20220313 000617.599 INFO             PET0 PIOc_freedecomp Exit - MemInfo: [malloc] Total space used (mmap + non-mmap):          5866896 Byte
20220313 000617.599 INFO             PET0 PIOc_freedecomp Exit - MemInfo: Wall-clock time since execution start:               0.542395 seconds
20220313 000617.601 INFO             PET0 PIOc_sync Enter - MemInfo: [/proc/meminfo - SSI]	MemTotal:       65855856 kB
20220313 000617.601 INFO             PET0 PIOc_sync Enter - MemInfo: [/proc/meminfo - SSI]	MemFree:        61196472 kB
20220313 000617.601 INFO             PET0 PIOc_sync Enter - MemInfo: [/proc/meminfo - SSI]	MemAvailable:   60961824 kB
20220313 000617.601 INFO             PET0 PIOc_sync Enter - MemInfo: [/proc/meminfo - SSI]	Committed_AS:    2957152 kB
20220313 000617.601 INFO             PET0 PIOc_sync Enter - MemInfo: [/proc/meminfo - SSI]	CommittedPercent: 4.49034 %
20220313 000617.601 INFO             PET0 PIOc_sync Enter - MemInfo: [/proc/self/status]	VmPeak:	  144008 kB
20220313 000617.601 INFO             PET0 PIOc_sync Enter - MemInfo: [/proc/self/status]	VmSize:	  143984 kB
20220313 000617.601 INFO             PET0 PIOc_sync Enter - MemInfo: [/proc/self/status]	VmLck:	       0 kB
20220313 000617.601 INFO             PET0 PIOc_sync Enter - MemInfo: [/proc/self/status]	VmPin:	       0 kB
20220313 000617.601 INFO             PET0 PIOc_sync Enter - MemInfo: [/proc/self/status]	VmHWM:	   27596 kB
20220313 000617.601 INFO             PET0 PIOc_sync Enter - MemInfo: [/proc/self/status]	VmRSS:	   27584 kB
20220313 000617.601 INFO             PET0 PIOc_sync Enter - MemInfo: [/proc/self/status]	VmData:	   29556 kB
20220313 000617.601 INFO             PET0 PIOc_sync Enter - MemInfo: [/proc/self/status]	VmStk:	     164 kB
20220313 000617.601 INFO             PET0 PIOc_sync Enter - MemInfo: [/proc/self/status]	VmExe:	   27440 kB
20220313 000617.601 INFO             PET0 PIOc_sync Enter - MemInfo: [/proc/self/status]	VmLib:	    1952 kB
20220313 000617.601 INFO             PET0 PIOc_sync Enter - MemInfo: [/proc/self/status]	VmPTE:	     236 kB
20220313 000617.601 INFO             PET0 PIOc_sync Enter - MemInfo: [/proc/self/status]	VmPMD:	      12 kB
20220313 000617.601 INFO             PET0 PIOc_sync Enter - MemInfo: [/proc/self/status]	VmSwap:	       0 kB
20220313 000617.601 INFO             PET0 PIOc_sync Enter - MemInfo: [/proc/self/status]	VmRSSPercent: 0.0418854 %
20220313 000617.601 INFO             PET0 PIOc_sync Enter - MemInfo: [malloc] Non-mmapped space allocated:                22427968 Byte
20220313 000617.601 INFO             PET0 PIOc_sync Enter - MemInfo: [malloc] Space allocated in mmapped regions:          3497984 Byte
20220313 000617.601 INFO             PET0 PIOc_sync Enter - MemInfo: [malloc] Maximum total allocated space:                     0 Byte
20220313 000617.601 INFO             PET0 PIOc_sync Enter - MemInfo: [malloc] Space in freed fastbin blocks:                  1616 Byte
20220313 000617.601 INFO             PET0 PIOc_sync Enter - MemInfo: [malloc] Total allocated space:                      11290624 Byte
20220313 000617.601 INFO             PET0 PIOc_sync Enter - MemInfo: [malloc] Total free space:                           11137344 Byte
20220313 000617.601 INFO             PET0 PIOc_sync Enter - MemInfo: [malloc] Top-most, releasable space:                  6796576 Byte
20220313 000617.601 INFO             PET0 PIOc_sync Enter - MemInfo: [malloc] Total space in use, mmap + non-mmap:        14788608 Byte
20220313 000617.601 INFO             PET0 PIOc_sync Enter - MemInfo: [malloc] Total space held (mmap + non-mmap):         25925952 Byte
20220313 000617.601 INFO             PET0 PIOc_sync Enter - MemInfo: [malloc] Total space used (mmap + non-mmap):         14797040 Byte
20220313 000617.601 INFO             PET0 PIOc_sync Enter - MemInfo: Wall-clock time since execution start:                 0.5441 seconds
20220313 000617.601 INFO             PET0 PIOc_sync Exit - MemInfo: [/proc/meminfo - SSI]	MemTotal:       65855856 kB
20220313 000617.601 INFO             PET0 PIOc_sync Exit - MemInfo: [/proc/meminfo - SSI]	MemFree:        61196472 kB
20220313 000617.601 INFO             PET0 PIOc_sync Exit - MemInfo: [/proc/meminfo - SSI]	MemAvailable:   60961824 kB
20220313 000617.601 INFO             PET0 PIOc_sync Exit - MemInfo: [/proc/meminfo - SSI]	Committed_AS:    2957152 kB
20220313 000617.601 INFO             PET0 PIOc_sync Exit - MemInfo: [/proc/meminfo - SSI]	CommittedPercent: 4.49034 %
20220313 000617.601 INFO             PET0 PIOc_sync Exit - MemInfo: [/proc/self/status]	VmPeak:	  144008 kB
20220313 000617.601 INFO             PET0 PIOc_sync Exit - MemInfo: [/proc/self/status]	VmSize:	  143984 kB
20220313 000617.601 INFO             PET0 PIOc_sync Exit - MemInfo: [/proc/self/status]	VmLck:	       0 kB
20220313 000617.601 INFO             PET0 PIOc_sync Exit - MemInfo: [/proc/self/status]	VmPin:	       0 kB
20220313 000617.601 INFO             PET0 PIOc_sync Exit - MemInfo: [/proc/self/status]	VmHWM:	   27596 kB
20220313 000617.601 INFO             PET0 PIOc_sync Exit - MemInfo: [/proc/self/status]	VmRSS:	   27584 kB
20220313 000617.601 INFO             PET0 PIOc_sync Exit - MemInfo: [/proc/self/status]	VmData:	   29556 kB
20220313 000617.601 INFO             PET0 PIOc_sync Exit - MemInfo: [/proc/self/status]	VmStk:	     164 kB
20220313 000617.601 INFO             PET0 PIOc_sync Exit - MemInfo: [/proc/self/status]	VmExe:	   27440 kB
20220313 000617.601 INFO             PET0 PIOc_sync Exit - MemInfo: [/proc/self/status]	VmLib:	    1952 kB
20220313 000617.601 INFO             PET0 PIOc_sync Exit - MemInfo: [/proc/self/status]	VmPTE:	     236 kB
20220313 000617.601 INFO             PET0 PIOc_sync Exit - MemInfo: [/proc/self/status]	VmPMD:	      12 kB
20220313 000617.601 INFO             PET0 PIOc_sync Exit - MemInfo: [/proc/self/status]	VmSwap:	       0 kB
20220313 000617.601 INFO             PET0 PIOc_sync Exit - MemInfo: [/proc/self/status]	VmRSSPercent: 0.0418854 %
20220313 000617.601 INFO             PET0 PIOc_sync Exit - MemInfo: [malloc] Non-mmapped space allocated:                22427968 Byte
20220313 000617.601 INFO             PET0 PIOc_sync Exit - MemInfo: [malloc] Space allocated in mmapped regions:          3497984 Byte
20220313 000617.601 INFO             PET0 PIOc_sync Exit - MemInfo: [malloc] Maximum total allocated space:                     0 Byte
20220313 000617.601 INFO             PET0 PIOc_sync Exit - MemInfo: [malloc] Space in freed fastbin blocks:                    64 Byte
20220313 000617.601 INFO             PET0 PIOc_sync Exit - MemInfo: [malloc] Total allocated space:                      11291040 Byte
20220313 000617.601 INFO             PET0 PIOc_sync Exit - MemInfo: [malloc] Total free space:                           11136928 Byte
20220313 000617.601 INFO             PET0 PIOc_sync Exit - MemInfo: [malloc] Top-most, releasable space:                  6796576 Byte
20220313 000617.601 INFO             PET0 PIOc_sync Exit - MemInfo: [malloc] Total space in use, mmap + non-mmap:        14789024 Byte
20220313 000617.601 INFO             PET0 PIOc_sync Exit - MemInfo: [malloc] Total space held (mmap + non-mmap):         25925952 Byte
20220313 000617.601 INFO             PET0 PIOc_sync Exit - MemInfo: [malloc] Total space used (mmap + non-mmap):         14797680 Byte
20220313 000617.601 INFO             PET0 PIOc_sync Exit - MemInfo: Wall-clock time since execution start:               0.544593 seconds
20220313 000617.602 INFO             PET0 PIOc_freedecomp Enter - MemInfo: [/proc/meminfo - SSI]	MemTotal:       65855856 kB
20220313 000617.602 INFO             PET0 PIOc_freedecomp Enter - MemInfo: [/proc/meminfo - SSI]	MemFree:        61196472 kB
20220313 000617.602 INFO             PET0 PIOc_freedecomp Enter - MemInfo: [/proc/meminfo - SSI]	MemAvailable:   60961824 kB
20220313 000617.602 INFO             PET0 PIOc_freedecomp Enter - MemInfo: [/proc/meminfo - SSI]	Committed_AS:    2957152 kB
20220313 000617.602 INFO             PET0 PIOc_freedecomp Enter - MemInfo: [/proc/meminfo - SSI]	CommittedPercent: 4.49034 %
20220313 000617.602 INFO             PET0 PIOc_freedecomp Enter - MemInfo: [/proc/self/status]	VmPeak:	  144008 kB
20220313 000617.602 INFO             PET0 PIOc_freedecomp Enter - MemInfo: [/proc/self/status]	VmSize:	  143984 kB
20220313 000617.602 INFO             PET0 PIOc_freedecomp Enter - MemInfo: [/proc/self/status]	VmLck:	       0 kB
20220313 000617.602 INFO             PET0 PIOc_freedecomp Enter - MemInfo: [/proc/self/status]	VmPin:	       0 kB
20220313 000617.602 INFO             PET0 PIOc_freedecomp Enter - MemInfo: [/proc/self/status]	VmHWM:	   27596 kB
20220313 000617.602 INFO             PET0 PIOc_freedecomp Enter - MemInfo: [/proc/self/status]	VmRSS:	   27584 kB
20220313 000617.602 INFO             PET0 PIOc_freedecomp Enter - MemInfo: [/proc/self/status]	VmData:	   29556 kB
20220313 000617.602 INFO             PET0 PIOc_freedecomp Enter - MemInfo: [/proc/self/status]	VmStk:	     164 kB
20220313 000617.602 INFO             PET0 PIOc_freedecomp Enter - MemInfo: [/proc/self/status]	VmExe:	   27440 kB
20220313 000617.602 INFO             PET0 PIOc_freedecomp Enter - MemInfo: [/proc/self/status]	VmLib:	    1952 kB
20220313 000617.602 INFO             PET0 PIOc_freedecomp Enter - MemInfo: [/proc/self/status]	VmPTE:	     236 kB
20220313 000617.602 INFO             PET0 PIOc_freedecomp Enter - MemInfo: [/proc/self/status]	VmPMD:	      12 kB
20220313 000617.602 INFO             PET0 PIOc_freedecomp Enter - MemInfo: [/proc/self/status]	VmSwap:	       0 kB
20220313 000617.602 INFO             PET0 PIOc_freedecomp Enter - MemInfo: [/proc/self/status]	VmRSSPercent: 0.0418854 %
20220313 000617.602 INFO             PET0 PIOc_freedecomp Enter - MemInfo: [malloc] Non-mmapped space allocated:                22427968 Byte
20220313 000617.602 INFO             PET0 PIOc_freedecomp Enter - MemInfo: [malloc] Space allocated in mmapped regions:          3497984 Byte
20220313 000617.602 INFO             PET0 PIOc_freedecomp Enter - MemInfo: [malloc] Maximum total allocated space:                     0 Byte
20220313 000617.602 INFO             PET0 PIOc_freedecomp Enter - MemInfo: [malloc] Space in freed fastbin blocks:                   272 Byte
20220313 000617.602 INFO             PET0 PIOc_freedecomp Enter - MemInfo: [malloc] Total allocated space:                       2364880 Byte
20220313 000617.602 INFO             PET0 PIOc_freedecomp Enter - MemInfo: [malloc] Total free space:                           20063088 Byte
20220313 000617.602 INFO             PET0 PIOc_freedecomp Enter - MemInfo: [malloc] Top-most, releasable space:                 15185200 Byte
20220313 000617.602 INFO             PET0 PIOc_freedecomp Enter - MemInfo: [malloc] Total space in use, mmap + non-mmap:         5862864 Byte
20220313 000617.602 INFO             PET0 PIOc_freedecomp Enter - MemInfo: [malloc] Total space held (mmap + non-mmap):         25925952 Byte
20220313 000617.602 INFO             PET0 PIOc_freedecomp Enter - MemInfo: [malloc] Total space used (mmap + non-mmap):          5871072 Byte
20220313 000617.602 INFO             PET0 PIOc_freedecomp Enter - MemInfo: Wall-clock time since execution start:               0.545153 seconds
20220313 000617.602 INFO             PET0 PIOc_freedecomp Exit - MemInfo: [/proc/meminfo - SSI]	MemTotal:       65855856 kB
20220313 000617.602 INFO             PET0 PIOc_freedecomp Exit - MemInfo: [/proc/meminfo - SSI]	MemFree:        61196472 kB
20220313 000617.602 INFO             PET0 PIOc_freedecomp Exit - MemInfo: [/proc/meminfo - SSI]	MemAvailable:   60961824 kB
20220313 000617.602 INFO             PET0 PIOc_freedecomp Exit - MemInfo: [/proc/meminfo - SSI]	Committed_AS:    2957152 kB
20220313 000617.602 INFO             PET0 PIOc_freedecomp Exit - MemInfo: [/proc/meminfo - SSI]	CommittedPercent: 4.49034 %
20220313 000617.602 INFO             PET0 PIOc_freedecomp Exit - MemInfo: [/proc/self/status]	VmPeak:	  144008 kB
20220313 000617.602 INFO             PET0 PIOc_freedecomp Exit - MemInfo: [/proc/self/status]	VmSize:	  143984 kB
20220313 000617.602 INFO             PET0 PIOc_freedecomp Exit - MemInfo: [/proc/self/status]	VmLck:	       0 kB
20220313 000617.602 INFO             PET0 PIOc_freedecomp Exit - MemInfo: [/proc/self/status]	VmPin:	       0 kB
20220313 000617.602 INFO             PET0 PIOc_freedecomp Exit - MemInfo: [/proc/self/status]	VmHWM:	   27596 kB
20220313 000617.602 INFO             PET0 PIOc_freedecomp Exit - MemInfo: [/proc/self/status]	VmRSS:	   27584 kB
20220313 000617.602 INFO             PET0 PIOc_freedecomp Exit - MemInfo: [/proc/self/status]	VmData:	   29556 kB
20220313 000617.602 INFO             PET0 PIOc_freedecomp Exit - MemInfo: [/proc/self/status]	VmStk:	     164 kB
20220313 000617.602 INFO             PET0 PIOc_freedecomp Exit - MemInfo: [/proc/self/status]	VmExe:	   27440 kB
20220313 000617.602 INFO             PET0 PIOc_freedecomp Exit - MemInfo: [/proc/self/status]	VmLib:	    1952 kB
20220313 000617.602 INFO             PET0 PIOc_freedecomp Exit - MemInfo: [/proc/self/status]	VmPTE:	     236 kB
20220313 000617.602 INFO             PET0 PIOc_freedecomp Exit - MemInfo: [/proc/self/status]	VmPMD:	      12 kB
20220313 000617.602 INFO             PET0 PIOc_freedecomp Exit - MemInfo: [/proc/self/status]	VmSwap:	       0 kB
20220313 000617.602 INFO             PET0 PIOc_freedecomp Exit - MemInfo: [/proc/self/status]	VmRSSPercent: 0.0418854 %
20220313 000617.602 INFO             PET0 PIOc_freedecomp Exit - MemInfo: [malloc] Non-mmapped space allocated:                22427968 Byte
20220313 000617.602 INFO             PET0 PIOc_freedecomp Exit - MemInfo: [malloc] Space allocated in mmapped regions:          3497984 Byte
20220313 000617.602 INFO             PET0 PIOc_freedecomp Exit - MemInfo: [malloc] Maximum total allocated space:                     0 Byte
20220313 000617.602 INFO             PET0 PIOc_freedecomp Exit - MemInfo: [malloc] Space in freed fastbin blocks:                  1776 Byte
20220313 000617.602 INFO             PET0 PIOc_freedecomp Exit - MemInfo: [malloc] Total allocated space:                       2362432 Byte
20220313 000617.602 INFO             PET0 PIOc_freedecomp Exit - MemInfo: [malloc] Total free space:                           20065536 Byte
20220313 000617.602 INFO             PET0 PIOc_freedecomp Exit - MemInfo: [malloc] Top-most, releasable space:                 15185200 Byte
20220313 000617.602 INFO             PET0 PIOc_freedecomp Exit - MemInfo: [malloc] Total space in use, mmap + non-mmap:         5860416 Byte
20220313 000617.602 INFO             PET0 PIOc_freedecomp Exit - MemInfo: [malloc] Total space held (mmap + non-mmap):         25925952 Byte
20220313 000617.602 INFO             PET0 PIOc_freedecomp Exit - MemInfo: [malloc] Total space used (mmap + non-mmap):          5868624 Byte
20220313 000617.602 INFO             PET0 PIOc_freedecomp Exit - MemInfo: Wall-clock time since execution start:               0.545514 seconds
20220313 000617.605 INFO             PET0  PASS  Test RouteHandleDestroy(), ESMF_RouteHandleAdvancedUTest.F90, line 633
20220313 000617.605 INFO             PET0  PASS  Apply the copied Routehandle, ESMF_RouteHandleAdvancedUTest.F90, line 643
20220313 000617.605 INFO             PET0  PASS  Test RouteHandleDestroy() for the copied Routehandle, ESMF_RouteHandleAdvancedUTest.F90, line 651
20220313 000617.605 INFO             PET0  PASS  Test ESMF_DynamicMaskSetR4R4R4(), ESMF_RouteHandleAdvancedUTest.F90, line 716
20220313 000617.605 INFO             PET0  PASS  Test ESMF_DynamicMaskSetR4R4R4V(), ESMF_RouteHandleAdvancedUTest.F90, line 725
20220313 000617.605 INFO             PET0  PASS  Test ESMF_DynamicMaskSetR4R8R4V(), ESMF_RouteHandleAdvancedUTest.F90, line 734
20220313 000617.605 INFO             PET0  Ending Test, file ESMF_RouteHandleAdvancedUTest.F90, line 749
20220313 000617.605 INFO             PET0 Finalizing ESMF
20220313 000617.173 INFO             PET1 !!!!!!!!!!!!!!!!!!!!!!!!!!!!!!!!!!!!!!!!!!!!!!!!!!!!!!
20220313 000617.173 INFO             PET1 !!! THE ESMF_LOG IS SET TO OUTPUT ALL LOG MESSAGES !!!
20220313 000617.173 INFO             PET1 !!!     THIS MAY CAUSE SLOWDOWN IN PERFORMANCE     !!!
20220313 000617.173 INFO             PET1 !!! FOR PRODUCTION RUNS, USE:                      !!!
20220313 000617.173 INFO             PET1 !!!                   ESMF_LOGKIND_Multi_On_Error  !!!
20220313 000617.173 INFO             PET1 !!!!!!!!!!!!!!!!!!!!!!!!!!!!!!!!!!!!!!!!!!!!!!!!!!!!!!
20220313 000617.173 INFO             PET1 Running with ESMF Version   : v8.3.0b09-96-g559b459836
20220313 000617.173 INFO             PET1 ESMF library build date/time: "Mar 12 2022" "23:26:31"
20220313 000617.173 INFO             PET1 ESMF library build location : /lustre/f2/dev/ncep/Mark.Potts/gfortran_8.3.0_mpi_O_jedwards_pio_update2
20220313 000617.173 INFO             PET1 ESMF_COMM                   : mpi
20220313 000617.174 INFO             PET1 ESMF_MOAB                   : enabled
20220313 000617.174 INFO             PET1 ESMF_LAPACK                 : enabled
20220313 000617.174 INFO             PET1 ESMF_NETCDF                 : enabled
20220313 000617.174 INFO             PET1 ESMF_PNETCDF                : disabled
20220313 000617.174 INFO             PET1 ESMF_PIO                    : enabled
20220313 000617.174 INFO             PET1 ESMF_YAMLCPP                : enabled
20220313 000617.174 INFO             PET1  Beginning Test, file ESMF_RouteHandleAdvancedUTest.F90, line 346
20220313 000617.174 INFO             PET1  NUMBER_OF_PROCESSORS           4
20220313 000617.294 INFO             PET1 ESMF_FieldRedistStoreNF(): Just entered routine.
20220313 000617.393 INFO             PET1 ESMF_FieldRedistStoreNF(): Leaving routine.
20220313 000617.393 INFO             PET1  PASS  Create RouteHandle for the original petList, ESMF_RouteHandleAdvancedUTest.F90, line 511
20220313 000617.393 INFO             PET1  PASS  Test RouteHandleIsCreated(), ESMF_RouteHandleAdvancedUTest.F90, line 519
20220313 000617.393 INFO             PET1  PASS  Test RouteHandleIsCreated() return value, ESMF_RouteHandleAdvancedUTest.F90, line 526
20220313 000617.393 INFO             PET1  PASS  Test RouteHandleGet(), ESMF_RouteHandleAdvancedUTest.F90, line 534
20220313 000617.417 INFO             PET1  PASS  Test RouteHandleWrite(), ESMF_RouteHandleAdvancedUTest.F90, line 542
20220313 000617.417 INFO             PET1  PASS  Test RouteHandleDestroy(), ESMF_RouteHandleAdvancedUTest.F90, line 550
20220313 000617.421 INFO             PET1  PASS  Test RouteHandleCreate(from file), ESMF_RouteHandleAdvancedUTest.F90, line 558
20220313 000617.422 INFO             PET1  PASS  Apply the read in Routehandle, ESMF_RouteHandleAdvancedUTest.F90, line 567
20220313 000617.422 INFO             PET1  PASS  Test RouteHandleDestroy() for the read in Routehandle, ESMF_RouteHandleAdvancedUTest.F90, line 575
20220313 000617.422 INFO             PET1 ESMF_FieldRedistStoreNF(): Just entered routine.
20220313 000617.505 INFO             PET1 ESMF_FieldRedistStoreNF(): Leaving routine.
20220313 000617.505 INFO             PET1  PASS  Create RouteHandle for the original petList, ESMF_RouteHandleAdvancedUTest.F90, line 585
20220313 000617.506 INFO             PET1  PASS  Transfer RouteHandle to a different petList, ESMF_RouteHandleAdvancedUTest.F90, line 602
20220313 000617.582 INFO             PET1 PIOc_sync Enter - MemInfo: [/proc/meminfo - SSI]	MemTotal:       65855856 kB
20220313 000617.582 INFO             PET1 PIOc_sync Enter - MemInfo: [/proc/meminfo - SSI]	MemFree:        61196976 kB
20220313 000617.582 INFO             PET1 PIOc_sync Enter - MemInfo: [/proc/meminfo - SSI]	MemAvailable:   60962076 kB
20220313 000617.582 INFO             PET1 PIOc_sync Enter - MemInfo: [/proc/meminfo - SSI]	Committed_AS:    2957152 kB
20220313 000617.584 INFO             PET1 PIOc_sync Enter - MemInfo: [/proc/meminfo - SSI]	CommittedPercent: 4.49034 %
20220313 000617.584 INFO             PET1 PIOc_sync Enter - MemInfo: [/proc/self/status]	VmPeak:	  139552 kB
20220313 000617.585 INFO             PET1 PIOc_sync Enter - MemInfo: [/proc/self/status]	VmSize:	  139552 kB
20220313 000617.585 INFO             PET1 PIOc_sync Enter - MemInfo: [/proc/self/status]	VmLck:	       0 kB
20220313 000617.585 INFO             PET1 PIOc_sync Enter - MemInfo: [/proc/self/status]	VmPin:	       0 kB
20220313 000617.585 INFO             PET1 PIOc_sync Enter - MemInfo: [/proc/self/status]	VmHWM:	   23892 kB
20220313 000617.585 INFO             PET1 PIOc_sync Enter - MemInfo: [/proc/self/status]	VmRSS:	   23892 kB
20220313 000617.585 INFO             PET1 PIOc_sync Enter - MemInfo: [/proc/self/status]	VmData:	   31244 kB
20220313 000617.585 INFO             PET1 PIOc_sync Enter - MemInfo: [/proc/self/status]	VmStk:	     164 kB
20220313 000617.585 INFO             PET1 PIOc_sync Enter - MemInfo: [/proc/self/status]	VmExe:	   27440 kB
20220313 000617.585 INFO             PET1 PIOc_sync Enter - MemInfo: [/proc/self/status]	VmLib:	    1952 kB
20220313 000617.585 INFO             PET1 PIOc_sync Enter - MemInfo: [/proc/self/status]	VmPTE:	     216 kB
20220313 000617.585 INFO             PET1 PIOc_sync Enter - MemInfo: [/proc/self/status]	VmPMD:	      12 kB
20220313 000617.585 INFO             PET1 PIOc_sync Enter - MemInfo: [/proc/self/status]	VmSwap:	       0 kB
20220313 000617.585 INFO             PET1 PIOc_sync Enter - MemInfo: [/proc/self/status]	VmRSSPercent: 0.0362792 %
20220313 000617.585 INFO             PET1 PIOc_sync Enter - MemInfo: [malloc] Non-mmapped space allocated:                23177536 Byte
20220313 000617.585 INFO             PET1 PIOc_sync Enter - MemInfo: [malloc] Space allocated in mmapped regions:          4476928 Byte
20220313 000617.585 INFO             PET1 PIOc_sync Enter - MemInfo: [malloc] Maximum total allocated space:                     0 Byte
20220313 000617.585 INFO             PET1 PIOc_sync Enter - MemInfo: [malloc] Space in freed fastbin blocks:                    32 Byte
20220313 000617.585 INFO             PET1 PIOc_sync Enter - MemInfo: [malloc] Total allocated space:                       1763776 Byte
20220313 000617.585 INFO             PET1 PIOc_sync Enter - MemInfo: [malloc] Total free space:                           21413760 Byte
20220313 000617.585 INFO             PET1 PIOc_sync Enter - MemInfo: [malloc] Top-most, releasable space:                 15874560 Byte
20220313 000617.585 INFO             PET1 PIOc_sync Enter - MemInfo: [malloc] Total space in use, mmap + non-mmap:         6240704 Byte
20220313 000617.585 INFO             PET1 PIOc_sync Enter - MemInfo: [malloc] Total space held (mmap + non-mmap):         27654464 Byte
20220313 000617.585 INFO             PET1 PIOc_sync Enter - MemInfo: [malloc] Total space used (mmap + non-mmap):          6249760 Byte
20220313 000617.586 INFO             PET1 PIOc_sync Enter - MemInfo: Wall-clock time since execution start:               0.528456 seconds
20220313 000617.592 INFO             PET1 PIOc_sync Exit - MemInfo: [/proc/meminfo - SSI]	MemTotal:       65855856 kB
20220313 000617.592 INFO             PET1 PIOc_sync Exit - MemInfo: [/proc/meminfo - SSI]	MemFree:        61196472 kB
20220313 000617.592 INFO             PET1 PIOc_sync Exit - MemInfo: [/proc/meminfo - SSI]	MemAvailable:   60961824 kB
20220313 000617.592 INFO             PET1 PIOc_sync Exit - MemInfo: [/proc/meminfo - SSI]	Committed_AS:    2957152 kB
20220313 000617.592 INFO             PET1 PIOc_sync Exit - MemInfo: [/proc/meminfo - SSI]	CommittedPercent: 4.49034 %
20220313 000617.592 INFO             PET1 PIOc_sync Exit - MemInfo: [/proc/self/status]	VmPeak:	  139552 kB
20220313 000617.592 INFO             PET1 PIOc_sync Exit - MemInfo: [/proc/self/status]	VmSize:	  139552 kB
20220313 000617.592 INFO             PET1 PIOc_sync Exit - MemInfo: [/proc/self/status]	VmLck:	       0 kB
20220313 000617.592 INFO             PET1 PIOc_sync Exit - MemInfo: [/proc/self/status]	VmPin:	       0 kB
20220313 000617.592 INFO             PET1 PIOc_sync Exit - MemInfo: [/proc/self/status]	VmHWM:	   23892 kB
20220313 000617.592 INFO             PET1 PIOc_sync Exit - MemInfo: [/proc/self/status]	VmRSS:	   23892 kB
20220313 000617.592 INFO             PET1 PIOc_sync Exit - MemInfo: [/proc/self/status]	VmData:	   31244 kB
20220313 000617.592 INFO             PET1 PIOc_sync Exit - MemInfo: [/proc/self/status]	VmStk:	     164 kB
20220313 000617.592 INFO             PET1 PIOc_sync Exit - MemInfo: [/proc/self/status]	VmExe:	   27440 kB
20220313 000617.592 INFO             PET1 PIOc_sync Exit - MemInfo: [/proc/self/status]	VmLib:	    1952 kB
20220313 000617.592 INFO             PET1 PIOc_sync Exit - MemInfo: [/proc/self/status]	VmPTE:	     216 kB
20220313 000617.592 INFO             PET1 PIOc_sync Exit - MemInfo: [/proc/self/status]	VmPMD:	      12 kB
20220313 000617.592 INFO             PET1 PIOc_sync Exit - MemInfo: [/proc/self/status]	VmSwap:	       0 kB
20220313 000617.592 INFO             PET1 PIOc_sync Exit - MemInfo: [/proc/self/status]	VmRSSPercent: 0.0362792 %
20220313 000617.592 INFO             PET1 PIOc_sync Exit - MemInfo: [malloc] Non-mmapped space allocated:                23177536 Byte
20220313 000617.592 INFO             PET1 PIOc_sync Exit - MemInfo: [malloc] Space allocated in mmapped regions:          4476928 Byte
20220313 000617.592 INFO             PET1 PIOc_sync Exit - MemInfo: [malloc] Maximum total allocated space:                     0 Byte
20220313 000617.592 INFO             PET1 PIOc_sync Exit - MemInfo: [malloc] Space in freed fastbin blocks:                     0 Byte
20220313 000617.592 INFO             PET1 PIOc_sync Exit - MemInfo: [malloc] Total allocated space:                       1765280 Byte
20220313 000617.592 INFO             PET1 PIOc_sync Exit - MemInfo: [malloc] Total free space:                           21412256 Byte
20220313 000617.592 INFO             PET1 PIOc_sync Exit - MemInfo: [malloc] Top-most, releasable space:                 15874560 Byte
20220313 000617.592 INFO             PET1 PIOc_sync Exit - MemInfo: [malloc] Total space in use, mmap + non-mmap:         6242208 Byte
20220313 000617.592 INFO             PET1 PIOc_sync Exit - MemInfo: [malloc] Total space held (mmap + non-mmap):         27654464 Byte
20220313 000617.592 INFO             PET1 PIOc_sync Exit - MemInfo: [malloc] Total space used (mmap + non-mmap):          6250752 Byte
20220313 000617.592 INFO             PET1 PIOc_sync Exit - MemInfo: Wall-clock time since execution start:               0.535101 seconds
20220313 000617.592 INFO             PET1 PIOc_freedecomp Enter - MemInfo: [/proc/meminfo - SSI]	MemTotal:       65855856 kB
20220313 000617.592 INFO             PET1 PIOc_freedecomp Enter - MemInfo: [/proc/meminfo - SSI]	MemFree:        61196472 kB
20220313 000617.592 INFO             PET1 PIOc_freedecomp Enter - MemInfo: [/proc/meminfo - SSI]	MemAvailable:   60961824 kB
20220313 000617.592 INFO             PET1 PIOc_freedecomp Enter - MemInfo: [/proc/meminfo - SSI]	Committed_AS:    2957152 kB
20220313 000617.592 INFO             PET1 PIOc_freedecomp Enter - MemInfo: [/proc/meminfo - SSI]	CommittedPercent: 4.49034 %
20220313 000617.592 INFO             PET1 PIOc_freedecomp Enter - MemInfo: [/proc/self/status]	VmPeak:	  139552 kB
20220313 000617.592 INFO             PET1 PIOc_freedecomp Enter - MemInfo: [/proc/self/status]	VmSize:	  139552 kB
20220313 000617.592 INFO             PET1 PIOc_freedecomp Enter - MemInfo: [/proc/self/status]	VmLck:	       0 kB
20220313 000617.592 INFO             PET1 PIOc_freedecomp Enter - MemInfo: [/proc/self/status]	VmPin:	       0 kB
20220313 000617.592 INFO             PET1 PIOc_freedecomp Enter - MemInfo: [/proc/self/status]	VmHWM:	   23892 kB
20220313 000617.592 INFO             PET1 PIOc_freedecomp Enter - MemInfo: [/proc/self/status]	VmRSS:	   23892 kB
20220313 000617.592 INFO             PET1 PIOc_freedecomp Enter - MemInfo: [/proc/self/status]	VmData:	   31244 kB
20220313 000617.592 INFO             PET1 PIOc_freedecomp Enter - MemInfo: [/proc/self/status]	VmStk:	     164 kB
20220313 000617.592 INFO             PET1 PIOc_freedecomp Enter - MemInfo: [/proc/self/status]	VmExe:	   27440 kB
20220313 000617.592 INFO             PET1 PIOc_freedecomp Enter - MemInfo: [/proc/self/status]	VmLib:	    1952 kB
20220313 000617.592 INFO             PET1 PIOc_freedecomp Enter - MemInfo: [/proc/self/status]	VmPTE:	     216 kB
20220313 000617.592 INFO             PET1 PIOc_freedecomp Enter - MemInfo: [/proc/self/status]	VmPMD:	      12 kB
20220313 000617.592 INFO             PET1 PIOc_freedecomp Enter - MemInfo: [/proc/self/status]	VmSwap:	       0 kB
20220313 000617.593 INFO             PET1 PIOc_freedecomp Enter - MemInfo: [/proc/self/status]	VmRSSPercent: 0.0362792 %
20220313 000617.593 INFO             PET1 PIOc_freedecomp Enter - MemInfo: [malloc] Non-mmapped space allocated:                23177536 Byte
20220313 000617.593 INFO             PET1 PIOc_freedecomp Enter - MemInfo: [malloc] Space allocated in mmapped regions:          4476928 Byte
20220313 000617.593 INFO             PET1 PIOc_freedecomp Enter - MemInfo: [malloc] Maximum total allocated space:                     0 Byte
20220313 000617.593 INFO             PET1 PIOc_freedecomp Enter - MemInfo: [malloc] Space in freed fastbin blocks:                     0 Byte
20220313 000617.593 INFO             PET1 PIOc_freedecomp Enter - MemInfo: [malloc] Total allocated space:                       1765840 Byte
20220313 000617.593 INFO             PET1 PIOc_freedecomp Enter - MemInfo: [malloc] Total free space:                           21411696 Byte
20220313 000617.593 INFO             PET1 PIOc_freedecomp Enter - MemInfo: [malloc] Top-most, releasable space:                 15874560 Byte
20220313 000617.593 INFO             PET1 PIOc_freedecomp Enter - MemInfo: [malloc] Total space in use, mmap + non-mmap:         6242768 Byte
20220313 000617.593 INFO             PET1 PIOc_freedecomp Enter - MemInfo: [malloc] Total space held (mmap + non-mmap):         27654464 Byte
20220313 000617.593 INFO             PET1 PIOc_freedecomp Enter - MemInfo: [malloc] Total space used (mmap + non-mmap):          6251344 Byte
20220313 000617.593 INFO             PET1 PIOc_freedecomp Enter - MemInfo: Wall-clock time since execution start:               0.535717 seconds
20220313 000617.593 INFO             PET1 PIOc_freedecomp Exit - MemInfo: [/proc/meminfo - SSI]	MemTotal:       65855856 kB
20220313 000617.593 INFO             PET1 PIOc_freedecomp Exit - MemInfo: [/proc/meminfo - SSI]	MemFree:        61196472 kB
20220313 000617.593 INFO             PET1 PIOc_freedecomp Exit - MemInfo: [/proc/meminfo - SSI]	MemAvailable:   60961824 kB
20220313 000617.593 INFO             PET1 PIOc_freedecomp Exit - MemInfo: [/proc/meminfo - SSI]	Committed_AS:    2957152 kB
20220313 000617.593 INFO             PET1 PIOc_freedecomp Exit - MemInfo: [/proc/meminfo - SSI]	CommittedPercent: 4.49034 %
20220313 000617.593 INFO             PET1 PIOc_freedecomp Exit - MemInfo: [/proc/self/status]	VmPeak:	  139552 kB
20220313 000617.593 INFO             PET1 PIOc_freedecomp Exit - MemInfo: [/proc/self/status]	VmSize:	  139552 kB
20220313 000617.593 INFO             PET1 PIOc_freedecomp Exit - MemInfo: [/proc/self/status]	VmLck:	       0 kB
20220313 000617.593 INFO             PET1 PIOc_freedecomp Exit - MemInfo: [/proc/self/status]	VmPin:	       0 kB
20220313 000617.593 INFO             PET1 PIOc_freedecomp Exit - MemInfo: [/proc/self/status]	VmHWM:	   23892 kB
20220313 000617.593 INFO             PET1 PIOc_freedecomp Exit - MemInfo: [/proc/self/status]	VmRSS:	   23892 kB
20220313 000617.593 INFO             PET1 PIOc_freedecomp Exit - MemInfo: [/proc/self/status]	VmData:	   31244 kB
20220313 000617.593 INFO             PET1 PIOc_freedecomp Exit - MemInfo: [/proc/self/status]	VmStk:	     164 kB
20220313 000617.593 INFO             PET1 PIOc_freedecomp Exit - MemInfo: [/proc/self/status]	VmExe:	   27440 kB
20220313 000617.593 INFO             PET1 PIOc_freedecomp Exit - MemInfo: [/proc/self/status]	VmLib:	    1952 kB
20220313 000617.593 INFO             PET1 PIOc_freedecomp Exit - MemInfo: [/proc/self/status]	VmPTE:	     216 kB
20220313 000617.593 INFO             PET1 PIOc_freedecomp Exit - MemInfo: [/proc/self/status]	VmPMD:	      12 kB
20220313 000617.593 INFO             PET1 PIOc_freedecomp Exit - MemInfo: [/proc/self/status]	VmSwap:	       0 kB
20220313 000617.593 INFO             PET1 PIOc_freedecomp Exit - MemInfo: [/proc/self/status]	VmRSSPercent: 0.0362792 %
20220313 000617.593 INFO             PET1 PIOc_freedecomp Exit - MemInfo: [malloc] Non-mmapped space allocated:                23177536 Byte
20220313 000617.593 INFO             PET1 PIOc_freedecomp Exit - MemInfo: [malloc] Space allocated in mmapped regions:          4476928 Byte
20220313 000617.593 INFO             PET1 PIOc_freedecomp Exit - MemInfo: [malloc] Maximum total allocated space:                     0 Byte
20220313 000617.593 INFO             PET1 PIOc_freedecomp Exit - MemInfo: [malloc] Space in freed fastbin blocks:                   192 Byte
20220313 000617.593 INFO             PET1 PIOc_freedecomp Exit - MemInfo: [malloc] Total allocated space:                       1765760 Byte
20220313 000617.593 INFO             PET1 PIOc_freedecomp Exit - MemInfo: [malloc] Total free space:                           21411776 Byte
20220313 000617.593 INFO             PET1 PIOc_freedecomp Exit - MemInfo: [malloc] Top-most, releasable space:                 15874560 Byte
20220313 000617.593 INFO             PET1 PIOc_freedecomp Exit - MemInfo: [malloc] Total space in use, mmap + non-mmap:         6242688 Byte
20220313 000617.593 INFO             PET1 PIOc_freedecomp Exit - MemInfo: [malloc] Total space held (mmap + non-mmap):         27654464 Byte
20220313 000617.593 INFO             PET1 PIOc_freedecomp Exit - MemInfo: [malloc] Total space used (mmap + non-mmap):          6251232 Byte
20220313 000617.593 INFO             PET1 PIOc_freedecomp Exit - MemInfo: Wall-clock time since execution start:               0.536172 seconds
20220313 000617.595 INFO             PET1 PIOc_sync Enter - MemInfo: [/proc/meminfo - SSI]	MemTotal:       65855856 kB
20220313 000617.595 INFO             PET1 PIOc_sync Enter - MemInfo: [/proc/meminfo - SSI]	MemFree:        61196472 kB
20220313 000617.595 INFO             PET1 PIOc_sync Enter - MemInfo: [/proc/meminfo - SSI]	MemAvailable:   60961824 kB
20220313 000617.595 INFO             PET1 PIOc_sync Enter - MemInfo: [/proc/meminfo - SSI]	Committed_AS:    2957152 kB
20220313 000617.595 INFO             PET1 PIOc_sync Enter - MemInfo: [/proc/meminfo - SSI]	CommittedPercent: 4.49034 %
20220313 000617.595 INFO             PET1 PIOc_sync Enter - MemInfo: [/proc/self/status]	VmPeak:	  139552 kB
20220313 000617.595 INFO             PET1 PIOc_sync Enter - MemInfo: [/proc/self/status]	VmSize:	  139528 kB
20220313 000617.595 INFO             PET1 PIOc_sync Enter - MemInfo: [/proc/self/status]	VmLck:	       0 kB
20220313 000617.595 INFO             PET1 PIOc_sync Enter - MemInfo: [/proc/self/status]	VmPin:	       0 kB
20220313 000617.595 INFO             PET1 PIOc_sync Enter - MemInfo: [/proc/self/status]	VmHWM:	   24008 kB
20220313 000617.595 INFO             PET1 PIOc_sync Enter - MemInfo: [/proc/self/status]	VmRSS:	   24000 kB
20220313 000617.595 INFO             PET1 PIOc_sync Enter - MemInfo: [/proc/self/status]	VmData:	   31244 kB
20220313 000617.595 INFO             PET1 PIOc_sync Enter - MemInfo: [/proc/self/status]	VmStk:	     164 kB
20220313 000617.595 INFO             PET1 PIOc_sync Enter - MemInfo: [/proc/self/status]	VmExe:	   27440 kB
20220313 000617.595 INFO             PET1 PIOc_sync Enter - MemInfo: [/proc/self/status]	VmLib:	    1952 kB
20220313 000617.595 INFO             PET1 PIOc_sync Enter - MemInfo: [/proc/self/status]	VmPTE:	     216 kB
20220313 000617.595 INFO             PET1 PIOc_sync Enter - MemInfo: [/proc/self/status]	VmPMD:	      12 kB
20220313 000617.595 INFO             PET1 PIOc_sync Enter - MemInfo: [/proc/self/status]	VmSwap:	       0 kB
20220313 000617.595 INFO             PET1 PIOc_sync Enter - MemInfo: [/proc/self/status]	VmRSSPercent: 0.0364432 %
20220313 000617.595 INFO             PET1 PIOc_sync Enter - MemInfo: [malloc] Non-mmapped space allocated:                23177536 Byte
20220313 000617.595 INFO             PET1 PIOc_sync Enter - MemInfo: [malloc] Space allocated in mmapped regions:          4476928 Byte
20220313 000617.595 INFO             PET1 PIOc_sync Enter - MemInfo: [malloc] Maximum total allocated space:                     0 Byte
20220313 000617.595 INFO             PET1 PIOc_sync Enter - MemInfo: [malloc] Space in freed fastbin blocks:                    32 Byte
20220313 000617.595 INFO             PET1 PIOc_sync Enter - MemInfo: [malloc] Total allocated space:                       1769328 Byte
20220313 000617.595 INFO             PET1 PIOc_sync Enter - MemInfo: [malloc] Total free space:                           21408208 Byte
20220313 000617.595 INFO             PET1 PIOc_sync Enter - MemInfo: [malloc] Top-most, releasable space:                 15874560 Byte
20220313 000617.595 INFO             PET1 PIOc_sync Enter - MemInfo: [malloc] Total space in use, mmap + non-mmap:         6246256 Byte
20220313 000617.595 INFO             PET1 PIOc_sync Enter - MemInfo: [malloc] Total space held (mmap + non-mmap):         27654464 Byte
20220313 000617.595 INFO             PET1 PIOc_sync Enter - MemInfo: [malloc] Total space used (mmap + non-mmap):          6254576 Byte
20220313 000617.595 INFO             PET1 PIOc_sync Enter - MemInfo: Wall-clock time since execution start:               0.538043 seconds
20220313 000617.595 INFO             PET1 PIOc_sync Exit - MemInfo: [/proc/meminfo - SSI]	MemTotal:       65855856 kB
20220313 000617.595 INFO             PET1 PIOc_sync Exit - MemInfo: [/proc/meminfo - SSI]	MemFree:        61196472 kB
20220313 000617.595 INFO             PET1 PIOc_sync Exit - MemInfo: [/proc/meminfo - SSI]	MemAvailable:   60961824 kB
20220313 000617.595 INFO             PET1 PIOc_sync Exit - MemInfo: [/proc/meminfo - SSI]	Committed_AS:    2957152 kB
20220313 000617.595 INFO             PET1 PIOc_sync Exit - MemInfo: [/proc/meminfo - SSI]	CommittedPercent: 4.49034 %
20220313 000617.595 INFO             PET1 PIOc_sync Exit - MemInfo: [/proc/self/status]	VmPeak:	  139552 kB
20220313 000617.595 INFO             PET1 PIOc_sync Exit - MemInfo: [/proc/self/status]	VmSize:	  139528 kB
20220313 000617.595 INFO             PET1 PIOc_sync Exit - MemInfo: [/proc/self/status]	VmLck:	       0 kB
20220313 000617.595 INFO             PET1 PIOc_sync Exit - MemInfo: [/proc/self/status]	VmPin:	       0 kB
20220313 000617.595 INFO             PET1 PIOc_sync Exit - MemInfo: [/proc/self/status]	VmHWM:	   24008 kB
20220313 000617.595 INFO             PET1 PIOc_sync Exit - MemInfo: [/proc/self/status]	VmRSS:	   24000 kB
20220313 000617.595 INFO             PET1 PIOc_sync Exit - MemInfo: [/proc/self/status]	VmData:	   31244 kB
20220313 000617.595 INFO             PET1 PIOc_sync Exit - MemInfo: [/proc/self/status]	VmStk:	     164 kB
20220313 000617.595 INFO             PET1 PIOc_sync Exit - MemInfo: [/proc/self/status]	VmExe:	   27440 kB
20220313 000617.595 INFO             PET1 PIOc_sync Exit - MemInfo: [/proc/self/status]	VmLib:	    1952 kB
20220313 000617.595 INFO             PET1 PIOc_sync Exit - MemInfo: [/proc/self/status]	VmPTE:	     216 kB
20220313 000617.595 INFO             PET1 PIOc_sync Exit - MemInfo: [/proc/self/status]	VmPMD:	      12 kB
20220313 000617.595 INFO             PET1 PIOc_sync Exit - MemInfo: [/proc/self/status]	VmSwap:	       0 kB
20220313 000617.595 INFO             PET1 PIOc_sync Exit - MemInfo: [/proc/self/status]	VmRSSPercent: 0.0364432 %
20220313 000617.595 INFO             PET1 PIOc_sync Exit - MemInfo: [malloc] Non-mmapped space allocated:                23177536 Byte
20220313 000617.595 INFO             PET1 PIOc_sync Exit - MemInfo: [malloc] Space allocated in mmapped regions:          4476928 Byte
20220313 000617.595 INFO             PET1 PIOc_sync Exit - MemInfo: [malloc] Maximum total allocated space:                     0 Byte
20220313 000617.595 INFO             PET1 PIOc_sync Exit - MemInfo: [malloc] Space in freed fastbin blocks:                     0 Byte
20220313 000617.595 INFO             PET1 PIOc_sync Exit - MemInfo: [malloc] Total allocated space:                       1769136 Byte
20220313 000617.595 INFO             PET1 PIOc_sync Exit - MemInfo: [malloc] Total free space:                           21408400 Byte
20220313 000617.595 INFO             PET1 PIOc_sync Exit - MemInfo: [malloc] Top-most, releasable space:                 15874560 Byte
20220313 000617.595 INFO             PET1 PIOc_sync Exit - MemInfo: [malloc] Total space in use, mmap + non-mmap:         6246064 Byte
20220313 000617.595 INFO             PET1 PIOc_sync Exit - MemInfo: [malloc] Total space held (mmap + non-mmap):         27654464 Byte
20220313 000617.595 INFO             PET1 PIOc_sync Exit - MemInfo: [malloc] Total space used (mmap + non-mmap):          6254272 Byte
20220313 000617.595 INFO             PET1 PIOc_sync Exit - MemInfo: Wall-clock time since execution start:                0.53848 seconds
20220313 000617.596 INFO             PET1 PIOc_freedecomp Enter - MemInfo: [/proc/meminfo - SSI]	MemTotal:       65855856 kB
20220313 000617.596 INFO             PET1 PIOc_freedecomp Enter - MemInfo: [/proc/meminfo - SSI]	MemFree:        61196472 kB
20220313 000617.596 INFO             PET1 PIOc_freedecomp Enter - MemInfo: [/proc/meminfo - SSI]	MemAvailable:   60961824 kB
20220313 000617.596 INFO             PET1 PIOc_freedecomp Enter - MemInfo: [/proc/meminfo - SSI]	Committed_AS:    2957152 kB
20220313 000617.596 INFO             PET1 PIOc_freedecomp Enter - MemInfo: [/proc/meminfo - SSI]	CommittedPercent: 4.49034 %
20220313 000617.596 INFO             PET1 PIOc_freedecomp Enter - MemInfo: [/proc/self/status]	VmPeak:	  139552 kB
20220313 000617.596 INFO             PET1 PIOc_freedecomp Enter - MemInfo: [/proc/self/status]	VmSize:	  139528 kB
20220313 000617.596 INFO             PET1 PIOc_freedecomp Enter - MemInfo: [/proc/self/status]	VmLck:	       0 kB
20220313 000617.596 INFO             PET1 PIOc_freedecomp Enter - MemInfo: [/proc/self/status]	VmPin:	       0 kB
20220313 000617.596 INFO             PET1 PIOc_freedecomp Enter - MemInfo: [/proc/self/status]	VmHWM:	   24008 kB
20220313 000617.596 INFO             PET1 PIOc_freedecomp Enter - MemInfo: [/proc/self/status]	VmRSS:	   24000 kB
20220313 000617.596 INFO             PET1 PIOc_freedecomp Enter - MemInfo: [/proc/self/status]	VmData:	   31244 kB
20220313 000617.596 INFO             PET1 PIOc_freedecomp Enter - MemInfo: [/proc/self/status]	VmStk:	     164 kB
20220313 000617.596 INFO             PET1 PIOc_freedecomp Enter - MemInfo: [/proc/self/status]	VmExe:	   27440 kB
20220313 000617.596 INFO             PET1 PIOc_freedecomp Enter - MemInfo: [/proc/self/status]	VmLib:	    1952 kB
20220313 000617.596 INFO             PET1 PIOc_freedecomp Enter - MemInfo: [/proc/self/status]	VmPTE:	     216 kB
20220313 000617.596 INFO             PET1 PIOc_freedecomp Enter - MemInfo: [/proc/self/status]	VmPMD:	      12 kB
20220313 000617.596 INFO             PET1 PIOc_freedecomp Enter - MemInfo: [/proc/self/status]	VmSwap:	       0 kB
20220313 000617.596 INFO             PET1 PIOc_freedecomp Enter - MemInfo: [/proc/self/status]	VmRSSPercent: 0.0364432 %
20220313 000617.596 INFO             PET1 PIOc_freedecomp Enter - MemInfo: [malloc] Non-mmapped space allocated:                23177536 Byte
20220313 000617.596 INFO             PET1 PIOc_freedecomp Enter - MemInfo: [malloc] Space allocated in mmapped regions:          4476928 Byte
20220313 000617.596 INFO             PET1 PIOc_freedecomp Enter - MemInfo: [malloc] Maximum total allocated space:                     0 Byte
20220313 000617.596 INFO             PET1 PIOc_freedecomp Enter - MemInfo: [malloc] Space in freed fastbin blocks:                     0 Byte
20220313 000617.596 INFO             PET1 PIOc_freedecomp Enter - MemInfo: [malloc] Total allocated space:                       1768160 Byte
20220313 000617.596 INFO             PET1 PIOc_freedecomp Enter - MemInfo: [malloc] Total free space:                           21409376 Byte
20220313 000617.596 INFO             PET1 PIOc_freedecomp Enter - MemInfo: [malloc] Top-most, releasable space:                 15874560 Byte
20220313 000617.596 INFO             PET1 PIOc_freedecomp Enter - MemInfo: [malloc] Total space in use, mmap + non-mmap:         6245088 Byte
20220313 000617.596 INFO             PET1 PIOc_freedecomp Enter - MemInfo: [malloc] Total space held (mmap + non-mmap):         27654464 Byte
20220313 000617.596 INFO             PET1 PIOc_freedecomp Enter - MemInfo: [malloc] Total space used (mmap + non-mmap):          6253296 Byte
20220313 000617.596 INFO             PET1 PIOc_freedecomp Enter - MemInfo: Wall-clock time since execution start:               0.538987 seconds
20220313 000617.596 INFO             PET1 PIOc_freedecomp Exit - MemInfo: [/proc/meminfo - SSI]	MemTotal:       65855856 kB
20220313 000617.596 INFO             PET1 PIOc_freedecomp Exit - MemInfo: [/proc/meminfo - SSI]	MemFree:        61196472 kB
20220313 000617.596 INFO             PET1 PIOc_freedecomp Exit - MemInfo: [/proc/meminfo - SSI]	MemAvailable:   60961824 kB
20220313 000617.596 INFO             PET1 PIOc_freedecomp Exit - MemInfo: [/proc/meminfo - SSI]	Committed_AS:    2957152 kB
20220313 000617.596 INFO             PET1 PIOc_freedecomp Exit - MemInfo: [/proc/meminfo - SSI]	CommittedPercent: 4.49034 %
20220313 000617.596 INFO             PET1 PIOc_freedecomp Exit - MemInfo: [/proc/self/status]	VmPeak:	  139552 kB
20220313 000617.596 INFO             PET1 PIOc_freedecomp Exit - MemInfo: [/proc/self/status]	VmSize:	  139528 kB
20220313 000617.596 INFO             PET1 PIOc_freedecomp Exit - MemInfo: [/proc/self/status]	VmLck:	       0 kB
20220313 000617.596 INFO             PET1 PIOc_freedecomp Exit - MemInfo: [/proc/self/status]	VmPin:	       0 kB
20220313 000617.596 INFO             PET1 PIOc_freedecomp Exit - MemInfo: [/proc/self/status]	VmHWM:	   24008 kB
20220313 000617.596 INFO             PET1 PIOc_freedecomp Exit - MemInfo: [/proc/self/status]	VmRSS:	   24000 kB
20220313 000617.596 INFO             PET1 PIOc_freedecomp Exit - MemInfo: [/proc/self/status]	VmData:	   31244 kB
20220313 000617.596 INFO             PET1 PIOc_freedecomp Exit - MemInfo: [/proc/self/status]	VmStk:	     164 kB
20220313 000617.596 INFO             PET1 PIOc_freedecomp Exit - MemInfo: [/proc/self/status]	VmExe:	   27440 kB
20220313 000617.596 INFO             PET1 PIOc_freedecomp Exit - MemInfo: [/proc/self/status]	VmLib:	    1952 kB
20220313 000617.596 INFO             PET1 PIOc_freedecomp Exit - MemInfo: [/proc/self/status]	VmPTE:	     216 kB
20220313 000617.596 INFO             PET1 PIOc_freedecomp Exit - MemInfo: [/proc/self/status]	VmPMD:	      12 kB
20220313 000617.596 INFO             PET1 PIOc_freedecomp Exit - MemInfo: [/proc/self/status]	VmSwap:	       0 kB
20220313 000617.596 INFO             PET1 PIOc_freedecomp Exit - MemInfo: [/proc/self/status]	VmRSSPercent: 0.0364432 %
20220313 000617.596 INFO             PET1 PIOc_freedecomp Exit - MemInfo: [malloc] Non-mmapped space allocated:                23177536 Byte
20220313 000617.596 INFO             PET1 PIOc_freedecomp Exit - MemInfo: [malloc] Space allocated in mmapped regions:          4476928 Byte
20220313 000617.596 INFO             PET1 PIOc_freedecomp Exit - MemInfo: [malloc] Maximum total allocated space:                     0 Byte
20220313 000617.596 INFO             PET1 PIOc_freedecomp Exit - MemInfo: [malloc] Space in freed fastbin blocks:                   608 Byte
20220313 000617.596 INFO             PET1 PIOc_freedecomp Exit - MemInfo: [malloc] Total allocated space:                       1767024 Byte
20220313 000617.596 INFO             PET1 PIOc_freedecomp Exit - MemInfo: [malloc] Total free space:                           21410512 Byte
20220313 000617.596 INFO             PET1 PIOc_freedecomp Exit - MemInfo: [malloc] Top-most, releasable space:                 15874560 Byte
20220313 000617.596 INFO             PET1 PIOc_freedecomp Exit - MemInfo: [malloc] Total space in use, mmap + non-mmap:         6243952 Byte
20220313 000617.596 INFO             PET1 PIOc_freedecomp Exit - MemInfo: [malloc] Total space held (mmap + non-mmap):         27654464 Byte
20220313 000617.596 INFO             PET1 PIOc_freedecomp Exit - MemInfo: [malloc] Total space used (mmap + non-mmap):          6252160 Byte
20220313 000617.596 INFO             PET1 PIOc_freedecomp Exit - MemInfo: Wall-clock time since execution start:               0.539382 seconds
20220313 000617.598 INFO             PET1 PIOc_sync Enter - MemInfo: [/proc/meminfo - SSI]	MemTotal:       65855856 kB
20220313 000617.598 INFO             PET1 PIOc_sync Enter - MemInfo: [/proc/meminfo - SSI]	MemFree:        61196472 kB
20220313 000617.598 INFO             PET1 PIOc_sync Enter - MemInfo: [/proc/meminfo - SSI]	MemAvailable:   60961824 kB
20220313 000617.598 INFO             PET1 PIOc_sync Enter - MemInfo: [/proc/meminfo - SSI]	Committed_AS:    2957152 kB
20220313 000617.598 INFO             PET1 PIOc_sync Enter - MemInfo: [/proc/meminfo - SSI]	CommittedPercent: 4.49034 %
20220313 000617.598 INFO             PET1 PIOc_sync Enter - MemInfo: [/proc/self/status]	VmPeak:	  139552 kB
20220313 000617.598 INFO             PET1 PIOc_sync Enter - MemInfo: [/proc/self/status]	VmSize:	  139528 kB
20220313 000617.598 INFO             PET1 PIOc_sync Enter - MemInfo: [/proc/self/status]	VmLck:	       0 kB
20220313 000617.598 INFO             PET1 PIOc_sync Enter - MemInfo: [/proc/self/status]	VmPin:	       0 kB
20220313 000617.598 INFO             PET1 PIOc_sync Enter - MemInfo: [/proc/self/status]	VmHWM:	   24008 kB
20220313 000617.598 INFO             PET1 PIOc_sync Enter - MemInfo: [/proc/self/status]	VmRSS:	   24000 kB
20220313 000617.598 INFO             PET1 PIOc_sync Enter - MemInfo: [/proc/self/status]	VmData:	   31244 kB
20220313 000617.598 INFO             PET1 PIOc_sync Enter - MemInfo: [/proc/self/status]	VmStk:	     164 kB
20220313 000617.598 INFO             PET1 PIOc_sync Enter - MemInfo: [/proc/self/status]	VmExe:	   27440 kB
20220313 000617.598 INFO             PET1 PIOc_sync Enter - MemInfo: [/proc/self/status]	VmLib:	    1952 kB
20220313 000617.598 INFO             PET1 PIOc_sync Enter - MemInfo: [/proc/self/status]	VmPTE:	     216 kB
20220313 000617.598 INFO             PET1 PIOc_sync Enter - MemInfo: [/proc/self/status]	VmPMD:	      12 kB
20220313 000617.598 INFO             PET1 PIOc_sync Enter - MemInfo: [/proc/self/status]	VmSwap:	       0 kB
20220313 000617.598 INFO             PET1 PIOc_sync Enter - MemInfo: [/proc/self/status]	VmRSSPercent: 0.0364432 %
20220313 000617.598 INFO             PET1 PIOc_sync Enter - MemInfo: [malloc] Non-mmapped space allocated:                23177536 Byte
20220313 000617.598 INFO             PET1 PIOc_sync Enter - MemInfo: [malloc] Space allocated in mmapped regions:          4476928 Byte
20220313 000617.598 INFO             PET1 PIOc_sync Enter - MemInfo: [malloc] Maximum total allocated space:                     0 Byte
20220313 000617.598 INFO             PET1 PIOc_sync Enter - MemInfo: [malloc] Space in freed fastbin blocks:                    32 Byte
20220313 000617.598 INFO             PET1 PIOc_sync Enter - MemInfo: [malloc] Total allocated space:                       1770624 Byte
20220313 000617.598 INFO             PET1 PIOc_sync Enter - MemInfo: [malloc] Total free space:                           21406912 Byte
20220313 000617.598 INFO             PET1 PIOc_sync Enter - MemInfo: [malloc] Top-most, releasable space:                 15874560 Byte
20220313 000617.598 INFO             PET1 PIOc_sync Enter - MemInfo: [malloc] Total space in use, mmap + non-mmap:         6247552 Byte
20220313 000617.598 INFO             PET1 PIOc_sync Enter - MemInfo: [malloc] Total space held (mmap + non-mmap):         27654464 Byte
20220313 000617.598 INFO             PET1 PIOc_sync Enter - MemInfo: [malloc] Total space used (mmap + non-mmap):          6255760 Byte
