build time -- 2022-03-14 01:38:45
20220314 015324.130 INFO             PET0 !!!!!!!!!!!!!!!!!!!!!!!!!!!!!!!!!!!!!!!!!!!!!!!!!!!!!!
20220314 015324.130 INFO             PET0 !!! THE ESMF_LOG IS SET TO OUTPUT ALL LOG MESSAGES !!!
20220314 015324.130 INFO             PET0 !!!     THIS MAY CAUSE SLOWDOWN IN PERFORMANCE     !!!
20220314 015324.130 INFO             PET0 !!! FOR PRODUCTION RUNS, USE:                      !!!
20220314 015324.130 INFO             PET0 !!!                   ESMF_LOGKIND_Multi_On_Error  !!!
20220314 015324.130 INFO             PET0 !!!!!!!!!!!!!!!!!!!!!!!!!!!!!!!!!!!!!!!!!!!!!!!!!!!!!!
20220314 015324.130 INFO             PET0 Running with ESMF Version   : v8.3.0b09-96-g559b459836
20220314 015324.130 INFO             PET0 ESMF library build date/time: "Mar 14 2022" "01:37:45"
20220314 015324.130 INFO             PET0 ESMF library build location : /lfs/h1/emc/ptmp/Mark.Potts/gfortran_10.3.0_mpich3_O_jedwards_pio_update2
20220314 015324.130 INFO             PET0 ESMF_COMM                   : mpich3
20220314 015324.130 INFO             PET0 ESMF_MOAB                   : enabled
20220314 015324.130 INFO             PET0 ESMF_LAPACK                 : enabled
20220314 015324.130 INFO             PET0 ESMF_NETCDF                 : enabled
20220314 015324.130 INFO             PET0 ESMF_PNETCDF                : disabled
20220314 015324.130 INFO             PET0 ESMF_PIO                    : enabled
20220314 015324.130 INFO             PET0 ESMF_YAMLCPP                : enabled
20220314 015324.136 INFO             PET0 PIOc_sync Enter - MemInfo: [/proc/meminfo - SSI]	MemTotal:       527077124 kB
20220314 015324.136 INFO             PET0 PIOc_sync Enter - MemInfo: [/proc/meminfo - SSI]	MemFree:        517939484 kB
20220314 015324.136 INFO             PET0 PIOc_sync Enter - MemInfo: [/proc/meminfo - SSI]	MemAvailable:   517754520 kB
20220314 015324.136 INFO             PET0 PIOc_sync Enter - MemInfo: [/proc/meminfo - SSI]	Committed_AS:    1699948 kB
20220314 015324.136 INFO             PET0 PIOc_sync Enter - MemInfo: [/proc/meminfo - SSI]	CommittedPercent: 0.322524 %
20220314 015324.136 INFO             PET0 PIOc_sync Enter - MemInfo: [/proc/self/status]	VmPeak:	  168060 kB
20220314 015324.136 INFO             PET0 PIOc_sync Enter - MemInfo: [/proc/self/status]	VmSize:	  168060 kB
20220314 015324.136 INFO             PET0 PIOc_sync Enter - MemInfo: [/proc/self/status]	VmLck:	       0 kB
20220314 015324.136 INFO             PET0 PIOc_sync Enter - MemInfo: [/proc/self/status]	VmPin:	       0 kB
20220314 015324.136 INFO             PET0 PIOc_sync Enter - MemInfo: [/proc/self/status]	VmHWM:	   33296 kB
20220314 015324.136 INFO             PET0 PIOc_sync Enter - MemInfo: [/proc/self/status]	VmRSS:	   33296 kB
20220314 015324.136 INFO             PET0 PIOc_sync Enter - MemInfo: [/proc/self/status]	VmData:	   16952 kB
20220314 015324.136 INFO             PET0 PIOc_sync Enter - MemInfo: [/proc/self/status]	VmStk:	     156 kB
20220314 015324.136 INFO             PET0 PIOc_sync Enter - MemInfo: [/proc/self/status]	VmExe:	     220 kB
20220314 015324.136 INFO             PET0 PIOc_sync Enter - MemInfo: [/proc/self/status]	VmLib:	   77104 kB
20220314 015324.136 INFO             PET0 PIOc_sync Enter - MemInfo: [/proc/self/status]	VmPTE:	     332 kB
20220314 015324.136 INFO             PET0 PIOc_sync Enter - MemInfo: [/proc/self/status]	VmSwap:	       0 kB
20220314 015324.136 INFO             PET0 PIOc_sync Enter - MemInfo: [/proc/self/status]	VmRSSPercent: 0.0063171 %
20220314 015324.136 INFO             PET0 PIOc_sync Enter - MemInfo: [malloc] Non-mmapped space allocated:                 1167360 Byte
20220314 015324.136 INFO             PET0 PIOc_sync Enter - MemInfo: [malloc] Space allocated in mmapped regions:         12398592 Byte
20220314 015324.136 INFO             PET0 PIOc_sync Enter - MemInfo: [malloc] Maximum total allocated space:                     0 Byte
20220314 015324.136 INFO             PET0 PIOc_sync Enter - MemInfo: [malloc] Space in freed fastbin blocks:                    96 Byte
20220314 015324.136 INFO             PET0 PIOc_sync Enter - MemInfo: [malloc] Total allocated space:                       1126048 Byte
20220314 015324.136 INFO             PET0 PIOc_sync Enter - MemInfo: [malloc] Total free space:                              41312 Byte
20220314 015324.136 INFO             PET0 PIOc_sync Enter - MemInfo: [malloc] Top-most, releasable space:                    41168 Byte
20220314 015324.136 INFO             PET0 PIOc_sync Enter - MemInfo: [malloc] Total space in use, mmap + non-mmap:        13524640 Byte
20220314 015324.136 INFO             PET0 PIOc_sync Enter - MemInfo: [malloc] Total space held (mmap + non-mmap):         13565952 Byte
20220314 015324.136 INFO             PET0 PIOc_sync Enter - MemInfo: [malloc] Total space used (mmap + non-mmap):         13533616 Byte
20220314 015324.136 INFO             PET0 PIOc_sync Enter - MemInfo: Wall-clock time since execution start:             0.00790345 seconds
20220314 015324.137 INFO             PET0 PIOc_sync Exit - MemInfo: [/proc/meminfo - SSI]	MemTotal:       527077124 kB
20220314 015324.137 INFO             PET0 PIOc_sync Exit - MemInfo: [/proc/meminfo - SSI]	MemFree:        517938980 kB
20220314 015324.137 INFO             PET0 PIOc_sync Exit - MemInfo: [/proc/meminfo - SSI]	MemAvailable:   517754016 kB
20220314 015324.137 INFO             PET0 PIOc_sync Exit - MemInfo: [/proc/meminfo - SSI]	Committed_AS:    1700388 kB
20220314 015324.137 INFO             PET0 PIOc_sync Exit - MemInfo: [/proc/meminfo - SSI]	CommittedPercent: 0.322607 %
20220314 015324.137 INFO             PET0 PIOc_sync Exit - MemInfo: [/proc/self/status]	VmPeak:	  168500 kB
20220314 015324.137 INFO             PET0 PIOc_sync Exit - MemInfo: [/proc/self/status]	VmSize:	  168500 kB
20220314 015324.137 INFO             PET0 PIOc_sync Exit - MemInfo: [/proc/self/status]	VmLck:	       0 kB
20220314 015324.137 INFO             PET0 PIOc_sync Exit - MemInfo: [/proc/self/status]	VmPin:	       0 kB
20220314 015324.137 INFO             PET0 PIOc_sync Exit - MemInfo: [/proc/self/status]	VmHWM:	   34036 kB
20220314 015324.137 INFO             PET0 PIOc_sync Exit - MemInfo: [/proc/self/status]	VmRSS:	   34036 kB
20220314 015324.137 INFO             PET0 PIOc_sync Exit - MemInfo: [/proc/self/status]	VmData:	   17392 kB
20220314 015324.137 INFO             PET0 PIOc_sync Exit - MemInfo: [/proc/self/status]	VmStk:	     156 kB
20220314 015324.137 INFO             PET0 PIOc_sync Exit - MemInfo: [/proc/self/status]	VmExe:	     220 kB
20220314 015324.137 INFO             PET0 PIOc_sync Exit - MemInfo: [/proc/self/status]	VmLib:	   77104 kB
20220314 015324.137 INFO             PET0 PIOc_sync Exit - MemInfo: [/proc/self/status]	VmPTE:	     332 kB
20220314 015324.137 INFO             PET0 PIOc_sync Exit - MemInfo: [/proc/self/status]	VmSwap:	       0 kB
20220314 015324.137 INFO             PET0 PIOc_sync Exit - MemInfo: [/proc/self/status]	VmRSSPercent: 0.0064575 %
20220314 015324.137 INFO             PET0 PIOc_sync Exit - MemInfo: [malloc] Non-mmapped space allocated:                 1327104 Byte
20220314 015324.137 INFO             PET0 PIOc_sync Exit - MemInfo: [malloc] Space allocated in mmapped regions:         12689408 Byte
20220314 015324.137 INFO             PET0 PIOc_sync Exit - MemInfo: [malloc] Maximum total allocated space:                     0 Byte
20220314 015324.137 INFO             PET0 PIOc_sync Exit - MemInfo: [malloc] Space in freed fastbin blocks:                   608 Byte
20220314 015324.137 INFO             PET0 PIOc_sync Exit - MemInfo: [malloc] Total allocated space:                       1194304 Byte
20220314 015324.137 INFO             PET0 PIOc_sync Exit - MemInfo: [malloc] Total free space:                             132800 Byte
20220314 015324.137 INFO             PET0 PIOc_sync Exit - MemInfo: [malloc] Top-most, releasable space:                   131248 Byte
20220314 015324.137 INFO             PET0 PIOc_sync Exit - MemInfo: [malloc] Total space in use, mmap + non-mmap:        13883712 Byte
20220314 015324.137 INFO             PET0 PIOc_sync Exit - MemInfo: [malloc] Total space held (mmap + non-mmap):         14016512 Byte
20220314 015324.137 INFO             PET0 PIOc_sync Exit - MemInfo: [malloc] Total space used (mmap + non-mmap):         13892240 Byte
20220314 015324.137 INFO             PET0 PIOc_sync Exit - MemInfo: Wall-clock time since execution start:             0.00822405 seconds
20220314 015324.137 INFO             PET0 PIOc_freedecomp Enter - MemInfo: [/proc/meminfo - SSI]	MemTotal:       527077124 kB
20220314 015324.137 INFO             PET0 PIOc_freedecomp Enter - MemInfo: [/proc/meminfo - SSI]	MemFree:        517946132 kB
20220314 015324.137 INFO             PET0 PIOc_freedecomp Enter - MemInfo: [/proc/meminfo - SSI]	MemAvailable:   517761168 kB
20220314 015324.137 INFO             PET0 PIOc_freedecomp Enter - MemInfo: [/proc/meminfo - SSI]	Committed_AS:    1691676 kB
20220314 015324.137 INFO             PET0 PIOc_freedecomp Enter - MemInfo: [/proc/meminfo - SSI]	CommittedPercent: 0.320954 %
20220314 015324.137 INFO             PET0 PIOc_freedecomp Enter - MemInfo: [/proc/self/status]	VmPeak:	  168500 kB
20220314 015324.137 INFO             PET0 PIOc_freedecomp Enter - MemInfo: [/proc/self/status]	VmSize:	  159788 kB
20220314 015324.137 INFO             PET0 PIOc_freedecomp Enter - MemInfo: [/proc/self/status]	VmLck:	       0 kB
20220314 015324.137 INFO             PET0 PIOc_freedecomp Enter - MemInfo: [/proc/self/status]	VmPin:	       0 kB
20220314 015324.137 INFO             PET0 PIOc_freedecomp Enter - MemInfo: [/proc/self/status]	VmHWM:	   34036 kB
20220314 015324.137 INFO             PET0 PIOc_freedecomp Enter - MemInfo: [/proc/self/status]	VmRSS:	   26208 kB
20220314 015324.137 INFO             PET0 PIOc_freedecomp Enter - MemInfo: [/proc/self/status]	VmData:	    8680 kB
20220314 015324.137 INFO             PET0 PIOc_freedecomp Enter - MemInfo: [/proc/self/status]	VmStk:	     156 kB
20220314 015324.137 INFO             PET0 PIOc_freedecomp Enter - MemInfo: [/proc/self/status]	VmExe:	     220 kB
20220314 015324.137 INFO             PET0 PIOc_freedecomp Enter - MemInfo: [/proc/self/status]	VmLib:	   77104 kB
20220314 015324.137 INFO             PET0 PIOc_freedecomp Enter - MemInfo: [/proc/self/status]	VmPTE:	     320 kB
20220314 015324.137 INFO             PET0 PIOc_freedecomp Enter - MemInfo: [/proc/self/status]	VmSwap:	       0 kB
20220314 015324.137 INFO             PET0 PIOc_freedecomp Enter - MemInfo: [/proc/self/status]	VmRSSPercent: 0.00497233 %
20220314 015324.137 INFO             PET0 PIOc_freedecomp Enter - MemInfo: [malloc] Non-mmapped space allocated:                 1327104 Byte
20220314 015324.137 INFO             PET0 PIOc_freedecomp Enter - MemInfo: [malloc] Space allocated in mmapped regions:          3768320 Byte
20220314 015324.137 INFO             PET0 PIOc_freedecomp Enter - MemInfo: [malloc] Maximum total allocated space:                     0 Byte
20220314 015324.137 INFO             PET0 PIOc_freedecomp Enter - MemInfo: [malloc] Space in freed fastbin blocks:                  1344 Byte
20220314 015324.137 INFO             PET0 PIOc_freedecomp Enter - MemInfo: [malloc] Total allocated space:                       1183008 Byte
20220314 015324.137 INFO             PET0 PIOc_freedecomp Enter - MemInfo: [malloc] Total free space:                             144096 Byte
20220314 015324.137 INFO             PET0 PIOc_freedecomp Enter - MemInfo: [malloc] Top-most, releasable space:                   131024 Byte
20220314 015324.137 INFO             PET0 PIOc_freedecomp Enter - MemInfo: [malloc] Total space in use, mmap + non-mmap:         4951328 Byte
20220314 015324.137 INFO             PET0 PIOc_freedecomp Enter - MemInfo: [malloc] Total space held (mmap + non-mmap):          5095424 Byte
20220314 015324.137 INFO             PET0 PIOc_freedecomp Enter - MemInfo: [malloc] Total space used (mmap + non-mmap):          4959536 Byte
20220314 015324.137 INFO             PET0 PIOc_freedecomp Enter - MemInfo: Wall-clock time since execution start:             0.00863843 seconds
20220314 015324.137 INFO             PET0 PIOc_freedecomp Exit - MemInfo: [/proc/meminfo - SSI]	MemTotal:       527077124 kB
20220314 015324.137 INFO             PET0 PIOc_freedecomp Exit - MemInfo: [/proc/meminfo - SSI]	MemFree:        517946132 kB
20220314 015324.137 INFO             PET0 PIOc_freedecomp Exit - MemInfo: [/proc/meminfo - SSI]	MemAvailable:   517761168 kB
20220314 015324.137 INFO             PET0 PIOc_freedecomp Exit - MemInfo: [/proc/meminfo - SSI]	Committed_AS:    1691676 kB
20220314 015324.137 INFO             PET0 PIOc_freedecomp Exit - MemInfo: [/proc/meminfo - SSI]	CommittedPercent: 0.320954 %
20220314 015324.137 INFO             PET0 PIOc_freedecomp Exit - MemInfo: [/proc/self/status]	VmPeak:	  168500 kB
20220314 015324.137 INFO             PET0 PIOc_freedecomp Exit - MemInfo: [/proc/self/status]	VmSize:	  159788 kB
20220314 015324.137 INFO             PET0 PIOc_freedecomp Exit - MemInfo: [/proc/self/status]	VmLck:	       0 kB
20220314 015324.137 INFO             PET0 PIOc_freedecomp Exit - MemInfo: [/proc/self/status]	VmPin:	       0 kB
20220314 015324.137 INFO             PET0 PIOc_freedecomp Exit - MemInfo: [/proc/self/status]	VmHWM:	   34036 kB
20220314 015324.137 INFO             PET0 PIOc_freedecomp Exit - MemInfo: [/proc/self/status]	VmRSS:	   26208 kB
20220314 015324.137 INFO             PET0 PIOc_freedecomp Exit - MemInfo: [/proc/self/status]	VmData:	    8680 kB
20220314 015324.137 INFO             PET0 PIOc_freedecomp Exit - MemInfo: [/proc/self/status]	VmStk:	     156 kB
20220314 015324.137 INFO             PET0 PIOc_freedecomp Exit - MemInfo: [/proc/self/status]	VmExe:	     220 kB
20220314 015324.137 INFO             PET0 PIOc_freedecomp Exit - MemInfo: [/proc/self/status]	VmLib:	   77104 kB
20220314 015324.137 INFO             PET0 PIOc_freedecomp Exit - MemInfo: [/proc/self/status]	VmPTE:	     320 kB
20220314 015324.137 INFO             PET0 PIOc_freedecomp Exit - MemInfo: [/proc/self/status]	VmSwap:	       0 kB
20220314 015324.137 INFO             PET0 PIOc_freedecomp Exit - MemInfo: [/proc/self/status]	VmRSSPercent: 0.00497233 %
20220314 015324.137 INFO             PET0 PIOc_freedecomp Exit - MemInfo: [malloc] Non-mmapped space allocated:                 1327104 Byte
20220314 015324.137 INFO             PET0 PIOc_freedecomp Exit - MemInfo: [malloc] Space allocated in mmapped regions:          3768320 Byte
20220314 015324.137 INFO             PET0 PIOc_freedecomp Exit - MemInfo: [malloc] Maximum total allocated space:                     0 Byte
20220314 015324.137 INFO             PET0 PIOc_freedecomp Exit - MemInfo: [malloc] Space in freed fastbin blocks:                  1504 Byte
20220314 015324.137 INFO             PET0 PIOc_freedecomp Exit - MemInfo: [malloc] Total allocated space:                       1182512 Byte
20220314 015324.137 INFO             PET0 PIOc_freedecomp Exit - MemInfo: [malloc] Total free space:                             144592 Byte
20220314 015324.137 INFO             PET0 PIOc_freedecomp Exit - MemInfo: [malloc] Top-most, releasable space:                   131024 Byte
20220314 015324.137 INFO             PET0 PIOc_freedecomp Exit - MemInfo: [malloc] Total space in use, mmap + non-mmap:         4950832 Byte
20220314 015324.137 INFO             PET0 PIOc_freedecomp Exit - MemInfo: [malloc] Total space held (mmap + non-mmap):          5095424 Byte
20220314 015324.137 INFO             PET0 PIOc_freedecomp Exit - MemInfo: [malloc] Total space used (mmap + non-mmap):          4959040 Byte
20220314 015324.137 INFO             PET0 PIOc_freedecomp Exit - MemInfo: Wall-clock time since execution start:             0.00880696 seconds
20220314 015324.139 INFO             PET0 PIOc_sync Enter - MemInfo: [/proc/meminfo - SSI]	MemTotal:       527077124 kB
20220314 015324.139 INFO             PET0 PIOc_sync Enter - MemInfo: [/proc/meminfo - SSI]	MemFree:        517941532 kB
20220314 015324.139 INFO             PET0 PIOc_sync Enter - MemInfo: [/proc/meminfo - SSI]	MemAvailable:   517756568 kB
20220314 015324.139 INFO             PET0 PIOc_sync Enter - MemInfo: [/proc/meminfo - SSI]	Committed_AS:    1700384 kB
20220314 015324.139 INFO             PET0 PIOc_sync Enter - MemInfo: [/proc/meminfo - SSI]	CommittedPercent: 0.322606 %
20220314 015324.139 INFO             PET0 PIOc_sync Enter - MemInfo: [/proc/self/status]	VmPeak:	  168500 kB
20220314 015324.139 INFO             PET0 PIOc_sync Enter - MemInfo: [/proc/self/status]	VmSize:	  168496 kB
20220314 015324.139 INFO             PET0 PIOc_sync Enter - MemInfo: [/proc/self/status]	VmLck:	       0 kB
20220314 015324.139 INFO             PET0 PIOc_sync Enter - MemInfo: [/proc/self/status]	VmPin:	       0 kB
20220314 015324.139 INFO             PET0 PIOc_sync Enter - MemInfo: [/proc/self/status]	VmHWM:	   34036 kB
20220314 015324.139 INFO             PET0 PIOc_sync Enter - MemInfo: [/proc/self/status]	VmRSS:	   30784 kB
20220314 015324.139 INFO             PET0 PIOc_sync Enter - MemInfo: [/proc/self/status]	VmData:	   17388 kB
20220314 015324.139 INFO             PET0 PIOc_sync Enter - MemInfo: [/proc/self/status]	VmStk:	     156 kB
20220314 015324.139 INFO             PET0 PIOc_sync Enter - MemInfo: [/proc/self/status]	VmExe:	     220 kB
20220314 015324.139 INFO             PET0 PIOc_sync Enter - MemInfo: [/proc/self/status]	VmLib:	   77104 kB
20220314 015324.139 INFO             PET0 PIOc_sync Enter - MemInfo: [/proc/self/status]	VmPTE:	     332 kB
20220314 015324.139 INFO             PET0 PIOc_sync Enter - MemInfo: [/proc/self/status]	VmSwap:	       0 kB
20220314 015324.139 INFO             PET0 PIOc_sync Enter - MemInfo: [/proc/self/status]	VmRSSPercent: 0.00584051 %
20220314 015324.139 INFO             PET0 PIOc_sync Enter - MemInfo: [malloc] Non-mmapped space allocated:                10244096 Byte
20220314 015324.139 INFO             PET0 PIOc_sync Enter - MemInfo: [malloc] Space allocated in mmapped regions:          3768320 Byte
20220314 015324.139 INFO             PET0 PIOc_sync Enter - MemInfo: [malloc] Maximum total allocated space:                     0 Byte
20220314 015324.139 INFO             PET0 PIOc_sync Enter - MemInfo: [malloc] Space in freed fastbin blocks:                   688 Byte
20220314 015324.139 INFO             PET0 PIOc_sync Enter - MemInfo: [malloc] Total allocated space:                      10111360 Byte
20220314 015324.139 INFO             PET0 PIOc_sync Enter - MemInfo: [malloc] Total free space:                             132736 Byte
20220314 015324.139 INFO             PET0 PIOc_sync Enter - MemInfo: [malloc] Top-most, releasable space:                   129840 Byte
20220314 015324.139 INFO             PET0 PIOc_sync Enter - MemInfo: [malloc] Total space in use, mmap + non-mmap:        13879680 Byte
20220314 015324.139 INFO             PET0 PIOc_sync Enter - MemInfo: [malloc] Total space held (mmap + non-mmap):         14012416 Byte
20220314 015324.139 INFO             PET0 PIOc_sync Enter - MemInfo: [malloc] Total space used (mmap + non-mmap):         13887888 Byte
20220314 015324.139 INFO             PET0 PIOc_sync Enter - MemInfo: Wall-clock time since execution start:              0.0103927 seconds
20220314 015324.139 INFO             PET0 PIOc_sync Exit - MemInfo: [/proc/meminfo - SSI]	MemTotal:       527077124 kB
20220314 015324.139 INFO             PET0 PIOc_sync Exit - MemInfo: [/proc/meminfo - SSI]	MemFree:        517941532 kB
20220314 015324.139 INFO             PET0 PIOc_sync Exit - MemInfo: [/proc/meminfo - SSI]	MemAvailable:   517756568 kB
20220314 015324.139 INFO             PET0 PIOc_sync Exit - MemInfo: [/proc/meminfo - SSI]	Committed_AS:    1700384 kB
20220314 015324.139 INFO             PET0 PIOc_sync Exit - MemInfo: [/proc/meminfo - SSI]	CommittedPercent: 0.322606 %
20220314 015324.139 INFO             PET0 PIOc_sync Exit - MemInfo: [/proc/self/status]	VmPeak:	  168500 kB
20220314 015324.139 INFO             PET0 PIOc_sync Exit - MemInfo: [/proc/self/status]	VmSize:	  168496 kB
20220314 015324.139 INFO             PET0 PIOc_sync Exit - MemInfo: [/proc/self/status]	VmLck:	       0 kB
20220314 015324.139 INFO             PET0 PIOc_sync Exit - MemInfo: [/proc/self/status]	VmPin:	       0 kB
20220314 015324.139 INFO             PET0 PIOc_sync Exit - MemInfo: [/proc/self/status]	VmHWM:	   34036 kB
20220314 015324.139 INFO             PET0 PIOc_sync Exit - MemInfo: [/proc/self/status]	VmRSS:	   30784 kB
20220314 015324.139 INFO             PET0 PIOc_sync Exit - MemInfo: [/proc/self/status]	VmData:	   17388 kB
20220314 015324.139 INFO             PET0 PIOc_sync Exit - MemInfo: [/proc/self/status]	VmStk:	     156 kB
20220314 015324.139 INFO             PET0 PIOc_sync Exit - MemInfo: [/proc/self/status]	VmExe:	     220 kB
20220314 015324.139 INFO             PET0 PIOc_sync Exit - MemInfo: [/proc/self/status]	VmLib:	   77104 kB
20220314 015324.139 INFO             PET0 PIOc_sync Exit - MemInfo: [/proc/self/status]	VmPTE:	     332 kB
20220314 015324.139 INFO             PET0 PIOc_sync Exit - MemInfo: [/proc/self/status]	VmSwap:	       0 kB
20220314 015324.139 INFO             PET0 PIOc_sync Exit - MemInfo: [/proc/self/status]	VmRSSPercent: 0.00584051 %
20220314 015324.139 INFO             PET0 PIOc_sync Exit - MemInfo: [malloc] Non-mmapped space allocated:                10244096 Byte
20220314 015324.139 INFO             PET0 PIOc_sync Exit - MemInfo: [malloc] Space allocated in mmapped regions:          3768320 Byte
20220314 015324.139 INFO             PET0 PIOc_sync Exit - MemInfo: [malloc] Maximum total allocated space:                     0 Byte
20220314 015324.139 INFO             PET0 PIOc_sync Exit - MemInfo: [malloc] Space in freed fastbin blocks:                   720 Byte
20220314 015324.139 INFO             PET0 PIOc_sync Exit - MemInfo: [malloc] Total allocated space:                      10112176 Byte
20220314 015324.139 INFO             PET0 PIOc_sync Exit - MemInfo: [malloc] Total free space:                             131920 Byte
20220314 015324.139 INFO             PET0 PIOc_sync Exit - MemInfo: [malloc] Top-most, releasable space:                   129616 Byte
20220314 015324.139 INFO             PET0 PIOc_sync Exit - MemInfo: [malloc] Total space in use, mmap + non-mmap:        13880496 Byte
20220314 015324.139 INFO             PET0 PIOc_sync Exit - MemInfo: [malloc] Total space held (mmap + non-mmap):         14012416 Byte
20220314 015324.139 INFO             PET0 PIOc_sync Exit - MemInfo: [malloc] Total space used (mmap + non-mmap):         13888704 Byte
20220314 015324.139 INFO             PET0 PIOc_sync Exit - MemInfo: Wall-clock time since execution start:              0.0106025 seconds
20220314 015324.139 INFO             PET0 PIOc_freedecomp Enter - MemInfo: [/proc/meminfo - SSI]	MemTotal:       527077124 kB
20220314 015324.139 INFO             PET0 PIOc_freedecomp Enter - MemInfo: [/proc/meminfo - SSI]	MemFree:        517941532 kB
20220314 015324.139 INFO             PET0 PIOc_freedecomp Enter - MemInfo: [/proc/meminfo - SSI]	MemAvailable:   517756568 kB
20220314 015324.139 INFO             PET0 PIOc_freedecomp Enter - MemInfo: [/proc/meminfo - SSI]	Committed_AS:    1700384 kB
20220314 015324.139 INFO             PET0 PIOc_freedecomp Enter - MemInfo: [/proc/meminfo - SSI]	CommittedPercent: 0.322606 %
20220314 015324.139 INFO             PET0 PIOc_freedecomp Enter - MemInfo: [/proc/self/status]	VmPeak:	  168500 kB
20220314 015324.139 INFO             PET0 PIOc_freedecomp Enter - MemInfo: [/proc/self/status]	VmSize:	  168496 kB
20220314 015324.139 INFO             PET0 PIOc_freedecomp Enter - MemInfo: [/proc/self/status]	VmLck:	       0 kB
20220314 015324.139 INFO             PET0 PIOc_freedecomp Enter - MemInfo: [/proc/self/status]	VmPin:	       0 kB
20220314 015324.139 INFO             PET0 PIOc_freedecomp Enter - MemInfo: [/proc/self/status]	VmHWM:	   34036 kB
20220314 015324.139 INFO             PET0 PIOc_freedecomp Enter - MemInfo: [/proc/self/status]	VmRSS:	   30784 kB
20220314 015324.139 INFO             PET0 PIOc_freedecomp Enter - MemInfo: [/proc/self/status]	VmData:	   17388 kB
20220314 015324.139 INFO             PET0 PIOc_freedecomp Enter - MemInfo: [/proc/self/status]	VmStk:	     156 kB
20220314 015324.139 INFO             PET0 PIOc_freedecomp Enter - MemInfo: [/proc/self/status]	VmExe:	     220 kB
20220314 015324.139 INFO             PET0 PIOc_freedecomp Enter - MemInfo: [/proc/self/status]	VmLib:	   77104 kB
20220314 015324.139 INFO             PET0 PIOc_freedecomp Enter - MemInfo: [/proc/self/status]	VmPTE:	     332 kB
20220314 015324.139 INFO             PET0 PIOc_freedecomp Enter - MemInfo: [/proc/self/status]	VmSwap:	       0 kB
20220314 015324.139 INFO             PET0 PIOc_freedecomp Enter - MemInfo: [/proc/self/status]	VmRSSPercent: 0.00584051 %
20220314 015324.139 INFO             PET0 PIOc_freedecomp Enter - MemInfo: [malloc] Non-mmapped space allocated:                10244096 Byte
20220314 015324.139 INFO             PET0 PIOc_freedecomp Enter - MemInfo: [malloc] Space allocated in mmapped regions:          3768320 Byte
20220314 015324.139 INFO             PET0 PIOc_freedecomp Enter - MemInfo: [malloc] Maximum total allocated space:                     0 Byte
20220314 015324.139 INFO             PET0 PIOc_freedecomp Enter - MemInfo: [malloc] Space in freed fastbin blocks:                   912 Byte
20220314 015324.139 INFO             PET0 PIOc_freedecomp Enter - MemInfo: [malloc] Total allocated space:                       1187072 Byte
20220314 015324.139 INFO             PET0 PIOc_freedecomp Enter - MemInfo: [malloc] Total free space:                            9057024 Byte
20220314 015324.139 INFO             PET0 PIOc_freedecomp Enter - MemInfo: [malloc] Top-most, releasable space:                   129392 Byte
20220314 015324.139 INFO             PET0 PIOc_freedecomp Enter - MemInfo: [malloc] Total space in use, mmap + non-mmap:         4955392 Byte
20220314 015324.139 INFO             PET0 PIOc_freedecomp Enter - MemInfo: [malloc] Total space held (mmap + non-mmap):         14012416 Byte
20220314 015324.139 INFO             PET0 PIOc_freedecomp Enter - MemInfo: [malloc] Total space used (mmap + non-mmap):          4963600 Byte
20220314 015324.139 INFO             PET0 PIOc_freedecomp Enter - MemInfo: Wall-clock time since execution start:              0.0108784 seconds
20220314 015324.139 INFO             PET0 PIOc_freedecomp Exit - MemInfo: [/proc/meminfo - SSI]	MemTotal:       527077124 kB
20220314 015324.139 INFO             PET0 PIOc_freedecomp Exit - MemInfo: [/proc/meminfo - SSI]	MemFree:        517941532 kB
20220314 015324.139 INFO             PET0 PIOc_freedecomp Exit - MemInfo: [/proc/meminfo - SSI]	MemAvailable:   517756568 kB
20220314 015324.139 INFO             PET0 PIOc_freedecomp Exit - MemInfo: [/proc/meminfo - SSI]	Committed_AS:    1700384 kB
20220314 015324.139 INFO             PET0 PIOc_freedecomp Exit - MemInfo: [/proc/meminfo - SSI]	CommittedPercent: 0.322606 %
20220314 015324.139 INFO             PET0 PIOc_freedecomp Exit - MemInfo: [/proc/self/status]	VmPeak:	  168500 kB
20220314 015324.139 INFO             PET0 PIOc_freedecomp Exit - MemInfo: [/proc/self/status]	VmSize:	  168496 kB
20220314 015324.139 INFO             PET0 PIOc_freedecomp Exit - MemInfo: [/proc/self/status]	VmLck:	       0 kB
20220314 015324.140 INFO             PET0 PIOc_freedecomp Exit - MemInfo: [/proc/self/status]	VmPin:	       0 kB
20220314 015324.140 INFO             PET0 PIOc_freedecomp Exit - MemInfo: [/proc/self/status]	VmHWM:	   34036 kB
20220314 015324.140 INFO             PET0 PIOc_freedecomp Exit - MemInfo: [/proc/self/status]	VmRSS:	   30784 kB
20220314 015324.140 INFO             PET0 PIOc_freedecomp Exit - MemInfo: [/proc/self/status]	VmData:	   17388 kB
20220314 015324.140 INFO             PET0 PIOc_freedecomp Exit - MemInfo: [/proc/self/status]	VmStk:	     156 kB
20220314 015324.140 INFO             PET0 PIOc_freedecomp Exit - MemInfo: [/proc/self/status]	VmExe:	     220 kB
20220314 015324.140 INFO             PET0 PIOc_freedecomp Exit - MemInfo: [/proc/self/status]	VmLib:	   77104 kB
20220314 015324.140 INFO             PET0 PIOc_freedecomp Exit - MemInfo: [/proc/self/status]	VmPTE:	     332 kB
20220314 015324.140 INFO             PET0 PIOc_freedecomp Exit - MemInfo: [/proc/self/status]	VmSwap:	       0 kB
20220314 015324.140 INFO             PET0 PIOc_freedecomp Exit - MemInfo: [/proc/self/status]	VmRSSPercent: 0.00584051 %
20220314 015324.140 INFO             PET0 PIOc_freedecomp Exit - MemInfo: [malloc] Non-mmapped space allocated:                10244096 Byte
20220314 015324.140 INFO             PET0 PIOc_freedecomp Exit - MemInfo: [malloc] Space allocated in mmapped regions:          3768320 Byte
20220314 015324.140 INFO             PET0 PIOc_freedecomp Exit - MemInfo: [malloc] Maximum total allocated space:                     0 Byte
20220314 015324.140 INFO             PET0 PIOc_freedecomp Exit - MemInfo: [malloc] Space in freed fastbin blocks:                  1472 Byte
20220314 015324.140 INFO             PET0 PIOc_freedecomp Exit - MemInfo: [malloc] Total allocated space:                       1185488 Byte
20220314 015324.140 INFO             PET0 PIOc_freedecomp Exit - MemInfo: [malloc] Total free space:                            9058608 Byte
20220314 015324.140 INFO             PET0 PIOc_freedecomp Exit - MemInfo: [malloc] Top-most, releasable space:                   129392 Byte
20220314 015324.140 INFO             PET0 PIOc_freedecomp Exit - MemInfo: [malloc] Total space in use, mmap + non-mmap:         4953808 Byte
20220314 015324.140 INFO             PET0 PIOc_freedecomp Exit - MemInfo: [malloc] Total space held (mmap + non-mmap):         14012416 Byte
20220314 015324.140 INFO             PET0 PIOc_freedecomp Exit - MemInfo: [malloc] Total space used (mmap + non-mmap):          4962464 Byte
20220314 015324.140 INFO             PET0 PIOc_freedecomp Exit - MemInfo: Wall-clock time since execution start:              0.0110376 seconds
20220314 015324.141 INFO             PET0 PIOc_sync Enter - MemInfo: [/proc/meminfo - SSI]	MemTotal:       527077124 kB
20220314 015324.141 INFO             PET0 PIOc_sync Enter - MemInfo: [/proc/meminfo - SSI]	MemFree:        517941028 kB
20220314 015324.141 INFO             PET0 PIOc_sync Enter - MemInfo: [/proc/meminfo - SSI]	MemAvailable:   517756064 kB
20220314 015324.141 INFO             PET0 PIOc_sync Enter - MemInfo: [/proc/meminfo - SSI]	Committed_AS:    1700384 kB
20220314 015324.141 INFO             PET0 PIOc_sync Enter - MemInfo: [/proc/meminfo - SSI]	CommittedPercent: 0.322606 %
20220314 015324.141 INFO             PET0 PIOc_sync Enter - MemInfo: [/proc/self/status]	VmPeak:	  168500 kB
20220314 015324.141 INFO             PET0 PIOc_sync Enter - MemInfo: [/proc/self/status]	VmSize:	  168496 kB
20220314 015324.141 INFO             PET0 PIOc_sync Enter - MemInfo: [/proc/self/status]	VmLck:	       0 kB
20220314 015324.141 INFO             PET0 PIOc_sync Enter - MemInfo: [/proc/self/status]	VmPin:	       0 kB
20220314 015324.141 INFO             PET0 PIOc_sync Enter - MemInfo: [/proc/self/status]	VmHWM:	   34036 kB
20220314 015324.141 INFO             PET0 PIOc_sync Enter - MemInfo: [/proc/self/status]	VmRSS:	   31104 kB
20220314 015324.141 INFO             PET0 PIOc_sync Enter - MemInfo: [/proc/self/status]	VmData:	   17388 kB
20220314 015324.141 INFO             PET0 PIOc_sync Enter - MemInfo: [/proc/self/status]	VmStk:	     156 kB
20220314 015324.141 INFO             PET0 PIOc_sync Enter - MemInfo: [/proc/self/status]	VmExe:	     220 kB
20220314 015324.141 INFO             PET0 PIOc_sync Enter - MemInfo: [/proc/self/status]	VmLib:	   77104 kB
20220314 015324.141 INFO             PET0 PIOc_sync Enter - MemInfo: [/proc/self/status]	VmPTE:	     332 kB
20220314 015324.141 INFO             PET0 PIOc_sync Enter - MemInfo: [/proc/self/status]	VmSwap:	       0 kB
20220314 015324.141 INFO             PET0 PIOc_sync Enter - MemInfo: [/proc/self/status]	VmRSSPercent: 0.00590122 %
20220314 015324.141 INFO             PET0 PIOc_sync Enter - MemInfo: [malloc] Non-mmapped space allocated:                10244096 Byte
20220314 015324.141 INFO             PET0 PIOc_sync Enter - MemInfo: [malloc] Space allocated in mmapped regions:          3768320 Byte
20220314 015324.141 INFO             PET0 PIOc_sync Enter - MemInfo: [malloc] Maximum total allocated space:                     0 Byte
20220314 015324.141 INFO             PET0 PIOc_sync Enter - MemInfo: [malloc] Space in freed fastbin blocks:                   976 Byte
20220314 015324.141 INFO             PET0 PIOc_sync Enter - MemInfo: [malloc] Total allocated space:                      10114512 Byte
20220314 015324.141 INFO             PET0 PIOc_sync Enter - MemInfo: [malloc] Total free space:                             129584 Byte
20220314 015324.141 INFO             PET0 PIOc_sync Enter - MemInfo: [malloc] Top-most, releasable space:                   124144 Byte
20220314 015324.141 INFO             PET0 PIOc_sync Enter - MemInfo: [malloc] Total space in use, mmap + non-mmap:        13882832 Byte
20220314 015324.141 INFO             PET0 PIOc_sync Enter - MemInfo: [malloc] Total space held (mmap + non-mmap):         14012416 Byte
20220314 015324.141 INFO             PET0 PIOc_sync Enter - MemInfo: [malloc] Total space used (mmap + non-mmap):         13891824 Byte
20220314 015324.141 INFO             PET0 PIOc_sync Enter - MemInfo: Wall-clock time since execution start:              0.0123609 seconds
20220314 015324.141 INFO             PET0 PIOc_sync Exit - MemInfo: [/proc/meminfo - SSI]	MemTotal:       527077124 kB
20220314 015324.141 INFO             PET0 PIOc_sync Exit - MemInfo: [/proc/meminfo - SSI]	MemFree:        517941028 kB
20220314 015324.141 INFO             PET0 PIOc_sync Exit - MemInfo: [/proc/meminfo - SSI]	MemAvailable:   517756064 kB
20220314 015324.141 INFO             PET0 PIOc_sync Exit - MemInfo: [/proc/meminfo - SSI]	Committed_AS:    1700384 kB
20220314 015324.141 INFO             PET0 PIOc_sync Exit - MemInfo: [/proc/meminfo - SSI]	CommittedPercent: 0.322606 %
20220314 015324.141 INFO             PET0 PIOc_sync Exit - MemInfo: [/proc/self/status]	VmPeak:	  168500 kB
20220314 015324.141 INFO             PET0 PIOc_sync Exit - MemInfo: [/proc/self/status]	VmSize:	  168496 kB
20220314 015324.141 INFO             PET0 PIOc_sync Exit - MemInfo: [/proc/self/status]	VmLck:	       0 kB
20220314 015324.141 INFO             PET0 PIOc_sync Exit - MemInfo: [/proc/self/status]	VmPin:	       0 kB
20220314 015324.141 INFO             PET0 PIOc_sync Exit - MemInfo: [/proc/self/status]	VmHWM:	   34036 kB
20220314 015324.141 INFO             PET0 PIOc_sync Exit - MemInfo: [/proc/self/status]	VmRSS:	   31104 kB
20220314 015324.141 INFO             PET0 PIOc_sync Exit - MemInfo: [/proc/self/status]	VmData:	   17388 kB
20220314 015324.141 INFO             PET0 PIOc_sync Exit - MemInfo: [/proc/self/status]	VmStk:	     156 kB
20220314 015324.141 INFO             PET0 PIOc_sync Exit - MemInfo: [/proc/self/status]	VmExe:	     220 kB
20220314 015324.141 INFO             PET0 PIOc_sync Exit - MemInfo: [/proc/self/status]	VmLib:	   77104 kB
20220314 015324.141 INFO             PET0 PIOc_sync Exit - MemInfo: [/proc/self/status]	VmPTE:	     332 kB
20220314 015324.141 INFO             PET0 PIOc_sync Exit - MemInfo: [/proc/self/status]	VmSwap:	       0 kB
20220314 015324.141 INFO             PET0 PIOc_sync Exit - MemInfo: [/proc/self/status]	VmRSSPercent: 0.00590122 %
20220314 015324.141 INFO             PET0 PIOc_sync Exit - MemInfo: [malloc] Non-mmapped space allocated:                10244096 Byte
20220314 015324.141 INFO             PET0 PIOc_sync Exit - MemInfo: [malloc] Space allocated in mmapped regions:          3768320 Byte
20220314 015324.141 INFO             PET0 PIOc_sync Exit - MemInfo: [malloc] Maximum total allocated space:                     0 Byte
20220314 015324.141 INFO             PET0 PIOc_sync Exit - MemInfo: [malloc] Space in freed fastbin blocks:                   160 Byte
20220314 015324.141 INFO             PET0 PIOc_sync Exit - MemInfo: [malloc] Total allocated space:                      10115248 Byte
20220314 015324.141 INFO             PET0 PIOc_sync Exit - MemInfo: [malloc] Total free space:                             128848 Byte
20220314 015324.141 INFO             PET0 PIOc_sync Exit - MemInfo: [malloc] Top-most, releasable space:                   123920 Byte
20220314 015324.141 INFO             PET0 PIOc_sync Exit - MemInfo: [malloc] Total space in use, mmap + non-mmap:        13883568 Byte
20220314 015324.141 INFO             PET0 PIOc_sync Exit - MemInfo: [malloc] Total space held (mmap + non-mmap):         14012416 Byte
20220314 015324.141 INFO             PET0 PIOc_sync Exit - MemInfo: [malloc] Total space used (mmap + non-mmap):         13891920 Byte
20220314 015324.141 INFO             PET0 PIOc_sync Exit - MemInfo: Wall-clock time since execution start:              0.0125337 seconds
20220314 015324.141 INFO             PET0 PIOc_freedecomp Enter - MemInfo: [/proc/meminfo - SSI]	MemTotal:       527077124 kB
20220314 015324.141 INFO             PET0 PIOc_freedecomp Enter - MemInfo: [/proc/meminfo - SSI]	MemFree:        517941028 kB
20220314 015324.141 INFO             PET0 PIOc_freedecomp Enter - MemInfo: [/proc/meminfo - SSI]	MemAvailable:   517756064 kB
20220314 015324.141 INFO             PET0 PIOc_freedecomp Enter - MemInfo: [/proc/meminfo - SSI]	Committed_AS:    1700384 kB
20220314 015324.141 INFO             PET0 PIOc_freedecomp Enter - MemInfo: [/proc/meminfo - SSI]	CommittedPercent: 0.322606 %
20220314 015324.141 INFO             PET0 PIOc_freedecomp Enter - MemInfo: [/proc/self/status]	VmPeak:	  168500 kB
20220314 015324.141 INFO             PET0 PIOc_freedecomp Enter - MemInfo: [/proc/self/status]	VmSize:	  168496 kB
20220314 015324.141 INFO             PET0 PIOc_freedecomp Enter - MemInfo: [/proc/self/status]	VmLck:	       0 kB
20220314 015324.141 INFO             PET0 PIOc_freedecomp Enter - MemInfo: [/proc/self/status]	VmPin:	       0 kB
20220314 015324.141 INFO             PET0 PIOc_freedecomp Enter - MemInfo: [/proc/self/status]	VmHWM:	   34036 kB
20220314 015324.141 INFO             PET0 PIOc_freedecomp Enter - MemInfo: [/proc/self/status]	VmRSS:	   31104 kB
20220314 015324.141 INFO             PET0 PIOc_freedecomp Enter - MemInfo: [/proc/self/status]	VmData:	   17388 kB
20220314 015324.141 INFO             PET0 PIOc_freedecomp Enter - MemInfo: [/proc/self/status]	VmStk:	     156 kB
20220314 015324.141 INFO             PET0 PIOc_freedecomp Enter - MemInfo: [/proc/self/status]	VmExe:	     220 kB
20220314 015324.141 INFO             PET0 PIOc_freedecomp Enter - MemInfo: [/proc/self/status]	VmLib:	   77104 kB
20220314 015324.141 INFO             PET0 PIOc_freedecomp Enter - MemInfo: [/proc/self/status]	VmPTE:	     332 kB
20220314 015324.141 INFO             PET0 PIOc_freedecomp Enter - MemInfo: [/proc/self/status]	VmSwap:	       0 kB
20220314 015324.141 INFO             PET0 PIOc_freedecomp Enter - MemInfo: [/proc/self/status]	VmRSSPercent: 0.00590122 %
20220314 015324.141 INFO             PET0 PIOc_freedecomp Enter - MemInfo: [malloc] Non-mmapped space allocated:                10244096 Byte
20220314 015324.141 INFO             PET0 PIOc_freedecomp Enter - MemInfo: [malloc] Space allocated in mmapped regions:          3768320 Byte
20220314 015324.141 INFO             PET0 PIOc_freedecomp Enter - MemInfo: [malloc] Maximum total allocated space:                     0 Byte
20220314 015324.141 INFO             PET0 PIOc_freedecomp Enter - MemInfo: [malloc] Space in freed fastbin blocks:                   128 Byte
20220314 015324.141 INFO             PET0 PIOc_freedecomp Enter - MemInfo: [malloc] Total allocated space:                       1188512 Byte
20220314 015324.141 INFO             PET0 PIOc_freedecomp Enter - MemInfo: [malloc] Total free space:                            9055584 Byte
20220314 015324.141 INFO             PET0 PIOc_freedecomp Enter - MemInfo: [malloc] Top-most, releasable space:                   123696 Byte
20220314 015324.141 INFO             PET0 PIOc_freedecomp Enter - MemInfo: [malloc] Total space in use, mmap + non-mmap:         4956832 Byte
20220314 015324.141 INFO             PET0 PIOc_freedecomp Enter - MemInfo: [malloc] Total space held (mmap + non-mmap):         14012416 Byte
20220314 015324.141 INFO             PET0 PIOc_freedecomp Enter - MemInfo: [malloc] Total space used (mmap + non-mmap):          4964944 Byte
20220314 015324.141 INFO             PET0 PIOc_freedecomp Enter - MemInfo: Wall-clock time since execution start:               0.012803 seconds
20220314 015324.141 INFO             PET0 PIOc_freedecomp Exit - MemInfo: [/proc/meminfo - SSI]	MemTotal:       527077124 kB
20220314 015324.141 INFO             PET0 PIOc_freedecomp Exit - MemInfo: [/proc/meminfo - SSI]	MemFree:        517941048 kB
20220314 015324.141 INFO             PET0 PIOc_freedecomp Exit - MemInfo: [/proc/meminfo - SSI]	MemAvailable:   517756084 kB
20220314 015324.141 INFO             PET0 PIOc_freedecomp Exit - MemInfo: [/proc/meminfo - SSI]	Committed_AS:    1700384 kB
20220314 015324.141 INFO             PET0 PIOc_freedecomp Exit - MemInfo: [/proc/meminfo - SSI]	CommittedPercent: 0.322606 %
20220314 015324.141 INFO             PET0 PIOc_freedecomp Exit - MemInfo: [/proc/self/status]	VmPeak:	  168500 kB
20220314 015324.141 INFO             PET0 PIOc_freedecomp Exit - MemInfo: [/proc/self/status]	VmSize:	  168496 kB
20220314 015324.141 INFO             PET0 PIOc_freedecomp Exit - MemInfo: [/proc/self/status]	VmLck:	       0 kB
20220314 015324.141 INFO             PET0 PIOc_freedecomp Exit - MemInfo: [/proc/self/status]	VmPin:	       0 kB
20220314 015324.141 INFO             PET0 PIOc_freedecomp Exit - MemInfo: [/proc/self/status]	VmHWM:	   34036 kB
20220314 015324.141 INFO             PET0 PIOc_freedecomp Exit - MemInfo: [/proc/self/status]	VmRSS:	   31104 kB
20220314 015324.141 INFO             PET0 PIOc_freedecomp Exit - MemInfo: [/proc/self/status]	VmData:	   17388 kB
20220314 015324.141 INFO             PET0 PIOc_freedecomp Exit - MemInfo: [/proc/self/status]	VmStk:	     156 kB
20220314 015324.141 INFO             PET0 PIOc_freedecomp Exit - MemInfo: [/proc/self/status]	VmExe:	     220 kB
20220314 015324.141 INFO             PET0 PIOc_freedecomp Exit - MemInfo: [/proc/self/status]	VmLib:	   77104 kB
20220314 015324.141 INFO             PET0 PIOc_freedecomp Exit - MemInfo: [/proc/self/status]	VmPTE:	     332 kB
20220314 015324.141 INFO             PET0 PIOc_freedecomp Exit - MemInfo: [/proc/self/status]	VmSwap:	       0 kB
20220314 015324.141 INFO             PET0 PIOc_freedecomp Exit - MemInfo: [/proc/self/status]	VmRSSPercent: 0.00590122 %
20220314 015324.141 INFO             PET0 PIOc_freedecomp Exit - MemInfo: [malloc] Non-mmapped space allocated:                10244096 Byte
20220314 015324.141 INFO             PET0 PIOc_freedecomp Exit - MemInfo: [malloc] Space allocated in mmapped regions:          3768320 Byte
20220314 015324.141 INFO             PET0 PIOc_freedecomp Exit - MemInfo: [malloc] Maximum total allocated space:                     0 Byte
20220314 015324.142 INFO             PET0 PIOc_freedecomp Exit - MemInfo: [malloc] Space in freed fastbin blocks:                  1664 Byte
20220314 015324.142 INFO             PET0 PIOc_freedecomp Exit - MemInfo: [malloc] Total allocated space:                       1186928 Byte
20220314 015324.142 INFO             PET0 PIOc_freedecomp Exit - MemInfo: [malloc] Total free space:                            9057168 Byte
20220314 015324.142 INFO             PET0 PIOc_freedecomp Exit - MemInfo: [malloc] Top-most, releasable space:                   129392 Byte
20220314 015324.142 INFO             PET0 PIOc_freedecomp Exit - MemInfo: [malloc] Total space in use, mmap + non-mmap:         4955248 Byte
20220314 015324.142 INFO             PET0 PIOc_freedecomp Exit - MemInfo: [malloc] Total space held (mmap + non-mmap):         14012416 Byte
20220314 015324.142 INFO             PET0 PIOc_freedecomp Exit - MemInfo: [malloc] Total space used (mmap + non-mmap):          4963616 Byte
20220314 015324.142 INFO             PET0 PIOc_freedecomp Exit - MemInfo: Wall-clock time since execution start:              0.0129671 seconds
20220314 015324.143 INFO             PET0 PIOc_sync Enter - MemInfo: [/proc/meminfo - SSI]	MemTotal:       527077124 kB
20220314 015324.143 INFO             PET0 PIOc_sync Enter - MemInfo: [/proc/meminfo - SSI]	MemFree:        517941408 kB
20220314 015324.143 INFO             PET0 PIOc_sync Enter - MemInfo: [/proc/meminfo - SSI]	MemAvailable:   517756444 kB
20220314 015324.143 INFO             PET0 PIOc_sync Enter - MemInfo: [/proc/meminfo - SSI]	Committed_AS:    1700384 kB
20220314 015324.143 INFO             PET0 PIOc_sync Enter - MemInfo: [/proc/meminfo - SSI]	CommittedPercent: 0.322606 %
20220314 015324.143 INFO             PET0 PIOc_sync Enter - MemInfo: [/proc/self/status]	VmPeak:	  168500 kB
20220314 015324.143 INFO             PET0 PIOc_sync Enter - MemInfo: [/proc/self/status]	VmSize:	  168496 kB
20220314 015324.143 INFO             PET0 PIOc_sync Enter - MemInfo: [/proc/self/status]	VmLck:	       0 kB
20220314 015324.143 INFO             PET0 PIOc_sync Enter - MemInfo: [/proc/self/status]	VmPin:	       0 kB
20220314 015324.143 INFO             PET0 PIOc_sync Enter - MemInfo: [/proc/self/status]	VmHWM:	   34036 kB
20220314 015324.143 INFO             PET0 PIOc_sync Enter - MemInfo: [/proc/self/status]	VmRSS:	   31268 kB
20220314 015324.143 INFO             PET0 PIOc_sync Enter - MemInfo: [/proc/self/status]	VmData:	   17388 kB
20220314 015324.143 INFO             PET0 PIOc_sync Enter - MemInfo: [/proc/self/status]	VmStk:	     156 kB
20220314 015324.143 INFO             PET0 PIOc_sync Enter - MemInfo: [/proc/self/status]	VmExe:	     220 kB
20220314 015324.143 INFO             PET0 PIOc_sync Enter - MemInfo: [/proc/self/status]	VmLib:	   77104 kB
20220314 015324.143 INFO             PET0 PIOc_sync Enter - MemInfo: [/proc/self/status]	VmPTE:	     332 kB
20220314 015324.143 INFO             PET0 PIOc_sync Enter - MemInfo: [/proc/self/status]	VmSwap:	       0 kB
20220314 015324.143 INFO             PET0 PIOc_sync Enter - MemInfo: [/proc/self/status]	VmRSSPercent: 0.00593234 %
20220314 015324.143 INFO             PET0 PIOc_sync Enter - MemInfo: [malloc] Non-mmapped space allocated:                10244096 Byte
20220314 015324.143 INFO             PET0 PIOc_sync Enter - MemInfo: [malloc] Space allocated in mmapped regions:          3768320 Byte
20220314 015324.143 INFO             PET0 PIOc_sync Enter - MemInfo: [malloc] Maximum total allocated space:                     0 Byte
20220314 015324.143 INFO             PET0 PIOc_sync Enter - MemInfo: [malloc] Space in freed fastbin blocks:                  1488 Byte
20220314 015324.143 INFO             PET0 PIOc_sync Enter - MemInfo: [malloc] Total allocated space:                      10116672 Byte
20220314 015324.143 INFO             PET0 PIOc_sync Enter - MemInfo: [malloc] Total free space:                             127424 Byte
20220314 015324.143 INFO             PET0 PIOc_sync Enter - MemInfo: [malloc] Top-most, releasable space:                   124144 Byte
20220314 015324.143 INFO             PET0 PIOc_sync Enter - MemInfo: [malloc] Total space in use, mmap + non-mmap:        13884992 Byte
20220314 015324.143 INFO             PET0 PIOc_sync Enter - MemInfo: [malloc] Total space held (mmap + non-mmap):         14012416 Byte
20220314 015324.143 INFO             PET0 PIOc_sync Enter - MemInfo: [malloc] Total space used (mmap + non-mmap):         13892800 Byte
20220314 015324.143 INFO             PET0 PIOc_sync Enter - MemInfo: Wall-clock time since execution start:              0.0142418 seconds
20220314 015324.143 INFO             PET0 PIOc_sync Exit - MemInfo: [/proc/meminfo - SSI]	MemTotal:       527077124 kB
20220314 015324.143 INFO             PET0 PIOc_sync Exit - MemInfo: [/proc/meminfo - SSI]	MemFree:        517941408 kB
20220314 015324.143 INFO             PET0 PIOc_sync Exit - MemInfo: [/proc/meminfo - SSI]	MemAvailable:   517756444 kB
20220314 015324.143 INFO             PET0 PIOc_sync Exit - MemInfo: [/proc/meminfo - SSI]	Committed_AS:    1700384 kB
20220314 015324.143 INFO             PET0 PIOc_sync Exit - MemInfo: [/proc/meminfo - SSI]	CommittedPercent: 0.322606 %
20220314 015324.143 INFO             PET0 PIOc_sync Exit - MemInfo: [/proc/self/status]	VmPeak:	  168500 kB
20220314 015324.143 INFO             PET0 PIOc_sync Exit - MemInfo: [/proc/self/status]	VmSize:	  168496 kB
20220314 015324.143 INFO             PET0 PIOc_sync Exit - MemInfo: [/proc/self/status]	VmLck:	       0 kB
20220314 015324.143 INFO             PET0 PIOc_sync Exit - MemInfo: [/proc/self/status]	VmPin:	       0 kB
20220314 015324.143 INFO             PET0 PIOc_sync Exit - MemInfo: [/proc/self/status]	VmHWM:	   34036 kB
20220314 015324.143 INFO             PET0 PIOc_sync Exit - MemInfo: [/proc/self/status]	VmRSS:	   31268 kB
20220314 015324.143 INFO             PET0 PIOc_sync Exit - MemInfo: [/proc/self/status]	VmData:	   17388 kB
20220314 015324.143 INFO             PET0 PIOc_sync Exit - MemInfo: [/proc/self/status]	VmStk:	     156 kB
20220314 015324.143 INFO             PET0 PIOc_sync Exit - MemInfo: [/proc/self/status]	VmExe:	     220 kB
20220314 015324.143 INFO             PET0 PIOc_sync Exit - MemInfo: [/proc/self/status]	VmLib:	   77104 kB
20220314 015324.143 INFO             PET0 PIOc_sync Exit - MemInfo: [/proc/self/status]	VmPTE:	     332 kB
20220314 015324.143 INFO             PET0 PIOc_sync Exit - MemInfo: [/proc/self/status]	VmSwap:	       0 kB
20220314 015324.143 INFO             PET0 PIOc_sync Exit - MemInfo: [/proc/self/status]	VmRSSPercent: 0.00593234 %
20220314 015324.143 INFO             PET0 PIOc_sync Exit - MemInfo: [malloc] Non-mmapped space allocated:                10244096 Byte
20220314 015324.143 INFO             PET0 PIOc_sync Exit - MemInfo: [malloc] Space allocated in mmapped regions:          3768320 Byte
20220314 015324.143 INFO             PET0 PIOc_sync Exit - MemInfo: [malloc] Maximum total allocated space:                     0 Byte
20220314 015324.143 INFO             PET0 PIOc_sync Exit - MemInfo: [malloc] Space in freed fastbin blocks:                  1024 Byte
20220314 015324.143 INFO             PET0 PIOc_sync Exit - MemInfo: [malloc] Total allocated space:                      10116336 Byte
20220314 015324.143 INFO             PET0 PIOc_sync Exit - MemInfo: [malloc] Total free space:                             127760 Byte
20220314 015324.143 INFO             PET0 PIOc_sync Exit - MemInfo: [malloc] Top-most, releasable space:                   123920 Byte
20220314 015324.143 INFO             PET0 PIOc_sync Exit - MemInfo: [malloc] Total space in use, mmap + non-mmap:        13884656 Byte
20220314 015324.143 INFO             PET0 PIOc_sync Exit - MemInfo: [malloc] Total space held (mmap + non-mmap):         14012416 Byte
20220314 015324.143 INFO             PET0 PIOc_sync Exit - MemInfo: [malloc] Total space used (mmap + non-mmap):         13892864 Byte
20220314 015324.143 INFO             PET0 PIOc_sync Exit - MemInfo: Wall-clock time since execution start:              0.0144536 seconds
20220314 015324.143 INFO             PET0 PIOc_freedecomp Enter - MemInfo: [/proc/meminfo - SSI]	MemTotal:       527077124 kB
20220314 015324.143 INFO             PET0 PIOc_freedecomp Enter - MemInfo: [/proc/meminfo - SSI]	MemFree:        517941408 kB
20220314 015324.143 INFO             PET0 PIOc_freedecomp Enter - MemInfo: [/proc/meminfo - SSI]	MemAvailable:   517756444 kB
20220314 015324.143 INFO             PET0 PIOc_freedecomp Enter - MemInfo: [/proc/meminfo - SSI]	Committed_AS:    1700384 kB
20220314 015324.143 INFO             PET0 PIOc_freedecomp Enter - MemInfo: [/proc/meminfo - SSI]	CommittedPercent: 0.322606 %
20220314 015324.143 INFO             PET0 PIOc_freedecomp Enter - MemInfo: [/proc/self/status]	VmPeak:	  168500 kB
20220314 015324.143 INFO             PET0 PIOc_freedecomp Enter - MemInfo: [/proc/self/status]	VmSize:	  168496 kB
20220314 015324.143 INFO             PET0 PIOc_freedecomp Enter - MemInfo: [/proc/self/status]	VmLck:	       0 kB
20220314 015324.143 INFO             PET0 PIOc_freedecomp Enter - MemInfo: [/proc/self/status]	VmPin:	       0 kB
20220314 015324.143 INFO             PET0 PIOc_freedecomp Enter - MemInfo: [/proc/self/status]	VmHWM:	   34036 kB
20220314 015324.143 INFO             PET0 PIOc_freedecomp Enter - MemInfo: [/proc/self/status]	VmRSS:	   31268 kB
20220314 015324.143 INFO             PET0 PIOc_freedecomp Enter - MemInfo: [/proc/self/status]	VmData:	   17388 kB
20220314 015324.143 INFO             PET0 PIOc_freedecomp Enter - MemInfo: [/proc/self/status]	VmStk:	     156 kB
20220314 015324.143 INFO             PET0 PIOc_freedecomp Enter - MemInfo: [/proc/self/status]	VmExe:	     220 kB
20220314 015324.143 INFO             PET0 PIOc_freedecomp Enter - MemInfo: [/proc/self/status]	VmLib:	   77104 kB
20220314 015324.143 INFO             PET0 PIOc_freedecomp Enter - MemInfo: [/proc/self/status]	VmPTE:	     332 kB
20220314 015324.143 INFO             PET0 PIOc_freedecomp Enter - MemInfo: [/proc/self/status]	VmSwap:	       0 kB
20220314 015324.143 INFO             PET0 PIOc_freedecomp Enter - MemInfo: [/proc/self/status]	VmRSSPercent: 0.00593234 %
20220314 015324.143 INFO             PET0 PIOc_freedecomp Enter - MemInfo: [malloc] Non-mmapped space allocated:                10244096 Byte
20220314 015324.143 INFO             PET0 PIOc_freedecomp Enter - MemInfo: [malloc] Space allocated in mmapped regions:          3768320 Byte
20220314 015324.143 INFO             PET0 PIOc_freedecomp Enter - MemInfo: [malloc] Maximum total allocated space:                     0 Byte
20220314 015324.143 INFO             PET0 PIOc_freedecomp Enter - MemInfo: [malloc] Space in freed fastbin blocks:                  1200 Byte
20220314 015324.143 INFO             PET0 PIOc_freedecomp Enter - MemInfo: [malloc] Total allocated space:                       1188704 Byte
20220314 015324.143 INFO             PET0 PIOc_freedecomp Enter - MemInfo: [malloc] Total free space:                            9055392 Byte
20220314 015324.143 INFO             PET0 PIOc_freedecomp Enter - MemInfo: [malloc] Top-most, releasable space:                   123696 Byte
20220314 015324.143 INFO             PET0 PIOc_freedecomp Enter - MemInfo: [malloc] Total space in use, mmap + non-mmap:         4957024 Byte
20220314 015324.143 INFO             PET0 PIOc_freedecomp Enter - MemInfo: [malloc] Total space held (mmap + non-mmap):         14012416 Byte
20220314 015324.143 INFO             PET0 PIOc_freedecomp Enter - MemInfo: [malloc] Total space used (mmap + non-mmap):          4965232 Byte
20220314 015324.143 INFO             PET0 PIOc_freedecomp Enter - MemInfo: Wall-clock time since execution start:              0.0147234 seconds
20220314 015324.143 INFO             PET0 PIOc_freedecomp Exit - MemInfo: [/proc/meminfo - SSI]	MemTotal:       527077124 kB
20220314 015324.143 INFO             PET0 PIOc_freedecomp Exit - MemInfo: [/proc/meminfo - SSI]	MemFree:        517941408 kB
20220314 015324.143 INFO             PET0 PIOc_freedecomp Exit - MemInfo: [/proc/meminfo - SSI]	MemAvailable:   517756444 kB
20220314 015324.143 INFO             PET0 PIOc_freedecomp Exit - MemInfo: [/proc/meminfo - SSI]	Committed_AS:    1700384 kB
20220314 015324.143 INFO             PET0 PIOc_freedecomp Exit - MemInfo: [/proc/meminfo - SSI]	CommittedPercent: 0.322606 %
20220314 015324.143 INFO             PET0 PIOc_freedecomp Exit - MemInfo: [/proc/self/status]	VmPeak:	  168500 kB
20220314 015324.143 INFO             PET0 PIOc_freedecomp Exit - MemInfo: [/proc/self/status]	VmSize:	  168496 kB
20220314 015324.143 INFO             PET0 PIOc_freedecomp Exit - MemInfo: [/proc/self/status]	VmLck:	       0 kB
20220314 015324.143 INFO             PET0 PIOc_freedecomp Exit - MemInfo: [/proc/self/status]	VmPin:	       0 kB
20220314 015324.143 INFO             PET0 PIOc_freedecomp Exit - MemInfo: [/proc/self/status]	VmHWM:	   34036 kB
20220314 015324.143 INFO             PET0 PIOc_freedecomp Exit - MemInfo: [/proc/self/status]	VmRSS:	   31268 kB
20220314 015324.143 INFO             PET0 PIOc_freedecomp Exit - MemInfo: [/proc/self/status]	VmData:	   17388 kB
20220314 015324.143 INFO             PET0 PIOc_freedecomp Exit - MemInfo: [/proc/self/status]	VmStk:	     156 kB
20220314 015324.143 INFO             PET0 PIOc_freedecomp Exit - MemInfo: [/proc/self/status]	VmExe:	     220 kB
20220314 015324.143 INFO             PET0 PIOc_freedecomp Exit - MemInfo: [/proc/self/status]	VmLib:	   77104 kB
20220314 015324.143 INFO             PET0 PIOc_freedecomp Exit - MemInfo: [/proc/self/status]	VmPTE:	     332 kB
20220314 015324.143 INFO             PET0 PIOc_freedecomp Exit - MemInfo: [/proc/self/status]	VmSwap:	       0 kB
20220314 015324.143 INFO             PET0 PIOc_freedecomp Exit - MemInfo: [/proc/self/status]	VmRSSPercent: 0.00593234 %
20220314 015324.143 INFO             PET0 PIOc_freedecomp Exit - MemInfo: [malloc] Non-mmapped space allocated:                10244096 Byte
20220314 015324.143 INFO             PET0 PIOc_freedecomp Exit - MemInfo: [malloc] Space allocated in mmapped regions:          3768320 Byte
20220314 015324.143 INFO             PET0 PIOc_freedecomp Exit - MemInfo: [malloc] Maximum total allocated space:                     0 Byte
20220314 015324.143 INFO             PET0 PIOc_freedecomp Exit - MemInfo: [malloc] Space in freed fastbin blocks:                  1616 Byte
20220314 015324.143 INFO             PET0 PIOc_freedecomp Exit - MemInfo: [malloc] Total allocated space:                       1187168 Byte
20220314 015324.143 INFO             PET0 PIOc_freedecomp Exit - MemInfo: [malloc] Total free space:                            9056928 Byte
20220314 015324.143 INFO             PET0 PIOc_freedecomp Exit - MemInfo: [malloc] Top-most, releasable space:                   129392 Byte
20220314 015324.143 INFO             PET0 PIOc_freedecomp Exit - MemInfo: [malloc] Total space in use, mmap + non-mmap:         4955488 Byte
20220314 015324.143 INFO             PET0 PIOc_freedecomp Exit - MemInfo: [malloc] Total space held (mmap + non-mmap):         14012416 Byte
20220314 015324.143 INFO             PET0 PIOc_freedecomp Exit - MemInfo: [malloc] Total space used (mmap + non-mmap):          4963696 Byte
20220314 015324.143 INFO             PET0 PIOc_freedecomp Exit - MemInfo: Wall-clock time since execution start:              0.0148818 seconds
20220314 015324.150 INFO             PET0  NUMBER_OF_PROCESSORS           4
20220314 015324.150 INFO             PET0  PASS  Example ESMF_RHandleBitForBitEx, ESMF_RHandleBitForBitEx.F90, line 1557
20220314 015324.150 INFO             PET0 Finalizing ESMF
20220314 015324.130 INFO             PET1 !!!!!!!!!!!!!!!!!!!!!!!!!!!!!!!!!!!!!!!!!!!!!!!!!!!!!!
20220314 015324.130 INFO             PET1 !!! THE ESMF_LOG IS SET TO OUTPUT ALL LOG MESSAGES !!!
20220314 015324.130 INFO             PET1 !!!     THIS MAY CAUSE SLOWDOWN IN PERFORMANCE     !!!
20220314 015324.130 INFO             PET1 !!! FOR PRODUCTION RUNS, USE:                      !!!
20220314 015324.130 INFO             PET1 !!!                   ESMF_LOGKIND_Multi_On_Error  !!!
20220314 015324.130 INFO             PET1 !!!!!!!!!!!!!!!!!!!!!!!!!!!!!!!!!!!!!!!!!!!!!!!!!!!!!!
20220314 015324.130 INFO             PET1 Running with ESMF Version   : v8.3.0b09-96-g559b459836
20220314 015324.130 INFO             PET1 ESMF library build date/time: "Mar 14 2022" "01:37:45"
20220314 015324.130 INFO             PET1 ESMF library build location : /lfs/h1/emc/ptmp/Mark.Potts/gfortran_10.3.0_mpich3_O_jedwards_pio_update2
20220314 015324.130 INFO             PET1 ESMF_COMM                   : mpich3
20220314 015324.131 INFO             PET1 ESMF_MOAB                   : enabled
20220314 015324.131 INFO             PET1 ESMF_LAPACK                 : enabled
20220314 015324.131 INFO             PET1 ESMF_NETCDF                 : enabled
20220314 015324.131 INFO             PET1 ESMF_PNETCDF                : disabled
20220314 015324.131 INFO             PET1 ESMF_PIO                    : enabled
20220314 015324.131 INFO             PET1 ESMF_YAMLCPP                : enabled
20220314 015324.136 INFO             PET1 PIOc_sync Enter - MemInfo: [/proc/meminfo - SSI]	MemTotal:       527077124 kB
20220314 015324.136 INFO             PET1 PIOc_sync Enter - MemInfo: [/proc/meminfo - SSI]	MemFree:        517939484 kB
20220314 015324.136 INFO             PET1 PIOc_sync Enter - MemInfo: [/proc/meminfo - SSI]	MemAvailable:   517754520 kB
20220314 015324.136 INFO             PET1 PIOc_sync Enter - MemInfo: [/proc/meminfo - SSI]	Committed_AS:    1699948 kB
20220314 015324.136 INFO             PET1 PIOc_sync Enter - MemInfo: [/proc/meminfo - SSI]	CommittedPercent: 0.322524 %
20220314 015324.136 INFO             PET1 PIOc_sync Enter - MemInfo: [/proc/self/status]	VmPeak:	  158992 kB
20220314 015324.136 INFO             PET1 PIOc_sync Enter - MemInfo: [/proc/self/status]	VmSize:	  158992 kB
20220314 015324.136 INFO             PET1 PIOc_sync Enter - MemInfo: [/proc/self/status]	VmLck:	       0 kB
20220314 015324.136 INFO             PET1 PIOc_sync Enter - MemInfo: [/proc/self/status]	VmPin:	       0 kB
20220314 015324.136 INFO             PET1 PIOc_sync Enter - MemInfo: [/proc/self/status]	VmHWM:	   21220 kB
20220314 015324.136 INFO             PET1 PIOc_sync Enter - MemInfo: [/proc/self/status]	VmRSS:	   21220 kB
20220314 015324.136 INFO             PET1 PIOc_sync Enter - MemInfo: [/proc/self/status]	VmData:	    7884 kB
20220314 015324.136 INFO             PET1 PIOc_sync Enter - MemInfo: [/proc/self/status]	VmStk:	     156 kB
20220314 015324.136 INFO             PET1 PIOc_sync Enter - MemInfo: [/proc/self/status]	VmExe:	     220 kB
20220314 015324.136 INFO             PET1 PIOc_sync Enter - MemInfo: [/proc/self/status]	VmLib:	   77104 kB
20220314 015324.136 INFO             PET1 PIOc_sync Enter - MemInfo: [/proc/self/status]	VmPTE:	     316 kB
20220314 015324.136 INFO             PET1 PIOc_sync Enter - MemInfo: [/proc/self/status]	VmSwap:	       0 kB
20220314 015324.136 INFO             PET1 PIOc_sync Enter - MemInfo: [/proc/self/status]	VmRSSPercent: 0.00402598 %
20220314 015324.136 INFO             PET1 PIOc_sync Enter - MemInfo: [malloc] Non-mmapped space allocated:                  802816 Byte
20220314 015324.136 INFO             PET1 PIOc_sync Enter - MemInfo: [malloc] Space allocated in mmapped regions:          3477504 Byte
20220314 015324.136 INFO             PET1 PIOc_sync Enter - MemInfo: [malloc] Maximum total allocated space:                     0 Byte
20220314 015324.136 INFO             PET1 PIOc_sync Enter - MemInfo: [malloc] Space in freed fastbin blocks:                   128 Byte
20220314 015324.136 INFO             PET1 PIOc_sync Enter - MemInfo: [malloc] Total allocated space:                        762704 Byte
20220314 015324.136 INFO             PET1 PIOc_sync Enter - MemInfo: [malloc] Total free space:                              40112 Byte
20220314 015324.136 INFO             PET1 PIOc_sync Enter - MemInfo: [malloc] Top-most, releasable space:                    39888 Byte
20220314 015324.136 INFO             PET1 PIOc_sync Enter - MemInfo: [malloc] Total space in use, mmap + non-mmap:         4240208 Byte
20220314 015324.136 INFO             PET1 PIOc_sync Enter - MemInfo: [malloc] Total space held (mmap + non-mmap):          4280320 Byte
20220314 015324.136 INFO             PET1 PIOc_sync Enter - MemInfo: [malloc] Total space used (mmap + non-mmap):          4248736 Byte
20220314 015324.136 INFO             PET1 PIOc_sync Enter - MemInfo: Wall-clock time since execution start:             0.00791241 seconds
20220314 015324.137 INFO             PET1 PIOc_sync Exit - MemInfo: [/proc/meminfo - SSI]	MemTotal:       527077124 kB
20220314 015324.137 INFO             PET1 PIOc_sync Exit - MemInfo: [/proc/meminfo - SSI]	MemFree:        517938980 kB
20220314 015324.137 INFO             PET1 PIOc_sync Exit - MemInfo: [/proc/meminfo - SSI]	MemAvailable:   517754016 kB
20220314 015324.137 INFO             PET1 PIOc_sync Exit - MemInfo: [/proc/meminfo - SSI]	Committed_AS:    1700388 kB
20220314 015324.137 INFO             PET1 PIOc_sync Exit - MemInfo: [/proc/meminfo - SSI]	CommittedPercent: 0.322607 %
20220314 015324.137 INFO             PET1 PIOc_sync Exit - MemInfo: [/proc/self/status]	VmPeak:	  158992 kB
20220314 015324.137 INFO             PET1 PIOc_sync Exit - MemInfo: [/proc/self/status]	VmSize:	  158992 kB
20220314 015324.137 INFO             PET1 PIOc_sync Exit - MemInfo: [/proc/self/status]	VmLck:	       0 kB
20220314 015324.137 INFO             PET1 PIOc_sync Exit - MemInfo: [/proc/self/status]	VmPin:	       0 kB
20220314 015324.137 INFO             PET1 PIOc_sync Exit - MemInfo: [/proc/self/status]	VmHWM:	   21220 kB
20220314 015324.137 INFO             PET1 PIOc_sync Exit - MemInfo: [/proc/self/status]	VmRSS:	   21220 kB
20220314 015324.137 INFO             PET1 PIOc_sync Exit - MemInfo: [/proc/self/status]	VmData:	    7884 kB
20220314 015324.137 INFO             PET1 PIOc_sync Exit - MemInfo: [/proc/self/status]	VmStk:	     156 kB
20220314 015324.137 INFO             PET1 PIOc_sync Exit - MemInfo: [/proc/self/status]	VmExe:	     220 kB
20220314 015324.137 INFO             PET1 PIOc_sync Exit - MemInfo: [/proc/self/status]	VmLib:	   77104 kB
20220314 015324.137 INFO             PET1 PIOc_sync Exit - MemInfo: [/proc/self/status]	VmPTE:	     320 kB
20220314 015324.137 INFO             PET1 PIOc_sync Exit - MemInfo: [/proc/self/status]	VmSwap:	       0 kB
20220314 015324.137 INFO             PET1 PIOc_sync Exit - MemInfo: [/proc/self/status]	VmRSSPercent: 0.00402598 %
20220314 015324.137 INFO             PET1 PIOc_sync Exit - MemInfo: [malloc] Non-mmapped space allocated:                  802816 Byte
20220314 015324.137 INFO             PET1 PIOc_sync Exit - MemInfo: [malloc] Space allocated in mmapped regions:          3477504 Byte
20220314 015324.137 INFO             PET1 PIOc_sync Exit - MemInfo: [malloc] Maximum total allocated space:                     0 Byte
20220314 015324.137 INFO             PET1 PIOc_sync Exit - MemInfo: [malloc] Space in freed fastbin blocks:                   560 Byte
20220314 015324.137 INFO             PET1 PIOc_sync Exit - MemInfo: [malloc] Total allocated space:                        763424 Byte
20220314 015324.137 INFO             PET1 PIOc_sync Exit - MemInfo: [malloc] Total free space:                              39392 Byte
20220314 015324.137 INFO             PET1 PIOc_sync Exit - MemInfo: [malloc] Top-most, releasable space:                    38656 Byte
20220314 015324.137 INFO             PET1 PIOc_sync Exit - MemInfo: [malloc] Total space in use, mmap + non-mmap:         4240928 Byte
20220314 015324.137 INFO             PET1 PIOc_sync Exit - MemInfo: [malloc] Total space held (mmap + non-mmap):          4280320 Byte
20220314 015324.137 INFO             PET1 PIOc_sync Exit - MemInfo: [malloc] Total space used (mmap + non-mmap):          4249536 Byte
20220314 015324.137 INFO             PET1 PIOc_sync Exit - MemInfo: Wall-clock time since execution start:             0.00823148 seconds
20220314 015324.137 INFO             PET1 PIOc_freedecomp Enter - MemInfo: [/proc/meminfo - SSI]	MemTotal:       527077124 kB
20220314 015324.137 INFO             PET1 PIOc_freedecomp Enter - MemInfo: [/proc/meminfo - SSI]	MemFree:        517946132 kB
20220314 015324.137 INFO             PET1 PIOc_freedecomp Enter - MemInfo: [/proc/meminfo - SSI]	MemAvailable:   517761168 kB
20220314 015324.137 INFO             PET1 PIOc_freedecomp Enter - MemInfo: [/proc/meminfo - SSI]	Committed_AS:    1691676 kB
20220314 015324.137 INFO             PET1 PIOc_freedecomp Enter - MemInfo: [/proc/meminfo - SSI]	CommittedPercent: 0.320954 %
20220314 015324.137 INFO             PET1 PIOc_freedecomp Enter - MemInfo: [/proc/self/status]	VmPeak:	  158992 kB
20220314 015324.137 INFO             PET1 PIOc_freedecomp Enter - MemInfo: [/proc/self/status]	VmSize:	  158992 kB
20220314 015324.137 INFO             PET1 PIOc_freedecomp Enter - MemInfo: [/proc/self/status]	VmLck:	       0 kB
20220314 015324.137 INFO             PET1 PIOc_freedecomp Enter - MemInfo: [/proc/self/status]	VmPin:	       0 kB
20220314 015324.137 INFO             PET1 PIOc_freedecomp Enter - MemInfo: [/proc/self/status]	VmHWM:	   21220 kB
20220314 015324.137 INFO             PET1 PIOc_freedecomp Enter - MemInfo: [/proc/self/status]	VmRSS:	   21220 kB
20220314 015324.137 INFO             PET1 PIOc_freedecomp Enter - MemInfo: [/proc/self/status]	VmData:	    7884 kB
20220314 015324.137 INFO             PET1 PIOc_freedecomp Enter - MemInfo: [/proc/self/status]	VmStk:	     156 kB
20220314 015324.137 INFO             PET1 PIOc_freedecomp Enter - MemInfo: [/proc/self/status]	VmExe:	     220 kB
20220314 015324.137 INFO             PET1 PIOc_freedecomp Enter - MemInfo: [/proc/self/status]	VmLib:	   77104 kB
20220314 015324.137 INFO             PET1 PIOc_freedecomp Enter - MemInfo: [/proc/self/status]	VmPTE:	     320 kB
20220314 015324.137 INFO             PET1 PIOc_freedecomp Enter - MemInfo: [/proc/self/status]	VmSwap:	       0 kB
20220314 015324.137 INFO             PET1 PIOc_freedecomp Enter - MemInfo: [/proc/self/status]	VmRSSPercent: 0.00402598 %
20220314 015324.137 INFO             PET1 PIOc_freedecomp Enter - MemInfo: [malloc] Non-mmapped space allocated:                  802816 Byte
20220314 015324.137 INFO             PET1 PIOc_freedecomp Enter - MemInfo: [malloc] Space allocated in mmapped regions:          3477504 Byte
20220314 015324.137 INFO             PET1 PIOc_freedecomp Enter - MemInfo: [malloc] Maximum total allocated space:                     0 Byte
20220314 015324.137 INFO             PET1 PIOc_freedecomp Enter - MemInfo: [malloc] Space in freed fastbin blocks:                   720 Byte
20220314 015324.137 INFO             PET1 PIOc_freedecomp Enter - MemInfo: [malloc] Total allocated space:                        763328 Byte
20220314 015324.137 INFO             PET1 PIOc_freedecomp Enter - MemInfo: [malloc] Total free space:                              39488 Byte
20220314 015324.137 INFO             PET1 PIOc_freedecomp Enter - MemInfo: [malloc] Top-most, releasable space:                    38432 Byte
20220314 015324.137 INFO             PET1 PIOc_freedecomp Enter - MemInfo: [malloc] Total space in use, mmap + non-mmap:         4240832 Byte
20220314 015324.137 INFO             PET1 PIOc_freedecomp Enter - MemInfo: [malloc] Total space held (mmap + non-mmap):          4280320 Byte
20220314 015324.137 INFO             PET1 PIOc_freedecomp Enter - MemInfo: [malloc] Total space used (mmap + non-mmap):          4249040 Byte
20220314 015324.137 INFO             PET1 PIOc_freedecomp Enter - MemInfo: Wall-clock time since execution start:                0.00862 seconds
20220314 015324.137 INFO             PET1 PIOc_freedecomp Exit - MemInfo: [/proc/meminfo - SSI]	MemTotal:       527077124 kB
20220314 015324.137 INFO             PET1 PIOc_freedecomp Exit - MemInfo: [/proc/meminfo - SSI]	MemFree:        517946132 kB
20220314 015324.137 INFO             PET1 PIOc_freedecomp Exit - MemInfo: [/proc/meminfo - SSI]	MemAvailable:   517761168 kB
20220314 015324.137 INFO             PET1 PIOc_freedecomp Exit - MemInfo: [/proc/meminfo - SSI]	Committed_AS:    1691676 kB
20220314 015324.137 INFO             PET1 PIOc_freedecomp Exit - MemInfo: [/proc/meminfo - SSI]	CommittedPercent: 0.320954 %
20220314 015324.137 INFO             PET1 PIOc_freedecomp Exit - MemInfo: [/proc/self/status]	VmPeak:	  158992 kB
20220314 015324.137 INFO             PET1 PIOc_freedecomp Exit - MemInfo: [/proc/self/status]	VmSize:	  158992 kB
20220314 015324.137 INFO             PET1 PIOc_freedecomp Exit - MemInfo: [/proc/self/status]	VmLck:	       0 kB
20220314 015324.137 INFO             PET1 PIOc_freedecomp Exit - MemInfo: [/proc/self/status]	VmPin:	       0 kB
20220314 015324.137 INFO             PET1 PIOc_freedecomp Exit - MemInfo: [/proc/self/status]	VmHWM:	   21220 kB
20220314 015324.137 INFO             PET1 PIOc_freedecomp Exit - MemInfo: [/proc/self/status]	VmRSS:	   21220 kB
20220314 015324.137 INFO             PET1 PIOc_freedecomp Exit - MemInfo: [/proc/self/status]	VmData:	    7884 kB
20220314 015324.137 INFO             PET1 PIOc_freedecomp Exit - MemInfo: [/proc/self/status]	VmStk:	     156 kB
20220314 015324.137 INFO             PET1 PIOc_freedecomp Exit - MemInfo: [/proc/self/status]	VmExe:	     220 kB
20220314 015324.137 INFO             PET1 PIOc_freedecomp Exit - MemInfo: [/proc/self/status]	VmLib:	   77104 kB
20220314 015324.137 INFO             PET1 PIOc_freedecomp Exit - MemInfo: [/proc/self/status]	VmPTE:	     320 kB
20220314 015324.137 INFO             PET1 PIOc_freedecomp Exit - MemInfo: [/proc/self/status]	VmSwap:	       0 kB
20220314 015324.137 INFO             PET1 PIOc_freedecomp Exit - MemInfo: [/proc/self/status]	VmRSSPercent: 0.00402598 %
20220314 015324.137 INFO             PET1 PIOc_freedecomp Exit - MemInfo: [malloc] Non-mmapped space allocated:                  802816 Byte
20220314 015324.137 INFO             PET1 PIOc_freedecomp Exit - MemInfo: [malloc] Space allocated in mmapped regions:          3477504 Byte
20220314 015324.137 INFO             PET1 PIOc_freedecomp Exit - MemInfo: [malloc] Maximum total allocated space:                     0 Byte
20220314 015324.137 INFO             PET1 PIOc_freedecomp Exit - MemInfo: [malloc] Space in freed fastbin blocks:                  1104 Byte
20220314 015324.137 INFO             PET1 PIOc_freedecomp Exit - MemInfo: [malloc] Total allocated space:                        763216 Byte
20220314 015324.137 INFO             PET1 PIOc_freedecomp Exit - MemInfo: [malloc] Total free space:                              39600 Byte
20220314 015324.137 INFO             PET1 PIOc_freedecomp Exit - MemInfo: [malloc] Top-most, releasable space:                    38208 Byte
20220314 015324.137 INFO             PET1 PIOc_freedecomp Exit - MemInfo: [malloc] Total space in use, mmap + non-mmap:         4240720 Byte
20220314 015324.137 INFO             PET1 PIOc_freedecomp Exit - MemInfo: [malloc] Total space held (mmap + non-mmap):          4280320 Byte
20220314 015324.137 INFO             PET1 PIOc_freedecomp Exit - MemInfo: [malloc] Total space used (mmap + non-mmap):          4248928 Byte
20220314 015324.137 INFO             PET1 PIOc_freedecomp Exit - MemInfo: Wall-clock time since execution start:             0.00877805 seconds
20220314 015324.139 INFO             PET1 PIOc_sync Enter - MemInfo: [/proc/meminfo - SSI]	MemTotal:       527077124 kB
20220314 015324.139 INFO             PET1 PIOc_sync Enter - MemInfo: [/proc/meminfo - SSI]	MemFree:        517941532 kB
20220314 015324.139 INFO             PET1 PIOc_sync Enter - MemInfo: [/proc/meminfo - SSI]	MemAvailable:   517756568 kB
20220314 015324.139 INFO             PET1 PIOc_sync Enter - MemInfo: [/proc/meminfo - SSI]	Committed_AS:    1700384 kB
20220314 015324.139 INFO             PET1 PIOc_sync Enter - MemInfo: [/proc/meminfo - SSI]	CommittedPercent: 0.322606 %
20220314 015324.139 INFO             PET1 PIOc_sync Enter - MemInfo: [/proc/self/status]	VmPeak:	  158992 kB
20220314 015324.139 INFO             PET1 PIOc_sync Enter - MemInfo: [/proc/self/status]	VmSize:	  158992 kB
20220314 015324.139 INFO             PET1 PIOc_sync Enter - MemInfo: [/proc/self/status]	VmLck:	       0 kB
20220314 015324.139 INFO             PET1 PIOc_sync Enter - MemInfo: [/proc/self/status]	VmPin:	       0 kB
20220314 015324.139 INFO             PET1 PIOc_sync Enter - MemInfo: [/proc/self/status]	VmHWM:	   21848 kB
20220314 015324.139 INFO             PET1 PIOc_sync Enter - MemInfo: [/proc/self/status]	VmRSS:	   21832 kB
20220314 015324.139 INFO             PET1 PIOc_sync Enter - MemInfo: [/proc/self/status]	VmData:	    7884 kB
20220314 015324.139 INFO             PET1 PIOc_sync Enter - MemInfo: [/proc/self/status]	VmStk:	     156 kB
20220314 015324.139 INFO             PET1 PIOc_sync Enter - MemInfo: [/proc/self/status]	VmExe:	     220 kB
20220314 015324.139 INFO             PET1 PIOc_sync Enter - MemInfo: [/proc/self/status]	VmLib:	   77104 kB
20220314 015324.139 INFO             PET1 PIOc_sync Enter - MemInfo: [/proc/self/status]	VmPTE:	     320 kB
20220314 015324.139 INFO             PET1 PIOc_sync Enter - MemInfo: [/proc/self/status]	VmSwap:	       0 kB
20220314 015324.139 INFO             PET1 PIOc_sync Enter - MemInfo: [/proc/self/status]	VmRSSPercent: 0.00414209 %
20220314 015324.139 INFO             PET1 PIOc_sync Enter - MemInfo: [malloc] Non-mmapped space allocated:                  802816 Byte
20220314 015324.139 INFO             PET1 PIOc_sync Enter - MemInfo: [malloc] Space allocated in mmapped regions:          3477504 Byte
20220314 015324.139 INFO             PET1 PIOc_sync Enter - MemInfo: [malloc] Maximum total allocated space:                     0 Byte
20220314 015324.139 INFO             PET1 PIOc_sync Enter - MemInfo: [malloc] Space in freed fastbin blocks:                  1072 Byte
20220314 015324.139 INFO             PET1 PIOc_sync Enter - MemInfo: [malloc] Total allocated space:                        767008 Byte
20220314 015324.139 INFO             PET1 PIOc_sync Enter - MemInfo: [malloc] Total free space:                              35808 Byte
20220314 015324.139 INFO             PET1 PIOc_sync Enter - MemInfo: [malloc] Top-most, releasable space:                    34640 Byte
20220314 015324.139 INFO             PET1 PIOc_sync Enter - MemInfo: [malloc] Total space in use, mmap + non-mmap:         4244512 Byte
20220314 015324.139 INFO             PET1 PIOc_sync Enter - MemInfo: [malloc] Total space held (mmap + non-mmap):          4280320 Byte
20220314 015324.139 INFO             PET1 PIOc_sync Enter - MemInfo: [malloc] Total space used (mmap + non-mmap):          4252720 Byte
20220314 015324.139 INFO             PET1 PIOc_sync Enter - MemInfo: Wall-clock time since execution start:              0.0103839 seconds
20220314 015324.139 INFO             PET1 PIOc_sync Exit - MemInfo: [/proc/meminfo - SSI]	MemTotal:       527077124 kB
20220314 015324.139 INFO             PET1 PIOc_sync Exit - MemInfo: [/proc/meminfo - SSI]	MemFree:        517941532 kB
20220314 015324.139 INFO             PET1 PIOc_sync Exit - MemInfo: [/proc/meminfo - SSI]	MemAvailable:   517756568 kB
20220314 015324.139 INFO             PET1 PIOc_sync Exit - MemInfo: [/proc/meminfo - SSI]	Committed_AS:    1700384 kB
20220314 015324.139 INFO             PET1 PIOc_sync Exit - MemInfo: [/proc/meminfo - SSI]	CommittedPercent: 0.322606 %
20220314 015324.139 INFO             PET1 PIOc_sync Exit - MemInfo: [/proc/self/status]	VmPeak:	  158992 kB
20220314 015324.139 INFO             PET1 PIOc_sync Exit - MemInfo: [/proc/self/status]	VmSize:	  158992 kB
20220314 015324.139 INFO             PET1 PIOc_sync Exit - MemInfo: [/proc/self/status]	VmLck:	       0 kB
20220314 015324.139 INFO             PET1 PIOc_sync Exit - MemInfo: [/proc/self/status]	VmPin:	       0 kB
20220314 015324.139 INFO             PET1 PIOc_sync Exit - MemInfo: [/proc/self/status]	VmHWM:	   21848 kB
20220314 015324.139 INFO             PET1 PIOc_sync Exit - MemInfo: [/proc/self/status]	VmRSS:	   21832 kB
20220314 015324.139 INFO             PET1 PIOc_sync Exit - MemInfo: [/proc/self/status]	VmData:	    7884 kB
20220314 015324.139 INFO             PET1 PIOc_sync Exit - MemInfo: [/proc/self/status]	VmStk:	     156 kB
20220314 015324.139 INFO             PET1 PIOc_sync Exit - MemInfo: [/proc/self/status]	VmExe:	     220 kB
20220314 015324.139 INFO             PET1 PIOc_sync Exit - MemInfo: [/proc/self/status]	VmLib:	   77104 kB
20220314 015324.139 INFO             PET1 PIOc_sync Exit - MemInfo: [/proc/self/status]	VmPTE:	     320 kB
20220314 015324.139 INFO             PET1 PIOc_sync Exit - MemInfo: [/proc/self/status]	VmSwap:	       0 kB
20220314 015324.139 INFO             PET1 PIOc_sync Exit - MemInfo: [/proc/self/status]	VmRSSPercent: 0.00414209 %
20220314 015324.139 INFO             PET1 PIOc_sync Exit - MemInfo: [malloc] Non-mmapped space allocated:                  802816 Byte
20220314 015324.139 INFO             PET1 PIOc_sync Exit - MemInfo: [malloc] Space allocated in mmapped regions:          3477504 Byte
20220314 015324.139 INFO             PET1 PIOc_sync Exit - MemInfo: [malloc] Maximum total allocated space:                     0 Byte
20220314 015324.139 INFO             PET1 PIOc_sync Exit - MemInfo: [malloc] Space in freed fastbin blocks:                  1024 Byte
20220314 015324.139 INFO             PET1 PIOc_sync Exit - MemInfo: [malloc] Total allocated space:                        767248 Byte
20220314 015324.139 INFO             PET1 PIOc_sync Exit - MemInfo: [malloc] Total free space:                              35568 Byte
20220314 015324.139 INFO             PET1 PIOc_sync Exit - MemInfo: [malloc] Top-most, releasable space:                    34416 Byte
20220314 015324.139 INFO             PET1 PIOc_sync Exit - MemInfo: [malloc] Total space in use, mmap + non-mmap:         4244752 Byte
20220314 015324.139 INFO             PET1 PIOc_sync Exit - MemInfo: [malloc] Total space held (mmap + non-mmap):          4280320 Byte
20220314 015324.139 INFO             PET1 PIOc_sync Exit - MemInfo: [malloc] Total space used (mmap + non-mmap):          4252960 Byte
20220314 015324.139 INFO             PET1 PIOc_sync Exit - MemInfo: Wall-clock time since execution start:              0.0105795 seconds
20220314 015324.139 INFO             PET1 PIOc_freedecomp Enter - MemInfo: [/proc/meminfo - SSI]	MemTotal:       527077124 kB
20220314 015324.139 INFO             PET1 PIOc_freedecomp Enter - MemInfo: [/proc/meminfo - SSI]	MemFree:        517941532 kB
20220314 015324.139 INFO             PET1 PIOc_freedecomp Enter - MemInfo: [/proc/meminfo - SSI]	MemAvailable:   517756568 kB
20220314 015324.139 INFO             PET1 PIOc_freedecomp Enter - MemInfo: [/proc/meminfo - SSI]	Committed_AS:    1700384 kB
20220314 015324.139 INFO             PET1 PIOc_freedecomp Enter - MemInfo: [/proc/meminfo - SSI]	CommittedPercent: 0.322606 %
20220314 015324.139 INFO             PET1 PIOc_freedecomp Enter - MemInfo: [/proc/self/status]	VmPeak:	  158992 kB
20220314 015324.139 INFO             PET1 PIOc_freedecomp Enter - MemInfo: [/proc/self/status]	VmSize:	  158992 kB
20220314 015324.139 INFO             PET1 PIOc_freedecomp Enter - MemInfo: [/proc/self/status]	VmLck:	       0 kB
20220314 015324.139 INFO             PET1 PIOc_freedecomp Enter - MemInfo: [/proc/self/status]	VmPin:	       0 kB
20220314 015324.139 INFO             PET1 PIOc_freedecomp Enter - MemInfo: [/proc/self/status]	VmHWM:	   21848 kB
20220314 015324.139 INFO             PET1 PIOc_freedecomp Enter - MemInfo: [/proc/self/status]	VmRSS:	   21832 kB
20220314 015324.139 INFO             PET1 PIOc_freedecomp Enter - MemInfo: [/proc/self/status]	VmData:	    7884 kB
20220314 015324.139 INFO             PET1 PIOc_freedecomp Enter - MemInfo: [/proc/self/status]	VmStk:	     156 kB
20220314 015324.139 INFO             PET1 PIOc_freedecomp Enter - MemInfo: [/proc/self/status]	VmExe:	     220 kB
20220314 015324.139 INFO             PET1 PIOc_freedecomp Enter - MemInfo: [/proc/self/status]	VmLib:	   77104 kB
20220314 015324.139 INFO             PET1 PIOc_freedecomp Enter - MemInfo: [/proc/self/status]	VmPTE:	     320 kB
20220314 015324.139 INFO             PET1 PIOc_freedecomp Enter - MemInfo: [/proc/self/status]	VmSwap:	       0 kB
20220314 015324.139 INFO             PET1 PIOc_freedecomp Enter - MemInfo: [/proc/self/status]	VmRSSPercent: 0.00414209 %
20220314 015324.139 INFO             PET1 PIOc_freedecomp Enter - MemInfo: [malloc] Non-mmapped space allocated:                  802816 Byte
20220314 015324.139 INFO             PET1 PIOc_freedecomp Enter - MemInfo: [malloc] Space allocated in mmapped regions:          3477504 Byte
20220314 015324.139 INFO             PET1 PIOc_freedecomp Enter - MemInfo: [malloc] Maximum total allocated space:                     0 Byte
20220314 015324.139 INFO             PET1 PIOc_freedecomp Enter - MemInfo: [malloc] Space in freed fastbin blocks:                   576 Byte
20220314 015324.139 INFO             PET1 PIOc_freedecomp Enter - MemInfo: [malloc] Total allocated space:                        766784 Byte
20220314 015324.139 INFO             PET1 PIOc_freedecomp Enter - MemInfo: [malloc] Total free space:                              36032 Byte
20220314 015324.139 INFO             PET1 PIOc_freedecomp Enter - MemInfo: [malloc] Top-most, releasable space:                    34192 Byte
20220314 015324.139 INFO             PET1 PIOc_freedecomp Enter - MemInfo: [malloc] Total space in use, mmap + non-mmap:         4244288 Byte
20220314 015324.139 INFO             PET1 PIOc_freedecomp Enter - MemInfo: [malloc] Total space held (mmap + non-mmap):          4280320 Byte
20220314 015324.139 INFO             PET1 PIOc_freedecomp Enter - MemInfo: [malloc] Total space used (mmap + non-mmap):          4252496 Byte
20220314 015324.139 INFO             PET1 PIOc_freedecomp Enter - MemInfo: Wall-clock time since execution start:              0.0108491 seconds
20220314 015324.139 INFO             PET1 PIOc_freedecomp Exit - MemInfo: [/proc/meminfo - SSI]	MemTotal:       527077124 kB
20220314 015324.139 INFO             PET1 PIOc_freedecomp Exit - MemInfo: [/proc/meminfo - SSI]	MemFree:        517941532 kB
20220314 015324.139 INFO             PET1 PIOc_freedecomp Exit - MemInfo: [/proc/meminfo - SSI]	MemAvailable:   517756568 kB
20220314 015324.139 INFO             PET1 PIOc_freedecomp Exit - MemInfo: [/proc/meminfo - SSI]	Committed_AS:    1700384 kB
20220314 015324.139 INFO             PET1 PIOc_freedecomp Exit - MemInfo: [/proc/meminfo - SSI]	CommittedPercent: 0.322606 %
20220314 015324.139 INFO             PET1 PIOc_freedecomp Exit - MemInfo: [/proc/self/status]	VmPeak:	  158992 kB
20220314 015324.139 INFO             PET1 PIOc_freedecomp Exit - MemInfo: [/proc/self/status]	VmSize:	  158992 kB
20220314 015324.139 INFO             PET1 PIOc_freedecomp Exit - MemInfo: [/proc/self/status]	VmLck:	       0 kB
20220314 015324.139 INFO             PET1 PIOc_freedecomp Exit - MemInfo: [/proc/self/status]	VmPin:	       0 kB
20220314 015324.139 INFO             PET1 PIOc_freedecomp Exit - MemInfo: [/proc/self/status]	VmHWM:	   21848 kB
20220314 015324.139 INFO             PET1 PIOc_freedecomp Exit - MemInfo: [/proc/self/status]	VmRSS:	   21832 kB
20220314 015324.139 INFO             PET1 PIOc_freedecomp Exit - MemInfo: [/proc/self/status]	VmData:	    7884 kB
20220314 015324.139 INFO             PET1 PIOc_freedecomp Exit - MemInfo: [/proc/self/status]	VmStk:	     156 kB
20220314 015324.139 INFO             PET1 PIOc_freedecomp Exit - MemInfo: [/proc/self/status]	VmExe:	     220 kB
20220314 015324.139 INFO             PET1 PIOc_freedecomp Exit - MemInfo: [/proc/self/status]	VmLib:	   77104 kB
20220314 015324.139 INFO             PET1 PIOc_freedecomp Exit - MemInfo: [/proc/self/status]	VmPTE:	     320 kB
20220314 015324.139 INFO             PET1 PIOc_freedecomp Exit - MemInfo: [/proc/self/status]	VmSwap:	       0 kB
20220314 015324.140 INFO             PET1 PIOc_freedecomp Exit - MemInfo: [/proc/self/status]	VmRSSPercent: 0.00414209 %
20220314 015324.140 INFO             PET1 PIOc_freedecomp Exit - MemInfo: [malloc] Non-mmapped space allocated:                  802816 Byte
20220314 015324.140 INFO             PET1 PIOc_freedecomp Exit - MemInfo: [malloc] Space allocated in mmapped regions:          3477504 Byte
20220314 015324.140 INFO             PET1 PIOc_freedecomp Exit - MemInfo: [malloc] Maximum total allocated space:                     0 Byte
20220314 015324.140 INFO             PET1 PIOc_freedecomp Exit - MemInfo: [malloc] Space in freed fastbin blocks:                   768 Byte
20220314 015324.140 INFO             PET1 PIOc_freedecomp Exit - MemInfo: [malloc] Total allocated space:                        765888 Byte
20220314 015324.140 INFO             PET1 PIOc_freedecomp Exit - MemInfo: [malloc] Total free space:                              36928 Byte
20220314 015324.140 INFO             PET1 PIOc_freedecomp Exit - MemInfo: [malloc] Top-most, releasable space:                    33968 Byte
20220314 015324.140 INFO             PET1 PIOc_freedecomp Exit - MemInfo: [malloc] Total space in use, mmap + non-mmap:         4243392 Byte
20220314 015324.140 INFO             PET1 PIOc_freedecomp Exit - MemInfo: [malloc] Total space held (mmap + non-mmap):          4280320 Byte
20220314 015324.140 INFO             PET1 PIOc_freedecomp Exit - MemInfo: [malloc] Total space used (mmap + non-mmap):          4252064 Byte
20220314 015324.140 INFO             PET1 PIOc_freedecomp Exit - MemInfo: Wall-clock time since execution start:              0.0110028 seconds
20220314 015324.141 INFO             PET1 PIOc_sync Enter - MemInfo: [/proc/meminfo - SSI]	MemTotal:       527077124 kB
20220314 015324.141 INFO             PET1 PIOc_sync Enter - MemInfo: [/proc/meminfo - SSI]	MemFree:        517941028 kB
20220314 015324.141 INFO             PET1 PIOc_sync Enter - MemInfo: [/proc/meminfo - SSI]	MemAvailable:   517756064 kB
20220314 015324.141 INFO             PET1 PIOc_sync Enter - MemInfo: [/proc/meminfo - SSI]	Committed_AS:    1700384 kB
20220314 015324.141 INFO             PET1 PIOc_sync Enter - MemInfo: [/proc/meminfo - SSI]	CommittedPercent: 0.322606 %
20220314 015324.141 INFO             PET1 PIOc_sync Enter - MemInfo: [/proc/self/status]	VmPeak:	  158992 kB
20220314 015324.141 INFO             PET1 PIOc_sync Enter - MemInfo: [/proc/self/status]	VmSize:	  158992 kB
20220314 015324.141 INFO             PET1 PIOc_sync Enter - MemInfo: [/proc/self/status]	VmLck:	       0 kB
20220314 015324.141 INFO             PET1 PIOc_sync Enter - MemInfo: [/proc/self/status]	VmPin:	       0 kB
20220314 015324.141 INFO             PET1 PIOc_sync Enter - MemInfo: [/proc/self/status]	VmHWM:	   21900 kB
20220314 015324.141 INFO             PET1 PIOc_sync Enter - MemInfo: [/proc/self/status]	VmRSS:	   21884 kB
20220314 015324.141 INFO             PET1 PIOc_sync Enter - MemInfo: [/proc/self/status]	VmData:	    7884 kB
20220314 015324.141 INFO             PET1 PIOc_sync Enter - MemInfo: [/proc/self/status]	VmStk:	     156 kB
20220314 015324.141 INFO             PET1 PIOc_sync Enter - MemInfo: [/proc/self/status]	VmExe:	     220 kB
20220314 015324.141 INFO             PET1 PIOc_sync Enter - MemInfo: [/proc/self/status]	VmLib:	   77104 kB
20220314 015324.141 INFO             PET1 PIOc_sync Enter - MemInfo: [/proc/self/status]	VmPTE:	     320 kB
20220314 015324.141 INFO             PET1 PIOc_sync Enter - MemInfo: [/proc/self/status]	VmSwap:	       0 kB
20220314 015324.141 INFO             PET1 PIOc_sync Enter - MemInfo: [/proc/self/status]	VmRSSPercent: 0.00415195 %
20220314 015324.141 INFO             PET1 PIOc_sync Enter - MemInfo: [malloc] Non-mmapped space allocated:                  802816 Byte
20220314 015324.141 INFO             PET1 PIOc_sync Enter - MemInfo: [malloc] Space allocated in mmapped regions:          3477504 Byte
20220314 015324.141 INFO             PET1 PIOc_sync Enter - MemInfo: [malloc] Maximum total allocated space:                     0 Byte
20220314 015324.141 INFO             PET1 PIOc_sync Enter - MemInfo: [malloc] Space in freed fastbin blocks:                   528 Byte
20220314 015324.141 INFO             PET1 PIOc_sync Enter - MemInfo: [malloc] Total allocated space:                        769696 Byte
20220314 015324.141 INFO             PET1 PIOc_sync Enter - MemInfo: [malloc] Total free space:                              33120 Byte
20220314 015324.141 INFO             PET1 PIOc_sync Enter - MemInfo: [malloc] Top-most, releasable space:                    31856 Byte
20220314 015324.141 INFO             PET1 PIOc_sync Enter - MemInfo: [malloc] Total space in use, mmap + non-mmap:         4247200 Byte
20220314 015324.141 INFO             PET1 PIOc_sync Enter - MemInfo: [malloc] Total space held (mmap + non-mmap):          4280320 Byte
20220314 015324.141 INFO             PET1 PIOc_sync Enter - MemInfo: [malloc] Total space used (mmap + non-mmap):          4255856 Byte
20220314 015324.141 INFO             PET1 PIOc_sync Enter - MemInfo: Wall-clock time since execution start:              0.0123506 seconds
20220314 015324.141 INFO             PET1 PIOc_sync Exit - MemInfo: [/proc/meminfo - SSI]	MemTotal:       527077124 kB
20220314 015324.141 INFO             PET1 PIOc_sync Exit - MemInfo: [/proc/meminfo - SSI]	MemFree:        517941028 kB
20220314 015324.141 INFO             PET1 PIOc_sync Exit - MemInfo: [/proc/meminfo - SSI]	MemAvailable:   517756064 kB
20220314 015324.141 INFO             PET1 PIOc_sync Exit - MemInfo: [/proc/meminfo - SSI]	Committed_AS:    1700384 kB
20220314 015324.141 INFO             PET1 PIOc_sync Exit - MemInfo: [/proc/meminfo - SSI]	CommittedPercent: 0.322606 %
20220314 015324.141 INFO             PET1 PIOc_sync Exit - MemInfo: [/proc/self/status]	VmPeak:	  158992 kB
20220314 015324.141 INFO             PET1 PIOc_sync Exit - MemInfo: [/proc/self/status]	VmSize:	  158992 kB
20220314 015324.141 INFO             PET1 PIOc_sync Exit - MemInfo: [/proc/self/status]	VmLck:	       0 kB
20220314 015324.141 INFO             PET1 PIOc_sync Exit - MemInfo: [/proc/self/status]	VmPin:	       0 kB
20220314 015324.141 INFO             PET1 PIOc_sync Exit - MemInfo: [/proc/self/status]	VmHWM:	   21900 kB
20220314 015324.141 INFO             PET1 PIOc_sync Exit - MemInfo: [/proc/self/status]	VmRSS:	   21884 kB
20220314 015324.141 INFO             PET1 PIOc_sync Exit - MemInfo: [/proc/self/status]	VmData:	    7884 kB
20220314 015324.141 INFO             PET1 PIOc_sync Exit - MemInfo: [/proc/self/status]	VmStk:	     156 kB
20220314 015324.141 INFO             PET1 PIOc_sync Exit - MemInfo: [/proc/self/status]	VmExe:	     220 kB
20220314 015324.141 INFO             PET1 PIOc_sync Exit - MemInfo: [/proc/self/status]	VmLib:	   77104 kB
20220314 015324.141 INFO             PET1 PIOc_sync Exit - MemInfo: [/proc/self/status]	VmPTE:	     320 kB
20220314 015324.141 INFO             PET1 PIOc_sync Exit - MemInfo: [/proc/self/status]	VmSwap:	       0 kB
20220314 015324.141 INFO             PET1 PIOc_sync Exit - MemInfo: [/proc/self/status]	VmRSSPercent: 0.00415195 %
20220314 015324.141 INFO             PET1 PIOc_sync Exit - MemInfo: [malloc] Non-mmapped space allocated:                  802816 Byte
20220314 015324.141 INFO             PET1 PIOc_sync Exit - MemInfo: [malloc] Space allocated in mmapped regions:          3477504 Byte
20220314 015324.141 INFO             PET1 PIOc_sync Exit - MemInfo: [malloc] Maximum total allocated space:                     0 Byte
20220314 015324.141 INFO             PET1 PIOc_sync Exit - MemInfo: [malloc] Space in freed fastbin blocks:                    96 Byte
20220314 015324.141 INFO             PET1 PIOc_sync Exit - MemInfo: [malloc] Total allocated space:                        769584 Byte
20220314 015324.141 INFO             PET1 PIOc_sync Exit - MemInfo: [malloc] Total free space:                              33232 Byte
20220314 015324.141 INFO             PET1 PIOc_sync Exit - MemInfo: [malloc] Top-most, releasable space:                    31408 Byte
20220314 015324.141 INFO             PET1 PIOc_sync Exit - MemInfo: [malloc] Total space in use, mmap + non-mmap:         4247088 Byte
20220314 015324.141 INFO             PET1 PIOc_sync Exit - MemInfo: [malloc] Total space held (mmap + non-mmap):          4280320 Byte
20220314 015324.141 INFO             PET1 PIOc_sync Exit - MemInfo: [malloc] Total space used (mmap + non-mmap):          4255232 Byte
20220314 015324.141 INFO             PET1 PIOc_sync Exit - MemInfo: Wall-clock time since execution start:               0.012519 seconds
20220314 015324.141 INFO             PET1 PIOc_freedecomp Enter - MemInfo: [/proc/meminfo - SSI]	MemTotal:       527077124 kB
20220314 015324.141 INFO             PET1 PIOc_freedecomp Enter - MemInfo: [/proc/meminfo - SSI]	MemFree:        517941028 kB
20220314 015324.141 INFO             PET1 PIOc_freedecomp Enter - MemInfo: [/proc/meminfo - SSI]	MemAvailable:   517756064 kB
20220314 015324.141 INFO             PET1 PIOc_freedecomp Enter - MemInfo: [/proc/meminfo - SSI]	Committed_AS:    1700384 kB
20220314 015324.141 INFO             PET1 PIOc_freedecomp Enter - MemInfo: [/proc/meminfo - SSI]	CommittedPercent: 0.322606 %
20220314 015324.141 INFO             PET1 PIOc_freedecomp Enter - MemInfo: [/proc/self/status]	VmPeak:	  158992 kB
20220314 015324.141 INFO             PET1 PIOc_freedecomp Enter - MemInfo: [/proc/self/status]	VmSize:	  158992 kB
20220314 015324.141 INFO             PET1 PIOc_freedecomp Enter - MemInfo: [/proc/self/status]	VmLck:	       0 kB
20220314 015324.141 INFO             PET1 PIOc_freedecomp Enter - MemInfo: [/proc/self/status]	VmPin:	       0 kB
20220314 015324.141 INFO             PET1 PIOc_freedecomp Enter - MemInfo: [/proc/self/status]	VmHWM:	   21900 kB
20220314 015324.141 INFO             PET1 PIOc_freedecomp Enter - MemInfo: [/proc/self/status]	VmRSS:	   21884 kB
20220314 015324.141 INFO             PET1 PIOc_freedecomp Enter - MemInfo: [/proc/self/status]	VmData:	    7884 kB
20220314 015324.141 INFO             PET1 PIOc_freedecomp Enter - MemInfo: [/proc/self/status]	VmStk:	     156 kB
20220314 015324.141 INFO             PET1 PIOc_freedecomp Enter - MemInfo: [/proc/self/status]	VmExe:	     220 kB
20220314 015324.141 INFO             PET1 PIOc_freedecomp Enter - MemInfo: [/proc/self/status]	VmLib:	   77104 kB
20220314 015324.141 INFO             PET1 PIOc_freedecomp Enter - MemInfo: [/proc/self/status]	VmPTE:	     320 kB
20220314 015324.141 INFO             PET1 PIOc_freedecomp Enter - MemInfo: [/proc/self/status]	VmSwap:	       0 kB
20220314 015324.141 INFO             PET1 PIOc_freedecomp Enter - MemInfo: [/proc/self/status]	VmRSSPercent: 0.00415195 %
20220314 015324.141 INFO             PET1 PIOc_freedecomp Enter - MemInfo: [malloc] Non-mmapped space allocated:                  802816 Byte
20220314 015324.141 INFO             PET1 PIOc_freedecomp Enter - MemInfo: [malloc] Space allocated in mmapped regions:          3477504 Byte
20220314 015324.141 INFO             PET1 PIOc_freedecomp Enter - MemInfo: [malloc] Maximum total allocated space:                     0 Byte
20220314 015324.141 INFO             PET1 PIOc_freedecomp Enter - MemInfo: [malloc] Space in freed fastbin blocks:                   768 Byte
20220314 015324.141 INFO             PET1 PIOc_freedecomp Enter - MemInfo: [malloc] Total allocated space:                        767552 Byte
20220314 015324.141 INFO             PET1 PIOc_freedecomp Enter - MemInfo: [malloc] Total free space:                              35264 Byte
20220314 015324.141 INFO             PET1 PIOc_freedecomp Enter - MemInfo: [malloc] Top-most, releasable space:                    31184 Byte
20220314 015324.141 INFO             PET1 PIOc_freedecomp Enter - MemInfo: [malloc] Total space in use, mmap + non-mmap:         4245056 Byte
20220314 015324.141 INFO             PET1 PIOc_freedecomp Enter - MemInfo: [malloc] Total space held (mmap + non-mmap):          4280320 Byte
20220314 015324.141 INFO             PET1 PIOc_freedecomp Enter - MemInfo: [malloc] Total space used (mmap + non-mmap):          4253664 Byte
