build time -- 2022-03-13 03:32:27
20220313 034721.998 INFO             PET0 !!!!!!!!!!!!!!!!!!!!!!!!!!!!!!!!!!!!!!!!!!!!!!!!!!!!!!
20220313 034721.998 INFO             PET0 !!! THE ESMF_LOG IS SET TO OUTPUT ALL LOG MESSAGES !!!
20220313 034721.998 INFO             PET0 !!!     THIS MAY CAUSE SLOWDOWN IN PERFORMANCE     !!!
20220313 034721.998 INFO             PET0 !!! FOR PRODUCTION RUNS, USE:                      !!!
20220313 034721.998 INFO             PET0 !!!                   ESMF_LOGKIND_Multi_On_Error  !!!
20220313 034721.998 INFO             PET0 !!!!!!!!!!!!!!!!!!!!!!!!!!!!!!!!!!!!!!!!!!!!!!!!!!!!!!
20220313 034721.998 INFO             PET0 Running with ESMF Version   : v8.3.0b09-96-g559b459836
20220313 034721.998 INFO             PET0 ESMF library build date/time: "Mar 13 2022" "03:31:26"
20220313 034721.998 INFO             PET0 ESMF library build location : /lfs/h1/emc/ptmp/Mark.Potts/gfortran_10.3.0_mpich3_O_jedwards_pio_update2
20220313 034721.998 INFO             PET0 ESMF_COMM                   : mpich3
20220313 034721.998 INFO             PET0 ESMF_MOAB                   : enabled
20220313 034721.998 INFO             PET0 ESMF_LAPACK                 : enabled
20220313 034721.998 INFO             PET0 ESMF_NETCDF                 : enabled
20220313 034721.998 INFO             PET0 ESMF_PNETCDF                : disabled
20220313 034721.998 INFO             PET0 ESMF_PIO                    : enabled
20220313 034721.998 INFO             PET0 ESMF_YAMLCPP                : enabled
20220313 034722.003 INFO             PET0 PIOc_sync Enter - MemInfo: [/proc/meminfo - SSI]	MemTotal:       527077124 kB
20220313 034722.003 INFO             PET0 PIOc_sync Enter - MemInfo: [/proc/meminfo - SSI]	MemFree:        518290248 kB
20220313 034722.003 INFO             PET0 PIOc_sync Enter - MemInfo: [/proc/meminfo - SSI]	MemAvailable:   517872348 kB
20220313 034722.003 INFO             PET0 PIOc_sync Enter - MemInfo: [/proc/meminfo - SSI]	Committed_AS:    1655436 kB
20220313 034722.003 INFO             PET0 PIOc_sync Enter - MemInfo: [/proc/meminfo - SSI]	CommittedPercent: 0.314079 %
20220313 034722.003 INFO             PET0 PIOc_sync Enter - MemInfo: [/proc/self/status]	VmPeak:	  168060 kB
20220313 034722.003 INFO             PET0 PIOc_sync Enter - MemInfo: [/proc/self/status]	VmSize:	  168060 kB
20220313 034722.003 INFO             PET0 PIOc_sync Enter - MemInfo: [/proc/self/status]	VmLck:	       0 kB
20220313 034722.003 INFO             PET0 PIOc_sync Enter - MemInfo: [/proc/self/status]	VmPin:	       0 kB
20220313 034722.003 INFO             PET0 PIOc_sync Enter - MemInfo: [/proc/self/status]	VmHWM:	   33584 kB
20220313 034722.003 INFO             PET0 PIOc_sync Enter - MemInfo: [/proc/self/status]	VmRSS:	   33584 kB
20220313 034722.003 INFO             PET0 PIOc_sync Enter - MemInfo: [/proc/self/status]	VmData:	   16952 kB
20220313 034722.003 INFO             PET0 PIOc_sync Enter - MemInfo: [/proc/self/status]	VmStk:	     156 kB
20220313 034722.003 INFO             PET0 PIOc_sync Enter - MemInfo: [/proc/self/status]	VmExe:	     220 kB
20220313 034722.003 INFO             PET0 PIOc_sync Enter - MemInfo: [/proc/self/status]	VmLib:	   77104 kB
20220313 034722.003 INFO             PET0 PIOc_sync Enter - MemInfo: [/proc/self/status]	VmPTE:	     348 kB
20220313 034722.003 INFO             PET0 PIOc_sync Enter - MemInfo: [/proc/self/status]	VmSwap:	       0 kB
20220313 034722.003 INFO             PET0 PIOc_sync Enter - MemInfo: [/proc/self/status]	VmRSSPercent: 0.00637174 %
20220313 034722.003 INFO             PET0 PIOc_sync Enter - MemInfo: [malloc] Non-mmapped space allocated:                 1167360 Byte
20220313 034722.003 INFO             PET0 PIOc_sync Enter - MemInfo: [malloc] Space allocated in mmapped regions:         12398592 Byte
20220313 034722.003 INFO             PET0 PIOc_sync Enter - MemInfo: [malloc] Maximum total allocated space:                     0 Byte
20220313 034722.003 INFO             PET0 PIOc_sync Enter - MemInfo: [malloc] Space in freed fastbin blocks:                    96 Byte
20220313 034722.003 INFO             PET0 PIOc_sync Enter - MemInfo: [malloc] Total allocated space:                       1126096 Byte
20220313 034722.003 INFO             PET0 PIOc_sync Enter - MemInfo: [malloc] Total free space:                              41264 Byte
20220313 034722.003 INFO             PET0 PIOc_sync Enter - MemInfo: [malloc] Top-most, releasable space:                    41136 Byte
20220313 034722.003 INFO             PET0 PIOc_sync Enter - MemInfo: [malloc] Total space in use, mmap + non-mmap:        13524688 Byte
20220313 034722.003 INFO             PET0 PIOc_sync Enter - MemInfo: [malloc] Total space held (mmap + non-mmap):         13565952 Byte
20220313 034722.003 INFO             PET0 PIOc_sync Enter - MemInfo: [malloc] Total space used (mmap + non-mmap):         13533552 Byte
20220313 034722.003 INFO             PET0 PIOc_sync Enter - MemInfo: Wall-clock time since execution start:             0.00728873 seconds
20220313 034722.004 INFO             PET0 PIOc_sync Exit - MemInfo: [/proc/meminfo - SSI]	MemTotal:       527077124 kB
20220313 034722.004 INFO             PET0 PIOc_sync Exit - MemInfo: [/proc/meminfo - SSI]	MemFree:        518289744 kB
20220313 034722.004 INFO             PET0 PIOc_sync Exit - MemInfo: [/proc/meminfo - SSI]	MemAvailable:   517871844 kB
20220313 034722.004 INFO             PET0 PIOc_sync Exit - MemInfo: [/proc/meminfo - SSI]	Committed_AS:    1655876 kB
20220313 034722.004 INFO             PET0 PIOc_sync Exit - MemInfo: [/proc/meminfo - SSI]	CommittedPercent: 0.314162 %
20220313 034722.004 INFO             PET0 PIOc_sync Exit - MemInfo: [/proc/self/status]	VmPeak:	  168500 kB
20220313 034722.004 INFO             PET0 PIOc_sync Exit - MemInfo: [/proc/self/status]	VmSize:	  168500 kB
20220313 034722.004 INFO             PET0 PIOc_sync Exit - MemInfo: [/proc/self/status]	VmLck:	       0 kB
20220313 034722.004 INFO             PET0 PIOc_sync Exit - MemInfo: [/proc/self/status]	VmPin:	       0 kB
20220313 034722.004 INFO             PET0 PIOc_sync Exit - MemInfo: [/proc/self/status]	VmHWM:	   34148 kB
20220313 034722.004 INFO             PET0 PIOc_sync Exit - MemInfo: [/proc/self/status]	VmRSS:	   34148 kB
20220313 034722.004 INFO             PET0 PIOc_sync Exit - MemInfo: [/proc/self/status]	VmData:	   17392 kB
20220313 034722.004 INFO             PET0 PIOc_sync Exit - MemInfo: [/proc/self/status]	VmStk:	     156 kB
20220313 034722.004 INFO             PET0 PIOc_sync Exit - MemInfo: [/proc/self/status]	VmExe:	     220 kB
20220313 034722.004 INFO             PET0 PIOc_sync Exit - MemInfo: [/proc/self/status]	VmLib:	   77104 kB
20220313 034722.004 INFO             PET0 PIOc_sync Exit - MemInfo: [/proc/self/status]	VmPTE:	     352 kB
20220313 034722.004 INFO             PET0 PIOc_sync Exit - MemInfo: [/proc/self/status]	VmSwap:	       0 kB
20220313 034722.004 INFO             PET0 PIOc_sync Exit - MemInfo: [/proc/self/status]	VmRSSPercent: 0.00647875 %
20220313 034722.004 INFO             PET0 PIOc_sync Exit - MemInfo: [malloc] Non-mmapped space allocated:                 1327104 Byte
20220313 034722.004 INFO             PET0 PIOc_sync Exit - MemInfo: [malloc] Space allocated in mmapped regions:         12689408 Byte
20220313 034722.004 INFO             PET0 PIOc_sync Exit - MemInfo: [malloc] Maximum total allocated space:                     0 Byte
20220313 034722.004 INFO             PET0 PIOc_sync Exit - MemInfo: [malloc] Space in freed fastbin blocks:                   560 Byte
20220313 034722.004 INFO             PET0 PIOc_sync Exit - MemInfo: [malloc] Total allocated space:                       1194240 Byte
20220313 034722.004 INFO             PET0 PIOc_sync Exit - MemInfo: [malloc] Total free space:                             132864 Byte
20220313 034722.004 INFO             PET0 PIOc_sync Exit - MemInfo: [malloc] Top-most, releasable space:                   131280 Byte
20220313 034722.004 INFO             PET0 PIOc_sync Exit - MemInfo: [malloc] Total space in use, mmap + non-mmap:        13883648 Byte
20220313 034722.004 INFO             PET0 PIOc_sync Exit - MemInfo: [malloc] Total space held (mmap + non-mmap):         14016512 Byte
20220313 034722.004 INFO             PET0 PIOc_sync Exit - MemInfo: [malloc] Total space used (mmap + non-mmap):         13892256 Byte
20220313 034722.004 INFO             PET0 PIOc_sync Exit - MemInfo: Wall-clock time since execution start:              0.0076134 seconds
20220313 034722.004 INFO             PET0 PIOc_freedecomp Enter - MemInfo: [/proc/meminfo - SSI]	MemTotal:       527077124 kB
20220313 034722.004 INFO             PET0 PIOc_freedecomp Enter - MemInfo: [/proc/meminfo - SSI]	MemFree:        518296392 kB
20220313 034722.004 INFO             PET0 PIOc_freedecomp Enter - MemInfo: [/proc/meminfo - SSI]	MemAvailable:   517878492 kB
20220313 034722.004 INFO             PET0 PIOc_freedecomp Enter - MemInfo: [/proc/meminfo - SSI]	Committed_AS:    1647164 kB
20220313 034722.004 INFO             PET0 PIOc_freedecomp Enter - MemInfo: [/proc/meminfo - SSI]	CommittedPercent: 0.312509 %
20220313 034722.004 INFO             PET0 PIOc_freedecomp Enter - MemInfo: [/proc/self/status]	VmPeak:	  168500 kB
20220313 034722.004 INFO             PET0 PIOc_freedecomp Enter - MemInfo: [/proc/self/status]	VmSize:	  159788 kB
20220313 034722.004 INFO             PET0 PIOc_freedecomp Enter - MemInfo: [/proc/self/status]	VmLck:	       0 kB
20220313 034722.004 INFO             PET0 PIOc_freedecomp Enter - MemInfo: [/proc/self/status]	VmPin:	       0 kB
20220313 034722.004 INFO             PET0 PIOc_freedecomp Enter - MemInfo: [/proc/self/status]	VmHWM:	   34148 kB
20220313 034722.004 INFO             PET0 PIOc_freedecomp Enter - MemInfo: [/proc/self/status]	VmRSS:	   26424 kB
20220313 034722.004 INFO             PET0 PIOc_freedecomp Enter - MemInfo: [/proc/self/status]	VmData:	    8680 kB
20220313 034722.004 INFO             PET0 PIOc_freedecomp Enter - MemInfo: [/proc/self/status]	VmStk:	     156 kB
20220313 034722.004 INFO             PET0 PIOc_freedecomp Enter - MemInfo: [/proc/self/status]	VmExe:	     220 kB
20220313 034722.004 INFO             PET0 PIOc_freedecomp Enter - MemInfo: [/proc/self/status]	VmLib:	   77104 kB
20220313 034722.004 INFO             PET0 PIOc_freedecomp Enter - MemInfo: [/proc/self/status]	VmPTE:	     336 kB
20220313 034722.004 INFO             PET0 PIOc_freedecomp Enter - MemInfo: [/proc/self/status]	VmSwap:	       0 kB
20220313 034722.004 INFO             PET0 PIOc_freedecomp Enter - MemInfo: [/proc/self/status]	VmRSSPercent: 0.00501331 %
20220313 034722.004 INFO             PET0 PIOc_freedecomp Enter - MemInfo: [malloc] Non-mmapped space allocated:                 1327104 Byte
20220313 034722.004 INFO             PET0 PIOc_freedecomp Enter - MemInfo: [malloc] Space allocated in mmapped regions:          3768320 Byte
20220313 034722.004 INFO             PET0 PIOc_freedecomp Enter - MemInfo: [malloc] Maximum total allocated space:                     0 Byte
20220313 034722.004 INFO             PET0 PIOc_freedecomp Enter - MemInfo: [malloc] Space in freed fastbin blocks:                  1296 Byte
20220313 034722.004 INFO             PET0 PIOc_freedecomp Enter - MemInfo: [malloc] Total allocated space:                       1183072 Byte
20220313 034722.004 INFO             PET0 PIOc_freedecomp Enter - MemInfo: [malloc] Total free space:                             144032 Byte
20220313 034722.004 INFO             PET0 PIOc_freedecomp Enter - MemInfo: [malloc] Top-most, releasable space:                   131056 Byte
20220313 034722.004 INFO             PET0 PIOc_freedecomp Enter - MemInfo: [malloc] Total space in use, mmap + non-mmap:         4951392 Byte
20220313 034722.004 INFO             PET0 PIOc_freedecomp Enter - MemInfo: [malloc] Total space held (mmap + non-mmap):          5095424 Byte
20220313 034722.004 INFO             PET0 PIOc_freedecomp Enter - MemInfo: [malloc] Total space used (mmap + non-mmap):          4959600 Byte
20220313 034722.004 INFO             PET0 PIOc_freedecomp Enter - MemInfo: Wall-clock time since execution start:             0.00803054 seconds
20220313 034722.004 INFO             PET0 PIOc_freedecomp Exit - MemInfo: [/proc/meminfo - SSI]	MemTotal:       527077124 kB
20220313 034722.004 INFO             PET0 PIOc_freedecomp Exit - MemInfo: [/proc/meminfo - SSI]	MemFree:        518296392 kB
20220313 034722.004 INFO             PET0 PIOc_freedecomp Exit - MemInfo: [/proc/meminfo - SSI]	MemAvailable:   517878492 kB
20220313 034722.004 INFO             PET0 PIOc_freedecomp Exit - MemInfo: [/proc/meminfo - SSI]	Committed_AS:    1647164 kB
20220313 034722.004 INFO             PET0 PIOc_freedecomp Exit - MemInfo: [/proc/meminfo - SSI]	CommittedPercent: 0.312509 %
20220313 034722.004 INFO             PET0 PIOc_freedecomp Exit - MemInfo: [/proc/self/status]	VmPeak:	  168500 kB
20220313 034722.004 INFO             PET0 PIOc_freedecomp Exit - MemInfo: [/proc/self/status]	VmSize:	  159788 kB
20220313 034722.004 INFO             PET0 PIOc_freedecomp Exit - MemInfo: [/proc/self/status]	VmLck:	       0 kB
20220313 034722.004 INFO             PET0 PIOc_freedecomp Exit - MemInfo: [/proc/self/status]	VmPin:	       0 kB
20220313 034722.004 INFO             PET0 PIOc_freedecomp Exit - MemInfo: [/proc/self/status]	VmHWM:	   34148 kB
20220313 034722.004 INFO             PET0 PIOc_freedecomp Exit - MemInfo: [/proc/self/status]	VmRSS:	   26424 kB
20220313 034722.004 INFO             PET0 PIOc_freedecomp Exit - MemInfo: [/proc/self/status]	VmData:	    8680 kB
20220313 034722.004 INFO             PET0 PIOc_freedecomp Exit - MemInfo: [/proc/self/status]	VmStk:	     156 kB
20220313 034722.004 INFO             PET0 PIOc_freedecomp Exit - MemInfo: [/proc/self/status]	VmExe:	     220 kB
20220313 034722.004 INFO             PET0 PIOc_freedecomp Exit - MemInfo: [/proc/self/status]	VmLib:	   77104 kB
20220313 034722.004 INFO             PET0 PIOc_freedecomp Exit - MemInfo: [/proc/self/status]	VmPTE:	     336 kB
20220313 034722.004 INFO             PET0 PIOc_freedecomp Exit - MemInfo: [/proc/self/status]	VmSwap:	       0 kB
20220313 034722.004 INFO             PET0 PIOc_freedecomp Exit - MemInfo: [/proc/self/status]	VmRSSPercent: 0.00501331 %
20220313 034722.004 INFO             PET0 PIOc_freedecomp Exit - MemInfo: [malloc] Non-mmapped space allocated:                 1327104 Byte
20220313 034722.004 INFO             PET0 PIOc_freedecomp Exit - MemInfo: [malloc] Space allocated in mmapped regions:          3768320 Byte
20220313 034722.004 INFO             PET0 PIOc_freedecomp Exit - MemInfo: [malloc] Maximum total allocated space:                     0 Byte
20220313 034722.004 INFO             PET0 PIOc_freedecomp Exit - MemInfo: [malloc] Space in freed fastbin blocks:                  1408 Byte
20220313 034722.004 INFO             PET0 PIOc_freedecomp Exit - MemInfo: [malloc] Total allocated space:                       1182416 Byte
20220313 034722.004 INFO             PET0 PIOc_freedecomp Exit - MemInfo: [malloc] Total free space:                             144688 Byte
20220313 034722.004 INFO             PET0 PIOc_freedecomp Exit - MemInfo: [malloc] Top-most, releasable space:                   131056 Byte
20220313 034722.004 INFO             PET0 PIOc_freedecomp Exit - MemInfo: [malloc] Total space in use, mmap + non-mmap:         4950736 Byte
20220313 034722.004 INFO             PET0 PIOc_freedecomp Exit - MemInfo: [malloc] Total space held (mmap + non-mmap):          5095424 Byte
20220313 034722.004 INFO             PET0 PIOc_freedecomp Exit - MemInfo: [malloc] Total space used (mmap + non-mmap):          4958944 Byte
20220313 034722.004 INFO             PET0 PIOc_freedecomp Exit - MemInfo: Wall-clock time since execution start:             0.00819206 seconds
20220313 034722.006 INFO             PET0 PIOc_sync Enter - MemInfo: [/proc/meminfo - SSI]	MemTotal:       527077124 kB
20220313 034722.006 INFO             PET0 PIOc_sync Enter - MemInfo: [/proc/meminfo - SSI]	MemFree:        518292548 kB
20220313 034722.006 INFO             PET0 PIOc_sync Enter - MemInfo: [/proc/meminfo - SSI]	MemAvailable:   517874648 kB
20220313 034722.006 INFO             PET0 PIOc_sync Enter - MemInfo: [/proc/meminfo - SSI]	Committed_AS:    1655872 kB
20220313 034722.006 INFO             PET0 PIOc_sync Enter - MemInfo: [/proc/meminfo - SSI]	CommittedPercent: 0.314161 %
20220313 034722.006 INFO             PET0 PIOc_sync Enter - MemInfo: [/proc/self/status]	VmPeak:	  168500 kB
20220313 034722.006 INFO             PET0 PIOc_sync Enter - MemInfo: [/proc/self/status]	VmSize:	  168496 kB
20220313 034722.006 INFO             PET0 PIOc_sync Enter - MemInfo: [/proc/self/status]	VmLck:	       0 kB
20220313 034722.006 INFO             PET0 PIOc_sync Enter - MemInfo: [/proc/self/status]	VmPin:	       0 kB
20220313 034722.006 INFO             PET0 PIOc_sync Enter - MemInfo: [/proc/self/status]	VmHWM:	   34148 kB
20220313 034722.006 INFO             PET0 PIOc_sync Enter - MemInfo: [/proc/self/status]	VmRSS:	   31268 kB
20220313 034722.006 INFO             PET0 PIOc_sync Enter - MemInfo: [/proc/self/status]	VmData:	   17388 kB
20220313 034722.006 INFO             PET0 PIOc_sync Enter - MemInfo: [/proc/self/status]	VmStk:	     156 kB
20220313 034722.006 INFO             PET0 PIOc_sync Enter - MemInfo: [/proc/self/status]	VmExe:	     220 kB
20220313 034722.006 INFO             PET0 PIOc_sync Enter - MemInfo: [/proc/self/status]	VmLib:	   77104 kB
20220313 034722.006 INFO             PET0 PIOc_sync Enter - MemInfo: [/proc/self/status]	VmPTE:	     348 kB
20220313 034722.006 INFO             PET0 PIOc_sync Enter - MemInfo: [/proc/self/status]	VmSwap:	       0 kB
20220313 034722.006 INFO             PET0 PIOc_sync Enter - MemInfo: [/proc/self/status]	VmRSSPercent: 0.00593234 %
20220313 034722.006 INFO             PET0 PIOc_sync Enter - MemInfo: [malloc] Non-mmapped space allocated:                10244096 Byte
20220313 034722.006 INFO             PET0 PIOc_sync Enter - MemInfo: [malloc] Space allocated in mmapped regions:          3768320 Byte
20220313 034722.006 INFO             PET0 PIOc_sync Enter - MemInfo: [malloc] Maximum total allocated space:                     0 Byte
20220313 034722.006 INFO             PET0 PIOc_sync Enter - MemInfo: [malloc] Space in freed fastbin blocks:                   752 Byte
20220313 034722.006 INFO             PET0 PIOc_sync Enter - MemInfo: [malloc] Total allocated space:                      10111312 Byte
20220313 034722.006 INFO             PET0 PIOc_sync Enter - MemInfo: [malloc] Total free space:                             132784 Byte
20220313 034722.006 INFO             PET0 PIOc_sync Enter - MemInfo: [malloc] Top-most, releasable space:                   129872 Byte
20220313 034722.006 INFO             PET0 PIOc_sync Enter - MemInfo: [malloc] Total space in use, mmap + non-mmap:        13879632 Byte
20220313 034722.006 INFO             PET0 PIOc_sync Enter - MemInfo: [malloc] Total space held (mmap + non-mmap):         14012416 Byte
20220313 034722.006 INFO             PET0 PIOc_sync Enter - MemInfo: [malloc] Total space used (mmap + non-mmap):         13887840 Byte
20220313 034722.006 INFO             PET0 PIOc_sync Enter - MemInfo: Wall-clock time since execution start:             0.00989814 seconds
20220313 034722.006 INFO             PET0 PIOc_sync Exit - MemInfo: [/proc/meminfo - SSI]	MemTotal:       527077124 kB
20220313 034722.006 INFO             PET0 PIOc_sync Exit - MemInfo: [/proc/meminfo - SSI]	MemFree:        518292548 kB
20220313 034722.006 INFO             PET0 PIOc_sync Exit - MemInfo: [/proc/meminfo - SSI]	MemAvailable:   517874648 kB
20220313 034722.006 INFO             PET0 PIOc_sync Exit - MemInfo: [/proc/meminfo - SSI]	Committed_AS:    1655872 kB
20220313 034722.006 INFO             PET0 PIOc_sync Exit - MemInfo: [/proc/meminfo - SSI]	CommittedPercent: 0.314161 %
20220313 034722.006 INFO             PET0 PIOc_sync Exit - MemInfo: [/proc/self/status]	VmPeak:	  168500 kB
20220313 034722.006 INFO             PET0 PIOc_sync Exit - MemInfo: [/proc/self/status]	VmSize:	  168496 kB
20220313 034722.006 INFO             PET0 PIOc_sync Exit - MemInfo: [/proc/self/status]	VmLck:	       0 kB
20220313 034722.006 INFO             PET0 PIOc_sync Exit - MemInfo: [/proc/self/status]	VmPin:	       0 kB
20220313 034722.006 INFO             PET0 PIOc_sync Exit - MemInfo: [/proc/self/status]	VmHWM:	   34148 kB
20220313 034722.006 INFO             PET0 PIOc_sync Exit - MemInfo: [/proc/self/status]	VmRSS:	   31268 kB
20220313 034722.006 INFO             PET0 PIOc_sync Exit - MemInfo: [/proc/self/status]	VmData:	   17388 kB
20220313 034722.006 INFO             PET0 PIOc_sync Exit - MemInfo: [/proc/self/status]	VmStk:	     156 kB
20220313 034722.006 INFO             PET0 PIOc_sync Exit - MemInfo: [/proc/self/status]	VmExe:	     220 kB
20220313 034722.006 INFO             PET0 PIOc_sync Exit - MemInfo: [/proc/self/status]	VmLib:	   77104 kB
20220313 034722.006 INFO             PET0 PIOc_sync Exit - MemInfo: [/proc/self/status]	VmPTE:	     348 kB
20220313 034722.006 INFO             PET0 PIOc_sync Exit - MemInfo: [/proc/self/status]	VmSwap:	       0 kB
20220313 034722.006 INFO             PET0 PIOc_sync Exit - MemInfo: [/proc/self/status]	VmRSSPercent: 0.00593234 %
20220313 034722.006 INFO             PET0 PIOc_sync Exit - MemInfo: [malloc] Non-mmapped space allocated:                10244096 Byte
20220313 034722.006 INFO             PET0 PIOc_sync Exit - MemInfo: [malloc] Space allocated in mmapped regions:          3768320 Byte
20220313 034722.006 INFO             PET0 PIOc_sync Exit - MemInfo: [malloc] Maximum total allocated space:                     0 Byte
20220313 034722.006 INFO             PET0 PIOc_sync Exit - MemInfo: [malloc] Space in freed fastbin blocks:                   768 Byte
20220313 034722.006 INFO             PET0 PIOc_sync Exit - MemInfo: [malloc] Total allocated space:                      10112144 Byte
20220313 034722.006 INFO             PET0 PIOc_sync Exit - MemInfo: [malloc] Total free space:                             131952 Byte
20220313 034722.006 INFO             PET0 PIOc_sync Exit - MemInfo: [malloc] Top-most, releasable space:                   129648 Byte
20220313 034722.006 INFO             PET0 PIOc_sync Exit - MemInfo: [malloc] Total space in use, mmap + non-mmap:        13880464 Byte
20220313 034722.006 INFO             PET0 PIOc_sync Exit - MemInfo: [malloc] Total space held (mmap + non-mmap):         14012416 Byte
20220313 034722.006 INFO             PET0 PIOc_sync Exit - MemInfo: [malloc] Total space used (mmap + non-mmap):         13888672 Byte
20220313 034722.006 INFO             PET0 PIOc_sync Exit - MemInfo: Wall-clock time since execution start:              0.0101121 seconds
20220313 034722.006 INFO             PET0 PIOc_freedecomp Enter - MemInfo: [/proc/meminfo - SSI]	MemTotal:       527077124 kB
20220313 034722.006 INFO             PET0 PIOc_freedecomp Enter - MemInfo: [/proc/meminfo - SSI]	MemFree:        518292672 kB
20220313 034722.006 INFO             PET0 PIOc_freedecomp Enter - MemInfo: [/proc/meminfo - SSI]	MemAvailable:   517874772 kB
20220313 034722.006 INFO             PET0 PIOc_freedecomp Enter - MemInfo: [/proc/meminfo - SSI]	Committed_AS:    1655872 kB
20220313 034722.006 INFO             PET0 PIOc_freedecomp Enter - MemInfo: [/proc/meminfo - SSI]	CommittedPercent: 0.314161 %
20220313 034722.006 INFO             PET0 PIOc_freedecomp Enter - MemInfo: [/proc/self/status]	VmPeak:	  168500 kB
20220313 034722.006 INFO             PET0 PIOc_freedecomp Enter - MemInfo: [/proc/self/status]	VmSize:	  168496 kB
20220313 034722.006 INFO             PET0 PIOc_freedecomp Enter - MemInfo: [/proc/self/status]	VmLck:	       0 kB
20220313 034722.006 INFO             PET0 PIOc_freedecomp Enter - MemInfo: [/proc/self/status]	VmPin:	       0 kB
20220313 034722.006 INFO             PET0 PIOc_freedecomp Enter - MemInfo: [/proc/self/status]	VmHWM:	   34148 kB
20220313 034722.006 INFO             PET0 PIOc_freedecomp Enter - MemInfo: [/proc/self/status]	VmRSS:	   31268 kB
20220313 034722.006 INFO             PET0 PIOc_freedecomp Enter - MemInfo: [/proc/self/status]	VmData:	   17388 kB
20220313 034722.006 INFO             PET0 PIOc_freedecomp Enter - MemInfo: [/proc/self/status]	VmStk:	     156 kB
20220313 034722.006 INFO             PET0 PIOc_freedecomp Enter - MemInfo: [/proc/self/status]	VmExe:	     220 kB
20220313 034722.006 INFO             PET0 PIOc_freedecomp Enter - MemInfo: [/proc/self/status]	VmLib:	   77104 kB
20220313 034722.006 INFO             PET0 PIOc_freedecomp Enter - MemInfo: [/proc/self/status]	VmPTE:	     348 kB
20220313 034722.007 INFO             PET0 PIOc_freedecomp Enter - MemInfo: [/proc/self/status]	VmSwap:	       0 kB
20220313 034722.007 INFO             PET0 PIOc_freedecomp Enter - MemInfo: [/proc/self/status]	VmRSSPercent: 0.00593234 %
20220313 034722.007 INFO             PET0 PIOc_freedecomp Enter - MemInfo: [malloc] Non-mmapped space allocated:                10244096 Byte
20220313 034722.007 INFO             PET0 PIOc_freedecomp Enter - MemInfo: [malloc] Space allocated in mmapped regions:          3768320 Byte
20220313 034722.007 INFO             PET0 PIOc_freedecomp Enter - MemInfo: [malloc] Maximum total allocated space:                     0 Byte
20220313 034722.007 INFO             PET0 PIOc_freedecomp Enter - MemInfo: [malloc] Space in freed fastbin blocks:                   992 Byte
20220313 034722.007 INFO             PET0 PIOc_freedecomp Enter - MemInfo: [malloc] Total allocated space:                       1187040 Byte
20220313 034722.007 INFO             PET0 PIOc_freedecomp Enter - MemInfo: [malloc] Total free space:                            9057056 Byte
20220313 034722.007 INFO             PET0 PIOc_freedecomp Enter - MemInfo: [malloc] Top-most, releasable space:                   129424 Byte
20220313 034722.007 INFO             PET0 PIOc_freedecomp Enter - MemInfo: [malloc] Total space in use, mmap + non-mmap:         4955360 Byte
20220313 034722.007 INFO             PET0 PIOc_freedecomp Enter - MemInfo: [malloc] Total space held (mmap + non-mmap):         14012416 Byte
20220313 034722.007 INFO             PET0 PIOc_freedecomp Enter - MemInfo: [malloc] Total space used (mmap + non-mmap):          4963568 Byte
20220313 034722.007 INFO             PET0 PIOc_freedecomp Enter - MemInfo: Wall-clock time since execution start:               0.010394 seconds
20220313 034722.007 INFO             PET0 PIOc_freedecomp Exit - MemInfo: [/proc/meminfo - SSI]	MemTotal:       527077124 kB
20220313 034722.007 INFO             PET0 PIOc_freedecomp Exit - MemInfo: [/proc/meminfo - SSI]	MemFree:        518292672 kB
20220313 034722.007 INFO             PET0 PIOc_freedecomp Exit - MemInfo: [/proc/meminfo - SSI]	MemAvailable:   517874772 kB
20220313 034722.007 INFO             PET0 PIOc_freedecomp Exit - MemInfo: [/proc/meminfo - SSI]	Committed_AS:    1655872 kB
20220313 034722.007 INFO             PET0 PIOc_freedecomp Exit - MemInfo: [/proc/meminfo - SSI]	CommittedPercent: 0.314161 %
20220313 034722.007 INFO             PET0 PIOc_freedecomp Exit - MemInfo: [/proc/self/status]	VmPeak:	  168500 kB
20220313 034722.007 INFO             PET0 PIOc_freedecomp Exit - MemInfo: [/proc/self/status]	VmSize:	  168496 kB
20220313 034722.007 INFO             PET0 PIOc_freedecomp Exit - MemInfo: [/proc/self/status]	VmLck:	       0 kB
20220313 034722.007 INFO             PET0 PIOc_freedecomp Exit - MemInfo: [/proc/self/status]	VmPin:	       0 kB
20220313 034722.007 INFO             PET0 PIOc_freedecomp Exit - MemInfo: [/proc/self/status]	VmHWM:	   34148 kB
20220313 034722.007 INFO             PET0 PIOc_freedecomp Exit - MemInfo: [/proc/self/status]	VmRSS:	   31268 kB
20220313 034722.007 INFO             PET0 PIOc_freedecomp Exit - MemInfo: [/proc/self/status]	VmData:	   17388 kB
20220313 034722.007 INFO             PET0 PIOc_freedecomp Exit - MemInfo: [/proc/self/status]	VmStk:	     156 kB
20220313 034722.007 INFO             PET0 PIOc_freedecomp Exit - MemInfo: [/proc/self/status]	VmExe:	     220 kB
20220313 034722.007 INFO             PET0 PIOc_freedecomp Exit - MemInfo: [/proc/self/status]	VmLib:	   77104 kB
20220313 034722.007 INFO             PET0 PIOc_freedecomp Exit - MemInfo: [/proc/self/status]	VmPTE:	     348 kB
20220313 034722.007 INFO             PET0 PIOc_freedecomp Exit - MemInfo: [/proc/self/status]	VmSwap:	       0 kB
20220313 034722.007 INFO             PET0 PIOc_freedecomp Exit - MemInfo: [/proc/self/status]	VmRSSPercent: 0.00593234 %
20220313 034722.007 INFO             PET0 PIOc_freedecomp Exit - MemInfo: [malloc] Non-mmapped space allocated:                10244096 Byte
20220313 034722.007 INFO             PET0 PIOc_freedecomp Exit - MemInfo: [malloc] Space allocated in mmapped regions:          3768320 Byte
20220313 034722.007 INFO             PET0 PIOc_freedecomp Exit - MemInfo: [malloc] Maximum total allocated space:                     0 Byte
20220313 034722.007 INFO             PET0 PIOc_freedecomp Exit - MemInfo: [malloc] Space in freed fastbin blocks:                  1424 Byte
20220313 034722.007 INFO             PET0 PIOc_freedecomp Exit - MemInfo: [malloc] Total allocated space:                       1185312 Byte
20220313 034722.007 INFO             PET0 PIOc_freedecomp Exit - MemInfo: [malloc] Total free space:                            9058784 Byte
20220313 034722.007 INFO             PET0 PIOc_freedecomp Exit - MemInfo: [malloc] Top-most, releasable space:                   129424 Byte
20220313 034722.007 INFO             PET0 PIOc_freedecomp Exit - MemInfo: [malloc] Total space in use, mmap + non-mmap:         4953632 Byte
20220313 034722.007 INFO             PET0 PIOc_freedecomp Exit - MemInfo: [malloc] Total space held (mmap + non-mmap):         14012416 Byte
20220313 034722.007 INFO             PET0 PIOc_freedecomp Exit - MemInfo: [malloc] Total space used (mmap + non-mmap):          4962304 Byte
20220313 034722.007 INFO             PET0 PIOc_freedecomp Exit - MemInfo: Wall-clock time since execution start:              0.0105511 seconds
20220313 034722.008 INFO             PET0 PIOc_sync Enter - MemInfo: [/proc/meminfo - SSI]	MemTotal:       527077124 kB
20220313 034722.008 INFO             PET0 PIOc_sync Enter - MemInfo: [/proc/meminfo - SSI]	MemFree:        518292672 kB
20220313 034722.008 INFO             PET0 PIOc_sync Enter - MemInfo: [/proc/meminfo - SSI]	MemAvailable:   517874772 kB
20220313 034722.008 INFO             PET0 PIOc_sync Enter - MemInfo: [/proc/meminfo - SSI]	Committed_AS:    1655872 kB
20220313 034722.008 INFO             PET0 PIOc_sync Enter - MemInfo: [/proc/meminfo - SSI]	CommittedPercent: 0.314161 %
20220313 034722.008 INFO             PET0 PIOc_sync Enter - MemInfo: [/proc/self/status]	VmPeak:	  168500 kB
20220313 034722.008 INFO             PET0 PIOc_sync Enter - MemInfo: [/proc/self/status]	VmSize:	  168496 kB
20220313 034722.008 INFO             PET0 PIOc_sync Enter - MemInfo: [/proc/self/status]	VmLck:	       0 kB
20220313 034722.008 INFO             PET0 PIOc_sync Enter - MemInfo: [/proc/self/status]	VmPin:	       0 kB
20220313 034722.008 INFO             PET0 PIOc_sync Enter - MemInfo: [/proc/self/status]	VmHWM:	   34148 kB
20220313 034722.008 INFO             PET0 PIOc_sync Enter - MemInfo: [/proc/self/status]	VmRSS:	   31684 kB
20220313 034722.008 INFO             PET0 PIOc_sync Enter - MemInfo: [/proc/self/status]	VmData:	   17388 kB
20220313 034722.008 INFO             PET0 PIOc_sync Enter - MemInfo: [/proc/self/status]	VmStk:	     156 kB
20220313 034722.008 INFO             PET0 PIOc_sync Enter - MemInfo: [/proc/self/status]	VmExe:	     220 kB
20220313 034722.008 INFO             PET0 PIOc_sync Enter - MemInfo: [/proc/self/status]	VmLib:	   77104 kB
20220313 034722.008 INFO             PET0 PIOc_sync Enter - MemInfo: [/proc/self/status]	VmPTE:	     348 kB
20220313 034722.008 INFO             PET0 PIOc_sync Enter - MemInfo: [/proc/self/status]	VmSwap:	       0 kB
20220313 034722.008 INFO             PET0 PIOc_sync Enter - MemInfo: [/proc/self/status]	VmRSSPercent: 0.00601126 %
20220313 034722.008 INFO             PET0 PIOc_sync Enter - MemInfo: [malloc] Non-mmapped space allocated:                10244096 Byte
20220313 034722.008 INFO             PET0 PIOc_sync Enter - MemInfo: [malloc] Space allocated in mmapped regions:          3768320 Byte
20220313 034722.008 INFO             PET0 PIOc_sync Enter - MemInfo: [malloc] Maximum total allocated space:                     0 Byte
20220313 034722.008 INFO             PET0 PIOc_sync Enter - MemInfo: [malloc] Space in freed fastbin blocks:                   864 Byte
20220313 034722.008 INFO             PET0 PIOc_sync Enter - MemInfo: [malloc] Total allocated space:                      10114528 Byte
20220313 034722.008 INFO             PET0 PIOc_sync Enter - MemInfo: [malloc] Total free space:                             129568 Byte
20220313 034722.008 INFO             PET0 PIOc_sync Enter - MemInfo: [malloc] Top-most, releasable space:                   124176 Byte
20220313 034722.008 INFO             PET0 PIOc_sync Enter - MemInfo: [malloc] Total space in use, mmap + non-mmap:        13882848 Byte
20220313 034722.008 INFO             PET0 PIOc_sync Enter - MemInfo: [malloc] Total space held (mmap + non-mmap):         14012416 Byte
20220313 034722.008 INFO             PET0 PIOc_sync Enter - MemInfo: [malloc] Total space used (mmap + non-mmap):         13891840 Byte
20220313 034722.008 INFO             PET0 PIOc_sync Enter - MemInfo: Wall-clock time since execution start:              0.0118608 seconds
20220313 034722.008 INFO             PET0 PIOc_sync Exit - MemInfo: [/proc/meminfo - SSI]	MemTotal:       527077124 kB
20220313 034722.008 INFO             PET0 PIOc_sync Exit - MemInfo: [/proc/meminfo - SSI]	MemFree:        518292672 kB
20220313 034722.008 INFO             PET0 PIOc_sync Exit - MemInfo: [/proc/meminfo - SSI]	MemAvailable:   517874772 kB
20220313 034722.008 INFO             PET0 PIOc_sync Exit - MemInfo: [/proc/meminfo - SSI]	Committed_AS:    1655872 kB
20220313 034722.008 INFO             PET0 PIOc_sync Exit - MemInfo: [/proc/meminfo - SSI]	CommittedPercent: 0.314161 %
20220313 034722.008 INFO             PET0 PIOc_sync Exit - MemInfo: [/proc/self/status]	VmPeak:	  168500 kB
20220313 034722.008 INFO             PET0 PIOc_sync Exit - MemInfo: [/proc/self/status]	VmSize:	  168496 kB
20220313 034722.008 INFO             PET0 PIOc_sync Exit - MemInfo: [/proc/self/status]	VmLck:	       0 kB
20220313 034722.008 INFO             PET0 PIOc_sync Exit - MemInfo: [/proc/self/status]	VmPin:	       0 kB
20220313 034722.008 INFO             PET0 PIOc_sync Exit - MemInfo: [/proc/self/status]	VmHWM:	   34148 kB
20220313 034722.008 INFO             PET0 PIOc_sync Exit - MemInfo: [/proc/self/status]	VmRSS:	   31684 kB
20220313 034722.008 INFO             PET0 PIOc_sync Exit - MemInfo: [/proc/self/status]	VmData:	   17388 kB
20220313 034722.008 INFO             PET0 PIOc_sync Exit - MemInfo: [/proc/self/status]	VmStk:	     156 kB
20220313 034722.008 INFO             PET0 PIOc_sync Exit - MemInfo: [/proc/self/status]	VmExe:	     220 kB
20220313 034722.008 INFO             PET0 PIOc_sync Exit - MemInfo: [/proc/self/status]	VmLib:	   77104 kB
20220313 034722.008 INFO             PET0 PIOc_sync Exit - MemInfo: [/proc/self/status]	VmPTE:	     348 kB
20220313 034722.008 INFO             PET0 PIOc_sync Exit - MemInfo: [/proc/self/status]	VmSwap:	       0 kB
20220313 034722.008 INFO             PET0 PIOc_sync Exit - MemInfo: [/proc/self/status]	VmRSSPercent: 0.00601126 %
20220313 034722.008 INFO             PET0 PIOc_sync Exit - MemInfo: [malloc] Non-mmapped space allocated:                10244096 Byte
20220313 034722.008 INFO             PET0 PIOc_sync Exit - MemInfo: [malloc] Space allocated in mmapped regions:          3768320 Byte
20220313 034722.008 INFO             PET0 PIOc_sync Exit - MemInfo: [malloc] Maximum total allocated space:                     0 Byte
20220313 034722.008 INFO             PET0 PIOc_sync Exit - MemInfo: [malloc] Space in freed fastbin blocks:                   112 Byte
20220313 034722.008 INFO             PET0 PIOc_sync Exit - MemInfo: [malloc] Total allocated space:                      10115376 Byte
20220313 034722.008 INFO             PET0 PIOc_sync Exit - MemInfo: [malloc] Total free space:                             128720 Byte
20220313 034722.008 INFO             PET0 PIOc_sync Exit - MemInfo: [malloc] Top-most, releasable space:                   123952 Byte
20220313 034722.008 INFO             PET0 PIOc_sync Exit - MemInfo: [malloc] Total space in use, mmap + non-mmap:        13883696 Byte
20220313 034722.008 INFO             PET0 PIOc_sync Exit - MemInfo: [malloc] Total space held (mmap + non-mmap):         14012416 Byte
20220313 034722.008 INFO             PET0 PIOc_sync Exit - MemInfo: [malloc] Total space used (mmap + non-mmap):         13891760 Byte
20220313 034722.008 INFO             PET0 PIOc_sync Exit - MemInfo: Wall-clock time since execution start:              0.0120389 seconds
20220313 034722.008 INFO             PET0 PIOc_freedecomp Enter - MemInfo: [/proc/meminfo - SSI]	MemTotal:       527077124 kB
20220313 034722.008 INFO             PET0 PIOc_freedecomp Enter - MemInfo: [/proc/meminfo - SSI]	MemFree:        518292672 kB
20220313 034722.008 INFO             PET0 PIOc_freedecomp Enter - MemInfo: [/proc/meminfo - SSI]	MemAvailable:   517874772 kB
20220313 034722.008 INFO             PET0 PIOc_freedecomp Enter - MemInfo: [/proc/meminfo - SSI]	Committed_AS:    1655872 kB
20220313 034722.008 INFO             PET0 PIOc_freedecomp Enter - MemInfo: [/proc/meminfo - SSI]	CommittedPercent: 0.314161 %
20220313 034722.008 INFO             PET0 PIOc_freedecomp Enter - MemInfo: [/proc/self/status]	VmPeak:	  168500 kB
20220313 034722.008 INFO             PET0 PIOc_freedecomp Enter - MemInfo: [/proc/self/status]	VmSize:	  168496 kB
20220313 034722.008 INFO             PET0 PIOc_freedecomp Enter - MemInfo: [/proc/self/status]	VmLck:	       0 kB
20220313 034722.008 INFO             PET0 PIOc_freedecomp Enter - MemInfo: [/proc/self/status]	VmPin:	       0 kB
20220313 034722.008 INFO             PET0 PIOc_freedecomp Enter - MemInfo: [/proc/self/status]	VmHWM:	   34148 kB
20220313 034722.008 INFO             PET0 PIOc_freedecomp Enter - MemInfo: [/proc/self/status]	VmRSS:	   31684 kB
20220313 034722.008 INFO             PET0 PIOc_freedecomp Enter - MemInfo: [/proc/self/status]	VmData:	   17388 kB
20220313 034722.008 INFO             PET0 PIOc_freedecomp Enter - MemInfo: [/proc/self/status]	VmStk:	     156 kB
20220313 034722.008 INFO             PET0 PIOc_freedecomp Enter - MemInfo: [/proc/self/status]	VmExe:	     220 kB
20220313 034722.008 INFO             PET0 PIOc_freedecomp Enter - MemInfo: [/proc/self/status]	VmLib:	   77104 kB
20220313 034722.008 INFO             PET0 PIOc_freedecomp Enter - MemInfo: [/proc/self/status]	VmPTE:	     348 kB
20220313 034722.008 INFO             PET0 PIOc_freedecomp Enter - MemInfo: [/proc/self/status]	VmSwap:	       0 kB
20220313 034722.008 INFO             PET0 PIOc_freedecomp Enter - MemInfo: [/proc/self/status]	VmRSSPercent: 0.00601126 %
20220313 034722.008 INFO             PET0 PIOc_freedecomp Enter - MemInfo: [malloc] Non-mmapped space allocated:                10244096 Byte
20220313 034722.008 INFO             PET0 PIOc_freedecomp Enter - MemInfo: [malloc] Space allocated in mmapped regions:          3768320 Byte
20220313 034722.008 INFO             PET0 PIOc_freedecomp Enter - MemInfo: [malloc] Maximum total allocated space:                     0 Byte
20220313 034722.008 INFO             PET0 PIOc_freedecomp Enter - MemInfo: [malloc] Space in freed fastbin blocks:                   304 Byte
20220313 034722.008 INFO             PET0 PIOc_freedecomp Enter - MemInfo: [malloc] Total allocated space:                       1188672 Byte
20220313 034722.008 INFO             PET0 PIOc_freedecomp Enter - MemInfo: [malloc] Total free space:                            9055424 Byte
20220313 034722.008 INFO             PET0 PIOc_freedecomp Enter - MemInfo: [malloc] Top-most, releasable space:                   123728 Byte
20220313 034722.008 INFO             PET0 PIOc_freedecomp Enter - MemInfo: [malloc] Total space in use, mmap + non-mmap:         4956992 Byte
20220313 034722.008 INFO             PET0 PIOc_freedecomp Enter - MemInfo: [malloc] Total space held (mmap + non-mmap):         14012416 Byte
20220313 034722.008 INFO             PET0 PIOc_freedecomp Enter - MemInfo: [malloc] Total space used (mmap + non-mmap):          4965376 Byte
20220313 034722.008 INFO             PET0 PIOc_freedecomp Enter - MemInfo: Wall-clock time since execution start:              0.0123038 seconds
20220313 034722.009 INFO             PET0 PIOc_freedecomp Exit - MemInfo: [/proc/meminfo - SSI]	MemTotal:       527077124 kB
20220313 034722.009 INFO             PET0 PIOc_freedecomp Exit - MemInfo: [/proc/meminfo - SSI]	MemFree:        518292672 kB
20220313 034722.009 INFO             PET0 PIOc_freedecomp Exit - MemInfo: [/proc/meminfo - SSI]	MemAvailable:   517874772 kB
20220313 034722.009 INFO             PET0 PIOc_freedecomp Exit - MemInfo: [/proc/meminfo - SSI]	Committed_AS:    1655872 kB
20220313 034722.009 INFO             PET0 PIOc_freedecomp Exit - MemInfo: [/proc/meminfo - SSI]	CommittedPercent: 0.314161 %
20220313 034722.009 INFO             PET0 PIOc_freedecomp Exit - MemInfo: [/proc/self/status]	VmPeak:	  168500 kB
20220313 034722.009 INFO             PET0 PIOc_freedecomp Exit - MemInfo: [/proc/self/status]	VmSize:	  168496 kB
20220313 034722.009 INFO             PET0 PIOc_freedecomp Exit - MemInfo: [/proc/self/status]	VmLck:	       0 kB
20220313 034722.009 INFO             PET0 PIOc_freedecomp Exit - MemInfo: [/proc/self/status]	VmPin:	       0 kB
20220313 034722.009 INFO             PET0 PIOc_freedecomp Exit - MemInfo: [/proc/self/status]	VmHWM:	   34148 kB
20220313 034722.009 INFO             PET0 PIOc_freedecomp Exit - MemInfo: [/proc/self/status]	VmRSS:	   31684 kB
20220313 034722.009 INFO             PET0 PIOc_freedecomp Exit - MemInfo: [/proc/self/status]	VmData:	   17388 kB
20220313 034722.009 INFO             PET0 PIOc_freedecomp Exit - MemInfo: [/proc/self/status]	VmStk:	     156 kB
20220313 034722.009 INFO             PET0 PIOc_freedecomp Exit - MemInfo: [/proc/self/status]	VmExe:	     220 kB
20220313 034722.009 INFO             PET0 PIOc_freedecomp Exit - MemInfo: [/proc/self/status]	VmLib:	   77104 kB
20220313 034722.009 INFO             PET0 PIOc_freedecomp Exit - MemInfo: [/proc/self/status]	VmPTE:	     348 kB
20220313 034722.009 INFO             PET0 PIOc_freedecomp Exit - MemInfo: [/proc/self/status]	VmSwap:	       0 kB
20220313 034722.009 INFO             PET0 PIOc_freedecomp Exit - MemInfo: [/proc/self/status]	VmRSSPercent: 0.00601126 %
20220313 034722.009 INFO             PET0 PIOc_freedecomp Exit - MemInfo: [malloc] Non-mmapped space allocated:                10244096 Byte
20220313 034722.009 INFO             PET0 PIOc_freedecomp Exit - MemInfo: [malloc] Space allocated in mmapped regions:          3768320 Byte
20220313 034722.009 INFO             PET0 PIOc_freedecomp Exit - MemInfo: [malloc] Maximum total allocated space:                     0 Byte
20220313 034722.009 INFO             PET0 PIOc_freedecomp Exit - MemInfo: [malloc] Space in freed fastbin blocks:                  1744 Byte
20220313 034722.009 INFO             PET0 PIOc_freedecomp Exit - MemInfo: [malloc] Total allocated space:                       1187264 Byte
20220313 034722.009 INFO             PET0 PIOc_freedecomp Exit - MemInfo: [malloc] Total free space:                            9056832 Byte
20220313 034722.009 INFO             PET0 PIOc_freedecomp Exit - MemInfo: [malloc] Top-most, releasable space:                   129424 Byte
20220313 034722.009 INFO             PET0 PIOc_freedecomp Exit - MemInfo: [malloc] Total space in use, mmap + non-mmap:         4955584 Byte
20220313 034722.009 INFO             PET0 PIOc_freedecomp Exit - MemInfo: [malloc] Total space held (mmap + non-mmap):         14012416 Byte
20220313 034722.009 INFO             PET0 PIOc_freedecomp Exit - MemInfo: [malloc] Total space used (mmap + non-mmap):          4963952 Byte
20220313 034722.009 INFO             PET0 PIOc_freedecomp Exit - MemInfo: Wall-clock time since execution start:              0.0124625 seconds
20220313 034722.010 INFO             PET0 PIOc_sync Enter - MemInfo: [/proc/meminfo - SSI]	MemTotal:       527077124 kB
20220313 034722.010 INFO             PET0 PIOc_sync Enter - MemInfo: [/proc/meminfo - SSI]	MemFree:        518287568 kB
20220313 034722.010 INFO             PET0 PIOc_sync Enter - MemInfo: [/proc/meminfo - SSI]	MemAvailable:   517869668 kB
20220313 034722.010 INFO             PET0 PIOc_sync Enter - MemInfo: [/proc/meminfo - SSI]	Committed_AS:    1664068 kB
20220313 034722.010 INFO             PET0 PIOc_sync Enter - MemInfo: [/proc/meminfo - SSI]	CommittedPercent: 0.315716 %
20220313 034722.010 INFO             PET0 PIOc_sync Enter - MemInfo: [/proc/self/status]	VmPeak:	  176692 kB
20220313 034722.010 INFO             PET0 PIOc_sync Enter - MemInfo: [/proc/self/status]	VmSize:	  176692 kB
20220313 034722.010 INFO             PET0 PIOc_sync Enter - MemInfo: [/proc/self/status]	VmLck:	       0 kB
20220313 034722.010 INFO             PET0 PIOc_sync Enter - MemInfo: [/proc/self/status]	VmPin:	       0 kB
20220313 034722.010 INFO             PET0 PIOc_sync Enter - MemInfo: [/proc/self/status]	VmHWM:	   36728 kB
20220313 034722.010 INFO             PET0 PIOc_sync Enter - MemInfo: [/proc/self/status]	VmRSS:	   36728 kB
20220313 034722.010 INFO             PET0 PIOc_sync Enter - MemInfo: [/proc/self/status]	VmData:	   25584 kB
20220313 034722.010 INFO             PET0 PIOc_sync Enter - MemInfo: [/proc/self/status]	VmStk:	     156 kB
20220313 034722.010 INFO             PET0 PIOc_sync Enter - MemInfo: [/proc/self/status]	VmExe:	     220 kB
20220313 034722.010 INFO             PET0 PIOc_sync Enter - MemInfo: [/proc/self/status]	VmLib:	   77104 kB
20220313 034722.010 INFO             PET0 PIOc_sync Enter - MemInfo: [/proc/self/status]	VmPTE:	     360 kB
20220313 034722.010 INFO             PET0 PIOc_sync Enter - MemInfo: [/proc/self/status]	VmSwap:	       0 kB
20220313 034722.010 INFO             PET0 PIOc_sync Enter - MemInfo: [/proc/self/status]	VmRSSPercent: 0.00696824 %
20220313 034722.010 INFO             PET0 PIOc_sync Enter - MemInfo: [malloc] Non-mmapped space allocated:                18636800 Byte
20220313 034722.010 INFO             PET0 PIOc_sync Enter - MemInfo: [malloc] Space allocated in mmapped regions:          3768320 Byte
20220313 034722.010 INFO             PET0 PIOc_sync Enter - MemInfo: [malloc] Maximum total allocated space:                     0 Byte
20220313 034722.010 INFO             PET0 PIOc_sync Enter - MemInfo: [malloc] Space in freed fastbin blocks:                  1520 Byte
20220313 034722.010 INFO             PET0 PIOc_sync Enter - MemInfo: [malloc] Total allocated space:                      10116976 Byte
20220313 034722.010 INFO             PET0 PIOc_sync Enter - MemInfo: [malloc] Total free space:                            8519824 Byte
20220313 034722.010 INFO             PET0 PIOc_sync Enter - MemInfo: [malloc] Top-most, releasable space:                   133504 Byte
20220313 034722.010 INFO             PET0 PIOc_sync Enter - MemInfo: [malloc] Total space in use, mmap + non-mmap:        13885296 Byte
20220313 034722.010 INFO             PET0 PIOc_sync Enter - MemInfo: [malloc] Total space held (mmap + non-mmap):         22405120 Byte
20220313 034722.010 INFO             PET0 PIOc_sync Enter - MemInfo: [malloc] Total space used (mmap + non-mmap):         13893104 Byte
20220313 034722.010 INFO             PET0 PIOc_sync Enter - MemInfo: Wall-clock time since execution start:              0.0142562 seconds
20220313 034722.011 INFO             PET0 PIOc_sync Exit - MemInfo: [/proc/meminfo - SSI]	MemTotal:       527077124 kB
20220313 034722.011 INFO             PET0 PIOc_sync Exit - MemInfo: [/proc/meminfo - SSI]	MemFree:        518287832 kB
20220313 034722.011 INFO             PET0 PIOc_sync Exit - MemInfo: [/proc/meminfo - SSI]	MemAvailable:   517869932 kB
20220313 034722.011 INFO             PET0 PIOc_sync Exit - MemInfo: [/proc/meminfo - SSI]	Committed_AS:    1664068 kB
20220313 034722.011 INFO             PET0 PIOc_sync Exit - MemInfo: [/proc/meminfo - SSI]	CommittedPercent: 0.315716 %
20220313 034722.011 INFO             PET0 PIOc_sync Exit - MemInfo: [/proc/self/status]	VmPeak:	  176692 kB
20220313 034722.011 INFO             PET0 PIOc_sync Exit - MemInfo: [/proc/self/status]	VmSize:	  176692 kB
20220313 034722.011 INFO             PET0 PIOc_sync Exit - MemInfo: [/proc/self/status]	VmLck:	       0 kB
20220313 034722.011 INFO             PET0 PIOc_sync Exit - MemInfo: [/proc/self/status]	VmPin:	       0 kB
20220313 034722.011 INFO             PET0 PIOc_sync Exit - MemInfo: [/proc/self/status]	VmHWM:	   36728 kB
20220313 034722.011 INFO             PET0 PIOc_sync Exit - MemInfo: [/proc/self/status]	VmRSS:	   36728 kB
20220313 034722.011 INFO             PET0 PIOc_sync Exit - MemInfo: [/proc/self/status]	VmData:	   25584 kB
20220313 034722.011 INFO             PET0 PIOc_sync Exit - MemInfo: [/proc/self/status]	VmStk:	     156 kB
20220313 034722.011 INFO             PET0 PIOc_sync Exit - MemInfo: [/proc/self/status]	VmExe:	     220 kB
20220313 034722.011 INFO             PET0 PIOc_sync Exit - MemInfo: [/proc/self/status]	VmLib:	   77104 kB
20220313 034722.011 INFO             PET0 PIOc_sync Exit - MemInfo: [/proc/self/status]	VmPTE:	     360 kB
20220313 034722.011 INFO             PET0 PIOc_sync Exit - MemInfo: [/proc/self/status]	VmSwap:	       0 kB
20220313 034722.011 INFO             PET0 PIOc_sync Exit - MemInfo: [/proc/self/status]	VmRSSPercent: 0.00696824 %
20220313 034722.011 INFO             PET0 PIOc_sync Exit - MemInfo: [malloc] Non-mmapped space allocated:                18636800 Byte
20220313 034722.011 INFO             PET0 PIOc_sync Exit - MemInfo: [malloc] Space allocated in mmapped regions:          3768320 Byte
20220313 034722.011 INFO             PET0 PIOc_sync Exit - MemInfo: [malloc] Maximum total allocated space:                     0 Byte
20220313 034722.011 INFO             PET0 PIOc_sync Exit - MemInfo: [malloc] Space in freed fastbin blocks:                   768 Byte
20220313 034722.011 INFO             PET0 PIOc_sync Exit - MemInfo: [malloc] Total allocated space:                      10116608 Byte
20220313 034722.011 INFO             PET0 PIOc_sync Exit - MemInfo: [malloc] Total free space:                            8520192 Byte
20220313 034722.011 INFO             PET0 PIOc_sync Exit - MemInfo: [malloc] Top-most, releasable space:                   133504 Byte
20220313 034722.011 INFO             PET0 PIOc_sync Exit - MemInfo: [malloc] Total space in use, mmap + non-mmap:        13884928 Byte
20220313 034722.011 INFO             PET0 PIOc_sync Exit - MemInfo: [malloc] Total space held (mmap + non-mmap):         22405120 Byte
20220313 034722.011 INFO             PET0 PIOc_sync Exit - MemInfo: [malloc] Total space used (mmap + non-mmap):         13893136 Byte
20220313 034722.011 INFO             PET0 PIOc_sync Exit - MemInfo: Wall-clock time since execution start:              0.0144707 seconds
20220313 034722.011 INFO             PET0 PIOc_freedecomp Enter - MemInfo: [/proc/meminfo - SSI]	MemTotal:       527077124 kB
20220313 034722.011 INFO             PET0 PIOc_freedecomp Enter - MemInfo: [/proc/meminfo - SSI]	MemFree:        518288344 kB
20220313 034722.011 INFO             PET0 PIOc_freedecomp Enter - MemInfo: [/proc/meminfo - SSI]	MemAvailable:   517870444 kB
20220313 034722.011 INFO             PET0 PIOc_freedecomp Enter - MemInfo: [/proc/meminfo - SSI]	Committed_AS:    1664068 kB
20220313 034722.011 INFO             PET0 PIOc_freedecomp Enter - MemInfo: [/proc/meminfo - SSI]	CommittedPercent: 0.315716 %
20220313 034722.011 INFO             PET0 PIOc_freedecomp Enter - MemInfo: [/proc/self/status]	VmPeak:	  176692 kB
20220313 034722.011 INFO             PET0 PIOc_freedecomp Enter - MemInfo: [/proc/self/status]	VmSize:	  176692 kB
20220313 034722.011 INFO             PET0 PIOc_freedecomp Enter - MemInfo: [/proc/self/status]	VmLck:	       0 kB
20220313 034722.011 INFO             PET0 PIOc_freedecomp Enter - MemInfo: [/proc/self/status]	VmPin:	       0 kB
20220313 034722.011 INFO             PET0 PIOc_freedecomp Enter - MemInfo: [/proc/self/status]	VmHWM:	   36728 kB
20220313 034722.011 INFO             PET0 PIOc_freedecomp Enter - MemInfo: [/proc/self/status]	VmRSS:	   36728 kB
20220313 034722.011 INFO             PET0 PIOc_freedecomp Enter - MemInfo: [/proc/self/status]	VmData:	   25584 kB
20220313 034722.011 INFO             PET0 PIOc_freedecomp Enter - MemInfo: [/proc/self/status]	VmStk:	     156 kB
20220313 034722.011 INFO             PET0 PIOc_freedecomp Enter - MemInfo: [/proc/self/status]	VmExe:	     220 kB
20220313 034722.011 INFO             PET0 PIOc_freedecomp Enter - MemInfo: [/proc/self/status]	VmLib:	   77104 kB
20220313 034722.011 INFO             PET0 PIOc_freedecomp Enter - MemInfo: [/proc/self/status]	VmPTE:	     360 kB
20220313 034722.011 INFO             PET0 PIOc_freedecomp Enter - MemInfo: [/proc/self/status]	VmSwap:	       0 kB
20220313 034722.011 INFO             PET0 PIOc_freedecomp Enter - MemInfo: [/proc/self/status]	VmRSSPercent: 0.00696824 %
20220313 034722.011 INFO             PET0 PIOc_freedecomp Enter - MemInfo: [malloc] Non-mmapped space allocated:                18636800 Byte
20220313 034722.011 INFO             PET0 PIOc_freedecomp Enter - MemInfo: [malloc] Space allocated in mmapped regions:          3768320 Byte
20220313 034722.011 INFO             PET0 PIOc_freedecomp Enter - MemInfo: [malloc] Maximum total allocated space:                     0 Byte
20220313 034722.011 INFO             PET0 PIOc_freedecomp Enter - MemInfo: [malloc] Space in freed fastbin blocks:                  1376 Byte
20220313 034722.011 INFO             PET0 PIOc_freedecomp Enter - MemInfo: [malloc] Total allocated space:                       1188832 Byte
20220313 034722.011 INFO             PET0 PIOc_freedecomp Enter - MemInfo: [malloc] Total free space:                           17447968 Byte
20220313 034722.011 INFO             PET0 PIOc_freedecomp Enter - MemInfo: [malloc] Top-most, releasable space:                  8522128 Byte
20220313 034722.011 INFO             PET0 PIOc_freedecomp Enter - MemInfo: [malloc] Total space in use, mmap + non-mmap:         4957152 Byte
20220313 034722.011 INFO             PET0 PIOc_freedecomp Enter - MemInfo: [malloc] Total space held (mmap + non-mmap):         22405120 Byte
20220313 034722.011 INFO             PET0 PIOc_freedecomp Enter - MemInfo: [malloc] Total space used (mmap + non-mmap):          4965360 Byte
20220313 034722.011 INFO             PET0 PIOc_freedecomp Enter - MemInfo: Wall-clock time since execution start:              0.0147438 seconds
20220313 034722.011 INFO             PET0 PIOc_freedecomp Exit - MemInfo: [/proc/meminfo - SSI]	MemTotal:       527077124 kB
20220313 034722.011 INFO             PET0 PIOc_freedecomp Exit - MemInfo: [/proc/meminfo - SSI]	MemFree:        518288344 kB
20220313 034722.011 INFO             PET0 PIOc_freedecomp Exit - MemInfo: [/proc/meminfo - SSI]	MemAvailable:   517870444 kB
20220313 034722.011 INFO             PET0 PIOc_freedecomp Exit - MemInfo: [/proc/meminfo - SSI]	Committed_AS:    1664068 kB
20220313 034722.011 INFO             PET0 PIOc_freedecomp Exit - MemInfo: [/proc/meminfo - SSI]	CommittedPercent: 0.315716 %
20220313 034722.011 INFO             PET0 PIOc_freedecomp Exit - MemInfo: [/proc/self/status]	VmPeak:	  176692 kB
20220313 034722.011 INFO             PET0 PIOc_freedecomp Exit - MemInfo: [/proc/self/status]	VmSize:	  176692 kB
20220313 034722.011 INFO             PET0 PIOc_freedecomp Exit - MemInfo: [/proc/self/status]	VmLck:	       0 kB
20220313 034722.011 INFO             PET0 PIOc_freedecomp Exit - MemInfo: [/proc/self/status]	VmPin:	       0 kB
20220313 034722.011 INFO             PET0 PIOc_freedecomp Exit - MemInfo: [/proc/self/status]	VmHWM:	   36728 kB
20220313 034722.011 INFO             PET0 PIOc_freedecomp Exit - MemInfo: [/proc/self/status]	VmRSS:	   36728 kB
20220313 034722.011 INFO             PET0 PIOc_freedecomp Exit - MemInfo: [/proc/self/status]	VmData:	   25584 kB
20220313 034722.011 INFO             PET0 PIOc_freedecomp Exit - MemInfo: [/proc/self/status]	VmStk:	     156 kB
20220313 034722.011 INFO             PET0 PIOc_freedecomp Exit - MemInfo: [/proc/self/status]	VmExe:	     220 kB
20220313 034722.011 INFO             PET0 PIOc_freedecomp Exit - MemInfo: [/proc/self/status]	VmLib:	   77104 kB
20220313 034722.011 INFO             PET0 PIOc_freedecomp Exit - MemInfo: [/proc/self/status]	VmPTE:	     360 kB
20220313 034722.011 INFO             PET0 PIOc_freedecomp Exit - MemInfo: [/proc/self/status]	VmSwap:	       0 kB
20220313 034722.011 INFO             PET0 PIOc_freedecomp Exit - MemInfo: [/proc/self/status]	VmRSSPercent: 0.00696824 %
20220313 034722.011 INFO             PET0 PIOc_freedecomp Exit - MemInfo: [malloc] Non-mmapped space allocated:                18636800 Byte
20220313 034722.011 INFO             PET0 PIOc_freedecomp Exit - MemInfo: [malloc] Space allocated in mmapped regions:          3768320 Byte
20220313 034722.011 INFO             PET0 PIOc_freedecomp Exit - MemInfo: [malloc] Maximum total allocated space:                     0 Byte
20220313 034722.011 INFO             PET0 PIOc_freedecomp Exit - MemInfo: [malloc] Space in freed fastbin blocks:                  2032 Byte
20220313 034722.011 INFO             PET0 PIOc_freedecomp Exit - MemInfo: [malloc] Total allocated space:                       1187168 Byte
20220313 034722.011 INFO             PET0 PIOc_freedecomp Exit - MemInfo: [malloc] Total free space:                           17449632 Byte
20220313 034722.011 INFO             PET0 PIOc_freedecomp Exit - MemInfo: [malloc] Top-most, releasable space:                  8522128 Byte
20220313 034722.011 INFO             PET0 PIOc_freedecomp Exit - MemInfo: [malloc] Total space in use, mmap + non-mmap:         4955488 Byte
20220313 034722.011 INFO             PET0 PIOc_freedecomp Exit - MemInfo: [malloc] Total space held (mmap + non-mmap):         22405120 Byte
20220313 034722.011 INFO             PET0 PIOc_freedecomp Exit - MemInfo: [malloc] Total space used (mmap + non-mmap):          4963696 Byte
20220313 034722.011 INFO             PET0 PIOc_freedecomp Exit - MemInfo: Wall-clock time since execution start:              0.0149008 seconds
20220313 034722.018 INFO             PET0  NUMBER_OF_PROCESSORS           4
20220313 034722.018 INFO             PET0  PASS  Example ESMF_RHandleBitForBitEx, ESMF_RHandleBitForBitEx.F90, line 1557
20220313 034722.018 INFO             PET0 Finalizing ESMF
20220313 034721.998 INFO             PET1 !!!!!!!!!!!!!!!!!!!!!!!!!!!!!!!!!!!!!!!!!!!!!!!!!!!!!!
20220313 034721.998 INFO             PET1 !!! THE ESMF_LOG IS SET TO OUTPUT ALL LOG MESSAGES !!!
20220313 034721.998 INFO             PET1 !!!     THIS MAY CAUSE SLOWDOWN IN PERFORMANCE     !!!
20220313 034721.998 INFO             PET1 !!! FOR PRODUCTION RUNS, USE:                      !!!
20220313 034721.998 INFO             PET1 !!!                   ESMF_LOGKIND_Multi_On_Error  !!!
20220313 034721.998 INFO             PET1 !!!!!!!!!!!!!!!!!!!!!!!!!!!!!!!!!!!!!!!!!!!!!!!!!!!!!!
20220313 034721.998 INFO             PET1 Running with ESMF Version   : v8.3.0b09-96-g559b459836
20220313 034721.998 INFO             PET1 ESMF library build date/time: "Mar 13 2022" "03:31:26"
20220313 034721.998 INFO             PET1 ESMF library build location : /lfs/h1/emc/ptmp/Mark.Potts/gfortran_10.3.0_mpich3_O_jedwards_pio_update2
20220313 034721.998 INFO             PET1 ESMF_COMM                   : mpich3
20220313 034721.999 INFO             PET1 ESMF_MOAB                   : enabled
20220313 034721.999 INFO             PET1 ESMF_LAPACK                 : enabled
20220313 034721.999 INFO             PET1 ESMF_NETCDF                 : enabled
20220313 034721.999 INFO             PET1 ESMF_PNETCDF                : disabled
20220313 034721.999 INFO             PET1 ESMF_PIO                    : enabled
20220313 034721.999 INFO             PET1 ESMF_YAMLCPP                : enabled
20220313 034722.003 INFO             PET1 PIOc_sync Enter - MemInfo: [/proc/meminfo - SSI]	MemTotal:       527077124 kB
20220313 034722.003 INFO             PET1 PIOc_sync Enter - MemInfo: [/proc/meminfo - SSI]	MemFree:        518290248 kB
20220313 034722.003 INFO             PET1 PIOc_sync Enter - MemInfo: [/proc/meminfo - SSI]	MemAvailable:   517872348 kB
20220313 034722.003 INFO             PET1 PIOc_sync Enter - MemInfo: [/proc/meminfo - SSI]	Committed_AS:    1655436 kB
20220313 034722.003 INFO             PET1 PIOc_sync Enter - MemInfo: [/proc/meminfo - SSI]	CommittedPercent: 0.314079 %
20220313 034722.003 INFO             PET1 PIOc_sync Enter - MemInfo: [/proc/self/status]	VmPeak:	  158992 kB
20220313 034722.003 INFO             PET1 PIOc_sync Enter - MemInfo: [/proc/self/status]	VmSize:	  158992 kB
20220313 034722.003 INFO             PET1 PIOc_sync Enter - MemInfo: [/proc/self/status]	VmLck:	       0 kB
20220313 034722.003 INFO             PET1 PIOc_sync Enter - MemInfo: [/proc/self/status]	VmPin:	       0 kB
20220313 034722.003 INFO             PET1 PIOc_sync Enter - MemInfo: [/proc/self/status]	VmHWM:	   21432 kB
20220313 034722.003 INFO             PET1 PIOc_sync Enter - MemInfo: [/proc/self/status]	VmRSS:	   21432 kB
20220313 034722.003 INFO             PET1 PIOc_sync Enter - MemInfo: [/proc/self/status]	VmData:	    7884 kB
20220313 034722.003 INFO             PET1 PIOc_sync Enter - MemInfo: [/proc/self/status]	VmStk:	     156 kB
20220313 034722.003 INFO             PET1 PIOc_sync Enter - MemInfo: [/proc/self/status]	VmExe:	     220 kB
20220313 034722.003 INFO             PET1 PIOc_sync Enter - MemInfo: [/proc/self/status]	VmLib:	   77104 kB
20220313 034722.003 INFO             PET1 PIOc_sync Enter - MemInfo: [/proc/self/status]	VmPTE:	     300 kB
20220313 034722.003 INFO             PET1 PIOc_sync Enter - MemInfo: [/proc/self/status]	VmSwap:	       0 kB
20220313 034722.003 INFO             PET1 PIOc_sync Enter - MemInfo: [/proc/self/status]	VmRSSPercent: 0.0040662 %
20220313 034722.003 INFO             PET1 PIOc_sync Enter - MemInfo: [malloc] Non-mmapped space allocated:                  802816 Byte
20220313 034722.003 INFO             PET1 PIOc_sync Enter - MemInfo: [malloc] Space allocated in mmapped regions:          3477504 Byte
20220313 034722.003 INFO             PET1 PIOc_sync Enter - MemInfo: [malloc] Maximum total allocated space:                     0 Byte
20220313 034722.003 INFO             PET1 PIOc_sync Enter - MemInfo: [malloc] Space in freed fastbin blocks:                   128 Byte
20220313 034722.003 INFO             PET1 PIOc_sync Enter - MemInfo: [malloc] Total allocated space:                        762688 Byte
20220313 034722.003 INFO             PET1 PIOc_sync Enter - MemInfo: [malloc] Total free space:                              40128 Byte
20220313 034722.003 INFO             PET1 PIOc_sync Enter - MemInfo: [malloc] Top-most, releasable space:                    39904 Byte
20220313 034722.003 INFO             PET1 PIOc_sync Enter - MemInfo: [malloc] Total space in use, mmap + non-mmap:         4240192 Byte
20220313 034722.003 INFO             PET1 PIOc_sync Enter - MemInfo: [malloc] Total space held (mmap + non-mmap):          4280320 Byte
20220313 034722.003 INFO             PET1 PIOc_sync Enter - MemInfo: [malloc] Total space used (mmap + non-mmap):          4248720 Byte
20220313 034722.003 INFO             PET1 PIOc_sync Enter - MemInfo: Wall-clock time since execution start:             0.00729457 seconds
20220313 034722.004 INFO             PET1 PIOc_sync Exit - MemInfo: [/proc/meminfo - SSI]	MemTotal:       527077124 kB
20220313 034722.004 INFO             PET1 PIOc_sync Exit - MemInfo: [/proc/meminfo - SSI]	MemFree:        518289744 kB
20220313 034722.004 INFO             PET1 PIOc_sync Exit - MemInfo: [/proc/meminfo - SSI]	MemAvailable:   517871844 kB
20220313 034722.004 INFO             PET1 PIOc_sync Exit - MemInfo: [/proc/meminfo - SSI]	Committed_AS:    1655876 kB
20220313 034722.004 INFO             PET1 PIOc_sync Exit - MemInfo: [/proc/meminfo - SSI]	CommittedPercent: 0.314162 %
20220313 034722.004 INFO             PET1 PIOc_sync Exit - MemInfo: [/proc/self/status]	VmPeak:	  158992 kB
20220313 034722.004 INFO             PET1 PIOc_sync Exit - MemInfo: [/proc/self/status]	VmSize:	  158992 kB
20220313 034722.004 INFO             PET1 PIOc_sync Exit - MemInfo: [/proc/self/status]	VmLck:	       0 kB
20220313 034722.004 INFO             PET1 PIOc_sync Exit - MemInfo: [/proc/self/status]	VmPin:	       0 kB
20220313 034722.004 INFO             PET1 PIOc_sync Exit - MemInfo: [/proc/self/status]	VmHWM:	   21432 kB
20220313 034722.004 INFO             PET1 PIOc_sync Exit - MemInfo: [/proc/self/status]	VmRSS:	   21432 kB
20220313 034722.004 INFO             PET1 PIOc_sync Exit - MemInfo: [/proc/self/status]	VmData:	    7884 kB
20220313 034722.004 INFO             PET1 PIOc_sync Exit - MemInfo: [/proc/self/status]	VmStk:	     156 kB
20220313 034722.004 INFO             PET1 PIOc_sync Exit - MemInfo: [/proc/self/status]	VmExe:	     220 kB
20220313 034722.004 INFO             PET1 PIOc_sync Exit - MemInfo: [/proc/self/status]	VmLib:	   77104 kB
20220313 034722.004 INFO             PET1 PIOc_sync Exit - MemInfo: [/proc/self/status]	VmPTE:	     300 kB
20220313 034722.004 INFO             PET1 PIOc_sync Exit - MemInfo: [/proc/self/status]	VmSwap:	       0 kB
20220313 034722.004 INFO             PET1 PIOc_sync Exit - MemInfo: [/proc/self/status]	VmRSSPercent: 0.0040662 %
20220313 034722.004 INFO             PET1 PIOc_sync Exit - MemInfo: [malloc] Non-mmapped space allocated:                  802816 Byte
20220313 034722.004 INFO             PET1 PIOc_sync Exit - MemInfo: [malloc] Space allocated in mmapped regions:          3477504 Byte
20220313 034722.004 INFO             PET1 PIOc_sync Exit - MemInfo: [malloc] Maximum total allocated space:                     0 Byte
20220313 034722.004 INFO             PET1 PIOc_sync Exit - MemInfo: [malloc] Space in freed fastbin blocks:                   560 Byte
20220313 034722.004 INFO             PET1 PIOc_sync Exit - MemInfo: [malloc] Total allocated space:                        763488 Byte
20220313 034722.004 INFO             PET1 PIOc_sync Exit - MemInfo: [malloc] Total free space:                              39328 Byte
20220313 034722.004 INFO             PET1 PIOc_sync Exit - MemInfo: [malloc] Top-most, releasable space:                    38592 Byte
20220313 034722.004 INFO             PET1 PIOc_sync Exit - MemInfo: [malloc] Total space in use, mmap + non-mmap:         4240992 Byte
20220313 034722.004 INFO             PET1 PIOc_sync Exit - MemInfo: [malloc] Total space held (mmap + non-mmap):          4280320 Byte
20220313 034722.004 INFO             PET1 PIOc_sync Exit - MemInfo: [malloc] Total space used (mmap + non-mmap):          4249520 Byte
20220313 034722.004 INFO             PET1 PIOc_sync Exit - MemInfo: Wall-clock time since execution start:              0.0076266 seconds
20220313 034722.004 INFO             PET1 PIOc_freedecomp Enter - MemInfo: [/proc/meminfo - SSI]	MemTotal:       527077124 kB
20220313 034722.004 INFO             PET1 PIOc_freedecomp Enter - MemInfo: [/proc/meminfo - SSI]	MemFree:        518296392 kB
20220313 034722.004 INFO             PET1 PIOc_freedecomp Enter - MemInfo: [/proc/meminfo - SSI]	MemAvailable:   517878492 kB
20220313 034722.004 INFO             PET1 PIOc_freedecomp Enter - MemInfo: [/proc/meminfo - SSI]	Committed_AS:    1647164 kB
20220313 034722.004 INFO             PET1 PIOc_freedecomp Enter - MemInfo: [/proc/meminfo - SSI]	CommittedPercent: 0.312509 %
20220313 034722.004 INFO             PET1 PIOc_freedecomp Enter - MemInfo: [/proc/self/status]	VmPeak:	  158992 kB
20220313 034722.004 INFO             PET1 PIOc_freedecomp Enter - MemInfo: [/proc/self/status]	VmSize:	  158992 kB
20220313 034722.004 INFO             PET1 PIOc_freedecomp Enter - MemInfo: [/proc/self/status]	VmLck:	       0 kB
20220313 034722.004 INFO             PET1 PIOc_freedecomp Enter - MemInfo: [/proc/self/status]	VmPin:	       0 kB
20220313 034722.004 INFO             PET1 PIOc_freedecomp Enter - MemInfo: [/proc/self/status]	VmHWM:	   21432 kB
20220313 034722.004 INFO             PET1 PIOc_freedecomp Enter - MemInfo: [/proc/self/status]	VmRSS:	   21432 kB
20220313 034722.004 INFO             PET1 PIOc_freedecomp Enter - MemInfo: [/proc/self/status]	VmData:	    7884 kB
20220313 034722.004 INFO             PET1 PIOc_freedecomp Enter - MemInfo: [/proc/self/status]	VmStk:	     156 kB
20220313 034722.004 INFO             PET1 PIOc_freedecomp Enter - MemInfo: [/proc/self/status]	VmExe:	     220 kB
20220313 034722.004 INFO             PET1 PIOc_freedecomp Enter - MemInfo: [/proc/self/status]	VmLib:	   77104 kB
20220313 034722.004 INFO             PET1 PIOc_freedecomp Enter - MemInfo: [/proc/self/status]	VmPTE:	     300 kB
20220313 034722.004 INFO             PET1 PIOc_freedecomp Enter - MemInfo: [/proc/self/status]	VmSwap:	       0 kB
20220313 034722.004 INFO             PET1 PIOc_freedecomp Enter - MemInfo: [/proc/self/status]	VmRSSPercent: 0.0040662 %
20220313 034722.004 INFO             PET1 PIOc_freedecomp Enter - MemInfo: [malloc] Non-mmapped space allocated:                  802816 Byte
20220313 034722.004 INFO             PET1 PIOc_freedecomp Enter - MemInfo: [malloc] Space allocated in mmapped regions:          3477504 Byte
20220313 034722.004 INFO             PET1 PIOc_freedecomp Enter - MemInfo: [malloc] Maximum total allocated space:                     0 Byte
20220313 034722.004 INFO             PET1 PIOc_freedecomp Enter - MemInfo: [malloc] Space in freed fastbin blocks:                   720 Byte
20220313 034722.004 INFO             PET1 PIOc_freedecomp Enter - MemInfo: [malloc] Total allocated space:                        763312 Byte
20220313 034722.004 INFO             PET1 PIOc_freedecomp Enter - MemInfo: [malloc] Total free space:                              39504 Byte
20220313 034722.004 INFO             PET1 PIOc_freedecomp Enter - MemInfo: [malloc] Top-most, releasable space:                    38368 Byte
20220313 034722.004 INFO             PET1 PIOc_freedecomp Enter - MemInfo: [malloc] Total space in use, mmap + non-mmap:         4240816 Byte
20220313 034722.004 INFO             PET1 PIOc_freedecomp Enter - MemInfo: [malloc] Total space held (mmap + non-mmap):          4280320 Byte
20220313 034722.004 INFO             PET1 PIOc_freedecomp Enter - MemInfo: [malloc] Total space used (mmap + non-mmap):          4249024 Byte
20220313 034722.004 INFO             PET1 PIOc_freedecomp Enter - MemInfo: Wall-clock time since execution start:             0.00800955 seconds
20220313 034722.004 INFO             PET1 PIOc_freedecomp Exit - MemInfo: [/proc/meminfo - SSI]	MemTotal:       527077124 kB
20220313 034722.004 INFO             PET1 PIOc_freedecomp Exit - MemInfo: [/proc/meminfo - SSI]	MemFree:        518296392 kB
20220313 034722.004 INFO             PET1 PIOc_freedecomp Exit - MemInfo: [/proc/meminfo - SSI]	MemAvailable:   517878492 kB
20220313 034722.004 INFO             PET1 PIOc_freedecomp Exit - MemInfo: [/proc/meminfo - SSI]	Committed_AS:    1647164 kB
20220313 034722.004 INFO             PET1 PIOc_freedecomp Exit - MemInfo: [/proc/meminfo - SSI]	CommittedPercent: 0.312509 %
20220313 034722.004 INFO             PET1 PIOc_freedecomp Exit - MemInfo: [/proc/self/status]	VmPeak:	  158992 kB
20220313 034722.004 INFO             PET1 PIOc_freedecomp Exit - MemInfo: [/proc/self/status]	VmSize:	  158992 kB
20220313 034722.004 INFO             PET1 PIOc_freedecomp Exit - MemInfo: [/proc/self/status]	VmLck:	       0 kB
20220313 034722.004 INFO             PET1 PIOc_freedecomp Exit - MemInfo: [/proc/self/status]	VmPin:	       0 kB
20220313 034722.004 INFO             PET1 PIOc_freedecomp Exit - MemInfo: [/proc/self/status]	VmHWM:	   21432 kB
20220313 034722.004 INFO             PET1 PIOc_freedecomp Exit - MemInfo: [/proc/self/status]	VmRSS:	   21432 kB
20220313 034722.004 INFO             PET1 PIOc_freedecomp Exit - MemInfo: [/proc/self/status]	VmData:	    7884 kB
20220313 034722.004 INFO             PET1 PIOc_freedecomp Exit - MemInfo: [/proc/self/status]	VmStk:	     156 kB
20220313 034722.004 INFO             PET1 PIOc_freedecomp Exit - MemInfo: [/proc/self/status]	VmExe:	     220 kB
20220313 034722.004 INFO             PET1 PIOc_freedecomp Exit - MemInfo: [/proc/self/status]	VmLib:	   77104 kB
20220313 034722.004 INFO             PET1 PIOc_freedecomp Exit - MemInfo: [/proc/self/status]	VmPTE:	     300 kB
20220313 034722.004 INFO             PET1 PIOc_freedecomp Exit - MemInfo: [/proc/self/status]	VmSwap:	       0 kB
20220313 034722.004 INFO             PET1 PIOc_freedecomp Exit - MemInfo: [/proc/self/status]	VmRSSPercent: 0.0040662 %
20220313 034722.004 INFO             PET1 PIOc_freedecomp Exit - MemInfo: [malloc] Non-mmapped space allocated:                  802816 Byte
20220313 034722.004 INFO             PET1 PIOc_freedecomp Exit - MemInfo: [malloc] Space allocated in mmapped regions:          3477504 Byte
20220313 034722.004 INFO             PET1 PIOc_freedecomp Exit - MemInfo: [malloc] Maximum total allocated space:                     0 Byte
20220313 034722.004 INFO             PET1 PIOc_freedecomp Exit - MemInfo: [malloc] Space in freed fastbin blocks:                   992 Byte
20220313 034722.004 INFO             PET1 PIOc_freedecomp Exit - MemInfo: [malloc] Total allocated space:                        763200 Byte
20220313 034722.004 INFO             PET1 PIOc_freedecomp Exit - MemInfo: [malloc] Total free space:                              39616 Byte
20220313 034722.004 INFO             PET1 PIOc_freedecomp Exit - MemInfo: [malloc] Top-most, releasable space:                    38144 Byte
20220313 034722.004 INFO             PET1 PIOc_freedecomp Exit - MemInfo: [malloc] Total space in use, mmap + non-mmap:         4240704 Byte
20220313 034722.004 INFO             PET1 PIOc_freedecomp Exit - MemInfo: [malloc] Total space held (mmap + non-mmap):          4280320 Byte
20220313 034722.004 INFO             PET1 PIOc_freedecomp Exit - MemInfo: [malloc] Total space used (mmap + non-mmap):          4248912 Byte
20220313 034722.004 INFO             PET1 PIOc_freedecomp Exit - MemInfo: Wall-clock time since execution start:             0.00817446 seconds
20220313 034722.006 INFO             PET1 PIOc_sync Enter - MemInfo: [/proc/meminfo - SSI]	MemTotal:       527077124 kB
20220313 034722.006 INFO             PET1 PIOc_sync Enter - MemInfo: [/proc/meminfo - SSI]	MemFree:        518292548 kB
20220313 034722.006 INFO             PET1 PIOc_sync Enter - MemInfo: [/proc/meminfo - SSI]	MemAvailable:   517874648 kB
20220313 034722.006 INFO             PET1 PIOc_sync Enter - MemInfo: [/proc/meminfo - SSI]	Committed_AS:    1655872 kB
20220313 034722.006 INFO             PET1 PIOc_sync Enter - MemInfo: [/proc/meminfo - SSI]	CommittedPercent: 0.314161 %
20220313 034722.006 INFO             PET1 PIOc_sync Enter - MemInfo: [/proc/self/status]	VmPeak:	  158992 kB
20220313 034722.006 INFO             PET1 PIOc_sync Enter - MemInfo: [/proc/self/status]	VmSize:	  158992 kB
20220313 034722.006 INFO             PET1 PIOc_sync Enter - MemInfo: [/proc/self/status]	VmLck:	       0 kB
20220313 034722.006 INFO             PET1 PIOc_sync Enter - MemInfo: [/proc/self/status]	VmPin:	       0 kB
20220313 034722.006 INFO             PET1 PIOc_sync Enter - MemInfo: [/proc/self/status]	VmHWM:	   22164 kB
20220313 034722.006 INFO             PET1 PIOc_sync Enter - MemInfo: [/proc/self/status]	VmRSS:	   22148 kB
20220313 034722.006 INFO             PET1 PIOc_sync Enter - MemInfo: [/proc/self/status]	VmData:	    7884 kB
20220313 034722.006 INFO             PET1 PIOc_sync Enter - MemInfo: [/proc/self/status]	VmStk:	     156 kB
20220313 034722.006 INFO             PET1 PIOc_sync Enter - MemInfo: [/proc/self/status]	VmExe:	     220 kB
20220313 034722.006 INFO             PET1 PIOc_sync Enter - MemInfo: [/proc/self/status]	VmLib:	   77104 kB
20220313 034722.006 INFO             PET1 PIOc_sync Enter - MemInfo: [/proc/self/status]	VmPTE:	     300 kB
20220313 034722.006 INFO             PET1 PIOc_sync Enter - MemInfo: [/proc/self/status]	VmSwap:	       0 kB
20220313 034722.006 INFO             PET1 PIOc_sync Enter - MemInfo: [/proc/self/status]	VmRSSPercent: 0.00420204 %
20220313 034722.006 INFO             PET1 PIOc_sync Enter - MemInfo: [malloc] Non-mmapped space allocated:                  802816 Byte
20220313 034722.006 INFO             PET1 PIOc_sync Enter - MemInfo: [malloc] Space allocated in mmapped regions:          3477504 Byte
20220313 034722.006 INFO             PET1 PIOc_sync Enter - MemInfo: [malloc] Maximum total allocated space:                     0 Byte
20220313 034722.006 INFO             PET1 PIOc_sync Enter - MemInfo: [malloc] Space in freed fastbin blocks:                   752 Byte
20220313 034722.006 INFO             PET1 PIOc_sync Enter - MemInfo: [malloc] Total allocated space:                        767024 Byte
20220313 034722.006 INFO             PET1 PIOc_sync Enter - MemInfo: [malloc] Total free space:                              35792 Byte
20220313 034722.006 INFO             PET1 PIOc_sync Enter - MemInfo: [malloc] Top-most, releasable space:                    34944 Byte
20220313 034722.006 INFO             PET1 PIOc_sync Enter - MemInfo: [malloc] Total space in use, mmap + non-mmap:         4244528 Byte
20220313 034722.006 INFO             PET1 PIOc_sync Enter - MemInfo: [malloc] Total space held (mmap + non-mmap):          4280320 Byte
20220313 034722.006 INFO             PET1 PIOc_sync Enter - MemInfo: [malloc] Total space used (mmap + non-mmap):          4252736 Byte
20220313 034722.006 INFO             PET1 PIOc_sync Enter - MemInfo: Wall-clock time since execution start:             0.00988638 seconds
20220313 034722.006 INFO             PET1 PIOc_sync Exit - MemInfo: [/proc/meminfo - SSI]	MemTotal:       527077124 kB
20220313 034722.006 INFO             PET1 PIOc_sync Exit - MemInfo: [/proc/meminfo - SSI]	MemFree:        518292548 kB
20220313 034722.006 INFO             PET1 PIOc_sync Exit - MemInfo: [/proc/meminfo - SSI]	MemAvailable:   517874648 kB
20220313 034722.006 INFO             PET1 PIOc_sync Exit - MemInfo: [/proc/meminfo - SSI]	Committed_AS:    1655872 kB
20220313 034722.006 INFO             PET1 PIOc_sync Exit - MemInfo: [/proc/meminfo - SSI]	CommittedPercent: 0.314161 %
20220313 034722.006 INFO             PET1 PIOc_sync Exit - MemInfo: [/proc/self/status]	VmPeak:	  158992 kB
20220313 034722.006 INFO             PET1 PIOc_sync Exit - MemInfo: [/proc/self/status]	VmSize:	  158992 kB
20220313 034722.006 INFO             PET1 PIOc_sync Exit - MemInfo: [/proc/self/status]	VmLck:	       0 kB
20220313 034722.006 INFO             PET1 PIOc_sync Exit - MemInfo: [/proc/self/status]	VmPin:	       0 kB
20220313 034722.006 INFO             PET1 PIOc_sync Exit - MemInfo: [/proc/self/status]	VmHWM:	   22164 kB
20220313 034722.006 INFO             PET1 PIOc_sync Exit - MemInfo: [/proc/self/status]	VmRSS:	   22148 kB
20220313 034722.006 INFO             PET1 PIOc_sync Exit - MemInfo: [/proc/self/status]	VmData:	    7884 kB
20220313 034722.006 INFO             PET1 PIOc_sync Exit - MemInfo: [/proc/self/status]	VmStk:	     156 kB
20220313 034722.006 INFO             PET1 PIOc_sync Exit - MemInfo: [/proc/self/status]	VmExe:	     220 kB
20220313 034722.006 INFO             PET1 PIOc_sync Exit - MemInfo: [/proc/self/status]	VmLib:	   77104 kB
20220313 034722.006 INFO             PET1 PIOc_sync Exit - MemInfo: [/proc/self/status]	VmPTE:	     300 kB
20220313 034722.006 INFO             PET1 PIOc_sync Exit - MemInfo: [/proc/self/status]	VmSwap:	       0 kB
20220313 034722.006 INFO             PET1 PIOc_sync Exit - MemInfo: [/proc/self/status]	VmRSSPercent: 0.00420204 %
20220313 034722.006 INFO             PET1 PIOc_sync Exit - MemInfo: [malloc] Non-mmapped space allocated:                  802816 Byte
20220313 034722.006 INFO             PET1 PIOc_sync Exit - MemInfo: [malloc] Space allocated in mmapped regions:          3477504 Byte
20220313 034722.006 INFO             PET1 PIOc_sync Exit - MemInfo: [malloc] Maximum total allocated space:                     0 Byte
20220313 034722.006 INFO             PET1 PIOc_sync Exit - MemInfo: [malloc] Space in freed fastbin blocks:                   800 Byte
20220313 034722.006 INFO             PET1 PIOc_sync Exit - MemInfo: [malloc] Total allocated space:                        767264 Byte
20220313 034722.006 INFO             PET1 PIOc_sync Exit - MemInfo: [malloc] Total free space:                              35552 Byte
20220313 034722.006 INFO             PET1 PIOc_sync Exit - MemInfo: [malloc] Top-most, releasable space:                    34560 Byte
20220313 034722.006 INFO             PET1 PIOc_sync Exit - MemInfo: [malloc] Total space in use, mmap + non-mmap:         4244768 Byte
20220313 034722.006 INFO             PET1 PIOc_sync Exit - MemInfo: [malloc] Total space held (mmap + non-mmap):          4280320 Byte
20220313 034722.006 INFO             PET1 PIOc_sync Exit - MemInfo: [malloc] Total space used (mmap + non-mmap):          4252976 Byte
20220313 034722.006 INFO             PET1 PIOc_sync Exit - MemInfo: Wall-clock time since execution start:              0.0100902 seconds
20220313 034722.006 INFO             PET1 PIOc_freedecomp Enter - MemInfo: [/proc/meminfo - SSI]	MemTotal:       527077124 kB
20220313 034722.006 INFO             PET1 PIOc_freedecomp Enter - MemInfo: [/proc/meminfo - SSI]	MemFree:        518292672 kB
20220313 034722.006 INFO             PET1 PIOc_freedecomp Enter - MemInfo: [/proc/meminfo - SSI]	MemAvailable:   517874772 kB
20220313 034722.006 INFO             PET1 PIOc_freedecomp Enter - MemInfo: [/proc/meminfo - SSI]	Committed_AS:    1655872 kB
20220313 034722.006 INFO             PET1 PIOc_freedecomp Enter - MemInfo: [/proc/meminfo - SSI]	CommittedPercent: 0.314161 %
20220313 034722.006 INFO             PET1 PIOc_freedecomp Enter - MemInfo: [/proc/self/status]	VmPeak:	  158992 kB
20220313 034722.006 INFO             PET1 PIOc_freedecomp Enter - MemInfo: [/proc/self/status]	VmSize:	  158992 kB
20220313 034722.006 INFO             PET1 PIOc_freedecomp Enter - MemInfo: [/proc/self/status]	VmLck:	       0 kB
20220313 034722.006 INFO             PET1 PIOc_freedecomp Enter - MemInfo: [/proc/self/status]	VmPin:	       0 kB
20220313 034722.006 INFO             PET1 PIOc_freedecomp Enter - MemInfo: [/proc/self/status]	VmHWM:	   22164 kB
20220313 034722.006 INFO             PET1 PIOc_freedecomp Enter - MemInfo: [/proc/self/status]	VmRSS:	   22148 kB
20220313 034722.006 INFO             PET1 PIOc_freedecomp Enter - MemInfo: [/proc/self/status]	VmData:	    7884 kB
20220313 034722.006 INFO             PET1 PIOc_freedecomp Enter - MemInfo: [/proc/self/status]	VmStk:	     156 kB
20220313 034722.006 INFO             PET1 PIOc_freedecomp Enter - MemInfo: [/proc/self/status]	VmExe:	     220 kB
20220313 034722.006 INFO             PET1 PIOc_freedecomp Enter - MemInfo: [/proc/self/status]	VmLib:	   77104 kB
20220313 034722.006 INFO             PET1 PIOc_freedecomp Enter - MemInfo: [/proc/self/status]	VmPTE:	     300 kB
20220313 034722.007 INFO             PET1 PIOc_freedecomp Enter - MemInfo: [/proc/self/status]	VmSwap:	       0 kB
20220313 034722.007 INFO             PET1 PIOc_freedecomp Enter - MemInfo: [/proc/self/status]	VmRSSPercent: 0.00420204 %
20220313 034722.007 INFO             PET1 PIOc_freedecomp Enter - MemInfo: [malloc] Non-mmapped space allocated:                  802816 Byte
20220313 034722.007 INFO             PET1 PIOc_freedecomp Enter - MemInfo: [malloc] Space allocated in mmapped regions:          3477504 Byte
20220313 034722.007 INFO             PET1 PIOc_freedecomp Enter - MemInfo: [malloc] Maximum total allocated space:                     0 Byte
20220313 034722.007 INFO             PET1 PIOc_freedecomp Enter - MemInfo: [malloc] Space in freed fastbin blocks:                   576 Byte
20220313 034722.007 INFO             PET1 PIOc_freedecomp Enter - MemInfo: [malloc] Total allocated space:                        766800 Byte
20220313 034722.007 INFO             PET1 PIOc_freedecomp Enter - MemInfo: [malloc] Total free space:                              36016 Byte
20220313 034722.007 INFO             PET1 PIOc_freedecomp Enter - MemInfo: [malloc] Top-most, releasable space:                    34224 Byte
20220313 034722.007 INFO             PET1 PIOc_freedecomp Enter - MemInfo: [malloc] Total space in use, mmap + non-mmap:         4244304 Byte
20220313 034722.007 INFO             PET1 PIOc_freedecomp Enter - MemInfo: [malloc] Total space held (mmap + non-mmap):          4280320 Byte
20220313 034722.007 INFO             PET1 PIOc_freedecomp Enter - MemInfo: [malloc] Total space used (mmap + non-mmap):          4252512 Byte
20220313 034722.007 INFO             PET1 PIOc_freedecomp Enter - MemInfo: Wall-clock time since execution start:              0.0103671 seconds
20220313 034722.007 INFO             PET1 PIOc_freedecomp Exit - MemInfo: [/proc/meminfo - SSI]	MemTotal:       527077124 kB
20220313 034722.007 INFO             PET1 PIOc_freedecomp Exit - MemInfo: [/proc/meminfo - SSI]	MemFree:        518292672 kB
20220313 034722.007 INFO             PET1 PIOc_freedecomp Exit - MemInfo: [/proc/meminfo - SSI]	MemAvailable:   517874772 kB
20220313 034722.007 INFO             PET1 PIOc_freedecomp Exit - MemInfo: [/proc/meminfo - SSI]	Committed_AS:    1655872 kB
20220313 034722.007 INFO             PET1 PIOc_freedecomp Exit - MemInfo: [/proc/meminfo - SSI]	CommittedPercent: 0.314161 %
20220313 034722.007 INFO             PET1 PIOc_freedecomp Exit - MemInfo: [/proc/self/status]	VmPeak:	  158992 kB
20220313 034722.007 INFO             PET1 PIOc_freedecomp Exit - MemInfo: [/proc/self/status]	VmSize:	  158992 kB
20220313 034722.007 INFO             PET1 PIOc_freedecomp Exit - MemInfo: [/proc/self/status]	VmLck:	       0 kB
20220313 034722.007 INFO             PET1 PIOc_freedecomp Exit - MemInfo: [/proc/self/status]	VmPin:	       0 kB
20220313 034722.007 INFO             PET1 PIOc_freedecomp Exit - MemInfo: [/proc/self/status]	VmHWM:	   22164 kB
20220313 034722.007 INFO             PET1 PIOc_freedecomp Exit - MemInfo: [/proc/self/status]	VmRSS:	   22148 kB
20220313 034722.007 INFO             PET1 PIOc_freedecomp Exit - MemInfo: [/proc/self/status]	VmData:	    7884 kB
20220313 034722.007 INFO             PET1 PIOc_freedecomp Exit - MemInfo: [/proc/self/status]	VmStk:	     156 kB
20220313 034722.007 INFO             PET1 PIOc_freedecomp Exit - MemInfo: [/proc/self/status]	VmExe:	     220 kB
20220313 034722.007 INFO             PET1 PIOc_freedecomp Exit - MemInfo: [/proc/self/status]	VmLib:	   77104 kB
20220313 034722.007 INFO             PET1 PIOc_freedecomp Exit - MemInfo: [/proc/self/status]	VmPTE:	     300 kB
20220313 034722.007 INFO             PET1 PIOc_freedecomp Exit - MemInfo: [/proc/self/status]	VmSwap:	       0 kB
20220313 034722.007 INFO             PET1 PIOc_freedecomp Exit - MemInfo: [/proc/self/status]	VmRSSPercent: 0.00420204 %
20220313 034722.007 INFO             PET1 PIOc_freedecomp Exit - MemInfo: [malloc] Non-mmapped space allocated:                  802816 Byte
20220313 034722.007 INFO             PET1 PIOc_freedecomp Exit - MemInfo: [malloc] Space allocated in mmapped regions:          3477504 Byte
20220313 034722.007 INFO             PET1 PIOc_freedecomp Exit - MemInfo: [malloc] Maximum total allocated space:                     0 Byte
20220313 034722.007 INFO             PET1 PIOc_freedecomp Exit - MemInfo: [malloc] Space in freed fastbin blocks:                   928 Byte
20220313 034722.007 INFO             PET1 PIOc_freedecomp Exit - MemInfo: [malloc] Total allocated space:                        765904 Byte
20220313 034722.007 INFO             PET1 PIOc_freedecomp Exit - MemInfo: [malloc] Total free space:                              36912 Byte
20220313 034722.007 INFO             PET1 PIOc_freedecomp Exit - MemInfo: [malloc] Top-most, releasable space:                    34000 Byte
20220313 034722.007 INFO             PET1 PIOc_freedecomp Exit - MemInfo: [malloc] Total space in use, mmap + non-mmap:         4243408 Byte
20220313 034722.007 INFO             PET1 PIOc_freedecomp Exit - MemInfo: [malloc] Total space held (mmap + non-mmap):          4280320 Byte
20220313 034722.007 INFO             PET1 PIOc_freedecomp Exit - MemInfo: [malloc] Total space used (mmap + non-mmap):          4252064 Byte
20220313 034722.007 INFO             PET1 PIOc_freedecomp Exit - MemInfo: Wall-clock time since execution start:              0.0105214 seconds
20220313 034722.008 INFO             PET1 PIOc_sync Enter - MemInfo: [/proc/meminfo - SSI]	MemTotal:       527077124 kB
20220313 034722.008 INFO             PET1 PIOc_sync Enter - MemInfo: [/proc/meminfo - SSI]	MemFree:        518292672 kB
20220313 034722.008 INFO             PET1 PIOc_sync Enter - MemInfo: [/proc/meminfo - SSI]	MemAvailable:   517874772 kB
20220313 034722.008 INFO             PET1 PIOc_sync Enter - MemInfo: [/proc/meminfo - SSI]	Committed_AS:    1655872 kB
20220313 034722.008 INFO             PET1 PIOc_sync Enter - MemInfo: [/proc/meminfo - SSI]	CommittedPercent: 0.314161 %
20220313 034722.008 INFO             PET1 PIOc_sync Enter - MemInfo: [/proc/self/status]	VmPeak:	  158992 kB
20220313 034722.008 INFO             PET1 PIOc_sync Enter - MemInfo: [/proc/self/status]	VmSize:	  158992 kB
20220313 034722.008 INFO             PET1 PIOc_sync Enter - MemInfo: [/proc/self/status]	VmLck:	       0 kB
20220313 034722.008 INFO             PET1 PIOc_sync Enter - MemInfo: [/proc/self/status]	VmPin:	       0 kB
20220313 034722.008 INFO             PET1 PIOc_sync Enter - MemInfo: [/proc/self/status]	VmHWM:	   22228 kB
20220313 034722.008 INFO             PET1 PIOc_sync Enter - MemInfo: [/proc/self/status]	VmRSS:	   22212 kB
20220313 034722.008 INFO             PET1 PIOc_sync Enter - MemInfo: [/proc/self/status]	VmData:	    7884 kB
20220313 034722.008 INFO             PET1 PIOc_sync Enter - MemInfo: [/proc/self/status]	VmStk:	     156 kB
20220313 034722.008 INFO             PET1 PIOc_sync Enter - MemInfo: [/proc/self/status]	VmExe:	     220 kB
20220313 034722.008 INFO             PET1 PIOc_sync Enter - MemInfo: [/proc/self/status]	VmLib:	   77104 kB
20220313 034722.008 INFO             PET1 PIOc_sync Enter - MemInfo: [/proc/self/status]	VmPTE:	     300 kB
20220313 034722.008 INFO             PET1 PIOc_sync Enter - MemInfo: [/proc/self/status]	VmSwap:	       0 kB
20220313 034722.008 INFO             PET1 PIOc_sync Enter - MemInfo: [/proc/self/status]	VmRSSPercent: 0.00421418 %
20220313 034722.008 INFO             PET1 PIOc_sync Enter - MemInfo: [malloc] Non-mmapped space allocated:                  802816 Byte
20220313 034722.008 INFO             PET1 PIOc_sync Enter - MemInfo: [malloc] Space allocated in mmapped regions:          3477504 Byte
20220313 034722.008 INFO             PET1 PIOc_sync Enter - MemInfo: [malloc] Maximum total allocated space:                     0 Byte
20220313 034722.008 INFO             PET1 PIOc_sync Enter - MemInfo: [malloc] Space in freed fastbin blocks:                   528 Byte
20220313 034722.008 INFO             PET1 PIOc_sync Enter - MemInfo: [malloc] Total allocated space:                        769584 Byte
20220313 034722.008 INFO             PET1 PIOc_sync Enter - MemInfo: [malloc] Total free space:                              33232 Byte
20220313 034722.008 INFO             PET1 PIOc_sync Enter - MemInfo: [malloc] Top-most, releasable space:                    32192 Byte
20220313 034722.008 INFO             PET1 PIOc_sync Enter - MemInfo: [malloc] Total space in use, mmap + non-mmap:         4247088 Byte
20220313 034722.008 INFO             PET1 PIOc_sync Enter - MemInfo: [malloc] Total space held (mmap + non-mmap):          4280320 Byte
20220313 034722.008 INFO             PET1 PIOc_sync Enter - MemInfo: [malloc] Total space used (mmap + non-mmap):          4255744 Byte
20220313 034722.008 INFO             PET1 PIOc_sync Enter - MemInfo: Wall-clock time since execution start:               0.011851 seconds
20220313 034722.008 INFO             PET1 PIOc_sync Exit - MemInfo: [/proc/meminfo - SSI]	MemTotal:       527077124 kB
20220313 034722.008 INFO             PET1 PIOc_sync Exit - MemInfo: [/proc/meminfo - SSI]	MemFree:        518292672 kB
20220313 034722.008 INFO             PET1 PIOc_sync Exit - MemInfo: [/proc/meminfo - SSI]	MemAvailable:   517874772 kB
20220313 034722.008 INFO             PET1 PIOc_sync Exit - MemInfo: [/proc/meminfo - SSI]	Committed_AS:    1655872 kB
20220313 034722.008 INFO             PET1 PIOc_sync Exit - MemInfo: [/proc/meminfo - SSI]	CommittedPercent: 0.314161 %
20220313 034722.008 INFO             PET1 PIOc_sync Exit - MemInfo: [/proc/self/status]	VmPeak:	  158992 kB
20220313 034722.008 INFO             PET1 PIOc_sync Exit - MemInfo: [/proc/self/status]	VmSize:	  158992 kB
20220313 034722.008 INFO             PET1 PIOc_sync Exit - MemInfo: [/proc/self/status]	VmLck:	       0 kB
20220313 034722.008 INFO             PET1 PIOc_sync Exit - MemInfo: [/proc/self/status]	VmPin:	       0 kB
20220313 034722.008 INFO             PET1 PIOc_sync Exit - MemInfo: [/proc/self/status]	VmHWM:	   22228 kB
20220313 034722.008 INFO             PET1 PIOc_sync Exit - MemInfo: [/proc/self/status]	VmRSS:	   22212 kB
20220313 034722.008 INFO             PET1 PIOc_sync Exit - MemInfo: [/proc/self/status]	VmData:	    7884 kB
20220313 034722.008 INFO             PET1 PIOc_sync Exit - MemInfo: [/proc/self/status]	VmStk:	     156 kB
20220313 034722.008 INFO             PET1 PIOc_sync Exit - MemInfo: [/proc/self/status]	VmExe:	     220 kB
20220313 034722.008 INFO             PET1 PIOc_sync Exit - MemInfo: [/proc/self/status]	VmLib:	   77104 kB
20220313 034722.008 INFO             PET1 PIOc_sync Exit - MemInfo: [/proc/self/status]	VmPTE:	     300 kB
20220313 034722.008 INFO             PET1 PIOc_sync Exit - MemInfo: [/proc/self/status]	VmSwap:	       0 kB
20220313 034722.008 INFO             PET1 PIOc_sync Exit - MemInfo: [/proc/self/status]	VmRSSPercent: 0.00421418 %
20220313 034722.008 INFO             PET1 PIOc_sync Exit - MemInfo: [malloc] Non-mmapped space allocated:                  802816 Byte
20220313 034722.008 INFO             PET1 PIOc_sync Exit - MemInfo: [malloc] Space allocated in mmapped regions:          3477504 Byte
20220313 034722.008 INFO             PET1 PIOc_sync Exit - MemInfo: [malloc] Maximum total allocated space:                     0 Byte
20220313 034722.008 INFO             PET1 PIOc_sync Exit - MemInfo: [malloc] Space in freed fastbin blocks:                   112 Byte
20220313 034722.008 INFO             PET1 PIOc_sync Exit - MemInfo: [malloc] Total allocated space:                        769472 Byte
20220313 034722.008 INFO             PET1 PIOc_sync Exit - MemInfo: [malloc] Total free space:                              33344 Byte
20220313 034722.008 INFO             PET1 PIOc_sync Exit - MemInfo: [malloc] Top-most, releasable space:                    31520 Byte
20220313 034722.008 INFO             PET1 PIOc_sync Exit - MemInfo: [malloc] Total space in use, mmap + non-mmap:         4246976 Byte
20220313 034722.008 INFO             PET1 PIOc_sync Exit - MemInfo: [malloc] Total space held (mmap + non-mmap):          4280320 Byte
20220313 034722.008 INFO             PET1 PIOc_sync Exit - MemInfo: [malloc] Total space used (mmap + non-mmap):          4255120 Byte
20220313 034722.008 INFO             PET1 PIOc_sync Exit - MemInfo: Wall-clock time since execution start:              0.0120179 seconds
20220313 034722.008 INFO             PET1 PIOc_freedecomp Enter - MemInfo: [/proc/meminfo - SSI]	MemTotal:       527077124 kB
20220313 034722.008 INFO             PET1 PIOc_freedecomp Enter - MemInfo: [/proc/meminfo - SSI]	MemFree:        518292672 kB
20220313 034722.008 INFO             PET1 PIOc_freedecomp Enter - MemInfo: [/proc/meminfo - SSI]	MemAvailable:   517874772 kB
20220313 034722.008 INFO             PET1 PIOc_freedecomp Enter - MemInfo: [/proc/meminfo - SSI]	Committed_AS:    1655872 kB
20220313 034722.008 INFO             PET1 PIOc_freedecomp Enter - MemInfo: [/proc/meminfo - SSI]	CommittedPercent: 0.314161 %
20220313 034722.008 INFO             PET1 PIOc_freedecomp Enter - MemInfo: [/proc/self/status]	VmPeak:	  158992 kB
20220313 034722.008 INFO             PET1 PIOc_freedecomp Enter - MemInfo: [/proc/self/status]	VmSize:	  158992 kB
20220313 034722.008 INFO             PET1 PIOc_freedecomp Enter - MemInfo: [/proc/self/status]	VmLck:	       0 kB
20220313 034722.008 INFO             PET1 PIOc_freedecomp Enter - MemInfo: [/proc/self/status]	VmPin:	       0 kB
20220313 034722.008 INFO             PET1 PIOc_freedecomp Enter - MemInfo: [/proc/self/status]	VmHWM:	   22228 kB
20220313 034722.008 INFO             PET1 PIOc_freedecomp Enter - MemInfo: [/proc/self/status]	VmRSS:	   22212 kB
20220313 034722.008 INFO             PET1 PIOc_freedecomp Enter - MemInfo: [/proc/self/status]	VmData:	    7884 kB
20220313 034722.008 INFO             PET1 PIOc_freedecomp Enter - MemInfo: [/proc/self/status]	VmStk:	     156 kB
20220313 034722.008 INFO             PET1 PIOc_freedecomp Enter - MemInfo: [/proc/self/status]	VmExe:	     220 kB
20220313 034722.008 INFO             PET1 PIOc_freedecomp Enter - MemInfo: [/proc/self/status]	VmLib:	   77104 kB
20220313 034722.008 INFO             PET1 PIOc_freedecomp Enter - MemInfo: [/proc/self/status]	VmPTE:	     300 kB
20220313 034722.008 INFO             PET1 PIOc_freedecomp Enter - MemInfo: [/proc/self/status]	VmSwap:	       0 kB
20220313 034722.008 INFO             PET1 PIOc_freedecomp Enter - MemInfo: [/proc/self/status]	VmRSSPercent: 0.00421418 %
20220313 034722.008 INFO             PET1 PIOc_freedecomp Enter - MemInfo: [malloc] Non-mmapped space allocated:                  802816 Byte
20220313 034722.008 INFO             PET1 PIOc_freedecomp Enter - MemInfo: [malloc] Space allocated in mmapped regions:          3477504 Byte
20220313 034722.008 INFO             PET1 PIOc_freedecomp Enter - MemInfo: [malloc] Maximum total allocated space:                     0 Byte
20220313 034722.008 INFO             PET1 PIOc_freedecomp Enter - MemInfo: [malloc] Space in freed fastbin blocks:                   768 Byte
20220313 034722.008 INFO             PET1 PIOc_freedecomp Enter - MemInfo: [malloc] Total allocated space:                        767728 Byte
20220313 034722.008 INFO             PET1 PIOc_freedecomp Enter - MemInfo: [malloc] Total free space:                              35088 Byte
20220313 034722.008 INFO             PET1 PIOc_freedecomp Enter - MemInfo: [malloc] Top-most, releasable space:                    31296 Byte
20220313 034722.008 INFO             PET1 PIOc_freedecomp Enter - MemInfo: [malloc] Total space in use, mmap + non-mmap:         4245232 Byte
20220313 034722.008 INFO             PET1 PIOc_freedecomp Enter - MemInfo: [malloc] Total space held (mmap + non-mmap):          4280320 Byte
20220313 034722.008 INFO             PET1 PIOc_freedecomp Enter - MemInfo: [malloc] Total space used (mmap + non-mmap):          4253840 Byte
