build time -- 2022-03-14 00:47:24
20220314 014048.616 INFO             PET0 !!!!!!!!!!!!!!!!!!!!!!!!!!!!!!!!!!!!!!!!!!!!!!!!!!!!!!
20220314 014048.616 INFO             PET0 !!! THE ESMF_LOG IS SET TO OUTPUT ALL LOG MESSAGES !!!
20220314 014048.616 INFO             PET0 !!!     THIS MAY CAUSE SLOWDOWN IN PERFORMANCE     !!!
20220314 014048.616 INFO             PET0 !!! FOR PRODUCTION RUNS, USE:                      !!!
20220314 014048.616 INFO             PET0 !!!                   ESMF_LOGKIND_Multi_On_Error  !!!
20220314 014048.616 INFO             PET0 !!!!!!!!!!!!!!!!!!!!!!!!!!!!!!!!!!!!!!!!!!!!!!!!!!!!!!
20220314 014048.616 INFO             PET0 Running with ESMF Version   : v8.3.0b09-96-g559b459836
20220314 014048.617 INFO             PET0 ESMF library build date/time: "Mar 14 2022" "00:45:31"
20220314 014048.617 INFO             PET0 ESMF library build location : /lustre/f2/dev/ncep/Mark.Potts/gfortran_8.3.0_mpi_g_jedwards_pio_update2
20220314 014048.617 INFO             PET0 ESMF_COMM                   : mpi
20220314 014048.617 INFO             PET0 ESMF_MOAB                   : enabled
20220314 014048.617 INFO             PET0 ESMF_LAPACK                 : enabled
20220314 014048.617 INFO             PET0 ESMF_NETCDF                 : enabled
20220314 014048.617 INFO             PET0 ESMF_PNETCDF                : disabled
20220314 014048.617 INFO             PET0 ESMF_PIO                    : enabled
20220314 014048.617 INFO             PET0 ESMF_YAMLCPP                : enabled
20220314 014048.619 INFO             PET0 Beginning Test, file ESMC_FieldRegridUTest.C, line 68
20220314 014048.620 INFO             PET0 Beginning Test, file ESMC_FieldRegridUTest.C, line 68NUMBER_OF_PROCESSORS 1
20220314 014048.629 INFO             PET0 PASS MeshCreate, ESMC_FieldRegridUTest.C, line 125
20220314 014048.630 INFO             PET0 PASS MeshAddNodes, ESMC_FieldRegridUTest.C, line 133
20220314 014048.638 INFO             PET0 PASS MeshAddElements, ESMC_FieldRegridUTest.C, line 142
20220314 014048.638 INFO             PET0 PASS MeshGetLocalNodeCount, ESMC_FieldRegridUTest.C, line 152
20220314 014048.638 INFO             PET0 PASS MeshGetLocalElementCount, ESMC_FieldRegridUTest.C, line 163
20220314 014048.638 INFO             PET0 PASS MeshCreate, ESMC_FieldRegridUTest.C, line 231
20220314 014048.638 INFO             PET0 PASS MeshAddNodes, ESMC_FieldRegridUTest.C, line 239
20220314 014048.638 INFO             PET0 PASS MeshAddElements, ESMC_FieldRegridUTest.C, line 248
20220314 014048.638 INFO             PET0 PASS MeshGetLocalNodeCount, ESMC_FieldRegridUTest.C, line 258
20220314 014048.638 INFO             PET0 PASS MeshGetLocalElementCount, ESMC_FieldRegridUTest.C, line 269
20220314 014048.689 INFO             PET0 PASS Create ESMC_Field object, ESMC_FieldRegridUTest.C, line 284
20220314 014048.689 INFO             PET0 PASS Create ESMC_Field object, ESMC_FieldRegridUTest.C, line 293
20220314 014048.692 INFO             PET0 PASS Get a void * C pointer to data from ESMC_Field object, ESMC_FieldRegridUTest.C, line 306
20220314 014048.692 INFO             PET0 PASS Get a void * C pointer to data from ESMC_Field object, ESMC_FieldRegridUTest.C, line 325
20220314 014048.692 INFO             PET0 PASS Create an InterArray for maskValues in ESMC_FieldRegridStore(), ESMC_FieldRegridUTest.C, line 343
20220314 014048.950 INFO             PET0 PIOc_sync Enter - MemInfo: [/proc/meminfo - SSI]	MemTotal:       65855856 kB
20220314 014048.950 INFO             PET0 PIOc_sync Enter - MemInfo: [/proc/meminfo - SSI]	MemFree:        61164328 kB
20220314 014048.950 INFO             PET0 PIOc_sync Enter - MemInfo: [/proc/meminfo - SSI]	MemAvailable:   60957036 kB
20220314 014048.950 INFO             PET0 PIOc_sync Enter - MemInfo: [/proc/meminfo - SSI]	Committed_AS:    2826484 kB
20220314 014048.950 INFO             PET0 PIOc_sync Enter - MemInfo: [/proc/meminfo - SSI]	CommittedPercent: 4.29193 %
20220314 014048.950 INFO             PET0 PIOc_sync Enter - MemInfo: [/proc/self/status]	VmPeak:	   70368 kB
20220314 014048.950 INFO             PET0 PIOc_sync Enter - MemInfo: [/proc/self/status]	VmSize:	   70368 kB
20220314 014048.950 INFO             PET0 PIOc_sync Enter - MemInfo: [/proc/self/status]	VmLck:	       0 kB
20220314 014048.950 INFO             PET0 PIOc_sync Enter - MemInfo: [/proc/self/status]	VmPin:	       0 kB
20220314 014048.950 INFO             PET0 PIOc_sync Enter - MemInfo: [/proc/self/status]	VmHWM:	   21492 kB
20220314 014048.950 INFO             PET0 PIOc_sync Enter - MemInfo: [/proc/self/status]	VmRSS:	   21492 kB
20220314 014048.950 INFO             PET0 PIOc_sync Enter - MemInfo: [/proc/self/status]	VmData:	   21368 kB
20220314 014048.950 INFO             PET0 PIOc_sync Enter - MemInfo: [/proc/self/status]	VmStk:	     164 kB
20220314 014048.950 INFO             PET0 PIOc_sync Enter - MemInfo: [/proc/self/status]	VmExe:	   40684 kB
20220314 014048.950 INFO             PET0 PIOc_sync Enter - MemInfo: [/proc/self/status]	VmLib:	    1952 kB
20220314 014048.950 INFO             PET0 PIOc_sync Enter - MemInfo: [/proc/self/status]	VmPTE:	     148 kB
20220314 014048.950 INFO             PET0 PIOc_sync Enter - MemInfo: [/proc/self/status]	VmPMD:	      12 kB
20220314 014048.950 INFO             PET0 PIOc_sync Enter - MemInfo: [/proc/self/status]	VmSwap:	       0 kB
20220314 014048.950 INFO             PET0 PIOc_sync Enter - MemInfo: [/proc/self/status]	VmRSSPercent: 0.0326349 %
20220314 014048.950 INFO             PET0 PIOc_sync Enter - MemInfo: [malloc] Non-mmapped space allocated:                 1296704 Byte
20220314 014048.950 INFO             PET0 PIOc_sync Enter - MemInfo: [malloc] Space allocated in mmapped regions:         16228352 Byte
20220314 014048.951 INFO             PET0 PIOc_sync Enter - MemInfo: [malloc] Maximum total allocated space:                     0 Byte
20220314 014048.951 INFO             PET0 PIOc_sync Enter - MemInfo: [malloc] Space in freed fastbin blocks:                     0 Byte
20220314 014048.951 INFO             PET0 PIOc_sync Enter - MemInfo: [malloc] Total allocated space:                       1131120 Byte
20220314 014048.951 INFO             PET0 PIOc_sync Enter - MemInfo: [malloc] Total free space:                             165584 Byte
20220314 014048.951 INFO             PET0 PIOc_sync Enter - MemInfo: [malloc] Top-most, releasable space:                   165584 Byte
20220314 014048.951 INFO             PET0 PIOc_sync Enter - MemInfo: [malloc] Total space in use, mmap + non-mmap:        17359472 Byte
20220314 014048.951 INFO             PET0 PIOc_sync Enter - MemInfo: [malloc] Total space held (mmap + non-mmap):         17525056 Byte
20220314 014048.951 INFO             PET0 PIOc_sync Enter - MemInfo: [malloc] Total space used (mmap + non-mmap):         17369392 Byte
20220314 014048.951 INFO             PET0 PIOc_sync Enter - MemInfo: Wall-clock time since execution start:               0.360395 seconds
20220314 014048.955 INFO             PET0 PIOc_sync Exit - MemInfo: [/proc/meminfo - SSI]	MemTotal:       65855856 kB
20220314 014048.955 INFO             PET0 PIOc_sync Exit - MemInfo: [/proc/meminfo - SSI]	MemFree:        61164328 kB
20220314 014048.955 INFO             PET0 PIOc_sync Exit - MemInfo: [/proc/meminfo - SSI]	MemAvailable:   60957036 kB
20220314 014048.955 INFO             PET0 PIOc_sync Exit - MemInfo: [/proc/meminfo - SSI]	Committed_AS:    2826484 kB
20220314 014048.955 INFO             PET0 PIOc_sync Exit - MemInfo: [/proc/meminfo - SSI]	CommittedPercent: 4.29193 %
20220314 014048.955 INFO             PET0 PIOc_sync Exit - MemInfo: [/proc/self/status]	VmPeak:	   70724 kB
20220314 014048.955 INFO             PET0 PIOc_sync Exit - MemInfo: [/proc/self/status]	VmSize:	   70724 kB
20220314 014048.955 INFO             PET0 PIOc_sync Exit - MemInfo: [/proc/self/status]	VmLck:	       0 kB
20220314 014048.955 INFO             PET0 PIOc_sync Exit - MemInfo: [/proc/self/status]	VmPin:	       0 kB
20220314 014048.955 INFO             PET0 PIOc_sync Exit - MemInfo: [/proc/self/status]	VmHWM:	   22020 kB
20220314 014048.955 INFO             PET0 PIOc_sync Exit - MemInfo: [/proc/self/status]	VmRSS:	   22020 kB
20220314 014048.955 INFO             PET0 PIOc_sync Exit - MemInfo: [/proc/self/status]	VmData:	   21724 kB
20220314 014048.955 INFO             PET0 PIOc_sync Exit - MemInfo: [/proc/self/status]	VmStk:	     164 kB
20220314 014048.955 INFO             PET0 PIOc_sync Exit - MemInfo: [/proc/self/status]	VmExe:	   40684 kB
20220314 014048.955 INFO             PET0 PIOc_sync Exit - MemInfo: [/proc/self/status]	VmLib:	    1952 kB
20220314 014048.955 INFO             PET0 PIOc_sync Exit - MemInfo: [/proc/self/status]	VmPTE:	     152 kB
20220314 014048.955 INFO             PET0 PIOc_sync Exit - MemInfo: [/proc/self/status]	VmPMD:	      12 kB
20220314 014048.955 INFO             PET0 PIOc_sync Exit - MemInfo: [/proc/self/status]	VmSwap:	       0 kB
20220314 014048.955 INFO             PET0 PIOc_sync Exit - MemInfo: [/proc/self/status]	VmRSSPercent: 0.0334367 %
20220314 014048.955 INFO             PET0 PIOc_sync Exit - MemInfo: [malloc] Non-mmapped space allocated:                 1661248 Byte
20220314 014048.955 INFO             PET0 PIOc_sync Exit - MemInfo: [malloc] Space allocated in mmapped regions:         16228352 Byte
20220314 014048.955 INFO             PET0 PIOc_sync Exit - MemInfo: [malloc] Maximum total allocated space:                     0 Byte
20220314 014048.955 INFO             PET0 PIOc_sync Exit - MemInfo: [malloc] Space in freed fastbin blocks:                     0 Byte
20220314 014048.955 INFO             PET0 PIOc_sync Exit - MemInfo: [malloc] Total allocated space:                       1527472 Byte
20220314 014048.955 INFO             PET0 PIOc_sync Exit - MemInfo: [malloc] Total free space:                             133776 Byte
20220314 014048.955 INFO             PET0 PIOc_sync Exit - MemInfo: [malloc] Top-most, releasable space:                   133776 Byte
20220314 014048.955 INFO             PET0 PIOc_sync Exit - MemInfo: [malloc] Total space in use, mmap + non-mmap:        17755824 Byte
20220314 014048.955 INFO             PET0 PIOc_sync Exit - MemInfo: [malloc] Total space held (mmap + non-mmap):         17889600 Byte
20220314 014048.955 INFO             PET0 PIOc_sync Exit - MemInfo: [malloc] Total space used (mmap + non-mmap):         17764512 Byte
20220314 014048.955 INFO             PET0 PIOc_sync Exit - MemInfo: Wall-clock time since execution start:               0.364983 seconds
20220314 014048.956 INFO             PET0 PIOc_freedecomp Enter - MemInfo: [/proc/meminfo - SSI]	MemTotal:       65855856 kB
20220314 014048.956 INFO             PET0 PIOc_freedecomp Enter - MemInfo: [/proc/meminfo - SSI]	MemFree:        61171384 kB
20220314 014048.956 INFO             PET0 PIOc_freedecomp Enter - MemInfo: [/proc/meminfo - SSI]	MemAvailable:   60964092 kB
20220314 014048.956 INFO             PET0 PIOc_freedecomp Enter - MemInfo: [/proc/meminfo - SSI]	Committed_AS:    2818644 kB
20220314 014048.956 INFO             PET0 PIOc_freedecomp Enter - MemInfo: [/proc/meminfo - SSI]	CommittedPercent: 4.28002 %
20220314 014048.956 INFO             PET0 PIOc_freedecomp Enter - MemInfo: [/proc/self/status]	VmPeak:	   70724 kB
20220314 014048.956 INFO             PET0 PIOc_freedecomp Enter - MemInfo: [/proc/self/status]	VmSize:	   62012 kB
20220314 014048.956 INFO             PET0 PIOc_freedecomp Enter - MemInfo: [/proc/self/status]	VmLck:	       0 kB
20220314 014048.956 INFO             PET0 PIOc_freedecomp Enter - MemInfo: [/proc/self/status]	VmPin:	       0 kB
20220314 014048.956 INFO             PET0 PIOc_freedecomp Enter - MemInfo: [/proc/self/status]	VmHWM:	   22020 kB
20220314 014048.956 INFO             PET0 PIOc_freedecomp Enter - MemInfo: [/proc/self/status]	VmRSS:	   13908 kB
20220314 014048.956 INFO             PET0 PIOc_freedecomp Enter - MemInfo: [/proc/self/status]	VmData:	   13012 kB
20220314 014048.956 INFO             PET0 PIOc_freedecomp Enter - MemInfo: [/proc/self/status]	VmStk:	     164 kB
20220314 014048.956 INFO             PET0 PIOc_freedecomp Enter - MemInfo: [/proc/self/status]	VmExe:	   40684 kB
20220314 014048.956 INFO             PET0 PIOc_freedecomp Enter - MemInfo: [/proc/self/status]	VmLib:	    1952 kB
20220314 014048.956 INFO             PET0 PIOc_freedecomp Enter - MemInfo: [/proc/self/status]	VmPTE:	     136 kB
20220314 014048.956 INFO             PET0 PIOc_freedecomp Enter - MemInfo: [/proc/self/status]	VmPMD:	      12 kB
20220314 014048.956 INFO             PET0 PIOc_freedecomp Enter - MemInfo: [/proc/self/status]	VmSwap:	       0 kB
20220314 014048.956 INFO             PET0 PIOc_freedecomp Enter - MemInfo: [/proc/self/status]	VmRSSPercent: 0.0211189 %
20220314 014048.956 INFO             PET0 PIOc_freedecomp Enter - MemInfo: [malloc] Non-mmapped space allocated:                 1661248 Byte
20220314 014048.956 INFO             PET0 PIOc_freedecomp Enter - MemInfo: [malloc] Space allocated in mmapped regions:          7307264 Byte
20220314 014048.956 INFO             PET0 PIOc_freedecomp Enter - MemInfo: [malloc] Maximum total allocated space:                     0 Byte
20220314 014048.956 INFO             PET0 PIOc_freedecomp Enter - MemInfo: [malloc] Space in freed fastbin blocks:                   240 Byte
20220314 014048.956 INFO             PET0 PIOc_freedecomp Enter - MemInfo: [malloc] Total allocated space:                       1517264 Byte
20220314 014048.956 INFO             PET0 PIOc_freedecomp Enter - MemInfo: [malloc] Total free space:                             143984 Byte
20220314 014048.956 INFO             PET0 PIOc_freedecomp Enter - MemInfo: [malloc] Top-most, releasable space:                   133072 Byte
20220314 014048.956 INFO             PET0 PIOc_freedecomp Enter - MemInfo: [malloc] Total space in use, mmap + non-mmap:         8824528 Byte
20220314 014048.956 INFO             PET0 PIOc_freedecomp Enter - MemInfo: [malloc] Total space held (mmap + non-mmap):          8968512 Byte
20220314 014048.956 INFO             PET0 PIOc_freedecomp Enter - MemInfo: [malloc] Total space used (mmap + non-mmap):          8833072 Byte
20220314 014048.956 INFO             PET0 PIOc_freedecomp Enter - MemInfo: Wall-clock time since execution start:                0.36581 seconds
20220314 014048.956 INFO             PET0 PIOc_freedecomp Exit - MemInfo: [/proc/meminfo - SSI]	MemTotal:       65855856 kB
20220314 014048.956 INFO             PET0 PIOc_freedecomp Exit - MemInfo: [/proc/meminfo - SSI]	MemFree:        61171384 kB
20220314 014048.956 INFO             PET0 PIOc_freedecomp Exit - MemInfo: [/proc/meminfo - SSI]	MemAvailable:   60964092 kB
20220314 014048.956 INFO             PET0 PIOc_freedecomp Exit - MemInfo: [/proc/meminfo - SSI]	Committed_AS:    2818644 kB
20220314 014048.956 INFO             PET0 PIOc_freedecomp Exit - MemInfo: [/proc/meminfo - SSI]	CommittedPercent: 4.28002 %
20220314 014048.956 INFO             PET0 PIOc_freedecomp Exit - MemInfo: [/proc/self/status]	VmPeak:	   70724 kB
20220314 014048.956 INFO             PET0 PIOc_freedecomp Exit - MemInfo: [/proc/self/status]	VmSize:	   62012 kB
20220314 014048.956 INFO             PET0 PIOc_freedecomp Exit - MemInfo: [/proc/self/status]	VmLck:	       0 kB
20220314 014048.956 INFO             PET0 PIOc_freedecomp Exit - MemInfo: [/proc/self/status]	VmPin:	       0 kB
20220314 014048.956 INFO             PET0 PIOc_freedecomp Exit - MemInfo: [/proc/self/status]	VmHWM:	   22020 kB
20220314 014048.956 INFO             PET0 PIOc_freedecomp Exit - MemInfo: [/proc/self/status]	VmRSS:	   13908 kB
20220314 014048.956 INFO             PET0 PIOc_freedecomp Exit - MemInfo: [/proc/self/status]	VmData:	   13012 kB
20220314 014048.956 INFO             PET0 PIOc_freedecomp Exit - MemInfo: [/proc/self/status]	VmStk:	     164 kB
20220314 014048.956 INFO             PET0 PIOc_freedecomp Exit - MemInfo: [/proc/self/status]	VmExe:	   40684 kB
20220314 014048.956 INFO             PET0 PIOc_freedecomp Exit - MemInfo: [/proc/self/status]	VmLib:	    1952 kB
20220314 014048.956 INFO             PET0 PIOc_freedecomp Exit - MemInfo: [/proc/self/status]	VmPTE:	     136 kB
20220314 014048.956 INFO             PET0 PIOc_freedecomp Exit - MemInfo: [/proc/self/status]	VmPMD:	      12 kB
20220314 014048.956 INFO             PET0 PIOc_freedecomp Exit - MemInfo: [/proc/self/status]	VmSwap:	       0 kB
20220314 014048.957 INFO             PET0 PIOc_freedecomp Exit - MemInfo: [/proc/self/status]	VmRSSPercent: 0.0211189 %
20220314 014048.957 INFO             PET0 PIOc_freedecomp Exit - MemInfo: [malloc] Non-mmapped space allocated:                 1661248 Byte
20220314 014048.957 INFO             PET0 PIOc_freedecomp Exit - MemInfo: [malloc] Space allocated in mmapped regions:          7307264 Byte
20220314 014048.957 INFO             PET0 PIOc_freedecomp Exit - MemInfo: [malloc] Maximum total allocated space:                     0 Byte
20220314 014048.957 INFO             PET0 PIOc_freedecomp Exit - MemInfo: [malloc] Space in freed fastbin blocks:                   656 Byte
20220314 014048.957 INFO             PET0 PIOc_freedecomp Exit - MemInfo: [malloc] Total allocated space:                       1515584 Byte
20220314 014048.957 INFO             PET0 PIOc_freedecomp Exit - MemInfo: [malloc] Total free space:                             145664 Byte
20220314 014048.957 INFO             PET0 PIOc_freedecomp Exit - MemInfo: [malloc] Top-most, releasable space:                   133072 Byte
20220314 014048.957 INFO             PET0 PIOc_freedecomp Exit - MemInfo: [malloc] Total space in use, mmap + non-mmap:         8822848 Byte
20220314 014048.957 INFO             PET0 PIOc_freedecomp Exit - MemInfo: [malloc] Total space held (mmap + non-mmap):          8968512 Byte
20220314 014048.957 INFO             PET0 PIOc_freedecomp Exit - MemInfo: [malloc] Total space used (mmap + non-mmap):          8831504 Byte
20220314 014048.957 INFO             PET0 PIOc_freedecomp Exit - MemInfo: Wall-clock time since execution start:               0.366237 seconds
20220314 014048.959 INFO             PET0 PIOc_sync Enter - MemInfo: [/proc/meminfo - SSI]	MemTotal:       65855856 kB
20220314 014048.959 INFO             PET0 PIOc_sync Enter - MemInfo: [/proc/meminfo - SSI]	MemFree:        61168360 kB
20220314 014048.959 INFO             PET0 PIOc_sync Enter - MemInfo: [/proc/meminfo - SSI]	MemAvailable:   60961068 kB
20220314 014048.959 INFO             PET0 PIOc_sync Enter - MemInfo: [/proc/meminfo - SSI]	Committed_AS:    2826832 kB
20220314 014048.959 INFO             PET0 PIOc_sync Enter - MemInfo: [/proc/meminfo - SSI]	CommittedPercent: 4.29245 %
20220314 014048.959 INFO             PET0 PIOc_sync Enter - MemInfo: [/proc/self/status]	VmPeak:	   70724 kB
20220314 014048.959 INFO             PET0 PIOc_sync Enter - MemInfo: [/proc/self/status]	VmSize:	   70716 kB
20220314 014048.959 INFO             PET0 PIOc_sync Enter - MemInfo: [/proc/self/status]	VmLck:	       0 kB
20220314 014048.959 INFO             PET0 PIOc_sync Enter - MemInfo: [/proc/self/status]	VmPin:	       0 kB
20220314 014048.959 INFO             PET0 PIOc_sync Enter - MemInfo: [/proc/self/status]	VmHWM:	   22020 kB
20220314 014048.959 INFO             PET0 PIOc_sync Enter - MemInfo: [/proc/self/status]	VmRSS:	   18128 kB
20220314 014048.959 INFO             PET0 PIOc_sync Enter - MemInfo: [/proc/self/status]	VmData:	   21716 kB
20220314 014048.959 INFO             PET0 PIOc_sync Enter - MemInfo: [/proc/self/status]	VmStk:	     164 kB
20220314 014048.959 INFO             PET0 PIOc_sync Enter - MemInfo: [/proc/self/status]	VmExe:	   40684 kB
20220314 014048.959 INFO             PET0 PIOc_sync Enter - MemInfo: [/proc/self/status]	VmLib:	    1952 kB
20220314 014048.959 INFO             PET0 PIOc_sync Enter - MemInfo: [/proc/self/status]	VmPTE:	     148 kB
20220314 014048.959 INFO             PET0 PIOc_sync Enter - MemInfo: [/proc/self/status]	VmPMD:	      12 kB
20220314 014048.959 INFO             PET0 PIOc_sync Enter - MemInfo: [/proc/self/status]	VmSwap:	       0 kB
20220314 014048.959 INFO             PET0 PIOc_sync Enter - MemInfo: [/proc/self/status]	VmRSSPercent: 0.0275268 %
20220314 014048.959 INFO             PET0 PIOc_sync Enter - MemInfo: [malloc] Non-mmapped space allocated:                10574144 Byte
20220314 014048.959 INFO             PET0 PIOc_sync Enter - MemInfo: [malloc] Space allocated in mmapped regions:          7307264 Byte
20220314 014048.959 INFO             PET0 PIOc_sync Enter - MemInfo: [malloc] Maximum total allocated space:                     0 Byte
20220314 014048.959 INFO             PET0 PIOc_sync Enter - MemInfo: [malloc] Space in freed fastbin blocks:                    64 Byte
20220314 014048.959 INFO             PET0 PIOc_sync Enter - MemInfo: [malloc] Total allocated space:                      10445216 Byte
20220314 014048.959 INFO             PET0 PIOc_sync Enter - MemInfo: [malloc] Total free space:                             128928 Byte
20220314 014048.959 INFO             PET0 PIOc_sync Enter - MemInfo: [malloc] Top-most, releasable space:                   127792 Byte
20220314 014048.959 INFO             PET0 PIOc_sync Enter - MemInfo: [malloc] Total space in use, mmap + non-mmap:        17752480 Byte
20220314 014048.959 INFO             PET0 PIOc_sync Enter - MemInfo: [malloc] Total space held (mmap + non-mmap):         17881408 Byte
20220314 014048.959 INFO             PET0 PIOc_sync Enter - MemInfo: [malloc] Total space used (mmap + non-mmap):         17761136 Byte
20220314 014048.959 INFO             PET0 PIOc_sync Enter - MemInfo: Wall-clock time since execution start:               0.369099 seconds
20220314 014048.960 INFO             PET0 PIOc_sync Exit - MemInfo: [/proc/meminfo - SSI]	MemTotal:       65855856 kB
20220314 014048.960 INFO             PET0 PIOc_sync Exit - MemInfo: [/proc/meminfo - SSI]	MemFree:        61168360 kB
20220314 014048.960 INFO             PET0 PIOc_sync Exit - MemInfo: [/proc/meminfo - SSI]	MemAvailable:   60961068 kB
20220314 014048.960 INFO             PET0 PIOc_sync Exit - MemInfo: [/proc/meminfo - SSI]	Committed_AS:    2826832 kB
20220314 014048.960 INFO             PET0 PIOc_sync Exit - MemInfo: [/proc/meminfo - SSI]	CommittedPercent: 4.29245 %
20220314 014048.960 INFO             PET0 PIOc_sync Exit - MemInfo: [/proc/self/status]	VmPeak:	   70724 kB
20220314 014048.960 INFO             PET0 PIOc_sync Exit - MemInfo: [/proc/self/status]	VmSize:	   70716 kB
20220314 014048.960 INFO             PET0 PIOc_sync Exit - MemInfo: [/proc/self/status]	VmLck:	       0 kB
20220314 014048.960 INFO             PET0 PIOc_sync Exit - MemInfo: [/proc/self/status]	VmPin:	       0 kB
20220314 014048.960 INFO             PET0 PIOc_sync Exit - MemInfo: [/proc/self/status]	VmHWM:	   22020 kB
20220314 014048.960 INFO             PET0 PIOc_sync Exit - MemInfo: [/proc/self/status]	VmRSS:	   18128 kB
20220314 014048.960 INFO             PET0 PIOc_sync Exit - MemInfo: [/proc/self/status]	VmData:	   21716 kB
20220314 014048.960 INFO             PET0 PIOc_sync Exit - MemInfo: [/proc/self/status]	VmStk:	     164 kB
20220314 014048.960 INFO             PET0 PIOc_sync Exit - MemInfo: [/proc/self/status]	VmExe:	   40684 kB
20220314 014048.960 INFO             PET0 PIOc_sync Exit - MemInfo: [/proc/self/status]	VmLib:	    1952 kB
20220314 014048.960 INFO             PET0 PIOc_sync Exit - MemInfo: [/proc/self/status]	VmPTE:	     148 kB
20220314 014048.960 INFO             PET0 PIOc_sync Exit - MemInfo: [/proc/self/status]	VmPMD:	      12 kB
20220314 014048.960 INFO             PET0 PIOc_sync Exit - MemInfo: [/proc/self/status]	VmSwap:	       0 kB
20220314 014048.960 INFO             PET0 PIOc_sync Exit - MemInfo: [/proc/self/status]	VmRSSPercent: 0.0275268 %
20220314 014048.960 INFO             PET0 PIOc_sync Exit - MemInfo: [malloc] Non-mmapped space allocated:                10574144 Byte
20220314 014048.960 INFO             PET0 PIOc_sync Exit - MemInfo: [malloc] Space allocated in mmapped regions:          7307264 Byte
20220314 014048.960 INFO             PET0 PIOc_sync Exit - MemInfo: [malloc] Maximum total allocated space:                     0 Byte
20220314 014048.960 INFO             PET0 PIOc_sync Exit - MemInfo: [malloc] Space in freed fastbin blocks:                     0 Byte
20220314 014048.960 INFO             PET0 PIOc_sync Exit - MemInfo: [malloc] Total allocated space:                      10446400 Byte
20220314 014048.960 INFO             PET0 PIOc_sync Exit - MemInfo: [malloc] Total free space:                             127744 Byte
20220314 014048.960 INFO             PET0 PIOc_sync Exit - MemInfo: [malloc] Top-most, releasable space:                   127568 Byte
20220314 014048.960 INFO             PET0 PIOc_sync Exit - MemInfo: [malloc] Total space in use, mmap + non-mmap:        17753664 Byte
20220314 014048.960 INFO             PET0 PIOc_sync Exit - MemInfo: [malloc] Total space held (mmap + non-mmap):         17881408 Byte
20220314 014048.960 INFO             PET0 PIOc_sync Exit - MemInfo: [malloc] Total space used (mmap + non-mmap):         17761984 Byte
20220314 014048.960 INFO             PET0 PIOc_sync Exit - MemInfo: Wall-clock time since execution start:               0.369894 seconds
20220314 014048.960 INFO             PET0 PIOc_freedecomp Enter - MemInfo: [/proc/meminfo - SSI]	MemTotal:       65855856 kB
20220314 014048.960 INFO             PET0 PIOc_freedecomp Enter - MemInfo: [/proc/meminfo - SSI]	MemFree:        61168360 kB
20220314 014048.960 INFO             PET0 PIOc_freedecomp Enter - MemInfo: [/proc/meminfo - SSI]	MemAvailable:   60961068 kB
20220314 014048.961 INFO             PET0 PIOc_freedecomp Enter - MemInfo: [/proc/meminfo - SSI]	Committed_AS:    2826832 kB
20220314 014048.961 INFO             PET0 PIOc_freedecomp Enter - MemInfo: [/proc/meminfo - SSI]	CommittedPercent: 4.29245 %
20220314 014048.961 INFO             PET0 PIOc_freedecomp Enter - MemInfo: [/proc/self/status]	VmPeak:	   70724 kB
20220314 014048.961 INFO             PET0 PIOc_freedecomp Enter - MemInfo: [/proc/self/status]	VmSize:	   70716 kB
20220314 014048.961 INFO             PET0 PIOc_freedecomp Enter - MemInfo: [/proc/self/status]	VmLck:	       0 kB
20220314 014048.961 INFO             PET0 PIOc_freedecomp Enter - MemInfo: [/proc/self/status]	VmPin:	       0 kB
20220314 014048.961 INFO             PET0 PIOc_freedecomp Enter - MemInfo: [/proc/self/status]	VmHWM:	   22020 kB
20220314 014048.961 INFO             PET0 PIOc_freedecomp Enter - MemInfo: [/proc/self/status]	VmRSS:	   18128 kB
20220314 014048.961 INFO             PET0 PIOc_freedecomp Enter - MemInfo: [/proc/self/status]	VmData:	   21716 kB
20220314 014048.961 INFO             PET0 PIOc_freedecomp Enter - MemInfo: [/proc/self/status]	VmStk:	     164 kB
20220314 014048.961 INFO             PET0 PIOc_freedecomp Enter - MemInfo: [/proc/self/status]	VmExe:	   40684 kB
20220314 014048.961 INFO             PET0 PIOc_freedecomp Enter - MemInfo: [/proc/self/status]	VmLib:	    1952 kB
20220314 014048.961 INFO             PET0 PIOc_freedecomp Enter - MemInfo: [/proc/self/status]	VmPTE:	     148 kB
20220314 014048.961 INFO             PET0 PIOc_freedecomp Enter - MemInfo: [/proc/self/status]	VmPMD:	      12 kB
20220314 014048.961 INFO             PET0 PIOc_freedecomp Enter - MemInfo: [/proc/self/status]	VmSwap:	       0 kB
20220314 014048.961 INFO             PET0 PIOc_freedecomp Enter - MemInfo: [/proc/self/status]	VmRSSPercent: 0.0275268 %
20220314 014048.961 INFO             PET0 PIOc_freedecomp Enter - MemInfo: [malloc] Non-mmapped space allocated:                10574144 Byte
20220314 014048.961 INFO             PET0 PIOc_freedecomp Enter - MemInfo: [malloc] Space allocated in mmapped regions:          7307264 Byte
20220314 014048.961 INFO             PET0 PIOc_freedecomp Enter - MemInfo: [malloc] Maximum total allocated space:                     0 Byte
20220314 014048.961 INFO             PET0 PIOc_freedecomp Enter - MemInfo: [malloc] Space in freed fastbin blocks:                   144 Byte
20220314 014048.961 INFO             PET0 PIOc_freedecomp Enter - MemInfo: [malloc] Total allocated space:                       1522464 Byte
20220314 014048.961 INFO             PET0 PIOc_freedecomp Enter - MemInfo: [malloc] Total free space:                            9051680 Byte
20220314 014048.961 INFO             PET0 PIOc_freedecomp Enter - MemInfo: [malloc] Top-most, releasable space:                   127232 Byte
20220314 014048.961 INFO             PET0 PIOc_freedecomp Enter - MemInfo: [malloc] Total space in use, mmap + non-mmap:         8829728 Byte
20220314 014048.961 INFO             PET0 PIOc_freedecomp Enter - MemInfo: [malloc] Total space held (mmap + non-mmap):         17881408 Byte
20220314 014048.961 INFO             PET0 PIOc_freedecomp Enter - MemInfo: [malloc] Total space used (mmap + non-mmap):          8837936 Byte
20220314 014048.961 INFO             PET0 PIOc_freedecomp Enter - MemInfo: Wall-clock time since execution start:               0.370416 seconds
20220314 014048.961 INFO             PET0 PIOc_freedecomp Exit - MemInfo: [/proc/meminfo - SSI]	MemTotal:       65855856 kB
20220314 014048.961 INFO             PET0 PIOc_freedecomp Exit - MemInfo: [/proc/meminfo - SSI]	MemFree:        61168360 kB
20220314 014048.961 INFO             PET0 PIOc_freedecomp Exit - MemInfo: [/proc/meminfo - SSI]	MemAvailable:   60961068 kB
20220314 014048.961 INFO             PET0 PIOc_freedecomp Exit - MemInfo: [/proc/meminfo - SSI]	Committed_AS:    2826832 kB
20220314 014048.961 INFO             PET0 PIOc_freedecomp Exit - MemInfo: [/proc/meminfo - SSI]	CommittedPercent: 4.29245 %
20220314 014048.961 INFO             PET0 PIOc_freedecomp Exit - MemInfo: [/proc/self/status]	VmPeak:	   70724 kB
20220314 014048.961 INFO             PET0 PIOc_freedecomp Exit - MemInfo: [/proc/self/status]	VmSize:	   70716 kB
20220314 014048.961 INFO             PET0 PIOc_freedecomp Exit - MemInfo: [/proc/self/status]	VmLck:	       0 kB
20220314 014048.961 INFO             PET0 PIOc_freedecomp Exit - MemInfo: [/proc/self/status]	VmPin:	       0 kB
20220314 014048.961 INFO             PET0 PIOc_freedecomp Exit - MemInfo: [/proc/self/status]	VmHWM:	   22020 kB
20220314 014048.961 INFO             PET0 PIOc_freedecomp Exit - MemInfo: [/proc/self/status]	VmRSS:	   18128 kB
20220314 014048.961 INFO             PET0 PIOc_freedecomp Exit - MemInfo: [/proc/self/status]	VmData:	   21716 kB
20220314 014048.961 INFO             PET0 PIOc_freedecomp Exit - MemInfo: [/proc/self/status]	VmStk:	     164 kB
20220314 014048.961 INFO             PET0 PIOc_freedecomp Exit - MemInfo: [/proc/self/status]	VmExe:	   40684 kB
20220314 014048.961 INFO             PET0 PIOc_freedecomp Exit - MemInfo: [/proc/self/status]	VmLib:	    1952 kB
20220314 014048.961 INFO             PET0 PIOc_freedecomp Exit - MemInfo: [/proc/self/status]	VmPTE:	     148 kB
20220314 014048.961 INFO             PET0 PIOc_freedecomp Exit - MemInfo: [/proc/self/status]	VmPMD:	      12 kB
20220314 014048.961 INFO             PET0 PIOc_freedecomp Exit - MemInfo: [/proc/self/status]	VmSwap:	       0 kB
20220314 014048.961 INFO             PET0 PIOc_freedecomp Exit - MemInfo: [/proc/self/status]	VmRSSPercent: 0.0275268 %
20220314 014048.961 INFO             PET0 PIOc_freedecomp Exit - MemInfo: [malloc] Non-mmapped space allocated:                10574144 Byte
20220314 014048.961 INFO             PET0 PIOc_freedecomp Exit - MemInfo: [malloc] Space allocated in mmapped regions:          7307264 Byte
20220314 014048.961 INFO             PET0 PIOc_freedecomp Exit - MemInfo: [malloc] Maximum total allocated space:                     0 Byte
20220314 014048.961 INFO             PET0 PIOc_freedecomp Exit - MemInfo: [malloc] Space in freed fastbin blocks:                   800 Byte
20220314 014048.961 INFO             PET0 PIOc_freedecomp Exit - MemInfo: [malloc] Total allocated space:                       1520608 Byte
20220314 014048.961 INFO             PET0 PIOc_freedecomp Exit - MemInfo: [malloc] Total free space:                            9053536 Byte
20220314 014048.961 INFO             PET0 PIOc_freedecomp Exit - MemInfo: [malloc] Top-most, releasable space:                   127232 Byte
20220314 014048.961 INFO             PET0 PIOc_freedecomp Exit - MemInfo: [malloc] Total space in use, mmap + non-mmap:         8827872 Byte
20220314 014048.961 INFO             PET0 PIOc_freedecomp Exit - MemInfo: [malloc] Total space held (mmap + non-mmap):         17881408 Byte
20220314 014048.961 INFO             PET0 PIOc_freedecomp Exit - MemInfo: [malloc] Total space used (mmap + non-mmap):          8836080 Byte
20220314 014048.961 INFO             PET0 PIOc_freedecomp Exit - MemInfo: Wall-clock time since execution start:                0.37077 seconds
20220314 014048.963 INFO             PET0 PIOc_sync Enter - MemInfo: [/proc/meminfo - SSI]	MemTotal:       65855856 kB
20220314 014048.963 INFO             PET0 PIOc_sync Enter - MemInfo: [/proc/meminfo - SSI]	MemFree:        61167352 kB
20220314 014048.963 INFO             PET0 PIOc_sync Enter - MemInfo: [/proc/meminfo - SSI]	MemAvailable:   60960060 kB
20220314 014048.963 INFO             PET0 PIOc_sync Enter - MemInfo: [/proc/meminfo - SSI]	Committed_AS:    2826832 kB
20220314 014048.963 INFO             PET0 PIOc_sync Enter - MemInfo: [/proc/meminfo - SSI]	CommittedPercent: 4.29245 %
20220314 014048.963 INFO             PET0 PIOc_sync Enter - MemInfo: [/proc/self/status]	VmPeak:	   70724 kB
20220314 014048.963 INFO             PET0 PIOc_sync Enter - MemInfo: [/proc/self/status]	VmSize:	   70716 kB
20220314 014048.963 INFO             PET0 PIOc_sync Enter - MemInfo: [/proc/self/status]	VmLck:	       0 kB
20220314 014048.963 INFO             PET0 PIOc_sync Enter - MemInfo: [/proc/self/status]	VmPin:	       0 kB
20220314 014048.963 INFO             PET0 PIOc_sync Enter - MemInfo: [/proc/self/status]	VmHWM:	   22020 kB
20220314 014048.963 INFO             PET0 PIOc_sync Enter - MemInfo: [/proc/self/status]	VmRSS:	   18392 kB
20220314 014048.963 INFO             PET0 PIOc_sync Enter - MemInfo: [/proc/self/status]	VmData:	   21716 kB
20220314 014048.963 INFO             PET0 PIOc_sync Enter - MemInfo: [/proc/self/status]	VmStk:	     164 kB
20220314 014048.963 INFO             PET0 PIOc_sync Enter - MemInfo: [/proc/self/status]	VmExe:	   40684 kB
20220314 014048.963 INFO             PET0 PIOc_sync Enter - MemInfo: [/proc/self/status]	VmLib:	    1952 kB
20220314 014048.963 INFO             PET0 PIOc_sync Enter - MemInfo: [/proc/self/status]	VmPTE:	     148 kB
20220314 014048.963 INFO             PET0 PIOc_sync Enter - MemInfo: [/proc/self/status]	VmPMD:	      12 kB
20220314 014048.963 INFO             PET0 PIOc_sync Enter - MemInfo: [/proc/self/status]	VmSwap:	       0 kB
20220314 014048.963 INFO             PET0 PIOc_sync Enter - MemInfo: [/proc/self/status]	VmRSSPercent: 0.0279277 %
20220314 014048.963 INFO             PET0 PIOc_sync Enter - MemInfo: [malloc] Non-mmapped space allocated:                10574144 Byte
20220314 014048.963 INFO             PET0 PIOc_sync Enter - MemInfo: [malloc] Space allocated in mmapped regions:          7307264 Byte
20220314 014048.963 INFO             PET0 PIOc_sync Enter - MemInfo: [malloc] Maximum total allocated space:                     0 Byte
20220314 014048.963 INFO             PET0 PIOc_sync Enter - MemInfo: [malloc] Space in freed fastbin blocks:                   240 Byte
20220314 014048.963 INFO             PET0 PIOc_sync Enter - MemInfo: [malloc] Total allocated space:                      10449520 Byte
20220314 014048.963 INFO             PET0 PIOc_sync Enter - MemInfo: [malloc] Total free space:                             124624 Byte
20220314 014048.963 INFO             PET0 PIOc_sync Enter - MemInfo: [malloc] Top-most, releasable space:                   116736 Byte
20220314 014048.963 INFO             PET0 PIOc_sync Enter - MemInfo: [malloc] Total space in use, mmap + non-mmap:        17756784 Byte
20220314 014048.963 INFO             PET0 PIOc_sync Enter - MemInfo: [malloc] Total space held (mmap + non-mmap):         17881408 Byte
20220314 014048.963 INFO             PET0 PIOc_sync Enter - MemInfo: [malloc] Total space used (mmap + non-mmap):         17765216 Byte
20220314 014048.963 INFO             PET0 PIOc_sync Enter - MemInfo: Wall-clock time since execution start:               0.372661 seconds
20220314 014048.963 INFO             PET0 PIOc_sync Exit - MemInfo: [/proc/meminfo - SSI]	MemTotal:       65855856 kB
20220314 014048.963 INFO             PET0 PIOc_sync Exit - MemInfo: [/proc/meminfo - SSI]	MemFree:        61167352 kB
20220314 014048.963 INFO             PET0 PIOc_sync Exit - MemInfo: [/proc/meminfo - SSI]	MemAvailable:   60960060 kB
20220314 014048.963 INFO             PET0 PIOc_sync Exit - MemInfo: [/proc/meminfo - SSI]	Committed_AS:    2826832 kB
20220314 014048.963 INFO             PET0 PIOc_sync Exit - MemInfo: [/proc/meminfo - SSI]	CommittedPercent: 4.29245 %
20220314 014048.963 INFO             PET0 PIOc_sync Exit - MemInfo: [/proc/self/status]	VmPeak:	   70724 kB
20220314 014048.963 INFO             PET0 PIOc_sync Exit - MemInfo: [/proc/self/status]	VmSize:	   70716 kB
20220314 014048.963 INFO             PET0 PIOc_sync Exit - MemInfo: [/proc/self/status]	VmLck:	       0 kB
20220314 014048.963 INFO             PET0 PIOc_sync Exit - MemInfo: [/proc/self/status]	VmPin:	       0 kB
20220314 014048.963 INFO             PET0 PIOc_sync Exit - MemInfo: [/proc/self/status]	VmHWM:	   22020 kB
20220314 014048.963 INFO             PET0 PIOc_sync Exit - MemInfo: [/proc/self/status]	VmRSS:	   18392 kB
20220314 014048.963 INFO             PET0 PIOc_sync Exit - MemInfo: [/proc/self/status]	VmData:	   21716 kB
20220314 014048.963 INFO             PET0 PIOc_sync Exit - MemInfo: [/proc/self/status]	VmStk:	     164 kB
20220314 014048.963 INFO             PET0 PIOc_sync Exit - MemInfo: [/proc/self/status]	VmExe:	   40684 kB
20220314 014048.963 INFO             PET0 PIOc_sync Exit - MemInfo: [/proc/self/status]	VmLib:	    1952 kB
20220314 014048.963 INFO             PET0 PIOc_sync Exit - MemInfo: [/proc/self/status]	VmPTE:	     148 kB
20220314 014048.963 INFO             PET0 PIOc_sync Exit - MemInfo: [/proc/self/status]	VmPMD:	      12 kB
20220314 014048.963 INFO             PET0 PIOc_sync Exit - MemInfo: [/proc/self/status]	VmSwap:	       0 kB
20220314 014048.963 INFO             PET0 PIOc_sync Exit - MemInfo: [/proc/self/status]	VmRSSPercent: 0.0279277 %
20220314 014048.963 INFO             PET0 PIOc_sync Exit - MemInfo: [malloc] Non-mmapped space allocated:                10574144 Byte
20220314 014048.963 INFO             PET0 PIOc_sync Exit - MemInfo: [malloc] Space allocated in mmapped regions:          7307264 Byte
20220314 014048.963 INFO             PET0 PIOc_sync Exit - MemInfo: [malloc] Maximum total allocated space:                     0 Byte
20220314 014048.963 INFO             PET0 PIOc_sync Exit - MemInfo: [malloc] Space in freed fastbin blocks:                     0 Byte
20220314 014048.963 INFO             PET0 PIOc_sync Exit - MemInfo: [malloc] Total allocated space:                      10449984 Byte
20220314 014048.963 INFO             PET0 PIOc_sync Exit - MemInfo: [malloc] Total free space:                             124160 Byte
20220314 014048.963 INFO             PET0 PIOc_sync Exit - MemInfo: [malloc] Top-most, releasable space:                   116512 Byte
20220314 014048.963 INFO             PET0 PIOc_sync Exit - MemInfo: [malloc] Total space in use, mmap + non-mmap:        17757248 Byte
20220314 014048.963 INFO             PET0 PIOc_sync Exit - MemInfo: [malloc] Total space held (mmap + non-mmap):         17881408 Byte
20220314 014048.963 INFO             PET0 PIOc_sync Exit - MemInfo: [malloc] Total space used (mmap + non-mmap):         17765568 Byte
20220314 014048.963 INFO             PET0 PIOc_sync Exit - MemInfo: Wall-clock time since execution start:               0.373087 seconds
20220314 014048.964 INFO             PET0 PIOc_freedecomp Enter - MemInfo: [/proc/meminfo - SSI]	MemTotal:       65855856 kB
20220314 014048.964 INFO             PET0 PIOc_freedecomp Enter - MemInfo: [/proc/meminfo - SSI]	MemFree:        61167352 kB
20220314 014048.964 INFO             PET0 PIOc_freedecomp Enter - MemInfo: [/proc/meminfo - SSI]	MemAvailable:   60960060 kB
20220314 014048.964 INFO             PET0 PIOc_freedecomp Enter - MemInfo: [/proc/meminfo - SSI]	Committed_AS:    2826832 kB
20220314 014048.964 INFO             PET0 PIOc_freedecomp Enter - MemInfo: [/proc/meminfo - SSI]	CommittedPercent: 4.29245 %
20220314 014048.964 INFO             PET0 PIOc_freedecomp Enter - MemInfo: [/proc/self/status]	VmPeak:	   70724 kB
20220314 014048.964 INFO             PET0 PIOc_freedecomp Enter - MemInfo: [/proc/self/status]	VmSize:	   70716 kB
20220314 014048.964 INFO             PET0 PIOc_freedecomp Enter - MemInfo: [/proc/self/status]	VmLck:	       0 kB
20220314 014048.964 INFO             PET0 PIOc_freedecomp Enter - MemInfo: [/proc/self/status]	VmPin:	       0 kB
20220314 014048.964 INFO             PET0 PIOc_freedecomp Enter - MemInfo: [/proc/self/status]	VmHWM:	   22020 kB
20220314 014048.964 INFO             PET0 PIOc_freedecomp Enter - MemInfo: [/proc/self/status]	VmRSS:	   18392 kB
20220314 014048.964 INFO             PET0 PIOc_freedecomp Enter - MemInfo: [/proc/self/status]	VmData:	   21716 kB
20220314 014048.964 INFO             PET0 PIOc_freedecomp Enter - MemInfo: [/proc/self/status]	VmStk:	     164 kB
20220314 014048.964 INFO             PET0 PIOc_freedecomp Enter - MemInfo: [/proc/self/status]	VmExe:	   40684 kB
20220314 014048.964 INFO             PET0 PIOc_freedecomp Enter - MemInfo: [/proc/self/status]	VmLib:	    1952 kB
20220314 014048.964 INFO             PET0 PIOc_freedecomp Enter - MemInfo: [/proc/self/status]	VmPTE:	     148 kB
20220314 014048.964 INFO             PET0 PIOc_freedecomp Enter - MemInfo: [/proc/self/status]	VmPMD:	      12 kB
20220314 014048.964 INFO             PET0 PIOc_freedecomp Enter - MemInfo: [/proc/self/status]	VmSwap:	       0 kB
20220314 014048.964 INFO             PET0 PIOc_freedecomp Enter - MemInfo: [/proc/self/status]	VmRSSPercent: 0.0279277 %
20220314 014048.964 INFO             PET0 PIOc_freedecomp Enter - MemInfo: [malloc] Non-mmapped space allocated:                10574144 Byte
20220314 014048.964 INFO             PET0 PIOc_freedecomp Enter - MemInfo: [malloc] Space allocated in mmapped regions:          7307264 Byte
20220314 014048.964 INFO             PET0 PIOc_freedecomp Enter - MemInfo: [malloc] Maximum total allocated space:                     0 Byte
20220314 014048.964 INFO             PET0 PIOc_freedecomp Enter - MemInfo: [malloc] Space in freed fastbin blocks:                   240 Byte
20220314 014048.964 INFO             PET0 PIOc_freedecomp Enter - MemInfo: [malloc] Total allocated space:                       1525088 Byte
20220314 014048.964 INFO             PET0 PIOc_freedecomp Enter - MemInfo: [malloc] Total free space:                            9049056 Byte
20220314 014048.964 INFO             PET0 PIOc_freedecomp Enter - MemInfo: [malloc] Top-most, releasable space:                   116288 Byte
20220314 014048.964 INFO             PET0 PIOc_freedecomp Enter - MemInfo: [malloc] Total space in use, mmap + non-mmap:         8832352 Byte
20220314 014048.964 INFO             PET0 PIOc_freedecomp Enter - MemInfo: [malloc] Total space held (mmap + non-mmap):         17881408 Byte
20220314 014048.964 INFO             PET0 PIOc_freedecomp Enter - MemInfo: [malloc] Total space used (mmap + non-mmap):          8840560 Byte
20220314 014048.964 INFO             PET0 PIOc_freedecomp Enter - MemInfo: Wall-clock time since execution start:               0.373668 seconds
20220314 014048.964 INFO             PET0 PIOc_freedecomp Exit - MemInfo: [/proc/meminfo - SSI]	MemTotal:       65855856 kB
20220314 014048.964 INFO             PET0 PIOc_freedecomp Exit - MemInfo: [/proc/meminfo - SSI]	MemFree:        61167352 kB
20220314 014048.964 INFO             PET0 PIOc_freedecomp Exit - MemInfo: [/proc/meminfo - SSI]	MemAvailable:   60960060 kB
20220314 014048.964 INFO             PET0 PIOc_freedecomp Exit - MemInfo: [/proc/meminfo - SSI]	Committed_AS:    2826832 kB
20220314 014048.964 INFO             PET0 PIOc_freedecomp Exit - MemInfo: [/proc/meminfo - SSI]	CommittedPercent: 4.29245 %
20220314 014048.964 INFO             PET0 PIOc_freedecomp Exit - MemInfo: [/proc/self/status]	VmPeak:	   70724 kB
20220314 014048.964 INFO             PET0 PIOc_freedecomp Exit - MemInfo: [/proc/self/status]	VmSize:	   70716 kB
20220314 014048.964 INFO             PET0 PIOc_freedecomp Exit - MemInfo: [/proc/self/status]	VmLck:	       0 kB
20220314 014048.964 INFO             PET0 PIOc_freedecomp Exit - MemInfo: [/proc/self/status]	VmPin:	       0 kB
20220314 014048.964 INFO             PET0 PIOc_freedecomp Exit - MemInfo: [/proc/self/status]	VmHWM:	   22020 kB
20220314 014048.964 INFO             PET0 PIOc_freedecomp Exit - MemInfo: [/proc/self/status]	VmRSS:	   18392 kB
20220314 014048.964 INFO             PET0 PIOc_freedecomp Exit - MemInfo: [/proc/self/status]	VmData:	   21716 kB
20220314 014048.964 INFO             PET0 PIOc_freedecomp Exit - MemInfo: [/proc/self/status]	VmStk:	     164 kB
20220314 014048.964 INFO             PET0 PIOc_freedecomp Exit - MemInfo: [/proc/self/status]	VmExe:	   40684 kB
20220314 014048.964 INFO             PET0 PIOc_freedecomp Exit - MemInfo: [/proc/self/status]	VmLib:	    1952 kB
20220314 014048.964 INFO             PET0 PIOc_freedecomp Exit - MemInfo: [/proc/self/status]	VmPTE:	     148 kB
20220314 014048.964 INFO             PET0 PIOc_freedecomp Exit - MemInfo: [/proc/self/status]	VmPMD:	      12 kB
20220314 014048.964 INFO             PET0 PIOc_freedecomp Exit - MemInfo: [/proc/self/status]	VmSwap:	       0 kB
20220314 014048.964 INFO             PET0 PIOc_freedecomp Exit - MemInfo: [/proc/self/status]	VmRSSPercent: 0.0279277 %
20220314 014048.964 INFO             PET0 PIOc_freedecomp Exit - MemInfo: [malloc] Non-mmapped space allocated:                10574144 Byte
20220314 014048.964 INFO             PET0 PIOc_freedecomp Exit - MemInfo: [malloc] Space allocated in mmapped regions:          7307264 Byte
20220314 014048.964 INFO             PET0 PIOc_freedecomp Exit - MemInfo: [malloc] Maximum total allocated space:                     0 Byte
20220314 014048.964 INFO             PET0 PIOc_freedecomp Exit - MemInfo: [malloc] Space in freed fastbin blocks:                   816 Byte
20220314 014048.964 INFO             PET0 PIOc_freedecomp Exit - MemInfo: [malloc] Total allocated space:                       1523216 Byte
20220314 014048.964 INFO             PET0 PIOc_freedecomp Exit - MemInfo: [malloc] Total free space:                            9050928 Byte
20220314 014048.964 INFO             PET0 PIOc_freedecomp Exit - MemInfo: [malloc] Top-most, releasable space:                   127008 Byte
20220314 014048.964 INFO             PET0 PIOc_freedecomp Exit - MemInfo: [malloc] Total space in use, mmap + non-mmap:         8830480 Byte
20220314 014048.964 INFO             PET0 PIOc_freedecomp Exit - MemInfo: [malloc] Total space held (mmap + non-mmap):         17881408 Byte
20220314 014048.964 INFO             PET0 PIOc_freedecomp Exit - MemInfo: [malloc] Total space used (mmap + non-mmap):          8838688 Byte
20220314 014048.964 INFO             PET0 PIOc_freedecomp Exit - MemInfo: Wall-clock time since execution start:               0.374066 seconds
20220314 014048.965 INFO             PET0 PASS Create an ESMC_RouteHandle via ESMC_FieldRegridStore(), ESMC_FieldRegridUTest.C, line 367
20220314 014048.966 INFO             PET0 PASS Execute ESMC_FieldRegrid(), ESMC_FieldRegridUTest.C, line 375
20220314 014049.004 INFO             PET0 PIOc_sync Enter - MemInfo: [/proc/meminfo - SSI]	MemTotal:       65855856 kB
20220314 014049.004 INFO             PET0 PIOc_sync Enter - MemInfo: [/proc/meminfo - SSI]	MemFree:        61159288 kB
20220314 014049.004 INFO             PET0 PIOc_sync Enter - MemInfo: [/proc/meminfo - SSI]	MemAvailable:   60951996 kB
20220314 014049.004 INFO             PET0 PIOc_sync Enter - MemInfo: [/proc/meminfo - SSI]	Committed_AS:    2835028 kB
20220314 014049.004 INFO             PET0 PIOc_sync Enter - MemInfo: [/proc/meminfo - SSI]	CommittedPercent: 4.3049 %
20220314 014049.004 INFO             PET0 PIOc_sync Enter - MemInfo: [/proc/self/status]	VmPeak:	   78912 kB
20220314 014049.004 INFO             PET0 PIOc_sync Enter - MemInfo: [/proc/self/status]	VmSize:	   78912 kB
20220314 014049.004 INFO             PET0 PIOc_sync Enter - MemInfo: [/proc/self/status]	VmLck:	       0 kB
20220314 014049.004 INFO             PET0 PIOc_sync Enter - MemInfo: [/proc/self/status]	VmPin:	       0 kB
20220314 014049.004 INFO             PET0 PIOc_sync Enter - MemInfo: [/proc/self/status]	VmHWM:	   26576 kB
20220314 014049.004 INFO             PET0 PIOc_sync Enter - MemInfo: [/proc/self/status]	VmRSS:	   26576 kB
20220314 014049.004 INFO             PET0 PIOc_sync Enter - MemInfo: [/proc/self/status]	VmData:	   29912 kB
20220314 014049.004 INFO             PET0 PIOc_sync Enter - MemInfo: [/proc/self/status]	VmStk:	     164 kB
20220314 014049.004 INFO             PET0 PIOc_sync Enter - MemInfo: [/proc/self/status]	VmExe:	   40684 kB
20220314 014049.004 INFO             PET0 PIOc_sync Enter - MemInfo: [/proc/self/status]	VmLib:	    1952 kB
20220314 014049.004 INFO             PET0 PIOc_sync Enter - MemInfo: [/proc/self/status]	VmPTE:	     164 kB
20220314 014049.004 INFO             PET0 PIOc_sync Enter - MemInfo: [/proc/self/status]	VmPMD:	      12 kB
20220314 014049.004 INFO             PET0 PIOc_sync Enter - MemInfo: [/proc/self/status]	VmSwap:	       0 kB
20220314 014049.004 INFO             PET0 PIOc_sync Enter - MemInfo: [/proc/self/status]	VmRSSPercent: 0.0403548 %
20220314 014049.004 INFO             PET0 PIOc_sync Enter - MemInfo: [malloc] Non-mmapped space allocated:                18966848 Byte
20220314 014049.004 INFO             PET0 PIOc_sync Enter - MemInfo: [malloc] Space allocated in mmapped regions:          7307264 Byte
20220314 014049.004 INFO             PET0 PIOc_sync Enter - MemInfo: [malloc] Maximum total allocated space:                     0 Byte
20220314 014049.004 INFO             PET0 PIOc_sync Enter - MemInfo: [malloc] Space in freed fastbin blocks:                    48 Byte
20220314 014049.004 INFO             PET0 PIOc_sync Enter - MemInfo: [malloc] Total allocated space:                      10457040 Byte
20220314 014049.004 INFO             PET0 PIOc_sync Enter - MemInfo: [malloc] Total free space:                            8509808 Byte
20220314 014049.004 INFO             PET0 PIOc_sync Enter - MemInfo: [malloc] Top-most, releasable space:                   131312 Byte
20220314 014049.004 INFO             PET0 PIOc_sync Enter - MemInfo: [malloc] Total space in use, mmap + non-mmap:        17764304 Byte
20220314 014049.004 INFO             PET0 PIOc_sync Enter - MemInfo: [malloc] Total space held (mmap + non-mmap):         26274112 Byte
20220314 014049.004 INFO             PET0 PIOc_sync Enter - MemInfo: [malloc] Total space used (mmap + non-mmap):         17772848 Byte
20220314 014049.004 INFO             PET0 PIOc_sync Enter - MemInfo: Wall-clock time since execution start:               0.413865 seconds
20220314 014049.004 INFO             PET0 PIOc_sync Exit - MemInfo: [/proc/meminfo - SSI]	MemTotal:       65855856 kB
20220314 014049.004 INFO             PET0 PIOc_sync Exit - MemInfo: [/proc/meminfo - SSI]	MemFree:        61159288 kB
20220314 014049.004 INFO             PET0 PIOc_sync Exit - MemInfo: [/proc/meminfo - SSI]	MemAvailable:   60951996 kB
20220314 014049.004 INFO             PET0 PIOc_sync Exit - MemInfo: [/proc/meminfo - SSI]	Committed_AS:    2835028 kB
20220314 014049.004 INFO             PET0 PIOc_sync Exit - MemInfo: [/proc/meminfo - SSI]	CommittedPercent: 4.3049 %
20220314 014049.004 INFO             PET0 PIOc_sync Exit - MemInfo: [/proc/self/status]	VmPeak:	   78912 kB
20220314 014049.004 INFO             PET0 PIOc_sync Exit - MemInfo: [/proc/self/status]	VmSize:	   78912 kB
20220314 014049.004 INFO             PET0 PIOc_sync Exit - MemInfo: [/proc/self/status]	VmLck:	       0 kB
20220314 014049.004 INFO             PET0 PIOc_sync Exit - MemInfo: [/proc/self/status]	VmPin:	       0 kB
20220314 014049.004 INFO             PET0 PIOc_sync Exit - MemInfo: [/proc/self/status]	VmHWM:	   26576 kB
20220314 014049.004 INFO             PET0 PIOc_sync Exit - MemInfo: [/proc/self/status]	VmRSS:	   26576 kB
20220314 014049.004 INFO             PET0 PIOc_sync Exit - MemInfo: [/proc/self/status]	VmData:	   29912 kB
20220314 014049.004 INFO             PET0 PIOc_sync Exit - MemInfo: [/proc/self/status]	VmStk:	     164 kB
20220314 014049.004 INFO             PET0 PIOc_sync Exit - MemInfo: [/proc/self/status]	VmExe:	   40684 kB
20220314 014049.004 INFO             PET0 PIOc_sync Exit - MemInfo: [/proc/self/status]	VmLib:	    1952 kB
20220314 014049.004 INFO             PET0 PIOc_sync Exit - MemInfo: [/proc/self/status]	VmPTE:	     164 kB
20220314 014049.005 INFO             PET0 PIOc_sync Exit - MemInfo: [/proc/self/status]	VmPMD:	      12 kB
20220314 014049.005 INFO             PET0 PIOc_sync Exit - MemInfo: [/proc/self/status]	VmSwap:	       0 kB
20220314 014049.005 INFO             PET0 PIOc_sync Exit - MemInfo: [/proc/self/status]	VmRSSPercent: 0.0403548 %
20220314 014049.005 INFO             PET0 PIOc_sync Exit - MemInfo: [malloc] Non-mmapped space allocated:                18966848 Byte
20220314 014049.005 INFO             PET0 PIOc_sync Exit - MemInfo: [malloc] Space allocated in mmapped regions:          7307264 Byte
20220314 014049.005 INFO             PET0 PIOc_sync Exit - MemInfo: [malloc] Maximum total allocated space:                     0 Byte
20220314 014049.005 INFO             PET0 PIOc_sync Exit - MemInfo: [malloc] Space in freed fastbin blocks:                     0 Byte
20220314 014049.005 INFO             PET0 PIOc_sync Exit - MemInfo: [malloc] Total allocated space:                      10457824 Byte
20220314 014049.005 INFO             PET0 PIOc_sync Exit - MemInfo: [malloc] Total free space:                            8509024 Byte
20220314 014049.005 INFO             PET0 PIOc_sync Exit - MemInfo: [malloc] Top-most, releasable space:                   131312 Byte
20220314 014049.005 INFO             PET0 PIOc_sync Exit - MemInfo: [malloc] Total space in use, mmap + non-mmap:        17765088 Byte
20220314 014049.005 INFO             PET0 PIOc_sync Exit - MemInfo: [malloc] Total space held (mmap + non-mmap):         26274112 Byte
20220314 014049.005 INFO             PET0 PIOc_sync Exit - MemInfo: [malloc] Total space used (mmap + non-mmap):         17773520 Byte
20220314 014049.005 INFO             PET0 PIOc_sync Exit - MemInfo: Wall-clock time since execution start:               0.414274 seconds
20220314 014049.005 INFO             PET0 PIOc_freedecomp Enter - MemInfo: [/proc/meminfo - SSI]	MemTotal:       65855856 kB
20220314 014049.005 INFO             PET0 PIOc_freedecomp Enter - MemInfo: [/proc/meminfo - SSI]	MemFree:        61159288 kB
20220314 014049.005 INFO             PET0 PIOc_freedecomp Enter - MemInfo: [/proc/meminfo - SSI]	MemAvailable:   60951996 kB
20220314 014049.005 INFO             PET0 PIOc_freedecomp Enter - MemInfo: [/proc/meminfo - SSI]	Committed_AS:    2835028 kB
20220314 014049.005 INFO             PET0 PIOc_freedecomp Enter - MemInfo: [/proc/meminfo - SSI]	CommittedPercent: 4.3049 %
20220314 014049.005 INFO             PET0 PIOc_freedecomp Enter - MemInfo: [/proc/self/status]	VmPeak:	   78912 kB
20220314 014049.005 INFO             PET0 PIOc_freedecomp Enter - MemInfo: [/proc/self/status]	VmSize:	   78912 kB
20220314 014049.005 INFO             PET0 PIOc_freedecomp Enter - MemInfo: [/proc/self/status]	VmLck:	       0 kB
20220314 014049.005 INFO             PET0 PIOc_freedecomp Enter - MemInfo: [/proc/self/status]	VmPin:	       0 kB
20220314 014049.005 INFO             PET0 PIOc_freedecomp Enter - MemInfo: [/proc/self/status]	VmHWM:	   26576 kB
20220314 014049.005 INFO             PET0 PIOc_freedecomp Enter - MemInfo: [/proc/self/status]	VmRSS:	   26576 kB
20220314 014049.005 INFO             PET0 PIOc_freedecomp Enter - MemInfo: [/proc/self/status]	VmData:	   29912 kB
20220314 014049.005 INFO             PET0 PIOc_freedecomp Enter - MemInfo: [/proc/self/status]	VmStk:	     164 kB
20220314 014049.005 INFO             PET0 PIOc_freedecomp Enter - MemInfo: [/proc/self/status]	VmExe:	   40684 kB
20220314 014049.005 INFO             PET0 PIOc_freedecomp Enter - MemInfo: [/proc/self/status]	VmLib:	    1952 kB
20220314 014049.005 INFO             PET0 PIOc_freedecomp Enter - MemInfo: [/proc/self/status]	VmPTE:	     164 kB
20220314 014049.005 INFO             PET0 PIOc_freedecomp Enter - MemInfo: [/proc/self/status]	VmPMD:	      12 kB
20220314 014049.005 INFO             PET0 PIOc_freedecomp Enter - MemInfo: [/proc/self/status]	VmSwap:	       0 kB
20220314 014049.005 INFO             PET0 PIOc_freedecomp Enter - MemInfo: [/proc/self/status]	VmRSSPercent: 0.0403548 %
20220314 014049.005 INFO             PET0 PIOc_freedecomp Enter - MemInfo: [malloc] Non-mmapped space allocated:                18966848 Byte
20220314 014049.005 INFO             PET0 PIOc_freedecomp Enter - MemInfo: [malloc] Space allocated in mmapped regions:          7307264 Byte
20220314 014049.005 INFO             PET0 PIOc_freedecomp Enter - MemInfo: [malloc] Maximum total allocated space:                     0 Byte
20220314 014049.005 INFO             PET0 PIOc_freedecomp Enter - MemInfo: [malloc] Space in freed fastbin blocks:                   192 Byte
20220314 014049.005 INFO             PET0 PIOc_freedecomp Enter - MemInfo: [malloc] Total allocated space:                       1533616 Byte
20220314 014049.005 INFO             PET0 PIOc_freedecomp Enter - MemInfo: [malloc] Total free space:                           17433232 Byte
20220314 014049.005 INFO             PET0 PIOc_freedecomp Enter - MemInfo: [malloc] Top-most, releasable space:                  8519936 Byte
20220314 014049.005 INFO             PET0 PIOc_freedecomp Enter - MemInfo: [malloc] Total space in use, mmap + non-mmap:         8840880 Byte
20220314 014049.005 INFO             PET0 PIOc_freedecomp Enter - MemInfo: [malloc] Total space held (mmap + non-mmap):         26274112 Byte
20220314 014049.005 INFO             PET0 PIOc_freedecomp Enter - MemInfo: [malloc] Total space used (mmap + non-mmap):          8849088 Byte
20220314 014049.005 INFO             PET0 PIOc_freedecomp Enter - MemInfo: Wall-clock time since execution start:               0.414829 seconds
20220314 014049.005 INFO             PET0 PIOc_freedecomp Exit - MemInfo: [/proc/meminfo - SSI]	MemTotal:       65855856 kB
20220314 014049.005 INFO             PET0 PIOc_freedecomp Exit - MemInfo: [/proc/meminfo - SSI]	MemFree:        61159288 kB
20220314 014049.005 INFO             PET0 PIOc_freedecomp Exit - MemInfo: [/proc/meminfo - SSI]	MemAvailable:   60951996 kB
20220314 014049.005 INFO             PET0 PIOc_freedecomp Exit - MemInfo: [/proc/meminfo - SSI]	Committed_AS:    2835028 kB
20220314 014049.005 INFO             PET0 PIOc_freedecomp Exit - MemInfo: [/proc/meminfo - SSI]	CommittedPercent: 4.3049 %
20220314 014049.005 INFO             PET0 PIOc_freedecomp Exit - MemInfo: [/proc/self/status]	VmPeak:	   78912 kB
20220314 014049.005 INFO             PET0 PIOc_freedecomp Exit - MemInfo: [/proc/self/status]	VmSize:	   78912 kB
20220314 014049.005 INFO             PET0 PIOc_freedecomp Exit - MemInfo: [/proc/self/status]	VmLck:	       0 kB
20220314 014049.005 INFO             PET0 PIOc_freedecomp Exit - MemInfo: [/proc/self/status]	VmPin:	       0 kB
20220314 014049.005 INFO             PET0 PIOc_freedecomp Exit - MemInfo: [/proc/self/status]	VmHWM:	   26576 kB
20220314 014049.005 INFO             PET0 PIOc_freedecomp Exit - MemInfo: [/proc/self/status]	VmRSS:	   26576 kB
20220314 014049.005 INFO             PET0 PIOc_freedecomp Exit - MemInfo: [/proc/self/status]	VmData:	   29912 kB
20220314 014049.005 INFO             PET0 PIOc_freedecomp Exit - MemInfo: [/proc/self/status]	VmStk:	     164 kB
20220314 014049.005 INFO             PET0 PIOc_freedecomp Exit - MemInfo: [/proc/self/status]	VmExe:	   40684 kB
20220314 014049.005 INFO             PET0 PIOc_freedecomp Exit - MemInfo: [/proc/self/status]	VmLib:	    1952 kB
20220314 014049.005 INFO             PET0 PIOc_freedecomp Exit - MemInfo: [/proc/self/status]	VmPTE:	     164 kB
20220314 014049.005 INFO             PET0 PIOc_freedecomp Exit - MemInfo: [/proc/self/status]	VmPMD:	      12 kB
20220314 014049.005 INFO             PET0 PIOc_freedecomp Exit - MemInfo: [/proc/self/status]	VmSwap:	       0 kB
20220314 014049.005 INFO             PET0 PIOc_freedecomp Exit - MemInfo: [/proc/self/status]	VmRSSPercent: 0.0403548 %
20220314 014049.005 INFO             PET0 PIOc_freedecomp Exit - MemInfo: [malloc] Non-mmapped space allocated:                18966848 Byte
20220314 014049.006 INFO             PET0 PIOc_freedecomp Exit - MemInfo: [malloc] Space allocated in mmapped regions:          7307264 Byte
20220314 014049.006 INFO             PET0 PIOc_freedecomp Exit - MemInfo: [malloc] Maximum total allocated space:                     0 Byte
20220314 014049.006 INFO             PET0 PIOc_freedecomp Exit - MemInfo: [malloc] Space in freed fastbin blocks:                   912 Byte
20220314 014049.006 INFO             PET0 PIOc_freedecomp Exit - MemInfo: [malloc] Total allocated space:                       1532704 Byte
20220314 014049.006 INFO             PET0 PIOc_freedecomp Exit - MemInfo: [malloc] Total free space:                           17434144 Byte
20220314 014049.006 INFO             PET0 PIOc_freedecomp Exit - MemInfo: [malloc] Top-most, releasable space:                  8519936 Byte
20220314 014049.006 INFO             PET0 PIOc_freedecomp Exit - MemInfo: [malloc] Total space in use, mmap + non-mmap:         8839968 Byte
20220314 014049.006 INFO             PET0 PIOc_freedecomp Exit - MemInfo: [malloc] Total space held (mmap + non-mmap):         26274112 Byte
20220314 014049.006 INFO             PET0 PIOc_freedecomp Exit - MemInfo: [malloc] Total space used (mmap + non-mmap):          8848176 Byte
20220314 014049.006 INFO             PET0 PIOc_freedecomp Exit - MemInfo: Wall-clock time since execution start:                0.41521 seconds
20220314 014049.007 INFO             PET0 PIOc_sync Enter - MemInfo: [/proc/meminfo - SSI]	MemTotal:       65855856 kB
20220314 014049.007 INFO             PET0 PIOc_sync Enter - MemInfo: [/proc/meminfo - SSI]	MemFree:        61159288 kB
20220314 014049.007 INFO             PET0 PIOc_sync Enter - MemInfo: [/proc/meminfo - SSI]	MemAvailable:   60951996 kB
20220314 014049.007 INFO             PET0 PIOc_sync Enter - MemInfo: [/proc/meminfo - SSI]	Committed_AS:    2835028 kB
20220314 014049.007 INFO             PET0 PIOc_sync Enter - MemInfo: [/proc/meminfo - SSI]	CommittedPercent: 4.3049 %
20220314 014049.007 INFO             PET0 PIOc_sync Enter - MemInfo: [/proc/self/status]	VmPeak:	   78912 kB
20220314 014049.007 INFO             PET0 PIOc_sync Enter - MemInfo: [/proc/self/status]	VmSize:	   78912 kB
20220314 014049.007 INFO             PET0 PIOc_sync Enter - MemInfo: [/proc/self/status]	VmLck:	       0 kB
20220314 014049.007 INFO             PET0 PIOc_sync Enter - MemInfo: [/proc/self/status]	VmPin:	       0 kB
20220314 014049.007 INFO             PET0 PIOc_sync Enter - MemInfo: [/proc/self/status]	VmHWM:	   26576 kB
20220314 014049.007 INFO             PET0 PIOc_sync Enter - MemInfo: [/proc/self/status]	VmRSS:	   26576 kB
20220314 014049.007 INFO             PET0 PIOc_sync Enter - MemInfo: [/proc/self/status]	VmData:	   29912 kB
20220314 014049.007 INFO             PET0 PIOc_sync Enter - MemInfo: [/proc/self/status]	VmStk:	     164 kB
20220314 014049.007 INFO             PET0 PIOc_sync Enter - MemInfo: [/proc/self/status]	VmExe:	   40684 kB
20220314 014049.007 INFO             PET0 PIOc_sync Enter - MemInfo: [/proc/self/status]	VmLib:	    1952 kB
20220314 014049.007 INFO             PET0 PIOc_sync Enter - MemInfo: [/proc/self/status]	VmPTE:	     164 kB
20220314 014049.007 INFO             PET0 PIOc_sync Enter - MemInfo: [/proc/self/status]	VmPMD:	      12 kB
20220314 014049.007 INFO             PET0 PIOc_sync Enter - MemInfo: [/proc/self/status]	VmSwap:	       0 kB
20220314 014049.007 INFO             PET0 PIOc_sync Enter - MemInfo: [/proc/self/status]	VmRSSPercent: 0.0403548 %
20220314 014049.007 INFO             PET0 PIOc_sync Enter - MemInfo: [malloc] Non-mmapped space allocated:                18966848 Byte
20220314 014049.007 INFO             PET0 PIOc_sync Enter - MemInfo: [malloc] Space allocated in mmapped regions:          7307264 Byte
20220314 014049.007 INFO             PET0 PIOc_sync Enter - MemInfo: [malloc] Maximum total allocated space:                     0 Byte
20220314 014049.007 INFO             PET0 PIOc_sync Enter - MemInfo: [malloc] Space in freed fastbin blocks:                   624 Byte
20220314 014049.007 INFO             PET0 PIOc_sync Enter - MemInfo: [malloc] Total allocated space:                      10459296 Byte
20220314 014049.007 INFO             PET0 PIOc_sync Enter - MemInfo: [malloc] Total free space:                            8507552 Byte
20220314 014049.007 INFO             PET0 PIOc_sync Enter - MemInfo: [malloc] Top-most, releasable space:                   131312 Byte
20220314 014049.007 INFO             PET0 PIOc_sync Enter - MemInfo: [malloc] Total space in use, mmap + non-mmap:        17766560 Byte
20220314 014049.007 INFO             PET0 PIOc_sync Enter - MemInfo: [malloc] Total space held (mmap + non-mmap):         26274112 Byte
20220314 014049.007 INFO             PET0 PIOc_sync Enter - MemInfo: [malloc] Total space used (mmap + non-mmap):         17775104 Byte
20220314 014049.007 INFO             PET0 PIOc_sync Enter - MemInfo: Wall-clock time since execution start:               0.416913 seconds
20220314 014049.007 INFO             PET0 PIOc_sync Exit - MemInfo: [/proc/meminfo - SSI]	MemTotal:       65855856 kB
20220314 014049.007 INFO             PET0 PIOc_sync Exit - MemInfo: [/proc/meminfo - SSI]	MemFree:        61159288 kB
20220314 014049.007 INFO             PET0 PIOc_sync Exit - MemInfo: [/proc/meminfo - SSI]	MemAvailable:   60951996 kB
20220314 014049.007 INFO             PET0 PIOc_sync Exit - MemInfo: [/proc/meminfo - SSI]	Committed_AS:    2835028 kB
20220314 014049.007 INFO             PET0 PIOc_sync Exit - MemInfo: [/proc/meminfo - SSI]	CommittedPercent: 4.3049 %
20220314 014049.007 INFO             PET0 PIOc_sync Exit - MemInfo: [/proc/self/status]	VmPeak:	   78912 kB
20220314 014049.007 INFO             PET0 PIOc_sync Exit - MemInfo: [/proc/self/status]	VmSize:	   78912 kB
20220314 014049.007 INFO             PET0 PIOc_sync Exit - MemInfo: [/proc/self/status]	VmLck:	       0 kB
20220314 014049.007 INFO             PET0 PIOc_sync Exit - MemInfo: [/proc/self/status]	VmPin:	       0 kB
20220314 014049.008 INFO             PET0 PIOc_sync Exit - MemInfo: [/proc/self/status]	VmHWM:	   26576 kB
20220314 014049.008 INFO             PET0 PIOc_sync Exit - MemInfo: [/proc/self/status]	VmRSS:	   26576 kB
20220314 014049.008 INFO             PET0 PIOc_sync Exit - MemInfo: [/proc/self/status]	VmData:	   29912 kB
20220314 014049.008 INFO             PET0 PIOc_sync Exit - MemInfo: [/proc/self/status]	VmStk:	     164 kB
20220314 014049.008 INFO             PET0 PIOc_sync Exit - MemInfo: [/proc/self/status]	VmExe:	   40684 kB
20220314 014049.008 INFO             PET0 PIOc_sync Exit - MemInfo: [/proc/self/status]	VmLib:	    1952 kB
20220314 014049.008 INFO             PET0 PIOc_sync Exit - MemInfo: [/proc/self/status]	VmPTE:	     164 kB
20220314 014049.008 INFO             PET0 PIOc_sync Exit - MemInfo: [/proc/self/status]	VmPMD:	      12 kB
20220314 014049.008 INFO             PET0 PIOc_sync Exit - MemInfo: [/proc/self/status]	VmSwap:	       0 kB
20220314 014049.008 INFO             PET0 PIOc_sync Exit - MemInfo: [/proc/self/status]	VmRSSPercent: 0.0403548 %
20220314 014049.008 INFO             PET0 PIOc_sync Exit - MemInfo: [malloc] Non-mmapped space allocated:                18966848 Byte
20220314 014049.008 INFO             PET0 PIOc_sync Exit - MemInfo: [malloc] Space allocated in mmapped regions:          7307264 Byte
20220314 014049.008 INFO             PET0 PIOc_sync Exit - MemInfo: [malloc] Maximum total allocated space:                     0 Byte
20220314 014049.008 INFO             PET0 PIOc_sync Exit - MemInfo: [malloc] Space in freed fastbin blocks:                     0 Byte
20220314 014049.008 INFO             PET0 PIOc_sync Exit - MemInfo: [malloc] Total allocated space:                      10459920 Byte
20220314 014049.008 INFO             PET0 PIOc_sync Exit - MemInfo: [malloc] Total free space:                            8506928 Byte
20220314 014049.008 INFO             PET0 PIOc_sync Exit - MemInfo: [malloc] Top-most, releasable space:                   131312 Byte
20220314 014049.008 INFO             PET0 PIOc_sync Exit - MemInfo: [malloc] Total space in use, mmap + non-mmap:        17767184 Byte
20220314 014049.008 INFO             PET0 PIOc_sync Exit - MemInfo: [malloc] Total space held (mmap + non-mmap):         26274112 Byte
20220314 014049.008 INFO             PET0 PIOc_sync Exit - MemInfo: [malloc] Total space used (mmap + non-mmap):         17775632 Byte
20220314 014049.008 INFO             PET0 PIOc_sync Exit - MemInfo: Wall-clock time since execution start:               0.417321 seconds
20220314 014049.008 INFO             PET0 PIOc_freedecomp Enter - MemInfo: [/proc/meminfo - SSI]	MemTotal:       65855856 kB
20220314 014049.008 INFO             PET0 PIOc_freedecomp Enter - MemInfo: [/proc/meminfo - SSI]	MemFree:        61159288 kB
20220314 014049.008 INFO             PET0 PIOc_freedecomp Enter - MemInfo: [/proc/meminfo - SSI]	MemAvailable:   60951996 kB
20220314 014049.008 INFO             PET0 PIOc_freedecomp Enter - MemInfo: [/proc/meminfo - SSI]	Committed_AS:    2835028 kB
20220314 014049.008 INFO             PET0 PIOc_freedecomp Enter - MemInfo: [/proc/meminfo - SSI]	CommittedPercent: 4.3049 %
20220314 014049.008 INFO             PET0 PIOc_freedecomp Enter - MemInfo: [/proc/self/status]	VmPeak:	   78912 kB
20220314 014049.008 INFO             PET0 PIOc_freedecomp Enter - MemInfo: [/proc/self/status]	VmSize:	   78912 kB
20220314 014049.008 INFO             PET0 PIOc_freedecomp Enter - MemInfo: [/proc/self/status]	VmLck:	       0 kB
20220314 014049.008 INFO             PET0 PIOc_freedecomp Enter - MemInfo: [/proc/self/status]	VmPin:	       0 kB
20220314 014049.008 INFO             PET0 PIOc_freedecomp Enter - MemInfo: [/proc/self/status]	VmHWM:	   26576 kB
20220314 014049.008 INFO             PET0 PIOc_freedecomp Enter - MemInfo: [/proc/self/status]	VmRSS:	   26576 kB
20220314 014049.008 INFO             PET0 PIOc_freedecomp Enter - MemInfo: [/proc/self/status]	VmData:	   29912 kB
20220314 014049.008 INFO             PET0 PIOc_freedecomp Enter - MemInfo: [/proc/self/status]	VmStk:	     164 kB
20220314 014049.008 INFO             PET0 PIOc_freedecomp Enter - MemInfo: [/proc/self/status]	VmExe:	   40684 kB
20220314 014049.008 INFO             PET0 PIOc_freedecomp Enter - MemInfo: [/proc/self/status]	VmLib:	    1952 kB
20220314 014049.008 INFO             PET0 PIOc_freedecomp Enter - MemInfo: [/proc/self/status]	VmPTE:	     164 kB
20220314 014049.008 INFO             PET0 PIOc_freedecomp Enter - MemInfo: [/proc/self/status]	VmPMD:	      12 kB
20220314 014049.008 INFO             PET0 PIOc_freedecomp Enter - MemInfo: [/proc/self/status]	VmSwap:	       0 kB
20220314 014049.008 INFO             PET0 PIOc_freedecomp Enter - MemInfo: [/proc/self/status]	VmRSSPercent: 0.0403548 %
20220314 014049.008 INFO             PET0 PIOc_freedecomp Enter - MemInfo: [malloc] Non-mmapped space allocated:                18966848 Byte
20220314 014049.008 INFO             PET0 PIOc_freedecomp Enter - MemInfo: [malloc] Space allocated in mmapped regions:          7307264 Byte
20220314 014049.008 INFO             PET0 PIOc_freedecomp Enter - MemInfo: [malloc] Maximum total allocated space:                     0 Byte
20220314 014049.008 INFO             PET0 PIOc_freedecomp Enter - MemInfo: [malloc] Space in freed fastbin blocks:                   192 Byte
20220314 014049.008 INFO             PET0 PIOc_freedecomp Enter - MemInfo: [malloc] Total allocated space:                       1535088 Byte
20220314 014049.008 INFO             PET0 PIOc_freedecomp Enter - MemInfo: [malloc] Total free space:                           17431760 Byte
20220314 014049.008 INFO             PET0 PIOc_freedecomp Enter - MemInfo: [malloc] Top-most, releasable space:                  8519936 Byte
20220314 014049.008 INFO             PET0 PIOc_freedecomp Enter - MemInfo: [malloc] Total space in use, mmap + non-mmap:         8842352 Byte
20220314 014049.008 INFO             PET0 PIOc_freedecomp Enter - MemInfo: [malloc] Total space held (mmap + non-mmap):         26274112 Byte
20220314 014049.008 INFO             PET0 PIOc_freedecomp Enter - MemInfo: [malloc] Total space used (mmap + non-mmap):          8850560 Byte
20220314 014049.008 INFO             PET0 PIOc_freedecomp Enter - MemInfo: Wall-clock time since execution start:               0.417865 seconds
20220314 014049.008 INFO             PET0 PIOc_freedecomp Exit - MemInfo: [/proc/meminfo - SSI]	MemTotal:       65855856 kB
20220314 014049.008 INFO             PET0 PIOc_freedecomp Exit - MemInfo: [/proc/meminfo - SSI]	MemFree:        61159288 kB
20220314 014049.008 INFO             PET0 PIOc_freedecomp Exit - MemInfo: [/proc/meminfo - SSI]	MemAvailable:   60951996 kB
20220314 014049.008 INFO             PET0 PIOc_freedecomp Exit - MemInfo: [/proc/meminfo - SSI]	Committed_AS:    2835028 kB
20220314 014049.008 INFO             PET0 PIOc_freedecomp Exit - MemInfo: [/proc/meminfo - SSI]	CommittedPercent: 4.3049 %
20220314 014049.008 INFO             PET0 PIOc_freedecomp Exit - MemInfo: [/proc/self/status]	VmPeak:	   78912 kB
20220314 014049.008 INFO             PET0 PIOc_freedecomp Exit - MemInfo: [/proc/self/status]	VmSize:	   78912 kB
20220314 014049.008 INFO             PET0 PIOc_freedecomp Exit - MemInfo: [/proc/self/status]	VmLck:	       0 kB
20220314 014049.008 INFO             PET0 PIOc_freedecomp Exit - MemInfo: [/proc/self/status]	VmPin:	       0 kB
20220314 014049.008 INFO             PET0 PIOc_freedecomp Exit - MemInfo: [/proc/self/status]	VmHWM:	   26576 kB
20220314 014049.008 INFO             PET0 PIOc_freedecomp Exit - MemInfo: [/proc/self/status]	VmRSS:	   26576 kB
20220314 014049.008 INFO             PET0 PIOc_freedecomp Exit - MemInfo: [/proc/self/status]	VmData:	   29912 kB
20220314 014049.008 INFO             PET0 PIOc_freedecomp Exit - MemInfo: [/proc/self/status]	VmStk:	     164 kB
20220314 014049.008 INFO             PET0 PIOc_freedecomp Exit - MemInfo: [/proc/self/status]	VmExe:	   40684 kB
20220314 014049.008 INFO             PET0 PIOc_freedecomp Exit - MemInfo: [/proc/self/status]	VmLib:	    1952 kB
20220314 014049.009 INFO             PET0 PIOc_freedecomp Exit - MemInfo: [/proc/self/status]	VmPTE:	     164 kB
20220314 014049.009 INFO             PET0 PIOc_freedecomp Exit - MemInfo: [/proc/self/status]	VmPMD:	      12 kB
20220314 014049.009 INFO             PET0 PIOc_freedecomp Exit - MemInfo: [/proc/self/status]	VmSwap:	       0 kB
20220314 014049.009 INFO             PET0 PIOc_freedecomp Exit - MemInfo: [/proc/self/status]	VmRSSPercent: 0.0403548 %
20220314 014049.009 INFO             PET0 PIOc_freedecomp Exit - MemInfo: [malloc] Non-mmapped space allocated:                18966848 Byte
20220314 014049.009 INFO             PET0 PIOc_freedecomp Exit - MemInfo: [malloc] Space allocated in mmapped regions:          7307264 Byte
20220314 014049.009 INFO             PET0 PIOc_freedecomp Exit - MemInfo: [malloc] Maximum total allocated space:                     0 Byte
20220314 014049.009 INFO             PET0 PIOc_freedecomp Exit - MemInfo: [malloc] Space in freed fastbin blocks:                   928 Byte
20220314 014049.009 INFO             PET0 PIOc_freedecomp Exit - MemInfo: [malloc] Total allocated space:                       1534160 Byte
20220314 014049.009 INFO             PET0 PIOc_freedecomp Exit - MemInfo: [malloc] Total free space:                           17432688 Byte
20220314 014049.009 INFO             PET0 PIOc_freedecomp Exit - MemInfo: [malloc] Top-most, releasable space:                  8519936 Byte
20220314 014049.009 INFO             PET0 PIOc_freedecomp Exit - MemInfo: [malloc] Total space in use, mmap + non-mmap:         8841424 Byte
20220314 014049.009 INFO             PET0 PIOc_freedecomp Exit - MemInfo: [malloc] Total space held (mmap + non-mmap):         26274112 Byte
20220314 014049.009 INFO             PET0 PIOc_freedecomp Exit - MemInfo: [malloc] Total space used (mmap + non-mmap):          8849632 Byte
20220314 014049.009 INFO             PET0 PIOc_freedecomp Exit - MemInfo: Wall-clock time since execution start:               0.418249 seconds
20220314 014049.010 INFO             PET0 PIOc_sync Enter - MemInfo: [/proc/meminfo - SSI]	MemTotal:       65855856 kB
20220314 014049.010 INFO             PET0 PIOc_sync Enter - MemInfo: [/proc/meminfo - SSI]	MemFree:        61159288 kB
20220314 014049.010 INFO             PET0 PIOc_sync Enter - MemInfo: [/proc/meminfo - SSI]	MemAvailable:   60951996 kB
20220314 014049.010 INFO             PET0 PIOc_sync Enter - MemInfo: [/proc/meminfo - SSI]	Committed_AS:    2835028 kB
20220314 014049.010 INFO             PET0 PIOc_sync Enter - MemInfo: [/proc/meminfo - SSI]	CommittedPercent: 4.3049 %
20220314 014049.010 INFO             PET0 PIOc_sync Enter - MemInfo: [/proc/self/status]	VmPeak:	   78912 kB
20220314 014049.010 INFO             PET0 PIOc_sync Enter - MemInfo: [/proc/self/status]	VmSize:	   78912 kB
20220314 014049.010 INFO             PET0 PIOc_sync Enter - MemInfo: [/proc/self/status]	VmLck:	       0 kB
20220314 014049.010 INFO             PET0 PIOc_sync Enter - MemInfo: [/proc/self/status]	VmPin:	       0 kB
20220314 014049.010 INFO             PET0 PIOc_sync Enter - MemInfo: [/proc/self/status]	VmHWM:	   26576 kB
20220314 014049.010 INFO             PET0 PIOc_sync Enter - MemInfo: [/proc/self/status]	VmRSS:	   26576 kB
20220314 014049.010 INFO             PET0 PIOc_sync Enter - MemInfo: [/proc/self/status]	VmData:	   29912 kB
20220314 014049.010 INFO             PET0 PIOc_sync Enter - MemInfo: [/proc/self/status]	VmStk:	     164 kB
20220314 014049.010 INFO             PET0 PIOc_sync Enter - MemInfo: [/proc/self/status]	VmExe:	   40684 kB
20220314 014049.010 INFO             PET0 PIOc_sync Enter - MemInfo: [/proc/self/status]	VmLib:	    1952 kB
20220314 014049.010 INFO             PET0 PIOc_sync Enter - MemInfo: [/proc/self/status]	VmPTE:	     164 kB
20220314 014049.010 INFO             PET0 PIOc_sync Enter - MemInfo: [/proc/self/status]	VmPMD:	      12 kB
20220314 014049.010 INFO             PET0 PIOc_sync Enter - MemInfo: [/proc/self/status]	VmSwap:	       0 kB
20220314 014049.010 INFO             PET0 PIOc_sync Enter - MemInfo: [/proc/self/status]	VmRSSPercent: 0.0403548 %
20220314 014049.010 INFO             PET0 PIOc_sync Enter - MemInfo: [malloc] Non-mmapped space allocated:                18966848 Byte
20220314 014049.010 INFO             PET0 PIOc_sync Enter - MemInfo: [malloc] Space allocated in mmapped regions:          7307264 Byte
20220314 014049.010 INFO             PET0 PIOc_sync Enter - MemInfo: [malloc] Maximum total allocated space:                     0 Byte
20220314 014049.010 INFO             PET0 PIOc_sync Enter - MemInfo: [malloc] Space in freed fastbin blocks:                   976 Byte
20220314 014049.010 INFO             PET0 PIOc_sync Enter - MemInfo: [malloc] Total allocated space:                      10461088 Byte
20220314 014049.010 INFO             PET0 PIOc_sync Enter - MemInfo: [malloc] Total free space:                            8505760 Byte
20220314 014049.010 INFO             PET0 PIOc_sync Enter - MemInfo: [malloc] Top-most, releasable space:                   131312 Byte
20220314 014049.010 INFO             PET0 PIOc_sync Enter - MemInfo: [malloc] Total space in use, mmap + non-mmap:        17768352 Byte
20220314 014049.010 INFO             PET0 PIOc_sync Enter - MemInfo: [malloc] Total space held (mmap + non-mmap):         26274112 Byte
20220314 014049.010 INFO             PET0 PIOc_sync Enter - MemInfo: [malloc] Total space used (mmap + non-mmap):         17776784 Byte
20220314 014049.010 INFO             PET0 PIOc_sync Enter - MemInfo: Wall-clock time since execution start:               0.419916 seconds
20220314 014049.010 INFO             PET0 PIOc_sync Exit - MemInfo: [/proc/meminfo - SSI]	MemTotal:       65855856 kB
20220314 014049.010 INFO             PET0 PIOc_sync Exit - MemInfo: [/proc/meminfo - SSI]	MemFree:        61159288 kB
20220314 014049.010 INFO             PET0 PIOc_sync Exit - MemInfo: [/proc/meminfo - SSI]	MemAvailable:   60951996 kB
20220314 014049.010 INFO             PET0 PIOc_sync Exit - MemInfo: [/proc/meminfo - SSI]	Committed_AS:    2835028 kB
20220314 014049.010 INFO             PET0 PIOc_sync Exit - MemInfo: [/proc/meminfo - SSI]	CommittedPercent: 4.3049 %
20220314 014049.011 INFO             PET0 PIOc_sync Exit - MemInfo: [/proc/self/status]	VmPeak:	   78912 kB
20220314 014049.011 INFO             PET0 PIOc_sync Exit - MemInfo: [/proc/self/status]	VmSize:	   78912 kB
20220314 014049.011 INFO             PET0 PIOc_sync Exit - MemInfo: [/proc/self/status]	VmLck:	       0 kB
20220314 014049.011 INFO             PET0 PIOc_sync Exit - MemInfo: [/proc/self/status]	VmPin:	       0 kB
20220314 014049.011 INFO             PET0 PIOc_sync Exit - MemInfo: [/proc/self/status]	VmHWM:	   26576 kB
20220314 014049.011 INFO             PET0 PIOc_sync Exit - MemInfo: [/proc/self/status]	VmRSS:	   26576 kB
20220314 014049.011 INFO             PET0 PIOc_sync Exit - MemInfo: [/proc/self/status]	VmData:	   29912 kB
20220314 014049.011 INFO             PET0 PIOc_sync Exit - MemInfo: [/proc/self/status]	VmStk:	     164 kB
20220314 014049.011 INFO             PET0 PIOc_sync Exit - MemInfo: [/proc/self/status]	VmExe:	   40684 kB
20220314 014049.011 INFO             PET0 PIOc_sync Exit - MemInfo: [/proc/self/status]	VmLib:	    1952 kB
20220314 014049.011 INFO             PET0 PIOc_sync Exit - MemInfo: [/proc/self/status]	VmPTE:	     164 kB
20220314 014049.011 INFO             PET0 PIOc_sync Exit - MemInfo: [/proc/self/status]	VmPMD:	      12 kB
20220314 014049.011 INFO             PET0 PIOc_sync Exit - MemInfo: [/proc/self/status]	VmSwap:	       0 kB
20220314 014049.011 INFO             PET0 PIOc_sync Exit - MemInfo: [/proc/self/status]	VmRSSPercent: 0.0403548 %
20220314 014049.011 INFO             PET0 PIOc_sync Exit - MemInfo: [malloc] Non-mmapped space allocated:                18966848 Byte
20220314 014049.011 INFO             PET0 PIOc_sync Exit - MemInfo: [malloc] Space allocated in mmapped regions:          7307264 Byte
20220314 014049.011 INFO             PET0 PIOc_sync Exit - MemInfo: [malloc] Maximum total allocated space:                     0 Byte
20220314 014049.011 INFO             PET0 PIOc_sync Exit - MemInfo: [malloc] Space in freed fastbin blocks:                     0 Byte
20220314 014049.011 INFO             PET0 PIOc_sync Exit - MemInfo: [malloc] Total allocated space:                      10461744 Byte
20220314 014049.011 INFO             PET0 PIOc_sync Exit - MemInfo: [malloc] Total free space:                            8505104 Byte
20220314 014049.011 INFO             PET0 PIOc_sync Exit - MemInfo: [malloc] Top-most, releasable space:                   131312 Byte
20220314 014049.011 INFO             PET0 PIOc_sync Exit - MemInfo: [malloc] Total space in use, mmap + non-mmap:        17769008 Byte
20220314 014049.011 INFO             PET0 PIOc_sync Exit - MemInfo: [malloc] Total space held (mmap + non-mmap):         26274112 Byte
20220314 014049.011 INFO             PET0 PIOc_sync Exit - MemInfo: [malloc] Total space used (mmap + non-mmap):         17777328 Byte
20220314 014049.011 INFO             PET0 PIOc_sync Exit - MemInfo: Wall-clock time since execution start:               0.420383 seconds
20220314 014049.011 INFO             PET0 PIOc_freedecomp Enter - MemInfo: [/proc/meminfo - SSI]	MemTotal:       65855856 kB
20220314 014049.011 INFO             PET0 PIOc_freedecomp Enter - MemInfo: [/proc/meminfo - SSI]	MemFree:        61159288 kB
20220314 014049.011 INFO             PET0 PIOc_freedecomp Enter - MemInfo: [/proc/meminfo - SSI]	MemAvailable:   60951996 kB
20220314 014049.011 INFO             PET0 PIOc_freedecomp Enter - MemInfo: [/proc/meminfo - SSI]	Committed_AS:    2835028 kB
20220314 014049.011 INFO             PET0 PIOc_freedecomp Enter - MemInfo: [/proc/meminfo - SSI]	CommittedPercent: 4.3049 %
20220314 014049.011 INFO             PET0 PIOc_freedecomp Enter - MemInfo: [/proc/self/status]	VmPeak:	   78912 kB
20220314 014049.011 INFO             PET0 PIOc_freedecomp Enter - MemInfo: [/proc/self/status]	VmSize:	   78912 kB
20220314 014049.011 INFO             PET0 PIOc_freedecomp Enter - MemInfo: [/proc/self/status]	VmLck:	       0 kB
20220314 014049.011 INFO             PET0 PIOc_freedecomp Enter - MemInfo: [/proc/self/status]	VmPin:	       0 kB
20220314 014049.011 INFO             PET0 PIOc_freedecomp Enter - MemInfo: [/proc/self/status]	VmHWM:	   26576 kB
20220314 014049.011 INFO             PET0 PIOc_freedecomp Enter - MemInfo: [/proc/self/status]	VmRSS:	   26576 kB
20220314 014049.011 INFO             PET0 PIOc_freedecomp Enter - MemInfo: [/proc/self/status]	VmData:	   29912 kB
20220314 014049.011 INFO             PET0 PIOc_freedecomp Enter - MemInfo: [/proc/self/status]	VmStk:	     164 kB
20220314 014049.011 INFO             PET0 PIOc_freedecomp Enter - MemInfo: [/proc/self/status]	VmExe:	   40684 kB
20220314 014049.011 INFO             PET0 PIOc_freedecomp Enter - MemInfo: [/proc/self/status]	VmLib:	    1952 kB
20220314 014049.011 INFO             PET0 PIOc_freedecomp Enter - MemInfo: [/proc/self/status]	VmPTE:	     164 kB
20220314 014049.011 INFO             PET0 PIOc_freedecomp Enter - MemInfo: [/proc/self/status]	VmPMD:	      12 kB
20220314 014049.011 INFO             PET0 PIOc_freedecomp Enter - MemInfo: [/proc/self/status]	VmSwap:	       0 kB
20220314 014049.011 INFO             PET0 PIOc_freedecomp Enter - MemInfo: [/proc/self/status]	VmRSSPercent: 0.0403548 %
20220314 014049.011 INFO             PET0 PIOc_freedecomp Enter - MemInfo: [malloc] Non-mmapped space allocated:                18966848 Byte
20220314 014049.011 INFO             PET0 PIOc_freedecomp Enter - MemInfo: [malloc] Space allocated in mmapped regions:          7307264 Byte
20220314 014049.011 INFO             PET0 PIOc_freedecomp Enter - MemInfo: [malloc] Maximum total allocated space:                     0 Byte
20220314 014049.011 INFO             PET0 PIOc_freedecomp Enter - MemInfo: [malloc] Space in freed fastbin blocks:                   272 Byte
20220314 014049.011 INFO             PET0 PIOc_freedecomp Enter - MemInfo: [malloc] Total allocated space:                       1535584 Byte
20220314 014049.011 INFO             PET0 PIOc_freedecomp Enter - MemInfo: [malloc] Total free space:                           17431264 Byte
20220314 014049.011 INFO             PET0 PIOc_freedecomp Enter - MemInfo: [malloc] Top-most, releasable space:                  8519936 Byte
20220314 014049.011 INFO             PET0 PIOc_freedecomp Enter - MemInfo: [malloc] Total space in use, mmap + non-mmap:         8842848 Byte
20220314 014049.011 INFO             PET0 PIOc_freedecomp Enter - MemInfo: [malloc] Total space held (mmap + non-mmap):         26274112 Byte
20220314 014049.011 INFO             PET0 PIOc_freedecomp Enter - MemInfo: [malloc] Total space used (mmap + non-mmap):          8851056 Byte
20220314 014049.011 INFO             PET0 PIOc_freedecomp Enter - MemInfo: Wall-clock time since execution start:               0.420929 seconds
20220314 014049.011 INFO             PET0 PIOc_freedecomp Exit - MemInfo: [/proc/meminfo - SSI]	MemTotal:       65855856 kB
20220314 014049.011 INFO             PET0 PIOc_freedecomp Exit - MemInfo: [/proc/meminfo - SSI]	MemFree:        61159288 kB
20220314 014049.011 INFO             PET0 PIOc_freedecomp Exit - MemInfo: [/proc/meminfo - SSI]	MemAvailable:   60951996 kB
20220314 014049.011 INFO             PET0 PIOc_freedecomp Exit - MemInfo: [/proc/meminfo - SSI]	Committed_AS:    2835028 kB
20220314 014049.011 INFO             PET0 PIOc_freedecomp Exit - MemInfo: [/proc/meminfo - SSI]	CommittedPercent: 4.3049 %
20220314 014049.011 INFO             PET0 PIOc_freedecomp Exit - MemInfo: [/proc/self/status]	VmPeak:	   78912 kB
20220314 014049.011 INFO             PET0 PIOc_freedecomp Exit - MemInfo: [/proc/self/status]	VmSize:	   78912 kB
20220314 014049.011 INFO             PET0 PIOc_freedecomp Exit - MemInfo: [/proc/self/status]	VmLck:	       0 kB
20220314 014049.011 INFO             PET0 PIOc_freedecomp Exit - MemInfo: [/proc/self/status]	VmPin:	       0 kB
20220314 014049.011 INFO             PET0 PIOc_freedecomp Exit - MemInfo: [/proc/self/status]	VmHWM:	   26576 kB
20220314 014049.012 INFO             PET0 PIOc_freedecomp Exit - MemInfo: [/proc/self/status]	VmRSS:	   26576 kB
20220314 014049.012 INFO             PET0 PIOc_freedecomp Exit - MemInfo: [/proc/self/status]	VmData:	   29912 kB
20220314 014049.012 INFO             PET0 PIOc_freedecomp Exit - MemInfo: [/proc/self/status]	VmStk:	     164 kB
20220314 014049.012 INFO             PET0 PIOc_freedecomp Exit - MemInfo: [/proc/self/status]	VmExe:	   40684 kB
20220314 014049.012 INFO             PET0 PIOc_freedecomp Exit - MemInfo: [/proc/self/status]	VmLib:	    1952 kB
20220314 014049.012 INFO             PET0 PIOc_freedecomp Exit - MemInfo: [/proc/self/status]	VmPTE:	     164 kB
20220314 014049.012 INFO             PET0 PIOc_freedecomp Exit - MemInfo: [/proc/self/status]	VmPMD:	      12 kB
20220314 014049.012 INFO             PET0 PIOc_freedecomp Exit - MemInfo: [/proc/self/status]	VmSwap:	       0 kB
20220314 014049.012 INFO             PET0 PIOc_freedecomp Exit - MemInfo: [/proc/self/status]	VmRSSPercent: 0.0403548 %
20220314 014049.012 INFO             PET0 PIOc_freedecomp Exit - MemInfo: [malloc] Non-mmapped space allocated:                18966848 Byte
20220314 014049.012 INFO             PET0 PIOc_freedecomp Exit - MemInfo: [malloc] Space allocated in mmapped regions:          7307264 Byte
20220314 014049.012 INFO             PET0 PIOc_freedecomp Exit - MemInfo: [malloc] Maximum total allocated space:                     0 Byte
20220314 014049.012 INFO             PET0 PIOc_freedecomp Exit - MemInfo: [malloc] Space in freed fastbin blocks:                   896 Byte
20220314 014049.012 INFO             PET0 PIOc_freedecomp Exit - MemInfo: [malloc] Total allocated space:                       1534688 Byte
20220314 014049.012 INFO             PET0 PIOc_freedecomp Exit - MemInfo: [malloc] Total free space:                           17432160 Byte
20220314 014049.012 INFO             PET0 PIOc_freedecomp Exit - MemInfo: [malloc] Top-most, releasable space:                  8519936 Byte
20220314 014049.012 INFO             PET0 PIOc_freedecomp Exit - MemInfo: [malloc] Total space in use, mmap + non-mmap:         8841952 Byte
20220314 014049.012 INFO             PET0 PIOc_freedecomp Exit - MemInfo: [malloc] Total space held (mmap + non-mmap):         26274112 Byte
20220314 014049.012 INFO             PET0 PIOc_freedecomp Exit - MemInfo: [malloc] Total space used (mmap + non-mmap):          8850160 Byte
20220314 014049.012 INFO             PET0 PIOc_freedecomp Exit - MemInfo: Wall-clock time since execution start:               0.421321 seconds
20220314 014049.014 INFO             PET0 PIOc_sync Enter - MemInfo: [/proc/meminfo - SSI]	MemTotal:       65855856 kB
20220314 014049.014 INFO             PET0 PIOc_sync Enter - MemInfo: [/proc/meminfo - SSI]	MemFree:        61159288 kB
20220314 014049.014 INFO             PET0 PIOc_sync Enter - MemInfo: [/proc/meminfo - SSI]	MemAvailable:   60951996 kB
20220314 014049.014 INFO             PET0 PIOc_sync Enter - MemInfo: [/proc/meminfo - SSI]	Committed_AS:    2835028 kB
20220314 014049.014 INFO             PET0 PIOc_sync Enter - MemInfo: [/proc/meminfo - SSI]	CommittedPercent: 4.3049 %
20220314 014049.014 INFO             PET0 PIOc_sync Enter - MemInfo: [/proc/self/status]	VmPeak:	   78912 kB
20220314 014049.014 INFO             PET0 PIOc_sync Enter - MemInfo: [/proc/self/status]	VmSize:	   78912 kB
20220314 014049.014 INFO             PET0 PIOc_sync Enter - MemInfo: [/proc/self/status]	VmLck:	       0 kB
20220314 014049.014 INFO             PET0 PIOc_sync Enter - MemInfo: [/proc/self/status]	VmPin:	       0 kB
20220314 014049.014 INFO             PET0 PIOc_sync Enter - MemInfo: [/proc/self/status]	VmHWM:	   26576 kB
20220314 014049.014 INFO             PET0 PIOc_sync Enter - MemInfo: [/proc/self/status]	VmRSS:	   26576 kB
20220314 014049.014 INFO             PET0 PIOc_sync Enter - MemInfo: [/proc/self/status]	VmData:	   29912 kB
20220314 014049.014 INFO             PET0 PIOc_sync Enter - MemInfo: [/proc/self/status]	VmStk:	     164 kB
20220314 014049.014 INFO             PET0 PIOc_sync Enter - MemInfo: [/proc/self/status]	VmExe:	   40684 kB
20220314 014049.014 INFO             PET0 PIOc_sync Enter - MemInfo: [/proc/self/status]	VmLib:	    1952 kB
20220314 014049.014 INFO             PET0 PIOc_sync Enter - MemInfo: [/proc/self/status]	VmPTE:	     164 kB
20220314 014049.014 INFO             PET0 PIOc_sync Enter - MemInfo: [/proc/self/status]	VmPMD:	      12 kB
20220314 014049.014 INFO             PET0 PIOc_sync Enter - MemInfo: [/proc/self/status]	VmSwap:	       0 kB
20220314 014049.014 INFO             PET0 PIOc_sync Enter - MemInfo: [/proc/self/status]	VmRSSPercent: 0.0403548 %
20220314 014049.014 INFO             PET0 PIOc_sync Enter - MemInfo: [malloc] Non-mmapped space allocated:                18966848 Byte
20220314 014049.014 INFO             PET0 PIOc_sync Enter - MemInfo: [malloc] Space allocated in mmapped regions:          7307264 Byte
20220314 014049.014 INFO             PET0 PIOc_sync Enter - MemInfo: [malloc] Maximum total allocated space:                     0 Byte
20220314 014049.014 INFO             PET0 PIOc_sync Enter - MemInfo: [malloc] Space in freed fastbin blocks:                  1776 Byte
20220314 014049.014 INFO             PET0 PIOc_sync Enter - MemInfo: [malloc] Total allocated space:                      10462448 Byte
20220314 014049.014 INFO             PET0 PIOc_sync Enter - MemInfo: [malloc] Total free space:                            8504400 Byte
20220314 014049.014 INFO             PET0 PIOc_sync Enter - MemInfo: [malloc] Top-most, releasable space:                   131312 Byte
20220314 014049.014 INFO             PET0 PIOc_sync Enter - MemInfo: [malloc] Total space in use, mmap + non-mmap:        17769712 Byte
20220314 014049.014 INFO             PET0 PIOc_sync Enter - MemInfo: [malloc] Total space held (mmap + non-mmap):         26274112 Byte
20220314 014049.014 INFO             PET0 PIOc_sync Enter - MemInfo: [malloc] Total space used (mmap + non-mmap):         17778256 Byte
20220314 014049.014 INFO             PET0 PIOc_sync Enter - MemInfo: Wall-clock time since execution start:               0.423682 seconds
20220314 014049.014 INFO             PET0 PIOc_sync Exit - MemInfo: [/proc/meminfo - SSI]	MemTotal:       65855856 kB
20220314 014049.014 INFO             PET0 PIOc_sync Exit - MemInfo: [/proc/meminfo - SSI]	MemFree:        61159288 kB
20220314 014049.014 INFO             PET0 PIOc_sync Exit - MemInfo: [/proc/meminfo - SSI]	MemAvailable:   60951996 kB
20220314 014049.014 INFO             PET0 PIOc_sync Exit - MemInfo: [/proc/meminfo - SSI]	Committed_AS:    2835028 kB
20220314 014049.014 INFO             PET0 PIOc_sync Exit - MemInfo: [/proc/meminfo - SSI]	CommittedPercent: 4.3049 %
20220314 014049.014 INFO             PET0 PIOc_sync Exit - MemInfo: [/proc/self/status]	VmPeak:	   78912 kB
20220314 014049.014 INFO             PET0 PIOc_sync Exit - MemInfo: [/proc/self/status]	VmSize:	   78912 kB
20220314 014049.014 INFO             PET0 PIOc_sync Exit - MemInfo: [/proc/self/status]	VmLck:	       0 kB
20220314 014049.014 INFO             PET0 PIOc_sync Exit - MemInfo: [/proc/self/status]	VmPin:	       0 kB
20220314 014049.014 INFO             PET0 PIOc_sync Exit - MemInfo: [/proc/self/status]	VmHWM:	   26576 kB
20220314 014049.014 INFO             PET0 PIOc_sync Exit - MemInfo: [/proc/self/status]	VmRSS:	   26576 kB
20220314 014049.014 INFO             PET0 PIOc_sync Exit - MemInfo: [/proc/self/status]	VmData:	   29912 kB
20220314 014049.014 INFO             PET0 PIOc_sync Exit - MemInfo: [/proc/self/status]	VmStk:	     164 kB
20220314 014049.014 INFO             PET0 PIOc_sync Exit - MemInfo: [/proc/self/status]	VmExe:	   40684 kB
20220314 014049.014 INFO             PET0 PIOc_sync Exit - MemInfo: [/proc/self/status]	VmLib:	    1952 kB
20220314 014049.014 INFO             PET0 PIOc_sync Exit - MemInfo: [/proc/self/status]	VmPTE:	     164 kB
20220314 014049.014 INFO             PET0 PIOc_sync Exit - MemInfo: [/proc/self/status]	VmPMD:	      12 kB
20220314 014049.014 INFO             PET0 PIOc_sync Exit - MemInfo: [/proc/self/status]	VmSwap:	       0 kB
20220314 014049.014 INFO             PET0 PIOc_sync Exit - MemInfo: [/proc/self/status]	VmRSSPercent: 0.0403548 %
20220314 014049.014 INFO             PET0 PIOc_sync Exit - MemInfo: [malloc] Non-mmapped space allocated:                18966848 Byte
20220314 014049.014 INFO             PET0 PIOc_sync Exit - MemInfo: [malloc] Space allocated in mmapped regions:          7307264 Byte
20220314 014049.014 INFO             PET0 PIOc_sync Exit - MemInfo: [malloc] Maximum total allocated space:                     0 Byte
20220314 014049.015 INFO             PET0 PIOc_sync Exit - MemInfo: [malloc] Space in freed fastbin blocks:                    64 Byte
20220314 014049.015 INFO             PET0 PIOc_sync Exit - MemInfo: [malloc] Total allocated space:                      10463152 Byte
20220314 014049.015 INFO             PET0 PIOc_sync Exit - MemInfo: [malloc] Total free space:                            8503696 Byte
20220314 014049.015 INFO             PET0 PIOc_sync Exit - MemInfo: [malloc] Top-most, releasable space:                   131312 Byte
20220314 014049.015 INFO             PET0 PIOc_sync Exit - MemInfo: [malloc] Total space in use, mmap + non-mmap:        17770416 Byte
20220314 014049.015 INFO             PET0 PIOc_sync Exit - MemInfo: [malloc] Total space held (mmap + non-mmap):         26274112 Byte
20220314 014049.015 INFO             PET0 PIOc_sync Exit - MemInfo: [malloc] Total space used (mmap + non-mmap):         17778736 Byte
20220314 014049.015 INFO             PET0 PIOc_sync Exit - MemInfo: Wall-clock time since execution start:               0.424206 seconds
20220314 014049.015 INFO             PET0 PIOc_freedecomp Enter - MemInfo: [/proc/meminfo - SSI]	MemTotal:       65855856 kB
20220314 014049.015 INFO             PET0 PIOc_freedecomp Enter - MemInfo: [/proc/meminfo - SSI]	MemFree:        61159288 kB
20220314 014049.015 INFO             PET0 PIOc_freedecomp Enter - MemInfo: [/proc/meminfo - SSI]	MemAvailable:   60951996 kB
20220314 014049.015 INFO             PET0 PIOc_freedecomp Enter - MemInfo: [/proc/meminfo - SSI]	Committed_AS:    2835028 kB
