build time -- 2022-03-12 23:48:17
20220313 003943.355 INFO             PET0 !!!!!!!!!!!!!!!!!!!!!!!!!!!!!!!!!!!!!!!!!!!!!!!!!!!!!!
20220313 003943.355 INFO             PET0 !!! THE ESMF_LOG IS SET TO OUTPUT ALL LOG MESSAGES !!!
20220313 003943.355 INFO             PET0 !!!     THIS MAY CAUSE SLOWDOWN IN PERFORMANCE     !!!
20220313 003943.355 INFO             PET0 !!! FOR PRODUCTION RUNS, USE:                      !!!
20220313 003943.355 INFO             PET0 !!!                   ESMF_LOGKIND_Multi_On_Error  !!!
20220313 003943.355 INFO             PET0 !!!!!!!!!!!!!!!!!!!!!!!!!!!!!!!!!!!!!!!!!!!!!!!!!!!!!!
20220313 003943.355 INFO             PET0 Running with ESMF Version   : v8.3.0b09-96-g559b459836
20220313 003943.355 INFO             PET0 ESMF library build date/time: "Mar 12 2022" "23:46:28"
20220313 003943.355 INFO             PET0 ESMF library build location : /lustre/f2/dev/ncep/Mark.Potts/gfortran_8.3.0_mpi_g_jedwards_pio_update2
20220313 003943.355 INFO             PET0 ESMF_COMM                   : mpi
20220313 003943.356 INFO             PET0 ESMF_MOAB                   : enabled
20220313 003943.356 INFO             PET0 ESMF_LAPACK                 : enabled
20220313 003943.356 INFO             PET0 ESMF_NETCDF                 : enabled
20220313 003943.356 INFO             PET0 ESMF_PNETCDF                : disabled
20220313 003943.356 INFO             PET0 ESMF_PIO                    : enabled
20220313 003943.356 INFO             PET0 ESMF_YAMLCPP                : enabled
20220313 003943.356 INFO             PET0 Beginning Test, file ESMC_FieldSMMFromFileUTest.C, line 41
20220313 003943.356 INFO             PET0 Beginning Test, file ESMC_FieldSMMFromFileUTest.C, line 41NUMBER_OF_PROCESSORS 4
20220313 003943.451 INFO             PET0 PIOc_sync Enter - MemInfo: [/proc/meminfo - SSI]	MemTotal:       65855856 kB
20220313 003943.451 INFO             PET0 PIOc_sync Enter - MemInfo: [/proc/meminfo - SSI]	MemFree:        61272236 kB
20220313 003943.451 INFO             PET0 PIOc_sync Enter - MemInfo: [/proc/meminfo - SSI]	MemAvailable:   61047996 kB
20220313 003943.451 INFO             PET0 PIOc_sync Enter - MemInfo: [/proc/meminfo - SSI]	Committed_AS:    2804652 kB
20220313 003943.451 INFO             PET0 PIOc_sync Enter - MemInfo: [/proc/meminfo - SSI]	CommittedPercent: 4.25877 %
20220313 003943.451 INFO             PET0 PIOc_sync Enter - MemInfo: [/proc/self/status]	VmPeak:	   85076 kB
20220313 003943.451 INFO             PET0 PIOc_sync Enter - MemInfo: [/proc/self/status]	VmSize:	   85076 kB
20220313 003943.451 INFO             PET0 PIOc_sync Enter - MemInfo: [/proc/self/status]	VmLck:	       0 kB
20220313 003943.451 INFO             PET0 PIOc_sync Enter - MemInfo: [/proc/self/status]	VmPin:	       0 kB
20220313 003943.451 INFO             PET0 PIOc_sync Enter - MemInfo: [/proc/self/status]	VmHWM:	   24224 kB
20220313 003943.451 INFO             PET0 PIOc_sync Enter - MemInfo: [/proc/self/status]	VmRSS:	   24224 kB
20220313 003943.451 INFO             PET0 PIOc_sync Enter - MemInfo: [/proc/self/status]	VmData:	   18828 kB
20220313 003943.451 INFO             PET0 PIOc_sync Enter - MemInfo: [/proc/self/status]	VmStk:	     164 kB
20220313 003943.451 INFO             PET0 PIOc_sync Enter - MemInfo: [/proc/self/status]	VmExe:	   40664 kB
20220313 003943.451 INFO             PET0 PIOc_sync Enter - MemInfo: [/proc/self/status]	VmLib:	    1952 kB
20220313 003943.451 INFO             PET0 PIOc_sync Enter - MemInfo: [/proc/self/status]	VmPTE:	     172 kB
20220313 003943.451 INFO             PET0 PIOc_sync Enter - MemInfo: [/proc/self/status]	VmPMD:	      12 kB
20220313 003943.451 INFO             PET0 PIOc_sync Enter - MemInfo: [/proc/self/status]	VmSwap:	       0 kB
20220313 003943.451 INFO             PET0 PIOc_sync Enter - MemInfo: [/proc/self/status]	VmRSSPercent: 0.0367834 %
20220313 003943.451 INFO             PET0 PIOc_sync Enter - MemInfo: [malloc] Non-mmapped space allocated:                 1481024 Byte
20220313 003943.451 INFO             PET0 PIOc_sync Enter - MemInfo: [malloc] Space allocated in mmapped regions:         13443072 Byte
20220313 003943.451 INFO             PET0 PIOc_sync Enter - MemInfo: [malloc] Maximum total allocated space:                     0 Byte
20220313 003943.451 INFO             PET0 PIOc_sync Enter - MemInfo: [malloc] Space in freed fastbin blocks:                     0 Byte
20220313 003943.451 INFO             PET0 PIOc_sync Enter - MemInfo: [malloc] Total allocated space:                       1320352 Byte
20220313 003943.451 INFO             PET0 PIOc_sync Enter - MemInfo: [malloc] Total free space:                             160672 Byte
20220313 003943.451 INFO             PET0 PIOc_sync Enter - MemInfo: [malloc] Top-most, releasable space:                   133920 Byte
20220313 003943.451 INFO             PET0 PIOc_sync Enter - MemInfo: [malloc] Total space in use, mmap + non-mmap:        14763424 Byte
20220313 003943.451 INFO             PET0 PIOc_sync Enter - MemInfo: [malloc] Total space held (mmap + non-mmap):         14924096 Byte
20220313 003943.451 INFO             PET0 PIOc_sync Enter - MemInfo: [malloc] Total space used (mmap + non-mmap):         14772896 Byte
20220313 003943.451 INFO             PET0 PIOc_sync Enter - MemInfo: Wall-clock time since execution start:               0.114652 seconds
20220313 003943.487 INFO             PET0 PIOc_sync Exit - MemInfo: [/proc/meminfo - SSI]	MemTotal:       65855856 kB
20220313 003943.487 INFO             PET0 PIOc_sync Exit - MemInfo: [/proc/meminfo - SSI]	MemFree:        61271380 kB
20220313 003943.487 INFO             PET0 PIOc_sync Exit - MemInfo: [/proc/meminfo - SSI]	MemAvailable:   61047140 kB
20220313 003943.487 INFO             PET0 PIOc_sync Exit - MemInfo: [/proc/meminfo - SSI]	Committed_AS:    2804652 kB
20220313 003943.487 INFO             PET0 PIOc_sync Exit - MemInfo: [/proc/meminfo - SSI]	CommittedPercent: 4.25877 %
20220313 003943.487 INFO             PET0 PIOc_sync Exit - MemInfo: [/proc/self/status]	VmPeak:	   85460 kB
20220313 003943.487 INFO             PET0 PIOc_sync Exit - MemInfo: [/proc/self/status]	VmSize:	   85460 kB
20220313 003943.487 INFO             PET0 PIOc_sync Exit - MemInfo: [/proc/self/status]	VmLck:	       0 kB
20220313 003943.487 INFO             PET0 PIOc_sync Exit - MemInfo: [/proc/self/status]	VmPin:	       0 kB
20220313 003943.487 INFO             PET0 PIOc_sync Exit - MemInfo: [/proc/self/status]	VmHWM:	   24724 kB
20220313 003943.487 INFO             PET0 PIOc_sync Exit - MemInfo: [/proc/self/status]	VmRSS:	   24724 kB
20220313 003943.487 INFO             PET0 PIOc_sync Exit - MemInfo: [/proc/self/status]	VmData:	   19212 kB
20220313 003943.488 INFO             PET0 PIOc_sync Exit - MemInfo: [/proc/self/status]	VmStk:	     164 kB
20220313 003943.488 INFO             PET0 PIOc_sync Exit - MemInfo: [/proc/self/status]	VmExe:	   40664 kB
20220313 003943.488 INFO             PET0 PIOc_sync Exit - MemInfo: [/proc/self/status]	VmLib:	    1952 kB
20220313 003943.488 INFO             PET0 PIOc_sync Exit - MemInfo: [/proc/self/status]	VmPTE:	     176 kB
20220313 003943.488 INFO             PET0 PIOc_sync Exit - MemInfo: [/proc/self/status]	VmPMD:	      12 kB
20220313 003943.488 INFO             PET0 PIOc_sync Exit - MemInfo: [/proc/self/status]	VmSwap:	       0 kB
20220313 003943.488 INFO             PET0 PIOc_sync Exit - MemInfo: [/proc/self/status]	VmRSSPercent: 0.0375426 %
20220313 003943.488 INFO             PET0 PIOc_sync Exit - MemInfo: [malloc] Non-mmapped space allocated:                 1874240 Byte
20220313 003943.488 INFO             PET0 PIOc_sync Exit - MemInfo: [malloc] Space allocated in mmapped regions:         13443072 Byte
20220313 003943.488 INFO             PET0 PIOc_sync Exit - MemInfo: [malloc] Maximum total allocated space:                     0 Byte
20220313 003943.488 INFO             PET0 PIOc_sync Exit - MemInfo: [malloc] Space in freed fastbin blocks:                     0 Byte
20220313 003943.488 INFO             PET0 PIOc_sync Exit - MemInfo: [malloc] Total allocated space:                       1716400 Byte
20220313 003943.488 INFO             PET0 PIOc_sync Exit - MemInfo: [malloc] Total free space:                             157840 Byte
20220313 003943.488 INFO             PET0 PIOc_sync Exit - MemInfo: [malloc] Top-most, releasable space:                   133888 Byte
20220313 003943.488 INFO             PET0 PIOc_sync Exit - MemInfo: [malloc] Total space in use, mmap + non-mmap:        15159472 Byte
20220313 003943.488 INFO             PET0 PIOc_sync Exit - MemInfo: [malloc] Total space held (mmap + non-mmap):         15317312 Byte
20220313 003943.488 INFO             PET0 PIOc_sync Exit - MemInfo: [malloc] Total space used (mmap + non-mmap):         15168416 Byte
20220313 003943.488 INFO             PET0 PIOc_sync Exit - MemInfo: Wall-clock time since execution start:               0.150958 seconds
20220313 003943.488 INFO             PET0 PIOc_freedecomp Enter - MemInfo: [/proc/meminfo - SSI]	MemTotal:       65855856 kB
20220313 003943.488 INFO             PET0 PIOc_freedecomp Enter - MemInfo: [/proc/meminfo - SSI]	MemFree:        61278436 kB
20220313 003943.488 INFO             PET0 PIOc_freedecomp Enter - MemInfo: [/proc/meminfo - SSI]	MemAvailable:   61054196 kB
20220313 003943.488 INFO             PET0 PIOc_freedecomp Enter - MemInfo: [/proc/meminfo - SSI]	Committed_AS:    2796844 kB
20220313 003943.488 INFO             PET0 PIOc_freedecomp Enter - MemInfo: [/proc/meminfo - SSI]	CommittedPercent: 4.24692 %
20220313 003943.488 INFO             PET0 PIOc_freedecomp Enter - MemInfo: [/proc/self/status]	VmPeak:	   85460 kB
20220313 003943.488 INFO             PET0 PIOc_freedecomp Enter - MemInfo: [/proc/self/status]	VmSize:	   76748 kB
20220313 003943.488 INFO             PET0 PIOc_freedecomp Enter - MemInfo: [/proc/self/status]	VmLck:	       0 kB
20220313 003943.488 INFO             PET0 PIOc_freedecomp Enter - MemInfo: [/proc/self/status]	VmPin:	       0 kB
20220313 003943.488 INFO             PET0 PIOc_freedecomp Enter - MemInfo: [/proc/self/status]	VmHWM:	   24724 kB
20220313 003943.488 INFO             PET0 PIOc_freedecomp Enter - MemInfo: [/proc/self/status]	VmRSS:	   16684 kB
20220313 003943.488 INFO             PET0 PIOc_freedecomp Enter - MemInfo: [/proc/self/status]	VmData:	   10500 kB
20220313 003943.488 INFO             PET0 PIOc_freedecomp Enter - MemInfo: [/proc/self/status]	VmStk:	     164 kB
20220313 003943.488 INFO             PET0 PIOc_freedecomp Enter - MemInfo: [/proc/self/status]	VmExe:	   40664 kB
20220313 003943.488 INFO             PET0 PIOc_freedecomp Enter - MemInfo: [/proc/self/status]	VmLib:	    1952 kB
20220313 003943.488 INFO             PET0 PIOc_freedecomp Enter - MemInfo: [/proc/self/status]	VmPTE:	     164 kB
20220313 003943.488 INFO             PET0 PIOc_freedecomp Enter - MemInfo: [/proc/self/status]	VmPMD:	      12 kB
20220313 003943.488 INFO             PET0 PIOc_freedecomp Enter - MemInfo: [/proc/self/status]	VmSwap:	       0 kB
20220313 003943.488 INFO             PET0 PIOc_freedecomp Enter - MemInfo: [/proc/self/status]	VmRSSPercent: 0.0253341 %
20220313 003943.488 INFO             PET0 PIOc_freedecomp Enter - MemInfo: [malloc] Non-mmapped space allocated:                 1874240 Byte
20220313 003943.488 INFO             PET0 PIOc_freedecomp Enter - MemInfo: [malloc] Space allocated in mmapped regions:          4521984 Byte
20220313 003943.488 INFO             PET0 PIOc_freedecomp Enter - MemInfo: [malloc] Maximum total allocated space:                     0 Byte
20220313 003943.488 INFO             PET0 PIOc_freedecomp Enter - MemInfo: [malloc] Space in freed fastbin blocks:                   368 Byte
20220313 003943.488 INFO             PET0 PIOc_freedecomp Enter - MemInfo: [malloc] Total allocated space:                       1706496 Byte
20220313 003943.488 INFO             PET0 PIOc_freedecomp Enter - MemInfo: [malloc] Total free space:                             167744 Byte
20220313 003943.488 INFO             PET0 PIOc_freedecomp Enter - MemInfo: [malloc] Top-most, releasable space:                   133888 Byte
20220313 003943.488 INFO             PET0 PIOc_freedecomp Enter - MemInfo: [malloc] Total space in use, mmap + non-mmap:         6228480 Byte
20220313 003943.488 INFO             PET0 PIOc_freedecomp Enter - MemInfo: [malloc] Total space held (mmap + non-mmap):          6396224 Byte
20220313 003943.489 INFO             PET0 PIOc_freedecomp Enter - MemInfo: [malloc] Total space used (mmap + non-mmap):          6237024 Byte
20220313 003943.489 INFO             PET0 PIOc_freedecomp Enter - MemInfo: Wall-clock time since execution start:               0.151781 seconds
20220313 003943.489 INFO             PET0 PIOc_freedecomp Exit - MemInfo: [/proc/meminfo - SSI]	MemTotal:       65855856 kB
20220313 003943.489 INFO             PET0 PIOc_freedecomp Exit - MemInfo: [/proc/meminfo - SSI]	MemFree:        61278436 kB
20220313 003943.489 INFO             PET0 PIOc_freedecomp Exit - MemInfo: [/proc/meminfo - SSI]	MemAvailable:   61054196 kB
20220313 003943.489 INFO             PET0 PIOc_freedecomp Exit - MemInfo: [/proc/meminfo - SSI]	Committed_AS:    2796844 kB
20220313 003943.489 INFO             PET0 PIOc_freedecomp Exit - MemInfo: [/proc/meminfo - SSI]	CommittedPercent: 4.24692 %
20220313 003943.489 INFO             PET0 PIOc_freedecomp Exit - MemInfo: [/proc/self/status]	VmPeak:	   85460 kB
20220313 003943.489 INFO             PET0 PIOc_freedecomp Exit - MemInfo: [/proc/self/status]	VmSize:	   76748 kB
20220313 003943.489 INFO             PET0 PIOc_freedecomp Exit - MemInfo: [/proc/self/status]	VmLck:	       0 kB
20220313 003943.489 INFO             PET0 PIOc_freedecomp Exit - MemInfo: [/proc/self/status]	VmPin:	       0 kB
20220313 003943.489 INFO             PET0 PIOc_freedecomp Exit - MemInfo: [/proc/self/status]	VmHWM:	   24724 kB
20220313 003943.489 INFO             PET0 PIOc_freedecomp Exit - MemInfo: [/proc/self/status]	VmRSS:	   16684 kB
20220313 003943.489 INFO             PET0 PIOc_freedecomp Exit - MemInfo: [/proc/self/status]	VmData:	   10500 kB
20220313 003943.489 INFO             PET0 PIOc_freedecomp Exit - MemInfo: [/proc/self/status]	VmStk:	     164 kB
20220313 003943.489 INFO             PET0 PIOc_freedecomp Exit - MemInfo: [/proc/self/status]	VmExe:	   40664 kB
20220313 003943.489 INFO             PET0 PIOc_freedecomp Exit - MemInfo: [/proc/self/status]	VmLib:	    1952 kB
20220313 003943.489 INFO             PET0 PIOc_freedecomp Exit - MemInfo: [/proc/self/status]	VmPTE:	     164 kB
20220313 003943.489 INFO             PET0 PIOc_freedecomp Exit - MemInfo: [/proc/self/status]	VmPMD:	      12 kB
20220313 003943.489 INFO             PET0 PIOc_freedecomp Exit - MemInfo: [/proc/self/status]	VmSwap:	       0 kB
20220313 003943.489 INFO             PET0 PIOc_freedecomp Exit - MemInfo: [/proc/self/status]	VmRSSPercent: 0.0253341 %
20220313 003943.489 INFO             PET0 PIOc_freedecomp Exit - MemInfo: [malloc] Non-mmapped space allocated:                 1874240 Byte
20220313 003943.489 INFO             PET0 PIOc_freedecomp Exit - MemInfo: [malloc] Space allocated in mmapped regions:          4521984 Byte
20220313 003943.489 INFO             PET0 PIOc_freedecomp Exit - MemInfo: [malloc] Maximum total allocated space:                     0 Byte
20220313 003943.489 INFO             PET0 PIOc_freedecomp Exit - MemInfo: [malloc] Space in freed fastbin blocks:                  1200 Byte
20220313 003943.489 INFO             PET0 PIOc_freedecomp Exit - MemInfo: [malloc] Total allocated space:                       1703264 Byte
20220313 003943.489 INFO             PET0 PIOc_freedecomp Exit - MemInfo: [malloc] Total free space:                             170976 Byte
20220313 003943.489 INFO             PET0 PIOc_freedecomp Exit - MemInfo: [malloc] Top-most, releasable space:                   133888 Byte
20220313 003943.489 INFO             PET0 PIOc_freedecomp Exit - MemInfo: [malloc] Total space in use, mmap + non-mmap:         6225248 Byte
20220313 003943.489 INFO             PET0 PIOc_freedecomp Exit - MemInfo: [malloc] Total space held (mmap + non-mmap):          6396224 Byte
20220313 003943.489 INFO             PET0 PIOc_freedecomp Exit - MemInfo: [malloc] Total space used (mmap + non-mmap):          6234016 Byte
20220313 003943.489 INFO             PET0 PIOc_freedecomp Exit - MemInfo: Wall-clock time since execution start:               0.152159 seconds
20220313 003943.492 INFO             PET0 PIOc_sync Enter - MemInfo: [/proc/meminfo - SSI]	MemTotal:       65855856 kB
20220313 003943.492 INFO             PET0 PIOc_sync Enter - MemInfo: [/proc/meminfo - SSI]	MemFree:        61275412 kB
20220313 003943.492 INFO             PET0 PIOc_sync Enter - MemInfo: [/proc/meminfo - SSI]	MemAvailable:   61051172 kB
20220313 003943.492 INFO             PET0 PIOc_sync Enter - MemInfo: [/proc/meminfo - SSI]	Committed_AS:    2805032 kB
20220313 003943.492 INFO             PET0 PIOc_sync Enter - MemInfo: [/proc/meminfo - SSI]	CommittedPercent: 4.25935 %
20220313 003943.492 INFO             PET0 PIOc_sync Enter - MemInfo: [/proc/self/status]	VmPeak:	   85460 kB
20220313 003943.492 INFO             PET0 PIOc_sync Enter - MemInfo: [/proc/self/status]	VmSize:	   85416 kB
20220313 003943.492 INFO             PET0 PIOc_sync Enter - MemInfo: [/proc/self/status]	VmLck:	       0 kB
20220313 003943.492 INFO             PET0 PIOc_sync Enter - MemInfo: [/proc/self/status]	VmPin:	       0 kB
20220313 003943.492 INFO             PET0 PIOc_sync Enter - MemInfo: [/proc/self/status]	VmHWM:	   24724 kB
20220313 003943.492 INFO             PET0 PIOc_sync Enter - MemInfo: [/proc/self/status]	VmRSS:	   20868 kB
20220313 003943.492 INFO             PET0 PIOc_sync Enter - MemInfo: [/proc/self/status]	VmData:	   19204 kB
20220313 003943.492 INFO             PET0 PIOc_sync Enter - MemInfo: [/proc/self/status]	VmStk:	     164 kB
20220313 003943.492 INFO             PET0 PIOc_sync Enter - MemInfo: [/proc/self/status]	VmExe:	   40664 kB
20220313 003943.492 INFO             PET0 PIOc_sync Enter - MemInfo: [/proc/self/status]	VmLib:	    1952 kB
20220313 003943.492 INFO             PET0 PIOc_sync Enter - MemInfo: [/proc/self/status]	VmPTE:	     172 kB
20220313 003943.492 INFO             PET0 PIOc_sync Enter - MemInfo: [/proc/self/status]	VmPMD:	      12 kB
20220313 003943.492 INFO             PET0 PIOc_sync Enter - MemInfo: [/proc/self/status]	VmSwap:	       0 kB
20220313 003943.492 INFO             PET0 PIOc_sync Enter - MemInfo: [/proc/self/status]	VmRSSPercent: 0.0316874 %
20220313 003943.492 INFO             PET0 PIOc_sync Enter - MemInfo: [malloc] Non-mmapped space allocated:                10787136 Byte
20220313 003943.492 INFO             PET0 PIOc_sync Enter - MemInfo: [malloc] Space allocated in mmapped regions:          4521984 Byte
20220313 003943.492 INFO             PET0 PIOc_sync Enter - MemInfo: [malloc] Maximum total allocated space:                     0 Byte
20220313 003943.492 INFO             PET0 PIOc_sync Enter - MemInfo: [malloc] Space in freed fastbin blocks:                   160 Byte
20220313 003943.492 INFO             PET0 PIOc_sync Enter - MemInfo: [malloc] Total allocated space:                      10631200 Byte
20220313 003943.492 INFO             PET0 PIOc_sync Enter - MemInfo: [malloc] Total free space:                             155936 Byte
20220313 003943.492 INFO             PET0 PIOc_sync Enter - MemInfo: [malloc] Top-most, releasable space:                   133856 Byte
20220313 003943.492 INFO             PET0 PIOc_sync Enter - MemInfo: [malloc] Total space in use, mmap + non-mmap:        15153184 Byte
20220313 003943.492 INFO             PET0 PIOc_sync Enter - MemInfo: [malloc] Total space held (mmap + non-mmap):         15309120 Byte
20220313 003943.492 INFO             PET0 PIOc_sync Enter - MemInfo: [malloc] Total space used (mmap + non-mmap):         15161840 Byte
20220313 003943.492 INFO             PET0 PIOc_sync Enter - MemInfo: Wall-clock time since execution start:               0.155531 seconds
20220313 003943.492 INFO             PET0 PIOc_sync Exit - MemInfo: [/proc/meminfo - SSI]	MemTotal:       65855856 kB
20220313 003943.492 INFO             PET0 PIOc_sync Exit - MemInfo: [/proc/meminfo - SSI]	MemFree:        61275412 kB
20220313 003943.492 INFO             PET0 PIOc_sync Exit - MemInfo: [/proc/meminfo - SSI]	MemAvailable:   61051172 kB
20220313 003943.492 INFO             PET0 PIOc_sync Exit - MemInfo: [/proc/meminfo - SSI]	Committed_AS:    2805032 kB
20220313 003943.492 INFO             PET0 PIOc_sync Exit - MemInfo: [/proc/meminfo - SSI]	CommittedPercent: 4.25935 %
20220313 003943.493 INFO             PET0 PIOc_sync Exit - MemInfo: [/proc/self/status]	VmPeak:	   85460 kB
20220313 003943.493 INFO             PET0 PIOc_sync Exit - MemInfo: [/proc/self/status]	VmSize:	   85416 kB
20220313 003943.493 INFO             PET0 PIOc_sync Exit - MemInfo: [/proc/self/status]	VmLck:	       0 kB
20220313 003943.493 INFO             PET0 PIOc_sync Exit - MemInfo: [/proc/self/status]	VmPin:	       0 kB
20220313 003943.493 INFO             PET0 PIOc_sync Exit - MemInfo: [/proc/self/status]	VmHWM:	   24724 kB
20220313 003943.493 INFO             PET0 PIOc_sync Exit - MemInfo: [/proc/self/status]	VmRSS:	   20868 kB
20220313 003943.493 INFO             PET0 PIOc_sync Exit - MemInfo: [/proc/self/status]	VmData:	   19204 kB
20220313 003943.493 INFO             PET0 PIOc_sync Exit - MemInfo: [/proc/self/status]	VmStk:	     164 kB
20220313 003943.493 INFO             PET0 PIOc_sync Exit - MemInfo: [/proc/self/status]	VmExe:	   40664 kB
20220313 003943.493 INFO             PET0 PIOc_sync Exit - MemInfo: [/proc/self/status]	VmLib:	    1952 kB
20220313 003943.493 INFO             PET0 PIOc_sync Exit - MemInfo: [/proc/self/status]	VmPTE:	     172 kB
20220313 003943.493 INFO             PET0 PIOc_sync Exit - MemInfo: [/proc/self/status]	VmPMD:	      12 kB
20220313 003943.493 INFO             PET0 PIOc_sync Exit - MemInfo: [/proc/self/status]	VmSwap:	       0 kB
20220313 003943.493 INFO             PET0 PIOc_sync Exit - MemInfo: [/proc/self/status]	VmRSSPercent: 0.0316874 %
20220313 003943.493 INFO             PET0 PIOc_sync Exit - MemInfo: [malloc] Non-mmapped space allocated:                10787136 Byte
20220313 003943.493 INFO             PET0 PIOc_sync Exit - MemInfo: [malloc] Space allocated in mmapped regions:          4521984 Byte
20220313 003943.493 INFO             PET0 PIOc_sync Exit - MemInfo: [malloc] Maximum total allocated space:                     0 Byte
20220313 003943.493 INFO             PET0 PIOc_sync Exit - MemInfo: [malloc] Space in freed fastbin blocks:                     0 Byte
20220313 003943.493 INFO             PET0 PIOc_sync Exit - MemInfo: [malloc] Total allocated space:                      10632896 Byte
20220313 003943.493 INFO             PET0 PIOc_sync Exit - MemInfo: [malloc] Total free space:                             154240 Byte
20220313 003943.493 INFO             PET0 PIOc_sync Exit - MemInfo: [malloc] Top-most, releasable space:                   133856 Byte
20220313 003943.493 INFO             PET0 PIOc_sync Exit - MemInfo: [malloc] Total space in use, mmap + non-mmap:        15154880 Byte
20220313 003943.493 INFO             PET0 PIOc_sync Exit - MemInfo: [malloc] Total space held (mmap + non-mmap):         15309120 Byte
20220313 003943.493 INFO             PET0 PIOc_sync Exit - MemInfo: [malloc] Total space used (mmap + non-mmap):         15163200 Byte
20220313 003943.493 INFO             PET0 PIOc_sync Exit - MemInfo: Wall-clock time since execution start:               0.156006 seconds
20220313 003943.493 INFO             PET0 PIOc_freedecomp Enter - MemInfo: [/proc/meminfo - SSI]	MemTotal:       65855856 kB
20220313 003943.493 INFO             PET0 PIOc_freedecomp Enter - MemInfo: [/proc/meminfo - SSI]	MemFree:        61275412 kB
20220313 003943.493 INFO             PET0 PIOc_freedecomp Enter - MemInfo: [/proc/meminfo - SSI]	MemAvailable:   61051172 kB
20220313 003943.493 INFO             PET0 PIOc_freedecomp Enter - MemInfo: [/proc/meminfo - SSI]	Committed_AS:    2805032 kB
20220313 003943.493 INFO             PET0 PIOc_freedecomp Enter - MemInfo: [/proc/meminfo - SSI]	CommittedPercent: 4.25935 %
20220313 003943.493 INFO             PET0 PIOc_freedecomp Enter - MemInfo: [/proc/self/status]	VmPeak:	   85460 kB
20220313 003943.493 INFO             PET0 PIOc_freedecomp Enter - MemInfo: [/proc/self/status]	VmSize:	   85416 kB
20220313 003943.493 INFO             PET0 PIOc_freedecomp Enter - MemInfo: [/proc/self/status]	VmLck:	       0 kB
20220313 003943.493 INFO             PET0 PIOc_freedecomp Enter - MemInfo: [/proc/self/status]	VmPin:	       0 kB
20220313 003943.493 INFO             PET0 PIOc_freedecomp Enter - MemInfo: [/proc/self/status]	VmHWM:	   24724 kB
20220313 003943.493 INFO             PET0 PIOc_freedecomp Enter - MemInfo: [/proc/self/status]	VmRSS:	   20868 kB
20220313 003943.493 INFO             PET0 PIOc_freedecomp Enter - MemInfo: [/proc/self/status]	VmData:	   19204 kB
20220313 003943.493 INFO             PET0 PIOc_freedecomp Enter - MemInfo: [/proc/self/status]	VmStk:	     164 kB
20220313 003943.493 INFO             PET0 PIOc_freedecomp Enter - MemInfo: [/proc/self/status]	VmExe:	   40664 kB
20220313 003943.493 INFO             PET0 PIOc_freedecomp Enter - MemInfo: [/proc/self/status]	VmLib:	    1952 kB
20220313 003943.493 INFO             PET0 PIOc_freedecomp Enter - MemInfo: [/proc/self/status]	VmPTE:	     172 kB
20220313 003943.493 INFO             PET0 PIOc_freedecomp Enter - MemInfo: [/proc/self/status]	VmPMD:	      12 kB
20220313 003943.493 INFO             PET0 PIOc_freedecomp Enter - MemInfo: [/proc/self/status]	VmSwap:	       0 kB
20220313 003943.493 INFO             PET0 PIOc_freedecomp Enter - MemInfo: [/proc/self/status]	VmRSSPercent: 0.0316874 %
20220313 003943.493 INFO             PET0 PIOc_freedecomp Enter - MemInfo: [malloc] Non-mmapped space allocated:                10787136 Byte
20220313 003943.493 INFO             PET0 PIOc_freedecomp Enter - MemInfo: [malloc] Space allocated in mmapped regions:          4521984 Byte
20220313 003943.493 INFO             PET0 PIOc_freedecomp Enter - MemInfo: [malloc] Maximum total allocated space:                     0 Byte
20220313 003943.493 INFO             PET0 PIOc_freedecomp Enter - MemInfo: [malloc] Space in freed fastbin blocks:                   256 Byte
20220313 003943.493 INFO             PET0 PIOc_freedecomp Enter - MemInfo: [malloc] Total allocated space:                       1708752 Byte
20220313 003943.493 INFO             PET0 PIOc_freedecomp Enter - MemInfo: [malloc] Total free space:                            9078384 Byte
20220313 003943.493 INFO             PET0 PIOc_freedecomp Enter - MemInfo: [malloc] Top-most, releasable space:                  9046784 Byte
20220313 003943.493 INFO             PET0 PIOc_freedecomp Enter - MemInfo: [malloc] Total space in use, mmap + non-mmap:         6230736 Byte
20220313 003943.493 INFO             PET0 PIOc_freedecomp Enter - MemInfo: [malloc] Total space held (mmap + non-mmap):         15309120 Byte
20220313 003943.493 INFO             PET0 PIOc_freedecomp Enter - MemInfo: [malloc] Total space used (mmap + non-mmap):          6238944 Byte
20220313 003943.493 INFO             PET0 PIOc_freedecomp Enter - MemInfo: Wall-clock time since execution start:                0.15655 seconds
20220313 003943.493 INFO             PET0 PIOc_freedecomp Exit - MemInfo: [/proc/meminfo - SSI]	MemTotal:       65855856 kB
20220313 003943.493 INFO             PET0 PIOc_freedecomp Exit - MemInfo: [/proc/meminfo - SSI]	MemFree:        61275412 kB
20220313 003943.493 INFO             PET0 PIOc_freedecomp Exit - MemInfo: [/proc/meminfo - SSI]	MemAvailable:   61051172 kB
20220313 003943.493 INFO             PET0 PIOc_freedecomp Exit - MemInfo: [/proc/meminfo - SSI]	Committed_AS:    2805032 kB
20220313 003943.493 INFO             PET0 PIOc_freedecomp Exit - MemInfo: [/proc/meminfo - SSI]	CommittedPercent: 4.25935 %
20220313 003943.493 INFO             PET0 PIOc_freedecomp Exit - MemInfo: [/proc/self/status]	VmPeak:	   85460 kB
20220313 003943.493 INFO             PET0 PIOc_freedecomp Exit - MemInfo: [/proc/self/status]	VmSize:	   85416 kB
20220313 003943.493 INFO             PET0 PIOc_freedecomp Exit - MemInfo: [/proc/self/status]	VmLck:	       0 kB
20220313 003943.493 INFO             PET0 PIOc_freedecomp Exit - MemInfo: [/proc/self/status]	VmPin:	       0 kB
20220313 003943.493 INFO             PET0 PIOc_freedecomp Exit - MemInfo: [/proc/self/status]	VmHWM:	   24724 kB
20220313 003943.493 INFO             PET0 PIOc_freedecomp Exit - MemInfo: [/proc/self/status]	VmRSS:	   20868 kB
20220313 003943.494 INFO             PET0 PIOc_freedecomp Exit - MemInfo: [/proc/self/status]	VmData:	   19204 kB
20220313 003943.494 INFO             PET0 PIOc_freedecomp Exit - MemInfo: [/proc/self/status]	VmStk:	     164 kB
20220313 003943.494 INFO             PET0 PIOc_freedecomp Exit - MemInfo: [/proc/self/status]	VmExe:	   40664 kB
20220313 003943.494 INFO             PET0 PIOc_freedecomp Exit - MemInfo: [/proc/self/status]	VmLib:	    1952 kB
20220313 003943.494 INFO             PET0 PIOc_freedecomp Exit - MemInfo: [/proc/self/status]	VmPTE:	     172 kB
20220313 003943.494 INFO             PET0 PIOc_freedecomp Exit - MemInfo: [/proc/self/status]	VmPMD:	      12 kB
20220313 003943.494 INFO             PET0 PIOc_freedecomp Exit - MemInfo: [/proc/self/status]	VmSwap:	       0 kB
20220313 003943.494 INFO             PET0 PIOc_freedecomp Exit - MemInfo: [/proc/self/status]	VmRSSPercent: 0.0316874 %
20220313 003943.494 INFO             PET0 PIOc_freedecomp Exit - MemInfo: [malloc] Non-mmapped space allocated:                10787136 Byte
20220313 003943.494 INFO             PET0 PIOc_freedecomp Exit - MemInfo: [malloc] Space allocated in mmapped regions:          4521984 Byte
20220313 003943.494 INFO             PET0 PIOc_freedecomp Exit - MemInfo: [malloc] Maximum total allocated space:                     0 Byte
20220313 003943.494 INFO             PET0 PIOc_freedecomp Exit - MemInfo: [malloc] Space in freed fastbin blocks:                  1328 Byte
20220313 003943.494 INFO             PET0 PIOc_freedecomp Exit - MemInfo: [malloc] Total allocated space:                       1704832 Byte
20220313 003943.494 INFO             PET0 PIOc_freedecomp Exit - MemInfo: [malloc] Total free space:                            9082304 Byte
20220313 003943.494 INFO             PET0 PIOc_freedecomp Exit - MemInfo: [malloc] Top-most, releasable space:                  9046784 Byte
20220313 003943.494 INFO             PET0 PIOc_freedecomp Exit - MemInfo: [malloc] Total space in use, mmap + non-mmap:         6226816 Byte
20220313 003943.494 INFO             PET0 PIOc_freedecomp Exit - MemInfo: [malloc] Total space held (mmap + non-mmap):         15309120 Byte
20220313 003943.494 INFO             PET0 PIOc_freedecomp Exit - MemInfo: [malloc] Total space used (mmap + non-mmap):          6235024 Byte
20220313 003943.494 INFO             PET0 PIOc_freedecomp Exit - MemInfo: Wall-clock time since execution start:               0.156948 seconds
20220313 003943.495 INFO             PET0 PIOc_sync Enter - MemInfo: [/proc/meminfo - SSI]	MemTotal:       65855856 kB
20220313 003943.495 INFO             PET0 PIOc_sync Enter - MemInfo: [/proc/meminfo - SSI]	MemFree:        61274908 kB
20220313 003943.495 INFO             PET0 PIOc_sync Enter - MemInfo: [/proc/meminfo - SSI]	MemAvailable:   61050668 kB
20220313 003943.495 INFO             PET0 PIOc_sync Enter - MemInfo: [/proc/meminfo - SSI]	Committed_AS:    2805032 kB
20220313 003943.495 INFO             PET0 PIOc_sync Enter - MemInfo: [/proc/meminfo - SSI]	CommittedPercent: 4.25935 %
20220313 003943.495 INFO             PET0 PIOc_sync Enter - MemInfo: [/proc/self/status]	VmPeak:	   85460 kB
20220313 003943.495 INFO             PET0 PIOc_sync Enter - MemInfo: [/proc/self/status]	VmSize:	   85416 kB
20220313 003943.495 INFO             PET0 PIOc_sync Enter - MemInfo: [/proc/self/status]	VmLck:	       0 kB
20220313 003943.495 INFO             PET0 PIOc_sync Enter - MemInfo: [/proc/self/status]	VmPin:	       0 kB
20220313 003943.495 INFO             PET0 PIOc_sync Enter - MemInfo: [/proc/self/status]	VmHWM:	   24724 kB
20220313 003943.495 INFO             PET0 PIOc_sync Enter - MemInfo: [/proc/self/status]	VmRSS:	   21132 kB
20220313 003943.495 INFO             PET0 PIOc_sync Enter - MemInfo: [/proc/self/status]	VmData:	   19204 kB
20220313 003943.495 INFO             PET0 PIOc_sync Enter - MemInfo: [/proc/self/status]	VmStk:	     164 kB
20220313 003943.495 INFO             PET0 PIOc_sync Enter - MemInfo: [/proc/self/status]	VmExe:	   40664 kB
20220313 003943.496 INFO             PET0 PIOc_sync Enter - MemInfo: [/proc/self/status]	VmLib:	    1952 kB
20220313 003943.496 INFO             PET0 PIOc_sync Enter - MemInfo: [/proc/self/status]	VmPTE:	     172 kB
20220313 003943.496 INFO             PET0 PIOc_sync Enter - MemInfo: [/proc/self/status]	VmPMD:	      12 kB
20220313 003943.496 INFO             PET0 PIOc_sync Enter - MemInfo: [/proc/self/status]	VmSwap:	       0 kB
20220313 003943.496 INFO             PET0 PIOc_sync Enter - MemInfo: [/proc/self/status]	VmRSSPercent: 0.0320883 %
20220313 003943.496 INFO             PET0 PIOc_sync Enter - MemInfo: [malloc] Non-mmapped space allocated:                10787136 Byte
20220313 003943.496 INFO             PET0 PIOc_sync Enter - MemInfo: [malloc] Space allocated in mmapped regions:          4521984 Byte
20220313 003943.496 INFO             PET0 PIOc_sync Enter - MemInfo: [malloc] Maximum total allocated space:                     0 Byte
20220313 003943.496 INFO             PET0 PIOc_sync Enter - MemInfo: [malloc] Space in freed fastbin blocks:                   304 Byte
20220313 003943.496 INFO             PET0 PIOc_sync Enter - MemInfo: [malloc] Total allocated space:                      10633520 Byte
20220313 003943.496 INFO             PET0 PIOc_sync Enter - MemInfo: [malloc] Total free space:                             153616 Byte
20220313 003943.496 INFO             PET0 PIOc_sync Enter - MemInfo: [malloc] Top-most, releasable space:                   133856 Byte
20220313 003943.496 INFO             PET0 PIOc_sync Enter - MemInfo: [malloc] Total space in use, mmap + non-mmap:        15155504 Byte
20220313 003943.496 INFO             PET0 PIOc_sync Enter - MemInfo: [malloc] Total space held (mmap + non-mmap):         15309120 Byte
20220313 003943.496 INFO             PET0 PIOc_sync Enter - MemInfo: [malloc] Total space used (mmap + non-mmap):         15163936 Byte
20220313 003943.496 INFO             PET0 PIOc_sync Enter - MemInfo: Wall-clock time since execution start:               0.158933 seconds
20220313 003943.970 INFO             PET0 PIOc_sync Exit - MemInfo: [/proc/meminfo - SSI]	MemTotal:       65855856 kB
20220313 003943.971 INFO             PET0 PIOc_sync Exit - MemInfo: [/proc/meminfo - SSI]	MemFree:        61272076 kB
20220313 003943.971 INFO             PET0 PIOc_sync Exit - MemInfo: [/proc/meminfo - SSI]	MemAvailable:   61047752 kB
20220313 003943.971 INFO             PET0 PIOc_sync Exit - MemInfo: [/proc/meminfo - SSI]	Committed_AS:    2805032 kB
20220313 003943.971 INFO             PET0 PIOc_sync Exit - MemInfo: [/proc/meminfo - SSI]	CommittedPercent: 4.25935 %
20220313 003943.971 INFO             PET0 PIOc_sync Exit - MemInfo: [/proc/self/status]	VmPeak:	   85460 kB
20220313 003943.971 INFO             PET0 PIOc_sync Exit - MemInfo: [/proc/self/status]	VmSize:	   85416 kB
20220313 003943.971 INFO             PET0 PIOc_sync Exit - MemInfo: [/proc/self/status]	VmLck:	       0 kB
20220313 003943.971 INFO             PET0 PIOc_sync Exit - MemInfo: [/proc/self/status]	VmPin:	       0 kB
20220313 003943.971 INFO             PET0 PIOc_sync Exit - MemInfo: [/proc/self/status]	VmHWM:	   24724 kB
20220313 003943.971 INFO             PET0 PIOc_sync Exit - MemInfo: [/proc/self/status]	VmRSS:	   21132 kB
20220313 003943.971 INFO             PET0 PIOc_sync Exit - MemInfo: [/proc/self/status]	VmData:	   19204 kB
20220313 003943.971 INFO             PET0 PIOc_sync Exit - MemInfo: [/proc/self/status]	VmStk:	     164 kB
20220313 003943.971 INFO             PET0 PIOc_sync Exit - MemInfo: [/proc/self/status]	VmExe:	   40664 kB
20220313 003943.971 INFO             PET0 PIOc_sync Exit - MemInfo: [/proc/self/status]	VmLib:	    1952 kB
20220313 003943.971 INFO             PET0 PIOc_sync Exit - MemInfo: [/proc/self/status]	VmPTE:	     172 kB
20220313 003943.971 INFO             PET0 PIOc_sync Exit - MemInfo: [/proc/self/status]	VmPMD:	      12 kB
20220313 003943.971 INFO             PET0 PIOc_sync Exit - MemInfo: [/proc/self/status]	VmSwap:	       0 kB
20220313 003943.971 INFO             PET0 PIOc_sync Exit - MemInfo: [/proc/self/status]	VmRSSPercent: 0.0320883 %
20220313 003943.971 INFO             PET0 PIOc_sync Exit - MemInfo: [malloc] Non-mmapped space allocated:                10787136 Byte
20220313 003943.971 INFO             PET0 PIOc_sync Exit - MemInfo: [malloc] Space allocated in mmapped regions:          4521984 Byte
20220313 003943.971 INFO             PET0 PIOc_sync Exit - MemInfo: [malloc] Maximum total allocated space:                     0 Byte
20220313 003943.971 INFO             PET0 PIOc_sync Exit - MemInfo: [malloc] Space in freed fastbin blocks:                     0 Byte
20220313 003943.971 INFO             PET0 PIOc_sync Exit - MemInfo: [malloc] Total allocated space:                      10634528 Byte
20220313 003943.971 INFO             PET0 PIOc_sync Exit - MemInfo: [malloc] Total free space:                             152608 Byte
20220313 003943.971 INFO             PET0 PIOc_sync Exit - MemInfo: [malloc] Top-most, releasable space:                   133856 Byte
20220313 003943.971 INFO             PET0 PIOc_sync Exit - MemInfo: [malloc] Total space in use, mmap + non-mmap:        15156512 Byte
20220313 003943.971 INFO             PET0 PIOc_sync Exit - MemInfo: [malloc] Total space held (mmap + non-mmap):         15309120 Byte
20220313 003943.971 INFO             PET0 PIOc_sync Exit - MemInfo: [malloc] Total space used (mmap + non-mmap):         15164832 Byte
20220313 003943.971 INFO             PET0 PIOc_sync Exit - MemInfo: Wall-clock time since execution start:                0.63416 seconds
20220313 003943.971 INFO             PET0 PIOc_freedecomp Enter - MemInfo: [/proc/meminfo - SSI]	MemTotal:       65855856 kB
20220313 003943.971 INFO             PET0 PIOc_freedecomp Enter - MemInfo: [/proc/meminfo - SSI]	MemFree:        61272076 kB
20220313 003943.971 INFO             PET0 PIOc_freedecomp Enter - MemInfo: [/proc/meminfo - SSI]	MemAvailable:   61047752 kB
20220313 003943.971 INFO             PET0 PIOc_freedecomp Enter - MemInfo: [/proc/meminfo - SSI]	Committed_AS:    2805032 kB
20220313 003943.971 INFO             PET0 PIOc_freedecomp Enter - MemInfo: [/proc/meminfo - SSI]	CommittedPercent: 4.25935 %
20220313 003943.971 INFO             PET0 PIOc_freedecomp Enter - MemInfo: [/proc/self/status]	VmPeak:	   85460 kB
20220313 003943.971 INFO             PET0 PIOc_freedecomp Enter - MemInfo: [/proc/self/status]	VmSize:	   85416 kB
20220313 003943.971 INFO             PET0 PIOc_freedecomp Enter - MemInfo: [/proc/self/status]	VmLck:	       0 kB
20220313 003943.971 INFO             PET0 PIOc_freedecomp Enter - MemInfo: [/proc/self/status]	VmPin:	       0 kB
20220313 003943.971 INFO             PET0 PIOc_freedecomp Enter - MemInfo: [/proc/self/status]	VmHWM:	   24724 kB
20220313 003943.971 INFO             PET0 PIOc_freedecomp Enter - MemInfo: [/proc/self/status]	VmRSS:	   21132 kB
20220313 003943.971 INFO             PET0 PIOc_freedecomp Enter - MemInfo: [/proc/self/status]	VmData:	   19204 kB
20220313 003943.971 INFO             PET0 PIOc_freedecomp Enter - MemInfo: [/proc/self/status]	VmStk:	     164 kB
20220313 003943.971 INFO             PET0 PIOc_freedecomp Enter - MemInfo: [/proc/self/status]	VmExe:	   40664 kB
20220313 003943.971 INFO             PET0 PIOc_freedecomp Enter - MemInfo: [/proc/self/status]	VmLib:	    1952 kB
20220313 003943.971 INFO             PET0 PIOc_freedecomp Enter - MemInfo: [/proc/self/status]	VmPTE:	     172 kB
20220313 003943.971 INFO             PET0 PIOc_freedecomp Enter - MemInfo: [/proc/self/status]	VmPMD:	      12 kB
20220313 003943.971 INFO             PET0 PIOc_freedecomp Enter - MemInfo: [/proc/self/status]	VmSwap:	       0 kB
20220313 003943.972 INFO             PET0 PIOc_freedecomp Enter - MemInfo: [/proc/self/status]	VmRSSPercent: 0.0320883 %
20220313 003943.972 INFO             PET0 PIOc_freedecomp Enter - MemInfo: [malloc] Non-mmapped space allocated:                10787136 Byte
20220313 003943.972 INFO             PET0 PIOc_freedecomp Enter - MemInfo: [malloc] Space allocated in mmapped regions:          4521984 Byte
20220313 003943.972 INFO             PET0 PIOc_freedecomp Enter - MemInfo: [malloc] Maximum total allocated space:                     0 Byte
20220313 003943.972 INFO             PET0 PIOc_freedecomp Enter - MemInfo: [malloc] Space in freed fastbin blocks:                   256 Byte
20220313 003943.972 INFO             PET0 PIOc_freedecomp Enter - MemInfo: [malloc] Total allocated space:                       1709616 Byte
20220313 003943.972 INFO             PET0 PIOc_freedecomp Enter - MemInfo: [malloc] Total free space:                            9077520 Byte
20220313 003943.972 INFO             PET0 PIOc_freedecomp Enter - MemInfo: [malloc] Top-most, releasable space:                  9046784 Byte
20220313 003943.972 INFO             PET0 PIOc_freedecomp Enter - MemInfo: [malloc] Total space in use, mmap + non-mmap:         6231600 Byte
20220313 003943.972 INFO             PET0 PIOc_freedecomp Enter - MemInfo: [malloc] Total space held (mmap + non-mmap):         15309120 Byte
20220313 003943.972 INFO             PET0 PIOc_freedecomp Enter - MemInfo: [malloc] Total space used (mmap + non-mmap):          6239808 Byte
20220313 003943.972 INFO             PET0 PIOc_freedecomp Enter - MemInfo: Wall-clock time since execution start:               0.634885 seconds
20220313 003943.972 INFO             PET0 PIOc_freedecomp Exit - MemInfo: [/proc/meminfo - SSI]	MemTotal:       65855856 kB
20220313 003943.972 INFO             PET0 PIOc_freedecomp Exit - MemInfo: [/proc/meminfo - SSI]	MemFree:        61272076 kB
20220313 003943.972 INFO             PET0 PIOc_freedecomp Exit - MemInfo: [/proc/meminfo - SSI]	MemAvailable:   61047752 kB
20220313 003943.972 INFO             PET0 PIOc_freedecomp Exit - MemInfo: [/proc/meminfo - SSI]	Committed_AS:    2805032 kB
20220313 003943.972 INFO             PET0 PIOc_freedecomp Exit - MemInfo: [/proc/meminfo - SSI]	CommittedPercent: 4.25935 %
20220313 003943.972 INFO             PET0 PIOc_freedecomp Exit - MemInfo: [/proc/self/status]	VmPeak:	   85460 kB
20220313 003943.972 INFO             PET0 PIOc_freedecomp Exit - MemInfo: [/proc/self/status]	VmSize:	   85416 kB
20220313 003943.972 INFO             PET0 PIOc_freedecomp Exit - MemInfo: [/proc/self/status]	VmLck:	       0 kB
20220313 003943.972 INFO             PET0 PIOc_freedecomp Exit - MemInfo: [/proc/self/status]	VmPin:	       0 kB
20220313 003943.972 INFO             PET0 PIOc_freedecomp Exit - MemInfo: [/proc/self/status]	VmHWM:	   24724 kB
20220313 003943.972 INFO             PET0 PIOc_freedecomp Exit - MemInfo: [/proc/self/status]	VmRSS:	   21132 kB
20220313 003943.972 INFO             PET0 PIOc_freedecomp Exit - MemInfo: [/proc/self/status]	VmData:	   19204 kB
20220313 003943.972 INFO             PET0 PIOc_freedecomp Exit - MemInfo: [/proc/self/status]	VmStk:	     164 kB
20220313 003943.972 INFO             PET0 PIOc_freedecomp Exit - MemInfo: [/proc/self/status]	VmExe:	   40664 kB
20220313 003943.972 INFO             PET0 PIOc_freedecomp Exit - MemInfo: [/proc/self/status]	VmLib:	    1952 kB
20220313 003943.972 INFO             PET0 PIOc_freedecomp Exit - MemInfo: [/proc/self/status]	VmPTE:	     172 kB
20220313 003943.972 INFO             PET0 PIOc_freedecomp Exit - MemInfo: [/proc/self/status]	VmPMD:	      12 kB
20220313 003943.972 INFO             PET0 PIOc_freedecomp Exit - MemInfo: [/proc/self/status]	VmSwap:	       0 kB
20220313 003943.972 INFO             PET0 PIOc_freedecomp Exit - MemInfo: [/proc/self/status]	VmRSSPercent: 0.0320883 %
20220313 003943.972 INFO             PET0 PIOc_freedecomp Exit - MemInfo: [malloc] Non-mmapped space allocated:                10787136 Byte
20220313 003943.972 INFO             PET0 PIOc_freedecomp Exit - MemInfo: [malloc] Space allocated in mmapped regions:          4521984 Byte
20220313 003943.972 INFO             PET0 PIOc_freedecomp Exit - MemInfo: [malloc] Maximum total allocated space:                     0 Byte
20220313 003943.972 INFO             PET0 PIOc_freedecomp Exit - MemInfo: [malloc] Space in freed fastbin blocks:                  1344 Byte
20220313 003943.972 INFO             PET0 PIOc_freedecomp Exit - MemInfo: [malloc] Total allocated space:                       1705376 Byte
20220313 003943.972 INFO             PET0 PIOc_freedecomp Exit - MemInfo: [malloc] Total free space:                            9081760 Byte
20220313 003943.972 INFO             PET0 PIOc_freedecomp Exit - MemInfo: [malloc] Top-most, releasable space:                  9046784 Byte
20220313 003943.972 INFO             PET0 PIOc_freedecomp Exit - MemInfo: [malloc] Total space in use, mmap + non-mmap:         6227360 Byte
20220313 003943.972 INFO             PET0 PIOc_freedecomp Exit - MemInfo: [malloc] Total space held (mmap + non-mmap):         15309120 Byte
20220313 003943.972 INFO             PET0 PIOc_freedecomp Exit - MemInfo: [malloc] Total space used (mmap + non-mmap):          6235568 Byte
20220313 003943.972 INFO             PET0 PIOc_freedecomp Exit - MemInfo: Wall-clock time since execution start:                0.63528 seconds
20220313 003943.972 INFO             PET0 PASS ESMC_FieldRegridStoreFile test, ESMC_FieldSMMFromFileUTest.C, line 199
20220313 003943.980 INFO             PET0 PASS ESMC_FieldSMMStore from File test, ESMC_FieldSMMFromFileUTest.C, line 229
20220313 003943.980 INFO             PET0 PASS ESMC_FieldSMMStore From File validation, ESMC_FieldSMMFromFileUTest.C, line 257
20220313 003943.980 INFO             PET0 PASS ESMC_FieldRegridRelease, ESMC_FieldSMMFromFileUTest.C, line 271
20220313 003943.980 INFO             PET0 Ending Test, file ESMC_FieldSMMFromFileUTest.C, line 289
20220313 003943.980 INFO             PET0 Finalizing ESMF
20220313 003943.351 INFO             PET1 !!!!!!!!!!!!!!!!!!!!!!!!!!!!!!!!!!!!!!!!!!!!!!!!!!!!!!
20220313 003943.351 INFO             PET1 !!! THE ESMF_LOG IS SET TO OUTPUT ALL LOG MESSAGES !!!
20220313 003943.351 INFO             PET1 !!!     THIS MAY CAUSE SLOWDOWN IN PERFORMANCE     !!!
20220313 003943.351 INFO             PET1 !!! FOR PRODUCTION RUNS, USE:                      !!!
20220313 003943.351 INFO             PET1 !!!                   ESMF_LOGKIND_Multi_On_Error  !!!
20220313 003943.351 INFO             PET1 !!!!!!!!!!!!!!!!!!!!!!!!!!!!!!!!!!!!!!!!!!!!!!!!!!!!!!
20220313 003943.351 INFO             PET1 Running with ESMF Version   : v8.3.0b09-96-g559b459836
20220313 003943.351 INFO             PET1 ESMF library build date/time: "Mar 12 2022" "23:46:28"
20220313 003943.351 INFO             PET1 ESMF library build location : /lustre/f2/dev/ncep/Mark.Potts/gfortran_8.3.0_mpi_g_jedwards_pio_update2
20220313 003943.351 INFO             PET1 ESMF_COMM                   : mpi
20220313 003943.352 INFO             PET1 ESMF_MOAB                   : enabled
20220313 003943.352 INFO             PET1 ESMF_LAPACK                 : enabled
20220313 003943.352 INFO             PET1 ESMF_NETCDF                 : enabled
20220313 003943.352 INFO             PET1 ESMF_PNETCDF                : disabled
20220313 003943.352 INFO             PET1 ESMF_PIO                    : enabled
20220313 003943.352 INFO             PET1 ESMF_YAMLCPP                : enabled
20220313 003943.352 INFO             PET1 Beginning Test, file ESMC_FieldSMMFromFileUTest.C, line 41
20220313 003943.352 INFO             PET1 Beginning Test, file ESMC_FieldSMMFromFileUTest.C, line 41NUMBER_OF_PROCESSORS 4
20220313 003943.451 INFO             PET1 PIOc_sync Enter - MemInfo: [/proc/meminfo - SSI]	MemTotal:       65855856 kB
20220313 003943.451 INFO             PET1 PIOc_sync Enter - MemInfo: [/proc/meminfo - SSI]	MemFree:        61272236 kB
20220313 003943.451 INFO             PET1 PIOc_sync Enter - MemInfo: [/proc/meminfo - SSI]	MemAvailable:   61047996 kB
20220313 003943.451 INFO             PET1 PIOc_sync Enter - MemInfo: [/proc/meminfo - SSI]	Committed_AS:    2804652 kB
20220313 003943.451 INFO             PET1 PIOc_sync Enter - MemInfo: [/proc/meminfo - SSI]	CommittedPercent: 4.25877 %
20220313 003943.451 INFO             PET1 PIOc_sync Enter - MemInfo: [/proc/self/status]	VmPeak:	   76636 kB
20220313 003943.451 INFO             PET1 PIOc_sync Enter - MemInfo: [/proc/self/status]	VmSize:	   76168 kB
20220313 003943.451 INFO             PET1 PIOc_sync Enter - MemInfo: [/proc/self/status]	VmLck:	       0 kB
20220313 003943.451 INFO             PET1 PIOc_sync Enter - MemInfo: [/proc/self/status]	VmPin:	       0 kB
20220313 003943.451 INFO             PET1 PIOc_sync Enter - MemInfo: [/proc/self/status]	VmHWM:	   14672 kB
20220313 003943.451 INFO             PET1 PIOc_sync Enter - MemInfo: [/proc/self/status]	VmRSS:	   14672 kB
20220313 003943.451 INFO             PET1 PIOc_sync Enter - MemInfo: [/proc/self/status]	VmData:	    9920 kB
20220313 003943.451 INFO             PET1 PIOc_sync Enter - MemInfo: [/proc/self/status]	VmStk:	     164 kB
20220313 003943.451 INFO             PET1 PIOc_sync Enter - MemInfo: [/proc/self/status]	VmExe:	   40664 kB
20220313 003943.451 INFO             PET1 PIOc_sync Enter - MemInfo: [/proc/self/status]	VmLib:	    1952 kB
20220313 003943.451 INFO             PET1 PIOc_sync Enter - MemInfo: [/proc/self/status]	VmPTE:	     156 kB
20220313 003943.451 INFO             PET1 PIOc_sync Enter - MemInfo: [/proc/self/status]	VmPMD:	      12 kB
20220313 003943.451 INFO             PET1 PIOc_sync Enter - MemInfo: [/proc/self/status]	VmSwap:	       0 kB
20220313 003943.451 INFO             PET1 PIOc_sync Enter - MemInfo: [/proc/self/status]	VmRSSPercent: 0.022279 %
20220313 003943.451 INFO             PET1 PIOc_sync Enter - MemInfo: [malloc] Non-mmapped space allocated:                 1280320 Byte
20220313 003943.451 INFO             PET1 PIOc_sync Enter - MemInfo: [malloc] Space allocated in mmapped regions:          4521984 Byte
20220313 003943.451 INFO             PET1 PIOc_sync Enter - MemInfo: [malloc] Maximum total allocated space:                     0 Byte
20220313 003943.452 INFO             PET1 PIOc_sync Enter - MemInfo: [malloc] Space in freed fastbin blocks:                    48 Byte
20220313 003943.452 INFO             PET1 PIOc_sync Enter - MemInfo: [malloc] Total allocated space:                       1135680 Byte
20220313 003943.452 INFO             PET1 PIOc_sync Enter - MemInfo: [malloc] Total free space:                             144640 Byte
20220313 003943.452 INFO             PET1 PIOc_sync Enter - MemInfo: [malloc] Top-most, releasable space:                   131472 Byte
20220313 003943.452 INFO             PET1 PIOc_sync Enter - MemInfo: [malloc] Total space in use, mmap + non-mmap:         5657664 Byte
20220313 003943.452 INFO             PET1 PIOc_sync Enter - MemInfo: [malloc] Total space held (mmap + non-mmap):          5802304 Byte
20220313 003943.452 INFO             PET1 PIOc_sync Enter - MemInfo: [malloc] Total space used (mmap + non-mmap):          5667136 Byte
20220313 003943.452 INFO             PET1 PIOc_sync Enter - MemInfo: Wall-clock time since execution start:                0.11515 seconds
20220313 003943.487 INFO             PET1 PIOc_sync Exit - MemInfo: [/proc/meminfo - SSI]	MemTotal:       65855856 kB
20220313 003943.487 INFO             PET1 PIOc_sync Exit - MemInfo: [/proc/meminfo - SSI]	MemFree:        61271380 kB
20220313 003943.487 INFO             PET1 PIOc_sync Exit - MemInfo: [/proc/meminfo - SSI]	MemAvailable:   61047140 kB
20220313 003943.487 INFO             PET1 PIOc_sync Exit - MemInfo: [/proc/meminfo - SSI]	Committed_AS:    2804652 kB
20220313 003943.487 INFO             PET1 PIOc_sync Exit - MemInfo: [/proc/meminfo - SSI]	CommittedPercent: 4.25877 %
20220313 003943.487 INFO             PET1 PIOc_sync Exit - MemInfo: [/proc/self/status]	VmPeak:	   76636 kB
20220313 003943.487 INFO             PET1 PIOc_sync Exit - MemInfo: [/proc/self/status]	VmSize:	   76168 kB
20220313 003943.487 INFO             PET1 PIOc_sync Exit - MemInfo: [/proc/self/status]	VmLck:	       0 kB
20220313 003943.487 INFO             PET1 PIOc_sync Exit - MemInfo: [/proc/self/status]	VmPin:	       0 kB
20220313 003943.487 INFO             PET1 PIOc_sync Exit - MemInfo: [/proc/self/status]	VmHWM:	   14672 kB
20220313 003943.487 INFO             PET1 PIOc_sync Exit - MemInfo: [/proc/self/status]	VmRSS:	   14672 kB
20220313 003943.487 INFO             PET1 PIOc_sync Exit - MemInfo: [/proc/self/status]	VmData:	    9920 kB
20220313 003943.488 INFO             PET1 PIOc_sync Exit - MemInfo: [/proc/self/status]	VmStk:	     164 kB
20220313 003943.488 INFO             PET1 PIOc_sync Exit - MemInfo: [/proc/self/status]	VmExe:	   40664 kB
20220313 003943.488 INFO             PET1 PIOc_sync Exit - MemInfo: [/proc/self/status]	VmLib:	    1952 kB
20220313 003943.488 INFO             PET1 PIOc_sync Exit - MemInfo: [/proc/self/status]	VmPTE:	     156 kB
20220313 003943.488 INFO             PET1 PIOc_sync Exit - MemInfo: [/proc/self/status]	VmPMD:	      12 kB
20220313 003943.488 INFO             PET1 PIOc_sync Exit - MemInfo: [/proc/self/status]	VmSwap:	       0 kB
20220313 003943.488 INFO             PET1 PIOc_sync Exit - MemInfo: [/proc/self/status]	VmRSSPercent: 0.022279 %
20220313 003943.488 INFO             PET1 PIOc_sync Exit - MemInfo: [malloc] Non-mmapped space allocated:                 1280320 Byte
20220313 003943.488 INFO             PET1 PIOc_sync Exit - MemInfo: [malloc] Space allocated in mmapped regions:          4521984 Byte
20220313 003943.488 INFO             PET1 PIOc_sync Exit - MemInfo: [malloc] Maximum total allocated space:                     0 Byte
20220313 003943.488 INFO             PET1 PIOc_sync Exit - MemInfo: [malloc] Space in freed fastbin blocks:                     0 Byte
20220313 003943.488 INFO             PET1 PIOc_sync Exit - MemInfo: [malloc] Total allocated space:                       1137360 Byte
20220313 003943.488 INFO             PET1 PIOc_sync Exit - MemInfo: [malloc] Total free space:                             142960 Byte
20220313 003943.488 INFO             PET1 PIOc_sync Exit - MemInfo: [malloc] Top-most, releasable space:                   131248 Byte
20220313 003943.488 INFO             PET1 PIOc_sync Exit - MemInfo: [malloc] Total space in use, mmap + non-mmap:         5659344 Byte
20220313 003943.488 INFO             PET1 PIOc_sync Exit - MemInfo: [malloc] Total space held (mmap + non-mmap):          5802304 Byte
20220313 003943.488 INFO             PET1 PIOc_sync Exit - MemInfo: [malloc] Total space used (mmap + non-mmap):          5668304 Byte
20220313 003943.488 INFO             PET1 PIOc_sync Exit - MemInfo: Wall-clock time since execution start:               0.151001 seconds
20220313 003943.488 INFO             PET1 PIOc_freedecomp Enter - MemInfo: [/proc/meminfo - SSI]	MemTotal:       65855856 kB
20220313 003943.488 INFO             PET1 PIOc_freedecomp Enter - MemInfo: [/proc/meminfo - SSI]	MemFree:        61278436 kB
20220313 003943.488 INFO             PET1 PIOc_freedecomp Enter - MemInfo: [/proc/meminfo - SSI]	MemAvailable:   61054196 kB
20220313 003943.488 INFO             PET1 PIOc_freedecomp Enter - MemInfo: [/proc/meminfo - SSI]	Committed_AS:    2796844 kB
20220313 003943.488 INFO             PET1 PIOc_freedecomp Enter - MemInfo: [/proc/meminfo - SSI]	CommittedPercent: 4.24692 %
20220313 003943.488 INFO             PET1 PIOc_freedecomp Enter - MemInfo: [/proc/self/status]	VmPeak:	   76636 kB
20220313 003943.488 INFO             PET1 PIOc_freedecomp Enter - MemInfo: [/proc/self/status]	VmSize:	   76168 kB
20220313 003943.488 INFO             PET1 PIOc_freedecomp Enter - MemInfo: [/proc/self/status]	VmLck:	       0 kB
20220313 003943.488 INFO             PET1 PIOc_freedecomp Enter - MemInfo: [/proc/self/status]	VmPin:	       0 kB
20220313 003943.488 INFO             PET1 PIOc_freedecomp Enter - MemInfo: [/proc/self/status]	VmHWM:	   14672 kB
20220313 003943.488 INFO             PET1 PIOc_freedecomp Enter - MemInfo: [/proc/self/status]	VmRSS:	   14672 kB
20220313 003943.488 INFO             PET1 PIOc_freedecomp Enter - MemInfo: [/proc/self/status]	VmData:	    9920 kB
20220313 003943.488 INFO             PET1 PIOc_freedecomp Enter - MemInfo: [/proc/self/status]	VmStk:	     164 kB
20220313 003943.488 INFO             PET1 PIOc_freedecomp Enter - MemInfo: [/proc/self/status]	VmExe:	   40664 kB
20220313 003943.488 INFO             PET1 PIOc_freedecomp Enter - MemInfo: [/proc/self/status]	VmLib:	    1952 kB
20220313 003943.488 INFO             PET1 PIOc_freedecomp Enter - MemInfo: [/proc/self/status]	VmPTE:	     156 kB
20220313 003943.488 INFO             PET1 PIOc_freedecomp Enter - MemInfo: [/proc/self/status]	VmPMD:	      12 kB
20220313 003943.488 INFO             PET1 PIOc_freedecomp Enter - MemInfo: [/proc/self/status]	VmSwap:	       0 kB
20220313 003943.488 INFO             PET1 PIOc_freedecomp Enter - MemInfo: [/proc/self/status]	VmRSSPercent: 0.022279 %
20220313 003943.488 INFO             PET1 PIOc_freedecomp Enter - MemInfo: [malloc] Non-mmapped space allocated:                 1280320 Byte
20220313 003943.488 INFO             PET1 PIOc_freedecomp Enter - MemInfo: [malloc] Space allocated in mmapped regions:          4521984 Byte
20220313 003943.488 INFO             PET1 PIOc_freedecomp Enter - MemInfo: [malloc] Maximum total allocated space:                     0 Byte
20220313 003943.488 INFO             PET1 PIOc_freedecomp Enter - MemInfo: [malloc] Space in freed fastbin blocks:                    48 Byte
20220313 003943.488 INFO             PET1 PIOc_freedecomp Enter - MemInfo: [malloc] Total allocated space:                       1138144 Byte
20220313 003943.488 INFO             PET1 PIOc_freedecomp Enter - MemInfo: [malloc] Total free space:                             142176 Byte
20220313 003943.488 INFO             PET1 PIOc_freedecomp Enter - MemInfo: [malloc] Top-most, releasable space:                   131024 Byte
20220313 003943.488 INFO             PET1 PIOc_freedecomp Enter - MemInfo: [malloc] Total space in use, mmap + non-mmap:         5660128 Byte
20220313 003943.488 INFO             PET1 PIOc_freedecomp Enter - MemInfo: [malloc] Total space held (mmap + non-mmap):          5802304 Byte
20220313 003943.489 INFO             PET1 PIOc_freedecomp Enter - MemInfo: [malloc] Total space used (mmap + non-mmap):          5668960 Byte
20220313 003943.489 INFO             PET1 PIOc_freedecomp Enter - MemInfo: Wall-clock time since execution start:               0.151812 seconds
20220313 003943.489 INFO             PET1 PIOc_freedecomp Exit - MemInfo: [/proc/meminfo - SSI]	MemTotal:       65855856 kB
20220313 003943.489 INFO             PET1 PIOc_freedecomp Exit - MemInfo: [/proc/meminfo - SSI]	MemFree:        61278436 kB
20220313 003943.489 INFO             PET1 PIOc_freedecomp Exit - MemInfo: [/proc/meminfo - SSI]	MemAvailable:   61054196 kB
20220313 003943.489 INFO             PET1 PIOc_freedecomp Exit - MemInfo: [/proc/meminfo - SSI]	Committed_AS:    2796844 kB
20220313 003943.489 INFO             PET1 PIOc_freedecomp Exit - MemInfo: [/proc/meminfo - SSI]	CommittedPercent: 4.24692 %
20220313 003943.489 INFO             PET1 PIOc_freedecomp Exit - MemInfo: [/proc/self/status]	VmPeak:	   76636 kB
20220313 003943.489 INFO             PET1 PIOc_freedecomp Exit - MemInfo: [/proc/self/status]	VmSize:	   76168 kB
20220313 003943.489 INFO             PET1 PIOc_freedecomp Exit - MemInfo: [/proc/self/status]	VmLck:	       0 kB
20220313 003943.489 INFO             PET1 PIOc_freedecomp Exit - MemInfo: [/proc/self/status]	VmPin:	       0 kB
20220313 003943.489 INFO             PET1 PIOc_freedecomp Exit - MemInfo: [/proc/self/status]	VmHWM:	   14672 kB
20220313 003943.489 INFO             PET1 PIOc_freedecomp Exit - MemInfo: [/proc/self/status]	VmRSS:	   14672 kB
20220313 003943.489 INFO             PET1 PIOc_freedecomp Exit - MemInfo: [/proc/self/status]	VmData:	    9920 kB
20220313 003943.489 INFO             PET1 PIOc_freedecomp Exit - MemInfo: [/proc/self/status]	VmStk:	     164 kB
20220313 003943.489 INFO             PET1 PIOc_freedecomp Exit - MemInfo: [/proc/self/status]	VmExe:	   40664 kB
20220313 003943.489 INFO             PET1 PIOc_freedecomp Exit - MemInfo: [/proc/self/status]	VmLib:	    1952 kB
20220313 003943.489 INFO             PET1 PIOc_freedecomp Exit - MemInfo: [/proc/self/status]	VmPTE:	     156 kB
20220313 003943.489 INFO             PET1 PIOc_freedecomp Exit - MemInfo: [/proc/self/status]	VmPMD:	      12 kB
20220313 003943.489 INFO             PET1 PIOc_freedecomp Exit - MemInfo: [/proc/self/status]	VmSwap:	       0 kB
20220313 003943.489 INFO             PET1 PIOc_freedecomp Exit - MemInfo: [/proc/self/status]	VmRSSPercent: 0.022279 %
20220313 003943.489 INFO             PET1 PIOc_freedecomp Exit - MemInfo: [malloc] Non-mmapped space allocated:                 1280320 Byte
20220313 003943.489 INFO             PET1 PIOc_freedecomp Exit - MemInfo: [malloc] Space allocated in mmapped regions:          4521984 Byte
20220313 003943.489 INFO             PET1 PIOc_freedecomp Exit - MemInfo: [malloc] Maximum total allocated space:                     0 Byte
20220313 003943.489 INFO             PET1 PIOc_freedecomp Exit - MemInfo: [malloc] Space in freed fastbin blocks:                   384 Byte
20220313 003943.489 INFO             PET1 PIOc_freedecomp Exit - MemInfo: [malloc] Total allocated space:                       1138080 Byte
20220313 003943.489 INFO             PET1 PIOc_freedecomp Exit - MemInfo: [malloc] Total free space:                             142240 Byte
20220313 003943.489 INFO             PET1 PIOc_freedecomp Exit - MemInfo: [malloc] Top-most, releasable space:                   130800 Byte
20220313 003943.489 INFO             PET1 PIOc_freedecomp Exit - MemInfo: [malloc] Total space in use, mmap + non-mmap:         5660064 Byte
20220313 003943.489 INFO             PET1 PIOc_freedecomp Exit - MemInfo: [malloc] Total space held (mmap + non-mmap):          5802304 Byte
20220313 003943.489 INFO             PET1 PIOc_freedecomp Exit - MemInfo: [malloc] Total space used (mmap + non-mmap):          5668608 Byte
20220313 003943.489 INFO             PET1 PIOc_freedecomp Exit - MemInfo: Wall-clock time since execution start:                 0.1522 seconds
20220313 003943.492 INFO             PET1 PIOc_sync Enter - MemInfo: [/proc/meminfo - SSI]	MemTotal:       65855856 kB
20220313 003943.492 INFO             PET1 PIOc_sync Enter - MemInfo: [/proc/meminfo - SSI]	MemFree:        61275412 kB
20220313 003943.492 INFO             PET1 PIOc_sync Enter - MemInfo: [/proc/meminfo - SSI]	MemAvailable:   61051172 kB
20220313 003943.492 INFO             PET1 PIOc_sync Enter - MemInfo: [/proc/meminfo - SSI]	Committed_AS:    2805032 kB
20220313 003943.492 INFO             PET1 PIOc_sync Enter - MemInfo: [/proc/meminfo - SSI]	CommittedPercent: 4.25935 %
20220313 003943.492 INFO             PET1 PIOc_sync Enter - MemInfo: [/proc/self/status]	VmPeak:	   76636 kB
20220313 003943.492 INFO             PET1 PIOc_sync Enter - MemInfo: [/proc/self/status]	VmSize:	   76132 kB
20220313 003943.492 INFO             PET1 PIOc_sync Enter - MemInfo: [/proc/self/status]	VmLck:	       0 kB
20220313 003943.492 INFO             PET1 PIOc_sync Enter - MemInfo: [/proc/self/status]	VmPin:	       0 kB
20220313 003943.492 INFO             PET1 PIOc_sync Enter - MemInfo: [/proc/self/status]	VmHWM:	   14776 kB
20220313 003943.492 INFO             PET1 PIOc_sync Enter - MemInfo: [/proc/self/status]	VmRSS:	   14760 kB
20220313 003943.492 INFO             PET1 PIOc_sync Enter - MemInfo: [/proc/self/status]	VmData:	    9920 kB
20220313 003943.492 INFO             PET1 PIOc_sync Enter - MemInfo: [/proc/self/status]	VmStk:	     164 kB
20220313 003943.492 INFO             PET1 PIOc_sync Enter - MemInfo: [/proc/self/status]	VmExe:	   40664 kB
20220313 003943.492 INFO             PET1 PIOc_sync Enter - MemInfo: [/proc/self/status]	VmLib:	    1952 kB
20220313 003943.492 INFO             PET1 PIOc_sync Enter - MemInfo: [/proc/self/status]	VmPTE:	     160 kB
20220313 003943.492 INFO             PET1 PIOc_sync Enter - MemInfo: [/proc/self/status]	VmPMD:	      12 kB
20220313 003943.492 INFO             PET1 PIOc_sync Enter - MemInfo: [/proc/self/status]	VmSwap:	       0 kB
20220313 003943.492 INFO             PET1 PIOc_sync Enter - MemInfo: [/proc/self/status]	VmRSSPercent: 0.0224126 %
20220313 003943.492 INFO             PET1 PIOc_sync Enter - MemInfo: [malloc] Non-mmapped space allocated:                 1280320 Byte
20220313 003943.492 INFO             PET1 PIOc_sync Enter - MemInfo: [malloc] Space allocated in mmapped regions:          4521984 Byte
20220313 003943.492 INFO             PET1 PIOc_sync Enter - MemInfo: [malloc] Maximum total allocated space:                     0 Byte
20220313 003943.492 INFO             PET1 PIOc_sync Enter - MemInfo: [malloc] Space in freed fastbin blocks:                   320 Byte
20220313 003943.492 INFO             PET1 PIOc_sync Enter - MemInfo: [malloc] Total allocated space:                       1139376 Byte
20220313 003943.492 INFO             PET1 PIOc_sync Enter - MemInfo: [malloc] Total free space:                             140944 Byte
20220313 003943.492 INFO             PET1 PIOc_sync Enter - MemInfo: [malloc] Top-most, releasable space:                   130576 Byte
20220313 003943.492 INFO             PET1 PIOc_sync Enter - MemInfo: [malloc] Total space in use, mmap + non-mmap:         5661360 Byte
20220313 003943.492 INFO             PET1 PIOc_sync Enter - MemInfo: [malloc] Total space held (mmap + non-mmap):          5802304 Byte
20220313 003943.492 INFO             PET1 PIOc_sync Enter - MemInfo: [malloc] Total space used (mmap + non-mmap):          5669680 Byte
20220313 003943.492 INFO             PET1 PIOc_sync Enter - MemInfo: Wall-clock time since execution start:                0.15557 seconds
20220313 003943.492 INFO             PET1 PIOc_sync Exit - MemInfo: [/proc/meminfo - SSI]	MemTotal:       65855856 kB
20220313 003943.492 INFO             PET1 PIOc_sync Exit - MemInfo: [/proc/meminfo - SSI]	MemFree:        61275412 kB
20220313 003943.492 INFO             PET1 PIOc_sync Exit - MemInfo: [/proc/meminfo - SSI]	MemAvailable:   61051172 kB
20220313 003943.492 INFO             PET1 PIOc_sync Exit - MemInfo: [/proc/meminfo - SSI]	Committed_AS:    2805032 kB
20220313 003943.492 INFO             PET1 PIOc_sync Exit - MemInfo: [/proc/meminfo - SSI]	CommittedPercent: 4.25935 %
20220313 003943.493 INFO             PET1 PIOc_sync Exit - MemInfo: [/proc/self/status]	VmPeak:	   76636 kB
20220313 003943.493 INFO             PET1 PIOc_sync Exit - MemInfo: [/proc/self/status]	VmSize:	   76132 kB
20220313 003943.493 INFO             PET1 PIOc_sync Exit - MemInfo: [/proc/self/status]	VmLck:	       0 kB
20220313 003943.493 INFO             PET1 PIOc_sync Exit - MemInfo: [/proc/self/status]	VmPin:	       0 kB
20220313 003943.493 INFO             PET1 PIOc_sync Exit - MemInfo: [/proc/self/status]	VmHWM:	   14776 kB
20220313 003943.493 INFO             PET1 PIOc_sync Exit - MemInfo: [/proc/self/status]	VmRSS:	   14760 kB
20220313 003943.493 INFO             PET1 PIOc_sync Exit - MemInfo: [/proc/self/status]	VmData:	    9920 kB
20220313 003943.493 INFO             PET1 PIOc_sync Exit - MemInfo: [/proc/self/status]	VmStk:	     164 kB
20220313 003943.493 INFO             PET1 PIOc_sync Exit - MemInfo: [/proc/self/status]	VmExe:	   40664 kB
20220313 003943.493 INFO             PET1 PIOc_sync Exit - MemInfo: [/proc/self/status]	VmLib:	    1952 kB
20220313 003943.493 INFO             PET1 PIOc_sync Exit - MemInfo: [/proc/self/status]	VmPTE:	     160 kB
20220313 003943.493 INFO             PET1 PIOc_sync Exit - MemInfo: [/proc/self/status]	VmPMD:	      12 kB
20220313 003943.493 INFO             PET1 PIOc_sync Exit - MemInfo: [/proc/self/status]	VmSwap:	       0 kB
20220313 003943.493 INFO             PET1 PIOc_sync Exit - MemInfo: [/proc/self/status]	VmRSSPercent: 0.0224126 %
20220313 003943.493 INFO             PET1 PIOc_sync Exit - MemInfo: [malloc] Non-mmapped space allocated:                 1280320 Byte
20220313 003943.493 INFO             PET1 PIOc_sync Exit - MemInfo: [malloc] Space allocated in mmapped regions:          4521984 Byte
20220313 003943.493 INFO             PET1 PIOc_sync Exit - MemInfo: [malloc] Maximum total allocated space:                     0 Byte
20220313 003943.493 INFO             PET1 PIOc_sync Exit - MemInfo: [malloc] Space in freed fastbin blocks:                     0 Byte
20220313 003943.493 INFO             PET1 PIOc_sync Exit - MemInfo: [malloc] Total allocated space:                       1139488 Byte
20220313 003943.493 INFO             PET1 PIOc_sync Exit - MemInfo: [malloc] Total free space:                             140832 Byte
20220313 003943.493 INFO             PET1 PIOc_sync Exit - MemInfo: [malloc] Top-most, releasable space:                   130352 Byte
20220313 003943.493 INFO             PET1 PIOc_sync Exit - MemInfo: [malloc] Total space in use, mmap + non-mmap:         5661472 Byte
20220313 003943.493 INFO             PET1 PIOc_sync Exit - MemInfo: [malloc] Total space held (mmap + non-mmap):          5802304 Byte
20220313 003943.493 INFO             PET1 PIOc_sync Exit - MemInfo: [malloc] Total space used (mmap + non-mmap):          5669680 Byte
20220313 003943.493 INFO             PET1 PIOc_sync Exit - MemInfo: Wall-clock time since execution start:               0.156041 seconds
20220313 003943.493 INFO             PET1 PIOc_freedecomp Enter - MemInfo: [/proc/meminfo - SSI]	MemTotal:       65855856 kB
20220313 003943.493 INFO             PET1 PIOc_freedecomp Enter - MemInfo: [/proc/meminfo - SSI]	MemFree:        61275412 kB
20220313 003943.493 INFO             PET1 PIOc_freedecomp Enter - MemInfo: [/proc/meminfo - SSI]	MemAvailable:   61051172 kB
20220313 003943.493 INFO             PET1 PIOc_freedecomp Enter - MemInfo: [/proc/meminfo - SSI]	Committed_AS:    2805032 kB
20220313 003943.493 INFO             PET1 PIOc_freedecomp Enter - MemInfo: [/proc/meminfo - SSI]	CommittedPercent: 4.25935 %
20220313 003943.493 INFO             PET1 PIOc_freedecomp Enter - MemInfo: [/proc/self/status]	VmPeak:	   76636 kB
20220313 003943.493 INFO             PET1 PIOc_freedecomp Enter - MemInfo: [/proc/self/status]	VmSize:	   76132 kB
20220313 003943.493 INFO             PET1 PIOc_freedecomp Enter - MemInfo: [/proc/self/status]	VmLck:	       0 kB
20220313 003943.493 INFO             PET1 PIOc_freedecomp Enter - MemInfo: [/proc/self/status]	VmPin:	       0 kB
20220313 003943.493 INFO             PET1 PIOc_freedecomp Enter - MemInfo: [/proc/self/status]	VmHWM:	   14776 kB
20220313 003943.493 INFO             PET1 PIOc_freedecomp Enter - MemInfo: [/proc/self/status]	VmRSS:	   14760 kB
20220313 003943.493 INFO             PET1 PIOc_freedecomp Enter - MemInfo: [/proc/self/status]	VmData:	    9920 kB
20220313 003943.493 INFO             PET1 PIOc_freedecomp Enter - MemInfo: [/proc/self/status]	VmStk:	     164 kB
20220313 003943.493 INFO             PET1 PIOc_freedecomp Enter - MemInfo: [/proc/self/status]	VmExe:	   40664 kB
20220313 003943.493 INFO             PET1 PIOc_freedecomp Enter - MemInfo: [/proc/self/status]	VmLib:	    1952 kB
20220313 003943.493 INFO             PET1 PIOc_freedecomp Enter - MemInfo: [/proc/self/status]	VmPTE:	     160 kB
20220313 003943.493 INFO             PET1 PIOc_freedecomp Enter - MemInfo: [/proc/self/status]	VmPMD:	      12 kB
20220313 003943.493 INFO             PET1 PIOc_freedecomp Enter - MemInfo: [/proc/self/status]	VmSwap:	       0 kB
20220313 003943.493 INFO             PET1 PIOc_freedecomp Enter - MemInfo: [/proc/self/status]	VmRSSPercent: 0.0224126 %
20220313 003943.493 INFO             PET1 PIOc_freedecomp Enter - MemInfo: [malloc] Non-mmapped space allocated:                 1280320 Byte
20220313 003943.493 INFO             PET1 PIOc_freedecomp Enter - MemInfo: [malloc] Space allocated in mmapped regions:          4521984 Byte
20220313 003943.493 INFO             PET1 PIOc_freedecomp Enter - MemInfo: [malloc] Maximum total allocated space:                     0 Byte
20220313 003943.493 INFO             PET1 PIOc_freedecomp Enter - MemInfo: [malloc] Space in freed fastbin blocks:                    80 Byte
20220313 003943.493 INFO             PET1 PIOc_freedecomp Enter - MemInfo: [malloc] Total allocated space:                       1139264 Byte
20220313 003943.493 INFO             PET1 PIOc_freedecomp Enter - MemInfo: [malloc] Total free space:                             141056 Byte
20220313 003943.493 INFO             PET1 PIOc_freedecomp Enter - MemInfo: [malloc] Top-most, releasable space:                   130128 Byte
20220313 003943.493 INFO             PET1 PIOc_freedecomp Enter - MemInfo: [malloc] Total space in use, mmap + non-mmap:         5661248 Byte
20220313 003943.493 INFO             PET1 PIOc_freedecomp Enter - MemInfo: [malloc] Total space held (mmap + non-mmap):          5802304 Byte
20220313 003943.493 INFO             PET1 PIOc_freedecomp Enter - MemInfo: [malloc] Total space used (mmap + non-mmap):          5669568 Byte
20220313 003943.493 INFO             PET1 PIOc_freedecomp Enter - MemInfo: Wall-clock time since execution start:                 0.1566 seconds
20220313 003943.493 INFO             PET1 PIOc_freedecomp Exit - MemInfo: [/proc/meminfo - SSI]	MemTotal:       65855856 kB
20220313 003943.493 INFO             PET1 PIOc_freedecomp Exit - MemInfo: [/proc/meminfo - SSI]	MemFree:        61275412 kB
20220313 003943.493 INFO             PET1 PIOc_freedecomp Exit - MemInfo: [/proc/meminfo - SSI]	MemAvailable:   61051172 kB
20220313 003943.493 INFO             PET1 PIOc_freedecomp Exit - MemInfo: [/proc/meminfo - SSI]	Committed_AS:    2805032 kB
20220313 003943.493 INFO             PET1 PIOc_freedecomp Exit - MemInfo: [/proc/meminfo - SSI]	CommittedPercent: 4.25935 %
20220313 003943.493 INFO             PET1 PIOc_freedecomp Exit - MemInfo: [/proc/self/status]	VmPeak:	   76636 kB
20220313 003943.493 INFO             PET1 PIOc_freedecomp Exit - MemInfo: [/proc/self/status]	VmSize:	   76132 kB
20220313 003943.493 INFO             PET1 PIOc_freedecomp Exit - MemInfo: [/proc/self/status]	VmLck:	       0 kB
20220313 003943.493 INFO             PET1 PIOc_freedecomp Exit - MemInfo: [/proc/self/status]	VmPin:	       0 kB
20220313 003943.493 INFO             PET1 PIOc_freedecomp Exit - MemInfo: [/proc/self/status]	VmHWM:	   14776 kB
20220313 003943.494 INFO             PET1 PIOc_freedecomp Exit - MemInfo: [/proc/self/status]	VmRSS:	   14760 kB
20220313 003943.494 INFO             PET1 PIOc_freedecomp Exit - MemInfo: [/proc/self/status]	VmData:	    9920 kB
20220313 003943.494 INFO             PET1 PIOc_freedecomp Exit - MemInfo: [/proc/self/status]	VmStk:	     164 kB
20220313 003943.494 INFO             PET1 PIOc_freedecomp Exit - MemInfo: [/proc/self/status]	VmExe:	   40664 kB
20220313 003943.494 INFO             PET1 PIOc_freedecomp Exit - MemInfo: [/proc/self/status]	VmLib:	    1952 kB
20220313 003943.494 INFO             PET1 PIOc_freedecomp Exit - MemInfo: [/proc/self/status]	VmPTE:	     160 kB
20220313 003943.494 INFO             PET1 PIOc_freedecomp Exit - MemInfo: [/proc/self/status]	VmPMD:	      12 kB
20220313 003943.494 INFO             PET1 PIOc_freedecomp Exit - MemInfo: [/proc/self/status]	VmSwap:	       0 kB
20220313 003943.494 INFO             PET1 PIOc_freedecomp Exit - MemInfo: [/proc/self/status]	VmRSSPercent: 0.0224126 %
20220313 003943.494 INFO             PET1 PIOc_freedecomp Exit - MemInfo: [malloc] Non-mmapped space allocated:                 1280320 Byte
20220313 003943.494 INFO             PET1 PIOc_freedecomp Exit - MemInfo: [malloc] Space allocated in mmapped regions:          4521984 Byte
20220313 003943.494 INFO             PET1 PIOc_freedecomp Exit - MemInfo: [malloc] Maximum total allocated space:                     0 Byte
20220313 003943.494 INFO             PET1 PIOc_freedecomp Exit - MemInfo: [malloc] Space in freed fastbin blocks:                   496 Byte
20220313 003943.494 INFO             PET1 PIOc_freedecomp Exit - MemInfo: [malloc] Total allocated space:                       1138048 Byte
20220313 003943.494 INFO             PET1 PIOc_freedecomp Exit - MemInfo: [malloc] Total free space:                             142272 Byte
20220313 003943.494 INFO             PET1 PIOc_freedecomp Exit - MemInfo: [malloc] Top-most, releasable space:                   129904 Byte
20220313 003943.494 INFO             PET1 PIOc_freedecomp Exit - MemInfo: [malloc] Total space in use, mmap + non-mmap:         5660032 Byte
20220313 003943.494 INFO             PET1 PIOc_freedecomp Exit - MemInfo: [malloc] Total space held (mmap + non-mmap):          5802304 Byte
20220313 003943.494 INFO             PET1 PIOc_freedecomp Exit - MemInfo: [malloc] Total space used (mmap + non-mmap):          5668240 Byte
20220313 003943.494 INFO             PET1 PIOc_freedecomp Exit - MemInfo: Wall-clock time since execution start:               0.157012 seconds
20220313 003943.495 INFO             PET1 PIOc_sync Enter - MemInfo: [/proc/meminfo - SSI]	MemTotal:       65855856 kB
20220313 003943.495 INFO             PET1 PIOc_sync Enter - MemInfo: [/proc/meminfo - SSI]	MemFree:        61274908 kB
20220313 003943.495 INFO             PET1 PIOc_sync Enter - MemInfo: [/proc/meminfo - SSI]	MemAvailable:   61050668 kB
20220313 003943.495 INFO             PET1 PIOc_sync Enter - MemInfo: [/proc/meminfo - SSI]	Committed_AS:    2805032 kB
20220313 003943.495 INFO             PET1 PIOc_sync Enter - MemInfo: [/proc/meminfo - SSI]	CommittedPercent: 4.25935 %
20220313 003943.495 INFO             PET1 PIOc_sync Enter - MemInfo: [/proc/self/status]	VmPeak:	   76636 kB
20220313 003943.495 INFO             PET1 PIOc_sync Enter - MemInfo: [/proc/self/status]	VmSize:	   76132 kB
20220313 003943.495 INFO             PET1 PIOc_sync Enter - MemInfo: [/proc/self/status]	VmLck:	       0 kB
20220313 003943.495 INFO             PET1 PIOc_sync Enter - MemInfo: [/proc/self/status]	VmPin:	       0 kB
20220313 003943.495 INFO             PET1 PIOc_sync Enter - MemInfo: [/proc/self/status]	VmHWM:	   14776 kB
20220313 003943.495 INFO             PET1 PIOc_sync Enter - MemInfo: [/proc/self/status]	VmRSS:	   14760 kB
20220313 003943.495 INFO             PET1 PIOc_sync Enter - MemInfo: [/proc/self/status]	VmData:	    9920 kB
20220313 003943.495 INFO             PET1 PIOc_sync Enter - MemInfo: [/proc/self/status]	VmStk:	     164 kB
20220313 003943.495 INFO             PET1 PIOc_sync Enter - MemInfo: [/proc/self/status]	VmExe:	   40664 kB
20220313 003943.496 INFO             PET1 PIOc_sync Enter - MemInfo: [/proc/self/status]	VmLib:	    1952 kB
20220313 003943.496 INFO             PET1 PIOc_sync Enter - MemInfo: [/proc/self/status]	VmPTE:	     160 kB
20220313 003943.496 INFO             PET1 PIOc_sync Enter - MemInfo: [/proc/self/status]	VmPMD:	      12 kB
20220313 003943.496 INFO             PET1 PIOc_sync Enter - MemInfo: [/proc/self/status]	VmSwap:	       0 kB
20220313 003943.496 INFO             PET1 PIOc_sync Enter - MemInfo: [/proc/self/status]	VmRSSPercent: 0.0224126 %
20220313 003943.496 INFO             PET1 PIOc_sync Enter - MemInfo: [malloc] Non-mmapped space allocated:                 1280320 Byte
20220313 003943.496 INFO             PET1 PIOc_sync Enter - MemInfo: [malloc] Space allocated in mmapped regions:          4521984 Byte
20220313 003943.496 INFO             PET1 PIOc_sync Enter - MemInfo: [malloc] Maximum total allocated space:                     0 Byte
20220313 003943.496 INFO             PET1 PIOc_sync Enter - MemInfo: [malloc] Space in freed fastbin blocks:                   160 Byte
20220313 003943.496 INFO             PET1 PIOc_sync Enter - MemInfo: [malloc] Total allocated space:                       1140064 Byte
20220313 003943.496 INFO             PET1 PIOc_sync Enter - MemInfo: [malloc] Total free space:                             140256 Byte
20220313 003943.496 INFO             PET1 PIOc_sync Enter - MemInfo: [malloc] Top-most, releasable space:                   129680 Byte
20220313 003943.496 INFO             PET1 PIOc_sync Enter - MemInfo: [malloc] Total space in use, mmap + non-mmap:         5662048 Byte
20220313 003943.496 INFO             PET1 PIOc_sync Enter - MemInfo: [malloc] Total space held (mmap + non-mmap):          5802304 Byte
20220313 003943.496 INFO             PET1 PIOc_sync Enter - MemInfo: [malloc] Total space used (mmap + non-mmap):          5670256 Byte
20220313 003943.496 INFO             PET1 PIOc_sync Enter - MemInfo: Wall-clock time since execution start:               0.158962 seconds
20220313 003943.970 INFO             PET1 PIOc_sync Exit - MemInfo: [/proc/meminfo - SSI]	MemTotal:       65855856 kB
20220313 003943.970 INFO             PET1 PIOc_sync Exit - MemInfo: [/proc/meminfo - SSI]	MemFree:        61272076 kB
20220313 003943.971 INFO             PET1 PIOc_sync Exit - MemInfo: [/proc/meminfo - SSI]	MemAvailable:   61047752 kB
20220313 003943.971 INFO             PET1 PIOc_sync Exit - MemInfo: [/proc/meminfo - SSI]	Committed_AS:    2805032 kB
20220313 003943.971 INFO             PET1 PIOc_sync Exit - MemInfo: [/proc/meminfo - SSI]	CommittedPercent: 4.25935 %
20220313 003943.971 INFO             PET1 PIOc_sync Exit - MemInfo: [/proc/self/status]	VmPeak:	   76636 kB
20220313 003943.971 INFO             PET1 PIOc_sync Exit - MemInfo: [/proc/self/status]	VmSize:	   76132 kB
20220313 003943.971 INFO             PET1 PIOc_sync Exit - MemInfo: [/proc/self/status]	VmLck:	       0 kB
20220313 003943.971 INFO             PET1 PIOc_sync Exit - MemInfo: [/proc/self/status]	VmPin:	       0 kB
20220313 003943.971 INFO             PET1 PIOc_sync Exit - MemInfo: [/proc/self/status]	VmHWM:	   14776 kB
20220313 003943.971 INFO             PET1 PIOc_sync Exit - MemInfo: [/proc/self/status]	VmRSS:	   14760 kB
20220313 003943.971 INFO             PET1 PIOc_sync Exit - MemInfo: [/proc/self/status]	VmData:	    9920 kB
20220313 003943.971 INFO             PET1 PIOc_sync Exit - MemInfo: [/proc/self/status]	VmStk:	     164 kB
20220313 003943.971 INFO             PET1 PIOc_sync Exit - MemInfo: [/proc/self/status]	VmExe:	   40664 kB
20220313 003943.971 INFO             PET1 PIOc_sync Exit - MemInfo: [/proc/self/status]	VmLib:	    1952 kB
20220313 003943.971 INFO             PET1 PIOc_sync Exit - MemInfo: [/proc/self/status]	VmPTE:	     160 kB
20220313 003943.971 INFO             PET1 PIOc_sync Exit - MemInfo: [/proc/self/status]	VmPMD:	      12 kB
20220313 003943.971 INFO             PET1 PIOc_sync Exit - MemInfo: [/proc/self/status]	VmSwap:	       0 kB
20220313 003943.971 INFO             PET1 PIOc_sync Exit - MemInfo: [/proc/self/status]	VmRSSPercent: 0.0224126 %
20220313 003943.971 INFO             PET1 PIOc_sync Exit - MemInfo: [malloc] Non-mmapped space allocated:                 1280320 Byte
20220313 003943.971 INFO             PET1 PIOc_sync Exit - MemInfo: [malloc] Space allocated in mmapped regions:          4521984 Byte
20220313 003943.971 INFO             PET1 PIOc_sync Exit - MemInfo: [malloc] Maximum total allocated space:                     0 Byte
20220313 003943.971 INFO             PET1 PIOc_sync Exit - MemInfo: [malloc] Space in freed fastbin blocks:                     0 Byte
20220313 003943.971 INFO             PET1 PIOc_sync Exit - MemInfo: [malloc] Total allocated space:                       1140064 Byte
20220313 003943.971 INFO             PET1 PIOc_sync Exit - MemInfo: [malloc] Total free space:                             140256 Byte
20220313 003943.971 INFO             PET1 PIOc_sync Exit - MemInfo: [malloc] Top-most, releasable space:                   129456 Byte
20220313 003943.971 INFO             PET1 PIOc_sync Exit - MemInfo: [malloc] Total space in use, mmap + non-mmap:         5662048 Byte
20220313 003943.971 INFO             PET1 PIOc_sync Exit - MemInfo: [malloc] Total space held (mmap + non-mmap):          5802304 Byte
20220313 003943.971 INFO             PET1 PIOc_sync Exit - MemInfo: [malloc] Total space used (mmap + non-mmap):          5670256 Byte
20220313 003943.971 INFO             PET1 PIOc_sync Exit - MemInfo: Wall-clock time since execution start:               0.634192 seconds
20220313 003943.971 INFO             PET1 PIOc_freedecomp Enter - MemInfo: [/proc/meminfo - SSI]	MemTotal:       65855856 kB
20220313 003943.971 INFO             PET1 PIOc_freedecomp Enter - MemInfo: [/proc/meminfo - SSI]	MemFree:        61272076 kB
20220313 003943.971 INFO             PET1 PIOc_freedecomp Enter - MemInfo: [/proc/meminfo - SSI]	MemAvailable:   61047752 kB
20220313 003943.971 INFO             PET1 PIOc_freedecomp Enter - MemInfo: [/proc/meminfo - SSI]	Committed_AS:    2805032 kB
20220313 003943.971 INFO             PET1 PIOc_freedecomp Enter - MemInfo: [/proc/meminfo - SSI]	CommittedPercent: 4.25935 %
20220313 003943.971 INFO             PET1 PIOc_freedecomp Enter - MemInfo: [/proc/self/status]	VmPeak:	   76636 kB
20220313 003943.971 INFO             PET1 PIOc_freedecomp Enter - MemInfo: [/proc/self/status]	VmSize:	   76132 kB
20220313 003943.971 INFO             PET1 PIOc_freedecomp Enter - MemInfo: [/proc/self/status]	VmLck:	       0 kB
20220313 003943.971 INFO             PET1 PIOc_freedecomp Enter - MemInfo: [/proc/self/status]	VmPin:	       0 kB
20220313 003943.971 INFO             PET1 PIOc_freedecomp Enter - MemInfo: [/proc/self/status]	VmHWM:	   14776 kB
20220313 003943.971 INFO             PET1 PIOc_freedecomp Enter - MemInfo: [/proc/self/status]	VmRSS:	   14760 kB
20220313 003943.971 INFO             PET1 PIOc_freedecomp Enter - MemInfo: [/proc/self/status]	VmData:	    9920 kB
20220313 003943.971 INFO             PET1 PIOc_freedecomp Enter - MemInfo: [/proc/self/status]	VmStk:	     164 kB
20220313 003943.971 INFO             PET1 PIOc_freedecomp Enter - MemInfo: [/proc/self/status]	VmExe:	   40664 kB
20220313 003943.971 INFO             PET1 PIOc_freedecomp Enter - MemInfo: [/proc/self/status]	VmLib:	    1952 kB
20220313 003943.971 INFO             PET1 PIOc_freedecomp Enter - MemInfo: [/proc/self/status]	VmPTE:	     160 kB
20220313 003943.971 INFO             PET1 PIOc_freedecomp Enter - MemInfo: [/proc/self/status]	VmPMD:	      12 kB
20220313 003943.971 INFO             PET1 PIOc_freedecomp Enter - MemInfo: [/proc/self/status]	VmSwap:	       0 kB
20220313 003943.972 INFO             PET1 PIOc_freedecomp Enter - MemInfo: [/proc/self/status]	VmRSSPercent: 0.0224126 %
20220313 003943.972 INFO             PET1 PIOc_freedecomp Enter - MemInfo: [malloc] Non-mmapped space allocated:                 1280320 Byte
20220313 003943.972 INFO             PET1 PIOc_freedecomp Enter - MemInfo: [malloc] Space allocated in mmapped regions:          4521984 Byte
20220313 003943.972 INFO             PET1 PIOc_freedecomp Enter - MemInfo: [malloc] Maximum total allocated space:                     0 Byte
20220313 003943.972 INFO             PET1 PIOc_freedecomp Enter - MemInfo: [malloc] Space in freed fastbin blocks:                    80 Byte
20220313 003943.972 INFO             PET1 PIOc_freedecomp Enter - MemInfo: [malloc] Total allocated space:                       1139408 Byte
20220313 003943.972 INFO             PET1 PIOc_freedecomp Enter - MemInfo: [malloc] Total free space:                             140912 Byte
20220313 003943.972 INFO             PET1 PIOc_freedecomp Enter - MemInfo: [malloc] Top-most, releasable space:                   129232 Byte
20220313 003943.972 INFO             PET1 PIOc_freedecomp Enter - MemInfo: [malloc] Total space in use, mmap + non-mmap:         5661392 Byte
20220313 003943.972 INFO             PET1 PIOc_freedecomp Enter - MemInfo: [malloc] Total space held (mmap + non-mmap):          5802304 Byte
20220313 003943.972 INFO             PET1 PIOc_freedecomp Enter - MemInfo: [malloc] Total space used (mmap + non-mmap):          5669600 Byte
20220313 003943.972 INFO             PET1 PIOc_freedecomp Enter - MemInfo: Wall-clock time since execution start:               0.634935 seconds
20220313 003943.972 INFO             PET1 PIOc_freedecomp Exit - MemInfo: [/proc/meminfo - SSI]	MemTotal:       65855856 kB
20220313 003943.972 INFO             PET1 PIOc_freedecomp Exit - MemInfo: [/proc/meminfo - SSI]	MemFree:        61272076 kB
20220313 003943.972 INFO             PET1 PIOc_freedecomp Exit - MemInfo: [/proc/meminfo - SSI]	MemAvailable:   61047752 kB
20220313 003943.972 INFO             PET1 PIOc_freedecomp Exit - MemInfo: [/proc/meminfo - SSI]	Committed_AS:    2805032 kB
20220313 003943.972 INFO             PET1 PIOc_freedecomp Exit - MemInfo: [/proc/meminfo - SSI]	CommittedPercent: 4.25935 %
20220313 003943.972 INFO             PET1 PIOc_freedecomp Exit - MemInfo: [/proc/self/status]	VmPeak:	   76636 kB
20220313 003943.972 INFO             PET1 PIOc_freedecomp Exit - MemInfo: [/proc/self/status]	VmSize:	   76132 kB
20220313 003943.972 INFO             PET1 PIOc_freedecomp Exit - MemInfo: [/proc/self/status]	VmLck:	       0 kB
20220313 003943.972 INFO             PET1 PIOc_freedecomp Exit - MemInfo: [/proc/self/status]	VmPin:	       0 kB
20220313 003943.972 INFO             PET1 PIOc_freedecomp Exit - MemInfo: [/proc/self/status]	VmHWM:	   14776 kB
20220313 003943.972 INFO             PET1 PIOc_freedecomp Exit - MemInfo: [/proc/self/status]	VmRSS:	   14760 kB
20220313 003943.972 INFO             PET1 PIOc_freedecomp Exit - MemInfo: [/proc/self/status]	VmData:	    9920 kB
20220313 003943.972 INFO             PET1 PIOc_freedecomp Exit - MemInfo: [/proc/self/status]	VmStk:	     164 kB
20220313 003943.972 INFO             PET1 PIOc_freedecomp Exit - MemInfo: [/proc/self/status]	VmExe:	   40664 kB
20220313 003943.972 INFO             PET1 PIOc_freedecomp Exit - MemInfo: [/proc/self/status]	VmLib:	    1952 kB
20220313 003943.972 INFO             PET1 PIOc_freedecomp Exit - MemInfo: [/proc/self/status]	VmPTE:	     160 kB
20220313 003943.972 INFO             PET1 PIOc_freedecomp Exit - MemInfo: [/proc/self/status]	VmPMD:	      12 kB
20220313 003943.972 INFO             PET1 PIOc_freedecomp Exit - MemInfo: [/proc/self/status]	VmSwap:	       0 kB
20220313 003943.972 INFO             PET1 PIOc_freedecomp Exit - MemInfo: [/proc/self/status]	VmRSSPercent: 0.0224126 %
20220313 003943.972 INFO             PET1 PIOc_freedecomp Exit - MemInfo: [malloc] Non-mmapped space allocated:                 1280320 Byte
20220313 003943.972 INFO             PET1 PIOc_freedecomp Exit - MemInfo: [malloc] Space allocated in mmapped regions:          4521984 Byte
20220313 003943.972 INFO             PET1 PIOc_freedecomp Exit - MemInfo: [malloc] Maximum total allocated space:                     0 Byte
20220313 003943.972 INFO             PET1 PIOc_freedecomp Exit - MemInfo: [malloc] Space in freed fastbin blocks:                   528 Byte
20220313 003943.972 INFO             PET1 PIOc_freedecomp Exit - MemInfo: [malloc] Total allocated space:                       1138048 Byte
20220313 003943.972 INFO             PET1 PIOc_freedecomp Exit - MemInfo: [malloc] Total free space:                             142272 Byte
20220313 003943.972 INFO             PET1 PIOc_freedecomp Exit - MemInfo: [malloc] Top-most, releasable space:                   129008 Byte
20220313 003943.972 INFO             PET1 PIOc_freedecomp Exit - MemInfo: [malloc] Total space in use, mmap + non-mmap:         5660032 Byte
20220313 003943.972 INFO             PET1 PIOc_freedecomp Exit - MemInfo: [malloc] Total space held (mmap + non-mmap):          5802304 Byte
20220313 003943.972 INFO             PET1 PIOc_freedecomp Exit - MemInfo: [malloc] Total space used (mmap + non-mmap):          5668240 Byte
20220313 003943.972 INFO             PET1 PIOc_freedecomp Exit - MemInfo: Wall-clock time since execution start:               0.635347 seconds
20220313 003943.972 INFO             PET1 PASS ESMC_FieldRegridStoreFile test, ESMC_FieldSMMFromFileUTest.C, line 199
20220313 003943.980 INFO             PET1 PASS ESMC_FieldSMMStore from File test, ESMC_FieldSMMFromFileUTest.C, line 229
20220313 003943.980 INFO             PET1 PASS ESMC_FieldSMMStore From File validation, ESMC_FieldSMMFromFileUTest.C, line 257
20220313 003943.980 INFO             PET1 PASS ESMC_FieldRegridRelease, ESMC_FieldSMMFromFileUTest.C, line 271
20220313 003943.980 INFO             PET1 Ending Test, file ESMC_FieldSMMFromFileUTest.C, line 289
20220313 003943.980 INFO             PET1 Finalizing ESMF
20220313 003943.350 INFO             PET2 !!!!!!!!!!!!!!!!!!!!!!!!!!!!!!!!!!!!!!!!!!!!!!!!!!!!!!
20220313 003943.350 INFO             PET2 !!! THE ESMF_LOG IS SET TO OUTPUT ALL LOG MESSAGES !!!
20220313 003943.350 INFO             PET2 !!!     THIS MAY CAUSE SLOWDOWN IN PERFORMANCE     !!!
20220313 003943.350 INFO             PET2 !!! FOR PRODUCTION RUNS, USE:                      !!!
20220313 003943.350 INFO             PET2 !!!                   ESMF_LOGKIND_Multi_On_Error  !!!
20220313 003943.350 INFO             PET2 !!!!!!!!!!!!!!!!!!!!!!!!!!!!!!!!!!!!!!!!!!!!!!!!!!!!!!
20220313 003943.350 INFO             PET2 Running with ESMF Version   : v8.3.0b09-96-g559b459836
20220313 003943.350 INFO             PET2 ESMF library build date/time: "Mar 12 2022" "23:46:28"
20220313 003943.350 INFO             PET2 ESMF library build location : /lustre/f2/dev/ncep/Mark.Potts/gfortran_8.3.0_mpi_g_jedwards_pio_update2
20220313 003943.350 INFO             PET2 ESMF_COMM                   : mpi
20220313 003943.351 INFO             PET2 ESMF_MOAB                   : enabled
20220313 003943.351 INFO             PET2 ESMF_LAPACK                 : enabled
20220313 003943.351 INFO             PET2 ESMF_NETCDF                 : enabled
20220313 003943.351 INFO             PET2 ESMF_PNETCDF                : disabled
20220313 003943.351 INFO             PET2 ESMF_PIO                    : enabled
20220313 003943.351 INFO             PET2 ESMF_YAMLCPP                : enabled
20220313 003943.351 INFO             PET2 Beginning Test, file ESMC_FieldSMMFromFileUTest.C, line 41
20220313 003943.351 INFO             PET2 Beginning Test, file ESMC_FieldSMMFromFileUTest.C, line 41NUMBER_OF_PROCESSORS 4
20220313 003943.451 INFO             PET2 PIOc_sync Enter - MemInfo: [/proc/meminfo - SSI]	MemTotal:       65855856 kB
20220313 003943.451 INFO             PET2 PIOc_sync Enter - MemInfo: [/proc/meminfo - SSI]	MemFree:        61272236 kB
20220313 003943.451 INFO             PET2 PIOc_sync Enter - MemInfo: [/proc/meminfo - SSI]	MemAvailable:   61047996 kB
20220313 003943.451 INFO             PET2 PIOc_sync Enter - MemInfo: [/proc/meminfo - SSI]	Committed_AS:    2804652 kB
20220313 003943.451 INFO             PET2 PIOc_sync Enter - MemInfo: [/proc/meminfo - SSI]	CommittedPercent: 4.25877 %
20220313 003943.451 INFO             PET2 PIOc_sync Enter - MemInfo: [/proc/self/status]	VmPeak:	   76636 kB
20220313 003943.451 INFO             PET2 PIOc_sync Enter - MemInfo: [/proc/self/status]	VmSize:	   76168 kB
20220313 003943.451 INFO             PET2 PIOc_sync Enter - MemInfo: [/proc/self/status]	VmLck:	       0 kB
20220313 003943.451 INFO             PET2 PIOc_sync Enter - MemInfo: [/proc/self/status]	VmPin:	       0 kB
20220313 003943.451 INFO             PET2 PIOc_sync Enter - MemInfo: [/proc/self/status]	VmHWM:	   14632 kB
20220313 003943.451 INFO             PET2 PIOc_sync Enter - MemInfo: [/proc/self/status]	VmRSS:	   14632 kB
20220313 003943.451 INFO             PET2 PIOc_sync Enter - MemInfo: [/proc/self/status]	VmData:	    9920 kB
20220313 003943.451 INFO             PET2 PIOc_sync Enter - MemInfo: [/proc/self/status]	VmStk:	     164 kB
20220313 003943.451 INFO             PET2 PIOc_sync Enter - MemInfo: [/proc/self/status]	VmExe:	   40664 kB
20220313 003943.451 INFO             PET2 PIOc_sync Enter - MemInfo: [/proc/self/status]	VmLib:	    1952 kB
20220313 003943.451 INFO             PET2 PIOc_sync Enter - MemInfo: [/proc/self/status]	VmPTE:	     152 kB
20220313 003943.451 INFO             PET2 PIOc_sync Enter - MemInfo: [/proc/self/status]	VmPMD:	      12 kB
20220313 003943.451 INFO             PET2 PIOc_sync Enter - MemInfo: [/proc/self/status]	VmSwap:	       0 kB
20220313 003943.451 INFO             PET2 PIOc_sync Enter - MemInfo: [/proc/self/status]	VmRSSPercent: 0.0222182 %
20220313 003943.451 INFO             PET2 PIOc_sync Enter - MemInfo: [malloc] Non-mmapped space allocated:                 1280320 Byte
20220313 003943.451 INFO             PET2 PIOc_sync Enter - MemInfo: [malloc] Space allocated in mmapped regions:          4521984 Byte
20220313 003943.451 INFO             PET2 PIOc_sync Enter - MemInfo: [malloc] Maximum total allocated space:                     0 Byte
20220313 003943.487 INFO             PET2 PIOc_sync Enter - MemInfo: [malloc] Space in freed fastbin blocks:                    48 Byte
20220313 003943.487 INFO             PET2 PIOc_sync Enter - MemInfo: [malloc] Total allocated space:                       1134304 Byte
20220313 003943.487 INFO             PET2 PIOc_sync Enter - MemInfo: [malloc] Total free space:                             146016 Byte
20220313 003943.487 INFO             PET2 PIOc_sync Enter - MemInfo: [malloc] Top-most, releasable space:                   132480 Byte
20220313 003943.487 INFO             PET2 PIOc_sync Enter - MemInfo: [malloc] Total space in use, mmap + non-mmap:         5656288 Byte
20220313 003943.487 INFO             PET2 PIOc_sync Enter - MemInfo: [malloc] Total space held (mmap + non-mmap):          5802304 Byte
20220313 003943.487 INFO             PET2 PIOc_sync Enter - MemInfo: [malloc] Total space used (mmap + non-mmap):          5665760 Byte
20220313 003943.487 INFO             PET2 PIOc_sync Enter - MemInfo: Wall-clock time since execution start:               0.150398 seconds
20220313 003943.487 INFO             PET2 PIOc_sync Exit - MemInfo: [/proc/meminfo - SSI]	MemTotal:       65855856 kB
20220313 003943.487 INFO             PET2 PIOc_sync Exit - MemInfo: [/proc/meminfo - SSI]	MemFree:        61271380 kB
20220313 003943.487 INFO             PET2 PIOc_sync Exit - MemInfo: [/proc/meminfo - SSI]	MemAvailable:   61047140 kB
20220313 003943.487 INFO             PET2 PIOc_sync Exit - MemInfo: [/proc/meminfo - SSI]	Committed_AS:    2804652 kB
20220313 003943.487 INFO             PET2 PIOc_sync Exit - MemInfo: [/proc/meminfo - SSI]	CommittedPercent: 4.25877 %
20220313 003943.487 INFO             PET2 PIOc_sync Exit - MemInfo: [/proc/self/status]	VmPeak:	   76636 kB
20220313 003943.487 INFO             PET2 PIOc_sync Exit - MemInfo: [/proc/self/status]	VmSize:	   76168 kB
20220313 003943.487 INFO             PET2 PIOc_sync Exit - MemInfo: [/proc/self/status]	VmLck:	       0 kB
20220313 003943.487 INFO             PET2 PIOc_sync Exit - MemInfo: [/proc/self/status]	VmPin:	       0 kB
20220313 003943.487 INFO             PET2 PIOc_sync Exit - MemInfo: [/proc/self/status]	VmHWM:	   14632 kB
20220313 003943.487 INFO             PET2 PIOc_sync Exit - MemInfo: [/proc/self/status]	VmRSS:	   14632 kB
20220313 003943.487 INFO             PET2 PIOc_sync Exit - MemInfo: [/proc/self/status]	VmData:	    9920 kB
