build time -- 2022-03-14 00:47:24
20220314 014109.726 INFO             PET0 !!!!!!!!!!!!!!!!!!!!!!!!!!!!!!!!!!!!!!!!!!!!!!!!!!!!!!
20220314 014109.726 INFO             PET0 !!! THE ESMF_LOG IS SET TO OUTPUT ALL LOG MESSAGES !!!
20220314 014109.726 INFO             PET0 !!!     THIS MAY CAUSE SLOWDOWN IN PERFORMANCE     !!!
20220314 014109.726 INFO             PET0 !!! FOR PRODUCTION RUNS, USE:                      !!!
20220314 014109.726 INFO             PET0 !!!                   ESMF_LOGKIND_Multi_On_Error  !!!
20220314 014109.726 INFO             PET0 !!!!!!!!!!!!!!!!!!!!!!!!!!!!!!!!!!!!!!!!!!!!!!!!!!!!!!
20220314 014109.726 INFO             PET0 Running with ESMF Version   : v8.3.0b09-96-g559b459836
20220314 014109.726 INFO             PET0 ESMF library build date/time: "Mar 14 2022" "00:45:31"
20220314 014109.726 INFO             PET0 ESMF library build location : /lustre/f2/dev/ncep/Mark.Potts/gfortran_8.3.0_mpi_g_jedwards_pio_update2
20220314 014109.726 INFO             PET0 ESMF_COMM                   : mpi
20220314 014109.727 INFO             PET0 ESMF_MOAB                   : enabled
20220314 014109.727 INFO             PET0 ESMF_LAPACK                 : enabled
20220314 014109.727 INFO             PET0 ESMF_NETCDF                 : enabled
20220314 014109.727 INFO             PET0 ESMF_PNETCDF                : disabled
20220314 014109.727 INFO             PET0 ESMF_PIO                    : enabled
20220314 014109.727 INFO             PET0 ESMF_YAMLCPP                : enabled
20220314 014109.727 INFO             PET0 Beginning Test, file ESMC_FieldSMMFromFileUTest.C, line 41
20220314 014109.727 INFO             PET0 Beginning Test, file ESMC_FieldSMMFromFileUTest.C, line 41NUMBER_OF_PROCESSORS 4
20220314 014109.840 INFO             PET0 PIOc_sync Enter - MemInfo: [/proc/meminfo - SSI]	MemTotal:       65855856 kB
20220314 014109.840 INFO             PET0 PIOc_sync Enter - MemInfo: [/proc/meminfo - SSI]	MemFree:        61167040 kB
20220314 014109.840 INFO             PET0 PIOc_sync Enter - MemInfo: [/proc/meminfo - SSI]	MemAvailable:   60947608 kB
20220314 014109.840 INFO             PET0 PIOc_sync Enter - MemInfo: [/proc/meminfo - SSI]	Committed_AS:    2882916 kB
20220314 014109.840 INFO             PET0 PIOc_sync Enter - MemInfo: [/proc/meminfo - SSI]	CommittedPercent: 4.37762 %
20220314 014109.840 INFO             PET0 PIOc_sync Enter - MemInfo: [/proc/self/status]	VmPeak:	   85076 kB
20220314 014109.840 INFO             PET0 PIOc_sync Enter - MemInfo: [/proc/self/status]	VmSize:	   85076 kB
20220314 014109.840 INFO             PET0 PIOc_sync Enter - MemInfo: [/proc/self/status]	VmLck:	       0 kB
20220314 014109.840 INFO             PET0 PIOc_sync Enter - MemInfo: [/proc/self/status]	VmPin:	       0 kB
20220314 014109.840 INFO             PET0 PIOc_sync Enter - MemInfo: [/proc/self/status]	VmHWM:	   24244 kB
20220314 014109.840 INFO             PET0 PIOc_sync Enter - MemInfo: [/proc/self/status]	VmRSS:	   24244 kB
20220314 014109.840 INFO             PET0 PIOc_sync Enter - MemInfo: [/proc/self/status]	VmData:	   18828 kB
20220314 014109.840 INFO             PET0 PIOc_sync Enter - MemInfo: [/proc/self/status]	VmStk:	     164 kB
20220314 014109.840 INFO             PET0 PIOc_sync Enter - MemInfo: [/proc/self/status]	VmExe:	   40664 kB
20220314 014109.840 INFO             PET0 PIOc_sync Enter - MemInfo: [/proc/self/status]	VmLib:	    1952 kB
20220314 014109.840 INFO             PET0 PIOc_sync Enter - MemInfo: [/proc/self/status]	VmPTE:	     168 kB
20220314 014109.840 INFO             PET0 PIOc_sync Enter - MemInfo: [/proc/self/status]	VmPMD:	      12 kB
20220314 014109.840 INFO             PET0 PIOc_sync Enter - MemInfo: [/proc/self/status]	VmSwap:	       0 kB
20220314 014109.840 INFO             PET0 PIOc_sync Enter - MemInfo: [/proc/self/status]	VmRSSPercent: 0.0368137 %
20220314 014109.840 INFO             PET0 PIOc_sync Enter - MemInfo: [malloc] Non-mmapped space allocated:                 1481024 Byte
20220314 014109.840 INFO             PET0 PIOc_sync Enter - MemInfo: [malloc] Space allocated in mmapped regions:         13443072 Byte
20220314 014109.840 INFO             PET0 PIOc_sync Enter - MemInfo: [malloc] Maximum total allocated space:                     0 Byte
20220314 014109.841 INFO             PET0 PIOc_sync Enter - MemInfo: [malloc] Space in freed fastbin blocks:                     0 Byte
20220314 014109.841 INFO             PET0 PIOc_sync Enter - MemInfo: [malloc] Total allocated space:                       1319984 Byte
20220314 014109.841 INFO             PET0 PIOc_sync Enter - MemInfo: [malloc] Total free space:                             161040 Byte
20220314 014109.841 INFO             PET0 PIOc_sync Enter - MemInfo: [malloc] Top-most, releasable space:                   133792 Byte
20220314 014109.841 INFO             PET0 PIOc_sync Enter - MemInfo: [malloc] Total space in use, mmap + non-mmap:        14763056 Byte
20220314 014109.841 INFO             PET0 PIOc_sync Enter - MemInfo: [malloc] Total space held (mmap + non-mmap):         14924096 Byte
20220314 014109.841 INFO             PET0 PIOc_sync Enter - MemInfo: [malloc] Total space used (mmap + non-mmap):         14772528 Byte
20220314 014109.841 INFO             PET0 PIOc_sync Enter - MemInfo: Wall-clock time since execution start:               0.125806 seconds
20220314 014109.841 INFO             PET0 PIOc_sync Exit - MemInfo: [/proc/meminfo - SSI]	MemTotal:       65855856 kB
20220314 014109.841 INFO             PET0 PIOc_sync Exit - MemInfo: [/proc/meminfo - SSI]	MemFree:        61166536 kB
20220314 014109.841 INFO             PET0 PIOc_sync Exit - MemInfo: [/proc/meminfo - SSI]	MemAvailable:   60947104 kB
20220314 014109.841 INFO             PET0 PIOc_sync Exit - MemInfo: [/proc/meminfo - SSI]	Committed_AS:    2882916 kB
20220314 014109.841 INFO             PET0 PIOc_sync Exit - MemInfo: [/proc/meminfo - SSI]	CommittedPercent: 4.37762 %
20220314 014109.841 INFO             PET0 PIOc_sync Exit - MemInfo: [/proc/self/status]	VmPeak:	   85460 kB
20220314 014109.841 INFO             PET0 PIOc_sync Exit - MemInfo: [/proc/self/status]	VmSize:	   85460 kB
20220314 014109.841 INFO             PET0 PIOc_sync Exit - MemInfo: [/proc/self/status]	VmLck:	       0 kB
20220314 014109.841 INFO             PET0 PIOc_sync Exit - MemInfo: [/proc/self/status]	VmPin:	       0 kB
20220314 014109.841 INFO             PET0 PIOc_sync Exit - MemInfo: [/proc/self/status]	VmHWM:	   24764 kB
20220314 014109.841 INFO             PET0 PIOc_sync Exit - MemInfo: [/proc/self/status]	VmRSS:	   24764 kB
20220314 014109.841 INFO             PET0 PIOc_sync Exit - MemInfo: [/proc/self/status]	VmData:	   19212 kB
20220314 014109.841 INFO             PET0 PIOc_sync Exit - MemInfo: [/proc/self/status]	VmStk:	     164 kB
20220314 014109.841 INFO             PET0 PIOc_sync Exit - MemInfo: [/proc/self/status]	VmExe:	   40664 kB
20220314 014109.842 INFO             PET0 PIOc_sync Exit - MemInfo: [/proc/self/status]	VmLib:	    1952 kB
20220314 014109.842 INFO             PET0 PIOc_sync Exit - MemInfo: [/proc/self/status]	VmPTE:	     172 kB
20220314 014109.842 INFO             PET0 PIOc_sync Exit - MemInfo: [/proc/self/status]	VmPMD:	      12 kB
20220314 014109.842 INFO             PET0 PIOc_sync Exit - MemInfo: [/proc/self/status]	VmSwap:	       0 kB
20220314 014109.842 INFO             PET0 PIOc_sync Exit - MemInfo: [/proc/self/status]	VmRSSPercent: 0.0376033 %
20220314 014109.842 INFO             PET0 PIOc_sync Exit - MemInfo: [malloc] Non-mmapped space allocated:                 1874240 Byte
20220314 014109.842 INFO             PET0 PIOc_sync Exit - MemInfo: [malloc] Space allocated in mmapped regions:         13443072 Byte
20220314 014109.842 INFO             PET0 PIOc_sync Exit - MemInfo: [malloc] Maximum total allocated space:                     0 Byte
20220314 014109.842 INFO             PET0 PIOc_sync Exit - MemInfo: [malloc] Space in freed fastbin blocks:                     0 Byte
20220314 014109.842 INFO             PET0 PIOc_sync Exit - MemInfo: [malloc] Total allocated space:                       1716144 Byte
20220314 014109.842 INFO             PET0 PIOc_sync Exit - MemInfo: [malloc] Total free space:                             158096 Byte
20220314 014109.842 INFO             PET0 PIOc_sync Exit - MemInfo: [malloc] Top-most, releasable space:                   133760 Byte
20220314 014109.842 INFO             PET0 PIOc_sync Exit - MemInfo: [malloc] Total space in use, mmap + non-mmap:        15159216 Byte
20220314 014109.842 INFO             PET0 PIOc_sync Exit - MemInfo: [malloc] Total space held (mmap + non-mmap):         15317312 Byte
20220314 014109.842 INFO             PET0 PIOc_sync Exit - MemInfo: [malloc] Total space used (mmap + non-mmap):         15168160 Byte
20220314 014109.842 INFO             PET0 PIOc_sync Exit - MemInfo: Wall-clock time since execution start:                0.12661 seconds
20220314 014109.842 INFO             PET0 PIOc_freedecomp Enter - MemInfo: [/proc/meminfo - SSI]	MemTotal:       65855856 kB
20220314 014109.842 INFO             PET0 PIOc_freedecomp Enter - MemInfo: [/proc/meminfo - SSI]	MemFree:        61173592 kB
20220314 014109.842 INFO             PET0 PIOc_freedecomp Enter - MemInfo: [/proc/meminfo - SSI]	MemAvailable:   60954160 kB
20220314 014109.842 INFO             PET0 PIOc_freedecomp Enter - MemInfo: [/proc/meminfo - SSI]	Committed_AS:    2875104 kB
20220314 014109.842 INFO             PET0 PIOc_freedecomp Enter - MemInfo: [/proc/meminfo - SSI]	CommittedPercent: 4.36575 %
20220314 014109.842 INFO             PET0 PIOc_freedecomp Enter - MemInfo: [/proc/self/status]	VmPeak:	   85460 kB
20220314 014109.842 INFO             PET0 PIOc_freedecomp Enter - MemInfo: [/proc/self/status]	VmSize:	   76748 kB
20220314 014109.842 INFO             PET0 PIOc_freedecomp Enter - MemInfo: [/proc/self/status]	VmLck:	       0 kB
20220314 014109.842 INFO             PET0 PIOc_freedecomp Enter - MemInfo: [/proc/self/status]	VmPin:	       0 kB
20220314 014109.842 INFO             PET0 PIOc_freedecomp Enter - MemInfo: [/proc/self/status]	VmHWM:	   24764 kB
20220314 014109.842 INFO             PET0 PIOc_freedecomp Enter - MemInfo: [/proc/self/status]	VmRSS:	   16692 kB
20220314 014109.842 INFO             PET0 PIOc_freedecomp Enter - MemInfo: [/proc/self/status]	VmData:	   10500 kB
20220314 014109.842 INFO             PET0 PIOc_freedecomp Enter - MemInfo: [/proc/self/status]	VmStk:	     164 kB
20220314 014109.843 INFO             PET0 PIOc_freedecomp Enter - MemInfo: [/proc/self/status]	VmExe:	   40664 kB
20220314 014109.843 INFO             PET0 PIOc_freedecomp Enter - MemInfo: [/proc/self/status]	VmLib:	    1952 kB
20220314 014109.843 INFO             PET0 PIOc_freedecomp Enter - MemInfo: [/proc/self/status]	VmPTE:	     160 kB
20220314 014109.843 INFO             PET0 PIOc_freedecomp Enter - MemInfo: [/proc/self/status]	VmPMD:	      12 kB
20220314 014109.843 INFO             PET0 PIOc_freedecomp Enter - MemInfo: [/proc/self/status]	VmSwap:	       0 kB
20220314 014109.843 INFO             PET0 PIOc_freedecomp Enter - MemInfo: [/proc/self/status]	VmRSSPercent: 0.0253463 %
20220314 014109.843 INFO             PET0 PIOc_freedecomp Enter - MemInfo: [malloc] Non-mmapped space allocated:                 1874240 Byte
20220314 014109.843 INFO             PET0 PIOc_freedecomp Enter - MemInfo: [malloc] Space allocated in mmapped regions:          4521984 Byte
20220314 014109.843 INFO             PET0 PIOc_freedecomp Enter - MemInfo: [malloc] Maximum total allocated space:                     0 Byte
20220314 014109.843 INFO             PET0 PIOc_freedecomp Enter - MemInfo: [malloc] Space in freed fastbin blocks:                   352 Byte
20220314 014109.843 INFO             PET0 PIOc_freedecomp Enter - MemInfo: [malloc] Total allocated space:                       1706256 Byte
20220314 014109.843 INFO             PET0 PIOc_freedecomp Enter - MemInfo: [malloc] Total free space:                             167984 Byte
20220314 014109.843 INFO             PET0 PIOc_freedecomp Enter - MemInfo: [malloc] Top-most, releasable space:                   133760 Byte
20220314 014109.843 INFO             PET0 PIOc_freedecomp Enter - MemInfo: [malloc] Total space in use, mmap + non-mmap:         6228240 Byte
20220314 014109.843 INFO             PET0 PIOc_freedecomp Enter - MemInfo: [malloc] Total space held (mmap + non-mmap):          6396224 Byte
20220314 014109.843 INFO             PET0 PIOc_freedecomp Enter - MemInfo: [malloc] Total space used (mmap + non-mmap):          6236784 Byte
20220314 014109.843 INFO             PET0 PIOc_freedecomp Enter - MemInfo: Wall-clock time since execution start:               0.127615 seconds
20220314 014109.843 INFO             PET0 PIOc_freedecomp Exit - MemInfo: [/proc/meminfo - SSI]	MemTotal:       65855856 kB
20220314 014109.843 INFO             PET0 PIOc_freedecomp Exit - MemInfo: [/proc/meminfo - SSI]	MemFree:        61173592 kB
20220314 014109.843 INFO             PET0 PIOc_freedecomp Exit - MemInfo: [/proc/meminfo - SSI]	MemAvailable:   60954160 kB
20220314 014109.843 INFO             PET0 PIOc_freedecomp Exit - MemInfo: [/proc/meminfo - SSI]	Committed_AS:    2875104 kB
20220314 014109.843 INFO             PET0 PIOc_freedecomp Exit - MemInfo: [/proc/meminfo - SSI]	CommittedPercent: 4.36575 %
20220314 014109.843 INFO             PET0 PIOc_freedecomp Exit - MemInfo: [/proc/self/status]	VmPeak:	   85460 kB
20220314 014109.843 INFO             PET0 PIOc_freedecomp Exit - MemInfo: [/proc/self/status]	VmSize:	   76748 kB
20220314 014109.843 INFO             PET0 PIOc_freedecomp Exit - MemInfo: [/proc/self/status]	VmLck:	       0 kB
20220314 014109.843 INFO             PET0 PIOc_freedecomp Exit - MemInfo: [/proc/self/status]	VmPin:	       0 kB
20220314 014109.843 INFO             PET0 PIOc_freedecomp Exit - MemInfo: [/proc/self/status]	VmHWM:	   24764 kB
20220314 014109.843 INFO             PET0 PIOc_freedecomp Exit - MemInfo: [/proc/self/status]	VmRSS:	   16692 kB
20220314 014109.843 INFO             PET0 PIOc_freedecomp Exit - MemInfo: [/proc/self/status]	VmData:	   10500 kB
20220314 014109.843 INFO             PET0 PIOc_freedecomp Exit - MemInfo: [/proc/self/status]	VmStk:	     164 kB
20220314 014109.843 INFO             PET0 PIOc_freedecomp Exit - MemInfo: [/proc/self/status]	VmExe:	   40664 kB
20220314 014109.843 INFO             PET0 PIOc_freedecomp Exit - MemInfo: [/proc/self/status]	VmLib:	    1952 kB
20220314 014109.843 INFO             PET0 PIOc_freedecomp Exit - MemInfo: [/proc/self/status]	VmPTE:	     160 kB
20220314 014109.843 INFO             PET0 PIOc_freedecomp Exit - MemInfo: [/proc/self/status]	VmPMD:	      12 kB
20220314 014109.843 INFO             PET0 PIOc_freedecomp Exit - MemInfo: [/proc/self/status]	VmSwap:	       0 kB
20220314 014109.843 INFO             PET0 PIOc_freedecomp Exit - MemInfo: [/proc/self/status]	VmRSSPercent: 0.0253463 %
20220314 014109.843 INFO             PET0 PIOc_freedecomp Exit - MemInfo: [malloc] Non-mmapped space allocated:                 1874240 Byte
20220314 014109.843 INFO             PET0 PIOc_freedecomp Exit - MemInfo: [malloc] Space allocated in mmapped regions:          4521984 Byte
20220314 014109.843 INFO             PET0 PIOc_freedecomp Exit - MemInfo: [malloc] Maximum total allocated space:                     0 Byte
20220314 014109.843 INFO             PET0 PIOc_freedecomp Exit - MemInfo: [malloc] Space in freed fastbin blocks:                  1200 Byte
20220314 014109.843 INFO             PET0 PIOc_freedecomp Exit - MemInfo: [malloc] Total allocated space:                       1703024 Byte
20220314 014109.843 INFO             PET0 PIOc_freedecomp Exit - MemInfo: [malloc] Total free space:                             171216 Byte
20220314 014109.843 INFO             PET0 PIOc_freedecomp Exit - MemInfo: [malloc] Top-most, releasable space:                   133760 Byte
20220314 014109.843 INFO             PET0 PIOc_freedecomp Exit - MemInfo: [malloc] Total space in use, mmap + non-mmap:         6225008 Byte
20220314 014109.843 INFO             PET0 PIOc_freedecomp Exit - MemInfo: [malloc] Total space held (mmap + non-mmap):          6396224 Byte
20220314 014109.843 INFO             PET0 PIOc_freedecomp Exit - MemInfo: [malloc] Total space used (mmap + non-mmap):          6233776 Byte
20220314 014109.843 INFO             PET0 PIOc_freedecomp Exit - MemInfo: Wall-clock time since execution start:               0.128058 seconds
20220314 014109.847 INFO             PET0 PIOc_sync Enter - MemInfo: [/proc/meminfo - SSI]	MemTotal:       65855856 kB
20220314 014109.847 INFO             PET0 PIOc_sync Enter - MemInfo: [/proc/meminfo - SSI]	MemFree:        61170568 kB
20220314 014109.847 INFO             PET0 PIOc_sync Enter - MemInfo: [/proc/meminfo - SSI]	MemAvailable:   60951388 kB
20220314 014109.847 INFO             PET0 PIOc_sync Enter - MemInfo: [/proc/meminfo - SSI]	Committed_AS:    2883256 kB
20220314 014109.847 INFO             PET0 PIOc_sync Enter - MemInfo: [/proc/meminfo - SSI]	CommittedPercent: 4.37813 %
20220314 014109.847 INFO             PET0 PIOc_sync Enter - MemInfo: [/proc/self/status]	VmPeak:	   85460 kB
20220314 014109.847 INFO             PET0 PIOc_sync Enter - MemInfo: [/proc/self/status]	VmSize:	   85416 kB
20220314 014109.847 INFO             PET0 PIOc_sync Enter - MemInfo: [/proc/self/status]	VmLck:	       0 kB
20220314 014109.847 INFO             PET0 PIOc_sync Enter - MemInfo: [/proc/self/status]	VmPin:	       0 kB
20220314 014109.847 INFO             PET0 PIOc_sync Enter - MemInfo: [/proc/self/status]	VmHWM:	   24764 kB
20220314 014109.847 INFO             PET0 PIOc_sync Enter - MemInfo: [/proc/self/status]	VmRSS:	   20876 kB
20220314 014109.847 INFO             PET0 PIOc_sync Enter - MemInfo: [/proc/self/status]	VmData:	   19204 kB
20220314 014109.847 INFO             PET0 PIOc_sync Enter - MemInfo: [/proc/self/status]	VmStk:	     164 kB
20220314 014109.847 INFO             PET0 PIOc_sync Enter - MemInfo: [/proc/self/status]	VmExe:	   40664 kB
20220314 014109.847 INFO             PET0 PIOc_sync Enter - MemInfo: [/proc/self/status]	VmLib:	    1952 kB
20220314 014109.847 INFO             PET0 PIOc_sync Enter - MemInfo: [/proc/self/status]	VmPTE:	     168 kB
20220314 014109.847 INFO             PET0 PIOc_sync Enter - MemInfo: [/proc/self/status]	VmPMD:	      12 kB
20220314 014109.847 INFO             PET0 PIOc_sync Enter - MemInfo: [/proc/self/status]	VmSwap:	       0 kB
20220314 014109.847 INFO             PET0 PIOc_sync Enter - MemInfo: [/proc/self/status]	VmRSSPercent: 0.0316995 %
20220314 014109.847 INFO             PET0 PIOc_sync Enter - MemInfo: [malloc] Non-mmapped space allocated:                10787136 Byte
20220314 014109.847 INFO             PET0 PIOc_sync Enter - MemInfo: [malloc] Space allocated in mmapped regions:          4521984 Byte
20220314 014109.847 INFO             PET0 PIOc_sync Enter - MemInfo: [malloc] Maximum total allocated space:                     0 Byte
20220314 014109.847 INFO             PET0 PIOc_sync Enter - MemInfo: [malloc] Space in freed fastbin blocks:                   160 Byte
20220314 014109.847 INFO             PET0 PIOc_sync Enter - MemInfo: [malloc] Total allocated space:                      10631024 Byte
20220314 014109.847 INFO             PET0 PIOc_sync Enter - MemInfo: [malloc] Total free space:                             156112 Byte
20220314 014109.847 INFO             PET0 PIOc_sync Enter - MemInfo: [malloc] Top-most, releasable space:                   133728 Byte
20220314 014109.847 INFO             PET0 PIOc_sync Enter - MemInfo: [malloc] Total space in use, mmap + non-mmap:        15153008 Byte
20220314 014109.847 INFO             PET0 PIOc_sync Enter - MemInfo: [malloc] Total space held (mmap + non-mmap):         15309120 Byte
20220314 014109.847 INFO             PET0 PIOc_sync Enter - MemInfo: [malloc] Total space used (mmap + non-mmap):         15161664 Byte
20220314 014109.847 INFO             PET0 PIOc_sync Enter - MemInfo: Wall-clock time since execution start:               0.132139 seconds
20220314 014109.847 INFO             PET0 PIOc_sync Exit - MemInfo: [/proc/meminfo - SSI]	MemTotal:       65855856 kB
20220314 014109.847 INFO             PET0 PIOc_sync Exit - MemInfo: [/proc/meminfo - SSI]	MemFree:        61170568 kB
20220314 014109.847 INFO             PET0 PIOc_sync Exit - MemInfo: [/proc/meminfo - SSI]	MemAvailable:   60951388 kB
20220314 014109.847 INFO             PET0 PIOc_sync Exit - MemInfo: [/proc/meminfo - SSI]	Committed_AS:    2883256 kB
20220314 014109.847 INFO             PET0 PIOc_sync Exit - MemInfo: [/proc/meminfo - SSI]	CommittedPercent: 4.37813 %
20220314 014109.848 INFO             PET0 PIOc_sync Exit - MemInfo: [/proc/self/status]	VmPeak:	   85460 kB
20220314 014109.848 INFO             PET0 PIOc_sync Exit - MemInfo: [/proc/self/status]	VmSize:	   85416 kB
20220314 014109.848 INFO             PET0 PIOc_sync Exit - MemInfo: [/proc/self/status]	VmLck:	       0 kB
20220314 014109.848 INFO             PET0 PIOc_sync Exit - MemInfo: [/proc/self/status]	VmPin:	       0 kB
20220314 014109.848 INFO             PET0 PIOc_sync Exit - MemInfo: [/proc/self/status]	VmHWM:	   24764 kB
20220314 014109.848 INFO             PET0 PIOc_sync Exit - MemInfo: [/proc/self/status]	VmRSS:	   20876 kB
20220314 014109.848 INFO             PET0 PIOc_sync Exit - MemInfo: [/proc/self/status]	VmData:	   19204 kB
20220314 014109.848 INFO             PET0 PIOc_sync Exit - MemInfo: [/proc/self/status]	VmStk:	     164 kB
20220314 014109.848 INFO             PET0 PIOc_sync Exit - MemInfo: [/proc/self/status]	VmExe:	   40664 kB
20220314 014109.848 INFO             PET0 PIOc_sync Exit - MemInfo: [/proc/self/status]	VmLib:	    1952 kB
20220314 014109.848 INFO             PET0 PIOc_sync Exit - MemInfo: [/proc/self/status]	VmPTE:	     168 kB
20220314 014109.848 INFO             PET0 PIOc_sync Exit - MemInfo: [/proc/self/status]	VmPMD:	      12 kB
20220314 014109.848 INFO             PET0 PIOc_sync Exit - MemInfo: [/proc/self/status]	VmSwap:	       0 kB
20220314 014109.848 INFO             PET0 PIOc_sync Exit - MemInfo: [/proc/self/status]	VmRSSPercent: 0.0316995 %
20220314 014109.848 INFO             PET0 PIOc_sync Exit - MemInfo: [malloc] Non-mmapped space allocated:                10787136 Byte
20220314 014109.848 INFO             PET0 PIOc_sync Exit - MemInfo: [malloc] Space allocated in mmapped regions:          4521984 Byte
20220314 014109.848 INFO             PET0 PIOc_sync Exit - MemInfo: [malloc] Maximum total allocated space:                     0 Byte
20220314 014109.848 INFO             PET0 PIOc_sync Exit - MemInfo: [malloc] Space in freed fastbin blocks:                     0 Byte
20220314 014109.848 INFO             PET0 PIOc_sync Exit - MemInfo: [malloc] Total allocated space:                      10632320 Byte
20220314 014109.848 INFO             PET0 PIOc_sync Exit - MemInfo: [malloc] Total free space:                             154816 Byte
20220314 014109.848 INFO             PET0 PIOc_sync Exit - MemInfo: [malloc] Top-most, releasable space:                   133728 Byte
20220314 014109.848 INFO             PET0 PIOc_sync Exit - MemInfo: [malloc] Total space in use, mmap + non-mmap:        15154304 Byte
20220314 014109.848 INFO             PET0 PIOc_sync Exit - MemInfo: [malloc] Total space held (mmap + non-mmap):         15309120 Byte
20220314 014109.848 INFO             PET0 PIOc_sync Exit - MemInfo: [malloc] Total space used (mmap + non-mmap):         15162624 Byte
20220314 014109.848 INFO             PET0 PIOc_sync Exit - MemInfo: Wall-clock time since execution start:               0.132661 seconds
20220314 014109.848 INFO             PET0 PIOc_freedecomp Enter - MemInfo: [/proc/meminfo - SSI]	MemTotal:       65855856 kB
20220314 014109.848 INFO             PET0 PIOc_freedecomp Enter - MemInfo: [/proc/meminfo - SSI]	MemFree:        61170568 kB
20220314 014109.848 INFO             PET0 PIOc_freedecomp Enter - MemInfo: [/proc/meminfo - SSI]	MemAvailable:   60951388 kB
20220314 014109.848 INFO             PET0 PIOc_freedecomp Enter - MemInfo: [/proc/meminfo - SSI]	Committed_AS:    2883256 kB
20220314 014109.848 INFO             PET0 PIOc_freedecomp Enter - MemInfo: [/proc/meminfo - SSI]	CommittedPercent: 4.37813 %
20220314 014109.848 INFO             PET0 PIOc_freedecomp Enter - MemInfo: [/proc/self/status]	VmPeak:	   85460 kB
20220314 014109.848 INFO             PET0 PIOc_freedecomp Enter - MemInfo: [/proc/self/status]	VmSize:	   85416 kB
20220314 014109.848 INFO             PET0 PIOc_freedecomp Enter - MemInfo: [/proc/self/status]	VmLck:	       0 kB
20220314 014109.848 INFO             PET0 PIOc_freedecomp Enter - MemInfo: [/proc/self/status]	VmPin:	       0 kB
20220314 014109.848 INFO             PET0 PIOc_freedecomp Enter - MemInfo: [/proc/self/status]	VmHWM:	   24764 kB
20220314 014109.848 INFO             PET0 PIOc_freedecomp Enter - MemInfo: [/proc/self/status]	VmRSS:	   20876 kB
20220314 014109.848 INFO             PET0 PIOc_freedecomp Enter - MemInfo: [/proc/self/status]	VmData:	   19204 kB
20220314 014109.848 INFO             PET0 PIOc_freedecomp Enter - MemInfo: [/proc/self/status]	VmStk:	     164 kB
20220314 014109.848 INFO             PET0 PIOc_freedecomp Enter - MemInfo: [/proc/self/status]	VmExe:	   40664 kB
20220314 014109.848 INFO             PET0 PIOc_freedecomp Enter - MemInfo: [/proc/self/status]	VmLib:	    1952 kB
20220314 014109.848 INFO             PET0 PIOc_freedecomp Enter - MemInfo: [/proc/self/status]	VmPTE:	     168 kB
20220314 014109.848 INFO             PET0 PIOc_freedecomp Enter - MemInfo: [/proc/self/status]	VmPMD:	      12 kB
20220314 014109.848 INFO             PET0 PIOc_freedecomp Enter - MemInfo: [/proc/self/status]	VmSwap:	       0 kB
20220314 014109.848 INFO             PET0 PIOc_freedecomp Enter - MemInfo: [/proc/self/status]	VmRSSPercent: 0.0316995 %
20220314 014109.848 INFO             PET0 PIOc_freedecomp Enter - MemInfo: [malloc] Non-mmapped space allocated:                10787136 Byte
20220314 014109.848 INFO             PET0 PIOc_freedecomp Enter - MemInfo: [malloc] Space allocated in mmapped regions:          4521984 Byte
20220314 014109.848 INFO             PET0 PIOc_freedecomp Enter - MemInfo: [malloc] Maximum total allocated space:                     0 Byte
20220314 014109.848 INFO             PET0 PIOc_freedecomp Enter - MemInfo: [malloc] Space in freed fastbin blocks:                   256 Byte
20220314 014109.848 INFO             PET0 PIOc_freedecomp Enter - MemInfo: [malloc] Total allocated space:                       1708272 Byte
20220314 014109.848 INFO             PET0 PIOc_freedecomp Enter - MemInfo: [malloc] Total free space:                            9078864 Byte
20220314 014109.848 INFO             PET0 PIOc_freedecomp Enter - MemInfo: [malloc] Top-most, releasable space:                  9046656 Byte
20220314 014109.848 INFO             PET0 PIOc_freedecomp Enter - MemInfo: [malloc] Total space in use, mmap + non-mmap:         6230256 Byte
20220314 014109.848 INFO             PET0 PIOc_freedecomp Enter - MemInfo: [malloc] Total space held (mmap + non-mmap):         15309120 Byte
20220314 014109.848 INFO             PET0 PIOc_freedecomp Enter - MemInfo: [malloc] Total space used (mmap + non-mmap):          6238464 Byte
20220314 014109.848 INFO             PET0 PIOc_freedecomp Enter - MemInfo: Wall-clock time since execution start:               0.133272 seconds
20220314 014109.848 INFO             PET0 PIOc_freedecomp Exit - MemInfo: [/proc/meminfo - SSI]	MemTotal:       65855856 kB
20220314 014109.848 INFO             PET0 PIOc_freedecomp Exit - MemInfo: [/proc/meminfo - SSI]	MemFree:        61170568 kB
20220314 014109.848 INFO             PET0 PIOc_freedecomp Exit - MemInfo: [/proc/meminfo - SSI]	MemAvailable:   60951388 kB
20220314 014109.848 INFO             PET0 PIOc_freedecomp Exit - MemInfo: [/proc/meminfo - SSI]	Committed_AS:    2883256 kB
20220314 014109.849 INFO             PET0 PIOc_freedecomp Exit - MemInfo: [/proc/meminfo - SSI]	CommittedPercent: 4.37813 %
20220314 014109.849 INFO             PET0 PIOc_freedecomp Exit - MemInfo: [/proc/self/status]	VmPeak:	   85460 kB
20220314 014109.849 INFO             PET0 PIOc_freedecomp Exit - MemInfo: [/proc/self/status]	VmSize:	   85416 kB
20220314 014109.849 INFO             PET0 PIOc_freedecomp Exit - MemInfo: [/proc/self/status]	VmLck:	       0 kB
20220314 014109.849 INFO             PET0 PIOc_freedecomp Exit - MemInfo: [/proc/self/status]	VmPin:	       0 kB
20220314 014109.849 INFO             PET0 PIOc_freedecomp Exit - MemInfo: [/proc/self/status]	VmHWM:	   24764 kB
20220314 014109.849 INFO             PET0 PIOc_freedecomp Exit - MemInfo: [/proc/self/status]	VmRSS:	   20876 kB
20220314 014109.849 INFO             PET0 PIOc_freedecomp Exit - MemInfo: [/proc/self/status]	VmData:	   19204 kB
20220314 014109.849 INFO             PET0 PIOc_freedecomp Exit - MemInfo: [/proc/self/status]	VmStk:	     164 kB
20220314 014109.849 INFO             PET0 PIOc_freedecomp Exit - MemInfo: [/proc/self/status]	VmExe:	   40664 kB
20220314 014109.849 INFO             PET0 PIOc_freedecomp Exit - MemInfo: [/proc/self/status]	VmLib:	    1952 kB
20220314 014109.849 INFO             PET0 PIOc_freedecomp Exit - MemInfo: [/proc/self/status]	VmPTE:	     168 kB
20220314 014109.849 INFO             PET0 PIOc_freedecomp Exit - MemInfo: [/proc/self/status]	VmPMD:	      12 kB
20220314 014109.849 INFO             PET0 PIOc_freedecomp Exit - MemInfo: [/proc/self/status]	VmSwap:	       0 kB
20220314 014109.849 INFO             PET0 PIOc_freedecomp Exit - MemInfo: [/proc/self/status]	VmRSSPercent: 0.0316995 %
20220314 014109.849 INFO             PET0 PIOc_freedecomp Exit - MemInfo: [malloc] Non-mmapped space allocated:                10787136 Byte
20220314 014109.849 INFO             PET0 PIOc_freedecomp Exit - MemInfo: [malloc] Space allocated in mmapped regions:          4521984 Byte
20220314 014109.849 INFO             PET0 PIOc_freedecomp Exit - MemInfo: [malloc] Maximum total allocated space:                     0 Byte
20220314 014109.849 INFO             PET0 PIOc_freedecomp Exit - MemInfo: [malloc] Space in freed fastbin blocks:                  1328 Byte
20220314 014109.849 INFO             PET0 PIOc_freedecomp Exit - MemInfo: [malloc] Total allocated space:                       1704048 Byte
20220314 014109.849 INFO             PET0 PIOc_freedecomp Exit - MemInfo: [malloc] Total free space:                            9083088 Byte
20220314 014109.849 INFO             PET0 PIOc_freedecomp Exit - MemInfo: [malloc] Top-most, releasable space:                  9046656 Byte
20220314 014109.849 INFO             PET0 PIOc_freedecomp Exit - MemInfo: [malloc] Total space in use, mmap + non-mmap:         6226032 Byte
20220314 014109.849 INFO             PET0 PIOc_freedecomp Exit - MemInfo: [malloc] Total space held (mmap + non-mmap):         15309120 Byte
20220314 014109.849 INFO             PET0 PIOc_freedecomp Exit - MemInfo: [malloc] Total space used (mmap + non-mmap):          6234240 Byte
20220314 014109.849 INFO             PET0 PIOc_freedecomp Exit - MemInfo: Wall-clock time since execution start:               0.133716 seconds
20220314 014109.851 INFO             PET0 PIOc_sync Enter - MemInfo: [/proc/meminfo - SSI]	MemTotal:       65855856 kB
20220314 014109.851 INFO             PET0 PIOc_sync Enter - MemInfo: [/proc/meminfo - SSI]	MemFree:        61170568 kB
20220314 014109.851 INFO             PET0 PIOc_sync Enter - MemInfo: [/proc/meminfo - SSI]	MemAvailable:   60951388 kB
20220314 014109.851 INFO             PET0 PIOc_sync Enter - MemInfo: [/proc/meminfo - SSI]	Committed_AS:    2883256 kB
20220314 014109.851 INFO             PET0 PIOc_sync Enter - MemInfo: [/proc/meminfo - SSI]	CommittedPercent: 4.37813 %
20220314 014109.851 INFO             PET0 PIOc_sync Enter - MemInfo: [/proc/self/status]	VmPeak:	   85460 kB
20220314 014109.851 INFO             PET0 PIOc_sync Enter - MemInfo: [/proc/self/status]	VmSize:	   85416 kB
20220314 014109.851 INFO             PET0 PIOc_sync Enter - MemInfo: [/proc/self/status]	VmLck:	       0 kB
20220314 014109.851 INFO             PET0 PIOc_sync Enter - MemInfo: [/proc/self/status]	VmPin:	       0 kB
20220314 014109.851 INFO             PET0 PIOc_sync Enter - MemInfo: [/proc/self/status]	VmHWM:	   24764 kB
20220314 014109.851 INFO             PET0 PIOc_sync Enter - MemInfo: [/proc/self/status]	VmRSS:	   21140 kB
20220314 014109.851 INFO             PET0 PIOc_sync Enter - MemInfo: [/proc/self/status]	VmData:	   19204 kB
20220314 014109.851 INFO             PET0 PIOc_sync Enter - MemInfo: [/proc/self/status]	VmStk:	     164 kB
20220314 014109.851 INFO             PET0 PIOc_sync Enter - MemInfo: [/proc/self/status]	VmExe:	   40664 kB
20220314 014109.851 INFO             PET0 PIOc_sync Enter - MemInfo: [/proc/self/status]	VmLib:	    1952 kB
20220314 014109.851 INFO             PET0 PIOc_sync Enter - MemInfo: [/proc/self/status]	VmPTE:	     168 kB
20220314 014109.851 INFO             PET0 PIOc_sync Enter - MemInfo: [/proc/self/status]	VmPMD:	      12 kB
20220314 014109.851 INFO             PET0 PIOc_sync Enter - MemInfo: [/proc/self/status]	VmSwap:	       0 kB
20220314 014109.851 INFO             PET0 PIOc_sync Enter - MemInfo: [/proc/self/status]	VmRSSPercent: 0.0321004 %
20220314 014109.851 INFO             PET0 PIOc_sync Enter - MemInfo: [malloc] Non-mmapped space allocated:                10787136 Byte
20220314 014109.851 INFO             PET0 PIOc_sync Enter - MemInfo: [malloc] Space allocated in mmapped regions:          4521984 Byte
20220314 014109.851 INFO             PET0 PIOc_sync Enter - MemInfo: [malloc] Maximum total allocated space:                     0 Byte
20220314 014109.851 INFO             PET0 PIOc_sync Enter - MemInfo: [malloc] Space in freed fastbin blocks:                   672 Byte
20220314 014109.851 INFO             PET0 PIOc_sync Enter - MemInfo: [malloc] Total allocated space:                      10632720 Byte
20220314 014109.851 INFO             PET0 PIOc_sync Enter - MemInfo: [malloc] Total free space:                             154416 Byte
20220314 014109.851 INFO             PET0 PIOc_sync Enter - MemInfo: [malloc] Top-most, releasable space:                   133728 Byte
20220314 014109.851 INFO             PET0 PIOc_sync Enter - MemInfo: [malloc] Total space in use, mmap + non-mmap:        15154704 Byte
20220314 014109.851 INFO             PET0 PIOc_sync Enter - MemInfo: [malloc] Total space held (mmap + non-mmap):         15309120 Byte
20220314 014109.851 INFO             PET0 PIOc_sync Enter - MemInfo: [malloc] Total space used (mmap + non-mmap):         15163264 Byte
20220314 014109.851 INFO             PET0 PIOc_sync Enter - MemInfo: Wall-clock time since execution start:               0.136221 seconds
20220314 014109.851 INFO             PET0 PIOc_sync Exit - MemInfo: [/proc/meminfo - SSI]	MemTotal:       65855856 kB
20220314 014109.851 INFO             PET0 PIOc_sync Exit - MemInfo: [/proc/meminfo - SSI]	MemFree:        61170568 kB
20220314 014109.851 INFO             PET0 PIOc_sync Exit - MemInfo: [/proc/meminfo - SSI]	MemAvailable:   60951388 kB
20220314 014109.852 INFO             PET0 PIOc_sync Exit - MemInfo: [/proc/meminfo - SSI]	Committed_AS:    2883256 kB
20220314 014109.852 INFO             PET0 PIOc_sync Exit - MemInfo: [/proc/meminfo - SSI]	CommittedPercent: 4.37813 %
20220314 014109.852 INFO             PET0 PIOc_sync Exit - MemInfo: [/proc/self/status]	VmPeak:	   85460 kB
20220314 014109.852 INFO             PET0 PIOc_sync Exit - MemInfo: [/proc/self/status]	VmSize:	   85416 kB
20220314 014109.852 INFO             PET0 PIOc_sync Exit - MemInfo: [/proc/self/status]	VmLck:	       0 kB
20220314 014109.852 INFO             PET0 PIOc_sync Exit - MemInfo: [/proc/self/status]	VmPin:	       0 kB
20220314 014109.852 INFO             PET0 PIOc_sync Exit - MemInfo: [/proc/self/status]	VmHWM:	   24764 kB
20220314 014109.852 INFO             PET0 PIOc_sync Exit - MemInfo: [/proc/self/status]	VmRSS:	   21140 kB
20220314 014109.852 INFO             PET0 PIOc_sync Exit - MemInfo: [/proc/self/status]	VmData:	   19204 kB
20220314 014109.852 INFO             PET0 PIOc_sync Exit - MemInfo: [/proc/self/status]	VmStk:	     164 kB
20220314 014109.852 INFO             PET0 PIOc_sync Exit - MemInfo: [/proc/self/status]	VmExe:	   40664 kB
20220314 014109.852 INFO             PET0 PIOc_sync Exit - MemInfo: [/proc/self/status]	VmLib:	    1952 kB
20220314 014109.852 INFO             PET0 PIOc_sync Exit - MemInfo: [/proc/self/status]	VmPTE:	     168 kB
20220314 014109.852 INFO             PET0 PIOc_sync Exit - MemInfo: [/proc/self/status]	VmPMD:	      12 kB
20220314 014109.852 INFO             PET0 PIOc_sync Exit - MemInfo: [/proc/self/status]	VmSwap:	       0 kB
20220314 014109.852 INFO             PET0 PIOc_sync Exit - MemInfo: [/proc/self/status]	VmRSSPercent: 0.0321004 %
20220314 014109.852 INFO             PET0 PIOc_sync Exit - MemInfo: [malloc] Non-mmapped space allocated:                10787136 Byte
20220314 014109.852 INFO             PET0 PIOc_sync Exit - MemInfo: [malloc] Space allocated in mmapped regions:          4521984 Byte
20220314 014109.852 INFO             PET0 PIOc_sync Exit - MemInfo: [malloc] Maximum total allocated space:                     0 Byte
20220314 014109.852 INFO             PET0 PIOc_sync Exit - MemInfo: [malloc] Space in freed fastbin blocks:                     0 Byte
20220314 014109.852 INFO             PET0 PIOc_sync Exit - MemInfo: [malloc] Total allocated space:                      10633904 Byte
20220314 014109.852 INFO             PET0 PIOc_sync Exit - MemInfo: [malloc] Total free space:                             153232 Byte
20220314 014109.852 INFO             PET0 PIOc_sync Exit - MemInfo: [malloc] Top-most, releasable space:                   133728 Byte
20220314 014109.852 INFO             PET0 PIOc_sync Exit - MemInfo: [malloc] Total space in use, mmap + non-mmap:        15155888 Byte
20220314 014109.852 INFO             PET0 PIOc_sync Exit - MemInfo: [malloc] Total space held (mmap + non-mmap):         15309120 Byte
20220314 014109.852 INFO             PET0 PIOc_sync Exit - MemInfo: [malloc] Total space used (mmap + non-mmap):         15164208 Byte
20220314 014109.852 INFO             PET0 PIOc_sync Exit - MemInfo: Wall-clock time since execution start:               0.136781 seconds
20220314 014109.852 INFO             PET0 PIOc_freedecomp Enter - MemInfo: [/proc/meminfo - SSI]	MemTotal:       65855856 kB
20220314 014109.852 INFO             PET0 PIOc_freedecomp Enter - MemInfo: [/proc/meminfo - SSI]	MemFree:        61170568 kB
20220314 014109.852 INFO             PET0 PIOc_freedecomp Enter - MemInfo: [/proc/meminfo - SSI]	MemAvailable:   60951388 kB
20220314 014109.852 INFO             PET0 PIOc_freedecomp Enter - MemInfo: [/proc/meminfo - SSI]	Committed_AS:    2883256 kB
20220314 014109.852 INFO             PET0 PIOc_freedecomp Enter - MemInfo: [/proc/meminfo - SSI]	CommittedPercent: 4.37813 %
20220314 014109.852 INFO             PET0 PIOc_freedecomp Enter - MemInfo: [/proc/self/status]	VmPeak:	   85460 kB
20220314 014109.852 INFO             PET0 PIOc_freedecomp Enter - MemInfo: [/proc/self/status]	VmSize:	   85416 kB
20220314 014109.852 INFO             PET0 PIOc_freedecomp Enter - MemInfo: [/proc/self/status]	VmLck:	       0 kB
20220314 014109.852 INFO             PET0 PIOc_freedecomp Enter - MemInfo: [/proc/self/status]	VmPin:	       0 kB
20220314 014109.852 INFO             PET0 PIOc_freedecomp Enter - MemInfo: [/proc/self/status]	VmHWM:	   24764 kB
20220314 014109.852 INFO             PET0 PIOc_freedecomp Enter - MemInfo: [/proc/self/status]	VmRSS:	   21140 kB
20220314 014109.852 INFO             PET0 PIOc_freedecomp Enter - MemInfo: [/proc/self/status]	VmData:	   19204 kB
20220314 014109.852 INFO             PET0 PIOc_freedecomp Enter - MemInfo: [/proc/self/status]	VmStk:	     164 kB
20220314 014109.852 INFO             PET0 PIOc_freedecomp Enter - MemInfo: [/proc/self/status]	VmExe:	   40664 kB
20220314 014109.852 INFO             PET0 PIOc_freedecomp Enter - MemInfo: [/proc/self/status]	VmLib:	    1952 kB
20220314 014109.852 INFO             PET0 PIOc_freedecomp Enter - MemInfo: [/proc/self/status]	VmPTE:	     168 kB
20220314 014109.852 INFO             PET0 PIOc_freedecomp Enter - MemInfo: [/proc/self/status]	VmPMD:	      12 kB
20220314 014109.852 INFO             PET0 PIOc_freedecomp Enter - MemInfo: [/proc/self/status]	VmSwap:	       0 kB
20220314 014109.852 INFO             PET0 PIOc_freedecomp Enter - MemInfo: [/proc/self/status]	VmRSSPercent: 0.0321004 %
20220314 014109.852 INFO             PET0 PIOc_freedecomp Enter - MemInfo: [malloc] Non-mmapped space allocated:                10787136 Byte
20220314 014109.852 INFO             PET0 PIOc_freedecomp Enter - MemInfo: [malloc] Space allocated in mmapped regions:          4521984 Byte
20220314 014109.852 INFO             PET0 PIOc_freedecomp Enter - MemInfo: [malloc] Maximum total allocated space:                     0 Byte
20220314 014109.852 INFO             PET0 PIOc_freedecomp Enter - MemInfo: [malloc] Space in freed fastbin blocks:                   256 Byte
20220314 014109.852 INFO             PET0 PIOc_freedecomp Enter - MemInfo: [malloc] Total allocated space:                       1709104 Byte
20220314 014109.852 INFO             PET0 PIOc_freedecomp Enter - MemInfo: [malloc] Total free space:                            9078032 Byte
20220314 014109.852 INFO             PET0 PIOc_freedecomp Enter - MemInfo: [malloc] Top-most, releasable space:                  9046656 Byte
20220314 014109.852 INFO             PET0 PIOc_freedecomp Enter - MemInfo: [malloc] Total space in use, mmap + non-mmap:         6231088 Byte
20220314 014109.852 INFO             PET0 PIOc_freedecomp Enter - MemInfo: [malloc] Total space held (mmap + non-mmap):         15309120 Byte
20220314 014109.852 INFO             PET0 PIOc_freedecomp Enter - MemInfo: [malloc] Total space used (mmap + non-mmap):          6239296 Byte
20220314 014109.853 INFO             PET0 PIOc_freedecomp Enter - MemInfo: Wall-clock time since execution start:               0.137387 seconds
20220314 014109.853 INFO             PET0 PIOc_freedecomp Exit - MemInfo: [/proc/meminfo - SSI]	MemTotal:       65855856 kB
20220314 014109.853 INFO             PET0 PIOc_freedecomp Exit - MemInfo: [/proc/meminfo - SSI]	MemFree:        61170568 kB
20220314 014109.853 INFO             PET0 PIOc_freedecomp Exit - MemInfo: [/proc/meminfo - SSI]	MemAvailable:   60951388 kB
20220314 014109.853 INFO             PET0 PIOc_freedecomp Exit - MemInfo: [/proc/meminfo - SSI]	Committed_AS:    2883256 kB
20220314 014109.853 INFO             PET0 PIOc_freedecomp Exit - MemInfo: [/proc/meminfo - SSI]	CommittedPercent: 4.37813 %
20220314 014109.853 INFO             PET0 PIOc_freedecomp Exit - MemInfo: [/proc/self/status]	VmPeak:	   85460 kB
20220314 014109.853 INFO             PET0 PIOc_freedecomp Exit - MemInfo: [/proc/self/status]	VmSize:	   85416 kB
20220314 014109.853 INFO             PET0 PIOc_freedecomp Exit - MemInfo: [/proc/self/status]	VmLck:	       0 kB
20220314 014109.853 INFO             PET0 PIOc_freedecomp Exit - MemInfo: [/proc/self/status]	VmPin:	       0 kB
20220314 014109.853 INFO             PET0 PIOc_freedecomp Exit - MemInfo: [/proc/self/status]	VmHWM:	   24764 kB
20220314 014109.853 INFO             PET0 PIOc_freedecomp Exit - MemInfo: [/proc/self/status]	VmRSS:	   21140 kB
20220314 014109.853 INFO             PET0 PIOc_freedecomp Exit - MemInfo: [/proc/self/status]	VmData:	   19204 kB
20220314 014109.853 INFO             PET0 PIOc_freedecomp Exit - MemInfo: [/proc/self/status]	VmStk:	     164 kB
20220314 014109.853 INFO             PET0 PIOc_freedecomp Exit - MemInfo: [/proc/self/status]	VmExe:	   40664 kB
20220314 014109.853 INFO             PET0 PIOc_freedecomp Exit - MemInfo: [/proc/self/status]	VmLib:	    1952 kB
20220314 014109.853 INFO             PET0 PIOc_freedecomp Exit - MemInfo: [/proc/self/status]	VmPTE:	     168 kB
20220314 014109.853 INFO             PET0 PIOc_freedecomp Exit - MemInfo: [/proc/self/status]	VmPMD:	      12 kB
20220314 014109.853 INFO             PET0 PIOc_freedecomp Exit - MemInfo: [/proc/self/status]	VmSwap:	       0 kB
20220314 014109.853 INFO             PET0 PIOc_freedecomp Exit - MemInfo: [/proc/self/status]	VmRSSPercent: 0.0321004 %
20220314 014109.853 INFO             PET0 PIOc_freedecomp Exit - MemInfo: [malloc] Non-mmapped space allocated:                10787136 Byte
20220314 014109.853 INFO             PET0 PIOc_freedecomp Exit - MemInfo: [malloc] Space allocated in mmapped regions:          4521984 Byte
20220314 014109.853 INFO             PET0 PIOc_freedecomp Exit - MemInfo: [malloc] Maximum total allocated space:                     0 Byte
20220314 014109.853 INFO             PET0 PIOc_freedecomp Exit - MemInfo: [malloc] Space in freed fastbin blocks:                  1344 Byte
20220314 014109.853 INFO             PET0 PIOc_freedecomp Exit - MemInfo: [malloc] Total allocated space:                       1704864 Byte
20220314 014109.853 INFO             PET0 PIOc_freedecomp Exit - MemInfo: [malloc] Total free space:                            9082272 Byte
20220314 014109.853 INFO             PET0 PIOc_freedecomp Exit - MemInfo: [malloc] Top-most, releasable space:                  9046656 Byte
20220314 014109.853 INFO             PET0 PIOc_freedecomp Exit - MemInfo: [malloc] Total space in use, mmap + non-mmap:         6226848 Byte
20220314 014109.853 INFO             PET0 PIOc_freedecomp Exit - MemInfo: [malloc] Total space held (mmap + non-mmap):         15309120 Byte
20220314 014109.853 INFO             PET0 PIOc_freedecomp Exit - MemInfo: [malloc] Total space used (mmap + non-mmap):          6235056 Byte
20220314 014109.853 INFO             PET0 PIOc_freedecomp Exit - MemInfo: Wall-clock time since execution start:               0.137829 seconds
20220314 014109.853 INFO             PET0 PASS ESMC_FieldRegridStoreFile test, ESMC_FieldSMMFromFileUTest.C, line 199
20220314 014109.860 INFO             PET0 PASS ESMC_FieldSMMStore from File test, ESMC_FieldSMMFromFileUTest.C, line 229
20220314 014109.860 INFO             PET0 PASS ESMC_FieldSMMStore From File validation, ESMC_FieldSMMFromFileUTest.C, line 257
20220314 014109.861 INFO             PET0 PASS ESMC_FieldRegridRelease, ESMC_FieldSMMFromFileUTest.C, line 271
20220314 014109.861 INFO             PET0 Ending Test, file ESMC_FieldSMMFromFileUTest.C, line 289
20220314 014109.861 INFO             PET0 Finalizing ESMF
20220314 014109.733 INFO             PET1 !!!!!!!!!!!!!!!!!!!!!!!!!!!!!!!!!!!!!!!!!!!!!!!!!!!!!!
20220314 014109.733 INFO             PET1 !!! THE ESMF_LOG IS SET TO OUTPUT ALL LOG MESSAGES !!!
20220314 014109.733 INFO             PET1 !!!     THIS MAY CAUSE SLOWDOWN IN PERFORMANCE     !!!
20220314 014109.733 INFO             PET1 !!! FOR PRODUCTION RUNS, USE:                      !!!
20220314 014109.733 INFO             PET1 !!!                   ESMF_LOGKIND_Multi_On_Error  !!!
20220314 014109.733 INFO             PET1 !!!!!!!!!!!!!!!!!!!!!!!!!!!!!!!!!!!!!!!!!!!!!!!!!!!!!!
20220314 014109.733 INFO             PET1 Running with ESMF Version   : v8.3.0b09-96-g559b459836
20220314 014109.733 INFO             PET1 ESMF library build date/time: "Mar 14 2022" "00:45:31"
20220314 014109.733 INFO             PET1 ESMF library build location : /lustre/f2/dev/ncep/Mark.Potts/gfortran_8.3.0_mpi_g_jedwards_pio_update2
20220314 014109.733 INFO             PET1 ESMF_COMM                   : mpi
20220314 014109.734 INFO             PET1 ESMF_MOAB                   : enabled
20220314 014109.734 INFO             PET1 ESMF_LAPACK                 : enabled
20220314 014109.734 INFO             PET1 ESMF_NETCDF                 : enabled
20220314 014109.734 INFO             PET1 ESMF_PNETCDF                : disabled
20220314 014109.734 INFO             PET1 ESMF_PIO                    : enabled
20220314 014109.734 INFO             PET1 ESMF_YAMLCPP                : enabled
20220314 014109.734 INFO             PET1 Beginning Test, file ESMC_FieldSMMFromFileUTest.C, line 41
20220314 014109.734 INFO             PET1 Beginning Test, file ESMC_FieldSMMFromFileUTest.C, line 41NUMBER_OF_PROCESSORS 4
20220314 014109.840 INFO             PET1 PIOc_sync Enter - MemInfo: [/proc/meminfo - SSI]	MemTotal:       65855856 kB
20220314 014109.840 INFO             PET1 PIOc_sync Enter - MemInfo: [/proc/meminfo - SSI]	MemFree:        61167040 kB
20220314 014109.840 INFO             PET1 PIOc_sync Enter - MemInfo: [/proc/meminfo - SSI]	MemAvailable:   60947608 kB
20220314 014109.840 INFO             PET1 PIOc_sync Enter - MemInfo: [/proc/meminfo - SSI]	Committed_AS:    2882916 kB
20220314 014109.840 INFO             PET1 PIOc_sync Enter - MemInfo: [/proc/meminfo - SSI]	CommittedPercent: 4.37762 %
20220314 014109.840 INFO             PET1 PIOc_sync Enter - MemInfo: [/proc/self/status]	VmPeak:	   76636 kB
20220314 014109.840 INFO             PET1 PIOc_sync Enter - MemInfo: [/proc/self/status]	VmSize:	   76168 kB
20220314 014109.840 INFO             PET1 PIOc_sync Enter - MemInfo: [/proc/self/status]	VmLck:	       0 kB
20220314 014109.840 INFO             PET1 PIOc_sync Enter - MemInfo: [/proc/self/status]	VmPin:	       0 kB
20220314 014109.840 INFO             PET1 PIOc_sync Enter - MemInfo: [/proc/self/status]	VmHWM:	   14636 kB
20220314 014109.840 INFO             PET1 PIOc_sync Enter - MemInfo: [/proc/self/status]	VmRSS:	   14636 kB
20220314 014109.840 INFO             PET1 PIOc_sync Enter - MemInfo: [/proc/self/status]	VmData:	    9920 kB
20220314 014109.840 INFO             PET1 PIOc_sync Enter - MemInfo: [/proc/self/status]	VmStk:	     164 kB
20220314 014109.840 INFO             PET1 PIOc_sync Enter - MemInfo: [/proc/self/status]	VmExe:	   40664 kB
20220314 014109.840 INFO             PET1 PIOc_sync Enter - MemInfo: [/proc/self/status]	VmLib:	    1952 kB
20220314 014109.840 INFO             PET1 PIOc_sync Enter - MemInfo: [/proc/self/status]	VmPTE:	     160 kB
20220314 014109.840 INFO             PET1 PIOc_sync Enter - MemInfo: [/proc/self/status]	VmPMD:	      12 kB
20220314 014109.840 INFO             PET1 PIOc_sync Enter - MemInfo: [/proc/self/status]	VmSwap:	       0 kB
20220314 014109.840 INFO             PET1 PIOc_sync Enter - MemInfo: [/proc/self/status]	VmRSSPercent: 0.0222243 %
20220314 014109.840 INFO             PET1 PIOc_sync Enter - MemInfo: [malloc] Non-mmapped space allocated:                 1280320 Byte
20220314 014109.840 INFO             PET1 PIOc_sync Enter - MemInfo: [malloc] Space allocated in mmapped regions:          4521984 Byte
20220314 014109.840 INFO             PET1 PIOc_sync Enter - MemInfo: [malloc] Maximum total allocated space:                     0 Byte
20220314 014109.840 INFO             PET1 PIOc_sync Enter - MemInfo: [malloc] Space in freed fastbin blocks:                     0 Byte
20220314 014109.841 INFO             PET1 PIOc_sync Enter - MemInfo: [malloc] Total allocated space:                       1136000 Byte
20220314 014109.841 INFO             PET1 PIOc_sync Enter - MemInfo: [malloc] Total free space:                             144320 Byte
20220314 014109.841 INFO             PET1 PIOc_sync Enter - MemInfo: [malloc] Top-most, releasable space:                   131472 Byte
20220314 014109.841 INFO             PET1 PIOc_sync Enter - MemInfo: [malloc] Total space in use, mmap + non-mmap:         5657984 Byte
20220314 014109.841 INFO             PET1 PIOc_sync Enter - MemInfo: [malloc] Total space held (mmap + non-mmap):          5802304 Byte
20220314 014109.841 INFO             PET1 PIOc_sync Enter - MemInfo: [malloc] Total space used (mmap + non-mmap):          5667344 Byte
20220314 014109.841 INFO             PET1 PIOc_sync Enter - MemInfo: Wall-clock time since execution start:               0.125675 seconds
20220314 014109.841 INFO             PET1 PIOc_sync Exit - MemInfo: [/proc/meminfo - SSI]	MemTotal:       65855856 kB
20220314 014109.841 INFO             PET1 PIOc_sync Exit - MemInfo: [/proc/meminfo - SSI]	MemFree:        61166536 kB
20220314 014109.841 INFO             PET1 PIOc_sync Exit - MemInfo: [/proc/meminfo - SSI]	MemAvailable:   60947104 kB
20220314 014109.841 INFO             PET1 PIOc_sync Exit - MemInfo: [/proc/meminfo - SSI]	Committed_AS:    2882916 kB
20220314 014109.841 INFO             PET1 PIOc_sync Exit - MemInfo: [/proc/meminfo - SSI]	CommittedPercent: 4.37762 %
20220314 014109.841 INFO             PET1 PIOc_sync Exit - MemInfo: [/proc/self/status]	VmPeak:	   76636 kB
20220314 014109.841 INFO             PET1 PIOc_sync Exit - MemInfo: [/proc/self/status]	VmSize:	   76168 kB
20220314 014109.841 INFO             PET1 PIOc_sync Exit - MemInfo: [/proc/self/status]	VmLck:	       0 kB
20220314 014109.841 INFO             PET1 PIOc_sync Exit - MemInfo: [/proc/self/status]	VmPin:	       0 kB
20220314 014109.841 INFO             PET1 PIOc_sync Exit - MemInfo: [/proc/self/status]	VmHWM:	   14636 kB
20220314 014109.841 INFO             PET1 PIOc_sync Exit - MemInfo: [/proc/self/status]	VmRSS:	   14636 kB
20220314 014109.841 INFO             PET1 PIOc_sync Exit - MemInfo: [/proc/self/status]	VmData:	    9920 kB
20220314 014109.841 INFO             PET1 PIOc_sync Exit - MemInfo: [/proc/self/status]	VmStk:	     164 kB
20220314 014109.841 INFO             PET1 PIOc_sync Exit - MemInfo: [/proc/self/status]	VmExe:	   40664 kB
20220314 014109.841 INFO             PET1 PIOc_sync Exit - MemInfo: [/proc/self/status]	VmLib:	    1952 kB
20220314 014109.842 INFO             PET1 PIOc_sync Exit - MemInfo: [/proc/self/status]	VmPTE:	     160 kB
20220314 014109.842 INFO             PET1 PIOc_sync Exit - MemInfo: [/proc/self/status]	VmPMD:	      12 kB
20220314 014109.842 INFO             PET1 PIOc_sync Exit - MemInfo: [/proc/self/status]	VmSwap:	       0 kB
20220314 014109.842 INFO             PET1 PIOc_sync Exit - MemInfo: [/proc/self/status]	VmRSSPercent: 0.0222243 %
20220314 014109.842 INFO             PET1 PIOc_sync Exit - MemInfo: [malloc] Non-mmapped space allocated:                 1280320 Byte
20220314 014109.842 INFO             PET1 PIOc_sync Exit - MemInfo: [malloc] Space allocated in mmapped regions:          4521984 Byte
20220314 014109.842 INFO             PET1 PIOc_sync Exit - MemInfo: [malloc] Maximum total allocated space:                     0 Byte
20220314 014109.842 INFO             PET1 PIOc_sync Exit - MemInfo: [malloc] Space in freed fastbin blocks:                     0 Byte
20220314 014109.842 INFO             PET1 PIOc_sync Exit - MemInfo: [malloc] Total allocated space:                       1137552 Byte
20220314 014109.842 INFO             PET1 PIOc_sync Exit - MemInfo: [malloc] Total free space:                             142768 Byte
20220314 014109.842 INFO             PET1 PIOc_sync Exit - MemInfo: [malloc] Top-most, releasable space:                   131248 Byte
20220314 014109.842 INFO             PET1 PIOc_sync Exit - MemInfo: [malloc] Total space in use, mmap + non-mmap:         5659536 Byte
20220314 014109.842 INFO             PET1 PIOc_sync Exit - MemInfo: [malloc] Total space held (mmap + non-mmap):          5802304 Byte
20220314 014109.842 INFO             PET1 PIOc_sync Exit - MemInfo: [malloc] Total space used (mmap + non-mmap):          5668368 Byte
20220314 014109.842 INFO             PET1 PIOc_sync Exit - MemInfo: Wall-clock time since execution start:               0.126799 seconds
20220314 014109.842 INFO             PET1 PIOc_freedecomp Enter - MemInfo: [/proc/meminfo - SSI]	MemTotal:       65855856 kB
20220314 014109.842 INFO             PET1 PIOc_freedecomp Enter - MemInfo: [/proc/meminfo - SSI]	MemFree:        61173592 kB
20220314 014109.842 INFO             PET1 PIOc_freedecomp Enter - MemInfo: [/proc/meminfo - SSI]	MemAvailable:   60954160 kB
20220314 014109.842 INFO             PET1 PIOc_freedecomp Enter - MemInfo: [/proc/meminfo - SSI]	Committed_AS:    2875104 kB
20220314 014109.842 INFO             PET1 PIOc_freedecomp Enter - MemInfo: [/proc/meminfo - SSI]	CommittedPercent: 4.36575 %
20220314 014109.842 INFO             PET1 PIOc_freedecomp Enter - MemInfo: [/proc/self/status]	VmPeak:	   76636 kB
20220314 014109.842 INFO             PET1 PIOc_freedecomp Enter - MemInfo: [/proc/self/status]	VmSize:	   76168 kB
20220314 014109.842 INFO             PET1 PIOc_freedecomp Enter - MemInfo: [/proc/self/status]	VmLck:	       0 kB
20220314 014109.842 INFO             PET1 PIOc_freedecomp Enter - MemInfo: [/proc/self/status]	VmPin:	       0 kB
20220314 014109.842 INFO             PET1 PIOc_freedecomp Enter - MemInfo: [/proc/self/status]	VmHWM:	   14636 kB
20220314 014109.842 INFO             PET1 PIOc_freedecomp Enter - MemInfo: [/proc/self/status]	VmRSS:	   14636 kB
20220314 014109.843 INFO             PET1 PIOc_freedecomp Enter - MemInfo: [/proc/self/status]	VmData:	    9920 kB
20220314 014109.843 INFO             PET1 PIOc_freedecomp Enter - MemInfo: [/proc/self/status]	VmStk:	     164 kB
20220314 014109.843 INFO             PET1 PIOc_freedecomp Enter - MemInfo: [/proc/self/status]	VmExe:	   40664 kB
20220314 014109.843 INFO             PET1 PIOc_freedecomp Enter - MemInfo: [/proc/self/status]	VmLib:	    1952 kB
20220314 014109.843 INFO             PET1 PIOc_freedecomp Enter - MemInfo: [/proc/self/status]	VmPTE:	     160 kB
20220314 014109.843 INFO             PET1 PIOc_freedecomp Enter - MemInfo: [/proc/self/status]	VmPMD:	      12 kB
20220314 014109.843 INFO             PET1 PIOc_freedecomp Enter - MemInfo: [/proc/self/status]	VmSwap:	       0 kB
20220314 014109.843 INFO             PET1 PIOc_freedecomp Enter - MemInfo: [/proc/self/status]	VmRSSPercent: 0.0222243 %
20220314 014109.843 INFO             PET1 PIOc_freedecomp Enter - MemInfo: [malloc] Non-mmapped space allocated:                 1280320 Byte
20220314 014109.843 INFO             PET1 PIOc_freedecomp Enter - MemInfo: [malloc] Space allocated in mmapped regions:          4521984 Byte
20220314 014109.843 INFO             PET1 PIOc_freedecomp Enter - MemInfo: [malloc] Maximum total allocated space:                     0 Byte
20220314 014109.843 INFO             PET1 PIOc_freedecomp Enter - MemInfo: [malloc] Space in freed fastbin blocks:                     0 Byte
20220314 014109.843 INFO             PET1 PIOc_freedecomp Enter - MemInfo: [malloc] Total allocated space:                       1138368 Byte
20220314 014109.843 INFO             PET1 PIOc_freedecomp Enter - MemInfo: [malloc] Total free space:                             141952 Byte
20220314 014109.843 INFO             PET1 PIOc_freedecomp Enter - MemInfo: [malloc] Top-most, releasable space:                   131024 Byte
20220314 014109.843 INFO             PET1 PIOc_freedecomp Enter - MemInfo: [malloc] Total space in use, mmap + non-mmap:         5660352 Byte
20220314 014109.843 INFO             PET1 PIOc_freedecomp Enter - MemInfo: [malloc] Total space held (mmap + non-mmap):          5802304 Byte
20220314 014109.843 INFO             PET1 PIOc_freedecomp Enter - MemInfo: [malloc] Total space used (mmap + non-mmap):          5669072 Byte
20220314 014109.843 INFO             PET1 PIOc_freedecomp Enter - MemInfo: Wall-clock time since execution start:               0.127835 seconds
20220314 014109.843 INFO             PET1 PIOc_freedecomp Exit - MemInfo: [/proc/meminfo - SSI]	MemTotal:       65855856 kB
20220314 014109.843 INFO             PET1 PIOc_freedecomp Exit - MemInfo: [/proc/meminfo - SSI]	MemFree:        61173592 kB
20220314 014109.843 INFO             PET1 PIOc_freedecomp Exit - MemInfo: [/proc/meminfo - SSI]	MemAvailable:   60954160 kB
20220314 014109.843 INFO             PET1 PIOc_freedecomp Exit - MemInfo: [/proc/meminfo - SSI]	Committed_AS:    2875104 kB
20220314 014109.843 INFO             PET1 PIOc_freedecomp Exit - MemInfo: [/proc/meminfo - SSI]	CommittedPercent: 4.36575 %
20220314 014109.843 INFO             PET1 PIOc_freedecomp Exit - MemInfo: [/proc/self/status]	VmPeak:	   76636 kB
20220314 014109.843 INFO             PET1 PIOc_freedecomp Exit - MemInfo: [/proc/self/status]	VmSize:	   76168 kB
20220314 014109.843 INFO             PET1 PIOc_freedecomp Exit - MemInfo: [/proc/self/status]	VmLck:	       0 kB
20220314 014109.843 INFO             PET1 PIOc_freedecomp Exit - MemInfo: [/proc/self/status]	VmPin:	       0 kB
20220314 014109.843 INFO             PET1 PIOc_freedecomp Exit - MemInfo: [/proc/self/status]	VmHWM:	   14636 kB
20220314 014109.843 INFO             PET1 PIOc_freedecomp Exit - MemInfo: [/proc/self/status]	VmRSS:	   14636 kB
20220314 014109.843 INFO             PET1 PIOc_freedecomp Exit - MemInfo: [/proc/self/status]	VmData:	    9920 kB
20220314 014109.843 INFO             PET1 PIOc_freedecomp Exit - MemInfo: [/proc/self/status]	VmStk:	     164 kB
20220314 014109.843 INFO             PET1 PIOc_freedecomp Exit - MemInfo: [/proc/self/status]	VmExe:	   40664 kB
20220314 014109.843 INFO             PET1 PIOc_freedecomp Exit - MemInfo: [/proc/self/status]	VmLib:	    1952 kB
20220314 014109.843 INFO             PET1 PIOc_freedecomp Exit - MemInfo: [/proc/self/status]	VmPTE:	     160 kB
20220314 014109.843 INFO             PET1 PIOc_freedecomp Exit - MemInfo: [/proc/self/status]	VmPMD:	      12 kB
20220314 014109.843 INFO             PET1 PIOc_freedecomp Exit - MemInfo: [/proc/self/status]	VmSwap:	       0 kB
20220314 014109.843 INFO             PET1 PIOc_freedecomp Exit - MemInfo: [/proc/self/status]	VmRSSPercent: 0.0222243 %
20220314 014109.843 INFO             PET1 PIOc_freedecomp Exit - MemInfo: [malloc] Non-mmapped space allocated:                 1280320 Byte
20220314 014109.843 INFO             PET1 PIOc_freedecomp Exit - MemInfo: [malloc] Space allocated in mmapped regions:          4521984 Byte
20220314 014109.843 INFO             PET1 PIOc_freedecomp Exit - MemInfo: [malloc] Maximum total allocated space:                     0 Byte
20220314 014109.843 INFO             PET1 PIOc_freedecomp Exit - MemInfo: [malloc] Space in freed fastbin blocks:                   192 Byte
20220314 014109.843 INFO             PET1 PIOc_freedecomp Exit - MemInfo: [malloc] Total allocated space:                       1138384 Byte
20220314 014109.843 INFO             PET1 PIOc_freedecomp Exit - MemInfo: [malloc] Total free space:                             141936 Byte
20220314 014109.843 INFO             PET1 PIOc_freedecomp Exit - MemInfo: [malloc] Top-most, releasable space:                   130800 Byte
20220314 014109.843 INFO             PET1 PIOc_freedecomp Exit - MemInfo: [malloc] Total space in use, mmap + non-mmap:         5660368 Byte
20220314 014109.843 INFO             PET1 PIOc_freedecomp Exit - MemInfo: [malloc] Total space held (mmap + non-mmap):          5802304 Byte
20220314 014109.843 INFO             PET1 PIOc_freedecomp Exit - MemInfo: [malloc] Total space used (mmap + non-mmap):          5669264 Byte
20220314 014109.843 INFO             PET1 PIOc_freedecomp Exit - MemInfo: Wall-clock time since execution start:               0.128252 seconds
20220314 014109.847 INFO             PET1 PIOc_sync Enter - MemInfo: [/proc/meminfo - SSI]	MemTotal:       65855856 kB
20220314 014109.847 INFO             PET1 PIOc_sync Enter - MemInfo: [/proc/meminfo - SSI]	MemFree:        61170568 kB
20220314 014109.847 INFO             PET1 PIOc_sync Enter - MemInfo: [/proc/meminfo - SSI]	MemAvailable:   60951388 kB
20220314 014109.847 INFO             PET1 PIOc_sync Enter - MemInfo: [/proc/meminfo - SSI]	Committed_AS:    2883256 kB
20220314 014109.847 INFO             PET1 PIOc_sync Enter - MemInfo: [/proc/meminfo - SSI]	CommittedPercent: 4.37813 %
20220314 014109.847 INFO             PET1 PIOc_sync Enter - MemInfo: [/proc/self/status]	VmPeak:	   76636 kB
20220314 014109.847 INFO             PET1 PIOc_sync Enter - MemInfo: [/proc/self/status]	VmSize:	   76132 kB
20220314 014109.847 INFO             PET1 PIOc_sync Enter - MemInfo: [/proc/self/status]	VmLck:	       0 kB
20220314 014109.847 INFO             PET1 PIOc_sync Enter - MemInfo: [/proc/self/status]	VmPin:	       0 kB
20220314 014109.847 INFO             PET1 PIOc_sync Enter - MemInfo: [/proc/self/status]	VmHWM:	   14740 kB
20220314 014109.847 INFO             PET1 PIOc_sync Enter - MemInfo: [/proc/self/status]	VmRSS:	   14724 kB
20220314 014109.847 INFO             PET1 PIOc_sync Enter - MemInfo: [/proc/self/status]	VmData:	    9920 kB
20220314 014109.847 INFO             PET1 PIOc_sync Enter - MemInfo: [/proc/self/status]	VmStk:	     164 kB
20220314 014109.847 INFO             PET1 PIOc_sync Enter - MemInfo: [/proc/self/status]	VmExe:	   40664 kB
20220314 014109.847 INFO             PET1 PIOc_sync Enter - MemInfo: [/proc/self/status]	VmLib:	    1952 kB
20220314 014109.847 INFO             PET1 PIOc_sync Enter - MemInfo: [/proc/self/status]	VmPTE:	     160 kB
20220314 014109.847 INFO             PET1 PIOc_sync Enter - MemInfo: [/proc/self/status]	VmPMD:	      12 kB
20220314 014109.847 INFO             PET1 PIOc_sync Enter - MemInfo: [/proc/self/status]	VmSwap:	       0 kB
20220314 014109.847 INFO             PET1 PIOc_sync Enter - MemInfo: [/proc/self/status]	VmRSSPercent: 0.0223579 %
20220314 014109.847 INFO             PET1 PIOc_sync Enter - MemInfo: [malloc] Non-mmapped space allocated:                 1280320 Byte
20220314 014109.847 INFO             PET1 PIOc_sync Enter - MemInfo: [malloc] Space allocated in mmapped regions:          4521984 Byte
20220314 014109.847 INFO             PET1 PIOc_sync Enter - MemInfo: [malloc] Maximum total allocated space:                     0 Byte
20220314 014109.847 INFO             PET1 PIOc_sync Enter - MemInfo: [malloc] Space in freed fastbin blocks:                   240 Byte
20220314 014109.847 INFO             PET1 PIOc_sync Enter - MemInfo: [malloc] Total allocated space:                       1140032 Byte
20220314 014109.847 INFO             PET1 PIOc_sync Enter - MemInfo: [malloc] Total free space:                             140288 Byte
20220314 014109.847 INFO             PET1 PIOc_sync Enter - MemInfo: [malloc] Top-most, releasable space:                   130576 Byte
20220314 014109.847 INFO             PET1 PIOc_sync Enter - MemInfo: [malloc] Total space in use, mmap + non-mmap:         5662016 Byte
20220314 014109.847 INFO             PET1 PIOc_sync Enter - MemInfo: [malloc] Total space held (mmap + non-mmap):          5802304 Byte
20220314 014109.847 INFO             PET1 PIOc_sync Enter - MemInfo: [malloc] Total space used (mmap + non-mmap):          5670464 Byte
20220314 014109.847 INFO             PET1 PIOc_sync Enter - MemInfo: Wall-clock time since execution start:               0.132346 seconds
20220314 014109.847 INFO             PET1 PIOc_sync Exit - MemInfo: [/proc/meminfo - SSI]	MemTotal:       65855856 kB
20220314 014109.847 INFO             PET1 PIOc_sync Exit - MemInfo: [/proc/meminfo - SSI]	MemFree:        61170568 kB
20220314 014109.847 INFO             PET1 PIOc_sync Exit - MemInfo: [/proc/meminfo - SSI]	MemAvailable:   60951388 kB
20220314 014109.847 INFO             PET1 PIOc_sync Exit - MemInfo: [/proc/meminfo - SSI]	Committed_AS:    2883256 kB
20220314 014109.847 INFO             PET1 PIOc_sync Exit - MemInfo: [/proc/meminfo - SSI]	CommittedPercent: 4.37813 %
20220314 014109.848 INFO             PET1 PIOc_sync Exit - MemInfo: [/proc/self/status]	VmPeak:	   76636 kB
20220314 014109.848 INFO             PET1 PIOc_sync Exit - MemInfo: [/proc/self/status]	VmSize:	   76132 kB
20220314 014109.848 INFO             PET1 PIOc_sync Exit - MemInfo: [/proc/self/status]	VmLck:	       0 kB
20220314 014109.848 INFO             PET1 PIOc_sync Exit - MemInfo: [/proc/self/status]	VmPin:	       0 kB
20220314 014109.848 INFO             PET1 PIOc_sync Exit - MemInfo: [/proc/self/status]	VmHWM:	   14740 kB
20220314 014109.848 INFO             PET1 PIOc_sync Exit - MemInfo: [/proc/self/status]	VmRSS:	   14724 kB
20220314 014109.848 INFO             PET1 PIOc_sync Exit - MemInfo: [/proc/self/status]	VmData:	    9920 kB
20220314 014109.848 INFO             PET1 PIOc_sync Exit - MemInfo: [/proc/self/status]	VmStk:	     164 kB
20220314 014109.848 INFO             PET1 PIOc_sync Exit - MemInfo: [/proc/self/status]	VmExe:	   40664 kB
20220314 014109.848 INFO             PET1 PIOc_sync Exit - MemInfo: [/proc/self/status]	VmLib:	    1952 kB
20220314 014109.848 INFO             PET1 PIOc_sync Exit - MemInfo: [/proc/self/status]	VmPTE:	     160 kB
20220314 014109.848 INFO             PET1 PIOc_sync Exit - MemInfo: [/proc/self/status]	VmPMD:	      12 kB
20220314 014109.848 INFO             PET1 PIOc_sync Exit - MemInfo: [/proc/self/status]	VmSwap:	       0 kB
20220314 014109.848 INFO             PET1 PIOc_sync Exit - MemInfo: [/proc/self/status]	VmRSSPercent: 0.0223579 %
20220314 014109.848 INFO             PET1 PIOc_sync Exit - MemInfo: [malloc] Non-mmapped space allocated:                 1280320 Byte
20220314 014109.848 INFO             PET1 PIOc_sync Exit - MemInfo: [malloc] Space allocated in mmapped regions:          4521984 Byte
20220314 014109.848 INFO             PET1 PIOc_sync Exit - MemInfo: [malloc] Maximum total allocated space:                     0 Byte
20220314 014109.848 INFO             PET1 PIOc_sync Exit - MemInfo: [malloc] Space in freed fastbin blocks:                     0 Byte
20220314 014109.848 INFO             PET1 PIOc_sync Exit - MemInfo: [malloc] Total allocated space:                       1140272 Byte
20220314 014109.848 INFO             PET1 PIOc_sync Exit - MemInfo: [malloc] Total free space:                             140048 Byte
20220314 014109.848 INFO             PET1 PIOc_sync Exit - MemInfo: [malloc] Top-most, releasable space:                   130352 Byte
20220314 014109.848 INFO             PET1 PIOc_sync Exit - MemInfo: [malloc] Total space in use, mmap + non-mmap:         5662256 Byte
20220314 014109.848 INFO             PET1 PIOc_sync Exit - MemInfo: [malloc] Total space held (mmap + non-mmap):          5802304 Byte
20220314 014109.848 INFO             PET1 PIOc_sync Exit - MemInfo: [malloc] Total space used (mmap + non-mmap):          5670464 Byte
20220314 014109.848 INFO             PET1 PIOc_sync Exit - MemInfo: Wall-clock time since execution start:               0.132864 seconds
20220314 014109.848 INFO             PET1 PIOc_freedecomp Enter - MemInfo: [/proc/meminfo - SSI]	MemTotal:       65855856 kB
20220314 014109.848 INFO             PET1 PIOc_freedecomp Enter - MemInfo: [/proc/meminfo - SSI]	MemFree:        61170568 kB
20220314 014109.848 INFO             PET1 PIOc_freedecomp Enter - MemInfo: [/proc/meminfo - SSI]	MemAvailable:   60951388 kB
20220314 014109.848 INFO             PET1 PIOc_freedecomp Enter - MemInfo: [/proc/meminfo - SSI]	Committed_AS:    2883256 kB
20220314 014109.848 INFO             PET1 PIOc_freedecomp Enter - MemInfo: [/proc/meminfo - SSI]	CommittedPercent: 4.37813 %
20220314 014109.848 INFO             PET1 PIOc_freedecomp Enter - MemInfo: [/proc/self/status]	VmPeak:	   76636 kB
20220314 014109.848 INFO             PET1 PIOc_freedecomp Enter - MemInfo: [/proc/self/status]	VmSize:	   76132 kB
20220314 014109.848 INFO             PET1 PIOc_freedecomp Enter - MemInfo: [/proc/self/status]	VmLck:	       0 kB
20220314 014109.848 INFO             PET1 PIOc_freedecomp Enter - MemInfo: [/proc/self/status]	VmPin:	       0 kB
20220314 014109.848 INFO             PET1 PIOc_freedecomp Enter - MemInfo: [/proc/self/status]	VmHWM:	   14740 kB
20220314 014109.848 INFO             PET1 PIOc_freedecomp Enter - MemInfo: [/proc/self/status]	VmRSS:	   14724 kB
20220314 014109.848 INFO             PET1 PIOc_freedecomp Enter - MemInfo: [/proc/self/status]	VmData:	    9920 kB
20220314 014109.848 INFO             PET1 PIOc_freedecomp Enter - MemInfo: [/proc/self/status]	VmStk:	     164 kB
20220314 014109.848 INFO             PET1 PIOc_freedecomp Enter - MemInfo: [/proc/self/status]	VmExe:	   40664 kB
20220314 014109.848 INFO             PET1 PIOc_freedecomp Enter - MemInfo: [/proc/self/status]	VmLib:	    1952 kB
20220314 014109.848 INFO             PET1 PIOc_freedecomp Enter - MemInfo: [/proc/self/status]	VmPTE:	     160 kB
20220314 014109.848 INFO             PET1 PIOc_freedecomp Enter - MemInfo: [/proc/self/status]	VmPMD:	      12 kB
20220314 014109.848 INFO             PET1 PIOc_freedecomp Enter - MemInfo: [/proc/self/status]	VmSwap:	       0 kB
20220314 014109.848 INFO             PET1 PIOc_freedecomp Enter - MemInfo: [/proc/self/status]	VmRSSPercent: 0.0223579 %
20220314 014109.848 INFO             PET1 PIOc_freedecomp Enter - MemInfo: [malloc] Non-mmapped space allocated:                 1280320 Byte
20220314 014109.848 INFO             PET1 PIOc_freedecomp Enter - MemInfo: [malloc] Space allocated in mmapped regions:          4521984 Byte
20220314 014109.848 INFO             PET1 PIOc_freedecomp Enter - MemInfo: [malloc] Maximum total allocated space:                     0 Byte
20220314 014109.848 INFO             PET1 PIOc_freedecomp Enter - MemInfo: [malloc] Space in freed fastbin blocks:                    80 Byte
20220314 014109.848 INFO             PET1 PIOc_freedecomp Enter - MemInfo: [malloc] Total allocated space:                       1139904 Byte
20220314 014109.848 INFO             PET1 PIOc_freedecomp Enter - MemInfo: [malloc] Total free space:                             140416 Byte
20220314 014109.848 INFO             PET1 PIOc_freedecomp Enter - MemInfo: [malloc] Top-most, releasable space:                   130128 Byte
20220314 014109.848 INFO             PET1 PIOc_freedecomp Enter - MemInfo: [malloc] Total space in use, mmap + non-mmap:         5661888 Byte
20220314 014109.848 INFO             PET1 PIOc_freedecomp Enter - MemInfo: [malloc] Total space held (mmap + non-mmap):          5802304 Byte
20220314 014109.848 INFO             PET1 PIOc_freedecomp Enter - MemInfo: [malloc] Total space used (mmap + non-mmap):          5670096 Byte
20220314 014109.848 INFO             PET1 PIOc_freedecomp Enter - MemInfo: Wall-clock time since execution start:               0.133475 seconds
20220314 014109.848 INFO             PET1 PIOc_freedecomp Exit - MemInfo: [/proc/meminfo - SSI]	MemTotal:       65855856 kB
20220314 014109.848 INFO             PET1 PIOc_freedecomp Exit - MemInfo: [/proc/meminfo - SSI]	MemFree:        61170568 kB
20220314 014109.848 INFO             PET1 PIOc_freedecomp Exit - MemInfo: [/proc/meminfo - SSI]	MemAvailable:   60951388 kB
20220314 014109.848 INFO             PET1 PIOc_freedecomp Exit - MemInfo: [/proc/meminfo - SSI]	Committed_AS:    2883256 kB
20220314 014109.848 INFO             PET1 PIOc_freedecomp Exit - MemInfo: [/proc/meminfo - SSI]	CommittedPercent: 4.37813 %
20220314 014109.849 INFO             PET1 PIOc_freedecomp Exit - MemInfo: [/proc/self/status]	VmPeak:	   76636 kB
20220314 014109.849 INFO             PET1 PIOc_freedecomp Exit - MemInfo: [/proc/self/status]	VmSize:	   76132 kB
20220314 014109.849 INFO             PET1 PIOc_freedecomp Exit - MemInfo: [/proc/self/status]	VmLck:	       0 kB
20220314 014109.849 INFO             PET1 PIOc_freedecomp Exit - MemInfo: [/proc/self/status]	VmPin:	       0 kB
20220314 014109.849 INFO             PET1 PIOc_freedecomp Exit - MemInfo: [/proc/self/status]	VmHWM:	   14740 kB
20220314 014109.849 INFO             PET1 PIOc_freedecomp Exit - MemInfo: [/proc/self/status]	VmRSS:	   14724 kB
20220314 014109.849 INFO             PET1 PIOc_freedecomp Exit - MemInfo: [/proc/self/status]	VmData:	    9920 kB
20220314 014109.849 INFO             PET1 PIOc_freedecomp Exit - MemInfo: [/proc/self/status]	VmStk:	     164 kB
20220314 014109.849 INFO             PET1 PIOc_freedecomp Exit - MemInfo: [/proc/self/status]	VmExe:	   40664 kB
20220314 014109.849 INFO             PET1 PIOc_freedecomp Exit - MemInfo: [/proc/self/status]	VmLib:	    1952 kB
20220314 014109.849 INFO             PET1 PIOc_freedecomp Exit - MemInfo: [/proc/self/status]	VmPTE:	     160 kB
20220314 014109.849 INFO             PET1 PIOc_freedecomp Exit - MemInfo: [/proc/self/status]	VmPMD:	      12 kB
20220314 014109.849 INFO             PET1 PIOc_freedecomp Exit - MemInfo: [/proc/self/status]	VmSwap:	       0 kB
20220314 014109.849 INFO             PET1 PIOc_freedecomp Exit - MemInfo: [/proc/self/status]	VmRSSPercent: 0.0223579 %
20220314 014109.849 INFO             PET1 PIOc_freedecomp Exit - MemInfo: [malloc] Non-mmapped space allocated:                 1280320 Byte
20220314 014109.849 INFO             PET1 PIOc_freedecomp Exit - MemInfo: [malloc] Space allocated in mmapped regions:          4521984 Byte
20220314 014109.849 INFO             PET1 PIOc_freedecomp Exit - MemInfo: [malloc] Maximum total allocated space:                     0 Byte
20220314 014109.849 INFO             PET1 PIOc_freedecomp Exit - MemInfo: [malloc] Space in freed fastbin blocks:                   528 Byte
20220314 014109.849 INFO             PET1 PIOc_freedecomp Exit - MemInfo: [malloc] Total allocated space:                       1138544 Byte
20220314 014109.849 INFO             PET1 PIOc_freedecomp Exit - MemInfo: [malloc] Total free space:                             141776 Byte
20220314 014109.849 INFO             PET1 PIOc_freedecomp Exit - MemInfo: [malloc] Top-most, releasable space:                   129904 Byte
20220314 014109.849 INFO             PET1 PIOc_freedecomp Exit - MemInfo: [malloc] Total space in use, mmap + non-mmap:         5660528 Byte
20220314 014109.849 INFO             PET1 PIOc_freedecomp Exit - MemInfo: [malloc] Total space held (mmap + non-mmap):          5802304 Byte
20220314 014109.849 INFO             PET1 PIOc_freedecomp Exit - MemInfo: [malloc] Total space used (mmap + non-mmap):          5668736 Byte
20220314 014109.849 INFO             PET1 PIOc_freedecomp Exit - MemInfo: Wall-clock time since execution start:               0.133917 seconds
20220314 014109.851 INFO             PET1 PIOc_sync Enter - MemInfo: [/proc/meminfo - SSI]	MemTotal:       65855856 kB
20220314 014109.851 INFO             PET1 PIOc_sync Enter - MemInfo: [/proc/meminfo - SSI]	MemFree:        61170568 kB
20220314 014109.851 INFO             PET1 PIOc_sync Enter - MemInfo: [/proc/meminfo - SSI]	MemAvailable:   60951388 kB
20220314 014109.851 INFO             PET1 PIOc_sync Enter - MemInfo: [/proc/meminfo - SSI]	Committed_AS:    2883256 kB
20220314 014109.851 INFO             PET1 PIOc_sync Enter - MemInfo: [/proc/meminfo - SSI]	CommittedPercent: 4.37813 %
20220314 014109.851 INFO             PET1 PIOc_sync Enter - MemInfo: [/proc/self/status]	VmPeak:	   76636 kB
20220314 014109.851 INFO             PET1 PIOc_sync Enter - MemInfo: [/proc/self/status]	VmSize:	   76132 kB
20220314 014109.851 INFO             PET1 PIOc_sync Enter - MemInfo: [/proc/self/status]	VmLck:	       0 kB
20220314 014109.851 INFO             PET1 PIOc_sync Enter - MemInfo: [/proc/self/status]	VmPin:	       0 kB
20220314 014109.851 INFO             PET1 PIOc_sync Enter - MemInfo: [/proc/self/status]	VmHWM:	   14740 kB
20220314 014109.851 INFO             PET1 PIOc_sync Enter - MemInfo: [/proc/self/status]	VmRSS:	   14724 kB
20220314 014109.851 INFO             PET1 PIOc_sync Enter - MemInfo: [/proc/self/status]	VmData:	    9920 kB
20220314 014109.851 INFO             PET1 PIOc_sync Enter - MemInfo: [/proc/self/status]	VmStk:	     164 kB
20220314 014109.851 INFO             PET1 PIOc_sync Enter - MemInfo: [/proc/self/status]	VmExe:	   40664 kB
20220314 014109.851 INFO             PET1 PIOc_sync Enter - MemInfo: [/proc/self/status]	VmLib:	    1952 kB
20220314 014109.851 INFO             PET1 PIOc_sync Enter - MemInfo: [/proc/self/status]	VmPTE:	     160 kB
20220314 014109.851 INFO             PET1 PIOc_sync Enter - MemInfo: [/proc/self/status]	VmPMD:	      12 kB
20220314 014109.851 INFO             PET1 PIOc_sync Enter - MemInfo: [/proc/self/status]	VmSwap:	       0 kB
20220314 014109.851 INFO             PET1 PIOc_sync Enter - MemInfo: [/proc/self/status]	VmRSSPercent: 0.0223579 %
20220314 014109.851 INFO             PET1 PIOc_sync Enter - MemInfo: [malloc] Non-mmapped space allocated:                 1280320 Byte
20220314 014109.851 INFO             PET1 PIOc_sync Enter - MemInfo: [malloc] Space allocated in mmapped regions:          4521984 Byte
20220314 014109.851 INFO             PET1 PIOc_sync Enter - MemInfo: [malloc] Maximum total allocated space:                     0 Byte
20220314 014109.851 INFO             PET1 PIOc_sync Enter - MemInfo: [malloc] Space in freed fastbin blocks:                   320 Byte
20220314 014109.851 INFO             PET1 PIOc_sync Enter - MemInfo: [malloc] Total allocated space:                       1140672 Byte
20220314 014109.851 INFO             PET1 PIOc_sync Enter - MemInfo: [malloc] Total free space:                             139648 Byte
20220314 014109.851 INFO             PET1 PIOc_sync Enter - MemInfo: [malloc] Top-most, releasable space:                   129680 Byte
20220314 014109.851 INFO             PET1 PIOc_sync Enter - MemInfo: [malloc] Total space in use, mmap + non-mmap:         5662656 Byte
20220314 014109.851 INFO             PET1 PIOc_sync Enter - MemInfo: [malloc] Total space held (mmap + non-mmap):          5802304 Byte
20220314 014109.851 INFO             PET1 PIOc_sync Enter - MemInfo: [malloc] Total space used (mmap + non-mmap):          5670864 Byte
20220314 014109.851 INFO             PET1 PIOc_sync Enter - MemInfo: Wall-clock time since execution start:                0.13644 seconds
20220314 014109.851 INFO             PET1 PIOc_sync Exit - MemInfo: [/proc/meminfo - SSI]	MemTotal:       65855856 kB
20220314 014109.851 INFO             PET1 PIOc_sync Exit - MemInfo: [/proc/meminfo - SSI]	MemFree:        61170568 kB
20220314 014109.851 INFO             PET1 PIOc_sync Exit - MemInfo: [/proc/meminfo - SSI]	MemAvailable:   60951388 kB
20220314 014109.852 INFO             PET1 PIOc_sync Exit - MemInfo: [/proc/meminfo - SSI]	Committed_AS:    2883256 kB
20220314 014109.852 INFO             PET1 PIOc_sync Exit - MemInfo: [/proc/meminfo - SSI]	CommittedPercent: 4.37813 %
20220314 014109.852 INFO             PET1 PIOc_sync Exit - MemInfo: [/proc/self/status]	VmPeak:	   76636 kB
20220314 014109.852 INFO             PET1 PIOc_sync Exit - MemInfo: [/proc/self/status]	VmSize:	   76132 kB
20220314 014109.852 INFO             PET1 PIOc_sync Exit - MemInfo: [/proc/self/status]	VmLck:	       0 kB
20220314 014109.852 INFO             PET1 PIOc_sync Exit - MemInfo: [/proc/self/status]	VmPin:	       0 kB
20220314 014109.852 INFO             PET1 PIOc_sync Exit - MemInfo: [/proc/self/status]	VmHWM:	   14740 kB
20220314 014109.852 INFO             PET1 PIOc_sync Exit - MemInfo: [/proc/self/status]	VmRSS:	   14724 kB
20220314 014109.852 INFO             PET1 PIOc_sync Exit - MemInfo: [/proc/self/status]	VmData:	    9920 kB
20220314 014109.852 INFO             PET1 PIOc_sync Exit - MemInfo: [/proc/self/status]	VmStk:	     164 kB
20220314 014109.852 INFO             PET1 PIOc_sync Exit - MemInfo: [/proc/self/status]	VmExe:	   40664 kB
20220314 014109.852 INFO             PET1 PIOc_sync Exit - MemInfo: [/proc/self/status]	VmLib:	    1952 kB
20220314 014109.852 INFO             PET1 PIOc_sync Exit - MemInfo: [/proc/self/status]	VmPTE:	     160 kB
20220314 014109.852 INFO             PET1 PIOc_sync Exit - MemInfo: [/proc/self/status]	VmPMD:	      12 kB
20220314 014109.852 INFO             PET1 PIOc_sync Exit - MemInfo: [/proc/self/status]	VmSwap:	       0 kB
20220314 014109.852 INFO             PET1 PIOc_sync Exit - MemInfo: [/proc/self/status]	VmRSSPercent: 0.0223579 %
20220314 014109.852 INFO             PET1 PIOc_sync Exit - MemInfo: [malloc] Non-mmapped space allocated:                 1280320 Byte
20220314 014109.852 INFO             PET1 PIOc_sync Exit - MemInfo: [malloc] Space allocated in mmapped regions:          4521984 Byte
20220314 014109.852 INFO             PET1 PIOc_sync Exit - MemInfo: [malloc] Maximum total allocated space:                     0 Byte
20220314 014109.852 INFO             PET1 PIOc_sync Exit - MemInfo: [malloc] Space in freed fastbin blocks:                     0 Byte
20220314 014109.852 INFO             PET1 PIOc_sync Exit - MemInfo: [malloc] Total allocated space:                       1140672 Byte
20220314 014109.852 INFO             PET1 PIOc_sync Exit - MemInfo: [malloc] Total free space:                             139648 Byte
20220314 014109.852 INFO             PET1 PIOc_sync Exit - MemInfo: [malloc] Top-most, releasable space:                   129456 Byte
20220314 014109.852 INFO             PET1 PIOc_sync Exit - MemInfo: [malloc] Total space in use, mmap + non-mmap:         5662656 Byte
20220314 014109.852 INFO             PET1 PIOc_sync Exit - MemInfo: [malloc] Total space held (mmap + non-mmap):          5802304 Byte
20220314 014109.852 INFO             PET1 PIOc_sync Exit - MemInfo: [malloc] Total space used (mmap + non-mmap):          5670864 Byte
20220314 014109.852 INFO             PET1 PIOc_sync Exit - MemInfo: Wall-clock time since execution start:               0.136977 seconds
20220314 014109.852 INFO             PET1 PIOc_freedecomp Enter - MemInfo: [/proc/meminfo - SSI]	MemTotal:       65855856 kB
20220314 014109.852 INFO             PET1 PIOc_freedecomp Enter - MemInfo: [/proc/meminfo - SSI]	MemFree:        61170568 kB
20220314 014109.852 INFO             PET1 PIOc_freedecomp Enter - MemInfo: [/proc/meminfo - SSI]	MemAvailable:   60951388 kB
20220314 014109.852 INFO             PET1 PIOc_freedecomp Enter - MemInfo: [/proc/meminfo - SSI]	Committed_AS:    2883256 kB
20220314 014109.852 INFO             PET1 PIOc_freedecomp Enter - MemInfo: [/proc/meminfo - SSI]	CommittedPercent: 4.37813 %
20220314 014109.852 INFO             PET1 PIOc_freedecomp Enter - MemInfo: [/proc/self/status]	VmPeak:	   76636 kB
20220314 014109.852 INFO             PET1 PIOc_freedecomp Enter - MemInfo: [/proc/self/status]	VmSize:	   76132 kB
20220314 014109.852 INFO             PET1 PIOc_freedecomp Enter - MemInfo: [/proc/self/status]	VmLck:	       0 kB
20220314 014109.852 INFO             PET1 PIOc_freedecomp Enter - MemInfo: [/proc/self/status]	VmPin:	       0 kB
20220314 014109.852 INFO             PET1 PIOc_freedecomp Enter - MemInfo: [/proc/self/status]	VmHWM:	   14740 kB
20220314 014109.852 INFO             PET1 PIOc_freedecomp Enter - MemInfo: [/proc/self/status]	VmRSS:	   14724 kB
20220314 014109.852 INFO             PET1 PIOc_freedecomp Enter - MemInfo: [/proc/self/status]	VmData:	    9920 kB
20220314 014109.852 INFO             PET1 PIOc_freedecomp Enter - MemInfo: [/proc/self/status]	VmStk:	     164 kB
20220314 014109.852 INFO             PET1 PIOc_freedecomp Enter - MemInfo: [/proc/self/status]	VmExe:	   40664 kB
20220314 014109.852 INFO             PET1 PIOc_freedecomp Enter - MemInfo: [/proc/self/status]	VmLib:	    1952 kB
20220314 014109.852 INFO             PET1 PIOc_freedecomp Enter - MemInfo: [/proc/self/status]	VmPTE:	     160 kB
20220314 014109.852 INFO             PET1 PIOc_freedecomp Enter - MemInfo: [/proc/self/status]	VmPMD:	      12 kB
20220314 014109.852 INFO             PET1 PIOc_freedecomp Enter - MemInfo: [/proc/self/status]	VmSwap:	       0 kB
20220314 014109.852 INFO             PET1 PIOc_freedecomp Enter - MemInfo: [/proc/self/status]	VmRSSPercent: 0.0223579 %
20220314 014109.852 INFO             PET1 PIOc_freedecomp Enter - MemInfo: [malloc] Non-mmapped space allocated:                 1280320 Byte
20220314 014109.852 INFO             PET1 PIOc_freedecomp Enter - MemInfo: [malloc] Space allocated in mmapped regions:          4521984 Byte
20220314 014109.852 INFO             PET1 PIOc_freedecomp Enter - MemInfo: [malloc] Maximum total allocated space:                     0 Byte
20220314 014109.852 INFO             PET1 PIOc_freedecomp Enter - MemInfo: [malloc] Space in freed fastbin blocks:                    80 Byte
20220314 014109.852 INFO             PET1 PIOc_freedecomp Enter - MemInfo: [malloc] Total allocated space:                       1140016 Byte
20220314 014109.852 INFO             PET1 PIOc_freedecomp Enter - MemInfo: [malloc] Total free space:                             140304 Byte
20220314 014109.852 INFO             PET1 PIOc_freedecomp Enter - MemInfo: [malloc] Top-most, releasable space:                   129232 Byte
20220314 014109.852 INFO             PET1 PIOc_freedecomp Enter - MemInfo: [malloc] Total space in use, mmap + non-mmap:         5662000 Byte
20220314 014109.852 INFO             PET1 PIOc_freedecomp Enter - MemInfo: [malloc] Total space held (mmap + non-mmap):          5802304 Byte
20220314 014109.852 INFO             PET1 PIOc_freedecomp Enter - MemInfo: [malloc] Total space used (mmap + non-mmap):          5670208 Byte
20220314 014109.853 INFO             PET1 PIOc_freedecomp Enter - MemInfo: Wall-clock time since execution start:                 0.1376 seconds
20220314 014109.853 INFO             PET1 PIOc_freedecomp Exit - MemInfo: [/proc/meminfo - SSI]	MemTotal:       65855856 kB
20220314 014109.853 INFO             PET1 PIOc_freedecomp Exit - MemInfo: [/proc/meminfo - SSI]	MemFree:        61170568 kB
20220314 014109.853 INFO             PET1 PIOc_freedecomp Exit - MemInfo: [/proc/meminfo - SSI]	MemAvailable:   60951388 kB
20220314 014109.853 INFO             PET1 PIOc_freedecomp Exit - MemInfo: [/proc/meminfo - SSI]	Committed_AS:    2883256 kB
20220314 014109.853 INFO             PET1 PIOc_freedecomp Exit - MemInfo: [/proc/meminfo - SSI]	CommittedPercent: 4.37813 %
20220314 014109.853 INFO             PET1 PIOc_freedecomp Exit - MemInfo: [/proc/self/status]	VmPeak:	   76636 kB
20220314 014109.853 INFO             PET1 PIOc_freedecomp Exit - MemInfo: [/proc/self/status]	VmSize:	   76132 kB
20220314 014109.853 INFO             PET1 PIOc_freedecomp Exit - MemInfo: [/proc/self/status]	VmLck:	       0 kB
20220314 014109.853 INFO             PET1 PIOc_freedecomp Exit - MemInfo: [/proc/self/status]	VmPin:	       0 kB
20220314 014109.853 INFO             PET1 PIOc_freedecomp Exit - MemInfo: [/proc/self/status]	VmHWM:	   14740 kB
20220314 014109.853 INFO             PET1 PIOc_freedecomp Exit - MemInfo: [/proc/self/status]	VmRSS:	   14724 kB
20220314 014109.853 INFO             PET1 PIOc_freedecomp Exit - MemInfo: [/proc/self/status]	VmData:	    9920 kB
20220314 014109.853 INFO             PET1 PIOc_freedecomp Exit - MemInfo: [/proc/self/status]	VmStk:	     164 kB
20220314 014109.853 INFO             PET1 PIOc_freedecomp Exit - MemInfo: [/proc/self/status]	VmExe:	   40664 kB
20220314 014109.853 INFO             PET1 PIOc_freedecomp Exit - MemInfo: [/proc/self/status]	VmLib:	    1952 kB
20220314 014109.853 INFO             PET1 PIOc_freedecomp Exit - MemInfo: [/proc/self/status]	VmPTE:	     160 kB
20220314 014109.853 INFO             PET1 PIOc_freedecomp Exit - MemInfo: [/proc/self/status]	VmPMD:	      12 kB
20220314 014109.853 INFO             PET1 PIOc_freedecomp Exit - MemInfo: [/proc/self/status]	VmSwap:	       0 kB
20220314 014109.853 INFO             PET1 PIOc_freedecomp Exit - MemInfo: [/proc/self/status]	VmRSSPercent: 0.0223579 %
20220314 014109.853 INFO             PET1 PIOc_freedecomp Exit - MemInfo: [malloc] Non-mmapped space allocated:                 1280320 Byte
20220314 014109.853 INFO             PET1 PIOc_freedecomp Exit - MemInfo: [malloc] Space allocated in mmapped regions:          4521984 Byte
20220314 014109.853 INFO             PET1 PIOc_freedecomp Exit - MemInfo: [malloc] Maximum total allocated space:                     0 Byte
20220314 014109.853 INFO             PET1 PIOc_freedecomp Exit - MemInfo: [malloc] Space in freed fastbin blocks:                   496 Byte
20220314 014109.853 INFO             PET1 PIOc_freedecomp Exit - MemInfo: [malloc] Total allocated space:                       1138688 Byte
20220314 014109.853 INFO             PET1 PIOc_freedecomp Exit - MemInfo: [malloc] Total free space:                             141632 Byte
20220314 014109.853 INFO             PET1 PIOc_freedecomp Exit - MemInfo: [malloc] Top-most, releasable space:                   129008 Byte
20220314 014109.853 INFO             PET1 PIOc_freedecomp Exit - MemInfo: [malloc] Total space in use, mmap + non-mmap:         5660672 Byte
20220314 014109.853 INFO             PET1 PIOc_freedecomp Exit - MemInfo: [malloc] Total space held (mmap + non-mmap):          5802304 Byte
20220314 014109.853 INFO             PET1 PIOc_freedecomp Exit - MemInfo: [malloc] Total space used (mmap + non-mmap):          5668880 Byte
20220314 014109.853 INFO             PET1 PIOc_freedecomp Exit - MemInfo: Wall-clock time since execution start:                0.13803 seconds
20220314 014109.853 INFO             PET1 PASS ESMC_FieldRegridStoreFile test, ESMC_FieldSMMFromFileUTest.C, line 199
20220314 014109.860 INFO             PET1 PASS ESMC_FieldSMMStore from File test, ESMC_FieldSMMFromFileUTest.C, line 229
20220314 014109.860 INFO             PET1 PASS ESMC_FieldSMMStore From File validation, ESMC_FieldSMMFromFileUTest.C, line 257
20220314 014109.860 INFO             PET1 PASS ESMC_FieldRegridRelease, ESMC_FieldSMMFromFileUTest.C, line 271
20220314 014109.861 INFO             PET1 Ending Test, file ESMC_FieldSMMFromFileUTest.C, line 289
20220314 014109.861 INFO             PET1 Finalizing ESMF
20220314 014109.723 INFO             PET2 !!!!!!!!!!!!!!!!!!!!!!!!!!!!!!!!!!!!!!!!!!!!!!!!!!!!!!
20220314 014109.723 INFO             PET2 !!! THE ESMF_LOG IS SET TO OUTPUT ALL LOG MESSAGES !!!
20220314 014109.723 INFO             PET2 !!!     THIS MAY CAUSE SLOWDOWN IN PERFORMANCE     !!!
20220314 014109.723 INFO             PET2 !!! FOR PRODUCTION RUNS, USE:                      !!!
20220314 014109.723 INFO             PET2 !!!                   ESMF_LOGKIND_Multi_On_Error  !!!
20220314 014109.723 INFO             PET2 !!!!!!!!!!!!!!!!!!!!!!!!!!!!!!!!!!!!!!!!!!!!!!!!!!!!!!
20220314 014109.723 INFO             PET2 Running with ESMF Version   : v8.3.0b09-96-g559b459836
20220314 014109.723 INFO             PET2 ESMF library build date/time: "Mar 14 2022" "00:45:31"
20220314 014109.723 INFO             PET2 ESMF library build location : /lustre/f2/dev/ncep/Mark.Potts/gfortran_8.3.0_mpi_g_jedwards_pio_update2
20220314 014109.723 INFO             PET2 ESMF_COMM                   : mpi
20220314 014109.724 INFO             PET2 ESMF_MOAB                   : enabled
20220314 014109.724 INFO             PET2 ESMF_LAPACK                 : enabled
20220314 014109.724 INFO             PET2 ESMF_NETCDF                 : enabled
20220314 014109.724 INFO             PET2 ESMF_PNETCDF                : disabled
20220314 014109.724 INFO             PET2 ESMF_PIO                    : enabled
20220314 014109.724 INFO             PET2 ESMF_YAMLCPP                : enabled
20220314 014109.724 INFO             PET2 Beginning Test, file ESMC_FieldSMMFromFileUTest.C, line 41
20220314 014109.724 INFO             PET2 Beginning Test, file ESMC_FieldSMMFromFileUTest.C, line 41NUMBER_OF_PROCESSORS 4
20220314 014109.840 INFO             PET2 PIOc_sync Enter - MemInfo: [/proc/meminfo - SSI]	MemTotal:       65855856 kB
20220314 014109.840 INFO             PET2 PIOc_sync Enter - MemInfo: [/proc/meminfo - SSI]	MemFree:        61167040 kB
20220314 014109.840 INFO             PET2 PIOc_sync Enter - MemInfo: [/proc/meminfo - SSI]	MemAvailable:   60947608 kB
20220314 014109.840 INFO             PET2 PIOc_sync Enter - MemInfo: [/proc/meminfo - SSI]	Committed_AS:    2882916 kB
20220314 014109.840 INFO             PET2 PIOc_sync Enter - MemInfo: [/proc/meminfo - SSI]	CommittedPercent: 4.37762 %
20220314 014109.840 INFO             PET2 PIOc_sync Enter - MemInfo: [/proc/self/status]	VmPeak:	   76636 kB
20220314 014109.840 INFO             PET2 PIOc_sync Enter - MemInfo: [/proc/self/status]	VmSize:	   76168 kB
20220314 014109.840 INFO             PET2 PIOc_sync Enter - MemInfo: [/proc/self/status]	VmLck:	       0 kB
20220314 014109.840 INFO             PET2 PIOc_sync Enter - MemInfo: [/proc/self/status]	VmPin:	       0 kB
20220314 014109.840 INFO             PET2 PIOc_sync Enter - MemInfo: [/proc/self/status]	VmHWM:	   14648 kB
20220314 014109.840 INFO             PET2 PIOc_sync Enter - MemInfo: [/proc/self/status]	VmRSS:	   14648 kB
20220314 014109.840 INFO             PET2 PIOc_sync Enter - MemInfo: [/proc/self/status]	VmData:	    9920 kB
20220314 014109.840 INFO             PET2 PIOc_sync Enter - MemInfo: [/proc/self/status]	VmStk:	     164 kB
20220314 014109.840 INFO             PET2 PIOc_sync Enter - MemInfo: [/proc/self/status]	VmExe:	   40664 kB
20220314 014109.840 INFO             PET2 PIOc_sync Enter - MemInfo: [/proc/self/status]	VmLib:	    1952 kB
20220314 014109.840 INFO             PET2 PIOc_sync Enter - MemInfo: [/proc/self/status]	VmPTE:	     156 kB
20220314 014109.840 INFO             PET2 PIOc_sync Enter - MemInfo: [/proc/self/status]	VmPMD:	      12 kB
20220314 014109.840 INFO             PET2 PIOc_sync Enter - MemInfo: [/proc/self/status]	VmSwap:	       0 kB
20220314 014109.840 INFO             PET2 PIOc_sync Enter - MemInfo: [/proc/self/status]	VmRSSPercent: 0.0222425 %
20220314 014109.840 INFO             PET2 PIOc_sync Enter - MemInfo: [malloc] Non-mmapped space allocated:                 1280320 Byte
20220314 014109.840 INFO             PET2 PIOc_sync Enter - MemInfo: [malloc] Space allocated in mmapped regions:          4521984 Byte
20220314 014109.840 INFO             PET2 PIOc_sync Enter - MemInfo: [malloc] Maximum total allocated space:                     0 Byte
20220314 014109.841 INFO             PET2 PIOc_sync Enter - MemInfo: [malloc] Space in freed fastbin blocks:                     0 Byte
20220314 014109.841 INFO             PET2 PIOc_sync Enter - MemInfo: [malloc] Total allocated space:                       1134720 Byte
20220314 014109.841 INFO             PET2 PIOc_sync Enter - MemInfo: [malloc] Total free space:                             145600 Byte
20220314 014109.841 INFO             PET2 PIOc_sync Enter - MemInfo: [malloc] Top-most, releasable space:                   133136 Byte
20220314 014109.841 INFO             PET2 PIOc_sync Enter - MemInfo: [malloc] Total space in use, mmap + non-mmap:         5656704 Byte
20220314 014109.841 INFO             PET2 PIOc_sync Enter - MemInfo: [malloc] Total space held (mmap + non-mmap):          5802304 Byte
20220314 014109.841 INFO             PET2 PIOc_sync Enter - MemInfo: [malloc] Total space used (mmap + non-mmap):          5666064 Byte
20220314 014109.841 INFO             PET2 PIOc_sync Enter - MemInfo: Wall-clock time since execution start:               0.125365 seconds
20220314 014109.841 INFO             PET2 PIOc_sync Exit - MemInfo: [/proc/meminfo - SSI]	MemTotal:       65855856 kB
20220314 014109.841 INFO             PET2 PIOc_sync Exit - MemInfo: [/proc/meminfo - SSI]	MemFree:        61166536 kB
20220314 014109.841 INFO             PET2 PIOc_sync Exit - MemInfo: [/proc/meminfo - SSI]	MemAvailable:   60947104 kB
20220314 014109.841 INFO             PET2 PIOc_sync Exit - MemInfo: [/proc/meminfo - SSI]	Committed_AS:    2882916 kB
20220314 014109.841 INFO             PET2 PIOc_sync Exit - MemInfo: [/proc/meminfo - SSI]	CommittedPercent: 4.37762 %
20220314 014109.841 INFO             PET2 PIOc_sync Exit - MemInfo: [/proc/self/status]	VmPeak:	   76636 kB
20220314 014109.841 INFO             PET2 PIOc_sync Exit - MemInfo: [/proc/self/status]	VmSize:	   76168 kB
20220314 014109.841 INFO             PET2 PIOc_sync Exit - MemInfo: [/proc/self/status]	VmLck:	       0 kB
20220314 014109.841 INFO             PET2 PIOc_sync Exit - MemInfo: [/proc/self/status]	VmPin:	       0 kB
20220314 014109.841 INFO             PET2 PIOc_sync Exit - MemInfo: [/proc/self/status]	VmHWM:	   14648 kB
20220314 014109.841 INFO             PET2 PIOc_sync Exit - MemInfo: [/proc/self/status]	VmRSS:	   14648 kB
20220314 014109.841 INFO             PET2 PIOc_sync Exit - MemInfo: [/proc/self/status]	VmData:	    9920 kB
