build time -- 2022-03-12 23:48:17
20220313 003916.300 INFO             PET0 !!!!!!!!!!!!!!!!!!!!!!!!!!!!!!!!!!!!!!!!!!!!!!!!!!!!!!
20220313 003916.300 INFO             PET0 !!! THE ESMF_LOG IS SET TO OUTPUT ALL LOG MESSAGES !!!
20220313 003916.300 INFO             PET0 !!!     THIS MAY CAUSE SLOWDOWN IN PERFORMANCE     !!!
20220313 003916.300 INFO             PET0 !!! FOR PRODUCTION RUNS, USE:                      !!!
20220313 003916.300 INFO             PET0 !!!                   ESMF_LOGKIND_Multi_On_Error  !!!
20220313 003916.300 INFO             PET0 !!!!!!!!!!!!!!!!!!!!!!!!!!!!!!!!!!!!!!!!!!!!!!!!!!!!!!
20220313 003916.300 INFO             PET0 Running with ESMF Version   : v8.3.0b09-96-g559b459836
20220313 003916.301 INFO             PET0 ESMF library build date/time: "Mar 12 2022" "23:46:28"
20220313 003916.301 INFO             PET0 ESMF library build location : /lustre/f2/dev/ncep/Mark.Potts/gfortran_8.3.0_mpi_g_jedwards_pio_update2
20220313 003916.301 INFO             PET0 ESMF_COMM                   : mpi
20220313 003916.301 INFO             PET0 ESMF_MOAB                   : enabled
20220313 003916.301 INFO             PET0 ESMF_LAPACK                 : enabled
20220313 003916.301 INFO             PET0 ESMF_NETCDF                 : enabled
20220313 003916.301 INFO             PET0 ESMF_PNETCDF                : disabled
20220313 003916.301 INFO             PET0 ESMF_PIO                    : enabled
20220313 003916.301 INFO             PET0 ESMF_YAMLCPP                : enabled
20220313 003916.303 INFO             PET0 Beginning Test, file ESMC_FieldRegridUTest.C, line 68
20220313 003916.303 INFO             PET0 Beginning Test, file ESMC_FieldRegridUTest.C, line 68NUMBER_OF_PROCESSORS 1
20220313 003916.311 INFO             PET0 PASS MeshCreate, ESMC_FieldRegridUTest.C, line 125
20220313 003916.312 INFO             PET0 PASS MeshAddNodes, ESMC_FieldRegridUTest.C, line 133
20220313 003916.320 INFO             PET0 PASS MeshAddElements, ESMC_FieldRegridUTest.C, line 142
20220313 003916.320 INFO             PET0 PASS MeshGetLocalNodeCount, ESMC_FieldRegridUTest.C, line 152
20220313 003916.320 INFO             PET0 PASS MeshGetLocalElementCount, ESMC_FieldRegridUTest.C, line 163
20220313 003916.320 INFO             PET0 PASS MeshCreate, ESMC_FieldRegridUTest.C, line 231
20220313 003916.320 INFO             PET0 PASS MeshAddNodes, ESMC_FieldRegridUTest.C, line 239
20220313 003916.320 INFO             PET0 PASS MeshAddElements, ESMC_FieldRegridUTest.C, line 248
20220313 003916.320 INFO             PET0 PASS MeshGetLocalNodeCount, ESMC_FieldRegridUTest.C, line 258
20220313 003916.320 INFO             PET0 PASS MeshGetLocalElementCount, ESMC_FieldRegridUTest.C, line 269
20220313 003916.389 INFO             PET0 PASS Create ESMC_Field object, ESMC_FieldRegridUTest.C, line 284
20220313 003916.389 INFO             PET0 PASS Create ESMC_Field object, ESMC_FieldRegridUTest.C, line 293
20220313 003916.391 INFO             PET0 PASS Get a void * C pointer to data from ESMC_Field object, ESMC_FieldRegridUTest.C, line 306
20220313 003916.391 INFO             PET0 PASS Get a void * C pointer to data from ESMC_Field object, ESMC_FieldRegridUTest.C, line 325
20220313 003916.391 INFO             PET0 PASS Create an InterArray for maskValues in ESMC_FieldRegridStore(), ESMC_FieldRegridUTest.C, line 343
20220313 003916.645 INFO             PET0 PIOc_sync Enter - MemInfo: [/proc/meminfo - SSI]	MemTotal:       65855856 kB
20220313 003916.645 INFO             PET0 PIOc_sync Enter - MemInfo: [/proc/meminfo - SSI]	MemFree:        61263788 kB
20220313 003916.645 INFO             PET0 PIOc_sync Enter - MemInfo: [/proc/meminfo - SSI]	MemAvailable:   61051796 kB
20220313 003916.645 INFO             PET0 PIOc_sync Enter - MemInfo: [/proc/meminfo - SSI]	Committed_AS:    2794008 kB
20220313 003916.645 INFO             PET0 PIOc_sync Enter - MemInfo: [/proc/meminfo - SSI]	CommittedPercent: 4.24261 %
20220313 003916.646 INFO             PET0 PIOc_sync Enter - MemInfo: [/proc/self/status]	VmPeak:	   70368 kB
20220313 003916.646 INFO             PET0 PIOc_sync Enter - MemInfo: [/proc/self/status]	VmSize:	   70368 kB
20220313 003916.646 INFO             PET0 PIOc_sync Enter - MemInfo: [/proc/self/status]	VmLck:	       0 kB
20220313 003916.646 INFO             PET0 PIOc_sync Enter - MemInfo: [/proc/self/status]	VmPin:	       0 kB
20220313 003916.646 INFO             PET0 PIOc_sync Enter - MemInfo: [/proc/self/status]	VmHWM:	   21492 kB
20220313 003916.646 INFO             PET0 PIOc_sync Enter - MemInfo: [/proc/self/status]	VmRSS:	   21492 kB
20220313 003916.646 INFO             PET0 PIOc_sync Enter - MemInfo: [/proc/self/status]	VmData:	   21368 kB
20220313 003916.646 INFO             PET0 PIOc_sync Enter - MemInfo: [/proc/self/status]	VmStk:	     164 kB
20220313 003916.646 INFO             PET0 PIOc_sync Enter - MemInfo: [/proc/self/status]	VmExe:	   40684 kB
20220313 003916.646 INFO             PET0 PIOc_sync Enter - MemInfo: [/proc/self/status]	VmLib:	    1952 kB
20220313 003916.646 INFO             PET0 PIOc_sync Enter - MemInfo: [/proc/self/status]	VmPTE:	     148 kB
20220313 003916.646 INFO             PET0 PIOc_sync Enter - MemInfo: [/proc/self/status]	VmPMD:	      12 kB
20220313 003916.646 INFO             PET0 PIOc_sync Enter - MemInfo: [/proc/self/status]	VmSwap:	       0 kB
20220313 003916.646 INFO             PET0 PIOc_sync Enter - MemInfo: [/proc/self/status]	VmRSSPercent: 0.0326349 %
20220313 003916.646 INFO             PET0 PIOc_sync Enter - MemInfo: [malloc] Non-mmapped space allocated:                 1296704 Byte
20220313 003916.646 INFO             PET0 PIOc_sync Enter - MemInfo: [malloc] Space allocated in mmapped regions:         16228352 Byte
20220313 003916.646 INFO             PET0 PIOc_sync Enter - MemInfo: [malloc] Maximum total allocated space:                     0 Byte
20220313 003916.646 INFO             PET0 PIOc_sync Enter - MemInfo: [malloc] Space in freed fastbin blocks:                     0 Byte
20220313 003916.646 INFO             PET0 PIOc_sync Enter - MemInfo: [malloc] Total allocated space:                       1130624 Byte
20220313 003916.646 INFO             PET0 PIOc_sync Enter - MemInfo: [malloc] Total free space:                             166080 Byte
20220313 003916.646 INFO             PET0 PIOc_sync Enter - MemInfo: [malloc] Top-most, releasable space:                   166080 Byte
20220313 003916.646 INFO             PET0 PIOc_sync Enter - MemInfo: [malloc] Total space in use, mmap + non-mmap:        17358976 Byte
20220313 003916.646 INFO             PET0 PIOc_sync Enter - MemInfo: [malloc] Total space held (mmap + non-mmap):         17525056 Byte
20220313 003916.646 INFO             PET0 PIOc_sync Enter - MemInfo: [malloc] Total space used (mmap + non-mmap):         17368896 Byte
20220313 003916.646 INFO             PET0 PIOc_sync Enter - MemInfo: Wall-clock time since execution start:               0.361278 seconds
20220313 003916.650 INFO             PET0 PIOc_sync Exit - MemInfo: [/proc/meminfo - SSI]	MemTotal:       65855856 kB
20220313 003916.650 INFO             PET0 PIOc_sync Exit - MemInfo: [/proc/meminfo - SSI]	MemFree:        61263284 kB
20220313 003916.650 INFO             PET0 PIOc_sync Exit - MemInfo: [/proc/meminfo - SSI]	MemAvailable:   61051292 kB
20220313 003916.650 INFO             PET0 PIOc_sync Exit - MemInfo: [/proc/meminfo - SSI]	Committed_AS:    2794008 kB
20220313 003916.650 INFO             PET0 PIOc_sync Exit - MemInfo: [/proc/meminfo - SSI]	CommittedPercent: 4.24261 %
20220313 003916.650 INFO             PET0 PIOc_sync Exit - MemInfo: [/proc/self/status]	VmPeak:	   70724 kB
20220313 003916.650 INFO             PET0 PIOc_sync Exit - MemInfo: [/proc/self/status]	VmSize:	   70724 kB
20220313 003916.650 INFO             PET0 PIOc_sync Exit - MemInfo: [/proc/self/status]	VmLck:	       0 kB
20220313 003916.650 INFO             PET0 PIOc_sync Exit - MemInfo: [/proc/self/status]	VmPin:	       0 kB
20220313 003916.650 INFO             PET0 PIOc_sync Exit - MemInfo: [/proc/self/status]	VmHWM:	   22020 kB
20220313 003916.650 INFO             PET0 PIOc_sync Exit - MemInfo: [/proc/self/status]	VmRSS:	   22020 kB
20220313 003916.650 INFO             PET0 PIOc_sync Exit - MemInfo: [/proc/self/status]	VmData:	   21724 kB
20220313 003916.650 INFO             PET0 PIOc_sync Exit - MemInfo: [/proc/self/status]	VmStk:	     164 kB
20220313 003916.650 INFO             PET0 PIOc_sync Exit - MemInfo: [/proc/self/status]	VmExe:	   40684 kB
20220313 003916.650 INFO             PET0 PIOc_sync Exit - MemInfo: [/proc/self/status]	VmLib:	    1952 kB
20220313 003916.650 INFO             PET0 PIOc_sync Exit - MemInfo: [/proc/self/status]	VmPTE:	     152 kB
20220313 003916.650 INFO             PET0 PIOc_sync Exit - MemInfo: [/proc/self/status]	VmPMD:	      12 kB
20220313 003916.650 INFO             PET0 PIOc_sync Exit - MemInfo: [/proc/self/status]	VmSwap:	       0 kB
20220313 003916.650 INFO             PET0 PIOc_sync Exit - MemInfo: [/proc/self/status]	VmRSSPercent: 0.0334367 %
20220313 003916.650 INFO             PET0 PIOc_sync Exit - MemInfo: [malloc] Non-mmapped space allocated:                 1661248 Byte
20220313 003916.650 INFO             PET0 PIOc_sync Exit - MemInfo: [malloc] Space allocated in mmapped regions:         16228352 Byte
20220313 003916.650 INFO             PET0 PIOc_sync Exit - MemInfo: [malloc] Maximum total allocated space:                     0 Byte
20220313 003916.650 INFO             PET0 PIOc_sync Exit - MemInfo: [malloc] Space in freed fastbin blocks:                     0 Byte
20220313 003916.650 INFO             PET0 PIOc_sync Exit - MemInfo: [malloc] Total allocated space:                       1526976 Byte
20220313 003916.650 INFO             PET0 PIOc_sync Exit - MemInfo: [malloc] Total free space:                             134272 Byte
20220313 003916.650 INFO             PET0 PIOc_sync Exit - MemInfo: [malloc] Top-most, releasable space:                   134272 Byte
20220313 003916.650 INFO             PET0 PIOc_sync Exit - MemInfo: [malloc] Total space in use, mmap + non-mmap:        17755328 Byte
20220313 003916.650 INFO             PET0 PIOc_sync Exit - MemInfo: [malloc] Total space held (mmap + non-mmap):         17889600 Byte
20220313 003916.650 INFO             PET0 PIOc_sync Exit - MemInfo: [malloc] Total space used (mmap + non-mmap):         17764016 Byte
20220313 003916.650 INFO             PET0 PIOc_sync Exit - MemInfo: Wall-clock time since execution start:               0.365812 seconds
20220313 003916.651 INFO             PET0 PIOc_freedecomp Enter - MemInfo: [/proc/meminfo - SSI]	MemTotal:       65855856 kB
20220313 003916.651 INFO             PET0 PIOc_freedecomp Enter - MemInfo: [/proc/meminfo - SSI]	MemFree:        61270340 kB
20220313 003916.651 INFO             PET0 PIOc_freedecomp Enter - MemInfo: [/proc/meminfo - SSI]	MemAvailable:   61058348 kB
20220313 003916.651 INFO             PET0 PIOc_freedecomp Enter - MemInfo: [/proc/meminfo - SSI]	Committed_AS:    2786168 kB
20220313 003916.651 INFO             PET0 PIOc_freedecomp Enter - MemInfo: [/proc/meminfo - SSI]	CommittedPercent: 4.23071 %
20220313 003916.651 INFO             PET0 PIOc_freedecomp Enter - MemInfo: [/proc/self/status]	VmPeak:	   70724 kB
20220313 003916.651 INFO             PET0 PIOc_freedecomp Enter - MemInfo: [/proc/self/status]	VmSize:	   62012 kB
20220313 003916.651 INFO             PET0 PIOc_freedecomp Enter - MemInfo: [/proc/self/status]	VmLck:	       0 kB
20220313 003916.651 INFO             PET0 PIOc_freedecomp Enter - MemInfo: [/proc/self/status]	VmPin:	       0 kB
20220313 003916.651 INFO             PET0 PIOc_freedecomp Enter - MemInfo: [/proc/self/status]	VmHWM:	   22020 kB
20220313 003916.651 INFO             PET0 PIOc_freedecomp Enter - MemInfo: [/proc/self/status]	VmRSS:	   13908 kB
20220313 003916.651 INFO             PET0 PIOc_freedecomp Enter - MemInfo: [/proc/self/status]	VmData:	   13012 kB
20220313 003916.651 INFO             PET0 PIOc_freedecomp Enter - MemInfo: [/proc/self/status]	VmStk:	     164 kB
20220313 003916.651 INFO             PET0 PIOc_freedecomp Enter - MemInfo: [/proc/self/status]	VmExe:	   40684 kB
20220313 003916.651 INFO             PET0 PIOc_freedecomp Enter - MemInfo: [/proc/self/status]	VmLib:	    1952 kB
20220313 003916.651 INFO             PET0 PIOc_freedecomp Enter - MemInfo: [/proc/self/status]	VmPTE:	     136 kB
20220313 003916.651 INFO             PET0 PIOc_freedecomp Enter - MemInfo: [/proc/self/status]	VmPMD:	      12 kB
20220313 003916.651 INFO             PET0 PIOc_freedecomp Enter - MemInfo: [/proc/self/status]	VmSwap:	       0 kB
20220313 003916.651 INFO             PET0 PIOc_freedecomp Enter - MemInfo: [/proc/self/status]	VmRSSPercent: 0.0211189 %
20220313 003916.651 INFO             PET0 PIOc_freedecomp Enter - MemInfo: [malloc] Non-mmapped space allocated:                 1661248 Byte
20220313 003916.651 INFO             PET0 PIOc_freedecomp Enter - MemInfo: [malloc] Space allocated in mmapped regions:          7307264 Byte
20220313 003916.651 INFO             PET0 PIOc_freedecomp Enter - MemInfo: [malloc] Maximum total allocated space:                     0 Byte
20220313 003916.651 INFO             PET0 PIOc_freedecomp Enter - MemInfo: [malloc] Space in freed fastbin blocks:                   240 Byte
20220313 003916.651 INFO             PET0 PIOc_freedecomp Enter - MemInfo: [malloc] Total allocated space:                       1516768 Byte
20220313 003916.651 INFO             PET0 PIOc_freedecomp Enter - MemInfo: [malloc] Total free space:                             144480 Byte
20220313 003916.651 INFO             PET0 PIOc_freedecomp Enter - MemInfo: [malloc] Top-most, releasable space:                   133568 Byte
20220313 003916.651 INFO             PET0 PIOc_freedecomp Enter - MemInfo: [malloc] Total space in use, mmap + non-mmap:         8824032 Byte
20220313 003916.651 INFO             PET0 PIOc_freedecomp Enter - MemInfo: [malloc] Total space held (mmap + non-mmap):          8968512 Byte
20220313 003916.651 INFO             PET0 PIOc_freedecomp Enter - MemInfo: [malloc] Total space used (mmap + non-mmap):          8832576 Byte
20220313 003916.651 INFO             PET0 PIOc_freedecomp Enter - MemInfo: Wall-clock time since execution start:               0.366662 seconds
20220313 003916.651 INFO             PET0 PIOc_freedecomp Exit - MemInfo: [/proc/meminfo - SSI]	MemTotal:       65855856 kB
20220313 003916.651 INFO             PET0 PIOc_freedecomp Exit - MemInfo: [/proc/meminfo - SSI]	MemFree:        61270340 kB
20220313 003916.651 INFO             PET0 PIOc_freedecomp Exit - MemInfo: [/proc/meminfo - SSI]	MemAvailable:   61058348 kB
20220313 003916.651 INFO             PET0 PIOc_freedecomp Exit - MemInfo: [/proc/meminfo - SSI]	Committed_AS:    2786168 kB
20220313 003916.651 INFO             PET0 PIOc_freedecomp Exit - MemInfo: [/proc/meminfo - SSI]	CommittedPercent: 4.23071 %
20220313 003916.652 INFO             PET0 PIOc_freedecomp Exit - MemInfo: [/proc/self/status]	VmPeak:	   70724 kB
20220313 003916.652 INFO             PET0 PIOc_freedecomp Exit - MemInfo: [/proc/self/status]	VmSize:	   62012 kB
20220313 003916.652 INFO             PET0 PIOc_freedecomp Exit - MemInfo: [/proc/self/status]	VmLck:	       0 kB
20220313 003916.652 INFO             PET0 PIOc_freedecomp Exit - MemInfo: [/proc/self/status]	VmPin:	       0 kB
20220313 003916.652 INFO             PET0 PIOc_freedecomp Exit - MemInfo: [/proc/self/status]	VmHWM:	   22020 kB
20220313 003916.652 INFO             PET0 PIOc_freedecomp Exit - MemInfo: [/proc/self/status]	VmRSS:	   13908 kB
20220313 003916.652 INFO             PET0 PIOc_freedecomp Exit - MemInfo: [/proc/self/status]	VmData:	   13012 kB
20220313 003916.652 INFO             PET0 PIOc_freedecomp Exit - MemInfo: [/proc/self/status]	VmStk:	     164 kB
20220313 003916.652 INFO             PET0 PIOc_freedecomp Exit - MemInfo: [/proc/self/status]	VmExe:	   40684 kB
20220313 003916.652 INFO             PET0 PIOc_freedecomp Exit - MemInfo: [/proc/self/status]	VmLib:	    1952 kB
20220313 003916.652 INFO             PET0 PIOc_freedecomp Exit - MemInfo: [/proc/self/status]	VmPTE:	     136 kB
20220313 003916.652 INFO             PET0 PIOc_freedecomp Exit - MemInfo: [/proc/self/status]	VmPMD:	      12 kB
20220313 003916.652 INFO             PET0 PIOc_freedecomp Exit - MemInfo: [/proc/self/status]	VmSwap:	       0 kB
20220313 003916.652 INFO             PET0 PIOc_freedecomp Exit - MemInfo: [/proc/self/status]	VmRSSPercent: 0.0211189 %
20220313 003916.652 INFO             PET0 PIOc_freedecomp Exit - MemInfo: [malloc] Non-mmapped space allocated:                 1661248 Byte
20220313 003916.652 INFO             PET0 PIOc_freedecomp Exit - MemInfo: [malloc] Space allocated in mmapped regions:          7307264 Byte
20220313 003916.652 INFO             PET0 PIOc_freedecomp Exit - MemInfo: [malloc] Maximum total allocated space:                     0 Byte
20220313 003916.652 INFO             PET0 PIOc_freedecomp Exit - MemInfo: [malloc] Space in freed fastbin blocks:                   656 Byte
20220313 003916.652 INFO             PET0 PIOc_freedecomp Exit - MemInfo: [malloc] Total allocated space:                       1515088 Byte
20220313 003916.652 INFO             PET0 PIOc_freedecomp Exit - MemInfo: [malloc] Total free space:                             146160 Byte
20220313 003916.652 INFO             PET0 PIOc_freedecomp Exit - MemInfo: [malloc] Top-most, releasable space:                   133568 Byte
20220313 003916.652 INFO             PET0 PIOc_freedecomp Exit - MemInfo: [malloc] Total space in use, mmap + non-mmap:         8822352 Byte
20220313 003916.652 INFO             PET0 PIOc_freedecomp Exit - MemInfo: [malloc] Total space held (mmap + non-mmap):          8968512 Byte
20220313 003916.652 INFO             PET0 PIOc_freedecomp Exit - MemInfo: [malloc] Total space used (mmap + non-mmap):          8831008 Byte
20220313 003916.652 INFO             PET0 PIOc_freedecomp Exit - MemInfo: Wall-clock time since execution start:               0.367106 seconds
20220313 003916.654 INFO             PET0 PIOc_sync Enter - MemInfo: [/proc/meminfo - SSI]	MemTotal:       65855856 kB
20220313 003916.654 INFO             PET0 PIOc_sync Enter - MemInfo: [/proc/meminfo - SSI]	MemFree:        61267316 kB
20220313 003916.654 INFO             PET0 PIOc_sync Enter - MemInfo: [/proc/meminfo - SSI]	MemAvailable:   61055324 kB
20220313 003916.654 INFO             PET0 PIOc_sync Enter - MemInfo: [/proc/meminfo - SSI]	Committed_AS:    2794356 kB
20220313 003916.654 INFO             PET0 PIOc_sync Enter - MemInfo: [/proc/meminfo - SSI]	CommittedPercent: 4.24314 %
20220313 003916.655 INFO             PET0 PIOc_sync Enter - MemInfo: [/proc/self/status]	VmPeak:	   70724 kB
20220313 003916.655 INFO             PET0 PIOc_sync Enter - MemInfo: [/proc/self/status]	VmSize:	   70716 kB
20220313 003916.655 INFO             PET0 PIOc_sync Enter - MemInfo: [/proc/self/status]	VmLck:	       0 kB
20220313 003916.655 INFO             PET0 PIOc_sync Enter - MemInfo: [/proc/self/status]	VmPin:	       0 kB
20220313 003916.655 INFO             PET0 PIOc_sync Enter - MemInfo: [/proc/self/status]	VmHWM:	   22020 kB
20220313 003916.655 INFO             PET0 PIOc_sync Enter - MemInfo: [/proc/self/status]	VmRSS:	   18128 kB
20220313 003916.655 INFO             PET0 PIOc_sync Enter - MemInfo: [/proc/self/status]	VmData:	   21716 kB
20220313 003916.655 INFO             PET0 PIOc_sync Enter - MemInfo: [/proc/self/status]	VmStk:	     164 kB
20220313 003916.655 INFO             PET0 PIOc_sync Enter - MemInfo: [/proc/self/status]	VmExe:	   40684 kB
20220313 003916.655 INFO             PET0 PIOc_sync Enter - MemInfo: [/proc/self/status]	VmLib:	    1952 kB
20220313 003916.655 INFO             PET0 PIOc_sync Enter - MemInfo: [/proc/self/status]	VmPTE:	     148 kB
20220313 003916.655 INFO             PET0 PIOc_sync Enter - MemInfo: [/proc/self/status]	VmPMD:	      12 kB
20220313 003916.655 INFO             PET0 PIOc_sync Enter - MemInfo: [/proc/self/status]	VmSwap:	       0 kB
20220313 003916.655 INFO             PET0 PIOc_sync Enter - MemInfo: [/proc/self/status]	VmRSSPercent: 0.0275268 %
20220313 003916.655 INFO             PET0 PIOc_sync Enter - MemInfo: [malloc] Non-mmapped space allocated:                10574144 Byte
20220313 003916.655 INFO             PET0 PIOc_sync Enter - MemInfo: [malloc] Space allocated in mmapped regions:          7307264 Byte
20220313 003916.655 INFO             PET0 PIOc_sync Enter - MemInfo: [malloc] Maximum total allocated space:                     0 Byte
20220313 003916.655 INFO             PET0 PIOc_sync Enter - MemInfo: [malloc] Space in freed fastbin blocks:                    64 Byte
20220313 003916.655 INFO             PET0 PIOc_sync Enter - MemInfo: [malloc] Total allocated space:                      10444720 Byte
20220313 003916.655 INFO             PET0 PIOc_sync Enter - MemInfo: [malloc] Total free space:                             129424 Byte
20220313 003916.655 INFO             PET0 PIOc_sync Enter - MemInfo: [malloc] Top-most, releasable space:                   128288 Byte
20220313 003916.655 INFO             PET0 PIOc_sync Enter - MemInfo: [malloc] Total space in use, mmap + non-mmap:        17751984 Byte
20220313 003916.655 INFO             PET0 PIOc_sync Enter - MemInfo: [malloc] Total space held (mmap + non-mmap):         17881408 Byte
20220313 003916.655 INFO             PET0 PIOc_sync Enter - MemInfo: [malloc] Total space used (mmap + non-mmap):         17760640 Byte
20220313 003916.655 INFO             PET0 PIOc_sync Enter - MemInfo: Wall-clock time since execution start:               0.370136 seconds
20220313 003916.656 INFO             PET0 PIOc_sync Exit - MemInfo: [/proc/meminfo - SSI]	MemTotal:       65855856 kB
20220313 003916.656 INFO             PET0 PIOc_sync Exit - MemInfo: [/proc/meminfo - SSI]	MemFree:        61267316 kB
20220313 003916.656 INFO             PET0 PIOc_sync Exit - MemInfo: [/proc/meminfo - SSI]	MemAvailable:   61055324 kB
20220313 003916.656 INFO             PET0 PIOc_sync Exit - MemInfo: [/proc/meminfo - SSI]	Committed_AS:    2794356 kB
20220313 003916.656 INFO             PET0 PIOc_sync Exit - MemInfo: [/proc/meminfo - SSI]	CommittedPercent: 4.24314 %
20220313 003916.656 INFO             PET0 PIOc_sync Exit - MemInfo: [/proc/self/status]	VmPeak:	   70724 kB
20220313 003916.656 INFO             PET0 PIOc_sync Exit - MemInfo: [/proc/self/status]	VmSize:	   70716 kB
20220313 003916.656 INFO             PET0 PIOc_sync Exit - MemInfo: [/proc/self/status]	VmLck:	       0 kB
20220313 003916.656 INFO             PET0 PIOc_sync Exit - MemInfo: [/proc/self/status]	VmPin:	       0 kB
20220313 003916.656 INFO             PET0 PIOc_sync Exit - MemInfo: [/proc/self/status]	VmHWM:	   22020 kB
20220313 003916.656 INFO             PET0 PIOc_sync Exit - MemInfo: [/proc/self/status]	VmRSS:	   18128 kB
20220313 003916.656 INFO             PET0 PIOc_sync Exit - MemInfo: [/proc/self/status]	VmData:	   21716 kB
20220313 003916.656 INFO             PET0 PIOc_sync Exit - MemInfo: [/proc/self/status]	VmStk:	     164 kB
20220313 003916.656 INFO             PET0 PIOc_sync Exit - MemInfo: [/proc/self/status]	VmExe:	   40684 kB
20220313 003916.656 INFO             PET0 PIOc_sync Exit - MemInfo: [/proc/self/status]	VmLib:	    1952 kB
20220313 003916.656 INFO             PET0 PIOc_sync Exit - MemInfo: [/proc/self/status]	VmPTE:	     148 kB
20220313 003916.656 INFO             PET0 PIOc_sync Exit - MemInfo: [/proc/self/status]	VmPMD:	      12 kB
20220313 003916.656 INFO             PET0 PIOc_sync Exit - MemInfo: [/proc/self/status]	VmSwap:	       0 kB
20220313 003916.656 INFO             PET0 PIOc_sync Exit - MemInfo: [/proc/self/status]	VmRSSPercent: 0.0275268 %
20220313 003916.656 INFO             PET0 PIOc_sync Exit - MemInfo: [malloc] Non-mmapped space allocated:                10574144 Byte
20220313 003916.656 INFO             PET0 PIOc_sync Exit - MemInfo: [malloc] Space allocated in mmapped regions:          7307264 Byte
20220313 003916.656 INFO             PET0 PIOc_sync Exit - MemInfo: [malloc] Maximum total allocated space:                     0 Byte
20220313 003916.656 INFO             PET0 PIOc_sync Exit - MemInfo: [malloc] Space in freed fastbin blocks:                     0 Byte
20220313 003916.656 INFO             PET0 PIOc_sync Exit - MemInfo: [malloc] Total allocated space:                      10445904 Byte
20220313 003916.656 INFO             PET0 PIOc_sync Exit - MemInfo: [malloc] Total free space:                             128240 Byte
20220313 003916.656 INFO             PET0 PIOc_sync Exit - MemInfo: [malloc] Top-most, releasable space:                   128064 Byte
20220313 003916.656 INFO             PET0 PIOc_sync Exit - MemInfo: [malloc] Total space in use, mmap + non-mmap:        17753168 Byte
20220313 003916.656 INFO             PET0 PIOc_sync Exit - MemInfo: [malloc] Total space held (mmap + non-mmap):         17881408 Byte
20220313 003916.656 INFO             PET0 PIOc_sync Exit - MemInfo: [malloc] Total space used (mmap + non-mmap):         17761488 Byte
20220313 003916.656 INFO             PET0 PIOc_sync Exit - MemInfo: Wall-clock time since execution start:               0.371305 seconds
20220313 003916.656 INFO             PET0 PIOc_freedecomp Enter - MemInfo: [/proc/meminfo - SSI]	MemTotal:       65855856 kB
20220313 003916.656 INFO             PET0 PIOc_freedecomp Enter - MemInfo: [/proc/meminfo - SSI]	MemFree:        61267316 kB
20220313 003916.656 INFO             PET0 PIOc_freedecomp Enter - MemInfo: [/proc/meminfo - SSI]	MemAvailable:   61055324 kB
20220313 003916.656 INFO             PET0 PIOc_freedecomp Enter - MemInfo: [/proc/meminfo - SSI]	Committed_AS:    2794356 kB
20220313 003916.656 INFO             PET0 PIOc_freedecomp Enter - MemInfo: [/proc/meminfo - SSI]	CommittedPercent: 4.24314 %
20220313 003916.656 INFO             PET0 PIOc_freedecomp Enter - MemInfo: [/proc/self/status]	VmPeak:	   70724 kB
20220313 003916.656 INFO             PET0 PIOc_freedecomp Enter - MemInfo: [/proc/self/status]	VmSize:	   70716 kB
20220313 003916.656 INFO             PET0 PIOc_freedecomp Enter - MemInfo: [/proc/self/status]	VmLck:	       0 kB
20220313 003916.656 INFO             PET0 PIOc_freedecomp Enter - MemInfo: [/proc/self/status]	VmPin:	       0 kB
20220313 003916.656 INFO             PET0 PIOc_freedecomp Enter - MemInfo: [/proc/self/status]	VmHWM:	   22020 kB
20220313 003916.656 INFO             PET0 PIOc_freedecomp Enter - MemInfo: [/proc/self/status]	VmRSS:	   18128 kB
20220313 003916.656 INFO             PET0 PIOc_freedecomp Enter - MemInfo: [/proc/self/status]	VmData:	   21716 kB
20220313 003916.656 INFO             PET0 PIOc_freedecomp Enter - MemInfo: [/proc/self/status]	VmStk:	     164 kB
20220313 003916.656 INFO             PET0 PIOc_freedecomp Enter - MemInfo: [/proc/self/status]	VmExe:	   40684 kB
20220313 003916.656 INFO             PET0 PIOc_freedecomp Enter - MemInfo: [/proc/self/status]	VmLib:	    1952 kB
20220313 003916.656 INFO             PET0 PIOc_freedecomp Enter - MemInfo: [/proc/self/status]	VmPTE:	     148 kB
20220313 003916.656 INFO             PET0 PIOc_freedecomp Enter - MemInfo: [/proc/self/status]	VmPMD:	      12 kB
20220313 003916.656 INFO             PET0 PIOc_freedecomp Enter - MemInfo: [/proc/self/status]	VmSwap:	       0 kB
20220313 003916.656 INFO             PET0 PIOc_freedecomp Enter - MemInfo: [/proc/self/status]	VmRSSPercent: 0.0275268 %
20220313 003916.656 INFO             PET0 PIOc_freedecomp Enter - MemInfo: [malloc] Non-mmapped space allocated:                10574144 Byte
20220313 003916.656 INFO             PET0 PIOc_freedecomp Enter - MemInfo: [malloc] Space allocated in mmapped regions:          7307264 Byte
20220313 003916.656 INFO             PET0 PIOc_freedecomp Enter - MemInfo: [malloc] Maximum total allocated space:                     0 Byte
20220313 003916.656 INFO             PET0 PIOc_freedecomp Enter - MemInfo: [malloc] Space in freed fastbin blocks:                   144 Byte
20220313 003916.656 INFO             PET0 PIOc_freedecomp Enter - MemInfo: [malloc] Total allocated space:                       1521968 Byte
20220313 003916.656 INFO             PET0 PIOc_freedecomp Enter - MemInfo: [malloc] Total free space:                            9052176 Byte
20220313 003916.656 INFO             PET0 PIOc_freedecomp Enter - MemInfo: [malloc] Top-most, releasable space:                   127728 Byte
20220313 003916.656 INFO             PET0 PIOc_freedecomp Enter - MemInfo: [malloc] Total space in use, mmap + non-mmap:         8829232 Byte
20220313 003916.656 INFO             PET0 PIOc_freedecomp Enter - MemInfo: [malloc] Total space held (mmap + non-mmap):         17881408 Byte
20220313 003916.657 INFO             PET0 PIOc_freedecomp Enter - MemInfo: [malloc] Total space used (mmap + non-mmap):          8837440 Byte
20220313 003916.657 INFO             PET0 PIOc_freedecomp Enter - MemInfo: Wall-clock time since execution start:               0.371853 seconds
20220313 003916.657 INFO             PET0 PIOc_freedecomp Exit - MemInfo: [/proc/meminfo - SSI]	MemTotal:       65855856 kB
20220313 003916.657 INFO             PET0 PIOc_freedecomp Exit - MemInfo: [/proc/meminfo - SSI]	MemFree:        61267316 kB
20220313 003916.657 INFO             PET0 PIOc_freedecomp Exit - MemInfo: [/proc/meminfo - SSI]	MemAvailable:   61055324 kB
20220313 003916.657 INFO             PET0 PIOc_freedecomp Exit - MemInfo: [/proc/meminfo - SSI]	Committed_AS:    2794356 kB
20220313 003916.657 INFO             PET0 PIOc_freedecomp Exit - MemInfo: [/proc/meminfo - SSI]	CommittedPercent: 4.24314 %
20220313 003916.657 INFO             PET0 PIOc_freedecomp Exit - MemInfo: [/proc/self/status]	VmPeak:	   70724 kB
20220313 003916.657 INFO             PET0 PIOc_freedecomp Exit - MemInfo: [/proc/self/status]	VmSize:	   70716 kB
20220313 003916.657 INFO             PET0 PIOc_freedecomp Exit - MemInfo: [/proc/self/status]	VmLck:	       0 kB
20220313 003916.657 INFO             PET0 PIOc_freedecomp Exit - MemInfo: [/proc/self/status]	VmPin:	       0 kB
20220313 003916.657 INFO             PET0 PIOc_freedecomp Exit - MemInfo: [/proc/self/status]	VmHWM:	   22020 kB
20220313 003916.657 INFO             PET0 PIOc_freedecomp Exit - MemInfo: [/proc/self/status]	VmRSS:	   18128 kB
20220313 003916.657 INFO             PET0 PIOc_freedecomp Exit - MemInfo: [/proc/self/status]	VmData:	   21716 kB
20220313 003916.657 INFO             PET0 PIOc_freedecomp Exit - MemInfo: [/proc/self/status]	VmStk:	     164 kB
20220313 003916.657 INFO             PET0 PIOc_freedecomp Exit - MemInfo: [/proc/self/status]	VmExe:	   40684 kB
20220313 003916.657 INFO             PET0 PIOc_freedecomp Exit - MemInfo: [/proc/self/status]	VmLib:	    1952 kB
20220313 003916.657 INFO             PET0 PIOc_freedecomp Exit - MemInfo: [/proc/self/status]	VmPTE:	     148 kB
20220313 003916.657 INFO             PET0 PIOc_freedecomp Exit - MemInfo: [/proc/self/status]	VmPMD:	      12 kB
20220313 003916.657 INFO             PET0 PIOc_freedecomp Exit - MemInfo: [/proc/self/status]	VmSwap:	       0 kB
20220313 003916.657 INFO             PET0 PIOc_freedecomp Exit - MemInfo: [/proc/self/status]	VmRSSPercent: 0.0275268 %
20220313 003916.657 INFO             PET0 PIOc_freedecomp Exit - MemInfo: [malloc] Non-mmapped space allocated:                10574144 Byte
20220313 003916.657 INFO             PET0 PIOc_freedecomp Exit - MemInfo: [malloc] Space allocated in mmapped regions:          7307264 Byte
20220313 003916.657 INFO             PET0 PIOc_freedecomp Exit - MemInfo: [malloc] Maximum total allocated space:                     0 Byte
20220313 003916.657 INFO             PET0 PIOc_freedecomp Exit - MemInfo: [malloc] Space in freed fastbin blocks:                   800 Byte
20220313 003916.657 INFO             PET0 PIOc_freedecomp Exit - MemInfo: [malloc] Total allocated space:                       1520112 Byte
20220313 003916.657 INFO             PET0 PIOc_freedecomp Exit - MemInfo: [malloc] Total free space:                            9054032 Byte
20220313 003916.657 INFO             PET0 PIOc_freedecomp Exit - MemInfo: [malloc] Top-most, releasable space:                   127728 Byte
20220313 003916.657 INFO             PET0 PIOc_freedecomp Exit - MemInfo: [malloc] Total space in use, mmap + non-mmap:         8827376 Byte
20220313 003916.657 INFO             PET0 PIOc_freedecomp Exit - MemInfo: [malloc] Total space held (mmap + non-mmap):         17881408 Byte
20220313 003916.657 INFO             PET0 PIOc_freedecomp Exit - MemInfo: [malloc] Total space used (mmap + non-mmap):          8835584 Byte
20220313 003916.657 INFO             PET0 PIOc_freedecomp Exit - MemInfo: Wall-clock time since execution start:               0.372231 seconds
20220313 003916.658 INFO             PET0 PIOc_sync Enter - MemInfo: [/proc/meminfo - SSI]	MemTotal:       65855856 kB
20220313 003916.658 INFO             PET0 PIOc_sync Enter - MemInfo: [/proc/meminfo - SSI]	MemFree:        61266812 kB
20220313 003916.658 INFO             PET0 PIOc_sync Enter - MemInfo: [/proc/meminfo - SSI]	MemAvailable:   61054820 kB
20220313 003916.658 INFO             PET0 PIOc_sync Enter - MemInfo: [/proc/meminfo - SSI]	Committed_AS:    2794356 kB
20220313 003916.659 INFO             PET0 PIOc_sync Enter - MemInfo: [/proc/meminfo - SSI]	CommittedPercent: 4.24314 %
20220313 003916.659 INFO             PET0 PIOc_sync Enter - MemInfo: [/proc/self/status]	VmPeak:	   70724 kB
20220313 003916.659 INFO             PET0 PIOc_sync Enter - MemInfo: [/proc/self/status]	VmSize:	   70716 kB
20220313 003916.659 INFO             PET0 PIOc_sync Enter - MemInfo: [/proc/self/status]	VmLck:	       0 kB
20220313 003916.659 INFO             PET0 PIOc_sync Enter - MemInfo: [/proc/self/status]	VmPin:	       0 kB
20220313 003916.659 INFO             PET0 PIOc_sync Enter - MemInfo: [/proc/self/status]	VmHWM:	   22020 kB
20220313 003916.659 INFO             PET0 PIOc_sync Enter - MemInfo: [/proc/self/status]	VmRSS:	   18392 kB
20220313 003916.659 INFO             PET0 PIOc_sync Enter - MemInfo: [/proc/self/status]	VmData:	   21716 kB
20220313 003916.659 INFO             PET0 PIOc_sync Enter - MemInfo: [/proc/self/status]	VmStk:	     164 kB
20220313 003916.659 INFO             PET0 PIOc_sync Enter - MemInfo: [/proc/self/status]	VmExe:	   40684 kB
20220313 003916.659 INFO             PET0 PIOc_sync Enter - MemInfo: [/proc/self/status]	VmLib:	    1952 kB
20220313 003916.659 INFO             PET0 PIOc_sync Enter - MemInfo: [/proc/self/status]	VmPTE:	     148 kB
20220313 003916.659 INFO             PET0 PIOc_sync Enter - MemInfo: [/proc/self/status]	VmPMD:	      12 kB
20220313 003916.659 INFO             PET0 PIOc_sync Enter - MemInfo: [/proc/self/status]	VmSwap:	       0 kB
20220313 003916.659 INFO             PET0 PIOc_sync Enter - MemInfo: [/proc/self/status]	VmRSSPercent: 0.0279277 %
20220313 003916.659 INFO             PET0 PIOc_sync Enter - MemInfo: [malloc] Non-mmapped space allocated:                10574144 Byte
20220313 003916.659 INFO             PET0 PIOc_sync Enter - MemInfo: [malloc] Space allocated in mmapped regions:          7307264 Byte
20220313 003916.659 INFO             PET0 PIOc_sync Enter - MemInfo: [malloc] Maximum total allocated space:                     0 Byte
20220313 003916.659 INFO             PET0 PIOc_sync Enter - MemInfo: [malloc] Space in freed fastbin blocks:                   240 Byte
20220313 003916.659 INFO             PET0 PIOc_sync Enter - MemInfo: [malloc] Total allocated space:                      10448928 Byte
20220313 003916.659 INFO             PET0 PIOc_sync Enter - MemInfo: [malloc] Total free space:                             125216 Byte
20220313 003916.659 INFO             PET0 PIOc_sync Enter - MemInfo: [malloc] Top-most, releasable space:                   117232 Byte
20220313 003916.659 INFO             PET0 PIOc_sync Enter - MemInfo: [malloc] Total space in use, mmap + non-mmap:        17756192 Byte
20220313 003916.659 INFO             PET0 PIOc_sync Enter - MemInfo: [malloc] Total space held (mmap + non-mmap):         17881408 Byte
20220313 003916.659 INFO             PET0 PIOc_sync Enter - MemInfo: [malloc] Total space used (mmap + non-mmap):         17764624 Byte
20220313 003916.659 INFO             PET0 PIOc_sync Enter - MemInfo: Wall-clock time since execution start:               0.374148 seconds
20220313 003916.659 INFO             PET0 PIOc_sync Exit - MemInfo: [/proc/meminfo - SSI]	MemTotal:       65855856 kB
20220313 003916.659 INFO             PET0 PIOc_sync Exit - MemInfo: [/proc/meminfo - SSI]	MemFree:        61266812 kB
20220313 003916.659 INFO             PET0 PIOc_sync Exit - MemInfo: [/proc/meminfo - SSI]	MemAvailable:   61054820 kB
20220313 003916.659 INFO             PET0 PIOc_sync Exit - MemInfo: [/proc/meminfo - SSI]	Committed_AS:    2794356 kB
20220313 003916.659 INFO             PET0 PIOc_sync Exit - MemInfo: [/proc/meminfo - SSI]	CommittedPercent: 4.24314 %
20220313 003916.659 INFO             PET0 PIOc_sync Exit - MemInfo: [/proc/self/status]	VmPeak:	   70724 kB
20220313 003916.659 INFO             PET0 PIOc_sync Exit - MemInfo: [/proc/self/status]	VmSize:	   70716 kB
20220313 003916.659 INFO             PET0 PIOc_sync Exit - MemInfo: [/proc/self/status]	VmLck:	       0 kB
20220313 003916.659 INFO             PET0 PIOc_sync Exit - MemInfo: [/proc/self/status]	VmPin:	       0 kB
20220313 003916.659 INFO             PET0 PIOc_sync Exit - MemInfo: [/proc/self/status]	VmHWM:	   22020 kB
20220313 003916.659 INFO             PET0 PIOc_sync Exit - MemInfo: [/proc/self/status]	VmRSS:	   18392 kB
20220313 003916.659 INFO             PET0 PIOc_sync Exit - MemInfo: [/proc/self/status]	VmData:	   21716 kB
20220313 003916.659 INFO             PET0 PIOc_sync Exit - MemInfo: [/proc/self/status]	VmStk:	     164 kB
20220313 003916.659 INFO             PET0 PIOc_sync Exit - MemInfo: [/proc/self/status]	VmExe:	   40684 kB
20220313 003916.659 INFO             PET0 PIOc_sync Exit - MemInfo: [/proc/self/status]	VmLib:	    1952 kB
20220313 003916.659 INFO             PET0 PIOc_sync Exit - MemInfo: [/proc/self/status]	VmPTE:	     148 kB
20220313 003916.659 INFO             PET0 PIOc_sync Exit - MemInfo: [/proc/self/status]	VmPMD:	      12 kB
20220313 003916.659 INFO             PET0 PIOc_sync Exit - MemInfo: [/proc/self/status]	VmSwap:	       0 kB
20220313 003916.659 INFO             PET0 PIOc_sync Exit - MemInfo: [/proc/self/status]	VmRSSPercent: 0.0279277 %
20220313 003916.659 INFO             PET0 PIOc_sync Exit - MemInfo: [malloc] Non-mmapped space allocated:                10574144 Byte
20220313 003916.659 INFO             PET0 PIOc_sync Exit - MemInfo: [malloc] Space allocated in mmapped regions:          7307264 Byte
20220313 003916.659 INFO             PET0 PIOc_sync Exit - MemInfo: [malloc] Maximum total allocated space:                     0 Byte
20220313 003916.659 INFO             PET0 PIOc_sync Exit - MemInfo: [malloc] Space in freed fastbin blocks:                     0 Byte
20220313 003916.659 INFO             PET0 PIOc_sync Exit - MemInfo: [malloc] Total allocated space:                      10449392 Byte
20220313 003916.659 INFO             PET0 PIOc_sync Exit - MemInfo: [malloc] Total free space:                             124752 Byte
20220313 003916.659 INFO             PET0 PIOc_sync Exit - MemInfo: [malloc] Top-most, releasable space:                   117008 Byte
20220313 003916.659 INFO             PET0 PIOc_sync Exit - MemInfo: [malloc] Total space in use, mmap + non-mmap:        17756656 Byte
20220313 003916.659 INFO             PET0 PIOc_sync Exit - MemInfo: [malloc] Total space held (mmap + non-mmap):         17881408 Byte
20220313 003916.659 INFO             PET0 PIOc_sync Exit - MemInfo: [malloc] Total space used (mmap + non-mmap):         17764976 Byte
20220313 003916.659 INFO             PET0 PIOc_sync Exit - MemInfo: Wall-clock time since execution start:                0.37458 seconds
20220313 003916.659 INFO             PET0 PIOc_freedecomp Enter - MemInfo: [/proc/meminfo - SSI]	MemTotal:       65855856 kB
20220313 003916.659 INFO             PET0 PIOc_freedecomp Enter - MemInfo: [/proc/meminfo - SSI]	MemFree:        61266812 kB
20220313 003916.659 INFO             PET0 PIOc_freedecomp Enter - MemInfo: [/proc/meminfo - SSI]	MemAvailable:   61054820 kB
20220313 003916.659 INFO             PET0 PIOc_freedecomp Enter - MemInfo: [/proc/meminfo - SSI]	Committed_AS:    2794356 kB
20220313 003916.660 INFO             PET0 PIOc_freedecomp Enter - MemInfo: [/proc/meminfo - SSI]	CommittedPercent: 4.24314 %
20220313 003916.660 INFO             PET0 PIOc_freedecomp Enter - MemInfo: [/proc/self/status]	VmPeak:	   70724 kB
20220313 003916.660 INFO             PET0 PIOc_freedecomp Enter - MemInfo: [/proc/self/status]	VmSize:	   70716 kB
20220313 003916.660 INFO             PET0 PIOc_freedecomp Enter - MemInfo: [/proc/self/status]	VmLck:	       0 kB
20220313 003916.660 INFO             PET0 PIOc_freedecomp Enter - MemInfo: [/proc/self/status]	VmPin:	       0 kB
20220313 003916.660 INFO             PET0 PIOc_freedecomp Enter - MemInfo: [/proc/self/status]	VmHWM:	   22020 kB
20220313 003916.660 INFO             PET0 PIOc_freedecomp Enter - MemInfo: [/proc/self/status]	VmRSS:	   18392 kB
20220313 003916.660 INFO             PET0 PIOc_freedecomp Enter - MemInfo: [/proc/self/status]	VmData:	   21716 kB
20220313 003916.660 INFO             PET0 PIOc_freedecomp Enter - MemInfo: [/proc/self/status]	VmStk:	     164 kB
20220313 003916.660 INFO             PET0 PIOc_freedecomp Enter - MemInfo: [/proc/self/status]	VmExe:	   40684 kB
20220313 003916.660 INFO             PET0 PIOc_freedecomp Enter - MemInfo: [/proc/self/status]	VmLib:	    1952 kB
20220313 003916.660 INFO             PET0 PIOc_freedecomp Enter - MemInfo: [/proc/self/status]	VmPTE:	     148 kB
20220313 003916.660 INFO             PET0 PIOc_freedecomp Enter - MemInfo: [/proc/self/status]	VmPMD:	      12 kB
20220313 003916.660 INFO             PET0 PIOc_freedecomp Enter - MemInfo: [/proc/self/status]	VmSwap:	       0 kB
20220313 003916.660 INFO             PET0 PIOc_freedecomp Enter - MemInfo: [/proc/self/status]	VmRSSPercent: 0.0279277 %
20220313 003916.660 INFO             PET0 PIOc_freedecomp Enter - MemInfo: [malloc] Non-mmapped space allocated:                10574144 Byte
20220313 003916.660 INFO             PET0 PIOc_freedecomp Enter - MemInfo: [malloc] Space allocated in mmapped regions:          7307264 Byte
20220313 003916.660 INFO             PET0 PIOc_freedecomp Enter - MemInfo: [malloc] Maximum total allocated space:                     0 Byte
20220313 003916.660 INFO             PET0 PIOc_freedecomp Enter - MemInfo: [malloc] Space in freed fastbin blocks:                   240 Byte
20220313 003916.660 INFO             PET0 PIOc_freedecomp Enter - MemInfo: [malloc] Total allocated space:                       1524352 Byte
20220313 003916.660 INFO             PET0 PIOc_freedecomp Enter - MemInfo: [malloc] Total free space:                            9049792 Byte
20220313 003916.660 INFO             PET0 PIOc_freedecomp Enter - MemInfo: [malloc] Top-most, releasable space:                   116784 Byte
20220313 003916.660 INFO             PET0 PIOc_freedecomp Enter - MemInfo: [malloc] Total space in use, mmap + non-mmap:         8831616 Byte
20220313 003916.660 INFO             PET0 PIOc_freedecomp Enter - MemInfo: [malloc] Total space held (mmap + non-mmap):         17881408 Byte
20220313 003916.660 INFO             PET0 PIOc_freedecomp Enter - MemInfo: [malloc] Total space used (mmap + non-mmap):          8839824 Byte
20220313 003916.660 INFO             PET0 PIOc_freedecomp Enter - MemInfo: Wall-clock time since execution start:               0.375133 seconds
20220313 003916.660 INFO             PET0 PIOc_freedecomp Exit - MemInfo: [/proc/meminfo - SSI]	MemTotal:       65855856 kB
20220313 003916.660 INFO             PET0 PIOc_freedecomp Exit - MemInfo: [/proc/meminfo - SSI]	MemFree:        61266812 kB
20220313 003916.660 INFO             PET0 PIOc_freedecomp Exit - MemInfo: [/proc/meminfo - SSI]	MemAvailable:   61054820 kB
20220313 003916.660 INFO             PET0 PIOc_freedecomp Exit - MemInfo: [/proc/meminfo - SSI]	Committed_AS:    2794356 kB
20220313 003916.660 INFO             PET0 PIOc_freedecomp Exit - MemInfo: [/proc/meminfo - SSI]	CommittedPercent: 4.24314 %
20220313 003916.660 INFO             PET0 PIOc_freedecomp Exit - MemInfo: [/proc/self/status]	VmPeak:	   70724 kB
20220313 003916.660 INFO             PET0 PIOc_freedecomp Exit - MemInfo: [/proc/self/status]	VmSize:	   70716 kB
20220313 003916.660 INFO             PET0 PIOc_freedecomp Exit - MemInfo: [/proc/self/status]	VmLck:	       0 kB
20220313 003916.660 INFO             PET0 PIOc_freedecomp Exit - MemInfo: [/proc/self/status]	VmPin:	       0 kB
20220313 003916.660 INFO             PET0 PIOc_freedecomp Exit - MemInfo: [/proc/self/status]	VmHWM:	   22020 kB
20220313 003916.660 INFO             PET0 PIOc_freedecomp Exit - MemInfo: [/proc/self/status]	VmRSS:	   18392 kB
20220313 003916.660 INFO             PET0 PIOc_freedecomp Exit - MemInfo: [/proc/self/status]	VmData:	   21716 kB
20220313 003916.660 INFO             PET0 PIOc_freedecomp Exit - MemInfo: [/proc/self/status]	VmStk:	     164 kB
20220313 003916.660 INFO             PET0 PIOc_freedecomp Exit - MemInfo: [/proc/self/status]	VmExe:	   40684 kB
20220313 003916.660 INFO             PET0 PIOc_freedecomp Exit - MemInfo: [/proc/self/status]	VmLib:	    1952 kB
20220313 003916.660 INFO             PET0 PIOc_freedecomp Exit - MemInfo: [/proc/self/status]	VmPTE:	     148 kB
20220313 003916.660 INFO             PET0 PIOc_freedecomp Exit - MemInfo: [/proc/self/status]	VmPMD:	      12 kB
20220313 003916.660 INFO             PET0 PIOc_freedecomp Exit - MemInfo: [/proc/self/status]	VmSwap:	       0 kB
20220313 003916.660 INFO             PET0 PIOc_freedecomp Exit - MemInfo: [/proc/self/status]	VmRSSPercent: 0.0279277 %
20220313 003916.660 INFO             PET0 PIOc_freedecomp Exit - MemInfo: [malloc] Non-mmapped space allocated:                10574144 Byte
20220313 003916.660 INFO             PET0 PIOc_freedecomp Exit - MemInfo: [malloc] Space allocated in mmapped regions:          7307264 Byte
20220313 003916.660 INFO             PET0 PIOc_freedecomp Exit - MemInfo: [malloc] Maximum total allocated space:                     0 Byte
20220313 003916.660 INFO             PET0 PIOc_freedecomp Exit - MemInfo: [malloc] Space in freed fastbin blocks:                   816 Byte
20220313 003916.660 INFO             PET0 PIOc_freedecomp Exit - MemInfo: [malloc] Total allocated space:                       1522480 Byte
20220313 003916.660 INFO             PET0 PIOc_freedecomp Exit - MemInfo: [malloc] Total free space:                            9051664 Byte
20220313 003916.660 INFO             PET0 PIOc_freedecomp Exit - MemInfo: [malloc] Top-most, releasable space:                   127504 Byte
20220313 003916.660 INFO             PET0 PIOc_freedecomp Exit - MemInfo: [malloc] Total space in use, mmap + non-mmap:         8829744 Byte
20220313 003916.660 INFO             PET0 PIOc_freedecomp Exit - MemInfo: [malloc] Total space held (mmap + non-mmap):         17881408 Byte
20220313 003916.660 INFO             PET0 PIOc_freedecomp Exit - MemInfo: [malloc] Total space used (mmap + non-mmap):          8837952 Byte
20220313 003916.660 INFO             PET0 PIOc_freedecomp Exit - MemInfo: Wall-clock time since execution start:               0.375513 seconds
20220313 003916.660 INFO             PET0 PASS Create an ESMC_RouteHandle via ESMC_FieldRegridStore(), ESMC_FieldRegridUTest.C, line 367
20220313 003916.661 INFO             PET0 PASS Execute ESMC_FieldRegrid(), ESMC_FieldRegridUTest.C, line 375
20220313 003916.669 INFO             PET0 PIOc_sync Enter - MemInfo: [/proc/meminfo - SSI]	MemTotal:       65855856 kB
20220313 003916.669 INFO             PET0 PIOc_sync Enter - MemInfo: [/proc/meminfo - SSI]	MemFree:        61258244 kB
20220313 003916.669 INFO             PET0 PIOc_sync Enter - MemInfo: [/proc/meminfo - SSI]	MemAvailable:   61046252 kB
20220313 003916.669 INFO             PET0 PIOc_sync Enter - MemInfo: [/proc/meminfo - SSI]	Committed_AS:    2802552 kB
20220313 003916.669 INFO             PET0 PIOc_sync Enter - MemInfo: [/proc/meminfo - SSI]	CommittedPercent: 4.25559 %
20220313 003916.669 INFO             PET0 PIOc_sync Enter - MemInfo: [/proc/self/status]	VmPeak:	   78912 kB
20220313 003916.669 INFO             PET0 PIOc_sync Enter - MemInfo: [/proc/self/status]	VmSize:	   78912 kB
20220313 003916.669 INFO             PET0 PIOc_sync Enter - MemInfo: [/proc/self/status]	VmLck:	       0 kB
20220313 003916.669 INFO             PET0 PIOc_sync Enter - MemInfo: [/proc/self/status]	VmPin:	       0 kB
20220313 003916.669 INFO             PET0 PIOc_sync Enter - MemInfo: [/proc/self/status]	VmHWM:	   26576 kB
20220313 003916.669 INFO             PET0 PIOc_sync Enter - MemInfo: [/proc/self/status]	VmRSS:	   26576 kB
20220313 003916.669 INFO             PET0 PIOc_sync Enter - MemInfo: [/proc/self/status]	VmData:	   29912 kB
20220313 003916.669 INFO             PET0 PIOc_sync Enter - MemInfo: [/proc/self/status]	VmStk:	     164 kB
20220313 003916.669 INFO             PET0 PIOc_sync Enter - MemInfo: [/proc/self/status]	VmExe:	   40684 kB
20220313 003916.669 INFO             PET0 PIOc_sync Enter - MemInfo: [/proc/self/status]	VmLib:	    1952 kB
20220313 003916.669 INFO             PET0 PIOc_sync Enter - MemInfo: [/proc/self/status]	VmPTE:	     164 kB
20220313 003916.669 INFO             PET0 PIOc_sync Enter - MemInfo: [/proc/self/status]	VmPMD:	      12 kB
20220313 003916.669 INFO             PET0 PIOc_sync Enter - MemInfo: [/proc/self/status]	VmSwap:	       0 kB
20220313 003916.669 INFO             PET0 PIOc_sync Enter - MemInfo: [/proc/self/status]	VmRSSPercent: 0.0403548 %
20220313 003916.669 INFO             PET0 PIOc_sync Enter - MemInfo: [malloc] Non-mmapped space allocated:                18966848 Byte
20220313 003916.669 INFO             PET0 PIOc_sync Enter - MemInfo: [malloc] Space allocated in mmapped regions:          7307264 Byte
20220313 003916.669 INFO             PET0 PIOc_sync Enter - MemInfo: [malloc] Maximum total allocated space:                     0 Byte
20220313 003916.669 INFO             PET0 PIOc_sync Enter - MemInfo: [malloc] Space in freed fastbin blocks:                     0 Byte
20220313 003916.669 INFO             PET0 PIOc_sync Enter - MemInfo: [malloc] Total allocated space:                      10456560 Byte
20220313 003916.669 INFO             PET0 PIOc_sync Enter - MemInfo: [malloc] Total free space:                            8510288 Byte
20220313 003916.669 INFO             PET0 PIOc_sync Enter - MemInfo: [malloc] Top-most, releasable space:                   131808 Byte
20220313 003916.669 INFO             PET0 PIOc_sync Enter - MemInfo: [malloc] Total space in use, mmap + non-mmap:        17763824 Byte
20220313 003916.669 INFO             PET0 PIOc_sync Enter - MemInfo: [malloc] Total space held (mmap + non-mmap):         26274112 Byte
20220313 003916.669 INFO             PET0 PIOc_sync Enter - MemInfo: [malloc] Total space used (mmap + non-mmap):         17772368 Byte
20220313 003916.669 INFO             PET0 PIOc_sync Enter - MemInfo: Wall-clock time since execution start:               0.384506 seconds
20220313 003916.669 INFO             PET0 PIOc_sync Exit - MemInfo: [/proc/meminfo - SSI]	MemTotal:       65855856 kB
20220313 003916.669 INFO             PET0 PIOc_sync Exit - MemInfo: [/proc/meminfo - SSI]	MemFree:        61258244 kB
20220313 003916.669 INFO             PET0 PIOc_sync Exit - MemInfo: [/proc/meminfo - SSI]	MemAvailable:   61046252 kB
20220313 003916.669 INFO             PET0 PIOc_sync Exit - MemInfo: [/proc/meminfo - SSI]	Committed_AS:    2802552 kB
20220313 003916.669 INFO             PET0 PIOc_sync Exit - MemInfo: [/proc/meminfo - SSI]	CommittedPercent: 4.25559 %
20220313 003916.669 INFO             PET0 PIOc_sync Exit - MemInfo: [/proc/self/status]	VmPeak:	   78912 kB
20220313 003916.669 INFO             PET0 PIOc_sync Exit - MemInfo: [/proc/self/status]	VmSize:	   78912 kB
20220313 003916.669 INFO             PET0 PIOc_sync Exit - MemInfo: [/proc/self/status]	VmLck:	       0 kB
20220313 003916.669 INFO             PET0 PIOc_sync Exit - MemInfo: [/proc/self/status]	VmPin:	       0 kB
20220313 003916.669 INFO             PET0 PIOc_sync Exit - MemInfo: [/proc/self/status]	VmHWM:	   26576 kB
20220313 003916.669 INFO             PET0 PIOc_sync Exit - MemInfo: [/proc/self/status]	VmRSS:	   26576 kB
20220313 003916.669 INFO             PET0 PIOc_sync Exit - MemInfo: [/proc/self/status]	VmData:	   29912 kB
20220313 003916.669 INFO             PET0 PIOc_sync Exit - MemInfo: [/proc/self/status]	VmStk:	     164 kB
20220313 003916.669 INFO             PET0 PIOc_sync Exit - MemInfo: [/proc/self/status]	VmExe:	   40684 kB
20220313 003916.669 INFO             PET0 PIOc_sync Exit - MemInfo: [/proc/self/status]	VmLib:	    1952 kB
20220313 003916.669 INFO             PET0 PIOc_sync Exit - MemInfo: [/proc/self/status]	VmPTE:	     164 kB
20220313 003916.669 INFO             PET0 PIOc_sync Exit - MemInfo: [/proc/self/status]	VmPMD:	      12 kB
20220313 003916.669 INFO             PET0 PIOc_sync Exit - MemInfo: [/proc/self/status]	VmSwap:	       0 kB
20220313 003916.670 INFO             PET0 PIOc_sync Exit - MemInfo: [/proc/self/status]	VmRSSPercent: 0.0403548 %
20220313 003916.670 INFO             PET0 PIOc_sync Exit - MemInfo: [malloc] Non-mmapped space allocated:                18966848 Byte
20220313 003916.670 INFO             PET0 PIOc_sync Exit - MemInfo: [malloc] Space allocated in mmapped regions:          7307264 Byte
20220313 003916.670 INFO             PET0 PIOc_sync Exit - MemInfo: [malloc] Maximum total allocated space:                     0 Byte
20220313 003916.670 INFO             PET0 PIOc_sync Exit - MemInfo: [malloc] Space in freed fastbin blocks:                     0 Byte
20220313 003916.670 INFO             PET0 PIOc_sync Exit - MemInfo: [malloc] Total allocated space:                      10457312 Byte
20220313 003916.670 INFO             PET0 PIOc_sync Exit - MemInfo: [malloc] Total free space:                            8509536 Byte
20220313 003916.670 INFO             PET0 PIOc_sync Exit - MemInfo: [malloc] Top-most, releasable space:                   131808 Byte
20220313 003916.670 INFO             PET0 PIOc_sync Exit - MemInfo: [malloc] Total space in use, mmap + non-mmap:        17764576 Byte
20220313 003916.670 INFO             PET0 PIOc_sync Exit - MemInfo: [malloc] Total space held (mmap + non-mmap):         26274112 Byte
20220313 003916.670 INFO             PET0 PIOc_sync Exit - MemInfo: [malloc] Total space used (mmap + non-mmap):         17772896 Byte
20220313 003916.670 INFO             PET0 PIOc_sync Exit - MemInfo: Wall-clock time since execution start:               0.384917 seconds
20220313 003916.670 INFO             PET0 PIOc_freedecomp Enter - MemInfo: [/proc/meminfo - SSI]	MemTotal:       65855856 kB
20220313 003916.670 INFO             PET0 PIOc_freedecomp Enter - MemInfo: [/proc/meminfo - SSI]	MemFree:        61258244 kB
20220313 003916.670 INFO             PET0 PIOc_freedecomp Enter - MemInfo: [/proc/meminfo - SSI]	MemAvailable:   61046252 kB
20220313 003916.670 INFO             PET0 PIOc_freedecomp Enter - MemInfo: [/proc/meminfo - SSI]	Committed_AS:    2802552 kB
20220313 003916.670 INFO             PET0 PIOc_freedecomp Enter - MemInfo: [/proc/meminfo - SSI]	CommittedPercent: 4.25559 %
20220313 003916.670 INFO             PET0 PIOc_freedecomp Enter - MemInfo: [/proc/self/status]	VmPeak:	   78912 kB
20220313 003916.670 INFO             PET0 PIOc_freedecomp Enter - MemInfo: [/proc/self/status]	VmSize:	   78912 kB
20220313 003916.670 INFO             PET0 PIOc_freedecomp Enter - MemInfo: [/proc/self/status]	VmLck:	       0 kB
20220313 003916.670 INFO             PET0 PIOc_freedecomp Enter - MemInfo: [/proc/self/status]	VmPin:	       0 kB
20220313 003916.670 INFO             PET0 PIOc_freedecomp Enter - MemInfo: [/proc/self/status]	VmHWM:	   26576 kB
20220313 003916.670 INFO             PET0 PIOc_freedecomp Enter - MemInfo: [/proc/self/status]	VmRSS:	   26576 kB
20220313 003916.670 INFO             PET0 PIOc_freedecomp Enter - MemInfo: [/proc/self/status]	VmData:	   29912 kB
20220313 003916.670 INFO             PET0 PIOc_freedecomp Enter - MemInfo: [/proc/self/status]	VmStk:	     164 kB
20220313 003916.670 INFO             PET0 PIOc_freedecomp Enter - MemInfo: [/proc/self/status]	VmExe:	   40684 kB
20220313 003916.670 INFO             PET0 PIOc_freedecomp Enter - MemInfo: [/proc/self/status]	VmLib:	    1952 kB
20220313 003916.670 INFO             PET0 PIOc_freedecomp Enter - MemInfo: [/proc/self/status]	VmPTE:	     164 kB
20220313 003916.670 INFO             PET0 PIOc_freedecomp Enter - MemInfo: [/proc/self/status]	VmPMD:	      12 kB
20220313 003916.670 INFO             PET0 PIOc_freedecomp Enter - MemInfo: [/proc/self/status]	VmSwap:	       0 kB
20220313 003916.670 INFO             PET0 PIOc_freedecomp Enter - MemInfo: [/proc/self/status]	VmRSSPercent: 0.0403548 %
20220313 003916.670 INFO             PET0 PIOc_freedecomp Enter - MemInfo: [malloc] Non-mmapped space allocated:                18966848 Byte
20220313 003916.670 INFO             PET0 PIOc_freedecomp Enter - MemInfo: [malloc] Space allocated in mmapped regions:          7307264 Byte
20220313 003916.670 INFO             PET0 PIOc_freedecomp Enter - MemInfo: [malloc] Maximum total allocated space:                     0 Byte
20220313 003916.670 INFO             PET0 PIOc_freedecomp Enter - MemInfo: [malloc] Space in freed fastbin blocks:                   192 Byte
20220313 003916.670 INFO             PET0 PIOc_freedecomp Enter - MemInfo: [malloc] Total allocated space:                       1533024 Byte
20220313 003916.670 INFO             PET0 PIOc_freedecomp Enter - MemInfo: [malloc] Total free space:                           17433824 Byte
20220313 003916.670 INFO             PET0 PIOc_freedecomp Enter - MemInfo: [malloc] Top-most, releasable space:                  8520432 Byte
20220313 003916.670 INFO             PET0 PIOc_freedecomp Enter - MemInfo: [malloc] Total space in use, mmap + non-mmap:         8840288 Byte
20220313 003916.670 INFO             PET0 PIOc_freedecomp Enter - MemInfo: [malloc] Total space held (mmap + non-mmap):         26274112 Byte
20220313 003916.670 INFO             PET0 PIOc_freedecomp Enter - MemInfo: [malloc] Total space used (mmap + non-mmap):          8848496 Byte
20220313 003916.670 INFO             PET0 PIOc_freedecomp Enter - MemInfo: Wall-clock time since execution start:               0.385465 seconds
20220313 003916.670 INFO             PET0 PIOc_freedecomp Exit - MemInfo: [/proc/meminfo - SSI]	MemTotal:       65855856 kB
20220313 003916.670 INFO             PET0 PIOc_freedecomp Exit - MemInfo: [/proc/meminfo - SSI]	MemFree:        61258244 kB
20220313 003916.670 INFO             PET0 PIOc_freedecomp Exit - MemInfo: [/proc/meminfo - SSI]	MemAvailable:   61046252 kB
20220313 003916.670 INFO             PET0 PIOc_freedecomp Exit - MemInfo: [/proc/meminfo - SSI]	Committed_AS:    2802552 kB
20220313 003916.670 INFO             PET0 PIOc_freedecomp Exit - MemInfo: [/proc/meminfo - SSI]	CommittedPercent: 4.25559 %
20220313 003916.670 INFO             PET0 PIOc_freedecomp Exit - MemInfo: [/proc/self/status]	VmPeak:	   78912 kB
20220313 003916.670 INFO             PET0 PIOc_freedecomp Exit - MemInfo: [/proc/self/status]	VmSize:	   78912 kB
20220313 003916.670 INFO             PET0 PIOc_freedecomp Exit - MemInfo: [/proc/self/status]	VmLck:	       0 kB
20220313 003916.670 INFO             PET0 PIOc_freedecomp Exit - MemInfo: [/proc/self/status]	VmPin:	       0 kB
20220313 003916.670 INFO             PET0 PIOc_freedecomp Exit - MemInfo: [/proc/self/status]	VmHWM:	   26576 kB
20220313 003916.670 INFO             PET0 PIOc_freedecomp Exit - MemInfo: [/proc/self/status]	VmRSS:	   26576 kB
20220313 003916.670 INFO             PET0 PIOc_freedecomp Exit - MemInfo: [/proc/self/status]	VmData:	   29912 kB
20220313 003916.670 INFO             PET0 PIOc_freedecomp Exit - MemInfo: [/proc/self/status]	VmStk:	     164 kB
20220313 003916.670 INFO             PET0 PIOc_freedecomp Exit - MemInfo: [/proc/self/status]	VmExe:	   40684 kB
20220313 003916.670 INFO             PET0 PIOc_freedecomp Exit - MemInfo: [/proc/self/status]	VmLib:	    1952 kB
20220313 003916.670 INFO             PET0 PIOc_freedecomp Exit - MemInfo: [/proc/self/status]	VmPTE:	     164 kB
20220313 003916.670 INFO             PET0 PIOc_freedecomp Exit - MemInfo: [/proc/self/status]	VmPMD:	      12 kB
20220313 003916.670 INFO             PET0 PIOc_freedecomp Exit - MemInfo: [/proc/self/status]	VmSwap:	       0 kB
20220313 003916.670 INFO             PET0 PIOc_freedecomp Exit - MemInfo: [/proc/self/status]	VmRSSPercent: 0.0403548 %
20220313 003916.670 INFO             PET0 PIOc_freedecomp Exit - MemInfo: [malloc] Non-mmapped space allocated:                18966848 Byte
20220313 003916.670 INFO             PET0 PIOc_freedecomp Exit - MemInfo: [malloc] Space allocated in mmapped regions:          7307264 Byte
20220313 003916.670 INFO             PET0 PIOc_freedecomp Exit - MemInfo: [malloc] Maximum total allocated space:                     0 Byte
20220313 003916.671 INFO             PET0 PIOc_freedecomp Exit - MemInfo: [malloc] Space in freed fastbin blocks:                   896 Byte
20220313 003916.671 INFO             PET0 PIOc_freedecomp Exit - MemInfo: [malloc] Total allocated space:                       1532128 Byte
20220313 003916.671 INFO             PET0 PIOc_freedecomp Exit - MemInfo: [malloc] Total free space:                           17434720 Byte
20220313 003916.671 INFO             PET0 PIOc_freedecomp Exit - MemInfo: [malloc] Top-most, releasable space:                  8520432 Byte
20220313 003916.671 INFO             PET0 PIOc_freedecomp Exit - MemInfo: [malloc] Total space in use, mmap + non-mmap:         8839392 Byte
20220313 003916.671 INFO             PET0 PIOc_freedecomp Exit - MemInfo: [malloc] Total space held (mmap + non-mmap):         26274112 Byte
20220313 003916.671 INFO             PET0 PIOc_freedecomp Exit - MemInfo: [malloc] Total space used (mmap + non-mmap):          8847600 Byte
20220313 003916.671 INFO             PET0 PIOc_freedecomp Exit - MemInfo: Wall-clock time since execution start:               0.385908 seconds
20220313 003916.672 INFO             PET0 PIOc_sync Enter - MemInfo: [/proc/meminfo - SSI]	MemTotal:       65855856 kB
20220313 003916.672 INFO             PET0 PIOc_sync Enter - MemInfo: [/proc/meminfo - SSI]	MemFree:        61258244 kB
20220313 003916.672 INFO             PET0 PIOc_sync Enter - MemInfo: [/proc/meminfo - SSI]	MemAvailable:   61046252 kB
20220313 003916.672 INFO             PET0 PIOc_sync Enter - MemInfo: [/proc/meminfo - SSI]	Committed_AS:    2802552 kB
20220313 003916.672 INFO             PET0 PIOc_sync Enter - MemInfo: [/proc/meminfo - SSI]	CommittedPercent: 4.25559 %
20220313 003916.672 INFO             PET0 PIOc_sync Enter - MemInfo: [/proc/self/status]	VmPeak:	   78912 kB
20220313 003916.672 INFO             PET0 PIOc_sync Enter - MemInfo: [/proc/self/status]	VmSize:	   78912 kB
20220313 003916.672 INFO             PET0 PIOc_sync Enter - MemInfo: [/proc/self/status]	VmLck:	       0 kB
20220313 003916.672 INFO             PET0 PIOc_sync Enter - MemInfo: [/proc/self/status]	VmPin:	       0 kB
20220313 003916.672 INFO             PET0 PIOc_sync Enter - MemInfo: [/proc/self/status]	VmHWM:	   26576 kB
20220313 003916.672 INFO             PET0 PIOc_sync Enter - MemInfo: [/proc/self/status]	VmRSS:	   26576 kB
20220313 003916.672 INFO             PET0 PIOc_sync Enter - MemInfo: [/proc/self/status]	VmData:	   29912 kB
20220313 003916.672 INFO             PET0 PIOc_sync Enter - MemInfo: [/proc/self/status]	VmStk:	     164 kB
20220313 003916.672 INFO             PET0 PIOc_sync Enter - MemInfo: [/proc/self/status]	VmExe:	   40684 kB
20220313 003916.672 INFO             PET0 PIOc_sync Enter - MemInfo: [/proc/self/status]	VmLib:	    1952 kB
20220313 003916.672 INFO             PET0 PIOc_sync Enter - MemInfo: [/proc/self/status]	VmPTE:	     164 kB
20220313 003916.672 INFO             PET0 PIOc_sync Enter - MemInfo: [/proc/self/status]	VmPMD:	      12 kB
20220313 003916.672 INFO             PET0 PIOc_sync Enter - MemInfo: [/proc/self/status]	VmSwap:	       0 kB
20220313 003916.672 INFO             PET0 PIOc_sync Enter - MemInfo: [/proc/self/status]	VmRSSPercent: 0.0403548 %
20220313 003916.672 INFO             PET0 PIOc_sync Enter - MemInfo: [malloc] Non-mmapped space allocated:                18966848 Byte
20220313 003916.672 INFO             PET0 PIOc_sync Enter - MemInfo: [malloc] Space allocated in mmapped regions:          7307264 Byte
20220313 003916.672 INFO             PET0 PIOc_sync Enter - MemInfo: [malloc] Maximum total allocated space:                     0 Byte
20220313 003916.672 INFO             PET0 PIOc_sync Enter - MemInfo: [malloc] Space in freed fastbin blocks:                   576 Byte
20220313 003916.672 INFO             PET0 PIOc_sync Enter - MemInfo: [malloc] Total allocated space:                      10458656 Byte
20220313 003916.672 INFO             PET0 PIOc_sync Enter - MemInfo: [malloc] Total free space:                            8508192 Byte
20220313 003916.672 INFO             PET0 PIOc_sync Enter - MemInfo: [malloc] Top-most, releasable space:                   131808 Byte
20220313 003916.672 INFO             PET0 PIOc_sync Enter - MemInfo: [malloc] Total space in use, mmap + non-mmap:        17765920 Byte
20220313 003916.672 INFO             PET0 PIOc_sync Enter - MemInfo: [malloc] Total space held (mmap + non-mmap):         26274112 Byte
20220313 003916.672 INFO             PET0 PIOc_sync Enter - MemInfo: [malloc] Total space used (mmap + non-mmap):         17774352 Byte
20220313 003916.672 INFO             PET0 PIOc_sync Enter - MemInfo: Wall-clock time since execution start:               0.387507 seconds
20220313 003916.672 INFO             PET0 PIOc_sync Exit - MemInfo: [/proc/meminfo - SSI]	MemTotal:       65855856 kB
20220313 003916.672 INFO             PET0 PIOc_sync Exit - MemInfo: [/proc/meminfo - SSI]	MemFree:        61258244 kB
20220313 003916.672 INFO             PET0 PIOc_sync Exit - MemInfo: [/proc/meminfo - SSI]	MemAvailable:   61046252 kB
20220313 003916.672 INFO             PET0 PIOc_sync Exit - MemInfo: [/proc/meminfo - SSI]	Committed_AS:    2802552 kB
20220313 003916.672 INFO             PET0 PIOc_sync Exit - MemInfo: [/proc/meminfo - SSI]	CommittedPercent: 4.25559 %
20220313 003916.672 INFO             PET0 PIOc_sync Exit - MemInfo: [/proc/self/status]	VmPeak:	   78912 kB
20220313 003916.672 INFO             PET0 PIOc_sync Exit - MemInfo: [/proc/self/status]	VmSize:	   78912 kB
20220313 003916.672 INFO             PET0 PIOc_sync Exit - MemInfo: [/proc/self/status]	VmLck:	       0 kB
20220313 003916.672 INFO             PET0 PIOc_sync Exit - MemInfo: [/proc/self/status]	VmPin:	       0 kB
20220313 003916.672 INFO             PET0 PIOc_sync Exit - MemInfo: [/proc/self/status]	VmHWM:	   26576 kB
20220313 003916.672 INFO             PET0 PIOc_sync Exit - MemInfo: [/proc/self/status]	VmRSS:	   26576 kB
20220313 003916.672 INFO             PET0 PIOc_sync Exit - MemInfo: [/proc/self/status]	VmData:	   29912 kB
20220313 003916.672 INFO             PET0 PIOc_sync Exit - MemInfo: [/proc/self/status]	VmStk:	     164 kB
20220313 003916.672 INFO             PET0 PIOc_sync Exit - MemInfo: [/proc/self/status]	VmExe:	   40684 kB
20220313 003916.672 INFO             PET0 PIOc_sync Exit - MemInfo: [/proc/self/status]	VmLib:	    1952 kB
20220313 003916.672 INFO             PET0 PIOc_sync Exit - MemInfo: [/proc/self/status]	VmPTE:	     164 kB
20220313 003916.672 INFO             PET0 PIOc_sync Exit - MemInfo: [/proc/self/status]	VmPMD:	      12 kB
20220313 003916.672 INFO             PET0 PIOc_sync Exit - MemInfo: [/proc/self/status]	VmSwap:	       0 kB
20220313 003916.672 INFO             PET0 PIOc_sync Exit - MemInfo: [/proc/self/status]	VmRSSPercent: 0.0403548 %
20220313 003916.672 INFO             PET0 PIOc_sync Exit - MemInfo: [malloc] Non-mmapped space allocated:                18966848 Byte
20220313 003916.673 INFO             PET0 PIOc_sync Exit - MemInfo: [malloc] Space allocated in mmapped regions:          7307264 Byte
20220313 003916.673 INFO             PET0 PIOc_sync Exit - MemInfo: [malloc] Maximum total allocated space:                     0 Byte
20220313 003916.673 INFO             PET0 PIOc_sync Exit - MemInfo: [malloc] Space in freed fastbin blocks:                     0 Byte
20220313 003916.673 INFO             PET0 PIOc_sync Exit - MemInfo: [malloc] Total allocated space:                      10459280 Byte
20220313 003916.673 INFO             PET0 PIOc_sync Exit - MemInfo: [malloc] Total free space:                            8507568 Byte
20220313 003916.673 INFO             PET0 PIOc_sync Exit - MemInfo: [malloc] Top-most, releasable space:                   131808 Byte
20220313 003916.673 INFO             PET0 PIOc_sync Exit - MemInfo: [malloc] Total space in use, mmap + non-mmap:        17766544 Byte
20220313 003916.673 INFO             PET0 PIOc_sync Exit - MemInfo: [malloc] Total space held (mmap + non-mmap):         26274112 Byte
20220313 003916.673 INFO             PET0 PIOc_sync Exit - MemInfo: [malloc] Total space used (mmap + non-mmap):         17774864 Byte
20220313 003916.673 INFO             PET0 PIOc_sync Exit - MemInfo: Wall-clock time since execution start:               0.387926 seconds
20220313 003916.673 INFO             PET0 PIOc_freedecomp Enter - MemInfo: [/proc/meminfo - SSI]	MemTotal:       65855856 kB
20220313 003916.673 INFO             PET0 PIOc_freedecomp Enter - MemInfo: [/proc/meminfo - SSI]	MemFree:        61258244 kB
20220313 003916.673 INFO             PET0 PIOc_freedecomp Enter - MemInfo: [/proc/meminfo - SSI]	MemAvailable:   61046252 kB
20220313 003916.673 INFO             PET0 PIOc_freedecomp Enter - MemInfo: [/proc/meminfo - SSI]	Committed_AS:    2802552 kB
20220313 003916.673 INFO             PET0 PIOc_freedecomp Enter - MemInfo: [/proc/meminfo - SSI]	CommittedPercent: 4.25559 %
20220313 003916.673 INFO             PET0 PIOc_freedecomp Enter - MemInfo: [/proc/self/status]	VmPeak:	   78912 kB
20220313 003916.673 INFO             PET0 PIOc_freedecomp Enter - MemInfo: [/proc/self/status]	VmSize:	   78912 kB
20220313 003916.673 INFO             PET0 PIOc_freedecomp Enter - MemInfo: [/proc/self/status]	VmLck:	       0 kB
20220313 003916.673 INFO             PET0 PIOc_freedecomp Enter - MemInfo: [/proc/self/status]	VmPin:	       0 kB
20220313 003916.673 INFO             PET0 PIOc_freedecomp Enter - MemInfo: [/proc/self/status]	VmHWM:	   26576 kB
20220313 003916.673 INFO             PET0 PIOc_freedecomp Enter - MemInfo: [/proc/self/status]	VmRSS:	   26576 kB
20220313 003916.673 INFO             PET0 PIOc_freedecomp Enter - MemInfo: [/proc/self/status]	VmData:	   29912 kB
20220313 003916.673 INFO             PET0 PIOc_freedecomp Enter - MemInfo: [/proc/self/status]	VmStk:	     164 kB
20220313 003916.673 INFO             PET0 PIOc_freedecomp Enter - MemInfo: [/proc/self/status]	VmExe:	   40684 kB
20220313 003916.673 INFO             PET0 PIOc_freedecomp Enter - MemInfo: [/proc/self/status]	VmLib:	    1952 kB
20220313 003916.673 INFO             PET0 PIOc_freedecomp Enter - MemInfo: [/proc/self/status]	VmPTE:	     164 kB
20220313 003916.673 INFO             PET0 PIOc_freedecomp Enter - MemInfo: [/proc/self/status]	VmPMD:	      12 kB
20220313 003916.673 INFO             PET0 PIOc_freedecomp Enter - MemInfo: [/proc/self/status]	VmSwap:	       0 kB
20220313 003916.673 INFO             PET0 PIOc_freedecomp Enter - MemInfo: [/proc/self/status]	VmRSSPercent: 0.0403548 %
20220313 003916.673 INFO             PET0 PIOc_freedecomp Enter - MemInfo: [malloc] Non-mmapped space allocated:                18966848 Byte
20220313 003916.673 INFO             PET0 PIOc_freedecomp Enter - MemInfo: [malloc] Space allocated in mmapped regions:          7307264 Byte
20220313 003916.673 INFO             PET0 PIOc_freedecomp Enter - MemInfo: [malloc] Maximum total allocated space:                     0 Byte
20220313 003916.673 INFO             PET0 PIOc_freedecomp Enter - MemInfo: [malloc] Space in freed fastbin blocks:                     0 Byte
20220313 003916.673 INFO             PET0 PIOc_freedecomp Enter - MemInfo: [malloc] Total allocated space:                       1534032 Byte
20220313 003916.673 INFO             PET0 PIOc_freedecomp Enter - MemInfo: [malloc] Total free space:                           17432816 Byte
20220313 003916.673 INFO             PET0 PIOc_freedecomp Enter - MemInfo: [malloc] Top-most, releasable space:                  8520432 Byte
20220313 003916.673 INFO             PET0 PIOc_freedecomp Enter - MemInfo: [malloc] Total space in use, mmap + non-mmap:         8841296 Byte
20220313 003916.673 INFO             PET0 PIOc_freedecomp Enter - MemInfo: [malloc] Total space held (mmap + non-mmap):         26274112 Byte
20220313 003916.673 INFO             PET0 PIOc_freedecomp Enter - MemInfo: [malloc] Total space used (mmap + non-mmap):          8849504 Byte
20220313 003916.673 INFO             PET0 PIOc_freedecomp Enter - MemInfo: Wall-clock time since execution start:                0.38843 seconds
20220313 003916.673 INFO             PET0 PIOc_freedecomp Exit - MemInfo: [/proc/meminfo - SSI]	MemTotal:       65855856 kB
20220313 003916.673 INFO             PET0 PIOc_freedecomp Exit - MemInfo: [/proc/meminfo - SSI]	MemFree:        61258244 kB
20220313 003916.673 INFO             PET0 PIOc_freedecomp Exit - MemInfo: [/proc/meminfo - SSI]	MemAvailable:   61046252 kB
20220313 003916.673 INFO             PET0 PIOc_freedecomp Exit - MemInfo: [/proc/meminfo - SSI]	Committed_AS:    2802552 kB
20220313 003916.673 INFO             PET0 PIOc_freedecomp Exit - MemInfo: [/proc/meminfo - SSI]	CommittedPercent: 4.25559 %
20220313 003916.673 INFO             PET0 PIOc_freedecomp Exit - MemInfo: [/proc/self/status]	VmPeak:	   78912 kB
20220313 003916.673 INFO             PET0 PIOc_freedecomp Exit - MemInfo: [/proc/self/status]	VmSize:	   78912 kB
20220313 003916.673 INFO             PET0 PIOc_freedecomp Exit - MemInfo: [/proc/self/status]	VmLck:	       0 kB
20220313 003916.673 INFO             PET0 PIOc_freedecomp Exit - MemInfo: [/proc/self/status]	VmPin:	       0 kB
20220313 003916.673 INFO             PET0 PIOc_freedecomp Exit - MemInfo: [/proc/self/status]	VmHWM:	   26576 kB
20220313 003916.673 INFO             PET0 PIOc_freedecomp Exit - MemInfo: [/proc/self/status]	VmRSS:	   26576 kB
20220313 003916.673 INFO             PET0 PIOc_freedecomp Exit - MemInfo: [/proc/self/status]	VmData:	   29912 kB
20220313 003916.673 INFO             PET0 PIOc_freedecomp Exit - MemInfo: [/proc/self/status]	VmStk:	     164 kB
20220313 003916.673 INFO             PET0 PIOc_freedecomp Exit - MemInfo: [/proc/self/status]	VmExe:	   40684 kB
20220313 003916.673 INFO             PET0 PIOc_freedecomp Exit - MemInfo: [/proc/self/status]	VmLib:	    1952 kB
20220313 003916.673 INFO             PET0 PIOc_freedecomp Exit - MemInfo: [/proc/self/status]	VmPTE:	     164 kB
20220313 003916.673 INFO             PET0 PIOc_freedecomp Exit - MemInfo: [/proc/self/status]	VmPMD:	      12 kB
20220313 003916.673 INFO             PET0 PIOc_freedecomp Exit - MemInfo: [/proc/self/status]	VmSwap:	       0 kB
20220313 003916.673 INFO             PET0 PIOc_freedecomp Exit - MemInfo: [/proc/self/status]	VmRSSPercent: 0.0403548 %
20220313 003916.673 INFO             PET0 PIOc_freedecomp Exit - MemInfo: [malloc] Non-mmapped space allocated:                18966848 Byte
20220313 003916.673 INFO             PET0 PIOc_freedecomp Exit - MemInfo: [malloc] Space allocated in mmapped regions:          7307264 Byte
20220313 003916.673 INFO             PET0 PIOc_freedecomp Exit - MemInfo: [malloc] Maximum total allocated space:                     0 Byte
20220313 003916.673 INFO             PET0 PIOc_freedecomp Exit - MemInfo: [malloc] Space in freed fastbin blocks:                   928 Byte
20220313 003916.673 INFO             PET0 PIOc_freedecomp Exit - MemInfo: [malloc] Total allocated space:                       1533104 Byte
20220313 003916.673 INFO             PET0 PIOc_freedecomp Exit - MemInfo: [malloc] Total free space:                           17433744 Byte
20220313 003916.673 INFO             PET0 PIOc_freedecomp Exit - MemInfo: [malloc] Top-most, releasable space:                  8520432 Byte
20220313 003916.673 INFO             PET0 PIOc_freedecomp Exit - MemInfo: [malloc] Total space in use, mmap + non-mmap:         8840368 Byte
20220313 003916.674 INFO             PET0 PIOc_freedecomp Exit - MemInfo: [malloc] Total space held (mmap + non-mmap):         26274112 Byte
20220313 003916.674 INFO             PET0 PIOc_freedecomp Exit - MemInfo: [malloc] Total space used (mmap + non-mmap):          8848576 Byte
20220313 003916.674 INFO             PET0 PIOc_freedecomp Exit - MemInfo: Wall-clock time since execution start:               0.388836 seconds
20220313 003916.675 INFO             PET0 PIOc_sync Enter - MemInfo: [/proc/meminfo - SSI]	MemTotal:       65855856 kB
20220313 003916.675 INFO             PET0 PIOc_sync Enter - MemInfo: [/proc/meminfo - SSI]	MemFree:        61258244 kB
20220313 003916.675 INFO             PET0 PIOc_sync Enter - MemInfo: [/proc/meminfo - SSI]	MemAvailable:   61046252 kB
20220313 003916.675 INFO             PET0 PIOc_sync Enter - MemInfo: [/proc/meminfo - SSI]	Committed_AS:    2802552 kB
20220313 003916.675 INFO             PET0 PIOc_sync Enter - MemInfo: [/proc/meminfo - SSI]	CommittedPercent: 4.25559 %
20220313 003916.675 INFO             PET0 PIOc_sync Enter - MemInfo: [/proc/self/status]	VmPeak:	   78912 kB
20220313 003916.675 INFO             PET0 PIOc_sync Enter - MemInfo: [/proc/self/status]	VmSize:	   78912 kB
20220313 003916.675 INFO             PET0 PIOc_sync Enter - MemInfo: [/proc/self/status]	VmLck:	       0 kB
20220313 003916.675 INFO             PET0 PIOc_sync Enter - MemInfo: [/proc/self/status]	VmPin:	       0 kB
20220313 003916.675 INFO             PET0 PIOc_sync Enter - MemInfo: [/proc/self/status]	VmHWM:	   26576 kB
20220313 003916.675 INFO             PET0 PIOc_sync Enter - MemInfo: [/proc/self/status]	VmRSS:	   26576 kB
20220313 003916.675 INFO             PET0 PIOc_sync Enter - MemInfo: [/proc/self/status]	VmData:	   29912 kB
20220313 003916.675 INFO             PET0 PIOc_sync Enter - MemInfo: [/proc/self/status]	VmStk:	     164 kB
20220313 003916.675 INFO             PET0 PIOc_sync Enter - MemInfo: [/proc/self/status]	VmExe:	   40684 kB
20220313 003916.675 INFO             PET0 PIOc_sync Enter - MemInfo: [/proc/self/status]	VmLib:	    1952 kB
20220313 003916.675 INFO             PET0 PIOc_sync Enter - MemInfo: [/proc/self/status]	VmPTE:	     164 kB
20220313 003916.675 INFO             PET0 PIOc_sync Enter - MemInfo: [/proc/self/status]	VmPMD:	      12 kB
20220313 003916.675 INFO             PET0 PIOc_sync Enter - MemInfo: [/proc/self/status]	VmSwap:	       0 kB
20220313 003916.675 INFO             PET0 PIOc_sync Enter - MemInfo: [/proc/self/status]	VmRSSPercent: 0.0403548 %
20220313 003916.675 INFO             PET0 PIOc_sync Enter - MemInfo: [malloc] Non-mmapped space allocated:                18966848 Byte
20220313 003916.675 INFO             PET0 PIOc_sync Enter - MemInfo: [malloc] Space allocated in mmapped regions:          7307264 Byte
20220313 003916.675 INFO             PET0 PIOc_sync Enter - MemInfo: [malloc] Maximum total allocated space:                     0 Byte
20220313 003916.675 INFO             PET0 PIOc_sync Enter - MemInfo: [malloc] Space in freed fastbin blocks:                  1104 Byte
20220313 003916.675 INFO             PET0 PIOc_sync Enter - MemInfo: [malloc] Total allocated space:                      10460176 Byte
20220313 003916.675 INFO             PET0 PIOc_sync Enter - MemInfo: [malloc] Total free space:                            8506672 Byte
20220313 003916.675 INFO             PET0 PIOc_sync Enter - MemInfo: [malloc] Top-most, releasable space:                   131808 Byte
20220313 003916.675 INFO             PET0 PIOc_sync Enter - MemInfo: [malloc] Total space in use, mmap + non-mmap:        17767440 Byte
20220313 003916.675 INFO             PET0 PIOc_sync Enter - MemInfo: [malloc] Total space held (mmap + non-mmap):         26274112 Byte
20220313 003916.675 INFO             PET0 PIOc_sync Enter - MemInfo: [malloc] Total space used (mmap + non-mmap):         17775872 Byte
20220313 003916.675 INFO             PET0 PIOc_sync Enter - MemInfo: Wall-clock time since execution start:               0.390525 seconds
20220313 003916.675 INFO             PET0 PIOc_sync Exit - MemInfo: [/proc/meminfo - SSI]	MemTotal:       65855856 kB
20220313 003916.675 INFO             PET0 PIOc_sync Exit - MemInfo: [/proc/meminfo - SSI]	MemFree:        61258244 kB
20220313 003916.675 INFO             PET0 PIOc_sync Exit - MemInfo: [/proc/meminfo - SSI]	MemAvailable:   61046252 kB
20220313 003916.675 INFO             PET0 PIOc_sync Exit - MemInfo: [/proc/meminfo - SSI]	Committed_AS:    2802552 kB
20220313 003916.675 INFO             PET0 PIOc_sync Exit - MemInfo: [/proc/meminfo - SSI]	CommittedPercent: 4.25559 %
20220313 003916.675 INFO             PET0 PIOc_sync Exit - MemInfo: [/proc/self/status]	VmPeak:	   78912 kB
20220313 003916.675 INFO             PET0 PIOc_sync Exit - MemInfo: [/proc/self/status]	VmSize:	   78912 kB
20220313 003916.675 INFO             PET0 PIOc_sync Exit - MemInfo: [/proc/self/status]	VmLck:	       0 kB
20220313 003916.675 INFO             PET0 PIOc_sync Exit - MemInfo: [/proc/self/status]	VmPin:	       0 kB
20220313 003916.675 INFO             PET0 PIOc_sync Exit - MemInfo: [/proc/self/status]	VmHWM:	   26576 kB
20220313 003916.675 INFO             PET0 PIOc_sync Exit - MemInfo: [/proc/self/status]	VmRSS:	   26576 kB
20220313 003916.675 INFO             PET0 PIOc_sync Exit - MemInfo: [/proc/self/status]	VmData:	   29912 kB
20220313 003916.675 INFO             PET0 PIOc_sync Exit - MemInfo: [/proc/self/status]	VmStk:	     164 kB
20220313 003916.675 INFO             PET0 PIOc_sync Exit - MemInfo: [/proc/self/status]	VmExe:	   40684 kB
20220313 003916.675 INFO             PET0 PIOc_sync Exit - MemInfo: [/proc/self/status]	VmLib:	    1952 kB
20220313 003916.675 INFO             PET0 PIOc_sync Exit - MemInfo: [/proc/self/status]	VmPTE:	     164 kB
20220313 003916.675 INFO             PET0 PIOc_sync Exit - MemInfo: [/proc/self/status]	VmPMD:	      12 kB
20220313 003916.675 INFO             PET0 PIOc_sync Exit - MemInfo: [/proc/self/status]	VmSwap:	       0 kB
20220313 003916.676 INFO             PET0 PIOc_sync Exit - MemInfo: [/proc/self/status]	VmRSSPercent: 0.0403548 %
20220313 003916.676 INFO             PET0 PIOc_sync Exit - MemInfo: [malloc] Non-mmapped space allocated:                18966848 Byte
20220313 003916.676 INFO             PET0 PIOc_sync Exit - MemInfo: [malloc] Space allocated in mmapped regions:          7307264 Byte
20220313 003916.676 INFO             PET0 PIOc_sync Exit - MemInfo: [malloc] Maximum total allocated space:                     0 Byte
20220313 003916.676 INFO             PET0 PIOc_sync Exit - MemInfo: [malloc] Space in freed fastbin blocks:                     0 Byte
20220313 003916.676 INFO             PET0 PIOc_sync Exit - MemInfo: [malloc] Total allocated space:                      10460656 Byte
20220313 003916.676 INFO             PET0 PIOc_sync Exit - MemInfo: [malloc] Total free space:                            8506192 Byte
20220313 003916.676 INFO             PET0 PIOc_sync Exit - MemInfo: [malloc] Top-most, releasable space:                   131808 Byte
20220313 003916.676 INFO             PET0 PIOc_sync Exit - MemInfo: [malloc] Total space in use, mmap + non-mmap:        17767920 Byte
20220313 003916.676 INFO             PET0 PIOc_sync Exit - MemInfo: [malloc] Total space held (mmap + non-mmap):         26274112 Byte
20220313 003916.676 INFO             PET0 PIOc_sync Exit - MemInfo: [malloc] Total space used (mmap + non-mmap):         17776240 Byte
20220313 003916.676 INFO             PET0 PIOc_sync Exit - MemInfo: Wall-clock time since execution start:               0.390949 seconds
20220313 003916.676 INFO             PET0 PIOc_freedecomp Enter - MemInfo: [/proc/meminfo - SSI]	MemTotal:       65855856 kB
20220313 003916.676 INFO             PET0 PIOc_freedecomp Enter - MemInfo: [/proc/meminfo - SSI]	MemFree:        61258244 kB
20220313 003916.676 INFO             PET0 PIOc_freedecomp Enter - MemInfo: [/proc/meminfo - SSI]	MemAvailable:   61046252 kB
20220313 003916.676 INFO             PET0 PIOc_freedecomp Enter - MemInfo: [/proc/meminfo - SSI]	Committed_AS:    2802552 kB
20220313 003916.676 INFO             PET0 PIOc_freedecomp Enter - MemInfo: [/proc/meminfo - SSI]	CommittedPercent: 4.25559 %
20220313 003916.676 INFO             PET0 PIOc_freedecomp Enter - MemInfo: [/proc/self/status]	VmPeak:	   78912 kB
20220313 003916.676 INFO             PET0 PIOc_freedecomp Enter - MemInfo: [/proc/self/status]	VmSize:	   78912 kB
20220313 003916.676 INFO             PET0 PIOc_freedecomp Enter - MemInfo: [/proc/self/status]	VmLck:	       0 kB
20220313 003916.676 INFO             PET0 PIOc_freedecomp Enter - MemInfo: [/proc/self/status]	VmPin:	       0 kB
20220313 003916.676 INFO             PET0 PIOc_freedecomp Enter - MemInfo: [/proc/self/status]	VmHWM:	   26576 kB
20220313 003916.676 INFO             PET0 PIOc_freedecomp Enter - MemInfo: [/proc/self/status]	VmRSS:	   26576 kB
20220313 003916.676 INFO             PET0 PIOc_freedecomp Enter - MemInfo: [/proc/self/status]	VmData:	   29912 kB
20220313 003916.676 INFO             PET0 PIOc_freedecomp Enter - MemInfo: [/proc/self/status]	VmStk:	     164 kB
20220313 003916.676 INFO             PET0 PIOc_freedecomp Enter - MemInfo: [/proc/self/status]	VmExe:	   40684 kB
20220313 003916.676 INFO             PET0 PIOc_freedecomp Enter - MemInfo: [/proc/self/status]	VmLib:	    1952 kB
20220313 003916.676 INFO             PET0 PIOc_freedecomp Enter - MemInfo: [/proc/self/status]	VmPTE:	     164 kB
20220313 003916.676 INFO             PET0 PIOc_freedecomp Enter - MemInfo: [/proc/self/status]	VmPMD:	      12 kB
20220313 003916.676 INFO             PET0 PIOc_freedecomp Enter - MemInfo: [/proc/self/status]	VmSwap:	       0 kB
20220313 003916.676 INFO             PET0 PIOc_freedecomp Enter - MemInfo: [/proc/self/status]	VmRSSPercent: 0.0403548 %
20220313 003916.676 INFO             PET0 PIOc_freedecomp Enter - MemInfo: [malloc] Non-mmapped space allocated:                18966848 Byte
20220313 003916.676 INFO             PET0 PIOc_freedecomp Enter - MemInfo: [malloc] Space allocated in mmapped regions:          7307264 Byte
20220313 003916.676 INFO             PET0 PIOc_freedecomp Enter - MemInfo: [malloc] Maximum total allocated space:                     0 Byte
20220313 003916.676 INFO             PET0 PIOc_freedecomp Enter - MemInfo: [malloc] Space in freed fastbin blocks:                   272 Byte
20220313 003916.676 INFO             PET0 PIOc_freedecomp Enter - MemInfo: [malloc] Total allocated space:                       1535056 Byte
20220313 003916.676 INFO             PET0 PIOc_freedecomp Enter - MemInfo: [malloc] Total free space:                           17431792 Byte
20220313 003916.676 INFO             PET0 PIOc_freedecomp Enter - MemInfo: [malloc] Top-most, releasable space:                  8520432 Byte
20220313 003916.676 INFO             PET0 PIOc_freedecomp Enter - MemInfo: [malloc] Total space in use, mmap + non-mmap:         8842320 Byte
20220313 003916.676 INFO             PET0 PIOc_freedecomp Enter - MemInfo: [malloc] Total space held (mmap + non-mmap):         26274112 Byte
20220313 003916.676 INFO             PET0 PIOc_freedecomp Enter - MemInfo: [malloc] Total space used (mmap + non-mmap):          8850528 Byte
20220313 003916.676 INFO             PET0 PIOc_freedecomp Enter - MemInfo: Wall-clock time since execution start:               0.391479 seconds
20220313 003916.676 INFO             PET0 PIOc_freedecomp Exit - MemInfo: [/proc/meminfo - SSI]	MemTotal:       65855856 kB
20220313 003916.676 INFO             PET0 PIOc_freedecomp Exit - MemInfo: [/proc/meminfo - SSI]	MemFree:        61258244 kB
20220313 003916.676 INFO             PET0 PIOc_freedecomp Exit - MemInfo: [/proc/meminfo - SSI]	MemAvailable:   61046252 kB
20220313 003916.676 INFO             PET0 PIOc_freedecomp Exit - MemInfo: [/proc/meminfo - SSI]	Committed_AS:    2802552 kB
20220313 003916.676 INFO             PET0 PIOc_freedecomp Exit - MemInfo: [/proc/meminfo - SSI]	CommittedPercent: 4.25559 %
20220313 003916.676 INFO             PET0 PIOc_freedecomp Exit - MemInfo: [/proc/self/status]	VmPeak:	   78912 kB
20220313 003916.676 INFO             PET0 PIOc_freedecomp Exit - MemInfo: [/proc/self/status]	VmSize:	   78912 kB
20220313 003916.676 INFO             PET0 PIOc_freedecomp Exit - MemInfo: [/proc/self/status]	VmLck:	       0 kB
20220313 003916.676 INFO             PET0 PIOc_freedecomp Exit - MemInfo: [/proc/self/status]	VmPin:	       0 kB
20220313 003916.676 INFO             PET0 PIOc_freedecomp Exit - MemInfo: [/proc/self/status]	VmHWM:	   26576 kB
20220313 003916.676 INFO             PET0 PIOc_freedecomp Exit - MemInfo: [/proc/self/status]	VmRSS:	   26576 kB
20220313 003916.676 INFO             PET0 PIOc_freedecomp Exit - MemInfo: [/proc/self/status]	VmData:	   29912 kB
20220313 003916.676 INFO             PET0 PIOc_freedecomp Exit - MemInfo: [/proc/self/status]	VmStk:	     164 kB
20220313 003916.676 INFO             PET0 PIOc_freedecomp Exit - MemInfo: [/proc/self/status]	VmExe:	   40684 kB
20220313 003916.676 INFO             PET0 PIOc_freedecomp Exit - MemInfo: [/proc/self/status]	VmLib:	    1952 kB
20220313 003916.676 INFO             PET0 PIOc_freedecomp Exit - MemInfo: [/proc/self/status]	VmPTE:	     164 kB
20220313 003916.676 INFO             PET0 PIOc_freedecomp Exit - MemInfo: [/proc/self/status]	VmPMD:	      12 kB
20220313 003916.676 INFO             PET0 PIOc_freedecomp Exit - MemInfo: [/proc/self/status]	VmSwap:	       0 kB
20220313 003916.676 INFO             PET0 PIOc_freedecomp Exit - MemInfo: [/proc/self/status]	VmRSSPercent: 0.0403548 %
20220313 003916.676 INFO             PET0 PIOc_freedecomp Exit - MemInfo: [malloc] Non-mmapped space allocated:                18966848 Byte
20220313 003916.676 INFO             PET0 PIOc_freedecomp Exit - MemInfo: [malloc] Space allocated in mmapped regions:          7307264 Byte
20220313 003916.676 INFO             PET0 PIOc_freedecomp Exit - MemInfo: [malloc] Maximum total allocated space:                     0 Byte
20220313 003916.676 INFO             PET0 PIOc_freedecomp Exit - MemInfo: [malloc] Space in freed fastbin blocks:                   928 Byte
20220313 003916.676 INFO             PET0 PIOc_freedecomp Exit - MemInfo: [malloc] Total allocated space:                       1534128 Byte
20220313 003916.677 INFO             PET0 PIOc_freedecomp Exit - MemInfo: [malloc] Total free space:                           17432720 Byte
20220313 003916.677 INFO             PET0 PIOc_freedecomp Exit - MemInfo: [malloc] Top-most, releasable space:                  8520432 Byte
20220313 003916.677 INFO             PET0 PIOc_freedecomp Exit - MemInfo: [malloc] Total space in use, mmap + non-mmap:         8841392 Byte
20220313 003916.677 INFO             PET0 PIOc_freedecomp Exit - MemInfo: [malloc] Total space held (mmap + non-mmap):         26274112 Byte
20220313 003916.677 INFO             PET0 PIOc_freedecomp Exit - MemInfo: [malloc] Total space used (mmap + non-mmap):          8849600 Byte
20220313 003916.677 INFO             PET0 PIOc_freedecomp Exit - MemInfo: Wall-clock time since execution start:               0.391879 seconds
20220313 003916.678 INFO             PET0 PIOc_sync Enter - MemInfo: [/proc/meminfo - SSI]	MemTotal:       65855856 kB
20220313 003916.678 INFO             PET0 PIOc_sync Enter - MemInfo: [/proc/meminfo - SSI]	MemFree:        61258244 kB
20220313 003916.678 INFO             PET0 PIOc_sync Enter - MemInfo: [/proc/meminfo - SSI]	MemAvailable:   61046252 kB
20220313 003916.678 INFO             PET0 PIOc_sync Enter - MemInfo: [/proc/meminfo - SSI]	Committed_AS:    2802552 kB
20220313 003916.678 INFO             PET0 PIOc_sync Enter - MemInfo: [/proc/meminfo - SSI]	CommittedPercent: 4.25559 %
20220313 003916.678 INFO             PET0 PIOc_sync Enter - MemInfo: [/proc/self/status]	VmPeak:	   78912 kB
20220313 003916.678 INFO             PET0 PIOc_sync Enter - MemInfo: [/proc/self/status]	VmSize:	   78912 kB
20220313 003916.678 INFO             PET0 PIOc_sync Enter - MemInfo: [/proc/self/status]	VmLck:	       0 kB
20220313 003916.678 INFO             PET0 PIOc_sync Enter - MemInfo: [/proc/self/status]	VmPin:	       0 kB
20220313 003916.678 INFO             PET0 PIOc_sync Enter - MemInfo: [/proc/self/status]	VmHWM:	   26576 kB
20220313 003916.678 INFO             PET0 PIOc_sync Enter - MemInfo: [/proc/self/status]	VmRSS:	   26576 kB
20220313 003916.678 INFO             PET0 PIOc_sync Enter - MemInfo: [/proc/self/status]	VmData:	   29912 kB
20220313 003916.678 INFO             PET0 PIOc_sync Enter - MemInfo: [/proc/self/status]	VmStk:	     164 kB
20220313 003916.678 INFO             PET0 PIOc_sync Enter - MemInfo: [/proc/self/status]	VmExe:	   40684 kB
20220313 003916.678 INFO             PET0 PIOc_sync Enter - MemInfo: [/proc/self/status]	VmLib:	    1952 kB
20220313 003916.678 INFO             PET0 PIOc_sync Enter - MemInfo: [/proc/self/status]	VmPTE:	     164 kB
20220313 003916.678 INFO             PET0 PIOc_sync Enter - MemInfo: [/proc/self/status]	VmPMD:	      12 kB
20220313 003916.678 INFO             PET0 PIOc_sync Enter - MemInfo: [/proc/self/status]	VmSwap:	       0 kB
20220313 003916.678 INFO             PET0 PIOc_sync Enter - MemInfo: [/proc/self/status]	VmRSSPercent: 0.0403548 %
20220313 003916.678 INFO             PET0 PIOc_sync Enter - MemInfo: [malloc] Non-mmapped space allocated:                18966848 Byte
20220313 003916.678 INFO             PET0 PIOc_sync Enter - MemInfo: [malloc] Space allocated in mmapped regions:          7307264 Byte
20220313 003916.678 INFO             PET0 PIOc_sync Enter - MemInfo: [malloc] Maximum total allocated space:                     0 Byte
20220313 003916.678 INFO             PET0 PIOc_sync Enter - MemInfo: [malloc] Space in freed fastbin blocks:                  1824 Byte
20220313 003916.678 INFO             PET0 PIOc_sync Enter - MemInfo: [malloc] Total allocated space:                      10461840 Byte
20220313 003916.678 INFO             PET0 PIOc_sync Enter - MemInfo: [malloc] Total free space:                            8505008 Byte
20220313 003916.678 INFO             PET0 PIOc_sync Enter - MemInfo: [malloc] Top-most, releasable space:                   131808 Byte
20220313 003916.678 INFO             PET0 PIOc_sync Enter - MemInfo: [malloc] Total space in use, mmap + non-mmap:        17769104 Byte
20220313 003916.678 INFO             PET0 PIOc_sync Enter - MemInfo: [malloc] Total space held (mmap + non-mmap):         26274112 Byte
20220313 003916.678 INFO             PET0 PIOc_sync Enter - MemInfo: [malloc] Total space used (mmap + non-mmap):         17777648 Byte
20220313 003916.678 INFO             PET0 PIOc_sync Enter - MemInfo: Wall-clock time since execution start:               0.393399 seconds
20220313 003916.678 INFO             PET0 PIOc_sync Exit - MemInfo: [/proc/meminfo - SSI]	MemTotal:       65855856 kB
20220313 003916.678 INFO             PET0 PIOc_sync Exit - MemInfo: [/proc/meminfo - SSI]	MemFree:        61258244 kB
20220313 003916.678 INFO             PET0 PIOc_sync Exit - MemInfo: [/proc/meminfo - SSI]	MemAvailable:   61046252 kB
20220313 003916.678 INFO             PET0 PIOc_sync Exit - MemInfo: [/proc/meminfo - SSI]	Committed_AS:    2802552 kB
20220313 003916.678 INFO             PET0 PIOc_sync Exit - MemInfo: [/proc/meminfo - SSI]	CommittedPercent: 4.25559 %
20220313 003916.678 INFO             PET0 PIOc_sync Exit - MemInfo: [/proc/self/status]	VmPeak:	   78912 kB
20220313 003916.678 INFO             PET0 PIOc_sync Exit - MemInfo: [/proc/self/status]	VmSize:	   78912 kB
20220313 003916.678 INFO             PET0 PIOc_sync Exit - MemInfo: [/proc/self/status]	VmLck:	       0 kB
20220313 003916.678 INFO             PET0 PIOc_sync Exit - MemInfo: [/proc/self/status]	VmPin:	       0 kB
20220313 003916.678 INFO             PET0 PIOc_sync Exit - MemInfo: [/proc/self/status]	VmHWM:	   26576 kB
20220313 003916.678 INFO             PET0 PIOc_sync Exit - MemInfo: [/proc/self/status]	VmRSS:	   26576 kB
20220313 003916.678 INFO             PET0 PIOc_sync Exit - MemInfo: [/proc/self/status]	VmData:	   29912 kB
20220313 003916.678 INFO             PET0 PIOc_sync Exit - MemInfo: [/proc/self/status]	VmStk:	     164 kB
20220313 003916.678 INFO             PET0 PIOc_sync Exit - MemInfo: [/proc/self/status]	VmExe:	   40684 kB
20220313 003916.678 INFO             PET0 PIOc_sync Exit - MemInfo: [/proc/self/status]	VmLib:	    1952 kB
20220313 003916.678 INFO             PET0 PIOc_sync Exit - MemInfo: [/proc/self/status]	VmPTE:	     164 kB
20220313 003916.678 INFO             PET0 PIOc_sync Exit - MemInfo: [/proc/self/status]	VmPMD:	      12 kB
20220313 003916.678 INFO             PET0 PIOc_sync Exit - MemInfo: [/proc/self/status]	VmSwap:	       0 kB
20220313 003916.678 INFO             PET0 PIOc_sync Exit - MemInfo: [/proc/self/status]	VmRSSPercent: 0.0403548 %
20220313 003916.678 INFO             PET0 PIOc_sync Exit - MemInfo: [malloc] Non-mmapped space allocated:                18966848 Byte
20220313 003916.678 INFO             PET0 PIOc_sync Exit - MemInfo: [malloc] Space allocated in mmapped regions:          7307264 Byte
20220313 003916.678 INFO             PET0 PIOc_sync Exit - MemInfo: [malloc] Maximum total allocated space:                     0 Byte
20220313 003916.678 INFO             PET0 PIOc_sync Exit - MemInfo: [malloc] Space in freed fastbin blocks:                    64 Byte
20220313 003916.678 INFO             PET0 PIOc_sync Exit - MemInfo: [malloc] Total allocated space:                      10462624 Byte
20220313 003916.678 INFO             PET0 PIOc_sync Exit - MemInfo: [malloc] Total free space:                            8504224 Byte
20220313 003916.679 INFO             PET0 PIOc_sync Exit - MemInfo: [malloc] Top-most, releasable space:                   131808 Byte
20220313 003916.679 INFO             PET0 PIOc_sync Exit - MemInfo: [malloc] Total space in use, mmap + non-mmap:        17769888 Byte
20220313 003916.679 INFO             PET0 PIOc_sync Exit - MemInfo: [malloc] Total space held (mmap + non-mmap):         26274112 Byte
20220313 003916.679 INFO             PET0 PIOc_sync Exit - MemInfo: [malloc] Total space used (mmap + non-mmap):         17778208 Byte
20220313 003916.679 INFO             PET0 PIOc_sync Exit - MemInfo: Wall-clock time since execution start:               0.393874 seconds
20220313 003916.679 INFO             PET0 PIOc_freedecomp Enter - MemInfo: [/proc/meminfo - SSI]	MemTotal:       65855856 kB
20220313 003916.679 INFO             PET0 PIOc_freedecomp Enter - MemInfo: [/proc/meminfo - SSI]	MemFree:        61258244 kB
20220313 003916.679 INFO             PET0 PIOc_freedecomp Enter - MemInfo: [/proc/meminfo - SSI]	MemAvailable:   61046252 kB
20220313 003916.679 INFO             PET0 PIOc_freedecomp Enter - MemInfo: [/proc/meminfo - SSI]	Committed_AS:    2802552 kB
