build time -- 2022-03-12 23:48:17
20220313 003931.579 INFO             PET0 !!!!!!!!!!!!!!!!!!!!!!!!!!!!!!!!!!!!!!!!!!!!!!!!!!!!!!
20220313 003931.579 INFO             PET0 !!! THE ESMF_LOG IS SET TO OUTPUT ALL LOG MESSAGES !!!
20220313 003931.579 INFO             PET0 !!!     THIS MAY CAUSE SLOWDOWN IN PERFORMANCE     !!!
20220313 003931.579 INFO             PET0 !!! FOR PRODUCTION RUNS, USE:                      !!!
20220313 003931.579 INFO             PET0 !!!                   ESMF_LOGKIND_Multi_On_Error  !!!
20220313 003931.579 INFO             PET0 !!!!!!!!!!!!!!!!!!!!!!!!!!!!!!!!!!!!!!!!!!!!!!!!!!!!!!
20220313 003931.579 INFO             PET0 Running with ESMF Version   : v8.3.0b09-96-g559b459836
20220313 003931.579 INFO             PET0 ESMF library build date/time: "Mar 12 2022" "23:46:28"
20220313 003931.579 INFO             PET0 ESMF library build location : /lustre/f2/dev/ncep/Mark.Potts/gfortran_8.3.0_mpi_g_jedwards_pio_update2
20220313 003931.579 INFO             PET0 ESMF_COMM                   : mpi
20220313 003931.580 INFO             PET0 ESMF_MOAB                   : enabled
20220313 003931.580 INFO             PET0 ESMF_LAPACK                 : enabled
20220313 003931.580 INFO             PET0 ESMF_NETCDF                 : enabled
20220313 003931.580 INFO             PET0 ESMF_PNETCDF                : disabled
20220313 003931.580 INFO             PET0 ESMF_PIO                    : enabled
20220313 003931.580 INFO             PET0 ESMF_YAMLCPP                : enabled
20220313 003931.589 INFO             PET0 Beginning Test, file ESMC_FieldGridRegridCsrvUTest.C, line 69
20220313 003931.589 INFO             PET0 Beginning Test, file ESMC_FieldGridRegridCsrvUTest.C, line 69NUMBER_OF_PROCESSORS 1
20220313 003931.631 INFO             PET0 PASS GridCreate, ESMC_FieldGridRegridCsrvUTest.C, line 114
20220313 003931.649 INFO             PET0 PASS GridAddCoord, ESMC_FieldGridRegridCsrvUTest.C, line 130
20220313 003931.649 INFO             PET0 PASS GridAddItem, ESMC_FieldGridRegridCsrvUTest.C, line 140
20220313 003931.649 INFO             PET0 PASS GridGetItem - mask, ESMC_FieldGridRegridCsrvUTest.C, line 151
20220313 003931.650 INFO             PET0 PASS GridGetCoord - X, ESMC_FieldGridRegridCsrvUTest.C, line 176
20220313 003931.650 INFO             PET0 PASS GridGetCoord - Y, ESMC_FieldGridRegridCsrvUTest.C, line 199
20220313 003931.650 INFO             PET0 PASS GridGetCoord - X, ESMC_FieldGridRegridCsrvUTest.C, line 224
20220313 003931.650 INFO             PET0 PASS GridGetCoord - Y, ESMC_FieldGridRegridCsrvUTest.C, line 247
20220313 003931.650 INFO             PET0 PASS GridAddItem - area, ESMC_FieldGridRegridCsrvUTest.C, line 271
20220313 003931.650 INFO             PET0 PASS GridGetItem - area, ESMC_FieldGridRegridCsrvUTest.C, line 282
20220313 003931.652 INFO             PET0 PASS MeshCreate, ESMC_FieldGridRegridCsrvUTest.C, line 366
20220313 003931.653 INFO             PET0 PASS MeshAddNodes, ESMC_FieldGridRegridCsrvUTest.C, line 374
20220313 003931.663 INFO             PET0 PASS MeshAddElements, ESMC_FieldGridRegridCsrvUTest.C, line 388
20220313 003931.663 INFO             PET0 PASS MeshGetLocalNodeCount, ESMC_FieldGridRegridCsrvUTest.C, line 398
20220313 003931.663 INFO             PET0 PASS MeshGetLocalElementCount, ESMC_FieldGridRegridCsrvUTest.C, line 409
20220313 003931.669 INFO             PET0 PASS Create ESMC_Field object from a Grid via TypeKind, ESMC_FieldGridRegridCsrvUTest.C, line 424
20220313 003931.671 INFO             PET0 PASS Create ESMC_Field object from a Mesh via TypeKind, ESMC_FieldGridRegridCsrvUTest.C, line 433
20220313 003931.672 INFO             PET0 PASS Get a void * C pointer to data from ESMC_Field object, ESMC_FieldGridRegridCsrvUTest.C, line 446
20220313 003931.672 INFO             PET0 PASS Get a void * C pointer to data from ESMC_Field object, ESMC_FieldGridRegridCsrvUTest.C, line 470
20220313 003931.672 INFO             PET0 PASS Create an InterArray for maskValues in ESMC_FieldRegridStore(), ESMC_FieldGridRegridCsrvUTest.C, line 485
20220313 003931.693 INFO             PET0 PASS Create an ESMC_RouteHandle via ESMC_FieldRegridStore(), ESMC_FieldGridRegridCsrvUTest.C, line 510
20220313 003931.694 INFO             PET0 PASS Execute ESMC_FieldRegrid(), ESMC_FieldGridRegridCsrvUTest.C, line 518
20220313 003931.780 INFO             PET0 PIOc_sync Enter - MemInfo: [/proc/meminfo - SSI]	MemTotal:       65855856 kB
20220313 003931.780 INFO             PET0 PIOc_sync Enter - MemInfo: [/proc/meminfo - SSI]	MemFree:        61312848 kB
20220313 003931.780 INFO             PET0 PIOc_sync Enter - MemInfo: [/proc/meminfo - SSI]	MemAvailable:   61080924 kB
20220313 003931.780 INFO             PET0 PIOc_sync Enter - MemInfo: [/proc/meminfo - SSI]	Committed_AS:    2780620 kB
20220313 003931.781 INFO             PET0 PIOc_sync Enter - MemInfo: [/proc/meminfo - SSI]	CommittedPercent: 4.22228 %
20220313 003931.781 INFO             PET0 PIOc_sync Enter - MemInfo: [/proc/self/status]	VmPeak:	   69724 kB
20220313 003931.781 INFO             PET0 PIOc_sync Enter - MemInfo: [/proc/self/status]	VmSize:	   69724 kB
20220313 003931.781 INFO             PET0 PIOc_sync Enter - MemInfo: [/proc/self/status]	VmLck:	       0 kB
20220313 003931.781 INFO             PET0 PIOc_sync Enter - MemInfo: [/proc/self/status]	VmPin:	       0 kB
20220313 003931.781 INFO             PET0 PIOc_sync Enter - MemInfo: [/proc/self/status]	VmHWM:	   18384 kB
20220313 003931.781 INFO             PET0 PIOc_sync Enter - MemInfo: [/proc/self/status]	VmRSS:	   18384 kB
20220313 003931.781 INFO             PET0 PIOc_sync Enter - MemInfo: [/proc/self/status]	VmData:	   20728 kB
20220313 003931.781 INFO             PET0 PIOc_sync Enter - MemInfo: [/proc/self/status]	VmStk:	     164 kB
20220313 003931.781 INFO             PET0 PIOc_sync Enter - MemInfo: [/proc/self/status]	VmExe:	   40680 kB
20220313 003931.781 INFO             PET0 PIOc_sync Enter - MemInfo: [/proc/self/status]	VmLib:	    1952 kB
20220313 003931.781 INFO             PET0 PIOc_sync Enter - MemInfo: [/proc/self/status]	VmPTE:	     144 kB
20220313 003931.781 INFO             PET0 PIOc_sync Enter - MemInfo: [/proc/self/status]	VmPMD:	      12 kB
20220313 003931.781 INFO             PET0 PIOc_sync Enter - MemInfo: [/proc/self/status]	VmSwap:	       0 kB
20220313 003931.782 INFO             PET0 PIOc_sync Enter - MemInfo: [/proc/self/status]	VmRSSPercent: 0.0279155 %
20220313 003931.782 INFO             PET0 PIOc_sync Enter - MemInfo: [malloc] Non-mmapped space allocated:                 1157440 Byte
20220313 003931.782 INFO             PET0 PIOc_sync Enter - MemInfo: [malloc] Space allocated in mmapped regions:         15712256 Byte
20220313 003931.782 INFO             PET0 PIOc_sync Enter - MemInfo: [malloc] Maximum total allocated space:                     0 Byte
20220313 003931.782 INFO             PET0 PIOc_sync Enter - MemInfo: [malloc] Space in freed fastbin blocks:                     0 Byte
20220313 003931.782 INFO             PET0 PIOc_sync Enter - MemInfo: [malloc] Total allocated space:                       1149664 Byte
20220313 003931.782 INFO             PET0 PIOc_sync Enter - MemInfo: [malloc] Total free space:                               7776 Byte
20220313 003931.782 INFO             PET0 PIOc_sync Enter - MemInfo: [malloc] Top-most, releasable space:                     7776 Byte
20220313 003931.782 INFO             PET0 PIOc_sync Enter - MemInfo: [malloc] Total space in use, mmap + non-mmap:        16861920 Byte
20220313 003931.782 INFO             PET0 PIOc_sync Enter - MemInfo: [malloc] Total space held (mmap + non-mmap):         17004864 Byte
20220313 003931.782 INFO             PET0 PIOc_sync Enter - MemInfo: [malloc] Total space used (mmap + non-mmap):         16871952 Byte
20220313 003931.782 INFO             PET0 PIOc_sync Enter - MemInfo: Wall-clock time since execution start:               0.229964 seconds
20220313 003931.784 INFO             PET0 PIOc_sync Exit - MemInfo: [/proc/meminfo - SSI]	MemTotal:       65855856 kB
20220313 003931.784 INFO             PET0 PIOc_sync Exit - MemInfo: [/proc/meminfo - SSI]	MemFree:        61312344 kB
20220313 003931.784 INFO             PET0 PIOc_sync Exit - MemInfo: [/proc/meminfo - SSI]	MemAvailable:   61080420 kB
20220313 003931.784 INFO             PET0 PIOc_sync Exit - MemInfo: [/proc/meminfo - SSI]	Committed_AS:    2780620 kB
20220313 003931.784 INFO             PET0 PIOc_sync Exit - MemInfo: [/proc/meminfo - SSI]	CommittedPercent: 4.22228 %
20220313 003931.784 INFO             PET0 PIOc_sync Exit - MemInfo: [/proc/self/status]	VmPeak:	   70172 kB
20220313 003931.784 INFO             PET0 PIOc_sync Exit - MemInfo: [/proc/self/status]	VmSize:	   70172 kB
20220313 003931.784 INFO             PET0 PIOc_sync Exit - MemInfo: [/proc/self/status]	VmLck:	       0 kB
20220313 003931.784 INFO             PET0 PIOc_sync Exit - MemInfo: [/proc/self/status]	VmPin:	       0 kB
20220313 003931.784 INFO             PET0 PIOc_sync Exit - MemInfo: [/proc/self/status]	VmHWM:	   18912 kB
20220313 003931.784 INFO             PET0 PIOc_sync Exit - MemInfo: [/proc/self/status]	VmRSS:	   18912 kB
20220313 003931.785 INFO             PET0 PIOc_sync Exit - MemInfo: [/proc/self/status]	VmData:	   21176 kB
20220313 003931.785 INFO             PET0 PIOc_sync Exit - MemInfo: [/proc/self/status]	VmStk:	     164 kB
20220313 003931.785 INFO             PET0 PIOc_sync Exit - MemInfo: [/proc/self/status]	VmExe:	   40680 kB
20220313 003931.785 INFO             PET0 PIOc_sync Exit - MemInfo: [/proc/self/status]	VmLib:	    1952 kB
20220313 003931.785 INFO             PET0 PIOc_sync Exit - MemInfo: [/proc/self/status]	VmPTE:	     144 kB
20220313 003931.785 INFO             PET0 PIOc_sync Exit - MemInfo: [/proc/self/status]	VmPMD:	      12 kB
20220313 003931.785 INFO             PET0 PIOc_sync Exit - MemInfo: [/proc/self/status]	VmSwap:	       0 kB
20220313 003931.785 INFO             PET0 PIOc_sync Exit - MemInfo: [/proc/self/status]	VmRSSPercent: 0.0287173 %
20220313 003931.785 INFO             PET0 PIOc_sync Exit - MemInfo: [malloc] Non-mmapped space allocated:                 1284416 Byte
20220313 003931.785 INFO             PET0 PIOc_sync Exit - MemInfo: [malloc] Space allocated in mmapped regions:         16044032 Byte
20220313 003931.785 INFO             PET0 PIOc_sync Exit - MemInfo: [malloc] Maximum total allocated space:                     0 Byte
20220313 003931.785 INFO             PET0 PIOc_sync Exit - MemInfo: [malloc] Space in freed fastbin blocks:                     0 Byte
20220313 003931.785 INFO             PET0 PIOc_sync Exit - MemInfo: [malloc] Total allocated space:                       1217744 Byte
20220313 003931.785 INFO             PET0 PIOc_sync Exit - MemInfo: [malloc] Total free space:                              66672 Byte
20220313 003931.785 INFO             PET0 PIOc_sync Exit - MemInfo: [malloc] Top-most, releasable space:                    66672 Byte
20220313 003931.785 INFO             PET0 PIOc_sync Exit - MemInfo: [malloc] Total space in use, mmap + non-mmap:        17261776 Byte
20220313 003931.785 INFO             PET0 PIOc_sync Exit - MemInfo: [malloc] Total space held (mmap + non-mmap):         17328448 Byte
20220313 003931.785 INFO             PET0 PIOc_sync Exit - MemInfo: [malloc] Total space used (mmap + non-mmap):         17270544 Byte
20220313 003931.785 INFO             PET0 PIOc_sync Exit - MemInfo: Wall-clock time since execution start:               0.233014 seconds
20220313 003931.785 INFO             PET0 PIOc_freedecomp Enter - MemInfo: [/proc/meminfo - SSI]	MemTotal:       65855856 kB
20220313 003931.785 INFO             PET0 PIOc_freedecomp Enter - MemInfo: [/proc/meminfo - SSI]	MemFree:        61319400 kB
20220313 003931.785 INFO             PET0 PIOc_freedecomp Enter - MemInfo: [/proc/meminfo - SSI]	MemAvailable:   61087476 kB
20220313 003931.786 INFO             PET0 PIOc_freedecomp Enter - MemInfo: [/proc/meminfo - SSI]	Committed_AS:    2772872 kB
20220313 003931.786 INFO             PET0 PIOc_freedecomp Enter - MemInfo: [/proc/meminfo - SSI]	CommittedPercent: 4.21052 %
20220313 003931.786 INFO             PET0 PIOc_freedecomp Enter - MemInfo: [/proc/self/status]	VmPeak:	   70172 kB
20220313 003931.786 INFO             PET0 PIOc_freedecomp Enter - MemInfo: [/proc/self/status]	VmSize:	   61460 kB
20220313 003931.786 INFO             PET0 PIOc_freedecomp Enter - MemInfo: [/proc/self/status]	VmLck:	       0 kB
20220313 003931.786 INFO             PET0 PIOc_freedecomp Enter - MemInfo: [/proc/self/status]	VmPin:	       0 kB
20220313 003931.786 INFO             PET0 PIOc_freedecomp Enter - MemInfo: [/proc/self/status]	VmHWM:	   18912 kB
20220313 003931.786 INFO             PET0 PIOc_freedecomp Enter - MemInfo: [/proc/self/status]	VmRSS:	   10904 kB
20220313 003931.786 INFO             PET0 PIOc_freedecomp Enter - MemInfo: [/proc/self/status]	VmData:	   12464 kB
20220313 003931.786 INFO             PET0 PIOc_freedecomp Enter - MemInfo: [/proc/self/status]	VmStk:	     164 kB
20220313 003931.786 INFO             PET0 PIOc_freedecomp Enter - MemInfo: [/proc/self/status]	VmExe:	   40680 kB
20220313 003931.786 INFO             PET0 PIOc_freedecomp Enter - MemInfo: [/proc/self/status]	VmLib:	    1952 kB
20220313 003931.786 INFO             PET0 PIOc_freedecomp Enter - MemInfo: [/proc/self/status]	VmPTE:	     128 kB
20220313 003931.786 INFO             PET0 PIOc_freedecomp Enter - MemInfo: [/proc/self/status]	VmPMD:	      12 kB
20220313 003931.786 INFO             PET0 PIOc_freedecomp Enter - MemInfo: [/proc/self/status]	VmSwap:	       0 kB
20220313 003931.786 INFO             PET0 PIOc_freedecomp Enter - MemInfo: [/proc/self/status]	VmRSSPercent: 0.0165574 %
20220313 003931.786 INFO             PET0 PIOc_freedecomp Enter - MemInfo: [malloc] Non-mmapped space allocated:                 1284416 Byte
20220313 003931.786 INFO             PET0 PIOc_freedecomp Enter - MemInfo: [malloc] Space allocated in mmapped regions:          7122944 Byte
20220313 003931.786 INFO             PET0 PIOc_freedecomp Enter - MemInfo: [malloc] Maximum total allocated space:                     0 Byte
20220313 003931.786 INFO             PET0 PIOc_freedecomp Enter - MemInfo: [malloc] Space in freed fastbin blocks:                   256 Byte
20220313 003931.786 INFO             PET0 PIOc_freedecomp Enter - MemInfo: [malloc] Total allocated space:                       1207776 Byte
20220313 003931.786 INFO             PET0 PIOc_freedecomp Enter - MemInfo: [malloc] Total free space:                              76640 Byte
20220313 003931.786 INFO             PET0 PIOc_freedecomp Enter - MemInfo: [malloc] Top-most, releasable space:                    65888 Byte
20220313 003931.786 INFO             PET0 PIOc_freedecomp Enter - MemInfo: [malloc] Total space in use, mmap + non-mmap:         8330720 Byte
20220313 003931.786 INFO             PET0 PIOc_freedecomp Enter - MemInfo: [malloc] Total space held (mmap + non-mmap):          8407360 Byte
20220313 003931.786 INFO             PET0 PIOc_freedecomp Enter - MemInfo: [malloc] Total space used (mmap + non-mmap):          8339264 Byte
20220313 003931.786 INFO             PET0 PIOc_freedecomp Enter - MemInfo: Wall-clock time since execution start:               0.234188 seconds
20220313 003931.786 INFO             PET0 PIOc_freedecomp Exit - MemInfo: [/proc/meminfo - SSI]	MemTotal:       65855856 kB
20220313 003931.786 INFO             PET0 PIOc_freedecomp Exit - MemInfo: [/proc/meminfo - SSI]	MemFree:        61319400 kB
20220313 003931.786 INFO             PET0 PIOc_freedecomp Exit - MemInfo: [/proc/meminfo - SSI]	MemAvailable:   61087476 kB
20220313 003931.786 INFO             PET0 PIOc_freedecomp Exit - MemInfo: [/proc/meminfo - SSI]	Committed_AS:    2772872 kB
20220313 003931.786 INFO             PET0 PIOc_freedecomp Exit - MemInfo: [/proc/meminfo - SSI]	CommittedPercent: 4.21052 %
20220313 003931.786 INFO             PET0 PIOc_freedecomp Exit - MemInfo: [/proc/self/status]	VmPeak:	   70172 kB
20220313 003931.786 INFO             PET0 PIOc_freedecomp Exit - MemInfo: [/proc/self/status]	VmSize:	   61460 kB
20220313 003931.786 INFO             PET0 PIOc_freedecomp Exit - MemInfo: [/proc/self/status]	VmLck:	       0 kB
20220313 003931.786 INFO             PET0 PIOc_freedecomp Exit - MemInfo: [/proc/self/status]	VmPin:	       0 kB
20220313 003931.786 INFO             PET0 PIOc_freedecomp Exit - MemInfo: [/proc/self/status]	VmHWM:	   18912 kB
20220313 003931.786 INFO             PET0 PIOc_freedecomp Exit - MemInfo: [/proc/self/status]	VmRSS:	   10904 kB
20220313 003931.786 INFO             PET0 PIOc_freedecomp Exit - MemInfo: [/proc/self/status]	VmData:	   12464 kB
20220313 003931.786 INFO             PET0 PIOc_freedecomp Exit - MemInfo: [/proc/self/status]	VmStk:	     164 kB
20220313 003931.786 INFO             PET0 PIOc_freedecomp Exit - MemInfo: [/proc/self/status]	VmExe:	   40680 kB
20220313 003931.786 INFO             PET0 PIOc_freedecomp Exit - MemInfo: [/proc/self/status]	VmLib:	    1952 kB
20220313 003931.786 INFO             PET0 PIOc_freedecomp Exit - MemInfo: [/proc/self/status]	VmPTE:	     128 kB
20220313 003931.786 INFO             PET0 PIOc_freedecomp Exit - MemInfo: [/proc/self/status]	VmPMD:	      12 kB
20220313 003931.786 INFO             PET0 PIOc_freedecomp Exit - MemInfo: [/proc/self/status]	VmSwap:	       0 kB
20220313 003931.786 INFO             PET0 PIOc_freedecomp Exit - MemInfo: [/proc/self/status]	VmRSSPercent: 0.0165574 %
20220313 003931.786 INFO             PET0 PIOc_freedecomp Exit - MemInfo: [malloc] Non-mmapped space allocated:                 1284416 Byte
20220313 003931.786 INFO             PET0 PIOc_freedecomp Exit - MemInfo: [malloc] Space allocated in mmapped regions:          7122944 Byte
20220313 003931.786 INFO             PET0 PIOc_freedecomp Exit - MemInfo: [malloc] Maximum total allocated space:                     0 Byte
20220313 003931.786 INFO             PET0 PIOc_freedecomp Exit - MemInfo: [malloc] Space in freed fastbin blocks:                   800 Byte
20220313 003931.786 INFO             PET0 PIOc_freedecomp Exit - MemInfo: [malloc] Total allocated space:                       1207536 Byte
20220313 003931.786 INFO             PET0 PIOc_freedecomp Exit - MemInfo: [malloc] Total free space:                              76880 Byte
20220313 003931.786 INFO             PET0 PIOc_freedecomp Exit - MemInfo: [malloc] Top-most, releasable space:                    65888 Byte
20220313 003931.786 INFO             PET0 PIOc_freedecomp Exit - MemInfo: [malloc] Total space in use, mmap + non-mmap:         8330480 Byte
20220313 003931.787 INFO             PET0 PIOc_freedecomp Exit - MemInfo: [malloc] Total space held (mmap + non-mmap):          8407360 Byte
20220313 003931.787 INFO             PET0 PIOc_freedecomp Exit - MemInfo: [malloc] Total space used (mmap + non-mmap):          8339136 Byte
20220313 003931.787 INFO             PET0 PIOc_freedecomp Exit - MemInfo: Wall-clock time since execution start:               0.234842 seconds
20220313 003931.791 INFO             PET0 PIOc_sync Enter - MemInfo: [/proc/meminfo - SSI]	MemTotal:       65855856 kB
20220313 003931.791 INFO             PET0 PIOc_sync Enter - MemInfo: [/proc/meminfo - SSI]	MemFree:        61316376 kB
20220313 003931.791 INFO             PET0 PIOc_sync Enter - MemInfo: [/proc/meminfo - SSI]	MemAvailable:   61084452 kB
20220313 003931.791 INFO             PET0 PIOc_sync Enter - MemInfo: [/proc/meminfo - SSI]	Committed_AS:    2781124 kB
20220313 003931.791 INFO             PET0 PIOc_sync Enter - MemInfo: [/proc/meminfo - SSI]	CommittedPercent: 4.22305 %
20220313 003931.791 INFO             PET0 PIOc_sync Enter - MemInfo: [/proc/self/status]	VmPeak:	   70228 kB
20220313 003931.791 INFO             PET0 PIOc_sync Enter - MemInfo: [/proc/self/status]	VmSize:	   70228 kB
20220313 003931.791 INFO             PET0 PIOc_sync Enter - MemInfo: [/proc/self/status]	VmLck:	       0 kB
20220313 003931.791 INFO             PET0 PIOc_sync Enter - MemInfo: [/proc/self/status]	VmPin:	       0 kB
20220313 003931.791 INFO             PET0 PIOc_sync Enter - MemInfo: [/proc/self/status]	VmHWM:	   18912 kB
20220313 003931.791 INFO             PET0 PIOc_sync Enter - MemInfo: [/proc/self/status]	VmRSS:	   14860 kB
20220313 003931.791 INFO             PET0 PIOc_sync Enter - MemInfo: [/proc/self/status]	VmData:	   21232 kB
20220313 003931.791 INFO             PET0 PIOc_sync Enter - MemInfo: [/proc/self/status]	VmStk:	     164 kB
20220313 003931.791 INFO             PET0 PIOc_sync Enter - MemInfo: [/proc/self/status]	VmExe:	   40680 kB
20220313 003931.791 INFO             PET0 PIOc_sync Enter - MemInfo: [/proc/self/status]	VmLib:	    1952 kB
20220313 003931.791 INFO             PET0 PIOc_sync Enter - MemInfo: [/proc/self/status]	VmPTE:	     144 kB
20220313 003931.791 INFO             PET0 PIOc_sync Enter - MemInfo: [/proc/self/status]	VmPMD:	      12 kB
20220313 003931.791 INFO             PET0 PIOc_sync Enter - MemInfo: [/proc/self/status]	VmSwap:	       0 kB
20220313 003931.791 INFO             PET0 PIOc_sync Enter - MemInfo: [/proc/self/status]	VmRSSPercent: 0.0225644 %
20220313 003931.791 INFO             PET0 PIOc_sync Enter - MemInfo: [malloc] Non-mmapped space allocated:                10262848 Byte
20220313 003931.791 INFO             PET0 PIOc_sync Enter - MemInfo: [malloc] Space allocated in mmapped regions:          7122944 Byte
20220313 003931.791 INFO             PET0 PIOc_sync Enter - MemInfo: [malloc] Maximum total allocated space:                     0 Byte
20220313 003931.791 INFO             PET0 PIOc_sync Enter - MemInfo: [malloc] Space in freed fastbin blocks:                   528 Byte
20220313 003931.791 INFO             PET0 PIOc_sync Enter - MemInfo: [malloc] Total allocated space:                      10136656 Byte
20220313 003931.791 INFO             PET0 PIOc_sync Enter - MemInfo: [malloc] Total free space:                             126192 Byte
20220313 003931.791 INFO             PET0 PIOc_sync Enter - MemInfo: [malloc] Top-most, releasable space:                   125632 Byte
20220313 003931.791 INFO             PET0 PIOc_sync Enter - MemInfo: [malloc] Total space in use, mmap + non-mmap:        17259600 Byte
20220313 003931.791 INFO             PET0 PIOc_sync Enter - MemInfo: [malloc] Total space held (mmap + non-mmap):         17385792 Byte
20220313 003931.791 INFO             PET0 PIOc_sync Enter - MemInfo: [malloc] Total space used (mmap + non-mmap):         17268032 Byte
20220313 003931.791 INFO             PET0 PIOc_sync Enter - MemInfo: Wall-clock time since execution start:               0.239469 seconds
20220313 003931.791 INFO             PET0 PIOc_sync Exit - MemInfo: [/proc/meminfo - SSI]	MemTotal:       65855856 kB
20220313 003931.791 INFO             PET0 PIOc_sync Exit - MemInfo: [/proc/meminfo - SSI]	MemFree:        61316376 kB
20220313 003931.791 INFO             PET0 PIOc_sync Exit - MemInfo: [/proc/meminfo - SSI]	MemAvailable:   61084452 kB
20220313 003931.791 INFO             PET0 PIOc_sync Exit - MemInfo: [/proc/meminfo - SSI]	Committed_AS:    2781124 kB
20220313 003931.791 INFO             PET0 PIOc_sync Exit - MemInfo: [/proc/meminfo - SSI]	CommittedPercent: 4.22305 %
20220313 003931.791 INFO             PET0 PIOc_sync Exit - MemInfo: [/proc/self/status]	VmPeak:	   70228 kB
20220313 003931.791 INFO             PET0 PIOc_sync Exit - MemInfo: [/proc/self/status]	VmSize:	   70228 kB
20220313 003931.791 INFO             PET0 PIOc_sync Exit - MemInfo: [/proc/self/status]	VmLck:	       0 kB
20220313 003931.791 INFO             PET0 PIOc_sync Exit - MemInfo: [/proc/self/status]	VmPin:	       0 kB
20220313 003931.791 INFO             PET0 PIOc_sync Exit - MemInfo: [/proc/self/status]	VmHWM:	   18912 kB
20220313 003931.791 INFO             PET0 PIOc_sync Exit - MemInfo: [/proc/self/status]	VmRSS:	   14860 kB
20220313 003931.791 INFO             PET0 PIOc_sync Exit - MemInfo: [/proc/self/status]	VmData:	   21232 kB
20220313 003931.791 INFO             PET0 PIOc_sync Exit - MemInfo: [/proc/self/status]	VmStk:	     164 kB
20220313 003931.791 INFO             PET0 PIOc_sync Exit - MemInfo: [/proc/self/status]	VmExe:	   40680 kB
20220313 003931.791 INFO             PET0 PIOc_sync Exit - MemInfo: [/proc/self/status]	VmLib:	    1952 kB
20220313 003931.791 INFO             PET0 PIOc_sync Exit - MemInfo: [/proc/self/status]	VmPTE:	     144 kB
20220313 003931.791 INFO             PET0 PIOc_sync Exit - MemInfo: [/proc/self/status]	VmPMD:	      12 kB
20220313 003931.791 INFO             PET0 PIOc_sync Exit - MemInfo: [/proc/self/status]	VmSwap:	       0 kB
20220313 003931.791 INFO             PET0 PIOc_sync Exit - MemInfo: [/proc/self/status]	VmRSSPercent: 0.0225644 %
20220313 003931.791 INFO             PET0 PIOc_sync Exit - MemInfo: [malloc] Non-mmapped space allocated:                10262848 Byte
20220313 003931.792 INFO             PET0 PIOc_sync Exit - MemInfo: [malloc] Space allocated in mmapped regions:          7122944 Byte
20220313 003931.792 INFO             PET0 PIOc_sync Exit - MemInfo: [malloc] Maximum total allocated space:                     0 Byte
20220313 003931.792 INFO             PET0 PIOc_sync Exit - MemInfo: [malloc] Space in freed fastbin blocks:                     0 Byte
20220313 003931.792 INFO             PET0 PIOc_sync Exit - MemInfo: [malloc] Total allocated space:                      10137456 Byte
20220313 003931.792 INFO             PET0 PIOc_sync Exit - MemInfo: [malloc] Total free space:                             125392 Byte
20220313 003931.792 INFO             PET0 PIOc_sync Exit - MemInfo: [malloc] Top-most, releasable space:                   125184 Byte
20220313 003931.792 INFO             PET0 PIOc_sync Exit - MemInfo: [malloc] Total space in use, mmap + non-mmap:        17260400 Byte
20220313 003931.792 INFO             PET0 PIOc_sync Exit - MemInfo: [malloc] Total space held (mmap + non-mmap):         17385792 Byte
20220313 003931.792 INFO             PET0 PIOc_sync Exit - MemInfo: [malloc] Total space used (mmap + non-mmap):         17268720 Byte
20220313 003931.792 INFO             PET0 PIOc_sync Exit - MemInfo: Wall-clock time since execution start:               0.239895 seconds
20220313 003931.792 INFO             PET0 PIOc_freedecomp Enter - MemInfo: [/proc/meminfo - SSI]	MemTotal:       65855856 kB
20220313 003931.792 INFO             PET0 PIOc_freedecomp Enter - MemInfo: [/proc/meminfo - SSI]	MemFree:        61316376 kB
20220313 003931.792 INFO             PET0 PIOc_freedecomp Enter - MemInfo: [/proc/meminfo - SSI]	MemAvailable:   61084452 kB
20220313 003931.792 INFO             PET0 PIOc_freedecomp Enter - MemInfo: [/proc/meminfo - SSI]	Committed_AS:    2781124 kB
20220313 003931.792 INFO             PET0 PIOc_freedecomp Enter - MemInfo: [/proc/meminfo - SSI]	CommittedPercent: 4.22305 %
20220313 003931.792 INFO             PET0 PIOc_freedecomp Enter - MemInfo: [/proc/self/status]	VmPeak:	   70228 kB
20220313 003931.792 INFO             PET0 PIOc_freedecomp Enter - MemInfo: [/proc/self/status]	VmSize:	   70228 kB
20220313 003931.792 INFO             PET0 PIOc_freedecomp Enter - MemInfo: [/proc/self/status]	VmLck:	       0 kB
20220313 003931.792 INFO             PET0 PIOc_freedecomp Enter - MemInfo: [/proc/self/status]	VmPin:	       0 kB
20220313 003931.792 INFO             PET0 PIOc_freedecomp Enter - MemInfo: [/proc/self/status]	VmHWM:	   18912 kB
20220313 003931.792 INFO             PET0 PIOc_freedecomp Enter - MemInfo: [/proc/self/status]	VmRSS:	   14860 kB
20220313 003931.792 INFO             PET0 PIOc_freedecomp Enter - MemInfo: [/proc/self/status]	VmData:	   21232 kB
20220313 003931.792 INFO             PET0 PIOc_freedecomp Enter - MemInfo: [/proc/self/status]	VmStk:	     164 kB
20220313 003931.792 INFO             PET0 PIOc_freedecomp Enter - MemInfo: [/proc/self/status]	VmExe:	   40680 kB
20220313 003931.792 INFO             PET0 PIOc_freedecomp Enter - MemInfo: [/proc/self/status]	VmLib:	    1952 kB
20220313 003931.792 INFO             PET0 PIOc_freedecomp Enter - MemInfo: [/proc/self/status]	VmPTE:	     144 kB
20220313 003931.792 INFO             PET0 PIOc_freedecomp Enter - MemInfo: [/proc/self/status]	VmPMD:	      12 kB
20220313 003931.792 INFO             PET0 PIOc_freedecomp Enter - MemInfo: [/proc/self/status]	VmSwap:	       0 kB
20220313 003931.792 INFO             PET0 PIOc_freedecomp Enter - MemInfo: [/proc/self/status]	VmRSSPercent: 0.0225644 %
20220313 003931.792 INFO             PET0 PIOc_freedecomp Enter - MemInfo: [malloc] Non-mmapped space allocated:                10262848 Byte
20220313 003931.792 INFO             PET0 PIOc_freedecomp Enter - MemInfo: [malloc] Space allocated in mmapped regions:          7122944 Byte
20220313 003931.792 INFO             PET0 PIOc_freedecomp Enter - MemInfo: [malloc] Maximum total allocated space:                     0 Byte
20220313 003931.792 INFO             PET0 PIOc_freedecomp Enter - MemInfo: [malloc] Space in freed fastbin blocks:                   272 Byte
20220313 003931.792 INFO             PET0 PIOc_freedecomp Enter - MemInfo: [malloc] Total allocated space:                       1213248 Byte
20220313 003931.792 INFO             PET0 PIOc_freedecomp Enter - MemInfo: [malloc] Total free space:                            9049600 Byte
20220313 003931.792 INFO             PET0 PIOc_freedecomp Enter - MemInfo: [malloc] Top-most, releasable space:                   124960 Byte
20220313 003931.792 INFO             PET0 PIOc_freedecomp Enter - MemInfo: [malloc] Total space in use, mmap + non-mmap:         8336192 Byte
20220313 003931.792 INFO             PET0 PIOc_freedecomp Enter - MemInfo: [malloc] Total space held (mmap + non-mmap):         17385792 Byte
20220313 003931.792 INFO             PET0 PIOc_freedecomp Enter - MemInfo: [malloc] Total space used (mmap + non-mmap):          8344400 Byte
20220313 003931.792 INFO             PET0 PIOc_freedecomp Enter - MemInfo: Wall-clock time since execution start:               0.240435 seconds
20220313 003931.792 INFO             PET0 PIOc_freedecomp Exit - MemInfo: [/proc/meminfo - SSI]	MemTotal:       65855856 kB
20220313 003931.792 INFO             PET0 PIOc_freedecomp Exit - MemInfo: [/proc/meminfo - SSI]	MemFree:        61316376 kB
20220313 003931.792 INFO             PET0 PIOc_freedecomp Exit - MemInfo: [/proc/meminfo - SSI]	MemAvailable:   61084452 kB
20220313 003931.792 INFO             PET0 PIOc_freedecomp Exit - MemInfo: [/proc/meminfo - SSI]	Committed_AS:    2781124 kB
20220313 003931.792 INFO             PET0 PIOc_freedecomp Exit - MemInfo: [/proc/meminfo - SSI]	CommittedPercent: 4.22305 %
20220313 003931.792 INFO             PET0 PIOc_freedecomp Exit - MemInfo: [/proc/self/status]	VmPeak:	   70228 kB
20220313 003931.792 INFO             PET0 PIOc_freedecomp Exit - MemInfo: [/proc/self/status]	VmSize:	   70228 kB
20220313 003931.792 INFO             PET0 PIOc_freedecomp Exit - MemInfo: [/proc/self/status]	VmLck:	       0 kB
20220313 003931.792 INFO             PET0 PIOc_freedecomp Exit - MemInfo: [/proc/self/status]	VmPin:	       0 kB
20220313 003931.792 INFO             PET0 PIOc_freedecomp Exit - MemInfo: [/proc/self/status]	VmHWM:	   18912 kB
20220313 003931.792 INFO             PET0 PIOc_freedecomp Exit - MemInfo: [/proc/self/status]	VmRSS:	   14860 kB
20220313 003931.792 INFO             PET0 PIOc_freedecomp Exit - MemInfo: [/proc/self/status]	VmData:	   21232 kB
20220313 003931.792 INFO             PET0 PIOc_freedecomp Exit - MemInfo: [/proc/self/status]	VmStk:	     164 kB
20220313 003931.792 INFO             PET0 PIOc_freedecomp Exit - MemInfo: [/proc/self/status]	VmExe:	   40680 kB
20220313 003931.792 INFO             PET0 PIOc_freedecomp Exit - MemInfo: [/proc/self/status]	VmLib:	    1952 kB
20220313 003931.792 INFO             PET0 PIOc_freedecomp Exit - MemInfo: [/proc/self/status]	VmPTE:	     144 kB
20220313 003931.792 INFO             PET0 PIOc_freedecomp Exit - MemInfo: [/proc/self/status]	VmPMD:	      12 kB
20220313 003931.792 INFO             PET0 PIOc_freedecomp Exit - MemInfo: [/proc/self/status]	VmSwap:	       0 kB
20220313 003931.792 INFO             PET0 PIOc_freedecomp Exit - MemInfo: [/proc/self/status]	VmRSSPercent: 0.0225644 %
20220313 003931.792 INFO             PET0 PIOc_freedecomp Exit - MemInfo: [malloc] Non-mmapped space allocated:                10262848 Byte
20220313 003931.792 INFO             PET0 PIOc_freedecomp Exit - MemInfo: [malloc] Space allocated in mmapped regions:          7122944 Byte
20220313 003931.792 INFO             PET0 PIOc_freedecomp Exit - MemInfo: [malloc] Maximum total allocated space:                     0 Byte
20220313 003931.792 INFO             PET0 PIOc_freedecomp Exit - MemInfo: [malloc] Space in freed fastbin blocks:                   896 Byte
20220313 003931.792 INFO             PET0 PIOc_freedecomp Exit - MemInfo: [malloc] Total allocated space:                       1212352 Byte
20220313 003931.792 INFO             PET0 PIOc_freedecomp Exit - MemInfo: [malloc] Total free space:                            9050496 Byte
20220313 003931.792 INFO             PET0 PIOc_freedecomp Exit - MemInfo: [malloc] Top-most, releasable space:                   124960 Byte
20220313 003931.792 INFO             PET0 PIOc_freedecomp Exit - MemInfo: [malloc] Total space in use, mmap + non-mmap:         8335296 Byte
20220313 003931.793 INFO             PET0 PIOc_freedecomp Exit - MemInfo: [malloc] Total space held (mmap + non-mmap):         17385792 Byte
20220313 003931.793 INFO             PET0 PIOc_freedecomp Exit - MemInfo: [malloc] Total space used (mmap + non-mmap):          8343504 Byte
20220313 003931.793 INFO             PET0 PIOc_freedecomp Exit - MemInfo: Wall-clock time since execution start:               0.240839 seconds
20220313 003931.794 INFO             PET0 PIOc_sync Enter - MemInfo: [/proc/meminfo - SSI]	MemTotal:       65855856 kB
20220313 003931.794 INFO             PET0 PIOc_sync Enter - MemInfo: [/proc/meminfo - SSI]	MemFree:        61315872 kB
20220313 003931.794 INFO             PET0 PIOc_sync Enter - MemInfo: [/proc/meminfo - SSI]	MemAvailable:   61083948 kB
20220313 003931.794 INFO             PET0 PIOc_sync Enter - MemInfo: [/proc/meminfo - SSI]	Committed_AS:    2781124 kB
20220313 003931.794 INFO             PET0 PIOc_sync Enter - MemInfo: [/proc/meminfo - SSI]	CommittedPercent: 4.22305 %
20220313 003931.794 INFO             PET0 PIOc_sync Enter - MemInfo: [/proc/self/status]	VmPeak:	   70228 kB
20220313 003931.794 INFO             PET0 PIOc_sync Enter - MemInfo: [/proc/self/status]	VmSize:	   70228 kB
20220313 003931.794 INFO             PET0 PIOc_sync Enter - MemInfo: [/proc/self/status]	VmLck:	       0 kB
20220313 003931.794 INFO             PET0 PIOc_sync Enter - MemInfo: [/proc/self/status]	VmPin:	       0 kB
20220313 003931.794 INFO             PET0 PIOc_sync Enter - MemInfo: [/proc/self/status]	VmHWM:	   18912 kB
20220313 003931.794 INFO             PET0 PIOc_sync Enter - MemInfo: [/proc/self/status]	VmRSS:	   15388 kB
20220313 003931.794 INFO             PET0 PIOc_sync Enter - MemInfo: [/proc/self/status]	VmData:	   21232 kB
20220313 003931.794 INFO             PET0 PIOc_sync Enter - MemInfo: [/proc/self/status]	VmStk:	     164 kB
20220313 003931.794 INFO             PET0 PIOc_sync Enter - MemInfo: [/proc/self/status]	VmExe:	   40680 kB
20220313 003931.794 INFO             PET0 PIOc_sync Enter - MemInfo: [/proc/self/status]	VmLib:	    1952 kB
20220313 003931.794 INFO             PET0 PIOc_sync Enter - MemInfo: [/proc/self/status]	VmPTE:	     144 kB
20220313 003931.794 INFO             PET0 PIOc_sync Enter - MemInfo: [/proc/self/status]	VmPMD:	      12 kB
20220313 003931.794 INFO             PET0 PIOc_sync Enter - MemInfo: [/proc/self/status]	VmSwap:	       0 kB
20220313 003931.794 INFO             PET0 PIOc_sync Enter - MemInfo: [/proc/self/status]	VmRSSPercent: 0.0233662 %
20220313 003931.794 INFO             PET0 PIOc_sync Enter - MemInfo: [malloc] Non-mmapped space allocated:                10262848 Byte
20220313 003931.794 INFO             PET0 PIOc_sync Enter - MemInfo: [malloc] Space allocated in mmapped regions:          7122944 Byte
20220313 003931.794 INFO             PET0 PIOc_sync Enter - MemInfo: [malloc] Maximum total allocated space:                     0 Byte
20220313 003931.794 INFO             PET0 PIOc_sync Enter - MemInfo: [malloc] Space in freed fastbin blocks:                   928 Byte
20220313 003931.794 INFO             PET0 PIOc_sync Enter - MemInfo: [malloc] Total allocated space:                      10141104 Byte
20220313 003931.794 INFO             PET0 PIOc_sync Enter - MemInfo: [malloc] Total free space:                             121744 Byte
20220313 003931.794 INFO             PET0 PIOc_sync Enter - MemInfo: [malloc] Top-most, releasable space:                   114464 Byte
20220313 003931.794 INFO             PET0 PIOc_sync Enter - MemInfo: [malloc] Total space in use, mmap + non-mmap:        17264048 Byte
20220313 003931.794 INFO             PET0 PIOc_sync Enter - MemInfo: [malloc] Total space held (mmap + non-mmap):         17385792 Byte
20220313 003931.794 INFO             PET0 PIOc_sync Enter - MemInfo: [malloc] Total space used (mmap + non-mmap):         17272480 Byte
20220313 003931.794 INFO             PET0 PIOc_sync Enter - MemInfo: Wall-clock time since execution start:               0.242644 seconds
20220313 003931.794 INFO             PET0 PIOc_sync Exit - MemInfo: [/proc/meminfo - SSI]	MemTotal:       65855856 kB
20220313 003931.794 INFO             PET0 PIOc_sync Exit - MemInfo: [/proc/meminfo - SSI]	MemFree:        61315872 kB
20220313 003931.794 INFO             PET0 PIOc_sync Exit - MemInfo: [/proc/meminfo - SSI]	MemAvailable:   61083948 kB
20220313 003931.794 INFO             PET0 PIOc_sync Exit - MemInfo: [/proc/meminfo - SSI]	Committed_AS:    2781124 kB
20220313 003931.795 INFO             PET0 PIOc_sync Exit - MemInfo: [/proc/meminfo - SSI]	CommittedPercent: 4.22305 %
20220313 003931.795 INFO             PET0 PIOc_sync Exit - MemInfo: [/proc/self/status]	VmPeak:	   70228 kB
20220313 003931.795 INFO             PET0 PIOc_sync Exit - MemInfo: [/proc/self/status]	VmSize:	   70228 kB
20220313 003931.795 INFO             PET0 PIOc_sync Exit - MemInfo: [/proc/self/status]	VmLck:	       0 kB
20220313 003931.795 INFO             PET0 PIOc_sync Exit - MemInfo: [/proc/self/status]	VmPin:	       0 kB
20220313 003931.795 INFO             PET0 PIOc_sync Exit - MemInfo: [/proc/self/status]	VmHWM:	   18912 kB
20220313 003931.795 INFO             PET0 PIOc_sync Exit - MemInfo: [/proc/self/status]	VmRSS:	   15388 kB
20220313 003931.795 INFO             PET0 PIOc_sync Exit - MemInfo: [/proc/self/status]	VmData:	   21232 kB
20220313 003931.795 INFO             PET0 PIOc_sync Exit - MemInfo: [/proc/self/status]	VmStk:	     164 kB
20220313 003931.795 INFO             PET0 PIOc_sync Exit - MemInfo: [/proc/self/status]	VmExe:	   40680 kB
20220313 003931.795 INFO             PET0 PIOc_sync Exit - MemInfo: [/proc/self/status]	VmLib:	    1952 kB
20220313 003931.795 INFO             PET0 PIOc_sync Exit - MemInfo: [/proc/self/status]	VmPTE:	     144 kB
20220313 003931.795 INFO             PET0 PIOc_sync Exit - MemInfo: [/proc/self/status]	VmPMD:	      12 kB
20220313 003931.795 INFO             PET0 PIOc_sync Exit - MemInfo: [/proc/self/status]	VmSwap:	       0 kB
20220313 003931.795 INFO             PET0 PIOc_sync Exit - MemInfo: [/proc/self/status]	VmRSSPercent: 0.0233662 %
20220313 003931.795 INFO             PET0 PIOc_sync Exit - MemInfo: [malloc] Non-mmapped space allocated:                10262848 Byte
20220313 003931.795 INFO             PET0 PIOc_sync Exit - MemInfo: [malloc] Space allocated in mmapped regions:          7122944 Byte
20220313 003931.795 INFO             PET0 PIOc_sync Exit - MemInfo: [malloc] Maximum total allocated space:                     0 Byte
20220313 003931.795 INFO             PET0 PIOc_sync Exit - MemInfo: [malloc] Space in freed fastbin blocks:                     0 Byte
20220313 003931.795 INFO             PET0 PIOc_sync Exit - MemInfo: [malloc] Total allocated space:                      10141584 Byte
20220313 003931.795 INFO             PET0 PIOc_sync Exit - MemInfo: [malloc] Total free space:                             121264 Byte
20220313 003931.795 INFO             PET0 PIOc_sync Exit - MemInfo: [malloc] Top-most, releasable space:                   114240 Byte
20220313 003931.795 INFO             PET0 PIOc_sync Exit - MemInfo: [malloc] Total space in use, mmap + non-mmap:        17264528 Byte
20220313 003931.795 INFO             PET0 PIOc_sync Exit - MemInfo: [malloc] Total space held (mmap + non-mmap):         17385792 Byte
20220313 003931.795 INFO             PET0 PIOc_sync Exit - MemInfo: [malloc] Total space used (mmap + non-mmap):         17272848 Byte
20220313 003931.795 INFO             PET0 PIOc_sync Exit - MemInfo: Wall-clock time since execution start:               0.243121 seconds
20220313 003931.795 INFO             PET0 PIOc_freedecomp Enter - MemInfo: [/proc/meminfo - SSI]	MemTotal:       65855856 kB
20220313 003931.795 INFO             PET0 PIOc_freedecomp Enter - MemInfo: [/proc/meminfo - SSI]	MemFree:        61315872 kB
20220313 003931.795 INFO             PET0 PIOc_freedecomp Enter - MemInfo: [/proc/meminfo - SSI]	MemAvailable:   61083948 kB
20220313 003931.795 INFO             PET0 PIOc_freedecomp Enter - MemInfo: [/proc/meminfo - SSI]	Committed_AS:    2781124 kB
20220313 003931.795 INFO             PET0 PIOc_freedecomp Enter - MemInfo: [/proc/meminfo - SSI]	CommittedPercent: 4.22305 %
20220313 003931.795 INFO             PET0 PIOc_freedecomp Enter - MemInfo: [/proc/self/status]	VmPeak:	   70228 kB
20220313 003931.795 INFO             PET0 PIOc_freedecomp Enter - MemInfo: [/proc/self/status]	VmSize:	   70228 kB
20220313 003931.795 INFO             PET0 PIOc_freedecomp Enter - MemInfo: [/proc/self/status]	VmLck:	       0 kB
20220313 003931.795 INFO             PET0 PIOc_freedecomp Enter - MemInfo: [/proc/self/status]	VmPin:	       0 kB
20220313 003931.795 INFO             PET0 PIOc_freedecomp Enter - MemInfo: [/proc/self/status]	VmHWM:	   18912 kB
20220313 003931.795 INFO             PET0 PIOc_freedecomp Enter - MemInfo: [/proc/self/status]	VmRSS:	   15388 kB
20220313 003931.795 INFO             PET0 PIOc_freedecomp Enter - MemInfo: [/proc/self/status]	VmData:	   21232 kB
20220313 003931.795 INFO             PET0 PIOc_freedecomp Enter - MemInfo: [/proc/self/status]	VmStk:	     164 kB
20220313 003931.795 INFO             PET0 PIOc_freedecomp Enter - MemInfo: [/proc/self/status]	VmExe:	   40680 kB
20220313 003931.795 INFO             PET0 PIOc_freedecomp Enter - MemInfo: [/proc/self/status]	VmLib:	    1952 kB
20220313 003931.795 INFO             PET0 PIOc_freedecomp Enter - MemInfo: [/proc/self/status]	VmPTE:	     144 kB
20220313 003931.795 INFO             PET0 PIOc_freedecomp Enter - MemInfo: [/proc/self/status]	VmPMD:	      12 kB
20220313 003931.795 INFO             PET0 PIOc_freedecomp Enter - MemInfo: [/proc/self/status]	VmSwap:	       0 kB
20220313 003931.795 INFO             PET0 PIOc_freedecomp Enter - MemInfo: [/proc/self/status]	VmRSSPercent: 0.0233662 %
20220313 003931.795 INFO             PET0 PIOc_freedecomp Enter - MemInfo: [malloc] Non-mmapped space allocated:                10262848 Byte
20220313 003931.795 INFO             PET0 PIOc_freedecomp Enter - MemInfo: [malloc] Space allocated in mmapped regions:          7122944 Byte
20220313 003931.795 INFO             PET0 PIOc_freedecomp Enter - MemInfo: [malloc] Maximum total allocated space:                     0 Byte
20220313 003931.795 INFO             PET0 PIOc_freedecomp Enter - MemInfo: [malloc] Space in freed fastbin blocks:                   272 Byte
20220313 003931.795 INFO             PET0 PIOc_freedecomp Enter - MemInfo: [malloc] Total allocated space:                       1216096 Byte
20220313 003931.795 INFO             PET0 PIOc_freedecomp Enter - MemInfo: [malloc] Total free space:                            9046752 Byte
20220313 003931.795 INFO             PET0 PIOc_freedecomp Enter - MemInfo: [malloc] Top-most, releasable space:                   114016 Byte
20220313 003931.795 INFO             PET0 PIOc_freedecomp Enter - MemInfo: [malloc] Total space in use, mmap + non-mmap:         8339040 Byte
20220313 003931.795 INFO             PET0 PIOc_freedecomp Enter - MemInfo: [malloc] Total space held (mmap + non-mmap):         17385792 Byte
20220313 003931.795 INFO             PET0 PIOc_freedecomp Enter - MemInfo: [malloc] Total space used (mmap + non-mmap):          8347248 Byte
20220313 003931.795 INFO             PET0 PIOc_freedecomp Enter - MemInfo: Wall-clock time since execution start:                0.24363 seconds
20220313 003931.795 INFO             PET0 PIOc_freedecomp Exit - MemInfo: [/proc/meminfo - SSI]	MemTotal:       65855856 kB
20220313 003931.795 INFO             PET0 PIOc_freedecomp Exit - MemInfo: [/proc/meminfo - SSI]	MemFree:        61315872 kB
20220313 003931.795 INFO             PET0 PIOc_freedecomp Exit - MemInfo: [/proc/meminfo - SSI]	MemAvailable:   61083948 kB
20220313 003931.795 INFO             PET0 PIOc_freedecomp Exit - MemInfo: [/proc/meminfo - SSI]	Committed_AS:    2781124 kB
20220313 003931.795 INFO             PET0 PIOc_freedecomp Exit - MemInfo: [/proc/meminfo - SSI]	CommittedPercent: 4.22305 %
20220313 003931.795 INFO             PET0 PIOc_freedecomp Exit - MemInfo: [/proc/self/status]	VmPeak:	   70228 kB
20220313 003931.796 INFO             PET0 PIOc_freedecomp Exit - MemInfo: [/proc/self/status]	VmSize:	   70228 kB
20220313 003931.796 INFO             PET0 PIOc_freedecomp Exit - MemInfo: [/proc/self/status]	VmLck:	       0 kB
20220313 003931.796 INFO             PET0 PIOc_freedecomp Exit - MemInfo: [/proc/self/status]	VmPin:	       0 kB
20220313 003931.796 INFO             PET0 PIOc_freedecomp Exit - MemInfo: [/proc/self/status]	VmHWM:	   18912 kB
20220313 003931.796 INFO             PET0 PIOc_freedecomp Exit - MemInfo: [/proc/self/status]	VmRSS:	   15388 kB
20220313 003931.796 INFO             PET0 PIOc_freedecomp Exit - MemInfo: [/proc/self/status]	VmData:	   21232 kB
20220313 003931.796 INFO             PET0 PIOc_freedecomp Exit - MemInfo: [/proc/self/status]	VmStk:	     164 kB
20220313 003931.796 INFO             PET0 PIOc_freedecomp Exit - MemInfo: [/proc/self/status]	VmExe:	   40680 kB
20220313 003931.796 INFO             PET0 PIOc_freedecomp Exit - MemInfo: [/proc/self/status]	VmLib:	    1952 kB
20220313 003931.796 INFO             PET0 PIOc_freedecomp Exit - MemInfo: [/proc/self/status]	VmPTE:	     144 kB
20220313 003931.796 INFO             PET0 PIOc_freedecomp Exit - MemInfo: [/proc/self/status]	VmPMD:	      12 kB
20220313 003931.796 INFO             PET0 PIOc_freedecomp Exit - MemInfo: [/proc/self/status]	VmSwap:	       0 kB
20220313 003931.796 INFO             PET0 PIOc_freedecomp Exit - MemInfo: [/proc/self/status]	VmRSSPercent: 0.0233662 %
20220313 003931.796 INFO             PET0 PIOc_freedecomp Exit - MemInfo: [malloc] Non-mmapped space allocated:                10262848 Byte
20220313 003931.796 INFO             PET0 PIOc_freedecomp Exit - MemInfo: [malloc] Space allocated in mmapped regions:          7122944 Byte
20220313 003931.796 INFO             PET0 PIOc_freedecomp Exit - MemInfo: [malloc] Maximum total allocated space:                     0 Byte
20220313 003931.796 INFO             PET0 PIOc_freedecomp Exit - MemInfo: [malloc] Space in freed fastbin blocks:                   896 Byte
20220313 003931.796 INFO             PET0 PIOc_freedecomp Exit - MemInfo: [malloc] Total allocated space:                       1215200 Byte
20220313 003931.796 INFO             PET0 PIOc_freedecomp Exit - MemInfo: [malloc] Total free space:                            9047648 Byte
20220313 003931.796 INFO             PET0 PIOc_freedecomp Exit - MemInfo: [malloc] Top-most, releasable space:                   124736 Byte
20220313 003931.796 INFO             PET0 PIOc_freedecomp Exit - MemInfo: [malloc] Total space in use, mmap + non-mmap:         8338144 Byte
20220313 003931.796 INFO             PET0 PIOc_freedecomp Exit - MemInfo: [malloc] Total space held (mmap + non-mmap):         17385792 Byte
20220313 003931.796 INFO             PET0 PIOc_freedecomp Exit - MemInfo: [malloc] Total space used (mmap + non-mmap):          8346352 Byte
20220313 003931.796 INFO             PET0 PIOc_freedecomp Exit - MemInfo: Wall-clock time since execution start:               0.244026 seconds
20220313 003931.797 INFO             PET0 PIOc_sync Enter - MemInfo: [/proc/meminfo - SSI]	MemTotal:       65855856 kB
20220313 003931.797 INFO             PET0 PIOc_sync Enter - MemInfo: [/proc/meminfo - SSI]	MemFree:        61315872 kB
20220313 003931.797 INFO             PET0 PIOc_sync Enter - MemInfo: [/proc/meminfo - SSI]	MemAvailable:   61083948 kB
20220313 003931.797 INFO             PET0 PIOc_sync Enter - MemInfo: [/proc/meminfo - SSI]	Committed_AS:    2781124 kB
20220313 003931.797 INFO             PET0 PIOc_sync Enter - MemInfo: [/proc/meminfo - SSI]	CommittedPercent: 4.22305 %
20220313 003931.797 INFO             PET0 PIOc_sync Enter - MemInfo: [/proc/self/status]	VmPeak:	   70228 kB
20220313 003931.797 INFO             PET0 PIOc_sync Enter - MemInfo: [/proc/self/status]	VmSize:	   70228 kB
20220313 003931.797 INFO             PET0 PIOc_sync Enter - MemInfo: [/proc/self/status]	VmLck:	       0 kB
20220313 003931.797 INFO             PET0 PIOc_sync Enter - MemInfo: [/proc/self/status]	VmPin:	       0 kB
20220313 003931.797 INFO             PET0 PIOc_sync Enter - MemInfo: [/proc/self/status]	VmHWM:	   18912 kB
20220313 003931.797 INFO             PET0 PIOc_sync Enter - MemInfo: [/proc/self/status]	VmRSS:	   15388 kB
20220313 003931.797 INFO             PET0 PIOc_sync Enter - MemInfo: [/proc/self/status]	VmData:	   21232 kB
20220313 003931.797 INFO             PET0 PIOc_sync Enter - MemInfo: [/proc/self/status]	VmStk:	     164 kB
20220313 003931.797 INFO             PET0 PIOc_sync Enter - MemInfo: [/proc/self/status]	VmExe:	   40680 kB
20220313 003931.797 INFO             PET0 PIOc_sync Enter - MemInfo: [/proc/self/status]	VmLib:	    1952 kB
20220313 003931.797 INFO             PET0 PIOc_sync Enter - MemInfo: [/proc/self/status]	VmPTE:	     144 kB
20220313 003931.797 INFO             PET0 PIOc_sync Enter - MemInfo: [/proc/self/status]	VmPMD:	      12 kB
20220313 003931.797 INFO             PET0 PIOc_sync Enter - MemInfo: [/proc/self/status]	VmSwap:	       0 kB
20220313 003931.797 INFO             PET0 PIOc_sync Enter - MemInfo: [/proc/self/status]	VmRSSPercent: 0.0233662 %
20220313 003931.797 INFO             PET0 PIOc_sync Enter - MemInfo: [malloc] Non-mmapped space allocated:                10262848 Byte
20220313 003931.797 INFO             PET0 PIOc_sync Enter - MemInfo: [malloc] Space allocated in mmapped regions:          7122944 Byte
20220313 003931.797 INFO             PET0 PIOc_sync Enter - MemInfo: [malloc] Maximum total allocated space:                     0 Byte
20220313 003931.797 INFO             PET0 PIOc_sync Enter - MemInfo: [malloc] Space in freed fastbin blocks:                  1616 Byte
20220313 003931.797 INFO             PET0 PIOc_sync Enter - MemInfo: [malloc] Total allocated space:                      10142960 Byte
20220313 003931.797 INFO             PET0 PIOc_sync Enter - MemInfo: [malloc] Total free space:                             119888 Byte
20220313 003931.797 INFO             PET0 PIOc_sync Enter - MemInfo: [malloc] Top-most, releasable space:                   114464 Byte
20220313 003931.797 INFO             PET0 PIOc_sync Enter - MemInfo: [malloc] Total space in use, mmap + non-mmap:        17265904 Byte
20220313 003931.797 INFO             PET0 PIOc_sync Enter - MemInfo: [malloc] Total space held (mmap + non-mmap):         17385792 Byte
20220313 003931.797 INFO             PET0 PIOc_sync Enter - MemInfo: [malloc] Total space used (mmap + non-mmap):         17274448 Byte
20220313 003931.797 INFO             PET0 PIOc_sync Enter - MemInfo: Wall-clock time since execution start:               0.245794 seconds
20220313 003931.798 INFO             PET0 PIOc_sync Exit - MemInfo: [/proc/meminfo - SSI]	MemTotal:       65855856 kB
20220313 003931.798 INFO             PET0 PIOc_sync Exit - MemInfo: [/proc/meminfo - SSI]	MemFree:        61315872 kB
20220313 003931.798 INFO             PET0 PIOc_sync Exit - MemInfo: [/proc/meminfo - SSI]	MemAvailable:   61083948 kB
20220313 003931.798 INFO             PET0 PIOc_sync Exit - MemInfo: [/proc/meminfo - SSI]	Committed_AS:    2781124 kB
20220313 003931.798 INFO             PET0 PIOc_sync Exit - MemInfo: [/proc/meminfo - SSI]	CommittedPercent: 4.22305 %
20220313 003931.798 INFO             PET0 PIOc_sync Exit - MemInfo: [/proc/self/status]	VmPeak:	   70228 kB
20220313 003931.798 INFO             PET0 PIOc_sync Exit - MemInfo: [/proc/self/status]	VmSize:	   70228 kB
20220313 003931.798 INFO             PET0 PIOc_sync Exit - MemInfo: [/proc/self/status]	VmLck:	       0 kB
20220313 003931.798 INFO             PET0 PIOc_sync Exit - MemInfo: [/proc/self/status]	VmPin:	       0 kB
20220313 003931.798 INFO             PET0 PIOc_sync Exit - MemInfo: [/proc/self/status]	VmHWM:	   18912 kB
20220313 003931.798 INFO             PET0 PIOc_sync Exit - MemInfo: [/proc/self/status]	VmRSS:	   15388 kB
20220313 003931.798 INFO             PET0 PIOc_sync Exit - MemInfo: [/proc/self/status]	VmData:	   21232 kB
20220313 003931.798 INFO             PET0 PIOc_sync Exit - MemInfo: [/proc/self/status]	VmStk:	     164 kB
20220313 003931.798 INFO             PET0 PIOc_sync Exit - MemInfo: [/proc/self/status]	VmExe:	   40680 kB
20220313 003931.798 INFO             PET0 PIOc_sync Exit - MemInfo: [/proc/self/status]	VmLib:	    1952 kB
20220313 003931.798 INFO             PET0 PIOc_sync Exit - MemInfo: [/proc/self/status]	VmPTE:	     144 kB
20220313 003931.798 INFO             PET0 PIOc_sync Exit - MemInfo: [/proc/self/status]	VmPMD:	      12 kB
20220313 003931.798 INFO             PET0 PIOc_sync Exit - MemInfo: [/proc/self/status]	VmSwap:	       0 kB
20220313 003931.798 INFO             PET0 PIOc_sync Exit - MemInfo: [/proc/self/status]	VmRSSPercent: 0.0233662 %
20220313 003931.798 INFO             PET0 PIOc_sync Exit - MemInfo: [malloc] Non-mmapped space allocated:                10262848 Byte
20220313 003931.798 INFO             PET0 PIOc_sync Exit - MemInfo: [malloc] Space allocated in mmapped regions:          7122944 Byte
20220313 003931.798 INFO             PET0 PIOc_sync Exit - MemInfo: [malloc] Maximum total allocated space:                     0 Byte
20220313 003931.798 INFO             PET0 PIOc_sync Exit - MemInfo: [malloc] Space in freed fastbin blocks:                    64 Byte
20220313 003931.798 INFO             PET0 PIOc_sync Exit - MemInfo: [malloc] Total allocated space:                      10143744 Byte
20220313 003931.798 INFO             PET0 PIOc_sync Exit - MemInfo: [malloc] Total free space:                             119104 Byte
20220313 003931.798 INFO             PET0 PIOc_sync Exit - MemInfo: [malloc] Top-most, releasable space:                   114240 Byte
20220313 003931.798 INFO             PET0 PIOc_sync Exit - MemInfo: [malloc] Total space in use, mmap + non-mmap:        17266688 Byte
20220313 003931.798 INFO             PET0 PIOc_sync Exit - MemInfo: [malloc] Total space held (mmap + non-mmap):         17385792 Byte
20220313 003931.798 INFO             PET0 PIOc_sync Exit - MemInfo: [malloc] Total space used (mmap + non-mmap):         17275008 Byte
20220313 003931.798 INFO             PET0 PIOc_sync Exit - MemInfo: Wall-clock time since execution start:               0.246207 seconds
20220313 003931.798 INFO             PET0 PIOc_freedecomp Enter - MemInfo: [/proc/meminfo - SSI]	MemTotal:       65855856 kB
20220313 003931.798 INFO             PET0 PIOc_freedecomp Enter - MemInfo: [/proc/meminfo - SSI]	MemFree:        61315872 kB
20220313 003931.798 INFO             PET0 PIOc_freedecomp Enter - MemInfo: [/proc/meminfo - SSI]	MemAvailable:   61083948 kB
20220313 003931.798 INFO             PET0 PIOc_freedecomp Enter - MemInfo: [/proc/meminfo - SSI]	Committed_AS:    2781124 kB
20220313 003931.798 INFO             PET0 PIOc_freedecomp Enter - MemInfo: [/proc/meminfo - SSI]	CommittedPercent: 4.22305 %
20220313 003931.798 INFO             PET0 PIOc_freedecomp Enter - MemInfo: [/proc/self/status]	VmPeak:	   70228 kB
20220313 003931.798 INFO             PET0 PIOc_freedecomp Enter - MemInfo: [/proc/self/status]	VmSize:	   70228 kB
20220313 003931.798 INFO             PET0 PIOc_freedecomp Enter - MemInfo: [/proc/self/status]	VmLck:	       0 kB
20220313 003931.798 INFO             PET0 PIOc_freedecomp Enter - MemInfo: [/proc/self/status]	VmPin:	       0 kB
20220313 003931.798 INFO             PET0 PIOc_freedecomp Enter - MemInfo: [/proc/self/status]	VmHWM:	   18912 kB
20220313 003931.798 INFO             PET0 PIOc_freedecomp Enter - MemInfo: [/proc/self/status]	VmRSS:	   15388 kB
20220313 003931.798 INFO             PET0 PIOc_freedecomp Enter - MemInfo: [/proc/self/status]	VmData:	   21232 kB
20220313 003931.798 INFO             PET0 PIOc_freedecomp Enter - MemInfo: [/proc/self/status]	VmStk:	     164 kB
20220313 003931.798 INFO             PET0 PIOc_freedecomp Enter - MemInfo: [/proc/self/status]	VmExe:	   40680 kB
20220313 003931.798 INFO             PET0 PIOc_freedecomp Enter - MemInfo: [/proc/self/status]	VmLib:	    1952 kB
20220313 003931.798 INFO             PET0 PIOc_freedecomp Enter - MemInfo: [/proc/self/status]	VmPTE:	     144 kB
20220313 003931.798 INFO             PET0 PIOc_freedecomp Enter - MemInfo: [/proc/self/status]	VmPMD:	      12 kB
20220313 003931.798 INFO             PET0 PIOc_freedecomp Enter - MemInfo: [/proc/self/status]	VmSwap:	       0 kB
20220313 003931.798 INFO             PET0 PIOc_freedecomp Enter - MemInfo: [/proc/self/status]	VmRSSPercent: 0.0233662 %
20220313 003931.798 INFO             PET0 PIOc_freedecomp Enter - MemInfo: [malloc] Non-mmapped space allocated:                10262848 Byte
20220313 003931.798 INFO             PET0 PIOc_freedecomp Enter - MemInfo: [malloc] Space allocated in mmapped regions:          7122944 Byte
20220313 003931.798 INFO             PET0 PIOc_freedecomp Enter - MemInfo: [malloc] Maximum total allocated space:                     0 Byte
20220313 003931.798 INFO             PET0 PIOc_freedecomp Enter - MemInfo: [malloc] Space in freed fastbin blocks:                   272 Byte
20220313 003931.798 INFO             PET0 PIOc_freedecomp Enter - MemInfo: [malloc] Total allocated space:                       1217568 Byte
20220313 003931.798 INFO             PET0 PIOc_freedecomp Enter - MemInfo: [malloc] Total free space:                            9045280 Byte
20220313 003931.798 INFO             PET0 PIOc_freedecomp Enter - MemInfo: [malloc] Top-most, releasable space:                   114016 Byte
20220313 003931.798 INFO             PET0 PIOc_freedecomp Enter - MemInfo: [malloc] Total space in use, mmap + non-mmap:         8340512 Byte
20220313 003931.798 INFO             PET0 PIOc_freedecomp Enter - MemInfo: [malloc] Total space held (mmap + non-mmap):         17385792 Byte
20220313 003931.798 INFO             PET0 PIOc_freedecomp Enter - MemInfo: [malloc] Total space used (mmap + non-mmap):          8348720 Byte
20220313 003931.798 INFO             PET0 PIOc_freedecomp Enter - MemInfo: Wall-clock time since execution start:               0.246761 seconds
20220313 003931.798 INFO             PET0 PIOc_freedecomp Exit - MemInfo: [/proc/meminfo - SSI]	MemTotal:       65855856 kB
20220313 003931.798 INFO             PET0 PIOc_freedecomp Exit - MemInfo: [/proc/meminfo - SSI]	MemFree:        61315872 kB
20220313 003931.799 INFO             PET0 PIOc_freedecomp Exit - MemInfo: [/proc/meminfo - SSI]	MemAvailable:   61083948 kB
20220313 003931.799 INFO             PET0 PIOc_freedecomp Exit - MemInfo: [/proc/meminfo - SSI]	Committed_AS:    2781124 kB
20220313 003931.799 INFO             PET0 PIOc_freedecomp Exit - MemInfo: [/proc/meminfo - SSI]	CommittedPercent: 4.22305 %
20220313 003931.799 INFO             PET0 PIOc_freedecomp Exit - MemInfo: [/proc/self/status]	VmPeak:	   70228 kB
20220313 003931.799 INFO             PET0 PIOc_freedecomp Exit - MemInfo: [/proc/self/status]	VmSize:	   70228 kB
20220313 003931.799 INFO             PET0 PIOc_freedecomp Exit - MemInfo: [/proc/self/status]	VmLck:	       0 kB
20220313 003931.799 INFO             PET0 PIOc_freedecomp Exit - MemInfo: [/proc/self/status]	VmPin:	       0 kB
20220313 003931.799 INFO             PET0 PIOc_freedecomp Exit - MemInfo: [/proc/self/status]	VmHWM:	   18912 kB
20220313 003931.799 INFO             PET0 PIOc_freedecomp Exit - MemInfo: [/proc/self/status]	VmRSS:	   15388 kB
20220313 003931.799 INFO             PET0 PIOc_freedecomp Exit - MemInfo: [/proc/self/status]	VmData:	   21232 kB
20220313 003931.799 INFO             PET0 PIOc_freedecomp Exit - MemInfo: [/proc/self/status]	VmStk:	     164 kB
20220313 003931.799 INFO             PET0 PIOc_freedecomp Exit - MemInfo: [/proc/self/status]	VmExe:	   40680 kB
20220313 003931.799 INFO             PET0 PIOc_freedecomp Exit - MemInfo: [/proc/self/status]	VmLib:	    1952 kB
20220313 003931.799 INFO             PET0 PIOc_freedecomp Exit - MemInfo: [/proc/self/status]	VmPTE:	     144 kB
20220313 003931.799 INFO             PET0 PIOc_freedecomp Exit - MemInfo: [/proc/self/status]	VmPMD:	      12 kB
20220313 003931.799 INFO             PET0 PIOc_freedecomp Exit - MemInfo: [/proc/self/status]	VmSwap:	       0 kB
20220313 003931.799 INFO             PET0 PIOc_freedecomp Exit - MemInfo: [/proc/self/status]	VmRSSPercent: 0.0233662 %
20220313 003931.799 INFO             PET0 PIOc_freedecomp Exit - MemInfo: [malloc] Non-mmapped space allocated:                10262848 Byte
20220313 003931.799 INFO             PET0 PIOc_freedecomp Exit - MemInfo: [malloc] Space allocated in mmapped regions:          7122944 Byte
20220313 003931.799 INFO             PET0 PIOc_freedecomp Exit - MemInfo: [malloc] Maximum total allocated space:                     0 Byte
20220313 003931.799 INFO             PET0 PIOc_freedecomp Exit - MemInfo: [malloc] Space in freed fastbin blocks:                   912 Byte
20220313 003931.799 INFO             PET0 PIOc_freedecomp Exit - MemInfo: [malloc] Total allocated space:                       1216656 Byte
20220313 003931.799 INFO             PET0 PIOc_freedecomp Exit - MemInfo: [malloc] Total free space:                            9046192 Byte
20220313 003931.799 INFO             PET0 PIOc_freedecomp Exit - MemInfo: [malloc] Top-most, releasable space:                   124736 Byte
20220313 003931.799 INFO             PET0 PIOc_freedecomp Exit - MemInfo: [malloc] Total space in use, mmap + non-mmap:         8339600 Byte
20220313 003931.799 INFO             PET0 PIOc_freedecomp Exit - MemInfo: [malloc] Total space held (mmap + non-mmap):         17385792 Byte
20220313 003931.799 INFO             PET0 PIOc_freedecomp Exit - MemInfo: [malloc] Total space used (mmap + non-mmap):          8347808 Byte
20220313 003931.799 INFO             PET0 PIOc_freedecomp Exit - MemInfo: Wall-clock time since execution start:               0.247223 seconds
20220313 003931.800 INFO             PET0 PASS Execute ESMC_RouteHandlePrint(), ESMC_FieldGridRegridCsrvUTest.C, line 526
20220313 003931.800 INFO             PET0 PASS Release an ESMC_RouteHandle via ESMC_FieldRegridRelease(), ESMC_FieldGridRegridCsrvUTest.C, line 534
20220313 003931.801 INFO             PET0 PASS Execute ESMC_FieldRegridGetArea() - source, ESMC_FieldGridRegridCsrvUTest.C, line 584
20220313 003931.802 INFO             PET0 PASS Execute ESMC_FieldRegridGetArea() - destination, ESMC_FieldGridRegridCsrvUTest.C, line 606
20220313 003931.802 INFO             PET0 PASS Regridding Validation, ESMC_FieldGridRegridCsrvUTest.C, line 671
20220313 003931.802 INFO             PET0 PASS Destroy ESMC_Field object, ESMC_FieldGridRegridCsrvUTest.C, line 685
20220313 003931.802 INFO             PET0 PASS Destroy ESMC_Field object, ESMC_FieldGridRegridCsrvUTest.C, line 693
20220313 003931.802 INFO             PET0 PASS Destroy ESMC_Grid object, ESMC_FieldGridRegridCsrvUTest.C, line 701
20220313 003931.802 INFO             PET0 PASS Destroy ESMC_Mesh object, ESMC_FieldGridRegridCsrvUTest.C, line 709
20220313 003931.802 INFO             PET0 Ending Test, file ESMC_FieldGridRegridCsrvUTest.C, line 714
20220313 003931.802 INFO             PET0 Finalizing ESMF
