build time -- 2022-03-11 23:43:27
20220312 003451.622 INFO             PET0 !!!!!!!!!!!!!!!!!!!!!!!!!!!!!!!!!!!!!!!!!!!!!!!!!!!!!!
20220312 003451.622 INFO             PET0 !!! THE ESMF_LOG IS SET TO OUTPUT ALL LOG MESSAGES !!!
20220312 003451.622 INFO             PET0 !!!     THIS MAY CAUSE SLOWDOWN IN PERFORMANCE     !!!
20220312 003451.622 INFO             PET0 !!! FOR PRODUCTION RUNS, USE:                      !!!
20220312 003451.622 INFO             PET0 !!!                   ESMF_LOGKIND_Multi_On_Error  !!!
20220312 003451.622 INFO             PET0 !!!!!!!!!!!!!!!!!!!!!!!!!!!!!!!!!!!!!!!!!!!!!!!!!!!!!!
20220312 003451.622 INFO             PET0 Running with ESMF Version   : v8.3.0b09-96-g559b459836
20220312 003451.622 INFO             PET0 ESMF library build date/time: "Mar 11 2022" "23:41:41"
20220312 003451.622 INFO             PET0 ESMF library build location : /lustre/f2/dev/ncep/Mark.Potts/gfortran_8.3.0_mpi_g_jedwards_pio_update2
20220312 003451.622 INFO             PET0 ESMF_COMM                   : mpi
20220312 003451.623 INFO             PET0 ESMF_MOAB                   : enabled
20220312 003451.623 INFO             PET0 ESMF_LAPACK                 : enabled
20220312 003451.623 INFO             PET0 ESMF_NETCDF                 : enabled
20220312 003451.623 INFO             PET0 ESMF_PNETCDF                : disabled
20220312 003451.623 INFO             PET0 ESMF_PIO                    : enabled
20220312 003451.623 INFO             PET0 ESMF_YAMLCPP                : enabled
20220312 003451.625 INFO             PET0 Beginning Test, file ESMC_FieldRegridUTest.C, line 68
20220312 003451.625 INFO             PET0 Beginning Test, file ESMC_FieldRegridUTest.C, line 68NUMBER_OF_PROCESSORS 1
20220312 003451.632 INFO             PET0 PASS MeshCreate, ESMC_FieldRegridUTest.C, line 125
20220312 003451.633 INFO             PET0 PASS MeshAddNodes, ESMC_FieldRegridUTest.C, line 133
20220312 003451.641 INFO             PET0 PASS MeshAddElements, ESMC_FieldRegridUTest.C, line 142
20220312 003451.641 INFO             PET0 PASS MeshGetLocalNodeCount, ESMC_FieldRegridUTest.C, line 152
20220312 003451.641 INFO             PET0 PASS MeshGetLocalElementCount, ESMC_FieldRegridUTest.C, line 163
20220312 003451.641 INFO             PET0 PASS MeshCreate, ESMC_FieldRegridUTest.C, line 231
20220312 003451.641 INFO             PET0 PASS MeshAddNodes, ESMC_FieldRegridUTest.C, line 239
20220312 003451.641 INFO             PET0 PASS MeshAddElements, ESMC_FieldRegridUTest.C, line 248
20220312 003451.641 INFO             PET0 PASS MeshGetLocalNodeCount, ESMC_FieldRegridUTest.C, line 258
20220312 003451.641 INFO             PET0 PASS MeshGetLocalElementCount, ESMC_FieldRegridUTest.C, line 269
20220312 003451.773 INFO             PET0 PASS Create ESMC_Field object, ESMC_FieldRegridUTest.C, line 284
20220312 003451.773 INFO             PET0 PASS Create ESMC_Field object, ESMC_FieldRegridUTest.C, line 293
20220312 003451.781 INFO             PET0 PASS Get a void * C pointer to data from ESMC_Field object, ESMC_FieldRegridUTest.C, line 306
20220312 003451.781 INFO             PET0 PASS Get a void * C pointer to data from ESMC_Field object, ESMC_FieldRegridUTest.C, line 325
20220312 003451.781 INFO             PET0 PASS Create an InterArray for maskValues in ESMC_FieldRegridStore(), ESMC_FieldRegridUTest.C, line 343
20220312 003452.068 INFO             PET0 PIOc_sync Enter - MemInfo: [/proc/meminfo - SSI]	MemTotal:       65855856 kB
20220312 003452.068 INFO             PET0 PIOc_sync Enter - MemInfo: [/proc/meminfo - SSI]	MemFree:        61302284 kB
20220312 003452.068 INFO             PET0 PIOc_sync Enter - MemInfo: [/proc/meminfo - SSI]	MemAvailable:   61090192 kB
20220312 003452.068 INFO             PET0 PIOc_sync Enter - MemInfo: [/proc/meminfo - SSI]	Committed_AS:    2770140 kB
20220312 003452.068 INFO             PET0 PIOc_sync Enter - MemInfo: [/proc/meminfo - SSI]	CommittedPercent: 4.20637 %
20220312 003452.068 INFO             PET0 PIOc_sync Enter - MemInfo: [/proc/self/status]	VmPeak:	   70368 kB
20220312 003452.068 INFO             PET0 PIOc_sync Enter - MemInfo: [/proc/self/status]	VmSize:	   70368 kB
20220312 003452.068 INFO             PET0 PIOc_sync Enter - MemInfo: [/proc/self/status]	VmLck:	       0 kB
20220312 003452.068 INFO             PET0 PIOc_sync Enter - MemInfo: [/proc/self/status]	VmPin:	       0 kB
20220312 003452.068 INFO             PET0 PIOc_sync Enter - MemInfo: [/proc/self/status]	VmHWM:	   21492 kB
20220312 003452.068 INFO             PET0 PIOc_sync Enter - MemInfo: [/proc/self/status]	VmRSS:	   21492 kB
20220312 003452.068 INFO             PET0 PIOc_sync Enter - MemInfo: [/proc/self/status]	VmData:	   21368 kB
20220312 003452.068 INFO             PET0 PIOc_sync Enter - MemInfo: [/proc/self/status]	VmStk:	     164 kB
20220312 003452.068 INFO             PET0 PIOc_sync Enter - MemInfo: [/proc/self/status]	VmExe:	   40684 kB
20220312 003452.068 INFO             PET0 PIOc_sync Enter - MemInfo: [/proc/self/status]	VmLib:	    1952 kB
20220312 003452.068 INFO             PET0 PIOc_sync Enter - MemInfo: [/proc/self/status]	VmPTE:	     148 kB
20220312 003452.068 INFO             PET0 PIOc_sync Enter - MemInfo: [/proc/self/status]	VmPMD:	      12 kB
20220312 003452.068 INFO             PET0 PIOc_sync Enter - MemInfo: [/proc/self/status]	VmSwap:	       0 kB
20220312 003452.068 INFO             PET0 PIOc_sync Enter - MemInfo: [/proc/self/status]	VmRSSPercent: 0.0326349 %
20220312 003452.068 INFO             PET0 PIOc_sync Enter - MemInfo: [malloc] Non-mmapped space allocated:                 1296704 Byte
20220312 003452.068 INFO             PET0 PIOc_sync Enter - MemInfo: [malloc] Space allocated in mmapped regions:         16228352 Byte
20220312 003452.069 INFO             PET0 PIOc_sync Enter - MemInfo: [malloc] Maximum total allocated space:                     0 Byte
20220312 003452.069 INFO             PET0 PIOc_sync Enter - MemInfo: [malloc] Space in freed fastbin blocks:                     0 Byte
20220312 003452.069 INFO             PET0 PIOc_sync Enter - MemInfo: [malloc] Total allocated space:                       1131184 Byte
20220312 003452.069 INFO             PET0 PIOc_sync Enter - MemInfo: [malloc] Total free space:                             165520 Byte
20220312 003452.069 INFO             PET0 PIOc_sync Enter - MemInfo: [malloc] Top-most, releasable space:                   165520 Byte
20220312 003452.069 INFO             PET0 PIOc_sync Enter - MemInfo: [malloc] Total space in use, mmap + non-mmap:        17359536 Byte
20220312 003452.069 INFO             PET0 PIOc_sync Enter - MemInfo: [malloc] Total space held (mmap + non-mmap):         17525056 Byte
20220312 003452.069 INFO             PET0 PIOc_sync Enter - MemInfo: [malloc] Total space used (mmap + non-mmap):         17369456 Byte
20220312 003452.069 INFO             PET0 PIOc_sync Enter - MemInfo: Wall-clock time since execution start:               0.468104 seconds
20220312 003452.074 INFO             PET0 PIOc_sync Exit - MemInfo: [/proc/meminfo - SSI]	MemTotal:       65855856 kB
20220312 003452.074 INFO             PET0 PIOc_sync Exit - MemInfo: [/proc/meminfo - SSI]	MemFree:        61302284 kB
20220312 003452.074 INFO             PET0 PIOc_sync Exit - MemInfo: [/proc/meminfo - SSI]	MemAvailable:   61090192 kB
20220312 003452.074 INFO             PET0 PIOc_sync Exit - MemInfo: [/proc/meminfo - SSI]	Committed_AS:    2770140 kB
20220312 003452.074 INFO             PET0 PIOc_sync Exit - MemInfo: [/proc/meminfo - SSI]	CommittedPercent: 4.20637 %
20220312 003452.074 INFO             PET0 PIOc_sync Exit - MemInfo: [/proc/self/status]	VmPeak:	   70724 kB
20220312 003452.074 INFO             PET0 PIOc_sync Exit - MemInfo: [/proc/self/status]	VmSize:	   70724 kB
20220312 003452.074 INFO             PET0 PIOc_sync Exit - MemInfo: [/proc/self/status]	VmLck:	       0 kB
20220312 003452.074 INFO             PET0 PIOc_sync Exit - MemInfo: [/proc/self/status]	VmPin:	       0 kB
20220312 003452.074 INFO             PET0 PIOc_sync Exit - MemInfo: [/proc/self/status]	VmHWM:	   22020 kB
20220312 003452.074 INFO             PET0 PIOc_sync Exit - MemInfo: [/proc/self/status]	VmRSS:	   22020 kB
20220312 003452.074 INFO             PET0 PIOc_sync Exit - MemInfo: [/proc/self/status]	VmData:	   21724 kB
20220312 003452.074 INFO             PET0 PIOc_sync Exit - MemInfo: [/proc/self/status]	VmStk:	     164 kB
20220312 003452.074 INFO             PET0 PIOc_sync Exit - MemInfo: [/proc/self/status]	VmExe:	   40684 kB
20220312 003452.074 INFO             PET0 PIOc_sync Exit - MemInfo: [/proc/self/status]	VmLib:	    1952 kB
20220312 003452.074 INFO             PET0 PIOc_sync Exit - MemInfo: [/proc/self/status]	VmPTE:	     152 kB
20220312 003452.074 INFO             PET0 PIOc_sync Exit - MemInfo: [/proc/self/status]	VmPMD:	      12 kB
20220312 003452.074 INFO             PET0 PIOc_sync Exit - MemInfo: [/proc/self/status]	VmSwap:	       0 kB
20220312 003452.074 INFO             PET0 PIOc_sync Exit - MemInfo: [/proc/self/status]	VmRSSPercent: 0.0334367 %
20220312 003452.074 INFO             PET0 PIOc_sync Exit - MemInfo: [malloc] Non-mmapped space allocated:                 1661248 Byte
20220312 003452.074 INFO             PET0 PIOc_sync Exit - MemInfo: [malloc] Space allocated in mmapped regions:         16228352 Byte
20220312 003452.074 INFO             PET0 PIOc_sync Exit - MemInfo: [malloc] Maximum total allocated space:                     0 Byte
20220312 003452.074 INFO             PET0 PIOc_sync Exit - MemInfo: [malloc] Space in freed fastbin blocks:                     0 Byte
20220312 003452.074 INFO             PET0 PIOc_sync Exit - MemInfo: [malloc] Total allocated space:                       1527536 Byte
20220312 003452.074 INFO             PET0 PIOc_sync Exit - MemInfo: [malloc] Total free space:                             133712 Byte
20220312 003452.074 INFO             PET0 PIOc_sync Exit - MemInfo: [malloc] Top-most, releasable space:                   133712 Byte
20220312 003452.074 INFO             PET0 PIOc_sync Exit - MemInfo: [malloc] Total space in use, mmap + non-mmap:        17755888 Byte
20220312 003452.074 INFO             PET0 PIOc_sync Exit - MemInfo: [malloc] Total space held (mmap + non-mmap):         17889600 Byte
20220312 003452.074 INFO             PET0 PIOc_sync Exit - MemInfo: [malloc] Total space used (mmap + non-mmap):         17764576 Byte
20220312 003452.074 INFO             PET0 PIOc_sync Exit - MemInfo: Wall-clock time since execution start:               0.473317 seconds
20220312 003452.074 INFO             PET0 PIOc_freedecomp Enter - MemInfo: [/proc/meminfo - SSI]	MemTotal:       65855856 kB
20220312 003452.074 INFO             PET0 PIOc_freedecomp Enter - MemInfo: [/proc/meminfo - SSI]	MemFree:        61308836 kB
20220312 003452.075 INFO             PET0 PIOc_freedecomp Enter - MemInfo: [/proc/meminfo - SSI]	MemAvailable:   61096744 kB
20220312 003452.075 INFO             PET0 PIOc_freedecomp Enter - MemInfo: [/proc/meminfo - SSI]	Committed_AS:    2762300 kB
20220312 003452.075 INFO             PET0 PIOc_freedecomp Enter - MemInfo: [/proc/meminfo - SSI]	CommittedPercent: 4.19446 %
20220312 003452.075 INFO             PET0 PIOc_freedecomp Enter - MemInfo: [/proc/self/status]	VmPeak:	   70724 kB
20220312 003452.075 INFO             PET0 PIOc_freedecomp Enter - MemInfo: [/proc/self/status]	VmSize:	   62012 kB
20220312 003452.075 INFO             PET0 PIOc_freedecomp Enter - MemInfo: [/proc/self/status]	VmLck:	       0 kB
20220312 003452.075 INFO             PET0 PIOc_freedecomp Enter - MemInfo: [/proc/self/status]	VmPin:	       0 kB
20220312 003452.075 INFO             PET0 PIOc_freedecomp Enter - MemInfo: [/proc/self/status]	VmHWM:	   22020 kB
20220312 003452.075 INFO             PET0 PIOc_freedecomp Enter - MemInfo: [/proc/self/status]	VmRSS:	   13908 kB
20220312 003452.075 INFO             PET0 PIOc_freedecomp Enter - MemInfo: [/proc/self/status]	VmData:	   13012 kB
20220312 003452.075 INFO             PET0 PIOc_freedecomp Enter - MemInfo: [/proc/self/status]	VmStk:	     164 kB
20220312 003452.075 INFO             PET0 PIOc_freedecomp Enter - MemInfo: [/proc/self/status]	VmExe:	   40684 kB
20220312 003452.075 INFO             PET0 PIOc_freedecomp Enter - MemInfo: [/proc/self/status]	VmLib:	    1952 kB
20220312 003452.075 INFO             PET0 PIOc_freedecomp Enter - MemInfo: [/proc/self/status]	VmPTE:	     136 kB
20220312 003452.075 INFO             PET0 PIOc_freedecomp Enter - MemInfo: [/proc/self/status]	VmPMD:	      12 kB
20220312 003452.075 INFO             PET0 PIOc_freedecomp Enter - MemInfo: [/proc/self/status]	VmSwap:	       0 kB
20220312 003452.075 INFO             PET0 PIOc_freedecomp Enter - MemInfo: [/proc/self/status]	VmRSSPercent: 0.0211189 %
20220312 003452.075 INFO             PET0 PIOc_freedecomp Enter - MemInfo: [malloc] Non-mmapped space allocated:                 1661248 Byte
20220312 003452.075 INFO             PET0 PIOc_freedecomp Enter - MemInfo: [malloc] Space allocated in mmapped regions:          7307264 Byte
20220312 003452.075 INFO             PET0 PIOc_freedecomp Enter - MemInfo: [malloc] Maximum total allocated space:                     0 Byte
20220312 003452.075 INFO             PET0 PIOc_freedecomp Enter - MemInfo: [malloc] Space in freed fastbin blocks:                   240 Byte
20220312 003452.075 INFO             PET0 PIOc_freedecomp Enter - MemInfo: [malloc] Total allocated space:                       1517328 Byte
20220312 003452.075 INFO             PET0 PIOc_freedecomp Enter - MemInfo: [malloc] Total free space:                             143920 Byte
20220312 003452.075 INFO             PET0 PIOc_freedecomp Enter - MemInfo: [malloc] Top-most, releasable space:                   133008 Byte
20220312 003452.075 INFO             PET0 PIOc_freedecomp Enter - MemInfo: [malloc] Total space in use, mmap + non-mmap:         8824592 Byte
20220312 003452.075 INFO             PET0 PIOc_freedecomp Enter - MemInfo: [malloc] Total space held (mmap + non-mmap):          8968512 Byte
20220312 003452.075 INFO             PET0 PIOc_freedecomp Enter - MemInfo: [malloc] Total space used (mmap + non-mmap):          8833136 Byte
20220312 003452.075 INFO             PET0 PIOc_freedecomp Enter - MemInfo: Wall-clock time since execution start:               0.474188 seconds
20220312 003452.075 INFO             PET0 PIOc_freedecomp Exit - MemInfo: [/proc/meminfo - SSI]	MemTotal:       65855856 kB
20220312 003452.075 INFO             PET0 PIOc_freedecomp Exit - MemInfo: [/proc/meminfo - SSI]	MemFree:        61308836 kB
20220312 003452.075 INFO             PET0 PIOc_freedecomp Exit - MemInfo: [/proc/meminfo - SSI]	MemAvailable:   61096744 kB
20220312 003452.075 INFO             PET0 PIOc_freedecomp Exit - MemInfo: [/proc/meminfo - SSI]	Committed_AS:    2762300 kB
20220312 003452.075 INFO             PET0 PIOc_freedecomp Exit - MemInfo: [/proc/meminfo - SSI]	CommittedPercent: 4.19446 %
20220312 003452.075 INFO             PET0 PIOc_freedecomp Exit - MemInfo: [/proc/self/status]	VmPeak:	   70724 kB
20220312 003452.075 INFO             PET0 PIOc_freedecomp Exit - MemInfo: [/proc/self/status]	VmSize:	   62012 kB
20220312 003452.075 INFO             PET0 PIOc_freedecomp Exit - MemInfo: [/proc/self/status]	VmLck:	       0 kB
20220312 003452.075 INFO             PET0 PIOc_freedecomp Exit - MemInfo: [/proc/self/status]	VmPin:	       0 kB
20220312 003452.075 INFO             PET0 PIOc_freedecomp Exit - MemInfo: [/proc/self/status]	VmHWM:	   22020 kB
20220312 003452.075 INFO             PET0 PIOc_freedecomp Exit - MemInfo: [/proc/self/status]	VmRSS:	   13908 kB
20220312 003452.075 INFO             PET0 PIOc_freedecomp Exit - MemInfo: [/proc/self/status]	VmData:	   13012 kB
20220312 003452.075 INFO             PET0 PIOc_freedecomp Exit - MemInfo: [/proc/self/status]	VmStk:	     164 kB
20220312 003452.075 INFO             PET0 PIOc_freedecomp Exit - MemInfo: [/proc/self/status]	VmExe:	   40684 kB
20220312 003452.075 INFO             PET0 PIOc_freedecomp Exit - MemInfo: [/proc/self/status]	VmLib:	    1952 kB
20220312 003452.075 INFO             PET0 PIOc_freedecomp Exit - MemInfo: [/proc/self/status]	VmPTE:	     136 kB
20220312 003452.075 INFO             PET0 PIOc_freedecomp Exit - MemInfo: [/proc/self/status]	VmPMD:	      12 kB
20220312 003452.075 INFO             PET0 PIOc_freedecomp Exit - MemInfo: [/proc/self/status]	VmSwap:	       0 kB
20220312 003452.075 INFO             PET0 PIOc_freedecomp Exit - MemInfo: [/proc/self/status]	VmRSSPercent: 0.0211189 %
20220312 003452.075 INFO             PET0 PIOc_freedecomp Exit - MemInfo: [malloc] Non-mmapped space allocated:                 1661248 Byte
20220312 003452.075 INFO             PET0 PIOc_freedecomp Exit - MemInfo: [malloc] Space allocated in mmapped regions:          7307264 Byte
20220312 003452.075 INFO             PET0 PIOc_freedecomp Exit - MemInfo: [malloc] Maximum total allocated space:                     0 Byte
20220312 003452.075 INFO             PET0 PIOc_freedecomp Exit - MemInfo: [malloc] Space in freed fastbin blocks:                   656 Byte
20220312 003452.075 INFO             PET0 PIOc_freedecomp Exit - MemInfo: [malloc] Total allocated space:                       1515648 Byte
20220312 003452.075 INFO             PET0 PIOc_freedecomp Exit - MemInfo: [malloc] Total free space:                             145600 Byte
20220312 003452.075 INFO             PET0 PIOc_freedecomp Exit - MemInfo: [malloc] Top-most, releasable space:                   133008 Byte
20220312 003452.075 INFO             PET0 PIOc_freedecomp Exit - MemInfo: [malloc] Total space in use, mmap + non-mmap:         8822912 Byte
20220312 003452.075 INFO             PET0 PIOc_freedecomp Exit - MemInfo: [malloc] Total space held (mmap + non-mmap):          8968512 Byte
20220312 003452.075 INFO             PET0 PIOc_freedecomp Exit - MemInfo: [malloc] Total space used (mmap + non-mmap):          8831568 Byte
20220312 003452.075 INFO             PET0 PIOc_freedecomp Exit - MemInfo: Wall-clock time since execution start:               0.474652 seconds
20220312 003452.078 INFO             PET0 PIOc_sync Enter - MemInfo: [/proc/meminfo - SSI]	MemTotal:       65855856 kB
20220312 003452.078 INFO             PET0 PIOc_sync Enter - MemInfo: [/proc/meminfo - SSI]	MemFree:        61305812 kB
20220312 003452.078 INFO             PET0 PIOc_sync Enter - MemInfo: [/proc/meminfo - SSI]	MemAvailable:   61093720 kB
20220312 003452.078 INFO             PET0 PIOc_sync Enter - MemInfo: [/proc/meminfo - SSI]	Committed_AS:    2770488 kB
20220312 003452.078 INFO             PET0 PIOc_sync Enter - MemInfo: [/proc/meminfo - SSI]	CommittedPercent: 4.2069 %
20220312 003452.079 INFO             PET0 PIOc_sync Enter - MemInfo: [/proc/self/status]	VmPeak:	   70724 kB
20220312 003452.079 INFO             PET0 PIOc_sync Enter - MemInfo: [/proc/self/status]	VmSize:	   70716 kB
20220312 003452.079 INFO             PET0 PIOc_sync Enter - MemInfo: [/proc/self/status]	VmLck:	       0 kB
20220312 003452.079 INFO             PET0 PIOc_sync Enter - MemInfo: [/proc/self/status]	VmPin:	       0 kB
20220312 003452.079 INFO             PET0 PIOc_sync Enter - MemInfo: [/proc/self/status]	VmHWM:	   22020 kB
20220312 003452.079 INFO             PET0 PIOc_sync Enter - MemInfo: [/proc/self/status]	VmRSS:	   18128 kB
20220312 003452.079 INFO             PET0 PIOc_sync Enter - MemInfo: [/proc/self/status]	VmData:	   21716 kB
20220312 003452.079 INFO             PET0 PIOc_sync Enter - MemInfo: [/proc/self/status]	VmStk:	     164 kB
20220312 003452.079 INFO             PET0 PIOc_sync Enter - MemInfo: [/proc/self/status]	VmExe:	   40684 kB
20220312 003452.079 INFO             PET0 PIOc_sync Enter - MemInfo: [/proc/self/status]	VmLib:	    1952 kB
20220312 003452.079 INFO             PET0 PIOc_sync Enter - MemInfo: [/proc/self/status]	VmPTE:	     148 kB
20220312 003452.079 INFO             PET0 PIOc_sync Enter - MemInfo: [/proc/self/status]	VmPMD:	      12 kB
20220312 003452.079 INFO             PET0 PIOc_sync Enter - MemInfo: [/proc/self/status]	VmSwap:	       0 kB
20220312 003452.079 INFO             PET0 PIOc_sync Enter - MemInfo: [/proc/self/status]	VmRSSPercent: 0.0275268 %
20220312 003452.079 INFO             PET0 PIOc_sync Enter - MemInfo: [malloc] Non-mmapped space allocated:                10574144 Byte
20220312 003452.079 INFO             PET0 PIOc_sync Enter - MemInfo: [malloc] Space allocated in mmapped regions:          7307264 Byte
20220312 003452.079 INFO             PET0 PIOc_sync Enter - MemInfo: [malloc] Maximum total allocated space:                     0 Byte
20220312 003452.079 INFO             PET0 PIOc_sync Enter - MemInfo: [malloc] Space in freed fastbin blocks:                    64 Byte
20220312 003452.079 INFO             PET0 PIOc_sync Enter - MemInfo: [malloc] Total allocated space:                      10445280 Byte
20220312 003452.079 INFO             PET0 PIOc_sync Enter - MemInfo: [malloc] Total free space:                             128864 Byte
20220312 003452.079 INFO             PET0 PIOc_sync Enter - MemInfo: [malloc] Top-most, releasable space:                   127728 Byte
20220312 003452.079 INFO             PET0 PIOc_sync Enter - MemInfo: [malloc] Total space in use, mmap + non-mmap:        17752544 Byte
20220312 003452.079 INFO             PET0 PIOc_sync Enter - MemInfo: [malloc] Total space held (mmap + non-mmap):         17881408 Byte
20220312 003452.079 INFO             PET0 PIOc_sync Enter - MemInfo: [malloc] Total space used (mmap + non-mmap):         17761200 Byte
20220312 003452.079 INFO             PET0 PIOc_sync Enter - MemInfo: Wall-clock time since execution start:                 0.4781 seconds
20220312 003452.079 INFO             PET0 PIOc_sync Exit - MemInfo: [/proc/meminfo - SSI]	MemTotal:       65855856 kB
20220312 003452.079 INFO             PET0 PIOc_sync Exit - MemInfo: [/proc/meminfo - SSI]	MemFree:        61305812 kB
20220312 003452.079 INFO             PET0 PIOc_sync Exit - MemInfo: [/proc/meminfo - SSI]	MemAvailable:   61093720 kB
20220312 003452.079 INFO             PET0 PIOc_sync Exit - MemInfo: [/proc/meminfo - SSI]	Committed_AS:    2770488 kB
20220312 003452.079 INFO             PET0 PIOc_sync Exit - MemInfo: [/proc/meminfo - SSI]	CommittedPercent: 4.2069 %
20220312 003452.079 INFO             PET0 PIOc_sync Exit - MemInfo: [/proc/self/status]	VmPeak:	   70724 kB
20220312 003452.080 INFO             PET0 PIOc_sync Exit - MemInfo: [/proc/self/status]	VmSize:	   70716 kB
20220312 003452.080 INFO             PET0 PIOc_sync Exit - MemInfo: [/proc/self/status]	VmLck:	       0 kB
20220312 003452.080 INFO             PET0 PIOc_sync Exit - MemInfo: [/proc/self/status]	VmPin:	       0 kB
20220312 003452.080 INFO             PET0 PIOc_sync Exit - MemInfo: [/proc/self/status]	VmHWM:	   22020 kB
20220312 003452.080 INFO             PET0 PIOc_sync Exit - MemInfo: [/proc/self/status]	VmRSS:	   18128 kB
20220312 003452.080 INFO             PET0 PIOc_sync Exit - MemInfo: [/proc/self/status]	VmData:	   21716 kB
20220312 003452.080 INFO             PET0 PIOc_sync Exit - MemInfo: [/proc/self/status]	VmStk:	     164 kB
20220312 003452.080 INFO             PET0 PIOc_sync Exit - MemInfo: [/proc/self/status]	VmExe:	   40684 kB
20220312 003452.080 INFO             PET0 PIOc_sync Exit - MemInfo: [/proc/self/status]	VmLib:	    1952 kB
20220312 003452.080 INFO             PET0 PIOc_sync Exit - MemInfo: [/proc/self/status]	VmPTE:	     148 kB
20220312 003452.080 INFO             PET0 PIOc_sync Exit - MemInfo: [/proc/self/status]	VmPMD:	      12 kB
20220312 003452.080 INFO             PET0 PIOc_sync Exit - MemInfo: [/proc/self/status]	VmSwap:	       0 kB
20220312 003452.080 INFO             PET0 PIOc_sync Exit - MemInfo: [/proc/self/status]	VmRSSPercent: 0.0275268 %
20220312 003452.080 INFO             PET0 PIOc_sync Exit - MemInfo: [malloc] Non-mmapped space allocated:                10574144 Byte
20220312 003452.080 INFO             PET0 PIOc_sync Exit - MemInfo: [malloc] Space allocated in mmapped regions:          7307264 Byte
20220312 003452.080 INFO             PET0 PIOc_sync Exit - MemInfo: [malloc] Maximum total allocated space:                     0 Byte
20220312 003452.080 INFO             PET0 PIOc_sync Exit - MemInfo: [malloc] Space in freed fastbin blocks:                     0 Byte
20220312 003452.080 INFO             PET0 PIOc_sync Exit - MemInfo: [malloc] Total allocated space:                      10446464 Byte
20220312 003452.080 INFO             PET0 PIOc_sync Exit - MemInfo: [malloc] Total free space:                             127680 Byte
20220312 003452.080 INFO             PET0 PIOc_sync Exit - MemInfo: [malloc] Top-most, releasable space:                   127504 Byte
20220312 003452.080 INFO             PET0 PIOc_sync Exit - MemInfo: [malloc] Total space in use, mmap + non-mmap:        17753728 Byte
20220312 003452.080 INFO             PET0 PIOc_sync Exit - MemInfo: [malloc] Total space held (mmap + non-mmap):         17881408 Byte
20220312 003452.080 INFO             PET0 PIOc_sync Exit - MemInfo: [malloc] Total space used (mmap + non-mmap):         17762160 Byte
20220312 003452.080 INFO             PET0 PIOc_sync Exit - MemInfo: Wall-clock time since execution start:                0.47904 seconds
20220312 003452.080 INFO             PET0 PIOc_freedecomp Enter - MemInfo: [/proc/meminfo - SSI]	MemTotal:       65855856 kB
20220312 003452.080 INFO             PET0 PIOc_freedecomp Enter - MemInfo: [/proc/meminfo - SSI]	MemFree:        61305812 kB
20220312 003452.080 INFO             PET0 PIOc_freedecomp Enter - MemInfo: [/proc/meminfo - SSI]	MemAvailable:   61093720 kB
20220312 003452.080 INFO             PET0 PIOc_freedecomp Enter - MemInfo: [/proc/meminfo - SSI]	Committed_AS:    2770488 kB
20220312 003452.080 INFO             PET0 PIOc_freedecomp Enter - MemInfo: [/proc/meminfo - SSI]	CommittedPercent: 4.2069 %
20220312 003452.080 INFO             PET0 PIOc_freedecomp Enter - MemInfo: [/proc/self/status]	VmPeak:	   70724 kB
20220312 003452.080 INFO             PET0 PIOc_freedecomp Enter - MemInfo: [/proc/self/status]	VmSize:	   70716 kB
20220312 003452.080 INFO             PET0 PIOc_freedecomp Enter - MemInfo: [/proc/self/status]	VmLck:	       0 kB
20220312 003452.080 INFO             PET0 PIOc_freedecomp Enter - MemInfo: [/proc/self/status]	VmPin:	       0 kB
20220312 003452.080 INFO             PET0 PIOc_freedecomp Enter - MemInfo: [/proc/self/status]	VmHWM:	   22020 kB
20220312 003452.080 INFO             PET0 PIOc_freedecomp Enter - MemInfo: [/proc/self/status]	VmRSS:	   18128 kB
20220312 003452.080 INFO             PET0 PIOc_freedecomp Enter - MemInfo: [/proc/self/status]	VmData:	   21716 kB
20220312 003452.080 INFO             PET0 PIOc_freedecomp Enter - MemInfo: [/proc/self/status]	VmStk:	     164 kB
20220312 003452.080 INFO             PET0 PIOc_freedecomp Enter - MemInfo: [/proc/self/status]	VmExe:	   40684 kB
20220312 003452.080 INFO             PET0 PIOc_freedecomp Enter - MemInfo: [/proc/self/status]	VmLib:	    1952 kB
20220312 003452.080 INFO             PET0 PIOc_freedecomp Enter - MemInfo: [/proc/self/status]	VmPTE:	     148 kB
20220312 003452.080 INFO             PET0 PIOc_freedecomp Enter - MemInfo: [/proc/self/status]	VmPMD:	      12 kB
20220312 003452.080 INFO             PET0 PIOc_freedecomp Enter - MemInfo: [/proc/self/status]	VmSwap:	       0 kB
20220312 003452.080 INFO             PET0 PIOc_freedecomp Enter - MemInfo: [/proc/self/status]	VmRSSPercent: 0.0275268 %
20220312 003452.080 INFO             PET0 PIOc_freedecomp Enter - MemInfo: [malloc] Non-mmapped space allocated:                10574144 Byte
20220312 003452.080 INFO             PET0 PIOc_freedecomp Enter - MemInfo: [malloc] Space allocated in mmapped regions:          7307264 Byte
20220312 003452.080 INFO             PET0 PIOc_freedecomp Enter - MemInfo: [malloc] Maximum total allocated space:                     0 Byte
20220312 003452.080 INFO             PET0 PIOc_freedecomp Enter - MemInfo: [malloc] Space in freed fastbin blocks:                   144 Byte
20220312 003452.080 INFO             PET0 PIOc_freedecomp Enter - MemInfo: [malloc] Total allocated space:                       1522672 Byte
20220312 003452.080 INFO             PET0 PIOc_freedecomp Enter - MemInfo: [malloc] Total free space:                            9051472 Byte
20220312 003452.080 INFO             PET0 PIOc_freedecomp Enter - MemInfo: [malloc] Top-most, releasable space:                   127056 Byte
20220312 003452.080 INFO             PET0 PIOc_freedecomp Enter - MemInfo: [malloc] Total space in use, mmap + non-mmap:         8829936 Byte
20220312 003452.080 INFO             PET0 PIOc_freedecomp Enter - MemInfo: [malloc] Total space held (mmap + non-mmap):         17881408 Byte
20220312 003452.080 INFO             PET0 PIOc_freedecomp Enter - MemInfo: [malloc] Total space used (mmap + non-mmap):          8838144 Byte
20220312 003452.080 INFO             PET0 PIOc_freedecomp Enter - MemInfo: Wall-clock time since execution start:               0.479601 seconds
20220312 003452.080 INFO             PET0 PIOc_freedecomp Exit - MemInfo: [/proc/meminfo - SSI]	MemTotal:       65855856 kB
20220312 003452.080 INFO             PET0 PIOc_freedecomp Exit - MemInfo: [/proc/meminfo - SSI]	MemFree:        61305812 kB
20220312 003452.080 INFO             PET0 PIOc_freedecomp Exit - MemInfo: [/proc/meminfo - SSI]	MemAvailable:   61093720 kB
20220312 003452.080 INFO             PET0 PIOc_freedecomp Exit - MemInfo: [/proc/meminfo - SSI]	Committed_AS:    2770488 kB
20220312 003452.080 INFO             PET0 PIOc_freedecomp Exit - MemInfo: [/proc/meminfo - SSI]	CommittedPercent: 4.2069 %
20220312 003452.080 INFO             PET0 PIOc_freedecomp Exit - MemInfo: [/proc/self/status]	VmPeak:	   70724 kB
20220312 003452.081 INFO             PET0 PIOc_freedecomp Exit - MemInfo: [/proc/self/status]	VmSize:	   70716 kB
20220312 003452.081 INFO             PET0 PIOc_freedecomp Exit - MemInfo: [/proc/self/status]	VmLck:	       0 kB
20220312 003452.081 INFO             PET0 PIOc_freedecomp Exit - MemInfo: [/proc/self/status]	VmPin:	       0 kB
20220312 003452.081 INFO             PET0 PIOc_freedecomp Exit - MemInfo: [/proc/self/status]	VmHWM:	   22020 kB
20220312 003452.081 INFO             PET0 PIOc_freedecomp Exit - MemInfo: [/proc/self/status]	VmRSS:	   18128 kB
20220312 003452.081 INFO             PET0 PIOc_freedecomp Exit - MemInfo: [/proc/self/status]	VmData:	   21716 kB
20220312 003452.081 INFO             PET0 PIOc_freedecomp Exit - MemInfo: [/proc/self/status]	VmStk:	     164 kB
20220312 003452.081 INFO             PET0 PIOc_freedecomp Exit - MemInfo: [/proc/self/status]	VmExe:	   40684 kB
20220312 003452.081 INFO             PET0 PIOc_freedecomp Exit - MemInfo: [/proc/self/status]	VmLib:	    1952 kB
20220312 003452.081 INFO             PET0 PIOc_freedecomp Exit - MemInfo: [/proc/self/status]	VmPTE:	     148 kB
20220312 003452.081 INFO             PET0 PIOc_freedecomp Exit - MemInfo: [/proc/self/status]	VmPMD:	      12 kB
20220312 003452.081 INFO             PET0 PIOc_freedecomp Exit - MemInfo: [/proc/self/status]	VmSwap:	       0 kB
20220312 003452.081 INFO             PET0 PIOc_freedecomp Exit - MemInfo: [/proc/self/status]	VmRSSPercent: 0.0275268 %
20220312 003452.081 INFO             PET0 PIOc_freedecomp Exit - MemInfo: [malloc] Non-mmapped space allocated:                10574144 Byte
20220312 003452.081 INFO             PET0 PIOc_freedecomp Exit - MemInfo: [malloc] Space allocated in mmapped regions:          7307264 Byte
20220312 003452.081 INFO             PET0 PIOc_freedecomp Exit - MemInfo: [malloc] Maximum total allocated space:                     0 Byte
20220312 003452.081 INFO             PET0 PIOc_freedecomp Exit - MemInfo: [malloc] Space in freed fastbin blocks:                   800 Byte
20220312 003452.081 INFO             PET0 PIOc_freedecomp Exit - MemInfo: [malloc] Total allocated space:                       1520816 Byte
20220312 003452.081 INFO             PET0 PIOc_freedecomp Exit - MemInfo: [malloc] Total free space:                            9053328 Byte
20220312 003452.081 INFO             PET0 PIOc_freedecomp Exit - MemInfo: [malloc] Top-most, releasable space:                   127056 Byte
20220312 003452.081 INFO             PET0 PIOc_freedecomp Exit - MemInfo: [malloc] Total space in use, mmap + non-mmap:         8828080 Byte
20220312 003452.081 INFO             PET0 PIOc_freedecomp Exit - MemInfo: [malloc] Total space held (mmap + non-mmap):         17881408 Byte
20220312 003452.081 INFO             PET0 PIOc_freedecomp Exit - MemInfo: [malloc] Total space used (mmap + non-mmap):          8836288 Byte
20220312 003452.081 INFO             PET0 PIOc_freedecomp Exit - MemInfo: Wall-clock time since execution start:               0.480017 seconds
20220312 003452.082 INFO             PET0 PIOc_sync Enter - MemInfo: [/proc/meminfo - SSI]	MemTotal:       65855856 kB
20220312 003452.082 INFO             PET0 PIOc_sync Enter - MemInfo: [/proc/meminfo - SSI]	MemFree:        61305308 kB
20220312 003452.082 INFO             PET0 PIOc_sync Enter - MemInfo: [/proc/meminfo - SSI]	MemAvailable:   61093216 kB
20220312 003452.082 INFO             PET0 PIOc_sync Enter - MemInfo: [/proc/meminfo - SSI]	Committed_AS:    2770488 kB
20220312 003452.082 INFO             PET0 PIOc_sync Enter - MemInfo: [/proc/meminfo - SSI]	CommittedPercent: 4.2069 %
20220312 003452.082 INFO             PET0 PIOc_sync Enter - MemInfo: [/proc/self/status]	VmPeak:	   70724 kB
20220312 003452.082 INFO             PET0 PIOc_sync Enter - MemInfo: [/proc/self/status]	VmSize:	   70716 kB
20220312 003452.082 INFO             PET0 PIOc_sync Enter - MemInfo: [/proc/self/status]	VmLck:	       0 kB
20220312 003452.082 INFO             PET0 PIOc_sync Enter - MemInfo: [/proc/self/status]	VmPin:	       0 kB
20220312 003452.082 INFO             PET0 PIOc_sync Enter - MemInfo: [/proc/self/status]	VmHWM:	   22020 kB
20220312 003452.082 INFO             PET0 PIOc_sync Enter - MemInfo: [/proc/self/status]	VmRSS:	   18392 kB
20220312 003452.082 INFO             PET0 PIOc_sync Enter - MemInfo: [/proc/self/status]	VmData:	   21716 kB
20220312 003452.082 INFO             PET0 PIOc_sync Enter - MemInfo: [/proc/self/status]	VmStk:	     164 kB
20220312 003452.082 INFO             PET0 PIOc_sync Enter - MemInfo: [/proc/self/status]	VmExe:	   40684 kB
20220312 003452.082 INFO             PET0 PIOc_sync Enter - MemInfo: [/proc/self/status]	VmLib:	    1952 kB
20220312 003452.082 INFO             PET0 PIOc_sync Enter - MemInfo: [/proc/self/status]	VmPTE:	     148 kB
20220312 003452.082 INFO             PET0 PIOc_sync Enter - MemInfo: [/proc/self/status]	VmPMD:	      12 kB
20220312 003452.082 INFO             PET0 PIOc_sync Enter - MemInfo: [/proc/self/status]	VmSwap:	       0 kB
20220312 003452.082 INFO             PET0 PIOc_sync Enter - MemInfo: [/proc/self/status]	VmRSSPercent: 0.0279277 %
20220312 003452.082 INFO             PET0 PIOc_sync Enter - MemInfo: [malloc] Non-mmapped space allocated:                10574144 Byte
20220312 003452.082 INFO             PET0 PIOc_sync Enter - MemInfo: [malloc] Space allocated in mmapped regions:          7307264 Byte
20220312 003452.082 INFO             PET0 PIOc_sync Enter - MemInfo: [malloc] Maximum total allocated space:                     0 Byte
20220312 003452.082 INFO             PET0 PIOc_sync Enter - MemInfo: [malloc] Space in freed fastbin blocks:                   240 Byte
20220312 003452.082 INFO             PET0 PIOc_sync Enter - MemInfo: [malloc] Total allocated space:                      10449760 Byte
20220312 003452.083 INFO             PET0 PIOc_sync Enter - MemInfo: [malloc] Total free space:                             124384 Byte
20220312 003452.083 INFO             PET0 PIOc_sync Enter - MemInfo: [malloc] Top-most, releasable space:                   116560 Byte
20220312 003452.083 INFO             PET0 PIOc_sync Enter - MemInfo: [malloc] Total space in use, mmap + non-mmap:        17757024 Byte
20220312 003452.083 INFO             PET0 PIOc_sync Enter - MemInfo: [malloc] Total space held (mmap + non-mmap):         17881408 Byte
20220312 003452.083 INFO             PET0 PIOc_sync Enter - MemInfo: [malloc] Total space used (mmap + non-mmap):         17765568 Byte
20220312 003452.083 INFO             PET0 PIOc_sync Enter - MemInfo: Wall-clock time since execution start:               0.481831 seconds
20220312 003452.083 INFO             PET0 PIOc_sync Exit - MemInfo: [/proc/meminfo - SSI]	MemTotal:       65855856 kB
20220312 003452.083 INFO             PET0 PIOc_sync Exit - MemInfo: [/proc/meminfo - SSI]	MemFree:        61305308 kB
20220312 003452.083 INFO             PET0 PIOc_sync Exit - MemInfo: [/proc/meminfo - SSI]	MemAvailable:   61093216 kB
20220312 003452.083 INFO             PET0 PIOc_sync Exit - MemInfo: [/proc/meminfo - SSI]	Committed_AS:    2770488 kB
20220312 003452.083 INFO             PET0 PIOc_sync Exit - MemInfo: [/proc/meminfo - SSI]	CommittedPercent: 4.2069 %
20220312 003452.083 INFO             PET0 PIOc_sync Exit - MemInfo: [/proc/self/status]	VmPeak:	   70724 kB
20220312 003452.083 INFO             PET0 PIOc_sync Exit - MemInfo: [/proc/self/status]	VmSize:	   70716 kB
20220312 003452.083 INFO             PET0 PIOc_sync Exit - MemInfo: [/proc/self/status]	VmLck:	       0 kB
20220312 003452.083 INFO             PET0 PIOc_sync Exit - MemInfo: [/proc/self/status]	VmPin:	       0 kB
20220312 003452.083 INFO             PET0 PIOc_sync Exit - MemInfo: [/proc/self/status]	VmHWM:	   22020 kB
20220312 003452.083 INFO             PET0 PIOc_sync Exit - MemInfo: [/proc/self/status]	VmRSS:	   18392 kB
20220312 003452.083 INFO             PET0 PIOc_sync Exit - MemInfo: [/proc/self/status]	VmData:	   21716 kB
20220312 003452.083 INFO             PET0 PIOc_sync Exit - MemInfo: [/proc/self/status]	VmStk:	     164 kB
20220312 003452.083 INFO             PET0 PIOc_sync Exit - MemInfo: [/proc/self/status]	VmExe:	   40684 kB
20220312 003452.083 INFO             PET0 PIOc_sync Exit - MemInfo: [/proc/self/status]	VmLib:	    1952 kB
20220312 003452.083 INFO             PET0 PIOc_sync Exit - MemInfo: [/proc/self/status]	VmPTE:	     148 kB
20220312 003452.083 INFO             PET0 PIOc_sync Exit - MemInfo: [/proc/self/status]	VmPMD:	      12 kB
20220312 003452.083 INFO             PET0 PIOc_sync Exit - MemInfo: [/proc/self/status]	VmSwap:	       0 kB
20220312 003452.083 INFO             PET0 PIOc_sync Exit - MemInfo: [/proc/self/status]	VmRSSPercent: 0.0279277 %
20220312 003452.083 INFO             PET0 PIOc_sync Exit - MemInfo: [malloc] Non-mmapped space allocated:                10574144 Byte
20220312 003452.083 INFO             PET0 PIOc_sync Exit - MemInfo: [malloc] Space allocated in mmapped regions:          7307264 Byte
20220312 003452.083 INFO             PET0 PIOc_sync Exit - MemInfo: [malloc] Maximum total allocated space:                     0 Byte
20220312 003452.083 INFO             PET0 PIOc_sync Exit - MemInfo: [malloc] Space in freed fastbin blocks:                     0 Byte
20220312 003452.083 INFO             PET0 PIOc_sync Exit - MemInfo: [malloc] Total allocated space:                      10450336 Byte
20220312 003452.083 INFO             PET0 PIOc_sync Exit - MemInfo: [malloc] Total free space:                             123808 Byte
20220312 003452.083 INFO             PET0 PIOc_sync Exit - MemInfo: [malloc] Top-most, releasable space:                   116336 Byte
20220312 003452.083 INFO             PET0 PIOc_sync Exit - MemInfo: [malloc] Total space in use, mmap + non-mmap:        17757600 Byte
20220312 003452.083 INFO             PET0 PIOc_sync Exit - MemInfo: [malloc] Total space held (mmap + non-mmap):         17881408 Byte
20220312 003452.083 INFO             PET0 PIOc_sync Exit - MemInfo: [malloc] Total space used (mmap + non-mmap):         17765920 Byte
20220312 003452.083 INFO             PET0 PIOc_sync Exit - MemInfo: Wall-clock time since execution start:                0.48229 seconds
20220312 003452.083 INFO             PET0 PIOc_freedecomp Enter - MemInfo: [/proc/meminfo - SSI]	MemTotal:       65855856 kB
20220312 003452.083 INFO             PET0 PIOc_freedecomp Enter - MemInfo: [/proc/meminfo - SSI]	MemFree:        61305308 kB
20220312 003452.083 INFO             PET0 PIOc_freedecomp Enter - MemInfo: [/proc/meminfo - SSI]	MemAvailable:   61093216 kB
20220312 003452.083 INFO             PET0 PIOc_freedecomp Enter - MemInfo: [/proc/meminfo - SSI]	Committed_AS:    2770488 kB
20220312 003452.083 INFO             PET0 PIOc_freedecomp Enter - MemInfo: [/proc/meminfo - SSI]	CommittedPercent: 4.2069 %
20220312 003452.083 INFO             PET0 PIOc_freedecomp Enter - MemInfo: [/proc/self/status]	VmPeak:	   70724 kB
20220312 003452.083 INFO             PET0 PIOc_freedecomp Enter - MemInfo: [/proc/self/status]	VmSize:	   70716 kB
20220312 003452.083 INFO             PET0 PIOc_freedecomp Enter - MemInfo: [/proc/self/status]	VmLck:	       0 kB
20220312 003452.083 INFO             PET0 PIOc_freedecomp Enter - MemInfo: [/proc/self/status]	VmPin:	       0 kB
20220312 003452.083 INFO             PET0 PIOc_freedecomp Enter - MemInfo: [/proc/self/status]	VmHWM:	   22020 kB
20220312 003452.083 INFO             PET0 PIOc_freedecomp Enter - MemInfo: [/proc/self/status]	VmRSS:	   18392 kB
20220312 003452.083 INFO             PET0 PIOc_freedecomp Enter - MemInfo: [/proc/self/status]	VmData:	   21716 kB
20220312 003452.083 INFO             PET0 PIOc_freedecomp Enter - MemInfo: [/proc/self/status]	VmStk:	     164 kB
20220312 003452.083 INFO             PET0 PIOc_freedecomp Enter - MemInfo: [/proc/self/status]	VmExe:	   40684 kB
20220312 003452.083 INFO             PET0 PIOc_freedecomp Enter - MemInfo: [/proc/self/status]	VmLib:	    1952 kB
20220312 003452.083 INFO             PET0 PIOc_freedecomp Enter - MemInfo: [/proc/self/status]	VmPTE:	     148 kB
20220312 003452.083 INFO             PET0 PIOc_freedecomp Enter - MemInfo: [/proc/self/status]	VmPMD:	      12 kB
20220312 003452.083 INFO             PET0 PIOc_freedecomp Enter - MemInfo: [/proc/self/status]	VmSwap:	       0 kB
20220312 003452.083 INFO             PET0 PIOc_freedecomp Enter - MemInfo: [/proc/self/status]	VmRSSPercent: 0.0279277 %
20220312 003452.083 INFO             PET0 PIOc_freedecomp Enter - MemInfo: [malloc] Non-mmapped space allocated:                10574144 Byte
20220312 003452.083 INFO             PET0 PIOc_freedecomp Enter - MemInfo: [malloc] Space allocated in mmapped regions:          7307264 Byte
20220312 003452.084 INFO             PET0 PIOc_freedecomp Enter - MemInfo: [malloc] Maximum total allocated space:                     0 Byte
20220312 003452.084 INFO             PET0 PIOc_freedecomp Enter - MemInfo: [malloc] Space in freed fastbin blocks:                   240 Byte
20220312 003452.084 INFO             PET0 PIOc_freedecomp Enter - MemInfo: [malloc] Total allocated space:                       1525440 Byte
20220312 003452.084 INFO             PET0 PIOc_freedecomp Enter - MemInfo: [malloc] Total free space:                            9048704 Byte
20220312 003452.084 INFO             PET0 PIOc_freedecomp Enter - MemInfo: [malloc] Top-most, releasable space:                   116112 Byte
20220312 003452.084 INFO             PET0 PIOc_freedecomp Enter - MemInfo: [malloc] Total space in use, mmap + non-mmap:         8832704 Byte
20220312 003452.084 INFO             PET0 PIOc_freedecomp Enter - MemInfo: [malloc] Total space held (mmap + non-mmap):         17881408 Byte
20220312 003452.084 INFO             PET0 PIOc_freedecomp Enter - MemInfo: [malloc] Total space used (mmap + non-mmap):          8840912 Byte
20220312 003452.084 INFO             PET0 PIOc_freedecomp Enter - MemInfo: Wall-clock time since execution start:                0.48285 seconds
20220312 003452.084 INFO             PET0 PIOc_freedecomp Exit - MemInfo: [/proc/meminfo - SSI]	MemTotal:       65855856 kB
20220312 003452.084 INFO             PET0 PIOc_freedecomp Exit - MemInfo: [/proc/meminfo - SSI]	MemFree:        61305308 kB
20220312 003452.084 INFO             PET0 PIOc_freedecomp Exit - MemInfo: [/proc/meminfo - SSI]	MemAvailable:   61093216 kB
20220312 003452.084 INFO             PET0 PIOc_freedecomp Exit - MemInfo: [/proc/meminfo - SSI]	Committed_AS:    2770488 kB
20220312 003452.084 INFO             PET0 PIOc_freedecomp Exit - MemInfo: [/proc/meminfo - SSI]	CommittedPercent: 4.2069 %
20220312 003452.084 INFO             PET0 PIOc_freedecomp Exit - MemInfo: [/proc/self/status]	VmPeak:	   70724 kB
20220312 003452.084 INFO             PET0 PIOc_freedecomp Exit - MemInfo: [/proc/self/status]	VmSize:	   70716 kB
20220312 003452.084 INFO             PET0 PIOc_freedecomp Exit - MemInfo: [/proc/self/status]	VmLck:	       0 kB
20220312 003452.084 INFO             PET0 PIOc_freedecomp Exit - MemInfo: [/proc/self/status]	VmPin:	       0 kB
20220312 003452.084 INFO             PET0 PIOc_freedecomp Exit - MemInfo: [/proc/self/status]	VmHWM:	   22020 kB
20220312 003452.084 INFO             PET0 PIOc_freedecomp Exit - MemInfo: [/proc/self/status]	VmRSS:	   18392 kB
20220312 003452.084 INFO             PET0 PIOc_freedecomp Exit - MemInfo: [/proc/self/status]	VmData:	   21716 kB
20220312 003452.084 INFO             PET0 PIOc_freedecomp Exit - MemInfo: [/proc/self/status]	VmStk:	     164 kB
20220312 003452.084 INFO             PET0 PIOc_freedecomp Exit - MemInfo: [/proc/self/status]	VmExe:	   40684 kB
20220312 003452.084 INFO             PET0 PIOc_freedecomp Exit - MemInfo: [/proc/self/status]	VmLib:	    1952 kB
20220312 003452.084 INFO             PET0 PIOc_freedecomp Exit - MemInfo: [/proc/self/status]	VmPTE:	     148 kB
20220312 003452.084 INFO             PET0 PIOc_freedecomp Exit - MemInfo: [/proc/self/status]	VmPMD:	      12 kB
20220312 003452.084 INFO             PET0 PIOc_freedecomp Exit - MemInfo: [/proc/self/status]	VmSwap:	       0 kB
20220312 003452.084 INFO             PET0 PIOc_freedecomp Exit - MemInfo: [/proc/self/status]	VmRSSPercent: 0.0279277 %
20220312 003452.084 INFO             PET0 PIOc_freedecomp Exit - MemInfo: [malloc] Non-mmapped space allocated:                10574144 Byte
20220312 003452.084 INFO             PET0 PIOc_freedecomp Exit - MemInfo: [malloc] Space allocated in mmapped regions:          7307264 Byte
20220312 003452.084 INFO             PET0 PIOc_freedecomp Exit - MemInfo: [malloc] Maximum total allocated space:                     0 Byte
20220312 003452.084 INFO             PET0 PIOc_freedecomp Exit - MemInfo: [malloc] Space in freed fastbin blocks:                   816 Byte
20220312 003452.084 INFO             PET0 PIOc_freedecomp Exit - MemInfo: [malloc] Total allocated space:                       1523568 Byte
20220312 003452.084 INFO             PET0 PIOc_freedecomp Exit - MemInfo: [malloc] Total free space:                            9050576 Byte
20220312 003452.084 INFO             PET0 PIOc_freedecomp Exit - MemInfo: [malloc] Top-most, releasable space:                   126832 Byte
20220312 003452.084 INFO             PET0 PIOc_freedecomp Exit - MemInfo: [malloc] Total space in use, mmap + non-mmap:         8830832 Byte
20220312 003452.084 INFO             PET0 PIOc_freedecomp Exit - MemInfo: [malloc] Total space held (mmap + non-mmap):         17881408 Byte
20220312 003452.084 INFO             PET0 PIOc_freedecomp Exit - MemInfo: [malloc] Total space used (mmap + non-mmap):          8839040 Byte
20220312 003452.084 INFO             PET0 PIOc_freedecomp Exit - MemInfo: Wall-clock time since execution start:               0.483265 seconds
20220312 003452.084 INFO             PET0 PASS Create an ESMC_RouteHandle via ESMC_FieldRegridStore(), ESMC_FieldRegridUTest.C, line 367
20220312 003452.085 INFO             PET0 PASS Execute ESMC_FieldRegrid(), ESMC_FieldRegridUTest.C, line 375
20220312 003452.091 INFO             PET0 PIOc_sync Enter - MemInfo: [/proc/meminfo - SSI]	MemTotal:       65855856 kB
20220312 003452.091 INFO             PET0 PIOc_sync Enter - MemInfo: [/proc/meminfo - SSI]	MemFree:        61296740 kB
20220312 003452.091 INFO             PET0 PIOc_sync Enter - MemInfo: [/proc/meminfo - SSI]	MemAvailable:   61084648 kB
20220312 003452.091 INFO             PET0 PIOc_sync Enter - MemInfo: [/proc/meminfo - SSI]	Committed_AS:    2778684 kB
20220312 003452.091 INFO             PET0 PIOc_sync Enter - MemInfo: [/proc/meminfo - SSI]	CommittedPercent: 4.21934 %
20220312 003452.091 INFO             PET0 PIOc_sync Enter - MemInfo: [/proc/self/status]	VmPeak:	   78912 kB
20220312 003452.091 INFO             PET0 PIOc_sync Enter - MemInfo: [/proc/self/status]	VmSize:	   78912 kB
20220312 003452.091 INFO             PET0 PIOc_sync Enter - MemInfo: [/proc/self/status]	VmLck:	       0 kB
20220312 003452.091 INFO             PET0 PIOc_sync Enter - MemInfo: [/proc/self/status]	VmPin:	       0 kB
20220312 003452.091 INFO             PET0 PIOc_sync Enter - MemInfo: [/proc/self/status]	VmHWM:	   26576 kB
20220312 003452.091 INFO             PET0 PIOc_sync Enter - MemInfo: [/proc/self/status]	VmRSS:	   26576 kB
20220312 003452.091 INFO             PET0 PIOc_sync Enter - MemInfo: [/proc/self/status]	VmData:	   29912 kB
20220312 003452.091 INFO             PET0 PIOc_sync Enter - MemInfo: [/proc/self/status]	VmStk:	     164 kB
20220312 003452.091 INFO             PET0 PIOc_sync Enter - MemInfo: [/proc/self/status]	VmExe:	   40684 kB
20220312 003452.091 INFO             PET0 PIOc_sync Enter - MemInfo: [/proc/self/status]	VmLib:	    1952 kB
20220312 003452.091 INFO             PET0 PIOc_sync Enter - MemInfo: [/proc/self/status]	VmPTE:	     164 kB
20220312 003452.091 INFO             PET0 PIOc_sync Enter - MemInfo: [/proc/self/status]	VmPMD:	      12 kB
20220312 003452.091 INFO             PET0 PIOc_sync Enter - MemInfo: [/proc/self/status]	VmSwap:	       0 kB
20220312 003452.091 INFO             PET0 PIOc_sync Enter - MemInfo: [/proc/self/status]	VmRSSPercent: 0.0403548 %
20220312 003452.091 INFO             PET0 PIOc_sync Enter - MemInfo: [malloc] Non-mmapped space allocated:                18966848 Byte
20220312 003452.091 INFO             PET0 PIOc_sync Enter - MemInfo: [malloc] Space allocated in mmapped regions:          7307264 Byte
20220312 003452.091 INFO             PET0 PIOc_sync Enter - MemInfo: [malloc] Maximum total allocated space:                     0 Byte
20220312 003452.091 INFO             PET0 PIOc_sync Enter - MemInfo: [malloc] Space in freed fastbin blocks:                     0 Byte
20220312 003452.091 INFO             PET0 PIOc_sync Enter - MemInfo: [malloc] Total allocated space:                      10457360 Byte
20220312 003452.091 INFO             PET0 PIOc_sync Enter - MemInfo: [malloc] Total free space:                            8509488 Byte
20220312 003452.091 INFO             PET0 PIOc_sync Enter - MemInfo: [malloc] Top-most, releasable space:                   131136 Byte
20220312 003452.091 INFO             PET0 PIOc_sync Enter - MemInfo: [malloc] Total space in use, mmap + non-mmap:        17764624 Byte
20220312 003452.091 INFO             PET0 PIOc_sync Enter - MemInfo: [malloc] Total space held (mmap + non-mmap):         26274112 Byte
20220312 003452.091 INFO             PET0 PIOc_sync Enter - MemInfo: [malloc] Total space used (mmap + non-mmap):         17773168 Byte
20220312 003452.091 INFO             PET0 PIOc_sync Enter - MemInfo: Wall-clock time since execution start:               0.490704 seconds
20220312 003452.091 INFO             PET0 PIOc_sync Exit - MemInfo: [/proc/meminfo - SSI]	MemTotal:       65855856 kB
20220312 003452.091 INFO             PET0 PIOc_sync Exit - MemInfo: [/proc/meminfo - SSI]	MemFree:        61296740 kB
20220312 003452.092 INFO             PET0 PIOc_sync Exit - MemInfo: [/proc/meminfo - SSI]	MemAvailable:   61084648 kB
20220312 003452.092 INFO             PET0 PIOc_sync Exit - MemInfo: [/proc/meminfo - SSI]	Committed_AS:    2778684 kB
20220312 003452.092 INFO             PET0 PIOc_sync Exit - MemInfo: [/proc/meminfo - SSI]	CommittedPercent: 4.21934 %
20220312 003452.092 INFO             PET0 PIOc_sync Exit - MemInfo: [/proc/self/status]	VmPeak:	   78912 kB
20220312 003452.092 INFO             PET0 PIOc_sync Exit - MemInfo: [/proc/self/status]	VmSize:	   78912 kB
20220312 003452.092 INFO             PET0 PIOc_sync Exit - MemInfo: [/proc/self/status]	VmLck:	       0 kB
20220312 003452.092 INFO             PET0 PIOc_sync Exit - MemInfo: [/proc/self/status]	VmPin:	       0 kB
20220312 003452.092 INFO             PET0 PIOc_sync Exit - MemInfo: [/proc/self/status]	VmHWM:	   26576 kB
20220312 003452.092 INFO             PET0 PIOc_sync Exit - MemInfo: [/proc/self/status]	VmRSS:	   26576 kB
20220312 003452.092 INFO             PET0 PIOc_sync Exit - MemInfo: [/proc/self/status]	VmData:	   29912 kB
20220312 003452.092 INFO             PET0 PIOc_sync Exit - MemInfo: [/proc/self/status]	VmStk:	     164 kB
20220312 003452.092 INFO             PET0 PIOc_sync Exit - MemInfo: [/proc/self/status]	VmExe:	   40684 kB
20220312 003452.092 INFO             PET0 PIOc_sync Exit - MemInfo: [/proc/self/status]	VmLib:	    1952 kB
20220312 003452.092 INFO             PET0 PIOc_sync Exit - MemInfo: [/proc/self/status]	VmPTE:	     164 kB
20220312 003452.092 INFO             PET0 PIOc_sync Exit - MemInfo: [/proc/self/status]	VmPMD:	      12 kB
20220312 003452.092 INFO             PET0 PIOc_sync Exit - MemInfo: [/proc/self/status]	VmSwap:	       0 kB
20220312 003452.092 INFO             PET0 PIOc_sync Exit - MemInfo: [/proc/self/status]	VmRSSPercent: 0.0403548 %
20220312 003452.092 INFO             PET0 PIOc_sync Exit - MemInfo: [malloc] Non-mmapped space allocated:                18966848 Byte
20220312 003452.092 INFO             PET0 PIOc_sync Exit - MemInfo: [malloc] Space allocated in mmapped regions:          7307264 Byte
20220312 003452.092 INFO             PET0 PIOc_sync Exit - MemInfo: [malloc] Maximum total allocated space:                     0 Byte
20220312 003452.092 INFO             PET0 PIOc_sync Exit - MemInfo: [malloc] Space in freed fastbin blocks:                     0 Byte
20220312 003452.092 INFO             PET0 PIOc_sync Exit - MemInfo: [malloc] Total allocated space:                      10458208 Byte
20220312 003452.092 INFO             PET0 PIOc_sync Exit - MemInfo: [malloc] Total free space:                            8508640 Byte
20220312 003452.092 INFO             PET0 PIOc_sync Exit - MemInfo: [malloc] Top-most, releasable space:                   131136 Byte
20220312 003452.092 INFO             PET0 PIOc_sync Exit - MemInfo: [malloc] Total space in use, mmap + non-mmap:        17765472 Byte
20220312 003452.092 INFO             PET0 PIOc_sync Exit - MemInfo: [malloc] Total space held (mmap + non-mmap):         26274112 Byte
20220312 003452.092 INFO             PET0 PIOc_sync Exit - MemInfo: [malloc] Total space used (mmap + non-mmap):         17773792 Byte
20220312 003452.092 INFO             PET0 PIOc_sync Exit - MemInfo: Wall-clock time since execution start:               0.491136 seconds
20220312 003452.092 INFO             PET0 PIOc_freedecomp Enter - MemInfo: [/proc/meminfo - SSI]	MemTotal:       65855856 kB
20220312 003452.092 INFO             PET0 PIOc_freedecomp Enter - MemInfo: [/proc/meminfo - SSI]	MemFree:        61296740 kB
20220312 003452.092 INFO             PET0 PIOc_freedecomp Enter - MemInfo: [/proc/meminfo - SSI]	MemAvailable:   61084648 kB
20220312 003452.092 INFO             PET0 PIOc_freedecomp Enter - MemInfo: [/proc/meminfo - SSI]	Committed_AS:    2778684 kB
20220312 003452.092 INFO             PET0 PIOc_freedecomp Enter - MemInfo: [/proc/meminfo - SSI]	CommittedPercent: 4.21934 %
20220312 003452.092 INFO             PET0 PIOc_freedecomp Enter - MemInfo: [/proc/self/status]	VmPeak:	   78912 kB
20220312 003452.092 INFO             PET0 PIOc_freedecomp Enter - MemInfo: [/proc/self/status]	VmSize:	   78912 kB
20220312 003452.092 INFO             PET0 PIOc_freedecomp Enter - MemInfo: [/proc/self/status]	VmLck:	       0 kB
20220312 003452.092 INFO             PET0 PIOc_freedecomp Enter - MemInfo: [/proc/self/status]	VmPin:	       0 kB
20220312 003452.092 INFO             PET0 PIOc_freedecomp Enter - MemInfo: [/proc/self/status]	VmHWM:	   26576 kB
20220312 003452.092 INFO             PET0 PIOc_freedecomp Enter - MemInfo: [/proc/self/status]	VmRSS:	   26576 kB
20220312 003452.092 INFO             PET0 PIOc_freedecomp Enter - MemInfo: [/proc/self/status]	VmData:	   29912 kB
20220312 003452.092 INFO             PET0 PIOc_freedecomp Enter - MemInfo: [/proc/self/status]	VmStk:	     164 kB
20220312 003452.092 INFO             PET0 PIOc_freedecomp Enter - MemInfo: [/proc/self/status]	VmExe:	   40684 kB
20220312 003452.092 INFO             PET0 PIOc_freedecomp Enter - MemInfo: [/proc/self/status]	VmLib:	    1952 kB
20220312 003452.092 INFO             PET0 PIOc_freedecomp Enter - MemInfo: [/proc/self/status]	VmPTE:	     164 kB
20220312 003452.092 INFO             PET0 PIOc_freedecomp Enter - MemInfo: [/proc/self/status]	VmPMD:	      12 kB
20220312 003452.092 INFO             PET0 PIOc_freedecomp Enter - MemInfo: [/proc/self/status]	VmSwap:	       0 kB
20220312 003452.092 INFO             PET0 PIOc_freedecomp Enter - MemInfo: [/proc/self/status]	VmRSSPercent: 0.0403548 %
20220312 003452.092 INFO             PET0 PIOc_freedecomp Enter - MemInfo: [malloc] Non-mmapped space allocated:                18966848 Byte
20220312 003452.092 INFO             PET0 PIOc_freedecomp Enter - MemInfo: [malloc] Space allocated in mmapped regions:          7307264 Byte
20220312 003452.092 INFO             PET0 PIOc_freedecomp Enter - MemInfo: [malloc] Maximum total allocated space:                     0 Byte
20220312 003452.092 INFO             PET0 PIOc_freedecomp Enter - MemInfo: [malloc] Space in freed fastbin blocks:                   192 Byte
20220312 003452.092 INFO             PET0 PIOc_freedecomp Enter - MemInfo: [malloc] Total allocated space:                       1533840 Byte
20220312 003452.092 INFO             PET0 PIOc_freedecomp Enter - MemInfo: [malloc] Total free space:                           17433008 Byte
20220312 003452.092 INFO             PET0 PIOc_freedecomp Enter - MemInfo: [malloc] Top-most, releasable space:                  8519760 Byte
20220312 003452.092 INFO             PET0 PIOc_freedecomp Enter - MemInfo: [malloc] Total space in use, mmap + non-mmap:         8841104 Byte
20220312 003452.092 INFO             PET0 PIOc_freedecomp Enter - MemInfo: [malloc] Total space held (mmap + non-mmap):         26274112 Byte
20220312 003452.092 INFO             PET0 PIOc_freedecomp Enter - MemInfo: [malloc] Total space used (mmap + non-mmap):          8849312 Byte
20220312 003452.092 INFO             PET0 PIOc_freedecomp Enter - MemInfo: Wall-clock time since execution start:               0.491674 seconds
20220312 003452.092 INFO             PET0 PIOc_freedecomp Exit - MemInfo: [/proc/meminfo - SSI]	MemTotal:       65855856 kB
20220312 003452.092 INFO             PET0 PIOc_freedecomp Exit - MemInfo: [/proc/meminfo - SSI]	MemFree:        61296740 kB
20220312 003452.092 INFO             PET0 PIOc_freedecomp Exit - MemInfo: [/proc/meminfo - SSI]	MemAvailable:   61084648 kB
20220312 003452.092 INFO             PET0 PIOc_freedecomp Exit - MemInfo: [/proc/meminfo - SSI]	Committed_AS:    2778684 kB
20220312 003452.093 INFO             PET0 PIOc_freedecomp Exit - MemInfo: [/proc/meminfo - SSI]	CommittedPercent: 4.21934 %
20220312 003452.093 INFO             PET0 PIOc_freedecomp Exit - MemInfo: [/proc/self/status]	VmPeak:	   78912 kB
20220312 003452.093 INFO             PET0 PIOc_freedecomp Exit - MemInfo: [/proc/self/status]	VmSize:	   78912 kB
20220312 003452.093 INFO             PET0 PIOc_freedecomp Exit - MemInfo: [/proc/self/status]	VmLck:	       0 kB
20220312 003452.093 INFO             PET0 PIOc_freedecomp Exit - MemInfo: [/proc/self/status]	VmPin:	       0 kB
20220312 003452.093 INFO             PET0 PIOc_freedecomp Exit - MemInfo: [/proc/self/status]	VmHWM:	   26576 kB
20220312 003452.093 INFO             PET0 PIOc_freedecomp Exit - MemInfo: [/proc/self/status]	VmRSS:	   26576 kB
20220312 003452.093 INFO             PET0 PIOc_freedecomp Exit - MemInfo: [/proc/self/status]	VmData:	   29912 kB
20220312 003452.093 INFO             PET0 PIOc_freedecomp Exit - MemInfo: [/proc/self/status]	VmStk:	     164 kB
20220312 003452.093 INFO             PET0 PIOc_freedecomp Exit - MemInfo: [/proc/self/status]	VmExe:	   40684 kB
20220312 003452.093 INFO             PET0 PIOc_freedecomp Exit - MemInfo: [/proc/self/status]	VmLib:	    1952 kB
20220312 003452.093 INFO             PET0 PIOc_freedecomp Exit - MemInfo: [/proc/self/status]	VmPTE:	     164 kB
20220312 003452.093 INFO             PET0 PIOc_freedecomp Exit - MemInfo: [/proc/self/status]	VmPMD:	      12 kB
20220312 003452.093 INFO             PET0 PIOc_freedecomp Exit - MemInfo: [/proc/self/status]	VmSwap:	       0 kB
20220312 003452.093 INFO             PET0 PIOc_freedecomp Exit - MemInfo: [/proc/self/status]	VmRSSPercent: 0.0403548 %
20220312 003452.093 INFO             PET0 PIOc_freedecomp Exit - MemInfo: [malloc] Non-mmapped space allocated:                18966848 Byte
20220312 003452.093 INFO             PET0 PIOc_freedecomp Exit - MemInfo: [malloc] Space allocated in mmapped regions:          7307264 Byte
20220312 003452.093 INFO             PET0 PIOc_freedecomp Exit - MemInfo: [malloc] Maximum total allocated space:                     0 Byte
20220312 003452.093 INFO             PET0 PIOc_freedecomp Exit - MemInfo: [malloc] Space in freed fastbin blocks:                   896 Byte
20220312 003452.093 INFO             PET0 PIOc_freedecomp Exit - MemInfo: [malloc] Total allocated space:                       1532944 Byte
20220312 003452.093 INFO             PET0 PIOc_freedecomp Exit - MemInfo: [malloc] Total free space:                           17433904 Byte
20220312 003452.093 INFO             PET0 PIOc_freedecomp Exit - MemInfo: [malloc] Top-most, releasable space:                  8519760 Byte
20220312 003452.093 INFO             PET0 PIOc_freedecomp Exit - MemInfo: [malloc] Total space in use, mmap + non-mmap:         8840208 Byte
20220312 003452.093 INFO             PET0 PIOc_freedecomp Exit - MemInfo: [malloc] Total space held (mmap + non-mmap):         26274112 Byte
20220312 003452.093 INFO             PET0 PIOc_freedecomp Exit - MemInfo: [malloc] Total space used (mmap + non-mmap):          8848416 Byte
20220312 003452.093 INFO             PET0 PIOc_freedecomp Exit - MemInfo: Wall-clock time since execution start:               0.492156 seconds
20220312 003452.094 INFO             PET0 PIOc_sync Enter - MemInfo: [/proc/meminfo - SSI]	MemTotal:       65855856 kB
20220312 003452.094 INFO             PET0 PIOc_sync Enter - MemInfo: [/proc/meminfo - SSI]	MemFree:        61296740 kB
20220312 003452.094 INFO             PET0 PIOc_sync Enter - MemInfo: [/proc/meminfo - SSI]	MemAvailable:   61084648 kB
20220312 003452.094 INFO             PET0 PIOc_sync Enter - MemInfo: [/proc/meminfo - SSI]	Committed_AS:    2778684 kB
20220312 003452.094 INFO             PET0 PIOc_sync Enter - MemInfo: [/proc/meminfo - SSI]	CommittedPercent: 4.21934 %
20220312 003452.094 INFO             PET0 PIOc_sync Enter - MemInfo: [/proc/self/status]	VmPeak:	   78912 kB
20220312 003452.094 INFO             PET0 PIOc_sync Enter - MemInfo: [/proc/self/status]	VmSize:	   78912 kB
20220312 003452.094 INFO             PET0 PIOc_sync Enter - MemInfo: [/proc/self/status]	VmLck:	       0 kB
20220312 003452.094 INFO             PET0 PIOc_sync Enter - MemInfo: [/proc/self/status]	VmPin:	       0 kB
20220312 003452.094 INFO             PET0 PIOc_sync Enter - MemInfo: [/proc/self/status]	VmHWM:	   26576 kB
20220312 003452.094 INFO             PET0 PIOc_sync Enter - MemInfo: [/proc/self/status]	VmRSS:	   26576 kB
20220312 003452.094 INFO             PET0 PIOc_sync Enter - MemInfo: [/proc/self/status]	VmData:	   29912 kB
20220312 003452.094 INFO             PET0 PIOc_sync Enter - MemInfo: [/proc/self/status]	VmStk:	     164 kB
20220312 003452.094 INFO             PET0 PIOc_sync Enter - MemInfo: [/proc/self/status]	VmExe:	   40684 kB
20220312 003452.094 INFO             PET0 PIOc_sync Enter - MemInfo: [/proc/self/status]	VmLib:	    1952 kB
20220312 003452.094 INFO             PET0 PIOc_sync Enter - MemInfo: [/proc/self/status]	VmPTE:	     164 kB
20220312 003452.094 INFO             PET0 PIOc_sync Enter - MemInfo: [/proc/self/status]	VmPMD:	      12 kB
20220312 003452.094 INFO             PET0 PIOc_sync Enter - MemInfo: [/proc/self/status]	VmSwap:	       0 kB
20220312 003452.094 INFO             PET0 PIOc_sync Enter - MemInfo: [/proc/self/status]	VmRSSPercent: 0.0403548 %
20220312 003452.094 INFO             PET0 PIOc_sync Enter - MemInfo: [malloc] Non-mmapped space allocated:                18966848 Byte
20220312 003452.094 INFO             PET0 PIOc_sync Enter - MemInfo: [malloc] Space allocated in mmapped regions:          7307264 Byte
20220312 003452.094 INFO             PET0 PIOc_sync Enter - MemInfo: [malloc] Maximum total allocated space:                     0 Byte
20220312 003452.094 INFO             PET0 PIOc_sync Enter - MemInfo: [malloc] Space in freed fastbin blocks:                   544 Byte
20220312 003452.094 INFO             PET0 PIOc_sync Enter - MemInfo: [malloc] Total allocated space:                      10459504 Byte
20220312 003452.094 INFO             PET0 PIOc_sync Enter - MemInfo: [malloc] Total free space:                            8507344 Byte
20220312 003452.094 INFO             PET0 PIOc_sync Enter - MemInfo: [malloc] Top-most, releasable space:                   131136 Byte
20220312 003452.094 INFO             PET0 PIOc_sync Enter - MemInfo: [malloc] Total space in use, mmap + non-mmap:        17766768 Byte
20220312 003452.094 INFO             PET0 PIOc_sync Enter - MemInfo: [malloc] Total space held (mmap + non-mmap):         26274112 Byte
20220312 003452.094 INFO             PET0 PIOc_sync Enter - MemInfo: [malloc] Total space used (mmap + non-mmap):         17775200 Byte
20220312 003452.094 INFO             PET0 PIOc_sync Enter - MemInfo: Wall-clock time since execution start:               0.493663 seconds
20220312 003452.094 INFO             PET0 PIOc_sync Exit - MemInfo: [/proc/meminfo - SSI]	MemTotal:       65855856 kB
20220312 003452.094 INFO             PET0 PIOc_sync Exit - MemInfo: [/proc/meminfo - SSI]	MemFree:        61296740 kB
20220312 003452.094 INFO             PET0 PIOc_sync Exit - MemInfo: [/proc/meminfo - SSI]	MemAvailable:   61084648 kB
20220312 003452.094 INFO             PET0 PIOc_sync Exit - MemInfo: [/proc/meminfo - SSI]	Committed_AS:    2778684 kB
20220312 003452.095 INFO             PET0 PIOc_sync Exit - MemInfo: [/proc/meminfo - SSI]	CommittedPercent: 4.21934 %
20220312 003452.095 INFO             PET0 PIOc_sync Exit - MemInfo: [/proc/self/status]	VmPeak:	   78912 kB
20220312 003452.095 INFO             PET0 PIOc_sync Exit - MemInfo: [/proc/self/status]	VmSize:	   78912 kB
20220312 003452.095 INFO             PET0 PIOc_sync Exit - MemInfo: [/proc/self/status]	VmLck:	       0 kB
20220312 003452.095 INFO             PET0 PIOc_sync Exit - MemInfo: [/proc/self/status]	VmPin:	       0 kB
20220312 003452.095 INFO             PET0 PIOc_sync Exit - MemInfo: [/proc/self/status]	VmHWM:	   26576 kB
20220312 003452.095 INFO             PET0 PIOc_sync Exit - MemInfo: [/proc/self/status]	VmRSS:	   26576 kB
20220312 003452.095 INFO             PET0 PIOc_sync Exit - MemInfo: [/proc/self/status]	VmData:	   29912 kB
20220312 003452.095 INFO             PET0 PIOc_sync Exit - MemInfo: [/proc/self/status]	VmStk:	     164 kB
20220312 003452.095 INFO             PET0 PIOc_sync Exit - MemInfo: [/proc/self/status]	VmExe:	   40684 kB
20220312 003452.095 INFO             PET0 PIOc_sync Exit - MemInfo: [/proc/self/status]	VmLib:	    1952 kB
20220312 003452.095 INFO             PET0 PIOc_sync Exit - MemInfo: [/proc/self/status]	VmPTE:	     164 kB
20220312 003452.095 INFO             PET0 PIOc_sync Exit - MemInfo: [/proc/self/status]	VmPMD:	      12 kB
20220312 003452.095 INFO             PET0 PIOc_sync Exit - MemInfo: [/proc/self/status]	VmSwap:	       0 kB
20220312 003452.095 INFO             PET0 PIOc_sync Exit - MemInfo: [/proc/self/status]	VmRSSPercent: 0.0403548 %
20220312 003452.095 INFO             PET0 PIOc_sync Exit - MemInfo: [malloc] Non-mmapped space allocated:                18966848 Byte
20220312 003452.095 INFO             PET0 PIOc_sync Exit - MemInfo: [malloc] Space allocated in mmapped regions:          7307264 Byte
20220312 003452.095 INFO             PET0 PIOc_sync Exit - MemInfo: [malloc] Maximum total allocated space:                     0 Byte
20220312 003452.095 INFO             PET0 PIOc_sync Exit - MemInfo: [malloc] Space in freed fastbin blocks:                     0 Byte
20220312 003452.095 INFO             PET0 PIOc_sync Exit - MemInfo: [malloc] Total allocated space:                      10460176 Byte
20220312 003452.095 INFO             PET0 PIOc_sync Exit - MemInfo: [malloc] Total free space:                            8506672 Byte
20220312 003452.095 INFO             PET0 PIOc_sync Exit - MemInfo: [malloc] Top-most, releasable space:                   131136 Byte
20220312 003452.095 INFO             PET0 PIOc_sync Exit - MemInfo: [malloc] Total space in use, mmap + non-mmap:        17767440 Byte
20220312 003452.095 INFO             PET0 PIOc_sync Exit - MemInfo: [malloc] Total space held (mmap + non-mmap):         26274112 Byte
20220312 003452.095 INFO             PET0 PIOc_sync Exit - MemInfo: [malloc] Total space used (mmap + non-mmap):         17775760 Byte
20220312 003452.095 INFO             PET0 PIOc_sync Exit - MemInfo: Wall-clock time since execution start:               0.494094 seconds
20220312 003452.095 INFO             PET0 PIOc_freedecomp Enter - MemInfo: [/proc/meminfo - SSI]	MemTotal:       65855856 kB
20220312 003452.095 INFO             PET0 PIOc_freedecomp Enter - MemInfo: [/proc/meminfo - SSI]	MemFree:        61296740 kB
20220312 003452.095 INFO             PET0 PIOc_freedecomp Enter - MemInfo: [/proc/meminfo - SSI]	MemAvailable:   61084648 kB
20220312 003452.095 INFO             PET0 PIOc_freedecomp Enter - MemInfo: [/proc/meminfo - SSI]	Committed_AS:    2778684 kB
20220312 003452.095 INFO             PET0 PIOc_freedecomp Enter - MemInfo: [/proc/meminfo - SSI]	CommittedPercent: 4.21934 %
20220312 003452.095 INFO             PET0 PIOc_freedecomp Enter - MemInfo: [/proc/self/status]	VmPeak:	   78912 kB
20220312 003452.095 INFO             PET0 PIOc_freedecomp Enter - MemInfo: [/proc/self/status]	VmSize:	   78912 kB
20220312 003452.095 INFO             PET0 PIOc_freedecomp Enter - MemInfo: [/proc/self/status]	VmLck:	       0 kB
20220312 003452.095 INFO             PET0 PIOc_freedecomp Enter - MemInfo: [/proc/self/status]	VmPin:	       0 kB
20220312 003452.095 INFO             PET0 PIOc_freedecomp Enter - MemInfo: [/proc/self/status]	VmHWM:	   26576 kB
20220312 003452.095 INFO             PET0 PIOc_freedecomp Enter - MemInfo: [/proc/self/status]	VmRSS:	   26576 kB
20220312 003452.095 INFO             PET0 PIOc_freedecomp Enter - MemInfo: [/proc/self/status]	VmData:	   29912 kB
20220312 003452.095 INFO             PET0 PIOc_freedecomp Enter - MemInfo: [/proc/self/status]	VmStk:	     164 kB
20220312 003452.095 INFO             PET0 PIOc_freedecomp Enter - MemInfo: [/proc/self/status]	VmExe:	   40684 kB
20220312 003452.095 INFO             PET0 PIOc_freedecomp Enter - MemInfo: [/proc/self/status]	VmLib:	    1952 kB
20220312 003452.095 INFO             PET0 PIOc_freedecomp Enter - MemInfo: [/proc/self/status]	VmPTE:	     164 kB
20220312 003452.095 INFO             PET0 PIOc_freedecomp Enter - MemInfo: [/proc/self/status]	VmPMD:	      12 kB
20220312 003452.095 INFO             PET0 PIOc_freedecomp Enter - MemInfo: [/proc/self/status]	VmSwap:	       0 kB
20220312 003452.095 INFO             PET0 PIOc_freedecomp Enter - MemInfo: [/proc/self/status]	VmRSSPercent: 0.0403548 %
20220312 003452.095 INFO             PET0 PIOc_freedecomp Enter - MemInfo: [malloc] Non-mmapped space allocated:                18966848 Byte
20220312 003452.095 INFO             PET0 PIOc_freedecomp Enter - MemInfo: [malloc] Space allocated in mmapped regions:          7307264 Byte
20220312 003452.095 INFO             PET0 PIOc_freedecomp Enter - MemInfo: [malloc] Maximum total allocated space:                     0 Byte
20220312 003452.095 INFO             PET0 PIOc_freedecomp Enter - MemInfo: [malloc] Space in freed fastbin blocks:                   272 Byte
20220312 003452.095 INFO             PET0 PIOc_freedecomp Enter - MemInfo: [malloc] Total allocated space:                       1535056 Byte
20220312 003452.095 INFO             PET0 PIOc_freedecomp Enter - MemInfo: [malloc] Total free space:                           17431792 Byte
20220312 003452.095 INFO             PET0 PIOc_freedecomp Enter - MemInfo: [malloc] Top-most, releasable space:                  8519760 Byte
20220312 003452.095 INFO             PET0 PIOc_freedecomp Enter - MemInfo: [malloc] Total space in use, mmap + non-mmap:         8842320 Byte
20220312 003452.095 INFO             PET0 PIOc_freedecomp Enter - MemInfo: [malloc] Total space held (mmap + non-mmap):         26274112 Byte
20220312 003452.095 INFO             PET0 PIOc_freedecomp Enter - MemInfo: [malloc] Total space used (mmap + non-mmap):          8850528 Byte
20220312 003452.095 INFO             PET0 PIOc_freedecomp Enter - MemInfo: Wall-clock time since execution start:               0.494622 seconds
20220312 003452.095 INFO             PET0 PIOc_freedecomp Exit - MemInfo: [/proc/meminfo - SSI]	MemTotal:       65855856 kB
20220312 003452.095 INFO             PET0 PIOc_freedecomp Exit - MemInfo: [/proc/meminfo - SSI]	MemFree:        61296740 kB
20220312 003452.095 INFO             PET0 PIOc_freedecomp Exit - MemInfo: [/proc/meminfo - SSI]	MemAvailable:   61084648 kB
20220312 003452.095 INFO             PET0 PIOc_freedecomp Exit - MemInfo: [/proc/meminfo - SSI]	Committed_AS:    2778684 kB
20220312 003452.095 INFO             PET0 PIOc_freedecomp Exit - MemInfo: [/proc/meminfo - SSI]	CommittedPercent: 4.21934 %
20220312 003452.096 INFO             PET0 PIOc_freedecomp Exit - MemInfo: [/proc/self/status]	VmPeak:	   78912 kB
20220312 003452.096 INFO             PET0 PIOc_freedecomp Exit - MemInfo: [/proc/self/status]	VmSize:	   78912 kB
20220312 003452.096 INFO             PET0 PIOc_freedecomp Exit - MemInfo: [/proc/self/status]	VmLck:	       0 kB
20220312 003452.096 INFO             PET0 PIOc_freedecomp Exit - MemInfo: [/proc/self/status]	VmPin:	       0 kB
20220312 003452.096 INFO             PET0 PIOc_freedecomp Exit - MemInfo: [/proc/self/status]	VmHWM:	   26576 kB
20220312 003452.096 INFO             PET0 PIOc_freedecomp Exit - MemInfo: [/proc/self/status]	VmRSS:	   26576 kB
20220312 003452.096 INFO             PET0 PIOc_freedecomp Exit - MemInfo: [/proc/self/status]	VmData:	   29912 kB
20220312 003452.096 INFO             PET0 PIOc_freedecomp Exit - MemInfo: [/proc/self/status]	VmStk:	     164 kB
20220312 003452.096 INFO             PET0 PIOc_freedecomp Exit - MemInfo: [/proc/self/status]	VmExe:	   40684 kB
20220312 003452.096 INFO             PET0 PIOc_freedecomp Exit - MemInfo: [/proc/self/status]	VmLib:	    1952 kB
20220312 003452.096 INFO             PET0 PIOc_freedecomp Exit - MemInfo: [/proc/self/status]	VmPTE:	     164 kB
20220312 003452.096 INFO             PET0 PIOc_freedecomp Exit - MemInfo: [/proc/self/status]	VmPMD:	      12 kB
20220312 003452.096 INFO             PET0 PIOc_freedecomp Exit - MemInfo: [/proc/self/status]	VmSwap:	       0 kB
20220312 003452.096 INFO             PET0 PIOc_freedecomp Exit - MemInfo: [/proc/self/status]	VmRSSPercent: 0.0403548 %
20220312 003452.096 INFO             PET0 PIOc_freedecomp Exit - MemInfo: [malloc] Non-mmapped space allocated:                18966848 Byte
20220312 003452.096 INFO             PET0 PIOc_freedecomp Exit - MemInfo: [malloc] Space allocated in mmapped regions:          7307264 Byte
20220312 003452.096 INFO             PET0 PIOc_freedecomp Exit - MemInfo: [malloc] Maximum total allocated space:                     0 Byte
20220312 003452.096 INFO             PET0 PIOc_freedecomp Exit - MemInfo: [malloc] Space in freed fastbin blocks:                   928 Byte
20220312 003452.096 INFO             PET0 PIOc_freedecomp Exit - MemInfo: [malloc] Total allocated space:                       1534128 Byte
20220312 003452.096 INFO             PET0 PIOc_freedecomp Exit - MemInfo: [malloc] Total free space:                           17432720 Byte
20220312 003452.096 INFO             PET0 PIOc_freedecomp Exit - MemInfo: [malloc] Top-most, releasable space:                  8519760 Byte
20220312 003452.096 INFO             PET0 PIOc_freedecomp Exit - MemInfo: [malloc] Total space in use, mmap + non-mmap:         8841392 Byte
20220312 003452.096 INFO             PET0 PIOc_freedecomp Exit - MemInfo: [malloc] Total space held (mmap + non-mmap):         26274112 Byte
20220312 003452.096 INFO             PET0 PIOc_freedecomp Exit - MemInfo: [malloc] Total space used (mmap + non-mmap):          8849600 Byte
20220312 003452.096 INFO             PET0 PIOc_freedecomp Exit - MemInfo: Wall-clock time since execution start:               0.495026 seconds
20220312 003452.097 INFO             PET0 PIOc_sync Enter - MemInfo: [/proc/meminfo - SSI]	MemTotal:       65855856 kB
20220312 003452.097 INFO             PET0 PIOc_sync Enter - MemInfo: [/proc/meminfo - SSI]	MemFree:        61296740 kB
20220312 003452.097 INFO             PET0 PIOc_sync Enter - MemInfo: [/proc/meminfo - SSI]	MemAvailable:   61084648 kB
20220312 003452.097 INFO             PET0 PIOc_sync Enter - MemInfo: [/proc/meminfo - SSI]	Committed_AS:    2778684 kB
20220312 003452.097 INFO             PET0 PIOc_sync Enter - MemInfo: [/proc/meminfo - SSI]	CommittedPercent: 4.21934 %
20220312 003452.097 INFO             PET0 PIOc_sync Enter - MemInfo: [/proc/self/status]	VmPeak:	   78912 kB
20220312 003452.097 INFO             PET0 PIOc_sync Enter - MemInfo: [/proc/self/status]	VmSize:	   78912 kB
20220312 003452.097 INFO             PET0 PIOc_sync Enter - MemInfo: [/proc/self/status]	VmLck:	       0 kB
20220312 003452.097 INFO             PET0 PIOc_sync Enter - MemInfo: [/proc/self/status]	VmPin:	       0 kB
20220312 003452.097 INFO             PET0 PIOc_sync Enter - MemInfo: [/proc/self/status]	VmHWM:	   26576 kB
20220312 003452.097 INFO             PET0 PIOc_sync Enter - MemInfo: [/proc/self/status]	VmRSS:	   26576 kB
20220312 003452.097 INFO             PET0 PIOc_sync Enter - MemInfo: [/proc/self/status]	VmData:	   29912 kB
20220312 003452.097 INFO             PET0 PIOc_sync Enter - MemInfo: [/proc/self/status]	VmStk:	     164 kB
20220312 003452.097 INFO             PET0 PIOc_sync Enter - MemInfo: [/proc/self/status]	VmExe:	   40684 kB
20220312 003452.097 INFO             PET0 PIOc_sync Enter - MemInfo: [/proc/self/status]	VmLib:	    1952 kB
20220312 003452.097 INFO             PET0 PIOc_sync Enter - MemInfo: [/proc/self/status]	VmPTE:	     164 kB
20220312 003452.097 INFO             PET0 PIOc_sync Enter - MemInfo: [/proc/self/status]	VmPMD:	      12 kB
20220312 003452.097 INFO             PET0 PIOc_sync Enter - MemInfo: [/proc/self/status]	VmSwap:	       0 kB
20220312 003452.097 INFO             PET0 PIOc_sync Enter - MemInfo: [/proc/self/status]	VmRSSPercent: 0.0403548 %
20220312 003452.097 INFO             PET0 PIOc_sync Enter - MemInfo: [malloc] Non-mmapped space allocated:                18966848 Byte
20220312 003452.097 INFO             PET0 PIOc_sync Enter - MemInfo: [malloc] Space allocated in mmapped regions:          7307264 Byte
20220312 003452.097 INFO             PET0 PIOc_sync Enter - MemInfo: [malloc] Maximum total allocated space:                     0 Byte
20220312 003452.097 INFO             PET0 PIOc_sync Enter - MemInfo: [malloc] Space in freed fastbin blocks:                  1024 Byte
20220312 003452.097 INFO             PET0 PIOc_sync Enter - MemInfo: [malloc] Total allocated space:                      10461248 Byte
20220312 003452.097 INFO             PET0 PIOc_sync Enter - MemInfo: [malloc] Total free space:                            8505600 Byte
20220312 003452.097 INFO             PET0 PIOc_sync Enter - MemInfo: [malloc] Top-most, releasable space:                   131136 Byte
20220312 003452.097 INFO             PET0 PIOc_sync Enter - MemInfo: [malloc] Total space in use, mmap + non-mmap:        17768512 Byte
20220312 003452.097 INFO             PET0 PIOc_sync Enter - MemInfo: [malloc] Total space held (mmap + non-mmap):         26274112 Byte
20220312 003452.097 INFO             PET0 PIOc_sync Enter - MemInfo: [malloc] Total space used (mmap + non-mmap):         17776944 Byte
20220312 003452.097 INFO             PET0 PIOc_sync Enter - MemInfo: Wall-clock time since execution start:               0.496671 seconds
20220312 003452.097 INFO             PET0 PIOc_sync Exit - MemInfo: [/proc/meminfo - SSI]	MemTotal:       65855856 kB
20220312 003452.097 INFO             PET0 PIOc_sync Exit - MemInfo: [/proc/meminfo - SSI]	MemFree:        61296740 kB
20220312 003452.097 INFO             PET0 PIOc_sync Exit - MemInfo: [/proc/meminfo - SSI]	MemAvailable:   61084648 kB
20220312 003452.097 INFO             PET0 PIOc_sync Exit - MemInfo: [/proc/meminfo - SSI]	Committed_AS:    2778684 kB
20220312 003452.098 INFO             PET0 PIOc_sync Exit - MemInfo: [/proc/meminfo - SSI]	CommittedPercent: 4.21934 %
20220312 003452.098 INFO             PET0 PIOc_sync Exit - MemInfo: [/proc/self/status]	VmPeak:	   78912 kB
20220312 003452.098 INFO             PET0 PIOc_sync Exit - MemInfo: [/proc/self/status]	VmSize:	   78912 kB
20220312 003452.098 INFO             PET0 PIOc_sync Exit - MemInfo: [/proc/self/status]	VmLck:	       0 kB
20220312 003452.098 INFO             PET0 PIOc_sync Exit - MemInfo: [/proc/self/status]	VmPin:	       0 kB
20220312 003452.098 INFO             PET0 PIOc_sync Exit - MemInfo: [/proc/self/status]	VmHWM:	   26576 kB
20220312 003452.098 INFO             PET0 PIOc_sync Exit - MemInfo: [/proc/self/status]	VmRSS:	   26576 kB
20220312 003452.098 INFO             PET0 PIOc_sync Exit - MemInfo: [/proc/self/status]	VmData:	   29912 kB
20220312 003452.098 INFO             PET0 PIOc_sync Exit - MemInfo: [/proc/self/status]	VmStk:	     164 kB
20220312 003452.098 INFO             PET0 PIOc_sync Exit - MemInfo: [/proc/self/status]	VmExe:	   40684 kB
20220312 003452.098 INFO             PET0 PIOc_sync Exit - MemInfo: [/proc/self/status]	VmLib:	    1952 kB
20220312 003452.098 INFO             PET0 PIOc_sync Exit - MemInfo: [/proc/self/status]	VmPTE:	     164 kB
20220312 003452.098 INFO             PET0 PIOc_sync Exit - MemInfo: [/proc/self/status]	VmPMD:	      12 kB
20220312 003452.098 INFO             PET0 PIOc_sync Exit - MemInfo: [/proc/self/status]	VmSwap:	       0 kB
20220312 003452.098 INFO             PET0 PIOc_sync Exit - MemInfo: [/proc/self/status]	VmRSSPercent: 0.0403548 %
20220312 003452.098 INFO             PET0 PIOc_sync Exit - MemInfo: [malloc] Non-mmapped space allocated:                18966848 Byte
20220312 003452.098 INFO             PET0 PIOc_sync Exit - MemInfo: [malloc] Space allocated in mmapped regions:          7307264 Byte
20220312 003452.098 INFO             PET0 PIOc_sync Exit - MemInfo: [malloc] Maximum total allocated space:                     0 Byte
20220312 003452.098 INFO             PET0 PIOc_sync Exit - MemInfo: [malloc] Space in freed fastbin blocks:                     0 Byte
20220312 003452.098 INFO             PET0 PIOc_sync Exit - MemInfo: [malloc] Total allocated space:                      10461728 Byte
20220312 003452.098 INFO             PET0 PIOc_sync Exit - MemInfo: [malloc] Total free space:                            8505120 Byte
20220312 003452.098 INFO             PET0 PIOc_sync Exit - MemInfo: [malloc] Top-most, releasable space:                   131136 Byte
20220312 003452.098 INFO             PET0 PIOc_sync Exit - MemInfo: [malloc] Total space in use, mmap + non-mmap:        17768992 Byte
20220312 003452.098 INFO             PET0 PIOc_sync Exit - MemInfo: [malloc] Total space held (mmap + non-mmap):         26274112 Byte
20220312 003452.098 INFO             PET0 PIOc_sync Exit - MemInfo: [malloc] Total space used (mmap + non-mmap):         17777312 Byte
20220312 003452.098 INFO             PET0 PIOc_sync Exit - MemInfo: Wall-clock time since execution start:               0.497075 seconds
20220312 003452.098 INFO             PET0 PIOc_freedecomp Enter - MemInfo: [/proc/meminfo - SSI]	MemTotal:       65855856 kB
20220312 003452.098 INFO             PET0 PIOc_freedecomp Enter - MemInfo: [/proc/meminfo - SSI]	MemFree:        61296740 kB
20220312 003452.098 INFO             PET0 PIOc_freedecomp Enter - MemInfo: [/proc/meminfo - SSI]	MemAvailable:   61084648 kB
20220312 003452.098 INFO             PET0 PIOc_freedecomp Enter - MemInfo: [/proc/meminfo - SSI]	Committed_AS:    2778684 kB
20220312 003452.098 INFO             PET0 PIOc_freedecomp Enter - MemInfo: [/proc/meminfo - SSI]	CommittedPercent: 4.21934 %
20220312 003452.098 INFO             PET0 PIOc_freedecomp Enter - MemInfo: [/proc/self/status]	VmPeak:	   78912 kB
20220312 003452.098 INFO             PET0 PIOc_freedecomp Enter - MemInfo: [/proc/self/status]	VmSize:	   78912 kB
20220312 003452.098 INFO             PET0 PIOc_freedecomp Enter - MemInfo: [/proc/self/status]	VmLck:	       0 kB
20220312 003452.098 INFO             PET0 PIOc_freedecomp Enter - MemInfo: [/proc/self/status]	VmPin:	       0 kB
20220312 003452.098 INFO             PET0 PIOc_freedecomp Enter - MemInfo: [/proc/self/status]	VmHWM:	   26576 kB
20220312 003452.098 INFO             PET0 PIOc_freedecomp Enter - MemInfo: [/proc/self/status]	VmRSS:	   26576 kB
20220312 003452.098 INFO             PET0 PIOc_freedecomp Enter - MemInfo: [/proc/self/status]	VmData:	   29912 kB
20220312 003452.098 INFO             PET0 PIOc_freedecomp Enter - MemInfo: [/proc/self/status]	VmStk:	     164 kB
20220312 003452.098 INFO             PET0 PIOc_freedecomp Enter - MemInfo: [/proc/self/status]	VmExe:	   40684 kB
20220312 003452.098 INFO             PET0 PIOc_freedecomp Enter - MemInfo: [/proc/self/status]	VmLib:	    1952 kB
20220312 003452.098 INFO             PET0 PIOc_freedecomp Enter - MemInfo: [/proc/self/status]	VmPTE:	     164 kB
20220312 003452.098 INFO             PET0 PIOc_freedecomp Enter - MemInfo: [/proc/self/status]	VmPMD:	      12 kB
20220312 003452.098 INFO             PET0 PIOc_freedecomp Enter - MemInfo: [/proc/self/status]	VmSwap:	       0 kB
20220312 003452.098 INFO             PET0 PIOc_freedecomp Enter - MemInfo: [/proc/self/status]	VmRSSPercent: 0.0403548 %
20220312 003452.098 INFO             PET0 PIOc_freedecomp Enter - MemInfo: [malloc] Non-mmapped space allocated:                18966848 Byte
20220312 003452.098 INFO             PET0 PIOc_freedecomp Enter - MemInfo: [malloc] Space allocated in mmapped regions:          7307264 Byte
20220312 003452.098 INFO             PET0 PIOc_freedecomp Enter - MemInfo: [malloc] Maximum total allocated space:                     0 Byte
20220312 003452.098 INFO             PET0 PIOc_freedecomp Enter - MemInfo: [malloc] Space in freed fastbin blocks:                   272 Byte
20220312 003452.098 INFO             PET0 PIOc_freedecomp Enter - MemInfo: [malloc] Total allocated space:                       1535744 Byte
20220312 003452.098 INFO             PET0 PIOc_freedecomp Enter - MemInfo: [malloc] Total free space:                           17431104 Byte
20220312 003452.098 INFO             PET0 PIOc_freedecomp Enter - MemInfo: [malloc] Top-most, releasable space:                  8519760 Byte
20220312 003452.098 INFO             PET0 PIOc_freedecomp Enter - MemInfo: [malloc] Total space in use, mmap + non-mmap:         8843008 Byte
20220312 003452.098 INFO             PET0 PIOc_freedecomp Enter - MemInfo: [malloc] Total space held (mmap + non-mmap):         26274112 Byte
20220312 003452.098 INFO             PET0 PIOc_freedecomp Enter - MemInfo: [malloc] Total space used (mmap + non-mmap):          8851216 Byte
20220312 003452.098 INFO             PET0 PIOc_freedecomp Enter - MemInfo: Wall-clock time since execution start:               0.497606 seconds
20220312 003452.098 INFO             PET0 PIOc_freedecomp Exit - MemInfo: [/proc/meminfo - SSI]	MemTotal:       65855856 kB
20220312 003452.098 INFO             PET0 PIOc_freedecomp Exit - MemInfo: [/proc/meminfo - SSI]	MemFree:        61296740 kB
20220312 003452.098 INFO             PET0 PIOc_freedecomp Exit - MemInfo: [/proc/meminfo - SSI]	MemAvailable:   61084648 kB
20220312 003452.098 INFO             PET0 PIOc_freedecomp Exit - MemInfo: [/proc/meminfo - SSI]	Committed_AS:    2778684 kB
20220312 003452.098 INFO             PET0 PIOc_freedecomp Exit - MemInfo: [/proc/meminfo - SSI]	CommittedPercent: 4.21934 %
20220312 003452.098 INFO             PET0 PIOc_freedecomp Exit - MemInfo: [/proc/self/status]	VmPeak:	   78912 kB
20220312 003452.098 INFO             PET0 PIOc_freedecomp Exit - MemInfo: [/proc/self/status]	VmSize:	   78912 kB
20220312 003452.098 INFO             PET0 PIOc_freedecomp Exit - MemInfo: [/proc/self/status]	VmLck:	       0 kB
20220312 003452.099 INFO             PET0 PIOc_freedecomp Exit - MemInfo: [/proc/self/status]	VmPin:	       0 kB
20220312 003452.099 INFO             PET0 PIOc_freedecomp Exit - MemInfo: [/proc/self/status]	VmHWM:	   26576 kB
20220312 003452.099 INFO             PET0 PIOc_freedecomp Exit - MemInfo: [/proc/self/status]	VmRSS:	   26576 kB
20220312 003452.099 INFO             PET0 PIOc_freedecomp Exit - MemInfo: [/proc/self/status]	VmData:	   29912 kB
20220312 003452.099 INFO             PET0 PIOc_freedecomp Exit - MemInfo: [/proc/self/status]	VmStk:	     164 kB
20220312 003452.099 INFO             PET0 PIOc_freedecomp Exit - MemInfo: [/proc/self/status]	VmExe:	   40684 kB
20220312 003452.099 INFO             PET0 PIOc_freedecomp Exit - MemInfo: [/proc/self/status]	VmLib:	    1952 kB
20220312 003452.099 INFO             PET0 PIOc_freedecomp Exit - MemInfo: [/proc/self/status]	VmPTE:	     164 kB
20220312 003452.099 INFO             PET0 PIOc_freedecomp Exit - MemInfo: [/proc/self/status]	VmPMD:	      12 kB
20220312 003452.099 INFO             PET0 PIOc_freedecomp Exit - MemInfo: [/proc/self/status]	VmSwap:	       0 kB
20220312 003452.099 INFO             PET0 PIOc_freedecomp Exit - MemInfo: [/proc/self/status]	VmRSSPercent: 0.0403548 %
20220312 003452.099 INFO             PET0 PIOc_freedecomp Exit - MemInfo: [malloc] Non-mmapped space allocated:                18966848 Byte
20220312 003452.099 INFO             PET0 PIOc_freedecomp Exit - MemInfo: [malloc] Space allocated in mmapped regions:          7307264 Byte
20220312 003452.099 INFO             PET0 PIOc_freedecomp Exit - MemInfo: [malloc] Maximum total allocated space:                     0 Byte
20220312 003452.099 INFO             PET0 PIOc_freedecomp Exit - MemInfo: [malloc] Space in freed fastbin blocks:                   944 Byte
20220312 003452.099 INFO             PET0 PIOc_freedecomp Exit - MemInfo: [malloc] Total allocated space:                       1534800 Byte
20220312 003452.099 INFO             PET0 PIOc_freedecomp Exit - MemInfo: [malloc] Total free space:                           17432048 Byte
20220312 003452.099 INFO             PET0 PIOc_freedecomp Exit - MemInfo: [malloc] Top-most, releasable space:                  8519760 Byte
20220312 003452.099 INFO             PET0 PIOc_freedecomp Exit - MemInfo: [malloc] Total space in use, mmap + non-mmap:         8842064 Byte
20220312 003452.099 INFO             PET0 PIOc_freedecomp Exit - MemInfo: [malloc] Total space held (mmap + non-mmap):         26274112 Byte
20220312 003452.099 INFO             PET0 PIOc_freedecomp Exit - MemInfo: [malloc] Total space used (mmap + non-mmap):          8850272 Byte
20220312 003452.099 INFO             PET0 PIOc_freedecomp Exit - MemInfo: Wall-clock time since execution start:               0.497999 seconds
20220312 003452.100 INFO             PET0 PIOc_sync Enter - MemInfo: [/proc/meminfo - SSI]	MemTotal:       65855856 kB
20220312 003452.100 INFO             PET0 PIOc_sync Enter - MemInfo: [/proc/meminfo - SSI]	MemFree:        61296740 kB
20220312 003452.100 INFO             PET0 PIOc_sync Enter - MemInfo: [/proc/meminfo - SSI]	MemAvailable:   61084648 kB
20220312 003452.100 INFO             PET0 PIOc_sync Enter - MemInfo: [/proc/meminfo - SSI]	Committed_AS:    2778684 kB
20220312 003452.100 INFO             PET0 PIOc_sync Enter - MemInfo: [/proc/meminfo - SSI]	CommittedPercent: 4.21934 %
20220312 003452.100 INFO             PET0 PIOc_sync Enter - MemInfo: [/proc/self/status]	VmPeak:	   78912 kB
20220312 003452.100 INFO             PET0 PIOc_sync Enter - MemInfo: [/proc/self/status]	VmSize:	   78912 kB
20220312 003452.100 INFO             PET0 PIOc_sync Enter - MemInfo: [/proc/self/status]	VmLck:	       0 kB
20220312 003452.100 INFO             PET0 PIOc_sync Enter - MemInfo: [/proc/self/status]	VmPin:	       0 kB
20220312 003452.100 INFO             PET0 PIOc_sync Enter - MemInfo: [/proc/self/status]	VmHWM:	   26576 kB
20220312 003452.100 INFO             PET0 PIOc_sync Enter - MemInfo: [/proc/self/status]	VmRSS:	   26576 kB
20220312 003452.100 INFO             PET0 PIOc_sync Enter - MemInfo: [/proc/self/status]	VmData:	   29912 kB
20220312 003452.100 INFO             PET0 PIOc_sync Enter - MemInfo: [/proc/self/status]	VmStk:	     164 kB
20220312 003452.100 INFO             PET0 PIOc_sync Enter - MemInfo: [/proc/self/status]	VmExe:	   40684 kB
20220312 003452.100 INFO             PET0 PIOc_sync Enter - MemInfo: [/proc/self/status]	VmLib:	    1952 kB
20220312 003452.100 INFO             PET0 PIOc_sync Enter - MemInfo: [/proc/self/status]	VmPTE:	     164 kB
20220312 003452.100 INFO             PET0 PIOc_sync Enter - MemInfo: [/proc/self/status]	VmPMD:	      12 kB
20220312 003452.100 INFO             PET0 PIOc_sync Enter - MemInfo: [/proc/self/status]	VmSwap:	       0 kB
20220312 003452.100 INFO             PET0 PIOc_sync Enter - MemInfo: [/proc/self/status]	VmRSSPercent: 0.0403548 %
20220312 003452.100 INFO             PET0 PIOc_sync Enter - MemInfo: [malloc] Non-mmapped space allocated:                18966848 Byte
20220312 003452.100 INFO             PET0 PIOc_sync Enter - MemInfo: [malloc] Space allocated in mmapped regions:          7307264 Byte
20220312 003452.100 INFO             PET0 PIOc_sync Enter - MemInfo: [malloc] Maximum total allocated space:                     0 Byte
20220312 003452.100 INFO             PET0 PIOc_sync Enter - MemInfo: [malloc] Space in freed fastbin blocks:                  1792 Byte
20220312 003452.100 INFO             PET0 PIOc_sync Enter - MemInfo: [malloc] Total allocated space:                      10462560 Byte
20220312 003452.100 INFO             PET0 PIOc_sync Enter - MemInfo: [malloc] Total free space:                            8504288 Byte
20220312 003452.100 INFO             PET0 PIOc_sync Enter - MemInfo: [malloc] Top-most, releasable space:                   131136 Byte
20220312 003452.100 INFO             PET0 PIOc_sync Enter - MemInfo: [malloc] Total space in use, mmap + non-mmap:        17769824 Byte
20220312 003452.100 INFO             PET0 PIOc_sync Enter - MemInfo: [malloc] Total space held (mmap + non-mmap):         26274112 Byte
20220312 003452.100 INFO             PET0 PIOc_sync Enter - MemInfo: [malloc] Total space used (mmap + non-mmap):         17778368 Byte
20220312 003452.100 INFO             PET0 PIOc_sync Enter - MemInfo: Wall-clock time since execution start:               0.499464 seconds
20220312 003452.100 INFO             PET0 PIOc_sync Exit - MemInfo: [/proc/meminfo - SSI]	MemTotal:       65855856 kB
20220312 003452.100 INFO             PET0 PIOc_sync Exit - MemInfo: [/proc/meminfo - SSI]	MemFree:        61296740 kB
20220312 003452.100 INFO             PET0 PIOc_sync Exit - MemInfo: [/proc/meminfo - SSI]	MemAvailable:   61084648 kB
20220312 003452.100 INFO             PET0 PIOc_sync Exit - MemInfo: [/proc/meminfo - SSI]	Committed_AS:    2778684 kB
20220312 003452.100 INFO             PET0 PIOc_sync Exit - MemInfo: [/proc/meminfo - SSI]	CommittedPercent: 4.21934 %
20220312 003452.100 INFO             PET0 PIOc_sync Exit - MemInfo: [/proc/self/status]	VmPeak:	   78912 kB
20220312 003452.100 INFO             PET0 PIOc_sync Exit - MemInfo: [/proc/self/status]	VmSize:	   78912 kB
20220312 003452.100 INFO             PET0 PIOc_sync Exit - MemInfo: [/proc/self/status]	VmLck:	       0 kB
20220312 003452.100 INFO             PET0 PIOc_sync Exit - MemInfo: [/proc/self/status]	VmPin:	       0 kB
20220312 003452.100 INFO             PET0 PIOc_sync Exit - MemInfo: [/proc/self/status]	VmHWM:	   26576 kB
20220312 003452.100 INFO             PET0 PIOc_sync Exit - MemInfo: [/proc/self/status]	VmRSS:	   26576 kB
20220312 003452.100 INFO             PET0 PIOc_sync Exit - MemInfo: [/proc/self/status]	VmData:	   29912 kB
20220312 003452.100 INFO             PET0 PIOc_sync Exit - MemInfo: [/proc/self/status]	VmStk:	     164 kB
20220312 003452.100 INFO             PET0 PIOc_sync Exit - MemInfo: [/proc/self/status]	VmExe:	   40684 kB
20220312 003452.100 INFO             PET0 PIOc_sync Exit - MemInfo: [/proc/self/status]	VmLib:	    1952 kB
20220312 003452.100 INFO             PET0 PIOc_sync Exit - MemInfo: [/proc/self/status]	VmPTE:	     164 kB
20220312 003452.100 INFO             PET0 PIOc_sync Exit - MemInfo: [/proc/self/status]	VmPMD:	      12 kB
20220312 003452.100 INFO             PET0 PIOc_sync Exit - MemInfo: [/proc/self/status]	VmSwap:	       0 kB
20220312 003452.100 INFO             PET0 PIOc_sync Exit - MemInfo: [/proc/self/status]	VmRSSPercent: 0.0403548 %
20220312 003452.101 INFO             PET0 PIOc_sync Exit - MemInfo: [malloc] Non-mmapped space allocated:                18966848 Byte
20220312 003452.101 INFO             PET0 PIOc_sync Exit - MemInfo: [malloc] Space allocated in mmapped regions:          7307264 Byte
20220312 003452.101 INFO             PET0 PIOc_sync Exit - MemInfo: [malloc] Maximum total allocated space:                     0 Byte
20220312 003452.101 INFO             PET0 PIOc_sync Exit - MemInfo: [malloc] Space in freed fastbin blocks:                     0 Byte
20220312 003452.101 INFO             PET0 PIOc_sync Exit - MemInfo: [malloc] Total allocated space:                      10463312 Byte
20220312 003452.101 INFO             PET0 PIOc_sync Exit - MemInfo: [malloc] Total free space:                            8503536 Byte
20220312 003452.101 INFO             PET0 PIOc_sync Exit - MemInfo: [malloc] Top-most, releasable space:                   131136 Byte
20220312 003452.101 INFO             PET0 PIOc_sync Exit - MemInfo: [malloc] Total space in use, mmap + non-mmap:        17770576 Byte
20220312 003452.101 INFO             PET0 PIOc_sync Exit - MemInfo: [malloc] Total space held (mmap + non-mmap):         26274112 Byte
20220312 003452.101 INFO             PET0 PIOc_sync Exit - MemInfo: [malloc] Total space used (mmap + non-mmap):         17778896 Byte
20220312 003452.101 INFO             PET0 PIOc_sync Exit - MemInfo: Wall-clock time since execution start:               0.499938 seconds
20220312 003452.101 INFO             PET0 PIOc_freedecomp Enter - MemInfo: [/proc/meminfo - SSI]	MemTotal:       65855856 kB
20220312 003452.101 INFO             PET0 PIOc_freedecomp Enter - MemInfo: [/proc/meminfo - SSI]	MemFree:        61296740 kB
20220312 003452.101 INFO             PET0 PIOc_freedecomp Enter - MemInfo: [/proc/meminfo - SSI]	MemAvailable:   61084648 kB
20220312 003452.101 INFO             PET0 PIOc_freedecomp Enter - MemInfo: [/proc/meminfo - SSI]	Committed_AS:    2778684 kB
