build time -- 2022-03-11 23:43:27
20220312 003634.300 INFO             PET0 !!!!!!!!!!!!!!!!!!!!!!!!!!!!!!!!!!!!!!!!!!!!!!!!!!!!!!
20220312 003634.301 INFO             PET0 !!! THE ESMF_LOG IS SET TO OUTPUT ALL LOG MESSAGES !!!
20220312 003634.301 INFO             PET0 !!!     THIS MAY CAUSE SLOWDOWN IN PERFORMANCE     !!!
20220312 003634.301 INFO             PET0 !!! FOR PRODUCTION RUNS, USE:                      !!!
20220312 003634.301 INFO             PET0 !!!                   ESMF_LOGKIND_Multi_On_Error  !!!
20220312 003634.301 INFO             PET0 !!!!!!!!!!!!!!!!!!!!!!!!!!!!!!!!!!!!!!!!!!!!!!!!!!!!!!
20220312 003634.301 INFO             PET0 Running with ESMF Version   : v8.3.0b09-96-g559b459836
20220312 003634.301 INFO             PET0 ESMF library build date/time: "Mar 11 2022" "23:41:41"
20220312 003634.301 INFO             PET0 ESMF library build location : /lustre/f2/dev/ncep/Mark.Potts/gfortran_8.3.0_mpi_g_jedwards_pio_update2
20220312 003634.301 INFO             PET0 ESMF_COMM                   : mpi
20220312 003634.301 INFO             PET0 ESMF_MOAB                   : enabled
20220312 003634.301 INFO             PET0 ESMF_LAPACK                 : enabled
20220312 003634.301 INFO             PET0 ESMF_NETCDF                 : enabled
20220312 003634.301 INFO             PET0 ESMF_PNETCDF                : disabled
20220312 003634.301 INFO             PET0 ESMF_PIO                    : enabled
20220312 003634.301 INFO             PET0 ESMF_YAMLCPP                : enabled
20220312 003634.358 INFO             PET0  Beginning Test, file ESMF_FieldIOUTest.F90, line 123
20220312 003634.358 INFO             PET0  NUMBER_OF_PROCESSORS           4
20220312 003634.358 INFO             PET0  PASS  Array Spec Set, ESMF_FieldIOUTest.F90, line 146
20220312 003634.358 INFO             PET0  PASS  Creating a Grid to use in Field Tests, ESMF_FieldIOUTest.F90, line 157
20220312 003634.359 INFO             PET0  PASS  Create a field from grid and fortran dummy array, ESMF_FieldIOUTest.F90, line 179
20220312 003634.359 INFO             PET0  PASS  Get Farray_w from field, ESMF_FieldIOUTest.F90, line 190
20220312 003634.376 INFO             PET0 PIOc_sync Enter - MemInfo: [/proc/meminfo - SSI]	MemTotal:       65855856 kB
20220312 003634.376 INFO             PET0 PIOc_sync Enter - MemInfo: [/proc/meminfo - SSI]	MemFree:        61317952 kB
20220312 003634.376 INFO             PET0 PIOc_sync Enter - MemInfo: [/proc/meminfo - SSI]	MemAvailable:   61093592 kB
20220312 003634.376 INFO             PET0 PIOc_sync Enter - MemInfo: [/proc/meminfo - SSI]	Committed_AS:    2782716 kB
20220312 003634.376 INFO             PET0 PIOc_sync Enter - MemInfo: [/proc/meminfo - SSI]	CommittedPercent: 4.22546 %
20220312 003634.377 INFO             PET0 PIOc_sync Enter - MemInfo: [/proc/self/status]	VmPeak:	   83160 kB
20220312 003634.377 INFO             PET0 PIOc_sync Enter - MemInfo: [/proc/self/status]	VmSize:	   83160 kB
20220312 003634.377 INFO             PET0 PIOc_sync Enter - MemInfo: [/proc/self/status]	VmLck:	       0 kB
20220312 003634.377 INFO             PET0 PIOc_sync Enter - MemInfo: [/proc/self/status]	VmPin:	       0 kB
20220312 003634.377 INFO             PET0 PIOc_sync Enter - MemInfo: [/proc/self/status]	VmHWM:	   17732 kB
20220312 003634.377 INFO             PET0 PIOc_sync Enter - MemInfo: [/proc/self/status]	VmRSS:	   17732 kB
20220312 003634.377 INFO             PET0 PIOc_sync Enter - MemInfo: [/proc/self/status]	VmData:	   16728 kB
20220312 003634.377 INFO             PET0 PIOc_sync Enter - MemInfo: [/proc/self/status]	VmStk:	     164 kB
20220312 003634.377 INFO             PET0 PIOc_sync Enter - MemInfo: [/proc/self/status]	VmExe:	   40848 kB
20220312 003634.377 INFO             PET0 PIOc_sync Enter - MemInfo: [/proc/self/status]	VmLib:	    1952 kB
20220312 003634.377 INFO             PET0 PIOc_sync Enter - MemInfo: [/proc/self/status]	VmPTE:	     144 kB
20220312 003634.377 INFO             PET0 PIOc_sync Enter - MemInfo: [/proc/self/status]	VmPMD:	      12 kB
20220312 003634.377 INFO             PET0 PIOc_sync Enter - MemInfo: [/proc/self/status]	VmSwap:	       0 kB
20220312 003634.377 INFO             PET0 PIOc_sync Enter - MemInfo: [/proc/self/status]	VmRSSPercent: 0.0269255 %
20220312 003634.377 INFO             PET0 PIOc_sync Enter - MemInfo: [malloc] Non-mmapped space allocated:                  960832 Byte
20220312 003634.377 INFO             PET0 PIOc_sync Enter - MemInfo: [malloc] Space allocated in mmapped regions:         11808768 Byte
20220312 003634.377 INFO             PET0 PIOc_sync Enter - MemInfo: [malloc] Maximum total allocated space:                     0 Byte
20220312 003634.377 INFO             PET0 PIOc_sync Enter - MemInfo: [malloc] Space in freed fastbin blocks:                     0 Byte
20220312 003634.377 INFO             PET0 PIOc_sync Enter - MemInfo: [malloc] Total allocated space:                        909280 Byte
20220312 003634.377 INFO             PET0 PIOc_sync Enter - MemInfo: [malloc] Total free space:                              51552 Byte
20220312 003634.377 INFO             PET0 PIOc_sync Enter - MemInfo: [malloc] Top-most, releasable space:                    51552 Byte
20220312 003634.377 INFO             PET0 PIOc_sync Enter - MemInfo: [malloc] Total space in use, mmap + non-mmap:        12718048 Byte
20220312 003634.377 INFO             PET0 PIOc_sync Enter - MemInfo: [malloc] Total space held (mmap + non-mmap):         12769600 Byte
20220312 003634.377 INFO             PET0 PIOc_sync Enter - MemInfo: [malloc] Total space used (mmap + non-mmap):         12728112 Byte
20220312 003634.377 INFO             PET0 PIOc_sync Enter - MemInfo: Wall-clock time since execution start:               0.090445 seconds
20220312 003634.377 INFO             PET0 PIOc_sync Exit - MemInfo: [/proc/meminfo - SSI]	MemTotal:       65855856 kB
20220312 003634.377 INFO             PET0 PIOc_sync Exit - MemInfo: [/proc/meminfo - SSI]	MemFree:        61317448 kB
20220312 003634.377 INFO             PET0 PIOc_sync Exit - MemInfo: [/proc/meminfo - SSI]	MemAvailable:   61093088 kB
20220312 003634.377 INFO             PET0 PIOc_sync Exit - MemInfo: [/proc/meminfo - SSI]	Committed_AS:    2782716 kB
20220312 003634.377 INFO             PET0 PIOc_sync Exit - MemInfo: [/proc/meminfo - SSI]	CommittedPercent: 4.22546 %
20220312 003634.377 INFO             PET0 PIOc_sync Exit - MemInfo: [/proc/self/status]	VmPeak:	   83632 kB
20220312 003634.377 INFO             PET0 PIOc_sync Exit - MemInfo: [/proc/self/status]	VmSize:	   83632 kB
20220312 003634.377 INFO             PET0 PIOc_sync Exit - MemInfo: [/proc/self/status]	VmLck:	       0 kB
20220312 003634.377 INFO             PET0 PIOc_sync Exit - MemInfo: [/proc/self/status]	VmPin:	       0 kB
20220312 003634.377 INFO             PET0 PIOc_sync Exit - MemInfo: [/proc/self/status]	VmHWM:	   18252 kB
20220312 003634.377 INFO             PET0 PIOc_sync Exit - MemInfo: [/proc/self/status]	VmRSS:	   18252 kB
20220312 003634.377 INFO             PET0 PIOc_sync Exit - MemInfo: [/proc/self/status]	VmData:	   17200 kB
20220312 003634.377 INFO             PET0 PIOc_sync Exit - MemInfo: [/proc/self/status]	VmStk:	     164 kB
20220312 003634.377 INFO             PET0 PIOc_sync Exit - MemInfo: [/proc/self/status]	VmExe:	   40848 kB
20220312 003634.377 INFO             PET0 PIOc_sync Exit - MemInfo: [/proc/self/status]	VmLib:	    1952 kB
20220312 003634.377 INFO             PET0 PIOc_sync Exit - MemInfo: [/proc/self/status]	VmPTE:	     152 kB
20220312 003634.377 INFO             PET0 PIOc_sync Exit - MemInfo: [/proc/self/status]	VmPMD:	      12 kB
20220312 003634.377 INFO             PET0 PIOc_sync Exit - MemInfo: [/proc/self/status]	VmSwap:	       0 kB
20220312 003634.377 INFO             PET0 PIOc_sync Exit - MemInfo: [/proc/self/status]	VmRSSPercent: 0.0277151 %
20220312 003634.378 INFO             PET0 PIOc_sync Exit - MemInfo: [malloc] Non-mmapped space allocated:                 1112384 Byte
20220312 003634.378 INFO             PET0 PIOc_sync Exit - MemInfo: [malloc] Space allocated in mmapped regions:         12140544 Byte
20220312 003634.378 INFO             PET0 PIOc_sync Exit - MemInfo: [malloc] Maximum total allocated space:                     0 Byte
20220312 003634.378 INFO             PET0 PIOc_sync Exit - MemInfo: [malloc] Space in freed fastbin blocks:                     0 Byte
20220312 003634.378 INFO             PET0 PIOc_sync Exit - MemInfo: [malloc] Total allocated space:                        981456 Byte
20220312 003634.378 INFO             PET0 PIOc_sync Exit - MemInfo: [malloc] Total free space:                             130928 Byte
20220312 003634.378 INFO             PET0 PIOc_sync Exit - MemInfo: [malloc] Top-most, releasable space:                   129424 Byte
20220312 003634.378 INFO             PET0 PIOc_sync Exit - MemInfo: [malloc] Total space in use, mmap + non-mmap:        13122000 Byte
20220312 003634.378 INFO             PET0 PIOc_sync Exit - MemInfo: [malloc] Total space held (mmap + non-mmap):         13252928 Byte
20220312 003634.378 INFO             PET0 PIOc_sync Exit - MemInfo: [malloc] Total space used (mmap + non-mmap):         13130944 Byte
20220312 003634.378 INFO             PET0 PIOc_sync Exit - MemInfo: Wall-clock time since execution start:              0.0911891 seconds
20220312 003634.378 INFO             PET0 PIOc_freedecomp Enter - MemInfo: [/proc/meminfo - SSI]	MemTotal:       65855856 kB
20220312 003634.378 INFO             PET0 PIOc_freedecomp Enter - MemInfo: [/proc/meminfo - SSI]	MemFree:        61324504 kB
20220312 003634.378 INFO             PET0 PIOc_freedecomp Enter - MemInfo: [/proc/meminfo - SSI]	MemAvailable:   61100144 kB
20220312 003634.378 INFO             PET0 PIOc_freedecomp Enter - MemInfo: [/proc/meminfo - SSI]	Committed_AS:    2774992 kB
20220312 003634.378 INFO             PET0 PIOc_freedecomp Enter - MemInfo: [/proc/meminfo - SSI]	CommittedPercent: 4.21374 %
20220312 003634.378 INFO             PET0 PIOc_freedecomp Enter - MemInfo: [/proc/self/status]	VmPeak:	   83632 kB
20220312 003634.378 INFO             PET0 PIOc_freedecomp Enter - MemInfo: [/proc/self/status]	VmSize:	   74920 kB
20220312 003634.378 INFO             PET0 PIOc_freedecomp Enter - MemInfo: [/proc/self/status]	VmLck:	       0 kB
20220312 003634.378 INFO             PET0 PIOc_freedecomp Enter - MemInfo: [/proc/self/status]	VmPin:	       0 kB
20220312 003634.378 INFO             PET0 PIOc_freedecomp Enter - MemInfo: [/proc/self/status]	VmHWM:	   18252 kB
20220312 003634.378 INFO             PET0 PIOc_freedecomp Enter - MemInfo: [/proc/self/status]	VmRSS:	   10092 kB
20220312 003634.378 INFO             PET0 PIOc_freedecomp Enter - MemInfo: [/proc/self/status]	VmData:	    8488 kB
20220312 003634.378 INFO             PET0 PIOc_freedecomp Enter - MemInfo: [/proc/self/status]	VmStk:	     164 kB
20220312 003634.378 INFO             PET0 PIOc_freedecomp Enter - MemInfo: [/proc/self/status]	VmExe:	   40848 kB
20220312 003634.378 INFO             PET0 PIOc_freedecomp Enter - MemInfo: [/proc/self/status]	VmLib:	    1952 kB
20220312 003634.378 INFO             PET0 PIOc_freedecomp Enter - MemInfo: [/proc/self/status]	VmPTE:	     140 kB
20220312 003634.378 INFO             PET0 PIOc_freedecomp Enter - MemInfo: [/proc/self/status]	VmPMD:	      12 kB
20220312 003634.378 INFO             PET0 PIOc_freedecomp Enter - MemInfo: [/proc/self/status]	VmSwap:	       0 kB
20220312 003634.378 INFO             PET0 PIOc_freedecomp Enter - MemInfo: [/proc/self/status]	VmRSSPercent: 0.0153244 %
20220312 003634.378 INFO             PET0 PIOc_freedecomp Enter - MemInfo: [malloc] Non-mmapped space allocated:                 1112384 Byte
20220312 003634.378 INFO             PET0 PIOc_freedecomp Enter - MemInfo: [malloc] Space allocated in mmapped regions:          3219456 Byte
20220312 003634.378 INFO             PET0 PIOc_freedecomp Enter - MemInfo: [malloc] Maximum total allocated space:                     0 Byte
20220312 003634.378 INFO             PET0 PIOc_freedecomp Enter - MemInfo: [malloc] Space in freed fastbin blocks:                   384 Byte
20220312 003634.378 INFO             PET0 PIOc_freedecomp Enter - MemInfo: [malloc] Total allocated space:                        971536 Byte
20220312 003634.378 INFO             PET0 PIOc_freedecomp Enter - MemInfo: [malloc] Total free space:                             140848 Byte
20220312 003634.378 INFO             PET0 PIOc_freedecomp Enter - MemInfo: [malloc] Top-most, releasable space:                   129200 Byte
20220312 003634.378 INFO             PET0 PIOc_freedecomp Enter - MemInfo: [malloc] Total space in use, mmap + non-mmap:         4190992 Byte
20220312 003634.378 INFO             PET0 PIOc_freedecomp Enter - MemInfo: [malloc] Total space held (mmap + non-mmap):          4331840 Byte
20220312 003634.378 INFO             PET0 PIOc_freedecomp Enter - MemInfo: [malloc] Total space used (mmap + non-mmap):          4199536 Byte
20220312 003634.378 INFO             PET0 PIOc_freedecomp Enter - MemInfo: Wall-clock time since execution start:              0.0920219 seconds
20220312 003634.379 INFO             PET0 PIOc_freedecomp Exit - MemInfo: [/proc/meminfo - SSI]	MemTotal:       65855856 kB
20220312 003634.379 INFO             PET0 PIOc_freedecomp Exit - MemInfo: [/proc/meminfo - SSI]	MemFree:        61324504 kB
20220312 003634.379 INFO             PET0 PIOc_freedecomp Exit - MemInfo: [/proc/meminfo - SSI]	MemAvailable:   61100144 kB
20220312 003634.379 INFO             PET0 PIOc_freedecomp Exit - MemInfo: [/proc/meminfo - SSI]	Committed_AS:    2774992 kB
20220312 003634.379 INFO             PET0 PIOc_freedecomp Exit - MemInfo: [/proc/meminfo - SSI]	CommittedPercent: 4.21374 %
20220312 003634.379 INFO             PET0 PIOc_freedecomp Exit - MemInfo: [/proc/self/status]	VmPeak:	   83632 kB
20220312 003634.379 INFO             PET0 PIOc_freedecomp Exit - MemInfo: [/proc/self/status]	VmSize:	   74920 kB
20220312 003634.379 INFO             PET0 PIOc_freedecomp Exit - MemInfo: [/proc/self/status]	VmLck:	       0 kB
20220312 003634.379 INFO             PET0 PIOc_freedecomp Exit - MemInfo: [/proc/self/status]	VmPin:	       0 kB
20220312 003634.379 INFO             PET0 PIOc_freedecomp Exit - MemInfo: [/proc/self/status]	VmHWM:	   18252 kB
20220312 003634.379 INFO             PET0 PIOc_freedecomp Exit - MemInfo: [/proc/self/status]	VmRSS:	   10092 kB
20220312 003634.379 INFO             PET0 PIOc_freedecomp Exit - MemInfo: [/proc/self/status]	VmData:	    8488 kB
20220312 003634.379 INFO             PET0 PIOc_freedecomp Exit - MemInfo: [/proc/self/status]	VmStk:	     164 kB
20220312 003634.379 INFO             PET0 PIOc_freedecomp Exit - MemInfo: [/proc/self/status]	VmExe:	   40848 kB
20220312 003634.379 INFO             PET0 PIOc_freedecomp Exit - MemInfo: [/proc/self/status]	VmLib:	    1952 kB
20220312 003634.379 INFO             PET0 PIOc_freedecomp Exit - MemInfo: [/proc/self/status]	VmPTE:	     140 kB
20220312 003634.379 INFO             PET0 PIOc_freedecomp Exit - MemInfo: [/proc/self/status]	VmPMD:	      12 kB
20220312 003634.379 INFO             PET0 PIOc_freedecomp Exit - MemInfo: [/proc/self/status]	VmSwap:	       0 kB
20220312 003634.379 INFO             PET0 PIOc_freedecomp Exit - MemInfo: [/proc/self/status]	VmRSSPercent: 0.0153244 %
20220312 003634.379 INFO             PET0 PIOc_freedecomp Exit - MemInfo: [malloc] Non-mmapped space allocated:                 1112384 Byte
20220312 003634.379 INFO             PET0 PIOc_freedecomp Exit - MemInfo: [malloc] Space allocated in mmapped regions:          3219456 Byte
20220312 003634.379 INFO             PET0 PIOc_freedecomp Exit - MemInfo: [malloc] Maximum total allocated space:                     0 Byte
20220312 003634.379 INFO             PET0 PIOc_freedecomp Exit - MemInfo: [malloc] Space in freed fastbin blocks:                   816 Byte
20220312 003634.379 INFO             PET0 PIOc_freedecomp Exit - MemInfo: [malloc] Total allocated space:                        969184 Byte
20220312 003634.379 INFO             PET0 PIOc_freedecomp Exit - MemInfo: [malloc] Total free space:                             143200 Byte
20220312 003634.379 INFO             PET0 PIOc_freedecomp Exit - MemInfo: [malloc] Top-most, releasable space:                   129200 Byte
20220312 003634.379 INFO             PET0 PIOc_freedecomp Exit - MemInfo: [malloc] Total space in use, mmap + non-mmap:         4188640 Byte
20220312 003634.379 INFO             PET0 PIOc_freedecomp Exit - MemInfo: [malloc] Total space held (mmap + non-mmap):          4331840 Byte
20220312 003634.379 INFO             PET0 PIOc_freedecomp Exit - MemInfo: [malloc] Total space used (mmap + non-mmap):          4197296 Byte
20220312 003634.379 INFO             PET0 PIOc_freedecomp Exit - MemInfo: Wall-clock time since execution start:               0.092428 seconds
20220312 003634.379 INFO             PET0  PASS  Write Fortran array in Field, ESMF_FieldIOUTest.F90, line 219
20220312 003634.379 INFO             PET0  PASS  Create a field from grid and fortran dummy array without halo, ESMF_FieldIOUTest.F90, line 233
20220312 003634.379 INFO             PET0  PASS  Get Farray_w from nohalo field, ESMF_FieldIOUTest.F90, line 244
20220312 003634.396 INFO             PET0 PIOc_sync Enter - MemInfo: [/proc/meminfo - SSI]	MemTotal:       65855856 kB
20220312 003634.396 INFO             PET0 PIOc_sync Enter - MemInfo: [/proc/meminfo - SSI]	MemFree:        61318412 kB
20220312 003634.396 INFO             PET0 PIOc_sync Enter - MemInfo: [/proc/meminfo - SSI]	MemAvailable:   61094120 kB
20220312 003634.396 INFO             PET0 PIOc_sync Enter - MemInfo: [/proc/meminfo - SSI]	Committed_AS:    2783184 kB
20220312 003634.396 INFO             PET0 PIOc_sync Enter - MemInfo: [/proc/meminfo - SSI]	CommittedPercent: 4.22618 %
20220312 003634.396 INFO             PET0 PIOc_sync Enter - MemInfo: [/proc/self/status]	VmPeak:	   83632 kB
20220312 003634.396 INFO             PET0 PIOc_sync Enter - MemInfo: [/proc/self/status]	VmSize:	   83628 kB
20220312 003634.397 INFO             PET0 PIOc_sync Enter - MemInfo: [/proc/self/status]	VmLck:	       0 kB
20220312 003634.397 INFO             PET0 PIOc_sync Enter - MemInfo: [/proc/self/status]	VmPin:	       0 kB
20220312 003634.397 INFO             PET0 PIOc_sync Enter - MemInfo: [/proc/self/status]	VmHWM:	   18252 kB
20220312 003634.397 INFO             PET0 PIOc_sync Enter - MemInfo: [/proc/self/status]	VmRSS:	   18240 kB
20220312 003634.397 INFO             PET0 PIOc_sync Enter - MemInfo: [/proc/self/status]	VmData:	   17196 kB
20220312 003634.397 INFO             PET0 PIOc_sync Enter - MemInfo: [/proc/self/status]	VmStk:	     164 kB
20220312 003634.397 INFO             PET0 PIOc_sync Enter - MemInfo: [/proc/self/status]	VmExe:	   40848 kB
20220312 003634.397 INFO             PET0 PIOc_sync Enter - MemInfo: [/proc/self/status]	VmLib:	    1952 kB
20220312 003634.397 INFO             PET0 PIOc_sync Enter - MemInfo: [/proc/self/status]	VmPTE:	     160 kB
20220312 003634.397 INFO             PET0 PIOc_sync Enter - MemInfo: [/proc/self/status]	VmPMD:	      12 kB
20220312 003634.397 INFO             PET0 PIOc_sync Enter - MemInfo: [/proc/self/status]	VmSwap:	       0 kB
20220312 003634.397 INFO             PET0 PIOc_sync Enter - MemInfo: [/proc/self/status]	VmRSSPercent: 0.0276969 %
20220312 003634.397 INFO             PET0 PIOc_sync Enter - MemInfo: [malloc] Non-mmapped space allocated:                10029376 Byte
20220312 003634.397 INFO             PET0 PIOc_sync Enter - MemInfo: [malloc] Space allocated in mmapped regions:          3219456 Byte
20220312 003634.397 INFO             PET0 PIOc_sync Enter - MemInfo: [malloc] Maximum total allocated space:                     0 Byte
20220312 003634.397 INFO             PET0 PIOc_sync Enter - MemInfo: [malloc] Space in freed fastbin blocks:                     0 Byte
20220312 003634.397 INFO             PET0 PIOc_sync Enter - MemInfo: [malloc] Total allocated space:                       9904112 Byte
20220312 003634.397 INFO             PET0 PIOc_sync Enter - MemInfo: [malloc] Total free space:                             125264 Byte
20220312 003634.397 INFO             PET0 PIOc_sync Enter - MemInfo: [malloc] Top-most, releasable space:                   122768 Byte
20220312 003634.397 INFO             PET0 PIOc_sync Enter - MemInfo: [malloc] Total space in use, mmap + non-mmap:        13123568 Byte
20220312 003634.397 INFO             PET0 PIOc_sync Enter - MemInfo: [malloc] Total space held (mmap + non-mmap):         13248832 Byte
20220312 003634.397 INFO             PET0 PIOc_sync Enter - MemInfo: [malloc] Total space used (mmap + non-mmap):         13132336 Byte
20220312 003634.397 INFO             PET0 PIOc_sync Enter - MemInfo: Wall-clock time since execution start:               0.110347 seconds
20220312 003634.397 INFO             PET0 PIOc_sync Exit - MemInfo: [/proc/meminfo - SSI]	MemTotal:       65855856 kB
20220312 003634.397 INFO             PET0 PIOc_sync Exit - MemInfo: [/proc/meminfo - SSI]	MemFree:        61318412 kB
20220312 003634.397 INFO             PET0 PIOc_sync Exit - MemInfo: [/proc/meminfo - SSI]	MemAvailable:   61094120 kB
20220312 003634.397 INFO             PET0 PIOc_sync Exit - MemInfo: [/proc/meminfo - SSI]	Committed_AS:    2783184 kB
20220312 003634.397 INFO             PET0 PIOc_sync Exit - MemInfo: [/proc/meminfo - SSI]	CommittedPercent: 4.22618 %
20220312 003634.397 INFO             PET0 PIOc_sync Exit - MemInfo: [/proc/self/status]	VmPeak:	   83632 kB
20220312 003634.397 INFO             PET0 PIOc_sync Exit - MemInfo: [/proc/self/status]	VmSize:	   83628 kB
20220312 003634.397 INFO             PET0 PIOc_sync Exit - MemInfo: [/proc/self/status]	VmLck:	       0 kB
20220312 003634.397 INFO             PET0 PIOc_sync Exit - MemInfo: [/proc/self/status]	VmPin:	       0 kB
20220312 003634.397 INFO             PET0 PIOc_sync Exit - MemInfo: [/proc/self/status]	VmHWM:	   18252 kB
20220312 003634.397 INFO             PET0 PIOc_sync Exit - MemInfo: [/proc/self/status]	VmRSS:	   18240 kB
20220312 003634.397 INFO             PET0 PIOc_sync Exit - MemInfo: [/proc/self/status]	VmData:	   17196 kB
20220312 003634.397 INFO             PET0 PIOc_sync Exit - MemInfo: [/proc/self/status]	VmStk:	     164 kB
20220312 003634.397 INFO             PET0 PIOc_sync Exit - MemInfo: [/proc/self/status]	VmExe:	   40848 kB
20220312 003634.397 INFO             PET0 PIOc_sync Exit - MemInfo: [/proc/self/status]	VmLib:	    1952 kB
20220312 003634.397 INFO             PET0 PIOc_sync Exit - MemInfo: [/proc/self/status]	VmPTE:	     160 kB
20220312 003634.397 INFO             PET0 PIOc_sync Exit - MemInfo: [/proc/self/status]	VmPMD:	      12 kB
20220312 003634.397 INFO             PET0 PIOc_sync Exit - MemInfo: [/proc/self/status]	VmSwap:	       0 kB
20220312 003634.397 INFO             PET0 PIOc_sync Exit - MemInfo: [/proc/self/status]	VmRSSPercent: 0.0276969 %
20220312 003634.397 INFO             PET0 PIOc_sync Exit - MemInfo: [malloc] Non-mmapped space allocated:                10029376 Byte
20220312 003634.397 INFO             PET0 PIOc_sync Exit - MemInfo: [malloc] Space allocated in mmapped regions:          3219456 Byte
20220312 003634.397 INFO             PET0 PIOc_sync Exit - MemInfo: [malloc] Maximum total allocated space:                     0 Byte
20220312 003634.397 INFO             PET0 PIOc_sync Exit - MemInfo: [malloc] Space in freed fastbin blocks:                     0 Byte
20220312 003634.397 INFO             PET0 PIOc_sync Exit - MemInfo: [malloc] Total allocated space:                       9905904 Byte
20220312 003634.397 INFO             PET0 PIOc_sync Exit - MemInfo: [malloc] Total free space:                             123472 Byte
20220312 003634.397 INFO             PET0 PIOc_sync Exit - MemInfo: [malloc] Top-most, releasable space:                   122544 Byte
20220312 003634.397 INFO             PET0 PIOc_sync Exit - MemInfo: [malloc] Total space in use, mmap + non-mmap:        13125360 Byte
20220312 003634.397 INFO             PET0 PIOc_sync Exit - MemInfo: [malloc] Total space held (mmap + non-mmap):         13248832 Byte
20220312 003634.397 INFO             PET0 PIOc_sync Exit - MemInfo: [malloc] Total space used (mmap + non-mmap):         13133680 Byte
20220312 003634.397 INFO             PET0 PIOc_sync Exit - MemInfo: Wall-clock time since execution start:               0.110853 seconds
20220312 003634.398 INFO             PET0 PIOc_freedecomp Enter - MemInfo: [/proc/meminfo - SSI]	MemTotal:       65855856 kB
20220312 003634.398 INFO             PET0 PIOc_freedecomp Enter - MemInfo: [/proc/meminfo - SSI]	MemFree:        61318412 kB
20220312 003634.398 INFO             PET0 PIOc_freedecomp Enter - MemInfo: [/proc/meminfo - SSI]	MemAvailable:   61094120 kB
20220312 003634.398 INFO             PET0 PIOc_freedecomp Enter - MemInfo: [/proc/meminfo - SSI]	Committed_AS:    2783184 kB
20220312 003634.398 INFO             PET0 PIOc_freedecomp Enter - MemInfo: [/proc/meminfo - SSI]	CommittedPercent: 4.22618 %
20220312 003634.398 INFO             PET0 PIOc_freedecomp Enter - MemInfo: [/proc/self/status]	VmPeak:	   83632 kB
20220312 003634.398 INFO             PET0 PIOc_freedecomp Enter - MemInfo: [/proc/self/status]	VmSize:	   83628 kB
20220312 003634.398 INFO             PET0 PIOc_freedecomp Enter - MemInfo: [/proc/self/status]	VmLck:	       0 kB
20220312 003634.398 INFO             PET0 PIOc_freedecomp Enter - MemInfo: [/proc/self/status]	VmPin:	       0 kB
20220312 003634.398 INFO             PET0 PIOc_freedecomp Enter - MemInfo: [/proc/self/status]	VmHWM:	   18252 kB
20220312 003634.398 INFO             PET0 PIOc_freedecomp Enter - MemInfo: [/proc/self/status]	VmRSS:	   18240 kB
20220312 003634.398 INFO             PET0 PIOc_freedecomp Enter - MemInfo: [/proc/self/status]	VmData:	   17196 kB
20220312 003634.398 INFO             PET0 PIOc_freedecomp Enter - MemInfo: [/proc/self/status]	VmStk:	     164 kB
20220312 003634.398 INFO             PET0 PIOc_freedecomp Enter - MemInfo: [/proc/self/status]	VmExe:	   40848 kB
20220312 003634.398 INFO             PET0 PIOc_freedecomp Enter - MemInfo: [/proc/self/status]	VmLib:	    1952 kB
20220312 003634.398 INFO             PET0 PIOc_freedecomp Enter - MemInfo: [/proc/self/status]	VmPTE:	     160 kB
20220312 003634.398 INFO             PET0 PIOc_freedecomp Enter - MemInfo: [/proc/self/status]	VmPMD:	      12 kB
20220312 003634.398 INFO             PET0 PIOc_freedecomp Enter - MemInfo: [/proc/self/status]	VmSwap:	       0 kB
20220312 003634.398 INFO             PET0 PIOc_freedecomp Enter - MemInfo: [/proc/self/status]	VmRSSPercent: 0.0276969 %
20220312 003634.398 INFO             PET0 PIOc_freedecomp Enter - MemInfo: [malloc] Non-mmapped space allocated:                10029376 Byte
20220312 003634.398 INFO             PET0 PIOc_freedecomp Enter - MemInfo: [malloc] Space allocated in mmapped regions:          3219456 Byte
20220312 003634.398 INFO             PET0 PIOc_freedecomp Enter - MemInfo: [malloc] Maximum total allocated space:                     0 Byte
20220312 003634.398 INFO             PET0 PIOc_freedecomp Enter - MemInfo: [malloc] Space in freed fastbin blocks:                   224 Byte
20220312 003634.398 INFO             PET0 PIOc_freedecomp Enter - MemInfo: [malloc] Total allocated space:                        982288 Byte
20220312 003634.398 INFO             PET0 PIOc_freedecomp Enter - MemInfo: [malloc] Total free space:                            9047088 Byte
20220312 003634.398 INFO             PET0 PIOc_freedecomp Enter - MemInfo: [malloc] Top-most, releasable space:                   122320 Byte
20220312 003634.398 INFO             PET0 PIOc_freedecomp Enter - MemInfo: [malloc] Total space in use, mmap + non-mmap:         4201744 Byte
20220312 003634.398 INFO             PET0 PIOc_freedecomp Enter - MemInfo: [malloc] Total space held (mmap + non-mmap):         13248832 Byte
20220312 003634.398 INFO             PET0 PIOc_freedecomp Enter - MemInfo: [malloc] Total space used (mmap + non-mmap):          4209952 Byte
20220312 003634.398 INFO             PET0 PIOc_freedecomp Enter - MemInfo: Wall-clock time since execution start:               0.111468 seconds
20220312 003634.398 INFO             PET0 PIOc_freedecomp Exit - MemInfo: [/proc/meminfo - SSI]	MemTotal:       65855856 kB
20220312 003634.398 INFO             PET0 PIOc_freedecomp Exit - MemInfo: [/proc/meminfo - SSI]	MemFree:        61318412 kB
20220312 003634.398 INFO             PET0 PIOc_freedecomp Exit - MemInfo: [/proc/meminfo - SSI]	MemAvailable:   61094120 kB
20220312 003634.398 INFO             PET0 PIOc_freedecomp Exit - MemInfo: [/proc/meminfo - SSI]	Committed_AS:    2783184 kB
20220312 003634.398 INFO             PET0 PIOc_freedecomp Exit - MemInfo: [/proc/meminfo - SSI]	CommittedPercent: 4.22618 %
20220312 003634.398 INFO             PET0 PIOc_freedecomp Exit - MemInfo: [/proc/self/status]	VmPeak:	   83632 kB
20220312 003634.398 INFO             PET0 PIOc_freedecomp Exit - MemInfo: [/proc/self/status]	VmSize:	   83628 kB
20220312 003634.398 INFO             PET0 PIOc_freedecomp Exit - MemInfo: [/proc/self/status]	VmLck:	       0 kB
20220312 003634.398 INFO             PET0 PIOc_freedecomp Exit - MemInfo: [/proc/self/status]	VmPin:	       0 kB
20220312 003634.398 INFO             PET0 PIOc_freedecomp Exit - MemInfo: [/proc/self/status]	VmHWM:	   18252 kB
20220312 003634.398 INFO             PET0 PIOc_freedecomp Exit - MemInfo: [/proc/self/status]	VmRSS:	   18240 kB
20220312 003634.398 INFO             PET0 PIOc_freedecomp Exit - MemInfo: [/proc/self/status]	VmData:	   17196 kB
20220312 003634.398 INFO             PET0 PIOc_freedecomp Exit - MemInfo: [/proc/self/status]	VmStk:	     164 kB
20220312 003634.398 INFO             PET0 PIOc_freedecomp Exit - MemInfo: [/proc/self/status]	VmExe:	   40848 kB
20220312 003634.398 INFO             PET0 PIOc_freedecomp Exit - MemInfo: [/proc/self/status]	VmLib:	    1952 kB
20220312 003634.398 INFO             PET0 PIOc_freedecomp Exit - MemInfo: [/proc/self/status]	VmPTE:	     160 kB
20220312 003634.398 INFO             PET0 PIOc_freedecomp Exit - MemInfo: [/proc/self/status]	VmPMD:	      12 kB
20220312 003634.398 INFO             PET0 PIOc_freedecomp Exit - MemInfo: [/proc/self/status]	VmSwap:	       0 kB
20220312 003634.398 INFO             PET0 PIOc_freedecomp Exit - MemInfo: [/proc/self/status]	VmRSSPercent: 0.0276969 %
20220312 003634.398 INFO             PET0 PIOc_freedecomp Exit - MemInfo: [malloc] Non-mmapped space allocated:                10029376 Byte
20220312 003634.398 INFO             PET0 PIOc_freedecomp Exit - MemInfo: [malloc] Space allocated in mmapped regions:          3219456 Byte
20220312 003634.398 INFO             PET0 PIOc_freedecomp Exit - MemInfo: [malloc] Maximum total allocated space:                     0 Byte
20220312 003634.398 INFO             PET0 PIOc_freedecomp Exit - MemInfo: [malloc] Space in freed fastbin blocks:                   992 Byte
20220312 003634.398 INFO             PET0 PIOc_freedecomp Exit - MemInfo: [malloc] Total allocated space:                        979520 Byte
20220312 003634.398 INFO             PET0 PIOc_freedecomp Exit - MemInfo: [malloc] Total free space:                            9049856 Byte
20220312 003634.398 INFO             PET0 PIOc_freedecomp Exit - MemInfo: [malloc] Top-most, releasable space:                   122320 Byte
20220312 003634.398 INFO             PET0 PIOc_freedecomp Exit - MemInfo: [malloc] Total space in use, mmap + non-mmap:         4198976 Byte
20220312 003634.398 INFO             PET0 PIOc_freedecomp Exit - MemInfo: [malloc] Total space held (mmap + non-mmap):         13248832 Byte
20220312 003634.398 INFO             PET0 PIOc_freedecomp Exit - MemInfo: [malloc] Total space used (mmap + non-mmap):          4207184 Byte
20220312 003634.398 INFO             PET0 PIOc_freedecomp Exit - MemInfo: Wall-clock time since execution start:               0.111889 seconds
20220312 003634.398 INFO             PET0  PASS  Write Fortran array in nohalo Field, ESMF_FieldIOUTest.F90, line 268
20220312 003634.399 INFO             PET0  PASS  Create a field from grid and fortran dummy array without halo, ESMF_FieldIOUTest.F90, line 281
20220312 003634.415 INFO             PET0 PIOc_sync Enter - MemInfo: [/proc/meminfo - SSI]	MemTotal:       65855856 kB
20220312 003634.415 INFO             PET0 PIOc_sync Enter - MemInfo: [/proc/meminfo - SSI]	MemFree:        61317908 kB
20220312 003634.415 INFO             PET0 PIOc_sync Enter - MemInfo: [/proc/meminfo - SSI]	MemAvailable:   61093616 kB
20220312 003634.415 INFO             PET0 PIOc_sync Enter - MemInfo: [/proc/meminfo - SSI]	Committed_AS:    2783184 kB
20220312 003634.415 INFO             PET0 PIOc_sync Enter - MemInfo: [/proc/meminfo - SSI]	CommittedPercent: 4.22618 %
20220312 003634.415 INFO             PET0 PIOc_sync Enter - MemInfo: [/proc/self/status]	VmPeak:	   83632 kB
20220312 003634.415 INFO             PET0 PIOc_sync Enter - MemInfo: [/proc/self/status]	VmSize:	   83604 kB
20220312 003634.415 INFO             PET0 PIOc_sync Enter - MemInfo: [/proc/self/status]	VmLck:	       0 kB
20220312 003634.415 INFO             PET0 PIOc_sync Enter - MemInfo: [/proc/self/status]	VmPin:	       0 kB
20220312 003634.416 INFO             PET0 PIOc_sync Enter - MemInfo: [/proc/self/status]	VmHWM:	   18672 kB
20220312 003634.416 INFO             PET0 PIOc_sync Enter - MemInfo: [/proc/self/status]	VmRSS:	   18672 kB
20220312 003634.416 INFO             PET0 PIOc_sync Enter - MemInfo: [/proc/self/status]	VmData:	   17196 kB
20220312 003634.416 INFO             PET0 PIOc_sync Enter - MemInfo: [/proc/self/status]	VmStk:	     164 kB
20220312 003634.416 INFO             PET0 PIOc_sync Enter - MemInfo: [/proc/self/status]	VmExe:	   40848 kB
20220312 003634.416 INFO             PET0 PIOc_sync Enter - MemInfo: [/proc/self/status]	VmLib:	    1952 kB
20220312 003634.416 INFO             PET0 PIOc_sync Enter - MemInfo: [/proc/self/status]	VmPTE:	     164 kB
20220312 003634.416 INFO             PET0 PIOc_sync Enter - MemInfo: [/proc/self/status]	VmPMD:	      12 kB
20220312 003634.416 INFO             PET0 PIOc_sync Enter - MemInfo: [/proc/self/status]	VmSwap:	       0 kB
20220312 003634.416 INFO             PET0 PIOc_sync Enter - MemInfo: [/proc/self/status]	VmRSSPercent: 0.0283528 %
20220312 003634.416 INFO             PET0 PIOc_sync Enter - MemInfo: [malloc] Non-mmapped space allocated:                10029376 Byte
20220312 003634.416 INFO             PET0 PIOc_sync Enter - MemInfo: [malloc] Space allocated in mmapped regions:          3219456 Byte
20220312 003634.416 INFO             PET0 PIOc_sync Enter - MemInfo: [malloc] Maximum total allocated space:                     0 Byte
20220312 003634.416 INFO             PET0 PIOc_sync Enter - MemInfo: [malloc] Space in freed fastbin blocks:                     0 Byte
20220312 003634.416 INFO             PET0 PIOc_sync Enter - MemInfo: [malloc] Total allocated space:                       9910224 Byte
20220312 003634.416 INFO             PET0 PIOc_sync Enter - MemInfo: [malloc] Total free space:                             119152 Byte
20220312 003634.416 INFO             PET0 PIOc_sync Enter - MemInfo: [malloc] Top-most, releasable space:                   111824 Byte
20220312 003634.416 INFO             PET0 PIOc_sync Enter - MemInfo: [malloc] Total space in use, mmap + non-mmap:        13129680 Byte
20220312 003634.416 INFO             PET0 PIOc_sync Enter - MemInfo: [malloc] Total space held (mmap + non-mmap):         13248832 Byte
20220312 003634.416 INFO             PET0 PIOc_sync Enter - MemInfo: [malloc] Total space used (mmap + non-mmap):         13138224 Byte
20220312 003634.416 INFO             PET0 PIOc_sync Enter - MemInfo: Wall-clock time since execution start:               0.129265 seconds
20220312 003634.416 INFO             PET0 PIOc_sync Exit - MemInfo: [/proc/meminfo - SSI]	MemTotal:       65855856 kB
20220312 003634.416 INFO             PET0 PIOc_sync Exit - MemInfo: [/proc/meminfo - SSI]	MemFree:        61317908 kB
20220312 003634.416 INFO             PET0 PIOc_sync Exit - MemInfo: [/proc/meminfo - SSI]	MemAvailable:   61093616 kB
20220312 003634.416 INFO             PET0 PIOc_sync Exit - MemInfo: [/proc/meminfo - SSI]	Committed_AS:    2783184 kB
20220312 003634.416 INFO             PET0 PIOc_sync Exit - MemInfo: [/proc/meminfo - SSI]	CommittedPercent: 4.22618 %
20220312 003634.416 INFO             PET0 PIOc_sync Exit - MemInfo: [/proc/self/status]	VmPeak:	   83632 kB
20220312 003634.416 INFO             PET0 PIOc_sync Exit - MemInfo: [/proc/self/status]	VmSize:	   83604 kB
20220312 003634.416 INFO             PET0 PIOc_sync Exit - MemInfo: [/proc/self/status]	VmLck:	       0 kB
20220312 003634.416 INFO             PET0 PIOc_sync Exit - MemInfo: [/proc/self/status]	VmPin:	       0 kB
20220312 003634.416 INFO             PET0 PIOc_sync Exit - MemInfo: [/proc/self/status]	VmHWM:	   18672 kB
20220312 003634.416 INFO             PET0 PIOc_sync Exit - MemInfo: [/proc/self/status]	VmRSS:	   18672 kB
20220312 003634.416 INFO             PET0 PIOc_sync Exit - MemInfo: [/proc/self/status]	VmData:	   17196 kB
20220312 003634.416 INFO             PET0 PIOc_sync Exit - MemInfo: [/proc/self/status]	VmStk:	     164 kB
20220312 003634.416 INFO             PET0 PIOc_sync Exit - MemInfo: [/proc/self/status]	VmExe:	   40848 kB
20220312 003634.416 INFO             PET0 PIOc_sync Exit - MemInfo: [/proc/self/status]	VmLib:	    1952 kB
20220312 003634.416 INFO             PET0 PIOc_sync Exit - MemInfo: [/proc/self/status]	VmPTE:	     168 kB
20220312 003634.416 INFO             PET0 PIOc_sync Exit - MemInfo: [/proc/self/status]	VmPMD:	      12 kB
20220312 003634.416 INFO             PET0 PIOc_sync Exit - MemInfo: [/proc/self/status]	VmSwap:	       0 kB
20220312 003634.416 INFO             PET0 PIOc_sync Exit - MemInfo: [/proc/self/status]	VmRSSPercent: 0.0283528 %
20220312 003634.416 INFO             PET0 PIOc_sync Exit - MemInfo: [malloc] Non-mmapped space allocated:                10029376 Byte
20220312 003634.416 INFO             PET0 PIOc_sync Exit - MemInfo: [malloc] Space allocated in mmapped regions:          3219456 Byte
20220312 003634.416 INFO             PET0 PIOc_sync Exit - MemInfo: [malloc] Maximum total allocated space:                     0 Byte
20220312 003634.416 INFO             PET0 PIOc_sync Exit - MemInfo: [malloc] Space in freed fastbin blocks:                     0 Byte
20220312 003634.416 INFO             PET0 PIOc_sync Exit - MemInfo: [malloc] Total allocated space:                       9911696 Byte
20220312 003634.416 INFO             PET0 PIOc_sync Exit - MemInfo: [malloc] Total free space:                             117680 Byte
20220312 003634.416 INFO             PET0 PIOc_sync Exit - MemInfo: [malloc] Top-most, releasable space:                   111600 Byte
20220312 003634.416 INFO             PET0 PIOc_sync Exit - MemInfo: [malloc] Total space in use, mmap + non-mmap:        13131152 Byte
20220312 003634.416 INFO             PET0 PIOc_sync Exit - MemInfo: [malloc] Total space held (mmap + non-mmap):         13248832 Byte
20220312 003634.416 INFO             PET0 PIOc_sync Exit - MemInfo: [malloc] Total space used (mmap + non-mmap):         13139472 Byte
20220312 003634.416 INFO             PET0 PIOc_sync Exit - MemInfo: Wall-clock time since execution start:               0.129753 seconds
20220312 003634.416 INFO             PET0 PIOc_freedecomp Enter - MemInfo: [/proc/meminfo - SSI]	MemTotal:       65855856 kB
20220312 003634.416 INFO             PET0 PIOc_freedecomp Enter - MemInfo: [/proc/meminfo - SSI]	MemFree:        61317908 kB
20220312 003634.416 INFO             PET0 PIOc_freedecomp Enter - MemInfo: [/proc/meminfo - SSI]	MemAvailable:   61093616 kB
20220312 003634.416 INFO             PET0 PIOc_freedecomp Enter - MemInfo: [/proc/meminfo - SSI]	Committed_AS:    2783184 kB
20220312 003634.416 INFO             PET0 PIOc_freedecomp Enter - MemInfo: [/proc/meminfo - SSI]	CommittedPercent: 4.22618 %
20220312 003634.416 INFO             PET0 PIOc_freedecomp Enter - MemInfo: [/proc/self/status]	VmPeak:	   83632 kB
20220312 003634.417 INFO             PET0 PIOc_freedecomp Enter - MemInfo: [/proc/self/status]	VmSize:	   83604 kB
20220312 003634.417 INFO             PET0 PIOc_freedecomp Enter - MemInfo: [/proc/self/status]	VmLck:	       0 kB
20220312 003634.417 INFO             PET0 PIOc_freedecomp Enter - MemInfo: [/proc/self/status]	VmPin:	       0 kB
20220312 003634.417 INFO             PET0 PIOc_freedecomp Enter - MemInfo: [/proc/self/status]	VmHWM:	   18672 kB
20220312 003634.417 INFO             PET0 PIOc_freedecomp Enter - MemInfo: [/proc/self/status]	VmRSS:	   18672 kB
20220312 003634.417 INFO             PET0 PIOc_freedecomp Enter - MemInfo: [/proc/self/status]	VmData:	   17196 kB
20220312 003634.417 INFO             PET0 PIOc_freedecomp Enter - MemInfo: [/proc/self/status]	VmStk:	     164 kB
20220312 003634.417 INFO             PET0 PIOc_freedecomp Enter - MemInfo: [/proc/self/status]	VmExe:	   40848 kB
20220312 003634.417 INFO             PET0 PIOc_freedecomp Enter - MemInfo: [/proc/self/status]	VmLib:	    1952 kB
20220312 003634.417 INFO             PET0 PIOc_freedecomp Enter - MemInfo: [/proc/self/status]	VmPTE:	     168 kB
20220312 003634.417 INFO             PET0 PIOc_freedecomp Enter - MemInfo: [/proc/self/status]	VmPMD:	      12 kB
20220312 003634.417 INFO             PET0 PIOc_freedecomp Enter - MemInfo: [/proc/self/status]	VmSwap:	       0 kB
20220312 003634.417 INFO             PET0 PIOc_freedecomp Enter - MemInfo: [/proc/self/status]	VmRSSPercent: 0.0283528 %
20220312 003634.417 INFO             PET0 PIOc_freedecomp Enter - MemInfo: [malloc] Non-mmapped space allocated:                10029376 Byte
20220312 003634.417 INFO             PET0 PIOc_freedecomp Enter - MemInfo: [malloc] Space allocated in mmapped regions:          3219456 Byte
20220312 003634.417 INFO             PET0 PIOc_freedecomp Enter - MemInfo: [malloc] Maximum total allocated space:                     0 Byte
20220312 003634.417 INFO             PET0 PIOc_freedecomp Enter - MemInfo: [malloc] Space in freed fastbin blocks:                   224 Byte
20220312 003634.417 INFO             PET0 PIOc_freedecomp Enter - MemInfo: [malloc] Total allocated space:                        987792 Byte
20220312 003634.417 INFO             PET0 PIOc_freedecomp Enter - MemInfo: [malloc] Total free space:                            9041584 Byte
20220312 003634.417 INFO             PET0 PIOc_freedecomp Enter - MemInfo: [malloc] Top-most, releasable space:                   111376 Byte
20220312 003634.417 INFO             PET0 PIOc_freedecomp Enter - MemInfo: [malloc] Total space in use, mmap + non-mmap:         4207248 Byte
20220312 003634.417 INFO             PET0 PIOc_freedecomp Enter - MemInfo: [malloc] Total space held (mmap + non-mmap):         13248832 Byte
20220312 003634.417 INFO             PET0 PIOc_freedecomp Enter - MemInfo: [malloc] Total space used (mmap + non-mmap):          4215456 Byte
20220312 003634.417 INFO             PET0 PIOc_freedecomp Enter - MemInfo: Wall-clock time since execution start:               0.130388 seconds
20220312 003634.417 INFO             PET0 PIOc_freedecomp Exit - MemInfo: [/proc/meminfo - SSI]	MemTotal:       65855856 kB
20220312 003634.417 INFO             PET0 PIOc_freedecomp Exit - MemInfo: [/proc/meminfo - SSI]	MemFree:        61318164 kB
20220312 003634.417 INFO             PET0 PIOc_freedecomp Exit - MemInfo: [/proc/meminfo - SSI]	MemAvailable:   61093872 kB
20220312 003634.417 INFO             PET0 PIOc_freedecomp Exit - MemInfo: [/proc/meminfo - SSI]	Committed_AS:    2783184 kB
20220312 003634.417 INFO             PET0 PIOc_freedecomp Exit - MemInfo: [/proc/meminfo - SSI]	CommittedPercent: 4.22618 %
20220312 003634.417 INFO             PET0 PIOc_freedecomp Exit - MemInfo: [/proc/self/status]	VmPeak:	   83632 kB
20220312 003634.417 INFO             PET0 PIOc_freedecomp Exit - MemInfo: [/proc/self/status]	VmSize:	   83604 kB
20220312 003634.417 INFO             PET0 PIOc_freedecomp Exit - MemInfo: [/proc/self/status]	VmLck:	       0 kB
20220312 003634.417 INFO             PET0 PIOc_freedecomp Exit - MemInfo: [/proc/self/status]	VmPin:	       0 kB
20220312 003634.417 INFO             PET0 PIOc_freedecomp Exit - MemInfo: [/proc/self/status]	VmHWM:	   18672 kB
20220312 003634.417 INFO             PET0 PIOc_freedecomp Exit - MemInfo: [/proc/self/status]	VmRSS:	   18672 kB
20220312 003634.417 INFO             PET0 PIOc_freedecomp Exit - MemInfo: [/proc/self/status]	VmData:	   17196 kB
20220312 003634.417 INFO             PET0 PIOc_freedecomp Exit - MemInfo: [/proc/self/status]	VmStk:	     164 kB
20220312 003634.417 INFO             PET0 PIOc_freedecomp Exit - MemInfo: [/proc/self/status]	VmExe:	   40848 kB
20220312 003634.417 INFO             PET0 PIOc_freedecomp Exit - MemInfo: [/proc/self/status]	VmLib:	    1952 kB
20220312 003634.417 INFO             PET0 PIOc_freedecomp Exit - MemInfo: [/proc/self/status]	VmPTE:	     168 kB
20220312 003634.417 INFO             PET0 PIOc_freedecomp Exit - MemInfo: [/proc/self/status]	VmPMD:	      12 kB
20220312 003634.417 INFO             PET0 PIOc_freedecomp Exit - MemInfo: [/proc/self/status]	VmSwap:	       0 kB
20220312 003634.417 INFO             PET0 PIOc_freedecomp Exit - MemInfo: [/proc/self/status]	VmRSSPercent: 0.0283528 %
20220312 003634.417 INFO             PET0 PIOc_freedecomp Exit - MemInfo: [malloc] Non-mmapped space allocated:                10029376 Byte
20220312 003634.417 INFO             PET0 PIOc_freedecomp Exit - MemInfo: [malloc] Space allocated in mmapped regions:          3219456 Byte
20220312 003634.417 INFO             PET0 PIOc_freedecomp Exit - MemInfo: [malloc] Maximum total allocated space:                     0 Byte
20220312 003634.417 INFO             PET0 PIOc_freedecomp Exit - MemInfo: [malloc] Space in freed fastbin blocks:                   896 Byte
20220312 003634.417 INFO             PET0 PIOc_freedecomp Exit - MemInfo: [malloc] Total allocated space:                        984640 Byte
20220312 003634.417 INFO             PET0 PIOc_freedecomp Exit - MemInfo: [malloc] Total free space:                            9044736 Byte
20220312 003634.417 INFO             PET0 PIOc_freedecomp Exit - MemInfo: [malloc] Top-most, releasable space:                   122096 Byte
20220312 003634.417 INFO             PET0 PIOc_freedecomp Exit - MemInfo: [malloc] Total space in use, mmap + non-mmap:         4204096 Byte
20220312 003634.417 INFO             PET0 PIOc_freedecomp Exit - MemInfo: [malloc] Total space held (mmap + non-mmap):         13248832 Byte
20220312 003634.417 INFO             PET0 PIOc_freedecomp Exit - MemInfo: [malloc] Total space used (mmap + non-mmap):          4212304 Byte
20220312 003634.417 INFO             PET0 PIOc_freedecomp Exit - MemInfo: Wall-clock time since execution start:               0.130841 seconds
20220312 003634.422 INFO             PET0 PIOc_sync Enter - MemInfo: [/proc/meminfo - SSI]	MemTotal:       65855856 kB
20220312 003634.422 INFO             PET0 PIOc_sync Enter - MemInfo: [/proc/meminfo - SSI]	MemFree:        61314132 kB
20220312 003634.422 INFO             PET0 PIOc_sync Enter - MemInfo: [/proc/meminfo - SSI]	MemAvailable:   61089840 kB
20220312 003634.422 INFO             PET0 PIOc_sync Enter - MemInfo: [/proc/meminfo - SSI]	Committed_AS:    2791348 kB
20220312 003634.422 INFO             PET0 PIOc_sync Enter - MemInfo: [/proc/meminfo - SSI]	CommittedPercent: 4.23857 %
20220312 003634.422 INFO             PET0 PIOc_sync Enter - MemInfo: [/proc/self/status]	VmPeak:	   91796 kB
20220312 003634.422 INFO             PET0 PIOc_sync Enter - MemInfo: [/proc/self/status]	VmSize:	   91796 kB
20220312 003634.422 INFO             PET0 PIOc_sync Enter - MemInfo: [/proc/self/status]	VmLck:	       0 kB
20220312 003634.422 INFO             PET0 PIOc_sync Enter - MemInfo: [/proc/self/status]	VmPin:	       0 kB
20220312 003634.422 INFO             PET0 PIOc_sync Enter - MemInfo: [/proc/self/status]	VmHWM:	   22792 kB
20220312 003634.422 INFO             PET0 PIOc_sync Enter - MemInfo: [/proc/self/status]	VmRSS:	   22792 kB
20220312 003634.422 INFO             PET0 PIOc_sync Enter - MemInfo: [/proc/self/status]	VmData:	   25400 kB
20220312 003634.422 INFO             PET0 PIOc_sync Enter - MemInfo: [/proc/self/status]	VmStk:	     164 kB
20220312 003634.422 INFO             PET0 PIOc_sync Enter - MemInfo: [/proc/self/status]	VmExe:	   40848 kB
20220312 003634.422 INFO             PET0 PIOc_sync Enter - MemInfo: [/proc/self/status]	VmLib:	    1952 kB
20220312 003634.422 INFO             PET0 PIOc_sync Enter - MemInfo: [/proc/self/status]	VmPTE:	     180 kB
20220312 003634.422 INFO             PET0 PIOc_sync Enter - MemInfo: [/proc/self/status]	VmPMD:	      12 kB
20220312 003634.422 INFO             PET0 PIOc_sync Enter - MemInfo: [/proc/self/status]	VmSwap:	       0 kB
20220312 003634.422 INFO             PET0 PIOc_sync Enter - MemInfo: [/proc/self/status]	VmRSSPercent: 0.0346089 %
20220312 003634.422 INFO             PET0 PIOc_sync Enter - MemInfo: [malloc] Non-mmapped space allocated:                18430272 Byte
20220312 003634.422 INFO             PET0 PIOc_sync Enter - MemInfo: [malloc] Space allocated in mmapped regions:          3219456 Byte
20220312 003634.422 INFO             PET0 PIOc_sync Enter - MemInfo: [malloc] Maximum total allocated space:                     0 Byte
20220312 003634.422 INFO             PET0 PIOc_sync Enter - MemInfo: [malloc] Space in freed fastbin blocks:                   528 Byte
20220312 003634.422 INFO             PET0 PIOc_sync Enter - MemInfo: [malloc] Total allocated space:                       9913136 Byte
20220312 003634.422 INFO             PET0 PIOc_sync Enter - MemInfo: [malloc] Total free space:                            8517136 Byte
20220312 003634.422 INFO             PET0 PIOc_sync Enter - MemInfo: [malloc] Top-most, releasable space:                   134592 Byte
20220312 003634.422 INFO             PET0 PIOc_sync Enter - MemInfo: [malloc] Total space in use, mmap + non-mmap:        13132592 Byte
20220312 003634.422 INFO             PET0 PIOc_sync Enter - MemInfo: [malloc] Total space held (mmap + non-mmap):         21649728 Byte
20220312 003634.422 INFO             PET0 PIOc_sync Enter - MemInfo: [malloc] Total space used (mmap + non-mmap):         13140912 Byte
20220312 003634.422 INFO             PET0 PIOc_sync Enter - MemInfo: Wall-clock time since execution start:               0.135611 seconds
20220312 003634.422 INFO             PET0 PIOc_sync Exit - MemInfo: [/proc/meminfo - SSI]	MemTotal:       65855856 kB
20220312 003634.422 INFO             PET0 PIOc_sync Exit - MemInfo: [/proc/meminfo - SSI]	MemFree:        61314132 kB
20220312 003634.422 INFO             PET0 PIOc_sync Exit - MemInfo: [/proc/meminfo - SSI]	MemAvailable:   61089840 kB
20220312 003634.422 INFO             PET0 PIOc_sync Exit - MemInfo: [/proc/meminfo - SSI]	Committed_AS:    2791348 kB
20220312 003634.422 INFO             PET0 PIOc_sync Exit - MemInfo: [/proc/meminfo - SSI]	CommittedPercent: 4.23857 %
20220312 003634.422 INFO             PET0 PIOc_sync Exit - MemInfo: [/proc/self/status]	VmPeak:	   91796 kB
20220312 003634.422 INFO             PET0 PIOc_sync Exit - MemInfo: [/proc/self/status]	VmSize:	   91796 kB
20220312 003634.422 INFO             PET0 PIOc_sync Exit - MemInfo: [/proc/self/status]	VmLck:	       0 kB
20220312 003634.422 INFO             PET0 PIOc_sync Exit - MemInfo: [/proc/self/status]	VmPin:	       0 kB
20220312 003634.422 INFO             PET0 PIOc_sync Exit - MemInfo: [/proc/self/status]	VmHWM:	   22792 kB
20220312 003634.422 INFO             PET0 PIOc_sync Exit - MemInfo: [/proc/self/status]	VmRSS:	   22792 kB
20220312 003634.422 INFO             PET0 PIOc_sync Exit - MemInfo: [/proc/self/status]	VmData:	   25400 kB
20220312 003634.422 INFO             PET0 PIOc_sync Exit - MemInfo: [/proc/self/status]	VmStk:	     164 kB
20220312 003634.422 INFO             PET0 PIOc_sync Exit - MemInfo: [/proc/self/status]	VmExe:	   40848 kB
20220312 003634.422 INFO             PET0 PIOc_sync Exit - MemInfo: [/proc/self/status]	VmLib:	    1952 kB
20220312 003634.422 INFO             PET0 PIOc_sync Exit - MemInfo: [/proc/self/status]	VmPTE:	     184 kB
20220312 003634.422 INFO             PET0 PIOc_sync Exit - MemInfo: [/proc/self/status]	VmPMD:	      12 kB
20220312 003634.422 INFO             PET0 PIOc_sync Exit - MemInfo: [/proc/self/status]	VmSwap:	       0 kB
20220312 003634.422 INFO             PET0 PIOc_sync Exit - MemInfo: [/proc/self/status]	VmRSSPercent: 0.0346089 %
20220312 003634.422 INFO             PET0 PIOc_sync Exit - MemInfo: [malloc] Non-mmapped space allocated:                18430272 Byte
20220312 003634.422 INFO             PET0 PIOc_sync Exit - MemInfo: [malloc] Space allocated in mmapped regions:          3219456 Byte
20220312 003634.422 INFO             PET0 PIOc_sync Exit - MemInfo: [malloc] Maximum total allocated space:                     0 Byte
20220312 003634.422 INFO             PET0 PIOc_sync Exit - MemInfo: [malloc] Space in freed fastbin blocks:                     0 Byte
20220312 003634.422 INFO             PET0 PIOc_sync Exit - MemInfo: [malloc] Total allocated space:                       9913920 Byte
20220312 003634.422 INFO             PET0 PIOc_sync Exit - MemInfo: [malloc] Total free space:                            8516352 Byte
20220312 003634.423 INFO             PET0 PIOc_sync Exit - MemInfo: [malloc] Top-most, releasable space:                   134592 Byte
20220312 003634.423 INFO             PET0 PIOc_sync Exit - MemInfo: [malloc] Total space in use, mmap + non-mmap:        13133376 Byte
20220312 003634.423 INFO             PET0 PIOc_sync Exit - MemInfo: [malloc] Total space held (mmap + non-mmap):         21649728 Byte
20220312 003634.423 INFO             PET0 PIOc_sync Exit - MemInfo: [malloc] Total space used (mmap + non-mmap):         13141696 Byte
20220312 003634.423 INFO             PET0 PIOc_sync Exit - MemInfo: Wall-clock time since execution start:               0.136106 seconds
20220312 003634.423 INFO             PET0 PIOc_freedecomp Enter - MemInfo: [/proc/meminfo - SSI]	MemTotal:       65855856 kB
20220312 003634.423 INFO             PET0 PIOc_freedecomp Enter - MemInfo: [/proc/meminfo - SSI]	MemFree:        61314132 kB
20220312 003634.423 INFO             PET0 PIOc_freedecomp Enter - MemInfo: [/proc/meminfo - SSI]	MemAvailable:   61089840 kB
20220312 003634.423 INFO             PET0 PIOc_freedecomp Enter - MemInfo: [/proc/meminfo - SSI]	Committed_AS:    2791348 kB
20220312 003634.423 INFO             PET0 PIOc_freedecomp Enter - MemInfo: [/proc/meminfo - SSI]	CommittedPercent: 4.23857 %
20220312 003634.423 INFO             PET0 PIOc_freedecomp Enter - MemInfo: [/proc/self/status]	VmPeak:	   91796 kB
20220312 003634.423 INFO             PET0 PIOc_freedecomp Enter - MemInfo: [/proc/self/status]	VmSize:	   91796 kB
20220312 003634.423 INFO             PET0 PIOc_freedecomp Enter - MemInfo: [/proc/self/status]	VmLck:	       0 kB
20220312 003634.423 INFO             PET0 PIOc_freedecomp Enter - MemInfo: [/proc/self/status]	VmPin:	       0 kB
20220312 003634.423 INFO             PET0 PIOc_freedecomp Enter - MemInfo: [/proc/self/status]	VmHWM:	   22792 kB
20220312 003634.423 INFO             PET0 PIOc_freedecomp Enter - MemInfo: [/proc/self/status]	VmRSS:	   22792 kB
20220312 003634.423 INFO             PET0 PIOc_freedecomp Enter - MemInfo: [/proc/self/status]	VmData:	   25400 kB
20220312 003634.423 INFO             PET0 PIOc_freedecomp Enter - MemInfo: [/proc/self/status]	VmStk:	     164 kB
20220312 003634.423 INFO             PET0 PIOc_freedecomp Enter - MemInfo: [/proc/self/status]	VmExe:	   40848 kB
20220312 003634.423 INFO             PET0 PIOc_freedecomp Enter - MemInfo: [/proc/self/status]	VmLib:	    1952 kB
20220312 003634.423 INFO             PET0 PIOc_freedecomp Enter - MemInfo: [/proc/self/status]	VmPTE:	     184 kB
20220312 003634.423 INFO             PET0 PIOc_freedecomp Enter - MemInfo: [/proc/self/status]	VmPMD:	      12 kB
20220312 003634.423 INFO             PET0 PIOc_freedecomp Enter - MemInfo: [/proc/self/status]	VmSwap:	       0 kB
20220312 003634.423 INFO             PET0 PIOc_freedecomp Enter - MemInfo: [/proc/self/status]	VmRSSPercent: 0.0346089 %
20220312 003634.423 INFO             PET0 PIOc_freedecomp Enter - MemInfo: [malloc] Non-mmapped space allocated:                18430272 Byte
20220312 003634.423 INFO             PET0 PIOc_freedecomp Enter - MemInfo: [malloc] Space allocated in mmapped regions:          3219456 Byte
20220312 003634.423 INFO             PET0 PIOc_freedecomp Enter - MemInfo: [malloc] Maximum total allocated space:                     0 Byte
20220312 003634.423 INFO             PET0 PIOc_freedecomp Enter - MemInfo: [malloc] Space in freed fastbin blocks:                   224 Byte
20220312 003634.423 INFO             PET0 PIOc_freedecomp Enter - MemInfo: [malloc] Total allocated space:                        989728 Byte
20220312 003634.423 INFO             PET0 PIOc_freedecomp Enter - MemInfo: [malloc] Total free space:                           17440544 Byte
20220312 003634.423 INFO             PET0 PIOc_freedecomp Enter - MemInfo: [malloc] Top-most, releasable space:                  8523216 Byte
20220312 003634.423 INFO             PET0 PIOc_freedecomp Enter - MemInfo: [malloc] Total space in use, mmap + non-mmap:         4209184 Byte
20220312 003634.423 INFO             PET0 PIOc_freedecomp Enter - MemInfo: [malloc] Total space held (mmap + non-mmap):         21649728 Byte
20220312 003634.423 INFO             PET0 PIOc_freedecomp Enter - MemInfo: [malloc] Total space used (mmap + non-mmap):          4217392 Byte
20220312 003634.423 INFO             PET0 PIOc_freedecomp Enter - MemInfo: Wall-clock time since execution start:               0.136681 seconds
20220312 003634.423 INFO             PET0 PIOc_freedecomp Exit - MemInfo: [/proc/meminfo - SSI]	MemTotal:       65855856 kB
20220312 003634.423 INFO             PET0 PIOc_freedecomp Exit - MemInfo: [/proc/meminfo - SSI]	MemFree:        61314132 kB
20220312 003634.423 INFO             PET0 PIOc_freedecomp Exit - MemInfo: [/proc/meminfo - SSI]	MemAvailable:   61089840 kB
20220312 003634.423 INFO             PET0 PIOc_freedecomp Exit - MemInfo: [/proc/meminfo - SSI]	Committed_AS:    2791348 kB
20220312 003634.423 INFO             PET0 PIOc_freedecomp Exit - MemInfo: [/proc/meminfo - SSI]	CommittedPercent: 4.23857 %
20220312 003634.423 INFO             PET0 PIOc_freedecomp Exit - MemInfo: [/proc/self/status]	VmPeak:	   91796 kB
20220312 003634.423 INFO             PET0 PIOc_freedecomp Exit - MemInfo: [/proc/self/status]	VmSize:	   91796 kB
20220312 003634.423 INFO             PET0 PIOc_freedecomp Exit - MemInfo: [/proc/self/status]	VmLck:	       0 kB
20220312 003634.423 INFO             PET0 PIOc_freedecomp Exit - MemInfo: [/proc/self/status]	VmPin:	       0 kB
20220312 003634.423 INFO             PET0 PIOc_freedecomp Exit - MemInfo: [/proc/self/status]	VmHWM:	   22792 kB
20220312 003634.423 INFO             PET0 PIOc_freedecomp Exit - MemInfo: [/proc/self/status]	VmRSS:	   22792 kB
20220312 003634.423 INFO             PET0 PIOc_freedecomp Exit - MemInfo: [/proc/self/status]	VmData:	   25400 kB
20220312 003634.423 INFO             PET0 PIOc_freedecomp Exit - MemInfo: [/proc/self/status]	VmStk:	     164 kB
20220312 003634.423 INFO             PET0 PIOc_freedecomp Exit - MemInfo: [/proc/self/status]	VmExe:	   40848 kB
20220312 003634.423 INFO             PET0 PIOc_freedecomp Exit - MemInfo: [/proc/self/status]	VmLib:	    1952 kB
20220312 003634.423 INFO             PET0 PIOc_freedecomp Exit - MemInfo: [/proc/self/status]	VmPTE:	     184 kB
20220312 003634.423 INFO             PET0 PIOc_freedecomp Exit - MemInfo: [/proc/self/status]	VmPMD:	      12 kB
20220312 003634.423 INFO             PET0 PIOc_freedecomp Exit - MemInfo: [/proc/self/status]	VmSwap:	       0 kB
20220312 003634.423 INFO             PET0 PIOc_freedecomp Exit - MemInfo: [/proc/self/status]	VmRSSPercent: 0.0346089 %
20220312 003634.423 INFO             PET0 PIOc_freedecomp Exit - MemInfo: [malloc] Non-mmapped space allocated:                18430272 Byte
20220312 003634.423 INFO             PET0 PIOc_freedecomp Exit - MemInfo: [malloc] Space allocated in mmapped regions:          3219456 Byte
20220312 003634.423 INFO             PET0 PIOc_freedecomp Exit - MemInfo: [malloc] Maximum total allocated space:                     0 Byte
20220312 003634.423 INFO             PET0 PIOc_freedecomp Exit - MemInfo: [malloc] Space in freed fastbin blocks:                   208 Byte
20220312 003634.423 INFO             PET0 PIOc_freedecomp Exit - MemInfo: [malloc] Total allocated space:                        986528 Byte
20220312 003634.423 INFO             PET0 PIOc_freedecomp Exit - MemInfo: [malloc] Total free space:                           17443744 Byte
20220312 003634.423 INFO             PET0 PIOc_freedecomp Exit - MemInfo: [malloc] Top-most, releasable space:                  8523216 Byte
20220312 003634.423 INFO             PET0 PIOc_freedecomp Exit - MemInfo: [malloc] Total space in use, mmap + non-mmap:         4205984 Byte
20220312 003634.423 INFO             PET0 PIOc_freedecomp Exit - MemInfo: [malloc] Total space held (mmap + non-mmap):         21649728 Byte
20220312 003634.424 INFO             PET0 PIOc_freedecomp Exit - MemInfo: [malloc] Total space used (mmap + non-mmap):          4214192 Byte
20220312 003634.424 INFO             PET0 PIOc_freedecomp Exit - MemInfo: Wall-clock time since execution start:               0.137084 seconds
20220312 003634.424 INFO             PET0  PASS  Write multiple Fields with same dimensions to a file, ESMF_FieldIOUTest.F90, line 292
20220312 003634.424 INFO             PET0  PASS  Create grid for field metadata test, ESMF_FieldIOUTest.F90, line 309
20220312 003634.424 INFO             PET0  PASS  Create field with global indices, ESMF_FieldIOUTest.F90, line 316
20220312 003634.424 INFO             PET0  PASS  Get Farray_md from field, ESMF_FieldIOUTest.F90, line 324
20220312 003634.442 INFO             PET0 PIOc_sync Enter - MemInfo: [/proc/meminfo - SSI]	MemTotal:       65855856 kB
20220312 003634.442 INFO             PET0 PIOc_sync Enter - MemInfo: [/proc/meminfo - SSI]	MemFree:        61309596 kB
20220312 003634.442 INFO             PET0 PIOc_sync Enter - MemInfo: [/proc/meminfo - SSI]	MemAvailable:   61085304 kB
20220312 003634.442 INFO             PET0 PIOc_sync Enter - MemInfo: [/proc/meminfo - SSI]	Committed_AS:    2791348 kB
20220312 003634.442 INFO             PET0 PIOc_sync Enter - MemInfo: [/proc/meminfo - SSI]	CommittedPercent: 4.23857 %
20220312 003634.442 INFO             PET0 PIOc_sync Enter - MemInfo: [/proc/self/status]	VmPeak:	   91796 kB
20220312 003634.442 INFO             PET0 PIOc_sync Enter - MemInfo: [/proc/self/status]	VmSize:	   91796 kB
20220312 003634.442 INFO             PET0 PIOc_sync Enter - MemInfo: [/proc/self/status]	VmLck:	       0 kB
20220312 003634.442 INFO             PET0 PIOc_sync Enter - MemInfo: [/proc/self/status]	VmPin:	       0 kB
20220312 003634.442 INFO             PET0 PIOc_sync Enter - MemInfo: [/proc/self/status]	VmHWM:	   27016 kB
20220312 003634.442 INFO             PET0 PIOc_sync Enter - MemInfo: [/proc/self/status]	VmRSS:	   27016 kB
20220312 003634.442 INFO             PET0 PIOc_sync Enter - MemInfo: [/proc/self/status]	VmData:	   25400 kB
20220312 003634.442 INFO             PET0 PIOc_sync Enter - MemInfo: [/proc/self/status]	VmStk:	     164 kB
20220312 003634.442 INFO             PET0 PIOc_sync Enter - MemInfo: [/proc/self/status]	VmExe:	   40848 kB
20220312 003634.442 INFO             PET0 PIOc_sync Enter - MemInfo: [/proc/self/status]	VmLib:	    1952 kB
20220312 003634.442 INFO             PET0 PIOc_sync Enter - MemInfo: [/proc/self/status]	VmPTE:	     188 kB
20220312 003634.442 INFO             PET0 PIOc_sync Enter - MemInfo: [/proc/self/status]	VmPMD:	      12 kB
20220312 003634.442 INFO             PET0 PIOc_sync Enter - MemInfo: [/proc/self/status]	VmSwap:	       0 kB
20220312 003634.442 INFO             PET0 PIOc_sync Enter - MemInfo: [/proc/self/status]	VmRSSPercent: 0.0410229 %
20220312 003634.442 INFO             PET0 PIOc_sync Enter - MemInfo: [malloc] Non-mmapped space allocated:                18430272 Byte
20220312 003634.442 INFO             PET0 PIOc_sync Enter - MemInfo: [malloc] Space allocated in mmapped regions:          3219456 Byte
20220312 003634.442 INFO             PET0 PIOc_sync Enter - MemInfo: [malloc] Maximum total allocated space:                     0 Byte
20220312 003634.442 INFO             PET0 PIOc_sync Enter - MemInfo: [malloc] Space in freed fastbin blocks:                     0 Byte
20220312 003634.442 INFO             PET0 PIOc_sync Enter - MemInfo: [malloc] Total allocated space:                       9936320 Byte
20220312 003634.442 INFO             PET0 PIOc_sync Enter - MemInfo: [malloc] Total free space:                            8493952 Byte
20220312 003634.442 INFO             PET0 PIOc_sync Enter - MemInfo: [malloc] Top-most, releasable space:                   134592 Byte
20220312 003634.442 INFO             PET0 PIOc_sync Enter - MemInfo: [malloc] Total space in use, mmap + non-mmap:        13155776 Byte
20220312 003634.442 INFO             PET0 PIOc_sync Enter - MemInfo: [malloc] Total space held (mmap + non-mmap):         21649728 Byte
20220312 003634.442 INFO             PET0 PIOc_sync Enter - MemInfo: [malloc] Total space used (mmap + non-mmap):         13164320 Byte
20220312 003634.442 INFO             PET0 PIOc_sync Enter - MemInfo: Wall-clock time since execution start:               0.155727 seconds
20220312 003634.442 INFO             PET0 PIOc_sync Exit - MemInfo: [/proc/meminfo - SSI]	MemTotal:       65855856 kB
20220312 003634.442 INFO             PET0 PIOc_sync Exit - MemInfo: [/proc/meminfo - SSI]	MemFree:        61309596 kB
20220312 003634.442 INFO             PET0 PIOc_sync Exit - MemInfo: [/proc/meminfo - SSI]	MemAvailable:   61085304 kB
20220312 003634.442 INFO             PET0 PIOc_sync Exit - MemInfo: [/proc/meminfo - SSI]	Committed_AS:    2791348 kB
20220312 003634.442 INFO             PET0 PIOc_sync Exit - MemInfo: [/proc/meminfo - SSI]	CommittedPercent: 4.23857 %
20220312 003634.442 INFO             PET0 PIOc_sync Exit - MemInfo: [/proc/self/status]	VmPeak:	   91796 kB
20220312 003634.442 INFO             PET0 PIOc_sync Exit - MemInfo: [/proc/self/status]	VmSize:	   91796 kB
20220312 003634.442 INFO             PET0 PIOc_sync Exit - MemInfo: [/proc/self/status]	VmLck:	       0 kB
20220312 003634.442 INFO             PET0 PIOc_sync Exit - MemInfo: [/proc/self/status]	VmPin:	       0 kB
20220312 003634.442 INFO             PET0 PIOc_sync Exit - MemInfo: [/proc/self/status]	VmHWM:	   27016 kB
20220312 003634.442 INFO             PET0 PIOc_sync Exit - MemInfo: [/proc/self/status]	VmRSS:	   27016 kB
20220312 003634.442 INFO             PET0 PIOc_sync Exit - MemInfo: [/proc/self/status]	VmData:	   25400 kB
20220312 003634.442 INFO             PET0 PIOc_sync Exit - MemInfo: [/proc/self/status]	VmStk:	     164 kB
20220312 003634.442 INFO             PET0 PIOc_sync Exit - MemInfo: [/proc/self/status]	VmExe:	   40848 kB
20220312 003634.442 INFO             PET0 PIOc_sync Exit - MemInfo: [/proc/self/status]	VmLib:	    1952 kB
20220312 003634.443 INFO             PET0 PIOc_sync Exit - MemInfo: [/proc/self/status]	VmPTE:	     188 kB
20220312 003634.443 INFO             PET0 PIOc_sync Exit - MemInfo: [/proc/self/status]	VmPMD:	      12 kB
20220312 003634.443 INFO             PET0 PIOc_sync Exit - MemInfo: [/proc/self/status]	VmSwap:	       0 kB
20220312 003634.443 INFO             PET0 PIOc_sync Exit - MemInfo: [/proc/self/status]	VmRSSPercent: 0.0410229 %
20220312 003634.443 INFO             PET0 PIOc_sync Exit - MemInfo: [malloc] Non-mmapped space allocated:                18430272 Byte
20220312 003634.443 INFO             PET0 PIOc_sync Exit - MemInfo: [malloc] Space allocated in mmapped regions:          3219456 Byte
20220312 003634.443 INFO             PET0 PIOc_sync Exit - MemInfo: [malloc] Maximum total allocated space:                     0 Byte
20220312 003634.443 INFO             PET0 PIOc_sync Exit - MemInfo: [malloc] Space in freed fastbin blocks:                     0 Byte
20220312 003634.443 INFO             PET0 PIOc_sync Exit - MemInfo: [malloc] Total allocated space:                       9952064 Byte
20220312 003634.443 INFO             PET0 PIOc_sync Exit - MemInfo: [malloc] Total free space:                            8478208 Byte
20220312 003634.443 INFO             PET0 PIOc_sync Exit - MemInfo: [malloc] Top-most, releasable space:                   134592 Byte
20220312 003634.443 INFO             PET0 PIOc_sync Exit - MemInfo: [malloc] Total space in use, mmap + non-mmap:        13171520 Byte
20220312 003634.443 INFO             PET0 PIOc_sync Exit - MemInfo: [malloc] Total space held (mmap + non-mmap):         21649728 Byte
20220312 003634.443 INFO             PET0 PIOc_sync Exit - MemInfo: [malloc] Total space used (mmap + non-mmap):         13179840 Byte
20220312 003634.443 INFO             PET0 PIOc_sync Exit - MemInfo: Wall-clock time since execution start:               0.156206 seconds
20220312 003634.443 INFO             PET0 PIOc_freedecomp Enter - MemInfo: [/proc/meminfo - SSI]	MemTotal:       65855856 kB
20220312 003634.443 INFO             PET0 PIOc_freedecomp Enter - MemInfo: [/proc/meminfo - SSI]	MemFree:        61309596 kB
20220312 003634.443 INFO             PET0 PIOc_freedecomp Enter - MemInfo: [/proc/meminfo - SSI]	MemAvailable:   61085304 kB
20220312 003634.443 INFO             PET0 PIOc_freedecomp Enter - MemInfo: [/proc/meminfo - SSI]	Committed_AS:    2791348 kB
20220312 003634.443 INFO             PET0 PIOc_freedecomp Enter - MemInfo: [/proc/meminfo - SSI]	CommittedPercent: 4.23857 %
20220312 003634.443 INFO             PET0 PIOc_freedecomp Enter - MemInfo: [/proc/self/status]	VmPeak:	   91796 kB
20220312 003634.443 INFO             PET0 PIOc_freedecomp Enter - MemInfo: [/proc/self/status]	VmSize:	   91796 kB
20220312 003634.443 INFO             PET0 PIOc_freedecomp Enter - MemInfo: [/proc/self/status]	VmLck:	       0 kB
20220312 003634.443 INFO             PET0 PIOc_freedecomp Enter - MemInfo: [/proc/self/status]	VmPin:	       0 kB
20220312 003634.443 INFO             PET0 PIOc_freedecomp Enter - MemInfo: [/proc/self/status]	VmHWM:	   27016 kB
20220312 003634.443 INFO             PET0 PIOc_freedecomp Enter - MemInfo: [/proc/self/status]	VmRSS:	   27016 kB
20220312 003634.443 INFO             PET0 PIOc_freedecomp Enter - MemInfo: [/proc/self/status]	VmData:	   25400 kB
20220312 003634.443 INFO             PET0 PIOc_freedecomp Enter - MemInfo: [/proc/self/status]	VmStk:	     164 kB
20220312 003634.443 INFO             PET0 PIOc_freedecomp Enter - MemInfo: [/proc/self/status]	VmExe:	   40848 kB
20220312 003634.443 INFO             PET0 PIOc_freedecomp Enter - MemInfo: [/proc/self/status]	VmLib:	    1952 kB
20220312 003634.443 INFO             PET0 PIOc_freedecomp Enter - MemInfo: [/proc/self/status]	VmPTE:	     188 kB
20220312 003634.443 INFO             PET0 PIOc_freedecomp Enter - MemInfo: [/proc/self/status]	VmPMD:	      12 kB
20220312 003634.443 INFO             PET0 PIOc_freedecomp Enter - MemInfo: [/proc/self/status]	VmSwap:	       0 kB
20220312 003634.443 INFO             PET0 PIOc_freedecomp Enter - MemInfo: [/proc/self/status]	VmRSSPercent: 0.0410229 %
20220312 003634.443 INFO             PET0 PIOc_freedecomp Enter - MemInfo: [malloc] Non-mmapped space allocated:                18430272 Byte
20220312 003634.443 INFO             PET0 PIOc_freedecomp Enter - MemInfo: [malloc] Space allocated in mmapped regions:          3219456 Byte
20220312 003634.443 INFO             PET0 PIOc_freedecomp Enter - MemInfo: [malloc] Maximum total allocated space:                     0 Byte
20220312 003634.443 INFO             PET0 PIOc_freedecomp Enter - MemInfo: [malloc] Space in freed fastbin blocks:                   224 Byte
20220312 003634.443 INFO             PET0 PIOc_freedecomp Enter - MemInfo: [malloc] Total allocated space:                       1027952 Byte
20220312 003634.443 INFO             PET0 PIOc_freedecomp Enter - MemInfo: [malloc] Total free space:                           17402320 Byte
20220312 003634.443 INFO             PET0 PIOc_freedecomp Enter - MemInfo: [malloc] Top-most, releasable space:                  8523216 Byte
20220312 003634.443 INFO             PET0 PIOc_freedecomp Enter - MemInfo: [malloc] Total space in use, mmap + non-mmap:         4247408 Byte
20220312 003634.443 INFO             PET0 PIOc_freedecomp Enter - MemInfo: [malloc] Total space held (mmap + non-mmap):         21649728 Byte
20220312 003634.443 INFO             PET0 PIOc_freedecomp Enter - MemInfo: [malloc] Total space used (mmap + non-mmap):          4255616 Byte
20220312 003634.443 INFO             PET0 PIOc_freedecomp Enter - MemInfo: Wall-clock time since execution start:               0.156775 seconds
20220312 003634.443 INFO             PET0 PIOc_freedecomp Exit - MemInfo: [/proc/meminfo - SSI]	MemTotal:       65855856 kB
20220312 003634.443 INFO             PET0 PIOc_freedecomp Exit - MemInfo: [/proc/meminfo - SSI]	MemFree:        61309596 kB
20220312 003634.443 INFO             PET0 PIOc_freedecomp Exit - MemInfo: [/proc/meminfo - SSI]	MemAvailable:   61085304 kB
20220312 003634.443 INFO             PET0 PIOc_freedecomp Exit - MemInfo: [/proc/meminfo - SSI]	Committed_AS:    2791348 kB
20220312 003634.443 INFO             PET0 PIOc_freedecomp Exit - MemInfo: [/proc/meminfo - SSI]	CommittedPercent: 4.23857 %
20220312 003634.443 INFO             PET0 PIOc_freedecomp Exit - MemInfo: [/proc/self/status]	VmPeak:	   91796 kB
20220312 003634.443 INFO             PET0 PIOc_freedecomp Exit - MemInfo: [/proc/self/status]	VmSize:	   91796 kB
20220312 003634.443 INFO             PET0 PIOc_freedecomp Exit - MemInfo: [/proc/self/status]	VmLck:	       0 kB
20220312 003634.443 INFO             PET0 PIOc_freedecomp Exit - MemInfo: [/proc/self/status]	VmPin:	       0 kB
20220312 003634.443 INFO             PET0 PIOc_freedecomp Exit - MemInfo: [/proc/self/status]	VmHWM:	   27016 kB
20220312 003634.443 INFO             PET0 PIOc_freedecomp Exit - MemInfo: [/proc/self/status]	VmRSS:	   27016 kB
20220312 003634.443 INFO             PET0 PIOc_freedecomp Exit - MemInfo: [/proc/self/status]	VmData:	   25400 kB
20220312 003634.443 INFO             PET0 PIOc_freedecomp Exit - MemInfo: [/proc/self/status]	VmStk:	     164 kB
20220312 003634.443 INFO             PET0 PIOc_freedecomp Exit - MemInfo: [/proc/self/status]	VmExe:	   40848 kB
20220312 003634.443 INFO             PET0 PIOc_freedecomp Exit - MemInfo: [/proc/self/status]	VmLib:	    1952 kB
20220312 003634.443 INFO             PET0 PIOc_freedecomp Exit - MemInfo: [/proc/self/status]	VmPTE:	     188 kB
20220312 003634.443 INFO             PET0 PIOc_freedecomp Exit - MemInfo: [/proc/self/status]	VmPMD:	      12 kB
20220312 003634.444 INFO             PET0 PIOc_freedecomp Exit - MemInfo: [/proc/self/status]	VmSwap:	       0 kB
20220312 003634.444 INFO             PET0 PIOc_freedecomp Exit - MemInfo: [/proc/self/status]	VmRSSPercent: 0.0410229 %
20220312 003634.444 INFO             PET0 PIOc_freedecomp Exit - MemInfo: [malloc] Non-mmapped space allocated:                18430272 Byte
20220312 003634.444 INFO             PET0 PIOc_freedecomp Exit - MemInfo: [malloc] Space allocated in mmapped regions:          3219456 Byte
20220312 003634.444 INFO             PET0 PIOc_freedecomp Exit - MemInfo: [malloc] Maximum total allocated space:                     0 Byte
20220312 003634.444 INFO             PET0 PIOc_freedecomp Exit - MemInfo: [malloc] Space in freed fastbin blocks:                   592 Byte
20220312 003634.444 INFO             PET0 PIOc_freedecomp Exit - MemInfo: [malloc] Total allocated space:                       1023744 Byte
20220312 003634.444 INFO             PET0 PIOc_freedecomp Exit - MemInfo: [malloc] Total free space:                           17406528 Byte
20220312 003634.444 INFO             PET0 PIOc_freedecomp Exit - MemInfo: [malloc] Top-most, releasable space:                  8523216 Byte
20220312 003634.444 INFO             PET0 PIOc_freedecomp Exit - MemInfo: [malloc] Total space in use, mmap + non-mmap:         4243200 Byte
20220312 003634.444 INFO             PET0 PIOc_freedecomp Exit - MemInfo: [malloc] Total space held (mmap + non-mmap):         21649728 Byte
20220312 003634.444 INFO             PET0 PIOc_freedecomp Exit - MemInfo: [malloc] Total space used (mmap + non-mmap):          4251408 Byte
20220312 003634.444 INFO             PET0 PIOc_freedecomp Exit - MemInfo: Wall-clock time since execution start:               0.157196 seconds
20220312 003634.444 INFO             PET0  PASS  Write Field to NetCDF file, ESMF_FieldIOUTest.F90, line 348
20220312 003634.445 INFO             PET0  PASS  Confirm NetCDF metadata - open file, ESMF_FieldIOUTest.F90, line 359
20220312 003634.445 INFO             PET0  PASS  Confirm NetCDF metadata - check dim 1, ESMF_FieldIOUTest.F90, line 369
20220312 003634.445 INFO             PET0  PASS  Confirm NetCDF metadata - check dim 1 len, ESMF_FieldIOUTest.F90, line 379
20220312 003634.445 INFO             PET0  PASS  Confirm NetCDF metadata - check dim 2, ESMF_FieldIOUTest.F90, line 389
20220312 003634.445 INFO             PET0  PASS  Confirm NetCDF metadata - check dim 2 len, ESMF_FieldIOUTest.F90, line 399
20220312 003634.445 INFO             PET0  PASS  Confirm NetCDF metadata - variable exists, ESMF_FieldIOUTest.F90, line 409
20220312 003634.445 INFO             PET0  PASS  Confirm NetCDF metadata - variable has expected dims, ESMF_FieldIOUTest.F90, line 420
20220312 003634.445 INFO             PET0  PASS  Confirm NetCDF data - check data for field, ESMF_FieldIOUTest.F90, line 445
20220312 003634.445 INFO             PET0  PASS  Confirm NetCDF data - close file, ESMF_FieldIOUTest.F90, line 456
20220312 003634.464 INFO             PET0 PIOc_sync Enter - MemInfo: [/proc/meminfo - SSI]	MemTotal:       65855856 kB
20220312 003634.464 INFO             PET0 PIOc_sync Enter - MemInfo: [/proc/meminfo - SSI]	MemFree:        61305584 kB
20220312 003634.464 INFO             PET0 PIOc_sync Enter - MemInfo: [/proc/meminfo - SSI]	MemAvailable:   61081292 kB
20220312 003634.464 INFO             PET0 PIOc_sync Enter - MemInfo: [/proc/meminfo - SSI]	Committed_AS:    2796968 kB
20220312 003634.464 INFO             PET0 PIOc_sync Enter - MemInfo: [/proc/meminfo - SSI]	CommittedPercent: 4.24711 %
20220312 003634.464 INFO             PET0 PIOc_sync Enter - MemInfo: [/proc/self/status]	VmPeak:	   91796 kB
20220312 003634.464 INFO             PET0 PIOc_sync Enter - MemInfo: [/proc/self/status]	VmSize:	   91796 kB
20220312 003634.464 INFO             PET0 PIOc_sync Enter - MemInfo: [/proc/self/status]	VmLck:	       0 kB
20220312 003634.464 INFO             PET0 PIOc_sync Enter - MemInfo: [/proc/self/status]	VmPin:	       0 kB
20220312 003634.464 INFO             PET0 PIOc_sync Enter - MemInfo: [/proc/self/status]	VmHWM:	   27016 kB
20220312 003634.464 INFO             PET0 PIOc_sync Enter - MemInfo: [/proc/self/status]	VmRSS:	   27016 kB
20220312 003634.464 INFO             PET0 PIOc_sync Enter - MemInfo: [/proc/self/status]	VmData:	   25400 kB
20220312 003634.464 INFO             PET0 PIOc_sync Enter - MemInfo: [/proc/self/status]	VmStk:	     164 kB
20220312 003634.464 INFO             PET0 PIOc_sync Enter - MemInfo: [/proc/self/status]	VmExe:	   40848 kB
20220312 003634.464 INFO             PET0 PIOc_sync Enter - MemInfo: [/proc/self/status]	VmLib:	    1952 kB
20220312 003634.464 INFO             PET0 PIOc_sync Enter - MemInfo: [/proc/self/status]	VmPTE:	     188 kB
20220312 003634.464 INFO             PET0 PIOc_sync Enter - MemInfo: [/proc/self/status]	VmPMD:	      12 kB
20220312 003634.464 INFO             PET0 PIOc_sync Enter - MemInfo: [/proc/self/status]	VmSwap:	       0 kB
20220312 003634.464 INFO             PET0 PIOc_sync Enter - MemInfo: [/proc/self/status]	VmRSSPercent: 0.0410229 %
20220312 003634.464 INFO             PET0 PIOc_sync Enter - MemInfo: [malloc] Non-mmapped space allocated:                18430272 Byte
20220312 003634.464 INFO             PET0 PIOc_sync Enter - MemInfo: [malloc] Space allocated in mmapped regions:          3219456 Byte
20220312 003634.464 INFO             PET0 PIOc_sync Enter - MemInfo: [malloc] Maximum total allocated space:                     0 Byte
20220312 003634.464 INFO             PET0 PIOc_sync Enter - MemInfo: [malloc] Space in freed fastbin blocks:                     0 Byte
20220312 003634.464 INFO             PET0 PIOc_sync Enter - MemInfo: [malloc] Total allocated space:                       9957184 Byte
20220312 003634.464 INFO             PET0 PIOc_sync Enter - MemInfo: [malloc] Total free space:                            8473088 Byte
20220312 003634.464 INFO             PET0 PIOc_sync Enter - MemInfo: [malloc] Top-most, releasable space:                   134592 Byte
20220312 003634.464 INFO             PET0 PIOc_sync Enter - MemInfo: [malloc] Total space in use, mmap + non-mmap:        13176640 Byte
20220312 003634.464 INFO             PET0 PIOc_sync Enter - MemInfo: [malloc] Total space held (mmap + non-mmap):         21649728 Byte
20220312 003634.464 INFO             PET0 PIOc_sync Enter - MemInfo: [malloc] Total space used (mmap + non-mmap):         13185072 Byte
20220312 003634.464 INFO             PET0 PIOc_sync Enter - MemInfo: Wall-clock time since execution start:               0.177842 seconds
20220312 003634.464 INFO             PET0 PIOc_sync Exit - MemInfo: [/proc/meminfo - SSI]	MemTotal:       65855856 kB
20220312 003634.464 INFO             PET0 PIOc_sync Exit - MemInfo: [/proc/meminfo - SSI]	MemFree:        61305584 kB
20220312 003634.464 INFO             PET0 PIOc_sync Exit - MemInfo: [/proc/meminfo - SSI]	MemAvailable:   61081292 kB
20220312 003634.464 INFO             PET0 PIOc_sync Exit - MemInfo: [/proc/meminfo - SSI]	Committed_AS:    2796968 kB
20220312 003634.464 INFO             PET0 PIOc_sync Exit - MemInfo: [/proc/meminfo - SSI]	CommittedPercent: 4.24711 %
20220312 003634.465 INFO             PET0 PIOc_sync Exit - MemInfo: [/proc/self/status]	VmPeak:	   91796 kB
20220312 003634.465 INFO             PET0 PIOc_sync Exit - MemInfo: [/proc/self/status]	VmSize:	   91796 kB
20220312 003634.465 INFO             PET0 PIOc_sync Exit - MemInfo: [/proc/self/status]	VmLck:	       0 kB
20220312 003634.465 INFO             PET0 PIOc_sync Exit - MemInfo: [/proc/self/status]	VmPin:	       0 kB
20220312 003634.465 INFO             PET0 PIOc_sync Exit - MemInfo: [/proc/self/status]	VmHWM:	   27016 kB
20220312 003634.465 INFO             PET0 PIOc_sync Exit - MemInfo: [/proc/self/status]	VmRSS:	   27016 kB
20220312 003634.465 INFO             PET0 PIOc_sync Exit - MemInfo: [/proc/self/status]	VmData:	   25400 kB
20220312 003634.465 INFO             PET0 PIOc_sync Exit - MemInfo: [/proc/self/status]	VmStk:	     164 kB
20220312 003634.465 INFO             PET0 PIOc_sync Exit - MemInfo: [/proc/self/status]	VmExe:	   40848 kB
20220312 003634.465 INFO             PET0 PIOc_sync Exit - MemInfo: [/proc/self/status]	VmLib:	    1952 kB
20220312 003634.465 INFO             PET0 PIOc_sync Exit - MemInfo: [/proc/self/status]	VmPTE:	     188 kB
20220312 003634.465 INFO             PET0 PIOc_sync Exit - MemInfo: [/proc/self/status]	VmPMD:	      12 kB
20220312 003634.465 INFO             PET0 PIOc_sync Exit - MemInfo: [/proc/self/status]	VmSwap:	       0 kB
20220312 003634.465 INFO             PET0 PIOc_sync Exit - MemInfo: [/proc/self/status]	VmRSSPercent: 0.0410229 %
20220312 003634.465 INFO             PET0 PIOc_sync Exit - MemInfo: [malloc] Non-mmapped space allocated:                18430272 Byte
20220312 003634.465 INFO             PET0 PIOc_sync Exit - MemInfo: [malloc] Space allocated in mmapped regions:          3219456 Byte
20220312 003634.465 INFO             PET0 PIOc_sync Exit - MemInfo: [malloc] Maximum total allocated space:                     0 Byte
20220312 003634.465 INFO             PET0 PIOc_sync Exit - MemInfo: [malloc] Space in freed fastbin blocks:                     0 Byte
20220312 003634.465 INFO             PET0 PIOc_sync Exit - MemInfo: [malloc] Total allocated space:                       9958496 Byte
20220312 003634.465 INFO             PET0 PIOc_sync Exit - MemInfo: [malloc] Total free space:                            8471776 Byte
20220312 003634.465 INFO             PET0 PIOc_sync Exit - MemInfo: [malloc] Top-most, releasable space:                   134592 Byte
20220312 003634.465 INFO             PET0 PIOc_sync Exit - MemInfo: [malloc] Total space in use, mmap + non-mmap:        13177952 Byte
20220312 003634.465 INFO             PET0 PIOc_sync Exit - MemInfo: [malloc] Total space held (mmap + non-mmap):         21649728 Byte
20220312 003634.465 INFO             PET0 PIOc_sync Exit - MemInfo: [malloc] Total space used (mmap + non-mmap):         13186272 Byte
20220312 003634.465 INFO             PET0 PIOc_sync Exit - MemInfo: Wall-clock time since execution start:               0.178419 seconds
20220312 003634.465 INFO             PET0 PIOc_freedecomp Enter - MemInfo: [/proc/meminfo - SSI]	MemTotal:       65855856 kB
20220312 003634.465 INFO             PET0 PIOc_freedecomp Enter - MemInfo: [/proc/meminfo - SSI]	MemFree:        61305584 kB
20220312 003634.465 INFO             PET0 PIOc_freedecomp Enter - MemInfo: [/proc/meminfo - SSI]	MemAvailable:   61081292 kB
20220312 003634.465 INFO             PET0 PIOc_freedecomp Enter - MemInfo: [/proc/meminfo - SSI]	Committed_AS:    2796968 kB
20220312 003634.465 INFO             PET0 PIOc_freedecomp Enter - MemInfo: [/proc/meminfo - SSI]	CommittedPercent: 4.24711 %
20220312 003634.465 INFO             PET0 PIOc_freedecomp Enter - MemInfo: [/proc/self/status]	VmPeak:	   91796 kB
20220312 003634.465 INFO             PET0 PIOc_freedecomp Enter - MemInfo: [/proc/self/status]	VmSize:	   91796 kB
20220312 003634.465 INFO             PET0 PIOc_freedecomp Enter - MemInfo: [/proc/self/status]	VmLck:	       0 kB
20220312 003634.465 INFO             PET0 PIOc_freedecomp Enter - MemInfo: [/proc/self/status]	VmPin:	       0 kB
20220312 003634.465 INFO             PET0 PIOc_freedecomp Enter - MemInfo: [/proc/self/status]	VmHWM:	   27016 kB
20220312 003634.465 INFO             PET0 PIOc_freedecomp Enter - MemInfo: [/proc/self/status]	VmRSS:	   27016 kB
20220312 003634.465 INFO             PET0 PIOc_freedecomp Enter - MemInfo: [/proc/self/status]	VmData:	   25400 kB
20220312 003634.465 INFO             PET0 PIOc_freedecomp Enter - MemInfo: [/proc/self/status]	VmStk:	     164 kB
20220312 003634.465 INFO             PET0 PIOc_freedecomp Enter - MemInfo: [/proc/self/status]	VmExe:	   40848 kB
20220312 003634.465 INFO             PET0 PIOc_freedecomp Enter - MemInfo: [/proc/self/status]	VmLib:	    1952 kB
20220312 003634.465 INFO             PET0 PIOc_freedecomp Enter - MemInfo: [/proc/self/status]	VmPTE:	     188 kB
20220312 003634.465 INFO             PET0 PIOc_freedecomp Enter - MemInfo: [/proc/self/status]	VmPMD:	      12 kB
20220312 003634.465 INFO             PET0 PIOc_freedecomp Enter - MemInfo: [/proc/self/status]	VmSwap:	       0 kB
20220312 003634.465 INFO             PET0 PIOc_freedecomp Enter - MemInfo: [/proc/self/status]	VmRSSPercent: 0.0410229 %
20220312 003634.465 INFO             PET0 PIOc_freedecomp Enter - MemInfo: [malloc] Non-mmapped space allocated:                18430272 Byte
20220312 003634.465 INFO             PET0 PIOc_freedecomp Enter - MemInfo: [malloc] Space allocated in mmapped regions:          3219456 Byte
20220312 003634.465 INFO             PET0 PIOc_freedecomp Enter - MemInfo: [malloc] Maximum total allocated space:                     0 Byte
20220312 003634.465 INFO             PET0 PIOc_freedecomp Enter - MemInfo: [malloc] Space in freed fastbin blocks:                   224 Byte
20220312 003634.465 INFO             PET0 PIOc_freedecomp Enter - MemInfo: [malloc] Total allocated space:                       1034272 Byte
20220312 003634.465 INFO             PET0 PIOc_freedecomp Enter - MemInfo: [malloc] Total free space:                           17396000 Byte
20220312 003634.465 INFO             PET0 PIOc_freedecomp Enter - MemInfo: [malloc] Top-most, releasable space:                  8523216 Byte
20220312 003634.465 INFO             PET0 PIOc_freedecomp Enter - MemInfo: [malloc] Total space in use, mmap + non-mmap:         4253728 Byte
20220312 003634.465 INFO             PET0 PIOc_freedecomp Enter - MemInfo: [malloc] Total space held (mmap + non-mmap):         21649728 Byte
20220312 003634.465 INFO             PET0 PIOc_freedecomp Enter - MemInfo: [malloc] Total space used (mmap + non-mmap):          4261936 Byte
20220312 003634.465 INFO             PET0 PIOc_freedecomp Enter - MemInfo: Wall-clock time since execution start:                0.17903 seconds
20220312 003634.466 INFO             PET0 PIOc_freedecomp Exit - MemInfo: [/proc/meminfo - SSI]	MemTotal:       65855856 kB
20220312 003634.466 INFO             PET0 PIOc_freedecomp Exit - MemInfo: [/proc/meminfo - SSI]	MemFree:        61305584 kB
20220312 003634.466 INFO             PET0 PIOc_freedecomp Exit - MemInfo: [/proc/meminfo - SSI]	MemAvailable:   61081292 kB
20220312 003634.466 INFO             PET0 PIOc_freedecomp Exit - MemInfo: [/proc/meminfo - SSI]	Committed_AS:    2796968 kB
20220312 003634.466 INFO             PET0 PIOc_freedecomp Exit - MemInfo: [/proc/meminfo - SSI]	CommittedPercent: 4.24711 %
20220312 003634.466 INFO             PET0 PIOc_freedecomp Exit - MemInfo: [/proc/self/status]	VmPeak:	   91796 kB
20220312 003634.466 INFO             PET0 PIOc_freedecomp Exit - MemInfo: [/proc/self/status]	VmSize:	   91796 kB
20220312 003634.466 INFO             PET0 PIOc_freedecomp Exit - MemInfo: [/proc/self/status]	VmLck:	       0 kB
20220312 003634.466 INFO             PET0 PIOc_freedecomp Exit - MemInfo: [/proc/self/status]	VmPin:	       0 kB
20220312 003634.466 INFO             PET0 PIOc_freedecomp Exit - MemInfo: [/proc/self/status]	VmHWM:	   27016 kB
20220312 003634.466 INFO             PET0 PIOc_freedecomp Exit - MemInfo: [/proc/self/status]	VmRSS:	   27016 kB
20220312 003634.466 INFO             PET0 PIOc_freedecomp Exit - MemInfo: [/proc/self/status]	VmData:	   25400 kB
20220312 003634.466 INFO             PET0 PIOc_freedecomp Exit - MemInfo: [/proc/self/status]	VmStk:	     164 kB
20220312 003634.466 INFO             PET0 PIOc_freedecomp Exit - MemInfo: [/proc/self/status]	VmExe:	   40848 kB
20220312 003634.466 INFO             PET0 PIOc_freedecomp Exit - MemInfo: [/proc/self/status]	VmLib:	    1952 kB
20220312 003634.466 INFO             PET0 PIOc_freedecomp Exit - MemInfo: [/proc/self/status]	VmPTE:	     188 kB
20220312 003634.466 INFO             PET0 PIOc_freedecomp Exit - MemInfo: [/proc/self/status]	VmPMD:	      12 kB
20220312 003634.466 INFO             PET0 PIOc_freedecomp Exit - MemInfo: [/proc/self/status]	VmSwap:	       0 kB
20220312 003634.466 INFO             PET0 PIOc_freedecomp Exit - MemInfo: [/proc/self/status]	VmRSSPercent: 0.0410229 %
20220312 003634.466 INFO             PET0 PIOc_freedecomp Exit - MemInfo: [malloc] Non-mmapped space allocated:                18430272 Byte
20220312 003634.466 INFO             PET0 PIOc_freedecomp Exit - MemInfo: [malloc] Space allocated in mmapped regions:          3219456 Byte
20220312 003634.466 INFO             PET0 PIOc_freedecomp Exit - MemInfo: [malloc] Maximum total allocated space:                     0 Byte
20220312 003634.466 INFO             PET0 PIOc_freedecomp Exit - MemInfo: [malloc] Space in freed fastbin blocks:                   960 Byte
20220312 003634.466 INFO             PET0 PIOc_freedecomp Exit - MemInfo: [malloc] Total allocated space:                       1031216 Byte
20220312 003634.466 INFO             PET0 PIOc_freedecomp Exit - MemInfo: [malloc] Total free space:                           17399056 Byte
20220312 003634.466 INFO             PET0 PIOc_freedecomp Exit - MemInfo: [malloc] Top-most, releasable space:                  8523216 Byte
20220312 003634.466 INFO             PET0 PIOc_freedecomp Exit - MemInfo: [malloc] Total space in use, mmap + non-mmap:         4250672 Byte
20220312 003634.466 INFO             PET0 PIOc_freedecomp Exit - MemInfo: [malloc] Total space held (mmap + non-mmap):         21649728 Byte
20220312 003634.466 INFO             PET0 PIOc_freedecomp Exit - MemInfo: [malloc] Total space used (mmap + non-mmap):          4258880 Byte
20220312 003634.466 INFO             PET0 PIOc_freedecomp Exit - MemInfo: Wall-clock time since execution start:               0.179423 seconds
20220312 003634.478 INFO             PET0 PIOc_sync Enter - MemInfo: [/proc/meminfo - SSI]	MemTotal:       65855856 kB
20220312 003634.478 INFO             PET0 PIOc_sync Enter - MemInfo: [/proc/meminfo - SSI]	MemFree:        61305584 kB
20220312 003634.478 INFO             PET0 PIOc_sync Enter - MemInfo: [/proc/meminfo - SSI]	MemAvailable:   61081292 kB
20220312 003634.478 INFO             PET0 PIOc_sync Enter - MemInfo: [/proc/meminfo - SSI]	Committed_AS:    2796968 kB
20220312 003634.478 INFO             PET0 PIOc_sync Enter - MemInfo: [/proc/meminfo - SSI]	CommittedPercent: 4.24711 %
20220312 003634.478 INFO             PET0 PIOc_sync Enter - MemInfo: [/proc/self/status]	VmPeak:	   91796 kB
20220312 003634.478 INFO             PET0 PIOc_sync Enter - MemInfo: [/proc/self/status]	VmSize:	   91796 kB
20220312 003634.478 INFO             PET0 PIOc_sync Enter - MemInfo: [/proc/self/status]	VmLck:	       0 kB
20220312 003634.478 INFO             PET0 PIOc_sync Enter - MemInfo: [/proc/self/status]	VmPin:	       0 kB
20220312 003634.478 INFO             PET0 PIOc_sync Enter - MemInfo: [/proc/self/status]	VmHWM:	   27276 kB
20220312 003634.478 INFO             PET0 PIOc_sync Enter - MemInfo: [/proc/self/status]	VmRSS:	   27276 kB
20220312 003634.478 INFO             PET0 PIOc_sync Enter - MemInfo: [/proc/self/status]	VmData:	   25400 kB
20220312 003634.478 INFO             PET0 PIOc_sync Enter - MemInfo: [/proc/self/status]	VmStk:	     164 kB
20220312 003634.478 INFO             PET0 PIOc_sync Enter - MemInfo: [/proc/self/status]	VmExe:	   40848 kB
20220312 003634.478 INFO             PET0 PIOc_sync Enter - MemInfo: [/proc/self/status]	VmLib:	    1952 kB
20220312 003634.478 INFO             PET0 PIOc_sync Enter - MemInfo: [/proc/self/status]	VmPTE:	     188 kB
20220312 003634.478 INFO             PET0 PIOc_sync Enter - MemInfo: [/proc/self/status]	VmPMD:	      12 kB
20220312 003634.478 INFO             PET0 PIOc_sync Enter - MemInfo: [/proc/self/status]	VmSwap:	       0 kB
20220312 003634.478 INFO             PET0 PIOc_sync Enter - MemInfo: [/proc/self/status]	VmRSSPercent: 0.0414177 %
20220312 003634.478 INFO             PET0 PIOc_sync Enter - MemInfo: [malloc] Non-mmapped space allocated:                18430272 Byte
20220312 003634.478 INFO             PET0 PIOc_sync Enter - MemInfo: [malloc] Space allocated in mmapped regions:          3219456 Byte
20220312 003634.478 INFO             PET0 PIOc_sync Enter - MemInfo: [malloc] Maximum total allocated space:                     0 Byte
20220312 003634.478 INFO             PET0 PIOc_sync Enter - MemInfo: [malloc] Space in freed fastbin blocks:                     0 Byte
20220312 003634.478 INFO             PET0 PIOc_sync Enter - MemInfo: [malloc] Total allocated space:                       9964112 Byte
20220312 003634.478 INFO             PET0 PIOc_sync Enter - MemInfo: [malloc] Total free space:                            8466160 Byte
20220312 003634.478 INFO             PET0 PIOc_sync Enter - MemInfo: [malloc] Top-most, releasable space:                   134592 Byte
20220312 003634.478 INFO             PET0 PIOc_sync Enter - MemInfo: [malloc] Total space in use, mmap + non-mmap:        13183568 Byte
20220312 003634.478 INFO             PET0 PIOc_sync Enter - MemInfo: [malloc] Total space held (mmap + non-mmap):         21649728 Byte
20220312 003634.478 INFO             PET0 PIOc_sync Enter - MemInfo: [malloc] Total space used (mmap + non-mmap):         13192112 Byte
20220312 003634.478 INFO             PET0 PIOc_sync Enter - MemInfo: Wall-clock time since execution start:               0.191515 seconds
20220312 003634.478 INFO             PET0 PIOc_sync Exit - MemInfo: [/proc/meminfo - SSI]	MemTotal:       65855856 kB
20220312 003634.478 INFO             PET0 PIOc_sync Exit - MemInfo: [/proc/meminfo - SSI]	MemFree:        61305584 kB
20220312 003634.478 INFO             PET0 PIOc_sync Exit - MemInfo: [/proc/meminfo - SSI]	MemAvailable:   61081292 kB
20220312 003634.478 INFO             PET0 PIOc_sync Exit - MemInfo: [/proc/meminfo - SSI]	Committed_AS:    2796968 kB
20220312 003634.478 INFO             PET0 PIOc_sync Exit - MemInfo: [/proc/meminfo - SSI]	CommittedPercent: 4.24711 %
20220312 003634.478 INFO             PET0 PIOc_sync Exit - MemInfo: [/proc/self/status]	VmPeak:	   91796 kB
20220312 003634.478 INFO             PET0 PIOc_sync Exit - MemInfo: [/proc/self/status]	VmSize:	   91796 kB
20220312 003634.478 INFO             PET0 PIOc_sync Exit - MemInfo: [/proc/self/status]	VmLck:	       0 kB
20220312 003634.478 INFO             PET0 PIOc_sync Exit - MemInfo: [/proc/self/status]	VmPin:	       0 kB
20220312 003634.478 INFO             PET0 PIOc_sync Exit - MemInfo: [/proc/self/status]	VmHWM:	   27276 kB
20220312 003634.478 INFO             PET0 PIOc_sync Exit - MemInfo: [/proc/self/status]	VmRSS:	   27276 kB
20220312 003634.478 INFO             PET0 PIOc_sync Exit - MemInfo: [/proc/self/status]	VmData:	   25400 kB
20220312 003634.478 INFO             PET0 PIOc_sync Exit - MemInfo: [/proc/self/status]	VmStk:	     164 kB
20220312 003634.478 INFO             PET0 PIOc_sync Exit - MemInfo: [/proc/self/status]	VmExe:	   40848 kB
20220312 003634.478 INFO             PET0 PIOc_sync Exit - MemInfo: [/proc/self/status]	VmLib:	    1952 kB
20220312 003634.478 INFO             PET0 PIOc_sync Exit - MemInfo: [/proc/self/status]	VmPTE:	     188 kB
20220312 003634.478 INFO             PET0 PIOc_sync Exit - MemInfo: [/proc/self/status]	VmPMD:	      12 kB
20220312 003634.478 INFO             PET0 PIOc_sync Exit - MemInfo: [/proc/self/status]	VmSwap:	       0 kB
20220312 003634.478 INFO             PET0 PIOc_sync Exit - MemInfo: [/proc/self/status]	VmRSSPercent: 0.0414177 %
20220312 003634.478 INFO             PET0 PIOc_sync Exit - MemInfo: [malloc] Non-mmapped space allocated:                18430272 Byte
20220312 003634.478 INFO             PET0 PIOc_sync Exit - MemInfo: [malloc] Space allocated in mmapped regions:          3219456 Byte
20220312 003634.478 INFO             PET0 PIOc_sync Exit - MemInfo: [malloc] Maximum total allocated space:                     0 Byte
20220312 003634.478 INFO             PET0 PIOc_sync Exit - MemInfo: [malloc] Space in freed fastbin blocks:                     0 Byte
20220312 003634.478 INFO             PET0 PIOc_sync Exit - MemInfo: [malloc] Total allocated space:                       9965344 Byte
20220312 003634.478 INFO             PET0 PIOc_sync Exit - MemInfo: [malloc] Total free space:                            8464928 Byte
20220312 003634.478 INFO             PET0 PIOc_sync Exit - MemInfo: [malloc] Top-most, releasable space:                   134592 Byte
20220312 003634.478 INFO             PET0 PIOc_sync Exit - MemInfo: [malloc] Total space in use, mmap + non-mmap:        13184800 Byte
20220312 003634.478 INFO             PET0 PIOc_sync Exit - MemInfo: [malloc] Total space held (mmap + non-mmap):         21649728 Byte
