build time -- 2022-03-11 23:43:27
20220312 003147.739 INFO             PET0 !!!!!!!!!!!!!!!!!!!!!!!!!!!!!!!!!!!!!!!!!!!!!!!!!!!!!!
20220312 003147.739 INFO             PET0 !!! THE ESMF_LOG IS SET TO OUTPUT ALL LOG MESSAGES !!!
20220312 003147.739 INFO             PET0 !!!     THIS MAY CAUSE SLOWDOWN IN PERFORMANCE     !!!
20220312 003147.739 INFO             PET0 !!! FOR PRODUCTION RUNS, USE:                      !!!
20220312 003147.739 INFO             PET0 !!!                   ESMF_LOGKIND_Multi_On_Error  !!!
20220312 003147.739 INFO             PET0 !!!!!!!!!!!!!!!!!!!!!!!!!!!!!!!!!!!!!!!!!!!!!!!!!!!!!!
20220312 003147.739 INFO             PET0 Running with ESMF Version   : v8.3.0b09-96-g559b459836
20220312 003147.739 INFO             PET0 ESMF library build date/time: "Mar 11 2022" "23:41:41"
20220312 003147.739 INFO             PET0 ESMF library build location : /lustre/f2/dev/ncep/Mark.Potts/gfortran_8.3.0_mpi_g_jedwards_pio_update2
20220312 003147.739 INFO             PET0 ESMF_COMM                   : mpi
20220312 003147.740 INFO             PET0 ESMF_MOAB                   : enabled
20220312 003147.740 INFO             PET0 ESMF_LAPACK                 : enabled
20220312 003147.740 INFO             PET0 ESMF_NETCDF                 : enabled
20220312 003147.740 INFO             PET0 ESMF_PNETCDF                : disabled
20220312 003147.740 INFO             PET0 ESMF_PIO                    : enabled
20220312 003147.740 INFO             PET0 ESMF_YAMLCPP                : enabled
20220312 003147.746 INFO             PET0  Beginning Test, file ESMF_ArrayBundleIOUTest.F90, line 70
20220312 003147.746 INFO             PET0  NUMBER_OF_PROCESSORS           4
20220312 003147.784 INFO             PET0  PASS  ArrayCreate Allocate 2D ESMF_TYPEKIND_R8 Test, ESMF_ArrayBundleIOUTest.F90, line 109
20220312 003147.795 INFO             PET0  PASS  Obtain real Fortran Array Pointer for array 1, ESMF_ArrayBundleIOUTest.F90, line 117
20220312 003147.797 INFO             PET0  PASS  ArrayCreate Allocate 2D ESMF_TYPEKIND_I4 Test, ESMF_ArrayBundleIOUTest.F90, line 125
20220312 003147.799 INFO             PET0  PASS  Obtain integer Fortran Array Pointer for array 2, ESMF_ArrayBundleIOUTest.F90, line 133
20220312 003147.800 INFO             PET0  PASS  ArrayCreate Allocate 3D ESMF_TYPEKIND_I4 Test, ESMF_ArrayBundleIOUTest.F90, line 141
20220312 003147.800 INFO             PET0  PASS  Obtain Integer Fortran Array Pointer for array 2, ESMF_ArrayBundleIOUTest.F90, line 149
20220312 003147.802 INFO             PET0  PASS  ArrayBundleCreate Test, ESMF_ArrayBundleIOUTest.F90, line 158
20220312 003147.812 INFO             PET0 PIOc_sync Enter - MemInfo: [/proc/meminfo - SSI]	MemTotal:       65855856 kB
20220312 003147.813 INFO             PET0 PIOc_sync Enter - MemInfo: [/proc/meminfo - SSI]	MemFree:        61305904 kB
20220312 003147.813 INFO             PET0 PIOc_sync Enter - MemInfo: [/proc/meminfo - SSI]	MemAvailable:   61084800 kB
20220312 003147.813 INFO             PET0 PIOc_sync Enter - MemInfo: [/proc/meminfo - SSI]	Committed_AS:    2797868 kB
20220312 003147.813 INFO             PET0 PIOc_sync Enter - MemInfo: [/proc/meminfo - SSI]	CommittedPercent: 4.24847 %
20220312 003147.813 INFO             PET0 PIOc_sync Enter - MemInfo: [/proc/self/status]	VmPeak:	   83040 kB
20220312 003147.813 INFO             PET0 PIOc_sync Enter - MemInfo: [/proc/self/status]	VmSize:	   83040 kB
20220312 003147.813 INFO             PET0 PIOc_sync Enter - MemInfo: [/proc/self/status]	VmLck:	       0 kB
20220312 003147.813 INFO             PET0 PIOc_sync Enter - MemInfo: [/proc/self/status]	VmPin:	       0 kB
20220312 003147.813 INFO             PET0 PIOc_sync Enter - MemInfo: [/proc/self/status]	VmHWM:	   17156 kB
20220312 003147.813 INFO             PET0 PIOc_sync Enter - MemInfo: [/proc/self/status]	VmRSS:	   17156 kB
20220312 003147.813 INFO             PET0 PIOc_sync Enter - MemInfo: [/proc/self/status]	VmData:	   16724 kB
20220312 003147.813 INFO             PET0 PIOc_sync Enter - MemInfo: [/proc/self/status]	VmStk:	     164 kB
20220312 003147.813 INFO             PET0 PIOc_sync Enter - MemInfo: [/proc/self/status]	VmExe:	   40732 kB
20220312 003147.813 INFO             PET0 PIOc_sync Enter - MemInfo: [/proc/self/status]	VmLib:	    1952 kB
20220312 003147.813 INFO             PET0 PIOc_sync Enter - MemInfo: [/proc/self/status]	VmPTE:	     144 kB
20220312 003147.813 INFO             PET0 PIOc_sync Enter - MemInfo: [/proc/self/status]	VmPMD:	      12 kB
20220312 003147.813 INFO             PET0 PIOc_sync Enter - MemInfo: [/proc/self/status]	VmSwap:	       0 kB
20220312 003147.813 INFO             PET0 PIOc_sync Enter - MemInfo: [/proc/self/status]	VmRSSPercent: 0.0260508 %
20220312 003147.813 INFO             PET0 PIOc_sync Enter - MemInfo: [malloc] Non-mmapped space allocated:                  960832 Byte
20220312 003147.813 INFO             PET0 PIOc_sync Enter - MemInfo: [malloc] Space allocated in mmapped regions:         11808768 Byte
20220312 003147.813 INFO             PET0 PIOc_sync Enter - MemInfo: [malloc] Maximum total allocated space:                     0 Byte
20220312 003147.813 INFO             PET0 PIOc_sync Enter - MemInfo: [malloc] Space in freed fastbin blocks:                     0 Byte
20220312 003147.813 INFO             PET0 PIOc_sync Enter - MemInfo: [malloc] Total allocated space:                        937760 Byte
20220312 003147.813 INFO             PET0 PIOc_sync Enter - MemInfo: [malloc] Total free space:                              23072 Byte
20220312 003147.813 INFO             PET0 PIOc_sync Enter - MemInfo: [malloc] Top-most, releasable space:                    19152 Byte
20220312 003147.813 INFO             PET0 PIOc_sync Enter - MemInfo: [malloc] Total space in use, mmap + non-mmap:        12746528 Byte
20220312 003147.813 INFO             PET0 PIOc_sync Enter - MemInfo: [malloc] Total space held (mmap + non-mmap):         12769600 Byte
20220312 003147.813 INFO             PET0 PIOc_sync Enter - MemInfo: [malloc] Total space used (mmap + non-mmap):         12756064 Byte
20220312 003147.813 INFO             PET0 PIOc_sync Enter - MemInfo: Wall-clock time since execution start:               0.104737 seconds
20220312 003147.814 INFO             PET0 PIOc_sync Exit - MemInfo: [/proc/meminfo - SSI]	MemTotal:       65855856 kB
20220312 003147.814 INFO             PET0 PIOc_sync Exit - MemInfo: [/proc/meminfo - SSI]	MemFree:        61304832 kB
20220312 003147.814 INFO             PET0 PIOc_sync Exit - MemInfo: [/proc/meminfo - SSI]	MemAvailable:   61083728 kB
20220312 003147.814 INFO             PET0 PIOc_sync Exit - MemInfo: [/proc/meminfo - SSI]	Committed_AS:    2797868 kB
20220312 003147.814 INFO             PET0 PIOc_sync Exit - MemInfo: [/proc/meminfo - SSI]	CommittedPercent: 4.24847 %
20220312 003147.814 INFO             PET0 PIOc_sync Exit - MemInfo: [/proc/self/status]	VmPeak:	   83548 kB
20220312 003147.814 INFO             PET0 PIOc_sync Exit - MemInfo: [/proc/self/status]	VmSize:	   83548 kB
20220312 003147.814 INFO             PET0 PIOc_sync Exit - MemInfo: [/proc/self/status]	VmLck:	       0 kB
20220312 003147.814 INFO             PET0 PIOc_sync Exit - MemInfo: [/proc/self/status]	VmPin:	       0 kB
20220312 003147.814 INFO             PET0 PIOc_sync Exit - MemInfo: [/proc/self/status]	VmHWM:	   17656 kB
20220312 003147.814 INFO             PET0 PIOc_sync Exit - MemInfo: [/proc/self/status]	VmRSS:	   17656 kB
20220312 003147.814 INFO             PET0 PIOc_sync Exit - MemInfo: [/proc/self/status]	VmData:	   17232 kB
20220312 003147.814 INFO             PET0 PIOc_sync Exit - MemInfo: [/proc/self/status]	VmStk:	     164 kB
20220312 003147.814 INFO             PET0 PIOc_sync Exit - MemInfo: [/proc/self/status]	VmExe:	   40732 kB
20220312 003147.814 INFO             PET0 PIOc_sync Exit - MemInfo: [/proc/self/status]	VmLib:	    1952 kB
20220312 003147.814 INFO             PET0 PIOc_sync Exit - MemInfo: [/proc/self/status]	VmPTE:	     152 kB
20220312 003147.814 INFO             PET0 PIOc_sync Exit - MemInfo: [/proc/self/status]	VmPMD:	      12 kB
20220312 003147.814 INFO             PET0 PIOc_sync Exit - MemInfo: [/proc/self/status]	VmSwap:	       0 kB
20220312 003147.814 INFO             PET0 PIOc_sync Exit - MemInfo: [/proc/self/status]	VmRSSPercent: 0.0268101 %
20220312 003147.814 INFO             PET0 PIOc_sync Exit - MemInfo: [malloc] Non-mmapped space allocated:                 1149248 Byte
20220312 003147.814 INFO             PET0 PIOc_sync Exit - MemInfo: [malloc] Space allocated in mmapped regions:         12140544 Byte
20220312 003147.814 INFO             PET0 PIOc_sync Exit - MemInfo: [malloc] Maximum total allocated space:                     0 Byte
20220312 003147.814 INFO             PET0 PIOc_sync Exit - MemInfo: [malloc] Space in freed fastbin blocks:                   144 Byte
20220312 003147.814 INFO             PET0 PIOc_sync Exit - MemInfo: [malloc] Total allocated space:                       1052368 Byte
20220312 003147.814 INFO             PET0 PIOc_sync Exit - MemInfo: [malloc] Total free space:                              96880 Byte
20220312 003147.814 INFO             PET0 PIOc_sync Exit - MemInfo: [malloc] Top-most, releasable space:                    81520 Byte
20220312 003147.814 INFO             PET0 PIOc_sync Exit - MemInfo: [malloc] Total space in use, mmap + non-mmap:        13192912 Byte
20220312 003147.814 INFO             PET0 PIOc_sync Exit - MemInfo: [malloc] Total space held (mmap + non-mmap):         13289792 Byte
20220312 003147.814 INFO             PET0 PIOc_sync Exit - MemInfo: [malloc] Total space used (mmap + non-mmap):         13201856 Byte
20220312 003147.814 INFO             PET0 PIOc_sync Exit - MemInfo: Wall-clock time since execution start:               0.105726 seconds
20220312 003147.815 INFO             PET0 PIOc_freedecomp Enter - MemInfo: [/proc/meminfo - SSI]	MemTotal:       65855856 kB
20220312 003147.815 INFO             PET0 PIOc_freedecomp Enter - MemInfo: [/proc/meminfo - SSI]	MemFree:        61311384 kB
20220312 003147.815 INFO             PET0 PIOc_freedecomp Enter - MemInfo: [/proc/meminfo - SSI]	MemAvailable:   61090280 kB
20220312 003147.815 INFO             PET0 PIOc_freedecomp Enter - MemInfo: [/proc/meminfo - SSI]	Committed_AS:    2790184 kB
20220312 003147.815 INFO             PET0 PIOc_freedecomp Enter - MemInfo: [/proc/meminfo - SSI]	CommittedPercent: 4.2368 %
20220312 003147.815 INFO             PET0 PIOc_freedecomp Enter - MemInfo: [/proc/self/status]	VmPeak:	   83548 kB
20220312 003147.815 INFO             PET0 PIOc_freedecomp Enter - MemInfo: [/proc/self/status]	VmSize:	   74836 kB
20220312 003147.815 INFO             PET0 PIOc_freedecomp Enter - MemInfo: [/proc/self/status]	VmLck:	       0 kB
20220312 003147.815 INFO             PET0 PIOc_freedecomp Enter - MemInfo: [/proc/self/status]	VmPin:	       0 kB
20220312 003147.815 INFO             PET0 PIOc_freedecomp Enter - MemInfo: [/proc/self/status]	VmHWM:	   17656 kB
20220312 003147.815 INFO             PET0 PIOc_freedecomp Enter - MemInfo: [/proc/self/status]	VmRSS:	    9624 kB
20220312 003147.815 INFO             PET0 PIOc_freedecomp Enter - MemInfo: [/proc/self/status]	VmData:	    8520 kB
20220312 003147.815 INFO             PET0 PIOc_freedecomp Enter - MemInfo: [/proc/self/status]	VmStk:	     164 kB
20220312 003147.815 INFO             PET0 PIOc_freedecomp Enter - MemInfo: [/proc/self/status]	VmExe:	   40732 kB
20220312 003147.815 INFO             PET0 PIOc_freedecomp Enter - MemInfo: [/proc/self/status]	VmLib:	    1952 kB
20220312 003147.815 INFO             PET0 PIOc_freedecomp Enter - MemInfo: [/proc/self/status]	VmPTE:	     140 kB
20220312 003147.815 INFO             PET0 PIOc_freedecomp Enter - MemInfo: [/proc/self/status]	VmPMD:	      12 kB
20220312 003147.815 INFO             PET0 PIOc_freedecomp Enter - MemInfo: [/proc/self/status]	VmSwap:	       0 kB
20220312 003147.815 INFO             PET0 PIOc_freedecomp Enter - MemInfo: [/proc/self/status]	VmRSSPercent: 0.0146137 %
20220312 003147.815 INFO             PET0 PIOc_freedecomp Enter - MemInfo: [malloc] Non-mmapped space allocated:                 1149248 Byte
20220312 003147.815 INFO             PET0 PIOc_freedecomp Enter - MemInfo: [malloc] Space allocated in mmapped regions:          3219456 Byte
20220312 003147.815 INFO             PET0 PIOc_freedecomp Enter - MemInfo: [malloc] Maximum total allocated space:                     0 Byte
20220312 003147.815 INFO             PET0 PIOc_freedecomp Enter - MemInfo: [malloc] Space in freed fastbin blocks:                  1520 Byte
20220312 003147.815 INFO             PET0 PIOc_freedecomp Enter - MemInfo: [malloc] Total allocated space:                       1041312 Byte
20220312 003147.815 INFO             PET0 PIOc_freedecomp Enter - MemInfo: [malloc] Total free space:                             107936 Byte
20220312 003147.815 INFO             PET0 PIOc_freedecomp Enter - MemInfo: [malloc] Top-most, releasable space:                    81520 Byte
20220312 003147.815 INFO             PET0 PIOc_freedecomp Enter - MemInfo: [malloc] Total space in use, mmap + non-mmap:         4260768 Byte
20220312 003147.815 INFO             PET0 PIOc_freedecomp Enter - MemInfo: [malloc] Total space held (mmap + non-mmap):          4368704 Byte
20220312 003147.815 INFO             PET0 PIOc_freedecomp Enter - MemInfo: [malloc] Total space used (mmap + non-mmap):          4269200 Byte
20220312 003147.815 INFO             PET0 PIOc_freedecomp Enter - MemInfo: Wall-clock time since execution start:               0.106555 seconds
20220312 003147.815 INFO             PET0 PIOc_freedecomp Exit - MemInfo: [/proc/meminfo - SSI]	MemTotal:       65855856 kB
20220312 003147.815 INFO             PET0 PIOc_freedecomp Exit - MemInfo: [/proc/meminfo - SSI]	MemFree:        61311384 kB
20220312 003147.815 INFO             PET0 PIOc_freedecomp Exit - MemInfo: [/proc/meminfo - SSI]	MemAvailable:   61090280 kB
20220312 003147.815 INFO             PET0 PIOc_freedecomp Exit - MemInfo: [/proc/meminfo - SSI]	Committed_AS:    2790184 kB
20220312 003147.815 INFO             PET0 PIOc_freedecomp Exit - MemInfo: [/proc/meminfo - SSI]	CommittedPercent: 4.2368 %
20220312 003147.815 INFO             PET0 PIOc_freedecomp Exit - MemInfo: [/proc/self/status]	VmPeak:	   83548 kB
20220312 003147.815 INFO             PET0 PIOc_freedecomp Exit - MemInfo: [/proc/self/status]	VmSize:	   74836 kB
20220312 003147.815 INFO             PET0 PIOc_freedecomp Exit - MemInfo: [/proc/self/status]	VmLck:	       0 kB
20220312 003147.815 INFO             PET0 PIOc_freedecomp Exit - MemInfo: [/proc/self/status]	VmPin:	       0 kB
20220312 003147.815 INFO             PET0 PIOc_freedecomp Exit - MemInfo: [/proc/self/status]	VmHWM:	   17656 kB
20220312 003147.815 INFO             PET0 PIOc_freedecomp Exit - MemInfo: [/proc/self/status]	VmRSS:	    9624 kB
20220312 003147.815 INFO             PET0 PIOc_freedecomp Exit - MemInfo: [/proc/self/status]	VmData:	    8520 kB
20220312 003147.815 INFO             PET0 PIOc_freedecomp Exit - MemInfo: [/proc/self/status]	VmStk:	     164 kB
20220312 003147.816 INFO             PET0 PIOc_freedecomp Exit - MemInfo: [/proc/self/status]	VmExe:	   40732 kB
20220312 003147.816 INFO             PET0 PIOc_freedecomp Exit - MemInfo: [/proc/self/status]	VmLib:	    1952 kB
20220312 003147.816 INFO             PET0 PIOc_freedecomp Exit - MemInfo: [/proc/self/status]	VmPTE:	     140 kB
20220312 003147.816 INFO             PET0 PIOc_freedecomp Exit - MemInfo: [/proc/self/status]	VmPMD:	      12 kB
20220312 003147.816 INFO             PET0 PIOc_freedecomp Exit - MemInfo: [/proc/self/status]	VmSwap:	       0 kB
20220312 003147.816 INFO             PET0 PIOc_freedecomp Exit - MemInfo: [/proc/self/status]	VmRSSPercent: 0.0146137 %
20220312 003147.816 INFO             PET0 PIOc_freedecomp Exit - MemInfo: [malloc] Non-mmapped space allocated:                 1149248 Byte
20220312 003147.816 INFO             PET0 PIOc_freedecomp Exit - MemInfo: [malloc] Space allocated in mmapped regions:          3219456 Byte
20220312 003147.816 INFO             PET0 PIOc_freedecomp Exit - MemInfo: [malloc] Maximum total allocated space:                     0 Byte
20220312 003147.816 INFO             PET0 PIOc_freedecomp Exit - MemInfo: [malloc] Space in freed fastbin blocks:                   352 Byte
20220312 003147.816 INFO             PET0 PIOc_freedecomp Exit - MemInfo: [malloc] Total allocated space:                       1007904 Byte
20220312 003147.816 INFO             PET0 PIOc_freedecomp Exit - MemInfo: [malloc] Total free space:                             141344 Byte
20220312 003147.816 INFO             PET0 PIOc_freedecomp Exit - MemInfo: [malloc] Top-most, releasable space:                    85392 Byte
20220312 003147.816 INFO             PET0 PIOc_freedecomp Exit - MemInfo: [malloc] Total space in use, mmap + non-mmap:         4227360 Byte
20220312 003147.816 INFO             PET0 PIOc_freedecomp Exit - MemInfo: [malloc] Total space held (mmap + non-mmap):          4368704 Byte
20220312 003147.816 INFO             PET0 PIOc_freedecomp Exit - MemInfo: [malloc] Total space used (mmap + non-mmap):          4236128 Byte
20220312 003147.816 INFO             PET0 PIOc_freedecomp Exit - MemInfo: Wall-clock time since execution start:               0.106952 seconds
20220312 003147.816 INFO             PET0 PIOc_freedecomp Enter - MemInfo: [/proc/meminfo - SSI]	MemTotal:       65855856 kB
20220312 003147.816 INFO             PET0 PIOc_freedecomp Enter - MemInfo: [/proc/meminfo - SSI]	MemFree:        61311384 kB
20220312 003147.816 INFO             PET0 PIOc_freedecomp Enter - MemInfo: [/proc/meminfo - SSI]	MemAvailable:   61090280 kB
20220312 003147.816 INFO             PET0 PIOc_freedecomp Enter - MemInfo: [/proc/meminfo - SSI]	Committed_AS:    2790184 kB
20220312 003147.816 INFO             PET0 PIOc_freedecomp Enter - MemInfo: [/proc/meminfo - SSI]	CommittedPercent: 4.2368 %
20220312 003147.816 INFO             PET0 PIOc_freedecomp Enter - MemInfo: [/proc/self/status]	VmPeak:	   83548 kB
20220312 003147.816 INFO             PET0 PIOc_freedecomp Enter - MemInfo: [/proc/self/status]	VmSize:	   74836 kB
20220312 003147.816 INFO             PET0 PIOc_freedecomp Enter - MemInfo: [/proc/self/status]	VmLck:	       0 kB
20220312 003147.816 INFO             PET0 PIOc_freedecomp Enter - MemInfo: [/proc/self/status]	VmPin:	       0 kB
20220312 003147.816 INFO             PET0 PIOc_freedecomp Enter - MemInfo: [/proc/self/status]	VmHWM:	   17656 kB
20220312 003147.816 INFO             PET0 PIOc_freedecomp Enter - MemInfo: [/proc/self/status]	VmRSS:	    9624 kB
20220312 003147.816 INFO             PET0 PIOc_freedecomp Enter - MemInfo: [/proc/self/status]	VmData:	    8520 kB
20220312 003147.816 INFO             PET0 PIOc_freedecomp Enter - MemInfo: [/proc/self/status]	VmStk:	     164 kB
20220312 003147.816 INFO             PET0 PIOc_freedecomp Enter - MemInfo: [/proc/self/status]	VmExe:	   40732 kB
20220312 003147.816 INFO             PET0 PIOc_freedecomp Enter - MemInfo: [/proc/self/status]	VmLib:	    1952 kB
20220312 003147.816 INFO             PET0 PIOc_freedecomp Enter - MemInfo: [/proc/self/status]	VmPTE:	     140 kB
20220312 003147.816 INFO             PET0 PIOc_freedecomp Enter - MemInfo: [/proc/self/status]	VmPMD:	      12 kB
20220312 003147.816 INFO             PET0 PIOc_freedecomp Enter - MemInfo: [/proc/self/status]	VmSwap:	       0 kB
20220312 003147.816 INFO             PET0 PIOc_freedecomp Enter - MemInfo: [/proc/self/status]	VmRSSPercent: 0.0146137 %
20220312 003147.816 INFO             PET0 PIOc_freedecomp Enter - MemInfo: [malloc] Non-mmapped space allocated:                 1149248 Byte
20220312 003147.816 INFO             PET0 PIOc_freedecomp Enter - MemInfo: [malloc] Space allocated in mmapped regions:          3219456 Byte
20220312 003147.816 INFO             PET0 PIOc_freedecomp Enter - MemInfo: [malloc] Maximum total allocated space:                     0 Byte
20220312 003147.816 INFO             PET0 PIOc_freedecomp Enter - MemInfo: [malloc] Space in freed fastbin blocks:                     0 Byte
20220312 003147.816 INFO             PET0 PIOc_freedecomp Enter - MemInfo: [malloc] Total allocated space:                       1008688 Byte
20220312 003147.816 INFO             PET0 PIOc_freedecomp Enter - MemInfo: [malloc] Total free space:                             140560 Byte
20220312 003147.816 INFO             PET0 PIOc_freedecomp Enter - MemInfo: [malloc] Top-most, releasable space:                    85392 Byte
20220312 003147.816 INFO             PET0 PIOc_freedecomp Enter - MemInfo: [malloc] Total space in use, mmap + non-mmap:         4228144 Byte
20220312 003147.816 INFO             PET0 PIOc_freedecomp Enter - MemInfo: [malloc] Total space held (mmap + non-mmap):          4368704 Byte
20220312 003147.816 INFO             PET0 PIOc_freedecomp Enter - MemInfo: [malloc] Total space used (mmap + non-mmap):          4236464 Byte
20220312 003147.816 INFO             PET0 PIOc_freedecomp Enter - MemInfo: Wall-clock time since execution start:               0.107342 seconds
20220312 003147.816 INFO             PET0 PIOc_freedecomp Exit - MemInfo: [/proc/meminfo - SSI]	MemTotal:       65855856 kB
20220312 003147.816 INFO             PET0 PIOc_freedecomp Exit - MemInfo: [/proc/meminfo - SSI]	MemFree:        61311384 kB
20220312 003147.816 INFO             PET0 PIOc_freedecomp Exit - MemInfo: [/proc/meminfo - SSI]	MemAvailable:   61090280 kB
20220312 003147.816 INFO             PET0 PIOc_freedecomp Exit - MemInfo: [/proc/meminfo - SSI]	Committed_AS:    2790184 kB
20220312 003147.816 INFO             PET0 PIOc_freedecomp Exit - MemInfo: [/proc/meminfo - SSI]	CommittedPercent: 4.2368 %
20220312 003147.816 INFO             PET0 PIOc_freedecomp Exit - MemInfo: [/proc/self/status]	VmPeak:	   83548 kB
20220312 003147.816 INFO             PET0 PIOc_freedecomp Exit - MemInfo: [/proc/self/status]	VmSize:	   74836 kB
20220312 003147.816 INFO             PET0 PIOc_freedecomp Exit - MemInfo: [/proc/self/status]	VmLck:	       0 kB
20220312 003147.816 INFO             PET0 PIOc_freedecomp Exit - MemInfo: [/proc/self/status]	VmPin:	       0 kB
20220312 003147.816 INFO             PET0 PIOc_freedecomp Exit - MemInfo: [/proc/self/status]	VmHWM:	   17656 kB
20220312 003147.816 INFO             PET0 PIOc_freedecomp Exit - MemInfo: [/proc/self/status]	VmRSS:	    9624 kB
20220312 003147.816 INFO             PET0 PIOc_freedecomp Exit - MemInfo: [/proc/self/status]	VmData:	    8520 kB
20220312 003147.816 INFO             PET0 PIOc_freedecomp Exit - MemInfo: [/proc/self/status]	VmStk:	     164 kB
20220312 003147.816 INFO             PET0 PIOc_freedecomp Exit - MemInfo: [/proc/self/status]	VmExe:	   40732 kB
20220312 003147.816 INFO             PET0 PIOc_freedecomp Exit - MemInfo: [/proc/self/status]	VmLib:	    1952 kB
20220312 003147.816 INFO             PET0 PIOc_freedecomp Exit - MemInfo: [/proc/self/status]	VmPTE:	     140 kB
20220312 003147.816 INFO             PET0 PIOc_freedecomp Exit - MemInfo: [/proc/self/status]	VmPMD:	      12 kB
20220312 003147.816 INFO             PET0 PIOc_freedecomp Exit - MemInfo: [/proc/self/status]	VmSwap:	       0 kB
20220312 003147.816 INFO             PET0 PIOc_freedecomp Exit - MemInfo: [/proc/self/status]	VmRSSPercent: 0.0146137 %
20220312 003147.816 INFO             PET0 PIOc_freedecomp Exit - MemInfo: [malloc] Non-mmapped space allocated:                 1149248 Byte
20220312 003147.816 INFO             PET0 PIOc_freedecomp Exit - MemInfo: [malloc] Space allocated in mmapped regions:          3219456 Byte
20220312 003147.816 INFO             PET0 PIOc_freedecomp Exit - MemInfo: [malloc] Maximum total allocated space:                     0 Byte
20220312 003147.816 INFO             PET0 PIOc_freedecomp Exit - MemInfo: [malloc] Space in freed fastbin blocks:                   432 Byte
20220312 003147.816 INFO             PET0 PIOc_freedecomp Exit - MemInfo: [malloc] Total allocated space:                       1005824 Byte
20220312 003147.816 INFO             PET0 PIOc_freedecomp Exit - MemInfo: [malloc] Total free space:                             143424 Byte
20220312 003147.816 INFO             PET0 PIOc_freedecomp Exit - MemInfo: [malloc] Top-most, releasable space:                    85392 Byte
20220312 003147.816 INFO             PET0 PIOc_freedecomp Exit - MemInfo: [malloc] Total space in use, mmap + non-mmap:         4225280 Byte
20220312 003147.816 INFO             PET0 PIOc_freedecomp Exit - MemInfo: [malloc] Total space held (mmap + non-mmap):          4368704 Byte
20220312 003147.816 INFO             PET0 PIOc_freedecomp Exit - MemInfo: [malloc] Total space used (mmap + non-mmap):          4233488 Byte
20220312 003147.816 INFO             PET0 PIOc_freedecomp Exit - MemInfo: Wall-clock time since execution start:               0.107732 seconds
20220312 003147.816 INFO             PET0 PIOc_freedecomp Enter - MemInfo: [/proc/meminfo - SSI]	MemTotal:       65855856 kB
20220312 003147.817 INFO             PET0 PIOc_freedecomp Enter - MemInfo: [/proc/meminfo - SSI]	MemFree:        61311384 kB
20220312 003147.817 INFO             PET0 PIOc_freedecomp Enter - MemInfo: [/proc/meminfo - SSI]	MemAvailable:   61090280 kB
20220312 003147.817 INFO             PET0 PIOc_freedecomp Enter - MemInfo: [/proc/meminfo - SSI]	Committed_AS:    2790184 kB
20220312 003147.817 INFO             PET0 PIOc_freedecomp Enter - MemInfo: [/proc/meminfo - SSI]	CommittedPercent: 4.2368 %
20220312 003147.817 INFO             PET0 PIOc_freedecomp Enter - MemInfo: [/proc/self/status]	VmPeak:	   83548 kB
20220312 003147.817 INFO             PET0 PIOc_freedecomp Enter - MemInfo: [/proc/self/status]	VmSize:	   74836 kB
20220312 003147.817 INFO             PET0 PIOc_freedecomp Enter - MemInfo: [/proc/self/status]	VmLck:	       0 kB
20220312 003147.817 INFO             PET0 PIOc_freedecomp Enter - MemInfo: [/proc/self/status]	VmPin:	       0 kB
20220312 003147.817 INFO             PET0 PIOc_freedecomp Enter - MemInfo: [/proc/self/status]	VmHWM:	   17656 kB
20220312 003147.817 INFO             PET0 PIOc_freedecomp Enter - MemInfo: [/proc/self/status]	VmRSS:	    9624 kB
20220312 003147.817 INFO             PET0 PIOc_freedecomp Enter - MemInfo: [/proc/self/status]	VmData:	    8520 kB
20220312 003147.817 INFO             PET0 PIOc_freedecomp Enter - MemInfo: [/proc/self/status]	VmStk:	     164 kB
20220312 003147.817 INFO             PET0 PIOc_freedecomp Enter - MemInfo: [/proc/self/status]	VmExe:	   40732 kB
20220312 003147.817 INFO             PET0 PIOc_freedecomp Enter - MemInfo: [/proc/self/status]	VmLib:	    1952 kB
20220312 003147.817 INFO             PET0 PIOc_freedecomp Enter - MemInfo: [/proc/self/status]	VmPTE:	     140 kB
20220312 003147.817 INFO             PET0 PIOc_freedecomp Enter - MemInfo: [/proc/self/status]	VmPMD:	      12 kB
20220312 003147.817 INFO             PET0 PIOc_freedecomp Enter - MemInfo: [/proc/self/status]	VmSwap:	       0 kB
20220312 003147.817 INFO             PET0 PIOc_freedecomp Enter - MemInfo: [/proc/self/status]	VmRSSPercent: 0.0146137 %
20220312 003147.817 INFO             PET0 PIOc_freedecomp Enter - MemInfo: [malloc] Non-mmapped space allocated:                 1149248 Byte
20220312 003147.817 INFO             PET0 PIOc_freedecomp Enter - MemInfo: [malloc] Space allocated in mmapped regions:          3219456 Byte
20220312 003147.817 INFO             PET0 PIOc_freedecomp Enter - MemInfo: [malloc] Maximum total allocated space:                     0 Byte
20220312 003147.817 INFO             PET0 PIOc_freedecomp Enter - MemInfo: [malloc] Space in freed fastbin blocks:                    64 Byte
20220312 003147.817 INFO             PET0 PIOc_freedecomp Enter - MemInfo: [malloc] Total allocated space:                       1005984 Byte
20220312 003147.817 INFO             PET0 PIOc_freedecomp Enter - MemInfo: [malloc] Total free space:                             143264 Byte
20220312 003147.817 INFO             PET0 PIOc_freedecomp Enter - MemInfo: [malloc] Top-most, releasable space:                    85392 Byte
20220312 003147.817 INFO             PET0 PIOc_freedecomp Enter - MemInfo: [malloc] Total space in use, mmap + non-mmap:         4225440 Byte
20220312 003147.817 INFO             PET0 PIOc_freedecomp Enter - MemInfo: [malloc] Total space held (mmap + non-mmap):          4368704 Byte
20220312 003147.817 INFO             PET0 PIOc_freedecomp Enter - MemInfo: [malloc] Total space used (mmap + non-mmap):          4233648 Byte
20220312 003147.817 INFO             PET0 PIOc_freedecomp Enter - MemInfo: Wall-clock time since execution start:               0.108215 seconds
20220312 003147.817 INFO             PET0 PIOc_freedecomp Exit - MemInfo: [/proc/meminfo - SSI]	MemTotal:       65855856 kB
20220312 003147.817 INFO             PET0 PIOc_freedecomp Exit - MemInfo: [/proc/meminfo - SSI]	MemFree:        61311384 kB
20220312 003147.817 INFO             PET0 PIOc_freedecomp Exit - MemInfo: [/proc/meminfo - SSI]	MemAvailable:   61090280 kB
20220312 003147.817 INFO             PET0 PIOc_freedecomp Exit - MemInfo: [/proc/meminfo - SSI]	Committed_AS:    2790184 kB
20220312 003147.817 INFO             PET0 PIOc_freedecomp Exit - MemInfo: [/proc/meminfo - SSI]	CommittedPercent: 4.2368 %
20220312 003147.817 INFO             PET0 PIOc_freedecomp Exit - MemInfo: [/proc/self/status]	VmPeak:	   83548 kB
20220312 003147.817 INFO             PET0 PIOc_freedecomp Exit - MemInfo: [/proc/self/status]	VmSize:	   74836 kB
20220312 003147.817 INFO             PET0 PIOc_freedecomp Exit - MemInfo: [/proc/self/status]	VmLck:	       0 kB
20220312 003147.817 INFO             PET0 PIOc_freedecomp Exit - MemInfo: [/proc/self/status]	VmPin:	       0 kB
20220312 003147.817 INFO             PET0 PIOc_freedecomp Exit - MemInfo: [/proc/self/status]	VmHWM:	   17656 kB
20220312 003147.817 INFO             PET0 PIOc_freedecomp Exit - MemInfo: [/proc/self/status]	VmRSS:	    9624 kB
20220312 003147.817 INFO             PET0 PIOc_freedecomp Exit - MemInfo: [/proc/self/status]	VmData:	    8520 kB
20220312 003147.817 INFO             PET0 PIOc_freedecomp Exit - MemInfo: [/proc/self/status]	VmStk:	     164 kB
20220312 003147.817 INFO             PET0 PIOc_freedecomp Exit - MemInfo: [/proc/self/status]	VmExe:	   40732 kB
20220312 003147.817 INFO             PET0 PIOc_freedecomp Exit - MemInfo: [/proc/self/status]	VmLib:	    1952 kB
20220312 003147.817 INFO             PET0 PIOc_freedecomp Exit - MemInfo: [/proc/self/status]	VmPTE:	     140 kB
20220312 003147.817 INFO             PET0 PIOc_freedecomp Exit - MemInfo: [/proc/self/status]	VmPMD:	      12 kB
20220312 003147.817 INFO             PET0 PIOc_freedecomp Exit - MemInfo: [/proc/self/status]	VmSwap:	       0 kB
20220312 003147.817 INFO             PET0 PIOc_freedecomp Exit - MemInfo: [/proc/self/status]	VmRSSPercent: 0.0146137 %
20220312 003147.817 INFO             PET0 PIOc_freedecomp Exit - MemInfo: [malloc] Non-mmapped space allocated:                 1149248 Byte
20220312 003147.817 INFO             PET0 PIOc_freedecomp Exit - MemInfo: [malloc] Space allocated in mmapped regions:          3219456 Byte
20220312 003147.817 INFO             PET0 PIOc_freedecomp Exit - MemInfo: [malloc] Maximum total allocated space:                     0 Byte
20220312 003147.817 INFO             PET0 PIOc_freedecomp Exit - MemInfo: [malloc] Space in freed fastbin blocks:                   608 Byte
20220312 003147.817 INFO             PET0 PIOc_freedecomp Exit - MemInfo: [malloc] Total allocated space:                       1001040 Byte
20220312 003147.817 INFO             PET0 PIOc_freedecomp Exit - MemInfo: [malloc] Total free space:                             148208 Byte
20220312 003147.817 INFO             PET0 PIOc_freedecomp Exit - MemInfo: [malloc] Top-most, releasable space:                    85392 Byte
20220312 003147.817 INFO             PET0 PIOc_freedecomp Exit - MemInfo: [malloc] Total space in use, mmap + non-mmap:         4220496 Byte
20220312 003147.817 INFO             PET0 PIOc_freedecomp Exit - MemInfo: [malloc] Total space held (mmap + non-mmap):          4368704 Byte
20220312 003147.817 INFO             PET0 PIOc_freedecomp Exit - MemInfo: [malloc] Total space used (mmap + non-mmap):          4228704 Byte
20220312 003147.817 INFO             PET0 PIOc_freedecomp Exit - MemInfo: Wall-clock time since execution start:               0.108607 seconds
20220312 003147.817 INFO             PET0  PASS  ArrayBundleWrite Single file Test, ESMF_ArrayBundleIOUTest.F90, line 167
20220312 003147.828 INFO             PET0 PIOc_sync Enter - MemInfo: [/proc/meminfo - SSI]	MemTotal:       65855856 kB
20220312 003147.828 INFO             PET0 PIOc_sync Enter - MemInfo: [/proc/meminfo - SSI]	MemFree:        61304832 kB
20220312 003147.828 INFO             PET0 PIOc_sync Enter - MemInfo: [/proc/meminfo - SSI]	MemAvailable:   61083728 kB
20220312 003147.828 INFO             PET0 PIOc_sync Enter - MemInfo: [/proc/meminfo - SSI]	Committed_AS:    2798420 kB
20220312 003147.828 INFO             PET0 PIOc_sync Enter - MemInfo: [/proc/meminfo - SSI]	CommittedPercent: 4.24931 %
20220312 003147.828 INFO             PET0 PIOc_sync Enter - MemInfo: [/proc/self/status]	VmPeak:	   83588 kB
20220312 003147.828 INFO             PET0 PIOc_sync Enter - MemInfo: [/proc/self/status]	VmSize:	   83588 kB
20220312 003147.828 INFO             PET0 PIOc_sync Enter - MemInfo: [/proc/self/status]	VmLck:	       0 kB
20220312 003147.828 INFO             PET0 PIOc_sync Enter - MemInfo: [/proc/self/status]	VmPin:	       0 kB
20220312 003147.828 INFO             PET0 PIOc_sync Enter - MemInfo: [/proc/self/status]	VmHWM:	   17768 kB
20220312 003147.828 INFO             PET0 PIOc_sync Enter - MemInfo: [/proc/self/status]	VmRSS:	   17768 kB
20220312 003147.828 INFO             PET0 PIOc_sync Enter - MemInfo: [/proc/self/status]	VmData:	   17272 kB
20220312 003147.828 INFO             PET0 PIOc_sync Enter - MemInfo: [/proc/self/status]	VmStk:	     164 kB
20220312 003147.828 INFO             PET0 PIOc_sync Enter - MemInfo: [/proc/self/status]	VmExe:	   40732 kB
20220312 003147.828 INFO             PET0 PIOc_sync Enter - MemInfo: [/proc/self/status]	VmLib:	    1952 kB
20220312 003147.828 INFO             PET0 PIOc_sync Enter - MemInfo: [/proc/self/status]	VmPTE:	     160 kB
20220312 003147.828 INFO             PET0 PIOc_sync Enter - MemInfo: [/proc/self/status]	VmPMD:	      12 kB
20220312 003147.828 INFO             PET0 PIOc_sync Enter - MemInfo: [/proc/self/status]	VmSwap:	       0 kB
20220312 003147.828 INFO             PET0 PIOc_sync Enter - MemInfo: [/proc/self/status]	VmRSSPercent: 0.0269801 %
20220312 003147.828 INFO             PET0 PIOc_sync Enter - MemInfo: [malloc] Non-mmapped space allocated:                10111296 Byte
20220312 003147.828 INFO             PET0 PIOc_sync Enter - MemInfo: [malloc] Space allocated in mmapped regions:          3219456 Byte
20220312 003147.828 INFO             PET0 PIOc_sync Enter - MemInfo: [malloc] Maximum total allocated space:                     0 Byte
20220312 003147.828 INFO             PET0 PIOc_sync Enter - MemInfo: [malloc] Space in freed fastbin blocks:                     0 Byte
20220312 003147.829 INFO             PET0 PIOc_sync Enter - MemInfo: [malloc] Total allocated space:                       9951840 Byte
20220312 003147.829 INFO             PET0 PIOc_sync Enter - MemInfo: [malloc] Total free space:                             159456 Byte
20220312 003147.829 INFO             PET0 PIOc_sync Enter - MemInfo: [malloc] Top-most, releasable space:                   134512 Byte
20220312 003147.829 INFO             PET0 PIOc_sync Enter - MemInfo: [malloc] Total space in use, mmap + non-mmap:        13171296 Byte
20220312 003147.829 INFO             PET0 PIOc_sync Enter - MemInfo: [malloc] Total space held (mmap + non-mmap):         13330752 Byte
20220312 003147.829 INFO             PET0 PIOc_sync Enter - MemInfo: [malloc] Total space used (mmap + non-mmap):         13180080 Byte
20220312 003147.829 INFO             PET0 PIOc_sync Enter - MemInfo: Wall-clock time since execution start:               0.119854 seconds
20220312 003147.829 INFO             PET0 PIOc_sync Exit - MemInfo: [/proc/meminfo - SSI]	MemTotal:       65855856 kB
20220312 003147.829 INFO             PET0 PIOc_sync Exit - MemInfo: [/proc/meminfo - SSI]	MemFree:        61304320 kB
20220312 003147.829 INFO             PET0 PIOc_sync Exit - MemInfo: [/proc/meminfo - SSI]	MemAvailable:   61083216 kB
20220312 003147.829 INFO             PET0 PIOc_sync Exit - MemInfo: [/proc/meminfo - SSI]	Committed_AS:    2798420 kB
20220312 003147.829 INFO             PET0 PIOc_sync Exit - MemInfo: [/proc/meminfo - SSI]	CommittedPercent: 4.24931 %
20220312 003147.829 INFO             PET0 PIOc_sync Exit - MemInfo: [/proc/self/status]	VmPeak:	   83588 kB
20220312 003147.829 INFO             PET0 PIOc_sync Exit - MemInfo: [/proc/self/status]	VmSize:	   83588 kB
20220312 003147.829 INFO             PET0 PIOc_sync Exit - MemInfo: [/proc/self/status]	VmLck:	       0 kB
20220312 003147.829 INFO             PET0 PIOc_sync Exit - MemInfo: [/proc/self/status]	VmPin:	       0 kB
20220312 003147.829 INFO             PET0 PIOc_sync Exit - MemInfo: [/proc/self/status]	VmHWM:	   17768 kB
20220312 003147.829 INFO             PET0 PIOc_sync Exit - MemInfo: [/proc/self/status]	VmRSS:	   17768 kB
20220312 003147.829 INFO             PET0 PIOc_sync Exit - MemInfo: [/proc/self/status]	VmData:	   17272 kB
20220312 003147.829 INFO             PET0 PIOc_sync Exit - MemInfo: [/proc/self/status]	VmStk:	     164 kB
20220312 003147.829 INFO             PET0 PIOc_sync Exit - MemInfo: [/proc/self/status]	VmExe:	   40732 kB
20220312 003147.829 INFO             PET0 PIOc_sync Exit - MemInfo: [/proc/self/status]	VmLib:	    1952 kB
20220312 003147.829 INFO             PET0 PIOc_sync Exit - MemInfo: [/proc/self/status]	VmPTE:	     172 kB
20220312 003147.829 INFO             PET0 PIOc_sync Exit - MemInfo: [/proc/self/status]	VmPMD:	      12 kB
20220312 003147.829 INFO             PET0 PIOc_sync Exit - MemInfo: [/proc/self/status]	VmSwap:	       0 kB
20220312 003147.829 INFO             PET0 PIOc_sync Exit - MemInfo: [/proc/self/status]	VmRSSPercent: 0.0269801 %
20220312 003147.829 INFO             PET0 PIOc_sync Exit - MemInfo: [malloc] Non-mmapped space allocated:                10111296 Byte
20220312 003147.829 INFO             PET0 PIOc_sync Exit - MemInfo: [malloc] Space allocated in mmapped regions:          3219456 Byte
20220312 003147.829 INFO             PET0 PIOc_sync Exit - MemInfo: [malloc] Maximum total allocated space:                     0 Byte
20220312 003147.829 INFO             PET0 PIOc_sync Exit - MemInfo: [malloc] Space in freed fastbin blocks:                     0 Byte
20220312 003147.829 INFO             PET0 PIOc_sync Exit - MemInfo: [malloc] Total allocated space:                       9973136 Byte
20220312 003147.829 INFO             PET0 PIOc_sync Exit - MemInfo: [malloc] Total free space:                             138160 Byte
20220312 003147.829 INFO             PET0 PIOc_sync Exit - MemInfo: [malloc] Top-most, releasable space:                   119888 Byte
20220312 003147.829 INFO             PET0 PIOc_sync Exit - MemInfo: [malloc] Total space in use, mmap + non-mmap:        13192592 Byte
20220312 003147.829 INFO             PET0 PIOc_sync Exit - MemInfo: [malloc] Total space held (mmap + non-mmap):         13330752 Byte
20220312 003147.829 INFO             PET0 PIOc_sync Exit - MemInfo: [malloc] Total space used (mmap + non-mmap):         13200912 Byte
20220312 003147.829 INFO             PET0 PIOc_sync Exit - MemInfo: Wall-clock time since execution start:               0.120491 seconds
20220312 003147.829 INFO             PET0 PIOc_freedecomp Enter - MemInfo: [/proc/meminfo - SSI]	MemTotal:       65855856 kB
20220312 003147.829 INFO             PET0 PIOc_freedecomp Enter - MemInfo: [/proc/meminfo - SSI]	MemFree:        61304320 kB
20220312 003147.829 INFO             PET0 PIOc_freedecomp Enter - MemInfo: [/proc/meminfo - SSI]	MemAvailable:   61083216 kB
20220312 003147.830 INFO             PET0 PIOc_freedecomp Enter - MemInfo: [/proc/meminfo - SSI]	Committed_AS:    2798420 kB
20220312 003147.830 INFO             PET0 PIOc_freedecomp Enter - MemInfo: [/proc/meminfo - SSI]	CommittedPercent: 4.24931 %
20220312 003147.830 INFO             PET0 PIOc_freedecomp Enter - MemInfo: [/proc/self/status]	VmPeak:	   83588 kB
20220312 003147.830 INFO             PET0 PIOc_freedecomp Enter - MemInfo: [/proc/self/status]	VmSize:	   83588 kB
20220312 003147.830 INFO             PET0 PIOc_freedecomp Enter - MemInfo: [/proc/self/status]	VmLck:	       0 kB
20220312 003147.830 INFO             PET0 PIOc_freedecomp Enter - MemInfo: [/proc/self/status]	VmPin:	       0 kB
20220312 003147.830 INFO             PET0 PIOc_freedecomp Enter - MemInfo: [/proc/self/status]	VmHWM:	   17768 kB
20220312 003147.830 INFO             PET0 PIOc_freedecomp Enter - MemInfo: [/proc/self/status]	VmRSS:	   17768 kB
20220312 003147.830 INFO             PET0 PIOc_freedecomp Enter - MemInfo: [/proc/self/status]	VmData:	   17272 kB
20220312 003147.830 INFO             PET0 PIOc_freedecomp Enter - MemInfo: [/proc/self/status]	VmStk:	     164 kB
20220312 003147.830 INFO             PET0 PIOc_freedecomp Enter - MemInfo: [/proc/self/status]	VmExe:	   40732 kB
20220312 003147.830 INFO             PET0 PIOc_freedecomp Enter - MemInfo: [/proc/self/status]	VmLib:	    1952 kB
20220312 003147.830 INFO             PET0 PIOc_freedecomp Enter - MemInfo: [/proc/self/status]	VmPTE:	     172 kB
20220312 003147.830 INFO             PET0 PIOc_freedecomp Enter - MemInfo: [/proc/self/status]	VmPMD:	      12 kB
20220312 003147.830 INFO             PET0 PIOc_freedecomp Enter - MemInfo: [/proc/self/status]	VmSwap:	       0 kB
20220312 003147.830 INFO             PET0 PIOc_freedecomp Enter - MemInfo: [/proc/self/status]	VmRSSPercent: 0.0269801 %
20220312 003147.830 INFO             PET0 PIOc_freedecomp Enter - MemInfo: [malloc] Non-mmapped space allocated:                10111296 Byte
20220312 003147.830 INFO             PET0 PIOc_freedecomp Enter - MemInfo: [malloc] Space allocated in mmapped regions:          3219456 Byte
20220312 003147.830 INFO             PET0 PIOc_freedecomp Enter - MemInfo: [malloc] Maximum total allocated space:                     0 Byte
20220312 003147.830 INFO             PET0 PIOc_freedecomp Enter - MemInfo: [malloc] Space in freed fastbin blocks:                   352 Byte
20220312 003147.830 INFO             PET0 PIOc_freedecomp Enter - MemInfo: [malloc] Total allocated space:                       1047680 Byte
20220312 003147.830 INFO             PET0 PIOc_freedecomp Enter - MemInfo: [malloc] Total free space:                            9063616 Byte
20220312 003147.830 INFO             PET0 PIOc_freedecomp Enter - MemInfo: [malloc] Top-most, releasable space:                   119888 Byte
20220312 003147.830 INFO             PET0 PIOc_freedecomp Enter - MemInfo: [malloc] Total space in use, mmap + non-mmap:         4267136 Byte
20220312 003147.830 INFO             PET0 PIOc_freedecomp Enter - MemInfo: [malloc] Total space held (mmap + non-mmap):         13330752 Byte
20220312 003147.830 INFO             PET0 PIOc_freedecomp Enter - MemInfo: [malloc] Total space used (mmap + non-mmap):          4275344 Byte
20220312 003147.830 INFO             PET0 PIOc_freedecomp Enter - MemInfo: Wall-clock time since execution start:               0.121111 seconds
20220312 003147.830 INFO             PET0 PIOc_freedecomp Exit - MemInfo: [/proc/meminfo - SSI]	MemTotal:       65855856 kB
20220312 003147.830 INFO             PET0 PIOc_freedecomp Exit - MemInfo: [/proc/meminfo - SSI]	MemFree:        61304320 kB
20220312 003147.830 INFO             PET0 PIOc_freedecomp Exit - MemInfo: [/proc/meminfo - SSI]	MemAvailable:   61083216 kB
20220312 003147.830 INFO             PET0 PIOc_freedecomp Exit - MemInfo: [/proc/meminfo - SSI]	Committed_AS:    2798420 kB
20220312 003147.830 INFO             PET0 PIOc_freedecomp Exit - MemInfo: [/proc/meminfo - SSI]	CommittedPercent: 4.24931 %
20220312 003147.830 INFO             PET0 PIOc_freedecomp Exit - MemInfo: [/proc/self/status]	VmPeak:	   83588 kB
20220312 003147.830 INFO             PET0 PIOc_freedecomp Exit - MemInfo: [/proc/self/status]	VmSize:	   83588 kB
20220312 003147.830 INFO             PET0 PIOc_freedecomp Exit - MemInfo: [/proc/self/status]	VmLck:	       0 kB
20220312 003147.830 INFO             PET0 PIOc_freedecomp Exit - MemInfo: [/proc/self/status]	VmPin:	       0 kB
20220312 003147.830 INFO             PET0 PIOc_freedecomp Exit - MemInfo: [/proc/self/status]	VmHWM:	   17768 kB
20220312 003147.830 INFO             PET0 PIOc_freedecomp Exit - MemInfo: [/proc/self/status]	VmRSS:	   17768 kB
20220312 003147.830 INFO             PET0 PIOc_freedecomp Exit - MemInfo: [/proc/self/status]	VmData:	   17272 kB
20220312 003147.830 INFO             PET0 PIOc_freedecomp Exit - MemInfo: [/proc/self/status]	VmStk:	     164 kB
20220312 003147.830 INFO             PET0 PIOc_freedecomp Exit - MemInfo: [/proc/self/status]	VmExe:	   40732 kB
20220312 003147.830 INFO             PET0 PIOc_freedecomp Exit - MemInfo: [/proc/self/status]	VmLib:	    1952 kB
20220312 003147.830 INFO             PET0 PIOc_freedecomp Exit - MemInfo: [/proc/self/status]	VmPTE:	     172 kB
20220312 003147.830 INFO             PET0 PIOc_freedecomp Exit - MemInfo: [/proc/self/status]	VmPMD:	      12 kB
20220312 003147.830 INFO             PET0 PIOc_freedecomp Exit - MemInfo: [/proc/self/status]	VmSwap:	       0 kB
20220312 003147.830 INFO             PET0 PIOc_freedecomp Exit - MemInfo: [/proc/self/status]	VmRSSPercent: 0.0269801 %
20220312 003147.830 INFO             PET0 PIOc_freedecomp Exit - MemInfo: [malloc] Non-mmapped space allocated:                10111296 Byte
20220312 003147.830 INFO             PET0 PIOc_freedecomp Exit - MemInfo: [malloc] Space allocated in mmapped regions:          3219456 Byte
20220312 003147.830 INFO             PET0 PIOc_freedecomp Exit - MemInfo: [malloc] Maximum total allocated space:                     0 Byte
20220312 003147.830 INFO             PET0 PIOc_freedecomp Exit - MemInfo: [malloc] Space in freed fastbin blocks:                   480 Byte
20220312 003147.830 INFO             PET0 PIOc_freedecomp Exit - MemInfo: [malloc] Total allocated space:                       1013616 Byte
20220312 003147.830 INFO             PET0 PIOc_freedecomp Exit - MemInfo: [malloc] Total free space:                            9097680 Byte
20220312 003147.830 INFO             PET0 PIOc_freedecomp Exit - MemInfo: [malloc] Top-most, releasable space:                  9047216 Byte
20220312 003147.830 INFO             PET0 PIOc_freedecomp Exit - MemInfo: [malloc] Total space in use, mmap + non-mmap:         4233072 Byte
20220312 003147.830 INFO             PET0 PIOc_freedecomp Exit - MemInfo: [malloc] Total space held (mmap + non-mmap):         13330752 Byte
20220312 003147.830 INFO             PET0 PIOc_freedecomp Exit - MemInfo: [malloc] Total space used (mmap + non-mmap):          4241280 Byte
20220312 003147.830 INFO             PET0 PIOc_freedecomp Exit - MemInfo: Wall-clock time since execution start:               0.121508 seconds
20220312 003147.830 INFO             PET0 PIOc_freedecomp Enter - MemInfo: [/proc/meminfo - SSI]	MemTotal:       65855856 kB
20220312 003147.830 INFO             PET0 PIOc_freedecomp Enter - MemInfo: [/proc/meminfo - SSI]	MemFree:        61304320 kB
20220312 003147.830 INFO             PET0 PIOc_freedecomp Enter - MemInfo: [/proc/meminfo - SSI]	MemAvailable:   61083216 kB
20220312 003147.830 INFO             PET0 PIOc_freedecomp Enter - MemInfo: [/proc/meminfo - SSI]	Committed_AS:    2798420 kB
20220312 003147.830 INFO             PET0 PIOc_freedecomp Enter - MemInfo: [/proc/meminfo - SSI]	CommittedPercent: 4.24931 %
20220312 003147.830 INFO             PET0 PIOc_freedecomp Enter - MemInfo: [/proc/self/status]	VmPeak:	   83588 kB
20220312 003147.830 INFO             PET0 PIOc_freedecomp Enter - MemInfo: [/proc/self/status]	VmSize:	   83588 kB
20220312 003147.830 INFO             PET0 PIOc_freedecomp Enter - MemInfo: [/proc/self/status]	VmLck:	       0 kB
20220312 003147.830 INFO             PET0 PIOc_freedecomp Enter - MemInfo: [/proc/self/status]	VmPin:	       0 kB
20220312 003147.830 INFO             PET0 PIOc_freedecomp Enter - MemInfo: [/proc/self/status]	VmHWM:	   17768 kB
20220312 003147.830 INFO             PET0 PIOc_freedecomp Enter - MemInfo: [/proc/self/status]	VmRSS:	   17768 kB
20220312 003147.830 INFO             PET0 PIOc_freedecomp Enter - MemInfo: [/proc/self/status]	VmData:	   17272 kB
20220312 003147.830 INFO             PET0 PIOc_freedecomp Enter - MemInfo: [/proc/self/status]	VmStk:	     164 kB
20220312 003147.830 INFO             PET0 PIOc_freedecomp Enter - MemInfo: [/proc/self/status]	VmExe:	   40732 kB
20220312 003147.830 INFO             PET0 PIOc_freedecomp Enter - MemInfo: [/proc/self/status]	VmLib:	    1952 kB
20220312 003147.830 INFO             PET0 PIOc_freedecomp Enter - MemInfo: [/proc/self/status]	VmPTE:	     172 kB
20220312 003147.830 INFO             PET0 PIOc_freedecomp Enter - MemInfo: [/proc/self/status]	VmPMD:	      12 kB
20220312 003147.831 INFO             PET0 PIOc_freedecomp Enter - MemInfo: [/proc/self/status]	VmSwap:	       0 kB
20220312 003147.831 INFO             PET0 PIOc_freedecomp Enter - MemInfo: [/proc/self/status]	VmRSSPercent: 0.0269801 %
20220312 003147.831 INFO             PET0 PIOc_freedecomp Enter - MemInfo: [malloc] Non-mmapped space allocated:                10111296 Byte
20220312 003147.831 INFO             PET0 PIOc_freedecomp Enter - MemInfo: [malloc] Space allocated in mmapped regions:          3219456 Byte
20220312 003147.831 INFO             PET0 PIOc_freedecomp Enter - MemInfo: [malloc] Maximum total allocated space:                     0 Byte
20220312 003147.831 INFO             PET0 PIOc_freedecomp Enter - MemInfo: [malloc] Space in freed fastbin blocks:                    64 Byte
20220312 003147.831 INFO             PET0 PIOc_freedecomp Enter - MemInfo: [malloc] Total allocated space:                       1013552 Byte
20220312 003147.831 INFO             PET0 PIOc_freedecomp Enter - MemInfo: [malloc] Total free space:                            9097744 Byte
20220312 003147.831 INFO             PET0 PIOc_freedecomp Enter - MemInfo: [malloc] Top-most, releasable space:                  9047440 Byte
20220312 003147.831 INFO             PET0 PIOc_freedecomp Enter - MemInfo: [malloc] Total space in use, mmap + non-mmap:         4233008 Byte
20220312 003147.831 INFO             PET0 PIOc_freedecomp Enter - MemInfo: [malloc] Total space held (mmap + non-mmap):         13330752 Byte
20220312 003147.831 INFO             PET0 PIOc_freedecomp Enter - MemInfo: [malloc] Total space used (mmap + non-mmap):          4241216 Byte
20220312 003147.831 INFO             PET0 PIOc_freedecomp Enter - MemInfo: Wall-clock time since execution start:               0.121898 seconds
20220312 003147.831 INFO             PET0 PIOc_freedecomp Exit - MemInfo: [/proc/meminfo - SSI]	MemTotal:       65855856 kB
20220312 003147.831 INFO             PET0 PIOc_freedecomp Exit - MemInfo: [/proc/meminfo - SSI]	MemFree:        61304320 kB
20220312 003147.831 INFO             PET0 PIOc_freedecomp Exit - MemInfo: [/proc/meminfo - SSI]	MemAvailable:   61083216 kB
20220312 003147.831 INFO             PET0 PIOc_freedecomp Exit - MemInfo: [/proc/meminfo - SSI]	Committed_AS:    2798420 kB
20220312 003147.831 INFO             PET0 PIOc_freedecomp Exit - MemInfo: [/proc/meminfo - SSI]	CommittedPercent: 4.24931 %
20220312 003147.831 INFO             PET0 PIOc_freedecomp Exit - MemInfo: [/proc/self/status]	VmPeak:	   83588 kB
20220312 003147.831 INFO             PET0 PIOc_freedecomp Exit - MemInfo: [/proc/self/status]	VmSize:	   83588 kB
20220312 003147.831 INFO             PET0 PIOc_freedecomp Exit - MemInfo: [/proc/self/status]	VmLck:	       0 kB
20220312 003147.831 INFO             PET0 PIOc_freedecomp Exit - MemInfo: [/proc/self/status]	VmPin:	       0 kB
20220312 003147.831 INFO             PET0 PIOc_freedecomp Exit - MemInfo: [/proc/self/status]	VmHWM:	   17768 kB
20220312 003147.831 INFO             PET0 PIOc_freedecomp Exit - MemInfo: [/proc/self/status]	VmRSS:	   17768 kB
20220312 003147.831 INFO             PET0 PIOc_freedecomp Exit - MemInfo: [/proc/self/status]	VmData:	   17272 kB
20220312 003147.831 INFO             PET0 PIOc_freedecomp Exit - MemInfo: [/proc/self/status]	VmStk:	     164 kB
20220312 003147.831 INFO             PET0 PIOc_freedecomp Exit - MemInfo: [/proc/self/status]	VmExe:	   40732 kB
20220312 003147.831 INFO             PET0 PIOc_freedecomp Exit - MemInfo: [/proc/self/status]	VmLib:	    1952 kB
20220312 003147.831 INFO             PET0 PIOc_freedecomp Exit - MemInfo: [/proc/self/status]	VmPTE:	     172 kB
20220312 003147.831 INFO             PET0 PIOc_freedecomp Exit - MemInfo: [/proc/self/status]	VmPMD:	      12 kB
20220312 003147.831 INFO             PET0 PIOc_freedecomp Exit - MemInfo: [/proc/self/status]	VmSwap:	       0 kB
20220312 003147.831 INFO             PET0 PIOc_freedecomp Exit - MemInfo: [/proc/self/status]	VmRSSPercent: 0.0269801 %
20220312 003147.831 INFO             PET0 PIOc_freedecomp Exit - MemInfo: [malloc] Non-mmapped space allocated:                10111296 Byte
20220312 003147.831 INFO             PET0 PIOc_freedecomp Exit - MemInfo: [malloc] Space allocated in mmapped regions:          3219456 Byte
20220312 003147.831 INFO             PET0 PIOc_freedecomp Exit - MemInfo: [malloc] Maximum total allocated space:                     0 Byte
20220312 003147.831 INFO             PET0 PIOc_freedecomp Exit - MemInfo: [malloc] Space in freed fastbin blocks:                   544 Byte
20220312 003147.831 INFO             PET0 PIOc_freedecomp Exit - MemInfo: [malloc] Total allocated space:                       1010240 Byte
20220312 003147.831 INFO             PET0 PIOc_freedecomp Exit - MemInfo: [malloc] Total free space:                            9101056 Byte
20220312 003147.831 INFO             PET0 PIOc_freedecomp Exit - MemInfo: [malloc] Top-most, releasable space:                  9047440 Byte
20220312 003147.831 INFO             PET0 PIOc_freedecomp Exit - MemInfo: [malloc] Total space in use, mmap + non-mmap:         4229696 Byte
20220312 003147.831 INFO             PET0 PIOc_freedecomp Exit - MemInfo: [malloc] Total space held (mmap + non-mmap):         13330752 Byte
20220312 003147.831 INFO             PET0 PIOc_freedecomp Exit - MemInfo: [malloc] Total space used (mmap + non-mmap):          4237904 Byte
20220312 003147.831 INFO             PET0 PIOc_freedecomp Exit - MemInfo: Wall-clock time since execution start:               0.122287 seconds
20220312 003147.831 INFO             PET0 PIOc_freedecomp Enter - MemInfo: [/proc/meminfo - SSI]	MemTotal:       65855856 kB
20220312 003147.831 INFO             PET0 PIOc_freedecomp Enter - MemInfo: [/proc/meminfo - SSI]	MemFree:        61304320 kB
20220312 003147.831 INFO             PET0 PIOc_freedecomp Enter - MemInfo: [/proc/meminfo - SSI]	MemAvailable:   61083216 kB
20220312 003147.831 INFO             PET0 PIOc_freedecomp Enter - MemInfo: [/proc/meminfo - SSI]	Committed_AS:    2798420 kB
20220312 003147.831 INFO             PET0 PIOc_freedecomp Enter - MemInfo: [/proc/meminfo - SSI]	CommittedPercent: 4.24931 %
20220312 003147.831 INFO             PET0 PIOc_freedecomp Enter - MemInfo: [/proc/self/status]	VmPeak:	   83588 kB
20220312 003147.831 INFO             PET0 PIOc_freedecomp Enter - MemInfo: [/proc/self/status]	VmSize:	   83588 kB
20220312 003147.831 INFO             PET0 PIOc_freedecomp Enter - MemInfo: [/proc/self/status]	VmLck:	       0 kB
20220312 003147.831 INFO             PET0 PIOc_freedecomp Enter - MemInfo: [/proc/self/status]	VmPin:	       0 kB
20220312 003147.831 INFO             PET0 PIOc_freedecomp Enter - MemInfo: [/proc/self/status]	VmHWM:	   17768 kB
20220312 003147.831 INFO             PET0 PIOc_freedecomp Enter - MemInfo: [/proc/self/status]	VmRSS:	   17768 kB
20220312 003147.831 INFO             PET0 PIOc_freedecomp Enter - MemInfo: [/proc/self/status]	VmData:	   17272 kB
20220312 003147.831 INFO             PET0 PIOc_freedecomp Enter - MemInfo: [/proc/self/status]	VmStk:	     164 kB
20220312 003147.831 INFO             PET0 PIOc_freedecomp Enter - MemInfo: [/proc/self/status]	VmExe:	   40732 kB
20220312 003147.831 INFO             PET0 PIOc_freedecomp Enter - MemInfo: [/proc/self/status]	VmLib:	    1952 kB
20220312 003147.831 INFO             PET0 PIOc_freedecomp Enter - MemInfo: [/proc/self/status]	VmPTE:	     172 kB
20220312 003147.831 INFO             PET0 PIOc_freedecomp Enter - MemInfo: [/proc/self/status]	VmPMD:	      12 kB
20220312 003147.831 INFO             PET0 PIOc_freedecomp Enter - MemInfo: [/proc/self/status]	VmSwap:	       0 kB
20220312 003147.831 INFO             PET0 PIOc_freedecomp Enter - MemInfo: [/proc/self/status]	VmRSSPercent: 0.0269801 %
20220312 003147.831 INFO             PET0 PIOc_freedecomp Enter - MemInfo: [malloc] Non-mmapped space allocated:                10111296 Byte
20220312 003147.831 INFO             PET0 PIOc_freedecomp Enter - MemInfo: [malloc] Space allocated in mmapped regions:          3219456 Byte
20220312 003147.831 INFO             PET0 PIOc_freedecomp Enter - MemInfo: [malloc] Maximum total allocated space:                     0 Byte
20220312 003147.831 INFO             PET0 PIOc_freedecomp Enter - MemInfo: [malloc] Space in freed fastbin blocks:                    64 Byte
20220312 003147.831 INFO             PET0 PIOc_freedecomp Enter - MemInfo: [malloc] Total allocated space:                       1010176 Byte
20220312 003147.831 INFO             PET0 PIOc_freedecomp Enter - MemInfo: [malloc] Total free space:                            9101120 Byte
20220312 003147.831 INFO             PET0 PIOc_freedecomp Enter - MemInfo: [malloc] Top-most, releasable space:                  9047440 Byte
20220312 003147.831 INFO             PET0 PIOc_freedecomp Enter - MemInfo: [malloc] Total space in use, mmap + non-mmap:         4229632 Byte
20220312 003147.831 INFO             PET0 PIOc_freedecomp Enter - MemInfo: [malloc] Total space held (mmap + non-mmap):         13330752 Byte
20220312 003147.831 INFO             PET0 PIOc_freedecomp Enter - MemInfo: [malloc] Total space used (mmap + non-mmap):          4237840 Byte
20220312 003147.831 INFO             PET0 PIOc_freedecomp Enter - MemInfo: Wall-clock time since execution start:               0.122674 seconds
20220312 003147.831 INFO             PET0 PIOc_freedecomp Exit - MemInfo: [/proc/meminfo - SSI]	MemTotal:       65855856 kB
20220312 003147.831 INFO             PET0 PIOc_freedecomp Exit - MemInfo: [/proc/meminfo - SSI]	MemFree:        61304320 kB
20220312 003147.831 INFO             PET0 PIOc_freedecomp Exit - MemInfo: [/proc/meminfo - SSI]	MemAvailable:   61083216 kB
20220312 003147.831 INFO             PET0 PIOc_freedecomp Exit - MemInfo: [/proc/meminfo - SSI]	Committed_AS:    2798420 kB
20220312 003147.832 INFO             PET0 PIOc_freedecomp Exit - MemInfo: [/proc/meminfo - SSI]	CommittedPercent: 4.24931 %
20220312 003147.832 INFO             PET0 PIOc_freedecomp Exit - MemInfo: [/proc/self/status]	VmPeak:	   83588 kB
20220312 003147.832 INFO             PET0 PIOc_freedecomp Exit - MemInfo: [/proc/self/status]	VmSize:	   83588 kB
20220312 003147.832 INFO             PET0 PIOc_freedecomp Exit - MemInfo: [/proc/self/status]	VmLck:	       0 kB
20220312 003147.832 INFO             PET0 PIOc_freedecomp Exit - MemInfo: [/proc/self/status]	VmPin:	       0 kB
20220312 003147.832 INFO             PET0 PIOc_freedecomp Exit - MemInfo: [/proc/self/status]	VmHWM:	   17768 kB
20220312 003147.832 INFO             PET0 PIOc_freedecomp Exit - MemInfo: [/proc/self/status]	VmRSS:	   17768 kB
20220312 003147.832 INFO             PET0 PIOc_freedecomp Exit - MemInfo: [/proc/self/status]	VmData:	   17272 kB
20220312 003147.832 INFO             PET0 PIOc_freedecomp Exit - MemInfo: [/proc/self/status]	VmStk:	     164 kB
20220312 003147.832 INFO             PET0 PIOc_freedecomp Exit - MemInfo: [/proc/self/status]	VmExe:	   40732 kB
20220312 003147.832 INFO             PET0 PIOc_freedecomp Exit - MemInfo: [/proc/self/status]	VmLib:	    1952 kB
20220312 003147.832 INFO             PET0 PIOc_freedecomp Exit - MemInfo: [/proc/self/status]	VmPTE:	     172 kB
20220312 003147.832 INFO             PET0 PIOc_freedecomp Exit - MemInfo: [/proc/self/status]	VmPMD:	      12 kB
20220312 003147.832 INFO             PET0 PIOc_freedecomp Exit - MemInfo: [/proc/self/status]	VmSwap:	       0 kB
20220312 003147.832 INFO             PET0 PIOc_freedecomp Exit - MemInfo: [/proc/self/status]	VmRSSPercent: 0.0269801 %
20220312 003147.832 INFO             PET0 PIOc_freedecomp Exit - MemInfo: [malloc] Non-mmapped space allocated:                10111296 Byte
20220312 003147.832 INFO             PET0 PIOc_freedecomp Exit - MemInfo: [malloc] Space allocated in mmapped regions:          3219456 Byte
20220312 003147.832 INFO             PET0 PIOc_freedecomp Exit - MemInfo: [malloc] Maximum total allocated space:                     0 Byte
20220312 003147.832 INFO             PET0 PIOc_freedecomp Exit - MemInfo: [malloc] Space in freed fastbin blocks:                   592 Byte
20220312 003147.832 INFO             PET0 PIOc_freedecomp Exit - MemInfo: [malloc] Total allocated space:                       1006032 Byte
20220312 003147.832 INFO             PET0 PIOc_freedecomp Exit - MemInfo: [malloc] Total free space:                            9105264 Byte
20220312 003147.832 INFO             PET0 PIOc_freedecomp Exit - MemInfo: [malloc] Top-most, releasable space:                  9047440 Byte
20220312 003147.832 INFO             PET0 PIOc_freedecomp Exit - MemInfo: [malloc] Total space in use, mmap + non-mmap:         4225488 Byte
20220312 003147.832 INFO             PET0 PIOc_freedecomp Exit - MemInfo: [malloc] Total space held (mmap + non-mmap):         13330752 Byte
20220312 003147.832 INFO             PET0 PIOc_freedecomp Exit - MemInfo: [malloc] Total space used (mmap + non-mmap):          4233696 Byte
20220312 003147.832 INFO             PET0 PIOc_freedecomp Exit - MemInfo: Wall-clock time since execution start:               0.123069 seconds
20220312 003147.832 INFO             PET0  PASS  ArrayBundleWrite Single file with timeslice Test, ESMF_ArrayBundleIOUTest.F90, line 180
20220312 003147.848 INFO             PET0 PIOc_sync Enter - MemInfo: [/proc/meminfo - SSI]	MemTotal:       65855856 kB
20220312 003147.848 INFO             PET0 PIOc_sync Enter - MemInfo: [/proc/meminfo - SSI]	MemFree:        61303816 kB
20220312 003147.848 INFO             PET0 PIOc_sync Enter - MemInfo: [/proc/meminfo - SSI]	MemAvailable:   61082712 kB
20220312 003147.848 INFO             PET0 PIOc_sync Enter - MemInfo: [/proc/meminfo - SSI]	Committed_AS:    2798420 kB
20220312 003147.848 INFO             PET0 PIOc_sync Enter - MemInfo: [/proc/meminfo - SSI]	CommittedPercent: 4.24931 %
20220312 003147.848 INFO             PET0 PIOc_sync Enter - MemInfo: [/proc/self/status]	VmPeak:	   83588 kB
20220312 003147.848 INFO             PET0 PIOc_sync Enter - MemInfo: [/proc/self/status]	VmSize:	   83564 kB
20220312 003147.848 INFO             PET0 PIOc_sync Enter - MemInfo: [/proc/self/status]	VmLck:	       0 kB
20220312 003147.848 INFO             PET0 PIOc_sync Enter - MemInfo: [/proc/self/status]	VmPin:	       0 kB
20220312 003147.848 INFO             PET0 PIOc_sync Enter - MemInfo: [/proc/self/status]	VmHWM:	   18176 kB
20220312 003147.848 INFO             PET0 PIOc_sync Enter - MemInfo: [/proc/self/status]	VmRSS:	   18176 kB
20220312 003147.848 INFO             PET0 PIOc_sync Enter - MemInfo: [/proc/self/status]	VmData:	   17272 kB
20220312 003147.848 INFO             PET0 PIOc_sync Enter - MemInfo: [/proc/self/status]	VmStk:	     164 kB
20220312 003147.848 INFO             PET0 PIOc_sync Enter - MemInfo: [/proc/self/status]	VmExe:	   40732 kB
20220312 003147.848 INFO             PET0 PIOc_sync Enter - MemInfo: [/proc/self/status]	VmLib:	    1952 kB
20220312 003147.848 INFO             PET0 PIOc_sync Enter - MemInfo: [/proc/self/status]	VmPTE:	     172 kB
20220312 003147.848 INFO             PET0 PIOc_sync Enter - MemInfo: [/proc/self/status]	VmPMD:	      12 kB
20220312 003147.848 INFO             PET0 PIOc_sync Enter - MemInfo: [/proc/self/status]	VmSwap:	       0 kB
20220312 003147.848 INFO             PET0 PIOc_sync Enter - MemInfo: [/proc/self/status]	VmRSSPercent: 0.0275997 %
20220312 003147.848 INFO             PET0 PIOc_sync Enter - MemInfo: [malloc] Non-mmapped space allocated:                10111296 Byte
20220312 003147.848 INFO             PET0 PIOc_sync Enter - MemInfo: [malloc] Space allocated in mmapped regions:          3219456 Byte
20220312 003147.848 INFO             PET0 PIOc_sync Enter - MemInfo: [malloc] Maximum total allocated space:                     0 Byte
20220312 003147.848 INFO             PET0 PIOc_sync Enter - MemInfo: [malloc] Space in freed fastbin blocks:                     0 Byte
20220312 003147.848 INFO             PET0 PIOc_sync Enter - MemInfo: [malloc] Total allocated space:                       9933680 Byte
20220312 003147.848 INFO             PET0 PIOc_sync Enter - MemInfo: [malloc] Total free space:                             177616 Byte
20220312 003147.848 INFO             PET0 PIOc_sync Enter - MemInfo: [malloc] Top-most, releasable space:                   134512 Byte
20220312 003147.848 INFO             PET0 PIOc_sync Enter - MemInfo: [malloc] Total space in use, mmap + non-mmap:        13153136 Byte
20220312 003147.848 INFO             PET0 PIOc_sync Enter - MemInfo: [malloc] Total space held (mmap + non-mmap):         13330752 Byte
20220312 003147.848 INFO             PET0 PIOc_sync Enter - MemInfo: [malloc] Total space used (mmap + non-mmap):         13161568 Byte
20220312 003147.848 INFO             PET0 PIOc_sync Enter - MemInfo: Wall-clock time since execution start:               0.139619 seconds
20220312 003147.848 INFO             PET0 PIOc_sync Exit - MemInfo: [/proc/meminfo - SSI]	MemTotal:       65855856 kB
20220312 003147.848 INFO             PET0 PIOc_sync Exit - MemInfo: [/proc/meminfo - SSI]	MemFree:        61303816 kB
20220312 003147.848 INFO             PET0 PIOc_sync Exit - MemInfo: [/proc/meminfo - SSI]	MemAvailable:   61082712 kB
20220312 003147.849 INFO             PET0 PIOc_sync Exit - MemInfo: [/proc/meminfo - SSI]	Committed_AS:    2798420 kB
20220312 003147.849 INFO             PET0 PIOc_sync Exit - MemInfo: [/proc/meminfo - SSI]	CommittedPercent: 4.24931 %
20220312 003147.849 INFO             PET0 PIOc_sync Exit - MemInfo: [/proc/self/status]	VmPeak:	   83588 kB
20220312 003147.849 INFO             PET0 PIOc_sync Exit - MemInfo: [/proc/self/status]	VmSize:	   83564 kB
20220312 003147.849 INFO             PET0 PIOc_sync Exit - MemInfo: [/proc/self/status]	VmLck:	       0 kB
20220312 003147.849 INFO             PET0 PIOc_sync Exit - MemInfo: [/proc/self/status]	VmPin:	       0 kB
20220312 003147.849 INFO             PET0 PIOc_sync Exit - MemInfo: [/proc/self/status]	VmHWM:	   18176 kB
20220312 003147.849 INFO             PET0 PIOc_sync Exit - MemInfo: [/proc/self/status]	VmRSS:	   18176 kB
20220312 003147.849 INFO             PET0 PIOc_sync Exit - MemInfo: [/proc/self/status]	VmData:	   17272 kB
20220312 003147.849 INFO             PET0 PIOc_sync Exit - MemInfo: [/proc/self/status]	VmStk:	     164 kB
20220312 003147.849 INFO             PET0 PIOc_sync Exit - MemInfo: [/proc/self/status]	VmExe:	   40732 kB
20220312 003147.849 INFO             PET0 PIOc_sync Exit - MemInfo: [/proc/self/status]	VmLib:	    1952 kB
20220312 003147.849 INFO             PET0 PIOc_sync Exit - MemInfo: [/proc/self/status]	VmPTE:	     172 kB
20220312 003147.849 INFO             PET0 PIOc_sync Exit - MemInfo: [/proc/self/status]	VmPMD:	      12 kB
20220312 003147.849 INFO             PET0 PIOc_sync Exit - MemInfo: [/proc/self/status]	VmSwap:	       0 kB
20220312 003147.849 INFO             PET0 PIOc_sync Exit - MemInfo: [/proc/self/status]	VmRSSPercent: 0.0275997 %
20220312 003147.849 INFO             PET0 PIOc_sync Exit - MemInfo: [malloc] Non-mmapped space allocated:                10111296 Byte
20220312 003147.849 INFO             PET0 PIOc_sync Exit - MemInfo: [malloc] Space allocated in mmapped regions:          3219456 Byte
20220312 003147.849 INFO             PET0 PIOc_sync Exit - MemInfo: [malloc] Maximum total allocated space:                     0 Byte
20220312 003147.849 INFO             PET0 PIOc_sync Exit - MemInfo: [malloc] Space in freed fastbin blocks:                   240 Byte
20220312 003147.849 INFO             PET0 PIOc_sync Exit - MemInfo: [malloc] Total allocated space:                       9934160 Byte
20220312 003147.849 INFO             PET0 PIOc_sync Exit - MemInfo: [malloc] Total free space:                             177136 Byte
20220312 003147.849 INFO             PET0 PIOc_sync Exit - MemInfo: [malloc] Top-most, releasable space:                   134512 Byte
20220312 003147.849 INFO             PET0 PIOc_sync Exit - MemInfo: [malloc] Total space in use, mmap + non-mmap:        13153616 Byte
20220312 003147.849 INFO             PET0 PIOc_sync Exit - MemInfo: [malloc] Total space held (mmap + non-mmap):         13330752 Byte
20220312 003147.849 INFO             PET0 PIOc_sync Exit - MemInfo: [malloc] Total space used (mmap + non-mmap):         13161936 Byte
20220312 003147.849 INFO             PET0 PIOc_sync Exit - MemInfo: Wall-clock time since execution start:               0.140188 seconds
20220312 003147.849 WARNING          PET0 ESMCI_PIO_Handler.C:1501 ESMCI::PIO_Handler::isOpen() File, sep.nc000, closed by PIO
20220312 003147.849 WARNING          PET0 ESMCI_PIO_Handler.C:1501 ESMCI::PIO_Handler::isOpen() File, sep.nc000, closed by PIO
20220312 003147.849 WARNING          PET0 ESMCI_PIO_Handler.C:1501 ESMCI::PIO_Handler::isOpen() File, sep.nc000, closed by PIO
20220312 003147.849 WARNING          PET0 ESMCI_PIO_Handler.C:1501 ESMCI::PIO_Handler::isOpen() File, sep.nc001, closed by PIO
20220312 003147.861 INFO             PET0 PIOc_sync Enter - MemInfo: [/proc/meminfo - SSI]	MemTotal:       65855856 kB
20220312 003147.861 INFO             PET0 PIOc_sync Enter - MemInfo: [/proc/meminfo - SSI]	MemFree:        61303816 kB
20220312 003147.861 INFO             PET0 PIOc_sync Enter - MemInfo: [/proc/meminfo - SSI]	MemAvailable:   61082712 kB
20220312 003147.861 INFO             PET0 PIOc_sync Enter - MemInfo: [/proc/meminfo - SSI]	Committed_AS:    2798420 kB
20220312 003147.861 INFO             PET0 PIOc_sync Enter - MemInfo: [/proc/meminfo - SSI]	CommittedPercent: 4.24931 %
20220312 003147.861 INFO             PET0 PIOc_sync Enter - MemInfo: [/proc/self/status]	VmPeak:	   83588 kB
20220312 003147.861 INFO             PET0 PIOc_sync Enter - MemInfo: [/proc/self/status]	VmSize:	   83564 kB
20220312 003147.861 INFO             PET0 PIOc_sync Enter - MemInfo: [/proc/self/status]	VmLck:	       0 kB
20220312 003147.861 INFO             PET0 PIOc_sync Enter - MemInfo: [/proc/self/status]	VmPin:	       0 kB
20220312 003147.861 INFO             PET0 PIOc_sync Enter - MemInfo: [/proc/self/status]	VmHWM:	   18176 kB
20220312 003147.861 INFO             PET0 PIOc_sync Enter - MemInfo: [/proc/self/status]	VmRSS:	   18176 kB
20220312 003147.861 INFO             PET0 PIOc_sync Enter - MemInfo: [/proc/self/status]	VmData:	   17272 kB
20220312 003147.861 INFO             PET0 PIOc_sync Enter - MemInfo: [/proc/self/status]	VmStk:	     164 kB
20220312 003147.861 INFO             PET0 PIOc_sync Enter - MemInfo: [/proc/self/status]	VmExe:	   40732 kB
20220312 003147.861 INFO             PET0 PIOc_sync Enter - MemInfo: [/proc/self/status]	VmLib:	    1952 kB
20220312 003147.861 INFO             PET0 PIOc_sync Enter - MemInfo: [/proc/self/status]	VmPTE:	     172 kB
20220312 003147.861 INFO             PET0 PIOc_sync Enter - MemInfo: [/proc/self/status]	VmPMD:	      12 kB
20220312 003147.861 INFO             PET0 PIOc_sync Enter - MemInfo: [/proc/self/status]	VmSwap:	       0 kB
20220312 003147.861 INFO             PET0 PIOc_sync Enter - MemInfo: [/proc/self/status]	VmRSSPercent: 0.0275997 %
20220312 003147.861 INFO             PET0 PIOc_sync Enter - MemInfo: [malloc] Non-mmapped space allocated:                10111296 Byte
20220312 003147.861 INFO             PET0 PIOc_sync Enter - MemInfo: [malloc] Space allocated in mmapped regions:          3219456 Byte
20220312 003147.861 INFO             PET0 PIOc_sync Enter - MemInfo: [malloc] Maximum total allocated space:                     0 Byte
20220312 003147.861 INFO             PET0 PIOc_sync Enter - MemInfo: [malloc] Space in freed fastbin blocks:                   288 Byte
20220312 003147.861 INFO             PET0 PIOc_sync Enter - MemInfo: [malloc] Total allocated space:                       9944240 Byte
20220312 003147.861 INFO             PET0 PIOc_sync Enter - MemInfo: [malloc] Total free space:                             167056 Byte
20220312 003147.861 INFO             PET0 PIOc_sync Enter - MemInfo: [malloc] Top-most, releasable space:                   134512 Byte
20220312 003147.861 INFO             PET0 PIOc_sync Enter - MemInfo: [malloc] Total space in use, mmap + non-mmap:        13163696 Byte
20220312 003147.861 INFO             PET0 PIOc_sync Enter - MemInfo: [malloc] Total space held (mmap + non-mmap):         13330752 Byte
20220312 003147.861 INFO             PET0 PIOc_sync Enter - MemInfo: [malloc] Total space used (mmap + non-mmap):         13172352 Byte
20220312 003147.861 INFO             PET0 PIOc_sync Enter - MemInfo: Wall-clock time since execution start:                0.15262 seconds
20220312 003147.861 INFO             PET0 PIOc_sync Exit - MemInfo: [/proc/meminfo - SSI]	MemTotal:       65855856 kB
20220312 003147.861 INFO             PET0 PIOc_sync Exit - MemInfo: [/proc/meminfo - SSI]	MemFree:        61303816 kB
20220312 003147.861 INFO             PET0 PIOc_sync Exit - MemInfo: [/proc/meminfo - SSI]	MemAvailable:   61082712 kB
20220312 003147.862 INFO             PET0 PIOc_sync Exit - MemInfo: [/proc/meminfo - SSI]	Committed_AS:    2798420 kB
20220312 003147.862 INFO             PET0 PIOc_sync Exit - MemInfo: [/proc/meminfo - SSI]	CommittedPercent: 4.24931 %
20220312 003147.862 INFO             PET0 PIOc_sync Exit - MemInfo: [/proc/self/status]	VmPeak:	   83588 kB
20220312 003147.862 INFO             PET0 PIOc_sync Exit - MemInfo: [/proc/self/status]	VmSize:	   83564 kB
20220312 003147.862 INFO             PET0 PIOc_sync Exit - MemInfo: [/proc/self/status]	VmLck:	       0 kB
20220312 003147.862 INFO             PET0 PIOc_sync Exit - MemInfo: [/proc/self/status]	VmPin:	       0 kB
20220312 003147.862 INFO             PET0 PIOc_sync Exit - MemInfo: [/proc/self/status]	VmHWM:	   18176 kB
20220312 003147.862 INFO             PET0 PIOc_sync Exit - MemInfo: [/proc/self/status]	VmRSS:	   18176 kB
20220312 003147.862 INFO             PET0 PIOc_sync Exit - MemInfo: [/proc/self/status]	VmData:	   17272 kB
20220312 003147.862 INFO             PET0 PIOc_sync Exit - MemInfo: [/proc/self/status]	VmStk:	     164 kB
20220312 003147.862 INFO             PET0 PIOc_sync Exit - MemInfo: [/proc/self/status]	VmExe:	   40732 kB
20220312 003147.862 INFO             PET0 PIOc_sync Exit - MemInfo: [/proc/self/status]	VmLib:	    1952 kB
20220312 003147.862 INFO             PET0 PIOc_sync Exit - MemInfo: [/proc/self/status]	VmPTE:	     172 kB
20220312 003147.862 INFO             PET0 PIOc_sync Exit - MemInfo: [/proc/self/status]	VmPMD:	      12 kB
20220312 003147.862 INFO             PET0 PIOc_sync Exit - MemInfo: [/proc/self/status]	VmSwap:	       0 kB
20220312 003147.862 INFO             PET0 PIOc_sync Exit - MemInfo: [/proc/self/status]	VmRSSPercent: 0.0275997 %
20220312 003147.862 INFO             PET0 PIOc_sync Exit - MemInfo: [malloc] Non-mmapped space allocated:                10111296 Byte
20220312 003147.862 INFO             PET0 PIOc_sync Exit - MemInfo: [malloc] Space allocated in mmapped regions:          3219456 Byte
20220312 003147.862 INFO             PET0 PIOc_sync Exit - MemInfo: [malloc] Maximum total allocated space:                     0 Byte
20220312 003147.862 INFO             PET0 PIOc_sync Exit - MemInfo: [malloc] Space in freed fastbin blocks:                   288 Byte
20220312 003147.862 INFO             PET0 PIOc_sync Exit - MemInfo: [malloc] Total allocated space:                       9944880 Byte
20220312 003147.862 INFO             PET0 PIOc_sync Exit - MemInfo: [malloc] Total free space:                             166416 Byte
20220312 003147.862 INFO             PET0 PIOc_sync Exit - MemInfo: [malloc] Top-most, releasable space:                   134512 Byte
20220312 003147.862 INFO             PET0 PIOc_sync Exit - MemInfo: [malloc] Total space in use, mmap + non-mmap:        13164336 Byte
20220312 003147.862 INFO             PET0 PIOc_sync Exit - MemInfo: [malloc] Total space held (mmap + non-mmap):         13330752 Byte
20220312 003147.862 INFO             PET0 PIOc_sync Exit - MemInfo: [malloc] Total space used (mmap + non-mmap):         13172656 Byte
20220312 003147.862 INFO             PET0 PIOc_sync Exit - MemInfo: Wall-clock time since execution start:               0.153047 seconds
20220312 003147.862 WARNING          PET0 ESMCI_PIO_Handler.C:1501 ESMCI::PIO_Handler::isOpen() File, sep.nc001, closed by PIO
20220312 003147.862 WARNING          PET0 ESMCI_PIO_Handler.C:1501 ESMCI::PIO_Handler::isOpen() File, sep.nc001, closed by PIO
20220312 003147.862 WARNING          PET0 ESMCI_PIO_Handler.C:1501 ESMCI::PIO_Handler::isOpen() File, sep.nc001, closed by PIO
20220312 003147.862 WARNING          PET0 ESMCI_PIO_Handler.C:1501 ESMCI::PIO_Handler::isOpen() File, sep.nc002, closed by PIO
20220312 003147.864 INFO             PET0 PIOc_sync Enter - MemInfo: [/proc/meminfo - SSI]	MemTotal:       65855856 kB
20220312 003147.864 INFO             PET0 PIOc_sync Enter - MemInfo: [/proc/meminfo - SSI]	MemFree:        61303816 kB
20220312 003147.864 INFO             PET0 PIOc_sync Enter - MemInfo: [/proc/meminfo - SSI]	MemAvailable:   61082712 kB
20220312 003147.864 INFO             PET0 PIOc_sync Enter - MemInfo: [/proc/meminfo - SSI]	Committed_AS:    2798420 kB
20220312 003147.864 INFO             PET0 PIOc_sync Enter - MemInfo: [/proc/meminfo - SSI]	CommittedPercent: 4.24931 %
20220312 003147.864 INFO             PET0 PIOc_sync Enter - MemInfo: [/proc/self/status]	VmPeak:	   83588 kB
20220312 003147.864 INFO             PET0 PIOc_sync Enter - MemInfo: [/proc/self/status]	VmSize:	   83564 kB
20220312 003147.864 INFO             PET0 PIOc_sync Enter - MemInfo: [/proc/self/status]	VmLck:	       0 kB
20220312 003147.864 INFO             PET0 PIOc_sync Enter - MemInfo: [/proc/self/status]	VmPin:	       0 kB
20220312 003147.864 INFO             PET0 PIOc_sync Enter - MemInfo: [/proc/self/status]	VmHWM:	   18176 kB
20220312 003147.864 INFO             PET0 PIOc_sync Enter - MemInfo: [/proc/self/status]	VmRSS:	   18176 kB
20220312 003147.864 INFO             PET0 PIOc_sync Enter - MemInfo: [/proc/self/status]	VmData:	   17272 kB
20220312 003147.864 INFO             PET0 PIOc_sync Enter - MemInfo: [/proc/self/status]	VmStk:	     164 kB
20220312 003147.864 INFO             PET0 PIOc_sync Enter - MemInfo: [/proc/self/status]	VmExe:	   40732 kB
20220312 003147.864 INFO             PET0 PIOc_sync Enter - MemInfo: [/proc/self/status]	VmLib:	    1952 kB
20220312 003147.864 INFO             PET0 PIOc_sync Enter - MemInfo: [/proc/self/status]	VmPTE:	     172 kB
20220312 003147.864 INFO             PET0 PIOc_sync Enter - MemInfo: [/proc/self/status]	VmPMD:	      12 kB
20220312 003147.864 INFO             PET0 PIOc_sync Enter - MemInfo: [/proc/self/status]	VmSwap:	       0 kB
20220312 003147.864 INFO             PET0 PIOc_sync Enter - MemInfo: [/proc/self/status]	VmRSSPercent: 0.0275997 %
20220312 003147.864 INFO             PET0 PIOc_sync Enter - MemInfo: [malloc] Non-mmapped space allocated:                10111296 Byte
20220312 003147.864 INFO             PET0 PIOc_sync Enter - MemInfo: [malloc] Space allocated in mmapped regions:          3219456 Byte
20220312 003147.864 INFO             PET0 PIOc_sync Enter - MemInfo: [malloc] Maximum total allocated space:                     0 Byte
20220312 003147.864 INFO             PET0 PIOc_sync Enter - MemInfo: [malloc] Space in freed fastbin blocks:                   336 Byte
20220312 003147.864 INFO             PET0 PIOc_sync Enter - MemInfo: [malloc] Total allocated space:                       9960368 Byte
20220312 003147.864 INFO             PET0 PIOc_sync Enter - MemInfo: [malloc] Total free space:                             150928 Byte
20220312 003147.864 INFO             PET0 PIOc_sync Enter - MemInfo: [malloc] Top-most, releasable space:                   134512 Byte
20220312 003147.864 INFO             PET0 PIOc_sync Enter - MemInfo: [malloc] Total space in use, mmap + non-mmap:        13179824 Byte
20220312 003147.864 INFO             PET0 PIOc_sync Enter - MemInfo: [malloc] Total space held (mmap + non-mmap):         13330752 Byte
20220312 003147.864 INFO             PET0 PIOc_sync Enter - MemInfo: [malloc] Total space used (mmap + non-mmap):         13188368 Byte
20220312 003147.864 INFO             PET0 PIOc_sync Enter - MemInfo: Wall-clock time since execution start:               0.155578 seconds
20220312 003147.864 INFO             PET0 PIOc_sync Exit - MemInfo: [/proc/meminfo - SSI]	MemTotal:       65855856 kB
20220312 003147.864 INFO             PET0 PIOc_sync Exit - MemInfo: [/proc/meminfo - SSI]	MemFree:        61303312 kB
20220312 003147.864 INFO             PET0 PIOc_sync Exit - MemInfo: [/proc/meminfo - SSI]	MemAvailable:   61082208 kB
20220312 003147.865 INFO             PET0 PIOc_sync Exit - MemInfo: [/proc/meminfo - SSI]	Committed_AS:    2798420 kB
20220312 003147.865 INFO             PET0 PIOc_sync Exit - MemInfo: [/proc/meminfo - SSI]	CommittedPercent: 4.24931 %
20220312 003147.865 INFO             PET0 PIOc_sync Exit - MemInfo: [/proc/self/status]	VmPeak:	   83588 kB
20220312 003147.865 INFO             PET0 PIOc_sync Exit - MemInfo: [/proc/self/status]	VmSize:	   83564 kB
20220312 003147.865 INFO             PET0 PIOc_sync Exit - MemInfo: [/proc/self/status]	VmLck:	       0 kB
20220312 003147.865 INFO             PET0 PIOc_sync Exit - MemInfo: [/proc/self/status]	VmPin:	       0 kB
20220312 003147.865 INFO             PET0 PIOc_sync Exit - MemInfo: [/proc/self/status]	VmHWM:	   18176 kB
20220312 003147.865 INFO             PET0 PIOc_sync Exit - MemInfo: [/proc/self/status]	VmRSS:	   18176 kB
20220312 003147.865 INFO             PET0 PIOc_sync Exit - MemInfo: [/proc/self/status]	VmData:	   17272 kB
20220312 003147.865 INFO             PET0 PIOc_sync Exit - MemInfo: [/proc/self/status]	VmStk:	     164 kB
20220312 003147.865 INFO             PET0 PIOc_sync Exit - MemInfo: [/proc/self/status]	VmExe:	   40732 kB
20220312 003147.865 INFO             PET0 PIOc_sync Exit - MemInfo: [/proc/self/status]	VmLib:	    1952 kB
20220312 003147.865 INFO             PET0 PIOc_sync Exit - MemInfo: [/proc/self/status]	VmPTE:	     172 kB
20220312 003147.865 INFO             PET0 PIOc_sync Exit - MemInfo: [/proc/self/status]	VmPMD:	      12 kB
20220312 003147.865 INFO             PET0 PIOc_sync Exit - MemInfo: [/proc/self/status]	VmSwap:	       0 kB
20220312 003147.865 INFO             PET0 PIOc_sync Exit - MemInfo: [/proc/self/status]	VmRSSPercent: 0.0275997 %
20220312 003147.865 INFO             PET0 PIOc_sync Exit - MemInfo: [malloc] Non-mmapped space allocated:                10111296 Byte
20220312 003147.865 INFO             PET0 PIOc_sync Exit - MemInfo: [malloc] Space allocated in mmapped regions:          3219456 Byte
20220312 003147.865 INFO             PET0 PIOc_sync Exit - MemInfo: [malloc] Maximum total allocated space:                     0 Byte
20220312 003147.865 INFO             PET0 PIOc_sync Exit - MemInfo: [malloc] Space in freed fastbin blocks:                   240 Byte
20220312 003147.865 INFO             PET0 PIOc_sync Exit - MemInfo: [malloc] Total allocated space:                       9980304 Byte
20220312 003147.865 INFO             PET0 PIOc_sync Exit - MemInfo: [malloc] Total free space:                             130992 Byte
20220312 003147.865 INFO             PET0 PIOc_sync Exit - MemInfo: [malloc] Top-most, releasable space:                   112160 Byte
20220312 003147.865 INFO             PET0 PIOc_sync Exit - MemInfo: [malloc] Total space in use, mmap + non-mmap:        13199760 Byte
20220312 003147.865 INFO             PET0 PIOc_sync Exit - MemInfo: [malloc] Total space held (mmap + non-mmap):         13330752 Byte
20220312 003147.865 INFO             PET0 PIOc_sync Exit - MemInfo: [malloc] Total space used (mmap + non-mmap):         13208080 Byte
20220312 003147.865 INFO             PET0 PIOc_sync Exit - MemInfo: Wall-clock time since execution start:               0.156181 seconds
20220312 003147.865 INFO             PET0 PIOc_freedecomp Enter - MemInfo: [/proc/meminfo - SSI]	MemTotal:       65855856 kB
20220312 003147.865 INFO             PET0 PIOc_freedecomp Enter - MemInfo: [/proc/meminfo - SSI]	MemFree:        61303312 kB
20220312 003147.865 INFO             PET0 PIOc_freedecomp Enter - MemInfo: [/proc/meminfo - SSI]	MemAvailable:   61082208 kB
20220312 003147.865 INFO             PET0 PIOc_freedecomp Enter - MemInfo: [/proc/meminfo - SSI]	Committed_AS:    2798420 kB
20220312 003147.865 INFO             PET0 PIOc_freedecomp Enter - MemInfo: [/proc/meminfo - SSI]	CommittedPercent: 4.24931 %
20220312 003147.865 INFO             PET0 PIOc_freedecomp Enter - MemInfo: [/proc/self/status]	VmPeak:	   83588 kB
20220312 003147.865 INFO             PET0 PIOc_freedecomp Enter - MemInfo: [/proc/self/status]	VmSize:	   83564 kB
20220312 003147.865 INFO             PET0 PIOc_freedecomp Enter - MemInfo: [/proc/self/status]	VmLck:	       0 kB
20220312 003147.865 INFO             PET0 PIOc_freedecomp Enter - MemInfo: [/proc/self/status]	VmPin:	       0 kB
20220312 003147.865 INFO             PET0 PIOc_freedecomp Enter - MemInfo: [/proc/self/status]	VmHWM:	   18176 kB
20220312 003147.865 INFO             PET0 PIOc_freedecomp Enter - MemInfo: [/proc/self/status]	VmRSS:	   18176 kB
20220312 003147.865 INFO             PET0 PIOc_freedecomp Enter - MemInfo: [/proc/self/status]	VmData:	   17272 kB
20220312 003147.865 INFO             PET0 PIOc_freedecomp Enter - MemInfo: [/proc/self/status]	VmStk:	     164 kB
20220312 003147.865 INFO             PET0 PIOc_freedecomp Enter - MemInfo: [/proc/self/status]	VmExe:	   40732 kB
20220312 003147.865 INFO             PET0 PIOc_freedecomp Enter - MemInfo: [/proc/self/status]	VmLib:	    1952 kB
20220312 003147.865 INFO             PET0 PIOc_freedecomp Enter - MemInfo: [/proc/self/status]	VmPTE:	     172 kB
20220312 003147.865 INFO             PET0 PIOc_freedecomp Enter - MemInfo: [/proc/self/status]	VmPMD:	      12 kB
20220312 003147.865 INFO             PET0 PIOc_freedecomp Enter - MemInfo: [/proc/self/status]	VmSwap:	       0 kB
20220312 003147.865 INFO             PET0 PIOc_freedecomp Enter - MemInfo: [/proc/self/status]	VmRSSPercent: 0.0275997 %
20220312 003147.865 INFO             PET0 PIOc_freedecomp Enter - MemInfo: [malloc] Non-mmapped space allocated:                10111296 Byte
20220312 003147.865 INFO             PET0 PIOc_freedecomp Enter - MemInfo: [malloc] Space allocated in mmapped regions:          3219456 Byte
20220312 003147.865 INFO             PET0 PIOc_freedecomp Enter - MemInfo: [malloc] Maximum total allocated space:                     0 Byte
20220312 003147.865 INFO             PET0 PIOc_freedecomp Enter - MemInfo: [malloc] Space in freed fastbin blocks:                   192 Byte
20220312 003147.865 INFO             PET0 PIOc_freedecomp Enter - MemInfo: [malloc] Total allocated space:                       1055856 Byte
20220312 003147.865 INFO             PET0 PIOc_freedecomp Enter - MemInfo: [malloc] Total free space:                            9055440 Byte
20220312 003147.865 INFO             PET0 PIOc_freedecomp Enter - MemInfo: [malloc] Top-most, releasable space:                   112160 Byte
20220312 003147.865 INFO             PET0 PIOc_freedecomp Enter - MemInfo: [malloc] Total space in use, mmap + non-mmap:         4275312 Byte
20220312 003147.865 INFO             PET0 PIOc_freedecomp Enter - MemInfo: [malloc] Total space held (mmap + non-mmap):         13330752 Byte
20220312 003147.865 INFO             PET0 PIOc_freedecomp Enter - MemInfo: [malloc] Total space used (mmap + non-mmap):          4283520 Byte
20220312 003147.865 INFO             PET0 PIOc_freedecomp Enter - MemInfo: Wall-clock time since execution start:               0.156696 seconds
20220312 003147.865 INFO             PET0 PIOc_freedecomp Exit - MemInfo: [/proc/meminfo - SSI]	MemTotal:       65855856 kB
20220312 003147.865 INFO             PET0 PIOc_freedecomp Exit - MemInfo: [/proc/meminfo - SSI]	MemFree:        61303312 kB
20220312 003147.865 INFO             PET0 PIOc_freedecomp Exit - MemInfo: [/proc/meminfo - SSI]	MemAvailable:   61082208 kB
20220312 003147.866 INFO             PET0 PIOc_freedecomp Exit - MemInfo: [/proc/meminfo - SSI]	Committed_AS:    2798420 kB
20220312 003147.866 INFO             PET0 PIOc_freedecomp Exit - MemInfo: [/proc/meminfo - SSI]	CommittedPercent: 4.24931 %
20220312 003147.866 INFO             PET0 PIOc_freedecomp Exit - MemInfo: [/proc/self/status]	VmPeak:	   83588 kB
20220312 003147.866 INFO             PET0 PIOc_freedecomp Exit - MemInfo: [/proc/self/status]	VmSize:	   83564 kB
20220312 003147.866 INFO             PET0 PIOc_freedecomp Exit - MemInfo: [/proc/self/status]	VmLck:	       0 kB
20220312 003147.866 INFO             PET0 PIOc_freedecomp Exit - MemInfo: [/proc/self/status]	VmPin:	       0 kB
20220312 003147.866 INFO             PET0 PIOc_freedecomp Exit - MemInfo: [/proc/self/status]	VmHWM:	   18176 kB
20220312 003147.866 INFO             PET0 PIOc_freedecomp Exit - MemInfo: [/proc/self/status]	VmRSS:	   18176 kB
20220312 003147.866 INFO             PET0 PIOc_freedecomp Exit - MemInfo: [/proc/self/status]	VmData:	   17272 kB
20220312 003147.866 INFO             PET0 PIOc_freedecomp Exit - MemInfo: [/proc/self/status]	VmStk:	     164 kB
20220312 003147.866 INFO             PET0 PIOc_freedecomp Exit - MemInfo: [/proc/self/status]	VmExe:	   40732 kB
20220312 003147.866 INFO             PET0 PIOc_freedecomp Exit - MemInfo: [/proc/self/status]	VmLib:	    1952 kB
20220312 003147.866 INFO             PET0 PIOc_freedecomp Exit - MemInfo: [/proc/self/status]	VmPTE:	     172 kB
20220312 003147.866 INFO             PET0 PIOc_freedecomp Exit - MemInfo: [/proc/self/status]	VmPMD:	      12 kB
20220312 003147.866 INFO             PET0 PIOc_freedecomp Exit - MemInfo: [/proc/self/status]	VmSwap:	       0 kB
20220312 003147.866 INFO             PET0 PIOc_freedecomp Exit - MemInfo: [/proc/self/status]	VmRSSPercent: 0.0275997 %
20220312 003147.866 INFO             PET0 PIOc_freedecomp Exit - MemInfo: [malloc] Non-mmapped space allocated:                10111296 Byte
20220312 003147.866 INFO             PET0 PIOc_freedecomp Exit - MemInfo: [malloc] Space allocated in mmapped regions:          3219456 Byte
20220312 003147.866 INFO             PET0 PIOc_freedecomp Exit - MemInfo: [malloc] Maximum total allocated space:                     0 Byte
20220312 003147.866 INFO             PET0 PIOc_freedecomp Exit - MemInfo: [malloc] Space in freed fastbin blocks:                   464 Byte
20220312 003147.866 INFO             PET0 PIOc_freedecomp Exit - MemInfo: [malloc] Total allocated space:                       1021504 Byte
20220312 003147.866 INFO             PET0 PIOc_freedecomp Exit - MemInfo: [malloc] Total free space:                            9089792 Byte
20220312 003147.866 INFO             PET0 PIOc_freedecomp Exit - MemInfo: [malloc] Top-most, releasable space:                  9047440 Byte
20220312 003147.866 INFO             PET0 PIOc_freedecomp Exit - MemInfo: [malloc] Total space in use, mmap + non-mmap:         4240960 Byte
20220312 003147.866 INFO             PET0 PIOc_freedecomp Exit - MemInfo: [malloc] Total space held (mmap + non-mmap):         13330752 Byte
20220312 003147.866 INFO             PET0 PIOc_freedecomp Exit - MemInfo: [malloc] Total space used (mmap + non-mmap):          4249168 Byte
20220312 003147.866 INFO             PET0 PIOc_freedecomp Exit - MemInfo: Wall-clock time since execution start:               0.157071 seconds
20220312 003147.866 INFO             PET0 PIOc_freedecomp Enter - MemInfo: [/proc/meminfo - SSI]	MemTotal:       65855856 kB
20220312 003147.866 INFO             PET0 PIOc_freedecomp Enter - MemInfo: [/proc/meminfo - SSI]	MemFree:        61303312 kB
20220312 003147.866 INFO             PET0 PIOc_freedecomp Enter - MemInfo: [/proc/meminfo - SSI]	MemAvailable:   61082208 kB
20220312 003147.866 INFO             PET0 PIOc_freedecomp Enter - MemInfo: [/proc/meminfo - SSI]	Committed_AS:    2798420 kB
20220312 003147.866 INFO             PET0 PIOc_freedecomp Enter - MemInfo: [/proc/meminfo - SSI]	CommittedPercent: 4.24931 %
20220312 003147.866 INFO             PET0 PIOc_freedecomp Enter - MemInfo: [/proc/self/status]	VmPeak:	   83588 kB
20220312 003147.866 INFO             PET0 PIOc_freedecomp Enter - MemInfo: [/proc/self/status]	VmSize:	   83564 kB
20220312 003147.866 INFO             PET0 PIOc_freedecomp Enter - MemInfo: [/proc/self/status]	VmLck:	       0 kB
20220312 003147.866 INFO             PET0 PIOc_freedecomp Enter - MemInfo: [/proc/self/status]	VmPin:	       0 kB
20220312 003147.866 INFO             PET0 PIOc_freedecomp Enter - MemInfo: [/proc/self/status]	VmHWM:	   18176 kB
20220312 003147.866 INFO             PET0 PIOc_freedecomp Enter - MemInfo: [/proc/self/status]	VmRSS:	   18176 kB
20220312 003147.866 INFO             PET0 PIOc_freedecomp Enter - MemInfo: [/proc/self/status]	VmData:	   17272 kB
20220312 003147.866 INFO             PET0 PIOc_freedecomp Enter - MemInfo: [/proc/self/status]	VmStk:	     164 kB
20220312 003147.866 INFO             PET0 PIOc_freedecomp Enter - MemInfo: [/proc/self/status]	VmExe:	   40732 kB
20220312 003147.866 INFO             PET0 PIOc_freedecomp Enter - MemInfo: [/proc/self/status]	VmLib:	    1952 kB
20220312 003147.866 INFO             PET0 PIOc_freedecomp Enter - MemInfo: [/proc/self/status]	VmPTE:	     172 kB
20220312 003147.866 INFO             PET0 PIOc_freedecomp Enter - MemInfo: [/proc/self/status]	VmPMD:	      12 kB
20220312 003147.866 INFO             PET0 PIOc_freedecomp Enter - MemInfo: [/proc/self/status]	VmSwap:	       0 kB
20220312 003147.866 INFO             PET0 PIOc_freedecomp Enter - MemInfo: [/proc/self/status]	VmRSSPercent: 0.0275997 %
20220312 003147.866 INFO             PET0 PIOc_freedecomp Enter - MemInfo: [malloc] Non-mmapped space allocated:                10111296 Byte
20220312 003147.866 INFO             PET0 PIOc_freedecomp Enter - MemInfo: [malloc] Space allocated in mmapped regions:          3219456 Byte
20220312 003147.866 INFO             PET0 PIOc_freedecomp Enter - MemInfo: [malloc] Maximum total allocated space:                     0 Byte
20220312 003147.866 INFO             PET0 PIOc_freedecomp Enter - MemInfo: [malloc] Space in freed fastbin blocks:                    64 Byte
20220312 003147.866 INFO             PET0 PIOc_freedecomp Enter - MemInfo: [malloc] Total allocated space:                       1021440 Byte
20220312 003147.866 INFO             PET0 PIOc_freedecomp Enter - MemInfo: [malloc] Total free space:                            9089856 Byte
20220312 003147.866 INFO             PET0 PIOc_freedecomp Enter - MemInfo: [malloc] Top-most, releasable space:                  9047440 Byte
20220312 003147.866 INFO             PET0 PIOc_freedecomp Enter - MemInfo: [malloc] Total space in use, mmap + non-mmap:         4240896 Byte
20220312 003147.866 INFO             PET0 PIOc_freedecomp Enter - MemInfo: [malloc] Total space held (mmap + non-mmap):         13330752 Byte
20220312 003147.866 INFO             PET0 PIOc_freedecomp Enter - MemInfo: [malloc] Total space used (mmap + non-mmap):          4249104 Byte
20220312 003147.866 INFO             PET0 PIOc_freedecomp Enter - MemInfo: Wall-clock time since execution start:               0.157442 seconds
20220312 003147.866 INFO             PET0 PIOc_freedecomp Exit - MemInfo: [/proc/meminfo - SSI]	MemTotal:       65855856 kB
20220312 003147.866 INFO             PET0 PIOc_freedecomp Exit - MemInfo: [/proc/meminfo - SSI]	MemFree:        61303312 kB
20220312 003147.866 INFO             PET0 PIOc_freedecomp Exit - MemInfo: [/proc/meminfo - SSI]	MemAvailable:   61082208 kB
20220312 003147.866 INFO             PET0 PIOc_freedecomp Exit - MemInfo: [/proc/meminfo - SSI]	Committed_AS:    2798420 kB
20220312 003147.866 INFO             PET0 PIOc_freedecomp Exit - MemInfo: [/proc/meminfo - SSI]	CommittedPercent: 4.24931 %
20220312 003147.866 INFO             PET0 PIOc_freedecomp Exit - MemInfo: [/proc/self/status]	VmPeak:	   83588 kB
20220312 003147.866 INFO             PET0 PIOc_freedecomp Exit - MemInfo: [/proc/self/status]	VmSize:	   83564 kB
20220312 003147.866 INFO             PET0 PIOc_freedecomp Exit - MemInfo: [/proc/self/status]	VmLck:	       0 kB
20220312 003147.866 INFO             PET0 PIOc_freedecomp Exit - MemInfo: [/proc/self/status]	VmPin:	       0 kB
20220312 003147.866 INFO             PET0 PIOc_freedecomp Exit - MemInfo: [/proc/self/status]	VmHWM:	   18176 kB
20220312 003147.866 INFO             PET0 PIOc_freedecomp Exit - MemInfo: [/proc/self/status]	VmRSS:	   18176 kB
20220312 003147.866 INFO             PET0 PIOc_freedecomp Exit - MemInfo: [/proc/self/status]	VmData:	   17272 kB
20220312 003147.866 INFO             PET0 PIOc_freedecomp Exit - MemInfo: [/proc/self/status]	VmStk:	     164 kB
20220312 003147.866 INFO             PET0 PIOc_freedecomp Exit - MemInfo: [/proc/self/status]	VmExe:	   40732 kB
20220312 003147.866 INFO             PET0 PIOc_freedecomp Exit - MemInfo: [/proc/self/status]	VmLib:	    1952 kB
20220312 003147.866 INFO             PET0 PIOc_freedecomp Exit - MemInfo: [/proc/self/status]	VmPTE:	     172 kB
20220312 003147.866 INFO             PET0 PIOc_freedecomp Exit - MemInfo: [/proc/self/status]	VmPMD:	      12 kB
20220312 003147.866 INFO             PET0 PIOc_freedecomp Exit - MemInfo: [/proc/self/status]	VmSwap:	       0 kB
20220312 003147.866 INFO             PET0 PIOc_freedecomp Exit - MemInfo: [/proc/self/status]	VmRSSPercent: 0.0275997 %
20220312 003147.866 INFO             PET0 PIOc_freedecomp Exit - MemInfo: [malloc] Non-mmapped space allocated:                10111296 Byte
20220312 003147.866 INFO             PET0 PIOc_freedecomp Exit - MemInfo: [malloc] Space allocated in mmapped regions:          3219456 Byte
20220312 003147.866 INFO             PET0 PIOc_freedecomp Exit - MemInfo: [malloc] Maximum total allocated space:                     0 Byte
20220312 003147.866 INFO             PET0 PIOc_freedecomp Exit - MemInfo: [malloc] Space in freed fastbin blocks:                   544 Byte
20220312 003147.867 INFO             PET0 PIOc_freedecomp Exit - MemInfo: [malloc] Total allocated space:                       1017824 Byte
20220312 003147.867 INFO             PET0 PIOc_freedecomp Exit - MemInfo: [malloc] Total free space:                            9093472 Byte
20220312 003147.867 INFO             PET0 PIOc_freedecomp Exit - MemInfo: [malloc] Top-most, releasable space:                  9047440 Byte
20220312 003147.867 INFO             PET0 PIOc_freedecomp Exit - MemInfo: [malloc] Total space in use, mmap + non-mmap:         4237280 Byte
