build time -- 2022-03-12 23:48:17
20220313 003540.619 INFO             PET0 !!!!!!!!!!!!!!!!!!!!!!!!!!!!!!!!!!!!!!!!!!!!!!!!!!!!!!
20220313 003540.619 INFO             PET0 !!! THE ESMF_LOG IS SET TO OUTPUT ALL LOG MESSAGES !!!
20220313 003540.619 INFO             PET0 !!!     THIS MAY CAUSE SLOWDOWN IN PERFORMANCE     !!!
20220313 003540.619 INFO             PET0 !!! FOR PRODUCTION RUNS, USE:                      !!!
20220313 003540.619 INFO             PET0 !!!                   ESMF_LOGKIND_Multi_On_Error  !!!
20220313 003540.619 INFO             PET0 !!!!!!!!!!!!!!!!!!!!!!!!!!!!!!!!!!!!!!!!!!!!!!!!!!!!!!
20220313 003540.619 INFO             PET0 Running with ESMF Version   : v8.3.0b09-96-g559b459836
20220313 003540.619 INFO             PET0 ESMF library build date/time: "Mar 12 2022" "23:46:28"
20220313 003540.619 INFO             PET0 ESMF library build location : /lustre/f2/dev/ncep/Mark.Potts/gfortran_8.3.0_mpi_g_jedwards_pio_update2
20220313 003540.619 INFO             PET0 ESMF_COMM                   : mpi
20220313 003540.620 INFO             PET0 ESMF_MOAB                   : enabled
20220313 003540.620 INFO             PET0 ESMF_LAPACK                 : enabled
20220313 003540.620 INFO             PET0 ESMF_NETCDF                 : enabled
20220313 003540.620 INFO             PET0 ESMF_PNETCDF                : disabled
20220313 003540.620 INFO             PET0 ESMF_PIO                    : enabled
20220313 003540.620 INFO             PET0 ESMF_YAMLCPP                : enabled
20220313 003540.774 INFO             PET0  Beginning Test, file ESMF_RouteHandleAdvancedUTest.F90, line 346
20220313 003540.774 INFO             PET0  NUMBER_OF_PROCESSORS           4
20220313 003540.859 INFO             PET0 ESMF_FieldRedistStoreNF(): Just entered routine.
20220313 003541.458 INFO             PET0 ESMF_FieldRedistStoreNF(): Leaving routine.
20220313 003541.458 INFO             PET0  PASS  Create RouteHandle for the original petList, ESMF_RouteHandleAdvancedUTest.F90, line 511
20220313 003541.458 INFO             PET0  PASS  Test RouteHandleIsCreated(), ESMF_RouteHandleAdvancedUTest.F90, line 519
20220313 003541.458 INFO             PET0  PASS  Test RouteHandleIsCreated() return value, ESMF_RouteHandleAdvancedUTest.F90, line 526
20220313 003541.458 INFO             PET0  PASS  Test RouteHandleGet(), ESMF_RouteHandleAdvancedUTest.F90, line 534
20220313 003541.464 INFO             PET0  PASS  Test RouteHandleWrite(), ESMF_RouteHandleAdvancedUTest.F90, line 542
20220313 003541.464 INFO             PET0  PASS  Test RouteHandleDestroy(), ESMF_RouteHandleAdvancedUTest.F90, line 550
20220313 003541.467 INFO             PET0  PASS  Test RouteHandleCreate(from file), ESMF_RouteHandleAdvancedUTest.F90, line 558
20220313 003541.468 INFO             PET0  PASS  Apply the read in Routehandle, ESMF_RouteHandleAdvancedUTest.F90, line 567
20220313 003541.468 INFO             PET0  PASS  Test RouteHandleDestroy() for the read in Routehandle, ESMF_RouteHandleAdvancedUTest.F90, line 575
20220313 003541.468 INFO             PET0 ESMF_FieldRedistStoreNF(): Just entered routine.
20220313 003542.058 INFO             PET0 ESMF_FieldRedistStoreNF(): Leaving routine.
20220313 003542.058 INFO             PET0  PASS  Create RouteHandle for the original petList, ESMF_RouteHandleAdvancedUTest.F90, line 585
20220313 003542.058 INFO             PET0  PASS  Transfer RouteHandle to a different petList, ESMF_RouteHandleAdvancedUTest.F90, line 602
20220313 003542.071 INFO             PET0 PIOc_sync Enter - MemInfo: [/proc/meminfo - SSI]	MemTotal:       65855856 kB
20220313 003542.071 INFO             PET0 PIOc_sync Enter - MemInfo: [/proc/meminfo - SSI]	MemFree:        61213876 kB
20220313 003542.071 INFO             PET0 PIOc_sync Enter - MemInfo: [/proc/meminfo - SSI]	MemAvailable:   60992508 kB
20220313 003542.071 INFO             PET0 PIOc_sync Enter - MemInfo: [/proc/meminfo - SSI]	Committed_AS:    2899128 kB
20220313 003542.071 INFO             PET0 PIOc_sync Enter - MemInfo: [/proc/meminfo - SSI]	CommittedPercent: 4.40223 %
20220313 003542.071 INFO             PET0 PIOc_sync Enter - MemInfo: [/proc/self/status]	VmPeak:	  127096 kB
20220313 003542.071 INFO             PET0 PIOc_sync Enter - MemInfo: [/proc/self/status]	VmSize:	  127096 kB
20220313 003542.071 INFO             PET0 PIOc_sync Enter - MemInfo: [/proc/self/status]	VmLck:	       0 kB
20220313 003542.071 INFO             PET0 PIOc_sync Enter - MemInfo: [/proc/self/status]	VmPin:	       0 kB
20220313 003542.071 INFO             PET0 PIOc_sync Enter - MemInfo: [/proc/self/status]	VmHWM:	   28872 kB
20220313 003542.071 INFO             PET0 PIOc_sync Enter - MemInfo: [/proc/self/status]	VmRSS:	   28872 kB
20220313 003542.071 INFO             PET0 PIOc_sync Enter - MemInfo: [/proc/self/status]	VmData:	   29844 kB
20220313 003542.071 INFO             PET0 PIOc_sync Enter - MemInfo: [/proc/self/status]	VmStk:	     164 kB
20220313 003542.071 INFO             PET0 PIOc_sync Enter - MemInfo: [/proc/self/status]	VmExe:	   40960 kB
20220313 003542.071 INFO             PET0 PIOc_sync Enter - MemInfo: [/proc/self/status]	VmLib:	    1952 kB
20220313 003542.071 INFO             PET0 PIOc_sync Enter - MemInfo: [/proc/self/status]	VmPTE:	     228 kB
20220313 003542.071 INFO             PET0 PIOc_sync Enter - MemInfo: [/proc/self/status]	VmPMD:	      12 kB
20220313 003542.071 INFO             PET0 PIOc_sync Enter - MemInfo: [/proc/self/status]	VmSwap:	       0 kB
20220313 003542.071 INFO             PET0 PIOc_sync Enter - MemInfo: [/proc/self/status]	VmRSSPercent: 0.0438412 %
20220313 003542.071 INFO             PET0 PIOc_sync Enter - MemInfo: [malloc] Non-mmapped space allocated:                22427968 Byte
20220313 003542.071 INFO             PET0 PIOc_sync Enter - MemInfo: [malloc] Space allocated in mmapped regions:          3776512 Byte
20220313 003542.071 INFO             PET0 PIOc_sync Enter - MemInfo: [malloc] Maximum total allocated space:                     0 Byte
20220313 003542.071 INFO             PET0 PIOc_sync Enter - MemInfo: [malloc] Space in freed fastbin blocks:                     0 Byte
20220313 003542.071 INFO             PET0 PIOc_sync Enter - MemInfo: [malloc] Total allocated space:                      10886576 Byte
20220313 003542.071 INFO             PET0 PIOc_sync Enter - MemInfo: [malloc] Total free space:                           11541392 Byte
20220313 003542.071 INFO             PET0 PIOc_sync Enter - MemInfo: [malloc] Top-most, releasable space:                  6796416 Byte
20220313 003542.071 INFO             PET0 PIOc_sync Enter - MemInfo: [malloc] Total space in use, mmap + non-mmap:        14663088 Byte
20220313 003542.071 INFO             PET0 PIOc_sync Enter - MemInfo: [malloc] Total space held (mmap + non-mmap):         26204480 Byte
20220313 003542.071 INFO             PET0 PIOc_sync Enter - MemInfo: [malloc] Total space used (mmap + non-mmap):         14672624 Byte
20220313 003542.071 INFO             PET0 PIOc_sync Enter - MemInfo: Wall-clock time since execution start:                1.46635 seconds
20220313 003542.071 INFO             PET0 PIOc_sync Exit - MemInfo: [/proc/meminfo - SSI]	MemTotal:       65855856 kB
20220313 003542.071 INFO             PET0 PIOc_sync Exit - MemInfo: [/proc/meminfo - SSI]	MemFree:        61213876 kB
20220313 003542.071 INFO             PET0 PIOc_sync Exit - MemInfo: [/proc/meminfo - SSI]	MemAvailable:   60992508 kB
20220313 003542.071 INFO             PET0 PIOc_sync Exit - MemInfo: [/proc/meminfo - SSI]	Committed_AS:    2899128 kB
20220313 003542.071 INFO             PET0 PIOc_sync Exit - MemInfo: [/proc/meminfo - SSI]	CommittedPercent: 4.40223 %
20220313 003542.071 INFO             PET0 PIOc_sync Exit - MemInfo: [/proc/self/status]	VmPeak:	  127096 kB
20220313 003542.071 INFO             PET0 PIOc_sync Exit - MemInfo: [/proc/self/status]	VmSize:	  127096 kB
20220313 003542.071 INFO             PET0 PIOc_sync Exit - MemInfo: [/proc/self/status]	VmLck:	       0 kB
20220313 003542.071 INFO             PET0 PIOc_sync Exit - MemInfo: [/proc/self/status]	VmPin:	       0 kB
20220313 003542.071 INFO             PET0 PIOc_sync Exit - MemInfo: [/proc/self/status]	VmHWM:	   29116 kB
20220313 003542.072 INFO             PET0 PIOc_sync Exit - MemInfo: [/proc/self/status]	VmRSS:	   29116 kB
20220313 003542.072 INFO             PET0 PIOc_sync Exit - MemInfo: [/proc/self/status]	VmData:	   29844 kB
20220313 003542.072 INFO             PET0 PIOc_sync Exit - MemInfo: [/proc/self/status]	VmStk:	     164 kB
20220313 003542.072 INFO             PET0 PIOc_sync Exit - MemInfo: [/proc/self/status]	VmExe:	   40960 kB
20220313 003542.072 INFO             PET0 PIOc_sync Exit - MemInfo: [/proc/self/status]	VmLib:	    1952 kB
20220313 003542.072 INFO             PET0 PIOc_sync Exit - MemInfo: [/proc/self/status]	VmPTE:	     228 kB
20220313 003542.072 INFO             PET0 PIOc_sync Exit - MemInfo: [/proc/self/status]	VmPMD:	      12 kB
20220313 003542.072 INFO             PET0 PIOc_sync Exit - MemInfo: [/proc/self/status]	VmSwap:	       0 kB
20220313 003542.072 INFO             PET0 PIOc_sync Exit - MemInfo: [/proc/self/status]	VmRSSPercent: 0.0442117 %
20220313 003542.072 INFO             PET0 PIOc_sync Exit - MemInfo: [malloc] Non-mmapped space allocated:                22427968 Byte
20220313 003542.072 INFO             PET0 PIOc_sync Exit - MemInfo: [malloc] Space allocated in mmapped regions:          3776512 Byte
20220313 003542.072 INFO             PET0 PIOc_sync Exit - MemInfo: [malloc] Maximum total allocated space:                     0 Byte
20220313 003542.072 INFO             PET0 PIOc_sync Exit - MemInfo: [malloc] Space in freed fastbin blocks:                     0 Byte
20220313 003542.072 INFO             PET0 PIOc_sync Exit - MemInfo: [malloc] Total allocated space:                      11284112 Byte
20220313 003542.072 INFO             PET0 PIOc_sync Exit - MemInfo: [malloc] Total free space:                           11143856 Byte
20220313 003542.072 INFO             PET0 PIOc_sync Exit - MemInfo: [malloc] Top-most, releasable space:                  6796416 Byte
20220313 003542.072 INFO             PET0 PIOc_sync Exit - MemInfo: [malloc] Total space in use, mmap + non-mmap:        15060624 Byte
20220313 003542.072 INFO             PET0 PIOc_sync Exit - MemInfo: [malloc] Total space held (mmap + non-mmap):         26204480 Byte
20220313 003542.072 INFO             PET0 PIOc_sync Exit - MemInfo: [malloc] Total space used (mmap + non-mmap):         15069392 Byte
20220313 003542.072 INFO             PET0 PIOc_sync Exit - MemInfo: Wall-clock time since execution start:                1.46698 seconds
20220313 003542.072 INFO             PET0 PIOc_freedecomp Enter - MemInfo: [/proc/meminfo - SSI]	MemTotal:       65855856 kB
20220313 003542.072 INFO             PET0 PIOc_freedecomp Enter - MemInfo: [/proc/meminfo - SSI]	MemFree:        61213876 kB
20220313 003542.072 INFO             PET0 PIOc_freedecomp Enter - MemInfo: [/proc/meminfo - SSI]	MemAvailable:   60992508 kB
20220313 003542.072 INFO             PET0 PIOc_freedecomp Enter - MemInfo: [/proc/meminfo - SSI]	Committed_AS:    2899128 kB
20220313 003542.072 INFO             PET0 PIOc_freedecomp Enter - MemInfo: [/proc/meminfo - SSI]	CommittedPercent: 4.40223 %
20220313 003542.072 INFO             PET0 PIOc_freedecomp Enter - MemInfo: [/proc/self/status]	VmPeak:	  127096 kB
20220313 003542.072 INFO             PET0 PIOc_freedecomp Enter - MemInfo: [/proc/self/status]	VmSize:	  127096 kB
20220313 003542.072 INFO             PET0 PIOc_freedecomp Enter - MemInfo: [/proc/self/status]	VmLck:	       0 kB
20220313 003542.072 INFO             PET0 PIOc_freedecomp Enter - MemInfo: [/proc/self/status]	VmPin:	       0 kB
20220313 003542.072 INFO             PET0 PIOc_freedecomp Enter - MemInfo: [/proc/self/status]	VmHWM:	   29116 kB
20220313 003542.072 INFO             PET0 PIOc_freedecomp Enter - MemInfo: [/proc/self/status]	VmRSS:	   29116 kB
20220313 003542.072 INFO             PET0 PIOc_freedecomp Enter - MemInfo: [/proc/self/status]	VmData:	   29844 kB
20220313 003542.072 INFO             PET0 PIOc_freedecomp Enter - MemInfo: [/proc/self/status]	VmStk:	     164 kB
20220313 003542.072 INFO             PET0 PIOc_freedecomp Enter - MemInfo: [/proc/self/status]	VmExe:	   40960 kB
20220313 003542.072 INFO             PET0 PIOc_freedecomp Enter - MemInfo: [/proc/self/status]	VmLib:	    1952 kB
20220313 003542.072 INFO             PET0 PIOc_freedecomp Enter - MemInfo: [/proc/self/status]	VmPTE:	     228 kB
20220313 003542.072 INFO             PET0 PIOc_freedecomp Enter - MemInfo: [/proc/self/status]	VmPMD:	      12 kB
20220313 003542.072 INFO             PET0 PIOc_freedecomp Enter - MemInfo: [/proc/self/status]	VmSwap:	       0 kB
20220313 003542.072 INFO             PET0 PIOc_freedecomp Enter - MemInfo: [/proc/self/status]	VmRSSPercent: 0.0442117 %
20220313 003542.072 INFO             PET0 PIOc_freedecomp Enter - MemInfo: [malloc] Non-mmapped space allocated:                22427968 Byte
20220313 003542.072 INFO             PET0 PIOc_freedecomp Enter - MemInfo: [malloc] Space allocated in mmapped regions:          3776512 Byte
20220313 003542.072 INFO             PET0 PIOc_freedecomp Enter - MemInfo: [malloc] Maximum total allocated space:                     0 Byte
20220313 003542.072 INFO             PET0 PIOc_freedecomp Enter - MemInfo: [malloc] Space in freed fastbin blocks:                   192 Byte
20220313 003542.072 INFO             PET0 PIOc_freedecomp Enter - MemInfo: [malloc] Total allocated space:                       2361072 Byte
20220313 003542.072 INFO             PET0 PIOc_freedecomp Enter - MemInfo: [malloc] Total free space:                           20066896 Byte
20220313 003542.072 INFO             PET0 PIOc_freedecomp Enter - MemInfo: [malloc] Top-most, releasable space:                 15185040 Byte
20220313 003542.072 INFO             PET0 PIOc_freedecomp Enter - MemInfo: [malloc] Total space in use, mmap + non-mmap:         6137584 Byte
20220313 003542.072 INFO             PET0 PIOc_freedecomp Enter - MemInfo: [malloc] Total space held (mmap + non-mmap):         26204480 Byte
20220313 003542.072 INFO             PET0 PIOc_freedecomp Enter - MemInfo: [malloc] Total space used (mmap + non-mmap):          6146016 Byte
20220313 003542.072 INFO             PET0 PIOc_freedecomp Enter - MemInfo: Wall-clock time since execution start:                1.46763 seconds
20220313 003542.072 INFO             PET0 PIOc_freedecomp Exit - MemInfo: [/proc/meminfo - SSI]	MemTotal:       65855856 kB
20220313 003542.072 INFO             PET0 PIOc_freedecomp Exit - MemInfo: [/proc/meminfo - SSI]	MemFree:        61213876 kB
20220313 003542.072 INFO             PET0 PIOc_freedecomp Exit - MemInfo: [/proc/meminfo - SSI]	MemAvailable:   60992508 kB
20220313 003542.073 INFO             PET0 PIOc_freedecomp Exit - MemInfo: [/proc/meminfo - SSI]	Committed_AS:    2899128 kB
20220313 003542.073 INFO             PET0 PIOc_freedecomp Exit - MemInfo: [/proc/meminfo - SSI]	CommittedPercent: 4.40223 %
20220313 003542.073 INFO             PET0 PIOc_freedecomp Exit - MemInfo: [/proc/self/status]	VmPeak:	  127096 kB
20220313 003542.073 INFO             PET0 PIOc_freedecomp Exit - MemInfo: [/proc/self/status]	VmSize:	  127096 kB
20220313 003542.073 INFO             PET0 PIOc_freedecomp Exit - MemInfo: [/proc/self/status]	VmLck:	       0 kB
20220313 003542.073 INFO             PET0 PIOc_freedecomp Exit - MemInfo: [/proc/self/status]	VmPin:	       0 kB
20220313 003542.073 INFO             PET0 PIOc_freedecomp Exit - MemInfo: [/proc/self/status]	VmHWM:	   29116 kB
20220313 003542.073 INFO             PET0 PIOc_freedecomp Exit - MemInfo: [/proc/self/status]	VmRSS:	   29116 kB
20220313 003542.073 INFO             PET0 PIOc_freedecomp Exit - MemInfo: [/proc/self/status]	VmData:	   29844 kB
20220313 003542.073 INFO             PET0 PIOc_freedecomp Exit - MemInfo: [/proc/self/status]	VmStk:	     164 kB
20220313 003542.073 INFO             PET0 PIOc_freedecomp Exit - MemInfo: [/proc/self/status]	VmExe:	   40960 kB
20220313 003542.073 INFO             PET0 PIOc_freedecomp Exit - MemInfo: [/proc/self/status]	VmLib:	    1952 kB
20220313 003542.073 INFO             PET0 PIOc_freedecomp Exit - MemInfo: [/proc/self/status]	VmPTE:	     228 kB
20220313 003542.073 INFO             PET0 PIOc_freedecomp Exit - MemInfo: [/proc/self/status]	VmPMD:	      12 kB
20220313 003542.073 INFO             PET0 PIOc_freedecomp Exit - MemInfo: [/proc/self/status]	VmSwap:	       0 kB
20220313 003542.073 INFO             PET0 PIOc_freedecomp Exit - MemInfo: [/proc/self/status]	VmRSSPercent: 0.0442117 %
20220313 003542.073 INFO             PET0 PIOc_freedecomp Exit - MemInfo: [malloc] Non-mmapped space allocated:                22427968 Byte
20220313 003542.073 INFO             PET0 PIOc_freedecomp Exit - MemInfo: [malloc] Space allocated in mmapped regions:          3776512 Byte
20220313 003542.073 INFO             PET0 PIOc_freedecomp Exit - MemInfo: [malloc] Maximum total allocated space:                     0 Byte
20220313 003542.073 INFO             PET0 PIOc_freedecomp Exit - MemInfo: [malloc] Space in freed fastbin blocks:                  1056 Byte
20220313 003542.073 INFO             PET0 PIOc_freedecomp Exit - MemInfo: [malloc] Total allocated space:                       2360464 Byte
20220313 003542.073 INFO             PET0 PIOc_freedecomp Exit - MemInfo: [malloc] Total free space:                           20067504 Byte
20220313 003542.073 INFO             PET0 PIOc_freedecomp Exit - MemInfo: [malloc] Top-most, releasable space:                 15185040 Byte
20220313 003542.073 INFO             PET0 PIOc_freedecomp Exit - MemInfo: [malloc] Total space in use, mmap + non-mmap:         6136976 Byte
20220313 003542.073 INFO             PET0 PIOc_freedecomp Exit - MemInfo: [malloc] Total space held (mmap + non-mmap):         26204480 Byte
20220313 003542.073 INFO             PET0 PIOc_freedecomp Exit - MemInfo: [malloc] Total space used (mmap + non-mmap):          6145184 Byte
20220313 003542.073 INFO             PET0 PIOc_freedecomp Exit - MemInfo: Wall-clock time since execution start:                 1.4681 seconds
20220313 003542.074 INFO             PET0 PIOc_sync Enter - MemInfo: [/proc/meminfo - SSI]	MemTotal:       65855856 kB
20220313 003542.074 INFO             PET0 PIOc_sync Enter - MemInfo: [/proc/meminfo - SSI]	MemFree:        61213876 kB
20220313 003542.074 INFO             PET0 PIOc_sync Enter - MemInfo: [/proc/meminfo - SSI]	MemAvailable:   60992508 kB
20220313 003542.074 INFO             PET0 PIOc_sync Enter - MemInfo: [/proc/meminfo - SSI]	Committed_AS:    2899128 kB
20220313 003542.074 INFO             PET0 PIOc_sync Enter - MemInfo: [/proc/meminfo - SSI]	CommittedPercent: 4.40223 %
20220313 003542.075 INFO             PET0 PIOc_sync Enter - MemInfo: [/proc/self/status]	VmPeak:	  127096 kB
20220313 003542.075 INFO             PET0 PIOc_sync Enter - MemInfo: [/proc/self/status]	VmSize:	  127072 kB
20220313 003542.075 INFO             PET0 PIOc_sync Enter - MemInfo: [/proc/self/status]	VmLck:	       0 kB
20220313 003542.075 INFO             PET0 PIOc_sync Enter - MemInfo: [/proc/self/status]	VmPin:	       0 kB
20220313 003542.075 INFO             PET0 PIOc_sync Enter - MemInfo: [/proc/self/status]	VmHWM:	   29128 kB
20220313 003542.075 INFO             PET0 PIOc_sync Enter - MemInfo: [/proc/self/status]	VmRSS:	   29116 kB
20220313 003542.075 INFO             PET0 PIOc_sync Enter - MemInfo: [/proc/self/status]	VmData:	   29844 kB
20220313 003542.075 INFO             PET0 PIOc_sync Enter - MemInfo: [/proc/self/status]	VmStk:	     164 kB
20220313 003542.075 INFO             PET0 PIOc_sync Enter - MemInfo: [/proc/self/status]	VmExe:	   40960 kB
20220313 003542.075 INFO             PET0 PIOc_sync Enter - MemInfo: [/proc/self/status]	VmLib:	    1952 kB
20220313 003542.075 INFO             PET0 PIOc_sync Enter - MemInfo: [/proc/self/status]	VmPTE:	     228 kB
20220313 003542.075 INFO             PET0 PIOc_sync Enter - MemInfo: [/proc/self/status]	VmPMD:	      12 kB
20220313 003542.075 INFO             PET0 PIOc_sync Enter - MemInfo: [/proc/self/status]	VmSwap:	       0 kB
20220313 003542.075 INFO             PET0 PIOc_sync Enter - MemInfo: [/proc/self/status]	VmRSSPercent: 0.0442117 %
20220313 003542.075 INFO             PET0 PIOc_sync Enter - MemInfo: [malloc] Non-mmapped space allocated:                22427968 Byte
20220313 003542.075 INFO             PET0 PIOc_sync Enter - MemInfo: [malloc] Space allocated in mmapped regions:          3776512 Byte
20220313 003542.075 INFO             PET0 PIOc_sync Enter - MemInfo: [malloc] Maximum total allocated space:                     0 Byte
20220313 003542.075 INFO             PET0 PIOc_sync Enter - MemInfo: [malloc] Space in freed fastbin blocks:                   464 Byte
20220313 003542.075 INFO             PET0 PIOc_sync Enter - MemInfo: [malloc] Total allocated space:                      11286656 Byte
20220313 003542.075 INFO             PET0 PIOc_sync Enter - MemInfo: [malloc] Total free space:                           11141312 Byte
20220313 003542.075 INFO             PET0 PIOc_sync Enter - MemInfo: [malloc] Top-most, releasable space:                  6796416 Byte
20220313 003542.075 INFO             PET0 PIOc_sync Enter - MemInfo: [malloc] Total space in use, mmap + non-mmap:        15063168 Byte
20220313 003542.075 INFO             PET0 PIOc_sync Enter - MemInfo: [malloc] Total space held (mmap + non-mmap):         26204480 Byte
20220313 003542.075 INFO             PET0 PIOc_sync Enter - MemInfo: [malloc] Total space used (mmap + non-mmap):         15071824 Byte
20220313 003542.075 INFO             PET0 PIOc_sync Enter - MemInfo: Wall-clock time since execution start:                1.47007 seconds
20220313 003542.075 INFO             PET0 PIOc_sync Exit - MemInfo: [/proc/meminfo - SSI]	MemTotal:       65855856 kB
20220313 003542.075 INFO             PET0 PIOc_sync Exit - MemInfo: [/proc/meminfo - SSI]	MemFree:        61213876 kB
20220313 003542.075 INFO             PET0 PIOc_sync Exit - MemInfo: [/proc/meminfo - SSI]	MemAvailable:   60992508 kB
20220313 003542.075 INFO             PET0 PIOc_sync Exit - MemInfo: [/proc/meminfo - SSI]	Committed_AS:    2899128 kB
20220313 003542.075 INFO             PET0 PIOc_sync Exit - MemInfo: [/proc/meminfo - SSI]	CommittedPercent: 4.40223 %
20220313 003542.075 INFO             PET0 PIOc_sync Exit - MemInfo: [/proc/self/status]	VmPeak:	  127096 kB
20220313 003542.075 INFO             PET0 PIOc_sync Exit - MemInfo: [/proc/self/status]	VmSize:	  127072 kB
20220313 003542.075 INFO             PET0 PIOc_sync Exit - MemInfo: [/proc/self/status]	VmLck:	       0 kB
20220313 003542.075 INFO             PET0 PIOc_sync Exit - MemInfo: [/proc/self/status]	VmPin:	       0 kB
20220313 003542.075 INFO             PET0 PIOc_sync Exit - MemInfo: [/proc/self/status]	VmHWM:	   29128 kB
20220313 003542.075 INFO             PET0 PIOc_sync Exit - MemInfo: [/proc/self/status]	VmRSS:	   29116 kB
20220313 003542.075 INFO             PET0 PIOc_sync Exit - MemInfo: [/proc/self/status]	VmData:	   29844 kB
20220313 003542.075 INFO             PET0 PIOc_sync Exit - MemInfo: [/proc/self/status]	VmStk:	     164 kB
20220313 003542.075 INFO             PET0 PIOc_sync Exit - MemInfo: [/proc/self/status]	VmExe:	   40960 kB
20220313 003542.075 INFO             PET0 PIOc_sync Exit - MemInfo: [/proc/self/status]	VmLib:	    1952 kB
20220313 003542.075 INFO             PET0 PIOc_sync Exit - MemInfo: [/proc/self/status]	VmPTE:	     228 kB
20220313 003542.075 INFO             PET0 PIOc_sync Exit - MemInfo: [/proc/self/status]	VmPMD:	      12 kB
20220313 003542.075 INFO             PET0 PIOc_sync Exit - MemInfo: [/proc/self/status]	VmSwap:	       0 kB
20220313 003542.075 INFO             PET0 PIOc_sync Exit - MemInfo: [/proc/self/status]	VmRSSPercent: 0.0442117 %
20220313 003542.075 INFO             PET0 PIOc_sync Exit - MemInfo: [malloc] Non-mmapped space allocated:                22427968 Byte
20220313 003542.075 INFO             PET0 PIOc_sync Exit - MemInfo: [malloc] Space allocated in mmapped regions:          3776512 Byte
20220313 003542.075 INFO             PET0 PIOc_sync Exit - MemInfo: [malloc] Maximum total allocated space:                     0 Byte
20220313 003542.075 INFO             PET0 PIOc_sync Exit - MemInfo: [malloc] Space in freed fastbin blocks:                     0 Byte
20220313 003542.075 INFO             PET0 PIOc_sync Exit - MemInfo: [malloc] Total allocated space:                      11287936 Byte
20220313 003542.075 INFO             PET0 PIOc_sync Exit - MemInfo: [malloc] Total free space:                           11140032 Byte
20220313 003542.075 INFO             PET0 PIOc_sync Exit - MemInfo: [malloc] Top-most, releasable space:                  6796416 Byte
20220313 003542.075 INFO             PET0 PIOc_sync Exit - MemInfo: [malloc] Total space in use, mmap + non-mmap:        15064448 Byte
20220313 003542.075 INFO             PET0 PIOc_sync Exit - MemInfo: [malloc] Total space held (mmap + non-mmap):         26204480 Byte
20220313 003542.075 INFO             PET0 PIOc_sync Exit - MemInfo: [malloc] Total space used (mmap + non-mmap):         15073216 Byte
20220313 003542.075 INFO             PET0 PIOc_sync Exit - MemInfo: Wall-clock time since execution start:                1.47058 seconds
20220313 003542.076 INFO             PET0 PIOc_freedecomp Enter - MemInfo: [/proc/meminfo - SSI]	MemTotal:       65855856 kB
20220313 003542.076 INFO             PET0 PIOc_freedecomp Enter - MemInfo: [/proc/meminfo - SSI]	MemFree:        61213876 kB
20220313 003542.076 INFO             PET0 PIOc_freedecomp Enter - MemInfo: [/proc/meminfo - SSI]	MemAvailable:   60992508 kB
20220313 003542.076 INFO             PET0 PIOc_freedecomp Enter - MemInfo: [/proc/meminfo - SSI]	Committed_AS:    2899128 kB
20220313 003542.076 INFO             PET0 PIOc_freedecomp Enter - MemInfo: [/proc/meminfo - SSI]	CommittedPercent: 4.40223 %
20220313 003542.076 INFO             PET0 PIOc_freedecomp Enter - MemInfo: [/proc/self/status]	VmPeak:	  127096 kB
20220313 003542.076 INFO             PET0 PIOc_freedecomp Enter - MemInfo: [/proc/self/status]	VmSize:	  127072 kB
20220313 003542.076 INFO             PET0 PIOc_freedecomp Enter - MemInfo: [/proc/self/status]	VmLck:	       0 kB
20220313 003542.076 INFO             PET0 PIOc_freedecomp Enter - MemInfo: [/proc/self/status]	VmPin:	       0 kB
20220313 003542.076 INFO             PET0 PIOc_freedecomp Enter - MemInfo: [/proc/self/status]	VmHWM:	   29128 kB
20220313 003542.076 INFO             PET0 PIOc_freedecomp Enter - MemInfo: [/proc/self/status]	VmRSS:	   29116 kB
20220313 003542.076 INFO             PET0 PIOc_freedecomp Enter - MemInfo: [/proc/self/status]	VmData:	   29844 kB
20220313 003542.076 INFO             PET0 PIOc_freedecomp Enter - MemInfo: [/proc/self/status]	VmStk:	     164 kB
20220313 003542.076 INFO             PET0 PIOc_freedecomp Enter - MemInfo: [/proc/self/status]	VmExe:	   40960 kB
20220313 003542.076 INFO             PET0 PIOc_freedecomp Enter - MemInfo: [/proc/self/status]	VmLib:	    1952 kB
20220313 003542.076 INFO             PET0 PIOc_freedecomp Enter - MemInfo: [/proc/self/status]	VmPTE:	     228 kB
20220313 003542.076 INFO             PET0 PIOc_freedecomp Enter - MemInfo: [/proc/self/status]	VmPMD:	      12 kB
20220313 003542.076 INFO             PET0 PIOc_freedecomp Enter - MemInfo: [/proc/self/status]	VmSwap:	       0 kB
20220313 003542.076 INFO             PET0 PIOc_freedecomp Enter - MemInfo: [/proc/self/status]	VmRSSPercent: 0.0442117 %
20220313 003542.076 INFO             PET0 PIOc_freedecomp Enter - MemInfo: [malloc] Non-mmapped space allocated:                22427968 Byte
20220313 003542.076 INFO             PET0 PIOc_freedecomp Enter - MemInfo: [malloc] Space allocated in mmapped regions:          3776512 Byte
20220313 003542.076 INFO             PET0 PIOc_freedecomp Enter - MemInfo: [malloc] Maximum total allocated space:                     0 Byte
20220313 003542.076 INFO             PET0 PIOc_freedecomp Enter - MemInfo: [malloc] Space in freed fastbin blocks:                   272 Byte
20220313 003542.076 INFO             PET0 PIOc_freedecomp Enter - MemInfo: [malloc] Total allocated space:                       2364208 Byte
20220313 003542.076 INFO             PET0 PIOc_freedecomp Enter - MemInfo: [malloc] Total free space:                           20063760 Byte
20220313 003542.076 INFO             PET0 PIOc_freedecomp Enter - MemInfo: [malloc] Top-most, releasable space:                 15185040 Byte
20220313 003542.076 INFO             PET0 PIOc_freedecomp Enter - MemInfo: [malloc] Total space in use, mmap + non-mmap:         6140720 Byte
20220313 003542.076 INFO             PET0 PIOc_freedecomp Enter - MemInfo: [malloc] Total space held (mmap + non-mmap):         26204480 Byte
20220313 003542.076 INFO             PET0 PIOc_freedecomp Enter - MemInfo: [malloc] Total space used (mmap + non-mmap):          6148928 Byte
20220313 003542.076 INFO             PET0 PIOc_freedecomp Enter - MemInfo: Wall-clock time since execution start:                1.47119 seconds
20220313 003542.076 INFO             PET0 PIOc_freedecomp Exit - MemInfo: [/proc/meminfo - SSI]	MemTotal:       65855856 kB
20220313 003542.076 INFO             PET0 PIOc_freedecomp Exit - MemInfo: [/proc/meminfo - SSI]	MemFree:        61213876 kB
20220313 003542.076 INFO             PET0 PIOc_freedecomp Exit - MemInfo: [/proc/meminfo - SSI]	MemAvailable:   60992508 kB
20220313 003542.076 INFO             PET0 PIOc_freedecomp Exit - MemInfo: [/proc/meminfo - SSI]	Committed_AS:    2899128 kB
20220313 003542.076 INFO             PET0 PIOc_freedecomp Exit - MemInfo: [/proc/meminfo - SSI]	CommittedPercent: 4.40223 %
20220313 003542.076 INFO             PET0 PIOc_freedecomp Exit - MemInfo: [/proc/self/status]	VmPeak:	  127096 kB
20220313 003542.076 INFO             PET0 PIOc_freedecomp Exit - MemInfo: [/proc/self/status]	VmSize:	  127072 kB
20220313 003542.076 INFO             PET0 PIOc_freedecomp Exit - MemInfo: [/proc/self/status]	VmLck:	       0 kB
20220313 003542.076 INFO             PET0 PIOc_freedecomp Exit - MemInfo: [/proc/self/status]	VmPin:	       0 kB
20220313 003542.076 INFO             PET0 PIOc_freedecomp Exit - MemInfo: [/proc/self/status]	VmHWM:	   29128 kB
20220313 003542.076 INFO             PET0 PIOc_freedecomp Exit - MemInfo: [/proc/self/status]	VmRSS:	   29116 kB
20220313 003542.076 INFO             PET0 PIOc_freedecomp Exit - MemInfo: [/proc/self/status]	VmData:	   29844 kB
20220313 003542.076 INFO             PET0 PIOc_freedecomp Exit - MemInfo: [/proc/self/status]	VmStk:	     164 kB
20220313 003542.076 INFO             PET0 PIOc_freedecomp Exit - MemInfo: [/proc/self/status]	VmExe:	   40960 kB
20220313 003542.076 INFO             PET0 PIOc_freedecomp Exit - MemInfo: [/proc/self/status]	VmLib:	    1952 kB
20220313 003542.076 INFO             PET0 PIOc_freedecomp Exit - MemInfo: [/proc/self/status]	VmPTE:	     228 kB
20220313 003542.076 INFO             PET0 PIOc_freedecomp Exit - MemInfo: [/proc/self/status]	VmPMD:	      12 kB
20220313 003542.076 INFO             PET0 PIOc_freedecomp Exit - MemInfo: [/proc/self/status]	VmSwap:	       0 kB
20220313 003542.076 INFO             PET0 PIOc_freedecomp Exit - MemInfo: [/proc/self/status]	VmRSSPercent: 0.0442117 %
20220313 003542.076 INFO             PET0 PIOc_freedecomp Exit - MemInfo: [malloc] Non-mmapped space allocated:                22427968 Byte
20220313 003542.076 INFO             PET0 PIOc_freedecomp Exit - MemInfo: [malloc] Space allocated in mmapped regions:          3776512 Byte
20220313 003542.076 INFO             PET0 PIOc_freedecomp Exit - MemInfo: [malloc] Maximum total allocated space:                     0 Byte
20220313 003542.076 INFO             PET0 PIOc_freedecomp Exit - MemInfo: [malloc] Space in freed fastbin blocks:                  1792 Byte
20220313 003542.076 INFO             PET0 PIOc_freedecomp Exit - MemInfo: [malloc] Total allocated space:                       2362272 Byte
20220313 003542.076 INFO             PET0 PIOc_freedecomp Exit - MemInfo: [malloc] Total free space:                           20065696 Byte
20220313 003542.076 INFO             PET0 PIOc_freedecomp Exit - MemInfo: [malloc] Top-most, releasable space:                 15185040 Byte
20220313 003542.076 INFO             PET0 PIOc_freedecomp Exit - MemInfo: [malloc] Total space in use, mmap + non-mmap:         6138784 Byte
20220313 003542.076 INFO             PET0 PIOc_freedecomp Exit - MemInfo: [malloc] Total space held (mmap + non-mmap):         26204480 Byte
20220313 003542.076 INFO             PET0 PIOc_freedecomp Exit - MemInfo: [malloc] Total space used (mmap + non-mmap):          6146992 Byte
20220313 003542.076 INFO             PET0 PIOc_freedecomp Exit - MemInfo: Wall-clock time since execution start:                1.47163 seconds
20220313 003542.078 INFO             PET0 PIOc_sync Enter - MemInfo: [/proc/meminfo - SSI]	MemTotal:       65855856 kB
20220313 003542.078 INFO             PET0 PIOc_sync Enter - MemInfo: [/proc/meminfo - SSI]	MemFree:        61213876 kB
20220313 003542.078 INFO             PET0 PIOc_sync Enter - MemInfo: [/proc/meminfo - SSI]	MemAvailable:   60992508 kB
20220313 003542.078 INFO             PET0 PIOc_sync Enter - MemInfo: [/proc/meminfo - SSI]	Committed_AS:    2899128 kB
20220313 003542.078 INFO             PET0 PIOc_sync Enter - MemInfo: [/proc/meminfo - SSI]	CommittedPercent: 4.40223 %
20220313 003542.078 INFO             PET0 PIOc_sync Enter - MemInfo: [/proc/self/status]	VmPeak:	  127096 kB
20220313 003542.078 INFO             PET0 PIOc_sync Enter - MemInfo: [/proc/self/status]	VmSize:	  127072 kB
20220313 003542.078 INFO             PET0 PIOc_sync Enter - MemInfo: [/proc/self/status]	VmLck:	       0 kB
20220313 003542.078 INFO             PET0 PIOc_sync Enter - MemInfo: [/proc/self/status]	VmPin:	       0 kB
20220313 003542.078 INFO             PET0 PIOc_sync Enter - MemInfo: [/proc/self/status]	VmHWM:	   29128 kB
20220313 003542.078 INFO             PET0 PIOc_sync Enter - MemInfo: [/proc/self/status]	VmRSS:	   29116 kB
20220313 003542.078 INFO             PET0 PIOc_sync Enter - MemInfo: [/proc/self/status]	VmData:	   29844 kB
20220313 003542.078 INFO             PET0 PIOc_sync Enter - MemInfo: [/proc/self/status]	VmStk:	     164 kB
20220313 003542.078 INFO             PET0 PIOc_sync Enter - MemInfo: [/proc/self/status]	VmExe:	   40960 kB
20220313 003542.078 INFO             PET0 PIOc_sync Enter - MemInfo: [/proc/self/status]	VmLib:	    1952 kB
20220313 003542.078 INFO             PET0 PIOc_sync Enter - MemInfo: [/proc/self/status]	VmPTE:	     228 kB
20220313 003542.078 INFO             PET0 PIOc_sync Enter - MemInfo: [/proc/self/status]	VmPMD:	      12 kB
20220313 003542.078 INFO             PET0 PIOc_sync Enter - MemInfo: [/proc/self/status]	VmSwap:	       0 kB
20220313 003542.078 INFO             PET0 PIOc_sync Enter - MemInfo: [/proc/self/status]	VmRSSPercent: 0.0442117 %
20220313 003542.078 INFO             PET0 PIOc_sync Enter - MemInfo: [malloc] Non-mmapped space allocated:                22427968 Byte
20220313 003542.078 INFO             PET0 PIOc_sync Enter - MemInfo: [malloc] Space allocated in mmapped regions:          3776512 Byte
20220313 003542.078 INFO             PET0 PIOc_sync Enter - MemInfo: [malloc] Maximum total allocated space:                     0 Byte
20220313 003542.078 INFO             PET0 PIOc_sync Enter - MemInfo: [malloc] Space in freed fastbin blocks:                   960 Byte
20220313 003542.078 INFO             PET0 PIOc_sync Enter - MemInfo: [malloc] Total allocated space:                      11289488 Byte
20220313 003542.078 INFO             PET0 PIOc_sync Enter - MemInfo: [malloc] Total free space:                           11138480 Byte
20220313 003542.078 INFO             PET0 PIOc_sync Enter - MemInfo: [malloc] Top-most, releasable space:                  6796416 Byte
20220313 003542.078 INFO             PET0 PIOc_sync Enter - MemInfo: [malloc] Total space in use, mmap + non-mmap:        15066000 Byte
20220313 003542.078 INFO             PET0 PIOc_sync Enter - MemInfo: [malloc] Total space held (mmap + non-mmap):         26204480 Byte
20220313 003542.078 INFO             PET0 PIOc_sync Enter - MemInfo: [malloc] Total space used (mmap + non-mmap):         15074432 Byte
20220313 003542.078 INFO             PET0 PIOc_sync Enter - MemInfo: Wall-clock time since execution start:                1.47367 seconds
20220313 003542.079 INFO             PET0 PIOc_sync Exit - MemInfo: [/proc/meminfo - SSI]	MemTotal:       65855856 kB
20220313 003542.079 INFO             PET0 PIOc_sync Exit - MemInfo: [/proc/meminfo - SSI]	MemFree:        61213876 kB
20220313 003542.079 INFO             PET0 PIOc_sync Exit - MemInfo: [/proc/meminfo - SSI]	MemAvailable:   60992508 kB
20220313 003542.079 INFO             PET0 PIOc_sync Exit - MemInfo: [/proc/meminfo - SSI]	Committed_AS:    2899128 kB
20220313 003542.079 INFO             PET0 PIOc_sync Exit - MemInfo: [/proc/meminfo - SSI]	CommittedPercent: 4.40223 %
20220313 003542.079 INFO             PET0 PIOc_sync Exit - MemInfo: [/proc/self/status]	VmPeak:	  127096 kB
20220313 003542.079 INFO             PET0 PIOc_sync Exit - MemInfo: [/proc/self/status]	VmSize:	  127072 kB
20220313 003542.079 INFO             PET0 PIOc_sync Exit - MemInfo: [/proc/self/status]	VmLck:	       0 kB
20220313 003542.079 INFO             PET0 PIOc_sync Exit - MemInfo: [/proc/self/status]	VmPin:	       0 kB
20220313 003542.079 INFO             PET0 PIOc_sync Exit - MemInfo: [/proc/self/status]	VmHWM:	   29128 kB
20220313 003542.079 INFO             PET0 PIOc_sync Exit - MemInfo: [/proc/self/status]	VmRSS:	   29116 kB
20220313 003542.079 INFO             PET0 PIOc_sync Exit - MemInfo: [/proc/self/status]	VmData:	   29844 kB
20220313 003542.079 INFO             PET0 PIOc_sync Exit - MemInfo: [/proc/self/status]	VmStk:	     164 kB
20220313 003542.079 INFO             PET0 PIOc_sync Exit - MemInfo: [/proc/self/status]	VmExe:	   40960 kB
20220313 003542.079 INFO             PET0 PIOc_sync Exit - MemInfo: [/proc/self/status]	VmLib:	    1952 kB
20220313 003542.079 INFO             PET0 PIOc_sync Exit - MemInfo: [/proc/self/status]	VmPTE:	     228 kB
20220313 003542.079 INFO             PET0 PIOc_sync Exit - MemInfo: [/proc/self/status]	VmPMD:	      12 kB
20220313 003542.079 INFO             PET0 PIOc_sync Exit - MemInfo: [/proc/self/status]	VmSwap:	       0 kB
20220313 003542.079 INFO             PET0 PIOc_sync Exit - MemInfo: [/proc/self/status]	VmRSSPercent: 0.0442117 %
20220313 003542.079 INFO             PET0 PIOc_sync Exit - MemInfo: [malloc] Non-mmapped space allocated:                22427968 Byte
20220313 003542.079 INFO             PET0 PIOc_sync Exit - MemInfo: [malloc] Space allocated in mmapped regions:          3776512 Byte
20220313 003542.079 INFO             PET0 PIOc_sync Exit - MemInfo: [malloc] Maximum total allocated space:                     0 Byte
20220313 003542.079 INFO             PET0 PIOc_sync Exit - MemInfo: [malloc] Space in freed fastbin blocks:                    32 Byte
20220313 003542.079 INFO             PET0 PIOc_sync Exit - MemInfo: [malloc] Total allocated space:                      11290240 Byte
20220313 003542.079 INFO             PET0 PIOc_sync Exit - MemInfo: [malloc] Total free space:                           11137728 Byte
20220313 003542.079 INFO             PET0 PIOc_sync Exit - MemInfo: [malloc] Top-most, releasable space:                  6796416 Byte
20220313 003542.079 INFO             PET0 PIOc_sync Exit - MemInfo: [malloc] Total space in use, mmap + non-mmap:        15066752 Byte
20220313 003542.079 INFO             PET0 PIOc_sync Exit - MemInfo: [malloc] Total space held (mmap + non-mmap):         26204480 Byte
20220313 003542.079 INFO             PET0 PIOc_sync Exit - MemInfo: [malloc] Total space used (mmap + non-mmap):         15075520 Byte
20220313 003542.079 INFO             PET0 PIOc_sync Exit - MemInfo: Wall-clock time since execution start:                1.47421 seconds
20220313 003542.079 INFO             PET0 PIOc_freedecomp Enter - MemInfo: [/proc/meminfo - SSI]	MemTotal:       65855856 kB
20220313 003542.079 INFO             PET0 PIOc_freedecomp Enter - MemInfo: [/proc/meminfo - SSI]	MemFree:        61213876 kB
20220313 003542.079 INFO             PET0 PIOc_freedecomp Enter - MemInfo: [/proc/meminfo - SSI]	MemAvailable:   60992508 kB
20220313 003542.079 INFO             PET0 PIOc_freedecomp Enter - MemInfo: [/proc/meminfo - SSI]	Committed_AS:    2899128 kB
20220313 003542.079 INFO             PET0 PIOc_freedecomp Enter - MemInfo: [/proc/meminfo - SSI]	CommittedPercent: 4.40223 %
20220313 003542.079 INFO             PET0 PIOc_freedecomp Enter - MemInfo: [/proc/self/status]	VmPeak:	  127096 kB
20220313 003542.079 INFO             PET0 PIOc_freedecomp Enter - MemInfo: [/proc/self/status]	VmSize:	  127072 kB
20220313 003542.079 INFO             PET0 PIOc_freedecomp Enter - MemInfo: [/proc/self/status]	VmLck:	       0 kB
20220313 003542.079 INFO             PET0 PIOc_freedecomp Enter - MemInfo: [/proc/self/status]	VmPin:	       0 kB
20220313 003542.079 INFO             PET0 PIOc_freedecomp Enter - MemInfo: [/proc/self/status]	VmHWM:	   29128 kB
20220313 003542.079 INFO             PET0 PIOc_freedecomp Enter - MemInfo: [/proc/self/status]	VmRSS:	   29116 kB
20220313 003542.079 INFO             PET0 PIOc_freedecomp Enter - MemInfo: [/proc/self/status]	VmData:	   29844 kB
20220313 003542.079 INFO             PET0 PIOc_freedecomp Enter - MemInfo: [/proc/self/status]	VmStk:	     164 kB
20220313 003542.079 INFO             PET0 PIOc_freedecomp Enter - MemInfo: [/proc/self/status]	VmExe:	   40960 kB
20220313 003542.079 INFO             PET0 PIOc_freedecomp Enter - MemInfo: [/proc/self/status]	VmLib:	    1952 kB
20220313 003542.079 INFO             PET0 PIOc_freedecomp Enter - MemInfo: [/proc/self/status]	VmPTE:	     228 kB
20220313 003542.079 INFO             PET0 PIOc_freedecomp Enter - MemInfo: [/proc/self/status]	VmPMD:	      12 kB
20220313 003542.079 INFO             PET0 PIOc_freedecomp Enter - MemInfo: [/proc/self/status]	VmSwap:	       0 kB
20220313 003542.079 INFO             PET0 PIOc_freedecomp Enter - MemInfo: [/proc/self/status]	VmRSSPercent: 0.0442117 %
20220313 003542.080 INFO             PET0 PIOc_freedecomp Enter - MemInfo: [malloc] Non-mmapped space allocated:                22427968 Byte
20220313 003542.080 INFO             PET0 PIOc_freedecomp Enter - MemInfo: [malloc] Space allocated in mmapped regions:          3776512 Byte
20220313 003542.080 INFO             PET0 PIOc_freedecomp Enter - MemInfo: [malloc] Maximum total allocated space:                     0 Byte
20220313 003542.080 INFO             PET0 PIOc_freedecomp Enter - MemInfo: [malloc] Space in freed fastbin blocks:                   272 Byte
20220313 003542.080 INFO             PET0 PIOc_freedecomp Enter - MemInfo: [malloc] Total allocated space:                       2365424 Byte
20220313 003542.080 INFO             PET0 PIOc_freedecomp Enter - MemInfo: [malloc] Total free space:                           20062544 Byte
20220313 003542.080 INFO             PET0 PIOc_freedecomp Enter - MemInfo: [malloc] Top-most, releasable space:                 15185040 Byte
20220313 003542.080 INFO             PET0 PIOc_freedecomp Enter - MemInfo: [malloc] Total space in use, mmap + non-mmap:         6141936 Byte
20220313 003542.080 INFO             PET0 PIOc_freedecomp Enter - MemInfo: [malloc] Total space held (mmap + non-mmap):         26204480 Byte
20220313 003542.080 INFO             PET0 PIOc_freedecomp Enter - MemInfo: [malloc] Total space used (mmap + non-mmap):          6150144 Byte
20220313 003542.080 INFO             PET0 PIOc_freedecomp Enter - MemInfo: Wall-clock time since execution start:                1.47482 seconds
20220313 003542.080 INFO             PET0 PIOc_freedecomp Exit - MemInfo: [/proc/meminfo - SSI]	MemTotal:       65855856 kB
20220313 003542.080 INFO             PET0 PIOc_freedecomp Exit - MemInfo: [/proc/meminfo - SSI]	MemFree:        61213372 kB
20220313 003542.080 INFO             PET0 PIOc_freedecomp Exit - MemInfo: [/proc/meminfo - SSI]	MemAvailable:   60992004 kB
20220313 003542.080 INFO             PET0 PIOc_freedecomp Exit - MemInfo: [/proc/meminfo - SSI]	Committed_AS:    2899128 kB
20220313 003542.080 INFO             PET0 PIOc_freedecomp Exit - MemInfo: [/proc/meminfo - SSI]	CommittedPercent: 4.40223 %
20220313 003542.080 INFO             PET0 PIOc_freedecomp Exit - MemInfo: [/proc/self/status]	VmPeak:	  127096 kB
20220313 003542.080 INFO             PET0 PIOc_freedecomp Exit - MemInfo: [/proc/self/status]	VmSize:	  127072 kB
20220313 003542.080 INFO             PET0 PIOc_freedecomp Exit - MemInfo: [/proc/self/status]	VmLck:	       0 kB
20220313 003542.080 INFO             PET0 PIOc_freedecomp Exit - MemInfo: [/proc/self/status]	VmPin:	       0 kB
20220313 003542.080 INFO             PET0 PIOc_freedecomp Exit - MemInfo: [/proc/self/status]	VmHWM:	   29128 kB
20220313 003542.080 INFO             PET0 PIOc_freedecomp Exit - MemInfo: [/proc/self/status]	VmRSS:	   29116 kB
20220313 003542.080 INFO             PET0 PIOc_freedecomp Exit - MemInfo: [/proc/self/status]	VmData:	   29844 kB
20220313 003542.080 INFO             PET0 PIOc_freedecomp Exit - MemInfo: [/proc/self/status]	VmStk:	     164 kB
20220313 003542.080 INFO             PET0 PIOc_freedecomp Exit - MemInfo: [/proc/self/status]	VmExe:	   40960 kB
20220313 003542.080 INFO             PET0 PIOc_freedecomp Exit - MemInfo: [/proc/self/status]	VmLib:	    1952 kB
20220313 003542.080 INFO             PET0 PIOc_freedecomp Exit - MemInfo: [/proc/self/status]	VmPTE:	     228 kB
20220313 003542.080 INFO             PET0 PIOc_freedecomp Exit - MemInfo: [/proc/self/status]	VmPMD:	      12 kB
20220313 003542.080 INFO             PET0 PIOc_freedecomp Exit - MemInfo: [/proc/self/status]	VmSwap:	       0 kB
20220313 003542.080 INFO             PET0 PIOc_freedecomp Exit - MemInfo: [/proc/self/status]	VmRSSPercent: 0.0442117 %
20220313 003542.080 INFO             PET0 PIOc_freedecomp Exit - MemInfo: [malloc] Non-mmapped space allocated:                22427968 Byte
20220313 003542.080 INFO             PET0 PIOc_freedecomp Exit - MemInfo: [malloc] Space allocated in mmapped regions:          3776512 Byte
20220313 003542.080 INFO             PET0 PIOc_freedecomp Exit - MemInfo: [malloc] Maximum total allocated space:                     0 Byte
20220313 003542.080 INFO             PET0 PIOc_freedecomp Exit - MemInfo: [malloc] Space in freed fastbin blocks:                  1680 Byte
20220313 003542.080 INFO             PET0 PIOc_freedecomp Exit - MemInfo: [malloc] Total allocated space:                       2363744 Byte
20220313 003542.080 INFO             PET0 PIOc_freedecomp Exit - MemInfo: [malloc] Total free space:                           20064224 Byte
20220313 003542.080 INFO             PET0 PIOc_freedecomp Exit - MemInfo: [malloc] Top-most, releasable space:                 15185040 Byte
20220313 003542.080 INFO             PET0 PIOc_freedecomp Exit - MemInfo: [malloc] Total space in use, mmap + non-mmap:         6140256 Byte
20220313 003542.080 INFO             PET0 PIOc_freedecomp Exit - MemInfo: [malloc] Total space held (mmap + non-mmap):         26204480 Byte
20220313 003542.080 INFO             PET0 PIOc_freedecomp Exit - MemInfo: [malloc] Total space used (mmap + non-mmap):          6148464 Byte
20220313 003542.080 INFO             PET0 PIOc_freedecomp Exit - MemInfo: Wall-clock time since execution start:                1.47527 seconds
20220313 003542.081 INFO             PET0 PIOc_sync Enter - MemInfo: [/proc/meminfo - SSI]	MemTotal:       65855856 kB
20220313 003542.081 INFO             PET0 PIOc_sync Enter - MemInfo: [/proc/meminfo - SSI]	MemFree:        61213372 kB
20220313 003542.081 INFO             PET0 PIOc_sync Enter - MemInfo: [/proc/meminfo - SSI]	MemAvailable:   60992004 kB
20220313 003542.081 INFO             PET0 PIOc_sync Enter - MemInfo: [/proc/meminfo - SSI]	Committed_AS:    2899128 kB
20220313 003542.081 INFO             PET0 PIOc_sync Enter - MemInfo: [/proc/meminfo - SSI]	CommittedPercent: 4.40223 %
20220313 003542.082 INFO             PET0 PIOc_sync Enter - MemInfo: [/proc/self/status]	VmPeak:	  127096 kB
20220313 003542.082 INFO             PET0 PIOc_sync Enter - MemInfo: [/proc/self/status]	VmSize:	  127072 kB
20220313 003542.082 INFO             PET0 PIOc_sync Enter - MemInfo: [/proc/self/status]	VmLck:	       0 kB
20220313 003542.082 INFO             PET0 PIOc_sync Enter - MemInfo: [/proc/self/status]	VmPin:	       0 kB
20220313 003542.082 INFO             PET0 PIOc_sync Enter - MemInfo: [/proc/self/status]	VmHWM:	   29128 kB
20220313 003542.082 INFO             PET0 PIOc_sync Enter - MemInfo: [/proc/self/status]	VmRSS:	   29116 kB
20220313 003542.082 INFO             PET0 PIOc_sync Enter - MemInfo: [/proc/self/status]	VmData:	   29844 kB
20220313 003542.082 INFO             PET0 PIOc_sync Enter - MemInfo: [/proc/self/status]	VmStk:	     164 kB
20220313 003542.082 INFO             PET0 PIOc_sync Enter - MemInfo: [/proc/self/status]	VmExe:	   40960 kB
20220313 003542.082 INFO             PET0 PIOc_sync Enter - MemInfo: [/proc/self/status]	VmLib:	    1952 kB
20220313 003542.082 INFO             PET0 PIOc_sync Enter - MemInfo: [/proc/self/status]	VmPTE:	     228 kB
20220313 003542.082 INFO             PET0 PIOc_sync Enter - MemInfo: [/proc/self/status]	VmPMD:	      12 kB
20220313 003542.082 INFO             PET0 PIOc_sync Enter - MemInfo: [/proc/self/status]	VmSwap:	       0 kB
20220313 003542.082 INFO             PET0 PIOc_sync Enter - MemInfo: [/proc/self/status]	VmRSSPercent: 0.0442117 %
20220313 003542.082 INFO             PET0 PIOc_sync Enter - MemInfo: [malloc] Non-mmapped space allocated:                22427968 Byte
20220313 003542.082 INFO             PET0 PIOc_sync Enter - MemInfo: [malloc] Space allocated in mmapped regions:          3776512 Byte
20220313 003542.082 INFO             PET0 PIOc_sync Enter - MemInfo: [malloc] Maximum total allocated space:                     0 Byte
20220313 003542.082 INFO             PET0 PIOc_sync Enter - MemInfo: [malloc] Space in freed fastbin blocks:                  1584 Byte
20220313 003542.082 INFO             PET0 PIOc_sync Enter - MemInfo: [malloc] Total allocated space:                      11291424 Byte
20220313 003542.082 INFO             PET0 PIOc_sync Enter - MemInfo: [malloc] Total free space:                           11136544 Byte
20220313 003542.082 INFO             PET0 PIOc_sync Enter - MemInfo: [malloc] Top-most, releasable space:                  6796416 Byte
20220313 003542.082 INFO             PET0 PIOc_sync Enter - MemInfo: [malloc] Total space in use, mmap + non-mmap:        15067936 Byte
20220313 003542.082 INFO             PET0 PIOc_sync Enter - MemInfo: [malloc] Total space held (mmap + non-mmap):         26204480 Byte
20220313 003542.082 INFO             PET0 PIOc_sync Enter - MemInfo: [malloc] Total space used (mmap + non-mmap):         15076592 Byte
20220313 003542.082 INFO             PET0 PIOc_sync Enter - MemInfo: Wall-clock time since execution start:                1.47703 seconds
20220313 003542.082 INFO             PET0 PIOc_sync Exit - MemInfo: [/proc/meminfo - SSI]	MemTotal:       65855856 kB
20220313 003542.082 INFO             PET0 PIOc_sync Exit - MemInfo: [/proc/meminfo - SSI]	MemFree:        61212868 kB
20220313 003542.082 INFO             PET0 PIOc_sync Exit - MemInfo: [/proc/meminfo - SSI]	MemAvailable:   60991500 kB
20220313 003542.082 INFO             PET0 PIOc_sync Exit - MemInfo: [/proc/meminfo - SSI]	Committed_AS:    2899128 kB
20220313 003542.082 INFO             PET0 PIOc_sync Exit - MemInfo: [/proc/meminfo - SSI]	CommittedPercent: 4.40223 %
20220313 003542.082 INFO             PET0 PIOc_sync Exit - MemInfo: [/proc/self/status]	VmPeak:	  127096 kB
20220313 003542.082 INFO             PET0 PIOc_sync Exit - MemInfo: [/proc/self/status]	VmSize:	  127072 kB
20220313 003542.082 INFO             PET0 PIOc_sync Exit - MemInfo: [/proc/self/status]	VmLck:	       0 kB
20220313 003542.082 INFO             PET0 PIOc_sync Exit - MemInfo: [/proc/self/status]	VmPin:	       0 kB
20220313 003542.082 INFO             PET0 PIOc_sync Exit - MemInfo: [/proc/self/status]	VmHWM:	   29128 kB
20220313 003542.082 INFO             PET0 PIOc_sync Exit - MemInfo: [/proc/self/status]	VmRSS:	   29116 kB
20220313 003542.082 INFO             PET0 PIOc_sync Exit - MemInfo: [/proc/self/status]	VmData:	   29844 kB
20220313 003542.082 INFO             PET0 PIOc_sync Exit - MemInfo: [/proc/self/status]	VmStk:	     164 kB
20220313 003542.082 INFO             PET0 PIOc_sync Exit - MemInfo: [/proc/self/status]	VmExe:	   40960 kB
20220313 003542.082 INFO             PET0 PIOc_sync Exit - MemInfo: [/proc/self/status]	VmLib:	    1952 kB
20220313 003542.082 INFO             PET0 PIOc_sync Exit - MemInfo: [/proc/self/status]	VmPTE:	     228 kB
20220313 003542.082 INFO             PET0 PIOc_sync Exit - MemInfo: [/proc/self/status]	VmPMD:	      12 kB
20220313 003542.082 INFO             PET0 PIOc_sync Exit - MemInfo: [/proc/self/status]	VmSwap:	       0 kB
20220313 003542.082 INFO             PET0 PIOc_sync Exit - MemInfo: [/proc/self/status]	VmRSSPercent: 0.0442117 %
20220313 003542.082 INFO             PET0 PIOc_sync Exit - MemInfo: [malloc] Non-mmapped space allocated:                22427968 Byte
20220313 003542.082 INFO             PET0 PIOc_sync Exit - MemInfo: [malloc] Space allocated in mmapped regions:          3776512 Byte
20220313 003542.082 INFO             PET0 PIOc_sync Exit - MemInfo: [malloc] Maximum total allocated space:                     0 Byte
20220313 003542.082 INFO             PET0 PIOc_sync Exit - MemInfo: [malloc] Space in freed fastbin blocks:                    64 Byte
20220313 003542.082 INFO             PET0 PIOc_sync Exit - MemInfo: [malloc] Total allocated space:                      11292432 Byte
20220313 003542.082 INFO             PET0 PIOc_sync Exit - MemInfo: [malloc] Total free space:                           11135536 Byte
20220313 003542.082 INFO             PET0 PIOc_sync Exit - MemInfo: [malloc] Top-most, releasable space:                  6796416 Byte
20220313 003542.082 INFO             PET0 PIOc_sync Exit - MemInfo: [malloc] Total space in use, mmap + non-mmap:        15068944 Byte
20220313 003542.082 INFO             PET0 PIOc_sync Exit - MemInfo: [malloc] Total space held (mmap + non-mmap):         26204480 Byte
20220313 003542.082 INFO             PET0 PIOc_sync Exit - MemInfo: [malloc] Total space used (mmap + non-mmap):         15077712 Byte
20220313 003542.082 INFO             PET0 PIOc_sync Exit - MemInfo: Wall-clock time since execution start:                1.47753 seconds
20220313 003542.082 INFO             PET0 PIOc_freedecomp Enter - MemInfo: [/proc/meminfo - SSI]	MemTotal:       65855856 kB
20220313 003542.083 INFO             PET0 PIOc_freedecomp Enter - MemInfo: [/proc/meminfo - SSI]	MemFree:        61212868 kB
20220313 003542.083 INFO             PET0 PIOc_freedecomp Enter - MemInfo: [/proc/meminfo - SSI]	MemAvailable:   60991500 kB
20220313 003542.083 INFO             PET0 PIOc_freedecomp Enter - MemInfo: [/proc/meminfo - SSI]	Committed_AS:    2899128 kB
20220313 003542.083 INFO             PET0 PIOc_freedecomp Enter - MemInfo: [/proc/meminfo - SSI]	CommittedPercent: 4.40223 %
20220313 003542.083 INFO             PET0 PIOc_freedecomp Enter - MemInfo: [/proc/self/status]	VmPeak:	  127096 kB
20220313 003542.083 INFO             PET0 PIOc_freedecomp Enter - MemInfo: [/proc/self/status]	VmSize:	  127072 kB
20220313 003542.083 INFO             PET0 PIOc_freedecomp Enter - MemInfo: [/proc/self/status]	VmLck:	       0 kB
20220313 003542.083 INFO             PET0 PIOc_freedecomp Enter - MemInfo: [/proc/self/status]	VmPin:	       0 kB
20220313 003542.083 INFO             PET0 PIOc_freedecomp Enter - MemInfo: [/proc/self/status]	VmHWM:	   29128 kB
20220313 003542.083 INFO             PET0 PIOc_freedecomp Enter - MemInfo: [/proc/self/status]	VmRSS:	   29116 kB
20220313 003542.083 INFO             PET0 PIOc_freedecomp Enter - MemInfo: [/proc/self/status]	VmData:	   29844 kB
20220313 003542.083 INFO             PET0 PIOc_freedecomp Enter - MemInfo: [/proc/self/status]	VmStk:	     164 kB
20220313 003542.083 INFO             PET0 PIOc_freedecomp Enter - MemInfo: [/proc/self/status]	VmExe:	   40960 kB
20220313 003542.083 INFO             PET0 PIOc_freedecomp Enter - MemInfo: [/proc/self/status]	VmLib:	    1952 kB
20220313 003542.083 INFO             PET0 PIOc_freedecomp Enter - MemInfo: [/proc/self/status]	VmPTE:	     228 kB
20220313 003542.083 INFO             PET0 PIOc_freedecomp Enter - MemInfo: [/proc/self/status]	VmPMD:	      12 kB
20220313 003542.083 INFO             PET0 PIOc_freedecomp Enter - MemInfo: [/proc/self/status]	VmSwap:	       0 kB
20220313 003542.083 INFO             PET0 PIOc_freedecomp Enter - MemInfo: [/proc/self/status]	VmRSSPercent: 0.0442117 %
20220313 003542.083 INFO             PET0 PIOc_freedecomp Enter - MemInfo: [malloc] Non-mmapped space allocated:                22427968 Byte
20220313 003542.083 INFO             PET0 PIOc_freedecomp Enter - MemInfo: [malloc] Space allocated in mmapped regions:          3776512 Byte
20220313 003542.083 INFO             PET0 PIOc_freedecomp Enter - MemInfo: [malloc] Maximum total allocated space:                     0 Byte
20220313 003542.083 INFO             PET0 PIOc_freedecomp Enter - MemInfo: [malloc] Space in freed fastbin blocks:                   272 Byte
20220313 003542.083 INFO             PET0 PIOc_freedecomp Enter - MemInfo: [malloc] Total allocated space:                       2366672 Byte
20220313 003542.083 INFO             PET0 PIOc_freedecomp Enter - MemInfo: [malloc] Total free space:                           20061296 Byte
20220313 003542.083 INFO             PET0 PIOc_freedecomp Enter - MemInfo: [malloc] Top-most, releasable space:                 15185040 Byte
20220313 003542.083 INFO             PET0 PIOc_freedecomp Enter - MemInfo: [malloc] Total space in use, mmap + non-mmap:         6143184 Byte
20220313 003542.083 INFO             PET0 PIOc_freedecomp Enter - MemInfo: [malloc] Total space held (mmap + non-mmap):         26204480 Byte
20220313 003542.083 INFO             PET0 PIOc_freedecomp Enter - MemInfo: [malloc] Total space used (mmap + non-mmap):          6151392 Byte
20220313 003542.083 INFO             PET0 PIOc_freedecomp Enter - MemInfo: Wall-clock time since execution start:                1.47816 seconds
20220313 003542.083 INFO             PET0 PIOc_freedecomp Exit - MemInfo: [/proc/meminfo - SSI]	MemTotal:       65855856 kB
20220313 003542.083 INFO             PET0 PIOc_freedecomp Exit - MemInfo: [/proc/meminfo - SSI]	MemFree:        61212868 kB
20220313 003542.083 INFO             PET0 PIOc_freedecomp Exit - MemInfo: [/proc/meminfo - SSI]	MemAvailable:   60991500 kB
20220313 003542.083 INFO             PET0 PIOc_freedecomp Exit - MemInfo: [/proc/meminfo - SSI]	Committed_AS:    2899128 kB
20220313 003542.083 INFO             PET0 PIOc_freedecomp Exit - MemInfo: [/proc/meminfo - SSI]	CommittedPercent: 4.40223 %
20220313 003542.083 INFO             PET0 PIOc_freedecomp Exit - MemInfo: [/proc/self/status]	VmPeak:	  127096 kB
20220313 003542.083 INFO             PET0 PIOc_freedecomp Exit - MemInfo: [/proc/self/status]	VmSize:	  127072 kB
20220313 003542.083 INFO             PET0 PIOc_freedecomp Exit - MemInfo: [/proc/self/status]	VmLck:	       0 kB
20220313 003542.083 INFO             PET0 PIOc_freedecomp Exit - MemInfo: [/proc/self/status]	VmPin:	       0 kB
20220313 003542.083 INFO             PET0 PIOc_freedecomp Exit - MemInfo: [/proc/self/status]	VmHWM:	   29128 kB
20220313 003542.083 INFO             PET0 PIOc_freedecomp Exit - MemInfo: [/proc/self/status]	VmRSS:	   29116 kB
20220313 003542.083 INFO             PET0 PIOc_freedecomp Exit - MemInfo: [/proc/self/status]	VmData:	   29844 kB
20220313 003542.083 INFO             PET0 PIOc_freedecomp Exit - MemInfo: [/proc/self/status]	VmStk:	     164 kB
20220313 003542.083 INFO             PET0 PIOc_freedecomp Exit - MemInfo: [/proc/self/status]	VmExe:	   40960 kB
20220313 003542.083 INFO             PET0 PIOc_freedecomp Exit - MemInfo: [/proc/self/status]	VmLib:	    1952 kB
20220313 003542.083 INFO             PET0 PIOc_freedecomp Exit - MemInfo: [/proc/self/status]	VmPTE:	     228 kB
20220313 003542.083 INFO             PET0 PIOc_freedecomp Exit - MemInfo: [/proc/self/status]	VmPMD:	      12 kB
20220313 003542.083 INFO             PET0 PIOc_freedecomp Exit - MemInfo: [/proc/self/status]	VmSwap:	       0 kB
20220313 003542.083 INFO             PET0 PIOc_freedecomp Exit - MemInfo: [/proc/self/status]	VmRSSPercent: 0.0442117 %
20220313 003542.083 INFO             PET0 PIOc_freedecomp Exit - MemInfo: [malloc] Non-mmapped space allocated:                22427968 Byte
20220313 003542.083 INFO             PET0 PIOc_freedecomp Exit - MemInfo: [malloc] Space allocated in mmapped regions:          3776512 Byte
20220313 003542.083 INFO             PET0 PIOc_freedecomp Exit - MemInfo: [malloc] Maximum total allocated space:                     0 Byte
20220313 003542.083 INFO             PET0 PIOc_freedecomp Exit - MemInfo: [malloc] Space in freed fastbin blocks:                  1776 Byte
20220313 003542.083 INFO             PET0 PIOc_freedecomp Exit - MemInfo: [malloc] Total allocated space:                       2364752 Byte
20220313 003542.083 INFO             PET0 PIOc_freedecomp Exit - MemInfo: [malloc] Total free space:                           20063216 Byte
20220313 003542.083 INFO             PET0 PIOc_freedecomp Exit - MemInfo: [malloc] Top-most, releasable space:                 15185040 Byte
20220313 003542.083 INFO             PET0 PIOc_freedecomp Exit - MemInfo: [malloc] Total space in use, mmap + non-mmap:         6141264 Byte
20220313 003542.083 INFO             PET0 PIOc_freedecomp Exit - MemInfo: [malloc] Total space held (mmap + non-mmap):         26204480 Byte
20220313 003542.083 INFO             PET0 PIOc_freedecomp Exit - MemInfo: [malloc] Total space used (mmap + non-mmap):          6149472 Byte
20220313 003542.083 INFO             PET0 PIOc_freedecomp Exit - MemInfo: Wall-clock time since execution start:                1.47859 seconds
20220313 003542.085 INFO             PET0  PASS  Test RouteHandleDestroy(), ESMF_RouteHandleAdvancedUTest.F90, line 633
20220313 003542.085 INFO             PET0  PASS  Apply the copied Routehandle, ESMF_RouteHandleAdvancedUTest.F90, line 643
20220313 003542.085 INFO             PET0  PASS  Test RouteHandleDestroy() for the copied Routehandle, ESMF_RouteHandleAdvancedUTest.F90, line 651
20220313 003542.086 INFO             PET0  PASS  Test ESMF_DynamicMaskSetR4R4R4(), ESMF_RouteHandleAdvancedUTest.F90, line 716
20220313 003542.086 INFO             PET0  PASS  Test ESMF_DynamicMaskSetR4R4R4V(), ESMF_RouteHandleAdvancedUTest.F90, line 725
20220313 003542.086 INFO             PET0  PASS  Test ESMF_DynamicMaskSetR4R8R4V(), ESMF_RouteHandleAdvancedUTest.F90, line 734
20220313 003542.086 INFO             PET0  Ending Test, file ESMF_RouteHandleAdvancedUTest.F90, line 749
20220313 003542.086 INFO             PET0 Finalizing ESMF
20220313 003540.616 INFO             PET1 !!!!!!!!!!!!!!!!!!!!!!!!!!!!!!!!!!!!!!!!!!!!!!!!!!!!!!
20220313 003540.616 INFO             PET1 !!! THE ESMF_LOG IS SET TO OUTPUT ALL LOG MESSAGES !!!
20220313 003540.616 INFO             PET1 !!!     THIS MAY CAUSE SLOWDOWN IN PERFORMANCE     !!!
20220313 003540.616 INFO             PET1 !!! FOR PRODUCTION RUNS, USE:                      !!!
20220313 003540.616 INFO             PET1 !!!                   ESMF_LOGKIND_Multi_On_Error  !!!
20220313 003540.616 INFO             PET1 !!!!!!!!!!!!!!!!!!!!!!!!!!!!!!!!!!!!!!!!!!!!!!!!!!!!!!
20220313 003540.616 INFO             PET1 Running with ESMF Version   : v8.3.0b09-96-g559b459836
20220313 003540.616 INFO             PET1 ESMF library build date/time: "Mar 12 2022" "23:46:28"
20220313 003540.616 INFO             PET1 ESMF library build location : /lustre/f2/dev/ncep/Mark.Potts/gfortran_8.3.0_mpi_g_jedwards_pio_update2
20220313 003540.616 INFO             PET1 ESMF_COMM                   : mpi
20220313 003540.617 INFO             PET1 ESMF_MOAB                   : enabled
20220313 003540.617 INFO             PET1 ESMF_LAPACK                 : enabled
20220313 003540.617 INFO             PET1 ESMF_NETCDF                 : enabled
20220313 003540.617 INFO             PET1 ESMF_PNETCDF                : disabled
20220313 003540.617 INFO             PET1 ESMF_PIO                    : enabled
20220313 003540.617 INFO             PET1 ESMF_YAMLCPP                : enabled
20220313 003540.774 INFO             PET1  Beginning Test, file ESMF_RouteHandleAdvancedUTest.F90, line 346
20220313 003540.774 INFO             PET1  NUMBER_OF_PROCESSORS           4
20220313 003540.859 INFO             PET1 ESMF_FieldRedistStoreNF(): Just entered routine.
20220313 003541.458 INFO             PET1 ESMF_FieldRedistStoreNF(): Leaving routine.
20220313 003541.458 INFO             PET1  PASS  Create RouteHandle for the original petList, ESMF_RouteHandleAdvancedUTest.F90, line 511
20220313 003541.458 INFO             PET1  PASS  Test RouteHandleIsCreated(), ESMF_RouteHandleAdvancedUTest.F90, line 519
20220313 003541.458 INFO             PET1  PASS  Test RouteHandleIsCreated() return value, ESMF_RouteHandleAdvancedUTest.F90, line 526
20220313 003541.458 INFO             PET1  PASS  Test RouteHandleGet(), ESMF_RouteHandleAdvancedUTest.F90, line 534
20220313 003541.464 INFO             PET1  PASS  Test RouteHandleWrite(), ESMF_RouteHandleAdvancedUTest.F90, line 542
20220313 003541.464 INFO             PET1  PASS  Test RouteHandleDestroy(), ESMF_RouteHandleAdvancedUTest.F90, line 550
20220313 003541.467 INFO             PET1  PASS  Test RouteHandleCreate(from file), ESMF_RouteHandleAdvancedUTest.F90, line 558
20220313 003541.468 INFO             PET1  PASS  Apply the read in Routehandle, ESMF_RouteHandleAdvancedUTest.F90, line 567
20220313 003541.468 INFO             PET1  PASS  Test RouteHandleDestroy() for the read in Routehandle, ESMF_RouteHandleAdvancedUTest.F90, line 575
20220313 003541.468 INFO             PET1 ESMF_FieldRedistStoreNF(): Just entered routine.
20220313 003542.058 INFO             PET1 ESMF_FieldRedistStoreNF(): Leaving routine.
20220313 003542.058 INFO             PET1  PASS  Create RouteHandle for the original petList, ESMF_RouteHandleAdvancedUTest.F90, line 585
20220313 003542.058 INFO             PET1  PASS  Transfer RouteHandle to a different petList, ESMF_RouteHandleAdvancedUTest.F90, line 602
20220313 003542.071 INFO             PET1 PIOc_sync Enter - MemInfo: [/proc/meminfo - SSI]	MemTotal:       65855856 kB
20220313 003542.071 INFO             PET1 PIOc_sync Enter - MemInfo: [/proc/meminfo - SSI]	MemFree:        61213876 kB
20220313 003542.071 INFO             PET1 PIOc_sync Enter - MemInfo: [/proc/meminfo - SSI]	MemAvailable:   60992508 kB
20220313 003542.071 INFO             PET1 PIOc_sync Enter - MemInfo: [/proc/meminfo - SSI]	Committed_AS:    2899128 kB
20220313 003542.071 INFO             PET1 PIOc_sync Enter - MemInfo: [/proc/meminfo - SSI]	CommittedPercent: 4.40223 %
20220313 003542.071 INFO             PET1 PIOc_sync Enter - MemInfo: [/proc/self/status]	VmPeak:	  135248 kB
20220313 003542.071 INFO             PET1 PIOc_sync Enter - MemInfo: [/proc/self/status]	VmSize:	  135248 kB
20220313 003542.071 INFO             PET1 PIOc_sync Enter - MemInfo: [/proc/self/status]	VmLck:	       0 kB
20220313 003542.071 INFO             PET1 PIOc_sync Enter - MemInfo: [/proc/self/status]	VmPin:	       0 kB
20220313 003542.071 INFO             PET1 PIOc_sync Enter - MemInfo: [/proc/self/status]	VmHWM:	   25296 kB
20220313 003542.071 INFO             PET1 PIOc_sync Enter - MemInfo: [/proc/self/status]	VmRSS:	   25296 kB
20220313 003542.071 INFO             PET1 PIOc_sync Enter - MemInfo: [/proc/self/status]	VmData:	   31852 kB
20220313 003542.071 INFO             PET1 PIOc_sync Enter - MemInfo: [/proc/self/status]	VmStk:	     164 kB
20220313 003542.071 INFO             PET1 PIOc_sync Enter - MemInfo: [/proc/self/status]	VmExe:	   40960 kB
20220313 003542.071 INFO             PET1 PIOc_sync Enter - MemInfo: [/proc/self/status]	VmLib:	    1952 kB
20220313 003542.071 INFO             PET1 PIOc_sync Enter - MemInfo: [/proc/self/status]	VmPTE:	     232 kB
20220313 003542.071 INFO             PET1 PIOc_sync Enter - MemInfo: [/proc/self/status]	VmPMD:	      12 kB
20220313 003542.071 INFO             PET1 PIOc_sync Enter - MemInfo: [/proc/self/status]	VmSwap:	       0 kB
20220313 003542.071 INFO             PET1 PIOc_sync Enter - MemInfo: [/proc/self/status]	VmRSSPercent: 0.0384112 %
20220313 003542.071 INFO             PET1 PIOc_sync Enter - MemInfo: [malloc] Non-mmapped space allocated:                23505216 Byte
20220313 003542.071 INFO             PET1 PIOc_sync Enter - MemInfo: [malloc] Space allocated in mmapped regions:          4755456 Byte
20220313 003542.071 INFO             PET1 PIOc_sync Enter - MemInfo: [malloc] Maximum total allocated space:                     0 Byte
20220313 003542.071 INFO             PET1 PIOc_sync Enter - MemInfo: [malloc] Space in freed fastbin blocks:                    32 Byte
20220313 003542.071 INFO             PET1 PIOc_sync Enter - MemInfo: [malloc] Total allocated space:                       1766336 Byte
20220313 003542.071 INFO             PET1 PIOc_sync Enter - MemInfo: [malloc] Total free space:                           21738880 Byte
20220313 003542.071 INFO             PET1 PIOc_sync Enter - MemInfo: [malloc] Top-most, releasable space:                 16201808 Byte
20220313 003542.071 INFO             PET1 PIOc_sync Enter - MemInfo: [malloc] Total space in use, mmap + non-mmap:         6521792 Byte
20220313 003542.071 INFO             PET1 PIOc_sync Enter - MemInfo: [malloc] Total space held (mmap + non-mmap):         28260672 Byte
20220313 003542.071 INFO             PET1 PIOc_sync Enter - MemInfo: [malloc] Total space used (mmap + non-mmap):          6531520 Byte
20220313 003542.071 INFO             PET1 PIOc_sync Enter - MemInfo: Wall-clock time since execution start:                1.46639 seconds
20220313 003542.071 INFO             PET1 PIOc_sync Exit - MemInfo: [/proc/meminfo - SSI]	MemTotal:       65855856 kB
20220313 003542.071 INFO             PET1 PIOc_sync Exit - MemInfo: [/proc/meminfo - SSI]	MemFree:        61213876 kB
20220313 003542.071 INFO             PET1 PIOc_sync Exit - MemInfo: [/proc/meminfo - SSI]	MemAvailable:   60992508 kB
20220313 003542.071 INFO             PET1 PIOc_sync Exit - MemInfo: [/proc/meminfo - SSI]	Committed_AS:    2899128 kB
20220313 003542.071 INFO             PET1 PIOc_sync Exit - MemInfo: [/proc/meminfo - SSI]	CommittedPercent: 4.40223 %
20220313 003542.071 INFO             PET1 PIOc_sync Exit - MemInfo: [/proc/self/status]	VmPeak:	  135248 kB
20220313 003542.071 INFO             PET1 PIOc_sync Exit - MemInfo: [/proc/self/status]	VmSize:	  135248 kB
20220313 003542.071 INFO             PET1 PIOc_sync Exit - MemInfo: [/proc/self/status]	VmLck:	       0 kB
20220313 003542.071 INFO             PET1 PIOc_sync Exit - MemInfo: [/proc/self/status]	VmPin:	       0 kB
20220313 003542.071 INFO             PET1 PIOc_sync Exit - MemInfo: [/proc/self/status]	VmHWM:	   25496 kB
20220313 003542.071 INFO             PET1 PIOc_sync Exit - MemInfo: [/proc/self/status]	VmRSS:	   25496 kB
20220313 003542.072 INFO             PET1 PIOc_sync Exit - MemInfo: [/proc/self/status]	VmData:	   31852 kB
20220313 003542.072 INFO             PET1 PIOc_sync Exit - MemInfo: [/proc/self/status]	VmStk:	     164 kB
20220313 003542.072 INFO             PET1 PIOc_sync Exit - MemInfo: [/proc/self/status]	VmExe:	   40960 kB
20220313 003542.072 INFO             PET1 PIOc_sync Exit - MemInfo: [/proc/self/status]	VmLib:	    1952 kB
20220313 003542.072 INFO             PET1 PIOc_sync Exit - MemInfo: [/proc/self/status]	VmPTE:	     232 kB
20220313 003542.072 INFO             PET1 PIOc_sync Exit - MemInfo: [/proc/self/status]	VmPMD:	      12 kB
20220313 003542.072 INFO             PET1 PIOc_sync Exit - MemInfo: [/proc/self/status]	VmSwap:	       0 kB
20220313 003542.072 INFO             PET1 PIOc_sync Exit - MemInfo: [/proc/self/status]	VmRSSPercent: 0.0387149 %
20220313 003542.072 INFO             PET1 PIOc_sync Exit - MemInfo: [malloc] Non-mmapped space allocated:                23505216 Byte
20220313 003542.072 INFO             PET1 PIOc_sync Exit - MemInfo: [malloc] Space allocated in mmapped regions:          4755456 Byte
20220313 003542.072 INFO             PET1 PIOc_sync Exit - MemInfo: [malloc] Maximum total allocated space:                     0 Byte
20220313 003542.072 INFO             PET1 PIOc_sync Exit - MemInfo: [malloc] Space in freed fastbin blocks:                     0 Byte
20220313 003542.072 INFO             PET1 PIOc_sync Exit - MemInfo: [malloc] Total allocated space:                       1768480 Byte
20220313 003542.072 INFO             PET1 PIOc_sync Exit - MemInfo: [malloc] Total free space:                           21736736 Byte
20220313 003542.072 INFO             PET1 PIOc_sync Exit - MemInfo: [malloc] Top-most, releasable space:                 16201808 Byte
20220313 003542.072 INFO             PET1 PIOc_sync Exit - MemInfo: [malloc] Total space in use, mmap + non-mmap:         6523936 Byte
20220313 003542.072 INFO             PET1 PIOc_sync Exit - MemInfo: [malloc] Total space held (mmap + non-mmap):         28260672 Byte
20220313 003542.072 INFO             PET1 PIOc_sync Exit - MemInfo: [malloc] Total space used (mmap + non-mmap):          6532480 Byte
20220313 003542.072 INFO             PET1 PIOc_sync Exit - MemInfo: Wall-clock time since execution start:                  1.467 seconds
20220313 003542.072 INFO             PET1 PIOc_freedecomp Enter - MemInfo: [/proc/meminfo - SSI]	MemTotal:       65855856 kB
20220313 003542.072 INFO             PET1 PIOc_freedecomp Enter - MemInfo: [/proc/meminfo - SSI]	MemFree:        61213876 kB
20220313 003542.072 INFO             PET1 PIOc_freedecomp Enter - MemInfo: [/proc/meminfo - SSI]	MemAvailable:   60992508 kB
20220313 003542.072 INFO             PET1 PIOc_freedecomp Enter - MemInfo: [/proc/meminfo - SSI]	Committed_AS:    2899128 kB
20220313 003542.072 INFO             PET1 PIOc_freedecomp Enter - MemInfo: [/proc/meminfo - SSI]	CommittedPercent: 4.40223 %
20220313 003542.072 INFO             PET1 PIOc_freedecomp Enter - MemInfo: [/proc/self/status]	VmPeak:	  135248 kB
20220313 003542.072 INFO             PET1 PIOc_freedecomp Enter - MemInfo: [/proc/self/status]	VmSize:	  135248 kB
20220313 003542.072 INFO             PET1 PIOc_freedecomp Enter - MemInfo: [/proc/self/status]	VmLck:	       0 kB
20220313 003542.072 INFO             PET1 PIOc_freedecomp Enter - MemInfo: [/proc/self/status]	VmPin:	       0 kB
20220313 003542.072 INFO             PET1 PIOc_freedecomp Enter - MemInfo: [/proc/self/status]	VmHWM:	   25496 kB
20220313 003542.072 INFO             PET1 PIOc_freedecomp Enter - MemInfo: [/proc/self/status]	VmRSS:	   25496 kB
20220313 003542.072 INFO             PET1 PIOc_freedecomp Enter - MemInfo: [/proc/self/status]	VmData:	   31852 kB
20220313 003542.072 INFO             PET1 PIOc_freedecomp Enter - MemInfo: [/proc/self/status]	VmStk:	     164 kB
20220313 003542.072 INFO             PET1 PIOc_freedecomp Enter - MemInfo: [/proc/self/status]	VmExe:	   40960 kB
20220313 003542.072 INFO             PET1 PIOc_freedecomp Enter - MemInfo: [/proc/self/status]	VmLib:	    1952 kB
20220313 003542.072 INFO             PET1 PIOc_freedecomp Enter - MemInfo: [/proc/self/status]	VmPTE:	     232 kB
20220313 003542.072 INFO             PET1 PIOc_freedecomp Enter - MemInfo: [/proc/self/status]	VmPMD:	      12 kB
20220313 003542.072 INFO             PET1 PIOc_freedecomp Enter - MemInfo: [/proc/self/status]	VmSwap:	       0 kB
20220313 003542.072 INFO             PET1 PIOc_freedecomp Enter - MemInfo: [/proc/self/status]	VmRSSPercent: 0.0387149 %
20220313 003542.072 INFO             PET1 PIOc_freedecomp Enter - MemInfo: [malloc] Non-mmapped space allocated:                23505216 Byte
20220313 003542.072 INFO             PET1 PIOc_freedecomp Enter - MemInfo: [malloc] Space allocated in mmapped regions:          4755456 Byte
20220313 003542.072 INFO             PET1 PIOc_freedecomp Enter - MemInfo: [malloc] Maximum total allocated space:                     0 Byte
20220313 003542.072 INFO             PET1 PIOc_freedecomp Enter - MemInfo: [malloc] Space in freed fastbin blocks:                     0 Byte
20220313 003542.072 INFO             PET1 PIOc_freedecomp Enter - MemInfo: [malloc] Total allocated space:                       1769040 Byte
20220313 003542.072 INFO             PET1 PIOc_freedecomp Enter - MemInfo: [malloc] Total free space:                           21736176 Byte
20220313 003542.072 INFO             PET1 PIOc_freedecomp Enter - MemInfo: [malloc] Top-most, releasable space:                 16201808 Byte
20220313 003542.072 INFO             PET1 PIOc_freedecomp Enter - MemInfo: [malloc] Total space in use, mmap + non-mmap:         6524496 Byte
20220313 003542.072 INFO             PET1 PIOc_freedecomp Enter - MemInfo: [malloc] Total space held (mmap + non-mmap):         28260672 Byte
20220313 003542.072 INFO             PET1 PIOc_freedecomp Enter - MemInfo: [malloc] Total space used (mmap + non-mmap):          6533104 Byte
20220313 003542.072 INFO             PET1 PIOc_freedecomp Enter - MemInfo: Wall-clock time since execution start:                1.46763 seconds
20220313 003542.072 INFO             PET1 PIOc_freedecomp Exit - MemInfo: [/proc/meminfo - SSI]	MemTotal:       65855856 kB
20220313 003542.072 INFO             PET1 PIOc_freedecomp Exit - MemInfo: [/proc/meminfo - SSI]	MemFree:        61213876 kB
20220313 003542.072 INFO             PET1 PIOc_freedecomp Exit - MemInfo: [/proc/meminfo - SSI]	MemAvailable:   60992508 kB
20220313 003542.072 INFO             PET1 PIOc_freedecomp Exit - MemInfo: [/proc/meminfo - SSI]	Committed_AS:    2899128 kB
20220313 003542.072 INFO             PET1 PIOc_freedecomp Exit - MemInfo: [/proc/meminfo - SSI]	CommittedPercent: 4.40223 %
20220313 003542.073 INFO             PET1 PIOc_freedecomp Exit - MemInfo: [/proc/self/status]	VmPeak:	  135248 kB
20220313 003542.073 INFO             PET1 PIOc_freedecomp Exit - MemInfo: [/proc/self/status]	VmSize:	  135248 kB
20220313 003542.073 INFO             PET1 PIOc_freedecomp Exit - MemInfo: [/proc/self/status]	VmLck:	       0 kB
20220313 003542.073 INFO             PET1 PIOc_freedecomp Exit - MemInfo: [/proc/self/status]	VmPin:	       0 kB
20220313 003542.073 INFO             PET1 PIOc_freedecomp Exit - MemInfo: [/proc/self/status]	VmHWM:	   25496 kB
20220313 003542.073 INFO             PET1 PIOc_freedecomp Exit - MemInfo: [/proc/self/status]	VmRSS:	   25496 kB
20220313 003542.073 INFO             PET1 PIOc_freedecomp Exit - MemInfo: [/proc/self/status]	VmData:	   31852 kB
20220313 003542.073 INFO             PET1 PIOc_freedecomp Exit - MemInfo: [/proc/self/status]	VmStk:	     164 kB
20220313 003542.073 INFO             PET1 PIOc_freedecomp Exit - MemInfo: [/proc/self/status]	VmExe:	   40960 kB
20220313 003542.073 INFO             PET1 PIOc_freedecomp Exit - MemInfo: [/proc/self/status]	VmLib:	    1952 kB
20220313 003542.073 INFO             PET1 PIOc_freedecomp Exit - MemInfo: [/proc/self/status]	VmPTE:	     232 kB
20220313 003542.073 INFO             PET1 PIOc_freedecomp Exit - MemInfo: [/proc/self/status]	VmPMD:	      12 kB
20220313 003542.073 INFO             PET1 PIOc_freedecomp Exit - MemInfo: [/proc/self/status]	VmSwap:	       0 kB
20220313 003542.073 INFO             PET1 PIOc_freedecomp Exit - MemInfo: [/proc/self/status]	VmRSSPercent: 0.0387149 %
20220313 003542.073 INFO             PET1 PIOc_freedecomp Exit - MemInfo: [malloc] Non-mmapped space allocated:                23505216 Byte
20220313 003542.073 INFO             PET1 PIOc_freedecomp Exit - MemInfo: [malloc] Space allocated in mmapped regions:          4755456 Byte
20220313 003542.073 INFO             PET1 PIOc_freedecomp Exit - MemInfo: [malloc] Maximum total allocated space:                     0 Byte
20220313 003542.073 INFO             PET1 PIOc_freedecomp Exit - MemInfo: [malloc] Space in freed fastbin blocks:                   272 Byte
20220313 003542.073 INFO             PET1 PIOc_freedecomp Exit - MemInfo: [malloc] Total allocated space:                       1769392 Byte
20220313 003542.073 INFO             PET1 PIOc_freedecomp Exit - MemInfo: [malloc] Total free space:                           21735824 Byte
20220313 003542.073 INFO             PET1 PIOc_freedecomp Exit - MemInfo: [malloc] Top-most, releasable space:                 16201808 Byte
20220313 003542.073 INFO             PET1 PIOc_freedecomp Exit - MemInfo: [malloc] Total space in use, mmap + non-mmap:         6524848 Byte
20220313 003542.073 INFO             PET1 PIOc_freedecomp Exit - MemInfo: [malloc] Total space held (mmap + non-mmap):         28260672 Byte
20220313 003542.073 INFO             PET1 PIOc_freedecomp Exit - MemInfo: [malloc] Total space used (mmap + non-mmap):          6533392 Byte
20220313 003542.073 INFO             PET1 PIOc_freedecomp Exit - MemInfo: Wall-clock time since execution start:                1.46806 seconds
20220313 003542.074 INFO             PET1 PIOc_sync Enter - MemInfo: [/proc/meminfo - SSI]	MemTotal:       65855856 kB
20220313 003542.074 INFO             PET1 PIOc_sync Enter - MemInfo: [/proc/meminfo - SSI]	MemFree:        61213876 kB
20220313 003542.074 INFO             PET1 PIOc_sync Enter - MemInfo: [/proc/meminfo - SSI]	MemAvailable:   60992508 kB
20220313 003542.074 INFO             PET1 PIOc_sync Enter - MemInfo: [/proc/meminfo - SSI]	Committed_AS:    2899128 kB
20220313 003542.074 INFO             PET1 PIOc_sync Enter - MemInfo: [/proc/meminfo - SSI]	CommittedPercent: 4.40223 %
20220313 003542.075 INFO             PET1 PIOc_sync Enter - MemInfo: [/proc/self/status]	VmPeak:	  135248 kB
20220313 003542.075 INFO             PET1 PIOc_sync Enter - MemInfo: [/proc/self/status]	VmSize:	  135224 kB
20220313 003542.075 INFO             PET1 PIOc_sync Enter - MemInfo: [/proc/self/status]	VmLck:	       0 kB
20220313 003542.075 INFO             PET1 PIOc_sync Enter - MemInfo: [/proc/self/status]	VmPin:	       0 kB
20220313 003542.075 INFO             PET1 PIOc_sync Enter - MemInfo: [/proc/self/status]	VmHWM:	   25512 kB
20220313 003542.075 INFO             PET1 PIOc_sync Enter - MemInfo: [/proc/self/status]	VmRSS:	   25504 kB
20220313 003542.075 INFO             PET1 PIOc_sync Enter - MemInfo: [/proc/self/status]	VmData:	   31852 kB
20220313 003542.075 INFO             PET1 PIOc_sync Enter - MemInfo: [/proc/self/status]	VmStk:	     164 kB
20220313 003542.075 INFO             PET1 PIOc_sync Enter - MemInfo: [/proc/self/status]	VmExe:	   40960 kB
20220313 003542.075 INFO             PET1 PIOc_sync Enter - MemInfo: [/proc/self/status]	VmLib:	    1952 kB
20220313 003542.075 INFO             PET1 PIOc_sync Enter - MemInfo: [/proc/self/status]	VmPTE:	     232 kB
20220313 003542.075 INFO             PET1 PIOc_sync Enter - MemInfo: [/proc/self/status]	VmPMD:	      12 kB
20220313 003542.075 INFO             PET1 PIOc_sync Enter - MemInfo: [/proc/self/status]	VmSwap:	       0 kB
20220313 003542.075 INFO             PET1 PIOc_sync Enter - MemInfo: [/proc/self/status]	VmRSSPercent: 0.038727 %
20220313 003542.075 INFO             PET1 PIOc_sync Enter - MemInfo: [malloc] Non-mmapped space allocated:                23505216 Byte
20220313 003542.075 INFO             PET1 PIOc_sync Enter - MemInfo: [malloc] Space allocated in mmapped regions:          4755456 Byte
20220313 003542.075 INFO             PET1 PIOc_sync Enter - MemInfo: [malloc] Maximum total allocated space:                     0 Byte
20220313 003542.075 INFO             PET1 PIOc_sync Enter - MemInfo: [malloc] Space in freed fastbin blocks:                    32 Byte
20220313 003542.075 INFO             PET1 PIOc_sync Enter - MemInfo: [malloc] Total allocated space:                       1770736 Byte
20220313 003542.075 INFO             PET1 PIOc_sync Enter - MemInfo: [malloc] Total free space:                           21734480 Byte
20220313 003542.075 INFO             PET1 PIOc_sync Enter - MemInfo: [malloc] Top-most, releasable space:                 16201808 Byte
20220313 003542.075 INFO             PET1 PIOc_sync Enter - MemInfo: [malloc] Total space in use, mmap + non-mmap:         6526192 Byte
20220313 003542.075 INFO             PET1 PIOc_sync Enter - MemInfo: [malloc] Total space held (mmap + non-mmap):         28260672 Byte
20220313 003542.075 INFO             PET1 PIOc_sync Enter - MemInfo: [malloc] Total space used (mmap + non-mmap):          6534512 Byte
20220313 003542.075 INFO             PET1 PIOc_sync Enter - MemInfo: Wall-clock time since execution start:                1.47012 seconds
20220313 003542.075 INFO             PET1 PIOc_sync Exit - MemInfo: [/proc/meminfo - SSI]	MemTotal:       65855856 kB
20220313 003542.075 INFO             PET1 PIOc_sync Exit - MemInfo: [/proc/meminfo - SSI]	MemFree:        61213876 kB
20220313 003542.075 INFO             PET1 PIOc_sync Exit - MemInfo: [/proc/meminfo - SSI]	MemAvailable:   60992508 kB
20220313 003542.075 INFO             PET1 PIOc_sync Exit - MemInfo: [/proc/meminfo - SSI]	Committed_AS:    2899128 kB
20220313 003542.075 INFO             PET1 PIOc_sync Exit - MemInfo: [/proc/meminfo - SSI]	CommittedPercent: 4.40223 %
20220313 003542.075 INFO             PET1 PIOc_sync Exit - MemInfo: [/proc/self/status]	VmPeak:	  135248 kB
20220313 003542.075 INFO             PET1 PIOc_sync Exit - MemInfo: [/proc/self/status]	VmSize:	  135224 kB
20220313 003542.075 INFO             PET1 PIOc_sync Exit - MemInfo: [/proc/self/status]	VmLck:	       0 kB
20220313 003542.075 INFO             PET1 PIOc_sync Exit - MemInfo: [/proc/self/status]	VmPin:	       0 kB
20220313 003542.075 INFO             PET1 PIOc_sync Exit - MemInfo: [/proc/self/status]	VmHWM:	   25512 kB
20220313 003542.075 INFO             PET1 PIOc_sync Exit - MemInfo: [/proc/self/status]	VmRSS:	   25504 kB
20220313 003542.075 INFO             PET1 PIOc_sync Exit - MemInfo: [/proc/self/status]	VmData:	   31852 kB
20220313 003542.075 INFO             PET1 PIOc_sync Exit - MemInfo: [/proc/self/status]	VmStk:	     164 kB
20220313 003542.075 INFO             PET1 PIOc_sync Exit - MemInfo: [/proc/self/status]	VmExe:	   40960 kB
20220313 003542.075 INFO             PET1 PIOc_sync Exit - MemInfo: [/proc/self/status]	VmLib:	    1952 kB
20220313 003542.075 INFO             PET1 PIOc_sync Exit - MemInfo: [/proc/self/status]	VmPTE:	     232 kB
20220313 003542.075 INFO             PET1 PIOc_sync Exit - MemInfo: [/proc/self/status]	VmPMD:	      12 kB
20220313 003542.075 INFO             PET1 PIOc_sync Exit - MemInfo: [/proc/self/status]	VmSwap:	       0 kB
20220313 003542.075 INFO             PET1 PIOc_sync Exit - MemInfo: [/proc/self/status]	VmRSSPercent: 0.038727 %
20220313 003542.075 INFO             PET1 PIOc_sync Exit - MemInfo: [malloc] Non-mmapped space allocated:                23505216 Byte
20220313 003542.075 INFO             PET1 PIOc_sync Exit - MemInfo: [malloc] Space allocated in mmapped regions:          4755456 Byte
20220313 003542.075 INFO             PET1 PIOc_sync Exit - MemInfo: [malloc] Maximum total allocated space:                     0 Byte
20220313 003542.075 INFO             PET1 PIOc_sync Exit - MemInfo: [malloc] Space in freed fastbin blocks:                     0 Byte
20220313 003542.075 INFO             PET1 PIOc_sync Exit - MemInfo: [malloc] Total allocated space:                       1771152 Byte
20220313 003542.075 INFO             PET1 PIOc_sync Exit - MemInfo: [malloc] Total free space:                           21734064 Byte
20220313 003542.075 INFO             PET1 PIOc_sync Exit - MemInfo: [malloc] Top-most, releasable space:                 16201808 Byte
20220313 003542.075 INFO             PET1 PIOc_sync Exit - MemInfo: [malloc] Total space in use, mmap + non-mmap:         6526608 Byte
20220313 003542.075 INFO             PET1 PIOc_sync Exit - MemInfo: [malloc] Total space held (mmap + non-mmap):         28260672 Byte
20220313 003542.075 INFO             PET1 PIOc_sync Exit - MemInfo: [malloc] Total space used (mmap + non-mmap):          6534816 Byte
20220313 003542.075 INFO             PET1 PIOc_sync Exit - MemInfo: Wall-clock time since execution start:                 1.4706 seconds
20220313 003542.076 INFO             PET1 PIOc_freedecomp Enter - MemInfo: [/proc/meminfo - SSI]	MemTotal:       65855856 kB
20220313 003542.076 INFO             PET1 PIOc_freedecomp Enter - MemInfo: [/proc/meminfo - SSI]	MemFree:        61213876 kB
20220313 003542.076 INFO             PET1 PIOc_freedecomp Enter - MemInfo: [/proc/meminfo - SSI]	MemAvailable:   60992508 kB
20220313 003542.076 INFO             PET1 PIOc_freedecomp Enter - MemInfo: [/proc/meminfo - SSI]	Committed_AS:    2899128 kB
20220313 003542.076 INFO             PET1 PIOc_freedecomp Enter - MemInfo: [/proc/meminfo - SSI]	CommittedPercent: 4.40223 %
20220313 003542.076 INFO             PET1 PIOc_freedecomp Enter - MemInfo: [/proc/self/status]	VmPeak:	  135248 kB
20220313 003542.076 INFO             PET1 PIOc_freedecomp Enter - MemInfo: [/proc/self/status]	VmSize:	  135224 kB
20220313 003542.076 INFO             PET1 PIOc_freedecomp Enter - MemInfo: [/proc/self/status]	VmLck:	       0 kB
20220313 003542.076 INFO             PET1 PIOc_freedecomp Enter - MemInfo: [/proc/self/status]	VmPin:	       0 kB
20220313 003542.076 INFO             PET1 PIOc_freedecomp Enter - MemInfo: [/proc/self/status]	VmHWM:	   25512 kB
20220313 003542.076 INFO             PET1 PIOc_freedecomp Enter - MemInfo: [/proc/self/status]	VmRSS:	   25504 kB
20220313 003542.076 INFO             PET1 PIOc_freedecomp Enter - MemInfo: [/proc/self/status]	VmData:	   31852 kB
20220313 003542.076 INFO             PET1 PIOc_freedecomp Enter - MemInfo: [/proc/self/status]	VmStk:	     164 kB
20220313 003542.076 INFO             PET1 PIOc_freedecomp Enter - MemInfo: [/proc/self/status]	VmExe:	   40960 kB
20220313 003542.076 INFO             PET1 PIOc_freedecomp Enter - MemInfo: [/proc/self/status]	VmLib:	    1952 kB
20220313 003542.076 INFO             PET1 PIOc_freedecomp Enter - MemInfo: [/proc/self/status]	VmPTE:	     232 kB
20220313 003542.076 INFO             PET1 PIOc_freedecomp Enter - MemInfo: [/proc/self/status]	VmPMD:	      12 kB
20220313 003542.076 INFO             PET1 PIOc_freedecomp Enter - MemInfo: [/proc/self/status]	VmSwap:	       0 kB
20220313 003542.076 INFO             PET1 PIOc_freedecomp Enter - MemInfo: [/proc/self/status]	VmRSSPercent: 0.038727 %
20220313 003542.076 INFO             PET1 PIOc_freedecomp Enter - MemInfo: [malloc] Non-mmapped space allocated:                23505216 Byte
20220313 003542.076 INFO             PET1 PIOc_freedecomp Enter - MemInfo: [malloc] Space allocated in mmapped regions:          4755456 Byte
20220313 003542.076 INFO             PET1 PIOc_freedecomp Enter - MemInfo: [malloc] Maximum total allocated space:                     0 Byte
20220313 003542.076 INFO             PET1 PIOc_freedecomp Enter - MemInfo: [malloc] Space in freed fastbin blocks:                     0 Byte
20220313 003542.076 INFO             PET1 PIOc_freedecomp Enter - MemInfo: [malloc] Total allocated space:                       1771376 Byte
20220313 003542.076 INFO             PET1 PIOc_freedecomp Enter - MemInfo: [malloc] Total free space:                           21733840 Byte
20220313 003542.076 INFO             PET1 PIOc_freedecomp Enter - MemInfo: [malloc] Top-most, releasable space:                 16201808 Byte
20220313 003542.076 INFO             PET1 PIOc_freedecomp Enter - MemInfo: [malloc] Total space in use, mmap + non-mmap:         6526832 Byte
20220313 003542.076 INFO             PET1 PIOc_freedecomp Enter - MemInfo: [malloc] Total space held (mmap + non-mmap):         28260672 Byte
20220313 003542.076 INFO             PET1 PIOc_freedecomp Enter - MemInfo: [malloc] Total space used (mmap + non-mmap):          6535040 Byte
20220313 003542.076 INFO             PET1 PIOc_freedecomp Enter - MemInfo: Wall-clock time since execution start:                1.47119 seconds
20220313 003542.076 INFO             PET1 PIOc_freedecomp Exit - MemInfo: [/proc/meminfo - SSI]	MemTotal:       65855856 kB
20220313 003542.076 INFO             PET1 PIOc_freedecomp Exit - MemInfo: [/proc/meminfo - SSI]	MemFree:        61213876 kB
20220313 003542.076 INFO             PET1 PIOc_freedecomp Exit - MemInfo: [/proc/meminfo - SSI]	MemAvailable:   60992508 kB
20220313 003542.076 INFO             PET1 PIOc_freedecomp Exit - MemInfo: [/proc/meminfo - SSI]	Committed_AS:    2899128 kB
20220313 003542.076 INFO             PET1 PIOc_freedecomp Exit - MemInfo: [/proc/meminfo - SSI]	CommittedPercent: 4.40223 %
20220313 003542.076 INFO             PET1 PIOc_freedecomp Exit - MemInfo: [/proc/self/status]	VmPeak:	  135248 kB
20220313 003542.076 INFO             PET1 PIOc_freedecomp Exit - MemInfo: [/proc/self/status]	VmSize:	  135224 kB
20220313 003542.076 INFO             PET1 PIOc_freedecomp Exit - MemInfo: [/proc/self/status]	VmLck:	       0 kB
20220313 003542.076 INFO             PET1 PIOc_freedecomp Exit - MemInfo: [/proc/self/status]	VmPin:	       0 kB
20220313 003542.076 INFO             PET1 PIOc_freedecomp Exit - MemInfo: [/proc/self/status]	VmHWM:	   25512 kB
20220313 003542.076 INFO             PET1 PIOc_freedecomp Exit - MemInfo: [/proc/self/status]	VmRSS:	   25504 kB
20220313 003542.076 INFO             PET1 PIOc_freedecomp Exit - MemInfo: [/proc/self/status]	VmData:	   31852 kB
20220313 003542.076 INFO             PET1 PIOc_freedecomp Exit - MemInfo: [/proc/self/status]	VmStk:	     164 kB
20220313 003542.076 INFO             PET1 PIOc_freedecomp Exit - MemInfo: [/proc/self/status]	VmExe:	   40960 kB
20220313 003542.076 INFO             PET1 PIOc_freedecomp Exit - MemInfo: [/proc/self/status]	VmLib:	    1952 kB
20220313 003542.076 INFO             PET1 PIOc_freedecomp Exit - MemInfo: [/proc/self/status]	VmPTE:	     232 kB
20220313 003542.076 INFO             PET1 PIOc_freedecomp Exit - MemInfo: [/proc/self/status]	VmPMD:	      12 kB
20220313 003542.076 INFO             PET1 PIOc_freedecomp Exit - MemInfo: [/proc/self/status]	VmSwap:	       0 kB
20220313 003542.076 INFO             PET1 PIOc_freedecomp Exit - MemInfo: [/proc/self/status]	VmRSSPercent: 0.038727 %
20220313 003542.076 INFO             PET1 PIOc_freedecomp Exit - MemInfo: [malloc] Non-mmapped space allocated:                23505216 Byte
20220313 003542.076 INFO             PET1 PIOc_freedecomp Exit - MemInfo: [malloc] Space allocated in mmapped regions:          4755456 Byte
20220313 003542.076 INFO             PET1 PIOc_freedecomp Exit - MemInfo: [malloc] Maximum total allocated space:                     0 Byte
20220313 003542.076 INFO             PET1 PIOc_freedecomp Exit - MemInfo: [malloc] Space in freed fastbin blocks:                   496 Byte
20220313 003542.076 INFO             PET1 PIOc_freedecomp Exit - MemInfo: [malloc] Total allocated space:                       1770880 Byte
20220313 003542.076 INFO             PET1 PIOc_freedecomp Exit - MemInfo: [malloc] Total free space:                           21734336 Byte
20220313 003542.076 INFO             PET1 PIOc_freedecomp Exit - MemInfo: [malloc] Top-most, releasable space:                 16201808 Byte
20220313 003542.076 INFO             PET1 PIOc_freedecomp Exit - MemInfo: [malloc] Total space in use, mmap + non-mmap:         6526336 Byte
20220313 003542.076 INFO             PET1 PIOc_freedecomp Exit - MemInfo: [malloc] Total space held (mmap + non-mmap):         28260672 Byte
20220313 003542.076 INFO             PET1 PIOc_freedecomp Exit - MemInfo: [malloc] Total space used (mmap + non-mmap):          6534544 Byte
20220313 003542.076 INFO             PET1 PIOc_freedecomp Exit - MemInfo: Wall-clock time since execution start:                 1.4716 seconds
20220313 003542.078 INFO             PET1 PIOc_sync Enter - MemInfo: [/proc/meminfo - SSI]	MemTotal:       65855856 kB
20220313 003542.078 INFO             PET1 PIOc_sync Enter - MemInfo: [/proc/meminfo - SSI]	MemFree:        61213876 kB
20220313 003542.078 INFO             PET1 PIOc_sync Enter - MemInfo: [/proc/meminfo - SSI]	MemAvailable:   60992508 kB
20220313 003542.078 INFO             PET1 PIOc_sync Enter - MemInfo: [/proc/meminfo - SSI]	Committed_AS:    2899128 kB
20220313 003542.078 INFO             PET1 PIOc_sync Enter - MemInfo: [/proc/meminfo - SSI]	CommittedPercent: 4.40223 %
20220313 003542.078 INFO             PET1 PIOc_sync Enter - MemInfo: [/proc/self/status]	VmPeak:	  135248 kB
20220313 003542.078 INFO             PET1 PIOc_sync Enter - MemInfo: [/proc/self/status]	VmSize:	  135224 kB
20220313 003542.078 INFO             PET1 PIOc_sync Enter - MemInfo: [/proc/self/status]	VmLck:	       0 kB
20220313 003542.078 INFO             PET1 PIOc_sync Enter - MemInfo: [/proc/self/status]	VmPin:	       0 kB
20220313 003542.078 INFO             PET1 PIOc_sync Enter - MemInfo: [/proc/self/status]	VmHWM:	   25512 kB
20220313 003542.078 INFO             PET1 PIOc_sync Enter - MemInfo: [/proc/self/status]	VmRSS:	   25504 kB
20220313 003542.078 INFO             PET1 PIOc_sync Enter - MemInfo: [/proc/self/status]	VmData:	   31852 kB
20220313 003542.078 INFO             PET1 PIOc_sync Enter - MemInfo: [/proc/self/status]	VmStk:	     164 kB
20220313 003542.078 INFO             PET1 PIOc_sync Enter - MemInfo: [/proc/self/status]	VmExe:	   40960 kB
20220313 003542.078 INFO             PET1 PIOc_sync Enter - MemInfo: [/proc/self/status]	VmLib:	    1952 kB
20220313 003542.078 INFO             PET1 PIOc_sync Enter - MemInfo: [/proc/self/status]	VmPTE:	     232 kB
20220313 003542.078 INFO             PET1 PIOc_sync Enter - MemInfo: [/proc/self/status]	VmPMD:	      12 kB
20220313 003542.078 INFO             PET1 PIOc_sync Enter - MemInfo: [/proc/self/status]	VmSwap:	       0 kB
20220313 003542.078 INFO             PET1 PIOc_sync Enter - MemInfo: [/proc/self/status]	VmRSSPercent: 0.038727 %
20220313 003542.078 INFO             PET1 PIOc_sync Enter - MemInfo: [malloc] Non-mmapped space allocated:                23505216 Byte
20220313 003542.078 INFO             PET1 PIOc_sync Enter - MemInfo: [malloc] Space allocated in mmapped regions:          4755456 Byte
20220313 003542.078 INFO             PET1 PIOc_sync Enter - MemInfo: [malloc] Maximum total allocated space:                     0 Byte
20220313 003542.078 INFO             PET1 PIOc_sync Enter - MemInfo: [malloc] Space in freed fastbin blocks:                    32 Byte
20220313 003542.078 INFO             PET1 PIOc_sync Enter - MemInfo: [malloc] Total allocated space:                       1772480 Byte
20220313 003542.078 INFO             PET1 PIOc_sync Enter - MemInfo: [malloc] Total free space:                           21732736 Byte
20220313 003542.078 INFO             PET1 PIOc_sync Enter - MemInfo: [malloc] Top-most, releasable space:                 16201808 Byte
20220313 003542.078 INFO             PET1 PIOc_sync Enter - MemInfo: [malloc] Total space in use, mmap + non-mmap:         6527936 Byte
20220313 003542.078 INFO             PET1 PIOc_sync Enter - MemInfo: [malloc] Total space held (mmap + non-mmap):         28260672 Byte
20220313 003542.078 INFO             PET1 PIOc_sync Enter - MemInfo: [malloc] Total space used (mmap + non-mmap):          6536144 Byte
