build time -- 2022-03-14 00:47:24
20220314 013708.326 INFO             PET0 !!!!!!!!!!!!!!!!!!!!!!!!!!!!!!!!!!!!!!!!!!!!!!!!!!!!!!
20220314 013708.326 INFO             PET0 !!! THE ESMF_LOG IS SET TO OUTPUT ALL LOG MESSAGES !!!
20220314 013708.326 INFO             PET0 !!!     THIS MAY CAUSE SLOWDOWN IN PERFORMANCE     !!!
20220314 013708.326 INFO             PET0 !!! FOR PRODUCTION RUNS, USE:                      !!!
20220314 013708.326 INFO             PET0 !!!                   ESMF_LOGKIND_Multi_On_Error  !!!
20220314 013708.326 INFO             PET0 !!!!!!!!!!!!!!!!!!!!!!!!!!!!!!!!!!!!!!!!!!!!!!!!!!!!!!
20220314 013708.326 INFO             PET0 Running with ESMF Version   : v8.3.0b09-96-g559b459836
20220314 013708.326 INFO             PET0 ESMF library build date/time: "Mar 14 2022" "00:45:31"
20220314 013708.326 INFO             PET0 ESMF library build location : /lustre/f2/dev/ncep/Mark.Potts/gfortran_8.3.0_mpi_g_jedwards_pio_update2
20220314 013708.326 INFO             PET0 ESMF_COMM                   : mpi
20220314 013708.326 INFO             PET0 ESMF_MOAB                   : enabled
20220314 013708.326 INFO             PET0 ESMF_LAPACK                 : enabled
20220314 013708.326 INFO             PET0 ESMF_NETCDF                 : enabled
20220314 013708.326 INFO             PET0 ESMF_PNETCDF                : disabled
20220314 013708.326 INFO             PET0 ESMF_PIO                    : enabled
20220314 013708.326 INFO             PET0 ESMF_YAMLCPP                : enabled
20220314 013708.326 INFO             PET0  Beginning Test, file ESMF_ArrayIOUTest.F90, line 103
20220314 013708.326 INFO             PET0  NUMBER_OF_PROCESSORS           6
20220314 013708.327 INFO             PET0  PASS  dstDistgrid Create Test, ESMF_ArrayIOUTest.F90, line 137
20220314 013708.327 INFO             PET0  PASS  Array Spec Set Test, ESMF_ArrayIOUTest.F90, line 145
20220314 013708.328 INFO             PET0  PASS  Array with Halo Create Test, ESMF_ArrayIOUTest.F90, line 160
20220314 013708.328 INFO             PET0  PASS  Array without Halo Create Test, ESMF_ArrayIOUTest.F90, line 170
20220314 013708.328 INFO             PET0  PASS  Accessing Fortran pointers for Arrays Test, ESMF_ArrayIOUTest.F90, line 225
20220314 013708.349 INFO             PET0 PIOc_sync Enter - MemInfo: [/proc/meminfo - SSI]	MemTotal:       65855856 kB
20220314 013708.349 INFO             PET0 PIOc_sync Enter - MemInfo: [/proc/meminfo - SSI]	MemFree:        61165304 kB
20220314 013708.349 INFO             PET0 PIOc_sync Enter - MemInfo: [/proc/meminfo - SSI]	MemAvailable:   60945900 kB
20220314 013708.349 INFO             PET0 PIOc_sync Enter - MemInfo: [/proc/meminfo - SSI]	Committed_AS:    2908608 kB
20220314 013708.349 INFO             PET0 PIOc_sync Enter - MemInfo: [/proc/meminfo - SSI]	CommittedPercent: 4.41663 %
20220314 013708.349 INFO             PET0 PIOc_sync Enter - MemInfo: [/proc/self/status]	VmPeak:	   93740 kB
20220314 013708.349 INFO             PET0 PIOc_sync Enter - MemInfo: [/proc/self/status]	VmSize:	   93740 kB
20220314 013708.349 INFO             PET0 PIOc_sync Enter - MemInfo: [/proc/self/status]	VmLck:	       0 kB
20220314 013708.349 INFO             PET0 PIOc_sync Enter - MemInfo: [/proc/self/status]	VmPin:	       0 kB
20220314 013708.349 INFO             PET0 PIOc_sync Enter - MemInfo: [/proc/self/status]	VmHWM:	   18328 kB
20220314 013708.349 INFO             PET0 PIOc_sync Enter - MemInfo: [/proc/self/status]	VmRSS:	   18328 kB
20220314 013708.349 INFO             PET0 PIOc_sync Enter - MemInfo: [/proc/self/status]	VmData:	   17888 kB
20220314 013708.349 INFO             PET0 PIOc_sync Enter - MemInfo: [/proc/self/status]	VmStk:	     164 kB
20220314 013708.349 INFO             PET0 PIOc_sync Enter - MemInfo: [/proc/self/status]	VmExe:	   40852 kB
20220314 013708.349 INFO             PET0 PIOc_sync Enter - MemInfo: [/proc/self/status]	VmLib:	    1952 kB
20220314 013708.349 INFO             PET0 PIOc_sync Enter - MemInfo: [/proc/self/status]	VmPTE:	     152 kB
20220314 013708.349 INFO             PET0 PIOc_sync Enter - MemInfo: [/proc/self/status]	VmPMD:	      12 kB
20220314 013708.349 INFO             PET0 PIOc_sync Enter - MemInfo: [/proc/self/status]	VmSwap:	       0 kB
20220314 013708.349 INFO             PET0 PIOc_sync Enter - MemInfo: [/proc/self/status]	VmRSSPercent: 0.0278305 %
20220314 013708.349 INFO             PET0 PIOc_sync Enter - MemInfo: [malloc] Non-mmapped space allocated:                 1173824 Byte
20220314 013708.349 INFO             PET0 PIOc_sync Enter - MemInfo: [malloc] Space allocated in mmapped regions:         12787712 Byte
20220314 013708.349 INFO             PET0 PIOc_sync Enter - MemInfo: [malloc] Maximum total allocated space:                     0 Byte
20220314 013708.349 INFO             PET0 PIOc_sync Enter - MemInfo: [malloc] Space in freed fastbin blocks:                     0 Byte
20220314 013708.349 INFO             PET0 PIOc_sync Enter - MemInfo: [malloc] Total allocated space:                       1014064 Byte
20220314 013708.349 INFO             PET0 PIOc_sync Enter - MemInfo: [malloc] Total free space:                             159760 Byte
20220314 013708.349 INFO             PET0 PIOc_sync Enter - MemInfo: [malloc] Top-most, releasable space:                   135104 Byte
20220314 013708.349 INFO             PET0 PIOc_sync Enter - MemInfo: [malloc] Total space in use, mmap + non-mmap:        13801776 Byte
20220314 013708.349 INFO             PET0 PIOc_sync Enter - MemInfo: [malloc] Total space held (mmap + non-mmap):         13961536 Byte
20220314 013708.349 INFO             PET0 PIOc_sync Enter - MemInfo: [malloc] Total space used (mmap + non-mmap):         13811840 Byte
20220314 013708.349 INFO             PET0 PIOc_sync Enter - MemInfo: Wall-clock time since execution start:               0.044122 seconds
20220314 013708.350 INFO             PET0 PIOc_sync Exit - MemInfo: [/proc/meminfo - SSI]	MemTotal:       65855856 kB
20220314 013708.350 INFO             PET0 PIOc_sync Exit - MemInfo: [/proc/meminfo - SSI]	MemFree:        61164800 kB
20220314 013708.350 INFO             PET0 PIOc_sync Exit - MemInfo: [/proc/meminfo - SSI]	MemAvailable:   60945396 kB
20220314 013708.350 INFO             PET0 PIOc_sync Exit - MemInfo: [/proc/meminfo - SSI]	Committed_AS:    2908608 kB
20220314 013708.350 INFO             PET0 PIOc_sync Exit - MemInfo: [/proc/meminfo - SSI]	CommittedPercent: 4.41663 %
20220314 013708.350 INFO             PET0 PIOc_sync Exit - MemInfo: [/proc/self/status]	VmPeak:	   94064 kB
20220314 013708.350 INFO             PET0 PIOc_sync Exit - MemInfo: [/proc/self/status]	VmSize:	   94064 kB
20220314 013708.350 INFO             PET0 PIOc_sync Exit - MemInfo: [/proc/self/status]	VmLck:	       0 kB
20220314 013708.350 INFO             PET0 PIOc_sync Exit - MemInfo: [/proc/self/status]	VmPin:	       0 kB
20220314 013708.350 INFO             PET0 PIOc_sync Exit - MemInfo: [/proc/self/status]	VmHWM:	   18824 kB
20220314 013708.350 INFO             PET0 PIOc_sync Exit - MemInfo: [/proc/self/status]	VmRSS:	   18824 kB
20220314 013708.350 INFO             PET0 PIOc_sync Exit - MemInfo: [/proc/self/status]	VmData:	   18212 kB
20220314 013708.350 INFO             PET0 PIOc_sync Exit - MemInfo: [/proc/self/status]	VmStk:	     164 kB
20220314 013708.350 INFO             PET0 PIOc_sync Exit - MemInfo: [/proc/self/status]	VmExe:	   40852 kB
20220314 013708.350 INFO             PET0 PIOc_sync Exit - MemInfo: [/proc/self/status]	VmLib:	    1952 kB
20220314 013708.350 INFO             PET0 PIOc_sync Exit - MemInfo: [/proc/self/status]	VmPTE:	     172 kB
20220314 013708.350 INFO             PET0 PIOc_sync Exit - MemInfo: [/proc/self/status]	VmPMD:	      12 kB
20220314 013708.350 INFO             PET0 PIOc_sync Exit - MemInfo: [/proc/self/status]	VmSwap:	       0 kB
20220314 013708.350 INFO             PET0 PIOc_sync Exit - MemInfo: [/proc/self/status]	VmRSSPercent: 0.0285836 %
20220314 013708.350 INFO             PET0 PIOc_sync Exit - MemInfo: [malloc] Non-mmapped space allocated:                 1173824 Byte
20220314 013708.350 INFO             PET0 PIOc_sync Exit - MemInfo: [malloc] Space allocated in mmapped regions:         13119488 Byte
20220314 013708.350 INFO             PET0 PIOc_sync Exit - MemInfo: [malloc] Maximum total allocated space:                     0 Byte
20220314 013708.350 INFO             PET0 PIOc_sync Exit - MemInfo: [malloc] Space in freed fastbin blocks:                     0 Byte
20220314 013708.350 INFO             PET0 PIOc_sync Exit - MemInfo: [malloc] Total allocated space:                       1088256 Byte
20220314 013708.350 INFO             PET0 PIOc_sync Exit - MemInfo: [malloc] Total free space:                              85568 Byte
20220314 013708.350 INFO             PET0 PIOc_sync Exit - MemInfo: [malloc] Top-most, releasable space:                    69552 Byte
20220314 013708.350 INFO             PET0 PIOc_sync Exit - MemInfo: [malloc] Total space in use, mmap + non-mmap:        14207744 Byte
20220314 013708.350 INFO             PET0 PIOc_sync Exit - MemInfo: [malloc] Total space held (mmap + non-mmap):         14293312 Byte
20220314 013708.350 INFO             PET0 PIOc_sync Exit - MemInfo: [malloc] Total space used (mmap + non-mmap):         14216688 Byte
20220314 013708.350 INFO             PET0 PIOc_sync Exit - MemInfo: Wall-clock time since execution start:              0.0450149 seconds
20220314 013708.351 INFO             PET0 PIOc_freedecomp Enter - MemInfo: [/proc/meminfo - SSI]	MemTotal:       65855856 kB
20220314 013708.351 INFO             PET0 PIOc_freedecomp Enter - MemInfo: [/proc/meminfo - SSI]	MemFree:        61171856 kB
20220314 013708.351 INFO             PET0 PIOc_freedecomp Enter - MemInfo: [/proc/meminfo - SSI]	MemAvailable:   60952452 kB
20220314 013708.351 INFO             PET0 PIOc_freedecomp Enter - MemInfo: [/proc/meminfo - SSI]	Committed_AS:    2901872 kB
20220314 013708.351 INFO             PET0 PIOc_freedecomp Enter - MemInfo: [/proc/meminfo - SSI]	CommittedPercent: 4.4064 %
20220314 013708.351 INFO             PET0 PIOc_freedecomp Enter - MemInfo: [/proc/self/status]	VmPeak:	   94064 kB
20220314 013708.351 INFO             PET0 PIOc_freedecomp Enter - MemInfo: [/proc/self/status]	VmSize:	   85352 kB
20220314 013708.351 INFO             PET0 PIOc_freedecomp Enter - MemInfo: [/proc/self/status]	VmLck:	       0 kB
20220314 013708.351 INFO             PET0 PIOc_freedecomp Enter - MemInfo: [/proc/self/status]	VmPin:	       0 kB
20220314 013708.351 INFO             PET0 PIOc_freedecomp Enter - MemInfo: [/proc/self/status]	VmHWM:	   18824 kB
20220314 013708.351 INFO             PET0 PIOc_freedecomp Enter - MemInfo: [/proc/self/status]	VmRSS:	   10756 kB
20220314 013708.351 INFO             PET0 PIOc_freedecomp Enter - MemInfo: [/proc/self/status]	VmData:	    9500 kB
20220314 013708.351 INFO             PET0 PIOc_freedecomp Enter - MemInfo: [/proc/self/status]	VmStk:	     164 kB
20220314 013708.351 INFO             PET0 PIOc_freedecomp Enter - MemInfo: [/proc/self/status]	VmExe:	   40852 kB
20220314 013708.351 INFO             PET0 PIOc_freedecomp Enter - MemInfo: [/proc/self/status]	VmLib:	    1952 kB
20220314 013708.351 INFO             PET0 PIOc_freedecomp Enter - MemInfo: [/proc/self/status]	VmPTE:	     156 kB
20220314 013708.351 INFO             PET0 PIOc_freedecomp Enter - MemInfo: [/proc/self/status]	VmPMD:	      12 kB
20220314 013708.351 INFO             PET0 PIOc_freedecomp Enter - MemInfo: [/proc/self/status]	VmSwap:	       0 kB
20220314 013708.351 INFO             PET0 PIOc_freedecomp Enter - MemInfo: [/proc/self/status]	VmRSSPercent: 0.0163326 %
20220314 013708.351 INFO             PET0 PIOc_freedecomp Enter - MemInfo: [malloc] Non-mmapped space allocated:                 1173824 Byte
20220314 013708.351 INFO             PET0 PIOc_freedecomp Enter - MemInfo: [malloc] Space allocated in mmapped regions:          4198400 Byte
20220314 013708.351 INFO             PET0 PIOc_freedecomp Enter - MemInfo: [malloc] Maximum total allocated space:                     0 Byte
20220314 013708.351 INFO             PET0 PIOc_freedecomp Enter - MemInfo: [malloc] Space in freed fastbin blocks:                   688 Byte
20220314 013708.351 INFO             PET0 PIOc_freedecomp Enter - MemInfo: [malloc] Total allocated space:                       1078032 Byte
20220314 013708.351 INFO             PET0 PIOc_freedecomp Enter - MemInfo: [malloc] Total free space:                              95792 Byte
20220314 013708.351 INFO             PET0 PIOc_freedecomp Enter - MemInfo: [malloc] Top-most, releasable space:                    69552 Byte
20220314 013708.351 INFO             PET0 PIOc_freedecomp Enter - MemInfo: [malloc] Total space in use, mmap + non-mmap:         5276432 Byte
20220314 013708.351 INFO             PET0 PIOc_freedecomp Enter - MemInfo: [malloc] Total space held (mmap + non-mmap):          5372224 Byte
20220314 013708.351 INFO             PET0 PIOc_freedecomp Enter - MemInfo: [malloc] Total space used (mmap + non-mmap):          5284976 Byte
20220314 013708.351 INFO             PET0 PIOc_freedecomp Enter - MemInfo: Wall-clock time since execution start:              0.0459769 seconds
20220314 013708.351 INFO             PET0 PIOc_freedecomp Exit - MemInfo: [/proc/meminfo - SSI]	MemTotal:       65855856 kB
20220314 013708.351 INFO             PET0 PIOc_freedecomp Exit - MemInfo: [/proc/meminfo - SSI]	MemFree:        61171856 kB
20220314 013708.351 INFO             PET0 PIOc_freedecomp Exit - MemInfo: [/proc/meminfo - SSI]	MemAvailable:   60952452 kB
20220314 013708.351 INFO             PET0 PIOc_freedecomp Exit - MemInfo: [/proc/meminfo - SSI]	Committed_AS:    2901872 kB
20220314 013708.351 INFO             PET0 PIOc_freedecomp Exit - MemInfo: [/proc/meminfo - SSI]	CommittedPercent: 4.4064 %
20220314 013708.351 INFO             PET0 PIOc_freedecomp Exit - MemInfo: [/proc/self/status]	VmPeak:	   94064 kB
20220314 013708.351 INFO             PET0 PIOc_freedecomp Exit - MemInfo: [/proc/self/status]	VmSize:	   85352 kB
20220314 013708.351 INFO             PET0 PIOc_freedecomp Exit - MemInfo: [/proc/self/status]	VmLck:	       0 kB
20220314 013708.351 INFO             PET0 PIOc_freedecomp Exit - MemInfo: [/proc/self/status]	VmPin:	       0 kB
20220314 013708.352 INFO             PET0 PIOc_freedecomp Exit - MemInfo: [/proc/self/status]	VmHWM:	   18824 kB
20220314 013708.352 INFO             PET0 PIOc_freedecomp Exit - MemInfo: [/proc/self/status]	VmRSS:	   10756 kB
20220314 013708.352 INFO             PET0 PIOc_freedecomp Exit - MemInfo: [/proc/self/status]	VmData:	    9500 kB
20220314 013708.352 INFO             PET0 PIOc_freedecomp Exit - MemInfo: [/proc/self/status]	VmStk:	     164 kB
20220314 013708.352 INFO             PET0 PIOc_freedecomp Exit - MemInfo: [/proc/self/status]	VmExe:	   40852 kB
20220314 013708.352 INFO             PET0 PIOc_freedecomp Exit - MemInfo: [/proc/self/status]	VmLib:	    1952 kB
20220314 013708.352 INFO             PET0 PIOc_freedecomp Exit - MemInfo: [/proc/self/status]	VmPTE:	     156 kB
20220314 013708.352 INFO             PET0 PIOc_freedecomp Exit - MemInfo: [/proc/self/status]	VmPMD:	      12 kB
20220314 013708.352 INFO             PET0 PIOc_freedecomp Exit - MemInfo: [/proc/self/status]	VmSwap:	       0 kB
20220314 013708.352 INFO             PET0 PIOc_freedecomp Exit - MemInfo: [/proc/self/status]	VmRSSPercent: 0.0163326 %
20220314 013708.352 INFO             PET0 PIOc_freedecomp Exit - MemInfo: [malloc] Non-mmapped space allocated:                 1173824 Byte
20220314 013708.352 INFO             PET0 PIOc_freedecomp Exit - MemInfo: [malloc] Space allocated in mmapped regions:          4198400 Byte
20220314 013708.352 INFO             PET0 PIOc_freedecomp Exit - MemInfo: [malloc] Maximum total allocated space:                     0 Byte
20220314 013708.352 INFO             PET0 PIOc_freedecomp Exit - MemInfo: [malloc] Space in freed fastbin blocks:                   432 Byte
20220314 013708.352 INFO             PET0 PIOc_freedecomp Exit - MemInfo: [malloc] Total allocated space:                       1064896 Byte
20220314 013708.352 INFO             PET0 PIOc_freedecomp Exit - MemInfo: [malloc] Total free space:                             108928 Byte
20220314 013708.352 INFO             PET0 PIOc_freedecomp Exit - MemInfo: [malloc] Top-most, releasable space:                    69552 Byte
20220314 013708.352 INFO             PET0 PIOc_freedecomp Exit - MemInfo: [malloc] Total space in use, mmap + non-mmap:         5263296 Byte
20220314 013708.352 INFO             PET0 PIOc_freedecomp Exit - MemInfo: [malloc] Total space held (mmap + non-mmap):          5372224 Byte
20220314 013708.352 INFO             PET0 PIOc_freedecomp Exit - MemInfo: [malloc] Total space used (mmap + non-mmap):          5272096 Byte
20220314 013708.352 INFO             PET0 PIOc_freedecomp Exit - MemInfo: Wall-clock time since execution start:              0.0464008 seconds
20220314 013708.352 INFO             PET0  PASS  Write ESMF_Array with Halo to NetCDF Test, ESMF_ArrayIOUTest.F90, line 236
20220314 013708.353 WARNING          PET0 ESMCI_PIO_Handler.C:1319 ESMCI::PIO_Handler::open()  Unable to create file: file3D_withhalo.nc, (PIO/NetCDF error = NetCDF: File exists && NC_NOCLOBBER)
20220314 013708.353 ERROR            PET0 ESMCI_PIO_Handler.C:779 ESMCI::PIO_Handler::arrayWrite() Unable to read from file  - file not open
20220314 013708.353 ERROR            PET0 ESMCI_IO.C:736 ESMCI::IO::write() Unable to read from file  - Internal subroutine call returned Error
20220314 013708.353 ERROR            PET0 ESMCI_IO.C:956 ESMCI::IO::close() Unable to close file  - Internal subroutine call returned Error
20220314 013708.353 ERROR            PET0 ESMCI_IO.C:494 ESMCI::IO::write() Unable to read from file  - Internal subroutine call returned Error
20220314 013708.353 ERROR            PET0 ESMCI_Array.C:4093 ESMCI::Array::write() Unable to write to file  - Internal subroutine call returned Error
20220314 013708.353 ERROR            PET0 ESMCI_Array_F.C:801 c_esmc_arraywrite() Unable to write to file  - Internal subroutine call returned Error
20220314 013708.353 ERROR            PET0 ESMF_Array.F90:3994 ESMF_ArrayWrite Unable to write to file  - Internal subroutine call returned Error
20220314 013708.353 INFO             PET0  PASS  Write ESMF_Array with Halo Test overwrite test, ESMF_ArrayIOUTest.F90, line 250
20220314 013708.353 ERROR            PET0 ESMCI_IO_Handler.C:164 ESMCI::IO_Handler::create() Unknown I/O Format
20220314 013708.353 ERROR            PET0 ESMCI_IO.C:469 ESMCI::IO::write() Invalid argument  - Internal subroutine call returned Error
20220314 013708.353 ERROR            PET0 ESMCI_Array.C:4093 ESMCI::Array::write() Invalid argument  - Internal subroutine call returned Error
20220314 013708.353 ERROR            PET0 ESMCI_Array_F.C:801 c_esmc_arraywrite() Invalid argument  - Internal subroutine call returned Error
20220314 013708.353 ERROR            PET0 ESMF_Array.F90:3994 ESMF_ArrayWrite Invalid argument  - Internal subroutine call returned Error
20220314 013708.353 INFO             PET0  PASS  Write ESMF_Array with Halo to binary Test, ESMF_ArrayIOUTest.F90, line 264
20220314 013708.370 INFO             PET0 PIOc_sync Enter - MemInfo: [/proc/meminfo - SSI]	MemTotal:       65855856 kB
20220314 013708.370 INFO             PET0 PIOc_sync Enter - MemInfo: [/proc/meminfo - SSI]	MemFree:        61164028 kB
20220314 013708.370 INFO             PET0 PIOc_sync Enter - MemInfo: [/proc/meminfo - SSI]	MemAvailable:   60944876 kB
20220314 013708.370 INFO             PET0 PIOc_sync Enter - MemInfo: [/proc/meminfo - SSI]	Committed_AS:    2910128 kB
20220314 013708.370 INFO             PET0 PIOc_sync Enter - MemInfo: [/proc/meminfo - SSI]	CommittedPercent: 4.41894 %
20220314 013708.370 INFO             PET0 PIOc_sync Enter - MemInfo: [/proc/self/status]	VmPeak:	   94120 kB
20220314 013708.370 INFO             PET0 PIOc_sync Enter - MemInfo: [/proc/self/status]	VmSize:	   94120 kB
20220314 013708.370 INFO             PET0 PIOc_sync Enter - MemInfo: [/proc/self/status]	VmLck:	       0 kB
20220314 013708.370 INFO             PET0 PIOc_sync Enter - MemInfo: [/proc/self/status]	VmPin:	       0 kB
20220314 013708.370 INFO             PET0 PIOc_sync Enter - MemInfo: [/proc/self/status]	VmHWM:	   19224 kB
20220314 013708.370 INFO             PET0 PIOc_sync Enter - MemInfo: [/proc/self/status]	VmRSS:	   19224 kB
20220314 013708.370 INFO             PET0 PIOc_sync Enter - MemInfo: [/proc/self/status]	VmData:	   18268 kB
20220314 013708.370 INFO             PET0 PIOc_sync Enter - MemInfo: [/proc/self/status]	VmStk:	     164 kB
20220314 013708.370 INFO             PET0 PIOc_sync Enter - MemInfo: [/proc/self/status]	VmExe:	   40852 kB
20220314 013708.370 INFO             PET0 PIOc_sync Enter - MemInfo: [/proc/self/status]	VmLib:	    1952 kB
20220314 013708.370 INFO             PET0 PIOc_sync Enter - MemInfo: [/proc/self/status]	VmPTE:	     172 kB
20220314 013708.370 INFO             PET0 PIOc_sync Enter - MemInfo: [/proc/self/status]	VmPMD:	      12 kB
20220314 013708.370 INFO             PET0 PIOc_sync Enter - MemInfo: [/proc/self/status]	VmSwap:	       0 kB
20220314 013708.370 INFO             PET0 PIOc_sync Enter - MemInfo: [/proc/self/status]	VmRSSPercent: 0.029191 %
20220314 013708.370 INFO             PET0 PIOc_sync Enter - MemInfo: [malloc] Non-mmapped space allocated:                10152256 Byte
20220314 013708.370 INFO             PET0 PIOc_sync Enter - MemInfo: [malloc] Space allocated in mmapped regions:          4198400 Byte
20220314 013708.370 INFO             PET0 PIOc_sync Enter - MemInfo: [malloc] Maximum total allocated space:                     0 Byte
20220314 013708.370 INFO             PET0 PIOc_sync Enter - MemInfo: [malloc] Space in freed fastbin blocks:                     0 Byte
20220314 013708.370 INFO             PET0 PIOc_sync Enter - MemInfo: [malloc] Total allocated space:                       9999008 Byte
20220314 013708.370 INFO             PET0 PIOc_sync Enter - MemInfo: [malloc] Total free space:                             153248 Byte
20220314 013708.370 INFO             PET0 PIOc_sync Enter - MemInfo: [malloc] Top-most, releasable space:                   135056 Byte
20220314 013708.370 INFO             PET0 PIOc_sync Enter - MemInfo: [malloc] Total space in use, mmap + non-mmap:        14197408 Byte
20220314 013708.371 INFO             PET0 PIOc_sync Enter - MemInfo: [malloc] Total space held (mmap + non-mmap):         14350656 Byte
20220314 013708.371 INFO             PET0 PIOc_sync Enter - MemInfo: [malloc] Total space used (mmap + non-mmap):         14206176 Byte
20220314 013708.371 INFO             PET0 PIOc_sync Enter - MemInfo: Wall-clock time since execution start:               0.065202 seconds
20220314 013708.371 INFO             PET0 PIOc_sync Exit - MemInfo: [/proc/meminfo - SSI]	MemTotal:       65855856 kB
20220314 013708.371 INFO             PET0 PIOc_sync Exit - MemInfo: [/proc/meminfo - SSI]	MemFree:        61163508 kB
20220314 013708.371 INFO             PET0 PIOc_sync Exit - MemInfo: [/proc/meminfo - SSI]	MemAvailable:   60944356 kB
20220314 013708.371 INFO             PET0 PIOc_sync Exit - MemInfo: [/proc/meminfo - SSI]	Committed_AS:    2910128 kB
20220314 013708.371 INFO             PET0 PIOc_sync Exit - MemInfo: [/proc/meminfo - SSI]	CommittedPercent: 4.41894 %
20220314 013708.371 INFO             PET0 PIOc_sync Exit - MemInfo: [/proc/self/status]	VmPeak:	   94120 kB
20220314 013708.371 INFO             PET0 PIOc_sync Exit - MemInfo: [/proc/self/status]	VmSize:	   94120 kB
20220314 013708.371 INFO             PET0 PIOc_sync Exit - MemInfo: [/proc/self/status]	VmLck:	       0 kB
20220314 013708.371 INFO             PET0 PIOc_sync Exit - MemInfo: [/proc/self/status]	VmPin:	       0 kB
20220314 013708.371 INFO             PET0 PIOc_sync Exit - MemInfo: [/proc/self/status]	VmHWM:	   19224 kB
20220314 013708.371 INFO             PET0 PIOc_sync Exit - MemInfo: [/proc/self/status]	VmRSS:	   19224 kB
20220314 013708.371 INFO             PET0 PIOc_sync Exit - MemInfo: [/proc/self/status]	VmData:	   18268 kB
20220314 013708.371 INFO             PET0 PIOc_sync Exit - MemInfo: [/proc/self/status]	VmStk:	     164 kB
20220314 013708.371 INFO             PET0 PIOc_sync Exit - MemInfo: [/proc/self/status]	VmExe:	   40852 kB
20220314 013708.371 INFO             PET0 PIOc_sync Exit - MemInfo: [/proc/self/status]	VmLib:	    1952 kB
20220314 013708.371 INFO             PET0 PIOc_sync Exit - MemInfo: [/proc/self/status]	VmPTE:	     172 kB
20220314 013708.371 INFO             PET0 PIOc_sync Exit - MemInfo: [/proc/self/status]	VmPMD:	      12 kB
20220314 013708.371 INFO             PET0 PIOc_sync Exit - MemInfo: [/proc/self/status]	VmSwap:	       0 kB
20220314 013708.371 INFO             PET0 PIOc_sync Exit - MemInfo: [/proc/self/status]	VmRSSPercent: 0.029191 %
20220314 013708.371 INFO             PET0 PIOc_sync Exit - MemInfo: [malloc] Non-mmapped space allocated:                10152256 Byte
20220314 013708.371 INFO             PET0 PIOc_sync Exit - MemInfo: [malloc] Space allocated in mmapped regions:          4198400 Byte
20220314 013708.371 INFO             PET0 PIOc_sync Exit - MemInfo: [malloc] Maximum total allocated space:                     0 Byte
20220314 013708.371 INFO             PET0 PIOc_sync Exit - MemInfo: [malloc] Space in freed fastbin blocks:                    48 Byte
20220314 013708.371 INFO             PET0 PIOc_sync Exit - MemInfo: [malloc] Total allocated space:                      10000448 Byte
20220314 013708.371 INFO             PET0 PIOc_sync Exit - MemInfo: [malloc] Total free space:                             151808 Byte
20220314 013708.371 INFO             PET0 PIOc_sync Exit - MemInfo: [malloc] Top-most, releasable space:                   135056 Byte
20220314 013708.371 INFO             PET0 PIOc_sync Exit - MemInfo: [malloc] Total space in use, mmap + non-mmap:        14198848 Byte
20220314 013708.371 INFO             PET0 PIOc_sync Exit - MemInfo: [malloc] Total space held (mmap + non-mmap):         14350656 Byte
20220314 013708.371 INFO             PET0 PIOc_sync Exit - MemInfo: [malloc] Total space used (mmap + non-mmap):         14207280 Byte
20220314 013708.371 INFO             PET0 PIOc_sync Exit - MemInfo: Wall-clock time since execution start:              0.0657198 seconds
20220314 013708.371 INFO             PET0 PIOc_freedecomp Enter - MemInfo: [/proc/meminfo - SSI]	MemTotal:       65855856 kB
20220314 013708.371 INFO             PET0 PIOc_freedecomp Enter - MemInfo: [/proc/meminfo - SSI]	MemFree:        61163508 kB
20220314 013708.371 INFO             PET0 PIOc_freedecomp Enter - MemInfo: [/proc/meminfo - SSI]	MemAvailable:   60944356 kB
20220314 013708.371 INFO             PET0 PIOc_freedecomp Enter - MemInfo: [/proc/meminfo - SSI]	Committed_AS:    2910128 kB
20220314 013708.371 INFO             PET0 PIOc_freedecomp Enter - MemInfo: [/proc/meminfo - SSI]	CommittedPercent: 4.41894 %
20220314 013708.371 INFO             PET0 PIOc_freedecomp Enter - MemInfo: [/proc/self/status]	VmPeak:	   94120 kB
20220314 013708.371 INFO             PET0 PIOc_freedecomp Enter - MemInfo: [/proc/self/status]	VmSize:	   94120 kB
20220314 013708.371 INFO             PET0 PIOc_freedecomp Enter - MemInfo: [/proc/self/status]	VmLck:	       0 kB
20220314 013708.371 INFO             PET0 PIOc_freedecomp Enter - MemInfo: [/proc/self/status]	VmPin:	       0 kB
20220314 013708.371 INFO             PET0 PIOc_freedecomp Enter - MemInfo: [/proc/self/status]	VmHWM:	   19224 kB
20220314 013708.371 INFO             PET0 PIOc_freedecomp Enter - MemInfo: [/proc/self/status]	VmRSS:	   19224 kB
20220314 013708.371 INFO             PET0 PIOc_freedecomp Enter - MemInfo: [/proc/self/status]	VmData:	   18268 kB
20220314 013708.371 INFO             PET0 PIOc_freedecomp Enter - MemInfo: [/proc/self/status]	VmStk:	     164 kB
20220314 013708.371 INFO             PET0 PIOc_freedecomp Enter - MemInfo: [/proc/self/status]	VmExe:	   40852 kB
20220314 013708.371 INFO             PET0 PIOc_freedecomp Enter - MemInfo: [/proc/self/status]	VmLib:	    1952 kB
20220314 013708.371 INFO             PET0 PIOc_freedecomp Enter - MemInfo: [/proc/self/status]	VmPTE:	     172 kB
20220314 013708.371 INFO             PET0 PIOc_freedecomp Enter - MemInfo: [/proc/self/status]	VmPMD:	      12 kB
20220314 013708.371 INFO             PET0 PIOc_freedecomp Enter - MemInfo: [/proc/self/status]	VmSwap:	       0 kB
20220314 013708.371 INFO             PET0 PIOc_freedecomp Enter - MemInfo: [/proc/self/status]	VmRSSPercent: 0.029191 %
20220314 013708.371 INFO             PET0 PIOc_freedecomp Enter - MemInfo: [malloc] Non-mmapped space allocated:                10152256 Byte
20220314 013708.372 INFO             PET0 PIOc_freedecomp Enter - MemInfo: [malloc] Space allocated in mmapped regions:          4198400 Byte
20220314 013708.372 INFO             PET0 PIOc_freedecomp Enter - MemInfo: [malloc] Maximum total allocated space:                     0 Byte
20220314 013708.372 INFO             PET0 PIOc_freedecomp Enter - MemInfo: [malloc] Space in freed fastbin blocks:                   256 Byte
20220314 013708.372 INFO             PET0 PIOc_freedecomp Enter - MemInfo: [malloc] Total allocated space:                       1076672 Byte
20220314 013708.372 INFO             PET0 PIOc_freedecomp Enter - MemInfo: [malloc] Total free space:                            9075584 Byte
20220314 013708.372 INFO             PET0 PIOc_freedecomp Enter - MemInfo: [malloc] Top-most, releasable space:                  9047984 Byte
20220314 013708.372 INFO             PET0 PIOc_freedecomp Enter - MemInfo: [malloc] Total space in use, mmap + non-mmap:         5275072 Byte
20220314 013708.372 INFO             PET0 PIOc_freedecomp Enter - MemInfo: [malloc] Total space held (mmap + non-mmap):         14350656 Byte
20220314 013708.372 INFO             PET0 PIOc_freedecomp Enter - MemInfo: [malloc] Total space used (mmap + non-mmap):          5283280 Byte
20220314 013708.372 INFO             PET0 PIOc_freedecomp Enter - MemInfo: Wall-clock time since execution start:              0.0662749 seconds
20220314 013708.372 INFO             PET0 PIOc_freedecomp Exit - MemInfo: [/proc/meminfo - SSI]	MemTotal:       65855856 kB
20220314 013708.372 INFO             PET0 PIOc_freedecomp Exit - MemInfo: [/proc/meminfo - SSI]	MemFree:        61163508 kB
20220314 013708.372 INFO             PET0 PIOc_freedecomp Exit - MemInfo: [/proc/meminfo - SSI]	MemAvailable:   60944356 kB
20220314 013708.372 INFO             PET0 PIOc_freedecomp Exit - MemInfo: [/proc/meminfo - SSI]	Committed_AS:    2910128 kB
20220314 013708.372 INFO             PET0 PIOc_freedecomp Exit - MemInfo: [/proc/meminfo - SSI]	CommittedPercent: 4.41894 %
20220314 013708.372 INFO             PET0 PIOc_freedecomp Exit - MemInfo: [/proc/self/status]	VmPeak:	   94120 kB
20220314 013708.372 INFO             PET0 PIOc_freedecomp Exit - MemInfo: [/proc/self/status]	VmSize:	   94120 kB
20220314 013708.372 INFO             PET0 PIOc_freedecomp Exit - MemInfo: [/proc/self/status]	VmLck:	       0 kB
20220314 013708.372 INFO             PET0 PIOc_freedecomp Exit - MemInfo: [/proc/self/status]	VmPin:	       0 kB
20220314 013708.372 INFO             PET0 PIOc_freedecomp Exit - MemInfo: [/proc/self/status]	VmHWM:	   19224 kB
20220314 013708.372 INFO             PET0 PIOc_freedecomp Exit - MemInfo: [/proc/self/status]	VmRSS:	   19224 kB
20220314 013708.372 INFO             PET0 PIOc_freedecomp Exit - MemInfo: [/proc/self/status]	VmData:	   18268 kB
20220314 013708.372 INFO             PET0 PIOc_freedecomp Exit - MemInfo: [/proc/self/status]	VmStk:	     164 kB
20220314 013708.372 INFO             PET0 PIOc_freedecomp Exit - MemInfo: [/proc/self/status]	VmExe:	   40852 kB
20220314 013708.372 INFO             PET0 PIOc_freedecomp Exit - MemInfo: [/proc/self/status]	VmLib:	    1952 kB
20220314 013708.372 INFO             PET0 PIOc_freedecomp Exit - MemInfo: [/proc/self/status]	VmPTE:	     172 kB
20220314 013708.372 INFO             PET0 PIOc_freedecomp Exit - MemInfo: [/proc/self/status]	VmPMD:	      12 kB
20220314 013708.372 INFO             PET0 PIOc_freedecomp Exit - MemInfo: [/proc/self/status]	VmSwap:	       0 kB
20220314 013708.372 INFO             PET0 PIOc_freedecomp Exit - MemInfo: [/proc/self/status]	VmRSSPercent: 0.029191 %
20220314 013708.372 INFO             PET0 PIOc_freedecomp Exit - MemInfo: [malloc] Non-mmapped space allocated:                10152256 Byte
20220314 013708.372 INFO             PET0 PIOc_freedecomp Exit - MemInfo: [malloc] Space allocated in mmapped regions:          4198400 Byte
20220314 013708.372 INFO             PET0 PIOc_freedecomp Exit - MemInfo: [malloc] Maximum total allocated space:                     0 Byte
20220314 013708.372 INFO             PET0 PIOc_freedecomp Exit - MemInfo: [malloc] Space in freed fastbin blocks:                   672 Byte
20220314 013708.372 INFO             PET0 PIOc_freedecomp Exit - MemInfo: [malloc] Total allocated space:                       1075680 Byte
20220314 013708.372 INFO             PET0 PIOc_freedecomp Exit - MemInfo: [malloc] Total free space:                            9076576 Byte
20220314 013708.372 INFO             PET0 PIOc_freedecomp Exit - MemInfo: [malloc] Top-most, releasable space:                  9047984 Byte
20220314 013708.372 INFO             PET0 PIOc_freedecomp Exit - MemInfo: [malloc] Total space in use, mmap + non-mmap:         5274080 Byte
20220314 013708.372 INFO             PET0 PIOc_freedecomp Exit - MemInfo: [malloc] Total space held (mmap + non-mmap):         14350656 Byte
20220314 013708.372 INFO             PET0 PIOc_freedecomp Exit - MemInfo: [malloc] Total space used (mmap + non-mmap):          5282288 Byte
20220314 013708.372 INFO             PET0 PIOc_freedecomp Exit - MemInfo: Wall-clock time since execution start:              0.0666769 seconds
20220314 013708.372 INFO             PET0  PASS  Write ESMF_Array without Halo to NetCDF Test, ESMF_ArrayIOUTest.F90, line 274
20220314 013708.372 INFO             PET0  PASS  Create Array without Halo for PIO Read, ESMF_ArrayIOUTest.F90, line 288
20220314 013708.373 INFO             PET0  PASS  Create Array with Halo for PIO Read, ESMF_ArrayIOUTest.F90, line 299
20220314 013708.374 INFO             PET0  PASS  Create Array with Halo for PIO Read, ESMF_ArrayIOUTest.F90, line 309
20220314 013708.376 WARNING          PET0 ESMCI_PIO_Handler.C:1344 ESMCI::PIO_Handler::open()  Unable to set fill on file: file3D_wouthalo.nc, (PIO/NetCDF error = NetCDF: Write to read only)
20220314 013708.376 INFO             PET0 PIOc_sync Enter - MemInfo: [/proc/meminfo - SSI]	MemTotal:       65855856 kB
20220314 013708.376 INFO             PET0 PIOc_sync Enter - MemInfo: [/proc/meminfo - SSI]	MemFree:        61163508 kB
20220314 013708.376 INFO             PET0 PIOc_sync Enter - MemInfo: [/proc/meminfo - SSI]	MemAvailable:   60944356 kB
20220314 013708.376 INFO             PET0 PIOc_sync Enter - MemInfo: [/proc/meminfo - SSI]	Committed_AS:    2910128 kB
20220314 013708.376 INFO             PET0 PIOc_sync Enter - MemInfo: [/proc/meminfo - SSI]	CommittedPercent: 4.41894 %
20220314 013708.376 INFO             PET0 PIOc_sync Enter - MemInfo: [/proc/self/status]	VmPeak:	   94120 kB
20220314 013708.376 INFO             PET0 PIOc_sync Enter - MemInfo: [/proc/self/status]	VmSize:	   94060 kB
20220314 013708.376 INFO             PET0 PIOc_sync Enter - MemInfo: [/proc/self/status]	VmLck:	       0 kB
20220314 013708.376 INFO             PET0 PIOc_sync Enter - MemInfo: [/proc/self/status]	VmPin:	       0 kB
20220314 013708.376 INFO             PET0 PIOc_sync Enter - MemInfo: [/proc/self/status]	VmHWM:	   19464 kB
20220314 013708.376 INFO             PET0 PIOc_sync Enter - MemInfo: [/proc/self/status]	VmRSS:	   19424 kB
20220314 013708.376 INFO             PET0 PIOc_sync Enter - MemInfo: [/proc/self/status]	VmData:	   18268 kB
20220314 013708.376 INFO             PET0 PIOc_sync Enter - MemInfo: [/proc/self/status]	VmStk:	     164 kB
20220314 013708.376 INFO             PET0 PIOc_sync Enter - MemInfo: [/proc/self/status]	VmExe:	   40852 kB
20220314 013708.376 INFO             PET0 PIOc_sync Enter - MemInfo: [/proc/self/status]	VmLib:	    1952 kB
20220314 013708.376 INFO             PET0 PIOc_sync Enter - MemInfo: [/proc/self/status]	VmPTE:	     172 kB
20220314 013708.376 INFO             PET0 PIOc_sync Enter - MemInfo: [/proc/self/status]	VmPMD:	      12 kB
20220314 013708.376 INFO             PET0 PIOc_sync Enter - MemInfo: [/proc/self/status]	VmSwap:	       0 kB
20220314 013708.376 INFO             PET0 PIOc_sync Enter - MemInfo: [/proc/self/status]	VmRSSPercent: 0.0294947 %
20220314 013708.376 INFO             PET0 PIOc_sync Enter - MemInfo: [malloc] Non-mmapped space allocated:                10152256 Byte
20220314 013708.376 INFO             PET0 PIOc_sync Enter - MemInfo: [malloc] Space allocated in mmapped regions:          4198400 Byte
20220314 013708.376 INFO             PET0 PIOc_sync Enter - MemInfo: [malloc] Maximum total allocated space:                     0 Byte
20220314 013708.376 INFO             PET0 PIOc_sync Enter - MemInfo: [malloc] Space in freed fastbin blocks:                     0 Byte
20220314 013708.376 INFO             PET0 PIOc_sync Enter - MemInfo: [malloc] Total allocated space:                      10040368 Byte
20220314 013708.376 INFO             PET0 PIOc_sync Enter - MemInfo: [malloc] Total free space:                             111888 Byte
20220314 013708.376 INFO             PET0 PIOc_sync Enter - MemInfo: [malloc] Top-most, releasable space:                   109168 Byte
20220314 013708.376 INFO             PET0 PIOc_sync Enter - MemInfo: [malloc] Total space in use, mmap + non-mmap:        14238768 Byte
20220314 013708.376 INFO             PET0 PIOc_sync Enter - MemInfo: [malloc] Total space held (mmap + non-mmap):         14350656 Byte
20220314 013708.376 INFO             PET0 PIOc_sync Enter - MemInfo: [malloc] Total space used (mmap + non-mmap):         14246976 Byte
20220314 013708.376 INFO             PET0 PIOc_sync Enter - MemInfo: Wall-clock time since execution start:              0.0708339 seconds
20220314 013708.376 INFO             PET0 PIOc_sync Exit - MemInfo: [/proc/meminfo - SSI]	MemTotal:       65855856 kB
20220314 013708.376 INFO             PET0 PIOc_sync Exit - MemInfo: [/proc/meminfo - SSI]	MemFree:        61163508 kB
20220314 013708.376 INFO             PET0 PIOc_sync Exit - MemInfo: [/proc/meminfo - SSI]	MemAvailable:   60944356 kB
20220314 013708.376 INFO             PET0 PIOc_sync Exit - MemInfo: [/proc/meminfo - SSI]	Committed_AS:    2910128 kB
20220314 013708.376 INFO             PET0 PIOc_sync Exit - MemInfo: [/proc/meminfo - SSI]	CommittedPercent: 4.41894 %
20220314 013708.376 INFO             PET0 PIOc_sync Exit - MemInfo: [/proc/self/status]	VmPeak:	   94120 kB
20220314 013708.376 INFO             PET0 PIOc_sync Exit - MemInfo: [/proc/self/status]	VmSize:	   94060 kB
20220314 013708.376 INFO             PET0 PIOc_sync Exit - MemInfo: [/proc/self/status]	VmLck:	       0 kB
20220314 013708.376 INFO             PET0 PIOc_sync Exit - MemInfo: [/proc/self/status]	VmPin:	       0 kB
20220314 013708.376 INFO             PET0 PIOc_sync Exit - MemInfo: [/proc/self/status]	VmHWM:	   19464 kB
20220314 013708.376 INFO             PET0 PIOc_sync Exit - MemInfo: [/proc/self/status]	VmRSS:	   19424 kB
20220314 013708.376 INFO             PET0 PIOc_sync Exit - MemInfo: [/proc/self/status]	VmData:	   18268 kB
20220314 013708.376 INFO             PET0 PIOc_sync Exit - MemInfo: [/proc/self/status]	VmStk:	     164 kB
20220314 013708.376 INFO             PET0 PIOc_sync Exit - MemInfo: [/proc/self/status]	VmExe:	   40852 kB
20220314 013708.376 INFO             PET0 PIOc_sync Exit - MemInfo: [/proc/self/status]	VmLib:	    1952 kB
20220314 013708.376 INFO             PET0 PIOc_sync Exit - MemInfo: [/proc/self/status]	VmPTE:	     172 kB
20220314 013708.376 INFO             PET0 PIOc_sync Exit - MemInfo: [/proc/self/status]	VmPMD:	      12 kB
20220314 013708.376 INFO             PET0 PIOc_sync Exit - MemInfo: [/proc/self/status]	VmSwap:	       0 kB
20220314 013708.376 INFO             PET0 PIOc_sync Exit - MemInfo: [/proc/self/status]	VmRSSPercent: 0.0294947 %
20220314 013708.376 INFO             PET0 PIOc_sync Exit - MemInfo: [malloc] Non-mmapped space allocated:                10152256 Byte
20220314 013708.376 INFO             PET0 PIOc_sync Exit - MemInfo: [malloc] Space allocated in mmapped regions:          4198400 Byte
20220314 013708.376 INFO             PET0 PIOc_sync Exit - MemInfo: [malloc] Maximum total allocated space:                     0 Byte
20220314 013708.377 INFO             PET0 PIOc_sync Exit - MemInfo: [malloc] Space in freed fastbin blocks:                     0 Byte
20220314 013708.377 INFO             PET0 PIOc_sync Exit - MemInfo: [malloc] Total allocated space:                      10040368 Byte
20220314 013708.377 INFO             PET0 PIOc_sync Exit - MemInfo: [malloc] Total free space:                             111888 Byte
20220314 013708.377 INFO             PET0 PIOc_sync Exit - MemInfo: [malloc] Top-most, releasable space:                   108944 Byte
20220314 013708.377 INFO             PET0 PIOc_sync Exit - MemInfo: [malloc] Total space in use, mmap + non-mmap:        14238768 Byte
20220314 013708.377 INFO             PET0 PIOc_sync Exit - MemInfo: [malloc] Total space held (mmap + non-mmap):         14350656 Byte
20220314 013708.377 INFO             PET0 PIOc_sync Exit - MemInfo: [malloc] Total space used (mmap + non-mmap):         14246976 Byte
20220314 013708.377 INFO             PET0 PIOc_sync Exit - MemInfo: Wall-clock time since execution start:              0.0712628 seconds
20220314 013708.377 INFO             PET0 PIOc_freedecomp Enter - MemInfo: [/proc/meminfo - SSI]	MemTotal:       65855856 kB
20220314 013708.377 INFO             PET0 PIOc_freedecomp Enter - MemInfo: [/proc/meminfo - SSI]	MemFree:        61163508 kB
20220314 013708.377 INFO             PET0 PIOc_freedecomp Enter - MemInfo: [/proc/meminfo - SSI]	MemAvailable:   60944356 kB
20220314 013708.377 INFO             PET0 PIOc_freedecomp Enter - MemInfo: [/proc/meminfo - SSI]	Committed_AS:    2910128 kB
20220314 013708.377 INFO             PET0 PIOc_freedecomp Enter - MemInfo: [/proc/meminfo - SSI]	CommittedPercent: 4.41894 %
20220314 013708.377 INFO             PET0 PIOc_freedecomp Enter - MemInfo: [/proc/self/status]	VmPeak:	   94120 kB
20220314 013708.377 INFO             PET0 PIOc_freedecomp Enter - MemInfo: [/proc/self/status]	VmSize:	   94060 kB
20220314 013708.377 INFO             PET0 PIOc_freedecomp Enter - MemInfo: [/proc/self/status]	VmLck:	       0 kB
20220314 013708.377 INFO             PET0 PIOc_freedecomp Enter - MemInfo: [/proc/self/status]	VmPin:	       0 kB
20220314 013708.377 INFO             PET0 PIOc_freedecomp Enter - MemInfo: [/proc/self/status]	VmHWM:	   19464 kB
20220314 013708.377 INFO             PET0 PIOc_freedecomp Enter - MemInfo: [/proc/self/status]	VmRSS:	   19424 kB
20220314 013708.377 INFO             PET0 PIOc_freedecomp Enter - MemInfo: [/proc/self/status]	VmData:	   18268 kB
20220314 013708.377 INFO             PET0 PIOc_freedecomp Enter - MemInfo: [/proc/self/status]	VmStk:	     164 kB
20220314 013708.377 INFO             PET0 PIOc_freedecomp Enter - MemInfo: [/proc/self/status]	VmExe:	   40852 kB
20220314 013708.377 INFO             PET0 PIOc_freedecomp Enter - MemInfo: [/proc/self/status]	VmLib:	    1952 kB
20220314 013708.377 INFO             PET0 PIOc_freedecomp Enter - MemInfo: [/proc/self/status]	VmPTE:	     172 kB
20220314 013708.377 INFO             PET0 PIOc_freedecomp Enter - MemInfo: [/proc/self/status]	VmPMD:	      12 kB
20220314 013708.377 INFO             PET0 PIOc_freedecomp Enter - MemInfo: [/proc/self/status]	VmSwap:	       0 kB
20220314 013708.377 INFO             PET0 PIOc_freedecomp Enter - MemInfo: [/proc/self/status]	VmRSSPercent: 0.0294947 %
20220314 013708.377 INFO             PET0 PIOc_freedecomp Enter - MemInfo: [malloc] Non-mmapped space allocated:                10152256 Byte
20220314 013708.377 INFO             PET0 PIOc_freedecomp Enter - MemInfo: [malloc] Space allocated in mmapped regions:          4198400 Byte
20220314 013708.377 INFO             PET0 PIOc_freedecomp Enter - MemInfo: [malloc] Maximum total allocated space:                     0 Byte
20220314 013708.377 INFO             PET0 PIOc_freedecomp Enter - MemInfo: [malloc] Space in freed fastbin blocks:                   208 Byte
20220314 013708.377 INFO             PET0 PIOc_freedecomp Enter - MemInfo: [malloc] Total allocated space:                       1116048 Byte
20220314 013708.377 INFO             PET0 PIOc_freedecomp Enter - MemInfo: [malloc] Total free space:                            9036208 Byte
20220314 013708.377 INFO             PET0 PIOc_freedecomp Enter - MemInfo: [malloc] Top-most, releasable space:                   108720 Byte
20220314 013708.377 INFO             PET0 PIOc_freedecomp Enter - MemInfo: [malloc] Total space in use, mmap + non-mmap:         5314448 Byte
20220314 013708.377 INFO             PET0 PIOc_freedecomp Enter - MemInfo: [malloc] Total space held (mmap + non-mmap):         14350656 Byte
20220314 013708.377 INFO             PET0 PIOc_freedecomp Enter - MemInfo: [malloc] Total space used (mmap + non-mmap):          5322656 Byte
20220314 013708.377 INFO             PET0 PIOc_freedecomp Enter - MemInfo: Wall-clock time since execution start:              0.0719938 seconds
20220314 013708.377 INFO             PET0 PIOc_freedecomp Exit - MemInfo: [/proc/meminfo - SSI]	MemTotal:       65855856 kB
20220314 013708.377 INFO             PET0 PIOc_freedecomp Exit - MemInfo: [/proc/meminfo - SSI]	MemFree:        61163508 kB
20220314 013708.377 INFO             PET0 PIOc_freedecomp Exit - MemInfo: [/proc/meminfo - SSI]	MemAvailable:   60944356 kB
20220314 013708.377 INFO             PET0 PIOc_freedecomp Exit - MemInfo: [/proc/meminfo - SSI]	Committed_AS:    2910128 kB
20220314 013708.377 INFO             PET0 PIOc_freedecomp Exit - MemInfo: [/proc/meminfo - SSI]	CommittedPercent: 4.41894 %
20220314 013708.377 INFO             PET0 PIOc_freedecomp Exit - MemInfo: [/proc/self/status]	VmPeak:	   94120 kB
20220314 013708.377 INFO             PET0 PIOc_freedecomp Exit - MemInfo: [/proc/self/status]	VmSize:	   94060 kB
20220314 013708.377 INFO             PET0 PIOc_freedecomp Exit - MemInfo: [/proc/self/status]	VmLck:	       0 kB
20220314 013708.378 INFO             PET0 PIOc_freedecomp Exit - MemInfo: [/proc/self/status]	VmPin:	       0 kB
20220314 013708.378 INFO             PET0 PIOc_freedecomp Exit - MemInfo: [/proc/self/status]	VmHWM:	   19464 kB
20220314 013708.378 INFO             PET0 PIOc_freedecomp Exit - MemInfo: [/proc/self/status]	VmRSS:	   19424 kB
20220314 013708.378 INFO             PET0 PIOc_freedecomp Exit - MemInfo: [/proc/self/status]	VmData:	   18268 kB
20220314 013708.378 INFO             PET0 PIOc_freedecomp Exit - MemInfo: [/proc/self/status]	VmStk:	     164 kB
20220314 013708.378 INFO             PET0 PIOc_freedecomp Exit - MemInfo: [/proc/self/status]	VmExe:	   40852 kB
20220314 013708.378 INFO             PET0 PIOc_freedecomp Exit - MemInfo: [/proc/self/status]	VmLib:	    1952 kB
20220314 013708.378 INFO             PET0 PIOc_freedecomp Exit - MemInfo: [/proc/self/status]	VmPTE:	     172 kB
20220314 013708.378 INFO             PET0 PIOc_freedecomp Exit - MemInfo: [/proc/self/status]	VmPMD:	      12 kB
20220314 013708.378 INFO             PET0 PIOc_freedecomp Exit - MemInfo: [/proc/self/status]	VmSwap:	       0 kB
20220314 013708.378 INFO             PET0 PIOc_freedecomp Exit - MemInfo: [/proc/self/status]	VmRSSPercent: 0.0294947 %
20220314 013708.378 INFO             PET0 PIOc_freedecomp Exit - MemInfo: [malloc] Non-mmapped space allocated:                10152256 Byte
20220314 013708.378 INFO             PET0 PIOc_freedecomp Exit - MemInfo: [malloc] Space allocated in mmapped regions:          4198400 Byte
20220314 013708.378 INFO             PET0 PIOc_freedecomp Exit - MemInfo: [malloc] Maximum total allocated space:                     0 Byte
20220314 013708.378 INFO             PET0 PIOc_freedecomp Exit - MemInfo: [malloc] Space in freed fastbin blocks:                   672 Byte
20220314 013708.378 INFO             PET0 PIOc_freedecomp Exit - MemInfo: [malloc] Total allocated space:                       1115376 Byte
20220314 013708.378 INFO             PET0 PIOc_freedecomp Exit - MemInfo: [malloc] Total free space:                            9036880 Byte
20220314 013708.378 INFO             PET0 PIOc_freedecomp Exit - MemInfo: [malloc] Top-most, releasable space:                   109168 Byte
20220314 013708.378 INFO             PET0 PIOc_freedecomp Exit - MemInfo: [malloc] Total space in use, mmap + non-mmap:         5313776 Byte
20220314 013708.378 INFO             PET0 PIOc_freedecomp Exit - MemInfo: [malloc] Total space held (mmap + non-mmap):         14350656 Byte
20220314 013708.378 INFO             PET0 PIOc_freedecomp Exit - MemInfo: [malloc] Total space used (mmap + non-mmap):          5321984 Byte
20220314 013708.378 INFO             PET0 PIOc_freedecomp Exit - MemInfo: Wall-clock time since execution start:               0.072403 seconds
20220314 013708.378 INFO             PET0  PASS  Read ESMF_Array without Halo from NetCDF file Test, ESMF_ArrayIOUTest.F90, line 330
20220314 013708.378 INFO             PET0  PASS  Compare read in data to the existing data - 3D without halo, ESMF_ArrayIOUTest.F90, line 353
20220314 013708.379 WARNING          PET0 ESMCI_PIO_Handler.C:1344 ESMCI::PIO_Handler::open()  Unable to set fill on file: file3D_withhalo.nc, (PIO/NetCDF error = NetCDF: Write to read only)
20220314 013708.380 INFO             PET0 PIOc_sync Enter - MemInfo: [/proc/meminfo - SSI]	MemTotal:       65855856 kB
20220314 013708.380 INFO             PET0 PIOc_sync Enter - MemInfo: [/proc/meminfo - SSI]	MemFree:        61163508 kB
20220314 013708.380 INFO             PET0 PIOc_sync Enter - MemInfo: [/proc/meminfo - SSI]	MemAvailable:   60944356 kB
20220314 013708.380 INFO             PET0 PIOc_sync Enter - MemInfo: [/proc/meminfo - SSI]	Committed_AS:    2910128 kB
20220314 013708.380 INFO             PET0 PIOc_sync Enter - MemInfo: [/proc/meminfo - SSI]	CommittedPercent: 4.41894 %
20220314 013708.380 INFO             PET0 PIOc_sync Enter - MemInfo: [/proc/self/status]	VmPeak:	   94120 kB
20220314 013708.380 INFO             PET0 PIOc_sync Enter - MemInfo: [/proc/self/status]	VmSize:	   94060 kB
20220314 013708.380 INFO             PET0 PIOc_sync Enter - MemInfo: [/proc/self/status]	VmLck:	       0 kB
20220314 013708.380 INFO             PET0 PIOc_sync Enter - MemInfo: [/proc/self/status]	VmPin:	       0 kB
20220314 013708.380 INFO             PET0 PIOc_sync Enter - MemInfo: [/proc/self/status]	VmHWM:	   19464 kB
20220314 013708.380 INFO             PET0 PIOc_sync Enter - MemInfo: [/proc/self/status]	VmRSS:	   19424 kB
20220314 013708.380 INFO             PET0 PIOc_sync Enter - MemInfo: [/proc/self/status]	VmData:	   18268 kB
20220314 013708.380 INFO             PET0 PIOc_sync Enter - MemInfo: [/proc/self/status]	VmStk:	     164 kB
20220314 013708.380 INFO             PET0 PIOc_sync Enter - MemInfo: [/proc/self/status]	VmExe:	   40852 kB
20220314 013708.380 INFO             PET0 PIOc_sync Enter - MemInfo: [/proc/self/status]	VmLib:	    1952 kB
20220314 013708.380 INFO             PET0 PIOc_sync Enter - MemInfo: [/proc/self/status]	VmPTE:	     172 kB
20220314 013708.380 INFO             PET0 PIOc_sync Enter - MemInfo: [/proc/self/status]	VmPMD:	      12 kB
20220314 013708.380 INFO             PET0 PIOc_sync Enter - MemInfo: [/proc/self/status]	VmSwap:	       0 kB
20220314 013708.380 INFO             PET0 PIOc_sync Enter - MemInfo: [/proc/self/status]	VmRSSPercent: 0.0294947 %
20220314 013708.380 INFO             PET0 PIOc_sync Enter - MemInfo: [malloc] Non-mmapped space allocated:                10152256 Byte
20220314 013708.380 INFO             PET0 PIOc_sync Enter - MemInfo: [malloc] Space allocated in mmapped regions:          4198400 Byte
20220314 013708.380 INFO             PET0 PIOc_sync Enter - MemInfo: [malloc] Maximum total allocated space:                     0 Byte
20220314 013708.380 INFO             PET0 PIOc_sync Enter - MemInfo: [malloc] Space in freed fastbin blocks:                     0 Byte
20220314 013708.380 INFO             PET0 PIOc_sync Enter - MemInfo: [malloc] Total allocated space:                      10054752 Byte
20220314 013708.380 INFO             PET0 PIOc_sync Enter - MemInfo: [malloc] Total free space:                              97504 Byte
20220314 013708.380 INFO             PET0 PIOc_sync Enter - MemInfo: [malloc] Top-most, releasable space:                    72160 Byte
20220314 013708.380 INFO             PET0 PIOc_sync Enter - MemInfo: [malloc] Total space in use, mmap + non-mmap:        14253152 Byte
20220314 013708.380 INFO             PET0 PIOc_sync Enter - MemInfo: [malloc] Total space held (mmap + non-mmap):         14350656 Byte
20220314 013708.380 INFO             PET0 PIOc_sync Enter - MemInfo: [malloc] Total space used (mmap + non-mmap):         14261360 Byte
20220314 013708.380 INFO             PET0 PIOc_sync Enter - MemInfo: Wall-clock time since execution start:              0.0751359 seconds
20220314 013708.381 INFO             PET0 PIOc_sync Exit - MemInfo: [/proc/meminfo - SSI]	MemTotal:       65855856 kB
20220314 013708.381 INFO             PET0 PIOc_sync Exit - MemInfo: [/proc/meminfo - SSI]	MemFree:        61163508 kB
20220314 013708.381 INFO             PET0 PIOc_sync Exit - MemInfo: [/proc/meminfo - SSI]	MemAvailable:   60944356 kB
20220314 013708.381 INFO             PET0 PIOc_sync Exit - MemInfo: [/proc/meminfo - SSI]	Committed_AS:    2910128 kB
20220314 013708.381 INFO             PET0 PIOc_sync Exit - MemInfo: [/proc/meminfo - SSI]	CommittedPercent: 4.41894 %
20220314 013708.381 INFO             PET0 PIOc_sync Exit - MemInfo: [/proc/self/status]	VmPeak:	   94120 kB
20220314 013708.381 INFO             PET0 PIOc_sync Exit - MemInfo: [/proc/self/status]	VmSize:	   94060 kB
20220314 013708.381 INFO             PET0 PIOc_sync Exit - MemInfo: [/proc/self/status]	VmLck:	       0 kB
20220314 013708.381 INFO             PET0 PIOc_sync Exit - MemInfo: [/proc/self/status]	VmPin:	       0 kB
20220314 013708.381 INFO             PET0 PIOc_sync Exit - MemInfo: [/proc/self/status]	VmHWM:	   19464 kB
20220314 013708.381 INFO             PET0 PIOc_sync Exit - MemInfo: [/proc/self/status]	VmRSS:	   19424 kB
20220314 013708.381 INFO             PET0 PIOc_sync Exit - MemInfo: [/proc/self/status]	VmData:	   18268 kB
20220314 013708.381 INFO             PET0 PIOc_sync Exit - MemInfo: [/proc/self/status]	VmStk:	     164 kB
20220314 013708.381 INFO             PET0 PIOc_sync Exit - MemInfo: [/proc/self/status]	VmExe:	   40852 kB
20220314 013708.381 INFO             PET0 PIOc_sync Exit - MemInfo: [/proc/self/status]	VmLib:	    1952 kB
20220314 013708.381 INFO             PET0 PIOc_sync Exit - MemInfo: [/proc/self/status]	VmPTE:	     172 kB
20220314 013708.381 INFO             PET0 PIOc_sync Exit - MemInfo: [/proc/self/status]	VmPMD:	      12 kB
20220314 013708.381 INFO             PET0 PIOc_sync Exit - MemInfo: [/proc/self/status]	VmSwap:	       0 kB
20220314 013708.381 INFO             PET0 PIOc_sync Exit - MemInfo: [/proc/self/status]	VmRSSPercent: 0.0294947 %
20220314 013708.381 INFO             PET0 PIOc_sync Exit - MemInfo: [malloc] Non-mmapped space allocated:                10152256 Byte
20220314 013708.381 INFO             PET0 PIOc_sync Exit - MemInfo: [malloc] Space allocated in mmapped regions:          4198400 Byte
20220314 013708.381 INFO             PET0 PIOc_sync Exit - MemInfo: [malloc] Maximum total allocated space:                     0 Byte
20220314 013708.381 INFO             PET0 PIOc_sync Exit - MemInfo: [malloc] Space in freed fastbin blocks:                     0 Byte
20220314 013708.381 INFO             PET0 PIOc_sync Exit - MemInfo: [malloc] Total allocated space:                      10054752 Byte
20220314 013708.381 INFO             PET0 PIOc_sync Exit - MemInfo: [malloc] Total free space:                              97504 Byte
20220314 013708.381 INFO             PET0 PIOc_sync Exit - MemInfo: [malloc] Top-most, releasable space:                    72160 Byte
20220314 013708.381 INFO             PET0 PIOc_sync Exit - MemInfo: [malloc] Total space in use, mmap + non-mmap:        14253152 Byte
20220314 013708.381 INFO             PET0 PIOc_sync Exit - MemInfo: [malloc] Total space held (mmap + non-mmap):         14350656 Byte
20220314 013708.381 INFO             PET0 PIOc_sync Exit - MemInfo: [malloc] Total space used (mmap + non-mmap):         14261360 Byte
20220314 013708.381 INFO             PET0 PIOc_sync Exit - MemInfo: Wall-clock time since execution start:               0.075532 seconds
20220314 013708.381 INFO             PET0 PIOc_freedecomp Enter - MemInfo: [/proc/meminfo - SSI]	MemTotal:       65855856 kB
20220314 013708.381 INFO             PET0 PIOc_freedecomp Enter - MemInfo: [/proc/meminfo - SSI]	MemFree:        61163508 kB
20220314 013708.381 INFO             PET0 PIOc_freedecomp Enter - MemInfo: [/proc/meminfo - SSI]	MemAvailable:   60944356 kB
20220314 013708.382 INFO             PET0 PIOc_freedecomp Enter - MemInfo: [/proc/meminfo - SSI]	Committed_AS:    2910128 kB
20220314 013708.382 INFO             PET0 PIOc_freedecomp Enter - MemInfo: [/proc/meminfo - SSI]	CommittedPercent: 4.41894 %
20220314 013708.382 INFO             PET0 PIOc_freedecomp Enter - MemInfo: [/proc/self/status]	VmPeak:	   94120 kB
20220314 013708.382 INFO             PET0 PIOc_freedecomp Enter - MemInfo: [/proc/self/status]	VmSize:	   94060 kB
20220314 013708.382 INFO             PET0 PIOc_freedecomp Enter - MemInfo: [/proc/self/status]	VmLck:	       0 kB
20220314 013708.382 INFO             PET0 PIOc_freedecomp Enter - MemInfo: [/proc/self/status]	VmPin:	       0 kB
20220314 013708.382 INFO             PET0 PIOc_freedecomp Enter - MemInfo: [/proc/self/status]	VmHWM:	   19464 kB
20220314 013708.382 INFO             PET0 PIOc_freedecomp Enter - MemInfo: [/proc/self/status]	VmRSS:	   19424 kB
20220314 013708.382 INFO             PET0 PIOc_freedecomp Enter - MemInfo: [/proc/self/status]	VmData:	   18268 kB
20220314 013708.382 INFO             PET0 PIOc_freedecomp Enter - MemInfo: [/proc/self/status]	VmStk:	     164 kB
20220314 013708.382 INFO             PET0 PIOc_freedecomp Enter - MemInfo: [/proc/self/status]	VmExe:	   40852 kB
20220314 013708.382 INFO             PET0 PIOc_freedecomp Enter - MemInfo: [/proc/self/status]	VmLib:	    1952 kB
20220314 013708.382 INFO             PET0 PIOc_freedecomp Enter - MemInfo: [/proc/self/status]	VmPTE:	     172 kB
20220314 013708.382 INFO             PET0 PIOc_freedecomp Enter - MemInfo: [/proc/self/status]	VmPMD:	      12 kB
20220314 013708.382 INFO             PET0 PIOc_freedecomp Enter - MemInfo: [/proc/self/status]	VmSwap:	       0 kB
20220314 013708.382 INFO             PET0 PIOc_freedecomp Enter - MemInfo: [/proc/self/status]	VmRSSPercent: 0.0294947 %
20220314 013708.382 INFO             PET0 PIOc_freedecomp Enter - MemInfo: [malloc] Non-mmapped space allocated:                10152256 Byte
20220314 013708.382 INFO             PET0 PIOc_freedecomp Enter - MemInfo: [malloc] Space allocated in mmapped regions:          4198400 Byte
20220314 013708.382 INFO             PET0 PIOc_freedecomp Enter - MemInfo: [malloc] Maximum total allocated space:                     0 Byte
20220314 013708.382 INFO             PET0 PIOc_freedecomp Enter - MemInfo: [malloc] Space in freed fastbin blocks:                   208 Byte
20220314 013708.382 INFO             PET0 PIOc_freedecomp Enter - MemInfo: [malloc] Total allocated space:                       1130304 Byte
20220314 013708.382 INFO             PET0 PIOc_freedecomp Enter - MemInfo: [malloc] Total free space:                            9021952 Byte
20220314 013708.382 INFO             PET0 PIOc_freedecomp Enter - MemInfo: [malloc] Top-most, releasable space:                    72160 Byte
20220314 013708.382 INFO             PET0 PIOc_freedecomp Enter - MemInfo: [malloc] Total space in use, mmap + non-mmap:         5328704 Byte
20220314 013708.382 INFO             PET0 PIOc_freedecomp Enter - MemInfo: [malloc] Total space held (mmap + non-mmap):         14350656 Byte
20220314 013708.382 INFO             PET0 PIOc_freedecomp Enter - MemInfo: [malloc] Total space used (mmap + non-mmap):          5336912 Byte
20220314 013708.382 INFO             PET0 PIOc_freedecomp Enter - MemInfo: Wall-clock time since execution start:              0.0764749 seconds
20220314 013708.382 INFO             PET0 PIOc_freedecomp Exit - MemInfo: [/proc/meminfo - SSI]	MemTotal:       65855856 kB
20220314 013708.382 INFO             PET0 PIOc_freedecomp Exit - MemInfo: [/proc/meminfo - SSI]	MemFree:        61163508 kB
20220314 013708.382 INFO             PET0 PIOc_freedecomp Exit - MemInfo: [/proc/meminfo - SSI]	MemAvailable:   60944356 kB
20220314 013708.382 INFO             PET0 PIOc_freedecomp Exit - MemInfo: [/proc/meminfo - SSI]	Committed_AS:    2910128 kB
20220314 013708.382 INFO             PET0 PIOc_freedecomp Exit - MemInfo: [/proc/meminfo - SSI]	CommittedPercent: 4.41894 %
20220314 013708.382 INFO             PET0 PIOc_freedecomp Exit - MemInfo: [/proc/self/status]	VmPeak:	   94120 kB
20220314 013708.382 INFO             PET0 PIOc_freedecomp Exit - MemInfo: [/proc/self/status]	VmSize:	   94060 kB
20220314 013708.382 INFO             PET0 PIOc_freedecomp Exit - MemInfo: [/proc/self/status]	VmLck:	       0 kB
20220314 013708.382 INFO             PET0 PIOc_freedecomp Exit - MemInfo: [/proc/self/status]	VmPin:	       0 kB
20220314 013708.382 INFO             PET0 PIOc_freedecomp Exit - MemInfo: [/proc/self/status]	VmHWM:	   19464 kB
20220314 013708.382 INFO             PET0 PIOc_freedecomp Exit - MemInfo: [/proc/self/status]	VmRSS:	   19424 kB
20220314 013708.382 INFO             PET0 PIOc_freedecomp Exit - MemInfo: [/proc/self/status]	VmData:	   18268 kB
20220314 013708.382 INFO             PET0 PIOc_freedecomp Exit - MemInfo: [/proc/self/status]	VmStk:	     164 kB
20220314 013708.382 INFO             PET0 PIOc_freedecomp Exit - MemInfo: [/proc/self/status]	VmExe:	   40852 kB
20220314 013708.382 INFO             PET0 PIOc_freedecomp Exit - MemInfo: [/proc/self/status]	VmLib:	    1952 kB
20220314 013708.382 INFO             PET0 PIOc_freedecomp Exit - MemInfo: [/proc/self/status]	VmPTE:	     172 kB
20220314 013708.382 INFO             PET0 PIOc_freedecomp Exit - MemInfo: [/proc/self/status]	VmPMD:	      12 kB
20220314 013708.382 INFO             PET0 PIOc_freedecomp Exit - MemInfo: [/proc/self/status]	VmSwap:	       0 kB
20220314 013708.382 INFO             PET0 PIOc_freedecomp Exit - MemInfo: [/proc/self/status]	VmRSSPercent: 0.0294947 %
20220314 013708.382 INFO             PET0 PIOc_freedecomp Exit - MemInfo: [malloc] Non-mmapped space allocated:                10152256 Byte
20220314 013708.382 INFO             PET0 PIOc_freedecomp Exit - MemInfo: [malloc] Space allocated in mmapped regions:          4198400 Byte
20220314 013708.382 INFO             PET0 PIOc_freedecomp Exit - MemInfo: [malloc] Maximum total allocated space:                     0 Byte
20220314 013708.382 INFO             PET0 PIOc_freedecomp Exit - MemInfo: [malloc] Space in freed fastbin blocks:                   192 Byte
20220314 013708.382 INFO             PET0 PIOc_freedecomp Exit - MemInfo: [malloc] Total allocated space:                       1117056 Byte
20220314 013708.382 INFO             PET0 PIOc_freedecomp Exit - MemInfo: [malloc] Total free space:                            9035200 Byte
20220314 013708.382 INFO             PET0 PIOc_freedecomp Exit - MemInfo: [malloc] Top-most, releasable space:                   108944 Byte
20220314 013708.382 INFO             PET0 PIOc_freedecomp Exit - MemInfo: [malloc] Total space in use, mmap + non-mmap:         5315456 Byte
20220314 013708.382 INFO             PET0 PIOc_freedecomp Exit - MemInfo: [malloc] Total space held (mmap + non-mmap):         14350656 Byte
20220314 013708.382 INFO             PET0 PIOc_freedecomp Exit - MemInfo: [malloc] Total space used (mmap + non-mmap):          5323664 Byte
20220314 013708.382 INFO             PET0 PIOc_freedecomp Exit - MemInfo: Wall-clock time since execution start:               0.076998 seconds
20220314 013708.382 INFO             PET0  PASS  Read ESMF_Array with Halo from NetCDF Test, ESMF_ArrayIOUTest.F90, line 380
20220314 013708.382 ERROR            PET0 ESMCI_IO_Handler.C:164 ESMCI::IO_Handler::create() Unknown I/O Format
20220314 013708.382 ERROR            PET0 ESMCI_IO.C:264 ESMCI::IO::read() Invalid argument  - Internal subroutine call returned Error
20220314 013708.382 ERROR            PET0 ESMCI_Array.C:3933 ESMCI::Array::read() Invalid argument  - Internal subroutine call returned Error
20220314 013708.382 ERROR            PET0 ESMCI_Array_F.C:831 c_esmc_arrayread() Invalid argument  - Internal subroutine call returned Error
20220314 013708.382 ERROR            PET0 ESMF_ArrayHa.F90:723 ESMF_ArrayRead Invalid argument  - Internal subroutine call returned Error
20220314 013708.382 INFO             PET0  PASS  Read ESMF_Array with Halo from binary Test, ESMF_ArrayIOUTest.F90, line 394
20220314 013708.383 INFO             PET0  PASS  Compare read in data to the existing NetCDF data - 3D with halo, ESMF_ArrayIOUTest.F90, line 412
20220314 013708.383 ERROR            PET0 ESMCI_Array.C:3914 ESMCI::Array::read() Invalid argument  - Array variable name not allowed in binary mode
20220314 013708.383 ERROR            PET0 ESMCI_Array_F.C:831 c_esmc_arrayread() Invalid argument  - Internal subroutine call returned Error
20220314 013708.383 ERROR            PET0 ESMF_ArrayHa.F90:723 ESMF_ArrayRead Invalid argument  - Internal subroutine call returned Error
20220314 013708.383 INFO             PET0  PASS  Read ESMF_Array variable with Halo from binary Test, ESMF_ArrayIOUTest.F90, line 430
20220314 013708.384 INFO             PET0 PIOc_sync Enter - MemInfo: [/proc/meminfo - SSI]	MemTotal:       65855856 kB
20220314 013708.384 INFO             PET0 PIOc_sync Enter - MemInfo: [/proc/meminfo - SSI]	MemFree:        61163004 kB
20220314 013708.384 INFO             PET0 PIOc_sync Enter - MemInfo: [/proc/meminfo - SSI]	MemAvailable:   60943852 kB
20220314 013708.384 INFO             PET0 PIOc_sync Enter - MemInfo: [/proc/meminfo - SSI]	Committed_AS:    2910128 kB
20220314 013708.384 INFO             PET0 PIOc_sync Enter - MemInfo: [/proc/meminfo - SSI]	CommittedPercent: 4.41894 %
20220314 013708.385 INFO             PET0 PIOc_sync Enter - MemInfo: [/proc/self/status]	VmPeak:	   94120 kB
20220314 013708.385 INFO             PET0 PIOc_sync Enter - MemInfo: [/proc/self/status]	VmSize:	   94060 kB
20220314 013708.385 INFO             PET0 PIOc_sync Enter - MemInfo: [/proc/self/status]	VmLck:	       0 kB
20220314 013708.385 INFO             PET0 PIOc_sync Enter - MemInfo: [/proc/self/status]	VmPin:	       0 kB
20220314 013708.385 INFO             PET0 PIOc_sync Enter - MemInfo: [/proc/self/status]	VmHWM:	   19464 kB
20220314 013708.385 INFO             PET0 PIOc_sync Enter - MemInfo: [/proc/self/status]	VmRSS:	   19424 kB
20220314 013708.385 INFO             PET0 PIOc_sync Enter - MemInfo: [/proc/self/status]	VmData:	   18268 kB
20220314 013708.385 INFO             PET0 PIOc_sync Enter - MemInfo: [/proc/self/status]	VmStk:	     164 kB
20220314 013708.385 INFO             PET0 PIOc_sync Enter - MemInfo: [/proc/self/status]	VmExe:	   40852 kB
20220314 013708.385 INFO             PET0 PIOc_sync Enter - MemInfo: [/proc/self/status]	VmLib:	    1952 kB
20220314 013708.385 INFO             PET0 PIOc_sync Enter - MemInfo: [/proc/self/status]	VmPTE:	     184 kB
20220314 013708.385 INFO             PET0 PIOc_sync Enter - MemInfo: [/proc/self/status]	VmPMD:	      12 kB
20220314 013708.385 INFO             PET0 PIOc_sync Enter - MemInfo: [/proc/self/status]	VmSwap:	       0 kB
20220314 013708.385 INFO             PET0 PIOc_sync Enter - MemInfo: [/proc/self/status]	VmRSSPercent: 0.0294947 %
20220314 013708.385 INFO             PET0 PIOc_sync Enter - MemInfo: [malloc] Non-mmapped space allocated:                10152256 Byte
20220314 013708.385 INFO             PET0 PIOc_sync Enter - MemInfo: [malloc] Space allocated in mmapped regions:          4198400 Byte
20220314 013708.385 INFO             PET0 PIOc_sync Enter - MemInfo: [malloc] Maximum total allocated space:                     0 Byte
20220314 013708.385 INFO             PET0 PIOc_sync Enter - MemInfo: [malloc] Space in freed fastbin blocks:                     0 Byte
20220314 013708.385 INFO             PET0 PIOc_sync Enter - MemInfo: [malloc] Total allocated space:                      10060128 Byte
20220314 013708.385 INFO             PET0 PIOc_sync Enter - MemInfo: [malloc] Total free space:                              92128 Byte
20220314 013708.385 INFO             PET0 PIOc_sync Enter - MemInfo: [malloc] Top-most, releasable space:                    55120 Byte
20220314 013708.385 INFO             PET0 PIOc_sync Enter - MemInfo: [malloc] Total space in use, mmap + non-mmap:        14258528 Byte
20220314 013708.385 INFO             PET0 PIOc_sync Enter - MemInfo: [malloc] Total space held (mmap + non-mmap):         14350656 Byte
20220314 013708.385 INFO             PET0 PIOc_sync Enter - MemInfo: [malloc] Total space used (mmap + non-mmap):         14267184 Byte
20220314 013708.385 INFO             PET0 PIOc_sync Enter - MemInfo: Wall-clock time since execution start:              0.0794399 seconds
20220314 013708.385 INFO             PET0 PIOc_sync Exit - MemInfo: [/proc/meminfo - SSI]	MemTotal:       65855856 kB
20220314 013708.385 INFO             PET0 PIOc_sync Exit - MemInfo: [/proc/meminfo - SSI]	MemFree:        61163004 kB
20220314 013708.385 INFO             PET0 PIOc_sync Exit - MemInfo: [/proc/meminfo - SSI]	MemAvailable:   60943852 kB
20220314 013708.385 INFO             PET0 PIOc_sync Exit - MemInfo: [/proc/meminfo - SSI]	Committed_AS:    2910128 kB
20220314 013708.385 INFO             PET0 PIOc_sync Exit - MemInfo: [/proc/meminfo - SSI]	CommittedPercent: 4.41894 %
20220314 013708.385 INFO             PET0 PIOc_sync Exit - MemInfo: [/proc/self/status]	VmPeak:	   94120 kB
20220314 013708.385 INFO             PET0 PIOc_sync Exit - MemInfo: [/proc/self/status]	VmSize:	   94060 kB
20220314 013708.385 INFO             PET0 PIOc_sync Exit - MemInfo: [/proc/self/status]	VmLck:	       0 kB
20220314 013708.385 INFO             PET0 PIOc_sync Exit - MemInfo: [/proc/self/status]	VmPin:	       0 kB
20220314 013708.385 INFO             PET0 PIOc_sync Exit - MemInfo: [/proc/self/status]	VmHWM:	   19464 kB
20220314 013708.385 INFO             PET0 PIOc_sync Exit - MemInfo: [/proc/self/status]	VmRSS:	   19424 kB
20220314 013708.385 INFO             PET0 PIOc_sync Exit - MemInfo: [/proc/self/status]	VmData:	   18268 kB
20220314 013708.385 INFO             PET0 PIOc_sync Exit - MemInfo: [/proc/self/status]	VmStk:	     164 kB
20220314 013708.385 INFO             PET0 PIOc_sync Exit - MemInfo: [/proc/self/status]	VmExe:	   40852 kB
20220314 013708.385 INFO             PET0 PIOc_sync Exit - MemInfo: [/proc/self/status]	VmLib:	    1952 kB
20220314 013708.385 INFO             PET0 PIOc_sync Exit - MemInfo: [/proc/self/status]	VmPTE:	     184 kB
20220314 013708.385 INFO             PET0 PIOc_sync Exit - MemInfo: [/proc/self/status]	VmPMD:	      12 kB
20220314 013708.385 INFO             PET0 PIOc_sync Exit - MemInfo: [/proc/self/status]	VmSwap:	       0 kB
20220314 013708.385 INFO             PET0 PIOc_sync Exit - MemInfo: [/proc/self/status]	VmRSSPercent: 0.0294947 %
20220314 013708.385 INFO             PET0 PIOc_sync Exit - MemInfo: [malloc] Non-mmapped space allocated:                10152256 Byte
20220314 013708.385 INFO             PET0 PIOc_sync Exit - MemInfo: [malloc] Space allocated in mmapped regions:          4198400 Byte
20220314 013708.385 INFO             PET0 PIOc_sync Exit - MemInfo: [malloc] Maximum total allocated space:                     0 Byte
20220314 013708.385 INFO             PET0 PIOc_sync Exit - MemInfo: [malloc] Space in freed fastbin blocks:                    32 Byte
20220314 013708.385 INFO             PET0 PIOc_sync Exit - MemInfo: [malloc] Total allocated space:                      10058192 Byte
20220314 013708.385 INFO             PET0 PIOc_sync Exit - MemInfo: [malloc] Total free space:                              94064 Byte
20220314 013708.385 INFO             PET0 PIOc_sync Exit - MemInfo: [malloc] Top-most, releasable space:                    55120 Byte
20220314 013708.385 INFO             PET0 PIOc_sync Exit - MemInfo: [malloc] Total space in use, mmap + non-mmap:        14256592 Byte
20220314 013708.385 INFO             PET0 PIOc_sync Exit - MemInfo: [malloc] Total space held (mmap + non-mmap):         14350656 Byte
20220314 013708.385 INFO             PET0 PIOc_sync Exit - MemInfo: [malloc] Total space used (mmap + non-mmap):         14265024 Byte
20220314 013708.385 INFO             PET0 PIOc_sync Exit - MemInfo: Wall-clock time since execution start:              0.0799289 seconds
20220314 013708.385 INFO             PET0 PIOc_freedecomp Enter - MemInfo: [/proc/meminfo - SSI]	MemTotal:       65855856 kB
20220314 013708.385 INFO             PET0 PIOc_freedecomp Enter - MemInfo: [/proc/meminfo - SSI]	MemFree:        61163004 kB
20220314 013708.385 INFO             PET0 PIOc_freedecomp Enter - MemInfo: [/proc/meminfo - SSI]	MemAvailable:   60943852 kB
20220314 013708.386 INFO             PET0 PIOc_freedecomp Enter - MemInfo: [/proc/meminfo - SSI]	Committed_AS:    2910128 kB
20220314 013708.386 INFO             PET0 PIOc_freedecomp Enter - MemInfo: [/proc/meminfo - SSI]	CommittedPercent: 4.41894 %
20220314 013708.386 INFO             PET0 PIOc_freedecomp Enter - MemInfo: [/proc/self/status]	VmPeak:	   94120 kB
20220314 013708.386 INFO             PET0 PIOc_freedecomp Enter - MemInfo: [/proc/self/status]	VmSize:	   94060 kB
20220314 013708.386 INFO             PET0 PIOc_freedecomp Enter - MemInfo: [/proc/self/status]	VmLck:	       0 kB
20220314 013708.386 INFO             PET0 PIOc_freedecomp Enter - MemInfo: [/proc/self/status]	VmPin:	       0 kB
20220314 013708.386 INFO             PET0 PIOc_freedecomp Enter - MemInfo: [/proc/self/status]	VmHWM:	   19464 kB
20220314 013708.386 INFO             PET0 PIOc_freedecomp Enter - MemInfo: [/proc/self/status]	VmRSS:	   19424 kB
20220314 013708.386 INFO             PET0 PIOc_freedecomp Enter - MemInfo: [/proc/self/status]	VmData:	   18268 kB
20220314 013708.386 INFO             PET0 PIOc_freedecomp Enter - MemInfo: [/proc/self/status]	VmStk:	     164 kB
20220314 013708.386 INFO             PET0 PIOc_freedecomp Enter - MemInfo: [/proc/self/status]	VmExe:	   40852 kB
20220314 013708.386 INFO             PET0 PIOc_freedecomp Enter - MemInfo: [/proc/self/status]	VmLib:	    1952 kB
20220314 013708.386 INFO             PET0 PIOc_freedecomp Enter - MemInfo: [/proc/self/status]	VmPTE:	     184 kB
20220314 013708.386 INFO             PET0 PIOc_freedecomp Enter - MemInfo: [/proc/self/status]	VmPMD:	      12 kB
20220314 013708.386 INFO             PET0 PIOc_freedecomp Enter - MemInfo: [/proc/self/status]	VmSwap:	       0 kB
20220314 013708.386 INFO             PET0 PIOc_freedecomp Enter - MemInfo: [/proc/self/status]	VmRSSPercent: 0.0294947 %
20220314 013708.386 INFO             PET0 PIOc_freedecomp Enter - MemInfo: [malloc] Non-mmapped space allocated:                10152256 Byte
20220314 013708.386 INFO             PET0 PIOc_freedecomp Enter - MemInfo: [malloc] Space allocated in mmapped regions:          4198400 Byte
20220314 013708.386 INFO             PET0 PIOc_freedecomp Enter - MemInfo: [malloc] Maximum total allocated space:                     0 Byte
20220314 013708.386 INFO             PET0 PIOc_freedecomp Enter - MemInfo: [malloc] Space in freed fastbin blocks:                   240 Byte
20220314 013708.386 INFO             PET0 PIOc_freedecomp Enter - MemInfo: [malloc] Total allocated space:                       1133456 Byte
20220314 013708.386 INFO             PET0 PIOc_freedecomp Enter - MemInfo: [malloc] Total free space:                            9018800 Byte
20220314 013708.386 INFO             PET0 PIOc_freedecomp Enter - MemInfo: [malloc] Top-most, releasable space:                    55120 Byte
20220314 013708.386 INFO             PET0 PIOc_freedecomp Enter - MemInfo: [malloc] Total space in use, mmap + non-mmap:         5331856 Byte
20220314 013708.386 INFO             PET0 PIOc_freedecomp Enter - MemInfo: [malloc] Total space held (mmap + non-mmap):         14350656 Byte
20220314 013708.386 INFO             PET0 PIOc_freedecomp Enter - MemInfo: [malloc] Total space used (mmap + non-mmap):          5340064 Byte
20220314 013708.386 INFO             PET0 PIOc_freedecomp Enter - MemInfo: Wall-clock time since execution start:              0.0805049 seconds
20220314 013708.386 INFO             PET0 PIOc_freedecomp Exit - MemInfo: [/proc/meminfo - SSI]	MemTotal:       65855856 kB
20220314 013708.386 INFO             PET0 PIOc_freedecomp Exit - MemInfo: [/proc/meminfo - SSI]	MemFree:        61163004 kB
20220314 013708.386 INFO             PET0 PIOc_freedecomp Exit - MemInfo: [/proc/meminfo - SSI]	MemAvailable:   60943852 kB
20220314 013708.386 INFO             PET0 PIOc_freedecomp Exit - MemInfo: [/proc/meminfo - SSI]	Committed_AS:    2910128 kB
20220314 013708.386 INFO             PET0 PIOc_freedecomp Exit - MemInfo: [/proc/meminfo - SSI]	CommittedPercent: 4.41894 %
20220314 013708.386 INFO             PET0 PIOc_freedecomp Exit - MemInfo: [/proc/self/status]	VmPeak:	   94120 kB
20220314 013708.386 INFO             PET0 PIOc_freedecomp Exit - MemInfo: [/proc/self/status]	VmSize:	   94060 kB
20220314 013708.386 INFO             PET0 PIOc_freedecomp Exit - MemInfo: [/proc/self/status]	VmLck:	       0 kB
20220314 013708.386 INFO             PET0 PIOc_freedecomp Exit - MemInfo: [/proc/self/status]	VmPin:	       0 kB
20220314 013708.386 INFO             PET0 PIOc_freedecomp Exit - MemInfo: [/proc/self/status]	VmHWM:	   19464 kB
20220314 013708.386 INFO             PET0 PIOc_freedecomp Exit - MemInfo: [/proc/self/status]	VmRSS:	   19424 kB
20220314 013708.386 INFO             PET0 PIOc_freedecomp Exit - MemInfo: [/proc/self/status]	VmData:	   18268 kB
20220314 013708.386 INFO             PET0 PIOc_freedecomp Exit - MemInfo: [/proc/self/status]	VmStk:	     164 kB
20220314 013708.386 INFO             PET0 PIOc_freedecomp Exit - MemInfo: [/proc/self/status]	VmExe:	   40852 kB
20220314 013708.386 INFO             PET0 PIOc_freedecomp Exit - MemInfo: [/proc/self/status]	VmLib:	    1952 kB
20220314 013708.386 INFO             PET0 PIOc_freedecomp Exit - MemInfo: [/proc/self/status]	VmPTE:	     184 kB
20220314 013708.386 INFO             PET0 PIOc_freedecomp Exit - MemInfo: [/proc/self/status]	VmPMD:	      12 kB
20220314 013708.386 INFO             PET0 PIOc_freedecomp Exit - MemInfo: [/proc/self/status]	VmSwap:	       0 kB
20220314 013708.386 INFO             PET0 PIOc_freedecomp Exit - MemInfo: [/proc/self/status]	VmRSSPercent: 0.0294947 %
20220314 013708.386 INFO             PET0 PIOc_freedecomp Exit - MemInfo: [malloc] Non-mmapped space allocated:                10152256 Byte
20220314 013708.386 INFO             PET0 PIOc_freedecomp Exit - MemInfo: [malloc] Space allocated in mmapped regions:          4198400 Byte
20220314 013708.386 INFO             PET0 PIOc_freedecomp Exit - MemInfo: [malloc] Maximum total allocated space:                     0 Byte
20220314 013708.386 INFO             PET0 PIOc_freedecomp Exit - MemInfo: [malloc] Space in freed fastbin blocks:                   608 Byte
20220314 013708.386 INFO             PET0 PIOc_freedecomp Exit - MemInfo: [malloc] Total allocated space:                       1119264 Byte
20220314 013708.386 INFO             PET0 PIOc_freedecomp Exit - MemInfo: [malloc] Total free space:                            9032992 Byte
20220314 013708.386 INFO             PET0 PIOc_freedecomp Exit - MemInfo: [malloc] Top-most, releasable space:                    55120 Byte
20220314 013708.386 INFO             PET0 PIOc_freedecomp Exit - MemInfo: [malloc] Total space in use, mmap + non-mmap:         5317664 Byte
20220314 013708.386 INFO             PET0 PIOc_freedecomp Exit - MemInfo: [malloc] Total space held (mmap + non-mmap):         14350656 Byte
20220314 013708.386 INFO             PET0 PIOc_freedecomp Exit - MemInfo: [malloc] Total space used (mmap + non-mmap):          5325872 Byte
20220314 013708.386 INFO             PET0 PIOc_freedecomp Exit - MemInfo: Wall-clock time since execution start:               0.080972 seconds
20220314 013708.386 INFO             PET0  PASS  Write ESMF_Array with Halo to NetCDF variable copy Test, ESMF_ArrayIOUTest.F90, line 442
20220314 013708.386 INFO             PET0  PASS  Destroy Array with Halo, ESMF_ArrayIOUTest.F90, line 453
20220314 013708.386 INFO             PET0  PASS  Destroy Array without Halo, ESMF_ArrayIOUTest.F90, line 460
20220314 013708.386 INFO             PET0  PASS  Destroy DistGrid, ESMF_ArrayIOUTest.F90, line 467
20220314 013708.386 INFO             PET0  PASS  dstDistgrid Create Test, ESMF_ArrayIOUTest.F90, line 485
20220314 013708.386 INFO             PET0  PASS  Array Spec Set Test, ESMF_ArrayIOUTest.F90, line 493
20220314 013708.387 INFO             PET0  PASS  Array with Halo Create Test, ESMF_ArrayIOUTest.F90, line 507
20220314 013708.387 INFO             PET0  PASS  Array without Halo Create Test, ESMF_ArrayIOUTest.F90, line 517
20220314 013708.397 INFO             PET0 PIOc_sync Enter - MemInfo: [/proc/meminfo - SSI]	MemTotal:       65855856 kB
20220314 013708.397 INFO             PET0 PIOc_sync Enter - MemInfo: [/proc/meminfo - SSI]	MemFree:        61162444 kB
20220314 013708.397 INFO             PET0 PIOc_sync Enter - MemInfo: [/proc/meminfo - SSI]	MemAvailable:   60943292 kB
20220314 013708.397 INFO             PET0 PIOc_sync Enter - MemInfo: [/proc/meminfo - SSI]	Committed_AS:    2910128 kB
20220314 013708.397 INFO             PET0 PIOc_sync Enter - MemInfo: [/proc/meminfo - SSI]	CommittedPercent: 4.41894 %
20220314 013708.397 INFO             PET0 PIOc_sync Enter - MemInfo: [/proc/self/status]	VmPeak:	   94120 kB
20220314 013708.397 INFO             PET0 PIOc_sync Enter - MemInfo: [/proc/self/status]	VmSize:	   94060 kB
20220314 013708.397 INFO             PET0 PIOc_sync Enter - MemInfo: [/proc/self/status]	VmLck:	       0 kB
20220314 013708.397 INFO             PET0 PIOc_sync Enter - MemInfo: [/proc/self/status]	VmPin:	       0 kB
20220314 013708.397 INFO             PET0 PIOc_sync Enter - MemInfo: [/proc/self/status]	VmHWM:	   19680 kB
20220314 013708.397 INFO             PET0 PIOc_sync Enter - MemInfo: [/proc/self/status]	VmRSS:	   19680 kB
20220314 013708.397 INFO             PET0 PIOc_sync Enter - MemInfo: [/proc/self/status]	VmData:	   18268 kB
20220314 013708.397 INFO             PET0 PIOc_sync Enter - MemInfo: [/proc/self/status]	VmStk:	     164 kB
20220314 013708.397 INFO             PET0 PIOc_sync Enter - MemInfo: [/proc/self/status]	VmExe:	   40852 kB
20220314 013708.397 INFO             PET0 PIOc_sync Enter - MemInfo: [/proc/self/status]	VmLib:	    1952 kB
20220314 013708.397 INFO             PET0 PIOc_sync Enter - MemInfo: [/proc/self/status]	VmPTE:	     184 kB
20220314 013708.397 INFO             PET0 PIOc_sync Enter - MemInfo: [/proc/self/status]	VmPMD:	      12 kB
20220314 013708.397 INFO             PET0 PIOc_sync Enter - MemInfo: [/proc/self/status]	VmSwap:	       0 kB
20220314 013708.397 INFO             PET0 PIOc_sync Enter - MemInfo: [/proc/self/status]	VmRSSPercent: 0.0298834 %
20220314 013708.397 INFO             PET0 PIOc_sync Enter - MemInfo: [malloc] Non-mmapped space allocated:                10152256 Byte
20220314 013708.397 INFO             PET0 PIOc_sync Enter - MemInfo: [malloc] Space allocated in mmapped regions:          4198400 Byte
20220314 013708.397 INFO             PET0 PIOc_sync Enter - MemInfo: [malloc] Maximum total allocated space:                     0 Byte
20220314 013708.397 INFO             PET0 PIOc_sync Enter - MemInfo: [malloc] Space in freed fastbin blocks:                     0 Byte
20220314 013708.397 INFO             PET0 PIOc_sync Enter - MemInfo: [malloc] Total allocated space:                      10052608 Byte
20220314 013708.397 INFO             PET0 PIOc_sync Enter - MemInfo: [malloc] Total free space:                              99648 Byte
20220314 013708.397 INFO             PET0 PIOc_sync Enter - MemInfo: [malloc] Top-most, releasable space:                    55120 Byte
20220314 013708.397 INFO             PET0 PIOc_sync Enter - MemInfo: [malloc] Total space in use, mmap + non-mmap:        14251008 Byte
20220314 013708.397 INFO             PET0 PIOc_sync Enter - MemInfo: [malloc] Total space held (mmap + non-mmap):         14350656 Byte
20220314 013708.397 INFO             PET0 PIOc_sync Enter - MemInfo: [malloc] Total space used (mmap + non-mmap):         14259984 Byte
20220314 013708.397 INFO             PET0 PIOc_sync Enter - MemInfo: Wall-clock time since execution start:              0.0920589 seconds
20220314 013708.398 INFO             PET0 PIOc_sync Exit - MemInfo: [/proc/meminfo - SSI]	MemTotal:       65855856 kB
20220314 013708.398 INFO             PET0 PIOc_sync Exit - MemInfo: [/proc/meminfo - SSI]	MemFree:        61162444 kB
20220314 013708.398 INFO             PET0 PIOc_sync Exit - MemInfo: [/proc/meminfo - SSI]	MemAvailable:   60943292 kB
20220314 013708.398 INFO             PET0 PIOc_sync Exit - MemInfo: [/proc/meminfo - SSI]	Committed_AS:    2910128 kB
20220314 013708.398 INFO             PET0 PIOc_sync Exit - MemInfo: [/proc/meminfo - SSI]	CommittedPercent: 4.41894 %
20220314 013708.398 INFO             PET0 PIOc_sync Exit - MemInfo: [/proc/self/status]	VmPeak:	   94120 kB
20220314 013708.398 INFO             PET0 PIOc_sync Exit - MemInfo: [/proc/self/status]	VmSize:	   94060 kB
20220314 013708.398 INFO             PET0 PIOc_sync Exit - MemInfo: [/proc/self/status]	VmLck:	       0 kB
20220314 013708.398 INFO             PET0 PIOc_sync Exit - MemInfo: [/proc/self/status]	VmPin:	       0 kB
20220314 013708.398 INFO             PET0 PIOc_sync Exit - MemInfo: [/proc/self/status]	VmHWM:	   19680 kB
20220314 013708.398 INFO             PET0 PIOc_sync Exit - MemInfo: [/proc/self/status]	VmRSS:	   19680 kB
20220314 013708.398 INFO             PET0 PIOc_sync Exit - MemInfo: [/proc/self/status]	VmData:	   18268 kB
20220314 013708.398 INFO             PET0 PIOc_sync Exit - MemInfo: [/proc/self/status]	VmStk:	     164 kB
20220314 013708.398 INFO             PET0 PIOc_sync Exit - MemInfo: [/proc/self/status]	VmExe:	   40852 kB
20220314 013708.398 INFO             PET0 PIOc_sync Exit - MemInfo: [/proc/self/status]	VmLib:	    1952 kB
20220314 013708.398 INFO             PET0 PIOc_sync Exit - MemInfo: [/proc/self/status]	VmPTE:	     184 kB
20220314 013708.398 INFO             PET0 PIOc_sync Exit - MemInfo: [/proc/self/status]	VmPMD:	      12 kB
20220314 013708.398 INFO             PET0 PIOc_sync Exit - MemInfo: [/proc/self/status]	VmSwap:	       0 kB
20220314 013708.398 INFO             PET0 PIOc_sync Exit - MemInfo: [/proc/self/status]	VmRSSPercent: 0.0298834 %
20220314 013708.398 INFO             PET0 PIOc_sync Exit - MemInfo: [malloc] Non-mmapped space allocated:                10152256 Byte
20220314 013708.398 INFO             PET0 PIOc_sync Exit - MemInfo: [malloc] Space allocated in mmapped regions:          4198400 Byte
20220314 013708.398 INFO             PET0 PIOc_sync Exit - MemInfo: [malloc] Maximum total allocated space:                     0 Byte
20220314 013708.398 INFO             PET0 PIOc_sync Exit - MemInfo: [malloc] Space in freed fastbin blocks:                     0 Byte
20220314 013708.398 INFO             PET0 PIOc_sync Exit - MemInfo: [malloc] Total allocated space:                      10055664 Byte
20220314 013708.398 INFO             PET0 PIOc_sync Exit - MemInfo: [malloc] Total free space:                              96592 Byte
20220314 013708.398 INFO             PET0 PIOc_sync Exit - MemInfo: [malloc] Top-most, releasable space:                    55120 Byte
20220314 013708.398 INFO             PET0 PIOc_sync Exit - MemInfo: [malloc] Total space in use, mmap + non-mmap:        14254064 Byte
20220314 013708.398 INFO             PET0 PIOc_sync Exit - MemInfo: [malloc] Total space held (mmap + non-mmap):         14350656 Byte
20220314 013708.398 INFO             PET0 PIOc_sync Exit - MemInfo: [malloc] Total space used (mmap + non-mmap):         14262960 Byte
20220314 013708.398 INFO             PET0 PIOc_sync Exit - MemInfo: Wall-clock time since execution start:               0.092577 seconds
20220314 013708.398 INFO             PET0 PIOc_freedecomp Enter - MemInfo: [/proc/meminfo - SSI]	MemTotal:       65855856 kB
20220314 013708.398 INFO             PET0 PIOc_freedecomp Enter - MemInfo: [/proc/meminfo - SSI]	MemFree:        61162444 kB
20220314 013708.398 INFO             PET0 PIOc_freedecomp Enter - MemInfo: [/proc/meminfo - SSI]	MemAvailable:   60943292 kB
20220314 013708.398 INFO             PET0 PIOc_freedecomp Enter - MemInfo: [/proc/meminfo - SSI]	Committed_AS:    2910128 kB
20220314 013708.398 INFO             PET0 PIOc_freedecomp Enter - MemInfo: [/proc/meminfo - SSI]	CommittedPercent: 4.41894 %
20220314 013708.398 INFO             PET0 PIOc_freedecomp Enter - MemInfo: [/proc/self/status]	VmPeak:	   94120 kB
20220314 013708.398 INFO             PET0 PIOc_freedecomp Enter - MemInfo: [/proc/self/status]	VmSize:	   94060 kB
20220314 013708.398 INFO             PET0 PIOc_freedecomp Enter - MemInfo: [/proc/self/status]	VmLck:	       0 kB
20220314 013708.398 INFO             PET0 PIOc_freedecomp Enter - MemInfo: [/proc/self/status]	VmPin:	       0 kB
20220314 013708.398 INFO             PET0 PIOc_freedecomp Enter - MemInfo: [/proc/self/status]	VmHWM:	   19680 kB
20220314 013708.398 INFO             PET0 PIOc_freedecomp Enter - MemInfo: [/proc/self/status]	VmRSS:	   19680 kB
20220314 013708.398 INFO             PET0 PIOc_freedecomp Enter - MemInfo: [/proc/self/status]	VmData:	   18268 kB
20220314 013708.398 INFO             PET0 PIOc_freedecomp Enter - MemInfo: [/proc/self/status]	VmStk:	     164 kB
20220314 013708.398 INFO             PET0 PIOc_freedecomp Enter - MemInfo: [/proc/self/status]	VmExe:	   40852 kB
20220314 013708.398 INFO             PET0 PIOc_freedecomp Enter - MemInfo: [/proc/self/status]	VmLib:	    1952 kB
20220314 013708.398 INFO             PET0 PIOc_freedecomp Enter - MemInfo: [/proc/self/status]	VmPTE:	     184 kB
20220314 013708.398 INFO             PET0 PIOc_freedecomp Enter - MemInfo: [/proc/self/status]	VmPMD:	      12 kB
20220314 013708.398 INFO             PET0 PIOc_freedecomp Enter - MemInfo: [/proc/self/status]	VmSwap:	       0 kB
20220314 013708.399 INFO             PET0 PIOc_freedecomp Enter - MemInfo: [/proc/self/status]	VmRSSPercent: 0.0298834 %
20220314 013708.399 INFO             PET0 PIOc_freedecomp Enter - MemInfo: [malloc] Non-mmapped space allocated:                10152256 Byte
20220314 013708.399 INFO             PET0 PIOc_freedecomp Enter - MemInfo: [malloc] Space allocated in mmapped regions:          4198400 Byte
20220314 013708.399 INFO             PET0 PIOc_freedecomp Enter - MemInfo: [malloc] Maximum total allocated space:                     0 Byte
20220314 013708.399 INFO             PET0 PIOc_freedecomp Enter - MemInfo: [malloc] Space in freed fastbin blocks:                   240 Byte
20220314 013708.399 INFO             PET0 PIOc_freedecomp Enter - MemInfo: [malloc] Total allocated space:                       1131936 Byte
20220314 013708.399 INFO             PET0 PIOc_freedecomp Enter - MemInfo: [malloc] Total free space:                            9020320 Byte
20220314 013708.399 INFO             PET0 PIOc_freedecomp Enter - MemInfo: [malloc] Top-most, releasable space:                    55120 Byte
20220314 013708.399 INFO             PET0 PIOc_freedecomp Enter - MemInfo: [malloc] Total space in use, mmap + non-mmap:         5330336 Byte
20220314 013708.399 INFO             PET0 PIOc_freedecomp Enter - MemInfo: [malloc] Total space held (mmap + non-mmap):         14350656 Byte
20220314 013708.399 INFO             PET0 PIOc_freedecomp Enter - MemInfo: [malloc] Total space used (mmap + non-mmap):          5338544 Byte
20220314 013708.399 INFO             PET0 PIOc_freedecomp Enter - MemInfo: Wall-clock time since execution start:              0.0932739 seconds
20220314 013708.399 INFO             PET0 PIOc_freedecomp Exit - MemInfo: [/proc/meminfo - SSI]	MemTotal:       65855856 kB
20220314 013708.399 INFO             PET0 PIOc_freedecomp Exit - MemInfo: [/proc/meminfo - SSI]	MemFree:        61162444 kB
20220314 013708.399 INFO             PET0 PIOc_freedecomp Exit - MemInfo: [/proc/meminfo - SSI]	MemAvailable:   60943292 kB
20220314 013708.399 INFO             PET0 PIOc_freedecomp Exit - MemInfo: [/proc/meminfo - SSI]	Committed_AS:    2910128 kB
20220314 013708.399 INFO             PET0 PIOc_freedecomp Exit - MemInfo: [/proc/meminfo - SSI]	CommittedPercent: 4.41894 %
20220314 013708.399 INFO             PET0 PIOc_freedecomp Exit - MemInfo: [/proc/self/status]	VmPeak:	   94120 kB
20220314 013708.399 INFO             PET0 PIOc_freedecomp Exit - MemInfo: [/proc/self/status]	VmSize:	   94060 kB
20220314 013708.399 INFO             PET0 PIOc_freedecomp Exit - MemInfo: [/proc/self/status]	VmLck:	       0 kB
20220314 013708.399 INFO             PET0 PIOc_freedecomp Exit - MemInfo: [/proc/self/status]	VmPin:	       0 kB
20220314 013708.399 INFO             PET0 PIOc_freedecomp Exit - MemInfo: [/proc/self/status]	VmHWM:	   19680 kB
20220314 013708.399 INFO             PET0 PIOc_freedecomp Exit - MemInfo: [/proc/self/status]	VmRSS:	   19680 kB
20220314 013708.399 INFO             PET0 PIOc_freedecomp Exit - MemInfo: [/proc/self/status]	VmData:	   18268 kB
20220314 013708.399 INFO             PET0 PIOc_freedecomp Exit - MemInfo: [/proc/self/status]	VmStk:	     164 kB
20220314 013708.399 INFO             PET0 PIOc_freedecomp Exit - MemInfo: [/proc/self/status]	VmExe:	   40852 kB
20220314 013708.399 INFO             PET0 PIOc_freedecomp Exit - MemInfo: [/proc/self/status]	VmLib:	    1952 kB
20220314 013708.399 INFO             PET0 PIOc_freedecomp Exit - MemInfo: [/proc/self/status]	VmPTE:	     184 kB
20220314 013708.399 INFO             PET0 PIOc_freedecomp Exit - MemInfo: [/proc/self/status]	VmPMD:	      12 kB
20220314 013708.399 INFO             PET0 PIOc_freedecomp Exit - MemInfo: [/proc/self/status]	VmSwap:	       0 kB
20220314 013708.399 INFO             PET0 PIOc_freedecomp Exit - MemInfo: [/proc/self/status]	VmRSSPercent: 0.0298834 %
20220314 013708.399 INFO             PET0 PIOc_freedecomp Exit - MemInfo: [malloc] Non-mmapped space allocated:                10152256 Byte
20220314 013708.399 INFO             PET0 PIOc_freedecomp Exit - MemInfo: [malloc] Space allocated in mmapped regions:          4198400 Byte
20220314 013708.399 INFO             PET0 PIOc_freedecomp Exit - MemInfo: [malloc] Maximum total allocated space:                     0 Byte
20220314 013708.399 INFO             PET0 PIOc_freedecomp Exit - MemInfo: [malloc] Space in freed fastbin blocks:                  1200 Byte
20220314 013708.399 INFO             PET0 PIOc_freedecomp Exit - MemInfo: [malloc] Total allocated space:                       1130736 Byte
20220314 013708.399 INFO             PET0 PIOc_freedecomp Exit - MemInfo: [malloc] Total free space:                            9021520 Byte
20220314 013708.399 INFO             PET0 PIOc_freedecomp Exit - MemInfo: [malloc] Top-most, releasable space:                    55120 Byte
20220314 013708.399 INFO             PET0 PIOc_freedecomp Exit - MemInfo: [malloc] Total space in use, mmap + non-mmap:         5329136 Byte
20220314 013708.399 INFO             PET0 PIOc_freedecomp Exit - MemInfo: [malloc] Total space held (mmap + non-mmap):         14350656 Byte
20220314 013708.399 INFO             PET0 PIOc_freedecomp Exit - MemInfo: [malloc] Total space used (mmap + non-mmap):          5337344 Byte
20220314 013708.399 INFO             PET0 PIOc_freedecomp Exit - MemInfo: Wall-clock time since execution start:              0.0936999 seconds
20220314 013708.399 INFO             PET0  PASS  Write 2D ESMF_Array with Halo to NetCDF Test, ESMF_ArrayIOUTest.F90, line 547
20220314 013708.400 WARNING          PET0 ESMCI_PIO_Handler.C:1344 ESMCI::PIO_Handler::open()  Unable to set fill on file: file2D_withhalo.nc, (PIO/NetCDF error = NetCDF: Write to read only)
20220314 013708.401 INFO             PET0 PIOc_sync Enter - MemInfo: [/proc/meminfo - SSI]	MemTotal:       65855856 kB
20220314 013708.401 INFO             PET0 PIOc_sync Enter - MemInfo: [/proc/meminfo - SSI]	MemFree:        61162444 kB
20220314 013708.401 INFO             PET0 PIOc_sync Enter - MemInfo: [/proc/meminfo - SSI]	MemAvailable:   60943292 kB
20220314 013708.401 INFO             PET0 PIOc_sync Enter - MemInfo: [/proc/meminfo - SSI]	Committed_AS:    2910128 kB
20220314 013708.401 INFO             PET0 PIOc_sync Enter - MemInfo: [/proc/meminfo - SSI]	CommittedPercent: 4.41894 %
20220314 013708.401 INFO             PET0 PIOc_sync Enter - MemInfo: [/proc/self/status]	VmPeak:	   94120 kB
20220314 013708.401 INFO             PET0 PIOc_sync Enter - MemInfo: [/proc/self/status]	VmSize:	   94060 kB
20220314 013708.401 INFO             PET0 PIOc_sync Enter - MemInfo: [/proc/self/status]	VmLck:	       0 kB
20220314 013708.401 INFO             PET0 PIOc_sync Enter - MemInfo: [/proc/self/status]	VmPin:	       0 kB
20220314 013708.401 INFO             PET0 PIOc_sync Enter - MemInfo: [/proc/self/status]	VmHWM:	   19680 kB
20220314 013708.401 INFO             PET0 PIOc_sync Enter - MemInfo: [/proc/self/status]	VmRSS:	   19680 kB
20220314 013708.401 INFO             PET0 PIOc_sync Enter - MemInfo: [/proc/self/status]	VmData:	   18268 kB
20220314 013708.401 INFO             PET0 PIOc_sync Enter - MemInfo: [/proc/self/status]	VmStk:	     164 kB
20220314 013708.401 INFO             PET0 PIOc_sync Enter - MemInfo: [/proc/self/status]	VmExe:	   40852 kB
20220314 013708.401 INFO             PET0 PIOc_sync Enter - MemInfo: [/proc/self/status]	VmLib:	    1952 kB
20220314 013708.401 INFO             PET0 PIOc_sync Enter - MemInfo: [/proc/self/status]	VmPTE:	     184 kB
20220314 013708.401 INFO             PET0 PIOc_sync Enter - MemInfo: [/proc/self/status]	VmPMD:	      12 kB
20220314 013708.401 INFO             PET0 PIOc_sync Enter - MemInfo: [/proc/self/status]	VmSwap:	       0 kB
20220314 013708.401 INFO             PET0 PIOc_sync Enter - MemInfo: [/proc/self/status]	VmRSSPercent: 0.0298834 %
20220314 013708.401 INFO             PET0 PIOc_sync Enter - MemInfo: [malloc] Non-mmapped space allocated:                10152256 Byte
20220314 013708.401 INFO             PET0 PIOc_sync Enter - MemInfo: [malloc] Space allocated in mmapped regions:          4198400 Byte
20220314 013708.401 INFO             PET0 PIOc_sync Enter - MemInfo: [malloc] Maximum total allocated space:                     0 Byte
20220314 013708.401 INFO             PET0 PIOc_sync Enter - MemInfo: [malloc] Space in freed fastbin blocks:                     0 Byte
20220314 013708.401 INFO             PET0 PIOc_sync Enter - MemInfo: [malloc] Total allocated space:                      10056864 Byte
20220314 013708.401 INFO             PET0 PIOc_sync Enter - MemInfo: [malloc] Total free space:                              95392 Byte
