build time -- 2022-03-14 00:47:24
20220314 013642.500 INFO             PET0 !!!!!!!!!!!!!!!!!!!!!!!!!!!!!!!!!!!!!!!!!!!!!!!!!!!!!!
20220314 013642.500 INFO             PET0 !!! THE ESMF_LOG IS SET TO OUTPUT ALL LOG MESSAGES !!!
20220314 013642.500 INFO             PET0 !!!     THIS MAY CAUSE SLOWDOWN IN PERFORMANCE     !!!
20220314 013642.500 INFO             PET0 !!! FOR PRODUCTION RUNS, USE:                      !!!
20220314 013642.500 INFO             PET0 !!!                   ESMF_LOGKIND_Multi_On_Error  !!!
20220314 013642.500 INFO             PET0 !!!!!!!!!!!!!!!!!!!!!!!!!!!!!!!!!!!!!!!!!!!!!!!!!!!!!!
20220314 013642.500 INFO             PET0 Running with ESMF Version   : v8.3.0b09-96-g559b459836
20220314 013642.500 INFO             PET0 ESMF library build date/time: "Mar 14 2022" "00:45:31"
20220314 013642.500 INFO             PET0 ESMF library build location : /lustre/f2/dev/ncep/Mark.Potts/gfortran_8.3.0_mpi_g_jedwards_pio_update2
20220314 013642.500 INFO             PET0 ESMF_COMM                   : mpi
20220314 013642.500 INFO             PET0 ESMF_MOAB                   : enabled
20220314 013642.500 INFO             PET0 ESMF_LAPACK                 : enabled
20220314 013642.500 INFO             PET0 ESMF_NETCDF                 : enabled
20220314 013642.500 INFO             PET0 ESMF_PNETCDF                : disabled
20220314 013642.500 INFO             PET0 ESMF_PIO                    : enabled
20220314 013642.500 INFO             PET0 ESMF_YAMLCPP                : enabled
20220314 013642.587 INFO             PET0  Beginning Test, file ESMF_RouteHandleAdvancedUTest.F90, line 346
20220314 013642.587 INFO             PET0  NUMBER_OF_PROCESSORS           4
20220314 013642.672 INFO             PET0 ESMF_FieldRedistStoreNF(): Just entered routine.
20220314 013643.270 INFO             PET0 ESMF_FieldRedistStoreNF(): Leaving routine.
20220314 013643.270 INFO             PET0  PASS  Create RouteHandle for the original petList, ESMF_RouteHandleAdvancedUTest.F90, line 511
20220314 013643.270 INFO             PET0  PASS  Test RouteHandleIsCreated(), ESMF_RouteHandleAdvancedUTest.F90, line 519
20220314 013643.270 INFO             PET0  PASS  Test RouteHandleIsCreated() return value, ESMF_RouteHandleAdvancedUTest.F90, line 526
20220314 013643.270 INFO             PET0  PASS  Test RouteHandleGet(), ESMF_RouteHandleAdvancedUTest.F90, line 534
20220314 013643.277 INFO             PET0  PASS  Test RouteHandleWrite(), ESMF_RouteHandleAdvancedUTest.F90, line 542
20220314 013643.277 INFO             PET0  PASS  Test RouteHandleDestroy(), ESMF_RouteHandleAdvancedUTest.F90, line 550
20220314 013643.279 INFO             PET0  PASS  Test RouteHandleCreate(from file), ESMF_RouteHandleAdvancedUTest.F90, line 558
20220314 013643.281 INFO             PET0  PASS  Apply the read in Routehandle, ESMF_RouteHandleAdvancedUTest.F90, line 567
20220314 013643.281 INFO             PET0  PASS  Test RouteHandleDestroy() for the read in Routehandle, ESMF_RouteHandleAdvancedUTest.F90, line 575
20220314 013643.281 INFO             PET0 ESMF_FieldRedistStoreNF(): Just entered routine.
20220314 013643.871 INFO             PET0 ESMF_FieldRedistStoreNF(): Leaving routine.
20220314 013643.871 INFO             PET0  PASS  Create RouteHandle for the original petList, ESMF_RouteHandleAdvancedUTest.F90, line 585
20220314 013643.871 INFO             PET0  PASS  Transfer RouteHandle to a different petList, ESMF_RouteHandleAdvancedUTest.F90, line 602
20220314 013643.901 INFO             PET0 PIOc_sync Enter - MemInfo: [/proc/meminfo - SSI]	MemTotal:       65855856 kB
20220314 013643.901 INFO             PET0 PIOc_sync Enter - MemInfo: [/proc/meminfo - SSI]	MemFree:        61111560 kB
20220314 013643.901 INFO             PET0 PIOc_sync Enter - MemInfo: [/proc/meminfo - SSI]	MemAvailable:   60894960 kB
20220314 013643.901 INFO             PET0 PIOc_sync Enter - MemInfo: [/proc/meminfo - SSI]	Committed_AS:    2971644 kB
20220314 013643.901 INFO             PET0 PIOc_sync Enter - MemInfo: [/proc/meminfo - SSI]	CommittedPercent: 4.51235 %
20220314 013643.901 INFO             PET0 PIOc_sync Enter - MemInfo: [/proc/self/status]	VmPeak:	  127096 kB
20220314 013643.901 INFO             PET0 PIOc_sync Enter - MemInfo: [/proc/self/status]	VmSize:	  127096 kB
20220314 013643.901 INFO             PET0 PIOc_sync Enter - MemInfo: [/proc/self/status]	VmLck:	       0 kB
20220314 013643.901 INFO             PET0 PIOc_sync Enter - MemInfo: [/proc/self/status]	VmPin:	       0 kB
20220314 013643.901 INFO             PET0 PIOc_sync Enter - MemInfo: [/proc/self/status]	VmHWM:	   28816 kB
20220314 013643.901 INFO             PET0 PIOc_sync Enter - MemInfo: [/proc/self/status]	VmRSS:	   28816 kB
20220314 013643.901 INFO             PET0 PIOc_sync Enter - MemInfo: [/proc/self/status]	VmData:	   29844 kB
20220314 013643.901 INFO             PET0 PIOc_sync Enter - MemInfo: [/proc/self/status]	VmStk:	     164 kB
20220314 013643.902 INFO             PET0 PIOc_sync Enter - MemInfo: [/proc/self/status]	VmExe:	   40960 kB
20220314 013643.902 INFO             PET0 PIOc_sync Enter - MemInfo: [/proc/self/status]	VmLib:	    1952 kB
20220314 013643.902 INFO             PET0 PIOc_sync Enter - MemInfo: [/proc/self/status]	VmPTE:	     228 kB
20220314 013643.902 INFO             PET0 PIOc_sync Enter - MemInfo: [/proc/self/status]	VmPMD:	      12 kB
20220314 013643.902 INFO             PET0 PIOc_sync Enter - MemInfo: [/proc/self/status]	VmSwap:	       0 kB
20220314 013643.902 INFO             PET0 PIOc_sync Enter - MemInfo: [/proc/self/status]	VmRSSPercent: 0.0437562 %
20220314 013643.902 INFO             PET0 PIOc_sync Enter - MemInfo: [malloc] Non-mmapped space allocated:                22427968 Byte
20220314 013643.902 INFO             PET0 PIOc_sync Enter - MemInfo: [malloc] Space allocated in mmapped regions:          3776512 Byte
20220314 013643.902 INFO             PET0 PIOc_sync Enter - MemInfo: [malloc] Maximum total allocated space:                     0 Byte
20220314 013643.902 INFO             PET0 PIOc_sync Enter - MemInfo: [malloc] Space in freed fastbin blocks:                     0 Byte
20220314 013643.902 INFO             PET0 PIOc_sync Enter - MemInfo: [malloc] Total allocated space:                      10886128 Byte
20220314 013643.902 INFO             PET0 PIOc_sync Enter - MemInfo: [malloc] Total free space:                           11541840 Byte
20220314 013643.902 INFO             PET0 PIOc_sync Enter - MemInfo: [malloc] Top-most, releasable space:                  6796400 Byte
20220314 013643.902 INFO             PET0 PIOc_sync Enter - MemInfo: [malloc] Total space in use, mmap + non-mmap:        14662640 Byte
20220314 013643.902 INFO             PET0 PIOc_sync Enter - MemInfo: [malloc] Total space held (mmap + non-mmap):         26204480 Byte
20220314 013643.902 INFO             PET0 PIOc_sync Enter - MemInfo: [malloc] Total space used (mmap + non-mmap):         14672704 Byte
20220314 013643.902 INFO             PET0 PIOc_sync Enter - MemInfo: Wall-clock time since execution start:                1.43246 seconds
20220314 013643.902 INFO             PET0 PIOc_sync Exit - MemInfo: [/proc/meminfo - SSI]	MemTotal:       65855856 kB
20220314 013643.902 INFO             PET0 PIOc_sync Exit - MemInfo: [/proc/meminfo - SSI]	MemFree:        61111560 kB
20220314 013643.902 INFO             PET0 PIOc_sync Exit - MemInfo: [/proc/meminfo - SSI]	MemAvailable:   60894960 kB
20220314 013643.902 INFO             PET0 PIOc_sync Exit - MemInfo: [/proc/meminfo - SSI]	Committed_AS:    2971644 kB
20220314 013643.902 INFO             PET0 PIOc_sync Exit - MemInfo: [/proc/meminfo - SSI]	CommittedPercent: 4.51235 %
20220314 013643.902 INFO             PET0 PIOc_sync Exit - MemInfo: [/proc/self/status]	VmPeak:	  127096 kB
20220314 013643.902 INFO             PET0 PIOc_sync Exit - MemInfo: [/proc/self/status]	VmSize:	  127096 kB
20220314 013643.902 INFO             PET0 PIOc_sync Exit - MemInfo: [/proc/self/status]	VmLck:	       0 kB
20220314 013643.902 INFO             PET0 PIOc_sync Exit - MemInfo: [/proc/self/status]	VmPin:	       0 kB
20220314 013643.902 INFO             PET0 PIOc_sync Exit - MemInfo: [/proc/self/status]	VmHWM:	   29060 kB
20220314 013643.902 INFO             PET0 PIOc_sync Exit - MemInfo: [/proc/self/status]	VmRSS:	   29060 kB
20220314 013643.902 INFO             PET0 PIOc_sync Exit - MemInfo: [/proc/self/status]	VmData:	   29844 kB
20220314 013643.902 INFO             PET0 PIOc_sync Exit - MemInfo: [/proc/self/status]	VmStk:	     164 kB
20220314 013643.902 INFO             PET0 PIOc_sync Exit - MemInfo: [/proc/self/status]	VmExe:	   40960 kB
20220314 013643.902 INFO             PET0 PIOc_sync Exit - MemInfo: [/proc/self/status]	VmLib:	    1952 kB
20220314 013643.902 INFO             PET0 PIOc_sync Exit - MemInfo: [/proc/self/status]	VmPTE:	     228 kB
20220314 013643.902 INFO             PET0 PIOc_sync Exit - MemInfo: [/proc/self/status]	VmPMD:	      12 kB
20220314 013643.902 INFO             PET0 PIOc_sync Exit - MemInfo: [/proc/self/status]	VmSwap:	       0 kB
20220314 013643.902 INFO             PET0 PIOc_sync Exit - MemInfo: [/proc/self/status]	VmRSSPercent: 0.0441267 %
20220314 013643.902 INFO             PET0 PIOc_sync Exit - MemInfo: [malloc] Non-mmapped space allocated:                22427968 Byte
20220314 013643.902 INFO             PET0 PIOc_sync Exit - MemInfo: [malloc] Space allocated in mmapped regions:          3776512 Byte
20220314 013643.902 INFO             PET0 PIOc_sync Exit - MemInfo: [malloc] Maximum total allocated space:                     0 Byte
20220314 013643.902 INFO             PET0 PIOc_sync Exit - MemInfo: [malloc] Space in freed fastbin blocks:                     0 Byte
20220314 013643.902 INFO             PET0 PIOc_sync Exit - MemInfo: [malloc] Total allocated space:                      11284192 Byte
20220314 013643.902 INFO             PET0 PIOc_sync Exit - MemInfo: [malloc] Total free space:                           11143776 Byte
20220314 013643.902 INFO             PET0 PIOc_sync Exit - MemInfo: [malloc] Top-most, releasable space:                  6796400 Byte
20220314 013643.902 INFO             PET0 PIOc_sync Exit - MemInfo: [malloc] Total space in use, mmap + non-mmap:        15060704 Byte
20220314 013643.902 INFO             PET0 PIOc_sync Exit - MemInfo: [malloc] Total space held (mmap + non-mmap):         26204480 Byte
20220314 013643.902 INFO             PET0 PIOc_sync Exit - MemInfo: [malloc] Total space used (mmap + non-mmap):         15069472 Byte
20220314 013643.902 INFO             PET0 PIOc_sync Exit - MemInfo: Wall-clock time since execution start:                 1.4331 seconds
20220314 013643.903 INFO             PET0 PIOc_freedecomp Enter - MemInfo: [/proc/meminfo - SSI]	MemTotal:       65855856 kB
20220314 013643.903 INFO             PET0 PIOc_freedecomp Enter - MemInfo: [/proc/meminfo - SSI]	MemFree:        61111560 kB
20220314 013643.903 INFO             PET0 PIOc_freedecomp Enter - MemInfo: [/proc/meminfo - SSI]	MemAvailable:   60894960 kB
20220314 013643.903 INFO             PET0 PIOc_freedecomp Enter - MemInfo: [/proc/meminfo - SSI]	Committed_AS:    2971644 kB
20220314 013643.903 INFO             PET0 PIOc_freedecomp Enter - MemInfo: [/proc/meminfo - SSI]	CommittedPercent: 4.51235 %
20220314 013643.903 INFO             PET0 PIOc_freedecomp Enter - MemInfo: [/proc/self/status]	VmPeak:	  127096 kB
20220314 013643.903 INFO             PET0 PIOc_freedecomp Enter - MemInfo: [/proc/self/status]	VmSize:	  127096 kB
20220314 013643.903 INFO             PET0 PIOc_freedecomp Enter - MemInfo: [/proc/self/status]	VmLck:	       0 kB
20220314 013643.903 INFO             PET0 PIOc_freedecomp Enter - MemInfo: [/proc/self/status]	VmPin:	       0 kB
20220314 013643.903 INFO             PET0 PIOc_freedecomp Enter - MemInfo: [/proc/self/status]	VmHWM:	   29060 kB
20220314 013643.903 INFO             PET0 PIOc_freedecomp Enter - MemInfo: [/proc/self/status]	VmRSS:	   29060 kB
20220314 013643.903 INFO             PET0 PIOc_freedecomp Enter - MemInfo: [/proc/self/status]	VmData:	   29844 kB
20220314 013643.903 INFO             PET0 PIOc_freedecomp Enter - MemInfo: [/proc/self/status]	VmStk:	     164 kB
20220314 013643.903 INFO             PET0 PIOc_freedecomp Enter - MemInfo: [/proc/self/status]	VmExe:	   40960 kB
20220314 013643.903 INFO             PET0 PIOc_freedecomp Enter - MemInfo: [/proc/self/status]	VmLib:	    1952 kB
20220314 013643.903 INFO             PET0 PIOc_freedecomp Enter - MemInfo: [/proc/self/status]	VmPTE:	     228 kB
20220314 013643.903 INFO             PET0 PIOc_freedecomp Enter - MemInfo: [/proc/self/status]	VmPMD:	      12 kB
20220314 013643.903 INFO             PET0 PIOc_freedecomp Enter - MemInfo: [/proc/self/status]	VmSwap:	       0 kB
20220314 013643.903 INFO             PET0 PIOc_freedecomp Enter - MemInfo: [/proc/self/status]	VmRSSPercent: 0.0441267 %
20220314 013643.903 INFO             PET0 PIOc_freedecomp Enter - MemInfo: [malloc] Non-mmapped space allocated:                22427968 Byte
20220314 013643.903 INFO             PET0 PIOc_freedecomp Enter - MemInfo: [malloc] Space allocated in mmapped regions:          3776512 Byte
20220314 013643.903 INFO             PET0 PIOc_freedecomp Enter - MemInfo: [malloc] Maximum total allocated space:                     0 Byte
20220314 013643.903 INFO             PET0 PIOc_freedecomp Enter - MemInfo: [malloc] Space in freed fastbin blocks:                   192 Byte
20220314 013643.903 INFO             PET0 PIOc_freedecomp Enter - MemInfo: [malloc] Total allocated space:                       2361152 Byte
20220314 013643.903 INFO             PET0 PIOc_freedecomp Enter - MemInfo: [malloc] Total free space:                           20066816 Byte
20220314 013643.903 INFO             PET0 PIOc_freedecomp Enter - MemInfo: [malloc] Top-most, releasable space:                 15185024 Byte
20220314 013643.903 INFO             PET0 PIOc_freedecomp Enter - MemInfo: [malloc] Total space in use, mmap + non-mmap:         6137664 Byte
20220314 013643.903 INFO             PET0 PIOc_freedecomp Enter - MemInfo: [malloc] Total space held (mmap + non-mmap):         26204480 Byte
20220314 013643.903 INFO             PET0 PIOc_freedecomp Enter - MemInfo: [malloc] Total space used (mmap + non-mmap):          6146096 Byte
20220314 013643.903 INFO             PET0 PIOc_freedecomp Enter - MemInfo: Wall-clock time since execution start:                1.43373 seconds
20220314 013643.903 INFO             PET0 PIOc_freedecomp Exit - MemInfo: [/proc/meminfo - SSI]	MemTotal:       65855856 kB
20220314 013643.903 INFO             PET0 PIOc_freedecomp Exit - MemInfo: [/proc/meminfo - SSI]	MemFree:        61111560 kB
20220314 013643.903 INFO             PET0 PIOc_freedecomp Exit - MemInfo: [/proc/meminfo - SSI]	MemAvailable:   60894960 kB
20220314 013643.903 INFO             PET0 PIOc_freedecomp Exit - MemInfo: [/proc/meminfo - SSI]	Committed_AS:    2971644 kB
20220314 013643.903 INFO             PET0 PIOc_freedecomp Exit - MemInfo: [/proc/meminfo - SSI]	CommittedPercent: 4.51235 %
20220314 013643.903 INFO             PET0 PIOc_freedecomp Exit - MemInfo: [/proc/self/status]	VmPeak:	  127096 kB
20220314 013643.903 INFO             PET0 PIOc_freedecomp Exit - MemInfo: [/proc/self/status]	VmSize:	  127096 kB
20220314 013643.903 INFO             PET0 PIOc_freedecomp Exit - MemInfo: [/proc/self/status]	VmLck:	       0 kB
20220314 013643.903 INFO             PET0 PIOc_freedecomp Exit - MemInfo: [/proc/self/status]	VmPin:	       0 kB
20220314 013643.903 INFO             PET0 PIOc_freedecomp Exit - MemInfo: [/proc/self/status]	VmHWM:	   29060 kB
20220314 013643.903 INFO             PET0 PIOc_freedecomp Exit - MemInfo: [/proc/self/status]	VmRSS:	   29060 kB
20220314 013643.903 INFO             PET0 PIOc_freedecomp Exit - MemInfo: [/proc/self/status]	VmData:	   29844 kB
20220314 013643.903 INFO             PET0 PIOc_freedecomp Exit - MemInfo: [/proc/self/status]	VmStk:	     164 kB
20220314 013643.903 INFO             PET0 PIOc_freedecomp Exit - MemInfo: [/proc/self/status]	VmExe:	   40960 kB
20220314 013643.903 INFO             PET0 PIOc_freedecomp Exit - MemInfo: [/proc/self/status]	VmLib:	    1952 kB
20220314 013643.903 INFO             PET0 PIOc_freedecomp Exit - MemInfo: [/proc/self/status]	VmPTE:	     228 kB
20220314 013643.903 INFO             PET0 PIOc_freedecomp Exit - MemInfo: [/proc/self/status]	VmPMD:	      12 kB
20220314 013643.903 INFO             PET0 PIOc_freedecomp Exit - MemInfo: [/proc/self/status]	VmSwap:	       0 kB
20220314 013643.903 INFO             PET0 PIOc_freedecomp Exit - MemInfo: [/proc/self/status]	VmRSSPercent: 0.0441267 %
20220314 013643.903 INFO             PET0 PIOc_freedecomp Exit - MemInfo: [malloc] Non-mmapped space allocated:                22427968 Byte
20220314 013643.903 INFO             PET0 PIOc_freedecomp Exit - MemInfo: [malloc] Space allocated in mmapped regions:          3776512 Byte
20220314 013643.903 INFO             PET0 PIOc_freedecomp Exit - MemInfo: [malloc] Maximum total allocated space:                     0 Byte
20220314 013643.903 INFO             PET0 PIOc_freedecomp Exit - MemInfo: [malloc] Space in freed fastbin blocks:                  1056 Byte
20220314 013643.903 INFO             PET0 PIOc_freedecomp Exit - MemInfo: [malloc] Total allocated space:                       2360544 Byte
20220314 013643.903 INFO             PET0 PIOc_freedecomp Exit - MemInfo: [malloc] Total free space:                           20067424 Byte
20220314 013643.903 INFO             PET0 PIOc_freedecomp Exit - MemInfo: [malloc] Top-most, releasable space:                 15185024 Byte
20220314 013643.903 INFO             PET0 PIOc_freedecomp Exit - MemInfo: [malloc] Total space in use, mmap + non-mmap:         6137056 Byte
20220314 013643.903 INFO             PET0 PIOc_freedecomp Exit - MemInfo: [malloc] Total space held (mmap + non-mmap):         26204480 Byte
20220314 013643.903 INFO             PET0 PIOc_freedecomp Exit - MemInfo: [malloc] Total space used (mmap + non-mmap):          6145264 Byte
20220314 013643.903 INFO             PET0 PIOc_freedecomp Exit - MemInfo: Wall-clock time since execution start:                1.43421 seconds
20220314 013643.905 INFO             PET0 PIOc_sync Enter - MemInfo: [/proc/meminfo - SSI]	MemTotal:       65855856 kB
20220314 013643.905 INFO             PET0 PIOc_sync Enter - MemInfo: [/proc/meminfo - SSI]	MemFree:        61111560 kB
20220314 013643.905 INFO             PET0 PIOc_sync Enter - MemInfo: [/proc/meminfo - SSI]	MemAvailable:   60894960 kB
20220314 013643.905 INFO             PET0 PIOc_sync Enter - MemInfo: [/proc/meminfo - SSI]	Committed_AS:    2971644 kB
20220314 013643.905 INFO             PET0 PIOc_sync Enter - MemInfo: [/proc/meminfo - SSI]	CommittedPercent: 4.51235 %
20220314 013643.905 INFO             PET0 PIOc_sync Enter - MemInfo: [/proc/self/status]	VmPeak:	  127096 kB
20220314 013643.905 INFO             PET0 PIOc_sync Enter - MemInfo: [/proc/self/status]	VmSize:	  127072 kB
20220314 013643.905 INFO             PET0 PIOc_sync Enter - MemInfo: [/proc/self/status]	VmLck:	       0 kB
20220314 013643.905 INFO             PET0 PIOc_sync Enter - MemInfo: [/proc/self/status]	VmPin:	       0 kB
20220314 013643.905 INFO             PET0 PIOc_sync Enter - MemInfo: [/proc/self/status]	VmHWM:	   29132 kB
20220314 013643.905 INFO             PET0 PIOc_sync Enter - MemInfo: [/proc/self/status]	VmRSS:	   29120 kB
20220314 013643.905 INFO             PET0 PIOc_sync Enter - MemInfo: [/proc/self/status]	VmData:	   29844 kB
20220314 013643.905 INFO             PET0 PIOc_sync Enter - MemInfo: [/proc/self/status]	VmStk:	     164 kB
20220314 013643.905 INFO             PET0 PIOc_sync Enter - MemInfo: [/proc/self/status]	VmExe:	   40960 kB
20220314 013643.905 INFO             PET0 PIOc_sync Enter - MemInfo: [/proc/self/status]	VmLib:	    1952 kB
20220314 013643.905 INFO             PET0 PIOc_sync Enter - MemInfo: [/proc/self/status]	VmPTE:	     228 kB
20220314 013643.905 INFO             PET0 PIOc_sync Enter - MemInfo: [/proc/self/status]	VmPMD:	      12 kB
20220314 013643.905 INFO             PET0 PIOc_sync Enter - MemInfo: [/proc/self/status]	VmSwap:	       0 kB
20220314 013643.905 INFO             PET0 PIOc_sync Enter - MemInfo: [/proc/self/status]	VmRSSPercent: 0.0442178 %
20220314 013643.905 INFO             PET0 PIOc_sync Enter - MemInfo: [malloc] Non-mmapped space allocated:                22427968 Byte
20220314 013643.905 INFO             PET0 PIOc_sync Enter - MemInfo: [malloc] Space allocated in mmapped regions:          3776512 Byte
20220314 013643.905 INFO             PET0 PIOc_sync Enter - MemInfo: [malloc] Maximum total allocated space:                     0 Byte
20220314 013643.905 INFO             PET0 PIOc_sync Enter - MemInfo: [malloc] Space in freed fastbin blocks:                   464 Byte
20220314 013643.905 INFO             PET0 PIOc_sync Enter - MemInfo: [malloc] Total allocated space:                      11286912 Byte
20220314 013643.905 INFO             PET0 PIOc_sync Enter - MemInfo: [malloc] Total free space:                           11141056 Byte
20220314 013643.905 INFO             PET0 PIOc_sync Enter - MemInfo: [malloc] Top-most, releasable space:                  6796400 Byte
20220314 013643.905 INFO             PET0 PIOc_sync Enter - MemInfo: [malloc] Total space in use, mmap + non-mmap:        15063424 Byte
20220314 013643.905 INFO             PET0 PIOc_sync Enter - MemInfo: [malloc] Total space held (mmap + non-mmap):         26204480 Byte
20220314 013643.905 INFO             PET0 PIOc_sync Enter - MemInfo: [malloc] Total space used (mmap + non-mmap):         15072080 Byte
20220314 013643.905 INFO             PET0 PIOc_sync Enter - MemInfo: Wall-clock time since execution start:                1.43603 seconds
20220314 013643.905 INFO             PET0 PIOc_sync Exit - MemInfo: [/proc/meminfo - SSI]	MemTotal:       65855856 kB
20220314 013643.905 INFO             PET0 PIOc_sync Exit - MemInfo: [/proc/meminfo - SSI]	MemFree:        61111560 kB
20220314 013643.905 INFO             PET0 PIOc_sync Exit - MemInfo: [/proc/meminfo - SSI]	MemAvailable:   60894960 kB
20220314 013643.905 INFO             PET0 PIOc_sync Exit - MemInfo: [/proc/meminfo - SSI]	Committed_AS:    2971644 kB
20220314 013643.905 INFO             PET0 PIOc_sync Exit - MemInfo: [/proc/meminfo - SSI]	CommittedPercent: 4.51235 %
20220314 013643.905 INFO             PET0 PIOc_sync Exit - MemInfo: [/proc/self/status]	VmPeak:	  127096 kB
20220314 013643.906 INFO             PET0 PIOc_sync Exit - MemInfo: [/proc/self/status]	VmSize:	  127072 kB
20220314 013643.906 INFO             PET0 PIOc_sync Exit - MemInfo: [/proc/self/status]	VmLck:	       0 kB
20220314 013643.906 INFO             PET0 PIOc_sync Exit - MemInfo: [/proc/self/status]	VmPin:	       0 kB
20220314 013643.906 INFO             PET0 PIOc_sync Exit - MemInfo: [/proc/self/status]	VmHWM:	   29132 kB
20220314 013643.906 INFO             PET0 PIOc_sync Exit - MemInfo: [/proc/self/status]	VmRSS:	   29120 kB
20220314 013643.906 INFO             PET0 PIOc_sync Exit - MemInfo: [/proc/self/status]	VmData:	   29844 kB
20220314 013643.906 INFO             PET0 PIOc_sync Exit - MemInfo: [/proc/self/status]	VmStk:	     164 kB
20220314 013643.906 INFO             PET0 PIOc_sync Exit - MemInfo: [/proc/self/status]	VmExe:	   40960 kB
20220314 013643.906 INFO             PET0 PIOc_sync Exit - MemInfo: [/proc/self/status]	VmLib:	    1952 kB
20220314 013643.906 INFO             PET0 PIOc_sync Exit - MemInfo: [/proc/self/status]	VmPTE:	     228 kB
20220314 013643.906 INFO             PET0 PIOc_sync Exit - MemInfo: [/proc/self/status]	VmPMD:	      12 kB
20220314 013643.906 INFO             PET0 PIOc_sync Exit - MemInfo: [/proc/self/status]	VmSwap:	       0 kB
20220314 013643.906 INFO             PET0 PIOc_sync Exit - MemInfo: [/proc/self/status]	VmRSSPercent: 0.0442178 %
20220314 013643.906 INFO             PET0 PIOc_sync Exit - MemInfo: [malloc] Non-mmapped space allocated:                22427968 Byte
20220314 013643.906 INFO             PET0 PIOc_sync Exit - MemInfo: [malloc] Space allocated in mmapped regions:          3776512 Byte
20220314 013643.906 INFO             PET0 PIOc_sync Exit - MemInfo: [malloc] Maximum total allocated space:                     0 Byte
20220314 013643.906 INFO             PET0 PIOc_sync Exit - MemInfo: [malloc] Space in freed fastbin blocks:                     0 Byte
20220314 013643.906 INFO             PET0 PIOc_sync Exit - MemInfo: [malloc] Total allocated space:                      11288192 Byte
20220314 013643.906 INFO             PET0 PIOc_sync Exit - MemInfo: [malloc] Total free space:                           11139776 Byte
20220314 013643.906 INFO             PET0 PIOc_sync Exit - MemInfo: [malloc] Top-most, releasable space:                  6796400 Byte
20220314 013643.906 INFO             PET0 PIOc_sync Exit - MemInfo: [malloc] Total space in use, mmap + non-mmap:        15064704 Byte
20220314 013643.906 INFO             PET0 PIOc_sync Exit - MemInfo: [malloc] Total space held (mmap + non-mmap):         26204480 Byte
20220314 013643.906 INFO             PET0 PIOc_sync Exit - MemInfo: [malloc] Total space used (mmap + non-mmap):         15073472 Byte
20220314 013643.906 INFO             PET0 PIOc_sync Exit - MemInfo: Wall-clock time since execution start:                1.43655 seconds
20220314 013643.906 INFO             PET0 PIOc_freedecomp Enter - MemInfo: [/proc/meminfo - SSI]	MemTotal:       65855856 kB
20220314 013643.906 INFO             PET0 PIOc_freedecomp Enter - MemInfo: [/proc/meminfo - SSI]	MemFree:        61111560 kB
20220314 013643.906 INFO             PET0 PIOc_freedecomp Enter - MemInfo: [/proc/meminfo - SSI]	MemAvailable:   60894960 kB
20220314 013643.906 INFO             PET0 PIOc_freedecomp Enter - MemInfo: [/proc/meminfo - SSI]	Committed_AS:    2971644 kB
20220314 013643.906 INFO             PET0 PIOc_freedecomp Enter - MemInfo: [/proc/meminfo - SSI]	CommittedPercent: 4.51235 %
20220314 013643.906 INFO             PET0 PIOc_freedecomp Enter - MemInfo: [/proc/self/status]	VmPeak:	  127096 kB
20220314 013643.906 INFO             PET0 PIOc_freedecomp Enter - MemInfo: [/proc/self/status]	VmSize:	  127072 kB
20220314 013643.906 INFO             PET0 PIOc_freedecomp Enter - MemInfo: [/proc/self/status]	VmLck:	       0 kB
20220314 013643.906 INFO             PET0 PIOc_freedecomp Enter - MemInfo: [/proc/self/status]	VmPin:	       0 kB
20220314 013643.906 INFO             PET0 PIOc_freedecomp Enter - MemInfo: [/proc/self/status]	VmHWM:	   29132 kB
20220314 013643.906 INFO             PET0 PIOc_freedecomp Enter - MemInfo: [/proc/self/status]	VmRSS:	   29120 kB
20220314 013643.906 INFO             PET0 PIOc_freedecomp Enter - MemInfo: [/proc/self/status]	VmData:	   29844 kB
20220314 013643.906 INFO             PET0 PIOc_freedecomp Enter - MemInfo: [/proc/self/status]	VmStk:	     164 kB
20220314 013643.906 INFO             PET0 PIOc_freedecomp Enter - MemInfo: [/proc/self/status]	VmExe:	   40960 kB
20220314 013643.906 INFO             PET0 PIOc_freedecomp Enter - MemInfo: [/proc/self/status]	VmLib:	    1952 kB
20220314 013643.906 INFO             PET0 PIOc_freedecomp Enter - MemInfo: [/proc/self/status]	VmPTE:	     228 kB
20220314 013643.906 INFO             PET0 PIOc_freedecomp Enter - MemInfo: [/proc/self/status]	VmPMD:	      12 kB
20220314 013643.906 INFO             PET0 PIOc_freedecomp Enter - MemInfo: [/proc/self/status]	VmSwap:	       0 kB
20220314 013643.906 INFO             PET0 PIOc_freedecomp Enter - MemInfo: [/proc/self/status]	VmRSSPercent: 0.0442178 %
20220314 013643.906 INFO             PET0 PIOc_freedecomp Enter - MemInfo: [malloc] Non-mmapped space allocated:                22427968 Byte
20220314 013643.906 INFO             PET0 PIOc_freedecomp Enter - MemInfo: [malloc] Space allocated in mmapped regions:          3776512 Byte
20220314 013643.906 INFO             PET0 PIOc_freedecomp Enter - MemInfo: [malloc] Maximum total allocated space:                     0 Byte
20220314 013643.906 INFO             PET0 PIOc_freedecomp Enter - MemInfo: [malloc] Space in freed fastbin blocks:                   272 Byte
20220314 013643.906 INFO             PET0 PIOc_freedecomp Enter - MemInfo: [malloc] Total allocated space:                       2364608 Byte
20220314 013643.906 INFO             PET0 PIOc_freedecomp Enter - MemInfo: [malloc] Total free space:                           20063360 Byte
20220314 013643.906 INFO             PET0 PIOc_freedecomp Enter - MemInfo: [malloc] Top-most, releasable space:                 15185024 Byte
20220314 013643.906 INFO             PET0 PIOc_freedecomp Enter - MemInfo: [malloc] Total space in use, mmap + non-mmap:         6141120 Byte
20220314 013643.906 INFO             PET0 PIOc_freedecomp Enter - MemInfo: [malloc] Total space held (mmap + non-mmap):         26204480 Byte
20220314 013643.906 INFO             PET0 PIOc_freedecomp Enter - MemInfo: [malloc] Total space used (mmap + non-mmap):          6149328 Byte
20220314 013643.906 INFO             PET0 PIOc_freedecomp Enter - MemInfo: Wall-clock time since execution start:                 1.4372 seconds
20220314 013643.906 INFO             PET0 PIOc_freedecomp Exit - MemInfo: [/proc/meminfo - SSI]	MemTotal:       65855856 kB
20220314 013643.906 INFO             PET0 PIOc_freedecomp Exit - MemInfo: [/proc/meminfo - SSI]	MemFree:        61111560 kB
20220314 013643.907 INFO             PET0 PIOc_freedecomp Exit - MemInfo: [/proc/meminfo - SSI]	MemAvailable:   60894960 kB
20220314 013643.907 INFO             PET0 PIOc_freedecomp Exit - MemInfo: [/proc/meminfo - SSI]	Committed_AS:    2971644 kB
20220314 013643.907 INFO             PET0 PIOc_freedecomp Exit - MemInfo: [/proc/meminfo - SSI]	CommittedPercent: 4.51235 %
20220314 013643.907 INFO             PET0 PIOc_freedecomp Exit - MemInfo: [/proc/self/status]	VmPeak:	  127096 kB
20220314 013643.907 INFO             PET0 PIOc_freedecomp Exit - MemInfo: [/proc/self/status]	VmSize:	  127072 kB
20220314 013643.907 INFO             PET0 PIOc_freedecomp Exit - MemInfo: [/proc/self/status]	VmLck:	       0 kB
20220314 013643.907 INFO             PET0 PIOc_freedecomp Exit - MemInfo: [/proc/self/status]	VmPin:	       0 kB
20220314 013643.907 INFO             PET0 PIOc_freedecomp Exit - MemInfo: [/proc/self/status]	VmHWM:	   29132 kB
20220314 013643.907 INFO             PET0 PIOc_freedecomp Exit - MemInfo: [/proc/self/status]	VmRSS:	   29120 kB
20220314 013643.907 INFO             PET0 PIOc_freedecomp Exit - MemInfo: [/proc/self/status]	VmData:	   29844 kB
20220314 013643.907 INFO             PET0 PIOc_freedecomp Exit - MemInfo: [/proc/self/status]	VmStk:	     164 kB
20220314 013643.907 INFO             PET0 PIOc_freedecomp Exit - MemInfo: [/proc/self/status]	VmExe:	   40960 kB
20220314 013643.907 INFO             PET0 PIOc_freedecomp Exit - MemInfo: [/proc/self/status]	VmLib:	    1952 kB
20220314 013643.907 INFO             PET0 PIOc_freedecomp Exit - MemInfo: [/proc/self/status]	VmPTE:	     228 kB
20220314 013643.907 INFO             PET0 PIOc_freedecomp Exit - MemInfo: [/proc/self/status]	VmPMD:	      12 kB
20220314 013643.907 INFO             PET0 PIOc_freedecomp Exit - MemInfo: [/proc/self/status]	VmSwap:	       0 kB
20220314 013643.907 INFO             PET0 PIOc_freedecomp Exit - MemInfo: [/proc/self/status]	VmRSSPercent: 0.0442178 %
20220314 013643.907 INFO             PET0 PIOc_freedecomp Exit - MemInfo: [malloc] Non-mmapped space allocated:                22427968 Byte
20220314 013643.907 INFO             PET0 PIOc_freedecomp Exit - MemInfo: [malloc] Space allocated in mmapped regions:          3776512 Byte
20220314 013643.907 INFO             PET0 PIOc_freedecomp Exit - MemInfo: [malloc] Maximum total allocated space:                     0 Byte
20220314 013643.907 INFO             PET0 PIOc_freedecomp Exit - MemInfo: [malloc] Space in freed fastbin blocks:                  1792 Byte
20220314 013643.907 INFO             PET0 PIOc_freedecomp Exit - MemInfo: [malloc] Total allocated space:                       2362672 Byte
20220314 013643.907 INFO             PET0 PIOc_freedecomp Exit - MemInfo: [malloc] Total free space:                           20065296 Byte
20220314 013643.907 INFO             PET0 PIOc_freedecomp Exit - MemInfo: [malloc] Top-most, releasable space:                 15185024 Byte
20220314 013643.907 INFO             PET0 PIOc_freedecomp Exit - MemInfo: [malloc] Total space in use, mmap + non-mmap:         6139184 Byte
20220314 013643.907 INFO             PET0 PIOc_freedecomp Exit - MemInfo: [malloc] Total space held (mmap + non-mmap):         26204480 Byte
20220314 013643.907 INFO             PET0 PIOc_freedecomp Exit - MemInfo: [malloc] Total space used (mmap + non-mmap):          6147392 Byte
20220314 013643.907 INFO             PET0 PIOc_freedecomp Exit - MemInfo: Wall-clock time since execution start:                1.43767 seconds
20220314 013643.908 INFO             PET0 PIOc_sync Enter - MemInfo: [/proc/meminfo - SSI]	MemTotal:       65855856 kB
20220314 013643.908 INFO             PET0 PIOc_sync Enter - MemInfo: [/proc/meminfo - SSI]	MemFree:        61111560 kB
20220314 013643.908 INFO             PET0 PIOc_sync Enter - MemInfo: [/proc/meminfo - SSI]	MemAvailable:   60894960 kB
20220314 013643.908 INFO             PET0 PIOc_sync Enter - MemInfo: [/proc/meminfo - SSI]	Committed_AS:    2971644 kB
20220314 013643.908 INFO             PET0 PIOc_sync Enter - MemInfo: [/proc/meminfo - SSI]	CommittedPercent: 4.51235 %
20220314 013643.908 INFO             PET0 PIOc_sync Enter - MemInfo: [/proc/self/status]	VmPeak:	  127096 kB
20220314 013643.908 INFO             PET0 PIOc_sync Enter - MemInfo: [/proc/self/status]	VmSize:	  127072 kB
20220314 013643.908 INFO             PET0 PIOc_sync Enter - MemInfo: [/proc/self/status]	VmLck:	       0 kB
20220314 013643.908 INFO             PET0 PIOc_sync Enter - MemInfo: [/proc/self/status]	VmPin:	       0 kB
20220314 013643.908 INFO             PET0 PIOc_sync Enter - MemInfo: [/proc/self/status]	VmHWM:	   29132 kB
20220314 013643.908 INFO             PET0 PIOc_sync Enter - MemInfo: [/proc/self/status]	VmRSS:	   29120 kB
20220314 013643.908 INFO             PET0 PIOc_sync Enter - MemInfo: [/proc/self/status]	VmData:	   29844 kB
20220314 013643.908 INFO             PET0 PIOc_sync Enter - MemInfo: [/proc/self/status]	VmStk:	     164 kB
20220314 013643.908 INFO             PET0 PIOc_sync Enter - MemInfo: [/proc/self/status]	VmExe:	   40960 kB
20220314 013643.908 INFO             PET0 PIOc_sync Enter - MemInfo: [/proc/self/status]	VmLib:	    1952 kB
20220314 013643.908 INFO             PET0 PIOc_sync Enter - MemInfo: [/proc/self/status]	VmPTE:	     228 kB
20220314 013643.908 INFO             PET0 PIOc_sync Enter - MemInfo: [/proc/self/status]	VmPMD:	      12 kB
20220314 013643.908 INFO             PET0 PIOc_sync Enter - MemInfo: [/proc/self/status]	VmSwap:	       0 kB
20220314 013643.908 INFO             PET0 PIOc_sync Enter - MemInfo: [/proc/self/status]	VmRSSPercent: 0.0442178 %
20220314 013643.908 INFO             PET0 PIOc_sync Enter - MemInfo: [malloc] Non-mmapped space allocated:                22427968 Byte
20220314 013643.909 INFO             PET0 PIOc_sync Enter - MemInfo: [malloc] Space allocated in mmapped regions:          3776512 Byte
20220314 013643.909 INFO             PET0 PIOc_sync Enter - MemInfo: [malloc] Maximum total allocated space:                     0 Byte
20220314 013643.909 INFO             PET0 PIOc_sync Enter - MemInfo: [malloc] Space in freed fastbin blocks:                   960 Byte
20220314 013643.909 INFO             PET0 PIOc_sync Enter - MemInfo: [malloc] Total allocated space:                      11289936 Byte
20220314 013643.909 INFO             PET0 PIOc_sync Enter - MemInfo: [malloc] Total free space:                           11138032 Byte
20220314 013643.909 INFO             PET0 PIOc_sync Enter - MemInfo: [malloc] Top-most, releasable space:                  6796400 Byte
20220314 013643.909 INFO             PET0 PIOc_sync Enter - MemInfo: [malloc] Total space in use, mmap + non-mmap:        15066448 Byte
20220314 013643.909 INFO             PET0 PIOc_sync Enter - MemInfo: [malloc] Total space held (mmap + non-mmap):         26204480 Byte
20220314 013643.909 INFO             PET0 PIOc_sync Enter - MemInfo: [malloc] Total space used (mmap + non-mmap):         15074880 Byte
20220314 013643.909 INFO             PET0 PIOc_sync Enter - MemInfo: Wall-clock time since execution start:                1.43936 seconds
20220314 013643.909 INFO             PET0 PIOc_sync Exit - MemInfo: [/proc/meminfo - SSI]	MemTotal:       65855856 kB
20220314 013643.909 INFO             PET0 PIOc_sync Exit - MemInfo: [/proc/meminfo - SSI]	MemFree:        61111560 kB
20220314 013643.909 INFO             PET0 PIOc_sync Exit - MemInfo: [/proc/meminfo - SSI]	MemAvailable:   60894960 kB
20220314 013643.909 INFO             PET0 PIOc_sync Exit - MemInfo: [/proc/meminfo - SSI]	Committed_AS:    2971644 kB
20220314 013643.909 INFO             PET0 PIOc_sync Exit - MemInfo: [/proc/meminfo - SSI]	CommittedPercent: 4.51235 %
20220314 013643.909 INFO             PET0 PIOc_sync Exit - MemInfo: [/proc/self/status]	VmPeak:	  127096 kB
20220314 013643.909 INFO             PET0 PIOc_sync Exit - MemInfo: [/proc/self/status]	VmSize:	  127072 kB
20220314 013643.909 INFO             PET0 PIOc_sync Exit - MemInfo: [/proc/self/status]	VmLck:	       0 kB
20220314 013643.909 INFO             PET0 PIOc_sync Exit - MemInfo: [/proc/self/status]	VmPin:	       0 kB
20220314 013643.909 INFO             PET0 PIOc_sync Exit - MemInfo: [/proc/self/status]	VmHWM:	   29132 kB
20220314 013643.909 INFO             PET0 PIOc_sync Exit - MemInfo: [/proc/self/status]	VmRSS:	   29120 kB
20220314 013643.909 INFO             PET0 PIOc_sync Exit - MemInfo: [/proc/self/status]	VmData:	   29844 kB
20220314 013643.909 INFO             PET0 PIOc_sync Exit - MemInfo: [/proc/self/status]	VmStk:	     164 kB
20220314 013643.909 INFO             PET0 PIOc_sync Exit - MemInfo: [/proc/self/status]	VmExe:	   40960 kB
20220314 013643.909 INFO             PET0 PIOc_sync Exit - MemInfo: [/proc/self/status]	VmLib:	    1952 kB
20220314 013643.909 INFO             PET0 PIOc_sync Exit - MemInfo: [/proc/self/status]	VmPTE:	     228 kB
20220314 013643.909 INFO             PET0 PIOc_sync Exit - MemInfo: [/proc/self/status]	VmPMD:	      12 kB
20220314 013643.909 INFO             PET0 PIOc_sync Exit - MemInfo: [/proc/self/status]	VmSwap:	       0 kB
20220314 013643.909 INFO             PET0 PIOc_sync Exit - MemInfo: [/proc/self/status]	VmRSSPercent: 0.0442178 %
20220314 013643.909 INFO             PET0 PIOc_sync Exit - MemInfo: [malloc] Non-mmapped space allocated:                22427968 Byte
20220314 013643.909 INFO             PET0 PIOc_sync Exit - MemInfo: [malloc] Space allocated in mmapped regions:          3776512 Byte
20220314 013643.909 INFO             PET0 PIOc_sync Exit - MemInfo: [malloc] Maximum total allocated space:                     0 Byte
20220314 013643.909 INFO             PET0 PIOc_sync Exit - MemInfo: [malloc] Space in freed fastbin blocks:                    32 Byte
20220314 013643.909 INFO             PET0 PIOc_sync Exit - MemInfo: [malloc] Total allocated space:                      11290688 Byte
20220314 013643.909 INFO             PET0 PIOc_sync Exit - MemInfo: [malloc] Total free space:                           11137280 Byte
20220314 013643.909 INFO             PET0 PIOc_sync Exit - MemInfo: [malloc] Top-most, releasable space:                  6796400 Byte
20220314 013643.909 INFO             PET0 PIOc_sync Exit - MemInfo: [malloc] Total space in use, mmap + non-mmap:        15067200 Byte
20220314 013643.909 INFO             PET0 PIOc_sync Exit - MemInfo: [malloc] Total space held (mmap + non-mmap):         26204480 Byte
20220314 013643.909 INFO             PET0 PIOc_sync Exit - MemInfo: [malloc] Total space used (mmap + non-mmap):         15075968 Byte
20220314 013643.909 INFO             PET0 PIOc_sync Exit - MemInfo: Wall-clock time since execution start:                 1.4399 seconds
20220314 013643.909 INFO             PET0 PIOc_freedecomp Enter - MemInfo: [/proc/meminfo - SSI]	MemTotal:       65855856 kB
20220314 013643.909 INFO             PET0 PIOc_freedecomp Enter - MemInfo: [/proc/meminfo - SSI]	MemFree:        61111560 kB
20220314 013643.909 INFO             PET0 PIOc_freedecomp Enter - MemInfo: [/proc/meminfo - SSI]	MemAvailable:   60894960 kB
20220314 013643.909 INFO             PET0 PIOc_freedecomp Enter - MemInfo: [/proc/meminfo - SSI]	Committed_AS:    2971644 kB
20220314 013643.909 INFO             PET0 PIOc_freedecomp Enter - MemInfo: [/proc/meminfo - SSI]	CommittedPercent: 4.51235 %
20220314 013643.909 INFO             PET0 PIOc_freedecomp Enter - MemInfo: [/proc/self/status]	VmPeak:	  127096 kB
20220314 013643.909 INFO             PET0 PIOc_freedecomp Enter - MemInfo: [/proc/self/status]	VmSize:	  127072 kB
20220314 013643.910 INFO             PET0 PIOc_freedecomp Enter - MemInfo: [/proc/self/status]	VmLck:	       0 kB
20220314 013643.910 INFO             PET0 PIOc_freedecomp Enter - MemInfo: [/proc/self/status]	VmPin:	       0 kB
20220314 013643.910 INFO             PET0 PIOc_freedecomp Enter - MemInfo: [/proc/self/status]	VmHWM:	   29132 kB
20220314 013643.910 INFO             PET0 PIOc_freedecomp Enter - MemInfo: [/proc/self/status]	VmRSS:	   29120 kB
20220314 013643.910 INFO             PET0 PIOc_freedecomp Enter - MemInfo: [/proc/self/status]	VmData:	   29844 kB
20220314 013643.910 INFO             PET0 PIOc_freedecomp Enter - MemInfo: [/proc/self/status]	VmStk:	     164 kB
20220314 013643.910 INFO             PET0 PIOc_freedecomp Enter - MemInfo: [/proc/self/status]	VmExe:	   40960 kB
20220314 013643.910 INFO             PET0 PIOc_freedecomp Enter - MemInfo: [/proc/self/status]	VmLib:	    1952 kB
20220314 013643.910 INFO             PET0 PIOc_freedecomp Enter - MemInfo: [/proc/self/status]	VmPTE:	     228 kB
20220314 013643.910 INFO             PET0 PIOc_freedecomp Enter - MemInfo: [/proc/self/status]	VmPMD:	      12 kB
20220314 013643.910 INFO             PET0 PIOc_freedecomp Enter - MemInfo: [/proc/self/status]	VmSwap:	       0 kB
20220314 013643.910 INFO             PET0 PIOc_freedecomp Enter - MemInfo: [/proc/self/status]	VmRSSPercent: 0.0442178 %
20220314 013643.910 INFO             PET0 PIOc_freedecomp Enter - MemInfo: [malloc] Non-mmapped space allocated:                22427968 Byte
20220314 013643.910 INFO             PET0 PIOc_freedecomp Enter - MemInfo: [malloc] Space allocated in mmapped regions:          3776512 Byte
20220314 013643.910 INFO             PET0 PIOc_freedecomp Enter - MemInfo: [malloc] Maximum total allocated space:                     0 Byte
20220314 013643.910 INFO             PET0 PIOc_freedecomp Enter - MemInfo: [malloc] Space in freed fastbin blocks:                   272 Byte
20220314 013643.910 INFO             PET0 PIOc_freedecomp Enter - MemInfo: [malloc] Total allocated space:                       2365856 Byte
20220314 013643.910 INFO             PET0 PIOc_freedecomp Enter - MemInfo: [malloc] Total free space:                           20062112 Byte
20220314 013643.910 INFO             PET0 PIOc_freedecomp Enter - MemInfo: [malloc] Top-most, releasable space:                 15185024 Byte
20220314 013643.910 INFO             PET0 PIOc_freedecomp Enter - MemInfo: [malloc] Total space in use, mmap + non-mmap:         6142368 Byte
20220314 013643.910 INFO             PET0 PIOc_freedecomp Enter - MemInfo: [malloc] Total space held (mmap + non-mmap):         26204480 Byte
20220314 013643.910 INFO             PET0 PIOc_freedecomp Enter - MemInfo: [malloc] Total space used (mmap + non-mmap):          6150576 Byte
20220314 013643.910 INFO             PET0 PIOc_freedecomp Enter - MemInfo: Wall-clock time since execution start:                1.44052 seconds
20220314 013643.910 INFO             PET0 PIOc_freedecomp Exit - MemInfo: [/proc/meminfo - SSI]	MemTotal:       65855856 kB
20220314 013643.910 INFO             PET0 PIOc_freedecomp Exit - MemInfo: [/proc/meminfo - SSI]	MemFree:        61111560 kB
20220314 013643.910 INFO             PET0 PIOc_freedecomp Exit - MemInfo: [/proc/meminfo - SSI]	MemAvailable:   60894960 kB
20220314 013643.910 INFO             PET0 PIOc_freedecomp Exit - MemInfo: [/proc/meminfo - SSI]	Committed_AS:    2971644 kB
20220314 013643.910 INFO             PET0 PIOc_freedecomp Exit - MemInfo: [/proc/meminfo - SSI]	CommittedPercent: 4.51235 %
20220314 013643.910 INFO             PET0 PIOc_freedecomp Exit - MemInfo: [/proc/self/status]	VmPeak:	  127096 kB
20220314 013643.910 INFO             PET0 PIOc_freedecomp Exit - MemInfo: [/proc/self/status]	VmSize:	  127072 kB
20220314 013643.910 INFO             PET0 PIOc_freedecomp Exit - MemInfo: [/proc/self/status]	VmLck:	       0 kB
20220314 013643.910 INFO             PET0 PIOc_freedecomp Exit - MemInfo: [/proc/self/status]	VmPin:	       0 kB
20220314 013643.910 INFO             PET0 PIOc_freedecomp Exit - MemInfo: [/proc/self/status]	VmHWM:	   29132 kB
20220314 013643.910 INFO             PET0 PIOc_freedecomp Exit - MemInfo: [/proc/self/status]	VmRSS:	   29120 kB
20220314 013643.910 INFO             PET0 PIOc_freedecomp Exit - MemInfo: [/proc/self/status]	VmData:	   29844 kB
20220314 013643.910 INFO             PET0 PIOc_freedecomp Exit - MemInfo: [/proc/self/status]	VmStk:	     164 kB
20220314 013643.910 INFO             PET0 PIOc_freedecomp Exit - MemInfo: [/proc/self/status]	VmExe:	   40960 kB
20220314 013643.910 INFO             PET0 PIOc_freedecomp Exit - MemInfo: [/proc/self/status]	VmLib:	    1952 kB
20220314 013643.910 INFO             PET0 PIOc_freedecomp Exit - MemInfo: [/proc/self/status]	VmPTE:	     228 kB
20220314 013643.910 INFO             PET0 PIOc_freedecomp Exit - MemInfo: [/proc/self/status]	VmPMD:	      12 kB
20220314 013643.910 INFO             PET0 PIOc_freedecomp Exit - MemInfo: [/proc/self/status]	VmSwap:	       0 kB
20220314 013643.910 INFO             PET0 PIOc_freedecomp Exit - MemInfo: [/proc/self/status]	VmRSSPercent: 0.0442178 %
20220314 013643.910 INFO             PET0 PIOc_freedecomp Exit - MemInfo: [malloc] Non-mmapped space allocated:                22427968 Byte
20220314 013643.910 INFO             PET0 PIOc_freedecomp Exit - MemInfo: [malloc] Space allocated in mmapped regions:          3776512 Byte
20220314 013643.910 INFO             PET0 PIOc_freedecomp Exit - MemInfo: [malloc] Maximum total allocated space:                     0 Byte
20220314 013643.910 INFO             PET0 PIOc_freedecomp Exit - MemInfo: [malloc] Space in freed fastbin blocks:                  1696 Byte
20220314 013643.910 INFO             PET0 PIOc_freedecomp Exit - MemInfo: [malloc] Total allocated space:                       2364016 Byte
20220314 013643.910 INFO             PET0 PIOc_freedecomp Exit - MemInfo: [malloc] Total free space:                           20063952 Byte
20220314 013643.910 INFO             PET0 PIOc_freedecomp Exit - MemInfo: [malloc] Top-most, releasable space:                 15185024 Byte
20220314 013643.910 INFO             PET0 PIOc_freedecomp Exit - MemInfo: [malloc] Total space in use, mmap + non-mmap:         6140528 Byte
20220314 013643.910 INFO             PET0 PIOc_freedecomp Exit - MemInfo: [malloc] Total space held (mmap + non-mmap):         26204480 Byte
20220314 013643.910 INFO             PET0 PIOc_freedecomp Exit - MemInfo: [malloc] Total space used (mmap + non-mmap):          6148736 Byte
20220314 013643.910 INFO             PET0 PIOc_freedecomp Exit - MemInfo: Wall-clock time since execution start:                  1.441 seconds
20220314 013643.911 INFO             PET0 PIOc_sync Enter - MemInfo: [/proc/meminfo - SSI]	MemTotal:       65855856 kB
20220314 013643.912 INFO             PET0 PIOc_sync Enter - MemInfo: [/proc/meminfo - SSI]	MemFree:        61111308 kB
20220314 013643.912 INFO             PET0 PIOc_sync Enter - MemInfo: [/proc/meminfo - SSI]	MemAvailable:   60894708 kB
20220314 013643.912 INFO             PET0 PIOc_sync Enter - MemInfo: [/proc/meminfo - SSI]	Committed_AS:    2971644 kB
20220314 013643.912 INFO             PET0 PIOc_sync Enter - MemInfo: [/proc/meminfo - SSI]	CommittedPercent: 4.51235 %
20220314 013643.912 INFO             PET0 PIOc_sync Enter - MemInfo: [/proc/self/status]	VmPeak:	  127096 kB
20220314 013643.912 INFO             PET0 PIOc_sync Enter - MemInfo: [/proc/self/status]	VmSize:	  127072 kB
20220314 013643.912 INFO             PET0 PIOc_sync Enter - MemInfo: [/proc/self/status]	VmLck:	       0 kB
20220314 013643.912 INFO             PET0 PIOc_sync Enter - MemInfo: [/proc/self/status]	VmPin:	       0 kB
20220314 013643.912 INFO             PET0 PIOc_sync Enter - MemInfo: [/proc/self/status]	VmHWM:	   29132 kB
20220314 013643.912 INFO             PET0 PIOc_sync Enter - MemInfo: [/proc/self/status]	VmRSS:	   29120 kB
20220314 013643.912 INFO             PET0 PIOc_sync Enter - MemInfo: [/proc/self/status]	VmData:	   29844 kB
20220314 013643.912 INFO             PET0 PIOc_sync Enter - MemInfo: [/proc/self/status]	VmStk:	     164 kB
20220314 013643.912 INFO             PET0 PIOc_sync Enter - MemInfo: [/proc/self/status]	VmExe:	   40960 kB
20220314 013643.912 INFO             PET0 PIOc_sync Enter - MemInfo: [/proc/self/status]	VmLib:	    1952 kB
20220314 013643.912 INFO             PET0 PIOc_sync Enter - MemInfo: [/proc/self/status]	VmPTE:	     228 kB
20220314 013643.912 INFO             PET0 PIOc_sync Enter - MemInfo: [/proc/self/status]	VmPMD:	      12 kB
20220314 013643.912 INFO             PET0 PIOc_sync Enter - MemInfo: [/proc/self/status]	VmSwap:	       0 kB
20220314 013643.912 INFO             PET0 PIOc_sync Enter - MemInfo: [/proc/self/status]	VmRSSPercent: 0.0442178 %
20220314 013643.912 INFO             PET0 PIOc_sync Enter - MemInfo: [malloc] Non-mmapped space allocated:                22427968 Byte
20220314 013643.912 INFO             PET0 PIOc_sync Enter - MemInfo: [malloc] Space allocated in mmapped regions:          3776512 Byte
20220314 013643.912 INFO             PET0 PIOc_sync Enter - MemInfo: [malloc] Maximum total allocated space:                     0 Byte
20220314 013643.912 INFO             PET0 PIOc_sync Enter - MemInfo: [malloc] Space in freed fastbin blocks:                  1648 Byte
20220314 013643.912 INFO             PET0 PIOc_sync Enter - MemInfo: [malloc] Total allocated space:                      11291744 Byte
20220314 013643.912 INFO             PET0 PIOc_sync Enter - MemInfo: [malloc] Total free space:                           11136224 Byte
20220314 013643.912 INFO             PET0 PIOc_sync Enter - MemInfo: [malloc] Top-most, releasable space:                  6796400 Byte
20220314 013643.912 INFO             PET0 PIOc_sync Enter - MemInfo: [malloc] Total space in use, mmap + non-mmap:        15068256 Byte
20220314 013643.912 INFO             PET0 PIOc_sync Enter - MemInfo: [malloc] Total space held (mmap + non-mmap):         26204480 Byte
20220314 013643.912 INFO             PET0 PIOc_sync Enter - MemInfo: [malloc] Total space used (mmap + non-mmap):         15076800 Byte
20220314 013643.912 INFO             PET0 PIOc_sync Enter - MemInfo: Wall-clock time since execution start:                1.44271 seconds
20220314 013643.912 INFO             PET0 PIOc_sync Exit - MemInfo: [/proc/meminfo - SSI]	MemTotal:       65855856 kB
20220314 013643.912 INFO             PET0 PIOc_sync Exit - MemInfo: [/proc/meminfo - SSI]	MemFree:        61111308 kB
20220314 013643.912 INFO             PET0 PIOc_sync Exit - MemInfo: [/proc/meminfo - SSI]	MemAvailable:   60894708 kB
20220314 013643.912 INFO             PET0 PIOc_sync Exit - MemInfo: [/proc/meminfo - SSI]	Committed_AS:    2971644 kB
20220314 013643.912 INFO             PET0 PIOc_sync Exit - MemInfo: [/proc/meminfo - SSI]	CommittedPercent: 4.51235 %
20220314 013643.912 INFO             PET0 PIOc_sync Exit - MemInfo: [/proc/self/status]	VmPeak:	  127096 kB
20220314 013643.912 INFO             PET0 PIOc_sync Exit - MemInfo: [/proc/self/status]	VmSize:	  127072 kB
20220314 013643.912 INFO             PET0 PIOc_sync Exit - MemInfo: [/proc/self/status]	VmLck:	       0 kB
20220314 013643.912 INFO             PET0 PIOc_sync Exit - MemInfo: [/proc/self/status]	VmPin:	       0 kB
20220314 013643.912 INFO             PET0 PIOc_sync Exit - MemInfo: [/proc/self/status]	VmHWM:	   29132 kB
20220314 013643.912 INFO             PET0 PIOc_sync Exit - MemInfo: [/proc/self/status]	VmRSS:	   29120 kB
20220314 013643.912 INFO             PET0 PIOc_sync Exit - MemInfo: [/proc/self/status]	VmData:	   29844 kB
20220314 013643.912 INFO             PET0 PIOc_sync Exit - MemInfo: [/proc/self/status]	VmStk:	     164 kB
20220314 013643.912 INFO             PET0 PIOc_sync Exit - MemInfo: [/proc/self/status]	VmExe:	   40960 kB
20220314 013643.912 INFO             PET0 PIOc_sync Exit - MemInfo: [/proc/self/status]	VmLib:	    1952 kB
20220314 013643.912 INFO             PET0 PIOc_sync Exit - MemInfo: [/proc/self/status]	VmPTE:	     228 kB
20220314 013643.912 INFO             PET0 PIOc_sync Exit - MemInfo: [/proc/self/status]	VmPMD:	      12 kB
20220314 013643.912 INFO             PET0 PIOc_sync Exit - MemInfo: [/proc/self/status]	VmSwap:	       0 kB
20220314 013643.912 INFO             PET0 PIOc_sync Exit - MemInfo: [/proc/self/status]	VmRSSPercent: 0.0442178 %
20220314 013643.912 INFO             PET0 PIOc_sync Exit - MemInfo: [malloc] Non-mmapped space allocated:                22427968 Byte
20220314 013643.912 INFO             PET0 PIOc_sync Exit - MemInfo: [malloc] Space allocated in mmapped regions:          3776512 Byte
20220314 013643.912 INFO             PET0 PIOc_sync Exit - MemInfo: [malloc] Maximum total allocated space:                     0 Byte
20220314 013643.912 INFO             PET0 PIOc_sync Exit - MemInfo: [malloc] Space in freed fastbin blocks:                    32 Byte
20220314 013643.912 INFO             PET0 PIOc_sync Exit - MemInfo: [malloc] Total allocated space:                      11292768 Byte
20220314 013643.912 INFO             PET0 PIOc_sync Exit - MemInfo: [malloc] Total free space:                           11135200 Byte
20220314 013643.912 INFO             PET0 PIOc_sync Exit - MemInfo: [malloc] Top-most, releasable space:                  6796400 Byte
20220314 013643.912 INFO             PET0 PIOc_sync Exit - MemInfo: [malloc] Total space in use, mmap + non-mmap:        15069280 Byte
20220314 013643.912 INFO             PET0 PIOc_sync Exit - MemInfo: [malloc] Total space held (mmap + non-mmap):         26204480 Byte
20220314 013643.912 INFO             PET0 PIOc_sync Exit - MemInfo: [malloc] Total space used (mmap + non-mmap):         15078048 Byte
20220314 013643.912 INFO             PET0 PIOc_sync Exit - MemInfo: Wall-clock time since execution start:                1.44324 seconds
20220314 013643.913 INFO             PET0 PIOc_freedecomp Enter - MemInfo: [/proc/meminfo - SSI]	MemTotal:       65855856 kB
20220314 013643.913 INFO             PET0 PIOc_freedecomp Enter - MemInfo: [/proc/meminfo - SSI]	MemFree:        61111308 kB
20220314 013643.913 INFO             PET0 PIOc_freedecomp Enter - MemInfo: [/proc/meminfo - SSI]	MemAvailable:   60894708 kB
20220314 013643.913 INFO             PET0 PIOc_freedecomp Enter - MemInfo: [/proc/meminfo - SSI]	Committed_AS:    2971644 kB
20220314 013643.913 INFO             PET0 PIOc_freedecomp Enter - MemInfo: [/proc/meminfo - SSI]	CommittedPercent: 4.51235 %
20220314 013643.913 INFO             PET0 PIOc_freedecomp Enter - MemInfo: [/proc/self/status]	VmPeak:	  127096 kB
20220314 013643.913 INFO             PET0 PIOc_freedecomp Enter - MemInfo: [/proc/self/status]	VmSize:	  127072 kB
20220314 013643.913 INFO             PET0 PIOc_freedecomp Enter - MemInfo: [/proc/self/status]	VmLck:	       0 kB
20220314 013643.913 INFO             PET0 PIOc_freedecomp Enter - MemInfo: [/proc/self/status]	VmPin:	       0 kB
20220314 013643.913 INFO             PET0 PIOc_freedecomp Enter - MemInfo: [/proc/self/status]	VmHWM:	   29132 kB
20220314 013643.913 INFO             PET0 PIOc_freedecomp Enter - MemInfo: [/proc/self/status]	VmRSS:	   29120 kB
20220314 013643.913 INFO             PET0 PIOc_freedecomp Enter - MemInfo: [/proc/self/status]	VmData:	   29844 kB
20220314 013643.913 INFO             PET0 PIOc_freedecomp Enter - MemInfo: [/proc/self/status]	VmStk:	     164 kB
20220314 013643.913 INFO             PET0 PIOc_freedecomp Enter - MemInfo: [/proc/self/status]	VmExe:	   40960 kB
20220314 013643.913 INFO             PET0 PIOc_freedecomp Enter - MemInfo: [/proc/self/status]	VmLib:	    1952 kB
20220314 013643.913 INFO             PET0 PIOc_freedecomp Enter - MemInfo: [/proc/self/status]	VmPTE:	     228 kB
20220314 013643.913 INFO             PET0 PIOc_freedecomp Enter - MemInfo: [/proc/self/status]	VmPMD:	      12 kB
20220314 013643.913 INFO             PET0 PIOc_freedecomp Enter - MemInfo: [/proc/self/status]	VmSwap:	       0 kB
20220314 013643.913 INFO             PET0 PIOc_freedecomp Enter - MemInfo: [/proc/self/status]	VmRSSPercent: 0.0442178 %
20220314 013643.913 INFO             PET0 PIOc_freedecomp Enter - MemInfo: [malloc] Non-mmapped space allocated:                22427968 Byte
20220314 013643.913 INFO             PET0 PIOc_freedecomp Enter - MemInfo: [malloc] Space allocated in mmapped regions:          3776512 Byte
20220314 013643.913 INFO             PET0 PIOc_freedecomp Enter - MemInfo: [malloc] Maximum total allocated space:                     0 Byte
20220314 013643.913 INFO             PET0 PIOc_freedecomp Enter - MemInfo: [malloc] Space in freed fastbin blocks:                   272 Byte
20220314 013643.913 INFO             PET0 PIOc_freedecomp Enter - MemInfo: [malloc] Total allocated space:                       2367104 Byte
20220314 013643.913 INFO             PET0 PIOc_freedecomp Enter - MemInfo: [malloc] Total free space:                           20060864 Byte
20220314 013643.913 INFO             PET0 PIOc_freedecomp Enter - MemInfo: [malloc] Top-most, releasable space:                 15185024 Byte
20220314 013643.913 INFO             PET0 PIOc_freedecomp Enter - MemInfo: [malloc] Total space in use, mmap + non-mmap:         6143616 Byte
20220314 013643.913 INFO             PET0 PIOc_freedecomp Enter - MemInfo: [malloc] Total space held (mmap + non-mmap):         26204480 Byte
20220314 013643.913 INFO             PET0 PIOc_freedecomp Enter - MemInfo: [malloc] Total space used (mmap + non-mmap):          6151824 Byte
20220314 013643.913 INFO             PET0 PIOc_freedecomp Enter - MemInfo: Wall-clock time since execution start:                1.44387 seconds
20220314 013643.913 INFO             PET0 PIOc_freedecomp Exit - MemInfo: [/proc/meminfo - SSI]	MemTotal:       65855856 kB
20220314 013643.913 INFO             PET0 PIOc_freedecomp Exit - MemInfo: [/proc/meminfo - SSI]	MemFree:        61111308 kB
20220314 013643.913 INFO             PET0 PIOc_freedecomp Exit - MemInfo: [/proc/meminfo - SSI]	MemAvailable:   60894708 kB
20220314 013643.913 INFO             PET0 PIOc_freedecomp Exit - MemInfo: [/proc/meminfo - SSI]	Committed_AS:    2971644 kB
20220314 013643.913 INFO             PET0 PIOc_freedecomp Exit - MemInfo: [/proc/meminfo - SSI]	CommittedPercent: 4.51235 %
20220314 013643.913 INFO             PET0 PIOc_freedecomp Exit - MemInfo: [/proc/self/status]	VmPeak:	  127096 kB
20220314 013643.913 INFO             PET0 PIOc_freedecomp Exit - MemInfo: [/proc/self/status]	VmSize:	  127072 kB
20220314 013643.913 INFO             PET0 PIOc_freedecomp Exit - MemInfo: [/proc/self/status]	VmLck:	       0 kB
20220314 013643.913 INFO             PET0 PIOc_freedecomp Exit - MemInfo: [/proc/self/status]	VmPin:	       0 kB
20220314 013643.913 INFO             PET0 PIOc_freedecomp Exit - MemInfo: [/proc/self/status]	VmHWM:	   29132 kB
20220314 013643.913 INFO             PET0 PIOc_freedecomp Exit - MemInfo: [/proc/self/status]	VmRSS:	   29120 kB
20220314 013643.913 INFO             PET0 PIOc_freedecomp Exit - MemInfo: [/proc/self/status]	VmData:	   29844 kB
20220314 013643.913 INFO             PET0 PIOc_freedecomp Exit - MemInfo: [/proc/self/status]	VmStk:	     164 kB
20220314 013643.913 INFO             PET0 PIOc_freedecomp Exit - MemInfo: [/proc/self/status]	VmExe:	   40960 kB
20220314 013643.913 INFO             PET0 PIOc_freedecomp Exit - MemInfo: [/proc/self/status]	VmLib:	    1952 kB
20220314 013643.913 INFO             PET0 PIOc_freedecomp Exit - MemInfo: [/proc/self/status]	VmPTE:	     228 kB
20220314 013643.913 INFO             PET0 PIOc_freedecomp Exit - MemInfo: [/proc/self/status]	VmPMD:	      12 kB
20220314 013643.913 INFO             PET0 PIOc_freedecomp Exit - MemInfo: [/proc/self/status]	VmSwap:	       0 kB
20220314 013643.913 INFO             PET0 PIOc_freedecomp Exit - MemInfo: [/proc/self/status]	VmRSSPercent: 0.0442178 %
20220314 013643.913 INFO             PET0 PIOc_freedecomp Exit - MemInfo: [malloc] Non-mmapped space allocated:                22427968 Byte
20220314 013643.913 INFO             PET0 PIOc_freedecomp Exit - MemInfo: [malloc] Space allocated in mmapped regions:          3776512 Byte
20220314 013643.913 INFO             PET0 PIOc_freedecomp Exit - MemInfo: [malloc] Maximum total allocated space:                     0 Byte
20220314 013643.913 INFO             PET0 PIOc_freedecomp Exit - MemInfo: [malloc] Space in freed fastbin blocks:                  1776 Byte
20220314 013643.914 INFO             PET0 PIOc_freedecomp Exit - MemInfo: [malloc] Total allocated space:                       2365168 Byte
20220314 013643.914 INFO             PET0 PIOc_freedecomp Exit - MemInfo: [malloc] Total free space:                           20062800 Byte
20220314 013643.914 INFO             PET0 PIOc_freedecomp Exit - MemInfo: [malloc] Top-most, releasable space:                 15185024 Byte
20220314 013643.914 INFO             PET0 PIOc_freedecomp Exit - MemInfo: [malloc] Total space in use, mmap + non-mmap:         6141680 Byte
20220314 013643.914 INFO             PET0 PIOc_freedecomp Exit - MemInfo: [malloc] Total space held (mmap + non-mmap):         26204480 Byte
20220314 013643.914 INFO             PET0 PIOc_freedecomp Exit - MemInfo: [malloc] Total space used (mmap + non-mmap):          6149888 Byte
20220314 013643.914 INFO             PET0 PIOc_freedecomp Exit - MemInfo: Wall-clock time since execution start:                1.44434 seconds
20220314 013643.915 INFO             PET0  PASS  Test RouteHandleDestroy(), ESMF_RouteHandleAdvancedUTest.F90, line 633
20220314 013643.916 INFO             PET0  PASS  Apply the copied Routehandle, ESMF_RouteHandleAdvancedUTest.F90, line 643
20220314 013643.916 INFO             PET0  PASS  Test RouteHandleDestroy() for the copied Routehandle, ESMF_RouteHandleAdvancedUTest.F90, line 651
20220314 013643.916 INFO             PET0  PASS  Test ESMF_DynamicMaskSetR4R4R4(), ESMF_RouteHandleAdvancedUTest.F90, line 716
20220314 013643.916 INFO             PET0  PASS  Test ESMF_DynamicMaskSetR4R4R4V(), ESMF_RouteHandleAdvancedUTest.F90, line 725
20220314 013643.916 INFO             PET0  PASS  Test ESMF_DynamicMaskSetR4R8R4V(), ESMF_RouteHandleAdvancedUTest.F90, line 734
20220314 013643.916 INFO             PET0  Ending Test, file ESMF_RouteHandleAdvancedUTest.F90, line 749
20220314 013643.916 INFO             PET0 Finalizing ESMF
20220314 013642.475 INFO             PET1 !!!!!!!!!!!!!!!!!!!!!!!!!!!!!!!!!!!!!!!!!!!!!!!!!!!!!!
20220314 013642.475 INFO             PET1 !!! THE ESMF_LOG IS SET TO OUTPUT ALL LOG MESSAGES !!!
20220314 013642.475 INFO             PET1 !!!     THIS MAY CAUSE SLOWDOWN IN PERFORMANCE     !!!
20220314 013642.475 INFO             PET1 !!! FOR PRODUCTION RUNS, USE:                      !!!
20220314 013642.475 INFO             PET1 !!!                   ESMF_LOGKIND_Multi_On_Error  !!!
20220314 013642.475 INFO             PET1 !!!!!!!!!!!!!!!!!!!!!!!!!!!!!!!!!!!!!!!!!!!!!!!!!!!!!!
20220314 013642.475 INFO             PET1 Running with ESMF Version   : v8.3.0b09-96-g559b459836
20220314 013642.475 INFO             PET1 ESMF library build date/time: "Mar 14 2022" "00:45:31"
20220314 013642.475 INFO             PET1 ESMF library build location : /lustre/f2/dev/ncep/Mark.Potts/gfortran_8.3.0_mpi_g_jedwards_pio_update2
20220314 013642.475 INFO             PET1 ESMF_COMM                   : mpi
20220314 013642.476 INFO             PET1 ESMF_MOAB                   : enabled
20220314 013642.476 INFO             PET1 ESMF_LAPACK                 : enabled
20220314 013642.476 INFO             PET1 ESMF_NETCDF                 : enabled
20220314 013642.476 INFO             PET1 ESMF_PNETCDF                : disabled
20220314 013642.476 INFO             PET1 ESMF_PIO                    : enabled
20220314 013642.476 INFO             PET1 ESMF_YAMLCPP                : enabled
20220314 013642.587 INFO             PET1  Beginning Test, file ESMF_RouteHandleAdvancedUTest.F90, line 346
20220314 013642.587 INFO             PET1  NUMBER_OF_PROCESSORS           4
20220314 013642.672 INFO             PET1 ESMF_FieldRedistStoreNF(): Just entered routine.
20220314 013643.270 INFO             PET1 ESMF_FieldRedistStoreNF(): Leaving routine.
20220314 013643.270 INFO             PET1  PASS  Create RouteHandle for the original petList, ESMF_RouteHandleAdvancedUTest.F90, line 511
20220314 013643.270 INFO             PET1  PASS  Test RouteHandleIsCreated(), ESMF_RouteHandleAdvancedUTest.F90, line 519
20220314 013643.270 INFO             PET1  PASS  Test RouteHandleIsCreated() return value, ESMF_RouteHandleAdvancedUTest.F90, line 526
20220314 013643.270 INFO             PET1  PASS  Test RouteHandleGet(), ESMF_RouteHandleAdvancedUTest.F90, line 534
20220314 013643.277 INFO             PET1  PASS  Test RouteHandleWrite(), ESMF_RouteHandleAdvancedUTest.F90, line 542
20220314 013643.277 INFO             PET1  PASS  Test RouteHandleDestroy(), ESMF_RouteHandleAdvancedUTest.F90, line 550
20220314 013643.279 INFO             PET1  PASS  Test RouteHandleCreate(from file), ESMF_RouteHandleAdvancedUTest.F90, line 558
20220314 013643.281 INFO             PET1  PASS  Apply the read in Routehandle, ESMF_RouteHandleAdvancedUTest.F90, line 567
20220314 013643.281 INFO             PET1  PASS  Test RouteHandleDestroy() for the read in Routehandle, ESMF_RouteHandleAdvancedUTest.F90, line 575
20220314 013643.281 INFO             PET1 ESMF_FieldRedistStoreNF(): Just entered routine.
20220314 013643.871 INFO             PET1 ESMF_FieldRedistStoreNF(): Leaving routine.
20220314 013643.871 INFO             PET1  PASS  Create RouteHandle for the original petList, ESMF_RouteHandleAdvancedUTest.F90, line 585
20220314 013643.871 INFO             PET1  PASS  Transfer RouteHandle to a different petList, ESMF_RouteHandleAdvancedUTest.F90, line 602
20220314 013643.901 INFO             PET1 PIOc_sync Enter - MemInfo: [/proc/meminfo - SSI]	MemTotal:       65855856 kB
20220314 013643.901 INFO             PET1 PIOc_sync Enter - MemInfo: [/proc/meminfo - SSI]	MemFree:        61111560 kB
20220314 013643.901 INFO             PET1 PIOc_sync Enter - MemInfo: [/proc/meminfo - SSI]	MemAvailable:   60894960 kB
20220314 013643.901 INFO             PET1 PIOc_sync Enter - MemInfo: [/proc/meminfo - SSI]	Committed_AS:    2971644 kB
20220314 013643.901 INFO             PET1 PIOc_sync Enter - MemInfo: [/proc/meminfo - SSI]	CommittedPercent: 4.51235 %
20220314 013643.901 INFO             PET1 PIOc_sync Enter - MemInfo: [/proc/self/status]	VmPeak:	  135248 kB
20220314 013643.901 INFO             PET1 PIOc_sync Enter - MemInfo: [/proc/self/status]	VmSize:	  135248 kB
20220314 013643.901 INFO             PET1 PIOc_sync Enter - MemInfo: [/proc/self/status]	VmLck:	       0 kB
20220314 013643.901 INFO             PET1 PIOc_sync Enter - MemInfo: [/proc/self/status]	VmPin:	       0 kB
20220314 013643.901 INFO             PET1 PIOc_sync Enter - MemInfo: [/proc/self/status]	VmHWM:	   25348 kB
20220314 013643.901 INFO             PET1 PIOc_sync Enter - MemInfo: [/proc/self/status]	VmRSS:	   25348 kB
20220314 013643.901 INFO             PET1 PIOc_sync Enter - MemInfo: [/proc/self/status]	VmData:	   31852 kB
20220314 013643.901 INFO             PET1 PIOc_sync Enter - MemInfo: [/proc/self/status]	VmStk:	     164 kB
20220314 013643.901 INFO             PET1 PIOc_sync Enter - MemInfo: [/proc/self/status]	VmExe:	   40960 kB
20220314 013643.901 INFO             PET1 PIOc_sync Enter - MemInfo: [/proc/self/status]	VmLib:	    1952 kB
20220314 013643.902 INFO             PET1 PIOc_sync Enter - MemInfo: [/proc/self/status]	VmPTE:	     232 kB
20220314 013643.902 INFO             PET1 PIOc_sync Enter - MemInfo: [/proc/self/status]	VmPMD:	      12 kB
20220314 013643.902 INFO             PET1 PIOc_sync Enter - MemInfo: [/proc/self/status]	VmSwap:	       0 kB
20220314 013643.902 INFO             PET1 PIOc_sync Enter - MemInfo: [/proc/self/status]	VmRSSPercent: 0.0384901 %
20220314 013643.902 INFO             PET1 PIOc_sync Enter - MemInfo: [malloc] Non-mmapped space allocated:                23505216 Byte
20220314 013643.902 INFO             PET1 PIOc_sync Enter - MemInfo: [malloc] Space allocated in mmapped regions:          4755456 Byte
20220314 013643.902 INFO             PET1 PIOc_sync Enter - MemInfo: [malloc] Maximum total allocated space:                     0 Byte
20220314 013643.902 INFO             PET1 PIOc_sync Enter - MemInfo: [malloc] Space in freed fastbin blocks:                    32 Byte
20220314 013643.902 INFO             PET1 PIOc_sync Enter - MemInfo: [malloc] Total allocated space:                       1766336 Byte
20220314 013643.902 INFO             PET1 PIOc_sync Enter - MemInfo: [malloc] Total free space:                           21738880 Byte
20220314 013643.902 INFO             PET1 PIOc_sync Enter - MemInfo: [malloc] Top-most, releasable space:                 16201904 Byte
20220314 013643.902 INFO             PET1 PIOc_sync Enter - MemInfo: [malloc] Total space in use, mmap + non-mmap:         6521792 Byte
20220314 013643.902 INFO             PET1 PIOc_sync Enter - MemInfo: [malloc] Total space held (mmap + non-mmap):         28260672 Byte
20220314 013643.902 INFO             PET1 PIOc_sync Enter - MemInfo: [malloc] Total space used (mmap + non-mmap):          6531520 Byte
20220314 013643.902 INFO             PET1 PIOc_sync Enter - MemInfo: Wall-clock time since execution start:                1.43235 seconds
20220314 013643.902 INFO             PET1 PIOc_sync Exit - MemInfo: [/proc/meminfo - SSI]	MemTotal:       65855856 kB
20220314 013643.902 INFO             PET1 PIOc_sync Exit - MemInfo: [/proc/meminfo - SSI]	MemFree:        61111560 kB
20220314 013643.902 INFO             PET1 PIOc_sync Exit - MemInfo: [/proc/meminfo - SSI]	MemAvailable:   60894960 kB
20220314 013643.902 INFO             PET1 PIOc_sync Exit - MemInfo: [/proc/meminfo - SSI]	Committed_AS:    2971644 kB
20220314 013643.902 INFO             PET1 PIOc_sync Exit - MemInfo: [/proc/meminfo - SSI]	CommittedPercent: 4.51235 %
20220314 013643.902 INFO             PET1 PIOc_sync Exit - MemInfo: [/proc/self/status]	VmPeak:	  135248 kB
20220314 013643.902 INFO             PET1 PIOc_sync Exit - MemInfo: [/proc/self/status]	VmSize:	  135248 kB
20220314 013643.902 INFO             PET1 PIOc_sync Exit - MemInfo: [/proc/self/status]	VmLck:	       0 kB
20220314 013643.902 INFO             PET1 PIOc_sync Exit - MemInfo: [/proc/self/status]	VmPin:	       0 kB
20220314 013643.902 INFO             PET1 PIOc_sync Exit - MemInfo: [/proc/self/status]	VmHWM:	   25348 kB
20220314 013643.902 INFO             PET1 PIOc_sync Exit - MemInfo: [/proc/self/status]	VmRSS:	   25348 kB
20220314 013643.902 INFO             PET1 PIOc_sync Exit - MemInfo: [/proc/self/status]	VmData:	   31852 kB
20220314 013643.902 INFO             PET1 PIOc_sync Exit - MemInfo: [/proc/self/status]	VmStk:	     164 kB
20220314 013643.902 INFO             PET1 PIOc_sync Exit - MemInfo: [/proc/self/status]	VmExe:	   40960 kB
20220314 013643.902 INFO             PET1 PIOc_sync Exit - MemInfo: [/proc/self/status]	VmLib:	    1952 kB
20220314 013643.902 INFO             PET1 PIOc_sync Exit - MemInfo: [/proc/self/status]	VmPTE:	     232 kB
20220314 013643.902 INFO             PET1 PIOc_sync Exit - MemInfo: [/proc/self/status]	VmPMD:	      12 kB
20220314 013643.902 INFO             PET1 PIOc_sync Exit - MemInfo: [/proc/self/status]	VmSwap:	       0 kB
20220314 013643.902 INFO             PET1 PIOc_sync Exit - MemInfo: [/proc/self/status]	VmRSSPercent: 0.0384901 %
20220314 013643.902 INFO             PET1 PIOc_sync Exit - MemInfo: [malloc] Non-mmapped space allocated:                23505216 Byte
20220314 013643.902 INFO             PET1 PIOc_sync Exit - MemInfo: [malloc] Space allocated in mmapped regions:          4755456 Byte
20220314 013643.902 INFO             PET1 PIOc_sync Exit - MemInfo: [malloc] Maximum total allocated space:                     0 Byte
20220314 013643.902 INFO             PET1 PIOc_sync Exit - MemInfo: [malloc] Space in freed fastbin blocks:                     0 Byte
20220314 013643.902 INFO             PET1 PIOc_sync Exit - MemInfo: [malloc] Total allocated space:                       1768480 Byte
20220314 013643.902 INFO             PET1 PIOc_sync Exit - MemInfo: [malloc] Total free space:                           21736736 Byte
20220314 013643.902 INFO             PET1 PIOc_sync Exit - MemInfo: [malloc] Top-most, releasable space:                 16201904 Byte
20220314 013643.902 INFO             PET1 PIOc_sync Exit - MemInfo: [malloc] Total space in use, mmap + non-mmap:         6523936 Byte
20220314 013643.902 INFO             PET1 PIOc_sync Exit - MemInfo: [malloc] Total space held (mmap + non-mmap):         28260672 Byte
20220314 013643.902 INFO             PET1 PIOc_sync Exit - MemInfo: [malloc] Total space used (mmap + non-mmap):          6532480 Byte
20220314 013643.902 INFO             PET1 PIOc_sync Exit - MemInfo: Wall-clock time since execution start:                1.43303 seconds
20220314 013643.903 INFO             PET1 PIOc_freedecomp Enter - MemInfo: [/proc/meminfo - SSI]	MemTotal:       65855856 kB
20220314 013643.903 INFO             PET1 PIOc_freedecomp Enter - MemInfo: [/proc/meminfo - SSI]	MemFree:        61111560 kB
20220314 013643.903 INFO             PET1 PIOc_freedecomp Enter - MemInfo: [/proc/meminfo - SSI]	MemAvailable:   60894960 kB
20220314 013643.903 INFO             PET1 PIOc_freedecomp Enter - MemInfo: [/proc/meminfo - SSI]	Committed_AS:    2971644 kB
20220314 013643.903 INFO             PET1 PIOc_freedecomp Enter - MemInfo: [/proc/meminfo - SSI]	CommittedPercent: 4.51235 %
20220314 013643.903 INFO             PET1 PIOc_freedecomp Enter - MemInfo: [/proc/self/status]	VmPeak:	  135248 kB
20220314 013643.903 INFO             PET1 PIOc_freedecomp Enter - MemInfo: [/proc/self/status]	VmSize:	  135248 kB
20220314 013643.903 INFO             PET1 PIOc_freedecomp Enter - MemInfo: [/proc/self/status]	VmLck:	       0 kB
20220314 013643.903 INFO             PET1 PIOc_freedecomp Enter - MemInfo: [/proc/self/status]	VmPin:	       0 kB
20220314 013643.903 INFO             PET1 PIOc_freedecomp Enter - MemInfo: [/proc/self/status]	VmHWM:	   25348 kB
20220314 013643.903 INFO             PET1 PIOc_freedecomp Enter - MemInfo: [/proc/self/status]	VmRSS:	   25348 kB
20220314 013643.903 INFO             PET1 PIOc_freedecomp Enter - MemInfo: [/proc/self/status]	VmData:	   31852 kB
20220314 013643.903 INFO             PET1 PIOc_freedecomp Enter - MemInfo: [/proc/self/status]	VmStk:	     164 kB
20220314 013643.903 INFO             PET1 PIOc_freedecomp Enter - MemInfo: [/proc/self/status]	VmExe:	   40960 kB
20220314 013643.903 INFO             PET1 PIOc_freedecomp Enter - MemInfo: [/proc/self/status]	VmLib:	    1952 kB
20220314 013643.903 INFO             PET1 PIOc_freedecomp Enter - MemInfo: [/proc/self/status]	VmPTE:	     232 kB
20220314 013643.903 INFO             PET1 PIOc_freedecomp Enter - MemInfo: [/proc/self/status]	VmPMD:	      12 kB
20220314 013643.903 INFO             PET1 PIOc_freedecomp Enter - MemInfo: [/proc/self/status]	VmSwap:	       0 kB
20220314 013643.903 INFO             PET1 PIOc_freedecomp Enter - MemInfo: [/proc/self/status]	VmRSSPercent: 0.0384901 %
20220314 013643.903 INFO             PET1 PIOc_freedecomp Enter - MemInfo: [malloc] Non-mmapped space allocated:                23505216 Byte
20220314 013643.903 INFO             PET1 PIOc_freedecomp Enter - MemInfo: [malloc] Space allocated in mmapped regions:          4755456 Byte
20220314 013643.903 INFO             PET1 PIOc_freedecomp Enter - MemInfo: [malloc] Maximum total allocated space:                     0 Byte
20220314 013643.903 INFO             PET1 PIOc_freedecomp Enter - MemInfo: [malloc] Space in freed fastbin blocks:                     0 Byte
20220314 013643.903 INFO             PET1 PIOc_freedecomp Enter - MemInfo: [malloc] Total allocated space:                       1769040 Byte
20220314 013643.903 INFO             PET1 PIOc_freedecomp Enter - MemInfo: [malloc] Total free space:                           21736176 Byte
20220314 013643.903 INFO             PET1 PIOc_freedecomp Enter - MemInfo: [malloc] Top-most, releasable space:                 16201904 Byte
20220314 013643.903 INFO             PET1 PIOc_freedecomp Enter - MemInfo: [malloc] Total space in use, mmap + non-mmap:         6524496 Byte
20220314 013643.903 INFO             PET1 PIOc_freedecomp Enter - MemInfo: [malloc] Total space held (mmap + non-mmap):         28260672 Byte
20220314 013643.903 INFO             PET1 PIOc_freedecomp Enter - MemInfo: [malloc] Total space used (mmap + non-mmap):          6533104 Byte
20220314 013643.903 INFO             PET1 PIOc_freedecomp Enter - MemInfo: Wall-clock time since execution start:                1.43361 seconds
20220314 013643.903 INFO             PET1 PIOc_freedecomp Exit - MemInfo: [/proc/meminfo - SSI]	MemTotal:       65855856 kB
20220314 013643.903 INFO             PET1 PIOc_freedecomp Exit - MemInfo: [/proc/meminfo - SSI]	MemFree:        61111560 kB
20220314 013643.903 INFO             PET1 PIOc_freedecomp Exit - MemInfo: [/proc/meminfo - SSI]	MemAvailable:   60894960 kB
20220314 013643.903 INFO             PET1 PIOc_freedecomp Exit - MemInfo: [/proc/meminfo - SSI]	Committed_AS:    2971644 kB
20220314 013643.903 INFO             PET1 PIOc_freedecomp Exit - MemInfo: [/proc/meminfo - SSI]	CommittedPercent: 4.51235 %
20220314 013643.903 INFO             PET1 PIOc_freedecomp Exit - MemInfo: [/proc/self/status]	VmPeak:	  135248 kB
20220314 013643.903 INFO             PET1 PIOc_freedecomp Exit - MemInfo: [/proc/self/status]	VmSize:	  135248 kB
20220314 013643.903 INFO             PET1 PIOc_freedecomp Exit - MemInfo: [/proc/self/status]	VmLck:	       0 kB
20220314 013643.903 INFO             PET1 PIOc_freedecomp Exit - MemInfo: [/proc/self/status]	VmPin:	       0 kB
20220314 013643.903 INFO             PET1 PIOc_freedecomp Exit - MemInfo: [/proc/self/status]	VmHWM:	   25348 kB
20220314 013643.903 INFO             PET1 PIOc_freedecomp Exit - MemInfo: [/proc/self/status]	VmRSS:	   25348 kB
20220314 013643.903 INFO             PET1 PIOc_freedecomp Exit - MemInfo: [/proc/self/status]	VmData:	   31852 kB
20220314 013643.903 INFO             PET1 PIOc_freedecomp Exit - MemInfo: [/proc/self/status]	VmStk:	     164 kB
20220314 013643.903 INFO             PET1 PIOc_freedecomp Exit - MemInfo: [/proc/self/status]	VmExe:	   40960 kB
20220314 013643.903 INFO             PET1 PIOc_freedecomp Exit - MemInfo: [/proc/self/status]	VmLib:	    1952 kB
20220314 013643.903 INFO             PET1 PIOc_freedecomp Exit - MemInfo: [/proc/self/status]	VmPTE:	     232 kB
20220314 013643.903 INFO             PET1 PIOc_freedecomp Exit - MemInfo: [/proc/self/status]	VmPMD:	      12 kB
20220314 013643.903 INFO             PET1 PIOc_freedecomp Exit - MemInfo: [/proc/self/status]	VmSwap:	       0 kB
20220314 013643.903 INFO             PET1 PIOc_freedecomp Exit - MemInfo: [/proc/self/status]	VmRSSPercent: 0.0384901 %
20220314 013643.903 INFO             PET1 PIOc_freedecomp Exit - MemInfo: [malloc] Non-mmapped space allocated:                23505216 Byte
20220314 013643.903 INFO             PET1 PIOc_freedecomp Exit - MemInfo: [malloc] Space allocated in mmapped regions:          4755456 Byte
20220314 013643.903 INFO             PET1 PIOc_freedecomp Exit - MemInfo: [malloc] Maximum total allocated space:                     0 Byte
20220314 013643.903 INFO             PET1 PIOc_freedecomp Exit - MemInfo: [malloc] Space in freed fastbin blocks:                   272 Byte
20220314 013643.903 INFO             PET1 PIOc_freedecomp Exit - MemInfo: [malloc] Total allocated space:                       1769392 Byte
20220314 013643.903 INFO             PET1 PIOc_freedecomp Exit - MemInfo: [malloc] Total free space:                           21735824 Byte
20220314 013643.903 INFO             PET1 PIOc_freedecomp Exit - MemInfo: [malloc] Top-most, releasable space:                 16201904 Byte
20220314 013643.903 INFO             PET1 PIOc_freedecomp Exit - MemInfo: [malloc] Total space in use, mmap + non-mmap:         6524848 Byte
20220314 013643.903 INFO             PET1 PIOc_freedecomp Exit - MemInfo: [malloc] Total space held (mmap + non-mmap):         28260672 Byte
20220314 013643.903 INFO             PET1 PIOc_freedecomp Exit - MemInfo: [malloc] Total space used (mmap + non-mmap):          6533392 Byte
20220314 013643.903 INFO             PET1 PIOc_freedecomp Exit - MemInfo: Wall-clock time since execution start:                1.43406 seconds
20220314 013643.905 INFO             PET1 PIOc_sync Enter - MemInfo: [/proc/meminfo - SSI]	MemTotal:       65855856 kB
20220314 013643.905 INFO             PET1 PIOc_sync Enter - MemInfo: [/proc/meminfo - SSI]	MemFree:        61111560 kB
20220314 013643.905 INFO             PET1 PIOc_sync Enter - MemInfo: [/proc/meminfo - SSI]	MemAvailable:   60894960 kB
20220314 013643.905 INFO             PET1 PIOc_sync Enter - MemInfo: [/proc/meminfo - SSI]	Committed_AS:    2971644 kB
20220314 013643.905 INFO             PET1 PIOc_sync Enter - MemInfo: [/proc/meminfo - SSI]	CommittedPercent: 4.51235 %
20220314 013643.905 INFO             PET1 PIOc_sync Enter - MemInfo: [/proc/self/status]	VmPeak:	  135248 kB
20220314 013643.905 INFO             PET1 PIOc_sync Enter - MemInfo: [/proc/self/status]	VmSize:	  135224 kB
20220314 013643.905 INFO             PET1 PIOc_sync Enter - MemInfo: [/proc/self/status]	VmLck:	       0 kB
20220314 013643.905 INFO             PET1 PIOc_sync Enter - MemInfo: [/proc/self/status]	VmPin:	       0 kB
20220314 013643.905 INFO             PET1 PIOc_sync Enter - MemInfo: [/proc/self/status]	VmHWM:	   25540 kB
20220314 013643.905 INFO             PET1 PIOc_sync Enter - MemInfo: [/proc/self/status]	VmRSS:	   25532 kB
20220314 013643.905 INFO             PET1 PIOc_sync Enter - MemInfo: [/proc/self/status]	VmData:	   31852 kB
20220314 013643.905 INFO             PET1 PIOc_sync Enter - MemInfo: [/proc/self/status]	VmStk:	     164 kB
20220314 013643.905 INFO             PET1 PIOc_sync Enter - MemInfo: [/proc/self/status]	VmExe:	   40960 kB
20220314 013643.905 INFO             PET1 PIOc_sync Enter - MemInfo: [/proc/self/status]	VmLib:	    1952 kB
20220314 013643.905 INFO             PET1 PIOc_sync Enter - MemInfo: [/proc/self/status]	VmPTE:	     232 kB
20220314 013643.905 INFO             PET1 PIOc_sync Enter - MemInfo: [/proc/self/status]	VmPMD:	      12 kB
20220314 013643.905 INFO             PET1 PIOc_sync Enter - MemInfo: [/proc/self/status]	VmSwap:	       0 kB
20220314 013643.905 INFO             PET1 PIOc_sync Enter - MemInfo: [/proc/self/status]	VmRSSPercent: 0.0387695 %
20220314 013643.905 INFO             PET1 PIOc_sync Enter - MemInfo: [malloc] Non-mmapped space allocated:                23505216 Byte
20220314 013643.905 INFO             PET1 PIOc_sync Enter - MemInfo: [malloc] Space allocated in mmapped regions:          4755456 Byte
20220314 013643.905 INFO             PET1 PIOc_sync Enter - MemInfo: [malloc] Maximum total allocated space:                     0 Byte
20220314 013643.905 INFO             PET1 PIOc_sync Enter - MemInfo: [malloc] Space in freed fastbin blocks:                    32 Byte
20220314 013643.905 INFO             PET1 PIOc_sync Enter - MemInfo: [malloc] Total allocated space:                       1770736 Byte
20220314 013643.905 INFO             PET1 PIOc_sync Enter - MemInfo: [malloc] Total free space:                           21734480 Byte
20220314 013643.905 INFO             PET1 PIOc_sync Enter - MemInfo: [malloc] Top-most, releasable space:                 16201904 Byte
20220314 013643.905 INFO             PET1 PIOc_sync Enter - MemInfo: [malloc] Total space in use, mmap + non-mmap:         6526192 Byte
20220314 013643.905 INFO             PET1 PIOc_sync Enter - MemInfo: [malloc] Total space held (mmap + non-mmap):         28260672 Byte
20220314 013643.905 INFO             PET1 PIOc_sync Enter - MemInfo: [malloc] Total space used (mmap + non-mmap):          6534512 Byte
20220314 013643.905 INFO             PET1 PIOc_sync Enter - MemInfo: Wall-clock time since execution start:                1.43591 seconds
20220314 013643.905 INFO             PET1 PIOc_sync Exit - MemInfo: [/proc/meminfo - SSI]	MemTotal:       65855856 kB
20220314 013643.905 INFO             PET1 PIOc_sync Exit - MemInfo: [/proc/meminfo - SSI]	MemFree:        61111560 kB
20220314 013643.905 INFO             PET1 PIOc_sync Exit - MemInfo: [/proc/meminfo - SSI]	MemAvailable:   60894960 kB
20220314 013643.905 INFO             PET1 PIOc_sync Exit - MemInfo: [/proc/meminfo - SSI]	Committed_AS:    2971644 kB
20220314 013643.905 INFO             PET1 PIOc_sync Exit - MemInfo: [/proc/meminfo - SSI]	CommittedPercent: 4.51235 %
20220314 013643.905 INFO             PET1 PIOc_sync Exit - MemInfo: [/proc/self/status]	VmPeak:	  135248 kB
20220314 013643.905 INFO             PET1 PIOc_sync Exit - MemInfo: [/proc/self/status]	VmSize:	  135224 kB
20220314 013643.906 INFO             PET1 PIOc_sync Exit - MemInfo: [/proc/self/status]	VmLck:	       0 kB
20220314 013643.906 INFO             PET1 PIOc_sync Exit - MemInfo: [/proc/self/status]	VmPin:	       0 kB
20220314 013643.906 INFO             PET1 PIOc_sync Exit - MemInfo: [/proc/self/status]	VmHWM:	   25540 kB
20220314 013643.906 INFO             PET1 PIOc_sync Exit - MemInfo: [/proc/self/status]	VmRSS:	   25532 kB
20220314 013643.906 INFO             PET1 PIOc_sync Exit - MemInfo: [/proc/self/status]	VmData:	   31852 kB
20220314 013643.906 INFO             PET1 PIOc_sync Exit - MemInfo: [/proc/self/status]	VmStk:	     164 kB
20220314 013643.906 INFO             PET1 PIOc_sync Exit - MemInfo: [/proc/self/status]	VmExe:	   40960 kB
20220314 013643.906 INFO             PET1 PIOc_sync Exit - MemInfo: [/proc/self/status]	VmLib:	    1952 kB
20220314 013643.906 INFO             PET1 PIOc_sync Exit - MemInfo: [/proc/self/status]	VmPTE:	     232 kB
20220314 013643.906 INFO             PET1 PIOc_sync Exit - MemInfo: [/proc/self/status]	VmPMD:	      12 kB
20220314 013643.906 INFO             PET1 PIOc_sync Exit - MemInfo: [/proc/self/status]	VmSwap:	       0 kB
20220314 013643.906 INFO             PET1 PIOc_sync Exit - MemInfo: [/proc/self/status]	VmRSSPercent: 0.0387695 %
20220314 013643.906 INFO             PET1 PIOc_sync Exit - MemInfo: [malloc] Non-mmapped space allocated:                23505216 Byte
20220314 013643.906 INFO             PET1 PIOc_sync Exit - MemInfo: [malloc] Space allocated in mmapped regions:          4755456 Byte
20220314 013643.906 INFO             PET1 PIOc_sync Exit - MemInfo: [malloc] Maximum total allocated space:                     0 Byte
20220314 013643.906 INFO             PET1 PIOc_sync Exit - MemInfo: [malloc] Space in freed fastbin blocks:                     0 Byte
20220314 013643.906 INFO             PET1 PIOc_sync Exit - MemInfo: [malloc] Total allocated space:                       1771152 Byte
20220314 013643.906 INFO             PET1 PIOc_sync Exit - MemInfo: [malloc] Total free space:                           21734064 Byte
20220314 013643.906 INFO             PET1 PIOc_sync Exit - MemInfo: [malloc] Top-most, releasable space:                 16201904 Byte
20220314 013643.906 INFO             PET1 PIOc_sync Exit - MemInfo: [malloc] Total space in use, mmap + non-mmap:         6526608 Byte
20220314 013643.906 INFO             PET1 PIOc_sync Exit - MemInfo: [malloc] Total space held (mmap + non-mmap):         28260672 Byte
20220314 013643.906 INFO             PET1 PIOc_sync Exit - MemInfo: [malloc] Total space used (mmap + non-mmap):          6534816 Byte
20220314 013643.906 INFO             PET1 PIOc_sync Exit - MemInfo: Wall-clock time since execution start:                1.43645 seconds
20220314 013643.906 INFO             PET1 PIOc_freedecomp Enter - MemInfo: [/proc/meminfo - SSI]	MemTotal:       65855856 kB
20220314 013643.906 INFO             PET1 PIOc_freedecomp Enter - MemInfo: [/proc/meminfo - SSI]	MemFree:        61111560 kB
20220314 013643.906 INFO             PET1 PIOc_freedecomp Enter - MemInfo: [/proc/meminfo - SSI]	MemAvailable:   60894960 kB
20220314 013643.906 INFO             PET1 PIOc_freedecomp Enter - MemInfo: [/proc/meminfo - SSI]	Committed_AS:    2971644 kB
20220314 013643.906 INFO             PET1 PIOc_freedecomp Enter - MemInfo: [/proc/meminfo - SSI]	CommittedPercent: 4.51235 %
20220314 013643.906 INFO             PET1 PIOc_freedecomp Enter - MemInfo: [/proc/self/status]	VmPeak:	  135248 kB
20220314 013643.906 INFO             PET1 PIOc_freedecomp Enter - MemInfo: [/proc/self/status]	VmSize:	  135224 kB
20220314 013643.906 INFO             PET1 PIOc_freedecomp Enter - MemInfo: [/proc/self/status]	VmLck:	       0 kB
20220314 013643.906 INFO             PET1 PIOc_freedecomp Enter - MemInfo: [/proc/self/status]	VmPin:	       0 kB
20220314 013643.906 INFO             PET1 PIOc_freedecomp Enter - MemInfo: [/proc/self/status]	VmHWM:	   25540 kB
20220314 013643.906 INFO             PET1 PIOc_freedecomp Enter - MemInfo: [/proc/self/status]	VmRSS:	   25532 kB
20220314 013643.906 INFO             PET1 PIOc_freedecomp Enter - MemInfo: [/proc/self/status]	VmData:	   31852 kB
20220314 013643.906 INFO             PET1 PIOc_freedecomp Enter - MemInfo: [/proc/self/status]	VmStk:	     164 kB
20220314 013643.906 INFO             PET1 PIOc_freedecomp Enter - MemInfo: [/proc/self/status]	VmExe:	   40960 kB
20220314 013643.906 INFO             PET1 PIOc_freedecomp Enter - MemInfo: [/proc/self/status]	VmLib:	    1952 kB
20220314 013643.906 INFO             PET1 PIOc_freedecomp Enter - MemInfo: [/proc/self/status]	VmPTE:	     232 kB
20220314 013643.906 INFO             PET1 PIOc_freedecomp Enter - MemInfo: [/proc/self/status]	VmPMD:	      12 kB
20220314 013643.906 INFO             PET1 PIOc_freedecomp Enter - MemInfo: [/proc/self/status]	VmSwap:	       0 kB
20220314 013643.906 INFO             PET1 PIOc_freedecomp Enter - MemInfo: [/proc/self/status]	VmRSSPercent: 0.0387695 %
20220314 013643.906 INFO             PET1 PIOc_freedecomp Enter - MemInfo: [malloc] Non-mmapped space allocated:                23505216 Byte
20220314 013643.906 INFO             PET1 PIOc_freedecomp Enter - MemInfo: [malloc] Space allocated in mmapped regions:          4755456 Byte
20220314 013643.906 INFO             PET1 PIOc_freedecomp Enter - MemInfo: [malloc] Maximum total allocated space:                     0 Byte
20220314 013643.906 INFO             PET1 PIOc_freedecomp Enter - MemInfo: [malloc] Space in freed fastbin blocks:                     0 Byte
20220314 013643.906 INFO             PET1 PIOc_freedecomp Enter - MemInfo: [malloc] Total allocated space:                       1771376 Byte
20220314 013643.906 INFO             PET1 PIOc_freedecomp Enter - MemInfo: [malloc] Total free space:                           21733840 Byte
20220314 013643.906 INFO             PET1 PIOc_freedecomp Enter - MemInfo: [malloc] Top-most, releasable space:                 16201904 Byte
20220314 013643.906 INFO             PET1 PIOc_freedecomp Enter - MemInfo: [malloc] Total space in use, mmap + non-mmap:         6526832 Byte
20220314 013643.906 INFO             PET1 PIOc_freedecomp Enter - MemInfo: [malloc] Total space held (mmap + non-mmap):         28260672 Byte
20220314 013643.906 INFO             PET1 PIOc_freedecomp Enter - MemInfo: [malloc] Total space used (mmap + non-mmap):          6535040 Byte
20220314 013643.906 INFO             PET1 PIOc_freedecomp Enter - MemInfo: Wall-clock time since execution start:                1.43716 seconds
20220314 013643.907 INFO             PET1 PIOc_freedecomp Exit - MemInfo: [/proc/meminfo - SSI]	MemTotal:       65855856 kB
20220314 013643.907 INFO             PET1 PIOc_freedecomp Exit - MemInfo: [/proc/meminfo - SSI]	MemFree:        61111560 kB
20220314 013643.907 INFO             PET1 PIOc_freedecomp Exit - MemInfo: [/proc/meminfo - SSI]	MemAvailable:   60894960 kB
20220314 013643.907 INFO             PET1 PIOc_freedecomp Exit - MemInfo: [/proc/meminfo - SSI]	Committed_AS:    2971644 kB
20220314 013643.907 INFO             PET1 PIOc_freedecomp Exit - MemInfo: [/proc/meminfo - SSI]	CommittedPercent: 4.51235 %
20220314 013643.907 INFO             PET1 PIOc_freedecomp Exit - MemInfo: [/proc/self/status]	VmPeak:	  135248 kB
20220314 013643.907 INFO             PET1 PIOc_freedecomp Exit - MemInfo: [/proc/self/status]	VmSize:	  135224 kB
20220314 013643.907 INFO             PET1 PIOc_freedecomp Exit - MemInfo: [/proc/self/status]	VmLck:	       0 kB
20220314 013643.907 INFO             PET1 PIOc_freedecomp Exit - MemInfo: [/proc/self/status]	VmPin:	       0 kB
20220314 013643.907 INFO             PET1 PIOc_freedecomp Exit - MemInfo: [/proc/self/status]	VmHWM:	   25540 kB
20220314 013643.907 INFO             PET1 PIOc_freedecomp Exit - MemInfo: [/proc/self/status]	VmRSS:	   25532 kB
20220314 013643.907 INFO             PET1 PIOc_freedecomp Exit - MemInfo: [/proc/self/status]	VmData:	   31852 kB
20220314 013643.907 INFO             PET1 PIOc_freedecomp Exit - MemInfo: [/proc/self/status]	VmStk:	     164 kB
20220314 013643.907 INFO             PET1 PIOc_freedecomp Exit - MemInfo: [/proc/self/status]	VmExe:	   40960 kB
20220314 013643.907 INFO             PET1 PIOc_freedecomp Exit - MemInfo: [/proc/self/status]	VmLib:	    1952 kB
20220314 013643.907 INFO             PET1 PIOc_freedecomp Exit - MemInfo: [/proc/self/status]	VmPTE:	     232 kB
20220314 013643.907 INFO             PET1 PIOc_freedecomp Exit - MemInfo: [/proc/self/status]	VmPMD:	      12 kB
20220314 013643.907 INFO             PET1 PIOc_freedecomp Exit - MemInfo: [/proc/self/status]	VmSwap:	       0 kB
20220314 013643.907 INFO             PET1 PIOc_freedecomp Exit - MemInfo: [/proc/self/status]	VmRSSPercent: 0.0387695 %
20220314 013643.907 INFO             PET1 PIOc_freedecomp Exit - MemInfo: [malloc] Non-mmapped space allocated:                23505216 Byte
20220314 013643.907 INFO             PET1 PIOc_freedecomp Exit - MemInfo: [malloc] Space allocated in mmapped regions:          4755456 Byte
20220314 013643.907 INFO             PET1 PIOc_freedecomp Exit - MemInfo: [malloc] Maximum total allocated space:                     0 Byte
20220314 013643.907 INFO             PET1 PIOc_freedecomp Exit - MemInfo: [malloc] Space in freed fastbin blocks:                   496 Byte
20220314 013643.907 INFO             PET1 PIOc_freedecomp Exit - MemInfo: [malloc] Total allocated space:                       1770880 Byte
20220314 013643.907 INFO             PET1 PIOc_freedecomp Exit - MemInfo: [malloc] Total free space:                           21734336 Byte
20220314 013643.907 INFO             PET1 PIOc_freedecomp Exit - MemInfo: [malloc] Top-most, releasable space:                 16201904 Byte
20220314 013643.907 INFO             PET1 PIOc_freedecomp Exit - MemInfo: [malloc] Total space in use, mmap + non-mmap:         6526336 Byte
20220314 013643.907 INFO             PET1 PIOc_freedecomp Exit - MemInfo: [malloc] Total space held (mmap + non-mmap):         28260672 Byte
20220314 013643.907 INFO             PET1 PIOc_freedecomp Exit - MemInfo: [malloc] Total space used (mmap + non-mmap):          6534544 Byte
20220314 013643.907 INFO             PET1 PIOc_freedecomp Exit - MemInfo: Wall-clock time since execution start:                 1.4376 seconds
20220314 013643.908 INFO             PET1 PIOc_sync Enter - MemInfo: [/proc/meminfo - SSI]	MemTotal:       65855856 kB
20220314 013643.908 INFO             PET1 PIOc_sync Enter - MemInfo: [/proc/meminfo - SSI]	MemFree:        61111560 kB
20220314 013643.908 INFO             PET1 PIOc_sync Enter - MemInfo: [/proc/meminfo - SSI]	MemAvailable:   60894960 kB
20220314 013643.908 INFO             PET1 PIOc_sync Enter - MemInfo: [/proc/meminfo - SSI]	Committed_AS:    2971644 kB
20220314 013643.908 INFO             PET1 PIOc_sync Enter - MemInfo: [/proc/meminfo - SSI]	CommittedPercent: 4.51235 %
20220314 013643.908 INFO             PET1 PIOc_sync Enter - MemInfo: [/proc/self/status]	VmPeak:	  135248 kB
20220314 013643.908 INFO             PET1 PIOc_sync Enter - MemInfo: [/proc/self/status]	VmSize:	  135224 kB
20220314 013643.908 INFO             PET1 PIOc_sync Enter - MemInfo: [/proc/self/status]	VmLck:	       0 kB
20220314 013643.908 INFO             PET1 PIOc_sync Enter - MemInfo: [/proc/self/status]	VmPin:	       0 kB
20220314 013643.908 INFO             PET1 PIOc_sync Enter - MemInfo: [/proc/self/status]	VmHWM:	   25540 kB
20220314 013643.908 INFO             PET1 PIOc_sync Enter - MemInfo: [/proc/self/status]	VmRSS:	   25532 kB
20220314 013643.908 INFO             PET1 PIOc_sync Enter - MemInfo: [/proc/self/status]	VmData:	   31852 kB
20220314 013643.908 INFO             PET1 PIOc_sync Enter - MemInfo: [/proc/self/status]	VmStk:	     164 kB
20220314 013643.908 INFO             PET1 PIOc_sync Enter - MemInfo: [/proc/self/status]	VmExe:	   40960 kB
20220314 013643.908 INFO             PET1 PIOc_sync Enter - MemInfo: [/proc/self/status]	VmLib:	    1952 kB
20220314 013643.908 INFO             PET1 PIOc_sync Enter - MemInfo: [/proc/self/status]	VmPTE:	     232 kB
20220314 013643.908 INFO             PET1 PIOc_sync Enter - MemInfo: [/proc/self/status]	VmPMD:	      12 kB
20220314 013643.908 INFO             PET1 PIOc_sync Enter - MemInfo: [/proc/self/status]	VmSwap:	       0 kB
20220314 013643.908 INFO             PET1 PIOc_sync Enter - MemInfo: [/proc/self/status]	VmRSSPercent: 0.0387695 %
20220314 013643.908 INFO             PET1 PIOc_sync Enter - MemInfo: [malloc] Non-mmapped space allocated:                23505216 Byte
20220314 013643.908 INFO             PET1 PIOc_sync Enter - MemInfo: [malloc] Space allocated in mmapped regions:          4755456 Byte
20220314 013643.908 INFO             PET1 PIOc_sync Enter - MemInfo: [malloc] Maximum total allocated space:                     0 Byte
20220314 013643.908 INFO             PET1 PIOc_sync Enter - MemInfo: [malloc] Space in freed fastbin blocks:                   192 Byte
20220314 013643.908 INFO             PET1 PIOc_sync Enter - MemInfo: [malloc] Total allocated space:                       1772432 Byte
20220314 013643.909 INFO             PET1 PIOc_sync Enter - MemInfo: [malloc] Total free space:                           21732784 Byte
20220314 013643.909 INFO             PET1 PIOc_sync Enter - MemInfo: [malloc] Top-most, releasable space:                 16201904 Byte
20220314 013643.909 INFO             PET1 PIOc_sync Enter - MemInfo: [malloc] Total space in use, mmap + non-mmap:         6527888 Byte
20220314 013643.909 INFO             PET1 PIOc_sync Enter - MemInfo: [malloc] Total space held (mmap + non-mmap):         28260672 Byte
20220314 013643.909 INFO             PET1 PIOc_sync Enter - MemInfo: [malloc] Total space used (mmap + non-mmap):          6536096 Byte
