build time -- 2022-03-12 23:48:17
20220313 004159.052 INFO             PET0 !!!!!!!!!!!!!!!!!!!!!!!!!!!!!!!!!!!!!!!!!!!!!!!!!!!!!!
20220313 004159.053 INFO             PET0 !!! THE ESMF_LOG IS SET TO OUTPUT ALL LOG MESSAGES !!!
20220313 004159.053 INFO             PET0 !!!     THIS MAY CAUSE SLOWDOWN IN PERFORMANCE     !!!
20220313 004159.053 INFO             PET0 !!! FOR PRODUCTION RUNS, USE:                      !!!
20220313 004159.053 INFO             PET0 !!!                   ESMF_LOGKIND_Multi_On_Error  !!!
20220313 004159.053 INFO             PET0 !!!!!!!!!!!!!!!!!!!!!!!!!!!!!!!!!!!!!!!!!!!!!!!!!!!!!!
20220313 004159.053 INFO             PET0 Running with ESMF Version   : v8.3.0b09-96-g559b459836
20220313 004159.053 INFO             PET0 ESMF library build date/time: "Mar 12 2022" "23:46:28"
20220313 004159.053 INFO             PET0 ESMF library build location : /lustre/f2/dev/ncep/Mark.Potts/gfortran_8.3.0_mpi_g_jedwards_pio_update2
20220313 004159.053 INFO             PET0 ESMF_COMM                   : mpi
20220313 004159.053 INFO             PET0 ESMF_MOAB                   : enabled
20220313 004159.053 INFO             PET0 ESMF_LAPACK                 : enabled
20220313 004159.053 INFO             PET0 ESMF_NETCDF                 : enabled
20220313 004159.053 INFO             PET0 ESMF_PNETCDF                : disabled
20220313 004159.053 INFO             PET0 ESMF_PIO                    : enabled
20220313 004159.053 INFO             PET0 ESMF_YAMLCPP                : enabled
20220313 004159.067 INFO             PET0  Beginning Test, file ESMF_FieldBundleIOUTest.F90, line 71
20220313 004159.067 INFO             PET0  NUMBER_OF_PROCESSORS           4
20220313 004159.067 INFO             PET0  PASS  Creating a Grid to use in Field Tests, ESMF_FieldBundleIOUTest.F90, line 92
20220313 004159.128 INFO             PET0  PASS  Create dimensions attribute package on shared Grid Test, ESMF_FieldBundleIOUTest.F90, line 102
20220313 004159.129 INFO             PET0  PASS  Set dimensions attribute package on Grid Test, ESMF_FieldBundleIOUTest.F90, line 113
20220313 004159.129 INFO             PET0  PASS  Creating a 2 DE/PET Grid to use in Field Tests, ESMF_FieldBundleIOUTest.F90, line 123
20220313 004159.129 INFO             PET0  PASS  Create dimensions attribute package on 2 DE/PET Grid Test, ESMF_FieldBundleIOUTest.F90, line 133
20220313 004159.129 INFO             PET0  PASS  Set dimensions attribute package on Grid Test, ESMF_FieldBundleIOUTest.F90, line 144
20220313 004159.129 INFO             PET0  PASS  Create a field from grid and fortran dummy array, ESMF_FieldBundleIOUTest.F90, line 182
20220313 004159.130 INFO             PET0  PASS  Create attribute package on Field(1) Test, ESMF_FieldBundleIOUTest.F90, line 195
20220313 004159.130 INFO             PET0  PASS  Set attribute values on Field(1) Test, ESMF_FieldBundleIOUTest.F90, line 208
20220313 004159.130 INFO             PET0  PASS  Create a field from grid and fortran dummy array, ESMF_FieldBundleIOUTest.F90, line 218
20220313 004159.130 INFO             PET0  PASS  Create attribute package on Field(2) Test, ESMF_FieldBundleIOUTest.F90, line 230
20220313 004159.130 INFO             PET0  PASS  Set attribute values on Field(2) Test, ESMF_FieldBundleIOUTest.F90, line 243
20220313 004159.130 INFO             PET0  PASS  Array Spec Set, ESMF_FieldBundleIOUTest.F90, line 253
20220313 004159.130 INFO             PET0  PASS  Create a field from 2 DE/PET grid, ESMF_FieldBundleIOUTest.F90, line 263
20220313 004159.130 INFO             PET0  PASS  Create attribute package on Field(3) Test, ESMF_FieldBundleIOUTest.F90, line 275
20220313 004159.130 INFO             PET0  PASS  Set attribute values on Field(3) Test, ESMF_FieldBundleIOUTest.F90, line 288
20220313 004159.130 INFO             PET0  PASS  Get and fill Farray_w from field DE 0, ESMF_FieldBundleIOUTest.F90, line 298
20220313 004159.130 INFO             PET0  PASS  Get and fill Farray_w from field DE 1, ESMF_FieldBundleIOUTest.F90, line 308
20220313 004159.131 INFO             PET0  PASS  Create a bundle from 3 fields, ESMF_FieldBundleIOUTest.F90, line 317
20220313 004159.131 INFO             PET0  PASS  Create attribute package on FieldBundle single Test, ESMF_FieldBundleIOUTest.F90, line 329
20220313 004159.131 INFO             PET0  PASS  Set attribute values on FieldBundle single Test, ESMF_FieldBundleIOUTest.F90, line 342
20220313 004159.176 INFO             PET0 PIOc_sync Enter - MemInfo: [/proc/meminfo - SSI]	MemTotal:       65855856 kB
20220313 004159.176 INFO             PET0 PIOc_sync Enter - MemInfo: [/proc/meminfo - SSI]	MemFree:        61273424 kB
20220313 004159.176 INFO             PET0 PIOc_sync Enter - MemInfo: [/proc/meminfo - SSI]	MemAvailable:   61049516 kB
20220313 004159.176 INFO             PET0 PIOc_sync Enter - MemInfo: [/proc/meminfo - SSI]	Committed_AS:    2817896 kB
20220313 004159.176 INFO             PET0 PIOc_sync Enter - MemInfo: [/proc/meminfo - SSI]	CommittedPercent: 4.27888 %
20220313 004159.176 INFO             PET0 PIOc_sync Enter - MemInfo: [/proc/self/status]	VmPeak:	   85528 kB
20220313 004159.176 INFO             PET0 PIOc_sync Enter - MemInfo: [/proc/self/status]	VmSize:	   85528 kB
20220313 004159.176 INFO             PET0 PIOc_sync Enter - MemInfo: [/proc/self/status]	VmLck:	       0 kB
20220313 004159.176 INFO             PET0 PIOc_sync Enter - MemInfo: [/proc/self/status]	VmPin:	       0 kB
20220313 004159.176 INFO             PET0 PIOc_sync Enter - MemInfo: [/proc/self/status]	VmHWM:	   22800 kB
20220313 004159.176 INFO             PET0 PIOc_sync Enter - MemInfo: [/proc/self/status]	VmRSS:	   22800 kB
20220313 004159.176 INFO             PET0 PIOc_sync Enter - MemInfo: [/proc/self/status]	VmData:	   19204 kB
20220313 004159.176 INFO             PET0 PIOc_sync Enter - MemInfo: [/proc/self/status]	VmStk:	     164 kB
20220313 004159.176 INFO             PET0 PIOc_sync Enter - MemInfo: [/proc/self/status]	VmExe:	   40740 kB
20220313 004159.176 INFO             PET0 PIOc_sync Enter - MemInfo: [/proc/self/status]	VmLib:	    1952 kB
20220313 004159.176 INFO             PET0 PIOc_sync Enter - MemInfo: [/proc/self/status]	VmPTE:	     168 kB
20220313 004159.176 INFO             PET0 PIOc_sync Enter - MemInfo: [/proc/self/status]	VmPMD:	      12 kB
20220313 004159.176 INFO             PET0 PIOc_sync Enter - MemInfo: [/proc/self/status]	VmSwap:	       0 kB
20220313 004159.176 INFO             PET0 PIOc_sync Enter - MemInfo: [/proc/self/status]	VmRSSPercent: 0.0346211 %
20220313 004159.176 INFO             PET0 PIOc_sync Enter - MemInfo: [malloc] Non-mmapped space allocated:                 2005312 Byte
20220313 004159.176 INFO             PET0 PIOc_sync Enter - MemInfo: [malloc] Space allocated in mmapped regions:         13303808 Byte
20220313 004159.176 INFO             PET0 PIOc_sync Enter - MemInfo: [malloc] Maximum total allocated space:                     0 Byte
20220313 004159.176 INFO             PET0 PIOc_sync Enter - MemInfo: [malloc] Space in freed fastbin blocks:                   784 Byte
20220313 004159.176 INFO             PET0 PIOc_sync Enter - MemInfo: [malloc] Total allocated space:                       1538528 Byte
20220313 004159.176 INFO             PET0 PIOc_sync Enter - MemInfo: [malloc] Total free space:                             466784 Byte
20220313 004159.176 INFO             PET0 PIOc_sync Enter - MemInfo: [malloc] Top-most, releasable space:                   453568 Byte
20220313 004159.176 INFO             PET0 PIOc_sync Enter - MemInfo: [malloc] Total space in use, mmap + non-mmap:        14842336 Byte
20220313 004159.176 INFO             PET0 PIOc_sync Enter - MemInfo: [malloc] Total space held (mmap + non-mmap):         15309120 Byte
20220313 004159.176 INFO             PET0 PIOc_sync Enter - MemInfo: [malloc] Total space used (mmap + non-mmap):         14851696 Byte
20220313 004159.176 INFO             PET0 PIOc_sync Enter - MemInfo: Wall-clock time since execution start:               0.131475 seconds
20220313 004159.177 INFO             PET0 PIOc_sync Exit - MemInfo: [/proc/meminfo - SSI]	MemTotal:       65855856 kB
20220313 004159.177 INFO             PET0 PIOc_sync Exit - MemInfo: [/proc/meminfo - SSI]	MemFree:        61271912 kB
20220313 004159.177 INFO             PET0 PIOc_sync Exit - MemInfo: [/proc/meminfo - SSI]	MemAvailable:   61048004 kB
20220313 004159.177 INFO             PET0 PIOc_sync Exit - MemInfo: [/proc/meminfo - SSI]	Committed_AS:    2817896 kB
20220313 004159.177 INFO             PET0 PIOc_sync Exit - MemInfo: [/proc/meminfo - SSI]	CommittedPercent: 4.27888 %
20220313 004159.177 INFO             PET0 PIOc_sync Exit - MemInfo: [/proc/self/status]	VmPeak:	   85528 kB
20220313 004159.177 INFO             PET0 PIOc_sync Exit - MemInfo: [/proc/self/status]	VmSize:	   85528 kB
20220313 004159.177 INFO             PET0 PIOc_sync Exit - MemInfo: [/proc/self/status]	VmLck:	       0 kB
20220313 004159.177 INFO             PET0 PIOc_sync Exit - MemInfo: [/proc/self/status]	VmPin:	       0 kB
20220313 004159.177 INFO             PET0 PIOc_sync Exit - MemInfo: [/proc/self/status]	VmHWM:	   23300 kB
20220313 004159.177 INFO             PET0 PIOc_sync Exit - MemInfo: [/proc/self/status]	VmRSS:	   23300 kB
20220313 004159.177 INFO             PET0 PIOc_sync Exit - MemInfo: [/proc/self/status]	VmData:	   19204 kB
20220313 004159.177 INFO             PET0 PIOc_sync Exit - MemInfo: [/proc/self/status]	VmStk:	     164 kB
20220313 004159.177 INFO             PET0 PIOc_sync Exit - MemInfo: [/proc/self/status]	VmExe:	   40740 kB
20220313 004159.177 INFO             PET0 PIOc_sync Exit - MemInfo: [/proc/self/status]	VmLib:	    1952 kB
20220313 004159.177 INFO             PET0 PIOc_sync Exit - MemInfo: [/proc/self/status]	VmPTE:	     176 kB
20220313 004159.177 INFO             PET0 PIOc_sync Exit - MemInfo: [/proc/self/status]	VmPMD:	      12 kB
20220313 004159.177 INFO             PET0 PIOc_sync Exit - MemInfo: [/proc/self/status]	VmSwap:	       0 kB
20220313 004159.177 INFO             PET0 PIOc_sync Exit - MemInfo: [/proc/self/status]	VmRSSPercent: 0.0353803 %
20220313 004159.177 INFO             PET0 PIOc_sync Exit - MemInfo: [malloc] Non-mmapped space allocated:                 2005312 Byte
20220313 004159.177 INFO             PET0 PIOc_sync Exit - MemInfo: [malloc] Space allocated in mmapped regions:         13303808 Byte
20220313 004159.177 INFO             PET0 PIOc_sync Exit - MemInfo: [malloc] Maximum total allocated space:                     0 Byte
20220313 004159.177 INFO             PET0 PIOc_sync Exit - MemInfo: [malloc] Space in freed fastbin blocks:                     0 Byte
20220313 004159.177 INFO             PET0 PIOc_sync Exit - MemInfo: [malloc] Total allocated space:                       1946640 Byte
20220313 004159.177 INFO             PET0 PIOc_sync Exit - MemInfo: [malloc] Total free space:                              58672 Byte
20220313 004159.177 INFO             PET0 PIOc_sync Exit - MemInfo: [malloc] Top-most, releasable space:                    56320 Byte
20220313 004159.177 INFO             PET0 PIOc_sync Exit - MemInfo: [malloc] Total space in use, mmap + non-mmap:        15250448 Byte
20220313 004159.177 INFO             PET0 PIOc_sync Exit - MemInfo: [malloc] Total space held (mmap + non-mmap):         15309120 Byte
20220313 004159.177 INFO             PET0 PIOc_sync Exit - MemInfo: [malloc] Total space used (mmap + non-mmap):         15259136 Byte
20220313 004159.177 INFO             PET0 PIOc_sync Exit - MemInfo: Wall-clock time since execution start:               0.132526 seconds
20220313 004159.178 INFO             PET0 PIOc_freedecomp Enter - MemInfo: [/proc/meminfo - SSI]	MemTotal:       65855856 kB
20220313 004159.178 INFO             PET0 PIOc_freedecomp Enter - MemInfo: [/proc/meminfo - SSI]	MemFree:        61278968 kB
20220313 004159.178 INFO             PET0 PIOc_freedecomp Enter - MemInfo: [/proc/meminfo - SSI]	MemAvailable:   61055060 kB
20220313 004159.178 INFO             PET0 PIOc_freedecomp Enter - MemInfo: [/proc/meminfo - SSI]	Committed_AS:    2811544 kB
20220313 004159.178 INFO             PET0 PIOc_freedecomp Enter - MemInfo: [/proc/meminfo - SSI]	CommittedPercent: 4.26924 %
20220313 004159.178 INFO             PET0 PIOc_freedecomp Enter - MemInfo: [/proc/self/status]	VmPeak:	   85528 kB
20220313 004159.178 INFO             PET0 PIOc_freedecomp Enter - MemInfo: [/proc/self/status]	VmSize:	   76816 kB
20220313 004159.178 INFO             PET0 PIOc_freedecomp Enter - MemInfo: [/proc/self/status]	VmLck:	       0 kB
20220313 004159.178 INFO             PET0 PIOc_freedecomp Enter - MemInfo: [/proc/self/status]	VmPin:	       0 kB
20220313 004159.178 INFO             PET0 PIOc_freedecomp Enter - MemInfo: [/proc/self/status]	VmHWM:	   23300 kB
20220313 004159.178 INFO             PET0 PIOc_freedecomp Enter - MemInfo: [/proc/self/status]	VmRSS:	   15312 kB
20220313 004159.178 INFO             PET0 PIOc_freedecomp Enter - MemInfo: [/proc/self/status]	VmData:	   10492 kB
20220313 004159.178 INFO             PET0 PIOc_freedecomp Enter - MemInfo: [/proc/self/status]	VmStk:	     164 kB
20220313 004159.178 INFO             PET0 PIOc_freedecomp Enter - MemInfo: [/proc/self/status]	VmExe:	   40740 kB
20220313 004159.178 INFO             PET0 PIOc_freedecomp Enter - MemInfo: [/proc/self/status]	VmLib:	    1952 kB
20220313 004159.178 INFO             PET0 PIOc_freedecomp Enter - MemInfo: [/proc/self/status]	VmPTE:	     164 kB
20220313 004159.178 INFO             PET0 PIOc_freedecomp Enter - MemInfo: [/proc/self/status]	VmPMD:	      12 kB
20220313 004159.178 INFO             PET0 PIOc_freedecomp Enter - MemInfo: [/proc/self/status]	VmSwap:	       0 kB
20220313 004159.178 INFO             PET0 PIOc_freedecomp Enter - MemInfo: [/proc/self/status]	VmRSSPercent: 0.0232508 %
20220313 004159.178 INFO             PET0 PIOc_freedecomp Enter - MemInfo: [malloc] Non-mmapped space allocated:                 2005312 Byte
20220313 004159.178 INFO             PET0 PIOc_freedecomp Enter - MemInfo: [malloc] Space allocated in mmapped regions:          4382720 Byte
20220313 004159.178 INFO             PET0 PIOc_freedecomp Enter - MemInfo: [malloc] Maximum total allocated space:                     0 Byte
20220313 004159.178 INFO             PET0 PIOc_freedecomp Enter - MemInfo: [malloc] Space in freed fastbin blocks:                  1888 Byte
20220313 004159.178 INFO             PET0 PIOc_freedecomp Enter - MemInfo: [malloc] Total allocated space:                       1934960 Byte
20220313 004159.178 INFO             PET0 PIOc_freedecomp Enter - MemInfo: [malloc] Total free space:                              70352 Byte
20220313 004159.178 INFO             PET0 PIOc_freedecomp Enter - MemInfo: [malloc] Top-most, releasable space:                    56096 Byte
20220313 004159.178 INFO             PET0 PIOc_freedecomp Enter - MemInfo: [malloc] Total space in use, mmap + non-mmap:         6317680 Byte
20220313 004159.178 INFO             PET0 PIOc_freedecomp Enter - MemInfo: [malloc] Total space held (mmap + non-mmap):          6388032 Byte
20220313 004159.178 INFO             PET0 PIOc_freedecomp Enter - MemInfo: [malloc] Total space used (mmap + non-mmap):          6325888 Byte
20220313 004159.178 INFO             PET0 PIOc_freedecomp Enter - MemInfo: Wall-clock time since execution start:               0.133524 seconds
20220313 004159.178 INFO             PET0 PIOc_freedecomp Exit - MemInfo: [/proc/meminfo - SSI]	MemTotal:       65855856 kB
20220313 004159.178 INFO             PET0 PIOc_freedecomp Exit - MemInfo: [/proc/meminfo - SSI]	MemFree:        61278968 kB
20220313 004159.178 INFO             PET0 PIOc_freedecomp Exit - MemInfo: [/proc/meminfo - SSI]	MemAvailable:   61055060 kB
20220313 004159.179 INFO             PET0 PIOc_freedecomp Exit - MemInfo: [/proc/meminfo - SSI]	Committed_AS:    2811544 kB
20220313 004159.179 INFO             PET0 PIOc_freedecomp Exit - MemInfo: [/proc/meminfo - SSI]	CommittedPercent: 4.26924 %
20220313 004159.179 INFO             PET0 PIOc_freedecomp Exit - MemInfo: [/proc/self/status]	VmPeak:	   85528 kB
20220313 004159.179 INFO             PET0 PIOc_freedecomp Exit - MemInfo: [/proc/self/status]	VmSize:	   76816 kB
20220313 004159.179 INFO             PET0 PIOc_freedecomp Exit - MemInfo: [/proc/self/status]	VmLck:	       0 kB
20220313 004159.179 INFO             PET0 PIOc_freedecomp Exit - MemInfo: [/proc/self/status]	VmPin:	       0 kB
20220313 004159.179 INFO             PET0 PIOc_freedecomp Exit - MemInfo: [/proc/self/status]	VmHWM:	   23300 kB
20220313 004159.179 INFO             PET0 PIOc_freedecomp Exit - MemInfo: [/proc/self/status]	VmRSS:	   15312 kB
20220313 004159.179 INFO             PET0 PIOc_freedecomp Exit - MemInfo: [/proc/self/status]	VmData:	   10492 kB
20220313 004159.179 INFO             PET0 PIOc_freedecomp Exit - MemInfo: [/proc/self/status]	VmStk:	     164 kB
20220313 004159.179 INFO             PET0 PIOc_freedecomp Exit - MemInfo: [/proc/self/status]	VmExe:	   40740 kB
20220313 004159.179 INFO             PET0 PIOc_freedecomp Exit - MemInfo: [/proc/self/status]	VmLib:	    1952 kB
20220313 004159.179 INFO             PET0 PIOc_freedecomp Exit - MemInfo: [/proc/self/status]	VmPTE:	     164 kB
20220313 004159.179 INFO             PET0 PIOc_freedecomp Exit - MemInfo: [/proc/self/status]	VmPMD:	      12 kB
20220313 004159.179 INFO             PET0 PIOc_freedecomp Exit - MemInfo: [/proc/self/status]	VmSwap:	       0 kB
20220313 004159.179 INFO             PET0 PIOc_freedecomp Exit - MemInfo: [/proc/self/status]	VmRSSPercent: 0.0232508 %
20220313 004159.179 INFO             PET0 PIOc_freedecomp Exit - MemInfo: [malloc] Non-mmapped space allocated:                 2005312 Byte
20220313 004159.179 INFO             PET0 PIOc_freedecomp Exit - MemInfo: [malloc] Space allocated in mmapped regions:          4382720 Byte
20220313 004159.179 INFO             PET0 PIOc_freedecomp Exit - MemInfo: [malloc] Maximum total allocated space:                     0 Byte
20220313 004159.179 INFO             PET0 PIOc_freedecomp Exit - MemInfo: [malloc] Space in freed fastbin blocks:                   816 Byte
20220313 004159.179 INFO             PET0 PIOc_freedecomp Exit - MemInfo: [malloc] Total allocated space:                       1932592 Byte
20220313 004159.179 INFO             PET0 PIOc_freedecomp Exit - MemInfo: [malloc] Total free space:                              72720 Byte
20220313 004159.179 INFO             PET0 PIOc_freedecomp Exit - MemInfo: [malloc] Top-most, releasable space:                    56096 Byte
20220313 004159.179 INFO             PET0 PIOc_freedecomp Exit - MemInfo: [malloc] Total space in use, mmap + non-mmap:         6315312 Byte
20220313 004159.179 INFO             PET0 PIOc_freedecomp Exit - MemInfo: [malloc] Total space held (mmap + non-mmap):          6388032 Byte
20220313 004159.179 INFO             PET0 PIOc_freedecomp Exit - MemInfo: [malloc] Total space used (mmap + non-mmap):          6324208 Byte
20220313 004159.179 INFO             PET0 PIOc_freedecomp Exit - MemInfo: Wall-clock time since execution start:               0.133967 seconds
20220313 004159.179 INFO             PET0 PIOc_freedecomp Enter - MemInfo: [/proc/meminfo - SSI]	MemTotal:       65855856 kB
20220313 004159.179 INFO             PET0 PIOc_freedecomp Enter - MemInfo: [/proc/meminfo - SSI]	MemFree:        61278968 kB
20220313 004159.179 INFO             PET0 PIOc_freedecomp Enter - MemInfo: [/proc/meminfo - SSI]	MemAvailable:   61055060 kB
20220313 004159.179 INFO             PET0 PIOc_freedecomp Enter - MemInfo: [/proc/meminfo - SSI]	Committed_AS:    2811544 kB
20220313 004159.179 INFO             PET0 PIOc_freedecomp Enter - MemInfo: [/proc/meminfo - SSI]	CommittedPercent: 4.26924 %
20220313 004159.179 INFO             PET0 PIOc_freedecomp Enter - MemInfo: [/proc/self/status]	VmPeak:	   85528 kB
20220313 004159.179 INFO             PET0 PIOc_freedecomp Enter - MemInfo: [/proc/self/status]	VmSize:	   76816 kB
20220313 004159.179 INFO             PET0 PIOc_freedecomp Enter - MemInfo: [/proc/self/status]	VmLck:	       0 kB
20220313 004159.179 INFO             PET0 PIOc_freedecomp Enter - MemInfo: [/proc/self/status]	VmPin:	       0 kB
20220313 004159.179 INFO             PET0 PIOc_freedecomp Enter - MemInfo: [/proc/self/status]	VmHWM:	   23300 kB
20220313 004159.179 INFO             PET0 PIOc_freedecomp Enter - MemInfo: [/proc/self/status]	VmRSS:	   15312 kB
20220313 004159.179 INFO             PET0 PIOc_freedecomp Enter - MemInfo: [/proc/self/status]	VmData:	   10492 kB
20220313 004159.179 INFO             PET0 PIOc_freedecomp Enter - MemInfo: [/proc/self/status]	VmStk:	     164 kB
20220313 004159.179 INFO             PET0 PIOc_freedecomp Enter - MemInfo: [/proc/self/status]	VmExe:	   40740 kB
20220313 004159.179 INFO             PET0 PIOc_freedecomp Enter - MemInfo: [/proc/self/status]	VmLib:	    1952 kB
20220313 004159.179 INFO             PET0 PIOc_freedecomp Enter - MemInfo: [/proc/self/status]	VmPTE:	     164 kB
20220313 004159.179 INFO             PET0 PIOc_freedecomp Enter - MemInfo: [/proc/self/status]	VmPMD:	      12 kB
20220313 004159.179 INFO             PET0 PIOc_freedecomp Enter - MemInfo: [/proc/self/status]	VmSwap:	       0 kB
20220313 004159.179 INFO             PET0 PIOc_freedecomp Enter - MemInfo: [/proc/self/status]	VmRSSPercent: 0.0232508 %
20220313 004159.179 INFO             PET0 PIOc_freedecomp Enter - MemInfo: [malloc] Non-mmapped space allocated:                 2005312 Byte
20220313 004159.179 INFO             PET0 PIOc_freedecomp Enter - MemInfo: [malloc] Space allocated in mmapped regions:          4382720 Byte
20220313 004159.179 INFO             PET0 PIOc_freedecomp Enter - MemInfo: [malloc] Maximum total allocated space:                     0 Byte
20220313 004159.179 INFO             PET0 PIOc_freedecomp Enter - MemInfo: [malloc] Space in freed fastbin blocks:                    64 Byte
20220313 004159.179 INFO             PET0 PIOc_freedecomp Enter - MemInfo: [malloc] Total allocated space:                       1933440 Byte
20220313 004159.179 INFO             PET0 PIOc_freedecomp Enter - MemInfo: [malloc] Total free space:                              71872 Byte
20220313 004159.179 INFO             PET0 PIOc_freedecomp Enter - MemInfo: [malloc] Top-most, releasable space:                    56096 Byte
20220313 004159.179 INFO             PET0 PIOc_freedecomp Enter - MemInfo: [malloc] Total space in use, mmap + non-mmap:         6316160 Byte
20220313 004159.179 INFO             PET0 PIOc_freedecomp Enter - MemInfo: [malloc] Total space held (mmap + non-mmap):          6388032 Byte
20220313 004159.179 INFO             PET0 PIOc_freedecomp Enter - MemInfo: [malloc] Total space used (mmap + non-mmap):          6324368 Byte
20220313 004159.179 INFO             PET0 PIOc_freedecomp Enter - MemInfo: Wall-clock time since execution start:               0.134344 seconds
20220313 004159.179 INFO             PET0 PIOc_freedecomp Exit - MemInfo: [/proc/meminfo - SSI]	MemTotal:       65855856 kB
20220313 004159.179 INFO             PET0 PIOc_freedecomp Exit - MemInfo: [/proc/meminfo - SSI]	MemFree:        61278968 kB
20220313 004159.179 INFO             PET0 PIOc_freedecomp Exit - MemInfo: [/proc/meminfo - SSI]	MemAvailable:   61055060 kB
20220313 004159.179 INFO             PET0 PIOc_freedecomp Exit - MemInfo: [/proc/meminfo - SSI]	Committed_AS:    2811544 kB
20220313 004159.179 INFO             PET0 PIOc_freedecomp Exit - MemInfo: [/proc/meminfo - SSI]	CommittedPercent: 4.26924 %
20220313 004159.179 INFO             PET0 PIOc_freedecomp Exit - MemInfo: [/proc/self/status]	VmPeak:	   85528 kB
20220313 004159.179 INFO             PET0 PIOc_freedecomp Exit - MemInfo: [/proc/self/status]	VmSize:	   76816 kB
20220313 004159.179 INFO             PET0 PIOc_freedecomp Exit - MemInfo: [/proc/self/status]	VmLck:	       0 kB
20220313 004159.179 INFO             PET0 PIOc_freedecomp Exit - MemInfo: [/proc/self/status]	VmPin:	       0 kB
20220313 004159.179 INFO             PET0 PIOc_freedecomp Exit - MemInfo: [/proc/self/status]	VmHWM:	   23300 kB
20220313 004159.179 INFO             PET0 PIOc_freedecomp Exit - MemInfo: [/proc/self/status]	VmRSS:	   15312 kB
20220313 004159.179 INFO             PET0 PIOc_freedecomp Exit - MemInfo: [/proc/self/status]	VmData:	   10492 kB
20220313 004159.179 INFO             PET0 PIOc_freedecomp Exit - MemInfo: [/proc/self/status]	VmStk:	     164 kB
20220313 004159.179 INFO             PET0 PIOc_freedecomp Exit - MemInfo: [/proc/self/status]	VmExe:	   40740 kB
20220313 004159.179 INFO             PET0 PIOc_freedecomp Exit - MemInfo: [/proc/self/status]	VmLib:	    1952 kB
20220313 004159.180 INFO             PET0 PIOc_freedecomp Exit - MemInfo: [/proc/self/status]	VmPTE:	     164 kB
20220313 004159.180 INFO             PET0 PIOc_freedecomp Exit - MemInfo: [/proc/self/status]	VmPMD:	      12 kB
20220313 004159.180 INFO             PET0 PIOc_freedecomp Exit - MemInfo: [/proc/self/status]	VmSwap:	       0 kB
20220313 004159.180 INFO             PET0 PIOc_freedecomp Exit - MemInfo: [/proc/self/status]	VmRSSPercent: 0.0232508 %
20220313 004159.180 INFO             PET0 PIOc_freedecomp Exit - MemInfo: [malloc] Non-mmapped space allocated:                 2005312 Byte
20220313 004159.180 INFO             PET0 PIOc_freedecomp Exit - MemInfo: [malloc] Space allocated in mmapped regions:          4382720 Byte
20220313 004159.180 INFO             PET0 PIOc_freedecomp Exit - MemInfo: [malloc] Maximum total allocated space:                     0 Byte
20220313 004159.180 INFO             PET0 PIOc_freedecomp Exit - MemInfo: [malloc] Space in freed fastbin blocks:                   464 Byte
20220313 004159.180 INFO             PET0 PIOc_freedecomp Exit - MemInfo: [malloc] Total allocated space:                       1931584 Byte
20220313 004159.180 INFO             PET0 PIOc_freedecomp Exit - MemInfo: [malloc] Total free space:                              73728 Byte
20220313 004159.180 INFO             PET0 PIOc_freedecomp Exit - MemInfo: [malloc] Top-most, releasable space:                    56096 Byte
20220313 004159.180 INFO             PET0 PIOc_freedecomp Exit - MemInfo: [malloc] Total space in use, mmap + non-mmap:         6314304 Byte
20220313 004159.180 INFO             PET0 PIOc_freedecomp Exit - MemInfo: [malloc] Total space held (mmap + non-mmap):          6388032 Byte
20220313 004159.180 INFO             PET0 PIOc_freedecomp Exit - MemInfo: [malloc] Total space used (mmap + non-mmap):          6322512 Byte
20220313 004159.180 INFO             PET0 PIOc_freedecomp Exit - MemInfo: Wall-clock time since execution start:                0.13472 seconds
20220313 004159.180 INFO             PET0 PIOc_freedecomp Enter - MemInfo: [/proc/meminfo - SSI]	MemTotal:       65855856 kB
20220313 004159.180 INFO             PET0 PIOc_freedecomp Enter - MemInfo: [/proc/meminfo - SSI]	MemFree:        61278968 kB
20220313 004159.180 INFO             PET0 PIOc_freedecomp Enter - MemInfo: [/proc/meminfo - SSI]	MemAvailable:   61055060 kB
20220313 004159.180 INFO             PET0 PIOc_freedecomp Enter - MemInfo: [/proc/meminfo - SSI]	Committed_AS:    2811544 kB
20220313 004159.180 INFO             PET0 PIOc_freedecomp Enter - MemInfo: [/proc/meminfo - SSI]	CommittedPercent: 4.26924 %
20220313 004159.180 INFO             PET0 PIOc_freedecomp Enter - MemInfo: [/proc/self/status]	VmPeak:	   85528 kB
20220313 004159.180 INFO             PET0 PIOc_freedecomp Enter - MemInfo: [/proc/self/status]	VmSize:	   76816 kB
20220313 004159.180 INFO             PET0 PIOc_freedecomp Enter - MemInfo: [/proc/self/status]	VmLck:	       0 kB
20220313 004159.180 INFO             PET0 PIOc_freedecomp Enter - MemInfo: [/proc/self/status]	VmPin:	       0 kB
20220313 004159.180 INFO             PET0 PIOc_freedecomp Enter - MemInfo: [/proc/self/status]	VmHWM:	   23300 kB
20220313 004159.180 INFO             PET0 PIOc_freedecomp Enter - MemInfo: [/proc/self/status]	VmRSS:	   15312 kB
20220313 004159.180 INFO             PET0 PIOc_freedecomp Enter - MemInfo: [/proc/self/status]	VmData:	   10492 kB
20220313 004159.180 INFO             PET0 PIOc_freedecomp Enter - MemInfo: [/proc/self/status]	VmStk:	     164 kB
20220313 004159.180 INFO             PET0 PIOc_freedecomp Enter - MemInfo: [/proc/self/status]	VmExe:	   40740 kB
20220313 004159.180 INFO             PET0 PIOc_freedecomp Enter - MemInfo: [/proc/self/status]	VmLib:	    1952 kB
20220313 004159.180 INFO             PET0 PIOc_freedecomp Enter - MemInfo: [/proc/self/status]	VmPTE:	     164 kB
20220313 004159.180 INFO             PET0 PIOc_freedecomp Enter - MemInfo: [/proc/self/status]	VmPMD:	      12 kB
20220313 004159.180 INFO             PET0 PIOc_freedecomp Enter - MemInfo: [/proc/self/status]	VmSwap:	       0 kB
20220313 004159.180 INFO             PET0 PIOc_freedecomp Enter - MemInfo: [/proc/self/status]	VmRSSPercent: 0.0232508 %
20220313 004159.180 INFO             PET0 PIOc_freedecomp Enter - MemInfo: [malloc] Non-mmapped space allocated:                 2005312 Byte
20220313 004159.180 INFO             PET0 PIOc_freedecomp Enter - MemInfo: [malloc] Space allocated in mmapped regions:          4382720 Byte
20220313 004159.180 INFO             PET0 PIOc_freedecomp Enter - MemInfo: [malloc] Maximum total allocated space:                     0 Byte
20220313 004159.180 INFO             PET0 PIOc_freedecomp Enter - MemInfo: [malloc] Space in freed fastbin blocks:                   128 Byte
20220313 004159.180 INFO             PET0 PIOc_freedecomp Enter - MemInfo: [malloc] Total allocated space:                       1931680 Byte
20220313 004159.180 INFO             PET0 PIOc_freedecomp Enter - MemInfo: [malloc] Total free space:                              73632 Byte
20220313 004159.180 INFO             PET0 PIOc_freedecomp Enter - MemInfo: [malloc] Top-most, releasable space:                    56096 Byte
20220313 004159.180 INFO             PET0 PIOc_freedecomp Enter - MemInfo: [malloc] Total space in use, mmap + non-mmap:         6314400 Byte
20220313 004159.180 INFO             PET0 PIOc_freedecomp Enter - MemInfo: [malloc] Total space held (mmap + non-mmap):          6388032 Byte
20220313 004159.180 INFO             PET0 PIOc_freedecomp Enter - MemInfo: [malloc] Total space used (mmap + non-mmap):          6322608 Byte
20220313 004159.180 INFO             PET0 PIOc_freedecomp Enter - MemInfo: Wall-clock time since execution start:               0.135094 seconds
20220313 004159.180 INFO             PET0 PIOc_freedecomp Exit - MemInfo: [/proc/meminfo - SSI]	MemTotal:       65855856 kB
20220313 004159.180 INFO             PET0 PIOc_freedecomp Exit - MemInfo: [/proc/meminfo - SSI]	MemFree:        61278968 kB
20220313 004159.180 INFO             PET0 PIOc_freedecomp Exit - MemInfo: [/proc/meminfo - SSI]	MemAvailable:   61055060 kB
20220313 004159.180 INFO             PET0 PIOc_freedecomp Exit - MemInfo: [/proc/meminfo - SSI]	Committed_AS:    2811544 kB
20220313 004159.180 INFO             PET0 PIOc_freedecomp Exit - MemInfo: [/proc/meminfo - SSI]	CommittedPercent: 4.26924 %
20220313 004159.180 INFO             PET0 PIOc_freedecomp Exit - MemInfo: [/proc/self/status]	VmPeak:	   85528 kB
20220313 004159.180 INFO             PET0 PIOc_freedecomp Exit - MemInfo: [/proc/self/status]	VmSize:	   76816 kB
20220313 004159.180 INFO             PET0 PIOc_freedecomp Exit - MemInfo: [/proc/self/status]	VmLck:	       0 kB
20220313 004159.180 INFO             PET0 PIOc_freedecomp Exit - MemInfo: [/proc/self/status]	VmPin:	       0 kB
20220313 004159.180 INFO             PET0 PIOc_freedecomp Exit - MemInfo: [/proc/self/status]	VmHWM:	   23300 kB
20220313 004159.180 INFO             PET0 PIOc_freedecomp Exit - MemInfo: [/proc/self/status]	VmRSS:	   15312 kB
20220313 004159.180 INFO             PET0 PIOc_freedecomp Exit - MemInfo: [/proc/self/status]	VmData:	   10492 kB
20220313 004159.180 INFO             PET0 PIOc_freedecomp Exit - MemInfo: [/proc/self/status]	VmStk:	     164 kB
20220313 004159.180 INFO             PET0 PIOc_freedecomp Exit - MemInfo: [/proc/self/status]	VmExe:	   40740 kB
20220313 004159.180 INFO             PET0 PIOc_freedecomp Exit - MemInfo: [/proc/self/status]	VmLib:	    1952 kB
20220313 004159.180 INFO             PET0 PIOc_freedecomp Exit - MemInfo: [/proc/self/status]	VmPTE:	     164 kB
20220313 004159.180 INFO             PET0 PIOc_freedecomp Exit - MemInfo: [/proc/self/status]	VmPMD:	      12 kB
20220313 004159.180 INFO             PET0 PIOc_freedecomp Exit - MemInfo: [/proc/self/status]	VmSwap:	       0 kB
20220313 004159.180 INFO             PET0 PIOc_freedecomp Exit - MemInfo: [/proc/self/status]	VmRSSPercent: 0.0232508 %
20220313 004159.180 INFO             PET0 PIOc_freedecomp Exit - MemInfo: [malloc] Non-mmapped space allocated:                 2005312 Byte
20220313 004159.180 INFO             PET0 PIOc_freedecomp Exit - MemInfo: [malloc] Space allocated in mmapped regions:          4382720 Byte
20220313 004159.180 INFO             PET0 PIOc_freedecomp Exit - MemInfo: [malloc] Maximum total allocated space:                     0 Byte
20220313 004159.180 INFO             PET0 PIOc_freedecomp Exit - MemInfo: [malloc] Space in freed fastbin blocks:                   992 Byte
20220313 004159.180 INFO             PET0 PIOc_freedecomp Exit - MemInfo: [malloc] Total allocated space:                       1927696 Byte
20220313 004159.180 INFO             PET0 PIOc_freedecomp Exit - MemInfo: [malloc] Total free space:                              77616 Byte
20220313 004159.180 INFO             PET0 PIOc_freedecomp Exit - MemInfo: [malloc] Top-most, releasable space:                    56096 Byte
20220313 004159.180 INFO             PET0 PIOc_freedecomp Exit - MemInfo: [malloc] Total space in use, mmap + non-mmap:         6310416 Byte
20220313 004159.180 INFO             PET0 PIOc_freedecomp Exit - MemInfo: [malloc] Total space held (mmap + non-mmap):          6388032 Byte
20220313 004159.180 INFO             PET0 PIOc_freedecomp Exit - MemInfo: [malloc] Total space used (mmap + non-mmap):          6318624 Byte
20220313 004159.180 INFO             PET0 PIOc_freedecomp Exit - MemInfo: Wall-clock time since execution start:               0.135469 seconds
20220313 004159.180 INFO             PET0  PASS  Writing a FieldBundle to a single file Test, ESMF_FieldBundleIOUTest.F90, line 355
20220313 004159.191 INFO             PET0 PIOc_sync Enter - MemInfo: [/proc/meminfo - SSI]	MemTotal:       65855856 kB
20220313 004159.191 INFO             PET0 PIOc_sync Enter - MemInfo: [/proc/meminfo - SSI]	MemFree:        61271584 kB
20220313 004159.191 INFO             PET0 PIOc_sync Enter - MemInfo: [/proc/meminfo - SSI]	MemAvailable:   61047684 kB
20220313 004159.191 INFO             PET0 PIOc_sync Enter - MemInfo: [/proc/meminfo - SSI]	Committed_AS:    2819808 kB
20220313 004159.191 INFO             PET0 PIOc_sync Enter - MemInfo: [/proc/meminfo - SSI]	CommittedPercent: 4.28179 %
20220313 004159.191 INFO             PET0 PIOc_sync Enter - MemInfo: [/proc/self/status]	VmPeak:	   85596 kB
20220313 004159.191 INFO             PET0 PIOc_sync Enter - MemInfo: [/proc/self/status]	VmSize:	   85596 kB
20220313 004159.191 INFO             PET0 PIOc_sync Enter - MemInfo: [/proc/self/status]	VmLck:	       0 kB
20220313 004159.191 INFO             PET0 PIOc_sync Enter - MemInfo: [/proc/self/status]	VmPin:	       0 kB
20220313 004159.191 INFO             PET0 PIOc_sync Enter - MemInfo: [/proc/self/status]	VmHWM:	   23460 kB
20220313 004159.191 INFO             PET0 PIOc_sync Enter - MemInfo: [/proc/self/status]	VmRSS:	   23460 kB
20220313 004159.191 INFO             PET0 PIOc_sync Enter - MemInfo: [/proc/self/status]	VmData:	   19272 kB
20220313 004159.191 INFO             PET0 PIOc_sync Enter - MemInfo: [/proc/self/status]	VmStk:	     164 kB
20220313 004159.191 INFO             PET0 PIOc_sync Enter - MemInfo: [/proc/self/status]	VmExe:	   40740 kB
20220313 004159.191 INFO             PET0 PIOc_sync Enter - MemInfo: [/proc/self/status]	VmLib:	    1952 kB
20220313 004159.191 INFO             PET0 PIOc_sync Enter - MemInfo: [/proc/self/status]	VmPTE:	     180 kB
20220313 004159.191 INFO             PET0 PIOc_sync Enter - MemInfo: [/proc/self/status]	VmPMD:	      12 kB
20220313 004159.191 INFO             PET0 PIOc_sync Enter - MemInfo: [/proc/self/status]	VmSwap:	       0 kB
20220313 004159.191 INFO             PET0 PIOc_sync Enter - MemInfo: [/proc/self/status]	VmRSSPercent: 0.0356233 %
20220313 004159.191 INFO             PET0 PIOc_sync Enter - MemInfo: [malloc] Non-mmapped space allocated:                10996032 Byte
20220313 004159.191 INFO             PET0 PIOc_sync Enter - MemInfo: [malloc] Space allocated in mmapped regions:          4382720 Byte
20220313 004159.191 INFO             PET0 PIOc_sync Enter - MemInfo: [malloc] Maximum total allocated space:                     0 Byte
20220313 004159.191 INFO             PET0 PIOc_sync Enter - MemInfo: [malloc] Space in freed fastbin blocks:                   464 Byte
20220313 004159.191 INFO             PET0 PIOc_sync Enter - MemInfo: [malloc] Total allocated space:                      10863344 Byte
20220313 004159.191 INFO             PET0 PIOc_sync Enter - MemInfo: [malloc] Total free space:                             132688 Byte
20220313 004159.191 INFO             PET0 PIOc_sync Enter - MemInfo: [malloc] Top-most, releasable space:                   128640 Byte
20220313 004159.191 INFO             PET0 PIOc_sync Enter - MemInfo: [malloc] Total space in use, mmap + non-mmap:        15246064 Byte
20220313 004159.191 INFO             PET0 PIOc_sync Enter - MemInfo: [malloc] Total space held (mmap + non-mmap):         15378752 Byte
20220313 004159.191 INFO             PET0 PIOc_sync Enter - MemInfo: [malloc] Total space used (mmap + non-mmap):         15254960 Byte
20220313 004159.191 INFO             PET0 PIOc_sync Enter - MemInfo: Wall-clock time since execution start:               0.146258 seconds
20220313 004159.191 INFO             PET0 PIOc_sync Exit - MemInfo: [/proc/meminfo - SSI]	MemTotal:       65855856 kB
20220313 004159.191 INFO             PET0 PIOc_sync Exit - MemInfo: [/proc/meminfo - SSI]	MemFree:        61271584 kB
20220313 004159.191 INFO             PET0 PIOc_sync Exit - MemInfo: [/proc/meminfo - SSI]	MemAvailable:   61047684 kB
20220313 004159.191 INFO             PET0 PIOc_sync Exit - MemInfo: [/proc/meminfo - SSI]	Committed_AS:    2819808 kB
20220313 004159.191 INFO             PET0 PIOc_sync Exit - MemInfo: [/proc/meminfo - SSI]	CommittedPercent: 4.28179 %
20220313 004159.192 INFO             PET0 PIOc_sync Exit - MemInfo: [/proc/self/status]	VmPeak:	   85596 kB
20220313 004159.192 INFO             PET0 PIOc_sync Exit - MemInfo: [/proc/self/status]	VmSize:	   85596 kB
20220313 004159.192 INFO             PET0 PIOc_sync Exit - MemInfo: [/proc/self/status]	VmLck:	       0 kB
20220313 004159.192 INFO             PET0 PIOc_sync Exit - MemInfo: [/proc/self/status]	VmPin:	       0 kB
20220313 004159.192 INFO             PET0 PIOc_sync Exit - MemInfo: [/proc/self/status]	VmHWM:	   23460 kB
20220313 004159.192 INFO             PET0 PIOc_sync Exit - MemInfo: [/proc/self/status]	VmRSS:	   23460 kB
20220313 004159.192 INFO             PET0 PIOc_sync Exit - MemInfo: [/proc/self/status]	VmData:	   19272 kB
20220313 004159.192 INFO             PET0 PIOc_sync Exit - MemInfo: [/proc/self/status]	VmStk:	     164 kB
20220313 004159.192 INFO             PET0 PIOc_sync Exit - MemInfo: [/proc/self/status]	VmExe:	   40740 kB
20220313 004159.192 INFO             PET0 PIOc_sync Exit - MemInfo: [/proc/self/status]	VmLib:	    1952 kB
20220313 004159.192 INFO             PET0 PIOc_sync Exit - MemInfo: [/proc/self/status]	VmPTE:	     180 kB
20220313 004159.192 INFO             PET0 PIOc_sync Exit - MemInfo: [/proc/self/status]	VmPMD:	      12 kB
20220313 004159.192 INFO             PET0 PIOc_sync Exit - MemInfo: [/proc/self/status]	VmSwap:	       0 kB
20220313 004159.192 INFO             PET0 PIOc_sync Exit - MemInfo: [/proc/self/status]	VmRSSPercent: 0.0356233 %
20220313 004159.192 INFO             PET0 PIOc_sync Exit - MemInfo: [malloc] Non-mmapped space allocated:                10996032 Byte
20220313 004159.192 INFO             PET0 PIOc_sync Exit - MemInfo: [malloc] Space allocated in mmapped regions:          4382720 Byte
20220313 004159.192 INFO             PET0 PIOc_sync Exit - MemInfo: [malloc] Maximum total allocated space:                     0 Byte
20220313 004159.192 INFO             PET0 PIOc_sync Exit - MemInfo: [malloc] Space in freed fastbin blocks:                     0 Byte
20220313 004159.192 INFO             PET0 PIOc_sync Exit - MemInfo: [malloc] Total allocated space:                      10866848 Byte
20220313 004159.192 INFO             PET0 PIOc_sync Exit - MemInfo: [malloc] Total free space:                             129184 Byte
20220313 004159.192 INFO             PET0 PIOc_sync Exit - MemInfo: [malloc] Top-most, releasable space:                   126000 Byte
20220313 004159.192 INFO             PET0 PIOc_sync Exit - MemInfo: [malloc] Total space in use, mmap + non-mmap:        15249568 Byte
20220313 004159.192 INFO             PET0 PIOc_sync Exit - MemInfo: [malloc] Total space held (mmap + non-mmap):         15378752 Byte
20220313 004159.192 INFO             PET0 PIOc_sync Exit - MemInfo: [malloc] Total space used (mmap + non-mmap):         15257888 Byte
20220313 004159.192 INFO             PET0 PIOc_sync Exit - MemInfo: Wall-clock time since execution start:               0.146846 seconds
20220313 004159.192 INFO             PET0 PIOc_freedecomp Enter - MemInfo: [/proc/meminfo - SSI]	MemTotal:       65855856 kB
20220313 004159.192 INFO             PET0 PIOc_freedecomp Enter - MemInfo: [/proc/meminfo - SSI]	MemFree:        61271584 kB
20220313 004159.192 INFO             PET0 PIOc_freedecomp Enter - MemInfo: [/proc/meminfo - SSI]	MemAvailable:   61047684 kB
20220313 004159.192 INFO             PET0 PIOc_freedecomp Enter - MemInfo: [/proc/meminfo - SSI]	Committed_AS:    2819808 kB
20220313 004159.192 INFO             PET0 PIOc_freedecomp Enter - MemInfo: [/proc/meminfo - SSI]	CommittedPercent: 4.28179 %
20220313 004159.192 INFO             PET0 PIOc_freedecomp Enter - MemInfo: [/proc/self/status]	VmPeak:	   85596 kB
20220313 004159.192 INFO             PET0 PIOc_freedecomp Enter - MemInfo: [/proc/self/status]	VmSize:	   85596 kB
20220313 004159.192 INFO             PET0 PIOc_freedecomp Enter - MemInfo: [/proc/self/status]	VmLck:	       0 kB
20220313 004159.192 INFO             PET0 PIOc_freedecomp Enter - MemInfo: [/proc/self/status]	VmPin:	       0 kB
20220313 004159.192 INFO             PET0 PIOc_freedecomp Enter - MemInfo: [/proc/self/status]	VmHWM:	   23460 kB
20220313 004159.192 INFO             PET0 PIOc_freedecomp Enter - MemInfo: [/proc/self/status]	VmRSS:	   23460 kB
20220313 004159.192 INFO             PET0 PIOc_freedecomp Enter - MemInfo: [/proc/self/status]	VmData:	   19272 kB
20220313 004159.192 INFO             PET0 PIOc_freedecomp Enter - MemInfo: [/proc/self/status]	VmStk:	     164 kB
20220313 004159.192 INFO             PET0 PIOc_freedecomp Enter - MemInfo: [/proc/self/status]	VmExe:	   40740 kB
20220313 004159.192 INFO             PET0 PIOc_freedecomp Enter - MemInfo: [/proc/self/status]	VmLib:	    1952 kB
20220313 004159.192 INFO             PET0 PIOc_freedecomp Enter - MemInfo: [/proc/self/status]	VmPTE:	     180 kB
20220313 004159.192 INFO             PET0 PIOc_freedecomp Enter - MemInfo: [/proc/self/status]	VmPMD:	      12 kB
20220313 004159.192 INFO             PET0 PIOc_freedecomp Enter - MemInfo: [/proc/self/status]	VmSwap:	       0 kB
20220313 004159.192 INFO             PET0 PIOc_freedecomp Enter - MemInfo: [/proc/self/status]	VmRSSPercent: 0.0356233 %
20220313 004159.192 INFO             PET0 PIOc_freedecomp Enter - MemInfo: [malloc] Non-mmapped space allocated:                10996032 Byte
20220313 004159.192 INFO             PET0 PIOc_freedecomp Enter - MemInfo: [malloc] Space allocated in mmapped regions:          4382720 Byte
20220313 004159.192 INFO             PET0 PIOc_freedecomp Enter - MemInfo: [malloc] Maximum total allocated space:                     0 Byte
20220313 004159.192 INFO             PET0 PIOc_freedecomp Enter - MemInfo: [malloc] Space in freed fastbin blocks:                   304 Byte
20220313 004159.192 INFO             PET0 PIOc_freedecomp Enter - MemInfo: [malloc] Total allocated space:                       1941712 Byte
20220313 004159.192 INFO             PET0 PIOc_freedecomp Enter - MemInfo: [malloc] Total free space:                            9054320 Byte
20220313 004159.192 INFO             PET0 PIOc_freedecomp Enter - MemInfo: [malloc] Top-most, releasable space:                   125776 Byte
20220313 004159.192 INFO             PET0 PIOc_freedecomp Enter - MemInfo: [malloc] Total space in use, mmap + non-mmap:         6324432 Byte
20220313 004159.192 INFO             PET0 PIOc_freedecomp Enter - MemInfo: [malloc] Total space held (mmap + non-mmap):         15378752 Byte
20220313 004159.192 INFO             PET0 PIOc_freedecomp Enter - MemInfo: [malloc] Total space used (mmap + non-mmap):          6332640 Byte
20220313 004159.192 INFO             PET0 PIOc_freedecomp Enter - MemInfo: Wall-clock time since execution start:               0.147392 seconds
20220313 004159.192 INFO             PET0 PIOc_freedecomp Exit - MemInfo: [/proc/meminfo - SSI]	MemTotal:       65855856 kB
20220313 004159.192 INFO             PET0 PIOc_freedecomp Exit - MemInfo: [/proc/meminfo - SSI]	MemFree:        61271584 kB
20220313 004159.192 INFO             PET0 PIOc_freedecomp Exit - MemInfo: [/proc/meminfo - SSI]	MemAvailable:   61047684 kB
20220313 004159.192 INFO             PET0 PIOc_freedecomp Exit - MemInfo: [/proc/meminfo - SSI]	Committed_AS:    2819808 kB
20220313 004159.192 INFO             PET0 PIOc_freedecomp Exit - MemInfo: [/proc/meminfo - SSI]	CommittedPercent: 4.28179 %
20220313 004159.192 INFO             PET0 PIOc_freedecomp Exit - MemInfo: [/proc/self/status]	VmPeak:	   85596 kB
20220313 004159.192 INFO             PET0 PIOc_freedecomp Exit - MemInfo: [/proc/self/status]	VmSize:	   85596 kB
20220313 004159.192 INFO             PET0 PIOc_freedecomp Exit - MemInfo: [/proc/self/status]	VmLck:	       0 kB
20220313 004159.192 INFO             PET0 PIOc_freedecomp Exit - MemInfo: [/proc/self/status]	VmPin:	       0 kB
20220313 004159.192 INFO             PET0 PIOc_freedecomp Exit - MemInfo: [/proc/self/status]	VmHWM:	   23460 kB
20220313 004159.192 INFO             PET0 PIOc_freedecomp Exit - MemInfo: [/proc/self/status]	VmRSS:	   23460 kB
20220313 004159.193 INFO             PET0 PIOc_freedecomp Exit - MemInfo: [/proc/self/status]	VmData:	   19272 kB
20220313 004159.193 INFO             PET0 PIOc_freedecomp Exit - MemInfo: [/proc/self/status]	VmStk:	     164 kB
20220313 004159.193 INFO             PET0 PIOc_freedecomp Exit - MemInfo: [/proc/self/status]	VmExe:	   40740 kB
20220313 004159.193 INFO             PET0 PIOc_freedecomp Exit - MemInfo: [/proc/self/status]	VmLib:	    1952 kB
20220313 004159.193 INFO             PET0 PIOc_freedecomp Exit - MemInfo: [/proc/self/status]	VmPTE:	     180 kB
20220313 004159.193 INFO             PET0 PIOc_freedecomp Exit - MemInfo: [/proc/self/status]	VmPMD:	      12 kB
20220313 004159.193 INFO             PET0 PIOc_freedecomp Exit - MemInfo: [/proc/self/status]	VmSwap:	       0 kB
20220313 004159.193 INFO             PET0 PIOc_freedecomp Exit - MemInfo: [/proc/self/status]	VmRSSPercent: 0.0356233 %
20220313 004159.193 INFO             PET0 PIOc_freedecomp Exit - MemInfo: [malloc] Non-mmapped space allocated:                10996032 Byte
20220313 004159.193 INFO             PET0 PIOc_freedecomp Exit - MemInfo: [malloc] Space allocated in mmapped regions:          4382720 Byte
20220313 004159.193 INFO             PET0 PIOc_freedecomp Exit - MemInfo: [malloc] Maximum total allocated space:                     0 Byte
20220313 004159.193 INFO             PET0 PIOc_freedecomp Exit - MemInfo: [malloc] Space in freed fastbin blocks:                   448 Byte
20220313 004159.193 INFO             PET0 PIOc_freedecomp Exit - MemInfo: [malloc] Total allocated space:                       1938784 Byte
20220313 004159.193 INFO             PET0 PIOc_freedecomp Exit - MemInfo: [malloc] Total free space:                            9057248 Byte
20220313 004159.193 INFO             PET0 PIOc_freedecomp Exit - MemInfo: [malloc] Top-most, releasable space:                   126400 Byte
20220313 004159.193 INFO             PET0 PIOc_freedecomp Exit - MemInfo: [malloc] Total space in use, mmap + non-mmap:         6321504 Byte
20220313 004159.193 INFO             PET0 PIOc_freedecomp Exit - MemInfo: [malloc] Total space held (mmap + non-mmap):         15378752 Byte
20220313 004159.193 INFO             PET0 PIOc_freedecomp Exit - MemInfo: [malloc] Total space used (mmap + non-mmap):          6329712 Byte
20220313 004159.193 INFO             PET0 PIOc_freedecomp Exit - MemInfo: Wall-clock time since execution start:               0.147767 seconds
20220313 004159.193 INFO             PET0 PIOc_freedecomp Enter - MemInfo: [/proc/meminfo - SSI]	MemTotal:       65855856 kB
20220313 004159.193 INFO             PET0 PIOc_freedecomp Enter - MemInfo: [/proc/meminfo - SSI]	MemFree:        61271584 kB
20220313 004159.193 INFO             PET0 PIOc_freedecomp Enter - MemInfo: [/proc/meminfo - SSI]	MemAvailable:   61047684 kB
20220313 004159.193 INFO             PET0 PIOc_freedecomp Enter - MemInfo: [/proc/meminfo - SSI]	Committed_AS:    2819808 kB
20220313 004159.193 INFO             PET0 PIOc_freedecomp Enter - MemInfo: [/proc/meminfo - SSI]	CommittedPercent: 4.28179 %
20220313 004159.193 INFO             PET0 PIOc_freedecomp Enter - MemInfo: [/proc/self/status]	VmPeak:	   85596 kB
20220313 004159.193 INFO             PET0 PIOc_freedecomp Enter - MemInfo: [/proc/self/status]	VmSize:	   85596 kB
20220313 004159.193 INFO             PET0 PIOc_freedecomp Enter - MemInfo: [/proc/self/status]	VmLck:	       0 kB
20220313 004159.193 INFO             PET0 PIOc_freedecomp Enter - MemInfo: [/proc/self/status]	VmPin:	       0 kB
20220313 004159.193 INFO             PET0 PIOc_freedecomp Enter - MemInfo: [/proc/self/status]	VmHWM:	   23460 kB
20220313 004159.193 INFO             PET0 PIOc_freedecomp Enter - MemInfo: [/proc/self/status]	VmRSS:	   23460 kB
20220313 004159.193 INFO             PET0 PIOc_freedecomp Enter - MemInfo: [/proc/self/status]	VmData:	   19272 kB
20220313 004159.193 INFO             PET0 PIOc_freedecomp Enter - MemInfo: [/proc/self/status]	VmStk:	     164 kB
20220313 004159.193 INFO             PET0 PIOc_freedecomp Enter - MemInfo: [/proc/self/status]	VmExe:	   40740 kB
20220313 004159.193 INFO             PET0 PIOc_freedecomp Enter - MemInfo: [/proc/self/status]	VmLib:	    1952 kB
20220313 004159.193 INFO             PET0 PIOc_freedecomp Enter - MemInfo: [/proc/self/status]	VmPTE:	     180 kB
20220313 004159.193 INFO             PET0 PIOc_freedecomp Enter - MemInfo: [/proc/self/status]	VmPMD:	      12 kB
20220313 004159.193 INFO             PET0 PIOc_freedecomp Enter - MemInfo: [/proc/self/status]	VmSwap:	       0 kB
20220313 004159.193 INFO             PET0 PIOc_freedecomp Enter - MemInfo: [/proc/self/status]	VmRSSPercent: 0.0356233 %
20220313 004159.193 INFO             PET0 PIOc_freedecomp Enter - MemInfo: [malloc] Non-mmapped space allocated:                10996032 Byte
20220313 004159.193 INFO             PET0 PIOc_freedecomp Enter - MemInfo: [malloc] Space allocated in mmapped regions:          4382720 Byte
20220313 004159.193 INFO             PET0 PIOc_freedecomp Enter - MemInfo: [malloc] Maximum total allocated space:                     0 Byte
20220313 004159.193 INFO             PET0 PIOc_freedecomp Enter - MemInfo: [malloc] Space in freed fastbin blocks:                   128 Byte
20220313 004159.193 INFO             PET0 PIOc_freedecomp Enter - MemInfo: [malloc] Total allocated space:                       1938656 Byte
20220313 004159.193 INFO             PET0 PIOc_freedecomp Enter - MemInfo: [malloc] Total free space:                            9057376 Byte
20220313 004159.193 INFO             PET0 PIOc_freedecomp Enter - MemInfo: [malloc] Top-most, releasable space:                   126400 Byte
20220313 004159.193 INFO             PET0 PIOc_freedecomp Enter - MemInfo: [malloc] Total space in use, mmap + non-mmap:         6321376 Byte
20220313 004159.193 INFO             PET0 PIOc_freedecomp Enter - MemInfo: [malloc] Total space held (mmap + non-mmap):         15378752 Byte
20220313 004159.193 INFO             PET0 PIOc_freedecomp Enter - MemInfo: [malloc] Total space used (mmap + non-mmap):          6329584 Byte
20220313 004159.193 INFO             PET0 PIOc_freedecomp Enter - MemInfo: Wall-clock time since execution start:                0.14816 seconds
20220313 004159.193 INFO             PET0 PIOc_freedecomp Exit - MemInfo: [/proc/meminfo - SSI]	MemTotal:       65855856 kB
20220313 004159.193 INFO             PET0 PIOc_freedecomp Exit - MemInfo: [/proc/meminfo - SSI]	MemFree:        61271584 kB
20220313 004159.193 INFO             PET0 PIOc_freedecomp Exit - MemInfo: [/proc/meminfo - SSI]	MemAvailable:   61047684 kB
20220313 004159.193 INFO             PET0 PIOc_freedecomp Exit - MemInfo: [/proc/meminfo - SSI]	Committed_AS:    2819808 kB
20220313 004159.193 INFO             PET0 PIOc_freedecomp Exit - MemInfo: [/proc/meminfo - SSI]	CommittedPercent: 4.28179 %
20220313 004159.193 INFO             PET0 PIOc_freedecomp Exit - MemInfo: [/proc/self/status]	VmPeak:	   85596 kB
20220313 004159.193 INFO             PET0 PIOc_freedecomp Exit - MemInfo: [/proc/self/status]	VmSize:	   85596 kB
20220313 004159.193 INFO             PET0 PIOc_freedecomp Exit - MemInfo: [/proc/self/status]	VmLck:	       0 kB
20220313 004159.193 INFO             PET0 PIOc_freedecomp Exit - MemInfo: [/proc/self/status]	VmPin:	       0 kB
20220313 004159.193 INFO             PET0 PIOc_freedecomp Exit - MemInfo: [/proc/self/status]	VmHWM:	   23460 kB
20220313 004159.193 INFO             PET0 PIOc_freedecomp Exit - MemInfo: [/proc/self/status]	VmRSS:	   23460 kB
20220313 004159.193 INFO             PET0 PIOc_freedecomp Exit - MemInfo: [/proc/self/status]	VmData:	   19272 kB
20220313 004159.193 INFO             PET0 PIOc_freedecomp Exit - MemInfo: [/proc/self/status]	VmStk:	     164 kB
20220313 004159.193 INFO             PET0 PIOc_freedecomp Exit - MemInfo: [/proc/self/status]	VmExe:	   40740 kB
20220313 004159.193 INFO             PET0 PIOc_freedecomp Exit - MemInfo: [/proc/self/status]	VmLib:	    1952 kB
20220313 004159.193 INFO             PET0 PIOc_freedecomp Exit - MemInfo: [/proc/self/status]	VmPTE:	     180 kB
20220313 004159.193 INFO             PET0 PIOc_freedecomp Exit - MemInfo: [/proc/self/status]	VmPMD:	      12 kB
20220313 004159.193 INFO             PET0 PIOc_freedecomp Exit - MemInfo: [/proc/self/status]	VmSwap:	       0 kB
20220313 004159.193 INFO             PET0 PIOc_freedecomp Exit - MemInfo: [/proc/self/status]	VmRSSPercent: 0.0356233 %
20220313 004159.193 INFO             PET0 PIOc_freedecomp Exit - MemInfo: [malloc] Non-mmapped space allocated:                10996032 Byte
20220313 004159.193 INFO             PET0 PIOc_freedecomp Exit - MemInfo: [malloc] Space allocated in mmapped regions:          4382720 Byte
20220313 004159.193 INFO             PET0 PIOc_freedecomp Exit - MemInfo: [malloc] Maximum total allocated space:                     0 Byte
20220313 004159.193 INFO             PET0 PIOc_freedecomp Exit - MemInfo: [malloc] Space in freed fastbin blocks:                   528 Byte
20220313 004159.193 INFO             PET0 PIOc_freedecomp Exit - MemInfo: [malloc] Total allocated space:                       1936512 Byte
20220313 004159.193 INFO             PET0 PIOc_freedecomp Exit - MemInfo: [malloc] Total free space:                            9059520 Byte
20220313 004159.193 INFO             PET0 PIOc_freedecomp Exit - MemInfo: [malloc] Top-most, releasable space:                   126400 Byte
20220313 004159.193 INFO             PET0 PIOc_freedecomp Exit - MemInfo: [malloc] Total space in use, mmap + non-mmap:         6319232 Byte
20220313 004159.193 INFO             PET0 PIOc_freedecomp Exit - MemInfo: [malloc] Total space held (mmap + non-mmap):         15378752 Byte
20220313 004159.193 INFO             PET0 PIOc_freedecomp Exit - MemInfo: [malloc] Total space used (mmap + non-mmap):          6327440 Byte
20220313 004159.193 INFO             PET0 PIOc_freedecomp Exit - MemInfo: Wall-clock time since execution start:               0.148556 seconds
20220313 004159.194 INFO             PET0 PIOc_freedecomp Enter - MemInfo: [/proc/meminfo - SSI]	MemTotal:       65855856 kB
20220313 004159.194 INFO             PET0 PIOc_freedecomp Enter - MemInfo: [/proc/meminfo - SSI]	MemFree:        61271584 kB
20220313 004159.194 INFO             PET0 PIOc_freedecomp Enter - MemInfo: [/proc/meminfo - SSI]	MemAvailable:   61047684 kB
20220313 004159.194 INFO             PET0 PIOc_freedecomp Enter - MemInfo: [/proc/meminfo - SSI]	Committed_AS:    2819808 kB
20220313 004159.194 INFO             PET0 PIOc_freedecomp Enter - MemInfo: [/proc/meminfo - SSI]	CommittedPercent: 4.28179 %
20220313 004159.194 INFO             PET0 PIOc_freedecomp Enter - MemInfo: [/proc/self/status]	VmPeak:	   85596 kB
20220313 004159.194 INFO             PET0 PIOc_freedecomp Enter - MemInfo: [/proc/self/status]	VmSize:	   85596 kB
20220313 004159.194 INFO             PET0 PIOc_freedecomp Enter - MemInfo: [/proc/self/status]	VmLck:	       0 kB
20220313 004159.194 INFO             PET0 PIOc_freedecomp Enter - MemInfo: [/proc/self/status]	VmPin:	       0 kB
20220313 004159.194 INFO             PET0 PIOc_freedecomp Enter - MemInfo: [/proc/self/status]	VmHWM:	   23460 kB
20220313 004159.194 INFO             PET0 PIOc_freedecomp Enter - MemInfo: [/proc/self/status]	VmRSS:	   23460 kB
20220313 004159.194 INFO             PET0 PIOc_freedecomp Enter - MemInfo: [/proc/self/status]	VmData:	   19272 kB
20220313 004159.194 INFO             PET0 PIOc_freedecomp Enter - MemInfo: [/proc/self/status]	VmStk:	     164 kB
20220313 004159.194 INFO             PET0 PIOc_freedecomp Enter - MemInfo: [/proc/self/status]	VmExe:	   40740 kB
20220313 004159.194 INFO             PET0 PIOc_freedecomp Enter - MemInfo: [/proc/self/status]	VmLib:	    1952 kB
20220313 004159.194 INFO             PET0 PIOc_freedecomp Enter - MemInfo: [/proc/self/status]	VmPTE:	     180 kB
20220313 004159.194 INFO             PET0 PIOc_freedecomp Enter - MemInfo: [/proc/self/status]	VmPMD:	      12 kB
20220313 004159.194 INFO             PET0 PIOc_freedecomp Enter - MemInfo: [/proc/self/status]	VmSwap:	       0 kB
20220313 004159.194 INFO             PET0 PIOc_freedecomp Enter - MemInfo: [/proc/self/status]	VmRSSPercent: 0.0356233 %
20220313 004159.194 INFO             PET0 PIOc_freedecomp Enter - MemInfo: [malloc] Non-mmapped space allocated:                10996032 Byte
20220313 004159.194 INFO             PET0 PIOc_freedecomp Enter - MemInfo: [malloc] Space allocated in mmapped regions:          4382720 Byte
20220313 004159.194 INFO             PET0 PIOc_freedecomp Enter - MemInfo: [malloc] Maximum total allocated space:                     0 Byte
20220313 004159.194 INFO             PET0 PIOc_freedecomp Enter - MemInfo: [malloc] Space in freed fastbin blocks:                   128 Byte
20220313 004159.194 INFO             PET0 PIOc_freedecomp Enter - MemInfo: [malloc] Total allocated space:                       1936384 Byte
20220313 004159.194 INFO             PET0 PIOc_freedecomp Enter - MemInfo: [malloc] Total free space:                            9059648 Byte
20220313 004159.194 INFO             PET0 PIOc_freedecomp Enter - MemInfo: [malloc] Top-most, releasable space:                   126400 Byte
20220313 004159.194 INFO             PET0 PIOc_freedecomp Enter - MemInfo: [malloc] Total space in use, mmap + non-mmap:         6319104 Byte
20220313 004159.194 INFO             PET0 PIOc_freedecomp Enter - MemInfo: [malloc] Total space held (mmap + non-mmap):         15378752 Byte
20220313 004159.194 INFO             PET0 PIOc_freedecomp Enter - MemInfo: [malloc] Total space used (mmap + non-mmap):          6327312 Byte
20220313 004159.194 INFO             PET0 PIOc_freedecomp Enter - MemInfo: Wall-clock time since execution start:               0.148953 seconds
20220313 004159.194 INFO             PET0 PIOc_freedecomp Exit - MemInfo: [/proc/meminfo - SSI]	MemTotal:       65855856 kB
20220313 004159.194 INFO             PET0 PIOc_freedecomp Exit - MemInfo: [/proc/meminfo - SSI]	MemFree:        61271584 kB
20220313 004159.194 INFO             PET0 PIOc_freedecomp Exit - MemInfo: [/proc/meminfo - SSI]	MemAvailable:   61047684 kB
20220313 004159.194 INFO             PET0 PIOc_freedecomp Exit - MemInfo: [/proc/meminfo - SSI]	Committed_AS:    2819808 kB
20220313 004159.194 INFO             PET0 PIOc_freedecomp Exit - MemInfo: [/proc/meminfo - SSI]	CommittedPercent: 4.28179 %
20220313 004159.194 INFO             PET0 PIOc_freedecomp Exit - MemInfo: [/proc/self/status]	VmPeak:	   85596 kB
20220313 004159.194 INFO             PET0 PIOc_freedecomp Exit - MemInfo: [/proc/self/status]	VmSize:	   85596 kB
20220313 004159.194 INFO             PET0 PIOc_freedecomp Exit - MemInfo: [/proc/self/status]	VmLck:	       0 kB
20220313 004159.194 INFO             PET0 PIOc_freedecomp Exit - MemInfo: [/proc/self/status]	VmPin:	       0 kB
20220313 004159.194 INFO             PET0 PIOc_freedecomp Exit - MemInfo: [/proc/self/status]	VmHWM:	   23460 kB
20220313 004159.194 INFO             PET0 PIOc_freedecomp Exit - MemInfo: [/proc/self/status]	VmRSS:	   23460 kB
20220313 004159.194 INFO             PET0 PIOc_freedecomp Exit - MemInfo: [/proc/self/status]	VmData:	   19272 kB
20220313 004159.194 INFO             PET0 PIOc_freedecomp Exit - MemInfo: [/proc/self/status]	VmStk:	     164 kB
20220313 004159.194 INFO             PET0 PIOc_freedecomp Exit - MemInfo: [/proc/self/status]	VmExe:	   40740 kB
20220313 004159.194 INFO             PET0 PIOc_freedecomp Exit - MemInfo: [/proc/self/status]	VmLib:	    1952 kB
20220313 004159.194 INFO             PET0 PIOc_freedecomp Exit - MemInfo: [/proc/self/status]	VmPTE:	     180 kB
20220313 004159.194 INFO             PET0 PIOc_freedecomp Exit - MemInfo: [/proc/self/status]	VmPMD:	      12 kB
20220313 004159.194 INFO             PET0 PIOc_freedecomp Exit - MemInfo: [/proc/self/status]	VmSwap:	       0 kB
20220313 004159.194 INFO             PET0 PIOc_freedecomp Exit - MemInfo: [/proc/self/status]	VmRSSPercent: 0.0356233 %
20220313 004159.194 INFO             PET0 PIOc_freedecomp Exit - MemInfo: [malloc] Non-mmapped space allocated:                10996032 Byte
20220313 004159.194 INFO             PET0 PIOc_freedecomp Exit - MemInfo: [malloc] Space allocated in mmapped regions:          4382720 Byte
20220313 004159.194 INFO             PET0 PIOc_freedecomp Exit - MemInfo: [malloc] Maximum total allocated space:                     0 Byte
20220313 004159.194 INFO             PET0 PIOc_freedecomp Exit - MemInfo: [malloc] Space in freed fastbin blocks:                  1088 Byte
20220313 004159.194 INFO             PET0 PIOc_freedecomp Exit - MemInfo: [malloc] Total allocated space:                       1932304 Byte
20220313 004159.194 INFO             PET0 PIOc_freedecomp Exit - MemInfo: [malloc] Total free space:                            9063728 Byte
20220313 004159.194 INFO             PET0 PIOc_freedecomp Exit - MemInfo: [malloc] Top-most, releasable space:                   126400 Byte
20220313 004159.194 INFO             PET0 PIOc_freedecomp Exit - MemInfo: [malloc] Total space in use, mmap + non-mmap:         6315024 Byte
20220313 004159.194 INFO             PET0 PIOc_freedecomp Exit - MemInfo: [malloc] Total space held (mmap + non-mmap):         15378752 Byte
20220313 004159.194 INFO             PET0 PIOc_freedecomp Exit - MemInfo: [malloc] Total space used (mmap + non-mmap):          6323232 Byte
20220313 004159.194 INFO             PET0 PIOc_freedecomp Exit - MemInfo: Wall-clock time since execution start:                0.14935 seconds
20220313 004159.194 INFO             PET0  PASS  Writing a FieldBundle to a single file with timeslice Test, ESMF_FieldBundleIOUTest.F90, line 370
20220313 004159.197 INFO             PET0 PIOc_sync Enter - MemInfo: [/proc/meminfo - SSI]	MemTotal:       65855856 kB
20220313 004159.197 INFO             PET0 PIOc_sync Enter - MemInfo: [/proc/meminfo - SSI]	MemFree:        61271080 kB
20220313 004159.197 INFO             PET0 PIOc_sync Enter - MemInfo: [/proc/meminfo - SSI]	MemAvailable:   61047180 kB
20220313 004159.197 INFO             PET0 PIOc_sync Enter - MemInfo: [/proc/meminfo - SSI]	Committed_AS:    2819808 kB
20220313 004159.197 INFO             PET0 PIOc_sync Enter - MemInfo: [/proc/meminfo - SSI]	CommittedPercent: 4.28179 %
20220313 004159.197 INFO             PET0 PIOc_sync Enter - MemInfo: [/proc/self/status]	VmPeak:	   85596 kB
20220313 004159.197 INFO             PET0 PIOc_sync Enter - MemInfo: [/proc/self/status]	VmSize:	   85572 kB
20220313 004159.197 INFO             PET0 PIOc_sync Enter - MemInfo: [/proc/self/status]	VmLck:	       0 kB
20220313 004159.197 INFO             PET0 PIOc_sync Enter - MemInfo: [/proc/self/status]	VmPin:	       0 kB
20220313 004159.197 INFO             PET0 PIOc_sync Enter - MemInfo: [/proc/self/status]	VmHWM:	   23848 kB
20220313 004159.197 INFO             PET0 PIOc_sync Enter - MemInfo: [/proc/self/status]	VmRSS:	   23848 kB
20220313 004159.197 INFO             PET0 PIOc_sync Enter - MemInfo: [/proc/self/status]	VmData:	   19272 kB
20220313 004159.197 INFO             PET0 PIOc_sync Enter - MemInfo: [/proc/self/status]	VmStk:	     164 kB
20220313 004159.197 INFO             PET0 PIOc_sync Enter - MemInfo: [/proc/self/status]	VmExe:	   40740 kB
20220313 004159.197 INFO             PET0 PIOc_sync Enter - MemInfo: [/proc/self/status]	VmLib:	    1952 kB
20220313 004159.197 INFO             PET0 PIOc_sync Enter - MemInfo: [/proc/self/status]	VmPTE:	     180 kB
20220313 004159.197 INFO             PET0 PIOc_sync Enter - MemInfo: [/proc/self/status]	VmPMD:	      12 kB
20220313 004159.197 INFO             PET0 PIOc_sync Enter - MemInfo: [/proc/self/status]	VmSwap:	       0 kB
20220313 004159.197 INFO             PET0 PIOc_sync Enter - MemInfo: [/proc/self/status]	VmRSSPercent: 0.0362124 %
20220313 004159.197 INFO             PET0 PIOc_sync Enter - MemInfo: [malloc] Non-mmapped space allocated:                10996032 Byte
20220313 004159.197 INFO             PET0 PIOc_sync Enter - MemInfo: [malloc] Space allocated in mmapped regions:          4382720 Byte
20220313 004159.197 INFO             PET0 PIOc_sync Enter - MemInfo: [malloc] Maximum total allocated space:                     0 Byte
20220313 004159.197 INFO             PET0 PIOc_sync Enter - MemInfo: [malloc] Space in freed fastbin blocks:                   672 Byte
20220313 004159.197 INFO             PET0 PIOc_sync Enter - MemInfo: [malloc] Total allocated space:                      10870176 Byte
20220313 004159.197 INFO             PET0 PIOc_sync Enter - MemInfo: [malloc] Total free space:                             125856 Byte
20220313 004159.197 INFO             PET0 PIOc_sync Enter - MemInfo: [malloc] Top-most, releasable space:                   121952 Byte
20220313 004159.197 INFO             PET0 PIOc_sync Enter - MemInfo: [malloc] Total space in use, mmap + non-mmap:        15252896 Byte
20220313 004159.197 INFO             PET0 PIOc_sync Enter - MemInfo: [malloc] Total space held (mmap + non-mmap):         15378752 Byte
20220313 004159.197 INFO             PET0 PIOc_sync Enter - MemInfo: [malloc] Total space used (mmap + non-mmap):         15261216 Byte
20220313 004159.197 INFO             PET0 PIOc_sync Enter - MemInfo: Wall-clock time since execution start:               0.152275 seconds
20220313 004159.197 INFO             PET0 PIOc_sync Exit - MemInfo: [/proc/meminfo - SSI]	MemTotal:       65855856 kB
20220313 004159.197 INFO             PET0 PIOc_sync Exit - MemInfo: [/proc/meminfo - SSI]	MemFree:        61271080 kB
20220313 004159.197 INFO             PET0 PIOc_sync Exit - MemInfo: [/proc/meminfo - SSI]	MemAvailable:   61047180 kB
20220313 004159.197 INFO             PET0 PIOc_sync Exit - MemInfo: [/proc/meminfo - SSI]	Committed_AS:    2819808 kB
20220313 004159.197 INFO             PET0 PIOc_sync Exit - MemInfo: [/proc/meminfo - SSI]	CommittedPercent: 4.28179 %
20220313 004159.198 INFO             PET0 PIOc_sync Exit - MemInfo: [/proc/self/status]	VmPeak:	   85596 kB
20220313 004159.198 INFO             PET0 PIOc_sync Exit - MemInfo: [/proc/self/status]	VmSize:	   85572 kB
20220313 004159.198 INFO             PET0 PIOc_sync Exit - MemInfo: [/proc/self/status]	VmLck:	       0 kB
20220313 004159.198 INFO             PET0 PIOc_sync Exit - MemInfo: [/proc/self/status]	VmPin:	       0 kB
20220313 004159.198 INFO             PET0 PIOc_sync Exit - MemInfo: [/proc/self/status]	VmHWM:	   23848 kB
20220313 004159.198 INFO             PET0 PIOc_sync Exit - MemInfo: [/proc/self/status]	VmRSS:	   23848 kB
20220313 004159.198 INFO             PET0 PIOc_sync Exit - MemInfo: [/proc/self/status]	VmData:	   19272 kB
20220313 004159.198 INFO             PET0 PIOc_sync Exit - MemInfo: [/proc/self/status]	VmStk:	     164 kB
20220313 004159.198 INFO             PET0 PIOc_sync Exit - MemInfo: [/proc/self/status]	VmExe:	   40740 kB
20220313 004159.198 INFO             PET0 PIOc_sync Exit - MemInfo: [/proc/self/status]	VmLib:	    1952 kB
20220313 004159.198 INFO             PET0 PIOc_sync Exit - MemInfo: [/proc/self/status]	VmPTE:	     180 kB
20220313 004159.198 INFO             PET0 PIOc_sync Exit - MemInfo: [/proc/self/status]	VmPMD:	      12 kB
20220313 004159.198 INFO             PET0 PIOc_sync Exit - MemInfo: [/proc/self/status]	VmSwap:	       0 kB
20220313 004159.198 INFO             PET0 PIOc_sync Exit - MemInfo: [/proc/self/status]	VmRSSPercent: 0.0362124 %
20220313 004159.198 INFO             PET0 PIOc_sync Exit - MemInfo: [malloc] Non-mmapped space allocated:                10996032 Byte
20220313 004159.198 INFO             PET0 PIOc_sync Exit - MemInfo: [malloc] Space allocated in mmapped regions:          4382720 Byte
20220313 004159.198 INFO             PET0 PIOc_sync Exit - MemInfo: [malloc] Maximum total allocated space:                     0 Byte
20220313 004159.198 INFO             PET0 PIOc_sync Exit - MemInfo: [malloc] Space in freed fastbin blocks:                     0 Byte
20220313 004159.198 INFO             PET0 PIOc_sync Exit - MemInfo: [malloc] Total allocated space:                      10873008 Byte
20220313 004159.198 INFO             PET0 PIOc_sync Exit - MemInfo: [malloc] Total free space:                             123024 Byte
20220313 004159.198 INFO             PET0 PIOc_sync Exit - MemInfo: [malloc] Top-most, releasable space:                   121728 Byte
20220313 004159.198 INFO             PET0 PIOc_sync Exit - MemInfo: [malloc] Total space in use, mmap + non-mmap:        15255728 Byte
20220313 004159.198 INFO             PET0 PIOc_sync Exit - MemInfo: [malloc] Total space held (mmap + non-mmap):         15378752 Byte
20220313 004159.198 INFO             PET0 PIOc_sync Exit - MemInfo: [malloc] Total space used (mmap + non-mmap):         15264048 Byte
20220313 004159.198 INFO             PET0 PIOc_sync Exit - MemInfo: Wall-clock time since execution start:               0.152837 seconds
20220313 004159.198 INFO             PET0 PIOc_freedecomp Enter - MemInfo: [/proc/meminfo - SSI]	MemTotal:       65855856 kB
20220313 004159.198 INFO             PET0 PIOc_freedecomp Enter - MemInfo: [/proc/meminfo - SSI]	MemFree:        61271080 kB
20220313 004159.198 INFO             PET0 PIOc_freedecomp Enter - MemInfo: [/proc/meminfo - SSI]	MemAvailable:   61047180 kB
20220313 004159.198 INFO             PET0 PIOc_freedecomp Enter - MemInfo: [/proc/meminfo - SSI]	Committed_AS:    2819808 kB
20220313 004159.198 INFO             PET0 PIOc_freedecomp Enter - MemInfo: [/proc/meminfo - SSI]	CommittedPercent: 4.28179 %
20220313 004159.198 INFO             PET0 PIOc_freedecomp Enter - MemInfo: [/proc/self/status]	VmPeak:	   85596 kB
20220313 004159.198 INFO             PET0 PIOc_freedecomp Enter - MemInfo: [/proc/self/status]	VmSize:	   85572 kB
20220313 004159.198 INFO             PET0 PIOc_freedecomp Enter - MemInfo: [/proc/self/status]	VmLck:	       0 kB
20220313 004159.198 INFO             PET0 PIOc_freedecomp Enter - MemInfo: [/proc/self/status]	VmPin:	       0 kB
20220313 004159.198 INFO             PET0 PIOc_freedecomp Enter - MemInfo: [/proc/self/status]	VmHWM:	   23848 kB
20220313 004159.198 INFO             PET0 PIOc_freedecomp Enter - MemInfo: [/proc/self/status]	VmRSS:	   23848 kB
20220313 004159.198 INFO             PET0 PIOc_freedecomp Enter - MemInfo: [/proc/self/status]	VmData:	   19272 kB
20220313 004159.198 INFO             PET0 PIOc_freedecomp Enter - MemInfo: [/proc/self/status]	VmStk:	     164 kB
20220313 004159.198 INFO             PET0 PIOc_freedecomp Enter - MemInfo: [/proc/self/status]	VmExe:	   40740 kB
20220313 004159.198 INFO             PET0 PIOc_freedecomp Enter - MemInfo: [/proc/self/status]	VmLib:	    1952 kB
20220313 004159.198 INFO             PET0 PIOc_freedecomp Enter - MemInfo: [/proc/self/status]	VmPTE:	     180 kB
20220313 004159.198 INFO             PET0 PIOc_freedecomp Enter - MemInfo: [/proc/self/status]	VmPMD:	      12 kB
20220313 004159.198 INFO             PET0 PIOc_freedecomp Enter - MemInfo: [/proc/self/status]	VmSwap:	       0 kB
20220313 004159.198 INFO             PET0 PIOc_freedecomp Enter - MemInfo: [/proc/self/status]	VmRSSPercent: 0.0362124 %
20220313 004159.198 INFO             PET0 PIOc_freedecomp Enter - MemInfo: [malloc] Non-mmapped space allocated:                10996032 Byte
20220313 004159.198 INFO             PET0 PIOc_freedecomp Enter - MemInfo: [malloc] Space allocated in mmapped regions:          4382720 Byte
20220313 004159.198 INFO             PET0 PIOc_freedecomp Enter - MemInfo: [malloc] Maximum total allocated space:                     0 Byte
20220313 004159.198 INFO             PET0 PIOc_freedecomp Enter - MemInfo: [malloc] Space in freed fastbin blocks:                   288 Byte
20220313 004159.198 INFO             PET0 PIOc_freedecomp Enter - MemInfo: [malloc] Total allocated space:                       1947328 Byte
20220313 004159.198 INFO             PET0 PIOc_freedecomp Enter - MemInfo: [malloc] Total free space:                            9048704 Byte
20220313 004159.198 INFO             PET0 PIOc_freedecomp Enter - MemInfo: [malloc] Top-most, releasable space:                   121504 Byte
20220313 004159.198 INFO             PET0 PIOc_freedecomp Enter - MemInfo: [malloc] Total space in use, mmap + non-mmap:         6330048 Byte
20220313 004159.198 INFO             PET0 PIOc_freedecomp Enter - MemInfo: [malloc] Total space held (mmap + non-mmap):         15378752 Byte
20220313 004159.198 INFO             PET0 PIOc_freedecomp Enter - MemInfo: [malloc] Total space used (mmap + non-mmap):          6338256 Byte
20220313 004159.198 INFO             PET0 PIOc_freedecomp Enter - MemInfo: Wall-clock time since execution start:               0.153519 seconds
20220313 004159.198 INFO             PET0 PIOc_freedecomp Exit - MemInfo: [/proc/meminfo - SSI]	MemTotal:       65855856 kB
20220313 004159.198 INFO             PET0 PIOc_freedecomp Exit - MemInfo: [/proc/meminfo - SSI]	MemFree:        61271080 kB
20220313 004159.198 INFO             PET0 PIOc_freedecomp Exit - MemInfo: [/proc/meminfo - SSI]	MemAvailable:   61047180 kB
20220313 004159.199 INFO             PET0 PIOc_freedecomp Exit - MemInfo: [/proc/meminfo - SSI]	Committed_AS:    2819808 kB
20220313 004159.199 INFO             PET0 PIOc_freedecomp Exit - MemInfo: [/proc/meminfo - SSI]	CommittedPercent: 4.28179 %
20220313 004159.199 INFO             PET0 PIOc_freedecomp Exit - MemInfo: [/proc/self/status]	VmPeak:	   85596 kB
20220313 004159.199 INFO             PET0 PIOc_freedecomp Exit - MemInfo: [/proc/self/status]	VmSize:	   85572 kB
20220313 004159.199 INFO             PET0 PIOc_freedecomp Exit - MemInfo: [/proc/self/status]	VmLck:	       0 kB
20220313 004159.199 INFO             PET0 PIOc_freedecomp Exit - MemInfo: [/proc/self/status]	VmPin:	       0 kB
20220313 004159.199 INFO             PET0 PIOc_freedecomp Exit - MemInfo: [/proc/self/status]	VmHWM:	   23848 kB
20220313 004159.199 INFO             PET0 PIOc_freedecomp Exit - MemInfo: [/proc/self/status]	VmRSS:	   23848 kB
20220313 004159.199 INFO             PET0 PIOc_freedecomp Exit - MemInfo: [/proc/self/status]	VmData:	   19272 kB
20220313 004159.199 INFO             PET0 PIOc_freedecomp Exit - MemInfo: [/proc/self/status]	VmStk:	     164 kB
20220313 004159.199 INFO             PET0 PIOc_freedecomp Exit - MemInfo: [/proc/self/status]	VmExe:	   40740 kB
20220313 004159.199 INFO             PET0 PIOc_freedecomp Exit - MemInfo: [/proc/self/status]	VmLib:	    1952 kB
20220313 004159.199 INFO             PET0 PIOc_freedecomp Exit - MemInfo: [/proc/self/status]	VmPTE:	     180 kB
20220313 004159.199 INFO             PET0 PIOc_freedecomp Exit - MemInfo: [/proc/self/status]	VmPMD:	      12 kB
20220313 004159.199 INFO             PET0 PIOc_freedecomp Exit - MemInfo: [/proc/self/status]	VmSwap:	       0 kB
20220313 004159.199 INFO             PET0 PIOc_freedecomp Exit - MemInfo: [/proc/self/status]	VmRSSPercent: 0.0362124 %
20220313 004159.199 INFO             PET0 PIOc_freedecomp Exit - MemInfo: [malloc] Non-mmapped space allocated:                10996032 Byte
20220313 004159.199 INFO             PET0 PIOc_freedecomp Exit - MemInfo: [malloc] Space allocated in mmapped regions:          4382720 Byte
20220313 004159.199 INFO             PET0 PIOc_freedecomp Exit - MemInfo: [malloc] Maximum total allocated space:                     0 Byte
20220313 004159.199 INFO             PET0 PIOc_freedecomp Exit - MemInfo: [malloc] Space in freed fastbin blocks:                   112 Byte
20220313 004159.199 INFO             PET0 PIOc_freedecomp Exit - MemInfo: [malloc] Total allocated space:                       1944240 Byte
20220313 004159.199 INFO             PET0 PIOc_freedecomp Exit - MemInfo: [malloc] Total free space:                            9051792 Byte
20220313 004159.199 INFO             PET0 PIOc_freedecomp Exit - MemInfo: [malloc] Top-most, releasable space:                   123568 Byte
20220313 004159.199 INFO             PET0 PIOc_freedecomp Exit - MemInfo: [malloc] Total space in use, mmap + non-mmap:         6326960 Byte
20220313 004159.199 INFO             PET0 PIOc_freedecomp Exit - MemInfo: [malloc] Total space held (mmap + non-mmap):         15378752 Byte
20220313 004159.199 INFO             PET0 PIOc_freedecomp Exit - MemInfo: [malloc] Total space used (mmap + non-mmap):          6335168 Byte
20220313 004159.199 INFO             PET0 PIOc_freedecomp Exit - MemInfo: Wall-clock time since execution start:                0.15396 seconds
20220313 004159.199 INFO             PET0 PIOc_freedecomp Enter - MemInfo: [/proc/meminfo - SSI]	MemTotal:       65855856 kB
20220313 004159.199 INFO             PET0 PIOc_freedecomp Enter - MemInfo: [/proc/meminfo - SSI]	MemFree:        61271080 kB
20220313 004159.199 INFO             PET0 PIOc_freedecomp Enter - MemInfo: [/proc/meminfo - SSI]	MemAvailable:   61047180 kB
20220313 004159.199 INFO             PET0 PIOc_freedecomp Enter - MemInfo: [/proc/meminfo - SSI]	Committed_AS:    2819808 kB
20220313 004159.199 INFO             PET0 PIOc_freedecomp Enter - MemInfo: [/proc/meminfo - SSI]	CommittedPercent: 4.28179 %
20220313 004159.199 INFO             PET0 PIOc_freedecomp Enter - MemInfo: [/proc/self/status]	VmPeak:	   85596 kB
20220313 004159.199 INFO             PET0 PIOc_freedecomp Enter - MemInfo: [/proc/self/status]	VmSize:	   85572 kB
20220313 004159.199 INFO             PET0 PIOc_freedecomp Enter - MemInfo: [/proc/self/status]	VmLck:	       0 kB
20220313 004159.199 INFO             PET0 PIOc_freedecomp Enter - MemInfo: [/proc/self/status]	VmPin:	       0 kB
20220313 004159.199 INFO             PET0 PIOc_freedecomp Enter - MemInfo: [/proc/self/status]	VmHWM:	   23848 kB
20220313 004159.199 INFO             PET0 PIOc_freedecomp Enter - MemInfo: [/proc/self/status]	VmRSS:	   23848 kB
20220313 004159.199 INFO             PET0 PIOc_freedecomp Enter - MemInfo: [/proc/self/status]	VmData:	   19272 kB
20220313 004159.199 INFO             PET0 PIOc_freedecomp Enter - MemInfo: [/proc/self/status]	VmStk:	     164 kB
20220313 004159.199 INFO             PET0 PIOc_freedecomp Enter - MemInfo: [/proc/self/status]	VmExe:	   40740 kB
20220313 004159.199 INFO             PET0 PIOc_freedecomp Enter - MemInfo: [/proc/self/status]	VmLib:	    1952 kB
20220313 004159.199 INFO             PET0 PIOc_freedecomp Enter - MemInfo: [/proc/self/status]	VmPTE:	     180 kB
20220313 004159.199 INFO             PET0 PIOc_freedecomp Enter - MemInfo: [/proc/self/status]	VmPMD:	      12 kB
20220313 004159.199 INFO             PET0 PIOc_freedecomp Enter - MemInfo: [/proc/self/status]	VmSwap:	       0 kB
20220313 004159.199 INFO             PET0 PIOc_freedecomp Enter - MemInfo: [/proc/self/status]	VmRSSPercent: 0.0362124 %
20220313 004159.199 INFO             PET0 PIOc_freedecomp Enter - MemInfo: [malloc] Non-mmapped space allocated:                10996032 Byte
20220313 004159.199 INFO             PET0 PIOc_freedecomp Enter - MemInfo: [malloc] Space allocated in mmapped regions:          4382720 Byte
20220313 004159.199 INFO             PET0 PIOc_freedecomp Enter - MemInfo: [malloc] Maximum total allocated space:                     0 Byte
20220313 004159.199 INFO             PET0 PIOc_freedecomp Enter - MemInfo: [malloc] Space in freed fastbin blocks:                   128 Byte
20220313 004159.199 INFO             PET0 PIOc_freedecomp Enter - MemInfo: [malloc] Total allocated space:                       1944112 Byte
20220313 004159.199 INFO             PET0 PIOc_freedecomp Enter - MemInfo: [malloc] Total free space:                            9051920 Byte
20220313 004159.199 INFO             PET0 PIOc_freedecomp Enter - MemInfo: [malloc] Top-most, releasable space:                   123568 Byte
20220313 004159.199 INFO             PET0 PIOc_freedecomp Enter - MemInfo: [malloc] Total space in use, mmap + non-mmap:         6326832 Byte
20220313 004159.199 INFO             PET0 PIOc_freedecomp Enter - MemInfo: [malloc] Total space held (mmap + non-mmap):         15378752 Byte
20220313 004159.199 INFO             PET0 PIOc_freedecomp Enter - MemInfo: [malloc] Total space used (mmap + non-mmap):          6335040 Byte
20220313 004159.199 INFO             PET0 PIOc_freedecomp Enter - MemInfo: Wall-clock time since execution start:               0.154337 seconds
20220313 004159.199 INFO             PET0 PIOc_freedecomp Exit - MemInfo: [/proc/meminfo - SSI]	MemTotal:       65855856 kB
20220313 004159.199 INFO             PET0 PIOc_freedecomp Exit - MemInfo: [/proc/meminfo - SSI]	MemFree:        61271080 kB
20220313 004159.199 INFO             PET0 PIOc_freedecomp Exit - MemInfo: [/proc/meminfo - SSI]	MemAvailable:   61047180 kB
20220313 004159.199 INFO             PET0 PIOc_freedecomp Exit - MemInfo: [/proc/meminfo - SSI]	Committed_AS:    2819808 kB
20220313 004159.199 INFO             PET0 PIOc_freedecomp Exit - MemInfo: [/proc/meminfo - SSI]	CommittedPercent: 4.28179 %
20220313 004159.199 INFO             PET0 PIOc_freedecomp Exit - MemInfo: [/proc/self/status]	VmPeak:	   85596 kB
20220313 004159.199 INFO             PET0 PIOc_freedecomp Exit - MemInfo: [/proc/self/status]	VmSize:	   85572 kB
20220313 004159.199 INFO             PET0 PIOc_freedecomp Exit - MemInfo: [/proc/self/status]	VmLck:	       0 kB
20220313 004159.199 INFO             PET0 PIOc_freedecomp Exit - MemInfo: [/proc/self/status]	VmPin:	       0 kB
20220313 004159.199 INFO             PET0 PIOc_freedecomp Exit - MemInfo: [/proc/self/status]	VmHWM:	   23848 kB
20220313 004159.199 INFO             PET0 PIOc_freedecomp Exit - MemInfo: [/proc/self/status]	VmRSS:	   23848 kB
20220313 004159.199 INFO             PET0 PIOc_freedecomp Exit - MemInfo: [/proc/self/status]	VmData:	   19272 kB
20220313 004159.199 INFO             PET0 PIOc_freedecomp Exit - MemInfo: [/proc/self/status]	VmStk:	     164 kB
20220313 004159.199 INFO             PET0 PIOc_freedecomp Exit - MemInfo: [/proc/self/status]	VmExe:	   40740 kB
20220313 004159.199 INFO             PET0 PIOc_freedecomp Exit - MemInfo: [/proc/self/status]	VmLib:	    1952 kB
20220313 004159.199 INFO             PET0 PIOc_freedecomp Exit - MemInfo: [/proc/self/status]	VmPTE:	     180 kB
20220313 004159.199 INFO             PET0 PIOc_freedecomp Exit - MemInfo: [/proc/self/status]	VmPMD:	      12 kB
20220313 004159.199 INFO             PET0 PIOc_freedecomp Exit - MemInfo: [/proc/self/status]	VmSwap:	       0 kB
20220313 004159.200 INFO             PET0 PIOc_freedecomp Exit - MemInfo: [/proc/self/status]	VmRSSPercent: 0.0362124 %
20220313 004159.200 INFO             PET0 PIOc_freedecomp Exit - MemInfo: [malloc] Non-mmapped space allocated:                10996032 Byte
20220313 004159.200 INFO             PET0 PIOc_freedecomp Exit - MemInfo: [malloc] Space allocated in mmapped regions:          4382720 Byte
20220313 004159.200 INFO             PET0 PIOc_freedecomp Exit - MemInfo: [malloc] Maximum total allocated space:                     0 Byte
20220313 004159.200 INFO             PET0 PIOc_freedecomp Exit - MemInfo: [malloc] Space in freed fastbin blocks:                   112 Byte
20220313 004159.200 INFO             PET0 PIOc_freedecomp Exit - MemInfo: [malloc] Total allocated space:                       1941680 Byte
20220313 004159.200 INFO             PET0 PIOc_freedecomp Exit - MemInfo: [malloc] Total free space:                            9054352 Byte
20220313 004159.200 INFO             PET0 PIOc_freedecomp Exit - MemInfo: [malloc] Top-most, releasable space:                   125184 Byte
20220313 004159.200 INFO             PET0 PIOc_freedecomp Exit - MemInfo: [malloc] Total space in use, mmap + non-mmap:         6324400 Byte
20220313 004159.200 INFO             PET0 PIOc_freedecomp Exit - MemInfo: [malloc] Total space held (mmap + non-mmap):         15378752 Byte
20220313 004159.200 INFO             PET0 PIOc_freedecomp Exit - MemInfo: [malloc] Total space used (mmap + non-mmap):          6332608 Byte
20220313 004159.200 INFO             PET0 PIOc_freedecomp Exit - MemInfo: Wall-clock time since execution start:               0.154721 seconds
20220313 004159.200 INFO             PET0 PIOc_freedecomp Enter - MemInfo: [/proc/meminfo - SSI]	MemTotal:       65855856 kB
20220313 004159.200 INFO             PET0 PIOc_freedecomp Enter - MemInfo: [/proc/meminfo - SSI]	MemFree:        61271080 kB
20220313 004159.200 INFO             PET0 PIOc_freedecomp Enter - MemInfo: [/proc/meminfo - SSI]	MemAvailable:   61047180 kB
20220313 004159.200 INFO             PET0 PIOc_freedecomp Enter - MemInfo: [/proc/meminfo - SSI]	Committed_AS:    2819808 kB
20220313 004159.200 INFO             PET0 PIOc_freedecomp Enter - MemInfo: [/proc/meminfo - SSI]	CommittedPercent: 4.28179 %
20220313 004159.200 INFO             PET0 PIOc_freedecomp Enter - MemInfo: [/proc/self/status]	VmPeak:	   85596 kB
20220313 004159.200 INFO             PET0 PIOc_freedecomp Enter - MemInfo: [/proc/self/status]	VmSize:	   85572 kB
20220313 004159.200 INFO             PET0 PIOc_freedecomp Enter - MemInfo: [/proc/self/status]	VmLck:	       0 kB
20220313 004159.200 INFO             PET0 PIOc_freedecomp Enter - MemInfo: [/proc/self/status]	VmPin:	       0 kB
20220313 004159.200 INFO             PET0 PIOc_freedecomp Enter - MemInfo: [/proc/self/status]	VmHWM:	   23848 kB
20220313 004159.200 INFO             PET0 PIOc_freedecomp Enter - MemInfo: [/proc/self/status]	VmRSS:	   23848 kB
20220313 004159.200 INFO             PET0 PIOc_freedecomp Enter - MemInfo: [/proc/self/status]	VmData:	   19272 kB
20220313 004159.200 INFO             PET0 PIOc_freedecomp Enter - MemInfo: [/proc/self/status]	VmStk:	     164 kB
20220313 004159.200 INFO             PET0 PIOc_freedecomp Enter - MemInfo: [/proc/self/status]	VmExe:	   40740 kB
20220313 004159.200 INFO             PET0 PIOc_freedecomp Enter - MemInfo: [/proc/self/status]	VmLib:	    1952 kB
20220313 004159.200 INFO             PET0 PIOc_freedecomp Enter - MemInfo: [/proc/self/status]	VmPTE:	     180 kB
20220313 004159.200 INFO             PET0 PIOc_freedecomp Enter - MemInfo: [/proc/self/status]	VmPMD:	      12 kB
20220313 004159.200 INFO             PET0 PIOc_freedecomp Enter - MemInfo: [/proc/self/status]	VmSwap:	       0 kB
20220313 004159.200 INFO             PET0 PIOc_freedecomp Enter - MemInfo: [/proc/self/status]	VmRSSPercent: 0.0362124 %
20220313 004159.200 INFO             PET0 PIOc_freedecomp Enter - MemInfo: [malloc] Non-mmapped space allocated:                10996032 Byte
20220313 004159.200 INFO             PET0 PIOc_freedecomp Enter - MemInfo: [malloc] Space allocated in mmapped regions:          4382720 Byte
20220313 004159.200 INFO             PET0 PIOc_freedecomp Enter - MemInfo: [malloc] Maximum total allocated space:                     0 Byte
20220313 004159.200 INFO             PET0 PIOc_freedecomp Enter - MemInfo: [malloc] Space in freed fastbin blocks:                   128 Byte
20220313 004159.200 INFO             PET0 PIOc_freedecomp Enter - MemInfo: [malloc] Total allocated space:                       1941552 Byte
20220313 004159.200 INFO             PET0 PIOc_freedecomp Enter - MemInfo: [malloc] Total free space:                            9054480 Byte
20220313 004159.200 INFO             PET0 PIOc_freedecomp Enter - MemInfo: [malloc] Top-most, releasable space:                   125184 Byte
20220313 004159.200 INFO             PET0 PIOc_freedecomp Enter - MemInfo: [malloc] Total space in use, mmap + non-mmap:         6324272 Byte
20220313 004159.200 INFO             PET0 PIOc_freedecomp Enter - MemInfo: [malloc] Total space held (mmap + non-mmap):         15378752 Byte
20220313 004159.200 INFO             PET0 PIOc_freedecomp Enter - MemInfo: [malloc] Total space used (mmap + non-mmap):          6332480 Byte
20220313 004159.200 INFO             PET0 PIOc_freedecomp Enter - MemInfo: Wall-clock time since execution start:               0.155096 seconds
20220313 004159.200 INFO             PET0 PIOc_freedecomp Exit - MemInfo: [/proc/meminfo - SSI]	MemTotal:       65855856 kB
20220313 004159.200 INFO             PET0 PIOc_freedecomp Exit - MemInfo: [/proc/meminfo - SSI]	MemFree:        61271080 kB
20220313 004159.200 INFO             PET0 PIOc_freedecomp Exit - MemInfo: [/proc/meminfo - SSI]	MemAvailable:   61047180 kB
20220313 004159.200 INFO             PET0 PIOc_freedecomp Exit - MemInfo: [/proc/meminfo - SSI]	Committed_AS:    2819808 kB
20220313 004159.200 INFO             PET0 PIOc_freedecomp Exit - MemInfo: [/proc/meminfo - SSI]	CommittedPercent: 4.28179 %
20220313 004159.200 INFO             PET0 PIOc_freedecomp Exit - MemInfo: [/proc/self/status]	VmPeak:	   85596 kB
20220313 004159.200 INFO             PET0 PIOc_freedecomp Exit - MemInfo: [/proc/self/status]	VmSize:	   85572 kB
20220313 004159.200 INFO             PET0 PIOc_freedecomp Exit - MemInfo: [/proc/self/status]	VmLck:	       0 kB
20220313 004159.200 INFO             PET0 PIOc_freedecomp Exit - MemInfo: [/proc/self/status]	VmPin:	       0 kB
20220313 004159.200 INFO             PET0 PIOc_freedecomp Exit - MemInfo: [/proc/self/status]	VmHWM:	   23848 kB
20220313 004159.200 INFO             PET0 PIOc_freedecomp Exit - MemInfo: [/proc/self/status]	VmRSS:	   23848 kB
20220313 004159.200 INFO             PET0 PIOc_freedecomp Exit - MemInfo: [/proc/self/status]	VmData:	   19272 kB
20220313 004159.200 INFO             PET0 PIOc_freedecomp Exit - MemInfo: [/proc/self/status]	VmStk:	     164 kB
20220313 004159.200 INFO             PET0 PIOc_freedecomp Exit - MemInfo: [/proc/self/status]	VmExe:	   40740 kB
20220313 004159.200 INFO             PET0 PIOc_freedecomp Exit - MemInfo: [/proc/self/status]	VmLib:	    1952 kB
20220313 004159.200 INFO             PET0 PIOc_freedecomp Exit - MemInfo: [/proc/self/status]	VmPTE:	     180 kB
20220313 004159.200 INFO             PET0 PIOc_freedecomp Exit - MemInfo: [/proc/self/status]	VmPMD:	      12 kB
20220313 004159.200 INFO             PET0 PIOc_freedecomp Exit - MemInfo: [/proc/self/status]	VmSwap:	       0 kB
20220313 004159.200 INFO             PET0 PIOc_freedecomp Exit - MemInfo: [/proc/self/status]	VmRSSPercent: 0.0362124 %
20220313 004159.200 INFO             PET0 PIOc_freedecomp Exit - MemInfo: [malloc] Non-mmapped space allocated:                10996032 Byte
20220313 004159.200 INFO             PET0 PIOc_freedecomp Exit - MemInfo: [malloc] Space allocated in mmapped regions:          4382720 Byte
20220313 004159.200 INFO             PET0 PIOc_freedecomp Exit - MemInfo: [malloc] Maximum total allocated space:                     0 Byte
20220313 004159.200 INFO             PET0 PIOc_freedecomp Exit - MemInfo: [malloc] Space in freed fastbin blocks:                   944 Byte
20220313 004159.200 INFO             PET0 PIOc_freedecomp Exit - MemInfo: [malloc] Total allocated space:                       1937616 Byte
20220313 004159.200 INFO             PET0 PIOc_freedecomp Exit - MemInfo: [malloc] Total free space:                            9058416 Byte
20220313 004159.200 INFO             PET0 PIOc_freedecomp Exit - MemInfo: [malloc] Top-most, releasable space:                   125184 Byte
20220313 004159.200 INFO             PET0 PIOc_freedecomp Exit - MemInfo: [malloc] Total space in use, mmap + non-mmap:         6320336 Byte
20220313 004159.200 INFO             PET0 PIOc_freedecomp Exit - MemInfo: [malloc] Total space held (mmap + non-mmap):         15378752 Byte
20220313 004159.200 INFO             PET0 PIOc_freedecomp Exit - MemInfo: [malloc] Total space used (mmap + non-mmap):          6328544 Byte
20220313 004159.200 INFO             PET0 PIOc_freedecomp Exit - MemInfo: Wall-clock time since execution start:               0.155469 seconds
20220313 004159.200 INFO             PET0  PASS  Writing a FieldBundle to a single file with timeslice Test, ESMF_FieldBundleIOUTest.F90, line 388
20220313 004159.200 INFO             PET0  PASS  Create attribute package on FieldBundle multi Test, ESMF_FieldBundleIOUTest.F90, line 404
20220313 004159.201 INFO             PET0  PASS  Set attribute values on FieldBundle multi Test, ESMF_FieldBundleIOUTest.F90, line 417
20220313 004159.203 INFO             PET0 PIOc_sync Enter - MemInfo: [/proc/meminfo - SSI]	MemTotal:       65855856 kB
20220313 004159.203 INFO             PET0 PIOc_sync Enter - MemInfo: [/proc/meminfo - SSI]	MemFree:        61271080 kB
20220313 004159.203 INFO             PET0 PIOc_sync Enter - MemInfo: [/proc/meminfo - SSI]	MemAvailable:   61047180 kB
20220313 004159.203 INFO             PET0 PIOc_sync Enter - MemInfo: [/proc/meminfo - SSI]	Committed_AS:    2819808 kB
20220313 004159.203 INFO             PET0 PIOc_sync Enter - MemInfo: [/proc/meminfo - SSI]	CommittedPercent: 4.28179 %
20220313 004159.203 INFO             PET0 PIOc_sync Enter - MemInfo: [/proc/self/status]	VmPeak:	   85596 kB
20220313 004159.203 INFO             PET0 PIOc_sync Enter - MemInfo: [/proc/self/status]	VmSize:	   85560 kB
20220313 004159.203 INFO             PET0 PIOc_sync Enter - MemInfo: [/proc/self/status]	VmLck:	       0 kB
20220313 004159.203 INFO             PET0 PIOc_sync Enter - MemInfo: [/proc/self/status]	VmPin:	       0 kB
20220313 004159.203 INFO             PET0 PIOc_sync Enter - MemInfo: [/proc/self/status]	VmHWM:	   24100 kB
20220313 004159.203 INFO             PET0 PIOc_sync Enter - MemInfo: [/proc/self/status]	VmRSS:	   24100 kB
20220313 004159.203 INFO             PET0 PIOc_sync Enter - MemInfo: [/proc/self/status]	VmData:	   19272 kB
20220313 004159.203 INFO             PET0 PIOc_sync Enter - MemInfo: [/proc/self/status]	VmStk:	     164 kB
20220313 004159.203 INFO             PET0 PIOc_sync Enter - MemInfo: [/proc/self/status]	VmExe:	   40740 kB
20220313 004159.203 INFO             PET0 PIOc_sync Enter - MemInfo: [/proc/self/status]	VmLib:	    1952 kB
20220313 004159.203 INFO             PET0 PIOc_sync Enter - MemInfo: [/proc/self/status]	VmPTE:	     180 kB
20220313 004159.203 INFO             PET0 PIOc_sync Enter - MemInfo: [/proc/self/status]	VmPMD:	      12 kB
20220313 004159.203 INFO             PET0 PIOc_sync Enter - MemInfo: [/proc/self/status]	VmSwap:	       0 kB
20220313 004159.203 INFO             PET0 PIOc_sync Enter - MemInfo: [/proc/self/status]	VmRSSPercent: 0.0365951 %
20220313 004159.203 INFO             PET0 PIOc_sync Enter - MemInfo: [malloc] Non-mmapped space allocated:                10996032 Byte
20220313 004159.203 INFO             PET0 PIOc_sync Enter - MemInfo: [malloc] Space allocated in mmapped regions:          4382720 Byte
20220313 004159.203 INFO             PET0 PIOc_sync Enter - MemInfo: [malloc] Maximum total allocated space:                     0 Byte
20220313 004159.203 INFO             PET0 PIOc_sync Enter - MemInfo: [malloc] Space in freed fastbin blocks:                    32 Byte
20220313 004159.203 INFO             PET0 PIOc_sync Enter - MemInfo: [malloc] Total allocated space:                      10866128 Byte
20220313 004159.203 INFO             PET0 PIOc_sync Enter - MemInfo: [malloc] Total free space:                             129904 Byte
20220313 004159.203 INFO             PET0 PIOc_sync Enter - MemInfo: [malloc] Top-most, releasable space:                   119936 Byte
20220313 004159.203 INFO             PET0 PIOc_sync Enter - MemInfo: [malloc] Total space in use, mmap + non-mmap:        15248848 Byte
20220313 004159.203 INFO             PET0 PIOc_sync Enter - MemInfo: [malloc] Total space held (mmap + non-mmap):         15378752 Byte
20220313 004159.203 INFO             PET0 PIOc_sync Enter - MemInfo: [malloc] Total space used (mmap + non-mmap):         15257280 Byte
20220313 004159.203 INFO             PET0 PIOc_sync Enter - MemInfo: Wall-clock time since execution start:               0.158115 seconds
20220313 004159.203 INFO             PET0 PIOc_sync Exit - MemInfo: [/proc/meminfo - SSI]	MemTotal:       65855856 kB
20220313 004159.203 INFO             PET0 PIOc_sync Exit - MemInfo: [/proc/meminfo - SSI]	MemFree:        61271080 kB
20220313 004159.203 INFO             PET0 PIOc_sync Exit - MemInfo: [/proc/meminfo - SSI]	MemAvailable:   61047180 kB
20220313 004159.203 INFO             PET0 PIOc_sync Exit - MemInfo: [/proc/meminfo - SSI]	Committed_AS:    2819808 kB
20220313 004159.203 INFO             PET0 PIOc_sync Exit - MemInfo: [/proc/meminfo - SSI]	CommittedPercent: 4.28179 %
20220313 004159.203 INFO             PET0 PIOc_sync Exit - MemInfo: [/proc/self/status]	VmPeak:	   85596 kB
20220313 004159.203 INFO             PET0 PIOc_sync Exit - MemInfo: [/proc/self/status]	VmSize:	   85560 kB
20220313 004159.203 INFO             PET0 PIOc_sync Exit - MemInfo: [/proc/self/status]	VmLck:	       0 kB
20220313 004159.203 INFO             PET0 PIOc_sync Exit - MemInfo: [/proc/self/status]	VmPin:	       0 kB
20220313 004159.203 INFO             PET0 PIOc_sync Exit - MemInfo: [/proc/self/status]	VmHWM:	   24100 kB
20220313 004159.203 INFO             PET0 PIOc_sync Exit - MemInfo: [/proc/self/status]	VmRSS:	   24100 kB
20220313 004159.203 INFO             PET0 PIOc_sync Exit - MemInfo: [/proc/self/status]	VmData:	   19272 kB
20220313 004159.203 INFO             PET0 PIOc_sync Exit - MemInfo: [/proc/self/status]	VmStk:	     164 kB
20220313 004159.203 INFO             PET0 PIOc_sync Exit - MemInfo: [/proc/self/status]	VmExe:	   40740 kB
