build time -- 2022-03-14 00:47:24
20220314 014309.892 INFO             PET0 !!!!!!!!!!!!!!!!!!!!!!!!!!!!!!!!!!!!!!!!!!!!!!!!!!!!!!
20220314 014309.915 INFO             PET0 !!! THE ESMF_LOG IS SET TO OUTPUT ALL LOG MESSAGES !!!
20220314 014309.915 INFO             PET0 !!!     THIS MAY CAUSE SLOWDOWN IN PERFORMANCE     !!!
20220314 014309.915 INFO             PET0 !!! FOR PRODUCTION RUNS, USE:                      !!!
20220314 014309.915 INFO             PET0 !!!                   ESMF_LOGKIND_Multi_On_Error  !!!
20220314 014309.915 INFO             PET0 !!!!!!!!!!!!!!!!!!!!!!!!!!!!!!!!!!!!!!!!!!!!!!!!!!!!!!
20220314 014309.915 INFO             PET0 Running with ESMF Version   : v8.3.0b09-96-g559b459836
20220314 014309.916 INFO             PET0 ESMF library build date/time: "Mar 14 2022" "00:45:31"
20220314 014309.916 INFO             PET0 ESMF library build location : /lustre/f2/dev/ncep/Mark.Potts/gfortran_8.3.0_mpi_g_jedwards_pio_update2
20220314 014309.916 INFO             PET0 ESMF_COMM                   : mpi
20220314 014309.917 INFO             PET0 ESMF_MOAB                   : enabled
20220314 014309.917 INFO             PET0 ESMF_LAPACK                 : enabled
20220314 014309.917 INFO             PET0 ESMF_NETCDF                 : enabled
20220314 014309.917 INFO             PET0 ESMF_PNETCDF                : disabled
20220314 014309.917 INFO             PET0 ESMF_PIO                    : enabled
20220314 014309.917 INFO             PET0 ESMF_YAMLCPP                : enabled
20220314 014309.932 INFO             PET0  Beginning Test, file ESMF_FieldSMMFromFileUTest.F90, line 287
20220314 014309.932 INFO             PET0  NUMBER_OF_PROCESSORS           4
20220314 014310.492 INFO             PET0  PASS  ESMF_FieldSMMFromFile Unit Test, ESMF_FieldSMMFromFileUTest.F90, line 300
20220314 014310.575 INFO             PET0 PIOc_sync Enter - MemInfo: [/proc/meminfo - SSI]	MemTotal:       65855856 kB
20220314 014310.575 INFO             PET0 PIOc_sync Enter - MemInfo: [/proc/meminfo - SSI]	MemFree:        61106092 kB
20220314 014310.575 INFO             PET0 PIOc_sync Enter - MemInfo: [/proc/meminfo - SSI]	MemAvailable:   60888064 kB
20220314 014310.575 INFO             PET0 PIOc_sync Enter - MemInfo: [/proc/meminfo - SSI]	Committed_AS:    2994780 kB
20220314 014310.575 INFO             PET0 PIOc_sync Enter - MemInfo: [/proc/meminfo - SSI]	CommittedPercent: 4.54748 %
20220314 014310.575 INFO             PET0 PIOc_sync Enter - MemInfo: [/proc/self/status]	VmPeak:	  179516 kB
20220314 014310.575 INFO             PET0 PIOc_sync Enter - MemInfo: [/proc/self/status]	VmSize:	  179492 kB
20220314 014310.575 INFO             PET0 PIOc_sync Enter - MemInfo: [/proc/self/status]	VmLck:	       0 kB
20220314 014310.575 INFO             PET0 PIOc_sync Enter - MemInfo: [/proc/self/status]	VmPin:	       0 kB
20220314 014310.575 INFO             PET0 PIOc_sync Enter - MemInfo: [/proc/self/status]	VmHWM:	   46232 kB
20220314 014310.575 INFO             PET0 PIOc_sync Enter - MemInfo: [/proc/self/status]	VmRSS:	   46232 kB
20220314 014310.575 INFO             PET0 PIOc_sync Enter - MemInfo: [/proc/self/status]	VmData:	   57720 kB
20220314 014310.575 INFO             PET0 PIOc_sync Enter - MemInfo: [/proc/self/status]	VmStk:	     164 kB
20220314 014310.575 INFO             PET0 PIOc_sync Enter - MemInfo: [/proc/self/status]	VmExe:	   40928 kB
20220314 014310.575 INFO             PET0 PIOc_sync Enter - MemInfo: [/proc/self/status]	VmLib:	    1952 kB
20220314 014310.575 INFO             PET0 PIOc_sync Enter - MemInfo: [/proc/self/status]	VmPTE:	     276 kB
20220314 014310.575 INFO             PET0 PIOc_sync Enter - MemInfo: [/proc/self/status]	VmPMD:	      12 kB
20220314 014310.575 INFO             PET0 PIOc_sync Enter - MemInfo: [/proc/self/status]	VmSwap:	       0 kB
20220314 014310.575 INFO             PET0 PIOc_sync Enter - MemInfo: [/proc/self/status]	VmRSSPercent: 0.0702018 %
20220314 014310.575 INFO             PET0 PIOc_sync Enter - MemInfo: [malloc] Non-mmapped space allocated:                51861824 Byte
20220314 014310.575 INFO             PET0 PIOc_sync Enter - MemInfo: [malloc] Space allocated in mmapped regions:          2887680 Byte
20220314 014310.575 INFO             PET0 PIOc_sync Enter - MemInfo: [malloc] Maximum total allocated space:                     0 Byte
20220314 014310.575 INFO             PET0 PIOc_sync Enter - MemInfo: [malloc] Space in freed fastbin blocks:                    96 Byte
20220314 014310.575 INFO             PET0 PIOc_sync Enter - MemInfo: [malloc] Total allocated space:                      37146640 Byte
20220314 014310.575 INFO             PET0 PIOc_sync Enter - MemInfo: [malloc] Total free space:                           14715184 Byte
20220314 014310.575 INFO             PET0 PIOc_sync Enter - MemInfo: [malloc] Top-most, releasable space:                  8523600 Byte
20220314 014310.575 INFO             PET0 PIOc_sync Enter - MemInfo: [malloc] Total space in use, mmap + non-mmap:        40034320 Byte
20220314 014310.575 INFO             PET0 PIOc_sync Enter - MemInfo: [malloc] Total space held (mmap + non-mmap):         54749504 Byte
20220314 014310.575 INFO             PET0 PIOc_sync Enter - MemInfo: [malloc] Total space used (mmap + non-mmap):         40044512 Byte
20220314 014310.575 INFO             PET0 PIOc_sync Enter - MemInfo: Wall-clock time since execution start:               0.693367 seconds
20220314 014310.576 INFO             PET0 PIOc_sync Exit - MemInfo: [/proc/meminfo - SSI]	MemTotal:       65855856 kB
20220314 014310.576 INFO             PET0 PIOc_sync Exit - MemInfo: [/proc/meminfo - SSI]	MemFree:        61106092 kB
20220314 014310.576 INFO             PET0 PIOc_sync Exit - MemInfo: [/proc/meminfo - SSI]	MemAvailable:   60888064 kB
20220314 014310.576 INFO             PET0 PIOc_sync Exit - MemInfo: [/proc/meminfo - SSI]	Committed_AS:    2994780 kB
20220314 014310.576 INFO             PET0 PIOc_sync Exit - MemInfo: [/proc/meminfo - SSI]	CommittedPercent: 4.54748 %
20220314 014310.576 INFO             PET0 PIOc_sync Exit - MemInfo: [/proc/self/status]	VmPeak:	  179516 kB
20220314 014310.576 INFO             PET0 PIOc_sync Exit - MemInfo: [/proc/self/status]	VmSize:	  179492 kB
20220314 014310.576 INFO             PET0 PIOc_sync Exit - MemInfo: [/proc/self/status]	VmLck:	       0 kB
20220314 014310.576 INFO             PET0 PIOc_sync Exit - MemInfo: [/proc/self/status]	VmPin:	       0 kB
20220314 014310.576 INFO             PET0 PIOc_sync Exit - MemInfo: [/proc/self/status]	VmHWM:	   46232 kB
20220314 014310.576 INFO             PET0 PIOc_sync Exit - MemInfo: [/proc/self/status]	VmRSS:	   46232 kB
20220314 014310.576 INFO             PET0 PIOc_sync Exit - MemInfo: [/proc/self/status]	VmData:	   57720 kB
20220314 014310.576 INFO             PET0 PIOc_sync Exit - MemInfo: [/proc/self/status]	VmStk:	     164 kB
20220314 014310.576 INFO             PET0 PIOc_sync Exit - MemInfo: [/proc/self/status]	VmExe:	   40928 kB
20220314 014310.576 INFO             PET0 PIOc_sync Exit - MemInfo: [/proc/self/status]	VmLib:	    1952 kB
20220314 014310.576 INFO             PET0 PIOc_sync Exit - MemInfo: [/proc/self/status]	VmPTE:	     276 kB
20220314 014310.576 INFO             PET0 PIOc_sync Exit - MemInfo: [/proc/self/status]	VmPMD:	      12 kB
20220314 014310.576 INFO             PET0 PIOc_sync Exit - MemInfo: [/proc/self/status]	VmSwap:	       0 kB
20220314 014310.576 INFO             PET0 PIOc_sync Exit - MemInfo: [/proc/self/status]	VmRSSPercent: 0.0702018 %
20220314 014310.576 INFO             PET0 PIOc_sync Exit - MemInfo: [malloc] Non-mmapped space allocated:                51861824 Byte
20220314 014310.576 INFO             PET0 PIOc_sync Exit - MemInfo: [malloc] Space allocated in mmapped regions:          2887680 Byte
20220314 014310.576 INFO             PET0 PIOc_sync Exit - MemInfo: [malloc] Maximum total allocated space:                     0 Byte
20220314 014310.576 INFO             PET0 PIOc_sync Exit - MemInfo: [malloc] Space in freed fastbin blocks:                   128 Byte
20220314 014310.576 INFO             PET0 PIOc_sync Exit - MemInfo: [malloc] Total allocated space:                      37543216 Byte
20220314 014310.576 INFO             PET0 PIOc_sync Exit - MemInfo: [malloc] Total free space:                           14318608 Byte
20220314 014310.576 INFO             PET0 PIOc_sync Exit - MemInfo: [malloc] Top-most, releasable space:                  8523600 Byte
20220314 014310.576 INFO             PET0 PIOc_sync Exit - MemInfo: [malloc] Total space in use, mmap + non-mmap:        40430896 Byte
20220314 014310.576 INFO             PET0 PIOc_sync Exit - MemInfo: [malloc] Total space held (mmap + non-mmap):         54749504 Byte
20220314 014310.576 INFO             PET0 PIOc_sync Exit - MemInfo: [malloc] Total space used (mmap + non-mmap):         40439696 Byte
20220314 014310.576 INFO             PET0 PIOc_sync Exit - MemInfo: Wall-clock time since execution start:               0.694158 seconds
20220314 014310.576 INFO             PET0 PIOc_freedecomp Enter - MemInfo: [/proc/meminfo - SSI]	MemTotal:       65855856 kB
20220314 014310.576 INFO             PET0 PIOc_freedecomp Enter - MemInfo: [/proc/meminfo - SSI]	MemFree:        61106092 kB
20220314 014310.576 INFO             PET0 PIOc_freedecomp Enter - MemInfo: [/proc/meminfo - SSI]	MemAvailable:   60888064 kB
20220314 014310.576 INFO             PET0 PIOc_freedecomp Enter - MemInfo: [/proc/meminfo - SSI]	Committed_AS:    2994780 kB
20220314 014310.576 INFO             PET0 PIOc_freedecomp Enter - MemInfo: [/proc/meminfo - SSI]	CommittedPercent: 4.54748 %
20220314 014310.576 INFO             PET0 PIOc_freedecomp Enter - MemInfo: [/proc/self/status]	VmPeak:	  179516 kB
20220314 014310.576 INFO             PET0 PIOc_freedecomp Enter - MemInfo: [/proc/self/status]	VmSize:	  179492 kB
20220314 014310.576 INFO             PET0 PIOc_freedecomp Enter - MemInfo: [/proc/self/status]	VmLck:	       0 kB
20220314 014310.576 INFO             PET0 PIOc_freedecomp Enter - MemInfo: [/proc/self/status]	VmPin:	       0 kB
20220314 014310.576 INFO             PET0 PIOc_freedecomp Enter - MemInfo: [/proc/self/status]	VmHWM:	   46232 kB
20220314 014310.576 INFO             PET0 PIOc_freedecomp Enter - MemInfo: [/proc/self/status]	VmRSS:	   46232 kB
20220314 014310.576 INFO             PET0 PIOc_freedecomp Enter - MemInfo: [/proc/self/status]	VmData:	   57720 kB
20220314 014310.576 INFO             PET0 PIOc_freedecomp Enter - MemInfo: [/proc/self/status]	VmStk:	     164 kB
20220314 014310.576 INFO             PET0 PIOc_freedecomp Enter - MemInfo: [/proc/self/status]	VmExe:	   40928 kB
20220314 014310.576 INFO             PET0 PIOc_freedecomp Enter - MemInfo: [/proc/self/status]	VmLib:	    1952 kB
20220314 014310.576 INFO             PET0 PIOc_freedecomp Enter - MemInfo: [/proc/self/status]	VmPTE:	     276 kB
20220314 014310.576 INFO             PET0 PIOc_freedecomp Enter - MemInfo: [/proc/self/status]	VmPMD:	      12 kB
20220314 014310.576 INFO             PET0 PIOc_freedecomp Enter - MemInfo: [/proc/self/status]	VmSwap:	       0 kB
20220314 014310.577 INFO             PET0 PIOc_freedecomp Enter - MemInfo: [/proc/self/status]	VmRSSPercent: 0.0702018 %
20220314 014310.577 INFO             PET0 PIOc_freedecomp Enter - MemInfo: [malloc] Non-mmapped space allocated:                51861824 Byte
20220314 014310.577 INFO             PET0 PIOc_freedecomp Enter - MemInfo: [malloc] Space allocated in mmapped regions:          2887680 Byte
20220314 014310.577 INFO             PET0 PIOc_freedecomp Enter - MemInfo: [malloc] Maximum total allocated space:                     0 Byte
20220314 014310.577 INFO             PET0 PIOc_freedecomp Enter - MemInfo: [malloc] Space in freed fastbin blocks:                   480 Byte
20220314 014310.577 INFO             PET0 PIOc_freedecomp Enter - MemInfo: [malloc] Total allocated space:                      29144128 Byte
20220314 014310.577 INFO             PET0 PIOc_freedecomp Enter - MemInfo: [malloc] Total free space:                           22717696 Byte
20220314 014310.577 INFO             PET0 PIOc_freedecomp Enter - MemInfo: [malloc] Top-most, releasable space:                  8523600 Byte
20220314 014310.577 INFO             PET0 PIOc_freedecomp Enter - MemInfo: [malloc] Total space in use, mmap + non-mmap:        32031808 Byte
20220314 014310.577 INFO             PET0 PIOc_freedecomp Enter - MemInfo: [malloc] Total space held (mmap + non-mmap):         54749504 Byte
20220314 014310.577 INFO             PET0 PIOc_freedecomp Enter - MemInfo: [malloc] Total space used (mmap + non-mmap):         32040352 Byte
20220314 014310.577 INFO             PET0 PIOc_freedecomp Enter - MemInfo: Wall-clock time since execution start:               0.694739 seconds
20220314 014310.577 INFO             PET0 PIOc_freedecomp Exit - MemInfo: [/proc/meminfo - SSI]	MemTotal:       65855856 kB
20220314 014310.577 INFO             PET0 PIOc_freedecomp Exit - MemInfo: [/proc/meminfo - SSI]	MemFree:        61106092 kB
20220314 014310.577 INFO             PET0 PIOc_freedecomp Exit - MemInfo: [/proc/meminfo - SSI]	MemAvailable:   60888064 kB
20220314 014310.577 INFO             PET0 PIOc_freedecomp Exit - MemInfo: [/proc/meminfo - SSI]	Committed_AS:    2994780 kB
20220314 014310.577 INFO             PET0 PIOc_freedecomp Exit - MemInfo: [/proc/meminfo - SSI]	CommittedPercent: 4.54748 %
20220314 014310.577 INFO             PET0 PIOc_freedecomp Exit - MemInfo: [/proc/self/status]	VmPeak:	  179516 kB
20220314 014310.577 INFO             PET0 PIOc_freedecomp Exit - MemInfo: [/proc/self/status]	VmSize:	  179492 kB
20220314 014310.577 INFO             PET0 PIOc_freedecomp Exit - MemInfo: [/proc/self/status]	VmLck:	       0 kB
20220314 014310.577 INFO             PET0 PIOc_freedecomp Exit - MemInfo: [/proc/self/status]	VmPin:	       0 kB
20220314 014310.577 INFO             PET0 PIOc_freedecomp Exit - MemInfo: [/proc/self/status]	VmHWM:	   46232 kB
20220314 014310.577 INFO             PET0 PIOc_freedecomp Exit - MemInfo: [/proc/self/status]	VmRSS:	   46232 kB
20220314 014310.577 INFO             PET0 PIOc_freedecomp Exit - MemInfo: [/proc/self/status]	VmData:	   57720 kB
20220314 014310.577 INFO             PET0 PIOc_freedecomp Exit - MemInfo: [/proc/self/status]	VmStk:	     164 kB
20220314 014310.577 INFO             PET0 PIOc_freedecomp Exit - MemInfo: [/proc/self/status]	VmExe:	   40928 kB
20220314 014310.577 INFO             PET0 PIOc_freedecomp Exit - MemInfo: [/proc/self/status]	VmLib:	    1952 kB
20220314 014310.577 INFO             PET0 PIOc_freedecomp Exit - MemInfo: [/proc/self/status]	VmPTE:	     276 kB
20220314 014310.577 INFO             PET0 PIOc_freedecomp Exit - MemInfo: [/proc/self/status]	VmPMD:	      12 kB
20220314 014310.577 INFO             PET0 PIOc_freedecomp Exit - MemInfo: [/proc/self/status]	VmSwap:	       0 kB
20220314 014310.577 INFO             PET0 PIOc_freedecomp Exit - MemInfo: [/proc/self/status]	VmRSSPercent: 0.0702018 %
20220314 014310.577 INFO             PET0 PIOc_freedecomp Exit - MemInfo: [malloc] Non-mmapped space allocated:                51861824 Byte
20220314 014310.577 INFO             PET0 PIOc_freedecomp Exit - MemInfo: [malloc] Space allocated in mmapped regions:          2887680 Byte
20220314 014310.577 INFO             PET0 PIOc_freedecomp Exit - MemInfo: [malloc] Maximum total allocated space:                     0 Byte
20220314 014310.577 INFO             PET0 PIOc_freedecomp Exit - MemInfo: [malloc] Space in freed fastbin blocks:                  1216 Byte
20220314 014310.577 INFO             PET0 PIOc_freedecomp Exit - MemInfo: [malloc] Total allocated space:                      29140352 Byte
20220314 014310.577 INFO             PET0 PIOc_freedecomp Exit - MemInfo: [malloc] Total free space:                           22721472 Byte
20220314 014310.577 INFO             PET0 PIOc_freedecomp Exit - MemInfo: [malloc] Top-most, releasable space:                  8523600 Byte
20220314 014310.577 INFO             PET0 PIOc_freedecomp Exit - MemInfo: [malloc] Total space in use, mmap + non-mmap:        32028032 Byte
20220314 014310.577 INFO             PET0 PIOc_freedecomp Exit - MemInfo: [malloc] Total space held (mmap + non-mmap):         54749504 Byte
20220314 014310.577 INFO             PET0 PIOc_freedecomp Exit - MemInfo: [malloc] Total space used (mmap + non-mmap):         32036800 Byte
20220314 014310.577 INFO             PET0 PIOc_freedecomp Exit - MemInfo: Wall-clock time since execution start:               0.695151 seconds
20220314 014310.579 INFO             PET0 PIOc_sync Enter - MemInfo: [/proc/meminfo - SSI]	MemTotal:       65855856 kB
20220314 014310.579 INFO             PET0 PIOc_sync Enter - MemInfo: [/proc/meminfo - SSI]	MemFree:        61106092 kB
20220314 014310.579 INFO             PET0 PIOc_sync Enter - MemInfo: [/proc/meminfo - SSI]	MemAvailable:   60888064 kB
20220314 014310.579 INFO             PET0 PIOc_sync Enter - MemInfo: [/proc/meminfo - SSI]	Committed_AS:    2994780 kB
20220314 014310.579 INFO             PET0 PIOc_sync Enter - MemInfo: [/proc/meminfo - SSI]	CommittedPercent: 4.54748 %
20220314 014310.579 INFO             PET0 PIOc_sync Enter - MemInfo: [/proc/self/status]	VmPeak:	  179516 kB
20220314 014310.579 INFO             PET0 PIOc_sync Enter - MemInfo: [/proc/self/status]	VmSize:	  179492 kB
20220314 014310.579 INFO             PET0 PIOc_sync Enter - MemInfo: [/proc/self/status]	VmLck:	       0 kB
20220314 014310.579 INFO             PET0 PIOc_sync Enter - MemInfo: [/proc/self/status]	VmPin:	       0 kB
20220314 014310.579 INFO             PET0 PIOc_sync Enter - MemInfo: [/proc/self/status]	VmHWM:	   46232 kB
20220314 014310.579 INFO             PET0 PIOc_sync Enter - MemInfo: [/proc/self/status]	VmRSS:	   46232 kB
20220314 014310.579 INFO             PET0 PIOc_sync Enter - MemInfo: [/proc/self/status]	VmData:	   57720 kB
20220314 014310.579 INFO             PET0 PIOc_sync Enter - MemInfo: [/proc/self/status]	VmStk:	     164 kB
20220314 014310.579 INFO             PET0 PIOc_sync Enter - MemInfo: [/proc/self/status]	VmExe:	   40928 kB
20220314 014310.579 INFO             PET0 PIOc_sync Enter - MemInfo: [/proc/self/status]	VmLib:	    1952 kB
20220314 014310.579 INFO             PET0 PIOc_sync Enter - MemInfo: [/proc/self/status]	VmPTE:	     276 kB
20220314 014310.579 INFO             PET0 PIOc_sync Enter - MemInfo: [/proc/self/status]	VmPMD:	      12 kB
20220314 014310.579 INFO             PET0 PIOc_sync Enter - MemInfo: [/proc/self/status]	VmSwap:	       0 kB
20220314 014310.579 INFO             PET0 PIOc_sync Enter - MemInfo: [/proc/self/status]	VmRSSPercent: 0.0702018 %
20220314 014310.579 INFO             PET0 PIOc_sync Enter - MemInfo: [malloc] Non-mmapped space allocated:                51861824 Byte
20220314 014310.579 INFO             PET0 PIOc_sync Enter - MemInfo: [malloc] Space allocated in mmapped regions:          2887680 Byte
20220314 014310.579 INFO             PET0 PIOc_sync Enter - MemInfo: [malloc] Maximum total allocated space:                     0 Byte
20220314 014310.579 INFO             PET0 PIOc_sync Enter - MemInfo: [malloc] Space in freed fastbin blocks:                   560 Byte
20220314 014310.579 INFO             PET0 PIOc_sync Enter - MemInfo: [malloc] Total allocated space:                      37545536 Byte
20220314 014310.579 INFO             PET0 PIOc_sync Enter - MemInfo: [malloc] Total free space:                           14316288 Byte
20220314 014310.579 INFO             PET0 PIOc_sync Enter - MemInfo: [malloc] Top-most, releasable space:                  8523600 Byte
20220314 014310.579 INFO             PET0 PIOc_sync Enter - MemInfo: [malloc] Total space in use, mmap + non-mmap:        40433216 Byte
20220314 014310.579 INFO             PET0 PIOc_sync Enter - MemInfo: [malloc] Total space held (mmap + non-mmap):         54749504 Byte
20220314 014310.579 INFO             PET0 PIOc_sync Enter - MemInfo: [malloc] Total space used (mmap + non-mmap):         40441648 Byte
20220314 014310.579 INFO             PET0 PIOc_sync Enter - MemInfo: Wall-clock time since execution start:               0.697494 seconds
20220314 014310.579 INFO             PET0 PIOc_sync Exit - MemInfo: [/proc/meminfo - SSI]	MemTotal:       65855856 kB
20220314 014310.579 INFO             PET0 PIOc_sync Exit - MemInfo: [/proc/meminfo - SSI]	MemFree:        61106092 kB
20220314 014310.579 INFO             PET0 PIOc_sync Exit - MemInfo: [/proc/meminfo - SSI]	MemAvailable:   60888064 kB
20220314 014310.580 INFO             PET0 PIOc_sync Exit - MemInfo: [/proc/meminfo - SSI]	Committed_AS:    2994780 kB
20220314 014310.580 INFO             PET0 PIOc_sync Exit - MemInfo: [/proc/meminfo - SSI]	CommittedPercent: 4.54748 %
20220314 014310.580 INFO             PET0 PIOc_sync Exit - MemInfo: [/proc/self/status]	VmPeak:	  179516 kB
20220314 014310.580 INFO             PET0 PIOc_sync Exit - MemInfo: [/proc/self/status]	VmSize:	  179492 kB
20220314 014310.580 INFO             PET0 PIOc_sync Exit - MemInfo: [/proc/self/status]	VmLck:	       0 kB
20220314 014310.580 INFO             PET0 PIOc_sync Exit - MemInfo: [/proc/self/status]	VmPin:	       0 kB
20220314 014310.580 INFO             PET0 PIOc_sync Exit - MemInfo: [/proc/self/status]	VmHWM:	   46232 kB
20220314 014310.580 INFO             PET0 PIOc_sync Exit - MemInfo: [/proc/self/status]	VmRSS:	   46232 kB
20220314 014310.580 INFO             PET0 PIOc_sync Exit - MemInfo: [/proc/self/status]	VmData:	   57720 kB
20220314 014310.580 INFO             PET0 PIOc_sync Exit - MemInfo: [/proc/self/status]	VmStk:	     164 kB
20220314 014310.580 INFO             PET0 PIOc_sync Exit - MemInfo: [/proc/self/status]	VmExe:	   40928 kB
20220314 014310.580 INFO             PET0 PIOc_sync Exit - MemInfo: [/proc/self/status]	VmLib:	    1952 kB
20220314 014310.580 INFO             PET0 PIOc_sync Exit - MemInfo: [/proc/self/status]	VmPTE:	     276 kB
20220314 014310.580 INFO             PET0 PIOc_sync Exit - MemInfo: [/proc/self/status]	VmPMD:	      12 kB
20220314 014310.580 INFO             PET0 PIOc_sync Exit - MemInfo: [/proc/self/status]	VmSwap:	       0 kB
20220314 014310.580 INFO             PET0 PIOc_sync Exit - MemInfo: [/proc/self/status]	VmRSSPercent: 0.0702018 %
20220314 014310.580 INFO             PET0 PIOc_sync Exit - MemInfo: [malloc] Non-mmapped space allocated:                51861824 Byte
20220314 014310.580 INFO             PET0 PIOc_sync Exit - MemInfo: [malloc] Space allocated in mmapped regions:          2887680 Byte
20220314 014310.580 INFO             PET0 PIOc_sync Exit - MemInfo: [malloc] Maximum total allocated space:                     0 Byte
20220314 014310.580 INFO             PET0 PIOc_sync Exit - MemInfo: [malloc] Space in freed fastbin blocks:                     0 Byte
20220314 014310.580 INFO             PET0 PIOc_sync Exit - MemInfo: [malloc] Total allocated space:                      37546592 Byte
20220314 014310.580 INFO             PET0 PIOc_sync Exit - MemInfo: [malloc] Total free space:                           14315232 Byte
20220314 014310.580 INFO             PET0 PIOc_sync Exit - MemInfo: [malloc] Top-most, releasable space:                  8523600 Byte
20220314 014310.580 INFO             PET0 PIOc_sync Exit - MemInfo: [malloc] Total space in use, mmap + non-mmap:        40434272 Byte
20220314 014310.580 INFO             PET0 PIOc_sync Exit - MemInfo: [malloc] Total space held (mmap + non-mmap):         54749504 Byte
20220314 014310.580 INFO             PET0 PIOc_sync Exit - MemInfo: [malloc] Total space used (mmap + non-mmap):         40442592 Byte
20220314 014310.580 INFO             PET0 PIOc_sync Exit - MemInfo: Wall-clock time since execution start:               0.697988 seconds
20220314 014310.580 INFO             PET0 PIOc_freedecomp Enter - MemInfo: [/proc/meminfo - SSI]	MemTotal:       65855856 kB
20220314 014310.580 INFO             PET0 PIOc_freedecomp Enter - MemInfo: [/proc/meminfo - SSI]	MemFree:        61106092 kB
20220314 014310.580 INFO             PET0 PIOc_freedecomp Enter - MemInfo: [/proc/meminfo - SSI]	MemAvailable:   60888064 kB
20220314 014310.580 INFO             PET0 PIOc_freedecomp Enter - MemInfo: [/proc/meminfo - SSI]	Committed_AS:    2994780 kB
20220314 014310.580 INFO             PET0 PIOc_freedecomp Enter - MemInfo: [/proc/meminfo - SSI]	CommittedPercent: 4.54748 %
20220314 014310.580 INFO             PET0 PIOc_freedecomp Enter - MemInfo: [/proc/self/status]	VmPeak:	  179516 kB
20220314 014310.580 INFO             PET0 PIOc_freedecomp Enter - MemInfo: [/proc/self/status]	VmSize:	  179492 kB
20220314 014310.580 INFO             PET0 PIOc_freedecomp Enter - MemInfo: [/proc/self/status]	VmLck:	       0 kB
20220314 014310.580 INFO             PET0 PIOc_freedecomp Enter - MemInfo: [/proc/self/status]	VmPin:	       0 kB
20220314 014310.580 INFO             PET0 PIOc_freedecomp Enter - MemInfo: [/proc/self/status]	VmHWM:	   46232 kB
20220314 014310.580 INFO             PET0 PIOc_freedecomp Enter - MemInfo: [/proc/self/status]	VmRSS:	   46232 kB
20220314 014310.580 INFO             PET0 PIOc_freedecomp Enter - MemInfo: [/proc/self/status]	VmData:	   57720 kB
20220314 014310.580 INFO             PET0 PIOc_freedecomp Enter - MemInfo: [/proc/self/status]	VmStk:	     164 kB
20220314 014310.580 INFO             PET0 PIOc_freedecomp Enter - MemInfo: [/proc/self/status]	VmExe:	   40928 kB
20220314 014310.580 INFO             PET0 PIOc_freedecomp Enter - MemInfo: [/proc/self/status]	VmLib:	    1952 kB
20220314 014310.580 INFO             PET0 PIOc_freedecomp Enter - MemInfo: [/proc/self/status]	VmPTE:	     276 kB
20220314 014310.580 INFO             PET0 PIOc_freedecomp Enter - MemInfo: [/proc/self/status]	VmPMD:	      12 kB
20220314 014310.580 INFO             PET0 PIOc_freedecomp Enter - MemInfo: [/proc/self/status]	VmSwap:	       0 kB
20220314 014310.580 INFO             PET0 PIOc_freedecomp Enter - MemInfo: [/proc/self/status]	VmRSSPercent: 0.0702018 %
20220314 014310.580 INFO             PET0 PIOc_freedecomp Enter - MemInfo: [malloc] Non-mmapped space allocated:                51861824 Byte
20220314 014310.580 INFO             PET0 PIOc_freedecomp Enter - MemInfo: [malloc] Space allocated in mmapped regions:          2887680 Byte
20220314 014310.580 INFO             PET0 PIOc_freedecomp Enter - MemInfo: [malloc] Maximum total allocated space:                     0 Byte
20220314 014310.580 INFO             PET0 PIOc_freedecomp Enter - MemInfo: [malloc] Space in freed fastbin blocks:                   640 Byte
20220314 014310.580 INFO             PET0 PIOc_freedecomp Enter - MemInfo: [malloc] Total allocated space:                      29146336 Byte
20220314 014310.580 INFO             PET0 PIOc_freedecomp Enter - MemInfo: [malloc] Total free space:                           22715488 Byte
20220314 014310.580 INFO             PET0 PIOc_freedecomp Enter - MemInfo: [malloc] Top-most, releasable space:                  8523600 Byte
20220314 014310.580 INFO             PET0 PIOc_freedecomp Enter - MemInfo: [malloc] Total space in use, mmap + non-mmap:        32034016 Byte
20220314 014310.580 INFO             PET0 PIOc_freedecomp Enter - MemInfo: [malloc] Total space held (mmap + non-mmap):         54749504 Byte
20220314 014310.580 INFO             PET0 PIOc_freedecomp Enter - MemInfo: [malloc] Total space used (mmap + non-mmap):         32042224 Byte
20220314 014310.580 INFO             PET0 PIOc_freedecomp Enter - MemInfo: Wall-clock time since execution start:               0.698586 seconds
20220314 014310.581 INFO             PET0 PIOc_freedecomp Exit - MemInfo: [/proc/meminfo - SSI]	MemTotal:       65855856 kB
20220314 014310.581 INFO             PET0 PIOc_freedecomp Exit - MemInfo: [/proc/meminfo - SSI]	MemFree:        61106092 kB
20220314 014310.581 INFO             PET0 PIOc_freedecomp Exit - MemInfo: [/proc/meminfo - SSI]	MemAvailable:   60888064 kB
20220314 014310.581 INFO             PET0 PIOc_freedecomp Exit - MemInfo: [/proc/meminfo - SSI]	Committed_AS:    2994780 kB
20220314 014310.581 INFO             PET0 PIOc_freedecomp Exit - MemInfo: [/proc/meminfo - SSI]	CommittedPercent: 4.54748 %
20220314 014310.581 INFO             PET0 PIOc_freedecomp Exit - MemInfo: [/proc/self/status]	VmPeak:	  179516 kB
20220314 014310.581 INFO             PET0 PIOc_freedecomp Exit - MemInfo: [/proc/self/status]	VmSize:	  179492 kB
20220314 014310.581 INFO             PET0 PIOc_freedecomp Exit - MemInfo: [/proc/self/status]	VmLck:	       0 kB
20220314 014310.581 INFO             PET0 PIOc_freedecomp Exit - MemInfo: [/proc/self/status]	VmPin:	       0 kB
20220314 014310.581 INFO             PET0 PIOc_freedecomp Exit - MemInfo: [/proc/self/status]	VmHWM:	   46232 kB
20220314 014310.581 INFO             PET0 PIOc_freedecomp Exit - MemInfo: [/proc/self/status]	VmRSS:	   46232 kB
20220314 014310.581 INFO             PET0 PIOc_freedecomp Exit - MemInfo: [/proc/self/status]	VmData:	   57720 kB
20220314 014310.581 INFO             PET0 PIOc_freedecomp Exit - MemInfo: [/proc/self/status]	VmStk:	     164 kB
20220314 014310.581 INFO             PET0 PIOc_freedecomp Exit - MemInfo: [/proc/self/status]	VmExe:	   40928 kB
20220314 014310.581 INFO             PET0 PIOc_freedecomp Exit - MemInfo: [/proc/self/status]	VmLib:	    1952 kB
20220314 014310.581 INFO             PET0 PIOc_freedecomp Exit - MemInfo: [/proc/self/status]	VmPTE:	     276 kB
20220314 014310.581 INFO             PET0 PIOc_freedecomp Exit - MemInfo: [/proc/self/status]	VmPMD:	      12 kB
20220314 014310.581 INFO             PET0 PIOc_freedecomp Exit - MemInfo: [/proc/self/status]	VmSwap:	       0 kB
20220314 014310.581 INFO             PET0 PIOc_freedecomp Exit - MemInfo: [/proc/self/status]	VmRSSPercent: 0.0702018 %
20220314 014310.581 INFO             PET0 PIOc_freedecomp Exit - MemInfo: [malloc] Non-mmapped space allocated:                51861824 Byte
20220314 014310.581 INFO             PET0 PIOc_freedecomp Exit - MemInfo: [malloc] Space allocated in mmapped regions:          2887680 Byte
20220314 014310.581 INFO             PET0 PIOc_freedecomp Exit - MemInfo: [malloc] Maximum total allocated space:                     0 Byte
20220314 014310.581 INFO             PET0 PIOc_freedecomp Exit - MemInfo: [malloc] Space in freed fastbin blocks:                  1360 Byte
20220314 014310.581 INFO             PET0 PIOc_freedecomp Exit - MemInfo: [malloc] Total allocated space:                      29142080 Byte
20220314 014310.581 INFO             PET0 PIOc_freedecomp Exit - MemInfo: [malloc] Total free space:                           22719744 Byte
20220314 014310.581 INFO             PET0 PIOc_freedecomp Exit - MemInfo: [malloc] Top-most, releasable space:                  8523600 Byte
20220314 014310.581 INFO             PET0 PIOc_freedecomp Exit - MemInfo: [malloc] Total space in use, mmap + non-mmap:        32029760 Byte
20220314 014310.581 INFO             PET0 PIOc_freedecomp Exit - MemInfo: [malloc] Total space held (mmap + non-mmap):         54749504 Byte
20220314 014310.581 INFO             PET0 PIOc_freedecomp Exit - MemInfo: [malloc] Total space used (mmap + non-mmap):         32037968 Byte
20220314 014310.581 INFO             PET0 PIOc_freedecomp Exit - MemInfo: Wall-clock time since execution start:               0.698995 seconds
20220314 014310.582 INFO             PET0 PIOc_sync Enter - MemInfo: [/proc/meminfo - SSI]	MemTotal:       65855856 kB
20220314 014310.582 INFO             PET0 PIOc_sync Enter - MemInfo: [/proc/meminfo - SSI]	MemFree:        61106092 kB
20220314 014310.582 INFO             PET0 PIOc_sync Enter - MemInfo: [/proc/meminfo - SSI]	MemAvailable:   60888064 kB
20220314 014310.582 INFO             PET0 PIOc_sync Enter - MemInfo: [/proc/meminfo - SSI]	Committed_AS:    2994780 kB
20220314 014310.582 INFO             PET0 PIOc_sync Enter - MemInfo: [/proc/meminfo - SSI]	CommittedPercent: 4.54748 %
20220314 014310.582 INFO             PET0 PIOc_sync Enter - MemInfo: [/proc/self/status]	VmPeak:	  179516 kB
20220314 014310.582 INFO             PET0 PIOc_sync Enter - MemInfo: [/proc/self/status]	VmSize:	  179492 kB
20220314 014310.582 INFO             PET0 PIOc_sync Enter - MemInfo: [/proc/self/status]	VmLck:	       0 kB
20220314 014310.582 INFO             PET0 PIOc_sync Enter - MemInfo: [/proc/self/status]	VmPin:	       0 kB
20220314 014310.582 INFO             PET0 PIOc_sync Enter - MemInfo: [/proc/self/status]	VmHWM:	   46232 kB
20220314 014310.582 INFO             PET0 PIOc_sync Enter - MemInfo: [/proc/self/status]	VmRSS:	   46232 kB
20220314 014310.582 INFO             PET0 PIOc_sync Enter - MemInfo: [/proc/self/status]	VmData:	   57720 kB
20220314 014310.582 INFO             PET0 PIOc_sync Enter - MemInfo: [/proc/self/status]	VmStk:	     164 kB
20220314 014310.583 INFO             PET0 PIOc_sync Enter - MemInfo: [/proc/self/status]	VmExe:	   40928 kB
20220314 014310.583 INFO             PET0 PIOc_sync Enter - MemInfo: [/proc/self/status]	VmLib:	    1952 kB
20220314 014310.583 INFO             PET0 PIOc_sync Enter - MemInfo: [/proc/self/status]	VmPTE:	     276 kB
20220314 014310.583 INFO             PET0 PIOc_sync Enter - MemInfo: [/proc/self/status]	VmPMD:	      12 kB
20220314 014310.583 INFO             PET0 PIOc_sync Enter - MemInfo: [/proc/self/status]	VmSwap:	       0 kB
20220314 014310.583 INFO             PET0 PIOc_sync Enter - MemInfo: [/proc/self/status]	VmRSSPercent: 0.0702018 %
20220314 014310.583 INFO             PET0 PIOc_sync Enter - MemInfo: [malloc] Non-mmapped space allocated:                51861824 Byte
20220314 014310.583 INFO             PET0 PIOc_sync Enter - MemInfo: [malloc] Space allocated in mmapped regions:          2887680 Byte
20220314 014310.583 INFO             PET0 PIOc_sync Enter - MemInfo: [malloc] Maximum total allocated space:                     0 Byte
20220314 014310.583 INFO             PET0 PIOc_sync Enter - MemInfo: [malloc] Space in freed fastbin blocks:                   400 Byte
20220314 014310.583 INFO             PET0 PIOc_sync Enter - MemInfo: [malloc] Total allocated space:                      37546464 Byte
20220314 014310.583 INFO             PET0 PIOc_sync Enter - MemInfo: [malloc] Total free space:                           14315360 Byte
20220314 014310.583 INFO             PET0 PIOc_sync Enter - MemInfo: [malloc] Top-most, releasable space:                  8523600 Byte
20220314 014310.583 INFO             PET0 PIOc_sync Enter - MemInfo: [malloc] Total space in use, mmap + non-mmap:        40434144 Byte
20220314 014310.583 INFO             PET0 PIOc_sync Enter - MemInfo: [malloc] Total space held (mmap + non-mmap):         54749504 Byte
20220314 014310.583 INFO             PET0 PIOc_sync Enter - MemInfo: [malloc] Total space used (mmap + non-mmap):         40442576 Byte
20220314 014310.583 INFO             PET0 PIOc_sync Enter - MemInfo: Wall-clock time since execution start:               0.700796 seconds
20220314 014310.583 INFO             PET0 PIOc_sync Exit - MemInfo: [/proc/meminfo - SSI]	MemTotal:       65855856 kB
20220314 014310.583 INFO             PET0 PIOc_sync Exit - MemInfo: [/proc/meminfo - SSI]	MemFree:        61106092 kB
20220314 014310.583 INFO             PET0 PIOc_sync Exit - MemInfo: [/proc/meminfo - SSI]	MemAvailable:   60888064 kB
20220314 014310.583 INFO             PET0 PIOc_sync Exit - MemInfo: [/proc/meminfo - SSI]	Committed_AS:    2994780 kB
20220314 014310.583 INFO             PET0 PIOc_sync Exit - MemInfo: [/proc/meminfo - SSI]	CommittedPercent: 4.54748 %
20220314 014310.583 INFO             PET0 PIOc_sync Exit - MemInfo: [/proc/self/status]	VmPeak:	  179516 kB
20220314 014310.583 INFO             PET0 PIOc_sync Exit - MemInfo: [/proc/self/status]	VmSize:	  179492 kB
20220314 014310.583 INFO             PET0 PIOc_sync Exit - MemInfo: [/proc/self/status]	VmLck:	       0 kB
20220314 014310.583 INFO             PET0 PIOc_sync Exit - MemInfo: [/proc/self/status]	VmPin:	       0 kB
20220314 014310.583 INFO             PET0 PIOc_sync Exit - MemInfo: [/proc/self/status]	VmHWM:	   46232 kB
20220314 014310.583 INFO             PET0 PIOc_sync Exit - MemInfo: [/proc/self/status]	VmRSS:	   46232 kB
20220314 014310.583 INFO             PET0 PIOc_sync Exit - MemInfo: [/proc/self/status]	VmData:	   57720 kB
20220314 014310.583 INFO             PET0 PIOc_sync Exit - MemInfo: [/proc/self/status]	VmStk:	     164 kB
20220314 014310.583 INFO             PET0 PIOc_sync Exit - MemInfo: [/proc/self/status]	VmExe:	   40928 kB
20220314 014310.583 INFO             PET0 PIOc_sync Exit - MemInfo: [/proc/self/status]	VmLib:	    1952 kB
20220314 014310.583 INFO             PET0 PIOc_sync Exit - MemInfo: [/proc/self/status]	VmPTE:	     276 kB
20220314 014310.583 INFO             PET0 PIOc_sync Exit - MemInfo: [/proc/self/status]	VmPMD:	      12 kB
20220314 014310.583 INFO             PET0 PIOc_sync Exit - MemInfo: [/proc/self/status]	VmSwap:	       0 kB
20220314 014310.583 INFO             PET0 PIOc_sync Exit - MemInfo: [/proc/self/status]	VmRSSPercent: 0.0702018 %
20220314 014310.583 INFO             PET0 PIOc_sync Exit - MemInfo: [malloc] Non-mmapped space allocated:                51861824 Byte
20220314 014310.583 INFO             PET0 PIOc_sync Exit - MemInfo: [malloc] Space allocated in mmapped regions:          2887680 Byte
20220314 014310.583 INFO             PET0 PIOc_sync Exit - MemInfo: [malloc] Maximum total allocated space:                     0 Byte
20220314 014310.583 INFO             PET0 PIOc_sync Exit - MemInfo: [malloc] Space in freed fastbin blocks:                    48 Byte
20220314 014310.583 INFO             PET0 PIOc_sync Exit - MemInfo: [malloc] Total allocated space:                      37547728 Byte
20220314 014310.583 INFO             PET0 PIOc_sync Exit - MemInfo: [malloc] Total free space:                           14314096 Byte
20220314 014310.583 INFO             PET0 PIOc_sync Exit - MemInfo: [malloc] Top-most, releasable space:                  8523600 Byte
20220314 014310.583 INFO             PET0 PIOc_sync Exit - MemInfo: [malloc] Total space in use, mmap + non-mmap:        40435408 Byte
20220314 014310.583 INFO             PET0 PIOc_sync Exit - MemInfo: [malloc] Total space held (mmap + non-mmap):         54749504 Byte
20220314 014310.583 INFO             PET0 PIOc_sync Exit - MemInfo: [malloc] Total space used (mmap + non-mmap):         40443616 Byte
20220314 014310.583 INFO             PET0 PIOc_sync Exit - MemInfo: Wall-clock time since execution start:               0.701326 seconds
20220314 014310.583 INFO             PET0 PIOc_freedecomp Enter - MemInfo: [/proc/meminfo - SSI]	MemTotal:       65855856 kB
20220314 014310.583 INFO             PET0 PIOc_freedecomp Enter - MemInfo: [/proc/meminfo - SSI]	MemFree:        61106092 kB
20220314 014310.583 INFO             PET0 PIOc_freedecomp Enter - MemInfo: [/proc/meminfo - SSI]	MemAvailable:   60888064 kB
20220314 014310.583 INFO             PET0 PIOc_freedecomp Enter - MemInfo: [/proc/meminfo - SSI]	Committed_AS:    2994780 kB
20220314 014310.583 INFO             PET0 PIOc_freedecomp Enter - MemInfo: [/proc/meminfo - SSI]	CommittedPercent: 4.54748 %
20220314 014310.584 INFO             PET0 PIOc_freedecomp Enter - MemInfo: [/proc/self/status]	VmPeak:	  179516 kB
20220314 014310.584 INFO             PET0 PIOc_freedecomp Enter - MemInfo: [/proc/self/status]	VmSize:	  179492 kB
20220314 014310.584 INFO             PET0 PIOc_freedecomp Enter - MemInfo: [/proc/self/status]	VmLck:	       0 kB
20220314 014310.584 INFO             PET0 PIOc_freedecomp Enter - MemInfo: [/proc/self/status]	VmPin:	       0 kB
20220314 014310.584 INFO             PET0 PIOc_freedecomp Enter - MemInfo: [/proc/self/status]	VmHWM:	   46232 kB
20220314 014310.584 INFO             PET0 PIOc_freedecomp Enter - MemInfo: [/proc/self/status]	VmRSS:	   46232 kB
20220314 014310.584 INFO             PET0 PIOc_freedecomp Enter - MemInfo: [/proc/self/status]	VmData:	   57720 kB
20220314 014310.584 INFO             PET0 PIOc_freedecomp Enter - MemInfo: [/proc/self/status]	VmStk:	     164 kB
20220314 014310.584 INFO             PET0 PIOc_freedecomp Enter - MemInfo: [/proc/self/status]	VmExe:	   40928 kB
20220314 014310.584 INFO             PET0 PIOc_freedecomp Enter - MemInfo: [/proc/self/status]	VmLib:	    1952 kB
20220314 014310.584 INFO             PET0 PIOc_freedecomp Enter - MemInfo: [/proc/self/status]	VmPTE:	     276 kB
20220314 014310.584 INFO             PET0 PIOc_freedecomp Enter - MemInfo: [/proc/self/status]	VmPMD:	      12 kB
20220314 014310.584 INFO             PET0 PIOc_freedecomp Enter - MemInfo: [/proc/self/status]	VmSwap:	       0 kB
20220314 014310.584 INFO             PET0 PIOc_freedecomp Enter - MemInfo: [/proc/self/status]	VmRSSPercent: 0.0702018 %
20220314 014310.584 INFO             PET0 PIOc_freedecomp Enter - MemInfo: [malloc] Non-mmapped space allocated:                51861824 Byte
20220314 014310.584 INFO             PET0 PIOc_freedecomp Enter - MemInfo: [malloc] Space allocated in mmapped regions:          2887680 Byte
20220314 014310.584 INFO             PET0 PIOc_freedecomp Enter - MemInfo: [malloc] Maximum total allocated space:                     0 Byte
20220314 014310.584 INFO             PET0 PIOc_freedecomp Enter - MemInfo: [malloc] Space in freed fastbin blocks:                   944 Byte
20220314 014310.584 INFO             PET0 PIOc_freedecomp Enter - MemInfo: [malloc] Total allocated space:                      29146880 Byte
20220314 014310.584 INFO             PET0 PIOc_freedecomp Enter - MemInfo: [malloc] Total free space:                           22714944 Byte
20220314 014310.584 INFO             PET0 PIOc_freedecomp Enter - MemInfo: [malloc] Top-most, releasable space:                  8523600 Byte
20220314 014310.584 INFO             PET0 PIOc_freedecomp Enter - MemInfo: [malloc] Total space in use, mmap + non-mmap:        32034560 Byte
20220314 014310.584 INFO             PET0 PIOc_freedecomp Enter - MemInfo: [malloc] Total space held (mmap + non-mmap):         54749504 Byte
20220314 014310.584 INFO             PET0 PIOc_freedecomp Enter - MemInfo: [malloc] Total space used (mmap + non-mmap):         32042768 Byte
20220314 014310.584 INFO             PET0 PIOc_freedecomp Enter - MemInfo: Wall-clock time since execution start:               0.701903 seconds
20220314 014310.584 INFO             PET0 PIOc_freedecomp Exit - MemInfo: [/proc/meminfo - SSI]	MemTotal:       65855856 kB
20220314 014310.584 INFO             PET0 PIOc_freedecomp Exit - MemInfo: [/proc/meminfo - SSI]	MemFree:        61106092 kB
20220314 014310.584 INFO             PET0 PIOc_freedecomp Exit - MemInfo: [/proc/meminfo - SSI]	MemAvailable:   60888064 kB
20220314 014310.584 INFO             PET0 PIOc_freedecomp Exit - MemInfo: [/proc/meminfo - SSI]	Committed_AS:    2994780 kB
20220314 014310.584 INFO             PET0 PIOc_freedecomp Exit - MemInfo: [/proc/meminfo - SSI]	CommittedPercent: 4.54748 %
20220314 014310.584 INFO             PET0 PIOc_freedecomp Exit - MemInfo: [/proc/self/status]	VmPeak:	  179516 kB
20220314 014310.584 INFO             PET0 PIOc_freedecomp Exit - MemInfo: [/proc/self/status]	VmSize:	  179492 kB
20220314 014310.584 INFO             PET0 PIOc_freedecomp Exit - MemInfo: [/proc/self/status]	VmLck:	       0 kB
20220314 014310.584 INFO             PET0 PIOc_freedecomp Exit - MemInfo: [/proc/self/status]	VmPin:	       0 kB
20220314 014310.584 INFO             PET0 PIOc_freedecomp Exit - MemInfo: [/proc/self/status]	VmHWM:	   46232 kB
20220314 014310.584 INFO             PET0 PIOc_freedecomp Exit - MemInfo: [/proc/self/status]	VmRSS:	   46232 kB
20220314 014310.584 INFO             PET0 PIOc_freedecomp Exit - MemInfo: [/proc/self/status]	VmData:	   57720 kB
20220314 014310.584 INFO             PET0 PIOc_freedecomp Exit - MemInfo: [/proc/self/status]	VmStk:	     164 kB
20220314 014310.584 INFO             PET0 PIOc_freedecomp Exit - MemInfo: [/proc/self/status]	VmExe:	   40928 kB
20220314 014310.584 INFO             PET0 PIOc_freedecomp Exit - MemInfo: [/proc/self/status]	VmLib:	    1952 kB
20220314 014310.584 INFO             PET0 PIOc_freedecomp Exit - MemInfo: [/proc/self/status]	VmPTE:	     276 kB
20220314 014310.584 INFO             PET0 PIOc_freedecomp Exit - MemInfo: [/proc/self/status]	VmPMD:	      12 kB
20220314 014310.584 INFO             PET0 PIOc_freedecomp Exit - MemInfo: [/proc/self/status]	VmSwap:	       0 kB
20220314 014310.584 INFO             PET0 PIOc_freedecomp Exit - MemInfo: [/proc/self/status]	VmRSSPercent: 0.0702018 %
20220314 014310.584 INFO             PET0 PIOc_freedecomp Exit - MemInfo: [malloc] Non-mmapped space allocated:                51861824 Byte
20220314 014310.584 INFO             PET0 PIOc_freedecomp Exit - MemInfo: [malloc] Space allocated in mmapped regions:          2887680 Byte
20220314 014310.584 INFO             PET0 PIOc_freedecomp Exit - MemInfo: [malloc] Maximum total allocated space:                     0 Byte
20220314 014310.584 INFO             PET0 PIOc_freedecomp Exit - MemInfo: [malloc] Space in freed fastbin blocks:                  1344 Byte
20220314 014310.584 INFO             PET0 PIOc_freedecomp Exit - MemInfo: [malloc] Total allocated space:                      29142640 Byte
20220314 014310.584 INFO             PET0 PIOc_freedecomp Exit - MemInfo: [malloc] Total free space:                           22719184 Byte
20220314 014310.584 INFO             PET0 PIOc_freedecomp Exit - MemInfo: [malloc] Top-most, releasable space:                  8523600 Byte
20220314 014310.584 INFO             PET0 PIOc_freedecomp Exit - MemInfo: [malloc] Total space in use, mmap + non-mmap:        32030320 Byte
20220314 014310.584 INFO             PET0 PIOc_freedecomp Exit - MemInfo: [malloc] Total space held (mmap + non-mmap):         54749504 Byte
20220314 014310.584 INFO             PET0 PIOc_freedecomp Exit - MemInfo: [malloc] Total space used (mmap + non-mmap):         32038528 Byte
20220314 014310.584 INFO             PET0 PIOc_freedecomp Exit - MemInfo: Wall-clock time since execution start:               0.702337 seconds
20220314 014310.588 INFO             PET0  PASS  ESMF_FieldRegridStoreFromFile Unit Test, ESMF_FieldSMMFromFileUTest.F90, line 315
20220314 014310.588 INFO             PET0  Ending Test, file ESMF_FieldSMMFromFileUTest.F90, line 322
20220314 014310.588 INFO             PET0 Finalizing ESMF
20220314 014309.895 INFO             PET1 !!!!!!!!!!!!!!!!!!!!!!!!!!!!!!!!!!!!!!!!!!!!!!!!!!!!!!
20220314 014309.915 INFO             PET1 !!! THE ESMF_LOG IS SET TO OUTPUT ALL LOG MESSAGES !!!
20220314 014309.915 INFO             PET1 !!!     THIS MAY CAUSE SLOWDOWN IN PERFORMANCE     !!!
20220314 014309.915 INFO             PET1 !!! FOR PRODUCTION RUNS, USE:                      !!!
20220314 014309.915 INFO             PET1 !!!                   ESMF_LOGKIND_Multi_On_Error  !!!
20220314 014309.915 INFO             PET1 !!!!!!!!!!!!!!!!!!!!!!!!!!!!!!!!!!!!!!!!!!!!!!!!!!!!!!
20220314 014309.915 INFO             PET1 Running with ESMF Version   : v8.3.0b09-96-g559b459836
20220314 014309.916 INFO             PET1 ESMF library build date/time: "Mar 14 2022" "00:45:31"
20220314 014309.916 INFO             PET1 ESMF library build location : /lustre/f2/dev/ncep/Mark.Potts/gfortran_8.3.0_mpi_g_jedwards_pio_update2
20220314 014309.916 INFO             PET1 ESMF_COMM                   : mpi
20220314 014309.917 INFO             PET1 ESMF_MOAB                   : enabled
20220314 014309.917 INFO             PET1 ESMF_LAPACK                 : enabled
20220314 014309.917 INFO             PET1 ESMF_NETCDF                 : enabled
20220314 014309.917 INFO             PET1 ESMF_PNETCDF                : disabled
20220314 014309.917 INFO             PET1 ESMF_PIO                    : enabled
20220314 014309.917 INFO             PET1 ESMF_YAMLCPP                : enabled
20220314 014309.932 INFO             PET1  Beginning Test, file ESMF_FieldSMMFromFileUTest.F90, line 287
20220314 014309.932 INFO             PET1  NUMBER_OF_PROCESSORS           4
20220314 014310.490 INFO             PET1  PASS  ESMF_FieldSMMFromFile Unit Test, ESMF_FieldSMMFromFileUTest.F90, line 300
20220314 014310.575 INFO             PET1 PIOc_sync Enter - MemInfo: [/proc/meminfo - SSI]	MemTotal:       65855856 kB
20220314 014310.575 INFO             PET1 PIOc_sync Enter - MemInfo: [/proc/meminfo - SSI]	MemFree:        61106092 kB
20220314 014310.575 INFO             PET1 PIOc_sync Enter - MemInfo: [/proc/meminfo - SSI]	MemAvailable:   60888064 kB
20220314 014310.575 INFO             PET1 PIOc_sync Enter - MemInfo: [/proc/meminfo - SSI]	Committed_AS:    2994780 kB
20220314 014310.575 INFO             PET1 PIOc_sync Enter - MemInfo: [/proc/meminfo - SSI]	CommittedPercent: 4.54748 %
20220314 014310.575 INFO             PET1 PIOc_sync Enter - MemInfo: [/proc/self/status]	VmPeak:	  142648 kB
20220314 014310.575 INFO             PET1 PIOc_sync Enter - MemInfo: [/proc/self/status]	VmSize:	  142624 kB
20220314 014310.575 INFO             PET1 PIOc_sync Enter - MemInfo: [/proc/self/status]	VmLck:	       0 kB
20220314 014310.575 INFO             PET1 PIOc_sync Enter - MemInfo: [/proc/self/status]	VmPin:	       0 kB
20220314 014310.575 INFO             PET1 PIOc_sync Enter - MemInfo: [/proc/self/status]	VmHWM:	   28660 kB
20220314 014310.575 INFO             PET1 PIOc_sync Enter - MemInfo: [/proc/self/status]	VmRSS:	   28660 kB
20220314 014310.575 INFO             PET1 PIOc_sync Enter - MemInfo: [/proc/self/status]	VmData:	   33140 kB
20220314 014310.575 INFO             PET1 PIOc_sync Enter - MemInfo: [/proc/self/status]	VmStk:	     164 kB
20220314 014310.575 INFO             PET1 PIOc_sync Enter - MemInfo: [/proc/self/status]	VmExe:	   40928 kB
20220314 014310.575 INFO             PET1 PIOc_sync Enter - MemInfo: [/proc/self/status]	VmLib:	    1952 kB
20220314 014310.575 INFO             PET1 PIOc_sync Enter - MemInfo: [/proc/self/status]	VmPTE:	     240 kB
20220314 014310.575 INFO             PET1 PIOc_sync Enter - MemInfo: [/proc/self/status]	VmPMD:	      12 kB
20220314 014310.575 INFO             PET1 PIOc_sync Enter - MemInfo: [/proc/self/status]	VmSwap:	       0 kB
20220314 014310.575 INFO             PET1 PIOc_sync Enter - MemInfo: [/proc/self/status]	VmRSSPercent: 0.0435193 %
20220314 014310.575 INFO             PET1 PIOc_sync Enter - MemInfo: [malloc] Non-mmapped space allocated:                26691904 Byte
20220314 014310.575 INFO             PET1 PIOc_sync Enter - MemInfo: [malloc] Space allocated in mmapped regions:          2887680 Byte
20220314 014310.575 INFO             PET1 PIOc_sync Enter - MemInfo: [malloc] Maximum total allocated space:                     0 Byte
20220314 014310.575 INFO             PET1 PIOc_sync Enter - MemInfo: [malloc] Space in freed fastbin blocks:                    48 Byte
20220314 014310.575 INFO             PET1 PIOc_sync Enter - MemInfo: [malloc] Total allocated space:                      12018576 Byte
20220314 014310.575 INFO             PET1 PIOc_sync Enter - MemInfo: [malloc] Total free space:                           14673328 Byte
20220314 014310.575 INFO             PET1 PIOc_sync Enter - MemInfo: [malloc] Top-most, releasable space:                  8522944 Byte
20220314 014310.575 INFO             PET1 PIOc_sync Enter - MemInfo: [malloc] Total space in use, mmap + non-mmap:        14906256 Byte
20220314 014310.575 INFO             PET1 PIOc_sync Enter - MemInfo: [malloc] Total space held (mmap + non-mmap):         29579584 Byte
20220314 014310.575 INFO             PET1 PIOc_sync Enter - MemInfo: [malloc] Total space used (mmap + non-mmap):         14915616 Byte
20220314 014310.575 INFO             PET1 PIOc_sync Enter - MemInfo: Wall-clock time since execution start:               0.693139 seconds
20220314 014310.576 INFO             PET1 PIOc_sync Exit - MemInfo: [/proc/meminfo - SSI]	MemTotal:       65855856 kB
20220314 014310.576 INFO             PET1 PIOc_sync Exit - MemInfo: [/proc/meminfo - SSI]	MemFree:        61106092 kB
20220314 014310.576 INFO             PET1 PIOc_sync Exit - MemInfo: [/proc/meminfo - SSI]	MemAvailable:   60888064 kB
20220314 014310.576 INFO             PET1 PIOc_sync Exit - MemInfo: [/proc/meminfo - SSI]	Committed_AS:    2994780 kB
20220314 014310.576 INFO             PET1 PIOc_sync Exit - MemInfo: [/proc/meminfo - SSI]	CommittedPercent: 4.54748 %
20220314 014310.576 INFO             PET1 PIOc_sync Exit - MemInfo: [/proc/self/status]	VmPeak:	  142648 kB
20220314 014310.576 INFO             PET1 PIOc_sync Exit - MemInfo: [/proc/self/status]	VmSize:	  142624 kB
20220314 014310.576 INFO             PET1 PIOc_sync Exit - MemInfo: [/proc/self/status]	VmLck:	       0 kB
20220314 014310.576 INFO             PET1 PIOc_sync Exit - MemInfo: [/proc/self/status]	VmPin:	       0 kB
20220314 014310.576 INFO             PET1 PIOc_sync Exit - MemInfo: [/proc/self/status]	VmHWM:	   28660 kB
20220314 014310.576 INFO             PET1 PIOc_sync Exit - MemInfo: [/proc/self/status]	VmRSS:	   28660 kB
20220314 014310.576 INFO             PET1 PIOc_sync Exit - MemInfo: [/proc/self/status]	VmData:	   33140 kB
20220314 014310.576 INFO             PET1 PIOc_sync Exit - MemInfo: [/proc/self/status]	VmStk:	     164 kB
20220314 014310.576 INFO             PET1 PIOc_sync Exit - MemInfo: [/proc/self/status]	VmExe:	   40928 kB
20220314 014310.576 INFO             PET1 PIOc_sync Exit - MemInfo: [/proc/self/status]	VmLib:	    1952 kB
20220314 014310.576 INFO             PET1 PIOc_sync Exit - MemInfo: [/proc/self/status]	VmPTE:	     240 kB
20220314 014310.576 INFO             PET1 PIOc_sync Exit - MemInfo: [/proc/self/status]	VmPMD:	      12 kB
20220314 014310.576 INFO             PET1 PIOc_sync Exit - MemInfo: [/proc/self/status]	VmSwap:	       0 kB
20220314 014310.576 INFO             PET1 PIOc_sync Exit - MemInfo: [/proc/self/status]	VmRSSPercent: 0.0435193 %
20220314 014310.576 INFO             PET1 PIOc_sync Exit - MemInfo: [malloc] Non-mmapped space allocated:                26691904 Byte
20220314 014310.576 INFO             PET1 PIOc_sync Exit - MemInfo: [malloc] Space allocated in mmapped regions:          2887680 Byte
20220314 014310.576 INFO             PET1 PIOc_sync Exit - MemInfo: [malloc] Maximum total allocated space:                     0 Byte
20220314 014310.576 INFO             PET1 PIOc_sync Exit - MemInfo: [malloc] Space in freed fastbin blocks:                    48 Byte
20220314 014310.576 INFO             PET1 PIOc_sync Exit - MemInfo: [malloc] Total allocated space:                      12020288 Byte
20220314 014310.576 INFO             PET1 PIOc_sync Exit - MemInfo: [malloc] Total free space:                           14671616 Byte
20220314 014310.576 INFO             PET1 PIOc_sync Exit - MemInfo: [malloc] Top-most, releasable space:                  8522944 Byte
20220314 014310.576 INFO             PET1 PIOc_sync Exit - MemInfo: [malloc] Total space in use, mmap + non-mmap:        14907968 Byte
20220314 014310.576 INFO             PET1 PIOc_sync Exit - MemInfo: [malloc] Total space held (mmap + non-mmap):         29579584 Byte
20220314 014310.576 INFO             PET1 PIOc_sync Exit - MemInfo: [malloc] Total space used (mmap + non-mmap):         14916800 Byte
20220314 014310.576 INFO             PET1 PIOc_sync Exit - MemInfo: Wall-clock time since execution start:               0.693948 seconds
20220314 014310.576 INFO             PET1 PIOc_freedecomp Enter - MemInfo: [/proc/meminfo - SSI]	MemTotal:       65855856 kB
20220314 014310.576 INFO             PET1 PIOc_freedecomp Enter - MemInfo: [/proc/meminfo - SSI]	MemFree:        61106092 kB
20220314 014310.576 INFO             PET1 PIOc_freedecomp Enter - MemInfo: [/proc/meminfo - SSI]	MemAvailable:   60888064 kB
20220314 014310.576 INFO             PET1 PIOc_freedecomp Enter - MemInfo: [/proc/meminfo - SSI]	Committed_AS:    2994780 kB
20220314 014310.576 INFO             PET1 PIOc_freedecomp Enter - MemInfo: [/proc/meminfo - SSI]	CommittedPercent: 4.54748 %
20220314 014310.576 INFO             PET1 PIOc_freedecomp Enter - MemInfo: [/proc/self/status]	VmPeak:	  142648 kB
20220314 014310.576 INFO             PET1 PIOc_freedecomp Enter - MemInfo: [/proc/self/status]	VmSize:	  142624 kB
20220314 014310.576 INFO             PET1 PIOc_freedecomp Enter - MemInfo: [/proc/self/status]	VmLck:	       0 kB
20220314 014310.576 INFO             PET1 PIOc_freedecomp Enter - MemInfo: [/proc/self/status]	VmPin:	       0 kB
20220314 014310.576 INFO             PET1 PIOc_freedecomp Enter - MemInfo: [/proc/self/status]	VmHWM:	   28660 kB
20220314 014310.576 INFO             PET1 PIOc_freedecomp Enter - MemInfo: [/proc/self/status]	VmRSS:	   28660 kB
20220314 014310.576 INFO             PET1 PIOc_freedecomp Enter - MemInfo: [/proc/self/status]	VmData:	   33140 kB
20220314 014310.576 INFO             PET1 PIOc_freedecomp Enter - MemInfo: [/proc/self/status]	VmStk:	     164 kB
20220314 014310.576 INFO             PET1 PIOc_freedecomp Enter - MemInfo: [/proc/self/status]	VmExe:	   40928 kB
20220314 014310.576 INFO             PET1 PIOc_freedecomp Enter - MemInfo: [/proc/self/status]	VmLib:	    1952 kB
20220314 014310.576 INFO             PET1 PIOc_freedecomp Enter - MemInfo: [/proc/self/status]	VmPTE:	     240 kB
20220314 014310.576 INFO             PET1 PIOc_freedecomp Enter - MemInfo: [/proc/self/status]	VmPMD:	      12 kB
20220314 014310.576 INFO             PET1 PIOc_freedecomp Enter - MemInfo: [/proc/self/status]	VmSwap:	       0 kB
20220314 014310.576 INFO             PET1 PIOc_freedecomp Enter - MemInfo: [/proc/self/status]	VmRSSPercent: 0.0435193 %
20220314 014310.576 INFO             PET1 PIOc_freedecomp Enter - MemInfo: [malloc] Non-mmapped space allocated:                26691904 Byte
20220314 014310.576 INFO             PET1 PIOc_freedecomp Enter - MemInfo: [malloc] Space allocated in mmapped regions:          2887680 Byte
20220314 014310.576 INFO             PET1 PIOc_freedecomp Enter - MemInfo: [malloc] Maximum total allocated space:                     0 Byte
20220314 014310.576 INFO             PET1 PIOc_freedecomp Enter - MemInfo: [malloc] Space in freed fastbin blocks:                   144 Byte
20220314 014310.577 INFO             PET1 PIOc_freedecomp Enter - MemInfo: [malloc] Total allocated space:                      12020880 Byte
20220314 014310.577 INFO             PET1 PIOc_freedecomp Enter - MemInfo: [malloc] Total free space:                           14671024 Byte
20220314 014310.577 INFO             PET1 PIOc_freedecomp Enter - MemInfo: [malloc] Top-most, releasable space:                  8522944 Byte
20220314 014310.577 INFO             PET1 PIOc_freedecomp Enter - MemInfo: [malloc] Total space in use, mmap + non-mmap:        14908560 Byte
20220314 014310.577 INFO             PET1 PIOc_freedecomp Enter - MemInfo: [malloc] Total space held (mmap + non-mmap):         29579584 Byte
20220314 014310.577 INFO             PET1 PIOc_freedecomp Enter - MemInfo: [malloc] Total space used (mmap + non-mmap):         14917280 Byte
20220314 014310.577 INFO             PET1 PIOc_freedecomp Enter - MemInfo: Wall-clock time since execution start:               0.694524 seconds
20220314 014310.577 INFO             PET1 PIOc_freedecomp Exit - MemInfo: [/proc/meminfo - SSI]	MemTotal:       65855856 kB
20220314 014310.577 INFO             PET1 PIOc_freedecomp Exit - MemInfo: [/proc/meminfo - SSI]	MemFree:        61106092 kB
20220314 014310.577 INFO             PET1 PIOc_freedecomp Exit - MemInfo: [/proc/meminfo - SSI]	MemAvailable:   60888064 kB
20220314 014310.577 INFO             PET1 PIOc_freedecomp Exit - MemInfo: [/proc/meminfo - SSI]	Committed_AS:    2994780 kB
20220314 014310.577 INFO             PET1 PIOc_freedecomp Exit - MemInfo: [/proc/meminfo - SSI]	CommittedPercent: 4.54748 %
20220314 014310.577 INFO             PET1 PIOc_freedecomp Exit - MemInfo: [/proc/self/status]	VmPeak:	  142648 kB
20220314 014310.577 INFO             PET1 PIOc_freedecomp Exit - MemInfo: [/proc/self/status]	VmSize:	  142624 kB
20220314 014310.577 INFO             PET1 PIOc_freedecomp Exit - MemInfo: [/proc/self/status]	VmLck:	       0 kB
20220314 014310.577 INFO             PET1 PIOc_freedecomp Exit - MemInfo: [/proc/self/status]	VmPin:	       0 kB
20220314 014310.577 INFO             PET1 PIOc_freedecomp Exit - MemInfo: [/proc/self/status]	VmHWM:	   28660 kB
20220314 014310.577 INFO             PET1 PIOc_freedecomp Exit - MemInfo: [/proc/self/status]	VmRSS:	   28660 kB
20220314 014310.577 INFO             PET1 PIOc_freedecomp Exit - MemInfo: [/proc/self/status]	VmData:	   33140 kB
20220314 014310.577 INFO             PET1 PIOc_freedecomp Exit - MemInfo: [/proc/self/status]	VmStk:	     164 kB
20220314 014310.577 INFO             PET1 PIOc_freedecomp Exit - MemInfo: [/proc/self/status]	VmExe:	   40928 kB
20220314 014310.577 INFO             PET1 PIOc_freedecomp Exit - MemInfo: [/proc/self/status]	VmLib:	    1952 kB
20220314 014310.577 INFO             PET1 PIOc_freedecomp Exit - MemInfo: [/proc/self/status]	VmPTE:	     240 kB
20220314 014310.577 INFO             PET1 PIOc_freedecomp Exit - MemInfo: [/proc/self/status]	VmPMD:	      12 kB
20220314 014310.577 INFO             PET1 PIOc_freedecomp Exit - MemInfo: [/proc/self/status]	VmSwap:	       0 kB
20220314 014310.577 INFO             PET1 PIOc_freedecomp Exit - MemInfo: [/proc/self/status]	VmRSSPercent: 0.0435193 %
20220314 014310.577 INFO             PET1 PIOc_freedecomp Exit - MemInfo: [malloc] Non-mmapped space allocated:                26691904 Byte
20220314 014310.577 INFO             PET1 PIOc_freedecomp Exit - MemInfo: [malloc] Space allocated in mmapped regions:          2887680 Byte
20220314 014310.577 INFO             PET1 PIOc_freedecomp Exit - MemInfo: [malloc] Maximum total allocated space:                     0 Byte
20220314 014310.577 INFO             PET1 PIOc_freedecomp Exit - MemInfo: [malloc] Space in freed fastbin blocks:                   384 Byte
20220314 014310.577 INFO             PET1 PIOc_freedecomp Exit - MemInfo: [malloc] Total allocated space:                      12020176 Byte
20220314 014310.577 INFO             PET1 PIOc_freedecomp Exit - MemInfo: [malloc] Total free space:                           14671728 Byte
20220314 014310.577 INFO             PET1 PIOc_freedecomp Exit - MemInfo: [malloc] Top-most, releasable space:                  8522944 Byte
20220314 014310.577 INFO             PET1 PIOc_freedecomp Exit - MemInfo: [malloc] Total space in use, mmap + non-mmap:        14907856 Byte
20220314 014310.577 INFO             PET1 PIOc_freedecomp Exit - MemInfo: [malloc] Total space held (mmap + non-mmap):         29579584 Byte
20220314 014310.577 INFO             PET1 PIOc_freedecomp Exit - MemInfo: [malloc] Total space used (mmap + non-mmap):         14916624 Byte
20220314 014310.577 INFO             PET1 PIOc_freedecomp Exit - MemInfo: Wall-clock time since execution start:               0.694916 seconds
20220314 014310.579 INFO             PET1 PIOc_sync Enter - MemInfo: [/proc/meminfo - SSI]	MemTotal:       65855856 kB
20220314 014310.579 INFO             PET1 PIOc_sync Enter - MemInfo: [/proc/meminfo - SSI]	MemFree:        61106092 kB
20220314 014310.579 INFO             PET1 PIOc_sync Enter - MemInfo: [/proc/meminfo - SSI]	MemAvailable:   60888064 kB
20220314 014310.579 INFO             PET1 PIOc_sync Enter - MemInfo: [/proc/meminfo - SSI]	Committed_AS:    2994780 kB
20220314 014310.579 INFO             PET1 PIOc_sync Enter - MemInfo: [/proc/meminfo - SSI]	CommittedPercent: 4.54748 %
20220314 014310.579 INFO             PET1 PIOc_sync Enter - MemInfo: [/proc/self/status]	VmPeak:	  142648 kB
20220314 014310.579 INFO             PET1 PIOc_sync Enter - MemInfo: [/proc/self/status]	VmSize:	  142624 kB
20220314 014310.579 INFO             PET1 PIOc_sync Enter - MemInfo: [/proc/self/status]	VmLck:	       0 kB
20220314 014310.579 INFO             PET1 PIOc_sync Enter - MemInfo: [/proc/self/status]	VmPin:	       0 kB
20220314 014310.579 INFO             PET1 PIOc_sync Enter - MemInfo: [/proc/self/status]	VmHWM:	   28660 kB
20220314 014310.579 INFO             PET1 PIOc_sync Enter - MemInfo: [/proc/self/status]	VmRSS:	   28660 kB
20220314 014310.579 INFO             PET1 PIOc_sync Enter - MemInfo: [/proc/self/status]	VmData:	   33140 kB
20220314 014310.579 INFO             PET1 PIOc_sync Enter - MemInfo: [/proc/self/status]	VmStk:	     164 kB
20220314 014310.579 INFO             PET1 PIOc_sync Enter - MemInfo: [/proc/self/status]	VmExe:	   40928 kB
20220314 014310.579 INFO             PET1 PIOc_sync Enter - MemInfo: [/proc/self/status]	VmLib:	    1952 kB
20220314 014310.579 INFO             PET1 PIOc_sync Enter - MemInfo: [/proc/self/status]	VmPTE:	     240 kB
20220314 014310.579 INFO             PET1 PIOc_sync Enter - MemInfo: [/proc/self/status]	VmPMD:	      12 kB
20220314 014310.579 INFO             PET1 PIOc_sync Enter - MemInfo: [/proc/self/status]	VmSwap:	       0 kB
20220314 014310.579 INFO             PET1 PIOc_sync Enter - MemInfo: [/proc/self/status]	VmRSSPercent: 0.0435193 %
20220314 014310.579 INFO             PET1 PIOc_sync Enter - MemInfo: [malloc] Non-mmapped space allocated:                26691904 Byte
20220314 014310.579 INFO             PET1 PIOc_sync Enter - MemInfo: [malloc] Space allocated in mmapped regions:          2887680 Byte
20220314 014310.579 INFO             PET1 PIOc_sync Enter - MemInfo: [malloc] Maximum total allocated space:                     0 Byte
20220314 014310.579 INFO             PET1 PIOc_sync Enter - MemInfo: [malloc] Space in freed fastbin blocks:                    80 Byte
20220314 014310.579 INFO             PET1 PIOc_sync Enter - MemInfo: [malloc] Total allocated space:                      12022528 Byte
20220314 014310.579 INFO             PET1 PIOc_sync Enter - MemInfo: [malloc] Total free space:                           14669376 Byte
20220314 014310.579 INFO             PET1 PIOc_sync Enter - MemInfo: [malloc] Top-most, releasable space:                  8522944 Byte
20220314 014310.579 INFO             PET1 PIOc_sync Enter - MemInfo: [malloc] Total space in use, mmap + non-mmap:        14910208 Byte
20220314 014310.579 INFO             PET1 PIOc_sync Enter - MemInfo: [malloc] Total space held (mmap + non-mmap):         29579584 Byte
20220314 014310.579 INFO             PET1 PIOc_sync Enter - MemInfo: [malloc] Total space used (mmap + non-mmap):         14918416 Byte
20220314 014310.579 INFO             PET1 PIOc_sync Enter - MemInfo: Wall-clock time since execution start:               0.697296 seconds
20220314 014310.579 INFO             PET1 PIOc_sync Exit - MemInfo: [/proc/meminfo - SSI]	MemTotal:       65855856 kB
20220314 014310.579 INFO             PET1 PIOc_sync Exit - MemInfo: [/proc/meminfo - SSI]	MemFree:        61106092 kB
20220314 014310.579 INFO             PET1 PIOc_sync Exit - MemInfo: [/proc/meminfo - SSI]	MemAvailable:   60888064 kB
20220314 014310.580 INFO             PET1 PIOc_sync Exit - MemInfo: [/proc/meminfo - SSI]	Committed_AS:    2994780 kB
20220314 014310.580 INFO             PET1 PIOc_sync Exit - MemInfo: [/proc/meminfo - SSI]	CommittedPercent: 4.54748 %
20220314 014310.580 INFO             PET1 PIOc_sync Exit - MemInfo: [/proc/self/status]	VmPeak:	  142648 kB
20220314 014310.580 INFO             PET1 PIOc_sync Exit - MemInfo: [/proc/self/status]	VmSize:	  142624 kB
20220314 014310.580 INFO             PET1 PIOc_sync Exit - MemInfo: [/proc/self/status]	VmLck:	       0 kB
20220314 014310.580 INFO             PET1 PIOc_sync Exit - MemInfo: [/proc/self/status]	VmPin:	       0 kB
20220314 014310.580 INFO             PET1 PIOc_sync Exit - MemInfo: [/proc/self/status]	VmHWM:	   28660 kB
20220314 014310.580 INFO             PET1 PIOc_sync Exit - MemInfo: [/proc/self/status]	VmRSS:	   28660 kB
20220314 014310.580 INFO             PET1 PIOc_sync Exit - MemInfo: [/proc/self/status]	VmData:	   33140 kB
20220314 014310.580 INFO             PET1 PIOc_sync Exit - MemInfo: [/proc/self/status]	VmStk:	     164 kB
20220314 014310.580 INFO             PET1 PIOc_sync Exit - MemInfo: [/proc/self/status]	VmExe:	   40928 kB
20220314 014310.580 INFO             PET1 PIOc_sync Exit - MemInfo: [/proc/self/status]	VmLib:	    1952 kB
20220314 014310.580 INFO             PET1 PIOc_sync Exit - MemInfo: [/proc/self/status]	VmPTE:	     240 kB
20220314 014310.580 INFO             PET1 PIOc_sync Exit - MemInfo: [/proc/self/status]	VmPMD:	      12 kB
20220314 014310.580 INFO             PET1 PIOc_sync Exit - MemInfo: [/proc/self/status]	VmSwap:	       0 kB
20220314 014310.580 INFO             PET1 PIOc_sync Exit - MemInfo: [/proc/self/status]	VmRSSPercent: 0.0435193 %
20220314 014310.580 INFO             PET1 PIOc_sync Exit - MemInfo: [malloc] Non-mmapped space allocated:                26691904 Byte
20220314 014310.580 INFO             PET1 PIOc_sync Exit - MemInfo: [malloc] Space allocated in mmapped regions:          2887680 Byte
20220314 014310.580 INFO             PET1 PIOc_sync Exit - MemInfo: [malloc] Maximum total allocated space:                     0 Byte
20220314 014310.580 INFO             PET1 PIOc_sync Exit - MemInfo: [malloc] Space in freed fastbin blocks:                     0 Byte
20220314 014310.580 INFO             PET1 PIOc_sync Exit - MemInfo: [malloc] Total allocated space:                      12022608 Byte
20220314 014310.580 INFO             PET1 PIOc_sync Exit - MemInfo: [malloc] Total free space:                           14669296 Byte
20220314 014310.580 INFO             PET1 PIOc_sync Exit - MemInfo: [malloc] Top-most, releasable space:                  8522944 Byte
20220314 014310.580 INFO             PET1 PIOc_sync Exit - MemInfo: [malloc] Total space in use, mmap + non-mmap:        14910288 Byte
20220314 014310.580 INFO             PET1 PIOc_sync Exit - MemInfo: [malloc] Total space held (mmap + non-mmap):         29579584 Byte
20220314 014310.580 INFO             PET1 PIOc_sync Exit - MemInfo: [malloc] Total space used (mmap + non-mmap):         14918496 Byte
20220314 014310.580 INFO             PET1 PIOc_sync Exit - MemInfo: Wall-clock time since execution start:               0.697788 seconds
20220314 014310.580 INFO             PET1 PIOc_freedecomp Enter - MemInfo: [/proc/meminfo - SSI]	MemTotal:       65855856 kB
20220314 014310.580 INFO             PET1 PIOc_freedecomp Enter - MemInfo: [/proc/meminfo - SSI]	MemFree:        61106092 kB
20220314 014310.580 INFO             PET1 PIOc_freedecomp Enter - MemInfo: [/proc/meminfo - SSI]	MemAvailable:   60888064 kB
20220314 014310.580 INFO             PET1 PIOc_freedecomp Enter - MemInfo: [/proc/meminfo - SSI]	Committed_AS:    2994780 kB
20220314 014310.580 INFO             PET1 PIOc_freedecomp Enter - MemInfo: [/proc/meminfo - SSI]	CommittedPercent: 4.54748 %
20220314 014310.580 INFO             PET1 PIOc_freedecomp Enter - MemInfo: [/proc/self/status]	VmPeak:	  142648 kB
20220314 014310.580 INFO             PET1 PIOc_freedecomp Enter - MemInfo: [/proc/self/status]	VmSize:	  142624 kB
20220314 014310.580 INFO             PET1 PIOc_freedecomp Enter - MemInfo: [/proc/self/status]	VmLck:	       0 kB
20220314 014310.580 INFO             PET1 PIOc_freedecomp Enter - MemInfo: [/proc/self/status]	VmPin:	       0 kB
20220314 014310.580 INFO             PET1 PIOc_freedecomp Enter - MemInfo: [/proc/self/status]	VmHWM:	   28660 kB
20220314 014310.580 INFO             PET1 PIOc_freedecomp Enter - MemInfo: [/proc/self/status]	VmRSS:	   28660 kB
20220314 014310.580 INFO             PET1 PIOc_freedecomp Enter - MemInfo: [/proc/self/status]	VmData:	   33140 kB
20220314 014310.580 INFO             PET1 PIOc_freedecomp Enter - MemInfo: [/proc/self/status]	VmStk:	     164 kB
20220314 014310.580 INFO             PET1 PIOc_freedecomp Enter - MemInfo: [/proc/self/status]	VmExe:	   40928 kB
20220314 014310.580 INFO             PET1 PIOc_freedecomp Enter - MemInfo: [/proc/self/status]	VmLib:	    1952 kB
20220314 014310.580 INFO             PET1 PIOc_freedecomp Enter - MemInfo: [/proc/self/status]	VmPTE:	     240 kB
20220314 014310.580 INFO             PET1 PIOc_freedecomp Enter - MemInfo: [/proc/self/status]	VmPMD:	      12 kB
20220314 014310.580 INFO             PET1 PIOc_freedecomp Enter - MemInfo: [/proc/self/status]	VmSwap:	       0 kB
20220314 014310.580 INFO             PET1 PIOc_freedecomp Enter - MemInfo: [/proc/self/status]	VmRSSPercent: 0.0435193 %
20220314 014310.580 INFO             PET1 PIOc_freedecomp Enter - MemInfo: [malloc] Non-mmapped space allocated:                26691904 Byte
20220314 014310.580 INFO             PET1 PIOc_freedecomp Enter - MemInfo: [malloc] Space allocated in mmapped regions:          2887680 Byte
20220314 014310.580 INFO             PET1 PIOc_freedecomp Enter - MemInfo: [malloc] Maximum total allocated space:                     0 Byte
20220314 014310.580 INFO             PET1 PIOc_freedecomp Enter - MemInfo: [malloc] Space in freed fastbin blocks:                     0 Byte
20220314 014310.580 INFO             PET1 PIOc_freedecomp Enter - MemInfo: [malloc] Total allocated space:                      12022176 Byte
20220314 014310.580 INFO             PET1 PIOc_freedecomp Enter - MemInfo: [malloc] Total free space:                           14669728 Byte
20220314 014310.580 INFO             PET1 PIOc_freedecomp Enter - MemInfo: [malloc] Top-most, releasable space:                  8522944 Byte
20220314 014310.580 INFO             PET1 PIOc_freedecomp Enter - MemInfo: [malloc] Total space in use, mmap + non-mmap:        14909856 Byte
20220314 014310.580 INFO             PET1 PIOc_freedecomp Enter - MemInfo: [malloc] Total space held (mmap + non-mmap):         29579584 Byte
20220314 014310.580 INFO             PET1 PIOc_freedecomp Enter - MemInfo: [malloc] Total space used (mmap + non-mmap):         14918064 Byte
20220314 014310.580 INFO             PET1 PIOc_freedecomp Enter - MemInfo: Wall-clock time since execution start:               0.698375 seconds
20220314 014310.580 INFO             PET1 PIOc_freedecomp Exit - MemInfo: [/proc/meminfo - SSI]	MemTotal:       65855856 kB
20220314 014310.580 INFO             PET1 PIOc_freedecomp Exit - MemInfo: [/proc/meminfo - SSI]	MemFree:        61106092 kB
20220314 014310.580 INFO             PET1 PIOc_freedecomp Exit - MemInfo: [/proc/meminfo - SSI]	MemAvailable:   60888064 kB
20220314 014310.581 INFO             PET1 PIOc_freedecomp Exit - MemInfo: [/proc/meminfo - SSI]	Committed_AS:    2994780 kB
20220314 014310.581 INFO             PET1 PIOc_freedecomp Exit - MemInfo: [/proc/meminfo - SSI]	CommittedPercent: 4.54748 %
20220314 014310.581 INFO             PET1 PIOc_freedecomp Exit - MemInfo: [/proc/self/status]	VmPeak:	  142648 kB
20220314 014310.581 INFO             PET1 PIOc_freedecomp Exit - MemInfo: [/proc/self/status]	VmSize:	  142624 kB
20220314 014310.581 INFO             PET1 PIOc_freedecomp Exit - MemInfo: [/proc/self/status]	VmLck:	       0 kB
20220314 014310.581 INFO             PET1 PIOc_freedecomp Exit - MemInfo: [/proc/self/status]	VmPin:	       0 kB
20220314 014310.581 INFO             PET1 PIOc_freedecomp Exit - MemInfo: [/proc/self/status]	VmHWM:	   28660 kB
20220314 014310.581 INFO             PET1 PIOc_freedecomp Exit - MemInfo: [/proc/self/status]	VmRSS:	   28660 kB
20220314 014310.581 INFO             PET1 PIOc_freedecomp Exit - MemInfo: [/proc/self/status]	VmData:	   33140 kB
20220314 014310.581 INFO             PET1 PIOc_freedecomp Exit - MemInfo: [/proc/self/status]	VmStk:	     164 kB
20220314 014310.581 INFO             PET1 PIOc_freedecomp Exit - MemInfo: [/proc/self/status]	VmExe:	   40928 kB
20220314 014310.581 INFO             PET1 PIOc_freedecomp Exit - MemInfo: [/proc/self/status]	VmLib:	    1952 kB
20220314 014310.581 INFO             PET1 PIOc_freedecomp Exit - MemInfo: [/proc/self/status]	VmPTE:	     240 kB
20220314 014310.581 INFO             PET1 PIOc_freedecomp Exit - MemInfo: [/proc/self/status]	VmPMD:	      12 kB
20220314 014310.581 INFO             PET1 PIOc_freedecomp Exit - MemInfo: [/proc/self/status]	VmSwap:	       0 kB
20220314 014310.581 INFO             PET1 PIOc_freedecomp Exit - MemInfo: [/proc/self/status]	VmRSSPercent: 0.0435193 %
20220314 014310.581 INFO             PET1 PIOc_freedecomp Exit - MemInfo: [malloc] Non-mmapped space allocated:                26691904 Byte
20220314 014310.581 INFO             PET1 PIOc_freedecomp Exit - MemInfo: [malloc] Space allocated in mmapped regions:          2887680 Byte
20220314 014310.581 INFO             PET1 PIOc_freedecomp Exit - MemInfo: [malloc] Maximum total allocated space:                     0 Byte
20220314 014310.581 INFO             PET1 PIOc_freedecomp Exit - MemInfo: [malloc] Space in freed fastbin blocks:                   544 Byte
20220314 014310.581 INFO             PET1 PIOc_freedecomp Exit - MemInfo: [malloc] Total allocated space:                      12020800 Byte
20220314 014310.581 INFO             PET1 PIOc_freedecomp Exit - MemInfo: [malloc] Total free space:                           14671104 Byte
20220314 014310.581 INFO             PET1 PIOc_freedecomp Exit - MemInfo: [malloc] Top-most, releasable space:                  8522944 Byte
20220314 014310.581 INFO             PET1 PIOc_freedecomp Exit - MemInfo: [malloc] Total space in use, mmap + non-mmap:        14908480 Byte
20220314 014310.581 INFO             PET1 PIOc_freedecomp Exit - MemInfo: [malloc] Total space held (mmap + non-mmap):         29579584 Byte
20220314 014310.581 INFO             PET1 PIOc_freedecomp Exit - MemInfo: [malloc] Total space used (mmap + non-mmap):         14916688 Byte
20220314 014310.581 INFO             PET1 PIOc_freedecomp Exit - MemInfo: Wall-clock time since execution start:               0.698767 seconds
20220314 014310.582 INFO             PET1 PIOc_sync Enter - MemInfo: [/proc/meminfo - SSI]	MemTotal:       65855856 kB
20220314 014310.582 INFO             PET1 PIOc_sync Enter - MemInfo: [/proc/meminfo - SSI]	MemFree:        61106092 kB
20220314 014310.582 INFO             PET1 PIOc_sync Enter - MemInfo: [/proc/meminfo - SSI]	MemAvailable:   60888064 kB
20220314 014310.582 INFO             PET1 PIOc_sync Enter - MemInfo: [/proc/meminfo - SSI]	Committed_AS:    2994780 kB
20220314 014310.582 INFO             PET1 PIOc_sync Enter - MemInfo: [/proc/meminfo - SSI]	CommittedPercent: 4.54748 %
20220314 014310.582 INFO             PET1 PIOc_sync Enter - MemInfo: [/proc/self/status]	VmPeak:	  142648 kB
20220314 014310.582 INFO             PET1 PIOc_sync Enter - MemInfo: [/proc/self/status]	VmSize:	  142624 kB
20220314 014310.582 INFO             PET1 PIOc_sync Enter - MemInfo: [/proc/self/status]	VmLck:	       0 kB
20220314 014310.582 INFO             PET1 PIOc_sync Enter - MemInfo: [/proc/self/status]	VmPin:	       0 kB
20220314 014310.582 INFO             PET1 PIOc_sync Enter - MemInfo: [/proc/self/status]	VmHWM:	   28660 kB
20220314 014310.582 INFO             PET1 PIOc_sync Enter - MemInfo: [/proc/self/status]	VmRSS:	   28660 kB
20220314 014310.582 INFO             PET1 PIOc_sync Enter - MemInfo: [/proc/self/status]	VmData:	   33140 kB
20220314 014310.582 INFO             PET1 PIOc_sync Enter - MemInfo: [/proc/self/status]	VmStk:	     164 kB
20220314 014310.582 INFO             PET1 PIOc_sync Enter - MemInfo: [/proc/self/status]	VmExe:	   40928 kB
20220314 014310.582 INFO             PET1 PIOc_sync Enter - MemInfo: [/proc/self/status]	VmLib:	    1952 kB
20220314 014310.583 INFO             PET1 PIOc_sync Enter - MemInfo: [/proc/self/status]	VmPTE:	     240 kB
20220314 014310.583 INFO             PET1 PIOc_sync Enter - MemInfo: [/proc/self/status]	VmPMD:	      12 kB
20220314 014310.583 INFO             PET1 PIOc_sync Enter - MemInfo: [/proc/self/status]	VmSwap:	       0 kB
20220314 014310.583 INFO             PET1 PIOc_sync Enter - MemInfo: [/proc/self/status]	VmRSSPercent: 0.0435193 %
20220314 014310.583 INFO             PET1 PIOc_sync Enter - MemInfo: [malloc] Non-mmapped space allocated:                26691904 Byte
20220314 014310.583 INFO             PET1 PIOc_sync Enter - MemInfo: [malloc] Space allocated in mmapped regions:          2887680 Byte
20220314 014310.583 INFO             PET1 PIOc_sync Enter - MemInfo: [malloc] Maximum total allocated space:                     0 Byte
20220314 014310.583 INFO             PET1 PIOc_sync Enter - MemInfo: [malloc] Space in freed fastbin blocks:                    80 Byte
20220314 014310.583 INFO             PET1 PIOc_sync Enter - MemInfo: [malloc] Total allocated space:                      12022800 Byte
20220314 014310.583 INFO             PET1 PIOc_sync Enter - MemInfo: [malloc] Total free space:                           14669104 Byte
20220314 014310.583 INFO             PET1 PIOc_sync Enter - MemInfo: [malloc] Top-most, releasable space:                  8522944 Byte
20220314 014310.583 INFO             PET1 PIOc_sync Enter - MemInfo: [malloc] Total space in use, mmap + non-mmap:        14910480 Byte
20220314 014310.583 INFO             PET1 PIOc_sync Enter - MemInfo: [malloc] Total space held (mmap + non-mmap):         29579584 Byte
20220314 014310.583 INFO             PET1 PIOc_sync Enter - MemInfo: [malloc] Total space used (mmap + non-mmap):         14918688 Byte
20220314 014310.583 INFO             PET1 PIOc_sync Enter - MemInfo: Wall-clock time since execution start:               0.700588 seconds
20220314 014310.583 INFO             PET1 PIOc_sync Exit - MemInfo: [/proc/meminfo - SSI]	MemTotal:       65855856 kB
20220314 014310.583 INFO             PET1 PIOc_sync Exit - MemInfo: [/proc/meminfo - SSI]	MemFree:        61106092 kB
20220314 014310.583 INFO             PET1 PIOc_sync Exit - MemInfo: [/proc/meminfo - SSI]	MemAvailable:   60888064 kB
20220314 014310.583 INFO             PET1 PIOc_sync Exit - MemInfo: [/proc/meminfo - SSI]	Committed_AS:    2994780 kB
20220314 014310.583 INFO             PET1 PIOc_sync Exit - MemInfo: [/proc/meminfo - SSI]	CommittedPercent: 4.54748 %
20220314 014310.583 INFO             PET1 PIOc_sync Exit - MemInfo: [/proc/self/status]	VmPeak:	  142648 kB
20220314 014310.583 INFO             PET1 PIOc_sync Exit - MemInfo: [/proc/self/status]	VmSize:	  142624 kB
20220314 014310.583 INFO             PET1 PIOc_sync Exit - MemInfo: [/proc/self/status]	VmLck:	       0 kB
20220314 014310.583 INFO             PET1 PIOc_sync Exit - MemInfo: [/proc/self/status]	VmPin:	       0 kB
20220314 014310.583 INFO             PET1 PIOc_sync Exit - MemInfo: [/proc/self/status]	VmHWM:	   28660 kB
20220314 014310.583 INFO             PET1 PIOc_sync Exit - MemInfo: [/proc/self/status]	VmRSS:	   28660 kB
20220314 014310.583 INFO             PET1 PIOc_sync Exit - MemInfo: [/proc/self/status]	VmData:	   33140 kB
20220314 014310.583 INFO             PET1 PIOc_sync Exit - MemInfo: [/proc/self/status]	VmStk:	     164 kB
20220314 014310.583 INFO             PET1 PIOc_sync Exit - MemInfo: [/proc/self/status]	VmExe:	   40928 kB
20220314 014310.583 INFO             PET1 PIOc_sync Exit - MemInfo: [/proc/self/status]	VmLib:	    1952 kB
20220314 014310.583 INFO             PET1 PIOc_sync Exit - MemInfo: [/proc/self/status]	VmPTE:	     240 kB
20220314 014310.583 INFO             PET1 PIOc_sync Exit - MemInfo: [/proc/self/status]	VmPMD:	      12 kB
20220314 014310.583 INFO             PET1 PIOc_sync Exit - MemInfo: [/proc/self/status]	VmSwap:	       0 kB
20220314 014310.583 INFO             PET1 PIOc_sync Exit - MemInfo: [/proc/self/status]	VmRSSPercent: 0.0435193 %
20220314 014310.583 INFO             PET1 PIOc_sync Exit - MemInfo: [malloc] Non-mmapped space allocated:                26691904 Byte
20220314 014310.583 INFO             PET1 PIOc_sync Exit - MemInfo: [malloc] Space allocated in mmapped regions:          2887680 Byte
20220314 014310.583 INFO             PET1 PIOc_sync Exit - MemInfo: [malloc] Maximum total allocated space:                     0 Byte
20220314 014310.583 INFO             PET1 PIOc_sync Exit - MemInfo: [malloc] Space in freed fastbin blocks:                     0 Byte
20220314 014310.583 INFO             PET1 PIOc_sync Exit - MemInfo: [malloc] Total allocated space:                      12022800 Byte
20220314 014310.583 INFO             PET1 PIOc_sync Exit - MemInfo: [malloc] Total free space:                           14669104 Byte
20220314 014310.583 INFO             PET1 PIOc_sync Exit - MemInfo: [malloc] Top-most, releasable space:                  8522944 Byte
20220314 014310.583 INFO             PET1 PIOc_sync Exit - MemInfo: [malloc] Total space in use, mmap + non-mmap:        14910480 Byte
20220314 014310.583 INFO             PET1 PIOc_sync Exit - MemInfo: [malloc] Total space held (mmap + non-mmap):         29579584 Byte
20220314 014310.583 INFO             PET1 PIOc_sync Exit - MemInfo: [malloc] Total space used (mmap + non-mmap):         14918688 Byte
20220314 014310.583 INFO             PET1 PIOc_sync Exit - MemInfo: Wall-clock time since execution start:               0.701121 seconds
20220314 014310.583 INFO             PET1 PIOc_freedecomp Enter - MemInfo: [/proc/meminfo - SSI]	MemTotal:       65855856 kB
20220314 014310.583 INFO             PET1 PIOc_freedecomp Enter - MemInfo: [/proc/meminfo - SSI]	MemFree:        61106092 kB
20220314 014310.583 INFO             PET1 PIOc_freedecomp Enter - MemInfo: [/proc/meminfo - SSI]	MemAvailable:   60888064 kB
20220314 014310.583 INFO             PET1 PIOc_freedecomp Enter - MemInfo: [/proc/meminfo - SSI]	Committed_AS:    2994780 kB
20220314 014310.583 INFO             PET1 PIOc_freedecomp Enter - MemInfo: [/proc/meminfo - SSI]	CommittedPercent: 4.54748 %
20220314 014310.584 INFO             PET1 PIOc_freedecomp Enter - MemInfo: [/proc/self/status]	VmPeak:	  142648 kB
20220314 014310.584 INFO             PET1 PIOc_freedecomp Enter - MemInfo: [/proc/self/status]	VmSize:	  142624 kB
20220314 014310.584 INFO             PET1 PIOc_freedecomp Enter - MemInfo: [/proc/self/status]	VmLck:	       0 kB
20220314 014310.584 INFO             PET1 PIOc_freedecomp Enter - MemInfo: [/proc/self/status]	VmPin:	       0 kB
20220314 014310.584 INFO             PET1 PIOc_freedecomp Enter - MemInfo: [/proc/self/status]	VmHWM:	   28660 kB
20220314 014310.584 INFO             PET1 PIOc_freedecomp Enter - MemInfo: [/proc/self/status]	VmRSS:	   28660 kB
20220314 014310.584 INFO             PET1 PIOc_freedecomp Enter - MemInfo: [/proc/self/status]	VmData:	   33140 kB
20220314 014310.584 INFO             PET1 PIOc_freedecomp Enter - MemInfo: [/proc/self/status]	VmStk:	     164 kB
20220314 014310.584 INFO             PET1 PIOc_freedecomp Enter - MemInfo: [/proc/self/status]	VmExe:	   40928 kB
20220314 014310.584 INFO             PET1 PIOc_freedecomp Enter - MemInfo: [/proc/self/status]	VmLib:	    1952 kB
20220314 014310.584 INFO             PET1 PIOc_freedecomp Enter - MemInfo: [/proc/self/status]	VmPTE:	     240 kB
20220314 014310.584 INFO             PET1 PIOc_freedecomp Enter - MemInfo: [/proc/self/status]	VmPMD:	      12 kB
20220314 014310.584 INFO             PET1 PIOc_freedecomp Enter - MemInfo: [/proc/self/status]	VmSwap:	       0 kB
20220314 014310.584 INFO             PET1 PIOc_freedecomp Enter - MemInfo: [/proc/self/status]	VmRSSPercent: 0.0435193 %
20220314 014310.584 INFO             PET1 PIOc_freedecomp Enter - MemInfo: [malloc] Non-mmapped space allocated:                26691904 Byte
20220314 014310.584 INFO             PET1 PIOc_freedecomp Enter - MemInfo: [malloc] Space allocated in mmapped regions:          2887680 Byte
20220314 014310.584 INFO             PET1 PIOc_freedecomp Enter - MemInfo: [malloc] Maximum total allocated space:                     0 Byte
20220314 014310.584 INFO             PET1 PIOc_freedecomp Enter - MemInfo: [malloc] Space in freed fastbin blocks:                    80 Byte
20220314 014310.584 INFO             PET1 PIOc_freedecomp Enter - MemInfo: [malloc] Total allocated space:                      12022144 Byte
20220314 014310.584 INFO             PET1 PIOc_freedecomp Enter - MemInfo: [malloc] Total free space:                           14669760 Byte
20220314 014310.584 INFO             PET1 PIOc_freedecomp Enter - MemInfo: [malloc] Top-most, releasable space:                  8522944 Byte
20220314 014310.584 INFO             PET1 PIOc_freedecomp Enter - MemInfo: [malloc] Total space in use, mmap + non-mmap:        14909824 Byte
20220314 014310.584 INFO             PET1 PIOc_freedecomp Enter - MemInfo: [malloc] Total space held (mmap + non-mmap):         29579584 Byte
20220314 014310.584 INFO             PET1 PIOc_freedecomp Enter - MemInfo: [malloc] Total space used (mmap + non-mmap):         14918032 Byte
20220314 014310.584 INFO             PET1 PIOc_freedecomp Enter - MemInfo: Wall-clock time since execution start:                0.70169 seconds
20220314 014310.584 INFO             PET1 PIOc_freedecomp Exit - MemInfo: [/proc/meminfo - SSI]	MemTotal:       65855856 kB
20220314 014310.584 INFO             PET1 PIOc_freedecomp Exit - MemInfo: [/proc/meminfo - SSI]	MemFree:        61106092 kB
20220314 014310.584 INFO             PET1 PIOc_freedecomp Exit - MemInfo: [/proc/meminfo - SSI]	MemAvailable:   60888064 kB
20220314 014310.584 INFO             PET1 PIOc_freedecomp Exit - MemInfo: [/proc/meminfo - SSI]	Committed_AS:    2994780 kB
20220314 014310.584 INFO             PET1 PIOc_freedecomp Exit - MemInfo: [/proc/meminfo - SSI]	CommittedPercent: 4.54748 %
20220314 014310.584 INFO             PET1 PIOc_freedecomp Exit - MemInfo: [/proc/self/status]	VmPeak:	  142648 kB
20220314 014310.584 INFO             PET1 PIOc_freedecomp Exit - MemInfo: [/proc/self/status]	VmSize:	  142624 kB
20220314 014310.584 INFO             PET1 PIOc_freedecomp Exit - MemInfo: [/proc/self/status]	VmLck:	       0 kB
20220314 014310.584 INFO             PET1 PIOc_freedecomp Exit - MemInfo: [/proc/self/status]	VmPin:	       0 kB
20220314 014310.584 INFO             PET1 PIOc_freedecomp Exit - MemInfo: [/proc/self/status]	VmHWM:	   28660 kB
20220314 014310.584 INFO             PET1 PIOc_freedecomp Exit - MemInfo: [/proc/self/status]	VmRSS:	   28660 kB
20220314 014310.584 INFO             PET1 PIOc_freedecomp Exit - MemInfo: [/proc/self/status]	VmData:	   33140 kB
20220314 014310.584 INFO             PET1 PIOc_freedecomp Exit - MemInfo: [/proc/self/status]	VmStk:	     164 kB
20220314 014310.584 INFO             PET1 PIOc_freedecomp Exit - MemInfo: [/proc/self/status]	VmExe:	   40928 kB
20220314 014310.584 INFO             PET1 PIOc_freedecomp Exit - MemInfo: [/proc/self/status]	VmLib:	    1952 kB
20220314 014310.584 INFO             PET1 PIOc_freedecomp Exit - MemInfo: [/proc/self/status]	VmPTE:	     240 kB
20220314 014310.584 INFO             PET1 PIOc_freedecomp Exit - MemInfo: [/proc/self/status]	VmPMD:	      12 kB
20220314 014310.584 INFO             PET1 PIOc_freedecomp Exit - MemInfo: [/proc/self/status]	VmSwap:	       0 kB
20220314 014310.584 INFO             PET1 PIOc_freedecomp Exit - MemInfo: [/proc/self/status]	VmRSSPercent: 0.0435193 %
20220314 014310.584 INFO             PET1 PIOc_freedecomp Exit - MemInfo: [malloc] Non-mmapped space allocated:                26691904 Byte
20220314 014310.584 INFO             PET1 PIOc_freedecomp Exit - MemInfo: [malloc] Space allocated in mmapped regions:          2887680 Byte
20220314 014310.584 INFO             PET1 PIOc_freedecomp Exit - MemInfo: [malloc] Maximum total allocated space:                     0 Byte
20220314 014310.584 INFO             PET1 PIOc_freedecomp Exit - MemInfo: [malloc] Space in freed fastbin blocks:                   512 Byte
20220314 014310.584 INFO             PET1 PIOc_freedecomp Exit - MemInfo: [malloc] Total allocated space:                      12020800 Byte
20220314 014310.584 INFO             PET1 PIOc_freedecomp Exit - MemInfo: [malloc] Total free space:                           14671104 Byte
20220314 014310.584 INFO             PET1 PIOc_freedecomp Exit - MemInfo: [malloc] Top-most, releasable space:                  8522944 Byte
20220314 014310.584 INFO             PET1 PIOc_freedecomp Exit - MemInfo: [malloc] Total space in use, mmap + non-mmap:        14908480 Byte
20220314 014310.584 INFO             PET1 PIOc_freedecomp Exit - MemInfo: [malloc] Total space held (mmap + non-mmap):         29579584 Byte
20220314 014310.584 INFO             PET1 PIOc_freedecomp Exit - MemInfo: [malloc] Total space used (mmap + non-mmap):         14916688 Byte
20220314 014310.584 INFO             PET1 PIOc_freedecomp Exit - MemInfo: Wall-clock time since execution start:               0.702081 seconds
20220314 014310.588 INFO             PET1  PASS  ESMF_FieldRegridStoreFromFile Unit Test, ESMF_FieldSMMFromFileUTest.F90, line 315
20220314 014310.588 INFO             PET1  Ending Test, file ESMF_FieldSMMFromFileUTest.F90, line 322
20220314 014310.588 INFO             PET1 Finalizing ESMF
20220314 014309.897 INFO             PET2 !!!!!!!!!!!!!!!!!!!!!!!!!!!!!!!!!!!!!!!!!!!!!!!!!!!!!!
20220314 014309.915 INFO             PET2 !!! THE ESMF_LOG IS SET TO OUTPUT ALL LOG MESSAGES !!!
20220314 014309.915 INFO             PET2 !!!     THIS MAY CAUSE SLOWDOWN IN PERFORMANCE     !!!
20220314 014309.915 INFO             PET2 !!! FOR PRODUCTION RUNS, USE:                      !!!
20220314 014309.915 INFO             PET2 !!!                   ESMF_LOGKIND_Multi_On_Error  !!!
20220314 014309.915 INFO             PET2 !!!!!!!!!!!!!!!!!!!!!!!!!!!!!!!!!!!!!!!!!!!!!!!!!!!!!!
20220314 014309.915 INFO             PET2 Running with ESMF Version   : v8.3.0b09-96-g559b459836
20220314 014309.916 INFO             PET2 ESMF library build date/time: "Mar 14 2022" "00:45:31"
20220314 014309.916 INFO             PET2 ESMF library build location : /lustre/f2/dev/ncep/Mark.Potts/gfortran_8.3.0_mpi_g_jedwards_pio_update2
20220314 014309.916 INFO             PET2 ESMF_COMM                   : mpi
20220314 014309.917 INFO             PET2 ESMF_MOAB                   : enabled
20220314 014309.917 INFO             PET2 ESMF_LAPACK                 : enabled
20220314 014309.917 INFO             PET2 ESMF_NETCDF                 : enabled
20220314 014309.917 INFO             PET2 ESMF_PNETCDF                : disabled
20220314 014309.917 INFO             PET2 ESMF_PIO                    : enabled
20220314 014309.917 INFO             PET2 ESMF_YAMLCPP                : enabled
20220314 014309.932 INFO             PET2  Beginning Test, file ESMF_FieldSMMFromFileUTest.F90, line 287
20220314 014309.932 INFO             PET2  NUMBER_OF_PROCESSORS           4
20220314 014310.490 INFO             PET2  PASS  ESMF_FieldSMMFromFile Unit Test, ESMF_FieldSMMFromFileUTest.F90, line 300
20220314 014310.575 INFO             PET2 PIOc_sync Enter - MemInfo: [/proc/meminfo - SSI]	MemTotal:       65855856 kB
20220314 014310.575 INFO             PET2 PIOc_sync Enter - MemInfo: [/proc/meminfo - SSI]	MemFree:        61106092 kB
20220314 014310.575 INFO             PET2 PIOc_sync Enter - MemInfo: [/proc/meminfo - SSI]	MemAvailable:   60888064 kB
20220314 014310.575 INFO             PET2 PIOc_sync Enter - MemInfo: [/proc/meminfo - SSI]	Committed_AS:    2994780 kB
20220314 014310.575 INFO             PET2 PIOc_sync Enter - MemInfo: [/proc/meminfo - SSI]	CommittedPercent: 4.54748 %
20220314 014310.575 INFO             PET2 PIOc_sync Enter - MemInfo: [/proc/self/status]	VmPeak:	  136504 kB
20220314 014310.575 INFO             PET2 PIOc_sync Enter - MemInfo: [/proc/self/status]	VmSize:	  136480 kB
20220314 014310.575 INFO             PET2 PIOc_sync Enter - MemInfo: [/proc/self/status]	VmLck:	       0 kB
20220314 014310.575 INFO             PET2 PIOc_sync Enter - MemInfo: [/proc/self/status]	VmPin:	       0 kB
20220314 014310.575 INFO             PET2 PIOc_sync Enter - MemInfo: [/proc/self/status]	VmHWM:	   29068 kB
20220314 014310.575 INFO             PET2 PIOc_sync Enter - MemInfo: [/proc/self/status]	VmRSS:	   29068 kB
20220314 014310.575 INFO             PET2 PIOc_sync Enter - MemInfo: [/proc/self/status]	VmData:	   33140 kB
20220314 014310.575 INFO             PET2 PIOc_sync Enter - MemInfo: [/proc/self/status]	VmStk:	     164 kB
20220314 014310.575 INFO             PET2 PIOc_sync Enter - MemInfo: [/proc/self/status]	VmExe:	   40928 kB
20220314 014310.575 INFO             PET2 PIOc_sync Enter - MemInfo: [/proc/self/status]	VmLib:	    1952 kB
20220314 014310.575 INFO             PET2 PIOc_sync Enter - MemInfo: [/proc/self/status]	VmPTE:	     228 kB
20220314 014310.575 INFO             PET2 PIOc_sync Enter - MemInfo: [/proc/self/status]	VmPMD:	      12 kB
20220314 014310.575 INFO             PET2 PIOc_sync Enter - MemInfo: [/proc/self/status]	VmSwap:	       0 kB
20220314 014310.575 INFO             PET2 PIOc_sync Enter - MemInfo: [/proc/self/status]	VmRSSPercent: 0.0441388 %
20220314 014310.575 INFO             PET2 PIOc_sync Enter - MemInfo: [malloc] Non-mmapped space allocated:                26691904 Byte
20220314 014310.575 INFO             PET2 PIOc_sync Enter - MemInfo: [malloc] Space allocated in mmapped regions:          2887680 Byte
20220314 014310.575 INFO             PET2 PIOc_sync Enter - MemInfo: [malloc] Maximum total allocated space:                     0 Byte
20220314 014310.575 INFO             PET2 PIOc_sync Enter - MemInfo: [malloc] Space in freed fastbin blocks:                    32 Byte
20220314 014310.575 INFO             PET2 PIOc_sync Enter - MemInfo: [malloc] Total allocated space:                      12017344 Byte
20220314 014310.575 INFO             PET2 PIOc_sync Enter - MemInfo: [malloc] Total free space:                           14674560 Byte
20220314 014310.575 INFO             PET2 PIOc_sync Enter - MemInfo: [malloc] Top-most, releasable space:                  8522944 Byte
20220314 014310.575 INFO             PET2 PIOc_sync Enter - MemInfo: [malloc] Total space in use, mmap + non-mmap:        14905024 Byte
20220314 014310.576 INFO             PET2 PIOc_sync Enter - MemInfo: [malloc] Total space held (mmap + non-mmap):         29579584 Byte
20220314 014310.576 INFO             PET2 PIOc_sync Enter - MemInfo: [malloc] Total space used (mmap + non-mmap):         14914384 Byte
20220314 014310.576 INFO             PET2 PIOc_sync Enter - MemInfo: Wall-clock time since execution start:               0.693696 seconds
20220314 014310.576 INFO             PET2 PIOc_sync Exit - MemInfo: [/proc/meminfo - SSI]	MemTotal:       65855856 kB
20220314 014310.576 INFO             PET2 PIOc_sync Exit - MemInfo: [/proc/meminfo - SSI]	MemFree:        61106092 kB
20220314 014310.576 INFO             PET2 PIOc_sync Exit - MemInfo: [/proc/meminfo - SSI]	MemAvailable:   60888064 kB
20220314 014310.576 INFO             PET2 PIOc_sync Exit - MemInfo: [/proc/meminfo - SSI]	Committed_AS:    2994780 kB
20220314 014310.576 INFO             PET2 PIOc_sync Exit - MemInfo: [/proc/meminfo - SSI]	CommittedPercent: 4.54748 %
20220314 014310.576 INFO             PET2 PIOc_sync Exit - MemInfo: [/proc/self/status]	VmPeak:	  136504 kB
20220314 014310.576 INFO             PET2 PIOc_sync Exit - MemInfo: [/proc/self/status]	VmSize:	  136480 kB
20220314 014310.576 INFO             PET2 PIOc_sync Exit - MemInfo: [/proc/self/status]	VmLck:	       0 kB
20220314 014310.576 INFO             PET2 PIOc_sync Exit - MemInfo: [/proc/self/status]	VmPin:	       0 kB
20220314 014310.576 INFO             PET2 PIOc_sync Exit - MemInfo: [/proc/self/status]	VmHWM:	   29068 kB
20220314 014310.576 INFO             PET2 PIOc_sync Exit - MemInfo: [/proc/self/status]	VmRSS:	   29068 kB
20220314 014310.576 INFO             PET2 PIOc_sync Exit - MemInfo: [/proc/self/status]	VmData:	   33140 kB
20220314 014310.576 INFO             PET2 PIOc_sync Exit - MemInfo: [/proc/self/status]	VmStk:	     164 kB
20220314 014310.576 INFO             PET2 PIOc_sync Exit - MemInfo: [/proc/self/status]	VmExe:	   40928 kB
20220314 014310.576 INFO             PET2 PIOc_sync Exit - MemInfo: [/proc/self/status]	VmLib:	    1952 kB
20220314 014310.576 INFO             PET2 PIOc_sync Exit - MemInfo: [/proc/self/status]	VmPTE:	     228 kB
