build time -- 2022-03-12 23:48:17
20220313 003647.648 INFO             PET0 !!!!!!!!!!!!!!!!!!!!!!!!!!!!!!!!!!!!!!!!!!!!!!!!!!!!!!
20220313 003647.648 INFO             PET0 !!! THE ESMF_LOG IS SET TO OUTPUT ALL LOG MESSAGES !!!
20220313 003647.648 INFO             PET0 !!!     THIS MAY CAUSE SLOWDOWN IN PERFORMANCE     !!!
20220313 003647.648 INFO             PET0 !!! FOR PRODUCTION RUNS, USE:                      !!!
20220313 003647.648 INFO             PET0 !!!                   ESMF_LOGKIND_Multi_On_Error  !!!
20220313 003647.648 INFO             PET0 !!!!!!!!!!!!!!!!!!!!!!!!!!!!!!!!!!!!!!!!!!!!!!!!!!!!!!
20220313 003647.648 INFO             PET0 Running with ESMF Version   : v8.3.0b09-96-g559b459836
20220313 003647.648 INFO             PET0 ESMF library build date/time: "Mar 12 2022" "23:46:28"
20220313 003647.648 INFO             PET0 ESMF library build location : /lustre/f2/dev/ncep/Mark.Potts/gfortran_8.3.0_mpi_g_jedwards_pio_update2
20220313 003647.648 INFO             PET0 ESMF_COMM                   : mpi
20220313 003647.649 INFO             PET0 ESMF_MOAB                   : enabled
20220313 003647.649 INFO             PET0 ESMF_LAPACK                 : enabled
20220313 003647.649 INFO             PET0 ESMF_NETCDF                 : enabled
20220313 003647.649 INFO             PET0 ESMF_PNETCDF                : disabled
20220313 003647.649 INFO             PET0 ESMF_PIO                    : enabled
20220313 003647.649 INFO             PET0 ESMF_YAMLCPP                : enabled
20220313 003647.653 INFO             PET0  Beginning Test, file ESMF_IOUTest.F90, line 57
20220313 003647.653 INFO             PET0  NUMBER_OF_PROCESSORS           4
20220313 003647.653 INFO             PET0 Starting Test:  ESMF_OutputWeightFile
20220313 003647.742 INFO             PET0 PIOc_sync Enter - MemInfo: [/proc/meminfo - SSI]	MemTotal:       65855856 kB
20220313 003647.742 INFO             PET0 PIOc_sync Enter - MemInfo: [/proc/meminfo - SSI]	MemFree:        61272916 kB
20220313 003647.742 INFO             PET0 PIOc_sync Enter - MemInfo: [/proc/meminfo - SSI]	MemAvailable:   61049172 kB
20220313 003647.742 INFO             PET0 PIOc_sync Enter - MemInfo: [/proc/meminfo - SSI]	Committed_AS:    2809392 kB
20220313 003647.742 INFO             PET0 PIOc_sync Enter - MemInfo: [/proc/meminfo - SSI]	CommittedPercent: 4.26597 %
20220313 003647.742 INFO             PET0 PIOc_sync Enter - MemInfo: [/proc/self/status]	VmPeak:	   83516 kB
20220313 003647.742 INFO             PET0 PIOc_sync Enter - MemInfo: [/proc/self/status]	VmSize:	   83516 kB
20220313 003647.742 INFO             PET0 PIOc_sync Enter - MemInfo: [/proc/self/status]	VmLck:	       0 kB
20220313 003647.742 INFO             PET0 PIOc_sync Enter - MemInfo: [/proc/self/status]	VmPin:	       0 kB
20220313 003647.742 INFO             PET0 PIOc_sync Enter - MemInfo: [/proc/self/status]	VmHWM:	   20236 kB
20220313 003647.742 INFO             PET0 PIOc_sync Enter - MemInfo: [/proc/self/status]	VmRSS:	   20236 kB
20220313 003647.742 INFO             PET0 PIOc_sync Enter - MemInfo: [/proc/self/status]	VmData:	   17228 kB
20220313 003647.742 INFO             PET0 PIOc_sync Enter - MemInfo: [/proc/self/status]	VmStk:	     164 kB
20220313 003647.742 INFO             PET0 PIOc_sync Enter - MemInfo: [/proc/self/status]	VmExe:	   40704 kB
20220313 003647.742 INFO             PET0 PIOc_sync Enter - MemInfo: [/proc/self/status]	VmLib:	    1952 kB
20220313 003647.742 INFO             PET0 PIOc_sync Enter - MemInfo: [/proc/self/status]	VmPTE:	     144 kB
20220313 003647.742 INFO             PET0 PIOc_sync Enter - MemInfo: [/proc/self/status]	VmPMD:	      12 kB
20220313 003647.742 INFO             PET0 PIOc_sync Enter - MemInfo: [/proc/self/status]	VmSwap:	       0 kB
20220313 003647.742 INFO             PET0 PIOc_sync Enter - MemInfo: [/proc/self/status]	VmRSSPercent: 0.0307277 %
20220313 003647.742 INFO             PET0 PIOc_sync Enter - MemInfo: [malloc] Non-mmapped space allocated:                  960832 Byte
20220313 003647.742 INFO             PET0 PIOc_sync Enter - MemInfo: [malloc] Space allocated in mmapped regions:         12324864 Byte
20220313 003647.743 INFO             PET0 PIOc_sync Enter - MemInfo: [malloc] Maximum total allocated space:                     0 Byte
20220313 003647.743 INFO             PET0 PIOc_sync Enter - MemInfo: [malloc] Space in freed fastbin blocks:                     0 Byte
20220313 003647.743 INFO             PET0 PIOc_sync Enter - MemInfo: [malloc] Total allocated space:                        900960 Byte
20220313 003647.743 INFO             PET0 PIOc_sync Enter - MemInfo: [malloc] Total free space:                              59872 Byte
20220313 003647.743 INFO             PET0 PIOc_sync Enter - MemInfo: [malloc] Top-most, releasable space:                    59872 Byte
20220313 003647.743 INFO             PET0 PIOc_sync Enter - MemInfo: [malloc] Total space in use, mmap + non-mmap:        13225824 Byte
20220313 003647.743 INFO             PET0 PIOc_sync Enter - MemInfo: [malloc] Total space held (mmap + non-mmap):         13285696 Byte
20220313 003647.743 INFO             PET0 PIOc_sync Enter - MemInfo: [malloc] Total space used (mmap + non-mmap):         13235888 Byte
20220313 003647.743 INFO             PET0 PIOc_sync Enter - MemInfo: Wall-clock time since execution start:               0.112659 seconds
20220313 003647.743 INFO             PET0 PIOc_sync Exit - MemInfo: [/proc/meminfo - SSI]	MemTotal:       65855856 kB
20220313 003647.743 INFO             PET0 PIOc_sync Exit - MemInfo: [/proc/meminfo - SSI]	MemFree:        61272412 kB
20220313 003647.743 INFO             PET0 PIOc_sync Exit - MemInfo: [/proc/meminfo - SSI]	MemAvailable:   61048668 kB
20220313 003647.743 INFO             PET0 PIOc_sync Exit - MemInfo: [/proc/meminfo - SSI]	Committed_AS:    2809392 kB
20220313 003647.743 INFO             PET0 PIOc_sync Exit - MemInfo: [/proc/meminfo - SSI]	CommittedPercent: 4.26597 %
20220313 003647.743 INFO             PET0 PIOc_sync Exit - MemInfo: [/proc/self/status]	VmPeak:	   83976 kB
20220313 003647.743 INFO             PET0 PIOc_sync Exit - MemInfo: [/proc/self/status]	VmSize:	   83976 kB
20220313 003647.743 INFO             PET0 PIOc_sync Exit - MemInfo: [/proc/self/status]	VmLck:	       0 kB
20220313 003647.743 INFO             PET0 PIOc_sync Exit - MemInfo: [/proc/self/status]	VmPin:	       0 kB
20220313 003647.743 INFO             PET0 PIOc_sync Exit - MemInfo: [/proc/self/status]	VmHWM:	   20752 kB
20220313 003647.743 INFO             PET0 PIOc_sync Exit - MemInfo: [/proc/self/status]	VmRSS:	   20752 kB
20220313 003647.743 INFO             PET0 PIOc_sync Exit - MemInfo: [/proc/self/status]	VmData:	   17688 kB
20220313 003647.743 INFO             PET0 PIOc_sync Exit - MemInfo: [/proc/self/status]	VmStk:	     164 kB
20220313 003647.743 INFO             PET0 PIOc_sync Exit - MemInfo: [/proc/self/status]	VmExe:	   40704 kB
20220313 003647.743 INFO             PET0 PIOc_sync Exit - MemInfo: [/proc/self/status]	VmLib:	    1952 kB
20220313 003647.743 INFO             PET0 PIOc_sync Exit - MemInfo: [/proc/self/status]	VmPTE:	     156 kB
20220313 003647.743 INFO             PET0 PIOc_sync Exit - MemInfo: [/proc/self/status]	VmPMD:	      12 kB
20220313 003647.743 INFO             PET0 PIOc_sync Exit - MemInfo: [/proc/self/status]	VmSwap:	       0 kB
20220313 003647.743 INFO             PET0 PIOc_sync Exit - MemInfo: [/proc/self/status]	VmRSSPercent: 0.0315112 %
20220313 003647.743 INFO             PET0 PIOc_sync Exit - MemInfo: [malloc] Non-mmapped space allocated:                 1431872 Byte
20220313 003647.743 INFO             PET0 PIOc_sync Exit - MemInfo: [malloc] Space allocated in mmapped regions:         12324864 Byte
20220313 003647.743 INFO             PET0 PIOc_sync Exit - MemInfo: [malloc] Maximum total allocated space:                     0 Byte
20220313 003647.743 INFO             PET0 PIOc_sync Exit - MemInfo: [malloc] Space in freed fastbin blocks:                     0 Byte
20220313 003647.743 INFO             PET0 PIOc_sync Exit - MemInfo: [malloc] Total allocated space:                       1299200 Byte
20220313 003647.743 INFO             PET0 PIOc_sync Exit - MemInfo: [malloc] Total free space:                             132672 Byte
20220313 003647.743 INFO             PET0 PIOc_sync Exit - MemInfo: [malloc] Top-most, releasable space:                   132672 Byte
20220313 003647.743 INFO             PET0 PIOc_sync Exit - MemInfo: [malloc] Total space in use, mmap + non-mmap:        13624064 Byte
20220313 003647.743 INFO             PET0 PIOc_sync Exit - MemInfo: [malloc] Total space held (mmap + non-mmap):         13756736 Byte
20220313 003647.744 INFO             PET0 PIOc_sync Exit - MemInfo: [malloc] Total space used (mmap + non-mmap):         13633008 Byte
20220313 003647.744 INFO             PET0 PIOc_sync Exit - MemInfo: Wall-clock time since execution start:               0.113469 seconds
20220313 003647.744 INFO             PET0 PIOc_freedecomp Enter - MemInfo: [/proc/meminfo - SSI]	MemTotal:       65855856 kB
20220313 003647.744 INFO             PET0 PIOc_freedecomp Enter - MemInfo: [/proc/meminfo - SSI]	MemFree:        61279972 kB
20220313 003647.744 INFO             PET0 PIOc_freedecomp Enter - MemInfo: [/proc/meminfo - SSI]	MemAvailable:   61056228 kB
20220313 003647.744 INFO             PET0 PIOc_freedecomp Enter - MemInfo: [/proc/meminfo - SSI]	Committed_AS:    2801660 kB
20220313 003647.744 INFO             PET0 PIOc_freedecomp Enter - MemInfo: [/proc/meminfo - SSI]	CommittedPercent: 4.25423 %
20220313 003647.744 INFO             PET0 PIOc_freedecomp Enter - MemInfo: [/proc/self/status]	VmPeak:	   83976 kB
20220313 003647.744 INFO             PET0 PIOc_freedecomp Enter - MemInfo: [/proc/self/status]	VmSize:	   75264 kB
20220313 003647.744 INFO             PET0 PIOc_freedecomp Enter - MemInfo: [/proc/self/status]	VmLck:	       0 kB
20220313 003647.744 INFO             PET0 PIOc_freedecomp Enter - MemInfo: [/proc/self/status]	VmPin:	       0 kB
20220313 003647.744 INFO             PET0 PIOc_freedecomp Enter - MemInfo: [/proc/self/status]	VmHWM:	   20752 kB
20220313 003647.744 INFO             PET0 PIOc_freedecomp Enter - MemInfo: [/proc/self/status]	VmRSS:	   12724 kB
20220313 003647.744 INFO             PET0 PIOc_freedecomp Enter - MemInfo: [/proc/self/status]	VmData:	    8976 kB
20220313 003647.744 INFO             PET0 PIOc_freedecomp Enter - MemInfo: [/proc/self/status]	VmStk:	     164 kB
20220313 003647.744 INFO             PET0 PIOc_freedecomp Enter - MemInfo: [/proc/self/status]	VmExe:	   40704 kB
20220313 003647.744 INFO             PET0 PIOc_freedecomp Enter - MemInfo: [/proc/self/status]	VmLib:	    1952 kB
20220313 003647.744 INFO             PET0 PIOc_freedecomp Enter - MemInfo: [/proc/self/status]	VmPTE:	     140 kB
20220313 003647.744 INFO             PET0 PIOc_freedecomp Enter - MemInfo: [/proc/self/status]	VmPMD:	      12 kB
20220313 003647.744 INFO             PET0 PIOc_freedecomp Enter - MemInfo: [/proc/self/status]	VmSwap:	       0 kB
20220313 003647.744 INFO             PET0 PIOc_freedecomp Enter - MemInfo: [/proc/self/status]	VmRSSPercent: 0.019321 %
20220313 003647.744 INFO             PET0 PIOc_freedecomp Enter - MemInfo: [malloc] Non-mmapped space allocated:                 1431872 Byte
20220313 003647.744 INFO             PET0 PIOc_freedecomp Enter - MemInfo: [malloc] Space allocated in mmapped regions:          3403776 Byte
20220313 003647.744 INFO             PET0 PIOc_freedecomp Enter - MemInfo: [malloc] Maximum total allocated space:                     0 Byte
20220313 003647.744 INFO             PET0 PIOc_freedecomp Enter - MemInfo: [malloc] Space in freed fastbin blocks:                   288 Byte
20220313 003647.744 INFO             PET0 PIOc_freedecomp Enter - MemInfo: [malloc] Total allocated space:                       1289376 Byte
20220313 003647.744 INFO             PET0 PIOc_freedecomp Enter - MemInfo: [malloc] Total free space:                             142496 Byte
20220313 003647.744 INFO             PET0 PIOc_freedecomp Enter - MemInfo: [malloc] Top-most, releasable space:                   131712 Byte
20220313 003647.744 INFO             PET0 PIOc_freedecomp Enter - MemInfo: [malloc] Total space in use, mmap + non-mmap:         4693152 Byte
20220313 003647.744 INFO             PET0 PIOc_freedecomp Enter - MemInfo: [malloc] Total space held (mmap + non-mmap):          4835648 Byte
20220313 003647.744 INFO             PET0 PIOc_freedecomp Enter - MemInfo: [malloc] Total space used (mmap + non-mmap):          4701696 Byte
20220313 003647.744 INFO             PET0 PIOc_freedecomp Enter - MemInfo: Wall-clock time since execution start:               0.114409 seconds
20220313 003647.744 INFO             PET0 PIOc_freedecomp Exit - MemInfo: [/proc/meminfo - SSI]	MemTotal:       65855856 kB
20220313 003647.744 INFO             PET0 PIOc_freedecomp Exit - MemInfo: [/proc/meminfo - SSI]	MemFree:        61279972 kB
20220313 003647.744 INFO             PET0 PIOc_freedecomp Exit - MemInfo: [/proc/meminfo - SSI]	MemAvailable:   61056480 kB
20220313 003647.745 INFO             PET0 PIOc_freedecomp Exit - MemInfo: [/proc/meminfo - SSI]	Committed_AS:    2801660 kB
20220313 003647.745 INFO             PET0 PIOc_freedecomp Exit - MemInfo: [/proc/meminfo - SSI]	CommittedPercent: 4.25423 %
20220313 003647.745 INFO             PET0 PIOc_freedecomp Exit - MemInfo: [/proc/self/status]	VmPeak:	   83976 kB
20220313 003647.745 INFO             PET0 PIOc_freedecomp Exit - MemInfo: [/proc/self/status]	VmSize:	   75264 kB
20220313 003647.745 INFO             PET0 PIOc_freedecomp Exit - MemInfo: [/proc/self/status]	VmLck:	       0 kB
20220313 003647.745 INFO             PET0 PIOc_freedecomp Exit - MemInfo: [/proc/self/status]	VmPin:	       0 kB
20220313 003647.745 INFO             PET0 PIOc_freedecomp Exit - MemInfo: [/proc/self/status]	VmHWM:	   20752 kB
20220313 003647.745 INFO             PET0 PIOc_freedecomp Exit - MemInfo: [/proc/self/status]	VmRSS:	   12724 kB
20220313 003647.745 INFO             PET0 PIOc_freedecomp Exit - MemInfo: [/proc/self/status]	VmData:	    8976 kB
20220313 003647.745 INFO             PET0 PIOc_freedecomp Exit - MemInfo: [/proc/self/status]	VmStk:	     164 kB
20220313 003647.745 INFO             PET0 PIOc_freedecomp Exit - MemInfo: [/proc/self/status]	VmExe:	   40704 kB
20220313 003647.745 INFO             PET0 PIOc_freedecomp Exit - MemInfo: [/proc/self/status]	VmLib:	    1952 kB
20220313 003647.745 INFO             PET0 PIOc_freedecomp Exit - MemInfo: [/proc/self/status]	VmPTE:	     140 kB
20220313 003647.745 INFO             PET0 PIOc_freedecomp Exit - MemInfo: [/proc/self/status]	VmPMD:	      12 kB
20220313 003647.745 INFO             PET0 PIOc_freedecomp Exit - MemInfo: [/proc/self/status]	VmSwap:	       0 kB
20220313 003647.745 INFO             PET0 PIOc_freedecomp Exit - MemInfo: [/proc/self/status]	VmRSSPercent: 0.019321 %
20220313 003647.745 INFO             PET0 PIOc_freedecomp Exit - MemInfo: [malloc] Non-mmapped space allocated:                 1431872 Byte
20220313 003647.745 INFO             PET0 PIOc_freedecomp Exit - MemInfo: [malloc] Space allocated in mmapped regions:          3403776 Byte
20220313 003647.745 INFO             PET0 PIOc_freedecomp Exit - MemInfo: [malloc] Maximum total allocated space:                     0 Byte
20220313 003647.745 INFO             PET0 PIOc_freedecomp Exit - MemInfo: [malloc] Space in freed fastbin blocks:                  1392 Byte
20220313 003647.745 INFO             PET0 PIOc_freedecomp Exit - MemInfo: [malloc] Total allocated space:                       1288544 Byte
20220313 003647.745 INFO             PET0 PIOc_freedecomp Exit - MemInfo: [malloc] Total free space:                             143328 Byte
20220313 003647.745 INFO             PET0 PIOc_freedecomp Exit - MemInfo: [malloc] Top-most, releasable space:                   131712 Byte
20220313 003647.745 INFO             PET0 PIOc_freedecomp Exit - MemInfo: [malloc] Total space in use, mmap + non-mmap:         4692320 Byte
20220313 003647.745 INFO             PET0 PIOc_freedecomp Exit - MemInfo: [malloc] Total space held (mmap + non-mmap):          4835648 Byte
20220313 003647.745 INFO             PET0 PIOc_freedecomp Exit - MemInfo: [malloc] Total space used (mmap + non-mmap):          4700976 Byte
20220313 003647.745 INFO             PET0 PIOc_freedecomp Exit - MemInfo: Wall-clock time since execution start:               0.114804 seconds
20220313 003647.748 INFO             PET0 PIOc_sync Enter - MemInfo: [/proc/meminfo - SSI]	MemTotal:       65855856 kB
20220313 003647.748 INFO             PET0 PIOc_sync Enter - MemInfo: [/proc/meminfo - SSI]	MemFree:        61276444 kB
20220313 003647.748 INFO             PET0 PIOc_sync Enter - MemInfo: [/proc/meminfo - SSI]	MemAvailable:   61052952 kB
20220313 003647.748 INFO             PET0 PIOc_sync Enter - MemInfo: [/proc/meminfo - SSI]	Committed_AS:    2809812 kB
20220313 003647.748 INFO             PET0 PIOc_sync Enter - MemInfo: [/proc/meminfo - SSI]	CommittedPercent: 4.26661 %
20220313 003647.749 INFO             PET0 PIOc_sync Enter - MemInfo: [/proc/self/status]	VmPeak:	   83976 kB
20220313 003647.749 INFO             PET0 PIOc_sync Enter - MemInfo: [/proc/self/status]	VmSize:	   83968 kB
20220313 003647.749 INFO             PET0 PIOc_sync Enter - MemInfo: [/proc/self/status]	VmLck:	       0 kB
20220313 003647.749 INFO             PET0 PIOc_sync Enter - MemInfo: [/proc/self/status]	VmPin:	       0 kB
20220313 003647.749 INFO             PET0 PIOc_sync Enter - MemInfo: [/proc/self/status]	VmHWM:	   20752 kB
20220313 003647.749 INFO             PET0 PIOc_sync Enter - MemInfo: [/proc/self/status]	VmRSS:	   16920 kB
20220313 003647.749 INFO             PET0 PIOc_sync Enter - MemInfo: [/proc/self/status]	VmData:	   17680 kB
20220313 003647.749 INFO             PET0 PIOc_sync Enter - MemInfo: [/proc/self/status]	VmStk:	     164 kB
20220313 003647.749 INFO             PET0 PIOc_sync Enter - MemInfo: [/proc/self/status]	VmExe:	   40704 kB
20220313 003647.749 INFO             PET0 PIOc_sync Enter - MemInfo: [/proc/self/status]	VmLib:	    1952 kB
20220313 003647.749 INFO             PET0 PIOc_sync Enter - MemInfo: [/proc/self/status]	VmPTE:	     152 kB
20220313 003647.749 INFO             PET0 PIOc_sync Enter - MemInfo: [/proc/self/status]	VmPMD:	      12 kB
20220313 003647.749 INFO             PET0 PIOc_sync Enter - MemInfo: [/proc/self/status]	VmSwap:	       0 kB
20220313 003647.749 INFO             PET0 PIOc_sync Enter - MemInfo: [/proc/self/status]	VmRSSPercent: 0.0256925 %
20220313 003647.749 INFO             PET0 PIOc_sync Enter - MemInfo: [malloc] Non-mmapped space allocated:                10344768 Byte
20220313 003647.749 INFO             PET0 PIOc_sync Enter - MemInfo: [malloc] Space allocated in mmapped regions:          3403776 Byte
20220313 003647.749 INFO             PET0 PIOc_sync Enter - MemInfo: [malloc] Maximum total allocated space:                     0 Byte
20220313 003647.749 INFO             PET0 PIOc_sync Enter - MemInfo: [malloc] Space in freed fastbin blocks:                    64 Byte
20220313 003647.749 INFO             PET0 PIOc_sync Enter - MemInfo: [malloc] Total allocated space:                      10215840 Byte
20220313 003647.749 INFO             PET0 PIOc_sync Enter - MemInfo: [malloc] Total free space:                             128928 Byte
20220313 003647.749 INFO             PET0 PIOc_sync Enter - MemInfo: [malloc] Top-most, releasable space:                   126432 Byte
20220313 003647.749 INFO             PET0 PIOc_sync Enter - MemInfo: [malloc] Total space in use, mmap + non-mmap:        13619616 Byte
20220313 003647.749 INFO             PET0 PIOc_sync Enter - MemInfo: [malloc] Total space held (mmap + non-mmap):         13748544 Byte
20220313 003647.749 INFO             PET0 PIOc_sync Enter - MemInfo: [malloc] Total space used (mmap + non-mmap):         13628272 Byte
20220313 003647.749 INFO             PET0 PIOc_sync Enter - MemInfo: Wall-clock time since execution start:               0.118725 seconds
20220313 003647.749 INFO             PET0 PIOc_sync Exit - MemInfo: [/proc/meminfo - SSI]	MemTotal:       65855856 kB
20220313 003647.749 INFO             PET0 PIOc_sync Exit - MemInfo: [/proc/meminfo - SSI]	MemFree:        61276444 kB
20220313 003647.749 INFO             PET0 PIOc_sync Exit - MemInfo: [/proc/meminfo - SSI]	MemAvailable:   61052952 kB
20220313 003647.749 INFO             PET0 PIOc_sync Exit - MemInfo: [/proc/meminfo - SSI]	Committed_AS:    2809812 kB
20220313 003647.749 INFO             PET0 PIOc_sync Exit - MemInfo: [/proc/meminfo - SSI]	CommittedPercent: 4.26661 %
20220313 003647.749 INFO             PET0 PIOc_sync Exit - MemInfo: [/proc/self/status]	VmPeak:	   83976 kB
20220313 003647.749 INFO             PET0 PIOc_sync Exit - MemInfo: [/proc/self/status]	VmSize:	   83968 kB
20220313 003647.749 INFO             PET0 PIOc_sync Exit - MemInfo: [/proc/self/status]	VmLck:	       0 kB
20220313 003647.749 INFO             PET0 PIOc_sync Exit - MemInfo: [/proc/self/status]	VmPin:	       0 kB
20220313 003647.749 INFO             PET0 PIOc_sync Exit - MemInfo: [/proc/self/status]	VmHWM:	   20752 kB
20220313 003647.749 INFO             PET0 PIOc_sync Exit - MemInfo: [/proc/self/status]	VmRSS:	   16920 kB
20220313 003647.749 INFO             PET0 PIOc_sync Exit - MemInfo: [/proc/self/status]	VmData:	   17680 kB
20220313 003647.749 INFO             PET0 PIOc_sync Exit - MemInfo: [/proc/self/status]	VmStk:	     164 kB
20220313 003647.749 INFO             PET0 PIOc_sync Exit - MemInfo: [/proc/self/status]	VmExe:	   40704 kB
20220313 003647.749 INFO             PET0 PIOc_sync Exit - MemInfo: [/proc/self/status]	VmLib:	    1952 kB
20220313 003647.749 INFO             PET0 PIOc_sync Exit - MemInfo: [/proc/self/status]	VmPTE:	     152 kB
20220313 003647.749 INFO             PET0 PIOc_sync Exit - MemInfo: [/proc/self/status]	VmPMD:	      12 kB
20220313 003647.749 INFO             PET0 PIOc_sync Exit - MemInfo: [/proc/self/status]	VmSwap:	       0 kB
20220313 003647.749 INFO             PET0 PIOc_sync Exit - MemInfo: [/proc/self/status]	VmRSSPercent: 0.0256925 %
20220313 003647.749 INFO             PET0 PIOc_sync Exit - MemInfo: [malloc] Non-mmapped space allocated:                10344768 Byte
20220313 003647.749 INFO             PET0 PIOc_sync Exit - MemInfo: [malloc] Space allocated in mmapped regions:          3403776 Byte
20220313 003647.749 INFO             PET0 PIOc_sync Exit - MemInfo: [malloc] Maximum total allocated space:                     0 Byte
20220313 003647.749 INFO             PET0 PIOc_sync Exit - MemInfo: [malloc] Space in freed fastbin blocks:                     0 Byte
20220313 003647.749 INFO             PET0 PIOc_sync Exit - MemInfo: [malloc] Total allocated space:                      10217536 Byte
20220313 003647.749 INFO             PET0 PIOc_sync Exit - MemInfo: [malloc] Total free space:                             127232 Byte
20220313 003647.749 INFO             PET0 PIOc_sync Exit - MemInfo: [malloc] Top-most, releasable space:                   126208 Byte
20220313 003647.749 INFO             PET0 PIOc_sync Exit - MemInfo: [malloc] Total space in use, mmap + non-mmap:        13621312 Byte
20220313 003647.749 INFO             PET0 PIOc_sync Exit - MemInfo: [malloc] Total space held (mmap + non-mmap):         13748544 Byte
20220313 003647.749 INFO             PET0 PIOc_sync Exit - MemInfo: [malloc] Total space used (mmap + non-mmap):         13629632 Byte
20220313 003647.749 INFO             PET0 PIOc_sync Exit - MemInfo: Wall-clock time since execution start:               0.119192 seconds
20220313 003647.749 INFO             PET0 PIOc_freedecomp Enter - MemInfo: [/proc/meminfo - SSI]	MemTotal:       65855856 kB
20220313 003647.749 INFO             PET0 PIOc_freedecomp Enter - MemInfo: [/proc/meminfo - SSI]	MemFree:        61276444 kB
20220313 003647.749 INFO             PET0 PIOc_freedecomp Enter - MemInfo: [/proc/meminfo - SSI]	MemAvailable:   61052952 kB
20220313 003647.749 INFO             PET0 PIOc_freedecomp Enter - MemInfo: [/proc/meminfo - SSI]	Committed_AS:    2809812 kB
20220313 003647.749 INFO             PET0 PIOc_freedecomp Enter - MemInfo: [/proc/meminfo - SSI]	CommittedPercent: 4.26661 %
20220313 003647.750 INFO             PET0 PIOc_freedecomp Enter - MemInfo: [/proc/self/status]	VmPeak:	   83976 kB
20220313 003647.750 INFO             PET0 PIOc_freedecomp Enter - MemInfo: [/proc/self/status]	VmSize:	   83968 kB
20220313 003647.750 INFO             PET0 PIOc_freedecomp Enter - MemInfo: [/proc/self/status]	VmLck:	       0 kB
20220313 003647.750 INFO             PET0 PIOc_freedecomp Enter - MemInfo: [/proc/self/status]	VmPin:	       0 kB
20220313 003647.750 INFO             PET0 PIOc_freedecomp Enter - MemInfo: [/proc/self/status]	VmHWM:	   20752 kB
20220313 003647.750 INFO             PET0 PIOc_freedecomp Enter - MemInfo: [/proc/self/status]	VmRSS:	   16920 kB
20220313 003647.750 INFO             PET0 PIOc_freedecomp Enter - MemInfo: [/proc/self/status]	VmData:	   17680 kB
20220313 003647.750 INFO             PET0 PIOc_freedecomp Enter - MemInfo: [/proc/self/status]	VmStk:	     164 kB
20220313 003647.750 INFO             PET0 PIOc_freedecomp Enter - MemInfo: [/proc/self/status]	VmExe:	   40704 kB
20220313 003647.750 INFO             PET0 PIOc_freedecomp Enter - MemInfo: [/proc/self/status]	VmLib:	    1952 kB
20220313 003647.750 INFO             PET0 PIOc_freedecomp Enter - MemInfo: [/proc/self/status]	VmPTE:	     152 kB
20220313 003647.750 INFO             PET0 PIOc_freedecomp Enter - MemInfo: [/proc/self/status]	VmPMD:	      12 kB
20220313 003647.750 INFO             PET0 PIOc_freedecomp Enter - MemInfo: [/proc/self/status]	VmSwap:	       0 kB
20220313 003647.750 INFO             PET0 PIOc_freedecomp Enter - MemInfo: [/proc/self/status]	VmRSSPercent: 0.0256925 %
20220313 003647.750 INFO             PET0 PIOc_freedecomp Enter - MemInfo: [malloc] Non-mmapped space allocated:                10344768 Byte
20220313 003647.750 INFO             PET0 PIOc_freedecomp Enter - MemInfo: [malloc] Space allocated in mmapped regions:          3403776 Byte
20220313 003647.750 INFO             PET0 PIOc_freedecomp Enter - MemInfo: [malloc] Maximum total allocated space:                     0 Byte
20220313 003647.750 INFO             PET0 PIOc_freedecomp Enter - MemInfo: [malloc] Space in freed fastbin blocks:                   192 Byte
20220313 003647.750 INFO             PET0 PIOc_freedecomp Enter - MemInfo: [malloc] Total allocated space:                       1293904 Byte
20220313 003647.750 INFO             PET0 PIOc_freedecomp Enter - MemInfo: [malloc] Total free space:                            9050864 Byte
20220313 003647.750 INFO             PET0 PIOc_freedecomp Enter - MemInfo: [malloc] Top-most, releasable space:                   125984 Byte
20220313 003647.750 INFO             PET0 PIOc_freedecomp Enter - MemInfo: [malloc] Total space in use, mmap + non-mmap:         4697680 Byte
20220313 003647.750 INFO             PET0 PIOc_freedecomp Enter - MemInfo: [malloc] Total space held (mmap + non-mmap):         13748544 Byte
20220313 003647.750 INFO             PET0 PIOc_freedecomp Enter - MemInfo: [malloc] Total space used (mmap + non-mmap):          4705888 Byte
20220313 003647.750 INFO             PET0 PIOc_freedecomp Enter - MemInfo: Wall-clock time since execution start:               0.119764 seconds
20220313 003647.750 INFO             PET0 PIOc_freedecomp Exit - MemInfo: [/proc/meminfo - SSI]	MemTotal:       65855856 kB
20220313 003647.750 INFO             PET0 PIOc_freedecomp Exit - MemInfo: [/proc/meminfo - SSI]	MemFree:        61276444 kB
20220313 003647.750 INFO             PET0 PIOc_freedecomp Exit - MemInfo: [/proc/meminfo - SSI]	MemAvailable:   61052952 kB
20220313 003647.750 INFO             PET0 PIOc_freedecomp Exit - MemInfo: [/proc/meminfo - SSI]	Committed_AS:    2809812 kB
20220313 003647.750 INFO             PET0 PIOc_freedecomp Exit - MemInfo: [/proc/meminfo - SSI]	CommittedPercent: 4.26661 %
20220313 003647.750 INFO             PET0 PIOc_freedecomp Exit - MemInfo: [/proc/self/status]	VmPeak:	   83976 kB
20220313 003647.750 INFO             PET0 PIOc_freedecomp Exit - MemInfo: [/proc/self/status]	VmSize:	   83968 kB
20220313 003647.750 INFO             PET0 PIOc_freedecomp Exit - MemInfo: [/proc/self/status]	VmLck:	       0 kB
20220313 003647.750 INFO             PET0 PIOc_freedecomp Exit - MemInfo: [/proc/self/status]	VmPin:	       0 kB
20220313 003647.750 INFO             PET0 PIOc_freedecomp Exit - MemInfo: [/proc/self/status]	VmHWM:	   20752 kB
20220313 003647.750 INFO             PET0 PIOc_freedecomp Exit - MemInfo: [/proc/self/status]	VmRSS:	   16920 kB
20220313 003647.750 INFO             PET0 PIOc_freedecomp Exit - MemInfo: [/proc/self/status]	VmData:	   17680 kB
20220313 003647.750 INFO             PET0 PIOc_freedecomp Exit - MemInfo: [/proc/self/status]	VmStk:	     164 kB
20220313 003647.750 INFO             PET0 PIOc_freedecomp Exit - MemInfo: [/proc/self/status]	VmExe:	   40704 kB
20220313 003647.750 INFO             PET0 PIOc_freedecomp Exit - MemInfo: [/proc/self/status]	VmLib:	    1952 kB
20220313 003647.750 INFO             PET0 PIOc_freedecomp Exit - MemInfo: [/proc/self/status]	VmPTE:	     152 kB
20220313 003647.750 INFO             PET0 PIOc_freedecomp Exit - MemInfo: [/proc/self/status]	VmPMD:	      12 kB
20220313 003647.750 INFO             PET0 PIOc_freedecomp Exit - MemInfo: [/proc/self/status]	VmSwap:	       0 kB
20220313 003647.750 INFO             PET0 PIOc_freedecomp Exit - MemInfo: [/proc/self/status]	VmRSSPercent: 0.0256925 %
20220313 003647.750 INFO             PET0 PIOc_freedecomp Exit - MemInfo: [malloc] Non-mmapped space allocated:                10344768 Byte
20220313 003647.750 INFO             PET0 PIOc_freedecomp Exit - MemInfo: [malloc] Space allocated in mmapped regions:          3403776 Byte
20220313 003647.750 INFO             PET0 PIOc_freedecomp Exit - MemInfo: [malloc] Maximum total allocated space:                     0 Byte
20220313 003647.750 INFO             PET0 PIOc_freedecomp Exit - MemInfo: [malloc] Space in freed fastbin blocks:                  1440 Byte
20220313 003647.750 INFO             PET0 PIOc_freedecomp Exit - MemInfo: [malloc] Total allocated space:                       1292464 Byte
20220313 003647.750 INFO             PET0 PIOc_freedecomp Exit - MemInfo: [malloc] Total free space:                            9052304 Byte
20220313 003647.750 INFO             PET0 PIOc_freedecomp Exit - MemInfo: [malloc] Top-most, releasable space:                   125984 Byte
20220313 003647.750 INFO             PET0 PIOc_freedecomp Exit - MemInfo: [malloc] Total space in use, mmap + non-mmap:         4696240 Byte
20220313 003647.750 INFO             PET0 PIOc_freedecomp Exit - MemInfo: [malloc] Total space held (mmap + non-mmap):         13748544 Byte
20220313 003647.750 INFO             PET0 PIOc_freedecomp Exit - MemInfo: [malloc] Total space used (mmap + non-mmap):          4704448 Byte
20220313 003647.750 INFO             PET0 PIOc_freedecomp Exit - MemInfo: Wall-clock time since execution start:                0.12017 seconds
20220313 003647.752 INFO             PET0 PIOc_sync Enter - MemInfo: [/proc/meminfo - SSI]	MemTotal:       65855856 kB
20220313 003647.752 INFO             PET0 PIOc_sync Enter - MemInfo: [/proc/meminfo - SSI]	MemFree:        61276444 kB
20220313 003647.752 INFO             PET0 PIOc_sync Enter - MemInfo: [/proc/meminfo - SSI]	MemAvailable:   61052952 kB
20220313 003647.752 INFO             PET0 PIOc_sync Enter - MemInfo: [/proc/meminfo - SSI]	Committed_AS:    2809812 kB
20220313 003647.752 INFO             PET0 PIOc_sync Enter - MemInfo: [/proc/meminfo - SSI]	CommittedPercent: 4.26661 %
20220313 003647.752 INFO             PET0 PIOc_sync Enter - MemInfo: [/proc/self/status]	VmPeak:	   83976 kB
20220313 003647.752 INFO             PET0 PIOc_sync Enter - MemInfo: [/proc/self/status]	VmSize:	   83944 kB
20220313 003647.752 INFO             PET0 PIOc_sync Enter - MemInfo: [/proc/self/status]	VmLck:	       0 kB
20220313 003647.752 INFO             PET0 PIOc_sync Enter - MemInfo: [/proc/self/status]	VmPin:	       0 kB
20220313 003647.752 INFO             PET0 PIOc_sync Enter - MemInfo: [/proc/self/status]	VmHWM:	   20752 kB
20220313 003647.752 INFO             PET0 PIOc_sync Enter - MemInfo: [/proc/self/status]	VmRSS:	   17228 kB
20220313 003647.752 INFO             PET0 PIOc_sync Enter - MemInfo: [/proc/self/status]	VmData:	   17680 kB
20220313 003647.752 INFO             PET0 PIOc_sync Enter - MemInfo: [/proc/self/status]	VmStk:	     164 kB
20220313 003647.752 INFO             PET0 PIOc_sync Enter - MemInfo: [/proc/self/status]	VmExe:	   40704 kB
20220313 003647.752 INFO             PET0 PIOc_sync Enter - MemInfo: [/proc/self/status]	VmLib:	    1952 kB
20220313 003647.752 INFO             PET0 PIOc_sync Enter - MemInfo: [/proc/self/status]	VmPTE:	     152 kB
20220313 003647.752 INFO             PET0 PIOc_sync Enter - MemInfo: [/proc/self/status]	VmPMD:	      12 kB
20220313 003647.752 INFO             PET0 PIOc_sync Enter - MemInfo: [/proc/self/status]	VmSwap:	       0 kB
20220313 003647.752 INFO             PET0 PIOc_sync Enter - MemInfo: [/proc/self/status]	VmRSSPercent: 0.0261602 %
20220313 003647.752 INFO             PET0 PIOc_sync Enter - MemInfo: [malloc] Non-mmapped space allocated:                10344768 Byte
20220313 003647.752 INFO             PET0 PIOc_sync Enter - MemInfo: [malloc] Space allocated in mmapped regions:          3403776 Byte
20220313 003647.752 INFO             PET0 PIOc_sync Enter - MemInfo: [malloc] Maximum total allocated space:                     0 Byte
20220313 003647.752 INFO             PET0 PIOc_sync Enter - MemInfo: [malloc] Space in freed fastbin blocks:                   304 Byte
20220313 003647.752 INFO             PET0 PIOc_sync Enter - MemInfo: [malloc] Total allocated space:                      10217968 Byte
20220313 003647.752 INFO             PET0 PIOc_sync Enter - MemInfo: [malloc] Total free space:                             126800 Byte
20220313 003647.752 INFO             PET0 PIOc_sync Enter - MemInfo: [malloc] Top-most, releasable space:                   120736 Byte
20220313 003647.752 INFO             PET0 PIOc_sync Enter - MemInfo: [malloc] Total space in use, mmap + non-mmap:        13621744 Byte
20220313 003647.752 INFO             PET0 PIOc_sync Enter - MemInfo: [malloc] Total space held (mmap + non-mmap):         13748544 Byte
20220313 003647.752 INFO             PET0 PIOc_sync Enter - MemInfo: [malloc] Total space used (mmap + non-mmap):         13630288 Byte
20220313 003647.752 INFO             PET0 PIOc_sync Enter - MemInfo: Wall-clock time since execution start:               0.122214 seconds
20220313 003647.752 INFO             PET0 PIOc_sync Exit - MemInfo: [/proc/meminfo - SSI]	MemTotal:       65855856 kB
20220313 003647.752 INFO             PET0 PIOc_sync Exit - MemInfo: [/proc/meminfo - SSI]	MemFree:        61276444 kB
20220313 003647.752 INFO             PET0 PIOc_sync Exit - MemInfo: [/proc/meminfo - SSI]	MemAvailable:   61052952 kB
20220313 003647.752 INFO             PET0 PIOc_sync Exit - MemInfo: [/proc/meminfo - SSI]	Committed_AS:    2809812 kB
20220313 003647.752 INFO             PET0 PIOc_sync Exit - MemInfo: [/proc/meminfo - SSI]	CommittedPercent: 4.26661 %
20220313 003647.752 INFO             PET0 PIOc_sync Exit - MemInfo: [/proc/self/status]	VmPeak:	   83976 kB
20220313 003647.752 INFO             PET0 PIOc_sync Exit - MemInfo: [/proc/self/status]	VmSize:	   83944 kB
20220313 003647.752 INFO             PET0 PIOc_sync Exit - MemInfo: [/proc/self/status]	VmLck:	       0 kB
20220313 003647.752 INFO             PET0 PIOc_sync Exit - MemInfo: [/proc/self/status]	VmPin:	       0 kB
20220313 003647.752 INFO             PET0 PIOc_sync Exit - MemInfo: [/proc/self/status]	VmHWM:	   20752 kB
20220313 003647.753 INFO             PET0 PIOc_sync Exit - MemInfo: [/proc/self/status]	VmRSS:	   17228 kB
20220313 003647.753 INFO             PET0 PIOc_sync Exit - MemInfo: [/proc/self/status]	VmData:	   17680 kB
20220313 003647.753 INFO             PET0 PIOc_sync Exit - MemInfo: [/proc/self/status]	VmStk:	     164 kB
20220313 003647.753 INFO             PET0 PIOc_sync Exit - MemInfo: [/proc/self/status]	VmExe:	   40704 kB
20220313 003647.753 INFO             PET0 PIOc_sync Exit - MemInfo: [/proc/self/status]	VmLib:	    1952 kB
20220313 003647.753 INFO             PET0 PIOc_sync Exit - MemInfo: [/proc/self/status]	VmPTE:	     156 kB
20220313 003647.753 INFO             PET0 PIOc_sync Exit - MemInfo: [/proc/self/status]	VmPMD:	      12 kB
20220313 003647.753 INFO             PET0 PIOc_sync Exit - MemInfo: [/proc/self/status]	VmSwap:	       0 kB
20220313 003647.753 INFO             PET0 PIOc_sync Exit - MemInfo: [/proc/self/status]	VmRSSPercent: 0.0261602 %
20220313 003647.753 INFO             PET0 PIOc_sync Exit - MemInfo: [malloc] Non-mmapped space allocated:                10344768 Byte
20220313 003647.753 INFO             PET0 PIOc_sync Exit - MemInfo: [malloc] Space allocated in mmapped regions:          3403776 Byte
20220313 003647.753 INFO             PET0 PIOc_sync Exit - MemInfo: [malloc] Maximum total allocated space:                     0 Byte
20220313 003647.753 INFO             PET0 PIOc_sync Exit - MemInfo: [malloc] Space in freed fastbin blocks:                     0 Byte
20220313 003647.753 INFO             PET0 PIOc_sync Exit - MemInfo: [malloc] Total allocated space:                      10219264 Byte
20220313 003647.753 INFO             PET0 PIOc_sync Exit - MemInfo: [malloc] Total free space:                             125504 Byte
20220313 003647.753 INFO             PET0 PIOc_sync Exit - MemInfo: [malloc] Top-most, releasable space:                   120512 Byte
20220313 003647.753 INFO             PET0 PIOc_sync Exit - MemInfo: [malloc] Total space in use, mmap + non-mmap:        13623040 Byte
20220313 003647.753 INFO             PET0 PIOc_sync Exit - MemInfo: [malloc] Total space held (mmap + non-mmap):         13748544 Byte
20220313 003647.753 INFO             PET0 PIOc_sync Exit - MemInfo: [malloc] Total space used (mmap + non-mmap):         13631360 Byte
20220313 003647.753 INFO             PET0 PIOc_sync Exit - MemInfo: Wall-clock time since execution start:               0.122683 seconds
20220313 003647.753 INFO             PET0 PIOc_freedecomp Enter - MemInfo: [/proc/meminfo - SSI]	MemTotal:       65855856 kB
20220313 003647.753 INFO             PET0 PIOc_freedecomp Enter - MemInfo: [/proc/meminfo - SSI]	MemFree:        61276444 kB
20220313 003647.753 INFO             PET0 PIOc_freedecomp Enter - MemInfo: [/proc/meminfo - SSI]	MemAvailable:   61052952 kB
20220313 003647.753 INFO             PET0 PIOc_freedecomp Enter - MemInfo: [/proc/meminfo - SSI]	Committed_AS:    2809812 kB
20220313 003647.753 INFO             PET0 PIOc_freedecomp Enter - MemInfo: [/proc/meminfo - SSI]	CommittedPercent: 4.26661 %
20220313 003647.753 INFO             PET0 PIOc_freedecomp Enter - MemInfo: [/proc/self/status]	VmPeak:	   83976 kB
20220313 003647.753 INFO             PET0 PIOc_freedecomp Enter - MemInfo: [/proc/self/status]	VmSize:	   83944 kB
20220313 003647.753 INFO             PET0 PIOc_freedecomp Enter - MemInfo: [/proc/self/status]	VmLck:	       0 kB
20220313 003647.753 INFO             PET0 PIOc_freedecomp Enter - MemInfo: [/proc/self/status]	VmPin:	       0 kB
20220313 003647.753 INFO             PET0 PIOc_freedecomp Enter - MemInfo: [/proc/self/status]	VmHWM:	   20752 kB
20220313 003647.753 INFO             PET0 PIOc_freedecomp Enter - MemInfo: [/proc/self/status]	VmRSS:	   17228 kB
20220313 003647.753 INFO             PET0 PIOc_freedecomp Enter - MemInfo: [/proc/self/status]	VmData:	   17680 kB
20220313 003647.753 INFO             PET0 PIOc_freedecomp Enter - MemInfo: [/proc/self/status]	VmStk:	     164 kB
20220313 003647.753 INFO             PET0 PIOc_freedecomp Enter - MemInfo: [/proc/self/status]	VmExe:	   40704 kB
20220313 003647.753 INFO             PET0 PIOc_freedecomp Enter - MemInfo: [/proc/self/status]	VmLib:	    1952 kB
20220313 003647.753 INFO             PET0 PIOc_freedecomp Enter - MemInfo: [/proc/self/status]	VmPTE:	     156 kB
20220313 003647.753 INFO             PET0 PIOc_freedecomp Enter - MemInfo: [/proc/self/status]	VmPMD:	      12 kB
20220313 003647.753 INFO             PET0 PIOc_freedecomp Enter - MemInfo: [/proc/self/status]	VmSwap:	       0 kB
20220313 003647.753 INFO             PET0 PIOc_freedecomp Enter - MemInfo: [/proc/self/status]	VmRSSPercent: 0.0261602 %
20220313 003647.753 INFO             PET0 PIOc_freedecomp Enter - MemInfo: [malloc] Non-mmapped space allocated:                10344768 Byte
20220313 003647.753 INFO             PET0 PIOc_freedecomp Enter - MemInfo: [malloc] Space allocated in mmapped regions:          3403776 Byte
20220313 003647.753 INFO             PET0 PIOc_freedecomp Enter - MemInfo: [malloc] Maximum total allocated space:                     0 Byte
20220313 003647.753 INFO             PET0 PIOc_freedecomp Enter - MemInfo: [malloc] Space in freed fastbin blocks:                   192 Byte
20220313 003647.753 INFO             PET0 PIOc_freedecomp Enter - MemInfo: [malloc] Total allocated space:                       1294544 Byte
20220313 003647.753 INFO             PET0 PIOc_freedecomp Enter - MemInfo: [malloc] Total free space:                            9050224 Byte
20220313 003647.753 INFO             PET0 PIOc_freedecomp Enter - MemInfo: [malloc] Top-most, releasable space:                   120288 Byte
20220313 003647.753 INFO             PET0 PIOc_freedecomp Enter - MemInfo: [malloc] Total space in use, mmap + non-mmap:         4698320 Byte
20220313 003647.753 INFO             PET0 PIOc_freedecomp Enter - MemInfo: [malloc] Total space held (mmap + non-mmap):         13748544 Byte
20220313 003647.753 INFO             PET0 PIOc_freedecomp Enter - MemInfo: [malloc] Total space used (mmap + non-mmap):          4706528 Byte
20220313 003647.753 INFO             PET0 PIOc_freedecomp Enter - MemInfo: Wall-clock time since execution start:               0.123246 seconds
20220313 003647.753 INFO             PET0 PIOc_freedecomp Exit - MemInfo: [/proc/meminfo - SSI]	MemTotal:       65855856 kB
20220313 003647.753 INFO             PET0 PIOc_freedecomp Exit - MemInfo: [/proc/meminfo - SSI]	MemFree:        61276444 kB
20220313 003647.753 INFO             PET0 PIOc_freedecomp Exit - MemInfo: [/proc/meminfo - SSI]	MemAvailable:   61052952 kB
20220313 003647.753 INFO             PET0 PIOc_freedecomp Exit - MemInfo: [/proc/meminfo - SSI]	Committed_AS:    2809812 kB
20220313 003647.753 INFO             PET0 PIOc_freedecomp Exit - MemInfo: [/proc/meminfo - SSI]	CommittedPercent: 4.26661 %
20220313 003647.753 INFO             PET0 PIOc_freedecomp Exit - MemInfo: [/proc/self/status]	VmPeak:	   83976 kB
20220313 003647.753 INFO             PET0 PIOc_freedecomp Exit - MemInfo: [/proc/self/status]	VmSize:	   83944 kB
20220313 003647.753 INFO             PET0 PIOc_freedecomp Exit - MemInfo: [/proc/self/status]	VmLck:	       0 kB
20220313 003647.753 INFO             PET0 PIOc_freedecomp Exit - MemInfo: [/proc/self/status]	VmPin:	       0 kB
20220313 003647.753 INFO             PET0 PIOc_freedecomp Exit - MemInfo: [/proc/self/status]	VmHWM:	   20752 kB
20220313 003647.753 INFO             PET0 PIOc_freedecomp Exit - MemInfo: [/proc/self/status]	VmRSS:	   17228 kB
20220313 003647.753 INFO             PET0 PIOc_freedecomp Exit - MemInfo: [/proc/self/status]	VmData:	   17680 kB
20220313 003647.753 INFO             PET0 PIOc_freedecomp Exit - MemInfo: [/proc/self/status]	VmStk:	     164 kB
20220313 003647.754 INFO             PET0 PIOc_freedecomp Exit - MemInfo: [/proc/self/status]	VmExe:	   40704 kB
20220313 003647.754 INFO             PET0 PIOc_freedecomp Exit - MemInfo: [/proc/self/status]	VmLib:	    1952 kB
20220313 003647.754 INFO             PET0 PIOc_freedecomp Exit - MemInfo: [/proc/self/status]	VmPTE:	     156 kB
20220313 003647.754 INFO             PET0 PIOc_freedecomp Exit - MemInfo: [/proc/self/status]	VmPMD:	      12 kB
20220313 003647.754 INFO             PET0 PIOc_freedecomp Exit - MemInfo: [/proc/self/status]	VmSwap:	       0 kB
20220313 003647.754 INFO             PET0 PIOc_freedecomp Exit - MemInfo: [/proc/self/status]	VmRSSPercent: 0.0261602 %
20220313 003647.754 INFO             PET0 PIOc_freedecomp Exit - MemInfo: [malloc] Non-mmapped space allocated:                10344768 Byte
20220313 003647.754 INFO             PET0 PIOc_freedecomp Exit - MemInfo: [malloc] Space allocated in mmapped regions:          3403776 Byte
20220313 003647.754 INFO             PET0 PIOc_freedecomp Exit - MemInfo: [malloc] Maximum total allocated space:                     0 Byte
20220313 003647.754 INFO             PET0 PIOc_freedecomp Exit - MemInfo: [malloc] Space in freed fastbin blocks:                  1472 Byte
20220313 003647.754 INFO             PET0 PIOc_freedecomp Exit - MemInfo: [malloc] Total allocated space:                       1293072 Byte
20220313 003647.754 INFO             PET0 PIOc_freedecomp Exit - MemInfo: [malloc] Total free space:                            9051696 Byte
20220313 003647.754 INFO             PET0 PIOc_freedecomp Exit - MemInfo: [malloc] Top-most, releasable space:                   125984 Byte
20220313 003647.754 INFO             PET0 PIOc_freedecomp Exit - MemInfo: [malloc] Total space in use, mmap + non-mmap:         4696848 Byte
20220313 003647.754 INFO             PET0 PIOc_freedecomp Exit - MemInfo: [malloc] Total space held (mmap + non-mmap):         13748544 Byte
20220313 003647.754 INFO             PET0 PIOc_freedecomp Exit - MemInfo: [malloc] Total space used (mmap + non-mmap):          4705056 Byte
20220313 003647.754 INFO             PET0 PIOc_freedecomp Exit - MemInfo: Wall-clock time since execution start:               0.123665 seconds
20220313 003647.754 INFO             PET0  PASS  ESMF_OutputWeightFile, ESMF_IOUTest.F90, line 81
20220313 003647.760 INFO             PET0  PASS  call ESMF_OutputWeightFile with empty factor list on four PETs, ESMF_IOUTest.F90, line 191
20220313 003647.761 INFO             PET0  Ending Test, file ESMF_IOUTest.F90, line 201
20220313 003647.761 INFO             PET0 Finalizing ESMF
20220313 003647.648 INFO             PET1 !!!!!!!!!!!!!!!!!!!!!!!!!!!!!!!!!!!!!!!!!!!!!!!!!!!!!!
20220313 003647.648 INFO             PET1 !!! THE ESMF_LOG IS SET TO OUTPUT ALL LOG MESSAGES !!!
20220313 003647.648 INFO             PET1 !!!     THIS MAY CAUSE SLOWDOWN IN PERFORMANCE     !!!
20220313 003647.648 INFO             PET1 !!! FOR PRODUCTION RUNS, USE:                      !!!
20220313 003647.648 INFO             PET1 !!!                   ESMF_LOGKIND_Multi_On_Error  !!!
20220313 003647.648 INFO             PET1 !!!!!!!!!!!!!!!!!!!!!!!!!!!!!!!!!!!!!!!!!!!!!!!!!!!!!!
20220313 003647.648 INFO             PET1 Running with ESMF Version   : v8.3.0b09-96-g559b459836
20220313 003647.648 INFO             PET1 ESMF library build date/time: "Mar 12 2022" "23:46:28"
20220313 003647.648 INFO             PET1 ESMF library build location : /lustre/f2/dev/ncep/Mark.Potts/gfortran_8.3.0_mpi_g_jedwards_pio_update2
20220313 003647.648 INFO             PET1 ESMF_COMM                   : mpi
20220313 003647.648 INFO             PET1 ESMF_MOAB                   : enabled
20220313 003647.648 INFO             PET1 ESMF_LAPACK                 : enabled
20220313 003647.648 INFO             PET1 ESMF_NETCDF                 : enabled
20220313 003647.648 INFO             PET1 ESMF_PNETCDF                : disabled
20220313 003647.648 INFO             PET1 ESMF_PIO                    : enabled
20220313 003647.648 INFO             PET1 ESMF_YAMLCPP                : enabled
20220313 003647.653 INFO             PET1  Beginning Test, file ESMF_IOUTest.F90, line 57
20220313 003647.653 INFO             PET1  NUMBER_OF_PROCESSORS           4
20220313 003647.653 INFO             PET1 Starting Test:  ESMF_OutputWeightFile
20220313 003647.742 INFO             PET1 PIOc_sync Enter - MemInfo: [/proc/meminfo - SSI]	MemTotal:       65855856 kB
20220313 003647.742 INFO             PET1 PIOc_sync Enter - MemInfo: [/proc/meminfo - SSI]	MemFree:        61272916 kB
20220313 003647.742 INFO             PET1 PIOc_sync Enter - MemInfo: [/proc/meminfo - SSI]	MemAvailable:   61049172 kB
20220313 003647.742 INFO             PET1 PIOc_sync Enter - MemInfo: [/proc/meminfo - SSI]	Committed_AS:    2809392 kB
20220313 003647.742 INFO             PET1 PIOc_sync Enter - MemInfo: [/proc/meminfo - SSI]	CommittedPercent: 4.26597 %
20220313 003647.742 INFO             PET1 PIOc_sync Enter - MemInfo: [/proc/self/status]	VmPeak:	   75008 kB
20220313 003647.742 INFO             PET1 PIOc_sync Enter - MemInfo: [/proc/self/status]	VmSize:	   74540 kB
20220313 003647.742 INFO             PET1 PIOc_sync Enter - MemInfo: [/proc/self/status]	VmLck:	       0 kB
20220313 003647.742 INFO             PET1 PIOc_sync Enter - MemInfo: [/proc/self/status]	VmPin:	       0 kB
20220313 003647.742 INFO             PET1 PIOc_sync Enter - MemInfo: [/proc/self/status]	VmHWM:	   10640 kB
20220313 003647.742 INFO             PET1 PIOc_sync Enter - MemInfo: [/proc/self/status]	VmRSS:	   10640 kB
20220313 003647.742 INFO             PET1 PIOc_sync Enter - MemInfo: [/proc/self/status]	VmData:	    8252 kB
20220313 003647.742 INFO             PET1 PIOc_sync Enter - MemInfo: [/proc/self/status]	VmStk:	     164 kB
20220313 003647.742 INFO             PET1 PIOc_sync Enter - MemInfo: [/proc/self/status]	VmExe:	   40704 kB
20220313 003647.742 INFO             PET1 PIOc_sync Enter - MemInfo: [/proc/self/status]	VmLib:	    1952 kB
20220313 003647.742 INFO             PET1 PIOc_sync Enter - MemInfo: [/proc/self/status]	VmPTE:	     136 kB
20220313 003647.742 INFO             PET1 PIOc_sync Enter - MemInfo: [/proc/self/status]	VmPMD:	      12 kB
20220313 003647.742 INFO             PET1 PIOc_sync Enter - MemInfo: [/proc/self/status]	VmSwap:	       0 kB
20220313 003647.742 INFO             PET1 PIOc_sync Enter - MemInfo: [/proc/self/status]	VmRSSPercent: 0.0161565 %
20220313 003647.742 INFO             PET1 PIOc_sync Enter - MemInfo: [malloc] Non-mmapped space allocated:                  690496 Byte
20220313 003647.742 INFO             PET1 PIOc_sync Enter - MemInfo: [malloc] Space allocated in mmapped regions:          3403776 Byte
20220313 003647.742 INFO             PET1 PIOc_sync Enter - MemInfo: [malloc] Maximum total allocated space:                     0 Byte
20220313 003647.742 INFO             PET1 PIOc_sync Enter - MemInfo: [malloc] Space in freed fastbin blocks:                     0 Byte
20220313 003647.742 INFO             PET1 PIOc_sync Enter - MemInfo: [malloc] Total allocated space:                        629360 Byte
20220313 003647.742 INFO             PET1 PIOc_sync Enter - MemInfo: [malloc] Total free space:                              61136 Byte
20220313 003647.742 INFO             PET1 PIOc_sync Enter - MemInfo: [malloc] Top-most, releasable space:                    61136 Byte
20220313 003647.742 INFO             PET1 PIOc_sync Enter - MemInfo: [malloc] Total space in use, mmap + non-mmap:         4033136 Byte
20220313 003647.742 INFO             PET1 PIOc_sync Enter - MemInfo: [malloc] Total space held (mmap + non-mmap):          4094272 Byte
20220313 003647.742 INFO             PET1 PIOc_sync Enter - MemInfo: [malloc] Total space used (mmap + non-mmap):          4043200 Byte
20220313 003647.742 INFO             PET1 PIOc_sync Enter - MemInfo: Wall-clock time since execution start:               0.111788 seconds
20220313 003647.743 INFO             PET1 PIOc_sync Exit - MemInfo: [/proc/meminfo - SSI]	MemTotal:       65855856 kB
20220313 003647.743 INFO             PET1 PIOc_sync Exit - MemInfo: [/proc/meminfo - SSI]	MemFree:        61272412 kB
20220313 003647.743 INFO             PET1 PIOc_sync Exit - MemInfo: [/proc/meminfo - SSI]	MemAvailable:   61048668 kB
20220313 003647.743 INFO             PET1 PIOc_sync Exit - MemInfo: [/proc/meminfo - SSI]	Committed_AS:    2809392 kB
20220313 003647.743 INFO             PET1 PIOc_sync Exit - MemInfo: [/proc/meminfo - SSI]	CommittedPercent: 4.26597 %
20220313 003647.743 INFO             PET1 PIOc_sync Exit - MemInfo: [/proc/self/status]	VmPeak:	   75008 kB
20220313 003647.743 INFO             PET1 PIOc_sync Exit - MemInfo: [/proc/self/status]	VmSize:	   74540 kB
20220313 003647.743 INFO             PET1 PIOc_sync Exit - MemInfo: [/proc/self/status]	VmLck:	       0 kB
20220313 003647.743 INFO             PET1 PIOc_sync Exit - MemInfo: [/proc/self/status]	VmPin:	       0 kB
20220313 003647.743 INFO             PET1 PIOc_sync Exit - MemInfo: [/proc/self/status]	VmHWM:	   10836 kB
20220313 003647.743 INFO             PET1 PIOc_sync Exit - MemInfo: [/proc/self/status]	VmRSS:	   10836 kB
20220313 003647.743 INFO             PET1 PIOc_sync Exit - MemInfo: [/proc/self/status]	VmData:	    8252 kB
20220313 003647.743 INFO             PET1 PIOc_sync Exit - MemInfo: [/proc/self/status]	VmStk:	     164 kB
20220313 003647.743 INFO             PET1 PIOc_sync Exit - MemInfo: [/proc/self/status]	VmExe:	   40704 kB
20220313 003647.743 INFO             PET1 PIOc_sync Exit - MemInfo: [/proc/self/status]	VmLib:	    1952 kB
20220313 003647.743 INFO             PET1 PIOc_sync Exit - MemInfo: [/proc/self/status]	VmPTE:	     136 kB
20220313 003647.743 INFO             PET1 PIOc_sync Exit - MemInfo: [/proc/self/status]	VmPMD:	      12 kB
20220313 003647.743 INFO             PET1 PIOc_sync Exit - MemInfo: [/proc/self/status]	VmSwap:	       0 kB
20220313 003647.743 INFO             PET1 PIOc_sync Exit - MemInfo: [/proc/self/status]	VmRSSPercent: 0.0164541 %
20220313 003647.743 INFO             PET1 PIOc_sync Exit - MemInfo: [malloc] Non-mmapped space allocated:                  690496 Byte
20220313 003647.743 INFO             PET1 PIOc_sync Exit - MemInfo: [malloc] Space allocated in mmapped regions:          3403776 Byte
20220313 003647.743 INFO             PET1 PIOc_sync Exit - MemInfo: [malloc] Maximum total allocated space:                     0 Byte
20220313 003647.743 INFO             PET1 PIOc_sync Exit - MemInfo: [malloc] Space in freed fastbin blocks:                     0 Byte
20220313 003647.743 INFO             PET1 PIOc_sync Exit - MemInfo: [malloc] Total allocated space:                        631840 Byte
20220313 003647.743 INFO             PET1 PIOc_sync Exit - MemInfo: [malloc] Total free space:                              58656 Byte
20220313 003647.743 INFO             PET1 PIOc_sync Exit - MemInfo: [malloc] Top-most, releasable space:                    58656 Byte
20220313 003647.743 INFO             PET1 PIOc_sync Exit - MemInfo: [malloc] Total space in use, mmap + non-mmap:         4035616 Byte
20220313 003647.743 INFO             PET1 PIOc_sync Exit - MemInfo: [malloc] Total space held (mmap + non-mmap):          4094272 Byte
20220313 003647.743 INFO             PET1 PIOc_sync Exit - MemInfo: [malloc] Total space used (mmap + non-mmap):          4044448 Byte
20220313 003647.743 INFO             PET1 PIOc_sync Exit - MemInfo: Wall-clock time since execution start:               0.112884 seconds
20220313 003647.744 INFO             PET1 PIOc_freedecomp Enter - MemInfo: [/proc/meminfo - SSI]	MemTotal:       65855856 kB
20220313 003647.744 INFO             PET1 PIOc_freedecomp Enter - MemInfo: [/proc/meminfo - SSI]	MemFree:        61279972 kB
20220313 003647.744 INFO             PET1 PIOc_freedecomp Enter - MemInfo: [/proc/meminfo - SSI]	MemAvailable:   61056228 kB
20220313 003647.744 INFO             PET1 PIOc_freedecomp Enter - MemInfo: [/proc/meminfo - SSI]	Committed_AS:    2801660 kB
20220313 003647.744 INFO             PET1 PIOc_freedecomp Enter - MemInfo: [/proc/meminfo - SSI]	CommittedPercent: 4.25423 %
20220313 003647.744 INFO             PET1 PIOc_freedecomp Enter - MemInfo: [/proc/self/status]	VmPeak:	   75008 kB
20220313 003647.744 INFO             PET1 PIOc_freedecomp Enter - MemInfo: [/proc/self/status]	VmSize:	   74540 kB
20220313 003647.744 INFO             PET1 PIOc_freedecomp Enter - MemInfo: [/proc/self/status]	VmLck:	       0 kB
20220313 003647.744 INFO             PET1 PIOc_freedecomp Enter - MemInfo: [/proc/self/status]	VmPin:	       0 kB
20220313 003647.744 INFO             PET1 PIOc_freedecomp Enter - MemInfo: [/proc/self/status]	VmHWM:	   10836 kB
20220313 003647.744 INFO             PET1 PIOc_freedecomp Enter - MemInfo: [/proc/self/status]	VmRSS:	   10836 kB
20220313 003647.744 INFO             PET1 PIOc_freedecomp Enter - MemInfo: [/proc/self/status]	VmData:	    8252 kB
20220313 003647.744 INFO             PET1 PIOc_freedecomp Enter - MemInfo: [/proc/self/status]	VmStk:	     164 kB
20220313 003647.744 INFO             PET1 PIOc_freedecomp Enter - MemInfo: [/proc/self/status]	VmExe:	   40704 kB
20220313 003647.744 INFO             PET1 PIOc_freedecomp Enter - MemInfo: [/proc/self/status]	VmLib:	    1952 kB
20220313 003647.744 INFO             PET1 PIOc_freedecomp Enter - MemInfo: [/proc/self/status]	VmPTE:	     136 kB
20220313 003647.744 INFO             PET1 PIOc_freedecomp Enter - MemInfo: [/proc/self/status]	VmPMD:	      12 kB
20220313 003647.744 INFO             PET1 PIOc_freedecomp Enter - MemInfo: [/proc/self/status]	VmSwap:	       0 kB
20220313 003647.744 INFO             PET1 PIOc_freedecomp Enter - MemInfo: [/proc/self/status]	VmRSSPercent: 0.0164541 %
20220313 003647.744 INFO             PET1 PIOc_freedecomp Enter - MemInfo: [malloc] Non-mmapped space allocated:                  690496 Byte
20220313 003647.744 INFO             PET1 PIOc_freedecomp Enter - MemInfo: [malloc] Space allocated in mmapped regions:          3403776 Byte
20220313 003647.744 INFO             PET1 PIOc_freedecomp Enter - MemInfo: [malloc] Maximum total allocated space:                     0 Byte
20220313 003647.744 INFO             PET1 PIOc_freedecomp Enter - MemInfo: [malloc] Space in freed fastbin blocks:                     0 Byte
20220313 003647.744 INFO             PET1 PIOc_freedecomp Enter - MemInfo: [malloc] Total allocated space:                        632752 Byte
20220313 003647.744 INFO             PET1 PIOc_freedecomp Enter - MemInfo: [malloc] Total free space:                              57744 Byte
20220313 003647.744 INFO             PET1 PIOc_freedecomp Enter - MemInfo: [malloc] Top-most, releasable space:                    57744 Byte
20220313 003647.744 INFO             PET1 PIOc_freedecomp Enter - MemInfo: [malloc] Total space in use, mmap + non-mmap:         4036528 Byte
20220313 003647.744 INFO             PET1 PIOc_freedecomp Enter - MemInfo: [malloc] Total space held (mmap + non-mmap):          4094272 Byte
20220313 003647.744 INFO             PET1 PIOc_freedecomp Enter - MemInfo: [malloc] Total space used (mmap + non-mmap):          4045248 Byte
20220313 003647.744 INFO             PET1 PIOc_freedecomp Enter - MemInfo: Wall-clock time since execution start:               0.113836 seconds
20220313 003647.744 INFO             PET1 PIOc_freedecomp Exit - MemInfo: [/proc/meminfo - SSI]	MemTotal:       65855856 kB
20220313 003647.744 INFO             PET1 PIOc_freedecomp Exit - MemInfo: [/proc/meminfo - SSI]	MemFree:        61279972 kB
20220313 003647.744 INFO             PET1 PIOc_freedecomp Exit - MemInfo: [/proc/meminfo - SSI]	MemAvailable:   61056480 kB
20220313 003647.745 INFO             PET1 PIOc_freedecomp Exit - MemInfo: [/proc/meminfo - SSI]	Committed_AS:    2801660 kB
20220313 003647.745 INFO             PET1 PIOc_freedecomp Exit - MemInfo: [/proc/meminfo - SSI]	CommittedPercent: 4.25423 %
20220313 003647.745 INFO             PET1 PIOc_freedecomp Exit - MemInfo: [/proc/self/status]	VmPeak:	   75008 kB
20220313 003647.745 INFO             PET1 PIOc_freedecomp Exit - MemInfo: [/proc/self/status]	VmSize:	   74540 kB
20220313 003647.745 INFO             PET1 PIOc_freedecomp Exit - MemInfo: [/proc/self/status]	VmLck:	       0 kB
20220313 003647.745 INFO             PET1 PIOc_freedecomp Exit - MemInfo: [/proc/self/status]	VmPin:	       0 kB
20220313 003647.745 INFO             PET1 PIOc_freedecomp Exit - MemInfo: [/proc/self/status]	VmHWM:	   10836 kB
20220313 003647.745 INFO             PET1 PIOc_freedecomp Exit - MemInfo: [/proc/self/status]	VmRSS:	   10836 kB
20220313 003647.745 INFO             PET1 PIOc_freedecomp Exit - MemInfo: [/proc/self/status]	VmData:	    8252 kB
20220313 003647.745 INFO             PET1 PIOc_freedecomp Exit - MemInfo: [/proc/self/status]	VmStk:	     164 kB
20220313 003647.745 INFO             PET1 PIOc_freedecomp Exit - MemInfo: [/proc/self/status]	VmExe:	   40704 kB
20220313 003647.745 INFO             PET1 PIOc_freedecomp Exit - MemInfo: [/proc/self/status]	VmLib:	    1952 kB
20220313 003647.745 INFO             PET1 PIOc_freedecomp Exit - MemInfo: [/proc/self/status]	VmPTE:	     136 kB
20220313 003647.745 INFO             PET1 PIOc_freedecomp Exit - MemInfo: [/proc/self/status]	VmPMD:	      12 kB
20220313 003647.745 INFO             PET1 PIOc_freedecomp Exit - MemInfo: [/proc/self/status]	VmSwap:	       0 kB
20220313 003647.745 INFO             PET1 PIOc_freedecomp Exit - MemInfo: [/proc/self/status]	VmRSSPercent: 0.0164541 %
20220313 003647.745 INFO             PET1 PIOc_freedecomp Exit - MemInfo: [malloc] Non-mmapped space allocated:                  690496 Byte
20220313 003647.745 INFO             PET1 PIOc_freedecomp Exit - MemInfo: [malloc] Space allocated in mmapped regions:          3403776 Byte
20220313 003647.745 INFO             PET1 PIOc_freedecomp Exit - MemInfo: [malloc] Maximum total allocated space:                     0 Byte
20220313 003647.745 INFO             PET1 PIOc_freedecomp Exit - MemInfo: [malloc] Space in freed fastbin blocks:                   368 Byte
20220313 003647.745 INFO             PET1 PIOc_freedecomp Exit - MemInfo: [malloc] Total allocated space:                        633120 Byte
20220313 003647.745 INFO             PET1 PIOc_freedecomp Exit - MemInfo: [malloc] Total free space:                              57376 Byte
20220313 003647.745 INFO             PET1 PIOc_freedecomp Exit - MemInfo: [malloc] Top-most, releasable space:                    57008 Byte
20220313 003647.745 INFO             PET1 PIOc_freedecomp Exit - MemInfo: [malloc] Total space in use, mmap + non-mmap:         4036896 Byte
20220313 003647.745 INFO             PET1 PIOc_freedecomp Exit - MemInfo: [malloc] Total space held (mmap + non-mmap):          4094272 Byte
20220313 003647.745 INFO             PET1 PIOc_freedecomp Exit - MemInfo: [malloc] Total space used (mmap + non-mmap):          4045664 Byte
20220313 003647.745 INFO             PET1 PIOc_freedecomp Exit - MemInfo: Wall-clock time since execution start:               0.114216 seconds
20220313 003647.748 INFO             PET1 PIOc_sync Enter - MemInfo: [/proc/meminfo - SSI]	MemTotal:       65855856 kB
20220313 003647.748 INFO             PET1 PIOc_sync Enter - MemInfo: [/proc/meminfo - SSI]	MemFree:        61276444 kB
20220313 003647.748 INFO             PET1 PIOc_sync Enter - MemInfo: [/proc/meminfo - SSI]	MemAvailable:   61052952 kB
20220313 003647.748 INFO             PET1 PIOc_sync Enter - MemInfo: [/proc/meminfo - SSI]	Committed_AS:    2809812 kB
20220313 003647.748 INFO             PET1 PIOc_sync Enter - MemInfo: [/proc/meminfo - SSI]	CommittedPercent: 4.26661 %
20220313 003647.749 INFO             PET1 PIOc_sync Enter - MemInfo: [/proc/self/status]	VmPeak:	   75008 kB
20220313 003647.749 INFO             PET1 PIOc_sync Enter - MemInfo: [/proc/self/status]	VmSize:	   74540 kB
20220313 003647.749 INFO             PET1 PIOc_sync Enter - MemInfo: [/proc/self/status]	VmLck:	       0 kB
20220313 003647.749 INFO             PET1 PIOc_sync Enter - MemInfo: [/proc/self/status]	VmPin:	       0 kB
20220313 003647.749 INFO             PET1 PIOc_sync Enter - MemInfo: [/proc/self/status]	VmHWM:	   10860 kB
20220313 003647.749 INFO             PET1 PIOc_sync Enter - MemInfo: [/proc/self/status]	VmRSS:	   10844 kB
20220313 003647.749 INFO             PET1 PIOc_sync Enter - MemInfo: [/proc/self/status]	VmData:	    8252 kB
20220313 003647.749 INFO             PET1 PIOc_sync Enter - MemInfo: [/proc/self/status]	VmStk:	     164 kB
20220313 003647.749 INFO             PET1 PIOc_sync Enter - MemInfo: [/proc/self/status]	VmExe:	   40704 kB
20220313 003647.749 INFO             PET1 PIOc_sync Enter - MemInfo: [/proc/self/status]	VmLib:	    1952 kB
20220313 003647.749 INFO             PET1 PIOc_sync Enter - MemInfo: [/proc/self/status]	VmPTE:	     136 kB
20220313 003647.749 INFO             PET1 PIOc_sync Enter - MemInfo: [/proc/self/status]	VmPMD:	      12 kB
20220313 003647.749 INFO             PET1 PIOc_sync Enter - MemInfo: [/proc/self/status]	VmSwap:	       0 kB
20220313 003647.749 INFO             PET1 PIOc_sync Enter - MemInfo: [/proc/self/status]	VmRSSPercent: 0.0164663 %
20220313 003647.749 INFO             PET1 PIOc_sync Enter - MemInfo: [malloc] Non-mmapped space allocated:                  690496 Byte
20220313 003647.749 INFO             PET1 PIOc_sync Enter - MemInfo: [malloc] Space allocated in mmapped regions:          3403776 Byte
20220313 003647.749 INFO             PET1 PIOc_sync Enter - MemInfo: [malloc] Maximum total allocated space:                     0 Byte
20220313 003647.749 INFO             PET1 PIOc_sync Enter - MemInfo: [malloc] Space in freed fastbin blocks:                     0 Byte
20220313 003647.749 INFO             PET1 PIOc_sync Enter - MemInfo: [malloc] Total allocated space:                        635376 Byte
20220313 003647.749 INFO             PET1 PIOc_sync Enter - MemInfo: [malloc] Total free space:                              55120 Byte
20220313 003647.749 INFO             PET1 PIOc_sync Enter - MemInfo: [malloc] Top-most, releasable space:                    54768 Byte
20220313 003647.749 INFO             PET1 PIOc_sync Enter - MemInfo: [malloc] Total space in use, mmap + non-mmap:         4039152 Byte
20220313 003647.749 INFO             PET1 PIOc_sync Enter - MemInfo: [malloc] Total space held (mmap + non-mmap):          4094272 Byte
20220313 003647.749 INFO             PET1 PIOc_sync Enter - MemInfo: [malloc] Total space used (mmap + non-mmap):          4047472 Byte
20220313 003647.749 INFO             PET1 PIOc_sync Enter - MemInfo: Wall-clock time since execution start:               0.118163 seconds
20220313 003647.749 INFO             PET1 PIOc_sync Exit - MemInfo: [/proc/meminfo - SSI]	MemTotal:       65855856 kB
20220313 003647.749 INFO             PET1 PIOc_sync Exit - MemInfo: [/proc/meminfo - SSI]	MemFree:        61276444 kB
20220313 003647.749 INFO             PET1 PIOc_sync Exit - MemInfo: [/proc/meminfo - SSI]	MemAvailable:   61052952 kB
20220313 003647.749 INFO             PET1 PIOc_sync Exit - MemInfo: [/proc/meminfo - SSI]	Committed_AS:    2809812 kB
20220313 003647.749 INFO             PET1 PIOc_sync Exit - MemInfo: [/proc/meminfo - SSI]	CommittedPercent: 4.26661 %
20220313 003647.749 INFO             PET1 PIOc_sync Exit - MemInfo: [/proc/self/status]	VmPeak:	   75008 kB
20220313 003647.749 INFO             PET1 PIOc_sync Exit - MemInfo: [/proc/self/status]	VmSize:	   74540 kB
20220313 003647.749 INFO             PET1 PIOc_sync Exit - MemInfo: [/proc/self/status]	VmLck:	       0 kB
20220313 003647.749 INFO             PET1 PIOc_sync Exit - MemInfo: [/proc/self/status]	VmPin:	       0 kB
20220313 003647.749 INFO             PET1 PIOc_sync Exit - MemInfo: [/proc/self/status]	VmHWM:	   10860 kB
20220313 003647.749 INFO             PET1 PIOc_sync Exit - MemInfo: [/proc/self/status]	VmRSS:	   10844 kB
20220313 003647.749 INFO             PET1 PIOc_sync Exit - MemInfo: [/proc/self/status]	VmData:	    8252 kB
20220313 003647.749 INFO             PET1 PIOc_sync Exit - MemInfo: [/proc/self/status]	VmStk:	     164 kB
20220313 003647.749 INFO             PET1 PIOc_sync Exit - MemInfo: [/proc/self/status]	VmExe:	   40704 kB
20220313 003647.749 INFO             PET1 PIOc_sync Exit - MemInfo: [/proc/self/status]	VmLib:	    1952 kB
20220313 003647.749 INFO             PET1 PIOc_sync Exit - MemInfo: [/proc/self/status]	VmPTE:	     140 kB
20220313 003647.749 INFO             PET1 PIOc_sync Exit - MemInfo: [/proc/self/status]	VmPMD:	      12 kB
20220313 003647.749 INFO             PET1 PIOc_sync Exit - MemInfo: [/proc/self/status]	VmSwap:	       0 kB
20220313 003647.749 INFO             PET1 PIOc_sync Exit - MemInfo: [/proc/self/status]	VmRSSPercent: 0.0164663 %
20220313 003647.749 INFO             PET1 PIOc_sync Exit - MemInfo: [malloc] Non-mmapped space allocated:                  690496 Byte
20220313 003647.749 INFO             PET1 PIOc_sync Exit - MemInfo: [malloc] Space allocated in mmapped regions:          3403776 Byte
20220313 003647.749 INFO             PET1 PIOc_sync Exit - MemInfo: [malloc] Maximum total allocated space:                     0 Byte
20220313 003647.749 INFO             PET1 PIOc_sync Exit - MemInfo: [malloc] Space in freed fastbin blocks:                     0 Byte
20220313 003647.749 INFO             PET1 PIOc_sync Exit - MemInfo: [malloc] Total allocated space:                        635792 Byte
20220313 003647.749 INFO             PET1 PIOc_sync Exit - MemInfo: [malloc] Total free space:                              54704 Byte
20220313 003647.749 INFO             PET1 PIOc_sync Exit - MemInfo: [malloc] Top-most, releasable space:                    54544 Byte
20220313 003647.749 INFO             PET1 PIOc_sync Exit - MemInfo: [malloc] Total space in use, mmap + non-mmap:         4039568 Byte
20220313 003647.749 INFO             PET1 PIOc_sync Exit - MemInfo: [malloc] Total space held (mmap + non-mmap):          4094272 Byte
20220313 003647.749 INFO             PET1 PIOc_sync Exit - MemInfo: [malloc] Total space used (mmap + non-mmap):          4047776 Byte
20220313 003647.749 INFO             PET1 PIOc_sync Exit - MemInfo: Wall-clock time since execution start:               0.118637 seconds
20220313 003647.749 INFO             PET1 PIOc_freedecomp Enter - MemInfo: [/proc/meminfo - SSI]	MemTotal:       65855856 kB
20220313 003647.749 INFO             PET1 PIOc_freedecomp Enter - MemInfo: [/proc/meminfo - SSI]	MemFree:        61276444 kB
20220313 003647.749 INFO             PET1 PIOc_freedecomp Enter - MemInfo: [/proc/meminfo - SSI]	MemAvailable:   61052952 kB
20220313 003647.749 INFO             PET1 PIOc_freedecomp Enter - MemInfo: [/proc/meminfo - SSI]	Committed_AS:    2809812 kB
20220313 003647.749 INFO             PET1 PIOc_freedecomp Enter - MemInfo: [/proc/meminfo - SSI]	CommittedPercent: 4.26661 %
20220313 003647.750 INFO             PET1 PIOc_freedecomp Enter - MemInfo: [/proc/self/status]	VmPeak:	   75008 kB
20220313 003647.750 INFO             PET1 PIOc_freedecomp Enter - MemInfo: [/proc/self/status]	VmSize:	   74540 kB
20220313 003647.750 INFO             PET1 PIOc_freedecomp Enter - MemInfo: [/proc/self/status]	VmLck:	       0 kB
20220313 003647.750 INFO             PET1 PIOc_freedecomp Enter - MemInfo: [/proc/self/status]	VmPin:	       0 kB
20220313 003647.750 INFO             PET1 PIOc_freedecomp Enter - MemInfo: [/proc/self/status]	VmHWM:	   10860 kB
20220313 003647.750 INFO             PET1 PIOc_freedecomp Enter - MemInfo: [/proc/self/status]	VmRSS:	   10844 kB
20220313 003647.750 INFO             PET1 PIOc_freedecomp Enter - MemInfo: [/proc/self/status]	VmData:	    8252 kB
20220313 003647.750 INFO             PET1 PIOc_freedecomp Enter - MemInfo: [/proc/self/status]	VmStk:	     164 kB
20220313 003647.750 INFO             PET1 PIOc_freedecomp Enter - MemInfo: [/proc/self/status]	VmExe:	   40704 kB
20220313 003647.750 INFO             PET1 PIOc_freedecomp Enter - MemInfo: [/proc/self/status]	VmLib:	    1952 kB
20220313 003647.750 INFO             PET1 PIOc_freedecomp Enter - MemInfo: [/proc/self/status]	VmPTE:	     140 kB
20220313 003647.750 INFO             PET1 PIOc_freedecomp Enter - MemInfo: [/proc/self/status]	VmPMD:	      12 kB
20220313 003647.750 INFO             PET1 PIOc_freedecomp Enter - MemInfo: [/proc/self/status]	VmSwap:	       0 kB
20220313 003647.750 INFO             PET1 PIOc_freedecomp Enter - MemInfo: [/proc/self/status]	VmRSSPercent: 0.0164663 %
20220313 003647.750 INFO             PET1 PIOc_freedecomp Enter - MemInfo: [malloc] Non-mmapped space allocated:                  690496 Byte
20220313 003647.750 INFO             PET1 PIOc_freedecomp Enter - MemInfo: [malloc] Space allocated in mmapped regions:          3403776 Byte
20220313 003647.750 INFO             PET1 PIOc_freedecomp Enter - MemInfo: [malloc] Maximum total allocated space:                     0 Byte
20220313 003647.750 INFO             PET1 PIOc_freedecomp Enter - MemInfo: [malloc] Space in freed fastbin blocks:                     0 Byte
20220313 003647.750 INFO             PET1 PIOc_freedecomp Enter - MemInfo: [malloc] Total allocated space:                        636016 Byte
20220313 003647.750 INFO             PET1 PIOc_freedecomp Enter - MemInfo: [malloc] Total free space:                              54480 Byte
20220313 003647.750 INFO             PET1 PIOc_freedecomp Enter - MemInfo: [malloc] Top-most, releasable space:                    54320 Byte
20220313 003647.750 INFO             PET1 PIOc_freedecomp Enter - MemInfo: [malloc] Total space in use, mmap + non-mmap:         4039792 Byte
20220313 003647.750 INFO             PET1 PIOc_freedecomp Enter - MemInfo: [malloc] Total space held (mmap + non-mmap):          4094272 Byte
20220313 003647.750 INFO             PET1 PIOc_freedecomp Enter - MemInfo: [malloc] Total space used (mmap + non-mmap):          4048000 Byte
20220313 003647.750 INFO             PET1 PIOc_freedecomp Enter - MemInfo: Wall-clock time since execution start:               0.119172 seconds
20220313 003647.750 INFO             PET1 PIOc_freedecomp Exit - MemInfo: [/proc/meminfo - SSI]	MemTotal:       65855856 kB
20220313 003647.750 INFO             PET1 PIOc_freedecomp Exit - MemInfo: [/proc/meminfo - SSI]	MemFree:        61276444 kB
20220313 003647.750 INFO             PET1 PIOc_freedecomp Exit - MemInfo: [/proc/meminfo - SSI]	MemAvailable:   61052952 kB
20220313 003647.750 INFO             PET1 PIOc_freedecomp Exit - MemInfo: [/proc/meminfo - SSI]	Committed_AS:    2809812 kB
20220313 003647.750 INFO             PET1 PIOc_freedecomp Exit - MemInfo: [/proc/meminfo - SSI]	CommittedPercent: 4.26661 %
20220313 003647.750 INFO             PET1 PIOc_freedecomp Exit - MemInfo: [/proc/self/status]	VmPeak:	   75008 kB
20220313 003647.750 INFO             PET1 PIOc_freedecomp Exit - MemInfo: [/proc/self/status]	VmSize:	   74540 kB
20220313 003647.750 INFO             PET1 PIOc_freedecomp Exit - MemInfo: [/proc/self/status]	VmLck:	       0 kB
20220313 003647.750 INFO             PET1 PIOc_freedecomp Exit - MemInfo: [/proc/self/status]	VmPin:	       0 kB
20220313 003647.750 INFO             PET1 PIOc_freedecomp Exit - MemInfo: [/proc/self/status]	VmHWM:	   10860 kB
20220313 003647.750 INFO             PET1 PIOc_freedecomp Exit - MemInfo: [/proc/self/status]	VmRSS:	   10844 kB
20220313 003647.750 INFO             PET1 PIOc_freedecomp Exit - MemInfo: [/proc/self/status]	VmData:	    8252 kB
20220313 003647.750 INFO             PET1 PIOc_freedecomp Exit - MemInfo: [/proc/self/status]	VmStk:	     164 kB
20220313 003647.750 INFO             PET1 PIOc_freedecomp Exit - MemInfo: [/proc/self/status]	VmExe:	   40704 kB
20220313 003647.750 INFO             PET1 PIOc_freedecomp Exit - MemInfo: [/proc/self/status]	VmLib:	    1952 kB
20220313 003647.750 INFO             PET1 PIOc_freedecomp Exit - MemInfo: [/proc/self/status]	VmPTE:	     140 kB
20220313 003647.750 INFO             PET1 PIOc_freedecomp Exit - MemInfo: [/proc/self/status]	VmPMD:	      12 kB
20220313 003647.750 INFO             PET1 PIOc_freedecomp Exit - MemInfo: [/proc/self/status]	VmSwap:	       0 kB
20220313 003647.750 INFO             PET1 PIOc_freedecomp Exit - MemInfo: [/proc/self/status]	VmRSSPercent: 0.0164663 %
20220313 003647.750 INFO             PET1 PIOc_freedecomp Exit - MemInfo: [malloc] Non-mmapped space allocated:                  690496 Byte
20220313 003647.750 INFO             PET1 PIOc_freedecomp Exit - MemInfo: [malloc] Space allocated in mmapped regions:          3403776 Byte
20220313 003647.750 INFO             PET1 PIOc_freedecomp Exit - MemInfo: [malloc] Maximum total allocated space:                     0 Byte
20220313 003647.750 INFO             PET1 PIOc_freedecomp Exit - MemInfo: [malloc] Space in freed fastbin blocks:                   400 Byte
20220313 003647.750 INFO             PET1 PIOc_freedecomp Exit - MemInfo: [malloc] Total allocated space:                        635616 Byte
20220313 003647.750 INFO             PET1 PIOc_freedecomp Exit - MemInfo: [malloc] Total free space:                              54880 Byte
20220313 003647.750 INFO             PET1 PIOc_freedecomp Exit - MemInfo: [malloc] Top-most, releasable space:                    54096 Byte
20220313 003647.750 INFO             PET1 PIOc_freedecomp Exit - MemInfo: [malloc] Total space in use, mmap + non-mmap:         4039392 Byte
20220313 003647.750 INFO             PET1 PIOc_freedecomp Exit - MemInfo: [malloc] Total space held (mmap + non-mmap):          4094272 Byte
20220313 003647.750 INFO             PET1 PIOc_freedecomp Exit - MemInfo: [malloc] Total space used (mmap + non-mmap):          4047600 Byte
20220313 003647.750 INFO             PET1 PIOc_freedecomp Exit - MemInfo: Wall-clock time since execution start:               0.119574 seconds
20220313 003647.752 INFO             PET1 PIOc_sync Enter - MemInfo: [/proc/meminfo - SSI]	MemTotal:       65855856 kB
20220313 003647.752 INFO             PET1 PIOc_sync Enter - MemInfo: [/proc/meminfo - SSI]	MemFree:        61276444 kB
20220313 003647.752 INFO             PET1 PIOc_sync Enter - MemInfo: [/proc/meminfo - SSI]	MemAvailable:   61052952 kB
20220313 003647.752 INFO             PET1 PIOc_sync Enter - MemInfo: [/proc/meminfo - SSI]	Committed_AS:    2809812 kB
20220313 003647.752 INFO             PET1 PIOc_sync Enter - MemInfo: [/proc/meminfo - SSI]	CommittedPercent: 4.26661 %
20220313 003647.752 INFO             PET1 PIOc_sync Enter - MemInfo: [/proc/self/status]	VmPeak:	   75008 kB
20220313 003647.752 INFO             PET1 PIOc_sync Enter - MemInfo: [/proc/self/status]	VmSize:	   74516 kB
20220313 003647.752 INFO             PET1 PIOc_sync Enter - MemInfo: [/proc/self/status]	VmLck:	       0 kB
20220313 003647.752 INFO             PET1 PIOc_sync Enter - MemInfo: [/proc/self/status]	VmPin:	       0 kB
20220313 003647.752 INFO             PET1 PIOc_sync Enter - MemInfo: [/proc/self/status]	VmHWM:	   10868 kB
20220313 003647.752 INFO             PET1 PIOc_sync Enter - MemInfo: [/proc/self/status]	VmRSS:	   10852 kB
20220313 003647.752 INFO             PET1 PIOc_sync Enter - MemInfo: [/proc/self/status]	VmData:	    8252 kB
20220313 003647.752 INFO             PET1 PIOc_sync Enter - MemInfo: [/proc/self/status]	VmStk:	     164 kB
20220313 003647.752 INFO             PET1 PIOc_sync Enter - MemInfo: [/proc/self/status]	VmExe:	   40704 kB
20220313 003647.752 INFO             PET1 PIOc_sync Enter - MemInfo: [/proc/self/status]	VmLib:	    1952 kB
20220313 003647.752 INFO             PET1 PIOc_sync Enter - MemInfo: [/proc/self/status]	VmPTE:	     140 kB
20220313 003647.752 INFO             PET1 PIOc_sync Enter - MemInfo: [/proc/self/status]	VmPMD:	      12 kB
20220313 003647.752 INFO             PET1 PIOc_sync Enter - MemInfo: [/proc/self/status]	VmSwap:	       0 kB
20220313 003647.752 INFO             PET1 PIOc_sync Enter - MemInfo: [/proc/self/status]	VmRSSPercent: 0.0164784 %
20220313 003647.752 INFO             PET1 PIOc_sync Enter - MemInfo: [malloc] Non-mmapped space allocated:                  690496 Byte
20220313 003647.752 INFO             PET1 PIOc_sync Enter - MemInfo: [malloc] Space allocated in mmapped regions:          3403776 Byte
20220313 003647.752 INFO             PET1 PIOc_sync Enter - MemInfo: [malloc] Maximum total allocated space:                     0 Byte
20220313 003647.752 INFO             PET1 PIOc_sync Enter - MemInfo: [malloc] Space in freed fastbin blocks:                    48 Byte
20220313 003647.752 INFO             PET1 PIOc_sync Enter - MemInfo: [malloc] Total allocated space:                        636352 Byte
20220313 003647.752 INFO             PET1 PIOc_sync Enter - MemInfo: [malloc] Total free space:                              54144 Byte
20220313 003647.752 INFO             PET1 PIOc_sync Enter - MemInfo: [malloc] Top-most, releasable space:                    53568 Byte
20220313 003647.752 INFO             PET1 PIOc_sync Enter - MemInfo: [malloc] Total space in use, mmap + non-mmap:         4040128 Byte
20220313 003647.752 INFO             PET1 PIOc_sync Enter - MemInfo: [malloc] Total space held (mmap + non-mmap):          4094272 Byte
20220313 003647.752 INFO             PET1 PIOc_sync Enter - MemInfo: [malloc] Total space used (mmap + non-mmap):          4048336 Byte
20220313 003647.752 INFO             PET1 PIOc_sync Enter - MemInfo: Wall-clock time since execution start:               0.121669 seconds
20220313 003647.752 INFO             PET1 PIOc_sync Exit - MemInfo: [/proc/meminfo - SSI]	MemTotal:       65855856 kB
20220313 003647.752 INFO             PET1 PIOc_sync Exit - MemInfo: [/proc/meminfo - SSI]	MemFree:        61276444 kB
20220313 003647.752 INFO             PET1 PIOc_sync Exit - MemInfo: [/proc/meminfo - SSI]	MemAvailable:   61052952 kB
20220313 003647.752 INFO             PET1 PIOc_sync Exit - MemInfo: [/proc/meminfo - SSI]	Committed_AS:    2809812 kB
20220313 003647.752 INFO             PET1 PIOc_sync Exit - MemInfo: [/proc/meminfo - SSI]	CommittedPercent: 4.26661 %
20220313 003647.752 INFO             PET1 PIOc_sync Exit - MemInfo: [/proc/self/status]	VmPeak:	   75008 kB
20220313 003647.752 INFO             PET1 PIOc_sync Exit - MemInfo: [/proc/self/status]	VmSize:	   74516 kB
20220313 003647.752 INFO             PET1 PIOc_sync Exit - MemInfo: [/proc/self/status]	VmLck:	       0 kB
20220313 003647.752 INFO             PET1 PIOc_sync Exit - MemInfo: [/proc/self/status]	VmPin:	       0 kB
20220313 003647.752 INFO             PET1 PIOc_sync Exit - MemInfo: [/proc/self/status]	VmHWM:	   10868 kB
20220313 003647.753 INFO             PET1 PIOc_sync Exit - MemInfo: [/proc/self/status]	VmRSS:	   10852 kB
20220313 003647.753 INFO             PET1 PIOc_sync Exit - MemInfo: [/proc/self/status]	VmData:	    8252 kB
20220313 003647.753 INFO             PET1 PIOc_sync Exit - MemInfo: [/proc/self/status]	VmStk:	     164 kB
20220313 003647.753 INFO             PET1 PIOc_sync Exit - MemInfo: [/proc/self/status]	VmExe:	   40704 kB
20220313 003647.753 INFO             PET1 PIOc_sync Exit - MemInfo: [/proc/self/status]	VmLib:	    1952 kB
20220313 003647.753 INFO             PET1 PIOc_sync Exit - MemInfo: [/proc/self/status]	VmPTE:	     140 kB
20220313 003647.753 INFO             PET1 PIOc_sync Exit - MemInfo: [/proc/self/status]	VmPMD:	      12 kB
20220313 003647.753 INFO             PET1 PIOc_sync Exit - MemInfo: [/proc/self/status]	VmSwap:	       0 kB
20220313 003647.753 INFO             PET1 PIOc_sync Exit - MemInfo: [/proc/self/status]	VmRSSPercent: 0.0164784 %
20220313 003647.753 INFO             PET1 PIOc_sync Exit - MemInfo: [malloc] Non-mmapped space allocated:                  690496 Byte
20220313 003647.753 INFO             PET1 PIOc_sync Exit - MemInfo: [malloc] Space allocated in mmapped regions:          3403776 Byte
20220313 003647.753 INFO             PET1 PIOc_sync Exit - MemInfo: [malloc] Maximum total allocated space:                     0 Byte
20220313 003647.753 INFO             PET1 PIOc_sync Exit - MemInfo: [malloc] Space in freed fastbin blocks:                     0 Byte
20220313 003647.753 INFO             PET1 PIOc_sync Exit - MemInfo: [malloc] Total allocated space:                        636528 Byte
20220313 003647.753 INFO             PET1 PIOc_sync Exit - MemInfo: [malloc] Total free space:                              53968 Byte
20220313 003647.753 INFO             PET1 PIOc_sync Exit - MemInfo: [malloc] Top-most, releasable space:                    53344 Byte
20220313 003647.753 INFO             PET1 PIOc_sync Exit - MemInfo: [malloc] Total space in use, mmap + non-mmap:         4040304 Byte
20220313 003647.753 INFO             PET1 PIOc_sync Exit - MemInfo: [malloc] Total space held (mmap + non-mmap):          4094272 Byte
20220313 003647.753 INFO             PET1 PIOc_sync Exit - MemInfo: [malloc] Total space used (mmap + non-mmap):          4048512 Byte
20220313 003647.753 INFO             PET1 PIOc_sync Exit - MemInfo: Wall-clock time since execution start:               0.122138 seconds
20220313 003647.753 INFO             PET1 PIOc_freedecomp Enter - MemInfo: [/proc/meminfo - SSI]	MemTotal:       65855856 kB
20220313 003647.753 INFO             PET1 PIOc_freedecomp Enter - MemInfo: [/proc/meminfo - SSI]	MemFree:        61276444 kB
20220313 003647.753 INFO             PET1 PIOc_freedecomp Enter - MemInfo: [/proc/meminfo - SSI]	MemAvailable:   61052952 kB
20220313 003647.753 INFO             PET1 PIOc_freedecomp Enter - MemInfo: [/proc/meminfo - SSI]	Committed_AS:    2809812 kB
20220313 003647.753 INFO             PET1 PIOc_freedecomp Enter - MemInfo: [/proc/meminfo - SSI]	CommittedPercent: 4.26661 %
20220313 003647.753 INFO             PET1 PIOc_freedecomp Enter - MemInfo: [/proc/self/status]	VmPeak:	   75008 kB
20220313 003647.753 INFO             PET1 PIOc_freedecomp Enter - MemInfo: [/proc/self/status]	VmSize:	   74516 kB
20220313 003647.753 INFO             PET1 PIOc_freedecomp Enter - MemInfo: [/proc/self/status]	VmLck:	       0 kB
20220313 003647.753 INFO             PET1 PIOc_freedecomp Enter - MemInfo: [/proc/self/status]	VmPin:	       0 kB
20220313 003647.753 INFO             PET1 PIOc_freedecomp Enter - MemInfo: [/proc/self/status]	VmHWM:	   10868 kB
20220313 003647.753 INFO             PET1 PIOc_freedecomp Enter - MemInfo: [/proc/self/status]	VmRSS:	   10852 kB
20220313 003647.753 INFO             PET1 PIOc_freedecomp Enter - MemInfo: [/proc/self/status]	VmData:	    8252 kB
20220313 003647.753 INFO             PET1 PIOc_freedecomp Enter - MemInfo: [/proc/self/status]	VmStk:	     164 kB
20220313 003647.753 INFO             PET1 PIOc_freedecomp Enter - MemInfo: [/proc/self/status]	VmExe:	   40704 kB
20220313 003647.753 INFO             PET1 PIOc_freedecomp Enter - MemInfo: [/proc/self/status]	VmLib:	    1952 kB
20220313 003647.753 INFO             PET1 PIOc_freedecomp Enter - MemInfo: [/proc/self/status]	VmPTE:	     140 kB
20220313 003647.753 INFO             PET1 PIOc_freedecomp Enter - MemInfo: [/proc/self/status]	VmPMD:	      12 kB
20220313 003647.753 INFO             PET1 PIOc_freedecomp Enter - MemInfo: [/proc/self/status]	VmSwap:	       0 kB
20220313 003647.753 INFO             PET1 PIOc_freedecomp Enter - MemInfo: [/proc/self/status]	VmRSSPercent: 0.0164784 %
20220313 003647.753 INFO             PET1 PIOc_freedecomp Enter - MemInfo: [malloc] Non-mmapped space allocated:                  690496 Byte
20220313 003647.753 INFO             PET1 PIOc_freedecomp Enter - MemInfo: [malloc] Space allocated in mmapped regions:          3403776 Byte
20220313 003647.753 INFO             PET1 PIOc_freedecomp Enter - MemInfo: [malloc] Maximum total allocated space:                     0 Byte
20220313 003647.753 INFO             PET1 PIOc_freedecomp Enter - MemInfo: [malloc] Space in freed fastbin blocks:                     0 Byte
20220313 003647.753 INFO             PET1 PIOc_freedecomp Enter - MemInfo: [malloc] Total allocated space:                        636240 Byte
20220313 003647.753 INFO             PET1 PIOc_freedecomp Enter - MemInfo: [malloc] Total free space:                              54256 Byte
20220313 003647.753 INFO             PET1 PIOc_freedecomp Enter - MemInfo: [malloc] Top-most, releasable space:                    53120 Byte
20220313 003647.753 INFO             PET1 PIOc_freedecomp Enter - MemInfo: [malloc] Total space in use, mmap + non-mmap:         4040016 Byte
20220313 003647.753 INFO             PET1 PIOc_freedecomp Enter - MemInfo: [malloc] Total space held (mmap + non-mmap):          4094272 Byte
20220313 003647.753 INFO             PET1 PIOc_freedecomp Enter - MemInfo: [malloc] Total space used (mmap + non-mmap):          4048224 Byte
20220313 003647.753 INFO             PET1 PIOc_freedecomp Enter - MemInfo: Wall-clock time since execution start:               0.122675 seconds
20220313 003647.753 INFO             PET1 PIOc_freedecomp Exit - MemInfo: [/proc/meminfo - SSI]	MemTotal:       65855856 kB
20220313 003647.753 INFO             PET1 PIOc_freedecomp Exit - MemInfo: [/proc/meminfo - SSI]	MemFree:        61276444 kB
20220313 003647.753 INFO             PET1 PIOc_freedecomp Exit - MemInfo: [/proc/meminfo - SSI]	MemAvailable:   61052952 kB
20220313 003647.753 INFO             PET1 PIOc_freedecomp Exit - MemInfo: [/proc/meminfo - SSI]	Committed_AS:    2809812 kB
20220313 003647.753 INFO             PET1 PIOc_freedecomp Exit - MemInfo: [/proc/meminfo - SSI]	CommittedPercent: 4.26661 %
20220313 003647.753 INFO             PET1 PIOc_freedecomp Exit - MemInfo: [/proc/self/status]	VmPeak:	   75008 kB
20220313 003647.753 INFO             PET1 PIOc_freedecomp Exit - MemInfo: [/proc/self/status]	VmSize:	   74516 kB
20220313 003647.753 INFO             PET1 PIOc_freedecomp Exit - MemInfo: [/proc/self/status]	VmLck:	       0 kB
20220313 003647.753 INFO             PET1 PIOc_freedecomp Exit - MemInfo: [/proc/self/status]	VmPin:	       0 kB
20220313 003647.753 INFO             PET1 PIOc_freedecomp Exit - MemInfo: [/proc/self/status]	VmHWM:	   10868 kB
20220313 003647.753 INFO             PET1 PIOc_freedecomp Exit - MemInfo: [/proc/self/status]	VmRSS:	   10852 kB
20220313 003647.753 INFO             PET1 PIOc_freedecomp Exit - MemInfo: [/proc/self/status]	VmData:	    8252 kB
20220313 003647.753 INFO             PET1 PIOc_freedecomp Exit - MemInfo: [/proc/self/status]	VmStk:	     164 kB
20220313 003647.753 INFO             PET1 PIOc_freedecomp Exit - MemInfo: [/proc/self/status]	VmExe:	   40704 kB
20220313 003647.753 INFO             PET1 PIOc_freedecomp Exit - MemInfo: [/proc/self/status]	VmLib:	    1952 kB
20220313 003647.754 INFO             PET1 PIOc_freedecomp Exit - MemInfo: [/proc/self/status]	VmPTE:	     140 kB
20220313 003647.754 INFO             PET1 PIOc_freedecomp Exit - MemInfo: [/proc/self/status]	VmPMD:	      12 kB
20220313 003647.754 INFO             PET1 PIOc_freedecomp Exit - MemInfo: [/proc/self/status]	VmSwap:	       0 kB
20220313 003647.754 INFO             PET1 PIOc_freedecomp Exit - MemInfo: [/proc/self/status]	VmRSSPercent: 0.0164784 %
20220313 003647.754 INFO             PET1 PIOc_freedecomp Exit - MemInfo: [malloc] Non-mmapped space allocated:                  690496 Byte
20220313 003647.754 INFO             PET1 PIOc_freedecomp Exit - MemInfo: [malloc] Space allocated in mmapped regions:          3403776 Byte
20220313 003647.754 INFO             PET1 PIOc_freedecomp Exit - MemInfo: [malloc] Maximum total allocated space:                     0 Byte
20220313 003647.754 INFO             PET1 PIOc_freedecomp Exit - MemInfo: [malloc] Space in freed fastbin blocks:                   736 Byte
20220313 003647.754 INFO             PET1 PIOc_freedecomp Exit - MemInfo: [malloc] Total allocated space:                        635504 Byte
20220313 003647.754 INFO             PET1 PIOc_freedecomp Exit - MemInfo: [malloc] Total free space:                              54992 Byte
20220313 003647.754 INFO             PET1 PIOc_freedecomp Exit - MemInfo: [malloc] Top-most, releasable space:                    52896 Byte
20220313 003647.754 INFO             PET1 PIOc_freedecomp Exit - MemInfo: [malloc] Total space in use, mmap + non-mmap:         4039280 Byte
20220313 003647.754 INFO             PET1 PIOc_freedecomp Exit - MemInfo: [malloc] Total space held (mmap + non-mmap):          4094272 Byte
20220313 003647.754 INFO             PET1 PIOc_freedecomp Exit - MemInfo: [malloc] Total space used (mmap + non-mmap):          4047488 Byte
20220313 003647.754 INFO             PET1 PIOc_freedecomp Exit - MemInfo: Wall-clock time since execution start:                0.12309 seconds
20220313 003647.754 INFO             PET1  PASS  ESMF_OutputWeightFile, ESMF_IOUTest.F90, line 81
20220313 003647.765 INFO             PET1  PASS  call ESMF_OutputWeightFile with empty factor list on four PETs, ESMF_IOUTest.F90, line 191
20220313 003647.765 INFO             PET1  Ending Test, file ESMF_IOUTest.F90, line 201
20220313 003647.765 INFO             PET1 Finalizing ESMF
20220313 003647.652 INFO             PET2 !!!!!!!!!!!!!!!!!!!!!!!!!!!!!!!!!!!!!!!!!!!!!!!!!!!!!!
20220313 003647.652 INFO             PET2 !!! THE ESMF_LOG IS SET TO OUTPUT ALL LOG MESSAGES !!!
20220313 003647.652 INFO             PET2 !!!     THIS MAY CAUSE SLOWDOWN IN PERFORMANCE     !!!
20220313 003647.652 INFO             PET2 !!! FOR PRODUCTION RUNS, USE:                      !!!
20220313 003647.652 INFO             PET2 !!!                   ESMF_LOGKIND_Multi_On_Error  !!!
20220313 003647.652 INFO             PET2 !!!!!!!!!!!!!!!!!!!!!!!!!!!!!!!!!!!!!!!!!!!!!!!!!!!!!!
20220313 003647.652 INFO             PET2 Running with ESMF Version   : v8.3.0b09-96-g559b459836
20220313 003647.652 INFO             PET2 ESMF library build date/time: "Mar 12 2022" "23:46:28"
20220313 003647.652 INFO             PET2 ESMF library build location : /lustre/f2/dev/ncep/Mark.Potts/gfortran_8.3.0_mpi_g_jedwards_pio_update2
20220313 003647.652 INFO             PET2 ESMF_COMM                   : mpi
20220313 003647.653 INFO             PET2 ESMF_MOAB                   : enabled
20220313 003647.653 INFO             PET2 ESMF_LAPACK                 : enabled
20220313 003647.653 INFO             PET2 ESMF_NETCDF                 : enabled
20220313 003647.653 INFO             PET2 ESMF_PNETCDF                : disabled
20220313 003647.653 INFO             PET2 ESMF_PIO                    : enabled
20220313 003647.653 INFO             PET2 ESMF_YAMLCPP                : enabled
20220313 003647.653 INFO             PET2  Beginning Test, file ESMF_IOUTest.F90, line 57
20220313 003647.653 INFO             PET2  NUMBER_OF_PROCESSORS           4
20220313 003647.653 INFO             PET2 Starting Test:  ESMF_OutputWeightFile
20220313 003647.742 INFO             PET2 PIOc_sync Enter - MemInfo: [/proc/meminfo - SSI]	MemTotal:       65855856 kB
20220313 003647.742 INFO             PET2 PIOc_sync Enter - MemInfo: [/proc/meminfo - SSI]	MemFree:        61272916 kB
20220313 003647.742 INFO             PET2 PIOc_sync Enter - MemInfo: [/proc/meminfo - SSI]	MemAvailable:   61049172 kB
20220313 003647.742 INFO             PET2 PIOc_sync Enter - MemInfo: [/proc/meminfo - SSI]	Committed_AS:    2809392 kB
20220313 003647.742 INFO             PET2 PIOc_sync Enter - MemInfo: [/proc/meminfo - SSI]	CommittedPercent: 4.26597 %
20220313 003647.742 INFO             PET2 PIOc_sync Enter - MemInfo: [/proc/self/status]	VmPeak:	   75008 kB
20220313 003647.742 INFO             PET2 PIOc_sync Enter - MemInfo: [/proc/self/status]	VmSize:	   74540 kB
20220313 003647.742 INFO             PET2 PIOc_sync Enter - MemInfo: [/proc/self/status]	VmLck:	       0 kB
20220313 003647.742 INFO             PET2 PIOc_sync Enter - MemInfo: [/proc/self/status]	VmPin:	       0 kB
20220313 003647.742 INFO             PET2 PIOc_sync Enter - MemInfo: [/proc/self/status]	VmHWM:	   10640 kB
20220313 003647.742 INFO             PET2 PIOc_sync Enter - MemInfo: [/proc/self/status]	VmRSS:	   10640 kB
20220313 003647.742 INFO             PET2 PIOc_sync Enter - MemInfo: [/proc/self/status]	VmData:	    8252 kB
20220313 003647.742 INFO             PET2 PIOc_sync Enter - MemInfo: [/proc/self/status]	VmStk:	     164 kB
20220313 003647.742 INFO             PET2 PIOc_sync Enter - MemInfo: [/proc/self/status]	VmExe:	   40704 kB
20220313 003647.742 INFO             PET2 PIOc_sync Enter - MemInfo: [/proc/self/status]	VmLib:	    1952 kB
20220313 003647.742 INFO             PET2 PIOc_sync Enter - MemInfo: [/proc/self/status]	VmPTE:	     136 kB
20220313 003647.742 INFO             PET2 PIOc_sync Enter - MemInfo: [/proc/self/status]	VmPMD:	      12 kB
20220313 003647.742 INFO             PET2 PIOc_sync Enter - MemInfo: [/proc/self/status]	VmSwap:	       0 kB
20220313 003647.742 INFO             PET2 PIOc_sync Enter - MemInfo: [/proc/self/status]	VmRSSPercent: 0.0161565 %
20220313 003647.742 INFO             PET2 PIOc_sync Enter - MemInfo: [malloc] Non-mmapped space allocated:                  690496 Byte
20220313 003647.742 INFO             PET2 PIOc_sync Enter - MemInfo: [malloc] Space allocated in mmapped regions:          3403776 Byte
20220313 003647.742 INFO             PET2 PIOc_sync Enter - MemInfo: [malloc] Maximum total allocated space:                     0 Byte
20220313 003647.742 INFO             PET2 PIOc_sync Enter - MemInfo: [malloc] Space in freed fastbin blocks:                     0 Byte
20220313 003647.742 INFO             PET2 PIOc_sync Enter - MemInfo: [malloc] Total allocated space:                        629360 Byte
20220313 003647.742 INFO             PET2 PIOc_sync Enter - MemInfo: [malloc] Total free space:                              61136 Byte
20220313 003647.742 INFO             PET2 PIOc_sync Enter - MemInfo: [malloc] Top-most, releasable space:                    61136 Byte
20220313 003647.742 INFO             PET2 PIOc_sync Enter - MemInfo: [malloc] Total space in use, mmap + non-mmap:         4033136 Byte
20220313 003647.742 INFO             PET2 PIOc_sync Enter - MemInfo: [malloc] Total space held (mmap + non-mmap):          4094272 Byte
20220313 003647.742 INFO             PET2 PIOc_sync Enter - MemInfo: [malloc] Total space used (mmap + non-mmap):          4043200 Byte
20220313 003647.742 INFO             PET2 PIOc_sync Enter - MemInfo: Wall-clock time since execution start:               0.112352 seconds
20220313 003647.743 INFO             PET2 PIOc_sync Exit - MemInfo: [/proc/meminfo - SSI]	MemTotal:       65855856 kB
20220313 003647.743 INFO             PET2 PIOc_sync Exit - MemInfo: [/proc/meminfo - SSI]	MemFree:        61272412 kB
20220313 003647.743 INFO             PET2 PIOc_sync Exit - MemInfo: [/proc/meminfo - SSI]	MemAvailable:   61048668 kB
20220313 003647.743 INFO             PET2 PIOc_sync Exit - MemInfo: [/proc/meminfo - SSI]	Committed_AS:    2809392 kB
20220313 003647.743 INFO             PET2 PIOc_sync Exit - MemInfo: [/proc/meminfo - SSI]	CommittedPercent: 4.26597 %
20220313 003647.743 INFO             PET2 PIOc_sync Exit - MemInfo: [/proc/self/status]	VmPeak:	   75008 kB
20220313 003647.743 INFO             PET2 PIOc_sync Exit - MemInfo: [/proc/self/status]	VmSize:	   74540 kB
20220313 003647.743 INFO             PET2 PIOc_sync Exit - MemInfo: [/proc/self/status]	VmLck:	       0 kB
20220313 003647.743 INFO             PET2 PIOc_sync Exit - MemInfo: [/proc/self/status]	VmPin:	       0 kB
20220313 003647.743 INFO             PET2 PIOc_sync Exit - MemInfo: [/proc/self/status]	VmHWM:	   10848 kB
20220313 003647.743 INFO             PET2 PIOc_sync Exit - MemInfo: [/proc/self/status]	VmRSS:	   10848 kB
20220313 003647.743 INFO             PET2 PIOc_sync Exit - MemInfo: [/proc/self/status]	VmData:	    8252 kB
20220313 003647.743 INFO             PET2 PIOc_sync Exit - MemInfo: [/proc/self/status]	VmStk:	     164 kB
20220313 003647.743 INFO             PET2 PIOc_sync Exit - MemInfo: [/proc/self/status]	VmExe:	   40704 kB
20220313 003647.743 INFO             PET2 PIOc_sync Exit - MemInfo: [/proc/self/status]	VmLib:	    1952 kB
20220313 003647.743 INFO             PET2 PIOc_sync Exit - MemInfo: [/proc/self/status]	VmPTE:	     136 kB
