build time -- 2022-03-12 23:48:17
20220313 004141.094 INFO             PET0 !!!!!!!!!!!!!!!!!!!!!!!!!!!!!!!!!!!!!!!!!!!!!!!!!!!!!!
20220313 004141.094 INFO             PET0 !!! THE ESMF_LOG IS SET TO OUTPUT ALL LOG MESSAGES !!!
20220313 004141.094 INFO             PET0 !!!     THIS MAY CAUSE SLOWDOWN IN PERFORMANCE     !!!
20220313 004141.094 INFO             PET0 !!! FOR PRODUCTION RUNS, USE:                      !!!
20220313 004141.094 INFO             PET0 !!!                   ESMF_LOGKIND_Multi_On_Error  !!!
20220313 004141.094 INFO             PET0 !!!!!!!!!!!!!!!!!!!!!!!!!!!!!!!!!!!!!!!!!!!!!!!!!!!!!!
20220313 004141.094 INFO             PET0 Running with ESMF Version   : v8.3.0b09-96-g559b459836
20220313 004141.094 INFO             PET0 ESMF library build date/time: "Mar 12 2022" "23:46:28"
20220313 004141.094 INFO             PET0 ESMF library build location : /lustre/f2/dev/ncep/Mark.Potts/gfortran_8.3.0_mpi_g_jedwards_pio_update2
20220313 004141.094 INFO             PET0 ESMF_COMM                   : mpi
20220313 004141.095 INFO             PET0 ESMF_MOAB                   : enabled
20220313 004141.095 INFO             PET0 ESMF_LAPACK                 : enabled
20220313 004141.095 INFO             PET0 ESMF_NETCDF                 : enabled
20220313 004141.095 INFO             PET0 ESMF_PNETCDF                : disabled
20220313 004141.095 INFO             PET0 ESMF_PIO                    : enabled
20220313 004141.095 INFO             PET0 ESMF_YAMLCPP                : enabled
20220313 004141.095 INFO             PET0  Beginning Test, file ESMF_FieldSMMFromFileUTest.F90, line 287
20220313 004141.095 INFO             PET0  NUMBER_OF_PROCESSORS           4
20220313 004141.539 INFO             PET0  PASS  ESMF_FieldSMMFromFile Unit Test, ESMF_FieldSMMFromFileUTest.F90, line 300
20220313 004141.627 INFO             PET0 PIOc_sync Enter - MemInfo: [/proc/meminfo - SSI]	MemTotal:       65855856 kB
20220313 004141.627 INFO             PET0 PIOc_sync Enter - MemInfo: [/proc/meminfo - SSI]	MemFree:        61207952 kB
20220313 004141.627 INFO             PET0 PIOc_sync Enter - MemInfo: [/proc/meminfo - SSI]	MemAvailable:   60987176 kB
20220313 004141.627 INFO             PET0 PIOc_sync Enter - MemInfo: [/proc/meminfo - SSI]	Committed_AS:    2928596 kB
20220313 004141.627 INFO             PET0 PIOc_sync Enter - MemInfo: [/proc/meminfo - SSI]	CommittedPercent: 4.44698 %
20220313 004141.627 INFO             PET0 PIOc_sync Enter - MemInfo: [/proc/self/status]	VmPeak:	  173368 kB
20220313 004141.627 INFO             PET0 PIOc_sync Enter - MemInfo: [/proc/self/status]	VmSize:	  173344 kB
20220313 004141.627 INFO             PET0 PIOc_sync Enter - MemInfo: [/proc/self/status]	VmLck:	       0 kB
20220313 004141.627 INFO             PET0 PIOc_sync Enter - MemInfo: [/proc/self/status]	VmPin:	       0 kB
20220313 004141.627 INFO             PET0 PIOc_sync Enter - MemInfo: [/proc/self/status]	VmHWM:	   45800 kB
20220313 004141.627 INFO             PET0 PIOc_sync Enter - MemInfo: [/proc/self/status]	VmRSS:	   45800 kB
20220313 004141.627 INFO             PET0 PIOc_sync Enter - MemInfo: [/proc/self/status]	VmData:	   57716 kB
20220313 004141.627 INFO             PET0 PIOc_sync Enter - MemInfo: [/proc/self/status]	VmStk:	     164 kB
20220313 004141.627 INFO             PET0 PIOc_sync Enter - MemInfo: [/proc/self/status]	VmExe:	   40928 kB
20220313 004141.627 INFO             PET0 PIOc_sync Enter - MemInfo: [/proc/self/status]	VmLib:	    1952 kB
20220313 004141.627 INFO             PET0 PIOc_sync Enter - MemInfo: [/proc/self/status]	VmPTE:	     272 kB
20220313 004141.627 INFO             PET0 PIOc_sync Enter - MemInfo: [/proc/self/status]	VmPMD:	      12 kB
20220313 004141.627 INFO             PET0 PIOc_sync Enter - MemInfo: [/proc/self/status]	VmSwap:	       0 kB
20220313 004141.627 INFO             PET0 PIOc_sync Enter - MemInfo: [/proc/self/status]	VmRSSPercent: 0.0695458 %
20220313 004141.627 INFO             PET0 PIOc_sync Enter - MemInfo: [malloc] Non-mmapped space allocated:                51857728 Byte
20220313 004141.627 INFO             PET0 PIOc_sync Enter - MemInfo: [malloc] Space allocated in mmapped regions:          2887680 Byte
20220313 004141.627 INFO             PET0 PIOc_sync Enter - MemInfo: [malloc] Maximum total allocated space:                     0 Byte
20220313 004141.627 INFO             PET0 PIOc_sync Enter - MemInfo: [malloc] Space in freed fastbin blocks:                    48 Byte
20220313 004141.627 INFO             PET0 PIOc_sync Enter - MemInfo: [malloc] Total allocated space:                      37146912 Byte
20220313 004141.628 INFO             PET0 PIOc_sync Enter - MemInfo: [malloc] Total free space:                           14710816 Byte
20220313 004141.628 INFO             PET0 PIOc_sync Enter - MemInfo: [malloc] Top-most, releasable space:                  8520096 Byte
20220313 004141.628 INFO             PET0 PIOc_sync Enter - MemInfo: [malloc] Total space in use, mmap + non-mmap:        40034592 Byte
20220313 004141.628 INFO             PET0 PIOc_sync Enter - MemInfo: [malloc] Total space held (mmap + non-mmap):         54745408 Byte
20220313 004141.628 INFO             PET0 PIOc_sync Enter - MemInfo: [malloc] Total space used (mmap + non-mmap):         40044656 Byte
20220313 004141.628 INFO             PET0 PIOc_sync Enter - MemInfo: Wall-clock time since execution start:               0.554325 seconds
20220313 004141.628 INFO             PET0 PIOc_sync Exit - MemInfo: [/proc/meminfo - SSI]	MemTotal:       65855856 kB
20220313 004141.628 INFO             PET0 PIOc_sync Exit - MemInfo: [/proc/meminfo - SSI]	MemFree:        61207952 kB
20220313 004141.628 INFO             PET0 PIOc_sync Exit - MemInfo: [/proc/meminfo - SSI]	MemAvailable:   60987176 kB
20220313 004141.628 INFO             PET0 PIOc_sync Exit - MemInfo: [/proc/meminfo - SSI]	Committed_AS:    2928596 kB
20220313 004141.628 INFO             PET0 PIOc_sync Exit - MemInfo: [/proc/meminfo - SSI]	CommittedPercent: 4.44698 %
20220313 004141.628 INFO             PET0 PIOc_sync Exit - MemInfo: [/proc/self/status]	VmPeak:	  173368 kB
20220313 004141.628 INFO             PET0 PIOc_sync Exit - MemInfo: [/proc/self/status]	VmSize:	  173344 kB
20220313 004141.628 INFO             PET0 PIOc_sync Exit - MemInfo: [/proc/self/status]	VmLck:	       0 kB
20220313 004141.628 INFO             PET0 PIOc_sync Exit - MemInfo: [/proc/self/status]	VmPin:	       0 kB
20220313 004141.628 INFO             PET0 PIOc_sync Exit - MemInfo: [/proc/self/status]	VmHWM:	   45800 kB
20220313 004141.628 INFO             PET0 PIOc_sync Exit - MemInfo: [/proc/self/status]	VmRSS:	   45800 kB
20220313 004141.628 INFO             PET0 PIOc_sync Exit - MemInfo: [/proc/self/status]	VmData:	   57716 kB
20220313 004141.628 INFO             PET0 PIOc_sync Exit - MemInfo: [/proc/self/status]	VmStk:	     164 kB
20220313 004141.628 INFO             PET0 PIOc_sync Exit - MemInfo: [/proc/self/status]	VmExe:	   40928 kB
20220313 004141.628 INFO             PET0 PIOc_sync Exit - MemInfo: [/proc/self/status]	VmLib:	    1952 kB
20220313 004141.628 INFO             PET0 PIOc_sync Exit - MemInfo: [/proc/self/status]	VmPTE:	     272 kB
20220313 004141.628 INFO             PET0 PIOc_sync Exit - MemInfo: [/proc/self/status]	VmPMD:	      12 kB
20220313 004141.628 INFO             PET0 PIOc_sync Exit - MemInfo: [/proc/self/status]	VmSwap:	       0 kB
20220313 004141.628 INFO             PET0 PIOc_sync Exit - MemInfo: [/proc/self/status]	VmRSSPercent: 0.0695458 %
20220313 004141.628 INFO             PET0 PIOc_sync Exit - MemInfo: [malloc] Non-mmapped space allocated:                51857728 Byte
20220313 004141.628 INFO             PET0 PIOc_sync Exit - MemInfo: [malloc] Space allocated in mmapped regions:          2887680 Byte
20220313 004141.628 INFO             PET0 PIOc_sync Exit - MemInfo: [malloc] Maximum total allocated space:                     0 Byte
20220313 004141.628 INFO             PET0 PIOc_sync Exit - MemInfo: [malloc] Space in freed fastbin blocks:                     0 Byte
20220313 004141.628 INFO             PET0 PIOc_sync Exit - MemInfo: [malloc] Total allocated space:                      37543408 Byte
20220313 004141.628 INFO             PET0 PIOc_sync Exit - MemInfo: [malloc] Total free space:                           14314320 Byte
20220313 004141.628 INFO             PET0 PIOc_sync Exit - MemInfo: [malloc] Top-most, releasable space:                  8520096 Byte
20220313 004141.628 INFO             PET0 PIOc_sync Exit - MemInfo: [malloc] Total space in use, mmap + non-mmap:        40431088 Byte
20220313 004141.628 INFO             PET0 PIOc_sync Exit - MemInfo: [malloc] Total space held (mmap + non-mmap):         54745408 Byte
20220313 004141.628 INFO             PET0 PIOc_sync Exit - MemInfo: [malloc] Total space used (mmap + non-mmap):         40439968 Byte
20220313 004141.628 INFO             PET0 PIOc_sync Exit - MemInfo: Wall-clock time since execution start:               0.554883 seconds
20220313 004141.628 INFO             PET0 PIOc_freedecomp Enter - MemInfo: [/proc/meminfo - SSI]	MemTotal:       65855856 kB
20220313 004141.628 INFO             PET0 PIOc_freedecomp Enter - MemInfo: [/proc/meminfo - SSI]	MemFree:        61207952 kB
20220313 004141.628 INFO             PET0 PIOc_freedecomp Enter - MemInfo: [/proc/meminfo - SSI]	MemAvailable:   60987176 kB
20220313 004141.628 INFO             PET0 PIOc_freedecomp Enter - MemInfo: [/proc/meminfo - SSI]	Committed_AS:    2928596 kB
20220313 004141.628 INFO             PET0 PIOc_freedecomp Enter - MemInfo: [/proc/meminfo - SSI]	CommittedPercent: 4.44698 %
20220313 004141.628 INFO             PET0 PIOc_freedecomp Enter - MemInfo: [/proc/self/status]	VmPeak:	  173368 kB
20220313 004141.628 INFO             PET0 PIOc_freedecomp Enter - MemInfo: [/proc/self/status]	VmSize:	  173344 kB
20220313 004141.628 INFO             PET0 PIOc_freedecomp Enter - MemInfo: [/proc/self/status]	VmLck:	       0 kB
20220313 004141.628 INFO             PET0 PIOc_freedecomp Enter - MemInfo: [/proc/self/status]	VmPin:	       0 kB
20220313 004141.628 INFO             PET0 PIOc_freedecomp Enter - MemInfo: [/proc/self/status]	VmHWM:	   45800 kB
20220313 004141.628 INFO             PET0 PIOc_freedecomp Enter - MemInfo: [/proc/self/status]	VmRSS:	   45800 kB
20220313 004141.628 INFO             PET0 PIOc_freedecomp Enter - MemInfo: [/proc/self/status]	VmData:	   57716 kB
20220313 004141.628 INFO             PET0 PIOc_freedecomp Enter - MemInfo: [/proc/self/status]	VmStk:	     164 kB
20220313 004141.629 INFO             PET0 PIOc_freedecomp Enter - MemInfo: [/proc/self/status]	VmExe:	   40928 kB
20220313 004141.629 INFO             PET0 PIOc_freedecomp Enter - MemInfo: [/proc/self/status]	VmLib:	    1952 kB
20220313 004141.629 INFO             PET0 PIOc_freedecomp Enter - MemInfo: [/proc/self/status]	VmPTE:	     272 kB
20220313 004141.629 INFO             PET0 PIOc_freedecomp Enter - MemInfo: [/proc/self/status]	VmPMD:	      12 kB
20220313 004141.629 INFO             PET0 PIOc_freedecomp Enter - MemInfo: [/proc/self/status]	VmSwap:	       0 kB
20220313 004141.629 INFO             PET0 PIOc_freedecomp Enter - MemInfo: [/proc/self/status]	VmRSSPercent: 0.0695458 %
20220313 004141.629 INFO             PET0 PIOc_freedecomp Enter - MemInfo: [malloc] Non-mmapped space allocated:                51857728 Byte
20220313 004141.629 INFO             PET0 PIOc_freedecomp Enter - MemInfo: [malloc] Space allocated in mmapped regions:          2887680 Byte
20220313 004141.629 INFO             PET0 PIOc_freedecomp Enter - MemInfo: [malloc] Maximum total allocated space:                     0 Byte
20220313 004141.629 INFO             PET0 PIOc_freedecomp Enter - MemInfo: [malloc] Space in freed fastbin blocks:                   336 Byte
20220313 004141.629 INFO             PET0 PIOc_freedecomp Enter - MemInfo: [malloc] Total allocated space:                      29144544 Byte
20220313 004141.629 INFO             PET0 PIOc_freedecomp Enter - MemInfo: [malloc] Total free space:                           22713184 Byte
20220313 004141.629 INFO             PET0 PIOc_freedecomp Enter - MemInfo: [malloc] Top-most, releasable space:                  8520096 Byte
20220313 004141.629 INFO             PET0 PIOc_freedecomp Enter - MemInfo: [malloc] Total space in use, mmap + non-mmap:        32032224 Byte
20220313 004141.629 INFO             PET0 PIOc_freedecomp Enter - MemInfo: [malloc] Total space held (mmap + non-mmap):         54745408 Byte
20220313 004141.629 INFO             PET0 PIOc_freedecomp Enter - MemInfo: [malloc] Total space used (mmap + non-mmap):         32040768 Byte
20220313 004141.629 INFO             PET0 PIOc_freedecomp Enter - MemInfo: Wall-clock time since execution start:               0.555471 seconds
20220313 004141.629 INFO             PET0 PIOc_freedecomp Exit - MemInfo: [/proc/meminfo - SSI]	MemTotal:       65855856 kB
20220313 004141.629 INFO             PET0 PIOc_freedecomp Exit - MemInfo: [/proc/meminfo - SSI]	MemFree:        61207952 kB
20220313 004141.629 INFO             PET0 PIOc_freedecomp Exit - MemInfo: [/proc/meminfo - SSI]	MemAvailable:   60987176 kB
20220313 004141.629 INFO             PET0 PIOc_freedecomp Exit - MemInfo: [/proc/meminfo - SSI]	Committed_AS:    2928596 kB
20220313 004141.629 INFO             PET0 PIOc_freedecomp Exit - MemInfo: [/proc/meminfo - SSI]	CommittedPercent: 4.44698 %
20220313 004141.629 INFO             PET0 PIOc_freedecomp Exit - MemInfo: [/proc/self/status]	VmPeak:	  173368 kB
20220313 004141.629 INFO             PET0 PIOc_freedecomp Exit - MemInfo: [/proc/self/status]	VmSize:	  173344 kB
20220313 004141.629 INFO             PET0 PIOc_freedecomp Exit - MemInfo: [/proc/self/status]	VmLck:	       0 kB
20220313 004141.629 INFO             PET0 PIOc_freedecomp Exit - MemInfo: [/proc/self/status]	VmPin:	       0 kB
20220313 004141.629 INFO             PET0 PIOc_freedecomp Exit - MemInfo: [/proc/self/status]	VmHWM:	   45800 kB
20220313 004141.629 INFO             PET0 PIOc_freedecomp Exit - MemInfo: [/proc/self/status]	VmRSS:	   45800 kB
20220313 004141.629 INFO             PET0 PIOc_freedecomp Exit - MemInfo: [/proc/self/status]	VmData:	   57716 kB
20220313 004141.629 INFO             PET0 PIOc_freedecomp Exit - MemInfo: [/proc/self/status]	VmStk:	     164 kB
20220313 004141.629 INFO             PET0 PIOc_freedecomp Exit - MemInfo: [/proc/self/status]	VmExe:	   40928 kB
20220313 004141.629 INFO             PET0 PIOc_freedecomp Exit - MemInfo: [/proc/self/status]	VmLib:	    1952 kB
20220313 004141.629 INFO             PET0 PIOc_freedecomp Exit - MemInfo: [/proc/self/status]	VmPTE:	     272 kB
20220313 004141.629 INFO             PET0 PIOc_freedecomp Exit - MemInfo: [/proc/self/status]	VmPMD:	      12 kB
20220313 004141.629 INFO             PET0 PIOc_freedecomp Exit - MemInfo: [/proc/self/status]	VmSwap:	       0 kB
20220313 004141.629 INFO             PET0 PIOc_freedecomp Exit - MemInfo: [/proc/self/status]	VmRSSPercent: 0.0695458 %
20220313 004141.629 INFO             PET0 PIOc_freedecomp Exit - MemInfo: [malloc] Non-mmapped space allocated:                51857728 Byte
20220313 004141.629 INFO             PET0 PIOc_freedecomp Exit - MemInfo: [malloc] Space allocated in mmapped regions:          2887680 Byte
20220313 004141.629 INFO             PET0 PIOc_freedecomp Exit - MemInfo: [malloc] Maximum total allocated space:                     0 Byte
20220313 004141.629 INFO             PET0 PIOc_freedecomp Exit - MemInfo: [malloc] Space in freed fastbin blocks:                  1216 Byte
20220313 004141.629 INFO             PET0 PIOc_freedecomp Exit - MemInfo: [malloc] Total allocated space:                      29140768 Byte
20220313 004141.629 INFO             PET0 PIOc_freedecomp Exit - MemInfo: [malloc] Total free space:                           22716960 Byte
20220313 004141.629 INFO             PET0 PIOc_freedecomp Exit - MemInfo: [malloc] Top-most, releasable space:                  8520096 Byte
20220313 004141.629 INFO             PET0 PIOc_freedecomp Exit - MemInfo: [malloc] Total space in use, mmap + non-mmap:        32028448 Byte
20220313 004141.629 INFO             PET0 PIOc_freedecomp Exit - MemInfo: [malloc] Total space held (mmap + non-mmap):         54745408 Byte
20220313 004141.629 INFO             PET0 PIOc_freedecomp Exit - MemInfo: [malloc] Total space used (mmap + non-mmap):         32037216 Byte
20220313 004141.629 INFO             PET0 PIOc_freedecomp Exit - MemInfo: Wall-clock time since execution start:               0.555903 seconds
20220313 004141.631 INFO             PET0 PIOc_sync Enter - MemInfo: [/proc/meminfo - SSI]	MemTotal:       65855856 kB
20220313 004141.631 INFO             PET0 PIOc_sync Enter - MemInfo: [/proc/meminfo - SSI]	MemFree:        61207952 kB
20220313 004141.631 INFO             PET0 PIOc_sync Enter - MemInfo: [/proc/meminfo - SSI]	MemAvailable:   60987176 kB
20220313 004141.631 INFO             PET0 PIOc_sync Enter - MemInfo: [/proc/meminfo - SSI]	Committed_AS:    2928596 kB
20220313 004141.631 INFO             PET0 PIOc_sync Enter - MemInfo: [/proc/meminfo - SSI]	CommittedPercent: 4.44698 %
20220313 004141.631 INFO             PET0 PIOc_sync Enter - MemInfo: [/proc/self/status]	VmPeak:	  173368 kB
20220313 004141.631 INFO             PET0 PIOc_sync Enter - MemInfo: [/proc/self/status]	VmSize:	  173344 kB
20220313 004141.631 INFO             PET0 PIOc_sync Enter - MemInfo: [/proc/self/status]	VmLck:	       0 kB
20220313 004141.631 INFO             PET0 PIOc_sync Enter - MemInfo: [/proc/self/status]	VmPin:	       0 kB
20220313 004141.631 INFO             PET0 PIOc_sync Enter - MemInfo: [/proc/self/status]	VmHWM:	   45800 kB
20220313 004141.631 INFO             PET0 PIOc_sync Enter - MemInfo: [/proc/self/status]	VmRSS:	   45800 kB
20220313 004141.631 INFO             PET0 PIOc_sync Enter - MemInfo: [/proc/self/status]	VmData:	   57716 kB
20220313 004141.631 INFO             PET0 PIOc_sync Enter - MemInfo: [/proc/self/status]	VmStk:	     164 kB
20220313 004141.631 INFO             PET0 PIOc_sync Enter - MemInfo: [/proc/self/status]	VmExe:	   40928 kB
20220313 004141.631 INFO             PET0 PIOc_sync Enter - MemInfo: [/proc/self/status]	VmLib:	    1952 kB
20220313 004141.631 INFO             PET0 PIOc_sync Enter - MemInfo: [/proc/self/status]	VmPTE:	     272 kB
20220313 004141.631 INFO             PET0 PIOc_sync Enter - MemInfo: [/proc/self/status]	VmPMD:	      12 kB
20220313 004141.631 INFO             PET0 PIOc_sync Enter - MemInfo: [/proc/self/status]	VmSwap:	       0 kB
20220313 004141.631 INFO             PET0 PIOc_sync Enter - MemInfo: [/proc/self/status]	VmRSSPercent: 0.0695458 %
20220313 004141.631 INFO             PET0 PIOc_sync Enter - MemInfo: [malloc] Non-mmapped space allocated:                51857728 Byte
20220313 004141.631 INFO             PET0 PIOc_sync Enter - MemInfo: [malloc] Space allocated in mmapped regions:          2887680 Byte
20220313 004141.631 INFO             PET0 PIOc_sync Enter - MemInfo: [malloc] Maximum total allocated space:                     0 Byte
20220313 004141.631 INFO             PET0 PIOc_sync Enter - MemInfo: [malloc] Space in freed fastbin blocks:                   400 Byte
20220313 004141.631 INFO             PET0 PIOc_sync Enter - MemInfo: [malloc] Total allocated space:                      37545648 Byte
20220313 004141.631 INFO             PET0 PIOc_sync Enter - MemInfo: [malloc] Total free space:                           14312080 Byte
20220313 004141.631 INFO             PET0 PIOc_sync Enter - MemInfo: [malloc] Top-most, releasable space:                  8520096 Byte
20220313 004141.631 INFO             PET0 PIOc_sync Enter - MemInfo: [malloc] Total space in use, mmap + non-mmap:        40433328 Byte
20220313 004141.631 INFO             PET0 PIOc_sync Enter - MemInfo: [malloc] Total space held (mmap + non-mmap):         54745408 Byte
20220313 004141.631 INFO             PET0 PIOc_sync Enter - MemInfo: [malloc] Total space used (mmap + non-mmap):         40441984 Byte
20220313 004141.631 INFO             PET0 PIOc_sync Enter - MemInfo: Wall-clock time since execution start:               0.557703 seconds
20220313 004141.631 INFO             PET0 PIOc_sync Exit - MemInfo: [/proc/meminfo - SSI]	MemTotal:       65855856 kB
20220313 004141.631 INFO             PET0 PIOc_sync Exit - MemInfo: [/proc/meminfo - SSI]	MemFree:        61207952 kB
20220313 004141.631 INFO             PET0 PIOc_sync Exit - MemInfo: [/proc/meminfo - SSI]	MemAvailable:   60987176 kB
20220313 004141.631 INFO             PET0 PIOc_sync Exit - MemInfo: [/proc/meminfo - SSI]	Committed_AS:    2928596 kB
20220313 004141.631 INFO             PET0 PIOc_sync Exit - MemInfo: [/proc/meminfo - SSI]	CommittedPercent: 4.44698 %
20220313 004141.631 INFO             PET0 PIOc_sync Exit - MemInfo: [/proc/self/status]	VmPeak:	  173368 kB
20220313 004141.631 INFO             PET0 PIOc_sync Exit - MemInfo: [/proc/self/status]	VmSize:	  173344 kB
20220313 004141.631 INFO             PET0 PIOc_sync Exit - MemInfo: [/proc/self/status]	VmLck:	       0 kB
20220313 004141.631 INFO             PET0 PIOc_sync Exit - MemInfo: [/proc/self/status]	VmPin:	       0 kB
20220313 004141.631 INFO             PET0 PIOc_sync Exit - MemInfo: [/proc/self/status]	VmHWM:	   45800 kB
20220313 004141.631 INFO             PET0 PIOc_sync Exit - MemInfo: [/proc/self/status]	VmRSS:	   45800 kB
20220313 004141.631 INFO             PET0 PIOc_sync Exit - MemInfo: [/proc/self/status]	VmData:	   57716 kB
20220313 004141.631 INFO             PET0 PIOc_sync Exit - MemInfo: [/proc/self/status]	VmStk:	     164 kB
20220313 004141.631 INFO             PET0 PIOc_sync Exit - MemInfo: [/proc/self/status]	VmExe:	   40928 kB
20220313 004141.631 INFO             PET0 PIOc_sync Exit - MemInfo: [/proc/self/status]	VmLib:	    1952 kB
20220313 004141.631 INFO             PET0 PIOc_sync Exit - MemInfo: [/proc/self/status]	VmPTE:	     272 kB
20220313 004141.631 INFO             PET0 PIOc_sync Exit - MemInfo: [/proc/self/status]	VmPMD:	      12 kB
20220313 004141.631 INFO             PET0 PIOc_sync Exit - MemInfo: [/proc/self/status]	VmSwap:	       0 kB
20220313 004141.631 INFO             PET0 PIOc_sync Exit - MemInfo: [/proc/self/status]	VmRSSPercent: 0.0695458 %
20220313 004141.631 INFO             PET0 PIOc_sync Exit - MemInfo: [malloc] Non-mmapped space allocated:                51857728 Byte
20220313 004141.631 INFO             PET0 PIOc_sync Exit - MemInfo: [malloc] Space allocated in mmapped regions:          2887680 Byte
20220313 004141.631 INFO             PET0 PIOc_sync Exit - MemInfo: [malloc] Maximum total allocated space:                     0 Byte
20220313 004141.631 INFO             PET0 PIOc_sync Exit - MemInfo: [malloc] Space in freed fastbin blocks:                    96 Byte
20220313 004141.631 INFO             PET0 PIOc_sync Exit - MemInfo: [malloc] Total allocated space:                      37547120 Byte
20220313 004141.631 INFO             PET0 PIOc_sync Exit - MemInfo: [malloc] Total free space:                           14310608 Byte
20220313 004141.631 INFO             PET0 PIOc_sync Exit - MemInfo: [malloc] Top-most, releasable space:                  8520096 Byte
20220313 004141.631 INFO             PET0 PIOc_sync Exit - MemInfo: [malloc] Total space in use, mmap + non-mmap:        40434800 Byte
20220313 004141.631 INFO             PET0 PIOc_sync Exit - MemInfo: [malloc] Total space held (mmap + non-mmap):         54745408 Byte
20220313 004141.631 INFO             PET0 PIOc_sync Exit - MemInfo: [malloc] Total space used (mmap + non-mmap):         40443120 Byte
20220313 004141.631 INFO             PET0 PIOc_sync Exit - MemInfo: Wall-clock time since execution start:               0.558229 seconds
20220313 004141.632 INFO             PET0 PIOc_freedecomp Enter - MemInfo: [/proc/meminfo - SSI]	MemTotal:       65855856 kB
20220313 004141.632 INFO             PET0 PIOc_freedecomp Enter - MemInfo: [/proc/meminfo - SSI]	MemFree:        61207952 kB
20220313 004141.632 INFO             PET0 PIOc_freedecomp Enter - MemInfo: [/proc/meminfo - SSI]	MemAvailable:   60987176 kB
20220313 004141.632 INFO             PET0 PIOc_freedecomp Enter - MemInfo: [/proc/meminfo - SSI]	Committed_AS:    2928596 kB
20220313 004141.632 INFO             PET0 PIOc_freedecomp Enter - MemInfo: [/proc/meminfo - SSI]	CommittedPercent: 4.44698 %
20220313 004141.632 INFO             PET0 PIOc_freedecomp Enter - MemInfo: [/proc/self/status]	VmPeak:	  173368 kB
20220313 004141.632 INFO             PET0 PIOc_freedecomp Enter - MemInfo: [/proc/self/status]	VmSize:	  173344 kB
20220313 004141.632 INFO             PET0 PIOc_freedecomp Enter - MemInfo: [/proc/self/status]	VmLck:	       0 kB
20220313 004141.632 INFO             PET0 PIOc_freedecomp Enter - MemInfo: [/proc/self/status]	VmPin:	       0 kB
20220313 004141.632 INFO             PET0 PIOc_freedecomp Enter - MemInfo: [/proc/self/status]	VmHWM:	   45800 kB
20220313 004141.632 INFO             PET0 PIOc_freedecomp Enter - MemInfo: [/proc/self/status]	VmRSS:	   45800 kB
20220313 004141.632 INFO             PET0 PIOc_freedecomp Enter - MemInfo: [/proc/self/status]	VmData:	   57716 kB
20220313 004141.632 INFO             PET0 PIOc_freedecomp Enter - MemInfo: [/proc/self/status]	VmStk:	     164 kB
20220313 004141.632 INFO             PET0 PIOc_freedecomp Enter - MemInfo: [/proc/self/status]	VmExe:	   40928 kB
20220313 004141.632 INFO             PET0 PIOc_freedecomp Enter - MemInfo: [/proc/self/status]	VmLib:	    1952 kB
20220313 004141.632 INFO             PET0 PIOc_freedecomp Enter - MemInfo: [/proc/self/status]	VmPTE:	     272 kB
20220313 004141.632 INFO             PET0 PIOc_freedecomp Enter - MemInfo: [/proc/self/status]	VmPMD:	      12 kB
20220313 004141.632 INFO             PET0 PIOc_freedecomp Enter - MemInfo: [/proc/self/status]	VmSwap:	       0 kB
20220313 004141.632 INFO             PET0 PIOc_freedecomp Enter - MemInfo: [/proc/self/status]	VmRSSPercent: 0.0695458 %
20220313 004141.632 INFO             PET0 PIOc_freedecomp Enter - MemInfo: [malloc] Non-mmapped space allocated:                51857728 Byte
20220313 004141.632 INFO             PET0 PIOc_freedecomp Enter - MemInfo: [malloc] Space allocated in mmapped regions:          2887680 Byte
20220313 004141.632 INFO             PET0 PIOc_freedecomp Enter - MemInfo: [malloc] Maximum total allocated space:                     0 Byte
20220313 004141.632 INFO             PET0 PIOc_freedecomp Enter - MemInfo: [malloc] Space in freed fastbin blocks:                   672 Byte
20220313 004141.632 INFO             PET0 PIOc_freedecomp Enter - MemInfo: [malloc] Total allocated space:                      29146992 Byte
20220313 004141.632 INFO             PET0 PIOc_freedecomp Enter - MemInfo: [malloc] Total free space:                           22710736 Byte
20220313 004141.632 INFO             PET0 PIOc_freedecomp Enter - MemInfo: [malloc] Top-most, releasable space:                  8520096 Byte
20220313 004141.632 INFO             PET0 PIOc_freedecomp Enter - MemInfo: [malloc] Total space in use, mmap + non-mmap:        32034672 Byte
20220313 004141.632 INFO             PET0 PIOc_freedecomp Enter - MemInfo: [malloc] Total space held (mmap + non-mmap):         54745408 Byte
20220313 004141.632 INFO             PET0 PIOc_freedecomp Enter - MemInfo: [malloc] Total space used (mmap + non-mmap):         32042880 Byte
20220313 004141.632 INFO             PET0 PIOc_freedecomp Enter - MemInfo: Wall-clock time since execution start:               0.558822 seconds
20220313 004141.632 INFO             PET0 PIOc_freedecomp Exit - MemInfo: [/proc/meminfo - SSI]	MemTotal:       65855856 kB
20220313 004141.632 INFO             PET0 PIOc_freedecomp Exit - MemInfo: [/proc/meminfo - SSI]	MemFree:        61207952 kB
20220313 004141.632 INFO             PET0 PIOc_freedecomp Exit - MemInfo: [/proc/meminfo - SSI]	MemAvailable:   60987176 kB
20220313 004141.632 INFO             PET0 PIOc_freedecomp Exit - MemInfo: [/proc/meminfo - SSI]	Committed_AS:    2928596 kB
20220313 004141.632 INFO             PET0 PIOc_freedecomp Exit - MemInfo: [/proc/meminfo - SSI]	CommittedPercent: 4.44698 %
20220313 004141.632 INFO             PET0 PIOc_freedecomp Exit - MemInfo: [/proc/self/status]	VmPeak:	  173368 kB
20220313 004141.632 INFO             PET0 PIOc_freedecomp Exit - MemInfo: [/proc/self/status]	VmSize:	  173344 kB
20220313 004141.632 INFO             PET0 PIOc_freedecomp Exit - MemInfo: [/proc/self/status]	VmLck:	       0 kB
20220313 004141.632 INFO             PET0 PIOc_freedecomp Exit - MemInfo: [/proc/self/status]	VmPin:	       0 kB
20220313 004141.632 INFO             PET0 PIOc_freedecomp Exit - MemInfo: [/proc/self/status]	VmHWM:	   45800 kB
20220313 004141.632 INFO             PET0 PIOc_freedecomp Exit - MemInfo: [/proc/self/status]	VmRSS:	   45800 kB
20220313 004141.632 INFO             PET0 PIOc_freedecomp Exit - MemInfo: [/proc/self/status]	VmData:	   57716 kB
20220313 004141.632 INFO             PET0 PIOc_freedecomp Exit - MemInfo: [/proc/self/status]	VmStk:	     164 kB
20220313 004141.632 INFO             PET0 PIOc_freedecomp Exit - MemInfo: [/proc/self/status]	VmExe:	   40928 kB
20220313 004141.632 INFO             PET0 PIOc_freedecomp Exit - MemInfo: [/proc/self/status]	VmLib:	    1952 kB
20220313 004141.632 INFO             PET0 PIOc_freedecomp Exit - MemInfo: [/proc/self/status]	VmPTE:	     272 kB
20220313 004141.632 INFO             PET0 PIOc_freedecomp Exit - MemInfo: [/proc/self/status]	VmPMD:	      12 kB
20220313 004141.632 INFO             PET0 PIOc_freedecomp Exit - MemInfo: [/proc/self/status]	VmSwap:	       0 kB
20220313 004141.632 INFO             PET0 PIOc_freedecomp Exit - MemInfo: [/proc/self/status]	VmRSSPercent: 0.0695458 %
20220313 004141.632 INFO             PET0 PIOc_freedecomp Exit - MemInfo: [malloc] Non-mmapped space allocated:                51857728 Byte
20220313 004141.632 INFO             PET0 PIOc_freedecomp Exit - MemInfo: [malloc] Space allocated in mmapped regions:          2887680 Byte
20220313 004141.632 INFO             PET0 PIOc_freedecomp Exit - MemInfo: [malloc] Maximum total allocated space:                     0 Byte
20220313 004141.632 INFO             PET0 PIOc_freedecomp Exit - MemInfo: [malloc] Space in freed fastbin blocks:                  1344 Byte
20220313 004141.632 INFO             PET0 PIOc_freedecomp Exit - MemInfo: [malloc] Total allocated space:                      29143056 Byte
20220313 004141.632 INFO             PET0 PIOc_freedecomp Exit - MemInfo: [malloc] Total free space:                           22714672 Byte
20220313 004141.632 INFO             PET0 PIOc_freedecomp Exit - MemInfo: [malloc] Top-most, releasable space:                  8520096 Byte
20220313 004141.632 INFO             PET0 PIOc_freedecomp Exit - MemInfo: [malloc] Total space in use, mmap + non-mmap:        32030736 Byte
20220313 004141.632 INFO             PET0 PIOc_freedecomp Exit - MemInfo: [malloc] Total space held (mmap + non-mmap):         54745408 Byte
20220313 004141.632 INFO             PET0 PIOc_freedecomp Exit - MemInfo: [malloc] Total space used (mmap + non-mmap):         32038944 Byte
20220313 004141.632 INFO             PET0 PIOc_freedecomp Exit - MemInfo: Wall-clock time since execution start:               0.559253 seconds
20220313 004141.634 INFO             PET0 PIOc_sync Enter - MemInfo: [/proc/meminfo - SSI]	MemTotal:       65855856 kB
20220313 004141.634 INFO             PET0 PIOc_sync Enter - MemInfo: [/proc/meminfo - SSI]	MemFree:        61207952 kB
20220313 004141.634 INFO             PET0 PIOc_sync Enter - MemInfo: [/proc/meminfo - SSI]	MemAvailable:   60987176 kB
20220313 004141.634 INFO             PET0 PIOc_sync Enter - MemInfo: [/proc/meminfo - SSI]	Committed_AS:    2928596 kB
20220313 004141.634 INFO             PET0 PIOc_sync Enter - MemInfo: [/proc/meminfo - SSI]	CommittedPercent: 4.44698 %
20220313 004141.634 INFO             PET0 PIOc_sync Enter - MemInfo: [/proc/self/status]	VmPeak:	  173368 kB
20220313 004141.634 INFO             PET0 PIOc_sync Enter - MemInfo: [/proc/self/status]	VmSize:	  173344 kB
20220313 004141.634 INFO             PET0 PIOc_sync Enter - MemInfo: [/proc/self/status]	VmLck:	       0 kB
20220313 004141.634 INFO             PET0 PIOc_sync Enter - MemInfo: [/proc/self/status]	VmPin:	       0 kB
20220313 004141.634 INFO             PET0 PIOc_sync Enter - MemInfo: [/proc/self/status]	VmHWM:	   45800 kB
20220313 004141.634 INFO             PET0 PIOc_sync Enter - MemInfo: [/proc/self/status]	VmRSS:	   45800 kB
20220313 004141.634 INFO             PET0 PIOc_sync Enter - MemInfo: [/proc/self/status]	VmData:	   57716 kB
20220313 004141.634 INFO             PET0 PIOc_sync Enter - MemInfo: [/proc/self/status]	VmStk:	     164 kB
20220313 004141.634 INFO             PET0 PIOc_sync Enter - MemInfo: [/proc/self/status]	VmExe:	   40928 kB
20220313 004141.634 INFO             PET0 PIOc_sync Enter - MemInfo: [/proc/self/status]	VmLib:	    1952 kB
20220313 004141.634 INFO             PET0 PIOc_sync Enter - MemInfo: [/proc/self/status]	VmPTE:	     272 kB
20220313 004141.634 INFO             PET0 PIOc_sync Enter - MemInfo: [/proc/self/status]	VmPMD:	      12 kB
20220313 004141.634 INFO             PET0 PIOc_sync Enter - MemInfo: [/proc/self/status]	VmSwap:	       0 kB
20220313 004141.634 INFO             PET0 PIOc_sync Enter - MemInfo: [/proc/self/status]	VmRSSPercent: 0.0695458 %
20220313 004141.634 INFO             PET0 PIOc_sync Enter - MemInfo: [malloc] Non-mmapped space allocated:                51857728 Byte
20220313 004141.634 INFO             PET0 PIOc_sync Enter - MemInfo: [malloc] Space allocated in mmapped regions:          2887680 Byte
20220313 004141.634 INFO             PET0 PIOc_sync Enter - MemInfo: [malloc] Maximum total allocated space:                     0 Byte
20220313 004141.634 INFO             PET0 PIOc_sync Enter - MemInfo: [malloc] Space in freed fastbin blocks:                   544 Byte
20220313 004141.634 INFO             PET0 PIOc_sync Enter - MemInfo: [malloc] Total allocated space:                      37547904 Byte
20220313 004141.634 INFO             PET0 PIOc_sync Enter - MemInfo: [malloc] Total free space:                           14309824 Byte
20220313 004141.634 INFO             PET0 PIOc_sync Enter - MemInfo: [malloc] Top-most, releasable space:                  8520096 Byte
20220313 004141.634 INFO             PET0 PIOc_sync Enter - MemInfo: [malloc] Total space in use, mmap + non-mmap:        40435584 Byte
20220313 004141.634 INFO             PET0 PIOc_sync Enter - MemInfo: [malloc] Total space held (mmap + non-mmap):         54745408 Byte
20220313 004141.634 INFO             PET0 PIOc_sync Enter - MemInfo: [malloc] Total space used (mmap + non-mmap):         40444016 Byte
20220313 004141.634 INFO             PET0 PIOc_sync Enter - MemInfo: Wall-clock time since execution start:               0.561013 seconds
20220313 004141.634 INFO             PET0 PIOc_sync Exit - MemInfo: [/proc/meminfo - SSI]	MemTotal:       65855856 kB
20220313 004141.634 INFO             PET0 PIOc_sync Exit - MemInfo: [/proc/meminfo - SSI]	MemFree:        61207952 kB
20220313 004141.634 INFO             PET0 PIOc_sync Exit - MemInfo: [/proc/meminfo - SSI]	MemAvailable:   60987176 kB
20220313 004141.634 INFO             PET0 PIOc_sync Exit - MemInfo: [/proc/meminfo - SSI]	Committed_AS:    2928596 kB
20220313 004141.634 INFO             PET0 PIOc_sync Exit - MemInfo: [/proc/meminfo - SSI]	CommittedPercent: 4.44698 %
20220313 004141.635 INFO             PET0 PIOc_sync Exit - MemInfo: [/proc/self/status]	VmPeak:	  173368 kB
20220313 004141.635 INFO             PET0 PIOc_sync Exit - MemInfo: [/proc/self/status]	VmSize:	  173344 kB
20220313 004141.635 INFO             PET0 PIOc_sync Exit - MemInfo: [/proc/self/status]	VmLck:	       0 kB
20220313 004141.635 INFO             PET0 PIOc_sync Exit - MemInfo: [/proc/self/status]	VmPin:	       0 kB
20220313 004141.635 INFO             PET0 PIOc_sync Exit - MemInfo: [/proc/self/status]	VmHWM:	   45800 kB
20220313 004141.635 INFO             PET0 PIOc_sync Exit - MemInfo: [/proc/self/status]	VmRSS:	   45800 kB
20220313 004141.635 INFO             PET0 PIOc_sync Exit - MemInfo: [/proc/self/status]	VmData:	   57716 kB
20220313 004141.635 INFO             PET0 PIOc_sync Exit - MemInfo: [/proc/self/status]	VmStk:	     164 kB
20220313 004141.635 INFO             PET0 PIOc_sync Exit - MemInfo: [/proc/self/status]	VmExe:	   40928 kB
20220313 004141.635 INFO             PET0 PIOc_sync Exit - MemInfo: [/proc/self/status]	VmLib:	    1952 kB
20220313 004141.635 INFO             PET0 PIOc_sync Exit - MemInfo: [/proc/self/status]	VmPTE:	     276 kB
20220313 004141.635 INFO             PET0 PIOc_sync Exit - MemInfo: [/proc/self/status]	VmPMD:	      12 kB
20220313 004141.635 INFO             PET0 PIOc_sync Exit - MemInfo: [/proc/self/status]	VmSwap:	       0 kB
20220313 004141.635 INFO             PET0 PIOc_sync Exit - MemInfo: [/proc/self/status]	VmRSSPercent: 0.0695458 %
20220313 004141.635 INFO             PET0 PIOc_sync Exit - MemInfo: [malloc] Non-mmapped space allocated:                51857728 Byte
20220313 004141.635 INFO             PET0 PIOc_sync Exit - MemInfo: [malloc] Space allocated in mmapped regions:          2887680 Byte
20220313 004141.635 INFO             PET0 PIOc_sync Exit - MemInfo: [malloc] Maximum total allocated space:                     0 Byte
20220313 004141.635 INFO             PET0 PIOc_sync Exit - MemInfo: [malloc] Space in freed fastbin blocks:                    96 Byte
20220313 004141.635 INFO             PET0 PIOc_sync Exit - MemInfo: [malloc] Total allocated space:                      37548960 Byte
20220313 004141.635 INFO             PET0 PIOc_sync Exit - MemInfo: [malloc] Total free space:                           14308768 Byte
20220313 004141.635 INFO             PET0 PIOc_sync Exit - MemInfo: [malloc] Top-most, releasable space:                  8520096 Byte
20220313 004141.635 INFO             PET0 PIOc_sync Exit - MemInfo: [malloc] Total space in use, mmap + non-mmap:        40436640 Byte
20220313 004141.635 INFO             PET0 PIOc_sync Exit - MemInfo: [malloc] Total space held (mmap + non-mmap):         54745408 Byte
20220313 004141.635 INFO             PET0 PIOc_sync Exit - MemInfo: [malloc] Total space used (mmap + non-mmap):         40444960 Byte
20220313 004141.635 INFO             PET0 PIOc_sync Exit - MemInfo: Wall-clock time since execution start:               0.561548 seconds
20220313 004141.636 INFO             PET0 PIOc_freedecomp Enter - MemInfo: [/proc/meminfo - SSI]	MemTotal:       65855856 kB
20220313 004141.636 INFO             PET0 PIOc_freedecomp Enter - MemInfo: [/proc/meminfo - SSI]	MemFree:        61207952 kB
20220313 004141.636 INFO             PET0 PIOc_freedecomp Enter - MemInfo: [/proc/meminfo - SSI]	MemAvailable:   60987176 kB
20220313 004141.636 INFO             PET0 PIOc_freedecomp Enter - MemInfo: [/proc/meminfo - SSI]	Committed_AS:    2928596 kB
20220313 004141.636 INFO             PET0 PIOc_freedecomp Enter - MemInfo: [/proc/meminfo - SSI]	CommittedPercent: 4.44698 %
20220313 004141.636 INFO             PET0 PIOc_freedecomp Enter - MemInfo: [/proc/self/status]	VmPeak:	  173368 kB
20220313 004141.636 INFO             PET0 PIOc_freedecomp Enter - MemInfo: [/proc/self/status]	VmSize:	  173344 kB
20220313 004141.636 INFO             PET0 PIOc_freedecomp Enter - MemInfo: [/proc/self/status]	VmLck:	       0 kB
20220313 004141.636 INFO             PET0 PIOc_freedecomp Enter - MemInfo: [/proc/self/status]	VmPin:	       0 kB
20220313 004141.636 INFO             PET0 PIOc_freedecomp Enter - MemInfo: [/proc/self/status]	VmHWM:	   45800 kB
20220313 004141.636 INFO             PET0 PIOc_freedecomp Enter - MemInfo: [/proc/self/status]	VmRSS:	   45800 kB
20220313 004141.636 INFO             PET0 PIOc_freedecomp Enter - MemInfo: [/proc/self/status]	VmData:	   57716 kB
20220313 004141.636 INFO             PET0 PIOc_freedecomp Enter - MemInfo: [/proc/self/status]	VmStk:	     164 kB
20220313 004141.636 INFO             PET0 PIOc_freedecomp Enter - MemInfo: [/proc/self/status]	VmExe:	   40928 kB
20220313 004141.636 INFO             PET0 PIOc_freedecomp Enter - MemInfo: [/proc/self/status]	VmLib:	    1952 kB
20220313 004141.636 INFO             PET0 PIOc_freedecomp Enter - MemInfo: [/proc/self/status]	VmPTE:	     276 kB
20220313 004141.636 INFO             PET0 PIOc_freedecomp Enter - MemInfo: [/proc/self/status]	VmPMD:	      12 kB
20220313 004141.636 INFO             PET0 PIOc_freedecomp Enter - MemInfo: [/proc/self/status]	VmSwap:	       0 kB
20220313 004141.636 INFO             PET0 PIOc_freedecomp Enter - MemInfo: [/proc/self/status]	VmRSSPercent: 0.0695458 %
20220313 004141.636 INFO             PET0 PIOc_freedecomp Enter - MemInfo: [malloc] Non-mmapped space allocated:                51857728 Byte
20220313 004141.636 INFO             PET0 PIOc_freedecomp Enter - MemInfo: [malloc] Space allocated in mmapped regions:          2887680 Byte
20220313 004141.636 INFO             PET0 PIOc_freedecomp Enter - MemInfo: [malloc] Maximum total allocated space:                     0 Byte
20220313 004141.636 INFO             PET0 PIOc_freedecomp Enter - MemInfo: [malloc] Space in freed fastbin blocks:                   880 Byte
20220313 004141.636 INFO             PET0 PIOc_freedecomp Enter - MemInfo: [malloc] Total allocated space:                      29148320 Byte
20220313 004141.636 INFO             PET0 PIOc_freedecomp Enter - MemInfo: [malloc] Total free space:                           22709408 Byte
20220313 004141.636 INFO             PET0 PIOc_freedecomp Enter - MemInfo: [malloc] Top-most, releasable space:                  8520096 Byte
20220313 004141.636 INFO             PET0 PIOc_freedecomp Enter - MemInfo: [malloc] Total space in use, mmap + non-mmap:        32036000 Byte
20220313 004141.636 INFO             PET0 PIOc_freedecomp Enter - MemInfo: [malloc] Total space held (mmap + non-mmap):         54745408 Byte
20220313 004141.636 INFO             PET0 PIOc_freedecomp Enter - MemInfo: [malloc] Total space used (mmap + non-mmap):         32044208 Byte
20220313 004141.636 INFO             PET0 PIOc_freedecomp Enter - MemInfo: Wall-clock time since execution start:               0.562914 seconds
20220313 004141.636 INFO             PET0 PIOc_freedecomp Exit - MemInfo: [/proc/meminfo - SSI]	MemTotal:       65855856 kB
20220313 004141.636 INFO             PET0 PIOc_freedecomp Exit - MemInfo: [/proc/meminfo - SSI]	MemFree:        61207952 kB
20220313 004141.636 INFO             PET0 PIOc_freedecomp Exit - MemInfo: [/proc/meminfo - SSI]	MemAvailable:   60987176 kB
20220313 004141.636 INFO             PET0 PIOc_freedecomp Exit - MemInfo: [/proc/meminfo - SSI]	Committed_AS:    2928596 kB
20220313 004141.636 INFO             PET0 PIOc_freedecomp Exit - MemInfo: [/proc/meminfo - SSI]	CommittedPercent: 4.44698 %
20220313 004141.636 INFO             PET0 PIOc_freedecomp Exit - MemInfo: [/proc/self/status]	VmPeak:	  173368 kB
20220313 004141.636 INFO             PET0 PIOc_freedecomp Exit - MemInfo: [/proc/self/status]	VmSize:	  173344 kB
20220313 004141.636 INFO             PET0 PIOc_freedecomp Exit - MemInfo: [/proc/self/status]	VmLck:	       0 kB
20220313 004141.636 INFO             PET0 PIOc_freedecomp Exit - MemInfo: [/proc/self/status]	VmPin:	       0 kB
20220313 004141.636 INFO             PET0 PIOc_freedecomp Exit - MemInfo: [/proc/self/status]	VmHWM:	   45800 kB
20220313 004141.636 INFO             PET0 PIOc_freedecomp Exit - MemInfo: [/proc/self/status]	VmRSS:	   45800 kB
20220313 004141.636 INFO             PET0 PIOc_freedecomp Exit - MemInfo: [/proc/self/status]	VmData:	   57716 kB
20220313 004141.636 INFO             PET0 PIOc_freedecomp Exit - MemInfo: [/proc/self/status]	VmStk:	     164 kB
20220313 004141.636 INFO             PET0 PIOc_freedecomp Exit - MemInfo: [/proc/self/status]	VmExe:	   40928 kB
20220313 004141.636 INFO             PET0 PIOc_freedecomp Exit - MemInfo: [/proc/self/status]	VmLib:	    1952 kB
20220313 004141.636 INFO             PET0 PIOc_freedecomp Exit - MemInfo: [/proc/self/status]	VmPTE:	     276 kB
20220313 004141.636 INFO             PET0 PIOc_freedecomp Exit - MemInfo: [/proc/self/status]	VmPMD:	      12 kB
20220313 004141.636 INFO             PET0 PIOc_freedecomp Exit - MemInfo: [/proc/self/status]	VmSwap:	       0 kB
20220313 004141.636 INFO             PET0 PIOc_freedecomp Exit - MemInfo: [/proc/self/status]	VmRSSPercent: 0.0695458 %
20220313 004141.636 INFO             PET0 PIOc_freedecomp Exit - MemInfo: [malloc] Non-mmapped space allocated:                51857728 Byte
20220313 004141.636 INFO             PET0 PIOc_freedecomp Exit - MemInfo: [malloc] Space allocated in mmapped regions:          2887680 Byte
20220313 004141.636 INFO             PET0 PIOc_freedecomp Exit - MemInfo: [malloc] Maximum total allocated space:                     0 Byte
20220313 004141.636 INFO             PET0 PIOc_freedecomp Exit - MemInfo: [malloc] Space in freed fastbin blocks:                  1360 Byte
20220313 004141.637 INFO             PET0 PIOc_freedecomp Exit - MemInfo: [malloc] Total allocated space:                      29143840 Byte
20220313 004141.637 INFO             PET0 PIOc_freedecomp Exit - MemInfo: [malloc] Total free space:                           22713888 Byte
20220313 004141.637 INFO             PET0 PIOc_freedecomp Exit - MemInfo: [malloc] Top-most, releasable space:                  8520096 Byte
20220313 004141.637 INFO             PET0 PIOc_freedecomp Exit - MemInfo: [malloc] Total space in use, mmap + non-mmap:        32031520 Byte
20220313 004141.637 INFO             PET0 PIOc_freedecomp Exit - MemInfo: [malloc] Total space held (mmap + non-mmap):         54745408 Byte
20220313 004141.637 INFO             PET0 PIOc_freedecomp Exit - MemInfo: [malloc] Total space used (mmap + non-mmap):         32039728 Byte
20220313 004141.637 INFO             PET0 PIOc_freedecomp Exit - MemInfo: Wall-clock time since execution start:                0.56333 seconds
20220313 004141.640 INFO             PET0  PASS  ESMF_FieldRegridStoreFromFile Unit Test, ESMF_FieldSMMFromFileUTest.F90, line 315
20220313 004141.640 INFO             PET0  Ending Test, file ESMF_FieldSMMFromFileUTest.F90, line 322
20220313 004141.640 INFO             PET0 Finalizing ESMF
20220313 004141.078 INFO             PET1 !!!!!!!!!!!!!!!!!!!!!!!!!!!!!!!!!!!!!!!!!!!!!!!!!!!!!!
20220313 004141.078 INFO             PET1 !!! THE ESMF_LOG IS SET TO OUTPUT ALL LOG MESSAGES !!!
20220313 004141.078 INFO             PET1 !!!     THIS MAY CAUSE SLOWDOWN IN PERFORMANCE     !!!
20220313 004141.078 INFO             PET1 !!! FOR PRODUCTION RUNS, USE:                      !!!
20220313 004141.078 INFO             PET1 !!!                   ESMF_LOGKIND_Multi_On_Error  !!!
20220313 004141.078 INFO             PET1 !!!!!!!!!!!!!!!!!!!!!!!!!!!!!!!!!!!!!!!!!!!!!!!!!!!!!!
20220313 004141.078 INFO             PET1 Running with ESMF Version   : v8.3.0b09-96-g559b459836
20220313 004141.078 INFO             PET1 ESMF library build date/time: "Mar 12 2022" "23:46:28"
20220313 004141.078 INFO             PET1 ESMF library build location : /lustre/f2/dev/ncep/Mark.Potts/gfortran_8.3.0_mpi_g_jedwards_pio_update2
20220313 004141.078 INFO             PET1 ESMF_COMM                   : mpi
20220313 004141.078 INFO             PET1 ESMF_MOAB                   : enabled
20220313 004141.078 INFO             PET1 ESMF_LAPACK                 : enabled
20220313 004141.078 INFO             PET1 ESMF_NETCDF                 : enabled
20220313 004141.078 INFO             PET1 ESMF_PNETCDF                : disabled
20220313 004141.078 INFO             PET1 ESMF_PIO                    : enabled
20220313 004141.078 INFO             PET1 ESMF_YAMLCPP                : enabled
20220313 004141.095 INFO             PET1  Beginning Test, file ESMF_FieldSMMFromFileUTest.F90, line 287
20220313 004141.095 INFO             PET1  NUMBER_OF_PROCESSORS           4
20220313 004141.537 INFO             PET1  PASS  ESMF_FieldSMMFromFile Unit Test, ESMF_FieldSMMFromFileUTest.F90, line 300
20220313 004141.627 INFO             PET1 PIOc_sync Enter - MemInfo: [/proc/meminfo - SSI]	MemTotal:       65855856 kB
20220313 004141.627 INFO             PET1 PIOc_sync Enter - MemInfo: [/proc/meminfo - SSI]	MemFree:        61207952 kB
20220313 004141.627 INFO             PET1 PIOc_sync Enter - MemInfo: [/proc/meminfo - SSI]	MemAvailable:   60987176 kB
20220313 004141.627 INFO             PET1 PIOc_sync Enter - MemInfo: [/proc/meminfo - SSI]	Committed_AS:    2928596 kB
20220313 004141.627 INFO             PET1 PIOc_sync Enter - MemInfo: [/proc/meminfo - SSI]	CommittedPercent: 4.44698 %
20220313 004141.627 INFO             PET1 PIOc_sync Enter - MemInfo: [/proc/self/status]	VmPeak:	  130360 kB
20220313 004141.627 INFO             PET1 PIOc_sync Enter - MemInfo: [/proc/self/status]	VmSize:	  130336 kB
20220313 004141.627 INFO             PET1 PIOc_sync Enter - MemInfo: [/proc/self/status]	VmLck:	       0 kB
20220313 004141.627 INFO             PET1 PIOc_sync Enter - MemInfo: [/proc/self/status]	VmPin:	       0 kB
20220313 004141.627 INFO             PET1 PIOc_sync Enter - MemInfo: [/proc/self/status]	VmHWM:	   28084 kB
20220313 004141.627 INFO             PET1 PIOc_sync Enter - MemInfo: [/proc/self/status]	VmRSS:	   28084 kB
20220313 004141.627 INFO             PET1 PIOc_sync Enter - MemInfo: [/proc/self/status]	VmData:	   33140 kB
20220313 004141.627 INFO             PET1 PIOc_sync Enter - MemInfo: [/proc/self/status]	VmStk:	     164 kB
20220313 004141.627 INFO             PET1 PIOc_sync Enter - MemInfo: [/proc/self/status]	VmExe:	   40928 kB
20220313 004141.627 INFO             PET1 PIOc_sync Enter - MemInfo: [/proc/self/status]	VmLib:	    1952 kB
20220313 004141.627 INFO             PET1 PIOc_sync Enter - MemInfo: [/proc/self/status]	VmPTE:	     232 kB
20220313 004141.627 INFO             PET1 PIOc_sync Enter - MemInfo: [/proc/self/status]	VmPMD:	      12 kB
20220313 004141.627 INFO             PET1 PIOc_sync Enter - MemInfo: [/proc/self/status]	VmSwap:	       0 kB
20220313 004141.627 INFO             PET1 PIOc_sync Enter - MemInfo: [/proc/self/status]	VmRSSPercent: 0.0426447 %
20220313 004141.627 INFO             PET1 PIOc_sync Enter - MemInfo: [malloc] Non-mmapped space allocated:                26691904 Byte
20220313 004141.627 INFO             PET1 PIOc_sync Enter - MemInfo: [malloc] Space allocated in mmapped regions:          2887680 Byte
20220313 004141.627 INFO             PET1 PIOc_sync Enter - MemInfo: [malloc] Maximum total allocated space:                     0 Byte
20220313 004141.627 INFO             PET1 PIOc_sync Enter - MemInfo: [malloc] Space in freed fastbin blocks:                    48 Byte
20220313 004141.627 INFO             PET1 PIOc_sync Enter - MemInfo: [malloc] Total allocated space:                      12020688 Byte
20220313 004141.628 INFO             PET1 PIOc_sync Enter - MemInfo: [malloc] Total free space:                           14671216 Byte
20220313 004141.628 INFO             PET1 PIOc_sync Enter - MemInfo: [malloc] Top-most, releasable space:                  8523024 Byte
20220313 004141.628 INFO             PET1 PIOc_sync Enter - MemInfo: [malloc] Total space in use, mmap + non-mmap:        14908368 Byte
20220313 004141.628 INFO             PET1 PIOc_sync Enter - MemInfo: [malloc] Total space held (mmap + non-mmap):         29579584 Byte
20220313 004141.628 INFO             PET1 PIOc_sync Enter - MemInfo: [malloc] Total space used (mmap + non-mmap):         14917840 Byte
20220313 004141.628 INFO             PET1 PIOc_sync Enter - MemInfo: Wall-clock time since execution start:               0.554342 seconds
20220313 004141.628 INFO             PET1 PIOc_sync Exit - MemInfo: [/proc/meminfo - SSI]	MemTotal:       65855856 kB
20220313 004141.628 INFO             PET1 PIOc_sync Exit - MemInfo: [/proc/meminfo - SSI]	MemFree:        61207952 kB
20220313 004141.628 INFO             PET1 PIOc_sync Exit - MemInfo: [/proc/meminfo - SSI]	MemAvailable:   60987176 kB
20220313 004141.628 INFO             PET1 PIOc_sync Exit - MemInfo: [/proc/meminfo - SSI]	Committed_AS:    2928596 kB
20220313 004141.628 INFO             PET1 PIOc_sync Exit - MemInfo: [/proc/meminfo - SSI]	CommittedPercent: 4.44698 %
20220313 004141.628 INFO             PET1 PIOc_sync Exit - MemInfo: [/proc/self/status]	VmPeak:	  130360 kB
20220313 004141.628 INFO             PET1 PIOc_sync Exit - MemInfo: [/proc/self/status]	VmSize:	  130336 kB
20220313 004141.628 INFO             PET1 PIOc_sync Exit - MemInfo: [/proc/self/status]	VmLck:	       0 kB
20220313 004141.628 INFO             PET1 PIOc_sync Exit - MemInfo: [/proc/self/status]	VmPin:	       0 kB
20220313 004141.628 INFO             PET1 PIOc_sync Exit - MemInfo: [/proc/self/status]	VmHWM:	   28084 kB
20220313 004141.628 INFO             PET1 PIOc_sync Exit - MemInfo: [/proc/self/status]	VmRSS:	   28084 kB
20220313 004141.628 INFO             PET1 PIOc_sync Exit - MemInfo: [/proc/self/status]	VmData:	   33140 kB
20220313 004141.628 INFO             PET1 PIOc_sync Exit - MemInfo: [/proc/self/status]	VmStk:	     164 kB
20220313 004141.628 INFO             PET1 PIOc_sync Exit - MemInfo: [/proc/self/status]	VmExe:	   40928 kB
20220313 004141.628 INFO             PET1 PIOc_sync Exit - MemInfo: [/proc/self/status]	VmLib:	    1952 kB
20220313 004141.628 INFO             PET1 PIOc_sync Exit - MemInfo: [/proc/self/status]	VmPTE:	     232 kB
20220313 004141.628 INFO             PET1 PIOc_sync Exit - MemInfo: [/proc/self/status]	VmPMD:	      12 kB
20220313 004141.628 INFO             PET1 PIOc_sync Exit - MemInfo: [/proc/self/status]	VmSwap:	       0 kB
20220313 004141.628 INFO             PET1 PIOc_sync Exit - MemInfo: [/proc/self/status]	VmRSSPercent: 0.0426447 %
20220313 004141.628 INFO             PET1 PIOc_sync Exit - MemInfo: [malloc] Non-mmapped space allocated:                26691904 Byte
20220313 004141.628 INFO             PET1 PIOc_sync Exit - MemInfo: [malloc] Space allocated in mmapped regions:          2887680 Byte
20220313 004141.628 INFO             PET1 PIOc_sync Exit - MemInfo: [malloc] Maximum total allocated space:                     0 Byte
20220313 004141.628 INFO             PET1 PIOc_sync Exit - MemInfo: [malloc] Space in freed fastbin blocks:                     0 Byte
20220313 004141.628 INFO             PET1 PIOc_sync Exit - MemInfo: [malloc] Total allocated space:                      12022464 Byte
20220313 004141.628 INFO             PET1 PIOc_sync Exit - MemInfo: [malloc] Total free space:                           14669440 Byte
20220313 004141.628 INFO             PET1 PIOc_sync Exit - MemInfo: [malloc] Top-most, releasable space:                  8523024 Byte
20220313 004141.628 INFO             PET1 PIOc_sync Exit - MemInfo: [malloc] Total space in use, mmap + non-mmap:        14910144 Byte
20220313 004141.628 INFO             PET1 PIOc_sync Exit - MemInfo: [malloc] Total space held (mmap + non-mmap):         29579584 Byte
20220313 004141.628 INFO             PET1 PIOc_sync Exit - MemInfo: [malloc] Total space used (mmap + non-mmap):         14919104 Byte
20220313 004141.628 INFO             PET1 PIOc_sync Exit - MemInfo: Wall-clock time since execution start:               0.554904 seconds
20220313 004141.628 INFO             PET1 PIOc_freedecomp Enter - MemInfo: [/proc/meminfo - SSI]	MemTotal:       65855856 kB
20220313 004141.628 INFO             PET1 PIOc_freedecomp Enter - MemInfo: [/proc/meminfo - SSI]	MemFree:        61207952 kB
20220313 004141.628 INFO             PET1 PIOc_freedecomp Enter - MemInfo: [/proc/meminfo - SSI]	MemAvailable:   60987176 kB
20220313 004141.628 INFO             PET1 PIOc_freedecomp Enter - MemInfo: [/proc/meminfo - SSI]	Committed_AS:    2928596 kB
20220313 004141.628 INFO             PET1 PIOc_freedecomp Enter - MemInfo: [/proc/meminfo - SSI]	CommittedPercent: 4.44698 %
20220313 004141.628 INFO             PET1 PIOc_freedecomp Enter - MemInfo: [/proc/self/status]	VmPeak:	  130360 kB
20220313 004141.628 INFO             PET1 PIOc_freedecomp Enter - MemInfo: [/proc/self/status]	VmSize:	  130336 kB
20220313 004141.628 INFO             PET1 PIOc_freedecomp Enter - MemInfo: [/proc/self/status]	VmLck:	       0 kB
20220313 004141.628 INFO             PET1 PIOc_freedecomp Enter - MemInfo: [/proc/self/status]	VmPin:	       0 kB
20220313 004141.628 INFO             PET1 PIOc_freedecomp Enter - MemInfo: [/proc/self/status]	VmHWM:	   28084 kB
20220313 004141.628 INFO             PET1 PIOc_freedecomp Enter - MemInfo: [/proc/self/status]	VmRSS:	   28084 kB
20220313 004141.628 INFO             PET1 PIOc_freedecomp Enter - MemInfo: [/proc/self/status]	VmData:	   33140 kB
20220313 004141.628 INFO             PET1 PIOc_freedecomp Enter - MemInfo: [/proc/self/status]	VmStk:	     164 kB
20220313 004141.628 INFO             PET1 PIOc_freedecomp Enter - MemInfo: [/proc/self/status]	VmExe:	   40928 kB
20220313 004141.629 INFO             PET1 PIOc_freedecomp Enter - MemInfo: [/proc/self/status]	VmLib:	    1952 kB
20220313 004141.629 INFO             PET1 PIOc_freedecomp Enter - MemInfo: [/proc/self/status]	VmPTE:	     232 kB
20220313 004141.629 INFO             PET1 PIOc_freedecomp Enter - MemInfo: [/proc/self/status]	VmPMD:	      12 kB
20220313 004141.629 INFO             PET1 PIOc_freedecomp Enter - MemInfo: [/proc/self/status]	VmSwap:	       0 kB
20220313 004141.629 INFO             PET1 PIOc_freedecomp Enter - MemInfo: [/proc/self/status]	VmRSSPercent: 0.0426447 %
20220313 004141.629 INFO             PET1 PIOc_freedecomp Enter - MemInfo: [malloc] Non-mmapped space allocated:                26691904 Byte
20220313 004141.629 INFO             PET1 PIOc_freedecomp Enter - MemInfo: [malloc] Space allocated in mmapped regions:          2887680 Byte
20220313 004141.629 INFO             PET1 PIOc_freedecomp Enter - MemInfo: [malloc] Maximum total allocated space:                     0 Byte
20220313 004141.629 INFO             PET1 PIOc_freedecomp Enter - MemInfo: [malloc] Space in freed fastbin blocks:                   128 Byte
20220313 004141.629 INFO             PET1 PIOc_freedecomp Enter - MemInfo: [malloc] Total allocated space:                      12023088 Byte
20220313 004141.629 INFO             PET1 PIOc_freedecomp Enter - MemInfo: [malloc] Total free space:                           14668816 Byte
20220313 004141.629 INFO             PET1 PIOc_freedecomp Enter - MemInfo: [malloc] Top-most, releasable space:                  8523024 Byte
20220313 004141.629 INFO             PET1 PIOc_freedecomp Enter - MemInfo: [malloc] Total space in use, mmap + non-mmap:        14910768 Byte
20220313 004141.629 INFO             PET1 PIOc_freedecomp Enter - MemInfo: [malloc] Total space held (mmap + non-mmap):         29579584 Byte
20220313 004141.629 INFO             PET1 PIOc_freedecomp Enter - MemInfo: [malloc] Total space used (mmap + non-mmap):         14919488 Byte
20220313 004141.629 INFO             PET1 PIOc_freedecomp Enter - MemInfo: Wall-clock time since execution start:               0.555481 seconds
20220313 004141.629 INFO             PET1 PIOc_freedecomp Exit - MemInfo: [/proc/meminfo - SSI]	MemTotal:       65855856 kB
20220313 004141.629 INFO             PET1 PIOc_freedecomp Exit - MemInfo: [/proc/meminfo - SSI]	MemFree:        61207952 kB
20220313 004141.629 INFO             PET1 PIOc_freedecomp Exit - MemInfo: [/proc/meminfo - SSI]	MemAvailable:   60987176 kB
20220313 004141.629 INFO             PET1 PIOc_freedecomp Exit - MemInfo: [/proc/meminfo - SSI]	Committed_AS:    2928596 kB
20220313 004141.629 INFO             PET1 PIOc_freedecomp Exit - MemInfo: [/proc/meminfo - SSI]	CommittedPercent: 4.44698 %
20220313 004141.629 INFO             PET1 PIOc_freedecomp Exit - MemInfo: [/proc/self/status]	VmPeak:	  130360 kB
20220313 004141.629 INFO             PET1 PIOc_freedecomp Exit - MemInfo: [/proc/self/status]	VmSize:	  130336 kB
20220313 004141.629 INFO             PET1 PIOc_freedecomp Exit - MemInfo: [/proc/self/status]	VmLck:	       0 kB
20220313 004141.629 INFO             PET1 PIOc_freedecomp Exit - MemInfo: [/proc/self/status]	VmPin:	       0 kB
20220313 004141.629 INFO             PET1 PIOc_freedecomp Exit - MemInfo: [/proc/self/status]	VmHWM:	   28084 kB
20220313 004141.629 INFO             PET1 PIOc_freedecomp Exit - MemInfo: [/proc/self/status]	VmRSS:	   28084 kB
20220313 004141.629 INFO             PET1 PIOc_freedecomp Exit - MemInfo: [/proc/self/status]	VmData:	   33140 kB
20220313 004141.629 INFO             PET1 PIOc_freedecomp Exit - MemInfo: [/proc/self/status]	VmStk:	     164 kB
20220313 004141.629 INFO             PET1 PIOc_freedecomp Exit - MemInfo: [/proc/self/status]	VmExe:	   40928 kB
20220313 004141.629 INFO             PET1 PIOc_freedecomp Exit - MemInfo: [/proc/self/status]	VmLib:	    1952 kB
20220313 004141.629 INFO             PET1 PIOc_freedecomp Exit - MemInfo: [/proc/self/status]	VmPTE:	     232 kB
20220313 004141.629 INFO             PET1 PIOc_freedecomp Exit - MemInfo: [/proc/self/status]	VmPMD:	      12 kB
20220313 004141.629 INFO             PET1 PIOc_freedecomp Exit - MemInfo: [/proc/self/status]	VmSwap:	       0 kB
20220313 004141.629 INFO             PET1 PIOc_freedecomp Exit - MemInfo: [/proc/self/status]	VmRSSPercent: 0.0426447 %
20220313 004141.629 INFO             PET1 PIOc_freedecomp Exit - MemInfo: [malloc] Non-mmapped space allocated:                26691904 Byte
20220313 004141.629 INFO             PET1 PIOc_freedecomp Exit - MemInfo: [malloc] Space allocated in mmapped regions:          2887680 Byte
20220313 004141.629 INFO             PET1 PIOc_freedecomp Exit - MemInfo: [malloc] Maximum total allocated space:                     0 Byte
20220313 004141.629 INFO             PET1 PIOc_freedecomp Exit - MemInfo: [malloc] Space in freed fastbin blocks:                   432 Byte
20220313 004141.629 INFO             PET1 PIOc_freedecomp Exit - MemInfo: [malloc] Total allocated space:                      12022336 Byte
20220313 004141.629 INFO             PET1 PIOc_freedecomp Exit - MemInfo: [malloc] Total free space:                           14669568 Byte
20220313 004141.629 INFO             PET1 PIOc_freedecomp Exit - MemInfo: [malloc] Top-most, releasable space:                  8523024 Byte
20220313 004141.629 INFO             PET1 PIOc_freedecomp Exit - MemInfo: [malloc] Total space in use, mmap + non-mmap:        14910016 Byte
20220313 004141.629 INFO             PET1 PIOc_freedecomp Exit - MemInfo: [malloc] Total space held (mmap + non-mmap):         29579584 Byte
20220313 004141.629 INFO             PET1 PIOc_freedecomp Exit - MemInfo: [malloc] Total space used (mmap + non-mmap):         14918784 Byte
20220313 004141.629 INFO             PET1 PIOc_freedecomp Exit - MemInfo: Wall-clock time since execution start:               0.555916 seconds
20220313 004141.631 INFO             PET1 PIOc_sync Enter - MemInfo: [/proc/meminfo - SSI]	MemTotal:       65855856 kB
20220313 004141.631 INFO             PET1 PIOc_sync Enter - MemInfo: [/proc/meminfo - SSI]	MemFree:        61207952 kB
20220313 004141.631 INFO             PET1 PIOc_sync Enter - MemInfo: [/proc/meminfo - SSI]	MemAvailable:   60987176 kB
20220313 004141.631 INFO             PET1 PIOc_sync Enter - MemInfo: [/proc/meminfo - SSI]	Committed_AS:    2928596 kB
20220313 004141.631 INFO             PET1 PIOc_sync Enter - MemInfo: [/proc/meminfo - SSI]	CommittedPercent: 4.44698 %
20220313 004141.631 INFO             PET1 PIOc_sync Enter - MemInfo: [/proc/self/status]	VmPeak:	  130360 kB
20220313 004141.631 INFO             PET1 PIOc_sync Enter - MemInfo: [/proc/self/status]	VmSize:	  130336 kB
20220313 004141.631 INFO             PET1 PIOc_sync Enter - MemInfo: [/proc/self/status]	VmLck:	       0 kB
20220313 004141.631 INFO             PET1 PIOc_sync Enter - MemInfo: [/proc/self/status]	VmPin:	       0 kB
20220313 004141.631 INFO             PET1 PIOc_sync Enter - MemInfo: [/proc/self/status]	VmHWM:	   28084 kB
20220313 004141.631 INFO             PET1 PIOc_sync Enter - MemInfo: [/proc/self/status]	VmRSS:	   28084 kB
20220313 004141.631 INFO             PET1 PIOc_sync Enter - MemInfo: [/proc/self/status]	VmData:	   33140 kB
20220313 004141.631 INFO             PET1 PIOc_sync Enter - MemInfo: [/proc/self/status]	VmStk:	     164 kB
20220313 004141.631 INFO             PET1 PIOc_sync Enter - MemInfo: [/proc/self/status]	VmExe:	   40928 kB
20220313 004141.631 INFO             PET1 PIOc_sync Enter - MemInfo: [/proc/self/status]	VmLib:	    1952 kB
20220313 004141.631 INFO             PET1 PIOc_sync Enter - MemInfo: [/proc/self/status]	VmPTE:	     232 kB
20220313 004141.631 INFO             PET1 PIOc_sync Enter - MemInfo: [/proc/self/status]	VmPMD:	      12 kB
20220313 004141.631 INFO             PET1 PIOc_sync Enter - MemInfo: [/proc/self/status]	VmSwap:	       0 kB
20220313 004141.631 INFO             PET1 PIOc_sync Enter - MemInfo: [/proc/self/status]	VmRSSPercent: 0.0426447 %
20220313 004141.631 INFO             PET1 PIOc_sync Enter - MemInfo: [malloc] Non-mmapped space allocated:                26691904 Byte
20220313 004141.631 INFO             PET1 PIOc_sync Enter - MemInfo: [malloc] Space allocated in mmapped regions:          2887680 Byte
20220313 004141.631 INFO             PET1 PIOc_sync Enter - MemInfo: [malloc] Maximum total allocated space:                     0 Byte
20220313 004141.631 INFO             PET1 PIOc_sync Enter - MemInfo: [malloc] Space in freed fastbin blocks:                    80 Byte
20220313 004141.631 INFO             PET1 PIOc_sync Enter - MemInfo: [malloc] Total allocated space:                      12024880 Byte
20220313 004141.631 INFO             PET1 PIOc_sync Enter - MemInfo: [malloc] Total free space:                           14667024 Byte
20220313 004141.631 INFO             PET1 PIOc_sync Enter - MemInfo: [malloc] Top-most, releasable space:                  8523024 Byte
20220313 004141.631 INFO             PET1 PIOc_sync Enter - MemInfo: [malloc] Total space in use, mmap + non-mmap:        14912560 Byte
20220313 004141.631 INFO             PET1 PIOc_sync Enter - MemInfo: [malloc] Total space held (mmap + non-mmap):         29579584 Byte
20220313 004141.631 INFO             PET1 PIOc_sync Enter - MemInfo: [malloc] Total space used (mmap + non-mmap):         14920768 Byte
20220313 004141.631 INFO             PET1 PIOc_sync Enter - MemInfo: Wall-clock time since execution start:               0.557752 seconds
20220313 004141.631 INFO             PET1 PIOc_sync Exit - MemInfo: [/proc/meminfo - SSI]	MemTotal:       65855856 kB
20220313 004141.631 INFO             PET1 PIOc_sync Exit - MemInfo: [/proc/meminfo - SSI]	MemFree:        61207952 kB
20220313 004141.631 INFO             PET1 PIOc_sync Exit - MemInfo: [/proc/meminfo - SSI]	MemAvailable:   60987176 kB
20220313 004141.631 INFO             PET1 PIOc_sync Exit - MemInfo: [/proc/meminfo - SSI]	Committed_AS:    2928596 kB
20220313 004141.631 INFO             PET1 PIOc_sync Exit - MemInfo: [/proc/meminfo - SSI]	CommittedPercent: 4.44698 %
20220313 004141.631 INFO             PET1 PIOc_sync Exit - MemInfo: [/proc/self/status]	VmPeak:	  130360 kB
20220313 004141.631 INFO             PET1 PIOc_sync Exit - MemInfo: [/proc/self/status]	VmSize:	  130336 kB
20220313 004141.631 INFO             PET1 PIOc_sync Exit - MemInfo: [/proc/self/status]	VmLck:	       0 kB
20220313 004141.631 INFO             PET1 PIOc_sync Exit - MemInfo: [/proc/self/status]	VmPin:	       0 kB
20220313 004141.631 INFO             PET1 PIOc_sync Exit - MemInfo: [/proc/self/status]	VmHWM:	   28084 kB
20220313 004141.631 INFO             PET1 PIOc_sync Exit - MemInfo: [/proc/self/status]	VmRSS:	   28084 kB
20220313 004141.631 INFO             PET1 PIOc_sync Exit - MemInfo: [/proc/self/status]	VmData:	   33140 kB
20220313 004141.631 INFO             PET1 PIOc_sync Exit - MemInfo: [/proc/self/status]	VmStk:	     164 kB
20220313 004141.631 INFO             PET1 PIOc_sync Exit - MemInfo: [/proc/self/status]	VmExe:	   40928 kB
20220313 004141.631 INFO             PET1 PIOc_sync Exit - MemInfo: [/proc/self/status]	VmLib:	    1952 kB
20220313 004141.631 INFO             PET1 PIOc_sync Exit - MemInfo: [/proc/self/status]	VmPTE:	     232 kB
20220313 004141.631 INFO             PET1 PIOc_sync Exit - MemInfo: [/proc/self/status]	VmPMD:	      12 kB
20220313 004141.631 INFO             PET1 PIOc_sync Exit - MemInfo: [/proc/self/status]	VmSwap:	       0 kB
20220313 004141.631 INFO             PET1 PIOc_sync Exit - MemInfo: [/proc/self/status]	VmRSSPercent: 0.0426447 %
20220313 004141.631 INFO             PET1 PIOc_sync Exit - MemInfo: [malloc] Non-mmapped space allocated:                26691904 Byte
20220313 004141.631 INFO             PET1 PIOc_sync Exit - MemInfo: [malloc] Space allocated in mmapped regions:          2887680 Byte
20220313 004141.631 INFO             PET1 PIOc_sync Exit - MemInfo: [malloc] Maximum total allocated space:                     0 Byte
20220313 004141.631 INFO             PET1 PIOc_sync Exit - MemInfo: [malloc] Space in freed fastbin blocks:                     0 Byte
20220313 004141.631 INFO             PET1 PIOc_sync Exit - MemInfo: [malloc] Total allocated space:                      12024960 Byte
20220313 004141.631 INFO             PET1 PIOc_sync Exit - MemInfo: [malloc] Total free space:                           14666944 Byte
20220313 004141.631 INFO             PET1 PIOc_sync Exit - MemInfo: [malloc] Top-most, releasable space:                  8523024 Byte
20220313 004141.631 INFO             PET1 PIOc_sync Exit - MemInfo: [malloc] Total space in use, mmap + non-mmap:        14912640 Byte
20220313 004141.631 INFO             PET1 PIOc_sync Exit - MemInfo: [malloc] Total space held (mmap + non-mmap):         29579584 Byte
20220313 004141.631 INFO             PET1 PIOc_sync Exit - MemInfo: [malloc] Total space used (mmap + non-mmap):         14920848 Byte
20220313 004141.631 INFO             PET1 PIOc_sync Exit - MemInfo: Wall-clock time since execution start:                0.55824 seconds
20220313 004141.632 INFO             PET1 PIOc_freedecomp Enter - MemInfo: [/proc/meminfo - SSI]	MemTotal:       65855856 kB
20220313 004141.632 INFO             PET1 PIOc_freedecomp Enter - MemInfo: [/proc/meminfo - SSI]	MemFree:        61207952 kB
20220313 004141.632 INFO             PET1 PIOc_freedecomp Enter - MemInfo: [/proc/meminfo - SSI]	MemAvailable:   60987176 kB
20220313 004141.632 INFO             PET1 PIOc_freedecomp Enter - MemInfo: [/proc/meminfo - SSI]	Committed_AS:    2928596 kB
20220313 004141.632 INFO             PET1 PIOc_freedecomp Enter - MemInfo: [/proc/meminfo - SSI]	CommittedPercent: 4.44698 %
20220313 004141.632 INFO             PET1 PIOc_freedecomp Enter - MemInfo: [/proc/self/status]	VmPeak:	  130360 kB
20220313 004141.632 INFO             PET1 PIOc_freedecomp Enter - MemInfo: [/proc/self/status]	VmSize:	  130336 kB
20220313 004141.632 INFO             PET1 PIOc_freedecomp Enter - MemInfo: [/proc/self/status]	VmLck:	       0 kB
20220313 004141.632 INFO             PET1 PIOc_freedecomp Enter - MemInfo: [/proc/self/status]	VmPin:	       0 kB
20220313 004141.632 INFO             PET1 PIOc_freedecomp Enter - MemInfo: [/proc/self/status]	VmHWM:	   28084 kB
20220313 004141.632 INFO             PET1 PIOc_freedecomp Enter - MemInfo: [/proc/self/status]	VmRSS:	   28084 kB
20220313 004141.632 INFO             PET1 PIOc_freedecomp Enter - MemInfo: [/proc/self/status]	VmData:	   33140 kB
20220313 004141.632 INFO             PET1 PIOc_freedecomp Enter - MemInfo: [/proc/self/status]	VmStk:	     164 kB
20220313 004141.632 INFO             PET1 PIOc_freedecomp Enter - MemInfo: [/proc/self/status]	VmExe:	   40928 kB
20220313 004141.632 INFO             PET1 PIOc_freedecomp Enter - MemInfo: [/proc/self/status]	VmLib:	    1952 kB
20220313 004141.632 INFO             PET1 PIOc_freedecomp Enter - MemInfo: [/proc/self/status]	VmPTE:	     232 kB
20220313 004141.632 INFO             PET1 PIOc_freedecomp Enter - MemInfo: [/proc/self/status]	VmPMD:	      12 kB
20220313 004141.632 INFO             PET1 PIOc_freedecomp Enter - MemInfo: [/proc/self/status]	VmSwap:	       0 kB
20220313 004141.632 INFO             PET1 PIOc_freedecomp Enter - MemInfo: [/proc/self/status]	VmRSSPercent: 0.0426447 %
20220313 004141.632 INFO             PET1 PIOc_freedecomp Enter - MemInfo: [malloc] Non-mmapped space allocated:                26691904 Byte
20220313 004141.632 INFO             PET1 PIOc_freedecomp Enter - MemInfo: [malloc] Space allocated in mmapped regions:          2887680 Byte
20220313 004141.632 INFO             PET1 PIOc_freedecomp Enter - MemInfo: [malloc] Maximum total allocated space:                     0 Byte
20220313 004141.632 INFO             PET1 PIOc_freedecomp Enter - MemInfo: [malloc] Space in freed fastbin blocks:                     0 Byte
20220313 004141.632 INFO             PET1 PIOc_freedecomp Enter - MemInfo: [malloc] Total allocated space:                      12024528 Byte
20220313 004141.632 INFO             PET1 PIOc_freedecomp Enter - MemInfo: [malloc] Total free space:                           14667376 Byte
20220313 004141.632 INFO             PET1 PIOc_freedecomp Enter - MemInfo: [malloc] Top-most, releasable space:                  8523024 Byte
20220313 004141.632 INFO             PET1 PIOc_freedecomp Enter - MemInfo: [malloc] Total space in use, mmap + non-mmap:        14912208 Byte
20220313 004141.632 INFO             PET1 PIOc_freedecomp Enter - MemInfo: [malloc] Total space held (mmap + non-mmap):         29579584 Byte
20220313 004141.632 INFO             PET1 PIOc_freedecomp Enter - MemInfo: [malloc] Total space used (mmap + non-mmap):         14920416 Byte
20220313 004141.632 INFO             PET1 PIOc_freedecomp Enter - MemInfo: Wall-clock time since execution start:               0.558832 seconds
20220313 004141.632 INFO             PET1 PIOc_freedecomp Exit - MemInfo: [/proc/meminfo - SSI]	MemTotal:       65855856 kB
20220313 004141.632 INFO             PET1 PIOc_freedecomp Exit - MemInfo: [/proc/meminfo - SSI]	MemFree:        61207952 kB
20220313 004141.632 INFO             PET1 PIOc_freedecomp Exit - MemInfo: [/proc/meminfo - SSI]	MemAvailable:   60987176 kB
20220313 004141.632 INFO             PET1 PIOc_freedecomp Exit - MemInfo: [/proc/meminfo - SSI]	Committed_AS:    2928596 kB
20220313 004141.632 INFO             PET1 PIOc_freedecomp Exit - MemInfo: [/proc/meminfo - SSI]	CommittedPercent: 4.44698 %
20220313 004141.632 INFO             PET1 PIOc_freedecomp Exit - MemInfo: [/proc/self/status]	VmPeak:	  130360 kB
20220313 004141.632 INFO             PET1 PIOc_freedecomp Exit - MemInfo: [/proc/self/status]	VmSize:	  130336 kB
20220313 004141.632 INFO             PET1 PIOc_freedecomp Exit - MemInfo: [/proc/self/status]	VmLck:	       0 kB
20220313 004141.632 INFO             PET1 PIOc_freedecomp Exit - MemInfo: [/proc/self/status]	VmPin:	       0 kB
20220313 004141.632 INFO             PET1 PIOc_freedecomp Exit - MemInfo: [/proc/self/status]	VmHWM:	   28084 kB
20220313 004141.632 INFO             PET1 PIOc_freedecomp Exit - MemInfo: [/proc/self/status]	VmRSS:	   28084 kB
20220313 004141.632 INFO             PET1 PIOc_freedecomp Exit - MemInfo: [/proc/self/status]	VmData:	   33140 kB
20220313 004141.632 INFO             PET1 PIOc_freedecomp Exit - MemInfo: [/proc/self/status]	VmStk:	     164 kB
20220313 004141.632 INFO             PET1 PIOc_freedecomp Exit - MemInfo: [/proc/self/status]	VmExe:	   40928 kB
20220313 004141.632 INFO             PET1 PIOc_freedecomp Exit - MemInfo: [/proc/self/status]	VmLib:	    1952 kB
20220313 004141.632 INFO             PET1 PIOc_freedecomp Exit - MemInfo: [/proc/self/status]	VmPTE:	     232 kB
20220313 004141.632 INFO             PET1 PIOc_freedecomp Exit - MemInfo: [/proc/self/status]	VmPMD:	      12 kB
20220313 004141.632 INFO             PET1 PIOc_freedecomp Exit - MemInfo: [/proc/self/status]	VmSwap:	       0 kB
20220313 004141.632 INFO             PET1 PIOc_freedecomp Exit - MemInfo: [/proc/self/status]	VmRSSPercent: 0.0426447 %
20220313 004141.632 INFO             PET1 PIOc_freedecomp Exit - MemInfo: [malloc] Non-mmapped space allocated:                26691904 Byte
20220313 004141.632 INFO             PET1 PIOc_freedecomp Exit - MemInfo: [malloc] Space allocated in mmapped regions:          2887680 Byte
20220313 004141.632 INFO             PET1 PIOc_freedecomp Exit - MemInfo: [malloc] Maximum total allocated space:                     0 Byte
20220313 004141.632 INFO             PET1 PIOc_freedecomp Exit - MemInfo: [malloc] Space in freed fastbin blocks:                   512 Byte
20220313 004141.632 INFO             PET1 PIOc_freedecomp Exit - MemInfo: [malloc] Total allocated space:                      12023184 Byte
20220313 004141.632 INFO             PET1 PIOc_freedecomp Exit - MemInfo: [malloc] Total free space:                           14668720 Byte
20220313 004141.632 INFO             PET1 PIOc_freedecomp Exit - MemInfo: [malloc] Top-most, releasable space:                  8523024 Byte
20220313 004141.632 INFO             PET1 PIOc_freedecomp Exit - MemInfo: [malloc] Total space in use, mmap + non-mmap:        14910864 Byte
20220313 004141.632 INFO             PET1 PIOc_freedecomp Exit - MemInfo: [malloc] Total space held (mmap + non-mmap):         29579584 Byte
20220313 004141.632 INFO             PET1 PIOc_freedecomp Exit - MemInfo: [malloc] Total space used (mmap + non-mmap):         14919072 Byte
20220313 004141.632 INFO             PET1 PIOc_freedecomp Exit - MemInfo: Wall-clock time since execution start:               0.559261 seconds
20220313 004141.634 INFO             PET1 PIOc_sync Enter - MemInfo: [/proc/meminfo - SSI]	MemTotal:       65855856 kB
20220313 004141.634 INFO             PET1 PIOc_sync Enter - MemInfo: [/proc/meminfo - SSI]	MemFree:        61207952 kB
20220313 004141.634 INFO             PET1 PIOc_sync Enter - MemInfo: [/proc/meminfo - SSI]	MemAvailable:   60987176 kB
20220313 004141.634 INFO             PET1 PIOc_sync Enter - MemInfo: [/proc/meminfo - SSI]	Committed_AS:    2928596 kB
20220313 004141.634 INFO             PET1 PIOc_sync Enter - MemInfo: [/proc/meminfo - SSI]	CommittedPercent: 4.44698 %
20220313 004141.634 INFO             PET1 PIOc_sync Enter - MemInfo: [/proc/self/status]	VmPeak:	  130360 kB
20220313 004141.634 INFO             PET1 PIOc_sync Enter - MemInfo: [/proc/self/status]	VmSize:	  130336 kB
20220313 004141.634 INFO             PET1 PIOc_sync Enter - MemInfo: [/proc/self/status]	VmLck:	       0 kB
20220313 004141.634 INFO             PET1 PIOc_sync Enter - MemInfo: [/proc/self/status]	VmPin:	       0 kB
20220313 004141.634 INFO             PET1 PIOc_sync Enter - MemInfo: [/proc/self/status]	VmHWM:	   28308 kB
20220313 004141.634 INFO             PET1 PIOc_sync Enter - MemInfo: [/proc/self/status]	VmRSS:	   28308 kB
20220313 004141.634 INFO             PET1 PIOc_sync Enter - MemInfo: [/proc/self/status]	VmData:	   33140 kB
20220313 004141.634 INFO             PET1 PIOc_sync Enter - MemInfo: [/proc/self/status]	VmStk:	     164 kB
20220313 004141.634 INFO             PET1 PIOc_sync Enter - MemInfo: [/proc/self/status]	VmExe:	   40928 kB
20220313 004141.634 INFO             PET1 PIOc_sync Enter - MemInfo: [/proc/self/status]	VmLib:	    1952 kB
20220313 004141.634 INFO             PET1 PIOc_sync Enter - MemInfo: [/proc/self/status]	VmPTE:	     232 kB
20220313 004141.634 INFO             PET1 PIOc_sync Enter - MemInfo: [/proc/self/status]	VmPMD:	      12 kB
20220313 004141.634 INFO             PET1 PIOc_sync Enter - MemInfo: [/proc/self/status]	VmSwap:	       0 kB
20220313 004141.634 INFO             PET1 PIOc_sync Enter - MemInfo: [/proc/self/status]	VmRSSPercent: 0.0429848 %
20220313 004141.634 INFO             PET1 PIOc_sync Enter - MemInfo: [malloc] Non-mmapped space allocated:                26691904 Byte
20220313 004141.634 INFO             PET1 PIOc_sync Enter - MemInfo: [malloc] Space allocated in mmapped regions:          2887680 Byte
20220313 004141.634 INFO             PET1 PIOc_sync Enter - MemInfo: [malloc] Maximum total allocated space:                     0 Byte
20220313 004141.634 INFO             PET1 PIOc_sync Enter - MemInfo: [malloc] Space in freed fastbin blocks:                    80 Byte
20220313 004141.634 INFO             PET1 PIOc_sync Enter - MemInfo: [malloc] Total allocated space:                      12025040 Byte
20220313 004141.634 INFO             PET1 PIOc_sync Enter - MemInfo: [malloc] Total free space:                           14666864 Byte
20220313 004141.634 INFO             PET1 PIOc_sync Enter - MemInfo: [malloc] Top-most, releasable space:                  8523024 Byte
20220313 004141.634 INFO             PET1 PIOc_sync Enter - MemInfo: [malloc] Total space in use, mmap + non-mmap:        14912720 Byte
20220313 004141.634 INFO             PET1 PIOc_sync Enter - MemInfo: [malloc] Total space held (mmap + non-mmap):         29579584 Byte
20220313 004141.634 INFO             PET1 PIOc_sync Enter - MemInfo: [malloc] Total space used (mmap + non-mmap):         14920928 Byte
20220313 004141.634 INFO             PET1 PIOc_sync Enter - MemInfo: Wall-clock time since execution start:               0.561023 seconds
20220313 004141.634 INFO             PET1 PIOc_sync Exit - MemInfo: [/proc/meminfo - SSI]	MemTotal:       65855856 kB
20220313 004141.634 INFO             PET1 PIOc_sync Exit - MemInfo: [/proc/meminfo - SSI]	MemFree:        61207952 kB
20220313 004141.634 INFO             PET1 PIOc_sync Exit - MemInfo: [/proc/meminfo - SSI]	MemAvailable:   60987176 kB
20220313 004141.634 INFO             PET1 PIOc_sync Exit - MemInfo: [/proc/meminfo - SSI]	Committed_AS:    2928596 kB
20220313 004141.634 INFO             PET1 PIOc_sync Exit - MemInfo: [/proc/meminfo - SSI]	CommittedPercent: 4.44698 %
20220313 004141.635 INFO             PET1 PIOc_sync Exit - MemInfo: [/proc/self/status]	VmPeak:	  130360 kB
20220313 004141.635 INFO             PET1 PIOc_sync Exit - MemInfo: [/proc/self/status]	VmSize:	  130336 kB
20220313 004141.635 INFO             PET1 PIOc_sync Exit - MemInfo: [/proc/self/status]	VmLck:	       0 kB
20220313 004141.635 INFO             PET1 PIOc_sync Exit - MemInfo: [/proc/self/status]	VmPin:	       0 kB
20220313 004141.635 INFO             PET1 PIOc_sync Exit - MemInfo: [/proc/self/status]	VmHWM:	   28308 kB
20220313 004141.635 INFO             PET1 PIOc_sync Exit - MemInfo: [/proc/self/status]	VmRSS:	   28308 kB
20220313 004141.635 INFO             PET1 PIOc_sync Exit - MemInfo: [/proc/self/status]	VmData:	   33140 kB
20220313 004141.635 INFO             PET1 PIOc_sync Exit - MemInfo: [/proc/self/status]	VmStk:	     164 kB
20220313 004141.635 INFO             PET1 PIOc_sync Exit - MemInfo: [/proc/self/status]	VmExe:	   40928 kB
20220313 004141.635 INFO             PET1 PIOc_sync Exit - MemInfo: [/proc/self/status]	VmLib:	    1952 kB
20220313 004141.635 INFO             PET1 PIOc_sync Exit - MemInfo: [/proc/self/status]	VmPTE:	     232 kB
20220313 004141.635 INFO             PET1 PIOc_sync Exit - MemInfo: [/proc/self/status]	VmPMD:	      12 kB
20220313 004141.635 INFO             PET1 PIOc_sync Exit - MemInfo: [/proc/self/status]	VmSwap:	       0 kB
20220313 004141.635 INFO             PET1 PIOc_sync Exit - MemInfo: [/proc/self/status]	VmRSSPercent: 0.0429848 %
20220313 004141.635 INFO             PET1 PIOc_sync Exit - MemInfo: [malloc] Non-mmapped space allocated:                26691904 Byte
20220313 004141.635 INFO             PET1 PIOc_sync Exit - MemInfo: [malloc] Space allocated in mmapped regions:          2887680 Byte
20220313 004141.635 INFO             PET1 PIOc_sync Exit - MemInfo: [malloc] Maximum total allocated space:                     0 Byte
20220313 004141.635 INFO             PET1 PIOc_sync Exit - MemInfo: [malloc] Space in freed fastbin blocks:                     0 Byte
20220313 004141.635 INFO             PET1 PIOc_sync Exit - MemInfo: [malloc] Total allocated space:                      12025120 Byte
20220313 004141.635 INFO             PET1 PIOc_sync Exit - MemInfo: [malloc] Total free space:                           14666784 Byte
20220313 004141.635 INFO             PET1 PIOc_sync Exit - MemInfo: [malloc] Top-most, releasable space:                  8523024 Byte
20220313 004141.635 INFO             PET1 PIOc_sync Exit - MemInfo: [malloc] Total space in use, mmap + non-mmap:        14912800 Byte
20220313 004141.635 INFO             PET1 PIOc_sync Exit - MemInfo: [malloc] Total space held (mmap + non-mmap):         29579584 Byte
20220313 004141.635 INFO             PET1 PIOc_sync Exit - MemInfo: [malloc] Total space used (mmap + non-mmap):         14921008 Byte
20220313 004141.635 INFO             PET1 PIOc_sync Exit - MemInfo: Wall-clock time since execution start:               0.561648 seconds
20220313 004141.636 INFO             PET1 PIOc_freedecomp Enter - MemInfo: [/proc/meminfo - SSI]	MemTotal:       65855856 kB
20220313 004141.636 INFO             PET1 PIOc_freedecomp Enter - MemInfo: [/proc/meminfo - SSI]	MemFree:        61207952 kB
20220313 004141.636 INFO             PET1 PIOc_freedecomp Enter - MemInfo: [/proc/meminfo - SSI]	MemAvailable:   60987176 kB
20220313 004141.636 INFO             PET1 PIOc_freedecomp Enter - MemInfo: [/proc/meminfo - SSI]	Committed_AS:    2928596 kB
20220313 004141.636 INFO             PET1 PIOc_freedecomp Enter - MemInfo: [/proc/meminfo - SSI]	CommittedPercent: 4.44698 %
20220313 004141.636 INFO             PET1 PIOc_freedecomp Enter - MemInfo: [/proc/self/status]	VmPeak:	  130360 kB
20220313 004141.636 INFO             PET1 PIOc_freedecomp Enter - MemInfo: [/proc/self/status]	VmSize:	  130336 kB
20220313 004141.636 INFO             PET1 PIOc_freedecomp Enter - MemInfo: [/proc/self/status]	VmLck:	       0 kB
20220313 004141.636 INFO             PET1 PIOc_freedecomp Enter - MemInfo: [/proc/self/status]	VmPin:	       0 kB
20220313 004141.636 INFO             PET1 PIOc_freedecomp Enter - MemInfo: [/proc/self/status]	VmHWM:	   28308 kB
20220313 004141.636 INFO             PET1 PIOc_freedecomp Enter - MemInfo: [/proc/self/status]	VmRSS:	   28308 kB
20220313 004141.636 INFO             PET1 PIOc_freedecomp Enter - MemInfo: [/proc/self/status]	VmData:	   33140 kB
20220313 004141.636 INFO             PET1 PIOc_freedecomp Enter - MemInfo: [/proc/self/status]	VmStk:	     164 kB
20220313 004141.636 INFO             PET1 PIOc_freedecomp Enter - MemInfo: [/proc/self/status]	VmExe:	   40928 kB
20220313 004141.636 INFO             PET1 PIOc_freedecomp Enter - MemInfo: [/proc/self/status]	VmLib:	    1952 kB
20220313 004141.636 INFO             PET1 PIOc_freedecomp Enter - MemInfo: [/proc/self/status]	VmPTE:	     232 kB
20220313 004141.636 INFO             PET1 PIOc_freedecomp Enter - MemInfo: [/proc/self/status]	VmPMD:	      12 kB
20220313 004141.636 INFO             PET1 PIOc_freedecomp Enter - MemInfo: [/proc/self/status]	VmSwap:	       0 kB
20220313 004141.636 INFO             PET1 PIOc_freedecomp Enter - MemInfo: [/proc/self/status]	VmRSSPercent: 0.0429848 %
20220313 004141.636 INFO             PET1 PIOc_freedecomp Enter - MemInfo: [malloc] Non-mmapped space allocated:                26691904 Byte
20220313 004141.636 INFO             PET1 PIOc_freedecomp Enter - MemInfo: [malloc] Space allocated in mmapped regions:          2887680 Byte
20220313 004141.636 INFO             PET1 PIOc_freedecomp Enter - MemInfo: [malloc] Maximum total allocated space:                     0 Byte
20220313 004141.636 INFO             PET1 PIOc_freedecomp Enter - MemInfo: [malloc] Space in freed fastbin blocks:                     0 Byte
20220313 004141.636 INFO             PET1 PIOc_freedecomp Enter - MemInfo: [malloc] Total allocated space:                      12024528 Byte
20220313 004141.636 INFO             PET1 PIOc_freedecomp Enter - MemInfo: [malloc] Total free space:                           14667376 Byte
20220313 004141.636 INFO             PET1 PIOc_freedecomp Enter - MemInfo: [malloc] Top-most, releasable space:                  8523024 Byte
20220313 004141.636 INFO             PET1 PIOc_freedecomp Enter - MemInfo: [malloc] Total space in use, mmap + non-mmap:        14912208 Byte
20220313 004141.636 INFO             PET1 PIOc_freedecomp Enter - MemInfo: [malloc] Total space held (mmap + non-mmap):         29579584 Byte
20220313 004141.636 INFO             PET1 PIOc_freedecomp Enter - MemInfo: [malloc] Total space used (mmap + non-mmap):         14920416 Byte
20220313 004141.636 INFO             PET1 PIOc_freedecomp Enter - MemInfo: Wall-clock time since execution start:               0.562903 seconds
20220313 004141.636 INFO             PET1 PIOc_freedecomp Exit - MemInfo: [/proc/meminfo - SSI]	MemTotal:       65855856 kB
20220313 004141.636 INFO             PET1 PIOc_freedecomp Exit - MemInfo: [/proc/meminfo - SSI]	MemFree:        61207952 kB
20220313 004141.636 INFO             PET1 PIOc_freedecomp Exit - MemInfo: [/proc/meminfo - SSI]	MemAvailable:   60987176 kB
20220313 004141.636 INFO             PET1 PIOc_freedecomp Exit - MemInfo: [/proc/meminfo - SSI]	Committed_AS:    2928596 kB
20220313 004141.636 INFO             PET1 PIOc_freedecomp Exit - MemInfo: [/proc/meminfo - SSI]	CommittedPercent: 4.44698 %
20220313 004141.636 INFO             PET1 PIOc_freedecomp Exit - MemInfo: [/proc/self/status]	VmPeak:	  130360 kB
20220313 004141.636 INFO             PET1 PIOc_freedecomp Exit - MemInfo: [/proc/self/status]	VmSize:	  130336 kB
20220313 004141.636 INFO             PET1 PIOc_freedecomp Exit - MemInfo: [/proc/self/status]	VmLck:	       0 kB
20220313 004141.636 INFO             PET1 PIOc_freedecomp Exit - MemInfo: [/proc/self/status]	VmPin:	       0 kB
20220313 004141.636 INFO             PET1 PIOc_freedecomp Exit - MemInfo: [/proc/self/status]	VmHWM:	   28308 kB
20220313 004141.636 INFO             PET1 PIOc_freedecomp Exit - MemInfo: [/proc/self/status]	VmRSS:	   28308 kB
20220313 004141.636 INFO             PET1 PIOc_freedecomp Exit - MemInfo: [/proc/self/status]	VmData:	   33140 kB
20220313 004141.636 INFO             PET1 PIOc_freedecomp Exit - MemInfo: [/proc/self/status]	VmStk:	     164 kB
20220313 004141.636 INFO             PET1 PIOc_freedecomp Exit - MemInfo: [/proc/self/status]	VmExe:	   40928 kB
20220313 004141.636 INFO             PET1 PIOc_freedecomp Exit - MemInfo: [/proc/self/status]	VmLib:	    1952 kB
20220313 004141.636 INFO             PET1 PIOc_freedecomp Exit - MemInfo: [/proc/self/status]	VmPTE:	     232 kB
20220313 004141.636 INFO             PET1 PIOc_freedecomp Exit - MemInfo: [/proc/self/status]	VmPMD:	      12 kB
20220313 004141.636 INFO             PET1 PIOc_freedecomp Exit - MemInfo: [/proc/self/status]	VmSwap:	       0 kB
20220313 004141.636 INFO             PET1 PIOc_freedecomp Exit - MemInfo: [/proc/self/status]	VmRSSPercent: 0.0429848 %
20220313 004141.636 INFO             PET1 PIOc_freedecomp Exit - MemInfo: [malloc] Non-mmapped space allocated:                26691904 Byte
20220313 004141.636 INFO             PET1 PIOc_freedecomp Exit - MemInfo: [malloc] Space allocated in mmapped regions:          2887680 Byte
20220313 004141.636 INFO             PET1 PIOc_freedecomp Exit - MemInfo: [malloc] Maximum total allocated space:                     0 Byte
20220313 004141.636 INFO             PET1 PIOc_freedecomp Exit - MemInfo: [malloc] Space in freed fastbin blocks:                   512 Byte
20220313 004141.636 INFO             PET1 PIOc_freedecomp Exit - MemInfo: [malloc] Total allocated space:                      12023184 Byte
20220313 004141.636 INFO             PET1 PIOc_freedecomp Exit - MemInfo: [malloc] Total free space:                           14668720 Byte
20220313 004141.637 INFO             PET1 PIOc_freedecomp Exit - MemInfo: [malloc] Top-most, releasable space:                  8523024 Byte
20220313 004141.637 INFO             PET1 PIOc_freedecomp Exit - MemInfo: [malloc] Total space in use, mmap + non-mmap:        14910864 Byte
20220313 004141.637 INFO             PET1 PIOc_freedecomp Exit - MemInfo: [malloc] Total space held (mmap + non-mmap):         29579584 Byte
20220313 004141.637 INFO             PET1 PIOc_freedecomp Exit - MemInfo: [malloc] Total space used (mmap + non-mmap):         14919072 Byte
20220313 004141.637 INFO             PET1 PIOc_freedecomp Exit - MemInfo: Wall-clock time since execution start:               0.563333 seconds
20220313 004141.640 INFO             PET1  PASS  ESMF_FieldRegridStoreFromFile Unit Test, ESMF_FieldSMMFromFileUTest.F90, line 315
20220313 004141.640 INFO             PET1  Ending Test, file ESMF_FieldSMMFromFileUTest.F90, line 322
20220313 004141.640 INFO             PET1 Finalizing ESMF
20220313 004141.083 INFO             PET2 !!!!!!!!!!!!!!!!!!!!!!!!!!!!!!!!!!!!!!!!!!!!!!!!!!!!!!
20220313 004141.083 INFO             PET2 !!! THE ESMF_LOG IS SET TO OUTPUT ALL LOG MESSAGES !!!
20220313 004141.083 INFO             PET2 !!!     THIS MAY CAUSE SLOWDOWN IN PERFORMANCE     !!!
20220313 004141.083 INFO             PET2 !!! FOR PRODUCTION RUNS, USE:                      !!!
20220313 004141.083 INFO             PET2 !!!                   ESMF_LOGKIND_Multi_On_Error  !!!
20220313 004141.083 INFO             PET2 !!!!!!!!!!!!!!!!!!!!!!!!!!!!!!!!!!!!!!!!!!!!!!!!!!!!!!
20220313 004141.083 INFO             PET2 Running with ESMF Version   : v8.3.0b09-96-g559b459836
20220313 004141.083 INFO             PET2 ESMF library build date/time: "Mar 12 2022" "23:46:28"
20220313 004141.083 INFO             PET2 ESMF library build location : /lustre/f2/dev/ncep/Mark.Potts/gfortran_8.3.0_mpi_g_jedwards_pio_update2
20220313 004141.083 INFO             PET2 ESMF_COMM                   : mpi
20220313 004141.084 INFO             PET2 ESMF_MOAB                   : enabled
20220313 004141.084 INFO             PET2 ESMF_LAPACK                 : enabled
20220313 004141.084 INFO             PET2 ESMF_NETCDF                 : enabled
20220313 004141.084 INFO             PET2 ESMF_PNETCDF                : disabled
20220313 004141.084 INFO             PET2 ESMF_PIO                    : enabled
20220313 004141.084 INFO             PET2 ESMF_YAMLCPP                : enabled
20220313 004141.095 INFO             PET2  Beginning Test, file ESMF_FieldSMMFromFileUTest.F90, line 287
20220313 004141.095 INFO             PET2  NUMBER_OF_PROCESSORS           4
20220313 004141.537 INFO             PET2  PASS  ESMF_FieldSMMFromFile Unit Test, ESMF_FieldSMMFromFileUTest.F90, line 300
20220313 004141.627 INFO             PET2 PIOc_sync Enter - MemInfo: [/proc/meminfo - SSI]	MemTotal:       65855856 kB
20220313 004141.627 INFO             PET2 PIOc_sync Enter - MemInfo: [/proc/meminfo - SSI]	MemFree:        61207952 kB
20220313 004141.627 INFO             PET2 PIOc_sync Enter - MemInfo: [/proc/meminfo - SSI]	MemAvailable:   60987176 kB
20220313 004141.627 INFO             PET2 PIOc_sync Enter - MemInfo: [/proc/meminfo - SSI]	Committed_AS:    2928596 kB
20220313 004141.627 INFO             PET2 PIOc_sync Enter - MemInfo: [/proc/meminfo - SSI]	CommittedPercent: 4.44698 %
20220313 004141.627 INFO             PET2 PIOc_sync Enter - MemInfo: [/proc/self/status]	VmPeak:	  136504 kB
20220313 004141.627 INFO             PET2 PIOc_sync Enter - MemInfo: [/proc/self/status]	VmSize:	  136480 kB
20220313 004141.627 INFO             PET2 PIOc_sync Enter - MemInfo: [/proc/self/status]	VmLck:	       0 kB
20220313 004141.627 INFO             PET2 PIOc_sync Enter - MemInfo: [/proc/self/status]	VmPin:	       0 kB
20220313 004141.627 INFO             PET2 PIOc_sync Enter - MemInfo: [/proc/self/status]	VmHWM:	   29096 kB
20220313 004141.627 INFO             PET2 PIOc_sync Enter - MemInfo: [/proc/self/status]	VmRSS:	   29096 kB
20220313 004141.627 INFO             PET2 PIOc_sync Enter - MemInfo: [/proc/self/status]	VmData:	   33140 kB
20220313 004141.627 INFO             PET2 PIOc_sync Enter - MemInfo: [/proc/self/status]	VmStk:	     164 kB
20220313 004141.627 INFO             PET2 PIOc_sync Enter - MemInfo: [/proc/self/status]	VmExe:	   40928 kB
20220313 004141.627 INFO             PET2 PIOc_sync Enter - MemInfo: [/proc/self/status]	VmLib:	    1952 kB
20220313 004141.627 INFO             PET2 PIOc_sync Enter - MemInfo: [/proc/self/status]	VmPTE:	     228 kB
20220313 004141.627 INFO             PET2 PIOc_sync Enter - MemInfo: [/proc/self/status]	VmPMD:	      12 kB
20220313 004141.627 INFO             PET2 PIOc_sync Enter - MemInfo: [/proc/self/status]	VmSwap:	       0 kB
20220313 004141.627 INFO             PET2 PIOc_sync Enter - MemInfo: [/proc/self/status]	VmRSSPercent: 0.0441813 %
20220313 004141.627 INFO             PET2 PIOc_sync Enter - MemInfo: [malloc] Non-mmapped space allocated:                26691904 Byte
20220313 004141.627 INFO             PET2 PIOc_sync Enter - MemInfo: [malloc] Space allocated in mmapped regions:          2887680 Byte
20220313 004141.627 INFO             PET2 PIOc_sync Enter - MemInfo: [malloc] Maximum total allocated space:                     0 Byte
20220313 004141.627 INFO             PET2 PIOc_sync Enter - MemInfo: [malloc] Space in freed fastbin blocks:                    80 Byte
20220313 004141.627 INFO             PET2 PIOc_sync Enter - MemInfo: [malloc] Total allocated space:                      12017184 Byte
20220313 004141.628 INFO             PET2 PIOc_sync Enter - MemInfo: [malloc] Total free space:                           14674720 Byte
20220313 004141.628 INFO             PET2 PIOc_sync Enter - MemInfo: [malloc] Top-most, releasable space:                  8523024 Byte
20220313 004141.628 INFO             PET2 PIOc_sync Enter - MemInfo: [malloc] Total space in use, mmap + non-mmap:        14904864 Byte
20220313 004141.628 INFO             PET2 PIOc_sync Enter - MemInfo: [malloc] Total space held (mmap + non-mmap):         29579584 Byte
20220313 004141.628 INFO             PET2 PIOc_sync Enter - MemInfo: [malloc] Total space used (mmap + non-mmap):         14914560 Byte
20220313 004141.628 INFO             PET2 PIOc_sync Enter - MemInfo: Wall-clock time since execution start:               0.554304 seconds
20220313 004141.628 INFO             PET2 PIOc_sync Exit - MemInfo: [/proc/meminfo - SSI]	MemTotal:       65855856 kB
20220313 004141.628 INFO             PET2 PIOc_sync Exit - MemInfo: [/proc/meminfo - SSI]	MemFree:        61207952 kB
20220313 004141.628 INFO             PET2 PIOc_sync Exit - MemInfo: [/proc/meminfo - SSI]	MemAvailable:   60987176 kB
20220313 004141.628 INFO             PET2 PIOc_sync Exit - MemInfo: [/proc/meminfo - SSI]	Committed_AS:    2928596 kB
20220313 004141.628 INFO             PET2 PIOc_sync Exit - MemInfo: [/proc/meminfo - SSI]	CommittedPercent: 4.44698 %
20220313 004141.628 INFO             PET2 PIOc_sync Exit - MemInfo: [/proc/self/status]	VmPeak:	  136504 kB
20220313 004141.628 INFO             PET2 PIOc_sync Exit - MemInfo: [/proc/self/status]	VmSize:	  136480 kB
20220313 004141.628 INFO             PET2 PIOc_sync Exit - MemInfo: [/proc/self/status]	VmLck:	       0 kB
20220313 004141.628 INFO             PET2 PIOc_sync Exit - MemInfo: [/proc/self/status]	VmPin:	       0 kB
20220313 004141.628 INFO             PET2 PIOc_sync Exit - MemInfo: [/proc/self/status]	VmHWM:	   29096 kB
20220313 004141.628 INFO             PET2 PIOc_sync Exit - MemInfo: [/proc/self/status]	VmRSS:	   29096 kB
20220313 004141.628 INFO             PET2 PIOc_sync Exit - MemInfo: [/proc/self/status]	VmData:	   33140 kB
20220313 004141.628 INFO             PET2 PIOc_sync Exit - MemInfo: [/proc/self/status]	VmStk:	     164 kB
20220313 004141.628 INFO             PET2 PIOc_sync Exit - MemInfo: [/proc/self/status]	VmExe:	   40928 kB
20220313 004141.628 INFO             PET2 PIOc_sync Exit - MemInfo: [/proc/self/status]	VmLib:	    1952 kB
20220313 004141.628 INFO             PET2 PIOc_sync Exit - MemInfo: [/proc/self/status]	VmPTE:	     228 kB
