build time -- 2022-03-11 23:43:27
20220312 003118.134 INFO             PET0 !!!!!!!!!!!!!!!!!!!!!!!!!!!!!!!!!!!!!!!!!!!!!!!!!!!!!!
20220312 003118.134 INFO             PET0 !!! THE ESMF_LOG IS SET TO OUTPUT ALL LOG MESSAGES !!!
20220312 003118.134 INFO             PET0 !!!     THIS MAY CAUSE SLOWDOWN IN PERFORMANCE     !!!
20220312 003118.134 INFO             PET0 !!! FOR PRODUCTION RUNS, USE:                      !!!
20220312 003118.134 INFO             PET0 !!!                   ESMF_LOGKIND_Multi_On_Error  !!!
20220312 003118.134 INFO             PET0 !!!!!!!!!!!!!!!!!!!!!!!!!!!!!!!!!!!!!!!!!!!!!!!!!!!!!!
20220312 003118.134 INFO             PET0 Running with ESMF Version   : v8.3.0b09-96-g559b459836
20220312 003118.134 INFO             PET0 ESMF library build date/time: "Mar 11 2022" "23:41:41"
20220312 003118.134 INFO             PET0 ESMF library build location : /lustre/f2/dev/ncep/Mark.Potts/gfortran_8.3.0_mpi_g_jedwards_pio_update2
20220312 003118.134 INFO             PET0 ESMF_COMM                   : mpi
20220312 003118.134 INFO             PET0 ESMF_MOAB                   : enabled
20220312 003118.134 INFO             PET0 ESMF_LAPACK                 : enabled
20220312 003118.134 INFO             PET0 ESMF_NETCDF                 : enabled
20220312 003118.134 INFO             PET0 ESMF_PNETCDF                : disabled
20220312 003118.134 INFO             PET0 ESMF_PIO                    : enabled
20220312 003118.134 INFO             PET0 ESMF_YAMLCPP                : enabled
20220312 003118.138 INFO             PET0  Beginning Test, file ESMF_ArrayIOUTest.F90, line 103
20220312 003118.138 INFO             PET0  NUMBER_OF_PROCESSORS           6
20220312 003118.138 INFO             PET0  PASS  dstDistgrid Create Test, ESMF_ArrayIOUTest.F90, line 137
20220312 003118.138 INFO             PET0  PASS  Array Spec Set Test, ESMF_ArrayIOUTest.F90, line 145
20220312 003118.139 INFO             PET0  PASS  Array with Halo Create Test, ESMF_ArrayIOUTest.F90, line 160
20220312 003118.139 INFO             PET0  PASS  Array without Halo Create Test, ESMF_ArrayIOUTest.F90, line 170
20220312 003118.139 INFO             PET0  PASS  Accessing Fortran pointers for Arrays Test, ESMF_ArrayIOUTest.F90, line 225
20220312 003118.152 INFO             PET0 PIOc_sync Enter - MemInfo: [/proc/meminfo - SSI]	MemTotal:       65855856 kB
20220312 003118.152 INFO             PET0 PIOc_sync Enter - MemInfo: [/proc/meminfo - SSI]	MemFree:        61296520 kB
20220312 003118.152 INFO             PET0 PIOc_sync Enter - MemInfo: [/proc/meminfo - SSI]	MemAvailable:   61076424 kB
20220312 003118.152 INFO             PET0 PIOc_sync Enter - MemInfo: [/proc/meminfo - SSI]	Committed_AS:    2829288 kB
20220312 003118.152 INFO             PET0 PIOc_sync Enter - MemInfo: [/proc/meminfo - SSI]	CommittedPercent: 4.29618 %
20220312 003118.152 INFO             PET0 PIOc_sync Enter - MemInfo: [/proc/self/status]	VmPeak:	   93740 kB
20220312 003118.152 INFO             PET0 PIOc_sync Enter - MemInfo: [/proc/self/status]	VmSize:	   93740 kB
20220312 003118.152 INFO             PET0 PIOc_sync Enter - MemInfo: [/proc/self/status]	VmLck:	       0 kB
20220312 003118.152 INFO             PET0 PIOc_sync Enter - MemInfo: [/proc/self/status]	VmPin:	       0 kB
20220312 003118.152 INFO             PET0 PIOc_sync Enter - MemInfo: [/proc/self/status]	VmHWM:	   18316 kB
20220312 003118.152 INFO             PET0 PIOc_sync Enter - MemInfo: [/proc/self/status]	VmRSS:	   18316 kB
20220312 003118.152 INFO             PET0 PIOc_sync Enter - MemInfo: [/proc/self/status]	VmData:	   17888 kB
20220312 003118.152 INFO             PET0 PIOc_sync Enter - MemInfo: [/proc/self/status]	VmStk:	     164 kB
20220312 003118.152 INFO             PET0 PIOc_sync Enter - MemInfo: [/proc/self/status]	VmExe:	   40852 kB
20220312 003118.153 INFO             PET0 PIOc_sync Enter - MemInfo: [/proc/self/status]	VmLib:	    1952 kB
20220312 003118.153 INFO             PET0 PIOc_sync Enter - MemInfo: [/proc/self/status]	VmPTE:	     152 kB
20220312 003118.153 INFO             PET0 PIOc_sync Enter - MemInfo: [/proc/self/status]	VmPMD:	      12 kB
20220312 003118.153 INFO             PET0 PIOc_sync Enter - MemInfo: [/proc/self/status]	VmSwap:	       0 kB
20220312 003118.153 INFO             PET0 PIOc_sync Enter - MemInfo: [/proc/self/status]	VmRSSPercent: 0.0278123 %
20220312 003118.153 INFO             PET0 PIOc_sync Enter - MemInfo: [malloc] Non-mmapped space allocated:                 1173824 Byte
20220312 003118.153 INFO             PET0 PIOc_sync Enter - MemInfo: [malloc] Space allocated in mmapped regions:         12787712 Byte
20220312 003118.153 INFO             PET0 PIOc_sync Enter - MemInfo: [malloc] Maximum total allocated space:                     0 Byte
20220312 003118.153 INFO             PET0 PIOc_sync Enter - MemInfo: [malloc] Space in freed fastbin blocks:                     0 Byte
20220312 003118.153 INFO             PET0 PIOc_sync Enter - MemInfo: [malloc] Total allocated space:                       1013968 Byte
20220312 003118.153 INFO             PET0 PIOc_sync Enter - MemInfo: [malloc] Total free space:                             159856 Byte
20220312 003118.153 INFO             PET0 PIOc_sync Enter - MemInfo: [malloc] Top-most, releasable space:                   134576 Byte
20220312 003118.153 INFO             PET0 PIOc_sync Enter - MemInfo: [malloc] Total space in use, mmap + non-mmap:        13801680 Byte
20220312 003118.153 INFO             PET0 PIOc_sync Enter - MemInfo: [malloc] Total space held (mmap + non-mmap):         13961536 Byte
20220312 003118.153 INFO             PET0 PIOc_sync Enter - MemInfo: [malloc] Total space used (mmap + non-mmap):         13811744 Byte
20220312 003118.153 INFO             PET0 PIOc_sync Enter - MemInfo: Wall-clock time since execution start:              0.0380771 seconds
20220312 003118.153 INFO             PET0 PIOc_sync Exit - MemInfo: [/proc/meminfo - SSI]	MemTotal:       65855856 kB
20220312 003118.153 INFO             PET0 PIOc_sync Exit - MemInfo: [/proc/meminfo - SSI]	MemFree:        61296016 kB
20220312 003118.153 INFO             PET0 PIOc_sync Exit - MemInfo: [/proc/meminfo - SSI]	MemAvailable:   61075920 kB
20220312 003118.153 INFO             PET0 PIOc_sync Exit - MemInfo: [/proc/meminfo - SSI]	Committed_AS:    2829288 kB
20220312 003118.153 INFO             PET0 PIOc_sync Exit - MemInfo: [/proc/meminfo - SSI]	CommittedPercent: 4.29618 %
20220312 003118.153 INFO             PET0 PIOc_sync Exit - MemInfo: [/proc/self/status]	VmPeak:	   94064 kB
20220312 003118.153 INFO             PET0 PIOc_sync Exit - MemInfo: [/proc/self/status]	VmSize:	   94064 kB
20220312 003118.153 INFO             PET0 PIOc_sync Exit - MemInfo: [/proc/self/status]	VmLck:	       0 kB
20220312 003118.153 INFO             PET0 PIOc_sync Exit - MemInfo: [/proc/self/status]	VmPin:	       0 kB
20220312 003118.153 INFO             PET0 PIOc_sync Exit - MemInfo: [/proc/self/status]	VmHWM:	   18820 kB
20220312 003118.153 INFO             PET0 PIOc_sync Exit - MemInfo: [/proc/self/status]	VmRSS:	   18820 kB
20220312 003118.153 INFO             PET0 PIOc_sync Exit - MemInfo: [/proc/self/status]	VmData:	   18212 kB
20220312 003118.153 INFO             PET0 PIOc_sync Exit - MemInfo: [/proc/self/status]	VmStk:	     164 kB
20220312 003118.153 INFO             PET0 PIOc_sync Exit - MemInfo: [/proc/self/status]	VmExe:	   40852 kB
20220312 003118.153 INFO             PET0 PIOc_sync Exit - MemInfo: [/proc/self/status]	VmLib:	    1952 kB
20220312 003118.153 INFO             PET0 PIOc_sync Exit - MemInfo: [/proc/self/status]	VmPTE:	     172 kB
20220312 003118.153 INFO             PET0 PIOc_sync Exit - MemInfo: [/proc/self/status]	VmPMD:	      12 kB
20220312 003118.153 INFO             PET0 PIOc_sync Exit - MemInfo: [/proc/self/status]	VmSwap:	       0 kB
20220312 003118.153 INFO             PET0 PIOc_sync Exit - MemInfo: [/proc/self/status]	VmRSSPercent: 0.0285776 %
20220312 003118.153 INFO             PET0 PIOc_sync Exit - MemInfo: [malloc] Non-mmapped space allocated:                 1173824 Byte
20220312 003118.153 INFO             PET0 PIOc_sync Exit - MemInfo: [malloc] Space allocated in mmapped regions:         13119488 Byte
20220312 003118.153 INFO             PET0 PIOc_sync Exit - MemInfo: [malloc] Maximum total allocated space:                     0 Byte
20220312 003118.154 INFO             PET0 PIOc_sync Exit - MemInfo: [malloc] Space in freed fastbin blocks:                     0 Byte
20220312 003118.154 INFO             PET0 PIOc_sync Exit - MemInfo: [malloc] Total allocated space:                       1088160 Byte
20220312 003118.154 INFO             PET0 PIOc_sync Exit - MemInfo: [malloc] Total free space:                              85664 Byte
20220312 003118.154 INFO             PET0 PIOc_sync Exit - MemInfo: [malloc] Top-most, releasable space:                    69024 Byte
20220312 003118.154 INFO             PET0 PIOc_sync Exit - MemInfo: [malloc] Total space in use, mmap + non-mmap:        14207648 Byte
20220312 003118.154 INFO             PET0 PIOc_sync Exit - MemInfo: [malloc] Total space held (mmap + non-mmap):         14293312 Byte
20220312 003118.154 INFO             PET0 PIOc_sync Exit - MemInfo: [malloc] Total space used (mmap + non-mmap):         14216592 Byte
20220312 003118.154 INFO             PET0 PIOc_sync Exit - MemInfo: Wall-clock time since execution start:              0.0388861 seconds
20220312 003118.154 INFO             PET0 PIOc_freedecomp Enter - MemInfo: [/proc/meminfo - SSI]	MemTotal:       65855856 kB
20220312 003118.154 INFO             PET0 PIOc_freedecomp Enter - MemInfo: [/proc/meminfo - SSI]	MemFree:        61302568 kB
20220312 003118.154 INFO             PET0 PIOc_freedecomp Enter - MemInfo: [/proc/meminfo - SSI]	MemAvailable:   61082472 kB
20220312 003118.154 INFO             PET0 PIOc_freedecomp Enter - MemInfo: [/proc/meminfo - SSI]	Committed_AS:    2822560 kB
20220312 003118.154 INFO             PET0 PIOc_freedecomp Enter - MemInfo: [/proc/meminfo - SSI]	CommittedPercent: 4.28597 %
20220312 003118.154 INFO             PET0 PIOc_freedecomp Enter - MemInfo: [/proc/self/status]	VmPeak:	   94064 kB
20220312 003118.154 INFO             PET0 PIOc_freedecomp Enter - MemInfo: [/proc/self/status]	VmSize:	   85352 kB
20220312 003118.154 INFO             PET0 PIOc_freedecomp Enter - MemInfo: [/proc/self/status]	VmLck:	       0 kB
20220312 003118.154 INFO             PET0 PIOc_freedecomp Enter - MemInfo: [/proc/self/status]	VmPin:	       0 kB
20220312 003118.154 INFO             PET0 PIOc_freedecomp Enter - MemInfo: [/proc/self/status]	VmHWM:	   18820 kB
20220312 003118.154 INFO             PET0 PIOc_freedecomp Enter - MemInfo: [/proc/self/status]	VmRSS:	   10732 kB
20220312 003118.154 INFO             PET0 PIOc_freedecomp Enter - MemInfo: [/proc/self/status]	VmData:	    9500 kB
20220312 003118.154 INFO             PET0 PIOc_freedecomp Enter - MemInfo: [/proc/self/status]	VmStk:	     164 kB
20220312 003118.154 INFO             PET0 PIOc_freedecomp Enter - MemInfo: [/proc/self/status]	VmExe:	   40852 kB
20220312 003118.154 INFO             PET0 PIOc_freedecomp Enter - MemInfo: [/proc/self/status]	VmLib:	    1952 kB
20220312 003118.154 INFO             PET0 PIOc_freedecomp Enter - MemInfo: [/proc/self/status]	VmPTE:	     156 kB
20220312 003118.154 INFO             PET0 PIOc_freedecomp Enter - MemInfo: [/proc/self/status]	VmPMD:	      12 kB
20220312 003118.154 INFO             PET0 PIOc_freedecomp Enter - MemInfo: [/proc/self/status]	VmSwap:	       0 kB
20220312 003118.154 INFO             PET0 PIOc_freedecomp Enter - MemInfo: [/proc/self/status]	VmRSSPercent: 0.0162962 %
20220312 003118.154 INFO             PET0 PIOc_freedecomp Enter - MemInfo: [malloc] Non-mmapped space allocated:                 1173824 Byte
20220312 003118.154 INFO             PET0 PIOc_freedecomp Enter - MemInfo: [malloc] Space allocated in mmapped regions:          4198400 Byte
20220312 003118.154 INFO             PET0 PIOc_freedecomp Enter - MemInfo: [malloc] Maximum total allocated space:                     0 Byte
20220312 003118.154 INFO             PET0 PIOc_freedecomp Enter - MemInfo: [malloc] Space in freed fastbin blocks:                   688 Byte
20220312 003118.154 INFO             PET0 PIOc_freedecomp Enter - MemInfo: [malloc] Total allocated space:                       1077936 Byte
20220312 003118.154 INFO             PET0 PIOc_freedecomp Enter - MemInfo: [malloc] Total free space:                              95888 Byte
20220312 003118.154 INFO             PET0 PIOc_freedecomp Enter - MemInfo: [malloc] Top-most, releasable space:                    69024 Byte
20220312 003118.154 INFO             PET0 PIOc_freedecomp Enter - MemInfo: [malloc] Total space in use, mmap + non-mmap:         5276336 Byte
20220312 003118.154 INFO             PET0 PIOc_freedecomp Enter - MemInfo: [malloc] Total space held (mmap + non-mmap):          5372224 Byte
20220312 003118.154 INFO             PET0 PIOc_freedecomp Enter - MemInfo: [malloc] Total space used (mmap + non-mmap):          5284768 Byte
20220312 003118.154 INFO             PET0 PIOc_freedecomp Enter - MemInfo: Wall-clock time since execution start:              0.0397482 seconds
20220312 003118.154 INFO             PET0 PIOc_freedecomp Exit - MemInfo: [/proc/meminfo - SSI]	MemTotal:       65855856 kB
20220312 003118.155 INFO             PET0 PIOc_freedecomp Exit - MemInfo: [/proc/meminfo - SSI]	MemFree:        61302064 kB
20220312 003118.155 INFO             PET0 PIOc_freedecomp Exit - MemInfo: [/proc/meminfo - SSI]	MemAvailable:   61081968 kB
20220312 003118.155 INFO             PET0 PIOc_freedecomp Exit - MemInfo: [/proc/meminfo - SSI]	Committed_AS:    2822560 kB
20220312 003118.155 INFO             PET0 PIOc_freedecomp Exit - MemInfo: [/proc/meminfo - SSI]	CommittedPercent: 4.28597 %
20220312 003118.155 INFO             PET0 PIOc_freedecomp Exit - MemInfo: [/proc/self/status]	VmPeak:	   94064 kB
20220312 003118.155 INFO             PET0 PIOc_freedecomp Exit - MemInfo: [/proc/self/status]	VmSize:	   85352 kB
20220312 003118.155 INFO             PET0 PIOc_freedecomp Exit - MemInfo: [/proc/self/status]	VmLck:	       0 kB
20220312 003118.155 INFO             PET0 PIOc_freedecomp Exit - MemInfo: [/proc/self/status]	VmPin:	       0 kB
20220312 003118.155 INFO             PET0 PIOc_freedecomp Exit - MemInfo: [/proc/self/status]	VmHWM:	   18820 kB
20220312 003118.155 INFO             PET0 PIOc_freedecomp Exit - MemInfo: [/proc/self/status]	VmRSS:	   10732 kB
20220312 003118.155 INFO             PET0 PIOc_freedecomp Exit - MemInfo: [/proc/self/status]	VmData:	    9500 kB
20220312 003118.155 INFO             PET0 PIOc_freedecomp Exit - MemInfo: [/proc/self/status]	VmStk:	     164 kB
20220312 003118.155 INFO             PET0 PIOc_freedecomp Exit - MemInfo: [/proc/self/status]	VmExe:	   40852 kB
20220312 003118.155 INFO             PET0 PIOc_freedecomp Exit - MemInfo: [/proc/self/status]	VmLib:	    1952 kB
20220312 003118.155 INFO             PET0 PIOc_freedecomp Exit - MemInfo: [/proc/self/status]	VmPTE:	     156 kB
20220312 003118.155 INFO             PET0 PIOc_freedecomp Exit - MemInfo: [/proc/self/status]	VmPMD:	      12 kB
20220312 003118.155 INFO             PET0 PIOc_freedecomp Exit - MemInfo: [/proc/self/status]	VmSwap:	       0 kB
20220312 003118.155 INFO             PET0 PIOc_freedecomp Exit - MemInfo: [/proc/self/status]	VmRSSPercent: 0.0162962 %
20220312 003118.155 INFO             PET0 PIOc_freedecomp Exit - MemInfo: [malloc] Non-mmapped space allocated:                 1173824 Byte
20220312 003118.155 INFO             PET0 PIOc_freedecomp Exit - MemInfo: [malloc] Space allocated in mmapped regions:          4198400 Byte
20220312 003118.155 INFO             PET0 PIOc_freedecomp Exit - MemInfo: [malloc] Maximum total allocated space:                     0 Byte
20220312 003118.155 INFO             PET0 PIOc_freedecomp Exit - MemInfo: [malloc] Space in freed fastbin blocks:                   464 Byte
20220312 003118.155 INFO             PET0 PIOc_freedecomp Exit - MemInfo: [malloc] Total allocated space:                       1064656 Byte
20220312 003118.155 INFO             PET0 PIOc_freedecomp Exit - MemInfo: [malloc] Total free space:                             109168 Byte
20220312 003118.155 INFO             PET0 PIOc_freedecomp Exit - MemInfo: [malloc] Top-most, releasable space:                    69024 Byte
20220312 003118.155 INFO             PET0 PIOc_freedecomp Exit - MemInfo: [malloc] Total space in use, mmap + non-mmap:         5263056 Byte
20220312 003118.155 INFO             PET0 PIOc_freedecomp Exit - MemInfo: [malloc] Total space held (mmap + non-mmap):          5372224 Byte
20220312 003118.155 INFO             PET0 PIOc_freedecomp Exit - MemInfo: [malloc] Total space used (mmap + non-mmap):          5271856 Byte
20220312 003118.155 INFO             PET0 PIOc_freedecomp Exit - MemInfo: Wall-clock time since execution start:              0.0401421 seconds
20220312 003118.155 INFO             PET0  PASS  Write ESMF_Array with Halo to NetCDF Test, ESMF_ArrayIOUTest.F90, line 236
20220312 003118.156 WARNING          PET0 ESMCI_PIO_Handler.C:1319 ESMCI::PIO_Handler::open()  Unable to create file: file3D_withhalo.nc, (PIO/NetCDF error = NetCDF: File exists && NC_NOCLOBBER)
20220312 003118.156 ERROR            PET0 ESMCI_PIO_Handler.C:779 ESMCI::PIO_Handler::arrayWrite() Unable to read from file  - file not open
20220312 003118.156 ERROR            PET0 ESMCI_IO.C:736 ESMCI::IO::write() Unable to read from file  - Internal subroutine call returned Error
20220312 003118.156 ERROR            PET0 ESMCI_IO.C:956 ESMCI::IO::close() Unable to close file  - Internal subroutine call returned Error
20220312 003118.156 ERROR            PET0 ESMCI_IO.C:494 ESMCI::IO::write() Unable to read from file  - Internal subroutine call returned Error
20220312 003118.156 ERROR            PET0 ESMCI_Array.C:4093 ESMCI::Array::write() Unable to write to file  - Internal subroutine call returned Error
20220312 003118.156 ERROR            PET0 ESMCI_Array_F.C:801 c_esmc_arraywrite() Unable to write to file  - Internal subroutine call returned Error
20220312 003118.156 ERROR            PET0 ESMF_Array.F90:3994 ESMF_ArrayWrite Unable to write to file  - Internal subroutine call returned Error
20220312 003118.156 INFO             PET0  PASS  Write ESMF_Array with Halo Test overwrite test, ESMF_ArrayIOUTest.F90, line 250
20220312 003118.156 ERROR            PET0 ESMCI_IO_Handler.C:164 ESMCI::IO_Handler::create() Unknown I/O Format
20220312 003118.156 ERROR            PET0 ESMCI_IO.C:469 ESMCI::IO::write() Invalid argument  - Internal subroutine call returned Error
20220312 003118.156 ERROR            PET0 ESMCI_Array.C:4093 ESMCI::Array::write() Invalid argument  - Internal subroutine call returned Error
20220312 003118.156 ERROR            PET0 ESMCI_Array_F.C:801 c_esmc_arraywrite() Invalid argument  - Internal subroutine call returned Error
20220312 003118.156 ERROR            PET0 ESMF_Array.F90:3994 ESMF_ArrayWrite Invalid argument  - Internal subroutine call returned Error
20220312 003118.156 INFO             PET0  PASS  Write ESMF_Array with Halo to binary Test, ESMF_ArrayIOUTest.F90, line 264
20220312 003118.179 INFO             PET0 PIOc_sync Enter - MemInfo: [/proc/meminfo - SSI]	MemTotal:       65855856 kB
20220312 003118.179 INFO             PET0 PIOc_sync Enter - MemInfo: [/proc/meminfo - SSI]	MemFree:        61294992 kB
20220312 003118.179 INFO             PET0 PIOc_sync Enter - MemInfo: [/proc/meminfo - SSI]	MemAvailable:   61074896 kB
20220312 003118.179 INFO             PET0 PIOc_sync Enter - MemInfo: [/proc/meminfo - SSI]	Committed_AS:    2830816 kB
20220312 003118.179 INFO             PET0 PIOc_sync Enter - MemInfo: [/proc/meminfo - SSI]	CommittedPercent: 4.2985 %
20220312 003118.179 INFO             PET0 PIOc_sync Enter - MemInfo: [/proc/self/status]	VmPeak:	   94120 kB
20220312 003118.179 INFO             PET0 PIOc_sync Enter - MemInfo: [/proc/self/status]	VmSize:	   94120 kB
20220312 003118.179 INFO             PET0 PIOc_sync Enter - MemInfo: [/proc/self/status]	VmLck:	       0 kB
20220312 003118.180 INFO             PET0 PIOc_sync Enter - MemInfo: [/proc/self/status]	VmPin:	       0 kB
20220312 003118.180 INFO             PET0 PIOc_sync Enter - MemInfo: [/proc/self/status]	VmHWM:	   19192 kB
20220312 003118.180 INFO             PET0 PIOc_sync Enter - MemInfo: [/proc/self/status]	VmRSS:	   19192 kB
20220312 003118.180 INFO             PET0 PIOc_sync Enter - MemInfo: [/proc/self/status]	VmData:	   18268 kB
20220312 003118.180 INFO             PET0 PIOc_sync Enter - MemInfo: [/proc/self/status]	VmStk:	     164 kB
20220312 003118.180 INFO             PET0 PIOc_sync Enter - MemInfo: [/proc/self/status]	VmExe:	   40852 kB
20220312 003118.180 INFO             PET0 PIOc_sync Enter - MemInfo: [/proc/self/status]	VmLib:	    1952 kB
20220312 003118.180 INFO             PET0 PIOc_sync Enter - MemInfo: [/proc/self/status]	VmPTE:	     172 kB
20220312 003118.180 INFO             PET0 PIOc_sync Enter - MemInfo: [/proc/self/status]	VmPMD:	      12 kB
20220312 003118.180 INFO             PET0 PIOc_sync Enter - MemInfo: [/proc/self/status]	VmSwap:	       0 kB
20220312 003118.180 INFO             PET0 PIOc_sync Enter - MemInfo: [/proc/self/status]	VmRSSPercent: 0.0291424 %
20220312 003118.180 INFO             PET0 PIOc_sync Enter - MemInfo: [malloc] Non-mmapped space allocated:                10152256 Byte
20220312 003118.180 INFO             PET0 PIOc_sync Enter - MemInfo: [malloc] Space allocated in mmapped regions:          4198400 Byte
20220312 003118.180 INFO             PET0 PIOc_sync Enter - MemInfo: [malloc] Maximum total allocated space:                     0 Byte
20220312 003118.180 INFO             PET0 PIOc_sync Enter - MemInfo: [malloc] Space in freed fastbin blocks:                     0 Byte
20220312 003118.180 INFO             PET0 PIOc_sync Enter - MemInfo: [malloc] Total allocated space:                       9998992 Byte
20220312 003118.180 INFO             PET0 PIOc_sync Enter - MemInfo: [malloc] Total free space:                             153264 Byte
20220312 003118.180 INFO             PET0 PIOc_sync Enter - MemInfo: [malloc] Top-most, releasable space:                   134528 Byte
20220312 003118.180 INFO             PET0 PIOc_sync Enter - MemInfo: [malloc] Total space in use, mmap + non-mmap:        14197392 Byte
20220312 003118.180 INFO             PET0 PIOc_sync Enter - MemInfo: [malloc] Total space held (mmap + non-mmap):         14350656 Byte
20220312 003118.180 INFO             PET0 PIOc_sync Enter - MemInfo: [malloc] Total space used (mmap + non-mmap):         14206160 Byte
20220312 003118.180 INFO             PET0 PIOc_sync Enter - MemInfo: Wall-clock time since execution start:              0.0650342 seconds
20220312 003118.180 INFO             PET0 PIOc_sync Exit - MemInfo: [/proc/meminfo - SSI]	MemTotal:       65855856 kB
20220312 003118.180 INFO             PET0 PIOc_sync Exit - MemInfo: [/proc/meminfo - SSI]	MemFree:        61294992 kB
20220312 003118.180 INFO             PET0 PIOc_sync Exit - MemInfo: [/proc/meminfo - SSI]	MemAvailable:   61074896 kB
20220312 003118.180 INFO             PET0 PIOc_sync Exit - MemInfo: [/proc/meminfo - SSI]	Committed_AS:    2830816 kB
20220312 003118.180 INFO             PET0 PIOc_sync Exit - MemInfo: [/proc/meminfo - SSI]	CommittedPercent: 4.2985 %
20220312 003118.180 INFO             PET0 PIOc_sync Exit - MemInfo: [/proc/self/status]	VmPeak:	   94120 kB
20220312 003118.180 INFO             PET0 PIOc_sync Exit - MemInfo: [/proc/self/status]	VmSize:	   94120 kB
20220312 003118.180 INFO             PET0 PIOc_sync Exit - MemInfo: [/proc/self/status]	VmLck:	       0 kB
20220312 003118.180 INFO             PET0 PIOc_sync Exit - MemInfo: [/proc/self/status]	VmPin:	       0 kB
20220312 003118.180 INFO             PET0 PIOc_sync Exit - MemInfo: [/proc/self/status]	VmHWM:	   19192 kB
20220312 003118.180 INFO             PET0 PIOc_sync Exit - MemInfo: [/proc/self/status]	VmRSS:	   19192 kB
20220312 003118.180 INFO             PET0 PIOc_sync Exit - MemInfo: [/proc/self/status]	VmData:	   18268 kB
20220312 003118.180 INFO             PET0 PIOc_sync Exit - MemInfo: [/proc/self/status]	VmStk:	     164 kB
20220312 003118.180 INFO             PET0 PIOc_sync Exit - MemInfo: [/proc/self/status]	VmExe:	   40852 kB
20220312 003118.180 INFO             PET0 PIOc_sync Exit - MemInfo: [/proc/self/status]	VmLib:	    1952 kB
20220312 003118.180 INFO             PET0 PIOc_sync Exit - MemInfo: [/proc/self/status]	VmPTE:	     172 kB
20220312 003118.180 INFO             PET0 PIOc_sync Exit - MemInfo: [/proc/self/status]	VmPMD:	      12 kB
20220312 003118.180 INFO             PET0 PIOc_sync Exit - MemInfo: [/proc/self/status]	VmSwap:	       0 kB
20220312 003118.180 INFO             PET0 PIOc_sync Exit - MemInfo: [/proc/self/status]	VmRSSPercent: 0.0291424 %
20220312 003118.180 INFO             PET0 PIOc_sync Exit - MemInfo: [malloc] Non-mmapped space allocated:                10152256 Byte
20220312 003118.180 INFO             PET0 PIOc_sync Exit - MemInfo: [malloc] Space allocated in mmapped regions:          4198400 Byte
20220312 003118.180 INFO             PET0 PIOc_sync Exit - MemInfo: [malloc] Maximum total allocated space:                     0 Byte
20220312 003118.180 INFO             PET0 PIOc_sync Exit - MemInfo: [malloc] Space in freed fastbin blocks:                     0 Byte
20220312 003118.180 INFO             PET0 PIOc_sync Exit - MemInfo: [malloc] Total allocated space:                      10000624 Byte
20220312 003118.180 INFO             PET0 PIOc_sync Exit - MemInfo: [malloc] Total free space:                             151632 Byte
20220312 003118.180 INFO             PET0 PIOc_sync Exit - MemInfo: [malloc] Top-most, releasable space:                   134528 Byte
20220312 003118.180 INFO             PET0 PIOc_sync Exit - MemInfo: [malloc] Total space in use, mmap + non-mmap:        14199024 Byte
20220312 003118.180 INFO             PET0 PIOc_sync Exit - MemInfo: [malloc] Total space held (mmap + non-mmap):         14350656 Byte
20220312 003118.180 INFO             PET0 PIOc_sync Exit - MemInfo: [malloc] Total space used (mmap + non-mmap):         14207456 Byte
20220312 003118.180 INFO             PET0 PIOc_sync Exit - MemInfo: Wall-clock time since execution start:               0.065557 seconds
20220312 003118.180 INFO             PET0 PIOc_freedecomp Enter - MemInfo: [/proc/meminfo - SSI]	MemTotal:       65855856 kB
20220312 003118.180 INFO             PET0 PIOc_freedecomp Enter - MemInfo: [/proc/meminfo - SSI]	MemFree:        61294992 kB
20220312 003118.180 INFO             PET0 PIOc_freedecomp Enter - MemInfo: [/proc/meminfo - SSI]	MemAvailable:   61074896 kB
20220312 003118.181 INFO             PET0 PIOc_freedecomp Enter - MemInfo: [/proc/meminfo - SSI]	Committed_AS:    2830816 kB
20220312 003118.181 INFO             PET0 PIOc_freedecomp Enter - MemInfo: [/proc/meminfo - SSI]	CommittedPercent: 4.2985 %
20220312 003118.181 INFO             PET0 PIOc_freedecomp Enter - MemInfo: [/proc/self/status]	VmPeak:	   94120 kB
20220312 003118.181 INFO             PET0 PIOc_freedecomp Enter - MemInfo: [/proc/self/status]	VmSize:	   94120 kB
20220312 003118.181 INFO             PET0 PIOc_freedecomp Enter - MemInfo: [/proc/self/status]	VmLck:	       0 kB
20220312 003118.181 INFO             PET0 PIOc_freedecomp Enter - MemInfo: [/proc/self/status]	VmPin:	       0 kB
20220312 003118.181 INFO             PET0 PIOc_freedecomp Enter - MemInfo: [/proc/self/status]	VmHWM:	   19192 kB
20220312 003118.181 INFO             PET0 PIOc_freedecomp Enter - MemInfo: [/proc/self/status]	VmRSS:	   19192 kB
20220312 003118.181 INFO             PET0 PIOc_freedecomp Enter - MemInfo: [/proc/self/status]	VmData:	   18268 kB
20220312 003118.181 INFO             PET0 PIOc_freedecomp Enter - MemInfo: [/proc/self/status]	VmStk:	     164 kB
20220312 003118.181 INFO             PET0 PIOc_freedecomp Enter - MemInfo: [/proc/self/status]	VmExe:	   40852 kB
20220312 003118.181 INFO             PET0 PIOc_freedecomp Enter - MemInfo: [/proc/self/status]	VmLib:	    1952 kB
20220312 003118.181 INFO             PET0 PIOc_freedecomp Enter - MemInfo: [/proc/self/status]	VmPTE:	     172 kB
20220312 003118.181 INFO             PET0 PIOc_freedecomp Enter - MemInfo: [/proc/self/status]	VmPMD:	      12 kB
20220312 003118.181 INFO             PET0 PIOc_freedecomp Enter - MemInfo: [/proc/self/status]	VmSwap:	       0 kB
20220312 003118.181 INFO             PET0 PIOc_freedecomp Enter - MemInfo: [/proc/self/status]	VmRSSPercent: 0.0291424 %
20220312 003118.181 INFO             PET0 PIOc_freedecomp Enter - MemInfo: [malloc] Non-mmapped space allocated:                10152256 Byte
20220312 003118.181 INFO             PET0 PIOc_freedecomp Enter - MemInfo: [malloc] Space allocated in mmapped regions:          4198400 Byte
20220312 003118.181 INFO             PET0 PIOc_freedecomp Enter - MemInfo: [malloc] Maximum total allocated space:                     0 Byte
20220312 003118.181 INFO             PET0 PIOc_freedecomp Enter - MemInfo: [malloc] Space in freed fastbin blocks:                   240 Byte
20220312 003118.181 INFO             PET0 PIOc_freedecomp Enter - MemInfo: [malloc] Total allocated space:                       1076832 Byte
20220312 003118.181 INFO             PET0 PIOc_freedecomp Enter - MemInfo: [malloc] Total free space:                            9075424 Byte
20220312 003118.181 INFO             PET0 PIOc_freedecomp Enter - MemInfo: [malloc] Top-most, releasable space:                  9047456 Byte
20220312 003118.181 INFO             PET0 PIOc_freedecomp Enter - MemInfo: [malloc] Total space in use, mmap + non-mmap:         5275232 Byte
20220312 003118.181 INFO             PET0 PIOc_freedecomp Enter - MemInfo: [malloc] Total space held (mmap + non-mmap):         14350656 Byte
20220312 003118.181 INFO             PET0 PIOc_freedecomp Enter - MemInfo: [malloc] Total space used (mmap + non-mmap):          5283440 Byte
20220312 003118.181 INFO             PET0 PIOc_freedecomp Enter - MemInfo: Wall-clock time since execution start:               0.066205 seconds
20220312 003118.181 INFO             PET0 PIOc_freedecomp Exit - MemInfo: [/proc/meminfo - SSI]	MemTotal:       65855856 kB
20220312 003118.181 INFO             PET0 PIOc_freedecomp Exit - MemInfo: [/proc/meminfo - SSI]	MemFree:        61294992 kB
20220312 003118.181 INFO             PET0 PIOc_freedecomp Exit - MemInfo: [/proc/meminfo - SSI]	MemAvailable:   61074896 kB
20220312 003118.181 INFO             PET0 PIOc_freedecomp Exit - MemInfo: [/proc/meminfo - SSI]	Committed_AS:    2830816 kB
20220312 003118.181 INFO             PET0 PIOc_freedecomp Exit - MemInfo: [/proc/meminfo - SSI]	CommittedPercent: 4.2985 %
20220312 003118.181 INFO             PET0 PIOc_freedecomp Exit - MemInfo: [/proc/self/status]	VmPeak:	   94120 kB
20220312 003118.181 INFO             PET0 PIOc_freedecomp Exit - MemInfo: [/proc/self/status]	VmSize:	   94120 kB
20220312 003118.181 INFO             PET0 PIOc_freedecomp Exit - MemInfo: [/proc/self/status]	VmLck:	       0 kB
20220312 003118.181 INFO             PET0 PIOc_freedecomp Exit - MemInfo: [/proc/self/status]	VmPin:	       0 kB
20220312 003118.181 INFO             PET0 PIOc_freedecomp Exit - MemInfo: [/proc/self/status]	VmHWM:	   19192 kB
20220312 003118.181 INFO             PET0 PIOc_freedecomp Exit - MemInfo: [/proc/self/status]	VmRSS:	   19192 kB
20220312 003118.181 INFO             PET0 PIOc_freedecomp Exit - MemInfo: [/proc/self/status]	VmData:	   18268 kB
20220312 003118.181 INFO             PET0 PIOc_freedecomp Exit - MemInfo: [/proc/self/status]	VmStk:	     164 kB
20220312 003118.181 INFO             PET0 PIOc_freedecomp Exit - MemInfo: [/proc/self/status]	VmExe:	   40852 kB
20220312 003118.181 INFO             PET0 PIOc_freedecomp Exit - MemInfo: [/proc/self/status]	VmLib:	    1952 kB
20220312 003118.181 INFO             PET0 PIOc_freedecomp Exit - MemInfo: [/proc/self/status]	VmPTE:	     172 kB
20220312 003118.181 INFO             PET0 PIOc_freedecomp Exit - MemInfo: [/proc/self/status]	VmPMD:	      12 kB
20220312 003118.181 INFO             PET0 PIOc_freedecomp Exit - MemInfo: [/proc/self/status]	VmSwap:	       0 kB
20220312 003118.181 INFO             PET0 PIOc_freedecomp Exit - MemInfo: [/proc/self/status]	VmRSSPercent: 0.0291424 %
20220312 003118.181 INFO             PET0 PIOc_freedecomp Exit - MemInfo: [malloc] Non-mmapped space allocated:                10152256 Byte
20220312 003118.181 INFO             PET0 PIOc_freedecomp Exit - MemInfo: [malloc] Space allocated in mmapped regions:          4198400 Byte
20220312 003118.181 INFO             PET0 PIOc_freedecomp Exit - MemInfo: [malloc] Maximum total allocated space:                     0 Byte
20220312 003118.181 INFO             PET0 PIOc_freedecomp Exit - MemInfo: [malloc] Space in freed fastbin blocks:                   688 Byte
20220312 003118.181 INFO             PET0 PIOc_freedecomp Exit - MemInfo: [malloc] Total allocated space:                       1075824 Byte
20220312 003118.181 INFO             PET0 PIOc_freedecomp Exit - MemInfo: [malloc] Total free space:                            9076432 Byte
20220312 003118.181 INFO             PET0 PIOc_freedecomp Exit - MemInfo: [malloc] Top-most, releasable space:                  9047456 Byte
20220312 003118.181 INFO             PET0 PIOc_freedecomp Exit - MemInfo: [malloc] Total space in use, mmap + non-mmap:         5274224 Byte
20220312 003118.181 INFO             PET0 PIOc_freedecomp Exit - MemInfo: [malloc] Total space held (mmap + non-mmap):         14350656 Byte
20220312 003118.181 INFO             PET0 PIOc_freedecomp Exit - MemInfo: [malloc] Total space used (mmap + non-mmap):          5282432 Byte
20220312 003118.181 INFO             PET0 PIOc_freedecomp Exit - MemInfo: Wall-clock time since execution start:              0.0666111 seconds
20220312 003118.181 INFO             PET0  PASS  Write ESMF_Array without Halo to NetCDF Test, ESMF_ArrayIOUTest.F90, line 274
20220312 003118.181 INFO             PET0  PASS  Create Array without Halo for PIO Read, ESMF_ArrayIOUTest.F90, line 288
20220312 003118.182 INFO             PET0  PASS  Create Array with Halo for PIO Read, ESMF_ArrayIOUTest.F90, line 299
20220312 003118.183 INFO             PET0  PASS  Create Array with Halo for PIO Read, ESMF_ArrayIOUTest.F90, line 309
20220312 003118.185 WARNING          PET0 ESMCI_PIO_Handler.C:1344 ESMCI::PIO_Handler::open()  Unable to set fill on file: file3D_wouthalo.nc, (PIO/NetCDF error = NetCDF: Write to read only)
20220312 003118.185 INFO             PET0 PIOc_sync Enter - MemInfo: [/proc/meminfo - SSI]	MemTotal:       65855856 kB
20220312 003118.185 INFO             PET0 PIOc_sync Enter - MemInfo: [/proc/meminfo - SSI]	MemFree:        61294992 kB
20220312 003118.185 INFO             PET0 PIOc_sync Enter - MemInfo: [/proc/meminfo - SSI]	MemAvailable:   61074896 kB
20220312 003118.185 INFO             PET0 PIOc_sync Enter - MemInfo: [/proc/meminfo - SSI]	Committed_AS:    2830816 kB
20220312 003118.185 INFO             PET0 PIOc_sync Enter - MemInfo: [/proc/meminfo - SSI]	CommittedPercent: 4.2985 %
20220312 003118.185 INFO             PET0 PIOc_sync Enter - MemInfo: [/proc/self/status]	VmPeak:	   94120 kB
20220312 003118.185 INFO             PET0 PIOc_sync Enter - MemInfo: [/proc/self/status]	VmSize:	   94060 kB
20220312 003118.185 INFO             PET0 PIOc_sync Enter - MemInfo: [/proc/self/status]	VmLck:	       0 kB
20220312 003118.185 INFO             PET0 PIOc_sync Enter - MemInfo: [/proc/self/status]	VmPin:	       0 kB
20220312 003118.185 INFO             PET0 PIOc_sync Enter - MemInfo: [/proc/self/status]	VmHWM:	   19440 kB
20220312 003118.185 INFO             PET0 PIOc_sync Enter - MemInfo: [/proc/self/status]	VmRSS:	   19400 kB
20220312 003118.185 INFO             PET0 PIOc_sync Enter - MemInfo: [/proc/self/status]	VmData:	   18268 kB
20220312 003118.185 INFO             PET0 PIOc_sync Enter - MemInfo: [/proc/self/status]	VmStk:	     164 kB
20220312 003118.185 INFO             PET0 PIOc_sync Enter - MemInfo: [/proc/self/status]	VmExe:	   40852 kB
20220312 003118.185 INFO             PET0 PIOc_sync Enter - MemInfo: [/proc/self/status]	VmLib:	    1952 kB
20220312 003118.185 INFO             PET0 PIOc_sync Enter - MemInfo: [/proc/self/status]	VmPTE:	     172 kB
20220312 003118.185 INFO             PET0 PIOc_sync Enter - MemInfo: [/proc/self/status]	VmPMD:	      12 kB
20220312 003118.185 INFO             PET0 PIOc_sync Enter - MemInfo: [/proc/self/status]	VmSwap:	       0 kB
20220312 003118.185 INFO             PET0 PIOc_sync Enter - MemInfo: [/proc/self/status]	VmRSSPercent: 0.0294583 %
20220312 003118.185 INFO             PET0 PIOc_sync Enter - MemInfo: [malloc] Non-mmapped space allocated:                10152256 Byte
20220312 003118.185 INFO             PET0 PIOc_sync Enter - MemInfo: [malloc] Space allocated in mmapped regions:          4198400 Byte
20220312 003118.185 INFO             PET0 PIOc_sync Enter - MemInfo: [malloc] Maximum total allocated space:                     0 Byte
20220312 003118.185 INFO             PET0 PIOc_sync Enter - MemInfo: [malloc] Space in freed fastbin blocks:                     0 Byte
20220312 003118.185 INFO             PET0 PIOc_sync Enter - MemInfo: [malloc] Total allocated space:                      10040320 Byte
20220312 003118.185 INFO             PET0 PIOc_sync Enter - MemInfo: [malloc] Total free space:                             111936 Byte
20220312 003118.185 INFO             PET0 PIOc_sync Enter - MemInfo: [malloc] Top-most, releasable space:                   110704 Byte
20220312 003118.185 INFO             PET0 PIOc_sync Enter - MemInfo: [malloc] Total space in use, mmap + non-mmap:        14238720 Byte
20220312 003118.185 INFO             PET0 PIOc_sync Enter - MemInfo: [malloc] Total space held (mmap + non-mmap):         14350656 Byte
20220312 003118.185 INFO             PET0 PIOc_sync Enter - MemInfo: [malloc] Total space used (mmap + non-mmap):         14246928 Byte
20220312 003118.185 INFO             PET0 PIOc_sync Enter - MemInfo: Wall-clock time since execution start:              0.0705872 seconds
20220312 003118.185 INFO             PET0 PIOc_sync Exit - MemInfo: [/proc/meminfo - SSI]	MemTotal:       65855856 kB
20220312 003118.185 INFO             PET0 PIOc_sync Exit - MemInfo: [/proc/meminfo - SSI]	MemFree:        61294992 kB
20220312 003118.185 INFO             PET0 PIOc_sync Exit - MemInfo: [/proc/meminfo - SSI]	MemAvailable:   61074896 kB
20220312 003118.185 INFO             PET0 PIOc_sync Exit - MemInfo: [/proc/meminfo - SSI]	Committed_AS:    2830816 kB
20220312 003118.185 INFO             PET0 PIOc_sync Exit - MemInfo: [/proc/meminfo - SSI]	CommittedPercent: 4.2985 %
20220312 003118.185 INFO             PET0 PIOc_sync Exit - MemInfo: [/proc/self/status]	VmPeak:	   94120 kB
20220312 003118.185 INFO             PET0 PIOc_sync Exit - MemInfo: [/proc/self/status]	VmSize:	   94060 kB
20220312 003118.185 INFO             PET0 PIOc_sync Exit - MemInfo: [/proc/self/status]	VmLck:	       0 kB
20220312 003118.185 INFO             PET0 PIOc_sync Exit - MemInfo: [/proc/self/status]	VmPin:	       0 kB
20220312 003118.185 INFO             PET0 PIOc_sync Exit - MemInfo: [/proc/self/status]	VmHWM:	   19440 kB
20220312 003118.185 INFO             PET0 PIOc_sync Exit - MemInfo: [/proc/self/status]	VmRSS:	   19400 kB
20220312 003118.186 INFO             PET0 PIOc_sync Exit - MemInfo: [/proc/self/status]	VmData:	   18268 kB
20220312 003118.186 INFO             PET0 PIOc_sync Exit - MemInfo: [/proc/self/status]	VmStk:	     164 kB
20220312 003118.186 INFO             PET0 PIOc_sync Exit - MemInfo: [/proc/self/status]	VmExe:	   40852 kB
20220312 003118.186 INFO             PET0 PIOc_sync Exit - MemInfo: [/proc/self/status]	VmLib:	    1952 kB
20220312 003118.186 INFO             PET0 PIOc_sync Exit - MemInfo: [/proc/self/status]	VmPTE:	     172 kB
20220312 003118.186 INFO             PET0 PIOc_sync Exit - MemInfo: [/proc/self/status]	VmPMD:	      12 kB
20220312 003118.186 INFO             PET0 PIOc_sync Exit - MemInfo: [/proc/self/status]	VmSwap:	       0 kB
20220312 003118.186 INFO             PET0 PIOc_sync Exit - MemInfo: [/proc/self/status]	VmRSSPercent: 0.0294583 %
20220312 003118.186 INFO             PET0 PIOc_sync Exit - MemInfo: [malloc] Non-mmapped space allocated:                10152256 Byte
20220312 003118.186 INFO             PET0 PIOc_sync Exit - MemInfo: [malloc] Space allocated in mmapped regions:          4198400 Byte
20220312 003118.186 INFO             PET0 PIOc_sync Exit - MemInfo: [malloc] Maximum total allocated space:                     0 Byte
20220312 003118.186 INFO             PET0 PIOc_sync Exit - MemInfo: [malloc] Space in freed fastbin blocks:                     0 Byte
20220312 003118.186 INFO             PET0 PIOc_sync Exit - MemInfo: [malloc] Total allocated space:                      10040320 Byte
20220312 003118.186 INFO             PET0 PIOc_sync Exit - MemInfo: [malloc] Total free space:                             111936 Byte
20220312 003118.186 INFO             PET0 PIOc_sync Exit - MemInfo: [malloc] Top-most, releasable space:                   110480 Byte
20220312 003118.186 INFO             PET0 PIOc_sync Exit - MemInfo: [malloc] Total space in use, mmap + non-mmap:        14238720 Byte
20220312 003118.186 INFO             PET0 PIOc_sync Exit - MemInfo: [malloc] Total space held (mmap + non-mmap):         14350656 Byte
20220312 003118.186 INFO             PET0 PIOc_sync Exit - MemInfo: [malloc] Total space used (mmap + non-mmap):         14246928 Byte
20220312 003118.186 INFO             PET0 PIOc_sync Exit - MemInfo: Wall-clock time since execution start:              0.0710061 seconds
20220312 003118.186 INFO             PET0 PIOc_freedecomp Enter - MemInfo: [/proc/meminfo - SSI]	MemTotal:       65855856 kB
20220312 003118.186 INFO             PET0 PIOc_freedecomp Enter - MemInfo: [/proc/meminfo - SSI]	MemFree:        61294992 kB
20220312 003118.186 INFO             PET0 PIOc_freedecomp Enter - MemInfo: [/proc/meminfo - SSI]	MemAvailable:   61074896 kB
20220312 003118.186 INFO             PET0 PIOc_freedecomp Enter - MemInfo: [/proc/meminfo - SSI]	Committed_AS:    2830816 kB
20220312 003118.186 INFO             PET0 PIOc_freedecomp Enter - MemInfo: [/proc/meminfo - SSI]	CommittedPercent: 4.2985 %
20220312 003118.186 INFO             PET0 PIOc_freedecomp Enter - MemInfo: [/proc/self/status]	VmPeak:	   94120 kB
20220312 003118.186 INFO             PET0 PIOc_freedecomp Enter - MemInfo: [/proc/self/status]	VmSize:	   94060 kB
20220312 003118.186 INFO             PET0 PIOc_freedecomp Enter - MemInfo: [/proc/self/status]	VmLck:	       0 kB
20220312 003118.186 INFO             PET0 PIOc_freedecomp Enter - MemInfo: [/proc/self/status]	VmPin:	       0 kB
20220312 003118.186 INFO             PET0 PIOc_freedecomp Enter - MemInfo: [/proc/self/status]	VmHWM:	   19440 kB
20220312 003118.186 INFO             PET0 PIOc_freedecomp Enter - MemInfo: [/proc/self/status]	VmRSS:	   19400 kB
20220312 003118.186 INFO             PET0 PIOc_freedecomp Enter - MemInfo: [/proc/self/status]	VmData:	   18268 kB
20220312 003118.186 INFO             PET0 PIOc_freedecomp Enter - MemInfo: [/proc/self/status]	VmStk:	     164 kB
20220312 003118.186 INFO             PET0 PIOc_freedecomp Enter - MemInfo: [/proc/self/status]	VmExe:	   40852 kB
20220312 003118.186 INFO             PET0 PIOc_freedecomp Enter - MemInfo: [/proc/self/status]	VmLib:	    1952 kB
20220312 003118.186 INFO             PET0 PIOc_freedecomp Enter - MemInfo: [/proc/self/status]	VmPTE:	     172 kB
20220312 003118.186 INFO             PET0 PIOc_freedecomp Enter - MemInfo: [/proc/self/status]	VmPMD:	      12 kB
20220312 003118.186 INFO             PET0 PIOc_freedecomp Enter - MemInfo: [/proc/self/status]	VmSwap:	       0 kB
20220312 003118.186 INFO             PET0 PIOc_freedecomp Enter - MemInfo: [/proc/self/status]	VmRSSPercent: 0.0294583 %
20220312 003118.186 INFO             PET0 PIOc_freedecomp Enter - MemInfo: [malloc] Non-mmapped space allocated:                10152256 Byte
20220312 003118.186 INFO             PET0 PIOc_freedecomp Enter - MemInfo: [malloc] Space allocated in mmapped regions:          4198400 Byte
20220312 003118.186 INFO             PET0 PIOc_freedecomp Enter - MemInfo: [malloc] Maximum total allocated space:                     0 Byte
20220312 003118.186 INFO             PET0 PIOc_freedecomp Enter - MemInfo: [malloc] Space in freed fastbin blocks:                   208 Byte
20220312 003118.186 INFO             PET0 PIOc_freedecomp Enter - MemInfo: [malloc] Total allocated space:                       1116048 Byte
20220312 003118.186 INFO             PET0 PIOc_freedecomp Enter - MemInfo: [malloc] Total free space:                            9036208 Byte
20220312 003118.186 INFO             PET0 PIOc_freedecomp Enter - MemInfo: [malloc] Top-most, releasable space:                   110256 Byte
20220312 003118.186 INFO             PET0 PIOc_freedecomp Enter - MemInfo: [malloc] Total space in use, mmap + non-mmap:         5314448 Byte
20220312 003118.186 INFO             PET0 PIOc_freedecomp Enter - MemInfo: [malloc] Total space held (mmap + non-mmap):         14350656 Byte
20220312 003118.186 INFO             PET0 PIOc_freedecomp Enter - MemInfo: [malloc] Total space used (mmap + non-mmap):          5322656 Byte
20220312 003118.186 INFO             PET0 PIOc_freedecomp Enter - MemInfo: Wall-clock time since execution start:              0.0715752 seconds
20220312 003118.186 INFO             PET0 PIOc_freedecomp Exit - MemInfo: [/proc/meminfo - SSI]	MemTotal:       65855856 kB
20220312 003118.186 INFO             PET0 PIOc_freedecomp Exit - MemInfo: [/proc/meminfo - SSI]	MemFree:        61294488 kB
20220312 003118.186 INFO             PET0 PIOc_freedecomp Exit - MemInfo: [/proc/meminfo - SSI]	MemAvailable:   61074392 kB
20220312 003118.186 INFO             PET0 PIOc_freedecomp Exit - MemInfo: [/proc/meminfo - SSI]	Committed_AS:    2830816 kB
20220312 003118.186 INFO             PET0 PIOc_freedecomp Exit - MemInfo: [/proc/meminfo - SSI]	CommittedPercent: 4.2985 %
20220312 003118.186 INFO             PET0 PIOc_freedecomp Exit - MemInfo: [/proc/self/status]	VmPeak:	   94120 kB
20220312 003118.186 INFO             PET0 PIOc_freedecomp Exit - MemInfo: [/proc/self/status]	VmSize:	   94060 kB
20220312 003118.186 INFO             PET0 PIOc_freedecomp Exit - MemInfo: [/proc/self/status]	VmLck:	       0 kB
20220312 003118.186 INFO             PET0 PIOc_freedecomp Exit - MemInfo: [/proc/self/status]	VmPin:	       0 kB
20220312 003118.186 INFO             PET0 PIOc_freedecomp Exit - MemInfo: [/proc/self/status]	VmHWM:	   19440 kB
20220312 003118.186 INFO             PET0 PIOc_freedecomp Exit - MemInfo: [/proc/self/status]	VmRSS:	   19400 kB
20220312 003118.186 INFO             PET0 PIOc_freedecomp Exit - MemInfo: [/proc/self/status]	VmData:	   18268 kB
20220312 003118.186 INFO             PET0 PIOc_freedecomp Exit - MemInfo: [/proc/self/status]	VmStk:	     164 kB
20220312 003118.187 INFO             PET0 PIOc_freedecomp Exit - MemInfo: [/proc/self/status]	VmExe:	   40852 kB
20220312 003118.187 INFO             PET0 PIOc_freedecomp Exit - MemInfo: [/proc/self/status]	VmLib:	    1952 kB
20220312 003118.187 INFO             PET0 PIOc_freedecomp Exit - MemInfo: [/proc/self/status]	VmPTE:	     172 kB
20220312 003118.187 INFO             PET0 PIOc_freedecomp Exit - MemInfo: [/proc/self/status]	VmPMD:	      12 kB
20220312 003118.187 INFO             PET0 PIOc_freedecomp Exit - MemInfo: [/proc/self/status]	VmSwap:	       0 kB
20220312 003118.187 INFO             PET0 PIOc_freedecomp Exit - MemInfo: [/proc/self/status]	VmRSSPercent: 0.0294583 %
20220312 003118.187 INFO             PET0 PIOc_freedecomp Exit - MemInfo: [malloc] Non-mmapped space allocated:                10152256 Byte
20220312 003118.187 INFO             PET0 PIOc_freedecomp Exit - MemInfo: [malloc] Space allocated in mmapped regions:          4198400 Byte
20220312 003118.187 INFO             PET0 PIOc_freedecomp Exit - MemInfo: [malloc] Maximum total allocated space:                     0 Byte
20220312 003118.187 INFO             PET0 PIOc_freedecomp Exit - MemInfo: [malloc] Space in freed fastbin blocks:                   624 Byte
20220312 003118.187 INFO             PET0 PIOc_freedecomp Exit - MemInfo: [malloc] Total allocated space:                       1115424 Byte
20220312 003118.187 INFO             PET0 PIOc_freedecomp Exit - MemInfo: [malloc] Total free space:                            9036832 Byte
20220312 003118.187 INFO             PET0 PIOc_freedecomp Exit - MemInfo: [malloc] Top-most, releasable space:                   110704 Byte
20220312 003118.187 INFO             PET0 PIOc_freedecomp Exit - MemInfo: [malloc] Total space in use, mmap + non-mmap:         5313824 Byte
20220312 003118.187 INFO             PET0 PIOc_freedecomp Exit - MemInfo: [malloc] Total space held (mmap + non-mmap):         14350656 Byte
20220312 003118.187 INFO             PET0 PIOc_freedecomp Exit - MemInfo: [malloc] Total space used (mmap + non-mmap):          5322032 Byte
20220312 003118.187 INFO             PET0 PIOc_freedecomp Exit - MemInfo: Wall-clock time since execution start:                0.07197 seconds
20220312 003118.187 INFO             PET0  PASS  Read ESMF_Array without Halo from NetCDF file Test, ESMF_ArrayIOUTest.F90, line 330
20220312 003118.187 INFO             PET0  PASS  Compare read in data to the existing data - 3D without halo, ESMF_ArrayIOUTest.F90, line 353
20220312 003118.188 WARNING          PET0 ESMCI_PIO_Handler.C:1344 ESMCI::PIO_Handler::open()  Unable to set fill on file: file3D_withhalo.nc, (PIO/NetCDF error = NetCDF: Write to read only)
20220312 003118.189 INFO             PET0 PIOc_sync Enter - MemInfo: [/proc/meminfo - SSI]	MemTotal:       65855856 kB
20220312 003118.189 INFO             PET0 PIOc_sync Enter - MemInfo: [/proc/meminfo - SSI]	MemFree:        61293956 kB
20220312 003118.189 INFO             PET0 PIOc_sync Enter - MemInfo: [/proc/meminfo - SSI]	MemAvailable:   61073860 kB
20220312 003118.189 INFO             PET0 PIOc_sync Enter - MemInfo: [/proc/meminfo - SSI]	Committed_AS:    2830816 kB
20220312 003118.189 INFO             PET0 PIOc_sync Enter - MemInfo: [/proc/meminfo - SSI]	CommittedPercent: 4.2985 %
20220312 003118.189 INFO             PET0 PIOc_sync Enter - MemInfo: [/proc/self/status]	VmPeak:	   94120 kB
20220312 003118.189 INFO             PET0 PIOc_sync Enter - MemInfo: [/proc/self/status]	VmSize:	   94060 kB
20220312 003118.189 INFO             PET0 PIOc_sync Enter - MemInfo: [/proc/self/status]	VmLck:	       0 kB
20220312 003118.189 INFO             PET0 PIOc_sync Enter - MemInfo: [/proc/self/status]	VmPin:	       0 kB
20220312 003118.189 INFO             PET0 PIOc_sync Enter - MemInfo: [/proc/self/status]	VmHWM:	   19440 kB
20220312 003118.189 INFO             PET0 PIOc_sync Enter - MemInfo: [/proc/self/status]	VmRSS:	   19400 kB
20220312 003118.189 INFO             PET0 PIOc_sync Enter - MemInfo: [/proc/self/status]	VmData:	   18268 kB
20220312 003118.189 INFO             PET0 PIOc_sync Enter - MemInfo: [/proc/self/status]	VmStk:	     164 kB
20220312 003118.189 INFO             PET0 PIOc_sync Enter - MemInfo: [/proc/self/status]	VmExe:	   40852 kB
20220312 003118.189 INFO             PET0 PIOc_sync Enter - MemInfo: [/proc/self/status]	VmLib:	    1952 kB
20220312 003118.189 INFO             PET0 PIOc_sync Enter - MemInfo: [/proc/self/status]	VmPTE:	     172 kB
20220312 003118.189 INFO             PET0 PIOc_sync Enter - MemInfo: [/proc/self/status]	VmPMD:	      12 kB
20220312 003118.189 INFO             PET0 PIOc_sync Enter - MemInfo: [/proc/self/status]	VmSwap:	       0 kB
20220312 003118.189 INFO             PET0 PIOc_sync Enter - MemInfo: [/proc/self/status]	VmRSSPercent: 0.0294583 %
20220312 003118.189 INFO             PET0 PIOc_sync Enter - MemInfo: [malloc] Non-mmapped space allocated:                10152256 Byte
20220312 003118.189 INFO             PET0 PIOc_sync Enter - MemInfo: [malloc] Space allocated in mmapped regions:          4198400 Byte
20220312 003118.189 INFO             PET0 PIOc_sync Enter - MemInfo: [malloc] Maximum total allocated space:                     0 Byte
20220312 003118.189 INFO             PET0 PIOc_sync Enter - MemInfo: [malloc] Space in freed fastbin blocks:                     0 Byte
20220312 003118.189 INFO             PET0 PIOc_sync Enter - MemInfo: [malloc] Total allocated space:                      10054672 Byte
20220312 003118.189 INFO             PET0 PIOc_sync Enter - MemInfo: [malloc] Total free space:                              97584 Byte
20220312 003118.189 INFO             PET0 PIOc_sync Enter - MemInfo: [malloc] Top-most, releasable space:                    57552 Byte
20220312 003118.189 INFO             PET0 PIOc_sync Enter - MemInfo: [malloc] Total space in use, mmap + non-mmap:        14253072 Byte
20220312 003118.189 INFO             PET0 PIOc_sync Enter - MemInfo: [malloc] Total space held (mmap + non-mmap):         14350656 Byte
20220312 003118.189 INFO             PET0 PIOc_sync Enter - MemInfo: [malloc] Total space used (mmap + non-mmap):         14261280 Byte
20220312 003118.189 INFO             PET0 PIOc_sync Enter - MemInfo: Wall-clock time since execution start:              0.0744591 seconds
20220312 003118.189 INFO             PET0 PIOc_sync Exit - MemInfo: [/proc/meminfo - SSI]	MemTotal:       65855856 kB
20220312 003118.189 INFO             PET0 PIOc_sync Exit - MemInfo: [/proc/meminfo - SSI]	MemFree:        61293956 kB
20220312 003118.189 INFO             PET0 PIOc_sync Exit - MemInfo: [/proc/meminfo - SSI]	MemAvailable:   61073860 kB
20220312 003118.189 INFO             PET0 PIOc_sync Exit - MemInfo: [/proc/meminfo - SSI]	Committed_AS:    2830816 kB
20220312 003118.189 INFO             PET0 PIOc_sync Exit - MemInfo: [/proc/meminfo - SSI]	CommittedPercent: 4.2985 %
20220312 003118.189 INFO             PET0 PIOc_sync Exit - MemInfo: [/proc/self/status]	VmPeak:	   94120 kB
20220312 003118.189 INFO             PET0 PIOc_sync Exit - MemInfo: [/proc/self/status]	VmSize:	   94060 kB
20220312 003118.189 INFO             PET0 PIOc_sync Exit - MemInfo: [/proc/self/status]	VmLck:	       0 kB
20220312 003118.189 INFO             PET0 PIOc_sync Exit - MemInfo: [/proc/self/status]	VmPin:	       0 kB
20220312 003118.189 INFO             PET0 PIOc_sync Exit - MemInfo: [/proc/self/status]	VmHWM:	   19440 kB
20220312 003118.189 INFO             PET0 PIOc_sync Exit - MemInfo: [/proc/self/status]	VmRSS:	   19400 kB
20220312 003118.189 INFO             PET0 PIOc_sync Exit - MemInfo: [/proc/self/status]	VmData:	   18268 kB
20220312 003118.189 INFO             PET0 PIOc_sync Exit - MemInfo: [/proc/self/status]	VmStk:	     164 kB
20220312 003118.189 INFO             PET0 PIOc_sync Exit - MemInfo: [/proc/self/status]	VmExe:	   40852 kB
20220312 003118.189 INFO             PET0 PIOc_sync Exit - MemInfo: [/proc/self/status]	VmLib:	    1952 kB
20220312 003118.189 INFO             PET0 PIOc_sync Exit - MemInfo: [/proc/self/status]	VmPTE:	     172 kB
20220312 003118.189 INFO             PET0 PIOc_sync Exit - MemInfo: [/proc/self/status]	VmPMD:	      12 kB
20220312 003118.189 INFO             PET0 PIOc_sync Exit - MemInfo: [/proc/self/status]	VmSwap:	       0 kB
20220312 003118.189 INFO             PET0 PIOc_sync Exit - MemInfo: [/proc/self/status]	VmRSSPercent: 0.0294583 %
20220312 003118.189 INFO             PET0 PIOc_sync Exit - MemInfo: [malloc] Non-mmapped space allocated:                10152256 Byte
20220312 003118.189 INFO             PET0 PIOc_sync Exit - MemInfo: [malloc] Space allocated in mmapped regions:          4198400 Byte
20220312 003118.189 INFO             PET0 PIOc_sync Exit - MemInfo: [malloc] Maximum total allocated space:                     0 Byte
20220312 003118.190 INFO             PET0 PIOc_sync Exit - MemInfo: [malloc] Space in freed fastbin blocks:                     0 Byte
20220312 003118.190 INFO             PET0 PIOc_sync Exit - MemInfo: [malloc] Total allocated space:                      10054672 Byte
20220312 003118.190 INFO             PET0 PIOc_sync Exit - MemInfo: [malloc] Total free space:                              97584 Byte
20220312 003118.190 INFO             PET0 PIOc_sync Exit - MemInfo: [malloc] Top-most, releasable space:                    57552 Byte
20220312 003118.190 INFO             PET0 PIOc_sync Exit - MemInfo: [malloc] Total space in use, mmap + non-mmap:        14253072 Byte
20220312 003118.190 INFO             PET0 PIOc_sync Exit - MemInfo: [malloc] Total space held (mmap + non-mmap):         14350656 Byte
20220312 003118.190 INFO             PET0 PIOc_sync Exit - MemInfo: [malloc] Total space used (mmap + non-mmap):         14261280 Byte
20220312 003118.190 INFO             PET0 PIOc_sync Exit - MemInfo: Wall-clock time since execution start:              0.0748582 seconds
20220312 003118.190 INFO             PET0 PIOc_freedecomp Enter - MemInfo: [/proc/meminfo - SSI]	MemTotal:       65855856 kB
20220312 003118.190 INFO             PET0 PIOc_freedecomp Enter - MemInfo: [/proc/meminfo - SSI]	MemFree:        61293956 kB
20220312 003118.190 INFO             PET0 PIOc_freedecomp Enter - MemInfo: [/proc/meminfo - SSI]	MemAvailable:   61073860 kB
20220312 003118.190 INFO             PET0 PIOc_freedecomp Enter - MemInfo: [/proc/meminfo - SSI]	Committed_AS:    2830816 kB
20220312 003118.190 INFO             PET0 PIOc_freedecomp Enter - MemInfo: [/proc/meminfo - SSI]	CommittedPercent: 4.2985 %
20220312 003118.190 INFO             PET0 PIOc_freedecomp Enter - MemInfo: [/proc/self/status]	VmPeak:	   94120 kB
20220312 003118.190 INFO             PET0 PIOc_freedecomp Enter - MemInfo: [/proc/self/status]	VmSize:	   94060 kB
20220312 003118.190 INFO             PET0 PIOc_freedecomp Enter - MemInfo: [/proc/self/status]	VmLck:	       0 kB
20220312 003118.190 INFO             PET0 PIOc_freedecomp Enter - MemInfo: [/proc/self/status]	VmPin:	       0 kB
20220312 003118.190 INFO             PET0 PIOc_freedecomp Enter - MemInfo: [/proc/self/status]	VmHWM:	   19440 kB
20220312 003118.190 INFO             PET0 PIOc_freedecomp Enter - MemInfo: [/proc/self/status]	VmRSS:	   19400 kB
20220312 003118.190 INFO             PET0 PIOc_freedecomp Enter - MemInfo: [/proc/self/status]	VmData:	   18268 kB
20220312 003118.190 INFO             PET0 PIOc_freedecomp Enter - MemInfo: [/proc/self/status]	VmStk:	     164 kB
20220312 003118.190 INFO             PET0 PIOc_freedecomp Enter - MemInfo: [/proc/self/status]	VmExe:	   40852 kB
20220312 003118.190 INFO             PET0 PIOc_freedecomp Enter - MemInfo: [/proc/self/status]	VmLib:	    1952 kB
20220312 003118.190 INFO             PET0 PIOc_freedecomp Enter - MemInfo: [/proc/self/status]	VmPTE:	     172 kB
20220312 003118.190 INFO             PET0 PIOc_freedecomp Enter - MemInfo: [/proc/self/status]	VmPMD:	      12 kB
20220312 003118.190 INFO             PET0 PIOc_freedecomp Enter - MemInfo: [/proc/self/status]	VmSwap:	       0 kB
20220312 003118.190 INFO             PET0 PIOc_freedecomp Enter - MemInfo: [/proc/self/status]	VmRSSPercent: 0.0294583 %
20220312 003118.190 INFO             PET0 PIOc_freedecomp Enter - MemInfo: [malloc] Non-mmapped space allocated:                10152256 Byte
20220312 003118.190 INFO             PET0 PIOc_freedecomp Enter - MemInfo: [malloc] Space allocated in mmapped regions:          4198400 Byte
20220312 003118.190 INFO             PET0 PIOc_freedecomp Enter - MemInfo: [malloc] Maximum total allocated space:                     0 Byte
20220312 003118.190 INFO             PET0 PIOc_freedecomp Enter - MemInfo: [malloc] Space in freed fastbin blocks:                   208 Byte
20220312 003118.190 INFO             PET0 PIOc_freedecomp Enter - MemInfo: [malloc] Total allocated space:                       1130352 Byte
20220312 003118.190 INFO             PET0 PIOc_freedecomp Enter - MemInfo: [malloc] Total free space:                            9021904 Byte
20220312 003118.190 INFO             PET0 PIOc_freedecomp Enter - MemInfo: [malloc] Top-most, releasable space:                    57552 Byte
20220312 003118.190 INFO             PET0 PIOc_freedecomp Enter - MemInfo: [malloc] Total space in use, mmap + non-mmap:         5328752 Byte
20220312 003118.190 INFO             PET0 PIOc_freedecomp Enter - MemInfo: [malloc] Total space held (mmap + non-mmap):         14350656 Byte
20220312 003118.190 INFO             PET0 PIOc_freedecomp Enter - MemInfo: [malloc] Total space used (mmap + non-mmap):          5336960 Byte
20220312 003118.190 INFO             PET0 PIOc_freedecomp Enter - MemInfo: Wall-clock time since execution start:              0.0753951 seconds
20220312 003118.190 INFO             PET0 PIOc_freedecomp Exit - MemInfo: [/proc/meminfo - SSI]	MemTotal:       65855856 kB
20220312 003118.190 INFO             PET0 PIOc_freedecomp Exit - MemInfo: [/proc/meminfo - SSI]	MemFree:        61293956 kB
20220312 003118.190 INFO             PET0 PIOc_freedecomp Exit - MemInfo: [/proc/meminfo - SSI]	MemAvailable:   61073860 kB
20220312 003118.190 INFO             PET0 PIOc_freedecomp Exit - MemInfo: [/proc/meminfo - SSI]	Committed_AS:    2830816 kB
20220312 003118.190 INFO             PET0 PIOc_freedecomp Exit - MemInfo: [/proc/meminfo - SSI]	CommittedPercent: 4.2985 %
20220312 003118.190 INFO             PET0 PIOc_freedecomp Exit - MemInfo: [/proc/self/status]	VmPeak:	   94120 kB
20220312 003118.190 INFO             PET0 PIOc_freedecomp Exit - MemInfo: [/proc/self/status]	VmSize:	   94060 kB
20220312 003118.190 INFO             PET0 PIOc_freedecomp Exit - MemInfo: [/proc/self/status]	VmLck:	       0 kB
20220312 003118.190 INFO             PET0 PIOc_freedecomp Exit - MemInfo: [/proc/self/status]	VmPin:	       0 kB
20220312 003118.190 INFO             PET0 PIOc_freedecomp Exit - MemInfo: [/proc/self/status]	VmHWM:	   19440 kB
20220312 003118.190 INFO             PET0 PIOc_freedecomp Exit - MemInfo: [/proc/self/status]	VmRSS:	   19400 kB
20220312 003118.190 INFO             PET0 PIOc_freedecomp Exit - MemInfo: [/proc/self/status]	VmData:	   18268 kB
20220312 003118.190 INFO             PET0 PIOc_freedecomp Exit - MemInfo: [/proc/self/status]	VmStk:	     164 kB
20220312 003118.190 INFO             PET0 PIOc_freedecomp Exit - MemInfo: [/proc/self/status]	VmExe:	   40852 kB
20220312 003118.190 INFO             PET0 PIOc_freedecomp Exit - MemInfo: [/proc/self/status]	VmLib:	    1952 kB
20220312 003118.190 INFO             PET0 PIOc_freedecomp Exit - MemInfo: [/proc/self/status]	VmPTE:	     172 kB
20220312 003118.190 INFO             PET0 PIOc_freedecomp Exit - MemInfo: [/proc/self/status]	VmPMD:	      12 kB
20220312 003118.190 INFO             PET0 PIOc_freedecomp Exit - MemInfo: [/proc/self/status]	VmSwap:	       0 kB
20220312 003118.190 INFO             PET0 PIOc_freedecomp Exit - MemInfo: [/proc/self/status]	VmRSSPercent: 0.0294583 %
20220312 003118.190 INFO             PET0 PIOc_freedecomp Exit - MemInfo: [malloc] Non-mmapped space allocated:                10152256 Byte
20220312 003118.190 INFO             PET0 PIOc_freedecomp Exit - MemInfo: [malloc] Space allocated in mmapped regions:          4198400 Byte
20220312 003118.190 INFO             PET0 PIOc_freedecomp Exit - MemInfo: [malloc] Maximum total allocated space:                     0 Byte
20220312 003118.190 INFO             PET0 PIOc_freedecomp Exit - MemInfo: [malloc] Space in freed fastbin blocks:                   544 Byte
20220312 003118.190 INFO             PET0 PIOc_freedecomp Exit - MemInfo: [malloc] Total allocated space:                       1116624 Byte
20220312 003118.190 INFO             PET0 PIOc_freedecomp Exit - MemInfo: [malloc] Total free space:                            9035632 Byte
20220312 003118.190 INFO             PET0 PIOc_freedecomp Exit - MemInfo: [malloc] Top-most, releasable space:                    57552 Byte
20220312 003118.190 INFO             PET0 PIOc_freedecomp Exit - MemInfo: [malloc] Total space in use, mmap + non-mmap:         5315024 Byte
20220312 003118.190 INFO             PET0 PIOc_freedecomp Exit - MemInfo: [malloc] Total space held (mmap + non-mmap):         14350656 Byte
20220312 003118.191 INFO             PET0 PIOc_freedecomp Exit - MemInfo: [malloc] Total space used (mmap + non-mmap):          5323232 Byte
20220312 003118.191 INFO             PET0 PIOc_freedecomp Exit - MemInfo: Wall-clock time since execution start:              0.0757961 seconds
20220312 003118.191 INFO             PET0  PASS  Read ESMF_Array with Halo from NetCDF Test, ESMF_ArrayIOUTest.F90, line 380
20220312 003118.191 ERROR            PET0 ESMCI_IO_Handler.C:164 ESMCI::IO_Handler::create() Unknown I/O Format
20220312 003118.191 ERROR            PET0 ESMCI_IO.C:264 ESMCI::IO::read() Invalid argument  - Internal subroutine call returned Error
20220312 003118.191 ERROR            PET0 ESMCI_Array.C:3933 ESMCI::Array::read() Invalid argument  - Internal subroutine call returned Error
20220312 003118.191 ERROR            PET0 ESMCI_Array_F.C:831 c_esmc_arrayread() Invalid argument  - Internal subroutine call returned Error
20220312 003118.191 ERROR            PET0 ESMF_ArrayHa.F90:723 ESMF_ArrayRead Invalid argument  - Internal subroutine call returned Error
20220312 003118.191 INFO             PET0  PASS  Read ESMF_Array with Halo from binary Test, ESMF_ArrayIOUTest.F90, line 394
20220312 003118.191 INFO             PET0  PASS  Compare read in data to the existing NetCDF data - 3D with halo, ESMF_ArrayIOUTest.F90, line 412
20220312 003118.191 ERROR            PET0 ESMCI_Array.C:3914 ESMCI::Array::read() Invalid argument  - Array variable name not allowed in binary mode
20220312 003118.191 ERROR            PET0 ESMCI_Array_F.C:831 c_esmc_arrayread() Invalid argument  - Internal subroutine call returned Error
20220312 003118.191 ERROR            PET0 ESMF_ArrayHa.F90:723 ESMF_ArrayRead Invalid argument  - Internal subroutine call returned Error
20220312 003118.191 INFO             PET0  PASS  Read ESMF_Array variable with Halo from binary Test, ESMF_ArrayIOUTest.F90, line 430
20220312 003118.193 INFO             PET0 PIOc_sync Enter - MemInfo: [/proc/meminfo - SSI]	MemTotal:       65855856 kB
20220312 003118.193 INFO             PET0 PIOc_sync Enter - MemInfo: [/proc/meminfo - SSI]	MemFree:        61293172 kB
20220312 003118.193 INFO             PET0 PIOc_sync Enter - MemInfo: [/proc/meminfo - SSI]	MemAvailable:   61073076 kB
20220312 003118.193 INFO             PET0 PIOc_sync Enter - MemInfo: [/proc/meminfo - SSI]	Committed_AS:    2830816 kB
20220312 003118.193 INFO             PET0 PIOc_sync Enter - MemInfo: [/proc/meminfo - SSI]	CommittedPercent: 4.2985 %
20220312 003118.193 INFO             PET0 PIOc_sync Enter - MemInfo: [/proc/self/status]	VmPeak:	   94120 kB
20220312 003118.193 INFO             PET0 PIOc_sync Enter - MemInfo: [/proc/self/status]	VmSize:	   94060 kB
20220312 003118.193 INFO             PET0 PIOc_sync Enter - MemInfo: [/proc/self/status]	VmLck:	       0 kB
20220312 003118.193 INFO             PET0 PIOc_sync Enter - MemInfo: [/proc/self/status]	VmPin:	       0 kB
20220312 003118.193 INFO             PET0 PIOc_sync Enter - MemInfo: [/proc/self/status]	VmHWM:	   19440 kB
20220312 003118.193 INFO             PET0 PIOc_sync Enter - MemInfo: [/proc/self/status]	VmRSS:	   19400 kB
20220312 003118.193 INFO             PET0 PIOc_sync Enter - MemInfo: [/proc/self/status]	VmData:	   18268 kB
20220312 003118.193 INFO             PET0 PIOc_sync Enter - MemInfo: [/proc/self/status]	VmStk:	     164 kB
20220312 003118.193 INFO             PET0 PIOc_sync Enter - MemInfo: [/proc/self/status]	VmExe:	   40852 kB
20220312 003118.193 INFO             PET0 PIOc_sync Enter - MemInfo: [/proc/self/status]	VmLib:	    1952 kB
20220312 003118.193 INFO             PET0 PIOc_sync Enter - MemInfo: [/proc/self/status]	VmPTE:	     180 kB
20220312 003118.193 INFO             PET0 PIOc_sync Enter - MemInfo: [/proc/self/status]	VmPMD:	      12 kB
20220312 003118.193 INFO             PET0 PIOc_sync Enter - MemInfo: [/proc/self/status]	VmSwap:	       0 kB
20220312 003118.193 INFO             PET0 PIOc_sync Enter - MemInfo: [/proc/self/status]	VmRSSPercent: 0.0294583 %
20220312 003118.193 INFO             PET0 PIOc_sync Enter - MemInfo: [malloc] Non-mmapped space allocated:                10152256 Byte
20220312 003118.193 INFO             PET0 PIOc_sync Enter - MemInfo: [malloc] Space allocated in mmapped regions:          4198400 Byte
20220312 003118.193 INFO             PET0 PIOc_sync Enter - MemInfo: [malloc] Maximum total allocated space:                     0 Byte
20220312 003118.193 INFO             PET0 PIOc_sync Enter - MemInfo: [malloc] Space in freed fastbin blocks:                     0 Byte
20220312 003118.193 INFO             PET0 PIOc_sync Enter - MemInfo: [malloc] Total allocated space:                      10059616 Byte
20220312 003118.193 INFO             PET0 PIOc_sync Enter - MemInfo: [malloc] Total free space:                              92640 Byte
20220312 003118.193 INFO             PET0 PIOc_sync Enter - MemInfo: [malloc] Top-most, releasable space:                    55440 Byte
20220312 003118.193 INFO             PET0 PIOc_sync Enter - MemInfo: [malloc] Total space in use, mmap + non-mmap:        14258016 Byte
20220312 003118.193 INFO             PET0 PIOc_sync Enter - MemInfo: [malloc] Total space held (mmap + non-mmap):         14350656 Byte
20220312 003118.193 INFO             PET0 PIOc_sync Enter - MemInfo: [malloc] Total space used (mmap + non-mmap):         14266784 Byte
20220312 003118.193 INFO             PET0 PIOc_sync Enter - MemInfo: Wall-clock time since execution start:               0.078433 seconds
20220312 003118.193 INFO             PET0 PIOc_sync Exit - MemInfo: [/proc/meminfo - SSI]	MemTotal:       65855856 kB
20220312 003118.193 INFO             PET0 PIOc_sync Exit - MemInfo: [/proc/meminfo - SSI]	MemFree:        61293172 kB
20220312 003118.193 INFO             PET0 PIOc_sync Exit - MemInfo: [/proc/meminfo - SSI]	MemAvailable:   61073076 kB
20220312 003118.193 INFO             PET0 PIOc_sync Exit - MemInfo: [/proc/meminfo - SSI]	Committed_AS:    2830816 kB
20220312 003118.193 INFO             PET0 PIOc_sync Exit - MemInfo: [/proc/meminfo - SSI]	CommittedPercent: 4.2985 %
20220312 003118.193 INFO             PET0 PIOc_sync Exit - MemInfo: [/proc/self/status]	VmPeak:	   94120 kB
20220312 003118.193 INFO             PET0 PIOc_sync Exit - MemInfo: [/proc/self/status]	VmSize:	   94060 kB
20220312 003118.193 INFO             PET0 PIOc_sync Exit - MemInfo: [/proc/self/status]	VmLck:	       0 kB
20220312 003118.193 INFO             PET0 PIOc_sync Exit - MemInfo: [/proc/self/status]	VmPin:	       0 kB
20220312 003118.193 INFO             PET0 PIOc_sync Exit - MemInfo: [/proc/self/status]	VmHWM:	   19440 kB
20220312 003118.193 INFO             PET0 PIOc_sync Exit - MemInfo: [/proc/self/status]	VmRSS:	   19400 kB
20220312 003118.193 INFO             PET0 PIOc_sync Exit - MemInfo: [/proc/self/status]	VmData:	   18268 kB
20220312 003118.193 INFO             PET0 PIOc_sync Exit - MemInfo: [/proc/self/status]	VmStk:	     164 kB
20220312 003118.193 INFO             PET0 PIOc_sync Exit - MemInfo: [/proc/self/status]	VmExe:	   40852 kB
20220312 003118.193 INFO             PET0 PIOc_sync Exit - MemInfo: [/proc/self/status]	VmLib:	    1952 kB
20220312 003118.193 INFO             PET0 PIOc_sync Exit - MemInfo: [/proc/self/status]	VmPTE:	     184 kB
20220312 003118.193 INFO             PET0 PIOc_sync Exit - MemInfo: [/proc/self/status]	VmPMD:	      12 kB
20220312 003118.193 INFO             PET0 PIOc_sync Exit - MemInfo: [/proc/self/status]	VmSwap:	       0 kB
20220312 003118.194 INFO             PET0 PIOc_sync Exit - MemInfo: [/proc/self/status]	VmRSSPercent: 0.0294583 %
20220312 003118.194 INFO             PET0 PIOc_sync Exit - MemInfo: [malloc] Non-mmapped space allocated:                10152256 Byte
20220312 003118.194 INFO             PET0 PIOc_sync Exit - MemInfo: [malloc] Space allocated in mmapped regions:          4198400 Byte
20220312 003118.194 INFO             PET0 PIOc_sync Exit - MemInfo: [malloc] Maximum total allocated space:                     0 Byte
20220312 003118.194 INFO             PET0 PIOc_sync Exit - MemInfo: [malloc] Space in freed fastbin blocks:                    64 Byte
20220312 003118.194 INFO             PET0 PIOc_sync Exit - MemInfo: [malloc] Total allocated space:                      10057792 Byte
20220312 003118.194 INFO             PET0 PIOc_sync Exit - MemInfo: [malloc] Total free space:                              94464 Byte
20220312 003118.194 INFO             PET0 PIOc_sync Exit - MemInfo: [malloc] Top-most, releasable space:                    55440 Byte
20220312 003118.194 INFO             PET0 PIOc_sync Exit - MemInfo: [malloc] Total space in use, mmap + non-mmap:        14256192 Byte
20220312 003118.194 INFO             PET0 PIOc_sync Exit - MemInfo: [malloc] Total space held (mmap + non-mmap):         14350656 Byte
20220312 003118.194 INFO             PET0 PIOc_sync Exit - MemInfo: [malloc] Total space used (mmap + non-mmap):         14264624 Byte
20220312 003118.194 INFO             PET0 PIOc_sync Exit - MemInfo: Wall-clock time since execution start:               0.078892 seconds
20220312 003118.194 INFO             PET0 PIOc_freedecomp Enter - MemInfo: [/proc/meminfo - SSI]	MemTotal:       65855856 kB
20220312 003118.194 INFO             PET0 PIOc_freedecomp Enter - MemInfo: [/proc/meminfo - SSI]	MemFree:        61293172 kB
20220312 003118.194 INFO             PET0 PIOc_freedecomp Enter - MemInfo: [/proc/meminfo - SSI]	MemAvailable:   61073076 kB
20220312 003118.194 INFO             PET0 PIOc_freedecomp Enter - MemInfo: [/proc/meminfo - SSI]	Committed_AS:    2830816 kB
20220312 003118.194 INFO             PET0 PIOc_freedecomp Enter - MemInfo: [/proc/meminfo - SSI]	CommittedPercent: 4.2985 %
20220312 003118.194 INFO             PET0 PIOc_freedecomp Enter - MemInfo: [/proc/self/status]	VmPeak:	   94120 kB
20220312 003118.194 INFO             PET0 PIOc_freedecomp Enter - MemInfo: [/proc/self/status]	VmSize:	   94060 kB
20220312 003118.194 INFO             PET0 PIOc_freedecomp Enter - MemInfo: [/proc/self/status]	VmLck:	       0 kB
20220312 003118.194 INFO             PET0 PIOc_freedecomp Enter - MemInfo: [/proc/self/status]	VmPin:	       0 kB
20220312 003118.194 INFO             PET0 PIOc_freedecomp Enter - MemInfo: [/proc/self/status]	VmHWM:	   19440 kB
20220312 003118.194 INFO             PET0 PIOc_freedecomp Enter - MemInfo: [/proc/self/status]	VmRSS:	   19400 kB
20220312 003118.194 INFO             PET0 PIOc_freedecomp Enter - MemInfo: [/proc/self/status]	VmData:	   18268 kB
20220312 003118.194 INFO             PET0 PIOc_freedecomp Enter - MemInfo: [/proc/self/status]	VmStk:	     164 kB
20220312 003118.194 INFO             PET0 PIOc_freedecomp Enter - MemInfo: [/proc/self/status]	VmExe:	   40852 kB
20220312 003118.194 INFO             PET0 PIOc_freedecomp Enter - MemInfo: [/proc/self/status]	VmLib:	    1952 kB
20220312 003118.194 INFO             PET0 PIOc_freedecomp Enter - MemInfo: [/proc/self/status]	VmPTE:	     184 kB
20220312 003118.194 INFO             PET0 PIOc_freedecomp Enter - MemInfo: [/proc/self/status]	VmPMD:	      12 kB
20220312 003118.194 INFO             PET0 PIOc_freedecomp Enter - MemInfo: [/proc/self/status]	VmSwap:	       0 kB
20220312 003118.194 INFO             PET0 PIOc_freedecomp Enter - MemInfo: [/proc/self/status]	VmRSSPercent: 0.0294583 %
20220312 003118.194 INFO             PET0 PIOc_freedecomp Enter - MemInfo: [malloc] Non-mmapped space allocated:                10152256 Byte
20220312 003118.194 INFO             PET0 PIOc_freedecomp Enter - MemInfo: [malloc] Space allocated in mmapped regions:          4198400 Byte
20220312 003118.194 INFO             PET0 PIOc_freedecomp Enter - MemInfo: [malloc] Maximum total allocated space:                     0 Byte
20220312 003118.194 INFO             PET0 PIOc_freedecomp Enter - MemInfo: [malloc] Space in freed fastbin blocks:                   240 Byte
20220312 003118.194 INFO             PET0 PIOc_freedecomp Enter - MemInfo: [malloc] Total allocated space:                       1132800 Byte
20220312 003118.194 INFO             PET0 PIOc_freedecomp Enter - MemInfo: [malloc] Total free space:                            9019456 Byte
20220312 003118.194 INFO             PET0 PIOc_freedecomp Enter - MemInfo: [malloc] Top-most, releasable space:                    55440 Byte
20220312 003118.194 INFO             PET0 PIOc_freedecomp Enter - MemInfo: [malloc] Total space in use, mmap + non-mmap:         5331200 Byte
20220312 003118.194 INFO             PET0 PIOc_freedecomp Enter - MemInfo: [malloc] Total space held (mmap + non-mmap):         14350656 Byte
20220312 003118.194 INFO             PET0 PIOc_freedecomp Enter - MemInfo: [malloc] Total space used (mmap + non-mmap):          5339408 Byte
20220312 003118.194 INFO             PET0 PIOc_freedecomp Enter - MemInfo: Wall-clock time since execution start:              0.0794311 seconds
20220312 003118.194 INFO             PET0 PIOc_freedecomp Exit - MemInfo: [/proc/meminfo - SSI]	MemTotal:       65855856 kB
20220312 003118.194 INFO             PET0 PIOc_freedecomp Exit - MemInfo: [/proc/meminfo - SSI]	MemFree:        61293172 kB
20220312 003118.194 INFO             PET0 PIOc_freedecomp Exit - MemInfo: [/proc/meminfo - SSI]	MemAvailable:   61073076 kB
20220312 003118.194 INFO             PET0 PIOc_freedecomp Exit - MemInfo: [/proc/meminfo - SSI]	Committed_AS:    2830816 kB
20220312 003118.194 INFO             PET0 PIOc_freedecomp Exit - MemInfo: [/proc/meminfo - SSI]	CommittedPercent: 4.2985 %
20220312 003118.194 INFO             PET0 PIOc_freedecomp Exit - MemInfo: [/proc/self/status]	VmPeak:	   94120 kB
20220312 003118.194 INFO             PET0 PIOc_freedecomp Exit - MemInfo: [/proc/self/status]	VmSize:	   94060 kB
20220312 003118.194 INFO             PET0 PIOc_freedecomp Exit - MemInfo: [/proc/self/status]	VmLck:	       0 kB
20220312 003118.194 INFO             PET0 PIOc_freedecomp Exit - MemInfo: [/proc/self/status]	VmPin:	       0 kB
20220312 003118.194 INFO             PET0 PIOc_freedecomp Exit - MemInfo: [/proc/self/status]	VmHWM:	   19440 kB
20220312 003118.194 INFO             PET0 PIOc_freedecomp Exit - MemInfo: [/proc/self/status]	VmRSS:	   19400 kB
20220312 003118.194 INFO             PET0 PIOc_freedecomp Exit - MemInfo: [/proc/self/status]	VmData:	   18268 kB
20220312 003118.194 INFO             PET0 PIOc_freedecomp Exit - MemInfo: [/proc/self/status]	VmStk:	     164 kB
20220312 003118.194 INFO             PET0 PIOc_freedecomp Exit - MemInfo: [/proc/self/status]	VmExe:	   40852 kB
20220312 003118.194 INFO             PET0 PIOc_freedecomp Exit - MemInfo: [/proc/self/status]	VmLib:	    1952 kB
20220312 003118.194 INFO             PET0 PIOc_freedecomp Exit - MemInfo: [/proc/self/status]	VmPTE:	     184 kB
20220312 003118.194 INFO             PET0 PIOc_freedecomp Exit - MemInfo: [/proc/self/status]	VmPMD:	      12 kB
20220312 003118.194 INFO             PET0 PIOc_freedecomp Exit - MemInfo: [/proc/self/status]	VmSwap:	       0 kB
20220312 003118.194 INFO             PET0 PIOc_freedecomp Exit - MemInfo: [/proc/self/status]	VmRSSPercent: 0.0294583 %
20220312 003118.194 INFO             PET0 PIOc_freedecomp Exit - MemInfo: [malloc] Non-mmapped space allocated:                10152256 Byte
20220312 003118.194 INFO             PET0 PIOc_freedecomp Exit - MemInfo: [malloc] Space allocated in mmapped regions:          4198400 Byte
20220312 003118.194 INFO             PET0 PIOc_freedecomp Exit - MemInfo: [malloc] Maximum total allocated space:                     0 Byte
20220312 003118.194 INFO             PET0 PIOc_freedecomp Exit - MemInfo: [malloc] Space in freed fastbin blocks:                   656 Byte
20220312 003118.194 INFO             PET0 PIOc_freedecomp Exit - MemInfo: [malloc] Total allocated space:                       1118560 Byte
20220312 003118.194 INFO             PET0 PIOc_freedecomp Exit - MemInfo: [malloc] Total free space:                            9033696 Byte
20220312 003118.194 INFO             PET0 PIOc_freedecomp Exit - MemInfo: [malloc] Top-most, releasable space:                    55440 Byte
20220312 003118.195 INFO             PET0 PIOc_freedecomp Exit - MemInfo: [malloc] Total space in use, mmap + non-mmap:         5316960 Byte
20220312 003118.195 INFO             PET0 PIOc_freedecomp Exit - MemInfo: [malloc] Total space held (mmap + non-mmap):         14350656 Byte
20220312 003118.195 INFO             PET0 PIOc_freedecomp Exit - MemInfo: [malloc] Total space used (mmap + non-mmap):          5325168 Byte
20220312 003118.195 INFO             PET0 PIOc_freedecomp Exit - MemInfo: Wall-clock time since execution start:              0.0798252 seconds
20220312 003118.195 INFO             PET0  PASS  Write ESMF_Array with Halo to NetCDF variable copy Test, ESMF_ArrayIOUTest.F90, line 442
20220312 003118.195 INFO             PET0  PASS  Destroy Array with Halo, ESMF_ArrayIOUTest.F90, line 453
20220312 003118.195 INFO             PET0  PASS  Destroy Array without Halo, ESMF_ArrayIOUTest.F90, line 460
20220312 003118.195 INFO             PET0  PASS  Destroy DistGrid, ESMF_ArrayIOUTest.F90, line 467
20220312 003118.195 INFO             PET0  PASS  dstDistgrid Create Test, ESMF_ArrayIOUTest.F90, line 485
20220312 003118.195 INFO             PET0  PASS  Array Spec Set Test, ESMF_ArrayIOUTest.F90, line 493
20220312 003118.195 INFO             PET0  PASS  Array with Halo Create Test, ESMF_ArrayIOUTest.F90, line 507
20220312 003118.195 INFO             PET0  PASS  Array without Halo Create Test, ESMF_ArrayIOUTest.F90, line 517
20220312 003118.197 INFO             PET0 PIOc_sync Enter - MemInfo: [/proc/meminfo - SSI]	MemTotal:       65855856 kB
20220312 003118.197 INFO             PET0 PIOc_sync Enter - MemInfo: [/proc/meminfo - SSI]	MemFree:        61293172 kB
20220312 003118.197 INFO             PET0 PIOc_sync Enter - MemInfo: [/proc/meminfo - SSI]	MemAvailable:   61073076 kB
20220312 003118.197 INFO             PET0 PIOc_sync Enter - MemInfo: [/proc/meminfo - SSI]	Committed_AS:    2830816 kB
20220312 003118.197 INFO             PET0 PIOc_sync Enter - MemInfo: [/proc/meminfo - SSI]	CommittedPercent: 4.2985 %
20220312 003118.197 INFO             PET0 PIOc_sync Enter - MemInfo: [/proc/self/status]	VmPeak:	   94120 kB
20220312 003118.197 INFO             PET0 PIOc_sync Enter - MemInfo: [/proc/self/status]	VmSize:	   94060 kB
20220312 003118.197 INFO             PET0 PIOc_sync Enter - MemInfo: [/proc/self/status]	VmLck:	       0 kB
20220312 003118.197 INFO             PET0 PIOc_sync Enter - MemInfo: [/proc/self/status]	VmPin:	       0 kB
20220312 003118.197 INFO             PET0 PIOc_sync Enter - MemInfo: [/proc/self/status]	VmHWM:	   19656 kB
20220312 003118.197 INFO             PET0 PIOc_sync Enter - MemInfo: [/proc/self/status]	VmRSS:	   19656 kB
20220312 003118.197 INFO             PET0 PIOc_sync Enter - MemInfo: [/proc/self/status]	VmData:	   18268 kB
20220312 003118.197 INFO             PET0 PIOc_sync Enter - MemInfo: [/proc/self/status]	VmStk:	     164 kB
20220312 003118.197 INFO             PET0 PIOc_sync Enter - MemInfo: [/proc/self/status]	VmExe:	   40852 kB
20220312 003118.197 INFO             PET0 PIOc_sync Enter - MemInfo: [/proc/self/status]	VmLib:	    1952 kB
20220312 003118.197 INFO             PET0 PIOc_sync Enter - MemInfo: [/proc/self/status]	VmPTE:	     184 kB
20220312 003118.197 INFO             PET0 PIOc_sync Enter - MemInfo: [/proc/self/status]	VmPMD:	      12 kB
20220312 003118.197 INFO             PET0 PIOc_sync Enter - MemInfo: [/proc/self/status]	VmSwap:	       0 kB
20220312 003118.197 INFO             PET0 PIOc_sync Enter - MemInfo: [/proc/self/status]	VmRSSPercent: 0.029847 %
20220312 003118.197 INFO             PET0 PIOc_sync Enter - MemInfo: [malloc] Non-mmapped space allocated:                10152256 Byte
20220312 003118.197 INFO             PET0 PIOc_sync Enter - MemInfo: [malloc] Space allocated in mmapped regions:          4198400 Byte
20220312 003118.197 INFO             PET0 PIOc_sync Enter - MemInfo: [malloc] Maximum total allocated space:                     0 Byte
20220312 003118.197 INFO             PET0 PIOc_sync Enter - MemInfo: [malloc] Space in freed fastbin blocks:                     0 Byte
20220312 003118.197 INFO             PET0 PIOc_sync Enter - MemInfo: [malloc] Total allocated space:                      10051840 Byte
20220312 003118.197 INFO             PET0 PIOc_sync Enter - MemInfo: [malloc] Total free space:                             100416 Byte
20220312 003118.197 INFO             PET0 PIOc_sync Enter - MemInfo: [malloc] Top-most, releasable space:                    55440 Byte
20220312 003118.197 INFO             PET0 PIOc_sync Enter - MemInfo: [malloc] Total space in use, mmap + non-mmap:        14250240 Byte
20220312 003118.197 INFO             PET0 PIOc_sync Enter - MemInfo: [malloc] Total space held (mmap + non-mmap):         14350656 Byte
20220312 003118.197 INFO             PET0 PIOc_sync Enter - MemInfo: [malloc] Total space used (mmap + non-mmap):         14259200 Byte
20220312 003118.197 INFO             PET0 PIOc_sync Enter - MemInfo: Wall-clock time since execution start:               0.082541 seconds
20220312 003118.197 INFO             PET0 PIOc_sync Exit - MemInfo: [/proc/meminfo - SSI]	MemTotal:       65855856 kB
20220312 003118.197 INFO             PET0 PIOc_sync Exit - MemInfo: [/proc/meminfo - SSI]	MemFree:        61293172 kB
20220312 003118.197 INFO             PET0 PIOc_sync Exit - MemInfo: [/proc/meminfo - SSI]	MemAvailable:   61073076 kB
20220312 003118.197 INFO             PET0 PIOc_sync Exit - MemInfo: [/proc/meminfo - SSI]	Committed_AS:    2830816 kB
20220312 003118.198 INFO             PET0 PIOc_sync Exit - MemInfo: [/proc/meminfo - SSI]	CommittedPercent: 4.2985 %
20220312 003118.198 INFO             PET0 PIOc_sync Exit - MemInfo: [/proc/self/status]	VmPeak:	   94120 kB
20220312 003118.198 INFO             PET0 PIOc_sync Exit - MemInfo: [/proc/self/status]	VmSize:	   94060 kB
20220312 003118.198 INFO             PET0 PIOc_sync Exit - MemInfo: [/proc/self/status]	VmLck:	       0 kB
20220312 003118.198 INFO             PET0 PIOc_sync Exit - MemInfo: [/proc/self/status]	VmPin:	       0 kB
20220312 003118.198 INFO             PET0 PIOc_sync Exit - MemInfo: [/proc/self/status]	VmHWM:	   19656 kB
20220312 003118.198 INFO             PET0 PIOc_sync Exit - MemInfo: [/proc/self/status]	VmRSS:	   19656 kB
20220312 003118.198 INFO             PET0 PIOc_sync Exit - MemInfo: [/proc/self/status]	VmData:	   18268 kB
20220312 003118.198 INFO             PET0 PIOc_sync Exit - MemInfo: [/proc/self/status]	VmStk:	     164 kB
20220312 003118.198 INFO             PET0 PIOc_sync Exit - MemInfo: [/proc/self/status]	VmExe:	   40852 kB
20220312 003118.198 INFO             PET0 PIOc_sync Exit - MemInfo: [/proc/self/status]	VmLib:	    1952 kB
20220312 003118.198 INFO             PET0 PIOc_sync Exit - MemInfo: [/proc/self/status]	VmPTE:	     184 kB
20220312 003118.198 INFO             PET0 PIOc_sync Exit - MemInfo: [/proc/self/status]	VmPMD:	      12 kB
20220312 003118.198 INFO             PET0 PIOc_sync Exit - MemInfo: [/proc/self/status]	VmSwap:	       0 kB
20220312 003118.198 INFO             PET0 PIOc_sync Exit - MemInfo: [/proc/self/status]	VmRSSPercent: 0.029847 %
20220312 003118.198 INFO             PET0 PIOc_sync Exit - MemInfo: [malloc] Non-mmapped space allocated:                10152256 Byte
20220312 003118.198 INFO             PET0 PIOc_sync Exit - MemInfo: [malloc] Space allocated in mmapped regions:          4198400 Byte
20220312 003118.198 INFO             PET0 PIOc_sync Exit - MemInfo: [malloc] Maximum total allocated space:                     0 Byte
20220312 003118.198 INFO             PET0 PIOc_sync Exit - MemInfo: [malloc] Space in freed fastbin blocks:                     0 Byte
20220312 003118.198 INFO             PET0 PIOc_sync Exit - MemInfo: [malloc] Total allocated space:                      10054752 Byte
20220312 003118.198 INFO             PET0 PIOc_sync Exit - MemInfo: [malloc] Total free space:                              97504 Byte
20220312 003118.198 INFO             PET0 PIOc_sync Exit - MemInfo: [malloc] Top-most, releasable space:                    55440 Byte
20220312 003118.198 INFO             PET0 PIOc_sync Exit - MemInfo: [malloc] Total space in use, mmap + non-mmap:        14253152 Byte
20220312 003118.198 INFO             PET0 PIOc_sync Exit - MemInfo: [malloc] Total space held (mmap + non-mmap):         14350656 Byte
20220312 003118.198 INFO             PET0 PIOc_sync Exit - MemInfo: [malloc] Total space used (mmap + non-mmap):         14261920 Byte
20220312 003118.198 INFO             PET0 PIOc_sync Exit - MemInfo: Wall-clock time since execution start:               0.083075 seconds
20220312 003118.198 INFO             PET0 PIOc_freedecomp Enter - MemInfo: [/proc/meminfo - SSI]	MemTotal:       65855856 kB
20220312 003118.198 INFO             PET0 PIOc_freedecomp Enter - MemInfo: [/proc/meminfo - SSI]	MemFree:        61293172 kB
20220312 003118.198 INFO             PET0 PIOc_freedecomp Enter - MemInfo: [/proc/meminfo - SSI]	MemAvailable:   61073076 kB
20220312 003118.198 INFO             PET0 PIOc_freedecomp Enter - MemInfo: [/proc/meminfo - SSI]	Committed_AS:    2830816 kB
20220312 003118.198 INFO             PET0 PIOc_freedecomp Enter - MemInfo: [/proc/meminfo - SSI]	CommittedPercent: 4.2985 %
20220312 003118.198 INFO             PET0 PIOc_freedecomp Enter - MemInfo: [/proc/self/status]	VmPeak:	   94120 kB
20220312 003118.198 INFO             PET0 PIOc_freedecomp Enter - MemInfo: [/proc/self/status]	VmSize:	   94060 kB
20220312 003118.198 INFO             PET0 PIOc_freedecomp Enter - MemInfo: [/proc/self/status]	VmLck:	       0 kB
20220312 003118.198 INFO             PET0 PIOc_freedecomp Enter - MemInfo: [/proc/self/status]	VmPin:	       0 kB
20220312 003118.198 INFO             PET0 PIOc_freedecomp Enter - MemInfo: [/proc/self/status]	VmHWM:	   19656 kB
20220312 003118.198 INFO             PET0 PIOc_freedecomp Enter - MemInfo: [/proc/self/status]	VmRSS:	   19656 kB
20220312 003118.198 INFO             PET0 PIOc_freedecomp Enter - MemInfo: [/proc/self/status]	VmData:	   18268 kB
20220312 003118.198 INFO             PET0 PIOc_freedecomp Enter - MemInfo: [/proc/self/status]	VmStk:	     164 kB
20220312 003118.198 INFO             PET0 PIOc_freedecomp Enter - MemInfo: [/proc/self/status]	VmExe:	   40852 kB
20220312 003118.198 INFO             PET0 PIOc_freedecomp Enter - MemInfo: [/proc/self/status]	VmLib:	    1952 kB
20220312 003118.198 INFO             PET0 PIOc_freedecomp Enter - MemInfo: [/proc/self/status]	VmPTE:	     184 kB
20220312 003118.198 INFO             PET0 PIOc_freedecomp Enter - MemInfo: [/proc/self/status]	VmPMD:	      12 kB
20220312 003118.198 INFO             PET0 PIOc_freedecomp Enter - MemInfo: [/proc/self/status]	VmSwap:	       0 kB
20220312 003118.198 INFO             PET0 PIOc_freedecomp Enter - MemInfo: [/proc/self/status]	VmRSSPercent: 0.029847 %
20220312 003118.198 INFO             PET0 PIOc_freedecomp Enter - MemInfo: [malloc] Non-mmapped space allocated:                10152256 Byte
20220312 003118.198 INFO             PET0 PIOc_freedecomp Enter - MemInfo: [malloc] Space allocated in mmapped regions:          4198400 Byte
20220312 003118.198 INFO             PET0 PIOc_freedecomp Enter - MemInfo: [malloc] Maximum total allocated space:                     0 Byte
20220312 003118.198 INFO             PET0 PIOc_freedecomp Enter - MemInfo: [malloc] Space in freed fastbin blocks:                   240 Byte
20220312 003118.198 INFO             PET0 PIOc_freedecomp Enter - MemInfo: [malloc] Total allocated space:                       1130928 Byte
20220312 003118.198 INFO             PET0 PIOc_freedecomp Enter - MemInfo: [malloc] Total free space:                            9021328 Byte
20220312 003118.198 INFO             PET0 PIOc_freedecomp Enter - MemInfo: [malloc] Top-most, releasable space:                    55440 Byte
20220312 003118.198 INFO             PET0 PIOc_freedecomp Enter - MemInfo: [malloc] Total space in use, mmap + non-mmap:         5329328 Byte
20220312 003118.198 INFO             PET0 PIOc_freedecomp Enter - MemInfo: [malloc] Total space held (mmap + non-mmap):         14350656 Byte
20220312 003118.198 INFO             PET0 PIOc_freedecomp Enter - MemInfo: [malloc] Total space used (mmap + non-mmap):          5337536 Byte
20220312 003118.198 INFO             PET0 PIOc_freedecomp Enter - MemInfo: Wall-clock time since execution start:              0.0836332 seconds
20220312 003118.198 INFO             PET0 PIOc_freedecomp Exit - MemInfo: [/proc/meminfo - SSI]	MemTotal:       65855856 kB
20220312 003118.198 INFO             PET0 PIOc_freedecomp Exit - MemInfo: [/proc/meminfo - SSI]	MemFree:        61293172 kB
20220312 003118.198 INFO             PET0 PIOc_freedecomp Exit - MemInfo: [/proc/meminfo - SSI]	MemAvailable:   61073076 kB
20220312 003118.198 INFO             PET0 PIOc_freedecomp Exit - MemInfo: [/proc/meminfo - SSI]	Committed_AS:    2830816 kB
20220312 003118.198 INFO             PET0 PIOc_freedecomp Exit - MemInfo: [/proc/meminfo - SSI]	CommittedPercent: 4.2985 %
20220312 003118.198 INFO             PET0 PIOc_freedecomp Exit - MemInfo: [/proc/self/status]	VmPeak:	   94120 kB
20220312 003118.199 INFO             PET0 PIOc_freedecomp Exit - MemInfo: [/proc/self/status]	VmSize:	   94060 kB
20220312 003118.199 INFO             PET0 PIOc_freedecomp Exit - MemInfo: [/proc/self/status]	VmLck:	       0 kB
20220312 003118.199 INFO             PET0 PIOc_freedecomp Exit - MemInfo: [/proc/self/status]	VmPin:	       0 kB
20220312 003118.199 INFO             PET0 PIOc_freedecomp Exit - MemInfo: [/proc/self/status]	VmHWM:	   19656 kB
20220312 003118.199 INFO             PET0 PIOc_freedecomp Exit - MemInfo: [/proc/self/status]	VmRSS:	   19656 kB
20220312 003118.199 INFO             PET0 PIOc_freedecomp Exit - MemInfo: [/proc/self/status]	VmData:	   18268 kB
20220312 003118.199 INFO             PET0 PIOc_freedecomp Exit - MemInfo: [/proc/self/status]	VmStk:	     164 kB
20220312 003118.199 INFO             PET0 PIOc_freedecomp Exit - MemInfo: [/proc/self/status]	VmExe:	   40852 kB
20220312 003118.199 INFO             PET0 PIOc_freedecomp Exit - MemInfo: [/proc/self/status]	VmLib:	    1952 kB
20220312 003118.199 INFO             PET0 PIOc_freedecomp Exit - MemInfo: [/proc/self/status]	VmPTE:	     184 kB
20220312 003118.199 INFO             PET0 PIOc_freedecomp Exit - MemInfo: [/proc/self/status]	VmPMD:	      12 kB
20220312 003118.199 INFO             PET0 PIOc_freedecomp Exit - MemInfo: [/proc/self/status]	VmSwap:	       0 kB
20220312 003118.199 INFO             PET0 PIOc_freedecomp Exit - MemInfo: [/proc/self/status]	VmRSSPercent: 0.029847 %
20220312 003118.199 INFO             PET0 PIOc_freedecomp Exit - MemInfo: [malloc] Non-mmapped space allocated:                10152256 Byte
20220312 003118.199 INFO             PET0 PIOc_freedecomp Exit - MemInfo: [malloc] Space allocated in mmapped regions:          4198400 Byte
20220312 003118.199 INFO             PET0 PIOc_freedecomp Exit - MemInfo: [malloc] Maximum total allocated space:                     0 Byte
20220312 003118.199 INFO             PET0 PIOc_freedecomp Exit - MemInfo: [malloc] Space in freed fastbin blocks:                  1200 Byte
20220312 003118.199 INFO             PET0 PIOc_freedecomp Exit - MemInfo: [malloc] Total allocated space:                       1129728 Byte
20220312 003118.199 INFO             PET0 PIOc_freedecomp Exit - MemInfo: [malloc] Total free space:                            9022528 Byte
20220312 003118.199 INFO             PET0 PIOc_freedecomp Exit - MemInfo: [malloc] Top-most, releasable space:                    55440 Byte
20220312 003118.199 INFO             PET0 PIOc_freedecomp Exit - MemInfo: [malloc] Total space in use, mmap + non-mmap:         5328128 Byte
20220312 003118.199 INFO             PET0 PIOc_freedecomp Exit - MemInfo: [malloc] Total space held (mmap + non-mmap):         14350656 Byte
20220312 003118.199 INFO             PET0 PIOc_freedecomp Exit - MemInfo: [malloc] Total space used (mmap + non-mmap):          5336336 Byte
20220312 003118.199 INFO             PET0 PIOc_freedecomp Exit - MemInfo: Wall-clock time since execution start:              0.0840371 seconds
20220312 003118.199 INFO             PET0  PASS  Write 2D ESMF_Array with Halo to NetCDF Test, ESMF_ArrayIOUTest.F90, line 547
20220312 003118.200 WARNING          PET0 ESMCI_PIO_Handler.C:1344 ESMCI::PIO_Handler::open()  Unable to set fill on file: file2D_withhalo.nc, (PIO/NetCDF error = NetCDF: Write to read only)
20220312 003118.200 INFO             PET0 PIOc_sync Enter - MemInfo: [/proc/meminfo - SSI]	MemTotal:       65855856 kB
20220312 003118.201 INFO             PET0 PIOc_sync Enter - MemInfo: [/proc/meminfo - SSI]	MemFree:        61293172 kB
20220312 003118.201 INFO             PET0 PIOc_sync Enter - MemInfo: [/proc/meminfo - SSI]	MemAvailable:   61073076 kB
20220312 003118.201 INFO             PET0 PIOc_sync Enter - MemInfo: [/proc/meminfo - SSI]	Committed_AS:    2830816 kB
20220312 003118.201 INFO             PET0 PIOc_sync Enter - MemInfo: [/proc/meminfo - SSI]	CommittedPercent: 4.2985 %
20220312 003118.201 INFO             PET0 PIOc_sync Enter - MemInfo: [/proc/self/status]	VmPeak:	   94120 kB
20220312 003118.201 INFO             PET0 PIOc_sync Enter - MemInfo: [/proc/self/status]	VmSize:	   94060 kB
20220312 003118.201 INFO             PET0 PIOc_sync Enter - MemInfo: [/proc/self/status]	VmLck:	       0 kB
20220312 003118.201 INFO             PET0 PIOc_sync Enter - MemInfo: [/proc/self/status]	VmPin:	       0 kB
20220312 003118.201 INFO             PET0 PIOc_sync Enter - MemInfo: [/proc/self/status]	VmHWM:	   19656 kB
20220312 003118.201 INFO             PET0 PIOc_sync Enter - MemInfo: [/proc/self/status]	VmRSS:	   19656 kB
20220312 003118.201 INFO             PET0 PIOc_sync Enter - MemInfo: [/proc/self/status]	VmData:	   18268 kB
20220312 003118.201 INFO             PET0 PIOc_sync Enter - MemInfo: [/proc/self/status]	VmStk:	     164 kB
20220312 003118.201 INFO             PET0 PIOc_sync Enter - MemInfo: [/proc/self/status]	VmExe:	   40852 kB
20220312 003118.201 INFO             PET0 PIOc_sync Enter - MemInfo: [/proc/self/status]	VmLib:	    1952 kB
20220312 003118.201 INFO             PET0 PIOc_sync Enter - MemInfo: [/proc/self/status]	VmPTE:	     184 kB
20220312 003118.201 INFO             PET0 PIOc_sync Enter - MemInfo: [/proc/self/status]	VmPMD:	      12 kB
20220312 003118.201 INFO             PET0 PIOc_sync Enter - MemInfo: [/proc/self/status]	VmSwap:	       0 kB
20220312 003118.201 INFO             PET0 PIOc_sync Enter - MemInfo: [/proc/self/status]	VmRSSPercent: 0.029847 %
20220312 003118.201 INFO             PET0 PIOc_sync Enter - MemInfo: [malloc] Non-mmapped space allocated:                10152256 Byte
20220312 003118.201 INFO             PET0 PIOc_sync Enter - MemInfo: [malloc] Space allocated in mmapped regions:          4198400 Byte
20220312 003118.201 INFO             PET0 PIOc_sync Enter - MemInfo: [malloc] Maximum total allocated space:                     0 Byte
20220312 003118.201 INFO             PET0 PIOc_sync Enter - MemInfo: [malloc] Space in freed fastbin blocks:                     0 Byte
20220312 003118.201 INFO             PET0 PIOc_sync Enter - MemInfo: [malloc] Total allocated space:                      10055792 Byte
20220312 003118.201 INFO             PET0 PIOc_sync Enter - MemInfo: [malloc] Total free space:                              96464 Byte
