build time -- 2022-03-14 00:47:24
20220314 013812.440 INFO             PET0 !!!!!!!!!!!!!!!!!!!!!!!!!!!!!!!!!!!!!!!!!!!!!!!!!!!!!!
20220314 013812.440 INFO             PET0 !!! THE ESMF_LOG IS SET TO OUTPUT ALL LOG MESSAGES !!!
20220314 013812.440 INFO             PET0 !!!     THIS MAY CAUSE SLOWDOWN IN PERFORMANCE     !!!
20220314 013812.440 INFO             PET0 !!! FOR PRODUCTION RUNS, USE:                      !!!
20220314 013812.440 INFO             PET0 !!!                   ESMF_LOGKIND_Multi_On_Error  !!!
20220314 013812.440 INFO             PET0 !!!!!!!!!!!!!!!!!!!!!!!!!!!!!!!!!!!!!!!!!!!!!!!!!!!!!!
20220314 013812.440 INFO             PET0 Running with ESMF Version   : v8.3.0b09-96-g559b459836
20220314 013812.440 INFO             PET0 ESMF library build date/time: "Mar 14 2022" "00:45:31"
20220314 013812.440 INFO             PET0 ESMF library build location : /lustre/f2/dev/ncep/Mark.Potts/gfortran_8.3.0_mpi_g_jedwards_pio_update2
20220314 013812.440 INFO             PET0 ESMF_COMM                   : mpi
20220314 013812.441 INFO             PET0 ESMF_MOAB                   : enabled
20220314 013812.441 INFO             PET0 ESMF_LAPACK                 : enabled
20220314 013812.441 INFO             PET0 ESMF_NETCDF                 : enabled
20220314 013812.441 INFO             PET0 ESMF_PNETCDF                : disabled
20220314 013812.441 INFO             PET0 ESMF_PIO                    : enabled
20220314 013812.441 INFO             PET0 ESMF_YAMLCPP                : enabled
20220314 013812.441 INFO             PET0  Beginning Test, file ESMF_IOUTest.F90, line 57
20220314 013812.441 INFO             PET0  NUMBER_OF_PROCESSORS           4
20220314 013812.441 INFO             PET0 Starting Test:  ESMF_OutputWeightFile
20220314 013812.531 INFO             PET0 PIOc_sync Enter - MemInfo: [/proc/meminfo - SSI]	MemTotal:       65855856 kB
20220314 013812.531 INFO             PET0 PIOc_sync Enter - MemInfo: [/proc/meminfo - SSI]	MemFree:        61172948 kB
20220314 013812.531 INFO             PET0 PIOc_sync Enter - MemInfo: [/proc/meminfo - SSI]	MemAvailable:   60954168 kB
20220314 013812.531 INFO             PET0 PIOc_sync Enter - MemInfo: [/proc/meminfo - SSI]	Committed_AS:    2873736 kB
20220314 013812.531 INFO             PET0 PIOc_sync Enter - MemInfo: [/proc/meminfo - SSI]	CommittedPercent: 4.36368 %
20220314 013812.531 INFO             PET0 PIOc_sync Enter - MemInfo: [/proc/self/status]	VmPeak:	   83516 kB
20220314 013812.531 INFO             PET0 PIOc_sync Enter - MemInfo: [/proc/self/status]	VmSize:	   83516 kB
20220314 013812.531 INFO             PET0 PIOc_sync Enter - MemInfo: [/proc/self/status]	VmLck:	       0 kB
20220314 013812.531 INFO             PET0 PIOc_sync Enter - MemInfo: [/proc/self/status]	VmPin:	       0 kB
20220314 013812.531 INFO             PET0 PIOc_sync Enter - MemInfo: [/proc/self/status]	VmHWM:	   20208 kB
20220314 013812.531 INFO             PET0 PIOc_sync Enter - MemInfo: [/proc/self/status]	VmRSS:	   20208 kB
20220314 013812.531 INFO             PET0 PIOc_sync Enter - MemInfo: [/proc/self/status]	VmData:	   17228 kB
20220314 013812.531 INFO             PET0 PIOc_sync Enter - MemInfo: [/proc/self/status]	VmStk:	     164 kB
20220314 013812.531 INFO             PET0 PIOc_sync Enter - MemInfo: [/proc/self/status]	VmExe:	   40704 kB
20220314 013812.531 INFO             PET0 PIOc_sync Enter - MemInfo: [/proc/self/status]	VmLib:	    1952 kB
20220314 013812.531 INFO             PET0 PIOc_sync Enter - MemInfo: [/proc/self/status]	VmPTE:	     144 kB
20220314 013812.531 INFO             PET0 PIOc_sync Enter - MemInfo: [/proc/self/status]	VmPMD:	      12 kB
20220314 013812.531 INFO             PET0 PIOc_sync Enter - MemInfo: [/proc/self/status]	VmSwap:	       0 kB
20220314 013812.531 INFO             PET0 PIOc_sync Enter - MemInfo: [/proc/self/status]	VmRSSPercent: 0.0306852 %
20220314 013812.531 INFO             PET0 PIOc_sync Enter - MemInfo: [malloc] Non-mmapped space allocated:                  960832 Byte
20220314 013812.531 INFO             PET0 PIOc_sync Enter - MemInfo: [malloc] Space allocated in mmapped regions:         12324864 Byte
20220314 013812.531 INFO             PET0 PIOc_sync Enter - MemInfo: [malloc] Maximum total allocated space:                     0 Byte
20220314 013812.531 INFO             PET0 PIOc_sync Enter - MemInfo: [malloc] Space in freed fastbin blocks:                     0 Byte
20220314 013812.532 INFO             PET0 PIOc_sync Enter - MemInfo: [malloc] Total allocated space:                        900896 Byte
20220314 013812.532 INFO             PET0 PIOc_sync Enter - MemInfo: [malloc] Total free space:                              59936 Byte
20220314 013812.532 INFO             PET0 PIOc_sync Enter - MemInfo: [malloc] Top-most, releasable space:                    59936 Byte
20220314 013812.532 INFO             PET0 PIOc_sync Enter - MemInfo: [malloc] Total space in use, mmap + non-mmap:        13225760 Byte
20220314 013812.532 INFO             PET0 PIOc_sync Enter - MemInfo: [malloc] Total space held (mmap + non-mmap):         13285696 Byte
20220314 013812.532 INFO             PET0 PIOc_sync Enter - MemInfo: [malloc] Total space used (mmap + non-mmap):         13235824 Byte
20220314 013812.532 INFO             PET0 PIOc_sync Enter - MemInfo: Wall-clock time since execution start:               0.106385 seconds
20220314 013812.532 INFO             PET0 PIOc_sync Exit - MemInfo: [/proc/meminfo - SSI]	MemTotal:       65855856 kB
20220314 013812.532 INFO             PET0 PIOc_sync Exit - MemInfo: [/proc/meminfo - SSI]	MemFree:        61172444 kB
20220314 013812.532 INFO             PET0 PIOc_sync Exit - MemInfo: [/proc/meminfo - SSI]	MemAvailable:   60953664 kB
20220314 013812.532 INFO             PET0 PIOc_sync Exit - MemInfo: [/proc/meminfo - SSI]	Committed_AS:    2873736 kB
20220314 013812.532 INFO             PET0 PIOc_sync Exit - MemInfo: [/proc/meminfo - SSI]	CommittedPercent: 4.36368 %
20220314 013812.532 INFO             PET0 PIOc_sync Exit - MemInfo: [/proc/self/status]	VmPeak:	   83976 kB
20220314 013812.532 INFO             PET0 PIOc_sync Exit - MemInfo: [/proc/self/status]	VmSize:	   83976 kB
20220314 013812.532 INFO             PET0 PIOc_sync Exit - MemInfo: [/proc/self/status]	VmLck:	       0 kB
20220314 013812.532 INFO             PET0 PIOc_sync Exit - MemInfo: [/proc/self/status]	VmPin:	       0 kB
20220314 013812.532 INFO             PET0 PIOc_sync Exit - MemInfo: [/proc/self/status]	VmHWM:	   20720 kB
20220314 013812.532 INFO             PET0 PIOc_sync Exit - MemInfo: [/proc/self/status]	VmRSS:	   20720 kB
20220314 013812.532 INFO             PET0 PIOc_sync Exit - MemInfo: [/proc/self/status]	VmData:	   17688 kB
20220314 013812.532 INFO             PET0 PIOc_sync Exit - MemInfo: [/proc/self/status]	VmStk:	     164 kB
20220314 013812.532 INFO             PET0 PIOc_sync Exit - MemInfo: [/proc/self/status]	VmExe:	   40704 kB
20220314 013812.532 INFO             PET0 PIOc_sync Exit - MemInfo: [/proc/self/status]	VmLib:	    1952 kB
20220314 013812.532 INFO             PET0 PIOc_sync Exit - MemInfo: [/proc/self/status]	VmPTE:	     156 kB
20220314 013812.532 INFO             PET0 PIOc_sync Exit - MemInfo: [/proc/self/status]	VmPMD:	      12 kB
20220314 013812.532 INFO             PET0 PIOc_sync Exit - MemInfo: [/proc/self/status]	VmSwap:	       0 kB
20220314 013812.532 INFO             PET0 PIOc_sync Exit - MemInfo: [/proc/self/status]	VmRSSPercent: 0.0314627 %
20220314 013812.532 INFO             PET0 PIOc_sync Exit - MemInfo: [malloc] Non-mmapped space allocated:                 1431872 Byte
20220314 013812.532 INFO             PET0 PIOc_sync Exit - MemInfo: [malloc] Space allocated in mmapped regions:         12324864 Byte
20220314 013812.532 INFO             PET0 PIOc_sync Exit - MemInfo: [malloc] Maximum total allocated space:                     0 Byte
20220314 013812.532 INFO             PET0 PIOc_sync Exit - MemInfo: [malloc] Space in freed fastbin blocks:                     0 Byte
20220314 013812.532 INFO             PET0 PIOc_sync Exit - MemInfo: [malloc] Total allocated space:                       1299136 Byte
20220314 013812.532 INFO             PET0 PIOc_sync Exit - MemInfo: [malloc] Total free space:                             132736 Byte
20220314 013812.532 INFO             PET0 PIOc_sync Exit - MemInfo: [malloc] Top-most, releasable space:                   132736 Byte
20220314 013812.532 INFO             PET0 PIOc_sync Exit - MemInfo: [malloc] Total space in use, mmap + non-mmap:        13624000 Byte
20220314 013812.532 INFO             PET0 PIOc_sync Exit - MemInfo: [malloc] Total space held (mmap + non-mmap):         13756736 Byte
20220314 013812.532 INFO             PET0 PIOc_sync Exit - MemInfo: [malloc] Total space used (mmap + non-mmap):         13632944 Byte
20220314 013812.532 INFO             PET0 PIOc_sync Exit - MemInfo: Wall-clock time since execution start:               0.107156 seconds
20220314 013812.533 INFO             PET0 PIOc_freedecomp Enter - MemInfo: [/proc/meminfo - SSI]	MemTotal:       65855856 kB
20220314 013812.533 INFO             PET0 PIOc_freedecomp Enter - MemInfo: [/proc/meminfo - SSI]	MemFree:        61179500 kB
20220314 013812.533 INFO             PET0 PIOc_freedecomp Enter - MemInfo: [/proc/meminfo - SSI]	MemAvailable:   60960720 kB
20220314 013812.533 INFO             PET0 PIOc_freedecomp Enter - MemInfo: [/proc/meminfo - SSI]	Committed_AS:    2866000 kB
20220314 013812.533 INFO             PET0 PIOc_freedecomp Enter - MemInfo: [/proc/meminfo - SSI]	CommittedPercent: 4.35193 %
20220314 013812.533 INFO             PET0 PIOc_freedecomp Enter - MemInfo: [/proc/self/status]	VmPeak:	   83976 kB
20220314 013812.533 INFO             PET0 PIOc_freedecomp Enter - MemInfo: [/proc/self/status]	VmSize:	   75264 kB
20220314 013812.533 INFO             PET0 PIOc_freedecomp Enter - MemInfo: [/proc/self/status]	VmLck:	       0 kB
20220314 013812.533 INFO             PET0 PIOc_freedecomp Enter - MemInfo: [/proc/self/status]	VmPin:	       0 kB
20220314 013812.533 INFO             PET0 PIOc_freedecomp Enter - MemInfo: [/proc/self/status]	VmHWM:	   20720 kB
20220314 013812.533 INFO             PET0 PIOc_freedecomp Enter - MemInfo: [/proc/self/status]	VmRSS:	   12708 kB
20220314 013812.533 INFO             PET0 PIOc_freedecomp Enter - MemInfo: [/proc/self/status]	VmData:	    8976 kB
20220314 013812.533 INFO             PET0 PIOc_freedecomp Enter - MemInfo: [/proc/self/status]	VmStk:	     164 kB
20220314 013812.533 INFO             PET0 PIOc_freedecomp Enter - MemInfo: [/proc/self/status]	VmExe:	   40704 kB
20220314 013812.533 INFO             PET0 PIOc_freedecomp Enter - MemInfo: [/proc/self/status]	VmLib:	    1952 kB
20220314 013812.533 INFO             PET0 PIOc_freedecomp Enter - MemInfo: [/proc/self/status]	VmPTE:	     140 kB
20220314 013812.533 INFO             PET0 PIOc_freedecomp Enter - MemInfo: [/proc/self/status]	VmPMD:	      12 kB
20220314 013812.533 INFO             PET0 PIOc_freedecomp Enter - MemInfo: [/proc/self/status]	VmSwap:	       0 kB
20220314 013812.533 INFO             PET0 PIOc_freedecomp Enter - MemInfo: [/proc/self/status]	VmRSSPercent: 0.0192967 %
20220314 013812.533 INFO             PET0 PIOc_freedecomp Enter - MemInfo: [malloc] Non-mmapped space allocated:                 1431872 Byte
20220314 013812.533 INFO             PET0 PIOc_freedecomp Enter - MemInfo: [malloc] Space allocated in mmapped regions:          3403776 Byte
20220314 013812.533 INFO             PET0 PIOc_freedecomp Enter - MemInfo: [malloc] Maximum total allocated space:                     0 Byte
20220314 013812.533 INFO             PET0 PIOc_freedecomp Enter - MemInfo: [malloc] Space in freed fastbin blocks:                   288 Byte
20220314 013812.533 INFO             PET0 PIOc_freedecomp Enter - MemInfo: [malloc] Total allocated space:                       1289312 Byte
20220314 013812.533 INFO             PET0 PIOc_freedecomp Enter - MemInfo: [malloc] Total free space:                             142560 Byte
20220314 013812.533 INFO             PET0 PIOc_freedecomp Enter - MemInfo: [malloc] Top-most, releasable space:                   131776 Byte
20220314 013812.533 INFO             PET0 PIOc_freedecomp Enter - MemInfo: [malloc] Total space in use, mmap + non-mmap:         4693088 Byte
20220314 013812.533 INFO             PET0 PIOc_freedecomp Enter - MemInfo: [malloc] Total space held (mmap + non-mmap):          4835648 Byte
20220314 013812.533 INFO             PET0 PIOc_freedecomp Enter - MemInfo: [malloc] Total space used (mmap + non-mmap):          4701632 Byte
20220314 013812.533 INFO             PET0 PIOc_freedecomp Enter - MemInfo: Wall-clock time since execution start:               0.108058 seconds
20220314 013812.533 INFO             PET0 PIOc_freedecomp Exit - MemInfo: [/proc/meminfo - SSI]	MemTotal:       65855856 kB
20220314 013812.533 INFO             PET0 PIOc_freedecomp Exit - MemInfo: [/proc/meminfo - SSI]	MemFree:        61179500 kB
20220314 013812.533 INFO             PET0 PIOc_freedecomp Exit - MemInfo: [/proc/meminfo - SSI]	MemAvailable:   60960720 kB
20220314 013812.533 INFO             PET0 PIOc_freedecomp Exit - MemInfo: [/proc/meminfo - SSI]	Committed_AS:    2866000 kB
20220314 013812.533 INFO             PET0 PIOc_freedecomp Exit - MemInfo: [/proc/meminfo - SSI]	CommittedPercent: 4.35193 %
20220314 013812.533 INFO             PET0 PIOc_freedecomp Exit - MemInfo: [/proc/self/status]	VmPeak:	   83976 kB
20220314 013812.533 INFO             PET0 PIOc_freedecomp Exit - MemInfo: [/proc/self/status]	VmSize:	   75264 kB
20220314 013812.533 INFO             PET0 PIOc_freedecomp Exit - MemInfo: [/proc/self/status]	VmLck:	       0 kB
20220314 013812.533 INFO             PET0 PIOc_freedecomp Exit - MemInfo: [/proc/self/status]	VmPin:	       0 kB
20220314 013812.533 INFO             PET0 PIOc_freedecomp Exit - MemInfo: [/proc/self/status]	VmHWM:	   20720 kB
20220314 013812.533 INFO             PET0 PIOc_freedecomp Exit - MemInfo: [/proc/self/status]	VmRSS:	   12708 kB
20220314 013812.533 INFO             PET0 PIOc_freedecomp Exit - MemInfo: [/proc/self/status]	VmData:	    8976 kB
20220314 013812.533 INFO             PET0 PIOc_freedecomp Exit - MemInfo: [/proc/self/status]	VmStk:	     164 kB
20220314 013812.533 INFO             PET0 PIOc_freedecomp Exit - MemInfo: [/proc/self/status]	VmExe:	   40704 kB
20220314 013812.533 INFO             PET0 PIOc_freedecomp Exit - MemInfo: [/proc/self/status]	VmLib:	    1952 kB
20220314 013812.533 INFO             PET0 PIOc_freedecomp Exit - MemInfo: [/proc/self/status]	VmPTE:	     140 kB
20220314 013812.534 INFO             PET0 PIOc_freedecomp Exit - MemInfo: [/proc/self/status]	VmPMD:	      12 kB
20220314 013812.534 INFO             PET0 PIOc_freedecomp Exit - MemInfo: [/proc/self/status]	VmSwap:	       0 kB
20220314 013812.534 INFO             PET0 PIOc_freedecomp Exit - MemInfo: [/proc/self/status]	VmRSSPercent: 0.0192967 %
20220314 013812.534 INFO             PET0 PIOc_freedecomp Exit - MemInfo: [malloc] Non-mmapped space allocated:                 1431872 Byte
20220314 013812.534 INFO             PET0 PIOc_freedecomp Exit - MemInfo: [malloc] Space allocated in mmapped regions:          3403776 Byte
20220314 013812.534 INFO             PET0 PIOc_freedecomp Exit - MemInfo: [malloc] Maximum total allocated space:                     0 Byte
20220314 013812.534 INFO             PET0 PIOc_freedecomp Exit - MemInfo: [malloc] Space in freed fastbin blocks:                  1392 Byte
20220314 013812.534 INFO             PET0 PIOc_freedecomp Exit - MemInfo: [malloc] Total allocated space:                       1288480 Byte
20220314 013812.534 INFO             PET0 PIOc_freedecomp Exit - MemInfo: [malloc] Total free space:                             143392 Byte
20220314 013812.534 INFO             PET0 PIOc_freedecomp Exit - MemInfo: [malloc] Top-most, releasable space:                   131776 Byte
20220314 013812.534 INFO             PET0 PIOc_freedecomp Exit - MemInfo: [malloc] Total space in use, mmap + non-mmap:         4692256 Byte
20220314 013812.534 INFO             PET0 PIOc_freedecomp Exit - MemInfo: [malloc] Total space held (mmap + non-mmap):          4835648 Byte
20220314 013812.534 INFO             PET0 PIOc_freedecomp Exit - MemInfo: [malloc] Total space used (mmap + non-mmap):          4701024 Byte
20220314 013812.534 INFO             PET0 PIOc_freedecomp Exit - MemInfo: Wall-clock time since execution start:               0.108448 seconds
20220314 013812.537 INFO             PET0 PIOc_sync Enter - MemInfo: [/proc/meminfo - SSI]	MemTotal:       65855856 kB
20220314 013812.537 INFO             PET0 PIOc_sync Enter - MemInfo: [/proc/meminfo - SSI]	MemFree:        61176476 kB
20220314 013812.537 INFO             PET0 PIOc_sync Enter - MemInfo: [/proc/meminfo - SSI]	MemAvailable:   60957696 kB
20220314 013812.537 INFO             PET0 PIOc_sync Enter - MemInfo: [/proc/meminfo - SSI]	Committed_AS:    2874188 kB
20220314 013812.537 INFO             PET0 PIOc_sync Enter - MemInfo: [/proc/meminfo - SSI]	CommittedPercent: 4.36436 %
20220314 013812.537 INFO             PET0 PIOc_sync Enter - MemInfo: [/proc/self/status]	VmPeak:	   83976 kB
20220314 013812.537 INFO             PET0 PIOc_sync Enter - MemInfo: [/proc/self/status]	VmSize:	   83968 kB
20220314 013812.537 INFO             PET0 PIOc_sync Enter - MemInfo: [/proc/self/status]	VmLck:	       0 kB
20220314 013812.537 INFO             PET0 PIOc_sync Enter - MemInfo: [/proc/self/status]	VmPin:	       0 kB
20220314 013812.537 INFO             PET0 PIOc_sync Enter - MemInfo: [/proc/self/status]	VmHWM:	   20720 kB
20220314 013812.537 INFO             PET0 PIOc_sync Enter - MemInfo: [/proc/self/status]	VmRSS:	   16904 kB
20220314 013812.537 INFO             PET0 PIOc_sync Enter - MemInfo: [/proc/self/status]	VmData:	   17680 kB
20220314 013812.537 INFO             PET0 PIOc_sync Enter - MemInfo: [/proc/self/status]	VmStk:	     164 kB
20220314 013812.537 INFO             PET0 PIOc_sync Enter - MemInfo: [/proc/self/status]	VmExe:	   40704 kB
20220314 013812.537 INFO             PET0 PIOc_sync Enter - MemInfo: [/proc/self/status]	VmLib:	    1952 kB
20220314 013812.537 INFO             PET0 PIOc_sync Enter - MemInfo: [/proc/self/status]	VmPTE:	     152 kB
20220314 013812.537 INFO             PET0 PIOc_sync Enter - MemInfo: [/proc/self/status]	VmPMD:	      12 kB
20220314 013812.537 INFO             PET0 PIOc_sync Enter - MemInfo: [/proc/self/status]	VmSwap:	       0 kB
20220314 013812.537 INFO             PET0 PIOc_sync Enter - MemInfo: [/proc/self/status]	VmRSSPercent: 0.0256682 %
20220314 013812.537 INFO             PET0 PIOc_sync Enter - MemInfo: [malloc] Non-mmapped space allocated:                10344768 Byte
20220314 013812.537 INFO             PET0 PIOc_sync Enter - MemInfo: [malloc] Space allocated in mmapped regions:          3403776 Byte
20220314 013812.537 INFO             PET0 PIOc_sync Enter - MemInfo: [malloc] Maximum total allocated space:                     0 Byte
20220314 013812.537 INFO             PET0 PIOc_sync Enter - MemInfo: [malloc] Space in freed fastbin blocks:                    64 Byte
20220314 013812.537 INFO             PET0 PIOc_sync Enter - MemInfo: [malloc] Total allocated space:                      10215888 Byte
20220314 013812.537 INFO             PET0 PIOc_sync Enter - MemInfo: [malloc] Total free space:                             128880 Byte
20220314 013812.537 INFO             PET0 PIOc_sync Enter - MemInfo: [malloc] Top-most, releasable space:                   126496 Byte
20220314 013812.537 INFO             PET0 PIOc_sync Enter - MemInfo: [malloc] Total space in use, mmap + non-mmap:        13619664 Byte
20220314 013812.538 INFO             PET0 PIOc_sync Enter - MemInfo: [malloc] Total space held (mmap + non-mmap):         13748544 Byte
20220314 013812.538 INFO             PET0 PIOc_sync Enter - MemInfo: [malloc] Total space used (mmap + non-mmap):         13628320 Byte
20220314 013812.538 INFO             PET0 PIOc_sync Enter - MemInfo: Wall-clock time since execution start:               0.112333 seconds
20220314 013812.538 INFO             PET0 PIOc_sync Exit - MemInfo: [/proc/meminfo - SSI]	MemTotal:       65855856 kB
20220314 013812.538 INFO             PET0 PIOc_sync Exit - MemInfo: [/proc/meminfo - SSI]	MemFree:        61176476 kB
20220314 013812.538 INFO             PET0 PIOc_sync Exit - MemInfo: [/proc/meminfo - SSI]	MemAvailable:   60957696 kB
20220314 013812.538 INFO             PET0 PIOc_sync Exit - MemInfo: [/proc/meminfo - SSI]	Committed_AS:    2874188 kB
20220314 013812.538 INFO             PET0 PIOc_sync Exit - MemInfo: [/proc/meminfo - SSI]	CommittedPercent: 4.36436 %
20220314 013812.538 INFO             PET0 PIOc_sync Exit - MemInfo: [/proc/self/status]	VmPeak:	   83976 kB
20220314 013812.538 INFO             PET0 PIOc_sync Exit - MemInfo: [/proc/self/status]	VmSize:	   83968 kB
20220314 013812.538 INFO             PET0 PIOc_sync Exit - MemInfo: [/proc/self/status]	VmLck:	       0 kB
20220314 013812.538 INFO             PET0 PIOc_sync Exit - MemInfo: [/proc/self/status]	VmPin:	       0 kB
20220314 013812.538 INFO             PET0 PIOc_sync Exit - MemInfo: [/proc/self/status]	VmHWM:	   20720 kB
20220314 013812.538 INFO             PET0 PIOc_sync Exit - MemInfo: [/proc/self/status]	VmRSS:	   16904 kB
20220314 013812.538 INFO             PET0 PIOc_sync Exit - MemInfo: [/proc/self/status]	VmData:	   17680 kB
20220314 013812.538 INFO             PET0 PIOc_sync Exit - MemInfo: [/proc/self/status]	VmStk:	     164 kB
20220314 013812.538 INFO             PET0 PIOc_sync Exit - MemInfo: [/proc/self/status]	VmExe:	   40704 kB
20220314 013812.538 INFO             PET0 PIOc_sync Exit - MemInfo: [/proc/self/status]	VmLib:	    1952 kB
20220314 013812.538 INFO             PET0 PIOc_sync Exit - MemInfo: [/proc/self/status]	VmPTE:	     152 kB
20220314 013812.538 INFO             PET0 PIOc_sync Exit - MemInfo: [/proc/self/status]	VmPMD:	      12 kB
20220314 013812.538 INFO             PET0 PIOc_sync Exit - MemInfo: [/proc/self/status]	VmSwap:	       0 kB
20220314 013812.538 INFO             PET0 PIOc_sync Exit - MemInfo: [/proc/self/status]	VmRSSPercent: 0.0256682 %
20220314 013812.538 INFO             PET0 PIOc_sync Exit - MemInfo: [malloc] Non-mmapped space allocated:                10344768 Byte
20220314 013812.538 INFO             PET0 PIOc_sync Exit - MemInfo: [malloc] Space allocated in mmapped regions:          3403776 Byte
20220314 013812.538 INFO             PET0 PIOc_sync Exit - MemInfo: [malloc] Maximum total allocated space:                     0 Byte
20220314 013812.538 INFO             PET0 PIOc_sync Exit - MemInfo: [malloc] Space in freed fastbin blocks:                     0 Byte
20220314 013812.538 INFO             PET0 PIOc_sync Exit - MemInfo: [malloc] Total allocated space:                      10217616 Byte
20220314 013812.538 INFO             PET0 PIOc_sync Exit - MemInfo: [malloc] Total free space:                             127152 Byte
20220314 013812.538 INFO             PET0 PIOc_sync Exit - MemInfo: [malloc] Top-most, releasable space:                   126272 Byte
20220314 013812.538 INFO             PET0 PIOc_sync Exit - MemInfo: [malloc] Total space in use, mmap + non-mmap:        13621392 Byte
20220314 013812.538 INFO             PET0 PIOc_sync Exit - MemInfo: [malloc] Total space held (mmap + non-mmap):         13748544 Byte
20220314 013812.538 INFO             PET0 PIOc_sync Exit - MemInfo: [malloc] Total space used (mmap + non-mmap):         13629840 Byte
20220314 013812.538 INFO             PET0 PIOc_sync Exit - MemInfo: Wall-clock time since execution start:                0.11282 seconds
20220314 013812.538 INFO             PET0 PIOc_freedecomp Enter - MemInfo: [/proc/meminfo - SSI]	MemTotal:       65855856 kB
20220314 013812.538 INFO             PET0 PIOc_freedecomp Enter - MemInfo: [/proc/meminfo - SSI]	MemFree:        61176476 kB
20220314 013812.538 INFO             PET0 PIOc_freedecomp Enter - MemInfo: [/proc/meminfo - SSI]	MemAvailable:   60957696 kB
20220314 013812.538 INFO             PET0 PIOc_freedecomp Enter - MemInfo: [/proc/meminfo - SSI]	Committed_AS:    2874188 kB
20220314 013812.538 INFO             PET0 PIOc_freedecomp Enter - MemInfo: [/proc/meminfo - SSI]	CommittedPercent: 4.36436 %
20220314 013812.538 INFO             PET0 PIOc_freedecomp Enter - MemInfo: [/proc/self/status]	VmPeak:	   83976 kB
20220314 013812.538 INFO             PET0 PIOc_freedecomp Enter - MemInfo: [/proc/self/status]	VmSize:	   83968 kB
20220314 013812.538 INFO             PET0 PIOc_freedecomp Enter - MemInfo: [/proc/self/status]	VmLck:	       0 kB
20220314 013812.538 INFO             PET0 PIOc_freedecomp Enter - MemInfo: [/proc/self/status]	VmPin:	       0 kB
20220314 013812.538 INFO             PET0 PIOc_freedecomp Enter - MemInfo: [/proc/self/status]	VmHWM:	   20720 kB
20220314 013812.538 INFO             PET0 PIOc_freedecomp Enter - MemInfo: [/proc/self/status]	VmRSS:	   16904 kB
20220314 013812.538 INFO             PET0 PIOc_freedecomp Enter - MemInfo: [/proc/self/status]	VmData:	   17680 kB
20220314 013812.538 INFO             PET0 PIOc_freedecomp Enter - MemInfo: [/proc/self/status]	VmStk:	     164 kB
20220314 013812.538 INFO             PET0 PIOc_freedecomp Enter - MemInfo: [/proc/self/status]	VmExe:	   40704 kB
20220314 013812.538 INFO             PET0 PIOc_freedecomp Enter - MemInfo: [/proc/self/status]	VmLib:	    1952 kB
20220314 013812.538 INFO             PET0 PIOc_freedecomp Enter - MemInfo: [/proc/self/status]	VmPTE:	     152 kB
20220314 013812.538 INFO             PET0 PIOc_freedecomp Enter - MemInfo: [/proc/self/status]	VmPMD:	      12 kB
20220314 013812.539 INFO             PET0 PIOc_freedecomp Enter - MemInfo: [/proc/self/status]	VmSwap:	       0 kB
20220314 013812.539 INFO             PET0 PIOc_freedecomp Enter - MemInfo: [/proc/self/status]	VmRSSPercent: 0.0256682 %
20220314 013812.539 INFO             PET0 PIOc_freedecomp Enter - MemInfo: [malloc] Non-mmapped space allocated:                10344768 Byte
20220314 013812.539 INFO             PET0 PIOc_freedecomp Enter - MemInfo: [malloc] Space allocated in mmapped regions:          3403776 Byte
20220314 013812.539 INFO             PET0 PIOc_freedecomp Enter - MemInfo: [malloc] Maximum total allocated space:                     0 Byte
20220314 013812.539 INFO             PET0 PIOc_freedecomp Enter - MemInfo: [malloc] Space in freed fastbin blocks:                   192 Byte
20220314 013812.539 INFO             PET0 PIOc_freedecomp Enter - MemInfo: [malloc] Total allocated space:                       1294096 Byte
20220314 013812.539 INFO             PET0 PIOc_freedecomp Enter - MemInfo: [malloc] Total free space:                            9050672 Byte
20220314 013812.539 INFO             PET0 PIOc_freedecomp Enter - MemInfo: [malloc] Top-most, releasable space:                   126048 Byte
20220314 013812.539 INFO             PET0 PIOc_freedecomp Enter - MemInfo: [malloc] Total space in use, mmap + non-mmap:         4697872 Byte
20220314 013812.539 INFO             PET0 PIOc_freedecomp Enter - MemInfo: [malloc] Total space held (mmap + non-mmap):         13748544 Byte
20220314 013812.539 INFO             PET0 PIOc_freedecomp Enter - MemInfo: [malloc] Total space used (mmap + non-mmap):          4706080 Byte
20220314 013812.539 INFO             PET0 PIOc_freedecomp Enter - MemInfo: Wall-clock time since execution start:                0.11344 seconds
20220314 013812.539 INFO             PET0 PIOc_freedecomp Exit - MemInfo: [/proc/meminfo - SSI]	MemTotal:       65855856 kB
20220314 013812.539 INFO             PET0 PIOc_freedecomp Exit - MemInfo: [/proc/meminfo - SSI]	MemFree:        61176476 kB
20220314 013812.539 INFO             PET0 PIOc_freedecomp Exit - MemInfo: [/proc/meminfo - SSI]	MemAvailable:   60957696 kB
20220314 013812.539 INFO             PET0 PIOc_freedecomp Exit - MemInfo: [/proc/meminfo - SSI]	Committed_AS:    2874188 kB
20220314 013812.539 INFO             PET0 PIOc_freedecomp Exit - MemInfo: [/proc/meminfo - SSI]	CommittedPercent: 4.36436 %
20220314 013812.539 INFO             PET0 PIOc_freedecomp Exit - MemInfo: [/proc/self/status]	VmPeak:	   83976 kB
20220314 013812.539 INFO             PET0 PIOc_freedecomp Exit - MemInfo: [/proc/self/status]	VmSize:	   83968 kB
20220314 013812.539 INFO             PET0 PIOc_freedecomp Exit - MemInfo: [/proc/self/status]	VmLck:	       0 kB
20220314 013812.539 INFO             PET0 PIOc_freedecomp Exit - MemInfo: [/proc/self/status]	VmPin:	       0 kB
20220314 013812.539 INFO             PET0 PIOc_freedecomp Exit - MemInfo: [/proc/self/status]	VmHWM:	   20720 kB
20220314 013812.539 INFO             PET0 PIOc_freedecomp Exit - MemInfo: [/proc/self/status]	VmRSS:	   16904 kB
20220314 013812.539 INFO             PET0 PIOc_freedecomp Exit - MemInfo: [/proc/self/status]	VmData:	   17680 kB
20220314 013812.539 INFO             PET0 PIOc_freedecomp Exit - MemInfo: [/proc/self/status]	VmStk:	     164 kB
20220314 013812.539 INFO             PET0 PIOc_freedecomp Exit - MemInfo: [/proc/self/status]	VmExe:	   40704 kB
20220314 013812.539 INFO             PET0 PIOc_freedecomp Exit - MemInfo: [/proc/self/status]	VmLib:	    1952 kB
20220314 013812.539 INFO             PET0 PIOc_freedecomp Exit - MemInfo: [/proc/self/status]	VmPTE:	     152 kB
20220314 013812.539 INFO             PET0 PIOc_freedecomp Exit - MemInfo: [/proc/self/status]	VmPMD:	      12 kB
20220314 013812.539 INFO             PET0 PIOc_freedecomp Exit - MemInfo: [/proc/self/status]	VmSwap:	       0 kB
20220314 013812.539 INFO             PET0 PIOc_freedecomp Exit - MemInfo: [/proc/self/status]	VmRSSPercent: 0.0256682 %
20220314 013812.539 INFO             PET0 PIOc_freedecomp Exit - MemInfo: [malloc] Non-mmapped space allocated:                10344768 Byte
20220314 013812.539 INFO             PET0 PIOc_freedecomp Exit - MemInfo: [malloc] Space allocated in mmapped regions:          3403776 Byte
20220314 013812.539 INFO             PET0 PIOc_freedecomp Exit - MemInfo: [malloc] Maximum total allocated space:                     0 Byte
20220314 013812.539 INFO             PET0 PIOc_freedecomp Exit - MemInfo: [malloc] Space in freed fastbin blocks:                  1520 Byte
20220314 013812.539 INFO             PET0 PIOc_freedecomp Exit - MemInfo: [malloc] Total allocated space:                       1292576 Byte
20220314 013812.539 INFO             PET0 PIOc_freedecomp Exit - MemInfo: [malloc] Total free space:                            9052192 Byte
20220314 013812.539 INFO             PET0 PIOc_freedecomp Exit - MemInfo: [malloc] Top-most, releasable space:                   126048 Byte
20220314 013812.539 INFO             PET0 PIOc_freedecomp Exit - MemInfo: [malloc] Total space in use, mmap + non-mmap:         4696352 Byte
20220314 013812.539 INFO             PET0 PIOc_freedecomp Exit - MemInfo: [malloc] Total space held (mmap + non-mmap):         13748544 Byte
20220314 013812.539 INFO             PET0 PIOc_freedecomp Exit - MemInfo: [malloc] Total space used (mmap + non-mmap):          4704560 Byte
20220314 013812.539 INFO             PET0 PIOc_freedecomp Exit - MemInfo: Wall-clock time since execution start:               0.113852 seconds
20220314 013812.541 INFO             PET0 PIOc_sync Enter - MemInfo: [/proc/meminfo - SSI]	MemTotal:       65855856 kB
20220314 013812.541 INFO             PET0 PIOc_sync Enter - MemInfo: [/proc/meminfo - SSI]	MemFree:        61175972 kB
20220314 013812.541 INFO             PET0 PIOc_sync Enter - MemInfo: [/proc/meminfo - SSI]	MemAvailable:   60957192 kB
20220314 013812.541 INFO             PET0 PIOc_sync Enter - MemInfo: [/proc/meminfo - SSI]	Committed_AS:    2874188 kB
20220314 013812.541 INFO             PET0 PIOc_sync Enter - MemInfo: [/proc/meminfo - SSI]	CommittedPercent: 4.36436 %
20220314 013812.541 INFO             PET0 PIOc_sync Enter - MemInfo: [/proc/self/status]	VmPeak:	   83976 kB
20220314 013812.541 INFO             PET0 PIOc_sync Enter - MemInfo: [/proc/self/status]	VmSize:	   83944 kB
20220314 013812.541 INFO             PET0 PIOc_sync Enter - MemInfo: [/proc/self/status]	VmLck:	       0 kB
20220314 013812.541 INFO             PET0 PIOc_sync Enter - MemInfo: [/proc/self/status]	VmPin:	       0 kB
20220314 013812.541 INFO             PET0 PIOc_sync Enter - MemInfo: [/proc/self/status]	VmHWM:	   20720 kB
20220314 013812.541 INFO             PET0 PIOc_sync Enter - MemInfo: [/proc/self/status]	VmRSS:	   17212 kB
20220314 013812.541 INFO             PET0 PIOc_sync Enter - MemInfo: [/proc/self/status]	VmData:	   17680 kB
20220314 013812.541 INFO             PET0 PIOc_sync Enter - MemInfo: [/proc/self/status]	VmStk:	     164 kB
20220314 013812.541 INFO             PET0 PIOc_sync Enter - MemInfo: [/proc/self/status]	VmExe:	   40704 kB
20220314 013812.541 INFO             PET0 PIOc_sync Enter - MemInfo: [/proc/self/status]	VmLib:	    1952 kB
20220314 013812.541 INFO             PET0 PIOc_sync Enter - MemInfo: [/proc/self/status]	VmPTE:	     152 kB
20220314 013812.541 INFO             PET0 PIOc_sync Enter - MemInfo: [/proc/self/status]	VmPMD:	      12 kB
20220314 013812.541 INFO             PET0 PIOc_sync Enter - MemInfo: [/proc/self/status]	VmSwap:	       0 kB
20220314 013812.541 INFO             PET0 PIOc_sync Enter - MemInfo: [/proc/self/status]	VmRSSPercent: 0.0261359 %
20220314 013812.541 INFO             PET0 PIOc_sync Enter - MemInfo: [malloc] Non-mmapped space allocated:                10344768 Byte
20220314 013812.541 INFO             PET0 PIOc_sync Enter - MemInfo: [malloc] Space allocated in mmapped regions:          3403776 Byte
20220314 013812.541 INFO             PET0 PIOc_sync Enter - MemInfo: [malloc] Maximum total allocated space:                     0 Byte
20220314 013812.541 INFO             PET0 PIOc_sync Enter - MemInfo: [malloc] Space in freed fastbin blocks:                   304 Byte
20220314 013812.541 INFO             PET0 PIOc_sync Enter - MemInfo: [malloc] Total allocated space:                      10218112 Byte
20220314 013812.541 INFO             PET0 PIOc_sync Enter - MemInfo: [malloc] Total free space:                             126656 Byte
20220314 013812.541 INFO             PET0 PIOc_sync Enter - MemInfo: [malloc] Top-most, releasable space:                   120800 Byte
20220314 013812.541 INFO             PET0 PIOc_sync Enter - MemInfo: [malloc] Total space in use, mmap + non-mmap:        13621888 Byte
20220314 013812.541 INFO             PET0 PIOc_sync Enter - MemInfo: [malloc] Total space held (mmap + non-mmap):         13748544 Byte
20220314 013812.541 INFO             PET0 PIOc_sync Enter - MemInfo: [malloc] Total space used (mmap + non-mmap):         13630320 Byte
20220314 013812.541 INFO             PET0 PIOc_sync Enter - MemInfo: Wall-clock time since execution start:               0.115863 seconds
20220314 013812.541 INFO             PET0 PIOc_sync Exit - MemInfo: [/proc/meminfo - SSI]	MemTotal:       65855856 kB
20220314 013812.541 INFO             PET0 PIOc_sync Exit - MemInfo: [/proc/meminfo - SSI]	MemFree:        61175972 kB
20220314 013812.541 INFO             PET0 PIOc_sync Exit - MemInfo: [/proc/meminfo - SSI]	MemAvailable:   60957192 kB
20220314 013812.541 INFO             PET0 PIOc_sync Exit - MemInfo: [/proc/meminfo - SSI]	Committed_AS:    2874188 kB
20220314 013812.541 INFO             PET0 PIOc_sync Exit - MemInfo: [/proc/meminfo - SSI]	CommittedPercent: 4.36436 %
20220314 013812.541 INFO             PET0 PIOc_sync Exit - MemInfo: [/proc/self/status]	VmPeak:	   83976 kB
20220314 013812.541 INFO             PET0 PIOc_sync Exit - MemInfo: [/proc/self/status]	VmSize:	   83944 kB
20220314 013812.541 INFO             PET0 PIOc_sync Exit - MemInfo: [/proc/self/status]	VmLck:	       0 kB
20220314 013812.541 INFO             PET0 PIOc_sync Exit - MemInfo: [/proc/self/status]	VmPin:	       0 kB
20220314 013812.541 INFO             PET0 PIOc_sync Exit - MemInfo: [/proc/self/status]	VmHWM:	   20720 kB
20220314 013812.541 INFO             PET0 PIOc_sync Exit - MemInfo: [/proc/self/status]	VmRSS:	   17212 kB
20220314 013812.541 INFO             PET0 PIOc_sync Exit - MemInfo: [/proc/self/status]	VmData:	   17680 kB
20220314 013812.541 INFO             PET0 PIOc_sync Exit - MemInfo: [/proc/self/status]	VmStk:	     164 kB
20220314 013812.541 INFO             PET0 PIOc_sync Exit - MemInfo: [/proc/self/status]	VmExe:	   40704 kB
20220314 013812.541 INFO             PET0 PIOc_sync Exit - MemInfo: [/proc/self/status]	VmLib:	    1952 kB
20220314 013812.541 INFO             PET0 PIOc_sync Exit - MemInfo: [/proc/self/status]	VmPTE:	     156 kB
20220314 013812.541 INFO             PET0 PIOc_sync Exit - MemInfo: [/proc/self/status]	VmPMD:	      12 kB
20220314 013812.541 INFO             PET0 PIOc_sync Exit - MemInfo: [/proc/self/status]	VmSwap:	       0 kB
20220314 013812.541 INFO             PET0 PIOc_sync Exit - MemInfo: [/proc/self/status]	VmRSSPercent: 0.0261359 %
20220314 013812.541 INFO             PET0 PIOc_sync Exit - MemInfo: [malloc] Non-mmapped space allocated:                10344768 Byte
20220314 013812.541 INFO             PET0 PIOc_sync Exit - MemInfo: [malloc] Space allocated in mmapped regions:          3403776 Byte
20220314 013812.541 INFO             PET0 PIOc_sync Exit - MemInfo: [malloc] Maximum total allocated space:                     0 Byte
20220314 013812.541 INFO             PET0 PIOc_sync Exit - MemInfo: [malloc] Space in freed fastbin blocks:                     0 Byte
20220314 013812.541 INFO             PET0 PIOc_sync Exit - MemInfo: [malloc] Total allocated space:                      10219344 Byte
20220314 013812.541 INFO             PET0 PIOc_sync Exit - MemInfo: [malloc] Total free space:                             125424 Byte
20220314 013812.542 INFO             PET0 PIOc_sync Exit - MemInfo: [malloc] Top-most, releasable space:                   120576 Byte
20220314 013812.542 INFO             PET0 PIOc_sync Exit - MemInfo: [malloc] Total space in use, mmap + non-mmap:        13623120 Byte
20220314 013812.542 INFO             PET0 PIOc_sync Exit - MemInfo: [malloc] Total space held (mmap + non-mmap):         13748544 Byte
20220314 013812.542 INFO             PET0 PIOc_sync Exit - MemInfo: [malloc] Total space used (mmap + non-mmap):         13631440 Byte
20220314 013812.542 INFO             PET0 PIOc_sync Exit - MemInfo: Wall-clock time since execution start:               0.116348 seconds
20220314 013812.542 INFO             PET0 PIOc_freedecomp Enter - MemInfo: [/proc/meminfo - SSI]	MemTotal:       65855856 kB
20220314 013812.542 INFO             PET0 PIOc_freedecomp Enter - MemInfo: [/proc/meminfo - SSI]	MemFree:        61175972 kB
20220314 013812.542 INFO             PET0 PIOc_freedecomp Enter - MemInfo: [/proc/meminfo - SSI]	MemAvailable:   60957192 kB
20220314 013812.542 INFO             PET0 PIOc_freedecomp Enter - MemInfo: [/proc/meminfo - SSI]	Committed_AS:    2874188 kB
20220314 013812.542 INFO             PET0 PIOc_freedecomp Enter - MemInfo: [/proc/meminfo - SSI]	CommittedPercent: 4.36436 %
20220314 013812.542 INFO             PET0 PIOc_freedecomp Enter - MemInfo: [/proc/self/status]	VmPeak:	   83976 kB
20220314 013812.542 INFO             PET0 PIOc_freedecomp Enter - MemInfo: [/proc/self/status]	VmSize:	   83944 kB
20220314 013812.542 INFO             PET0 PIOc_freedecomp Enter - MemInfo: [/proc/self/status]	VmLck:	       0 kB
20220314 013812.542 INFO             PET0 PIOc_freedecomp Enter - MemInfo: [/proc/self/status]	VmPin:	       0 kB
20220314 013812.542 INFO             PET0 PIOc_freedecomp Enter - MemInfo: [/proc/self/status]	VmHWM:	   20720 kB
20220314 013812.542 INFO             PET0 PIOc_freedecomp Enter - MemInfo: [/proc/self/status]	VmRSS:	   17212 kB
20220314 013812.542 INFO             PET0 PIOc_freedecomp Enter - MemInfo: [/proc/self/status]	VmData:	   17680 kB
20220314 013812.542 INFO             PET0 PIOc_freedecomp Enter - MemInfo: [/proc/self/status]	VmStk:	     164 kB
20220314 013812.542 INFO             PET0 PIOc_freedecomp Enter - MemInfo: [/proc/self/status]	VmExe:	   40704 kB
20220314 013812.542 INFO             PET0 PIOc_freedecomp Enter - MemInfo: [/proc/self/status]	VmLib:	    1952 kB
20220314 013812.542 INFO             PET0 PIOc_freedecomp Enter - MemInfo: [/proc/self/status]	VmPTE:	     156 kB
20220314 013812.542 INFO             PET0 PIOc_freedecomp Enter - MemInfo: [/proc/self/status]	VmPMD:	      12 kB
20220314 013812.542 INFO             PET0 PIOc_freedecomp Enter - MemInfo: [/proc/self/status]	VmSwap:	       0 kB
20220314 013812.542 INFO             PET0 PIOc_freedecomp Enter - MemInfo: [/proc/self/status]	VmRSSPercent: 0.0261359 %
20220314 013812.542 INFO             PET0 PIOc_freedecomp Enter - MemInfo: [malloc] Non-mmapped space allocated:                10344768 Byte
20220314 013812.542 INFO             PET0 PIOc_freedecomp Enter - MemInfo: [malloc] Space allocated in mmapped regions:          3403776 Byte
20220314 013812.542 INFO             PET0 PIOc_freedecomp Enter - MemInfo: [malloc] Maximum total allocated space:                     0 Byte
20220314 013812.542 INFO             PET0 PIOc_freedecomp Enter - MemInfo: [malloc] Space in freed fastbin blocks:                   192 Byte
20220314 013812.542 INFO             PET0 PIOc_freedecomp Enter - MemInfo: [malloc] Total allocated space:                       1294640 Byte
20220314 013812.542 INFO             PET0 PIOc_freedecomp Enter - MemInfo: [malloc] Total free space:                            9050128 Byte
20220314 013812.542 INFO             PET0 PIOc_freedecomp Enter - MemInfo: [malloc] Top-most, releasable space:                   120352 Byte
20220314 013812.542 INFO             PET0 PIOc_freedecomp Enter - MemInfo: [malloc] Total space in use, mmap + non-mmap:         4698416 Byte
20220314 013812.542 INFO             PET0 PIOc_freedecomp Enter - MemInfo: [malloc] Total space held (mmap + non-mmap):         13748544 Byte
20220314 013812.542 INFO             PET0 PIOc_freedecomp Enter - MemInfo: [malloc] Total space used (mmap + non-mmap):          4706624 Byte
20220314 013812.542 INFO             PET0 PIOc_freedecomp Enter - MemInfo: Wall-clock time since execution start:               0.116912 seconds
20220314 013812.542 INFO             PET0 PIOc_freedecomp Exit - MemInfo: [/proc/meminfo - SSI]	MemTotal:       65855856 kB
20220314 013812.542 INFO             PET0 PIOc_freedecomp Exit - MemInfo: [/proc/meminfo - SSI]	MemFree:        61175972 kB
20220314 013812.542 INFO             PET0 PIOc_freedecomp Exit - MemInfo: [/proc/meminfo - SSI]	MemAvailable:   60957192 kB
20220314 013812.542 INFO             PET0 PIOc_freedecomp Exit - MemInfo: [/proc/meminfo - SSI]	Committed_AS:    2874188 kB
20220314 013812.542 INFO             PET0 PIOc_freedecomp Exit - MemInfo: [/proc/meminfo - SSI]	CommittedPercent: 4.36436 %
20220314 013812.542 INFO             PET0 PIOc_freedecomp Exit - MemInfo: [/proc/self/status]	VmPeak:	   83976 kB
20220314 013812.542 INFO             PET0 PIOc_freedecomp Exit - MemInfo: [/proc/self/status]	VmSize:	   83944 kB
20220314 013812.542 INFO             PET0 PIOc_freedecomp Exit - MemInfo: [/proc/self/status]	VmLck:	       0 kB
20220314 013812.542 INFO             PET0 PIOc_freedecomp Exit - MemInfo: [/proc/self/status]	VmPin:	       0 kB
20220314 013812.542 INFO             PET0 PIOc_freedecomp Exit - MemInfo: [/proc/self/status]	VmHWM:	   20720 kB
20220314 013812.542 INFO             PET0 PIOc_freedecomp Exit - MemInfo: [/proc/self/status]	VmRSS:	   17212 kB
20220314 013812.542 INFO             PET0 PIOc_freedecomp Exit - MemInfo: [/proc/self/status]	VmData:	   17680 kB
20220314 013812.542 INFO             PET0 PIOc_freedecomp Exit - MemInfo: [/proc/self/status]	VmStk:	     164 kB
20220314 013812.542 INFO             PET0 PIOc_freedecomp Exit - MemInfo: [/proc/self/status]	VmExe:	   40704 kB
20220314 013812.542 INFO             PET0 PIOc_freedecomp Exit - MemInfo: [/proc/self/status]	VmLib:	    1952 kB
20220314 013812.543 INFO             PET0 PIOc_freedecomp Exit - MemInfo: [/proc/self/status]	VmPTE:	     156 kB
20220314 013812.543 INFO             PET0 PIOc_freedecomp Exit - MemInfo: [/proc/self/status]	VmPMD:	      12 kB
20220314 013812.543 INFO             PET0 PIOc_freedecomp Exit - MemInfo: [/proc/self/status]	VmSwap:	       0 kB
20220314 013812.543 INFO             PET0 PIOc_freedecomp Exit - MemInfo: [/proc/self/status]	VmRSSPercent: 0.0261359 %
20220314 013812.543 INFO             PET0 PIOc_freedecomp Exit - MemInfo: [malloc] Non-mmapped space allocated:                10344768 Byte
20220314 013812.543 INFO             PET0 PIOc_freedecomp Exit - MemInfo: [malloc] Space allocated in mmapped regions:          3403776 Byte
20220314 013812.543 INFO             PET0 PIOc_freedecomp Exit - MemInfo: [malloc] Maximum total allocated space:                     0 Byte
20220314 013812.543 INFO             PET0 PIOc_freedecomp Exit - MemInfo: [malloc] Space in freed fastbin blocks:                  1552 Byte
20220314 013812.543 INFO             PET0 PIOc_freedecomp Exit - MemInfo: [malloc] Total allocated space:                       1293088 Byte
20220314 013812.543 INFO             PET0 PIOc_freedecomp Exit - MemInfo: [malloc] Total free space:                            9051680 Byte
20220314 013812.543 INFO             PET0 PIOc_freedecomp Exit - MemInfo: [malloc] Top-most, releasable space:                   126048 Byte
20220314 013812.543 INFO             PET0 PIOc_freedecomp Exit - MemInfo: [malloc] Total space in use, mmap + non-mmap:         4696864 Byte
20220314 013812.543 INFO             PET0 PIOc_freedecomp Exit - MemInfo: [malloc] Total space held (mmap + non-mmap):         13748544 Byte
20220314 013812.543 INFO             PET0 PIOc_freedecomp Exit - MemInfo: [malloc] Total space used (mmap + non-mmap):          4705072 Byte
20220314 013812.543 INFO             PET0 PIOc_freedecomp Exit - MemInfo: Wall-clock time since execution start:               0.117471 seconds
20220314 013812.543 INFO             PET0  PASS  ESMF_OutputWeightFile, ESMF_IOUTest.F90, line 81
20220314 013812.556 INFO             PET0  PASS  call ESMF_OutputWeightFile with empty factor list on four PETs, ESMF_IOUTest.F90, line 191
20220314 013812.556 INFO             PET0  Ending Test, file ESMF_IOUTest.F90, line 201
20220314 013812.556 INFO             PET0 Finalizing ESMF
20220314 013812.430 INFO             PET1 !!!!!!!!!!!!!!!!!!!!!!!!!!!!!!!!!!!!!!!!!!!!!!!!!!!!!!
20220314 013812.430 INFO             PET1 !!! THE ESMF_LOG IS SET TO OUTPUT ALL LOG MESSAGES !!!
20220314 013812.430 INFO             PET1 !!!     THIS MAY CAUSE SLOWDOWN IN PERFORMANCE     !!!
20220314 013812.430 INFO             PET1 !!! FOR PRODUCTION RUNS, USE:                      !!!
20220314 013812.430 INFO             PET1 !!!                   ESMF_LOGKIND_Multi_On_Error  !!!
20220314 013812.430 INFO             PET1 !!!!!!!!!!!!!!!!!!!!!!!!!!!!!!!!!!!!!!!!!!!!!!!!!!!!!!
20220314 013812.430 INFO             PET1 Running with ESMF Version   : v8.3.0b09-96-g559b459836
20220314 013812.430 INFO             PET1 ESMF library build date/time: "Mar 14 2022" "00:45:31"
20220314 013812.430 INFO             PET1 ESMF library build location : /lustre/f2/dev/ncep/Mark.Potts/gfortran_8.3.0_mpi_g_jedwards_pio_update2
20220314 013812.430 INFO             PET1 ESMF_COMM                   : mpi
20220314 013812.430 INFO             PET1 ESMF_MOAB                   : enabled
20220314 013812.431 INFO             PET1 ESMF_LAPACK                 : enabled
20220314 013812.431 INFO             PET1 ESMF_NETCDF                 : enabled
20220314 013812.431 INFO             PET1 ESMF_PNETCDF                : disabled
20220314 013812.431 INFO             PET1 ESMF_PIO                    : enabled
20220314 013812.431 INFO             PET1 ESMF_YAMLCPP                : enabled
20220314 013812.441 INFO             PET1  Beginning Test, file ESMF_IOUTest.F90, line 57
20220314 013812.441 INFO             PET1  NUMBER_OF_PROCESSORS           4
20220314 013812.441 INFO             PET1 Starting Test:  ESMF_OutputWeightFile
20220314 013812.531 INFO             PET1 PIOc_sync Enter - MemInfo: [/proc/meminfo - SSI]	MemTotal:       65855856 kB
20220314 013812.531 INFO             PET1 PIOc_sync Enter - MemInfo: [/proc/meminfo - SSI]	MemFree:        61172948 kB
20220314 013812.531 INFO             PET1 PIOc_sync Enter - MemInfo: [/proc/meminfo - SSI]	MemAvailable:   60954168 kB
20220314 013812.531 INFO             PET1 PIOc_sync Enter - MemInfo: [/proc/meminfo - SSI]	Committed_AS:    2873736 kB
20220314 013812.531 INFO             PET1 PIOc_sync Enter - MemInfo: [/proc/meminfo - SSI]	CommittedPercent: 4.36368 %
20220314 013812.531 INFO             PET1 PIOc_sync Enter - MemInfo: [/proc/self/status]	VmPeak:	   75008 kB
20220314 013812.531 INFO             PET1 PIOc_sync Enter - MemInfo: [/proc/self/status]	VmSize:	   74540 kB
20220314 013812.531 INFO             PET1 PIOc_sync Enter - MemInfo: [/proc/self/status]	VmLck:	       0 kB
20220314 013812.531 INFO             PET1 PIOc_sync Enter - MemInfo: [/proc/self/status]	VmPin:	       0 kB
20220314 013812.531 INFO             PET1 PIOc_sync Enter - MemInfo: [/proc/self/status]	VmHWM:	   10604 kB
20220314 013812.531 INFO             PET1 PIOc_sync Enter - MemInfo: [/proc/self/status]	VmRSS:	   10604 kB
20220314 013812.531 INFO             PET1 PIOc_sync Enter - MemInfo: [/proc/self/status]	VmData:	    8252 kB
20220314 013812.531 INFO             PET1 PIOc_sync Enter - MemInfo: [/proc/self/status]	VmStk:	     164 kB
20220314 013812.531 INFO             PET1 PIOc_sync Enter - MemInfo: [/proc/self/status]	VmExe:	   40704 kB
20220314 013812.531 INFO             PET1 PIOc_sync Enter - MemInfo: [/proc/self/status]	VmLib:	    1952 kB
20220314 013812.531 INFO             PET1 PIOc_sync Enter - MemInfo: [/proc/self/status]	VmPTE:	     136 kB
20220314 013812.531 INFO             PET1 PIOc_sync Enter - MemInfo: [/proc/self/status]	VmPMD:	      12 kB
20220314 013812.531 INFO             PET1 PIOc_sync Enter - MemInfo: [/proc/self/status]	VmSwap:	       0 kB
20220314 013812.531 INFO             PET1 PIOc_sync Enter - MemInfo: [/proc/self/status]	VmRSSPercent: 0.0161018 %
20220314 013812.531 INFO             PET1 PIOc_sync Enter - MemInfo: [malloc] Non-mmapped space allocated:                  690496 Byte
20220314 013812.531 INFO             PET1 PIOc_sync Enter - MemInfo: [malloc] Space allocated in mmapped regions:          3403776 Byte
20220314 013812.531 INFO             PET1 PIOc_sync Enter - MemInfo: [malloc] Maximum total allocated space:                     0 Byte
20220314 013812.531 INFO             PET1 PIOc_sync Enter - MemInfo: [malloc] Space in freed fastbin blocks:                     0 Byte
20220314 013812.531 INFO             PET1 PIOc_sync Enter - MemInfo: [malloc] Total allocated space:                        629280 Byte
20220314 013812.531 INFO             PET1 PIOc_sync Enter - MemInfo: [malloc] Total free space:                              61216 Byte
20220314 013812.531 INFO             PET1 PIOc_sync Enter - MemInfo: [malloc] Top-most, releasable space:                    61216 Byte
20220314 013812.531 INFO             PET1 PIOc_sync Enter - MemInfo: [malloc] Total space in use, mmap + non-mmap:         4033056 Byte
20220314 013812.531 INFO             PET1 PIOc_sync Enter - MemInfo: [malloc] Total space held (mmap + non-mmap):          4094272 Byte
20220314 013812.531 INFO             PET1 PIOc_sync Enter - MemInfo: [malloc] Total space used (mmap + non-mmap):          4043120 Byte
20220314 013812.531 INFO             PET1 PIOc_sync Enter - MemInfo: Wall-clock time since execution start:               0.106164 seconds
20220314 013812.532 INFO             PET1 PIOc_sync Exit - MemInfo: [/proc/meminfo - SSI]	MemTotal:       65855856 kB
20220314 013812.532 INFO             PET1 PIOc_sync Exit - MemInfo: [/proc/meminfo - SSI]	MemFree:        61172444 kB
20220314 013812.532 INFO             PET1 PIOc_sync Exit - MemInfo: [/proc/meminfo - SSI]	MemAvailable:   60953664 kB
20220314 013812.532 INFO             PET1 PIOc_sync Exit - MemInfo: [/proc/meminfo - SSI]	Committed_AS:    2873736 kB
20220314 013812.532 INFO             PET1 PIOc_sync Exit - MemInfo: [/proc/meminfo - SSI]	CommittedPercent: 4.36368 %
20220314 013812.532 INFO             PET1 PIOc_sync Exit - MemInfo: [/proc/self/status]	VmPeak:	   75008 kB
20220314 013812.532 INFO             PET1 PIOc_sync Exit - MemInfo: [/proc/self/status]	VmSize:	   74540 kB
20220314 013812.532 INFO             PET1 PIOc_sync Exit - MemInfo: [/proc/self/status]	VmLck:	       0 kB
20220314 013812.532 INFO             PET1 PIOc_sync Exit - MemInfo: [/proc/self/status]	VmPin:	       0 kB
20220314 013812.532 INFO             PET1 PIOc_sync Exit - MemInfo: [/proc/self/status]	VmHWM:	   10800 kB
20220314 013812.532 INFO             PET1 PIOc_sync Exit - MemInfo: [/proc/self/status]	VmRSS:	   10800 kB
20220314 013812.532 INFO             PET1 PIOc_sync Exit - MemInfo: [/proc/self/status]	VmData:	    8252 kB
20220314 013812.532 INFO             PET1 PIOc_sync Exit - MemInfo: [/proc/self/status]	VmStk:	     164 kB
20220314 013812.532 INFO             PET1 PIOc_sync Exit - MemInfo: [/proc/self/status]	VmExe:	   40704 kB
20220314 013812.532 INFO             PET1 PIOc_sync Exit - MemInfo: [/proc/self/status]	VmLib:	    1952 kB
20220314 013812.532 INFO             PET1 PIOc_sync Exit - MemInfo: [/proc/self/status]	VmPTE:	     136 kB
20220314 013812.532 INFO             PET1 PIOc_sync Exit - MemInfo: [/proc/self/status]	VmPMD:	      12 kB
20220314 013812.532 INFO             PET1 PIOc_sync Exit - MemInfo: [/proc/self/status]	VmSwap:	       0 kB
20220314 013812.532 INFO             PET1 PIOc_sync Exit - MemInfo: [/proc/self/status]	VmRSSPercent: 0.0163995 %
20220314 013812.532 INFO             PET1 PIOc_sync Exit - MemInfo: [malloc] Non-mmapped space allocated:                  690496 Byte
20220314 013812.532 INFO             PET1 PIOc_sync Exit - MemInfo: [malloc] Space allocated in mmapped regions:          3403776 Byte
20220314 013812.532 INFO             PET1 PIOc_sync Exit - MemInfo: [malloc] Maximum total allocated space:                     0 Byte
20220314 013812.532 INFO             PET1 PIOc_sync Exit - MemInfo: [malloc] Space in freed fastbin blocks:                     0 Byte
20220314 013812.532 INFO             PET1 PIOc_sync Exit - MemInfo: [malloc] Total allocated space:                        631760 Byte
20220314 013812.532 INFO             PET1 PIOc_sync Exit - MemInfo: [malloc] Total free space:                              58736 Byte
20220314 013812.532 INFO             PET1 PIOc_sync Exit - MemInfo: [malloc] Top-most, releasable space:                    58736 Byte
20220314 013812.532 INFO             PET1 PIOc_sync Exit - MemInfo: [malloc] Total space in use, mmap + non-mmap:         4035536 Byte
20220314 013812.532 INFO             PET1 PIOc_sync Exit - MemInfo: [malloc] Total space held (mmap + non-mmap):          4094272 Byte
20220314 013812.532 INFO             PET1 PIOc_sync Exit - MemInfo: [malloc] Total space used (mmap + non-mmap):          4044368 Byte
20220314 013812.532 INFO             PET1 PIOc_sync Exit - MemInfo: Wall-clock time since execution start:               0.107219 seconds
20220314 013812.533 INFO             PET1 PIOc_freedecomp Enter - MemInfo: [/proc/meminfo - SSI]	MemTotal:       65855856 kB
20220314 013812.533 INFO             PET1 PIOc_freedecomp Enter - MemInfo: [/proc/meminfo - SSI]	MemFree:        61179500 kB
20220314 013812.533 INFO             PET1 PIOc_freedecomp Enter - MemInfo: [/proc/meminfo - SSI]	MemAvailable:   60960720 kB
20220314 013812.533 INFO             PET1 PIOc_freedecomp Enter - MemInfo: [/proc/meminfo - SSI]	Committed_AS:    2866000 kB
20220314 013812.533 INFO             PET1 PIOc_freedecomp Enter - MemInfo: [/proc/meminfo - SSI]	CommittedPercent: 4.35193 %
20220314 013812.533 INFO             PET1 PIOc_freedecomp Enter - MemInfo: [/proc/self/status]	VmPeak:	   75008 kB
20220314 013812.533 INFO             PET1 PIOc_freedecomp Enter - MemInfo: [/proc/self/status]	VmSize:	   74540 kB
20220314 013812.533 INFO             PET1 PIOc_freedecomp Enter - MemInfo: [/proc/self/status]	VmLck:	       0 kB
20220314 013812.533 INFO             PET1 PIOc_freedecomp Enter - MemInfo: [/proc/self/status]	VmPin:	       0 kB
20220314 013812.533 INFO             PET1 PIOc_freedecomp Enter - MemInfo: [/proc/self/status]	VmHWM:	   10800 kB
20220314 013812.533 INFO             PET1 PIOc_freedecomp Enter - MemInfo: [/proc/self/status]	VmRSS:	   10800 kB
20220314 013812.533 INFO             PET1 PIOc_freedecomp Enter - MemInfo: [/proc/self/status]	VmData:	    8252 kB
20220314 013812.533 INFO             PET1 PIOc_freedecomp Enter - MemInfo: [/proc/self/status]	VmStk:	     164 kB
20220314 013812.533 INFO             PET1 PIOc_freedecomp Enter - MemInfo: [/proc/self/status]	VmExe:	   40704 kB
20220314 013812.533 INFO             PET1 PIOc_freedecomp Enter - MemInfo: [/proc/self/status]	VmLib:	    1952 kB
20220314 013812.533 INFO             PET1 PIOc_freedecomp Enter - MemInfo: [/proc/self/status]	VmPTE:	     136 kB
20220314 013812.533 INFO             PET1 PIOc_freedecomp Enter - MemInfo: [/proc/self/status]	VmPMD:	      12 kB
20220314 013812.533 INFO             PET1 PIOc_freedecomp Enter - MemInfo: [/proc/self/status]	VmSwap:	       0 kB
20220314 013812.533 INFO             PET1 PIOc_freedecomp Enter - MemInfo: [/proc/self/status]	VmRSSPercent: 0.0163995 %
20220314 013812.533 INFO             PET1 PIOc_freedecomp Enter - MemInfo: [malloc] Non-mmapped space allocated:                  690496 Byte
20220314 013812.533 INFO             PET1 PIOc_freedecomp Enter - MemInfo: [malloc] Space allocated in mmapped regions:          3403776 Byte
20220314 013812.533 INFO             PET1 PIOc_freedecomp Enter - MemInfo: [malloc] Maximum total allocated space:                     0 Byte
20220314 013812.533 INFO             PET1 PIOc_freedecomp Enter - MemInfo: [malloc] Space in freed fastbin blocks:                     0 Byte
20220314 013812.533 INFO             PET1 PIOc_freedecomp Enter - MemInfo: [malloc] Total allocated space:                        632672 Byte
20220314 013812.533 INFO             PET1 PIOc_freedecomp Enter - MemInfo: [malloc] Total free space:                              57824 Byte
20220314 013812.533 INFO             PET1 PIOc_freedecomp Enter - MemInfo: [malloc] Top-most, releasable space:                    57824 Byte
20220314 013812.533 INFO             PET1 PIOc_freedecomp Enter - MemInfo: [malloc] Total space in use, mmap + non-mmap:         4036448 Byte
20220314 013812.533 INFO             PET1 PIOc_freedecomp Enter - MemInfo: [malloc] Total space held (mmap + non-mmap):          4094272 Byte
20220314 013812.533 INFO             PET1 PIOc_freedecomp Enter - MemInfo: [malloc] Total space used (mmap + non-mmap):          4045168 Byte
20220314 013812.533 INFO             PET1 PIOc_freedecomp Enter - MemInfo: Wall-clock time since execution start:               0.108112 seconds
20220314 013812.533 INFO             PET1 PIOc_freedecomp Exit - MemInfo: [/proc/meminfo - SSI]	MemTotal:       65855856 kB
20220314 013812.533 INFO             PET1 PIOc_freedecomp Exit - MemInfo: [/proc/meminfo - SSI]	MemFree:        61179500 kB
20220314 013812.533 INFO             PET1 PIOc_freedecomp Exit - MemInfo: [/proc/meminfo - SSI]	MemAvailable:   60960720 kB
20220314 013812.533 INFO             PET1 PIOc_freedecomp Exit - MemInfo: [/proc/meminfo - SSI]	Committed_AS:    2866000 kB
20220314 013812.533 INFO             PET1 PIOc_freedecomp Exit - MemInfo: [/proc/meminfo - SSI]	CommittedPercent: 4.35193 %
20220314 013812.533 INFO             PET1 PIOc_freedecomp Exit - MemInfo: [/proc/self/status]	VmPeak:	   75008 kB
20220314 013812.533 INFO             PET1 PIOc_freedecomp Exit - MemInfo: [/proc/self/status]	VmSize:	   74540 kB
20220314 013812.533 INFO             PET1 PIOc_freedecomp Exit - MemInfo: [/proc/self/status]	VmLck:	       0 kB
20220314 013812.533 INFO             PET1 PIOc_freedecomp Exit - MemInfo: [/proc/self/status]	VmPin:	       0 kB
20220314 013812.533 INFO             PET1 PIOc_freedecomp Exit - MemInfo: [/proc/self/status]	VmHWM:	   10800 kB
20220314 013812.533 INFO             PET1 PIOc_freedecomp Exit - MemInfo: [/proc/self/status]	VmRSS:	   10800 kB
20220314 013812.534 INFO             PET1 PIOc_freedecomp Exit - MemInfo: [/proc/self/status]	VmData:	    8252 kB
20220314 013812.534 INFO             PET1 PIOc_freedecomp Exit - MemInfo: [/proc/self/status]	VmStk:	     164 kB
20220314 013812.534 INFO             PET1 PIOc_freedecomp Exit - MemInfo: [/proc/self/status]	VmExe:	   40704 kB
20220314 013812.534 INFO             PET1 PIOc_freedecomp Exit - MemInfo: [/proc/self/status]	VmLib:	    1952 kB
20220314 013812.534 INFO             PET1 PIOc_freedecomp Exit - MemInfo: [/proc/self/status]	VmPTE:	     136 kB
20220314 013812.534 INFO             PET1 PIOc_freedecomp Exit - MemInfo: [/proc/self/status]	VmPMD:	      12 kB
20220314 013812.534 INFO             PET1 PIOc_freedecomp Exit - MemInfo: [/proc/self/status]	VmSwap:	       0 kB
20220314 013812.534 INFO             PET1 PIOc_freedecomp Exit - MemInfo: [/proc/self/status]	VmRSSPercent: 0.0163995 %
20220314 013812.534 INFO             PET1 PIOc_freedecomp Exit - MemInfo: [malloc] Non-mmapped space allocated:                  690496 Byte
20220314 013812.534 INFO             PET1 PIOc_freedecomp Exit - MemInfo: [malloc] Space allocated in mmapped regions:          3403776 Byte
20220314 013812.534 INFO             PET1 PIOc_freedecomp Exit - MemInfo: [malloc] Maximum total allocated space:                     0 Byte
20220314 013812.534 INFO             PET1 PIOc_freedecomp Exit - MemInfo: [malloc] Space in freed fastbin blocks:                   368 Byte
20220314 013812.534 INFO             PET1 PIOc_freedecomp Exit - MemInfo: [malloc] Total allocated space:                        633040 Byte
20220314 013812.534 INFO             PET1 PIOc_freedecomp Exit - MemInfo: [malloc] Total free space:                              57456 Byte
20220314 013812.534 INFO             PET1 PIOc_freedecomp Exit - MemInfo: [malloc] Top-most, releasable space:                    57088 Byte
20220314 013812.534 INFO             PET1 PIOc_freedecomp Exit - MemInfo: [malloc] Total space in use, mmap + non-mmap:         4036816 Byte
20220314 013812.534 INFO             PET1 PIOc_freedecomp Exit - MemInfo: [malloc] Total space held (mmap + non-mmap):          4094272 Byte
20220314 013812.534 INFO             PET1 PIOc_freedecomp Exit - MemInfo: [malloc] Total space used (mmap + non-mmap):          4045584 Byte
20220314 013812.534 INFO             PET1 PIOc_freedecomp Exit - MemInfo: Wall-clock time since execution start:               0.108527 seconds
20220314 013812.537 INFO             PET1 PIOc_sync Enter - MemInfo: [/proc/meminfo - SSI]	MemTotal:       65855856 kB
20220314 013812.537 INFO             PET1 PIOc_sync Enter - MemInfo: [/proc/meminfo - SSI]	MemFree:        61176476 kB
20220314 013812.537 INFO             PET1 PIOc_sync Enter - MemInfo: [/proc/meminfo - SSI]	MemAvailable:   60957696 kB
20220314 013812.537 INFO             PET1 PIOc_sync Enter - MemInfo: [/proc/meminfo - SSI]	Committed_AS:    2874188 kB
20220314 013812.537 INFO             PET1 PIOc_sync Enter - MemInfo: [/proc/meminfo - SSI]	CommittedPercent: 4.36436 %
20220314 013812.537 INFO             PET1 PIOc_sync Enter - MemInfo: [/proc/self/status]	VmPeak:	   75008 kB
20220314 013812.537 INFO             PET1 PIOc_sync Enter - MemInfo: [/proc/self/status]	VmSize:	   74540 kB
20220314 013812.537 INFO             PET1 PIOc_sync Enter - MemInfo: [/proc/self/status]	VmLck:	       0 kB
20220314 013812.537 INFO             PET1 PIOc_sync Enter - MemInfo: [/proc/self/status]	VmPin:	       0 kB
20220314 013812.537 INFO             PET1 PIOc_sync Enter - MemInfo: [/proc/self/status]	VmHWM:	   10824 kB
20220314 013812.537 INFO             PET1 PIOc_sync Enter - MemInfo: [/proc/self/status]	VmRSS:	   10808 kB
20220314 013812.537 INFO             PET1 PIOc_sync Enter - MemInfo: [/proc/self/status]	VmData:	    8252 kB
20220314 013812.537 INFO             PET1 PIOc_sync Enter - MemInfo: [/proc/self/status]	VmStk:	     164 kB
20220314 013812.537 INFO             PET1 PIOc_sync Enter - MemInfo: [/proc/self/status]	VmExe:	   40704 kB
20220314 013812.537 INFO             PET1 PIOc_sync Enter - MemInfo: [/proc/self/status]	VmLib:	    1952 kB
20220314 013812.537 INFO             PET1 PIOc_sync Enter - MemInfo: [/proc/self/status]	VmPTE:	     136 kB
20220314 013812.537 INFO             PET1 PIOc_sync Enter - MemInfo: [/proc/self/status]	VmPMD:	      12 kB
20220314 013812.537 INFO             PET1 PIOc_sync Enter - MemInfo: [/proc/self/status]	VmSwap:	       0 kB
20220314 013812.537 INFO             PET1 PIOc_sync Enter - MemInfo: [/proc/self/status]	VmRSSPercent: 0.0164116 %
20220314 013812.537 INFO             PET1 PIOc_sync Enter - MemInfo: [malloc] Non-mmapped space allocated:                  690496 Byte
20220314 013812.537 INFO             PET1 PIOc_sync Enter - MemInfo: [malloc] Space allocated in mmapped regions:          3403776 Byte
20220314 013812.537 INFO             PET1 PIOc_sync Enter - MemInfo: [malloc] Maximum total allocated space:                     0 Byte
20220314 013812.537 INFO             PET1 PIOc_sync Enter - MemInfo: [malloc] Space in freed fastbin blocks:                     0 Byte
20220314 013812.537 INFO             PET1 PIOc_sync Enter - MemInfo: [malloc] Total allocated space:                        635296 Byte
20220314 013812.537 INFO             PET1 PIOc_sync Enter - MemInfo: [malloc] Total free space:                              55200 Byte
20220314 013812.537 INFO             PET1 PIOc_sync Enter - MemInfo: [malloc] Top-most, releasable space:                    54848 Byte
20220314 013812.538 INFO             PET1 PIOc_sync Enter - MemInfo: [malloc] Total space in use, mmap + non-mmap:         4039072 Byte
20220314 013812.538 INFO             PET1 PIOc_sync Enter - MemInfo: [malloc] Total space held (mmap + non-mmap):          4094272 Byte
20220314 013812.538 INFO             PET1 PIOc_sync Enter - MemInfo: [malloc] Total space used (mmap + non-mmap):          4047392 Byte
20220314 013812.538 INFO             PET1 PIOc_sync Enter - MemInfo: Wall-clock time since execution start:               0.112376 seconds
20220314 013812.538 INFO             PET1 PIOc_sync Exit - MemInfo: [/proc/meminfo - SSI]	MemTotal:       65855856 kB
20220314 013812.538 INFO             PET1 PIOc_sync Exit - MemInfo: [/proc/meminfo - SSI]	MemFree:        61176476 kB
20220314 013812.538 INFO             PET1 PIOc_sync Exit - MemInfo: [/proc/meminfo - SSI]	MemAvailable:   60957696 kB
20220314 013812.538 INFO             PET1 PIOc_sync Exit - MemInfo: [/proc/meminfo - SSI]	Committed_AS:    2874188 kB
20220314 013812.538 INFO             PET1 PIOc_sync Exit - MemInfo: [/proc/meminfo - SSI]	CommittedPercent: 4.36436 %
20220314 013812.538 INFO             PET1 PIOc_sync Exit - MemInfo: [/proc/self/status]	VmPeak:	   75008 kB
20220314 013812.538 INFO             PET1 PIOc_sync Exit - MemInfo: [/proc/self/status]	VmSize:	   74540 kB
20220314 013812.538 INFO             PET1 PIOc_sync Exit - MemInfo: [/proc/self/status]	VmLck:	       0 kB
20220314 013812.538 INFO             PET1 PIOc_sync Exit - MemInfo: [/proc/self/status]	VmPin:	       0 kB
20220314 013812.538 INFO             PET1 PIOc_sync Exit - MemInfo: [/proc/self/status]	VmHWM:	   10824 kB
20220314 013812.538 INFO             PET1 PIOc_sync Exit - MemInfo: [/proc/self/status]	VmRSS:	   10808 kB
20220314 013812.538 INFO             PET1 PIOc_sync Exit - MemInfo: [/proc/self/status]	VmData:	    8252 kB
20220314 013812.538 INFO             PET1 PIOc_sync Exit - MemInfo: [/proc/self/status]	VmStk:	     164 kB
20220314 013812.538 INFO             PET1 PIOc_sync Exit - MemInfo: [/proc/self/status]	VmExe:	   40704 kB
20220314 013812.538 INFO             PET1 PIOc_sync Exit - MemInfo: [/proc/self/status]	VmLib:	    1952 kB
20220314 013812.538 INFO             PET1 PIOc_sync Exit - MemInfo: [/proc/self/status]	VmPTE:	     140 kB
20220314 013812.538 INFO             PET1 PIOc_sync Exit - MemInfo: [/proc/self/status]	VmPMD:	      12 kB
20220314 013812.538 INFO             PET1 PIOc_sync Exit - MemInfo: [/proc/self/status]	VmSwap:	       0 kB
20220314 013812.538 INFO             PET1 PIOc_sync Exit - MemInfo: [/proc/self/status]	VmRSSPercent: 0.0164116 %
20220314 013812.538 INFO             PET1 PIOc_sync Exit - MemInfo: [malloc] Non-mmapped space allocated:                  690496 Byte
20220314 013812.538 INFO             PET1 PIOc_sync Exit - MemInfo: [malloc] Space allocated in mmapped regions:          3403776 Byte
20220314 013812.538 INFO             PET1 PIOc_sync Exit - MemInfo: [malloc] Maximum total allocated space:                     0 Byte
20220314 013812.538 INFO             PET1 PIOc_sync Exit - MemInfo: [malloc] Space in freed fastbin blocks:                     0 Byte
20220314 013812.538 INFO             PET1 PIOc_sync Exit - MemInfo: [malloc] Total allocated space:                        635712 Byte
20220314 013812.538 INFO             PET1 PIOc_sync Exit - MemInfo: [malloc] Total free space:                              54784 Byte
20220314 013812.538 INFO             PET1 PIOc_sync Exit - MemInfo: [malloc] Top-most, releasable space:                    54624 Byte
20220314 013812.538 INFO             PET1 PIOc_sync Exit - MemInfo: [malloc] Total space in use, mmap + non-mmap:         4039488 Byte
20220314 013812.538 INFO             PET1 PIOc_sync Exit - MemInfo: [malloc] Total space held (mmap + non-mmap):          4094272 Byte
20220314 013812.538 INFO             PET1 PIOc_sync Exit - MemInfo: [malloc] Total space used (mmap + non-mmap):          4047696 Byte
20220314 013812.538 INFO             PET1 PIOc_sync Exit - MemInfo: Wall-clock time since execution start:               0.112876 seconds
20220314 013812.538 INFO             PET1 PIOc_freedecomp Enter - MemInfo: [/proc/meminfo - SSI]	MemTotal:       65855856 kB
20220314 013812.538 INFO             PET1 PIOc_freedecomp Enter - MemInfo: [/proc/meminfo - SSI]	MemFree:        61176476 kB
20220314 013812.538 INFO             PET1 PIOc_freedecomp Enter - MemInfo: [/proc/meminfo - SSI]	MemAvailable:   60957696 kB
20220314 013812.538 INFO             PET1 PIOc_freedecomp Enter - MemInfo: [/proc/meminfo - SSI]	Committed_AS:    2874188 kB
20220314 013812.538 INFO             PET1 PIOc_freedecomp Enter - MemInfo: [/proc/meminfo - SSI]	CommittedPercent: 4.36436 %
20220314 013812.538 INFO             PET1 PIOc_freedecomp Enter - MemInfo: [/proc/self/status]	VmPeak:	   75008 kB
20220314 013812.538 INFO             PET1 PIOc_freedecomp Enter - MemInfo: [/proc/self/status]	VmSize:	   74540 kB
20220314 013812.538 INFO             PET1 PIOc_freedecomp Enter - MemInfo: [/proc/self/status]	VmLck:	       0 kB
20220314 013812.538 INFO             PET1 PIOc_freedecomp Enter - MemInfo: [/proc/self/status]	VmPin:	       0 kB
20220314 013812.538 INFO             PET1 PIOc_freedecomp Enter - MemInfo: [/proc/self/status]	VmHWM:	   10824 kB
20220314 013812.538 INFO             PET1 PIOc_freedecomp Enter - MemInfo: [/proc/self/status]	VmRSS:	   10808 kB
20220314 013812.538 INFO             PET1 PIOc_freedecomp Enter - MemInfo: [/proc/self/status]	VmData:	    8252 kB
20220314 013812.538 INFO             PET1 PIOc_freedecomp Enter - MemInfo: [/proc/self/status]	VmStk:	     164 kB
20220314 013812.538 INFO             PET1 PIOc_freedecomp Enter - MemInfo: [/proc/self/status]	VmExe:	   40704 kB
20220314 013812.538 INFO             PET1 PIOc_freedecomp Enter - MemInfo: [/proc/self/status]	VmLib:	    1952 kB
20220314 013812.538 INFO             PET1 PIOc_freedecomp Enter - MemInfo: [/proc/self/status]	VmPTE:	     140 kB
20220314 013812.538 INFO             PET1 PIOc_freedecomp Enter - MemInfo: [/proc/self/status]	VmPMD:	      12 kB
20220314 013812.538 INFO             PET1 PIOc_freedecomp Enter - MemInfo: [/proc/self/status]	VmSwap:	       0 kB
20220314 013812.539 INFO             PET1 PIOc_freedecomp Enter - MemInfo: [/proc/self/status]	VmRSSPercent: 0.0164116 %
20220314 013812.539 INFO             PET1 PIOc_freedecomp Enter - MemInfo: [malloc] Non-mmapped space allocated:                  690496 Byte
20220314 013812.539 INFO             PET1 PIOc_freedecomp Enter - MemInfo: [malloc] Space allocated in mmapped regions:          3403776 Byte
20220314 013812.539 INFO             PET1 PIOc_freedecomp Enter - MemInfo: [malloc] Maximum total allocated space:                     0 Byte
20220314 013812.539 INFO             PET1 PIOc_freedecomp Enter - MemInfo: [malloc] Space in freed fastbin blocks:                     0 Byte
20220314 013812.539 INFO             PET1 PIOc_freedecomp Enter - MemInfo: [malloc] Total allocated space:                        635936 Byte
20220314 013812.539 INFO             PET1 PIOc_freedecomp Enter - MemInfo: [malloc] Total free space:                              54560 Byte
20220314 013812.539 INFO             PET1 PIOc_freedecomp Enter - MemInfo: [malloc] Top-most, releasable space:                    54400 Byte
20220314 013812.539 INFO             PET1 PIOc_freedecomp Enter - MemInfo: [malloc] Total space in use, mmap + non-mmap:         4039712 Byte
20220314 013812.539 INFO             PET1 PIOc_freedecomp Enter - MemInfo: [malloc] Total space held (mmap + non-mmap):          4094272 Byte
20220314 013812.539 INFO             PET1 PIOc_freedecomp Enter - MemInfo: [malloc] Total space used (mmap + non-mmap):          4047920 Byte
20220314 013812.539 INFO             PET1 PIOc_freedecomp Enter - MemInfo: Wall-clock time since execution start:               0.113458 seconds
20220314 013812.539 INFO             PET1 PIOc_freedecomp Exit - MemInfo: [/proc/meminfo - SSI]	MemTotal:       65855856 kB
20220314 013812.539 INFO             PET1 PIOc_freedecomp Exit - MemInfo: [/proc/meminfo - SSI]	MemFree:        61176476 kB
20220314 013812.539 INFO             PET1 PIOc_freedecomp Exit - MemInfo: [/proc/meminfo - SSI]	MemAvailable:   60957696 kB
20220314 013812.539 INFO             PET1 PIOc_freedecomp Exit - MemInfo: [/proc/meminfo - SSI]	Committed_AS:    2874188 kB
20220314 013812.539 INFO             PET1 PIOc_freedecomp Exit - MemInfo: [/proc/meminfo - SSI]	CommittedPercent: 4.36436 %
20220314 013812.539 INFO             PET1 PIOc_freedecomp Exit - MemInfo: [/proc/self/status]	VmPeak:	   75008 kB
20220314 013812.539 INFO             PET1 PIOc_freedecomp Exit - MemInfo: [/proc/self/status]	VmSize:	   74540 kB
20220314 013812.539 INFO             PET1 PIOc_freedecomp Exit - MemInfo: [/proc/self/status]	VmLck:	       0 kB
20220314 013812.539 INFO             PET1 PIOc_freedecomp Exit - MemInfo: [/proc/self/status]	VmPin:	       0 kB
20220314 013812.539 INFO             PET1 PIOc_freedecomp Exit - MemInfo: [/proc/self/status]	VmHWM:	   10824 kB
20220314 013812.539 INFO             PET1 PIOc_freedecomp Exit - MemInfo: [/proc/self/status]	VmRSS:	   10808 kB
20220314 013812.539 INFO             PET1 PIOc_freedecomp Exit - MemInfo: [/proc/self/status]	VmData:	    8252 kB
20220314 013812.539 INFO             PET1 PIOc_freedecomp Exit - MemInfo: [/proc/self/status]	VmStk:	     164 kB
20220314 013812.539 INFO             PET1 PIOc_freedecomp Exit - MemInfo: [/proc/self/status]	VmExe:	   40704 kB
20220314 013812.539 INFO             PET1 PIOc_freedecomp Exit - MemInfo: [/proc/self/status]	VmLib:	    1952 kB
20220314 013812.539 INFO             PET1 PIOc_freedecomp Exit - MemInfo: [/proc/self/status]	VmPTE:	     140 kB
20220314 013812.539 INFO             PET1 PIOc_freedecomp Exit - MemInfo: [/proc/self/status]	VmPMD:	      12 kB
20220314 013812.539 INFO             PET1 PIOc_freedecomp Exit - MemInfo: [/proc/self/status]	VmSwap:	       0 kB
20220314 013812.539 INFO             PET1 PIOc_freedecomp Exit - MemInfo: [/proc/self/status]	VmRSSPercent: 0.0164116 %
20220314 013812.539 INFO             PET1 PIOc_freedecomp Exit - MemInfo: [malloc] Non-mmapped space allocated:                  690496 Byte
20220314 013812.539 INFO             PET1 PIOc_freedecomp Exit - MemInfo: [malloc] Space allocated in mmapped regions:          3403776 Byte
20220314 013812.539 INFO             PET1 PIOc_freedecomp Exit - MemInfo: [malloc] Maximum total allocated space:                     0 Byte
20220314 013812.539 INFO             PET1 PIOc_freedecomp Exit - MemInfo: [malloc] Space in freed fastbin blocks:                   400 Byte
20220314 013812.539 INFO             PET1 PIOc_freedecomp Exit - MemInfo: [malloc] Total allocated space:                        635536 Byte
20220314 013812.539 INFO             PET1 PIOc_freedecomp Exit - MemInfo: [malloc] Total free space:                              54960 Byte
20220314 013812.539 INFO             PET1 PIOc_freedecomp Exit - MemInfo: [malloc] Top-most, releasable space:                    54176 Byte
20220314 013812.539 INFO             PET1 PIOc_freedecomp Exit - MemInfo: [malloc] Total space in use, mmap + non-mmap:         4039312 Byte
20220314 013812.539 INFO             PET1 PIOc_freedecomp Exit - MemInfo: [malloc] Total space held (mmap + non-mmap):          4094272 Byte
20220314 013812.539 INFO             PET1 PIOc_freedecomp Exit - MemInfo: [malloc] Total space used (mmap + non-mmap):          4047520 Byte
20220314 013812.539 INFO             PET1 PIOc_freedecomp Exit - MemInfo: Wall-clock time since execution start:               0.113896 seconds
20220314 013812.541 INFO             PET1 PIOc_sync Enter - MemInfo: [/proc/meminfo - SSI]	MemTotal:       65855856 kB
20220314 013812.541 INFO             PET1 PIOc_sync Enter - MemInfo: [/proc/meminfo - SSI]	MemFree:        61175972 kB
20220314 013812.541 INFO             PET1 PIOc_sync Enter - MemInfo: [/proc/meminfo - SSI]	MemAvailable:   60957192 kB
20220314 013812.541 INFO             PET1 PIOc_sync Enter - MemInfo: [/proc/meminfo - SSI]	Committed_AS:    2874188 kB
20220314 013812.541 INFO             PET1 PIOc_sync Enter - MemInfo: [/proc/meminfo - SSI]	CommittedPercent: 4.36436 %
20220314 013812.541 INFO             PET1 PIOc_sync Enter - MemInfo: [/proc/self/status]	VmPeak:	   75008 kB
20220314 013812.541 INFO             PET1 PIOc_sync Enter - MemInfo: [/proc/self/status]	VmSize:	   74516 kB
20220314 013812.541 INFO             PET1 PIOc_sync Enter - MemInfo: [/proc/self/status]	VmLck:	       0 kB
20220314 013812.541 INFO             PET1 PIOc_sync Enter - MemInfo: [/proc/self/status]	VmPin:	       0 kB
20220314 013812.541 INFO             PET1 PIOc_sync Enter - MemInfo: [/proc/self/status]	VmHWM:	   10832 kB
20220314 013812.541 INFO             PET1 PIOc_sync Enter - MemInfo: [/proc/self/status]	VmRSS:	   10816 kB
20220314 013812.541 INFO             PET1 PIOc_sync Enter - MemInfo: [/proc/self/status]	VmData:	    8252 kB
20220314 013812.541 INFO             PET1 PIOc_sync Enter - MemInfo: [/proc/self/status]	VmStk:	     164 kB
20220314 013812.541 INFO             PET1 PIOc_sync Enter - MemInfo: [/proc/self/status]	VmExe:	   40704 kB
20220314 013812.541 INFO             PET1 PIOc_sync Enter - MemInfo: [/proc/self/status]	VmLib:	    1952 kB
20220314 013812.541 INFO             PET1 PIOc_sync Enter - MemInfo: [/proc/self/status]	VmPTE:	     140 kB
20220314 013812.541 INFO             PET1 PIOc_sync Enter - MemInfo: [/proc/self/status]	VmPMD:	      12 kB
20220314 013812.541 INFO             PET1 PIOc_sync Enter - MemInfo: [/proc/self/status]	VmSwap:	       0 kB
20220314 013812.541 INFO             PET1 PIOc_sync Enter - MemInfo: [/proc/self/status]	VmRSSPercent: 0.0164237 %
20220314 013812.541 INFO             PET1 PIOc_sync Enter - MemInfo: [malloc] Non-mmapped space allocated:                  690496 Byte
20220314 013812.541 INFO             PET1 PIOc_sync Enter - MemInfo: [malloc] Space allocated in mmapped regions:          3403776 Byte
20220314 013812.541 INFO             PET1 PIOc_sync Enter - MemInfo: [malloc] Maximum total allocated space:                     0 Byte
20220314 013812.541 INFO             PET1 PIOc_sync Enter - MemInfo: [malloc] Space in freed fastbin blocks:                    48 Byte
20220314 013812.541 INFO             PET1 PIOc_sync Enter - MemInfo: [malloc] Total allocated space:                        636272 Byte
20220314 013812.541 INFO             PET1 PIOc_sync Enter - MemInfo: [malloc] Total free space:                              54224 Byte
20220314 013812.541 INFO             PET1 PIOc_sync Enter - MemInfo: [malloc] Top-most, releasable space:                    53648 Byte
20220314 013812.541 INFO             PET1 PIOc_sync Enter - MemInfo: [malloc] Total space in use, mmap + non-mmap:         4040048 Byte
20220314 013812.541 INFO             PET1 PIOc_sync Enter - MemInfo: [malloc] Total space held (mmap + non-mmap):          4094272 Byte
20220314 013812.541 INFO             PET1 PIOc_sync Enter - MemInfo: [malloc] Total space used (mmap + non-mmap):          4048256 Byte
20220314 013812.541 INFO             PET1 PIOc_sync Enter - MemInfo: Wall-clock time since execution start:                0.11592 seconds
20220314 013812.541 INFO             PET1 PIOc_sync Exit - MemInfo: [/proc/meminfo - SSI]	MemTotal:       65855856 kB
20220314 013812.541 INFO             PET1 PIOc_sync Exit - MemInfo: [/proc/meminfo - SSI]	MemFree:        61175972 kB
20220314 013812.541 INFO             PET1 PIOc_sync Exit - MemInfo: [/proc/meminfo - SSI]	MemAvailable:   60957192 kB
20220314 013812.541 INFO             PET1 PIOc_sync Exit - MemInfo: [/proc/meminfo - SSI]	Committed_AS:    2874188 kB
20220314 013812.541 INFO             PET1 PIOc_sync Exit - MemInfo: [/proc/meminfo - SSI]	CommittedPercent: 4.36436 %
20220314 013812.541 INFO             PET1 PIOc_sync Exit - MemInfo: [/proc/self/status]	VmPeak:	   75008 kB
20220314 013812.541 INFO             PET1 PIOc_sync Exit - MemInfo: [/proc/self/status]	VmSize:	   74516 kB
20220314 013812.541 INFO             PET1 PIOc_sync Exit - MemInfo: [/proc/self/status]	VmLck:	       0 kB
20220314 013812.541 INFO             PET1 PIOc_sync Exit - MemInfo: [/proc/self/status]	VmPin:	       0 kB
20220314 013812.541 INFO             PET1 PIOc_sync Exit - MemInfo: [/proc/self/status]	VmHWM:	   10832 kB
20220314 013812.541 INFO             PET1 PIOc_sync Exit - MemInfo: [/proc/self/status]	VmRSS:	   10816 kB
20220314 013812.541 INFO             PET1 PIOc_sync Exit - MemInfo: [/proc/self/status]	VmData:	    8252 kB
20220314 013812.541 INFO             PET1 PIOc_sync Exit - MemInfo: [/proc/self/status]	VmStk:	     164 kB
20220314 013812.541 INFO             PET1 PIOc_sync Exit - MemInfo: [/proc/self/status]	VmExe:	   40704 kB
20220314 013812.541 INFO             PET1 PIOc_sync Exit - MemInfo: [/proc/self/status]	VmLib:	    1952 kB
20220314 013812.541 INFO             PET1 PIOc_sync Exit - MemInfo: [/proc/self/status]	VmPTE:	     140 kB
20220314 013812.541 INFO             PET1 PIOc_sync Exit - MemInfo: [/proc/self/status]	VmPMD:	      12 kB
20220314 013812.541 INFO             PET1 PIOc_sync Exit - MemInfo: [/proc/self/status]	VmSwap:	       0 kB
20220314 013812.541 INFO             PET1 PIOc_sync Exit - MemInfo: [/proc/self/status]	VmRSSPercent: 0.0164237 %
20220314 013812.541 INFO             PET1 PIOc_sync Exit - MemInfo: [malloc] Non-mmapped space allocated:                  690496 Byte
20220314 013812.541 INFO             PET1 PIOc_sync Exit - MemInfo: [malloc] Space allocated in mmapped regions:          3403776 Byte
20220314 013812.541 INFO             PET1 PIOc_sync Exit - MemInfo: [malloc] Maximum total allocated space:                     0 Byte
20220314 013812.542 INFO             PET1 PIOc_sync Exit - MemInfo: [malloc] Space in freed fastbin blocks:                     0 Byte
20220314 013812.542 INFO             PET1 PIOc_sync Exit - MemInfo: [malloc] Total allocated space:                        636448 Byte
20220314 013812.542 INFO             PET1 PIOc_sync Exit - MemInfo: [malloc] Total free space:                              54048 Byte
20220314 013812.542 INFO             PET1 PIOc_sync Exit - MemInfo: [malloc] Top-most, releasable space:                    53424 Byte
20220314 013812.542 INFO             PET1 PIOc_sync Exit - MemInfo: [malloc] Total space in use, mmap + non-mmap:         4040224 Byte
20220314 013812.542 INFO             PET1 PIOc_sync Exit - MemInfo: [malloc] Total space held (mmap + non-mmap):          4094272 Byte
20220314 013812.542 INFO             PET1 PIOc_sync Exit - MemInfo: [malloc] Total space used (mmap + non-mmap):          4048432 Byte
20220314 013812.542 INFO             PET1 PIOc_sync Exit - MemInfo: Wall-clock time since execution start:               0.116408 seconds
20220314 013812.542 INFO             PET1 PIOc_freedecomp Enter - MemInfo: [/proc/meminfo - SSI]	MemTotal:       65855856 kB
20220314 013812.542 INFO             PET1 PIOc_freedecomp Enter - MemInfo: [/proc/meminfo - SSI]	MemFree:        61175972 kB
20220314 013812.542 INFO             PET1 PIOc_freedecomp Enter - MemInfo: [/proc/meminfo - SSI]	MemAvailable:   60957192 kB
20220314 013812.542 INFO             PET1 PIOc_freedecomp Enter - MemInfo: [/proc/meminfo - SSI]	Committed_AS:    2874188 kB
20220314 013812.542 INFO             PET1 PIOc_freedecomp Enter - MemInfo: [/proc/meminfo - SSI]	CommittedPercent: 4.36436 %
20220314 013812.542 INFO             PET1 PIOc_freedecomp Enter - MemInfo: [/proc/self/status]	VmPeak:	   75008 kB
20220314 013812.542 INFO             PET1 PIOc_freedecomp Enter - MemInfo: [/proc/self/status]	VmSize:	   74516 kB
20220314 013812.542 INFO             PET1 PIOc_freedecomp Enter - MemInfo: [/proc/self/status]	VmLck:	       0 kB
20220314 013812.542 INFO             PET1 PIOc_freedecomp Enter - MemInfo: [/proc/self/status]	VmPin:	       0 kB
20220314 013812.542 INFO             PET1 PIOc_freedecomp Enter - MemInfo: [/proc/self/status]	VmHWM:	   10832 kB
20220314 013812.542 INFO             PET1 PIOc_freedecomp Enter - MemInfo: [/proc/self/status]	VmRSS:	   10816 kB
20220314 013812.542 INFO             PET1 PIOc_freedecomp Enter - MemInfo: [/proc/self/status]	VmData:	    8252 kB
20220314 013812.542 INFO             PET1 PIOc_freedecomp Enter - MemInfo: [/proc/self/status]	VmStk:	     164 kB
20220314 013812.542 INFO             PET1 PIOc_freedecomp Enter - MemInfo: [/proc/self/status]	VmExe:	   40704 kB
20220314 013812.542 INFO             PET1 PIOc_freedecomp Enter - MemInfo: [/proc/self/status]	VmLib:	    1952 kB
20220314 013812.542 INFO             PET1 PIOc_freedecomp Enter - MemInfo: [/proc/self/status]	VmPTE:	     140 kB
20220314 013812.542 INFO             PET1 PIOc_freedecomp Enter - MemInfo: [/proc/self/status]	VmPMD:	      12 kB
20220314 013812.542 INFO             PET1 PIOc_freedecomp Enter - MemInfo: [/proc/self/status]	VmSwap:	       0 kB
20220314 013812.542 INFO             PET1 PIOc_freedecomp Enter - MemInfo: [/proc/self/status]	VmRSSPercent: 0.0164237 %
20220314 013812.542 INFO             PET1 PIOc_freedecomp Enter - MemInfo: [malloc] Non-mmapped space allocated:                  690496 Byte
20220314 013812.542 INFO             PET1 PIOc_freedecomp Enter - MemInfo: [malloc] Space allocated in mmapped regions:          3403776 Byte
20220314 013812.542 INFO             PET1 PIOc_freedecomp Enter - MemInfo: [malloc] Maximum total allocated space:                     0 Byte
20220314 013812.542 INFO             PET1 PIOc_freedecomp Enter - MemInfo: [malloc] Space in freed fastbin blocks:                     0 Byte
20220314 013812.542 INFO             PET1 PIOc_freedecomp Enter - MemInfo: [malloc] Total allocated space:                        636160 Byte
20220314 013812.542 INFO             PET1 PIOc_freedecomp Enter - MemInfo: [malloc] Total free space:                              54336 Byte
20220314 013812.542 INFO             PET1 PIOc_freedecomp Enter - MemInfo: [malloc] Top-most, releasable space:                    53200 Byte
20220314 013812.542 INFO             PET1 PIOc_freedecomp Enter - MemInfo: [malloc] Total space in use, mmap + non-mmap:         4039936 Byte
20220314 013812.542 INFO             PET1 PIOc_freedecomp Enter - MemInfo: [malloc] Total space held (mmap + non-mmap):          4094272 Byte
20220314 013812.542 INFO             PET1 PIOc_freedecomp Enter - MemInfo: [malloc] Total space used (mmap + non-mmap):          4048144 Byte
20220314 013812.542 INFO             PET1 PIOc_freedecomp Enter - MemInfo: Wall-clock time since execution start:               0.116987 seconds
20220314 013812.542 INFO             PET1 PIOc_freedecomp Exit - MemInfo: [/proc/meminfo - SSI]	MemTotal:       65855856 kB
20220314 013812.542 INFO             PET1 PIOc_freedecomp Exit - MemInfo: [/proc/meminfo - SSI]	MemFree:        61175972 kB
20220314 013812.542 INFO             PET1 PIOc_freedecomp Exit - MemInfo: [/proc/meminfo - SSI]	MemAvailable:   60957192 kB
20220314 013812.542 INFO             PET1 PIOc_freedecomp Exit - MemInfo: [/proc/meminfo - SSI]	Committed_AS:    2874188 kB
20220314 013812.542 INFO             PET1 PIOc_freedecomp Exit - MemInfo: [/proc/meminfo - SSI]	CommittedPercent: 4.36436 %
20220314 013812.542 INFO             PET1 PIOc_freedecomp Exit - MemInfo: [/proc/self/status]	VmPeak:	   75008 kB
20220314 013812.542 INFO             PET1 PIOc_freedecomp Exit - MemInfo: [/proc/self/status]	VmSize:	   74516 kB
20220314 013812.542 INFO             PET1 PIOc_freedecomp Exit - MemInfo: [/proc/self/status]	VmLck:	       0 kB
20220314 013812.542 INFO             PET1 PIOc_freedecomp Exit - MemInfo: [/proc/self/status]	VmPin:	       0 kB
20220314 013812.542 INFO             PET1 PIOc_freedecomp Exit - MemInfo: [/proc/self/status]	VmHWM:	   10832 kB
20220314 013812.542 INFO             PET1 PIOc_freedecomp Exit - MemInfo: [/proc/self/status]	VmRSS:	   10816 kB
20220314 013812.542 INFO             PET1 PIOc_freedecomp Exit - MemInfo: [/proc/self/status]	VmData:	    8252 kB
20220314 013812.542 INFO             PET1 PIOc_freedecomp Exit - MemInfo: [/proc/self/status]	VmStk:	     164 kB
20220314 013812.542 INFO             PET1 PIOc_freedecomp Exit - MemInfo: [/proc/self/status]	VmExe:	   40704 kB
20220314 013812.542 INFO             PET1 PIOc_freedecomp Exit - MemInfo: [/proc/self/status]	VmLib:	    1952 kB
20220314 013812.542 INFO             PET1 PIOc_freedecomp Exit - MemInfo: [/proc/self/status]	VmPTE:	     140 kB
20220314 013812.542 INFO             PET1 PIOc_freedecomp Exit - MemInfo: [/proc/self/status]	VmPMD:	      12 kB
20220314 013812.542 INFO             PET1 PIOc_freedecomp Exit - MemInfo: [/proc/self/status]	VmSwap:	       0 kB
20220314 013812.543 INFO             PET1 PIOc_freedecomp Exit - MemInfo: [/proc/self/status]	VmRSSPercent: 0.0164237 %
20220314 013812.543 INFO             PET1 PIOc_freedecomp Exit - MemInfo: [malloc] Non-mmapped space allocated:                  690496 Byte
20220314 013812.543 INFO             PET1 PIOc_freedecomp Exit - MemInfo: [malloc] Space allocated in mmapped regions:          3403776 Byte
20220314 013812.543 INFO             PET1 PIOc_freedecomp Exit - MemInfo: [malloc] Maximum total allocated space:                     0 Byte
20220314 013812.543 INFO             PET1 PIOc_freedecomp Exit - MemInfo: [malloc] Space in freed fastbin blocks:                   736 Byte
20220314 013812.543 INFO             PET1 PIOc_freedecomp Exit - MemInfo: [malloc] Total allocated space:                        635424 Byte
20220314 013812.543 INFO             PET1 PIOc_freedecomp Exit - MemInfo: [malloc] Total free space:                              55072 Byte
20220314 013812.543 INFO             PET1 PIOc_freedecomp Exit - MemInfo: [malloc] Top-most, releasable space:                    52976 Byte
20220314 013812.543 INFO             PET1 PIOc_freedecomp Exit - MemInfo: [malloc] Total space in use, mmap + non-mmap:         4039200 Byte
20220314 013812.543 INFO             PET1 PIOc_freedecomp Exit - MemInfo: [malloc] Total space held (mmap + non-mmap):          4094272 Byte
20220314 013812.543 INFO             PET1 PIOc_freedecomp Exit - MemInfo: [malloc] Total space used (mmap + non-mmap):          4047408 Byte
20220314 013812.543 INFO             PET1 PIOc_freedecomp Exit - MemInfo: Wall-clock time since execution start:               0.117472 seconds
20220314 013812.543 INFO             PET1  PASS  ESMF_OutputWeightFile, ESMF_IOUTest.F90, line 81
20220314 013812.559 INFO             PET1  PASS  call ESMF_OutputWeightFile with empty factor list on four PETs, ESMF_IOUTest.F90, line 191
20220314 013812.559 INFO             PET1  Ending Test, file ESMF_IOUTest.F90, line 201
20220314 013812.559 INFO             PET1 Finalizing ESMF
20220314 013812.440 INFO             PET2 !!!!!!!!!!!!!!!!!!!!!!!!!!!!!!!!!!!!!!!!!!!!!!!!!!!!!!
20220314 013812.440 INFO             PET2 !!! THE ESMF_LOG IS SET TO OUTPUT ALL LOG MESSAGES !!!
20220314 013812.440 INFO             PET2 !!!     THIS MAY CAUSE SLOWDOWN IN PERFORMANCE     !!!
20220314 013812.440 INFO             PET2 !!! FOR PRODUCTION RUNS, USE:                      !!!
20220314 013812.440 INFO             PET2 !!!                   ESMF_LOGKIND_Multi_On_Error  !!!
20220314 013812.440 INFO             PET2 !!!!!!!!!!!!!!!!!!!!!!!!!!!!!!!!!!!!!!!!!!!!!!!!!!!!!!
20220314 013812.440 INFO             PET2 Running with ESMF Version   : v8.3.0b09-96-g559b459836
20220314 013812.440 INFO             PET2 ESMF library build date/time: "Mar 14 2022" "00:45:31"
20220314 013812.440 INFO             PET2 ESMF library build location : /lustre/f2/dev/ncep/Mark.Potts/gfortran_8.3.0_mpi_g_jedwards_pio_update2
20220314 013812.440 INFO             PET2 ESMF_COMM                   : mpi
20220314 013812.440 INFO             PET2 ESMF_MOAB                   : enabled
20220314 013812.440 INFO             PET2 ESMF_LAPACK                 : enabled
20220314 013812.440 INFO             PET2 ESMF_NETCDF                 : enabled
20220314 013812.440 INFO             PET2 ESMF_PNETCDF                : disabled
20220314 013812.440 INFO             PET2 ESMF_PIO                    : enabled
20220314 013812.440 INFO             PET2 ESMF_YAMLCPP                : enabled
20220314 013812.441 INFO             PET2  Beginning Test, file ESMF_IOUTest.F90, line 57
20220314 013812.441 INFO             PET2  NUMBER_OF_PROCESSORS           4
20220314 013812.441 INFO             PET2 Starting Test:  ESMF_OutputWeightFile
20220314 013812.531 INFO             PET2 PIOc_sync Enter - MemInfo: [/proc/meminfo - SSI]	MemTotal:       65855856 kB
20220314 013812.531 INFO             PET2 PIOc_sync Enter - MemInfo: [/proc/meminfo - SSI]	MemFree:        61172948 kB
20220314 013812.531 INFO             PET2 PIOc_sync Enter - MemInfo: [/proc/meminfo - SSI]	MemAvailable:   60954168 kB
20220314 013812.531 INFO             PET2 PIOc_sync Enter - MemInfo: [/proc/meminfo - SSI]	Committed_AS:    2873736 kB
20220314 013812.531 INFO             PET2 PIOc_sync Enter - MemInfo: [/proc/meminfo - SSI]	CommittedPercent: 4.36368 %
20220314 013812.531 INFO             PET2 PIOc_sync Enter - MemInfo: [/proc/self/status]	VmPeak:	   75008 kB
20220314 013812.531 INFO             PET2 PIOc_sync Enter - MemInfo: [/proc/self/status]	VmSize:	   74540 kB
20220314 013812.531 INFO             PET2 PIOc_sync Enter - MemInfo: [/proc/self/status]	VmLck:	       0 kB
20220314 013812.531 INFO             PET2 PIOc_sync Enter - MemInfo: [/proc/self/status]	VmPin:	       0 kB
20220314 013812.531 INFO             PET2 PIOc_sync Enter - MemInfo: [/proc/self/status]	VmHWM:	   10636 kB
20220314 013812.531 INFO             PET2 PIOc_sync Enter - MemInfo: [/proc/self/status]	VmRSS:	   10636 kB
20220314 013812.531 INFO             PET2 PIOc_sync Enter - MemInfo: [/proc/self/status]	VmData:	    8252 kB
20220314 013812.531 INFO             PET2 PIOc_sync Enter - MemInfo: [/proc/self/status]	VmStk:	     164 kB
20220314 013812.531 INFO             PET2 PIOc_sync Enter - MemInfo: [/proc/self/status]	VmExe:	   40704 kB
20220314 013812.531 INFO             PET2 PIOc_sync Enter - MemInfo: [/proc/self/status]	VmLib:	    1952 kB
20220314 013812.531 INFO             PET2 PIOc_sync Enter - MemInfo: [/proc/self/status]	VmPTE:	     136 kB
20220314 013812.531 INFO             PET2 PIOc_sync Enter - MemInfo: [/proc/self/status]	VmPMD:	      12 kB
20220314 013812.531 INFO             PET2 PIOc_sync Enter - MemInfo: [/proc/self/status]	VmSwap:	       0 kB
20220314 013812.531 INFO             PET2 PIOc_sync Enter - MemInfo: [/proc/self/status]	VmRSSPercent: 0.0161504 %
20220314 013812.531 INFO             PET2 PIOc_sync Enter - MemInfo: [malloc] Non-mmapped space allocated:                  690496 Byte
20220314 013812.531 INFO             PET2 PIOc_sync Enter - MemInfo: [malloc] Space allocated in mmapped regions:          3403776 Byte
20220314 013812.531 INFO             PET2 PIOc_sync Enter - MemInfo: [malloc] Maximum total allocated space:                     0 Byte
20220314 013812.531 INFO             PET2 PIOc_sync Enter - MemInfo: [malloc] Space in freed fastbin blocks:                     0 Byte
20220314 013812.531 INFO             PET2 PIOc_sync Enter - MemInfo: [malloc] Total allocated space:                        629280 Byte
20220314 013812.531 INFO             PET2 PIOc_sync Enter - MemInfo: [malloc] Total free space:                              61216 Byte
20220314 013812.531 INFO             PET2 PIOc_sync Enter - MemInfo: [malloc] Top-most, releasable space:                    61216 Byte
20220314 013812.531 INFO             PET2 PIOc_sync Enter - MemInfo: [malloc] Total space in use, mmap + non-mmap:         4033056 Byte
20220314 013812.531 INFO             PET2 PIOc_sync Enter - MemInfo: [malloc] Total space held (mmap + non-mmap):          4094272 Byte
20220314 013812.531 INFO             PET2 PIOc_sync Enter - MemInfo: [malloc] Total space used (mmap + non-mmap):          4043120 Byte
20220314 013812.531 INFO             PET2 PIOc_sync Enter - MemInfo: Wall-clock time since execution start:               0.106213 seconds
20220314 013812.532 INFO             PET2 PIOc_sync Exit - MemInfo: [/proc/meminfo - SSI]	MemTotal:       65855856 kB
20220314 013812.532 INFO             PET2 PIOc_sync Exit - MemInfo: [/proc/meminfo - SSI]	MemFree:        61172444 kB
20220314 013812.532 INFO             PET2 PIOc_sync Exit - MemInfo: [/proc/meminfo - SSI]	MemAvailable:   60953664 kB
20220314 013812.532 INFO             PET2 PIOc_sync Exit - MemInfo: [/proc/meminfo - SSI]	Committed_AS:    2873736 kB
20220314 013812.532 INFO             PET2 PIOc_sync Exit - MemInfo: [/proc/meminfo - SSI]	CommittedPercent: 4.36368 %
20220314 013812.532 INFO             PET2 PIOc_sync Exit - MemInfo: [/proc/self/status]	VmPeak:	   75008 kB
20220314 013812.532 INFO             PET2 PIOc_sync Exit - MemInfo: [/proc/self/status]	VmSize:	   74540 kB
20220314 013812.532 INFO             PET2 PIOc_sync Exit - MemInfo: [/proc/self/status]	VmLck:	       0 kB
20220314 013812.532 INFO             PET2 PIOc_sync Exit - MemInfo: [/proc/self/status]	VmPin:	       0 kB
20220314 013812.532 INFO             PET2 PIOc_sync Exit - MemInfo: [/proc/self/status]	VmHWM:	   10636 kB
20220314 013812.532 INFO             PET2 PIOc_sync Exit - MemInfo: [/proc/self/status]	VmRSS:	   10636 kB
20220314 013812.532 INFO             PET2 PIOc_sync Exit - MemInfo: [/proc/self/status]	VmData:	    8252 kB
20220314 013812.532 INFO             PET2 PIOc_sync Exit - MemInfo: [/proc/self/status]	VmStk:	     164 kB
20220314 013812.532 INFO             PET2 PIOc_sync Exit - MemInfo: [/proc/self/status]	VmExe:	   40704 kB
20220314 013812.532 INFO             PET2 PIOc_sync Exit - MemInfo: [/proc/self/status]	VmLib:	    1952 kB
20220314 013812.532 INFO             PET2 PIOc_sync Exit - MemInfo: [/proc/self/status]	VmPTE:	     136 kB
