build time -- 2022-03-11 23:43:27
20220312 003200.349 INFO             PET0 !!!!!!!!!!!!!!!!!!!!!!!!!!!!!!!!!!!!!!!!!!!!!!!!!!!!!!
20220312 003200.349 INFO             PET0 !!! THE ESMF_LOG IS SET TO OUTPUT ALL LOG MESSAGES !!!
20220312 003200.349 INFO             PET0 !!!     THIS MAY CAUSE SLOWDOWN IN PERFORMANCE     !!!
20220312 003200.349 INFO             PET0 !!! FOR PRODUCTION RUNS, USE:                      !!!
20220312 003200.349 INFO             PET0 !!!                   ESMF_LOGKIND_Multi_On_Error  !!!
20220312 003200.349 INFO             PET0 !!!!!!!!!!!!!!!!!!!!!!!!!!!!!!!!!!!!!!!!!!!!!!!!!!!!!!
20220312 003200.349 INFO             PET0 Running with ESMF Version   : v8.3.0b09-96-g559b459836
20220312 003200.349 INFO             PET0 ESMF library build date/time: "Mar 11 2022" "23:41:41"
20220312 003200.349 INFO             PET0 ESMF library build location : /lustre/f2/dev/ncep/Mark.Potts/gfortran_8.3.0_mpi_g_jedwards_pio_update2
20220312 003200.349 INFO             PET0 ESMF_COMM                   : mpi
20220312 003200.349 INFO             PET0 ESMF_MOAB                   : enabled
20220312 003200.349 INFO             PET0 ESMF_LAPACK                 : enabled
20220312 003200.349 INFO             PET0 ESMF_NETCDF                 : enabled
20220312 003200.349 INFO             PET0 ESMF_PNETCDF                : disabled
20220312 003200.349 INFO             PET0 ESMF_PIO                    : enabled
20220312 003200.349 INFO             PET0 ESMF_YAMLCPP                : enabled
20220312 003200.354 INFO             PET0  Beginning Test, file ESMF_IOUTest.F90, line 57
20220312 003200.354 INFO             PET0  NUMBER_OF_PROCESSORS           4
20220312 003200.354 INFO             PET0 Starting Test:  ESMF_OutputWeightFile
20220312 003200.457 INFO             PET0 PIOc_sync Enter - MemInfo: [/proc/meminfo - SSI]	MemTotal:       65855856 kB
20220312 003200.457 INFO             PET0 PIOc_sync Enter - MemInfo: [/proc/meminfo - SSI]	MemFree:        61303428 kB
20220312 003200.457 INFO             PET0 PIOc_sync Enter - MemInfo: [/proc/meminfo - SSI]	MemAvailable:   61084244 kB
20220312 003200.458 INFO             PET0 PIOc_sync Enter - MemInfo: [/proc/meminfo - SSI]	Committed_AS:    2815500 kB
20220312 003200.458 INFO             PET0 PIOc_sync Enter - MemInfo: [/proc/meminfo - SSI]	CommittedPercent: 4.27525 %
20220312 003200.458 INFO             PET0 PIOc_sync Enter - MemInfo: [/proc/self/status]	VmPeak:	   83516 kB
20220312 003200.458 INFO             PET0 PIOc_sync Enter - MemInfo: [/proc/self/status]	VmSize:	   83516 kB
20220312 003200.458 INFO             PET0 PIOc_sync Enter - MemInfo: [/proc/self/status]	VmLck:	       0 kB
20220312 003200.458 INFO             PET0 PIOc_sync Enter - MemInfo: [/proc/self/status]	VmPin:	       0 kB
20220312 003200.458 INFO             PET0 PIOc_sync Enter - MemInfo: [/proc/self/status]	VmHWM:	   20208 kB
20220312 003200.458 INFO             PET0 PIOc_sync Enter - MemInfo: [/proc/self/status]	VmRSS:	   20208 kB
20220312 003200.458 INFO             PET0 PIOc_sync Enter - MemInfo: [/proc/self/status]	VmData:	   17228 kB
20220312 003200.458 INFO             PET0 PIOc_sync Enter - MemInfo: [/proc/self/status]	VmStk:	     164 kB
20220312 003200.458 INFO             PET0 PIOc_sync Enter - MemInfo: [/proc/self/status]	VmExe:	   40704 kB
20220312 003200.458 INFO             PET0 PIOc_sync Enter - MemInfo: [/proc/self/status]	VmLib:	    1952 kB
20220312 003200.458 INFO             PET0 PIOc_sync Enter - MemInfo: [/proc/self/status]	VmPTE:	     144 kB
20220312 003200.458 INFO             PET0 PIOc_sync Enter - MemInfo: [/proc/self/status]	VmPMD:	      12 kB
20220312 003200.458 INFO             PET0 PIOc_sync Enter - MemInfo: [/proc/self/status]	VmSwap:	       0 kB
20220312 003200.458 INFO             PET0 PIOc_sync Enter - MemInfo: [/proc/self/status]	VmRSSPercent: 0.0306852 %
20220312 003200.458 INFO             PET0 PIOc_sync Enter - MemInfo: [malloc] Non-mmapped space allocated:                  960832 Byte
20220312 003200.458 INFO             PET0 PIOc_sync Enter - MemInfo: [malloc] Space allocated in mmapped regions:         12324864 Byte
20220312 003200.458 INFO             PET0 PIOc_sync Enter - MemInfo: [malloc] Maximum total allocated space:                     0 Byte
20220312 003200.458 INFO             PET0 PIOc_sync Enter - MemInfo: [malloc] Space in freed fastbin blocks:                     0 Byte
20220312 003200.458 INFO             PET0 PIOc_sync Enter - MemInfo: [malloc] Total allocated space:                        900960 Byte
20220312 003200.458 INFO             PET0 PIOc_sync Enter - MemInfo: [malloc] Total free space:                              59872 Byte
20220312 003200.458 INFO             PET0 PIOc_sync Enter - MemInfo: [malloc] Top-most, releasable space:                    59872 Byte
20220312 003200.458 INFO             PET0 PIOc_sync Enter - MemInfo: [malloc] Total space in use, mmap + non-mmap:        13225824 Byte
20220312 003200.458 INFO             PET0 PIOc_sync Enter - MemInfo: [malloc] Total space held (mmap + non-mmap):         13285696 Byte
20220312 003200.458 INFO             PET0 PIOc_sync Enter - MemInfo: [malloc] Total space used (mmap + non-mmap):         13235888 Byte
20220312 003200.458 INFO             PET0 PIOc_sync Enter - MemInfo: Wall-clock time since execution start:               0.123411 seconds
20220312 003200.458 INFO             PET0 PIOc_sync Exit - MemInfo: [/proc/meminfo - SSI]	MemTotal:       65855856 kB
20220312 003200.458 INFO             PET0 PIOc_sync Exit - MemInfo: [/proc/meminfo - SSI]	MemFree:        61303428 kB
20220312 003200.458 INFO             PET0 PIOc_sync Exit - MemInfo: [/proc/meminfo - SSI]	MemAvailable:   61084244 kB
20220312 003200.458 INFO             PET0 PIOc_sync Exit - MemInfo: [/proc/meminfo - SSI]	Committed_AS:    2815500 kB
20220312 003200.458 INFO             PET0 PIOc_sync Exit - MemInfo: [/proc/meminfo - SSI]	CommittedPercent: 4.27525 %
20220312 003200.459 INFO             PET0 PIOc_sync Exit - MemInfo: [/proc/self/status]	VmPeak:	   83976 kB
20220312 003200.459 INFO             PET0 PIOc_sync Exit - MemInfo: [/proc/self/status]	VmSize:	   83976 kB
20220312 003200.459 INFO             PET0 PIOc_sync Exit - MemInfo: [/proc/self/status]	VmLck:	       0 kB
20220312 003200.459 INFO             PET0 PIOc_sync Exit - MemInfo: [/proc/self/status]	VmPin:	       0 kB
20220312 003200.459 INFO             PET0 PIOc_sync Exit - MemInfo: [/proc/self/status]	VmHWM:	   20692 kB
20220312 003200.459 INFO             PET0 PIOc_sync Exit - MemInfo: [/proc/self/status]	VmRSS:	   20692 kB
20220312 003200.459 INFO             PET0 PIOc_sync Exit - MemInfo: [/proc/self/status]	VmData:	   17688 kB
20220312 003200.459 INFO             PET0 PIOc_sync Exit - MemInfo: [/proc/self/status]	VmStk:	     164 kB
20220312 003200.459 INFO             PET0 PIOc_sync Exit - MemInfo: [/proc/self/status]	VmExe:	   40704 kB
20220312 003200.459 INFO             PET0 PIOc_sync Exit - MemInfo: [/proc/self/status]	VmLib:	    1952 kB
20220312 003200.459 INFO             PET0 PIOc_sync Exit - MemInfo: [/proc/self/status]	VmPTE:	     156 kB
20220312 003200.459 INFO             PET0 PIOc_sync Exit - MemInfo: [/proc/self/status]	VmPMD:	      12 kB
20220312 003200.459 INFO             PET0 PIOc_sync Exit - MemInfo: [/proc/self/status]	VmSwap:	       0 kB
20220312 003200.459 INFO             PET0 PIOc_sync Exit - MemInfo: [/proc/self/status]	VmRSSPercent: 0.0314201 %
20220312 003200.459 INFO             PET0 PIOc_sync Exit - MemInfo: [malloc] Non-mmapped space allocated:                 1431872 Byte
20220312 003200.459 INFO             PET0 PIOc_sync Exit - MemInfo: [malloc] Space allocated in mmapped regions:         12324864 Byte
20220312 003200.459 INFO             PET0 PIOc_sync Exit - MemInfo: [malloc] Maximum total allocated space:                     0 Byte
20220312 003200.459 INFO             PET0 PIOc_sync Exit - MemInfo: [malloc] Space in freed fastbin blocks:                     0 Byte
20220312 003200.459 INFO             PET0 PIOc_sync Exit - MemInfo: [malloc] Total allocated space:                       1299200 Byte
20220312 003200.459 INFO             PET0 PIOc_sync Exit - MemInfo: [malloc] Total free space:                             132672 Byte
20220312 003200.459 INFO             PET0 PIOc_sync Exit - MemInfo: [malloc] Top-most, releasable space:                   132672 Byte
20220312 003200.459 INFO             PET0 PIOc_sync Exit - MemInfo: [malloc] Total space in use, mmap + non-mmap:        13624064 Byte
20220312 003200.459 INFO             PET0 PIOc_sync Exit - MemInfo: [malloc] Total space held (mmap + non-mmap):         13756736 Byte
20220312 003200.459 INFO             PET0 PIOc_sync Exit - MemInfo: [malloc] Total space used (mmap + non-mmap):         13633008 Byte
20220312 003200.459 INFO             PET0 PIOc_sync Exit - MemInfo: Wall-clock time since execution start:               0.124239 seconds
20220312 003200.459 INFO             PET0 PIOc_freedecomp Enter - MemInfo: [/proc/meminfo - SSI]	MemTotal:       65855856 kB
20220312 003200.459 INFO             PET0 PIOc_freedecomp Enter - MemInfo: [/proc/meminfo - SSI]	MemFree:        61310484 kB
20220312 003200.459 INFO             PET0 PIOc_freedecomp Enter - MemInfo: [/proc/meminfo - SSI]	MemAvailable:   61091300 kB
20220312 003200.459 INFO             PET0 PIOc_freedecomp Enter - MemInfo: [/proc/meminfo - SSI]	Committed_AS:    2807768 kB
20220312 003200.459 INFO             PET0 PIOc_freedecomp Enter - MemInfo: [/proc/meminfo - SSI]	CommittedPercent: 4.26351 %
20220312 003200.459 INFO             PET0 PIOc_freedecomp Enter - MemInfo: [/proc/self/status]	VmPeak:	   83976 kB
20220312 003200.459 INFO             PET0 PIOc_freedecomp Enter - MemInfo: [/proc/self/status]	VmSize:	   75264 kB
20220312 003200.459 INFO             PET0 PIOc_freedecomp Enter - MemInfo: [/proc/self/status]	VmLck:	       0 kB
20220312 003200.459 INFO             PET0 PIOc_freedecomp Enter - MemInfo: [/proc/self/status]	VmPin:	       0 kB
20220312 003200.460 INFO             PET0 PIOc_freedecomp Enter - MemInfo: [/proc/self/status]	VmHWM:	   20692 kB
20220312 003200.460 INFO             PET0 PIOc_freedecomp Enter - MemInfo: [/proc/self/status]	VmRSS:	   12716 kB
20220312 003200.460 INFO             PET0 PIOc_freedecomp Enter - MemInfo: [/proc/self/status]	VmData:	    8976 kB
20220312 003200.460 INFO             PET0 PIOc_freedecomp Enter - MemInfo: [/proc/self/status]	VmStk:	     164 kB
20220312 003200.460 INFO             PET0 PIOc_freedecomp Enter - MemInfo: [/proc/self/status]	VmExe:	   40704 kB
20220312 003200.460 INFO             PET0 PIOc_freedecomp Enter - MemInfo: [/proc/self/status]	VmLib:	    1952 kB
20220312 003200.460 INFO             PET0 PIOc_freedecomp Enter - MemInfo: [/proc/self/status]	VmPTE:	     140 kB
20220312 003200.460 INFO             PET0 PIOc_freedecomp Enter - MemInfo: [/proc/self/status]	VmPMD:	      12 kB
20220312 003200.460 INFO             PET0 PIOc_freedecomp Enter - MemInfo: [/proc/self/status]	VmSwap:	       0 kB
20220312 003200.460 INFO             PET0 PIOc_freedecomp Enter - MemInfo: [/proc/self/status]	VmRSSPercent: 0.0193088 %
20220312 003200.460 INFO             PET0 PIOc_freedecomp Enter - MemInfo: [malloc] Non-mmapped space allocated:                 1431872 Byte
20220312 003200.460 INFO             PET0 PIOc_freedecomp Enter - MemInfo: [malloc] Space allocated in mmapped regions:          3403776 Byte
20220312 003200.460 INFO             PET0 PIOc_freedecomp Enter - MemInfo: [malloc] Maximum total allocated space:                     0 Byte
20220312 003200.460 INFO             PET0 PIOc_freedecomp Enter - MemInfo: [malloc] Space in freed fastbin blocks:                   288 Byte
20220312 003200.460 INFO             PET0 PIOc_freedecomp Enter - MemInfo: [malloc] Total allocated space:                       1289376 Byte
20220312 003200.460 INFO             PET0 PIOc_freedecomp Enter - MemInfo: [malloc] Total free space:                             142496 Byte
20220312 003200.460 INFO             PET0 PIOc_freedecomp Enter - MemInfo: [malloc] Top-most, releasable space:                   131712 Byte
20220312 003200.460 INFO             PET0 PIOc_freedecomp Enter - MemInfo: [malloc] Total space in use, mmap + non-mmap:         4693152 Byte
20220312 003200.460 INFO             PET0 PIOc_freedecomp Enter - MemInfo: [malloc] Total space held (mmap + non-mmap):          4835648 Byte
20220312 003200.460 INFO             PET0 PIOc_freedecomp Enter - MemInfo: [malloc] Total space used (mmap + non-mmap):          4701696 Byte
20220312 003200.460 INFO             PET0 PIOc_freedecomp Enter - MemInfo: Wall-clock time since execution start:               0.125195 seconds
20220312 003200.460 INFO             PET0 PIOc_freedecomp Exit - MemInfo: [/proc/meminfo - SSI]	MemTotal:       65855856 kB
20220312 003200.460 INFO             PET0 PIOc_freedecomp Exit - MemInfo: [/proc/meminfo - SSI]	MemFree:        61310484 kB
20220312 003200.460 INFO             PET0 PIOc_freedecomp Exit - MemInfo: [/proc/meminfo - SSI]	MemAvailable:   61091300 kB
20220312 003200.460 INFO             PET0 PIOc_freedecomp Exit - MemInfo: [/proc/meminfo - SSI]	Committed_AS:    2807768 kB
20220312 003200.460 INFO             PET0 PIOc_freedecomp Exit - MemInfo: [/proc/meminfo - SSI]	CommittedPercent: 4.26351 %
20220312 003200.460 INFO             PET0 PIOc_freedecomp Exit - MemInfo: [/proc/self/status]	VmPeak:	   83976 kB
20220312 003200.460 INFO             PET0 PIOc_freedecomp Exit - MemInfo: [/proc/self/status]	VmSize:	   75264 kB
20220312 003200.460 INFO             PET0 PIOc_freedecomp Exit - MemInfo: [/proc/self/status]	VmLck:	       0 kB
20220312 003200.460 INFO             PET0 PIOc_freedecomp Exit - MemInfo: [/proc/self/status]	VmPin:	       0 kB
20220312 003200.460 INFO             PET0 PIOc_freedecomp Exit - MemInfo: [/proc/self/status]	VmHWM:	   20692 kB
20220312 003200.460 INFO             PET0 PIOc_freedecomp Exit - MemInfo: [/proc/self/status]	VmRSS:	   12716 kB
20220312 003200.460 INFO             PET0 PIOc_freedecomp Exit - MemInfo: [/proc/self/status]	VmData:	    8976 kB
20220312 003200.460 INFO             PET0 PIOc_freedecomp Exit - MemInfo: [/proc/self/status]	VmStk:	     164 kB
20220312 003200.460 INFO             PET0 PIOc_freedecomp Exit - MemInfo: [/proc/self/status]	VmExe:	   40704 kB
20220312 003200.460 INFO             PET0 PIOc_freedecomp Exit - MemInfo: [/proc/self/status]	VmLib:	    1952 kB
20220312 003200.460 INFO             PET0 PIOc_freedecomp Exit - MemInfo: [/proc/self/status]	VmPTE:	     140 kB
20220312 003200.460 INFO             PET0 PIOc_freedecomp Exit - MemInfo: [/proc/self/status]	VmPMD:	      12 kB
20220312 003200.460 INFO             PET0 PIOc_freedecomp Exit - MemInfo: [/proc/self/status]	VmSwap:	       0 kB
20220312 003200.460 INFO             PET0 PIOc_freedecomp Exit - MemInfo: [/proc/self/status]	VmRSSPercent: 0.0193088 %
20220312 003200.460 INFO             PET0 PIOc_freedecomp Exit - MemInfo: [malloc] Non-mmapped space allocated:                 1431872 Byte
20220312 003200.460 INFO             PET0 PIOc_freedecomp Exit - MemInfo: [malloc] Space allocated in mmapped regions:          3403776 Byte
20220312 003200.460 INFO             PET0 PIOc_freedecomp Exit - MemInfo: [malloc] Maximum total allocated space:                     0 Byte
20220312 003200.460 INFO             PET0 PIOc_freedecomp Exit - MemInfo: [malloc] Space in freed fastbin blocks:                  1392 Byte
20220312 003200.460 INFO             PET0 PIOc_freedecomp Exit - MemInfo: [malloc] Total allocated space:                       1288544 Byte
20220312 003200.460 INFO             PET0 PIOc_freedecomp Exit - MemInfo: [malloc] Total free space:                             143328 Byte
20220312 003200.460 INFO             PET0 PIOc_freedecomp Exit - MemInfo: [malloc] Top-most, releasable space:                   131712 Byte
20220312 003200.460 INFO             PET0 PIOc_freedecomp Exit - MemInfo: [malloc] Total space in use, mmap + non-mmap:         4692320 Byte
20220312 003200.460 INFO             PET0 PIOc_freedecomp Exit - MemInfo: [malloc] Total space held (mmap + non-mmap):          4835648 Byte
20220312 003200.460 INFO             PET0 PIOc_freedecomp Exit - MemInfo: [malloc] Total space used (mmap + non-mmap):          4701088 Byte
20220312 003200.460 INFO             PET0 PIOc_freedecomp Exit - MemInfo: Wall-clock time since execution start:               0.125638 seconds
20220312 003200.464 INFO             PET0 PIOc_sync Enter - MemInfo: [/proc/meminfo - SSI]	MemTotal:       65855856 kB
20220312 003200.464 INFO             PET0 PIOc_sync Enter - MemInfo: [/proc/meminfo - SSI]	MemFree:        61307460 kB
20220312 003200.464 INFO             PET0 PIOc_sync Enter - MemInfo: [/proc/meminfo - SSI]	MemAvailable:   61088276 kB
20220312 003200.464 INFO             PET0 PIOc_sync Enter - MemInfo: [/proc/meminfo - SSI]	Committed_AS:    2815956 kB
20220312 003200.464 INFO             PET0 PIOc_sync Enter - MemInfo: [/proc/meminfo - SSI]	CommittedPercent: 4.27594 %
20220312 003200.464 INFO             PET0 PIOc_sync Enter - MemInfo: [/proc/self/status]	VmPeak:	   83976 kB
20220312 003200.464 INFO             PET0 PIOc_sync Enter - MemInfo: [/proc/self/status]	VmSize:	   83968 kB
20220312 003200.464 INFO             PET0 PIOc_sync Enter - MemInfo: [/proc/self/status]	VmLck:	       0 kB
20220312 003200.464 INFO             PET0 PIOc_sync Enter - MemInfo: [/proc/self/status]	VmPin:	       0 kB
20220312 003200.464 INFO             PET0 PIOc_sync Enter - MemInfo: [/proc/self/status]	VmHWM:	   20692 kB
20220312 003200.464 INFO             PET0 PIOc_sync Enter - MemInfo: [/proc/self/status]	VmRSS:	   16912 kB
20220312 003200.464 INFO             PET0 PIOc_sync Enter - MemInfo: [/proc/self/status]	VmData:	   17680 kB
20220312 003200.464 INFO             PET0 PIOc_sync Enter - MemInfo: [/proc/self/status]	VmStk:	     164 kB
20220312 003200.464 INFO             PET0 PIOc_sync Enter - MemInfo: [/proc/self/status]	VmExe:	   40704 kB
20220312 003200.464 INFO             PET0 PIOc_sync Enter - MemInfo: [/proc/self/status]	VmLib:	    1952 kB
20220312 003200.464 INFO             PET0 PIOc_sync Enter - MemInfo: [/proc/self/status]	VmPTE:	     152 kB
20220312 003200.464 INFO             PET0 PIOc_sync Enter - MemInfo: [/proc/self/status]	VmPMD:	      12 kB
20220312 003200.464 INFO             PET0 PIOc_sync Enter - MemInfo: [/proc/self/status]	VmSwap:	       0 kB
20220312 003200.464 INFO             PET0 PIOc_sync Enter - MemInfo: [/proc/self/status]	VmRSSPercent: 0.0256803 %
20220312 003200.464 INFO             PET0 PIOc_sync Enter - MemInfo: [malloc] Non-mmapped space allocated:                10344768 Byte
20220312 003200.464 INFO             PET0 PIOc_sync Enter - MemInfo: [malloc] Space allocated in mmapped regions:          3403776 Byte
20220312 003200.464 INFO             PET0 PIOc_sync Enter - MemInfo: [malloc] Maximum total allocated space:                     0 Byte
20220312 003200.464 INFO             PET0 PIOc_sync Enter - MemInfo: [malloc] Space in freed fastbin blocks:                    64 Byte
20220312 003200.464 INFO             PET0 PIOc_sync Enter - MemInfo: [malloc] Total allocated space:                      10215952 Byte
20220312 003200.464 INFO             PET0 PIOc_sync Enter - MemInfo: [malloc] Total free space:                             128816 Byte
20220312 003200.464 INFO             PET0 PIOc_sync Enter - MemInfo: [malloc] Top-most, releasable space:                   126432 Byte
20220312 003200.464 INFO             PET0 PIOc_sync Enter - MemInfo: [malloc] Total space in use, mmap + non-mmap:        13619728 Byte
20220312 003200.464 INFO             PET0 PIOc_sync Enter - MemInfo: [malloc] Total space held (mmap + non-mmap):         13748544 Byte
20220312 003200.464 INFO             PET0 PIOc_sync Enter - MemInfo: [malloc] Total space used (mmap + non-mmap):         13628384 Byte
20220312 003200.464 INFO             PET0 PIOc_sync Enter - MemInfo: Wall-clock time since execution start:                0.12982 seconds
20220312 003200.464 INFO             PET0 PIOc_sync Exit - MemInfo: [/proc/meminfo - SSI]	MemTotal:       65855856 kB
20220312 003200.464 INFO             PET0 PIOc_sync Exit - MemInfo: [/proc/meminfo - SSI]	MemFree:        61307460 kB
20220312 003200.465 INFO             PET0 PIOc_sync Exit - MemInfo: [/proc/meminfo - SSI]	MemAvailable:   61088276 kB
20220312 003200.465 INFO             PET0 PIOc_sync Exit - MemInfo: [/proc/meminfo - SSI]	Committed_AS:    2815956 kB
20220312 003200.465 INFO             PET0 PIOc_sync Exit - MemInfo: [/proc/meminfo - SSI]	CommittedPercent: 4.27594 %
20220312 003200.465 INFO             PET0 PIOc_sync Exit - MemInfo: [/proc/self/status]	VmPeak:	   83976 kB
20220312 003200.465 INFO             PET0 PIOc_sync Exit - MemInfo: [/proc/self/status]	VmSize:	   83968 kB
20220312 003200.465 INFO             PET0 PIOc_sync Exit - MemInfo: [/proc/self/status]	VmLck:	       0 kB
20220312 003200.465 INFO             PET0 PIOc_sync Exit - MemInfo: [/proc/self/status]	VmPin:	       0 kB
20220312 003200.465 INFO             PET0 PIOc_sync Exit - MemInfo: [/proc/self/status]	VmHWM:	   20692 kB
20220312 003200.465 INFO             PET0 PIOc_sync Exit - MemInfo: [/proc/self/status]	VmRSS:	   16912 kB
20220312 003200.465 INFO             PET0 PIOc_sync Exit - MemInfo: [/proc/self/status]	VmData:	   17680 kB
20220312 003200.465 INFO             PET0 PIOc_sync Exit - MemInfo: [/proc/self/status]	VmStk:	     164 kB
20220312 003200.465 INFO             PET0 PIOc_sync Exit - MemInfo: [/proc/self/status]	VmExe:	   40704 kB
20220312 003200.465 INFO             PET0 PIOc_sync Exit - MemInfo: [/proc/self/status]	VmLib:	    1952 kB
20220312 003200.465 INFO             PET0 PIOc_sync Exit - MemInfo: [/proc/self/status]	VmPTE:	     152 kB
20220312 003200.465 INFO             PET0 PIOc_sync Exit - MemInfo: [/proc/self/status]	VmPMD:	      12 kB
20220312 003200.465 INFO             PET0 PIOc_sync Exit - MemInfo: [/proc/self/status]	VmSwap:	       0 kB
20220312 003200.465 INFO             PET0 PIOc_sync Exit - MemInfo: [/proc/self/status]	VmRSSPercent: 0.0256803 %
20220312 003200.465 INFO             PET0 PIOc_sync Exit - MemInfo: [malloc] Non-mmapped space allocated:                10344768 Byte
20220312 003200.465 INFO             PET0 PIOc_sync Exit - MemInfo: [malloc] Space allocated in mmapped regions:          3403776 Byte
20220312 003200.465 INFO             PET0 PIOc_sync Exit - MemInfo: [malloc] Maximum total allocated space:                     0 Byte
20220312 003200.465 INFO             PET0 PIOc_sync Exit - MemInfo: [malloc] Space in freed fastbin blocks:                     0 Byte
20220312 003200.465 INFO             PET0 PIOc_sync Exit - MemInfo: [malloc] Total allocated space:                      10217680 Byte
20220312 003200.465 INFO             PET0 PIOc_sync Exit - MemInfo: [malloc] Total free space:                             127088 Byte
20220312 003200.465 INFO             PET0 PIOc_sync Exit - MemInfo: [malloc] Top-most, releasable space:                   126208 Byte
20220312 003200.465 INFO             PET0 PIOc_sync Exit - MemInfo: [malloc] Total space in use, mmap + non-mmap:        13621456 Byte
20220312 003200.465 INFO             PET0 PIOc_sync Exit - MemInfo: [malloc] Total space held (mmap + non-mmap):         13748544 Byte
20220312 003200.465 INFO             PET0 PIOc_sync Exit - MemInfo: [malloc] Total space used (mmap + non-mmap):         13629904 Byte
20220312 003200.465 INFO             PET0 PIOc_sync Exit - MemInfo: Wall-clock time since execution start:               0.130369 seconds
20220312 003200.465 INFO             PET0 PIOc_freedecomp Enter - MemInfo: [/proc/meminfo - SSI]	MemTotal:       65855856 kB
20220312 003200.465 INFO             PET0 PIOc_freedecomp Enter - MemInfo: [/proc/meminfo - SSI]	MemFree:        61307460 kB
20220312 003200.465 INFO             PET0 PIOc_freedecomp Enter - MemInfo: [/proc/meminfo - SSI]	MemAvailable:   61088276 kB
20220312 003200.465 INFO             PET0 PIOc_freedecomp Enter - MemInfo: [/proc/meminfo - SSI]	Committed_AS:    2815956 kB
20220312 003200.465 INFO             PET0 PIOc_freedecomp Enter - MemInfo: [/proc/meminfo - SSI]	CommittedPercent: 4.27594 %
20220312 003200.465 INFO             PET0 PIOc_freedecomp Enter - MemInfo: [/proc/self/status]	VmPeak:	   83976 kB
20220312 003200.465 INFO             PET0 PIOc_freedecomp Enter - MemInfo: [/proc/self/status]	VmSize:	   83968 kB
20220312 003200.465 INFO             PET0 PIOc_freedecomp Enter - MemInfo: [/proc/self/status]	VmLck:	       0 kB
20220312 003200.465 INFO             PET0 PIOc_freedecomp Enter - MemInfo: [/proc/self/status]	VmPin:	       0 kB
20220312 003200.465 INFO             PET0 PIOc_freedecomp Enter - MemInfo: [/proc/self/status]	VmHWM:	   20692 kB
20220312 003200.465 INFO             PET0 PIOc_freedecomp Enter - MemInfo: [/proc/self/status]	VmRSS:	   16912 kB
20220312 003200.465 INFO             PET0 PIOc_freedecomp Enter - MemInfo: [/proc/self/status]	VmData:	   17680 kB
20220312 003200.465 INFO             PET0 PIOc_freedecomp Enter - MemInfo: [/proc/self/status]	VmStk:	     164 kB
20220312 003200.465 INFO             PET0 PIOc_freedecomp Enter - MemInfo: [/proc/self/status]	VmExe:	   40704 kB
20220312 003200.465 INFO             PET0 PIOc_freedecomp Enter - MemInfo: [/proc/self/status]	VmLib:	    1952 kB
20220312 003200.465 INFO             PET0 PIOc_freedecomp Enter - MemInfo: [/proc/self/status]	VmPTE:	     152 kB
20220312 003200.465 INFO             PET0 PIOc_freedecomp Enter - MemInfo: [/proc/self/status]	VmPMD:	      12 kB
20220312 003200.465 INFO             PET0 PIOc_freedecomp Enter - MemInfo: [/proc/self/status]	VmSwap:	       0 kB
20220312 003200.465 INFO             PET0 PIOc_freedecomp Enter - MemInfo: [/proc/self/status]	VmRSSPercent: 0.0256803 %
20220312 003200.465 INFO             PET0 PIOc_freedecomp Enter - MemInfo: [malloc] Non-mmapped space allocated:                10344768 Byte
20220312 003200.465 INFO             PET0 PIOc_freedecomp Enter - MemInfo: [malloc] Space allocated in mmapped regions:          3403776 Byte
20220312 003200.465 INFO             PET0 PIOc_freedecomp Enter - MemInfo: [malloc] Maximum total allocated space:                     0 Byte
20220312 003200.466 INFO             PET0 PIOc_freedecomp Enter - MemInfo: [malloc] Space in freed fastbin blocks:                   192 Byte
20220312 003200.466 INFO             PET0 PIOc_freedecomp Enter - MemInfo: [malloc] Total allocated space:                       1294160 Byte
20220312 003200.466 INFO             PET0 PIOc_freedecomp Enter - MemInfo: [malloc] Total free space:                            9050608 Byte
20220312 003200.466 INFO             PET0 PIOc_freedecomp Enter - MemInfo: [malloc] Top-most, releasable space:                   125984 Byte
20220312 003200.466 INFO             PET0 PIOc_freedecomp Enter - MemInfo: [malloc] Total space in use, mmap + non-mmap:         4697936 Byte
20220312 003200.466 INFO             PET0 PIOc_freedecomp Enter - MemInfo: [malloc] Total space held (mmap + non-mmap):         13748544 Byte
20220312 003200.466 INFO             PET0 PIOc_freedecomp Enter - MemInfo: [malloc] Total space used (mmap + non-mmap):          4706144 Byte
20220312 003200.466 INFO             PET0 PIOc_freedecomp Enter - MemInfo: Wall-clock time since execution start:               0.131013 seconds
20220312 003200.466 INFO             PET0 PIOc_freedecomp Exit - MemInfo: [/proc/meminfo - SSI]	MemTotal:       65855856 kB
20220312 003200.466 INFO             PET0 PIOc_freedecomp Exit - MemInfo: [/proc/meminfo - SSI]	MemFree:        61307460 kB
20220312 003200.466 INFO             PET0 PIOc_freedecomp Exit - MemInfo: [/proc/meminfo - SSI]	MemAvailable:   61088276 kB
20220312 003200.466 INFO             PET0 PIOc_freedecomp Exit - MemInfo: [/proc/meminfo - SSI]	Committed_AS:    2815956 kB
20220312 003200.466 INFO             PET0 PIOc_freedecomp Exit - MemInfo: [/proc/meminfo - SSI]	CommittedPercent: 4.27594 %
20220312 003200.466 INFO             PET0 PIOc_freedecomp Exit - MemInfo: [/proc/self/status]	VmPeak:	   83976 kB
20220312 003200.466 INFO             PET0 PIOc_freedecomp Exit - MemInfo: [/proc/self/status]	VmSize:	   83968 kB
20220312 003200.466 INFO             PET0 PIOc_freedecomp Exit - MemInfo: [/proc/self/status]	VmLck:	       0 kB
20220312 003200.466 INFO             PET0 PIOc_freedecomp Exit - MemInfo: [/proc/self/status]	VmPin:	       0 kB
20220312 003200.466 INFO             PET0 PIOc_freedecomp Exit - MemInfo: [/proc/self/status]	VmHWM:	   20692 kB
20220312 003200.466 INFO             PET0 PIOc_freedecomp Exit - MemInfo: [/proc/self/status]	VmRSS:	   16912 kB
20220312 003200.466 INFO             PET0 PIOc_freedecomp Exit - MemInfo: [/proc/self/status]	VmData:	   17680 kB
20220312 003200.466 INFO             PET0 PIOc_freedecomp Exit - MemInfo: [/proc/self/status]	VmStk:	     164 kB
20220312 003200.466 INFO             PET0 PIOc_freedecomp Exit - MemInfo: [/proc/self/status]	VmExe:	   40704 kB
20220312 003200.466 INFO             PET0 PIOc_freedecomp Exit - MemInfo: [/proc/self/status]	VmLib:	    1952 kB
20220312 003200.466 INFO             PET0 PIOc_freedecomp Exit - MemInfo: [/proc/self/status]	VmPTE:	     152 kB
20220312 003200.466 INFO             PET0 PIOc_freedecomp Exit - MemInfo: [/proc/self/status]	VmPMD:	      12 kB
20220312 003200.466 INFO             PET0 PIOc_freedecomp Exit - MemInfo: [/proc/self/status]	VmSwap:	       0 kB
20220312 003200.466 INFO             PET0 PIOc_freedecomp Exit - MemInfo: [/proc/self/status]	VmRSSPercent: 0.0256803 %
20220312 003200.466 INFO             PET0 PIOc_freedecomp Exit - MemInfo: [malloc] Non-mmapped space allocated:                10344768 Byte
20220312 003200.466 INFO             PET0 PIOc_freedecomp Exit - MemInfo: [malloc] Space allocated in mmapped regions:          3403776 Byte
20220312 003200.466 INFO             PET0 PIOc_freedecomp Exit - MemInfo: [malloc] Maximum total allocated space:                     0 Byte
20220312 003200.466 INFO             PET0 PIOc_freedecomp Exit - MemInfo: [malloc] Space in freed fastbin blocks:                  1520 Byte
20220312 003200.466 INFO             PET0 PIOc_freedecomp Exit - MemInfo: [malloc] Total allocated space:                       1292640 Byte
20220312 003200.466 INFO             PET0 PIOc_freedecomp Exit - MemInfo: [malloc] Total free space:                            9052128 Byte
20220312 003200.466 INFO             PET0 PIOc_freedecomp Exit - MemInfo: [malloc] Top-most, releasable space:                   125984 Byte
20220312 003200.466 INFO             PET0 PIOc_freedecomp Exit - MemInfo: [malloc] Total space in use, mmap + non-mmap:         4696416 Byte
20220312 003200.466 INFO             PET0 PIOc_freedecomp Exit - MemInfo: [malloc] Total space held (mmap + non-mmap):         13748544 Byte
20220312 003200.466 INFO             PET0 PIOc_freedecomp Exit - MemInfo: [malloc] Total space used (mmap + non-mmap):          4704624 Byte
20220312 003200.466 INFO             PET0 PIOc_freedecomp Exit - MemInfo: Wall-clock time since execution start:               0.131487 seconds
20220312 003200.468 INFO             PET0 PIOc_sync Enter - MemInfo: [/proc/meminfo - SSI]	MemTotal:       65855856 kB
20220312 003200.468 INFO             PET0 PIOc_sync Enter - MemInfo: [/proc/meminfo - SSI]	MemFree:        61306956 kB
20220312 003200.468 INFO             PET0 PIOc_sync Enter - MemInfo: [/proc/meminfo - SSI]	MemAvailable:   61087772 kB
20220312 003200.468 INFO             PET0 PIOc_sync Enter - MemInfo: [/proc/meminfo - SSI]	Committed_AS:    2815956 kB
20220312 003200.468 INFO             PET0 PIOc_sync Enter - MemInfo: [/proc/meminfo - SSI]	CommittedPercent: 4.27594 %
20220312 003200.468 INFO             PET0 PIOc_sync Enter - MemInfo: [/proc/self/status]	VmPeak:	   83976 kB
20220312 003200.468 INFO             PET0 PIOc_sync Enter - MemInfo: [/proc/self/status]	VmSize:	   83944 kB
20220312 003200.468 INFO             PET0 PIOc_sync Enter - MemInfo: [/proc/self/status]	VmLck:	       0 kB
20220312 003200.468 INFO             PET0 PIOc_sync Enter - MemInfo: [/proc/self/status]	VmPin:	       0 kB
20220312 003200.468 INFO             PET0 PIOc_sync Enter - MemInfo: [/proc/self/status]	VmHWM:	   20692 kB
20220312 003200.468 INFO             PET0 PIOc_sync Enter - MemInfo: [/proc/self/status]	VmRSS:	   17220 kB
20220312 003200.468 INFO             PET0 PIOc_sync Enter - MemInfo: [/proc/self/status]	VmData:	   17680 kB
20220312 003200.468 INFO             PET0 PIOc_sync Enter - MemInfo: [/proc/self/status]	VmStk:	     164 kB
20220312 003200.468 INFO             PET0 PIOc_sync Enter - MemInfo: [/proc/self/status]	VmExe:	   40704 kB
20220312 003200.468 INFO             PET0 PIOc_sync Enter - MemInfo: [/proc/self/status]	VmLib:	    1952 kB
20220312 003200.468 INFO             PET0 PIOc_sync Enter - MemInfo: [/proc/self/status]	VmPTE:	     152 kB
20220312 003200.468 INFO             PET0 PIOc_sync Enter - MemInfo: [/proc/self/status]	VmPMD:	      12 kB
20220312 003200.468 INFO             PET0 PIOc_sync Enter - MemInfo: [/proc/self/status]	VmSwap:	       0 kB
20220312 003200.468 INFO             PET0 PIOc_sync Enter - MemInfo: [/proc/self/status]	VmRSSPercent: 0.026148 %
20220312 003200.468 INFO             PET0 PIOc_sync Enter - MemInfo: [malloc] Non-mmapped space allocated:                10344768 Byte
20220312 003200.468 INFO             PET0 PIOc_sync Enter - MemInfo: [malloc] Space allocated in mmapped regions:          3403776 Byte
20220312 003200.468 INFO             PET0 PIOc_sync Enter - MemInfo: [malloc] Maximum total allocated space:                     0 Byte
20220312 003200.468 INFO             PET0 PIOc_sync Enter - MemInfo: [malloc] Space in freed fastbin blocks:                   304 Byte
20220312 003200.468 INFO             PET0 PIOc_sync Enter - MemInfo: [malloc] Total allocated space:                      10218176 Byte
20220312 003200.468 INFO             PET0 PIOc_sync Enter - MemInfo: [malloc] Total free space:                             126592 Byte
20220312 003200.468 INFO             PET0 PIOc_sync Enter - MemInfo: [malloc] Top-most, releasable space:                   120736 Byte
20220312 003200.468 INFO             PET0 PIOc_sync Enter - MemInfo: [malloc] Total space in use, mmap + non-mmap:        13621952 Byte
20220312 003200.468 INFO             PET0 PIOc_sync Enter - MemInfo: [malloc] Total space held (mmap + non-mmap):         13748544 Byte
20220312 003200.468 INFO             PET0 PIOc_sync Enter - MemInfo: [malloc] Total space used (mmap + non-mmap):         13630384 Byte
20220312 003200.468 INFO             PET0 PIOc_sync Enter - MemInfo: Wall-clock time since execution start:               0.133643 seconds
20220312 003200.468 INFO             PET0 PIOc_sync Exit - MemInfo: [/proc/meminfo - SSI]	MemTotal:       65855856 kB
20220312 003200.468 INFO             PET0 PIOc_sync Exit - MemInfo: [/proc/meminfo - SSI]	MemFree:        61306956 kB
20220312 003200.468 INFO             PET0 PIOc_sync Exit - MemInfo: [/proc/meminfo - SSI]	MemAvailable:   61087772 kB
20220312 003200.468 INFO             PET0 PIOc_sync Exit - MemInfo: [/proc/meminfo - SSI]	Committed_AS:    2815956 kB
20220312 003200.468 INFO             PET0 PIOc_sync Exit - MemInfo: [/proc/meminfo - SSI]	CommittedPercent: 4.27594 %
20220312 003200.468 INFO             PET0 PIOc_sync Exit - MemInfo: [/proc/self/status]	VmPeak:	   83976 kB
20220312 003200.468 INFO             PET0 PIOc_sync Exit - MemInfo: [/proc/self/status]	VmSize:	   83944 kB
20220312 003200.468 INFO             PET0 PIOc_sync Exit - MemInfo: [/proc/self/status]	VmLck:	       0 kB
20220312 003200.468 INFO             PET0 PIOc_sync Exit - MemInfo: [/proc/self/status]	VmPin:	       0 kB
20220312 003200.469 INFO             PET0 PIOc_sync Exit - MemInfo: [/proc/self/status]	VmHWM:	   20692 kB
20220312 003200.469 INFO             PET0 PIOc_sync Exit - MemInfo: [/proc/self/status]	VmRSS:	   17220 kB
20220312 003200.469 INFO             PET0 PIOc_sync Exit - MemInfo: [/proc/self/status]	VmData:	   17680 kB
20220312 003200.469 INFO             PET0 PIOc_sync Exit - MemInfo: [/proc/self/status]	VmStk:	     164 kB
20220312 003200.469 INFO             PET0 PIOc_sync Exit - MemInfo: [/proc/self/status]	VmExe:	   40704 kB
20220312 003200.469 INFO             PET0 PIOc_sync Exit - MemInfo: [/proc/self/status]	VmLib:	    1952 kB
20220312 003200.469 INFO             PET0 PIOc_sync Exit - MemInfo: [/proc/self/status]	VmPTE:	     156 kB
20220312 003200.469 INFO             PET0 PIOc_sync Exit - MemInfo: [/proc/self/status]	VmPMD:	      12 kB
20220312 003200.469 INFO             PET0 PIOc_sync Exit - MemInfo: [/proc/self/status]	VmSwap:	       0 kB
20220312 003200.469 INFO             PET0 PIOc_sync Exit - MemInfo: [/proc/self/status]	VmRSSPercent: 0.026148 %
20220312 003200.469 INFO             PET0 PIOc_sync Exit - MemInfo: [malloc] Non-mmapped space allocated:                10344768 Byte
20220312 003200.469 INFO             PET0 PIOc_sync Exit - MemInfo: [malloc] Space allocated in mmapped regions:          3403776 Byte
20220312 003200.469 INFO             PET0 PIOc_sync Exit - MemInfo: [malloc] Maximum total allocated space:                     0 Byte
20220312 003200.469 INFO             PET0 PIOc_sync Exit - MemInfo: [malloc] Space in freed fastbin blocks:                     0 Byte
20220312 003200.469 INFO             PET0 PIOc_sync Exit - MemInfo: [malloc] Total allocated space:                      10219408 Byte
20220312 003200.469 INFO             PET0 PIOc_sync Exit - MemInfo: [malloc] Total free space:                             125360 Byte
20220312 003200.469 INFO             PET0 PIOc_sync Exit - MemInfo: [malloc] Top-most, releasable space:                   120512 Byte
20220312 003200.469 INFO             PET0 PIOc_sync Exit - MemInfo: [malloc] Total space in use, mmap + non-mmap:        13623184 Byte
20220312 003200.469 INFO             PET0 PIOc_sync Exit - MemInfo: [malloc] Total space held (mmap + non-mmap):         13748544 Byte
20220312 003200.469 INFO             PET0 PIOc_sync Exit - MemInfo: [malloc] Total space used (mmap + non-mmap):         13631504 Byte
20220312 003200.469 INFO             PET0 PIOc_sync Exit - MemInfo: Wall-clock time since execution start:               0.134207 seconds
20220312 003200.469 INFO             PET0 PIOc_freedecomp Enter - MemInfo: [/proc/meminfo - SSI]	MemTotal:       65855856 kB
20220312 003200.469 INFO             PET0 PIOc_freedecomp Enter - MemInfo: [/proc/meminfo - SSI]	MemFree:        61306956 kB
20220312 003200.469 INFO             PET0 PIOc_freedecomp Enter - MemInfo: [/proc/meminfo - SSI]	MemAvailable:   61087772 kB
20220312 003200.469 INFO             PET0 PIOc_freedecomp Enter - MemInfo: [/proc/meminfo - SSI]	Committed_AS:    2815956 kB
20220312 003200.469 INFO             PET0 PIOc_freedecomp Enter - MemInfo: [/proc/meminfo - SSI]	CommittedPercent: 4.27594 %
20220312 003200.469 INFO             PET0 PIOc_freedecomp Enter - MemInfo: [/proc/self/status]	VmPeak:	   83976 kB
20220312 003200.469 INFO             PET0 PIOc_freedecomp Enter - MemInfo: [/proc/self/status]	VmSize:	   83944 kB
20220312 003200.469 INFO             PET0 PIOc_freedecomp Enter - MemInfo: [/proc/self/status]	VmLck:	       0 kB
20220312 003200.469 INFO             PET0 PIOc_freedecomp Enter - MemInfo: [/proc/self/status]	VmPin:	       0 kB
20220312 003200.469 INFO             PET0 PIOc_freedecomp Enter - MemInfo: [/proc/self/status]	VmHWM:	   20692 kB
20220312 003200.469 INFO             PET0 PIOc_freedecomp Enter - MemInfo: [/proc/self/status]	VmRSS:	   17220 kB
20220312 003200.469 INFO             PET0 PIOc_freedecomp Enter - MemInfo: [/proc/self/status]	VmData:	   17680 kB
20220312 003200.469 INFO             PET0 PIOc_freedecomp Enter - MemInfo: [/proc/self/status]	VmStk:	     164 kB
20220312 003200.469 INFO             PET0 PIOc_freedecomp Enter - MemInfo: [/proc/self/status]	VmExe:	   40704 kB
20220312 003200.469 INFO             PET0 PIOc_freedecomp Enter - MemInfo: [/proc/self/status]	VmLib:	    1952 kB
20220312 003200.469 INFO             PET0 PIOc_freedecomp Enter - MemInfo: [/proc/self/status]	VmPTE:	     156 kB
20220312 003200.469 INFO             PET0 PIOc_freedecomp Enter - MemInfo: [/proc/self/status]	VmPMD:	      12 kB
20220312 003200.469 INFO             PET0 PIOc_freedecomp Enter - MemInfo: [/proc/self/status]	VmSwap:	       0 kB
20220312 003200.469 INFO             PET0 PIOc_freedecomp Enter - MemInfo: [/proc/self/status]	VmRSSPercent: 0.026148 %
20220312 003200.469 INFO             PET0 PIOc_freedecomp Enter - MemInfo: [malloc] Non-mmapped space allocated:                10344768 Byte
20220312 003200.469 INFO             PET0 PIOc_freedecomp Enter - MemInfo: [malloc] Space allocated in mmapped regions:          3403776 Byte
20220312 003200.469 INFO             PET0 PIOc_freedecomp Enter - MemInfo: [malloc] Maximum total allocated space:                     0 Byte
20220312 003200.469 INFO             PET0 PIOc_freedecomp Enter - MemInfo: [malloc] Space in freed fastbin blocks:                   192 Byte
20220312 003200.469 INFO             PET0 PIOc_freedecomp Enter - MemInfo: [malloc] Total allocated space:                       1294704 Byte
20220312 003200.469 INFO             PET0 PIOc_freedecomp Enter - MemInfo: [malloc] Total free space:                            9050064 Byte
20220312 003200.469 INFO             PET0 PIOc_freedecomp Enter - MemInfo: [malloc] Top-most, releasable space:                   120288 Byte
20220312 003200.469 INFO             PET0 PIOc_freedecomp Enter - MemInfo: [malloc] Total space in use, mmap + non-mmap:         4698480 Byte
20220312 003200.469 INFO             PET0 PIOc_freedecomp Enter - MemInfo: [malloc] Total space held (mmap + non-mmap):         13748544 Byte
20220312 003200.469 INFO             PET0 PIOc_freedecomp Enter - MemInfo: [malloc] Total space used (mmap + non-mmap):          4706688 Byte
20220312 003200.469 INFO             PET0 PIOc_freedecomp Enter - MemInfo: Wall-clock time since execution start:               0.134841 seconds
20220312 003200.469 INFO             PET0 PIOc_freedecomp Exit - MemInfo: [/proc/meminfo - SSI]	MemTotal:       65855856 kB
20220312 003200.469 INFO             PET0 PIOc_freedecomp Exit - MemInfo: [/proc/meminfo - SSI]	MemFree:        61306956 kB
20220312 003200.469 INFO             PET0 PIOc_freedecomp Exit - MemInfo: [/proc/meminfo - SSI]	MemAvailable:   61087772 kB
20220312 003200.470 INFO             PET0 PIOc_freedecomp Exit - MemInfo: [/proc/meminfo - SSI]	Committed_AS:    2815956 kB
20220312 003200.470 INFO             PET0 PIOc_freedecomp Exit - MemInfo: [/proc/meminfo - SSI]	CommittedPercent: 4.27594 %
20220312 003200.470 INFO             PET0 PIOc_freedecomp Exit - MemInfo: [/proc/self/status]	VmPeak:	   83976 kB
20220312 003200.470 INFO             PET0 PIOc_freedecomp Exit - MemInfo: [/proc/self/status]	VmSize:	   83944 kB
20220312 003200.470 INFO             PET0 PIOc_freedecomp Exit - MemInfo: [/proc/self/status]	VmLck:	       0 kB
20220312 003200.470 INFO             PET0 PIOc_freedecomp Exit - MemInfo: [/proc/self/status]	VmPin:	       0 kB
20220312 003200.470 INFO             PET0 PIOc_freedecomp Exit - MemInfo: [/proc/self/status]	VmHWM:	   20692 kB
20220312 003200.470 INFO             PET0 PIOc_freedecomp Exit - MemInfo: [/proc/self/status]	VmRSS:	   17220 kB
20220312 003200.470 INFO             PET0 PIOc_freedecomp Exit - MemInfo: [/proc/self/status]	VmData:	   17680 kB
20220312 003200.470 INFO             PET0 PIOc_freedecomp Exit - MemInfo: [/proc/self/status]	VmStk:	     164 kB
20220312 003200.470 INFO             PET0 PIOc_freedecomp Exit - MemInfo: [/proc/self/status]	VmExe:	   40704 kB
20220312 003200.470 INFO             PET0 PIOc_freedecomp Exit - MemInfo: [/proc/self/status]	VmLib:	    1952 kB
20220312 003200.470 INFO             PET0 PIOc_freedecomp Exit - MemInfo: [/proc/self/status]	VmPTE:	     156 kB
20220312 003200.470 INFO             PET0 PIOc_freedecomp Exit - MemInfo: [/proc/self/status]	VmPMD:	      12 kB
20220312 003200.470 INFO             PET0 PIOc_freedecomp Exit - MemInfo: [/proc/self/status]	VmSwap:	       0 kB
20220312 003200.470 INFO             PET0 PIOc_freedecomp Exit - MemInfo: [/proc/self/status]	VmRSSPercent: 0.026148 %
20220312 003200.470 INFO             PET0 PIOc_freedecomp Exit - MemInfo: [malloc] Non-mmapped space allocated:                10344768 Byte
20220312 003200.470 INFO             PET0 PIOc_freedecomp Exit - MemInfo: [malloc] Space allocated in mmapped regions:          3403776 Byte
20220312 003200.470 INFO             PET0 PIOc_freedecomp Exit - MemInfo: [malloc] Maximum total allocated space:                     0 Byte
20220312 003200.470 INFO             PET0 PIOc_freedecomp Exit - MemInfo: [malloc] Space in freed fastbin blocks:                  1552 Byte
20220312 003200.470 INFO             PET0 PIOc_freedecomp Exit - MemInfo: [malloc] Total allocated space:                       1293152 Byte
20220312 003200.470 INFO             PET0 PIOc_freedecomp Exit - MemInfo: [malloc] Total free space:                            9051616 Byte
20220312 003200.470 INFO             PET0 PIOc_freedecomp Exit - MemInfo: [malloc] Top-most, releasable space:                   125984 Byte
20220312 003200.470 INFO             PET0 PIOc_freedecomp Exit - MemInfo: [malloc] Total space in use, mmap + non-mmap:         4696928 Byte
20220312 003200.470 INFO             PET0 PIOc_freedecomp Exit - MemInfo: [malloc] Total space held (mmap + non-mmap):         13748544 Byte
20220312 003200.470 INFO             PET0 PIOc_freedecomp Exit - MemInfo: [malloc] Total space used (mmap + non-mmap):          4705136 Byte
20220312 003200.470 INFO             PET0 PIOc_freedecomp Exit - MemInfo: Wall-clock time since execution start:               0.135313 seconds
20220312 003200.470 INFO             PET0  PASS  ESMF_OutputWeightFile, ESMF_IOUTest.F90, line 81
20220312 003200.482 INFO             PET0  PASS  call ESMF_OutputWeightFile with empty factor list on four PETs, ESMF_IOUTest.F90, line 191
20220312 003200.482 INFO             PET0  Ending Test, file ESMF_IOUTest.F90, line 201
20220312 003200.482 INFO             PET0 Finalizing ESMF
20220312 003200.353 INFO             PET1 !!!!!!!!!!!!!!!!!!!!!!!!!!!!!!!!!!!!!!!!!!!!!!!!!!!!!!
20220312 003200.353 INFO             PET1 !!! THE ESMF_LOG IS SET TO OUTPUT ALL LOG MESSAGES !!!
20220312 003200.353 INFO             PET1 !!!     THIS MAY CAUSE SLOWDOWN IN PERFORMANCE     !!!
20220312 003200.353 INFO             PET1 !!! FOR PRODUCTION RUNS, USE:                      !!!
20220312 003200.353 INFO             PET1 !!!                   ESMF_LOGKIND_Multi_On_Error  !!!
20220312 003200.353 INFO             PET1 !!!!!!!!!!!!!!!!!!!!!!!!!!!!!!!!!!!!!!!!!!!!!!!!!!!!!!
20220312 003200.353 INFO             PET1 Running with ESMF Version   : v8.3.0b09-96-g559b459836
20220312 003200.353 INFO             PET1 ESMF library build date/time: "Mar 11 2022" "23:41:41"
20220312 003200.353 INFO             PET1 ESMF library build location : /lustre/f2/dev/ncep/Mark.Potts/gfortran_8.3.0_mpi_g_jedwards_pio_update2
20220312 003200.353 INFO             PET1 ESMF_COMM                   : mpi
20220312 003200.354 INFO             PET1 ESMF_MOAB                   : enabled
20220312 003200.354 INFO             PET1 ESMF_LAPACK                 : enabled
20220312 003200.354 INFO             PET1 ESMF_NETCDF                 : enabled
20220312 003200.354 INFO             PET1 ESMF_PNETCDF                : disabled
20220312 003200.354 INFO             PET1 ESMF_PIO                    : enabled
20220312 003200.354 INFO             PET1 ESMF_YAMLCPP                : enabled
20220312 003200.354 INFO             PET1  Beginning Test, file ESMF_IOUTest.F90, line 57
20220312 003200.354 INFO             PET1  NUMBER_OF_PROCESSORS           4
20220312 003200.354 INFO             PET1 Starting Test:  ESMF_OutputWeightFile
20220312 003200.457 INFO             PET1 PIOc_sync Enter - MemInfo: [/proc/meminfo - SSI]	MemTotal:       65855856 kB
20220312 003200.457 INFO             PET1 PIOc_sync Enter - MemInfo: [/proc/meminfo - SSI]	MemFree:        61303428 kB
20220312 003200.457 INFO             PET1 PIOc_sync Enter - MemInfo: [/proc/meminfo - SSI]	MemAvailable:   61084244 kB
20220312 003200.458 INFO             PET1 PIOc_sync Enter - MemInfo: [/proc/meminfo - SSI]	Committed_AS:    2815500 kB
20220312 003200.458 INFO             PET1 PIOc_sync Enter - MemInfo: [/proc/meminfo - SSI]	CommittedPercent: 4.27525 %
20220312 003200.458 INFO             PET1 PIOc_sync Enter - MemInfo: [/proc/self/status]	VmPeak:	   75008 kB
20220312 003200.458 INFO             PET1 PIOc_sync Enter - MemInfo: [/proc/self/status]	VmSize:	   74540 kB
20220312 003200.458 INFO             PET1 PIOc_sync Enter - MemInfo: [/proc/self/status]	VmLck:	       0 kB
20220312 003200.458 INFO             PET1 PIOc_sync Enter - MemInfo: [/proc/self/status]	VmPin:	       0 kB
20220312 003200.458 INFO             PET1 PIOc_sync Enter - MemInfo: [/proc/self/status]	VmHWM:	   10636 kB
20220312 003200.458 INFO             PET1 PIOc_sync Enter - MemInfo: [/proc/self/status]	VmRSS:	   10636 kB
20220312 003200.458 INFO             PET1 PIOc_sync Enter - MemInfo: [/proc/self/status]	VmData:	    8252 kB
20220312 003200.458 INFO             PET1 PIOc_sync Enter - MemInfo: [/proc/self/status]	VmStk:	     164 kB
20220312 003200.458 INFO             PET1 PIOc_sync Enter - MemInfo: [/proc/self/status]	VmExe:	   40704 kB
20220312 003200.458 INFO             PET1 PIOc_sync Enter - MemInfo: [/proc/self/status]	VmLib:	    1952 kB
20220312 003200.458 INFO             PET1 PIOc_sync Enter - MemInfo: [/proc/self/status]	VmPTE:	     136 kB
20220312 003200.458 INFO             PET1 PIOc_sync Enter - MemInfo: [/proc/self/status]	VmPMD:	      12 kB
20220312 003200.458 INFO             PET1 PIOc_sync Enter - MemInfo: [/proc/self/status]	VmSwap:	       0 kB
20220312 003200.458 INFO             PET1 PIOc_sync Enter - MemInfo: [/proc/self/status]	VmRSSPercent: 0.0161504 %
20220312 003200.458 INFO             PET1 PIOc_sync Enter - MemInfo: [malloc] Non-mmapped space allocated:                  690496 Byte
20220312 003200.458 INFO             PET1 PIOc_sync Enter - MemInfo: [malloc] Space allocated in mmapped regions:          3403776 Byte
20220312 003200.458 INFO             PET1 PIOc_sync Enter - MemInfo: [malloc] Maximum total allocated space:                     0 Byte
20220312 003200.458 INFO             PET1 PIOc_sync Enter - MemInfo: [malloc] Space in freed fastbin blocks:                     0 Byte
20220312 003200.458 INFO             PET1 PIOc_sync Enter - MemInfo: [malloc] Total allocated space:                        629360 Byte
20220312 003200.458 INFO             PET1 PIOc_sync Enter - MemInfo: [malloc] Total free space:                              61136 Byte
20220312 003200.458 INFO             PET1 PIOc_sync Enter - MemInfo: [malloc] Top-most, releasable space:                    61136 Byte
20220312 003200.458 INFO             PET1 PIOc_sync Enter - MemInfo: [malloc] Total space in use, mmap + non-mmap:         4033136 Byte
20220312 003200.458 INFO             PET1 PIOc_sync Enter - MemInfo: [malloc] Total space held (mmap + non-mmap):          4094272 Byte
20220312 003200.458 INFO             PET1 PIOc_sync Enter - MemInfo: [malloc] Total space used (mmap + non-mmap):          4043200 Byte
20220312 003200.458 INFO             PET1 PIOc_sync Enter - MemInfo: Wall-clock time since execution start:                0.12322 seconds
20220312 003200.458 INFO             PET1 PIOc_sync Exit - MemInfo: [/proc/meminfo - SSI]	MemTotal:       65855856 kB
20220312 003200.458 INFO             PET1 PIOc_sync Exit - MemInfo: [/proc/meminfo - SSI]	MemFree:        61303428 kB
20220312 003200.458 INFO             PET1 PIOc_sync Exit - MemInfo: [/proc/meminfo - SSI]	MemAvailable:   61084244 kB
20220312 003200.458 INFO             PET1 PIOc_sync Exit - MemInfo: [/proc/meminfo - SSI]	Committed_AS:    2815500 kB
20220312 003200.458 INFO             PET1 PIOc_sync Exit - MemInfo: [/proc/meminfo - SSI]	CommittedPercent: 4.27525 %
20220312 003200.459 INFO             PET1 PIOc_sync Exit - MemInfo: [/proc/self/status]	VmPeak:	   75008 kB
20220312 003200.459 INFO             PET1 PIOc_sync Exit - MemInfo: [/proc/self/status]	VmSize:	   74540 kB
20220312 003200.459 INFO             PET1 PIOc_sync Exit - MemInfo: [/proc/self/status]	VmLck:	       0 kB
20220312 003200.459 INFO             PET1 PIOc_sync Exit - MemInfo: [/proc/self/status]	VmPin:	       0 kB
20220312 003200.459 INFO             PET1 PIOc_sync Exit - MemInfo: [/proc/self/status]	VmHWM:	   10636 kB
20220312 003200.459 INFO             PET1 PIOc_sync Exit - MemInfo: [/proc/self/status]	VmRSS:	   10636 kB
20220312 003200.459 INFO             PET1 PIOc_sync Exit - MemInfo: [/proc/self/status]	VmData:	    8252 kB
20220312 003200.459 INFO             PET1 PIOc_sync Exit - MemInfo: [/proc/self/status]	VmStk:	     164 kB
20220312 003200.459 INFO             PET1 PIOc_sync Exit - MemInfo: [/proc/self/status]	VmExe:	   40704 kB
20220312 003200.459 INFO             PET1 PIOc_sync Exit - MemInfo: [/proc/self/status]	VmLib:	    1952 kB
20220312 003200.459 INFO             PET1 PIOc_sync Exit - MemInfo: [/proc/self/status]	VmPTE:	     136 kB
20220312 003200.459 INFO             PET1 PIOc_sync Exit - MemInfo: [/proc/self/status]	VmPMD:	      12 kB
20220312 003200.459 INFO             PET1 PIOc_sync Exit - MemInfo: [/proc/self/status]	VmSwap:	       0 kB
20220312 003200.459 INFO             PET1 PIOc_sync Exit - MemInfo: [/proc/self/status]	VmRSSPercent: 0.0161504 %
20220312 003200.459 INFO             PET1 PIOc_sync Exit - MemInfo: [malloc] Non-mmapped space allocated:                  690496 Byte
20220312 003200.459 INFO             PET1 PIOc_sync Exit - MemInfo: [malloc] Space allocated in mmapped regions:          3403776 Byte
20220312 003200.459 INFO             PET1 PIOc_sync Exit - MemInfo: [malloc] Maximum total allocated space:                     0 Byte
20220312 003200.459 INFO             PET1 PIOc_sync Exit - MemInfo: [malloc] Space in freed fastbin blocks:                     0 Byte
20220312 003200.459 INFO             PET1 PIOc_sync Exit - MemInfo: [malloc] Total allocated space:                        631840 Byte
20220312 003200.459 INFO             PET1 PIOc_sync Exit - MemInfo: [malloc] Total free space:                              58656 Byte
20220312 003200.459 INFO             PET1 PIOc_sync Exit - MemInfo: [malloc] Top-most, releasable space:                    58656 Byte
20220312 003200.459 INFO             PET1 PIOc_sync Exit - MemInfo: [malloc] Total space in use, mmap + non-mmap:         4035616 Byte
20220312 003200.459 INFO             PET1 PIOc_sync Exit - MemInfo: [malloc] Total space held (mmap + non-mmap):          4094272 Byte
20220312 003200.459 INFO             PET1 PIOc_sync Exit - MemInfo: [malloc] Total space used (mmap + non-mmap):          4044448 Byte
20220312 003200.459 INFO             PET1 PIOc_sync Exit - MemInfo: Wall-clock time since execution start:               0.124049 seconds
20220312 003200.459 INFO             PET1 PIOc_freedecomp Enter - MemInfo: [/proc/meminfo - SSI]	MemTotal:       65855856 kB
20220312 003200.459 INFO             PET1 PIOc_freedecomp Enter - MemInfo: [/proc/meminfo - SSI]	MemFree:        61310484 kB
20220312 003200.459 INFO             PET1 PIOc_freedecomp Enter - MemInfo: [/proc/meminfo - SSI]	MemAvailable:   61091300 kB
20220312 003200.459 INFO             PET1 PIOc_freedecomp Enter - MemInfo: [/proc/meminfo - SSI]	Committed_AS:    2807768 kB
20220312 003200.459 INFO             PET1 PIOc_freedecomp Enter - MemInfo: [/proc/meminfo - SSI]	CommittedPercent: 4.26351 %
20220312 003200.459 INFO             PET1 PIOc_freedecomp Enter - MemInfo: [/proc/self/status]	VmPeak:	   75008 kB
20220312 003200.459 INFO             PET1 PIOc_freedecomp Enter - MemInfo: [/proc/self/status]	VmSize:	   74540 kB
20220312 003200.459 INFO             PET1 PIOc_freedecomp Enter - MemInfo: [/proc/self/status]	VmLck:	       0 kB
20220312 003200.459 INFO             PET1 PIOc_freedecomp Enter - MemInfo: [/proc/self/status]	VmPin:	       0 kB
20220312 003200.459 INFO             PET1 PIOc_freedecomp Enter - MemInfo: [/proc/self/status]	VmHWM:	   10636 kB
20220312 003200.460 INFO             PET1 PIOc_freedecomp Enter - MemInfo: [/proc/self/status]	VmRSS:	   10636 kB
20220312 003200.460 INFO             PET1 PIOc_freedecomp Enter - MemInfo: [/proc/self/status]	VmData:	    8252 kB
20220312 003200.460 INFO             PET1 PIOc_freedecomp Enter - MemInfo: [/proc/self/status]	VmStk:	     164 kB
20220312 003200.460 INFO             PET1 PIOc_freedecomp Enter - MemInfo: [/proc/self/status]	VmExe:	   40704 kB
20220312 003200.460 INFO             PET1 PIOc_freedecomp Enter - MemInfo: [/proc/self/status]	VmLib:	    1952 kB
20220312 003200.460 INFO             PET1 PIOc_freedecomp Enter - MemInfo: [/proc/self/status]	VmPTE:	     136 kB
20220312 003200.460 INFO             PET1 PIOc_freedecomp Enter - MemInfo: [/proc/self/status]	VmPMD:	      12 kB
20220312 003200.460 INFO             PET1 PIOc_freedecomp Enter - MemInfo: [/proc/self/status]	VmSwap:	       0 kB
20220312 003200.460 INFO             PET1 PIOc_freedecomp Enter - MemInfo: [/proc/self/status]	VmRSSPercent: 0.0161504 %
20220312 003200.460 INFO             PET1 PIOc_freedecomp Enter - MemInfo: [malloc] Non-mmapped space allocated:                  690496 Byte
20220312 003200.460 INFO             PET1 PIOc_freedecomp Enter - MemInfo: [malloc] Space allocated in mmapped regions:          3403776 Byte
20220312 003200.460 INFO             PET1 PIOc_freedecomp Enter - MemInfo: [malloc] Maximum total allocated space:                     0 Byte
20220312 003200.460 INFO             PET1 PIOc_freedecomp Enter - MemInfo: [malloc] Space in freed fastbin blocks:                     0 Byte
20220312 003200.460 INFO             PET1 PIOc_freedecomp Enter - MemInfo: [malloc] Total allocated space:                        632752 Byte
20220312 003200.460 INFO             PET1 PIOc_freedecomp Enter - MemInfo: [malloc] Total free space:                              57744 Byte
20220312 003200.460 INFO             PET1 PIOc_freedecomp Enter - MemInfo: [malloc] Top-most, releasable space:                    57744 Byte
20220312 003200.460 INFO             PET1 PIOc_freedecomp Enter - MemInfo: [malloc] Total space in use, mmap + non-mmap:         4036528 Byte
20220312 003200.460 INFO             PET1 PIOc_freedecomp Enter - MemInfo: [malloc] Total space held (mmap + non-mmap):          4094272 Byte
20220312 003200.460 INFO             PET1 PIOc_freedecomp Enter - MemInfo: [malloc] Total space used (mmap + non-mmap):          4045248 Byte
20220312 003200.460 INFO             PET1 PIOc_freedecomp Enter - MemInfo: Wall-clock time since execution start:               0.124996 seconds
20220312 003200.460 INFO             PET1 PIOc_freedecomp Exit - MemInfo: [/proc/meminfo - SSI]	MemTotal:       65855856 kB
20220312 003200.460 INFO             PET1 PIOc_freedecomp Exit - MemInfo: [/proc/meminfo - SSI]	MemFree:        61310484 kB
20220312 003200.460 INFO             PET1 PIOc_freedecomp Exit - MemInfo: [/proc/meminfo - SSI]	MemAvailable:   61091300 kB
20220312 003200.460 INFO             PET1 PIOc_freedecomp Exit - MemInfo: [/proc/meminfo - SSI]	Committed_AS:    2807768 kB
20220312 003200.460 INFO             PET1 PIOc_freedecomp Exit - MemInfo: [/proc/meminfo - SSI]	CommittedPercent: 4.26351 %
20220312 003200.460 INFO             PET1 PIOc_freedecomp Exit - MemInfo: [/proc/self/status]	VmPeak:	   75008 kB
20220312 003200.460 INFO             PET1 PIOc_freedecomp Exit - MemInfo: [/proc/self/status]	VmSize:	   74540 kB
20220312 003200.460 INFO             PET1 PIOc_freedecomp Exit - MemInfo: [/proc/self/status]	VmLck:	       0 kB
20220312 003200.460 INFO             PET1 PIOc_freedecomp Exit - MemInfo: [/proc/self/status]	VmPin:	       0 kB
20220312 003200.460 INFO             PET1 PIOc_freedecomp Exit - MemInfo: [/proc/self/status]	VmHWM:	   10852 kB
20220312 003200.460 INFO             PET1 PIOc_freedecomp Exit - MemInfo: [/proc/self/status]	VmRSS:	   10852 kB
20220312 003200.460 INFO             PET1 PIOc_freedecomp Exit - MemInfo: [/proc/self/status]	VmData:	    8252 kB
20220312 003200.460 INFO             PET1 PIOc_freedecomp Exit - MemInfo: [/proc/self/status]	VmStk:	     164 kB
20220312 003200.460 INFO             PET1 PIOc_freedecomp Exit - MemInfo: [/proc/self/status]	VmExe:	   40704 kB
20220312 003200.460 INFO             PET1 PIOc_freedecomp Exit - MemInfo: [/proc/self/status]	VmLib:	    1952 kB
20220312 003200.460 INFO             PET1 PIOc_freedecomp Exit - MemInfo: [/proc/self/status]	VmPTE:	     136 kB
20220312 003200.460 INFO             PET1 PIOc_freedecomp Exit - MemInfo: [/proc/self/status]	VmPMD:	      12 kB
20220312 003200.460 INFO             PET1 PIOc_freedecomp Exit - MemInfo: [/proc/self/status]	VmSwap:	       0 kB
20220312 003200.460 INFO             PET1 PIOc_freedecomp Exit - MemInfo: [/proc/self/status]	VmRSSPercent: 0.0164784 %
20220312 003200.460 INFO             PET1 PIOc_freedecomp Exit - MemInfo: [malloc] Non-mmapped space allocated:                  690496 Byte
20220312 003200.460 INFO             PET1 PIOc_freedecomp Exit - MemInfo: [malloc] Space allocated in mmapped regions:          3403776 Byte
20220312 003200.460 INFO             PET1 PIOc_freedecomp Exit - MemInfo: [malloc] Maximum total allocated space:                     0 Byte
20220312 003200.460 INFO             PET1 PIOc_freedecomp Exit - MemInfo: [malloc] Space in freed fastbin blocks:                   368 Byte
20220312 003200.460 INFO             PET1 PIOc_freedecomp Exit - MemInfo: [malloc] Total allocated space:                        633120 Byte
20220312 003200.460 INFO             PET1 PIOc_freedecomp Exit - MemInfo: [malloc] Total free space:                              57376 Byte
20220312 003200.460 INFO             PET1 PIOc_freedecomp Exit - MemInfo: [malloc] Top-most, releasable space:                    57008 Byte
20220312 003200.460 INFO             PET1 PIOc_freedecomp Exit - MemInfo: [malloc] Total space in use, mmap + non-mmap:         4036896 Byte
20220312 003200.460 INFO             PET1 PIOc_freedecomp Exit - MemInfo: [malloc] Total space held (mmap + non-mmap):          4094272 Byte
20220312 003200.460 INFO             PET1 PIOc_freedecomp Exit - MemInfo: [malloc] Total space used (mmap + non-mmap):          4045664 Byte
20220312 003200.460 INFO             PET1 PIOc_freedecomp Exit - MemInfo: Wall-clock time since execution start:               0.125452 seconds
20220312 003200.464 INFO             PET1 PIOc_sync Enter - MemInfo: [/proc/meminfo - SSI]	MemTotal:       65855856 kB
20220312 003200.464 INFO             PET1 PIOc_sync Enter - MemInfo: [/proc/meminfo - SSI]	MemFree:        61307460 kB
20220312 003200.464 INFO             PET1 PIOc_sync Enter - MemInfo: [/proc/meminfo - SSI]	MemAvailable:   61088276 kB
20220312 003200.464 INFO             PET1 PIOc_sync Enter - MemInfo: [/proc/meminfo - SSI]	Committed_AS:    2815956 kB
20220312 003200.464 INFO             PET1 PIOc_sync Enter - MemInfo: [/proc/meminfo - SSI]	CommittedPercent: 4.27594 %
20220312 003200.464 INFO             PET1 PIOc_sync Enter - MemInfo: [/proc/self/status]	VmPeak:	   75008 kB
20220312 003200.464 INFO             PET1 PIOc_sync Enter - MemInfo: [/proc/self/status]	VmSize:	   74540 kB
20220312 003200.464 INFO             PET1 PIOc_sync Enter - MemInfo: [/proc/self/status]	VmLck:	       0 kB
20220312 003200.464 INFO             PET1 PIOc_sync Enter - MemInfo: [/proc/self/status]	VmPin:	       0 kB
20220312 003200.464 INFO             PET1 PIOc_sync Enter - MemInfo: [/proc/self/status]	VmHWM:	   10852 kB
20220312 003200.464 INFO             PET1 PIOc_sync Enter - MemInfo: [/proc/self/status]	VmRSS:	   10836 kB
20220312 003200.464 INFO             PET1 PIOc_sync Enter - MemInfo: [/proc/self/status]	VmData:	    8252 kB
20220312 003200.464 INFO             PET1 PIOc_sync Enter - MemInfo: [/proc/self/status]	VmStk:	     164 kB
20220312 003200.464 INFO             PET1 PIOc_sync Enter - MemInfo: [/proc/self/status]	VmExe:	   40704 kB
20220312 003200.464 INFO             PET1 PIOc_sync Enter - MemInfo: [/proc/self/status]	VmLib:	    1952 kB
20220312 003200.464 INFO             PET1 PIOc_sync Enter - MemInfo: [/proc/self/status]	VmPTE:	     136 kB
20220312 003200.464 INFO             PET1 PIOc_sync Enter - MemInfo: [/proc/self/status]	VmPMD:	      12 kB
20220312 003200.464 INFO             PET1 PIOc_sync Enter - MemInfo: [/proc/self/status]	VmSwap:	       0 kB
20220312 003200.464 INFO             PET1 PIOc_sync Enter - MemInfo: [/proc/self/status]	VmRSSPercent: 0.0164541 %
20220312 003200.464 INFO             PET1 PIOc_sync Enter - MemInfo: [malloc] Non-mmapped space allocated:                  690496 Byte
20220312 003200.464 INFO             PET1 PIOc_sync Enter - MemInfo: [malloc] Space allocated in mmapped regions:          3403776 Byte
20220312 003200.464 INFO             PET1 PIOc_sync Enter - MemInfo: [malloc] Maximum total allocated space:                     0 Byte
20220312 003200.464 INFO             PET1 PIOc_sync Enter - MemInfo: [malloc] Space in freed fastbin blocks:                     0 Byte
20220312 003200.464 INFO             PET1 PIOc_sync Enter - MemInfo: [malloc] Total allocated space:                        635376 Byte
20220312 003200.464 INFO             PET1 PIOc_sync Enter - MemInfo: [malloc] Total free space:                              55120 Byte
20220312 003200.464 INFO             PET1 PIOc_sync Enter - MemInfo: [malloc] Top-most, releasable space:                    54768 Byte
20220312 003200.464 INFO             PET1 PIOc_sync Enter - MemInfo: [malloc] Total space in use, mmap + non-mmap:         4039152 Byte
20220312 003200.464 INFO             PET1 PIOc_sync Enter - MemInfo: [malloc] Total space held (mmap + non-mmap):          4094272 Byte
20220312 003200.464 INFO             PET1 PIOc_sync Enter - MemInfo: [malloc] Total space used (mmap + non-mmap):          4047472 Byte
20220312 003200.464 INFO             PET1 PIOc_sync Enter - MemInfo: Wall-clock time since execution start:               0.129623 seconds
20220312 003200.464 INFO             PET1 PIOc_sync Exit - MemInfo: [/proc/meminfo - SSI]	MemTotal:       65855856 kB
20220312 003200.465 INFO             PET1 PIOc_sync Exit - MemInfo: [/proc/meminfo - SSI]	MemFree:        61307460 kB
20220312 003200.465 INFO             PET1 PIOc_sync Exit - MemInfo: [/proc/meminfo - SSI]	MemAvailable:   61088276 kB
20220312 003200.465 INFO             PET1 PIOc_sync Exit - MemInfo: [/proc/meminfo - SSI]	Committed_AS:    2815956 kB
20220312 003200.465 INFO             PET1 PIOc_sync Exit - MemInfo: [/proc/meminfo - SSI]	CommittedPercent: 4.27594 %
20220312 003200.465 INFO             PET1 PIOc_sync Exit - MemInfo: [/proc/self/status]	VmPeak:	   75008 kB
20220312 003200.465 INFO             PET1 PIOc_sync Exit - MemInfo: [/proc/self/status]	VmSize:	   74540 kB
20220312 003200.465 INFO             PET1 PIOc_sync Exit - MemInfo: [/proc/self/status]	VmLck:	       0 kB
20220312 003200.465 INFO             PET1 PIOc_sync Exit - MemInfo: [/proc/self/status]	VmPin:	       0 kB
20220312 003200.465 INFO             PET1 PIOc_sync Exit - MemInfo: [/proc/self/status]	VmHWM:	   10852 kB
20220312 003200.465 INFO             PET1 PIOc_sync Exit - MemInfo: [/proc/self/status]	VmRSS:	   10836 kB
20220312 003200.465 INFO             PET1 PIOc_sync Exit - MemInfo: [/proc/self/status]	VmData:	    8252 kB
20220312 003200.465 INFO             PET1 PIOc_sync Exit - MemInfo: [/proc/self/status]	VmStk:	     164 kB
20220312 003200.465 INFO             PET1 PIOc_sync Exit - MemInfo: [/proc/self/status]	VmExe:	   40704 kB
20220312 003200.465 INFO             PET1 PIOc_sync Exit - MemInfo: [/proc/self/status]	VmLib:	    1952 kB
20220312 003200.465 INFO             PET1 PIOc_sync Exit - MemInfo: [/proc/self/status]	VmPTE:	     136 kB
20220312 003200.465 INFO             PET1 PIOc_sync Exit - MemInfo: [/proc/self/status]	VmPMD:	      12 kB
20220312 003200.465 INFO             PET1 PIOc_sync Exit - MemInfo: [/proc/self/status]	VmSwap:	       0 kB
20220312 003200.465 INFO             PET1 PIOc_sync Exit - MemInfo: [/proc/self/status]	VmRSSPercent: 0.0164541 %
20220312 003200.465 INFO             PET1 PIOc_sync Exit - MemInfo: [malloc] Non-mmapped space allocated:                  690496 Byte
20220312 003200.465 INFO             PET1 PIOc_sync Exit - MemInfo: [malloc] Space allocated in mmapped regions:          3403776 Byte
20220312 003200.465 INFO             PET1 PIOc_sync Exit - MemInfo: [malloc] Maximum total allocated space:                     0 Byte
20220312 003200.465 INFO             PET1 PIOc_sync Exit - MemInfo: [malloc] Space in freed fastbin blocks:                     0 Byte
20220312 003200.465 INFO             PET1 PIOc_sync Exit - MemInfo: [malloc] Total allocated space:                        635792 Byte
20220312 003200.465 INFO             PET1 PIOc_sync Exit - MemInfo: [malloc] Total free space:                              54704 Byte
20220312 003200.465 INFO             PET1 PIOc_sync Exit - MemInfo: [malloc] Top-most, releasable space:                    54544 Byte
20220312 003200.465 INFO             PET1 PIOc_sync Exit - MemInfo: [malloc] Total space in use, mmap + non-mmap:         4039568 Byte
20220312 003200.465 INFO             PET1 PIOc_sync Exit - MemInfo: [malloc] Total space held (mmap + non-mmap):          4094272 Byte
20220312 003200.465 INFO             PET1 PIOc_sync Exit - MemInfo: [malloc] Total space used (mmap + non-mmap):          4047776 Byte
20220312 003200.465 INFO             PET1 PIOc_sync Exit - MemInfo: Wall-clock time since execution start:               0.130183 seconds
20220312 003200.465 INFO             PET1 PIOc_freedecomp Enter - MemInfo: [/proc/meminfo - SSI]	MemTotal:       65855856 kB
20220312 003200.465 INFO             PET1 PIOc_freedecomp Enter - MemInfo: [/proc/meminfo - SSI]	MemFree:        61307460 kB
20220312 003200.465 INFO             PET1 PIOc_freedecomp Enter - MemInfo: [/proc/meminfo - SSI]	MemAvailable:   61088276 kB
20220312 003200.465 INFO             PET1 PIOc_freedecomp Enter - MemInfo: [/proc/meminfo - SSI]	Committed_AS:    2815956 kB
20220312 003200.465 INFO             PET1 PIOc_freedecomp Enter - MemInfo: [/proc/meminfo - SSI]	CommittedPercent: 4.27594 %
20220312 003200.465 INFO             PET1 PIOc_freedecomp Enter - MemInfo: [/proc/self/status]	VmPeak:	   75008 kB
20220312 003200.465 INFO             PET1 PIOc_freedecomp Enter - MemInfo: [/proc/self/status]	VmSize:	   74540 kB
20220312 003200.465 INFO             PET1 PIOc_freedecomp Enter - MemInfo: [/proc/self/status]	VmLck:	       0 kB
20220312 003200.465 INFO             PET1 PIOc_freedecomp Enter - MemInfo: [/proc/self/status]	VmPin:	       0 kB
20220312 003200.465 INFO             PET1 PIOc_freedecomp Enter - MemInfo: [/proc/self/status]	VmHWM:	   10852 kB
20220312 003200.465 INFO             PET1 PIOc_freedecomp Enter - MemInfo: [/proc/self/status]	VmRSS:	   10836 kB
20220312 003200.465 INFO             PET1 PIOc_freedecomp Enter - MemInfo: [/proc/self/status]	VmData:	    8252 kB
20220312 003200.465 INFO             PET1 PIOc_freedecomp Enter - MemInfo: [/proc/self/status]	VmStk:	     164 kB
20220312 003200.465 INFO             PET1 PIOc_freedecomp Enter - MemInfo: [/proc/self/status]	VmExe:	   40704 kB
20220312 003200.465 INFO             PET1 PIOc_freedecomp Enter - MemInfo: [/proc/self/status]	VmLib:	    1952 kB
20220312 003200.465 INFO             PET1 PIOc_freedecomp Enter - MemInfo: [/proc/self/status]	VmPTE:	     136 kB
20220312 003200.465 INFO             PET1 PIOc_freedecomp Enter - MemInfo: [/proc/self/status]	VmPMD:	      12 kB
20220312 003200.465 INFO             PET1 PIOc_freedecomp Enter - MemInfo: [/proc/self/status]	VmSwap:	       0 kB
20220312 003200.465 INFO             PET1 PIOc_freedecomp Enter - MemInfo: [/proc/self/status]	VmRSSPercent: 0.0164541 %
20220312 003200.465 INFO             PET1 PIOc_freedecomp Enter - MemInfo: [malloc] Non-mmapped space allocated:                  690496 Byte
20220312 003200.465 INFO             PET1 PIOc_freedecomp Enter - MemInfo: [malloc] Space allocated in mmapped regions:          3403776 Byte
20220312 003200.465 INFO             PET1 PIOc_freedecomp Enter - MemInfo: [malloc] Maximum total allocated space:                     0 Byte
20220312 003200.466 INFO             PET1 PIOc_freedecomp Enter - MemInfo: [malloc] Space in freed fastbin blocks:                     0 Byte
20220312 003200.466 INFO             PET1 PIOc_freedecomp Enter - MemInfo: [malloc] Total allocated space:                        636016 Byte
20220312 003200.466 INFO             PET1 PIOc_freedecomp Enter - MemInfo: [malloc] Total free space:                              54480 Byte
20220312 003200.466 INFO             PET1 PIOc_freedecomp Enter - MemInfo: [malloc] Top-most, releasable space:                    54320 Byte
20220312 003200.466 INFO             PET1 PIOc_freedecomp Enter - MemInfo: [malloc] Total space in use, mmap + non-mmap:         4039792 Byte
20220312 003200.466 INFO             PET1 PIOc_freedecomp Enter - MemInfo: [malloc] Total space held (mmap + non-mmap):          4094272 Byte
20220312 003200.466 INFO             PET1 PIOc_freedecomp Enter - MemInfo: [malloc] Total space used (mmap + non-mmap):          4048000 Byte
20220312 003200.466 INFO             PET1 PIOc_freedecomp Enter - MemInfo: Wall-clock time since execution start:               0.130807 seconds
20220312 003200.466 INFO             PET1 PIOc_freedecomp Exit - MemInfo: [/proc/meminfo - SSI]	MemTotal:       65855856 kB
20220312 003200.466 INFO             PET1 PIOc_freedecomp Exit - MemInfo: [/proc/meminfo - SSI]	MemFree:        61307460 kB
20220312 003200.466 INFO             PET1 PIOc_freedecomp Exit - MemInfo: [/proc/meminfo - SSI]	MemAvailable:   61088276 kB
20220312 003200.466 INFO             PET1 PIOc_freedecomp Exit - MemInfo: [/proc/meminfo - SSI]	Committed_AS:    2815956 kB
20220312 003200.466 INFO             PET1 PIOc_freedecomp Exit - MemInfo: [/proc/meminfo - SSI]	CommittedPercent: 4.27594 %
20220312 003200.466 INFO             PET1 PIOc_freedecomp Exit - MemInfo: [/proc/self/status]	VmPeak:	   75008 kB
20220312 003200.466 INFO             PET1 PIOc_freedecomp Exit - MemInfo: [/proc/self/status]	VmSize:	   74540 kB
20220312 003200.466 INFO             PET1 PIOc_freedecomp Exit - MemInfo: [/proc/self/status]	VmLck:	       0 kB
20220312 003200.466 INFO             PET1 PIOc_freedecomp Exit - MemInfo: [/proc/self/status]	VmPin:	       0 kB
20220312 003200.466 INFO             PET1 PIOc_freedecomp Exit - MemInfo: [/proc/self/status]	VmHWM:	   10852 kB
20220312 003200.466 INFO             PET1 PIOc_freedecomp Exit - MemInfo: [/proc/self/status]	VmRSS:	   10836 kB
20220312 003200.466 INFO             PET1 PIOc_freedecomp Exit - MemInfo: [/proc/self/status]	VmData:	    8252 kB
20220312 003200.466 INFO             PET1 PIOc_freedecomp Exit - MemInfo: [/proc/self/status]	VmStk:	     164 kB
20220312 003200.466 INFO             PET1 PIOc_freedecomp Exit - MemInfo: [/proc/self/status]	VmExe:	   40704 kB
20220312 003200.466 INFO             PET1 PIOc_freedecomp Exit - MemInfo: [/proc/self/status]	VmLib:	    1952 kB
20220312 003200.466 INFO             PET1 PIOc_freedecomp Exit - MemInfo: [/proc/self/status]	VmPTE:	     136 kB
20220312 003200.466 INFO             PET1 PIOc_freedecomp Exit - MemInfo: [/proc/self/status]	VmPMD:	      12 kB
20220312 003200.466 INFO             PET1 PIOc_freedecomp Exit - MemInfo: [/proc/self/status]	VmSwap:	       0 kB
20220312 003200.466 INFO             PET1 PIOc_freedecomp Exit - MemInfo: [/proc/self/status]	VmRSSPercent: 0.0164541 %
20220312 003200.466 INFO             PET1 PIOc_freedecomp Exit - MemInfo: [malloc] Non-mmapped space allocated:                  690496 Byte
20220312 003200.466 INFO             PET1 PIOc_freedecomp Exit - MemInfo: [malloc] Space allocated in mmapped regions:          3403776 Byte
20220312 003200.466 INFO             PET1 PIOc_freedecomp Exit - MemInfo: [malloc] Maximum total allocated space:                     0 Byte
20220312 003200.466 INFO             PET1 PIOc_freedecomp Exit - MemInfo: [malloc] Space in freed fastbin blocks:                   400 Byte
20220312 003200.466 INFO             PET1 PIOc_freedecomp Exit - MemInfo: [malloc] Total allocated space:                        635616 Byte
20220312 003200.466 INFO             PET1 PIOc_freedecomp Exit - MemInfo: [malloc] Total free space:                              54880 Byte
20220312 003200.466 INFO             PET1 PIOc_freedecomp Exit - MemInfo: [malloc] Top-most, releasable space:                    54096 Byte
20220312 003200.466 INFO             PET1 PIOc_freedecomp Exit - MemInfo: [malloc] Total space in use, mmap + non-mmap:         4039392 Byte
20220312 003200.466 INFO             PET1 PIOc_freedecomp Exit - MemInfo: [malloc] Total space held (mmap + non-mmap):          4094272 Byte
20220312 003200.466 INFO             PET1 PIOc_freedecomp Exit - MemInfo: [malloc] Total space used (mmap + non-mmap):          4047600 Byte
20220312 003200.466 INFO             PET1 PIOc_freedecomp Exit - MemInfo: Wall-clock time since execution start:               0.131287 seconds
20220312 003200.468 INFO             PET1 PIOc_sync Enter - MemInfo: [/proc/meminfo - SSI]	MemTotal:       65855856 kB
20220312 003200.468 INFO             PET1 PIOc_sync Enter - MemInfo: [/proc/meminfo - SSI]	MemFree:        61306956 kB
20220312 003200.468 INFO             PET1 PIOc_sync Enter - MemInfo: [/proc/meminfo - SSI]	MemAvailable:   61087772 kB
20220312 003200.468 INFO             PET1 PIOc_sync Enter - MemInfo: [/proc/meminfo - SSI]	Committed_AS:    2815956 kB
20220312 003200.468 INFO             PET1 PIOc_sync Enter - MemInfo: [/proc/meminfo - SSI]	CommittedPercent: 4.27594 %
20220312 003200.468 INFO             PET1 PIOc_sync Enter - MemInfo: [/proc/self/status]	VmPeak:	   75008 kB
20220312 003200.468 INFO             PET1 PIOc_sync Enter - MemInfo: [/proc/self/status]	VmSize:	   74516 kB
20220312 003200.468 INFO             PET1 PIOc_sync Enter - MemInfo: [/proc/self/status]	VmLck:	       0 kB
20220312 003200.468 INFO             PET1 PIOc_sync Enter - MemInfo: [/proc/self/status]	VmPin:	       0 kB
20220312 003200.468 INFO             PET1 PIOc_sync Enter - MemInfo: [/proc/self/status]	VmHWM:	   10860 kB
20220312 003200.468 INFO             PET1 PIOc_sync Enter - MemInfo: [/proc/self/status]	VmRSS:	   10844 kB
20220312 003200.468 INFO             PET1 PIOc_sync Enter - MemInfo: [/proc/self/status]	VmData:	    8252 kB
20220312 003200.468 INFO             PET1 PIOc_sync Enter - MemInfo: [/proc/self/status]	VmStk:	     164 kB
20220312 003200.468 INFO             PET1 PIOc_sync Enter - MemInfo: [/proc/self/status]	VmExe:	   40704 kB
20220312 003200.468 INFO             PET1 PIOc_sync Enter - MemInfo: [/proc/self/status]	VmLib:	    1952 kB
20220312 003200.468 INFO             PET1 PIOc_sync Enter - MemInfo: [/proc/self/status]	VmPTE:	     136 kB
20220312 003200.468 INFO             PET1 PIOc_sync Enter - MemInfo: [/proc/self/status]	VmPMD:	      12 kB
20220312 003200.468 INFO             PET1 PIOc_sync Enter - MemInfo: [/proc/self/status]	VmSwap:	       0 kB
20220312 003200.468 INFO             PET1 PIOc_sync Enter - MemInfo: [/proc/self/status]	VmRSSPercent: 0.0164663 %
20220312 003200.468 INFO             PET1 PIOc_sync Enter - MemInfo: [malloc] Non-mmapped space allocated:                  690496 Byte
20220312 003200.468 INFO             PET1 PIOc_sync Enter - MemInfo: [malloc] Space allocated in mmapped regions:          3403776 Byte
20220312 003200.468 INFO             PET1 PIOc_sync Enter - MemInfo: [malloc] Maximum total allocated space:                     0 Byte
20220312 003200.468 INFO             PET1 PIOc_sync Enter - MemInfo: [malloc] Space in freed fastbin blocks:                    48 Byte
20220312 003200.468 INFO             PET1 PIOc_sync Enter - MemInfo: [malloc] Total allocated space:                        636352 Byte
20220312 003200.468 INFO             PET1 PIOc_sync Enter - MemInfo: [malloc] Total free space:                              54144 Byte
20220312 003200.468 INFO             PET1 PIOc_sync Enter - MemInfo: [malloc] Top-most, releasable space:                    53568 Byte
20220312 003200.468 INFO             PET1 PIOc_sync Enter - MemInfo: [malloc] Total space in use, mmap + non-mmap:         4040128 Byte
20220312 003200.468 INFO             PET1 PIOc_sync Enter - MemInfo: [malloc] Total space held (mmap + non-mmap):          4094272 Byte
20220312 003200.468 INFO             PET1 PIOc_sync Enter - MemInfo: [malloc] Total space used (mmap + non-mmap):          4048336 Byte
20220312 003200.468 INFO             PET1 PIOc_sync Enter - MemInfo: Wall-clock time since execution start:               0.133453 seconds
20220312 003200.468 INFO             PET1 PIOc_sync Exit - MemInfo: [/proc/meminfo - SSI]	MemTotal:       65855856 kB
20220312 003200.468 INFO             PET1 PIOc_sync Exit - MemInfo: [/proc/meminfo - SSI]	MemFree:        61306956 kB
20220312 003200.468 INFO             PET1 PIOc_sync Exit - MemInfo: [/proc/meminfo - SSI]	MemAvailable:   61087772 kB
20220312 003200.468 INFO             PET1 PIOc_sync Exit - MemInfo: [/proc/meminfo - SSI]	Committed_AS:    2815956 kB
20220312 003200.468 INFO             PET1 PIOc_sync Exit - MemInfo: [/proc/meminfo - SSI]	CommittedPercent: 4.27594 %
20220312 003200.468 INFO             PET1 PIOc_sync Exit - MemInfo: [/proc/self/status]	VmPeak:	   75008 kB
20220312 003200.468 INFO             PET1 PIOc_sync Exit - MemInfo: [/proc/self/status]	VmSize:	   74516 kB
20220312 003200.468 INFO             PET1 PIOc_sync Exit - MemInfo: [/proc/self/status]	VmLck:	       0 kB
20220312 003200.468 INFO             PET1 PIOc_sync Exit - MemInfo: [/proc/self/status]	VmPin:	       0 kB
20220312 003200.468 INFO             PET1 PIOc_sync Exit - MemInfo: [/proc/self/status]	VmHWM:	   10860 kB
20220312 003200.469 INFO             PET1 PIOc_sync Exit - MemInfo: [/proc/self/status]	VmRSS:	   10844 kB
20220312 003200.469 INFO             PET1 PIOc_sync Exit - MemInfo: [/proc/self/status]	VmData:	    8252 kB
20220312 003200.469 INFO             PET1 PIOc_sync Exit - MemInfo: [/proc/self/status]	VmStk:	     164 kB
20220312 003200.469 INFO             PET1 PIOc_sync Exit - MemInfo: [/proc/self/status]	VmExe:	   40704 kB
20220312 003200.469 INFO             PET1 PIOc_sync Exit - MemInfo: [/proc/self/status]	VmLib:	    1952 kB
20220312 003200.469 INFO             PET1 PIOc_sync Exit - MemInfo: [/proc/self/status]	VmPTE:	     136 kB
20220312 003200.469 INFO             PET1 PIOc_sync Exit - MemInfo: [/proc/self/status]	VmPMD:	      12 kB
20220312 003200.469 INFO             PET1 PIOc_sync Exit - MemInfo: [/proc/self/status]	VmSwap:	       0 kB
20220312 003200.469 INFO             PET1 PIOc_sync Exit - MemInfo: [/proc/self/status]	VmRSSPercent: 0.0164663 %
20220312 003200.469 INFO             PET1 PIOc_sync Exit - MemInfo: [malloc] Non-mmapped space allocated:                  690496 Byte
20220312 003200.469 INFO             PET1 PIOc_sync Exit - MemInfo: [malloc] Space allocated in mmapped regions:          3403776 Byte
20220312 003200.469 INFO             PET1 PIOc_sync Exit - MemInfo: [malloc] Maximum total allocated space:                     0 Byte
20220312 003200.469 INFO             PET1 PIOc_sync Exit - MemInfo: [malloc] Space in freed fastbin blocks:                     0 Byte
20220312 003200.469 INFO             PET1 PIOc_sync Exit - MemInfo: [malloc] Total allocated space:                        636528 Byte
20220312 003200.469 INFO             PET1 PIOc_sync Exit - MemInfo: [malloc] Total free space:                              53968 Byte
20220312 003200.469 INFO             PET1 PIOc_sync Exit - MemInfo: [malloc] Top-most, releasable space:                    53344 Byte
20220312 003200.469 INFO             PET1 PIOc_sync Exit - MemInfo: [malloc] Total space in use, mmap + non-mmap:         4040304 Byte
20220312 003200.469 INFO             PET1 PIOc_sync Exit - MemInfo: [malloc] Total space held (mmap + non-mmap):          4094272 Byte
20220312 003200.469 INFO             PET1 PIOc_sync Exit - MemInfo: [malloc] Total space used (mmap + non-mmap):          4048512 Byte
20220312 003200.469 INFO             PET1 PIOc_sync Exit - MemInfo: Wall-clock time since execution start:               0.134006 seconds
20220312 003200.469 INFO             PET1 PIOc_freedecomp Enter - MemInfo: [/proc/meminfo - SSI]	MemTotal:       65855856 kB
20220312 003200.469 INFO             PET1 PIOc_freedecomp Enter - MemInfo: [/proc/meminfo - SSI]	MemFree:        61306956 kB
20220312 003200.469 INFO             PET1 PIOc_freedecomp Enter - MemInfo: [/proc/meminfo - SSI]	MemAvailable:   61087772 kB
20220312 003200.469 INFO             PET1 PIOc_freedecomp Enter - MemInfo: [/proc/meminfo - SSI]	Committed_AS:    2815956 kB
20220312 003200.469 INFO             PET1 PIOc_freedecomp Enter - MemInfo: [/proc/meminfo - SSI]	CommittedPercent: 4.27594 %
20220312 003200.469 INFO             PET1 PIOc_freedecomp Enter - MemInfo: [/proc/self/status]	VmPeak:	   75008 kB
20220312 003200.469 INFO             PET1 PIOc_freedecomp Enter - MemInfo: [/proc/self/status]	VmSize:	   74516 kB
20220312 003200.469 INFO             PET1 PIOc_freedecomp Enter - MemInfo: [/proc/self/status]	VmLck:	       0 kB
20220312 003200.469 INFO             PET1 PIOc_freedecomp Enter - MemInfo: [/proc/self/status]	VmPin:	       0 kB
20220312 003200.469 INFO             PET1 PIOc_freedecomp Enter - MemInfo: [/proc/self/status]	VmHWM:	   10860 kB
20220312 003200.469 INFO             PET1 PIOc_freedecomp Enter - MemInfo: [/proc/self/status]	VmRSS:	   10844 kB
20220312 003200.469 INFO             PET1 PIOc_freedecomp Enter - MemInfo: [/proc/self/status]	VmData:	    8252 kB
20220312 003200.469 INFO             PET1 PIOc_freedecomp Enter - MemInfo: [/proc/self/status]	VmStk:	     164 kB
20220312 003200.469 INFO             PET1 PIOc_freedecomp Enter - MemInfo: [/proc/self/status]	VmExe:	   40704 kB
20220312 003200.469 INFO             PET1 PIOc_freedecomp Enter - MemInfo: [/proc/self/status]	VmLib:	    1952 kB
20220312 003200.469 INFO             PET1 PIOc_freedecomp Enter - MemInfo: [/proc/self/status]	VmPTE:	     136 kB
20220312 003200.469 INFO             PET1 PIOc_freedecomp Enter - MemInfo: [/proc/self/status]	VmPMD:	      12 kB
20220312 003200.469 INFO             PET1 PIOc_freedecomp Enter - MemInfo: [/proc/self/status]	VmSwap:	       0 kB
20220312 003200.469 INFO             PET1 PIOc_freedecomp Enter - MemInfo: [/proc/self/status]	VmRSSPercent: 0.0164663 %
20220312 003200.469 INFO             PET1 PIOc_freedecomp Enter - MemInfo: [malloc] Non-mmapped space allocated:                  690496 Byte
20220312 003200.469 INFO             PET1 PIOc_freedecomp Enter - MemInfo: [malloc] Space allocated in mmapped regions:          3403776 Byte
20220312 003200.469 INFO             PET1 PIOc_freedecomp Enter - MemInfo: [malloc] Maximum total allocated space:                     0 Byte
20220312 003200.469 INFO             PET1 PIOc_freedecomp Enter - MemInfo: [malloc] Space in freed fastbin blocks:                     0 Byte
20220312 003200.469 INFO             PET1 PIOc_freedecomp Enter - MemInfo: [malloc] Total allocated space:                        636240 Byte
20220312 003200.469 INFO             PET1 PIOc_freedecomp Enter - MemInfo: [malloc] Total free space:                              54256 Byte
20220312 003200.469 INFO             PET1 PIOc_freedecomp Enter - MemInfo: [malloc] Top-most, releasable space:                    53120 Byte
20220312 003200.469 INFO             PET1 PIOc_freedecomp Enter - MemInfo: [malloc] Total space in use, mmap + non-mmap:         4040016 Byte
20220312 003200.469 INFO             PET1 PIOc_freedecomp Enter - MemInfo: [malloc] Total space held (mmap + non-mmap):          4094272 Byte
20220312 003200.469 INFO             PET1 PIOc_freedecomp Enter - MemInfo: [malloc] Total space used (mmap + non-mmap):          4048224 Byte
20220312 003200.469 INFO             PET1 PIOc_freedecomp Enter - MemInfo: Wall-clock time since execution start:               0.134637 seconds
20220312 003200.469 INFO             PET1 PIOc_freedecomp Exit - MemInfo: [/proc/meminfo - SSI]	MemTotal:       65855856 kB
20220312 003200.469 INFO             PET1 PIOc_freedecomp Exit - MemInfo: [/proc/meminfo - SSI]	MemFree:        61306956 kB
20220312 003200.469 INFO             PET1 PIOc_freedecomp Exit - MemInfo: [/proc/meminfo - SSI]	MemAvailable:   61087772 kB
20220312 003200.470 INFO             PET1 PIOc_freedecomp Exit - MemInfo: [/proc/meminfo - SSI]	Committed_AS:    2815956 kB
20220312 003200.470 INFO             PET1 PIOc_freedecomp Exit - MemInfo: [/proc/meminfo - SSI]	CommittedPercent: 4.27594 %
20220312 003200.470 INFO             PET1 PIOc_freedecomp Exit - MemInfo: [/proc/self/status]	VmPeak:	   75008 kB
20220312 003200.470 INFO             PET1 PIOc_freedecomp Exit - MemInfo: [/proc/self/status]	VmSize:	   74516 kB
20220312 003200.470 INFO             PET1 PIOc_freedecomp Exit - MemInfo: [/proc/self/status]	VmLck:	       0 kB
20220312 003200.470 INFO             PET1 PIOc_freedecomp Exit - MemInfo: [/proc/self/status]	VmPin:	       0 kB
20220312 003200.470 INFO             PET1 PIOc_freedecomp Exit - MemInfo: [/proc/self/status]	VmHWM:	   10860 kB
20220312 003200.470 INFO             PET1 PIOc_freedecomp Exit - MemInfo: [/proc/self/status]	VmRSS:	   10844 kB
20220312 003200.470 INFO             PET1 PIOc_freedecomp Exit - MemInfo: [/proc/self/status]	VmData:	    8252 kB
20220312 003200.470 INFO             PET1 PIOc_freedecomp Exit - MemInfo: [/proc/self/status]	VmStk:	     164 kB
20220312 003200.470 INFO             PET1 PIOc_freedecomp Exit - MemInfo: [/proc/self/status]	VmExe:	   40704 kB
20220312 003200.470 INFO             PET1 PIOc_freedecomp Exit - MemInfo: [/proc/self/status]	VmLib:	    1952 kB
20220312 003200.470 INFO             PET1 PIOc_freedecomp Exit - MemInfo: [/proc/self/status]	VmPTE:	     136 kB
20220312 003200.470 INFO             PET1 PIOc_freedecomp Exit - MemInfo: [/proc/self/status]	VmPMD:	      12 kB
20220312 003200.470 INFO             PET1 PIOc_freedecomp Exit - MemInfo: [/proc/self/status]	VmSwap:	       0 kB
20220312 003200.470 INFO             PET1 PIOc_freedecomp Exit - MemInfo: [/proc/self/status]	VmRSSPercent: 0.0164663 %
20220312 003200.470 INFO             PET1 PIOc_freedecomp Exit - MemInfo: [malloc] Non-mmapped space allocated:                  690496 Byte
20220312 003200.470 INFO             PET1 PIOc_freedecomp Exit - MemInfo: [malloc] Space allocated in mmapped regions:          3403776 Byte
20220312 003200.470 INFO             PET1 PIOc_freedecomp Exit - MemInfo: [malloc] Maximum total allocated space:                     0 Byte
20220312 003200.470 INFO             PET1 PIOc_freedecomp Exit - MemInfo: [malloc] Space in freed fastbin blocks:                   736 Byte
20220312 003200.470 INFO             PET1 PIOc_freedecomp Exit - MemInfo: [malloc] Total allocated space:                        635504 Byte
20220312 003200.470 INFO             PET1 PIOc_freedecomp Exit - MemInfo: [malloc] Total free space:                              54992 Byte
20220312 003200.470 INFO             PET1 PIOc_freedecomp Exit - MemInfo: [malloc] Top-most, releasable space:                    52896 Byte
20220312 003200.470 INFO             PET1 PIOc_freedecomp Exit - MemInfo: [malloc] Total space in use, mmap + non-mmap:         4039280 Byte
20220312 003200.470 INFO             PET1 PIOc_freedecomp Exit - MemInfo: [malloc] Total space held (mmap + non-mmap):          4094272 Byte
20220312 003200.470 INFO             PET1 PIOc_freedecomp Exit - MemInfo: [malloc] Total space used (mmap + non-mmap):          4047488 Byte
20220312 003200.470 INFO             PET1 PIOc_freedecomp Exit - MemInfo: Wall-clock time since execution start:               0.135118 seconds
20220312 003200.470 INFO             PET1  PASS  ESMF_OutputWeightFile, ESMF_IOUTest.F90, line 81
20220312 003200.485 INFO             PET1  PASS  call ESMF_OutputWeightFile with empty factor list on four PETs, ESMF_IOUTest.F90, line 191
20220312 003200.485 INFO             PET1  Ending Test, file ESMF_IOUTest.F90, line 201
20220312 003200.485 INFO             PET1 Finalizing ESMF
20220312 003200.339 INFO             PET2 !!!!!!!!!!!!!!!!!!!!!!!!!!!!!!!!!!!!!!!!!!!!!!!!!!!!!!
20220312 003200.339 INFO             PET2 !!! THE ESMF_LOG IS SET TO OUTPUT ALL LOG MESSAGES !!!
20220312 003200.339 INFO             PET2 !!!     THIS MAY CAUSE SLOWDOWN IN PERFORMANCE     !!!
20220312 003200.339 INFO             PET2 !!! FOR PRODUCTION RUNS, USE:                      !!!
20220312 003200.339 INFO             PET2 !!!                   ESMF_LOGKIND_Multi_On_Error  !!!
20220312 003200.339 INFO             PET2 !!!!!!!!!!!!!!!!!!!!!!!!!!!!!!!!!!!!!!!!!!!!!!!!!!!!!!
20220312 003200.339 INFO             PET2 Running with ESMF Version   : v8.3.0b09-96-g559b459836
20220312 003200.339 INFO             PET2 ESMF library build date/time: "Mar 11 2022" "23:41:41"
20220312 003200.339 INFO             PET2 ESMF library build location : /lustre/f2/dev/ncep/Mark.Potts/gfortran_8.3.0_mpi_g_jedwards_pio_update2
20220312 003200.339 INFO             PET2 ESMF_COMM                   : mpi
20220312 003200.340 INFO             PET2 ESMF_MOAB                   : enabled
20220312 003200.340 INFO             PET2 ESMF_LAPACK                 : enabled
20220312 003200.340 INFO             PET2 ESMF_NETCDF                 : enabled
20220312 003200.340 INFO             PET2 ESMF_PNETCDF                : disabled
20220312 003200.340 INFO             PET2 ESMF_PIO                    : enabled
20220312 003200.340 INFO             PET2 ESMF_YAMLCPP                : enabled
20220312 003200.354 INFO             PET2  Beginning Test, file ESMF_IOUTest.F90, line 57
20220312 003200.354 INFO             PET2  NUMBER_OF_PROCESSORS           4
20220312 003200.354 INFO             PET2 Starting Test:  ESMF_OutputWeightFile
20220312 003200.457 INFO             PET2 PIOc_sync Enter - MemInfo: [/proc/meminfo - SSI]	MemTotal:       65855856 kB
20220312 003200.457 INFO             PET2 PIOc_sync Enter - MemInfo: [/proc/meminfo - SSI]	MemFree:        61303428 kB
20220312 003200.457 INFO             PET2 PIOc_sync Enter - MemInfo: [/proc/meminfo - SSI]	MemAvailable:   61084244 kB
20220312 003200.458 INFO             PET2 PIOc_sync Enter - MemInfo: [/proc/meminfo - SSI]	Committed_AS:    2815500 kB
20220312 003200.458 INFO             PET2 PIOc_sync Enter - MemInfo: [/proc/meminfo - SSI]	CommittedPercent: 4.27525 %
20220312 003200.458 INFO             PET2 PIOc_sync Enter - MemInfo: [/proc/self/status]	VmPeak:	   75008 kB
20220312 003200.458 INFO             PET2 PIOc_sync Enter - MemInfo: [/proc/self/status]	VmSize:	   74540 kB
20220312 003200.458 INFO             PET2 PIOc_sync Enter - MemInfo: [/proc/self/status]	VmLck:	       0 kB
20220312 003200.458 INFO             PET2 PIOc_sync Enter - MemInfo: [/proc/self/status]	VmPin:	       0 kB
20220312 003200.458 INFO             PET2 PIOc_sync Enter - MemInfo: [/proc/self/status]	VmHWM:	   10652 kB
20220312 003200.458 INFO             PET2 PIOc_sync Enter - MemInfo: [/proc/self/status]	VmRSS:	   10652 kB
20220312 003200.458 INFO             PET2 PIOc_sync Enter - MemInfo: [/proc/self/status]	VmData:	    8252 kB
20220312 003200.458 INFO             PET2 PIOc_sync Enter - MemInfo: [/proc/self/status]	VmStk:	     164 kB
20220312 003200.458 INFO             PET2 PIOc_sync Enter - MemInfo: [/proc/self/status]	VmExe:	   40704 kB
20220312 003200.458 INFO             PET2 PIOc_sync Enter - MemInfo: [/proc/self/status]	VmLib:	    1952 kB
20220312 003200.458 INFO             PET2 PIOc_sync Enter - MemInfo: [/proc/self/status]	VmPTE:	     136 kB
20220312 003200.458 INFO             PET2 PIOc_sync Enter - MemInfo: [/proc/self/status]	VmPMD:	      12 kB
20220312 003200.458 INFO             PET2 PIOc_sync Enter - MemInfo: [/proc/self/status]	VmSwap:	       0 kB
20220312 003200.458 INFO             PET2 PIOc_sync Enter - MemInfo: [/proc/self/status]	VmRSSPercent: 0.0161747 %
20220312 003200.458 INFO             PET2 PIOc_sync Enter - MemInfo: [malloc] Non-mmapped space allocated:                  690496 Byte
20220312 003200.458 INFO             PET2 PIOc_sync Enter - MemInfo: [malloc] Space allocated in mmapped regions:          3403776 Byte
20220312 003200.458 INFO             PET2 PIOc_sync Enter - MemInfo: [malloc] Maximum total allocated space:                     0 Byte
20220312 003200.458 INFO             PET2 PIOc_sync Enter - MemInfo: [malloc] Space in freed fastbin blocks:                     0 Byte
20220312 003200.458 INFO             PET2 PIOc_sync Enter - MemInfo: [malloc] Total allocated space:                        629360 Byte
20220312 003200.458 INFO             PET2 PIOc_sync Enter - MemInfo: [malloc] Total free space:                              61136 Byte
20220312 003200.458 INFO             PET2 PIOc_sync Enter - MemInfo: [malloc] Top-most, releasable space:                    61136 Byte
20220312 003200.458 INFO             PET2 PIOc_sync Enter - MemInfo: [malloc] Total space in use, mmap + non-mmap:         4033136 Byte
20220312 003200.458 INFO             PET2 PIOc_sync Enter - MemInfo: [malloc] Total space held (mmap + non-mmap):          4094272 Byte
20220312 003200.458 INFO             PET2 PIOc_sync Enter - MemInfo: [malloc] Total space used (mmap + non-mmap):          4043200 Byte
20220312 003200.458 INFO             PET2 PIOc_sync Enter - MemInfo: Wall-clock time since execution start:               0.123401 seconds
20220312 003200.458 INFO             PET2 PIOc_sync Exit - MemInfo: [/proc/meminfo - SSI]	MemTotal:       65855856 kB
20220312 003200.458 INFO             PET2 PIOc_sync Exit - MemInfo: [/proc/meminfo - SSI]	MemFree:        61303428 kB
20220312 003200.458 INFO             PET2 PIOc_sync Exit - MemInfo: [/proc/meminfo - SSI]	MemAvailable:   61084244 kB
20220312 003200.458 INFO             PET2 PIOc_sync Exit - MemInfo: [/proc/meminfo - SSI]	Committed_AS:    2815500 kB
20220312 003200.458 INFO             PET2 PIOc_sync Exit - MemInfo: [/proc/meminfo - SSI]	CommittedPercent: 4.27525 %
20220312 003200.459 INFO             PET2 PIOc_sync Exit - MemInfo: [/proc/self/status]	VmPeak:	   75008 kB
20220312 003200.459 INFO             PET2 PIOc_sync Exit - MemInfo: [/proc/self/status]	VmSize:	   74540 kB
20220312 003200.459 INFO             PET2 PIOc_sync Exit - MemInfo: [/proc/self/status]	VmLck:	       0 kB
20220312 003200.459 INFO             PET2 PIOc_sync Exit - MemInfo: [/proc/self/status]	VmPin:	       0 kB
20220312 003200.459 INFO             PET2 PIOc_sync Exit - MemInfo: [/proc/self/status]	VmHWM:	   10652 kB
20220312 003200.459 INFO             PET2 PIOc_sync Exit - MemInfo: [/proc/self/status]	VmRSS:	   10652 kB
20220312 003200.459 INFO             PET2 PIOc_sync Exit - MemInfo: [/proc/self/status]	VmData:	    8252 kB
20220312 003200.459 INFO             PET2 PIOc_sync Exit - MemInfo: [/proc/self/status]	VmStk:	     164 kB
20220312 003200.459 INFO             PET2 PIOc_sync Exit - MemInfo: [/proc/self/status]	VmExe:	   40704 kB
20220312 003200.459 INFO             PET2 PIOc_sync Exit - MemInfo: [/proc/self/status]	VmLib:	    1952 kB
20220312 003200.459 INFO             PET2 PIOc_sync Exit - MemInfo: [/proc/self/status]	VmPTE:	     136 kB
