build time -- 2022-03-13 03:14:43
20220313 032451.287 INFO             PET0 !!!!!!!!!!!!!!!!!!!!!!!!!!!!!!!!!!!!!!!!!!!!!!!!!!!!!!
20220313 032451.287 INFO             PET0 !!! THE ESMF_LOG IS SET TO OUTPUT ALL LOG MESSAGES !!!
20220313 032451.287 INFO             PET0 !!!     THIS MAY CAUSE SLOWDOWN IN PERFORMANCE     !!!
20220313 032451.287 INFO             PET0 !!! FOR PRODUCTION RUNS, USE:                      !!!
20220313 032451.287 INFO             PET0 !!!                   ESMF_LOGKIND_Multi_On_Error  !!!
20220313 032451.287 INFO             PET0 !!!!!!!!!!!!!!!!!!!!!!!!!!!!!!!!!!!!!!!!!!!!!!!!!!!!!!
20220313 032451.287 INFO             PET0 Running with ESMF Version   : v8.3.0b09-96-g559b459
20220313 032451.287 INFO             PET0 ESMF library build date/time: "Mar 13 2022" "03:13:32"
20220313 032451.287 INFO             PET0 ESMF library build location : /work/noaa/da/mpotts/sandbox/gfortran_8.3.0_openmpi_O_jedwards_pio_update2
20220313 032451.287 INFO             PET0 ESMF_COMM                   : openmpi
20220313 032451.288 INFO             PET0 ESMF_MOAB                   : enabled
20220313 032451.288 INFO             PET0 ESMF_LAPACK                 : enabled
20220313 032451.288 INFO             PET0 ESMF_NETCDF                 : enabled
20220313 032451.288 INFO             PET0 ESMF_PNETCDF                : disabled
20220313 032451.288 INFO             PET0 ESMF_PIO                    : enabled
20220313 032451.288 INFO             PET0 ESMF_YAMLCPP                : enabled
20220313 032451.288 INFO             PET0 Beginning Test, file ESMC_FieldRegridUTest.C, line 68
20220313 032451.288 INFO             PET0 Beginning Test, file ESMC_FieldRegridUTest.C, line 68NUMBER_OF_PROCESSORS 1
20220313 032451.288 INFO             PET0 PASS MeshCreate, ESMC_FieldRegridUTest.C, line 125
20220313 032451.288 INFO             PET0 PASS MeshAddNodes, ESMC_FieldRegridUTest.C, line 133
20220313 032451.289 INFO             PET0 PASS MeshAddElements, ESMC_FieldRegridUTest.C, line 142
20220313 032451.289 INFO             PET0 PASS MeshGetLocalNodeCount, ESMC_FieldRegridUTest.C, line 152
20220313 032451.289 INFO             PET0 PASS MeshGetLocalElementCount, ESMC_FieldRegridUTest.C, line 163
20220313 032451.289 INFO             PET0 PASS MeshCreate, ESMC_FieldRegridUTest.C, line 231
20220313 032451.289 INFO             PET0 PASS MeshAddNodes, ESMC_FieldRegridUTest.C, line 239
20220313 032451.289 INFO             PET0 PASS MeshAddElements, ESMC_FieldRegridUTest.C, line 248
20220313 032451.289 INFO             PET0 PASS MeshGetLocalNodeCount, ESMC_FieldRegridUTest.C, line 258
20220313 032451.289 INFO             PET0 PASS MeshGetLocalElementCount, ESMC_FieldRegridUTest.C, line 269
20220313 032451.289 INFO             PET0 PASS Create ESMC_Field object, ESMC_FieldRegridUTest.C, line 284
20220313 032451.290 INFO             PET0 PASS Create ESMC_Field object, ESMC_FieldRegridUTest.C, line 293
20220313 032451.290 INFO             PET0 PASS Get a void * C pointer to data from ESMC_Field object, ESMC_FieldRegridUTest.C, line 306
20220313 032451.290 INFO             PET0 PASS Get a void * C pointer to data from ESMC_Field object, ESMC_FieldRegridUTest.C, line 325
20220313 032451.290 INFO             PET0 PASS Create an InterArray for maskValues in ESMC_FieldRegridStore(), ESMC_FieldRegridUTest.C, line 343
20220313 032451.297 INFO             PET0 PIOc_sync Enter - MemInfo: [/proc/meminfo - SSI]	MemTotal:       196434604 kB
20220313 032451.297 INFO             PET0 PIOc_sync Enter - MemInfo: [/proc/meminfo - SSI]	MemFree:        186430200 kB
20220313 032451.297 INFO             PET0 PIOc_sync Enter - MemInfo: [/proc/meminfo - SSI]	MemAvailable:   191860444 kB
20220313 032451.297 INFO             PET0 PIOc_sync Enter - MemInfo: [/proc/meminfo - SSI]	Committed_AS:     480984 kB
20220313 032451.297 INFO             PET0 PIOc_sync Enter - MemInfo: [/proc/meminfo - SSI]	CommittedPercent: 0.244857 %
20220313 032451.297 INFO             PET0 PIOc_sync Enter - MemInfo: [/proc/self/status]	VmPeak:	  629352 kB
20220313 032451.297 INFO             PET0 PIOc_sync Enter - MemInfo: [/proc/self/status]	VmSize:	  629352 kB
20220313 032451.297 INFO             PET0 PIOc_sync Enter - MemInfo: [/proc/self/status]	VmLck:	       0 kB
20220313 032451.297 INFO             PET0 PIOc_sync Enter - MemInfo: [/proc/self/status]	VmPin:	       0 kB
20220313 032451.297 INFO             PET0 PIOc_sync Enter - MemInfo: [/proc/self/status]	VmHWM:	   63556 kB
20220313 032451.297 INFO             PET0 PIOc_sync Enter - MemInfo: [/proc/self/status]	VmRSS:	   30808 kB
20220313 032451.297 INFO             PET0 PIOc_sync Enter - MemInfo: [/proc/self/status]	VmData:	  195572 kB
20220313 032451.297 INFO             PET0 PIOc_sync Enter - MemInfo: [/proc/self/status]	VmStk:	     144 kB
20220313 032451.297 INFO             PET0 PIOc_sync Enter - MemInfo: [/proc/self/status]	VmExe:	     208 kB
20220313 032451.297 INFO             PET0 PIOc_sync Enter - MemInfo: [/proc/self/status]	VmLib:	   59176 kB
20220313 032451.297 INFO             PET0 PIOc_sync Enter - MemInfo: [/proc/self/status]	VmPTE:	     888 kB
20220313 032451.297 INFO             PET0 PIOc_sync Enter - MemInfo: [/proc/self/status]	VmSwap:	       0 kB
20220313 032451.297 INFO             PET0 PIOc_sync Enter - MemInfo: [/proc/self/status]	VmRSSPercent: 0.0156836 %
20220313 032451.297 INFO             PET0 PIOc_sync Enter - MemInfo: [malloc] Non-mmapped space allocated:                 3452928 Byte
20220313 032451.297 INFO             PET0 PIOc_sync Enter - MemInfo: [malloc] Space allocated in mmapped regions:         10502144 Byte
20220313 032451.297 INFO             PET0 PIOc_sync Enter - MemInfo: [malloc] Maximum total allocated space:                     0 Byte
20220313 032451.297 INFO             PET0 PIOc_sync Enter - MemInfo: [malloc] Space in freed fastbin blocks:                   736 Byte
20220313 032451.297 INFO             PET0 PIOc_sync Enter - MemInfo: [malloc] Total allocated space:                       3073568 Byte
20220313 032451.297 INFO             PET0 PIOc_sync Enter - MemInfo: [malloc] Total free space:                             379360 Byte
20220313 032451.297 INFO             PET0 PIOc_sync Enter - MemInfo: [malloc] Top-most, releasable space:                   170176 Byte
20220313 032451.297 INFO             PET0 PIOc_sync Enter - MemInfo: [malloc] Total space in use, mmap + non-mmap:        13575712 Byte
20220313 032451.297 INFO             PET0 PIOc_sync Enter - MemInfo: [malloc] Total space held (mmap + non-mmap):         13955072 Byte
20220313 032451.297 INFO             PET0 PIOc_sync Enter - MemInfo: [malloc] Total space used (mmap + non-mmap):         13585056 Byte
20220313 032451.297 INFO             PET0 PIOc_sync Enter - MemInfo: Wall-clock time since execution start:              0.0122093 seconds
20220313 032451.298 INFO             PET0 PIOc_sync Exit - MemInfo: [/proc/meminfo - SSI]	MemTotal:       196434604 kB
20220313 032451.298 INFO             PET0 PIOc_sync Exit - MemInfo: [/proc/meminfo - SSI]	MemFree:        186430200 kB
20220313 032451.298 INFO             PET0 PIOc_sync Exit - MemInfo: [/proc/meminfo - SSI]	MemAvailable:   191860444 kB
20220313 032451.298 INFO             PET0 PIOc_sync Exit - MemInfo: [/proc/meminfo - SSI]	Committed_AS:     480984 kB
20220313 032451.298 INFO             PET0 PIOc_sync Exit - MemInfo: [/proc/meminfo - SSI]	CommittedPercent: 0.244857 %
20220313 032451.298 INFO             PET0 PIOc_sync Exit - MemInfo: [/proc/self/status]	VmPeak:	  629352 kB
20220313 032451.298 INFO             PET0 PIOc_sync Exit - MemInfo: [/proc/self/status]	VmSize:	  629352 kB
20220313 032451.298 INFO             PET0 PIOc_sync Exit - MemInfo: [/proc/self/status]	VmLck:	       0 kB
20220313 032451.298 INFO             PET0 PIOc_sync Exit - MemInfo: [/proc/self/status]	VmPin:	       0 kB
20220313 032451.298 INFO             PET0 PIOc_sync Exit - MemInfo: [/proc/self/status]	VmHWM:	   63556 kB
20220313 032451.298 INFO             PET0 PIOc_sync Exit - MemInfo: [/proc/self/status]	VmRSS:	   30940 kB
20220313 032451.298 INFO             PET0 PIOc_sync Exit - MemInfo: [/proc/self/status]	VmData:	  195572 kB
20220313 032451.298 INFO             PET0 PIOc_sync Exit - MemInfo: [/proc/self/status]	VmStk:	     144 kB
20220313 032451.298 INFO             PET0 PIOc_sync Exit - MemInfo: [/proc/self/status]	VmExe:	     208 kB
20220313 032451.298 INFO             PET0 PIOc_sync Exit - MemInfo: [/proc/self/status]	VmLib:	   59176 kB
20220313 032451.298 INFO             PET0 PIOc_sync Exit - MemInfo: [/proc/self/status]	VmPTE:	     888 kB
20220313 032451.298 INFO             PET0 PIOc_sync Exit - MemInfo: [/proc/self/status]	VmSwap:	       0 kB
20220313 032451.298 INFO             PET0 PIOc_sync Exit - MemInfo: [/proc/self/status]	VmRSSPercent: 0.0157508 %
20220313 032451.298 INFO             PET0 PIOc_sync Exit - MemInfo: [malloc] Non-mmapped space allocated:                 3452928 Byte
20220313 032451.298 INFO             PET0 PIOc_sync Exit - MemInfo: [malloc] Space allocated in mmapped regions:         10502144 Byte
20220313 032451.298 INFO             PET0 PIOc_sync Exit - MemInfo: [malloc] Maximum total allocated space:                     0 Byte
20220313 032451.298 INFO             PET0 PIOc_sync Exit - MemInfo: [malloc] Space in freed fastbin blocks:                  1120 Byte
20220313 032451.298 INFO             PET0 PIOc_sync Exit - MemInfo: [malloc] Total allocated space:                       3073680 Byte
20220313 032451.298 INFO             PET0 PIOc_sync Exit - MemInfo: [malloc] Total free space:                             379248 Byte
20220313 032451.298 INFO             PET0 PIOc_sync Exit - MemInfo: [malloc] Top-most, releasable space:                   168112 Byte
20220313 032451.298 INFO             PET0 PIOc_sync Exit - MemInfo: [malloc] Total space in use, mmap + non-mmap:        13575824 Byte
20220313 032451.298 INFO             PET0 PIOc_sync Exit - MemInfo: [malloc] Total space held (mmap + non-mmap):         13955072 Byte
20220313 032451.298 INFO             PET0 PIOc_sync Exit - MemInfo: [malloc] Total space used (mmap + non-mmap):         13585168 Byte
20220313 032451.298 INFO             PET0 PIOc_sync Exit - MemInfo: Wall-clock time since execution start:              0.0127756 seconds
20220313 032451.298 INFO             PET0 PIOc_freedecomp Enter - MemInfo: [/proc/meminfo - SSI]	MemTotal:       196434604 kB
20220313 032451.298 INFO             PET0 PIOc_freedecomp Enter - MemInfo: [/proc/meminfo - SSI]	MemFree:        186436476 kB
20220313 032451.298 INFO             PET0 PIOc_freedecomp Enter - MemInfo: [/proc/meminfo - SSI]	MemAvailable:   191866720 kB
20220313 032451.298 INFO             PET0 PIOc_freedecomp Enter - MemInfo: [/proc/meminfo - SSI]	Committed_AS:     472788 kB
20220313 032451.298 INFO             PET0 PIOc_freedecomp Enter - MemInfo: [/proc/meminfo - SSI]	CommittedPercent: 0.240685 %
20220313 032451.298 INFO             PET0 PIOc_freedecomp Enter - MemInfo: [/proc/self/status]	VmPeak:	  629352 kB
20220313 032451.298 INFO             PET0 PIOc_freedecomp Enter - MemInfo: [/proc/self/status]	VmSize:	  620640 kB
20220313 032451.298 INFO             PET0 PIOc_freedecomp Enter - MemInfo: [/proc/self/status]	VmLck:	       0 kB
20220313 032451.298 INFO             PET0 PIOc_freedecomp Enter - MemInfo: [/proc/self/status]	VmPin:	       0 kB
20220313 032451.298 INFO             PET0 PIOc_freedecomp Enter - MemInfo: [/proc/self/status]	VmHWM:	   63556 kB
20220313 032451.298 INFO             PET0 PIOc_freedecomp Enter - MemInfo: [/proc/self/status]	VmRSS:	   22740 kB
20220313 032451.298 INFO             PET0 PIOc_freedecomp Enter - MemInfo: [/proc/self/status]	VmData:	  186860 kB
20220313 032451.298 INFO             PET0 PIOc_freedecomp Enter - MemInfo: [/proc/self/status]	VmStk:	     144 kB
20220313 032451.298 INFO             PET0 PIOc_freedecomp Enter - MemInfo: [/proc/self/status]	VmExe:	     208 kB
20220313 032451.298 INFO             PET0 PIOc_freedecomp Enter - MemInfo: [/proc/self/status]	VmLib:	   59176 kB
20220313 032451.298 INFO             PET0 PIOc_freedecomp Enter - MemInfo: [/proc/self/status]	VmPTE:	     872 kB
20220313 032451.298 INFO             PET0 PIOc_freedecomp Enter - MemInfo: [/proc/self/status]	VmSwap:	       0 kB
20220313 032451.298 INFO             PET0 PIOc_freedecomp Enter - MemInfo: [/proc/self/status]	VmRSSPercent: 0.0115764 %
20220313 032451.298 INFO             PET0 PIOc_freedecomp Enter - MemInfo: [malloc] Non-mmapped space allocated:                 3452928 Byte
20220313 032451.298 INFO             PET0 PIOc_freedecomp Enter - MemInfo: [malloc] Space allocated in mmapped regions:          1581056 Byte
20220313 032451.298 INFO             PET0 PIOc_freedecomp Enter - MemInfo: [malloc] Maximum total allocated space:                     0 Byte
20220313 032451.299 INFO             PET0 PIOc_freedecomp Enter - MemInfo: [malloc] Space in freed fastbin blocks:                  2096 Byte
20220313 032451.299 INFO             PET0 PIOc_freedecomp Enter - MemInfo: [malloc] Total allocated space:                       3060544 Byte
20220313 032451.299 INFO             PET0 PIOc_freedecomp Enter - MemInfo: [malloc] Total free space:                             392384 Byte
20220313 032451.299 INFO             PET0 PIOc_freedecomp Enter - MemInfo: [malloc] Top-most, releasable space:                   168992 Byte
20220313 032451.299 INFO             PET0 PIOc_freedecomp Enter - MemInfo: [malloc] Total space in use, mmap + non-mmap:         4641600 Byte
20220313 032451.299 INFO             PET0 PIOc_freedecomp Enter - MemInfo: [malloc] Total space held (mmap + non-mmap):          5033984 Byte
20220313 032451.299 INFO             PET0 PIOc_freedecomp Enter - MemInfo: [malloc] Total space used (mmap + non-mmap):          4650944 Byte
20220313 032451.299 INFO             PET0 PIOc_freedecomp Enter - MemInfo: Wall-clock time since execution start:              0.0135557 seconds
20220313 032451.299 INFO             PET0 PIOc_freedecomp Exit - MemInfo: [/proc/meminfo - SSI]	MemTotal:       196434604 kB
20220313 032451.299 INFO             PET0 PIOc_freedecomp Exit - MemInfo: [/proc/meminfo - SSI]	MemFree:        186436476 kB
20220313 032451.299 INFO             PET0 PIOc_freedecomp Exit - MemInfo: [/proc/meminfo - SSI]	MemAvailable:   191866720 kB
20220313 032451.299 INFO             PET0 PIOc_freedecomp Exit - MemInfo: [/proc/meminfo - SSI]	Committed_AS:     472788 kB
20220313 032451.299 INFO             PET0 PIOc_freedecomp Exit - MemInfo: [/proc/meminfo - SSI]	CommittedPercent: 0.240685 %
20220313 032451.299 INFO             PET0 PIOc_freedecomp Exit - MemInfo: [/proc/self/status]	VmPeak:	  629352 kB
20220313 032451.299 INFO             PET0 PIOc_freedecomp Exit - MemInfo: [/proc/self/status]	VmSize:	  620640 kB
20220313 032451.299 INFO             PET0 PIOc_freedecomp Exit - MemInfo: [/proc/self/status]	VmLck:	       0 kB
20220313 032451.299 INFO             PET0 PIOc_freedecomp Exit - MemInfo: [/proc/self/status]	VmPin:	       0 kB
20220313 032451.299 INFO             PET0 PIOc_freedecomp Exit - MemInfo: [/proc/self/status]	VmHWM:	   63556 kB
20220313 032451.299 INFO             PET0 PIOc_freedecomp Exit - MemInfo: [/proc/self/status]	VmRSS:	   22740 kB
20220313 032451.299 INFO             PET0 PIOc_freedecomp Exit - MemInfo: [/proc/self/status]	VmData:	  186860 kB
20220313 032451.299 INFO             PET0 PIOc_freedecomp Exit - MemInfo: [/proc/self/status]	VmStk:	     144 kB
20220313 032451.299 INFO             PET0 PIOc_freedecomp Exit - MemInfo: [/proc/self/status]	VmExe:	     208 kB
20220313 032451.299 INFO             PET0 PIOc_freedecomp Exit - MemInfo: [/proc/self/status]	VmLib:	   59176 kB
20220313 032451.299 INFO             PET0 PIOc_freedecomp Exit - MemInfo: [/proc/self/status]	VmPTE:	     872 kB
20220313 032451.299 INFO             PET0 PIOc_freedecomp Exit - MemInfo: [/proc/self/status]	VmSwap:	       0 kB
20220313 032451.299 INFO             PET0 PIOc_freedecomp Exit - MemInfo: [/proc/self/status]	VmRSSPercent: 0.0115764 %
20220313 032451.299 INFO             PET0 PIOc_freedecomp Exit - MemInfo: [malloc] Non-mmapped space allocated:                 3452928 Byte
20220313 032451.299 INFO             PET0 PIOc_freedecomp Exit - MemInfo: [malloc] Space allocated in mmapped regions:          1581056 Byte
20220313 032451.299 INFO             PET0 PIOc_freedecomp Exit - MemInfo: [malloc] Maximum total allocated space:                     0 Byte
20220313 032451.299 INFO             PET0 PIOc_freedecomp Exit - MemInfo: [malloc] Space in freed fastbin blocks:                  1840 Byte
20220313 032451.299 INFO             PET0 PIOc_freedecomp Exit - MemInfo: [malloc] Total allocated space:                       3056400 Byte
20220313 032451.299 INFO             PET0 PIOc_freedecomp Exit - MemInfo: [malloc] Total free space:                             396528 Byte
20220313 032451.299 INFO             PET0 PIOc_freedecomp Exit - MemInfo: [malloc] Top-most, releasable space:                   168992 Byte
20220313 032451.299 INFO             PET0 PIOc_freedecomp Exit - MemInfo: [malloc] Total space in use, mmap + non-mmap:         4637456 Byte
20220313 032451.299 INFO             PET0 PIOc_freedecomp Exit - MemInfo: [malloc] Total space held (mmap + non-mmap):          5033984 Byte
20220313 032451.299 INFO             PET0 PIOc_freedecomp Exit - MemInfo: [malloc] Total space used (mmap + non-mmap):          4646800 Byte
20220313 032451.299 INFO             PET0 PIOc_freedecomp Exit - MemInfo: Wall-clock time since execution start:              0.0140069 seconds
20220313 032451.301 INFO             PET0 PIOc_sync Enter - MemInfo: [/proc/meminfo - SSI]	MemTotal:       196434604 kB
20220313 032451.301 INFO             PET0 PIOc_sync Enter - MemInfo: [/proc/meminfo - SSI]	MemFree:        186432744 kB
20220313 032451.301 INFO             PET0 PIOc_sync Enter - MemInfo: [/proc/meminfo - SSI]	MemAvailable:   191862988 kB
20220313 032451.301 INFO             PET0 PIOc_sync Enter - MemInfo: [/proc/meminfo - SSI]	Committed_AS:     480928 kB
20220313 032451.301 INFO             PET0 PIOc_sync Enter - MemInfo: [/proc/meminfo - SSI]	CommittedPercent: 0.244829 %
20220313 032451.301 INFO             PET0 PIOc_sync Enter - MemInfo: [/proc/self/status]	VmPeak:	  629352 kB
20220313 032451.301 INFO             PET0 PIOc_sync Enter - MemInfo: [/proc/self/status]	VmSize:	  629296 kB
20220313 032451.301 INFO             PET0 PIOc_sync Enter - MemInfo: [/proc/self/status]	VmLck:	       0 kB
20220313 032451.301 INFO             PET0 PIOc_sync Enter - MemInfo: [/proc/self/status]	VmPin:	       0 kB
20220313 032451.301 INFO             PET0 PIOc_sync Enter - MemInfo: [/proc/self/status]	VmHWM:	   63556 kB
20220313 032451.301 INFO             PET0 PIOc_sync Enter - MemInfo: [/proc/self/status]	VmRSS:	   27372 kB
20220313 032451.301 INFO             PET0 PIOc_sync Enter - MemInfo: [/proc/self/status]	VmData:	  195516 kB
20220313 032451.301 INFO             PET0 PIOc_sync Enter - MemInfo: [/proc/self/status]	VmStk:	     144 kB
20220313 032451.301 INFO             PET0 PIOc_sync Enter - MemInfo: [/proc/self/status]	VmExe:	     208 kB
20220313 032451.301 INFO             PET0 PIOc_sync Enter - MemInfo: [/proc/self/status]	VmLib:	   59176 kB
20220313 032451.301 INFO             PET0 PIOc_sync Enter - MemInfo: [/proc/self/status]	VmPTE:	     884 kB
20220313 032451.301 INFO             PET0 PIOc_sync Enter - MemInfo: [/proc/self/status]	VmSwap:	       0 kB
20220313 032451.301 INFO             PET0 PIOc_sync Enter - MemInfo: [/proc/self/status]	VmRSSPercent: 0.0139344 %
20220313 032451.301 INFO             PET0 PIOc_sync Enter - MemInfo: [malloc] Non-mmapped space allocated:                12316672 Byte
20220313 032451.301 INFO             PET0 PIOc_sync Enter - MemInfo: [malloc] Space allocated in mmapped regions:          1581056 Byte
20220313 032451.301 INFO             PET0 PIOc_sync Enter - MemInfo: [malloc] Maximum total allocated space:                     0 Byte
20220313 032451.301 INFO             PET0 PIOc_sync Enter - MemInfo: [malloc] Space in freed fastbin blocks:                  2816 Byte
20220313 032451.301 INFO             PET0 PIOc_sync Enter - MemInfo: [malloc] Total allocated space:                      11986768 Byte
20220313 032451.301 INFO             PET0 PIOc_sync Enter - MemInfo: [malloc] Total free space:                             329904 Byte
20220313 032451.301 INFO             PET0 PIOc_sync Enter - MemInfo: [malloc] Top-most, releasable space:                   118720 Byte
20220313 032451.301 INFO             PET0 PIOc_sync Enter - MemInfo: [malloc] Total space in use, mmap + non-mmap:        13567824 Byte
20220313 032451.301 INFO             PET0 PIOc_sync Enter - MemInfo: [malloc] Total space held (mmap + non-mmap):         13897728 Byte
20220313 032451.301 INFO             PET0 PIOc_sync Enter - MemInfo: [malloc] Total space used (mmap + non-mmap):         13577168 Byte
20220313 032451.301 INFO             PET0 PIOc_sync Enter - MemInfo: Wall-clock time since execution start:              0.0160336 seconds
20220313 032451.301 INFO             PET0 PIOc_sync Exit - MemInfo: [/proc/meminfo - SSI]	MemTotal:       196434604 kB
20220313 032451.301 INFO             PET0 PIOc_sync Exit - MemInfo: [/proc/meminfo - SSI]	MemFree:        186432744 kB
20220313 032451.301 INFO             PET0 PIOc_sync Exit - MemInfo: [/proc/meminfo - SSI]	MemAvailable:   191862988 kB
20220313 032451.301 INFO             PET0 PIOc_sync Exit - MemInfo: [/proc/meminfo - SSI]	Committed_AS:     480928 kB
20220313 032451.301 INFO             PET0 PIOc_sync Exit - MemInfo: [/proc/meminfo - SSI]	CommittedPercent: 0.244829 %
20220313 032451.301 INFO             PET0 PIOc_sync Exit - MemInfo: [/proc/self/status]	VmPeak:	  629352 kB
20220313 032451.301 INFO             PET0 PIOc_sync Exit - MemInfo: [/proc/self/status]	VmSize:	  629296 kB
20220313 032451.301 INFO             PET0 PIOc_sync Exit - MemInfo: [/proc/self/status]	VmLck:	       0 kB
20220313 032451.301 INFO             PET0 PIOc_sync Exit - MemInfo: [/proc/self/status]	VmPin:	       0 kB
20220313 032451.301 INFO             PET0 PIOc_sync Exit - MemInfo: [/proc/self/status]	VmHWM:	   63556 kB
20220313 032451.301 INFO             PET0 PIOc_sync Exit - MemInfo: [/proc/self/status]	VmRSS:	   27392 kB
20220313 032451.301 INFO             PET0 PIOc_sync Exit - MemInfo: [/proc/self/status]	VmData:	  195516 kB
20220313 032451.301 INFO             PET0 PIOc_sync Exit - MemInfo: [/proc/self/status]	VmStk:	     144 kB
20220313 032451.301 INFO             PET0 PIOc_sync Exit - MemInfo: [/proc/self/status]	VmExe:	     208 kB
20220313 032451.301 INFO             PET0 PIOc_sync Exit - MemInfo: [/proc/self/status]	VmLib:	   59176 kB
20220313 032451.301 INFO             PET0 PIOc_sync Exit - MemInfo: [/proc/self/status]	VmPTE:	     884 kB
20220313 032451.301 INFO             PET0 PIOc_sync Exit - MemInfo: [/proc/self/status]	VmSwap:	       0 kB
20220313 032451.301 INFO             PET0 PIOc_sync Exit - MemInfo: [/proc/self/status]	VmRSSPercent: 0.0139446 %
20220313 032451.301 INFO             PET0 PIOc_sync Exit - MemInfo: [malloc] Non-mmapped space allocated:                12316672 Byte
20220313 032451.301 INFO             PET0 PIOc_sync Exit - MemInfo: [malloc] Space allocated in mmapped regions:          1581056 Byte
20220313 032451.301 INFO             PET0 PIOc_sync Exit - MemInfo: [malloc] Maximum total allocated space:                     0 Byte
20220313 032451.301 INFO             PET0 PIOc_sync Exit - MemInfo: [malloc] Space in freed fastbin blocks:                  1232 Byte
20220313 032451.301 INFO             PET0 PIOc_sync Exit - MemInfo: [malloc] Total allocated space:                      11987152 Byte
20220313 032451.301 INFO             PET0 PIOc_sync Exit - MemInfo: [malloc] Total free space:                             329520 Byte
20220313 032451.301 INFO             PET0 PIOc_sync Exit - MemInfo: [malloc] Top-most, releasable space:                   118864 Byte
20220313 032451.301 INFO             PET0 PIOc_sync Exit - MemInfo: [malloc] Total space in use, mmap + non-mmap:        13568208 Byte
20220313 032451.301 INFO             PET0 PIOc_sync Exit - MemInfo: [malloc] Total space held (mmap + non-mmap):         13897728 Byte
20220313 032451.301 INFO             PET0 PIOc_sync Exit - MemInfo: [malloc] Total space used (mmap + non-mmap):         13577552 Byte
20220313 032451.301 INFO             PET0 PIOc_sync Exit - MemInfo: Wall-clock time since execution start:              0.0164774 seconds
20220313 032451.302 INFO             PET0 PIOc_freedecomp Enter - MemInfo: [/proc/meminfo - SSI]	MemTotal:       196434604 kB
20220313 032451.302 INFO             PET0 PIOc_freedecomp Enter - MemInfo: [/proc/meminfo - SSI]	MemFree:        186432744 kB
20220313 032451.302 INFO             PET0 PIOc_freedecomp Enter - MemInfo: [/proc/meminfo - SSI]	MemAvailable:   191862988 kB
20220313 032451.302 INFO             PET0 PIOc_freedecomp Enter - MemInfo: [/proc/meminfo - SSI]	Committed_AS:     480928 kB
20220313 032451.302 INFO             PET0 PIOc_freedecomp Enter - MemInfo: [/proc/meminfo - SSI]	CommittedPercent: 0.244829 %
20220313 032451.302 INFO             PET0 PIOc_freedecomp Enter - MemInfo: [/proc/self/status]	VmPeak:	  629352 kB
20220313 032451.302 INFO             PET0 PIOc_freedecomp Enter - MemInfo: [/proc/self/status]	VmSize:	  629296 kB
20220313 032451.302 INFO             PET0 PIOc_freedecomp Enter - MemInfo: [/proc/self/status]	VmLck:	       0 kB
20220313 032451.302 INFO             PET0 PIOc_freedecomp Enter - MemInfo: [/proc/self/status]	VmPin:	       0 kB
20220313 032451.302 INFO             PET0 PIOc_freedecomp Enter - MemInfo: [/proc/self/status]	VmHWM:	   63556 kB
20220313 032451.302 INFO             PET0 PIOc_freedecomp Enter - MemInfo: [/proc/self/status]	VmRSS:	   27392 kB
20220313 032451.302 INFO             PET0 PIOc_freedecomp Enter - MemInfo: [/proc/self/status]	VmData:	  195516 kB
20220313 032451.302 INFO             PET0 PIOc_freedecomp Enter - MemInfo: [/proc/self/status]	VmStk:	     144 kB
20220313 032451.302 INFO             PET0 PIOc_freedecomp Enter - MemInfo: [/proc/self/status]	VmExe:	     208 kB
20220313 032451.302 INFO             PET0 PIOc_freedecomp Enter - MemInfo: [/proc/self/status]	VmLib:	   59176 kB
20220313 032451.302 INFO             PET0 PIOc_freedecomp Enter - MemInfo: [/proc/self/status]	VmPTE:	     884 kB
20220313 032451.302 INFO             PET0 PIOc_freedecomp Enter - MemInfo: [/proc/self/status]	VmSwap:	       0 kB
20220313 032451.302 INFO             PET0 PIOc_freedecomp Enter - MemInfo: [/proc/self/status]	VmRSSPercent: 0.0139446 %
20220313 032451.302 INFO             PET0 PIOc_freedecomp Enter - MemInfo: [malloc] Non-mmapped space allocated:                12316672 Byte
20220313 032451.302 INFO             PET0 PIOc_freedecomp Enter - MemInfo: [malloc] Space allocated in mmapped regions:          1581056 Byte
20220313 032451.302 INFO             PET0 PIOc_freedecomp Enter - MemInfo: [malloc] Maximum total allocated space:                     0 Byte
20220313 032451.302 INFO             PET0 PIOc_freedecomp Enter - MemInfo: [malloc] Space in freed fastbin blocks:                   864 Byte
20220313 032451.302 INFO             PET0 PIOc_freedecomp Enter - MemInfo: [malloc] Total allocated space:                       3060608 Byte
20220313 032451.302 INFO             PET0 PIOc_freedecomp Enter - MemInfo: [malloc] Total free space:                            9256064 Byte
20220313 032451.302 INFO             PET0 PIOc_freedecomp Enter - MemInfo: [malloc] Top-most, releasable space:                   119392 Byte
20220313 032451.302 INFO             PET0 PIOc_freedecomp Enter - MemInfo: [malloc] Total space in use, mmap + non-mmap:         4641664 Byte
20220313 032451.302 INFO             PET0 PIOc_freedecomp Enter - MemInfo: [malloc] Total space held (mmap + non-mmap):         13897728 Byte
20220313 032451.302 INFO             PET0 PIOc_freedecomp Enter - MemInfo: [malloc] Total space used (mmap + non-mmap):          4651008 Byte
20220313 032451.302 INFO             PET0 PIOc_freedecomp Enter - MemInfo: Wall-clock time since execution start:              0.0170845 seconds
20220313 032451.302 INFO             PET0 PIOc_freedecomp Exit - MemInfo: [/proc/meminfo - SSI]	MemTotal:       196434604 kB
20220313 032451.302 INFO             PET0 PIOc_freedecomp Exit - MemInfo: [/proc/meminfo - SSI]	MemFree:        186432744 kB
20220313 032451.302 INFO             PET0 PIOc_freedecomp Exit - MemInfo: [/proc/meminfo - SSI]	MemAvailable:   191862988 kB
20220313 032451.302 INFO             PET0 PIOc_freedecomp Exit - MemInfo: [/proc/meminfo - SSI]	Committed_AS:     480928 kB
20220313 032451.302 INFO             PET0 PIOc_freedecomp Exit - MemInfo: [/proc/meminfo - SSI]	CommittedPercent: 0.244829 %
20220313 032451.302 INFO             PET0 PIOc_freedecomp Exit - MemInfo: [/proc/self/status]	VmPeak:	  629352 kB
20220313 032451.302 INFO             PET0 PIOc_freedecomp Exit - MemInfo: [/proc/self/status]	VmSize:	  629296 kB
20220313 032451.302 INFO             PET0 PIOc_freedecomp Exit - MemInfo: [/proc/self/status]	VmLck:	       0 kB
20220313 032451.302 INFO             PET0 PIOc_freedecomp Exit - MemInfo: [/proc/self/status]	VmPin:	       0 kB
20220313 032451.302 INFO             PET0 PIOc_freedecomp Exit - MemInfo: [/proc/self/status]	VmHWM:	   63556 kB
20220313 032451.302 INFO             PET0 PIOc_freedecomp Exit - MemInfo: [/proc/self/status]	VmRSS:	   27392 kB
20220313 032451.302 INFO             PET0 PIOc_freedecomp Exit - MemInfo: [/proc/self/status]	VmData:	  195516 kB
20220313 032451.302 INFO             PET0 PIOc_freedecomp Exit - MemInfo: [/proc/self/status]	VmStk:	     144 kB
20220313 032451.302 INFO             PET0 PIOc_freedecomp Exit - MemInfo: [/proc/self/status]	VmExe:	     208 kB
20220313 032451.302 INFO             PET0 PIOc_freedecomp Exit - MemInfo: [/proc/self/status]	VmLib:	   59176 kB
20220313 032451.302 INFO             PET0 PIOc_freedecomp Exit - MemInfo: [/proc/self/status]	VmPTE:	     884 kB
20220313 032451.302 INFO             PET0 PIOc_freedecomp Exit - MemInfo: [/proc/self/status]	VmSwap:	       0 kB
20220313 032451.302 INFO             PET0 PIOc_freedecomp Exit - MemInfo: [/proc/self/status]	VmRSSPercent: 0.0139446 %
20220313 032451.302 INFO             PET0 PIOc_freedecomp Exit - MemInfo: [malloc] Non-mmapped space allocated:                12316672 Byte
20220313 032451.302 INFO             PET0 PIOc_freedecomp Exit - MemInfo: [malloc] Space allocated in mmapped regions:          1581056 Byte
20220313 032451.302 INFO             PET0 PIOc_freedecomp Exit - MemInfo: [malloc] Maximum total allocated space:                     0 Byte
20220313 032451.302 INFO             PET0 PIOc_freedecomp Exit - MemInfo: [malloc] Space in freed fastbin blocks:                   736 Byte
20220313 032451.302 INFO             PET0 PIOc_freedecomp Exit - MemInfo: [malloc] Total allocated space:                       3056448 Byte
20220313 032451.302 INFO             PET0 PIOc_freedecomp Exit - MemInfo: [malloc] Total free space:                            9260224 Byte
20220313 032451.302 INFO             PET0 PIOc_freedecomp Exit - MemInfo: [malloc] Top-most, releasable space:                   126144 Byte
20220313 032451.302 INFO             PET0 PIOc_freedecomp Exit - MemInfo: [malloc] Total space in use, mmap + non-mmap:         4637504 Byte
20220313 032451.303 INFO             PET0 PIOc_freedecomp Exit - MemInfo: [malloc] Total space held (mmap + non-mmap):         13897728 Byte
20220313 032451.303 INFO             PET0 PIOc_freedecomp Exit - MemInfo: [malloc] Total space used (mmap + non-mmap):          4646848 Byte
20220313 032451.303 INFO             PET0 PIOc_freedecomp Exit - MemInfo: Wall-clock time since execution start:              0.0175244 seconds
20220313 032451.304 INFO             PET0 PIOc_sync Enter - MemInfo: [/proc/meminfo - SSI]	MemTotal:       196434604 kB
20220313 032451.304 INFO             PET0 PIOc_sync Enter - MemInfo: [/proc/meminfo - SSI]	MemFree:        186432744 kB
20220313 032451.304 INFO             PET0 PIOc_sync Enter - MemInfo: [/proc/meminfo - SSI]	MemAvailable:   191862988 kB
20220313 032451.304 INFO             PET0 PIOc_sync Enter - MemInfo: [/proc/meminfo - SSI]	Committed_AS:     480928 kB
20220313 032451.304 INFO             PET0 PIOc_sync Enter - MemInfo: [/proc/meminfo - SSI]	CommittedPercent: 0.244829 %
20220313 032451.304 INFO             PET0 PIOc_sync Enter - MemInfo: [/proc/self/status]	VmPeak:	  629352 kB
20220313 032451.304 INFO             PET0 PIOc_sync Enter - MemInfo: [/proc/self/status]	VmSize:	  629296 kB
20220313 032451.304 INFO             PET0 PIOc_sync Enter - MemInfo: [/proc/self/status]	VmLck:	       0 kB
20220313 032451.304 INFO             PET0 PIOc_sync Enter - MemInfo: [/proc/self/status]	VmPin:	       0 kB
20220313 032451.304 INFO             PET0 PIOc_sync Enter - MemInfo: [/proc/self/status]	VmHWM:	   63556 kB
20220313 032451.304 INFO             PET0 PIOc_sync Enter - MemInfo: [/proc/self/status]	VmRSS:	   27720 kB
20220313 032451.304 INFO             PET0 PIOc_sync Enter - MemInfo: [/proc/self/status]	VmData:	  195516 kB
20220313 032451.304 INFO             PET0 PIOc_sync Enter - MemInfo: [/proc/self/status]	VmStk:	     144 kB
20220313 032451.304 INFO             PET0 PIOc_sync Enter - MemInfo: [/proc/self/status]	VmExe:	     208 kB
20220313 032451.304 INFO             PET0 PIOc_sync Enter - MemInfo: [/proc/self/status]	VmLib:	   59176 kB
20220313 032451.304 INFO             PET0 PIOc_sync Enter - MemInfo: [/proc/self/status]	VmPTE:	     884 kB
20220313 032451.304 INFO             PET0 PIOc_sync Enter - MemInfo: [/proc/self/status]	VmSwap:	       0 kB
20220313 032451.304 INFO             PET0 PIOc_sync Enter - MemInfo: [/proc/self/status]	VmRSSPercent: 0.0141116 %
20220313 032451.304 INFO             PET0 PIOc_sync Enter - MemInfo: [malloc] Non-mmapped space allocated:                12316672 Byte
20220313 032451.304 INFO             PET0 PIOc_sync Enter - MemInfo: [malloc] Space allocated in mmapped regions:          1581056 Byte
20220313 032451.304 INFO             PET0 PIOc_sync Enter - MemInfo: [malloc] Maximum total allocated space:                     0 Byte
20220313 032451.304 INFO             PET0 PIOc_sync Enter - MemInfo: [malloc] Space in freed fastbin blocks:                  2896 Byte
20220313 032451.304 INFO             PET0 PIOc_sync Enter - MemInfo: [malloc] Total allocated space:                      11987168 Byte
20220313 032451.304 INFO             PET0 PIOc_sync Enter - MemInfo: [malloc] Total free space:                             329504 Byte
20220313 032451.304 INFO             PET0 PIOc_sync Enter - MemInfo: [malloc] Top-most, releasable space:                   118224 Byte
20220313 032451.304 INFO             PET0 PIOc_sync Enter - MemInfo: [malloc] Total space in use, mmap + non-mmap:        13568224 Byte
20220313 032451.304 INFO             PET0 PIOc_sync Enter - MemInfo: [malloc] Total space held (mmap + non-mmap):         13897728 Byte
20220313 032451.304 INFO             PET0 PIOc_sync Enter - MemInfo: [malloc] Total space used (mmap + non-mmap):         13577568 Byte
20220313 032451.304 INFO             PET0 PIOc_sync Enter - MemInfo: Wall-clock time since execution start:              0.0191391 seconds
20220313 032451.304 INFO             PET0 PIOc_sync Exit - MemInfo: [/proc/meminfo - SSI]	MemTotal:       196434604 kB
20220313 032451.304 INFO             PET0 PIOc_sync Exit - MemInfo: [/proc/meminfo - SSI]	MemFree:        186432744 kB
20220313 032451.304 INFO             PET0 PIOc_sync Exit - MemInfo: [/proc/meminfo - SSI]	MemAvailable:   191862988 kB
20220313 032451.304 INFO             PET0 PIOc_sync Exit - MemInfo: [/proc/meminfo - SSI]	Committed_AS:     480928 kB
20220313 032451.304 INFO             PET0 PIOc_sync Exit - MemInfo: [/proc/meminfo - SSI]	CommittedPercent: 0.244829 %
20220313 032451.304 INFO             PET0 PIOc_sync Exit - MemInfo: [/proc/self/status]	VmPeak:	  629352 kB
20220313 032451.304 INFO             PET0 PIOc_sync Exit - MemInfo: [/proc/self/status]	VmSize:	  629296 kB
20220313 032451.304 INFO             PET0 PIOc_sync Exit - MemInfo: [/proc/self/status]	VmLck:	       0 kB
20220313 032451.304 INFO             PET0 PIOc_sync Exit - MemInfo: [/proc/self/status]	VmPin:	       0 kB
20220313 032451.304 INFO             PET0 PIOc_sync Exit - MemInfo: [/proc/self/status]	VmHWM:	   63556 kB
20220313 032451.304 INFO             PET0 PIOc_sync Exit - MemInfo: [/proc/self/status]	VmRSS:	   27724 kB
20220313 032451.304 INFO             PET0 PIOc_sync Exit - MemInfo: [/proc/self/status]	VmData:	  195516 kB
20220313 032451.304 INFO             PET0 PIOc_sync Exit - MemInfo: [/proc/self/status]	VmStk:	     144 kB
20220313 032451.304 INFO             PET0 PIOc_sync Exit - MemInfo: [/proc/self/status]	VmExe:	     208 kB
20220313 032451.305 INFO             PET0 PIOc_sync Exit - MemInfo: [/proc/self/status]	VmLib:	   59176 kB
20220313 032451.305 INFO             PET0 PIOc_sync Exit - MemInfo: [/proc/self/status]	VmPTE:	     884 kB
20220313 032451.305 INFO             PET0 PIOc_sync Exit - MemInfo: [/proc/self/status]	VmSwap:	       0 kB
20220313 032451.305 INFO             PET0 PIOc_sync Exit - MemInfo: [/proc/self/status]	VmRSSPercent: 0.0141136 %
20220313 032451.305 INFO             PET0 PIOc_sync Exit - MemInfo: [malloc] Non-mmapped space allocated:                12316672 Byte
20220313 032451.305 INFO             PET0 PIOc_sync Exit - MemInfo: [malloc] Space allocated in mmapped regions:          1581056 Byte
20220313 032451.305 INFO             PET0 PIOc_sync Exit - MemInfo: [malloc] Maximum total allocated space:                     0 Byte
20220313 032451.305 INFO             PET0 PIOc_sync Exit - MemInfo: [malloc] Space in freed fastbin blocks:                  1216 Byte
20220313 032451.305 INFO             PET0 PIOc_sync Exit - MemInfo: [malloc] Total allocated space:                      11987552 Byte
20220313 032451.305 INFO             PET0 PIOc_sync Exit - MemInfo: [malloc] Total free space:                             329120 Byte
20220313 032451.305 INFO             PET0 PIOc_sync Exit - MemInfo: [malloc] Top-most, releasable space:                   118432 Byte
20220313 032451.305 INFO             PET0 PIOc_sync Exit - MemInfo: [malloc] Total space in use, mmap + non-mmap:        13568608 Byte
20220313 032451.305 INFO             PET0 PIOc_sync Exit - MemInfo: [malloc] Total space held (mmap + non-mmap):         13897728 Byte
20220313 032451.305 INFO             PET0 PIOc_sync Exit - MemInfo: [malloc] Total space used (mmap + non-mmap):         13577952 Byte
20220313 032451.305 INFO             PET0 PIOc_sync Exit - MemInfo: Wall-clock time since execution start:              0.0196056 seconds
20220313 032451.305 INFO             PET0 PIOc_freedecomp Enter - MemInfo: [/proc/meminfo - SSI]	MemTotal:       196434604 kB
20220313 032451.305 INFO             PET0 PIOc_freedecomp Enter - MemInfo: [/proc/meminfo - SSI]	MemFree:        186432744 kB
20220313 032451.305 INFO             PET0 PIOc_freedecomp Enter - MemInfo: [/proc/meminfo - SSI]	MemAvailable:   191862988 kB
20220313 032451.305 INFO             PET0 PIOc_freedecomp Enter - MemInfo: [/proc/meminfo - SSI]	Committed_AS:     480928 kB
20220313 032451.305 INFO             PET0 PIOc_freedecomp Enter - MemInfo: [/proc/meminfo - SSI]	CommittedPercent: 0.244829 %
20220313 032451.305 INFO             PET0 PIOc_freedecomp Enter - MemInfo: [/proc/self/status]	VmPeak:	  629352 kB
20220313 032451.305 INFO             PET0 PIOc_freedecomp Enter - MemInfo: [/proc/self/status]	VmSize:	  629296 kB
20220313 032451.305 INFO             PET0 PIOc_freedecomp Enter - MemInfo: [/proc/self/status]	VmLck:	       0 kB
20220313 032451.305 INFO             PET0 PIOc_freedecomp Enter - MemInfo: [/proc/self/status]	VmPin:	       0 kB
20220313 032451.305 INFO             PET0 PIOc_freedecomp Enter - MemInfo: [/proc/self/status]	VmHWM:	   63556 kB
20220313 032451.305 INFO             PET0 PIOc_freedecomp Enter - MemInfo: [/proc/self/status]	VmRSS:	   27724 kB
20220313 032451.305 INFO             PET0 PIOc_freedecomp Enter - MemInfo: [/proc/self/status]	VmData:	  195516 kB
20220313 032451.305 INFO             PET0 PIOc_freedecomp Enter - MemInfo: [/proc/self/status]	VmStk:	     144 kB
20220313 032451.305 INFO             PET0 PIOc_freedecomp Enter - MemInfo: [/proc/self/status]	VmExe:	     208 kB
20220313 032451.305 INFO             PET0 PIOc_freedecomp Enter - MemInfo: [/proc/self/status]	VmLib:	   59176 kB
20220313 032451.305 INFO             PET0 PIOc_freedecomp Enter - MemInfo: [/proc/self/status]	VmPTE:	     884 kB
20220313 032451.305 INFO             PET0 PIOc_freedecomp Enter - MemInfo: [/proc/self/status]	VmSwap:	       0 kB
20220313 032451.305 INFO             PET0 PIOc_freedecomp Enter - MemInfo: [/proc/self/status]	VmRSSPercent: 0.0141136 %
20220313 032451.305 INFO             PET0 PIOc_freedecomp Enter - MemInfo: [malloc] Non-mmapped space allocated:                12316672 Byte
20220313 032451.305 INFO             PET0 PIOc_freedecomp Enter - MemInfo: [malloc] Space allocated in mmapped regions:          1581056 Byte
20220313 032451.305 INFO             PET0 PIOc_freedecomp Enter - MemInfo: [malloc] Maximum total allocated space:                     0 Byte
20220313 032451.305 INFO             PET0 PIOc_freedecomp Enter - MemInfo: [malloc] Space in freed fastbin blocks:                  1104 Byte
20220313 032451.305 INFO             PET0 PIOc_freedecomp Enter - MemInfo: [malloc] Total allocated space:                       3060608 Byte
20220313 032451.305 INFO             PET0 PIOc_freedecomp Enter - MemInfo: [malloc] Total free space:                            9256064 Byte
20220313 032451.305 INFO             PET0 PIOc_freedecomp Enter - MemInfo: [malloc] Top-most, releasable space:                   119840 Byte
20220313 032451.305 INFO             PET0 PIOc_freedecomp Enter - MemInfo: [malloc] Total space in use, mmap + non-mmap:         4641664 Byte
20220313 032451.305 INFO             PET0 PIOc_freedecomp Enter - MemInfo: [malloc] Total space held (mmap + non-mmap):         13897728 Byte
20220313 032451.305 INFO             PET0 PIOc_freedecomp Enter - MemInfo: [malloc] Total space used (mmap + non-mmap):          4651008 Byte
20220313 032451.305 INFO             PET0 PIOc_freedecomp Enter - MemInfo: Wall-clock time since execution start:              0.0202328 seconds
20220313 032451.305 INFO             PET0 PIOc_freedecomp Exit - MemInfo: [/proc/meminfo - SSI]	MemTotal:       196434604 kB
20220313 032451.305 INFO             PET0 PIOc_freedecomp Exit - MemInfo: [/proc/meminfo - SSI]	MemFree:        186432744 kB
20220313 032451.305 INFO             PET0 PIOc_freedecomp Exit - MemInfo: [/proc/meminfo - SSI]	MemAvailable:   191862988 kB
20220313 032451.305 INFO             PET0 PIOc_freedecomp Exit - MemInfo: [/proc/meminfo - SSI]	Committed_AS:     480928 kB
20220313 032451.305 INFO             PET0 PIOc_freedecomp Exit - MemInfo: [/proc/meminfo - SSI]	CommittedPercent: 0.244829 %
20220313 032451.305 INFO             PET0 PIOc_freedecomp Exit - MemInfo: [/proc/self/status]	VmPeak:	  629352 kB
20220313 032451.306 INFO             PET0 PIOc_freedecomp Exit - MemInfo: [/proc/self/status]	VmSize:	  629296 kB
20220313 032451.306 INFO             PET0 PIOc_freedecomp Exit - MemInfo: [/proc/self/status]	VmLck:	       0 kB
20220313 032451.306 INFO             PET0 PIOc_freedecomp Exit - MemInfo: [/proc/self/status]	VmPin:	       0 kB
20220313 032451.306 INFO             PET0 PIOc_freedecomp Exit - MemInfo: [/proc/self/status]	VmHWM:	   63556 kB
20220313 032451.306 INFO             PET0 PIOc_freedecomp Exit - MemInfo: [/proc/self/status]	VmRSS:	   27724 kB
20220313 032451.306 INFO             PET0 PIOc_freedecomp Exit - MemInfo: [/proc/self/status]	VmData:	  195516 kB
20220313 032451.306 INFO             PET0 PIOc_freedecomp Exit - MemInfo: [/proc/self/status]	VmStk:	     144 kB
20220313 032451.306 INFO             PET0 PIOc_freedecomp Exit - MemInfo: [/proc/self/status]	VmExe:	     208 kB
20220313 032451.306 INFO             PET0 PIOc_freedecomp Exit - MemInfo: [/proc/self/status]	VmLib:	   59176 kB
20220313 032451.306 INFO             PET0 PIOc_freedecomp Exit - MemInfo: [/proc/self/status]	VmPTE:	     884 kB
20220313 032451.306 INFO             PET0 PIOc_freedecomp Exit - MemInfo: [/proc/self/status]	VmSwap:	       0 kB
20220313 032451.306 INFO             PET0 PIOc_freedecomp Exit - MemInfo: [/proc/self/status]	VmRSSPercent: 0.0141136 %
20220313 032451.306 INFO             PET0 PIOc_freedecomp Exit - MemInfo: [malloc] Non-mmapped space allocated:                12316672 Byte
20220313 032451.306 INFO             PET0 PIOc_freedecomp Exit - MemInfo: [malloc] Space allocated in mmapped regions:          1581056 Byte
20220313 032451.306 INFO             PET0 PIOc_freedecomp Exit - MemInfo: [malloc] Maximum total allocated space:                     0 Byte
20220313 032451.306 INFO             PET0 PIOc_freedecomp Exit - MemInfo: [malloc] Space in freed fastbin blocks:                   736 Byte
20220313 032451.306 INFO             PET0 PIOc_freedecomp Exit - MemInfo: [malloc] Total allocated space:                       3056448 Byte
20220313 032451.306 INFO             PET0 PIOc_freedecomp Exit - MemInfo: [malloc] Total free space:                            9260224 Byte
20220313 032451.306 INFO             PET0 PIOc_freedecomp Exit - MemInfo: [malloc] Top-most, releasable space:                  9046160 Byte
20220313 032451.306 INFO             PET0 PIOc_freedecomp Exit - MemInfo: [malloc] Total space in use, mmap + non-mmap:         4637504 Byte
20220313 032451.306 INFO             PET0 PIOc_freedecomp Exit - MemInfo: [malloc] Total space held (mmap + non-mmap):         13897728 Byte
20220313 032451.306 INFO             PET0 PIOc_freedecomp Exit - MemInfo: [malloc] Total space used (mmap + non-mmap):          4646848 Byte
20220313 032451.306 INFO             PET0 PIOc_freedecomp Exit - MemInfo: Wall-clock time since execution start:              0.0206729 seconds
20220313 032451.306 INFO             PET0 PASS Create an ESMC_RouteHandle via ESMC_FieldRegridStore(), ESMC_FieldRegridUTest.C, line 367
20220313 032451.306 INFO             PET0 PASS Execute ESMC_FieldRegrid(), ESMC_FieldRegridUTest.C, line 375
20220313 032451.308 INFO             PET0 PIOc_sync Enter - MemInfo: [/proc/meminfo - SSI]	MemTotal:       196434604 kB
20220313 032451.308 INFO             PET0 PIOc_sync Enter - MemInfo: [/proc/meminfo - SSI]	MemFree:        186429208 kB
20220313 032451.308 INFO             PET0 PIOc_sync Enter - MemInfo: [/proc/meminfo - SSI]	MemAvailable:   191859452 kB
20220313 032451.308 INFO             PET0 PIOc_sync Enter - MemInfo: [/proc/meminfo - SSI]	Committed_AS:     480928 kB
20220313 032451.308 INFO             PET0 PIOc_sync Enter - MemInfo: [/proc/meminfo - SSI]	CommittedPercent: 0.244829 %
20220313 032451.308 INFO             PET0 PIOc_sync Enter - MemInfo: [/proc/self/status]	VmPeak:	  629352 kB
20220313 032451.308 INFO             PET0 PIOc_sync Enter - MemInfo: [/proc/self/status]	VmSize:	  629296 kB
20220313 032451.308 INFO             PET0 PIOc_sync Enter - MemInfo: [/proc/self/status]	VmLck:	       0 kB
20220313 032451.308 INFO             PET0 PIOc_sync Enter - MemInfo: [/proc/self/status]	VmPin:	       0 kB
20220313 032451.308 INFO             PET0 PIOc_sync Enter - MemInfo: [/proc/self/status]	VmHWM:	   63556 kB
20220313 032451.308 INFO             PET0 PIOc_sync Enter - MemInfo: [/proc/self/status]	VmRSS:	   31524 kB
20220313 032451.308 INFO             PET0 PIOc_sync Enter - MemInfo: [/proc/self/status]	VmData:	  195516 kB
20220313 032451.308 INFO             PET0 PIOc_sync Enter - MemInfo: [/proc/self/status]	VmStk:	     144 kB
20220313 032451.308 INFO             PET0 PIOc_sync Enter - MemInfo: [/proc/self/status]	VmExe:	     208 kB
20220313 032451.308 INFO             PET0 PIOc_sync Enter - MemInfo: [/proc/self/status]	VmLib:	   59176 kB
20220313 032451.308 INFO             PET0 PIOc_sync Enter - MemInfo: [/proc/self/status]	VmPTE:	     888 kB
20220313 032451.308 INFO             PET0 PIOc_sync Enter - MemInfo: [/proc/self/status]	VmSwap:	       0 kB
20220313 032451.308 INFO             PET0 PIOc_sync Enter - MemInfo: [/proc/self/status]	VmRSSPercent: 0.0160481 %
20220313 032451.308 INFO             PET0 PIOc_sync Enter - MemInfo: [malloc] Non-mmapped space allocated:                12316672 Byte
20220313 032451.309 INFO             PET0 PIOc_sync Enter - MemInfo: [malloc] Space allocated in mmapped regions:          1581056 Byte
20220313 032451.309 INFO             PET0 PIOc_sync Enter - MemInfo: [malloc] Maximum total allocated space:                     0 Byte
20220313 032451.309 INFO             PET0 PIOc_sync Enter - MemInfo: [malloc] Space in freed fastbin blocks:                   912 Byte
20220313 032451.309 INFO             PET0 PIOc_sync Enter - MemInfo: [malloc] Total allocated space:                      11992624 Byte
20220313 032451.309 INFO             PET0 PIOc_sync Enter - MemInfo: [malloc] Total free space:                             324048 Byte
20220313 032451.309 INFO             PET0 PIOc_sync Enter - MemInfo: [malloc] Top-most, releasable space:                   114848 Byte
20220313 032451.309 INFO             PET0 PIOc_sync Enter - MemInfo: [malloc] Total space in use, mmap + non-mmap:        13573680 Byte
20220313 032451.309 INFO             PET0 PIOc_sync Enter - MemInfo: [malloc] Total space held (mmap + non-mmap):         13897728 Byte
20220313 032451.309 INFO             PET0 PIOc_sync Enter - MemInfo: [malloc] Total space used (mmap + non-mmap):         13583024 Byte
20220313 032451.309 INFO             PET0 PIOc_sync Enter - MemInfo: Wall-clock time since execution start:              0.0235937 seconds
20220313 032451.309 INFO             PET0 PIOc_sync Exit - MemInfo: [/proc/meminfo - SSI]	MemTotal:       196434604 kB
20220313 032451.309 INFO             PET0 PIOc_sync Exit - MemInfo: [/proc/meminfo - SSI]	MemFree:        186429208 kB
20220313 032451.309 INFO             PET0 PIOc_sync Exit - MemInfo: [/proc/meminfo - SSI]	MemAvailable:   191859452 kB
20220313 032451.309 INFO             PET0 PIOc_sync Exit - MemInfo: [/proc/meminfo - SSI]	Committed_AS:     480928 kB
20220313 032451.309 INFO             PET0 PIOc_sync Exit - MemInfo: [/proc/meminfo - SSI]	CommittedPercent: 0.244829 %
20220313 032451.309 INFO             PET0 PIOc_sync Exit - MemInfo: [/proc/self/status]	VmPeak:	  629352 kB
20220313 032451.309 INFO             PET0 PIOc_sync Exit - MemInfo: [/proc/self/status]	VmSize:	  629296 kB
20220313 032451.309 INFO             PET0 PIOc_sync Exit - MemInfo: [/proc/self/status]	VmLck:	       0 kB
20220313 032451.309 INFO             PET0 PIOc_sync Exit - MemInfo: [/proc/self/status]	VmPin:	       0 kB
20220313 032451.309 INFO             PET0 PIOc_sync Exit - MemInfo: [/proc/self/status]	VmHWM:	   63556 kB
20220313 032451.309 INFO             PET0 PIOc_sync Exit - MemInfo: [/proc/self/status]	VmRSS:	   31532 kB
20220313 032451.309 INFO             PET0 PIOc_sync Exit - MemInfo: [/proc/self/status]	VmData:	  195516 kB
20220313 032451.309 INFO             PET0 PIOc_sync Exit - MemInfo: [/proc/self/status]	VmStk:	     144 kB
20220313 032451.309 INFO             PET0 PIOc_sync Exit - MemInfo: [/proc/self/status]	VmExe:	     208 kB
20220313 032451.309 INFO             PET0 PIOc_sync Exit - MemInfo: [/proc/self/status]	VmLib:	   59176 kB
20220313 032451.309 INFO             PET0 PIOc_sync Exit - MemInfo: [/proc/self/status]	VmPTE:	     888 kB
20220313 032451.309 INFO             PET0 PIOc_sync Exit - MemInfo: [/proc/self/status]	VmSwap:	       0 kB
20220313 032451.309 INFO             PET0 PIOc_sync Exit - MemInfo: [/proc/self/status]	VmRSSPercent: 0.0160522 %
20220313 032451.309 INFO             PET0 PIOc_sync Exit - MemInfo: [malloc] Non-mmapped space allocated:                12316672 Byte
20220313 032451.309 INFO             PET0 PIOc_sync Exit - MemInfo: [malloc] Space allocated in mmapped regions:          1581056 Byte
20220313 032451.309 INFO             PET0 PIOc_sync Exit - MemInfo: [malloc] Maximum total allocated space:                     0 Byte
20220313 032451.309 INFO             PET0 PIOc_sync Exit - MemInfo: [malloc] Space in freed fastbin blocks:                   736 Byte
20220313 032451.309 INFO             PET0 PIOc_sync Exit - MemInfo: [malloc] Total allocated space:                      11993232 Byte
20220313 032451.309 INFO             PET0 PIOc_sync Exit - MemInfo: [malloc] Total free space:                             323440 Byte
20220313 032451.309 INFO             PET0 PIOc_sync Exit - MemInfo: [malloc] Top-most, releasable space:                   114208 Byte
20220313 032451.309 INFO             PET0 PIOc_sync Exit - MemInfo: [malloc] Total space in use, mmap + non-mmap:        13574288 Byte
20220313 032451.309 INFO             PET0 PIOc_sync Exit - MemInfo: [malloc] Total space held (mmap + non-mmap):         13897728 Byte
20220313 032451.309 INFO             PET0 PIOc_sync Exit - MemInfo: [malloc] Total space used (mmap + non-mmap):         13583632 Byte
20220313 032451.309 INFO             PET0 PIOc_sync Exit - MemInfo: Wall-clock time since execution start:              0.0240681 seconds
20220313 032451.309 INFO             PET0 PIOc_freedecomp Enter - MemInfo: [/proc/meminfo - SSI]	MemTotal:       196434604 kB
20220313 032451.309 INFO             PET0 PIOc_freedecomp Enter - MemInfo: [/proc/meminfo - SSI]	MemFree:        186429208 kB
20220313 032451.309 INFO             PET0 PIOc_freedecomp Enter - MemInfo: [/proc/meminfo - SSI]	MemAvailable:   191859452 kB
20220313 032451.309 INFO             PET0 PIOc_freedecomp Enter - MemInfo: [/proc/meminfo - SSI]	Committed_AS:     480928 kB
20220313 032451.309 INFO             PET0 PIOc_freedecomp Enter - MemInfo: [/proc/meminfo - SSI]	CommittedPercent: 0.244829 %
20220313 032451.309 INFO             PET0 PIOc_freedecomp Enter - MemInfo: [/proc/self/status]	VmPeak:	  629352 kB
20220313 032451.309 INFO             PET0 PIOc_freedecomp Enter - MemInfo: [/proc/self/status]	VmSize:	  629296 kB
20220313 032451.309 INFO             PET0 PIOc_freedecomp Enter - MemInfo: [/proc/self/status]	VmLck:	       0 kB
20220313 032451.309 INFO             PET0 PIOc_freedecomp Enter - MemInfo: [/proc/self/status]	VmPin:	       0 kB
20220313 032451.309 INFO             PET0 PIOc_freedecomp Enter - MemInfo: [/proc/self/status]	VmHWM:	   63556 kB
20220313 032451.310 INFO             PET0 PIOc_freedecomp Enter - MemInfo: [/proc/self/status]	VmRSS:	   31532 kB
20220313 032451.310 INFO             PET0 PIOc_freedecomp Enter - MemInfo: [/proc/self/status]	VmData:	  195516 kB
20220313 032451.310 INFO             PET0 PIOc_freedecomp Enter - MemInfo: [/proc/self/status]	VmStk:	     144 kB
20220313 032451.310 INFO             PET0 PIOc_freedecomp Enter - MemInfo: [/proc/self/status]	VmExe:	     208 kB
20220313 032451.310 INFO             PET0 PIOc_freedecomp Enter - MemInfo: [/proc/self/status]	VmLib:	   59176 kB
20220313 032451.310 INFO             PET0 PIOc_freedecomp Enter - MemInfo: [/proc/self/status]	VmPTE:	     888 kB
20220313 032451.310 INFO             PET0 PIOc_freedecomp Enter - MemInfo: [/proc/self/status]	VmSwap:	       0 kB
20220313 032451.310 INFO             PET0 PIOc_freedecomp Enter - MemInfo: [/proc/self/status]	VmRSSPercent: 0.0160522 %
20220313 032451.310 INFO             PET0 PIOc_freedecomp Enter - MemInfo: [malloc] Non-mmapped space allocated:                12316672 Byte
20220313 032451.310 INFO             PET0 PIOc_freedecomp Enter - MemInfo: [malloc] Space allocated in mmapped regions:          1581056 Byte
20220313 032451.310 INFO             PET0 PIOc_freedecomp Enter - MemInfo: [malloc] Maximum total allocated space:                     0 Byte
20220313 032451.310 INFO             PET0 PIOc_freedecomp Enter - MemInfo: [malloc] Space in freed fastbin blocks:                   960 Byte
20220313 032451.310 INFO             PET0 PIOc_freedecomp Enter - MemInfo: [malloc] Total allocated space:                       3066976 Byte
20220313 032451.310 INFO             PET0 PIOc_freedecomp Enter - MemInfo: [malloc] Total free space:                            9249696 Byte
20220313 032451.310 INFO             PET0 PIOc_freedecomp Enter - MemInfo: [malloc] Top-most, releasable space:                   114368 Byte
20220313 032451.310 INFO             PET0 PIOc_freedecomp Enter - MemInfo: [malloc] Total space in use, mmap + non-mmap:         4648032 Byte
20220313 032451.310 INFO             PET0 PIOc_freedecomp Enter - MemInfo: [malloc] Total space held (mmap + non-mmap):         13897728 Byte
20220313 032451.310 INFO             PET0 PIOc_freedecomp Enter - MemInfo: [malloc] Total space used (mmap + non-mmap):          4657376 Byte
20220313 032451.310 INFO             PET0 PIOc_freedecomp Enter - MemInfo: Wall-clock time since execution start:              0.0246279 seconds
20220313 032451.310 INFO             PET0 PIOc_freedecomp Exit - MemInfo: [/proc/meminfo - SSI]	MemTotal:       196434604 kB
20220313 032451.310 INFO             PET0 PIOc_freedecomp Exit - MemInfo: [/proc/meminfo - SSI]	MemFree:        186429208 kB
20220313 032451.310 INFO             PET0 PIOc_freedecomp Exit - MemInfo: [/proc/meminfo - SSI]	MemAvailable:   191859452 kB
20220313 032451.310 INFO             PET0 PIOc_freedecomp Exit - MemInfo: [/proc/meminfo - SSI]	Committed_AS:     480928 kB
20220313 032451.310 INFO             PET0 PIOc_freedecomp Exit - MemInfo: [/proc/meminfo - SSI]	CommittedPercent: 0.244829 %
20220313 032451.310 INFO             PET0 PIOc_freedecomp Exit - MemInfo: [/proc/self/status]	VmPeak:	  629352 kB
20220313 032451.310 INFO             PET0 PIOc_freedecomp Exit - MemInfo: [/proc/self/status]	VmSize:	  629296 kB
20220313 032451.310 INFO             PET0 PIOc_freedecomp Exit - MemInfo: [/proc/self/status]	VmLck:	       0 kB
20220313 032451.310 INFO             PET0 PIOc_freedecomp Exit - MemInfo: [/proc/self/status]	VmPin:	       0 kB
20220313 032451.310 INFO             PET0 PIOc_freedecomp Exit - MemInfo: [/proc/self/status]	VmHWM:	   63556 kB
20220313 032451.310 INFO             PET0 PIOc_freedecomp Exit - MemInfo: [/proc/self/status]	VmRSS:	   31532 kB
20220313 032451.310 INFO             PET0 PIOc_freedecomp Exit - MemInfo: [/proc/self/status]	VmData:	  195516 kB
20220313 032451.310 INFO             PET0 PIOc_freedecomp Exit - MemInfo: [/proc/self/status]	VmStk:	     144 kB
20220313 032451.310 INFO             PET0 PIOc_freedecomp Exit - MemInfo: [/proc/self/status]	VmExe:	     208 kB
20220313 032451.310 INFO             PET0 PIOc_freedecomp Exit - MemInfo: [/proc/self/status]	VmLib:	   59176 kB
20220313 032451.310 INFO             PET0 PIOc_freedecomp Exit - MemInfo: [/proc/self/status]	VmPTE:	     888 kB
20220313 032451.310 INFO             PET0 PIOc_freedecomp Exit - MemInfo: [/proc/self/status]	VmSwap:	       0 kB
20220313 032451.310 INFO             PET0 PIOc_freedecomp Exit - MemInfo: [/proc/self/status]	VmRSSPercent: 0.0160522 %
20220313 032451.310 INFO             PET0 PIOc_freedecomp Exit - MemInfo: [malloc] Non-mmapped space allocated:                12316672 Byte
20220313 032451.310 INFO             PET0 PIOc_freedecomp Exit - MemInfo: [malloc] Space allocated in mmapped regions:          1581056 Byte
20220313 032451.310 INFO             PET0 PIOc_freedecomp Exit - MemInfo: [malloc] Maximum total allocated space:                     0 Byte
20220313 032451.310 INFO             PET0 PIOc_freedecomp Exit - MemInfo: [malloc] Space in freed fastbin blocks:                  2064 Byte
20220313 032451.310 INFO             PET0 PIOc_freedecomp Exit - MemInfo: [malloc] Total allocated space:                       3064320 Byte
20220313 032451.310 INFO             PET0 PIOc_freedecomp Exit - MemInfo: [malloc] Total free space:                            9252352 Byte
20220313 032451.310 INFO             PET0 PIOc_freedecomp Exit - MemInfo: [malloc] Top-most, releasable space:                   114368 Byte
20220313 032451.310 INFO             PET0 PIOc_freedecomp Exit - MemInfo: [malloc] Total space in use, mmap + non-mmap:         4645376 Byte
20220313 032451.310 INFO             PET0 PIOc_freedecomp Exit - MemInfo: [malloc] Total space held (mmap + non-mmap):         13897728 Byte
20220313 032451.310 INFO             PET0 PIOc_freedecomp Exit - MemInfo: [malloc] Total space used (mmap + non-mmap):          4654720 Byte
20220313 032451.310 INFO             PET0 PIOc_freedecomp Exit - MemInfo: Wall-clock time since execution start:              0.0250792 seconds
20220313 032451.311 INFO             PET0 PIOc_sync Enter - MemInfo: [/proc/meminfo - SSI]	MemTotal:       196434604 kB
20220313 032451.311 INFO             PET0 PIOc_sync Enter - MemInfo: [/proc/meminfo - SSI]	MemFree:        186428696 kB
20220313 032451.311 INFO             PET0 PIOc_sync Enter - MemInfo: [/proc/meminfo - SSI]	MemAvailable:   191858940 kB
20220313 032451.311 INFO             PET0 PIOc_sync Enter - MemInfo: [/proc/meminfo - SSI]	Committed_AS:     480928 kB
20220313 032451.311 INFO             PET0 PIOc_sync Enter - MemInfo: [/proc/meminfo - SSI]	CommittedPercent: 0.244829 %
20220313 032451.311 INFO             PET0 PIOc_sync Enter - MemInfo: [/proc/self/status]	VmPeak:	  629352 kB
20220313 032451.311 INFO             PET0 PIOc_sync Enter - MemInfo: [/proc/self/status]	VmSize:	  629296 kB
20220313 032451.311 INFO             PET0 PIOc_sync Enter - MemInfo: [/proc/self/status]	VmLck:	       0 kB
20220313 032451.311 INFO             PET0 PIOc_sync Enter - MemInfo: [/proc/self/status]	VmPin:	       0 kB
20220313 032451.311 INFO             PET0 PIOc_sync Enter - MemInfo: [/proc/self/status]	VmHWM:	   63556 kB
20220313 032451.311 INFO             PET0 PIOc_sync Enter - MemInfo: [/proc/self/status]	VmRSS:	   31532 kB
20220313 032451.311 INFO             PET0 PIOc_sync Enter - MemInfo: [/proc/self/status]	VmData:	  195516 kB
20220313 032451.311 INFO             PET0 PIOc_sync Enter - MemInfo: [/proc/self/status]	VmStk:	     144 kB
20220313 032451.311 INFO             PET0 PIOc_sync Enter - MemInfo: [/proc/self/status]	VmExe:	     208 kB
20220313 032451.311 INFO             PET0 PIOc_sync Enter - MemInfo: [/proc/self/status]	VmLib:	   59176 kB
20220313 032451.311 INFO             PET0 PIOc_sync Enter - MemInfo: [/proc/self/status]	VmPTE:	     888 kB
20220313 032451.311 INFO             PET0 PIOc_sync Enter - MemInfo: [/proc/self/status]	VmSwap:	       0 kB
20220313 032451.311 INFO             PET0 PIOc_sync Enter - MemInfo: [/proc/self/status]	VmRSSPercent: 0.0160522 %
20220313 032451.311 INFO             PET0 PIOc_sync Enter - MemInfo: [malloc] Non-mmapped space allocated:                12316672 Byte
20220313 032451.311 INFO             PET0 PIOc_sync Enter - MemInfo: [malloc] Space allocated in mmapped regions:          1581056 Byte
20220313 032451.311 INFO             PET0 PIOc_sync Enter - MemInfo: [malloc] Maximum total allocated space:                     0 Byte
20220313 032451.311 INFO             PET0 PIOc_sync Enter - MemInfo: [malloc] Space in freed fastbin blocks:                  1520 Byte
20220313 032451.311 INFO             PET0 PIOc_sync Enter - MemInfo: [malloc] Total allocated space:                      11993392 Byte
20220313 032451.311 INFO             PET0 PIOc_sync Enter - MemInfo: [malloc] Total free space:                             323280 Byte
20220313 032451.311 INFO             PET0 PIOc_sync Enter - MemInfo: [malloc] Top-most, releasable space:                   113424 Byte
20220313 032451.311 INFO             PET0 PIOc_sync Enter - MemInfo: [malloc] Total space in use, mmap + non-mmap:        13574448 Byte
20220313 032451.311 INFO             PET0 PIOc_sync Enter - MemInfo: [malloc] Total space held (mmap + non-mmap):         13897728 Byte
20220313 032451.312 INFO             PET0 PIOc_sync Enter - MemInfo: [malloc] Total space used (mmap + non-mmap):         13583792 Byte
20220313 032451.312 INFO             PET0 PIOc_sync Enter - MemInfo: Wall-clock time since execution start:               0.026514 seconds
20220313 032451.312 INFO             PET0 PIOc_sync Exit - MemInfo: [/proc/meminfo - SSI]	MemTotal:       196434604 kB
20220313 032451.312 INFO             PET0 PIOc_sync Exit - MemInfo: [/proc/meminfo - SSI]	MemFree:        186428696 kB
20220313 032451.312 INFO             PET0 PIOc_sync Exit - MemInfo: [/proc/meminfo - SSI]	MemAvailable:   191858940 kB
20220313 032451.312 INFO             PET0 PIOc_sync Exit - MemInfo: [/proc/meminfo - SSI]	Committed_AS:     480928 kB
20220313 032451.312 INFO             PET0 PIOc_sync Exit - MemInfo: [/proc/meminfo - SSI]	CommittedPercent: 0.244829 %
20220313 032451.312 INFO             PET0 PIOc_sync Exit - MemInfo: [/proc/self/status]	VmPeak:	  629352 kB
20220313 032451.312 INFO             PET0 PIOc_sync Exit - MemInfo: [/proc/self/status]	VmSize:	  629296 kB
20220313 032451.312 INFO             PET0 PIOc_sync Exit - MemInfo: [/proc/self/status]	VmLck:	       0 kB
20220313 032451.312 INFO             PET0 PIOc_sync Exit - MemInfo: [/proc/self/status]	VmPin:	       0 kB
20220313 032451.312 INFO             PET0 PIOc_sync Exit - MemInfo: [/proc/self/status]	VmHWM:	   63556 kB
20220313 032451.312 INFO             PET0 PIOc_sync Exit - MemInfo: [/proc/self/status]	VmRSS:	   31532 kB
20220313 032451.312 INFO             PET0 PIOc_sync Exit - MemInfo: [/proc/self/status]	VmData:	  195516 kB
20220313 032451.312 INFO             PET0 PIOc_sync Exit - MemInfo: [/proc/self/status]	VmStk:	     144 kB
20220313 032451.312 INFO             PET0 PIOc_sync Exit - MemInfo: [/proc/self/status]	VmExe:	     208 kB
20220313 032451.312 INFO             PET0 PIOc_sync Exit - MemInfo: [/proc/self/status]	VmLib:	   59176 kB
20220313 032451.312 INFO             PET0 PIOc_sync Exit - MemInfo: [/proc/self/status]	VmPTE:	     888 kB
20220313 032451.312 INFO             PET0 PIOc_sync Exit - MemInfo: [/proc/self/status]	VmSwap:	       0 kB
20220313 032451.312 INFO             PET0 PIOc_sync Exit - MemInfo: [/proc/self/status]	VmRSSPercent: 0.0160522 %
20220313 032451.312 INFO             PET0 PIOc_sync Exit - MemInfo: [malloc] Non-mmapped space allocated:                12316672 Byte
20220313 032451.312 INFO             PET0 PIOc_sync Exit - MemInfo: [malloc] Space allocated in mmapped regions:          1581056 Byte
20220313 032451.312 INFO             PET0 PIOc_sync Exit - MemInfo: [malloc] Maximum total allocated space:                     0 Byte
20220313 032451.312 INFO             PET0 PIOc_sync Exit - MemInfo: [malloc] Space in freed fastbin blocks:                   352 Byte
20220313 032451.312 INFO             PET0 PIOc_sync Exit - MemInfo: [malloc] Total allocated space:                      11994000 Byte
20220313 032451.312 INFO             PET0 PIOc_sync Exit - MemInfo: [malloc] Total free space:                             322672 Byte
20220313 032451.312 INFO             PET0 PIOc_sync Exit - MemInfo: [malloc] Top-most, releasable space:                   113328 Byte
20220313 032451.312 INFO             PET0 PIOc_sync Exit - MemInfo: [malloc] Total space in use, mmap + non-mmap:        13575056 Byte
20220313 032451.312 INFO             PET0 PIOc_sync Exit - MemInfo: [malloc] Total space held (mmap + non-mmap):         13897728 Byte
20220313 032451.312 INFO             PET0 PIOc_sync Exit - MemInfo: [malloc] Total space used (mmap + non-mmap):         13584400 Byte
20220313 032451.312 INFO             PET0 PIOc_sync Exit - MemInfo: Wall-clock time since execution start:              0.0269866 seconds
20220313 032451.312 INFO             PET0 PIOc_freedecomp Enter - MemInfo: [/proc/meminfo - SSI]	MemTotal:       196434604 kB
20220313 032451.312 INFO             PET0 PIOc_freedecomp Enter - MemInfo: [/proc/meminfo - SSI]	MemFree:        186428696 kB
20220313 032451.312 INFO             PET0 PIOc_freedecomp Enter - MemInfo: [/proc/meminfo - SSI]	MemAvailable:   191858940 kB
20220313 032451.312 INFO             PET0 PIOc_freedecomp Enter - MemInfo: [/proc/meminfo - SSI]	Committed_AS:     480928 kB
20220313 032451.312 INFO             PET0 PIOc_freedecomp Enter - MemInfo: [/proc/meminfo - SSI]	CommittedPercent: 0.244829 %
20220313 032451.312 INFO             PET0 PIOc_freedecomp Enter - MemInfo: [/proc/self/status]	VmPeak:	  629352 kB
20220313 032451.312 INFO             PET0 PIOc_freedecomp Enter - MemInfo: [/proc/self/status]	VmSize:	  629296 kB
20220313 032451.312 INFO             PET0 PIOc_freedecomp Enter - MemInfo: [/proc/self/status]	VmLck:	       0 kB
20220313 032451.312 INFO             PET0 PIOc_freedecomp Enter - MemInfo: [/proc/self/status]	VmPin:	       0 kB
20220313 032451.312 INFO             PET0 PIOc_freedecomp Enter - MemInfo: [/proc/self/status]	VmHWM:	   63556 kB
20220313 032451.312 INFO             PET0 PIOc_freedecomp Enter - MemInfo: [/proc/self/status]	VmRSS:	   31532 kB
20220313 032451.312 INFO             PET0 PIOc_freedecomp Enter - MemInfo: [/proc/self/status]	VmData:	  195516 kB
20220313 032451.312 INFO             PET0 PIOc_freedecomp Enter - MemInfo: [/proc/self/status]	VmStk:	     144 kB
20220313 032451.312 INFO             PET0 PIOc_freedecomp Enter - MemInfo: [/proc/self/status]	VmExe:	     208 kB
20220313 032451.312 INFO             PET0 PIOc_freedecomp Enter - MemInfo: [/proc/self/status]	VmLib:	   59176 kB
20220313 032451.312 INFO             PET0 PIOc_freedecomp Enter - MemInfo: [/proc/self/status]	VmPTE:	     888 kB
20220313 032451.312 INFO             PET0 PIOc_freedecomp Enter - MemInfo: [/proc/self/status]	VmSwap:	       0 kB
20220313 032451.312 INFO             PET0 PIOc_freedecomp Enter - MemInfo: [/proc/self/status]	VmRSSPercent: 0.0160522 %
20220313 032451.312 INFO             PET0 PIOc_freedecomp Enter - MemInfo: [malloc] Non-mmapped space allocated:                12316672 Byte
20220313 032451.313 INFO             PET0 PIOc_freedecomp Enter - MemInfo: [malloc] Space allocated in mmapped regions:          1581056 Byte
20220313 032451.313 INFO             PET0 PIOc_freedecomp Enter - MemInfo: [malloc] Maximum total allocated space:                     0 Byte
20220313 032451.313 INFO             PET0 PIOc_freedecomp Enter - MemInfo: [malloc] Space in freed fastbin blocks:                   944 Byte
20220313 032451.313 INFO             PET0 PIOc_freedecomp Enter - MemInfo: [malloc] Total allocated space:                       3066992 Byte
20220313 032451.313 INFO             PET0 PIOc_freedecomp Enter - MemInfo: [malloc] Total free space:                            9249680 Byte
20220313 032451.313 INFO             PET0 PIOc_freedecomp Enter - MemInfo: [malloc] Top-most, releasable space:                   113328 Byte
20220313 032451.313 INFO             PET0 PIOc_freedecomp Enter - MemInfo: [malloc] Total space in use, mmap + non-mmap:         4648048 Byte
20220313 032451.313 INFO             PET0 PIOc_freedecomp Enter - MemInfo: [malloc] Total space held (mmap + non-mmap):         13897728 Byte
20220313 032451.313 INFO             PET0 PIOc_freedecomp Enter - MemInfo: [malloc] Total space used (mmap + non-mmap):          4657392 Byte
20220313 032451.313 INFO             PET0 PIOc_freedecomp Enter - MemInfo: Wall-clock time since execution start:              0.0275693 seconds
20220313 032451.313 INFO             PET0 PIOc_freedecomp Exit - MemInfo: [/proc/meminfo - SSI]	MemTotal:       196434604 kB
20220313 032451.313 INFO             PET0 PIOc_freedecomp Exit - MemInfo: [/proc/meminfo - SSI]	MemFree:        186428696 kB
20220313 032451.313 INFO             PET0 PIOc_freedecomp Exit - MemInfo: [/proc/meminfo - SSI]	MemAvailable:   191858940 kB
20220313 032451.313 INFO             PET0 PIOc_freedecomp Exit - MemInfo: [/proc/meminfo - SSI]	Committed_AS:     480928 kB
20220313 032451.313 INFO             PET0 PIOc_freedecomp Exit - MemInfo: [/proc/meminfo - SSI]	CommittedPercent: 0.244829 %
20220313 032451.313 INFO             PET0 PIOc_freedecomp Exit - MemInfo: [/proc/self/status]	VmPeak:	  629352 kB
20220313 032451.313 INFO             PET0 PIOc_freedecomp Exit - MemInfo: [/proc/self/status]	VmSize:	  629296 kB
20220313 032451.313 INFO             PET0 PIOc_freedecomp Exit - MemInfo: [/proc/self/status]	VmLck:	       0 kB
20220313 032451.313 INFO             PET0 PIOc_freedecomp Exit - MemInfo: [/proc/self/status]	VmPin:	       0 kB
20220313 032451.313 INFO             PET0 PIOc_freedecomp Exit - MemInfo: [/proc/self/status]	VmHWM:	   63556 kB
20220313 032451.313 INFO             PET0 PIOc_freedecomp Exit - MemInfo: [/proc/self/status]	VmRSS:	   31532 kB
20220313 032451.313 INFO             PET0 PIOc_freedecomp Exit - MemInfo: [/proc/self/status]	VmData:	  195516 kB
20220313 032451.313 INFO             PET0 PIOc_freedecomp Exit - MemInfo: [/proc/self/status]	VmStk:	     144 kB
20220313 032451.313 INFO             PET0 PIOc_freedecomp Exit - MemInfo: [/proc/self/status]	VmExe:	     208 kB
20220313 032451.313 INFO             PET0 PIOc_freedecomp Exit - MemInfo: [/proc/self/status]	VmLib:	   59176 kB
20220313 032451.313 INFO             PET0 PIOc_freedecomp Exit - MemInfo: [/proc/self/status]	VmPTE:	     888 kB
20220313 032451.313 INFO             PET0 PIOc_freedecomp Exit - MemInfo: [/proc/self/status]	VmSwap:	       0 kB
20220313 032451.313 INFO             PET0 PIOc_freedecomp Exit - MemInfo: [/proc/self/status]	VmRSSPercent: 0.0160522 %
20220313 032451.313 INFO             PET0 PIOc_freedecomp Exit - MemInfo: [malloc] Non-mmapped space allocated:                12316672 Byte
20220313 032451.313 INFO             PET0 PIOc_freedecomp Exit - MemInfo: [malloc] Space allocated in mmapped regions:          1581056 Byte
20220313 032451.313 INFO             PET0 PIOc_freedecomp Exit - MemInfo: [malloc] Maximum total allocated space:                     0 Byte
20220313 032451.313 INFO             PET0 PIOc_freedecomp Exit - MemInfo: [malloc] Space in freed fastbin blocks:                  2320 Byte
20220313 032451.313 INFO             PET0 PIOc_freedecomp Exit - MemInfo: [malloc] Total allocated space:                       3064336 Byte
20220313 032451.313 INFO             PET0 PIOc_freedecomp Exit - MemInfo: [malloc] Total free space:                            9252336 Byte
20220313 032451.313 INFO             PET0 PIOc_freedecomp Exit - MemInfo: [malloc] Top-most, releasable space:                   113328 Byte
20220313 032451.313 INFO             PET0 PIOc_freedecomp Exit - MemInfo: [malloc] Total space in use, mmap + non-mmap:         4645392 Byte
20220313 032451.313 INFO             PET0 PIOc_freedecomp Exit - MemInfo: [malloc] Total space held (mmap + non-mmap):         13897728 Byte
20220313 032451.313 INFO             PET0 PIOc_freedecomp Exit - MemInfo: [malloc] Total space used (mmap + non-mmap):          4654736 Byte
20220313 032451.313 INFO             PET0 PIOc_freedecomp Exit - MemInfo: Wall-clock time since execution start:              0.0280194 seconds
20220313 032451.314 INFO             PET0 PIOc_sync Enter - MemInfo: [/proc/meminfo - SSI]	MemTotal:       196434604 kB
20220313 032451.314 INFO             PET0 PIOc_sync Enter - MemInfo: [/proc/meminfo - SSI]	MemFree:        186428696 kB
20220313 032451.314 INFO             PET0 PIOc_sync Enter - MemInfo: [/proc/meminfo - SSI]	MemAvailable:   191858940 kB
20220313 032451.314 INFO             PET0 PIOc_sync Enter - MemInfo: [/proc/meminfo - SSI]	Committed_AS:     480928 kB
20220313 032451.314 INFO             PET0 PIOc_sync Enter - MemInfo: [/proc/meminfo - SSI]	CommittedPercent: 0.244829 %
20220313 032451.314 INFO             PET0 PIOc_sync Enter - MemInfo: [/proc/self/status]	VmPeak:	  629352 kB
20220313 032451.314 INFO             PET0 PIOc_sync Enter - MemInfo: [/proc/self/status]	VmSize:	  629296 kB
20220313 032451.314 INFO             PET0 PIOc_sync Enter - MemInfo: [/proc/self/status]	VmLck:	       0 kB
20220313 032451.314 INFO             PET0 PIOc_sync Enter - MemInfo: [/proc/self/status]	VmPin:	       0 kB
20220313 032451.314 INFO             PET0 PIOc_sync Enter - MemInfo: [/proc/self/status]	VmHWM:	   63556 kB
20220313 032451.314 INFO             PET0 PIOc_sync Enter - MemInfo: [/proc/self/status]	VmRSS:	   31532 kB
20220313 032451.314 INFO             PET0 PIOc_sync Enter - MemInfo: [/proc/self/status]	VmData:	  195516 kB
20220313 032451.314 INFO             PET0 PIOc_sync Enter - MemInfo: [/proc/self/status]	VmStk:	     144 kB
20220313 032451.314 INFO             PET0 PIOc_sync Enter - MemInfo: [/proc/self/status]	VmExe:	     208 kB
20220313 032451.314 INFO             PET0 PIOc_sync Enter - MemInfo: [/proc/self/status]	VmLib:	   59176 kB
20220313 032451.314 INFO             PET0 PIOc_sync Enter - MemInfo: [/proc/self/status]	VmPTE:	     888 kB
20220313 032451.314 INFO             PET0 PIOc_sync Enter - MemInfo: [/proc/self/status]	VmSwap:	       0 kB
20220313 032451.314 INFO             PET0 PIOc_sync Enter - MemInfo: [/proc/self/status]	VmRSSPercent: 0.0160522 %
20220313 032451.314 INFO             PET0 PIOc_sync Enter - MemInfo: [malloc] Non-mmapped space allocated:                12316672 Byte
20220313 032451.314 INFO             PET0 PIOc_sync Enter - MemInfo: [malloc] Space allocated in mmapped regions:          1581056 Byte
20220313 032451.314 INFO             PET0 PIOc_sync Enter - MemInfo: [malloc] Maximum total allocated space:                     0 Byte
20220313 032451.314 INFO             PET0 PIOc_sync Enter - MemInfo: [malloc] Space in freed fastbin blocks:                  1872 Byte
20220313 032451.314 INFO             PET0 PIOc_sync Enter - MemInfo: [malloc] Total allocated space:                      11994160 Byte
20220313 032451.314 INFO             PET0 PIOc_sync Enter - MemInfo: [malloc] Total free space:                             322512 Byte
20220313 032451.314 INFO             PET0 PIOc_sync Enter - MemInfo: [malloc] Top-most, releasable space:                   112304 Byte
20220313 032451.314 INFO             PET0 PIOc_sync Enter - MemInfo: [malloc] Total space in use, mmap + non-mmap:        13575216 Byte
20220313 032451.314 INFO             PET0 PIOc_sync Enter - MemInfo: [malloc] Total space held (mmap + non-mmap):         13897728 Byte
20220313 032451.314 INFO             PET0 PIOc_sync Enter - MemInfo: [malloc] Total space used (mmap + non-mmap):         13584560 Byte
20220313 032451.314 INFO             PET0 PIOc_sync Enter - MemInfo: Wall-clock time since execution start:              0.0294417 seconds
20220313 032451.315 INFO             PET0 PIOc_sync Exit - MemInfo: [/proc/meminfo - SSI]	MemTotal:       196434604 kB
20220313 032451.315 INFO             PET0 PIOc_sync Exit - MemInfo: [/proc/meminfo - SSI]	MemFree:        186428696 kB
20220313 032451.315 INFO             PET0 PIOc_sync Exit - MemInfo: [/proc/meminfo - SSI]	MemAvailable:   191858940 kB
20220313 032451.315 INFO             PET0 PIOc_sync Exit - MemInfo: [/proc/meminfo - SSI]	Committed_AS:     480928 kB
20220313 032451.315 INFO             PET0 PIOc_sync Exit - MemInfo: [/proc/meminfo - SSI]	CommittedPercent: 0.244829 %
20220313 032451.315 INFO             PET0 PIOc_sync Exit - MemInfo: [/proc/self/status]	VmPeak:	  629352 kB
20220313 032451.315 INFO             PET0 PIOc_sync Exit - MemInfo: [/proc/self/status]	VmSize:	  629296 kB
20220313 032451.315 INFO             PET0 PIOc_sync Exit - MemInfo: [/proc/self/status]	VmLck:	       0 kB
20220313 032451.315 INFO             PET0 PIOc_sync Exit - MemInfo: [/proc/self/status]	VmPin:	       0 kB
20220313 032451.315 INFO             PET0 PIOc_sync Exit - MemInfo: [/proc/self/status]	VmHWM:	   63556 kB
20220313 032451.315 INFO             PET0 PIOc_sync Exit - MemInfo: [/proc/self/status]	VmRSS:	   31532 kB
20220313 032451.315 INFO             PET0 PIOc_sync Exit - MemInfo: [/proc/self/status]	VmData:	  195516 kB
20220313 032451.315 INFO             PET0 PIOc_sync Exit - MemInfo: [/proc/self/status]	VmStk:	     144 kB
20220313 032451.315 INFO             PET0 PIOc_sync Exit - MemInfo: [/proc/self/status]	VmExe:	     208 kB
20220313 032451.315 INFO             PET0 PIOc_sync Exit - MemInfo: [/proc/self/status]	VmLib:	   59176 kB
20220313 032451.315 INFO             PET0 PIOc_sync Exit - MemInfo: [/proc/self/status]	VmPTE:	     888 kB
20220313 032451.315 INFO             PET0 PIOc_sync Exit - MemInfo: [/proc/self/status]	VmSwap:	       0 kB
20220313 032451.315 INFO             PET0 PIOc_sync Exit - MemInfo: [/proc/self/status]	VmRSSPercent: 0.0160522 %
20220313 032451.315 INFO             PET0 PIOc_sync Exit - MemInfo: [malloc] Non-mmapped space allocated:                12316672 Byte
20220313 032451.315 INFO             PET0 PIOc_sync Exit - MemInfo: [malloc] Space allocated in mmapped regions:          1581056 Byte
20220313 032451.315 INFO             PET0 PIOc_sync Exit - MemInfo: [malloc] Maximum total allocated space:                     0 Byte
20220313 032451.315 INFO             PET0 PIOc_sync Exit - MemInfo: [malloc] Space in freed fastbin blocks:                   352 Byte
20220313 032451.315 INFO             PET0 PIOc_sync Exit - MemInfo: [malloc] Total allocated space:                      11994816 Byte
20220313 032451.315 INFO             PET0 PIOc_sync Exit - MemInfo: [malloc] Total free space:                             321856 Byte
20220313 032451.315 INFO             PET0 PIOc_sync Exit - MemInfo: [malloc] Top-most, releasable space:                   112624 Byte
20220313 032451.315 INFO             PET0 PIOc_sync Exit - MemInfo: [malloc] Total space in use, mmap + non-mmap:        13575872 Byte
20220313 032451.315 INFO             PET0 PIOc_sync Exit - MemInfo: [malloc] Total space held (mmap + non-mmap):         13897728 Byte
20220313 032451.315 INFO             PET0 PIOc_sync Exit - MemInfo: [malloc] Total space used (mmap + non-mmap):         13585216 Byte
20220313 032451.315 INFO             PET0 PIOc_sync Exit - MemInfo: Wall-clock time since execution start:              0.0299156 seconds
20220313 032451.315 INFO             PET0 PIOc_freedecomp Enter - MemInfo: [/proc/meminfo - SSI]	MemTotal:       196434604 kB
20220313 032451.315 INFO             PET0 PIOc_freedecomp Enter - MemInfo: [/proc/meminfo - SSI]	MemFree:        186428696 kB
20220313 032451.315 INFO             PET0 PIOc_freedecomp Enter - MemInfo: [/proc/meminfo - SSI]	MemAvailable:   191858940 kB
20220313 032451.315 INFO             PET0 PIOc_freedecomp Enter - MemInfo: [/proc/meminfo - SSI]	Committed_AS:     480928 kB
20220313 032451.315 INFO             PET0 PIOc_freedecomp Enter - MemInfo: [/proc/meminfo - SSI]	CommittedPercent: 0.244829 %
20220313 032451.315 INFO             PET0 PIOc_freedecomp Enter - MemInfo: [/proc/self/status]	VmPeak:	  629352 kB
20220313 032451.315 INFO             PET0 PIOc_freedecomp Enter - MemInfo: [/proc/self/status]	VmSize:	  629296 kB
20220313 032451.315 INFO             PET0 PIOc_freedecomp Enter - MemInfo: [/proc/self/status]	VmLck:	       0 kB
20220313 032451.315 INFO             PET0 PIOc_freedecomp Enter - MemInfo: [/proc/self/status]	VmPin:	       0 kB
20220313 032451.315 INFO             PET0 PIOc_freedecomp Enter - MemInfo: [/proc/self/status]	VmHWM:	   63556 kB
20220313 032451.315 INFO             PET0 PIOc_freedecomp Enter - MemInfo: [/proc/self/status]	VmRSS:	   31532 kB
20220313 032451.315 INFO             PET0 PIOc_freedecomp Enter - MemInfo: [/proc/self/status]	VmData:	  195516 kB
20220313 032451.315 INFO             PET0 PIOc_freedecomp Enter - MemInfo: [/proc/self/status]	VmStk:	     144 kB
20220313 032451.315 INFO             PET0 PIOc_freedecomp Enter - MemInfo: [/proc/self/status]	VmExe:	     208 kB
20220313 032451.315 INFO             PET0 PIOc_freedecomp Enter - MemInfo: [/proc/self/status]	VmLib:	   59176 kB
20220313 032451.315 INFO             PET0 PIOc_freedecomp Enter - MemInfo: [/proc/self/status]	VmPTE:	     888 kB
20220313 032451.315 INFO             PET0 PIOc_freedecomp Enter - MemInfo: [/proc/self/status]	VmSwap:	       0 kB
20220313 032451.315 INFO             PET0 PIOc_freedecomp Enter - MemInfo: [/proc/self/status]	VmRSSPercent: 0.0160522 %
20220313 032451.315 INFO             PET0 PIOc_freedecomp Enter - MemInfo: [malloc] Non-mmapped space allocated:                12316672 Byte
20220313 032451.315 INFO             PET0 PIOc_freedecomp Enter - MemInfo: [malloc] Space allocated in mmapped regions:          1581056 Byte
20220313 032451.315 INFO             PET0 PIOc_freedecomp Enter - MemInfo: [malloc] Maximum total allocated space:                     0 Byte
20220313 032451.315 INFO             PET0 PIOc_freedecomp Enter - MemInfo: [malloc] Space in freed fastbin blocks:                  1072 Byte
20220313 032451.315 INFO             PET0 PIOc_freedecomp Enter - MemInfo: [malloc] Total allocated space:                       3067056 Byte
20220313 032451.315 INFO             PET0 PIOc_freedecomp Enter - MemInfo: [malloc] Total free space:                            9249616 Byte
20220313 032451.315 INFO             PET0 PIOc_freedecomp Enter - MemInfo: [malloc] Top-most, releasable space:                   112624 Byte
20220313 032451.315 INFO             PET0 PIOc_freedecomp Enter - MemInfo: [malloc] Total space in use, mmap + non-mmap:         4648112 Byte
20220313 032451.315 INFO             PET0 PIOc_freedecomp Enter - MemInfo: [malloc] Total space held (mmap + non-mmap):         13897728 Byte
20220313 032451.315 INFO             PET0 PIOc_freedecomp Enter - MemInfo: [malloc] Total space used (mmap + non-mmap):          4657456 Byte
20220313 032451.315 INFO             PET0 PIOc_freedecomp Enter - MemInfo: Wall-clock time since execution start:              0.0304691 seconds
20220313 032451.316 INFO             PET0 PIOc_freedecomp Exit - MemInfo: [/proc/meminfo - SSI]	MemTotal:       196434604 kB
20220313 032451.316 INFO             PET0 PIOc_freedecomp Exit - MemInfo: [/proc/meminfo - SSI]	MemFree:        186428696 kB
20220313 032451.316 INFO             PET0 PIOc_freedecomp Exit - MemInfo: [/proc/meminfo - SSI]	MemAvailable:   191858940 kB
20220313 032451.316 INFO             PET0 PIOc_freedecomp Exit - MemInfo: [/proc/meminfo - SSI]	Committed_AS:     480928 kB
20220313 032451.316 INFO             PET0 PIOc_freedecomp Exit - MemInfo: [/proc/meminfo - SSI]	CommittedPercent: 0.244829 %
20220313 032451.316 INFO             PET0 PIOc_freedecomp Exit - MemInfo: [/proc/self/status]	VmPeak:	  629352 kB
20220313 032451.316 INFO             PET0 PIOc_freedecomp Exit - MemInfo: [/proc/self/status]	VmSize:	  629296 kB
20220313 032451.316 INFO             PET0 PIOc_freedecomp Exit - MemInfo: [/proc/self/status]	VmLck:	       0 kB
20220313 032451.316 INFO             PET0 PIOc_freedecomp Exit - MemInfo: [/proc/self/status]	VmPin:	       0 kB
20220313 032451.316 INFO             PET0 PIOc_freedecomp Exit - MemInfo: [/proc/self/status]	VmHWM:	   63556 kB
20220313 032451.316 INFO             PET0 PIOc_freedecomp Exit - MemInfo: [/proc/self/status]	VmRSS:	   31532 kB
20220313 032451.316 INFO             PET0 PIOc_freedecomp Exit - MemInfo: [/proc/self/status]	VmData:	  195516 kB
20220313 032451.316 INFO             PET0 PIOc_freedecomp Exit - MemInfo: [/proc/self/status]	VmStk:	     144 kB
20220313 032451.316 INFO             PET0 PIOc_freedecomp Exit - MemInfo: [/proc/self/status]	VmExe:	     208 kB
20220313 032451.316 INFO             PET0 PIOc_freedecomp Exit - MemInfo: [/proc/self/status]	VmLib:	   59176 kB
20220313 032451.316 INFO             PET0 PIOc_freedecomp Exit - MemInfo: [/proc/self/status]	VmPTE:	     888 kB
20220313 032451.316 INFO             PET0 PIOc_freedecomp Exit - MemInfo: [/proc/self/status]	VmSwap:	       0 kB
20220313 032451.316 INFO             PET0 PIOc_freedecomp Exit - MemInfo: [/proc/self/status]	VmRSSPercent: 0.0160522 %
20220313 032451.316 INFO             PET0 PIOc_freedecomp Exit - MemInfo: [malloc] Non-mmapped space allocated:                12316672 Byte
20220313 032451.316 INFO             PET0 PIOc_freedecomp Exit - MemInfo: [malloc] Space allocated in mmapped regions:          1581056 Byte
20220313 032451.316 INFO             PET0 PIOc_freedecomp Exit - MemInfo: [malloc] Maximum total allocated space:                     0 Byte
20220313 032451.316 INFO             PET0 PIOc_freedecomp Exit - MemInfo: [malloc] Space in freed fastbin blocks:                   736 Byte
20220313 032451.316 INFO             PET0 PIOc_freedecomp Exit - MemInfo: [malloc] Total allocated space:                       3064352 Byte
20220313 032451.316 INFO             PET0 PIOc_freedecomp Exit - MemInfo: [malloc] Total free space:                            9252320 Byte
20220313 032451.316 INFO             PET0 PIOc_freedecomp Exit - MemInfo: [malloc] Top-most, releasable space:                   117360 Byte
20220313 032451.316 INFO             PET0 PIOc_freedecomp Exit - MemInfo: [malloc] Total space in use, mmap + non-mmap:         4645408 Byte
20220313 032451.316 INFO             PET0 PIOc_freedecomp Exit - MemInfo: [malloc] Total space held (mmap + non-mmap):         13897728 Byte
20220313 032451.316 INFO             PET0 PIOc_freedecomp Exit - MemInfo: [malloc] Total space used (mmap + non-mmap):          4654752 Byte
20220313 032451.316 INFO             PET0 PIOc_freedecomp Exit - MemInfo: Wall-clock time since execution start:              0.0309221 seconds
20220313 032451.317 INFO             PET0 PIOc_sync Enter - MemInfo: [/proc/meminfo - SSI]	MemTotal:       196434604 kB
20220313 032451.317 INFO             PET0 PIOc_sync Enter - MemInfo: [/proc/meminfo - SSI]	MemFree:        186428696 kB
20220313 032451.317 INFO             PET0 PIOc_sync Enter - MemInfo: [/proc/meminfo - SSI]	MemAvailable:   191858940 kB
20220313 032451.317 INFO             PET0 PIOc_sync Enter - MemInfo: [/proc/meminfo - SSI]	Committed_AS:     480928 kB
20220313 032451.317 INFO             PET0 PIOc_sync Enter - MemInfo: [/proc/meminfo - SSI]	CommittedPercent: 0.244829 %
20220313 032451.317 INFO             PET0 PIOc_sync Enter - MemInfo: [/proc/self/status]	VmPeak:	  629352 kB
20220313 032451.317 INFO             PET0 PIOc_sync Enter - MemInfo: [/proc/self/status]	VmSize:	  629296 kB
20220313 032451.317 INFO             PET0 PIOc_sync Enter - MemInfo: [/proc/self/status]	VmLck:	       0 kB
20220313 032451.317 INFO             PET0 PIOc_sync Enter - MemInfo: [/proc/self/status]	VmPin:	       0 kB
20220313 032451.317 INFO             PET0 PIOc_sync Enter - MemInfo: [/proc/self/status]	VmHWM:	   63556 kB
20220313 032451.317 INFO             PET0 PIOc_sync Enter - MemInfo: [/proc/self/status]	VmRSS:	   31532 kB
20220313 032451.317 INFO             PET0 PIOc_sync Enter - MemInfo: [/proc/self/status]	VmData:	  195516 kB
20220313 032451.317 INFO             PET0 PIOc_sync Enter - MemInfo: [/proc/self/status]	VmStk:	     144 kB
20220313 032451.317 INFO             PET0 PIOc_sync Enter - MemInfo: [/proc/self/status]	VmExe:	     208 kB
20220313 032451.317 INFO             PET0 PIOc_sync Enter - MemInfo: [/proc/self/status]	VmLib:	   59176 kB
20220313 032451.317 INFO             PET0 PIOc_sync Enter - MemInfo: [/proc/self/status]	VmPTE:	     888 kB
20220313 032451.317 INFO             PET0 PIOc_sync Enter - MemInfo: [/proc/self/status]	VmSwap:	       0 kB
20220313 032451.317 INFO             PET0 PIOc_sync Enter - MemInfo: [/proc/self/status]	VmRSSPercent: 0.0160522 %
20220313 032451.317 INFO             PET0 PIOc_sync Enter - MemInfo: [malloc] Non-mmapped space allocated:                12316672 Byte
20220313 032451.317 INFO             PET0 PIOc_sync Enter - MemInfo: [malloc] Space allocated in mmapped regions:          1581056 Byte
20220313 032451.317 INFO             PET0 PIOc_sync Enter - MemInfo: [malloc] Maximum total allocated space:                     0 Byte
20220313 032451.317 INFO             PET0 PIOc_sync Enter - MemInfo: [malloc] Space in freed fastbin blocks:                  2320 Byte
20220313 032451.317 INFO             PET0 PIOc_sync Enter - MemInfo: [malloc] Total allocated space:                      11994848 Byte
20220313 032451.317 INFO             PET0 PIOc_sync Enter - MemInfo: [malloc] Total free space:                             321824 Byte
20220313 032451.317 INFO             PET0 PIOc_sync Enter - MemInfo: [malloc] Top-most, releasable space:                   110928 Byte
20220313 032451.317 INFO             PET0 PIOc_sync Enter - MemInfo: [malloc] Total space in use, mmap + non-mmap:        13575904 Byte
20220313 032451.317 INFO             PET0 PIOc_sync Enter - MemInfo: [malloc] Total space held (mmap + non-mmap):         13897728 Byte
20220313 032451.317 INFO             PET0 PIOc_sync Enter - MemInfo: [malloc] Total space used (mmap + non-mmap):         13585248 Byte
20220313 032451.317 INFO             PET0 PIOc_sync Enter - MemInfo: Wall-clock time since execution start:              0.0323491 seconds
20220313 032451.318 INFO             PET0 PIOc_sync Exit - MemInfo: [/proc/meminfo - SSI]	MemTotal:       196434604 kB
20220313 032451.318 INFO             PET0 PIOc_sync Exit - MemInfo: [/proc/meminfo - SSI]	MemFree:        186428696 kB
20220313 032451.318 INFO             PET0 PIOc_sync Exit - MemInfo: [/proc/meminfo - SSI]	MemAvailable:   191858940 kB
20220313 032451.318 INFO             PET0 PIOc_sync Exit - MemInfo: [/proc/meminfo - SSI]	Committed_AS:     480928 kB
20220313 032451.318 INFO             PET0 PIOc_sync Exit - MemInfo: [/proc/meminfo - SSI]	CommittedPercent: 0.244829 %
20220313 032451.318 INFO             PET0 PIOc_sync Exit - MemInfo: [/proc/self/status]	VmPeak:	  629352 kB
20220313 032451.318 INFO             PET0 PIOc_sync Exit - MemInfo: [/proc/self/status]	VmSize:	  629296 kB
20220313 032451.318 INFO             PET0 PIOc_sync Exit - MemInfo: [/proc/self/status]	VmLck:	       0 kB
20220313 032451.318 INFO             PET0 PIOc_sync Exit - MemInfo: [/proc/self/status]	VmPin:	       0 kB
20220313 032451.318 INFO             PET0 PIOc_sync Exit - MemInfo: [/proc/self/status]	VmHWM:	   63556 kB
20220313 032451.318 INFO             PET0 PIOc_sync Exit - MemInfo: [/proc/self/status]	VmRSS:	   31536 kB
20220313 032451.318 INFO             PET0 PIOc_sync Exit - MemInfo: [/proc/self/status]	VmData:	  195516 kB
20220313 032451.318 INFO             PET0 PIOc_sync Exit - MemInfo: [/proc/self/status]	VmStk:	     144 kB
20220313 032451.318 INFO             PET0 PIOc_sync Exit - MemInfo: [/proc/self/status]	VmExe:	     208 kB
20220313 032451.318 INFO             PET0 PIOc_sync Exit - MemInfo: [/proc/self/status]	VmLib:	   59176 kB
20220313 032451.318 INFO             PET0 PIOc_sync Exit - MemInfo: [/proc/self/status]	VmPTE:	     888 kB
20220313 032451.318 INFO             PET0 PIOc_sync Exit - MemInfo: [/proc/self/status]	VmSwap:	       0 kB
20220313 032451.318 INFO             PET0 PIOc_sync Exit - MemInfo: [/proc/self/status]	VmRSSPercent: 0.0160542 %
20220313 032451.318 INFO             PET0 PIOc_sync Exit - MemInfo: [malloc] Non-mmapped space allocated:                12316672 Byte
20220313 032451.318 INFO             PET0 PIOc_sync Exit - MemInfo: [malloc] Space allocated in mmapped regions:          1581056 Byte
20220313 032451.318 INFO             PET0 PIOc_sync Exit - MemInfo: [malloc] Maximum total allocated space:                     0 Byte
20220313 032451.318 INFO             PET0 PIOc_sync Exit - MemInfo: [malloc] Space in freed fastbin blocks:                  1184 Byte
20220313 032451.318 INFO             PET0 PIOc_sync Exit - MemInfo: [malloc] Total allocated space:                      11995456 Byte
20220313 032451.318 INFO             PET0 PIOc_sync Exit - MemInfo: [malloc] Total free space:                             321216 Byte
20220313 032451.318 INFO             PET0 PIOc_sync Exit - MemInfo: [malloc] Top-most, releasable space:                   110784 Byte
20220313 032451.318 INFO             PET0 PIOc_sync Exit - MemInfo: [malloc] Total space in use, mmap + non-mmap:        13576512 Byte
20220313 032451.318 INFO             PET0 PIOc_sync Exit - MemInfo: [malloc] Total space held (mmap + non-mmap):         13897728 Byte
20220313 032451.318 INFO             PET0 PIOc_sync Exit - MemInfo: [malloc] Total space used (mmap + non-mmap):         13585856 Byte
20220313 032451.318 INFO             PET0 PIOc_sync Exit - MemInfo: Wall-clock time since execution start:              0.0328219 seconds
20220313 032451.318 INFO             PET0 PIOc_freedecomp Enter - MemInfo: [/proc/meminfo - SSI]	MemTotal:       196434604 kB
20220313 032451.318 INFO             PET0 PIOc_freedecomp Enter - MemInfo: [/proc/meminfo - SSI]	MemFree:        186428696 kB
20220313 032451.318 INFO             PET0 PIOc_freedecomp Enter - MemInfo: [/proc/meminfo - SSI]	MemAvailable:   191858940 kB
20220313 032451.318 INFO             PET0 PIOc_freedecomp Enter - MemInfo: [/proc/meminfo - SSI]	Committed_AS:     480928 kB
20220313 032451.318 INFO             PET0 PIOc_freedecomp Enter - MemInfo: [/proc/meminfo - SSI]	CommittedPercent: 0.244829 %
20220313 032451.318 INFO             PET0 PIOc_freedecomp Enter - MemInfo: [/proc/self/status]	VmPeak:	  629352 kB
20220313 032451.318 INFO             PET0 PIOc_freedecomp Enter - MemInfo: [/proc/self/status]	VmSize:	  629296 kB
20220313 032451.318 INFO             PET0 PIOc_freedecomp Enter - MemInfo: [/proc/self/status]	VmLck:	       0 kB
20220313 032451.318 INFO             PET0 PIOc_freedecomp Enter - MemInfo: [/proc/self/status]	VmPin:	       0 kB
20220313 032451.318 INFO             PET0 PIOc_freedecomp Enter - MemInfo: [/proc/self/status]	VmHWM:	   63556 kB
20220313 032451.318 INFO             PET0 PIOc_freedecomp Enter - MemInfo: [/proc/self/status]	VmRSS:	   31536 kB
20220313 032451.318 INFO             PET0 PIOc_freedecomp Enter - MemInfo: [/proc/self/status]	VmData:	  195516 kB
20220313 032451.318 INFO             PET0 PIOc_freedecomp Enter - MemInfo: [/proc/self/status]	VmStk:	     144 kB
20220313 032451.318 INFO             PET0 PIOc_freedecomp Enter - MemInfo: [/proc/self/status]	VmExe:	     208 kB
20220313 032451.318 INFO             PET0 PIOc_freedecomp Enter - MemInfo: [/proc/self/status]	VmLib:	   59176 kB
20220313 032451.318 INFO             PET0 PIOc_freedecomp Enter - MemInfo: [/proc/self/status]	VmPTE:	     888 kB
20220313 032451.318 INFO             PET0 PIOc_freedecomp Enter - MemInfo: [/proc/self/status]	VmSwap:	       0 kB
20220313 032451.318 INFO             PET0 PIOc_freedecomp Enter - MemInfo: [/proc/self/status]	VmRSSPercent: 0.0160542 %
20220313 032451.318 INFO             PET0 PIOc_freedecomp Enter - MemInfo: [malloc] Non-mmapped space allocated:                12316672 Byte
20220313 032451.318 INFO             PET0 PIOc_freedecomp Enter - MemInfo: [malloc] Space allocated in mmapped regions:          1581056 Byte
20220313 032451.318 INFO             PET0 PIOc_freedecomp Enter - MemInfo: [malloc] Maximum total allocated space:                     0 Byte
20220313 032451.318 INFO             PET0 PIOc_freedecomp Enter - MemInfo: [malloc] Space in freed fastbin blocks:                   864 Byte
20220313 032451.318 INFO             PET0 PIOc_freedecomp Enter - MemInfo: [malloc] Total allocated space:                       3066976 Byte
20220313 032451.318 INFO             PET0 PIOc_freedecomp Enter - MemInfo: [malloc] Total free space:                            9249696 Byte
20220313 032451.318 INFO             PET0 PIOc_freedecomp Enter - MemInfo: [malloc] Top-most, releasable space:                   113280 Byte
20220313 032451.318 INFO             PET0 PIOc_freedecomp Enter - MemInfo: [malloc] Total space in use, mmap + non-mmap:         4648032 Byte
