build time -- 2022-03-13 03:14:43
20220313 032453.448 INFO             PET0 !!!!!!!!!!!!!!!!!!!!!!!!!!!!!!!!!!!!!!!!!!!!!!!!!!!!!!
20220313 032453.449 INFO             PET0 !!! THE ESMF_LOG IS SET TO OUTPUT ALL LOG MESSAGES !!!
20220313 032453.449 INFO             PET0 !!!     THIS MAY CAUSE SLOWDOWN IN PERFORMANCE     !!!
20220313 032453.449 INFO             PET0 !!! FOR PRODUCTION RUNS, USE:                      !!!
20220313 032453.449 INFO             PET0 !!!                   ESMF_LOGKIND_Multi_On_Error  !!!
20220313 032453.449 INFO             PET0 !!!!!!!!!!!!!!!!!!!!!!!!!!!!!!!!!!!!!!!!!!!!!!!!!!!!!!
20220313 032453.449 INFO             PET0 Running with ESMF Version   : v8.3.0b09-96-g559b459
20220313 032453.449 INFO             PET0 ESMF library build date/time: "Mar 13 2022" "03:13:32"
20220313 032453.449 INFO             PET0 ESMF library build location : /work/noaa/da/mpotts/sandbox/gfortran_8.3.0_openmpi_O_jedwards_pio_update2
20220313 032453.449 INFO             PET0 ESMF_COMM                   : openmpi
20220313 032453.449 INFO             PET0 ESMF_MOAB                   : enabled
20220313 032453.449 INFO             PET0 ESMF_LAPACK                 : enabled
20220313 032453.449 INFO             PET0 ESMF_NETCDF                 : enabled
20220313 032453.449 INFO             PET0 ESMF_PNETCDF                : disabled
20220313 032453.449 INFO             PET0 ESMF_PIO                    : enabled
20220313 032453.449 INFO             PET0 ESMF_YAMLCPP                : enabled
20220313 032453.449 INFO             PET0 Beginning Test, file ESMC_FieldGridRegridCsrvUTest.C, line 69
20220313 032453.449 INFO             PET0 Beginning Test, file ESMC_FieldGridRegridCsrvUTest.C, line 69NUMBER_OF_PROCESSORS 1
20220313 032453.450 INFO             PET0 PASS GridCreate, ESMC_FieldGridRegridCsrvUTest.C, line 114
20220313 032453.450 INFO             PET0 PASS GridAddCoord, ESMC_FieldGridRegridCsrvUTest.C, line 130
20220313 032453.450 INFO             PET0 PASS GridAddItem, ESMC_FieldGridRegridCsrvUTest.C, line 140
20220313 032453.450 INFO             PET0 PASS GridGetItem - mask, ESMC_FieldGridRegridCsrvUTest.C, line 151
20220313 032453.450 INFO             PET0 PASS GridGetCoord - X, ESMC_FieldGridRegridCsrvUTest.C, line 176
20220313 032453.450 INFO             PET0 PASS GridGetCoord - Y, ESMC_FieldGridRegridCsrvUTest.C, line 199
20220313 032453.450 INFO             PET0 PASS GridGetCoord - X, ESMC_FieldGridRegridCsrvUTest.C, line 224
20220313 032453.450 INFO             PET0 PASS GridGetCoord - Y, ESMC_FieldGridRegridCsrvUTest.C, line 247
20220313 032453.450 INFO             PET0 PASS GridAddItem - area, ESMC_FieldGridRegridCsrvUTest.C, line 271
20220313 032453.450 INFO             PET0 PASS GridGetItem - area, ESMC_FieldGridRegridCsrvUTest.C, line 282
20220313 032453.450 INFO             PET0 PASS MeshCreate, ESMC_FieldGridRegridCsrvUTest.C, line 366
20220313 032453.450 INFO             PET0 PASS MeshAddNodes, ESMC_FieldGridRegridCsrvUTest.C, line 374
20220313 032453.450 INFO             PET0 PASS MeshAddElements, ESMC_FieldGridRegridCsrvUTest.C, line 388
20220313 032453.450 INFO             PET0 PASS MeshGetLocalNodeCount, ESMC_FieldGridRegridCsrvUTest.C, line 398
20220313 032453.450 INFO             PET0 PASS MeshGetLocalElementCount, ESMC_FieldGridRegridCsrvUTest.C, line 409
20220313 032453.451 INFO             PET0 PASS Create ESMC_Field object from a Grid via TypeKind, ESMC_FieldGridRegridCsrvUTest.C, line 424
20220313 032453.451 INFO             PET0 PASS Create ESMC_Field object from a Mesh via TypeKind, ESMC_FieldGridRegridCsrvUTest.C, line 433
20220313 032453.451 INFO             PET0 PASS Get a void * C pointer to data from ESMC_Field object, ESMC_FieldGridRegridCsrvUTest.C, line 446
20220313 032453.451 INFO             PET0 PASS Get a void * C pointer to data from ESMC_Field object, ESMC_FieldGridRegridCsrvUTest.C, line 470
20220313 032453.451 INFO             PET0 PASS Create an InterArray for maskValues in ESMC_FieldRegridStore(), ESMC_FieldGridRegridCsrvUTest.C, line 485
20220313 032453.452 INFO             PET0 PASS Create an ESMC_RouteHandle via ESMC_FieldRegridStore(), ESMC_FieldGridRegridCsrvUTest.C, line 510
20220313 032453.452 INFO             PET0 PASS Execute ESMC_FieldRegrid(), ESMC_FieldGridRegridCsrvUTest.C, line 518
20220313 032453.459 INFO             PET0 PIOc_sync Enter - MemInfo: [/proc/meminfo - SSI]	MemTotal:       196434604 kB
20220313 032453.459 INFO             PET0 PIOc_sync Enter - MemInfo: [/proc/meminfo - SSI]	MemFree:        186432256 kB
20220313 032453.459 INFO             PET0 PIOc_sync Enter - MemInfo: [/proc/meminfo - SSI]	MemAvailable:   191862876 kB
20220313 032453.459 INFO             PET0 PIOc_sync Enter - MemInfo: [/proc/meminfo - SSI]	Committed_AS:     481872 kB
20220313 032453.459 INFO             PET0 PIOc_sync Enter - MemInfo: [/proc/meminfo - SSI]	CommittedPercent: 0.245309 %
20220313 032453.459 INFO             PET0 PIOc_sync Enter - MemInfo: [/proc/self/status]	VmPeak:	  629352 kB
20220313 032453.459 INFO             PET0 PIOc_sync Enter - MemInfo: [/proc/self/status]	VmSize:	  629352 kB
20220313 032453.459 INFO             PET0 PIOc_sync Enter - MemInfo: [/proc/self/status]	VmLck:	       0 kB
20220313 032453.459 INFO             PET0 PIOc_sync Enter - MemInfo: [/proc/self/status]	VmPin:	       0 kB
20220313 032453.459 INFO             PET0 PIOc_sync Enter - MemInfo: [/proc/self/status]	VmHWM:	   63560 kB
20220313 032453.459 INFO             PET0 PIOc_sync Enter - MemInfo: [/proc/self/status]	VmRSS:	   30708 kB
20220313 032453.459 INFO             PET0 PIOc_sync Enter - MemInfo: [/proc/self/status]	VmData:	  195576 kB
20220313 032453.459 INFO             PET0 PIOc_sync Enter - MemInfo: [/proc/self/status]	VmStk:	     144 kB
20220313 032453.459 INFO             PET0 PIOc_sync Enter - MemInfo: [/proc/self/status]	VmExe:	     204 kB
20220313 032453.459 INFO             PET0 PIOc_sync Enter - MemInfo: [/proc/self/status]	VmLib:	   59176 kB
20220313 032453.459 INFO             PET0 PIOc_sync Enter - MemInfo: [/proc/self/status]	VmPTE:	     892 kB
20220313 032453.459 INFO             PET0 PIOc_sync Enter - MemInfo: [/proc/self/status]	VmSwap:	       0 kB
20220313 032453.459 INFO             PET0 PIOc_sync Enter - MemInfo: [/proc/self/status]	VmRSSPercent: 0.0156327 %
20220313 032453.459 INFO             PET0 PIOc_sync Enter - MemInfo: [malloc] Non-mmapped space allocated:                 3457024 Byte
20220313 032453.459 INFO             PET0 PIOc_sync Enter - MemInfo: [malloc] Space allocated in mmapped regions:         10502144 Byte
20220313 032453.459 INFO             PET0 PIOc_sync Enter - MemInfo: [malloc] Maximum total allocated space:                     0 Byte
20220313 032453.459 INFO             PET0 PIOc_sync Enter - MemInfo: [malloc] Space in freed fastbin blocks:                   912 Byte
20220313 032453.459 INFO             PET0 PIOc_sync Enter - MemInfo: [malloc] Total allocated space:                       3098432 Byte
20220313 032453.459 INFO             PET0 PIOc_sync Enter - MemInfo: [malloc] Total free space:                             358592 Byte
20220313 032453.459 INFO             PET0 PIOc_sync Enter - MemInfo: [malloc] Top-most, releasable space:                   149392 Byte
20220313 032453.459 INFO             PET0 PIOc_sync Enter - MemInfo: [malloc] Total space in use, mmap + non-mmap:        13600576 Byte
20220313 032453.459 INFO             PET0 PIOc_sync Enter - MemInfo: [malloc] Total space held (mmap + non-mmap):         13959168 Byte
20220313 032453.459 INFO             PET0 PIOc_sync Enter - MemInfo: [malloc] Total space used (mmap + non-mmap):         13609920 Byte
20220313 032453.459 INFO             PET0 PIOc_sync Enter - MemInfo: Wall-clock time since execution start:              0.0125222 seconds
20220313 032453.459 INFO             PET0 PIOc_sync Exit - MemInfo: [/proc/meminfo - SSI]	MemTotal:       196434604 kB
20220313 032453.459 INFO             PET0 PIOc_sync Exit - MemInfo: [/proc/meminfo - SSI]	MemFree:        186432256 kB
20220313 032453.459 INFO             PET0 PIOc_sync Exit - MemInfo: [/proc/meminfo - SSI]	MemAvailable:   191862876 kB
20220313 032453.459 INFO             PET0 PIOc_sync Exit - MemInfo: [/proc/meminfo - SSI]	Committed_AS:     481872 kB
20220313 032453.459 INFO             PET0 PIOc_sync Exit - MemInfo: [/proc/meminfo - SSI]	CommittedPercent: 0.245309 %
20220313 032453.459 INFO             PET0 PIOc_sync Exit - MemInfo: [/proc/self/status]	VmPeak:	  629352 kB
20220313 032453.459 INFO             PET0 PIOc_sync Exit - MemInfo: [/proc/self/status]	VmSize:	  629352 kB
20220313 032453.459 INFO             PET0 PIOc_sync Exit - MemInfo: [/proc/self/status]	VmLck:	       0 kB
20220313 032453.459 INFO             PET0 PIOc_sync Exit - MemInfo: [/proc/self/status]	VmPin:	       0 kB
20220313 032453.459 INFO             PET0 PIOc_sync Exit - MemInfo: [/proc/self/status]	VmHWM:	   63560 kB
20220313 032453.459 INFO             PET0 PIOc_sync Exit - MemInfo: [/proc/self/status]	VmRSS:	   30824 kB
20220313 032453.459 INFO             PET0 PIOc_sync Exit - MemInfo: [/proc/self/status]	VmData:	  195576 kB
20220313 032453.459 INFO             PET0 PIOc_sync Exit - MemInfo: [/proc/self/status]	VmStk:	     144 kB
20220313 032453.459 INFO             PET0 PIOc_sync Exit - MemInfo: [/proc/self/status]	VmExe:	     204 kB
20220313 032453.459 INFO             PET0 PIOc_sync Exit - MemInfo: [/proc/self/status]	VmLib:	   59176 kB
20220313 032453.459 INFO             PET0 PIOc_sync Exit - MemInfo: [/proc/self/status]	VmPTE:	     892 kB
20220313 032453.459 INFO             PET0 PIOc_sync Exit - MemInfo: [/proc/self/status]	VmSwap:	       0 kB
20220313 032453.459 INFO             PET0 PIOc_sync Exit - MemInfo: [/proc/self/status]	VmRSSPercent: 0.0156917 %
20220313 032453.459 INFO             PET0 PIOc_sync Exit - MemInfo: [malloc] Non-mmapped space allocated:                 3457024 Byte
20220313 032453.459 INFO             PET0 PIOc_sync Exit - MemInfo: [malloc] Space allocated in mmapped regions:         10502144 Byte
20220313 032453.459 INFO             PET0 PIOc_sync Exit - MemInfo: [malloc] Maximum total allocated space:                     0 Byte
20220313 032453.459 INFO             PET0 PIOc_sync Exit - MemInfo: [malloc] Space in freed fastbin blocks:                   736 Byte
20220313 032453.459 INFO             PET0 PIOc_sync Exit - MemInfo: [malloc] Total allocated space:                       3099040 Byte
20220313 032453.459 INFO             PET0 PIOc_sync Exit - MemInfo: [malloc] Total free space:                             357984 Byte
20220313 032453.459 INFO             PET0 PIOc_sync Exit - MemInfo: [malloc] Top-most, releasable space:                   148752 Byte
20220313 032453.459 INFO             PET0 PIOc_sync Exit - MemInfo: [malloc] Total space in use, mmap + non-mmap:        13601184 Byte
20220313 032453.459 INFO             PET0 PIOc_sync Exit - MemInfo: [malloc] Total space held (mmap + non-mmap):         13959168 Byte
20220313 032453.459 INFO             PET0 PIOc_sync Exit - MemInfo: [malloc] Total space used (mmap + non-mmap):         13610528 Byte
20220313 032453.459 INFO             PET0 PIOc_sync Exit - MemInfo: Wall-clock time since execution start:              0.0130813 seconds
20220313 032453.460 INFO             PET0 PIOc_freedecomp Enter - MemInfo: [/proc/meminfo - SSI]	MemTotal:       196434604 kB
20220313 032453.460 INFO             PET0 PIOc_freedecomp Enter - MemInfo: [/proc/meminfo - SSI]	MemFree:        186439408 kB
20220313 032453.460 INFO             PET0 PIOc_freedecomp Enter - MemInfo: [/proc/meminfo - SSI]	MemAvailable:   191870028 kB
20220313 032453.460 INFO             PET0 PIOc_freedecomp Enter - MemInfo: [/proc/meminfo - SSI]	Committed_AS:     473676 kB
20220313 032453.460 INFO             PET0 PIOc_freedecomp Enter - MemInfo: [/proc/meminfo - SSI]	CommittedPercent: 0.241137 %
20220313 032453.460 INFO             PET0 PIOc_freedecomp Enter - MemInfo: [/proc/self/status]	VmPeak:	  629352 kB
20220313 032453.460 INFO             PET0 PIOc_freedecomp Enter - MemInfo: [/proc/self/status]	VmSize:	  620640 kB
20220313 032453.460 INFO             PET0 PIOc_freedecomp Enter - MemInfo: [/proc/self/status]	VmLck:	       0 kB
20220313 032453.460 INFO             PET0 PIOc_freedecomp Enter - MemInfo: [/proc/self/status]	VmPin:	       0 kB
20220313 032453.460 INFO             PET0 PIOc_freedecomp Enter - MemInfo: [/proc/self/status]	VmHWM:	   63560 kB
20220313 032453.460 INFO             PET0 PIOc_freedecomp Enter - MemInfo: [/proc/self/status]	VmRSS:	   22624 kB
20220313 032453.460 INFO             PET0 PIOc_freedecomp Enter - MemInfo: [/proc/self/status]	VmData:	  186864 kB
20220313 032453.460 INFO             PET0 PIOc_freedecomp Enter - MemInfo: [/proc/self/status]	VmStk:	     144 kB
20220313 032453.460 INFO             PET0 PIOc_freedecomp Enter - MemInfo: [/proc/self/status]	VmExe:	     204 kB
20220313 032453.460 INFO             PET0 PIOc_freedecomp Enter - MemInfo: [/proc/self/status]	VmLib:	   59176 kB
20220313 032453.460 INFO             PET0 PIOc_freedecomp Enter - MemInfo: [/proc/self/status]	VmPTE:	     876 kB
20220313 032453.460 INFO             PET0 PIOc_freedecomp Enter - MemInfo: [/proc/self/status]	VmSwap:	       0 kB
20220313 032453.460 INFO             PET0 PIOc_freedecomp Enter - MemInfo: [/proc/self/status]	VmRSSPercent: 0.0115173 %
20220313 032453.460 INFO             PET0 PIOc_freedecomp Enter - MemInfo: [malloc] Non-mmapped space allocated:                 3457024 Byte
20220313 032453.460 INFO             PET0 PIOc_freedecomp Enter - MemInfo: [malloc] Space allocated in mmapped regions:          1581056 Byte
20220313 032453.460 INFO             PET0 PIOc_freedecomp Enter - MemInfo: [malloc] Maximum total allocated space:                     0 Byte
20220313 032453.460 INFO             PET0 PIOc_freedecomp Enter - MemInfo: [malloc] Space in freed fastbin blocks:                  2192 Byte
20220313 032453.460 INFO             PET0 PIOc_freedecomp Enter - MemInfo: [malloc] Total allocated space:                       3085728 Byte
20220313 032453.460 INFO             PET0 PIOc_freedecomp Enter - MemInfo: [malloc] Total free space:                             371296 Byte
20220313 032453.460 INFO             PET0 PIOc_freedecomp Enter - MemInfo: [malloc] Top-most, releasable space:                   148432 Byte
20220313 032453.460 INFO             PET0 PIOc_freedecomp Enter - MemInfo: [malloc] Total space in use, mmap + non-mmap:         4666784 Byte
20220313 032453.460 INFO             PET0 PIOc_freedecomp Enter - MemInfo: [malloc] Total space held (mmap + non-mmap):          5038080 Byte
20220313 032453.460 INFO             PET0 PIOc_freedecomp Enter - MemInfo: [malloc] Total space used (mmap + non-mmap):          4676128 Byte
20220313 032453.460 INFO             PET0 PIOc_freedecomp Enter - MemInfo: Wall-clock time since execution start:              0.0139157 seconds
20220313 032453.461 INFO             PET0 PIOc_freedecomp Exit - MemInfo: [/proc/meminfo - SSI]	MemTotal:       196434604 kB
20220313 032453.461 INFO             PET0 PIOc_freedecomp Exit - MemInfo: [/proc/meminfo - SSI]	MemFree:        186439408 kB
20220313 032453.461 INFO             PET0 PIOc_freedecomp Exit - MemInfo: [/proc/meminfo - SSI]	MemAvailable:   191870028 kB
20220313 032453.461 INFO             PET0 PIOc_freedecomp Exit - MemInfo: [/proc/meminfo - SSI]	Committed_AS:     473676 kB
20220313 032453.461 INFO             PET0 PIOc_freedecomp Exit - MemInfo: [/proc/meminfo - SSI]	CommittedPercent: 0.241137 %
20220313 032453.461 INFO             PET0 PIOc_freedecomp Exit - MemInfo: [/proc/self/status]	VmPeak:	  629352 kB
20220313 032453.461 INFO             PET0 PIOc_freedecomp Exit - MemInfo: [/proc/self/status]	VmSize:	  620640 kB
20220313 032453.461 INFO             PET0 PIOc_freedecomp Exit - MemInfo: [/proc/self/status]	VmLck:	       0 kB
20220313 032453.461 INFO             PET0 PIOc_freedecomp Exit - MemInfo: [/proc/self/status]	VmPin:	       0 kB
20220313 032453.461 INFO             PET0 PIOc_freedecomp Exit - MemInfo: [/proc/self/status]	VmHWM:	   63560 kB
20220313 032453.461 INFO             PET0 PIOc_freedecomp Exit - MemInfo: [/proc/self/status]	VmRSS:	   22628 kB
20220313 032453.461 INFO             PET0 PIOc_freedecomp Exit - MemInfo: [/proc/self/status]	VmData:	  186864 kB
20220313 032453.461 INFO             PET0 PIOc_freedecomp Exit - MemInfo: [/proc/self/status]	VmStk:	     144 kB
20220313 032453.461 INFO             PET0 PIOc_freedecomp Exit - MemInfo: [/proc/self/status]	VmExe:	     204 kB
20220313 032453.461 INFO             PET0 PIOc_freedecomp Exit - MemInfo: [/proc/self/status]	VmLib:	   59176 kB
20220313 032453.461 INFO             PET0 PIOc_freedecomp Exit - MemInfo: [/proc/self/status]	VmPTE:	     876 kB
20220313 032453.461 INFO             PET0 PIOc_freedecomp Exit - MemInfo: [/proc/self/status]	VmSwap:	       0 kB
20220313 032453.461 INFO             PET0 PIOc_freedecomp Exit - MemInfo: [/proc/self/status]	VmRSSPercent: 0.0115194 %
20220313 032453.461 INFO             PET0 PIOc_freedecomp Exit - MemInfo: [malloc] Non-mmapped space allocated:                 3457024 Byte
20220313 032453.461 INFO             PET0 PIOc_freedecomp Exit - MemInfo: [malloc] Space allocated in mmapped regions:          1581056 Byte
20220313 032453.461 INFO             PET0 PIOc_freedecomp Exit - MemInfo: [malloc] Maximum total allocated space:                     0 Byte
20220313 032453.461 INFO             PET0 PIOc_freedecomp Exit - MemInfo: [malloc] Space in freed fastbin blocks:                  1936 Byte
20220313 032453.461 INFO             PET0 PIOc_freedecomp Exit - MemInfo: [malloc] Total allocated space:                       3083072 Byte
20220313 032453.461 INFO             PET0 PIOc_freedecomp Exit - MemInfo: [malloc] Total free space:                             373952 Byte
20220313 032453.461 INFO             PET0 PIOc_freedecomp Exit - MemInfo: [malloc] Top-most, releasable space:                   148912 Byte
20220313 032453.461 INFO             PET0 PIOc_freedecomp Exit - MemInfo: [malloc] Total space in use, mmap + non-mmap:         4664128 Byte
20220313 032453.461 INFO             PET0 PIOc_freedecomp Exit - MemInfo: [malloc] Total space held (mmap + non-mmap):          5038080 Byte
20220313 032453.461 INFO             PET0 PIOc_freedecomp Exit - MemInfo: [malloc] Total space used (mmap + non-mmap):          4673472 Byte
20220313 032453.461 INFO             PET0 PIOc_freedecomp Exit - MemInfo: Wall-clock time since execution start:              0.0143735 seconds
20220313 032453.462 INFO             PET0 PIOc_sync Enter - MemInfo: [/proc/meminfo - SSI]	MemTotal:       196434604 kB
20220313 032453.462 INFO             PET0 PIOc_sync Enter - MemInfo: [/proc/meminfo - SSI]	MemFree:        186435420 kB
20220313 032453.462 INFO             PET0 PIOc_sync Enter - MemInfo: [/proc/meminfo - SSI]	MemAvailable:   191866040 kB
20220313 032453.462 INFO             PET0 PIOc_sync Enter - MemInfo: [/proc/meminfo - SSI]	Committed_AS:     481832 kB
20220313 032453.462 INFO             PET0 PIOc_sync Enter - MemInfo: [/proc/meminfo - SSI]	CommittedPercent: 0.245289 %
20220313 032453.463 INFO             PET0 PIOc_sync Enter - MemInfo: [/proc/self/status]	VmPeak:	  629352 kB
20220313 032453.463 INFO             PET0 PIOc_sync Enter - MemInfo: [/proc/self/status]	VmSize:	  629312 kB
20220313 032453.463 INFO             PET0 PIOc_sync Enter - MemInfo: [/proc/self/status]	VmLck:	       0 kB
20220313 032453.463 INFO             PET0 PIOc_sync Enter - MemInfo: [/proc/self/status]	VmPin:	       0 kB
20220313 032453.463 INFO             PET0 PIOc_sync Enter - MemInfo: [/proc/self/status]	VmHWM:	   63560 kB
20220313 032453.463 INFO             PET0 PIOc_sync Enter - MemInfo: [/proc/self/status]	VmRSS:	   27040 kB
20220313 032453.463 INFO             PET0 PIOc_sync Enter - MemInfo: [/proc/self/status]	VmData:	  195536 kB
20220313 032453.463 INFO             PET0 PIOc_sync Enter - MemInfo: [/proc/self/status]	VmStk:	     144 kB
20220313 032453.463 INFO             PET0 PIOc_sync Enter - MemInfo: [/proc/self/status]	VmExe:	     204 kB
20220313 032453.463 INFO             PET0 PIOc_sync Enter - MemInfo: [/proc/self/status]	VmLib:	   59176 kB
20220313 032453.463 INFO             PET0 PIOc_sync Enter - MemInfo: [/proc/self/status]	VmPTE:	     888 kB
20220313 032453.463 INFO             PET0 PIOc_sync Enter - MemInfo: [/proc/self/status]	VmSwap:	       0 kB
20220313 032453.463 INFO             PET0 PIOc_sync Enter - MemInfo: [/proc/self/status]	VmRSSPercent: 0.0137654 %
20220313 032453.463 INFO             PET0 PIOc_sync Enter - MemInfo: [malloc] Non-mmapped space allocated:                12337152 Byte
20220313 032453.463 INFO             PET0 PIOc_sync Enter - MemInfo: [malloc] Space allocated in mmapped regions:          1581056 Byte
20220313 032453.463 INFO             PET0 PIOc_sync Enter - MemInfo: [malloc] Maximum total allocated space:                     0 Byte
20220313 032453.463 INFO             PET0 PIOc_sync Enter - MemInfo: [malloc] Space in freed fastbin blocks:                  1520 Byte
20220313 032453.463 INFO             PET0 PIOc_sync Enter - MemInfo: [malloc] Total allocated space:                      12012096 Byte
20220313 032453.463 INFO             PET0 PIOc_sync Enter - MemInfo: [malloc] Total free space:                             325056 Byte
20220313 032453.463 INFO             PET0 PIOc_sync Enter - MemInfo: [malloc] Top-most, releasable space:                   115200 Byte
20220313 032453.463 INFO             PET0 PIOc_sync Enter - MemInfo: [malloc] Total space in use, mmap + non-mmap:        13593152 Byte
20220313 032453.463 INFO             PET0 PIOc_sync Enter - MemInfo: [malloc] Total space held (mmap + non-mmap):         13918208 Byte
20220313 032453.463 INFO             PET0 PIOc_sync Enter - MemInfo: [malloc] Total space used (mmap + non-mmap):         13602496 Byte
20220313 032453.463 INFO             PET0 PIOc_sync Enter - MemInfo: Wall-clock time since execution start:              0.0163129 seconds
20220313 032453.463 INFO             PET0 PIOc_sync Exit - MemInfo: [/proc/meminfo - SSI]	MemTotal:       196434604 kB
20220313 032453.463 INFO             PET0 PIOc_sync Exit - MemInfo: [/proc/meminfo - SSI]	MemFree:        186435420 kB
20220313 032453.463 INFO             PET0 PIOc_sync Exit - MemInfo: [/proc/meminfo - SSI]	MemAvailable:   191866040 kB
20220313 032453.463 INFO             PET0 PIOc_sync Exit - MemInfo: [/proc/meminfo - SSI]	Committed_AS:     481832 kB
20220313 032453.463 INFO             PET0 PIOc_sync Exit - MemInfo: [/proc/meminfo - SSI]	CommittedPercent: 0.245289 %
20220313 032453.463 INFO             PET0 PIOc_sync Exit - MemInfo: [/proc/self/status]	VmPeak:	  629352 kB
20220313 032453.463 INFO             PET0 PIOc_sync Exit - MemInfo: [/proc/self/status]	VmSize:	  629312 kB
20220313 032453.463 INFO             PET0 PIOc_sync Exit - MemInfo: [/proc/self/status]	VmLck:	       0 kB
20220313 032453.463 INFO             PET0 PIOc_sync Exit - MemInfo: [/proc/self/status]	VmPin:	       0 kB
20220313 032453.463 INFO             PET0 PIOc_sync Exit - MemInfo: [/proc/self/status]	VmHWM:	   63560 kB
20220313 032453.463 INFO             PET0 PIOc_sync Exit - MemInfo: [/proc/self/status]	VmRSS:	   27056 kB
20220313 032453.463 INFO             PET0 PIOc_sync Exit - MemInfo: [/proc/self/status]	VmData:	  195536 kB
20220313 032453.463 INFO             PET0 PIOc_sync Exit - MemInfo: [/proc/self/status]	VmStk:	     144 kB
20220313 032453.463 INFO             PET0 PIOc_sync Exit - MemInfo: [/proc/self/status]	VmExe:	     204 kB
20220313 032453.463 INFO             PET0 PIOc_sync Exit - MemInfo: [/proc/self/status]	VmLib:	   59176 kB
20220313 032453.463 INFO             PET0 PIOc_sync Exit - MemInfo: [/proc/self/status]	VmPTE:	     888 kB
20220313 032453.463 INFO             PET0 PIOc_sync Exit - MemInfo: [/proc/self/status]	VmSwap:	       0 kB
20220313 032453.463 INFO             PET0 PIOc_sync Exit - MemInfo: [/proc/self/status]	VmRSSPercent: 0.0137735 %
20220313 032453.463 INFO             PET0 PIOc_sync Exit - MemInfo: [malloc] Non-mmapped space allocated:                12337152 Byte
20220313 032453.463 INFO             PET0 PIOc_sync Exit - MemInfo: [malloc] Space allocated in mmapped regions:          1581056 Byte
20220313 032453.463 INFO             PET0 PIOc_sync Exit - MemInfo: [malloc] Maximum total allocated space:                     0 Byte
20220313 032453.463 INFO             PET0 PIOc_sync Exit - MemInfo: [malloc] Space in freed fastbin blocks:                   352 Byte
20220313 032453.463 INFO             PET0 PIOc_sync Exit - MemInfo: [malloc] Total allocated space:                      12012704 Byte
20220313 032453.463 INFO             PET0 PIOc_sync Exit - MemInfo: [malloc] Total free space:                             324448 Byte
20220313 032453.463 INFO             PET0 PIOc_sync Exit - MemInfo: [malloc] Top-most, releasable space:                   115104 Byte
20220313 032453.463 INFO             PET0 PIOc_sync Exit - MemInfo: [malloc] Total space in use, mmap + non-mmap:        13593760 Byte
20220313 032453.463 INFO             PET0 PIOc_sync Exit - MemInfo: [malloc] Total space held (mmap + non-mmap):         13918208 Byte
20220313 032453.463 INFO             PET0 PIOc_sync Exit - MemInfo: [malloc] Total space used (mmap + non-mmap):         13603104 Byte
20220313 032453.463 INFO             PET0 PIOc_sync Exit - MemInfo: Wall-clock time since execution start:              0.0167926 seconds
20220313 032453.464 INFO             PET0 PIOc_freedecomp Enter - MemInfo: [/proc/meminfo - SSI]	MemTotal:       196434604 kB
20220313 032453.464 INFO             PET0 PIOc_freedecomp Enter - MemInfo: [/proc/meminfo - SSI]	MemFree:        186435420 kB
20220313 032453.464 INFO             PET0 PIOc_freedecomp Enter - MemInfo: [/proc/meminfo - SSI]	MemAvailable:   191866040 kB
20220313 032453.464 INFO             PET0 PIOc_freedecomp Enter - MemInfo: [/proc/meminfo - SSI]	Committed_AS:     481832 kB
20220313 032453.464 INFO             PET0 PIOc_freedecomp Enter - MemInfo: [/proc/meminfo - SSI]	CommittedPercent: 0.245289 %
20220313 032453.464 INFO             PET0 PIOc_freedecomp Enter - MemInfo: [/proc/self/status]	VmPeak:	  629352 kB
20220313 032453.464 INFO             PET0 PIOc_freedecomp Enter - MemInfo: [/proc/self/status]	VmSize:	  629312 kB
20220313 032453.464 INFO             PET0 PIOc_freedecomp Enter - MemInfo: [/proc/self/status]	VmLck:	       0 kB
20220313 032453.464 INFO             PET0 PIOc_freedecomp Enter - MemInfo: [/proc/self/status]	VmPin:	       0 kB
20220313 032453.464 INFO             PET0 PIOc_freedecomp Enter - MemInfo: [/proc/self/status]	VmHWM:	   63560 kB
20220313 032453.464 INFO             PET0 PIOc_freedecomp Enter - MemInfo: [/proc/self/status]	VmRSS:	   27056 kB
20220313 032453.464 INFO             PET0 PIOc_freedecomp Enter - MemInfo: [/proc/self/status]	VmData:	  195536 kB
20220313 032453.464 INFO             PET0 PIOc_freedecomp Enter - MemInfo: [/proc/self/status]	VmStk:	     144 kB
20220313 032453.464 INFO             PET0 PIOc_freedecomp Enter - MemInfo: [/proc/self/status]	VmExe:	     204 kB
20220313 032453.464 INFO             PET0 PIOc_freedecomp Enter - MemInfo: [/proc/self/status]	VmLib:	   59176 kB
20220313 032453.464 INFO             PET0 PIOc_freedecomp Enter - MemInfo: [/proc/self/status]	VmPTE:	     888 kB
20220313 032453.464 INFO             PET0 PIOc_freedecomp Enter - MemInfo: [/proc/self/status]	VmSwap:	       0 kB
20220313 032453.464 INFO             PET0 PIOc_freedecomp Enter - MemInfo: [/proc/self/status]	VmRSSPercent: 0.0137735 %
20220313 032453.464 INFO             PET0 PIOc_freedecomp Enter - MemInfo: [malloc] Non-mmapped space allocated:                12337152 Byte
20220313 032453.464 INFO             PET0 PIOc_freedecomp Enter - MemInfo: [malloc] Space allocated in mmapped regions:          1581056 Byte
20220313 032453.464 INFO             PET0 PIOc_freedecomp Enter - MemInfo: [malloc] Maximum total allocated space:                     0 Byte
20220313 032453.464 INFO             PET0 PIOc_freedecomp Enter - MemInfo: [malloc] Space in freed fastbin blocks:                  1088 Byte
20220313 032453.464 INFO             PET0 PIOc_freedecomp Enter - MemInfo: [malloc] Total allocated space:                       3085712 Byte
20220313 032453.464 INFO             PET0 PIOc_freedecomp Enter - MemInfo: [malloc] Total free space:                            9251440 Byte
20220313 032453.464 INFO             PET0 PIOc_freedecomp Enter - MemInfo: [malloc] Top-most, releasable space:                   115104 Byte
20220313 032453.464 INFO             PET0 PIOc_freedecomp Enter - MemInfo: [malloc] Total space in use, mmap + non-mmap:         4666768 Byte
20220313 032453.464 INFO             PET0 PIOc_freedecomp Enter - MemInfo: [malloc] Total space held (mmap + non-mmap):         13918208 Byte
20220313 032453.464 INFO             PET0 PIOc_freedecomp Enter - MemInfo: [malloc] Total space used (mmap + non-mmap):          4676112 Byte
20220313 032453.464 INFO             PET0 PIOc_freedecomp Enter - MemInfo: Wall-clock time since execution start:              0.0174084 seconds
20220313 032453.464 INFO             PET0 PIOc_freedecomp Exit - MemInfo: [/proc/meminfo - SSI]	MemTotal:       196434604 kB
20220313 032453.464 INFO             PET0 PIOc_freedecomp Exit - MemInfo: [/proc/meminfo - SSI]	MemFree:        186435420 kB
20220313 032453.464 INFO             PET0 PIOc_freedecomp Exit - MemInfo: [/proc/meminfo - SSI]	MemAvailable:   191866040 kB
20220313 032453.464 INFO             PET0 PIOc_freedecomp Exit - MemInfo: [/proc/meminfo - SSI]	Committed_AS:     481832 kB
20220313 032453.464 INFO             PET0 PIOc_freedecomp Exit - MemInfo: [/proc/meminfo - SSI]	CommittedPercent: 0.245289 %
20220313 032453.464 INFO             PET0 PIOc_freedecomp Exit - MemInfo: [/proc/self/status]	VmPeak:	  629352 kB
20220313 032453.464 INFO             PET0 PIOc_freedecomp Exit - MemInfo: [/proc/self/status]	VmSize:	  629312 kB
20220313 032453.464 INFO             PET0 PIOc_freedecomp Exit - MemInfo: [/proc/self/status]	VmLck:	       0 kB
20220313 032453.464 INFO             PET0 PIOc_freedecomp Exit - MemInfo: [/proc/self/status]	VmPin:	       0 kB
20220313 032453.464 INFO             PET0 PIOc_freedecomp Exit - MemInfo: [/proc/self/status]	VmHWM:	   63560 kB
20220313 032453.464 INFO             PET0 PIOc_freedecomp Exit - MemInfo: [/proc/self/status]	VmRSS:	   27056 kB
20220313 032453.464 INFO             PET0 PIOc_freedecomp Exit - MemInfo: [/proc/self/status]	VmData:	  195536 kB
20220313 032453.464 INFO             PET0 PIOc_freedecomp Exit - MemInfo: [/proc/self/status]	VmStk:	     144 kB
20220313 032453.464 INFO             PET0 PIOc_freedecomp Exit - MemInfo: [/proc/self/status]	VmExe:	     204 kB
20220313 032453.464 INFO             PET0 PIOc_freedecomp Exit - MemInfo: [/proc/self/status]	VmLib:	   59176 kB
20220313 032453.464 INFO             PET0 PIOc_freedecomp Exit - MemInfo: [/proc/self/status]	VmPTE:	     888 kB
20220313 032453.464 INFO             PET0 PIOc_freedecomp Exit - MemInfo: [/proc/self/status]	VmSwap:	       0 kB
20220313 032453.464 INFO             PET0 PIOc_freedecomp Exit - MemInfo: [/proc/self/status]	VmRSSPercent: 0.0137735 %
20220313 032453.464 INFO             PET0 PIOc_freedecomp Exit - MemInfo: [malloc] Non-mmapped space allocated:                12337152 Byte
20220313 032453.464 INFO             PET0 PIOc_freedecomp Exit - MemInfo: [malloc] Space allocated in mmapped regions:          1581056 Byte
20220313 032453.464 INFO             PET0 PIOc_freedecomp Exit - MemInfo: [malloc] Maximum total allocated space:                     0 Byte
20220313 032453.464 INFO             PET0 PIOc_freedecomp Exit - MemInfo: [malloc] Space in freed fastbin blocks:                  1920 Byte
20220313 032453.464 INFO             PET0 PIOc_freedecomp Exit - MemInfo: [malloc] Total allocated space:                       3083056 Byte
20220313 032453.464 INFO             PET0 PIOc_freedecomp Exit - MemInfo: [malloc] Total free space:                            9254096 Byte
20220313 032453.464 INFO             PET0 PIOc_freedecomp Exit - MemInfo: [malloc] Top-most, releasable space:                   115104 Byte
20220313 032453.464 INFO             PET0 PIOc_freedecomp Exit - MemInfo: [malloc] Total space in use, mmap + non-mmap:         4664112 Byte
20220313 032453.464 INFO             PET0 PIOc_freedecomp Exit - MemInfo: [malloc] Total space held (mmap + non-mmap):         13918208 Byte
20220313 032453.464 INFO             PET0 PIOc_freedecomp Exit - MemInfo: [malloc] Total space used (mmap + non-mmap):          4673456 Byte
20220313 032453.464 INFO             PET0 PIOc_freedecomp Exit - MemInfo: Wall-clock time since execution start:              0.0178511 seconds
20220313 032453.466 INFO             PET0 PIOc_sync Enter - MemInfo: [/proc/meminfo - SSI]	MemTotal:       196434604 kB
20220313 032453.466 INFO             PET0 PIOc_sync Enter - MemInfo: [/proc/meminfo - SSI]	MemFree:        186435420 kB
20220313 032453.466 INFO             PET0 PIOc_sync Enter - MemInfo: [/proc/meminfo - SSI]	MemAvailable:   191866040 kB
20220313 032453.466 INFO             PET0 PIOc_sync Enter - MemInfo: [/proc/meminfo - SSI]	Committed_AS:     481832 kB
20220313 032453.466 INFO             PET0 PIOc_sync Enter - MemInfo: [/proc/meminfo - SSI]	CommittedPercent: 0.245289 %
20220313 032453.466 INFO             PET0 PIOc_sync Enter - MemInfo: [/proc/self/status]	VmPeak:	  629352 kB
20220313 032453.466 INFO             PET0 PIOc_sync Enter - MemInfo: [/proc/self/status]	VmSize:	  629312 kB
20220313 032453.466 INFO             PET0 PIOc_sync Enter - MemInfo: [/proc/self/status]	VmLck:	       0 kB
20220313 032453.466 INFO             PET0 PIOc_sync Enter - MemInfo: [/proc/self/status]	VmPin:	       0 kB
20220313 032453.466 INFO             PET0 PIOc_sync Enter - MemInfo: [/proc/self/status]	VmHWM:	   63560 kB
20220313 032453.466 INFO             PET0 PIOc_sync Enter - MemInfo: [/proc/self/status]	VmRSS:	   27400 kB
20220313 032453.466 INFO             PET0 PIOc_sync Enter - MemInfo: [/proc/self/status]	VmData:	  195536 kB
20220313 032453.466 INFO             PET0 PIOc_sync Enter - MemInfo: [/proc/self/status]	VmStk:	     144 kB
20220313 032453.466 INFO             PET0 PIOc_sync Enter - MemInfo: [/proc/self/status]	VmExe:	     204 kB
20220313 032453.466 INFO             PET0 PIOc_sync Enter - MemInfo: [/proc/self/status]	VmLib:	   59176 kB
20220313 032453.466 INFO             PET0 PIOc_sync Enter - MemInfo: [/proc/self/status]	VmPTE:	     888 kB
20220313 032453.466 INFO             PET0 PIOc_sync Enter - MemInfo: [/proc/self/status]	VmSwap:	       0 kB
20220313 032453.466 INFO             PET0 PIOc_sync Enter - MemInfo: [/proc/self/status]	VmRSSPercent: 0.0139487 %
20220313 032453.466 INFO             PET0 PIOc_sync Enter - MemInfo: [malloc] Non-mmapped space allocated:                12337152 Byte
20220313 032453.466 INFO             PET0 PIOc_sync Enter - MemInfo: [malloc] Space allocated in mmapped regions:          1581056 Byte
20220313 032453.466 INFO             PET0 PIOc_sync Enter - MemInfo: [malloc] Maximum total allocated space:                     0 Byte
20220313 032453.466 INFO             PET0 PIOc_sync Enter - MemInfo: [malloc] Space in freed fastbin blocks:                  1920 Byte
20220313 032453.466 INFO             PET0 PIOc_sync Enter - MemInfo: [malloc] Total allocated space:                      12012864 Byte
20220313 032453.466 INFO             PET0 PIOc_sync Enter - MemInfo: [malloc] Total free space:                             324288 Byte
20220313 032453.466 INFO             PET0 PIOc_sync Enter - MemInfo: [malloc] Top-most, releasable space:                   114032 Byte
20220313 032453.466 INFO             PET0 PIOc_sync Enter - MemInfo: [malloc] Total space in use, mmap + non-mmap:        13593920 Byte
20220313 032453.466 INFO             PET0 PIOc_sync Enter - MemInfo: [malloc] Total space held (mmap + non-mmap):         13918208 Byte
20220313 032453.466 INFO             PET0 PIOc_sync Enter - MemInfo: [malloc] Total space used (mmap + non-mmap):         13603264 Byte
20220313 032453.466 INFO             PET0 PIOc_sync Enter - MemInfo: Wall-clock time since execution start:               0.019473 seconds
20220313 032453.466 INFO             PET0 PIOc_sync Exit - MemInfo: [/proc/meminfo - SSI]	MemTotal:       196434604 kB
20220313 032453.466 INFO             PET0 PIOc_sync Exit - MemInfo: [/proc/meminfo - SSI]	MemFree:        186435420 kB
20220313 032453.466 INFO             PET0 PIOc_sync Exit - MemInfo: [/proc/meminfo - SSI]	MemAvailable:   191866040 kB
20220313 032453.466 INFO             PET0 PIOc_sync Exit - MemInfo: [/proc/meminfo - SSI]	Committed_AS:     481832 kB
20220313 032453.466 INFO             PET0 PIOc_sync Exit - MemInfo: [/proc/meminfo - SSI]	CommittedPercent: 0.245289 %
20220313 032453.466 INFO             PET0 PIOc_sync Exit - MemInfo: [/proc/self/status]	VmPeak:	  629352 kB
20220313 032453.466 INFO             PET0 PIOc_sync Exit - MemInfo: [/proc/self/status]	VmSize:	  629312 kB
20220313 032453.466 INFO             PET0 PIOc_sync Exit - MemInfo: [/proc/self/status]	VmLck:	       0 kB
20220313 032453.466 INFO             PET0 PIOc_sync Exit - MemInfo: [/proc/self/status]	VmPin:	       0 kB
20220313 032453.466 INFO             PET0 PIOc_sync Exit - MemInfo: [/proc/self/status]	VmHWM:	   63560 kB
20220313 032453.466 INFO             PET0 PIOc_sync Exit - MemInfo: [/proc/self/status]	VmRSS:	   27400 kB
20220313 032453.466 INFO             PET0 PIOc_sync Exit - MemInfo: [/proc/self/status]	VmData:	  195536 kB
20220313 032453.466 INFO             PET0 PIOc_sync Exit - MemInfo: [/proc/self/status]	VmStk:	     144 kB
20220313 032453.466 INFO             PET0 PIOc_sync Exit - MemInfo: [/proc/self/status]	VmExe:	     204 kB
20220313 032453.466 INFO             PET0 PIOc_sync Exit - MemInfo: [/proc/self/status]	VmLib:	   59176 kB
20220313 032453.466 INFO             PET0 PIOc_sync Exit - MemInfo: [/proc/self/status]	VmPTE:	     888 kB
20220313 032453.466 INFO             PET0 PIOc_sync Exit - MemInfo: [/proc/self/status]	VmSwap:	       0 kB
20220313 032453.466 INFO             PET0 PIOc_sync Exit - MemInfo: [/proc/self/status]	VmRSSPercent: 0.0139487 %
20220313 032453.466 INFO             PET0 PIOc_sync Exit - MemInfo: [malloc] Non-mmapped space allocated:                12337152 Byte
20220313 032453.466 INFO             PET0 PIOc_sync Exit - MemInfo: [malloc] Space allocated in mmapped regions:          1581056 Byte
20220313 032453.466 INFO             PET0 PIOc_sync Exit - MemInfo: [malloc] Maximum total allocated space:                     0 Byte
20220313 032453.466 INFO             PET0 PIOc_sync Exit - MemInfo: [malloc] Space in freed fastbin blocks:                   352 Byte
20220313 032453.466 INFO             PET0 PIOc_sync Exit - MemInfo: [malloc] Total allocated space:                      12013504 Byte
20220313 032453.466 INFO             PET0 PIOc_sync Exit - MemInfo: [malloc] Total free space:                             323648 Byte
20220313 032453.466 INFO             PET0 PIOc_sync Exit - MemInfo: [malloc] Top-most, releasable space:                   114432 Byte
20220313 032453.466 INFO             PET0 PIOc_sync Exit - MemInfo: [malloc] Total space in use, mmap + non-mmap:        13594560 Byte
20220313 032453.466 INFO             PET0 PIOc_sync Exit - MemInfo: [malloc] Total space held (mmap + non-mmap):         13918208 Byte
20220313 032453.466 INFO             PET0 PIOc_sync Exit - MemInfo: [malloc] Total space used (mmap + non-mmap):         13603904 Byte
20220313 032453.466 INFO             PET0 PIOc_sync Exit - MemInfo: Wall-clock time since execution start:              0.0199406 seconds
20220313 032453.467 INFO             PET0 PIOc_freedecomp Enter - MemInfo: [/proc/meminfo - SSI]	MemTotal:       196434604 kB
20220313 032453.467 INFO             PET0 PIOc_freedecomp Enter - MemInfo: [/proc/meminfo - SSI]	MemFree:        186435420 kB
20220313 032453.467 INFO             PET0 PIOc_freedecomp Enter - MemInfo: [/proc/meminfo - SSI]	MemAvailable:   191866040 kB
20220313 032453.467 INFO             PET0 PIOc_freedecomp Enter - MemInfo: [/proc/meminfo - SSI]	Committed_AS:     481832 kB
20220313 032453.467 INFO             PET0 PIOc_freedecomp Enter - MemInfo: [/proc/meminfo - SSI]	CommittedPercent: 0.245289 %
20220313 032453.467 INFO             PET0 PIOc_freedecomp Enter - MemInfo: [/proc/self/status]	VmPeak:	  629352 kB
20220313 032453.467 INFO             PET0 PIOc_freedecomp Enter - MemInfo: [/proc/self/status]	VmSize:	  629312 kB
20220313 032453.467 INFO             PET0 PIOc_freedecomp Enter - MemInfo: [/proc/self/status]	VmLck:	       0 kB
20220313 032453.467 INFO             PET0 PIOc_freedecomp Enter - MemInfo: [/proc/self/status]	VmPin:	       0 kB
20220313 032453.467 INFO             PET0 PIOc_freedecomp Enter - MemInfo: [/proc/self/status]	VmHWM:	   63560 kB
20220313 032453.467 INFO             PET0 PIOc_freedecomp Enter - MemInfo: [/proc/self/status]	VmRSS:	   27400 kB
20220313 032453.467 INFO             PET0 PIOc_freedecomp Enter - MemInfo: [/proc/self/status]	VmData:	  195536 kB
20220313 032453.467 INFO             PET0 PIOc_freedecomp Enter - MemInfo: [/proc/self/status]	VmStk:	     144 kB
20220313 032453.467 INFO             PET0 PIOc_freedecomp Enter - MemInfo: [/proc/self/status]	VmExe:	     204 kB
20220313 032453.467 INFO             PET0 PIOc_freedecomp Enter - MemInfo: [/proc/self/status]	VmLib:	   59176 kB
20220313 032453.467 INFO             PET0 PIOc_freedecomp Enter - MemInfo: [/proc/self/status]	VmPTE:	     888 kB
20220313 032453.467 INFO             PET0 PIOc_freedecomp Enter - MemInfo: [/proc/self/status]	VmSwap:	       0 kB
20220313 032453.467 INFO             PET0 PIOc_freedecomp Enter - MemInfo: [/proc/self/status]	VmRSSPercent: 0.0139487 %
20220313 032453.467 INFO             PET0 PIOc_freedecomp Enter - MemInfo: [malloc] Non-mmapped space allocated:                12337152 Byte
20220313 032453.467 INFO             PET0 PIOc_freedecomp Enter - MemInfo: [malloc] Space allocated in mmapped regions:          1581056 Byte
20220313 032453.467 INFO             PET0 PIOc_freedecomp Enter - MemInfo: [malloc] Maximum total allocated space:                     0 Byte
20220313 032453.467 INFO             PET0 PIOc_freedecomp Enter - MemInfo: [malloc] Space in freed fastbin blocks:                  1056 Byte
20220313 032453.467 INFO             PET0 PIOc_freedecomp Enter - MemInfo: [malloc] Total allocated space:                       3085760 Byte
20220313 032453.467 INFO             PET0 PIOc_freedecomp Enter - MemInfo: [malloc] Total free space:                            9251392 Byte
20220313 032453.467 INFO             PET0 PIOc_freedecomp Enter - MemInfo: [malloc] Top-most, releasable space:                   114432 Byte
20220313 032453.467 INFO             PET0 PIOc_freedecomp Enter - MemInfo: [malloc] Total space in use, mmap + non-mmap:         4666816 Byte
20220313 032453.467 INFO             PET0 PIOc_freedecomp Enter - MemInfo: [malloc] Total space held (mmap + non-mmap):         13918208 Byte
20220313 032453.467 INFO             PET0 PIOc_freedecomp Enter - MemInfo: [malloc] Total space used (mmap + non-mmap):          4676176 Byte
20220313 032453.467 INFO             PET0 PIOc_freedecomp Enter - MemInfo: Wall-clock time since execution start:              0.0205734 seconds
20220313 032453.467 INFO             PET0 PIOc_freedecomp Exit - MemInfo: [/proc/meminfo - SSI]	MemTotal:       196434604 kB
20220313 032453.467 INFO             PET0 PIOc_freedecomp Exit - MemInfo: [/proc/meminfo - SSI]	MemFree:        186435420 kB
20220313 032453.467 INFO             PET0 PIOc_freedecomp Exit - MemInfo: [/proc/meminfo - SSI]	MemAvailable:   191866040 kB
20220313 032453.467 INFO             PET0 PIOc_freedecomp Exit - MemInfo: [/proc/meminfo - SSI]	Committed_AS:     481832 kB
20220313 032453.467 INFO             PET0 PIOc_freedecomp Exit - MemInfo: [/proc/meminfo - SSI]	CommittedPercent: 0.245289 %
20220313 032453.467 INFO             PET0 PIOc_freedecomp Exit - MemInfo: [/proc/self/status]	VmPeak:	  629352 kB
20220313 032453.467 INFO             PET0 PIOc_freedecomp Exit - MemInfo: [/proc/self/status]	VmSize:	  629312 kB
20220313 032453.467 INFO             PET0 PIOc_freedecomp Exit - MemInfo: [/proc/self/status]	VmLck:	       0 kB
20220313 032453.467 INFO             PET0 PIOc_freedecomp Exit - MemInfo: [/proc/self/status]	VmPin:	       0 kB
20220313 032453.467 INFO             PET0 PIOc_freedecomp Exit - MemInfo: [/proc/self/status]	VmHWM:	   63560 kB
20220313 032453.467 INFO             PET0 PIOc_freedecomp Exit - MemInfo: [/proc/self/status]	VmRSS:	   27400 kB
20220313 032453.467 INFO             PET0 PIOc_freedecomp Exit - MemInfo: [/proc/self/status]	VmData:	  195536 kB
20220313 032453.467 INFO             PET0 PIOc_freedecomp Exit - MemInfo: [/proc/self/status]	VmStk:	     144 kB
20220313 032453.467 INFO             PET0 PIOc_freedecomp Exit - MemInfo: [/proc/self/status]	VmExe:	     204 kB
20220313 032453.467 INFO             PET0 PIOc_freedecomp Exit - MemInfo: [/proc/self/status]	VmLib:	   59176 kB
20220313 032453.467 INFO             PET0 PIOc_freedecomp Exit - MemInfo: [/proc/self/status]	VmPTE:	     888 kB
20220313 032453.467 INFO             PET0 PIOc_freedecomp Exit - MemInfo: [/proc/self/status]	VmSwap:	       0 kB
20220313 032453.467 INFO             PET0 PIOc_freedecomp Exit - MemInfo: [/proc/self/status]	VmRSSPercent: 0.0139487 %
20220313 032453.467 INFO             PET0 PIOc_freedecomp Exit - MemInfo: [malloc] Non-mmapped space allocated:                12337152 Byte
20220313 032453.467 INFO             PET0 PIOc_freedecomp Exit - MemInfo: [malloc] Space allocated in mmapped regions:          1581056 Byte
20220313 032453.467 INFO             PET0 PIOc_freedecomp Exit - MemInfo: [malloc] Maximum total allocated space:                     0 Byte
20220313 032453.467 INFO             PET0 PIOc_freedecomp Exit - MemInfo: [malloc] Space in freed fastbin blocks:                   960 Byte
20220313 032453.467 INFO             PET0 PIOc_freedecomp Exit - MemInfo: [malloc] Total allocated space:                       3083072 Byte
20220313 032453.467 INFO             PET0 PIOc_freedecomp Exit - MemInfo: [malloc] Total free space:                            9254080 Byte
20220313 032453.467 INFO             PET0 PIOc_freedecomp Exit - MemInfo: [malloc] Top-most, releasable space:                   119168 Byte
20220313 032453.467 INFO             PET0 PIOc_freedecomp Exit - MemInfo: [malloc] Total space in use, mmap + non-mmap:         4664128 Byte
20220313 032453.467 INFO             PET0 PIOc_freedecomp Exit - MemInfo: [malloc] Total space held (mmap + non-mmap):         13918208 Byte
20220313 032453.467 INFO             PET0 PIOc_freedecomp Exit - MemInfo: [malloc] Total space used (mmap + non-mmap):          4673472 Byte
20220313 032453.467 INFO             PET0 PIOc_freedecomp Exit - MemInfo: Wall-clock time since execution start:              0.0210208 seconds
20220313 032453.469 INFO             PET0 PIOc_sync Enter - MemInfo: [/proc/meminfo - SSI]	MemTotal:       196434604 kB
20220313 032453.469 INFO             PET0 PIOc_sync Enter - MemInfo: [/proc/meminfo - SSI]	MemFree:        186435420 kB
20220313 032453.469 INFO             PET0 PIOc_sync Enter - MemInfo: [/proc/meminfo - SSI]	MemAvailable:   191866040 kB
20220313 032453.469 INFO             PET0 PIOc_sync Enter - MemInfo: [/proc/meminfo - SSI]	Committed_AS:     481832 kB
20220313 032453.469 INFO             PET0 PIOc_sync Enter - MemInfo: [/proc/meminfo - SSI]	CommittedPercent: 0.245289 %
20220313 032453.469 INFO             PET0 PIOc_sync Enter - MemInfo: [/proc/self/status]	VmPeak:	  629352 kB
20220313 032453.469 INFO             PET0 PIOc_sync Enter - MemInfo: [/proc/self/status]	VmSize:	  629312 kB
20220313 032453.469 INFO             PET0 PIOc_sync Enter - MemInfo: [/proc/self/status]	VmLck:	       0 kB
20220313 032453.469 INFO             PET0 PIOc_sync Enter - MemInfo: [/proc/self/status]	VmPin:	       0 kB
20220313 032453.469 INFO             PET0 PIOc_sync Enter - MemInfo: [/proc/self/status]	VmHWM:	   63560 kB
20220313 032453.469 INFO             PET0 PIOc_sync Enter - MemInfo: [/proc/self/status]	VmRSS:	   27400 kB
20220313 032453.469 INFO             PET0 PIOc_sync Enter - MemInfo: [/proc/self/status]	VmData:	  195536 kB
20220313 032453.469 INFO             PET0 PIOc_sync Enter - MemInfo: [/proc/self/status]	VmStk:	     144 kB
20220313 032453.469 INFO             PET0 PIOc_sync Enter - MemInfo: [/proc/self/status]	VmExe:	     204 kB
20220313 032453.469 INFO             PET0 PIOc_sync Enter - MemInfo: [/proc/self/status]	VmLib:	   59176 kB
20220313 032453.469 INFO             PET0 PIOc_sync Enter - MemInfo: [/proc/self/status]	VmPTE:	     888 kB
20220313 032453.469 INFO             PET0 PIOc_sync Enter - MemInfo: [/proc/self/status]	VmSwap:	       0 kB
20220313 032453.469 INFO             PET0 PIOc_sync Enter - MemInfo: [/proc/self/status]	VmRSSPercent: 0.0139487 %
20220313 032453.469 INFO             PET0 PIOc_sync Enter - MemInfo: [malloc] Non-mmapped space allocated:                12337152 Byte
20220313 032453.469 INFO             PET0 PIOc_sync Enter - MemInfo: [malloc] Space allocated in mmapped regions:          1581056 Byte
20220313 032453.469 INFO             PET0 PIOc_sync Enter - MemInfo: [malloc] Maximum total allocated space:                     0 Byte
20220313 032453.469 INFO             PET0 PIOc_sync Enter - MemInfo: [malloc] Space in freed fastbin blocks:                  2336 Byte
20220313 032453.469 INFO             PET0 PIOc_sync Enter - MemInfo: [malloc] Total allocated space:                      12013616 Byte
20220313 032453.469 INFO             PET0 PIOc_sync Enter - MemInfo: [malloc] Total free space:                             323536 Byte
20220313 032453.469 INFO             PET0 PIOc_sync Enter - MemInfo: [malloc] Top-most, releasable space:                   112624 Byte
20220313 032453.469 INFO             PET0 PIOc_sync Enter - MemInfo: [malloc] Total space in use, mmap + non-mmap:        13594672 Byte
20220313 032453.469 INFO             PET0 PIOc_sync Enter - MemInfo: [malloc] Total space held (mmap + non-mmap):         13918208 Byte
20220313 032453.469 INFO             PET0 PIOc_sync Enter - MemInfo: [malloc] Total space used (mmap + non-mmap):         13604016 Byte
20220313 032453.469 INFO             PET0 PIOc_sync Enter - MemInfo: Wall-clock time since execution start:              0.0224469 seconds
20220313 032453.469 INFO             PET0 PIOc_sync Exit - MemInfo: [/proc/meminfo - SSI]	MemTotal:       196434604 kB
20220313 032453.469 INFO             PET0 PIOc_sync Exit - MemInfo: [/proc/meminfo - SSI]	MemFree:        186435420 kB
20220313 032453.469 INFO             PET0 PIOc_sync Exit - MemInfo: [/proc/meminfo - SSI]	MemAvailable:   191866040 kB
20220313 032453.469 INFO             PET0 PIOc_sync Exit - MemInfo: [/proc/meminfo - SSI]	Committed_AS:     481832 kB
20220313 032453.469 INFO             PET0 PIOc_sync Exit - MemInfo: [/proc/meminfo - SSI]	CommittedPercent: 0.245289 %
20220313 032453.469 INFO             PET0 PIOc_sync Exit - MemInfo: [/proc/self/status]	VmPeak:	  629352 kB
20220313 032453.469 INFO             PET0 PIOc_sync Exit - MemInfo: [/proc/self/status]	VmSize:	  629312 kB
20220313 032453.469 INFO             PET0 PIOc_sync Exit - MemInfo: [/proc/self/status]	VmLck:	       0 kB
20220313 032453.469 INFO             PET0 PIOc_sync Exit - MemInfo: [/proc/self/status]	VmPin:	       0 kB
20220313 032453.469 INFO             PET0 PIOc_sync Exit - MemInfo: [/proc/self/status]	VmHWM:	   63560 kB
20220313 032453.469 INFO             PET0 PIOc_sync Exit - MemInfo: [/proc/self/status]	VmRSS:	   27400 kB
20220313 032453.469 INFO             PET0 PIOc_sync Exit - MemInfo: [/proc/self/status]	VmData:	  195536 kB
20220313 032453.469 INFO             PET0 PIOc_sync Exit - MemInfo: [/proc/self/status]	VmStk:	     144 kB
20220313 032453.469 INFO             PET0 PIOc_sync Exit - MemInfo: [/proc/self/status]	VmExe:	     204 kB
20220313 032453.469 INFO             PET0 PIOc_sync Exit - MemInfo: [/proc/self/status]	VmLib:	   59176 kB
20220313 032453.469 INFO             PET0 PIOc_sync Exit - MemInfo: [/proc/self/status]	VmPTE:	     888 kB
20220313 032453.469 INFO             PET0 PIOc_sync Exit - MemInfo: [/proc/self/status]	VmSwap:	       0 kB
20220313 032453.469 INFO             PET0 PIOc_sync Exit - MemInfo: [/proc/self/status]	VmRSSPercent: 0.0139487 %
20220313 032453.469 INFO             PET0 PIOc_sync Exit - MemInfo: [malloc] Non-mmapped space allocated:                12337152 Byte
20220313 032453.469 INFO             PET0 PIOc_sync Exit - MemInfo: [malloc] Space allocated in mmapped regions:          1581056 Byte
20220313 032453.469 INFO             PET0 PIOc_sync Exit - MemInfo: [malloc] Maximum total allocated space:                     0 Byte
20220313 032453.469 INFO             PET0 PIOc_sync Exit - MemInfo: [malloc] Space in freed fastbin blocks:                  1184 Byte
20220313 032453.469 INFO             PET0 PIOc_sync Exit - MemInfo: [malloc] Total allocated space:                      12014240 Byte
20220313 032453.469 INFO             PET0 PIOc_sync Exit - MemInfo: [malloc] Total free space:                             322912 Byte
20220313 032453.469 INFO             PET0 PIOc_sync Exit - MemInfo: [malloc] Top-most, releasable space:                   112384 Byte
20220313 032453.469 INFO             PET0 PIOc_sync Exit - MemInfo: [malloc] Total space in use, mmap + non-mmap:        13595296 Byte
20220313 032453.469 INFO             PET0 PIOc_sync Exit - MemInfo: [malloc] Total space held (mmap + non-mmap):         13918208 Byte
20220313 032453.469 INFO             PET0 PIOc_sync Exit - MemInfo: [malloc] Total space used (mmap + non-mmap):         13604640 Byte
20220313 032453.469 INFO             PET0 PIOc_sync Exit - MemInfo: Wall-clock time since execution start:               0.022913 seconds
20220313 032453.470 INFO             PET0 PIOc_freedecomp Enter - MemInfo: [/proc/meminfo - SSI]	MemTotal:       196434604 kB
20220313 032453.470 INFO             PET0 PIOc_freedecomp Enter - MemInfo: [/proc/meminfo - SSI]	MemFree:        186435420 kB
20220313 032453.470 INFO             PET0 PIOc_freedecomp Enter - MemInfo: [/proc/meminfo - SSI]	MemAvailable:   191866040 kB
20220313 032453.470 INFO             PET0 PIOc_freedecomp Enter - MemInfo: [/proc/meminfo - SSI]	Committed_AS:     481832 kB
20220313 032453.470 INFO             PET0 PIOc_freedecomp Enter - MemInfo: [/proc/meminfo - SSI]	CommittedPercent: 0.245289 %
20220313 032453.470 INFO             PET0 PIOc_freedecomp Enter - MemInfo: [/proc/self/status]	VmPeak:	  629352 kB
20220313 032453.470 INFO             PET0 PIOc_freedecomp Enter - MemInfo: [/proc/self/status]	VmSize:	  629312 kB
20220313 032453.470 INFO             PET0 PIOc_freedecomp Enter - MemInfo: [/proc/self/status]	VmLck:	       0 kB
20220313 032453.470 INFO             PET0 PIOc_freedecomp Enter - MemInfo: [/proc/self/status]	VmPin:	       0 kB
20220313 032453.470 INFO             PET0 PIOc_freedecomp Enter - MemInfo: [/proc/self/status]	VmHWM:	   63560 kB
20220313 032453.470 INFO             PET0 PIOc_freedecomp Enter - MemInfo: [/proc/self/status]	VmRSS:	   27400 kB
20220313 032453.470 INFO             PET0 PIOc_freedecomp Enter - MemInfo: [/proc/self/status]	VmData:	  195536 kB
20220313 032453.470 INFO             PET0 PIOc_freedecomp Enter - MemInfo: [/proc/self/status]	VmStk:	     144 kB
20220313 032453.470 INFO             PET0 PIOc_freedecomp Enter - MemInfo: [/proc/self/status]	VmExe:	     204 kB
20220313 032453.470 INFO             PET0 PIOc_freedecomp Enter - MemInfo: [/proc/self/status]	VmLib:	   59176 kB
20220313 032453.470 INFO             PET0 PIOc_freedecomp Enter - MemInfo: [/proc/self/status]	VmPTE:	     888 kB
20220313 032453.470 INFO             PET0 PIOc_freedecomp Enter - MemInfo: [/proc/self/status]	VmSwap:	       0 kB
20220313 032453.470 INFO             PET0 PIOc_freedecomp Enter - MemInfo: [/proc/self/status]	VmRSSPercent: 0.0139487 %
20220313 032453.470 INFO             PET0 PIOc_freedecomp Enter - MemInfo: [malloc] Non-mmapped space allocated:                12337152 Byte
20220313 032453.470 INFO             PET0 PIOc_freedecomp Enter - MemInfo: [malloc] Space allocated in mmapped regions:          1581056 Byte
20220313 032453.470 INFO             PET0 PIOc_freedecomp Enter - MemInfo: [malloc] Maximum total allocated space:                     0 Byte
20220313 032453.470 INFO             PET0 PIOc_freedecomp Enter - MemInfo: [malloc] Space in freed fastbin blocks:                   864 Byte
20220313 032453.470 INFO             PET0 PIOc_freedecomp Enter - MemInfo: [malloc] Total allocated space:                       3085744 Byte
20220313 032453.470 INFO             PET0 PIOc_freedecomp Enter - MemInfo: [malloc] Total free space:                            9251408 Byte
20220313 032453.470 INFO             PET0 PIOc_freedecomp Enter - MemInfo: [malloc] Top-most, releasable space:                   114976 Byte
20220313 032453.470 INFO             PET0 PIOc_freedecomp Enter - MemInfo: [malloc] Total space in use, mmap + non-mmap:         4666800 Byte
20220313 032453.470 INFO             PET0 PIOc_freedecomp Enter - MemInfo: [malloc] Total space held (mmap + non-mmap):         13918208 Byte
20220313 032453.470 INFO             PET0 PIOc_freedecomp Enter - MemInfo: [malloc] Total space used (mmap + non-mmap):          4676160 Byte
20220313 032453.470 INFO             PET0 PIOc_freedecomp Enter - MemInfo: Wall-clock time since execution start:              0.0234989 seconds
20220313 032453.470 INFO             PET0 PIOc_freedecomp Exit - MemInfo: [/proc/meminfo - SSI]	MemTotal:       196434604 kB
20220313 032453.470 INFO             PET0 PIOc_freedecomp Exit - MemInfo: [/proc/meminfo - SSI]	MemFree:        186435420 kB
20220313 032453.470 INFO             PET0 PIOc_freedecomp Exit - MemInfo: [/proc/meminfo - SSI]	MemAvailable:   191866040 kB
20220313 032453.470 INFO             PET0 PIOc_freedecomp Exit - MemInfo: [/proc/meminfo - SSI]	Committed_AS:     481832 kB
20220313 032453.470 INFO             PET0 PIOc_freedecomp Exit - MemInfo: [/proc/meminfo - SSI]	CommittedPercent: 0.245289 %
20220313 032453.470 INFO             PET0 PIOc_freedecomp Exit - MemInfo: [/proc/self/status]	VmPeak:	  629352 kB
20220313 032453.470 INFO             PET0 PIOc_freedecomp Exit - MemInfo: [/proc/self/status]	VmSize:	  629312 kB
20220313 032453.470 INFO             PET0 PIOc_freedecomp Exit - MemInfo: [/proc/self/status]	VmLck:	       0 kB
20220313 032453.470 INFO             PET0 PIOc_freedecomp Exit - MemInfo: [/proc/self/status]	VmPin:	       0 kB
20220313 032453.470 INFO             PET0 PIOc_freedecomp Exit - MemInfo: [/proc/self/status]	VmHWM:	   63560 kB
20220313 032453.470 INFO             PET0 PIOc_freedecomp Exit - MemInfo: [/proc/self/status]	VmRSS:	   27400 kB
20220313 032453.470 INFO             PET0 PIOc_freedecomp Exit - MemInfo: [/proc/self/status]	VmData:	  195536 kB
20220313 032453.470 INFO             PET0 PIOc_freedecomp Exit - MemInfo: [/proc/self/status]	VmStk:	     144 kB
20220313 032453.470 INFO             PET0 PIOc_freedecomp Exit - MemInfo: [/proc/self/status]	VmExe:	     204 kB
20220313 032453.470 INFO             PET0 PIOc_freedecomp Exit - MemInfo: [/proc/self/status]	VmLib:	   59176 kB
20220313 032453.470 INFO             PET0 PIOc_freedecomp Exit - MemInfo: [/proc/self/status]	VmPTE:	     888 kB
20220313 032453.470 INFO             PET0 PIOc_freedecomp Exit - MemInfo: [/proc/self/status]	VmSwap:	       0 kB
20220313 032453.470 INFO             PET0 PIOc_freedecomp Exit - MemInfo: [/proc/self/status]	VmRSSPercent: 0.0139487 %
20220313 032453.470 INFO             PET0 PIOc_freedecomp Exit - MemInfo: [malloc] Non-mmapped space allocated:                12337152 Byte
20220313 032453.470 INFO             PET0 PIOc_freedecomp Exit - MemInfo: [malloc] Space allocated in mmapped regions:          1581056 Byte
20220313 032453.470 INFO             PET0 PIOc_freedecomp Exit - MemInfo: [malloc] Maximum total allocated space:                     0 Byte
20220313 032453.470 INFO             PET0 PIOc_freedecomp Exit - MemInfo: [malloc] Space in freed fastbin blocks:                  2304 Byte
20220313 032453.470 INFO             PET0 PIOc_freedecomp Exit - MemInfo: [malloc] Total allocated space:                       3083072 Byte
20220313 032453.470 INFO             PET0 PIOc_freedecomp Exit - MemInfo: [malloc] Total free space:                            9254080 Byte
20220313 032453.470 INFO             PET0 PIOc_freedecomp Exit - MemInfo: [malloc] Top-most, releasable space:                   114976 Byte
20220313 032453.470 INFO             PET0 PIOc_freedecomp Exit - MemInfo: [malloc] Total space in use, mmap + non-mmap:         4664128 Byte
20220313 032453.470 INFO             PET0 PIOc_freedecomp Exit - MemInfo: [malloc] Total space held (mmap + non-mmap):         13918208 Byte
20220313 032453.470 INFO             PET0 PIOc_freedecomp Exit - MemInfo: [malloc] Total space used (mmap + non-mmap):          4673472 Byte
20220313 032453.470 INFO             PET0 PIOc_freedecomp Exit - MemInfo: Wall-clock time since execution start:              0.0239395 seconds
20220313 032453.470 INFO             PET0 PASS Execute ESMC_RouteHandlePrint(), ESMC_FieldGridRegridCsrvUTest.C, line 526
20220313 032453.470 INFO             PET0 PASS Release an ESMC_RouteHandle via ESMC_FieldRegridRelease(), ESMC_FieldGridRegridCsrvUTest.C, line 534
20220313 032453.471 INFO             PET0 PASS Execute ESMC_FieldRegridGetArea() - source, ESMC_FieldGridRegridCsrvUTest.C, line 584
20220313 032453.471 INFO             PET0 PASS Execute ESMC_FieldRegridGetArea() - destination, ESMC_FieldGridRegridCsrvUTest.C, line 606
20220313 032453.471 INFO             PET0 PASS Regridding Validation, ESMC_FieldGridRegridCsrvUTest.C, line 671
20220313 032453.471 INFO             PET0 PASS Destroy ESMC_Field object, ESMC_FieldGridRegridCsrvUTest.C, line 685
20220313 032453.471 INFO             PET0 PASS Destroy ESMC_Field object, ESMC_FieldGridRegridCsrvUTest.C, line 693
20220313 032453.471 INFO             PET0 PASS Destroy ESMC_Grid object, ESMC_FieldGridRegridCsrvUTest.C, line 701
20220313 032453.471 INFO             PET0 PASS Destroy ESMC_Mesh object, ESMC_FieldGridRegridCsrvUTest.C, line 709
20220313 032453.471 INFO             PET0 Ending Test, file ESMC_FieldGridRegridCsrvUTest.C, line 714
20220313 032453.471 INFO             PET0 Finalizing ESMF
