build time -- 2022-03-12 04:11:32
20220312 043026.336 INFO             PET0 !!!!!!!!!!!!!!!!!!!!!!!!!!!!!!!!!!!!!!!!!!!!!!!!!!!!!!
20220312 043026.336 INFO             PET0 !!! THE ESMF_LOG IS SET TO OUTPUT ALL LOG MESSAGES !!!
20220312 043026.336 INFO             PET0 !!!     THIS MAY CAUSE SLOWDOWN IN PERFORMANCE     !!!
20220312 043026.336 INFO             PET0 !!! FOR PRODUCTION RUNS, USE:                      !!!
20220312 043026.336 INFO             PET0 !!!                   ESMF_LOGKIND_Multi_On_Error  !!!
20220312 043026.336 INFO             PET0 !!!!!!!!!!!!!!!!!!!!!!!!!!!!!!!!!!!!!!!!!!!!!!!!!!!!!!
20220312 043026.336 INFO             PET0 Running with ESMF Version   : v8.3.0b09-96-g559b459
20220312 043026.336 INFO             PET0 ESMF library build date/time: "Mar 12 2022" "04:10:25"
20220312 043026.336 INFO             PET0 ESMF library build location : /work/noaa/da/mpotts/sandbox/gfortran_8.3.0_openmpi_O_jedwards_pio_update2
20220312 043026.336 INFO             PET0 ESMF_COMM                   : openmpi
20220312 043026.337 INFO             PET0 ESMF_MOAB                   : enabled
20220312 043026.337 INFO             PET0 ESMF_LAPACK                 : enabled
20220312 043026.337 INFO             PET0 ESMF_NETCDF                 : enabled
20220312 043026.337 INFO             PET0 ESMF_PNETCDF                : disabled
20220312 043026.337 INFO             PET0 ESMF_PIO                    : enabled
20220312 043026.337 INFO             PET0 ESMF_YAMLCPP                : enabled
20220312 043026.337 INFO             PET0 Beginning Test, file ESMC_FieldRegridUTest.C, line 68
20220312 043026.337 INFO             PET0 Beginning Test, file ESMC_FieldRegridUTest.C, line 68NUMBER_OF_PROCESSORS 1
20220312 043026.337 INFO             PET0 PASS MeshCreate, ESMC_FieldRegridUTest.C, line 125
20220312 043026.337 INFO             PET0 PASS MeshAddNodes, ESMC_FieldRegridUTest.C, line 133
20220312 043026.337 INFO             PET0 PASS MeshAddElements, ESMC_FieldRegridUTest.C, line 142
20220312 043026.337 INFO             PET0 PASS MeshGetLocalNodeCount, ESMC_FieldRegridUTest.C, line 152
20220312 043026.337 INFO             PET0 PASS MeshGetLocalElementCount, ESMC_FieldRegridUTest.C, line 163
20220312 043026.337 INFO             PET0 PASS MeshCreate, ESMC_FieldRegridUTest.C, line 231
20220312 043026.337 INFO             PET0 PASS MeshAddNodes, ESMC_FieldRegridUTest.C, line 239
20220312 043026.338 INFO             PET0 PASS MeshAddElements, ESMC_FieldRegridUTest.C, line 248
20220312 043026.338 INFO             PET0 PASS MeshGetLocalNodeCount, ESMC_FieldRegridUTest.C, line 258
20220312 043026.338 INFO             PET0 PASS MeshGetLocalElementCount, ESMC_FieldRegridUTest.C, line 269
20220312 043026.338 INFO             PET0 PASS Create ESMC_Field object, ESMC_FieldRegridUTest.C, line 284
20220312 043026.338 INFO             PET0 PASS Create ESMC_Field object, ESMC_FieldRegridUTest.C, line 293
20220312 043026.338 INFO             PET0 PASS Get a void * C pointer to data from ESMC_Field object, ESMC_FieldRegridUTest.C, line 306
20220312 043026.338 INFO             PET0 PASS Get a void * C pointer to data from ESMC_Field object, ESMC_FieldRegridUTest.C, line 325
20220312 043026.338 INFO             PET0 PASS Create an InterArray for maskValues in ESMC_FieldRegridStore(), ESMC_FieldRegridUTest.C, line 343
20220312 043026.345 INFO             PET0 PIOc_sync Enter - MemInfo: [/proc/meminfo - SSI]	MemTotal:       196434604 kB
20220312 043026.345 INFO             PET0 PIOc_sync Enter - MemInfo: [/proc/meminfo - SSI]	MemFree:        189570844 kB
20220312 043026.345 INFO             PET0 PIOc_sync Enter - MemInfo: [/proc/meminfo - SSI]	MemAvailable:   191986716 kB
20220312 043026.345 INFO             PET0 PIOc_sync Enter - MemInfo: [/proc/meminfo - SSI]	Committed_AS:     473744 kB
20220312 043026.345 INFO             PET0 PIOc_sync Enter - MemInfo: [/proc/meminfo - SSI]	CommittedPercent: 0.241171 %
20220312 043026.345 INFO             PET0 PIOc_sync Enter - MemInfo: [/proc/self/status]	VmPeak:	  629352 kB
20220312 043026.345 INFO             PET0 PIOc_sync Enter - MemInfo: [/proc/self/status]	VmSize:	  629352 kB
20220312 043026.345 INFO             PET0 PIOc_sync Enter - MemInfo: [/proc/self/status]	VmLck:	       0 kB
20220312 043026.345 INFO             PET0 PIOc_sync Enter - MemInfo: [/proc/self/status]	VmPin:	       0 kB
20220312 043026.345 INFO             PET0 PIOc_sync Enter - MemInfo: [/proc/self/status]	VmHWM:	   65596 kB
20220312 043026.345 INFO             PET0 PIOc_sync Enter - MemInfo: [/proc/self/status]	VmRSS:	   32840 kB
20220312 043026.345 INFO             PET0 PIOc_sync Enter - MemInfo: [/proc/self/status]	VmData:	  195572 kB
20220312 043026.345 INFO             PET0 PIOc_sync Enter - MemInfo: [/proc/self/status]	VmStk:	     144 kB
20220312 043026.345 INFO             PET0 PIOc_sync Enter - MemInfo: [/proc/self/status]	VmExe:	     208 kB
20220312 043026.345 INFO             PET0 PIOc_sync Enter - MemInfo: [/proc/self/status]	VmLib:	   59176 kB
20220312 043026.345 INFO             PET0 PIOc_sync Enter - MemInfo: [/proc/self/status]	VmPTE:	     888 kB
20220312 043026.345 INFO             PET0 PIOc_sync Enter - MemInfo: [/proc/self/status]	VmSwap:	       0 kB
20220312 043026.345 INFO             PET0 PIOc_sync Enter - MemInfo: [/proc/self/status]	VmRSSPercent: 0.016718 %
20220312 043026.345 INFO             PET0 PIOc_sync Enter - MemInfo: [malloc] Non-mmapped space allocated:                 3452928 Byte
20220312 043026.345 INFO             PET0 PIOc_sync Enter - MemInfo: [malloc] Space allocated in mmapped regions:         10502144 Byte
20220312 043026.345 INFO             PET0 PIOc_sync Enter - MemInfo: [malloc] Maximum total allocated space:                     0 Byte
20220312 043026.345 INFO             PET0 PIOc_sync Enter - MemInfo: [malloc] Space in freed fastbin blocks:                   736 Byte
20220312 043026.345 INFO             PET0 PIOc_sync Enter - MemInfo: [malloc] Total allocated space:                       3073584 Byte
20220312 043026.345 INFO             PET0 PIOc_sync Enter - MemInfo: [malloc] Total free space:                             379344 Byte
20220312 043026.345 INFO             PET0 PIOc_sync Enter - MemInfo: [malloc] Top-most, releasable space:                   170160 Byte
20220312 043026.345 INFO             PET0 PIOc_sync Enter - MemInfo: [malloc] Total space in use, mmap + non-mmap:        13575728 Byte
20220312 043026.345 INFO             PET0 PIOc_sync Enter - MemInfo: [malloc] Total space held (mmap + non-mmap):         13955072 Byte
20220312 043026.345 INFO             PET0 PIOc_sync Enter - MemInfo: [malloc] Total space used (mmap + non-mmap):         13585072 Byte
20220312 043026.345 INFO             PET0 PIOc_sync Enter - MemInfo: Wall-clock time since execution start:              0.0114673 seconds
20220312 043026.345 INFO             PET0 PIOc_sync Exit - MemInfo: [/proc/meminfo - SSI]	MemTotal:       196434604 kB
20220312 043026.345 INFO             PET0 PIOc_sync Exit - MemInfo: [/proc/meminfo - SSI]	MemFree:        189570844 kB
20220312 043026.345 INFO             PET0 PIOc_sync Exit - MemInfo: [/proc/meminfo - SSI]	MemAvailable:   191986716 kB
20220312 043026.345 INFO             PET0 PIOc_sync Exit - MemInfo: [/proc/meminfo - SSI]	Committed_AS:     473744 kB
20220312 043026.345 INFO             PET0 PIOc_sync Exit - MemInfo: [/proc/meminfo - SSI]	CommittedPercent: 0.241171 %
20220312 043026.346 INFO             PET0 PIOc_sync Exit - MemInfo: [/proc/self/status]	VmPeak:	  629352 kB
20220312 043026.346 INFO             PET0 PIOc_sync Exit - MemInfo: [/proc/self/status]	VmSize:	  629352 kB
20220312 043026.346 INFO             PET0 PIOc_sync Exit - MemInfo: [/proc/self/status]	VmLck:	       0 kB
20220312 043026.346 INFO             PET0 PIOc_sync Exit - MemInfo: [/proc/self/status]	VmPin:	       0 kB
20220312 043026.346 INFO             PET0 PIOc_sync Exit - MemInfo: [/proc/self/status]	VmHWM:	   65596 kB
20220312 043026.346 INFO             PET0 PIOc_sync Exit - MemInfo: [/proc/self/status]	VmRSS:	   32972 kB
20220312 043026.346 INFO             PET0 PIOc_sync Exit - MemInfo: [/proc/self/status]	VmData:	  195572 kB
20220312 043026.346 INFO             PET0 PIOc_sync Exit - MemInfo: [/proc/self/status]	VmStk:	     144 kB
20220312 043026.346 INFO             PET0 PIOc_sync Exit - MemInfo: [/proc/self/status]	VmExe:	     208 kB
20220312 043026.346 INFO             PET0 PIOc_sync Exit - MemInfo: [/proc/self/status]	VmLib:	   59176 kB
20220312 043026.346 INFO             PET0 PIOc_sync Exit - MemInfo: [/proc/self/status]	VmPTE:	     888 kB
20220312 043026.346 INFO             PET0 PIOc_sync Exit - MemInfo: [/proc/self/status]	VmSwap:	       0 kB
20220312 043026.346 INFO             PET0 PIOc_sync Exit - MemInfo: [/proc/self/status]	VmRSSPercent: 0.0167852 %
20220312 043026.346 INFO             PET0 PIOc_sync Exit - MemInfo: [malloc] Non-mmapped space allocated:                 3452928 Byte
20220312 043026.346 INFO             PET0 PIOc_sync Exit - MemInfo: [malloc] Space allocated in mmapped regions:         10502144 Byte
20220312 043026.346 INFO             PET0 PIOc_sync Exit - MemInfo: [malloc] Maximum total allocated space:                     0 Byte
20220312 043026.346 INFO             PET0 PIOc_sync Exit - MemInfo: [malloc] Space in freed fastbin blocks:                  1120 Byte
20220312 043026.346 INFO             PET0 PIOc_sync Exit - MemInfo: [malloc] Total allocated space:                       3073696 Byte
20220312 043026.346 INFO             PET0 PIOc_sync Exit - MemInfo: [malloc] Total free space:                             379232 Byte
20220312 043026.346 INFO             PET0 PIOc_sync Exit - MemInfo: [malloc] Top-most, releasable space:                   168096 Byte
20220312 043026.346 INFO             PET0 PIOc_sync Exit - MemInfo: [malloc] Total space in use, mmap + non-mmap:        13575840 Byte
20220312 043026.346 INFO             PET0 PIOc_sync Exit - MemInfo: [malloc] Total space held (mmap + non-mmap):         13955072 Byte
20220312 043026.346 INFO             PET0 PIOc_sync Exit - MemInfo: [malloc] Total space used (mmap + non-mmap):         13585184 Byte
20220312 043026.346 INFO             PET0 PIOc_sync Exit - MemInfo: Wall-clock time since execution start:              0.0119577 seconds
20220312 043026.346 INFO             PET0 PIOc_freedecomp Enter - MemInfo: [/proc/meminfo - SSI]	MemTotal:       196434604 kB
20220312 043026.346 INFO             PET0 PIOc_freedecomp Enter - MemInfo: [/proc/meminfo - SSI]	MemFree:        189579036 kB
20220312 043026.346 INFO             PET0 PIOc_freedecomp Enter - MemInfo: [/proc/meminfo - SSI]	MemAvailable:   191994908 kB
20220312 043026.346 INFO             PET0 PIOc_freedecomp Enter - MemInfo: [/proc/meminfo - SSI]	Committed_AS:     465548 kB
20220312 043026.346 INFO             PET0 PIOc_freedecomp Enter - MemInfo: [/proc/meminfo - SSI]	CommittedPercent: 0.236999 %
20220312 043026.346 INFO             PET0 PIOc_freedecomp Enter - MemInfo: [/proc/self/status]	VmPeak:	  629352 kB
20220312 043026.346 INFO             PET0 PIOc_freedecomp Enter - MemInfo: [/proc/self/status]	VmSize:	  620640 kB
20220312 043026.346 INFO             PET0 PIOc_freedecomp Enter - MemInfo: [/proc/self/status]	VmLck:	       0 kB
20220312 043026.346 INFO             PET0 PIOc_freedecomp Enter - MemInfo: [/proc/self/status]	VmPin:	       0 kB
20220312 043026.346 INFO             PET0 PIOc_freedecomp Enter - MemInfo: [/proc/self/status]	VmHWM:	   65596 kB
20220312 043026.346 INFO             PET0 PIOc_freedecomp Enter - MemInfo: [/proc/self/status]	VmRSS:	   24772 kB
20220312 043026.346 INFO             PET0 PIOc_freedecomp Enter - MemInfo: [/proc/self/status]	VmData:	  186860 kB
20220312 043026.346 INFO             PET0 PIOc_freedecomp Enter - MemInfo: [/proc/self/status]	VmStk:	     144 kB
20220312 043026.346 INFO             PET0 PIOc_freedecomp Enter - MemInfo: [/proc/self/status]	VmExe:	     208 kB
20220312 043026.346 INFO             PET0 PIOc_freedecomp Enter - MemInfo: [/proc/self/status]	VmLib:	   59176 kB
20220312 043026.346 INFO             PET0 PIOc_freedecomp Enter - MemInfo: [/proc/self/status]	VmPTE:	     868 kB
20220312 043026.346 INFO             PET0 PIOc_freedecomp Enter - MemInfo: [/proc/self/status]	VmSwap:	       0 kB
20220312 043026.346 INFO             PET0 PIOc_freedecomp Enter - MemInfo: [/proc/self/status]	VmRSSPercent: 0.0126108 %
20220312 043026.346 INFO             PET0 PIOc_freedecomp Enter - MemInfo: [malloc] Non-mmapped space allocated:                 3452928 Byte
20220312 043026.346 INFO             PET0 PIOc_freedecomp Enter - MemInfo: [malloc] Space allocated in mmapped regions:          1581056 Byte
20220312 043026.346 INFO             PET0 PIOc_freedecomp Enter - MemInfo: [malloc] Maximum total allocated space:                     0 Byte
20220312 043026.346 INFO             PET0 PIOc_freedecomp Enter - MemInfo: [malloc] Space in freed fastbin blocks:                  2096 Byte
20220312 043026.346 INFO             PET0 PIOc_freedecomp Enter - MemInfo: [malloc] Total allocated space:                       3060560 Byte
20220312 043026.346 INFO             PET0 PIOc_freedecomp Enter - MemInfo: [malloc] Total free space:                             392368 Byte
20220312 043026.346 INFO             PET0 PIOc_freedecomp Enter - MemInfo: [malloc] Top-most, releasable space:                   168976 Byte
20220312 043026.346 INFO             PET0 PIOc_freedecomp Enter - MemInfo: [malloc] Total space in use, mmap + non-mmap:         4641616 Byte
20220312 043026.346 INFO             PET0 PIOc_freedecomp Enter - MemInfo: [malloc] Total space held (mmap + non-mmap):          5033984 Byte
20220312 043026.346 INFO             PET0 PIOc_freedecomp Enter - MemInfo: [malloc] Total space used (mmap + non-mmap):          4650960 Byte
20220312 043026.346 INFO             PET0 PIOc_freedecomp Enter - MemInfo: Wall-clock time since execution start:              0.0125402 seconds
20220312 043026.346 INFO             PET0 PIOc_freedecomp Exit - MemInfo: [/proc/meminfo - SSI]	MemTotal:       196434604 kB
20220312 043026.346 INFO             PET0 PIOc_freedecomp Exit - MemInfo: [/proc/meminfo - SSI]	MemFree:        189579036 kB
20220312 043026.346 INFO             PET0 PIOc_freedecomp Exit - MemInfo: [/proc/meminfo - SSI]	MemAvailable:   191994908 kB
20220312 043026.346 INFO             PET0 PIOc_freedecomp Exit - MemInfo: [/proc/meminfo - SSI]	Committed_AS:     465548 kB
20220312 043026.346 INFO             PET0 PIOc_freedecomp Exit - MemInfo: [/proc/meminfo - SSI]	CommittedPercent: 0.236999 %
20220312 043026.346 INFO             PET0 PIOc_freedecomp Exit - MemInfo: [/proc/self/status]	VmPeak:	  629352 kB
20220312 043026.346 INFO             PET0 PIOc_freedecomp Exit - MemInfo: [/proc/self/status]	VmSize:	  620640 kB
20220312 043026.346 INFO             PET0 PIOc_freedecomp Exit - MemInfo: [/proc/self/status]	VmLck:	       0 kB
20220312 043026.346 INFO             PET0 PIOc_freedecomp Exit - MemInfo: [/proc/self/status]	VmPin:	       0 kB
20220312 043026.346 INFO             PET0 PIOc_freedecomp Exit - MemInfo: [/proc/self/status]	VmHWM:	   65596 kB
20220312 043026.346 INFO             PET0 PIOc_freedecomp Exit - MemInfo: [/proc/self/status]	VmRSS:	   24772 kB
20220312 043026.346 INFO             PET0 PIOc_freedecomp Exit - MemInfo: [/proc/self/status]	VmData:	  186860 kB
20220312 043026.346 INFO             PET0 PIOc_freedecomp Exit - MemInfo: [/proc/self/status]	VmStk:	     144 kB
20220312 043026.347 INFO             PET0 PIOc_freedecomp Exit - MemInfo: [/proc/self/status]	VmExe:	     208 kB
20220312 043026.347 INFO             PET0 PIOc_freedecomp Exit - MemInfo: [/proc/self/status]	VmLib:	   59176 kB
20220312 043026.347 INFO             PET0 PIOc_freedecomp Exit - MemInfo: [/proc/self/status]	VmPTE:	     868 kB
20220312 043026.347 INFO             PET0 PIOc_freedecomp Exit - MemInfo: [/proc/self/status]	VmSwap:	       0 kB
20220312 043026.347 INFO             PET0 PIOc_freedecomp Exit - MemInfo: [/proc/self/status]	VmRSSPercent: 0.0126108 %
20220312 043026.347 INFO             PET0 PIOc_freedecomp Exit - MemInfo: [malloc] Non-mmapped space allocated:                 3452928 Byte
20220312 043026.347 INFO             PET0 PIOc_freedecomp Exit - MemInfo: [malloc] Space allocated in mmapped regions:          1581056 Byte
20220312 043026.347 INFO             PET0 PIOc_freedecomp Exit - MemInfo: [malloc] Maximum total allocated space:                     0 Byte
20220312 043026.347 INFO             PET0 PIOc_freedecomp Exit - MemInfo: [malloc] Space in freed fastbin blocks:                  1840 Byte
20220312 043026.347 INFO             PET0 PIOc_freedecomp Exit - MemInfo: [malloc] Total allocated space:                       3056416 Byte
20220312 043026.347 INFO             PET0 PIOc_freedecomp Exit - MemInfo: [malloc] Total free space:                             396512 Byte
20220312 043026.347 INFO             PET0 PIOc_freedecomp Exit - MemInfo: [malloc] Top-most, releasable space:                   168976 Byte
20220312 043026.347 INFO             PET0 PIOc_freedecomp Exit - MemInfo: [malloc] Total space in use, mmap + non-mmap:         4637472 Byte
20220312 043026.347 INFO             PET0 PIOc_freedecomp Exit - MemInfo: [malloc] Total space held (mmap + non-mmap):          5033984 Byte
20220312 043026.347 INFO             PET0 PIOc_freedecomp Exit - MemInfo: [malloc] Total space used (mmap + non-mmap):          4646816 Byte
20220312 043026.347 INFO             PET0 PIOc_freedecomp Exit - MemInfo: Wall-clock time since execution start:              0.0129096 seconds
20220312 043026.348 INFO             PET0 PIOc_sync Enter - MemInfo: [/proc/meminfo - SSI]	MemTotal:       196434604 kB
20220312 043026.348 INFO             PET0 PIOc_sync Enter - MemInfo: [/proc/meminfo - SSI]	MemFree:        189574320 kB
20220312 043026.348 INFO             PET0 PIOc_sync Enter - MemInfo: [/proc/meminfo - SSI]	MemAvailable:   191990192 kB
20220312 043026.348 INFO             PET0 PIOc_sync Enter - MemInfo: [/proc/meminfo - SSI]	Committed_AS:     473688 kB
20220312 043026.349 INFO             PET0 PIOc_sync Enter - MemInfo: [/proc/meminfo - SSI]	CommittedPercent: 0.241143 %
20220312 043026.349 INFO             PET0 PIOc_sync Enter - MemInfo: [/proc/self/status]	VmPeak:	  629352 kB
20220312 043026.349 INFO             PET0 PIOc_sync Enter - MemInfo: [/proc/self/status]	VmSize:	  629296 kB
20220312 043026.349 INFO             PET0 PIOc_sync Enter - MemInfo: [/proc/self/status]	VmLck:	       0 kB
20220312 043026.349 INFO             PET0 PIOc_sync Enter - MemInfo: [/proc/self/status]	VmPin:	       0 kB
20220312 043026.349 INFO             PET0 PIOc_sync Enter - MemInfo: [/proc/self/status]	VmHWM:	   65596 kB
20220312 043026.349 INFO             PET0 PIOc_sync Enter - MemInfo: [/proc/self/status]	VmRSS:	   29664 kB
20220312 043026.349 INFO             PET0 PIOc_sync Enter - MemInfo: [/proc/self/status]	VmData:	  195516 kB
20220312 043026.349 INFO             PET0 PIOc_sync Enter - MemInfo: [/proc/self/status]	VmStk:	     144 kB
20220312 043026.349 INFO             PET0 PIOc_sync Enter - MemInfo: [/proc/self/status]	VmExe:	     208 kB
20220312 043026.349 INFO             PET0 PIOc_sync Enter - MemInfo: [/proc/self/status]	VmLib:	   59176 kB
20220312 043026.349 INFO             PET0 PIOc_sync Enter - MemInfo: [/proc/self/status]	VmPTE:	     880 kB
20220312 043026.349 INFO             PET0 PIOc_sync Enter - MemInfo: [/proc/self/status]	VmSwap:	       0 kB
20220312 043026.349 INFO             PET0 PIOc_sync Enter - MemInfo: [/proc/self/status]	VmRSSPercent: 0.0151012 %
20220312 043026.349 INFO             PET0 PIOc_sync Enter - MemInfo: [malloc] Non-mmapped space allocated:                12316672 Byte
20220312 043026.349 INFO             PET0 PIOc_sync Enter - MemInfo: [malloc] Space allocated in mmapped regions:          1581056 Byte
20220312 043026.349 INFO             PET0 PIOc_sync Enter - MemInfo: [malloc] Maximum total allocated space:                     0 Byte
20220312 043026.349 INFO             PET0 PIOc_sync Enter - MemInfo: [malloc] Space in freed fastbin blocks:                  2816 Byte
20220312 043026.349 INFO             PET0 PIOc_sync Enter - MemInfo: [malloc] Total allocated space:                      11986848 Byte
20220312 043026.349 INFO             PET0 PIOc_sync Enter - MemInfo: [malloc] Total free space:                             329824 Byte
20220312 043026.349 INFO             PET0 PIOc_sync Enter - MemInfo: [malloc] Top-most, releasable space:                   118640 Byte
20220312 043026.349 INFO             PET0 PIOc_sync Enter - MemInfo: [malloc] Total space in use, mmap + non-mmap:        13567904 Byte
20220312 043026.349 INFO             PET0 PIOc_sync Enter - MemInfo: [malloc] Total space held (mmap + non-mmap):         13897728 Byte
20220312 043026.349 INFO             PET0 PIOc_sync Enter - MemInfo: [malloc] Total space used (mmap + non-mmap):         13577248 Byte
20220312 043026.349 INFO             PET0 PIOc_sync Enter - MemInfo: Wall-clock time since execution start:              0.0150234 seconds
20220312 043026.349 INFO             PET0 PIOc_sync Exit - MemInfo: [/proc/meminfo - SSI]	MemTotal:       196434604 kB
20220312 043026.349 INFO             PET0 PIOc_sync Exit - MemInfo: [/proc/meminfo - SSI]	MemFree:        189574320 kB
20220312 043026.349 INFO             PET0 PIOc_sync Exit - MemInfo: [/proc/meminfo - SSI]	MemAvailable:   191990192 kB
20220312 043026.349 INFO             PET0 PIOc_sync Exit - MemInfo: [/proc/meminfo - SSI]	Committed_AS:     473688 kB
20220312 043026.349 INFO             PET0 PIOc_sync Exit - MemInfo: [/proc/meminfo - SSI]	CommittedPercent: 0.241143 %
20220312 043026.349 INFO             PET0 PIOc_sync Exit - MemInfo: [/proc/self/status]	VmPeak:	  629352 kB
20220312 043026.349 INFO             PET0 PIOc_sync Exit - MemInfo: [/proc/self/status]	VmSize:	  629296 kB
20220312 043026.349 INFO             PET0 PIOc_sync Exit - MemInfo: [/proc/self/status]	VmLck:	       0 kB
20220312 043026.349 INFO             PET0 PIOc_sync Exit - MemInfo: [/proc/self/status]	VmPin:	       0 kB
20220312 043026.349 INFO             PET0 PIOc_sync Exit - MemInfo: [/proc/self/status]	VmHWM:	   65596 kB
20220312 043026.349 INFO             PET0 PIOc_sync Exit - MemInfo: [/proc/self/status]	VmRSS:	   29684 kB
20220312 043026.349 INFO             PET0 PIOc_sync Exit - MemInfo: [/proc/self/status]	VmData:	  195516 kB
20220312 043026.349 INFO             PET0 PIOc_sync Exit - MemInfo: [/proc/self/status]	VmStk:	     144 kB
20220312 043026.349 INFO             PET0 PIOc_sync Exit - MemInfo: [/proc/self/status]	VmExe:	     208 kB
20220312 043026.349 INFO             PET0 PIOc_sync Exit - MemInfo: [/proc/self/status]	VmLib:	   59176 kB
20220312 043026.349 INFO             PET0 PIOc_sync Exit - MemInfo: [/proc/self/status]	VmPTE:	     880 kB
20220312 043026.349 INFO             PET0 PIOc_sync Exit - MemInfo: [/proc/self/status]	VmSwap:	       0 kB
20220312 043026.349 INFO             PET0 PIOc_sync Exit - MemInfo: [/proc/self/status]	VmRSSPercent: 0.0151114 %
20220312 043026.349 INFO             PET0 PIOc_sync Exit - MemInfo: [malloc] Non-mmapped space allocated:                12316672 Byte
20220312 043026.349 INFO             PET0 PIOc_sync Exit - MemInfo: [malloc] Space allocated in mmapped regions:          1581056 Byte
20220312 043026.349 INFO             PET0 PIOc_sync Exit - MemInfo: [malloc] Maximum total allocated space:                     0 Byte
20220312 043026.349 INFO             PET0 PIOc_sync Exit - MemInfo: [malloc] Space in freed fastbin blocks:                   736 Byte
20220312 043026.349 INFO             PET0 PIOc_sync Exit - MemInfo: [malloc] Total allocated space:                      11987232 Byte
20220312 043026.349 INFO             PET0 PIOc_sync Exit - MemInfo: [malloc] Total free space:                             329440 Byte
20220312 043026.349 INFO             PET0 PIOc_sync Exit - MemInfo: [malloc] Top-most, releasable space:                   119312 Byte
20220312 043026.349 INFO             PET0 PIOc_sync Exit - MemInfo: [malloc] Total space in use, mmap + non-mmap:        13568288 Byte
20220312 043026.349 INFO             PET0 PIOc_sync Exit - MemInfo: [malloc] Total space held (mmap + non-mmap):         13897728 Byte
20220312 043026.349 INFO             PET0 PIOc_sync Exit - MemInfo: [malloc] Total space used (mmap + non-mmap):         13577632 Byte
20220312 043026.349 INFO             PET0 PIOc_sync Exit - MemInfo: Wall-clock time since execution start:              0.0154083 seconds
20220312 043026.349 INFO             PET0 PIOc_freedecomp Enter - MemInfo: [/proc/meminfo - SSI]	MemTotal:       196434604 kB
20220312 043026.349 INFO             PET0 PIOc_freedecomp Enter - MemInfo: [/proc/meminfo - SSI]	MemFree:        189574320 kB
20220312 043026.349 INFO             PET0 PIOc_freedecomp Enter - MemInfo: [/proc/meminfo - SSI]	MemAvailable:   191990192 kB
20220312 043026.349 INFO             PET0 PIOc_freedecomp Enter - MemInfo: [/proc/meminfo - SSI]	Committed_AS:     473688 kB
20220312 043026.349 INFO             PET0 PIOc_freedecomp Enter - MemInfo: [/proc/meminfo - SSI]	CommittedPercent: 0.241143 %
20220312 043026.349 INFO             PET0 PIOc_freedecomp Enter - MemInfo: [/proc/self/status]	VmPeak:	  629352 kB
20220312 043026.349 INFO             PET0 PIOc_freedecomp Enter - MemInfo: [/proc/self/status]	VmSize:	  629296 kB
20220312 043026.350 INFO             PET0 PIOc_freedecomp Enter - MemInfo: [/proc/self/status]	VmLck:	       0 kB
20220312 043026.350 INFO             PET0 PIOc_freedecomp Enter - MemInfo: [/proc/self/status]	VmPin:	       0 kB
20220312 043026.350 INFO             PET0 PIOc_freedecomp Enter - MemInfo: [/proc/self/status]	VmHWM:	   65596 kB
20220312 043026.350 INFO             PET0 PIOc_freedecomp Enter - MemInfo: [/proc/self/status]	VmRSS:	   29684 kB
20220312 043026.350 INFO             PET0 PIOc_freedecomp Enter - MemInfo: [/proc/self/status]	VmData:	  195516 kB
20220312 043026.350 INFO             PET0 PIOc_freedecomp Enter - MemInfo: [/proc/self/status]	VmStk:	     144 kB
20220312 043026.350 INFO             PET0 PIOc_freedecomp Enter - MemInfo: [/proc/self/status]	VmExe:	     208 kB
20220312 043026.350 INFO             PET0 PIOc_freedecomp Enter - MemInfo: [/proc/self/status]	VmLib:	   59176 kB
20220312 043026.350 INFO             PET0 PIOc_freedecomp Enter - MemInfo: [/proc/self/status]	VmPTE:	     880 kB
20220312 043026.350 INFO             PET0 PIOc_freedecomp Enter - MemInfo: [/proc/self/status]	VmSwap:	       0 kB
20220312 043026.350 INFO             PET0 PIOc_freedecomp Enter - MemInfo: [/proc/self/status]	VmRSSPercent: 0.0151114 %
20220312 043026.350 INFO             PET0 PIOc_freedecomp Enter - MemInfo: [malloc] Non-mmapped space allocated:                12316672 Byte
20220312 043026.350 INFO             PET0 PIOc_freedecomp Enter - MemInfo: [malloc] Space allocated in mmapped regions:          1581056 Byte
20220312 043026.350 INFO             PET0 PIOc_freedecomp Enter - MemInfo: [malloc] Maximum total allocated space:                     0 Byte
20220312 043026.350 INFO             PET0 PIOc_freedecomp Enter - MemInfo: [malloc] Space in freed fastbin blocks:                   864 Byte
20220312 043026.350 INFO             PET0 PIOc_freedecomp Enter - MemInfo: [malloc] Total allocated space:                       3060688 Byte
20220312 043026.350 INFO             PET0 PIOc_freedecomp Enter - MemInfo: [malloc] Total free space:                            9255984 Byte
20220312 043026.350 INFO             PET0 PIOc_freedecomp Enter - MemInfo: [malloc] Top-most, releasable space:                   119312 Byte
20220312 043026.350 INFO             PET0 PIOc_freedecomp Enter - MemInfo: [malloc] Total space in use, mmap + non-mmap:         4641744 Byte
20220312 043026.350 INFO             PET0 PIOc_freedecomp Enter - MemInfo: [malloc] Total space held (mmap + non-mmap):         13897728 Byte
20220312 043026.350 INFO             PET0 PIOc_freedecomp Enter - MemInfo: [malloc] Total space used (mmap + non-mmap):          4651088 Byte
20220312 043026.350 INFO             PET0 PIOc_freedecomp Enter - MemInfo: Wall-clock time since execution start:              0.0159151 seconds
20220312 043026.350 INFO             PET0 PIOc_freedecomp Exit - MemInfo: [/proc/meminfo - SSI]	MemTotal:       196434604 kB
20220312 043026.350 INFO             PET0 PIOc_freedecomp Exit - MemInfo: [/proc/meminfo - SSI]	MemFree:        189574320 kB
20220312 043026.350 INFO             PET0 PIOc_freedecomp Exit - MemInfo: [/proc/meminfo - SSI]	MemAvailable:   191990192 kB
20220312 043026.350 INFO             PET0 PIOc_freedecomp Exit - MemInfo: [/proc/meminfo - SSI]	Committed_AS:     473688 kB
20220312 043026.350 INFO             PET0 PIOc_freedecomp Exit - MemInfo: [/proc/meminfo - SSI]	CommittedPercent: 0.241143 %
20220312 043026.350 INFO             PET0 PIOc_freedecomp Exit - MemInfo: [/proc/self/status]	VmPeak:	  629352 kB
20220312 043026.350 INFO             PET0 PIOc_freedecomp Exit - MemInfo: [/proc/self/status]	VmSize:	  629296 kB
20220312 043026.350 INFO             PET0 PIOc_freedecomp Exit - MemInfo: [/proc/self/status]	VmLck:	       0 kB
20220312 043026.350 INFO             PET0 PIOc_freedecomp Exit - MemInfo: [/proc/self/status]	VmPin:	       0 kB
20220312 043026.350 INFO             PET0 PIOc_freedecomp Exit - MemInfo: [/proc/self/status]	VmHWM:	   65596 kB
20220312 043026.350 INFO             PET0 PIOc_freedecomp Exit - MemInfo: [/proc/self/status]	VmRSS:	   29684 kB
20220312 043026.350 INFO             PET0 PIOc_freedecomp Exit - MemInfo: [/proc/self/status]	VmData:	  195516 kB
20220312 043026.350 INFO             PET0 PIOc_freedecomp Exit - MemInfo: [/proc/self/status]	VmStk:	     144 kB
20220312 043026.350 INFO             PET0 PIOc_freedecomp Exit - MemInfo: [/proc/self/status]	VmExe:	     208 kB
20220312 043026.350 INFO             PET0 PIOc_freedecomp Exit - MemInfo: [/proc/self/status]	VmLib:	   59176 kB
20220312 043026.350 INFO             PET0 PIOc_freedecomp Exit - MemInfo: [/proc/self/status]	VmPTE:	     880 kB
20220312 043026.350 INFO             PET0 PIOc_freedecomp Exit - MemInfo: [/proc/self/status]	VmSwap:	       0 kB
20220312 043026.350 INFO             PET0 PIOc_freedecomp Exit - MemInfo: [/proc/self/status]	VmRSSPercent: 0.0151114 %
20220312 043026.350 INFO             PET0 PIOc_freedecomp Exit - MemInfo: [malloc] Non-mmapped space allocated:                12316672 Byte
20220312 043026.350 INFO             PET0 PIOc_freedecomp Exit - MemInfo: [malloc] Space allocated in mmapped regions:          1581056 Byte
20220312 043026.350 INFO             PET0 PIOc_freedecomp Exit - MemInfo: [malloc] Maximum total allocated space:                     0 Byte
20220312 043026.350 INFO             PET0 PIOc_freedecomp Exit - MemInfo: [malloc] Space in freed fastbin blocks:                   928 Byte
20220312 043026.350 INFO             PET0 PIOc_freedecomp Exit - MemInfo: [malloc] Total allocated space:                       3056528 Byte
20220312 043026.350 INFO             PET0 PIOc_freedecomp Exit - MemInfo: [malloc] Total free space:                            9260144 Byte
20220312 043026.350 INFO             PET0 PIOc_freedecomp Exit - MemInfo: [malloc] Top-most, releasable space:                  9046144 Byte
20220312 043026.350 INFO             PET0 PIOc_freedecomp Exit - MemInfo: [malloc] Total space in use, mmap + non-mmap:         4637584 Byte
20220312 043026.350 INFO             PET0 PIOc_freedecomp Exit - MemInfo: [malloc] Total space held (mmap + non-mmap):         13897728 Byte
20220312 043026.350 INFO             PET0 PIOc_freedecomp Exit - MemInfo: [malloc] Total space used (mmap + non-mmap):          4646928 Byte
20220312 043026.350 INFO             PET0 PIOc_freedecomp Exit - MemInfo: Wall-clock time since execution start:              0.0162769 seconds
20220312 043026.351 INFO             PET0 PIOc_sync Enter - MemInfo: [/proc/meminfo - SSI]	MemTotal:       196434604 kB
20220312 043026.351 INFO             PET0 PIOc_sync Enter - MemInfo: [/proc/meminfo - SSI]	MemFree:        189574320 kB
20220312 043026.351 INFO             PET0 PIOc_sync Enter - MemInfo: [/proc/meminfo - SSI]	MemAvailable:   191990192 kB
20220312 043026.351 INFO             PET0 PIOc_sync Enter - MemInfo: [/proc/meminfo - SSI]	Committed_AS:     473688 kB
20220312 043026.351 INFO             PET0 PIOc_sync Enter - MemInfo: [/proc/meminfo - SSI]	CommittedPercent: 0.241143 %
20220312 043026.351 INFO             PET0 PIOc_sync Enter - MemInfo: [/proc/self/status]	VmPeak:	  629352 kB
20220312 043026.351 INFO             PET0 PIOc_sync Enter - MemInfo: [/proc/self/status]	VmSize:	  629296 kB
20220312 043026.351 INFO             PET0 PIOc_sync Enter - MemInfo: [/proc/self/status]	VmLck:	       0 kB
20220312 043026.351 INFO             PET0 PIOc_sync Enter - MemInfo: [/proc/self/status]	VmPin:	       0 kB
20220312 043026.351 INFO             PET0 PIOc_sync Enter - MemInfo: [/proc/self/status]	VmHWM:	   65596 kB
20220312 043026.351 INFO             PET0 PIOc_sync Enter - MemInfo: [/proc/self/status]	VmRSS:	   30012 kB
20220312 043026.351 INFO             PET0 PIOc_sync Enter - MemInfo: [/proc/self/status]	VmData:	  195516 kB
20220312 043026.351 INFO             PET0 PIOc_sync Enter - MemInfo: [/proc/self/status]	VmStk:	     144 kB
20220312 043026.351 INFO             PET0 PIOc_sync Enter - MemInfo: [/proc/self/status]	VmExe:	     208 kB
20220312 043026.351 INFO             PET0 PIOc_sync Enter - MemInfo: [/proc/self/status]	VmLib:	   59176 kB
20220312 043026.351 INFO             PET0 PIOc_sync Enter - MemInfo: [/proc/self/status]	VmPTE:	     880 kB
20220312 043026.351 INFO             PET0 PIOc_sync Enter - MemInfo: [/proc/self/status]	VmSwap:	       0 kB
20220312 043026.351 INFO             PET0 PIOc_sync Enter - MemInfo: [/proc/self/status]	VmRSSPercent: 0.0152784 %
20220312 043026.351 INFO             PET0 PIOc_sync Enter - MemInfo: [malloc] Non-mmapped space allocated:                12316672 Byte
20220312 043026.351 INFO             PET0 PIOc_sync Enter - MemInfo: [malloc] Space allocated in mmapped regions:          1581056 Byte
20220312 043026.351 INFO             PET0 PIOc_sync Enter - MemInfo: [malloc] Maximum total allocated space:                     0 Byte
20220312 043026.351 INFO             PET0 PIOc_sync Enter - MemInfo: [malloc] Space in freed fastbin blocks:                  2944 Byte
20220312 043026.351 INFO             PET0 PIOc_sync Enter - MemInfo: [malloc] Total allocated space:                      11987184 Byte
20220312 043026.351 INFO             PET0 PIOc_sync Enter - MemInfo: [malloc] Total free space:                             329488 Byte
20220312 043026.351 INFO             PET0 PIOc_sync Enter - MemInfo: [malloc] Top-most, releasable space:                   118112 Byte
20220312 043026.352 INFO             PET0 PIOc_sync Enter - MemInfo: [malloc] Total space in use, mmap + non-mmap:        13568240 Byte
20220312 043026.352 INFO             PET0 PIOc_sync Enter - MemInfo: [malloc] Total space held (mmap + non-mmap):         13897728 Byte
20220312 043026.352 INFO             PET0 PIOc_sync Enter - MemInfo: [malloc] Total space used (mmap + non-mmap):         13577584 Byte
20220312 043026.352 INFO             PET0 PIOc_sync Enter - MemInfo: Wall-clock time since execution start:              0.0178092 seconds
20220312 043026.352 INFO             PET0 PIOc_sync Exit - MemInfo: [/proc/meminfo - SSI]	MemTotal:       196434604 kB
20220312 043026.352 INFO             PET0 PIOc_sync Exit - MemInfo: [/proc/meminfo - SSI]	MemFree:        189574320 kB
20220312 043026.352 INFO             PET0 PIOc_sync Exit - MemInfo: [/proc/meminfo - SSI]	MemAvailable:   191990192 kB
20220312 043026.352 INFO             PET0 PIOc_sync Exit - MemInfo: [/proc/meminfo - SSI]	Committed_AS:     473688 kB
20220312 043026.352 INFO             PET0 PIOc_sync Exit - MemInfo: [/proc/meminfo - SSI]	CommittedPercent: 0.241143 %
20220312 043026.352 INFO             PET0 PIOc_sync Exit - MemInfo: [/proc/self/status]	VmPeak:	  629352 kB
20220312 043026.352 INFO             PET0 PIOc_sync Exit - MemInfo: [/proc/self/status]	VmSize:	  629296 kB
20220312 043026.352 INFO             PET0 PIOc_sync Exit - MemInfo: [/proc/self/status]	VmLck:	       0 kB
20220312 043026.352 INFO             PET0 PIOc_sync Exit - MemInfo: [/proc/self/status]	VmPin:	       0 kB
20220312 043026.352 INFO             PET0 PIOc_sync Exit - MemInfo: [/proc/self/status]	VmHWM:	   65596 kB
20220312 043026.352 INFO             PET0 PIOc_sync Exit - MemInfo: [/proc/self/status]	VmRSS:	   30012 kB
20220312 043026.352 INFO             PET0 PIOc_sync Exit - MemInfo: [/proc/self/status]	VmData:	  195516 kB
20220312 043026.352 INFO             PET0 PIOc_sync Exit - MemInfo: [/proc/self/status]	VmStk:	     144 kB
20220312 043026.352 INFO             PET0 PIOc_sync Exit - MemInfo: [/proc/self/status]	VmExe:	     208 kB
20220312 043026.352 INFO             PET0 PIOc_sync Exit - MemInfo: [/proc/self/status]	VmLib:	   59176 kB
20220312 043026.352 INFO             PET0 PIOc_sync Exit - MemInfo: [/proc/self/status]	VmPTE:	     880 kB
20220312 043026.352 INFO             PET0 PIOc_sync Exit - MemInfo: [/proc/self/status]	VmSwap:	       0 kB
20220312 043026.352 INFO             PET0 PIOc_sync Exit - MemInfo: [/proc/self/status]	VmRSSPercent: 0.0152784 %
20220312 043026.352 INFO             PET0 PIOc_sync Exit - MemInfo: [malloc] Non-mmapped space allocated:                12316672 Byte
20220312 043026.352 INFO             PET0 PIOc_sync Exit - MemInfo: [malloc] Space allocated in mmapped regions:          1581056 Byte
20220312 043026.352 INFO             PET0 PIOc_sync Exit - MemInfo: [malloc] Maximum total allocated space:                     0 Byte
20220312 043026.352 INFO             PET0 PIOc_sync Exit - MemInfo: [malloc] Space in freed fastbin blocks:                  1120 Byte
20220312 043026.352 INFO             PET0 PIOc_sync Exit - MemInfo: [malloc] Total allocated space:                      11987552 Byte
20220312 043026.352 INFO             PET0 PIOc_sync Exit - MemInfo: [malloc] Total free space:                             329120 Byte
20220312 043026.352 INFO             PET0 PIOc_sync Exit - MemInfo: [malloc] Top-most, releasable space:                   118512 Byte
20220312 043026.352 INFO             PET0 PIOc_sync Exit - MemInfo: [malloc] Total space in use, mmap + non-mmap:        13568608 Byte
20220312 043026.352 INFO             PET0 PIOc_sync Exit - MemInfo: [malloc] Total space held (mmap + non-mmap):         13897728 Byte
20220312 043026.352 INFO             PET0 PIOc_sync Exit - MemInfo: [malloc] Total space used (mmap + non-mmap):         13577952 Byte
20220312 043026.352 INFO             PET0 PIOc_sync Exit - MemInfo: Wall-clock time since execution start:              0.0181974 seconds
20220312 043026.352 INFO             PET0 PIOc_freedecomp Enter - MemInfo: [/proc/meminfo - SSI]	MemTotal:       196434604 kB
20220312 043026.352 INFO             PET0 PIOc_freedecomp Enter - MemInfo: [/proc/meminfo - SSI]	MemFree:        189574320 kB
20220312 043026.352 INFO             PET0 PIOc_freedecomp Enter - MemInfo: [/proc/meminfo - SSI]	MemAvailable:   191990192 kB
20220312 043026.352 INFO             PET0 PIOc_freedecomp Enter - MemInfo: [/proc/meminfo - SSI]	Committed_AS:     473688 kB
20220312 043026.352 INFO             PET0 PIOc_freedecomp Enter - MemInfo: [/proc/meminfo - SSI]	CommittedPercent: 0.241143 %
20220312 043026.352 INFO             PET0 PIOc_freedecomp Enter - MemInfo: [/proc/self/status]	VmPeak:	  629352 kB
20220312 043026.352 INFO             PET0 PIOc_freedecomp Enter - MemInfo: [/proc/self/status]	VmSize:	  629296 kB
20220312 043026.352 INFO             PET0 PIOc_freedecomp Enter - MemInfo: [/proc/self/status]	VmLck:	       0 kB
20220312 043026.352 INFO             PET0 PIOc_freedecomp Enter - MemInfo: [/proc/self/status]	VmPin:	       0 kB
20220312 043026.352 INFO             PET0 PIOc_freedecomp Enter - MemInfo: [/proc/self/status]	VmHWM:	   65596 kB
20220312 043026.352 INFO             PET0 PIOc_freedecomp Enter - MemInfo: [/proc/self/status]	VmRSS:	   30012 kB
20220312 043026.352 INFO             PET0 PIOc_freedecomp Enter - MemInfo: [/proc/self/status]	VmData:	  195516 kB
20220312 043026.352 INFO             PET0 PIOc_freedecomp Enter - MemInfo: [/proc/self/status]	VmStk:	     144 kB
20220312 043026.352 INFO             PET0 PIOc_freedecomp Enter - MemInfo: [/proc/self/status]	VmExe:	     208 kB
20220312 043026.352 INFO             PET0 PIOc_freedecomp Enter - MemInfo: [/proc/self/status]	VmLib:	   59176 kB
20220312 043026.352 INFO             PET0 PIOc_freedecomp Enter - MemInfo: [/proc/self/status]	VmPTE:	     880 kB
20220312 043026.352 INFO             PET0 PIOc_freedecomp Enter - MemInfo: [/proc/self/status]	VmSwap:	       0 kB
20220312 043026.352 INFO             PET0 PIOc_freedecomp Enter - MemInfo: [/proc/self/status]	VmRSSPercent: 0.0152784 %
20220312 043026.352 INFO             PET0 PIOc_freedecomp Enter - MemInfo: [malloc] Non-mmapped space allocated:                12316672 Byte
20220312 043026.352 INFO             PET0 PIOc_freedecomp Enter - MemInfo: [malloc] Space allocated in mmapped regions:          1581056 Byte
20220312 043026.352 INFO             PET0 PIOc_freedecomp Enter - MemInfo: [malloc] Maximum total allocated space:                     0 Byte
20220312 043026.352 INFO             PET0 PIOc_freedecomp Enter - MemInfo: [malloc] Space in freed fastbin blocks:                  1104 Byte
20220312 043026.352 INFO             PET0 PIOc_freedecomp Enter - MemInfo: [malloc] Total allocated space:                       3060624 Byte
20220312 043026.352 INFO             PET0 PIOc_freedecomp Enter - MemInfo: [malloc] Total free space:                            9256048 Byte
20220312 043026.352 INFO             PET0 PIOc_freedecomp Enter - MemInfo: [malloc] Top-most, releasable space:                   119824 Byte
20220312 043026.352 INFO             PET0 PIOc_freedecomp Enter - MemInfo: [malloc] Total space in use, mmap + non-mmap:         4641680 Byte
20220312 043026.352 INFO             PET0 PIOc_freedecomp Enter - MemInfo: [malloc] Total space held (mmap + non-mmap):         13897728 Byte
20220312 043026.352 INFO             PET0 PIOc_freedecomp Enter - MemInfo: [malloc] Total space used (mmap + non-mmap):          4651024 Byte
20220312 043026.352 INFO             PET0 PIOc_freedecomp Enter - MemInfo: Wall-clock time since execution start:              0.0187106 seconds
20220312 043026.353 INFO             PET0 PIOc_freedecomp Exit - MemInfo: [/proc/meminfo - SSI]	MemTotal:       196434604 kB
20220312 043026.353 INFO             PET0 PIOc_freedecomp Exit - MemInfo: [/proc/meminfo - SSI]	MemFree:        189574320 kB
20220312 043026.353 INFO             PET0 PIOc_freedecomp Exit - MemInfo: [/proc/meminfo - SSI]	MemAvailable:   191990192 kB
20220312 043026.353 INFO             PET0 PIOc_freedecomp Exit - MemInfo: [/proc/meminfo - SSI]	Committed_AS:     473688 kB
20220312 043026.353 INFO             PET0 PIOc_freedecomp Exit - MemInfo: [/proc/meminfo - SSI]	CommittedPercent: 0.241143 %
20220312 043026.353 INFO             PET0 PIOc_freedecomp Exit - MemInfo: [/proc/self/status]	VmPeak:	  629352 kB
20220312 043026.353 INFO             PET0 PIOc_freedecomp Exit - MemInfo: [/proc/self/status]	VmSize:	  629296 kB
20220312 043026.353 INFO             PET0 PIOc_freedecomp Exit - MemInfo: [/proc/self/status]	VmLck:	       0 kB
20220312 043026.353 INFO             PET0 PIOc_freedecomp Exit - MemInfo: [/proc/self/status]	VmPin:	       0 kB
20220312 043026.353 INFO             PET0 PIOc_freedecomp Exit - MemInfo: [/proc/self/status]	VmHWM:	   65596 kB
20220312 043026.353 INFO             PET0 PIOc_freedecomp Exit - MemInfo: [/proc/self/status]	VmRSS:	   30012 kB
20220312 043026.353 INFO             PET0 PIOc_freedecomp Exit - MemInfo: [/proc/self/status]	VmData:	  195516 kB
20220312 043026.353 INFO             PET0 PIOc_freedecomp Exit - MemInfo: [/proc/self/status]	VmStk:	     144 kB
20220312 043026.353 INFO             PET0 PIOc_freedecomp Exit - MemInfo: [/proc/self/status]	VmExe:	     208 kB
20220312 043026.353 INFO             PET0 PIOc_freedecomp Exit - MemInfo: [/proc/self/status]	VmLib:	   59176 kB
20220312 043026.353 INFO             PET0 PIOc_freedecomp Exit - MemInfo: [/proc/self/status]	VmPTE:	     880 kB
20220312 043026.353 INFO             PET0 PIOc_freedecomp Exit - MemInfo: [/proc/self/status]	VmSwap:	       0 kB
20220312 043026.353 INFO             PET0 PIOc_freedecomp Exit - MemInfo: [/proc/self/status]	VmRSSPercent: 0.0152784 %
20220312 043026.353 INFO             PET0 PIOc_freedecomp Exit - MemInfo: [malloc] Non-mmapped space allocated:                12316672 Byte
20220312 043026.353 INFO             PET0 PIOc_freedecomp Exit - MemInfo: [malloc] Space allocated in mmapped regions:          1581056 Byte
20220312 043026.353 INFO             PET0 PIOc_freedecomp Exit - MemInfo: [malloc] Maximum total allocated space:                     0 Byte
20220312 043026.353 INFO             PET0 PIOc_freedecomp Exit - MemInfo: [malloc] Space in freed fastbin blocks:                  1056 Byte
20220312 043026.353 INFO             PET0 PIOc_freedecomp Exit - MemInfo: [malloc] Total allocated space:                       3056480 Byte
20220312 043026.353 INFO             PET0 PIOc_freedecomp Exit - MemInfo: [malloc] Total free space:                            9260192 Byte
20220312 043026.353 INFO             PET0 PIOc_freedecomp Exit - MemInfo: [malloc] Top-most, releasable space:                  9046144 Byte
20220312 043026.353 INFO             PET0 PIOc_freedecomp Exit - MemInfo: [malloc] Total space in use, mmap + non-mmap:         4637536 Byte
20220312 043026.353 INFO             PET0 PIOc_freedecomp Exit - MemInfo: [malloc] Total space held (mmap + non-mmap):         13897728 Byte
20220312 043026.353 INFO             PET0 PIOc_freedecomp Exit - MemInfo: [malloc] Total space used (mmap + non-mmap):          4646880 Byte
20220312 043026.353 INFO             PET0 PIOc_freedecomp Exit - MemInfo: Wall-clock time since execution start:              0.0190759 seconds
20220312 043026.353 INFO             PET0 PASS Create an ESMC_RouteHandle via ESMC_FieldRegridStore(), ESMC_FieldRegridUTest.C, line 367
20220312 043026.353 INFO             PET0 PASS Execute ESMC_FieldRegrid(), ESMC_FieldRegridUTest.C, line 375
20220312 043026.355 INFO             PET0 PIOc_sync Enter - MemInfo: [/proc/meminfo - SSI]	MemTotal:       196434604 kB
20220312 043026.355 INFO             PET0 PIOc_sync Enter - MemInfo: [/proc/meminfo - SSI]	MemFree:        189570660 kB
20220312 043026.355 INFO             PET0 PIOc_sync Enter - MemInfo: [/proc/meminfo - SSI]	MemAvailable:   191986532 kB
20220312 043026.355 INFO             PET0 PIOc_sync Enter - MemInfo: [/proc/meminfo - SSI]	Committed_AS:     473688 kB
20220312 043026.355 INFO             PET0 PIOc_sync Enter - MemInfo: [/proc/meminfo - SSI]	CommittedPercent: 0.241143 %
20220312 043026.355 INFO             PET0 PIOc_sync Enter - MemInfo: [/proc/self/status]	VmPeak:	  629352 kB
20220312 043026.355 INFO             PET0 PIOc_sync Enter - MemInfo: [/proc/self/status]	VmSize:	  629296 kB
20220312 043026.355 INFO             PET0 PIOc_sync Enter - MemInfo: [/proc/self/status]	VmLck:	       0 kB
20220312 043026.355 INFO             PET0 PIOc_sync Enter - MemInfo: [/proc/self/status]	VmPin:	       0 kB
20220312 043026.355 INFO             PET0 PIOc_sync Enter - MemInfo: [/proc/self/status]	VmHWM:	   65596 kB
20220312 043026.355 INFO             PET0 PIOc_sync Enter - MemInfo: [/proc/self/status]	VmRSS:	   33552 kB
20220312 043026.355 INFO             PET0 PIOc_sync Enter - MemInfo: [/proc/self/status]	VmData:	  195516 kB
20220312 043026.355 INFO             PET0 PIOc_sync Enter - MemInfo: [/proc/self/status]	VmStk:	     144 kB
20220312 043026.355 INFO             PET0 PIOc_sync Enter - MemInfo: [/proc/self/status]	VmExe:	     208 kB
20220312 043026.355 INFO             PET0 PIOc_sync Enter - MemInfo: [/proc/self/status]	VmLib:	   59176 kB
20220312 043026.355 INFO             PET0 PIOc_sync Enter - MemInfo: [/proc/self/status]	VmPTE:	     884 kB
20220312 043026.355 INFO             PET0 PIOc_sync Enter - MemInfo: [/proc/self/status]	VmSwap:	       0 kB
20220312 043026.355 INFO             PET0 PIOc_sync Enter - MemInfo: [/proc/self/status]	VmRSSPercent: 0.0170805 %
20220312 043026.356 INFO             PET0 PIOc_sync Enter - MemInfo: [malloc] Non-mmapped space allocated:                12316672 Byte
20220312 043026.356 INFO             PET0 PIOc_sync Enter - MemInfo: [malloc] Space allocated in mmapped regions:          1581056 Byte
20220312 043026.356 INFO             PET0 PIOc_sync Enter - MemInfo: [malloc] Maximum total allocated space:                     0 Byte
20220312 043026.356 INFO             PET0 PIOc_sync Enter - MemInfo: [malloc] Space in freed fastbin blocks:                   912 Byte
20220312 043026.356 INFO             PET0 PIOc_sync Enter - MemInfo: [malloc] Total allocated space:                      11992688 Byte
20220312 043026.356 INFO             PET0 PIOc_sync Enter - MemInfo: [malloc] Total free space:                             323984 Byte
20220312 043026.356 INFO             PET0 PIOc_sync Enter - MemInfo: [malloc] Top-most, releasable space:                   114784 Byte
20220312 043026.356 INFO             PET0 PIOc_sync Enter - MemInfo: [malloc] Total space in use, mmap + non-mmap:        13573744 Byte
20220312 043026.356 INFO             PET0 PIOc_sync Enter - MemInfo: [malloc] Total space held (mmap + non-mmap):         13897728 Byte
20220312 043026.356 INFO             PET0 PIOc_sync Enter - MemInfo: [malloc] Total space used (mmap + non-mmap):         13583088 Byte
20220312 043026.356 INFO             PET0 PIOc_sync Enter - MemInfo: Wall-clock time since execution start:              0.0218753 seconds
20220312 043026.356 INFO             PET0 PIOc_sync Exit - MemInfo: [/proc/meminfo - SSI]	MemTotal:       196434604 kB
20220312 043026.356 INFO             PET0 PIOc_sync Exit - MemInfo: [/proc/meminfo - SSI]	MemFree:        189570660 kB
20220312 043026.356 INFO             PET0 PIOc_sync Exit - MemInfo: [/proc/meminfo - SSI]	MemAvailable:   191986532 kB
20220312 043026.356 INFO             PET0 PIOc_sync Exit - MemInfo: [/proc/meminfo - SSI]	Committed_AS:     473688 kB
20220312 043026.356 INFO             PET0 PIOc_sync Exit - MemInfo: [/proc/meminfo - SSI]	CommittedPercent: 0.241143 %
20220312 043026.356 INFO             PET0 PIOc_sync Exit - MemInfo: [/proc/self/status]	VmPeak:	  629352 kB
20220312 043026.356 INFO             PET0 PIOc_sync Exit - MemInfo: [/proc/self/status]	VmSize:	  629296 kB
20220312 043026.356 INFO             PET0 PIOc_sync Exit - MemInfo: [/proc/self/status]	VmLck:	       0 kB
20220312 043026.356 INFO             PET0 PIOc_sync Exit - MemInfo: [/proc/self/status]	VmPin:	       0 kB
20220312 043026.356 INFO             PET0 PIOc_sync Exit - MemInfo: [/proc/self/status]	VmHWM:	   65596 kB
20220312 043026.356 INFO             PET0 PIOc_sync Exit - MemInfo: [/proc/self/status]	VmRSS:	   33560 kB
20220312 043026.356 INFO             PET0 PIOc_sync Exit - MemInfo: [/proc/self/status]	VmData:	  195516 kB
20220312 043026.356 INFO             PET0 PIOc_sync Exit - MemInfo: [/proc/self/status]	VmStk:	     144 kB
20220312 043026.356 INFO             PET0 PIOc_sync Exit - MemInfo: [/proc/self/status]	VmExe:	     208 kB
20220312 043026.356 INFO             PET0 PIOc_sync Exit - MemInfo: [/proc/self/status]	VmLib:	   59176 kB
20220312 043026.356 INFO             PET0 PIOc_sync Exit - MemInfo: [/proc/self/status]	VmPTE:	     884 kB
20220312 043026.356 INFO             PET0 PIOc_sync Exit - MemInfo: [/proc/self/status]	VmSwap:	       0 kB
20220312 043026.356 INFO             PET0 PIOc_sync Exit - MemInfo: [/proc/self/status]	VmRSSPercent: 0.0170846 %
20220312 043026.356 INFO             PET0 PIOc_sync Exit - MemInfo: [malloc] Non-mmapped space allocated:                12316672 Byte
20220312 043026.356 INFO             PET0 PIOc_sync Exit - MemInfo: [malloc] Space allocated in mmapped regions:          1581056 Byte
20220312 043026.356 INFO             PET0 PIOc_sync Exit - MemInfo: [malloc] Maximum total allocated space:                     0 Byte
20220312 043026.356 INFO             PET0 PIOc_sync Exit - MemInfo: [malloc] Space in freed fastbin blocks:                   736 Byte
20220312 043026.356 INFO             PET0 PIOc_sync Exit - MemInfo: [malloc] Total allocated space:                      11993296 Byte
20220312 043026.356 INFO             PET0 PIOc_sync Exit - MemInfo: [malloc] Total free space:                             323376 Byte
20220312 043026.356 INFO             PET0 PIOc_sync Exit - MemInfo: [malloc] Top-most, releasable space:                   114144 Byte
20220312 043026.356 INFO             PET0 PIOc_sync Exit - MemInfo: [malloc] Total space in use, mmap + non-mmap:        13574352 Byte
20220312 043026.356 INFO             PET0 PIOc_sync Exit - MemInfo: [malloc] Total space held (mmap + non-mmap):         13897728 Byte
20220312 043026.356 INFO             PET0 PIOc_sync Exit - MemInfo: [malloc] Total space used (mmap + non-mmap):         13583696 Byte
20220312 043026.356 INFO             PET0 PIOc_sync Exit - MemInfo: Wall-clock time since execution start:               0.022265 seconds
20220312 043026.356 INFO             PET0 PIOc_freedecomp Enter - MemInfo: [/proc/meminfo - SSI]	MemTotal:       196434604 kB
20220312 043026.356 INFO             PET0 PIOc_freedecomp Enter - MemInfo: [/proc/meminfo - SSI]	MemFree:        189570660 kB
20220312 043026.356 INFO             PET0 PIOc_freedecomp Enter - MemInfo: [/proc/meminfo - SSI]	MemAvailable:   191986532 kB
20220312 043026.356 INFO             PET0 PIOc_freedecomp Enter - MemInfo: [/proc/meminfo - SSI]	Committed_AS:     473688 kB
20220312 043026.356 INFO             PET0 PIOc_freedecomp Enter - MemInfo: [/proc/meminfo - SSI]	CommittedPercent: 0.241143 %
20220312 043026.356 INFO             PET0 PIOc_freedecomp Enter - MemInfo: [/proc/self/status]	VmPeak:	  629352 kB
20220312 043026.356 INFO             PET0 PIOc_freedecomp Enter - MemInfo: [/proc/self/status]	VmSize:	  629296 kB
20220312 043026.356 INFO             PET0 PIOc_freedecomp Enter - MemInfo: [/proc/self/status]	VmLck:	       0 kB
20220312 043026.356 INFO             PET0 PIOc_freedecomp Enter - MemInfo: [/proc/self/status]	VmPin:	       0 kB
20220312 043026.356 INFO             PET0 PIOc_freedecomp Enter - MemInfo: [/proc/self/status]	VmHWM:	   65596 kB
20220312 043026.356 INFO             PET0 PIOc_freedecomp Enter - MemInfo: [/proc/self/status]	VmRSS:	   33560 kB
20220312 043026.356 INFO             PET0 PIOc_freedecomp Enter - MemInfo: [/proc/self/status]	VmData:	  195516 kB
20220312 043026.356 INFO             PET0 PIOc_freedecomp Enter - MemInfo: [/proc/self/status]	VmStk:	     144 kB
20220312 043026.356 INFO             PET0 PIOc_freedecomp Enter - MemInfo: [/proc/self/status]	VmExe:	     208 kB
20220312 043026.356 INFO             PET0 PIOc_freedecomp Enter - MemInfo: [/proc/self/status]	VmLib:	   59176 kB
20220312 043026.356 INFO             PET0 PIOc_freedecomp Enter - MemInfo: [/proc/self/status]	VmPTE:	     884 kB
20220312 043026.356 INFO             PET0 PIOc_freedecomp Enter - MemInfo: [/proc/self/status]	VmSwap:	       0 kB
20220312 043026.356 INFO             PET0 PIOc_freedecomp Enter - MemInfo: [/proc/self/status]	VmRSSPercent: 0.0170846 %
20220312 043026.356 INFO             PET0 PIOc_freedecomp Enter - MemInfo: [malloc] Non-mmapped space allocated:                12316672 Byte
20220312 043026.356 INFO             PET0 PIOc_freedecomp Enter - MemInfo: [malloc] Space allocated in mmapped regions:          1581056 Byte
20220312 043026.356 INFO             PET0 PIOc_freedecomp Enter - MemInfo: [malloc] Maximum total allocated space:                     0 Byte
20220312 043026.356 INFO             PET0 PIOc_freedecomp Enter - MemInfo: [malloc] Space in freed fastbin blocks:                   960 Byte
20220312 043026.356 INFO             PET0 PIOc_freedecomp Enter - MemInfo: [malloc] Total allocated space:                       3067040 Byte
20220312 043026.356 INFO             PET0 PIOc_freedecomp Enter - MemInfo: [malloc] Total free space:                            9249632 Byte
20220312 043026.356 INFO             PET0 PIOc_freedecomp Enter - MemInfo: [malloc] Top-most, releasable space:                   114304 Byte
20220312 043026.356 INFO             PET0 PIOc_freedecomp Enter - MemInfo: [malloc] Total space in use, mmap + non-mmap:         4648096 Byte
20220312 043026.356 INFO             PET0 PIOc_freedecomp Enter - MemInfo: [malloc] Total space held (mmap + non-mmap):         13897728 Byte
20220312 043026.356 INFO             PET0 PIOc_freedecomp Enter - MemInfo: [malloc] Total space used (mmap + non-mmap):          4657440 Byte
20220312 043026.356 INFO             PET0 PIOc_freedecomp Enter - MemInfo: Wall-clock time since execution start:              0.0227447 seconds
20220312 043026.357 INFO             PET0 PIOc_freedecomp Exit - MemInfo: [/proc/meminfo - SSI]	MemTotal:       196434604 kB
20220312 043026.357 INFO             PET0 PIOc_freedecomp Exit - MemInfo: [/proc/meminfo - SSI]	MemFree:        189570660 kB
20220312 043026.357 INFO             PET0 PIOc_freedecomp Exit - MemInfo: [/proc/meminfo - SSI]	MemAvailable:   191986532 kB
20220312 043026.357 INFO             PET0 PIOc_freedecomp Exit - MemInfo: [/proc/meminfo - SSI]	Committed_AS:     473688 kB
20220312 043026.357 INFO             PET0 PIOc_freedecomp Exit - MemInfo: [/proc/meminfo - SSI]	CommittedPercent: 0.241143 %
20220312 043026.357 INFO             PET0 PIOc_freedecomp Exit - MemInfo: [/proc/self/status]	VmPeak:	  629352 kB
20220312 043026.357 INFO             PET0 PIOc_freedecomp Exit - MemInfo: [/proc/self/status]	VmSize:	  629296 kB
20220312 043026.357 INFO             PET0 PIOc_freedecomp Exit - MemInfo: [/proc/self/status]	VmLck:	       0 kB
20220312 043026.357 INFO             PET0 PIOc_freedecomp Exit - MemInfo: [/proc/self/status]	VmPin:	       0 kB
20220312 043026.357 INFO             PET0 PIOc_freedecomp Exit - MemInfo: [/proc/self/status]	VmHWM:	   65596 kB
20220312 043026.357 INFO             PET0 PIOc_freedecomp Exit - MemInfo: [/proc/self/status]	VmRSS:	   33560 kB
20220312 043026.357 INFO             PET0 PIOc_freedecomp Exit - MemInfo: [/proc/self/status]	VmData:	  195516 kB
20220312 043026.357 INFO             PET0 PIOc_freedecomp Exit - MemInfo: [/proc/self/status]	VmStk:	     144 kB
20220312 043026.357 INFO             PET0 PIOc_freedecomp Exit - MemInfo: [/proc/self/status]	VmExe:	     208 kB
20220312 043026.357 INFO             PET0 PIOc_freedecomp Exit - MemInfo: [/proc/self/status]	VmLib:	   59176 kB
20220312 043026.357 INFO             PET0 PIOc_freedecomp Exit - MemInfo: [/proc/self/status]	VmPTE:	     884 kB
20220312 043026.357 INFO             PET0 PIOc_freedecomp Exit - MemInfo: [/proc/self/status]	VmSwap:	       0 kB
20220312 043026.357 INFO             PET0 PIOc_freedecomp Exit - MemInfo: [/proc/self/status]	VmRSSPercent: 0.0170846 %
20220312 043026.357 INFO             PET0 PIOc_freedecomp Exit - MemInfo: [malloc] Non-mmapped space allocated:                12316672 Byte
20220312 043026.357 INFO             PET0 PIOc_freedecomp Exit - MemInfo: [malloc] Space allocated in mmapped regions:          1581056 Byte
20220312 043026.357 INFO             PET0 PIOc_freedecomp Exit - MemInfo: [malloc] Maximum total allocated space:                     0 Byte
20220312 043026.357 INFO             PET0 PIOc_freedecomp Exit - MemInfo: [malloc] Space in freed fastbin blocks:                  2064 Byte
20220312 043026.357 INFO             PET0 PIOc_freedecomp Exit - MemInfo: [malloc] Total allocated space:                       3064384 Byte
20220312 043026.357 INFO             PET0 PIOc_freedecomp Exit - MemInfo: [malloc] Total free space:                            9252288 Byte
20220312 043026.357 INFO             PET0 PIOc_freedecomp Exit - MemInfo: [malloc] Top-most, releasable space:                   114304 Byte
20220312 043026.357 INFO             PET0 PIOc_freedecomp Exit - MemInfo: [malloc] Total space in use, mmap + non-mmap:         4645440 Byte
20220312 043026.357 INFO             PET0 PIOc_freedecomp Exit - MemInfo: [malloc] Total space held (mmap + non-mmap):         13897728 Byte
20220312 043026.357 INFO             PET0 PIOc_freedecomp Exit - MemInfo: [malloc] Total space used (mmap + non-mmap):          4654784 Byte
20220312 043026.357 INFO             PET0 PIOc_freedecomp Exit - MemInfo: Wall-clock time since execution start:              0.0231055 seconds
20220312 043026.358 INFO             PET0 PIOc_sync Enter - MemInfo: [/proc/meminfo - SSI]	MemTotal:       196434604 kB
20220312 043026.358 INFO             PET0 PIOc_sync Enter - MemInfo: [/proc/meminfo - SSI]	MemFree:        189570660 kB
20220312 043026.358 INFO             PET0 PIOc_sync Enter - MemInfo: [/proc/meminfo - SSI]	MemAvailable:   191986532 kB
20220312 043026.358 INFO             PET0 PIOc_sync Enter - MemInfo: [/proc/meminfo - SSI]	Committed_AS:     473688 kB
20220312 043026.358 INFO             PET0 PIOc_sync Enter - MemInfo: [/proc/meminfo - SSI]	CommittedPercent: 0.241143 %
20220312 043026.358 INFO             PET0 PIOc_sync Enter - MemInfo: [/proc/self/status]	VmPeak:	  629352 kB
20220312 043026.358 INFO             PET0 PIOc_sync Enter - MemInfo: [/proc/self/status]	VmSize:	  629296 kB
20220312 043026.358 INFO             PET0 PIOc_sync Enter - MemInfo: [/proc/self/status]	VmLck:	       0 kB
20220312 043026.358 INFO             PET0 PIOc_sync Enter - MemInfo: [/proc/self/status]	VmPin:	       0 kB
20220312 043026.358 INFO             PET0 PIOc_sync Enter - MemInfo: [/proc/self/status]	VmHWM:	   65596 kB
20220312 043026.358 INFO             PET0 PIOc_sync Enter - MemInfo: [/proc/self/status]	VmRSS:	   33560 kB
20220312 043026.358 INFO             PET0 PIOc_sync Enter - MemInfo: [/proc/self/status]	VmData:	  195516 kB
20220312 043026.358 INFO             PET0 PIOc_sync Enter - MemInfo: [/proc/self/status]	VmStk:	     144 kB
20220312 043026.358 INFO             PET0 PIOc_sync Enter - MemInfo: [/proc/self/status]	VmExe:	     208 kB
20220312 043026.358 INFO             PET0 PIOc_sync Enter - MemInfo: [/proc/self/status]	VmLib:	   59176 kB
20220312 043026.358 INFO             PET0 PIOc_sync Enter - MemInfo: [/proc/self/status]	VmPTE:	     884 kB
20220312 043026.358 INFO             PET0 PIOc_sync Enter - MemInfo: [/proc/self/status]	VmSwap:	       0 kB
20220312 043026.358 INFO             PET0 PIOc_sync Enter - MemInfo: [/proc/self/status]	VmRSSPercent: 0.0170846 %
20220312 043026.358 INFO             PET0 PIOc_sync Enter - MemInfo: [malloc] Non-mmapped space allocated:                12316672 Byte
20220312 043026.358 INFO             PET0 PIOc_sync Enter - MemInfo: [malloc] Space allocated in mmapped regions:          1581056 Byte
20220312 043026.358 INFO             PET0 PIOc_sync Enter - MemInfo: [malloc] Maximum total allocated space:                     0 Byte
20220312 043026.358 INFO             PET0 PIOc_sync Enter - MemInfo: [malloc] Space in freed fastbin blocks:                  1520 Byte
20220312 043026.358 INFO             PET0 PIOc_sync Enter - MemInfo: [malloc] Total allocated space:                      11993488 Byte
20220312 043026.358 INFO             PET0 PIOc_sync Enter - MemInfo: [malloc] Total free space:                             323184 Byte
20220312 043026.358 INFO             PET0 PIOc_sync Enter - MemInfo: [malloc] Top-most, releasable space:                   113328 Byte
20220312 043026.358 INFO             PET0 PIOc_sync Enter - MemInfo: [malloc] Total space in use, mmap + non-mmap:        13574544 Byte
20220312 043026.358 INFO             PET0 PIOc_sync Enter - MemInfo: [malloc] Total space held (mmap + non-mmap):         13897728 Byte
20220312 043026.358 INFO             PET0 PIOc_sync Enter - MemInfo: [malloc] Total space used (mmap + non-mmap):         13583888 Byte
20220312 043026.358 INFO             PET0 PIOc_sync Enter - MemInfo: Wall-clock time since execution start:              0.0244753 seconds
20220312 043026.358 INFO             PET0 PIOc_sync Exit - MemInfo: [/proc/meminfo - SSI]	MemTotal:       196434604 kB
20220312 043026.358 INFO             PET0 PIOc_sync Exit - MemInfo: [/proc/meminfo - SSI]	MemFree:        189570660 kB
20220312 043026.358 INFO             PET0 PIOc_sync Exit - MemInfo: [/proc/meminfo - SSI]	MemAvailable:   191986532 kB
20220312 043026.358 INFO             PET0 PIOc_sync Exit - MemInfo: [/proc/meminfo - SSI]	Committed_AS:     473688 kB
20220312 043026.358 INFO             PET0 PIOc_sync Exit - MemInfo: [/proc/meminfo - SSI]	CommittedPercent: 0.241143 %
20220312 043026.358 INFO             PET0 PIOc_sync Exit - MemInfo: [/proc/self/status]	VmPeak:	  629352 kB
20220312 043026.358 INFO             PET0 PIOc_sync Exit - MemInfo: [/proc/self/status]	VmSize:	  629296 kB
20220312 043026.358 INFO             PET0 PIOc_sync Exit - MemInfo: [/proc/self/status]	VmLck:	       0 kB
20220312 043026.358 INFO             PET0 PIOc_sync Exit - MemInfo: [/proc/self/status]	VmPin:	       0 kB
20220312 043026.358 INFO             PET0 PIOc_sync Exit - MemInfo: [/proc/self/status]	VmHWM:	   65596 kB
20220312 043026.358 INFO             PET0 PIOc_sync Exit - MemInfo: [/proc/self/status]	VmRSS:	   33560 kB
20220312 043026.358 INFO             PET0 PIOc_sync Exit - MemInfo: [/proc/self/status]	VmData:	  195516 kB
20220312 043026.358 INFO             PET0 PIOc_sync Exit - MemInfo: [/proc/self/status]	VmStk:	     144 kB
20220312 043026.358 INFO             PET0 PIOc_sync Exit - MemInfo: [/proc/self/status]	VmExe:	     208 kB
20220312 043026.358 INFO             PET0 PIOc_sync Exit - MemInfo: [/proc/self/status]	VmLib:	   59176 kB
20220312 043026.358 INFO             PET0 PIOc_sync Exit - MemInfo: [/proc/self/status]	VmPTE:	     884 kB
20220312 043026.358 INFO             PET0 PIOc_sync Exit - MemInfo: [/proc/self/status]	VmSwap:	       0 kB
20220312 043026.359 INFO             PET0 PIOc_sync Exit - MemInfo: [/proc/self/status]	VmRSSPercent: 0.0170846 %
20220312 043026.359 INFO             PET0 PIOc_sync Exit - MemInfo: [malloc] Non-mmapped space allocated:                12316672 Byte
20220312 043026.359 INFO             PET0 PIOc_sync Exit - MemInfo: [malloc] Space allocated in mmapped regions:          1581056 Byte
20220312 043026.359 INFO             PET0 PIOc_sync Exit - MemInfo: [malloc] Maximum total allocated space:                     0 Byte
20220312 043026.359 INFO             PET0 PIOc_sync Exit - MemInfo: [malloc] Space in freed fastbin blocks:                   352 Byte
20220312 043026.359 INFO             PET0 PIOc_sync Exit - MemInfo: [malloc] Total allocated space:                      11994096 Byte
20220312 043026.359 INFO             PET0 PIOc_sync Exit - MemInfo: [malloc] Total free space:                             322576 Byte
20220312 043026.359 INFO             PET0 PIOc_sync Exit - MemInfo: [malloc] Top-most, releasable space:                   113232 Byte
20220312 043026.359 INFO             PET0 PIOc_sync Exit - MemInfo: [malloc] Total space in use, mmap + non-mmap:        13575152 Byte
20220312 043026.359 INFO             PET0 PIOc_sync Exit - MemInfo: [malloc] Total space held (mmap + non-mmap):         13897728 Byte
20220312 043026.359 INFO             PET0 PIOc_sync Exit - MemInfo: [malloc] Total space used (mmap + non-mmap):         13584496 Byte
20220312 043026.359 INFO             PET0 PIOc_sync Exit - MemInfo: Wall-clock time since execution start:               0.024865 seconds
20220312 043026.359 INFO             PET0 PIOc_freedecomp Enter - MemInfo: [/proc/meminfo - SSI]	MemTotal:       196434604 kB
20220312 043026.359 INFO             PET0 PIOc_freedecomp Enter - MemInfo: [/proc/meminfo - SSI]	MemFree:        189570660 kB
20220312 043026.359 INFO             PET0 PIOc_freedecomp Enter - MemInfo: [/proc/meminfo - SSI]	MemAvailable:   191986532 kB
20220312 043026.359 INFO             PET0 PIOc_freedecomp Enter - MemInfo: [/proc/meminfo - SSI]	Committed_AS:     473688 kB
20220312 043026.359 INFO             PET0 PIOc_freedecomp Enter - MemInfo: [/proc/meminfo - SSI]	CommittedPercent: 0.241143 %
20220312 043026.359 INFO             PET0 PIOc_freedecomp Enter - MemInfo: [/proc/self/status]	VmPeak:	  629352 kB
20220312 043026.359 INFO             PET0 PIOc_freedecomp Enter - MemInfo: [/proc/self/status]	VmSize:	  629296 kB
20220312 043026.359 INFO             PET0 PIOc_freedecomp Enter - MemInfo: [/proc/self/status]	VmLck:	       0 kB
20220312 043026.359 INFO             PET0 PIOc_freedecomp Enter - MemInfo: [/proc/self/status]	VmPin:	       0 kB
20220312 043026.359 INFO             PET0 PIOc_freedecomp Enter - MemInfo: [/proc/self/status]	VmHWM:	   65596 kB
20220312 043026.359 INFO             PET0 PIOc_freedecomp Enter - MemInfo: [/proc/self/status]	VmRSS:	   33560 kB
20220312 043026.359 INFO             PET0 PIOc_freedecomp Enter - MemInfo: [/proc/self/status]	VmData:	  195516 kB
20220312 043026.359 INFO             PET0 PIOc_freedecomp Enter - MemInfo: [/proc/self/status]	VmStk:	     144 kB
20220312 043026.359 INFO             PET0 PIOc_freedecomp Enter - MemInfo: [/proc/self/status]	VmExe:	     208 kB
20220312 043026.359 INFO             PET0 PIOc_freedecomp Enter - MemInfo: [/proc/self/status]	VmLib:	   59176 kB
20220312 043026.359 INFO             PET0 PIOc_freedecomp Enter - MemInfo: [/proc/self/status]	VmPTE:	     884 kB
20220312 043026.359 INFO             PET0 PIOc_freedecomp Enter - MemInfo: [/proc/self/status]	VmSwap:	       0 kB
20220312 043026.359 INFO             PET0 PIOc_freedecomp Enter - MemInfo: [/proc/self/status]	VmRSSPercent: 0.0170846 %
20220312 043026.359 INFO             PET0 PIOc_freedecomp Enter - MemInfo: [malloc] Non-mmapped space allocated:                12316672 Byte
20220312 043026.359 INFO             PET0 PIOc_freedecomp Enter - MemInfo: [malloc] Space allocated in mmapped regions:          1581056 Byte
20220312 043026.359 INFO             PET0 PIOc_freedecomp Enter - MemInfo: [malloc] Maximum total allocated space:                     0 Byte
20220312 043026.359 INFO             PET0 PIOc_freedecomp Enter - MemInfo: [malloc] Space in freed fastbin blocks:                   944 Byte
20220312 043026.359 INFO             PET0 PIOc_freedecomp Enter - MemInfo: [malloc] Total allocated space:                       3067072 Byte
20220312 043026.359 INFO             PET0 PIOc_freedecomp Enter - MemInfo: [malloc] Total free space:                            9249600 Byte
20220312 043026.359 INFO             PET0 PIOc_freedecomp Enter - MemInfo: [malloc] Top-most, releasable space:                   113232 Byte
20220312 043026.359 INFO             PET0 PIOc_freedecomp Enter - MemInfo: [malloc] Total space in use, mmap + non-mmap:         4648128 Byte
20220312 043026.359 INFO             PET0 PIOc_freedecomp Enter - MemInfo: [malloc] Total space held (mmap + non-mmap):         13897728 Byte
20220312 043026.359 INFO             PET0 PIOc_freedecomp Enter - MemInfo: [malloc] Total space used (mmap + non-mmap):          4657472 Byte
20220312 043026.359 INFO             PET0 PIOc_freedecomp Enter - MemInfo: Wall-clock time since execution start:              0.0253734 seconds
20220312 043026.359 INFO             PET0 PIOc_freedecomp Exit - MemInfo: [/proc/meminfo - SSI]	MemTotal:       196434604 kB
20220312 043026.359 INFO             PET0 PIOc_freedecomp Exit - MemInfo: [/proc/meminfo - SSI]	MemFree:        189570660 kB
20220312 043026.359 INFO             PET0 PIOc_freedecomp Exit - MemInfo: [/proc/meminfo - SSI]	MemAvailable:   191986532 kB
20220312 043026.359 INFO             PET0 PIOc_freedecomp Exit - MemInfo: [/proc/meminfo - SSI]	Committed_AS:     473688 kB
20220312 043026.359 INFO             PET0 PIOc_freedecomp Exit - MemInfo: [/proc/meminfo - SSI]	CommittedPercent: 0.241143 %
20220312 043026.359 INFO             PET0 PIOc_freedecomp Exit - MemInfo: [/proc/self/status]	VmPeak:	  629352 kB
20220312 043026.359 INFO             PET0 PIOc_freedecomp Exit - MemInfo: [/proc/self/status]	VmSize:	  629296 kB
20220312 043026.359 INFO             PET0 PIOc_freedecomp Exit - MemInfo: [/proc/self/status]	VmLck:	       0 kB
20220312 043026.359 INFO             PET0 PIOc_freedecomp Exit - MemInfo: [/proc/self/status]	VmPin:	       0 kB
20220312 043026.359 INFO             PET0 PIOc_freedecomp Exit - MemInfo: [/proc/self/status]	VmHWM:	   65596 kB
20220312 043026.359 INFO             PET0 PIOc_freedecomp Exit - MemInfo: [/proc/self/status]	VmRSS:	   33560 kB
20220312 043026.359 INFO             PET0 PIOc_freedecomp Exit - MemInfo: [/proc/self/status]	VmData:	  195516 kB
20220312 043026.359 INFO             PET0 PIOc_freedecomp Exit - MemInfo: [/proc/self/status]	VmStk:	     144 kB
20220312 043026.359 INFO             PET0 PIOc_freedecomp Exit - MemInfo: [/proc/self/status]	VmExe:	     208 kB
20220312 043026.359 INFO             PET0 PIOc_freedecomp Exit - MemInfo: [/proc/self/status]	VmLib:	   59176 kB
20220312 043026.359 INFO             PET0 PIOc_freedecomp Exit - MemInfo: [/proc/self/status]	VmPTE:	     884 kB
20220312 043026.359 INFO             PET0 PIOc_freedecomp Exit - MemInfo: [/proc/self/status]	VmSwap:	       0 kB
20220312 043026.359 INFO             PET0 PIOc_freedecomp Exit - MemInfo: [/proc/self/status]	VmRSSPercent: 0.0170846 %
20220312 043026.359 INFO             PET0 PIOc_freedecomp Exit - MemInfo: [malloc] Non-mmapped space allocated:                12316672 Byte
20220312 043026.359 INFO             PET0 PIOc_freedecomp Exit - MemInfo: [malloc] Space allocated in mmapped regions:          1581056 Byte
20220312 043026.359 INFO             PET0 PIOc_freedecomp Exit - MemInfo: [malloc] Maximum total allocated space:                     0 Byte
20220312 043026.359 INFO             PET0 PIOc_freedecomp Exit - MemInfo: [malloc] Space in freed fastbin blocks:                  2192 Byte
20220312 043026.359 INFO             PET0 PIOc_freedecomp Exit - MemInfo: [malloc] Total allocated space:                       3064416 Byte
20220312 043026.359 INFO             PET0 PIOc_freedecomp Exit - MemInfo: [malloc] Total free space:                            9252256 Byte
20220312 043026.359 INFO             PET0 PIOc_freedecomp Exit - MemInfo: [malloc] Top-most, releasable space:                   113232 Byte
20220312 043026.359 INFO             PET0 PIOc_freedecomp Exit - MemInfo: [malloc] Total space in use, mmap + non-mmap:         4645472 Byte
20220312 043026.359 INFO             PET0 PIOc_freedecomp Exit - MemInfo: [malloc] Total space held (mmap + non-mmap):         13897728 Byte
20220312 043026.359 INFO             PET0 PIOc_freedecomp Exit - MemInfo: [malloc] Total space used (mmap + non-mmap):          4654816 Byte
20220312 043026.359 INFO             PET0 PIOc_freedecomp Exit - MemInfo: Wall-clock time since execution start:              0.0257444 seconds
20220312 043026.361 INFO             PET0 PIOc_sync Enter - MemInfo: [/proc/meminfo - SSI]	MemTotal:       196434604 kB
20220312 043026.361 INFO             PET0 PIOc_sync Enter - MemInfo: [/proc/meminfo - SSI]	MemFree:        189570660 kB
20220312 043026.361 INFO             PET0 PIOc_sync Enter - MemInfo: [/proc/meminfo - SSI]	MemAvailable:   191986532 kB
20220312 043026.361 INFO             PET0 PIOc_sync Enter - MemInfo: [/proc/meminfo - SSI]	Committed_AS:     473688 kB
20220312 043026.361 INFO             PET0 PIOc_sync Enter - MemInfo: [/proc/meminfo - SSI]	CommittedPercent: 0.241143 %
20220312 043026.361 INFO             PET0 PIOc_sync Enter - MemInfo: [/proc/self/status]	VmPeak:	  629352 kB
20220312 043026.361 INFO             PET0 PIOc_sync Enter - MemInfo: [/proc/self/status]	VmSize:	  629296 kB
20220312 043026.361 INFO             PET0 PIOc_sync Enter - MemInfo: [/proc/self/status]	VmLck:	       0 kB
20220312 043026.361 INFO             PET0 PIOc_sync Enter - MemInfo: [/proc/self/status]	VmPin:	       0 kB
20220312 043026.361 INFO             PET0 PIOc_sync Enter - MemInfo: [/proc/self/status]	VmHWM:	   65596 kB
20220312 043026.361 INFO             PET0 PIOc_sync Enter - MemInfo: [/proc/self/status]	VmRSS:	   33560 kB
20220312 043026.361 INFO             PET0 PIOc_sync Enter - MemInfo: [/proc/self/status]	VmData:	  195516 kB
20220312 043026.361 INFO             PET0 PIOc_sync Enter - MemInfo: [/proc/self/status]	VmStk:	     144 kB
20220312 043026.361 INFO             PET0 PIOc_sync Enter - MemInfo: [/proc/self/status]	VmExe:	     208 kB
20220312 043026.361 INFO             PET0 PIOc_sync Enter - MemInfo: [/proc/self/status]	VmLib:	   59176 kB
20220312 043026.361 INFO             PET0 PIOc_sync Enter - MemInfo: [/proc/self/status]	VmPTE:	     884 kB
20220312 043026.361 INFO             PET0 PIOc_sync Enter - MemInfo: [/proc/self/status]	VmSwap:	       0 kB
20220312 043026.361 INFO             PET0 PIOc_sync Enter - MemInfo: [/proc/self/status]	VmRSSPercent: 0.0170846 %
20220312 043026.361 INFO             PET0 PIOc_sync Enter - MemInfo: [malloc] Non-mmapped space allocated:                12316672 Byte
20220312 043026.361 INFO             PET0 PIOc_sync Enter - MemInfo: [malloc] Space allocated in mmapped regions:          1581056 Byte
20220312 043026.361 INFO             PET0 PIOc_sync Enter - MemInfo: [malloc] Maximum total allocated space:                     0 Byte
20220312 043026.361 INFO             PET0 PIOc_sync Enter - MemInfo: [malloc] Space in freed fastbin blocks:                  1872 Byte
20220312 043026.361 INFO             PET0 PIOc_sync Enter - MemInfo: [malloc] Total allocated space:                      11994176 Byte
20220312 043026.361 INFO             PET0 PIOc_sync Enter - MemInfo: [malloc] Total free space:                             322496 Byte
20220312 043026.361 INFO             PET0 PIOc_sync Enter - MemInfo: [malloc] Top-most, releasable space:                   112288 Byte
20220312 043026.361 INFO             PET0 PIOc_sync Enter - MemInfo: [malloc] Total space in use, mmap + non-mmap:        13575232 Byte
20220312 043026.361 INFO             PET0 PIOc_sync Enter - MemInfo: [malloc] Total space held (mmap + non-mmap):         13897728 Byte
20220312 043026.361 INFO             PET0 PIOc_sync Enter - MemInfo: [malloc] Total space used (mmap + non-mmap):         13584576 Byte
20220312 043026.361 INFO             PET0 PIOc_sync Enter - MemInfo: Wall-clock time since execution start:              0.0270441 seconds
20220312 043026.361 INFO             PET0 PIOc_sync Exit - MemInfo: [/proc/meminfo - SSI]	MemTotal:       196434604 kB
20220312 043026.361 INFO             PET0 PIOc_sync Exit - MemInfo: [/proc/meminfo - SSI]	MemFree:        189570660 kB
20220312 043026.361 INFO             PET0 PIOc_sync Exit - MemInfo: [/proc/meminfo - SSI]	MemAvailable:   191986532 kB
20220312 043026.361 INFO             PET0 PIOc_sync Exit - MemInfo: [/proc/meminfo - SSI]	Committed_AS:     473688 kB
20220312 043026.361 INFO             PET0 PIOc_sync Exit - MemInfo: [/proc/meminfo - SSI]	CommittedPercent: 0.241143 %
20220312 043026.361 INFO             PET0 PIOc_sync Exit - MemInfo: [/proc/self/status]	VmPeak:	  629352 kB
20220312 043026.361 INFO             PET0 PIOc_sync Exit - MemInfo: [/proc/self/status]	VmSize:	  629296 kB
20220312 043026.361 INFO             PET0 PIOc_sync Exit - MemInfo: [/proc/self/status]	VmLck:	       0 kB
20220312 043026.361 INFO             PET0 PIOc_sync Exit - MemInfo: [/proc/self/status]	VmPin:	       0 kB
20220312 043026.361 INFO             PET0 PIOc_sync Exit - MemInfo: [/proc/self/status]	VmHWM:	   65596 kB
20220312 043026.361 INFO             PET0 PIOc_sync Exit - MemInfo: [/proc/self/status]	VmRSS:	   33560 kB
20220312 043026.361 INFO             PET0 PIOc_sync Exit - MemInfo: [/proc/self/status]	VmData:	  195516 kB
20220312 043026.361 INFO             PET0 PIOc_sync Exit - MemInfo: [/proc/self/status]	VmStk:	     144 kB
20220312 043026.361 INFO             PET0 PIOc_sync Exit - MemInfo: [/proc/self/status]	VmExe:	     208 kB
20220312 043026.361 INFO             PET0 PIOc_sync Exit - MemInfo: [/proc/self/status]	VmLib:	   59176 kB
20220312 043026.361 INFO             PET0 PIOc_sync Exit - MemInfo: [/proc/self/status]	VmPTE:	     884 kB
20220312 043026.361 INFO             PET0 PIOc_sync Exit - MemInfo: [/proc/self/status]	VmSwap:	       0 kB
20220312 043026.361 INFO             PET0 PIOc_sync Exit - MemInfo: [/proc/self/status]	VmRSSPercent: 0.0170846 %
20220312 043026.361 INFO             PET0 PIOc_sync Exit - MemInfo: [malloc] Non-mmapped space allocated:                12316672 Byte
20220312 043026.361 INFO             PET0 PIOc_sync Exit - MemInfo: [malloc] Space allocated in mmapped regions:          1581056 Byte
20220312 043026.361 INFO             PET0 PIOc_sync Exit - MemInfo: [malloc] Maximum total allocated space:                     0 Byte
20220312 043026.361 INFO             PET0 PIOc_sync Exit - MemInfo: [malloc] Space in freed fastbin blocks:                   352 Byte
20220312 043026.361 INFO             PET0 PIOc_sync Exit - MemInfo: [malloc] Total allocated space:                      11994832 Byte
20220312 043026.361 INFO             PET0 PIOc_sync Exit - MemInfo: [malloc] Total free space:                             321840 Byte
20220312 043026.361 INFO             PET0 PIOc_sync Exit - MemInfo: [malloc] Top-most, releasable space:                   112608 Byte
20220312 043026.361 INFO             PET0 PIOc_sync Exit - MemInfo: [malloc] Total space in use, mmap + non-mmap:        13575888 Byte
20220312 043026.361 INFO             PET0 PIOc_sync Exit - MemInfo: [malloc] Total space held (mmap + non-mmap):         13897728 Byte
20220312 043026.361 INFO             PET0 PIOc_sync Exit - MemInfo: [malloc] Total space used (mmap + non-mmap):         13585232 Byte
20220312 043026.361 INFO             PET0 PIOc_sync Exit - MemInfo: Wall-clock time since execution start:              0.0274406 seconds
20220312 043026.361 INFO             PET0 PIOc_freedecomp Enter - MemInfo: [/proc/meminfo - SSI]	MemTotal:       196434604 kB
20220312 043026.361 INFO             PET0 PIOc_freedecomp Enter - MemInfo: [/proc/meminfo - SSI]	MemFree:        189570660 kB
20220312 043026.361 INFO             PET0 PIOc_freedecomp Enter - MemInfo: [/proc/meminfo - SSI]	MemAvailable:   191986532 kB
20220312 043026.361 INFO             PET0 PIOc_freedecomp Enter - MemInfo: [/proc/meminfo - SSI]	Committed_AS:     473688 kB
20220312 043026.361 INFO             PET0 PIOc_freedecomp Enter - MemInfo: [/proc/meminfo - SSI]	CommittedPercent: 0.241143 %
20220312 043026.361 INFO             PET0 PIOc_freedecomp Enter - MemInfo: [/proc/self/status]	VmPeak:	  629352 kB
20220312 043026.361 INFO             PET0 PIOc_freedecomp Enter - MemInfo: [/proc/self/status]	VmSize:	  629296 kB
20220312 043026.362 INFO             PET0 PIOc_freedecomp Enter - MemInfo: [/proc/self/status]	VmLck:	       0 kB
20220312 043026.362 INFO             PET0 PIOc_freedecomp Enter - MemInfo: [/proc/self/status]	VmPin:	       0 kB
20220312 043026.362 INFO             PET0 PIOc_freedecomp Enter - MemInfo: [/proc/self/status]	VmHWM:	   65596 kB
20220312 043026.362 INFO             PET0 PIOc_freedecomp Enter - MemInfo: [/proc/self/status]	VmRSS:	   33560 kB
20220312 043026.362 INFO             PET0 PIOc_freedecomp Enter - MemInfo: [/proc/self/status]	VmData:	  195516 kB
20220312 043026.362 INFO             PET0 PIOc_freedecomp Enter - MemInfo: [/proc/self/status]	VmStk:	     144 kB
20220312 043026.362 INFO             PET0 PIOc_freedecomp Enter - MemInfo: [/proc/self/status]	VmExe:	     208 kB
20220312 043026.362 INFO             PET0 PIOc_freedecomp Enter - MemInfo: [/proc/self/status]	VmLib:	   59176 kB
20220312 043026.362 INFO             PET0 PIOc_freedecomp Enter - MemInfo: [/proc/self/status]	VmPTE:	     884 kB
20220312 043026.362 INFO             PET0 PIOc_freedecomp Enter - MemInfo: [/proc/self/status]	VmSwap:	       0 kB
20220312 043026.362 INFO             PET0 PIOc_freedecomp Enter - MemInfo: [/proc/self/status]	VmRSSPercent: 0.0170846 %
20220312 043026.362 INFO             PET0 PIOc_freedecomp Enter - MemInfo: [malloc] Non-mmapped space allocated:                12316672 Byte
20220312 043026.362 INFO             PET0 PIOc_freedecomp Enter - MemInfo: [malloc] Space allocated in mmapped regions:          1581056 Byte
20220312 043026.362 INFO             PET0 PIOc_freedecomp Enter - MemInfo: [malloc] Maximum total allocated space:                     0 Byte
20220312 043026.362 INFO             PET0 PIOc_freedecomp Enter - MemInfo: [malloc] Space in freed fastbin blocks:                   944 Byte
20220312 043026.362 INFO             PET0 PIOc_freedecomp Enter - MemInfo: [malloc] Total allocated space:                       3067104 Byte
20220312 043026.362 INFO             PET0 PIOc_freedecomp Enter - MemInfo: [malloc] Total free space:                            9249568 Byte
20220312 043026.362 INFO             PET0 PIOc_freedecomp Enter - MemInfo: [malloc] Top-most, releasable space:                   112608 Byte
20220312 043026.362 INFO             PET0 PIOc_freedecomp Enter - MemInfo: [malloc] Total space in use, mmap + non-mmap:         4648160 Byte
20220312 043026.362 INFO             PET0 PIOc_freedecomp Enter - MemInfo: [malloc] Total space held (mmap + non-mmap):         13897728 Byte
20220312 043026.362 INFO             PET0 PIOc_freedecomp Enter - MemInfo: [malloc] Total space used (mmap + non-mmap):          4657504 Byte
20220312 043026.362 INFO             PET0 PIOc_freedecomp Enter - MemInfo: Wall-clock time since execution start:              0.0279168 seconds
20220312 043026.362 INFO             PET0 PIOc_freedecomp Exit - MemInfo: [/proc/meminfo - SSI]	MemTotal:       196434604 kB
20220312 043026.362 INFO             PET0 PIOc_freedecomp Exit - MemInfo: [/proc/meminfo - SSI]	MemFree:        189570660 kB
20220312 043026.362 INFO             PET0 PIOc_freedecomp Exit - MemInfo: [/proc/meminfo - SSI]	MemAvailable:   191986532 kB
20220312 043026.362 INFO             PET0 PIOc_freedecomp Exit - MemInfo: [/proc/meminfo - SSI]	Committed_AS:     473688 kB
20220312 043026.362 INFO             PET0 PIOc_freedecomp Exit - MemInfo: [/proc/meminfo - SSI]	CommittedPercent: 0.241143 %
20220312 043026.362 INFO             PET0 PIOc_freedecomp Exit - MemInfo: [/proc/self/status]	VmPeak:	  629352 kB
20220312 043026.362 INFO             PET0 PIOc_freedecomp Exit - MemInfo: [/proc/self/status]	VmSize:	  629296 kB
20220312 043026.362 INFO             PET0 PIOc_freedecomp Exit - MemInfo: [/proc/self/status]	VmLck:	       0 kB
20220312 043026.362 INFO             PET0 PIOc_freedecomp Exit - MemInfo: [/proc/self/status]	VmPin:	       0 kB
20220312 043026.362 INFO             PET0 PIOc_freedecomp Exit - MemInfo: [/proc/self/status]	VmHWM:	   65596 kB
20220312 043026.362 INFO             PET0 PIOc_freedecomp Exit - MemInfo: [/proc/self/status]	VmRSS:	   33560 kB
20220312 043026.362 INFO             PET0 PIOc_freedecomp Exit - MemInfo: [/proc/self/status]	VmData:	  195516 kB
20220312 043026.362 INFO             PET0 PIOc_freedecomp Exit - MemInfo: [/proc/self/status]	VmStk:	     144 kB
20220312 043026.362 INFO             PET0 PIOc_freedecomp Exit - MemInfo: [/proc/self/status]	VmExe:	     208 kB
20220312 043026.362 INFO             PET0 PIOc_freedecomp Exit - MemInfo: [/proc/self/status]	VmLib:	   59176 kB
20220312 043026.362 INFO             PET0 PIOc_freedecomp Exit - MemInfo: [/proc/self/status]	VmPTE:	     884 kB
20220312 043026.362 INFO             PET0 PIOc_freedecomp Exit - MemInfo: [/proc/self/status]	VmSwap:	       0 kB
20220312 043026.362 INFO             PET0 PIOc_freedecomp Exit - MemInfo: [/proc/self/status]	VmRSSPercent: 0.0170846 %
20220312 043026.362 INFO             PET0 PIOc_freedecomp Exit - MemInfo: [malloc] Non-mmapped space allocated:                12316672 Byte
20220312 043026.362 INFO             PET0 PIOc_freedecomp Exit - MemInfo: [malloc] Space allocated in mmapped regions:          1581056 Byte
20220312 043026.362 INFO             PET0 PIOc_freedecomp Exit - MemInfo: [malloc] Maximum total allocated space:                     0 Byte
20220312 043026.362 INFO             PET0 PIOc_freedecomp Exit - MemInfo: [malloc] Space in freed fastbin blocks:                   736 Byte
20220312 043026.362 INFO             PET0 PIOc_freedecomp Exit - MemInfo: [malloc] Total allocated space:                       3064400 Byte
20220312 043026.362 INFO             PET0 PIOc_freedecomp Exit - MemInfo: [malloc] Total free space:                            9252272 Byte
20220312 043026.362 INFO             PET0 PIOc_freedecomp Exit - MemInfo: [malloc] Top-most, releasable space:                   117344 Byte
20220312 043026.362 INFO             PET0 PIOc_freedecomp Exit - MemInfo: [malloc] Total space in use, mmap + non-mmap:         4645456 Byte
20220312 043026.362 INFO             PET0 PIOc_freedecomp Exit - MemInfo: [malloc] Total space held (mmap + non-mmap):         13897728 Byte
20220312 043026.362 INFO             PET0 PIOc_freedecomp Exit - MemInfo: [malloc] Total space used (mmap + non-mmap):          4654800 Byte
20220312 043026.362 INFO             PET0 PIOc_freedecomp Exit - MemInfo: Wall-clock time since execution start:              0.0282786 seconds
20220312 043026.363 INFO             PET0 PIOc_sync Enter - MemInfo: [/proc/meminfo - SSI]	MemTotal:       196434604 kB
20220312 043026.363 INFO             PET0 PIOc_sync Enter - MemInfo: [/proc/meminfo - SSI]	MemFree:        189570660 kB
20220312 043026.363 INFO             PET0 PIOc_sync Enter - MemInfo: [/proc/meminfo - SSI]	MemAvailable:   191986532 kB
20220312 043026.363 INFO             PET0 PIOc_sync Enter - MemInfo: [/proc/meminfo - SSI]	Committed_AS:     473688 kB
20220312 043026.363 INFO             PET0 PIOc_sync Enter - MemInfo: [/proc/meminfo - SSI]	CommittedPercent: 0.241143 %
20220312 043026.363 INFO             PET0 PIOc_sync Enter - MemInfo: [/proc/self/status]	VmPeak:	  629352 kB
20220312 043026.363 INFO             PET0 PIOc_sync Enter - MemInfo: [/proc/self/status]	VmSize:	  629296 kB
20220312 043026.363 INFO             PET0 PIOc_sync Enter - MemInfo: [/proc/self/status]	VmLck:	       0 kB
20220312 043026.363 INFO             PET0 PIOc_sync Enter - MemInfo: [/proc/self/status]	VmPin:	       0 kB
20220312 043026.363 INFO             PET0 PIOc_sync Enter - MemInfo: [/proc/self/status]	VmHWM:	   65596 kB
20220312 043026.363 INFO             PET0 PIOc_sync Enter - MemInfo: [/proc/self/status]	VmRSS:	   33560 kB
20220312 043026.363 INFO             PET0 PIOc_sync Enter - MemInfo: [/proc/self/status]	VmData:	  195516 kB
20220312 043026.363 INFO             PET0 PIOc_sync Enter - MemInfo: [/proc/self/status]	VmStk:	     144 kB
20220312 043026.363 INFO             PET0 PIOc_sync Enter - MemInfo: [/proc/self/status]	VmExe:	     208 kB
20220312 043026.363 INFO             PET0 PIOc_sync Enter - MemInfo: [/proc/self/status]	VmLib:	   59176 kB
20220312 043026.363 INFO             PET0 PIOc_sync Enter - MemInfo: [/proc/self/status]	VmPTE:	     884 kB
20220312 043026.363 INFO             PET0 PIOc_sync Enter - MemInfo: [/proc/self/status]	VmSwap:	       0 kB
20220312 043026.363 INFO             PET0 PIOc_sync Enter - MemInfo: [/proc/self/status]	VmRSSPercent: 0.0170846 %
20220312 043026.363 INFO             PET0 PIOc_sync Enter - MemInfo: [malloc] Non-mmapped space allocated:                12316672 Byte
20220312 043026.363 INFO             PET0 PIOc_sync Enter - MemInfo: [malloc] Space allocated in mmapped regions:          1581056 Byte
20220312 043026.363 INFO             PET0 PIOc_sync Enter - MemInfo: [malloc] Maximum total allocated space:                     0 Byte
20220312 043026.363 INFO             PET0 PIOc_sync Enter - MemInfo: [malloc] Space in freed fastbin blocks:                  2336 Byte
20220312 043026.363 INFO             PET0 PIOc_sync Enter - MemInfo: [malloc] Total allocated space:                      11994896 Byte
20220312 043026.363 INFO             PET0 PIOc_sync Enter - MemInfo: [malloc] Total free space:                             321776 Byte
20220312 043026.363 INFO             PET0 PIOc_sync Enter - MemInfo: [malloc] Top-most, releasable space:                   110864 Byte
20220312 043026.363 INFO             PET0 PIOc_sync Enter - MemInfo: [malloc] Total space in use, mmap + non-mmap:        13575952 Byte
20220312 043026.363 INFO             PET0 PIOc_sync Enter - MemInfo: [malloc] Total space held (mmap + non-mmap):         13897728 Byte
20220312 043026.363 INFO             PET0 PIOc_sync Enter - MemInfo: [malloc] Total space used (mmap + non-mmap):         13585296 Byte
20220312 043026.363 INFO             PET0 PIOc_sync Enter - MemInfo: Wall-clock time since execution start:              0.0296016 seconds
20220312 043026.363 INFO             PET0 PIOc_sync Exit - MemInfo: [/proc/meminfo - SSI]	MemTotal:       196434604 kB
20220312 043026.363 INFO             PET0 PIOc_sync Exit - MemInfo: [/proc/meminfo - SSI]	MemFree:        189570660 kB
20220312 043026.363 INFO             PET0 PIOc_sync Exit - MemInfo: [/proc/meminfo - SSI]	MemAvailable:   191986532 kB
20220312 043026.363 INFO             PET0 PIOc_sync Exit - MemInfo: [/proc/meminfo - SSI]	Committed_AS:     473688 kB
20220312 043026.364 INFO             PET0 PIOc_sync Exit - MemInfo: [/proc/meminfo - SSI]	CommittedPercent: 0.241143 %
20220312 043026.364 INFO             PET0 PIOc_sync Exit - MemInfo: [/proc/self/status]	VmPeak:	  629352 kB
20220312 043026.364 INFO             PET0 PIOc_sync Exit - MemInfo: [/proc/self/status]	VmSize:	  629296 kB
20220312 043026.364 INFO             PET0 PIOc_sync Exit - MemInfo: [/proc/self/status]	VmLck:	       0 kB
20220312 043026.364 INFO             PET0 PIOc_sync Exit - MemInfo: [/proc/self/status]	VmPin:	       0 kB
20220312 043026.364 INFO             PET0 PIOc_sync Exit - MemInfo: [/proc/self/status]	VmHWM:	   65596 kB
20220312 043026.364 INFO             PET0 PIOc_sync Exit - MemInfo: [/proc/self/status]	VmRSS:	   33564 kB
20220312 043026.364 INFO             PET0 PIOc_sync Exit - MemInfo: [/proc/self/status]	VmData:	  195516 kB
20220312 043026.364 INFO             PET0 PIOc_sync Exit - MemInfo: [/proc/self/status]	VmStk:	     144 kB
20220312 043026.364 INFO             PET0 PIOc_sync Exit - MemInfo: [/proc/self/status]	VmExe:	     208 kB
20220312 043026.364 INFO             PET0 PIOc_sync Exit - MemInfo: [/proc/self/status]	VmLib:	   59176 kB
20220312 043026.364 INFO             PET0 PIOc_sync Exit - MemInfo: [/proc/self/status]	VmPTE:	     884 kB
20220312 043026.364 INFO             PET0 PIOc_sync Exit - MemInfo: [/proc/self/status]	VmSwap:	       0 kB
20220312 043026.364 INFO             PET0 PIOc_sync Exit - MemInfo: [/proc/self/status]	VmRSSPercent: 0.0170866 %
20220312 043026.364 INFO             PET0 PIOc_sync Exit - MemInfo: [malloc] Non-mmapped space allocated:                12316672 Byte
20220312 043026.364 INFO             PET0 PIOc_sync Exit - MemInfo: [malloc] Space allocated in mmapped regions:          1581056 Byte
20220312 043026.364 INFO             PET0 PIOc_sync Exit - MemInfo: [malloc] Maximum total allocated space:                     0 Byte
20220312 043026.364 INFO             PET0 PIOc_sync Exit - MemInfo: [malloc] Space in freed fastbin blocks:                  1184 Byte
20220312 043026.364 INFO             PET0 PIOc_sync Exit - MemInfo: [malloc] Total allocated space:                      11995520 Byte
20220312 043026.364 INFO             PET0 PIOc_sync Exit - MemInfo: [malloc] Total free space:                             321152 Byte
20220312 043026.364 INFO             PET0 PIOc_sync Exit - MemInfo: [malloc] Top-most, releasable space:                   110624 Byte
20220312 043026.364 INFO             PET0 PIOc_sync Exit - MemInfo: [malloc] Total space in use, mmap + non-mmap:        13576576 Byte
20220312 043026.364 INFO             PET0 PIOc_sync Exit - MemInfo: [malloc] Total space held (mmap + non-mmap):         13897728 Byte
20220312 043026.364 INFO             PET0 PIOc_sync Exit - MemInfo: [malloc] Total space used (mmap + non-mmap):         13585920 Byte
20220312 043026.364 INFO             PET0 PIOc_sync Exit - MemInfo: Wall-clock time since execution start:              0.0299875 seconds
20220312 043026.364 INFO             PET0 PIOc_freedecomp Enter - MemInfo: [/proc/meminfo - SSI]	MemTotal:       196434604 kB
20220312 043026.364 INFO             PET0 PIOc_freedecomp Enter - MemInfo: [/proc/meminfo - SSI]	MemFree:        189570660 kB
20220312 043026.364 INFO             PET0 PIOc_freedecomp Enter - MemInfo: [/proc/meminfo - SSI]	MemAvailable:   191986532 kB
20220312 043026.364 INFO             PET0 PIOc_freedecomp Enter - MemInfo: [/proc/meminfo - SSI]	Committed_AS:     473688 kB
20220312 043026.364 INFO             PET0 PIOc_freedecomp Enter - MemInfo: [/proc/meminfo - SSI]	CommittedPercent: 0.241143 %
20220312 043026.364 INFO             PET0 PIOc_freedecomp Enter - MemInfo: [/proc/self/status]	VmPeak:	  629352 kB
20220312 043026.364 INFO             PET0 PIOc_freedecomp Enter - MemInfo: [/proc/self/status]	VmSize:	  629296 kB
20220312 043026.364 INFO             PET0 PIOc_freedecomp Enter - MemInfo: [/proc/self/status]	VmLck:	       0 kB
20220312 043026.364 INFO             PET0 PIOc_freedecomp Enter - MemInfo: [/proc/self/status]	VmPin:	       0 kB
20220312 043026.364 INFO             PET0 PIOc_freedecomp Enter - MemInfo: [/proc/self/status]	VmHWM:	   65596 kB
20220312 043026.364 INFO             PET0 PIOc_freedecomp Enter - MemInfo: [/proc/self/status]	VmRSS:	   33564 kB
20220312 043026.364 INFO             PET0 PIOc_freedecomp Enter - MemInfo: [/proc/self/status]	VmData:	  195516 kB
20220312 043026.364 INFO             PET0 PIOc_freedecomp Enter - MemInfo: [/proc/self/status]	VmStk:	     144 kB
20220312 043026.364 INFO             PET0 PIOc_freedecomp Enter - MemInfo: [/proc/self/status]	VmExe:	     208 kB
20220312 043026.364 INFO             PET0 PIOc_freedecomp Enter - MemInfo: [/proc/self/status]	VmLib:	   59176 kB
20220312 043026.364 INFO             PET0 PIOc_freedecomp Enter - MemInfo: [/proc/self/status]	VmPTE:	     884 kB
20220312 043026.364 INFO             PET0 PIOc_freedecomp Enter - MemInfo: [/proc/self/status]	VmSwap:	       0 kB
20220312 043026.364 INFO             PET0 PIOc_freedecomp Enter - MemInfo: [/proc/self/status]	VmRSSPercent: 0.0170866 %
20220312 043026.364 INFO             PET0 PIOc_freedecomp Enter - MemInfo: [malloc] Non-mmapped space allocated:                12316672 Byte
20220312 043026.364 INFO             PET0 PIOc_freedecomp Enter - MemInfo: [malloc] Space allocated in mmapped regions:          1581056 Byte
20220312 043026.364 INFO             PET0 PIOc_freedecomp Enter - MemInfo: [malloc] Maximum total allocated space:                     0 Byte
20220312 043026.364 INFO             PET0 PIOc_freedecomp Enter - MemInfo: [malloc] Space in freed fastbin blocks:                   864 Byte
20220312 043026.364 INFO             PET0 PIOc_freedecomp Enter - MemInfo: [malloc] Total allocated space:                       3067072 Byte
20220312 043026.364 INFO             PET0 PIOc_freedecomp Enter - MemInfo: [malloc] Total free space:                            9249600 Byte
20220312 043026.364 INFO             PET0 PIOc_freedecomp Enter - MemInfo: [malloc] Top-most, releasable space:                   113216 Byte
20220312 043026.364 INFO             PET0 PIOc_freedecomp Enter - MemInfo: [malloc] Total space in use, mmap + non-mmap:         4648128 Byte
