build time -- 2022-03-13 03:14:43
20220313 032456.413 INFO             PET0 !!!!!!!!!!!!!!!!!!!!!!!!!!!!!!!!!!!!!!!!!!!!!!!!!!!!!!
20220313 032456.413 INFO             PET0 !!! THE ESMF_LOG IS SET TO OUTPUT ALL LOG MESSAGES !!!
20220313 032456.413 INFO             PET0 !!!     THIS MAY CAUSE SLOWDOWN IN PERFORMANCE     !!!
20220313 032456.413 INFO             PET0 !!! FOR PRODUCTION RUNS, USE:                      !!!
20220313 032456.413 INFO             PET0 !!!                   ESMF_LOGKIND_Multi_On_Error  !!!
20220313 032456.413 INFO             PET0 !!!!!!!!!!!!!!!!!!!!!!!!!!!!!!!!!!!!!!!!!!!!!!!!!!!!!!
20220313 032456.413 INFO             PET0 Running with ESMF Version   : v8.3.0b09-96-g559b459
20220313 032456.413 INFO             PET0 ESMF library build date/time: "Mar 13 2022" "03:13:32"
20220313 032456.413 INFO             PET0 ESMF library build location : /work/noaa/da/mpotts/sandbox/gfortran_8.3.0_openmpi_O_jedwards_pio_update2
20220313 032456.413 INFO             PET0 ESMF_COMM                   : openmpi
20220313 032456.414 INFO             PET0 ESMF_MOAB                   : enabled
20220313 032456.414 INFO             PET0 ESMF_LAPACK                 : enabled
20220313 032456.414 INFO             PET0 ESMF_NETCDF                 : enabled
20220313 032456.414 INFO             PET0 ESMF_PNETCDF                : disabled
20220313 032456.414 INFO             PET0 ESMF_PIO                    : enabled
20220313 032456.414 INFO             PET0 ESMF_YAMLCPP                : enabled
20220313 032456.414 INFO             PET0 Beginning Test, file ESMC_FieldSMMFromFileUTest.C, line 41
20220313 032456.415 INFO             PET0 Beginning Test, file ESMC_FieldSMMFromFileUTest.C, line 41NUMBER_OF_PROCESSORS 4
20220313 032456.447 INFO             PET0 PIOc_sync Enter - MemInfo: [/proc/meminfo - SSI]	MemTotal:       196434604 kB
20220313 032456.447 INFO             PET0 PIOc_sync Enter - MemInfo: [/proc/meminfo - SSI]	MemFree:        186411968 kB
20220313 032456.447 INFO             PET0 PIOc_sync Enter - MemInfo: [/proc/meminfo - SSI]	MemAvailable:   191843232 kB
20220313 032456.447 INFO             PET0 PIOc_sync Enter - MemInfo: [/proc/meminfo - SSI]	Committed_AS:     661700 kB
20220313 032456.447 INFO             PET0 PIOc_sync Enter - MemInfo: [/proc/meminfo - SSI]	CommittedPercent: 0.336855 %
20220313 032456.448 INFO             PET0 PIOc_sync Enter - MemInfo: [/proc/self/status]	VmPeak:	  647840 kB
20220313 032456.448 INFO             PET0 PIOc_sync Enter - MemInfo: [/proc/self/status]	VmSize:	  647840 kB
20220313 032456.448 INFO             PET0 PIOc_sync Enter - MemInfo: [/proc/self/status]	VmLck:	       0 kB
20220313 032456.448 INFO             PET0 PIOc_sync Enter - MemInfo: [/proc/self/status]	VmPin:	       0 kB
20220313 032456.448 INFO             PET0 PIOc_sync Enter - MemInfo: [/proc/self/status]	VmHWM:	   63628 kB
20220313 032456.448 INFO             PET0 PIOc_sync Enter - MemInfo: [/proc/self/status]	VmRSS:	   31816 kB
20220313 032456.448 INFO             PET0 PIOc_sync Enter - MemInfo: [/proc/self/status]	VmData:	  195576 kB
20220313 032456.448 INFO             PET0 PIOc_sync Enter - MemInfo: [/proc/self/status]	VmStk:	     144 kB
20220313 032456.448 INFO             PET0 PIOc_sync Enter - MemInfo: [/proc/self/status]	VmExe:	     196 kB
20220313 032456.448 INFO             PET0 PIOc_sync Enter - MemInfo: [/proc/self/status]	VmLib:	   59216 kB
20220313 032456.448 INFO             PET0 PIOc_sync Enter - MemInfo: [/proc/self/status]	VmPTE:	     920 kB
20220313 032456.448 INFO             PET0 PIOc_sync Enter - MemInfo: [/proc/self/status]	VmSwap:	       0 kB
20220313 032456.448 INFO             PET0 PIOc_sync Enter - MemInfo: [/proc/self/status]	VmRSSPercent: 0.0161967 %
20220313 032456.448 INFO             PET0 PIOc_sync Enter - MemInfo: [malloc] Non-mmapped space allocated:                 3457024 Byte
20220313 032456.448 INFO             PET0 PIOc_sync Enter - MemInfo: [malloc] Space allocated in mmapped regions:         10502144 Byte
20220313 032456.448 INFO             PET0 PIOc_sync Enter - MemInfo: [malloc] Maximum total allocated space:                     0 Byte
20220313 032456.448 INFO             PET0 PIOc_sync Enter - MemInfo: [malloc] Space in freed fastbin blocks:                   704 Byte
20220313 032456.448 INFO             PET0 PIOc_sync Enter - MemInfo: [malloc] Total allocated space:                       3153264 Byte
20220313 032456.448 INFO             PET0 PIOc_sync Enter - MemInfo: [malloc] Total free space:                             303760 Byte
20220313 032456.448 INFO             PET0 PIOc_sync Enter - MemInfo: [malloc] Top-most, releasable space:                   103488 Byte
20220313 032456.448 INFO             PET0 PIOc_sync Enter - MemInfo: [malloc] Total space in use, mmap + non-mmap:        13655408 Byte
20220313 032456.448 INFO             PET0 PIOc_sync Enter - MemInfo: [malloc] Total space held (mmap + non-mmap):         13959168 Byte
20220313 032456.448 INFO             PET0 PIOc_sync Enter - MemInfo: [malloc] Total space used (mmap + non-mmap):         13664752 Byte
20220313 032456.448 INFO             PET0 PIOc_sync Enter - MemInfo: Wall-clock time since execution start:              0.0388309 seconds
20220313 032456.449 INFO             PET0 PIOc_sync Exit - MemInfo: [/proc/meminfo - SSI]	MemTotal:       196434604 kB
20220313 032456.449 INFO             PET0 PIOc_sync Exit - MemInfo: [/proc/meminfo - SSI]	MemFree:        186411968 kB
20220313 032456.449 INFO             PET0 PIOc_sync Exit - MemInfo: [/proc/meminfo - SSI]	MemAvailable:   191842712 kB
20220313 032456.449 INFO             PET0 PIOc_sync Exit - MemInfo: [/proc/meminfo - SSI]	Committed_AS:     661700 kB
20220313 032456.449 INFO             PET0 PIOc_sync Exit - MemInfo: [/proc/meminfo - SSI]	CommittedPercent: 0.336855 %
20220313 032456.450 INFO             PET0 PIOc_sync Exit - MemInfo: [/proc/self/status]	VmPeak:	  647840 kB
20220313 032456.450 INFO             PET0 PIOc_sync Exit - MemInfo: [/proc/self/status]	VmSize:	  647840 kB
20220313 032456.450 INFO             PET0 PIOc_sync Exit - MemInfo: [/proc/self/status]	VmLck:	       0 kB
20220313 032456.450 INFO             PET0 PIOc_sync Exit - MemInfo: [/proc/self/status]	VmPin:	       0 kB
20220313 032456.450 INFO             PET0 PIOc_sync Exit - MemInfo: [/proc/self/status]	VmHWM:	   63628 kB
20220313 032456.450 INFO             PET0 PIOc_sync Exit - MemInfo: [/proc/self/status]	VmRSS:	   31924 kB
20220313 032456.450 INFO             PET0 PIOc_sync Exit - MemInfo: [/proc/self/status]	VmData:	  195576 kB
20220313 032456.450 INFO             PET0 PIOc_sync Exit - MemInfo: [/proc/self/status]	VmStk:	     144 kB
20220313 032456.450 INFO             PET0 PIOc_sync Exit - MemInfo: [/proc/self/status]	VmExe:	     196 kB
20220313 032456.450 INFO             PET0 PIOc_sync Exit - MemInfo: [/proc/self/status]	VmLib:	   59216 kB
20220313 032456.450 INFO             PET0 PIOc_sync Exit - MemInfo: [/proc/self/status]	VmPTE:	     920 kB
20220313 032456.450 INFO             PET0 PIOc_sync Exit - MemInfo: [/proc/self/status]	VmSwap:	       0 kB
20220313 032456.450 INFO             PET0 PIOc_sync Exit - MemInfo: [/proc/self/status]	VmRSSPercent: 0.0162517 %
20220313 032456.450 INFO             PET0 PIOc_sync Exit - MemInfo: [malloc] Non-mmapped space allocated:                 3457024 Byte
20220313 032456.450 INFO             PET0 PIOc_sync Exit - MemInfo: [malloc] Space allocated in mmapped regions:         10502144 Byte
20220313 032456.450 INFO             PET0 PIOc_sync Exit - MemInfo: [malloc] Maximum total allocated space:                     0 Byte
20220313 032456.450 INFO             PET0 PIOc_sync Exit - MemInfo: [malloc] Space in freed fastbin blocks:                  1520 Byte
20220313 032456.450 INFO             PET0 PIOc_sync Exit - MemInfo: [malloc] Total allocated space:                       3155600 Byte
20220313 032456.450 INFO             PET0 PIOc_sync Exit - MemInfo: [malloc] Total free space:                             301424 Byte
20220313 032456.450 INFO             PET0 PIOc_sync Exit - MemInfo: [malloc] Top-most, releasable space:                    95872 Byte
20220313 032456.450 INFO             PET0 PIOc_sync Exit - MemInfo: [malloc] Total space in use, mmap + non-mmap:        13657744 Byte
20220313 032456.450 INFO             PET0 PIOc_sync Exit - MemInfo: [malloc] Total space held (mmap + non-mmap):         13959168 Byte
20220313 032456.450 INFO             PET0 PIOc_sync Exit - MemInfo: [malloc] Total space used (mmap + non-mmap):         13667088 Byte
20220313 032456.450 INFO             PET0 PIOc_sync Exit - MemInfo: Wall-clock time since execution start:              0.0408415 seconds
20220313 032456.451 INFO             PET0 PIOc_freedecomp Enter - MemInfo: [/proc/meminfo - SSI]	MemTotal:       196434604 kB
20220313 032456.451 INFO             PET0 PIOc_freedecomp Enter - MemInfo: [/proc/meminfo - SSI]	MemFree:        186418724 kB
20220313 032456.451 INFO             PET0 PIOc_freedecomp Enter - MemInfo: [/proc/meminfo - SSI]	MemAvailable:   191849988 kB
20220313 032456.451 INFO             PET0 PIOc_freedecomp Enter - MemInfo: [/proc/meminfo - SSI]	Committed_AS:     653504 kB
20220313 032456.451 INFO             PET0 PIOc_freedecomp Enter - MemInfo: [/proc/meminfo - SSI]	CommittedPercent: 0.332683 %
20220313 032456.451 INFO             PET0 PIOc_freedecomp Enter - MemInfo: [/proc/self/status]	VmPeak:	  647840 kB
20220313 032456.451 INFO             PET0 PIOc_freedecomp Enter - MemInfo: [/proc/self/status]	VmSize:	  639128 kB
20220313 032456.451 INFO             PET0 PIOc_freedecomp Enter - MemInfo: [/proc/self/status]	VmLck:	       0 kB
20220313 032456.451 INFO             PET0 PIOc_freedecomp Enter - MemInfo: [/proc/self/status]	VmPin:	       0 kB
20220313 032456.451 INFO             PET0 PIOc_freedecomp Enter - MemInfo: [/proc/self/status]	VmHWM:	   63628 kB
20220313 032456.451 INFO             PET0 PIOc_freedecomp Enter - MemInfo: [/proc/self/status]	VmRSS:	   23732 kB
20220313 032456.451 INFO             PET0 PIOc_freedecomp Enter - MemInfo: [/proc/self/status]	VmData:	  186864 kB
20220313 032456.451 INFO             PET0 PIOc_freedecomp Enter - MemInfo: [/proc/self/status]	VmStk:	     144 kB
20220313 032456.451 INFO             PET0 PIOc_freedecomp Enter - MemInfo: [/proc/self/status]	VmExe:	     196 kB
20220313 032456.451 INFO             PET0 PIOc_freedecomp Enter - MemInfo: [/proc/self/status]	VmLib:	   59216 kB
20220313 032456.451 INFO             PET0 PIOc_freedecomp Enter - MemInfo: [/proc/self/status]	VmPTE:	     904 kB
20220313 032456.451 INFO             PET0 PIOc_freedecomp Enter - MemInfo: [/proc/self/status]	VmSwap:	       0 kB
20220313 032456.451 INFO             PET0 PIOc_freedecomp Enter - MemInfo: [/proc/self/status]	VmRSSPercent: 0.0120814 %
20220313 032456.451 INFO             PET0 PIOc_freedecomp Enter - MemInfo: [malloc] Non-mmapped space allocated:                 3457024 Byte
20220313 032456.451 INFO             PET0 PIOc_freedecomp Enter - MemInfo: [malloc] Space allocated in mmapped regions:          1581056 Byte
20220313 032456.451 INFO             PET0 PIOc_freedecomp Enter - MemInfo: [malloc] Maximum total allocated space:                     0 Byte
20220313 032456.451 INFO             PET0 PIOc_freedecomp Enter - MemInfo: [malloc] Space in freed fastbin blocks:                  1952 Byte
20220313 032456.451 INFO             PET0 PIOc_freedecomp Enter - MemInfo: [malloc] Total allocated space:                       3142416 Byte
20220313 032456.451 INFO             PET0 PIOc_freedecomp Enter - MemInfo: [malloc] Total free space:                             314608 Byte
20220313 032456.451 INFO             PET0 PIOc_freedecomp Enter - MemInfo: [malloc] Top-most, releasable space:                    96368 Byte
20220313 032456.451 INFO             PET0 PIOc_freedecomp Enter - MemInfo: [malloc] Total space in use, mmap + non-mmap:         4723472 Byte
20220313 032456.451 INFO             PET0 PIOc_freedecomp Enter - MemInfo: [malloc] Total space held (mmap + non-mmap):          5038080 Byte
20220313 032456.451 INFO             PET0 PIOc_freedecomp Enter - MemInfo: [malloc] Total space used (mmap + non-mmap):          4732816 Byte
20220313 032456.451 INFO             PET0 PIOc_freedecomp Enter - MemInfo: Wall-clock time since execution start:              0.0421472 seconds
20220313 032456.451 INFO             PET0 PIOc_freedecomp Exit - MemInfo: [/proc/meminfo - SSI]	MemTotal:       196434604 kB
20220313 032456.451 INFO             PET0 PIOc_freedecomp Exit - MemInfo: [/proc/meminfo - SSI]	MemFree:        186418724 kB
20220313 032456.451 INFO             PET0 PIOc_freedecomp Exit - MemInfo: [/proc/meminfo - SSI]	MemAvailable:   191849988 kB
20220313 032456.451 INFO             PET0 PIOc_freedecomp Exit - MemInfo: [/proc/meminfo - SSI]	Committed_AS:     653504 kB
20220313 032456.451 INFO             PET0 PIOc_freedecomp Exit - MemInfo: [/proc/meminfo - SSI]	CommittedPercent: 0.332683 %
20220313 032456.451 INFO             PET0 PIOc_freedecomp Exit - MemInfo: [/proc/self/status]	VmPeak:	  647840 kB
20220313 032456.451 INFO             PET0 PIOc_freedecomp Exit - MemInfo: [/proc/self/status]	VmSize:	  639128 kB
20220313 032456.451 INFO             PET0 PIOc_freedecomp Exit - MemInfo: [/proc/self/status]	VmLck:	       0 kB
20220313 032456.451 INFO             PET0 PIOc_freedecomp Exit - MemInfo: [/proc/self/status]	VmPin:	       0 kB
20220313 032456.451 INFO             PET0 PIOc_freedecomp Exit - MemInfo: [/proc/self/status]	VmHWM:	   63628 kB
20220313 032456.451 INFO             PET0 PIOc_freedecomp Exit - MemInfo: [/proc/self/status]	VmRSS:	   23732 kB
20220313 032456.452 INFO             PET0 PIOc_freedecomp Exit - MemInfo: [/proc/self/status]	VmData:	  186864 kB
20220313 032456.452 INFO             PET0 PIOc_freedecomp Exit - MemInfo: [/proc/self/status]	VmStk:	     144 kB
20220313 032456.452 INFO             PET0 PIOc_freedecomp Exit - MemInfo: [/proc/self/status]	VmExe:	     196 kB
20220313 032456.452 INFO             PET0 PIOc_freedecomp Exit - MemInfo: [/proc/self/status]	VmLib:	   59216 kB
20220313 032456.452 INFO             PET0 PIOc_freedecomp Exit - MemInfo: [/proc/self/status]	VmPTE:	     904 kB
20220313 032456.452 INFO             PET0 PIOc_freedecomp Exit - MemInfo: [/proc/self/status]	VmSwap:	       0 kB
20220313 032456.452 INFO             PET0 PIOc_freedecomp Exit - MemInfo: [/proc/self/status]	VmRSSPercent: 0.0120814 %
20220313 032456.452 INFO             PET0 PIOc_freedecomp Exit - MemInfo: [malloc] Non-mmapped space allocated:                 3457024 Byte
20220313 032456.452 INFO             PET0 PIOc_freedecomp Exit - MemInfo: [malloc] Space allocated in mmapped regions:          1581056 Byte
20220313 032456.452 INFO             PET0 PIOc_freedecomp Exit - MemInfo: [malloc] Maximum total allocated space:                     0 Byte
20220313 032456.452 INFO             PET0 PIOc_freedecomp Exit - MemInfo: [malloc] Space in freed fastbin blocks:                  2240 Byte
20220313 032456.452 INFO             PET0 PIOc_freedecomp Exit - MemInfo: [malloc] Total allocated space:                       3134672 Byte
20220313 032456.452 INFO             PET0 PIOc_freedecomp Exit - MemInfo: [malloc] Total free space:                             322352 Byte
20220313 032456.452 INFO             PET0 PIOc_freedecomp Exit - MemInfo: [malloc] Top-most, releasable space:                    96368 Byte
20220313 032456.452 INFO             PET0 PIOc_freedecomp Exit - MemInfo: [malloc] Total space in use, mmap + non-mmap:         4715728 Byte
20220313 032456.452 INFO             PET0 PIOc_freedecomp Exit - MemInfo: [malloc] Total space held (mmap + non-mmap):          5038080 Byte
20220313 032456.452 INFO             PET0 PIOc_freedecomp Exit - MemInfo: [malloc] Total space used (mmap + non-mmap):          4725072 Byte
20220313 032456.452 INFO             PET0 PIOc_freedecomp Exit - MemInfo: Wall-clock time since execution start:              0.0427387 seconds
20220313 032456.454 INFO             PET0 PIOc_sync Enter - MemInfo: [/proc/meminfo - SSI]	MemTotal:       196434604 kB
20220313 032456.454 INFO             PET0 PIOc_sync Enter - MemInfo: [/proc/meminfo - SSI]	MemFree:        186414732 kB
20220313 032456.454 INFO             PET0 PIOc_sync Enter - MemInfo: [/proc/meminfo - SSI]	MemAvailable:   191845996 kB
20220313 032456.454 INFO             PET0 PIOc_sync Enter - MemInfo: [/proc/meminfo - SSI]	Committed_AS:     661708 kB
20220313 032456.454 INFO             PET0 PIOc_sync Enter - MemInfo: [/proc/meminfo - SSI]	CommittedPercent: 0.336859 %
20220313 032456.454 INFO             PET0 PIOc_sync Enter - MemInfo: [/proc/self/status]	VmPeak:	  647848 kB
20220313 032456.454 INFO             PET0 PIOc_sync Enter - MemInfo: [/proc/self/status]	VmSize:	  647848 kB
20220313 032456.454 INFO             PET0 PIOc_sync Enter - MemInfo: [/proc/self/status]	VmLck:	       0 kB
20220313 032456.454 INFO             PET0 PIOc_sync Enter - MemInfo: [/proc/self/status]	VmPin:	       0 kB
20220313 032456.454 INFO             PET0 PIOc_sync Enter - MemInfo: [/proc/self/status]	VmHWM:	   63628 kB
20220313 032456.454 INFO             PET0 PIOc_sync Enter - MemInfo: [/proc/self/status]	VmRSS:	   28120 kB
20220313 032456.454 INFO             PET0 PIOc_sync Enter - MemInfo: [/proc/self/status]	VmData:	  195584 kB
20220313 032456.454 INFO             PET0 PIOc_sync Enter - MemInfo: [/proc/self/status]	VmStk:	     144 kB
20220313 032456.454 INFO             PET0 PIOc_sync Enter - MemInfo: [/proc/self/status]	VmExe:	     196 kB
20220313 032456.454 INFO             PET0 PIOc_sync Enter - MemInfo: [/proc/self/status]	VmLib:	   59216 kB
20220313 032456.454 INFO             PET0 PIOc_sync Enter - MemInfo: [/proc/self/status]	VmPTE:	     916 kB
20220313 032456.454 INFO             PET0 PIOc_sync Enter - MemInfo: [/proc/self/status]	VmSwap:	       0 kB
20220313 032456.454 INFO             PET0 PIOc_sync Enter - MemInfo: [/proc/self/status]	VmRSSPercent: 0.0143152 %
20220313 032456.454 INFO             PET0 PIOc_sync Enter - MemInfo: [malloc] Non-mmapped space allocated:                12386304 Byte
20220313 032456.454 INFO             PET0 PIOc_sync Enter - MemInfo: [malloc] Space allocated in mmapped regions:          1581056 Byte
20220313 032456.454 INFO             PET0 PIOc_sync Enter - MemInfo: [malloc] Maximum total allocated space:                     0 Byte
20220313 032456.454 INFO             PET0 PIOc_sync Enter - MemInfo: [malloc] Space in freed fastbin blocks:                  1248 Byte
20220313 032456.454 INFO             PET0 PIOc_sync Enter - MemInfo: [malloc] Total allocated space:                      12066464 Byte
20220313 032456.454 INFO             PET0 PIOc_sync Enter - MemInfo: [malloc] Total free space:                             319840 Byte
20220313 032456.454 INFO             PET0 PIOc_sync Enter - MemInfo: [malloc] Top-most, releasable space:                   119152 Byte
20220313 032456.454 INFO             PET0 PIOc_sync Enter - MemInfo: [malloc] Total space in use, mmap + non-mmap:        13647520 Byte
20220313 032456.454 INFO             PET0 PIOc_sync Enter - MemInfo: [malloc] Total space held (mmap + non-mmap):         13967360 Byte
20220313 032456.454 INFO             PET0 PIOc_sync Enter - MemInfo: [malloc] Total space used (mmap + non-mmap):         13656864 Byte
20220313 032456.454 INFO             PET0 PIOc_sync Enter - MemInfo: Wall-clock time since execution start:               0.045167 seconds
20220313 032456.454 INFO             PET0 PIOc_sync Exit - MemInfo: [/proc/meminfo - SSI]	MemTotal:       196434604 kB
20220313 032456.454 INFO             PET0 PIOc_sync Exit - MemInfo: [/proc/meminfo - SSI]	MemFree:        186414732 kB
20220313 032456.454 INFO             PET0 PIOc_sync Exit - MemInfo: [/proc/meminfo - SSI]	MemAvailable:   191845996 kB
20220313 032456.454 INFO             PET0 PIOc_sync Exit - MemInfo: [/proc/meminfo - SSI]	Committed_AS:     661708 kB
20220313 032456.454 INFO             PET0 PIOc_sync Exit - MemInfo: [/proc/meminfo - SSI]	CommittedPercent: 0.336859 %
20220313 032456.454 INFO             PET0 PIOc_sync Exit - MemInfo: [/proc/self/status]	VmPeak:	  647848 kB
20220313 032456.454 INFO             PET0 PIOc_sync Exit - MemInfo: [/proc/self/status]	VmSize:	  647848 kB
20220313 032456.454 INFO             PET0 PIOc_sync Exit - MemInfo: [/proc/self/status]	VmLck:	       0 kB
20220313 032456.454 INFO             PET0 PIOc_sync Exit - MemInfo: [/proc/self/status]	VmPin:	       0 kB
20220313 032456.454 INFO             PET0 PIOc_sync Exit - MemInfo: [/proc/self/status]	VmHWM:	   63628 kB
20220313 032456.454 INFO             PET0 PIOc_sync Exit - MemInfo: [/proc/self/status]	VmRSS:	   28140 kB
20220313 032456.454 INFO             PET0 PIOc_sync Exit - MemInfo: [/proc/self/status]	VmData:	  195584 kB
20220313 032456.454 INFO             PET0 PIOc_sync Exit - MemInfo: [/proc/self/status]	VmStk:	     144 kB
20220313 032456.454 INFO             PET0 PIOc_sync Exit - MemInfo: [/proc/self/status]	VmExe:	     196 kB
20220313 032456.454 INFO             PET0 PIOc_sync Exit - MemInfo: [/proc/self/status]	VmLib:	   59216 kB
20220313 032456.454 INFO             PET0 PIOc_sync Exit - MemInfo: [/proc/self/status]	VmPTE:	     916 kB
20220313 032456.454 INFO             PET0 PIOc_sync Exit - MemInfo: [/proc/self/status]	VmSwap:	       0 kB
20220313 032456.454 INFO             PET0 PIOc_sync Exit - MemInfo: [/proc/self/status]	VmRSSPercent: 0.0143254 %
20220313 032456.454 INFO             PET0 PIOc_sync Exit - MemInfo: [malloc] Non-mmapped space allocated:                12386304 Byte
20220313 032456.454 INFO             PET0 PIOc_sync Exit - MemInfo: [malloc] Space allocated in mmapped regions:          1581056 Byte
20220313 032456.454 INFO             PET0 PIOc_sync Exit - MemInfo: [malloc] Maximum total allocated space:                     0 Byte
20220313 032456.454 INFO             PET0 PIOc_sync Exit - MemInfo: [malloc] Space in freed fastbin blocks:                  1520 Byte
20220313 032456.454 INFO             PET0 PIOc_sync Exit - MemInfo: [malloc] Total allocated space:                      12069056 Byte
20220313 032456.454 INFO             PET0 PIOc_sync Exit - MemInfo: [malloc] Total free space:                             317248 Byte
20220313 032456.455 INFO             PET0 PIOc_sync Exit - MemInfo: [malloc] Top-most, releasable space:                   112928 Byte
20220313 032456.455 INFO             PET0 PIOc_sync Exit - MemInfo: [malloc] Total space in use, mmap + non-mmap:        13650112 Byte
20220313 032456.455 INFO             PET0 PIOc_sync Exit - MemInfo: [malloc] Total space held (mmap + non-mmap):         13967360 Byte
20220313 032456.455 INFO             PET0 PIOc_sync Exit - MemInfo: [malloc] Total space used (mmap + non-mmap):         13659456 Byte
20220313 032456.455 INFO             PET0 PIOc_sync Exit - MemInfo: Wall-clock time since execution start:               0.045658 seconds
20220313 032456.455 INFO             PET0 PIOc_freedecomp Enter - MemInfo: [/proc/meminfo - SSI]	MemTotal:       196434604 kB
20220313 032456.455 INFO             PET0 PIOc_freedecomp Enter - MemInfo: [/proc/meminfo - SSI]	MemFree:        186414732 kB
20220313 032456.455 INFO             PET0 PIOc_freedecomp Enter - MemInfo: [/proc/meminfo - SSI]	MemAvailable:   191845996 kB
20220313 032456.455 INFO             PET0 PIOc_freedecomp Enter - MemInfo: [/proc/meminfo - SSI]	Committed_AS:     661708 kB
20220313 032456.455 INFO             PET0 PIOc_freedecomp Enter - MemInfo: [/proc/meminfo - SSI]	CommittedPercent: 0.336859 %
20220313 032456.455 INFO             PET0 PIOc_freedecomp Enter - MemInfo: [/proc/self/status]	VmPeak:	  647848 kB
20220313 032456.455 INFO             PET0 PIOc_freedecomp Enter - MemInfo: [/proc/self/status]	VmSize:	  647848 kB
20220313 032456.455 INFO             PET0 PIOc_freedecomp Enter - MemInfo: [/proc/self/status]	VmLck:	       0 kB
20220313 032456.455 INFO             PET0 PIOc_freedecomp Enter - MemInfo: [/proc/self/status]	VmPin:	       0 kB
20220313 032456.455 INFO             PET0 PIOc_freedecomp Enter - MemInfo: [/proc/self/status]	VmHWM:	   63628 kB
20220313 032456.455 INFO             PET0 PIOc_freedecomp Enter - MemInfo: [/proc/self/status]	VmRSS:	   28144 kB
20220313 032456.455 INFO             PET0 PIOc_freedecomp Enter - MemInfo: [/proc/self/status]	VmData:	  195584 kB
20220313 032456.455 INFO             PET0 PIOc_freedecomp Enter - MemInfo: [/proc/self/status]	VmStk:	     144 kB
20220313 032456.455 INFO             PET0 PIOc_freedecomp Enter - MemInfo: [/proc/self/status]	VmExe:	     196 kB
20220313 032456.455 INFO             PET0 PIOc_freedecomp Enter - MemInfo: [/proc/self/status]	VmLib:	   59216 kB
20220313 032456.455 INFO             PET0 PIOc_freedecomp Enter - MemInfo: [/proc/self/status]	VmPTE:	     916 kB
20220313 032456.455 INFO             PET0 PIOc_freedecomp Enter - MemInfo: [/proc/self/status]	VmSwap:	       0 kB
20220313 032456.455 INFO             PET0 PIOc_freedecomp Enter - MemInfo: [/proc/self/status]	VmRSSPercent: 0.0143274 %
20220313 032456.455 INFO             PET0 PIOc_freedecomp Enter - MemInfo: [malloc] Non-mmapped space allocated:                12386304 Byte
20220313 032456.455 INFO             PET0 PIOc_freedecomp Enter - MemInfo: [malloc] Space allocated in mmapped regions:          1581056 Byte
20220313 032456.455 INFO             PET0 PIOc_freedecomp Enter - MemInfo: [malloc] Maximum total allocated space:                     0 Byte
20220313 032456.455 INFO             PET0 PIOc_freedecomp Enter - MemInfo: [malloc] Space in freed fastbin blocks:                  1072 Byte
20220313 032456.455 INFO             PET0 PIOc_freedecomp Enter - MemInfo: [malloc] Total allocated space:                       3142496 Byte
20220313 032456.455 INFO             PET0 PIOc_freedecomp Enter - MemInfo: [malloc] Total free space:                            9243808 Byte
20220313 032456.455 INFO             PET0 PIOc_freedecomp Enter - MemInfo: [malloc] Top-most, releasable space:                   113424 Byte
20220313 032456.455 INFO             PET0 PIOc_freedecomp Enter - MemInfo: [malloc] Total space in use, mmap + non-mmap:         4723552 Byte
20220313 032456.455 INFO             PET0 PIOc_freedecomp Enter - MemInfo: [malloc] Total space held (mmap + non-mmap):         13967360 Byte
20220313 032456.455 INFO             PET0 PIOc_freedecomp Enter - MemInfo: [malloc] Total space used (mmap + non-mmap):          4732896 Byte
20220313 032456.455 INFO             PET0 PIOc_freedecomp Enter - MemInfo: Wall-clock time since execution start:              0.0464584 seconds
20220313 032456.456 INFO             PET0 PIOc_freedecomp Exit - MemInfo: [/proc/meminfo - SSI]	MemTotal:       196434604 kB
20220313 032456.456 INFO             PET0 PIOc_freedecomp Exit - MemInfo: [/proc/meminfo - SSI]	MemFree:        186414732 kB
20220313 032456.456 INFO             PET0 PIOc_freedecomp Exit - MemInfo: [/proc/meminfo - SSI]	MemAvailable:   191845996 kB
20220313 032456.456 INFO             PET0 PIOc_freedecomp Exit - MemInfo: [/proc/meminfo - SSI]	Committed_AS:     661708 kB
20220313 032456.456 INFO             PET0 PIOc_freedecomp Exit - MemInfo: [/proc/meminfo - SSI]	CommittedPercent: 0.336859 %
20220313 032456.456 INFO             PET0 PIOc_freedecomp Exit - MemInfo: [/proc/self/status]	VmPeak:	  647848 kB
20220313 032456.456 INFO             PET0 PIOc_freedecomp Exit - MemInfo: [/proc/self/status]	VmSize:	  647848 kB
20220313 032456.456 INFO             PET0 PIOc_freedecomp Exit - MemInfo: [/proc/self/status]	VmLck:	       0 kB
20220313 032456.456 INFO             PET0 PIOc_freedecomp Exit - MemInfo: [/proc/self/status]	VmPin:	       0 kB
20220313 032456.456 INFO             PET0 PIOc_freedecomp Exit - MemInfo: [/proc/self/status]	VmHWM:	   63628 kB
20220313 032456.456 INFO             PET0 PIOc_freedecomp Exit - MemInfo: [/proc/self/status]	VmRSS:	   28144 kB
20220313 032456.456 INFO             PET0 PIOc_freedecomp Exit - MemInfo: [/proc/self/status]	VmData:	  195584 kB
20220313 032456.456 INFO             PET0 PIOc_freedecomp Exit - MemInfo: [/proc/self/status]	VmStk:	     144 kB
20220313 032456.456 INFO             PET0 PIOc_freedecomp Exit - MemInfo: [/proc/self/status]	VmExe:	     196 kB
20220313 032456.456 INFO             PET0 PIOc_freedecomp Exit - MemInfo: [/proc/self/status]	VmLib:	   59216 kB
20220313 032456.456 INFO             PET0 PIOc_freedecomp Exit - MemInfo: [/proc/self/status]	VmPTE:	     916 kB
20220313 032456.456 INFO             PET0 PIOc_freedecomp Exit - MemInfo: [/proc/self/status]	VmSwap:	       0 kB
20220313 032456.456 INFO             PET0 PIOc_freedecomp Exit - MemInfo: [/proc/self/status]	VmRSSPercent: 0.0143274 %
20220313 032456.456 INFO             PET0 PIOc_freedecomp Exit - MemInfo: [malloc] Non-mmapped space allocated:                12386304 Byte
20220313 032456.456 INFO             PET0 PIOc_freedecomp Exit - MemInfo: [malloc] Space allocated in mmapped regions:          1581056 Byte
20220313 032456.456 INFO             PET0 PIOc_freedecomp Exit - MemInfo: [malloc] Maximum total allocated space:                     0 Byte
20220313 032456.456 INFO             PET0 PIOc_freedecomp Exit - MemInfo: [malloc] Space in freed fastbin blocks:                  2368 Byte
20220313 032456.456 INFO             PET0 PIOc_freedecomp Exit - MemInfo: [malloc] Total allocated space:                       3134752 Byte
20220313 032456.456 INFO             PET0 PIOc_freedecomp Exit - MemInfo: [malloc] Total free space:                            9251552 Byte
20220313 032456.456 INFO             PET0 PIOc_freedecomp Exit - MemInfo: [malloc] Top-most, releasable space:                   113424 Byte
20220313 032456.456 INFO             PET0 PIOc_freedecomp Exit - MemInfo: [malloc] Total space in use, mmap + non-mmap:         4715808 Byte
20220313 032456.456 INFO             PET0 PIOc_freedecomp Exit - MemInfo: [malloc] Total space held (mmap + non-mmap):         13967360 Byte
20220313 032456.456 INFO             PET0 PIOc_freedecomp Exit - MemInfo: [malloc] Total space used (mmap + non-mmap):          4725152 Byte
20220313 032456.456 INFO             PET0 PIOc_freedecomp Exit - MemInfo: Wall-clock time since execution start:              0.0470737 seconds
20220313 032456.458 INFO             PET0 PIOc_sync Enter - MemInfo: [/proc/meminfo - SSI]	MemTotal:       196434604 kB
20220313 032456.458 INFO             PET0 PIOc_sync Enter - MemInfo: [/proc/meminfo - SSI]	MemFree:        186414732 kB
20220313 032456.458 INFO             PET0 PIOc_sync Enter - MemInfo: [/proc/meminfo - SSI]	MemAvailable:   191845996 kB
20220313 032456.458 INFO             PET0 PIOc_sync Enter - MemInfo: [/proc/meminfo - SSI]	Committed_AS:     661708 kB
20220313 032456.458 INFO             PET0 PIOc_sync Enter - MemInfo: [/proc/meminfo - SSI]	CommittedPercent: 0.336859 %
20220313 032456.458 INFO             PET0 PIOc_sync Enter - MemInfo: [/proc/self/status]	VmPeak:	  647852 kB
20220313 032456.458 INFO             PET0 PIOc_sync Enter - MemInfo: [/proc/self/status]	VmSize:	  647848 kB
20220313 032456.458 INFO             PET0 PIOc_sync Enter - MemInfo: [/proc/self/status]	VmLck:	       0 kB
20220313 032456.458 INFO             PET0 PIOc_sync Enter - MemInfo: [/proc/self/status]	VmPin:	       0 kB
20220313 032456.458 INFO             PET0 PIOc_sync Enter - MemInfo: [/proc/self/status]	VmHWM:	   63628 kB
20220313 032456.458 INFO             PET0 PIOc_sync Enter - MemInfo: [/proc/self/status]	VmRSS:	   28536 kB
20220313 032456.458 INFO             PET0 PIOc_sync Enter - MemInfo: [/proc/self/status]	VmData:	  195584 kB
20220313 032456.458 INFO             PET0 PIOc_sync Enter - MemInfo: [/proc/self/status]	VmStk:	     144 kB
20220313 032456.458 INFO             PET0 PIOc_sync Enter - MemInfo: [/proc/self/status]	VmExe:	     196 kB
20220313 032456.458 INFO             PET0 PIOc_sync Enter - MemInfo: [/proc/self/status]	VmLib:	   59216 kB
20220313 032456.458 INFO             PET0 PIOc_sync Enter - MemInfo: [/proc/self/status]	VmPTE:	     916 kB
20220313 032456.458 INFO             PET0 PIOc_sync Enter - MemInfo: [/proc/self/status]	VmSwap:	       0 kB
20220313 032456.458 INFO             PET0 PIOc_sync Enter - MemInfo: [/proc/self/status]	VmRSSPercent: 0.014527 %
20220313 032456.458 INFO             PET0 PIOc_sync Enter - MemInfo: [malloc] Non-mmapped space allocated:                12386304 Byte
20220313 032456.458 INFO             PET0 PIOc_sync Enter - MemInfo: [malloc] Space allocated in mmapped regions:          1581056 Byte
20220313 032456.458 INFO             PET0 PIOc_sync Enter - MemInfo: [malloc] Maximum total allocated space:                     0 Byte
20220313 032456.458 INFO             PET0 PIOc_sync Enter - MemInfo: [malloc] Space in freed fastbin blocks:                  1488 Byte
20220313 032456.458 INFO             PET0 PIOc_sync Enter - MemInfo: [malloc] Total allocated space:                      12066864 Byte
20220313 032456.458 INFO             PET0 PIOc_sync Enter - MemInfo: [malloc] Total free space:                             319440 Byte
20220313 032456.458 INFO             PET0 PIOc_sync Enter - MemInfo: [malloc] Top-most, releasable space:                   118464 Byte
20220313 032456.458 INFO             PET0 PIOc_sync Enter - MemInfo: [malloc] Total space in use, mmap + non-mmap:        13647920 Byte
20220313 032456.458 INFO             PET0 PIOc_sync Enter - MemInfo: [malloc] Total space held (mmap + non-mmap):         13967360 Byte
20220313 032456.458 INFO             PET0 PIOc_sync Enter - MemInfo: [malloc] Total space used (mmap + non-mmap):         13657264 Byte
20220313 032456.458 INFO             PET0 PIOc_sync Enter - MemInfo: Wall-clock time since execution start:              0.0495357 seconds
20220313 032456.459 INFO             PET0 PIOc_sync Exit - MemInfo: [/proc/meminfo - SSI]	MemTotal:       196434604 kB
20220313 032456.459 INFO             PET0 PIOc_sync Exit - MemInfo: [/proc/meminfo - SSI]	MemFree:        186414732 kB
20220313 032456.459 INFO             PET0 PIOc_sync Exit - MemInfo: [/proc/meminfo - SSI]	MemAvailable:   191845996 kB
20220313 032456.459 INFO             PET0 PIOc_sync Exit - MemInfo: [/proc/meminfo - SSI]	Committed_AS:     661708 kB
20220313 032456.459 INFO             PET0 PIOc_sync Exit - MemInfo: [/proc/meminfo - SSI]	CommittedPercent: 0.336859 %
20220313 032456.459 INFO             PET0 PIOc_sync Exit - MemInfo: [/proc/self/status]	VmPeak:	  647852 kB
20220313 032456.459 INFO             PET0 PIOc_sync Exit - MemInfo: [/proc/self/status]	VmSize:	  647848 kB
20220313 032456.459 INFO             PET0 PIOc_sync Exit - MemInfo: [/proc/self/status]	VmLck:	       0 kB
20220313 032456.459 INFO             PET0 PIOc_sync Exit - MemInfo: [/proc/self/status]	VmPin:	       0 kB
20220313 032456.459 INFO             PET0 PIOc_sync Exit - MemInfo: [/proc/self/status]	VmHWM:	   63628 kB
20220313 032456.459 INFO             PET0 PIOc_sync Exit - MemInfo: [/proc/self/status]	VmRSS:	   28536 kB
20220313 032456.459 INFO             PET0 PIOc_sync Exit - MemInfo: [/proc/self/status]	VmData:	  195584 kB
20220313 032456.459 INFO             PET0 PIOc_sync Exit - MemInfo: [/proc/self/status]	VmStk:	     144 kB
20220313 032456.459 INFO             PET0 PIOc_sync Exit - MemInfo: [/proc/self/status]	VmExe:	     196 kB
20220313 032456.459 INFO             PET0 PIOc_sync Exit - MemInfo: [/proc/self/status]	VmLib:	   59216 kB
20220313 032456.459 INFO             PET0 PIOc_sync Exit - MemInfo: [/proc/self/status]	VmPTE:	     916 kB
20220313 032456.459 INFO             PET0 PIOc_sync Exit - MemInfo: [/proc/self/status]	VmSwap:	       0 kB
20220313 032456.459 INFO             PET0 PIOc_sync Exit - MemInfo: [/proc/self/status]	VmRSSPercent: 0.014527 %
20220313 032456.459 INFO             PET0 PIOc_sync Exit - MemInfo: [malloc] Non-mmapped space allocated:                12386304 Byte
20220313 032456.459 INFO             PET0 PIOc_sync Exit - MemInfo: [malloc] Space allocated in mmapped regions:          1581056 Byte
20220313 032456.459 INFO             PET0 PIOc_sync Exit - MemInfo: [malloc] Maximum total allocated space:                     0 Byte
20220313 032456.459 INFO             PET0 PIOc_sync Exit - MemInfo: [malloc] Space in freed fastbin blocks:                  1520 Byte
20220313 032456.459 INFO             PET0 PIOc_sync Exit - MemInfo: [malloc] Total allocated space:                      12069456 Byte
20220313 032456.459 INFO             PET0 PIOc_sync Exit - MemInfo: [malloc] Total free space:                             316848 Byte
20220313 032456.459 INFO             PET0 PIOc_sync Exit - MemInfo: [malloc] Top-most, releasable space:                   112448 Byte
20220313 032456.459 INFO             PET0 PIOc_sync Exit - MemInfo: [malloc] Total space in use, mmap + non-mmap:        13650512 Byte
20220313 032456.459 INFO             PET0 PIOc_sync Exit - MemInfo: [malloc] Total space held (mmap + non-mmap):         13967360 Byte
20220313 032456.459 INFO             PET0 PIOc_sync Exit - MemInfo: [malloc] Total space used (mmap + non-mmap):         13659856 Byte
20220313 032456.459 INFO             PET0 PIOc_sync Exit - MemInfo: Wall-clock time since execution start:              0.0505192 seconds
20220313 032456.460 INFO             PET0 PIOc_freedecomp Enter - MemInfo: [/proc/meminfo - SSI]	MemTotal:       196434604 kB
20220313 032456.460 INFO             PET0 PIOc_freedecomp Enter - MemInfo: [/proc/meminfo - SSI]	MemFree:        186414732 kB
20220313 032456.460 INFO             PET0 PIOc_freedecomp Enter - MemInfo: [/proc/meminfo - SSI]	MemAvailable:   191845996 kB
20220313 032456.460 INFO             PET0 PIOc_freedecomp Enter - MemInfo: [/proc/meminfo - SSI]	Committed_AS:     661708 kB
20220313 032456.460 INFO             PET0 PIOc_freedecomp Enter - MemInfo: [/proc/meminfo - SSI]	CommittedPercent: 0.336859 %
20220313 032456.460 INFO             PET0 PIOc_freedecomp Enter - MemInfo: [/proc/self/status]	VmPeak:	  647852 kB
20220313 032456.460 INFO             PET0 PIOc_freedecomp Enter - MemInfo: [/proc/self/status]	VmSize:	  647848 kB
20220313 032456.460 INFO             PET0 PIOc_freedecomp Enter - MemInfo: [/proc/self/status]	VmLck:	       0 kB
20220313 032456.460 INFO             PET0 PIOc_freedecomp Enter - MemInfo: [/proc/self/status]	VmPin:	       0 kB
20220313 032456.460 INFO             PET0 PIOc_freedecomp Enter - MemInfo: [/proc/self/status]	VmHWM:	   63628 kB
20220313 032456.460 INFO             PET0 PIOc_freedecomp Enter - MemInfo: [/proc/self/status]	VmRSS:	   28536 kB
20220313 032456.460 INFO             PET0 PIOc_freedecomp Enter - MemInfo: [/proc/self/status]	VmData:	  195584 kB
20220313 032456.460 INFO             PET0 PIOc_freedecomp Enter - MemInfo: [/proc/self/status]	VmStk:	     144 kB
20220313 032456.460 INFO             PET0 PIOc_freedecomp Enter - MemInfo: [/proc/self/status]	VmExe:	     196 kB
20220313 032456.460 INFO             PET0 PIOc_freedecomp Enter - MemInfo: [/proc/self/status]	VmLib:	   59216 kB
20220313 032456.460 INFO             PET0 PIOc_freedecomp Enter - MemInfo: [/proc/self/status]	VmPTE:	     916 kB
20220313 032456.460 INFO             PET0 PIOc_freedecomp Enter - MemInfo: [/proc/self/status]	VmSwap:	       0 kB
20220313 032456.460 INFO             PET0 PIOc_freedecomp Enter - MemInfo: [/proc/self/status]	VmRSSPercent: 0.014527 %
20220313 032456.460 INFO             PET0 PIOc_freedecomp Enter - MemInfo: [malloc] Non-mmapped space allocated:                12386304 Byte
20220313 032456.460 INFO             PET0 PIOc_freedecomp Enter - MemInfo: [malloc] Space allocated in mmapped regions:          1581056 Byte
20220313 032456.460 INFO             PET0 PIOc_freedecomp Enter - MemInfo: [malloc] Maximum total allocated space:                     0 Byte
20220313 032456.460 INFO             PET0 PIOc_freedecomp Enter - MemInfo: [malloc] Space in freed fastbin blocks:                   848 Byte
20220313 032456.460 INFO             PET0 PIOc_freedecomp Enter - MemInfo: [malloc] Total allocated space:                       3142480 Byte
20220313 032456.460 INFO             PET0 PIOc_freedecomp Enter - MemInfo: [malloc] Total free space:                            9243824 Byte
20220313 032456.460 INFO             PET0 PIOc_freedecomp Enter - MemInfo: [malloc] Top-most, releasable space:                   112944 Byte
20220313 032456.460 INFO             PET0 PIOc_freedecomp Enter - MemInfo: [malloc] Total space in use, mmap + non-mmap:         4723536 Byte
20220313 032456.460 INFO             PET0 PIOc_freedecomp Enter - MemInfo: [malloc] Total space held (mmap + non-mmap):         13967360 Byte
20220313 032456.460 INFO             PET0 PIOc_freedecomp Enter - MemInfo: [malloc] Total space used (mmap + non-mmap):          4732880 Byte
20220313 032456.460 INFO             PET0 PIOc_freedecomp Enter - MemInfo: Wall-clock time since execution start:              0.0515993 seconds
20220313 032456.461 INFO             PET0 PIOc_freedecomp Exit - MemInfo: [/proc/meminfo - SSI]	MemTotal:       196434604 kB
20220313 032456.461 INFO             PET0 PIOc_freedecomp Exit - MemInfo: [/proc/meminfo - SSI]	MemFree:        186414732 kB
20220313 032456.461 INFO             PET0 PIOc_freedecomp Exit - MemInfo: [/proc/meminfo - SSI]	MemAvailable:   191845996 kB
20220313 032456.461 INFO             PET0 PIOc_freedecomp Exit - MemInfo: [/proc/meminfo - SSI]	Committed_AS:     661708 kB
20220313 032456.461 INFO             PET0 PIOc_freedecomp Exit - MemInfo: [/proc/meminfo - SSI]	CommittedPercent: 0.336859 %
20220313 032456.461 INFO             PET0 PIOc_freedecomp Exit - MemInfo: [/proc/self/status]	VmPeak:	  647852 kB
20220313 032456.461 INFO             PET0 PIOc_freedecomp Exit - MemInfo: [/proc/self/status]	VmSize:	  647848 kB
20220313 032456.461 INFO             PET0 PIOc_freedecomp Exit - MemInfo: [/proc/self/status]	VmLck:	       0 kB
20220313 032456.461 INFO             PET0 PIOc_freedecomp Exit - MemInfo: [/proc/self/status]	VmPin:	       0 kB
20220313 032456.461 INFO             PET0 PIOc_freedecomp Exit - MemInfo: [/proc/self/status]	VmHWM:	   63628 kB
20220313 032456.461 INFO             PET0 PIOc_freedecomp Exit - MemInfo: [/proc/self/status]	VmRSS:	   28536 kB
20220313 032456.461 INFO             PET0 PIOc_freedecomp Exit - MemInfo: [/proc/self/status]	VmData:	  195584 kB
20220313 032456.461 INFO             PET0 PIOc_freedecomp Exit - MemInfo: [/proc/self/status]	VmStk:	     144 kB
20220313 032456.461 INFO             PET0 PIOc_freedecomp Exit - MemInfo: [/proc/self/status]	VmExe:	     196 kB
20220313 032456.461 INFO             PET0 PIOc_freedecomp Exit - MemInfo: [/proc/self/status]	VmLib:	   59216 kB
20220313 032456.461 INFO             PET0 PIOc_freedecomp Exit - MemInfo: [/proc/self/status]	VmPTE:	     916 kB
20220313 032456.461 INFO             PET0 PIOc_freedecomp Exit - MemInfo: [/proc/self/status]	VmSwap:	       0 kB
20220313 032456.461 INFO             PET0 PIOc_freedecomp Exit - MemInfo: [/proc/self/status]	VmRSSPercent: 0.014527 %
20220313 032456.461 INFO             PET0 PIOc_freedecomp Exit - MemInfo: [malloc] Non-mmapped space allocated:                12386304 Byte
20220313 032456.461 INFO             PET0 PIOc_freedecomp Exit - MemInfo: [malloc] Space allocated in mmapped regions:          1581056 Byte
20220313 032456.461 INFO             PET0 PIOc_freedecomp Exit - MemInfo: [malloc] Maximum total allocated space:                     0 Byte
20220313 032456.461 INFO             PET0 PIOc_freedecomp Exit - MemInfo: [malloc] Space in freed fastbin blocks:                  2496 Byte
20220313 032456.461 INFO             PET0 PIOc_freedecomp Exit - MemInfo: [malloc] Total allocated space:                       3134736 Byte
20220313 032456.461 INFO             PET0 PIOc_freedecomp Exit - MemInfo: [malloc] Total free space:                            9251568 Byte
20220313 032456.461 INFO             PET0 PIOc_freedecomp Exit - MemInfo: [malloc] Top-most, releasable space:                   112944 Byte
20220313 032456.461 INFO             PET0 PIOc_freedecomp Exit - MemInfo: [malloc] Total space in use, mmap + non-mmap:         4715792 Byte
20220313 032456.461 INFO             PET0 PIOc_freedecomp Exit - MemInfo: [malloc] Total space held (mmap + non-mmap):         13967360 Byte
20220313 032456.461 INFO             PET0 PIOc_freedecomp Exit - MemInfo: [malloc] Total space used (mmap + non-mmap):          4725136 Byte
20220313 032456.461 INFO             PET0 PIOc_freedecomp Exit - MemInfo: Wall-clock time since execution start:              0.0522209 seconds
20220313 032456.461 INFO             PET0 PASS ESMC_FieldRegridStoreFile test, ESMC_FieldSMMFromFileUTest.C, line 199
20220313 032456.466 INFO             PET0 PASS ESMC_FieldSMMStore from File test, ESMC_FieldSMMFromFileUTest.C, line 229
20220313 032456.466 INFO             PET0 PASS ESMC_FieldSMMStore From File validation, ESMC_FieldSMMFromFileUTest.C, line 257
20220313 032456.466 INFO             PET0 PASS ESMC_FieldRegridRelease, ESMC_FieldSMMFromFileUTest.C, line 271
20220313 032456.466 INFO             PET0 Ending Test, file ESMC_FieldSMMFromFileUTest.C, line 289
20220313 032456.466 INFO             PET0 Finalizing ESMF
20220313 032456.413 INFO             PET1 !!!!!!!!!!!!!!!!!!!!!!!!!!!!!!!!!!!!!!!!!!!!!!!!!!!!!!
20220313 032456.413 INFO             PET1 !!! THE ESMF_LOG IS SET TO OUTPUT ALL LOG MESSAGES !!!
20220313 032456.413 INFO             PET1 !!!     THIS MAY CAUSE SLOWDOWN IN PERFORMANCE     !!!
20220313 032456.413 INFO             PET1 !!! FOR PRODUCTION RUNS, USE:                      !!!
20220313 032456.413 INFO             PET1 !!!                   ESMF_LOGKIND_Multi_On_Error  !!!
20220313 032456.413 INFO             PET1 !!!!!!!!!!!!!!!!!!!!!!!!!!!!!!!!!!!!!!!!!!!!!!!!!!!!!!
20220313 032456.413 INFO             PET1 Running with ESMF Version   : v8.3.0b09-96-g559b459
20220313 032456.413 INFO             PET1 ESMF library build date/time: "Mar 13 2022" "03:13:32"
20220313 032456.413 INFO             PET1 ESMF library build location : /work/noaa/da/mpotts/sandbox/gfortran_8.3.0_openmpi_O_jedwards_pio_update2
20220313 032456.413 INFO             PET1 ESMF_COMM                   : openmpi
20220313 032456.419 INFO             PET1 ESMF_MOAB                   : enabled
20220313 032456.419 INFO             PET1 ESMF_LAPACK                 : enabled
20220313 032456.419 INFO             PET1 ESMF_NETCDF                 : enabled
20220313 032456.419 INFO             PET1 ESMF_PNETCDF                : disabled
20220313 032456.419 INFO             PET1 ESMF_PIO                    : enabled
20220313 032456.419 INFO             PET1 ESMF_YAMLCPP                : enabled
20220313 032456.419 INFO             PET1 Beginning Test, file ESMC_FieldSMMFromFileUTest.C, line 41
20220313 032456.419 INFO             PET1 Beginning Test, file ESMC_FieldSMMFromFileUTest.C, line 41NUMBER_OF_PROCESSORS 4
20220313 032456.448 INFO             PET1 PIOc_sync Enter - MemInfo: [/proc/meminfo - SSI]	MemTotal:       196434604 kB
20220313 032456.448 INFO             PET1 PIOc_sync Enter - MemInfo: [/proc/meminfo - SSI]	MemFree:        186411968 kB
20220313 032456.448 INFO             PET1 PIOc_sync Enter - MemInfo: [/proc/meminfo - SSI]	MemAvailable:   191843232 kB
20220313 032456.448 INFO             PET1 PIOc_sync Enter - MemInfo: [/proc/meminfo - SSI]	Committed_AS:     661700 kB
20220313 032456.448 INFO             PET1 PIOc_sync Enter - MemInfo: [/proc/meminfo - SSI]	CommittedPercent: 0.336855 %
20220313 032456.448 INFO             PET1 PIOc_sync Enter - MemInfo: [/proc/self/status]	VmPeak:	  639300 kB
20220313 032456.448 INFO             PET1 PIOc_sync Enter - MemInfo: [/proc/self/status]	VmSize:	  639300 kB
20220313 032456.448 INFO             PET1 PIOc_sync Enter - MemInfo: [/proc/self/status]	VmLck:	       0 kB
20220313 032456.448 INFO             PET1 PIOc_sync Enter - MemInfo: [/proc/self/status]	VmPin:	       0 kB
20220313 032456.448 INFO             PET1 PIOc_sync Enter - MemInfo: [/proc/self/status]	VmHWM:	   63612 kB
20220313 032456.448 INFO             PET1 PIOc_sync Enter - MemInfo: [/proc/self/status]	VmRSS:	   22228 kB
20220313 032456.449 INFO             PET1 PIOc_sync Enter - MemInfo: [/proc/self/status]	VmData:	  187036 kB
20220313 032456.449 INFO             PET1 PIOc_sync Enter - MemInfo: [/proc/self/status]	VmStk:	     144 kB
20220313 032456.449 INFO             PET1 PIOc_sync Enter - MemInfo: [/proc/self/status]	VmExe:	     196 kB
20220313 032456.449 INFO             PET1 PIOc_sync Enter - MemInfo: [/proc/self/status]	VmLib:	   59216 kB
20220313 032456.449 INFO             PET1 PIOc_sync Enter - MemInfo: [/proc/self/status]	VmPTE:	     892 kB
20220313 032456.449 INFO             PET1 PIOc_sync Enter - MemInfo: [/proc/self/status]	VmSwap:	       0 kB
20220313 032456.449 INFO             PET1 PIOc_sync Enter - MemInfo: [/proc/self/status]	VmRSSPercent: 0.0113157 %
20220313 032456.449 INFO             PET1 PIOc_sync Enter - MemInfo: [malloc] Non-mmapped space allocated:                 3633152 Byte
20220313 032456.449 INFO             PET1 PIOc_sync Enter - MemInfo: [malloc] Space allocated in mmapped regions:          1581056 Byte
20220313 032456.449 INFO             PET1 PIOc_sync Enter - MemInfo: [malloc] Maximum total allocated space:                     0 Byte
20220313 032456.449 INFO             PET1 PIOc_sync Enter - MemInfo: [malloc] Space in freed fastbin blocks:                   992 Byte
20220313 032456.449 INFO             PET1 PIOc_sync Enter - MemInfo: [malloc] Total allocated space:                       3023152 Byte
20220313 032456.449 INFO             PET1 PIOc_sync Enter - MemInfo: [malloc] Total free space:                             610000 Byte
20220313 032456.449 INFO             PET1 PIOc_sync Enter - MemInfo: [malloc] Top-most, releasable space:                   395408 Byte
20220313 032456.449 INFO             PET1 PIOc_sync Enter - MemInfo: [malloc] Total space in use, mmap + non-mmap:         4604208 Byte
20220313 032456.449 INFO             PET1 PIOc_sync Enter - MemInfo: [malloc] Total space held (mmap + non-mmap):          5214208 Byte
20220313 032456.449 INFO             PET1 PIOc_sync Enter - MemInfo: [malloc] Total space used (mmap + non-mmap):          4613552 Byte
20220313 032456.449 INFO             PET1 PIOc_sync Enter - MemInfo: Wall-clock time since execution start:              0.0396771 seconds
20220313 032456.449 INFO             PET1 PIOc_sync Exit - MemInfo: [/proc/meminfo - SSI]	MemTotal:       196434604 kB
20220313 032456.449 INFO             PET1 PIOc_sync Exit - MemInfo: [/proc/meminfo - SSI]	MemFree:        186411968 kB
20220313 032456.449 INFO             PET1 PIOc_sync Exit - MemInfo: [/proc/meminfo - SSI]	MemAvailable:   191843232 kB
20220313 032456.449 INFO             PET1 PIOc_sync Exit - MemInfo: [/proc/meminfo - SSI]	Committed_AS:     661700 kB
20220313 032456.449 INFO             PET1 PIOc_sync Exit - MemInfo: [/proc/meminfo - SSI]	CommittedPercent: 0.336855 %
20220313 032456.449 INFO             PET1 PIOc_sync Exit - MemInfo: [/proc/self/status]	VmPeak:	  639300 kB
20220313 032456.449 INFO             PET1 PIOc_sync Exit - MemInfo: [/proc/self/status]	VmSize:	  639300 kB
20220313 032456.449 INFO             PET1 PIOc_sync Exit - MemInfo: [/proc/self/status]	VmLck:	       0 kB
20220313 032456.449 INFO             PET1 PIOc_sync Exit - MemInfo: [/proc/self/status]	VmPin:	       0 kB
20220313 032456.449 INFO             PET1 PIOc_sync Exit - MemInfo: [/proc/self/status]	VmHWM:	   63612 kB
20220313 032456.449 INFO             PET1 PIOc_sync Exit - MemInfo: [/proc/self/status]	VmRSS:	   22292 kB
20220313 032456.449 INFO             PET1 PIOc_sync Exit - MemInfo: [/proc/self/status]	VmData:	  187036 kB
20220313 032456.449 INFO             PET1 PIOc_sync Exit - MemInfo: [/proc/self/status]	VmStk:	     144 kB
20220313 032456.449 INFO             PET1 PIOc_sync Exit - MemInfo: [/proc/self/status]	VmExe:	     196 kB
20220313 032456.449 INFO             PET1 PIOc_sync Exit - MemInfo: [/proc/self/status]	VmLib:	   59216 kB
20220313 032456.449 INFO             PET1 PIOc_sync Exit - MemInfo: [/proc/self/status]	VmPTE:	     892 kB
20220313 032456.449 INFO             PET1 PIOc_sync Exit - MemInfo: [/proc/self/status]	VmSwap:	       0 kB
20220313 032456.449 INFO             PET1 PIOc_sync Exit - MemInfo: [/proc/self/status]	VmRSSPercent: 0.0113483 %
20220313 032456.449 INFO             PET1 PIOc_sync Exit - MemInfo: [malloc] Non-mmapped space allocated:                 3633152 Byte
20220313 032456.449 INFO             PET1 PIOc_sync Exit - MemInfo: [malloc] Space allocated in mmapped regions:          1581056 Byte
20220313 032456.449 INFO             PET1 PIOc_sync Exit - MemInfo: [malloc] Maximum total allocated space:                     0 Byte
20220313 032456.449 INFO             PET1 PIOc_sync Exit - MemInfo: [malloc] Space in freed fastbin blocks:                  1296 Byte
20220313 032456.449 INFO             PET1 PIOc_sync Exit - MemInfo: [malloc] Total allocated space:                       3022576 Byte
20220313 032456.449 INFO             PET1 PIOc_sync Exit - MemInfo: [malloc] Total free space:                             610576 Byte
20220313 032456.449 INFO             PET1 PIOc_sync Exit - MemInfo: [malloc] Top-most, releasable space:                   395408 Byte
20220313 032456.449 INFO             PET1 PIOc_sync Exit - MemInfo: [malloc] Total space in use, mmap + non-mmap:         4603632 Byte
20220313 032456.449 INFO             PET1 PIOc_sync Exit - MemInfo: [malloc] Total space held (mmap + non-mmap):          5214208 Byte
20220313 032456.449 INFO             PET1 PIOc_sync Exit - MemInfo: [malloc] Total space used (mmap + non-mmap):          4612976 Byte
20220313 032456.449 INFO             PET1 PIOc_sync Exit - MemInfo: Wall-clock time since execution start:              0.0402251 seconds
20220313 032456.450 INFO             PET1 PIOc_freedecomp Enter - MemInfo: [/proc/meminfo - SSI]	MemTotal:       196434604 kB
20220313 032456.450 INFO             PET1 PIOc_freedecomp Enter - MemInfo: [/proc/meminfo - SSI]	MemFree:        186418724 kB
20220313 032456.450 INFO             PET1 PIOc_freedecomp Enter - MemInfo: [/proc/meminfo - SSI]	MemAvailable:   191849988 kB
20220313 032456.450 INFO             PET1 PIOc_freedecomp Enter - MemInfo: [/proc/meminfo - SSI]	Committed_AS:     653504 kB
20220313 032456.450 INFO             PET1 PIOc_freedecomp Enter - MemInfo: [/proc/meminfo - SSI]	CommittedPercent: 0.332683 %
20220313 032456.451 INFO             PET1 PIOc_freedecomp Enter - MemInfo: [/proc/self/status]	VmPeak:	  639300 kB
20220313 032456.451 INFO             PET1 PIOc_freedecomp Enter - MemInfo: [/proc/self/status]	VmSize:	  639300 kB
20220313 032456.451 INFO             PET1 PIOc_freedecomp Enter - MemInfo: [/proc/self/status]	VmLck:	       0 kB
20220313 032456.451 INFO             PET1 PIOc_freedecomp Enter - MemInfo: [/proc/self/status]	VmPin:	       0 kB
20220313 032456.451 INFO             PET1 PIOc_freedecomp Enter - MemInfo: [/proc/self/status]	VmHWM:	   63612 kB
20220313 032456.451 INFO             PET1 PIOc_freedecomp Enter - MemInfo: [/proc/self/status]	VmRSS:	   22292 kB
20220313 032456.451 INFO             PET1 PIOc_freedecomp Enter - MemInfo: [/proc/self/status]	VmData:	  187036 kB
20220313 032456.451 INFO             PET1 PIOc_freedecomp Enter - MemInfo: [/proc/self/status]	VmStk:	     144 kB
20220313 032456.451 INFO             PET1 PIOc_freedecomp Enter - MemInfo: [/proc/self/status]	VmExe:	     196 kB
20220313 032456.451 INFO             PET1 PIOc_freedecomp Enter - MemInfo: [/proc/self/status]	VmLib:	   59216 kB
20220313 032456.451 INFO             PET1 PIOc_freedecomp Enter - MemInfo: [/proc/self/status]	VmPTE:	     892 kB
20220313 032456.451 INFO             PET1 PIOc_freedecomp Enter - MemInfo: [/proc/self/status]	VmSwap:	       0 kB
20220313 032456.451 INFO             PET1 PIOc_freedecomp Enter - MemInfo: [/proc/self/status]	VmRSSPercent: 0.0113483 %
20220313 032456.451 INFO             PET1 PIOc_freedecomp Enter - MemInfo: [malloc] Non-mmapped space allocated:                 3633152 Byte
20220313 032456.451 INFO             PET1 PIOc_freedecomp Enter - MemInfo: [malloc] Space allocated in mmapped regions:          1581056 Byte
20220313 032456.451 INFO             PET1 PIOc_freedecomp Enter - MemInfo: [malloc] Maximum total allocated space:                     0 Byte
20220313 032456.451 INFO             PET1 PIOc_freedecomp Enter - MemInfo: [malloc] Space in freed fastbin blocks:                  1456 Byte
20220313 032456.451 INFO             PET1 PIOc_freedecomp Enter - MemInfo: [malloc] Total allocated space:                       3020896 Byte
20220313 032456.451 INFO             PET1 PIOc_freedecomp Enter - MemInfo: [malloc] Total free space:                             612256 Byte
20220313 032456.451 INFO             PET1 PIOc_freedecomp Enter - MemInfo: [malloc] Top-most, releasable space:                   395408 Byte
20220313 032456.451 INFO             PET1 PIOc_freedecomp Enter - MemInfo: [malloc] Total space in use, mmap + non-mmap:         4601952 Byte
20220313 032456.451 INFO             PET1 PIOc_freedecomp Enter - MemInfo: [malloc] Total space held (mmap + non-mmap):          5214208 Byte
20220313 032456.451 INFO             PET1 PIOc_freedecomp Enter - MemInfo: [malloc] Total space used (mmap + non-mmap):          4611296 Byte
20220313 032456.451 INFO             PET1 PIOc_freedecomp Enter - MemInfo: Wall-clock time since execution start:              0.0416723 seconds
20220313 032456.451 INFO             PET1 PIOc_freedecomp Exit - MemInfo: [/proc/meminfo - SSI]	MemTotal:       196434604 kB
20220313 032456.451 INFO             PET1 PIOc_freedecomp Exit - MemInfo: [/proc/meminfo - SSI]	MemFree:        186418724 kB
20220313 032456.451 INFO             PET1 PIOc_freedecomp Exit - MemInfo: [/proc/meminfo - SSI]	MemAvailable:   191849988 kB
20220313 032456.451 INFO             PET1 PIOc_freedecomp Exit - MemInfo: [/proc/meminfo - SSI]	Committed_AS:     653504 kB
20220313 032456.451 INFO             PET1 PIOc_freedecomp Exit - MemInfo: [/proc/meminfo - SSI]	CommittedPercent: 0.332683 %
20220313 032456.451 INFO             PET1 PIOc_freedecomp Exit - MemInfo: [/proc/self/status]	VmPeak:	  639300 kB
20220313 032456.451 INFO             PET1 PIOc_freedecomp Exit - MemInfo: [/proc/self/status]	VmSize:	  639300 kB
20220313 032456.451 INFO             PET1 PIOc_freedecomp Exit - MemInfo: [/proc/self/status]	VmLck:	       0 kB
20220313 032456.451 INFO             PET1 PIOc_freedecomp Exit - MemInfo: [/proc/self/status]	VmPin:	       0 kB
20220313 032456.451 INFO             PET1 PIOc_freedecomp Exit - MemInfo: [/proc/self/status]	VmHWM:	   63612 kB
20220313 032456.451 INFO             PET1 PIOc_freedecomp Exit - MemInfo: [/proc/self/status]	VmRSS:	   22292 kB
20220313 032456.451 INFO             PET1 PIOc_freedecomp Exit - MemInfo: [/proc/self/status]	VmData:	  187036 kB
20220313 032456.451 INFO             PET1 PIOc_freedecomp Exit - MemInfo: [/proc/self/status]	VmStk:	     144 kB
20220313 032456.451 INFO             PET1 PIOc_freedecomp Exit - MemInfo: [/proc/self/status]	VmExe:	     196 kB
20220313 032456.451 INFO             PET1 PIOc_freedecomp Exit - MemInfo: [/proc/self/status]	VmLib:	   59216 kB
20220313 032456.451 INFO             PET1 PIOc_freedecomp Exit - MemInfo: [/proc/self/status]	VmPTE:	     892 kB
20220313 032456.451 INFO             PET1 PIOc_freedecomp Exit - MemInfo: [/proc/self/status]	VmSwap:	       0 kB
20220313 032456.451 INFO             PET1 PIOc_freedecomp Exit - MemInfo: [/proc/self/status]	VmRSSPercent: 0.0113483 %
20220313 032456.451 INFO             PET1 PIOc_freedecomp Exit - MemInfo: [malloc] Non-mmapped space allocated:                 3633152 Byte
20220313 032456.451 INFO             PET1 PIOc_freedecomp Exit - MemInfo: [malloc] Space allocated in mmapped regions:          1581056 Byte
20220313 032456.451 INFO             PET1 PIOc_freedecomp Exit - MemInfo: [malloc] Maximum total allocated space:                     0 Byte
20220313 032456.451 INFO             PET1 PIOc_freedecomp Exit - MemInfo: [malloc] Space in freed fastbin blocks:                  1808 Byte
20220313 032456.451 INFO             PET1 PIOc_freedecomp Exit - MemInfo: [malloc] Total allocated space:                       3017968 Byte
20220313 032456.451 INFO             PET1 PIOc_freedecomp Exit - MemInfo: [malloc] Total free space:                             615184 Byte
20220313 032456.451 INFO             PET1 PIOc_freedecomp Exit - MemInfo: [malloc] Top-most, releasable space:                   395408 Byte
20220313 032456.451 INFO             PET1 PIOc_freedecomp Exit - MemInfo: [malloc] Total space in use, mmap + non-mmap:         4599024 Byte
20220313 032456.451 INFO             PET1 PIOc_freedecomp Exit - MemInfo: [malloc] Total space held (mmap + non-mmap):          5214208 Byte
20220313 032456.451 INFO             PET1 PIOc_freedecomp Exit - MemInfo: [malloc] Total space used (mmap + non-mmap):          4608368 Byte
20220313 032456.451 INFO             PET1 PIOc_freedecomp Exit - MemInfo: Wall-clock time since execution start:              0.0423129 seconds
20220313 032456.453 INFO             PET1 PIOc_sync Enter - MemInfo: [/proc/meminfo - SSI]	MemTotal:       196434604 kB
20220313 032456.453 INFO             PET1 PIOc_sync Enter - MemInfo: [/proc/meminfo - SSI]	MemFree:        186414732 kB
20220313 032456.453 INFO             PET1 PIOc_sync Enter - MemInfo: [/proc/meminfo - SSI]	MemAvailable:   191845996 kB
20220313 032456.453 INFO             PET1 PIOc_sync Enter - MemInfo: [/proc/meminfo - SSI]	Committed_AS:     661708 kB
20220313 032456.454 INFO             PET1 PIOc_sync Enter - MemInfo: [/proc/meminfo - SSI]	CommittedPercent: 0.336859 %
20220313 032456.454 INFO             PET1 PIOc_sync Enter - MemInfo: [/proc/self/status]	VmPeak:	  639300 kB
20220313 032456.454 INFO             PET1 PIOc_sync Enter - MemInfo: [/proc/self/status]	VmSize:	  639300 kB
20220313 032456.454 INFO             PET1 PIOc_sync Enter - MemInfo: [/proc/self/status]	VmLck:	       0 kB
20220313 032456.454 INFO             PET1 PIOc_sync Enter - MemInfo: [/proc/self/status]	VmPin:	       0 kB
20220313 032456.454 INFO             PET1 PIOc_sync Enter - MemInfo: [/proc/self/status]	VmHWM:	   63612 kB
20220313 032456.454 INFO             PET1 PIOc_sync Enter - MemInfo: [/proc/self/status]	VmRSS:	   22296 kB
20220313 032456.454 INFO             PET1 PIOc_sync Enter - MemInfo: [/proc/self/status]	VmData:	  187036 kB
20220313 032456.454 INFO             PET1 PIOc_sync Enter - MemInfo: [/proc/self/status]	VmStk:	     144 kB
20220313 032456.454 INFO             PET1 PIOc_sync Enter - MemInfo: [/proc/self/status]	VmExe:	     196 kB
20220313 032456.454 INFO             PET1 PIOc_sync Enter - MemInfo: [/proc/self/status]	VmLib:	   59216 kB
20220313 032456.454 INFO             PET1 PIOc_sync Enter - MemInfo: [/proc/self/status]	VmPTE:	     892 kB
20220313 032456.454 INFO             PET1 PIOc_sync Enter - MemInfo: [/proc/self/status]	VmSwap:	       0 kB
20220313 032456.454 INFO             PET1 PIOc_sync Enter - MemInfo: [/proc/self/status]	VmRSSPercent: 0.0113503 %
20220313 032456.454 INFO             PET1 PIOc_sync Enter - MemInfo: [malloc] Non-mmapped space allocated:                 3633152 Byte
20220313 032456.454 INFO             PET1 PIOc_sync Enter - MemInfo: [malloc] Space allocated in mmapped regions:          1581056 Byte
20220313 032456.454 INFO             PET1 PIOc_sync Enter - MemInfo: [malloc] Maximum total allocated space:                     0 Byte
20220313 032456.454 INFO             PET1 PIOc_sync Enter - MemInfo: [malloc] Space in freed fastbin blocks:                  2800 Byte
20220313 032456.454 INFO             PET1 PIOc_sync Enter - MemInfo: [malloc] Total allocated space:                       3023024 Byte
20220313 032456.454 INFO             PET1 PIOc_sync Enter - MemInfo: [malloc] Total free space:                             610128 Byte
20220313 032456.454 INFO             PET1 PIOc_sync Enter - MemInfo: [malloc] Top-most, releasable space:                   395408 Byte
20220313 032456.454 INFO             PET1 PIOc_sync Enter - MemInfo: [malloc] Total space in use, mmap + non-mmap:         4604080 Byte
20220313 032456.454 INFO             PET1 PIOc_sync Enter - MemInfo: [malloc] Total space held (mmap + non-mmap):          5214208 Byte
20220313 032456.454 INFO             PET1 PIOc_sync Enter - MemInfo: [malloc] Total space used (mmap + non-mmap):          4613424 Byte
20220313 032456.454 INFO             PET1 PIOc_sync Enter - MemInfo: Wall-clock time since execution start:              0.0447034 seconds
20220313 032456.455 INFO             PET1 PIOc_sync Exit - MemInfo: [/proc/meminfo - SSI]	MemTotal:       196434604 kB
20220313 032456.455 INFO             PET1 PIOc_sync Exit - MemInfo: [/proc/meminfo - SSI]	MemFree:        186414732 kB
20220313 032456.455 INFO             PET1 PIOc_sync Exit - MemInfo: [/proc/meminfo - SSI]	MemAvailable:   191845996 kB
20220313 032456.455 INFO             PET1 PIOc_sync Exit - MemInfo: [/proc/meminfo - SSI]	Committed_AS:     661708 kB
20220313 032456.455 INFO             PET1 PIOc_sync Exit - MemInfo: [/proc/meminfo - SSI]	CommittedPercent: 0.336859 %
20220313 032456.455 INFO             PET1 PIOc_sync Exit - MemInfo: [/proc/self/status]	VmPeak:	  639300 kB
20220313 032456.455 INFO             PET1 PIOc_sync Exit - MemInfo: [/proc/self/status]	VmSize:	  639300 kB
20220313 032456.455 INFO             PET1 PIOc_sync Exit - MemInfo: [/proc/self/status]	VmLck:	       0 kB
20220313 032456.455 INFO             PET1 PIOc_sync Exit - MemInfo: [/proc/self/status]	VmPin:	       0 kB
20220313 032456.455 INFO             PET1 PIOc_sync Exit - MemInfo: [/proc/self/status]	VmHWM:	   63612 kB
20220313 032456.455 INFO             PET1 PIOc_sync Exit - MemInfo: [/proc/self/status]	VmRSS:	   22296 kB
20220313 032456.455 INFO             PET1 PIOc_sync Exit - MemInfo: [/proc/self/status]	VmData:	  187036 kB
20220313 032456.455 INFO             PET1 PIOc_sync Exit - MemInfo: [/proc/self/status]	VmStk:	     144 kB
20220313 032456.455 INFO             PET1 PIOc_sync Exit - MemInfo: [/proc/self/status]	VmExe:	     196 kB
20220313 032456.455 INFO             PET1 PIOc_sync Exit - MemInfo: [/proc/self/status]	VmLib:	   59216 kB
20220313 032456.455 INFO             PET1 PIOc_sync Exit - MemInfo: [/proc/self/status]	VmPTE:	     892 kB
20220313 032456.455 INFO             PET1 PIOc_sync Exit - MemInfo: [/proc/self/status]	VmSwap:	       0 kB
20220313 032456.455 INFO             PET1 PIOc_sync Exit - MemInfo: [/proc/self/status]	VmRSSPercent: 0.0113503 %
20220313 032456.455 INFO             PET1 PIOc_sync Exit - MemInfo: [malloc] Non-mmapped space allocated:                 3633152 Byte
20220313 032456.455 INFO             PET1 PIOc_sync Exit - MemInfo: [malloc] Space allocated in mmapped regions:          1581056 Byte
20220313 032456.455 INFO             PET1 PIOc_sync Exit - MemInfo: [malloc] Maximum total allocated space:                     0 Byte
20220313 032456.455 INFO             PET1 PIOc_sync Exit - MemInfo: [malloc] Space in freed fastbin blocks:                  1424 Byte
20220313 032456.455 INFO             PET1 PIOc_sync Exit - MemInfo: [malloc] Total allocated space:                       3022720 Byte
20220313 032456.455 INFO             PET1 PIOc_sync Exit - MemInfo: [malloc] Total free space:                             610432 Byte
20220313 032456.455 INFO             PET1 PIOc_sync Exit - MemInfo: [malloc] Top-most, releasable space:                   395408 Byte
20220313 032456.455 INFO             PET1 PIOc_sync Exit - MemInfo: [malloc] Total space in use, mmap + non-mmap:         4603776 Byte
20220313 032456.455 INFO             PET1 PIOc_sync Exit - MemInfo: [malloc] Total space held (mmap + non-mmap):          5214208 Byte
20220313 032456.455 INFO             PET1 PIOc_sync Exit - MemInfo: [malloc] Total space used (mmap + non-mmap):          4613120 Byte
20220313 032456.455 INFO             PET1 PIOc_sync Exit - MemInfo: Wall-clock time since execution start:              0.0460137 seconds
20220313 032456.455 INFO             PET1 PIOc_freedecomp Enter - MemInfo: [/proc/meminfo - SSI]	MemTotal:       196434604 kB
20220313 032456.455 INFO             PET1 PIOc_freedecomp Enter - MemInfo: [/proc/meminfo - SSI]	MemFree:        186414732 kB
20220313 032456.455 INFO             PET1 PIOc_freedecomp Enter - MemInfo: [/proc/meminfo - SSI]	MemAvailable:   191845996 kB
20220313 032456.455 INFO             PET1 PIOc_freedecomp Enter - MemInfo: [/proc/meminfo - SSI]	Committed_AS:     661708 kB
20220313 032456.455 INFO             PET1 PIOc_freedecomp Enter - MemInfo: [/proc/meminfo - SSI]	CommittedPercent: 0.336859 %
20220313 032456.455 INFO             PET1 PIOc_freedecomp Enter - MemInfo: [/proc/self/status]	VmPeak:	  639300 kB
20220313 032456.455 INFO             PET1 PIOc_freedecomp Enter - MemInfo: [/proc/self/status]	VmSize:	  639300 kB
20220313 032456.455 INFO             PET1 PIOc_freedecomp Enter - MemInfo: [/proc/self/status]	VmLck:	       0 kB
20220313 032456.455 INFO             PET1 PIOc_freedecomp Enter - MemInfo: [/proc/self/status]	VmPin:	       0 kB
20220313 032456.455 INFO             PET1 PIOc_freedecomp Enter - MemInfo: [/proc/self/status]	VmHWM:	   63612 kB
20220313 032456.455 INFO             PET1 PIOc_freedecomp Enter - MemInfo: [/proc/self/status]	VmRSS:	   22296 kB
20220313 032456.455 INFO             PET1 PIOc_freedecomp Enter - MemInfo: [/proc/self/status]	VmData:	  187036 kB
20220313 032456.455 INFO             PET1 PIOc_freedecomp Enter - MemInfo: [/proc/self/status]	VmStk:	     144 kB
20220313 032456.456 INFO             PET1 PIOc_freedecomp Enter - MemInfo: [/proc/self/status]	VmExe:	     196 kB
20220313 032456.456 INFO             PET1 PIOc_freedecomp Enter - MemInfo: [/proc/self/status]	VmLib:	   59216 kB
20220313 032456.456 INFO             PET1 PIOc_freedecomp Enter - MemInfo: [/proc/self/status]	VmPTE:	     892 kB
20220313 032456.456 INFO             PET1 PIOc_freedecomp Enter - MemInfo: [/proc/self/status]	VmSwap:	       0 kB
20220313 032456.456 INFO             PET1 PIOc_freedecomp Enter - MemInfo: [/proc/self/status]	VmRSSPercent: 0.0113503 %
20220313 032456.456 INFO             PET1 PIOc_freedecomp Enter - MemInfo: [malloc] Non-mmapped space allocated:                 3633152 Byte
20220313 032456.456 INFO             PET1 PIOc_freedecomp Enter - MemInfo: [malloc] Space allocated in mmapped regions:          1581056 Byte
20220313 032456.456 INFO             PET1 PIOc_freedecomp Enter - MemInfo: [malloc] Maximum total allocated space:                     0 Byte
20220313 032456.456 INFO             PET1 PIOc_freedecomp Enter - MemInfo: [malloc] Space in freed fastbin blocks:                  1584 Byte
20220313 032456.456 INFO             PET1 PIOc_freedecomp Enter - MemInfo: [malloc] Total allocated space:                       3020896 Byte
20220313 032456.456 INFO             PET1 PIOc_freedecomp Enter - MemInfo: [malloc] Total free space:                             612256 Byte
20220313 032456.456 INFO             PET1 PIOc_freedecomp Enter - MemInfo: [malloc] Top-most, releasable space:                   395408 Byte
20220313 032456.456 INFO             PET1 PIOc_freedecomp Enter - MemInfo: [malloc] Total space in use, mmap + non-mmap:         4601952 Byte
20220313 032456.456 INFO             PET1 PIOc_freedecomp Enter - MemInfo: [malloc] Total space held (mmap + non-mmap):          5214208 Byte
20220313 032456.456 INFO             PET1 PIOc_freedecomp Enter - MemInfo: [malloc] Total space used (mmap + non-mmap):          4611296 Byte
20220313 032456.456 INFO             PET1 PIOc_freedecomp Enter - MemInfo: Wall-clock time since execution start:               0.046634 seconds
20220313 032456.456 INFO             PET1 PIOc_freedecomp Exit - MemInfo: [/proc/meminfo - SSI]	MemTotal:       196434604 kB
20220313 032456.456 INFO             PET1 PIOc_freedecomp Exit - MemInfo: [/proc/meminfo - SSI]	MemFree:        186414732 kB
20220313 032456.456 INFO             PET1 PIOc_freedecomp Exit - MemInfo: [/proc/meminfo - SSI]	MemAvailable:   191845996 kB
20220313 032456.456 INFO             PET1 PIOc_freedecomp Exit - MemInfo: [/proc/meminfo - SSI]	Committed_AS:     661708 kB
20220313 032456.456 INFO             PET1 PIOc_freedecomp Exit - MemInfo: [/proc/meminfo - SSI]	CommittedPercent: 0.336859 %
20220313 032456.456 INFO             PET1 PIOc_freedecomp Exit - MemInfo: [/proc/self/status]	VmPeak:	  639300 kB
20220313 032456.456 INFO             PET1 PIOc_freedecomp Exit - MemInfo: [/proc/self/status]	VmSize:	  639300 kB
20220313 032456.456 INFO             PET1 PIOc_freedecomp Exit - MemInfo: [/proc/self/status]	VmLck:	       0 kB
20220313 032456.456 INFO             PET1 PIOc_freedecomp Exit - MemInfo: [/proc/self/status]	VmPin:	       0 kB
20220313 032456.456 INFO             PET1 PIOc_freedecomp Exit - MemInfo: [/proc/self/status]	VmHWM:	   63612 kB
20220313 032456.456 INFO             PET1 PIOc_freedecomp Exit - MemInfo: [/proc/self/status]	VmRSS:	   22296 kB
20220313 032456.456 INFO             PET1 PIOc_freedecomp Exit - MemInfo: [/proc/self/status]	VmData:	  187036 kB
20220313 032456.456 INFO             PET1 PIOc_freedecomp Exit - MemInfo: [/proc/self/status]	VmStk:	     144 kB
20220313 032456.456 INFO             PET1 PIOc_freedecomp Exit - MemInfo: [/proc/self/status]	VmExe:	     196 kB
20220313 032456.456 INFO             PET1 PIOc_freedecomp Exit - MemInfo: [/proc/self/status]	VmLib:	   59216 kB
20220313 032456.456 INFO             PET1 PIOc_freedecomp Exit - MemInfo: [/proc/self/status]	VmPTE:	     892 kB
20220313 032456.456 INFO             PET1 PIOc_freedecomp Exit - MemInfo: [/proc/self/status]	VmSwap:	       0 kB
20220313 032456.456 INFO             PET1 PIOc_freedecomp Exit - MemInfo: [/proc/self/status]	VmRSSPercent: 0.0113503 %
20220313 032456.456 INFO             PET1 PIOc_freedecomp Exit - MemInfo: [malloc] Non-mmapped space allocated:                 3633152 Byte
20220313 032456.456 INFO             PET1 PIOc_freedecomp Exit - MemInfo: [malloc] Space allocated in mmapped regions:          1581056 Byte
20220313 032456.456 INFO             PET1 PIOc_freedecomp Exit - MemInfo: [malloc] Maximum total allocated space:                     0 Byte
20220313 032456.456 INFO             PET1 PIOc_freedecomp Exit - MemInfo: [malloc] Space in freed fastbin blocks:                  2064 Byte
20220313 032456.456 INFO             PET1 PIOc_freedecomp Exit - MemInfo: [malloc] Total allocated space:                       3017952 Byte
20220313 032456.456 INFO             PET1 PIOc_freedecomp Exit - MemInfo: [malloc] Total free space:                             615200 Byte
20220313 032456.456 INFO             PET1 PIOc_freedecomp Exit - MemInfo: [malloc] Top-most, releasable space:                   395408 Byte
20220313 032456.456 INFO             PET1 PIOc_freedecomp Exit - MemInfo: [malloc] Total space in use, mmap + non-mmap:         4599008 Byte
20220313 032456.456 INFO             PET1 PIOc_freedecomp Exit - MemInfo: [malloc] Total space held (mmap + non-mmap):          5214208 Byte
20220313 032456.456 INFO             PET1 PIOc_freedecomp Exit - MemInfo: [malloc] Total space used (mmap + non-mmap):          4608352 Byte
20220313 032456.456 INFO             PET1 PIOc_freedecomp Exit - MemInfo: Wall-clock time since execution start:              0.0472581 seconds
20220313 032456.458 INFO             PET1 PIOc_sync Enter - MemInfo: [/proc/meminfo - SSI]	MemTotal:       196434604 kB
20220313 032456.458 INFO             PET1 PIOc_sync Enter - MemInfo: [/proc/meminfo - SSI]	MemFree:        186414732 kB
20220313 032456.458 INFO             PET1 PIOc_sync Enter - MemInfo: [/proc/meminfo - SSI]	MemAvailable:   191845996 kB
20220313 032456.458 INFO             PET1 PIOc_sync Enter - MemInfo: [/proc/meminfo - SSI]	Committed_AS:     661708 kB
20220313 032456.458 INFO             PET1 PIOc_sync Enter - MemInfo: [/proc/meminfo - SSI]	CommittedPercent: 0.336859 %
20220313 032456.458 INFO             PET1 PIOc_sync Enter - MemInfo: [/proc/self/status]	VmPeak:	  639300 kB
20220313 032456.458 INFO             PET1 PIOc_sync Enter - MemInfo: [/proc/self/status]	VmSize:	  639300 kB
20220313 032456.458 INFO             PET1 PIOc_sync Enter - MemInfo: [/proc/self/status]	VmLck:	       0 kB
20220313 032456.458 INFO             PET1 PIOc_sync Enter - MemInfo: [/proc/self/status]	VmPin:	       0 kB
20220313 032456.458 INFO             PET1 PIOc_sync Enter - MemInfo: [/proc/self/status]	VmHWM:	   63612 kB
20220313 032456.458 INFO             PET1 PIOc_sync Enter - MemInfo: [/proc/self/status]	VmRSS:	   22296 kB
20220313 032456.458 INFO             PET1 PIOc_sync Enter - MemInfo: [/proc/self/status]	VmData:	  187036 kB
20220313 032456.458 INFO             PET1 PIOc_sync Enter - MemInfo: [/proc/self/status]	VmStk:	     144 kB
20220313 032456.458 INFO             PET1 PIOc_sync Enter - MemInfo: [/proc/self/status]	VmExe:	     196 kB
20220313 032456.458 INFO             PET1 PIOc_sync Enter - MemInfo: [/proc/self/status]	VmLib:	   59216 kB
20220313 032456.458 INFO             PET1 PIOc_sync Enter - MemInfo: [/proc/self/status]	VmPTE:	     892 kB
20220313 032456.458 INFO             PET1 PIOc_sync Enter - MemInfo: [/proc/self/status]	VmSwap:	       0 kB
20220313 032456.458 INFO             PET1 PIOc_sync Enter - MemInfo: [/proc/self/status]	VmRSSPercent: 0.0113503 %
20220313 032456.458 INFO             PET1 PIOc_sync Enter - MemInfo: [malloc] Non-mmapped space allocated:                 3633152 Byte
20220313 032456.458 INFO             PET1 PIOc_sync Enter - MemInfo: [malloc] Space allocated in mmapped regions:          1581056 Byte
20220313 032456.458 INFO             PET1 PIOc_sync Enter - MemInfo: [malloc] Maximum total allocated space:                     0 Byte
20220313 032456.458 INFO             PET1 PIOc_sync Enter - MemInfo: [malloc] Space in freed fastbin blocks:                  2800 Byte
20220313 032456.458 INFO             PET1 PIOc_sync Enter - MemInfo: [malloc] Total allocated space:                       3023216 Byte
20220313 032456.458 INFO             PET1 PIOc_sync Enter - MemInfo: [malloc] Total free space:                             609936 Byte
20220313 032456.458 INFO             PET1 PIOc_sync Enter - MemInfo: [malloc] Top-most, releasable space:                   395408 Byte
20220313 032456.458 INFO             PET1 PIOc_sync Enter - MemInfo: [malloc] Total space in use, mmap + non-mmap:         4604272 Byte
20220313 032456.458 INFO             PET1 PIOc_sync Enter - MemInfo: [malloc] Total space held (mmap + non-mmap):          5214208 Byte
20220313 032456.458 INFO             PET1 PIOc_sync Enter - MemInfo: [malloc] Total space used (mmap + non-mmap):          4613616 Byte
20220313 032456.458 INFO             PET1 PIOc_sync Enter - MemInfo: Wall-clock time since execution start:              0.0490824 seconds
20220313 032456.459 INFO             PET1 PIOc_sync Exit - MemInfo: [/proc/meminfo - SSI]	MemTotal:       196434604 kB
20220313 032456.459 INFO             PET1 PIOc_sync Exit - MemInfo: [/proc/meminfo - SSI]	MemFree:        186414732 kB
20220313 032456.459 INFO             PET1 PIOc_sync Exit - MemInfo: [/proc/meminfo - SSI]	MemAvailable:   191845996 kB
20220313 032456.459 INFO             PET1 PIOc_sync Exit - MemInfo: [/proc/meminfo - SSI]	Committed_AS:     661708 kB
20220313 032456.459 INFO             PET1 PIOc_sync Exit - MemInfo: [/proc/meminfo - SSI]	CommittedPercent: 0.336859 %
20220313 032456.459 INFO             PET1 PIOc_sync Exit - MemInfo: [/proc/self/status]	VmPeak:	  639300 kB
20220313 032456.459 INFO             PET1 PIOc_sync Exit - MemInfo: [/proc/self/status]	VmSize:	  639300 kB
20220313 032456.459 INFO             PET1 PIOc_sync Exit - MemInfo: [/proc/self/status]	VmLck:	       0 kB
20220313 032456.459 INFO             PET1 PIOc_sync Exit - MemInfo: [/proc/self/status]	VmPin:	       0 kB
20220313 032456.459 INFO             PET1 PIOc_sync Exit - MemInfo: [/proc/self/status]	VmHWM:	   63612 kB
20220313 032456.459 INFO             PET1 PIOc_sync Exit - MemInfo: [/proc/self/status]	VmRSS:	   22296 kB
20220313 032456.459 INFO             PET1 PIOc_sync Exit - MemInfo: [/proc/self/status]	VmData:	  187036 kB
20220313 032456.459 INFO             PET1 PIOc_sync Exit - MemInfo: [/proc/self/status]	VmStk:	     144 kB
20220313 032456.459 INFO             PET1 PIOc_sync Exit - MemInfo: [/proc/self/status]	VmExe:	     196 kB
20220313 032456.459 INFO             PET1 PIOc_sync Exit - MemInfo: [/proc/self/status]	VmLib:	   59216 kB
20220313 032456.459 INFO             PET1 PIOc_sync Exit - MemInfo: [/proc/self/status]	VmPTE:	     892 kB
20220313 032456.459 INFO             PET1 PIOc_sync Exit - MemInfo: [/proc/self/status]	VmSwap:	       0 kB
20220313 032456.459 INFO             PET1 PIOc_sync Exit - MemInfo: [/proc/self/status]	VmRSSPercent: 0.0113503 %
20220313 032456.459 INFO             PET1 PIOc_sync Exit - MemInfo: [malloc] Non-mmapped space allocated:                 3633152 Byte
20220313 032456.459 INFO             PET1 PIOc_sync Exit - MemInfo: [malloc] Space allocated in mmapped regions:          1581056 Byte
20220313 032456.459 INFO             PET1 PIOc_sync Exit - MemInfo: [malloc] Maximum total allocated space:                     0 Byte
20220313 032456.459 INFO             PET1 PIOc_sync Exit - MemInfo: [malloc] Space in freed fastbin blocks:                  1296 Byte
20220313 032456.459 INFO             PET1 PIOc_sync Exit - MemInfo: [malloc] Total allocated space:                       3022912 Byte
20220313 032456.459 INFO             PET1 PIOc_sync Exit - MemInfo: [malloc] Total free space:                             610240 Byte
20220313 032456.459 INFO             PET1 PIOc_sync Exit - MemInfo: [malloc] Top-most, releasable space:                   395408 Byte
20220313 032456.459 INFO             PET1 PIOc_sync Exit - MemInfo: [malloc] Total space in use, mmap + non-mmap:         4603968 Byte
20220313 032456.459 INFO             PET1 PIOc_sync Exit - MemInfo: [malloc] Total space held (mmap + non-mmap):          5214208 Byte
20220313 032456.459 INFO             PET1 PIOc_sync Exit - MemInfo: [malloc] Total space used (mmap + non-mmap):          4613312 Byte
20220313 032456.459 INFO             PET1 PIOc_sync Exit - MemInfo: Wall-clock time since execution start:              0.0500841 seconds
20220313 032456.460 INFO             PET1 PIOc_freedecomp Enter - MemInfo: [/proc/meminfo - SSI]	MemTotal:       196434604 kB
20220313 032456.460 INFO             PET1 PIOc_freedecomp Enter - MemInfo: [/proc/meminfo - SSI]	MemFree:        186414732 kB
20220313 032456.460 INFO             PET1 PIOc_freedecomp Enter - MemInfo: [/proc/meminfo - SSI]	MemAvailable:   191845996 kB
20220313 032456.460 INFO             PET1 PIOc_freedecomp Enter - MemInfo: [/proc/meminfo - SSI]	Committed_AS:     661708 kB
20220313 032456.460 INFO             PET1 PIOc_freedecomp Enter - MemInfo: [/proc/meminfo - SSI]	CommittedPercent: 0.336859 %
20220313 032456.460 INFO             PET1 PIOc_freedecomp Enter - MemInfo: [/proc/self/status]	VmPeak:	  639300 kB
20220313 032456.460 INFO             PET1 PIOc_freedecomp Enter - MemInfo: [/proc/self/status]	VmSize:	  639300 kB
20220313 032456.460 INFO             PET1 PIOc_freedecomp Enter - MemInfo: [/proc/self/status]	VmLck:	       0 kB
20220313 032456.460 INFO             PET1 PIOc_freedecomp Enter - MemInfo: [/proc/self/status]	VmPin:	       0 kB
20220313 032456.460 INFO             PET1 PIOc_freedecomp Enter - MemInfo: [/proc/self/status]	VmHWM:	   63612 kB
20220313 032456.460 INFO             PET1 PIOc_freedecomp Enter - MemInfo: [/proc/self/status]	VmRSS:	   22296 kB
20220313 032456.460 INFO             PET1 PIOc_freedecomp Enter - MemInfo: [/proc/self/status]	VmData:	  187036 kB
20220313 032456.460 INFO             PET1 PIOc_freedecomp Enter - MemInfo: [/proc/self/status]	VmStk:	     144 kB
20220313 032456.460 INFO             PET1 PIOc_freedecomp Enter - MemInfo: [/proc/self/status]	VmExe:	     196 kB
20220313 032456.460 INFO             PET1 PIOc_freedecomp Enter - MemInfo: [/proc/self/status]	VmLib:	   59216 kB
20220313 032456.460 INFO             PET1 PIOc_freedecomp Enter - MemInfo: [/proc/self/status]	VmPTE:	     892 kB
20220313 032456.460 INFO             PET1 PIOc_freedecomp Enter - MemInfo: [/proc/self/status]	VmSwap:	       0 kB
20220313 032456.460 INFO             PET1 PIOc_freedecomp Enter - MemInfo: [/proc/self/status]	VmRSSPercent: 0.0113503 %
20220313 032456.460 INFO             PET1 PIOc_freedecomp Enter - MemInfo: [malloc] Non-mmapped space allocated:                 3633152 Byte
20220313 032456.460 INFO             PET1 PIOc_freedecomp Enter - MemInfo: [malloc] Space allocated in mmapped regions:          1581056 Byte
20220313 032456.460 INFO             PET1 PIOc_freedecomp Enter - MemInfo: [malloc] Maximum total allocated space:                     0 Byte
20220313 032456.460 INFO             PET1 PIOc_freedecomp Enter - MemInfo: [malloc] Space in freed fastbin blocks:                  1712 Byte
20220313 032456.460 INFO             PET1 PIOc_freedecomp Enter - MemInfo: [malloc] Total allocated space:                       3020944 Byte
20220313 032456.460 INFO             PET1 PIOc_freedecomp Enter - MemInfo: [malloc] Total free space:                             612208 Byte
20220313 032456.460 INFO             PET1 PIOc_freedecomp Enter - MemInfo: [malloc] Top-most, releasable space:                   395408 Byte
20220313 032456.460 INFO             PET1 PIOc_freedecomp Enter - MemInfo: [malloc] Total space in use, mmap + non-mmap:         4602000 Byte
20220313 032456.460 INFO             PET1 PIOc_freedecomp Enter - MemInfo: [malloc] Total space held (mmap + non-mmap):          5214208 Byte
20220313 032456.460 INFO             PET1 PIOc_freedecomp Enter - MemInfo: [malloc] Total space used (mmap + non-mmap):          4611344 Byte
20220313 032456.460 INFO             PET1 PIOc_freedecomp Enter - MemInfo: Wall-clock time since execution start:              0.0511502 seconds
20220313 032456.461 INFO             PET1 PIOc_freedecomp Exit - MemInfo: [/proc/meminfo - SSI]	MemTotal:       196434604 kB
20220313 032456.461 INFO             PET1 PIOc_freedecomp Exit - MemInfo: [/proc/meminfo - SSI]	MemFree:        186414732 kB
20220313 032456.461 INFO             PET1 PIOc_freedecomp Exit - MemInfo: [/proc/meminfo - SSI]	MemAvailable:   191845996 kB
20220313 032456.461 INFO             PET1 PIOc_freedecomp Exit - MemInfo: [/proc/meminfo - SSI]	Committed_AS:     661708 kB
20220313 032456.461 INFO             PET1 PIOc_freedecomp Exit - MemInfo: [/proc/meminfo - SSI]	CommittedPercent: 0.336859 %
20220313 032456.461 INFO             PET1 PIOc_freedecomp Exit - MemInfo: [/proc/self/status]	VmPeak:	  639300 kB
20220313 032456.461 INFO             PET1 PIOc_freedecomp Exit - MemInfo: [/proc/self/status]	VmSize:	  639300 kB
20220313 032456.461 INFO             PET1 PIOc_freedecomp Exit - MemInfo: [/proc/self/status]	VmLck:	       0 kB
20220313 032456.461 INFO             PET1 PIOc_freedecomp Exit - MemInfo: [/proc/self/status]	VmPin:	       0 kB
20220313 032456.461 INFO             PET1 PIOc_freedecomp Exit - MemInfo: [/proc/self/status]	VmHWM:	   63612 kB
20220313 032456.461 INFO             PET1 PIOc_freedecomp Exit - MemInfo: [/proc/self/status]	VmRSS:	   22296 kB
20220313 032456.461 INFO             PET1 PIOc_freedecomp Exit - MemInfo: [/proc/self/status]	VmData:	  187036 kB
20220313 032456.461 INFO             PET1 PIOc_freedecomp Exit - MemInfo: [/proc/self/status]	VmStk:	     144 kB
20220313 032456.461 INFO             PET1 PIOc_freedecomp Exit - MemInfo: [/proc/self/status]	VmExe:	     196 kB
20220313 032456.461 INFO             PET1 PIOc_freedecomp Exit - MemInfo: [/proc/self/status]	VmLib:	   59216 kB
20220313 032456.461 INFO             PET1 PIOc_freedecomp Exit - MemInfo: [/proc/self/status]	VmPTE:	     892 kB
20220313 032456.461 INFO             PET1 PIOc_freedecomp Exit - MemInfo: [/proc/self/status]	VmSwap:	       0 kB
20220313 032456.461 INFO             PET1 PIOc_freedecomp Exit - MemInfo: [/proc/self/status]	VmRSSPercent: 0.0113503 %
20220313 032456.461 INFO             PET1 PIOc_freedecomp Exit - MemInfo: [malloc] Non-mmapped space allocated:                 3633152 Byte
20220313 032456.461 INFO             PET1 PIOc_freedecomp Exit - MemInfo: [malloc] Space allocated in mmapped regions:          1581056 Byte
20220313 032456.461 INFO             PET1 PIOc_freedecomp Exit - MemInfo: [malloc] Maximum total allocated space:                     0 Byte
20220313 032456.461 INFO             PET1 PIOc_freedecomp Exit - MemInfo: [malloc] Space in freed fastbin blocks:                  2064 Byte
20220313 032456.461 INFO             PET1 PIOc_freedecomp Exit - MemInfo: [malloc] Total allocated space:                       3018000 Byte
20220313 032456.461 INFO             PET1 PIOc_freedecomp Exit - MemInfo: [malloc] Total free space:                             615152 Byte
20220313 032456.461 INFO             PET1 PIOc_freedecomp Exit - MemInfo: [malloc] Top-most, releasable space:                   395408 Byte
20220313 032456.461 INFO             PET1 PIOc_freedecomp Exit - MemInfo: [malloc] Total space in use, mmap + non-mmap:         4599056 Byte
20220313 032456.461 INFO             PET1 PIOc_freedecomp Exit - MemInfo: [malloc] Total space held (mmap + non-mmap):          5214208 Byte
20220313 032456.461 INFO             PET1 PIOc_freedecomp Exit - MemInfo: [malloc] Total space used (mmap + non-mmap):          4608400 Byte
20220313 032456.461 INFO             PET1 PIOc_freedecomp Exit - MemInfo: Wall-clock time since execution start:              0.0517782 seconds
20220313 032456.461 INFO             PET1 PASS ESMC_FieldRegridStoreFile test, ESMC_FieldSMMFromFileUTest.C, line 199
20220313 032456.466 INFO             PET1 PASS ESMC_FieldSMMStore from File test, ESMC_FieldSMMFromFileUTest.C, line 229
20220313 032456.466 INFO             PET1 PASS ESMC_FieldSMMStore From File validation, ESMC_FieldSMMFromFileUTest.C, line 257
20220313 032456.466 INFO             PET1 PASS ESMC_FieldRegridRelease, ESMC_FieldSMMFromFileUTest.C, line 271
20220313 032456.466 INFO             PET1 Ending Test, file ESMC_FieldSMMFromFileUTest.C, line 289
20220313 032456.466 INFO             PET1 Finalizing ESMF
20220313 032456.413 INFO             PET2 !!!!!!!!!!!!!!!!!!!!!!!!!!!!!!!!!!!!!!!!!!!!!!!!!!!!!!
20220313 032456.413 INFO             PET2 !!! THE ESMF_LOG IS SET TO OUTPUT ALL LOG MESSAGES !!!
20220313 032456.413 INFO             PET2 !!!     THIS MAY CAUSE SLOWDOWN IN PERFORMANCE     !!!
20220313 032456.413 INFO             PET2 !!! FOR PRODUCTION RUNS, USE:                      !!!
20220313 032456.413 INFO             PET2 !!!                   ESMF_LOGKIND_Multi_On_Error  !!!
20220313 032456.413 INFO             PET2 !!!!!!!!!!!!!!!!!!!!!!!!!!!!!!!!!!!!!!!!!!!!!!!!!!!!!!
20220313 032456.413 INFO             PET2 Running with ESMF Version   : v8.3.0b09-96-g559b459
20220313 032456.413 INFO             PET2 ESMF library build date/time: "Mar 13 2022" "03:13:32"
20220313 032456.413 INFO             PET2 ESMF library build location : /work/noaa/da/mpotts/sandbox/gfortran_8.3.0_openmpi_O_jedwards_pio_update2
20220313 032456.413 INFO             PET2 ESMF_COMM                   : openmpi
20220313 032456.427 INFO             PET2 ESMF_MOAB                   : enabled
20220313 032456.427 INFO             PET2 ESMF_LAPACK                 : enabled
20220313 032456.427 INFO             PET2 ESMF_NETCDF                 : enabled
20220313 032456.427 INFO             PET2 ESMF_PNETCDF                : disabled
20220313 032456.427 INFO             PET2 ESMF_PIO                    : enabled
20220313 032456.427 INFO             PET2 ESMF_YAMLCPP                : enabled
20220313 032456.427 INFO             PET2 Beginning Test, file ESMC_FieldSMMFromFileUTest.C, line 41
20220313 032456.427 INFO             PET2 Beginning Test, file ESMC_FieldSMMFromFileUTest.C, line 41NUMBER_OF_PROCESSORS 4
20220313 032456.448 INFO             PET2 PIOc_sync Enter - MemInfo: [/proc/meminfo - SSI]	MemTotal:       196434604 kB
20220313 032456.448 INFO             PET2 PIOc_sync Enter - MemInfo: [/proc/meminfo - SSI]	MemFree:        186411968 kB
20220313 032456.448 INFO             PET2 PIOc_sync Enter - MemInfo: [/proc/meminfo - SSI]	MemAvailable:   191843232 kB
20220313 032456.448 INFO             PET2 PIOc_sync Enter - MemInfo: [/proc/meminfo - SSI]	Committed_AS:     661700 kB
20220313 032456.448 INFO             PET2 PIOc_sync Enter - MemInfo: [/proc/meminfo - SSI]	CommittedPercent: 0.336855 %
20220313 032456.448 INFO             PET2 PIOc_sync Enter - MemInfo: [/proc/self/status]	VmPeak:	  639292 kB
20220313 032456.448 INFO             PET2 PIOc_sync Enter - MemInfo: [/proc/self/status]	VmSize:	  639292 kB
20220313 032456.448 INFO             PET2 PIOc_sync Enter - MemInfo: [/proc/self/status]	VmLck:	       0 kB
20220313 032456.448 INFO             PET2 PIOc_sync Enter - MemInfo: [/proc/self/status]	VmPin:	       0 kB
20220313 032456.448 INFO             PET2 PIOc_sync Enter - MemInfo: [/proc/self/status]	VmHWM:	   63628 kB
20220313 032456.448 INFO             PET2 PIOc_sync Enter - MemInfo: [/proc/self/status]	VmRSS:	   22220 kB
20220313 032456.448 INFO             PET2 PIOc_sync Enter - MemInfo: [/proc/self/status]	VmData:	  187028 kB
20220313 032456.448 INFO             PET2 PIOc_sync Enter - MemInfo: [/proc/self/status]	VmStk:	     144 kB
20220313 032456.448 INFO             PET2 PIOc_sync Enter - MemInfo: [/proc/self/status]	VmExe:	     196 kB
20220313 032456.448 INFO             PET2 PIOc_sync Enter - MemInfo: [/proc/self/status]	VmLib:	   59216 kB
20220313 032456.448 INFO             PET2 PIOc_sync Enter - MemInfo: [/proc/self/status]	VmPTE:	     916 kB
20220313 032456.448 INFO             PET2 PIOc_sync Enter - MemInfo: [/proc/self/status]	VmSwap:	       0 kB
20220313 032456.448 INFO             PET2 PIOc_sync Enter - MemInfo: [/proc/self/status]	VmRSSPercent: 0.0113117 %
20220313 032456.448 INFO             PET2 PIOc_sync Enter - MemInfo: [malloc] Non-mmapped space allocated:                 3624960 Byte
20220313 032456.448 INFO             PET2 PIOc_sync Enter - MemInfo: [malloc] Space allocated in mmapped regions:          1581056 Byte
20220313 032456.448 INFO             PET2 PIOc_sync Enter - MemInfo: [malloc] Maximum total allocated space:                     0 Byte
20220313 032456.448 INFO             PET2 PIOc_sync Enter - MemInfo: [malloc] Space in freed fastbin blocks:                  1104 Byte
20220313 032456.448 INFO             PET2 PIOc_sync Enter - MemInfo: [malloc] Total allocated space:                       3022800 Byte
20220313 032456.448 INFO             PET2 PIOc_sync Enter - MemInfo: [malloc] Total free space:                             602160 Byte
20220313 032456.448 INFO             PET2 PIOc_sync Enter - MemInfo: [malloc] Top-most, releasable space:                   392224 Byte
20220313 032456.448 INFO             PET2 PIOc_sync Enter - MemInfo: [malloc] Total space in use, mmap + non-mmap:         4603856 Byte
20220313 032456.448 INFO             PET2 PIOc_sync Enter - MemInfo: [malloc] Total space held (mmap + non-mmap):          5206016 Byte
20220313 032456.448 INFO             PET2 PIOc_sync Enter - MemInfo: [malloc] Total space used (mmap + non-mmap):          4613200 Byte
20220313 032456.448 INFO             PET2 PIOc_sync Enter - MemInfo: Wall-clock time since execution start:              0.0395915 seconds
20220313 032456.449 INFO             PET2 PIOc_sync Exit - MemInfo: [/proc/meminfo - SSI]	MemTotal:       196434604 kB
20220313 032456.449 INFO             PET2 PIOc_sync Exit - MemInfo: [/proc/meminfo - SSI]	MemFree:        186411968 kB
20220313 032456.449 INFO             PET2 PIOc_sync Exit - MemInfo: [/proc/meminfo - SSI]	MemAvailable:   191842712 kB
20220313 032456.449 INFO             PET2 PIOc_sync Exit - MemInfo: [/proc/meminfo - SSI]	Committed_AS:     661700 kB
20220313 032456.449 INFO             PET2 PIOc_sync Exit - MemInfo: [/proc/meminfo - SSI]	CommittedPercent: 0.336855 %
20220313 032456.449 INFO             PET2 PIOc_sync Exit - MemInfo: [/proc/self/status]	VmPeak:	  639292 kB
20220313 032456.449 INFO             PET2 PIOc_sync Exit - MemInfo: [/proc/self/status]	VmSize:	  639292 kB
20220313 032456.449 INFO             PET2 PIOc_sync Exit - MemInfo: [/proc/self/status]	VmLck:	       0 kB
20220313 032456.449 INFO             PET2 PIOc_sync Exit - MemInfo: [/proc/self/status]	VmPin:	       0 kB
20220313 032456.449 INFO             PET2 PIOc_sync Exit - MemInfo: [/proc/self/status]	VmHWM:	   63628 kB
20220313 032456.449 INFO             PET2 PIOc_sync Exit - MemInfo: [/proc/self/status]	VmRSS:	   22284 kB
20220313 032456.449 INFO             PET2 PIOc_sync Exit - MemInfo: [/proc/self/status]	VmData:	  187028 kB
20220313 032456.449 INFO             PET2 PIOc_sync Exit - MemInfo: [/proc/self/status]	VmStk:	     144 kB
20220313 032456.449 INFO             PET2 PIOc_sync Exit - MemInfo: [/proc/self/status]	VmExe:	     196 kB
20220313 032456.449 INFO             PET2 PIOc_sync Exit - MemInfo: [/proc/self/status]	VmLib:	   59216 kB
20220313 032456.449 INFO             PET2 PIOc_sync Exit - MemInfo: [/proc/self/status]	VmPTE:	     916 kB
20220313 032456.449 INFO             PET2 PIOc_sync Exit - MemInfo: [/proc/self/status]	VmSwap:	       0 kB
20220313 032456.449 INFO             PET2 PIOc_sync Exit - MemInfo: [/proc/self/status]	VmRSSPercent: 0.0113442 %
20220313 032456.449 INFO             PET2 PIOc_sync Exit - MemInfo: [malloc] Non-mmapped space allocated:                 3624960 Byte
20220313 032456.449 INFO             PET2 PIOc_sync Exit - MemInfo: [malloc] Space allocated in mmapped regions:          1581056 Byte
20220313 032456.449 INFO             PET2 PIOc_sync Exit - MemInfo: [malloc] Maximum total allocated space:                     0 Byte
20220313 032456.449 INFO             PET2 PIOc_sync Exit - MemInfo: [malloc] Space in freed fastbin blocks:                  1424 Byte
20220313 032456.449 INFO             PET2 PIOc_sync Exit - MemInfo: [malloc] Total allocated space:                       3022224 Byte
20220313 032456.449 INFO             PET2 PIOc_sync Exit - MemInfo: [malloc] Total free space:                             602736 Byte
20220313 032456.449 INFO             PET2 PIOc_sync Exit - MemInfo: [malloc] Top-most, releasable space:                   392224 Byte
20220313 032456.449 INFO             PET2 PIOc_sync Exit - MemInfo: [malloc] Total space in use, mmap + non-mmap:         4603280 Byte
20220313 032456.449 INFO             PET2 PIOc_sync Exit - MemInfo: [malloc] Total space held (mmap + non-mmap):          5206016 Byte
20220313 032456.449 INFO             PET2 PIOc_sync Exit - MemInfo: [malloc] Total space used (mmap + non-mmap):          4612624 Byte
20220313 032456.449 INFO             PET2 PIOc_sync Exit - MemInfo: Wall-clock time since execution start:              0.0405108 seconds
20220313 032456.451 INFO             PET2 PIOc_freedecomp Enter - MemInfo: [/proc/meminfo - SSI]	MemTotal:       196434604 kB
20220313 032456.451 INFO             PET2 PIOc_freedecomp Enter - MemInfo: [/proc/meminfo - SSI]	MemFree:        186418724 kB
20220313 032456.451 INFO             PET2 PIOc_freedecomp Enter - MemInfo: [/proc/meminfo - SSI]	MemAvailable:   191849988 kB
20220313 032456.451 INFO             PET2 PIOc_freedecomp Enter - MemInfo: [/proc/meminfo - SSI]	Committed_AS:     653504 kB
