build time -- 2022-03-12 04:11:32
20220312 043121.843 INFO             PET0 !!!!!!!!!!!!!!!!!!!!!!!!!!!!!!!!!!!!!!!!!!!!!!!!!!!!!!
20220312 043121.843 INFO             PET0 !!! THE ESMF_LOG IS SET TO OUTPUT ALL LOG MESSAGES !!!
20220312 043121.843 INFO             PET0 !!!     THIS MAY CAUSE SLOWDOWN IN PERFORMANCE     !!!
20220312 043121.843 INFO             PET0 !!! FOR PRODUCTION RUNS, USE:                      !!!
20220312 043121.843 INFO             PET0 !!!                   ESMF_LOGKIND_Multi_On_Error  !!!
20220312 043121.843 INFO             PET0 !!!!!!!!!!!!!!!!!!!!!!!!!!!!!!!!!!!!!!!!!!!!!!!!!!!!!!
20220312 043121.843 INFO             PET0 Running with ESMF Version   : v8.3.0b09-96-g559b459
20220312 043121.843 INFO             PET0 ESMF library build date/time: "Mar 12 2022" "04:10:25"
20220312 043121.843 INFO             PET0 ESMF library build location : /work/noaa/da/mpotts/sandbox/gfortran_8.3.0_openmpi_O_jedwards_pio_update2
20220312 043121.843 INFO             PET0 ESMF_COMM                   : openmpi
20220312 043121.844 INFO             PET0 ESMF_MOAB                   : enabled
20220312 043121.844 INFO             PET0 ESMF_LAPACK                 : enabled
20220312 043121.844 INFO             PET0 ESMF_NETCDF                 : enabled
20220312 043121.844 INFO             PET0 ESMF_PNETCDF                : disabled
20220312 043121.844 INFO             PET0 ESMF_PIO                    : enabled
20220312 043121.844 INFO             PET0 ESMF_YAMLCPP                : enabled
20220312 043122.148 INFO             PET0  Beginning Test, file ESMF_FieldSMMFromFileUTest.F90, line 287
20220312 043122.148 INFO             PET0  NUMBER_OF_PROCESSORS           4
20220312 043122.262 INFO             PET0  PASS  ESMF_FieldSMMFromFile Unit Test, ESMF_FieldSMMFromFileUTest.F90, line 300
20220312 043122.558 INFO             PET0 PIOc_sync Enter - MemInfo: [/proc/meminfo - SSI]	MemTotal:       196434604 kB
20220312 043122.558 INFO             PET0 PIOc_sync Enter - MemInfo: [/proc/meminfo - SSI]	MemFree:        189472960 kB
20220312 043122.558 INFO             PET0 PIOc_sync Enter - MemInfo: [/proc/meminfo - SSI]	MemAvailable:   191896848 kB
20220312 043122.558 INFO             PET0 PIOc_sync Enter - MemInfo: [/proc/meminfo - SSI]	Committed_AS:     748772 kB
20220312 043122.558 INFO             PET0 PIOc_sync Enter - MemInfo: [/proc/meminfo - SSI]	CommittedPercent: 0.381181 %
20220312 043122.558 INFO             PET0 PIOc_sync Enter - MemInfo: [/proc/self/status]	VmPeak:	  689304 kB
20220312 043122.558 INFO             PET0 PIOc_sync Enter - MemInfo: [/proc/self/status]	VmSize:	  689300 kB
20220312 043122.558 INFO             PET0 PIOc_sync Enter - MemInfo: [/proc/self/status]	VmLck:	       0 kB
20220312 043122.558 INFO             PET0 PIOc_sync Enter - MemInfo: [/proc/self/status]	VmPin:	       0 kB
20220312 043122.558 INFO             PET0 PIOc_sync Enter - MemInfo: [/proc/self/status]	VmHWM:	   64068 kB
20220312 043122.558 INFO             PET0 PIOc_sync Enter - MemInfo: [/proc/self/status]	VmRSS:	   55912 kB
20220312 043122.558 INFO             PET0 PIOc_sync Enter - MemInfo: [/proc/self/status]	VmData:	  230196 kB
20220312 043122.558 INFO             PET0 PIOc_sync Enter - MemInfo: [/proc/self/status]	VmStk:	     144 kB
20220312 043122.558 INFO             PET0 PIOc_sync Enter - MemInfo: [/proc/self/status]	VmExe:	     204 kB
20220312 043122.558 INFO             PET0 PIOc_sync Enter - MemInfo: [/proc/self/status]	VmLib:	   59892 kB
20220312 043122.558 INFO             PET0 PIOc_sync Enter - MemInfo: [/proc/self/status]	VmPTE:	     984 kB
20220312 043122.558 INFO             PET0 PIOc_sync Enter - MemInfo: [/proc/self/status]	VmSwap:	       0 kB
20220312 043122.558 INFO             PET0 PIOc_sync Enter - MemInfo: [/proc/self/status]	VmRSSPercent: 0.0284634 %
20220312 043122.558 INFO             PET0 PIOc_sync Enter - MemInfo: [malloc] Non-mmapped space allocated:                47824896 Byte
20220312 043122.558 INFO             PET0 PIOc_sync Enter - MemInfo: [malloc] Space allocated in mmapped regions:          1581056 Byte
20220312 043122.558 INFO             PET0 PIOc_sync Enter - MemInfo: [malloc] Maximum total allocated space:                     0 Byte
20220312 043122.558 INFO             PET0 PIOc_sync Enter - MemInfo: [malloc] Space in freed fastbin blocks:                  1680 Byte
20220312 043122.558 INFO             PET0 PIOc_sync Enter - MemInfo: [malloc] Total allocated space:                      37398224 Byte
20220312 043122.558 INFO             PET0 PIOc_sync Enter - MemInfo: [malloc] Total free space:                           10426672 Byte
20220312 043122.558 INFO             PET0 PIOc_sync Enter - MemInfo: [malloc] Top-most, releasable space:                  8523536 Byte
20220312 043122.558 INFO             PET0 PIOc_sync Enter - MemInfo: [malloc] Total space in use, mmap + non-mmap:        38979280 Byte
20220312 043122.558 INFO             PET0 PIOc_sync Enter - MemInfo: [malloc] Total space held (mmap + non-mmap):         49405952 Byte
20220312 043122.558 INFO             PET0 PIOc_sync Enter - MemInfo: [malloc] Total space used (mmap + non-mmap):         38988624 Byte
20220312 043122.558 INFO             PET0 PIOc_sync Enter - MemInfo: Wall-clock time since execution start:               0.718665 seconds
20220312 043122.559 INFO             PET0 PIOc_sync Exit - MemInfo: [/proc/meminfo - SSI]	MemTotal:       196434604 kB
20220312 043122.559 INFO             PET0 PIOc_sync Exit - MemInfo: [/proc/meminfo - SSI]	MemFree:        189472960 kB
20220312 043122.559 INFO             PET0 PIOc_sync Exit - MemInfo: [/proc/meminfo - SSI]	MemAvailable:   191896848 kB
20220312 043122.559 INFO             PET0 PIOc_sync Exit - MemInfo: [/proc/meminfo - SSI]	Committed_AS:     748772 kB
20220312 043122.559 INFO             PET0 PIOc_sync Exit - MemInfo: [/proc/meminfo - SSI]	CommittedPercent: 0.381181 %
20220312 043122.559 INFO             PET0 PIOc_sync Exit - MemInfo: [/proc/self/status]	VmPeak:	  689304 kB
20220312 043122.559 INFO             PET0 PIOc_sync Exit - MemInfo: [/proc/self/status]	VmSize:	  689300 kB
20220312 043122.559 INFO             PET0 PIOc_sync Exit - MemInfo: [/proc/self/status]	VmLck:	       0 kB
20220312 043122.559 INFO             PET0 PIOc_sync Exit - MemInfo: [/proc/self/status]	VmPin:	       0 kB
20220312 043122.559 INFO             PET0 PIOc_sync Exit - MemInfo: [/proc/self/status]	VmHWM:	   64068 kB
20220312 043122.559 INFO             PET0 PIOc_sync Exit - MemInfo: [/proc/self/status]	VmRSS:	   55964 kB
20220312 043122.559 INFO             PET0 PIOc_sync Exit - MemInfo: [/proc/self/status]	VmData:	  230196 kB
20220312 043122.559 INFO             PET0 PIOc_sync Exit - MemInfo: [/proc/self/status]	VmStk:	     144 kB
20220312 043122.559 INFO             PET0 PIOc_sync Exit - MemInfo: [/proc/self/status]	VmExe:	     204 kB
20220312 043122.559 INFO             PET0 PIOc_sync Exit - MemInfo: [/proc/self/status]	VmLib:	   59892 kB
20220312 043122.559 INFO             PET0 PIOc_sync Exit - MemInfo: [/proc/self/status]	VmPTE:	     984 kB
20220312 043122.560 INFO             PET0 PIOc_sync Exit - MemInfo: [/proc/self/status]	VmSwap:	       0 kB
20220312 043122.560 INFO             PET0 PIOc_sync Exit - MemInfo: [/proc/self/status]	VmRSSPercent: 0.0284899 %
20220312 043122.560 INFO             PET0 PIOc_sync Exit - MemInfo: [malloc] Non-mmapped space allocated:                47824896 Byte
20220312 043122.560 INFO             PET0 PIOc_sync Exit - MemInfo: [malloc] Space allocated in mmapped regions:          1581056 Byte
20220312 043122.560 INFO             PET0 PIOc_sync Exit - MemInfo: [malloc] Maximum total allocated space:                     0 Byte
20220312 043122.560 INFO             PET0 PIOc_sync Exit - MemInfo: [malloc] Space in freed fastbin blocks:                  2160 Byte
20220312 043122.560 INFO             PET0 PIOc_sync Exit - MemInfo: [malloc] Total allocated space:                      37400592 Byte
20220312 043122.560 INFO             PET0 PIOc_sync Exit - MemInfo: [malloc] Total free space:                           10424304 Byte
20220312 043122.560 INFO             PET0 PIOc_sync Exit - MemInfo: [malloc] Top-most, releasable space:                  8523536 Byte
20220312 043122.560 INFO             PET0 PIOc_sync Exit - MemInfo: [malloc] Total space in use, mmap + non-mmap:        38981648 Byte
20220312 043122.560 INFO             PET0 PIOc_sync Exit - MemInfo: [malloc] Total space held (mmap + non-mmap):         49405952 Byte
20220312 043122.560 INFO             PET0 PIOc_sync Exit - MemInfo: [malloc] Total space used (mmap + non-mmap):         38990992 Byte
20220312 043122.560 INFO             PET0 PIOc_sync Exit - MemInfo: Wall-clock time since execution start:               0.719922 seconds
20220312 043122.560 INFO             PET0 PIOc_freedecomp Enter - MemInfo: [/proc/meminfo - SSI]	MemTotal:       196434604 kB
20220312 043122.560 INFO             PET0 PIOc_freedecomp Enter - MemInfo: [/proc/meminfo - SSI]	MemFree:        189472960 kB
20220312 043122.560 INFO             PET0 PIOc_freedecomp Enter - MemInfo: [/proc/meminfo - SSI]	MemAvailable:   191896848 kB
20220312 043122.560 INFO             PET0 PIOc_freedecomp Enter - MemInfo: [/proc/meminfo - SSI]	Committed_AS:     748772 kB
20220312 043122.560 INFO             PET0 PIOc_freedecomp Enter - MemInfo: [/proc/meminfo - SSI]	CommittedPercent: 0.381181 %
20220312 043122.560 INFO             PET0 PIOc_freedecomp Enter - MemInfo: [/proc/self/status]	VmPeak:	  689304 kB
20220312 043122.560 INFO             PET0 PIOc_freedecomp Enter - MemInfo: [/proc/self/status]	VmSize:	  689300 kB
20220312 043122.560 INFO             PET0 PIOc_freedecomp Enter - MemInfo: [/proc/self/status]	VmLck:	       0 kB
20220312 043122.560 INFO             PET0 PIOc_freedecomp Enter - MemInfo: [/proc/self/status]	VmPin:	       0 kB
20220312 043122.560 INFO             PET0 PIOc_freedecomp Enter - MemInfo: [/proc/self/status]	VmHWM:	   64068 kB
20220312 043122.560 INFO             PET0 PIOc_freedecomp Enter - MemInfo: [/proc/self/status]	VmRSS:	   55964 kB
20220312 043122.560 INFO             PET0 PIOc_freedecomp Enter - MemInfo: [/proc/self/status]	VmData:	  230196 kB
20220312 043122.560 INFO             PET0 PIOc_freedecomp Enter - MemInfo: [/proc/self/status]	VmStk:	     144 kB
20220312 043122.560 INFO             PET0 PIOc_freedecomp Enter - MemInfo: [/proc/self/status]	VmExe:	     204 kB
20220312 043122.560 INFO             PET0 PIOc_freedecomp Enter - MemInfo: [/proc/self/status]	VmLib:	   59892 kB
20220312 043122.560 INFO             PET0 PIOc_freedecomp Enter - MemInfo: [/proc/self/status]	VmPTE:	     984 kB
20220312 043122.560 INFO             PET0 PIOc_freedecomp Enter - MemInfo: [/proc/self/status]	VmSwap:	       0 kB
20220312 043122.560 INFO             PET0 PIOc_freedecomp Enter - MemInfo: [/proc/self/status]	VmRSSPercent: 0.0284899 %
20220312 043122.560 INFO             PET0 PIOc_freedecomp Enter - MemInfo: [malloc] Non-mmapped space allocated:                47824896 Byte
20220312 043122.560 INFO             PET0 PIOc_freedecomp Enter - MemInfo: [malloc] Space allocated in mmapped regions:          1581056 Byte
20220312 043122.560 INFO             PET0 PIOc_freedecomp Enter - MemInfo: [malloc] Maximum total allocated space:                     0 Byte
20220312 043122.560 INFO             PET0 PIOc_freedecomp Enter - MemInfo: [malloc] Space in freed fastbin blocks:                  2288 Byte
20220312 043122.560 INFO             PET0 PIOc_freedecomp Enter - MemInfo: [malloc] Total allocated space:                      28998752 Byte
20220312 043122.560 INFO             PET0 PIOc_freedecomp Enter - MemInfo: [malloc] Total free space:                           18826144 Byte
20220312 043122.560 INFO             PET0 PIOc_freedecomp Enter - MemInfo: [malloc] Top-most, releasable space:                  8523536 Byte
20220312 043122.560 INFO             PET0 PIOc_freedecomp Enter - MemInfo: [malloc] Total space in use, mmap + non-mmap:        30579808 Byte
20220312 043122.560 INFO             PET0 PIOc_freedecomp Enter - MemInfo: [malloc] Total space held (mmap + non-mmap):         49405952 Byte
20220312 043122.560 INFO             PET0 PIOc_freedecomp Enter - MemInfo: [malloc] Total space used (mmap + non-mmap):         30589152 Byte
20220312 043122.560 INFO             PET0 PIOc_freedecomp Enter - MemInfo: Wall-clock time since execution start:               0.720639 seconds
20220312 043122.560 INFO             PET0 PIOc_freedecomp Exit - MemInfo: [/proc/meminfo - SSI]	MemTotal:       196434604 kB
20220312 043122.560 INFO             PET0 PIOc_freedecomp Exit - MemInfo: [/proc/meminfo - SSI]	MemFree:        189472960 kB
20220312 043122.560 INFO             PET0 PIOc_freedecomp Exit - MemInfo: [/proc/meminfo - SSI]	MemAvailable:   191896848 kB
20220312 043122.560 INFO             PET0 PIOc_freedecomp Exit - MemInfo: [/proc/meminfo - SSI]	Committed_AS:     748772 kB
20220312 043122.561 INFO             PET0 PIOc_freedecomp Exit - MemInfo: [/proc/meminfo - SSI]	CommittedPercent: 0.381181 %
20220312 043122.561 INFO             PET0 PIOc_freedecomp Exit - MemInfo: [/proc/self/status]	VmPeak:	  689304 kB
20220312 043122.561 INFO             PET0 PIOc_freedecomp Exit - MemInfo: [/proc/self/status]	VmSize:	  689300 kB
20220312 043122.561 INFO             PET0 PIOc_freedecomp Exit - MemInfo: [/proc/self/status]	VmLck:	       0 kB
20220312 043122.561 INFO             PET0 PIOc_freedecomp Exit - MemInfo: [/proc/self/status]	VmPin:	       0 kB
20220312 043122.561 INFO             PET0 PIOc_freedecomp Exit - MemInfo: [/proc/self/status]	VmHWM:	   64068 kB
20220312 043122.561 INFO             PET0 PIOc_freedecomp Exit - MemInfo: [/proc/self/status]	VmRSS:	   55964 kB
20220312 043122.561 INFO             PET0 PIOc_freedecomp Exit - MemInfo: [/proc/self/status]	VmData:	  230196 kB
20220312 043122.561 INFO             PET0 PIOc_freedecomp Exit - MemInfo: [/proc/self/status]	VmStk:	     144 kB
20220312 043122.561 INFO             PET0 PIOc_freedecomp Exit - MemInfo: [/proc/self/status]	VmExe:	     204 kB
20220312 043122.561 INFO             PET0 PIOc_freedecomp Exit - MemInfo: [/proc/self/status]	VmLib:	   59892 kB
20220312 043122.561 INFO             PET0 PIOc_freedecomp Exit - MemInfo: [/proc/self/status]	VmPTE:	     984 kB
20220312 043122.561 INFO             PET0 PIOc_freedecomp Exit - MemInfo: [/proc/self/status]	VmSwap:	       0 kB
20220312 043122.561 INFO             PET0 PIOc_freedecomp Exit - MemInfo: [/proc/self/status]	VmRSSPercent: 0.0284899 %
20220312 043122.561 INFO             PET0 PIOc_freedecomp Exit - MemInfo: [malloc] Non-mmapped space allocated:                47824896 Byte
20220312 043122.561 INFO             PET0 PIOc_freedecomp Exit - MemInfo: [malloc] Space allocated in mmapped regions:          1581056 Byte
20220312 043122.561 INFO             PET0 PIOc_freedecomp Exit - MemInfo: [malloc] Maximum total allocated space:                     0 Byte
20220312 043122.561 INFO             PET0 PIOc_freedecomp Exit - MemInfo: [malloc] Space in freed fastbin blocks:                  3312 Byte
20220312 043122.561 INFO             PET0 PIOc_freedecomp Exit - MemInfo: [malloc] Total allocated space:                      28990992 Byte
20220312 043122.561 INFO             PET0 PIOc_freedecomp Exit - MemInfo: [malloc] Total free space:                           18833904 Byte
20220312 043122.561 INFO             PET0 PIOc_freedecomp Exit - MemInfo: [malloc] Top-most, releasable space:                  8523536 Byte
20220312 043122.561 INFO             PET0 PIOc_freedecomp Exit - MemInfo: [malloc] Total space in use, mmap + non-mmap:        30572048 Byte
20220312 043122.561 INFO             PET0 PIOc_freedecomp Exit - MemInfo: [malloc] Total space held (mmap + non-mmap):         49405952 Byte
20220312 043122.561 INFO             PET0 PIOc_freedecomp Exit - MemInfo: [malloc] Total space used (mmap + non-mmap):         30581392 Byte
20220312 043122.561 INFO             PET0 PIOc_freedecomp Exit - MemInfo: Wall-clock time since execution start:               0.720992 seconds
20220312 043122.562 INFO             PET0 PIOc_sync Enter - MemInfo: [/proc/meminfo - SSI]	MemTotal:       196434604 kB
20220312 043122.562 INFO             PET0 PIOc_sync Enter - MemInfo: [/proc/meminfo - SSI]	MemFree:        189472960 kB
20220312 043122.563 INFO             PET0 PIOc_sync Enter - MemInfo: [/proc/meminfo - SSI]	MemAvailable:   191896848 kB
20220312 043122.563 INFO             PET0 PIOc_sync Enter - MemInfo: [/proc/meminfo - SSI]	Committed_AS:     748772 kB
20220312 043122.563 INFO             PET0 PIOc_sync Enter - MemInfo: [/proc/meminfo - SSI]	CommittedPercent: 0.381181 %
20220312 043122.563 INFO             PET0 PIOc_sync Enter - MemInfo: [/proc/self/status]	VmPeak:	  689304 kB
20220312 043122.563 INFO             PET0 PIOc_sync Enter - MemInfo: [/proc/self/status]	VmSize:	  689300 kB
20220312 043122.563 INFO             PET0 PIOc_sync Enter - MemInfo: [/proc/self/status]	VmLck:	       0 kB
20220312 043122.563 INFO             PET0 PIOc_sync Enter - MemInfo: [/proc/self/status]	VmPin:	       0 kB
20220312 043122.563 INFO             PET0 PIOc_sync Enter - MemInfo: [/proc/self/status]	VmHWM:	   64068 kB
20220312 043122.563 INFO             PET0 PIOc_sync Enter - MemInfo: [/proc/self/status]	VmRSS:	   55964 kB
20220312 043122.563 INFO             PET0 PIOc_sync Enter - MemInfo: [/proc/self/status]	VmData:	  230196 kB
20220312 043122.563 INFO             PET0 PIOc_sync Enter - MemInfo: [/proc/self/status]	VmStk:	     144 kB
20220312 043122.563 INFO             PET0 PIOc_sync Enter - MemInfo: [/proc/self/status]	VmExe:	     204 kB
20220312 043122.563 INFO             PET0 PIOc_sync Enter - MemInfo: [/proc/self/status]	VmLib:	   59892 kB
20220312 043122.563 INFO             PET0 PIOc_sync Enter - MemInfo: [/proc/self/status]	VmPTE:	     984 kB
20220312 043122.563 INFO             PET0 PIOc_sync Enter - MemInfo: [/proc/self/status]	VmSwap:	       0 kB
20220312 043122.563 INFO             PET0 PIOc_sync Enter - MemInfo: [/proc/self/status]	VmRSSPercent: 0.0284899 %
20220312 043122.563 INFO             PET0 PIOc_sync Enter - MemInfo: [malloc] Non-mmapped space allocated:                47824896 Byte
20220312 043122.563 INFO             PET0 PIOc_sync Enter - MemInfo: [malloc] Space allocated in mmapped regions:          1581056 Byte
20220312 043122.563 INFO             PET0 PIOc_sync Enter - MemInfo: [malloc] Maximum total allocated space:                     0 Byte
20220312 043122.563 INFO             PET0 PIOc_sync Enter - MemInfo: [malloc] Space in freed fastbin blocks:                  1888 Byte
20220312 043122.563 INFO             PET0 PIOc_sync Enter - MemInfo: [malloc] Total allocated space:                      37398352 Byte
20220312 043122.563 INFO             PET0 PIOc_sync Enter - MemInfo: [malloc] Total free space:                           10426544 Byte
20220312 043122.563 INFO             PET0 PIOc_sync Enter - MemInfo: [malloc] Top-most, releasable space:                  8523536 Byte
20220312 043122.563 INFO             PET0 PIOc_sync Enter - MemInfo: [malloc] Total space in use, mmap + non-mmap:        38979408 Byte
20220312 043122.563 INFO             PET0 PIOc_sync Enter - MemInfo: [malloc] Total space held (mmap + non-mmap):         49405952 Byte
20220312 043122.563 INFO             PET0 PIOc_sync Enter - MemInfo: [malloc] Total space used (mmap + non-mmap):         38988752 Byte
20220312 043122.563 INFO             PET0 PIOc_sync Enter - MemInfo: Wall-clock time since execution start:               0.723061 seconds
20220312 043122.563 INFO             PET0 PIOc_sync Exit - MemInfo: [/proc/meminfo - SSI]	MemTotal:       196434604 kB
20220312 043122.563 INFO             PET0 PIOc_sync Exit - MemInfo: [/proc/meminfo - SSI]	MemFree:        189472960 kB
20220312 043122.563 INFO             PET0 PIOc_sync Exit - MemInfo: [/proc/meminfo - SSI]	MemAvailable:   191896848 kB
20220312 043122.563 INFO             PET0 PIOc_sync Exit - MemInfo: [/proc/meminfo - SSI]	Committed_AS:     748772 kB
20220312 043122.563 INFO             PET0 PIOc_sync Exit - MemInfo: [/proc/meminfo - SSI]	CommittedPercent: 0.381181 %
20220312 043122.563 INFO             PET0 PIOc_sync Exit - MemInfo: [/proc/self/status]	VmPeak:	  689304 kB
20220312 043122.563 INFO             PET0 PIOc_sync Exit - MemInfo: [/proc/self/status]	VmSize:	  689300 kB
20220312 043122.563 INFO             PET0 PIOc_sync Exit - MemInfo: [/proc/self/status]	VmLck:	       0 kB
20220312 043122.563 INFO             PET0 PIOc_sync Exit - MemInfo: [/proc/self/status]	VmPin:	       0 kB
20220312 043122.563 INFO             PET0 PIOc_sync Exit - MemInfo: [/proc/self/status]	VmHWM:	   64068 kB
20220312 043122.563 INFO             PET0 PIOc_sync Exit - MemInfo: [/proc/self/status]	VmRSS:	   55964 kB
20220312 043122.563 INFO             PET0 PIOc_sync Exit - MemInfo: [/proc/self/status]	VmData:	  230196 kB
20220312 043122.563 INFO             PET0 PIOc_sync Exit - MemInfo: [/proc/self/status]	VmStk:	     144 kB
20220312 043122.563 INFO             PET0 PIOc_sync Exit - MemInfo: [/proc/self/status]	VmExe:	     204 kB
20220312 043122.563 INFO             PET0 PIOc_sync Exit - MemInfo: [/proc/self/status]	VmLib:	   59892 kB
20220312 043122.563 INFO             PET0 PIOc_sync Exit - MemInfo: [/proc/self/status]	VmPTE:	     984 kB
20220312 043122.563 INFO             PET0 PIOc_sync Exit - MemInfo: [/proc/self/status]	VmSwap:	       0 kB
20220312 043122.563 INFO             PET0 PIOc_sync Exit - MemInfo: [/proc/self/status]	VmRSSPercent: 0.0284899 %
20220312 043122.563 INFO             PET0 PIOc_sync Exit - MemInfo: [malloc] Non-mmapped space allocated:                47824896 Byte
20220312 043122.563 INFO             PET0 PIOc_sync Exit - MemInfo: [malloc] Space allocated in mmapped regions:          1581056 Byte
20220312 043122.563 INFO             PET0 PIOc_sync Exit - MemInfo: [malloc] Maximum total allocated space:                     0 Byte
20220312 043122.563 INFO             PET0 PIOc_sync Exit - MemInfo: [malloc] Space in freed fastbin blocks:                  2160 Byte
20220312 043122.563 INFO             PET0 PIOc_sync Exit - MemInfo: [malloc] Total allocated space:                      37400944 Byte
20220312 043122.563 INFO             PET0 PIOc_sync Exit - MemInfo: [malloc] Total free space:                           10423952 Byte
20220312 043122.563 INFO             PET0 PIOc_sync Exit - MemInfo: [malloc] Top-most, releasable space:                  8523536 Byte
20220312 043122.563 INFO             PET0 PIOc_sync Exit - MemInfo: [malloc] Total space in use, mmap + non-mmap:        38982000 Byte
20220312 043122.563 INFO             PET0 PIOc_sync Exit - MemInfo: [malloc] Total space held (mmap + non-mmap):         49405952 Byte
20220312 043122.563 INFO             PET0 PIOc_sync Exit - MemInfo: [malloc] Total space used (mmap + non-mmap):         38991344 Byte
20220312 043122.563 INFO             PET0 PIOc_sync Exit - MemInfo: Wall-clock time since execution start:               0.723588 seconds
20220312 043122.564 INFO             PET0 PIOc_freedecomp Enter - MemInfo: [/proc/meminfo - SSI]	MemTotal:       196434604 kB
20220312 043122.564 INFO             PET0 PIOc_freedecomp Enter - MemInfo: [/proc/meminfo - SSI]	MemFree:        189472960 kB
20220312 043122.564 INFO             PET0 PIOc_freedecomp Enter - MemInfo: [/proc/meminfo - SSI]	MemAvailable:   191896848 kB
20220312 043122.564 INFO             PET0 PIOc_freedecomp Enter - MemInfo: [/proc/meminfo - SSI]	Committed_AS:     748772 kB
20220312 043122.564 INFO             PET0 PIOc_freedecomp Enter - MemInfo: [/proc/meminfo - SSI]	CommittedPercent: 0.381181 %
20220312 043122.564 INFO             PET0 PIOc_freedecomp Enter - MemInfo: [/proc/self/status]	VmPeak:	  689304 kB
20220312 043122.564 INFO             PET0 PIOc_freedecomp Enter - MemInfo: [/proc/self/status]	VmSize:	  689300 kB
20220312 043122.564 INFO             PET0 PIOc_freedecomp Enter - MemInfo: [/proc/self/status]	VmLck:	       0 kB
20220312 043122.564 INFO             PET0 PIOc_freedecomp Enter - MemInfo: [/proc/self/status]	VmPin:	       0 kB
20220312 043122.564 INFO             PET0 PIOc_freedecomp Enter - MemInfo: [/proc/self/status]	VmHWM:	   64068 kB
20220312 043122.564 INFO             PET0 PIOc_freedecomp Enter - MemInfo: [/proc/self/status]	VmRSS:	   55964 kB
20220312 043122.564 INFO             PET0 PIOc_freedecomp Enter - MemInfo: [/proc/self/status]	VmData:	  230196 kB
20220312 043122.564 INFO             PET0 PIOc_freedecomp Enter - MemInfo: [/proc/self/status]	VmStk:	     144 kB
20220312 043122.564 INFO             PET0 PIOc_freedecomp Enter - MemInfo: [/proc/self/status]	VmExe:	     204 kB
20220312 043122.564 INFO             PET0 PIOc_freedecomp Enter - MemInfo: [/proc/self/status]	VmLib:	   59892 kB
20220312 043122.564 INFO             PET0 PIOc_freedecomp Enter - MemInfo: [/proc/self/status]	VmPTE:	     984 kB
20220312 043122.564 INFO             PET0 PIOc_freedecomp Enter - MemInfo: [/proc/self/status]	VmSwap:	       0 kB
20220312 043122.564 INFO             PET0 PIOc_freedecomp Enter - MemInfo: [/proc/self/status]	VmRSSPercent: 0.0284899 %
20220312 043122.564 INFO             PET0 PIOc_freedecomp Enter - MemInfo: [malloc] Non-mmapped space allocated:                47824896 Byte
20220312 043122.564 INFO             PET0 PIOc_freedecomp Enter - MemInfo: [malloc] Space allocated in mmapped regions:          1581056 Byte
20220312 043122.564 INFO             PET0 PIOc_freedecomp Enter - MemInfo: [malloc] Maximum total allocated space:                     0 Byte
20220312 043122.564 INFO             PET0 PIOc_freedecomp Enter - MemInfo: [malloc] Space in freed fastbin blocks:                  2432 Byte
20220312 043122.564 INFO             PET0 PIOc_freedecomp Enter - MemInfo: [malloc] Total allocated space:                      28998736 Byte
20220312 043122.564 INFO             PET0 PIOc_freedecomp Enter - MemInfo: [malloc] Total free space:                           18826160 Byte
20220312 043122.564 INFO             PET0 PIOc_freedecomp Enter - MemInfo: [malloc] Top-most, releasable space:                  8523536 Byte
20220312 043122.564 INFO             PET0 PIOc_freedecomp Enter - MemInfo: [malloc] Total space in use, mmap + non-mmap:        30579792 Byte
20220312 043122.564 INFO             PET0 PIOc_freedecomp Enter - MemInfo: [malloc] Total space held (mmap + non-mmap):         49405952 Byte
20220312 043122.564 INFO             PET0 PIOc_freedecomp Enter - MemInfo: [malloc] Total space used (mmap + non-mmap):         30589136 Byte
20220312 043122.564 INFO             PET0 PIOc_freedecomp Enter - MemInfo: Wall-clock time since execution start:               0.724228 seconds
20220312 043122.564 INFO             PET0 PIOc_freedecomp Exit - MemInfo: [/proc/meminfo - SSI]	MemTotal:       196434604 kB
20220312 043122.564 INFO             PET0 PIOc_freedecomp Exit - MemInfo: [/proc/meminfo - SSI]	MemFree:        189472960 kB
20220312 043122.564 INFO             PET0 PIOc_freedecomp Exit - MemInfo: [/proc/meminfo - SSI]	MemAvailable:   191896848 kB
20220312 043122.564 INFO             PET0 PIOc_freedecomp Exit - MemInfo: [/proc/meminfo - SSI]	Committed_AS:     748772 kB
20220312 043122.564 INFO             PET0 PIOc_freedecomp Exit - MemInfo: [/proc/meminfo - SSI]	CommittedPercent: 0.381181 %
20220312 043122.564 INFO             PET0 PIOc_freedecomp Exit - MemInfo: [/proc/self/status]	VmPeak:	  689304 kB
20220312 043122.564 INFO             PET0 PIOc_freedecomp Exit - MemInfo: [/proc/self/status]	VmSize:	  689300 kB
20220312 043122.564 INFO             PET0 PIOc_freedecomp Exit - MemInfo: [/proc/self/status]	VmLck:	       0 kB
20220312 043122.564 INFO             PET0 PIOc_freedecomp Exit - MemInfo: [/proc/self/status]	VmPin:	       0 kB
20220312 043122.564 INFO             PET0 PIOc_freedecomp Exit - MemInfo: [/proc/self/status]	VmHWM:	   64068 kB
20220312 043122.564 INFO             PET0 PIOc_freedecomp Exit - MemInfo: [/proc/self/status]	VmRSS:	   55964 kB
20220312 043122.564 INFO             PET0 PIOc_freedecomp Exit - MemInfo: [/proc/self/status]	VmData:	  230196 kB
20220312 043122.564 INFO             PET0 PIOc_freedecomp Exit - MemInfo: [/proc/self/status]	VmStk:	     144 kB
20220312 043122.564 INFO             PET0 PIOc_freedecomp Exit - MemInfo: [/proc/self/status]	VmExe:	     204 kB
20220312 043122.564 INFO             PET0 PIOc_freedecomp Exit - MemInfo: [/proc/self/status]	VmLib:	   59892 kB
20220312 043122.564 INFO             PET0 PIOc_freedecomp Exit - MemInfo: [/proc/self/status]	VmPTE:	     984 kB
20220312 043122.564 INFO             PET0 PIOc_freedecomp Exit - MemInfo: [/proc/self/status]	VmSwap:	       0 kB
20220312 043122.564 INFO             PET0 PIOc_freedecomp Exit - MemInfo: [/proc/self/status]	VmRSSPercent: 0.0284899 %
20220312 043122.564 INFO             PET0 PIOc_freedecomp Exit - MemInfo: [malloc] Non-mmapped space allocated:                47824896 Byte
20220312 043122.564 INFO             PET0 PIOc_freedecomp Exit - MemInfo: [malloc] Space allocated in mmapped regions:          1581056 Byte
20220312 043122.564 INFO             PET0 PIOc_freedecomp Exit - MemInfo: [malloc] Maximum total allocated space:                     0 Byte
20220312 043122.564 INFO             PET0 PIOc_freedecomp Exit - MemInfo: [malloc] Space in freed fastbin blocks:                  3264 Byte
20220312 043122.564 INFO             PET0 PIOc_freedecomp Exit - MemInfo: [malloc] Total allocated space:                      28990992 Byte
20220312 043122.564 INFO             PET0 PIOc_freedecomp Exit - MemInfo: [malloc] Total free space:                           18833904 Byte
20220312 043122.564 INFO             PET0 PIOc_freedecomp Exit - MemInfo: [malloc] Top-most, releasable space:                  8523536 Byte
20220312 043122.564 INFO             PET0 PIOc_freedecomp Exit - MemInfo: [malloc] Total space in use, mmap + non-mmap:        30572048 Byte
20220312 043122.564 INFO             PET0 PIOc_freedecomp Exit - MemInfo: [malloc] Total space held (mmap + non-mmap):         49405952 Byte
20220312 043122.564 INFO             PET0 PIOc_freedecomp Exit - MemInfo: [malloc] Total space used (mmap + non-mmap):         30581392 Byte
20220312 043122.564 INFO             PET0 PIOc_freedecomp Exit - MemInfo: Wall-clock time since execution start:               0.724617 seconds
20220312 043122.566 INFO             PET0 PIOc_sync Enter - MemInfo: [/proc/meminfo - SSI]	MemTotal:       196434604 kB
20220312 043122.566 INFO             PET0 PIOc_sync Enter - MemInfo: [/proc/meminfo - SSI]	MemFree:        189472960 kB
20220312 043122.566 INFO             PET0 PIOc_sync Enter - MemInfo: [/proc/meminfo - SSI]	MemAvailable:   191896848 kB
20220312 043122.566 INFO             PET0 PIOc_sync Enter - MemInfo: [/proc/meminfo - SSI]	Committed_AS:     748772 kB
20220312 043122.566 INFO             PET0 PIOc_sync Enter - MemInfo: [/proc/meminfo - SSI]	CommittedPercent: 0.381181 %
20220312 043122.566 INFO             PET0 PIOc_sync Enter - MemInfo: [/proc/self/status]	VmPeak:	  689304 kB
20220312 043122.566 INFO             PET0 PIOc_sync Enter - MemInfo: [/proc/self/status]	VmSize:	  689300 kB
20220312 043122.566 INFO             PET0 PIOc_sync Enter - MemInfo: [/proc/self/status]	VmLck:	       0 kB
20220312 043122.566 INFO             PET0 PIOc_sync Enter - MemInfo: [/proc/self/status]	VmPin:	       0 kB
20220312 043122.566 INFO             PET0 PIOc_sync Enter - MemInfo: [/proc/self/status]	VmHWM:	   64068 kB
20220312 043122.566 INFO             PET0 PIOc_sync Enter - MemInfo: [/proc/self/status]	VmRSS:	   55964 kB
20220312 043122.566 INFO             PET0 PIOc_sync Enter - MemInfo: [/proc/self/status]	VmData:	  230196 kB
20220312 043122.566 INFO             PET0 PIOc_sync Enter - MemInfo: [/proc/self/status]	VmStk:	     144 kB
20220312 043122.566 INFO             PET0 PIOc_sync Enter - MemInfo: [/proc/self/status]	VmExe:	     204 kB
20220312 043122.566 INFO             PET0 PIOc_sync Enter - MemInfo: [/proc/self/status]	VmLib:	   59892 kB
20220312 043122.566 INFO             PET0 PIOc_sync Enter - MemInfo: [/proc/self/status]	VmPTE:	     984 kB
20220312 043122.566 INFO             PET0 PIOc_sync Enter - MemInfo: [/proc/self/status]	VmSwap:	       0 kB
20220312 043122.566 INFO             PET0 PIOc_sync Enter - MemInfo: [/proc/self/status]	VmRSSPercent: 0.0284899 %
20220312 043122.566 INFO             PET0 PIOc_sync Enter - MemInfo: [malloc] Non-mmapped space allocated:                47824896 Byte
20220312 043122.566 INFO             PET0 PIOc_sync Enter - MemInfo: [malloc] Space allocated in mmapped regions:          1581056 Byte
20220312 043122.566 INFO             PET0 PIOc_sync Enter - MemInfo: [malloc] Maximum total allocated space:                     0 Byte
20220312 043122.566 INFO             PET0 PIOc_sync Enter - MemInfo: [malloc] Space in freed fastbin blocks:                  2176 Byte
20220312 043122.566 INFO             PET0 PIOc_sync Enter - MemInfo: [malloc] Total allocated space:                      37398800 Byte
20220312 043122.566 INFO             PET0 PIOc_sync Enter - MemInfo: [malloc] Total free space:                           10426096 Byte
20220312 043122.566 INFO             PET0 PIOc_sync Enter - MemInfo: [malloc] Top-most, releasable space:                  8523536 Byte
20220312 043122.566 INFO             PET0 PIOc_sync Enter - MemInfo: [malloc] Total space in use, mmap + non-mmap:        38979856 Byte
20220312 043122.566 INFO             PET0 PIOc_sync Enter - MemInfo: [malloc] Total space held (mmap + non-mmap):         49405952 Byte
20220312 043122.566 INFO             PET0 PIOc_sync Enter - MemInfo: [malloc] Total space used (mmap + non-mmap):         38989200 Byte
20220312 043122.566 INFO             PET0 PIOc_sync Enter - MemInfo: Wall-clock time since execution start:               0.726579 seconds
20220312 043122.567 INFO             PET0 PIOc_sync Exit - MemInfo: [/proc/meminfo - SSI]	MemTotal:       196434604 kB
20220312 043122.567 INFO             PET0 PIOc_sync Exit - MemInfo: [/proc/meminfo - SSI]	MemFree:        189472960 kB
20220312 043122.567 INFO             PET0 PIOc_sync Exit - MemInfo: [/proc/meminfo - SSI]	MemAvailable:   191896848 kB
20220312 043122.567 INFO             PET0 PIOc_sync Exit - MemInfo: [/proc/meminfo - SSI]	Committed_AS:     748772 kB
20220312 043122.567 INFO             PET0 PIOc_sync Exit - MemInfo: [/proc/meminfo - SSI]	CommittedPercent: 0.381181 %
20220312 043122.567 INFO             PET0 PIOc_sync Exit - MemInfo: [/proc/self/status]	VmPeak:	  689304 kB
20220312 043122.567 INFO             PET0 PIOc_sync Exit - MemInfo: [/proc/self/status]	VmSize:	  689300 kB
20220312 043122.567 INFO             PET0 PIOc_sync Exit - MemInfo: [/proc/self/status]	VmLck:	       0 kB
20220312 043122.567 INFO             PET0 PIOc_sync Exit - MemInfo: [/proc/self/status]	VmPin:	       0 kB
20220312 043122.567 INFO             PET0 PIOc_sync Exit - MemInfo: [/proc/self/status]	VmHWM:	   64068 kB
20220312 043122.567 INFO             PET0 PIOc_sync Exit - MemInfo: [/proc/self/status]	VmRSS:	   55964 kB
20220312 043122.567 INFO             PET0 PIOc_sync Exit - MemInfo: [/proc/self/status]	VmData:	  230196 kB
20220312 043122.567 INFO             PET0 PIOc_sync Exit - MemInfo: [/proc/self/status]	VmStk:	     144 kB
20220312 043122.567 INFO             PET0 PIOc_sync Exit - MemInfo: [/proc/self/status]	VmExe:	     204 kB
20220312 043122.567 INFO             PET0 PIOc_sync Exit - MemInfo: [/proc/self/status]	VmLib:	   59892 kB
20220312 043122.567 INFO             PET0 PIOc_sync Exit - MemInfo: [/proc/self/status]	VmPTE:	     984 kB
20220312 043122.567 INFO             PET0 PIOc_sync Exit - MemInfo: [/proc/self/status]	VmSwap:	       0 kB
20220312 043122.567 INFO             PET0 PIOc_sync Exit - MemInfo: [/proc/self/status]	VmRSSPercent: 0.0284899 %
20220312 043122.567 INFO             PET0 PIOc_sync Exit - MemInfo: [malloc] Non-mmapped space allocated:                47824896 Byte
20220312 043122.567 INFO             PET0 PIOc_sync Exit - MemInfo: [malloc] Space allocated in mmapped regions:          1581056 Byte
20220312 043122.567 INFO             PET0 PIOc_sync Exit - MemInfo: [malloc] Maximum total allocated space:                     0 Byte
20220312 043122.567 INFO             PET0 PIOc_sync Exit - MemInfo: [malloc] Space in freed fastbin blocks:                  2160 Byte
20220312 043122.567 INFO             PET0 PIOc_sync Exit - MemInfo: [malloc] Total allocated space:                      37401392 Byte
20220312 043122.567 INFO             PET0 PIOc_sync Exit - MemInfo: [malloc] Total free space:                           10423504 Byte
20220312 043122.567 INFO             PET0 PIOc_sync Exit - MemInfo: [malloc] Top-most, releasable space:                  8523536 Byte
20220312 043122.567 INFO             PET0 PIOc_sync Exit - MemInfo: [malloc] Total space in use, mmap + non-mmap:        38982448 Byte
20220312 043122.567 INFO             PET0 PIOc_sync Exit - MemInfo: [malloc] Total space held (mmap + non-mmap):         49405952 Byte
20220312 043122.567 INFO             PET0 PIOc_sync Exit - MemInfo: [malloc] Total space used (mmap + non-mmap):         38991792 Byte
20220312 043122.567 INFO             PET0 PIOc_sync Exit - MemInfo: Wall-clock time since execution start:               0.727322 seconds
20220312 043122.568 INFO             PET0 PIOc_freedecomp Enter - MemInfo: [/proc/meminfo - SSI]	MemTotal:       196434604 kB
20220312 043122.568 INFO             PET0 PIOc_freedecomp Enter - MemInfo: [/proc/meminfo - SSI]	MemFree:        189472960 kB
20220312 043122.568 INFO             PET0 PIOc_freedecomp Enter - MemInfo: [/proc/meminfo - SSI]	MemAvailable:   191896848 kB
20220312 043122.568 INFO             PET0 PIOc_freedecomp Enter - MemInfo: [/proc/meminfo - SSI]	Committed_AS:     748772 kB
20220312 043122.568 INFO             PET0 PIOc_freedecomp Enter - MemInfo: [/proc/meminfo - SSI]	CommittedPercent: 0.381181 %
20220312 043122.568 INFO             PET0 PIOc_freedecomp Enter - MemInfo: [/proc/self/status]	VmPeak:	  689304 kB
20220312 043122.568 INFO             PET0 PIOc_freedecomp Enter - MemInfo: [/proc/self/status]	VmSize:	  689300 kB
20220312 043122.568 INFO             PET0 PIOc_freedecomp Enter - MemInfo: [/proc/self/status]	VmLck:	       0 kB
20220312 043122.568 INFO             PET0 PIOc_freedecomp Enter - MemInfo: [/proc/self/status]	VmPin:	       0 kB
20220312 043122.568 INFO             PET0 PIOc_freedecomp Enter - MemInfo: [/proc/self/status]	VmHWM:	   64068 kB
20220312 043122.568 INFO             PET0 PIOc_freedecomp Enter - MemInfo: [/proc/self/status]	VmRSS:	   55964 kB
20220312 043122.568 INFO             PET0 PIOc_freedecomp Enter - MemInfo: [/proc/self/status]	VmData:	  230196 kB
20220312 043122.568 INFO             PET0 PIOc_freedecomp Enter - MemInfo: [/proc/self/status]	VmStk:	     144 kB
20220312 043122.568 INFO             PET0 PIOc_freedecomp Enter - MemInfo: [/proc/self/status]	VmExe:	     204 kB
20220312 043122.568 INFO             PET0 PIOc_freedecomp Enter - MemInfo: [/proc/self/status]	VmLib:	   59892 kB
20220312 043122.568 INFO             PET0 PIOc_freedecomp Enter - MemInfo: [/proc/self/status]	VmPTE:	     984 kB
20220312 043122.568 INFO             PET0 PIOc_freedecomp Enter - MemInfo: [/proc/self/status]	VmSwap:	       0 kB
20220312 043122.568 INFO             PET0 PIOc_freedecomp Enter - MemInfo: [/proc/self/status]	VmRSSPercent: 0.0284899 %
20220312 043122.568 INFO             PET0 PIOc_freedecomp Enter - MemInfo: [malloc] Non-mmapped space allocated:                47824896 Byte
20220312 043122.568 INFO             PET0 PIOc_freedecomp Enter - MemInfo: [malloc] Space allocated in mmapped regions:          1581056 Byte
20220312 043122.568 INFO             PET0 PIOc_freedecomp Enter - MemInfo: [malloc] Maximum total allocated space:                     0 Byte
20220312 043122.568 INFO             PET0 PIOc_freedecomp Enter - MemInfo: [malloc] Space in freed fastbin blocks:                  2720 Byte
20220312 043122.568 INFO             PET0 PIOc_freedecomp Enter - MemInfo: [malloc] Total allocated space:                      28998752 Byte
20220312 043122.568 INFO             PET0 PIOc_freedecomp Enter - MemInfo: [malloc] Total free space:                           18826144 Byte
20220312 043122.568 INFO             PET0 PIOc_freedecomp Enter - MemInfo: [malloc] Top-most, releasable space:                  8523536 Byte
20220312 043122.568 INFO             PET0 PIOc_freedecomp Enter - MemInfo: [malloc] Total space in use, mmap + non-mmap:        30579808 Byte
20220312 043122.568 INFO             PET0 PIOc_freedecomp Enter - MemInfo: [malloc] Total space held (mmap + non-mmap):         49405952 Byte
20220312 043122.568 INFO             PET0 PIOc_freedecomp Enter - MemInfo: [malloc] Total space used (mmap + non-mmap):         30589152 Byte
20220312 043122.568 INFO             PET0 PIOc_freedecomp Enter - MemInfo: Wall-clock time since execution start:                0.72814 seconds
20220312 043122.568 INFO             PET0 PIOc_freedecomp Exit - MemInfo: [/proc/meminfo - SSI]	MemTotal:       196434604 kB
20220312 043122.568 INFO             PET0 PIOc_freedecomp Exit - MemInfo: [/proc/meminfo - SSI]	MemFree:        189472960 kB
20220312 043122.568 INFO             PET0 PIOc_freedecomp Exit - MemInfo: [/proc/meminfo - SSI]	MemAvailable:   191896848 kB
20220312 043122.568 INFO             PET0 PIOc_freedecomp Exit - MemInfo: [/proc/meminfo - SSI]	Committed_AS:     748772 kB
20220312 043122.568 INFO             PET0 PIOc_freedecomp Exit - MemInfo: [/proc/meminfo - SSI]	CommittedPercent: 0.381181 %
20220312 043122.568 INFO             PET0 PIOc_freedecomp Exit - MemInfo: [/proc/self/status]	VmPeak:	  689304 kB
20220312 043122.568 INFO             PET0 PIOc_freedecomp Exit - MemInfo: [/proc/self/status]	VmSize:	  689300 kB
20220312 043122.568 INFO             PET0 PIOc_freedecomp Exit - MemInfo: [/proc/self/status]	VmLck:	       0 kB
20220312 043122.568 INFO             PET0 PIOc_freedecomp Exit - MemInfo: [/proc/self/status]	VmPin:	       0 kB
20220312 043122.568 INFO             PET0 PIOc_freedecomp Exit - MemInfo: [/proc/self/status]	VmHWM:	   64068 kB
20220312 043122.568 INFO             PET0 PIOc_freedecomp Exit - MemInfo: [/proc/self/status]	VmRSS:	   55964 kB
20220312 043122.568 INFO             PET0 PIOc_freedecomp Exit - MemInfo: [/proc/self/status]	VmData:	  230196 kB
20220312 043122.568 INFO             PET0 PIOc_freedecomp Exit - MemInfo: [/proc/self/status]	VmStk:	     144 kB
20220312 043122.568 INFO             PET0 PIOc_freedecomp Exit - MemInfo: [/proc/self/status]	VmExe:	     204 kB
20220312 043122.568 INFO             PET0 PIOc_freedecomp Exit - MemInfo: [/proc/self/status]	VmLib:	   59892 kB
20220312 043122.568 INFO             PET0 PIOc_freedecomp Exit - MemInfo: [/proc/self/status]	VmPTE:	     984 kB
20220312 043122.568 INFO             PET0 PIOc_freedecomp Exit - MemInfo: [/proc/self/status]	VmSwap:	       0 kB
20220312 043122.568 INFO             PET0 PIOc_freedecomp Exit - MemInfo: [/proc/self/status]	VmRSSPercent: 0.0284899 %
20220312 043122.568 INFO             PET0 PIOc_freedecomp Exit - MemInfo: [malloc] Non-mmapped space allocated:                47824896 Byte
20220312 043122.568 INFO             PET0 PIOc_freedecomp Exit - MemInfo: [malloc] Space allocated in mmapped regions:          1581056 Byte
20220312 043122.568 INFO             PET0 PIOc_freedecomp Exit - MemInfo: [malloc] Maximum total allocated space:                     0 Byte
20220312 043122.568 INFO             PET0 PIOc_freedecomp Exit - MemInfo: [malloc] Space in freed fastbin blocks:                  3584 Byte
20220312 043122.568 INFO             PET0 PIOc_freedecomp Exit - MemInfo: [malloc] Total allocated space:                      28991008 Byte
20220312 043122.568 INFO             PET0 PIOc_freedecomp Exit - MemInfo: [malloc] Total free space:                           18833888 Byte
20220312 043122.568 INFO             PET0 PIOc_freedecomp Exit - MemInfo: [malloc] Top-most, releasable space:                  8523536 Byte
20220312 043122.568 INFO             PET0 PIOc_freedecomp Exit - MemInfo: [malloc] Total space in use, mmap + non-mmap:        30572064 Byte
20220312 043122.568 INFO             PET0 PIOc_freedecomp Exit - MemInfo: [malloc] Total space held (mmap + non-mmap):         49405952 Byte
20220312 043122.568 INFO             PET0 PIOc_freedecomp Exit - MemInfo: [malloc] Total space used (mmap + non-mmap):         30581424 Byte
20220312 043122.568 INFO             PET0 PIOc_freedecomp Exit - MemInfo: Wall-clock time since execution start:               0.728509 seconds
20220312 043122.570 INFO             PET0  PASS  ESMF_FieldRegridStoreFromFile Unit Test, ESMF_FieldSMMFromFileUTest.F90, line 315
20220312 043122.570 INFO             PET0  Ending Test, file ESMF_FieldSMMFromFileUTest.F90, line 322
20220312 043122.570 INFO             PET0 Finalizing ESMF
20220312 043121.936 INFO             PET1 !!!!!!!!!!!!!!!!!!!!!!!!!!!!!!!!!!!!!!!!!!!!!!!!!!!!!!
20220312 043121.936 INFO             PET1 !!! THE ESMF_LOG IS SET TO OUTPUT ALL LOG MESSAGES !!!
20220312 043121.936 INFO             PET1 !!!     THIS MAY CAUSE SLOWDOWN IN PERFORMANCE     !!!
20220312 043121.936 INFO             PET1 !!! FOR PRODUCTION RUNS, USE:                      !!!
20220312 043121.936 INFO             PET1 !!!                   ESMF_LOGKIND_Multi_On_Error  !!!
20220312 043121.936 INFO             PET1 !!!!!!!!!!!!!!!!!!!!!!!!!!!!!!!!!!!!!!!!!!!!!!!!!!!!!!
20220312 043121.936 INFO             PET1 Running with ESMF Version   : v8.3.0b09-96-g559b459
20220312 043121.936 INFO             PET1 ESMF library build date/time: "Mar 12 2022" "04:10:25"
20220312 043121.936 INFO             PET1 ESMF library build location : /work/noaa/da/mpotts/sandbox/gfortran_8.3.0_openmpi_O_jedwards_pio_update2
20220312 043121.936 INFO             PET1 ESMF_COMM                   : openmpi
20220312 043122.148 INFO             PET1 ESMF_MOAB                   : enabled
20220312 043122.148 INFO             PET1 ESMF_LAPACK                 : enabled
20220312 043122.148 INFO             PET1 ESMF_NETCDF                 : enabled
20220312 043122.148 INFO             PET1 ESMF_PNETCDF                : disabled
20220312 043122.148 INFO             PET1 ESMF_PIO                    : enabled
20220312 043122.148 INFO             PET1 ESMF_YAMLCPP                : enabled
20220312 043122.148 INFO             PET1  Beginning Test, file ESMF_FieldSMMFromFileUTest.F90, line 287
20220312 043122.148 INFO             PET1  NUMBER_OF_PROCESSORS           4
20220312 043122.261 INFO             PET1  PASS  ESMF_FieldSMMFromFile Unit Test, ESMF_FieldSMMFromFileUTest.F90, line 300
20220312 043122.559 INFO             PET1 PIOc_sync Enter - MemInfo: [/proc/meminfo - SSI]	MemTotal:       196434604 kB
20220312 043122.559 INFO             PET1 PIOc_sync Enter - MemInfo: [/proc/meminfo - SSI]	MemFree:        189472960 kB
20220312 043122.559 INFO             PET1 PIOc_sync Enter - MemInfo: [/proc/meminfo - SSI]	MemAvailable:   191896848 kB
20220312 043122.559 INFO             PET1 PIOc_sync Enter - MemInfo: [/proc/meminfo - SSI]	Committed_AS:     748772 kB
20220312 043122.559 INFO             PET1 PIOc_sync Enter - MemInfo: [/proc/meminfo - SSI]	CommittedPercent: 0.381181 %
20220312 043122.559 INFO             PET1 PIOc_sync Enter - MemInfo: [/proc/self/status]	VmPeak:	  664984 kB
20220312 043122.559 INFO             PET1 PIOc_sync Enter - MemInfo: [/proc/self/status]	VmSize:	  664980 kB
20220312 043122.559 INFO             PET1 PIOc_sync Enter - MemInfo: [/proc/self/status]	VmLck:	       0 kB
20220312 043122.559 INFO             PET1 PIOc_sync Enter - MemInfo: [/proc/self/status]	VmPin:	       0 kB
20220312 043122.559 INFO             PET1 PIOc_sync Enter - MemInfo: [/proc/self/status]	VmHWM:	   64076 kB
20220312 043122.559 INFO             PET1 PIOc_sync Enter - MemInfo: [/proc/self/status]	VmRSS:	   39252 kB
20220312 043122.559 INFO             PET1 PIOc_sync Enter - MemInfo: [/proc/self/status]	VmData:	  205876 kB
20220312 043122.559 INFO             PET1 PIOc_sync Enter - MemInfo: [/proc/self/status]	VmStk:	     144 kB
20220312 043122.559 INFO             PET1 PIOc_sync Enter - MemInfo: [/proc/self/status]	VmExe:	     204 kB
20220312 043122.559 INFO             PET1 PIOc_sync Enter - MemInfo: [/proc/self/status]	VmLib:	   59892 kB
20220312 043122.559 INFO             PET1 PIOc_sync Enter - MemInfo: [/proc/self/status]	VmPTE:	     956 kB
20220312 043122.559 INFO             PET1 PIOc_sync Enter - MemInfo: [/proc/self/status]	VmSwap:	       0 kB
20220312 043122.559 INFO             PET1 PIOc_sync Enter - MemInfo: [/proc/self/status]	VmRSSPercent: 0.0199822 %
20220312 043122.559 INFO             PET1 PIOc_sync Enter - MemInfo: [malloc] Non-mmapped space allocated:                22921216 Byte
20220312 043122.559 INFO             PET1 PIOc_sync Enter - MemInfo: [malloc] Space allocated in mmapped regions:          1581056 Byte
20220312 043122.559 INFO             PET1 PIOc_sync Enter - MemInfo: [malloc] Maximum total allocated space:                     0 Byte
20220312 043122.559 INFO             PET1 PIOc_sync Enter - MemInfo: [malloc] Space in freed fastbin blocks:                  2768 Byte
20220312 043122.559 INFO             PET1 PIOc_sync Enter - MemInfo: [malloc] Total allocated space:                      12223024 Byte
20220312 043122.559 INFO             PET1 PIOc_sync Enter - MemInfo: [malloc] Total free space:                           10698192 Byte
20220312 043122.559 INFO             PET1 PIOc_sync Enter - MemInfo: [malloc] Top-most, releasable space:                  8521488 Byte
20220312 043122.559 INFO             PET1 PIOc_sync Enter - MemInfo: [malloc] Total space in use, mmap + non-mmap:        13804080 Byte
20220312 043122.559 INFO             PET1 PIOc_sync Enter - MemInfo: [malloc] Total space held (mmap + non-mmap):         24502272 Byte
20220312 043122.559 INFO             PET1 PIOc_sync Enter - MemInfo: [malloc] Total space used (mmap + non-mmap):         13813424 Byte
20220312 043122.559 INFO             PET1 PIOc_sync Enter - MemInfo: Wall-clock time since execution start:               0.719316 seconds
20220312 043122.560 INFO             PET1 PIOc_sync Exit - MemInfo: [/proc/meminfo - SSI]	MemTotal:       196434604 kB
20220312 043122.560 INFO             PET1 PIOc_sync Exit - MemInfo: [/proc/meminfo - SSI]	MemFree:        189472960 kB
20220312 043122.560 INFO             PET1 PIOc_sync Exit - MemInfo: [/proc/meminfo - SSI]	MemAvailable:   191896848 kB
20220312 043122.560 INFO             PET1 PIOc_sync Exit - MemInfo: [/proc/meminfo - SSI]	Committed_AS:     748772 kB
20220312 043122.560 INFO             PET1 PIOc_sync Exit - MemInfo: [/proc/meminfo - SSI]	CommittedPercent: 0.381181 %
20220312 043122.560 INFO             PET1 PIOc_sync Exit - MemInfo: [/proc/self/status]	VmPeak:	  664984 kB
20220312 043122.560 INFO             PET1 PIOc_sync Exit - MemInfo: [/proc/self/status]	VmSize:	  664980 kB
20220312 043122.560 INFO             PET1 PIOc_sync Exit - MemInfo: [/proc/self/status]	VmLck:	       0 kB
20220312 043122.560 INFO             PET1 PIOc_sync Exit - MemInfo: [/proc/self/status]	VmPin:	       0 kB
20220312 043122.560 INFO             PET1 PIOc_sync Exit - MemInfo: [/proc/self/status]	VmHWM:	   64076 kB
20220312 043122.560 INFO             PET1 PIOc_sync Exit - MemInfo: [/proc/self/status]	VmRSS:	   39312 kB
20220312 043122.560 INFO             PET1 PIOc_sync Exit - MemInfo: [/proc/self/status]	VmData:	  205876 kB
20220312 043122.560 INFO             PET1 PIOc_sync Exit - MemInfo: [/proc/self/status]	VmStk:	     144 kB
20220312 043122.560 INFO             PET1 PIOc_sync Exit - MemInfo: [/proc/self/status]	VmExe:	     204 kB
20220312 043122.560 INFO             PET1 PIOc_sync Exit - MemInfo: [/proc/self/status]	VmLib:	   59892 kB
20220312 043122.560 INFO             PET1 PIOc_sync Exit - MemInfo: [/proc/self/status]	VmPTE:	     956 kB
20220312 043122.560 INFO             PET1 PIOc_sync Exit - MemInfo: [/proc/self/status]	VmSwap:	       0 kB
20220312 043122.560 INFO             PET1 PIOc_sync Exit - MemInfo: [/proc/self/status]	VmRSSPercent: 0.0200128 %
20220312 043122.560 INFO             PET1 PIOc_sync Exit - MemInfo: [malloc] Non-mmapped space allocated:                22921216 Byte
20220312 043122.560 INFO             PET1 PIOc_sync Exit - MemInfo: [malloc] Space allocated in mmapped regions:          1581056 Byte
20220312 043122.560 INFO             PET1 PIOc_sync Exit - MemInfo: [malloc] Maximum total allocated space:                     0 Byte
20220312 043122.560 INFO             PET1 PIOc_sync Exit - MemInfo: [malloc] Space in freed fastbin blocks:                  1408 Byte
20220312 043122.560 INFO             PET1 PIOc_sync Exit - MemInfo: [malloc] Total allocated space:                      12222448 Byte
20220312 043122.560 INFO             PET1 PIOc_sync Exit - MemInfo: [malloc] Total free space:                           10698768 Byte
20220312 043122.560 INFO             PET1 PIOc_sync Exit - MemInfo: [malloc] Top-most, releasable space:                  8521488 Byte
20220312 043122.560 INFO             PET1 PIOc_sync Exit - MemInfo: [malloc] Total space in use, mmap + non-mmap:        13803504 Byte
20220312 043122.560 INFO             PET1 PIOc_sync Exit - MemInfo: [malloc] Total space held (mmap + non-mmap):         24502272 Byte
20220312 043122.560 INFO             PET1 PIOc_sync Exit - MemInfo: [malloc] Total space used (mmap + non-mmap):         13812848 Byte
20220312 043122.560 INFO             PET1 PIOc_sync Exit - MemInfo: Wall-clock time since execution start:               0.720106 seconds
20220312 043122.560 INFO             PET1 PIOc_freedecomp Enter - MemInfo: [/proc/meminfo - SSI]	MemTotal:       196434604 kB
20220312 043122.560 INFO             PET1 PIOc_freedecomp Enter - MemInfo: [/proc/meminfo - SSI]	MemFree:        189472960 kB
20220312 043122.560 INFO             PET1 PIOc_freedecomp Enter - MemInfo: [/proc/meminfo - SSI]	MemAvailable:   191896848 kB
20220312 043122.560 INFO             PET1 PIOc_freedecomp Enter - MemInfo: [/proc/meminfo - SSI]	Committed_AS:     748772 kB
20220312 043122.560 INFO             PET1 PIOc_freedecomp Enter - MemInfo: [/proc/meminfo - SSI]	CommittedPercent: 0.381181 %
20220312 043122.560 INFO             PET1 PIOc_freedecomp Enter - MemInfo: [/proc/self/status]	VmPeak:	  664984 kB
20220312 043122.560 INFO             PET1 PIOc_freedecomp Enter - MemInfo: [/proc/self/status]	VmSize:	  664980 kB
20220312 043122.560 INFO             PET1 PIOc_freedecomp Enter - MemInfo: [/proc/self/status]	VmLck:	       0 kB
20220312 043122.560 INFO             PET1 PIOc_freedecomp Enter - MemInfo: [/proc/self/status]	VmPin:	       0 kB
20220312 043122.560 INFO             PET1 PIOc_freedecomp Enter - MemInfo: [/proc/self/status]	VmHWM:	   64076 kB
20220312 043122.560 INFO             PET1 PIOc_freedecomp Enter - MemInfo: [/proc/self/status]	VmRSS:	   39312 kB
20220312 043122.560 INFO             PET1 PIOc_freedecomp Enter - MemInfo: [/proc/self/status]	VmData:	  205876 kB
20220312 043122.560 INFO             PET1 PIOc_freedecomp Enter - MemInfo: [/proc/self/status]	VmStk:	     144 kB
20220312 043122.560 INFO             PET1 PIOc_freedecomp Enter - MemInfo: [/proc/self/status]	VmExe:	     204 kB
20220312 043122.560 INFO             PET1 PIOc_freedecomp Enter - MemInfo: [/proc/self/status]	VmLib:	   59892 kB
20220312 043122.560 INFO             PET1 PIOc_freedecomp Enter - MemInfo: [/proc/self/status]	VmPTE:	     956 kB
20220312 043122.560 INFO             PET1 PIOc_freedecomp Enter - MemInfo: [/proc/self/status]	VmSwap:	       0 kB
20220312 043122.560 INFO             PET1 PIOc_freedecomp Enter - MemInfo: [/proc/self/status]	VmRSSPercent: 0.0200128 %
20220312 043122.560 INFO             PET1 PIOc_freedecomp Enter - MemInfo: [malloc] Non-mmapped space allocated:                22921216 Byte
20220312 043122.560 INFO             PET1 PIOc_freedecomp Enter - MemInfo: [malloc] Space allocated in mmapped regions:          1581056 Byte
20220312 043122.560 INFO             PET1 PIOc_freedecomp Enter - MemInfo: [malloc] Maximum total allocated space:                     0 Byte
20220312 043122.560 INFO             PET1 PIOc_freedecomp Enter - MemInfo: [malloc] Space in freed fastbin blocks:                  1456 Byte
20220312 043122.560 INFO             PET1 PIOc_freedecomp Enter - MemInfo: [malloc] Total allocated space:                      12220768 Byte
20220312 043122.560 INFO             PET1 PIOc_freedecomp Enter - MemInfo: [malloc] Total free space:                           10700448 Byte
20220312 043122.560 INFO             PET1 PIOc_freedecomp Enter - MemInfo: [malloc] Top-most, releasable space:                  8521488 Byte
20220312 043122.560 INFO             PET1 PIOc_freedecomp Enter - MemInfo: [malloc] Total space in use, mmap + non-mmap:        13801824 Byte
20220312 043122.560 INFO             PET1 PIOc_freedecomp Enter - MemInfo: [malloc] Total space held (mmap + non-mmap):         24502272 Byte
20220312 043122.560 INFO             PET1 PIOc_freedecomp Enter - MemInfo: [malloc] Total space used (mmap + non-mmap):         13811168 Byte
20220312 043122.560 INFO             PET1 PIOc_freedecomp Enter - MemInfo: Wall-clock time since execution start:               0.720793 seconds
20220312 043122.561 INFO             PET1 PIOc_freedecomp Exit - MemInfo: [/proc/meminfo - SSI]	MemTotal:       196434604 kB
20220312 043122.561 INFO             PET1 PIOc_freedecomp Exit - MemInfo: [/proc/meminfo - SSI]	MemFree:        189472960 kB
20220312 043122.561 INFO             PET1 PIOc_freedecomp Exit - MemInfo: [/proc/meminfo - SSI]	MemAvailable:   191896848 kB
20220312 043122.561 INFO             PET1 PIOc_freedecomp Exit - MemInfo: [/proc/meminfo - SSI]	Committed_AS:     748772 kB
20220312 043122.561 INFO             PET1 PIOc_freedecomp Exit - MemInfo: [/proc/meminfo - SSI]	CommittedPercent: 0.381181 %
20220312 043122.561 INFO             PET1 PIOc_freedecomp Exit - MemInfo: [/proc/self/status]	VmPeak:	  664984 kB
20220312 043122.561 INFO             PET1 PIOc_freedecomp Exit - MemInfo: [/proc/self/status]	VmSize:	  664980 kB
20220312 043122.561 INFO             PET1 PIOc_freedecomp Exit - MemInfo: [/proc/self/status]	VmLck:	       0 kB
20220312 043122.561 INFO             PET1 PIOc_freedecomp Exit - MemInfo: [/proc/self/status]	VmPin:	       0 kB
20220312 043122.561 INFO             PET1 PIOc_freedecomp Exit - MemInfo: [/proc/self/status]	VmHWM:	   64076 kB
20220312 043122.561 INFO             PET1 PIOc_freedecomp Exit - MemInfo: [/proc/self/status]	VmRSS:	   39312 kB
20220312 043122.561 INFO             PET1 PIOc_freedecomp Exit - MemInfo: [/proc/self/status]	VmData:	  205876 kB
20220312 043122.561 INFO             PET1 PIOc_freedecomp Exit - MemInfo: [/proc/self/status]	VmStk:	     144 kB
20220312 043122.561 INFO             PET1 PIOc_freedecomp Exit - MemInfo: [/proc/self/status]	VmExe:	     204 kB
20220312 043122.561 INFO             PET1 PIOc_freedecomp Exit - MemInfo: [/proc/self/status]	VmLib:	   59892 kB
20220312 043122.561 INFO             PET1 PIOc_freedecomp Exit - MemInfo: [/proc/self/status]	VmPTE:	     956 kB
20220312 043122.561 INFO             PET1 PIOc_freedecomp Exit - MemInfo: [/proc/self/status]	VmSwap:	       0 kB
20220312 043122.561 INFO             PET1 PIOc_freedecomp Exit - MemInfo: [/proc/self/status]	VmRSSPercent: 0.0200128 %
20220312 043122.561 INFO             PET1 PIOc_freedecomp Exit - MemInfo: [malloc] Non-mmapped space allocated:                22921216 Byte
20220312 043122.561 INFO             PET1 PIOc_freedecomp Exit - MemInfo: [malloc] Space allocated in mmapped regions:          1581056 Byte
20220312 043122.561 INFO             PET1 PIOc_freedecomp Exit - MemInfo: [malloc] Maximum total allocated space:                     0 Byte
20220312 043122.561 INFO             PET1 PIOc_freedecomp Exit - MemInfo: [malloc] Space in freed fastbin blocks:                  1808 Byte
20220312 043122.561 INFO             PET1 PIOc_freedecomp Exit - MemInfo: [malloc] Total allocated space:                      12217840 Byte
20220312 043122.561 INFO             PET1 PIOc_freedecomp Exit - MemInfo: [malloc] Total free space:                           10703376 Byte
20220312 043122.561 INFO             PET1 PIOc_freedecomp Exit - MemInfo: [malloc] Top-most, releasable space:                  8521488 Byte
20220312 043122.561 INFO             PET1 PIOc_freedecomp Exit - MemInfo: [malloc] Total space in use, mmap + non-mmap:        13798896 Byte
20220312 043122.561 INFO             PET1 PIOc_freedecomp Exit - MemInfo: [malloc] Total space held (mmap + non-mmap):         24502272 Byte
20220312 043122.561 INFO             PET1 PIOc_freedecomp Exit - MemInfo: [malloc] Total space used (mmap + non-mmap):         13808240 Byte
20220312 043122.561 INFO             PET1 PIOc_freedecomp Exit - MemInfo: Wall-clock time since execution start:               0.721168 seconds
20220312 043122.562 INFO             PET1 PIOc_sync Enter - MemInfo: [/proc/meminfo - SSI]	MemTotal:       196434604 kB
20220312 043122.562 INFO             PET1 PIOc_sync Enter - MemInfo: [/proc/meminfo - SSI]	MemFree:        189472960 kB
20220312 043122.562 INFO             PET1 PIOc_sync Enter - MemInfo: [/proc/meminfo - SSI]	MemAvailable:   191896848 kB
20220312 043122.562 INFO             PET1 PIOc_sync Enter - MemInfo: [/proc/meminfo - SSI]	Committed_AS:     748772 kB
20220312 043122.562 INFO             PET1 PIOc_sync Enter - MemInfo: [/proc/meminfo - SSI]	CommittedPercent: 0.381181 %
20220312 043122.562 INFO             PET1 PIOc_sync Enter - MemInfo: [/proc/self/status]	VmPeak:	  664984 kB
20220312 043122.562 INFO             PET1 PIOc_sync Enter - MemInfo: [/proc/self/status]	VmSize:	  664980 kB
20220312 043122.562 INFO             PET1 PIOc_sync Enter - MemInfo: [/proc/self/status]	VmLck:	       0 kB
20220312 043122.562 INFO             PET1 PIOc_sync Enter - MemInfo: [/proc/self/status]	VmPin:	       0 kB
20220312 043122.562 INFO             PET1 PIOc_sync Enter - MemInfo: [/proc/self/status]	VmHWM:	   64076 kB
20220312 043122.562 INFO             PET1 PIOc_sync Enter - MemInfo: [/proc/self/status]	VmRSS:	   39312 kB
20220312 043122.562 INFO             PET1 PIOc_sync Enter - MemInfo: [/proc/self/status]	VmData:	  205876 kB
20220312 043122.562 INFO             PET1 PIOc_sync Enter - MemInfo: [/proc/self/status]	VmStk:	     144 kB
20220312 043122.562 INFO             PET1 PIOc_sync Enter - MemInfo: [/proc/self/status]	VmExe:	     204 kB
20220312 043122.562 INFO             PET1 PIOc_sync Enter - MemInfo: [/proc/self/status]	VmLib:	   59892 kB
20220312 043122.562 INFO             PET1 PIOc_sync Enter - MemInfo: [/proc/self/status]	VmPTE:	     956 kB
20220312 043122.562 INFO             PET1 PIOc_sync Enter - MemInfo: [/proc/self/status]	VmSwap:	       0 kB
20220312 043122.562 INFO             PET1 PIOc_sync Enter - MemInfo: [/proc/self/status]	VmRSSPercent: 0.0200128 %
20220312 043122.562 INFO             PET1 PIOc_sync Enter - MemInfo: [malloc] Non-mmapped space allocated:                22921216 Byte
20220312 043122.562 INFO             PET1 PIOc_sync Enter - MemInfo: [malloc] Space allocated in mmapped regions:          1581056 Byte
20220312 043122.562 INFO             PET1 PIOc_sync Enter - MemInfo: [malloc] Maximum total allocated space:                     0 Byte
20220312 043122.562 INFO             PET1 PIOc_sync Enter - MemInfo: [malloc] Space in freed fastbin blocks:                  2768 Byte
20220312 043122.562 INFO             PET1 PIOc_sync Enter - MemInfo: [malloc] Total allocated space:                      12222912 Byte
20220312 043122.562 INFO             PET1 PIOc_sync Enter - MemInfo: [malloc] Total free space:                           10698304 Byte
20220312 043122.562 INFO             PET1 PIOc_sync Enter - MemInfo: [malloc] Top-most, releasable space:                  8521488 Byte
20220312 043122.562 INFO             PET1 PIOc_sync Enter - MemInfo: [malloc] Total space in use, mmap + non-mmap:        13803968 Byte
20220312 043122.562 INFO             PET1 PIOc_sync Enter - MemInfo: [malloc] Total space held (mmap + non-mmap):         24502272 Byte
20220312 043122.562 INFO             PET1 PIOc_sync Enter - MemInfo: [malloc] Total space used (mmap + non-mmap):         13813312 Byte
20220312 043122.562 INFO             PET1 PIOc_sync Enter - MemInfo: Wall-clock time since execution start:               0.722746 seconds
20220312 043122.563 INFO             PET1 PIOc_sync Exit - MemInfo: [/proc/meminfo - SSI]	MemTotal:       196434604 kB
20220312 043122.563 INFO             PET1 PIOc_sync Exit - MemInfo: [/proc/meminfo - SSI]	MemFree:        189472960 kB
20220312 043122.563 INFO             PET1 PIOc_sync Exit - MemInfo: [/proc/meminfo - SSI]	MemAvailable:   191896848 kB
20220312 043122.563 INFO             PET1 PIOc_sync Exit - MemInfo: [/proc/meminfo - SSI]	Committed_AS:     748772 kB
20220312 043122.563 INFO             PET1 PIOc_sync Exit - MemInfo: [/proc/meminfo - SSI]	CommittedPercent: 0.381181 %
20220312 043122.563 INFO             PET1 PIOc_sync Exit - MemInfo: [/proc/self/status]	VmPeak:	  664984 kB
20220312 043122.563 INFO             PET1 PIOc_sync Exit - MemInfo: [/proc/self/status]	VmSize:	  664980 kB
20220312 043122.563 INFO             PET1 PIOc_sync Exit - MemInfo: [/proc/self/status]	VmLck:	       0 kB
20220312 043122.563 INFO             PET1 PIOc_sync Exit - MemInfo: [/proc/self/status]	VmPin:	       0 kB
20220312 043122.563 INFO             PET1 PIOc_sync Exit - MemInfo: [/proc/self/status]	VmHWM:	   64076 kB
20220312 043122.563 INFO             PET1 PIOc_sync Exit - MemInfo: [/proc/self/status]	VmRSS:	   39312 kB
20220312 043122.563 INFO             PET1 PIOc_sync Exit - MemInfo: [/proc/self/status]	VmData:	  205876 kB
20220312 043122.563 INFO             PET1 PIOc_sync Exit - MemInfo: [/proc/self/status]	VmStk:	     144 kB
20220312 043122.563 INFO             PET1 PIOc_sync Exit - MemInfo: [/proc/self/status]	VmExe:	     204 kB
20220312 043122.563 INFO             PET1 PIOc_sync Exit - MemInfo: [/proc/self/status]	VmLib:	   59892 kB
20220312 043122.563 INFO             PET1 PIOc_sync Exit - MemInfo: [/proc/self/status]	VmPTE:	     956 kB
20220312 043122.563 INFO             PET1 PIOc_sync Exit - MemInfo: [/proc/self/status]	VmSwap:	       0 kB
20220312 043122.563 INFO             PET1 PIOc_sync Exit - MemInfo: [/proc/self/status]	VmRSSPercent: 0.0200128 %
20220312 043122.563 INFO             PET1 PIOc_sync Exit - MemInfo: [malloc] Non-mmapped space allocated:                22921216 Byte
20220312 043122.563 INFO             PET1 PIOc_sync Exit - MemInfo: [malloc] Space allocated in mmapped regions:          1581056 Byte
20220312 043122.563 INFO             PET1 PIOc_sync Exit - MemInfo: [malloc] Maximum total allocated space:                     0 Byte
20220312 043122.563 INFO             PET1 PIOc_sync Exit - MemInfo: [malloc] Space in freed fastbin blocks:                  1552 Byte
20220312 043122.563 INFO             PET1 PIOc_sync Exit - MemInfo: [malloc] Total allocated space:                      12222608 Byte
20220312 043122.563 INFO             PET1 PIOc_sync Exit - MemInfo: [malloc] Total free space:                           10698608 Byte
20220312 043122.563 INFO             PET1 PIOc_sync Exit - MemInfo: [malloc] Top-most, releasable space:                  8521488 Byte
20220312 043122.563 INFO             PET1 PIOc_sync Exit - MemInfo: [malloc] Total space in use, mmap + non-mmap:        13803664 Byte
20220312 043122.563 INFO             PET1 PIOc_sync Exit - MemInfo: [malloc] Total space held (mmap + non-mmap):         24502272 Byte
20220312 043122.563 INFO             PET1 PIOc_sync Exit - MemInfo: [malloc] Total space used (mmap + non-mmap):         13813008 Byte
20220312 043122.563 INFO             PET1 PIOc_sync Exit - MemInfo: Wall-clock time since execution start:               0.723667 seconds
20220312 043122.564 INFO             PET1 PIOc_freedecomp Enter - MemInfo: [/proc/meminfo - SSI]	MemTotal:       196434604 kB
20220312 043122.564 INFO             PET1 PIOc_freedecomp Enter - MemInfo: [/proc/meminfo - SSI]	MemFree:        189472960 kB
20220312 043122.564 INFO             PET1 PIOc_freedecomp Enter - MemInfo: [/proc/meminfo - SSI]	MemAvailable:   191896848 kB
20220312 043122.564 INFO             PET1 PIOc_freedecomp Enter - MemInfo: [/proc/meminfo - SSI]	Committed_AS:     748772 kB
20220312 043122.564 INFO             PET1 PIOc_freedecomp Enter - MemInfo: [/proc/meminfo - SSI]	CommittedPercent: 0.381181 %
20220312 043122.564 INFO             PET1 PIOc_freedecomp Enter - MemInfo: [/proc/self/status]	VmPeak:	  664984 kB
20220312 043122.564 INFO             PET1 PIOc_freedecomp Enter - MemInfo: [/proc/self/status]	VmSize:	  664980 kB
20220312 043122.564 INFO             PET1 PIOc_freedecomp Enter - MemInfo: [/proc/self/status]	VmLck:	       0 kB
20220312 043122.564 INFO             PET1 PIOc_freedecomp Enter - MemInfo: [/proc/self/status]	VmPin:	       0 kB
20220312 043122.564 INFO             PET1 PIOc_freedecomp Enter - MemInfo: [/proc/self/status]	VmHWM:	   64076 kB
20220312 043122.564 INFO             PET1 PIOc_freedecomp Enter - MemInfo: [/proc/self/status]	VmRSS:	   39312 kB
20220312 043122.564 INFO             PET1 PIOc_freedecomp Enter - MemInfo: [/proc/self/status]	VmData:	  205876 kB
20220312 043122.564 INFO             PET1 PIOc_freedecomp Enter - MemInfo: [/proc/self/status]	VmStk:	     144 kB
20220312 043122.564 INFO             PET1 PIOc_freedecomp Enter - MemInfo: [/proc/self/status]	VmExe:	     204 kB
20220312 043122.564 INFO             PET1 PIOc_freedecomp Enter - MemInfo: [/proc/self/status]	VmLib:	   59892 kB
20220312 043122.564 INFO             PET1 PIOc_freedecomp Enter - MemInfo: [/proc/self/status]	VmPTE:	     956 kB
20220312 043122.564 INFO             PET1 PIOc_freedecomp Enter - MemInfo: [/proc/self/status]	VmSwap:	       0 kB
20220312 043122.564 INFO             PET1 PIOc_freedecomp Enter - MemInfo: [/proc/self/status]	VmRSSPercent: 0.0200128 %
20220312 043122.564 INFO             PET1 PIOc_freedecomp Enter - MemInfo: [malloc] Non-mmapped space allocated:                22921216 Byte
20220312 043122.564 INFO             PET1 PIOc_freedecomp Enter - MemInfo: [malloc] Space allocated in mmapped regions:          1581056 Byte
20220312 043122.564 INFO             PET1 PIOc_freedecomp Enter - MemInfo: [malloc] Maximum total allocated space:                     0 Byte
20220312 043122.564 INFO             PET1 PIOc_freedecomp Enter - MemInfo: [malloc] Space in freed fastbin blocks:                  1712 Byte
20220312 043122.564 INFO             PET1 PIOc_freedecomp Enter - MemInfo: [malloc] Total allocated space:                      12220784 Byte
20220312 043122.564 INFO             PET1 PIOc_freedecomp Enter - MemInfo: [malloc] Total free space:                           10700432 Byte
20220312 043122.564 INFO             PET1 PIOc_freedecomp Enter - MemInfo: [malloc] Top-most, releasable space:                  8521488 Byte
20220312 043122.564 INFO             PET1 PIOc_freedecomp Enter - MemInfo: [malloc] Total space in use, mmap + non-mmap:        13801840 Byte
20220312 043122.564 INFO             PET1 PIOc_freedecomp Enter - MemInfo: [malloc] Total space held (mmap + non-mmap):         24502272 Byte
20220312 043122.564 INFO             PET1 PIOc_freedecomp Enter - MemInfo: [malloc] Total space used (mmap + non-mmap):         13811184 Byte
20220312 043122.564 INFO             PET1 PIOc_freedecomp Enter - MemInfo: Wall-clock time since execution start:               0.724299 seconds
20220312 043122.564 INFO             PET1 PIOc_freedecomp Exit - MemInfo: [/proc/meminfo - SSI]	MemTotal:       196434604 kB
20220312 043122.564 INFO             PET1 PIOc_freedecomp Exit - MemInfo: [/proc/meminfo - SSI]	MemFree:        189472960 kB
20220312 043122.564 INFO             PET1 PIOc_freedecomp Exit - MemInfo: [/proc/meminfo - SSI]	MemAvailable:   191896848 kB
20220312 043122.564 INFO             PET1 PIOc_freedecomp Exit - MemInfo: [/proc/meminfo - SSI]	Committed_AS:     748772 kB
20220312 043122.564 INFO             PET1 PIOc_freedecomp Exit - MemInfo: [/proc/meminfo - SSI]	CommittedPercent: 0.381181 %
20220312 043122.564 INFO             PET1 PIOc_freedecomp Exit - MemInfo: [/proc/self/status]	VmPeak:	  664984 kB
20220312 043122.564 INFO             PET1 PIOc_freedecomp Exit - MemInfo: [/proc/self/status]	VmSize:	  664980 kB
20220312 043122.564 INFO             PET1 PIOc_freedecomp Exit - MemInfo: [/proc/self/status]	VmLck:	       0 kB
20220312 043122.564 INFO             PET1 PIOc_freedecomp Exit - MemInfo: [/proc/self/status]	VmPin:	       0 kB
20220312 043122.564 INFO             PET1 PIOc_freedecomp Exit - MemInfo: [/proc/self/status]	VmHWM:	   64076 kB
20220312 043122.564 INFO             PET1 PIOc_freedecomp Exit - MemInfo: [/proc/self/status]	VmRSS:	   39312 kB
20220312 043122.564 INFO             PET1 PIOc_freedecomp Exit - MemInfo: [/proc/self/status]	VmData:	  205876 kB
20220312 043122.564 INFO             PET1 PIOc_freedecomp Exit - MemInfo: [/proc/self/status]	VmStk:	     144 kB
20220312 043122.564 INFO             PET1 PIOc_freedecomp Exit - MemInfo: [/proc/self/status]	VmExe:	     204 kB
20220312 043122.564 INFO             PET1 PIOc_freedecomp Exit - MemInfo: [/proc/self/status]	VmLib:	   59892 kB
20220312 043122.564 INFO             PET1 PIOc_freedecomp Exit - MemInfo: [/proc/self/status]	VmPTE:	     956 kB
20220312 043122.564 INFO             PET1 PIOc_freedecomp Exit - MemInfo: [/proc/self/status]	VmSwap:	       0 kB
20220312 043122.564 INFO             PET1 PIOc_freedecomp Exit - MemInfo: [/proc/self/status]	VmRSSPercent: 0.0200128 %
20220312 043122.564 INFO             PET1 PIOc_freedecomp Exit - MemInfo: [malloc] Non-mmapped space allocated:                22921216 Byte
20220312 043122.564 INFO             PET1 PIOc_freedecomp Exit - MemInfo: [malloc] Space allocated in mmapped regions:          1581056 Byte
20220312 043122.564 INFO             PET1 PIOc_freedecomp Exit - MemInfo: [malloc] Maximum total allocated space:                     0 Byte
20220312 043122.564 INFO             PET1 PIOc_freedecomp Exit - MemInfo: [malloc] Space in freed fastbin blocks:                  1952 Byte
20220312 043122.564 INFO             PET1 PIOc_freedecomp Exit - MemInfo: [malloc] Total allocated space:                      12217840 Byte
20220312 043122.564 INFO             PET1 PIOc_freedecomp Exit - MemInfo: [malloc] Total free space:                           10703376 Byte
20220312 043122.564 INFO             PET1 PIOc_freedecomp Exit - MemInfo: [malloc] Top-most, releasable space:                  8521488 Byte
20220312 043122.564 INFO             PET1 PIOc_freedecomp Exit - MemInfo: [malloc] Total space in use, mmap + non-mmap:        13798896 Byte
20220312 043122.564 INFO             PET1 PIOc_freedecomp Exit - MemInfo: [malloc] Total space held (mmap + non-mmap):         24502272 Byte
20220312 043122.564 INFO             PET1 PIOc_freedecomp Exit - MemInfo: [malloc] Total space used (mmap + non-mmap):         13808240 Byte
20220312 043122.564 INFO             PET1 PIOc_freedecomp Exit - MemInfo: Wall-clock time since execution start:               0.724703 seconds
20220312 043122.566 INFO             PET1 PIOc_sync Enter - MemInfo: [/proc/meminfo - SSI]	MemTotal:       196434604 kB
20220312 043122.566 INFO             PET1 PIOc_sync Enter - MemInfo: [/proc/meminfo - SSI]	MemFree:        189472960 kB
20220312 043122.566 INFO             PET1 PIOc_sync Enter - MemInfo: [/proc/meminfo - SSI]	MemAvailable:   191896848 kB
20220312 043122.566 INFO             PET1 PIOc_sync Enter - MemInfo: [/proc/meminfo - SSI]	Committed_AS:     748772 kB
20220312 043122.566 INFO             PET1 PIOc_sync Enter - MemInfo: [/proc/meminfo - SSI]	CommittedPercent: 0.381181 %
20220312 043122.566 INFO             PET1 PIOc_sync Enter - MemInfo: [/proc/self/status]	VmPeak:	  664984 kB
20220312 043122.566 INFO             PET1 PIOc_sync Enter - MemInfo: [/proc/self/status]	VmSize:	  664980 kB
20220312 043122.566 INFO             PET1 PIOc_sync Enter - MemInfo: [/proc/self/status]	VmLck:	       0 kB
20220312 043122.566 INFO             PET1 PIOc_sync Enter - MemInfo: [/proc/self/status]	VmPin:	       0 kB
20220312 043122.566 INFO             PET1 PIOc_sync Enter - MemInfo: [/proc/self/status]	VmHWM:	   64076 kB
20220312 043122.566 INFO             PET1 PIOc_sync Enter - MemInfo: [/proc/self/status]	VmRSS:	   39312 kB
20220312 043122.566 INFO             PET1 PIOc_sync Enter - MemInfo: [/proc/self/status]	VmData:	  205876 kB
20220312 043122.566 INFO             PET1 PIOc_sync Enter - MemInfo: [/proc/self/status]	VmStk:	     144 kB
20220312 043122.566 INFO             PET1 PIOc_sync Enter - MemInfo: [/proc/self/status]	VmExe:	     204 kB
20220312 043122.566 INFO             PET1 PIOc_sync Enter - MemInfo: [/proc/self/status]	VmLib:	   59892 kB
20220312 043122.566 INFO             PET1 PIOc_sync Enter - MemInfo: [/proc/self/status]	VmPTE:	     956 kB
20220312 043122.566 INFO             PET1 PIOc_sync Enter - MemInfo: [/proc/self/status]	VmSwap:	       0 kB
20220312 043122.566 INFO             PET1 PIOc_sync Enter - MemInfo: [/proc/self/status]	VmRSSPercent: 0.0200128 %
20220312 043122.566 INFO             PET1 PIOc_sync Enter - MemInfo: [malloc] Non-mmapped space allocated:                22921216 Byte
20220312 043122.566 INFO             PET1 PIOc_sync Enter - MemInfo: [malloc] Space allocated in mmapped regions:          1581056 Byte
20220312 043122.566 INFO             PET1 PIOc_sync Enter - MemInfo: [malloc] Maximum total allocated space:                     0 Byte
20220312 043122.566 INFO             PET1 PIOc_sync Enter - MemInfo: [malloc] Space in freed fastbin blocks:                  2800 Byte
20220312 043122.566 INFO             PET1 PIOc_sync Enter - MemInfo: [malloc] Total allocated space:                      12223072 Byte
20220312 043122.566 INFO             PET1 PIOc_sync Enter - MemInfo: [malloc] Total free space:                           10698144 Byte
20220312 043122.566 INFO             PET1 PIOc_sync Enter - MemInfo: [malloc] Top-most, releasable space:                  8521488 Byte
20220312 043122.566 INFO             PET1 PIOc_sync Enter - MemInfo: [malloc] Total space in use, mmap + non-mmap:        13804128 Byte
20220312 043122.566 INFO             PET1 PIOc_sync Enter - MemInfo: [malloc] Total space held (mmap + non-mmap):         24502272 Byte
20220312 043122.566 INFO             PET1 PIOc_sync Enter - MemInfo: [malloc] Total space used (mmap + non-mmap):         13813472 Byte
20220312 043122.566 INFO             PET1 PIOc_sync Enter - MemInfo: Wall-clock time since execution start:                0.72635 seconds
20220312 043122.567 INFO             PET1 PIOc_sync Exit - MemInfo: [/proc/meminfo - SSI]	MemTotal:       196434604 kB
20220312 043122.567 INFO             PET1 PIOc_sync Exit - MemInfo: [/proc/meminfo - SSI]	MemFree:        189472960 kB
20220312 043122.567 INFO             PET1 PIOc_sync Exit - MemInfo: [/proc/meminfo - SSI]	MemAvailable:   191896848 kB
20220312 043122.567 INFO             PET1 PIOc_sync Exit - MemInfo: [/proc/meminfo - SSI]	Committed_AS:     748772 kB
20220312 043122.567 INFO             PET1 PIOc_sync Exit - MemInfo: [/proc/meminfo - SSI]	CommittedPercent: 0.381181 %
20220312 043122.567 INFO             PET1 PIOc_sync Exit - MemInfo: [/proc/self/status]	VmPeak:	  664984 kB
20220312 043122.567 INFO             PET1 PIOc_sync Exit - MemInfo: [/proc/self/status]	VmSize:	  664980 kB
20220312 043122.567 INFO             PET1 PIOc_sync Exit - MemInfo: [/proc/self/status]	VmLck:	       0 kB
20220312 043122.567 INFO             PET1 PIOc_sync Exit - MemInfo: [/proc/self/status]	VmPin:	       0 kB
20220312 043122.567 INFO             PET1 PIOc_sync Exit - MemInfo: [/proc/self/status]	VmHWM:	   64076 kB
20220312 043122.567 INFO             PET1 PIOc_sync Exit - MemInfo: [/proc/self/status]	VmRSS:	   39312 kB
20220312 043122.567 INFO             PET1 PIOc_sync Exit - MemInfo: [/proc/self/status]	VmData:	  205876 kB
20220312 043122.567 INFO             PET1 PIOc_sync Exit - MemInfo: [/proc/self/status]	VmStk:	     144 kB
20220312 043122.567 INFO             PET1 PIOc_sync Exit - MemInfo: [/proc/self/status]	VmExe:	     204 kB
20220312 043122.567 INFO             PET1 PIOc_sync Exit - MemInfo: [/proc/self/status]	VmLib:	   59892 kB
20220312 043122.567 INFO             PET1 PIOc_sync Exit - MemInfo: [/proc/self/status]	VmPTE:	     956 kB
20220312 043122.567 INFO             PET1 PIOc_sync Exit - MemInfo: [/proc/self/status]	VmSwap:	       0 kB
20220312 043122.567 INFO             PET1 PIOc_sync Exit - MemInfo: [/proc/self/status]	VmRSSPercent: 0.0200128 %
20220312 043122.567 INFO             PET1 PIOc_sync Exit - MemInfo: [malloc] Non-mmapped space allocated:                22921216 Byte
20220312 043122.567 INFO             PET1 PIOc_sync Exit - MemInfo: [malloc] Space allocated in mmapped regions:          1581056 Byte
20220312 043122.567 INFO             PET1 PIOc_sync Exit - MemInfo: [malloc] Maximum total allocated space:                     0 Byte
20220312 043122.567 INFO             PET1 PIOc_sync Exit - MemInfo: [malloc] Space in freed fastbin blocks:                  1296 Byte
20220312 043122.567 INFO             PET1 PIOc_sync Exit - MemInfo: [malloc] Total allocated space:                      12222752 Byte
20220312 043122.567 INFO             PET1 PIOc_sync Exit - MemInfo: [malloc] Total free space:                           10698464 Byte
20220312 043122.567 INFO             PET1 PIOc_sync Exit - MemInfo: [malloc] Top-most, releasable space:                  8521488 Byte
20220312 043122.567 INFO             PET1 PIOc_sync Exit - MemInfo: [malloc] Total space in use, mmap + non-mmap:        13803808 Byte
20220312 043122.567 INFO             PET1 PIOc_sync Exit - MemInfo: [malloc] Total space held (mmap + non-mmap):         24502272 Byte
20220312 043122.567 INFO             PET1 PIOc_sync Exit - MemInfo: [malloc] Total space used (mmap + non-mmap):         13813152 Byte
20220312 043122.567 INFO             PET1 PIOc_sync Exit - MemInfo: Wall-clock time since execution start:                 0.7272 seconds
20220312 043122.567 INFO             PET1 PIOc_freedecomp Enter - MemInfo: [/proc/meminfo - SSI]	MemTotal:       196434604 kB
20220312 043122.567 INFO             PET1 PIOc_freedecomp Enter - MemInfo: [/proc/meminfo - SSI]	MemFree:        189472960 kB
20220312 043122.567 INFO             PET1 PIOc_freedecomp Enter - MemInfo: [/proc/meminfo - SSI]	MemAvailable:   191896848 kB
20220312 043122.567 INFO             PET1 PIOc_freedecomp Enter - MemInfo: [/proc/meminfo - SSI]	Committed_AS:     748772 kB
20220312 043122.567 INFO             PET1 PIOc_freedecomp Enter - MemInfo: [/proc/meminfo - SSI]	CommittedPercent: 0.381181 %
20220312 043122.567 INFO             PET1 PIOc_freedecomp Enter - MemInfo: [/proc/self/status]	VmPeak:	  664984 kB
20220312 043122.567 INFO             PET1 PIOc_freedecomp Enter - MemInfo: [/proc/self/status]	VmSize:	  664980 kB
20220312 043122.567 INFO             PET1 PIOc_freedecomp Enter - MemInfo: [/proc/self/status]	VmLck:	       0 kB
20220312 043122.567 INFO             PET1 PIOc_freedecomp Enter - MemInfo: [/proc/self/status]	VmPin:	       0 kB
20220312 043122.567 INFO             PET1 PIOc_freedecomp Enter - MemInfo: [/proc/self/status]	VmHWM:	   64076 kB
20220312 043122.567 INFO             PET1 PIOc_freedecomp Enter - MemInfo: [/proc/self/status]	VmRSS:	   39312 kB
20220312 043122.567 INFO             PET1 PIOc_freedecomp Enter - MemInfo: [/proc/self/status]	VmData:	  205876 kB
20220312 043122.568 INFO             PET1 PIOc_freedecomp Enter - MemInfo: [/proc/self/status]	VmStk:	     144 kB
20220312 043122.568 INFO             PET1 PIOc_freedecomp Enter - MemInfo: [/proc/self/status]	VmExe:	     204 kB
20220312 043122.568 INFO             PET1 PIOc_freedecomp Enter - MemInfo: [/proc/self/status]	VmLib:	   59892 kB
20220312 043122.568 INFO             PET1 PIOc_freedecomp Enter - MemInfo: [/proc/self/status]	VmPTE:	     956 kB
20220312 043122.568 INFO             PET1 PIOc_freedecomp Enter - MemInfo: [/proc/self/status]	VmSwap:	       0 kB
20220312 043122.568 INFO             PET1 PIOc_freedecomp Enter - MemInfo: [/proc/self/status]	VmRSSPercent: 0.0200128 %
20220312 043122.568 INFO             PET1 PIOc_freedecomp Enter - MemInfo: [malloc] Non-mmapped space allocated:                22921216 Byte
20220312 043122.568 INFO             PET1 PIOc_freedecomp Enter - MemInfo: [malloc] Space allocated in mmapped regions:          1581056 Byte
20220312 043122.568 INFO             PET1 PIOc_freedecomp Enter - MemInfo: [malloc] Maximum total allocated space:                     0 Byte
20220312 043122.568 INFO             PET1 PIOc_freedecomp Enter - MemInfo: [malloc] Space in freed fastbin blocks:                  1584 Byte
20220312 043122.568 INFO             PET1 PIOc_freedecomp Enter - MemInfo: [malloc] Total allocated space:                      12220784 Byte
20220312 043122.568 INFO             PET1 PIOc_freedecomp Enter - MemInfo: [malloc] Total free space:                           10700432 Byte
20220312 043122.568 INFO             PET1 PIOc_freedecomp Enter - MemInfo: [malloc] Top-most, releasable space:                  8521488 Byte
20220312 043122.568 INFO             PET1 PIOc_freedecomp Enter - MemInfo: [malloc] Total space in use, mmap + non-mmap:        13801840 Byte
20220312 043122.568 INFO             PET1 PIOc_freedecomp Enter - MemInfo: [malloc] Total space held (mmap + non-mmap):         24502272 Byte
20220312 043122.568 INFO             PET1 PIOc_freedecomp Enter - MemInfo: [malloc] Total space used (mmap + non-mmap):         13811184 Byte
20220312 043122.568 INFO             PET1 PIOc_freedecomp Enter - MemInfo: Wall-clock time since execution start:               0.727926 seconds
20220312 043122.568 INFO             PET1 PIOc_freedecomp Exit - MemInfo: [/proc/meminfo - SSI]	MemTotal:       196434604 kB
20220312 043122.568 INFO             PET1 PIOc_freedecomp Exit - MemInfo: [/proc/meminfo - SSI]	MemFree:        189472960 kB
20220312 043122.568 INFO             PET1 PIOc_freedecomp Exit - MemInfo: [/proc/meminfo - SSI]	MemAvailable:   191896848 kB
20220312 043122.568 INFO             PET1 PIOc_freedecomp Exit - MemInfo: [/proc/meminfo - SSI]	Committed_AS:     748772 kB
20220312 043122.568 INFO             PET1 PIOc_freedecomp Exit - MemInfo: [/proc/meminfo - SSI]	CommittedPercent: 0.381181 %
20220312 043122.568 INFO             PET1 PIOc_freedecomp Exit - MemInfo: [/proc/self/status]	VmPeak:	  664984 kB
20220312 043122.568 INFO             PET1 PIOc_freedecomp Exit - MemInfo: [/proc/self/status]	VmSize:	  664980 kB
20220312 043122.568 INFO             PET1 PIOc_freedecomp Exit - MemInfo: [/proc/self/status]	VmLck:	       0 kB
20220312 043122.568 INFO             PET1 PIOc_freedecomp Exit - MemInfo: [/proc/self/status]	VmPin:	       0 kB
20220312 043122.568 INFO             PET1 PIOc_freedecomp Exit - MemInfo: [/proc/self/status]	VmHWM:	   64076 kB
20220312 043122.568 INFO             PET1 PIOc_freedecomp Exit - MemInfo: [/proc/self/status]	VmRSS:	   39312 kB
20220312 043122.568 INFO             PET1 PIOc_freedecomp Exit - MemInfo: [/proc/self/status]	VmData:	  205876 kB
20220312 043122.568 INFO             PET1 PIOc_freedecomp Exit - MemInfo: [/proc/self/status]	VmStk:	     144 kB
20220312 043122.568 INFO             PET1 PIOc_freedecomp Exit - MemInfo: [/proc/self/status]	VmExe:	     204 kB
20220312 043122.568 INFO             PET1 PIOc_freedecomp Exit - MemInfo: [/proc/self/status]	VmLib:	   59892 kB
20220312 043122.568 INFO             PET1 PIOc_freedecomp Exit - MemInfo: [/proc/self/status]	VmPTE:	     956 kB
20220312 043122.568 INFO             PET1 PIOc_freedecomp Exit - MemInfo: [/proc/self/status]	VmSwap:	       0 kB
20220312 043122.568 INFO             PET1 PIOc_freedecomp Exit - MemInfo: [/proc/self/status]	VmRSSPercent: 0.0200128 %
20220312 043122.568 INFO             PET1 PIOc_freedecomp Exit - MemInfo: [malloc] Non-mmapped space allocated:                22921216 Byte
20220312 043122.568 INFO             PET1 PIOc_freedecomp Exit - MemInfo: [malloc] Space allocated in mmapped regions:          1581056 Byte
20220312 043122.568 INFO             PET1 PIOc_freedecomp Exit - MemInfo: [malloc] Maximum total allocated space:                     0 Byte
20220312 043122.568 INFO             PET1 PIOc_freedecomp Exit - MemInfo: [malloc] Space in freed fastbin blocks:                  1808 Byte
20220312 043122.568 INFO             PET1 PIOc_freedecomp Exit - MemInfo: [malloc] Total allocated space:                      12217856 Byte
20220312 043122.568 INFO             PET1 PIOc_freedecomp Exit - MemInfo: [malloc] Total free space:                           10703360 Byte
20220312 043122.568 INFO             PET1 PIOc_freedecomp Exit - MemInfo: [malloc] Top-most, releasable space:                  8521488 Byte
20220312 043122.568 INFO             PET1 PIOc_freedecomp Exit - MemInfo: [malloc] Total space in use, mmap + non-mmap:        13798912 Byte
20220312 043122.568 INFO             PET1 PIOc_freedecomp Exit - MemInfo: [malloc] Total space held (mmap + non-mmap):         24502272 Byte
20220312 043122.568 INFO             PET1 PIOc_freedecomp Exit - MemInfo: [malloc] Total space used (mmap + non-mmap):         13808256 Byte
20220312 043122.568 INFO             PET1 PIOc_freedecomp Exit - MemInfo: Wall-clock time since execution start:               0.728275 seconds
20220312 043122.570 INFO             PET1  PASS  ESMF_FieldRegridStoreFromFile Unit Test, ESMF_FieldSMMFromFileUTest.F90, line 315
20220312 043122.570 INFO             PET1  Ending Test, file ESMF_FieldSMMFromFileUTest.F90, line 322
20220312 043122.570 INFO             PET1 Finalizing ESMF
20220312 043121.843 INFO             PET2 !!!!!!!!!!!!!!!!!!!!!!!!!!!!!!!!!!!!!!!!!!!!!!!!!!!!!!
20220312 043121.843 INFO             PET2 !!! THE ESMF_LOG IS SET TO OUTPUT ALL LOG MESSAGES !!!
20220312 043121.843 INFO             PET2 !!!     THIS MAY CAUSE SLOWDOWN IN PERFORMANCE     !!!
20220312 043121.843 INFO             PET2 !!! FOR PRODUCTION RUNS, USE:                      !!!
20220312 043121.843 INFO             PET2 !!!                   ESMF_LOGKIND_Multi_On_Error  !!!
20220312 043121.843 INFO             PET2 !!!!!!!!!!!!!!!!!!!!!!!!!!!!!!!!!!!!!!!!!!!!!!!!!!!!!!
20220312 043121.843 INFO             PET2 Running with ESMF Version   : v8.3.0b09-96-g559b459
20220312 043121.843 INFO             PET2 ESMF library build date/time: "Mar 12 2022" "04:10:25"
20220312 043121.843 INFO             PET2 ESMF library build location : /work/noaa/da/mpotts/sandbox/gfortran_8.3.0_openmpi_O_jedwards_pio_update2
20220312 043121.843 INFO             PET2 ESMF_COMM                   : openmpi
20220312 043121.843 INFO             PET2 ESMF_MOAB                   : enabled
20220312 043121.843 INFO             PET2 ESMF_LAPACK                 : enabled
20220312 043121.843 INFO             PET2 ESMF_NETCDF                 : enabled
20220312 043121.843 INFO             PET2 ESMF_PNETCDF                : disabled
20220312 043121.843 INFO             PET2 ESMF_PIO                    : enabled
20220312 043121.843 INFO             PET2 ESMF_YAMLCPP                : enabled
20220312 043122.148 INFO             PET2  Beginning Test, file ESMF_FieldSMMFromFileUTest.F90, line 287
20220312 043122.148 INFO             PET2  NUMBER_OF_PROCESSORS           4
20220312 043122.261 INFO             PET2  PASS  ESMF_FieldSMMFromFile Unit Test, ESMF_FieldSMMFromFileUTest.F90, line 300
20220312 043122.558 INFO             PET2 PIOc_sync Enter - MemInfo: [/proc/meminfo - SSI]	MemTotal:       196434604 kB
20220312 043122.558 INFO             PET2 PIOc_sync Enter - MemInfo: [/proc/meminfo - SSI]	MemFree:        189472960 kB
20220312 043122.558 INFO             PET2 PIOc_sync Enter - MemInfo: [/proc/meminfo - SSI]	MemAvailable:   191896848 kB
20220312 043122.558 INFO             PET2 PIOc_sync Enter - MemInfo: [/proc/meminfo - SSI]	Committed_AS:     748772 kB
20220312 043122.558 INFO             PET2 PIOc_sync Enter - MemInfo: [/proc/meminfo - SSI]	CommittedPercent: 0.381181 %
20220312 043122.558 INFO             PET2 PIOc_sync Enter - MemInfo: [/proc/self/status]	VmPeak:	  664992 kB
20220312 043122.558 INFO             PET2 PIOc_sync Enter - MemInfo: [/proc/self/status]	VmSize:	  664988 kB
20220312 043122.558 INFO             PET2 PIOc_sync Enter - MemInfo: [/proc/self/status]	VmLck:	       0 kB
20220312 043122.558 INFO             PET2 PIOc_sync Enter - MemInfo: [/proc/self/status]	VmPin:	       0 kB
20220312 043122.558 INFO             PET2 PIOc_sync Enter - MemInfo: [/proc/self/status]	VmHWM:	   64080 kB
20220312 043122.558 INFO             PET2 PIOc_sync Enter - MemInfo: [/proc/self/status]	VmRSS:	   39080 kB
20220312 043122.558 INFO             PET2 PIOc_sync Enter - MemInfo: [/proc/self/status]	VmData:	  205884 kB
20220312 043122.558 INFO             PET2 PIOc_sync Enter - MemInfo: [/proc/self/status]	VmStk:	     144 kB
20220312 043122.558 INFO             PET2 PIOc_sync Enter - MemInfo: [/proc/self/status]	VmExe:	     204 kB
20220312 043122.558 INFO             PET2 PIOc_sync Enter - MemInfo: [/proc/self/status]	VmLib:	   59892 kB
20220312 043122.558 INFO             PET2 PIOc_sync Enter - MemInfo: [/proc/self/status]	VmPTE:	     956 kB
20220312 043122.558 INFO             PET2 PIOc_sync Enter - MemInfo: [/proc/self/status]	VmSwap:	       0 kB
20220312 043122.558 INFO             PET2 PIOc_sync Enter - MemInfo: [/proc/self/status]	VmRSSPercent: 0.0198947 %
20220312 043122.558 INFO             PET2 PIOc_sync Enter - MemInfo: [malloc] Non-mmapped space allocated:                22929408 Byte
20220312 043122.558 INFO             PET2 PIOc_sync Enter - MemInfo: [malloc] Space allocated in mmapped regions:          1581056 Byte
20220312 043122.558 INFO             PET2 PIOc_sync Enter - MemInfo: [malloc] Maximum total allocated space:                     0 Byte
20220312 043122.558 INFO             PET2 PIOc_sync Enter - MemInfo: [malloc] Space in freed fastbin blocks:                   944 Byte
20220312 043122.558 INFO             PET2 PIOc_sync Enter - MemInfo: [malloc] Total allocated space:                      12280368 Byte
20220312 043122.558 INFO             PET2 PIOc_sync Enter - MemInfo: [malloc] Total free space:                           10649040 Byte
20220312 043122.558 INFO             PET2 PIOc_sync Enter - MemInfo: [malloc] Top-most, releasable space:                  8521584 Byte
20220312 043122.558 INFO             PET2 PIOc_sync Enter - MemInfo: [malloc] Total space in use, mmap + non-mmap:        13861424 Byte
20220312 043122.558 INFO             PET2 PIOc_sync Enter - MemInfo: [malloc] Total space held (mmap + non-mmap):         24510464 Byte
20220312 043122.559 INFO             PET2 PIOc_sync Enter - MemInfo: [malloc] Total space used (mmap + non-mmap):         13870768 Byte
20220312 043122.559 INFO             PET2 PIOc_sync Enter - MemInfo: Wall-clock time since execution start:               0.718815 seconds
20220312 043122.559 INFO             PET2 PIOc_sync Exit - MemInfo: [/proc/meminfo - SSI]	MemTotal:       196434604 kB
20220312 043122.559 INFO             PET2 PIOc_sync Exit - MemInfo: [/proc/meminfo - SSI]	MemFree:        189472960 kB
20220312 043122.559 INFO             PET2 PIOc_sync Exit - MemInfo: [/proc/meminfo - SSI]	MemAvailable:   191896848 kB
20220312 043122.559 INFO             PET2 PIOc_sync Exit - MemInfo: [/proc/meminfo - SSI]	Committed_AS:     748772 kB
20220312 043122.559 INFO             PET2 PIOc_sync Exit - MemInfo: [/proc/meminfo - SSI]	CommittedPercent: 0.381181 %
20220312 043122.559 INFO             PET2 PIOc_sync Exit - MemInfo: [/proc/self/status]	VmPeak:	  664992 kB
20220312 043122.559 INFO             PET2 PIOc_sync Exit - MemInfo: [/proc/self/status]	VmSize:	  664988 kB
20220312 043122.559 INFO             PET2 PIOc_sync Exit - MemInfo: [/proc/self/status]	VmLck:	       0 kB
20220312 043122.559 INFO             PET2 PIOc_sync Exit - MemInfo: [/proc/self/status]	VmPin:	       0 kB
20220312 043122.559 INFO             PET2 PIOc_sync Exit - MemInfo: [/proc/self/status]	VmHWM:	   64080 kB
20220312 043122.559 INFO             PET2 PIOc_sync Exit - MemInfo: [/proc/self/status]	VmRSS:	   39140 kB
20220312 043122.559 INFO             PET2 PIOc_sync Exit - MemInfo: [/proc/self/status]	VmData:	  205884 kB
20220312 043122.559 INFO             PET2 PIOc_sync Exit - MemInfo: [/proc/self/status]	VmStk:	     144 kB
20220312 043122.559 INFO             PET2 PIOc_sync Exit - MemInfo: [/proc/self/status]	VmExe:	     204 kB
20220312 043122.559 INFO             PET2 PIOc_sync Exit - MemInfo: [/proc/self/status]	VmLib:	   59892 kB
20220312 043122.559 INFO             PET2 PIOc_sync Exit - MemInfo: [/proc/self/status]	VmPTE:	     956 kB
20220312 043122.559 INFO             PET2 PIOc_sync Exit - MemInfo: [/proc/self/status]	VmSwap:	       0 kB
20220312 043122.559 INFO             PET2 PIOc_sync Exit - MemInfo: [/proc/self/status]	VmRSSPercent: 0.0199252 %
20220312 043122.559 INFO             PET2 PIOc_sync Exit - MemInfo: [malloc] Non-mmapped space allocated:                22929408 Byte
20220312 043122.559 INFO             PET2 PIOc_sync Exit - MemInfo: [malloc] Space allocated in mmapped regions:          1581056 Byte
20220312 043122.559 INFO             PET2 PIOc_sync Exit - MemInfo: [malloc] Maximum total allocated space:                     0 Byte
20220312 043122.559 INFO             PET2 PIOc_sync Exit - MemInfo: [malloc] Space in freed fastbin blocks:                  1296 Byte
20220312 043122.559 INFO             PET2 PIOc_sync Exit - MemInfo: [malloc] Total allocated space:                      12279792 Byte
20220312 043122.559 INFO             PET2 PIOc_sync Exit - MemInfo: [malloc] Total free space:                           10649616 Byte
20220312 043122.559 INFO             PET2 PIOc_sync Exit - MemInfo: [malloc] Top-most, releasable space:                  8521584 Byte
20220312 043122.559 INFO             PET2 PIOc_sync Exit - MemInfo: [malloc] Total space in use, mmap + non-mmap:        13860848 Byte
20220312 043122.559 INFO             PET2 PIOc_sync Exit - MemInfo: [malloc] Total space held (mmap + non-mmap):         24510464 Byte
20220312 043122.560 INFO             PET2 PIOc_sync Exit - MemInfo: [malloc] Total space used (mmap + non-mmap):         13870192 Byte
20220312 043122.560 INFO             PET2 PIOc_sync Exit - MemInfo: Wall-clock time since execution start:               0.719814 seconds
20220312 043122.560 INFO             PET2 PIOc_freedecomp Enter - MemInfo: [/proc/meminfo - SSI]	MemTotal:       196434604 kB
20220312 043122.560 INFO             PET2 PIOc_freedecomp Enter - MemInfo: [/proc/meminfo - SSI]	MemFree:        189472960 kB
20220312 043122.560 INFO             PET2 PIOc_freedecomp Enter - MemInfo: [/proc/meminfo - SSI]	MemAvailable:   191896848 kB
20220312 043122.560 INFO             PET2 PIOc_freedecomp Enter - MemInfo: [/proc/meminfo - SSI]	Committed_AS:     748772 kB
20220312 043122.560 INFO             PET2 PIOc_freedecomp Enter - MemInfo: [/proc/meminfo - SSI]	CommittedPercent: 0.381181 %
20220312 043122.560 INFO             PET2 PIOc_freedecomp Enter - MemInfo: [/proc/self/status]	VmPeak:	  664992 kB
20220312 043122.560 INFO             PET2 PIOc_freedecomp Enter - MemInfo: [/proc/self/status]	VmSize:	  664988 kB
20220312 043122.560 INFO             PET2 PIOc_freedecomp Enter - MemInfo: [/proc/self/status]	VmLck:	       0 kB
