build time -- 2022-03-12 04:11:32
20220312 043132.529 INFO             PET0 !!!!!!!!!!!!!!!!!!!!!!!!!!!!!!!!!!!!!!!!!!!!!!!!!!!!!!
20220312 043132.529 INFO             PET0 !!! THE ESMF_LOG IS SET TO OUTPUT ALL LOG MESSAGES !!!
20220312 043132.529 INFO             PET0 !!!     THIS MAY CAUSE SLOWDOWN IN PERFORMANCE     !!!
20220312 043132.529 INFO             PET0 !!! FOR PRODUCTION RUNS, USE:                      !!!
20220312 043132.529 INFO             PET0 !!!                   ESMF_LOGKIND_Multi_On_Error  !!!
20220312 043132.529 INFO             PET0 !!!!!!!!!!!!!!!!!!!!!!!!!!!!!!!!!!!!!!!!!!!!!!!!!!!!!!
20220312 043132.529 INFO             PET0 Running with ESMF Version   : v8.3.0b09-96-g559b459
20220312 043132.529 INFO             PET0 ESMF library build date/time: "Mar 12 2022" "04:10:25"
20220312 043132.529 INFO             PET0 ESMF library build location : /work/noaa/da/mpotts/sandbox/gfortran_8.3.0_openmpi_O_jedwards_pio_update2
20220312 043132.529 INFO             PET0 ESMF_COMM                   : openmpi
20220312 043132.529 INFO             PET0 ESMF_MOAB                   : enabled
20220312 043132.529 INFO             PET0 ESMF_LAPACK                 : enabled
20220312 043132.529 INFO             PET0 ESMF_NETCDF                 : enabled
20220312 043132.529 INFO             PET0 ESMF_PNETCDF                : disabled
20220312 043132.529 INFO             PET0 ESMF_PIO                    : enabled
20220312 043132.529 INFO             PET0 ESMF_YAMLCPP                : enabled
20220312 043132.530 INFO             PET0  Beginning Test, file ESMF_FieldBundleIOUTest.F90, line 71
20220312 043132.530 INFO             PET0  NUMBER_OF_PROCESSORS           4
20220312 043132.531 INFO             PET0  PASS  Creating a Grid to use in Field Tests, ESMF_FieldBundleIOUTest.F90, line 92
20220312 043132.531 INFO             PET0  PASS  Create dimensions attribute package on shared Grid Test, ESMF_FieldBundleIOUTest.F90, line 102
20220312 043132.531 INFO             PET0  PASS  Set dimensions attribute package on Grid Test, ESMF_FieldBundleIOUTest.F90, line 113
20220312 043132.531 INFO             PET0  PASS  Creating a 2 DE/PET Grid to use in Field Tests, ESMF_FieldBundleIOUTest.F90, line 123
20220312 043132.531 INFO             PET0  PASS  Create dimensions attribute package on 2 DE/PET Grid Test, ESMF_FieldBundleIOUTest.F90, line 133
20220312 043132.531 INFO             PET0  PASS  Set dimensions attribute package on Grid Test, ESMF_FieldBundleIOUTest.F90, line 144
20220312 043132.532 INFO             PET0  PASS  Create a field from grid and fortran dummy array, ESMF_FieldBundleIOUTest.F90, line 182
20220312 043132.532 INFO             PET0  PASS  Create attribute package on Field(1) Test, ESMF_FieldBundleIOUTest.F90, line 195
20220312 043132.532 INFO             PET0  PASS  Set attribute values on Field(1) Test, ESMF_FieldBundleIOUTest.F90, line 208
20220312 043132.532 INFO             PET0  PASS  Create a field from grid and fortran dummy array, ESMF_FieldBundleIOUTest.F90, line 218
20220312 043132.532 INFO             PET0  PASS  Create attribute package on Field(2) Test, ESMF_FieldBundleIOUTest.F90, line 230
20220312 043132.532 INFO             PET0  PASS  Set attribute values on Field(2) Test, ESMF_FieldBundleIOUTest.F90, line 243
20220312 043132.532 INFO             PET0  PASS  Array Spec Set, ESMF_FieldBundleIOUTest.F90, line 253
20220312 043132.532 INFO             PET0  PASS  Create a field from 2 DE/PET grid, ESMF_FieldBundleIOUTest.F90, line 263
20220312 043132.532 INFO             PET0  PASS  Create attribute package on Field(3) Test, ESMF_FieldBundleIOUTest.F90, line 275
20220312 043132.532 INFO             PET0  PASS  Set attribute values on Field(3) Test, ESMF_FieldBundleIOUTest.F90, line 288
20220312 043132.532 INFO             PET0  PASS  Get and fill Farray_w from field DE 0, ESMF_FieldBundleIOUTest.F90, line 298
20220312 043132.532 INFO             PET0  PASS  Get and fill Farray_w from field DE 1, ESMF_FieldBundleIOUTest.F90, line 308
20220312 043132.532 INFO             PET0  PASS  Create a bundle from 3 fields, ESMF_FieldBundleIOUTest.F90, line 317
20220312 043132.533 INFO             PET0  PASS  Create attribute package on FieldBundle single Test, ESMF_FieldBundleIOUTest.F90, line 329
20220312 043132.533 INFO             PET0  PASS  Set attribute values on FieldBundle single Test, ESMF_FieldBundleIOUTest.F90, line 342
20220312 043132.541 INFO             PET0 PIOc_sync Enter - MemInfo: [/proc/meminfo - SSI]	MemTotal:       196434604 kB
20220312 043132.541 INFO             PET0 PIOc_sync Enter - MemInfo: [/proc/meminfo - SSI]	MemFree:        189543076 kB
20220312 043132.541 INFO             PET0 PIOc_sync Enter - MemInfo: [/proc/meminfo - SSI]	MemAvailable:   191967988 kB
20220312 043132.541 INFO             PET0 PIOc_sync Enter - MemInfo: [/proc/meminfo - SSI]	Committed_AS:     656352 kB
20220312 043132.541 INFO             PET0 PIOc_sync Enter - MemInfo: [/proc/meminfo - SSI]	CommittedPercent: 0.334133 %
20220312 043132.541 INFO             PET0 PIOc_sync Enter - MemInfo: [/proc/self/status]	VmPeak:	  655216 kB
20220312 043132.541 INFO             PET0 PIOc_sync Enter - MemInfo: [/proc/self/status]	VmSize:	  655216 kB
20220312 043132.541 INFO             PET0 PIOc_sync Enter - MemInfo: [/proc/self/status]	VmLck:	       0 kB
20220312 043132.541 INFO             PET0 PIOc_sync Enter - MemInfo: [/proc/self/status]	VmPin:	       0 kB
20220312 043132.541 INFO             PET0 PIOc_sync Enter - MemInfo: [/proc/self/status]	VmHWM:	   64072 kB
20220312 043132.541 INFO             PET0 PIOc_sync Enter - MemInfo: [/proc/self/status]	VmRSS:	   31408 kB
20220312 043132.541 INFO             PET0 PIOc_sync Enter - MemInfo: [/proc/self/status]	VmData:	  196084 kB
20220312 043132.541 INFO             PET0 PIOc_sync Enter - MemInfo: [/proc/self/status]	VmStk:	     144 kB
20220312 043132.541 INFO             PET0 PIOc_sync Enter - MemInfo: [/proc/self/status]	VmExe:	     232 kB
20220312 043132.541 INFO             PET0 PIOc_sync Enter - MemInfo: [/proc/self/status]	VmLib:	   59892 kB
20220312 043132.541 INFO             PET0 PIOc_sync Enter - MemInfo: [/proc/self/status]	VmPTE:	     920 kB
20220312 043132.541 INFO             PET0 PIOc_sync Enter - MemInfo: [/proc/self/status]	VmSwap:	       0 kB
20220312 043132.542 INFO             PET0 PIOc_sync Enter - MemInfo: [/proc/self/status]	VmRSSPercent: 0.015989 %
20220312 043132.542 INFO             PET0 PIOc_sync Enter - MemInfo: [malloc] Non-mmapped space allocated:                 3973120 Byte
20220312 043132.542 INFO             PET0 PIOc_sync Enter - MemInfo: [malloc] Space allocated in mmapped regions:         10502144 Byte
20220312 043132.542 INFO             PET0 PIOc_sync Enter - MemInfo: [malloc] Maximum total allocated space:                     0 Byte
20220312 043132.542 INFO             PET0 PIOc_sync Enter - MemInfo: [malloc] Space in freed fastbin blocks:                  3008 Byte
20220312 043132.542 INFO             PET0 PIOc_sync Enter - MemInfo: [malloc] Total allocated space:                       3308624 Byte
20220312 043132.542 INFO             PET0 PIOc_sync Enter - MemInfo: [malloc] Total free space:                             664496 Byte
20220312 043132.542 INFO             PET0 PIOc_sync Enter - MemInfo: [malloc] Top-most, releasable space:                   452432 Byte
20220312 043132.542 INFO             PET0 PIOc_sync Enter - MemInfo: [malloc] Total space in use, mmap + non-mmap:        13810768 Byte
20220312 043132.542 INFO             PET0 PIOc_sync Enter - MemInfo: [malloc] Total space held (mmap + non-mmap):         14475264 Byte
20220312 043132.542 INFO             PET0 PIOc_sync Enter - MemInfo: [malloc] Total space used (mmap + non-mmap):         13820112 Byte
20220312 043132.542 INFO             PET0 PIOc_sync Enter - MemInfo: Wall-clock time since execution start:              0.0161473 seconds
20220312 043132.542 INFO             PET0 PIOc_sync Exit - MemInfo: [/proc/meminfo - SSI]	MemTotal:       196434604 kB
20220312 043132.542 INFO             PET0 PIOc_sync Exit - MemInfo: [/proc/meminfo - SSI]	MemFree:        189542456 kB
20220312 043132.542 INFO             PET0 PIOc_sync Exit - MemInfo: [/proc/meminfo - SSI]	MemAvailable:   191967368 kB
20220312 043132.542 INFO             PET0 PIOc_sync Exit - MemInfo: [/proc/meminfo - SSI]	Committed_AS:     656352 kB
20220312 043132.542 INFO             PET0 PIOc_sync Exit - MemInfo: [/proc/meminfo - SSI]	CommittedPercent: 0.334133 %
20220312 043132.543 INFO             PET0 PIOc_sync Exit - MemInfo: [/proc/self/status]	VmPeak:	  655216 kB
20220312 043132.543 INFO             PET0 PIOc_sync Exit - MemInfo: [/proc/self/status]	VmSize:	  655216 kB
20220312 043132.543 INFO             PET0 PIOc_sync Exit - MemInfo: [/proc/self/status]	VmLck:	       0 kB
20220312 043132.543 INFO             PET0 PIOc_sync Exit - MemInfo: [/proc/self/status]	VmPin:	       0 kB
20220312 043132.543 INFO             PET0 PIOc_sync Exit - MemInfo: [/proc/self/status]	VmHWM:	   64072 kB
20220312 043132.543 INFO             PET0 PIOc_sync Exit - MemInfo: [/proc/self/status]	VmRSS:	   31588 kB
20220312 043132.543 INFO             PET0 PIOc_sync Exit - MemInfo: [/proc/self/status]	VmData:	  196084 kB
20220312 043132.543 INFO             PET0 PIOc_sync Exit - MemInfo: [/proc/self/status]	VmStk:	     144 kB
20220312 043132.543 INFO             PET0 PIOc_sync Exit - MemInfo: [/proc/self/status]	VmExe:	     232 kB
20220312 043132.543 INFO             PET0 PIOc_sync Exit - MemInfo: [/proc/self/status]	VmLib:	   59892 kB
20220312 043132.543 INFO             PET0 PIOc_sync Exit - MemInfo: [/proc/self/status]	VmPTE:	     920 kB
20220312 043132.543 INFO             PET0 PIOc_sync Exit - MemInfo: [/proc/self/status]	VmSwap:	       0 kB
20220312 043132.543 INFO             PET0 PIOc_sync Exit - MemInfo: [/proc/self/status]	VmRSSPercent: 0.0160807 %
20220312 043132.543 INFO             PET0 PIOc_sync Exit - MemInfo: [malloc] Non-mmapped space allocated:                 3973120 Byte
20220312 043132.543 INFO             PET0 PIOc_sync Exit - MemInfo: [malloc] Space allocated in mmapped regions:         10502144 Byte
20220312 043132.543 INFO             PET0 PIOc_sync Exit - MemInfo: [malloc] Maximum total allocated space:                     0 Byte
20220312 043132.543 INFO             PET0 PIOc_sync Exit - MemInfo: [malloc] Space in freed fastbin blocks:                  1600 Byte
20220312 043132.543 INFO             PET0 PIOc_sync Exit - MemInfo: [malloc] Total allocated space:                       3352944 Byte
20220312 043132.543 INFO             PET0 PIOc_sync Exit - MemInfo: [malloc] Total free space:                             620176 Byte
20220312 043132.543 INFO             PET0 PIOc_sync Exit - MemInfo: [malloc] Top-most, releasable space:                   415264 Byte
20220312 043132.543 INFO             PET0 PIOc_sync Exit - MemInfo: [malloc] Total space in use, mmap + non-mmap:        13855088 Byte
20220312 043132.543 INFO             PET0 PIOc_sync Exit - MemInfo: [malloc] Total space held (mmap + non-mmap):         14475264 Byte
20220312 043132.543 INFO             PET0 PIOc_sync Exit - MemInfo: [malloc] Total space used (mmap + non-mmap):         13864448 Byte
20220312 043132.543 INFO             PET0 PIOc_sync Exit - MemInfo: Wall-clock time since execution start:                0.01723 seconds
20220312 043132.543 INFO             PET0 PIOc_freedecomp Enter - MemInfo: [/proc/meminfo - SSI]	MemTotal:       196434604 kB
20220312 043132.543 INFO             PET0 PIOc_freedecomp Enter - MemInfo: [/proc/meminfo - SSI]	MemFree:        189549724 kB
20220312 043132.543 INFO             PET0 PIOc_freedecomp Enter - MemInfo: [/proc/meminfo - SSI]	MemAvailable:   191974636 kB
20220312 043132.543 INFO             PET0 PIOc_freedecomp Enter - MemInfo: [/proc/meminfo - SSI]	Committed_AS:     648468 kB
20220312 043132.543 INFO             PET0 PIOc_freedecomp Enter - MemInfo: [/proc/meminfo - SSI]	CommittedPercent: 0.330119 %
20220312 043132.544 INFO             PET0 PIOc_freedecomp Enter - MemInfo: [/proc/self/status]	VmPeak:	  655216 kB
20220312 043132.544 INFO             PET0 PIOc_freedecomp Enter - MemInfo: [/proc/self/status]	VmSize:	  646504 kB
20220312 043132.544 INFO             PET0 PIOc_freedecomp Enter - MemInfo: [/proc/self/status]	VmLck:	       0 kB
20220312 043132.544 INFO             PET0 PIOc_freedecomp Enter - MemInfo: [/proc/self/status]	VmPin:	       0 kB
20220312 043132.544 INFO             PET0 PIOc_freedecomp Enter - MemInfo: [/proc/self/status]	VmHWM:	   64072 kB
20220312 043132.544 INFO             PET0 PIOc_freedecomp Enter - MemInfo: [/proc/self/status]	VmRSS:	   23388 kB
20220312 043132.544 INFO             PET0 PIOc_freedecomp Enter - MemInfo: [/proc/self/status]	VmData:	  187372 kB
20220312 043132.544 INFO             PET0 PIOc_freedecomp Enter - MemInfo: [/proc/self/status]	VmStk:	     144 kB
20220312 043132.544 INFO             PET0 PIOc_freedecomp Enter - MemInfo: [/proc/self/status]	VmExe:	     232 kB
20220312 043132.544 INFO             PET0 PIOc_freedecomp Enter - MemInfo: [/proc/self/status]	VmLib:	   59892 kB
20220312 043132.544 INFO             PET0 PIOc_freedecomp Enter - MemInfo: [/proc/self/status]	VmPTE:	     904 kB
20220312 043132.544 INFO             PET0 PIOc_freedecomp Enter - MemInfo: [/proc/self/status]	VmSwap:	       0 kB
20220312 043132.544 INFO             PET0 PIOc_freedecomp Enter - MemInfo: [/proc/self/status]	VmRSSPercent: 0.0119063 %
20220312 043132.544 INFO             PET0 PIOc_freedecomp Enter - MemInfo: [malloc] Non-mmapped space allocated:                 3973120 Byte
20220312 043132.544 INFO             PET0 PIOc_freedecomp Enter - MemInfo: [malloc] Space allocated in mmapped regions:          1581056 Byte
20220312 043132.544 INFO             PET0 PIOc_freedecomp Enter - MemInfo: [malloc] Maximum total allocated space:                     0 Byte
20220312 043132.544 INFO             PET0 PIOc_freedecomp Enter - MemInfo: [malloc] Space in freed fastbin blocks:                  4592 Byte
20220312 043132.544 INFO             PET0 PIOc_freedecomp Enter - MemInfo: [malloc] Total allocated space:                       3337552 Byte
20220312 043132.544 INFO             PET0 PIOc_freedecomp Enter - MemInfo: [malloc] Total free space:                             635568 Byte
20220312 043132.544 INFO             PET0 PIOc_freedecomp Enter - MemInfo: [malloc] Top-most, releasable space:                   415264 Byte
20220312 043132.544 INFO             PET0 PIOc_freedecomp Enter - MemInfo: [malloc] Total space in use, mmap + non-mmap:         4918608 Byte
20220312 043132.544 INFO             PET0 PIOc_freedecomp Enter - MemInfo: [malloc] Total space held (mmap + non-mmap):          5554176 Byte
20220312 043132.544 INFO             PET0 PIOc_freedecomp Enter - MemInfo: [malloc] Total space used (mmap + non-mmap):          4927968 Byte
20220312 043132.544 INFO             PET0 PIOc_freedecomp Enter - MemInfo: Wall-clock time since execution start:              0.0182397 seconds
20220312 043132.544 INFO             PET0 PIOc_freedecomp Exit - MemInfo: [/proc/meminfo - SSI]	MemTotal:       196434604 kB
20220312 043132.544 INFO             PET0 PIOc_freedecomp Exit - MemInfo: [/proc/meminfo - SSI]	MemFree:        189549724 kB
20220312 043132.544 INFO             PET0 PIOc_freedecomp Exit - MemInfo: [/proc/meminfo - SSI]	MemAvailable:   191974636 kB
20220312 043132.544 INFO             PET0 PIOc_freedecomp Exit - MemInfo: [/proc/meminfo - SSI]	Committed_AS:     648468 kB
20220312 043132.544 INFO             PET0 PIOc_freedecomp Exit - MemInfo: [/proc/meminfo - SSI]	CommittedPercent: 0.330119 %
20220312 043132.544 INFO             PET0 PIOc_freedecomp Exit - MemInfo: [/proc/self/status]	VmPeak:	  655216 kB
20220312 043132.544 INFO             PET0 PIOc_freedecomp Exit - MemInfo: [/proc/self/status]	VmSize:	  646504 kB
20220312 043132.544 INFO             PET0 PIOc_freedecomp Exit - MemInfo: [/proc/self/status]	VmLck:	       0 kB
20220312 043132.544 INFO             PET0 PIOc_freedecomp Exit - MemInfo: [/proc/self/status]	VmPin:	       0 kB
20220312 043132.544 INFO             PET0 PIOc_freedecomp Exit - MemInfo: [/proc/self/status]	VmHWM:	   64072 kB
20220312 043132.544 INFO             PET0 PIOc_freedecomp Exit - MemInfo: [/proc/self/status]	VmRSS:	   23388 kB
20220312 043132.544 INFO             PET0 PIOc_freedecomp Exit - MemInfo: [/proc/self/status]	VmData:	  187372 kB
20220312 043132.544 INFO             PET0 PIOc_freedecomp Exit - MemInfo: [/proc/self/status]	VmStk:	     144 kB
20220312 043132.544 INFO             PET0 PIOc_freedecomp Exit - MemInfo: [/proc/self/status]	VmExe:	     232 kB
20220312 043132.544 INFO             PET0 PIOc_freedecomp Exit - MemInfo: [/proc/self/status]	VmLib:	   59892 kB
20220312 043132.544 INFO             PET0 PIOc_freedecomp Exit - MemInfo: [/proc/self/status]	VmPTE:	     904 kB
20220312 043132.544 INFO             PET0 PIOc_freedecomp Exit - MemInfo: [/proc/self/status]	VmSwap:	       0 kB
20220312 043132.544 INFO             PET0 PIOc_freedecomp Exit - MemInfo: [/proc/self/status]	VmRSSPercent: 0.0119063 %
20220312 043132.544 INFO             PET0 PIOc_freedecomp Exit - MemInfo: [malloc] Non-mmapped space allocated:                 3973120 Byte
20220312 043132.544 INFO             PET0 PIOc_freedecomp Exit - MemInfo: [malloc] Space allocated in mmapped regions:          1581056 Byte
20220312 043132.544 INFO             PET0 PIOc_freedecomp Exit - MemInfo: [malloc] Maximum total allocated space:                     0 Byte
20220312 043132.544 INFO             PET0 PIOc_freedecomp Exit - MemInfo: [malloc] Space in freed fastbin blocks:                  1696 Byte
20220312 043132.544 INFO             PET0 PIOc_freedecomp Exit - MemInfo: [malloc] Total allocated space:                       3325216 Byte
20220312 043132.544 INFO             PET0 PIOc_freedecomp Exit - MemInfo: [malloc] Total free space:                             647904 Byte
20220312 043132.544 INFO             PET0 PIOc_freedecomp Exit - MemInfo: [malloc] Top-most, releasable space:                   422992 Byte
20220312 043132.544 INFO             PET0 PIOc_freedecomp Exit - MemInfo: [malloc] Total space in use, mmap + non-mmap:         4906272 Byte
20220312 043132.544 INFO             PET0 PIOc_freedecomp Exit - MemInfo: [malloc] Total space held (mmap + non-mmap):          5554176 Byte
20220312 043132.544 INFO             PET0 PIOc_freedecomp Exit - MemInfo: [malloc] Total space used (mmap + non-mmap):          4915632 Byte
20220312 043132.544 INFO             PET0 PIOc_freedecomp Exit - MemInfo: Wall-clock time since execution start:              0.0186322 seconds
20220312 043132.544 INFO             PET0 PIOc_freedecomp Enter - MemInfo: [/proc/meminfo - SSI]	MemTotal:       196434604 kB
20220312 043132.544 INFO             PET0 PIOc_freedecomp Enter - MemInfo: [/proc/meminfo - SSI]	MemFree:        189549724 kB
20220312 043132.544 INFO             PET0 PIOc_freedecomp Enter - MemInfo: [/proc/meminfo - SSI]	MemAvailable:   191974636 kB
20220312 043132.544 INFO             PET0 PIOc_freedecomp Enter - MemInfo: [/proc/meminfo - SSI]	Committed_AS:     648468 kB
20220312 043132.544 INFO             PET0 PIOc_freedecomp Enter - MemInfo: [/proc/meminfo - SSI]	CommittedPercent: 0.330119 %
20220312 043132.544 INFO             PET0 PIOc_freedecomp Enter - MemInfo: [/proc/self/status]	VmPeak:	  655216 kB
20220312 043132.544 INFO             PET0 PIOc_freedecomp Enter - MemInfo: [/proc/self/status]	VmSize:	  646504 kB
20220312 043132.544 INFO             PET0 PIOc_freedecomp Enter - MemInfo: [/proc/self/status]	VmLck:	       0 kB
20220312 043132.544 INFO             PET0 PIOc_freedecomp Enter - MemInfo: [/proc/self/status]	VmPin:	       0 kB
20220312 043132.544 INFO             PET0 PIOc_freedecomp Enter - MemInfo: [/proc/self/status]	VmHWM:	   64072 kB
20220312 043132.544 INFO             PET0 PIOc_freedecomp Enter - MemInfo: [/proc/self/status]	VmRSS:	   23388 kB
20220312 043132.544 INFO             PET0 PIOc_freedecomp Enter - MemInfo: [/proc/self/status]	VmData:	  187372 kB
20220312 043132.544 INFO             PET0 PIOc_freedecomp Enter - MemInfo: [/proc/self/status]	VmStk:	     144 kB
20220312 043132.544 INFO             PET0 PIOc_freedecomp Enter - MemInfo: [/proc/self/status]	VmExe:	     232 kB
20220312 043132.544 INFO             PET0 PIOc_freedecomp Enter - MemInfo: [/proc/self/status]	VmLib:	   59892 kB
20220312 043132.544 INFO             PET0 PIOc_freedecomp Enter - MemInfo: [/proc/self/status]	VmPTE:	     904 kB
20220312 043132.544 INFO             PET0 PIOc_freedecomp Enter - MemInfo: [/proc/self/status]	VmSwap:	       0 kB
20220312 043132.544 INFO             PET0 PIOc_freedecomp Enter - MemInfo: [/proc/self/status]	VmRSSPercent: 0.0119063 %
20220312 043132.544 INFO             PET0 PIOc_freedecomp Enter - MemInfo: [malloc] Non-mmapped space allocated:                 3973120 Byte
20220312 043132.544 INFO             PET0 PIOc_freedecomp Enter - MemInfo: [malloc] Space allocated in mmapped regions:          1581056 Byte
20220312 043132.544 INFO             PET0 PIOc_freedecomp Enter - MemInfo: [malloc] Maximum total allocated space:                     0 Byte
20220312 043132.544 INFO             PET0 PIOc_freedecomp Enter - MemInfo: [malloc] Space in freed fastbin blocks:                  2304 Byte
20220312 043132.544 INFO             PET0 PIOc_freedecomp Enter - MemInfo: [malloc] Total allocated space:                       3325088 Byte
20220312 043132.544 INFO             PET0 PIOc_freedecomp Enter - MemInfo: [malloc] Total free space:                             648032 Byte
20220312 043132.544 INFO             PET0 PIOc_freedecomp Enter - MemInfo: [malloc] Top-most, releasable space:                   423984 Byte
20220312 043132.544 INFO             PET0 PIOc_freedecomp Enter - MemInfo: [malloc] Total space in use, mmap + non-mmap:         4906144 Byte
20220312 043132.544 INFO             PET0 PIOc_freedecomp Enter - MemInfo: [malloc] Total space held (mmap + non-mmap):          5554176 Byte
20220312 043132.544 INFO             PET0 PIOc_freedecomp Enter - MemInfo: [malloc] Total space used (mmap + non-mmap):          4915504 Byte
20220312 043132.544 INFO             PET0 PIOc_freedecomp Enter - MemInfo: Wall-clock time since execution start:              0.0190036 seconds
20220312 043132.545 INFO             PET0 PIOc_freedecomp Exit - MemInfo: [/proc/meminfo - SSI]	MemTotal:       196434604 kB
20220312 043132.545 INFO             PET0 PIOc_freedecomp Exit - MemInfo: [/proc/meminfo - SSI]	MemFree:        189549724 kB
20220312 043132.545 INFO             PET0 PIOc_freedecomp Exit - MemInfo: [/proc/meminfo - SSI]	MemAvailable:   191974636 kB
20220312 043132.545 INFO             PET0 PIOc_freedecomp Exit - MemInfo: [/proc/meminfo - SSI]	Committed_AS:     648468 kB
20220312 043132.545 INFO             PET0 PIOc_freedecomp Exit - MemInfo: [/proc/meminfo - SSI]	CommittedPercent: 0.330119 %
20220312 043132.545 INFO             PET0 PIOc_freedecomp Exit - MemInfo: [/proc/self/status]	VmPeak:	  655216 kB
20220312 043132.545 INFO             PET0 PIOc_freedecomp Exit - MemInfo: [/proc/self/status]	VmSize:	  646504 kB
20220312 043132.545 INFO             PET0 PIOc_freedecomp Exit - MemInfo: [/proc/self/status]	VmLck:	       0 kB
20220312 043132.545 INFO             PET0 PIOc_freedecomp Exit - MemInfo: [/proc/self/status]	VmPin:	       0 kB
20220312 043132.545 INFO             PET0 PIOc_freedecomp Exit - MemInfo: [/proc/self/status]	VmHWM:	   64072 kB
20220312 043132.545 INFO             PET0 PIOc_freedecomp Exit - MemInfo: [/proc/self/status]	VmRSS:	   23388 kB
20220312 043132.545 INFO             PET0 PIOc_freedecomp Exit - MemInfo: [/proc/self/status]	VmData:	  187372 kB
20220312 043132.545 INFO             PET0 PIOc_freedecomp Exit - MemInfo: [/proc/self/status]	VmStk:	     144 kB
20220312 043132.545 INFO             PET0 PIOc_freedecomp Exit - MemInfo: [/proc/self/status]	VmExe:	     232 kB
20220312 043132.545 INFO             PET0 PIOc_freedecomp Exit - MemInfo: [/proc/self/status]	VmLib:	   59892 kB
20220312 043132.545 INFO             PET0 PIOc_freedecomp Exit - MemInfo: [/proc/self/status]	VmPTE:	     904 kB
20220312 043132.545 INFO             PET0 PIOc_freedecomp Exit - MemInfo: [/proc/self/status]	VmSwap:	       0 kB
20220312 043132.545 INFO             PET0 PIOc_freedecomp Exit - MemInfo: [/proc/self/status]	VmRSSPercent: 0.0119063 %
20220312 043132.545 INFO             PET0 PIOc_freedecomp Exit - MemInfo: [malloc] Non-mmapped space allocated:                 3973120 Byte
20220312 043132.545 INFO             PET0 PIOc_freedecomp Exit - MemInfo: [malloc] Space allocated in mmapped regions:          1581056 Byte
20220312 043132.545 INFO             PET0 PIOc_freedecomp Exit - MemInfo: [malloc] Maximum total allocated space:                     0 Byte
20220312 043132.545 INFO             PET0 PIOc_freedecomp Exit - MemInfo: [malloc] Space in freed fastbin blocks:                  1808 Byte
20220312 043132.545 INFO             PET0 PIOc_freedecomp Exit - MemInfo: [malloc] Total allocated space:                       3294064 Byte
20220312 043132.545 INFO             PET0 PIOc_freedecomp Exit - MemInfo: [malloc] Total free space:                             679056 Byte
20220312 043132.545 INFO             PET0 PIOc_freedecomp Exit - MemInfo: [malloc] Top-most, releasable space:                   450352 Byte
20220312 043132.545 INFO             PET0 PIOc_freedecomp Exit - MemInfo: [malloc] Total space in use, mmap + non-mmap:         4875120 Byte
20220312 043132.545 INFO             PET0 PIOc_freedecomp Exit - MemInfo: [malloc] Total space held (mmap + non-mmap):          5554176 Byte
20220312 043132.545 INFO             PET0 PIOc_freedecomp Exit - MemInfo: [malloc] Total space used (mmap + non-mmap):          4884464 Byte
20220312 043132.545 INFO             PET0 PIOc_freedecomp Exit - MemInfo: Wall-clock time since execution start:              0.0193741 seconds
20220312 043132.545 INFO             PET0 PIOc_freedecomp Enter - MemInfo: [/proc/meminfo - SSI]	MemTotal:       196434604 kB
20220312 043132.545 INFO             PET0 PIOc_freedecomp Enter - MemInfo: [/proc/meminfo - SSI]	MemFree:        189549724 kB
20220312 043132.545 INFO             PET0 PIOc_freedecomp Enter - MemInfo: [/proc/meminfo - SSI]	MemAvailable:   191974636 kB
20220312 043132.545 INFO             PET0 PIOc_freedecomp Enter - MemInfo: [/proc/meminfo - SSI]	Committed_AS:     648468 kB
20220312 043132.545 INFO             PET0 PIOc_freedecomp Enter - MemInfo: [/proc/meminfo - SSI]	CommittedPercent: 0.330119 %
20220312 043132.545 INFO             PET0 PIOc_freedecomp Enter - MemInfo: [/proc/self/status]	VmPeak:	  655216 kB
20220312 043132.545 INFO             PET0 PIOc_freedecomp Enter - MemInfo: [/proc/self/status]	VmSize:	  646504 kB
20220312 043132.545 INFO             PET0 PIOc_freedecomp Enter - MemInfo: [/proc/self/status]	VmLck:	       0 kB
20220312 043132.545 INFO             PET0 PIOc_freedecomp Enter - MemInfo: [/proc/self/status]	VmPin:	       0 kB
20220312 043132.545 INFO             PET0 PIOc_freedecomp Enter - MemInfo: [/proc/self/status]	VmHWM:	   64072 kB
20220312 043132.545 INFO             PET0 PIOc_freedecomp Enter - MemInfo: [/proc/self/status]	VmRSS:	   23388 kB
20220312 043132.545 INFO             PET0 PIOc_freedecomp Enter - MemInfo: [/proc/self/status]	VmData:	  187372 kB
20220312 043132.545 INFO             PET0 PIOc_freedecomp Enter - MemInfo: [/proc/self/status]	VmStk:	     144 kB
20220312 043132.545 INFO             PET0 PIOc_freedecomp Enter - MemInfo: [/proc/self/status]	VmExe:	     232 kB
20220312 043132.545 INFO             PET0 PIOc_freedecomp Enter - MemInfo: [/proc/self/status]	VmLib:	   59892 kB
20220312 043132.545 INFO             PET0 PIOc_freedecomp Enter - MemInfo: [/proc/self/status]	VmPTE:	     904 kB
20220312 043132.545 INFO             PET0 PIOc_freedecomp Enter - MemInfo: [/proc/self/status]	VmSwap:	       0 kB
20220312 043132.545 INFO             PET0 PIOc_freedecomp Enter - MemInfo: [/proc/self/status]	VmRSSPercent: 0.0119063 %
20220312 043132.545 INFO             PET0 PIOc_freedecomp Enter - MemInfo: [malloc] Non-mmapped space allocated:                 3973120 Byte
20220312 043132.545 INFO             PET0 PIOc_freedecomp Enter - MemInfo: [malloc] Space allocated in mmapped regions:          1581056 Byte
20220312 043132.545 INFO             PET0 PIOc_freedecomp Enter - MemInfo: [malloc] Maximum total allocated space:                     0 Byte
20220312 043132.545 INFO             PET0 PIOc_freedecomp Enter - MemInfo: [malloc] Space in freed fastbin blocks:                  2272 Byte
20220312 043132.545 INFO             PET0 PIOc_freedecomp Enter - MemInfo: [malloc] Total allocated space:                       3293936 Byte
20220312 043132.545 INFO             PET0 PIOc_freedecomp Enter - MemInfo: [malloc] Total free space:                             679184 Byte
20220312 043132.545 INFO             PET0 PIOc_freedecomp Enter - MemInfo: [malloc] Top-most, releasable space:                   451424 Byte
20220312 043132.545 INFO             PET0 PIOc_freedecomp Enter - MemInfo: [malloc] Total space in use, mmap + non-mmap:         4874992 Byte
20220312 043132.545 INFO             PET0 PIOc_freedecomp Enter - MemInfo: [malloc] Total space held (mmap + non-mmap):          5554176 Byte
20220312 043132.545 INFO             PET0 PIOc_freedecomp Enter - MemInfo: [malloc] Total space used (mmap + non-mmap):          4884336 Byte
20220312 043132.545 INFO             PET0 PIOc_freedecomp Enter - MemInfo: Wall-clock time since execution start:              0.0197455 seconds
20220312 043132.545 INFO             PET0 PIOc_freedecomp Exit - MemInfo: [/proc/meminfo - SSI]	MemTotal:       196434604 kB
20220312 043132.545 INFO             PET0 PIOc_freedecomp Exit - MemInfo: [/proc/meminfo - SSI]	MemFree:        189549724 kB
20220312 043132.545 INFO             PET0 PIOc_freedecomp Exit - MemInfo: [/proc/meminfo - SSI]	MemAvailable:   191974636 kB
20220312 043132.545 INFO             PET0 PIOc_freedecomp Exit - MemInfo: [/proc/meminfo - SSI]	Committed_AS:     648468 kB
20220312 043132.545 INFO             PET0 PIOc_freedecomp Exit - MemInfo: [/proc/meminfo - SSI]	CommittedPercent: 0.330119 %
20220312 043132.545 INFO             PET0 PIOc_freedecomp Exit - MemInfo: [/proc/self/status]	VmPeak:	  655216 kB
20220312 043132.545 INFO             PET0 PIOc_freedecomp Exit - MemInfo: [/proc/self/status]	VmSize:	  646504 kB
20220312 043132.545 INFO             PET0 PIOc_freedecomp Exit - MemInfo: [/proc/self/status]	VmLck:	       0 kB
20220312 043132.545 INFO             PET0 PIOc_freedecomp Exit - MemInfo: [/proc/self/status]	VmPin:	       0 kB
20220312 043132.545 INFO             PET0 PIOc_freedecomp Exit - MemInfo: [/proc/self/status]	VmHWM:	   64072 kB
20220312 043132.545 INFO             PET0 PIOc_freedecomp Exit - MemInfo: [/proc/self/status]	VmRSS:	   23388 kB
20220312 043132.545 INFO             PET0 PIOc_freedecomp Exit - MemInfo: [/proc/self/status]	VmData:	  187372 kB
20220312 043132.545 INFO             PET0 PIOc_freedecomp Exit - MemInfo: [/proc/self/status]	VmStk:	     144 kB
20220312 043132.545 INFO             PET0 PIOc_freedecomp Exit - MemInfo: [/proc/self/status]	VmExe:	     232 kB
20220312 043132.545 INFO             PET0 PIOc_freedecomp Exit - MemInfo: [/proc/self/status]	VmLib:	   59892 kB
20220312 043132.545 INFO             PET0 PIOc_freedecomp Exit - MemInfo: [/proc/self/status]	VmPTE:	     904 kB
20220312 043132.545 INFO             PET0 PIOc_freedecomp Exit - MemInfo: [/proc/self/status]	VmSwap:	       0 kB
20220312 043132.545 INFO             PET0 PIOc_freedecomp Exit - MemInfo: [/proc/self/status]	VmRSSPercent: 0.0119063 %
20220312 043132.545 INFO             PET0 PIOc_freedecomp Exit - MemInfo: [malloc] Non-mmapped space allocated:                 3973120 Byte
20220312 043132.546 INFO             PET0 PIOc_freedecomp Exit - MemInfo: [malloc] Space allocated in mmapped regions:          1581056 Byte
20220312 043132.546 INFO             PET0 PIOc_freedecomp Exit - MemInfo: [malloc] Maximum total allocated space:                     0 Byte
20220312 043132.546 INFO             PET0 PIOc_freedecomp Exit - MemInfo: [malloc] Space in freed fastbin blocks:                  1904 Byte
20220312 043132.546 INFO             PET0 PIOc_freedecomp Exit - MemInfo: [malloc] Total allocated space:                       3280976 Byte
20220312 043132.546 INFO             PET0 PIOc_freedecomp Exit - MemInfo: [malloc] Total free space:                             692144 Byte
20220312 043132.546 INFO             PET0 PIOc_freedecomp Exit - MemInfo: [malloc] Top-most, releasable space:                   452432 Byte
20220312 043132.546 INFO             PET0 PIOc_freedecomp Exit - MemInfo: [malloc] Total space in use, mmap + non-mmap:         4862032 Byte
20220312 043132.546 INFO             PET0 PIOc_freedecomp Exit - MemInfo: [malloc] Total space held (mmap + non-mmap):          5554176 Byte
20220312 043132.546 INFO             PET0 PIOc_freedecomp Exit - MemInfo: [malloc] Total space used (mmap + non-mmap):          4871376 Byte
20220312 043132.546 INFO             PET0 PIOc_freedecomp Exit - MemInfo: Wall-clock time since execution start:              0.0201169 seconds
20220312 043132.546 INFO             PET0  PASS  Writing a FieldBundle to a single file Test, ESMF_FieldBundleIOUTest.F90, line 355
20220312 043132.556 INFO             PET0 PIOc_sync Enter - MemInfo: [/proc/meminfo - SSI]	MemTotal:       196434604 kB
20220312 043132.556 INFO             PET0 PIOc_sync Enter - MemInfo: [/proc/meminfo - SSI]	MemFree:        189542580 kB
20220312 043132.556 INFO             PET0 PIOc_sync Enter - MemInfo: [/proc/meminfo - SSI]	MemAvailable:   191966872 kB
20220312 043132.556 INFO             PET0 PIOc_sync Enter - MemInfo: [/proc/meminfo - SSI]	Committed_AS:     656344 kB
20220312 043132.556 INFO             PET0 PIOc_sync Enter - MemInfo: [/proc/meminfo - SSI]	CommittedPercent: 0.334129 %
20220312 043132.556 INFO             PET0 PIOc_sync Enter - MemInfo: [/proc/self/status]	VmPeak:	  655216 kB
20220312 043132.556 INFO             PET0 PIOc_sync Enter - MemInfo: [/proc/self/status]	VmSize:	  654896 kB
20220312 043132.556 INFO             PET0 PIOc_sync Enter - MemInfo: [/proc/self/status]	VmLck:	       0 kB
20220312 043132.556 INFO             PET0 PIOc_sync Enter - MemInfo: [/proc/self/status]	VmPin:	       0 kB
20220312 043132.556 INFO             PET0 PIOc_sync Enter - MemInfo: [/proc/self/status]	VmHWM:	   64072 kB
20220312 043132.556 INFO             PET0 PIOc_sync Enter - MemInfo: [/proc/self/status]	VmRSS:	   31980 kB
20220312 043132.556 INFO             PET0 PIOc_sync Enter - MemInfo: [/proc/self/status]	VmData:	  195764 kB
20220312 043132.556 INFO             PET0 PIOc_sync Enter - MemInfo: [/proc/self/status]	VmStk:	     144 kB
20220312 043132.556 INFO             PET0 PIOc_sync Enter - MemInfo: [/proc/self/status]	VmExe:	     232 kB
20220312 043132.556 INFO             PET0 PIOc_sync Enter - MemInfo: [/proc/self/status]	VmLib:	   59892 kB
20220312 043132.556 INFO             PET0 PIOc_sync Enter - MemInfo: [/proc/self/status]	VmPTE:	     920 kB
20220312 043132.556 INFO             PET0 PIOc_sync Enter - MemInfo: [/proc/self/status]	VmSwap:	       0 kB
20220312 043132.556 INFO             PET0 PIOc_sync Enter - MemInfo: [/proc/self/status]	VmRSSPercent: 0.0162802 %
20220312 043132.556 INFO             PET0 PIOc_sync Enter - MemInfo: [malloc] Non-mmapped space allocated:                12566528 Byte
20220312 043132.556 INFO             PET0 PIOc_sync Enter - MemInfo: [malloc] Space allocated in mmapped regions:          1581056 Byte
20220312 043132.556 INFO             PET0 PIOc_sync Enter - MemInfo: [malloc] Maximum total allocated space:                     0 Byte
20220312 043132.556 INFO             PET0 PIOc_sync Enter - MemInfo: [malloc] Space in freed fastbin blocks:                  2592 Byte
20220312 043132.556 INFO             PET0 PIOc_sync Enter - MemInfo: [malloc] Total allocated space:                      12222128 Byte
20220312 043132.556 INFO             PET0 PIOc_sync Enter - MemInfo: [malloc] Total free space:                             344400 Byte
20220312 043132.556 INFO             PET0 PIOc_sync Enter - MemInfo: [malloc] Top-most, releasable space:                   132912 Byte
20220312 043132.556 INFO             PET0 PIOc_sync Enter - MemInfo: [malloc] Total space in use, mmap + non-mmap:        13803184 Byte
20220312 043132.556 INFO             PET0 PIOc_sync Enter - MemInfo: [malloc] Total space held (mmap + non-mmap):         14147584 Byte
20220312 043132.556 INFO             PET0 PIOc_sync Enter - MemInfo: [malloc] Total space used (mmap + non-mmap):         13812528 Byte
20220312 043132.556 INFO             PET0 PIOc_sync Enter - MemInfo: Wall-clock time since execution start:              0.0303515 seconds
20220312 043132.556 INFO             PET0 PIOc_sync Exit - MemInfo: [/proc/meminfo - SSI]	MemTotal:       196434604 kB
20220312 043132.556 INFO             PET0 PIOc_sync Exit - MemInfo: [/proc/meminfo - SSI]	MemFree:        189541960 kB
20220312 043132.556 INFO             PET0 PIOc_sync Exit - MemInfo: [/proc/meminfo - SSI]	MemAvailable:   191966872 kB
20220312 043132.556 INFO             PET0 PIOc_sync Exit - MemInfo: [/proc/meminfo - SSI]	Committed_AS:     656344 kB
20220312 043132.556 INFO             PET0 PIOc_sync Exit - MemInfo: [/proc/meminfo - SSI]	CommittedPercent: 0.334129 %
20220312 043132.556 INFO             PET0 PIOc_sync Exit - MemInfo: [/proc/self/status]	VmPeak:	  655216 kB
20220312 043132.556 INFO             PET0 PIOc_sync Exit - MemInfo: [/proc/self/status]	VmSize:	  654896 kB
20220312 043132.556 INFO             PET0 PIOc_sync Exit - MemInfo: [/proc/self/status]	VmLck:	       0 kB
20220312 043132.556 INFO             PET0 PIOc_sync Exit - MemInfo: [/proc/self/status]	VmPin:	       0 kB
20220312 043132.556 INFO             PET0 PIOc_sync Exit - MemInfo: [/proc/self/status]	VmHWM:	   64072 kB
20220312 043132.557 INFO             PET0 PIOc_sync Exit - MemInfo: [/proc/self/status]	VmRSS:	   32040 kB
20220312 043132.557 INFO             PET0 PIOc_sync Exit - MemInfo: [/proc/self/status]	VmData:	  195764 kB
20220312 043132.557 INFO             PET0 PIOc_sync Exit - MemInfo: [/proc/self/status]	VmStk:	     144 kB
20220312 043132.557 INFO             PET0 PIOc_sync Exit - MemInfo: [/proc/self/status]	VmExe:	     232 kB
20220312 043132.557 INFO             PET0 PIOc_sync Exit - MemInfo: [/proc/self/status]	VmLib:	   59892 kB
20220312 043132.557 INFO             PET0 PIOc_sync Exit - MemInfo: [/proc/self/status]	VmPTE:	     920 kB
20220312 043132.557 INFO             PET0 PIOc_sync Exit - MemInfo: [/proc/self/status]	VmSwap:	       0 kB
20220312 043132.557 INFO             PET0 PIOc_sync Exit - MemInfo: [/proc/self/status]	VmRSSPercent: 0.0163108 %
20220312 043132.557 INFO             PET0 PIOc_sync Exit - MemInfo: [malloc] Non-mmapped space allocated:                12566528 Byte
20220312 043132.557 INFO             PET0 PIOc_sync Exit - MemInfo: [malloc] Space allocated in mmapped regions:          1581056 Byte
20220312 043132.557 INFO             PET0 PIOc_sync Exit - MemInfo: [malloc] Maximum total allocated space:                     0 Byte
20220312 043132.557 INFO             PET0 PIOc_sync Exit - MemInfo: [malloc] Space in freed fastbin blocks:                  1648 Byte
20220312 043132.557 INFO             PET0 PIOc_sync Exit - MemInfo: [malloc] Total allocated space:                      12266384 Byte
20220312 043132.557 INFO             PET0 PIOc_sync Exit - MemInfo: [malloc] Total free space:                             300144 Byte
20220312 043132.557 INFO             PET0 PIOc_sync Exit - MemInfo: [malloc] Top-most, releasable space:                    96256 Byte
20220312 043132.557 INFO             PET0 PIOc_sync Exit - MemInfo: [malloc] Total space in use, mmap + non-mmap:        13847440 Byte
20220312 043132.557 INFO             PET0 PIOc_sync Exit - MemInfo: [malloc] Total space held (mmap + non-mmap):         14147584 Byte
20220312 043132.557 INFO             PET0 PIOc_sync Exit - MemInfo: [malloc] Total space used (mmap + non-mmap):         13856800 Byte
20220312 043132.557 INFO             PET0 PIOc_sync Exit - MemInfo: Wall-clock time since execution start:              0.0311551 seconds
20220312 043132.557 INFO             PET0 PIOc_freedecomp Enter - MemInfo: [/proc/meminfo - SSI]	MemTotal:       196434604 kB
20220312 043132.557 INFO             PET0 PIOc_freedecomp Enter - MemInfo: [/proc/meminfo - SSI]	MemFree:        189541960 kB
20220312 043132.557 INFO             PET0 PIOc_freedecomp Enter - MemInfo: [/proc/meminfo - SSI]	MemAvailable:   191966872 kB
20220312 043132.557 INFO             PET0 PIOc_freedecomp Enter - MemInfo: [/proc/meminfo - SSI]	Committed_AS:     656344 kB
20220312 043132.557 INFO             PET0 PIOc_freedecomp Enter - MemInfo: [/proc/meminfo - SSI]	CommittedPercent: 0.334129 %
20220312 043132.557 INFO             PET0 PIOc_freedecomp Enter - MemInfo: [/proc/self/status]	VmPeak:	  655216 kB
20220312 043132.557 INFO             PET0 PIOc_freedecomp Enter - MemInfo: [/proc/self/status]	VmSize:	  654896 kB
20220312 043132.557 INFO             PET0 PIOc_freedecomp Enter - MemInfo: [/proc/self/status]	VmLck:	       0 kB
20220312 043132.557 INFO             PET0 PIOc_freedecomp Enter - MemInfo: [/proc/self/status]	VmPin:	       0 kB
20220312 043132.557 INFO             PET0 PIOc_freedecomp Enter - MemInfo: [/proc/self/status]	VmHWM:	   64072 kB
20220312 043132.557 INFO             PET0 PIOc_freedecomp Enter - MemInfo: [/proc/self/status]	VmRSS:	   32044 kB
20220312 043132.557 INFO             PET0 PIOc_freedecomp Enter - MemInfo: [/proc/self/status]	VmData:	  195764 kB
20220312 043132.557 INFO             PET0 PIOc_freedecomp Enter - MemInfo: [/proc/self/status]	VmStk:	     144 kB
20220312 043132.557 INFO             PET0 PIOc_freedecomp Enter - MemInfo: [/proc/self/status]	VmExe:	     232 kB
20220312 043132.557 INFO             PET0 PIOc_freedecomp Enter - MemInfo: [/proc/self/status]	VmLib:	   59892 kB
20220312 043132.557 INFO             PET0 PIOc_freedecomp Enter - MemInfo: [/proc/self/status]	VmPTE:	     920 kB
20220312 043132.557 INFO             PET0 PIOc_freedecomp Enter - MemInfo: [/proc/self/status]	VmSwap:	       0 kB
20220312 043132.557 INFO             PET0 PIOc_freedecomp Enter - MemInfo: [/proc/self/status]	VmRSSPercent: 0.0163128 %
20220312 043132.557 INFO             PET0 PIOc_freedecomp Enter - MemInfo: [malloc] Non-mmapped space allocated:                12566528 Byte
20220312 043132.557 INFO             PET0 PIOc_freedecomp Enter - MemInfo: [malloc] Space allocated in mmapped regions:          1581056 Byte
20220312 043132.557 INFO             PET0 PIOc_freedecomp Enter - MemInfo: [malloc] Maximum total allocated space:                     0 Byte
20220312 043132.557 INFO             PET0 PIOc_freedecomp Enter - MemInfo: [malloc] Space in freed fastbin blocks:                  1648 Byte
20220312 043132.557 INFO             PET0 PIOc_freedecomp Enter - MemInfo: [malloc] Total allocated space:                       3338624 Byte
20220312 043132.557 INFO             PET0 PIOc_freedecomp Enter - MemInfo: [malloc] Total free space:                            9227904 Byte
20220312 043132.557 INFO             PET0 PIOc_freedecomp Enter - MemInfo: [malloc] Top-most, releasable space:                    96256 Byte
20220312 043132.557 INFO             PET0 PIOc_freedecomp Enter - MemInfo: [malloc] Total space in use, mmap + non-mmap:         4919680 Byte
20220312 043132.557 INFO             PET0 PIOc_freedecomp Enter - MemInfo: [malloc] Total space held (mmap + non-mmap):         14147584 Byte
20220312 043132.557 INFO             PET0 PIOc_freedecomp Enter - MemInfo: [malloc] Total space used (mmap + non-mmap):          4929040 Byte
20220312 043132.557 INFO             PET0 PIOc_freedecomp Enter - MemInfo: Wall-clock time since execution start:              0.0319607 seconds
20220312 043132.558 INFO             PET0 PIOc_freedecomp Exit - MemInfo: [/proc/meminfo - SSI]	MemTotal:       196434604 kB
20220312 043132.558 INFO             PET0 PIOc_freedecomp Exit - MemInfo: [/proc/meminfo - SSI]	MemFree:        189541960 kB
20220312 043132.558 INFO             PET0 PIOc_freedecomp Exit - MemInfo: [/proc/meminfo - SSI]	MemAvailable:   191966872 kB
20220312 043132.558 INFO             PET0 PIOc_freedecomp Exit - MemInfo: [/proc/meminfo - SSI]	Committed_AS:     656344 kB
20220312 043132.558 INFO             PET0 PIOc_freedecomp Exit - MemInfo: [/proc/meminfo - SSI]	CommittedPercent: 0.334129 %
20220312 043132.558 INFO             PET0 PIOc_freedecomp Exit - MemInfo: [/proc/self/status]	VmPeak:	  655216 kB
20220312 043132.558 INFO             PET0 PIOc_freedecomp Exit - MemInfo: [/proc/self/status]	VmSize:	  654896 kB
20220312 043132.558 INFO             PET0 PIOc_freedecomp Exit - MemInfo: [/proc/self/status]	VmLck:	       0 kB
20220312 043132.558 INFO             PET0 PIOc_freedecomp Exit - MemInfo: [/proc/self/status]	VmPin:	       0 kB
20220312 043132.558 INFO             PET0 PIOc_freedecomp Exit - MemInfo: [/proc/self/status]	VmHWM:	   64072 kB
20220312 043132.558 INFO             PET0 PIOc_freedecomp Exit - MemInfo: [/proc/self/status]	VmRSS:	   32044 kB
20220312 043132.558 INFO             PET0 PIOc_freedecomp Exit - MemInfo: [/proc/self/status]	VmData:	  195764 kB
20220312 043132.558 INFO             PET0 PIOc_freedecomp Exit - MemInfo: [/proc/self/status]	VmStk:	     144 kB
20220312 043132.558 INFO             PET0 PIOc_freedecomp Exit - MemInfo: [/proc/self/status]	VmExe:	     232 kB
20220312 043132.558 INFO             PET0 PIOc_freedecomp Exit - MemInfo: [/proc/self/status]	VmLib:	   59892 kB
20220312 043132.558 INFO             PET0 PIOc_freedecomp Exit - MemInfo: [/proc/self/status]	VmPTE:	     920 kB
20220312 043132.558 INFO             PET0 PIOc_freedecomp Exit - MemInfo: [/proc/self/status]	VmSwap:	       0 kB
20220312 043132.558 INFO             PET0 PIOc_freedecomp Exit - MemInfo: [/proc/self/status]	VmRSSPercent: 0.0163128 %
20220312 043132.558 INFO             PET0 PIOc_freedecomp Exit - MemInfo: [malloc] Non-mmapped space allocated:                12566528 Byte
20220312 043132.558 INFO             PET0 PIOc_freedecomp Exit - MemInfo: [malloc] Space allocated in mmapped regions:          1581056 Byte
20220312 043132.558 INFO             PET0 PIOc_freedecomp Exit - MemInfo: [malloc] Maximum total allocated space:                     0 Byte
20220312 043132.558 INFO             PET0 PIOc_freedecomp Exit - MemInfo: [malloc] Space in freed fastbin blocks:                  2032 Byte
20220312 043132.558 INFO             PET0 PIOc_freedecomp Exit - MemInfo: [malloc] Total allocated space:                       3326272 Byte
20220312 043132.558 INFO             PET0 PIOc_freedecomp Exit - MemInfo: [malloc] Total free space:                            9240256 Byte
20220312 043132.558 INFO             PET0 PIOc_freedecomp Exit - MemInfo: [malloc] Top-most, releasable space:                   103664 Byte
20220312 043132.558 INFO             PET0 PIOc_freedecomp Exit - MemInfo: [malloc] Total space in use, mmap + non-mmap:         4907328 Byte
20220312 043132.558 INFO             PET0 PIOc_freedecomp Exit - MemInfo: [malloc] Total space held (mmap + non-mmap):         14147584 Byte
20220312 043132.558 INFO             PET0 PIOc_freedecomp Exit - MemInfo: [malloc] Total space used (mmap + non-mmap):          4916672 Byte
20220312 043132.558 INFO             PET0 PIOc_freedecomp Exit - MemInfo: Wall-clock time since execution start:              0.0323404 seconds
20220312 043132.558 INFO             PET0 PIOc_freedecomp Enter - MemInfo: [/proc/meminfo - SSI]	MemTotal:       196434604 kB
20220312 043132.558 INFO             PET0 PIOc_freedecomp Enter - MemInfo: [/proc/meminfo - SSI]	MemFree:        189541960 kB
20220312 043132.558 INFO             PET0 PIOc_freedecomp Enter - MemInfo: [/proc/meminfo - SSI]	MemAvailable:   191966872 kB
20220312 043132.558 INFO             PET0 PIOc_freedecomp Enter - MemInfo: [/proc/meminfo - SSI]	Committed_AS:     656344 kB
20220312 043132.558 INFO             PET0 PIOc_freedecomp Enter - MemInfo: [/proc/meminfo - SSI]	CommittedPercent: 0.334129 %
20220312 043132.558 INFO             PET0 PIOc_freedecomp Enter - MemInfo: [/proc/self/status]	VmPeak:	  655216 kB
20220312 043132.558 INFO             PET0 PIOc_freedecomp Enter - MemInfo: [/proc/self/status]	VmSize:	  654896 kB
20220312 043132.558 INFO             PET0 PIOc_freedecomp Enter - MemInfo: [/proc/self/status]	VmLck:	       0 kB
20220312 043132.558 INFO             PET0 PIOc_freedecomp Enter - MemInfo: [/proc/self/status]	VmPin:	       0 kB
20220312 043132.558 INFO             PET0 PIOc_freedecomp Enter - MemInfo: [/proc/self/status]	VmHWM:	   64072 kB
20220312 043132.558 INFO             PET0 PIOc_freedecomp Enter - MemInfo: [/proc/self/status]	VmRSS:	   32044 kB
20220312 043132.558 INFO             PET0 PIOc_freedecomp Enter - MemInfo: [/proc/self/status]	VmData:	  195764 kB
20220312 043132.558 INFO             PET0 PIOc_freedecomp Enter - MemInfo: [/proc/self/status]	VmStk:	     144 kB
20220312 043132.558 INFO             PET0 PIOc_freedecomp Enter - MemInfo: [/proc/self/status]	VmExe:	     232 kB
20220312 043132.558 INFO             PET0 PIOc_freedecomp Enter - MemInfo: [/proc/self/status]	VmLib:	   59892 kB
20220312 043132.558 INFO             PET0 PIOc_freedecomp Enter - MemInfo: [/proc/self/status]	VmPTE:	     920 kB
20220312 043132.558 INFO             PET0 PIOc_freedecomp Enter - MemInfo: [/proc/self/status]	VmSwap:	       0 kB
20220312 043132.558 INFO             PET0 PIOc_freedecomp Enter - MemInfo: [/proc/self/status]	VmRSSPercent: 0.0163128 %
20220312 043132.558 INFO             PET0 PIOc_freedecomp Enter - MemInfo: [malloc] Non-mmapped space allocated:                12566528 Byte
20220312 043132.558 INFO             PET0 PIOc_freedecomp Enter - MemInfo: [malloc] Space allocated in mmapped regions:          1581056 Byte
20220312 043132.558 INFO             PET0 PIOc_freedecomp Enter - MemInfo: [malloc] Maximum total allocated space:                     0 Byte
20220312 043132.558 INFO             PET0 PIOc_freedecomp Enter - MemInfo: [malloc] Space in freed fastbin blocks:                  1920 Byte
20220312 043132.558 INFO             PET0 PIOc_freedecomp Enter - MemInfo: [malloc] Total allocated space:                       3326144 Byte
20220312 043132.558 INFO             PET0 PIOc_freedecomp Enter - MemInfo: [malloc] Total free space:                            9240384 Byte
20220312 043132.558 INFO             PET0 PIOc_freedecomp Enter - MemInfo: [malloc] Top-most, releasable space:                   104656 Byte
20220312 043132.558 INFO             PET0 PIOc_freedecomp Enter - MemInfo: [malloc] Total space in use, mmap + non-mmap:         4907200 Byte
20220312 043132.558 INFO             PET0 PIOc_freedecomp Enter - MemInfo: [malloc] Total space held (mmap + non-mmap):         14147584 Byte
20220312 043132.558 INFO             PET0 PIOc_freedecomp Enter - MemInfo: [malloc] Total space used (mmap + non-mmap):          4916544 Byte
20220312 043132.558 INFO             PET0 PIOc_freedecomp Enter - MemInfo: Wall-clock time since execution start:              0.0327145 seconds
20220312 043132.558 INFO             PET0 PIOc_freedecomp Exit - MemInfo: [/proc/meminfo - SSI]	MemTotal:       196434604 kB
20220312 043132.558 INFO             PET0 PIOc_freedecomp Exit - MemInfo: [/proc/meminfo - SSI]	MemFree:        189541960 kB
20220312 043132.558 INFO             PET0 PIOc_freedecomp Exit - MemInfo: [/proc/meminfo - SSI]	MemAvailable:   191966872 kB
20220312 043132.558 INFO             PET0 PIOc_freedecomp Exit - MemInfo: [/proc/meminfo - SSI]	Committed_AS:     656344 kB
20220312 043132.558 INFO             PET0 PIOc_freedecomp Exit - MemInfo: [/proc/meminfo - SSI]	CommittedPercent: 0.334129 %
20220312 043132.558 INFO             PET0 PIOc_freedecomp Exit - MemInfo: [/proc/self/status]	VmPeak:	  655216 kB
20220312 043132.558 INFO             PET0 PIOc_freedecomp Exit - MemInfo: [/proc/self/status]	VmSize:	  654896 kB
20220312 043132.558 INFO             PET0 PIOc_freedecomp Exit - MemInfo: [/proc/self/status]	VmLck:	       0 kB
20220312 043132.558 INFO             PET0 PIOc_freedecomp Exit - MemInfo: [/proc/self/status]	VmPin:	       0 kB
20220312 043132.558 INFO             PET0 PIOc_freedecomp Exit - MemInfo: [/proc/self/status]	VmHWM:	   64072 kB
20220312 043132.558 INFO             PET0 PIOc_freedecomp Exit - MemInfo: [/proc/self/status]	VmRSS:	   32044 kB
20220312 043132.558 INFO             PET0 PIOc_freedecomp Exit - MemInfo: [/proc/self/status]	VmData:	  195764 kB
20220312 043132.558 INFO             PET0 PIOc_freedecomp Exit - MemInfo: [/proc/self/status]	VmStk:	     144 kB
20220312 043132.558 INFO             PET0 PIOc_freedecomp Exit - MemInfo: [/proc/self/status]	VmExe:	     232 kB
20220312 043132.558 INFO             PET0 PIOc_freedecomp Exit - MemInfo: [/proc/self/status]	VmLib:	   59892 kB
20220312 043132.558 INFO             PET0 PIOc_freedecomp Exit - MemInfo: [/proc/self/status]	VmPTE:	     920 kB
20220312 043132.558 INFO             PET0 PIOc_freedecomp Exit - MemInfo: [/proc/self/status]	VmSwap:	       0 kB
20220312 043132.558 INFO             PET0 PIOc_freedecomp Exit - MemInfo: [/proc/self/status]	VmRSSPercent: 0.0163128 %
20220312 043132.558 INFO             PET0 PIOc_freedecomp Exit - MemInfo: [malloc] Non-mmapped space allocated:                12566528 Byte
20220312 043132.558 INFO             PET0 PIOc_freedecomp Exit - MemInfo: [malloc] Space allocated in mmapped regions:          1581056 Byte
20220312 043132.559 INFO             PET0 PIOc_freedecomp Exit - MemInfo: [malloc] Maximum total allocated space:                     0 Byte
20220312 043132.559 INFO             PET0 PIOc_freedecomp Exit - MemInfo: [malloc] Space in freed fastbin blocks:                  1872 Byte
20220312 043132.559 INFO             PET0 PIOc_freedecomp Exit - MemInfo: [malloc] Total allocated space:                       3295104 Byte
20220312 043132.559 INFO             PET0 PIOc_freedecomp Exit - MemInfo: [malloc] Total free space:                            9271424 Byte
20220312 043132.559 INFO             PET0 PIOc_freedecomp Exit - MemInfo: [malloc] Top-most, releasable space:                   131216 Byte
20220312 043132.559 INFO             PET0 PIOc_freedecomp Exit - MemInfo: [malloc] Total space in use, mmap + non-mmap:         4876160 Byte
20220312 043132.559 INFO             PET0 PIOc_freedecomp Exit - MemInfo: [malloc] Total space held (mmap + non-mmap):         14147584 Byte
20220312 043132.559 INFO             PET0 PIOc_freedecomp Exit - MemInfo: [malloc] Total space used (mmap + non-mmap):          4885504 Byte
20220312 043132.559 INFO             PET0 PIOc_freedecomp Exit - MemInfo: Wall-clock time since execution start:              0.0330861 seconds
20220312 043132.559 INFO             PET0 PIOc_freedecomp Enter - MemInfo: [/proc/meminfo - SSI]	MemTotal:       196434604 kB
20220312 043132.559 INFO             PET0 PIOc_freedecomp Enter - MemInfo: [/proc/meminfo - SSI]	MemFree:        189541960 kB
20220312 043132.559 INFO             PET0 PIOc_freedecomp Enter - MemInfo: [/proc/meminfo - SSI]	MemAvailable:   191966872 kB
20220312 043132.559 INFO             PET0 PIOc_freedecomp Enter - MemInfo: [/proc/meminfo - SSI]	Committed_AS:     656344 kB
20220312 043132.559 INFO             PET0 PIOc_freedecomp Enter - MemInfo: [/proc/meminfo - SSI]	CommittedPercent: 0.334129 %
20220312 043132.559 INFO             PET0 PIOc_freedecomp Enter - MemInfo: [/proc/self/status]	VmPeak:	  655216 kB
20220312 043132.559 INFO             PET0 PIOc_freedecomp Enter - MemInfo: [/proc/self/status]	VmSize:	  654896 kB
20220312 043132.559 INFO             PET0 PIOc_freedecomp Enter - MemInfo: [/proc/self/status]	VmLck:	       0 kB
20220312 043132.559 INFO             PET0 PIOc_freedecomp Enter - MemInfo: [/proc/self/status]	VmPin:	       0 kB
20220312 043132.559 INFO             PET0 PIOc_freedecomp Enter - MemInfo: [/proc/self/status]	VmHWM:	   64072 kB
20220312 043132.559 INFO             PET0 PIOc_freedecomp Enter - MemInfo: [/proc/self/status]	VmRSS:	   32044 kB
20220312 043132.559 INFO             PET0 PIOc_freedecomp Enter - MemInfo: [/proc/self/status]	VmData:	  195764 kB
20220312 043132.559 INFO             PET0 PIOc_freedecomp Enter - MemInfo: [/proc/self/status]	VmStk:	     144 kB
20220312 043132.559 INFO             PET0 PIOc_freedecomp Enter - MemInfo: [/proc/self/status]	VmExe:	     232 kB
20220312 043132.559 INFO             PET0 PIOc_freedecomp Enter - MemInfo: [/proc/self/status]	VmLib:	   59892 kB
20220312 043132.559 INFO             PET0 PIOc_freedecomp Enter - MemInfo: [/proc/self/status]	VmPTE:	     920 kB
20220312 043132.559 INFO             PET0 PIOc_freedecomp Enter - MemInfo: [/proc/self/status]	VmSwap:	       0 kB
20220312 043132.559 INFO             PET0 PIOc_freedecomp Enter - MemInfo: [/proc/self/status]	VmRSSPercent: 0.0163128 %
20220312 043132.559 INFO             PET0 PIOc_freedecomp Enter - MemInfo: [malloc] Non-mmapped space allocated:                12566528 Byte
20220312 043132.559 INFO             PET0 PIOc_freedecomp Enter - MemInfo: [malloc] Space allocated in mmapped regions:          1581056 Byte
20220312 043132.559 INFO             PET0 PIOc_freedecomp Enter - MemInfo: [malloc] Maximum total allocated space:                     0 Byte
20220312 043132.559 INFO             PET0 PIOc_freedecomp Enter - MemInfo: [malloc] Space in freed fastbin blocks:                  2048 Byte
20220312 043132.559 INFO             PET0 PIOc_freedecomp Enter - MemInfo: [malloc] Total allocated space:                       3294976 Byte
20220312 043132.559 INFO             PET0 PIOc_freedecomp Enter - MemInfo: [malloc] Total free space:                            9271552 Byte
20220312 043132.559 INFO             PET0 PIOc_freedecomp Enter - MemInfo: [malloc] Top-most, releasable space:                   131216 Byte
20220312 043132.559 INFO             PET0 PIOc_freedecomp Enter - MemInfo: [malloc] Total space in use, mmap + non-mmap:         4876032 Byte
20220312 043132.559 INFO             PET0 PIOc_freedecomp Enter - MemInfo: [malloc] Total space held (mmap + non-mmap):         14147584 Byte
20220312 043132.559 INFO             PET0 PIOc_freedecomp Enter - MemInfo: [malloc] Total space used (mmap + non-mmap):          4885376 Byte
20220312 043132.559 INFO             PET0 PIOc_freedecomp Enter - MemInfo: Wall-clock time since execution start:              0.0334496 seconds
20220312 043132.559 INFO             PET0 PIOc_freedecomp Exit - MemInfo: [/proc/meminfo - SSI]	MemTotal:       196434604 kB
20220312 043132.559 INFO             PET0 PIOc_freedecomp Exit - MemInfo: [/proc/meminfo - SSI]	MemFree:        189541960 kB
20220312 043132.559 INFO             PET0 PIOc_freedecomp Exit - MemInfo: [/proc/meminfo - SSI]	MemAvailable:   191966872 kB
20220312 043132.559 INFO             PET0 PIOc_freedecomp Exit - MemInfo: [/proc/meminfo - SSI]	Committed_AS:     656344 kB
20220312 043132.559 INFO             PET0 PIOc_freedecomp Exit - MemInfo: [/proc/meminfo - SSI]	CommittedPercent: 0.334129 %
20220312 043132.559 INFO             PET0 PIOc_freedecomp Exit - MemInfo: [/proc/self/status]	VmPeak:	  655216 kB
20220312 043132.559 INFO             PET0 PIOc_freedecomp Exit - MemInfo: [/proc/self/status]	VmSize:	  654896 kB
20220312 043132.559 INFO             PET0 PIOc_freedecomp Exit - MemInfo: [/proc/self/status]	VmLck:	       0 kB
20220312 043132.559 INFO             PET0 PIOc_freedecomp Exit - MemInfo: [/proc/self/status]	VmPin:	       0 kB
20220312 043132.559 INFO             PET0 PIOc_freedecomp Exit - MemInfo: [/proc/self/status]	VmHWM:	   64072 kB
20220312 043132.559 INFO             PET0 PIOc_freedecomp Exit - MemInfo: [/proc/self/status]	VmRSS:	   32044 kB
20220312 043132.559 INFO             PET0 PIOc_freedecomp Exit - MemInfo: [/proc/self/status]	VmData:	  195764 kB
20220312 043132.559 INFO             PET0 PIOc_freedecomp Exit - MemInfo: [/proc/self/status]	VmStk:	     144 kB
20220312 043132.559 INFO             PET0 PIOc_freedecomp Exit - MemInfo: [/proc/self/status]	VmExe:	     232 kB
20220312 043132.559 INFO             PET0 PIOc_freedecomp Exit - MemInfo: [/proc/self/status]	VmLib:	   59892 kB
20220312 043132.559 INFO             PET0 PIOc_freedecomp Exit - MemInfo: [/proc/self/status]	VmPTE:	     920 kB
20220312 043132.559 INFO             PET0 PIOc_freedecomp Exit - MemInfo: [/proc/self/status]	VmSwap:	       0 kB
20220312 043132.559 INFO             PET0 PIOc_freedecomp Exit - MemInfo: [/proc/self/status]	VmRSSPercent: 0.0163128 %
20220312 043132.559 INFO             PET0 PIOc_freedecomp Exit - MemInfo: [malloc] Non-mmapped space allocated:                12566528 Byte
20220312 043132.559 INFO             PET0 PIOc_freedecomp Exit - MemInfo: [malloc] Space allocated in mmapped regions:          1581056 Byte
20220312 043132.559 INFO             PET0 PIOc_freedecomp Exit - MemInfo: [malloc] Maximum total allocated space:                     0 Byte
20220312 043132.559 INFO             PET0 PIOc_freedecomp Exit - MemInfo: [malloc] Space in freed fastbin blocks:                  1696 Byte
20220312 043132.559 INFO             PET0 PIOc_freedecomp Exit - MemInfo: [malloc] Total allocated space:                       3282032 Byte
20220312 043132.559 INFO             PET0 PIOc_freedecomp Exit - MemInfo: [malloc] Total free space:                            9284496 Byte
20220312 043132.559 INFO             PET0 PIOc_freedecomp Exit - MemInfo: [malloc] Top-most, releasable space:                  9045840 Byte
20220312 043132.559 INFO             PET0 PIOc_freedecomp Exit - MemInfo: [malloc] Total space in use, mmap + non-mmap:         4863088 Byte
20220312 043132.559 INFO             PET0 PIOc_freedecomp Exit - MemInfo: [malloc] Total space held (mmap + non-mmap):         14147584 Byte
20220312 043132.559 INFO             PET0 PIOc_freedecomp Exit - MemInfo: [malloc] Total space used (mmap + non-mmap):          4872432 Byte
20220312 043132.559 INFO             PET0 PIOc_freedecomp Exit - MemInfo: Wall-clock time since execution start:              0.0338382 seconds
20220312 043132.559 INFO             PET0  PASS  Writing a FieldBundle to a single file with timeslice Test, ESMF_FieldBundleIOUTest.F90, line 370
20220312 043132.561 INFO             PET0 PIOc_sync Enter - MemInfo: [/proc/meminfo - SSI]	MemTotal:       196434604 kB
20220312 043132.561 INFO             PET0 PIOc_sync Enter - MemInfo: [/proc/meminfo - SSI]	MemFree:        189541448 kB
20220312 043132.561 INFO             PET0 PIOc_sync Enter - MemInfo: [/proc/meminfo - SSI]	MemAvailable:   191966360 kB
20220312 043132.561 INFO             PET0 PIOc_sync Enter - MemInfo: [/proc/meminfo - SSI]	Committed_AS:     656344 kB
20220312 043132.561 INFO             PET0 PIOc_sync Enter - MemInfo: [/proc/meminfo - SSI]	CommittedPercent: 0.334129 %
20220312 043132.561 INFO             PET0 PIOc_sync Enter - MemInfo: [/proc/self/status]	VmPeak:	  655216 kB
20220312 043132.561 INFO             PET0 PIOc_sync Enter - MemInfo: [/proc/self/status]	VmSize:	  654896 kB
20220312 043132.561 INFO             PET0 PIOc_sync Enter - MemInfo: [/proc/self/status]	VmLck:	       0 kB
20220312 043132.561 INFO             PET0 PIOc_sync Enter - MemInfo: [/proc/self/status]	VmPin:	       0 kB
20220312 043132.561 INFO             PET0 PIOc_sync Enter - MemInfo: [/proc/self/status]	VmHWM:	   64072 kB
20220312 043132.561 INFO             PET0 PIOc_sync Enter - MemInfo: [/proc/self/status]	VmRSS:	   32112 kB
20220312 043132.561 INFO             PET0 PIOc_sync Enter - MemInfo: [/proc/self/status]	VmData:	  195764 kB
20220312 043132.561 INFO             PET0 PIOc_sync Enter - MemInfo: [/proc/self/status]	VmStk:	     144 kB
20220312 043132.561 INFO             PET0 PIOc_sync Enter - MemInfo: [/proc/self/status]	VmExe:	     232 kB
20220312 043132.561 INFO             PET0 PIOc_sync Enter - MemInfo: [/proc/self/status]	VmLib:	   59892 kB
20220312 043132.561 INFO             PET0 PIOc_sync Enter - MemInfo: [/proc/self/status]	VmPTE:	     920 kB
20220312 043132.561 INFO             PET0 PIOc_sync Enter - MemInfo: [/proc/self/status]	VmSwap:	       0 kB
20220312 043132.561 INFO             PET0 PIOc_sync Enter - MemInfo: [/proc/self/status]	VmRSSPercent: 0.0163474 %
20220312 043132.561 INFO             PET0 PIOc_sync Enter - MemInfo: [malloc] Non-mmapped space allocated:                12566528 Byte
20220312 043132.561 INFO             PET0 PIOc_sync Enter - MemInfo: [malloc] Space allocated in mmapped regions:          1581056 Byte
20220312 043132.561 INFO             PET0 PIOc_sync Enter - MemInfo: [malloc] Maximum total allocated space:                     0 Byte
20220312 043132.561 INFO             PET0 PIOc_sync Enter - MemInfo: [malloc] Space in freed fastbin blocks:                  2928 Byte
20220312 043132.561 INFO             PET0 PIOc_sync Enter - MemInfo: [malloc] Total allocated space:                      12227680 Byte
20220312 043132.561 INFO             PET0 PIOc_sync Enter - MemInfo: [malloc] Total free space:                             338848 Byte
20220312 043132.562 INFO             PET0 PIOc_sync Enter - MemInfo: [malloc] Top-most, releasable space:                   132912 Byte
20220312 043132.562 INFO             PET0 PIOc_sync Enter - MemInfo: [malloc] Total space in use, mmap + non-mmap:        13808736 Byte
20220312 043132.562 INFO             PET0 PIOc_sync Enter - MemInfo: [malloc] Total space held (mmap + non-mmap):         14147584 Byte
20220312 043132.562 INFO             PET0 PIOc_sync Enter - MemInfo: [malloc] Total space used (mmap + non-mmap):         13818080 Byte
20220312 043132.562 INFO             PET0 PIOc_sync Enter - MemInfo: Wall-clock time since execution start:              0.0360685 seconds
20220312 043132.562 INFO             PET0 PIOc_sync Exit - MemInfo: [/proc/meminfo - SSI]	MemTotal:       196434604 kB
20220312 043132.562 INFO             PET0 PIOc_sync Exit - MemInfo: [/proc/meminfo - SSI]	MemFree:        189541448 kB
20220312 043132.562 INFO             PET0 PIOc_sync Exit - MemInfo: [/proc/meminfo - SSI]	MemAvailable:   191966360 kB
20220312 043132.562 INFO             PET0 PIOc_sync Exit - MemInfo: [/proc/meminfo - SSI]	Committed_AS:     656344 kB
20220312 043132.562 INFO             PET0 PIOc_sync Exit - MemInfo: [/proc/meminfo - SSI]	CommittedPercent: 0.334129 %
20220312 043132.562 INFO             PET0 PIOc_sync Exit - MemInfo: [/proc/self/status]	VmPeak:	  655216 kB
20220312 043132.562 INFO             PET0 PIOc_sync Exit - MemInfo: [/proc/self/status]	VmSize:	  654896 kB
20220312 043132.562 INFO             PET0 PIOc_sync Exit - MemInfo: [/proc/self/status]	VmLck:	       0 kB
20220312 043132.562 INFO             PET0 PIOc_sync Exit - MemInfo: [/proc/self/status]	VmPin:	       0 kB
20220312 043132.562 INFO             PET0 PIOc_sync Exit - MemInfo: [/proc/self/status]	VmHWM:	   64072 kB
20220312 043132.562 INFO             PET0 PIOc_sync Exit - MemInfo: [/proc/self/status]	VmRSS:	   32128 kB
20220312 043132.562 INFO             PET0 PIOc_sync Exit - MemInfo: [/proc/self/status]	VmData:	  195764 kB
20220312 043132.562 INFO             PET0 PIOc_sync Exit - MemInfo: [/proc/self/status]	VmStk:	     144 kB
20220312 043132.562 INFO             PET0 PIOc_sync Exit - MemInfo: [/proc/self/status]	VmExe:	     232 kB
20220312 043132.562 INFO             PET0 PIOc_sync Exit - MemInfo: [/proc/self/status]	VmLib:	   59892 kB
20220312 043132.562 INFO             PET0 PIOc_sync Exit - MemInfo: [/proc/self/status]	VmPTE:	     920 kB
20220312 043132.562 INFO             PET0 PIOc_sync Exit - MemInfo: [/proc/self/status]	VmSwap:	       0 kB
20220312 043132.562 INFO             PET0 PIOc_sync Exit - MemInfo: [/proc/self/status]	VmRSSPercent: 0.0163556 %
20220312 043132.562 INFO             PET0 PIOc_sync Exit - MemInfo: [malloc] Non-mmapped space allocated:                12566528 Byte
20220312 043132.562 INFO             PET0 PIOc_sync Exit - MemInfo: [malloc] Space allocated in mmapped regions:          1581056 Byte
20220312 043132.562 INFO             PET0 PIOc_sync Exit - MemInfo: [malloc] Maximum total allocated space:                     0 Byte
20220312 043132.562 INFO             PET0 PIOc_sync Exit - MemInfo: [malloc] Space in freed fastbin blocks:                  1536 Byte
20220312 043132.562 INFO             PET0 PIOc_sync Exit - MemInfo: [malloc] Total allocated space:                      12271952 Byte
20220312 043132.562 INFO             PET0 PIOc_sync Exit - MemInfo: [malloc] Total free space:                             294576 Byte
20220312 043132.562 INFO             PET0 PIOc_sync Exit - MemInfo: [malloc] Top-most, releasable space:                    90576 Byte
20220312 043132.562 INFO             PET0 PIOc_sync Exit - MemInfo: [malloc] Total space in use, mmap + non-mmap:        13853008 Byte
20220312 043132.562 INFO             PET0 PIOc_sync Exit - MemInfo: [malloc] Total space held (mmap + non-mmap):         14147584 Byte
20220312 043132.562 INFO             PET0 PIOc_sync Exit - MemInfo: [malloc] Total space used (mmap + non-mmap):         13862352 Byte
20220312 043132.562 INFO             PET0 PIOc_sync Exit - MemInfo: Wall-clock time since execution start:              0.0368424 seconds
20220312 043132.563 INFO             PET0 PIOc_freedecomp Enter - MemInfo: [/proc/meminfo - SSI]	MemTotal:       196434604 kB
20220312 043132.563 INFO             PET0 PIOc_freedecomp Enter - MemInfo: [/proc/meminfo - SSI]	MemFree:        189541448 kB
20220312 043132.563 INFO             PET0 PIOc_freedecomp Enter - MemInfo: [/proc/meminfo - SSI]	MemAvailable:   191966360 kB
20220312 043132.563 INFO             PET0 PIOc_freedecomp Enter - MemInfo: [/proc/meminfo - SSI]	Committed_AS:     656344 kB
20220312 043132.563 INFO             PET0 PIOc_freedecomp Enter - MemInfo: [/proc/meminfo - SSI]	CommittedPercent: 0.334129 %
20220312 043132.563 INFO             PET0 PIOc_freedecomp Enter - MemInfo: [/proc/self/status]	VmPeak:	  655216 kB
20220312 043132.563 INFO             PET0 PIOc_freedecomp Enter - MemInfo: [/proc/self/status]	VmSize:	  654896 kB
20220312 043132.563 INFO             PET0 PIOc_freedecomp Enter - MemInfo: [/proc/self/status]	VmLck:	       0 kB
20220312 043132.563 INFO             PET0 PIOc_freedecomp Enter - MemInfo: [/proc/self/status]	VmPin:	       0 kB
20220312 043132.563 INFO             PET0 PIOc_freedecomp Enter - MemInfo: [/proc/self/status]	VmHWM:	   64072 kB
20220312 043132.563 INFO             PET0 PIOc_freedecomp Enter - MemInfo: [/proc/self/status]	VmRSS:	   32128 kB
20220312 043132.563 INFO             PET0 PIOc_freedecomp Enter - MemInfo: [/proc/self/status]	VmData:	  195764 kB
20220312 043132.563 INFO             PET0 PIOc_freedecomp Enter - MemInfo: [/proc/self/status]	VmStk:	     144 kB
20220312 043132.563 INFO             PET0 PIOc_freedecomp Enter - MemInfo: [/proc/self/status]	VmExe:	     232 kB
20220312 043132.563 INFO             PET0 PIOc_freedecomp Enter - MemInfo: [/proc/self/status]	VmLib:	   59892 kB
20220312 043132.563 INFO             PET0 PIOc_freedecomp Enter - MemInfo: [/proc/self/status]	VmPTE:	     920 kB
20220312 043132.563 INFO             PET0 PIOc_freedecomp Enter - MemInfo: [/proc/self/status]	VmSwap:	       0 kB
20220312 043132.563 INFO             PET0 PIOc_freedecomp Enter - MemInfo: [/proc/self/status]	VmRSSPercent: 0.0163556 %
20220312 043132.563 INFO             PET0 PIOc_freedecomp Enter - MemInfo: [malloc] Non-mmapped space allocated:                12566528 Byte
20220312 043132.563 INFO             PET0 PIOc_freedecomp Enter - MemInfo: [malloc] Space allocated in mmapped regions:          1581056 Byte
20220312 043132.563 INFO             PET0 PIOc_freedecomp Enter - MemInfo: [malloc] Maximum total allocated space:                     0 Byte
20220312 043132.563 INFO             PET0 PIOc_freedecomp Enter - MemInfo: [malloc] Space in freed fastbin blocks:                  1760 Byte
20220312 043132.563 INFO             PET0 PIOc_freedecomp Enter - MemInfo: [malloc] Total allocated space:                       3344128 Byte
20220312 043132.563 INFO             PET0 PIOc_freedecomp Enter - MemInfo: [malloc] Total free space:                            9222400 Byte
20220312 043132.563 INFO             PET0 PIOc_freedecomp Enter - MemInfo: [malloc] Top-most, releasable space:                    90576 Byte
20220312 043132.563 INFO             PET0 PIOc_freedecomp Enter - MemInfo: [malloc] Total space in use, mmap + non-mmap:         4925184 Byte
20220312 043132.563 INFO             PET0 PIOc_freedecomp Enter - MemInfo: [malloc] Total space held (mmap + non-mmap):         14147584 Byte
20220312 043132.563 INFO             PET0 PIOc_freedecomp Enter - MemInfo: [malloc] Total space used (mmap + non-mmap):          4934528 Byte
20220312 043132.563 INFO             PET0 PIOc_freedecomp Enter - MemInfo: Wall-clock time since execution start:              0.0376409 seconds
20220312 043132.563 INFO             PET0 PIOc_freedecomp Exit - MemInfo: [/proc/meminfo - SSI]	MemTotal:       196434604 kB
20220312 043132.563 INFO             PET0 PIOc_freedecomp Exit - MemInfo: [/proc/meminfo - SSI]	MemFree:        189541448 kB
20220312 043132.563 INFO             PET0 PIOc_freedecomp Exit - MemInfo: [/proc/meminfo - SSI]	MemAvailable:   191966360 kB
20220312 043132.563 INFO             PET0 PIOc_freedecomp Exit - MemInfo: [/proc/meminfo - SSI]	Committed_AS:     656344 kB
20220312 043132.563 INFO             PET0 PIOc_freedecomp Exit - MemInfo: [/proc/meminfo - SSI]	CommittedPercent: 0.334129 %
20220312 043132.563 INFO             PET0 PIOc_freedecomp Exit - MemInfo: [/proc/self/status]	VmPeak:	  655216 kB
20220312 043132.563 INFO             PET0 PIOc_freedecomp Exit - MemInfo: [/proc/self/status]	VmSize:	  654896 kB
20220312 043132.563 INFO             PET0 PIOc_freedecomp Exit - MemInfo: [/proc/self/status]	VmLck:	       0 kB
20220312 043132.563 INFO             PET0 PIOc_freedecomp Exit - MemInfo: [/proc/self/status]	VmPin:	       0 kB
20220312 043132.563 INFO             PET0 PIOc_freedecomp Exit - MemInfo: [/proc/self/status]	VmHWM:	   64072 kB
20220312 043132.563 INFO             PET0 PIOc_freedecomp Exit - MemInfo: [/proc/self/status]	VmRSS:	   32128 kB
20220312 043132.563 INFO             PET0 PIOc_freedecomp Exit - MemInfo: [/proc/self/status]	VmData:	  195764 kB
20220312 043132.563 INFO             PET0 PIOc_freedecomp Exit - MemInfo: [/proc/self/status]	VmStk:	     144 kB
20220312 043132.563 INFO             PET0 PIOc_freedecomp Exit - MemInfo: [/proc/self/status]	VmExe:	     232 kB
20220312 043132.563 INFO             PET0 PIOc_freedecomp Exit - MemInfo: [/proc/self/status]	VmLib:	   59892 kB
20220312 043132.563 INFO             PET0 PIOc_freedecomp Exit - MemInfo: [/proc/self/status]	VmPTE:	     920 kB
20220312 043132.563 INFO             PET0 PIOc_freedecomp Exit - MemInfo: [/proc/self/status]	VmSwap:	       0 kB
20220312 043132.563 INFO             PET0 PIOc_freedecomp Exit - MemInfo: [/proc/self/status]	VmRSSPercent: 0.0163556 %
20220312 043132.563 INFO             PET0 PIOc_freedecomp Exit - MemInfo: [malloc] Non-mmapped space allocated:                12566528 Byte
20220312 043132.563 INFO             PET0 PIOc_freedecomp Exit - MemInfo: [malloc] Space allocated in mmapped regions:          1581056 Byte
20220312 043132.563 INFO             PET0 PIOc_freedecomp Exit - MemInfo: [malloc] Maximum total allocated space:                     0 Byte
20220312 043132.563 INFO             PET0 PIOc_freedecomp Exit - MemInfo: [malloc] Space in freed fastbin blocks:                  1648 Byte
20220312 043132.563 INFO             PET0 PIOc_freedecomp Exit - MemInfo: [malloc] Total allocated space:                       3331792 Byte
20220312 043132.563 INFO             PET0 PIOc_freedecomp Exit - MemInfo: [malloc] Total free space:                            9234736 Byte
20220312 043132.563 INFO             PET0 PIOc_freedecomp Exit - MemInfo: [malloc] Top-most, releasable space:                    99296 Byte
20220312 043132.563 INFO             PET0 PIOc_freedecomp Exit - MemInfo: [malloc] Total space in use, mmap + non-mmap:         4912848 Byte
20220312 043132.563 INFO             PET0 PIOc_freedecomp Exit - MemInfo: [malloc] Total space held (mmap + non-mmap):         14147584 Byte
20220312 043132.563 INFO             PET0 PIOc_freedecomp Exit - MemInfo: [malloc] Total space used (mmap + non-mmap):          4922192 Byte
20220312 043132.563 INFO             PET0 PIOc_freedecomp Exit - MemInfo: Wall-clock time since execution start:               0.038022 seconds
20220312 043132.564 INFO             PET0 PIOc_freedecomp Enter - MemInfo: [/proc/meminfo - SSI]	MemTotal:       196434604 kB
20220312 043132.564 INFO             PET0 PIOc_freedecomp Enter - MemInfo: [/proc/meminfo - SSI]	MemFree:        189541448 kB
20220312 043132.564 INFO             PET0 PIOc_freedecomp Enter - MemInfo: [/proc/meminfo - SSI]	MemAvailable:   191966360 kB
20220312 043132.564 INFO             PET0 PIOc_freedecomp Enter - MemInfo: [/proc/meminfo - SSI]	Committed_AS:     656344 kB
20220312 043132.564 INFO             PET0 PIOc_freedecomp Enter - MemInfo: [/proc/meminfo - SSI]	CommittedPercent: 0.334129 %
20220312 043132.564 INFO             PET0 PIOc_freedecomp Enter - MemInfo: [/proc/self/status]	VmPeak:	  655216 kB
20220312 043132.564 INFO             PET0 PIOc_freedecomp Enter - MemInfo: [/proc/self/status]	VmSize:	  654896 kB
20220312 043132.564 INFO             PET0 PIOc_freedecomp Enter - MemInfo: [/proc/self/status]	VmLck:	       0 kB
20220312 043132.564 INFO             PET0 PIOc_freedecomp Enter - MemInfo: [/proc/self/status]	VmPin:	       0 kB
20220312 043132.564 INFO             PET0 PIOc_freedecomp Enter - MemInfo: [/proc/self/status]	VmHWM:	   64072 kB
20220312 043132.564 INFO             PET0 PIOc_freedecomp Enter - MemInfo: [/proc/self/status]	VmRSS:	   32128 kB
20220312 043132.564 INFO             PET0 PIOc_freedecomp Enter - MemInfo: [/proc/self/status]	VmData:	  195764 kB
20220312 043132.564 INFO             PET0 PIOc_freedecomp Enter - MemInfo: [/proc/self/status]	VmStk:	     144 kB
20220312 043132.564 INFO             PET0 PIOc_freedecomp Enter - MemInfo: [/proc/self/status]	VmExe:	     232 kB
20220312 043132.564 INFO             PET0 PIOc_freedecomp Enter - MemInfo: [/proc/self/status]	VmLib:	   59892 kB
20220312 043132.564 INFO             PET0 PIOc_freedecomp Enter - MemInfo: [/proc/self/status]	VmPTE:	     920 kB
20220312 043132.564 INFO             PET0 PIOc_freedecomp Enter - MemInfo: [/proc/self/status]	VmSwap:	       0 kB
20220312 043132.564 INFO             PET0 PIOc_freedecomp Enter - MemInfo: [/proc/self/status]	VmRSSPercent: 0.0163556 %
20220312 043132.564 INFO             PET0 PIOc_freedecomp Enter - MemInfo: [malloc] Non-mmapped space allocated:                12566528 Byte
20220312 043132.564 INFO             PET0 PIOc_freedecomp Enter - MemInfo: [malloc] Space allocated in mmapped regions:          1581056 Byte
20220312 043132.564 INFO             PET0 PIOc_freedecomp Enter - MemInfo: [malloc] Maximum total allocated space:                     0 Byte
20220312 043132.564 INFO             PET0 PIOc_freedecomp Enter - MemInfo: [malloc] Space in freed fastbin blocks:                  2416 Byte
20220312 043132.564 INFO             PET0 PIOc_freedecomp Enter - MemInfo: [malloc] Total allocated space:                       3331664 Byte
20220312 043132.564 INFO             PET0 PIOc_freedecomp Enter - MemInfo: [malloc] Total free space:                            9234864 Byte
20220312 043132.564 INFO             PET0 PIOc_freedecomp Enter - MemInfo: [malloc] Top-most, releasable space:                    99296 Byte
20220312 043132.564 INFO             PET0 PIOc_freedecomp Enter - MemInfo: [malloc] Total space in use, mmap + non-mmap:         4912720 Byte
20220312 043132.564 INFO             PET0 PIOc_freedecomp Enter - MemInfo: [malloc] Total space held (mmap + non-mmap):         14147584 Byte
20220312 043132.564 INFO             PET0 PIOc_freedecomp Enter - MemInfo: [malloc] Total space used (mmap + non-mmap):          4922064 Byte
20220312 043132.564 INFO             PET0 PIOc_freedecomp Enter - MemInfo: Wall-clock time since execution start:              0.0383895 seconds
20220312 043132.564 INFO             PET0 PIOc_freedecomp Exit - MemInfo: [/proc/meminfo - SSI]	MemTotal:       196434604 kB
20220312 043132.564 INFO             PET0 PIOc_freedecomp Exit - MemInfo: [/proc/meminfo - SSI]	MemFree:        189541448 kB
20220312 043132.564 INFO             PET0 PIOc_freedecomp Exit - MemInfo: [/proc/meminfo - SSI]	MemAvailable:   191966360 kB
20220312 043132.564 INFO             PET0 PIOc_freedecomp Exit - MemInfo: [/proc/meminfo - SSI]	Committed_AS:     656344 kB
20220312 043132.564 INFO             PET0 PIOc_freedecomp Exit - MemInfo: [/proc/meminfo - SSI]	CommittedPercent: 0.334129 %
20220312 043132.564 INFO             PET0 PIOc_freedecomp Exit - MemInfo: [/proc/self/status]	VmPeak:	  655216 kB
20220312 043132.564 INFO             PET0 PIOc_freedecomp Exit - MemInfo: [/proc/self/status]	VmSize:	  654896 kB
20220312 043132.564 INFO             PET0 PIOc_freedecomp Exit - MemInfo: [/proc/self/status]	VmLck:	       0 kB
20220312 043132.564 INFO             PET0 PIOc_freedecomp Exit - MemInfo: [/proc/self/status]	VmPin:	       0 kB
20220312 043132.564 INFO             PET0 PIOc_freedecomp Exit - MemInfo: [/proc/self/status]	VmHWM:	   64072 kB
20220312 043132.564 INFO             PET0 PIOc_freedecomp Exit - MemInfo: [/proc/self/status]	VmRSS:	   32128 kB
20220312 043132.564 INFO             PET0 PIOc_freedecomp Exit - MemInfo: [/proc/self/status]	VmData:	  195764 kB
20220312 043132.564 INFO             PET0 PIOc_freedecomp Exit - MemInfo: [/proc/self/status]	VmStk:	     144 kB
20220312 043132.564 INFO             PET0 PIOc_freedecomp Exit - MemInfo: [/proc/self/status]	VmExe:	     232 kB
20220312 043132.564 INFO             PET0 PIOc_freedecomp Exit - MemInfo: [/proc/self/status]	VmLib:	   59892 kB
20220312 043132.564 INFO             PET0 PIOc_freedecomp Exit - MemInfo: [/proc/self/status]	VmPTE:	     920 kB
20220312 043132.564 INFO             PET0 PIOc_freedecomp Exit - MemInfo: [/proc/self/status]	VmSwap:	       0 kB
20220312 043132.564 INFO             PET0 PIOc_freedecomp Exit - MemInfo: [/proc/self/status]	VmRSSPercent: 0.0163556 %
20220312 043132.564 INFO             PET0 PIOc_freedecomp Exit - MemInfo: [malloc] Non-mmapped space allocated:                12566528 Byte
20220312 043132.564 INFO             PET0 PIOc_freedecomp Exit - MemInfo: [malloc] Space allocated in mmapped regions:          1581056 Byte
20220312 043132.564 INFO             PET0 PIOc_freedecomp Exit - MemInfo: [malloc] Maximum total allocated space:                     0 Byte
20220312 043132.564 INFO             PET0 PIOc_freedecomp Exit - MemInfo: [malloc] Space in freed fastbin blocks:                  2032 Byte
20220312 043132.564 INFO             PET0 PIOc_freedecomp Exit - MemInfo: [malloc] Total allocated space:                       3300624 Byte
20220312 043132.564 INFO             PET0 PIOc_freedecomp Exit - MemInfo: [malloc] Total free space:                            9265904 Byte
20220312 043132.564 INFO             PET0 PIOc_freedecomp Exit - MemInfo: [malloc] Top-most, releasable space:                   125824 Byte
20220312 043132.564 INFO             PET0 PIOc_freedecomp Exit - MemInfo: [malloc] Total space in use, mmap + non-mmap:         4881680 Byte
20220312 043132.564 INFO             PET0 PIOc_freedecomp Exit - MemInfo: [malloc] Total space held (mmap + non-mmap):         14147584 Byte
20220312 043132.564 INFO             PET0 PIOc_freedecomp Exit - MemInfo: [malloc] Total space used (mmap + non-mmap):          4891040 Byte
20220312 043132.564 INFO             PET0 PIOc_freedecomp Exit - MemInfo: Wall-clock time since execution start:              0.0387684 seconds
20220312 043132.564 INFO             PET0 PIOc_freedecomp Enter - MemInfo: [/proc/meminfo - SSI]	MemTotal:       196434604 kB
20220312 043132.564 INFO             PET0 PIOc_freedecomp Enter - MemInfo: [/proc/meminfo - SSI]	MemFree:        189541448 kB
20220312 043132.564 INFO             PET0 PIOc_freedecomp Enter - MemInfo: [/proc/meminfo - SSI]	MemAvailable:   191966360 kB
20220312 043132.564 INFO             PET0 PIOc_freedecomp Enter - MemInfo: [/proc/meminfo - SSI]	Committed_AS:     656344 kB
20220312 043132.564 INFO             PET0 PIOc_freedecomp Enter - MemInfo: [/proc/meminfo - SSI]	CommittedPercent: 0.334129 %
20220312 043132.564 INFO             PET0 PIOc_freedecomp Enter - MemInfo: [/proc/self/status]	VmPeak:	  655216 kB
20220312 043132.564 INFO             PET0 PIOc_freedecomp Enter - MemInfo: [/proc/self/status]	VmSize:	  654896 kB
20220312 043132.564 INFO             PET0 PIOc_freedecomp Enter - MemInfo: [/proc/self/status]	VmLck:	       0 kB
20220312 043132.564 INFO             PET0 PIOc_freedecomp Enter - MemInfo: [/proc/self/status]	VmPin:	       0 kB
20220312 043132.564 INFO             PET0 PIOc_freedecomp Enter - MemInfo: [/proc/self/status]	VmHWM:	   64072 kB
20220312 043132.564 INFO             PET0 PIOc_freedecomp Enter - MemInfo: [/proc/self/status]	VmRSS:	   32128 kB
20220312 043132.564 INFO             PET0 PIOc_freedecomp Enter - MemInfo: [/proc/self/status]	VmData:	  195764 kB
20220312 043132.564 INFO             PET0 PIOc_freedecomp Enter - MemInfo: [/proc/self/status]	VmStk:	     144 kB
20220312 043132.564 INFO             PET0 PIOc_freedecomp Enter - MemInfo: [/proc/self/status]	VmExe:	     232 kB
20220312 043132.565 INFO             PET0 PIOc_freedecomp Enter - MemInfo: [/proc/self/status]	VmLib:	   59892 kB
20220312 043132.565 INFO             PET0 PIOc_freedecomp Enter - MemInfo: [/proc/self/status]	VmPTE:	     920 kB
20220312 043132.565 INFO             PET0 PIOc_freedecomp Enter - MemInfo: [/proc/self/status]	VmSwap:	       0 kB
20220312 043132.565 INFO             PET0 PIOc_freedecomp Enter - MemInfo: [/proc/self/status]	VmRSSPercent: 0.0163556 %
20220312 043132.565 INFO             PET0 PIOc_freedecomp Enter - MemInfo: [malloc] Non-mmapped space allocated:                12566528 Byte
20220312 043132.565 INFO             PET0 PIOc_freedecomp Enter - MemInfo: [malloc] Space allocated in mmapped regions:          1581056 Byte
20220312 043132.565 INFO             PET0 PIOc_freedecomp Enter - MemInfo: [malloc] Maximum total allocated space:                     0 Byte
20220312 043132.565 INFO             PET0 PIOc_freedecomp Enter - MemInfo: [malloc] Space in freed fastbin blocks:                  2432 Byte
20220312 043132.565 INFO             PET0 PIOc_freedecomp Enter - MemInfo: [malloc] Total allocated space:                       3300496 Byte
20220312 043132.565 INFO             PET0 PIOc_freedecomp Enter - MemInfo: [malloc] Total free space:                            9266032 Byte
20220312 043132.565 INFO             PET0 PIOc_freedecomp Enter - MemInfo: [malloc] Top-most, releasable space:                   126896 Byte
20220312 043132.565 INFO             PET0 PIOc_freedecomp Enter - MemInfo: [malloc] Total space in use, mmap + non-mmap:         4881552 Byte
20220312 043132.565 INFO             PET0 PIOc_freedecomp Enter - MemInfo: [malloc] Total space held (mmap + non-mmap):         14147584 Byte
20220312 043132.565 INFO             PET0 PIOc_freedecomp Enter - MemInfo: [malloc] Total space used (mmap + non-mmap):          4890912 Byte
20220312 043132.565 INFO             PET0 PIOc_freedecomp Enter - MemInfo: Wall-clock time since execution start:              0.0391351 seconds
20220312 043132.565 INFO             PET0 PIOc_freedecomp Exit - MemInfo: [/proc/meminfo - SSI]	MemTotal:       196434604 kB
20220312 043132.565 INFO             PET0 PIOc_freedecomp Exit - MemInfo: [/proc/meminfo - SSI]	MemFree:        189541448 kB
20220312 043132.565 INFO             PET0 PIOc_freedecomp Exit - MemInfo: [/proc/meminfo - SSI]	MemAvailable:   191966360 kB
20220312 043132.565 INFO             PET0 PIOc_freedecomp Exit - MemInfo: [/proc/meminfo - SSI]	Committed_AS:     656344 kB
20220312 043132.565 INFO             PET0 PIOc_freedecomp Exit - MemInfo: [/proc/meminfo - SSI]	CommittedPercent: 0.334129 %
20220312 043132.565 INFO             PET0 PIOc_freedecomp Exit - MemInfo: [/proc/self/status]	VmPeak:	  655216 kB
20220312 043132.565 INFO             PET0 PIOc_freedecomp Exit - MemInfo: [/proc/self/status]	VmSize:	  654896 kB
20220312 043132.565 INFO             PET0 PIOc_freedecomp Exit - MemInfo: [/proc/self/status]	VmLck:	       0 kB
20220312 043132.565 INFO             PET0 PIOc_freedecomp Exit - MemInfo: [/proc/self/status]	VmPin:	       0 kB
20220312 043132.565 INFO             PET0 PIOc_freedecomp Exit - MemInfo: [/proc/self/status]	VmHWM:	   64072 kB
20220312 043132.565 INFO             PET0 PIOc_freedecomp Exit - MemInfo: [/proc/self/status]	VmRSS:	   32128 kB
20220312 043132.565 INFO             PET0 PIOc_freedecomp Exit - MemInfo: [/proc/self/status]	VmData:	  195764 kB
20220312 043132.565 INFO             PET0 PIOc_freedecomp Exit - MemInfo: [/proc/self/status]	VmStk:	     144 kB
20220312 043132.565 INFO             PET0 PIOc_freedecomp Exit - MemInfo: [/proc/self/status]	VmExe:	     232 kB
20220312 043132.565 INFO             PET0 PIOc_freedecomp Exit - MemInfo: [/proc/self/status]	VmLib:	   59892 kB
20220312 043132.565 INFO             PET0 PIOc_freedecomp Exit - MemInfo: [/proc/self/status]	VmPTE:	     920 kB
20220312 043132.565 INFO             PET0 PIOc_freedecomp Exit - MemInfo: [/proc/self/status]	VmSwap:	       0 kB
20220312 043132.565 INFO             PET0 PIOc_freedecomp Exit - MemInfo: [/proc/self/status]	VmRSSPercent: 0.0163556 %
20220312 043132.565 INFO             PET0 PIOc_freedecomp Exit - MemInfo: [malloc] Non-mmapped space allocated:                12566528 Byte
20220312 043132.565 INFO             PET0 PIOc_freedecomp Exit - MemInfo: [malloc] Space allocated in mmapped regions:          1581056 Byte
20220312 043132.565 INFO             PET0 PIOc_freedecomp Exit - MemInfo: [malloc] Maximum total allocated space:                     0 Byte
20220312 043132.565 INFO             PET0 PIOc_freedecomp Exit - MemInfo: [malloc] Space in freed fastbin blocks:                  1808 Byte
20220312 043132.565 INFO             PET0 PIOc_freedecomp Exit - MemInfo: [malloc] Total allocated space:                       3287520 Byte
20220312 043132.565 INFO             PET0 PIOc_freedecomp Exit - MemInfo: [malloc] Total free space:                            9279008 Byte
20220312 043132.565 INFO             PET0 PIOc_freedecomp Exit - MemInfo: [malloc] Top-most, releasable space:                   131920 Byte
20220312 043132.565 INFO             PET0 PIOc_freedecomp Exit - MemInfo: [malloc] Total space in use, mmap + non-mmap:         4868576 Byte
20220312 043132.565 INFO             PET0 PIOc_freedecomp Exit - MemInfo: [malloc] Total space held (mmap + non-mmap):         14147584 Byte
20220312 043132.565 INFO             PET0 PIOc_freedecomp Exit - MemInfo: [malloc] Total space used (mmap + non-mmap):          4877936 Byte
20220312 043132.565 INFO             PET0 PIOc_freedecomp Exit - MemInfo: Wall-clock time since execution start:              0.0395063 seconds
20220312 043132.565 INFO             PET0  PASS  Writing a FieldBundle to a single file with timeslice Test, ESMF_FieldBundleIOUTest.F90, line 388
20220312 043132.565 INFO             PET0  PASS  Create attribute package on FieldBundle multi Test, ESMF_FieldBundleIOUTest.F90, line 404
20220312 043132.565 INFO             PET0  PASS  Set attribute values on FieldBundle multi Test, ESMF_FieldBundleIOUTest.F90, line 417
20220312 043132.567 INFO             PET0 PIOc_sync Enter - MemInfo: [/proc/meminfo - SSI]	MemTotal:       196434604 kB
20220312 043132.567 INFO             PET0 PIOc_sync Enter - MemInfo: [/proc/meminfo - SSI]	MemFree:        189541448 kB
20220312 043132.567 INFO             PET0 PIOc_sync Enter - MemInfo: [/proc/meminfo - SSI]	MemAvailable:   191966360 kB
20220312 043132.567 INFO             PET0 PIOc_sync Enter - MemInfo: [/proc/meminfo - SSI]	Committed_AS:     656344 kB
20220312 043132.567 INFO             PET0 PIOc_sync Enter - MemInfo: [/proc/meminfo - SSI]	CommittedPercent: 0.334129 %
20220312 043132.567 INFO             PET0 PIOc_sync Enter - MemInfo: [/proc/self/status]	VmPeak:	  655216 kB
20220312 043132.567 INFO             PET0 PIOc_sync Enter - MemInfo: [/proc/self/status]	VmSize:	  654896 kB
20220312 043132.567 INFO             PET0 PIOc_sync Enter - MemInfo: [/proc/self/status]	VmLck:	       0 kB
20220312 043132.567 INFO             PET0 PIOc_sync Enter - MemInfo: [/proc/self/status]	VmPin:	       0 kB
20220312 043132.567 INFO             PET0 PIOc_sync Enter - MemInfo: [/proc/self/status]	VmHWM:	   64072 kB
20220312 043132.567 INFO             PET0 PIOc_sync Enter - MemInfo: [/proc/self/status]	VmRSS:	   32132 kB
20220312 043132.567 INFO             PET0 PIOc_sync Enter - MemInfo: [/proc/self/status]	VmData:	  195764 kB
20220312 043132.567 INFO             PET0 PIOc_sync Enter - MemInfo: [/proc/self/status]	VmStk:	     144 kB
20220312 043132.567 INFO             PET0 PIOc_sync Enter - MemInfo: [/proc/self/status]	VmExe:	     232 kB
20220312 043132.567 INFO             PET0 PIOc_sync Enter - MemInfo: [/proc/self/status]	VmLib:	   59892 kB
20220312 043132.567 INFO             PET0 PIOc_sync Enter - MemInfo: [/proc/self/status]	VmPTE:	     920 kB
20220312 043132.567 INFO             PET0 PIOc_sync Enter - MemInfo: [/proc/self/status]	VmSwap:	       0 kB
20220312 043132.567 INFO             PET0 PIOc_sync Enter - MemInfo: [/proc/self/status]	VmRSSPercent: 0.0163576 %
20220312 043132.567 INFO             PET0 PIOc_sync Enter - MemInfo: [malloc] Non-mmapped space allocated:                12566528 Byte
20220312 043132.568 INFO             PET0 PIOc_sync Enter - MemInfo: [malloc] Space allocated in mmapped regions:          1581056 Byte
20220312 043132.568 INFO             PET0 PIOc_sync Enter - MemInfo: [malloc] Maximum total allocated space:                     0 Byte
20220312 043132.568 INFO             PET0 PIOc_sync Enter - MemInfo: [malloc] Space in freed fastbin blocks:                  1664 Byte
20220312 043132.568 INFO             PET0 PIOc_sync Enter - MemInfo: [malloc] Total allocated space:                      12220080 Byte
20220312 043132.568 INFO             PET0 PIOc_sync Enter - MemInfo: [malloc] Total free space:                             346448 Byte
20220312 043132.568 INFO             PET0 PIOc_sync Enter - MemInfo: [malloc] Top-most, releasable space:                   132912 Byte
20220312 043132.568 INFO             PET0 PIOc_sync Enter - MemInfo: [malloc] Total space in use, mmap + non-mmap:        13801136 Byte
20220312 043132.568 INFO             PET0 PIOc_sync Enter - MemInfo: [malloc] Total space held (mmap + non-mmap):         14147584 Byte
20220312 043132.568 INFO             PET0 PIOc_sync Enter - MemInfo: [malloc] Total space used (mmap + non-mmap):         13810480 Byte
20220312 043132.568 INFO             PET0 PIOc_sync Enter - MemInfo: Wall-clock time since execution start:               0.042114 seconds
20220312 043132.568 INFO             PET0 PIOc_sync Exit - MemInfo: [/proc/meminfo - SSI]	MemTotal:       196434604 kB
20220312 043132.568 INFO             PET0 PIOc_sync Exit - MemInfo: [/proc/meminfo - SSI]	MemFree:        189541448 kB
20220312 043132.568 INFO             PET0 PIOc_sync Exit - MemInfo: [/proc/meminfo - SSI]	MemAvailable:   191966360 kB
20220312 043132.568 INFO             PET0 PIOc_sync Exit - MemInfo: [/proc/meminfo - SSI]	Committed_AS:     656344 kB
20220312 043132.568 INFO             PET0 PIOc_sync Exit - MemInfo: [/proc/meminfo - SSI]	CommittedPercent: 0.334129 %
20220312 043132.568 INFO             PET0 PIOc_sync Exit - MemInfo: [/proc/self/status]	VmPeak:	  655216 kB
20220312 043132.568 INFO             PET0 PIOc_sync Exit - MemInfo: [/proc/self/status]	VmSize:	  654896 kB
20220312 043132.568 INFO             PET0 PIOc_sync Exit - MemInfo: [/proc/self/status]	VmLck:	       0 kB
20220312 043132.568 INFO             PET0 PIOc_sync Exit - MemInfo: [/proc/self/status]	VmPin:	       0 kB
20220312 043132.568 INFO             PET0 PIOc_sync Exit - MemInfo: [/proc/self/status]	VmHWM:	   64072 kB
20220312 043132.568 INFO             PET0 PIOc_sync Exit - MemInfo: [/proc/self/status]	VmRSS:	   32136 kB
20220312 043132.568 INFO             PET0 PIOc_sync Exit - MemInfo: [/proc/self/status]	VmData:	  195764 kB
20220312 043132.568 INFO             PET0 PIOc_sync Exit - MemInfo: [/proc/self/status]	VmStk:	     144 kB
20220312 043132.568 INFO             PET0 PIOc_sync Exit - MemInfo: [/proc/self/status]	VmExe:	     232 kB
20220312 043132.568 INFO             PET0 PIOc_sync Exit - MemInfo: [/proc/self/status]	VmLib:	   59892 kB
20220312 043132.568 INFO             PET0 PIOc_sync Exit - MemInfo: [/proc/self/status]	VmPTE:	     920 kB
20220312 043132.568 INFO             PET0 PIOc_sync Exit - MemInfo: [/proc/self/status]	VmSwap:	       0 kB
20220312 043132.568 INFO             PET0 PIOc_sync Exit - MemInfo: [/proc/self/status]	VmRSSPercent: 0.0163596 %
20220312 043132.568 INFO             PET0 PIOc_sync Exit - MemInfo: [malloc] Non-mmapped space allocated:                12566528 Byte
20220312 043132.568 INFO             PET0 PIOc_sync Exit - MemInfo: [malloc] Space allocated in mmapped regions:          1581056 Byte
20220312 043132.568 INFO             PET0 PIOc_sync Exit - MemInfo: [malloc] Maximum total allocated space:                     0 Byte
20220312 043132.568 INFO             PET0 PIOc_sync Exit - MemInfo: [malloc] Space in freed fastbin blocks:                  1584 Byte
20220312 043132.568 INFO             PET0 PIOc_sync Exit - MemInfo: [malloc] Total allocated space:                      12228432 Byte
20220312 043132.568 INFO             PET0 PIOc_sync Exit - MemInfo: [malloc] Total free space:                             338096 Byte
20220312 043132.568 INFO             PET0 PIOc_sync Exit - MemInfo: [malloc] Top-most, releasable space:                   129360 Byte
20220312 043132.568 INFO             PET0 PIOc_sync Exit - MemInfo: [malloc] Total space in use, mmap + non-mmap:        13809488 Byte
20220312 043132.568 INFO             PET0 PIOc_sync Exit - MemInfo: [malloc] Total space held (mmap + non-mmap):         14147584 Byte
20220312 043132.568 INFO             PET0 PIOc_sync Exit - MemInfo: [malloc] Total space used (mmap + non-mmap):         13818832 Byte
20220312 043132.568 INFO             PET0 PIOc_sync Exit - MemInfo: Wall-clock time since execution start:              0.0425447 seconds
20220312 043132.568 WARNING          PET0 ESMCI_PIO_Handler.C:1501 ESMCI::PIO_Handler::isOpen() File, multi.nc001, closed by PIO
20220312 043132.568 WARNING          PET0 ESMCI_PIO_Handler.C:1501 ESMCI::PIO_Handler::isOpen() File, multi.nc001, closed by PIO
20220312 043132.568 WARNING          PET0 ESMCI_PIO_Handler.C:1501 ESMCI::PIO_Handler::isOpen() File, multi.nc001, closed by PIO
20220312 043132.568 WARNING          PET0 ESMCI_PIO_Handler.C:1501 ESMCI::PIO_Handler::isOpen() File, multi.nc002, closed by PIO
20220312 043132.570 INFO             PET0 PIOc_sync Enter - MemInfo: [/proc/meminfo - SSI]	MemTotal:       196434604 kB
20220312 043132.570 INFO             PET0 PIOc_sync Enter - MemInfo: [/proc/meminfo - SSI]	MemFree:        189540928 kB
