build time -- 2022-03-13 03:14:43
20220313 032534.318 INFO             PET0 !!!!!!!!!!!!!!!!!!!!!!!!!!!!!!!!!!!!!!!!!!!!!!!!!!!!!!
20220313 032534.318 INFO             PET0 !!! THE ESMF_LOG IS SET TO OUTPUT ALL LOG MESSAGES !!!
20220313 032534.318 INFO             PET0 !!!     THIS MAY CAUSE SLOWDOWN IN PERFORMANCE     !!!
20220313 032534.318 INFO             PET0 !!! FOR PRODUCTION RUNS, USE:                      !!!
20220313 032534.318 INFO             PET0 !!!                   ESMF_LOGKIND_Multi_On_Error  !!!
20220313 032534.318 INFO             PET0 !!!!!!!!!!!!!!!!!!!!!!!!!!!!!!!!!!!!!!!!!!!!!!!!!!!!!!
20220313 032534.318 INFO             PET0 Running with ESMF Version   : v8.3.0b09-96-g559b459
20220313 032534.318 INFO             PET0 ESMF library build date/time: "Mar 13 2022" "03:13:32"
20220313 032534.318 INFO             PET0 ESMF library build location : /work/noaa/da/mpotts/sandbox/gfortran_8.3.0_openmpi_O_jedwards_pio_update2
20220313 032534.318 INFO             PET0 ESMF_COMM                   : openmpi
20220313 032534.319 INFO             PET0 ESMF_MOAB                   : enabled
20220313 032534.319 INFO             PET0 ESMF_LAPACK                 : enabled
20220313 032534.319 INFO             PET0 ESMF_NETCDF                 : enabled
20220313 032534.319 INFO             PET0 ESMF_PNETCDF                : disabled
20220313 032534.319 INFO             PET0 ESMF_PIO                    : enabled
20220313 032534.319 INFO             PET0 ESMF_YAMLCPP                : enabled
20220313 032534.319 INFO             PET0  Beginning Test, file ESMF_FieldBundleIOUTest.F90, line 71
20220313 032534.319 INFO             PET0  NUMBER_OF_PROCESSORS           4
20220313 032534.319 INFO             PET0  PASS  Creating a Grid to use in Field Tests, ESMF_FieldBundleIOUTest.F90, line 92
20220313 032534.320 INFO             PET0  PASS  Create dimensions attribute package on shared Grid Test, ESMF_FieldBundleIOUTest.F90, line 102
20220313 032534.320 INFO             PET0  PASS  Set dimensions attribute package on Grid Test, ESMF_FieldBundleIOUTest.F90, line 113
20220313 032534.320 INFO             PET0  PASS  Creating a 2 DE/PET Grid to use in Field Tests, ESMF_FieldBundleIOUTest.F90, line 123
20220313 032534.320 INFO             PET0  PASS  Create dimensions attribute package on 2 DE/PET Grid Test, ESMF_FieldBundleIOUTest.F90, line 133
20220313 032534.320 INFO             PET0  PASS  Set dimensions attribute package on Grid Test, ESMF_FieldBundleIOUTest.F90, line 144
20220313 032534.320 INFO             PET0  PASS  Create a field from grid and fortran dummy array, ESMF_FieldBundleIOUTest.F90, line 182
20220313 032534.321 INFO             PET0  PASS  Create attribute package on Field(1) Test, ESMF_FieldBundleIOUTest.F90, line 195
20220313 032534.321 INFO             PET0  PASS  Set attribute values on Field(1) Test, ESMF_FieldBundleIOUTest.F90, line 208
20220313 032534.321 INFO             PET0  PASS  Create a field from grid and fortran dummy array, ESMF_FieldBundleIOUTest.F90, line 218
20220313 032534.321 INFO             PET0  PASS  Create attribute package on Field(2) Test, ESMF_FieldBundleIOUTest.F90, line 230
20220313 032534.321 INFO             PET0  PASS  Set attribute values on Field(2) Test, ESMF_FieldBundleIOUTest.F90, line 243
20220313 032534.321 INFO             PET0  PASS  Array Spec Set, ESMF_FieldBundleIOUTest.F90, line 253
20220313 032534.321 INFO             PET0  PASS  Create a field from 2 DE/PET grid, ESMF_FieldBundleIOUTest.F90, line 263
20220313 032534.321 INFO             PET0  PASS  Create attribute package on Field(3) Test, ESMF_FieldBundleIOUTest.F90, line 275
20220313 032534.321 INFO             PET0  PASS  Set attribute values on Field(3) Test, ESMF_FieldBundleIOUTest.F90, line 288
20220313 032534.321 INFO             PET0  PASS  Get and fill Farray_w from field DE 0, ESMF_FieldBundleIOUTest.F90, line 298
20220313 032534.321 INFO             PET0  PASS  Get and fill Farray_w from field DE 1, ESMF_FieldBundleIOUTest.F90, line 308
20220313 032534.321 INFO             PET0  PASS  Create a bundle from 3 fields, ESMF_FieldBundleIOUTest.F90, line 317
20220313 032534.321 INFO             PET0  PASS  Create attribute package on FieldBundle single Test, ESMF_FieldBundleIOUTest.F90, line 329
20220313 032534.321 INFO             PET0  PASS  Set attribute values on FieldBundle single Test, ESMF_FieldBundleIOUTest.F90, line 342
20220313 032534.331 INFO             PET0 PIOc_sync Enter - MemInfo: [/proc/meminfo - SSI]	MemTotal:       196434604 kB
20220313 032534.331 INFO             PET0 PIOc_sync Enter - MemInfo: [/proc/meminfo - SSI]	MemFree:        186403364 kB
20220313 032534.331 INFO             PET0 PIOc_sync Enter - MemInfo: [/proc/meminfo - SSI]	MemAvailable:   191843196 kB
20220313 032534.331 INFO             PET0 PIOc_sync Enter - MemInfo: [/proc/meminfo - SSI]	Committed_AS:     654432 kB
20220313 032534.331 INFO             PET0 PIOc_sync Enter - MemInfo: [/proc/meminfo - SSI]	CommittedPercent: 0.333155 %
20220313 032534.331 INFO             PET0 PIOc_sync Enter - MemInfo: [/proc/self/status]	VmPeak:	  655216 kB
20220313 032534.331 INFO             PET0 PIOc_sync Enter - MemInfo: [/proc/self/status]	VmSize:	  655216 kB
20220313 032534.331 INFO             PET0 PIOc_sync Enter - MemInfo: [/proc/self/status]	VmLck:	       0 kB
20220313 032534.331 INFO             PET0 PIOc_sync Enter - MemInfo: [/proc/self/status]	VmPin:	       0 kB
20220313 032534.331 INFO             PET0 PIOc_sync Enter - MemInfo: [/proc/self/status]	VmHWM:	   64088 kB
20220313 032534.331 INFO             PET0 PIOc_sync Enter - MemInfo: [/proc/self/status]	VmRSS:	   31400 kB
20220313 032534.331 INFO             PET0 PIOc_sync Enter - MemInfo: [/proc/self/status]	VmData:	  196084 kB
20220313 032534.331 INFO             PET0 PIOc_sync Enter - MemInfo: [/proc/self/status]	VmStk:	     144 kB
20220313 032534.331 INFO             PET0 PIOc_sync Enter - MemInfo: [/proc/self/status]	VmExe:	     232 kB
20220313 032534.331 INFO             PET0 PIOc_sync Enter - MemInfo: [/proc/self/status]	VmLib:	   59892 kB
20220313 032534.331 INFO             PET0 PIOc_sync Enter - MemInfo: [/proc/self/status]	VmPTE:	     924 kB
20220313 032534.331 INFO             PET0 PIOc_sync Enter - MemInfo: [/proc/self/status]	VmSwap:	       0 kB
20220313 032534.331 INFO             PET0 PIOc_sync Enter - MemInfo: [/proc/self/status]	VmRSSPercent: 0.015985 %
20220313 032534.331 INFO             PET0 PIOc_sync Enter - MemInfo: [malloc] Non-mmapped space allocated:                 3973120 Byte
20220313 032534.331 INFO             PET0 PIOc_sync Enter - MemInfo: [malloc] Space allocated in mmapped regions:         10502144 Byte
20220313 032534.331 INFO             PET0 PIOc_sync Enter - MemInfo: [malloc] Maximum total allocated space:                     0 Byte
20220313 032534.331 INFO             PET0 PIOc_sync Enter - MemInfo: [malloc] Space in freed fastbin blocks:                  3008 Byte
20220313 032534.331 INFO             PET0 PIOc_sync Enter - MemInfo: [malloc] Total allocated space:                       3308608 Byte
20220313 032534.331 INFO             PET0 PIOc_sync Enter - MemInfo: [malloc] Total free space:                             664512 Byte
20220313 032534.331 INFO             PET0 PIOc_sync Enter - MemInfo: [malloc] Top-most, releasable space:                   452448 Byte
20220313 032534.331 INFO             PET0 PIOc_sync Enter - MemInfo: [malloc] Total space in use, mmap + non-mmap:        13810752 Byte
20220313 032534.331 INFO             PET0 PIOc_sync Enter - MemInfo: [malloc] Total space held (mmap + non-mmap):         14475264 Byte
20220313 032534.331 INFO             PET0 PIOc_sync Enter - MemInfo: [malloc] Total space used (mmap + non-mmap):         13820096 Byte
20220313 032534.331 INFO             PET0 PIOc_sync Enter - MemInfo: Wall-clock time since execution start:              0.0163614 seconds
20220313 032534.332 INFO             PET0 PIOc_sync Exit - MemInfo: [/proc/meminfo - SSI]	MemTotal:       196434604 kB
20220313 032534.332 INFO             PET0 PIOc_sync Exit - MemInfo: [/proc/meminfo - SSI]	MemFree:        186403364 kB
20220313 032534.332 INFO             PET0 PIOc_sync Exit - MemInfo: [/proc/meminfo - SSI]	MemAvailable:   191843196 kB
20220313 032534.332 INFO             PET0 PIOc_sync Exit - MemInfo: [/proc/meminfo - SSI]	Committed_AS:     654432 kB
20220313 032534.332 INFO             PET0 PIOc_sync Exit - MemInfo: [/proc/meminfo - SSI]	CommittedPercent: 0.333155 %
20220313 032534.332 INFO             PET0 PIOc_sync Exit - MemInfo: [/proc/self/status]	VmPeak:	  655216 kB
20220313 032534.332 INFO             PET0 PIOc_sync Exit - MemInfo: [/proc/self/status]	VmSize:	  655216 kB
20220313 032534.332 INFO             PET0 PIOc_sync Exit - MemInfo: [/proc/self/status]	VmLck:	       0 kB
20220313 032534.332 INFO             PET0 PIOc_sync Exit - MemInfo: [/proc/self/status]	VmPin:	       0 kB
20220313 032534.332 INFO             PET0 PIOc_sync Exit - MemInfo: [/proc/self/status]	VmHWM:	   64088 kB
20220313 032534.332 INFO             PET0 PIOc_sync Exit - MemInfo: [/proc/self/status]	VmRSS:	   31580 kB
20220313 032534.332 INFO             PET0 PIOc_sync Exit - MemInfo: [/proc/self/status]	VmData:	  196084 kB
20220313 032534.332 INFO             PET0 PIOc_sync Exit - MemInfo: [/proc/self/status]	VmStk:	     144 kB
20220313 032534.332 INFO             PET0 PIOc_sync Exit - MemInfo: [/proc/self/status]	VmExe:	     232 kB
20220313 032534.332 INFO             PET0 PIOc_sync Exit - MemInfo: [/proc/self/status]	VmLib:	   59892 kB
20220313 032534.332 INFO             PET0 PIOc_sync Exit - MemInfo: [/proc/self/status]	VmPTE:	     924 kB
20220313 032534.332 INFO             PET0 PIOc_sync Exit - MemInfo: [/proc/self/status]	VmSwap:	       0 kB
20220313 032534.332 INFO             PET0 PIOc_sync Exit - MemInfo: [/proc/self/status]	VmRSSPercent: 0.0160766 %
20220313 032534.332 INFO             PET0 PIOc_sync Exit - MemInfo: [malloc] Non-mmapped space allocated:                 3973120 Byte
20220313 032534.332 INFO             PET0 PIOc_sync Exit - MemInfo: [malloc] Space allocated in mmapped regions:         10502144 Byte
20220313 032534.332 INFO             PET0 PIOc_sync Exit - MemInfo: [malloc] Maximum total allocated space:                     0 Byte
20220313 032534.332 INFO             PET0 PIOc_sync Exit - MemInfo: [malloc] Space in freed fastbin blocks:                  1600 Byte
20220313 032534.332 INFO             PET0 PIOc_sync Exit - MemInfo: [malloc] Total allocated space:                       3352928 Byte
20220313 032534.332 INFO             PET0 PIOc_sync Exit - MemInfo: [malloc] Total free space:                             620192 Byte
20220313 032534.332 INFO             PET0 PIOc_sync Exit - MemInfo: [malloc] Top-most, releasable space:                   415280 Byte
20220313 032534.332 INFO             PET0 PIOc_sync Exit - MemInfo: [malloc] Total space in use, mmap + non-mmap:        13855072 Byte
20220313 032534.332 INFO             PET0 PIOc_sync Exit - MemInfo: [malloc] Total space held (mmap + non-mmap):         14475264 Byte
20220313 032534.332 INFO             PET0 PIOc_sync Exit - MemInfo: [malloc] Total space used (mmap + non-mmap):         13864432 Byte
20220313 032534.332 INFO             PET0 PIOc_sync Exit - MemInfo: Wall-clock time since execution start:              0.0175591 seconds
20220313 032534.333 INFO             PET0 PIOc_freedecomp Enter - MemInfo: [/proc/meminfo - SSI]	MemTotal:       196434604 kB
20220313 032534.333 INFO             PET0 PIOc_freedecomp Enter - MemInfo: [/proc/meminfo - SSI]	MemFree:        186410376 kB
20220313 032534.333 INFO             PET0 PIOc_freedecomp Enter - MemInfo: [/proc/meminfo - SSI]	MemAvailable:   191850208 kB
20220313 032534.333 INFO             PET0 PIOc_freedecomp Enter - MemInfo: [/proc/meminfo - SSI]	Committed_AS:     646548 kB
20220313 032534.333 INFO             PET0 PIOc_freedecomp Enter - MemInfo: [/proc/meminfo - SSI]	CommittedPercent: 0.329142 %
20220313 032534.333 INFO             PET0 PIOc_freedecomp Enter - MemInfo: [/proc/self/status]	VmPeak:	  655216 kB
20220313 032534.333 INFO             PET0 PIOc_freedecomp Enter - MemInfo: [/proc/self/status]	VmSize:	  646504 kB
20220313 032534.333 INFO             PET0 PIOc_freedecomp Enter - MemInfo: [/proc/self/status]	VmLck:	       0 kB
20220313 032534.333 INFO             PET0 PIOc_freedecomp Enter - MemInfo: [/proc/self/status]	VmPin:	       0 kB
20220313 032534.333 INFO             PET0 PIOc_freedecomp Enter - MemInfo: [/proc/self/status]	VmHWM:	   64088 kB
20220313 032534.333 INFO             PET0 PIOc_freedecomp Enter - MemInfo: [/proc/self/status]	VmRSS:	   23380 kB
20220313 032534.333 INFO             PET0 PIOc_freedecomp Enter - MemInfo: [/proc/self/status]	VmData:	  187372 kB
20220313 032534.333 INFO             PET0 PIOc_freedecomp Enter - MemInfo: [/proc/self/status]	VmStk:	     144 kB
20220313 032534.333 INFO             PET0 PIOc_freedecomp Enter - MemInfo: [/proc/self/status]	VmExe:	     232 kB
20220313 032534.333 INFO             PET0 PIOc_freedecomp Enter - MemInfo: [/proc/self/status]	VmLib:	   59892 kB
20220313 032534.333 INFO             PET0 PIOc_freedecomp Enter - MemInfo: [/proc/self/status]	VmPTE:	     904 kB
20220313 032534.333 INFO             PET0 PIOc_freedecomp Enter - MemInfo: [/proc/self/status]	VmSwap:	       0 kB
20220313 032534.333 INFO             PET0 PIOc_freedecomp Enter - MemInfo: [/proc/self/status]	VmRSSPercent: 0.0119022 %
20220313 032534.333 INFO             PET0 PIOc_freedecomp Enter - MemInfo: [malloc] Non-mmapped space allocated:                 3973120 Byte
20220313 032534.333 INFO             PET0 PIOc_freedecomp Enter - MemInfo: [malloc] Space allocated in mmapped regions:          1581056 Byte
20220313 032534.333 INFO             PET0 PIOc_freedecomp Enter - MemInfo: [malloc] Maximum total allocated space:                     0 Byte
20220313 032534.333 INFO             PET0 PIOc_freedecomp Enter - MemInfo: [malloc] Space in freed fastbin blocks:                  4592 Byte
20220313 032534.333 INFO             PET0 PIOc_freedecomp Enter - MemInfo: [malloc] Total allocated space:                       3337536 Byte
20220313 032534.333 INFO             PET0 PIOc_freedecomp Enter - MemInfo: [malloc] Total free space:                             635584 Byte
20220313 032534.334 INFO             PET0 PIOc_freedecomp Enter - MemInfo: [malloc] Top-most, releasable space:                   415280 Byte
20220313 032534.334 INFO             PET0 PIOc_freedecomp Enter - MemInfo: [malloc] Total space in use, mmap + non-mmap:         4918592 Byte
20220313 032534.334 INFO             PET0 PIOc_freedecomp Enter - MemInfo: [malloc] Total space held (mmap + non-mmap):          5554176 Byte
20220313 032534.334 INFO             PET0 PIOc_freedecomp Enter - MemInfo: [malloc] Total space used (mmap + non-mmap):          4927952 Byte
20220313 032534.334 INFO             PET0 PIOc_freedecomp Enter - MemInfo: Wall-clock time since execution start:              0.0188472 seconds
20220313 032534.334 INFO             PET0 PIOc_freedecomp Exit - MemInfo: [/proc/meminfo - SSI]	MemTotal:       196434604 kB
20220313 032534.334 INFO             PET0 PIOc_freedecomp Exit - MemInfo: [/proc/meminfo - SSI]	MemFree:        186410376 kB
20220313 032534.334 INFO             PET0 PIOc_freedecomp Exit - MemInfo: [/proc/meminfo - SSI]	MemAvailable:   191850208 kB
20220313 032534.334 INFO             PET0 PIOc_freedecomp Exit - MemInfo: [/proc/meminfo - SSI]	Committed_AS:     646548 kB
20220313 032534.334 INFO             PET0 PIOc_freedecomp Exit - MemInfo: [/proc/meminfo - SSI]	CommittedPercent: 0.329142 %
20220313 032534.334 INFO             PET0 PIOc_freedecomp Exit - MemInfo: [/proc/self/status]	VmPeak:	  655216 kB
20220313 032534.334 INFO             PET0 PIOc_freedecomp Exit - MemInfo: [/proc/self/status]	VmSize:	  646504 kB
20220313 032534.334 INFO             PET0 PIOc_freedecomp Exit - MemInfo: [/proc/self/status]	VmLck:	       0 kB
20220313 032534.334 INFO             PET0 PIOc_freedecomp Exit - MemInfo: [/proc/self/status]	VmPin:	       0 kB
20220313 032534.334 INFO             PET0 PIOc_freedecomp Exit - MemInfo: [/proc/self/status]	VmHWM:	   64088 kB
20220313 032534.334 INFO             PET0 PIOc_freedecomp Exit - MemInfo: [/proc/self/status]	VmRSS:	   23380 kB
20220313 032534.334 INFO             PET0 PIOc_freedecomp Exit - MemInfo: [/proc/self/status]	VmData:	  187372 kB
20220313 032534.334 INFO             PET0 PIOc_freedecomp Exit - MemInfo: [/proc/self/status]	VmStk:	     144 kB
20220313 032534.334 INFO             PET0 PIOc_freedecomp Exit - MemInfo: [/proc/self/status]	VmExe:	     232 kB
20220313 032534.334 INFO             PET0 PIOc_freedecomp Exit - MemInfo: [/proc/self/status]	VmLib:	   59892 kB
20220313 032534.334 INFO             PET0 PIOc_freedecomp Exit - MemInfo: [/proc/self/status]	VmPTE:	     904 kB
20220313 032534.334 INFO             PET0 PIOc_freedecomp Exit - MemInfo: [/proc/self/status]	VmSwap:	       0 kB
20220313 032534.334 INFO             PET0 PIOc_freedecomp Exit - MemInfo: [/proc/self/status]	VmRSSPercent: 0.0119022 %
20220313 032534.334 INFO             PET0 PIOc_freedecomp Exit - MemInfo: [malloc] Non-mmapped space allocated:                 3973120 Byte
20220313 032534.334 INFO             PET0 PIOc_freedecomp Exit - MemInfo: [malloc] Space allocated in mmapped regions:          1581056 Byte
20220313 032534.334 INFO             PET0 PIOc_freedecomp Exit - MemInfo: [malloc] Maximum total allocated space:                     0 Byte
20220313 032534.334 INFO             PET0 PIOc_freedecomp Exit - MemInfo: [malloc] Space in freed fastbin blocks:                  1696 Byte
20220313 032534.334 INFO             PET0 PIOc_freedecomp Exit - MemInfo: [malloc] Total allocated space:                       3325200 Byte
20220313 032534.334 INFO             PET0 PIOc_freedecomp Exit - MemInfo: [malloc] Total free space:                             647920 Byte
20220313 032534.334 INFO             PET0 PIOc_freedecomp Exit - MemInfo: [malloc] Top-most, releasable space:                   423008 Byte
20220313 032534.334 INFO             PET0 PIOc_freedecomp Exit - MemInfo: [malloc] Total space in use, mmap + non-mmap:         4906256 Byte
20220313 032534.334 INFO             PET0 PIOc_freedecomp Exit - MemInfo: [malloc] Total space held (mmap + non-mmap):          5554176 Byte
20220313 032534.334 INFO             PET0 PIOc_freedecomp Exit - MemInfo: [malloc] Total space used (mmap + non-mmap):          4915616 Byte
20220313 032534.334 INFO             PET0 PIOc_freedecomp Exit - MemInfo: Wall-clock time since execution start:              0.0194744 seconds
20220313 032534.335 INFO             PET0 PIOc_freedecomp Enter - MemInfo: [/proc/meminfo - SSI]	MemTotal:       196434604 kB
20220313 032534.335 INFO             PET0 PIOc_freedecomp Enter - MemInfo: [/proc/meminfo - SSI]	MemFree:        186410376 kB
20220313 032534.335 INFO             PET0 PIOc_freedecomp Enter - MemInfo: [/proc/meminfo - SSI]	MemAvailable:   191850208 kB
20220313 032534.335 INFO             PET0 PIOc_freedecomp Enter - MemInfo: [/proc/meminfo - SSI]	Committed_AS:     646548 kB
20220313 032534.335 INFO             PET0 PIOc_freedecomp Enter - MemInfo: [/proc/meminfo - SSI]	CommittedPercent: 0.329142 %
20220313 032534.335 INFO             PET0 PIOc_freedecomp Enter - MemInfo: [/proc/self/status]	VmPeak:	  655216 kB
20220313 032534.335 INFO             PET0 PIOc_freedecomp Enter - MemInfo: [/proc/self/status]	VmSize:	  646504 kB
20220313 032534.335 INFO             PET0 PIOc_freedecomp Enter - MemInfo: [/proc/self/status]	VmLck:	       0 kB
20220313 032534.335 INFO             PET0 PIOc_freedecomp Enter - MemInfo: [/proc/self/status]	VmPin:	       0 kB
20220313 032534.335 INFO             PET0 PIOc_freedecomp Enter - MemInfo: [/proc/self/status]	VmHWM:	   64088 kB
20220313 032534.335 INFO             PET0 PIOc_freedecomp Enter - MemInfo: [/proc/self/status]	VmRSS:	   23380 kB
20220313 032534.335 INFO             PET0 PIOc_freedecomp Enter - MemInfo: [/proc/self/status]	VmData:	  187372 kB
20220313 032534.335 INFO             PET0 PIOc_freedecomp Enter - MemInfo: [/proc/self/status]	VmStk:	     144 kB
20220313 032534.335 INFO             PET0 PIOc_freedecomp Enter - MemInfo: [/proc/self/status]	VmExe:	     232 kB
20220313 032534.335 INFO             PET0 PIOc_freedecomp Enter - MemInfo: [/proc/self/status]	VmLib:	   59892 kB
20220313 032534.335 INFO             PET0 PIOc_freedecomp Enter - MemInfo: [/proc/self/status]	VmPTE:	     904 kB
20220313 032534.335 INFO             PET0 PIOc_freedecomp Enter - MemInfo: [/proc/self/status]	VmSwap:	       0 kB
20220313 032534.335 INFO             PET0 PIOc_freedecomp Enter - MemInfo: [/proc/self/status]	VmRSSPercent: 0.0119022 %
20220313 032534.335 INFO             PET0 PIOc_freedecomp Enter - MemInfo: [malloc] Non-mmapped space allocated:                 3973120 Byte
20220313 032534.335 INFO             PET0 PIOc_freedecomp Enter - MemInfo: [malloc] Space allocated in mmapped regions:          1581056 Byte
20220313 032534.335 INFO             PET0 PIOc_freedecomp Enter - MemInfo: [malloc] Maximum total allocated space:                     0 Byte
20220313 032534.335 INFO             PET0 PIOc_freedecomp Enter - MemInfo: [malloc] Space in freed fastbin blocks:                  2304 Byte
20220313 032534.335 INFO             PET0 PIOc_freedecomp Enter - MemInfo: [malloc] Total allocated space:                       3325072 Byte
20220313 032534.335 INFO             PET0 PIOc_freedecomp Enter - MemInfo: [malloc] Total free space:                             648048 Byte
20220313 032534.335 INFO             PET0 PIOc_freedecomp Enter - MemInfo: [malloc] Top-most, releasable space:                   424000 Byte
20220313 032534.335 INFO             PET0 PIOc_freedecomp Enter - MemInfo: [malloc] Total space in use, mmap + non-mmap:         4906128 Byte
20220313 032534.335 INFO             PET0 PIOc_freedecomp Enter - MemInfo: [malloc] Total space held (mmap + non-mmap):          5554176 Byte
20220313 032534.335 INFO             PET0 PIOc_freedecomp Enter - MemInfo: [malloc] Total space used (mmap + non-mmap):          4915488 Byte
20220313 032534.335 INFO             PET0 PIOc_freedecomp Enter - MemInfo: Wall-clock time since execution start:              0.0201101 seconds
20220313 032534.335 INFO             PET0 PIOc_freedecomp Exit - MemInfo: [/proc/meminfo - SSI]	MemTotal:       196434604 kB
20220313 032534.335 INFO             PET0 PIOc_freedecomp Exit - MemInfo: [/proc/meminfo - SSI]	MemFree:        186410376 kB
20220313 032534.335 INFO             PET0 PIOc_freedecomp Exit - MemInfo: [/proc/meminfo - SSI]	MemAvailable:   191850208 kB
20220313 032534.335 INFO             PET0 PIOc_freedecomp Exit - MemInfo: [/proc/meminfo - SSI]	Committed_AS:     646548 kB
20220313 032534.335 INFO             PET0 PIOc_freedecomp Exit - MemInfo: [/proc/meminfo - SSI]	CommittedPercent: 0.329142 %
20220313 032534.335 INFO             PET0 PIOc_freedecomp Exit - MemInfo: [/proc/self/status]	VmPeak:	  655216 kB
20220313 032534.335 INFO             PET0 PIOc_freedecomp Exit - MemInfo: [/proc/self/status]	VmSize:	  646504 kB
20220313 032534.335 INFO             PET0 PIOc_freedecomp Exit - MemInfo: [/proc/self/status]	VmLck:	       0 kB
20220313 032534.335 INFO             PET0 PIOc_freedecomp Exit - MemInfo: [/proc/self/status]	VmPin:	       0 kB
20220313 032534.335 INFO             PET0 PIOc_freedecomp Exit - MemInfo: [/proc/self/status]	VmHWM:	   64088 kB
20220313 032534.335 INFO             PET0 PIOc_freedecomp Exit - MemInfo: [/proc/self/status]	VmRSS:	   23380 kB
20220313 032534.335 INFO             PET0 PIOc_freedecomp Exit - MemInfo: [/proc/self/status]	VmData:	  187372 kB
20220313 032534.335 INFO             PET0 PIOc_freedecomp Exit - MemInfo: [/proc/self/status]	VmStk:	     144 kB
20220313 032534.335 INFO             PET0 PIOc_freedecomp Exit - MemInfo: [/proc/self/status]	VmExe:	     232 kB
20220313 032534.335 INFO             PET0 PIOc_freedecomp Exit - MemInfo: [/proc/self/status]	VmLib:	   59892 kB
20220313 032534.335 INFO             PET0 PIOc_freedecomp Exit - MemInfo: [/proc/self/status]	VmPTE:	     904 kB
20220313 032534.335 INFO             PET0 PIOc_freedecomp Exit - MemInfo: [/proc/self/status]	VmSwap:	       0 kB
20220313 032534.335 INFO             PET0 PIOc_freedecomp Exit - MemInfo: [/proc/self/status]	VmRSSPercent: 0.0119022 %
20220313 032534.335 INFO             PET0 PIOc_freedecomp Exit - MemInfo: [malloc] Non-mmapped space allocated:                 3973120 Byte
20220313 032534.335 INFO             PET0 PIOc_freedecomp Exit - MemInfo: [malloc] Space allocated in mmapped regions:          1581056 Byte
20220313 032534.335 INFO             PET0 PIOc_freedecomp Exit - MemInfo: [malloc] Maximum total allocated space:                     0 Byte
20220313 032534.335 INFO             PET0 PIOc_freedecomp Exit - MemInfo: [malloc] Space in freed fastbin blocks:                  1904 Byte
20220313 032534.335 INFO             PET0 PIOc_freedecomp Exit - MemInfo: [malloc] Total allocated space:                       3294048 Byte
20220313 032534.335 INFO             PET0 PIOc_freedecomp Exit - MemInfo: [malloc] Total free space:                             679072 Byte
20220313 032534.335 INFO             PET0 PIOc_freedecomp Exit - MemInfo: [malloc] Top-most, releasable space:                   450368 Byte
20220313 032534.335 INFO             PET0 PIOc_freedecomp Exit - MemInfo: [malloc] Total space in use, mmap + non-mmap:         4875104 Byte
20220313 032534.335 INFO             PET0 PIOc_freedecomp Exit - MemInfo: [malloc] Total space held (mmap + non-mmap):          5554176 Byte
20220313 032534.335 INFO             PET0 PIOc_freedecomp Exit - MemInfo: [malloc] Total space used (mmap + non-mmap):          4884448 Byte
20220313 032534.335 INFO             PET0 PIOc_freedecomp Exit - MemInfo: Wall-clock time since execution start:              0.0207511 seconds
20220313 032534.336 INFO             PET0 PIOc_freedecomp Enter - MemInfo: [/proc/meminfo - SSI]	MemTotal:       196434604 kB
20220313 032534.336 INFO             PET0 PIOc_freedecomp Enter - MemInfo: [/proc/meminfo - SSI]	MemFree:        186410376 kB
20220313 032534.336 INFO             PET0 PIOc_freedecomp Enter - MemInfo: [/proc/meminfo - SSI]	MemAvailable:   191850208 kB
20220313 032534.336 INFO             PET0 PIOc_freedecomp Enter - MemInfo: [/proc/meminfo - SSI]	Committed_AS:     646548 kB
20220313 032534.336 INFO             PET0 PIOc_freedecomp Enter - MemInfo: [/proc/meminfo - SSI]	CommittedPercent: 0.329142 %
20220313 032534.336 INFO             PET0 PIOc_freedecomp Enter - MemInfo: [/proc/self/status]	VmPeak:	  655216 kB
20220313 032534.336 INFO             PET0 PIOc_freedecomp Enter - MemInfo: [/proc/self/status]	VmSize:	  646504 kB
20220313 032534.336 INFO             PET0 PIOc_freedecomp Enter - MemInfo: [/proc/self/status]	VmLck:	       0 kB
20220313 032534.336 INFO             PET0 PIOc_freedecomp Enter - MemInfo: [/proc/self/status]	VmPin:	       0 kB
20220313 032534.336 INFO             PET0 PIOc_freedecomp Enter - MemInfo: [/proc/self/status]	VmHWM:	   64088 kB
20220313 032534.336 INFO             PET0 PIOc_freedecomp Enter - MemInfo: [/proc/self/status]	VmRSS:	   23380 kB
20220313 032534.336 INFO             PET0 PIOc_freedecomp Enter - MemInfo: [/proc/self/status]	VmData:	  187372 kB
20220313 032534.336 INFO             PET0 PIOc_freedecomp Enter - MemInfo: [/proc/self/status]	VmStk:	     144 kB
20220313 032534.336 INFO             PET0 PIOc_freedecomp Enter - MemInfo: [/proc/self/status]	VmExe:	     232 kB
20220313 032534.336 INFO             PET0 PIOc_freedecomp Enter - MemInfo: [/proc/self/status]	VmLib:	   59892 kB
20220313 032534.336 INFO             PET0 PIOc_freedecomp Enter - MemInfo: [/proc/self/status]	VmPTE:	     904 kB
20220313 032534.336 INFO             PET0 PIOc_freedecomp Enter - MemInfo: [/proc/self/status]	VmSwap:	       0 kB
20220313 032534.336 INFO             PET0 PIOc_freedecomp Enter - MemInfo: [/proc/self/status]	VmRSSPercent: 0.0119022 %
20220313 032534.336 INFO             PET0 PIOc_freedecomp Enter - MemInfo: [malloc] Non-mmapped space allocated:                 3973120 Byte
20220313 032534.336 INFO             PET0 PIOc_freedecomp Enter - MemInfo: [malloc] Space allocated in mmapped regions:          1581056 Byte
20220313 032534.336 INFO             PET0 PIOc_freedecomp Enter - MemInfo: [malloc] Maximum total allocated space:                     0 Byte
20220313 032534.336 INFO             PET0 PIOc_freedecomp Enter - MemInfo: [malloc] Space in freed fastbin blocks:                  2160 Byte
20220313 032534.336 INFO             PET0 PIOc_freedecomp Enter - MemInfo: [malloc] Total allocated space:                       3293920 Byte
20220313 032534.336 INFO             PET0 PIOc_freedecomp Enter - MemInfo: [malloc] Total free space:                             679200 Byte
20220313 032534.336 INFO             PET0 PIOc_freedecomp Enter - MemInfo: [malloc] Top-most, releasable space:                   451440 Byte
20220313 032534.336 INFO             PET0 PIOc_freedecomp Enter - MemInfo: [malloc] Total space in use, mmap + non-mmap:         4874976 Byte
20220313 032534.336 INFO             PET0 PIOc_freedecomp Enter - MemInfo: [malloc] Total space held (mmap + non-mmap):          5554176 Byte
20220313 032534.336 INFO             PET0 PIOc_freedecomp Enter - MemInfo: [malloc] Total space used (mmap + non-mmap):          4884320 Byte
20220313 032534.336 INFO             PET0 PIOc_freedecomp Enter - MemInfo: Wall-clock time since execution start:              0.0213837 seconds
20220313 032534.336 INFO             PET0 PIOc_freedecomp Exit - MemInfo: [/proc/meminfo - SSI]	MemTotal:       196434604 kB
20220313 032534.336 INFO             PET0 PIOc_freedecomp Exit - MemInfo: [/proc/meminfo - SSI]	MemFree:        186410376 kB
20220313 032534.336 INFO             PET0 PIOc_freedecomp Exit - MemInfo: [/proc/meminfo - SSI]	MemAvailable:   191850208 kB
20220313 032534.336 INFO             PET0 PIOc_freedecomp Exit - MemInfo: [/proc/meminfo - SSI]	Committed_AS:     646548 kB
20220313 032534.336 INFO             PET0 PIOc_freedecomp Exit - MemInfo: [/proc/meminfo - SSI]	CommittedPercent: 0.329142 %
20220313 032534.337 INFO             PET0 PIOc_freedecomp Exit - MemInfo: [/proc/self/status]	VmPeak:	  655216 kB
20220313 032534.337 INFO             PET0 PIOc_freedecomp Exit - MemInfo: [/proc/self/status]	VmSize:	  646504 kB
20220313 032534.337 INFO             PET0 PIOc_freedecomp Exit - MemInfo: [/proc/self/status]	VmLck:	       0 kB
20220313 032534.337 INFO             PET0 PIOc_freedecomp Exit - MemInfo: [/proc/self/status]	VmPin:	       0 kB
20220313 032534.337 INFO             PET0 PIOc_freedecomp Exit - MemInfo: [/proc/self/status]	VmHWM:	   64088 kB
20220313 032534.337 INFO             PET0 PIOc_freedecomp Exit - MemInfo: [/proc/self/status]	VmRSS:	   23380 kB
20220313 032534.337 INFO             PET0 PIOc_freedecomp Exit - MemInfo: [/proc/self/status]	VmData:	  187372 kB
20220313 032534.337 INFO             PET0 PIOc_freedecomp Exit - MemInfo: [/proc/self/status]	VmStk:	     144 kB
20220313 032534.337 INFO             PET0 PIOc_freedecomp Exit - MemInfo: [/proc/self/status]	VmExe:	     232 kB
20220313 032534.337 INFO             PET0 PIOc_freedecomp Exit - MemInfo: [/proc/self/status]	VmLib:	   59892 kB
20220313 032534.337 INFO             PET0 PIOc_freedecomp Exit - MemInfo: [/proc/self/status]	VmPTE:	     904 kB
20220313 032534.337 INFO             PET0 PIOc_freedecomp Exit - MemInfo: [/proc/self/status]	VmSwap:	       0 kB
20220313 032534.337 INFO             PET0 PIOc_freedecomp Exit - MemInfo: [/proc/self/status]	VmRSSPercent: 0.0119022 %
20220313 032534.337 INFO             PET0 PIOc_freedecomp Exit - MemInfo: [malloc] Non-mmapped space allocated:                 3973120 Byte
20220313 032534.337 INFO             PET0 PIOc_freedecomp Exit - MemInfo: [malloc] Space allocated in mmapped regions:          1581056 Byte
20220313 032534.337 INFO             PET0 PIOc_freedecomp Exit - MemInfo: [malloc] Maximum total allocated space:                     0 Byte
20220313 032534.337 INFO             PET0 PIOc_freedecomp Exit - MemInfo: [malloc] Space in freed fastbin blocks:                  1904 Byte
20220313 032534.337 INFO             PET0 PIOc_freedecomp Exit - MemInfo: [malloc] Total allocated space:                       3280960 Byte
20220313 032534.337 INFO             PET0 PIOc_freedecomp Exit - MemInfo: [malloc] Total free space:                             692160 Byte
20220313 032534.337 INFO             PET0 PIOc_freedecomp Exit - MemInfo: [malloc] Top-most, releasable space:                   452448 Byte
20220313 032534.337 INFO             PET0 PIOc_freedecomp Exit - MemInfo: [malloc] Total space in use, mmap + non-mmap:         4862016 Byte
20220313 032534.337 INFO             PET0 PIOc_freedecomp Exit - MemInfo: [malloc] Total space held (mmap + non-mmap):          5554176 Byte
20220313 032534.337 INFO             PET0 PIOc_freedecomp Exit - MemInfo: [malloc] Total space used (mmap + non-mmap):          4871360 Byte
20220313 032534.337 INFO             PET0 PIOc_freedecomp Exit - MemInfo: Wall-clock time since execution start:               0.022014 seconds
20220313 032534.337 INFO             PET0  PASS  Writing a FieldBundle to a single file Test, ESMF_FieldBundleIOUTest.F90, line 355
20220313 032534.341 INFO             PET0 PIOc_sync Enter - MemInfo: [/proc/meminfo - SSI]	MemTotal:       196434604 kB
20220313 032534.341 INFO             PET0 PIOc_sync Enter - MemInfo: [/proc/meminfo - SSI]	MemFree:        186402464 kB
20220313 032534.341 INFO             PET0 PIOc_sync Enter - MemInfo: [/proc/meminfo - SSI]	MemAvailable:   191842660 kB
20220313 032534.341 INFO             PET0 PIOc_sync Enter - MemInfo: [/proc/meminfo - SSI]	Committed_AS:     654424 kB
20220313 032534.341 INFO             PET0 PIOc_sync Enter - MemInfo: [/proc/meminfo - SSI]	CommittedPercent: 0.333151 %
20220313 032534.341 INFO             PET0 PIOc_sync Enter - MemInfo: [/proc/self/status]	VmPeak:	  655216 kB
20220313 032534.341 INFO             PET0 PIOc_sync Enter - MemInfo: [/proc/self/status]	VmSize:	  654896 kB
20220313 032534.341 INFO             PET0 PIOc_sync Enter - MemInfo: [/proc/self/status]	VmLck:	       0 kB
20220313 032534.341 INFO             PET0 PIOc_sync Enter - MemInfo: [/proc/self/status]	VmPin:	       0 kB
20220313 032534.341 INFO             PET0 PIOc_sync Enter - MemInfo: [/proc/self/status]	VmHWM:	   64088 kB
20220313 032534.341 INFO             PET0 PIOc_sync Enter - MemInfo: [/proc/self/status]	VmRSS:	   31972 kB
20220313 032534.341 INFO             PET0 PIOc_sync Enter - MemInfo: [/proc/self/status]	VmData:	  195764 kB
20220313 032534.341 INFO             PET0 PIOc_sync Enter - MemInfo: [/proc/self/status]	VmStk:	     144 kB
20220313 032534.341 INFO             PET0 PIOc_sync Enter - MemInfo: [/proc/self/status]	VmExe:	     232 kB
20220313 032534.341 INFO             PET0 PIOc_sync Enter - MemInfo: [/proc/self/status]	VmLib:	   59892 kB
20220313 032534.341 INFO             PET0 PIOc_sync Enter - MemInfo: [/proc/self/status]	VmPTE:	     920 kB
20220313 032534.341 INFO             PET0 PIOc_sync Enter - MemInfo: [/proc/self/status]	VmSwap:	       0 kB
20220313 032534.341 INFO             PET0 PIOc_sync Enter - MemInfo: [/proc/self/status]	VmRSSPercent: 0.0162762 %
20220313 032534.341 INFO             PET0 PIOc_sync Enter - MemInfo: [malloc] Non-mmapped space allocated:                12566528 Byte
20220313 032534.341 INFO             PET0 PIOc_sync Enter - MemInfo: [malloc] Space allocated in mmapped regions:          1581056 Byte
20220313 032534.341 INFO             PET0 PIOc_sync Enter - MemInfo: [malloc] Maximum total allocated space:                     0 Byte
20220313 032534.341 INFO             PET0 PIOc_sync Enter - MemInfo: [malloc] Space in freed fastbin blocks:                  2608 Byte
20220313 032534.341 INFO             PET0 PIOc_sync Enter - MemInfo: [malloc] Total allocated space:                      12222176 Byte
20220313 032534.341 INFO             PET0 PIOc_sync Enter - MemInfo: [malloc] Total free space:                             344352 Byte
20220313 032534.341 INFO             PET0 PIOc_sync Enter - MemInfo: [malloc] Top-most, releasable space:                   132928 Byte
20220313 032534.341 INFO             PET0 PIOc_sync Enter - MemInfo: [malloc] Total space in use, mmap + non-mmap:        13803232 Byte
20220313 032534.341 INFO             PET0 PIOc_sync Enter - MemInfo: [malloc] Total space held (mmap + non-mmap):         14147584 Byte
20220313 032534.341 INFO             PET0 PIOc_sync Enter - MemInfo: [malloc] Total space used (mmap + non-mmap):         13812576 Byte
20220313 032534.341 INFO             PET0 PIOc_sync Enter - MemInfo: Wall-clock time since execution start:              0.0266737 seconds
20220313 032534.342 INFO             PET0 PIOc_sync Exit - MemInfo: [/proc/meminfo - SSI]	MemTotal:       196434604 kB
20220313 032534.342 INFO             PET0 PIOc_sync Exit - MemInfo: [/proc/meminfo - SSI]	MemFree:        186402464 kB
20220313 032534.342 INFO             PET0 PIOc_sync Exit - MemInfo: [/proc/meminfo - SSI]	MemAvailable:   191842660 kB
20220313 032534.342 INFO             PET0 PIOc_sync Exit - MemInfo: [/proc/meminfo - SSI]	Committed_AS:     654424 kB
20220313 032534.342 INFO             PET0 PIOc_sync Exit - MemInfo: [/proc/meminfo - SSI]	CommittedPercent: 0.333151 %
20220313 032534.342 INFO             PET0 PIOc_sync Exit - MemInfo: [/proc/self/status]	VmPeak:	  655216 kB
20220313 032534.342 INFO             PET0 PIOc_sync Exit - MemInfo: [/proc/self/status]	VmSize:	  654896 kB
20220313 032534.342 INFO             PET0 PIOc_sync Exit - MemInfo: [/proc/self/status]	VmLck:	       0 kB
20220313 032534.342 INFO             PET0 PIOc_sync Exit - MemInfo: [/proc/self/status]	VmPin:	       0 kB
20220313 032534.342 INFO             PET0 PIOc_sync Exit - MemInfo: [/proc/self/status]	VmHWM:	   64088 kB
20220313 032534.342 INFO             PET0 PIOc_sync Exit - MemInfo: [/proc/self/status]	VmRSS:	   32032 kB
20220313 032534.342 INFO             PET0 PIOc_sync Exit - MemInfo: [/proc/self/status]	VmData:	  195764 kB
20220313 032534.342 INFO             PET0 PIOc_sync Exit - MemInfo: [/proc/self/status]	VmStk:	     144 kB
20220313 032534.342 INFO             PET0 PIOc_sync Exit - MemInfo: [/proc/self/status]	VmExe:	     232 kB
20220313 032534.342 INFO             PET0 PIOc_sync Exit - MemInfo: [/proc/self/status]	VmLib:	   59892 kB
20220313 032534.342 INFO             PET0 PIOc_sync Exit - MemInfo: [/proc/self/status]	VmPTE:	     920 kB
20220313 032534.342 INFO             PET0 PIOc_sync Exit - MemInfo: [/proc/self/status]	VmSwap:	       0 kB
20220313 032534.343 INFO             PET0 PIOc_sync Exit - MemInfo: [/proc/self/status]	VmRSSPercent: 0.0163067 %
20220313 032534.343 INFO             PET0 PIOc_sync Exit - MemInfo: [malloc] Non-mmapped space allocated:                12566528 Byte
20220313 032534.343 INFO             PET0 PIOc_sync Exit - MemInfo: [malloc] Space allocated in mmapped regions:          1581056 Byte
20220313 032534.343 INFO             PET0 PIOc_sync Exit - MemInfo: [malloc] Maximum total allocated space:                     0 Byte
20220313 032534.343 INFO             PET0 PIOc_sync Exit - MemInfo: [malloc] Space in freed fastbin blocks:                  1648 Byte
20220313 032534.343 INFO             PET0 PIOc_sync Exit - MemInfo: [malloc] Total allocated space:                      12266416 Byte
20220313 032534.343 INFO             PET0 PIOc_sync Exit - MemInfo: [malloc] Total free space:                             300112 Byte
20220313 032534.343 INFO             PET0 PIOc_sync Exit - MemInfo: [malloc] Top-most, releasable space:                    95952 Byte
20220313 032534.343 INFO             PET0 PIOc_sync Exit - MemInfo: [malloc] Total space in use, mmap + non-mmap:        13847472 Byte
20220313 032534.343 INFO             PET0 PIOc_sync Exit - MemInfo: [malloc] Total space held (mmap + non-mmap):         14147584 Byte
20220313 032534.343 INFO             PET0 PIOc_sync Exit - MemInfo: [malloc] Total space used (mmap + non-mmap):         13856832 Byte
20220313 032534.343 INFO             PET0 PIOc_sync Exit - MemInfo: Wall-clock time since execution start:              0.0278938 seconds
20220313 032534.343 INFO             PET0 PIOc_freedecomp Enter - MemInfo: [/proc/meminfo - SSI]	MemTotal:       196434604 kB
20220313 032534.343 INFO             PET0 PIOc_freedecomp Enter - MemInfo: [/proc/meminfo - SSI]	MemFree:        186402464 kB
20220313 032534.343 INFO             PET0 PIOc_freedecomp Enter - MemInfo: [/proc/meminfo - SSI]	MemAvailable:   191842660 kB
20220313 032534.343 INFO             PET0 PIOc_freedecomp Enter - MemInfo: [/proc/meminfo - SSI]	Committed_AS:     654424 kB
20220313 032534.343 INFO             PET0 PIOc_freedecomp Enter - MemInfo: [/proc/meminfo - SSI]	CommittedPercent: 0.333151 %
20220313 032534.344 INFO             PET0 PIOc_freedecomp Enter - MemInfo: [/proc/self/status]	VmPeak:	  655216 kB
20220313 032534.344 INFO             PET0 PIOc_freedecomp Enter - MemInfo: [/proc/self/status]	VmSize:	  654896 kB
20220313 032534.344 INFO             PET0 PIOc_freedecomp Enter - MemInfo: [/proc/self/status]	VmLck:	       0 kB
20220313 032534.344 INFO             PET0 PIOc_freedecomp Enter - MemInfo: [/proc/self/status]	VmPin:	       0 kB
20220313 032534.344 INFO             PET0 PIOc_freedecomp Enter - MemInfo: [/proc/self/status]	VmHWM:	   64088 kB
20220313 032534.344 INFO             PET0 PIOc_freedecomp Enter - MemInfo: [/proc/self/status]	VmRSS:	   32036 kB
20220313 032534.344 INFO             PET0 PIOc_freedecomp Enter - MemInfo: [/proc/self/status]	VmData:	  195764 kB
20220313 032534.344 INFO             PET0 PIOc_freedecomp Enter - MemInfo: [/proc/self/status]	VmStk:	     144 kB
20220313 032534.344 INFO             PET0 PIOc_freedecomp Enter - MemInfo: [/proc/self/status]	VmExe:	     232 kB
20220313 032534.344 INFO             PET0 PIOc_freedecomp Enter - MemInfo: [/proc/self/status]	VmLib:	   59892 kB
20220313 032534.344 INFO             PET0 PIOc_freedecomp Enter - MemInfo: [/proc/self/status]	VmPTE:	     920 kB
20220313 032534.344 INFO             PET0 PIOc_freedecomp Enter - MemInfo: [/proc/self/status]	VmSwap:	       0 kB
20220313 032534.344 INFO             PET0 PIOc_freedecomp Enter - MemInfo: [/proc/self/status]	VmRSSPercent: 0.0163087 %
20220313 032534.344 INFO             PET0 PIOc_freedecomp Enter - MemInfo: [malloc] Non-mmapped space allocated:                12566528 Byte
20220313 032534.344 INFO             PET0 PIOc_freedecomp Enter - MemInfo: [malloc] Space allocated in mmapped regions:          1581056 Byte
20220313 032534.344 INFO             PET0 PIOc_freedecomp Enter - MemInfo: [malloc] Maximum total allocated space:                     0 Byte
20220313 032534.344 INFO             PET0 PIOc_freedecomp Enter - MemInfo: [malloc] Space in freed fastbin blocks:                  1872 Byte
20220313 032534.344 INFO             PET0 PIOc_freedecomp Enter - MemInfo: [malloc] Total allocated space:                       3338640 Byte
20220313 032534.344 INFO             PET0 PIOc_freedecomp Enter - MemInfo: [malloc] Total free space:                            9227888 Byte
20220313 032534.344 INFO             PET0 PIOc_freedecomp Enter - MemInfo: [malloc] Top-most, releasable space:                    95952 Byte
20220313 032534.344 INFO             PET0 PIOc_freedecomp Enter - MemInfo: [malloc] Total space in use, mmap + non-mmap:         4919696 Byte
20220313 032534.344 INFO             PET0 PIOc_freedecomp Enter - MemInfo: [malloc] Total space held (mmap + non-mmap):         14147584 Byte
20220313 032534.344 INFO             PET0 PIOc_freedecomp Enter - MemInfo: [malloc] Total space used (mmap + non-mmap):          4929056 Byte
20220313 032534.344 INFO             PET0 PIOc_freedecomp Enter - MemInfo: Wall-clock time since execution start:              0.0289635 seconds
20220313 032534.344 INFO             PET0 PIOc_freedecomp Exit - MemInfo: [/proc/meminfo - SSI]	MemTotal:       196434604 kB
20220313 032534.344 INFO             PET0 PIOc_freedecomp Exit - MemInfo: [/proc/meminfo - SSI]	MemFree:        186402464 kB
20220313 032534.344 INFO             PET0 PIOc_freedecomp Exit - MemInfo: [/proc/meminfo - SSI]	MemAvailable:   191842660 kB
20220313 032534.344 INFO             PET0 PIOc_freedecomp Exit - MemInfo: [/proc/meminfo - SSI]	Committed_AS:     654424 kB
20220313 032534.344 INFO             PET0 PIOc_freedecomp Exit - MemInfo: [/proc/meminfo - SSI]	CommittedPercent: 0.333151 %
20220313 032534.344 INFO             PET0 PIOc_freedecomp Exit - MemInfo: [/proc/self/status]	VmPeak:	  655216 kB
20220313 032534.344 INFO             PET0 PIOc_freedecomp Exit - MemInfo: [/proc/self/status]	VmSize:	  654896 kB
20220313 032534.344 INFO             PET0 PIOc_freedecomp Exit - MemInfo: [/proc/self/status]	VmLck:	       0 kB
20220313 032534.344 INFO             PET0 PIOc_freedecomp Exit - MemInfo: [/proc/self/status]	VmPin:	       0 kB
20220313 032534.344 INFO             PET0 PIOc_freedecomp Exit - MemInfo: [/proc/self/status]	VmHWM:	   64088 kB
20220313 032534.344 INFO             PET0 PIOc_freedecomp Exit - MemInfo: [/proc/self/status]	VmRSS:	   32036 kB
20220313 032534.344 INFO             PET0 PIOc_freedecomp Exit - MemInfo: [/proc/self/status]	VmData:	  195764 kB
20220313 032534.344 INFO             PET0 PIOc_freedecomp Exit - MemInfo: [/proc/self/status]	VmStk:	     144 kB
20220313 032534.344 INFO             PET0 PIOc_freedecomp Exit - MemInfo: [/proc/self/status]	VmExe:	     232 kB
20220313 032534.344 INFO             PET0 PIOc_freedecomp Exit - MemInfo: [/proc/self/status]	VmLib:	   59892 kB
20220313 032534.344 INFO             PET0 PIOc_freedecomp Exit - MemInfo: [/proc/self/status]	VmPTE:	     920 kB
20220313 032534.344 INFO             PET0 PIOc_freedecomp Exit - MemInfo: [/proc/self/status]	VmSwap:	       0 kB
20220313 032534.344 INFO             PET0 PIOc_freedecomp Exit - MemInfo: [/proc/self/status]	VmRSSPercent: 0.0163087 %
20220313 032534.344 INFO             PET0 PIOc_freedecomp Exit - MemInfo: [malloc] Non-mmapped space allocated:                12566528 Byte
20220313 032534.344 INFO             PET0 PIOc_freedecomp Exit - MemInfo: [malloc] Space allocated in mmapped regions:          1581056 Byte
20220313 032534.344 INFO             PET0 PIOc_freedecomp Exit - MemInfo: [malloc] Maximum total allocated space:                     0 Byte
20220313 032534.344 INFO             PET0 PIOc_freedecomp Exit - MemInfo: [malloc] Space in freed fastbin blocks:                  2032 Byte
20220313 032534.344 INFO             PET0 PIOc_freedecomp Exit - MemInfo: [malloc] Total allocated space:                       3326304 Byte
20220313 032534.344 INFO             PET0 PIOc_freedecomp Exit - MemInfo: [malloc] Total free space:                            9240224 Byte
20220313 032534.344 INFO             PET0 PIOc_freedecomp Exit - MemInfo: [malloc] Top-most, releasable space:                   103680 Byte
20220313 032534.344 INFO             PET0 PIOc_freedecomp Exit - MemInfo: [malloc] Total space in use, mmap + non-mmap:         4907360 Byte
20220313 032534.344 INFO             PET0 PIOc_freedecomp Exit - MemInfo: [malloc] Total space held (mmap + non-mmap):         14147584 Byte
20220313 032534.344 INFO             PET0 PIOc_freedecomp Exit - MemInfo: [malloc] Total space used (mmap + non-mmap):          4916704 Byte
20220313 032534.344 INFO             PET0 PIOc_freedecomp Exit - MemInfo: Wall-clock time since execution start:              0.0295914 seconds
20220313 032534.345 INFO             PET0 PIOc_freedecomp Enter - MemInfo: [/proc/meminfo - SSI]	MemTotal:       196434604 kB
20220313 032534.345 INFO             PET0 PIOc_freedecomp Enter - MemInfo: [/proc/meminfo - SSI]	MemFree:        186402464 kB
20220313 032534.345 INFO             PET0 PIOc_freedecomp Enter - MemInfo: [/proc/meminfo - SSI]	MemAvailable:   191842660 kB
20220313 032534.345 INFO             PET0 PIOc_freedecomp Enter - MemInfo: [/proc/meminfo - SSI]	Committed_AS:     654424 kB
20220313 032534.345 INFO             PET0 PIOc_freedecomp Enter - MemInfo: [/proc/meminfo - SSI]	CommittedPercent: 0.333151 %
20220313 032534.345 INFO             PET0 PIOc_freedecomp Enter - MemInfo: [/proc/self/status]	VmPeak:	  655216 kB
20220313 032534.345 INFO             PET0 PIOc_freedecomp Enter - MemInfo: [/proc/self/status]	VmSize:	  654896 kB
20220313 032534.345 INFO             PET0 PIOc_freedecomp Enter - MemInfo: [/proc/self/status]	VmLck:	       0 kB
20220313 032534.345 INFO             PET0 PIOc_freedecomp Enter - MemInfo: [/proc/self/status]	VmPin:	       0 kB
20220313 032534.345 INFO             PET0 PIOc_freedecomp Enter - MemInfo: [/proc/self/status]	VmHWM:	   64088 kB
20220313 032534.345 INFO             PET0 PIOc_freedecomp Enter - MemInfo: [/proc/self/status]	VmRSS:	   32036 kB
20220313 032534.345 INFO             PET0 PIOc_freedecomp Enter - MemInfo: [/proc/self/status]	VmData:	  195764 kB
20220313 032534.345 INFO             PET0 PIOc_freedecomp Enter - MemInfo: [/proc/self/status]	VmStk:	     144 kB
20220313 032534.345 INFO             PET0 PIOc_freedecomp Enter - MemInfo: [/proc/self/status]	VmExe:	     232 kB
20220313 032534.345 INFO             PET0 PIOc_freedecomp Enter - MemInfo: [/proc/self/status]	VmLib:	   59892 kB
20220313 032534.345 INFO             PET0 PIOc_freedecomp Enter - MemInfo: [/proc/self/status]	VmPTE:	     920 kB
20220313 032534.345 INFO             PET0 PIOc_freedecomp Enter - MemInfo: [/proc/self/status]	VmSwap:	       0 kB
20220313 032534.345 INFO             PET0 PIOc_freedecomp Enter - MemInfo: [/proc/self/status]	VmRSSPercent: 0.0163087 %
20220313 032534.345 INFO             PET0 PIOc_freedecomp Enter - MemInfo: [malloc] Non-mmapped space allocated:                12566528 Byte
20220313 032534.345 INFO             PET0 PIOc_freedecomp Enter - MemInfo: [malloc] Space allocated in mmapped regions:          1581056 Byte
20220313 032534.345 INFO             PET0 PIOc_freedecomp Enter - MemInfo: [malloc] Maximum total allocated space:                     0 Byte
20220313 032534.345 INFO             PET0 PIOc_freedecomp Enter - MemInfo: [malloc] Space in freed fastbin blocks:                  2304 Byte
20220313 032534.345 INFO             PET0 PIOc_freedecomp Enter - MemInfo: [malloc] Total allocated space:                       3326176 Byte
20220313 032534.345 INFO             PET0 PIOc_freedecomp Enter - MemInfo: [malloc] Total free space:                            9240352 Byte
20220313 032534.345 INFO             PET0 PIOc_freedecomp Enter - MemInfo: [malloc] Top-most, releasable space:                   104672 Byte
20220313 032534.345 INFO             PET0 PIOc_freedecomp Enter - MemInfo: [malloc] Total space in use, mmap + non-mmap:         4907232 Byte
20220313 032534.345 INFO             PET0 PIOc_freedecomp Enter - MemInfo: [malloc] Total space held (mmap + non-mmap):         14147584 Byte
20220313 032534.345 INFO             PET0 PIOc_freedecomp Enter - MemInfo: [malloc] Total space used (mmap + non-mmap):          4916576 Byte
20220313 032534.345 INFO             PET0 PIOc_freedecomp Enter - MemInfo: Wall-clock time since execution start:              0.0302275 seconds
20220313 032534.345 INFO             PET0 PIOc_freedecomp Exit - MemInfo: [/proc/meminfo - SSI]	MemTotal:       196434604 kB
20220313 032534.345 INFO             PET0 PIOc_freedecomp Exit - MemInfo: [/proc/meminfo - SSI]	MemFree:        186402464 kB
20220313 032534.345 INFO             PET0 PIOc_freedecomp Exit - MemInfo: [/proc/meminfo - SSI]	MemAvailable:   191842660 kB
20220313 032534.345 INFO             PET0 PIOc_freedecomp Exit - MemInfo: [/proc/meminfo - SSI]	Committed_AS:     654424 kB
20220313 032534.345 INFO             PET0 PIOc_freedecomp Exit - MemInfo: [/proc/meminfo - SSI]	CommittedPercent: 0.333151 %
20220313 032534.345 INFO             PET0 PIOc_freedecomp Exit - MemInfo: [/proc/self/status]	VmPeak:	  655216 kB
20220313 032534.345 INFO             PET0 PIOc_freedecomp Exit - MemInfo: [/proc/self/status]	VmSize:	  654896 kB
20220313 032534.345 INFO             PET0 PIOc_freedecomp Exit - MemInfo: [/proc/self/status]	VmLck:	       0 kB
20220313 032534.345 INFO             PET0 PIOc_freedecomp Exit - MemInfo: [/proc/self/status]	VmPin:	       0 kB
20220313 032534.345 INFO             PET0 PIOc_freedecomp Exit - MemInfo: [/proc/self/status]	VmHWM:	   64088 kB
20220313 032534.345 INFO             PET0 PIOc_freedecomp Exit - MemInfo: [/proc/self/status]	VmRSS:	   32036 kB
20220313 032534.345 INFO             PET0 PIOc_freedecomp Exit - MemInfo: [/proc/self/status]	VmData:	  195764 kB
20220313 032534.345 INFO             PET0 PIOc_freedecomp Exit - MemInfo: [/proc/self/status]	VmStk:	     144 kB
20220313 032534.345 INFO             PET0 PIOc_freedecomp Exit - MemInfo: [/proc/self/status]	VmExe:	     232 kB
20220313 032534.345 INFO             PET0 PIOc_freedecomp Exit - MemInfo: [/proc/self/status]	VmLib:	   59892 kB
20220313 032534.345 INFO             PET0 PIOc_freedecomp Exit - MemInfo: [/proc/self/status]	VmPTE:	     920 kB
20220313 032534.345 INFO             PET0 PIOc_freedecomp Exit - MemInfo: [/proc/self/status]	VmSwap:	       0 kB
20220313 032534.345 INFO             PET0 PIOc_freedecomp Exit - MemInfo: [/proc/self/status]	VmRSSPercent: 0.0163087 %
20220313 032534.345 INFO             PET0 PIOc_freedecomp Exit - MemInfo: [malloc] Non-mmapped space allocated:                12566528 Byte
20220313 032534.345 INFO             PET0 PIOc_freedecomp Exit - MemInfo: [malloc] Space allocated in mmapped regions:          1581056 Byte
20220313 032534.345 INFO             PET0 PIOc_freedecomp Exit - MemInfo: [malloc] Maximum total allocated space:                     0 Byte
20220313 032534.345 INFO             PET0 PIOc_freedecomp Exit - MemInfo: [malloc] Space in freed fastbin blocks:                  1920 Byte
20220313 032534.346 INFO             PET0 PIOc_freedecomp Exit - MemInfo: [malloc] Total allocated space:                       3295136 Byte
20220313 032534.346 INFO             PET0 PIOc_freedecomp Exit - MemInfo: [malloc] Total free space:                            9271392 Byte
20220313 032534.346 INFO             PET0 PIOc_freedecomp Exit - MemInfo: [malloc] Top-most, releasable space:                   130160 Byte
20220313 032534.346 INFO             PET0 PIOc_freedecomp Exit - MemInfo: [malloc] Total space in use, mmap + non-mmap:         4876192 Byte
20220313 032534.346 INFO             PET0 PIOc_freedecomp Exit - MemInfo: [malloc] Total space held (mmap + non-mmap):         14147584 Byte
20220313 032534.346 INFO             PET0 PIOc_freedecomp Exit - MemInfo: [malloc] Total space used (mmap + non-mmap):          4885536 Byte
20220313 032534.346 INFO             PET0 PIOc_freedecomp Exit - MemInfo: Wall-clock time since execution start:              0.0308576 seconds
20220313 032534.346 INFO             PET0 PIOc_freedecomp Enter - MemInfo: [/proc/meminfo - SSI]	MemTotal:       196434604 kB
20220313 032534.346 INFO             PET0 PIOc_freedecomp Enter - MemInfo: [/proc/meminfo - SSI]	MemFree:        186402464 kB
20220313 032534.346 INFO             PET0 PIOc_freedecomp Enter - MemInfo: [/proc/meminfo - SSI]	MemAvailable:   191842660 kB
20220313 032534.346 INFO             PET0 PIOc_freedecomp Enter - MemInfo: [/proc/meminfo - SSI]	Committed_AS:     654424 kB
20220313 032534.346 INFO             PET0 PIOc_freedecomp Enter - MemInfo: [/proc/meminfo - SSI]	CommittedPercent: 0.333151 %
20220313 032534.346 INFO             PET0 PIOc_freedecomp Enter - MemInfo: [/proc/self/status]	VmPeak:	  655216 kB
20220313 032534.346 INFO             PET0 PIOc_freedecomp Enter - MemInfo: [/proc/self/status]	VmSize:	  654896 kB
20220313 032534.346 INFO             PET0 PIOc_freedecomp Enter - MemInfo: [/proc/self/status]	VmLck:	       0 kB
20220313 032534.346 INFO             PET0 PIOc_freedecomp Enter - MemInfo: [/proc/self/status]	VmPin:	       0 kB
20220313 032534.346 INFO             PET0 PIOc_freedecomp Enter - MemInfo: [/proc/self/status]	VmHWM:	   64088 kB
20220313 032534.346 INFO             PET0 PIOc_freedecomp Enter - MemInfo: [/proc/self/status]	VmRSS:	   32036 kB
20220313 032534.346 INFO             PET0 PIOc_freedecomp Enter - MemInfo: [/proc/self/status]	VmData:	  195764 kB
20220313 032534.346 INFO             PET0 PIOc_freedecomp Enter - MemInfo: [/proc/self/status]	VmStk:	     144 kB
20220313 032534.346 INFO             PET0 PIOc_freedecomp Enter - MemInfo: [/proc/self/status]	VmExe:	     232 kB
20220313 032534.346 INFO             PET0 PIOc_freedecomp Enter - MemInfo: [/proc/self/status]	VmLib:	   59892 kB
20220313 032534.346 INFO             PET0 PIOc_freedecomp Enter - MemInfo: [/proc/self/status]	VmPTE:	     920 kB
20220313 032534.346 INFO             PET0 PIOc_freedecomp Enter - MemInfo: [/proc/self/status]	VmSwap:	       0 kB
20220313 032534.346 INFO             PET0 PIOc_freedecomp Enter - MemInfo: [/proc/self/status]	VmRSSPercent: 0.0163087 %
20220313 032534.346 INFO             PET0 PIOc_freedecomp Enter - MemInfo: [malloc] Non-mmapped space allocated:                12566528 Byte
20220313 032534.346 INFO             PET0 PIOc_freedecomp Enter - MemInfo: [malloc] Space allocated in mmapped regions:          1581056 Byte
20220313 032534.346 INFO             PET0 PIOc_freedecomp Enter - MemInfo: [malloc] Maximum total allocated space:                     0 Byte
20220313 032534.346 INFO             PET0 PIOc_freedecomp Enter - MemInfo: [malloc] Space in freed fastbin blocks:                  2304 Byte
20220313 032534.346 INFO             PET0 PIOc_freedecomp Enter - MemInfo: [malloc] Total allocated space:                       3295008 Byte
20220313 032534.346 INFO             PET0 PIOc_freedecomp Enter - MemInfo: [malloc] Total free space:                            9271520 Byte
20220313 032534.346 INFO             PET0 PIOc_freedecomp Enter - MemInfo: [malloc] Top-most, releasable space:                   131232 Byte
20220313 032534.346 INFO             PET0 PIOc_freedecomp Enter - MemInfo: [malloc] Total space in use, mmap + non-mmap:         4876064 Byte
20220313 032534.346 INFO             PET0 PIOc_freedecomp Enter - MemInfo: [malloc] Total space held (mmap + non-mmap):         14147584 Byte
20220313 032534.346 INFO             PET0 PIOc_freedecomp Enter - MemInfo: [malloc] Total space used (mmap + non-mmap):          4885408 Byte
20220313 032534.346 INFO             PET0 PIOc_freedecomp Enter - MemInfo: Wall-clock time since execution start:              0.0314928 seconds
20220313 032534.347 INFO             PET0 PIOc_freedecomp Exit - MemInfo: [/proc/meminfo - SSI]	MemTotal:       196434604 kB
20220313 032534.347 INFO             PET0 PIOc_freedecomp Exit - MemInfo: [/proc/meminfo - SSI]	MemFree:        186402464 kB
20220313 032534.347 INFO             PET0 PIOc_freedecomp Exit - MemInfo: [/proc/meminfo - SSI]	MemAvailable:   191842660 kB
20220313 032534.347 INFO             PET0 PIOc_freedecomp Exit - MemInfo: [/proc/meminfo - SSI]	Committed_AS:     654424 kB
20220313 032534.347 INFO             PET0 PIOc_freedecomp Exit - MemInfo: [/proc/meminfo - SSI]	CommittedPercent: 0.333151 %
20220313 032534.347 INFO             PET0 PIOc_freedecomp Exit - MemInfo: [/proc/self/status]	VmPeak:	  655216 kB
20220313 032534.347 INFO             PET0 PIOc_freedecomp Exit - MemInfo: [/proc/self/status]	VmSize:	  654896 kB
20220313 032534.347 INFO             PET0 PIOc_freedecomp Exit - MemInfo: [/proc/self/status]	VmLck:	       0 kB
20220313 032534.347 INFO             PET0 PIOc_freedecomp Exit - MemInfo: [/proc/self/status]	VmPin:	       0 kB
20220313 032534.347 INFO             PET0 PIOc_freedecomp Exit - MemInfo: [/proc/self/status]	VmHWM:	   64088 kB
20220313 032534.347 INFO             PET0 PIOc_freedecomp Exit - MemInfo: [/proc/self/status]	VmRSS:	   32036 kB
20220313 032534.347 INFO             PET0 PIOc_freedecomp Exit - MemInfo: [/proc/self/status]	VmData:	  195764 kB
20220313 032534.347 INFO             PET0 PIOc_freedecomp Exit - MemInfo: [/proc/self/status]	VmStk:	     144 kB
20220313 032534.347 INFO             PET0 PIOc_freedecomp Exit - MemInfo: [/proc/self/status]	VmExe:	     232 kB
20220313 032534.347 INFO             PET0 PIOc_freedecomp Exit - MemInfo: [/proc/self/status]	VmLib:	   59892 kB
20220313 032534.347 INFO             PET0 PIOc_freedecomp Exit - MemInfo: [/proc/self/status]	VmPTE:	     920 kB
20220313 032534.347 INFO             PET0 PIOc_freedecomp Exit - MemInfo: [/proc/self/status]	VmSwap:	       0 kB
20220313 032534.347 INFO             PET0 PIOc_freedecomp Exit - MemInfo: [/proc/self/status]	VmRSSPercent: 0.0163087 %
20220313 032534.347 INFO             PET0 PIOc_freedecomp Exit - MemInfo: [malloc] Non-mmapped space allocated:                12566528 Byte
20220313 032534.347 INFO             PET0 PIOc_freedecomp Exit - MemInfo: [malloc] Space allocated in mmapped regions:          1581056 Byte
20220313 032534.347 INFO             PET0 PIOc_freedecomp Exit - MemInfo: [malloc] Maximum total allocated space:                     0 Byte
20220313 032534.347 INFO             PET0 PIOc_freedecomp Exit - MemInfo: [malloc] Space in freed fastbin blocks:                  2128 Byte
20220313 032534.347 INFO             PET0 PIOc_freedecomp Exit - MemInfo: [malloc] Total allocated space:                       3282048 Byte
20220313 032534.347 INFO             PET0 PIOc_freedecomp Exit - MemInfo: [malloc] Total free space:                            9284480 Byte
20220313 032534.347 INFO             PET0 PIOc_freedecomp Exit - MemInfo: [malloc] Top-most, releasable space:                  9045856 Byte
20220313 032534.347 INFO             PET0 PIOc_freedecomp Exit - MemInfo: [malloc] Total space in use, mmap + non-mmap:         4863104 Byte
20220313 032534.347 INFO             PET0 PIOc_freedecomp Exit - MemInfo: [malloc] Total space held (mmap + non-mmap):         14147584 Byte
20220313 032534.347 INFO             PET0 PIOc_freedecomp Exit - MemInfo: [malloc] Total space used (mmap + non-mmap):          4872448 Byte
20220313 032534.347 INFO             PET0 PIOc_freedecomp Exit - MemInfo: Wall-clock time since execution start:              0.0321366 seconds
20220313 032534.347 INFO             PET0  PASS  Writing a FieldBundle to a single file with timeslice Test, ESMF_FieldBundleIOUTest.F90, line 370
20220313 032534.349 INFO             PET0 PIOc_sync Enter - MemInfo: [/proc/meminfo - SSI]	MemTotal:       196434604 kB
20220313 032534.349 INFO             PET0 PIOc_sync Enter - MemInfo: [/proc/meminfo - SSI]	MemFree:        186402464 kB
20220313 032534.349 INFO             PET0 PIOc_sync Enter - MemInfo: [/proc/meminfo - SSI]	MemAvailable:   191842660 kB
20220313 032534.349 INFO             PET0 PIOc_sync Enter - MemInfo: [/proc/meminfo - SSI]	Committed_AS:     654424 kB
20220313 032534.349 INFO             PET0 PIOc_sync Enter - MemInfo: [/proc/meminfo - SSI]	CommittedPercent: 0.333151 %
20220313 032534.349 INFO             PET0 PIOc_sync Enter - MemInfo: [/proc/self/status]	VmPeak:	  655216 kB
20220313 032534.349 INFO             PET0 PIOc_sync Enter - MemInfo: [/proc/self/status]	VmSize:	  654896 kB
20220313 032534.349 INFO             PET0 PIOc_sync Enter - MemInfo: [/proc/self/status]	VmLck:	       0 kB
20220313 032534.349 INFO             PET0 PIOc_sync Enter - MemInfo: [/proc/self/status]	VmPin:	       0 kB
20220313 032534.349 INFO             PET0 PIOc_sync Enter - MemInfo: [/proc/self/status]	VmHWM:	   64088 kB
20220313 032534.349 INFO             PET0 PIOc_sync Enter - MemInfo: [/proc/self/status]	VmRSS:	   32104 kB
20220313 032534.349 INFO             PET0 PIOc_sync Enter - MemInfo: [/proc/self/status]	VmData:	  195764 kB
20220313 032534.349 INFO             PET0 PIOc_sync Enter - MemInfo: [/proc/self/status]	VmStk:	     144 kB
20220313 032534.349 INFO             PET0 PIOc_sync Enter - MemInfo: [/proc/self/status]	VmExe:	     232 kB
20220313 032534.349 INFO             PET0 PIOc_sync Enter - MemInfo: [/proc/self/status]	VmLib:	   59892 kB
20220313 032534.349 INFO             PET0 PIOc_sync Enter - MemInfo: [/proc/self/status]	VmPTE:	     920 kB
20220313 032534.349 INFO             PET0 PIOc_sync Enter - MemInfo: [/proc/self/status]	VmSwap:	       0 kB
20220313 032534.349 INFO             PET0 PIOc_sync Enter - MemInfo: [/proc/self/status]	VmRSSPercent: 0.0163434 %
20220313 032534.349 INFO             PET0 PIOc_sync Enter - MemInfo: [malloc] Non-mmapped space allocated:                12566528 Byte
20220313 032534.349 INFO             PET0 PIOc_sync Enter - MemInfo: [malloc] Space allocated in mmapped regions:          1581056 Byte
20220313 032534.349 INFO             PET0 PIOc_sync Enter - MemInfo: [malloc] Maximum total allocated space:                     0 Byte
20220313 032534.349 INFO             PET0 PIOc_sync Enter - MemInfo: [malloc] Space in freed fastbin blocks:                  2928 Byte
20220313 032534.349 INFO             PET0 PIOc_sync Enter - MemInfo: [malloc] Total allocated space:                      12227776 Byte
20220313 032534.349 INFO             PET0 PIOc_sync Enter - MemInfo: [malloc] Total free space:                             338752 Byte
20220313 032534.349 INFO             PET0 PIOc_sync Enter - MemInfo: [malloc] Top-most, releasable space:                   132928 Byte
20220313 032534.349 INFO             PET0 PIOc_sync Enter - MemInfo: [malloc] Total space in use, mmap + non-mmap:        13808832 Byte
20220313 032534.349 INFO             PET0 PIOc_sync Enter - MemInfo: [malloc] Total space held (mmap + non-mmap):         14147584 Byte
20220313 032534.349 INFO             PET0 PIOc_sync Enter - MemInfo: [malloc] Total space used (mmap + non-mmap):         13818176 Byte
20220313 032534.349 INFO             PET0 PIOc_sync Enter - MemInfo: Wall-clock time since execution start:              0.0345755 seconds
20220313 032534.350 INFO             PET0 PIOc_sync Exit - MemInfo: [/proc/meminfo - SSI]	MemTotal:       196434604 kB
20220313 032534.350 INFO             PET0 PIOc_sync Exit - MemInfo: [/proc/meminfo - SSI]	MemFree:        186402464 kB
20220313 032534.350 INFO             PET0 PIOc_sync Exit - MemInfo: [/proc/meminfo - SSI]	MemAvailable:   191842660 kB
20220313 032534.350 INFO             PET0 PIOc_sync Exit - MemInfo: [/proc/meminfo - SSI]	Committed_AS:     654424 kB
20220313 032534.350 INFO             PET0 PIOc_sync Exit - MemInfo: [/proc/meminfo - SSI]	CommittedPercent: 0.333151 %
20220313 032534.350 INFO             PET0 PIOc_sync Exit - MemInfo: [/proc/self/status]	VmPeak:	  655216 kB
20220313 032534.350 INFO             PET0 PIOc_sync Exit - MemInfo: [/proc/self/status]	VmSize:	  654896 kB
20220313 032534.350 INFO             PET0 PIOc_sync Exit - MemInfo: [/proc/self/status]	VmLck:	       0 kB
20220313 032534.350 INFO             PET0 PIOc_sync Exit - MemInfo: [/proc/self/status]	VmPin:	       0 kB
20220313 032534.350 INFO             PET0 PIOc_sync Exit - MemInfo: [/proc/self/status]	VmHWM:	   64088 kB
20220313 032534.350 INFO             PET0 PIOc_sync Exit - MemInfo: [/proc/self/status]	VmRSS:	   32120 kB
20220313 032534.350 INFO             PET0 PIOc_sync Exit - MemInfo: [/proc/self/status]	VmData:	  195764 kB
20220313 032534.350 INFO             PET0 PIOc_sync Exit - MemInfo: [/proc/self/status]	VmStk:	     144 kB
20220313 032534.350 INFO             PET0 PIOc_sync Exit - MemInfo: [/proc/self/status]	VmExe:	     232 kB
20220313 032534.350 INFO             PET0 PIOc_sync Exit - MemInfo: [/proc/self/status]	VmLib:	   59892 kB
20220313 032534.350 INFO             PET0 PIOc_sync Exit - MemInfo: [/proc/self/status]	VmPTE:	     920 kB
20220313 032534.350 INFO             PET0 PIOc_sync Exit - MemInfo: [/proc/self/status]	VmSwap:	       0 kB
20220313 032534.350 INFO             PET0 PIOc_sync Exit - MemInfo: [/proc/self/status]	VmRSSPercent: 0.0163515 %
20220313 032534.350 INFO             PET0 PIOc_sync Exit - MemInfo: [malloc] Non-mmapped space allocated:                12566528 Byte
20220313 032534.350 INFO             PET0 PIOc_sync Exit - MemInfo: [malloc] Space allocated in mmapped regions:          1581056 Byte
20220313 032534.350 INFO             PET0 PIOc_sync Exit - MemInfo: [malloc] Maximum total allocated space:                     0 Byte
20220313 032534.350 INFO             PET0 PIOc_sync Exit - MemInfo: [malloc] Space in freed fastbin blocks:                  1728 Byte
20220313 032534.350 INFO             PET0 PIOc_sync Exit - MemInfo: [malloc] Total allocated space:                      12272048 Byte
20220313 032534.350 INFO             PET0 PIOc_sync Exit - MemInfo: [malloc] Total free space:                             294480 Byte
20220313 032534.350 INFO             PET0 PIOc_sync Exit - MemInfo: [malloc] Top-most, releasable space:                    90672 Byte
20220313 032534.350 INFO             PET0 PIOc_sync Exit - MemInfo: [malloc] Total space in use, mmap + non-mmap:        13853104 Byte
20220313 032534.350 INFO             PET0 PIOc_sync Exit - MemInfo: [malloc] Total space held (mmap + non-mmap):         14147584 Byte
20220313 032534.350 INFO             PET0 PIOc_sync Exit - MemInfo: [malloc] Total space used (mmap + non-mmap):         13862464 Byte
20220313 032534.350 INFO             PET0 PIOc_sync Exit - MemInfo: Wall-clock time since execution start:              0.0356111 seconds
20220313 032534.351 INFO             PET0 PIOc_freedecomp Enter - MemInfo: [/proc/meminfo - SSI]	MemTotal:       196434604 kB
20220313 032534.351 INFO             PET0 PIOc_freedecomp Enter - MemInfo: [/proc/meminfo - SSI]	MemFree:        186402464 kB
20220313 032534.351 INFO             PET0 PIOc_freedecomp Enter - MemInfo: [/proc/meminfo - SSI]	MemAvailable:   191842660 kB
20220313 032534.351 INFO             PET0 PIOc_freedecomp Enter - MemInfo: [/proc/meminfo - SSI]	Committed_AS:     654424 kB
20220313 032534.351 INFO             PET0 PIOc_freedecomp Enter - MemInfo: [/proc/meminfo - SSI]	CommittedPercent: 0.333151 %
20220313 032534.351 INFO             PET0 PIOc_freedecomp Enter - MemInfo: [/proc/self/status]	VmPeak:	  655216 kB
20220313 032534.351 INFO             PET0 PIOc_freedecomp Enter - MemInfo: [/proc/self/status]	VmSize:	  654896 kB
20220313 032534.351 INFO             PET0 PIOc_freedecomp Enter - MemInfo: [/proc/self/status]	VmLck:	       0 kB
20220313 032534.351 INFO             PET0 PIOc_freedecomp Enter - MemInfo: [/proc/self/status]	VmPin:	       0 kB
20220313 032534.351 INFO             PET0 PIOc_freedecomp Enter - MemInfo: [/proc/self/status]	VmHWM:	   64088 kB
20220313 032534.351 INFO             PET0 PIOc_freedecomp Enter - MemInfo: [/proc/self/status]	VmRSS:	   32120 kB
20220313 032534.351 INFO             PET0 PIOc_freedecomp Enter - MemInfo: [/proc/self/status]	VmData:	  195764 kB
20220313 032534.351 INFO             PET0 PIOc_freedecomp Enter - MemInfo: [/proc/self/status]	VmStk:	     144 kB
20220313 032534.351 INFO             PET0 PIOc_freedecomp Enter - MemInfo: [/proc/self/status]	VmExe:	     232 kB
20220313 032534.351 INFO             PET0 PIOc_freedecomp Enter - MemInfo: [/proc/self/status]	VmLib:	   59892 kB
20220313 032534.351 INFO             PET0 PIOc_freedecomp Enter - MemInfo: [/proc/self/status]	VmPTE:	     920 kB
20220313 032534.351 INFO             PET0 PIOc_freedecomp Enter - MemInfo: [/proc/self/status]	VmSwap:	       0 kB
20220313 032534.351 INFO             PET0 PIOc_freedecomp Enter - MemInfo: [/proc/self/status]	VmRSSPercent: 0.0163515 %
20220313 032534.351 INFO             PET0 PIOc_freedecomp Enter - MemInfo: [malloc] Non-mmapped space allocated:                12566528 Byte
20220313 032534.351 INFO             PET0 PIOc_freedecomp Enter - MemInfo: [malloc] Space allocated in mmapped regions:          1581056 Byte
20220313 032534.351 INFO             PET0 PIOc_freedecomp Enter - MemInfo: [malloc] Maximum total allocated space:                     0 Byte
20220313 032534.351 INFO             PET0 PIOc_freedecomp Enter - MemInfo: [malloc] Space in freed fastbin blocks:                  1648 Byte
20220313 032534.351 INFO             PET0 PIOc_freedecomp Enter - MemInfo: [malloc] Total allocated space:                       3344208 Byte
20220313 032534.351 INFO             PET0 PIOc_freedecomp Enter - MemInfo: [malloc] Total free space:                            9222320 Byte
20220313 032534.351 INFO             PET0 PIOc_freedecomp Enter - MemInfo: [malloc] Top-most, releasable space:                    90672 Byte
20220313 032534.351 INFO             PET0 PIOc_freedecomp Enter - MemInfo: [malloc] Total space in use, mmap + non-mmap:         4925264 Byte
20220313 032534.351 INFO             PET0 PIOc_freedecomp Enter - MemInfo: [malloc] Total space held (mmap + non-mmap):         14147584 Byte
20220313 032534.351 INFO             PET0 PIOc_freedecomp Enter - MemInfo: [malloc] Total space used (mmap + non-mmap):          4934624 Byte
20220313 032534.351 INFO             PET0 PIOc_freedecomp Enter - MemInfo: Wall-clock time since execution start:              0.0367019 seconds
20220313 032534.352 INFO             PET0 PIOc_freedecomp Exit - MemInfo: [/proc/meminfo - SSI]	MemTotal:       196434604 kB
20220313 032534.352 INFO             PET0 PIOc_freedecomp Exit - MemInfo: [/proc/meminfo - SSI]	MemFree:        186402464 kB
20220313 032534.352 INFO             PET0 PIOc_freedecomp Exit - MemInfo: [/proc/meminfo - SSI]	MemAvailable:   191842660 kB
20220313 032534.352 INFO             PET0 PIOc_freedecomp Exit - MemInfo: [/proc/meminfo - SSI]	Committed_AS:     654424 kB
20220313 032534.352 INFO             PET0 PIOc_freedecomp Exit - MemInfo: [/proc/meminfo - SSI]	CommittedPercent: 0.333151 %
20220313 032534.352 INFO             PET0 PIOc_freedecomp Exit - MemInfo: [/proc/self/status]	VmPeak:	  655216 kB
20220313 032534.352 INFO             PET0 PIOc_freedecomp Exit - MemInfo: [/proc/self/status]	VmSize:	  654896 kB
20220313 032534.352 INFO             PET0 PIOc_freedecomp Exit - MemInfo: [/proc/self/status]	VmLck:	       0 kB
20220313 032534.352 INFO             PET0 PIOc_freedecomp Exit - MemInfo: [/proc/self/status]	VmPin:	       0 kB
20220313 032534.352 INFO             PET0 PIOc_freedecomp Exit - MemInfo: [/proc/self/status]	VmHWM:	   64088 kB
20220313 032534.352 INFO             PET0 PIOc_freedecomp Exit - MemInfo: [/proc/self/status]	VmRSS:	   32120 kB
20220313 032534.352 INFO             PET0 PIOc_freedecomp Exit - MemInfo: [/proc/self/status]	VmData:	  195764 kB
20220313 032534.352 INFO             PET0 PIOc_freedecomp Exit - MemInfo: [/proc/self/status]	VmStk:	     144 kB
20220313 032534.352 INFO             PET0 PIOc_freedecomp Exit - MemInfo: [/proc/self/status]	VmExe:	     232 kB
20220313 032534.352 INFO             PET0 PIOc_freedecomp Exit - MemInfo: [/proc/self/status]	VmLib:	   59892 kB
20220313 032534.352 INFO             PET0 PIOc_freedecomp Exit - MemInfo: [/proc/self/status]	VmPTE:	     920 kB
20220313 032534.352 INFO             PET0 PIOc_freedecomp Exit - MemInfo: [/proc/self/status]	VmSwap:	       0 kB
20220313 032534.352 INFO             PET0 PIOc_freedecomp Exit - MemInfo: [/proc/self/status]	VmRSSPercent: 0.0163515 %
20220313 032534.352 INFO             PET0 PIOc_freedecomp Exit - MemInfo: [malloc] Non-mmapped space allocated:                12566528 Byte
20220313 032534.352 INFO             PET0 PIOc_freedecomp Exit - MemInfo: [malloc] Space allocated in mmapped regions:          1581056 Byte
20220313 032534.352 INFO             PET0 PIOc_freedecomp Exit - MemInfo: [malloc] Maximum total allocated space:                     0 Byte
20220313 032534.352 INFO             PET0 PIOc_freedecomp Exit - MemInfo: [malloc] Space in freed fastbin blocks:                  1696 Byte
20220313 032534.352 INFO             PET0 PIOc_freedecomp Exit - MemInfo: [malloc] Total allocated space:                       3331872 Byte
20220313 032534.352 INFO             PET0 PIOc_freedecomp Exit - MemInfo: [malloc] Total free space:                            9234656 Byte
20220313 032534.352 INFO             PET0 PIOc_freedecomp Exit - MemInfo: [malloc] Top-most, releasable space:                    98080 Byte
20220313 032534.352 INFO             PET0 PIOc_freedecomp Exit - MemInfo: [malloc] Total space in use, mmap + non-mmap:         4912928 Byte
20220313 032534.352 INFO             PET0 PIOc_freedecomp Exit - MemInfo: [malloc] Total space held (mmap + non-mmap):         14147584 Byte
20220313 032534.352 INFO             PET0 PIOc_freedecomp Exit - MemInfo: [malloc] Total space used (mmap + non-mmap):          4922288 Byte
20220313 032534.352 INFO             PET0 PIOc_freedecomp Exit - MemInfo: Wall-clock time since execution start:              0.0373554 seconds
20220313 032534.352 INFO             PET0 PIOc_freedecomp Enter - MemInfo: [/proc/meminfo - SSI]	MemTotal:       196434604 kB
20220313 032534.352 INFO             PET0 PIOc_freedecomp Enter - MemInfo: [/proc/meminfo - SSI]	MemFree:        186402464 kB
20220313 032534.352 INFO             PET0 PIOc_freedecomp Enter - MemInfo: [/proc/meminfo - SSI]	MemAvailable:   191842660 kB
20220313 032534.352 INFO             PET0 PIOc_freedecomp Enter - MemInfo: [/proc/meminfo - SSI]	Committed_AS:     654424 kB
20220313 032534.352 INFO             PET0 PIOc_freedecomp Enter - MemInfo: [/proc/meminfo - SSI]	CommittedPercent: 0.333151 %
20220313 032534.352 INFO             PET0 PIOc_freedecomp Enter - MemInfo: [/proc/self/status]	VmPeak:	  655216 kB
20220313 032534.353 INFO             PET0 PIOc_freedecomp Enter - MemInfo: [/proc/self/status]	VmSize:	  654896 kB
20220313 032534.353 INFO             PET0 PIOc_freedecomp Enter - MemInfo: [/proc/self/status]	VmLck:	       0 kB
20220313 032534.353 INFO             PET0 PIOc_freedecomp Enter - MemInfo: [/proc/self/status]	VmPin:	       0 kB
20220313 032534.353 INFO             PET0 PIOc_freedecomp Enter - MemInfo: [/proc/self/status]	VmHWM:	   64088 kB
20220313 032534.353 INFO             PET0 PIOc_freedecomp Enter - MemInfo: [/proc/self/status]	VmRSS:	   32120 kB
20220313 032534.353 INFO             PET0 PIOc_freedecomp Enter - MemInfo: [/proc/self/status]	VmData:	  195764 kB
20220313 032534.353 INFO             PET0 PIOc_freedecomp Enter - MemInfo: [/proc/self/status]	VmStk:	     144 kB
20220313 032534.353 INFO             PET0 PIOc_freedecomp Enter - MemInfo: [/proc/self/status]	VmExe:	     232 kB
20220313 032534.353 INFO             PET0 PIOc_freedecomp Enter - MemInfo: [/proc/self/status]	VmLib:	   59892 kB
20220313 032534.353 INFO             PET0 PIOc_freedecomp Enter - MemInfo: [/proc/self/status]	VmPTE:	     920 kB
20220313 032534.353 INFO             PET0 PIOc_freedecomp Enter - MemInfo: [/proc/self/status]	VmSwap:	       0 kB
20220313 032534.353 INFO             PET0 PIOc_freedecomp Enter - MemInfo: [/proc/self/status]	VmRSSPercent: 0.0163515 %
20220313 032534.353 INFO             PET0 PIOc_freedecomp Enter - MemInfo: [malloc] Non-mmapped space allocated:                12566528 Byte
20220313 032534.353 INFO             PET0 PIOc_freedecomp Enter - MemInfo: [malloc] Space allocated in mmapped regions:          1581056 Byte
20220313 032534.353 INFO             PET0 PIOc_freedecomp Enter - MemInfo: [malloc] Maximum total allocated space:                     0 Byte
20220313 032534.353 INFO             PET0 PIOc_freedecomp Enter - MemInfo: [malloc] Space in freed fastbin blocks:                  2560 Byte
20220313 032534.353 INFO             PET0 PIOc_freedecomp Enter - MemInfo: [malloc] Total allocated space:                       3331744 Byte
20220313 032534.353 INFO             PET0 PIOc_freedecomp Enter - MemInfo: [malloc] Total free space:                            9234784 Byte
20220313 032534.353 INFO             PET0 PIOc_freedecomp Enter - MemInfo: [malloc] Top-most, releasable space:                    99072 Byte
20220313 032534.353 INFO             PET0 PIOc_freedecomp Enter - MemInfo: [malloc] Total space in use, mmap + non-mmap:         4912800 Byte
20220313 032534.353 INFO             PET0 PIOc_freedecomp Enter - MemInfo: [malloc] Total space held (mmap + non-mmap):         14147584 Byte
20220313 032534.353 INFO             PET0 PIOc_freedecomp Enter - MemInfo: [malloc] Total space used (mmap + non-mmap):          4922160 Byte
20220313 032534.353 INFO             PET0 PIOc_freedecomp Enter - MemInfo: Wall-clock time since execution start:              0.0379845 seconds
20220313 032534.353 INFO             PET0 PIOc_freedecomp Exit - MemInfo: [/proc/meminfo - SSI]	MemTotal:       196434604 kB
20220313 032534.353 INFO             PET0 PIOc_freedecomp Exit - MemInfo: [/proc/meminfo - SSI]	MemFree:        186402464 kB
20220313 032534.353 INFO             PET0 PIOc_freedecomp Exit - MemInfo: [/proc/meminfo - SSI]	MemAvailable:   191842660 kB
20220313 032534.353 INFO             PET0 PIOc_freedecomp Exit - MemInfo: [/proc/meminfo - SSI]	Committed_AS:     654424 kB
20220313 032534.353 INFO             PET0 PIOc_freedecomp Exit - MemInfo: [/proc/meminfo - SSI]	CommittedPercent: 0.333151 %
20220313 032534.353 INFO             PET0 PIOc_freedecomp Exit - MemInfo: [/proc/self/status]	VmPeak:	  655216 kB
20220313 032534.353 INFO             PET0 PIOc_freedecomp Exit - MemInfo: [/proc/self/status]	VmSize:	  654896 kB
20220313 032534.353 INFO             PET0 PIOc_freedecomp Exit - MemInfo: [/proc/self/status]	VmLck:	       0 kB
20220313 032534.353 INFO             PET0 PIOc_freedecomp Exit - MemInfo: [/proc/self/status]	VmPin:	       0 kB
20220313 032534.353 INFO             PET0 PIOc_freedecomp Exit - MemInfo: [/proc/self/status]	VmHWM:	   64088 kB
20220313 032534.353 INFO             PET0 PIOc_freedecomp Exit - MemInfo: [/proc/self/status]	VmRSS:	   32120 kB
20220313 032534.353 INFO             PET0 PIOc_freedecomp Exit - MemInfo: [/proc/self/status]	VmData:	  195764 kB
20220313 032534.353 INFO             PET0 PIOc_freedecomp Exit - MemInfo: [/proc/self/status]	VmStk:	     144 kB
20220313 032534.353 INFO             PET0 PIOc_freedecomp Exit - MemInfo: [/proc/self/status]	VmExe:	     232 kB
20220313 032534.353 INFO             PET0 PIOc_freedecomp Exit - MemInfo: [/proc/self/status]	VmLib:	   59892 kB
20220313 032534.353 INFO             PET0 PIOc_freedecomp Exit - MemInfo: [/proc/self/status]	VmPTE:	     920 kB
20220313 032534.353 INFO             PET0 PIOc_freedecomp Exit - MemInfo: [/proc/self/status]	VmSwap:	       0 kB
20220313 032534.353 INFO             PET0 PIOc_freedecomp Exit - MemInfo: [/proc/self/status]	VmRSSPercent: 0.0163515 %
20220313 032534.353 INFO             PET0 PIOc_freedecomp Exit - MemInfo: [malloc] Non-mmapped space allocated:                12566528 Byte
20220313 032534.353 INFO             PET0 PIOc_freedecomp Exit - MemInfo: [malloc] Space allocated in mmapped regions:          1581056 Byte
20220313 032534.353 INFO             PET0 PIOc_freedecomp Exit - MemInfo: [malloc] Maximum total allocated space:                     0 Byte
20220313 032534.353 INFO             PET0 PIOc_freedecomp Exit - MemInfo: [malloc] Space in freed fastbin blocks:                  1696 Byte
20220313 032534.353 INFO             PET0 PIOc_freedecomp Exit - MemInfo: [malloc] Total allocated space:                       3300720 Byte
20220313 032534.353 INFO             PET0 PIOc_freedecomp Exit - MemInfo: [malloc] Total free space:                            9265808 Byte
20220313 032534.353 INFO             PET0 PIOc_freedecomp Exit - MemInfo: [malloc] Top-most, releasable space:                   125520 Byte
20220313 032534.353 INFO             PET0 PIOc_freedecomp Exit - MemInfo: [malloc] Total space in use, mmap + non-mmap:         4881776 Byte
20220313 032534.353 INFO             PET0 PIOc_freedecomp Exit - MemInfo: [malloc] Total space held (mmap + non-mmap):         14147584 Byte
20220313 032534.353 INFO             PET0 PIOc_freedecomp Exit - MemInfo: [malloc] Total space used (mmap + non-mmap):          4891136 Byte
20220313 032534.353 INFO             PET0 PIOc_freedecomp Exit - MemInfo: Wall-clock time since execution start:              0.0386263 seconds
20220313 032534.354 INFO             PET0 PIOc_freedecomp Enter - MemInfo: [/proc/meminfo - SSI]	MemTotal:       196434604 kB
20220313 032534.354 INFO             PET0 PIOc_freedecomp Enter - MemInfo: [/proc/meminfo - SSI]	MemFree:        186402464 kB
20220313 032534.354 INFO             PET0 PIOc_freedecomp Enter - MemInfo: [/proc/meminfo - SSI]	MemAvailable:   191842660 kB
20220313 032534.354 INFO             PET0 PIOc_freedecomp Enter - MemInfo: [/proc/meminfo - SSI]	Committed_AS:     654424 kB
20220313 032534.354 INFO             PET0 PIOc_freedecomp Enter - MemInfo: [/proc/meminfo - SSI]	CommittedPercent: 0.333151 %
20220313 032534.354 INFO             PET0 PIOc_freedecomp Enter - MemInfo: [/proc/self/status]	VmPeak:	  655216 kB
20220313 032534.354 INFO             PET0 PIOc_freedecomp Enter - MemInfo: [/proc/self/status]	VmSize:	  654896 kB
20220313 032534.354 INFO             PET0 PIOc_freedecomp Enter - MemInfo: [/proc/self/status]	VmLck:	       0 kB
20220313 032534.354 INFO             PET0 PIOc_freedecomp Enter - MemInfo: [/proc/self/status]	VmPin:	       0 kB
20220313 032534.354 INFO             PET0 PIOc_freedecomp Enter - MemInfo: [/proc/self/status]	VmHWM:	   64088 kB
20220313 032534.354 INFO             PET0 PIOc_freedecomp Enter - MemInfo: [/proc/self/status]	VmRSS:	   32120 kB
20220313 032534.354 INFO             PET0 PIOc_freedecomp Enter - MemInfo: [/proc/self/status]	VmData:	  195764 kB
20220313 032534.354 INFO             PET0 PIOc_freedecomp Enter - MemInfo: [/proc/self/status]	VmStk:	     144 kB
20220313 032534.354 INFO             PET0 PIOc_freedecomp Enter - MemInfo: [/proc/self/status]	VmExe:	     232 kB
20220313 032534.354 INFO             PET0 PIOc_freedecomp Enter - MemInfo: [/proc/self/status]	VmLib:	   59892 kB
20220313 032534.354 INFO             PET0 PIOc_freedecomp Enter - MemInfo: [/proc/self/status]	VmPTE:	     920 kB
20220313 032534.354 INFO             PET0 PIOc_freedecomp Enter - MemInfo: [/proc/self/status]	VmSwap:	       0 kB
20220313 032534.354 INFO             PET0 PIOc_freedecomp Enter - MemInfo: [/proc/self/status]	VmRSSPercent: 0.0163515 %
20220313 032534.354 INFO             PET0 PIOc_freedecomp Enter - MemInfo: [malloc] Non-mmapped space allocated:                12566528 Byte
20220313 032534.354 INFO             PET0 PIOc_freedecomp Enter - MemInfo: [malloc] Space allocated in mmapped regions:          1581056 Byte
20220313 032534.354 INFO             PET0 PIOc_freedecomp Enter - MemInfo: [malloc] Maximum total allocated space:                     0 Byte
20220313 032534.354 INFO             PET0 PIOc_freedecomp Enter - MemInfo: [malloc] Space in freed fastbin blocks:                  2560 Byte
20220313 032534.354 INFO             PET0 PIOc_freedecomp Enter - MemInfo: [malloc] Total allocated space:                       3300592 Byte
20220313 032534.354 INFO             PET0 PIOc_freedecomp Enter - MemInfo: [malloc] Total free space:                            9265936 Byte
20220313 032534.354 INFO             PET0 PIOc_freedecomp Enter - MemInfo: [malloc] Top-most, releasable space:                   126592 Byte
20220313 032534.354 INFO             PET0 PIOc_freedecomp Enter - MemInfo: [malloc] Total space in use, mmap + non-mmap:         4881648 Byte
20220313 032534.354 INFO             PET0 PIOc_freedecomp Enter - MemInfo: [malloc] Total space held (mmap + non-mmap):         14147584 Byte
20220313 032534.354 INFO             PET0 PIOc_freedecomp Enter - MemInfo: [malloc] Total space used (mmap + non-mmap):          4891008 Byte
20220313 032534.354 INFO             PET0 PIOc_freedecomp Enter - MemInfo: Wall-clock time since execution start:              0.0392619 seconds
20220313 032534.354 INFO             PET0 PIOc_freedecomp Exit - MemInfo: [/proc/meminfo - SSI]	MemTotal:       196434604 kB
20220313 032534.354 INFO             PET0 PIOc_freedecomp Exit - MemInfo: [/proc/meminfo - SSI]	MemFree:        186402464 kB
20220313 032534.354 INFO             PET0 PIOc_freedecomp Exit - MemInfo: [/proc/meminfo - SSI]	MemAvailable:   191842660 kB
20220313 032534.354 INFO             PET0 PIOc_freedecomp Exit - MemInfo: [/proc/meminfo - SSI]	Committed_AS:     654424 kB
20220313 032534.354 INFO             PET0 PIOc_freedecomp Exit - MemInfo: [/proc/meminfo - SSI]	CommittedPercent: 0.333151 %
20220313 032534.354 INFO             PET0 PIOc_freedecomp Exit - MemInfo: [/proc/self/status]	VmPeak:	  655216 kB
20220313 032534.354 INFO             PET0 PIOc_freedecomp Exit - MemInfo: [/proc/self/status]	VmSize:	  654896 kB
20220313 032534.354 INFO             PET0 PIOc_freedecomp Exit - MemInfo: [/proc/self/status]	VmLck:	       0 kB
20220313 032534.354 INFO             PET0 PIOc_freedecomp Exit - MemInfo: [/proc/self/status]	VmPin:	       0 kB
20220313 032534.354 INFO             PET0 PIOc_freedecomp Exit - MemInfo: [/proc/self/status]	VmHWM:	   64088 kB
20220313 032534.354 INFO             PET0 PIOc_freedecomp Exit - MemInfo: [/proc/self/status]	VmRSS:	   32120 kB
20220313 032534.354 INFO             PET0 PIOc_freedecomp Exit - MemInfo: [/proc/self/status]	VmData:	  195764 kB
20220313 032534.354 INFO             PET0 PIOc_freedecomp Exit - MemInfo: [/proc/self/status]	VmStk:	     144 kB
20220313 032534.354 INFO             PET0 PIOc_freedecomp Exit - MemInfo: [/proc/self/status]	VmExe:	     232 kB
20220313 032534.354 INFO             PET0 PIOc_freedecomp Exit - MemInfo: [/proc/self/status]	VmLib:	   59892 kB
20220313 032534.354 INFO             PET0 PIOc_freedecomp Exit - MemInfo: [/proc/self/status]	VmPTE:	     920 kB
20220313 032534.354 INFO             PET0 PIOc_freedecomp Exit - MemInfo: [/proc/self/status]	VmSwap:	       0 kB
20220313 032534.354 INFO             PET0 PIOc_freedecomp Exit - MemInfo: [/proc/self/status]	VmRSSPercent: 0.0163515 %
20220313 032534.355 INFO             PET0 PIOc_freedecomp Exit - MemInfo: [malloc] Non-mmapped space allocated:                12566528 Byte
20220313 032534.355 INFO             PET0 PIOc_freedecomp Exit - MemInfo: [malloc] Space allocated in mmapped regions:          1581056 Byte
20220313 032534.355 INFO             PET0 PIOc_freedecomp Exit - MemInfo: [malloc] Maximum total allocated space:                     0 Byte
20220313 032534.355 INFO             PET0 PIOc_freedecomp Exit - MemInfo: [malloc] Space in freed fastbin blocks:                  1648 Byte
20220313 032534.355 INFO             PET0 PIOc_freedecomp Exit - MemInfo: [malloc] Total allocated space:                       3287600 Byte
20220313 032534.355 INFO             PET0 PIOc_freedecomp Exit - MemInfo: [malloc] Total free space:                            9278928 Byte
20220313 032534.355 INFO             PET0 PIOc_freedecomp Exit - MemInfo: [malloc] Top-most, releasable space:                  9045856 Byte
20220313 032534.355 INFO             PET0 PIOc_freedecomp Exit - MemInfo: [malloc] Total space in use, mmap + non-mmap:         4868656 Byte
20220313 032534.355 INFO             PET0 PIOc_freedecomp Exit - MemInfo: [malloc] Total space held (mmap + non-mmap):         14147584 Byte
20220313 032534.355 INFO             PET0 PIOc_freedecomp Exit - MemInfo: [malloc] Total space used (mmap + non-mmap):          4878000 Byte
20220313 032534.355 INFO             PET0 PIOc_freedecomp Exit - MemInfo: Wall-clock time since execution start:              0.0398916 seconds
20220313 032534.355 INFO             PET0  PASS  Writing a FieldBundle to a single file with timeslice Test, ESMF_FieldBundleIOUTest.F90, line 388
20220313 032534.355 INFO             PET0  PASS  Create attribute package on FieldBundle multi Test, ESMF_FieldBundleIOUTest.F90, line 404
20220313 032534.355 INFO             PET0  PASS  Set attribute values on FieldBundle multi Test, ESMF_FieldBundleIOUTest.F90, line 417
20220313 032534.357 INFO             PET0 PIOc_sync Enter - MemInfo: [/proc/meminfo - SSI]	MemTotal:       196434604 kB
20220313 032534.357 INFO             PET0 PIOc_sync Enter - MemInfo: [/proc/meminfo - SSI]	MemFree:        186402464 kB
20220313 032534.357 INFO             PET0 PIOc_sync Enter - MemInfo: [/proc/meminfo - SSI]	MemAvailable:   191842660 kB
20220313 032534.357 INFO             PET0 PIOc_sync Enter - MemInfo: [/proc/meminfo - SSI]	Committed_AS:     654424 kB
20220313 032534.357 INFO             PET0 PIOc_sync Enter - MemInfo: [/proc/meminfo - SSI]	CommittedPercent: 0.333151 %
20220313 032534.357 INFO             PET0 PIOc_sync Enter - MemInfo: [/proc/self/status]	VmPeak:	  655216 kB
20220313 032534.357 INFO             PET0 PIOc_sync Enter - MemInfo: [/proc/self/status]	VmSize:	  654896 kB
20220313 032534.357 INFO             PET0 PIOc_sync Enter - MemInfo: [/proc/self/status]	VmLck:	       0 kB
20220313 032534.357 INFO             PET0 PIOc_sync Enter - MemInfo: [/proc/self/status]	VmPin:	       0 kB
20220313 032534.357 INFO             PET0 PIOc_sync Enter - MemInfo: [/proc/self/status]	VmHWM:	   64088 kB
20220313 032534.357 INFO             PET0 PIOc_sync Enter - MemInfo: [/proc/self/status]	VmRSS:	   32124 kB
20220313 032534.357 INFO             PET0 PIOc_sync Enter - MemInfo: [/proc/self/status]	VmData:	  195764 kB
20220313 032534.357 INFO             PET0 PIOc_sync Enter - MemInfo: [/proc/self/status]	VmStk:	     144 kB
20220313 032534.357 INFO             PET0 PIOc_sync Enter - MemInfo: [/proc/self/status]	VmExe:	     232 kB
20220313 032534.357 INFO             PET0 PIOc_sync Enter - MemInfo: [/proc/self/status]	VmLib:	   59892 kB
20220313 032534.357 INFO             PET0 PIOc_sync Enter - MemInfo: [/proc/self/status]	VmPTE:	     920 kB
20220313 032534.357 INFO             PET0 PIOc_sync Enter - MemInfo: [/proc/self/status]	VmSwap:	       0 kB
20220313 032534.357 INFO             PET0 PIOc_sync Enter - MemInfo: [/proc/self/status]	VmRSSPercent: 0.0163535 %
20220313 032534.357 INFO             PET0 PIOc_sync Enter - MemInfo: [malloc] Non-mmapped space allocated:                12566528 Byte
20220313 032534.357 INFO             PET0 PIOc_sync Enter - MemInfo: [malloc] Space allocated in mmapped regions:          1581056 Byte
20220313 032534.357 INFO             PET0 PIOc_sync Enter - MemInfo: [malloc] Maximum total allocated space:                     0 Byte
20220313 032534.357 INFO             PET0 PIOc_sync Enter - MemInfo: [malloc] Space in freed fastbin blocks:                  1760 Byte
20220313 032534.357 INFO             PET0 PIOc_sync Enter - MemInfo: [malloc] Total allocated space:                      12220128 Byte
20220313 032534.357 INFO             PET0 PIOc_sync Enter - MemInfo: [malloc] Total free space:                             346400 Byte
20220313 032534.357 INFO             PET0 PIOc_sync Enter - MemInfo: [malloc] Top-most, releasable space:                   132928 Byte
20220313 032534.357 INFO             PET0 PIOc_sync Enter - MemInfo: [malloc] Total space in use, mmap + non-mmap:        13801184 Byte
20220313 032534.357 INFO             PET0 PIOc_sync Enter - MemInfo: [malloc] Total space held (mmap + non-mmap):         14147584 Byte
20220313 032534.357 INFO             PET0 PIOc_sync Enter - MemInfo: [malloc] Total space used (mmap + non-mmap):         13810528 Byte
20220313 032534.357 INFO             PET0 PIOc_sync Enter - MemInfo: Wall-clock time since execution start:              0.0426778 seconds
20220313 032534.358 INFO             PET0 PIOc_sync Exit - MemInfo: [/proc/meminfo - SSI]	MemTotal:       196434604 kB
20220313 032534.358 INFO             PET0 PIOc_sync Exit - MemInfo: [/proc/meminfo - SSI]	MemFree:        186402464 kB
20220313 032534.358 INFO             PET0 PIOc_sync Exit - MemInfo: [/proc/meminfo - SSI]	MemAvailable:   191842660 kB
20220313 032534.358 INFO             PET0 PIOc_sync Exit - MemInfo: [/proc/meminfo - SSI]	Committed_AS:     654424 kB
20220313 032534.358 INFO             PET0 PIOc_sync Exit - MemInfo: [/proc/meminfo - SSI]	CommittedPercent: 0.333151 %
20220313 032534.358 INFO             PET0 PIOc_sync Exit - MemInfo: [/proc/self/status]	VmPeak:	  655216 kB
20220313 032534.358 INFO             PET0 PIOc_sync Exit - MemInfo: [/proc/self/status]	VmSize:	  654896 kB
20220313 032534.358 INFO             PET0 PIOc_sync Exit - MemInfo: [/proc/self/status]	VmLck:	       0 kB
20220313 032534.358 INFO             PET0 PIOc_sync Exit - MemInfo: [/proc/self/status]	VmPin:	       0 kB
20220313 032534.358 INFO             PET0 PIOc_sync Exit - MemInfo: [/proc/self/status]	VmHWM:	   64088 kB
20220313 032534.358 INFO             PET0 PIOc_sync Exit - MemInfo: [/proc/self/status]	VmRSS:	   32128 kB
20220313 032534.358 INFO             PET0 PIOc_sync Exit - MemInfo: [/proc/self/status]	VmData:	  195764 kB
20220313 032534.358 INFO             PET0 PIOc_sync Exit - MemInfo: [/proc/self/status]	VmStk:	     144 kB
20220313 032534.358 INFO             PET0 PIOc_sync Exit - MemInfo: [/proc/self/status]	VmExe:	     232 kB
20220313 032534.358 INFO             PET0 PIOc_sync Exit - MemInfo: [/proc/self/status]	VmLib:	   59892 kB
20220313 032534.358 INFO             PET0 PIOc_sync Exit - MemInfo: [/proc/self/status]	VmPTE:	     920 kB
20220313 032534.358 INFO             PET0 PIOc_sync Exit - MemInfo: [/proc/self/status]	VmSwap:	       0 kB
20220313 032534.358 INFO             PET0 PIOc_sync Exit - MemInfo: [/proc/self/status]	VmRSSPercent: 0.0163556 %
20220313 032534.358 INFO             PET0 PIOc_sync Exit - MemInfo: [malloc] Non-mmapped space allocated:                12566528 Byte
20220313 032534.358 INFO             PET0 PIOc_sync Exit - MemInfo: [malloc] Space allocated in mmapped regions:          1581056 Byte
20220313 032534.358 INFO             PET0 PIOc_sync Exit - MemInfo: [malloc] Maximum total allocated space:                     0 Byte
20220313 032534.358 INFO             PET0 PIOc_sync Exit - MemInfo: [malloc] Space in freed fastbin blocks:                  1712 Byte
20220313 032534.358 INFO             PET0 PIOc_sync Exit - MemInfo: [malloc] Total allocated space:                      12228464 Byte
20220313 032534.358 INFO             PET0 PIOc_sync Exit - MemInfo: [malloc] Total free space:                             338064 Byte
20220313 032534.358 INFO             PET0 PIOc_sync Exit - MemInfo: [malloc] Top-most, releasable space:                   129440 Byte
20220313 032534.358 INFO             PET0 PIOc_sync Exit - MemInfo: [malloc] Total space in use, mmap + non-mmap:        13809520 Byte
20220313 032534.358 INFO             PET0 PIOc_sync Exit - MemInfo: [malloc] Total space held (mmap + non-mmap):         14147584 Byte
20220313 032534.358 INFO             PET0 PIOc_sync Exit - MemInfo: [malloc] Total space used (mmap + non-mmap):         13818864 Byte
20220313 032534.358 INFO             PET0 PIOc_sync Exit - MemInfo: Wall-clock time since execution start:              0.0431732 seconds
20220313 032534.358 WARNING          PET0 ESMCI_PIO_Handler.C:1501 ESMCI::PIO_Handler::isOpen() File, multi.nc001, closed by PIO
20220313 032534.358 WARNING          PET0 ESMCI_PIO_Handler.C:1501 ESMCI::PIO_Handler::isOpen() File, multi.nc001, closed by PIO
20220313 032534.358 WARNING          PET0 ESMCI_PIO_Handler.C:1501 ESMCI::PIO_Handler::isOpen() File, multi.nc001, closed by PIO
20220313 032534.358 WARNING          PET0 ESMCI_PIO_Handler.C:1501 ESMCI::PIO_Handler::isOpen() File, multi.nc002, closed by PIO
20220313 032534.360 INFO             PET0 PIOc_sync Enter - MemInfo: [/proc/meminfo - SSI]	MemTotal:       196434604 kB
20220313 032534.360 INFO             PET0 PIOc_sync Enter - MemInfo: [/proc/meminfo - SSI]	MemFree:        186402464 kB
