build time -- 2022-03-13 03:14:43
20220313 032513.184 INFO             PET0 !!!!!!!!!!!!!!!!!!!!!!!!!!!!!!!!!!!!!!!!!!!!!!!!!!!!!!
20220313 032513.184 INFO             PET0 !!! THE ESMF_LOG IS SET TO OUTPUT ALL LOG MESSAGES !!!
20220313 032513.184 INFO             PET0 !!!     THIS MAY CAUSE SLOWDOWN IN PERFORMANCE     !!!
20220313 032513.184 INFO             PET0 !!! FOR PRODUCTION RUNS, USE:                      !!!
20220313 032513.184 INFO             PET0 !!!                   ESMF_LOGKIND_Multi_On_Error  !!!
20220313 032513.184 INFO             PET0 !!!!!!!!!!!!!!!!!!!!!!!!!!!!!!!!!!!!!!!!!!!!!!!!!!!!!!
20220313 032513.184 INFO             PET0 Running with ESMF Version   : v8.3.0b09-96-g559b459
20220313 032513.184 INFO             PET0 ESMF library build date/time: "Mar 13 2022" "03:13:32"
20220313 032513.184 INFO             PET0 ESMF library build location : /work/noaa/da/mpotts/sandbox/gfortran_8.3.0_openmpi_O_jedwards_pio_update2
20220313 032513.184 INFO             PET0 ESMF_COMM                   : openmpi
20220313 032513.184 INFO             PET0 ESMF_MOAB                   : enabled
20220313 032513.184 INFO             PET0 ESMF_LAPACK                 : enabled
20220313 032513.184 INFO             PET0 ESMF_NETCDF                 : enabled
20220313 032513.184 INFO             PET0 ESMF_PNETCDF                : disabled
20220313 032513.184 INFO             PET0 ESMF_PIO                    : enabled
20220313 032513.184 INFO             PET0 ESMF_YAMLCPP                : enabled
20220313 032513.185 INFO             PET0  Beginning Test, file ESMF_FieldIOUTest.F90, line 123
20220313 032513.185 INFO             PET0  NUMBER_OF_PROCESSORS           4
20220313 032513.185 INFO             PET0  PASS  Array Spec Set, ESMF_FieldIOUTest.F90, line 146
20220313 032513.185 INFO             PET0  PASS  Creating a Grid to use in Field Tests, ESMF_FieldIOUTest.F90, line 157
20220313 032513.185 INFO             PET0  PASS  Create a field from grid and fortran dummy array, ESMF_FieldIOUTest.F90, line 179
20220313 032513.186 INFO             PET0  PASS  Get Farray_w from field, ESMF_FieldIOUTest.F90, line 190
20220313 032513.193 INFO             PET0 PIOc_sync Enter - MemInfo: [/proc/meminfo - SSI]	MemTotal:       196434604 kB
20220313 032513.193 INFO             PET0 PIOc_sync Enter - MemInfo: [/proc/meminfo - SSI]	MemFree:        186409584 kB
20220313 032513.193 INFO             PET0 PIOc_sync Enter - MemInfo: [/proc/meminfo - SSI]	MemAvailable:   191841764 kB
20220313 032513.193 INFO             PET0 PIOc_sync Enter - MemInfo: [/proc/meminfo - SSI]	Committed_AS:     653660 kB
20220313 032513.193 INFO             PET0 PIOc_sync Enter - MemInfo: [/proc/meminfo - SSI]	CommittedPercent: 0.332762 %
20220313 032513.193 INFO             PET0 PIOc_sync Enter - MemInfo: [/proc/self/status]	VmPeak:	  654268 kB
20220313 032513.193 INFO             PET0 PIOc_sync Enter - MemInfo: [/proc/self/status]	VmSize:	  654268 kB
20220313 032513.193 INFO             PET0 PIOc_sync Enter - MemInfo: [/proc/self/status]	VmLck:	       0 kB
20220313 032513.193 INFO             PET0 PIOc_sync Enter - MemInfo: [/proc/self/status]	VmPin:	       0 kB
20220313 032513.193 INFO             PET0 PIOc_sync Enter - MemInfo: [/proc/self/status]	VmHWM:	   64100 kB
20220313 032513.193 INFO             PET0 PIOc_sync Enter - MemInfo: [/proc/self/status]	VmRSS:	   30420 kB
20220313 032513.193 INFO             PET0 PIOc_sync Enter - MemInfo: [/proc/self/status]	VmData:	  195096 kB
20220313 032513.193 INFO             PET0 PIOc_sync Enter - MemInfo: [/proc/self/status]	VmStk:	     144 kB
20220313 032513.193 INFO             PET0 PIOc_sync Enter - MemInfo: [/proc/self/status]	VmExe:	     272 kB
20220313 032513.193 INFO             PET0 PIOc_sync Enter - MemInfo: [/proc/self/status]	VmLib:	   59892 kB
20220313 032513.193 INFO             PET0 PIOc_sync Enter - MemInfo: [/proc/self/status]	VmPTE:	     936 kB
20220313 032513.193 INFO             PET0 PIOc_sync Enter - MemInfo: [/proc/self/status]	VmSwap:	       0 kB
20220313 032513.193 INFO             PET0 PIOc_sync Enter - MemInfo: [/proc/self/status]	VmRSSPercent: 0.0154861 %
20220313 032513.193 INFO             PET0 PIOc_sync Enter - MemInfo: [malloc] Non-mmapped space allocated:                 2961408 Byte
20220313 032513.193 INFO             PET0 PIOc_sync Enter - MemInfo: [malloc] Space allocated in mmapped regions:         10502144 Byte
20220313 032513.193 INFO             PET0 PIOc_sync Enter - MemInfo: [malloc] Maximum total allocated space:                     0 Byte
20220313 032513.193 INFO             PET0 PIOc_sync Enter - MemInfo: [malloc] Space in freed fastbin blocks:                   704 Byte
20220313 032513.193 INFO             PET0 PIOc_sync Enter - MemInfo: [malloc] Total allocated space:                       2645760 Byte
20220313 032513.193 INFO             PET0 PIOc_sync Enter - MemInfo: [malloc] Total free space:                             315648 Byte
20220313 032513.193 INFO             PET0 PIOc_sync Enter - MemInfo: [malloc] Top-most, releasable space:                   115216 Byte
20220313 032513.193 INFO             PET0 PIOc_sync Enter - MemInfo: [malloc] Total space in use, mmap + non-mmap:        13147904 Byte
20220313 032513.193 INFO             PET0 PIOc_sync Enter - MemInfo: [malloc] Total space held (mmap + non-mmap):         13463552 Byte
20220313 032513.193 INFO             PET0 PIOc_sync Enter - MemInfo: [malloc] Total space used (mmap + non-mmap):         13157248 Byte
20220313 032513.193 INFO             PET0 PIOc_sync Enter - MemInfo: Wall-clock time since execution start:              0.0132157 seconds
20220313 032513.194 INFO             PET0 PIOc_sync Exit - MemInfo: [/proc/meminfo - SSI]	MemTotal:       196434604 kB
20220313 032513.194 INFO             PET0 PIOc_sync Exit - MemInfo: [/proc/meminfo - SSI]	MemFree:        186409584 kB
20220313 032513.194 INFO             PET0 PIOc_sync Exit - MemInfo: [/proc/meminfo - SSI]	MemAvailable:   191841764 kB
20220313 032513.194 INFO             PET0 PIOc_sync Exit - MemInfo: [/proc/meminfo - SSI]	Committed_AS:     653660 kB
20220313 032513.194 INFO             PET0 PIOc_sync Exit - MemInfo: [/proc/meminfo - SSI]	CommittedPercent: 0.332762 %
20220313 032513.194 INFO             PET0 PIOc_sync Exit - MemInfo: [/proc/self/status]	VmPeak:	  654268 kB
20220313 032513.194 INFO             PET0 PIOc_sync Exit - MemInfo: [/proc/self/status]	VmSize:	  654268 kB
20220313 032513.194 INFO             PET0 PIOc_sync Exit - MemInfo: [/proc/self/status]	VmLck:	       0 kB
20220313 032513.194 INFO             PET0 PIOc_sync Exit - MemInfo: [/proc/self/status]	VmPin:	       0 kB
20220313 032513.194 INFO             PET0 PIOc_sync Exit - MemInfo: [/proc/self/status]	VmHWM:	   64100 kB
20220313 032513.194 INFO             PET0 PIOc_sync Exit - MemInfo: [/proc/self/status]	VmRSS:	   30556 kB
20220313 032513.194 INFO             PET0 PIOc_sync Exit - MemInfo: [/proc/self/status]	VmData:	  195096 kB
20220313 032513.194 INFO             PET0 PIOc_sync Exit - MemInfo: [/proc/self/status]	VmStk:	     144 kB
20220313 032513.194 INFO             PET0 PIOc_sync Exit - MemInfo: [/proc/self/status]	VmExe:	     272 kB
20220313 032513.194 INFO             PET0 PIOc_sync Exit - MemInfo: [/proc/self/status]	VmLib:	   59892 kB
20220313 032513.194 INFO             PET0 PIOc_sync Exit - MemInfo: [/proc/self/status]	VmPTE:	     936 kB
20220313 032513.194 INFO             PET0 PIOc_sync Exit - MemInfo: [/proc/self/status]	VmSwap:	       0 kB
20220313 032513.194 INFO             PET0 PIOc_sync Exit - MemInfo: [/proc/self/status]	VmRSSPercent: 0.0155553 %
20220313 032513.194 INFO             PET0 PIOc_sync Exit - MemInfo: [malloc] Non-mmapped space allocated:                 2961408 Byte
20220313 032513.194 INFO             PET0 PIOc_sync Exit - MemInfo: [malloc] Space allocated in mmapped regions:         10502144 Byte
20220313 032513.194 INFO             PET0 PIOc_sync Exit - MemInfo: [malloc] Maximum total allocated space:                     0 Byte
20220313 032513.194 INFO             PET0 PIOc_sync Exit - MemInfo: [malloc] Space in freed fastbin blocks:                   864 Byte
20220313 032513.194 INFO             PET0 PIOc_sync Exit - MemInfo: [malloc] Total allocated space:                       2655280 Byte
20220313 032513.194 INFO             PET0 PIOc_sync Exit - MemInfo: [malloc] Total free space:                             306128 Byte
20220313 032513.194 INFO             PET0 PIOc_sync Exit - MemInfo: [malloc] Top-most, releasable space:                   103712 Byte
20220313 032513.194 INFO             PET0 PIOc_sync Exit - MemInfo: [malloc] Total space in use, mmap + non-mmap:        13157424 Byte
20220313 032513.194 INFO             PET0 PIOc_sync Exit - MemInfo: [malloc] Total space held (mmap + non-mmap):         13463552 Byte
20220313 032513.194 INFO             PET0 PIOc_sync Exit - MemInfo: [malloc] Total space used (mmap + non-mmap):         13166768 Byte
20220313 032513.194 INFO             PET0 PIOc_sync Exit - MemInfo: Wall-clock time since execution start:              0.0141574 seconds
20220313 032513.195 INFO             PET0 PIOc_freedecomp Enter - MemInfo: [/proc/meminfo - SSI]	MemTotal:       196434604 kB
20220313 032513.195 INFO             PET0 PIOc_freedecomp Enter - MemInfo: [/proc/meminfo - SSI]	MemFree:        186416488 kB
20220313 032513.195 INFO             PET0 PIOc_freedecomp Enter - MemInfo: [/proc/meminfo - SSI]	MemAvailable:   191848668 kB
20220313 032513.195 INFO             PET0 PIOc_freedecomp Enter - MemInfo: [/proc/meminfo - SSI]	Committed_AS:     645464 kB
20220313 032513.195 INFO             PET0 PIOc_freedecomp Enter - MemInfo: [/proc/meminfo - SSI]	CommittedPercent: 0.32859 %
20220313 032513.196 INFO             PET0 PIOc_freedecomp Enter - MemInfo: [/proc/self/status]	VmPeak:	  654268 kB
20220313 032513.196 INFO             PET0 PIOc_freedecomp Enter - MemInfo: [/proc/self/status]	VmSize:	  645556 kB
20220313 032513.196 INFO             PET0 PIOc_freedecomp Enter - MemInfo: [/proc/self/status]	VmLck:	       0 kB
20220313 032513.196 INFO             PET0 PIOc_freedecomp Enter - MemInfo: [/proc/self/status]	VmPin:	       0 kB
20220313 032513.196 INFO             PET0 PIOc_freedecomp Enter - MemInfo: [/proc/self/status]	VmHWM:	   64100 kB
20220313 032513.196 INFO             PET0 PIOc_freedecomp Enter - MemInfo: [/proc/self/status]	VmRSS:	   22356 kB
20220313 032513.196 INFO             PET0 PIOc_freedecomp Enter - MemInfo: [/proc/self/status]	VmData:	  186384 kB
20220313 032513.196 INFO             PET0 PIOc_freedecomp Enter - MemInfo: [/proc/self/status]	VmStk:	     144 kB
20220313 032513.196 INFO             PET0 PIOc_freedecomp Enter - MemInfo: [/proc/self/status]	VmExe:	     272 kB
20220313 032513.196 INFO             PET0 PIOc_freedecomp Enter - MemInfo: [/proc/self/status]	VmLib:	   59892 kB
20220313 032513.196 INFO             PET0 PIOc_freedecomp Enter - MemInfo: [/proc/self/status]	VmPTE:	     920 kB
20220313 032513.196 INFO             PET0 PIOc_freedecomp Enter - MemInfo: [/proc/self/status]	VmSwap:	       0 kB
20220313 032513.196 INFO             PET0 PIOc_freedecomp Enter - MemInfo: [/proc/self/status]	VmRSSPercent: 0.0113809 %
20220313 032513.196 INFO             PET0 PIOc_freedecomp Enter - MemInfo: [malloc] Non-mmapped space allocated:                 2961408 Byte
20220313 032513.196 INFO             PET0 PIOc_freedecomp Enter - MemInfo: [malloc] Space allocated in mmapped regions:          1581056 Byte
20220313 032513.196 INFO             PET0 PIOc_freedecomp Enter - MemInfo: [malloc] Maximum total allocated space:                     0 Byte
20220313 032513.196 INFO             PET0 PIOc_freedecomp Enter - MemInfo: [malloc] Space in freed fastbin blocks:                  2064 Byte
20220313 032513.196 INFO             PET0 PIOc_freedecomp Enter - MemInfo: [malloc] Total allocated space:                       2642016 Byte
20220313 032513.196 INFO             PET0 PIOc_freedecomp Enter - MemInfo: [malloc] Total free space:                             319392 Byte
20220313 032513.196 INFO             PET0 PIOc_freedecomp Enter - MemInfo: [malloc] Top-most, releasable space:                   103712 Byte
20220313 032513.196 INFO             PET0 PIOc_freedecomp Enter - MemInfo: [malloc] Total space in use, mmap + non-mmap:         4223072 Byte
20220313 032513.196 INFO             PET0 PIOc_freedecomp Enter - MemInfo: [malloc] Total space held (mmap + non-mmap):          4542464 Byte
20220313 032513.196 INFO             PET0 PIOc_freedecomp Enter - MemInfo: [malloc] Total space used (mmap + non-mmap):          4232416 Byte
20220313 032513.196 INFO             PET0 PIOc_freedecomp Enter - MemInfo: Wall-clock time since execution start:              0.0154199 seconds
20220313 032513.196 INFO             PET0 PIOc_freedecomp Exit - MemInfo: [/proc/meminfo - SSI]	MemTotal:       196434604 kB
20220313 032513.196 INFO             PET0 PIOc_freedecomp Exit - MemInfo: [/proc/meminfo - SSI]	MemFree:        186416488 kB
20220313 032513.196 INFO             PET0 PIOc_freedecomp Exit - MemInfo: [/proc/meminfo - SSI]	MemAvailable:   191848668 kB
20220313 032513.196 INFO             PET0 PIOc_freedecomp Exit - MemInfo: [/proc/meminfo - SSI]	Committed_AS:     645464 kB
20220313 032513.196 INFO             PET0 PIOc_freedecomp Exit - MemInfo: [/proc/meminfo - SSI]	CommittedPercent: 0.32859 %
20220313 032513.196 INFO             PET0 PIOc_freedecomp Exit - MemInfo: [/proc/self/status]	VmPeak:	  654268 kB
20220313 032513.196 INFO             PET0 PIOc_freedecomp Exit - MemInfo: [/proc/self/status]	VmSize:	  645556 kB
20220313 032513.196 INFO             PET0 PIOc_freedecomp Exit - MemInfo: [/proc/self/status]	VmLck:	       0 kB
20220313 032513.196 INFO             PET0 PIOc_freedecomp Exit - MemInfo: [/proc/self/status]	VmPin:	       0 kB
20220313 032513.196 INFO             PET0 PIOc_freedecomp Exit - MemInfo: [/proc/self/status]	VmHWM:	   64100 kB
20220313 032513.196 INFO             PET0 PIOc_freedecomp Exit - MemInfo: [/proc/self/status]	VmRSS:	   22356 kB
20220313 032513.196 INFO             PET0 PIOc_freedecomp Exit - MemInfo: [/proc/self/status]	VmData:	  186384 kB
20220313 032513.196 INFO             PET0 PIOc_freedecomp Exit - MemInfo: [/proc/self/status]	VmStk:	     144 kB
20220313 032513.196 INFO             PET0 PIOc_freedecomp Exit - MemInfo: [/proc/self/status]	VmExe:	     272 kB
20220313 032513.196 INFO             PET0 PIOc_freedecomp Exit - MemInfo: [/proc/self/status]	VmLib:	   59892 kB
20220313 032513.196 INFO             PET0 PIOc_freedecomp Exit - MemInfo: [/proc/self/status]	VmPTE:	     920 kB
20220313 032513.196 INFO             PET0 PIOc_freedecomp Exit - MemInfo: [/proc/self/status]	VmSwap:	       0 kB
20220313 032513.196 INFO             PET0 PIOc_freedecomp Exit - MemInfo: [/proc/self/status]	VmRSSPercent: 0.0113809 %
20220313 032513.196 INFO             PET0 PIOc_freedecomp Exit - MemInfo: [malloc] Non-mmapped space allocated:                 2961408 Byte
20220313 032513.196 INFO             PET0 PIOc_freedecomp Exit - MemInfo: [malloc] Space allocated in mmapped regions:          1581056 Byte
20220313 032513.196 INFO             PET0 PIOc_freedecomp Exit - MemInfo: [malloc] Maximum total allocated space:                     0 Byte
20220313 032513.196 INFO             PET0 PIOc_freedecomp Exit - MemInfo: [malloc] Space in freed fastbin blocks:                   896 Byte
20220313 032513.196 INFO             PET0 PIOc_freedecomp Exit - MemInfo: [malloc] Total allocated space:                       2626928 Byte
20220313 032513.196 INFO             PET0 PIOc_freedecomp Exit - MemInfo: [malloc] Total free space:                             334480 Byte
20220313 032513.196 INFO             PET0 PIOc_freedecomp Exit - MemInfo: [malloc] Top-most, releasable space:                   114160 Byte
20220313 032513.196 INFO             PET0 PIOc_freedecomp Exit - MemInfo: [malloc] Total space in use, mmap + non-mmap:         4207984 Byte
20220313 032513.196 INFO             PET0 PIOc_freedecomp Exit - MemInfo: [malloc] Total space held (mmap + non-mmap):          4542464 Byte
20220313 032513.196 INFO             PET0 PIOc_freedecomp Exit - MemInfo: [malloc] Total space used (mmap + non-mmap):          4217328 Byte
20220313 032513.196 INFO             PET0 PIOc_freedecomp Exit - MemInfo: Wall-clock time since execution start:              0.0160202 seconds
20220313 032513.196 INFO             PET0  PASS  Write Fortran array in Field, ESMF_FieldIOUTest.F90, line 219
20220313 032513.196 INFO             PET0  PASS  Create a field from grid and fortran dummy array without halo, ESMF_FieldIOUTest.F90, line 233
20220313 032513.197 INFO             PET0  PASS  Get Farray_w from nohalo field, ESMF_FieldIOUTest.F90, line 244
20220313 032513.200 INFO             PET0 PIOc_sync Enter - MemInfo: [/proc/meminfo - SSI]	MemTotal:       196434604 kB
20220313 032513.200 INFO             PET0 PIOc_sync Enter - MemInfo: [/proc/meminfo - SSI]	MemFree:        186409584 kB
20220313 032513.200 INFO             PET0 PIOc_sync Enter - MemInfo: [/proc/meminfo - SSI]	MemAvailable:   191841764 kB
20220313 032513.200 INFO             PET0 PIOc_sync Enter - MemInfo: [/proc/meminfo - SSI]	Committed_AS:     653668 kB
20220313 032513.200 INFO             PET0 PIOc_sync Enter - MemInfo: [/proc/meminfo - SSI]	CommittedPercent: 0.332766 %
20220313 032513.200 INFO             PET0 PIOc_sync Enter - MemInfo: [/proc/self/status]	VmPeak:	  654276 kB
20220313 032513.200 INFO             PET0 PIOc_sync Enter - MemInfo: [/proc/self/status]	VmSize:	  654276 kB
20220313 032513.200 INFO             PET0 PIOc_sync Enter - MemInfo: [/proc/self/status]	VmLck:	       0 kB
20220313 032513.200 INFO             PET0 PIOc_sync Enter - MemInfo: [/proc/self/status]	VmPin:	       0 kB
20220313 032513.200 INFO             PET0 PIOc_sync Enter - MemInfo: [/proc/self/status]	VmHWM:	   64100 kB
20220313 032513.200 INFO             PET0 PIOc_sync Enter - MemInfo: [/proc/self/status]	VmRSS:	   30648 kB
20220313 032513.200 INFO             PET0 PIOc_sync Enter - MemInfo: [/proc/self/status]	VmData:	  195104 kB
20220313 032513.200 INFO             PET0 PIOc_sync Enter - MemInfo: [/proc/self/status]	VmStk:	     144 kB
20220313 032513.200 INFO             PET0 PIOc_sync Enter - MemInfo: [/proc/self/status]	VmExe:	     272 kB
20220313 032513.200 INFO             PET0 PIOc_sync Enter - MemInfo: [/proc/self/status]	VmLib:	   59892 kB
20220313 032513.200 INFO             PET0 PIOc_sync Enter - MemInfo: [/proc/self/status]	VmPTE:	     940 kB
20220313 032513.200 INFO             PET0 PIOc_sync Enter - MemInfo: [/proc/self/status]	VmSwap:	       0 kB
20220313 032513.200 INFO             PET0 PIOc_sync Enter - MemInfo: [/proc/self/status]	VmRSSPercent: 0.0156021 %
20220313 032513.200 INFO             PET0 PIOc_sync Enter - MemInfo: [malloc] Non-mmapped space allocated:                11890688 Byte
20220313 032513.200 INFO             PET0 PIOc_sync Enter - MemInfo: [malloc] Space allocated in mmapped regions:          1581056 Byte
20220313 032513.200 INFO             PET0 PIOc_sync Enter - MemInfo: [malloc] Maximum total allocated space:                     0 Byte
20220313 032513.200 INFO             PET0 PIOc_sync Enter - MemInfo: [malloc] Space in freed fastbin blocks:                   896 Byte
20220313 032513.200 INFO             PET0 PIOc_sync Enter - MemInfo: [malloc] Total allocated space:                      11564320 Byte
20220313 032513.200 INFO             PET0 PIOc_sync Enter - MemInfo: [malloc] Total free space:                             326368 Byte
20220313 032513.200 INFO             PET0 PIOc_sync Enter - MemInfo: [malloc] Top-most, releasable space:                   126048 Byte
20220313 032513.200 INFO             PET0 PIOc_sync Enter - MemInfo: [malloc] Total space in use, mmap + non-mmap:        13145376 Byte
20220313 032513.200 INFO             PET0 PIOc_sync Enter - MemInfo: [malloc] Total space held (mmap + non-mmap):         13471744 Byte
20220313 032513.200 INFO             PET0 PIOc_sync Enter - MemInfo: [malloc] Total space used (mmap + non-mmap):         13154720 Byte
20220313 032513.200 INFO             PET0 PIOc_sync Enter - MemInfo: Wall-clock time since execution start:               0.019939 seconds
20220313 032513.201 INFO             PET0 PIOc_sync Exit - MemInfo: [/proc/meminfo - SSI]	MemTotal:       196434604 kB
20220313 032513.201 INFO             PET0 PIOc_sync Exit - MemInfo: [/proc/meminfo - SSI]	MemFree:        186409584 kB
20220313 032513.201 INFO             PET0 PIOc_sync Exit - MemInfo: [/proc/meminfo - SSI]	MemAvailable:   191841764 kB
20220313 032513.201 INFO             PET0 PIOc_sync Exit - MemInfo: [/proc/meminfo - SSI]	Committed_AS:     653668 kB
20220313 032513.201 INFO             PET0 PIOc_sync Exit - MemInfo: [/proc/meminfo - SSI]	CommittedPercent: 0.332766 %
20220313 032513.201 INFO             PET0 PIOc_sync Exit - MemInfo: [/proc/self/status]	VmPeak:	  654276 kB
20220313 032513.201 INFO             PET0 PIOc_sync Exit - MemInfo: [/proc/self/status]	VmSize:	  654276 kB
20220313 032513.201 INFO             PET0 PIOc_sync Exit - MemInfo: [/proc/self/status]	VmLck:	       0 kB
20220313 032513.201 INFO             PET0 PIOc_sync Exit - MemInfo: [/proc/self/status]	VmPin:	       0 kB
20220313 032513.201 INFO             PET0 PIOc_sync Exit - MemInfo: [/proc/self/status]	VmHWM:	   64100 kB
20220313 032513.201 INFO             PET0 PIOc_sync Exit - MemInfo: [/proc/self/status]	VmRSS:	   30668 kB
20220313 032513.201 INFO             PET0 PIOc_sync Exit - MemInfo: [/proc/self/status]	VmData:	  195104 kB
20220313 032513.201 INFO             PET0 PIOc_sync Exit - MemInfo: [/proc/self/status]	VmStk:	     144 kB
20220313 032513.201 INFO             PET0 PIOc_sync Exit - MemInfo: [/proc/self/status]	VmExe:	     272 kB
20220313 032513.201 INFO             PET0 PIOc_sync Exit - MemInfo: [/proc/self/status]	VmLib:	   59892 kB
20220313 032513.201 INFO             PET0 PIOc_sync Exit - MemInfo: [/proc/self/status]	VmPTE:	     940 kB
20220313 032513.201 INFO             PET0 PIOc_sync Exit - MemInfo: [/proc/self/status]	VmSwap:	       0 kB
20220313 032513.201 INFO             PET0 PIOc_sync Exit - MemInfo: [/proc/self/status]	VmRSSPercent: 0.0156123 %
20220313 032513.201 INFO             PET0 PIOc_sync Exit - MemInfo: [malloc] Non-mmapped space allocated:                11890688 Byte
20220313 032513.201 INFO             PET0 PIOc_sync Exit - MemInfo: [malloc] Space allocated in mmapped regions:          1581056 Byte
20220313 032513.201 INFO             PET0 PIOc_sync Exit - MemInfo: [malloc] Maximum total allocated space:                     0 Byte
20220313 032513.201 INFO             PET0 PIOc_sync Exit - MemInfo: [malloc] Space in freed fastbin blocks:                  1072 Byte
20220313 032513.201 INFO             PET0 PIOc_sync Exit - MemInfo: [malloc] Total allocated space:                      11572656 Byte
20220313 032513.201 INFO             PET0 PIOc_sync Exit - MemInfo: [malloc] Total free space:                             318032 Byte
20220313 032513.201 INFO             PET0 PIOc_sync Exit - MemInfo: [malloc] Top-most, releasable space:                   109424 Byte
20220313 032513.201 INFO             PET0 PIOc_sync Exit - MemInfo: [malloc] Total space in use, mmap + non-mmap:        13153712 Byte
20220313 032513.201 INFO             PET0 PIOc_sync Exit - MemInfo: [malloc] Total space held (mmap + non-mmap):         13471744 Byte
20220313 032513.201 INFO             PET0 PIOc_sync Exit - MemInfo: [malloc] Total space used (mmap + non-mmap):         13163056 Byte
20220313 032513.201 INFO             PET0 PIOc_sync Exit - MemInfo: Wall-clock time since execution start:              0.0209031 seconds
20220313 032513.202 INFO             PET0 PIOc_freedecomp Enter - MemInfo: [/proc/meminfo - SSI]	MemTotal:       196434604 kB
20220313 032513.202 INFO             PET0 PIOc_freedecomp Enter - MemInfo: [/proc/meminfo - SSI]	MemFree:        186409584 kB
20220313 032513.202 INFO             PET0 PIOc_freedecomp Enter - MemInfo: [/proc/meminfo - SSI]	MemAvailable:   191841764 kB
20220313 032513.202 INFO             PET0 PIOc_freedecomp Enter - MemInfo: [/proc/meminfo - SSI]	Committed_AS:     653668 kB
20220313 032513.202 INFO             PET0 PIOc_freedecomp Enter - MemInfo: [/proc/meminfo - SSI]	CommittedPercent: 0.332766 %
20220313 032513.202 INFO             PET0 PIOc_freedecomp Enter - MemInfo: [/proc/self/status]	VmPeak:	  654276 kB
20220313 032513.202 INFO             PET0 PIOc_freedecomp Enter - MemInfo: [/proc/self/status]	VmSize:	  654276 kB
20220313 032513.202 INFO             PET0 PIOc_freedecomp Enter - MemInfo: [/proc/self/status]	VmLck:	       0 kB
20220313 032513.202 INFO             PET0 PIOc_freedecomp Enter - MemInfo: [/proc/self/status]	VmPin:	       0 kB
20220313 032513.202 INFO             PET0 PIOc_freedecomp Enter - MemInfo: [/proc/self/status]	VmHWM:	   64100 kB
20220313 032513.202 INFO             PET0 PIOc_freedecomp Enter - MemInfo: [/proc/self/status]	VmRSS:	   30676 kB
20220313 032513.202 INFO             PET0 PIOc_freedecomp Enter - MemInfo: [/proc/self/status]	VmData:	  195104 kB
20220313 032513.202 INFO             PET0 PIOc_freedecomp Enter - MemInfo: [/proc/self/status]	VmStk:	     144 kB
20220313 032513.202 INFO             PET0 PIOc_freedecomp Enter - MemInfo: [/proc/self/status]	VmExe:	     272 kB
20220313 032513.202 INFO             PET0 PIOc_freedecomp Enter - MemInfo: [/proc/self/status]	VmLib:	   59892 kB
20220313 032513.202 INFO             PET0 PIOc_freedecomp Enter - MemInfo: [/proc/self/status]	VmPTE:	     940 kB
20220313 032513.202 INFO             PET0 PIOc_freedecomp Enter - MemInfo: [/proc/self/status]	VmSwap:	       0 kB
20220313 032513.202 INFO             PET0 PIOc_freedecomp Enter - MemInfo: [/proc/self/status]	VmRSSPercent: 0.0156164 %
20220313 032513.202 INFO             PET0 PIOc_freedecomp Enter - MemInfo: [malloc] Non-mmapped space allocated:                11890688 Byte
20220313 032513.202 INFO             PET0 PIOc_freedecomp Enter - MemInfo: [malloc] Space allocated in mmapped regions:          1581056 Byte
20220313 032513.202 INFO             PET0 PIOc_freedecomp Enter - MemInfo: [malloc] Maximum total allocated space:                     0 Byte
20220313 032513.202 INFO             PET0 PIOc_freedecomp Enter - MemInfo: [malloc] Space in freed fastbin blocks:                  1056 Byte
20220313 032513.202 INFO             PET0 PIOc_freedecomp Enter - MemInfo: [malloc] Total allocated space:                       2646448 Byte
20220313 032513.202 INFO             PET0 PIOc_freedecomp Enter - MemInfo: [malloc] Total free space:                            9244240 Byte
20220313 032513.202 INFO             PET0 PIOc_freedecomp Enter - MemInfo: [malloc] Top-most, releasable space:                   109424 Byte
20220313 032513.202 INFO             PET0 PIOc_freedecomp Enter - MemInfo: [malloc] Total space in use, mmap + non-mmap:         4227504 Byte
20220313 032513.202 INFO             PET0 PIOc_freedecomp Enter - MemInfo: [malloc] Total space held (mmap + non-mmap):         13471744 Byte
20220313 032513.202 INFO             PET0 PIOc_freedecomp Enter - MemInfo: [malloc] Total space used (mmap + non-mmap):          4236848 Byte
20220313 032513.202 INFO             PET0 PIOc_freedecomp Enter - MemInfo: Wall-clock time since execution start:               0.021812 seconds
20220313 032513.202 INFO             PET0 PIOc_freedecomp Exit - MemInfo: [/proc/meminfo - SSI]	MemTotal:       196434604 kB
20220313 032513.202 INFO             PET0 PIOc_freedecomp Exit - MemInfo: [/proc/meminfo - SSI]	MemFree:        186409584 kB
20220313 032513.202 INFO             PET0 PIOc_freedecomp Exit - MemInfo: [/proc/meminfo - SSI]	MemAvailable:   191841764 kB
20220313 032513.202 INFO             PET0 PIOc_freedecomp Exit - MemInfo: [/proc/meminfo - SSI]	Committed_AS:     653668 kB
20220313 032513.202 INFO             PET0 PIOc_freedecomp Exit - MemInfo: [/proc/meminfo - SSI]	CommittedPercent: 0.332766 %
20220313 032513.203 INFO             PET0 PIOc_freedecomp Exit - MemInfo: [/proc/self/status]	VmPeak:	  654276 kB
20220313 032513.203 INFO             PET0 PIOc_freedecomp Exit - MemInfo: [/proc/self/status]	VmSize:	  654276 kB
20220313 032513.203 INFO             PET0 PIOc_freedecomp Exit - MemInfo: [/proc/self/status]	VmLck:	       0 kB
20220313 032513.203 INFO             PET0 PIOc_freedecomp Exit - MemInfo: [/proc/self/status]	VmPin:	       0 kB
20220313 032513.203 INFO             PET0 PIOc_freedecomp Exit - MemInfo: [/proc/self/status]	VmHWM:	   64100 kB
20220313 032513.203 INFO             PET0 PIOc_freedecomp Exit - MemInfo: [/proc/self/status]	VmRSS:	   30676 kB
20220313 032513.203 INFO             PET0 PIOc_freedecomp Exit - MemInfo: [/proc/self/status]	VmData:	  195104 kB
20220313 032513.203 INFO             PET0 PIOc_freedecomp Exit - MemInfo: [/proc/self/status]	VmStk:	     144 kB
20220313 032513.203 INFO             PET0 PIOc_freedecomp Exit - MemInfo: [/proc/self/status]	VmExe:	     272 kB
20220313 032513.203 INFO             PET0 PIOc_freedecomp Exit - MemInfo: [/proc/self/status]	VmLib:	   59892 kB
20220313 032513.203 INFO             PET0 PIOc_freedecomp Exit - MemInfo: [/proc/self/status]	VmPTE:	     940 kB
20220313 032513.203 INFO             PET0 PIOc_freedecomp Exit - MemInfo: [/proc/self/status]	VmSwap:	       0 kB
20220313 032513.203 INFO             PET0 PIOc_freedecomp Exit - MemInfo: [/proc/self/status]	VmRSSPercent: 0.0156164 %
20220313 032513.203 INFO             PET0 PIOc_freedecomp Exit - MemInfo: [malloc] Non-mmapped space allocated:                11890688 Byte
20220313 032513.203 INFO             PET0 PIOc_freedecomp Exit - MemInfo: [malloc] Space allocated in mmapped regions:          1581056 Byte
20220313 032513.203 INFO             PET0 PIOc_freedecomp Exit - MemInfo: [malloc] Maximum total allocated space:                     0 Byte
20220313 032513.203 INFO             PET0 PIOc_freedecomp Exit - MemInfo: [malloc] Space in freed fastbin blocks:                   896 Byte
20220313 032513.203 INFO             PET0 PIOc_freedecomp Exit - MemInfo: [malloc] Total allocated space:                       2633504 Byte
20220313 032513.203 INFO             PET0 PIOc_freedecomp Exit - MemInfo: [malloc] Total free space:                            9257184 Byte
20220313 032513.203 INFO             PET0 PIOc_freedecomp Exit - MemInfo: [malloc] Top-most, releasable space:                   109424 Byte
20220313 032513.203 INFO             PET0 PIOc_freedecomp Exit - MemInfo: [malloc] Total space in use, mmap + non-mmap:         4214560 Byte
20220313 032513.203 INFO             PET0 PIOc_freedecomp Exit - MemInfo: [malloc] Total space held (mmap + non-mmap):         13471744 Byte
20220313 032513.203 INFO             PET0 PIOc_freedecomp Exit - MemInfo: [malloc] Total space used (mmap + non-mmap):          4223904 Byte
20220313 032513.203 INFO             PET0 PIOc_freedecomp Exit - MemInfo: Wall-clock time since execution start:              0.0224297 seconds
20220313 032513.203 INFO             PET0  PASS  Write Fortran array in nohalo Field, ESMF_FieldIOUTest.F90, line 268
20220313 032513.203 INFO             PET0  PASS  Create a field from grid and fortran dummy array without halo, ESMF_FieldIOUTest.F90, line 281
20220313 032513.206 INFO             PET0 PIOc_sync Enter - MemInfo: [/proc/meminfo - SSI]	MemTotal:       196434604 kB
20220313 032513.206 INFO             PET0 PIOc_sync Enter - MemInfo: [/proc/meminfo - SSI]	MemFree:        186409072 kB
20220313 032513.206 INFO             PET0 PIOc_sync Enter - MemInfo: [/proc/meminfo - SSI]	MemAvailable:   191841252 kB
20220313 032513.206 INFO             PET0 PIOc_sync Enter - MemInfo: [/proc/meminfo - SSI]	Committed_AS:     653668 kB
20220313 032513.206 INFO             PET0 PIOc_sync Enter - MemInfo: [/proc/meminfo - SSI]	CommittedPercent: 0.332766 %
20220313 032513.206 INFO             PET0 PIOc_sync Enter - MemInfo: [/proc/self/status]	VmPeak:	  654276 kB
20220313 032513.206 INFO             PET0 PIOc_sync Enter - MemInfo: [/proc/self/status]	VmSize:	  654276 kB
20220313 032513.206 INFO             PET0 PIOc_sync Enter - MemInfo: [/proc/self/status]	VmLck:	       0 kB
20220313 032513.206 INFO             PET0 PIOc_sync Enter - MemInfo: [/proc/self/status]	VmPin:	       0 kB
20220313 032513.206 INFO             PET0 PIOc_sync Enter - MemInfo: [/proc/self/status]	VmHWM:	   64100 kB
20220313 032513.206 INFO             PET0 PIOc_sync Enter - MemInfo: [/proc/self/status]	VmRSS:	   31068 kB
20220313 032513.206 INFO             PET0 PIOc_sync Enter - MemInfo: [/proc/self/status]	VmData:	  195104 kB
20220313 032513.206 INFO             PET0 PIOc_sync Enter - MemInfo: [/proc/self/status]	VmStk:	     144 kB
20220313 032513.206 INFO             PET0 PIOc_sync Enter - MemInfo: [/proc/self/status]	VmExe:	     272 kB
20220313 032513.206 INFO             PET0 PIOc_sync Enter - MemInfo: [/proc/self/status]	VmLib:	   59892 kB
20220313 032513.206 INFO             PET0 PIOc_sync Enter - MemInfo: [/proc/self/status]	VmPTE:	     940 kB
20220313 032513.206 INFO             PET0 PIOc_sync Enter - MemInfo: [/proc/self/status]	VmSwap:	       0 kB
20220313 032513.206 INFO             PET0 PIOc_sync Enter - MemInfo: [/proc/self/status]	VmRSSPercent: 0.015816 %
20220313 032513.206 INFO             PET0 PIOc_sync Enter - MemInfo: [malloc] Non-mmapped space allocated:                11890688 Byte
20220313 032513.206 INFO             PET0 PIOc_sync Enter - MemInfo: [malloc] Space allocated in mmapped regions:          1581056 Byte
20220313 032513.206 INFO             PET0 PIOc_sync Enter - MemInfo: [malloc] Maximum total allocated space:                     0 Byte
20220313 032513.206 INFO             PET0 PIOc_sync Enter - MemInfo: [malloc] Space in freed fastbin blocks:                   704 Byte
20220313 032513.206 INFO             PET0 PIOc_sync Enter - MemInfo: [malloc] Total allocated space:                      11570112 Byte
20220313 032513.206 INFO             PET0 PIOc_sync Enter - MemInfo: [malloc] Total free space:                             320576 Byte
20220313 032513.206 INFO             PET0 PIOc_sync Enter - MemInfo: [malloc] Top-most, releasable space:                   120336 Byte
20220313 032513.206 INFO             PET0 PIOc_sync Enter - MemInfo: [malloc] Total space in use, mmap + non-mmap:        13151168 Byte
20220313 032513.206 INFO             PET0 PIOc_sync Enter - MemInfo: [malloc] Total space held (mmap + non-mmap):         13471744 Byte
20220313 032513.206 INFO             PET0 PIOc_sync Enter - MemInfo: [malloc] Total space used (mmap + non-mmap):         13160512 Byte
20220313 032513.206 INFO             PET0 PIOc_sync Enter - MemInfo: Wall-clock time since execution start:              0.0255542 seconds
20220313 032513.206 INFO             PET0 PIOc_sync Exit - MemInfo: [/proc/meminfo - SSI]	MemTotal:       196434604 kB
20220313 032513.206 INFO             PET0 PIOc_sync Exit - MemInfo: [/proc/meminfo - SSI]	MemFree:        186409072 kB
20220313 032513.206 INFO             PET0 PIOc_sync Exit - MemInfo: [/proc/meminfo - SSI]	MemAvailable:   191841252 kB
20220313 032513.206 INFO             PET0 PIOc_sync Exit - MemInfo: [/proc/meminfo - SSI]	Committed_AS:     653668 kB
20220313 032513.206 INFO             PET0 PIOc_sync Exit - MemInfo: [/proc/meminfo - SSI]	CommittedPercent: 0.332766 %
20220313 032513.206 INFO             PET0 PIOc_sync Exit - MemInfo: [/proc/self/status]	VmPeak:	  654276 kB
20220313 032513.206 INFO             PET0 PIOc_sync Exit - MemInfo: [/proc/self/status]	VmSize:	  654276 kB
20220313 032513.206 INFO             PET0 PIOc_sync Exit - MemInfo: [/proc/self/status]	VmLck:	       0 kB
20220313 032513.206 INFO             PET0 PIOc_sync Exit - MemInfo: [/proc/self/status]	VmPin:	       0 kB
20220313 032513.206 INFO             PET0 PIOc_sync Exit - MemInfo: [/proc/self/status]	VmHWM:	   64100 kB
20220313 032513.206 INFO             PET0 PIOc_sync Exit - MemInfo: [/proc/self/status]	VmRSS:	   31072 kB
20220313 032513.206 INFO             PET0 PIOc_sync Exit - MemInfo: [/proc/self/status]	VmData:	  195104 kB
20220313 032513.206 INFO             PET0 PIOc_sync Exit - MemInfo: [/proc/self/status]	VmStk:	     144 kB
20220313 032513.206 INFO             PET0 PIOc_sync Exit - MemInfo: [/proc/self/status]	VmExe:	     272 kB
20220313 032513.206 INFO             PET0 PIOc_sync Exit - MemInfo: [/proc/self/status]	VmLib:	   59892 kB
20220313 032513.206 INFO             PET0 PIOc_sync Exit - MemInfo: [/proc/self/status]	VmPTE:	     940 kB
20220313 032513.206 INFO             PET0 PIOc_sync Exit - MemInfo: [/proc/self/status]	VmSwap:	       0 kB
20220313 032513.206 INFO             PET0 PIOc_sync Exit - MemInfo: [/proc/self/status]	VmRSSPercent: 0.015818 %
20220313 032513.206 INFO             PET0 PIOc_sync Exit - MemInfo: [malloc] Non-mmapped space allocated:                11890688 Byte
20220313 032513.206 INFO             PET0 PIOc_sync Exit - MemInfo: [malloc] Space allocated in mmapped regions:          1581056 Byte
20220313 032513.206 INFO             PET0 PIOc_sync Exit - MemInfo: [malloc] Maximum total allocated space:                     0 Byte
20220313 032513.206 INFO             PET0 PIOc_sync Exit - MemInfo: [malloc] Space in freed fastbin blocks:                   864 Byte
20220313 032513.206 INFO             PET0 PIOc_sync Exit - MemInfo: [malloc] Total allocated space:                      11579600 Byte
20220313 032513.206 INFO             PET0 PIOc_sync Exit - MemInfo: [malloc] Total free space:                             311088 Byte
20220313 032513.206 INFO             PET0 PIOc_sync Exit - MemInfo: [malloc] Top-most, releasable space:                   108576 Byte
20220313 032513.206 INFO             PET0 PIOc_sync Exit - MemInfo: [malloc] Total space in use, mmap + non-mmap:        13160656 Byte
20220313 032513.206 INFO             PET0 PIOc_sync Exit - MemInfo: [malloc] Total space held (mmap + non-mmap):         13471744 Byte
20220313 032513.206 INFO             PET0 PIOc_sync Exit - MemInfo: [malloc] Total space used (mmap + non-mmap):         13170000 Byte
20220313 032513.206 INFO             PET0 PIOc_sync Exit - MemInfo: Wall-clock time since execution start:              0.0262026 seconds
20220313 032513.207 INFO             PET0 PIOc_freedecomp Enter - MemInfo: [/proc/meminfo - SSI]	MemTotal:       196434604 kB
20220313 032513.207 INFO             PET0 PIOc_freedecomp Enter - MemInfo: [/proc/meminfo - SSI]	MemFree:        186409072 kB
20220313 032513.207 INFO             PET0 PIOc_freedecomp Enter - MemInfo: [/proc/meminfo - SSI]	MemAvailable:   191841252 kB
20220313 032513.207 INFO             PET0 PIOc_freedecomp Enter - MemInfo: [/proc/meminfo - SSI]	Committed_AS:     653668 kB
20220313 032513.207 INFO             PET0 PIOc_freedecomp Enter - MemInfo: [/proc/meminfo - SSI]	CommittedPercent: 0.332766 %
20220313 032513.207 INFO             PET0 PIOc_freedecomp Enter - MemInfo: [/proc/self/status]	VmPeak:	  654276 kB
20220313 032513.207 INFO             PET0 PIOc_freedecomp Enter - MemInfo: [/proc/self/status]	VmSize:	  654276 kB
20220313 032513.207 INFO             PET0 PIOc_freedecomp Enter - MemInfo: [/proc/self/status]	VmLck:	       0 kB
20220313 032513.207 INFO             PET0 PIOc_freedecomp Enter - MemInfo: [/proc/self/status]	VmPin:	       0 kB
20220313 032513.207 INFO             PET0 PIOc_freedecomp Enter - MemInfo: [/proc/self/status]	VmHWM:	   64100 kB
20220313 032513.207 INFO             PET0 PIOc_freedecomp Enter - MemInfo: [/proc/self/status]	VmRSS:	   31072 kB
20220313 032513.207 INFO             PET0 PIOc_freedecomp Enter - MemInfo: [/proc/self/status]	VmData:	  195104 kB
20220313 032513.207 INFO             PET0 PIOc_freedecomp Enter - MemInfo: [/proc/self/status]	VmStk:	     144 kB
20220313 032513.207 INFO             PET0 PIOc_freedecomp Enter - MemInfo: [/proc/self/status]	VmExe:	     272 kB
20220313 032513.207 INFO             PET0 PIOc_freedecomp Enter - MemInfo: [/proc/self/status]	VmLib:	   59892 kB
20220313 032513.207 INFO             PET0 PIOc_freedecomp Enter - MemInfo: [/proc/self/status]	VmPTE:	     940 kB
20220313 032513.207 INFO             PET0 PIOc_freedecomp Enter - MemInfo: [/proc/self/status]	VmSwap:	       0 kB
20220313 032513.207 INFO             PET0 PIOc_freedecomp Enter - MemInfo: [/proc/self/status]	VmRSSPercent: 0.015818 %
20220313 032513.207 INFO             PET0 PIOc_freedecomp Enter - MemInfo: [malloc] Non-mmapped space allocated:                11890688 Byte
20220313 032513.207 INFO             PET0 PIOc_freedecomp Enter - MemInfo: [malloc] Space allocated in mmapped regions:          1581056 Byte
20220313 032513.207 INFO             PET0 PIOc_freedecomp Enter - MemInfo: [malloc] Maximum total allocated space:                     0 Byte
20220313 032513.207 INFO             PET0 PIOc_freedecomp Enter - MemInfo: [malloc] Space in freed fastbin blocks:                   944 Byte
20220313 032513.207 INFO             PET0 PIOc_freedecomp Enter - MemInfo: [malloc] Total allocated space:                       2653392 Byte
20220313 032513.207 INFO             PET0 PIOc_freedecomp Enter - MemInfo: [malloc] Total free space:                            9237296 Byte
20220313 032513.207 INFO             PET0 PIOc_freedecomp Enter - MemInfo: [malloc] Top-most, releasable space:                   108576 Byte
20220313 032513.207 INFO             PET0 PIOc_freedecomp Enter - MemInfo: [malloc] Total space in use, mmap + non-mmap:         4234448 Byte
20220313 032513.207 INFO             PET0 PIOc_freedecomp Enter - MemInfo: [malloc] Total space held (mmap + non-mmap):         13471744 Byte
20220313 032513.207 INFO             PET0 PIOc_freedecomp Enter - MemInfo: [malloc] Total space used (mmap + non-mmap):          4243792 Byte
20220313 032513.207 INFO             PET0 PIOc_freedecomp Enter - MemInfo: Wall-clock time since execution start:              0.0269384 seconds
20220313 032513.208 INFO             PET0 PIOc_freedecomp Exit - MemInfo: [/proc/meminfo - SSI]	MemTotal:       196434604 kB
20220313 032513.208 INFO             PET0 PIOc_freedecomp Exit - MemInfo: [/proc/meminfo - SSI]	MemFree:        186409072 kB
20220313 032513.208 INFO             PET0 PIOc_freedecomp Exit - MemInfo: [/proc/meminfo - SSI]	MemAvailable:   191841252 kB
20220313 032513.208 INFO             PET0 PIOc_freedecomp Exit - MemInfo: [/proc/meminfo - SSI]	Committed_AS:     653668 kB
20220313 032513.208 INFO             PET0 PIOc_freedecomp Exit - MemInfo: [/proc/meminfo - SSI]	CommittedPercent: 0.332766 %
20220313 032513.208 INFO             PET0 PIOc_freedecomp Exit - MemInfo: [/proc/self/status]	VmPeak:	  654276 kB
20220313 032513.208 INFO             PET0 PIOc_freedecomp Exit - MemInfo: [/proc/self/status]	VmSize:	  654276 kB
20220313 032513.208 INFO             PET0 PIOc_freedecomp Exit - MemInfo: [/proc/self/status]	VmLck:	       0 kB
20220313 032513.208 INFO             PET0 PIOc_freedecomp Exit - MemInfo: [/proc/self/status]	VmPin:	       0 kB
20220313 032513.208 INFO             PET0 PIOc_freedecomp Exit - MemInfo: [/proc/self/status]	VmHWM:	   64100 kB
20220313 032513.208 INFO             PET0 PIOc_freedecomp Exit - MemInfo: [/proc/self/status]	VmRSS:	   31072 kB
20220313 032513.208 INFO             PET0 PIOc_freedecomp Exit - MemInfo: [/proc/self/status]	VmData:	  195104 kB
20220313 032513.208 INFO             PET0 PIOc_freedecomp Exit - MemInfo: [/proc/self/status]	VmStk:	     144 kB
20220313 032513.208 INFO             PET0 PIOc_freedecomp Exit - MemInfo: [/proc/self/status]	VmExe:	     272 kB
20220313 032513.208 INFO             PET0 PIOc_freedecomp Exit - MemInfo: [/proc/self/status]	VmLib:	   59892 kB
20220313 032513.208 INFO             PET0 PIOc_freedecomp Exit - MemInfo: [/proc/self/status]	VmPTE:	     940 kB
20220313 032513.208 INFO             PET0 PIOc_freedecomp Exit - MemInfo: [/proc/self/status]	VmSwap:	       0 kB
20220313 032513.208 INFO             PET0 PIOc_freedecomp Exit - MemInfo: [/proc/self/status]	VmRSSPercent: 0.015818 %
20220313 032513.208 INFO             PET0 PIOc_freedecomp Exit - MemInfo: [malloc] Non-mmapped space allocated:                11890688 Byte
20220313 032513.208 INFO             PET0 PIOc_freedecomp Exit - MemInfo: [malloc] Space allocated in mmapped regions:          1581056 Byte
20220313 032513.208 INFO             PET0 PIOc_freedecomp Exit - MemInfo: [malloc] Maximum total allocated space:                     0 Byte
20220313 032513.208 INFO             PET0 PIOc_freedecomp Exit - MemInfo: [malloc] Space in freed fastbin blocks:                   784 Byte
20220313 032513.208 INFO             PET0 PIOc_freedecomp Exit - MemInfo: [malloc] Total allocated space:                       2638336 Byte
20220313 032513.208 INFO             PET0 PIOc_freedecomp Exit - MemInfo: [malloc] Total free space:                            9252352 Byte
20220313 032513.208 INFO             PET0 PIOc_freedecomp Exit - MemInfo: [malloc] Top-most, releasable space:                   119280 Byte
20220313 032513.208 INFO             PET0 PIOc_freedecomp Exit - MemInfo: [malloc] Total space in use, mmap + non-mmap:         4219392 Byte
20220313 032513.208 INFO             PET0 PIOc_freedecomp Exit - MemInfo: [malloc] Total space held (mmap + non-mmap):         13471744 Byte
20220313 032513.208 INFO             PET0 PIOc_freedecomp Exit - MemInfo: [malloc] Total space used (mmap + non-mmap):          4228736 Byte
20220313 032513.208 INFO             PET0 PIOc_freedecomp Exit - MemInfo: Wall-clock time since execution start:              0.0275653 seconds
20220313 032513.210 INFO             PET0 PIOc_sync Enter - MemInfo: [/proc/meminfo - SSI]	MemTotal:       196434604 kB
20220313 032513.210 INFO             PET0 PIOc_sync Enter - MemInfo: [/proc/meminfo - SSI]	MemFree:        186409072 kB
20220313 032513.210 INFO             PET0 PIOc_sync Enter - MemInfo: [/proc/meminfo - SSI]	MemAvailable:   191841252 kB
20220313 032513.210 INFO             PET0 PIOc_sync Enter - MemInfo: [/proc/meminfo - SSI]	Committed_AS:     653668 kB
20220313 032513.210 INFO             PET0 PIOc_sync Enter - MemInfo: [/proc/meminfo - SSI]	CommittedPercent: 0.332766 %
20220313 032513.210 INFO             PET0 PIOc_sync Enter - MemInfo: [/proc/self/status]	VmPeak:	  654280 kB
20220313 032513.210 INFO             PET0 PIOc_sync Enter - MemInfo: [/proc/self/status]	VmSize:	  654276 kB
20220313 032513.210 INFO             PET0 PIOc_sync Enter - MemInfo: [/proc/self/status]	VmLck:	       0 kB
20220313 032513.210 INFO             PET0 PIOc_sync Enter - MemInfo: [/proc/self/status]	VmPin:	       0 kB
20220313 032513.210 INFO             PET0 PIOc_sync Enter - MemInfo: [/proc/self/status]	VmHWM:	   64100 kB
20220313 032513.210 INFO             PET0 PIOc_sync Enter - MemInfo: [/proc/self/status]	VmRSS:	   31080 kB
20220313 032513.210 INFO             PET0 PIOc_sync Enter - MemInfo: [/proc/self/status]	VmData:	  195104 kB
20220313 032513.210 INFO             PET0 PIOc_sync Enter - MemInfo: [/proc/self/status]	VmStk:	     144 kB
20220313 032513.210 INFO             PET0 PIOc_sync Enter - MemInfo: [/proc/self/status]	VmExe:	     272 kB
20220313 032513.210 INFO             PET0 PIOc_sync Enter - MemInfo: [/proc/self/status]	VmLib:	   59892 kB
20220313 032513.210 INFO             PET0 PIOc_sync Enter - MemInfo: [/proc/self/status]	VmPTE:	     944 kB
20220313 032513.210 INFO             PET0 PIOc_sync Enter - MemInfo: [/proc/self/status]	VmSwap:	       0 kB
20220313 032513.210 INFO             PET0 PIOc_sync Enter - MemInfo: [/proc/self/status]	VmRSSPercent: 0.0158221 %
20220313 032513.210 INFO             PET0 PIOc_sync Enter - MemInfo: [malloc] Non-mmapped space allocated:                11890688 Byte
20220313 032513.210 INFO             PET0 PIOc_sync Enter - MemInfo: [malloc] Space allocated in mmapped regions:          1581056 Byte
20220313 032513.210 INFO             PET0 PIOc_sync Enter - MemInfo: [malloc] Maximum total allocated space:                     0 Byte
20220313 032513.210 INFO             PET0 PIOc_sync Enter - MemInfo: [malloc] Space in freed fastbin blocks:                  1584 Byte
20220313 032513.210 INFO             PET0 PIOc_sync Enter - MemInfo: [malloc] Total allocated space:                      11569888 Byte
20220313 032513.210 INFO             PET0 PIOc_sync Enter - MemInfo: [malloc] Total free space:                             320800 Byte
20220313 032513.210 INFO             PET0 PIOc_sync Enter - MemInfo: [malloc] Top-most, releasable space:                   119712 Byte
20220313 032513.210 INFO             PET0 PIOc_sync Enter - MemInfo: [malloc] Total space in use, mmap + non-mmap:        13150944 Byte
20220313 032513.210 INFO             PET0 PIOc_sync Enter - MemInfo: [malloc] Total space held (mmap + non-mmap):         13471744 Byte
20220313 032513.210 INFO             PET0 PIOc_sync Enter - MemInfo: [malloc] Total space used (mmap + non-mmap):         13160288 Byte
20220313 032513.210 INFO             PET0 PIOc_sync Enter - MemInfo: Wall-clock time since execution start:              0.0299787 seconds
20220313 032513.210 INFO             PET0 PIOc_sync Exit - MemInfo: [/proc/meminfo - SSI]	MemTotal:       196434604 kB
20220313 032513.211 INFO             PET0 PIOc_sync Exit - MemInfo: [/proc/meminfo - SSI]	MemFree:        186409072 kB
20220313 032513.211 INFO             PET0 PIOc_sync Exit - MemInfo: [/proc/meminfo - SSI]	MemAvailable:   191841252 kB
20220313 032513.211 INFO             PET0 PIOc_sync Exit - MemInfo: [/proc/meminfo - SSI]	Committed_AS:     653668 kB
20220313 032513.211 INFO             PET0 PIOc_sync Exit - MemInfo: [/proc/meminfo - SSI]	CommittedPercent: 0.332766 %
20220313 032513.211 INFO             PET0 PIOc_sync Exit - MemInfo: [/proc/self/status]	VmPeak:	  654280 kB
20220313 032513.211 INFO             PET0 PIOc_sync Exit - MemInfo: [/proc/self/status]	VmSize:	  654276 kB
20220313 032513.211 INFO             PET0 PIOc_sync Exit - MemInfo: [/proc/self/status]	VmLck:	       0 kB
20220313 032513.211 INFO             PET0 PIOc_sync Exit - MemInfo: [/proc/self/status]	VmPin:	       0 kB
20220313 032513.211 INFO             PET0 PIOc_sync Exit - MemInfo: [/proc/self/status]	VmHWM:	   64100 kB
20220313 032513.211 INFO             PET0 PIOc_sync Exit - MemInfo: [/proc/self/status]	VmRSS:	   31084 kB
20220313 032513.211 INFO             PET0 PIOc_sync Exit - MemInfo: [/proc/self/status]	VmData:	  195104 kB
20220313 032513.211 INFO             PET0 PIOc_sync Exit - MemInfo: [/proc/self/status]	VmStk:	     144 kB
20220313 032513.211 INFO             PET0 PIOc_sync Exit - MemInfo: [/proc/self/status]	VmExe:	     272 kB
20220313 032513.211 INFO             PET0 PIOc_sync Exit - MemInfo: [/proc/self/status]	VmLib:	   59892 kB
20220313 032513.211 INFO             PET0 PIOc_sync Exit - MemInfo: [/proc/self/status]	VmPTE:	     944 kB
20220313 032513.211 INFO             PET0 PIOc_sync Exit - MemInfo: [/proc/self/status]	VmSwap:	       0 kB
20220313 032513.211 INFO             PET0 PIOc_sync Exit - MemInfo: [/proc/self/status]	VmRSSPercent: 0.0158241 %
20220313 032513.211 INFO             PET0 PIOc_sync Exit - MemInfo: [malloc] Non-mmapped space allocated:                11890688 Byte
20220313 032513.211 INFO             PET0 PIOc_sync Exit - MemInfo: [malloc] Space allocated in mmapped regions:          1581056 Byte
20220313 032513.211 INFO             PET0 PIOc_sync Exit - MemInfo: [malloc] Maximum total allocated space:                     0 Byte
20220313 032513.211 INFO             PET0 PIOc_sync Exit - MemInfo: [malloc] Space in freed fastbin blocks:                  1072 Byte
20220313 032513.211 INFO             PET0 PIOc_sync Exit - MemInfo: [malloc] Total allocated space:                      11578224 Byte
20220313 032513.211 INFO             PET0 PIOc_sync Exit - MemInfo: [malloc] Total free space:                             312464 Byte
20220313 032513.211 INFO             PET0 PIOc_sync Exit - MemInfo: [malloc] Top-most, releasable space:                   103776 Byte
20220313 032513.211 INFO             PET0 PIOc_sync Exit - MemInfo: [malloc] Total space in use, mmap + non-mmap:        13159280 Byte
20220313 032513.211 INFO             PET0 PIOc_sync Exit - MemInfo: [malloc] Total space held (mmap + non-mmap):         13471744 Byte
20220313 032513.211 INFO             PET0 PIOc_sync Exit - MemInfo: [malloc] Total space used (mmap + non-mmap):         13168624 Byte
20220313 032513.211 INFO             PET0 PIOc_sync Exit - MemInfo: Wall-clock time since execution start:              0.0304685 seconds
20220313 032513.211 INFO             PET0 PIOc_freedecomp Enter - MemInfo: [/proc/meminfo - SSI]	MemTotal:       196434604 kB
20220313 032513.211 INFO             PET0 PIOc_freedecomp Enter - MemInfo: [/proc/meminfo - SSI]	MemFree:        186409072 kB
20220313 032513.211 INFO             PET0 PIOc_freedecomp Enter - MemInfo: [/proc/meminfo - SSI]	MemAvailable:   191841252 kB
20220313 032513.211 INFO             PET0 PIOc_freedecomp Enter - MemInfo: [/proc/meminfo - SSI]	Committed_AS:     653668 kB
20220313 032513.211 INFO             PET0 PIOc_freedecomp Enter - MemInfo: [/proc/meminfo - SSI]	CommittedPercent: 0.332766 %
20220313 032513.211 INFO             PET0 PIOc_freedecomp Enter - MemInfo: [/proc/self/status]	VmPeak:	  654280 kB
20220313 032513.211 INFO             PET0 PIOc_freedecomp Enter - MemInfo: [/proc/self/status]	VmSize:	  654276 kB
20220313 032513.211 INFO             PET0 PIOc_freedecomp Enter - MemInfo: [/proc/self/status]	VmLck:	       0 kB
20220313 032513.211 INFO             PET0 PIOc_freedecomp Enter - MemInfo: [/proc/self/status]	VmPin:	       0 kB
20220313 032513.211 INFO             PET0 PIOc_freedecomp Enter - MemInfo: [/proc/self/status]	VmHWM:	   64100 kB
20220313 032513.211 INFO             PET0 PIOc_freedecomp Enter - MemInfo: [/proc/self/status]	VmRSS:	   31084 kB
20220313 032513.211 INFO             PET0 PIOc_freedecomp Enter - MemInfo: [/proc/self/status]	VmData:	  195104 kB
20220313 032513.211 INFO             PET0 PIOc_freedecomp Enter - MemInfo: [/proc/self/status]	VmStk:	     144 kB
20220313 032513.211 INFO             PET0 PIOc_freedecomp Enter - MemInfo: [/proc/self/status]	VmExe:	     272 kB
20220313 032513.211 INFO             PET0 PIOc_freedecomp Enter - MemInfo: [/proc/self/status]	VmLib:	   59892 kB
20220313 032513.211 INFO             PET0 PIOc_freedecomp Enter - MemInfo: [/proc/self/status]	VmPTE:	     944 kB
20220313 032513.211 INFO             PET0 PIOc_freedecomp Enter - MemInfo: [/proc/self/status]	VmSwap:	       0 kB
20220313 032513.211 INFO             PET0 PIOc_freedecomp Enter - MemInfo: [/proc/self/status]	VmRSSPercent: 0.0158241 %
20220313 032513.211 INFO             PET0 PIOc_freedecomp Enter - MemInfo: [malloc] Non-mmapped space allocated:                11890688 Byte
20220313 032513.211 INFO             PET0 PIOc_freedecomp Enter - MemInfo: [malloc] Space allocated in mmapped regions:          1581056 Byte
20220313 032513.211 INFO             PET0 PIOc_freedecomp Enter - MemInfo: [malloc] Maximum total allocated space:                     0 Byte
20220313 032513.211 INFO             PET0 PIOc_freedecomp Enter - MemInfo: [malloc] Space in freed fastbin blocks:                   944 Byte
20220313 032513.211 INFO             PET0 PIOc_freedecomp Enter - MemInfo: [malloc] Total allocated space:                       2651312 Byte
20220313 032513.211 INFO             PET0 PIOc_freedecomp Enter - MemInfo: [malloc] Total free space:                            9239376 Byte
20220313 032513.211 INFO             PET0 PIOc_freedecomp Enter - MemInfo: [malloc] Top-most, releasable space:                   109312 Byte
20220313 032513.211 INFO             PET0 PIOc_freedecomp Enter - MemInfo: [malloc] Total space in use, mmap + non-mmap:         4232368 Byte
20220313 032513.211 INFO             PET0 PIOc_freedecomp Enter - MemInfo: [malloc] Total space held (mmap + non-mmap):         13471744 Byte
20220313 032513.211 INFO             PET0 PIOc_freedecomp Enter - MemInfo: [malloc] Total space used (mmap + non-mmap):          4241712 Byte
20220313 032513.211 INFO             PET0 PIOc_freedecomp Enter - MemInfo: Wall-clock time since execution start:              0.0311425 seconds
20220313 032513.212 INFO             PET0 PIOc_freedecomp Exit - MemInfo: [/proc/meminfo - SSI]	MemTotal:       196434604 kB
20220313 032513.212 INFO             PET0 PIOc_freedecomp Exit - MemInfo: [/proc/meminfo - SSI]	MemFree:        186409072 kB
20220313 032513.212 INFO             PET0 PIOc_freedecomp Exit - MemInfo: [/proc/meminfo - SSI]	MemAvailable:   191841252 kB
20220313 032513.212 INFO             PET0 PIOc_freedecomp Exit - MemInfo: [/proc/meminfo - SSI]	Committed_AS:     653668 kB
20220313 032513.212 INFO             PET0 PIOc_freedecomp Exit - MemInfo: [/proc/meminfo - SSI]	CommittedPercent: 0.332766 %
20220313 032513.212 INFO             PET0 PIOc_freedecomp Exit - MemInfo: [/proc/self/status]	VmPeak:	  654280 kB
20220313 032513.212 INFO             PET0 PIOc_freedecomp Exit - MemInfo: [/proc/self/status]	VmSize:	  654276 kB
20220313 032513.212 INFO             PET0 PIOc_freedecomp Exit - MemInfo: [/proc/self/status]	VmLck:	       0 kB
20220313 032513.212 INFO             PET0 PIOc_freedecomp Exit - MemInfo: [/proc/self/status]	VmPin:	       0 kB
20220313 032513.212 INFO             PET0 PIOc_freedecomp Exit - MemInfo: [/proc/self/status]	VmHWM:	   64100 kB
20220313 032513.212 INFO             PET0 PIOc_freedecomp Exit - MemInfo: [/proc/self/status]	VmRSS:	   31084 kB
20220313 032513.212 INFO             PET0 PIOc_freedecomp Exit - MemInfo: [/proc/self/status]	VmData:	  195104 kB
20220313 032513.212 INFO             PET0 PIOc_freedecomp Exit - MemInfo: [/proc/self/status]	VmStk:	     144 kB
20220313 032513.212 INFO             PET0 PIOc_freedecomp Exit - MemInfo: [/proc/self/status]	VmExe:	     272 kB
20220313 032513.212 INFO             PET0 PIOc_freedecomp Exit - MemInfo: [/proc/self/status]	VmLib:	   59892 kB
20220313 032513.212 INFO             PET0 PIOc_freedecomp Exit - MemInfo: [/proc/self/status]	VmPTE:	     944 kB
20220313 032513.212 INFO             PET0 PIOc_freedecomp Exit - MemInfo: [/proc/self/status]	VmSwap:	       0 kB
20220313 032513.212 INFO             PET0 PIOc_freedecomp Exit - MemInfo: [/proc/self/status]	VmRSSPercent: 0.0158241 %
20220313 032513.212 INFO             PET0 PIOc_freedecomp Exit - MemInfo: [malloc] Non-mmapped space allocated:                11890688 Byte
20220313 032513.212 INFO             PET0 PIOc_freedecomp Exit - MemInfo: [malloc] Space allocated in mmapped regions:          1581056 Byte
20220313 032513.212 INFO             PET0 PIOc_freedecomp Exit - MemInfo: [malloc] Maximum total allocated space:                     0 Byte
20220313 032513.212 INFO             PET0 PIOc_freedecomp Exit - MemInfo: [malloc] Space in freed fastbin blocks:                  1280 Byte
20220313 032513.212 INFO             PET0 PIOc_freedecomp Exit - MemInfo: [malloc] Total allocated space:                       2638368 Byte
20220313 032513.212 INFO             PET0 PIOc_freedecomp Exit - MemInfo: [malloc] Total free space:                            9252320 Byte
20220313 032513.212 INFO             PET0 PIOc_freedecomp Exit - MemInfo: [malloc] Top-most, releasable space:                   117792 Byte
20220313 032513.212 INFO             PET0 PIOc_freedecomp Exit - MemInfo: [malloc] Total space in use, mmap + non-mmap:         4219424 Byte
20220313 032513.212 INFO             PET0 PIOc_freedecomp Exit - MemInfo: [malloc] Total space held (mmap + non-mmap):         13471744 Byte
20220313 032513.212 INFO             PET0 PIOc_freedecomp Exit - MemInfo: [malloc] Total space used (mmap + non-mmap):          4228768 Byte
20220313 032513.212 INFO             PET0 PIOc_freedecomp Exit - MemInfo: Wall-clock time since execution start:              0.0317597 seconds
20220313 032513.212 INFO             PET0  PASS  Write multiple Fields with same dimensions to a file, ESMF_FieldIOUTest.F90, line 292
20220313 032513.212 INFO             PET0  PASS  Create grid for field metadata test, ESMF_FieldIOUTest.F90, line 309
20220313 032513.212 INFO             PET0  PASS  Create field with global indices, ESMF_FieldIOUTest.F90, line 316
20220313 032513.212 INFO             PET0  PASS  Get Farray_md from field, ESMF_FieldIOUTest.F90, line 324
20220313 032513.215 INFO             PET0 PIOc_sync Enter - MemInfo: [/proc/meminfo - SSI]	MemTotal:       196434604 kB
20220313 032513.215 INFO             PET0 PIOc_sync Enter - MemInfo: [/proc/meminfo - SSI]	MemFree:        186409072 kB
20220313 032513.215 INFO             PET0 PIOc_sync Enter - MemInfo: [/proc/meminfo - SSI]	MemAvailable:   191841252 kB
20220313 032513.215 INFO             PET0 PIOc_sync Enter - MemInfo: [/proc/meminfo - SSI]	Committed_AS:     653668 kB
20220313 032513.215 INFO             PET0 PIOc_sync Enter - MemInfo: [/proc/meminfo - SSI]	CommittedPercent: 0.332766 %
20220313 032513.215 INFO             PET0 PIOc_sync Enter - MemInfo: [/proc/self/status]	VmPeak:	  654280 kB
20220313 032513.215 INFO             PET0 PIOc_sync Enter - MemInfo: [/proc/self/status]	VmSize:	  654276 kB
20220313 032513.215 INFO             PET0 PIOc_sync Enter - MemInfo: [/proc/self/status]	VmLck:	       0 kB
20220313 032513.215 INFO             PET0 PIOc_sync Enter - MemInfo: [/proc/self/status]	VmPin:	       0 kB
20220313 032513.215 INFO             PET0 PIOc_sync Enter - MemInfo: [/proc/self/status]	VmHWM:	   64100 kB
20220313 032513.215 INFO             PET0 PIOc_sync Enter - MemInfo: [/proc/self/status]	VmRSS:	   31088 kB
20220313 032513.215 INFO             PET0 PIOc_sync Enter - MemInfo: [/proc/self/status]	VmData:	  195104 kB
20220313 032513.215 INFO             PET0 PIOc_sync Enter - MemInfo: [/proc/self/status]	VmStk:	     144 kB
20220313 032513.215 INFO             PET0 PIOc_sync Enter - MemInfo: [/proc/self/status]	VmExe:	     272 kB
20220313 032513.215 INFO             PET0 PIOc_sync Enter - MemInfo: [/proc/self/status]	VmLib:	   59892 kB
20220313 032513.215 INFO             PET0 PIOc_sync Enter - MemInfo: [/proc/self/status]	VmPTE:	     944 kB
20220313 032513.215 INFO             PET0 PIOc_sync Enter - MemInfo: [/proc/self/status]	VmSwap:	       0 kB
20220313 032513.215 INFO             PET0 PIOc_sync Enter - MemInfo: [/proc/self/status]	VmRSSPercent: 0.0158261 %
20220313 032513.215 INFO             PET0 PIOc_sync Enter - MemInfo: [malloc] Non-mmapped space allocated:                11890688 Byte
20220313 032513.215 INFO             PET0 PIOc_sync Enter - MemInfo: [malloc] Space allocated in mmapped regions:          1581056 Byte
20220313 032513.215 INFO             PET0 PIOc_sync Enter - MemInfo: [malloc] Maximum total allocated space:                     0 Byte
20220313 032513.215 INFO             PET0 PIOc_sync Enter - MemInfo: [malloc] Space in freed fastbin blocks:                   912 Byte
20220313 032513.215 INFO             PET0 PIOc_sync Enter - MemInfo: [malloc] Total allocated space:                      11589296 Byte
20220313 032513.215 INFO             PET0 PIOc_sync Enter - MemInfo: [malloc] Total free space:                             301392 Byte
20220313 032513.215 INFO             PET0 PIOc_sync Enter - MemInfo: [malloc] Top-most, releasable space:                   101088 Byte
20220313 032513.215 INFO             PET0 PIOc_sync Enter - MemInfo: [malloc] Total space in use, mmap + non-mmap:        13170352 Byte
20220313 032513.215 INFO             PET0 PIOc_sync Enter - MemInfo: [malloc] Total space held (mmap + non-mmap):         13471744 Byte
20220313 032513.215 INFO             PET0 PIOc_sync Enter - MemInfo: [malloc] Total space used (mmap + non-mmap):         13179696 Byte
20220313 032513.215 INFO             PET0 PIOc_sync Enter - MemInfo: Wall-clock time since execution start:              0.0347826 seconds
20220313 032513.216 INFO             PET0 PIOc_sync Exit - MemInfo: [/proc/meminfo - SSI]	MemTotal:       196434604 kB
20220313 032513.216 INFO             PET0 PIOc_sync Exit - MemInfo: [/proc/meminfo - SSI]	MemFree:        186409072 kB
20220313 032513.216 INFO             PET0 PIOc_sync Exit - MemInfo: [/proc/meminfo - SSI]	MemAvailable:   191841252 kB
20220313 032513.216 INFO             PET0 PIOc_sync Exit - MemInfo: [/proc/meminfo - SSI]	Committed_AS:     653668 kB
20220313 032513.216 INFO             PET0 PIOc_sync Exit - MemInfo: [/proc/meminfo - SSI]	CommittedPercent: 0.332766 %
20220313 032513.216 INFO             PET0 PIOc_sync Exit - MemInfo: [/proc/self/status]	VmPeak:	  654432 kB
20220313 032513.216 INFO             PET0 PIOc_sync Exit - MemInfo: [/proc/self/status]	VmSize:	  654432 kB
20220313 032513.216 INFO             PET0 PIOc_sync Exit - MemInfo: [/proc/self/status]	VmLck:	       0 kB
20220313 032513.216 INFO             PET0 PIOc_sync Exit - MemInfo: [/proc/self/status]	VmPin:	       0 kB
20220313 032513.216 INFO             PET0 PIOc_sync Exit - MemInfo: [/proc/self/status]	VmHWM:	   64100 kB
20220313 032513.216 INFO             PET0 PIOc_sync Exit - MemInfo: [/proc/self/status]	VmRSS:	   31144 kB
20220313 032513.216 INFO             PET0 PIOc_sync Exit - MemInfo: [/proc/self/status]	VmData:	  195260 kB
20220313 032513.216 INFO             PET0 PIOc_sync Exit - MemInfo: [/proc/self/status]	VmStk:	     144 kB
20220313 032513.216 INFO             PET0 PIOc_sync Exit - MemInfo: [/proc/self/status]	VmExe:	     272 kB
20220313 032513.216 INFO             PET0 PIOc_sync Exit - MemInfo: [/proc/self/status]	VmLib:	   59892 kB
20220313 032513.216 INFO             PET0 PIOc_sync Exit - MemInfo: [/proc/self/status]	VmPTE:	     944 kB
20220313 032513.216 INFO             PET0 PIOc_sync Exit - MemInfo: [/proc/self/status]	VmSwap:	       0 kB
20220313 032513.216 INFO             PET0 PIOc_sync Exit - MemInfo: [/proc/self/status]	VmRSSPercent: 0.0158546 %
20220313 032513.216 INFO             PET0 PIOc_sync Exit - MemInfo: [malloc] Non-mmapped space allocated:                12050432 Byte
20220313 032513.216 INFO             PET0 PIOc_sync Exit - MemInfo: [malloc] Space allocated in mmapped regions:          1581056 Byte
20220313 032513.216 INFO             PET0 PIOc_sync Exit - MemInfo: [malloc] Maximum total allocated space:                     0 Byte
20220313 032513.216 INFO             PET0 PIOc_sync Exit - MemInfo: [malloc] Space in freed fastbin blocks:                  1072 Byte
20220313 032513.216 INFO             PET0 PIOc_sync Exit - MemInfo: [malloc] Total allocated space:                      11639360 Byte
20220313 032513.216 INFO             PET0 PIOc_sync Exit - MemInfo: [malloc] Total free space:                             411072 Byte
20220313 032513.216 INFO             PET0 PIOc_sync Exit - MemInfo: [malloc] Top-most, releasable space:                   198000 Byte
20220313 032513.216 INFO             PET0 PIOc_sync Exit - MemInfo: [malloc] Total space in use, mmap + non-mmap:        13220416 Byte
20220313 032513.216 INFO             PET0 PIOc_sync Exit - MemInfo: [malloc] Total space held (mmap + non-mmap):         13631488 Byte
20220313 032513.216 INFO             PET0 PIOc_sync Exit - MemInfo: [malloc] Total space used (mmap + non-mmap):         13229760 Byte
20220313 032513.216 INFO             PET0 PIOc_sync Exit - MemInfo: Wall-clock time since execution start:              0.0355884 seconds
20220313 032513.216 INFO             PET0 PIOc_freedecomp Enter - MemInfo: [/proc/meminfo - SSI]	MemTotal:       196434604 kB
20220313 032513.216 INFO             PET0 PIOc_freedecomp Enter - MemInfo: [/proc/meminfo - SSI]	MemFree:        186409072 kB
20220313 032513.216 INFO             PET0 PIOc_freedecomp Enter - MemInfo: [/proc/meminfo - SSI]	MemAvailable:   191841252 kB
20220313 032513.216 INFO             PET0 PIOc_freedecomp Enter - MemInfo: [/proc/meminfo - SSI]	Committed_AS:     653668 kB
20220313 032513.216 INFO             PET0 PIOc_freedecomp Enter - MemInfo: [/proc/meminfo - SSI]	CommittedPercent: 0.332766 %
20220313 032513.216 INFO             PET0 PIOc_freedecomp Enter - MemInfo: [/proc/self/status]	VmPeak:	  654432 kB
20220313 032513.216 INFO             PET0 PIOc_freedecomp Enter - MemInfo: [/proc/self/status]	VmSize:	  654432 kB
20220313 032513.216 INFO             PET0 PIOc_freedecomp Enter - MemInfo: [/proc/self/status]	VmLck:	       0 kB
20220313 032513.216 INFO             PET0 PIOc_freedecomp Enter - MemInfo: [/proc/self/status]	VmPin:	       0 kB
20220313 032513.216 INFO             PET0 PIOc_freedecomp Enter - MemInfo: [/proc/self/status]	VmHWM:	   64100 kB
20220313 032513.216 INFO             PET0 PIOc_freedecomp Enter - MemInfo: [/proc/self/status]	VmRSS:	   31148 kB
20220313 032513.216 INFO             PET0 PIOc_freedecomp Enter - MemInfo: [/proc/self/status]	VmData:	  195260 kB
20220313 032513.216 INFO             PET0 PIOc_freedecomp Enter - MemInfo: [/proc/self/status]	VmStk:	     144 kB
20220313 032513.216 INFO             PET0 PIOc_freedecomp Enter - MemInfo: [/proc/self/status]	VmExe:	     272 kB
20220313 032513.216 INFO             PET0 PIOc_freedecomp Enter - MemInfo: [/proc/self/status]	VmLib:	   59892 kB
20220313 032513.216 INFO             PET0 PIOc_freedecomp Enter - MemInfo: [/proc/self/status]	VmPTE:	     944 kB
20220313 032513.216 INFO             PET0 PIOc_freedecomp Enter - MemInfo: [/proc/self/status]	VmSwap:	       0 kB
20220313 032513.216 INFO             PET0 PIOc_freedecomp Enter - MemInfo: [/proc/self/status]	VmRSSPercent: 0.0158567 %
20220313 032513.217 INFO             PET0 PIOc_freedecomp Enter - MemInfo: [malloc] Non-mmapped space allocated:                12050432 Byte
20220313 032513.217 INFO             PET0 PIOc_freedecomp Enter - MemInfo: [malloc] Space allocated in mmapped regions:          1581056 Byte
20220313 032513.217 INFO             PET0 PIOc_freedecomp Enter - MemInfo: [malloc] Maximum total allocated space:                     0 Byte
20220313 032513.217 INFO             PET0 PIOc_freedecomp Enter - MemInfo: [malloc] Space in freed fastbin blocks:                   944 Byte
20220313 032513.217 INFO             PET0 PIOc_freedecomp Enter - MemInfo: [malloc] Total allocated space:                       2713168 Byte
20220313 032513.217 INFO             PET0 PIOc_freedecomp Enter - MemInfo: [malloc] Total free space:                            9337264 Byte
20220313 032513.217 INFO             PET0 PIOc_freedecomp Enter - MemInfo: [malloc] Top-most, releasable space:                   198000 Byte
20220313 032513.217 INFO             PET0 PIOc_freedecomp Enter - MemInfo: [malloc] Total space in use, mmap + non-mmap:         4294224 Byte
20220313 032513.217 INFO             PET0 PIOc_freedecomp Enter - MemInfo: [malloc] Total space held (mmap + non-mmap):         13631488 Byte
20220313 032513.217 INFO             PET0 PIOc_freedecomp Enter - MemInfo: [malloc] Total space used (mmap + non-mmap):          4303568 Byte
20220313 032513.217 INFO             PET0 PIOc_freedecomp Enter - MemInfo: Wall-clock time since execution start:              0.0363177 seconds
20220313 032513.217 INFO             PET0 PIOc_freedecomp Exit - MemInfo: [/proc/meminfo - SSI]	MemTotal:       196434604 kB
20220313 032513.217 INFO             PET0 PIOc_freedecomp Exit - MemInfo: [/proc/meminfo - SSI]	MemFree:        186409072 kB
20220313 032513.217 INFO             PET0 PIOc_freedecomp Exit - MemInfo: [/proc/meminfo - SSI]	MemAvailable:   191841252 kB
20220313 032513.217 INFO             PET0 PIOc_freedecomp Exit - MemInfo: [/proc/meminfo - SSI]	Committed_AS:     653668 kB
20220313 032513.217 INFO             PET0 PIOc_freedecomp Exit - MemInfo: [/proc/meminfo - SSI]	CommittedPercent: 0.332766 %
20220313 032513.217 INFO             PET0 PIOc_freedecomp Exit - MemInfo: [/proc/self/status]	VmPeak:	  654432 kB
20220313 032513.217 INFO             PET0 PIOc_freedecomp Exit - MemInfo: [/proc/self/status]	VmSize:	  654432 kB
20220313 032513.217 INFO             PET0 PIOc_freedecomp Exit - MemInfo: [/proc/self/status]	VmLck:	       0 kB
20220313 032513.217 INFO             PET0 PIOc_freedecomp Exit - MemInfo: [/proc/self/status]	VmPin:	       0 kB
20220313 032513.217 INFO             PET0 PIOc_freedecomp Exit - MemInfo: [/proc/self/status]	VmHWM:	   64100 kB
20220313 032513.217 INFO             PET0 PIOc_freedecomp Exit - MemInfo: [/proc/self/status]	VmRSS:	   31148 kB
20220313 032513.217 INFO             PET0 PIOc_freedecomp Exit - MemInfo: [/proc/self/status]	VmData:	  195260 kB
20220313 032513.217 INFO             PET0 PIOc_freedecomp Exit - MemInfo: [/proc/self/status]	VmStk:	     144 kB
20220313 032513.217 INFO             PET0 PIOc_freedecomp Exit - MemInfo: [/proc/self/status]	VmExe:	     272 kB
20220313 032513.217 INFO             PET0 PIOc_freedecomp Exit - MemInfo: [/proc/self/status]	VmLib:	   59892 kB
20220313 032513.217 INFO             PET0 PIOc_freedecomp Exit - MemInfo: [/proc/self/status]	VmPTE:	     944 kB
20220313 032513.217 INFO             PET0 PIOc_freedecomp Exit - MemInfo: [/proc/self/status]	VmSwap:	       0 kB
20220313 032513.217 INFO             PET0 PIOc_freedecomp Exit - MemInfo: [/proc/self/status]	VmRSSPercent: 0.0158567 %
20220313 032513.217 INFO             PET0 PIOc_freedecomp Exit - MemInfo: [malloc] Non-mmapped space allocated:                12050432 Byte
20220313 032513.217 INFO             PET0 PIOc_freedecomp Exit - MemInfo: [malloc] Space allocated in mmapped regions:          1581056 Byte
20220313 032513.217 INFO             PET0 PIOc_freedecomp Exit - MemInfo: [malloc] Maximum total allocated space:                     0 Byte
20220313 032513.217 INFO             PET0 PIOc_freedecomp Exit - MemInfo: [malloc] Space in freed fastbin blocks:                  1872 Byte
20220313 032513.217 INFO             PET0 PIOc_freedecomp Exit - MemInfo: [malloc] Total allocated space:                       2654816 Byte
20220313 032513.217 INFO             PET0 PIOc_freedecomp Exit - MemInfo: [malloc] Total free space:                            9395616 Byte
20220313 032513.217 INFO             PET0 PIOc_freedecomp Exit - MemInfo: [malloc] Top-most, releasable space:                   198000 Byte
20220313 032513.217 INFO             PET0 PIOc_freedecomp Exit - MemInfo: [malloc] Total space in use, mmap + non-mmap:         4235872 Byte
20220313 032513.217 INFO             PET0 PIOc_freedecomp Exit - MemInfo: [malloc] Total space held (mmap + non-mmap):         13631488 Byte
20220313 032513.217 INFO             PET0 PIOc_freedecomp Exit - MemInfo: [malloc] Total space used (mmap + non-mmap):          4245216 Byte
20220313 032513.217 INFO             PET0 PIOc_freedecomp Exit - MemInfo: Wall-clock time since execution start:               0.036945 seconds
20220313 032513.217 INFO             PET0  PASS  Write Field to NetCDF file, ESMF_FieldIOUTest.F90, line 348
20220313 032513.218 INFO             PET0  PASS  Confirm NetCDF metadata - open file, ESMF_FieldIOUTest.F90, line 359
20220313 032513.218 INFO             PET0  PASS  Confirm NetCDF metadata - check dim 1, ESMF_FieldIOUTest.F90, line 369
20220313 032513.218 INFO             PET0  PASS  Confirm NetCDF metadata - check dim 1 len, ESMF_FieldIOUTest.F90, line 379
20220313 032513.218 INFO             PET0  PASS  Confirm NetCDF metadata - check dim 2, ESMF_FieldIOUTest.F90, line 389
20220313 032513.218 INFO             PET0  PASS  Confirm NetCDF metadata - check dim 2 len, ESMF_FieldIOUTest.F90, line 399
20220313 032513.218 INFO             PET0  PASS  Confirm NetCDF metadata - variable exists, ESMF_FieldIOUTest.F90, line 409
20220313 032513.218 INFO             PET0  PASS  Confirm NetCDF metadata - variable has expected dims, ESMF_FieldIOUTest.F90, line 420
20220313 032513.218 INFO             PET0  PASS  Confirm NetCDF data - check data for field, ESMF_FieldIOUTest.F90, line 445
20220313 032513.218 INFO             PET0  PASS  Confirm NetCDF data - close file, ESMF_FieldIOUTest.F90, line 456
20220313 032513.224 INFO             PET0 PIOc_sync Enter - MemInfo: [/proc/meminfo - SSI]	MemTotal:       196434604 kB
20220313 032513.224 INFO             PET0 PIOc_sync Enter - MemInfo: [/proc/meminfo - SSI]	MemFree:        186406348 kB
20220313 032513.224 INFO             PET0 PIOc_sync Enter - MemInfo: [/proc/meminfo - SSI]	MemAvailable:   191838528 kB
20220313 032513.224 INFO             PET0 PIOc_sync Enter - MemInfo: [/proc/meminfo - SSI]	Committed_AS:     656204 kB
20220313 032513.224 INFO             PET0 PIOc_sync Enter - MemInfo: [/proc/meminfo - SSI]	CommittedPercent: 0.334057 %
20220313 032513.224 INFO             PET0 PIOc_sync Enter - MemInfo: [/proc/self/status]	VmPeak:	  654436 kB
20220313 032513.224 INFO             PET0 PIOc_sync Enter - MemInfo: [/proc/self/status]	VmSize:	  654432 kB
20220313 032513.224 INFO             PET0 PIOc_sync Enter - MemInfo: [/proc/self/status]	VmLck:	       0 kB
20220313 032513.224 INFO             PET0 PIOc_sync Enter - MemInfo: [/proc/self/status]	VmPin:	       0 kB
20220313 032513.224 INFO             PET0 PIOc_sync Enter - MemInfo: [/proc/self/status]	VmHWM:	   64100 kB
20220313 032513.224 INFO             PET0 PIOc_sync Enter - MemInfo: [/proc/self/status]	VmRSS:	   31224 kB
20220313 032513.224 INFO             PET0 PIOc_sync Enter - MemInfo: [/proc/self/status]	VmData:	  195260 kB
20220313 032513.224 INFO             PET0 PIOc_sync Enter - MemInfo: [/proc/self/status]	VmStk:	     144 kB
20220313 032513.224 INFO             PET0 PIOc_sync Enter - MemInfo: [/proc/self/status]	VmExe:	     272 kB
20220313 032513.224 INFO             PET0 PIOc_sync Enter - MemInfo: [/proc/self/status]	VmLib:	   59892 kB
20220313 032513.224 INFO             PET0 PIOc_sync Enter - MemInfo: [/proc/self/status]	VmPTE:	     944 kB
20220313 032513.224 INFO             PET0 PIOc_sync Enter - MemInfo: [/proc/self/status]	VmSwap:	       0 kB
20220313 032513.224 INFO             PET0 PIOc_sync Enter - MemInfo: [/proc/self/status]	VmRSSPercent: 0.0158954 %
20220313 032513.224 INFO             PET0 PIOc_sync Enter - MemInfo: [malloc] Non-mmapped space allocated:                12050432 Byte
20220313 032513.224 INFO             PET0 PIOc_sync Enter - MemInfo: [malloc] Space allocated in mmapped regions:          1581056 Byte
20220313 032513.224 INFO             PET0 PIOc_sync Enter - MemInfo: [malloc] Maximum total allocated space:                     0 Byte
20220313 032513.224 INFO             PET0 PIOc_sync Enter - MemInfo: [malloc] Space in freed fastbin blocks:                   704 Byte
20220313 032513.224 INFO             PET0 PIOc_sync Enter - MemInfo: [malloc] Total allocated space:                      11592704 Byte
20220313 032513.224 INFO             PET0 PIOc_sync Enter - MemInfo: [malloc] Total free space:                             457728 Byte
20220313 032513.224 INFO             PET0 PIOc_sync Enter - MemInfo: [malloc] Top-most, releasable space:                   257248 Byte
20220313 032513.224 INFO             PET0 PIOc_sync Enter - MemInfo: [malloc] Total space in use, mmap + non-mmap:        13173760 Byte
20220313 032513.224 INFO             PET0 PIOc_sync Enter - MemInfo: [malloc] Total space held (mmap + non-mmap):         13631488 Byte
20220313 032513.224 INFO             PET0 PIOc_sync Enter - MemInfo: [malloc] Total space used (mmap + non-mmap):         13183104 Byte
20220313 032513.224 INFO             PET0 PIOc_sync Enter - MemInfo: Wall-clock time since execution start:              0.0439202 seconds
20220313 032513.225 INFO             PET0 PIOc_sync Exit - MemInfo: [/proc/meminfo - SSI]	MemTotal:       196434604 kB
20220313 032513.225 INFO             PET0 PIOc_sync Exit - MemInfo: [/proc/meminfo - SSI]	MemFree:        186406348 kB
20220313 032513.225 INFO             PET0 PIOc_sync Exit - MemInfo: [/proc/meminfo - SSI]	MemAvailable:   191838528 kB
20220313 032513.225 INFO             PET0 PIOc_sync Exit - MemInfo: [/proc/meminfo - SSI]	Committed_AS:     656204 kB
20220313 032513.225 INFO             PET0 PIOc_sync Exit - MemInfo: [/proc/meminfo - SSI]	CommittedPercent: 0.334057 %
20220313 032513.225 INFO             PET0 PIOc_sync Exit - MemInfo: [/proc/self/status]	VmPeak:	  654436 kB
20220313 032513.225 INFO             PET0 PIOc_sync Exit - MemInfo: [/proc/self/status]	VmSize:	  654432 kB
20220313 032513.225 INFO             PET0 PIOc_sync Exit - MemInfo: [/proc/self/status]	VmLck:	       0 kB
20220313 032513.225 INFO             PET0 PIOc_sync Exit - MemInfo: [/proc/self/status]	VmPin:	       0 kB
20220313 032513.225 INFO             PET0 PIOc_sync Exit - MemInfo: [/proc/self/status]	VmHWM:	   64100 kB
20220313 032513.225 INFO             PET0 PIOc_sync Exit - MemInfo: [/proc/self/status]	VmRSS:	   31228 kB
20220313 032513.225 INFO             PET0 PIOc_sync Exit - MemInfo: [/proc/self/status]	VmData:	  195260 kB
20220313 032513.225 INFO             PET0 PIOc_sync Exit - MemInfo: [/proc/self/status]	VmStk:	     144 kB
20220313 032513.225 INFO             PET0 PIOc_sync Exit - MemInfo: [/proc/self/status]	VmExe:	     272 kB
20220313 032513.225 INFO             PET0 PIOc_sync Exit - MemInfo: [/proc/self/status]	VmLib:	   59892 kB
20220313 032513.225 INFO             PET0 PIOc_sync Exit - MemInfo: [/proc/self/status]	VmPTE:	     944 kB
20220313 032513.225 INFO             PET0 PIOc_sync Exit - MemInfo: [/proc/self/status]	VmSwap:	       0 kB
20220313 032513.225 INFO             PET0 PIOc_sync Exit - MemInfo: [/proc/self/status]	VmRSSPercent: 0.0158974 %
20220313 032513.225 INFO             PET0 PIOc_sync Exit - MemInfo: [malloc] Non-mmapped space allocated:                12050432 Byte
20220313 032513.225 INFO             PET0 PIOc_sync Exit - MemInfo: [malloc] Space allocated in mmapped regions:          1581056 Byte
20220313 032513.225 INFO             PET0 PIOc_sync Exit - MemInfo: [malloc] Maximum total allocated space:                     0 Byte
20220313 032513.225 INFO             PET0 PIOc_sync Exit - MemInfo: [malloc] Space in freed fastbin blocks:                  1008 Byte
20220313 032513.225 INFO             PET0 PIOc_sync Exit - MemInfo: [malloc] Total allocated space:                      11602176 Byte
20220313 032513.225 INFO             PET0 PIOc_sync Exit - MemInfo: [malloc] Total free space:                             448256 Byte
20220313 032513.225 INFO             PET0 PIOc_sync Exit - MemInfo: [malloc] Top-most, releasable space:                   238352 Byte
20220313 032513.225 INFO             PET0 PIOc_sync Exit - MemInfo: [malloc] Total space in use, mmap + non-mmap:        13183232 Byte
20220313 032513.225 INFO             PET0 PIOc_sync Exit - MemInfo: [malloc] Total space held (mmap + non-mmap):         13631488 Byte
20220313 032513.225 INFO             PET0 PIOc_sync Exit - MemInfo: [malloc] Total space used (mmap + non-mmap):         13192576 Byte
20220313 032513.225 INFO             PET0 PIOc_sync Exit - MemInfo: Wall-clock time since execution start:              0.0447391 seconds
20220313 032513.225 INFO             PET0 PIOc_freedecomp Enter - MemInfo: [/proc/meminfo - SSI]	MemTotal:       196434604 kB
20220313 032513.225 INFO             PET0 PIOc_freedecomp Enter - MemInfo: [/proc/meminfo - SSI]	MemFree:        186406348 kB
20220313 032513.225 INFO             PET0 PIOc_freedecomp Enter - MemInfo: [/proc/meminfo - SSI]	MemAvailable:   191838528 kB
20220313 032513.226 INFO             PET0 PIOc_freedecomp Enter - MemInfo: [/proc/meminfo - SSI]	Committed_AS:     656204 kB
20220313 032513.226 INFO             PET0 PIOc_freedecomp Enter - MemInfo: [/proc/meminfo - SSI]	CommittedPercent: 0.334057 %
20220313 032513.226 INFO             PET0 PIOc_freedecomp Enter - MemInfo: [/proc/self/status]	VmPeak:	  654436 kB
20220313 032513.226 INFO             PET0 PIOc_freedecomp Enter - MemInfo: [/proc/self/status]	VmSize:	  654432 kB
20220313 032513.226 INFO             PET0 PIOc_freedecomp Enter - MemInfo: [/proc/self/status]	VmLck:	       0 kB
20220313 032513.226 INFO             PET0 PIOc_freedecomp Enter - MemInfo: [/proc/self/status]	VmPin:	       0 kB
20220313 032513.226 INFO             PET0 PIOc_freedecomp Enter - MemInfo: [/proc/self/status]	VmHWM:	   64100 kB
20220313 032513.226 INFO             PET0 PIOc_freedecomp Enter - MemInfo: [/proc/self/status]	VmRSS:	   31228 kB
20220313 032513.226 INFO             PET0 PIOc_freedecomp Enter - MemInfo: [/proc/self/status]	VmData:	  195260 kB
20220313 032513.226 INFO             PET0 PIOc_freedecomp Enter - MemInfo: [/proc/self/status]	VmStk:	     144 kB
20220313 032513.226 INFO             PET0 PIOc_freedecomp Enter - MemInfo: [/proc/self/status]	VmExe:	     272 kB
20220313 032513.226 INFO             PET0 PIOc_freedecomp Enter - MemInfo: [/proc/self/status]	VmLib:	   59892 kB
20220313 032513.226 INFO             PET0 PIOc_freedecomp Enter - MemInfo: [/proc/self/status]	VmPTE:	     944 kB
20220313 032513.226 INFO             PET0 PIOc_freedecomp Enter - MemInfo: [/proc/self/status]	VmSwap:	       0 kB
20220313 032513.226 INFO             PET0 PIOc_freedecomp Enter - MemInfo: [/proc/self/status]	VmRSSPercent: 0.0158974 %
20220313 032513.226 INFO             PET0 PIOc_freedecomp Enter - MemInfo: [malloc] Non-mmapped space allocated:                12050432 Byte
20220313 032513.226 INFO             PET0 PIOc_freedecomp Enter - MemInfo: [malloc] Space allocated in mmapped regions:          1581056 Byte
20220313 032513.226 INFO             PET0 PIOc_freedecomp Enter - MemInfo: [malloc] Maximum total allocated space:                     0 Byte
20220313 032513.226 INFO             PET0 PIOc_freedecomp Enter - MemInfo: [malloc] Space in freed fastbin blocks:                  1056 Byte
20220313 032513.226 INFO             PET0 PIOc_freedecomp Enter - MemInfo: [malloc] Total allocated space:                       2675840 Byte
20220313 032513.226 INFO             PET0 PIOc_freedecomp Enter - MemInfo: [malloc] Total free space:                            9374592 Byte
20220313 032513.226 INFO             PET0 PIOc_freedecomp Enter - MemInfo: [malloc] Top-most, releasable space:                   238352 Byte
20220313 032513.226 INFO             PET0 PIOc_freedecomp Enter - MemInfo: [malloc] Total space in use, mmap + non-mmap:         4256896 Byte
20220313 032513.226 INFO             PET0 PIOc_freedecomp Enter - MemInfo: [malloc] Total space held (mmap + non-mmap):         13631488 Byte
20220313 032513.226 INFO             PET0 PIOc_freedecomp Enter - MemInfo: [malloc] Total space used (mmap + non-mmap):          4266240 Byte
20220313 032513.226 INFO             PET0 PIOc_freedecomp Enter - MemInfo: Wall-clock time since execution start:              0.0454905 seconds
20220313 032513.226 INFO             PET0 PIOc_freedecomp Exit - MemInfo: [/proc/meminfo - SSI]	MemTotal:       196434604 kB
20220313 032513.226 INFO             PET0 PIOc_freedecomp Exit - MemInfo: [/proc/meminfo - SSI]	MemFree:        186406348 kB
20220313 032513.226 INFO             PET0 PIOc_freedecomp Exit - MemInfo: [/proc/meminfo - SSI]	MemAvailable:   191838528 kB
20220313 032513.226 INFO             PET0 PIOc_freedecomp Exit - MemInfo: [/proc/meminfo - SSI]	Committed_AS:     656204 kB
20220313 032513.226 INFO             PET0 PIOc_freedecomp Exit - MemInfo: [/proc/meminfo - SSI]	CommittedPercent: 0.334057 %
20220313 032513.226 INFO             PET0 PIOc_freedecomp Exit - MemInfo: [/proc/self/status]	VmPeak:	  654436 kB
20220313 032513.226 INFO             PET0 PIOc_freedecomp Exit - MemInfo: [/proc/self/status]	VmSize:	  654432 kB
20220313 032513.226 INFO             PET0 PIOc_freedecomp Exit - MemInfo: [/proc/self/status]	VmLck:	       0 kB
20220313 032513.226 INFO             PET0 PIOc_freedecomp Exit - MemInfo: [/proc/self/status]	VmPin:	       0 kB
20220313 032513.226 INFO             PET0 PIOc_freedecomp Exit - MemInfo: [/proc/self/status]	VmHWM:	   64100 kB
20220313 032513.226 INFO             PET0 PIOc_freedecomp Exit - MemInfo: [/proc/self/status]	VmRSS:	   31228 kB
20220313 032513.226 INFO             PET0 PIOc_freedecomp Exit - MemInfo: [/proc/self/status]	VmData:	  195260 kB
20220313 032513.226 INFO             PET0 PIOc_freedecomp Exit - MemInfo: [/proc/self/status]	VmStk:	     144 kB
20220313 032513.226 INFO             PET0 PIOc_freedecomp Exit - MemInfo: [/proc/self/status]	VmExe:	     272 kB
20220313 032513.226 INFO             PET0 PIOc_freedecomp Exit - MemInfo: [/proc/self/status]	VmLib:	   59892 kB
20220313 032513.226 INFO             PET0 PIOc_freedecomp Exit - MemInfo: [/proc/self/status]	VmPTE:	     944 kB
20220313 032513.226 INFO             PET0 PIOc_freedecomp Exit - MemInfo: [/proc/self/status]	VmSwap:	       0 kB
20220313 032513.226 INFO             PET0 PIOc_freedecomp Exit - MemInfo: [/proc/self/status]	VmRSSPercent: 0.0158974 %
20220313 032513.226 INFO             PET0 PIOc_freedecomp Exit - MemInfo: [malloc] Non-mmapped space allocated:                12050432 Byte
20220313 032513.226 INFO             PET0 PIOc_freedecomp Exit - MemInfo: [malloc] Space allocated in mmapped regions:          1581056 Byte
20220313 032513.226 INFO             PET0 PIOc_freedecomp Exit - MemInfo: [malloc] Maximum total allocated space:                     0 Byte
20220313 032513.226 INFO             PET0 PIOc_freedecomp Exit - MemInfo: [malloc] Space in freed fastbin blocks:                  2256 Byte
20220313 032513.226 INFO             PET0 PIOc_freedecomp Exit - MemInfo: [malloc] Total allocated space:                       2660768 Byte
20220313 032513.226 INFO             PET0 PIOc_freedecomp Exit - MemInfo: [malloc] Total free space:                            9389664 Byte
20220313 032513.226 INFO             PET0 PIOc_freedecomp Exit - MemInfo: [malloc] Top-most, releasable space:                   238352 Byte
20220313 032513.226 INFO             PET0 PIOc_freedecomp Exit - MemInfo: [malloc] Total space in use, mmap + non-mmap:         4241824 Byte
20220313 032513.226 INFO             PET0 PIOc_freedecomp Exit - MemInfo: [malloc] Total space held (mmap + non-mmap):         13631488 Byte
20220313 032513.226 INFO             PET0 PIOc_freedecomp Exit - MemInfo: [malloc] Total space used (mmap + non-mmap):          4251168 Byte
20220313 032513.226 INFO             PET0 PIOc_freedecomp Exit - MemInfo: Wall-clock time since execution start:              0.0461089 seconds
20220313 032513.229 INFO             PET0 PIOc_sync Enter - MemInfo: [/proc/meminfo - SSI]	MemTotal:       196434604 kB
20220313 032513.229 INFO             PET0 PIOc_sync Enter - MemInfo: [/proc/meminfo - SSI]	MemFree:        186406348 kB
20220313 032513.229 INFO             PET0 PIOc_sync Enter - MemInfo: [/proc/meminfo - SSI]	MemAvailable:   191838528 kB
20220313 032513.229 INFO             PET0 PIOc_sync Enter - MemInfo: [/proc/meminfo - SSI]	Committed_AS:     656204 kB
20220313 032513.229 INFO             PET0 PIOc_sync Enter - MemInfo: [/proc/meminfo - SSI]	CommittedPercent: 0.334057 %
20220313 032513.230 INFO             PET0 PIOc_sync Enter - MemInfo: [/proc/self/status]	VmPeak:	  654436 kB
20220313 032513.230 INFO             PET0 PIOc_sync Enter - MemInfo: [/proc/self/status]	VmSize:	  654432 kB
20220313 032513.230 INFO             PET0 PIOc_sync Enter - MemInfo: [/proc/self/status]	VmLck:	       0 kB
20220313 032513.230 INFO             PET0 PIOc_sync Enter - MemInfo: [/proc/self/status]	VmPin:	       0 kB
20220313 032513.230 INFO             PET0 PIOc_sync Enter - MemInfo: [/proc/self/status]	VmHWM:	   64100 kB
20220313 032513.230 INFO             PET0 PIOc_sync Enter - MemInfo: [/proc/self/status]	VmRSS:	   31308 kB
20220313 032513.230 INFO             PET0 PIOc_sync Enter - MemInfo: [/proc/self/status]	VmData:	  195260 kB
20220313 032513.230 INFO             PET0 PIOc_sync Enter - MemInfo: [/proc/self/status]	VmStk:	     144 kB
20220313 032513.230 INFO             PET0 PIOc_sync Enter - MemInfo: [/proc/self/status]	VmExe:	     272 kB
20220313 032513.230 INFO             PET0 PIOc_sync Enter - MemInfo: [/proc/self/status]	VmLib:	   59892 kB
20220313 032513.230 INFO             PET0 PIOc_sync Enter - MemInfo: [/proc/self/status]	VmPTE:	     944 kB
20220313 032513.230 INFO             PET0 PIOc_sync Enter - MemInfo: [/proc/self/status]	VmSwap:	       0 kB
20220313 032513.230 INFO             PET0 PIOc_sync Enter - MemInfo: [/proc/self/status]	VmRSSPercent: 0.0159381 %
20220313 032513.230 INFO             PET0 PIOc_sync Enter - MemInfo: [malloc] Non-mmapped space allocated:                12050432 Byte
20220313 032513.230 INFO             PET0 PIOc_sync Enter - MemInfo: [malloc] Space allocated in mmapped regions:          1581056 Byte
20220313 032513.230 INFO             PET0 PIOc_sync Enter - MemInfo: [malloc] Maximum total allocated space:                     0 Byte
20220313 032513.230 INFO             PET0 PIOc_sync Enter - MemInfo: [malloc] Space in freed fastbin blocks:                   896 Byte
20220313 032513.230 INFO             PET0 PIOc_sync Enter - MemInfo: [malloc] Total allocated space:                      11596176 Byte
20220313 032513.230 INFO             PET0 PIOc_sync Enter - MemInfo: [malloc] Total free space:                             454256 Byte
20220313 032513.230 INFO             PET0 PIOc_sync Enter - MemInfo: [malloc] Top-most, releasable space:                   253968 Byte
20220313 032513.230 INFO             PET0 PIOc_sync Enter - MemInfo: [malloc] Total space in use, mmap + non-mmap:        13177232 Byte
20220313 032513.230 INFO             PET0 PIOc_sync Enter - MemInfo: [malloc] Total space held (mmap + non-mmap):         13631488 Byte
20220313 032513.230 INFO             PET0 PIOc_sync Enter - MemInfo: [malloc] Total space used (mmap + non-mmap):         13186576 Byte
20220313 032513.230 INFO             PET0 PIOc_sync Enter - MemInfo: Wall-clock time since execution start:               0.049417 seconds
20220313 032513.230 INFO             PET0 PIOc_sync Exit - MemInfo: [/proc/meminfo - SSI]	MemTotal:       196434604 kB
20220313 032513.230 INFO             PET0 PIOc_sync Exit - MemInfo: [/proc/meminfo - SSI]	MemFree:        186406348 kB
20220313 032513.230 INFO             PET0 PIOc_sync Exit - MemInfo: [/proc/meminfo - SSI]	MemAvailable:   191838528 kB
20220313 032513.230 INFO             PET0 PIOc_sync Exit - MemInfo: [/proc/meminfo - SSI]	Committed_AS:     656204 kB
20220313 032513.230 INFO             PET0 PIOc_sync Exit - MemInfo: [/proc/meminfo - SSI]	CommittedPercent: 0.334057 %
20220313 032513.230 INFO             PET0 PIOc_sync Exit - MemInfo: [/proc/self/status]	VmPeak:	  654436 kB
20220313 032513.230 INFO             PET0 PIOc_sync Exit - MemInfo: [/proc/self/status]	VmSize:	  654432 kB
20220313 032513.230 INFO             PET0 PIOc_sync Exit - MemInfo: [/proc/self/status]	VmLck:	       0 kB
20220313 032513.230 INFO             PET0 PIOc_sync Exit - MemInfo: [/proc/self/status]	VmPin:	       0 kB
20220313 032513.230 INFO             PET0 PIOc_sync Exit - MemInfo: [/proc/self/status]	VmHWM:	   64100 kB
20220313 032513.230 INFO             PET0 PIOc_sync Exit - MemInfo: [/proc/self/status]	VmRSS:	   31312 kB
20220313 032513.230 INFO             PET0 PIOc_sync Exit - MemInfo: [/proc/self/status]	VmData:	  195260 kB
20220313 032513.230 INFO             PET0 PIOc_sync Exit - MemInfo: [/proc/self/status]	VmStk:	     144 kB
20220313 032513.230 INFO             PET0 PIOc_sync Exit - MemInfo: [/proc/self/status]	VmExe:	     272 kB
20220313 032513.230 INFO             PET0 PIOc_sync Exit - MemInfo: [/proc/self/status]	VmLib:	   59892 kB
20220313 032513.230 INFO             PET0 PIOc_sync Exit - MemInfo: [/proc/self/status]	VmPTE:	     944 kB
20220313 032513.230 INFO             PET0 PIOc_sync Exit - MemInfo: [/proc/self/status]	VmSwap:	       0 kB
20220313 032513.230 INFO             PET0 PIOc_sync Exit - MemInfo: [/proc/self/status]	VmRSSPercent: 0.0159402 %
20220313 032513.230 INFO             PET0 PIOc_sync Exit - MemInfo: [malloc] Non-mmapped space allocated:                12050432 Byte
20220313 032513.230 INFO             PET0 PIOc_sync Exit - MemInfo: [malloc] Space allocated in mmapped regions:          1581056 Byte
20220313 032513.230 INFO             PET0 PIOc_sync Exit - MemInfo: [malloc] Maximum total allocated space:                     0 Byte
20220313 032513.230 INFO             PET0 PIOc_sync Exit - MemInfo: [malloc] Space in freed fastbin blocks:                  1104 Byte
20220313 032513.230 INFO             PET0 PIOc_sync Exit - MemInfo: [malloc] Total allocated space:                      11604496 Byte
20220313 032513.230 INFO             PET0 PIOc_sync Exit - MemInfo: [malloc] Total free space:                             445936 Byte
20220313 032513.230 INFO             PET0 PIOc_sync Exit - MemInfo: [malloc] Top-most, releasable space:                   237280 Byte
20220313 032513.230 INFO             PET0 PIOc_sync Exit - MemInfo: [malloc] Total space in use, mmap + non-mmap:        13185552 Byte
20220313 032513.230 INFO             PET0 PIOc_sync Exit - MemInfo: [malloc] Total space held (mmap + non-mmap):         13631488 Byte
20220313 032513.230 INFO             PET0 PIOc_sync Exit - MemInfo: [malloc] Total space used (mmap + non-mmap):         13194896 Byte
20220313 032513.230 INFO             PET0 PIOc_sync Exit - MemInfo: Wall-clock time since execution start:              0.0502423 seconds
20220313 032513.231 INFO             PET0 PIOc_freedecomp Enter - MemInfo: [/proc/meminfo - SSI]	MemTotal:       196434604 kB
20220313 032513.231 INFO             PET0 PIOc_freedecomp Enter - MemInfo: [/proc/meminfo - SSI]	MemFree:        186405744 kB
20220313 032513.231 INFO             PET0 PIOc_freedecomp Enter - MemInfo: [/proc/meminfo - SSI]	MemAvailable:   191837924 kB
20220313 032513.231 INFO             PET0 PIOc_freedecomp Enter - MemInfo: [/proc/meminfo - SSI]	Committed_AS:     656204 kB
20220313 032513.231 INFO             PET0 PIOc_freedecomp Enter - MemInfo: [/proc/meminfo - SSI]	CommittedPercent: 0.334057 %
20220313 032513.231 INFO             PET0 PIOc_freedecomp Enter - MemInfo: [/proc/self/status]	VmPeak:	  654436 kB
20220313 032513.231 INFO             PET0 PIOc_freedecomp Enter - MemInfo: [/proc/self/status]	VmSize:	  654432 kB
20220313 032513.231 INFO             PET0 PIOc_freedecomp Enter - MemInfo: [/proc/self/status]	VmLck:	       0 kB
20220313 032513.231 INFO             PET0 PIOc_freedecomp Enter - MemInfo: [/proc/self/status]	VmPin:	       0 kB
20220313 032513.231 INFO             PET0 PIOc_freedecomp Enter - MemInfo: [/proc/self/status]	VmHWM:	   64100 kB
20220313 032513.231 INFO             PET0 PIOc_freedecomp Enter - MemInfo: [/proc/self/status]	VmRSS:	   31312 kB
20220313 032513.231 INFO             PET0 PIOc_freedecomp Enter - MemInfo: [/proc/self/status]	VmData:	  195260 kB
20220313 032513.231 INFO             PET0 PIOc_freedecomp Enter - MemInfo: [/proc/self/status]	VmStk:	     144 kB
20220313 032513.231 INFO             PET0 PIOc_freedecomp Enter - MemInfo: [/proc/self/status]	VmExe:	     272 kB
20220313 032513.231 INFO             PET0 PIOc_freedecomp Enter - MemInfo: [/proc/self/status]	VmLib:	   59892 kB
20220313 032513.231 INFO             PET0 PIOc_freedecomp Enter - MemInfo: [/proc/self/status]	VmPTE:	     944 kB
20220313 032513.231 INFO             PET0 PIOc_freedecomp Enter - MemInfo: [/proc/self/status]	VmSwap:	       0 kB
20220313 032513.231 INFO             PET0 PIOc_freedecomp Enter - MemInfo: [/proc/self/status]	VmRSSPercent: 0.0159402 %
20220313 032513.231 INFO             PET0 PIOc_freedecomp Enter - MemInfo: [malloc] Non-mmapped space allocated:                12050432 Byte
20220313 032513.231 INFO             PET0 PIOc_freedecomp Enter - MemInfo: [malloc] Space allocated in mmapped regions:          1581056 Byte
