build time -- 2022-03-13 03:14:43
20220313 032330.398 INFO             PET0 !!!!!!!!!!!!!!!!!!!!!!!!!!!!!!!!!!!!!!!!!!!!!!!!!!!!!!
20220313 032330.398 INFO             PET0 !!! THE ESMF_LOG IS SET TO OUTPUT ALL LOG MESSAGES !!!
20220313 032330.398 INFO             PET0 !!!     THIS MAY CAUSE SLOWDOWN IN PERFORMANCE     !!!
20220313 032330.398 INFO             PET0 !!! FOR PRODUCTION RUNS, USE:                      !!!
20220313 032330.398 INFO             PET0 !!!                   ESMF_LOGKIND_Multi_On_Error  !!!
20220313 032330.398 INFO             PET0 !!!!!!!!!!!!!!!!!!!!!!!!!!!!!!!!!!!!!!!!!!!!!!!!!!!!!!
20220313 032330.398 INFO             PET0 Running with ESMF Version   : v8.3.0b09-96-g559b459
20220313 032330.398 INFO             PET0 ESMF library build date/time: "Mar 13 2022" "03:13:32"
20220313 032330.398 INFO             PET0 ESMF library build location : /work/noaa/da/mpotts/sandbox/gfortran_8.3.0_openmpi_O_jedwards_pio_update2
20220313 032330.398 INFO             PET0 ESMF_COMM                   : openmpi
20220313 032330.399 INFO             PET0 ESMF_MOAB                   : enabled
20220313 032330.399 INFO             PET0 ESMF_LAPACK                 : enabled
20220313 032330.399 INFO             PET0 ESMF_NETCDF                 : enabled
20220313 032330.399 INFO             PET0 ESMF_PNETCDF                : disabled
20220313 032330.399 INFO             PET0 ESMF_PIO                    : enabled
20220313 032330.399 INFO             PET0 ESMF_YAMLCPP                : enabled
20220313 032330.438 INFO             PET0  Beginning Test, file ESMF_RouteHandleAdvancedUTest.F90, line 346
20220313 032330.438 INFO             PET0  NUMBER_OF_PROCESSORS           4
20220313 032330.442 INFO             PET0 ESMF_FieldRedistStoreNF(): Just entered routine.
20220313 032330.554 INFO             PET0 ESMF_FieldRedistStoreNF(): Leaving routine.
20220313 032330.554 INFO             PET0  PASS  Create RouteHandle for the original petList, ESMF_RouteHandleAdvancedUTest.F90, line 511
20220313 032330.554 INFO             PET0  PASS  Test RouteHandleIsCreated(), ESMF_RouteHandleAdvancedUTest.F90, line 519
20220313 032330.554 INFO             PET0  PASS  Test RouteHandleIsCreated() return value, ESMF_RouteHandleAdvancedUTest.F90, line 526
20220313 032330.554 INFO             PET0  PASS  Test RouteHandleGet(), ESMF_RouteHandleAdvancedUTest.F90, line 534
20220313 032330.562 INFO             PET0  PASS  Test RouteHandleWrite(), ESMF_RouteHandleAdvancedUTest.F90, line 542
20220313 032330.562 INFO             PET0  PASS  Test RouteHandleDestroy(), ESMF_RouteHandleAdvancedUTest.F90, line 550
20220313 032330.563 INFO             PET0  PASS  Test RouteHandleCreate(from file), ESMF_RouteHandleAdvancedUTest.F90, line 558
20220313 032330.565 INFO             PET0  PASS  Apply the read in Routehandle, ESMF_RouteHandleAdvancedUTest.F90, line 567
20220313 032330.565 INFO             PET0  PASS  Test RouteHandleDestroy() for the read in Routehandle, ESMF_RouteHandleAdvancedUTest.F90, line 575
20220313 032330.565 INFO             PET0 ESMF_FieldRedistStoreNF(): Just entered routine.
20220313 032330.668 INFO             PET0 ESMF_FieldRedistStoreNF(): Leaving routine.
20220313 032330.668 INFO             PET0  PASS  Create RouteHandle for the original petList, ESMF_RouteHandleAdvancedUTest.F90, line 585
20220313 032330.668 INFO             PET0  PASS  Transfer RouteHandle to a different petList, ESMF_RouteHandleAdvancedUTest.F90, line 602
20220313 032330.678 INFO             PET0 PIOc_sync Enter - MemInfo: [/proc/meminfo - SSI]	MemTotal:       196434604 kB
20220313 032330.679 INFO             PET0 PIOc_sync Enter - MemInfo: [/proc/meminfo - SSI]	MemFree:        186499588 kB
20220313 032330.679 INFO             PET0 PIOc_sync Enter - MemInfo: [/proc/meminfo - SSI]	MemAvailable:   191804212 kB
20220313 032330.679 INFO             PET0 PIOc_sync Enter - MemInfo: [/proc/meminfo - SSI]	Committed_AS:     737860 kB
20220313 032330.679 INFO             PET0 PIOc_sync Enter - MemInfo: [/proc/meminfo - SSI]	CommittedPercent: 0.375626 %
20220313 032330.679 INFO             PET0 PIOc_sync Enter - MemInfo: [/proc/self/status]	VmPeak:	  666968 kB
20220313 032330.679 INFO             PET0 PIOc_sync Enter - MemInfo: [/proc/self/status]	VmSize:	  666684 kB
20220313 032330.679 INFO             PET0 PIOc_sync Enter - MemInfo: [/proc/self/status]	VmLck:	       0 kB
20220313 032330.679 INFO             PET0 PIOc_sync Enter - MemInfo: [/proc/self/status]	VmPin:	       0 kB
20220313 032330.679 INFO             PET0 PIOc_sync Enter - MemInfo: [/proc/self/status]	VmHWM:	   64088 kB
20220313 032330.679 INFO             PET0 PIOc_sync Enter - MemInfo: [/proc/self/status]	VmRSS:	   39780 kB
20220313 032330.679 INFO             PET0 PIOc_sync Enter - MemInfo: [/proc/self/status]	VmData:	  207564 kB
20220313 032330.679 INFO             PET0 PIOc_sync Enter - MemInfo: [/proc/self/status]	VmStk:	     144 kB
20220313 032330.679 INFO             PET0 PIOc_sync Enter - MemInfo: [/proc/self/status]	VmExe:	     220 kB
20220313 032330.679 INFO             PET0 PIOc_sync Enter - MemInfo: [/proc/self/status]	VmLib:	   59892 kB
20220313 032330.679 INFO             PET0 PIOc_sync Enter - MemInfo: [/proc/self/status]	VmPTE:	     932 kB
20220313 032330.679 INFO             PET0 PIOc_sync Enter - MemInfo: [/proc/self/status]	VmSwap:	       0 kB
20220313 032330.679 INFO             PET0 PIOc_sync Enter - MemInfo: [/proc/self/status]	VmRSSPercent: 0.020251 %
20220313 032330.679 INFO             PET0 PIOc_sync Enter - MemInfo: [malloc] Non-mmapped space allocated:                24649728 Byte
20220313 032330.679 INFO             PET0 PIOc_sync Enter - MemInfo: [malloc] Space allocated in mmapped regions:          1581056 Byte
20220313 032330.679 INFO             PET0 PIOc_sync Enter - MemInfo: [malloc] Maximum total allocated space:                     0 Byte
20220313 032330.679 INFO             PET0 PIOc_sync Enter - MemInfo: [malloc] Space in freed fastbin blocks:                   880 Byte
20220313 032330.679 INFO             PET0 PIOc_sync Enter - MemInfo: [malloc] Total allocated space:                      12961696 Byte
20220313 032330.679 INFO             PET0 PIOc_sync Enter - MemInfo: [malloc] Total free space:                           11688032 Byte
20220313 032330.679 INFO             PET0 PIOc_sync Enter - MemInfo: [malloc] Top-most, releasable space:                  6718144 Byte
20220313 032330.679 INFO             PET0 PIOc_sync Enter - MemInfo: [malloc] Total space in use, mmap + non-mmap:        14542752 Byte
20220313 032330.679 INFO             PET0 PIOc_sync Enter - MemInfo: [malloc] Total space held (mmap + non-mmap):         26230784 Byte
20220313 032330.679 INFO             PET0 PIOc_sync Enter - MemInfo: [malloc] Total space used (mmap + non-mmap):         14552096 Byte
20220313 032330.679 INFO             PET0 PIOc_sync Enter - MemInfo: Wall-clock time since execution start:               0.284157 seconds
20220313 032330.680 INFO             PET0 PIOc_sync Exit - MemInfo: [/proc/meminfo - SSI]	MemTotal:       196434604 kB
20220313 032330.680 INFO             PET0 PIOc_sync Exit - MemInfo: [/proc/meminfo - SSI]	MemFree:        186499588 kB
20220313 032330.680 INFO             PET0 PIOc_sync Exit - MemInfo: [/proc/meminfo - SSI]	MemAvailable:   191804212 kB
20220313 032330.680 INFO             PET0 PIOc_sync Exit - MemInfo: [/proc/meminfo - SSI]	Committed_AS:     737860 kB
20220313 032330.680 INFO             PET0 PIOc_sync Exit - MemInfo: [/proc/meminfo - SSI]	CommittedPercent: 0.375626 %
20220313 032330.680 INFO             PET0 PIOc_sync Exit - MemInfo: [/proc/self/status]	VmPeak:	  666968 kB
20220313 032330.680 INFO             PET0 PIOc_sync Exit - MemInfo: [/proc/self/status]	VmSize:	  666684 kB
20220313 032330.680 INFO             PET0 PIOc_sync Exit - MemInfo: [/proc/self/status]	VmLck:	       0 kB
20220313 032330.680 INFO             PET0 PIOc_sync Exit - MemInfo: [/proc/self/status]	VmPin:	       0 kB
20220313 032330.680 INFO             PET0 PIOc_sync Exit - MemInfo: [/proc/self/status]	VmHWM:	   64088 kB
20220313 032330.680 INFO             PET0 PIOc_sync Exit - MemInfo: [/proc/self/status]	VmRSS:	   39880 kB
20220313 032330.680 INFO             PET0 PIOc_sync Exit - MemInfo: [/proc/self/status]	VmData:	  207564 kB
20220313 032330.680 INFO             PET0 PIOc_sync Exit - MemInfo: [/proc/self/status]	VmStk:	     144 kB
20220313 032330.680 INFO             PET0 PIOc_sync Exit - MemInfo: [/proc/self/status]	VmExe:	     220 kB
20220313 032330.680 INFO             PET0 PIOc_sync Exit - MemInfo: [/proc/self/status]	VmLib:	   59892 kB
20220313 032330.680 INFO             PET0 PIOc_sync Exit - MemInfo: [/proc/self/status]	VmPTE:	     932 kB
20220313 032330.680 INFO             PET0 PIOc_sync Exit - MemInfo: [/proc/self/status]	VmSwap:	       0 kB
20220313 032330.680 INFO             PET0 PIOc_sync Exit - MemInfo: [/proc/self/status]	VmRSSPercent: 0.0203019 %
20220313 032330.680 INFO             PET0 PIOc_sync Exit - MemInfo: [malloc] Non-mmapped space allocated:                24649728 Byte
20220313 032330.680 INFO             PET0 PIOc_sync Exit - MemInfo: [malloc] Space allocated in mmapped regions:          1581056 Byte
20220313 032330.680 INFO             PET0 PIOc_sync Exit - MemInfo: [malloc] Maximum total allocated space:                     0 Byte
20220313 032330.680 INFO             PET0 PIOc_sync Exit - MemInfo: [malloc] Space in freed fastbin blocks:                  1104 Byte
20220313 032330.680 INFO             PET0 PIOc_sync Exit - MemInfo: [malloc] Total allocated space:                      12966448 Byte
20220313 032330.680 INFO             PET0 PIOc_sync Exit - MemInfo: [malloc] Total free space:                           11683280 Byte
20220313 032330.680 INFO             PET0 PIOc_sync Exit - MemInfo: [malloc] Top-most, releasable space:                  6718144 Byte
20220313 032330.680 INFO             PET0 PIOc_sync Exit - MemInfo: [malloc] Total space in use, mmap + non-mmap:        14547504 Byte
20220313 032330.680 INFO             PET0 PIOc_sync Exit - MemInfo: [malloc] Total space held (mmap + non-mmap):         26230784 Byte
20220313 032330.680 INFO             PET0 PIOc_sync Exit - MemInfo: [malloc] Total space used (mmap + non-mmap):         14556848 Byte
20220313 032330.680 INFO             PET0 PIOc_sync Exit - MemInfo: Wall-clock time since execution start:               0.285686 seconds
20220313 032330.681 INFO             PET0 PIOc_freedecomp Enter - MemInfo: [/proc/meminfo - SSI]	MemTotal:       196434604 kB
20220313 032330.681 INFO             PET0 PIOc_freedecomp Enter - MemInfo: [/proc/meminfo - SSI]	MemFree:        186499588 kB
20220313 032330.681 INFO             PET0 PIOc_freedecomp Enter - MemInfo: [/proc/meminfo - SSI]	MemAvailable:   191804212 kB
20220313 032330.681 INFO             PET0 PIOc_freedecomp Enter - MemInfo: [/proc/meminfo - SSI]	Committed_AS:     737860 kB
20220313 032330.681 INFO             PET0 PIOc_freedecomp Enter - MemInfo: [/proc/meminfo - SSI]	CommittedPercent: 0.375626 %
20220313 032330.681 INFO             PET0 PIOc_freedecomp Enter - MemInfo: [/proc/self/status]	VmPeak:	  666968 kB
20220313 032330.681 INFO             PET0 PIOc_freedecomp Enter - MemInfo: [/proc/self/status]	VmSize:	  666684 kB
20220313 032330.681 INFO             PET0 PIOc_freedecomp Enter - MemInfo: [/proc/self/status]	VmLck:	       0 kB
20220313 032330.681 INFO             PET0 PIOc_freedecomp Enter - MemInfo: [/proc/self/status]	VmPin:	       0 kB
20220313 032330.681 INFO             PET0 PIOc_freedecomp Enter - MemInfo: [/proc/self/status]	VmHWM:	   64088 kB
20220313 032330.681 INFO             PET0 PIOc_freedecomp Enter - MemInfo: [/proc/self/status]	VmRSS:	   39880 kB
20220313 032330.681 INFO             PET0 PIOc_freedecomp Enter - MemInfo: [/proc/self/status]	VmData:	  207564 kB
20220313 032330.681 INFO             PET0 PIOc_freedecomp Enter - MemInfo: [/proc/self/status]	VmStk:	     144 kB
20220313 032330.681 INFO             PET0 PIOc_freedecomp Enter - MemInfo: [/proc/self/status]	VmExe:	     220 kB
20220313 032330.681 INFO             PET0 PIOc_freedecomp Enter - MemInfo: [/proc/self/status]	VmLib:	   59892 kB
20220313 032330.681 INFO             PET0 PIOc_freedecomp Enter - MemInfo: [/proc/self/status]	VmPTE:	     932 kB
20220313 032330.681 INFO             PET0 PIOc_freedecomp Enter - MemInfo: [/proc/self/status]	VmSwap:	       0 kB
20220313 032330.681 INFO             PET0 PIOc_freedecomp Enter - MemInfo: [/proc/self/status]	VmRSSPercent: 0.0203019 %
20220313 032330.681 INFO             PET0 PIOc_freedecomp Enter - MemInfo: [malloc] Non-mmapped space allocated:                24649728 Byte
20220313 032330.681 INFO             PET0 PIOc_freedecomp Enter - MemInfo: [malloc] Space allocated in mmapped regions:          1581056 Byte
20220313 032330.681 INFO             PET0 PIOc_freedecomp Enter - MemInfo: [malloc] Maximum total allocated space:                     0 Byte
20220313 032330.681 INFO             PET0 PIOc_freedecomp Enter - MemInfo: [malloc] Space in freed fastbin blocks:                  1024 Byte
20220313 032330.681 INFO             PET0 PIOc_freedecomp Enter - MemInfo: [malloc] Total allocated space:                       4040208 Byte
20220313 032330.681 INFO             PET0 PIOc_freedecomp Enter - MemInfo: [malloc] Total free space:                           20609520 Byte
20220313 032330.681 INFO             PET0 PIOc_freedecomp Enter - MemInfo: [malloc] Top-most, releasable space:                 15106768 Byte
20220313 032330.681 INFO             PET0 PIOc_freedecomp Enter - MemInfo: [malloc] Total space in use, mmap + non-mmap:         5621264 Byte
20220313 032330.681 INFO             PET0 PIOc_freedecomp Enter - MemInfo: [malloc] Total space held (mmap + non-mmap):         26230784 Byte
20220313 032330.681 INFO             PET0 PIOc_freedecomp Enter - MemInfo: [malloc] Total space used (mmap + non-mmap):          5630608 Byte
20220313 032330.681 INFO             PET0 PIOc_freedecomp Enter - MemInfo: Wall-clock time since execution start:               0.286518 seconds
20220313 032330.682 INFO             PET0 PIOc_freedecomp Exit - MemInfo: [/proc/meminfo - SSI]	MemTotal:       196434604 kB
20220313 032330.682 INFO             PET0 PIOc_freedecomp Exit - MemInfo: [/proc/meminfo - SSI]	MemFree:        186499588 kB
20220313 032330.682 INFO             PET0 PIOc_freedecomp Exit - MemInfo: [/proc/meminfo - SSI]	MemAvailable:   191804212 kB
20220313 032330.682 INFO             PET0 PIOc_freedecomp Exit - MemInfo: [/proc/meminfo - SSI]	Committed_AS:     737860 kB
20220313 032330.682 INFO             PET0 PIOc_freedecomp Exit - MemInfo: [/proc/meminfo - SSI]	CommittedPercent: 0.375626 %
20220313 032330.682 INFO             PET0 PIOc_freedecomp Exit - MemInfo: [/proc/self/status]	VmPeak:	  666968 kB
20220313 032330.682 INFO             PET0 PIOc_freedecomp Exit - MemInfo: [/proc/self/status]	VmSize:	  666684 kB
20220313 032330.682 INFO             PET0 PIOc_freedecomp Exit - MemInfo: [/proc/self/status]	VmLck:	       0 kB
20220313 032330.682 INFO             PET0 PIOc_freedecomp Exit - MemInfo: [/proc/self/status]	VmPin:	       0 kB
20220313 032330.682 INFO             PET0 PIOc_freedecomp Exit - MemInfo: [/proc/self/status]	VmHWM:	   64088 kB
20220313 032330.682 INFO             PET0 PIOc_freedecomp Exit - MemInfo: [/proc/self/status]	VmRSS:	   39884 kB
20220313 032330.682 INFO             PET0 PIOc_freedecomp Exit - MemInfo: [/proc/self/status]	VmData:	  207564 kB
20220313 032330.682 INFO             PET0 PIOc_freedecomp Exit - MemInfo: [/proc/self/status]	VmStk:	     144 kB
20220313 032330.682 INFO             PET0 PIOc_freedecomp Exit - MemInfo: [/proc/self/status]	VmExe:	     220 kB
20220313 032330.682 INFO             PET0 PIOc_freedecomp Exit - MemInfo: [/proc/self/status]	VmLib:	   59892 kB
20220313 032330.682 INFO             PET0 PIOc_freedecomp Exit - MemInfo: [/proc/self/status]	VmPTE:	     932 kB
20220313 032330.682 INFO             PET0 PIOc_freedecomp Exit - MemInfo: [/proc/self/status]	VmSwap:	       0 kB
20220313 032330.682 INFO             PET0 PIOc_freedecomp Exit - MemInfo: [/proc/self/status]	VmRSSPercent: 0.020304 %
20220313 032330.682 INFO             PET0 PIOc_freedecomp Exit - MemInfo: [malloc] Non-mmapped space allocated:                24649728 Byte
20220313 032330.682 INFO             PET0 PIOc_freedecomp Exit - MemInfo: [malloc] Space allocated in mmapped regions:          1581056 Byte
20220313 032330.682 INFO             PET0 PIOc_freedecomp Exit - MemInfo: [malloc] Maximum total allocated space:                     0 Byte
20220313 032330.682 INFO             PET0 PIOc_freedecomp Exit - MemInfo: [malloc] Space in freed fastbin blocks:                  2048 Byte
20220313 032330.682 INFO             PET0 PIOc_freedecomp Exit - MemInfo: [malloc] Total allocated space:                       4033440 Byte
20220313 032330.682 INFO             PET0 PIOc_freedecomp Exit - MemInfo: [malloc] Total free space:                           20616288 Byte
20220313 032330.682 INFO             PET0 PIOc_freedecomp Exit - MemInfo: [malloc] Top-most, releasable space:                 15106768 Byte
20220313 032330.682 INFO             PET0 PIOc_freedecomp Exit - MemInfo: [malloc] Total space in use, mmap + non-mmap:         5614496 Byte
20220313 032330.682 INFO             PET0 PIOc_freedecomp Exit - MemInfo: [malloc] Total space held (mmap + non-mmap):         26230784 Byte
20220313 032330.682 INFO             PET0 PIOc_freedecomp Exit - MemInfo: [malloc] Total space used (mmap + non-mmap):          5623840 Byte
20220313 032330.682 INFO             PET0 PIOc_freedecomp Exit - MemInfo: Wall-clock time since execution start:               0.287095 seconds
20220313 032330.684 INFO             PET0 PIOc_sync Enter - MemInfo: [/proc/meminfo - SSI]	MemTotal:       196434604 kB
20220313 032330.684 INFO             PET0 PIOc_sync Enter - MemInfo: [/proc/meminfo - SSI]	MemFree:        186499588 kB
20220313 032330.684 INFO             PET0 PIOc_sync Enter - MemInfo: [/proc/meminfo - SSI]	MemAvailable:   191804212 kB
20220313 032330.684 INFO             PET0 PIOc_sync Enter - MemInfo: [/proc/meminfo - SSI]	Committed_AS:     737860 kB
20220313 032330.684 INFO             PET0 PIOc_sync Enter - MemInfo: [/proc/meminfo - SSI]	CommittedPercent: 0.375626 %
20220313 032330.684 INFO             PET0 PIOc_sync Enter - MemInfo: [/proc/self/status]	VmPeak:	  666968 kB
20220313 032330.684 INFO             PET0 PIOc_sync Enter - MemInfo: [/proc/self/status]	VmSize:	  666684 kB
20220313 032330.684 INFO             PET0 PIOc_sync Enter - MemInfo: [/proc/self/status]	VmLck:	       0 kB
20220313 032330.684 INFO             PET0 PIOc_sync Enter - MemInfo: [/proc/self/status]	VmPin:	       0 kB
20220313 032330.684 INFO             PET0 PIOc_sync Enter - MemInfo: [/proc/self/status]	VmHWM:	   64088 kB
20220313 032330.684 INFO             PET0 PIOc_sync Enter - MemInfo: [/proc/self/status]	VmRSS:	   39888 kB
20220313 032330.684 INFO             PET0 PIOc_sync Enter - MemInfo: [/proc/self/status]	VmData:	  207564 kB
20220313 032330.684 INFO             PET0 PIOc_sync Enter - MemInfo: [/proc/self/status]	VmStk:	     144 kB
20220313 032330.684 INFO             PET0 PIOc_sync Enter - MemInfo: [/proc/self/status]	VmExe:	     220 kB
20220313 032330.684 INFO             PET0 PIOc_sync Enter - MemInfo: [/proc/self/status]	VmLib:	   59892 kB
20220313 032330.684 INFO             PET0 PIOc_sync Enter - MemInfo: [/proc/self/status]	VmPTE:	     932 kB
20220313 032330.684 INFO             PET0 PIOc_sync Enter - MemInfo: [/proc/self/status]	VmSwap:	       0 kB
20220313 032330.684 INFO             PET0 PIOc_sync Enter - MemInfo: [/proc/self/status]	VmRSSPercent: 0.020306 %
20220313 032330.684 INFO             PET0 PIOc_sync Enter - MemInfo: [malloc] Non-mmapped space allocated:                24649728 Byte
20220313 032330.684 INFO             PET0 PIOc_sync Enter - MemInfo: [malloc] Space allocated in mmapped regions:          1581056 Byte
20220313 032330.684 INFO             PET0 PIOc_sync Enter - MemInfo: [malloc] Maximum total allocated space:                     0 Byte
20220313 032330.684 INFO             PET0 PIOc_sync Enter - MemInfo: [malloc] Space in freed fastbin blocks:                  1440 Byte
20220313 032330.684 INFO             PET0 PIOc_sync Enter - MemInfo: [malloc] Total allocated space:                      12962480 Byte
20220313 032330.684 INFO             PET0 PIOc_sync Enter - MemInfo: [malloc] Total free space:                           11687248 Byte
20220313 032330.684 INFO             PET0 PIOc_sync Enter - MemInfo: [malloc] Top-most, releasable space:                  6718144 Byte
20220313 032330.684 INFO             PET0 PIOc_sync Enter - MemInfo: [malloc] Total space in use, mmap + non-mmap:        14543536 Byte
20220313 032330.684 INFO             PET0 PIOc_sync Enter - MemInfo: [malloc] Total space held (mmap + non-mmap):         26230784 Byte
20220313 032330.684 INFO             PET0 PIOc_sync Enter - MemInfo: [malloc] Total space used (mmap + non-mmap):         14552880 Byte
20220313 032330.684 INFO             PET0 PIOc_sync Enter - MemInfo: Wall-clock time since execution start:               0.289588 seconds
20220313 032330.685 INFO             PET0 PIOc_sync Exit - MemInfo: [/proc/meminfo - SSI]	MemTotal:       196434604 kB
20220313 032330.685 INFO             PET0 PIOc_sync Exit - MemInfo: [/proc/meminfo - SSI]	MemFree:        186499588 kB
20220313 032330.685 INFO             PET0 PIOc_sync Exit - MemInfo: [/proc/meminfo - SSI]	MemAvailable:   191804212 kB
20220313 032330.685 INFO             PET0 PIOc_sync Exit - MemInfo: [/proc/meminfo - SSI]	Committed_AS:     737860 kB
20220313 032330.685 INFO             PET0 PIOc_sync Exit - MemInfo: [/proc/meminfo - SSI]	CommittedPercent: 0.375626 %
20220313 032330.685 INFO             PET0 PIOc_sync Exit - MemInfo: [/proc/self/status]	VmPeak:	  666968 kB
20220313 032330.685 INFO             PET0 PIOc_sync Exit - MemInfo: [/proc/self/status]	VmSize:	  666684 kB
20220313 032330.685 INFO             PET0 PIOc_sync Exit - MemInfo: [/proc/self/status]	VmLck:	       0 kB
20220313 032330.685 INFO             PET0 PIOc_sync Exit - MemInfo: [/proc/self/status]	VmPin:	       0 kB
20220313 032330.685 INFO             PET0 PIOc_sync Exit - MemInfo: [/proc/self/status]	VmHWM:	   64088 kB
20220313 032330.685 INFO             PET0 PIOc_sync Exit - MemInfo: [/proc/self/status]	VmRSS:	   39888 kB
20220313 032330.685 INFO             PET0 PIOc_sync Exit - MemInfo: [/proc/self/status]	VmData:	  207564 kB
20220313 032330.685 INFO             PET0 PIOc_sync Exit - MemInfo: [/proc/self/status]	VmStk:	     144 kB
20220313 032330.685 INFO             PET0 PIOc_sync Exit - MemInfo: [/proc/self/status]	VmExe:	     220 kB
20220313 032330.685 INFO             PET0 PIOc_sync Exit - MemInfo: [/proc/self/status]	VmLib:	   59892 kB
20220313 032330.685 INFO             PET0 PIOc_sync Exit - MemInfo: [/proc/self/status]	VmPTE:	     932 kB
20220313 032330.685 INFO             PET0 PIOc_sync Exit - MemInfo: [/proc/self/status]	VmSwap:	       0 kB
20220313 032330.685 INFO             PET0 PIOc_sync Exit - MemInfo: [/proc/self/status]	VmRSSPercent: 0.020306 %
20220313 032330.685 INFO             PET0 PIOc_sync Exit - MemInfo: [malloc] Non-mmapped space allocated:                24649728 Byte
20220313 032330.685 INFO             PET0 PIOc_sync Exit - MemInfo: [malloc] Space allocated in mmapped regions:          1581056 Byte
20220313 032330.685 INFO             PET0 PIOc_sync Exit - MemInfo: [malloc] Maximum total allocated space:                     0 Byte
20220313 032330.685 INFO             PET0 PIOc_sync Exit - MemInfo: [malloc] Space in freed fastbin blocks:                  1104 Byte
20220313 032330.685 INFO             PET0 PIOc_sync Exit - MemInfo: [malloc] Total allocated space:                      12967232 Byte
20220313 032330.685 INFO             PET0 PIOc_sync Exit - MemInfo: [malloc] Total free space:                           11682496 Byte
20220313 032330.685 INFO             PET0 PIOc_sync Exit - MemInfo: [malloc] Top-most, releasable space:                  6718144 Byte
20220313 032330.685 INFO             PET0 PIOc_sync Exit - MemInfo: [malloc] Total space in use, mmap + non-mmap:        14548288 Byte
20220313 032330.685 INFO             PET0 PIOc_sync Exit - MemInfo: [malloc] Total space held (mmap + non-mmap):         26230784 Byte
20220313 032330.685 INFO             PET0 PIOc_sync Exit - MemInfo: [malloc] Total space used (mmap + non-mmap):         14557632 Byte
20220313 032330.685 INFO             PET0 PIOc_sync Exit - MemInfo: Wall-clock time since execution start:               0.290209 seconds
20220313 032330.686 INFO             PET0 PIOc_freedecomp Enter - MemInfo: [/proc/meminfo - SSI]	MemTotal:       196434604 kB
20220313 032330.686 INFO             PET0 PIOc_freedecomp Enter - MemInfo: [/proc/meminfo - SSI]	MemFree:        186499588 kB
20220313 032330.686 INFO             PET0 PIOc_freedecomp Enter - MemInfo: [/proc/meminfo - SSI]	MemAvailable:   191804212 kB
20220313 032330.686 INFO             PET0 PIOc_freedecomp Enter - MemInfo: [/proc/meminfo - SSI]	Committed_AS:     737860 kB
20220313 032330.686 INFO             PET0 PIOc_freedecomp Enter - MemInfo: [/proc/meminfo - SSI]	CommittedPercent: 0.375626 %
20220313 032330.686 INFO             PET0 PIOc_freedecomp Enter - MemInfo: [/proc/self/status]	VmPeak:	  666968 kB
20220313 032330.686 INFO             PET0 PIOc_freedecomp Enter - MemInfo: [/proc/self/status]	VmSize:	  666684 kB
20220313 032330.686 INFO             PET0 PIOc_freedecomp Enter - MemInfo: [/proc/self/status]	VmLck:	       0 kB
20220313 032330.686 INFO             PET0 PIOc_freedecomp Enter - MemInfo: [/proc/self/status]	VmPin:	       0 kB
20220313 032330.686 INFO             PET0 PIOc_freedecomp Enter - MemInfo: [/proc/self/status]	VmHWM:	   64088 kB
20220313 032330.686 INFO             PET0 PIOc_freedecomp Enter - MemInfo: [/proc/self/status]	VmRSS:	   39888 kB
20220313 032330.686 INFO             PET0 PIOc_freedecomp Enter - MemInfo: [/proc/self/status]	VmData:	  207564 kB
20220313 032330.686 INFO             PET0 PIOc_freedecomp Enter - MemInfo: [/proc/self/status]	VmStk:	     144 kB
20220313 032330.686 INFO             PET0 PIOc_freedecomp Enter - MemInfo: [/proc/self/status]	VmExe:	     220 kB
20220313 032330.686 INFO             PET0 PIOc_freedecomp Enter - MemInfo: [/proc/self/status]	VmLib:	   59892 kB
20220313 032330.686 INFO             PET0 PIOc_freedecomp Enter - MemInfo: [/proc/self/status]	VmPTE:	     932 kB
20220313 032330.686 INFO             PET0 PIOc_freedecomp Enter - MemInfo: [/proc/self/status]	VmSwap:	       0 kB
20220313 032330.686 INFO             PET0 PIOc_freedecomp Enter - MemInfo: [/proc/self/status]	VmRSSPercent: 0.020306 %
20220313 032330.686 INFO             PET0 PIOc_freedecomp Enter - MemInfo: [malloc] Non-mmapped space allocated:                24649728 Byte
20220313 032330.686 INFO             PET0 PIOc_freedecomp Enter - MemInfo: [malloc] Space allocated in mmapped regions:          1581056 Byte
20220313 032330.686 INFO             PET0 PIOc_freedecomp Enter - MemInfo: [malloc] Maximum total allocated space:                     0 Byte
20220313 032330.686 INFO             PET0 PIOc_freedecomp Enter - MemInfo: [malloc] Space in freed fastbin blocks:                  1136 Byte
20220313 032330.686 INFO             PET0 PIOc_freedecomp Enter - MemInfo: [malloc] Total allocated space:                       4040224 Byte
20220313 032330.686 INFO             PET0 PIOc_freedecomp Enter - MemInfo: [malloc] Total free space:                           20609504 Byte
20220313 032330.686 INFO             PET0 PIOc_freedecomp Enter - MemInfo: [malloc] Top-most, releasable space:                 15106768 Byte
20220313 032330.686 INFO             PET0 PIOc_freedecomp Enter - MemInfo: [malloc] Total space in use, mmap + non-mmap:         5621280 Byte
20220313 032330.686 INFO             PET0 PIOc_freedecomp Enter - MemInfo: [malloc] Total space held (mmap + non-mmap):         26230784 Byte
20220313 032330.686 INFO             PET0 PIOc_freedecomp Enter - MemInfo: [malloc] Total space used (mmap + non-mmap):          5630624 Byte
20220313 032330.686 INFO             PET0 PIOc_freedecomp Enter - MemInfo: Wall-clock time since execution start:               0.291078 seconds
20220313 032330.686 INFO             PET0 PIOc_freedecomp Exit - MemInfo: [/proc/meminfo - SSI]	MemTotal:       196434604 kB
20220313 032330.686 INFO             PET0 PIOc_freedecomp Exit - MemInfo: [/proc/meminfo - SSI]	MemFree:        186499588 kB
20220313 032330.686 INFO             PET0 PIOc_freedecomp Exit - MemInfo: [/proc/meminfo - SSI]	MemAvailable:   191804212 kB
20220313 032330.686 INFO             PET0 PIOc_freedecomp Exit - MemInfo: [/proc/meminfo - SSI]	Committed_AS:     737860 kB
20220313 032330.686 INFO             PET0 PIOc_freedecomp Exit - MemInfo: [/proc/meminfo - SSI]	CommittedPercent: 0.375626 %
20220313 032330.686 INFO             PET0 PIOc_freedecomp Exit - MemInfo: [/proc/self/status]	VmPeak:	  666968 kB
20220313 032330.686 INFO             PET0 PIOc_freedecomp Exit - MemInfo: [/proc/self/status]	VmSize:	  666684 kB
20220313 032330.686 INFO             PET0 PIOc_freedecomp Exit - MemInfo: [/proc/self/status]	VmLck:	       0 kB
20220313 032330.686 INFO             PET0 PIOc_freedecomp Exit - MemInfo: [/proc/self/status]	VmPin:	       0 kB
20220313 032330.686 INFO             PET0 PIOc_freedecomp Exit - MemInfo: [/proc/self/status]	VmHWM:	   64088 kB
20220313 032330.686 INFO             PET0 PIOc_freedecomp Exit - MemInfo: [/proc/self/status]	VmRSS:	   39888 kB
20220313 032330.686 INFO             PET0 PIOc_freedecomp Exit - MemInfo: [/proc/self/status]	VmData:	  207564 kB
20220313 032330.686 INFO             PET0 PIOc_freedecomp Exit - MemInfo: [/proc/self/status]	VmStk:	     144 kB
20220313 032330.686 INFO             PET0 PIOc_freedecomp Exit - MemInfo: [/proc/self/status]	VmExe:	     220 kB
20220313 032330.686 INFO             PET0 PIOc_freedecomp Exit - MemInfo: [/proc/self/status]	VmLib:	   59892 kB
20220313 032330.686 INFO             PET0 PIOc_freedecomp Exit - MemInfo: [/proc/self/status]	VmPTE:	     932 kB
20220313 032330.686 INFO             PET0 PIOc_freedecomp Exit - MemInfo: [/proc/self/status]	VmSwap:	       0 kB
20220313 032330.686 INFO             PET0 PIOc_freedecomp Exit - MemInfo: [/proc/self/status]	VmRSSPercent: 0.020306 %
20220313 032330.686 INFO             PET0 PIOc_freedecomp Exit - MemInfo: [malloc] Non-mmapped space allocated:                24649728 Byte
20220313 032330.686 INFO             PET0 PIOc_freedecomp Exit - MemInfo: [malloc] Space allocated in mmapped regions:          1581056 Byte
20220313 032330.686 INFO             PET0 PIOc_freedecomp Exit - MemInfo: [malloc] Maximum total allocated space:                     0 Byte
20220313 032330.686 INFO             PET0 PIOc_freedecomp Exit - MemInfo: [malloc] Space in freed fastbin blocks:                  2176 Byte
20220313 032330.686 INFO             PET0 PIOc_freedecomp Exit - MemInfo: [malloc] Total allocated space:                       4033456 Byte
20220313 032330.686 INFO             PET0 PIOc_freedecomp Exit - MemInfo: [malloc] Total free space:                           20616272 Byte
20220313 032330.686 INFO             PET0 PIOc_freedecomp Exit - MemInfo: [malloc] Top-most, releasable space:                 15106768 Byte
20220313 032330.686 INFO             PET0 PIOc_freedecomp Exit - MemInfo: [malloc] Total space in use, mmap + non-mmap:         5614512 Byte
20220313 032330.686 INFO             PET0 PIOc_freedecomp Exit - MemInfo: [malloc] Total space held (mmap + non-mmap):         26230784 Byte
20220313 032330.686 INFO             PET0 PIOc_freedecomp Exit - MemInfo: [malloc] Total space used (mmap + non-mmap):          5623856 Byte
20220313 032330.686 INFO             PET0 PIOc_freedecomp Exit - MemInfo: Wall-clock time since execution start:               0.291659 seconds
20220313 032330.688 INFO             PET0 PIOc_sync Enter - MemInfo: [/proc/meminfo - SSI]	MemTotal:       196434604 kB
20220313 032330.688 INFO             PET0 PIOc_sync Enter - MemInfo: [/proc/meminfo - SSI]	MemFree:        186499588 kB
20220313 032330.688 INFO             PET0 PIOc_sync Enter - MemInfo: [/proc/meminfo - SSI]	MemAvailable:   191804212 kB
20220313 032330.688 INFO             PET0 PIOc_sync Enter - MemInfo: [/proc/meminfo - SSI]	Committed_AS:     737860 kB
20220313 032330.688 INFO             PET0 PIOc_sync Enter - MemInfo: [/proc/meminfo - SSI]	CommittedPercent: 0.375626 %
20220313 032330.688 INFO             PET0 PIOc_sync Enter - MemInfo: [/proc/self/status]	VmPeak:	  666968 kB
20220313 032330.688 INFO             PET0 PIOc_sync Enter - MemInfo: [/proc/self/status]	VmSize:	  666684 kB
20220313 032330.688 INFO             PET0 PIOc_sync Enter - MemInfo: [/proc/self/status]	VmLck:	       0 kB
20220313 032330.688 INFO             PET0 PIOc_sync Enter - MemInfo: [/proc/self/status]	VmPin:	       0 kB
20220313 032330.688 INFO             PET0 PIOc_sync Enter - MemInfo: [/proc/self/status]	VmHWM:	   64088 kB
20220313 032330.688 INFO             PET0 PIOc_sync Enter - MemInfo: [/proc/self/status]	VmRSS:	   39888 kB
20220313 032330.688 INFO             PET0 PIOc_sync Enter - MemInfo: [/proc/self/status]	VmData:	  207564 kB
20220313 032330.688 INFO             PET0 PIOc_sync Enter - MemInfo: [/proc/self/status]	VmStk:	     144 kB
20220313 032330.688 INFO             PET0 PIOc_sync Enter - MemInfo: [/proc/self/status]	VmExe:	     220 kB
20220313 032330.688 INFO             PET0 PIOc_sync Enter - MemInfo: [/proc/self/status]	VmLib:	   59892 kB
20220313 032330.688 INFO             PET0 PIOc_sync Enter - MemInfo: [/proc/self/status]	VmPTE:	     932 kB
20220313 032330.688 INFO             PET0 PIOc_sync Enter - MemInfo: [/proc/self/status]	VmSwap:	       0 kB
20220313 032330.688 INFO             PET0 PIOc_sync Enter - MemInfo: [/proc/self/status]	VmRSSPercent: 0.020306 %
20220313 032330.688 INFO             PET0 PIOc_sync Enter - MemInfo: [malloc] Non-mmapped space allocated:                24649728 Byte
20220313 032330.688 INFO             PET0 PIOc_sync Enter - MemInfo: [malloc] Space allocated in mmapped regions:          1581056 Byte
20220313 032330.688 INFO             PET0 PIOc_sync Enter - MemInfo: [malloc] Maximum total allocated space:                     0 Byte
20220313 032330.688 INFO             PET0 PIOc_sync Enter - MemInfo: [malloc] Space in freed fastbin blocks:                  1888 Byte
20220313 032330.688 INFO             PET0 PIOc_sync Enter - MemInfo: [malloc] Total allocated space:                      12963248 Byte
20220313 032330.688 INFO             PET0 PIOc_sync Enter - MemInfo: [malloc] Total free space:                           11686480 Byte
20220313 032330.688 INFO             PET0 PIOc_sync Enter - MemInfo: [malloc] Top-most, releasable space:                  6718144 Byte
20220313 032330.688 INFO             PET0 PIOc_sync Enter - MemInfo: [malloc] Total space in use, mmap + non-mmap:        14544304 Byte
20220313 032330.688 INFO             PET0 PIOc_sync Enter - MemInfo: [malloc] Total space held (mmap + non-mmap):         26230784 Byte
20220313 032330.688 INFO             PET0 PIOc_sync Enter - MemInfo: [malloc] Total space used (mmap + non-mmap):         14553648 Byte
20220313 032330.688 INFO             PET0 PIOc_sync Enter - MemInfo: Wall-clock time since execution start:                0.29379 seconds
20220313 032330.689 INFO             PET0 PIOc_sync Exit - MemInfo: [/proc/meminfo - SSI]	MemTotal:       196434604 kB
20220313 032330.689 INFO             PET0 PIOc_sync Exit - MemInfo: [/proc/meminfo - SSI]	MemFree:        186499588 kB
20220313 032330.689 INFO             PET0 PIOc_sync Exit - MemInfo: [/proc/meminfo - SSI]	MemAvailable:   191804212 kB
20220313 032330.689 INFO             PET0 PIOc_sync Exit - MemInfo: [/proc/meminfo - SSI]	Committed_AS:     737860 kB
20220313 032330.689 INFO             PET0 PIOc_sync Exit - MemInfo: [/proc/meminfo - SSI]	CommittedPercent: 0.375626 %
20220313 032330.689 INFO             PET0 PIOc_sync Exit - MemInfo: [/proc/self/status]	VmPeak:	  666968 kB
20220313 032330.689 INFO             PET0 PIOc_sync Exit - MemInfo: [/proc/self/status]	VmSize:	  666684 kB
20220313 032330.689 INFO             PET0 PIOc_sync Exit - MemInfo: [/proc/self/status]	VmLck:	       0 kB
20220313 032330.689 INFO             PET0 PIOc_sync Exit - MemInfo: [/proc/self/status]	VmPin:	       0 kB
20220313 032330.689 INFO             PET0 PIOc_sync Exit - MemInfo: [/proc/self/status]	VmHWM:	   64088 kB
20220313 032330.689 INFO             PET0 PIOc_sync Exit - MemInfo: [/proc/self/status]	VmRSS:	   39888 kB
20220313 032330.689 INFO             PET0 PIOc_sync Exit - MemInfo: [/proc/self/status]	VmData:	  207564 kB
20220313 032330.689 INFO             PET0 PIOc_sync Exit - MemInfo: [/proc/self/status]	VmStk:	     144 kB
20220313 032330.689 INFO             PET0 PIOc_sync Exit - MemInfo: [/proc/self/status]	VmExe:	     220 kB
20220313 032330.689 INFO             PET0 PIOc_sync Exit - MemInfo: [/proc/self/status]	VmLib:	   59892 kB
20220313 032330.689 INFO             PET0 PIOc_sync Exit - MemInfo: [/proc/self/status]	VmPTE:	     932 kB
20220313 032330.689 INFO             PET0 PIOc_sync Exit - MemInfo: [/proc/self/status]	VmSwap:	       0 kB
20220313 032330.689 INFO             PET0 PIOc_sync Exit - MemInfo: [/proc/self/status]	VmRSSPercent: 0.020306 %
20220313 032330.689 INFO             PET0 PIOc_sync Exit - MemInfo: [malloc] Non-mmapped space allocated:                24649728 Byte
20220313 032330.689 INFO             PET0 PIOc_sync Exit - MemInfo: [malloc] Space allocated in mmapped regions:          1581056 Byte
20220313 032330.689 INFO             PET0 PIOc_sync Exit - MemInfo: [malloc] Maximum total allocated space:                     0 Byte
20220313 032330.689 INFO             PET0 PIOc_sync Exit - MemInfo: [malloc] Space in freed fastbin blocks:                  1200 Byte
20220313 032330.689 INFO             PET0 PIOc_sync Exit - MemInfo: [malloc] Total allocated space:                      12968032 Byte
20220313 032330.689 INFO             PET0 PIOc_sync Exit - MemInfo: [malloc] Total free space:                           11681696 Byte
20220313 032330.689 INFO             PET0 PIOc_sync Exit - MemInfo: [malloc] Top-most, releasable space:                  6718144 Byte
20220313 032330.689 INFO             PET0 PIOc_sync Exit - MemInfo: [malloc] Total space in use, mmap + non-mmap:        14549088 Byte
20220313 032330.689 INFO             PET0 PIOc_sync Exit - MemInfo: [malloc] Total space held (mmap + non-mmap):         26230784 Byte
20220313 032330.689 INFO             PET0 PIOc_sync Exit - MemInfo: [malloc] Total space used (mmap + non-mmap):         14558432 Byte
20220313 032330.689 INFO             PET0 PIOc_sync Exit - MemInfo: Wall-clock time since execution start:               0.294568 seconds
20220313 032330.690 INFO             PET0 PIOc_freedecomp Enter - MemInfo: [/proc/meminfo - SSI]	MemTotal:       196434604 kB
20220313 032330.690 INFO             PET0 PIOc_freedecomp Enter - MemInfo: [/proc/meminfo - SSI]	MemFree:        186499588 kB
20220313 032330.690 INFO             PET0 PIOc_freedecomp Enter - MemInfo: [/proc/meminfo - SSI]	MemAvailable:   191804212 kB
20220313 032330.690 INFO             PET0 PIOc_freedecomp Enter - MemInfo: [/proc/meminfo - SSI]	Committed_AS:     737860 kB
20220313 032330.690 INFO             PET0 PIOc_freedecomp Enter - MemInfo: [/proc/meminfo - SSI]	CommittedPercent: 0.375626 %
20220313 032330.690 INFO             PET0 PIOc_freedecomp Enter - MemInfo: [/proc/self/status]	VmPeak:	  666968 kB
20220313 032330.690 INFO             PET0 PIOc_freedecomp Enter - MemInfo: [/proc/self/status]	VmSize:	  666684 kB
20220313 032330.690 INFO             PET0 PIOc_freedecomp Enter - MemInfo: [/proc/self/status]	VmLck:	       0 kB
20220313 032330.690 INFO             PET0 PIOc_freedecomp Enter - MemInfo: [/proc/self/status]	VmPin:	       0 kB
20220313 032330.690 INFO             PET0 PIOc_freedecomp Enter - MemInfo: [/proc/self/status]	VmHWM:	   64088 kB
20220313 032330.690 INFO             PET0 PIOc_freedecomp Enter - MemInfo: [/proc/self/status]	VmRSS:	   39888 kB
20220313 032330.690 INFO             PET0 PIOc_freedecomp Enter - MemInfo: [/proc/self/status]	VmData:	  207564 kB
20220313 032330.690 INFO             PET0 PIOc_freedecomp Enter - MemInfo: [/proc/self/status]	VmStk:	     144 kB
20220313 032330.690 INFO             PET0 PIOc_freedecomp Enter - MemInfo: [/proc/self/status]	VmExe:	     220 kB
20220313 032330.690 INFO             PET0 PIOc_freedecomp Enter - MemInfo: [/proc/self/status]	VmLib:	   59892 kB
20220313 032330.690 INFO             PET0 PIOc_freedecomp Enter - MemInfo: [/proc/self/status]	VmPTE:	     932 kB
20220313 032330.690 INFO             PET0 PIOc_freedecomp Enter - MemInfo: [/proc/self/status]	VmSwap:	       0 kB
20220313 032330.690 INFO             PET0 PIOc_freedecomp Enter - MemInfo: [/proc/self/status]	VmRSSPercent: 0.020306 %
20220313 032330.690 INFO             PET0 PIOc_freedecomp Enter - MemInfo: [malloc] Non-mmapped space allocated:                24649728 Byte
20220313 032330.690 INFO             PET0 PIOc_freedecomp Enter - MemInfo: [malloc] Space allocated in mmapped regions:          1581056 Byte
20220313 032330.690 INFO             PET0 PIOc_freedecomp Enter - MemInfo: [malloc] Maximum total allocated space:                     0 Byte
20220313 032330.690 INFO             PET0 PIOc_freedecomp Enter - MemInfo: [malloc] Space in freed fastbin blocks:                  1024 Byte
20220313 032330.690 INFO             PET0 PIOc_freedecomp Enter - MemInfo: [malloc] Total allocated space:                       4040272 Byte
20220313 032330.690 INFO             PET0 PIOc_freedecomp Enter - MemInfo: [malloc] Total free space:                           20609456 Byte
20220313 032330.690 INFO             PET0 PIOc_freedecomp Enter - MemInfo: [malloc] Top-most, releasable space:                 15106768 Byte
20220313 032330.690 INFO             PET0 PIOc_freedecomp Enter - MemInfo: [malloc] Total space in use, mmap + non-mmap:         5621328 Byte
20220313 032330.690 INFO             PET0 PIOc_freedecomp Enter - MemInfo: [malloc] Total space held (mmap + non-mmap):         26230784 Byte
20220313 032330.690 INFO             PET0 PIOc_freedecomp Enter - MemInfo: [malloc] Total space used (mmap + non-mmap):          5630672 Byte
20220313 032330.690 INFO             PET0 PIOc_freedecomp Enter - MemInfo: Wall-clock time since execution start:               0.295457 seconds
20220313 032330.690 INFO             PET0 PIOc_freedecomp Exit - MemInfo: [/proc/meminfo - SSI]	MemTotal:       196434604 kB
20220313 032330.690 INFO             PET0 PIOc_freedecomp Exit - MemInfo: [/proc/meminfo - SSI]	MemFree:        186499588 kB
20220313 032330.690 INFO             PET0 PIOc_freedecomp Exit - MemInfo: [/proc/meminfo - SSI]	MemAvailable:   191804212 kB
20220313 032330.690 INFO             PET0 PIOc_freedecomp Exit - MemInfo: [/proc/meminfo - SSI]	Committed_AS:     737860 kB
20220313 032330.690 INFO             PET0 PIOc_freedecomp Exit - MemInfo: [/proc/meminfo - SSI]	CommittedPercent: 0.375626 %
20220313 032330.691 INFO             PET0 PIOc_freedecomp Exit - MemInfo: [/proc/self/status]	VmPeak:	  666968 kB
20220313 032330.691 INFO             PET0 PIOc_freedecomp Exit - MemInfo: [/proc/self/status]	VmSize:	  666684 kB
20220313 032330.691 INFO             PET0 PIOc_freedecomp Exit - MemInfo: [/proc/self/status]	VmLck:	       0 kB
20220313 032330.691 INFO             PET0 PIOc_freedecomp Exit - MemInfo: [/proc/self/status]	VmPin:	       0 kB
20220313 032330.691 INFO             PET0 PIOc_freedecomp Exit - MemInfo: [/proc/self/status]	VmHWM:	   64088 kB
20220313 032330.691 INFO             PET0 PIOc_freedecomp Exit - MemInfo: [/proc/self/status]	VmRSS:	   39888 kB
20220313 032330.691 INFO             PET0 PIOc_freedecomp Exit - MemInfo: [/proc/self/status]	VmData:	  207564 kB
20220313 032330.691 INFO             PET0 PIOc_freedecomp Exit - MemInfo: [/proc/self/status]	VmStk:	     144 kB
20220313 032330.691 INFO             PET0 PIOc_freedecomp Exit - MemInfo: [/proc/self/status]	VmExe:	     220 kB
20220313 032330.691 INFO             PET0 PIOc_freedecomp Exit - MemInfo: [/proc/self/status]	VmLib:	   59892 kB
20220313 032330.691 INFO             PET0 PIOc_freedecomp Exit - MemInfo: [/proc/self/status]	VmPTE:	     932 kB
20220313 032330.691 INFO             PET0 PIOc_freedecomp Exit - MemInfo: [/proc/self/status]	VmSwap:	       0 kB
20220313 032330.691 INFO             PET0 PIOc_freedecomp Exit - MemInfo: [/proc/self/status]	VmRSSPercent: 0.020306 %
20220313 032330.691 INFO             PET0 PIOc_freedecomp Exit - MemInfo: [malloc] Non-mmapped space allocated:                24649728 Byte
20220313 032330.691 INFO             PET0 PIOc_freedecomp Exit - MemInfo: [malloc] Space allocated in mmapped regions:          1581056 Byte
20220313 032330.691 INFO             PET0 PIOc_freedecomp Exit - MemInfo: [malloc] Maximum total allocated space:                     0 Byte
20220313 032330.691 INFO             PET0 PIOc_freedecomp Exit - MemInfo: [malloc] Space in freed fastbin blocks:                  2560 Byte
20220313 032330.691 INFO             PET0 PIOc_freedecomp Exit - MemInfo: [malloc] Total allocated space:                       4033472 Byte
20220313 032330.691 INFO             PET0 PIOc_freedecomp Exit - MemInfo: [malloc] Total free space:                           20616256 Byte
20220313 032330.691 INFO             PET0 PIOc_freedecomp Exit - MemInfo: [malloc] Top-most, releasable space:                 15106768 Byte
20220313 032330.691 INFO             PET0 PIOc_freedecomp Exit - MemInfo: [malloc] Total space in use, mmap + non-mmap:         5614528 Byte
20220313 032330.691 INFO             PET0 PIOc_freedecomp Exit - MemInfo: [malloc] Total space held (mmap + non-mmap):         26230784 Byte
20220313 032330.691 INFO             PET0 PIOc_freedecomp Exit - MemInfo: [malloc] Total space used (mmap + non-mmap):          5623888 Byte
20220313 032330.691 INFO             PET0 PIOc_freedecomp Exit - MemInfo: Wall-clock time since execution start:                0.29602 seconds
20220313 032330.693 INFO             PET0 PIOc_sync Enter - MemInfo: [/proc/meminfo - SSI]	MemTotal:       196434604 kB
20220313 032330.693 INFO             PET0 PIOc_sync Enter - MemInfo: [/proc/meminfo - SSI]	MemFree:        186499588 kB
20220313 032330.693 INFO             PET0 PIOc_sync Enter - MemInfo: [/proc/meminfo - SSI]	MemAvailable:   191804212 kB
20220313 032330.693 INFO             PET0 PIOc_sync Enter - MemInfo: [/proc/meminfo - SSI]	Committed_AS:     737860 kB
20220313 032330.693 INFO             PET0 PIOc_sync Enter - MemInfo: [/proc/meminfo - SSI]	CommittedPercent: 0.375626 %
20220313 032330.693 INFO             PET0 PIOc_sync Enter - MemInfo: [/proc/self/status]	VmPeak:	  666968 kB
20220313 032330.693 INFO             PET0 PIOc_sync Enter - MemInfo: [/proc/self/status]	VmSize:	  666684 kB
20220313 032330.693 INFO             PET0 PIOc_sync Enter - MemInfo: [/proc/self/status]	VmLck:	       0 kB
20220313 032330.693 INFO             PET0 PIOc_sync Enter - MemInfo: [/proc/self/status]	VmPin:	       0 kB
20220313 032330.693 INFO             PET0 PIOc_sync Enter - MemInfo: [/proc/self/status]	VmHWM:	   64088 kB
20220313 032330.693 INFO             PET0 PIOc_sync Enter - MemInfo: [/proc/self/status]	VmRSS:	   39888 kB
20220313 032330.693 INFO             PET0 PIOc_sync Enter - MemInfo: [/proc/self/status]	VmData:	  207564 kB
20220313 032330.693 INFO             PET0 PIOc_sync Enter - MemInfo: [/proc/self/status]	VmStk:	     144 kB
20220313 032330.693 INFO             PET0 PIOc_sync Enter - MemInfo: [/proc/self/status]	VmExe:	     220 kB
20220313 032330.693 INFO             PET0 PIOc_sync Enter - MemInfo: [/proc/self/status]	VmLib:	   59892 kB
20220313 032330.693 INFO             PET0 PIOc_sync Enter - MemInfo: [/proc/self/status]	VmPTE:	     932 kB
20220313 032330.693 INFO             PET0 PIOc_sync Enter - MemInfo: [/proc/self/status]	VmSwap:	       0 kB
20220313 032330.693 INFO             PET0 PIOc_sync Enter - MemInfo: [/proc/self/status]	VmRSSPercent: 0.020306 %
20220313 032330.693 INFO             PET0 PIOc_sync Enter - MemInfo: [malloc] Non-mmapped space allocated:                24649728 Byte
20220313 032330.693 INFO             PET0 PIOc_sync Enter - MemInfo: [malloc] Space allocated in mmapped regions:          1581056 Byte
20220313 032330.693 INFO             PET0 PIOc_sync Enter - MemInfo: [malloc] Maximum total allocated space:                     0 Byte
20220313 032330.693 INFO             PET0 PIOc_sync Enter - MemInfo: [malloc] Space in freed fastbin blocks:                  2352 Byte
20220313 032330.693 INFO             PET0 PIOc_sync Enter - MemInfo: [malloc] Total allocated space:                      12963968 Byte
20220313 032330.693 INFO             PET0 PIOc_sync Enter - MemInfo: [malloc] Total free space:                           11685760 Byte
20220313 032330.693 INFO             PET0 PIOc_sync Enter - MemInfo: [malloc] Top-most, releasable space:                  6718144 Byte
20220313 032330.693 INFO             PET0 PIOc_sync Enter - MemInfo: [malloc] Total space in use, mmap + non-mmap:        14545024 Byte
20220313 032330.693 INFO             PET0 PIOc_sync Enter - MemInfo: [malloc] Total space held (mmap + non-mmap):         26230784 Byte
20220313 032330.693 INFO             PET0 PIOc_sync Enter - MemInfo: [malloc] Total space used (mmap + non-mmap):         14554368 Byte
20220313 032330.693 INFO             PET0 PIOc_sync Enter - MemInfo: Wall-clock time since execution start:               0.298099 seconds
20220313 032330.693 INFO             PET0 PIOc_sync Exit - MemInfo: [/proc/meminfo - SSI]	MemTotal:       196434604 kB
20220313 032330.693 INFO             PET0 PIOc_sync Exit - MemInfo: [/proc/meminfo - SSI]	MemFree:        186499588 kB
20220313 032330.693 INFO             PET0 PIOc_sync Exit - MemInfo: [/proc/meminfo - SSI]	MemAvailable:   191804212 kB
20220313 032330.693 INFO             PET0 PIOc_sync Exit - MemInfo: [/proc/meminfo - SSI]	Committed_AS:     737860 kB
20220313 032330.693 INFO             PET0 PIOc_sync Exit - MemInfo: [/proc/meminfo - SSI]	CommittedPercent: 0.375626 %
20220313 032330.694 INFO             PET0 PIOc_sync Exit - MemInfo: [/proc/self/status]	VmPeak:	  666968 kB
20220313 032330.694 INFO             PET0 PIOc_sync Exit - MemInfo: [/proc/self/status]	VmSize:	  666684 kB
20220313 032330.694 INFO             PET0 PIOc_sync Exit - MemInfo: [/proc/self/status]	VmLck:	       0 kB
20220313 032330.694 INFO             PET0 PIOc_sync Exit - MemInfo: [/proc/self/status]	VmPin:	       0 kB
20220313 032330.694 INFO             PET0 PIOc_sync Exit - MemInfo: [/proc/self/status]	VmHWM:	   64088 kB
20220313 032330.694 INFO             PET0 PIOc_sync Exit - MemInfo: [/proc/self/status]	VmRSS:	   39888 kB
20220313 032330.694 INFO             PET0 PIOc_sync Exit - MemInfo: [/proc/self/status]	VmData:	  207564 kB
20220313 032330.694 INFO             PET0 PIOc_sync Exit - MemInfo: [/proc/self/status]	VmStk:	     144 kB
20220313 032330.694 INFO             PET0 PIOc_sync Exit - MemInfo: [/proc/self/status]	VmExe:	     220 kB
20220313 032330.694 INFO             PET0 PIOc_sync Exit - MemInfo: [/proc/self/status]	VmLib:	   59892 kB
20220313 032330.694 INFO             PET0 PIOc_sync Exit - MemInfo: [/proc/self/status]	VmPTE:	     932 kB
20220313 032330.694 INFO             PET0 PIOc_sync Exit - MemInfo: [/proc/self/status]	VmSwap:	       0 kB
20220313 032330.694 INFO             PET0 PIOc_sync Exit - MemInfo: [/proc/self/status]	VmRSSPercent: 0.020306 %
20220313 032330.694 INFO             PET0 PIOc_sync Exit - MemInfo: [malloc] Non-mmapped space allocated:                24649728 Byte
20220313 032330.694 INFO             PET0 PIOc_sync Exit - MemInfo: [malloc] Space allocated in mmapped regions:          1581056 Byte
20220313 032330.694 INFO             PET0 PIOc_sync Exit - MemInfo: [malloc] Maximum total allocated space:                     0 Byte
20220313 032330.694 INFO             PET0 PIOc_sync Exit - MemInfo: [malloc] Space in freed fastbin blocks:                  1104 Byte
20220313 032330.694 INFO             PET0 PIOc_sync Exit - MemInfo: [malloc] Total allocated space:                      12968752 Byte
20220313 032330.694 INFO             PET0 PIOc_sync Exit - MemInfo: [malloc] Total free space:                           11680976 Byte
20220313 032330.694 INFO             PET0 PIOc_sync Exit - MemInfo: [malloc] Top-most, releasable space:                  6718144 Byte
20220313 032330.694 INFO             PET0 PIOc_sync Exit - MemInfo: [malloc] Total space in use, mmap + non-mmap:        14549808 Byte
20220313 032330.694 INFO             PET0 PIOc_sync Exit - MemInfo: [malloc] Total space held (mmap + non-mmap):         26230784 Byte
20220313 032330.694 INFO             PET0 PIOc_sync Exit - MemInfo: [malloc] Total space used (mmap + non-mmap):         14559152 Byte
20220313 032330.694 INFO             PET0 PIOc_sync Exit - MemInfo: Wall-clock time since execution start:               0.299009 seconds
20220313 032330.694 INFO             PET0 PIOc_freedecomp Enter - MemInfo: [/proc/meminfo - SSI]	MemTotal:       196434604 kB
20220313 032330.694 INFO             PET0 PIOc_freedecomp Enter - MemInfo: [/proc/meminfo - SSI]	MemFree:        186499588 kB
20220313 032330.694 INFO             PET0 PIOc_freedecomp Enter - MemInfo: [/proc/meminfo - SSI]	MemAvailable:   191804212 kB
20220313 032330.694 INFO             PET0 PIOc_freedecomp Enter - MemInfo: [/proc/meminfo - SSI]	Committed_AS:     737860 kB
20220313 032330.694 INFO             PET0 PIOc_freedecomp Enter - MemInfo: [/proc/meminfo - SSI]	CommittedPercent: 0.375626 %
20220313 032330.695 INFO             PET0 PIOc_freedecomp Enter - MemInfo: [/proc/self/status]	VmPeak:	  666968 kB
20220313 032330.695 INFO             PET0 PIOc_freedecomp Enter - MemInfo: [/proc/self/status]	VmSize:	  666684 kB
20220313 032330.695 INFO             PET0 PIOc_freedecomp Enter - MemInfo: [/proc/self/status]	VmLck:	       0 kB
20220313 032330.695 INFO             PET0 PIOc_freedecomp Enter - MemInfo: [/proc/self/status]	VmPin:	       0 kB
20220313 032330.695 INFO             PET0 PIOc_freedecomp Enter - MemInfo: [/proc/self/status]	VmHWM:	   64088 kB
20220313 032330.695 INFO             PET0 PIOc_freedecomp Enter - MemInfo: [/proc/self/status]	VmRSS:	   39888 kB
20220313 032330.695 INFO             PET0 PIOc_freedecomp Enter - MemInfo: [/proc/self/status]	VmData:	  207564 kB
20220313 032330.695 INFO             PET0 PIOc_freedecomp Enter - MemInfo: [/proc/self/status]	VmStk:	     144 kB
20220313 032330.695 INFO             PET0 PIOc_freedecomp Enter - MemInfo: [/proc/self/status]	VmExe:	     220 kB
20220313 032330.695 INFO             PET0 PIOc_freedecomp Enter - MemInfo: [/proc/self/status]	VmLib:	   59892 kB
20220313 032330.695 INFO             PET0 PIOc_freedecomp Enter - MemInfo: [/proc/self/status]	VmPTE:	     932 kB
20220313 032330.695 INFO             PET0 PIOc_freedecomp Enter - MemInfo: [/proc/self/status]	VmSwap:	       0 kB
20220313 032330.695 INFO             PET0 PIOc_freedecomp Enter - MemInfo: [/proc/self/status]	VmRSSPercent: 0.020306 %
20220313 032330.695 INFO             PET0 PIOc_freedecomp Enter - MemInfo: [malloc] Non-mmapped space allocated:                24649728 Byte
20220313 032330.695 INFO             PET0 PIOc_freedecomp Enter - MemInfo: [malloc] Space allocated in mmapped regions:          1581056 Byte
20220313 032330.695 INFO             PET0 PIOc_freedecomp Enter - MemInfo: [malloc] Maximum total allocated space:                     0 Byte
20220313 032330.695 INFO             PET0 PIOc_freedecomp Enter - MemInfo: [malloc] Space in freed fastbin blocks:                   912 Byte
20220313 032330.695 INFO             PET0 PIOc_freedecomp Enter - MemInfo: [malloc] Total allocated space:                       4040240 Byte
20220313 032330.695 INFO             PET0 PIOc_freedecomp Enter - MemInfo: [malloc] Total free space:                           20609488 Byte
20220313 032330.695 INFO             PET0 PIOc_freedecomp Enter - MemInfo: [malloc] Top-most, releasable space:                 15106768 Byte
20220313 032330.695 INFO             PET0 PIOc_freedecomp Enter - MemInfo: [malloc] Total space in use, mmap + non-mmap:         5621296 Byte
20220313 032330.695 INFO             PET0 PIOc_freedecomp Enter - MemInfo: [malloc] Total space held (mmap + non-mmap):         26230784 Byte
20220313 032330.695 INFO             PET0 PIOc_freedecomp Enter - MemInfo: [malloc] Total space used (mmap + non-mmap):          5630640 Byte
20220313 032330.695 INFO             PET0 PIOc_freedecomp Enter - MemInfo: Wall-clock time since execution start:               0.299999 seconds
20220313 032330.695 INFO             PET0 PIOc_freedecomp Exit - MemInfo: [/proc/meminfo - SSI]	MemTotal:       196434604 kB
20220313 032330.695 INFO             PET0 PIOc_freedecomp Exit - MemInfo: [/proc/meminfo - SSI]	MemFree:        186499588 kB
20220313 032330.695 INFO             PET0 PIOc_freedecomp Exit - MemInfo: [/proc/meminfo - SSI]	MemAvailable:   191804212 kB
20220313 032330.695 INFO             PET0 PIOc_freedecomp Exit - MemInfo: [/proc/meminfo - SSI]	Committed_AS:     737860 kB
20220313 032330.695 INFO             PET0 PIOc_freedecomp Exit - MemInfo: [/proc/meminfo - SSI]	CommittedPercent: 0.375626 %
20220313 032330.695 INFO             PET0 PIOc_freedecomp Exit - MemInfo: [/proc/self/status]	VmPeak:	  666968 kB
20220313 032330.695 INFO             PET0 PIOc_freedecomp Exit - MemInfo: [/proc/self/status]	VmSize:	  666684 kB
20220313 032330.695 INFO             PET0 PIOc_freedecomp Exit - MemInfo: [/proc/self/status]	VmLck:	       0 kB
20220313 032330.695 INFO             PET0 PIOc_freedecomp Exit - MemInfo: [/proc/self/status]	VmPin:	       0 kB
20220313 032330.695 INFO             PET0 PIOc_freedecomp Exit - MemInfo: [/proc/self/status]	VmHWM:	   64088 kB
20220313 032330.695 INFO             PET0 PIOc_freedecomp Exit - MemInfo: [/proc/self/status]	VmRSS:	   39888 kB
20220313 032330.695 INFO             PET0 PIOc_freedecomp Exit - MemInfo: [/proc/self/status]	VmData:	  207564 kB
20220313 032330.695 INFO             PET0 PIOc_freedecomp Exit - MemInfo: [/proc/self/status]	VmStk:	     144 kB
20220313 032330.695 INFO             PET0 PIOc_freedecomp Exit - MemInfo: [/proc/self/status]	VmExe:	     220 kB
20220313 032330.695 INFO             PET0 PIOc_freedecomp Exit - MemInfo: [/proc/self/status]	VmLib:	   59892 kB
20220313 032330.695 INFO             PET0 PIOc_freedecomp Exit - MemInfo: [/proc/self/status]	VmPTE:	     932 kB
20220313 032330.695 INFO             PET0 PIOc_freedecomp Exit - MemInfo: [/proc/self/status]	VmSwap:	       0 kB
20220313 032330.695 INFO             PET0 PIOc_freedecomp Exit - MemInfo: [/proc/self/status]	VmRSSPercent: 0.020306 %
20220313 032330.695 INFO             PET0 PIOc_freedecomp Exit - MemInfo: [malloc] Non-mmapped space allocated:                24649728 Byte
20220313 032330.695 INFO             PET0 PIOc_freedecomp Exit - MemInfo: [malloc] Space allocated in mmapped regions:          1581056 Byte
20220313 032330.695 INFO             PET0 PIOc_freedecomp Exit - MemInfo: [malloc] Maximum total allocated space:                     0 Byte
20220313 032330.695 INFO             PET0 PIOc_freedecomp Exit - MemInfo: [malloc] Space in freed fastbin blocks:                  2464 Byte
20220313 032330.695 INFO             PET0 PIOc_freedecomp Exit - MemInfo: [malloc] Total allocated space:                       4033440 Byte
20220313 032330.695 INFO             PET0 PIOc_freedecomp Exit - MemInfo: [malloc] Total free space:                           20616288 Byte
20220313 032330.695 INFO             PET0 PIOc_freedecomp Exit - MemInfo: [malloc] Top-most, releasable space:                 15106768 Byte
20220313 032330.695 INFO             PET0 PIOc_freedecomp Exit - MemInfo: [malloc] Total space in use, mmap + non-mmap:         5614496 Byte
20220313 032330.695 INFO             PET0 PIOc_freedecomp Exit - MemInfo: [malloc] Total space held (mmap + non-mmap):         26230784 Byte
20220313 032330.695 INFO             PET0 PIOc_freedecomp Exit - MemInfo: [malloc] Total space used (mmap + non-mmap):          5623840 Byte
20220313 032330.695 INFO             PET0 PIOc_freedecomp Exit - MemInfo: Wall-clock time since execution start:               0.300586 seconds
20220313 032330.697 INFO             PET0  PASS  Test RouteHandleDestroy(), ESMF_RouteHandleAdvancedUTest.F90, line 633
20220313 032330.697 INFO             PET0  PASS  Apply the copied Routehandle, ESMF_RouteHandleAdvancedUTest.F90, line 643
20220313 032330.697 INFO             PET0  PASS  Test RouteHandleDestroy() for the copied Routehandle, ESMF_RouteHandleAdvancedUTest.F90, line 651
20220313 032330.697 INFO             PET0  PASS  Test ESMF_DynamicMaskSetR4R4R4(), ESMF_RouteHandleAdvancedUTest.F90, line 716
20220313 032330.697 INFO             PET0  PASS  Test ESMF_DynamicMaskSetR4R4R4V(), ESMF_RouteHandleAdvancedUTest.F90, line 725
20220313 032330.697 INFO             PET0  PASS  Test ESMF_DynamicMaskSetR4R8R4V(), ESMF_RouteHandleAdvancedUTest.F90, line 734
20220313 032330.697 INFO             PET0  Ending Test, file ESMF_RouteHandleAdvancedUTest.F90, line 749
20220313 032330.697 INFO             PET0 Finalizing ESMF
20220313 032330.398 INFO             PET1 !!!!!!!!!!!!!!!!!!!!!!!!!!!!!!!!!!!!!!!!!!!!!!!!!!!!!!
20220313 032330.398 INFO             PET1 !!! THE ESMF_LOG IS SET TO OUTPUT ALL LOG MESSAGES !!!
20220313 032330.398 INFO             PET1 !!!     THIS MAY CAUSE SLOWDOWN IN PERFORMANCE     !!!
20220313 032330.398 INFO             PET1 !!! FOR PRODUCTION RUNS, USE:                      !!!
20220313 032330.398 INFO             PET1 !!!                   ESMF_LOGKIND_Multi_On_Error  !!!
20220313 032330.398 INFO             PET1 !!!!!!!!!!!!!!!!!!!!!!!!!!!!!!!!!!!!!!!!!!!!!!!!!!!!!!
20220313 032330.398 INFO             PET1 Running with ESMF Version   : v8.3.0b09-96-g559b459
20220313 032330.398 INFO             PET1 ESMF library build date/time: "Mar 13 2022" "03:13:32"
20220313 032330.398 INFO             PET1 ESMF library build location : /work/noaa/da/mpotts/sandbox/gfortran_8.3.0_openmpi_O_jedwards_pio_update2
20220313 032330.398 INFO             PET1 ESMF_COMM                   : openmpi
20220313 032330.399 INFO             PET1 ESMF_MOAB                   : enabled
20220313 032330.399 INFO             PET1 ESMF_LAPACK                 : enabled
20220313 032330.399 INFO             PET1 ESMF_NETCDF                 : enabled
20220313 032330.399 INFO             PET1 ESMF_PNETCDF                : disabled
20220313 032330.399 INFO             PET1 ESMF_PIO                    : enabled
20220313 032330.399 INFO             PET1 ESMF_YAMLCPP                : enabled
20220313 032330.438 INFO             PET1  Beginning Test, file ESMF_RouteHandleAdvancedUTest.F90, line 346
20220313 032330.438 INFO             PET1  NUMBER_OF_PROCESSORS           4
20220313 032330.442 INFO             PET1 ESMF_FieldRedistStoreNF(): Just entered routine.
20220313 032330.554 INFO             PET1 ESMF_FieldRedistStoreNF(): Leaving routine.
20220313 032330.554 INFO             PET1  PASS  Create RouteHandle for the original petList, ESMF_RouteHandleAdvancedUTest.F90, line 511
20220313 032330.554 INFO             PET1  PASS  Test RouteHandleIsCreated(), ESMF_RouteHandleAdvancedUTest.F90, line 519
20220313 032330.554 INFO             PET1  PASS  Test RouteHandleIsCreated() return value, ESMF_RouteHandleAdvancedUTest.F90, line 526
20220313 032330.554 INFO             PET1  PASS  Test RouteHandleGet(), ESMF_RouteHandleAdvancedUTest.F90, line 534
20220313 032330.562 INFO             PET1  PASS  Test RouteHandleWrite(), ESMF_RouteHandleAdvancedUTest.F90, line 542
20220313 032330.562 INFO             PET1  PASS  Test RouteHandleDestroy(), ESMF_RouteHandleAdvancedUTest.F90, line 550
20220313 032330.563 INFO             PET1  PASS  Test RouteHandleCreate(from file), ESMF_RouteHandleAdvancedUTest.F90, line 558
20220313 032330.565 INFO             PET1  PASS  Apply the read in Routehandle, ESMF_RouteHandleAdvancedUTest.F90, line 567
20220313 032330.565 INFO             PET1  PASS  Test RouteHandleDestroy() for the read in Routehandle, ESMF_RouteHandleAdvancedUTest.F90, line 575
20220313 032330.565 INFO             PET1 ESMF_FieldRedistStoreNF(): Just entered routine.
20220313 032330.668 INFO             PET1 ESMF_FieldRedistStoreNF(): Leaving routine.
20220313 032330.668 INFO             PET1  PASS  Create RouteHandle for the original petList, ESMF_RouteHandleAdvancedUTest.F90, line 585
20220313 032330.668 INFO             PET1  PASS  Transfer RouteHandle to a different petList, ESMF_RouteHandleAdvancedUTest.F90, line 602
20220313 032330.680 INFO             PET1 PIOc_sync Enter - MemInfo: [/proc/meminfo - SSI]	MemTotal:       196434604 kB
20220313 032330.680 INFO             PET1 PIOc_sync Enter - MemInfo: [/proc/meminfo - SSI]	MemFree:        186499588 kB
20220313 032330.680 INFO             PET1 PIOc_sync Enter - MemInfo: [/proc/meminfo - SSI]	MemAvailable:   191804212 kB
20220313 032330.680 INFO             PET1 PIOc_sync Enter - MemInfo: [/proc/meminfo - SSI]	Committed_AS:     737860 kB
20220313 032330.680 INFO             PET1 PIOc_sync Enter - MemInfo: [/proc/meminfo - SSI]	CommittedPercent: 0.375626 %
20220313 032330.680 INFO             PET1 PIOc_sync Enter - MemInfo: [/proc/self/status]	VmPeak:	  666964 kB
20220313 032330.680 INFO             PET1 PIOc_sync Enter - MemInfo: [/proc/self/status]	VmSize:	  666472 kB
20220313 032330.680 INFO             PET1 PIOc_sync Enter - MemInfo: [/proc/self/status]	VmLck:	       0 kB
20220313 032330.680 INFO             PET1 PIOc_sync Enter - MemInfo: [/proc/self/status]	VmPin:	       0 kB
20220313 032330.680 INFO             PET1 PIOc_sync Enter - MemInfo: [/proc/self/status]	VmHWM:	   64088 kB
20220313 032330.680 INFO             PET1 PIOc_sync Enter - MemInfo: [/proc/self/status]	VmRSS:	   33496 kB
20220313 032330.680 INFO             PET1 PIOc_sync Enter - MemInfo: [/proc/self/status]	VmData:	  207352 kB
20220313 032330.680 INFO             PET1 PIOc_sync Enter - MemInfo: [/proc/self/status]	VmStk:	     144 kB
20220313 032330.680 INFO             PET1 PIOc_sync Enter - MemInfo: [/proc/self/status]	VmExe:	     220 kB
20220313 032330.680 INFO             PET1 PIOc_sync Enter - MemInfo: [/proc/self/status]	VmLib:	   59892 kB
20220313 032330.680 INFO             PET1 PIOc_sync Enter - MemInfo: [/proc/self/status]	VmPTE:	     916 kB
20220313 032330.680 INFO             PET1 PIOc_sync Enter - MemInfo: [/proc/self/status]	VmSwap:	       0 kB
20220313 032330.680 INFO             PET1 PIOc_sync Enter - MemInfo: [/proc/self/status]	VmRSSPercent: 0.017052 %
20220313 032330.680 INFO             PET1 PIOc_sync Enter - MemInfo: [malloc] Non-mmapped space allocated:                24432640 Byte
20220313 032330.680 INFO             PET1 PIOc_sync Enter - MemInfo: [malloc] Space allocated in mmapped regions:          1581056 Byte
20220313 032330.680 INFO             PET1 PIOc_sync Enter - MemInfo: [malloc] Maximum total allocated space:                     0 Byte
20220313 032330.680 INFO             PET1 PIOc_sync Enter - MemInfo: [malloc] Space in freed fastbin blocks:                   944 Byte
20220313 032330.680 INFO             PET1 PIOc_sync Enter - MemInfo: [malloc] Total allocated space:                       3714752 Byte
20220313 032330.680 INFO             PET1 PIOc_sync Enter - MemInfo: [malloc] Total free space:                           20717888 Byte
20220313 032330.680 INFO             PET1 PIOc_sync Enter - MemInfo: [malloc] Top-most, releasable space:                 14787520 Byte
20220313 032330.680 INFO             PET1 PIOc_sync Enter - MemInfo: [malloc] Total space in use, mmap + non-mmap:         5295808 Byte
20220313 032330.680 INFO             PET1 PIOc_sync Enter - MemInfo: [malloc] Total space held (mmap + non-mmap):         26013696 Byte
20220313 032330.680 INFO             PET1 PIOc_sync Enter - MemInfo: [malloc] Total space used (mmap + non-mmap):          5305152 Byte
20220313 032330.680 INFO             PET1 PIOc_sync Enter - MemInfo: Wall-clock time since execution start:               0.284994 seconds
20220313 032330.680 INFO             PET1 PIOc_sync Exit - MemInfo: [/proc/meminfo - SSI]	MemTotal:       196434604 kB
20220313 032330.680 INFO             PET1 PIOc_sync Exit - MemInfo: [/proc/meminfo - SSI]	MemFree:        186499588 kB
20220313 032330.680 INFO             PET1 PIOc_sync Exit - MemInfo: [/proc/meminfo - SSI]	MemAvailable:   191804212 kB
20220313 032330.680 INFO             PET1 PIOc_sync Exit - MemInfo: [/proc/meminfo - SSI]	Committed_AS:     737860 kB
20220313 032330.680 INFO             PET1 PIOc_sync Exit - MemInfo: [/proc/meminfo - SSI]	CommittedPercent: 0.375626 %
20220313 032330.680 INFO             PET1 PIOc_sync Exit - MemInfo: [/proc/self/status]	VmPeak:	  666964 kB
20220313 032330.680 INFO             PET1 PIOc_sync Exit - MemInfo: [/proc/self/status]	VmSize:	  666472 kB
20220313 032330.680 INFO             PET1 PIOc_sync Exit - MemInfo: [/proc/self/status]	VmLck:	       0 kB
20220313 032330.680 INFO             PET1 PIOc_sync Exit - MemInfo: [/proc/self/status]	VmPin:	       0 kB
20220313 032330.680 INFO             PET1 PIOc_sync Exit - MemInfo: [/proc/self/status]	VmHWM:	   64088 kB
20220313 032330.680 INFO             PET1 PIOc_sync Exit - MemInfo: [/proc/self/status]	VmRSS:	   33556 kB
20220313 032330.680 INFO             PET1 PIOc_sync Exit - MemInfo: [/proc/self/status]	VmData:	  207352 kB
20220313 032330.680 INFO             PET1 PIOc_sync Exit - MemInfo: [/proc/self/status]	VmStk:	     144 kB
20220313 032330.680 INFO             PET1 PIOc_sync Exit - MemInfo: [/proc/self/status]	VmExe:	     220 kB
20220313 032330.680 INFO             PET1 PIOc_sync Exit - MemInfo: [/proc/self/status]	VmLib:	   59892 kB
20220313 032330.680 INFO             PET1 PIOc_sync Exit - MemInfo: [/proc/self/status]	VmPTE:	     916 kB
20220313 032330.680 INFO             PET1 PIOc_sync Exit - MemInfo: [/proc/self/status]	VmSwap:	       0 kB
20220313 032330.680 INFO             PET1 PIOc_sync Exit - MemInfo: [/proc/self/status]	VmRSSPercent: 0.0170825 %
20220313 032330.680 INFO             PET1 PIOc_sync Exit - MemInfo: [malloc] Non-mmapped space allocated:                24432640 Byte
20220313 032330.680 INFO             PET1 PIOc_sync Exit - MemInfo: [malloc] Space allocated in mmapped regions:          1581056 Byte
20220313 032330.680 INFO             PET1 PIOc_sync Exit - MemInfo: [malloc] Maximum total allocated space:                     0 Byte
20220313 032330.680 INFO             PET1 PIOc_sync Exit - MemInfo: [malloc] Space in freed fastbin blocks:                  1376 Byte
20220313 032330.680 INFO             PET1 PIOc_sync Exit - MemInfo: [malloc] Total allocated space:                       3714672 Byte
20220313 032330.680 INFO             PET1 PIOc_sync Exit - MemInfo: [malloc] Total free space:                           20717968 Byte
20220313 032330.680 INFO             PET1 PIOc_sync Exit - MemInfo: [malloc] Top-most, releasable space:                 14787520 Byte
20220313 032330.680 INFO             PET1 PIOc_sync Exit - MemInfo: [malloc] Total space in use, mmap + non-mmap:         5295728 Byte
20220313 032330.680 INFO             PET1 PIOc_sync Exit - MemInfo: [malloc] Total space held (mmap + non-mmap):         26013696 Byte
20220313 032330.680 INFO             PET1 PIOc_sync Exit - MemInfo: [malloc] Total space used (mmap + non-mmap):          5305072 Byte
20220313 032330.680 INFO             PET1 PIOc_sync Exit - MemInfo: Wall-clock time since execution start:               0.285674 seconds
20220313 032330.681 INFO             PET1 PIOc_freedecomp Enter - MemInfo: [/proc/meminfo - SSI]	MemTotal:       196434604 kB
20220313 032330.681 INFO             PET1 PIOc_freedecomp Enter - MemInfo: [/proc/meminfo - SSI]	MemFree:        186499588 kB
20220313 032330.681 INFO             PET1 PIOc_freedecomp Enter - MemInfo: [/proc/meminfo - SSI]	MemAvailable:   191804212 kB
20220313 032330.681 INFO             PET1 PIOc_freedecomp Enter - MemInfo: [/proc/meminfo - SSI]	Committed_AS:     737860 kB
20220313 032330.681 INFO             PET1 PIOc_freedecomp Enter - MemInfo: [/proc/meminfo - SSI]	CommittedPercent: 0.375626 %
20220313 032330.681 INFO             PET1 PIOc_freedecomp Enter - MemInfo: [/proc/self/status]	VmPeak:	  666964 kB
20220313 032330.681 INFO             PET1 PIOc_freedecomp Enter - MemInfo: [/proc/self/status]	VmSize:	  666472 kB
20220313 032330.681 INFO             PET1 PIOc_freedecomp Enter - MemInfo: [/proc/self/status]	VmLck:	       0 kB
20220313 032330.681 INFO             PET1 PIOc_freedecomp Enter - MemInfo: [/proc/self/status]	VmPin:	       0 kB
20220313 032330.681 INFO             PET1 PIOc_freedecomp Enter - MemInfo: [/proc/self/status]	VmHWM:	   64088 kB
20220313 032330.681 INFO             PET1 PIOc_freedecomp Enter - MemInfo: [/proc/self/status]	VmRSS:	   33556 kB
20220313 032330.681 INFO             PET1 PIOc_freedecomp Enter - MemInfo: [/proc/self/status]	VmData:	  207352 kB
20220313 032330.681 INFO             PET1 PIOc_freedecomp Enter - MemInfo: [/proc/self/status]	VmStk:	     144 kB
20220313 032330.681 INFO             PET1 PIOc_freedecomp Enter - MemInfo: [/proc/self/status]	VmExe:	     220 kB
20220313 032330.681 INFO             PET1 PIOc_freedecomp Enter - MemInfo: [/proc/self/status]	VmLib:	   59892 kB
20220313 032330.681 INFO             PET1 PIOc_freedecomp Enter - MemInfo: [/proc/self/status]	VmPTE:	     916 kB
20220313 032330.681 INFO             PET1 PIOc_freedecomp Enter - MemInfo: [/proc/self/status]	VmSwap:	       0 kB
20220313 032330.681 INFO             PET1 PIOc_freedecomp Enter - MemInfo: [/proc/self/status]	VmRSSPercent: 0.0170825 %
20220313 032330.681 INFO             PET1 PIOc_freedecomp Enter - MemInfo: [malloc] Non-mmapped space allocated:                24432640 Byte
20220313 032330.681 INFO             PET1 PIOc_freedecomp Enter - MemInfo: [malloc] Space allocated in mmapped regions:          1581056 Byte
20220313 032330.681 INFO             PET1 PIOc_freedecomp Enter - MemInfo: [malloc] Maximum total allocated space:                     0 Byte
20220313 032330.681 INFO             PET1 PIOc_freedecomp Enter - MemInfo: [malloc] Space in freed fastbin blocks:                  1536 Byte
20220313 032330.681 INFO             PET1 PIOc_freedecomp Enter - MemInfo: [malloc] Total allocated space:                       3713040 Byte
20220313 032330.681 INFO             PET1 PIOc_freedecomp Enter - MemInfo: [malloc] Total free space:                           20719600 Byte
20220313 032330.681 INFO             PET1 PIOc_freedecomp Enter - MemInfo: [malloc] Top-most, releasable space:                 14787520 Byte
20220313 032330.681 INFO             PET1 PIOc_freedecomp Enter - MemInfo: [malloc] Total space in use, mmap + non-mmap:         5294096 Byte
20220313 032330.681 INFO             PET1 PIOc_freedecomp Enter - MemInfo: [malloc] Total space held (mmap + non-mmap):         26013696 Byte
20220313 032330.681 INFO             PET1 PIOc_freedecomp Enter - MemInfo: [malloc] Total space used (mmap + non-mmap):          5303440 Byte
20220313 032330.681 INFO             PET1 PIOc_freedecomp Enter - MemInfo: Wall-clock time since execution start:               0.286217 seconds
20220313 032330.681 INFO             PET1 PIOc_freedecomp Exit - MemInfo: [/proc/meminfo - SSI]	MemTotal:       196434604 kB
20220313 032330.681 INFO             PET1 PIOc_freedecomp Exit - MemInfo: [/proc/meminfo - SSI]	MemFree:        186499588 kB
20220313 032330.681 INFO             PET1 PIOc_freedecomp Exit - MemInfo: [/proc/meminfo - SSI]	MemAvailable:   191804212 kB
20220313 032330.681 INFO             PET1 PIOc_freedecomp Exit - MemInfo: [/proc/meminfo - SSI]	Committed_AS:     737860 kB
20220313 032330.681 INFO             PET1 PIOc_freedecomp Exit - MemInfo: [/proc/meminfo - SSI]	CommittedPercent: 0.375626 %
20220313 032330.681 INFO             PET1 PIOc_freedecomp Exit - MemInfo: [/proc/self/status]	VmPeak:	  666964 kB
20220313 032330.681 INFO             PET1 PIOc_freedecomp Exit - MemInfo: [/proc/self/status]	VmSize:	  666472 kB
20220313 032330.681 INFO             PET1 PIOc_freedecomp Exit - MemInfo: [/proc/self/status]	VmLck:	       0 kB
20220313 032330.681 INFO             PET1 PIOc_freedecomp Exit - MemInfo: [/proc/self/status]	VmPin:	       0 kB
20220313 032330.681 INFO             PET1 PIOc_freedecomp Exit - MemInfo: [/proc/self/status]	VmHWM:	   64088 kB
20220313 032330.681 INFO             PET1 PIOc_freedecomp Exit - MemInfo: [/proc/self/status]	VmRSS:	   33560 kB
20220313 032330.681 INFO             PET1 PIOc_freedecomp Exit - MemInfo: [/proc/self/status]	VmData:	  207352 kB
20220313 032330.681 INFO             PET1 PIOc_freedecomp Exit - MemInfo: [/proc/self/status]	VmStk:	     144 kB
20220313 032330.681 INFO             PET1 PIOc_freedecomp Exit - MemInfo: [/proc/self/status]	VmExe:	     220 kB
20220313 032330.681 INFO             PET1 PIOc_freedecomp Exit - MemInfo: [/proc/self/status]	VmLib:	   59892 kB
20220313 032330.681 INFO             PET1 PIOc_freedecomp Exit - MemInfo: [/proc/self/status]	VmPTE:	     916 kB
20220313 032330.681 INFO             PET1 PIOc_freedecomp Exit - MemInfo: [/proc/self/status]	VmSwap:	       0 kB
20220313 032330.682 INFO             PET1 PIOc_freedecomp Exit - MemInfo: [/proc/self/status]	VmRSSPercent: 0.0170846 %
20220313 032330.682 INFO             PET1 PIOc_freedecomp Exit - MemInfo: [malloc] Non-mmapped space allocated:                24432640 Byte
20220313 032330.682 INFO             PET1 PIOc_freedecomp Exit - MemInfo: [malloc] Space allocated in mmapped regions:          1581056 Byte
20220313 032330.682 INFO             PET1 PIOc_freedecomp Exit - MemInfo: [malloc] Maximum total allocated space:                     0 Byte
20220313 032330.682 INFO             PET1 PIOc_freedecomp Exit - MemInfo: [malloc] Space in freed fastbin blocks:                  2032 Byte
20220313 032330.682 INFO             PET1 PIOc_freedecomp Exit - MemInfo: [malloc] Total allocated space:                       3711072 Byte
20220313 032330.682 INFO             PET1 PIOc_freedecomp Exit - MemInfo: [malloc] Total free space:                           20721568 Byte
20220313 032330.682 INFO             PET1 PIOc_freedecomp Exit - MemInfo: [malloc] Top-most, releasable space:                 14787520 Byte
20220313 032330.682 INFO             PET1 PIOc_freedecomp Exit - MemInfo: [malloc] Total space in use, mmap + non-mmap:         5292128 Byte
20220313 032330.682 INFO             PET1 PIOc_freedecomp Exit - MemInfo: [malloc] Total space held (mmap + non-mmap):         26013696 Byte
20220313 032330.682 INFO             PET1 PIOc_freedecomp Exit - MemInfo: [malloc] Total space used (mmap + non-mmap):          5301472 Byte
20220313 032330.682 INFO             PET1 PIOc_freedecomp Exit - MemInfo: Wall-clock time since execution start:                 0.2868 seconds
20220313 032330.684 INFO             PET1 PIOc_sync Enter - MemInfo: [/proc/meminfo - SSI]	MemTotal:       196434604 kB
20220313 032330.684 INFO             PET1 PIOc_sync Enter - MemInfo: [/proc/meminfo - SSI]	MemFree:        186499588 kB
20220313 032330.684 INFO             PET1 PIOc_sync Enter - MemInfo: [/proc/meminfo - SSI]	MemAvailable:   191804212 kB
20220313 032330.684 INFO             PET1 PIOc_sync Enter - MemInfo: [/proc/meminfo - SSI]	Committed_AS:     737860 kB
20220313 032330.684 INFO             PET1 PIOc_sync Enter - MemInfo: [/proc/meminfo - SSI]	CommittedPercent: 0.375626 %
20220313 032330.684 INFO             PET1 PIOc_sync Enter - MemInfo: [/proc/self/status]	VmPeak:	  666964 kB
20220313 032330.684 INFO             PET1 PIOc_sync Enter - MemInfo: [/proc/self/status]	VmSize:	  666472 kB
20220313 032330.684 INFO             PET1 PIOc_sync Enter - MemInfo: [/proc/self/status]	VmLck:	       0 kB
20220313 032330.684 INFO             PET1 PIOc_sync Enter - MemInfo: [/proc/self/status]	VmPin:	       0 kB
20220313 032330.684 INFO             PET1 PIOc_sync Enter - MemInfo: [/proc/self/status]	VmHWM:	   64088 kB
20220313 032330.684 INFO             PET1 PIOc_sync Enter - MemInfo: [/proc/self/status]	VmRSS:	   33560 kB
20220313 032330.684 INFO             PET1 PIOc_sync Enter - MemInfo: [/proc/self/status]	VmData:	  207352 kB
20220313 032330.684 INFO             PET1 PIOc_sync Enter - MemInfo: [/proc/self/status]	VmStk:	     144 kB
20220313 032330.684 INFO             PET1 PIOc_sync Enter - MemInfo: [/proc/self/status]	VmExe:	     220 kB
20220313 032330.684 INFO             PET1 PIOc_sync Enter - MemInfo: [/proc/self/status]	VmLib:	   59892 kB
20220313 032330.684 INFO             PET1 PIOc_sync Enter - MemInfo: [/proc/self/status]	VmPTE:	     916 kB
20220313 032330.684 INFO             PET1 PIOc_sync Enter - MemInfo: [/proc/self/status]	VmSwap:	       0 kB
20220313 032330.684 INFO             PET1 PIOc_sync Enter - MemInfo: [/proc/self/status]	VmRSSPercent: 0.0170846 %
20220313 032330.684 INFO             PET1 PIOc_sync Enter - MemInfo: [malloc] Non-mmapped space allocated:                24432640 Byte
20220313 032330.684 INFO             PET1 PIOc_sync Enter - MemInfo: [malloc] Space allocated in mmapped regions:          1581056 Byte
20220313 032330.684 INFO             PET1 PIOc_sync Enter - MemInfo: [malloc] Maximum total allocated space:                     0 Byte
20220313 032330.684 INFO             PET1 PIOc_sync Enter - MemInfo: [malloc] Space in freed fastbin blocks:                   976 Byte
20220313 032330.684 INFO             PET1 PIOc_sync Enter - MemInfo: [malloc] Total allocated space:                       3714944 Byte
20220313 032330.684 INFO             PET1 PIOc_sync Enter - MemInfo: [malloc] Total free space:                           20717696 Byte
20220313 032330.684 INFO             PET1 PIOc_sync Enter - MemInfo: [malloc] Top-most, releasable space:                 14787520 Byte
20220313 032330.684 INFO             PET1 PIOc_sync Enter - MemInfo: [malloc] Total space in use, mmap + non-mmap:         5296000 Byte
20220313 032330.684 INFO             PET1 PIOc_sync Enter - MemInfo: [malloc] Total space held (mmap + non-mmap):         26013696 Byte
20220313 032330.684 INFO             PET1 PIOc_sync Enter - MemInfo: [malloc] Total space used (mmap + non-mmap):          5305344 Byte
20220313 032330.684 INFO             PET1 PIOc_sync Enter - MemInfo: Wall-clock time since execution start:               0.289142 seconds
20220313 032330.684 INFO             PET1 PIOc_sync Exit - MemInfo: [/proc/meminfo - SSI]	MemTotal:       196434604 kB
20220313 032330.684 INFO             PET1 PIOc_sync Exit - MemInfo: [/proc/meminfo - SSI]	MemFree:        186499588 kB
20220313 032330.684 INFO             PET1 PIOc_sync Exit - MemInfo: [/proc/meminfo - SSI]	MemAvailable:   191804212 kB
20220313 032330.684 INFO             PET1 PIOc_sync Exit - MemInfo: [/proc/meminfo - SSI]	Committed_AS:     737860 kB
20220313 032330.685 INFO             PET1 PIOc_sync Exit - MemInfo: [/proc/meminfo - SSI]	CommittedPercent: 0.375626 %
20220313 032330.685 INFO             PET1 PIOc_sync Exit - MemInfo: [/proc/self/status]	VmPeak:	  666964 kB
20220313 032330.685 INFO             PET1 PIOc_sync Exit - MemInfo: [/proc/self/status]	VmSize:	  666472 kB
20220313 032330.685 INFO             PET1 PIOc_sync Exit - MemInfo: [/proc/self/status]	VmLck:	       0 kB
20220313 032330.685 INFO             PET1 PIOc_sync Exit - MemInfo: [/proc/self/status]	VmPin:	       0 kB
20220313 032330.685 INFO             PET1 PIOc_sync Exit - MemInfo: [/proc/self/status]	VmHWM:	   64088 kB
20220313 032330.685 INFO             PET1 PIOc_sync Exit - MemInfo: [/proc/self/status]	VmRSS:	   33560 kB
20220313 032330.685 INFO             PET1 PIOc_sync Exit - MemInfo: [/proc/self/status]	VmData:	  207352 kB
20220313 032330.685 INFO             PET1 PIOc_sync Exit - MemInfo: [/proc/self/status]	VmStk:	     144 kB
20220313 032330.685 INFO             PET1 PIOc_sync Exit - MemInfo: [/proc/self/status]	VmExe:	     220 kB
20220313 032330.685 INFO             PET1 PIOc_sync Exit - MemInfo: [/proc/self/status]	VmLib:	   59892 kB
20220313 032330.685 INFO             PET1 PIOc_sync Exit - MemInfo: [/proc/self/status]	VmPTE:	     916 kB
20220313 032330.685 INFO             PET1 PIOc_sync Exit - MemInfo: [/proc/self/status]	VmSwap:	       0 kB
20220313 032330.685 INFO             PET1 PIOc_sync Exit - MemInfo: [/proc/self/status]	VmRSSPercent: 0.0170846 %
20220313 032330.685 INFO             PET1 PIOc_sync Exit - MemInfo: [malloc] Non-mmapped space allocated:                24432640 Byte
20220313 032330.685 INFO             PET1 PIOc_sync Exit - MemInfo: [malloc] Space allocated in mmapped regions:          1581056 Byte
20220313 032330.685 INFO             PET1 PIOc_sync Exit - MemInfo: [malloc] Maximum total allocated space:                     0 Byte
20220313 032330.685 INFO             PET1 PIOc_sync Exit - MemInfo: [malloc] Space in freed fastbin blocks:                  1392 Byte
20220313 032330.685 INFO             PET1 PIOc_sync Exit - MemInfo: [malloc] Total allocated space:                       3714864 Byte
20220313 032330.685 INFO             PET1 PIOc_sync Exit - MemInfo: [malloc] Total free space:                           20717776 Byte
20220313 032330.685 INFO             PET1 PIOc_sync Exit - MemInfo: [malloc] Top-most, releasable space:                 14787520 Byte
20220313 032330.685 INFO             PET1 PIOc_sync Exit - MemInfo: [malloc] Total space in use, mmap + non-mmap:         5295920 Byte
20220313 032330.685 INFO             PET1 PIOc_sync Exit - MemInfo: [malloc] Total space held (mmap + non-mmap):         26013696 Byte
20220313 032330.685 INFO             PET1 PIOc_sync Exit - MemInfo: [malloc] Total space used (mmap + non-mmap):          5305264 Byte
20220313 032330.685 INFO             PET1 PIOc_sync Exit - MemInfo: Wall-clock time since execution start:               0.289908 seconds
20220313 032330.685 INFO             PET1 PIOc_freedecomp Enter - MemInfo: [/proc/meminfo - SSI]	MemTotal:       196434604 kB
20220313 032330.685 INFO             PET1 PIOc_freedecomp Enter - MemInfo: [/proc/meminfo - SSI]	MemFree:        186499588 kB
20220313 032330.685 INFO             PET1 PIOc_freedecomp Enter - MemInfo: [/proc/meminfo - SSI]	MemAvailable:   191804212 kB
20220313 032330.685 INFO             PET1 PIOc_freedecomp Enter - MemInfo: [/proc/meminfo - SSI]	Committed_AS:     737860 kB
20220313 032330.685 INFO             PET1 PIOc_freedecomp Enter - MemInfo: [/proc/meminfo - SSI]	CommittedPercent: 0.375626 %
20220313 032330.685 INFO             PET1 PIOc_freedecomp Enter - MemInfo: [/proc/self/status]	VmPeak:	  666964 kB
20220313 032330.685 INFO             PET1 PIOc_freedecomp Enter - MemInfo: [/proc/self/status]	VmSize:	  666472 kB
20220313 032330.685 INFO             PET1 PIOc_freedecomp Enter - MemInfo: [/proc/self/status]	VmLck:	       0 kB
20220313 032330.685 INFO             PET1 PIOc_freedecomp Enter - MemInfo: [/proc/self/status]	VmPin:	       0 kB
20220313 032330.685 INFO             PET1 PIOc_freedecomp Enter - MemInfo: [/proc/self/status]	VmHWM:	   64088 kB
20220313 032330.685 INFO             PET1 PIOc_freedecomp Enter - MemInfo: [/proc/self/status]	VmRSS:	   33560 kB
20220313 032330.685 INFO             PET1 PIOc_freedecomp Enter - MemInfo: [/proc/self/status]	VmData:	  207352 kB
20220313 032330.685 INFO             PET1 PIOc_freedecomp Enter - MemInfo: [/proc/self/status]	VmStk:	     144 kB
20220313 032330.685 INFO             PET1 PIOc_freedecomp Enter - MemInfo: [/proc/self/status]	VmExe:	     220 kB
20220313 032330.685 INFO             PET1 PIOc_freedecomp Enter - MemInfo: [/proc/self/status]	VmLib:	   59892 kB
20220313 032330.685 INFO             PET1 PIOc_freedecomp Enter - MemInfo: [/proc/self/status]	VmPTE:	     916 kB
20220313 032330.685 INFO             PET1 PIOc_freedecomp Enter - MemInfo: [/proc/self/status]	VmSwap:	       0 kB
20220313 032330.686 INFO             PET1 PIOc_freedecomp Enter - MemInfo: [/proc/self/status]	VmRSSPercent: 0.0170846 %
20220313 032330.686 INFO             PET1 PIOc_freedecomp Enter - MemInfo: [malloc] Non-mmapped space allocated:                24432640 Byte
20220313 032330.686 INFO             PET1 PIOc_freedecomp Enter - MemInfo: [malloc] Space allocated in mmapped regions:          1581056 Byte
20220313 032330.686 INFO             PET1 PIOc_freedecomp Enter - MemInfo: [malloc] Maximum total allocated space:                     0 Byte
20220313 032330.686 INFO             PET1 PIOc_freedecomp Enter - MemInfo: [malloc] Space in freed fastbin blocks:                  1648 Byte
20220313 032330.686 INFO             PET1 PIOc_freedecomp Enter - MemInfo: [malloc] Total allocated space:                       3713072 Byte
20220313 032330.686 INFO             PET1 PIOc_freedecomp Enter - MemInfo: [malloc] Total free space:                           20719568 Byte
20220313 032330.686 INFO             PET1 PIOc_freedecomp Enter - MemInfo: [malloc] Top-most, releasable space:                 14787520 Byte
20220313 032330.686 INFO             PET1 PIOc_freedecomp Enter - MemInfo: [malloc] Total space in use, mmap + non-mmap:         5294128 Byte
20220313 032330.686 INFO             PET1 PIOc_freedecomp Enter - MemInfo: [malloc] Total space held (mmap + non-mmap):         26013696 Byte
20220313 032330.686 INFO             PET1 PIOc_freedecomp Enter - MemInfo: [malloc] Total space used (mmap + non-mmap):          5303472 Byte
20220313 032330.686 INFO             PET1 PIOc_freedecomp Enter - MemInfo: Wall-clock time since execution start:               0.290774 seconds
20220313 032330.686 INFO             PET1 PIOc_freedecomp Exit - MemInfo: [/proc/meminfo - SSI]	MemTotal:       196434604 kB
20220313 032330.686 INFO             PET1 PIOc_freedecomp Exit - MemInfo: [/proc/meminfo - SSI]	MemFree:        186499588 kB
20220313 032330.686 INFO             PET1 PIOc_freedecomp Exit - MemInfo: [/proc/meminfo - SSI]	MemAvailable:   191804212 kB
20220313 032330.686 INFO             PET1 PIOc_freedecomp Exit - MemInfo: [/proc/meminfo - SSI]	Committed_AS:     737860 kB
20220313 032330.686 INFO             PET1 PIOc_freedecomp Exit - MemInfo: [/proc/meminfo - SSI]	CommittedPercent: 0.375626 %
20220313 032330.686 INFO             PET1 PIOc_freedecomp Exit - MemInfo: [/proc/self/status]	VmPeak:	  666964 kB
20220313 032330.686 INFO             PET1 PIOc_freedecomp Exit - MemInfo: [/proc/self/status]	VmSize:	  666472 kB
20220313 032330.686 INFO             PET1 PIOc_freedecomp Exit - MemInfo: [/proc/self/status]	VmLck:	       0 kB
20220313 032330.686 INFO             PET1 PIOc_freedecomp Exit - MemInfo: [/proc/self/status]	VmPin:	       0 kB
20220313 032330.686 INFO             PET1 PIOc_freedecomp Exit - MemInfo: [/proc/self/status]	VmHWM:	   64088 kB
20220313 032330.686 INFO             PET1 PIOc_freedecomp Exit - MemInfo: [/proc/self/status]	VmRSS:	   33560 kB
20220313 032330.686 INFO             PET1 PIOc_freedecomp Exit - MemInfo: [/proc/self/status]	VmData:	  207352 kB
20220313 032330.686 INFO             PET1 PIOc_freedecomp Exit - MemInfo: [/proc/self/status]	VmStk:	     144 kB
20220313 032330.686 INFO             PET1 PIOc_freedecomp Exit - MemInfo: [/proc/self/status]	VmExe:	     220 kB
20220313 032330.686 INFO             PET1 PIOc_freedecomp Exit - MemInfo: [/proc/self/status]	VmLib:	   59892 kB
20220313 032330.686 INFO             PET1 PIOc_freedecomp Exit - MemInfo: [/proc/self/status]	VmPTE:	     916 kB
20220313 032330.686 INFO             PET1 PIOc_freedecomp Exit - MemInfo: [/proc/self/status]	VmSwap:	       0 kB
20220313 032330.686 INFO             PET1 PIOc_freedecomp Exit - MemInfo: [/proc/self/status]	VmRSSPercent: 0.0170846 %
20220313 032330.686 INFO             PET1 PIOc_freedecomp Exit - MemInfo: [malloc] Non-mmapped space allocated:                24432640 Byte
20220313 032330.686 INFO             PET1 PIOc_freedecomp Exit - MemInfo: [malloc] Space allocated in mmapped regions:          1581056 Byte
20220313 032330.686 INFO             PET1 PIOc_freedecomp Exit - MemInfo: [malloc] Maximum total allocated space:                     0 Byte
20220313 032330.686 INFO             PET1 PIOc_freedecomp Exit - MemInfo: [malloc] Space in freed fastbin blocks:                  2032 Byte
20220313 032330.686 INFO             PET1 PIOc_freedecomp Exit - MemInfo: [malloc] Total allocated space:                       3711104 Byte
20220313 032330.686 INFO             PET1 PIOc_freedecomp Exit - MemInfo: [malloc] Total free space:                           20721536 Byte
20220313 032330.686 INFO             PET1 PIOc_freedecomp Exit - MemInfo: [malloc] Top-most, releasable space:                 14787520 Byte
20220313 032330.686 INFO             PET1 PIOc_freedecomp Exit - MemInfo: [malloc] Total space in use, mmap + non-mmap:         5292160 Byte
20220313 032330.686 INFO             PET1 PIOc_freedecomp Exit - MemInfo: [malloc] Total space held (mmap + non-mmap):         26013696 Byte
20220313 032330.686 INFO             PET1 PIOc_freedecomp Exit - MemInfo: [malloc] Total space used (mmap + non-mmap):          5301504 Byte
20220313 032330.686 INFO             PET1 PIOc_freedecomp Exit - MemInfo: Wall-clock time since execution start:               0.291389 seconds
20220313 032330.688 INFO             PET1 PIOc_sync Enter - MemInfo: [/proc/meminfo - SSI]	MemTotal:       196434604 kB
20220313 032330.688 INFO             PET1 PIOc_sync Enter - MemInfo: [/proc/meminfo - SSI]	MemFree:        186499588 kB
20220313 032330.688 INFO             PET1 PIOc_sync Enter - MemInfo: [/proc/meminfo - SSI]	MemAvailable:   191804212 kB
20220313 032330.688 INFO             PET1 PIOc_sync Enter - MemInfo: [/proc/meminfo - SSI]	Committed_AS:     737860 kB
20220313 032330.688 INFO             PET1 PIOc_sync Enter - MemInfo: [/proc/meminfo - SSI]	CommittedPercent: 0.375626 %
20220313 032330.688 INFO             PET1 PIOc_sync Enter - MemInfo: [/proc/self/status]	VmPeak:	  666964 kB
20220313 032330.688 INFO             PET1 PIOc_sync Enter - MemInfo: [/proc/self/status]	VmSize:	  666472 kB
20220313 032330.688 INFO             PET1 PIOc_sync Enter - MemInfo: [/proc/self/status]	VmLck:	       0 kB
20220313 032330.688 INFO             PET1 PIOc_sync Enter - MemInfo: [/proc/self/status]	VmPin:	       0 kB
20220313 032330.688 INFO             PET1 PIOc_sync Enter - MemInfo: [/proc/self/status]	VmHWM:	   64088 kB
20220313 032330.688 INFO             PET1 PIOc_sync Enter - MemInfo: [/proc/self/status]	VmRSS:	   33560 kB
20220313 032330.688 INFO             PET1 PIOc_sync Enter - MemInfo: [/proc/self/status]	VmData:	  207352 kB
20220313 032330.688 INFO             PET1 PIOc_sync Enter - MemInfo: [/proc/self/status]	VmStk:	     144 kB
20220313 032330.688 INFO             PET1 PIOc_sync Enter - MemInfo: [/proc/self/status]	VmExe:	     220 kB
20220313 032330.688 INFO             PET1 PIOc_sync Enter - MemInfo: [/proc/self/status]	VmLib:	   59892 kB
20220313 032330.688 INFO             PET1 PIOc_sync Enter - MemInfo: [/proc/self/status]	VmPTE:	     916 kB
20220313 032330.688 INFO             PET1 PIOc_sync Enter - MemInfo: [/proc/self/status]	VmSwap:	       0 kB
20220313 032330.688 INFO             PET1 PIOc_sync Enter - MemInfo: [/proc/self/status]	VmRSSPercent: 0.0170846 %
20220313 032330.688 INFO             PET1 PIOc_sync Enter - MemInfo: [malloc] Non-mmapped space allocated:                24432640 Byte
20220313 032330.688 INFO             PET1 PIOc_sync Enter - MemInfo: [malloc] Space allocated in mmapped regions:          1581056 Byte
20220313 032330.688 INFO             PET1 PIOc_sync Enter - MemInfo: [malloc] Maximum total allocated space:                     0 Byte
20220313 032330.688 INFO             PET1 PIOc_sync Enter - MemInfo: [malloc] Space in freed fastbin blocks:                   976 Byte
20220313 032330.688 INFO             PET1 PIOc_sync Enter - MemInfo: [malloc] Total allocated space:                       3715072 Byte
20220313 032330.688 INFO             PET1 PIOc_sync Enter - MemInfo: [malloc] Total free space:                           20717568 Byte
20220313 032330.688 INFO             PET1 PIOc_sync Enter - MemInfo: [malloc] Top-most, releasable space:                 14787520 Byte
20220313 032330.688 INFO             PET1 PIOc_sync Enter - MemInfo: [malloc] Total space in use, mmap + non-mmap:         5296128 Byte
20220313 032330.688 INFO             PET1 PIOc_sync Enter - MemInfo: [malloc] Total space held (mmap + non-mmap):         26013696 Byte
20220313 032330.688 INFO             PET1 PIOc_sync Enter - MemInfo: [malloc] Total space used (mmap + non-mmap):          5305472 Byte
20220313 032330.688 INFO             PET1 PIOc_sync Enter - MemInfo: Wall-clock time since execution start:               0.293197 seconds
20220313 032330.689 INFO             PET1 PIOc_sync Exit - MemInfo: [/proc/meminfo - SSI]	MemTotal:       196434604 kB
20220313 032330.689 INFO             PET1 PIOc_sync Exit - MemInfo: [/proc/meminfo - SSI]	MemFree:        186499588 kB
20220313 032330.689 INFO             PET1 PIOc_sync Exit - MemInfo: [/proc/meminfo - SSI]	MemAvailable:   191804212 kB
20220313 032330.689 INFO             PET1 PIOc_sync Exit - MemInfo: [/proc/meminfo - SSI]	Committed_AS:     737860 kB
20220313 032330.689 INFO             PET1 PIOc_sync Exit - MemInfo: [/proc/meminfo - SSI]	CommittedPercent: 0.375626 %
20220313 032330.689 INFO             PET1 PIOc_sync Exit - MemInfo: [/proc/self/status]	VmPeak:	  666964 kB
20220313 032330.689 INFO             PET1 PIOc_sync Exit - MemInfo: [/proc/self/status]	VmSize:	  666472 kB
20220313 032330.689 INFO             PET1 PIOc_sync Exit - MemInfo: [/proc/self/status]	VmLck:	       0 kB
20220313 032330.689 INFO             PET1 PIOc_sync Exit - MemInfo: [/proc/self/status]	VmPin:	       0 kB
20220313 032330.689 INFO             PET1 PIOc_sync Exit - MemInfo: [/proc/self/status]	VmHWM:	   64088 kB
20220313 032330.689 INFO             PET1 PIOc_sync Exit - MemInfo: [/proc/self/status]	VmRSS:	   33560 kB
20220313 032330.689 INFO             PET1 PIOc_sync Exit - MemInfo: [/proc/self/status]	VmData:	  207352 kB
20220313 032330.689 INFO             PET1 PIOc_sync Exit - MemInfo: [/proc/self/status]	VmStk:	     144 kB
20220313 032330.689 INFO             PET1 PIOc_sync Exit - MemInfo: [/proc/self/status]	VmExe:	     220 kB
20220313 032330.689 INFO             PET1 PIOc_sync Exit - MemInfo: [/proc/self/status]	VmLib:	   59892 kB
20220313 032330.689 INFO             PET1 PIOc_sync Exit - MemInfo: [/proc/self/status]	VmPTE:	     916 kB
20220313 032330.689 INFO             PET1 PIOc_sync Exit - MemInfo: [/proc/self/status]	VmSwap:	       0 kB
20220313 032330.689 INFO             PET1 PIOc_sync Exit - MemInfo: [/proc/self/status]	VmRSSPercent: 0.0170846 %
20220313 032330.689 INFO             PET1 PIOc_sync Exit - MemInfo: [malloc] Non-mmapped space allocated:                24432640 Byte
20220313 032330.689 INFO             PET1 PIOc_sync Exit - MemInfo: [malloc] Space allocated in mmapped regions:          1581056 Byte
20220313 032330.689 INFO             PET1 PIOc_sync Exit - MemInfo: [malloc] Maximum total allocated space:                     0 Byte
20220313 032330.689 INFO             PET1 PIOc_sync Exit - MemInfo: [malloc] Space in freed fastbin blocks:                  1392 Byte
