build time -- 2022-03-12 04:11:32
20220312 042933.472 INFO             PET0 !!!!!!!!!!!!!!!!!!!!!!!!!!!!!!!!!!!!!!!!!!!!!!!!!!!!!!
20220312 042933.472 INFO             PET0 !!! THE ESMF_LOG IS SET TO OUTPUT ALL LOG MESSAGES !!!
20220312 042933.472 INFO             PET0 !!!     THIS MAY CAUSE SLOWDOWN IN PERFORMANCE     !!!
20220312 042933.472 INFO             PET0 !!! FOR PRODUCTION RUNS, USE:                      !!!
20220312 042933.472 INFO             PET0 !!!                   ESMF_LOGKIND_Multi_On_Error  !!!
20220312 042933.472 INFO             PET0 !!!!!!!!!!!!!!!!!!!!!!!!!!!!!!!!!!!!!!!!!!!!!!!!!!!!!!
20220312 042933.472 INFO             PET0 Running with ESMF Version   : v8.3.0b09-96-g559b459
20220312 042933.472 INFO             PET0 ESMF library build date/time: "Mar 12 2022" "04:10:25"
20220312 042933.472 INFO             PET0 ESMF library build location : /work/noaa/da/mpotts/sandbox/gfortran_8.3.0_openmpi_O_jedwards_pio_update2
20220312 042933.472 INFO             PET0 ESMF_COMM                   : openmpi
20220312 042933.473 INFO             PET0 ESMF_MOAB                   : enabled
20220312 042933.473 INFO             PET0 ESMF_LAPACK                 : enabled
20220312 042933.473 INFO             PET0 ESMF_NETCDF                 : enabled
20220312 042933.473 INFO             PET0 ESMF_PNETCDF                : disabled
20220312 042933.473 INFO             PET0 ESMF_PIO                    : enabled
20220312 042933.473 INFO             PET0 ESMF_YAMLCPP                : enabled
20220312 042933.473 INFO             PET0  Beginning Test, file ESMF_IOUTest.F90, line 57
20220312 042933.473 INFO             PET0  NUMBER_OF_PROCESSORS           4
20220312 042933.473 INFO             PET0 Starting Test:  ESMF_OutputWeightFile
20220312 042933.480 INFO             PET0 PIOc_sync Enter - MemInfo: [/proc/meminfo - SSI]	MemTotal:       196434604 kB
20220312 042933.480 INFO             PET0 PIOc_sync Enter - MemInfo: [/proc/meminfo - SSI]	MemFree:        189656176 kB
20220312 042933.480 INFO             PET0 PIOc_sync Enter - MemInfo: [/proc/meminfo - SSI]	MemAvailable:   191978468 kB
20220312 042933.480 INFO             PET0 PIOc_sync Enter - MemInfo: [/proc/meminfo - SSI]	Committed_AS:     654384 kB
20220312 042933.480 INFO             PET0 PIOc_sync Enter - MemInfo: [/proc/meminfo - SSI]	CommittedPercent: 0.333131 %
20220312 042933.481 INFO             PET0 PIOc_sync Enter - MemInfo: [/proc/self/status]	VmPeak:	  654196 kB
20220312 042933.481 INFO             PET0 PIOc_sync Enter - MemInfo: [/proc/self/status]	VmSize:	  654196 kB
20220312 042933.481 INFO             PET0 PIOc_sync Enter - MemInfo: [/proc/self/status]	VmLck:	       0 kB
20220312 042933.481 INFO             PET0 PIOc_sync Enter - MemInfo: [/proc/self/status]	VmPin:	       0 kB
20220312 042933.481 INFO             PET0 PIOc_sync Enter - MemInfo: [/proc/self/status]	VmHWM:	   64072 kB
20220312 042933.481 INFO             PET0 PIOc_sync Enter - MemInfo: [/proc/self/status]	VmRSS:	   30260 kB
20220312 042933.481 INFO             PET0 PIOc_sync Enter - MemInfo: [/proc/self/status]	VmData:	  195096 kB
20220312 042933.481 INFO             PET0 PIOc_sync Enter - MemInfo: [/proc/self/status]	VmStk:	     144 kB
20220312 042933.481 INFO             PET0 PIOc_sync Enter - MemInfo: [/proc/self/status]	VmExe:	     200 kB
20220312 042933.481 INFO             PET0 PIOc_sync Enter - MemInfo: [/proc/self/status]	VmLib:	   59892 kB
20220312 042933.481 INFO             PET0 PIOc_sync Enter - MemInfo: [/proc/self/status]	VmPTE:	     940 kB
20220312 042933.481 INFO             PET0 PIOc_sync Enter - MemInfo: [/proc/self/status]	VmSwap:	       0 kB
20220312 042933.481 INFO             PET0 PIOc_sync Enter - MemInfo: [/proc/self/status]	VmRSSPercent: 0.0154046 %
20220312 042933.481 INFO             PET0 PIOc_sync Enter - MemInfo: [malloc] Non-mmapped space allocated:                 2961408 Byte
20220312 042933.481 INFO             PET0 PIOc_sync Enter - MemInfo: [malloc] Space allocated in mmapped regions:         10502144 Byte
20220312 042933.481 INFO             PET0 PIOc_sync Enter - MemInfo: [malloc] Maximum total allocated space:                     0 Byte
20220312 042933.481 INFO             PET0 PIOc_sync Enter - MemInfo: [malloc] Space in freed fastbin blocks:                   944 Byte
20220312 042933.481 INFO             PET0 PIOc_sync Enter - MemInfo: [malloc] Total allocated space:                       2639024 Byte
20220312 042933.481 INFO             PET0 PIOc_sync Enter - MemInfo: [malloc] Total free space:                             322384 Byte
20220312 042933.481 INFO             PET0 PIOc_sync Enter - MemInfo: [malloc] Top-most, releasable space:                   115936 Byte
20220312 042933.481 INFO             PET0 PIOc_sync Enter - MemInfo: [malloc] Total space in use, mmap + non-mmap:        13141168 Byte
20220312 042933.481 INFO             PET0 PIOc_sync Enter - MemInfo: [malloc] Total space held (mmap + non-mmap):         13463552 Byte
20220312 042933.481 INFO             PET0 PIOc_sync Enter - MemInfo: [malloc] Total space used (mmap + non-mmap):         13150512 Byte
20220312 042933.481 INFO             PET0 PIOc_sync Enter - MemInfo: Wall-clock time since execution start:              0.0208047 seconds
20220312 042933.481 INFO             PET0 PIOc_sync Exit - MemInfo: [/proc/meminfo - SSI]	MemTotal:       196434604 kB
20220312 042933.481 INFO             PET0 PIOc_sync Exit - MemInfo: [/proc/meminfo - SSI]	MemFree:        189656176 kB
20220312 042933.481 INFO             PET0 PIOc_sync Exit - MemInfo: [/proc/meminfo - SSI]	MemAvailable:   191978468 kB
20220312 042933.481 INFO             PET0 PIOc_sync Exit - MemInfo: [/proc/meminfo - SSI]	Committed_AS:     654384 kB
20220312 042933.481 INFO             PET0 PIOc_sync Exit - MemInfo: [/proc/meminfo - SSI]	CommittedPercent: 0.333131 %
20220312 042933.482 INFO             PET0 PIOc_sync Exit - MemInfo: [/proc/self/status]	VmPeak:	  654196 kB
20220312 042933.482 INFO             PET0 PIOc_sync Exit - MemInfo: [/proc/self/status]	VmSize:	  654196 kB
20220312 042933.482 INFO             PET0 PIOc_sync Exit - MemInfo: [/proc/self/status]	VmLck:	       0 kB
20220312 042933.482 INFO             PET0 PIOc_sync Exit - MemInfo: [/proc/self/status]	VmPin:	       0 kB
20220312 042933.482 INFO             PET0 PIOc_sync Exit - MemInfo: [/proc/self/status]	VmHWM:	   64072 kB
20220312 042933.482 INFO             PET0 PIOc_sync Exit - MemInfo: [/proc/self/status]	VmRSS:	   30400 kB
20220312 042933.482 INFO             PET0 PIOc_sync Exit - MemInfo: [/proc/self/status]	VmData:	  195096 kB
20220312 042933.482 INFO             PET0 PIOc_sync Exit - MemInfo: [/proc/self/status]	VmStk:	     144 kB
20220312 042933.482 INFO             PET0 PIOc_sync Exit - MemInfo: [/proc/self/status]	VmExe:	     200 kB
20220312 042933.482 INFO             PET0 PIOc_sync Exit - MemInfo: [/proc/self/status]	VmLib:	   59892 kB
20220312 042933.482 INFO             PET0 PIOc_sync Exit - MemInfo: [/proc/self/status]	VmPTE:	     940 kB
20220312 042933.482 INFO             PET0 PIOc_sync Exit - MemInfo: [/proc/self/status]	VmSwap:	       0 kB
20220312 042933.482 INFO             PET0 PIOc_sync Exit - MemInfo: [/proc/self/status]	VmRSSPercent: 0.0154759 %
20220312 042933.482 INFO             PET0 PIOc_sync Exit - MemInfo: [malloc] Non-mmapped space allocated:                 2961408 Byte
20220312 042933.482 INFO             PET0 PIOc_sync Exit - MemInfo: [malloc] Space allocated in mmapped regions:         10502144 Byte
20220312 042933.482 INFO             PET0 PIOc_sync Exit - MemInfo: [malloc] Maximum total allocated space:                     0 Byte
20220312 042933.482 INFO             PET0 PIOc_sync Exit - MemInfo: [malloc] Space in freed fastbin blocks:                   704 Byte
20220312 042933.482 INFO             PET0 PIOc_sync Exit - MemInfo: [malloc] Total allocated space:                       2641808 Byte
20220312 042933.482 INFO             PET0 PIOc_sync Exit - MemInfo: [malloc] Total free space:                             319600 Byte
20220312 042933.482 INFO             PET0 PIOc_sync Exit - MemInfo: [malloc] Top-most, releasable space:                   115936 Byte
20220312 042933.482 INFO             PET0 PIOc_sync Exit - MemInfo: [malloc] Total space in use, mmap + non-mmap:        13143952 Byte
20220312 042933.482 INFO             PET0 PIOc_sync Exit - MemInfo: [malloc] Total space held (mmap + non-mmap):         13463552 Byte
20220312 042933.482 INFO             PET0 PIOc_sync Exit - MemInfo: [malloc] Total space used (mmap + non-mmap):         13153296 Byte
20220312 042933.482 INFO             PET0 PIOc_sync Exit - MemInfo: Wall-clock time since execution start:              0.0217286 seconds
20220312 042933.482 INFO             PET0 PIOc_freedecomp Enter - MemInfo: [/proc/meminfo - SSI]	MemTotal:       196434604 kB
20220312 042933.482 INFO             PET0 PIOc_freedecomp Enter - MemInfo: [/proc/meminfo - SSI]	MemFree:        189663080 kB
20220312 042933.482 INFO             PET0 PIOc_freedecomp Enter - MemInfo: [/proc/meminfo - SSI]	MemAvailable:   191985372 kB
20220312 042933.482 INFO             PET0 PIOc_freedecomp Enter - MemInfo: [/proc/meminfo - SSI]	Committed_AS:     646188 kB
20220312 042933.482 INFO             PET0 PIOc_freedecomp Enter - MemInfo: [/proc/meminfo - SSI]	CommittedPercent: 0.328958 %
20220312 042933.482 INFO             PET0 PIOc_freedecomp Enter - MemInfo: [/proc/self/status]	VmPeak:	  654196 kB
20220312 042933.482 INFO             PET0 PIOc_freedecomp Enter - MemInfo: [/proc/self/status]	VmSize:	  645484 kB
20220312 042933.483 INFO             PET0 PIOc_freedecomp Enter - MemInfo: [/proc/self/status]	VmLck:	       0 kB
20220312 042933.483 INFO             PET0 PIOc_freedecomp Enter - MemInfo: [/proc/self/status]	VmPin:	       0 kB
20220312 042933.483 INFO             PET0 PIOc_freedecomp Enter - MemInfo: [/proc/self/status]	VmHWM:	   64072 kB
20220312 042933.483 INFO             PET0 PIOc_freedecomp Enter - MemInfo: [/proc/self/status]	VmRSS:	   22200 kB
20220312 042933.483 INFO             PET0 PIOc_freedecomp Enter - MemInfo: [/proc/self/status]	VmData:	  186384 kB
20220312 042933.483 INFO             PET0 PIOc_freedecomp Enter - MemInfo: [/proc/self/status]	VmStk:	     144 kB
20220312 042933.483 INFO             PET0 PIOc_freedecomp Enter - MemInfo: [/proc/self/status]	VmExe:	     200 kB
20220312 042933.483 INFO             PET0 PIOc_freedecomp Enter - MemInfo: [/proc/self/status]	VmLib:	   59892 kB
20220312 042933.483 INFO             PET0 PIOc_freedecomp Enter - MemInfo: [/proc/self/status]	VmPTE:	     924 kB
20220312 042933.483 INFO             PET0 PIOc_freedecomp Enter - MemInfo: [/proc/self/status]	VmSwap:	       0 kB
20220312 042933.483 INFO             PET0 PIOc_freedecomp Enter - MemInfo: [/proc/self/status]	VmRSSPercent: 0.0113015 %
20220312 042933.483 INFO             PET0 PIOc_freedecomp Enter - MemInfo: [malloc] Non-mmapped space allocated:                 2961408 Byte
20220312 042933.483 INFO             PET0 PIOc_freedecomp Enter - MemInfo: [malloc] Space allocated in mmapped regions:          1581056 Byte
20220312 042933.483 INFO             PET0 PIOc_freedecomp Enter - MemInfo: [malloc] Maximum total allocated space:                     0 Byte
20220312 042933.483 INFO             PET0 PIOc_freedecomp Enter - MemInfo: [malloc] Space in freed fastbin blocks:                  1792 Byte
20220312 042933.483 INFO             PET0 PIOc_freedecomp Enter - MemInfo: [malloc] Total allocated space:                       2628672 Byte
20220312 042933.483 INFO             PET0 PIOc_freedecomp Enter - MemInfo: [malloc] Total free space:                             332736 Byte
20220312 042933.483 INFO             PET0 PIOc_freedecomp Enter - MemInfo: [malloc] Top-most, releasable space:                   115936 Byte
20220312 042933.483 INFO             PET0 PIOc_freedecomp Enter - MemInfo: [malloc] Total space in use, mmap + non-mmap:         4209728 Byte
20220312 042933.483 INFO             PET0 PIOc_freedecomp Enter - MemInfo: [malloc] Total space held (mmap + non-mmap):          4542464 Byte
20220312 042933.483 INFO             PET0 PIOc_freedecomp Enter - MemInfo: [malloc] Total space used (mmap + non-mmap):          4219072 Byte
20220312 042933.483 INFO             PET0 PIOc_freedecomp Enter - MemInfo: Wall-clock time since execution start:              0.0226856 seconds
20220312 042933.483 INFO             PET0 PIOc_freedecomp Exit - MemInfo: [/proc/meminfo - SSI]	MemTotal:       196434604 kB
20220312 042933.483 INFO             PET0 PIOc_freedecomp Exit - MemInfo: [/proc/meminfo - SSI]	MemFree:        189663080 kB
20220312 042933.483 INFO             PET0 PIOc_freedecomp Exit - MemInfo: [/proc/meminfo - SSI]	MemAvailable:   191985372 kB
20220312 042933.483 INFO             PET0 PIOc_freedecomp Exit - MemInfo: [/proc/meminfo - SSI]	Committed_AS:     646188 kB
20220312 042933.483 INFO             PET0 PIOc_freedecomp Exit - MemInfo: [/proc/meminfo - SSI]	CommittedPercent: 0.328958 %
20220312 042933.483 INFO             PET0 PIOc_freedecomp Exit - MemInfo: [/proc/self/status]	VmPeak:	  654196 kB
20220312 042933.483 INFO             PET0 PIOc_freedecomp Exit - MemInfo: [/proc/self/status]	VmSize:	  645484 kB
20220312 042933.483 INFO             PET0 PIOc_freedecomp Exit - MemInfo: [/proc/self/status]	VmLck:	       0 kB
20220312 042933.483 INFO             PET0 PIOc_freedecomp Exit - MemInfo: [/proc/self/status]	VmPin:	       0 kB
20220312 042933.483 INFO             PET0 PIOc_freedecomp Exit - MemInfo: [/proc/self/status]	VmHWM:	   64072 kB
20220312 042933.483 INFO             PET0 PIOc_freedecomp Exit - MemInfo: [/proc/self/status]	VmRSS:	   22200 kB
20220312 042933.483 INFO             PET0 PIOc_freedecomp Exit - MemInfo: [/proc/self/status]	VmData:	  186384 kB
20220312 042933.483 INFO             PET0 PIOc_freedecomp Exit - MemInfo: [/proc/self/status]	VmStk:	     144 kB
20220312 042933.483 INFO             PET0 PIOc_freedecomp Exit - MemInfo: [/proc/self/status]	VmExe:	     200 kB
20220312 042933.483 INFO             PET0 PIOc_freedecomp Exit - MemInfo: [/proc/self/status]	VmLib:	   59892 kB
20220312 042933.483 INFO             PET0 PIOc_freedecomp Exit - MemInfo: [/proc/self/status]	VmPTE:	     924 kB
20220312 042933.483 INFO             PET0 PIOc_freedecomp Exit - MemInfo: [/proc/self/status]	VmSwap:	       0 kB
20220312 042933.483 INFO             PET0 PIOc_freedecomp Exit - MemInfo: [/proc/self/status]	VmRSSPercent: 0.0113015 %
20220312 042933.483 INFO             PET0 PIOc_freedecomp Exit - MemInfo: [malloc] Non-mmapped space allocated:                 2961408 Byte
20220312 042933.483 INFO             PET0 PIOc_freedecomp Exit - MemInfo: [malloc] Space allocated in mmapped regions:          1581056 Byte
20220312 042933.483 INFO             PET0 PIOc_freedecomp Exit - MemInfo: [malloc] Maximum total allocated space:                     0 Byte
20220312 042933.483 INFO             PET0 PIOc_freedecomp Exit - MemInfo: [malloc] Space in freed fastbin blocks:                  2336 Byte
20220312 042933.483 INFO             PET0 PIOc_freedecomp Exit - MemInfo: [malloc] Total allocated space:                       2623520 Byte
20220312 042933.483 INFO             PET0 PIOc_freedecomp Exit - MemInfo: [malloc] Total free space:                             337888 Byte
20220312 042933.483 INFO             PET0 PIOc_freedecomp Exit - MemInfo: [malloc] Top-most, releasable space:                   115936 Byte
20220312 042933.483 INFO             PET0 PIOc_freedecomp Exit - MemInfo: [malloc] Total space in use, mmap + non-mmap:         4204576 Byte
20220312 042933.483 INFO             PET0 PIOc_freedecomp Exit - MemInfo: [malloc] Total space held (mmap + non-mmap):          4542464 Byte
20220312 042933.483 INFO             PET0 PIOc_freedecomp Exit - MemInfo: [malloc] Total space used (mmap + non-mmap):          4213920 Byte
20220312 042933.483 INFO             PET0 PIOc_freedecomp Exit - MemInfo: Wall-clock time since execution start:              0.0230581 seconds
20220312 042933.485 INFO             PET0 PIOc_sync Enter - MemInfo: [/proc/meminfo - SSI]	MemTotal:       196434604 kB
20220312 042933.485 INFO             PET0 PIOc_sync Enter - MemInfo: [/proc/meminfo - SSI]	MemFree:        189658100 kB
20220312 042933.485 INFO             PET0 PIOc_sync Enter - MemInfo: [/proc/meminfo - SSI]	MemAvailable:   191980392 kB
20220312 042933.486 INFO             PET0 PIOc_sync Enter - MemInfo: [/proc/meminfo - SSI]	Committed_AS:     654392 kB
20220312 042933.486 INFO             PET0 PIOc_sync Enter - MemInfo: [/proc/meminfo - SSI]	CommittedPercent: 0.333135 %
20220312 042933.486 INFO             PET0 PIOc_sync Enter - MemInfo: [/proc/self/status]	VmPeak:	  654204 kB
20220312 042933.486 INFO             PET0 PIOc_sync Enter - MemInfo: [/proc/self/status]	VmSize:	  654204 kB
20220312 042933.486 INFO             PET0 PIOc_sync Enter - MemInfo: [/proc/self/status]	VmLck:	       0 kB
20220312 042933.486 INFO             PET0 PIOc_sync Enter - MemInfo: [/proc/self/status]	VmPin:	       0 kB
20220312 042933.486 INFO             PET0 PIOc_sync Enter - MemInfo: [/proc/self/status]	VmHWM:	   64072 kB
20220312 042933.486 INFO             PET0 PIOc_sync Enter - MemInfo: [/proc/self/status]	VmRSS:	   27872 kB
20220312 042933.486 INFO             PET0 PIOc_sync Enter - MemInfo: [/proc/self/status]	VmData:	  195104 kB
20220312 042933.486 INFO             PET0 PIOc_sync Enter - MemInfo: [/proc/self/status]	VmStk:	     144 kB
20220312 042933.486 INFO             PET0 PIOc_sync Enter - MemInfo: [/proc/self/status]	VmExe:	     200 kB
20220312 042933.486 INFO             PET0 PIOc_sync Enter - MemInfo: [/proc/self/status]	VmLib:	   59892 kB
20220312 042933.486 INFO             PET0 PIOc_sync Enter - MemInfo: [/proc/self/status]	VmPTE:	     936 kB
20220312 042933.486 INFO             PET0 PIOc_sync Enter - MemInfo: [/proc/self/status]	VmSwap:	       0 kB
20220312 042933.486 INFO             PET0 PIOc_sync Enter - MemInfo: [/proc/self/status]	VmRSSPercent: 0.0141889 %
20220312 042933.486 INFO             PET0 PIOc_sync Enter - MemInfo: [malloc] Non-mmapped space allocated:                11890688 Byte
20220312 042933.486 INFO             PET0 PIOc_sync Enter - MemInfo: [malloc] Space allocated in mmapped regions:          1581056 Byte
20220312 042933.486 INFO             PET0 PIOc_sync Enter - MemInfo: [malloc] Maximum total allocated space:                     0 Byte
20220312 042933.486 INFO             PET0 PIOc_sync Enter - MemInfo: [malloc] Space in freed fastbin blocks:                  1248 Byte
20220312 042933.486 INFO             PET0 PIOc_sync Enter - MemInfo: [malloc] Total allocated space:                      11552304 Byte
20220312 042933.486 INFO             PET0 PIOc_sync Enter - MemInfo: [malloc] Total free space:                             338384 Byte
20220312 042933.486 INFO             PET0 PIOc_sync Enter - MemInfo: [malloc] Top-most, releasable space:                   132288 Byte
20220312 042933.486 INFO             PET0 PIOc_sync Enter - MemInfo: [malloc] Total space in use, mmap + non-mmap:        13133360 Byte
20220312 042933.486 INFO             PET0 PIOc_sync Enter - MemInfo: [malloc] Total space held (mmap + non-mmap):         13471744 Byte
20220312 042933.486 INFO             PET0 PIOc_sync Enter - MemInfo: [malloc] Total space used (mmap + non-mmap):         13142704 Byte
20220312 042933.486 INFO             PET0 PIOc_sync Enter - MemInfo: Wall-clock time since execution start:              0.0257996 seconds
20220312 042933.486 INFO             PET0 PIOc_sync Exit - MemInfo: [/proc/meminfo - SSI]	MemTotal:       196434604 kB
20220312 042933.486 INFO             PET0 PIOc_sync Exit - MemInfo: [/proc/meminfo - SSI]	MemFree:        189658100 kB
20220312 042933.486 INFO             PET0 PIOc_sync Exit - MemInfo: [/proc/meminfo - SSI]	MemAvailable:   191980392 kB
20220312 042933.486 INFO             PET0 PIOc_sync Exit - MemInfo: [/proc/meminfo - SSI]	Committed_AS:     654392 kB
20220312 042933.486 INFO             PET0 PIOc_sync Exit - MemInfo: [/proc/meminfo - SSI]	CommittedPercent: 0.333135 %
20220312 042933.486 INFO             PET0 PIOc_sync Exit - MemInfo: [/proc/self/status]	VmPeak:	  654204 kB
20220312 042933.486 INFO             PET0 PIOc_sync Exit - MemInfo: [/proc/self/status]	VmSize:	  654204 kB
20220312 042933.486 INFO             PET0 PIOc_sync Exit - MemInfo: [/proc/self/status]	VmLck:	       0 kB
20220312 042933.486 INFO             PET0 PIOc_sync Exit - MemInfo: [/proc/self/status]	VmPin:	       0 kB
20220312 042933.486 INFO             PET0 PIOc_sync Exit - MemInfo: [/proc/self/status]	VmHWM:	   64072 kB
20220312 042933.486 INFO             PET0 PIOc_sync Exit - MemInfo: [/proc/self/status]	VmRSS:	   27888 kB
20220312 042933.486 INFO             PET0 PIOc_sync Exit - MemInfo: [/proc/self/status]	VmData:	  195104 kB
20220312 042933.486 INFO             PET0 PIOc_sync Exit - MemInfo: [/proc/self/status]	VmStk:	     144 kB
20220312 042933.486 INFO             PET0 PIOc_sync Exit - MemInfo: [/proc/self/status]	VmExe:	     200 kB
20220312 042933.486 INFO             PET0 PIOc_sync Exit - MemInfo: [/proc/self/status]	VmLib:	   59892 kB
20220312 042933.486 INFO             PET0 PIOc_sync Exit - MemInfo: [/proc/self/status]	VmPTE:	     936 kB
20220312 042933.486 INFO             PET0 PIOc_sync Exit - MemInfo: [/proc/self/status]	VmSwap:	       0 kB
20220312 042933.486 INFO             PET0 PIOc_sync Exit - MemInfo: [/proc/self/status]	VmRSSPercent: 0.0141971 %
20220312 042933.486 INFO             PET0 PIOc_sync Exit - MemInfo: [malloc] Non-mmapped space allocated:                11890688 Byte
20220312 042933.486 INFO             PET0 PIOc_sync Exit - MemInfo: [malloc] Space allocated in mmapped regions:          1581056 Byte
20220312 042933.486 INFO             PET0 PIOc_sync Exit - MemInfo: [malloc] Maximum total allocated space:                     0 Byte
20220312 042933.486 INFO             PET0 PIOc_sync Exit - MemInfo: [malloc] Space in freed fastbin blocks:                   736 Byte
20220312 042933.486 INFO             PET0 PIOc_sync Exit - MemInfo: [malloc] Total allocated space:                      11555152 Byte
20220312 042933.486 INFO             PET0 PIOc_sync Exit - MemInfo: [malloc] Total free space:                             335536 Byte
20220312 042933.486 INFO             PET0 PIOc_sync Exit - MemInfo: [malloc] Top-most, releasable space:                   132112 Byte
20220312 042933.486 INFO             PET0 PIOc_sync Exit - MemInfo: [malloc] Total space in use, mmap + non-mmap:        13136208 Byte
20220312 042933.486 INFO             PET0 PIOc_sync Exit - MemInfo: [malloc] Total space held (mmap + non-mmap):         13471744 Byte
20220312 042933.486 INFO             PET0 PIOc_sync Exit - MemInfo: [malloc] Total space used (mmap + non-mmap):         13145552 Byte
20220312 042933.486 INFO             PET0 PIOc_sync Exit - MemInfo: Wall-clock time since execution start:              0.0263683 seconds
20220312 042933.487 INFO             PET0 PIOc_freedecomp Enter - MemInfo: [/proc/meminfo - SSI]	MemTotal:       196434604 kB
20220312 042933.487 INFO             PET0 PIOc_freedecomp Enter - MemInfo: [/proc/meminfo - SSI]	MemFree:        189658100 kB
20220312 042933.487 INFO             PET0 PIOc_freedecomp Enter - MemInfo: [/proc/meminfo - SSI]	MemAvailable:   191980392 kB
20220312 042933.487 INFO             PET0 PIOc_freedecomp Enter - MemInfo: [/proc/meminfo - SSI]	Committed_AS:     654392 kB
20220312 042933.487 INFO             PET0 PIOc_freedecomp Enter - MemInfo: [/proc/meminfo - SSI]	CommittedPercent: 0.333135 %
20220312 042933.487 INFO             PET0 PIOc_freedecomp Enter - MemInfo: [/proc/self/status]	VmPeak:	  654204 kB
20220312 042933.487 INFO             PET0 PIOc_freedecomp Enter - MemInfo: [/proc/self/status]	VmSize:	  654204 kB
20220312 042933.487 INFO             PET0 PIOc_freedecomp Enter - MemInfo: [/proc/self/status]	VmLck:	       0 kB
20220312 042933.487 INFO             PET0 PIOc_freedecomp Enter - MemInfo: [/proc/self/status]	VmPin:	       0 kB
20220312 042933.487 INFO             PET0 PIOc_freedecomp Enter - MemInfo: [/proc/self/status]	VmHWM:	   64072 kB
20220312 042933.487 INFO             PET0 PIOc_freedecomp Enter - MemInfo: [/proc/self/status]	VmRSS:	   27888 kB
20220312 042933.487 INFO             PET0 PIOc_freedecomp Enter - MemInfo: [/proc/self/status]	VmData:	  195104 kB
20220312 042933.487 INFO             PET0 PIOc_freedecomp Enter - MemInfo: [/proc/self/status]	VmStk:	     144 kB
20220312 042933.487 INFO             PET0 PIOc_freedecomp Enter - MemInfo: [/proc/self/status]	VmExe:	     200 kB
20220312 042933.487 INFO             PET0 PIOc_freedecomp Enter - MemInfo: [/proc/self/status]	VmLib:	   59892 kB
20220312 042933.487 INFO             PET0 PIOc_freedecomp Enter - MemInfo: [/proc/self/status]	VmPTE:	     936 kB
20220312 042933.487 INFO             PET0 PIOc_freedecomp Enter - MemInfo: [/proc/self/status]	VmSwap:	       0 kB
20220312 042933.487 INFO             PET0 PIOc_freedecomp Enter - MemInfo: [/proc/self/status]	VmRSSPercent: 0.0141971 %
20220312 042933.487 INFO             PET0 PIOc_freedecomp Enter - MemInfo: [malloc] Non-mmapped space allocated:                11890688 Byte
20220312 042933.487 INFO             PET0 PIOc_freedecomp Enter - MemInfo: [malloc] Space allocated in mmapped regions:          1581056 Byte
20220312 042933.487 INFO             PET0 PIOc_freedecomp Enter - MemInfo: [malloc] Maximum total allocated space:                     0 Byte
20220312 042933.487 INFO             PET0 PIOc_freedecomp Enter - MemInfo: [malloc] Space in freed fastbin blocks:                  1248 Byte
20220312 042933.487 INFO             PET0 PIOc_freedecomp Enter - MemInfo: [malloc] Total allocated space:                       2628672 Byte
20220312 042933.487 INFO             PET0 PIOc_freedecomp Enter - MemInfo: [malloc] Total free space:                            9262016 Byte
20220312 042933.487 INFO             PET0 PIOc_freedecomp Enter - MemInfo: [malloc] Top-most, releasable space:                   132112 Byte
20220312 042933.487 INFO             PET0 PIOc_freedecomp Enter - MemInfo: [malloc] Total space in use, mmap + non-mmap:         4209728 Byte
20220312 042933.487 INFO             PET0 PIOc_freedecomp Enter - MemInfo: [malloc] Total space held (mmap + non-mmap):         13471744 Byte
20220312 042933.487 INFO             PET0 PIOc_freedecomp Enter - MemInfo: [malloc] Total space used (mmap + non-mmap):          4219072 Byte
20220312 042933.487 INFO             PET0 PIOc_freedecomp Enter - MemInfo: Wall-clock time since execution start:               0.026952 seconds
20220312 042933.487 INFO             PET0 PIOc_freedecomp Exit - MemInfo: [/proc/meminfo - SSI]	MemTotal:       196434604 kB
20220312 042933.487 INFO             PET0 PIOc_freedecomp Exit - MemInfo: [/proc/meminfo - SSI]	MemFree:        189658100 kB
20220312 042933.487 INFO             PET0 PIOc_freedecomp Exit - MemInfo: [/proc/meminfo - SSI]	MemAvailable:   191980392 kB
20220312 042933.487 INFO             PET0 PIOc_freedecomp Exit - MemInfo: [/proc/meminfo - SSI]	Committed_AS:     654392 kB
20220312 042933.487 INFO             PET0 PIOc_freedecomp Exit - MemInfo: [/proc/meminfo - SSI]	CommittedPercent: 0.333135 %
20220312 042933.487 INFO             PET0 PIOc_freedecomp Exit - MemInfo: [/proc/self/status]	VmPeak:	  654204 kB
20220312 042933.487 INFO             PET0 PIOc_freedecomp Exit - MemInfo: [/proc/self/status]	VmSize:	  654204 kB
20220312 042933.487 INFO             PET0 PIOc_freedecomp Exit - MemInfo: [/proc/self/status]	VmLck:	       0 kB
20220312 042933.487 INFO             PET0 PIOc_freedecomp Exit - MemInfo: [/proc/self/status]	VmPin:	       0 kB
20220312 042933.487 INFO             PET0 PIOc_freedecomp Exit - MemInfo: [/proc/self/status]	VmHWM:	   64072 kB
20220312 042933.487 INFO             PET0 PIOc_freedecomp Exit - MemInfo: [/proc/self/status]	VmRSS:	   27888 kB
20220312 042933.487 INFO             PET0 PIOc_freedecomp Exit - MemInfo: [/proc/self/status]	VmData:	  195104 kB
20220312 042933.487 INFO             PET0 PIOc_freedecomp Exit - MemInfo: [/proc/self/status]	VmStk:	     144 kB
20220312 042933.487 INFO             PET0 PIOc_freedecomp Exit - MemInfo: [/proc/self/status]	VmExe:	     200 kB
20220312 042933.487 INFO             PET0 PIOc_freedecomp Exit - MemInfo: [/proc/self/status]	VmLib:	   59892 kB
20220312 042933.487 INFO             PET0 PIOc_freedecomp Exit - MemInfo: [/proc/self/status]	VmPTE:	     936 kB
20220312 042933.487 INFO             PET0 PIOc_freedecomp Exit - MemInfo: [/proc/self/status]	VmSwap:	       0 kB
20220312 042933.487 INFO             PET0 PIOc_freedecomp Exit - MemInfo: [/proc/self/status]	VmRSSPercent: 0.0141971 %
20220312 042933.487 INFO             PET0 PIOc_freedecomp Exit - MemInfo: [malloc] Non-mmapped space allocated:                11890688 Byte
20220312 042933.487 INFO             PET0 PIOc_freedecomp Exit - MemInfo: [malloc] Space allocated in mmapped regions:          1581056 Byte
20220312 042933.487 INFO             PET0 PIOc_freedecomp Exit - MemInfo: [malloc] Maximum total allocated space:                     0 Byte
20220312 042933.487 INFO             PET0 PIOc_freedecomp Exit - MemInfo: [malloc] Space in freed fastbin blocks:                  2480 Byte
20220312 042933.487 INFO             PET0 PIOc_freedecomp Exit - MemInfo: [malloc] Total allocated space:                       2623504 Byte
20220312 042933.487 INFO             PET0 PIOc_freedecomp Exit - MemInfo: [malloc] Total free space:                            9267184 Byte
20220312 042933.487 INFO             PET0 PIOc_freedecomp Exit - MemInfo: [malloc] Top-most, releasable space:                   132112 Byte
20220312 042933.487 INFO             PET0 PIOc_freedecomp Exit - MemInfo: [malloc] Total space in use, mmap + non-mmap:         4204560 Byte
20220312 042933.487 INFO             PET0 PIOc_freedecomp Exit - MemInfo: [malloc] Total space held (mmap + non-mmap):         13471744 Byte
20220312 042933.487 INFO             PET0 PIOc_freedecomp Exit - MemInfo: [malloc] Total space used (mmap + non-mmap):          4213904 Byte
20220312 042933.487 INFO             PET0 PIOc_freedecomp Exit - MemInfo: Wall-clock time since execution start:              0.0273283 seconds
20220312 042933.489 INFO             PET0 PIOc_sync Enter - MemInfo: [/proc/meminfo - SSI]	MemTotal:       196434604 kB
20220312 042933.489 INFO             PET0 PIOc_sync Enter - MemInfo: [/proc/meminfo - SSI]	MemFree:        189657588 kB
20220312 042933.489 INFO             PET0 PIOc_sync Enter - MemInfo: [/proc/meminfo - SSI]	MemAvailable:   191979880 kB
20220312 042933.489 INFO             PET0 PIOc_sync Enter - MemInfo: [/proc/meminfo - SSI]	Committed_AS:     654392 kB
20220312 042933.489 INFO             PET0 PIOc_sync Enter - MemInfo: [/proc/meminfo - SSI]	CommittedPercent: 0.333135 %
20220312 042933.489 INFO             PET0 PIOc_sync Enter - MemInfo: [/proc/self/status]	VmPeak:	  654208 kB
20220312 042933.489 INFO             PET0 PIOc_sync Enter - MemInfo: [/proc/self/status]	VmSize:	  654204 kB
20220312 042933.489 INFO             PET0 PIOc_sync Enter - MemInfo: [/proc/self/status]	VmLck:	       0 kB
20220312 042933.489 INFO             PET0 PIOc_sync Enter - MemInfo: [/proc/self/status]	VmPin:	       0 kB
20220312 042933.489 INFO             PET0 PIOc_sync Enter - MemInfo: [/proc/self/status]	VmHWM:	   64072 kB
20220312 042933.489 INFO             PET0 PIOc_sync Enter - MemInfo: [/proc/self/status]	VmRSS:	   28284 kB
20220312 042933.489 INFO             PET0 PIOc_sync Enter - MemInfo: [/proc/self/status]	VmData:	  195104 kB
20220312 042933.489 INFO             PET0 PIOc_sync Enter - MemInfo: [/proc/self/status]	VmStk:	     144 kB
20220312 042933.489 INFO             PET0 PIOc_sync Enter - MemInfo: [/proc/self/status]	VmExe:	     200 kB
20220312 042933.489 INFO             PET0 PIOc_sync Enter - MemInfo: [/proc/self/status]	VmLib:	   59892 kB
20220312 042933.489 INFO             PET0 PIOc_sync Enter - MemInfo: [/proc/self/status]	VmPTE:	     936 kB
20220312 042933.489 INFO             PET0 PIOc_sync Enter - MemInfo: [/proc/self/status]	VmSwap:	       0 kB
20220312 042933.489 INFO             PET0 PIOc_sync Enter - MemInfo: [/proc/self/status]	VmRSSPercent: 0.0143987 %
20220312 042933.489 INFO             PET0 PIOc_sync Enter - MemInfo: [malloc] Non-mmapped space allocated:                11890688 Byte
20220312 042933.489 INFO             PET0 PIOc_sync Enter - MemInfo: [malloc] Space allocated in mmapped regions:          1581056 Byte
20220312 042933.489 INFO             PET0 PIOc_sync Enter - MemInfo: [malloc] Maximum total allocated space:                     0 Byte
20220312 042933.489 INFO             PET0 PIOc_sync Enter - MemInfo: [malloc] Space in freed fastbin blocks:                  1488 Byte
20220312 042933.489 INFO             PET0 PIOc_sync Enter - MemInfo: [malloc] Total allocated space:                      11552720 Byte
20220312 042933.489 INFO             PET0 PIOc_sync Enter - MemInfo: [malloc] Total free space:                             337968 Byte
20220312 042933.489 INFO             PET0 PIOc_sync Enter - MemInfo: [malloc] Top-most, releasable space:                   132288 Byte
20220312 042933.489 INFO             PET0 PIOc_sync Enter - MemInfo: [malloc] Total space in use, mmap + non-mmap:        13133776 Byte
20220312 042933.489 INFO             PET0 PIOc_sync Enter - MemInfo: [malloc] Total space held (mmap + non-mmap):         13471744 Byte
20220312 042933.489 INFO             PET0 PIOc_sync Enter - MemInfo: [malloc] Total space used (mmap + non-mmap):         13143120 Byte
20220312 042933.489 INFO             PET0 PIOc_sync Enter - MemInfo: Wall-clock time since execution start:              0.0294002 seconds
20220312 042933.490 INFO             PET0 PIOc_sync Exit - MemInfo: [/proc/meminfo - SSI]	MemTotal:       196434604 kB
20220312 042933.490 INFO             PET0 PIOc_sync Exit - MemInfo: [/proc/meminfo - SSI]	MemFree:        189657588 kB
20220312 042933.490 INFO             PET0 PIOc_sync Exit - MemInfo: [/proc/meminfo - SSI]	MemAvailable:   191979880 kB
20220312 042933.490 INFO             PET0 PIOc_sync Exit - MemInfo: [/proc/meminfo - SSI]	Committed_AS:     654392 kB
20220312 042933.490 INFO             PET0 PIOc_sync Exit - MemInfo: [/proc/meminfo - SSI]	CommittedPercent: 0.333135 %
20220312 042933.490 INFO             PET0 PIOc_sync Exit - MemInfo: [/proc/self/status]	VmPeak:	  654208 kB
20220312 042933.490 INFO             PET0 PIOc_sync Exit - MemInfo: [/proc/self/status]	VmSize:	  654204 kB
20220312 042933.490 INFO             PET0 PIOc_sync Exit - MemInfo: [/proc/self/status]	VmLck:	       0 kB
20220312 042933.490 INFO             PET0 PIOc_sync Exit - MemInfo: [/proc/self/status]	VmPin:	       0 kB
20220312 042933.490 INFO             PET0 PIOc_sync Exit - MemInfo: [/proc/self/status]	VmHWM:	   64072 kB
20220312 042933.490 INFO             PET0 PIOc_sync Exit - MemInfo: [/proc/self/status]	VmRSS:	   28284 kB
20220312 042933.490 INFO             PET0 PIOc_sync Exit - MemInfo: [/proc/self/status]	VmData:	  195104 kB
20220312 042933.490 INFO             PET0 PIOc_sync Exit - MemInfo: [/proc/self/status]	VmStk:	     144 kB
20220312 042933.490 INFO             PET0 PIOc_sync Exit - MemInfo: [/proc/self/status]	VmExe:	     200 kB
20220312 042933.490 INFO             PET0 PIOc_sync Exit - MemInfo: [/proc/self/status]	VmLib:	   59892 kB
20220312 042933.490 INFO             PET0 PIOc_sync Exit - MemInfo: [/proc/self/status]	VmPTE:	     936 kB
20220312 042933.490 INFO             PET0 PIOc_sync Exit - MemInfo: [/proc/self/status]	VmSwap:	       0 kB
20220312 042933.490 INFO             PET0 PIOc_sync Exit - MemInfo: [/proc/self/status]	VmRSSPercent: 0.0143987 %
20220312 042933.490 INFO             PET0 PIOc_sync Exit - MemInfo: [malloc] Non-mmapped space allocated:                11890688 Byte
20220312 042933.490 INFO             PET0 PIOc_sync Exit - MemInfo: [malloc] Space allocated in mmapped regions:          1581056 Byte
20220312 042933.490 INFO             PET0 PIOc_sync Exit - MemInfo: [malloc] Maximum total allocated space:                     0 Byte
20220312 042933.490 INFO             PET0 PIOc_sync Exit - MemInfo: [malloc] Space in freed fastbin blocks:                   704 Byte
20220312 042933.490 INFO             PET0 PIOc_sync Exit - MemInfo: [malloc] Total allocated space:                      11555536 Byte
20220312 042933.490 INFO             PET0 PIOc_sync Exit - MemInfo: [malloc] Total free space:                             335152 Byte
20220312 042933.490 INFO             PET0 PIOc_sync Exit - MemInfo: [malloc] Top-most, releasable space:                   132112 Byte
20220312 042933.490 INFO             PET0 PIOc_sync Exit - MemInfo: [malloc] Total space in use, mmap + non-mmap:        13136592 Byte
20220312 042933.490 INFO             PET0 PIOc_sync Exit - MemInfo: [malloc] Total space held (mmap + non-mmap):         13471744 Byte
20220312 042933.490 INFO             PET0 PIOc_sync Exit - MemInfo: [malloc] Total space used (mmap + non-mmap):         13145936 Byte
20220312 042933.490 INFO             PET0 PIOc_sync Exit - MemInfo: Wall-clock time since execution start:              0.0298952 seconds
20220312 042933.490 INFO             PET0 PIOc_freedecomp Enter - MemInfo: [/proc/meminfo - SSI]	MemTotal:       196434604 kB
20220312 042933.490 INFO             PET0 PIOc_freedecomp Enter - MemInfo: [/proc/meminfo - SSI]	MemFree:        189657588 kB
20220312 042933.490 INFO             PET0 PIOc_freedecomp Enter - MemInfo: [/proc/meminfo - SSI]	MemAvailable:   191979880 kB
20220312 042933.490 INFO             PET0 PIOc_freedecomp Enter - MemInfo: [/proc/meminfo - SSI]	Committed_AS:     654392 kB
20220312 042933.490 INFO             PET0 PIOc_freedecomp Enter - MemInfo: [/proc/meminfo - SSI]	CommittedPercent: 0.333135 %
20220312 042933.490 INFO             PET0 PIOc_freedecomp Enter - MemInfo: [/proc/self/status]	VmPeak:	  654208 kB
20220312 042933.490 INFO             PET0 PIOc_freedecomp Enter - MemInfo: [/proc/self/status]	VmSize:	  654204 kB
20220312 042933.490 INFO             PET0 PIOc_freedecomp Enter - MemInfo: [/proc/self/status]	VmLck:	       0 kB
20220312 042933.490 INFO             PET0 PIOc_freedecomp Enter - MemInfo: [/proc/self/status]	VmPin:	       0 kB
20220312 042933.490 INFO             PET0 PIOc_freedecomp Enter - MemInfo: [/proc/self/status]	VmHWM:	   64072 kB
20220312 042933.490 INFO             PET0 PIOc_freedecomp Enter - MemInfo: [/proc/self/status]	VmRSS:	   28284 kB
20220312 042933.490 INFO             PET0 PIOc_freedecomp Enter - MemInfo: [/proc/self/status]	VmData:	  195104 kB
20220312 042933.490 INFO             PET0 PIOc_freedecomp Enter - MemInfo: [/proc/self/status]	VmStk:	     144 kB
20220312 042933.490 INFO             PET0 PIOc_freedecomp Enter - MemInfo: [/proc/self/status]	VmExe:	     200 kB
20220312 042933.490 INFO             PET0 PIOc_freedecomp Enter - MemInfo: [/proc/self/status]	VmLib:	   59892 kB
20220312 042933.490 INFO             PET0 PIOc_freedecomp Enter - MemInfo: [/proc/self/status]	VmPTE:	     936 kB
20220312 042933.490 INFO             PET0 PIOc_freedecomp Enter - MemInfo: [/proc/self/status]	VmSwap:	       0 kB
20220312 042933.490 INFO             PET0 PIOc_freedecomp Enter - MemInfo: [/proc/self/status]	VmRSSPercent: 0.0143987 %
20220312 042933.490 INFO             PET0 PIOc_freedecomp Enter - MemInfo: [malloc] Non-mmapped space allocated:                11890688 Byte
20220312 042933.490 INFO             PET0 PIOc_freedecomp Enter - MemInfo: [malloc] Space allocated in mmapped regions:          1581056 Byte
20220312 042933.490 INFO             PET0 PIOc_freedecomp Enter - MemInfo: [malloc] Maximum total allocated space:                     0 Byte
20220312 042933.490 INFO             PET0 PIOc_freedecomp Enter - MemInfo: [malloc] Space in freed fastbin blocks:                   912 Byte
20220312 042933.490 INFO             PET0 PIOc_freedecomp Enter - MemInfo: [malloc] Total allocated space:                       2628672 Byte
20220312 042933.490 INFO             PET0 PIOc_freedecomp Enter - MemInfo: [malloc] Total free space:                            9262016 Byte
20220312 042933.490 INFO             PET0 PIOc_freedecomp Enter - MemInfo: [malloc] Top-most, releasable space:                   132112 Byte
20220312 042933.490 INFO             PET0 PIOc_freedecomp Enter - MemInfo: [malloc] Total space in use, mmap + non-mmap:         4209728 Byte
20220312 042933.490 INFO             PET0 PIOc_freedecomp Enter - MemInfo: [malloc] Total space held (mmap + non-mmap):         13471744 Byte
20220312 042933.490 INFO             PET0 PIOc_freedecomp Enter - MemInfo: [malloc] Total space used (mmap + non-mmap):          4219072 Byte
20220312 042933.491 INFO             PET0 PIOc_freedecomp Enter - MemInfo: Wall-clock time since execution start:              0.0305422 seconds
20220312 042933.491 INFO             PET0 PIOc_freedecomp Exit - MemInfo: [/proc/meminfo - SSI]	MemTotal:       196434604 kB
20220312 042933.491 INFO             PET0 PIOc_freedecomp Exit - MemInfo: [/proc/meminfo - SSI]	MemFree:        189657588 kB
20220312 042933.491 INFO             PET0 PIOc_freedecomp Exit - MemInfo: [/proc/meminfo - SSI]	MemAvailable:   191979880 kB
20220312 042933.491 INFO             PET0 PIOc_freedecomp Exit - MemInfo: [/proc/meminfo - SSI]	Committed_AS:     654392 kB
20220312 042933.491 INFO             PET0 PIOc_freedecomp Exit - MemInfo: [/proc/meminfo - SSI]	CommittedPercent: 0.333135 %
20220312 042933.491 INFO             PET0 PIOc_freedecomp Exit - MemInfo: [/proc/self/status]	VmPeak:	  654208 kB
20220312 042933.491 INFO             PET0 PIOc_freedecomp Exit - MemInfo: [/proc/self/status]	VmSize:	  654204 kB
20220312 042933.491 INFO             PET0 PIOc_freedecomp Exit - MemInfo: [/proc/self/status]	VmLck:	       0 kB
20220312 042933.491 INFO             PET0 PIOc_freedecomp Exit - MemInfo: [/proc/self/status]	VmPin:	       0 kB
20220312 042933.491 INFO             PET0 PIOc_freedecomp Exit - MemInfo: [/proc/self/status]	VmHWM:	   64072 kB
20220312 042933.491 INFO             PET0 PIOc_freedecomp Exit - MemInfo: [/proc/self/status]	VmRSS:	   28284 kB
20220312 042933.491 INFO             PET0 PIOc_freedecomp Exit - MemInfo: [/proc/self/status]	VmData:	  195104 kB
20220312 042933.491 INFO             PET0 PIOc_freedecomp Exit - MemInfo: [/proc/self/status]	VmStk:	     144 kB
20220312 042933.491 INFO             PET0 PIOc_freedecomp Exit - MemInfo: [/proc/self/status]	VmExe:	     200 kB
20220312 042933.491 INFO             PET0 PIOc_freedecomp Exit - MemInfo: [/proc/self/status]	VmLib:	   59892 kB
20220312 042933.491 INFO             PET0 PIOc_freedecomp Exit - MemInfo: [/proc/self/status]	VmPTE:	     936 kB
20220312 042933.491 INFO             PET0 PIOc_freedecomp Exit - MemInfo: [/proc/self/status]	VmSwap:	       0 kB
20220312 042933.491 INFO             PET0 PIOc_freedecomp Exit - MemInfo: [/proc/self/status]	VmRSSPercent: 0.0143987 %
20220312 042933.491 INFO             PET0 PIOc_freedecomp Exit - MemInfo: [malloc] Non-mmapped space allocated:                11890688 Byte
20220312 042933.491 INFO             PET0 PIOc_freedecomp Exit - MemInfo: [malloc] Space allocated in mmapped regions:          1581056 Byte
20220312 042933.491 INFO             PET0 PIOc_freedecomp Exit - MemInfo: [malloc] Maximum total allocated space:                     0 Byte
20220312 042933.491 INFO             PET0 PIOc_freedecomp Exit - MemInfo: [malloc] Space in freed fastbin blocks:                  2592 Byte
20220312 042933.491 INFO             PET0 PIOc_freedecomp Exit - MemInfo: [malloc] Total allocated space:                       2623536 Byte
20220312 042933.491 INFO             PET0 PIOc_freedecomp Exit - MemInfo: [malloc] Total free space:                            9267152 Byte
20220312 042933.491 INFO             PET0 PIOc_freedecomp Exit - MemInfo: [malloc] Top-most, releasable space:                   132112 Byte
20220312 042933.491 INFO             PET0 PIOc_freedecomp Exit - MemInfo: [malloc] Total space in use, mmap + non-mmap:         4204592 Byte
20220312 042933.491 INFO             PET0 PIOc_freedecomp Exit - MemInfo: [malloc] Total space held (mmap + non-mmap):         13471744 Byte
20220312 042933.491 INFO             PET0 PIOc_freedecomp Exit - MemInfo: [malloc] Total space used (mmap + non-mmap):          4213936 Byte
20220312 042933.491 INFO             PET0 PIOc_freedecomp Exit - MemInfo: Wall-clock time since execution start:               0.030912 seconds
20220312 042933.491 INFO             PET0  PASS  ESMF_OutputWeightFile, ESMF_IOUTest.F90, line 81
20220312 042933.494 INFO             PET0  PASS  call ESMF_OutputWeightFile with empty factor list on four PETs, ESMF_IOUTest.F90, line 191
20220312 042933.494 INFO             PET0  Ending Test, file ESMF_IOUTest.F90, line 201
20220312 042933.494 INFO             PET0 Finalizing ESMF
20220312 042933.463 INFO             PET1 !!!!!!!!!!!!!!!!!!!!!!!!!!!!!!!!!!!!!!!!!!!!!!!!!!!!!!
20220312 042933.463 INFO             PET1 !!! THE ESMF_LOG IS SET TO OUTPUT ALL LOG MESSAGES !!!
20220312 042933.463 INFO             PET1 !!!     THIS MAY CAUSE SLOWDOWN IN PERFORMANCE     !!!
20220312 042933.463 INFO             PET1 !!! FOR PRODUCTION RUNS, USE:                      !!!
20220312 042933.463 INFO             PET1 !!!                   ESMF_LOGKIND_Multi_On_Error  !!!
20220312 042933.463 INFO             PET1 !!!!!!!!!!!!!!!!!!!!!!!!!!!!!!!!!!!!!!!!!!!!!!!!!!!!!!
20220312 042933.463 INFO             PET1 Running with ESMF Version   : v8.3.0b09-96-g559b459
20220312 042933.463 INFO             PET1 ESMF library build date/time: "Mar 12 2022" "04:10:25"
20220312 042933.463 INFO             PET1 ESMF library build location : /work/noaa/da/mpotts/sandbox/gfortran_8.3.0_openmpi_O_jedwards_pio_update2
20220312 042933.463 INFO             PET1 ESMF_COMM                   : openmpi
20220312 042933.464 INFO             PET1 ESMF_MOAB                   : enabled
20220312 042933.464 INFO             PET1 ESMF_LAPACK                 : enabled
20220312 042933.464 INFO             PET1 ESMF_NETCDF                 : enabled
20220312 042933.464 INFO             PET1 ESMF_PNETCDF                : disabled
20220312 042933.464 INFO             PET1 ESMF_PIO                    : enabled
20220312 042933.464 INFO             PET1 ESMF_YAMLCPP                : enabled
20220312 042933.473 INFO             PET1  Beginning Test, file ESMF_IOUTest.F90, line 57
20220312 042933.473 INFO             PET1  NUMBER_OF_PROCESSORS           4
20220312 042933.473 INFO             PET1 Starting Test:  ESMF_OutputWeightFile
20220312 042933.480 INFO             PET1 PIOc_sync Enter - MemInfo: [/proc/meminfo - SSI]	MemTotal:       196434604 kB
20220312 042933.480 INFO             PET1 PIOc_sync Enter - MemInfo: [/proc/meminfo - SSI]	MemFree:        189656176 kB
20220312 042933.480 INFO             PET1 PIOc_sync Enter - MemInfo: [/proc/meminfo - SSI]	MemAvailable:   191978468 kB
20220312 042933.480 INFO             PET1 PIOc_sync Enter - MemInfo: [/proc/meminfo - SSI]	Committed_AS:     654384 kB
20220312 042933.480 INFO             PET1 PIOc_sync Enter - MemInfo: [/proc/meminfo - SSI]	CommittedPercent: 0.333131 %
20220312 042933.480 INFO             PET1 PIOc_sync Enter - MemInfo: [/proc/self/status]	VmPeak:	  645484 kB
20220312 042933.480 INFO             PET1 PIOc_sync Enter - MemInfo: [/proc/self/status]	VmSize:	  645484 kB
20220312 042933.480 INFO             PET1 PIOc_sync Enter - MemInfo: [/proc/self/status]	VmLck:	       0 kB
20220312 042933.480 INFO             PET1 PIOc_sync Enter - MemInfo: [/proc/self/status]	VmPin:	       0 kB
20220312 042933.480 INFO             PET1 PIOc_sync Enter - MemInfo: [/proc/self/status]	VmHWM:	   66120 kB
20220312 042933.480 INFO             PET1 PIOc_sync Enter - MemInfo: [/proc/self/status]	VmRSS:	   22832 kB
20220312 042933.480 INFO             PET1 PIOc_sync Enter - MemInfo: [/proc/self/status]	VmData:	  186384 kB
20220312 042933.480 INFO             PET1 PIOc_sync Enter - MemInfo: [/proc/self/status]	VmStk:	     144 kB
20220312 042933.480 INFO             PET1 PIOc_sync Enter - MemInfo: [/proc/self/status]	VmExe:	     200 kB
20220312 042933.480 INFO             PET1 PIOc_sync Enter - MemInfo: [/proc/self/status]	VmLib:	   59892 kB
20220312 042933.480 INFO             PET1 PIOc_sync Enter - MemInfo: [/proc/self/status]	VmPTE:	     912 kB
20220312 042933.480 INFO             PET1 PIOc_sync Enter - MemInfo: [/proc/self/status]	VmSwap:	       0 kB
20220312 042933.481 INFO             PET1 PIOc_sync Enter - MemInfo: [/proc/self/status]	VmRSSPercent: 0.0116232 %
20220312 042933.481 INFO             PET1 PIOc_sync Enter - MemInfo: [malloc] Non-mmapped space allocated:                 2961408 Byte
20220312 042933.481 INFO             PET1 PIOc_sync Enter - MemInfo: [malloc] Space allocated in mmapped regions:          1581056 Byte
20220312 042933.481 INFO             PET1 PIOc_sync Enter - MemInfo: [malloc] Maximum total allocated space:                     0 Byte
20220312 042933.481 INFO             PET1 PIOc_sync Enter - MemInfo: [malloc] Space in freed fastbin blocks:                  1072 Byte
20220312 042933.481 INFO             PET1 PIOc_sync Enter - MemInfo: [malloc] Total allocated space:                       2362960 Byte
20220312 042933.481 INFO             PET1 PIOc_sync Enter - MemInfo: [malloc] Total free space:                             598448 Byte
20220312 042933.481 INFO             PET1 PIOc_sync Enter - MemInfo: [malloc] Top-most, releasable space:                    36448 Byte
20220312 042933.481 INFO             PET1 PIOc_sync Enter - MemInfo: [malloc] Total space in use, mmap + non-mmap:         3944016 Byte
20220312 042933.481 INFO             PET1 PIOc_sync Enter - MemInfo: [malloc] Total space held (mmap + non-mmap):          4542464 Byte
20220312 042933.481 INFO             PET1 PIOc_sync Enter - MemInfo: [malloc] Total space used (mmap + non-mmap):          3953360 Byte
20220312 042933.481 INFO             PET1 PIOc_sync Enter - MemInfo: Wall-clock time since execution start:              0.0206394 seconds
20220312 042933.481 INFO             PET1 PIOc_sync Exit - MemInfo: [/proc/meminfo - SSI]	MemTotal:       196434604 kB
20220312 042933.481 INFO             PET1 PIOc_sync Exit - MemInfo: [/proc/meminfo - SSI]	MemFree:        189656176 kB
20220312 042933.481 INFO             PET1 PIOc_sync Exit - MemInfo: [/proc/meminfo - SSI]	MemAvailable:   191978468 kB
20220312 042933.481 INFO             PET1 PIOc_sync Exit - MemInfo: [/proc/meminfo - SSI]	Committed_AS:     654384 kB
20220312 042933.481 INFO             PET1 PIOc_sync Exit - MemInfo: [/proc/meminfo - SSI]	CommittedPercent: 0.333131 %
20220312 042933.481 INFO             PET1 PIOc_sync Exit - MemInfo: [/proc/self/status]	VmPeak:	  645484 kB
20220312 042933.481 INFO             PET1 PIOc_sync Exit - MemInfo: [/proc/self/status]	VmSize:	  645484 kB
20220312 042933.481 INFO             PET1 PIOc_sync Exit - MemInfo: [/proc/self/status]	VmLck:	       0 kB
20220312 042933.481 INFO             PET1 PIOc_sync Exit - MemInfo: [/proc/self/status]	VmPin:	       0 kB
20220312 042933.481 INFO             PET1 PIOc_sync Exit - MemInfo: [/proc/self/status]	VmHWM:	   66120 kB
20220312 042933.481 INFO             PET1 PIOc_sync Exit - MemInfo: [/proc/self/status]	VmRSS:	   22924 kB
20220312 042933.481 INFO             PET1 PIOc_sync Exit - MemInfo: [/proc/self/status]	VmData:	  186384 kB
20220312 042933.481 INFO             PET1 PIOc_sync Exit - MemInfo: [/proc/self/status]	VmStk:	     144 kB
20220312 042933.481 INFO             PET1 PIOc_sync Exit - MemInfo: [/proc/self/status]	VmExe:	     200 kB
20220312 042933.481 INFO             PET1 PIOc_sync Exit - MemInfo: [/proc/self/status]	VmLib:	   59892 kB
20220312 042933.481 INFO             PET1 PIOc_sync Exit - MemInfo: [/proc/self/status]	VmPTE:	     912 kB
20220312 042933.481 INFO             PET1 PIOc_sync Exit - MemInfo: [/proc/self/status]	VmSwap:	       0 kB
20220312 042933.481 INFO             PET1 PIOc_sync Exit - MemInfo: [/proc/self/status]	VmRSSPercent: 0.01167 %
20220312 042933.481 INFO             PET1 PIOc_sync Exit - MemInfo: [malloc] Non-mmapped space allocated:                 2961408 Byte
20220312 042933.481 INFO             PET1 PIOc_sync Exit - MemInfo: [malloc] Space allocated in mmapped regions:          1581056 Byte
20220312 042933.481 INFO             PET1 PIOc_sync Exit - MemInfo: [malloc] Maximum total allocated space:                     0 Byte
20220312 042933.481 INFO             PET1 PIOc_sync Exit - MemInfo: [malloc] Space in freed fastbin blocks:                  1296 Byte
20220312 042933.481 INFO             PET1 PIOc_sync Exit - MemInfo: [malloc] Total allocated space:                       2362816 Byte
20220312 042933.481 INFO             PET1 PIOc_sync Exit - MemInfo: [malloc] Total free space:                             598592 Byte
20220312 042933.481 INFO             PET1 PIOc_sync Exit - MemInfo: [malloc] Top-most, releasable space:                    36448 Byte
20220312 042933.481 INFO             PET1 PIOc_sync Exit - MemInfo: [malloc] Total space in use, mmap + non-mmap:         3943872 Byte
20220312 042933.481 INFO             PET1 PIOc_sync Exit - MemInfo: [malloc] Total space held (mmap + non-mmap):          4542464 Byte
20220312 042933.481 INFO             PET1 PIOc_sync Exit - MemInfo: [malloc] Total space used (mmap + non-mmap):          3953216 Byte
20220312 042933.481 INFO             PET1 PIOc_sync Exit - MemInfo: Wall-clock time since execution start:              0.0214864 seconds
20220312 042933.482 INFO             PET1 PIOc_freedecomp Enter - MemInfo: [/proc/meminfo - SSI]	MemTotal:       196434604 kB
20220312 042933.482 INFO             PET1 PIOc_freedecomp Enter - MemInfo: [/proc/meminfo - SSI]	MemFree:        189663080 kB
20220312 042933.482 INFO             PET1 PIOc_freedecomp Enter - MemInfo: [/proc/meminfo - SSI]	MemAvailable:   191985372 kB
20220312 042933.482 INFO             PET1 PIOc_freedecomp Enter - MemInfo: [/proc/meminfo - SSI]	Committed_AS:     646188 kB
20220312 042933.482 INFO             PET1 PIOc_freedecomp Enter - MemInfo: [/proc/meminfo - SSI]	CommittedPercent: 0.328958 %
20220312 042933.482 INFO             PET1 PIOc_freedecomp Enter - MemInfo: [/proc/self/status]	VmPeak:	  645484 kB
20220312 042933.482 INFO             PET1 PIOc_freedecomp Enter - MemInfo: [/proc/self/status]	VmSize:	  645484 kB
20220312 042933.482 INFO             PET1 PIOc_freedecomp Enter - MemInfo: [/proc/self/status]	VmLck:	       0 kB
20220312 042933.482 INFO             PET1 PIOc_freedecomp Enter - MemInfo: [/proc/self/status]	VmPin:	       0 kB
20220312 042933.482 INFO             PET1 PIOc_freedecomp Enter - MemInfo: [/proc/self/status]	VmHWM:	   66120 kB
20220312 042933.482 INFO             PET1 PIOc_freedecomp Enter - MemInfo: [/proc/self/status]	VmRSS:	   22924 kB
20220312 042933.482 INFO             PET1 PIOc_freedecomp Enter - MemInfo: [/proc/self/status]	VmData:	  186384 kB
20220312 042933.482 INFO             PET1 PIOc_freedecomp Enter - MemInfo: [/proc/self/status]	VmStk:	     144 kB
20220312 042933.482 INFO             PET1 PIOc_freedecomp Enter - MemInfo: [/proc/self/status]	VmExe:	     200 kB
20220312 042933.482 INFO             PET1 PIOc_freedecomp Enter - MemInfo: [/proc/self/status]	VmLib:	   59892 kB
20220312 042933.482 INFO             PET1 PIOc_freedecomp Enter - MemInfo: [/proc/self/status]	VmPTE:	     912 kB
20220312 042933.482 INFO             PET1 PIOc_freedecomp Enter - MemInfo: [/proc/self/status]	VmSwap:	       0 kB
20220312 042933.482 INFO             PET1 PIOc_freedecomp Enter - MemInfo: [/proc/self/status]	VmRSSPercent: 0.01167 %
20220312 042933.482 INFO             PET1 PIOc_freedecomp Enter - MemInfo: [malloc] Non-mmapped space allocated:                 2961408 Byte
20220312 042933.482 INFO             PET1 PIOc_freedecomp Enter - MemInfo: [malloc] Space allocated in mmapped regions:          1581056 Byte
20220312 042933.482 INFO             PET1 PIOc_freedecomp Enter - MemInfo: [malloc] Maximum total allocated space:                     0 Byte
20220312 042933.482 INFO             PET1 PIOc_freedecomp Enter - MemInfo: [malloc] Space in freed fastbin blocks:                  1280 Byte
20220312 042933.482 INFO             PET1 PIOc_freedecomp Enter - MemInfo: [malloc] Total allocated space:                       2361184 Byte
20220312 042933.482 INFO             PET1 PIOc_freedecomp Enter - MemInfo: [malloc] Total free space:                             600224 Byte
20220312 042933.482 INFO             PET1 PIOc_freedecomp Enter - MemInfo: [malloc] Top-most, releasable space:                    36448 Byte
20220312 042933.482 INFO             PET1 PIOc_freedecomp Enter - MemInfo: [malloc] Total space in use, mmap + non-mmap:         3942240 Byte
20220312 042933.482 INFO             PET1 PIOc_freedecomp Enter - MemInfo: [malloc] Total space held (mmap + non-mmap):          4542464 Byte
20220312 042933.482 INFO             PET1 PIOc_freedecomp Enter - MemInfo: [malloc] Total space used (mmap + non-mmap):          3951584 Byte
20220312 042933.482 INFO             PET1 PIOc_freedecomp Enter - MemInfo: Wall-clock time since execution start:              0.0223593 seconds
20220312 042933.483 INFO             PET1 PIOc_freedecomp Exit - MemInfo: [/proc/meminfo - SSI]	MemTotal:       196434604 kB
20220312 042933.483 INFO             PET1 PIOc_freedecomp Exit - MemInfo: [/proc/meminfo - SSI]	MemFree:        189663080 kB
20220312 042933.483 INFO             PET1 PIOc_freedecomp Exit - MemInfo: [/proc/meminfo - SSI]	MemAvailable:   191985372 kB
20220312 042933.483 INFO             PET1 PIOc_freedecomp Exit - MemInfo: [/proc/meminfo - SSI]	Committed_AS:     646188 kB
20220312 042933.483 INFO             PET1 PIOc_freedecomp Exit - MemInfo: [/proc/meminfo - SSI]	CommittedPercent: 0.328958 %
20220312 042933.483 INFO             PET1 PIOc_freedecomp Exit - MemInfo: [/proc/self/status]	VmPeak:	  645484 kB
20220312 042933.483 INFO             PET1 PIOc_freedecomp Exit - MemInfo: [/proc/self/status]	VmSize:	  645484 kB
20220312 042933.483 INFO             PET1 PIOc_freedecomp Exit - MemInfo: [/proc/self/status]	VmLck:	       0 kB
20220312 042933.483 INFO             PET1 PIOc_freedecomp Exit - MemInfo: [/proc/self/status]	VmPin:	       0 kB
20220312 042933.483 INFO             PET1 PIOc_freedecomp Exit - MemInfo: [/proc/self/status]	VmHWM:	   66120 kB
20220312 042933.483 INFO             PET1 PIOc_freedecomp Exit - MemInfo: [/proc/self/status]	VmRSS:	   22924 kB
20220312 042933.483 INFO             PET1 PIOc_freedecomp Exit - MemInfo: [/proc/self/status]	VmData:	  186384 kB
20220312 042933.483 INFO             PET1 PIOc_freedecomp Exit - MemInfo: [/proc/self/status]	VmStk:	     144 kB
20220312 042933.483 INFO             PET1 PIOc_freedecomp Exit - MemInfo: [/proc/self/status]	VmExe:	     200 kB
20220312 042933.483 INFO             PET1 PIOc_freedecomp Exit - MemInfo: [/proc/self/status]	VmLib:	   59892 kB
20220312 042933.483 INFO             PET1 PIOc_freedecomp Exit - MemInfo: [/proc/self/status]	VmPTE:	     912 kB
20220312 042933.483 INFO             PET1 PIOc_freedecomp Exit - MemInfo: [/proc/self/status]	VmSwap:	       0 kB
20220312 042933.483 INFO             PET1 PIOc_freedecomp Exit - MemInfo: [/proc/self/status]	VmRSSPercent: 0.01167 %
20220312 042933.483 INFO             PET1 PIOc_freedecomp Exit - MemInfo: [malloc] Non-mmapped space allocated:                 2961408 Byte
20220312 042933.483 INFO             PET1 PIOc_freedecomp Exit - MemInfo: [malloc] Space allocated in mmapped regions:          1581056 Byte
20220312 042933.483 INFO             PET1 PIOc_freedecomp Exit - MemInfo: [malloc] Maximum total allocated space:                     0 Byte
20220312 042933.483 INFO             PET1 PIOc_freedecomp Exit - MemInfo: [malloc] Space in freed fastbin blocks:                  1808 Byte
20220312 042933.483 INFO             PET1 PIOc_freedecomp Exit - MemInfo: [malloc] Total allocated space:                       2359120 Byte
20220312 042933.483 INFO             PET1 PIOc_freedecomp Exit - MemInfo: [malloc] Total free space:                             602288 Byte
20220312 042933.483 INFO             PET1 PIOc_freedecomp Exit - MemInfo: [malloc] Top-most, releasable space:                    36448 Byte
20220312 042933.483 INFO             PET1 PIOc_freedecomp Exit - MemInfo: [malloc] Total space in use, mmap + non-mmap:         3940176 Byte
20220312 042933.483 INFO             PET1 PIOc_freedecomp Exit - MemInfo: [malloc] Total space held (mmap + non-mmap):          4542464 Byte
20220312 042933.483 INFO             PET1 PIOc_freedecomp Exit - MemInfo: [malloc] Total space used (mmap + non-mmap):          3949520 Byte
20220312 042933.483 INFO             PET1 PIOc_freedecomp Exit - MemInfo: Wall-clock time since execution start:              0.0227196 seconds
20220312 042933.485 INFO             PET1 PIOc_sync Enter - MemInfo: [/proc/meminfo - SSI]	MemTotal:       196434604 kB
20220312 042933.485 INFO             PET1 PIOc_sync Enter - MemInfo: [/proc/meminfo - SSI]	MemFree:        189658100 kB
20220312 042933.485 INFO             PET1 PIOc_sync Enter - MemInfo: [/proc/meminfo - SSI]	MemAvailable:   191980392 kB
20220312 042933.485 INFO             PET1 PIOc_sync Enter - MemInfo: [/proc/meminfo - SSI]	Committed_AS:     654392 kB
20220312 042933.485 INFO             PET1 PIOc_sync Enter - MemInfo: [/proc/meminfo - SSI]	CommittedPercent: 0.333135 %
20220312 042933.486 INFO             PET1 PIOc_sync Enter - MemInfo: [/proc/self/status]	VmPeak:	  645484 kB
20220312 042933.486 INFO             PET1 PIOc_sync Enter - MemInfo: [/proc/self/status]	VmSize:	  645484 kB
20220312 042933.486 INFO             PET1 PIOc_sync Enter - MemInfo: [/proc/self/status]	VmLck:	       0 kB
20220312 042933.486 INFO             PET1 PIOc_sync Enter - MemInfo: [/proc/self/status]	VmPin:	       0 kB
20220312 042933.486 INFO             PET1 PIOc_sync Enter - MemInfo: [/proc/self/status]	VmHWM:	   66120 kB
20220312 042933.486 INFO             PET1 PIOc_sync Enter - MemInfo: [/proc/self/status]	VmRSS:	   22948 kB
20220312 042933.486 INFO             PET1 PIOc_sync Enter - MemInfo: [/proc/self/status]	VmData:	  186384 kB
20220312 042933.486 INFO             PET1 PIOc_sync Enter - MemInfo: [/proc/self/status]	VmStk:	     144 kB
20220312 042933.486 INFO             PET1 PIOc_sync Enter - MemInfo: [/proc/self/status]	VmExe:	     200 kB
20220312 042933.486 INFO             PET1 PIOc_sync Enter - MemInfo: [/proc/self/status]	VmLib:	   59892 kB
20220312 042933.486 INFO             PET1 PIOc_sync Enter - MemInfo: [/proc/self/status]	VmPTE:	     912 kB
20220312 042933.486 INFO             PET1 PIOc_sync Enter - MemInfo: [/proc/self/status]	VmSwap:	       0 kB
20220312 042933.486 INFO             PET1 PIOc_sync Enter - MemInfo: [/proc/self/status]	VmRSSPercent: 0.0116823 %
20220312 042933.486 INFO             PET1 PIOc_sync Enter - MemInfo: [malloc] Non-mmapped space allocated:                 2961408 Byte
20220312 042933.486 INFO             PET1 PIOc_sync Enter - MemInfo: [malloc] Space allocated in mmapped regions:          1581056 Byte
20220312 042933.486 INFO             PET1 PIOc_sync Enter - MemInfo: [malloc] Maximum total allocated space:                     0 Byte
20220312 042933.486 INFO             PET1 PIOc_sync Enter - MemInfo: [malloc] Space in freed fastbin blocks:                  1104 Byte
20220312 042933.486 INFO             PET1 PIOc_sync Enter - MemInfo: [malloc] Total allocated space:                       2363056 Byte
20220312 042933.486 INFO             PET1 PIOc_sync Enter - MemInfo: [malloc] Total free space:                             598352 Byte
20220312 042933.486 INFO             PET1 PIOc_sync Enter - MemInfo: [malloc] Top-most, releasable space:                    36448 Byte
20220312 042933.486 INFO             PET1 PIOc_sync Enter - MemInfo: [malloc] Total space in use, mmap + non-mmap:         3944112 Byte
20220312 042933.486 INFO             PET1 PIOc_sync Enter - MemInfo: [malloc] Total space held (mmap + non-mmap):          4542464 Byte
20220312 042933.486 INFO             PET1 PIOc_sync Enter - MemInfo: [malloc] Total space used (mmap + non-mmap):          3953456 Byte
20220312 042933.486 INFO             PET1 PIOc_sync Enter - MemInfo: Wall-clock time since execution start:              0.0256391 seconds
20220312 042933.486 INFO             PET1 PIOc_sync Exit - MemInfo: [/proc/meminfo - SSI]	MemTotal:       196434604 kB
20220312 042933.486 INFO             PET1 PIOc_sync Exit - MemInfo: [/proc/meminfo - SSI]	MemFree:        189658100 kB
20220312 042933.486 INFO             PET1 PIOc_sync Exit - MemInfo: [/proc/meminfo - SSI]	MemAvailable:   191980392 kB
20220312 042933.486 INFO             PET1 PIOc_sync Exit - MemInfo: [/proc/meminfo - SSI]	Committed_AS:     654392 kB
20220312 042933.486 INFO             PET1 PIOc_sync Exit - MemInfo: [/proc/meminfo - SSI]	CommittedPercent: 0.333135 %
20220312 042933.486 INFO             PET1 PIOc_sync Exit - MemInfo: [/proc/self/status]	VmPeak:	  645484 kB
20220312 042933.486 INFO             PET1 PIOc_sync Exit - MemInfo: [/proc/self/status]	VmSize:	  645484 kB
20220312 042933.486 INFO             PET1 PIOc_sync Exit - MemInfo: [/proc/self/status]	VmLck:	       0 kB
20220312 042933.486 INFO             PET1 PIOc_sync Exit - MemInfo: [/proc/self/status]	VmPin:	       0 kB
20220312 042933.486 INFO             PET1 PIOc_sync Exit - MemInfo: [/proc/self/status]	VmHWM:	   66120 kB
20220312 042933.486 INFO             PET1 PIOc_sync Exit - MemInfo: [/proc/self/status]	VmRSS:	   22948 kB
20220312 042933.486 INFO             PET1 PIOc_sync Exit - MemInfo: [/proc/self/status]	VmData:	  186384 kB
20220312 042933.486 INFO             PET1 PIOc_sync Exit - MemInfo: [/proc/self/status]	VmStk:	     144 kB
20220312 042933.486 INFO             PET1 PIOc_sync Exit - MemInfo: [/proc/self/status]	VmExe:	     200 kB
20220312 042933.486 INFO             PET1 PIOc_sync Exit - MemInfo: [/proc/self/status]	VmLib:	   59892 kB
20220312 042933.486 INFO             PET1 PIOc_sync Exit - MemInfo: [/proc/self/status]	VmPTE:	     912 kB
20220312 042933.486 INFO             PET1 PIOc_sync Exit - MemInfo: [/proc/self/status]	VmSwap:	       0 kB
20220312 042933.486 INFO             PET1 PIOc_sync Exit - MemInfo: [/proc/self/status]	VmRSSPercent: 0.0116823 %
20220312 042933.486 INFO             PET1 PIOc_sync Exit - MemInfo: [malloc] Non-mmapped space allocated:                 2961408 Byte
20220312 042933.486 INFO             PET1 PIOc_sync Exit - MemInfo: [malloc] Space allocated in mmapped regions:          1581056 Byte
20220312 042933.486 INFO             PET1 PIOc_sync Exit - MemInfo: [malloc] Maximum total allocated space:                     0 Byte
20220312 042933.486 INFO             PET1 PIOc_sync Exit - MemInfo: [malloc] Space in freed fastbin blocks:                  1344 Byte
20220312 042933.486 INFO             PET1 PIOc_sync Exit - MemInfo: [malloc] Total allocated space:                       2362960 Byte
20220312 042933.486 INFO             PET1 PIOc_sync Exit - MemInfo: [malloc] Total free space:                             598448 Byte
20220312 042933.486 INFO             PET1 PIOc_sync Exit - MemInfo: [malloc] Top-most, releasable space:                    36448 Byte
20220312 042933.486 INFO             PET1 PIOc_sync Exit - MemInfo: [malloc] Total space in use, mmap + non-mmap:         3944016 Byte
20220312 042933.486 INFO             PET1 PIOc_sync Exit - MemInfo: [malloc] Total space held (mmap + non-mmap):          4542464 Byte
20220312 042933.486 INFO             PET1 PIOc_sync Exit - MemInfo: [malloc] Total space used (mmap + non-mmap):          3953360 Byte
20220312 042933.486 INFO             PET1 PIOc_sync Exit - MemInfo: Wall-clock time since execution start:              0.0264827 seconds
20220312 042933.487 INFO             PET1 PIOc_freedecomp Enter - MemInfo: [/proc/meminfo - SSI]	MemTotal:       196434604 kB
20220312 042933.487 INFO             PET1 PIOc_freedecomp Enter - MemInfo: [/proc/meminfo - SSI]	MemFree:        189658100 kB
20220312 042933.487 INFO             PET1 PIOc_freedecomp Enter - MemInfo: [/proc/meminfo - SSI]	MemAvailable:   191980392 kB
20220312 042933.487 INFO             PET1 PIOc_freedecomp Enter - MemInfo: [/proc/meminfo - SSI]	Committed_AS:     654392 kB
20220312 042933.487 INFO             PET1 PIOc_freedecomp Enter - MemInfo: [/proc/meminfo - SSI]	CommittedPercent: 0.333135 %
20220312 042933.487 INFO             PET1 PIOc_freedecomp Enter - MemInfo: [/proc/self/status]	VmPeak:	  645484 kB
20220312 042933.487 INFO             PET1 PIOc_freedecomp Enter - MemInfo: [/proc/self/status]	VmSize:	  645484 kB
20220312 042933.487 INFO             PET1 PIOc_freedecomp Enter - MemInfo: [/proc/self/status]	VmLck:	       0 kB
20220312 042933.487 INFO             PET1 PIOc_freedecomp Enter - MemInfo: [/proc/self/status]	VmPin:	       0 kB
20220312 042933.487 INFO             PET1 PIOc_freedecomp Enter - MemInfo: [/proc/self/status]	VmHWM:	   66120 kB
20220312 042933.487 INFO             PET1 PIOc_freedecomp Enter - MemInfo: [/proc/self/status]	VmRSS:	   22948 kB
20220312 042933.487 INFO             PET1 PIOc_freedecomp Enter - MemInfo: [/proc/self/status]	VmData:	  186384 kB
20220312 042933.487 INFO             PET1 PIOc_freedecomp Enter - MemInfo: [/proc/self/status]	VmStk:	     144 kB
20220312 042933.487 INFO             PET1 PIOc_freedecomp Enter - MemInfo: [/proc/self/status]	VmExe:	     200 kB
20220312 042933.487 INFO             PET1 PIOc_freedecomp Enter - MemInfo: [/proc/self/status]	VmLib:	   59892 kB
20220312 042933.487 INFO             PET1 PIOc_freedecomp Enter - MemInfo: [/proc/self/status]	VmPTE:	     912 kB
20220312 042933.487 INFO             PET1 PIOc_freedecomp Enter - MemInfo: [/proc/self/status]	VmSwap:	       0 kB
20220312 042933.487 INFO             PET1 PIOc_freedecomp Enter - MemInfo: [/proc/self/status]	VmRSSPercent: 0.0116823 %
20220312 042933.487 INFO             PET1 PIOc_freedecomp Enter - MemInfo: [malloc] Non-mmapped space allocated:                 2961408 Byte
20220312 042933.487 INFO             PET1 PIOc_freedecomp Enter - MemInfo: [malloc] Space allocated in mmapped regions:          1581056 Byte
20220312 042933.487 INFO             PET1 PIOc_freedecomp Enter - MemInfo: [malloc] Maximum total allocated space:                     0 Byte
20220312 042933.487 INFO             PET1 PIOc_freedecomp Enter - MemInfo: [malloc] Space in freed fastbin blocks:                  1408 Byte
20220312 042933.487 INFO             PET1 PIOc_freedecomp Enter - MemInfo: [malloc] Total allocated space:                       2361184 Byte
20220312 042933.487 INFO             PET1 PIOc_freedecomp Enter - MemInfo: [malloc] Total free space:                             600224 Byte
20220312 042933.487 INFO             PET1 PIOc_freedecomp Enter - MemInfo: [malloc] Top-most, releasable space:                    36448 Byte
20220312 042933.487 INFO             PET1 PIOc_freedecomp Enter - MemInfo: [malloc] Total space in use, mmap + non-mmap:         3942240 Byte
20220312 042933.487 INFO             PET1 PIOc_freedecomp Enter - MemInfo: [malloc] Total space held (mmap + non-mmap):          4542464 Byte
20220312 042933.487 INFO             PET1 PIOc_freedecomp Enter - MemInfo: [malloc] Total space used (mmap + non-mmap):          3951584 Byte
20220312 042933.487 INFO             PET1 PIOc_freedecomp Enter - MemInfo: Wall-clock time since execution start:              0.0269716 seconds
20220312 042933.487 INFO             PET1 PIOc_freedecomp Exit - MemInfo: [/proc/meminfo - SSI]	MemTotal:       196434604 kB
20220312 042933.487 INFO             PET1 PIOc_freedecomp Exit - MemInfo: [/proc/meminfo - SSI]	MemFree:        189658100 kB
20220312 042933.487 INFO             PET1 PIOc_freedecomp Exit - MemInfo: [/proc/meminfo - SSI]	MemAvailable:   191980392 kB
20220312 042933.487 INFO             PET1 PIOc_freedecomp Exit - MemInfo: [/proc/meminfo - SSI]	Committed_AS:     654392 kB
20220312 042933.487 INFO             PET1 PIOc_freedecomp Exit - MemInfo: [/proc/meminfo - SSI]	CommittedPercent: 0.333135 %
20220312 042933.487 INFO             PET1 PIOc_freedecomp Exit - MemInfo: [/proc/self/status]	VmPeak:	  645484 kB
20220312 042933.487 INFO             PET1 PIOc_freedecomp Exit - MemInfo: [/proc/self/status]	VmSize:	  645484 kB
20220312 042933.487 INFO             PET1 PIOc_freedecomp Exit - MemInfo: [/proc/self/status]	VmLck:	       0 kB
20220312 042933.487 INFO             PET1 PIOc_freedecomp Exit - MemInfo: [/proc/self/status]	VmPin:	       0 kB
20220312 042933.487 INFO             PET1 PIOc_freedecomp Exit - MemInfo: [/proc/self/status]	VmHWM:	   66120 kB
20220312 042933.487 INFO             PET1 PIOc_freedecomp Exit - MemInfo: [/proc/self/status]	VmRSS:	   22948 kB
20220312 042933.487 INFO             PET1 PIOc_freedecomp Exit - MemInfo: [/proc/self/status]	VmData:	  186384 kB
20220312 042933.487 INFO             PET1 PIOc_freedecomp Exit - MemInfo: [/proc/self/status]	VmStk:	     144 kB
20220312 042933.487 INFO             PET1 PIOc_freedecomp Exit - MemInfo: [/proc/self/status]	VmExe:	     200 kB
20220312 042933.487 INFO             PET1 PIOc_freedecomp Exit - MemInfo: [/proc/self/status]	VmLib:	   59892 kB
20220312 042933.487 INFO             PET1 PIOc_freedecomp Exit - MemInfo: [/proc/self/status]	VmPTE:	     912 kB
20220312 042933.487 INFO             PET1 PIOc_freedecomp Exit - MemInfo: [/proc/self/status]	VmSwap:	       0 kB
20220312 042933.487 INFO             PET1 PIOc_freedecomp Exit - MemInfo: [/proc/self/status]	VmRSSPercent: 0.0116823 %
20220312 042933.487 INFO             PET1 PIOc_freedecomp Exit - MemInfo: [malloc] Non-mmapped space allocated:                 2961408 Byte
20220312 042933.487 INFO             PET1 PIOc_freedecomp Exit - MemInfo: [malloc] Space allocated in mmapped regions:          1581056 Byte
20220312 042933.487 INFO             PET1 PIOc_freedecomp Exit - MemInfo: [malloc] Maximum total allocated space:                     0 Byte
20220312 042933.487 INFO             PET1 PIOc_freedecomp Exit - MemInfo: [malloc] Space in freed fastbin blocks:                  1808 Byte
20220312 042933.487 INFO             PET1 PIOc_freedecomp Exit - MemInfo: [malloc] Total allocated space:                       2359120 Byte
20220312 042933.487 INFO             PET1 PIOc_freedecomp Exit - MemInfo: [malloc] Total free space:                             602288 Byte
20220312 042933.487 INFO             PET1 PIOc_freedecomp Exit - MemInfo: [malloc] Top-most, releasable space:                    36448 Byte
20220312 042933.487 INFO             PET1 PIOc_freedecomp Exit - MemInfo: [malloc] Total space in use, mmap + non-mmap:         3940176 Byte
20220312 042933.487 INFO             PET1 PIOc_freedecomp Exit - MemInfo: [malloc] Total space held (mmap + non-mmap):          4542464 Byte
20220312 042933.487 INFO             PET1 PIOc_freedecomp Exit - MemInfo: [malloc] Total space used (mmap + non-mmap):          3949520 Byte
20220312 042933.487 INFO             PET1 PIOc_freedecomp Exit - MemInfo: Wall-clock time since execution start:               0.027351 seconds
20220312 042933.489 INFO             PET1 PIOc_sync Enter - MemInfo: [/proc/meminfo - SSI]	MemTotal:       196434604 kB
20220312 042933.489 INFO             PET1 PIOc_sync Enter - MemInfo: [/proc/meminfo - SSI]	MemFree:        189657588 kB
20220312 042933.489 INFO             PET1 PIOc_sync Enter - MemInfo: [/proc/meminfo - SSI]	MemAvailable:   191979880 kB
20220312 042933.489 INFO             PET1 PIOc_sync Enter - MemInfo: [/proc/meminfo - SSI]	Committed_AS:     654392 kB
20220312 042933.489 INFO             PET1 PIOc_sync Enter - MemInfo: [/proc/meminfo - SSI]	CommittedPercent: 0.333135 %
20220312 042933.489 INFO             PET1 PIOc_sync Enter - MemInfo: [/proc/self/status]	VmPeak:	  645484 kB
20220312 042933.489 INFO             PET1 PIOc_sync Enter - MemInfo: [/proc/self/status]	VmSize:	  645484 kB
20220312 042933.489 INFO             PET1 PIOc_sync Enter - MemInfo: [/proc/self/status]	VmLck:	       0 kB
20220312 042933.489 INFO             PET1 PIOc_sync Enter - MemInfo: [/proc/self/status]	VmPin:	       0 kB
20220312 042933.489 INFO             PET1 PIOc_sync Enter - MemInfo: [/proc/self/status]	VmHWM:	   66120 kB
20220312 042933.489 INFO             PET1 PIOc_sync Enter - MemInfo: [/proc/self/status]	VmRSS:	   22952 kB
20220312 042933.489 INFO             PET1 PIOc_sync Enter - MemInfo: [/proc/self/status]	VmData:	  186384 kB
20220312 042933.489 INFO             PET1 PIOc_sync Enter - MemInfo: [/proc/self/status]	VmStk:	     144 kB
20220312 042933.489 INFO             PET1 PIOc_sync Enter - MemInfo: [/proc/self/status]	VmExe:	     200 kB
20220312 042933.489 INFO             PET1 PIOc_sync Enter - MemInfo: [/proc/self/status]	VmLib:	   59892 kB
20220312 042933.489 INFO             PET1 PIOc_sync Enter - MemInfo: [/proc/self/status]	VmPTE:	     912 kB
20220312 042933.489 INFO             PET1 PIOc_sync Enter - MemInfo: [/proc/self/status]	VmSwap:	       0 kB
20220312 042933.489 INFO             PET1 PIOc_sync Enter - MemInfo: [/proc/self/status]	VmRSSPercent: 0.0116843 %
20220312 042933.489 INFO             PET1 PIOc_sync Enter - MemInfo: [malloc] Non-mmapped space allocated:                 2961408 Byte
20220312 042933.489 INFO             PET1 PIOc_sync Enter - MemInfo: [malloc] Space allocated in mmapped regions:          1581056 Byte
20220312 042933.489 INFO             PET1 PIOc_sync Enter - MemInfo: [malloc] Maximum total allocated space:                     0 Byte
20220312 042933.489 INFO             PET1 PIOc_sync Enter - MemInfo: [malloc] Space in freed fastbin blocks:                  1104 Byte
20220312 042933.489 INFO             PET1 PIOc_sync Enter - MemInfo: [malloc] Total allocated space:                       2363232 Byte
20220312 042933.489 INFO             PET1 PIOc_sync Enter - MemInfo: [malloc] Total free space:                             598176 Byte
20220312 042933.489 INFO             PET1 PIOc_sync Enter - MemInfo: [malloc] Top-most, releasable space:                    36448 Byte
20220312 042933.489 INFO             PET1 PIOc_sync Enter - MemInfo: [malloc] Total space in use, mmap + non-mmap:         3944288 Byte
20220312 042933.489 INFO             PET1 PIOc_sync Enter - MemInfo: [malloc] Total space held (mmap + non-mmap):          4542464 Byte
20220312 042933.489 INFO             PET1 PIOc_sync Enter - MemInfo: [malloc] Total space used (mmap + non-mmap):          3953632 Byte
20220312 042933.489 INFO             PET1 PIOc_sync Enter - MemInfo: Wall-clock time since execution start:              0.0291529 seconds
20220312 042933.490 INFO             PET1 PIOc_sync Exit - MemInfo: [/proc/meminfo - SSI]	MemTotal:       196434604 kB
20220312 042933.490 INFO             PET1 PIOc_sync Exit - MemInfo: [/proc/meminfo - SSI]	MemFree:        189657588 kB
20220312 042933.490 INFO             PET1 PIOc_sync Exit - MemInfo: [/proc/meminfo - SSI]	MemAvailable:   191979880 kB
20220312 042933.490 INFO             PET1 PIOc_sync Exit - MemInfo: [/proc/meminfo - SSI]	Committed_AS:     654392 kB
20220312 042933.490 INFO             PET1 PIOc_sync Exit - MemInfo: [/proc/meminfo - SSI]	CommittedPercent: 0.333135 %
20220312 042933.490 INFO             PET1 PIOc_sync Exit - MemInfo: [/proc/self/status]	VmPeak:	  645484 kB
20220312 042933.490 INFO             PET1 PIOc_sync Exit - MemInfo: [/proc/self/status]	VmSize:	  645484 kB
20220312 042933.490 INFO             PET1 PIOc_sync Exit - MemInfo: [/proc/self/status]	VmLck:	       0 kB
20220312 042933.490 INFO             PET1 PIOc_sync Exit - MemInfo: [/proc/self/status]	VmPin:	       0 kB
20220312 042933.490 INFO             PET1 PIOc_sync Exit - MemInfo: [/proc/self/status]	VmHWM:	   66120 kB
20220312 042933.490 INFO             PET1 PIOc_sync Exit - MemInfo: [/proc/self/status]	VmRSS:	   22952 kB
20220312 042933.490 INFO             PET1 PIOc_sync Exit - MemInfo: [/proc/self/status]	VmData:	  186384 kB
20220312 042933.490 INFO             PET1 PIOc_sync Exit - MemInfo: [/proc/self/status]	VmStk:	     144 kB
20220312 042933.490 INFO             PET1 PIOc_sync Exit - MemInfo: [/proc/self/status]	VmExe:	     200 kB
20220312 042933.490 INFO             PET1 PIOc_sync Exit - MemInfo: [/proc/self/status]	VmLib:	   59892 kB
20220312 042933.490 INFO             PET1 PIOc_sync Exit - MemInfo: [/proc/self/status]	VmPTE:	     912 kB
20220312 042933.490 INFO             PET1 PIOc_sync Exit - MemInfo: [/proc/self/status]	VmSwap:	       0 kB
20220312 042933.490 INFO             PET1 PIOc_sync Exit - MemInfo: [/proc/self/status]	VmRSSPercent: 0.0116843 %
20220312 042933.490 INFO             PET1 PIOc_sync Exit - MemInfo: [malloc] Non-mmapped space allocated:                 2961408 Byte
20220312 042933.490 INFO             PET1 PIOc_sync Exit - MemInfo: [malloc] Space allocated in mmapped regions:          1581056 Byte
20220312 042933.490 INFO             PET1 PIOc_sync Exit - MemInfo: [malloc] Maximum total allocated space:                     0 Byte
20220312 042933.490 INFO             PET1 PIOc_sync Exit - MemInfo: [malloc] Space in freed fastbin blocks:                  1344 Byte
20220312 042933.490 INFO             PET1 PIOc_sync Exit - MemInfo: [malloc] Total allocated space:                       2363136 Byte
20220312 042933.490 INFO             PET1 PIOc_sync Exit - MemInfo: [malloc] Total free space:                             598272 Byte
20220312 042933.490 INFO             PET1 PIOc_sync Exit - MemInfo: [malloc] Top-most, releasable space:                    36448 Byte
20220312 042933.490 INFO             PET1 PIOc_sync Exit - MemInfo: [malloc] Total space in use, mmap + non-mmap:         3944192 Byte
20220312 042933.490 INFO             PET1 PIOc_sync Exit - MemInfo: [malloc] Total space held (mmap + non-mmap):          4542464 Byte
20220312 042933.490 INFO             PET1 PIOc_sync Exit - MemInfo: [malloc] Total space used (mmap + non-mmap):          3953536 Byte
20220312 042933.490 INFO             PET1 PIOc_sync Exit - MemInfo: Wall-clock time since execution start:              0.0299241 seconds
20220312 042933.490 INFO             PET1 PIOc_freedecomp Enter - MemInfo: [/proc/meminfo - SSI]	MemTotal:       196434604 kB
20220312 042933.490 INFO             PET1 PIOc_freedecomp Enter - MemInfo: [/proc/meminfo - SSI]	MemFree:        189657588 kB
20220312 042933.490 INFO             PET1 PIOc_freedecomp Enter - MemInfo: [/proc/meminfo - SSI]	MemAvailable:   191979880 kB
20220312 042933.490 INFO             PET1 PIOc_freedecomp Enter - MemInfo: [/proc/meminfo - SSI]	Committed_AS:     654392 kB
20220312 042933.490 INFO             PET1 PIOc_freedecomp Enter - MemInfo: [/proc/meminfo - SSI]	CommittedPercent: 0.333135 %
20220312 042933.490 INFO             PET1 PIOc_freedecomp Enter - MemInfo: [/proc/self/status]	VmPeak:	  645484 kB
20220312 042933.490 INFO             PET1 PIOc_freedecomp Enter - MemInfo: [/proc/self/status]	VmSize:	  645484 kB
20220312 042933.490 INFO             PET1 PIOc_freedecomp Enter - MemInfo: [/proc/self/status]	VmLck:	       0 kB
20220312 042933.490 INFO             PET1 PIOc_freedecomp Enter - MemInfo: [/proc/self/status]	VmPin:	       0 kB
20220312 042933.490 INFO             PET1 PIOc_freedecomp Enter - MemInfo: [/proc/self/status]	VmHWM:	   66120 kB
20220312 042933.490 INFO             PET1 PIOc_freedecomp Enter - MemInfo: [/proc/self/status]	VmRSS:	   22952 kB
20220312 042933.490 INFO             PET1 PIOc_freedecomp Enter - MemInfo: [/proc/self/status]	VmData:	  186384 kB
20220312 042933.490 INFO             PET1 PIOc_freedecomp Enter - MemInfo: [/proc/self/status]	VmStk:	     144 kB
20220312 042933.490 INFO             PET1 PIOc_freedecomp Enter - MemInfo: [/proc/self/status]	VmExe:	     200 kB
20220312 042933.490 INFO             PET1 PIOc_freedecomp Enter - MemInfo: [/proc/self/status]	VmLib:	   59892 kB
20220312 042933.490 INFO             PET1 PIOc_freedecomp Enter - MemInfo: [/proc/self/status]	VmPTE:	     912 kB
20220312 042933.490 INFO             PET1 PIOc_freedecomp Enter - MemInfo: [/proc/self/status]	VmSwap:	       0 kB
20220312 042933.490 INFO             PET1 PIOc_freedecomp Enter - MemInfo: [/proc/self/status]	VmRSSPercent: 0.0116843 %
20220312 042933.490 INFO             PET1 PIOc_freedecomp Enter - MemInfo: [malloc] Non-mmapped space allocated:                 2961408 Byte
20220312 042933.490 INFO             PET1 PIOc_freedecomp Enter - MemInfo: [malloc] Space allocated in mmapped regions:          1581056 Byte
20220312 042933.490 INFO             PET1 PIOc_freedecomp Enter - MemInfo: [malloc] Maximum total allocated space:                     0 Byte
20220312 042933.490 INFO             PET1 PIOc_freedecomp Enter - MemInfo: [malloc] Space in freed fastbin blocks:                  1408 Byte
20220312 042933.490 INFO             PET1 PIOc_freedecomp Enter - MemInfo: [malloc] Total allocated space:                       2361216 Byte
20220312 042933.490 INFO             PET1 PIOc_freedecomp Enter - MemInfo: [malloc] Total free space:                             600192 Byte
20220312 042933.490 INFO             PET1 PIOc_freedecomp Enter - MemInfo: [malloc] Top-most, releasable space:                    36448 Byte
20220312 042933.490 INFO             PET1 PIOc_freedecomp Enter - MemInfo: [malloc] Total space in use, mmap + non-mmap:         3942272 Byte
20220312 042933.490 INFO             PET1 PIOc_freedecomp Enter - MemInfo: [malloc] Total space held (mmap + non-mmap):          4542464 Byte
20220312 042933.490 INFO             PET1 PIOc_freedecomp Enter - MemInfo: [malloc] Total space used (mmap + non-mmap):          3951616 Byte
20220312 042933.490 INFO             PET1 PIOc_freedecomp Enter - MemInfo: Wall-clock time since execution start:              0.0303883 seconds
20220312 042933.491 INFO             PET1 PIOc_freedecomp Exit - MemInfo: [/proc/meminfo - SSI]	MemTotal:       196434604 kB
20220312 042933.491 INFO             PET1 PIOc_freedecomp Exit - MemInfo: [/proc/meminfo - SSI]	MemFree:        189657588 kB
20220312 042933.491 INFO             PET1 PIOc_freedecomp Exit - MemInfo: [/proc/meminfo - SSI]	MemAvailable:   191979880 kB
20220312 042933.491 INFO             PET1 PIOc_freedecomp Exit - MemInfo: [/proc/meminfo - SSI]	Committed_AS:     654392 kB
20220312 042933.491 INFO             PET1 PIOc_freedecomp Exit - MemInfo: [/proc/meminfo - SSI]	CommittedPercent: 0.333135 %
20220312 042933.491 INFO             PET1 PIOc_freedecomp Exit - MemInfo: [/proc/self/status]	VmPeak:	  645484 kB
20220312 042933.491 INFO             PET1 PIOc_freedecomp Exit - MemInfo: [/proc/self/status]	VmSize:	  645484 kB
20220312 042933.491 INFO             PET1 PIOc_freedecomp Exit - MemInfo: [/proc/self/status]	VmLck:	       0 kB
20220312 042933.491 INFO             PET1 PIOc_freedecomp Exit - MemInfo: [/proc/self/status]	VmPin:	       0 kB
20220312 042933.491 INFO             PET1 PIOc_freedecomp Exit - MemInfo: [/proc/self/status]	VmHWM:	   66120 kB
20220312 042933.491 INFO             PET1 PIOc_freedecomp Exit - MemInfo: [/proc/self/status]	VmRSS:	   22952 kB
20220312 042933.491 INFO             PET1 PIOc_freedecomp Exit - MemInfo: [/proc/self/status]	VmData:	  186384 kB
20220312 042933.491 INFO             PET1 PIOc_freedecomp Exit - MemInfo: [/proc/self/status]	VmStk:	     144 kB
20220312 042933.491 INFO             PET1 PIOc_freedecomp Exit - MemInfo: [/proc/self/status]	VmExe:	     200 kB
20220312 042933.491 INFO             PET1 PIOc_freedecomp Exit - MemInfo: [/proc/self/status]	VmLib:	   59892 kB
20220312 042933.491 INFO             PET1 PIOc_freedecomp Exit - MemInfo: [/proc/self/status]	VmPTE:	     912 kB
20220312 042933.491 INFO             PET1 PIOc_freedecomp Exit - MemInfo: [/proc/self/status]	VmSwap:	       0 kB
20220312 042933.491 INFO             PET1 PIOc_freedecomp Exit - MemInfo: [/proc/self/status]	VmRSSPercent: 0.0116843 %
20220312 042933.491 INFO             PET1 PIOc_freedecomp Exit - MemInfo: [malloc] Non-mmapped space allocated:                 2961408 Byte
20220312 042933.491 INFO             PET1 PIOc_freedecomp Exit - MemInfo: [malloc] Space allocated in mmapped regions:          1581056 Byte
20220312 042933.491 INFO             PET1 PIOc_freedecomp Exit - MemInfo: [malloc] Maximum total allocated space:                     0 Byte
20220312 042933.491 INFO             PET1 PIOc_freedecomp Exit - MemInfo: [malloc] Space in freed fastbin blocks:                  1936 Byte
20220312 042933.491 INFO             PET1 PIOc_freedecomp Exit - MemInfo: [malloc] Total allocated space:                       2359152 Byte
20220312 042933.491 INFO             PET1 PIOc_freedecomp Exit - MemInfo: [malloc] Total free space:                             602256 Byte
20220312 042933.491 INFO             PET1 PIOc_freedecomp Exit - MemInfo: [malloc] Top-most, releasable space:                    36448 Byte
20220312 042933.491 INFO             PET1 PIOc_freedecomp Exit - MemInfo: [malloc] Total space in use, mmap + non-mmap:         3940208 Byte
20220312 042933.491 INFO             PET1 PIOc_freedecomp Exit - MemInfo: [malloc] Total space held (mmap + non-mmap):          4542464 Byte
20220312 042933.491 INFO             PET1 PIOc_freedecomp Exit - MemInfo: [malloc] Total space used (mmap + non-mmap):          3949552 Byte
20220312 042933.491 INFO             PET1 PIOc_freedecomp Exit - MemInfo: Wall-clock time since execution start:              0.0307481 seconds
20220312 042933.491 INFO             PET1  PASS  ESMF_OutputWeightFile, ESMF_IOUTest.F90, line 81
20220312 042933.497 INFO             PET1  PASS  call ESMF_OutputWeightFile with empty factor list on four PETs, ESMF_IOUTest.F90, line 191
20220312 042933.497 INFO             PET1  Ending Test, file ESMF_IOUTest.F90, line 201
20220312 042933.497 INFO             PET1 Finalizing ESMF
20220312 042933.463 INFO             PET2 !!!!!!!!!!!!!!!!!!!!!!!!!!!!!!!!!!!!!!!!!!!!!!!!!!!!!!
20220312 042933.463 INFO             PET2 !!! THE ESMF_LOG IS SET TO OUTPUT ALL LOG MESSAGES !!!
20220312 042933.463 INFO             PET2 !!!     THIS MAY CAUSE SLOWDOWN IN PERFORMANCE     !!!
20220312 042933.463 INFO             PET2 !!! FOR PRODUCTION RUNS, USE:                      !!!
20220312 042933.463 INFO             PET2 !!!                   ESMF_LOGKIND_Multi_On_Error  !!!
20220312 042933.463 INFO             PET2 !!!!!!!!!!!!!!!!!!!!!!!!!!!!!!!!!!!!!!!!!!!!!!!!!!!!!!
20220312 042933.463 INFO             PET2 Running with ESMF Version   : v8.3.0b09-96-g559b459
20220312 042933.463 INFO             PET2 ESMF library build date/time: "Mar 12 2022" "04:10:25"
20220312 042933.463 INFO             PET2 ESMF library build location : /work/noaa/da/mpotts/sandbox/gfortran_8.3.0_openmpi_O_jedwards_pio_update2
20220312 042933.463 INFO             PET2 ESMF_COMM                   : openmpi
20220312 042933.464 INFO             PET2 ESMF_MOAB                   : enabled
20220312 042933.464 INFO             PET2 ESMF_LAPACK                 : enabled
20220312 042933.464 INFO             PET2 ESMF_NETCDF                 : enabled
20220312 042933.464 INFO             PET2 ESMF_PNETCDF                : disabled
20220312 042933.464 INFO             PET2 ESMF_PIO                    : enabled
20220312 042933.464 INFO             PET2 ESMF_YAMLCPP                : enabled
20220312 042933.473 INFO             PET2  Beginning Test, file ESMF_IOUTest.F90, line 57
20220312 042933.473 INFO             PET2  NUMBER_OF_PROCESSORS           4
20220312 042933.473 INFO             PET2 Starting Test:  ESMF_OutputWeightFile
20220312 042933.480 INFO             PET2 PIOc_sync Enter - MemInfo: [/proc/meminfo - SSI]	MemTotal:       196434604 kB
20220312 042933.480 INFO             PET2 PIOc_sync Enter - MemInfo: [/proc/meminfo - SSI]	MemFree:        189656176 kB
20220312 042933.480 INFO             PET2 PIOc_sync Enter - MemInfo: [/proc/meminfo - SSI]	MemAvailable:   191978468 kB
20220312 042933.480 INFO             PET2 PIOc_sync Enter - MemInfo: [/proc/meminfo - SSI]	Committed_AS:     654384 kB
20220312 042933.480 INFO             PET2 PIOc_sync Enter - MemInfo: [/proc/meminfo - SSI]	CommittedPercent: 0.333131 %
20220312 042933.480 INFO             PET2 PIOc_sync Enter - MemInfo: [/proc/self/status]	VmPeak:	  645484 kB
20220312 042933.480 INFO             PET2 PIOc_sync Enter - MemInfo: [/proc/self/status]	VmSize:	  645484 kB
20220312 042933.480 INFO             PET2 PIOc_sync Enter - MemInfo: [/proc/self/status]	VmLck:	       0 kB
20220312 042933.480 INFO             PET2 PIOc_sync Enter - MemInfo: [/proc/self/status]	VmPin:	       0 kB
20220312 042933.480 INFO             PET2 PIOc_sync Enter - MemInfo: [/proc/self/status]	VmHWM:	   64088 kB
20220312 042933.480 INFO             PET2 PIOc_sync Enter - MemInfo: [/proc/self/status]	VmRSS:	   20864 kB
20220312 042933.480 INFO             PET2 PIOc_sync Enter - MemInfo: [/proc/self/status]	VmData:	  186384 kB
20220312 042933.480 INFO             PET2 PIOc_sync Enter - MemInfo: [/proc/self/status]	VmStk:	     144 kB
20220312 042933.480 INFO             PET2 PIOc_sync Enter - MemInfo: [/proc/self/status]	VmExe:	     200 kB
20220312 042933.480 INFO             PET2 PIOc_sync Enter - MemInfo: [/proc/self/status]	VmLib:	   59892 kB
20220312 042933.480 INFO             PET2 PIOc_sync Enter - MemInfo: [/proc/self/status]	VmPTE:	     900 kB
20220312 042933.480 INFO             PET2 PIOc_sync Enter - MemInfo: [/proc/self/status]	VmSwap:	       0 kB
20220312 042933.480 INFO             PET2 PIOc_sync Enter - MemInfo: [/proc/self/status]	VmRSSPercent: 0.0106213 %
20220312 042933.480 INFO             PET2 PIOc_sync Enter - MemInfo: [malloc] Non-mmapped space allocated:                 2961408 Byte
20220312 042933.480 INFO             PET2 PIOc_sync Enter - MemInfo: [malloc] Space allocated in mmapped regions:          1581056 Byte
20220312 042933.480 INFO             PET2 PIOc_sync Enter - MemInfo: [malloc] Maximum total allocated space:                     0 Byte
20220312 042933.480 INFO             PET2 PIOc_sync Enter - MemInfo: [malloc] Space in freed fastbin blocks:                  1072 Byte
20220312 042933.480 INFO             PET2 PIOc_sync Enter - MemInfo: [malloc] Total allocated space:                       2362816 Byte
20220312 042933.480 INFO             PET2 PIOc_sync Enter - MemInfo: [malloc] Total free space:                             598592 Byte
20220312 042933.480 INFO             PET2 PIOc_sync Enter - MemInfo: [malloc] Top-most, releasable space:                    36624 Byte
20220312 042933.480 INFO             PET2 PIOc_sync Enter - MemInfo: [malloc] Total space in use, mmap + non-mmap:         3943872 Byte
20220312 042933.480 INFO             PET2 PIOc_sync Enter - MemInfo: [malloc] Total space held (mmap + non-mmap):          4542464 Byte
20220312 042933.480 INFO             PET2 PIOc_sync Enter - MemInfo: [malloc] Total space used (mmap + non-mmap):          3953216 Byte
20220312 042933.480 INFO             PET2 PIOc_sync Enter - MemInfo: Wall-clock time since execution start:              0.0203699 seconds
20220312 042933.481 INFO             PET2 PIOc_sync Exit - MemInfo: [/proc/meminfo - SSI]	MemTotal:       196434604 kB
20220312 042933.481 INFO             PET2 PIOc_sync Exit - MemInfo: [/proc/meminfo - SSI]	MemFree:        189656176 kB
20220312 042933.481 INFO             PET2 PIOc_sync Exit - MemInfo: [/proc/meminfo - SSI]	MemAvailable:   191978468 kB
20220312 042933.481 INFO             PET2 PIOc_sync Exit - MemInfo: [/proc/meminfo - SSI]	Committed_AS:     654384 kB
20220312 042933.481 INFO             PET2 PIOc_sync Exit - MemInfo: [/proc/meminfo - SSI]	CommittedPercent: 0.333131 %
20220312 042933.481 INFO             PET2 PIOc_sync Exit - MemInfo: [/proc/self/status]	VmPeak:	  645484 kB
20220312 042933.481 INFO             PET2 PIOc_sync Exit - MemInfo: [/proc/self/status]	VmSize:	  645484 kB
20220312 042933.481 INFO             PET2 PIOc_sync Exit - MemInfo: [/proc/self/status]	VmLck:	       0 kB
20220312 042933.481 INFO             PET2 PIOc_sync Exit - MemInfo: [/proc/self/status]	VmPin:	       0 kB
20220312 042933.481 INFO             PET2 PIOc_sync Exit - MemInfo: [/proc/self/status]	VmHWM:	   64088 kB
20220312 042933.481 INFO             PET2 PIOc_sync Exit - MemInfo: [/proc/self/status]	VmRSS:	   20956 kB
20220312 042933.481 INFO             PET2 PIOc_sync Exit - MemInfo: [/proc/self/status]	VmData:	  186384 kB
20220312 042933.481 INFO             PET2 PIOc_sync Exit - MemInfo: [/proc/self/status]	VmStk:	     144 kB
20220312 042933.481 INFO             PET2 PIOc_sync Exit - MemInfo: [/proc/self/status]	VmExe:	     200 kB
20220312 042933.481 INFO             PET2 PIOc_sync Exit - MemInfo: [/proc/self/status]	VmLib:	   59892 kB
20220312 042933.481 INFO             PET2 PIOc_sync Exit - MemInfo: [/proc/self/status]	VmPTE:	     900 kB
20220312 042933.481 INFO             PET2 PIOc_sync Exit - MemInfo: [/proc/self/status]	VmSwap:	       0 kB
20220312 042933.481 INFO             PET2 PIOc_sync Exit - MemInfo: [/proc/self/status]	VmRSSPercent: 0.0106682 %
20220312 042933.481 INFO             PET2 PIOc_sync Exit - MemInfo: [malloc] Non-mmapped space allocated:                 2961408 Byte
20220312 042933.482 INFO             PET2 PIOc_sync Exit - MemInfo: [malloc] Space allocated in mmapped regions:          1581056 Byte
20220312 042933.482 INFO             PET2 PIOc_sync Exit - MemInfo: [malloc] Maximum total allocated space:                     0 Byte
20220312 042933.482 INFO             PET2 PIOc_sync Exit - MemInfo: [malloc] Space in freed fastbin blocks:                  1296 Byte
20220312 042933.482 INFO             PET2 PIOc_sync Exit - MemInfo: [malloc] Total allocated space:                       2362672 Byte
20220312 042933.482 INFO             PET2 PIOc_sync Exit - MemInfo: [malloc] Total free space:                             598736 Byte
20220312 042933.482 INFO             PET2 PIOc_sync Exit - MemInfo: [malloc] Top-most, releasable space:                    36624 Byte
20220312 042933.482 INFO             PET2 PIOc_sync Exit - MemInfo: [malloc] Total space in use, mmap + non-mmap:         3943728 Byte
20220312 042933.482 INFO             PET2 PIOc_sync Exit - MemInfo: [malloc] Total space held (mmap + non-mmap):          4542464 Byte
20220312 042933.482 INFO             PET2 PIOc_sync Exit - MemInfo: [malloc] Total space used (mmap + non-mmap):          3953072 Byte
20220312 042933.482 INFO             PET2 PIOc_sync Exit - MemInfo: Wall-clock time since execution start:              0.0216292 seconds
20220312 042933.482 INFO             PET2 PIOc_freedecomp Enter - MemInfo: [/proc/meminfo - SSI]	MemTotal:       196434604 kB
20220312 042933.482 INFO             PET2 PIOc_freedecomp Enter - MemInfo: [/proc/meminfo - SSI]	MemFree:        189663080 kB
20220312 042933.482 INFO             PET2 PIOc_freedecomp Enter - MemInfo: [/proc/meminfo - SSI]	MemAvailable:   191985372 kB
20220312 042933.482 INFO             PET2 PIOc_freedecomp Enter - MemInfo: [/proc/meminfo - SSI]	Committed_AS:     646188 kB
20220312 042933.482 INFO             PET2 PIOc_freedecomp Enter - MemInfo: [/proc/meminfo - SSI]	CommittedPercent: 0.328958 %
20220312 042933.482 INFO             PET2 PIOc_freedecomp Enter - MemInfo: [/proc/self/status]	VmPeak:	  645484 kB
20220312 042933.482 INFO             PET2 PIOc_freedecomp Enter - MemInfo: [/proc/self/status]	VmSize:	  645484 kB
20220312 042933.482 INFO             PET2 PIOc_freedecomp Enter - MemInfo: [/proc/self/status]	VmLck:	       0 kB
