build time -- 2022-03-12 04:11:32
20220312 042911.164 INFO             PET0 !!!!!!!!!!!!!!!!!!!!!!!!!!!!!!!!!!!!!!!!!!!!!!!!!!!!!!
20220312 042911.164 INFO             PET0 !!! THE ESMF_LOG IS SET TO OUTPUT ALL LOG MESSAGES !!!
20220312 042911.164 INFO             PET0 !!!     THIS MAY CAUSE SLOWDOWN IN PERFORMANCE     !!!
20220312 042911.164 INFO             PET0 !!! FOR PRODUCTION RUNS, USE:                      !!!
20220312 042911.164 INFO             PET0 !!!                   ESMF_LOGKIND_Multi_On_Error  !!!
20220312 042911.164 INFO             PET0 !!!!!!!!!!!!!!!!!!!!!!!!!!!!!!!!!!!!!!!!!!!!!!!!!!!!!!
20220312 042911.164 INFO             PET0 Running with ESMF Version   : v8.3.0b09-96-g559b459
20220312 042911.165 INFO             PET0 ESMF library build date/time: "Mar 12 2022" "04:10:25"
20220312 042911.165 INFO             PET0 ESMF library build location : /work/noaa/da/mpotts/sandbox/gfortran_8.3.0_openmpi_O_jedwards_pio_update2
20220312 042911.165 INFO             PET0 ESMF_COMM                   : openmpi
20220312 042911.165 INFO             PET0 ESMF_MOAB                   : enabled
20220312 042911.165 INFO             PET0 ESMF_LAPACK                 : enabled
20220312 042911.165 INFO             PET0 ESMF_NETCDF                 : enabled
20220312 042911.165 INFO             PET0 ESMF_PNETCDF                : disabled
20220312 042911.165 INFO             PET0 ESMF_PIO                    : enabled
20220312 042911.165 INFO             PET0 ESMF_YAMLCPP                : enabled
20220312 042911.165 INFO             PET0  Beginning Test, file ESMF_RouteHandleAdvancedUTest.F90, line 346
20220312 042911.165 INFO             PET0  NUMBER_OF_PROCESSORS           4
20220312 042911.170 INFO             PET0 ESMF_FieldRedistStoreNF(): Just entered routine.
20220312 042911.281 INFO             PET0 ESMF_FieldRedistStoreNF(): Leaving routine.
20220312 042911.281 INFO             PET0  PASS  Create RouteHandle for the original petList, ESMF_RouteHandleAdvancedUTest.F90, line 511
20220312 042911.281 INFO             PET0  PASS  Test RouteHandleIsCreated(), ESMF_RouteHandleAdvancedUTest.F90, line 519
20220312 042911.281 INFO             PET0  PASS  Test RouteHandleIsCreated() return value, ESMF_RouteHandleAdvancedUTest.F90, line 526
20220312 042911.281 INFO             PET0  PASS  Test RouteHandleGet(), ESMF_RouteHandleAdvancedUTest.F90, line 534
20220312 042911.288 INFO             PET0  PASS  Test RouteHandleWrite(), ESMF_RouteHandleAdvancedUTest.F90, line 542
20220312 042911.288 INFO             PET0  PASS  Test RouteHandleDestroy(), ESMF_RouteHandleAdvancedUTest.F90, line 550
20220312 042911.290 INFO             PET0  PASS  Test RouteHandleCreate(from file), ESMF_RouteHandleAdvancedUTest.F90, line 558
20220312 042911.292 INFO             PET0  PASS  Apply the read in Routehandle, ESMF_RouteHandleAdvancedUTest.F90, line 567
20220312 042911.292 INFO             PET0  PASS  Test RouteHandleDestroy() for the read in Routehandle, ESMF_RouteHandleAdvancedUTest.F90, line 575
20220312 042911.292 INFO             PET0 ESMF_FieldRedistStoreNF(): Just entered routine.
20220312 042911.393 INFO             PET0 ESMF_FieldRedistStoreNF(): Leaving routine.
20220312 042911.393 INFO             PET0  PASS  Create RouteHandle for the original petList, ESMF_RouteHandleAdvancedUTest.F90, line 585
20220312 042911.393 INFO             PET0  PASS  Transfer RouteHandle to a different petList, ESMF_RouteHandleAdvancedUTest.F90, line 602
20220312 042911.404 INFO             PET0 PIOc_sync Enter - MemInfo: [/proc/meminfo - SSI]	MemTotal:       196434604 kB
20220312 042911.404 INFO             PET0 PIOc_sync Enter - MemInfo: [/proc/meminfo - SSI]	MemFree:        189642372 kB
20220312 042911.404 INFO             PET0 PIOc_sync Enter - MemInfo: [/proc/meminfo - SSI]	MemAvailable:   191934476 kB
20220312 042911.404 INFO             PET0 PIOc_sync Enter - MemInfo: [/proc/meminfo - SSI]	Committed_AS:     727668 kB
20220312 042911.404 INFO             PET0 PIOc_sync Enter - MemInfo: [/proc/meminfo - SSI]	CommittedPercent: 0.370438 %
20220312 042911.404 INFO             PET0 PIOc_sync Enter - MemInfo: [/proc/self/status]	VmPeak:	  666968 kB
20220312 042911.404 INFO             PET0 PIOc_sync Enter - MemInfo: [/proc/self/status]	VmSize:	  666472 kB
20220312 042911.404 INFO             PET0 PIOc_sync Enter - MemInfo: [/proc/self/status]	VmLck:	       0 kB
20220312 042911.404 INFO             PET0 PIOc_sync Enter - MemInfo: [/proc/self/status]	VmPin:	       0 kB
20220312 042911.404 INFO             PET0 PIOc_sync Enter - MemInfo: [/proc/self/status]	VmHWM:	   64080 kB
20220312 042911.405 INFO             PET0 PIOc_sync Enter - MemInfo: [/proc/self/status]	VmRSS:	   40300 kB
20220312 042911.405 INFO             PET0 PIOc_sync Enter - MemInfo: [/proc/self/status]	VmData:	  207352 kB
20220312 042911.405 INFO             PET0 PIOc_sync Enter - MemInfo: [/proc/self/status]	VmStk:	     144 kB
20220312 042911.405 INFO             PET0 PIOc_sync Enter - MemInfo: [/proc/self/status]	VmExe:	     220 kB
20220312 042911.405 INFO             PET0 PIOc_sync Enter - MemInfo: [/proc/self/status]	VmLib:	   59892 kB
20220312 042911.405 INFO             PET0 PIOc_sync Enter - MemInfo: [/proc/self/status]	VmPTE:	     956 kB
20220312 042911.405 INFO             PET0 PIOc_sync Enter - MemInfo: [/proc/self/status]	VmSwap:	       0 kB
20220312 042911.405 INFO             PET0 PIOc_sync Enter - MemInfo: [/proc/self/status]	VmRSSPercent: 0.0205157 %
20220312 042911.405 INFO             PET0 PIOc_sync Enter - MemInfo: [malloc] Non-mmapped space allocated:                24432640 Byte
20220312 042911.405 INFO             PET0 PIOc_sync Enter - MemInfo: [malloc] Space allocated in mmapped regions:          1581056 Byte
20220312 042911.405 INFO             PET0 PIOc_sync Enter - MemInfo: [malloc] Maximum total allocated space:                     0 Byte
20220312 042911.405 INFO             PET0 PIOc_sync Enter - MemInfo: [malloc] Space in freed fastbin blocks:                   880 Byte
20220312 042911.405 INFO             PET0 PIOc_sync Enter - MemInfo: [malloc] Total allocated space:                      12904096 Byte
20220312 042911.405 INFO             PET0 PIOc_sync Enter - MemInfo: [malloc] Total free space:                           11528544 Byte
20220312 042911.405 INFO             PET0 PIOc_sync Enter - MemInfo: [malloc] Top-most, releasable space:                  6398592 Byte
20220312 042911.405 INFO             PET0 PIOc_sync Enter - MemInfo: [malloc] Total space in use, mmap + non-mmap:        14485152 Byte
20220312 042911.405 INFO             PET0 PIOc_sync Enter - MemInfo: [malloc] Total space held (mmap + non-mmap):         26013696 Byte
20220312 042911.405 INFO             PET0 PIOc_sync Enter - MemInfo: [malloc] Total space used (mmap + non-mmap):         14494496 Byte
20220312 042911.405 INFO             PET0 PIOc_sync Enter - MemInfo: Wall-clock time since execution start:               0.243403 seconds
20220312 042911.405 INFO             PET0 PIOc_sync Exit - MemInfo: [/proc/meminfo - SSI]	MemTotal:       196434604 kB
20220312 042911.405 INFO             PET0 PIOc_sync Exit - MemInfo: [/proc/meminfo - SSI]	MemFree:        189642372 kB
20220312 042911.405 INFO             PET0 PIOc_sync Exit - MemInfo: [/proc/meminfo - SSI]	MemAvailable:   191933972 kB
20220312 042911.405 INFO             PET0 PIOc_sync Exit - MemInfo: [/proc/meminfo - SSI]	Committed_AS:     727668 kB
20220312 042911.405 INFO             PET0 PIOc_sync Exit - MemInfo: [/proc/meminfo - SSI]	CommittedPercent: 0.370438 %
20220312 042911.405 INFO             PET0 PIOc_sync Exit - MemInfo: [/proc/self/status]	VmPeak:	  666968 kB
20220312 042911.405 INFO             PET0 PIOc_sync Exit - MemInfo: [/proc/self/status]	VmSize:	  666472 kB
20220312 042911.405 INFO             PET0 PIOc_sync Exit - MemInfo: [/proc/self/status]	VmLck:	       0 kB
20220312 042911.405 INFO             PET0 PIOc_sync Exit - MemInfo: [/proc/self/status]	VmPin:	       0 kB
20220312 042911.405 INFO             PET0 PIOc_sync Exit - MemInfo: [/proc/self/status]	VmHWM:	   64080 kB
20220312 042911.405 INFO             PET0 PIOc_sync Exit - MemInfo: [/proc/self/status]	VmRSS:	   40400 kB
20220312 042911.405 INFO             PET0 PIOc_sync Exit - MemInfo: [/proc/self/status]	VmData:	  207352 kB
20220312 042911.405 INFO             PET0 PIOc_sync Exit - MemInfo: [/proc/self/status]	VmStk:	     144 kB
20220312 042911.405 INFO             PET0 PIOc_sync Exit - MemInfo: [/proc/self/status]	VmExe:	     220 kB
20220312 042911.405 INFO             PET0 PIOc_sync Exit - MemInfo: [/proc/self/status]	VmLib:	   59892 kB
20220312 042911.405 INFO             PET0 PIOc_sync Exit - MemInfo: [/proc/self/status]	VmPTE:	     956 kB
20220312 042911.405 INFO             PET0 PIOc_sync Exit - MemInfo: [/proc/self/status]	VmSwap:	       0 kB
20220312 042911.405 INFO             PET0 PIOc_sync Exit - MemInfo: [/proc/self/status]	VmRSSPercent: 0.0205666 %
20220312 042911.405 INFO             PET0 PIOc_sync Exit - MemInfo: [malloc] Non-mmapped space allocated:                24432640 Byte
20220312 042911.405 INFO             PET0 PIOc_sync Exit - MemInfo: [malloc] Space allocated in mmapped regions:          1581056 Byte
20220312 042911.405 INFO             PET0 PIOc_sync Exit - MemInfo: [malloc] Maximum total allocated space:                     0 Byte
20220312 042911.405 INFO             PET0 PIOc_sync Exit - MemInfo: [malloc] Space in freed fastbin blocks:                  1104 Byte
20220312 042911.405 INFO             PET0 PIOc_sync Exit - MemInfo: [malloc] Total allocated space:                      12908848 Byte
20220312 042911.405 INFO             PET0 PIOc_sync Exit - MemInfo: [malloc] Total free space:                           11523792 Byte
20220312 042911.405 INFO             PET0 PIOc_sync Exit - MemInfo: [malloc] Top-most, releasable space:                  6398592 Byte
20220312 042911.405 INFO             PET0 PIOc_sync Exit - MemInfo: [malloc] Total space in use, mmap + non-mmap:        14489904 Byte
20220312 042911.405 INFO             PET0 PIOc_sync Exit - MemInfo: [malloc] Total space held (mmap + non-mmap):         26013696 Byte
20220312 042911.405 INFO             PET0 PIOc_sync Exit - MemInfo: [malloc] Total space used (mmap + non-mmap):         14499248 Byte
20220312 042911.405 INFO             PET0 PIOc_sync Exit - MemInfo: Wall-clock time since execution start:               0.244143 seconds
20220312 042911.406 INFO             PET0 PIOc_freedecomp Enter - MemInfo: [/proc/meminfo - SSI]	MemTotal:       196434604 kB
20220312 042911.406 INFO             PET0 PIOc_freedecomp Enter - MemInfo: [/proc/meminfo - SSI]	MemFree:        189642372 kB
20220312 042911.406 INFO             PET0 PIOc_freedecomp Enter - MemInfo: [/proc/meminfo - SSI]	MemAvailable:   191933972 kB
20220312 042911.406 INFO             PET0 PIOc_freedecomp Enter - MemInfo: [/proc/meminfo - SSI]	Committed_AS:     727668 kB
20220312 042911.406 INFO             PET0 PIOc_freedecomp Enter - MemInfo: [/proc/meminfo - SSI]	CommittedPercent: 0.370438 %
20220312 042911.406 INFO             PET0 PIOc_freedecomp Enter - MemInfo: [/proc/self/status]	VmPeak:	  666968 kB
20220312 042911.406 INFO             PET0 PIOc_freedecomp Enter - MemInfo: [/proc/self/status]	VmSize:	  666472 kB
20220312 042911.406 INFO             PET0 PIOc_freedecomp Enter - MemInfo: [/proc/self/status]	VmLck:	       0 kB
20220312 042911.406 INFO             PET0 PIOc_freedecomp Enter - MemInfo: [/proc/self/status]	VmPin:	       0 kB
20220312 042911.406 INFO             PET0 PIOc_freedecomp Enter - MemInfo: [/proc/self/status]	VmHWM:	   64080 kB
20220312 042911.406 INFO             PET0 PIOc_freedecomp Enter - MemInfo: [/proc/self/status]	VmRSS:	   40400 kB
20220312 042911.406 INFO             PET0 PIOc_freedecomp Enter - MemInfo: [/proc/self/status]	VmData:	  207352 kB
20220312 042911.406 INFO             PET0 PIOc_freedecomp Enter - MemInfo: [/proc/self/status]	VmStk:	     144 kB
20220312 042911.406 INFO             PET0 PIOc_freedecomp Enter - MemInfo: [/proc/self/status]	VmExe:	     220 kB
20220312 042911.406 INFO             PET0 PIOc_freedecomp Enter - MemInfo: [/proc/self/status]	VmLib:	   59892 kB
20220312 042911.406 INFO             PET0 PIOc_freedecomp Enter - MemInfo: [/proc/self/status]	VmPTE:	     956 kB
20220312 042911.406 INFO             PET0 PIOc_freedecomp Enter - MemInfo: [/proc/self/status]	VmSwap:	       0 kB
20220312 042911.406 INFO             PET0 PIOc_freedecomp Enter - MemInfo: [/proc/self/status]	VmRSSPercent: 0.0205666 %
20220312 042911.406 INFO             PET0 PIOc_freedecomp Enter - MemInfo: [malloc] Non-mmapped space allocated:                24432640 Byte
20220312 042911.406 INFO             PET0 PIOc_freedecomp Enter - MemInfo: [malloc] Space allocated in mmapped regions:          1581056 Byte
20220312 042911.406 INFO             PET0 PIOc_freedecomp Enter - MemInfo: [malloc] Maximum total allocated space:                     0 Byte
20220312 042911.406 INFO             PET0 PIOc_freedecomp Enter - MemInfo: [malloc] Space in freed fastbin blocks:                   912 Byte
20220312 042911.406 INFO             PET0 PIOc_freedecomp Enter - MemInfo: [malloc] Total allocated space:                       3982624 Byte
20220312 042911.406 INFO             PET0 PIOc_freedecomp Enter - MemInfo: [malloc] Total free space:                           20450016 Byte
20220312 042911.406 INFO             PET0 PIOc_freedecomp Enter - MemInfo: [malloc] Top-most, releasable space:                 14787216 Byte
20220312 042911.406 INFO             PET0 PIOc_freedecomp Enter - MemInfo: [malloc] Total space in use, mmap + non-mmap:         5563680 Byte
20220312 042911.406 INFO             PET0 PIOc_freedecomp Enter - MemInfo: [malloc] Total space held (mmap + non-mmap):         26013696 Byte
20220312 042911.406 INFO             PET0 PIOc_freedecomp Enter - MemInfo: [malloc] Total space used (mmap + non-mmap):          5573024 Byte
20220312 042911.406 INFO             PET0 PIOc_freedecomp Enter - MemInfo: Wall-clock time since execution start:               0.244999 seconds
20220312 042911.406 INFO             PET0 PIOc_freedecomp Exit - MemInfo: [/proc/meminfo - SSI]	MemTotal:       196434604 kB
20220312 042911.406 INFO             PET0 PIOc_freedecomp Exit - MemInfo: [/proc/meminfo - SSI]	MemFree:        189642372 kB
20220312 042911.406 INFO             PET0 PIOc_freedecomp Exit - MemInfo: [/proc/meminfo - SSI]	MemAvailable:   191933972 kB
20220312 042911.406 INFO             PET0 PIOc_freedecomp Exit - MemInfo: [/proc/meminfo - SSI]	Committed_AS:     727668 kB
20220312 042911.406 INFO             PET0 PIOc_freedecomp Exit - MemInfo: [/proc/meminfo - SSI]	CommittedPercent: 0.370438 %
20220312 042911.406 INFO             PET0 PIOc_freedecomp Exit - MemInfo: [/proc/self/status]	VmPeak:	  666968 kB
20220312 042911.406 INFO             PET0 PIOc_freedecomp Exit - MemInfo: [/proc/self/status]	VmSize:	  666472 kB
20220312 042911.406 INFO             PET0 PIOc_freedecomp Exit - MemInfo: [/proc/self/status]	VmLck:	       0 kB
20220312 042911.406 INFO             PET0 PIOc_freedecomp Exit - MemInfo: [/proc/self/status]	VmPin:	       0 kB
20220312 042911.406 INFO             PET0 PIOc_freedecomp Exit - MemInfo: [/proc/self/status]	VmHWM:	   64080 kB
20220312 042911.406 INFO             PET0 PIOc_freedecomp Exit - MemInfo: [/proc/self/status]	VmRSS:	   40404 kB
20220312 042911.406 INFO             PET0 PIOc_freedecomp Exit - MemInfo: [/proc/self/status]	VmData:	  207352 kB
20220312 042911.406 INFO             PET0 PIOc_freedecomp Exit - MemInfo: [/proc/self/status]	VmStk:	     144 kB
20220312 042911.406 INFO             PET0 PIOc_freedecomp Exit - MemInfo: [/proc/self/status]	VmExe:	     220 kB
20220312 042911.406 INFO             PET0 PIOc_freedecomp Exit - MemInfo: [/proc/self/status]	VmLib:	   59892 kB
20220312 042911.407 INFO             PET0 PIOc_freedecomp Exit - MemInfo: [/proc/self/status]	VmPTE:	     956 kB
20220312 042911.407 INFO             PET0 PIOc_freedecomp Exit - MemInfo: [/proc/self/status]	VmSwap:	       0 kB
20220312 042911.407 INFO             PET0 PIOc_freedecomp Exit - MemInfo: [/proc/self/status]	VmRSSPercent: 0.0205687 %
20220312 042911.407 INFO             PET0 PIOc_freedecomp Exit - MemInfo: [malloc] Non-mmapped space allocated:                24432640 Byte
20220312 042911.407 INFO             PET0 PIOc_freedecomp Exit - MemInfo: [malloc] Space allocated in mmapped regions:          1581056 Byte
20220312 042911.407 INFO             PET0 PIOc_freedecomp Exit - MemInfo: [malloc] Maximum total allocated space:                     0 Byte
20220312 042911.407 INFO             PET0 PIOc_freedecomp Exit - MemInfo: [malloc] Space in freed fastbin blocks:                  2144 Byte
20220312 042911.407 INFO             PET0 PIOc_freedecomp Exit - MemInfo: [malloc] Total allocated space:                       3975856 Byte
20220312 042911.407 INFO             PET0 PIOc_freedecomp Exit - MemInfo: [malloc] Total free space:                           20456784 Byte
20220312 042911.407 INFO             PET0 PIOc_freedecomp Exit - MemInfo: [malloc] Top-most, releasable space:                 14787216 Byte
20220312 042911.407 INFO             PET0 PIOc_freedecomp Exit - MemInfo: [malloc] Total space in use, mmap + non-mmap:         5556912 Byte
20220312 042911.407 INFO             PET0 PIOc_freedecomp Exit - MemInfo: [malloc] Total space held (mmap + non-mmap):         26013696 Byte
20220312 042911.407 INFO             PET0 PIOc_freedecomp Exit - MemInfo: [malloc] Total space used (mmap + non-mmap):          5566256 Byte
20220312 042911.407 INFO             PET0 PIOc_freedecomp Exit - MemInfo: Wall-clock time since execution start:               0.245368 seconds
20220312 042911.408 INFO             PET0 PIOc_sync Enter - MemInfo: [/proc/meminfo - SSI]	MemTotal:       196434604 kB
20220312 042911.408 INFO             PET0 PIOc_sync Enter - MemInfo: [/proc/meminfo - SSI]	MemFree:        189642372 kB
20220312 042911.408 INFO             PET0 PIOc_sync Enter - MemInfo: [/proc/meminfo - SSI]	MemAvailable:   191933972 kB
20220312 042911.408 INFO             PET0 PIOc_sync Enter - MemInfo: [/proc/meminfo - SSI]	Committed_AS:     727668 kB
20220312 042911.408 INFO             PET0 PIOc_sync Enter - MemInfo: [/proc/meminfo - SSI]	CommittedPercent: 0.370438 %
20220312 042911.408 INFO             PET0 PIOc_sync Enter - MemInfo: [/proc/self/status]	VmPeak:	  666968 kB
20220312 042911.408 INFO             PET0 PIOc_sync Enter - MemInfo: [/proc/self/status]	VmSize:	  666472 kB
20220312 042911.408 INFO             PET0 PIOc_sync Enter - MemInfo: [/proc/self/status]	VmLck:	       0 kB
20220312 042911.408 INFO             PET0 PIOc_sync Enter - MemInfo: [/proc/self/status]	VmPin:	       0 kB
20220312 042911.408 INFO             PET0 PIOc_sync Enter - MemInfo: [/proc/self/status]	VmHWM:	   64080 kB
20220312 042911.408 INFO             PET0 PIOc_sync Enter - MemInfo: [/proc/self/status]	VmRSS:	   40408 kB
20220312 042911.408 INFO             PET0 PIOc_sync Enter - MemInfo: [/proc/self/status]	VmData:	  207352 kB
20220312 042911.408 INFO             PET0 PIOc_sync Enter - MemInfo: [/proc/self/status]	VmStk:	     144 kB
20220312 042911.408 INFO             PET0 PIOc_sync Enter - MemInfo: [/proc/self/status]	VmExe:	     220 kB
20220312 042911.408 INFO             PET0 PIOc_sync Enter - MemInfo: [/proc/self/status]	VmLib:	   59892 kB
20220312 042911.408 INFO             PET0 PIOc_sync Enter - MemInfo: [/proc/self/status]	VmPTE:	     956 kB
20220312 042911.408 INFO             PET0 PIOc_sync Enter - MemInfo: [/proc/self/status]	VmSwap:	       0 kB
20220312 042911.408 INFO             PET0 PIOc_sync Enter - MemInfo: [/proc/self/status]	VmRSSPercent: 0.0205707 %
20220312 042911.408 INFO             PET0 PIOc_sync Enter - MemInfo: [malloc] Non-mmapped space allocated:                24432640 Byte
20220312 042911.408 INFO             PET0 PIOc_sync Enter - MemInfo: [malloc] Space allocated in mmapped regions:          1581056 Byte
20220312 042911.409 INFO             PET0 PIOc_sync Enter - MemInfo: [malloc] Maximum total allocated space:                     0 Byte
20220312 042911.409 INFO             PET0 PIOc_sync Enter - MemInfo: [malloc] Space in freed fastbin blocks:                  1440 Byte
20220312 042911.409 INFO             PET0 PIOc_sync Enter - MemInfo: [malloc] Total allocated space:                      12904928 Byte
20220312 042911.409 INFO             PET0 PIOc_sync Enter - MemInfo: [malloc] Total free space:                           11527712 Byte
20220312 042911.409 INFO             PET0 PIOc_sync Enter - MemInfo: [malloc] Top-most, releasable space:                  6398592 Byte
20220312 042911.409 INFO             PET0 PIOc_sync Enter - MemInfo: [malloc] Total space in use, mmap + non-mmap:        14485984 Byte
20220312 042911.409 INFO             PET0 PIOc_sync Enter - MemInfo: [malloc] Total space held (mmap + non-mmap):         26013696 Byte
20220312 042911.409 INFO             PET0 PIOc_sync Enter - MemInfo: [malloc] Total space used (mmap + non-mmap):         14495328 Byte
20220312 042911.409 INFO             PET0 PIOc_sync Enter - MemInfo: Wall-clock time since execution start:               0.247335 seconds
20220312 042911.409 INFO             PET0 PIOc_sync Exit - MemInfo: [/proc/meminfo - SSI]	MemTotal:       196434604 kB
20220312 042911.409 INFO             PET0 PIOc_sync Exit - MemInfo: [/proc/meminfo - SSI]	MemFree:        189642372 kB
20220312 042911.409 INFO             PET0 PIOc_sync Exit - MemInfo: [/proc/meminfo - SSI]	MemAvailable:   191933972 kB
20220312 042911.409 INFO             PET0 PIOc_sync Exit - MemInfo: [/proc/meminfo - SSI]	Committed_AS:     727668 kB
20220312 042911.409 INFO             PET0 PIOc_sync Exit - MemInfo: [/proc/meminfo - SSI]	CommittedPercent: 0.370438 %
20220312 042911.409 INFO             PET0 PIOc_sync Exit - MemInfo: [/proc/self/status]	VmPeak:	  666968 kB
20220312 042911.409 INFO             PET0 PIOc_sync Exit - MemInfo: [/proc/self/status]	VmSize:	  666472 kB
20220312 042911.409 INFO             PET0 PIOc_sync Exit - MemInfo: [/proc/self/status]	VmLck:	       0 kB
20220312 042911.409 INFO             PET0 PIOc_sync Exit - MemInfo: [/proc/self/status]	VmPin:	       0 kB
20220312 042911.409 INFO             PET0 PIOc_sync Exit - MemInfo: [/proc/self/status]	VmHWM:	   64080 kB
20220312 042911.409 INFO             PET0 PIOc_sync Exit - MemInfo: [/proc/self/status]	VmRSS:	   40408 kB
20220312 042911.409 INFO             PET0 PIOc_sync Exit - MemInfo: [/proc/self/status]	VmData:	  207352 kB
20220312 042911.409 INFO             PET0 PIOc_sync Exit - MemInfo: [/proc/self/status]	VmStk:	     144 kB
20220312 042911.409 INFO             PET0 PIOc_sync Exit - MemInfo: [/proc/self/status]	VmExe:	     220 kB
20220312 042911.409 INFO             PET0 PIOc_sync Exit - MemInfo: [/proc/self/status]	VmLib:	   59892 kB
20220312 042911.409 INFO             PET0 PIOc_sync Exit - MemInfo: [/proc/self/status]	VmPTE:	     956 kB
20220312 042911.409 INFO             PET0 PIOc_sync Exit - MemInfo: [/proc/self/status]	VmSwap:	       0 kB
20220312 042911.409 INFO             PET0 PIOc_sync Exit - MemInfo: [/proc/self/status]	VmRSSPercent: 0.0205707 %
20220312 042911.409 INFO             PET0 PIOc_sync Exit - MemInfo: [malloc] Non-mmapped space allocated:                24432640 Byte
20220312 042911.409 INFO             PET0 PIOc_sync Exit - MemInfo: [malloc] Space allocated in mmapped regions:          1581056 Byte
20220312 042911.409 INFO             PET0 PIOc_sync Exit - MemInfo: [malloc] Maximum total allocated space:                     0 Byte
20220312 042911.409 INFO             PET0 PIOc_sync Exit - MemInfo: [malloc] Space in freed fastbin blocks:                  1104 Byte
20220312 042911.409 INFO             PET0 PIOc_sync Exit - MemInfo: [malloc] Total allocated space:                      12909680 Byte
20220312 042911.409 INFO             PET0 PIOc_sync Exit - MemInfo: [malloc] Total free space:                           11522960 Byte
20220312 042911.409 INFO             PET0 PIOc_sync Exit - MemInfo: [malloc] Top-most, releasable space:                  6398592 Byte
20220312 042911.409 INFO             PET0 PIOc_sync Exit - MemInfo: [malloc] Total space in use, mmap + non-mmap:        14490736 Byte
20220312 042911.409 INFO             PET0 PIOc_sync Exit - MemInfo: [malloc] Total space held (mmap + non-mmap):         26013696 Byte
20220312 042911.409 INFO             PET0 PIOc_sync Exit - MemInfo: [malloc] Total space used (mmap + non-mmap):         14500080 Byte
20220312 042911.409 INFO             PET0 PIOc_sync Exit - MemInfo: Wall-clock time since execution start:               0.247823 seconds
20220312 042911.409 INFO             PET0 PIOc_freedecomp Enter - MemInfo: [/proc/meminfo - SSI]	MemTotal:       196434604 kB
20220312 042911.409 INFO             PET0 PIOc_freedecomp Enter - MemInfo: [/proc/meminfo - SSI]	MemFree:        189642372 kB
20220312 042911.409 INFO             PET0 PIOc_freedecomp Enter - MemInfo: [/proc/meminfo - SSI]	MemAvailable:   191933972 kB
20220312 042911.409 INFO             PET0 PIOc_freedecomp Enter - MemInfo: [/proc/meminfo - SSI]	Committed_AS:     727668 kB
20220312 042911.409 INFO             PET0 PIOc_freedecomp Enter - MemInfo: [/proc/meminfo - SSI]	CommittedPercent: 0.370438 %
20220312 042911.410 INFO             PET0 PIOc_freedecomp Enter - MemInfo: [/proc/self/status]	VmPeak:	  666968 kB
20220312 042911.410 INFO             PET0 PIOc_freedecomp Enter - MemInfo: [/proc/self/status]	VmSize:	  666472 kB
20220312 042911.410 INFO             PET0 PIOc_freedecomp Enter - MemInfo: [/proc/self/status]	VmLck:	       0 kB
20220312 042911.410 INFO             PET0 PIOc_freedecomp Enter - MemInfo: [/proc/self/status]	VmPin:	       0 kB
20220312 042911.410 INFO             PET0 PIOc_freedecomp Enter - MemInfo: [/proc/self/status]	VmHWM:	   64080 kB
20220312 042911.410 INFO             PET0 PIOc_freedecomp Enter - MemInfo: [/proc/self/status]	VmRSS:	   40408 kB
20220312 042911.410 INFO             PET0 PIOc_freedecomp Enter - MemInfo: [/proc/self/status]	VmData:	  207352 kB
20220312 042911.410 INFO             PET0 PIOc_freedecomp Enter - MemInfo: [/proc/self/status]	VmStk:	     144 kB
20220312 042911.410 INFO             PET0 PIOc_freedecomp Enter - MemInfo: [/proc/self/status]	VmExe:	     220 kB
20220312 042911.410 INFO             PET0 PIOc_freedecomp Enter - MemInfo: [/proc/self/status]	VmLib:	   59892 kB
20220312 042911.410 INFO             PET0 PIOc_freedecomp Enter - MemInfo: [/proc/self/status]	VmPTE:	     956 kB
20220312 042911.410 INFO             PET0 PIOc_freedecomp Enter - MemInfo: [/proc/self/status]	VmSwap:	       0 kB
20220312 042911.410 INFO             PET0 PIOc_freedecomp Enter - MemInfo: [/proc/self/status]	VmRSSPercent: 0.0205707 %
20220312 042911.410 INFO             PET0 PIOc_freedecomp Enter - MemInfo: [malloc] Non-mmapped space allocated:                24432640 Byte
20220312 042911.410 INFO             PET0 PIOc_freedecomp Enter - MemInfo: [malloc] Space allocated in mmapped regions:          1581056 Byte
20220312 042911.410 INFO             PET0 PIOc_freedecomp Enter - MemInfo: [malloc] Maximum total allocated space:                     0 Byte
20220312 042911.410 INFO             PET0 PIOc_freedecomp Enter - MemInfo: [malloc] Space in freed fastbin blocks:                   896 Byte
20220312 042911.410 INFO             PET0 PIOc_freedecomp Enter - MemInfo: [malloc] Total allocated space:                       3982656 Byte
20220312 042911.410 INFO             PET0 PIOc_freedecomp Enter - MemInfo: [malloc] Total free space:                           20449984 Byte
20220312 042911.410 INFO             PET0 PIOc_freedecomp Enter - MemInfo: [malloc] Top-most, releasable space:                 14787216 Byte
20220312 042911.410 INFO             PET0 PIOc_freedecomp Enter - MemInfo: [malloc] Total space in use, mmap + non-mmap:         5563712 Byte
20220312 042911.410 INFO             PET0 PIOc_freedecomp Enter - MemInfo: [malloc] Total space held (mmap + non-mmap):         26013696 Byte
20220312 042911.410 INFO             PET0 PIOc_freedecomp Enter - MemInfo: [malloc] Total space used (mmap + non-mmap):          5573056 Byte
20220312 042911.410 INFO             PET0 PIOc_freedecomp Enter - MemInfo: Wall-clock time since execution start:               0.248418 seconds
20220312 042911.410 INFO             PET0 PIOc_freedecomp Exit - MemInfo: [/proc/meminfo - SSI]	MemTotal:       196434604 kB
20220312 042911.410 INFO             PET0 PIOc_freedecomp Exit - MemInfo: [/proc/meminfo - SSI]	MemFree:        189642372 kB
20220312 042911.410 INFO             PET0 PIOc_freedecomp Exit - MemInfo: [/proc/meminfo - SSI]	MemAvailable:   191933972 kB
20220312 042911.410 INFO             PET0 PIOc_freedecomp Exit - MemInfo: [/proc/meminfo - SSI]	Committed_AS:     727668 kB
20220312 042911.410 INFO             PET0 PIOc_freedecomp Exit - MemInfo: [/proc/meminfo - SSI]	CommittedPercent: 0.370438 %
20220312 042911.410 INFO             PET0 PIOc_freedecomp Exit - MemInfo: [/proc/self/status]	VmPeak:	  666968 kB
20220312 042911.410 INFO             PET0 PIOc_freedecomp Exit - MemInfo: [/proc/self/status]	VmSize:	  666472 kB
20220312 042911.410 INFO             PET0 PIOc_freedecomp Exit - MemInfo: [/proc/self/status]	VmLck:	       0 kB
20220312 042911.410 INFO             PET0 PIOc_freedecomp Exit - MemInfo: [/proc/self/status]	VmPin:	       0 kB
20220312 042911.410 INFO             PET0 PIOc_freedecomp Exit - MemInfo: [/proc/self/status]	VmHWM:	   64080 kB
20220312 042911.410 INFO             PET0 PIOc_freedecomp Exit - MemInfo: [/proc/self/status]	VmRSS:	   40408 kB
20220312 042911.410 INFO             PET0 PIOc_freedecomp Exit - MemInfo: [/proc/self/status]	VmData:	  207352 kB
20220312 042911.410 INFO             PET0 PIOc_freedecomp Exit - MemInfo: [/proc/self/status]	VmStk:	     144 kB
20220312 042911.410 INFO             PET0 PIOc_freedecomp Exit - MemInfo: [/proc/self/status]	VmExe:	     220 kB
20220312 042911.410 INFO             PET0 PIOc_freedecomp Exit - MemInfo: [/proc/self/status]	VmLib:	   59892 kB
20220312 042911.410 INFO             PET0 PIOc_freedecomp Exit - MemInfo: [/proc/self/status]	VmPTE:	     956 kB
20220312 042911.410 INFO             PET0 PIOc_freedecomp Exit - MemInfo: [/proc/self/status]	VmSwap:	       0 kB
20220312 042911.410 INFO             PET0 PIOc_freedecomp Exit - MemInfo: [/proc/self/status]	VmRSSPercent: 0.0205707 %
20220312 042911.410 INFO             PET0 PIOc_freedecomp Exit - MemInfo: [malloc] Non-mmapped space allocated:                24432640 Byte
20220312 042911.410 INFO             PET0 PIOc_freedecomp Exit - MemInfo: [malloc] Space allocated in mmapped regions:          1581056 Byte
20220312 042911.410 INFO             PET0 PIOc_freedecomp Exit - MemInfo: [malloc] Maximum total allocated space:                     0 Byte
20220312 042911.410 INFO             PET0 PIOc_freedecomp Exit - MemInfo: [malloc] Space in freed fastbin blocks:                  1920 Byte
20220312 042911.410 INFO             PET0 PIOc_freedecomp Exit - MemInfo: [malloc] Total allocated space:                       3975888 Byte
20220312 042911.410 INFO             PET0 PIOc_freedecomp Exit - MemInfo: [malloc] Total free space:                           20456752 Byte
20220312 042911.410 INFO             PET0 PIOc_freedecomp Exit - MemInfo: [malloc] Top-most, releasable space:                 14787216 Byte
20220312 042911.410 INFO             PET0 PIOc_freedecomp Exit - MemInfo: [malloc] Total space in use, mmap + non-mmap:         5556944 Byte
20220312 042911.410 INFO             PET0 PIOc_freedecomp Exit - MemInfo: [malloc] Total space held (mmap + non-mmap):         26013696 Byte
20220312 042911.410 INFO             PET0 PIOc_freedecomp Exit - MemInfo: [malloc] Total space used (mmap + non-mmap):          5566288 Byte
20220312 042911.410 INFO             PET0 PIOc_freedecomp Exit - MemInfo: Wall-clock time since execution start:               0.248781 seconds
20220312 042911.412 INFO             PET0 PIOc_sync Enter - MemInfo: [/proc/meminfo - SSI]	MemTotal:       196434604 kB
20220312 042911.412 INFO             PET0 PIOc_sync Enter - MemInfo: [/proc/meminfo - SSI]	MemFree:        189642372 kB
20220312 042911.412 INFO             PET0 PIOc_sync Enter - MemInfo: [/proc/meminfo - SSI]	MemAvailable:   191933972 kB
20220312 042911.412 INFO             PET0 PIOc_sync Enter - MemInfo: [/proc/meminfo - SSI]	Committed_AS:     727668 kB
20220312 042911.412 INFO             PET0 PIOc_sync Enter - MemInfo: [/proc/meminfo - SSI]	CommittedPercent: 0.370438 %
20220312 042911.412 INFO             PET0 PIOc_sync Enter - MemInfo: [/proc/self/status]	VmPeak:	  666968 kB
20220312 042911.412 INFO             PET0 PIOc_sync Enter - MemInfo: [/proc/self/status]	VmSize:	  666472 kB
20220312 042911.412 INFO             PET0 PIOc_sync Enter - MemInfo: [/proc/self/status]	VmLck:	       0 kB
20220312 042911.412 INFO             PET0 PIOc_sync Enter - MemInfo: [/proc/self/status]	VmPin:	       0 kB
20220312 042911.412 INFO             PET0 PIOc_sync Enter - MemInfo: [/proc/self/status]	VmHWM:	   64080 kB
20220312 042911.412 INFO             PET0 PIOc_sync Enter - MemInfo: [/proc/self/status]	VmRSS:	   40408 kB
20220312 042911.412 INFO             PET0 PIOc_sync Enter - MemInfo: [/proc/self/status]	VmData:	  207352 kB
20220312 042911.412 INFO             PET0 PIOc_sync Enter - MemInfo: [/proc/self/status]	VmStk:	     144 kB
20220312 042911.412 INFO             PET0 PIOc_sync Enter - MemInfo: [/proc/self/status]	VmExe:	     220 kB
20220312 042911.412 INFO             PET0 PIOc_sync Enter - MemInfo: [/proc/self/status]	VmLib:	   59892 kB
20220312 042911.412 INFO             PET0 PIOc_sync Enter - MemInfo: [/proc/self/status]	VmPTE:	     956 kB
20220312 042911.412 INFO             PET0 PIOc_sync Enter - MemInfo: [/proc/self/status]	VmSwap:	       0 kB
20220312 042911.412 INFO             PET0 PIOc_sync Enter - MemInfo: [/proc/self/status]	VmRSSPercent: 0.0205707 %
20220312 042911.412 INFO             PET0 PIOc_sync Enter - MemInfo: [malloc] Non-mmapped space allocated:                24432640 Byte
20220312 042911.412 INFO             PET0 PIOc_sync Enter - MemInfo: [malloc] Space allocated in mmapped regions:          1581056 Byte
20220312 042911.412 INFO             PET0 PIOc_sync Enter - MemInfo: [malloc] Maximum total allocated space:                     0 Byte
20220312 042911.412 INFO             PET0 PIOc_sync Enter - MemInfo: [malloc] Space in freed fastbin blocks:                  1888 Byte
20220312 042911.412 INFO             PET0 PIOc_sync Enter - MemInfo: [malloc] Total allocated space:                      12905616 Byte
20220312 042911.412 INFO             PET0 PIOc_sync Enter - MemInfo: [malloc] Total free space:                           11527024 Byte
20220312 042911.412 INFO             PET0 PIOc_sync Enter - MemInfo: [malloc] Top-most, releasable space:                  6398592 Byte
20220312 042911.412 INFO             PET0 PIOc_sync Enter - MemInfo: [malloc] Total space in use, mmap + non-mmap:        14486672 Byte
20220312 042911.412 INFO             PET0 PIOc_sync Enter - MemInfo: [malloc] Total space held (mmap + non-mmap):         26013696 Byte
20220312 042911.412 INFO             PET0 PIOc_sync Enter - MemInfo: [malloc] Total space used (mmap + non-mmap):         14496016 Byte
20220312 042911.412 INFO             PET0 PIOc_sync Enter - MemInfo: Wall-clock time since execution start:               0.250657 seconds
20220312 042911.412 INFO             PET0 PIOc_sync Exit - MemInfo: [/proc/meminfo - SSI]	MemTotal:       196434604 kB
20220312 042911.412 INFO             PET0 PIOc_sync Exit - MemInfo: [/proc/meminfo - SSI]	MemFree:        189642372 kB
20220312 042911.412 INFO             PET0 PIOc_sync Exit - MemInfo: [/proc/meminfo - SSI]	MemAvailable:   191933972 kB
20220312 042911.412 INFO             PET0 PIOc_sync Exit - MemInfo: [/proc/meminfo - SSI]	Committed_AS:     727668 kB
20220312 042911.412 INFO             PET0 PIOc_sync Exit - MemInfo: [/proc/meminfo - SSI]	CommittedPercent: 0.370438 %
20220312 042911.412 INFO             PET0 PIOc_sync Exit - MemInfo: [/proc/self/status]	VmPeak:	  666968 kB
20220312 042911.412 INFO             PET0 PIOc_sync Exit - MemInfo: [/proc/self/status]	VmSize:	  666472 kB
20220312 042911.412 INFO             PET0 PIOc_sync Exit - MemInfo: [/proc/self/status]	VmLck:	       0 kB
20220312 042911.412 INFO             PET0 PIOc_sync Exit - MemInfo: [/proc/self/status]	VmPin:	       0 kB
20220312 042911.412 INFO             PET0 PIOc_sync Exit - MemInfo: [/proc/self/status]	VmHWM:	   64080 kB
20220312 042911.412 INFO             PET0 PIOc_sync Exit - MemInfo: [/proc/self/status]	VmRSS:	   40408 kB
20220312 042911.412 INFO             PET0 PIOc_sync Exit - MemInfo: [/proc/self/status]	VmData:	  207352 kB
20220312 042911.412 INFO             PET0 PIOc_sync Exit - MemInfo: [/proc/self/status]	VmStk:	     144 kB
20220312 042911.412 INFO             PET0 PIOc_sync Exit - MemInfo: [/proc/self/status]	VmExe:	     220 kB
20220312 042911.412 INFO             PET0 PIOc_sync Exit - MemInfo: [/proc/self/status]	VmLib:	   59892 kB
20220312 042911.412 INFO             PET0 PIOc_sync Exit - MemInfo: [/proc/self/status]	VmPTE:	     956 kB
20220312 042911.412 INFO             PET0 PIOc_sync Exit - MemInfo: [/proc/self/status]	VmSwap:	       0 kB
20220312 042911.412 INFO             PET0 PIOc_sync Exit - MemInfo: [/proc/self/status]	VmRSSPercent: 0.0205707 %
20220312 042911.412 INFO             PET0 PIOc_sync Exit - MemInfo: [malloc] Non-mmapped space allocated:                24432640 Byte
20220312 042911.412 INFO             PET0 PIOc_sync Exit - MemInfo: [malloc] Space allocated in mmapped regions:          1581056 Byte
20220312 042911.412 INFO             PET0 PIOc_sync Exit - MemInfo: [malloc] Maximum total allocated space:                     0 Byte
20220312 042911.412 INFO             PET0 PIOc_sync Exit - MemInfo: [malloc] Space in freed fastbin blocks:                  1200 Byte
20220312 042911.412 INFO             PET0 PIOc_sync Exit - MemInfo: [malloc] Total allocated space:                      12910384 Byte
20220312 042911.412 INFO             PET0 PIOc_sync Exit - MemInfo: [malloc] Total free space:                           11522256 Byte
20220312 042911.412 INFO             PET0 PIOc_sync Exit - MemInfo: [malloc] Top-most, releasable space:                  6398592 Byte
20220312 042911.412 INFO             PET0 PIOc_sync Exit - MemInfo: [malloc] Total space in use, mmap + non-mmap:        14491440 Byte
20220312 042911.412 INFO             PET0 PIOc_sync Exit - MemInfo: [malloc] Total space held (mmap + non-mmap):         26013696 Byte
20220312 042911.412 INFO             PET0 PIOc_sync Exit - MemInfo: [malloc] Total space used (mmap + non-mmap):         14500800 Byte
20220312 042911.412 INFO             PET0 PIOc_sync Exit - MemInfo: Wall-clock time since execution start:               0.251151 seconds
20220312 042911.413 INFO             PET0 PIOc_freedecomp Enter - MemInfo: [/proc/meminfo - SSI]	MemTotal:       196434604 kB
20220312 042911.413 INFO             PET0 PIOc_freedecomp Enter - MemInfo: [/proc/meminfo - SSI]	MemFree:        189642372 kB
20220312 042911.413 INFO             PET0 PIOc_freedecomp Enter - MemInfo: [/proc/meminfo - SSI]	MemAvailable:   191933972 kB
20220312 042911.413 INFO             PET0 PIOc_freedecomp Enter - MemInfo: [/proc/meminfo - SSI]	Committed_AS:     727668 kB
20220312 042911.413 INFO             PET0 PIOc_freedecomp Enter - MemInfo: [/proc/meminfo - SSI]	CommittedPercent: 0.370438 %
20220312 042911.413 INFO             PET0 PIOc_freedecomp Enter - MemInfo: [/proc/self/status]	VmPeak:	  666968 kB
20220312 042911.413 INFO             PET0 PIOc_freedecomp Enter - MemInfo: [/proc/self/status]	VmSize:	  666472 kB
20220312 042911.413 INFO             PET0 PIOc_freedecomp Enter - MemInfo: [/proc/self/status]	VmLck:	       0 kB
20220312 042911.413 INFO             PET0 PIOc_freedecomp Enter - MemInfo: [/proc/self/status]	VmPin:	       0 kB
20220312 042911.413 INFO             PET0 PIOc_freedecomp Enter - MemInfo: [/proc/self/status]	VmHWM:	   64080 kB
20220312 042911.413 INFO             PET0 PIOc_freedecomp Enter - MemInfo: [/proc/self/status]	VmRSS:	   40408 kB
20220312 042911.413 INFO             PET0 PIOc_freedecomp Enter - MemInfo: [/proc/self/status]	VmData:	  207352 kB
20220312 042911.413 INFO             PET0 PIOc_freedecomp Enter - MemInfo: [/proc/self/status]	VmStk:	     144 kB
20220312 042911.413 INFO             PET0 PIOc_freedecomp Enter - MemInfo: [/proc/self/status]	VmExe:	     220 kB
20220312 042911.413 INFO             PET0 PIOc_freedecomp Enter - MemInfo: [/proc/self/status]	VmLib:	   59892 kB
20220312 042911.413 INFO             PET0 PIOc_freedecomp Enter - MemInfo: [/proc/self/status]	VmPTE:	     956 kB
20220312 042911.413 INFO             PET0 PIOc_freedecomp Enter - MemInfo: [/proc/self/status]	VmSwap:	       0 kB
20220312 042911.413 INFO             PET0 PIOc_freedecomp Enter - MemInfo: [/proc/self/status]	VmRSSPercent: 0.0205707 %
20220312 042911.413 INFO             PET0 PIOc_freedecomp Enter - MemInfo: [malloc] Non-mmapped space allocated:                24432640 Byte
20220312 042911.413 INFO             PET0 PIOc_freedecomp Enter - MemInfo: [malloc] Space allocated in mmapped regions:          1581056 Byte
20220312 042911.413 INFO             PET0 PIOc_freedecomp Enter - MemInfo: [malloc] Maximum total allocated space:                     0 Byte
20220312 042911.413 INFO             PET0 PIOc_freedecomp Enter - MemInfo: [malloc] Space in freed fastbin blocks:                   912 Byte
20220312 042911.413 INFO             PET0 PIOc_freedecomp Enter - MemInfo: [malloc] Total allocated space:                       3982624 Byte
20220312 042911.413 INFO             PET0 PIOc_freedecomp Enter - MemInfo: [malloc] Total free space:                           20450016 Byte
20220312 042911.413 INFO             PET0 PIOc_freedecomp Enter - MemInfo: [malloc] Top-most, releasable space:                 14787216 Byte
20220312 042911.413 INFO             PET0 PIOc_freedecomp Enter - MemInfo: [malloc] Total space in use, mmap + non-mmap:         5563680 Byte
20220312 042911.413 INFO             PET0 PIOc_freedecomp Enter - MemInfo: [malloc] Total space held (mmap + non-mmap):         26013696 Byte
20220312 042911.413 INFO             PET0 PIOc_freedecomp Enter - MemInfo: [malloc] Total space used (mmap + non-mmap):          5573024 Byte
20220312 042911.413 INFO             PET0 PIOc_freedecomp Enter - MemInfo: Wall-clock time since execution start:               0.251847 seconds
20220312 042911.413 INFO             PET0 PIOc_freedecomp Exit - MemInfo: [/proc/meminfo - SSI]	MemTotal:       196434604 kB
20220312 042911.413 INFO             PET0 PIOc_freedecomp Exit - MemInfo: [/proc/meminfo - SSI]	MemFree:        189642372 kB
20220312 042911.413 INFO             PET0 PIOc_freedecomp Exit - MemInfo: [/proc/meminfo - SSI]	MemAvailable:   191933972 kB
20220312 042911.413 INFO             PET0 PIOc_freedecomp Exit - MemInfo: [/proc/meminfo - SSI]	Committed_AS:     727668 kB
20220312 042911.413 INFO             PET0 PIOc_freedecomp Exit - MemInfo: [/proc/meminfo - SSI]	CommittedPercent: 0.370438 %
20220312 042911.413 INFO             PET0 PIOc_freedecomp Exit - MemInfo: [/proc/self/status]	VmPeak:	  666968 kB
20220312 042911.413 INFO             PET0 PIOc_freedecomp Exit - MemInfo: [/proc/self/status]	VmSize:	  666472 kB
20220312 042911.413 INFO             PET0 PIOc_freedecomp Exit - MemInfo: [/proc/self/status]	VmLck:	       0 kB
20220312 042911.413 INFO             PET0 PIOc_freedecomp Exit - MemInfo: [/proc/self/status]	VmPin:	       0 kB
20220312 042911.413 INFO             PET0 PIOc_freedecomp Exit - MemInfo: [/proc/self/status]	VmHWM:	   64080 kB
20220312 042911.413 INFO             PET0 PIOc_freedecomp Exit - MemInfo: [/proc/self/status]	VmRSS:	   40408 kB
20220312 042911.413 INFO             PET0 PIOc_freedecomp Exit - MemInfo: [/proc/self/status]	VmData:	  207352 kB
20220312 042911.413 INFO             PET0 PIOc_freedecomp Exit - MemInfo: [/proc/self/status]	VmStk:	     144 kB
20220312 042911.413 INFO             PET0 PIOc_freedecomp Exit - MemInfo: [/proc/self/status]	VmExe:	     220 kB
20220312 042911.413 INFO             PET0 PIOc_freedecomp Exit - MemInfo: [/proc/self/status]	VmLib:	   59892 kB
20220312 042911.413 INFO             PET0 PIOc_freedecomp Exit - MemInfo: [/proc/self/status]	VmPTE:	     956 kB
20220312 042911.413 INFO             PET0 PIOc_freedecomp Exit - MemInfo: [/proc/self/status]	VmSwap:	       0 kB
20220312 042911.413 INFO             PET0 PIOc_freedecomp Exit - MemInfo: [/proc/self/status]	VmRSSPercent: 0.0205707 %
20220312 042911.413 INFO             PET0 PIOc_freedecomp Exit - MemInfo: [malloc] Non-mmapped space allocated:                24432640 Byte
20220312 042911.413 INFO             PET0 PIOc_freedecomp Exit - MemInfo: [malloc] Space allocated in mmapped regions:          1581056 Byte
20220312 042911.413 INFO             PET0 PIOc_freedecomp Exit - MemInfo: [malloc] Maximum total allocated space:                     0 Byte
20220312 042911.413 INFO             PET0 PIOc_freedecomp Exit - MemInfo: [malloc] Space in freed fastbin blocks:                  2192 Byte
20220312 042911.413 INFO             PET0 PIOc_freedecomp Exit - MemInfo: [malloc] Total allocated space:                       3975840 Byte
20220312 042911.413 INFO             PET0 PIOc_freedecomp Exit - MemInfo: [malloc] Total free space:                           20456800 Byte
20220312 042911.413 INFO             PET0 PIOc_freedecomp Exit - MemInfo: [malloc] Top-most, releasable space:                 14787216 Byte
20220312 042911.413 INFO             PET0 PIOc_freedecomp Exit - MemInfo: [malloc] Total space in use, mmap + non-mmap:         5556896 Byte
20220312 042911.413 INFO             PET0 PIOc_freedecomp Exit - MemInfo: [malloc] Total space held (mmap + non-mmap):         26013696 Byte
20220312 042911.413 INFO             PET0 PIOc_freedecomp Exit - MemInfo: [malloc] Total space used (mmap + non-mmap):          5566240 Byte
20220312 042911.413 INFO             PET0 PIOc_freedecomp Exit - MemInfo: Wall-clock time since execution start:               0.252208 seconds
20220312 042911.415 INFO             PET0 PIOc_sync Enter - MemInfo: [/proc/meminfo - SSI]	MemTotal:       196434604 kB
20220312 042911.415 INFO             PET0 PIOc_sync Enter - MemInfo: [/proc/meminfo - SSI]	MemFree:        189642116 kB
20220312 042911.415 INFO             PET0 PIOc_sync Enter - MemInfo: [/proc/meminfo - SSI]	MemAvailable:   191933716 kB
20220312 042911.415 INFO             PET0 PIOc_sync Enter - MemInfo: [/proc/meminfo - SSI]	Committed_AS:     727668 kB
20220312 042911.415 INFO             PET0 PIOc_sync Enter - MemInfo: [/proc/meminfo - SSI]	CommittedPercent: 0.370438 %
20220312 042911.415 INFO             PET0 PIOc_sync Enter - MemInfo: [/proc/self/status]	VmPeak:	  666968 kB
20220312 042911.415 INFO             PET0 PIOc_sync Enter - MemInfo: [/proc/self/status]	VmSize:	  666472 kB
20220312 042911.415 INFO             PET0 PIOc_sync Enter - MemInfo: [/proc/self/status]	VmLck:	       0 kB
20220312 042911.415 INFO             PET0 PIOc_sync Enter - MemInfo: [/proc/self/status]	VmPin:	       0 kB
20220312 042911.415 INFO             PET0 PIOc_sync Enter - MemInfo: [/proc/self/status]	VmHWM:	   64080 kB
20220312 042911.415 INFO             PET0 PIOc_sync Enter - MemInfo: [/proc/self/status]	VmRSS:	   40408 kB
20220312 042911.415 INFO             PET0 PIOc_sync Enter - MemInfo: [/proc/self/status]	VmData:	  207352 kB
20220312 042911.415 INFO             PET0 PIOc_sync Enter - MemInfo: [/proc/self/status]	VmStk:	     144 kB
20220312 042911.415 INFO             PET0 PIOc_sync Enter - MemInfo: [/proc/self/status]	VmExe:	     220 kB
20220312 042911.415 INFO             PET0 PIOc_sync Enter - MemInfo: [/proc/self/status]	VmLib:	   59892 kB
20220312 042911.415 INFO             PET0 PIOc_sync Enter - MemInfo: [/proc/self/status]	VmPTE:	     956 kB
20220312 042911.415 INFO             PET0 PIOc_sync Enter - MemInfo: [/proc/self/status]	VmSwap:	       0 kB
20220312 042911.415 INFO             PET0 PIOc_sync Enter - MemInfo: [/proc/self/status]	VmRSSPercent: 0.0205707 %
20220312 042911.415 INFO             PET0 PIOc_sync Enter - MemInfo: [malloc] Non-mmapped space allocated:                24432640 Byte
20220312 042911.415 INFO             PET0 PIOc_sync Enter - MemInfo: [malloc] Space allocated in mmapped regions:          1581056 Byte
20220312 042911.415 INFO             PET0 PIOc_sync Enter - MemInfo: [malloc] Maximum total allocated space:                     0 Byte
20220312 042911.415 INFO             PET0 PIOc_sync Enter - MemInfo: [malloc] Space in freed fastbin blocks:                  2352 Byte
20220312 042911.415 INFO             PET0 PIOc_sync Enter - MemInfo: [malloc] Total allocated space:                      12906416 Byte
20220312 042911.415 INFO             PET0 PIOc_sync Enter - MemInfo: [malloc] Total free space:                           11526224 Byte
20220312 042911.415 INFO             PET0 PIOc_sync Enter - MemInfo: [malloc] Top-most, releasable space:                  6398592 Byte
20220312 042911.415 INFO             PET0 PIOc_sync Enter - MemInfo: [malloc] Total space in use, mmap + non-mmap:        14487472 Byte
20220312 042911.415 INFO             PET0 PIOc_sync Enter - MemInfo: [malloc] Total space held (mmap + non-mmap):         26013696 Byte
20220312 042911.415 INFO             PET0 PIOc_sync Enter - MemInfo: [malloc] Total space used (mmap + non-mmap):         14496816 Byte
20220312 042911.415 INFO             PET0 PIOc_sync Enter - MemInfo: Wall-clock time since execution start:               0.254019 seconds
20220312 042911.415 INFO             PET0 PIOc_sync Exit - MemInfo: [/proc/meminfo - SSI]	MemTotal:       196434604 kB
20220312 042911.416 INFO             PET0 PIOc_sync Exit - MemInfo: [/proc/meminfo - SSI]	MemFree:        189642116 kB
20220312 042911.416 INFO             PET0 PIOc_sync Exit - MemInfo: [/proc/meminfo - SSI]	MemAvailable:   191933716 kB
20220312 042911.416 INFO             PET0 PIOc_sync Exit - MemInfo: [/proc/meminfo - SSI]	Committed_AS:     727668 kB
20220312 042911.416 INFO             PET0 PIOc_sync Exit - MemInfo: [/proc/meminfo - SSI]	CommittedPercent: 0.370438 %
20220312 042911.416 INFO             PET0 PIOc_sync Exit - MemInfo: [/proc/self/status]	VmPeak:	  666968 kB
20220312 042911.416 INFO             PET0 PIOc_sync Exit - MemInfo: [/proc/self/status]	VmSize:	  666472 kB
20220312 042911.416 INFO             PET0 PIOc_sync Exit - MemInfo: [/proc/self/status]	VmLck:	       0 kB
20220312 042911.416 INFO             PET0 PIOc_sync Exit - MemInfo: [/proc/self/status]	VmPin:	       0 kB
20220312 042911.416 INFO             PET0 PIOc_sync Exit - MemInfo: [/proc/self/status]	VmHWM:	   64080 kB
20220312 042911.416 INFO             PET0 PIOc_sync Exit - MemInfo: [/proc/self/status]	VmRSS:	   40408 kB
20220312 042911.416 INFO             PET0 PIOc_sync Exit - MemInfo: [/proc/self/status]	VmData:	  207352 kB
20220312 042911.416 INFO             PET0 PIOc_sync Exit - MemInfo: [/proc/self/status]	VmStk:	     144 kB
20220312 042911.416 INFO             PET0 PIOc_sync Exit - MemInfo: [/proc/self/status]	VmExe:	     220 kB
20220312 042911.416 INFO             PET0 PIOc_sync Exit - MemInfo: [/proc/self/status]	VmLib:	   59892 kB
20220312 042911.416 INFO             PET0 PIOc_sync Exit - MemInfo: [/proc/self/status]	VmPTE:	     956 kB
20220312 042911.416 INFO             PET0 PIOc_sync Exit - MemInfo: [/proc/self/status]	VmSwap:	       0 kB
20220312 042911.416 INFO             PET0 PIOc_sync Exit - MemInfo: [/proc/self/status]	VmRSSPercent: 0.0205707 %
20220312 042911.416 INFO             PET0 PIOc_sync Exit - MemInfo: [malloc] Non-mmapped space allocated:                24432640 Byte
20220312 042911.416 INFO             PET0 PIOc_sync Exit - MemInfo: [malloc] Space allocated in mmapped regions:          1581056 Byte
20220312 042911.416 INFO             PET0 PIOc_sync Exit - MemInfo: [malloc] Maximum total allocated space:                     0 Byte
20220312 042911.416 INFO             PET0 PIOc_sync Exit - MemInfo: [malloc] Space in freed fastbin blocks:                  1104 Byte
20220312 042911.416 INFO             PET0 PIOc_sync Exit - MemInfo: [malloc] Total allocated space:                      12911168 Byte
20220312 042911.416 INFO             PET0 PIOc_sync Exit - MemInfo: [malloc] Total free space:                           11521472 Byte
20220312 042911.416 INFO             PET0 PIOc_sync Exit - MemInfo: [malloc] Top-most, releasable space:                  6398592 Byte
20220312 042911.416 INFO             PET0 PIOc_sync Exit - MemInfo: [malloc] Total space in use, mmap + non-mmap:        14492224 Byte
20220312 042911.416 INFO             PET0 PIOc_sync Exit - MemInfo: [malloc] Total space held (mmap + non-mmap):         26013696 Byte
20220312 042911.416 INFO             PET0 PIOc_sync Exit - MemInfo: [malloc] Total space used (mmap + non-mmap):         14501568 Byte
20220312 042911.416 INFO             PET0 PIOc_sync Exit - MemInfo: Wall-clock time since execution start:               0.254505 seconds
20220312 042911.416 INFO             PET0 PIOc_freedecomp Enter - MemInfo: [/proc/meminfo - SSI]	MemTotal:       196434604 kB
20220312 042911.416 INFO             PET0 PIOc_freedecomp Enter - MemInfo: [/proc/meminfo - SSI]	MemFree:        189642116 kB
20220312 042911.416 INFO             PET0 PIOc_freedecomp Enter - MemInfo: [/proc/meminfo - SSI]	MemAvailable:   191933716 kB
20220312 042911.416 INFO             PET0 PIOc_freedecomp Enter - MemInfo: [/proc/meminfo - SSI]	Committed_AS:     727668 kB
20220312 042911.416 INFO             PET0 PIOc_freedecomp Enter - MemInfo: [/proc/meminfo - SSI]	CommittedPercent: 0.370438 %
20220312 042911.416 INFO             PET0 PIOc_freedecomp Enter - MemInfo: [/proc/self/status]	VmPeak:	  666968 kB
20220312 042911.416 INFO             PET0 PIOc_freedecomp Enter - MemInfo: [/proc/self/status]	VmSize:	  666472 kB
20220312 042911.416 INFO             PET0 PIOc_freedecomp Enter - MemInfo: [/proc/self/status]	VmLck:	       0 kB
20220312 042911.416 INFO             PET0 PIOc_freedecomp Enter - MemInfo: [/proc/self/status]	VmPin:	       0 kB
20220312 042911.416 INFO             PET0 PIOc_freedecomp Enter - MemInfo: [/proc/self/status]	VmHWM:	   64080 kB
20220312 042911.416 INFO             PET0 PIOc_freedecomp Enter - MemInfo: [/proc/self/status]	VmRSS:	   40408 kB
20220312 042911.416 INFO             PET0 PIOc_freedecomp Enter - MemInfo: [/proc/self/status]	VmData:	  207352 kB
20220312 042911.416 INFO             PET0 PIOc_freedecomp Enter - MemInfo: [/proc/self/status]	VmStk:	     144 kB
20220312 042911.416 INFO             PET0 PIOc_freedecomp Enter - MemInfo: [/proc/self/status]	VmExe:	     220 kB
20220312 042911.416 INFO             PET0 PIOc_freedecomp Enter - MemInfo: [/proc/self/status]	VmLib:	   59892 kB
20220312 042911.416 INFO             PET0 PIOc_freedecomp Enter - MemInfo: [/proc/self/status]	VmPTE:	     956 kB
20220312 042911.416 INFO             PET0 PIOc_freedecomp Enter - MemInfo: [/proc/self/status]	VmSwap:	       0 kB
20220312 042911.416 INFO             PET0 PIOc_freedecomp Enter - MemInfo: [/proc/self/status]	VmRSSPercent: 0.0205707 %
20220312 042911.416 INFO             PET0 PIOc_freedecomp Enter - MemInfo: [malloc] Non-mmapped space allocated:                24432640 Byte
20220312 042911.416 INFO             PET0 PIOc_freedecomp Enter - MemInfo: [malloc] Space allocated in mmapped regions:          1581056 Byte
20220312 042911.416 INFO             PET0 PIOc_freedecomp Enter - MemInfo: [malloc] Maximum total allocated space:                     0 Byte
20220312 042911.416 INFO             PET0 PIOc_freedecomp Enter - MemInfo: [malloc] Space in freed fastbin blocks:                   912 Byte
20220312 042911.416 INFO             PET0 PIOc_freedecomp Enter - MemInfo: [malloc] Total allocated space:                       3982656 Byte
20220312 042911.416 INFO             PET0 PIOc_freedecomp Enter - MemInfo: [malloc] Total free space:                           20449984 Byte
20220312 042911.416 INFO             PET0 PIOc_freedecomp Enter - MemInfo: [malloc] Top-most, releasable space:                 14787216 Byte
20220312 042911.416 INFO             PET0 PIOc_freedecomp Enter - MemInfo: [malloc] Total space in use, mmap + non-mmap:         5563712 Byte
20220312 042911.416 INFO             PET0 PIOc_freedecomp Enter - MemInfo: [malloc] Total space held (mmap + non-mmap):         26013696 Byte
20220312 042911.416 INFO             PET0 PIOc_freedecomp Enter - MemInfo: [malloc] Total space used (mmap + non-mmap):          5573056 Byte
20220312 042911.416 INFO             PET0 PIOc_freedecomp Enter - MemInfo: Wall-clock time since execution start:                0.25506 seconds
20220312 042911.416 INFO             PET0 PIOc_freedecomp Exit - MemInfo: [/proc/meminfo - SSI]	MemTotal:       196434604 kB
20220312 042911.416 INFO             PET0 PIOc_freedecomp Exit - MemInfo: [/proc/meminfo - SSI]	MemFree:        189642116 kB
20220312 042911.416 INFO             PET0 PIOc_freedecomp Exit - MemInfo: [/proc/meminfo - SSI]	MemAvailable:   191933716 kB
20220312 042911.416 INFO             PET0 PIOc_freedecomp Exit - MemInfo: [/proc/meminfo - SSI]	Committed_AS:     727668 kB
20220312 042911.416 INFO             PET0 PIOc_freedecomp Exit - MemInfo: [/proc/meminfo - SSI]	CommittedPercent: 0.370438 %
20220312 042911.417 INFO             PET0 PIOc_freedecomp Exit - MemInfo: [/proc/self/status]	VmPeak:	  666968 kB
20220312 042911.417 INFO             PET0 PIOc_freedecomp Exit - MemInfo: [/proc/self/status]	VmSize:	  666472 kB
20220312 042911.417 INFO             PET0 PIOc_freedecomp Exit - MemInfo: [/proc/self/status]	VmLck:	       0 kB
20220312 042911.417 INFO             PET0 PIOc_freedecomp Exit - MemInfo: [/proc/self/status]	VmPin:	       0 kB
20220312 042911.417 INFO             PET0 PIOc_freedecomp Exit - MemInfo: [/proc/self/status]	VmHWM:	   64080 kB
20220312 042911.417 INFO             PET0 PIOc_freedecomp Exit - MemInfo: [/proc/self/status]	VmRSS:	   40408 kB
20220312 042911.417 INFO             PET0 PIOc_freedecomp Exit - MemInfo: [/proc/self/status]	VmData:	  207352 kB
20220312 042911.417 INFO             PET0 PIOc_freedecomp Exit - MemInfo: [/proc/self/status]	VmStk:	     144 kB
20220312 042911.417 INFO             PET0 PIOc_freedecomp Exit - MemInfo: [/proc/self/status]	VmExe:	     220 kB
20220312 042911.417 INFO             PET0 PIOc_freedecomp Exit - MemInfo: [/proc/self/status]	VmLib:	   59892 kB
20220312 042911.417 INFO             PET0 PIOc_freedecomp Exit - MemInfo: [/proc/self/status]	VmPTE:	     956 kB
20220312 042911.417 INFO             PET0 PIOc_freedecomp Exit - MemInfo: [/proc/self/status]	VmSwap:	       0 kB
20220312 042911.417 INFO             PET0 PIOc_freedecomp Exit - MemInfo: [/proc/self/status]	VmRSSPercent: 0.0205707 %
20220312 042911.417 INFO             PET0 PIOc_freedecomp Exit - MemInfo: [malloc] Non-mmapped space allocated:                24432640 Byte
20220312 042911.417 INFO             PET0 PIOc_freedecomp Exit - MemInfo: [malloc] Space allocated in mmapped regions:          1581056 Byte
20220312 042911.417 INFO             PET0 PIOc_freedecomp Exit - MemInfo: [malloc] Maximum total allocated space:                     0 Byte
20220312 042911.417 INFO             PET0 PIOc_freedecomp Exit - MemInfo: [malloc] Space in freed fastbin blocks:                  2560 Byte
20220312 042911.417 INFO             PET0 PIOc_freedecomp Exit - MemInfo: [malloc] Total allocated space:                       3975888 Byte
20220312 042911.417 INFO             PET0 PIOc_freedecomp Exit - MemInfo: [malloc] Total free space:                           20456752 Byte
20220312 042911.417 INFO             PET0 PIOc_freedecomp Exit - MemInfo: [malloc] Top-most, releasable space:                 14787216 Byte
20220312 042911.417 INFO             PET0 PIOc_freedecomp Exit - MemInfo: [malloc] Total space in use, mmap + non-mmap:         5556944 Byte
20220312 042911.417 INFO             PET0 PIOc_freedecomp Exit - MemInfo: [malloc] Total space held (mmap + non-mmap):         26013696 Byte
20220312 042911.417 INFO             PET0 PIOc_freedecomp Exit - MemInfo: [malloc] Total space used (mmap + non-mmap):          5566288 Byte
20220312 042911.417 INFO             PET0 PIOc_freedecomp Exit - MemInfo: Wall-clock time since execution start:                0.25542 seconds
20220312 042911.418 INFO             PET0  PASS  Test RouteHandleDestroy(), ESMF_RouteHandleAdvancedUTest.F90, line 633
20220312 042911.418 INFO             PET0  PASS  Apply the copied Routehandle, ESMF_RouteHandleAdvancedUTest.F90, line 643
20220312 042911.418 INFO             PET0  PASS  Test RouteHandleDestroy() for the copied Routehandle, ESMF_RouteHandleAdvancedUTest.F90, line 651
20220312 042911.418 INFO             PET0  PASS  Test ESMF_DynamicMaskSetR4R4R4(), ESMF_RouteHandleAdvancedUTest.F90, line 716
20220312 042911.418 INFO             PET0  PASS  Test ESMF_DynamicMaskSetR4R4R4V(), ESMF_RouteHandleAdvancedUTest.F90, line 725
20220312 042911.418 INFO             PET0  PASS  Test ESMF_DynamicMaskSetR4R8R4V(), ESMF_RouteHandleAdvancedUTest.F90, line 734
20220312 042911.418 INFO             PET0  Ending Test, file ESMF_RouteHandleAdvancedUTest.F90, line 749
20220312 042911.418 INFO             PET0 Finalizing ESMF
20220312 042911.164 INFO             PET1 !!!!!!!!!!!!!!!!!!!!!!!!!!!!!!!!!!!!!!!!!!!!!!!!!!!!!!
20220312 042911.164 INFO             PET1 !!! THE ESMF_LOG IS SET TO OUTPUT ALL LOG MESSAGES !!!
20220312 042911.164 INFO             PET1 !!!     THIS MAY CAUSE SLOWDOWN IN PERFORMANCE     !!!
20220312 042911.164 INFO             PET1 !!! FOR PRODUCTION RUNS, USE:                      !!!
20220312 042911.164 INFO             PET1 !!!                   ESMF_LOGKIND_Multi_On_Error  !!!
20220312 042911.164 INFO             PET1 !!!!!!!!!!!!!!!!!!!!!!!!!!!!!!!!!!!!!!!!!!!!!!!!!!!!!!
20220312 042911.164 INFO             PET1 Running with ESMF Version   : v8.3.0b09-96-g559b459
20220312 042911.164 INFO             PET1 ESMF library build date/time: "Mar 12 2022" "04:10:25"
20220312 042911.164 INFO             PET1 ESMF library build location : /work/noaa/da/mpotts/sandbox/gfortran_8.3.0_openmpi_O_jedwards_pio_update2
20220312 042911.164 INFO             PET1 ESMF_COMM                   : openmpi
20220312 042911.165 INFO             PET1 ESMF_MOAB                   : enabled
20220312 042911.165 INFO             PET1 ESMF_LAPACK                 : enabled
20220312 042911.165 INFO             PET1 ESMF_NETCDF                 : enabled
20220312 042911.165 INFO             PET1 ESMF_PNETCDF                : disabled
20220312 042911.165 INFO             PET1 ESMF_PIO                    : enabled
20220312 042911.165 INFO             PET1 ESMF_YAMLCPP                : enabled
20220312 042911.165 INFO             PET1  Beginning Test, file ESMF_RouteHandleAdvancedUTest.F90, line 346
20220312 042911.165 INFO             PET1  NUMBER_OF_PROCESSORS           4
20220312 042911.170 INFO             PET1 ESMF_FieldRedistStoreNF(): Just entered routine.
20220312 042911.281 INFO             PET1 ESMF_FieldRedistStoreNF(): Leaving routine.
20220312 042911.281 INFO             PET1  PASS  Create RouteHandle for the original petList, ESMF_RouteHandleAdvancedUTest.F90, line 511
20220312 042911.281 INFO             PET1  PASS  Test RouteHandleIsCreated(), ESMF_RouteHandleAdvancedUTest.F90, line 519
20220312 042911.281 INFO             PET1  PASS  Test RouteHandleIsCreated() return value, ESMF_RouteHandleAdvancedUTest.F90, line 526
20220312 042911.281 INFO             PET1  PASS  Test RouteHandleGet(), ESMF_RouteHandleAdvancedUTest.F90, line 534
20220312 042911.288 INFO             PET1  PASS  Test RouteHandleWrite(), ESMF_RouteHandleAdvancedUTest.F90, line 542
20220312 042911.288 INFO             PET1  PASS  Test RouteHandleDestroy(), ESMF_RouteHandleAdvancedUTest.F90, line 550
20220312 042911.290 INFO             PET1  PASS  Test RouteHandleCreate(from file), ESMF_RouteHandleAdvancedUTest.F90, line 558
20220312 042911.292 INFO             PET1  PASS  Apply the read in Routehandle, ESMF_RouteHandleAdvancedUTest.F90, line 567
20220312 042911.292 INFO             PET1  PASS  Test RouteHandleDestroy() for the read in Routehandle, ESMF_RouteHandleAdvancedUTest.F90, line 575
20220312 042911.292 INFO             PET1 ESMF_FieldRedistStoreNF(): Just entered routine.
20220312 042911.393 INFO             PET1 ESMF_FieldRedistStoreNF(): Leaving routine.
20220312 042911.393 INFO             PET1  PASS  Create RouteHandle for the original petList, ESMF_RouteHandleAdvancedUTest.F90, line 585
20220312 042911.393 INFO             PET1  PASS  Transfer RouteHandle to a different petList, ESMF_RouteHandleAdvancedUTest.F90, line 602
20220312 042911.404 INFO             PET1 PIOc_sync Enter - MemInfo: [/proc/meminfo - SSI]	MemTotal:       196434604 kB
20220312 042911.404 INFO             PET1 PIOc_sync Enter - MemInfo: [/proc/meminfo - SSI]	MemFree:        189642372 kB
20220312 042911.404 INFO             PET1 PIOc_sync Enter - MemInfo: [/proc/meminfo - SSI]	MemAvailable:   191934476 kB
20220312 042911.404 INFO             PET1 PIOc_sync Enter - MemInfo: [/proc/meminfo - SSI]	Committed_AS:     727668 kB
20220312 042911.404 INFO             PET1 PIOc_sync Enter - MemInfo: [/proc/meminfo - SSI]	CommittedPercent: 0.370438 %
20220312 042911.404 INFO             PET1 PIOc_sync Enter - MemInfo: [/proc/self/status]	VmPeak:	  666968 kB
20220312 042911.404 INFO             PET1 PIOc_sync Enter - MemInfo: [/proc/self/status]	VmSize:	  666472 kB
20220312 042911.404 INFO             PET1 PIOc_sync Enter - MemInfo: [/proc/self/status]	VmLck:	       0 kB
20220312 042911.404 INFO             PET1 PIOc_sync Enter - MemInfo: [/proc/self/status]	VmPin:	       0 kB
20220312 042911.404 INFO             PET1 PIOc_sync Enter - MemInfo: [/proc/self/status]	VmHWM:	   64076 kB
20220312 042911.404 INFO             PET1 PIOc_sync Enter - MemInfo: [/proc/self/status]	VmRSS:	   34104 kB
20220312 042911.404 INFO             PET1 PIOc_sync Enter - MemInfo: [/proc/self/status]	VmData:	  207352 kB
20220312 042911.404 INFO             PET1 PIOc_sync Enter - MemInfo: [/proc/self/status]	VmStk:	     144 kB
20220312 042911.404 INFO             PET1 PIOc_sync Enter - MemInfo: [/proc/self/status]	VmExe:	     220 kB
20220312 042911.404 INFO             PET1 PIOc_sync Enter - MemInfo: [/proc/self/status]	VmLib:	   59892 kB
20220312 042911.404 INFO             PET1 PIOc_sync Enter - MemInfo: [/proc/self/status]	VmPTE:	     940 kB
20220312 042911.404 INFO             PET1 PIOc_sync Enter - MemInfo: [/proc/self/status]	VmSwap:	       0 kB
20220312 042911.404 INFO             PET1 PIOc_sync Enter - MemInfo: [/proc/self/status]	VmRSSPercent: 0.0173615 %
20220312 042911.404 INFO             PET1 PIOc_sync Enter - MemInfo: [malloc] Non-mmapped space allocated:                24432640 Byte
20220312 042911.404 INFO             PET1 PIOc_sync Enter - MemInfo: [malloc] Space allocated in mmapped regions:          1581056 Byte
20220312 042911.404 INFO             PET1 PIOc_sync Enter - MemInfo: [malloc] Maximum total allocated space:                     0 Byte
20220312 042911.404 INFO             PET1 PIOc_sync Enter - MemInfo: [malloc] Space in freed fastbin blocks:                   944 Byte
20220312 042911.404 INFO             PET1 PIOc_sync Enter - MemInfo: [malloc] Total allocated space:                       3715056 Byte
20220312 042911.404 INFO             PET1 PIOc_sync Enter - MemInfo: [malloc] Total free space:                           20717584 Byte
20220312 042911.404 INFO             PET1 PIOc_sync Enter - MemInfo: [malloc] Top-most, releasable space:                 14787264 Byte
20220312 042911.404 INFO             PET1 PIOc_sync Enter - MemInfo: [malloc] Total space in use, mmap + non-mmap:         5296112 Byte
20220312 042911.404 INFO             PET1 PIOc_sync Enter - MemInfo: [malloc] Total space held (mmap + non-mmap):         26013696 Byte
20220312 042911.404 INFO             PET1 PIOc_sync Enter - MemInfo: [malloc] Total space used (mmap + non-mmap):          5305456 Byte
20220312 042911.404 INFO             PET1 PIOc_sync Enter - MemInfo: Wall-clock time since execution start:               0.243056 seconds
20220312 042911.405 INFO             PET1 PIOc_sync Exit - MemInfo: [/proc/meminfo - SSI]	MemTotal:       196434604 kB
20220312 042911.405 INFO             PET1 PIOc_sync Exit - MemInfo: [/proc/meminfo - SSI]	MemFree:        189642372 kB
20220312 042911.405 INFO             PET1 PIOc_sync Exit - MemInfo: [/proc/meminfo - SSI]	MemAvailable:   191933972 kB
20220312 042911.405 INFO             PET1 PIOc_sync Exit - MemInfo: [/proc/meminfo - SSI]	Committed_AS:     727668 kB
20220312 042911.405 INFO             PET1 PIOc_sync Exit - MemInfo: [/proc/meminfo - SSI]	CommittedPercent: 0.370438 %
20220312 042911.405 INFO             PET1 PIOc_sync Exit - MemInfo: [/proc/self/status]	VmPeak:	  666968 kB
20220312 042911.405 INFO             PET1 PIOc_sync Exit - MemInfo: [/proc/self/status]	VmSize:	  666472 kB
20220312 042911.405 INFO             PET1 PIOc_sync Exit - MemInfo: [/proc/self/status]	VmLck:	       0 kB
20220312 042911.405 INFO             PET1 PIOc_sync Exit - MemInfo: [/proc/self/status]	VmPin:	       0 kB
20220312 042911.405 INFO             PET1 PIOc_sync Exit - MemInfo: [/proc/self/status]	VmHWM:	   64076 kB
20220312 042911.405 INFO             PET1 PIOc_sync Exit - MemInfo: [/proc/self/status]	VmRSS:	   34164 kB
20220312 042911.405 INFO             PET1 PIOc_sync Exit - MemInfo: [/proc/self/status]	VmData:	  207352 kB
20220312 042911.405 INFO             PET1 PIOc_sync Exit - MemInfo: [/proc/self/status]	VmStk:	     144 kB
20220312 042911.405 INFO             PET1 PIOc_sync Exit - MemInfo: [/proc/self/status]	VmExe:	     220 kB
20220312 042911.405 INFO             PET1 PIOc_sync Exit - MemInfo: [/proc/self/status]	VmLib:	   59892 kB
20220312 042911.405 INFO             PET1 PIOc_sync Exit - MemInfo: [/proc/self/status]	VmPTE:	     940 kB
20220312 042911.405 INFO             PET1 PIOc_sync Exit - MemInfo: [/proc/self/status]	VmSwap:	       0 kB
20220312 042911.405 INFO             PET1 PIOc_sync Exit - MemInfo: [/proc/self/status]	VmRSSPercent: 0.017392 %
20220312 042911.405 INFO             PET1 PIOc_sync Exit - MemInfo: [malloc] Non-mmapped space allocated:                24432640 Byte
20220312 042911.405 INFO             PET1 PIOc_sync Exit - MemInfo: [malloc] Space allocated in mmapped regions:          1581056 Byte
20220312 042911.405 INFO             PET1 PIOc_sync Exit - MemInfo: [malloc] Maximum total allocated space:                     0 Byte
20220312 042911.405 INFO             PET1 PIOc_sync Exit - MemInfo: [malloc] Space in freed fastbin blocks:                  1504 Byte
20220312 042911.405 INFO             PET1 PIOc_sync Exit - MemInfo: [malloc] Total allocated space:                       3714976 Byte
20220312 042911.405 INFO             PET1 PIOc_sync Exit - MemInfo: [malloc] Total free space:                           20717664 Byte
20220312 042911.405 INFO             PET1 PIOc_sync Exit - MemInfo: [malloc] Top-most, releasable space:                 14787264 Byte
20220312 042911.405 INFO             PET1 PIOc_sync Exit - MemInfo: [malloc] Total space in use, mmap + non-mmap:         5296032 Byte
20220312 042911.405 INFO             PET1 PIOc_sync Exit - MemInfo: [malloc] Total space held (mmap + non-mmap):         26013696 Byte
20220312 042911.405 INFO             PET1 PIOc_sync Exit - MemInfo: [malloc] Total space used (mmap + non-mmap):          5305376 Byte
20220312 042911.405 INFO             PET1 PIOc_sync Exit - MemInfo: Wall-clock time since execution start:                0.24431 seconds
20220312 042911.406 INFO             PET1 PIOc_freedecomp Enter - MemInfo: [/proc/meminfo - SSI]	MemTotal:       196434604 kB
20220312 042911.406 INFO             PET1 PIOc_freedecomp Enter - MemInfo: [/proc/meminfo - SSI]	MemFree:        189642372 kB
20220312 042911.406 INFO             PET1 PIOc_freedecomp Enter - MemInfo: [/proc/meminfo - SSI]	MemAvailable:   191933972 kB
20220312 042911.406 INFO             PET1 PIOc_freedecomp Enter - MemInfo: [/proc/meminfo - SSI]	Committed_AS:     727668 kB
20220312 042911.406 INFO             PET1 PIOc_freedecomp Enter - MemInfo: [/proc/meminfo - SSI]	CommittedPercent: 0.370438 %
20220312 042911.406 INFO             PET1 PIOc_freedecomp Enter - MemInfo: [/proc/self/status]	VmPeak:	  666968 kB
20220312 042911.406 INFO             PET1 PIOc_freedecomp Enter - MemInfo: [/proc/self/status]	VmSize:	  666472 kB
20220312 042911.406 INFO             PET1 PIOc_freedecomp Enter - MemInfo: [/proc/self/status]	VmLck:	       0 kB
20220312 042911.406 INFO             PET1 PIOc_freedecomp Enter - MemInfo: [/proc/self/status]	VmPin:	       0 kB
20220312 042911.406 INFO             PET1 PIOc_freedecomp Enter - MemInfo: [/proc/self/status]	VmHWM:	   64076 kB
20220312 042911.406 INFO             PET1 PIOc_freedecomp Enter - MemInfo: [/proc/self/status]	VmRSS:	   34164 kB
20220312 042911.406 INFO             PET1 PIOc_freedecomp Enter - MemInfo: [/proc/self/status]	VmData:	  207352 kB
20220312 042911.406 INFO             PET1 PIOc_freedecomp Enter - MemInfo: [/proc/self/status]	VmStk:	     144 kB
20220312 042911.406 INFO             PET1 PIOc_freedecomp Enter - MemInfo: [/proc/self/status]	VmExe:	     220 kB
20220312 042911.406 INFO             PET1 PIOc_freedecomp Enter - MemInfo: [/proc/self/status]	VmLib:	   59892 kB
20220312 042911.406 INFO             PET1 PIOc_freedecomp Enter - MemInfo: [/proc/self/status]	VmPTE:	     940 kB
20220312 042911.406 INFO             PET1 PIOc_freedecomp Enter - MemInfo: [/proc/self/status]	VmSwap:	       0 kB
20220312 042911.406 INFO             PET1 PIOc_freedecomp Enter - MemInfo: [/proc/self/status]	VmRSSPercent: 0.017392 %
20220312 042911.406 INFO             PET1 PIOc_freedecomp Enter - MemInfo: [malloc] Non-mmapped space allocated:                24432640 Byte
20220312 042911.406 INFO             PET1 PIOc_freedecomp Enter - MemInfo: [malloc] Space allocated in mmapped regions:          1581056 Byte
20220312 042911.406 INFO             PET1 PIOc_freedecomp Enter - MemInfo: [malloc] Maximum total allocated space:                     0 Byte
20220312 042911.406 INFO             PET1 PIOc_freedecomp Enter - MemInfo: [malloc] Space in freed fastbin blocks:                  1536 Byte
20220312 042911.406 INFO             PET1 PIOc_freedecomp Enter - MemInfo: [malloc] Total allocated space:                       3713344 Byte
20220312 042911.406 INFO             PET1 PIOc_freedecomp Enter - MemInfo: [malloc] Total free space:                           20719296 Byte
20220312 042911.406 INFO             PET1 PIOc_freedecomp Enter - MemInfo: [malloc] Top-most, releasable space:                 14787264 Byte
20220312 042911.406 INFO             PET1 PIOc_freedecomp Enter - MemInfo: [malloc] Total space in use, mmap + non-mmap:         5294400 Byte
20220312 042911.406 INFO             PET1 PIOc_freedecomp Enter - MemInfo: [malloc] Total space held (mmap + non-mmap):         26013696 Byte
20220312 042911.406 INFO             PET1 PIOc_freedecomp Enter - MemInfo: [malloc] Total space used (mmap + non-mmap):          5303744 Byte
20220312 042911.406 INFO             PET1 PIOc_freedecomp Enter - MemInfo: Wall-clock time since execution start:               0.244894 seconds
20220312 042911.406 INFO             PET1 PIOc_freedecomp Exit - MemInfo: [/proc/meminfo - SSI]	MemTotal:       196434604 kB
20220312 042911.406 INFO             PET1 PIOc_freedecomp Exit - MemInfo: [/proc/meminfo - SSI]	MemFree:        189642372 kB
20220312 042911.406 INFO             PET1 PIOc_freedecomp Exit - MemInfo: [/proc/meminfo - SSI]	MemAvailable:   191933972 kB
20220312 042911.406 INFO             PET1 PIOc_freedecomp Exit - MemInfo: [/proc/meminfo - SSI]	Committed_AS:     727668 kB
20220312 042911.406 INFO             PET1 PIOc_freedecomp Exit - MemInfo: [/proc/meminfo - SSI]	CommittedPercent: 0.370438 %
20220312 042911.406 INFO             PET1 PIOc_freedecomp Exit - MemInfo: [/proc/self/status]	VmPeak:	  666968 kB
20220312 042911.406 INFO             PET1 PIOc_freedecomp Exit - MemInfo: [/proc/self/status]	VmSize:	  666472 kB
20220312 042911.406 INFO             PET1 PIOc_freedecomp Exit - MemInfo: [/proc/self/status]	VmLck:	       0 kB
20220312 042911.406 INFO             PET1 PIOc_freedecomp Exit - MemInfo: [/proc/self/status]	VmPin:	       0 kB
20220312 042911.406 INFO             PET1 PIOc_freedecomp Exit - MemInfo: [/proc/self/status]	VmHWM:	   64076 kB
20220312 042911.406 INFO             PET1 PIOc_freedecomp Exit - MemInfo: [/proc/self/status]	VmRSS:	   34168 kB
20220312 042911.406 INFO             PET1 PIOc_freedecomp Exit - MemInfo: [/proc/self/status]	VmData:	  207352 kB
20220312 042911.406 INFO             PET1 PIOc_freedecomp Exit - MemInfo: [/proc/self/status]	VmStk:	     144 kB
20220312 042911.406 INFO             PET1 PIOc_freedecomp Exit - MemInfo: [/proc/self/status]	VmExe:	     220 kB
20220312 042911.406 INFO             PET1 PIOc_freedecomp Exit - MemInfo: [/proc/self/status]	VmLib:	   59892 kB
20220312 042911.406 INFO             PET1 PIOc_freedecomp Exit - MemInfo: [/proc/self/status]	VmPTE:	     940 kB
20220312 042911.406 INFO             PET1 PIOc_freedecomp Exit - MemInfo: [/proc/self/status]	VmSwap:	       0 kB
20220312 042911.406 INFO             PET1 PIOc_freedecomp Exit - MemInfo: [/proc/self/status]	VmRSSPercent: 0.0173941 %
20220312 042911.406 INFO             PET1 PIOc_freedecomp Exit - MemInfo: [malloc] Non-mmapped space allocated:                24432640 Byte
20220312 042911.406 INFO             PET1 PIOc_freedecomp Exit - MemInfo: [malloc] Space allocated in mmapped regions:          1581056 Byte
20220312 042911.406 INFO             PET1 PIOc_freedecomp Exit - MemInfo: [malloc] Maximum total allocated space:                     0 Byte
20220312 042911.406 INFO             PET1 PIOc_freedecomp Exit - MemInfo: [malloc] Space in freed fastbin blocks:                  2032 Byte
20220312 042911.406 INFO             PET1 PIOc_freedecomp Exit - MemInfo: [malloc] Total allocated space:                       3711376 Byte
20220312 042911.406 INFO             PET1 PIOc_freedecomp Exit - MemInfo: [malloc] Total free space:                           20721264 Byte
20220312 042911.406 INFO             PET1 PIOc_freedecomp Exit - MemInfo: [malloc] Top-most, releasable space:                 14787264 Byte
20220312 042911.406 INFO             PET1 PIOc_freedecomp Exit - MemInfo: [malloc] Total space in use, mmap + non-mmap:         5292432 Byte
20220312 042911.406 INFO             PET1 PIOc_freedecomp Exit - MemInfo: [malloc] Total space held (mmap + non-mmap):         26013696 Byte
20220312 042911.406 INFO             PET1 PIOc_freedecomp Exit - MemInfo: [malloc] Total space used (mmap + non-mmap):          5301776 Byte
20220312 042911.406 INFO             PET1 PIOc_freedecomp Exit - MemInfo: Wall-clock time since execution start:               0.245264 seconds
20220312 042911.408 INFO             PET1 PIOc_sync Enter - MemInfo: [/proc/meminfo - SSI]	MemTotal:       196434604 kB
20220312 042911.408 INFO             PET1 PIOc_sync Enter - MemInfo: [/proc/meminfo - SSI]	MemFree:        189642372 kB
20220312 042911.408 INFO             PET1 PIOc_sync Enter - MemInfo: [/proc/meminfo - SSI]	MemAvailable:   191933972 kB
20220312 042911.408 INFO             PET1 PIOc_sync Enter - MemInfo: [/proc/meminfo - SSI]	Committed_AS:     727668 kB
20220312 042911.408 INFO             PET1 PIOc_sync Enter - MemInfo: [/proc/meminfo - SSI]	CommittedPercent: 0.370438 %
20220312 042911.408 INFO             PET1 PIOc_sync Enter - MemInfo: [/proc/self/status]	VmPeak:	  666968 kB
20220312 042911.408 INFO             PET1 PIOc_sync Enter - MemInfo: [/proc/self/status]	VmSize:	  666472 kB
20220312 042911.408 INFO             PET1 PIOc_sync Enter - MemInfo: [/proc/self/status]	VmLck:	       0 kB
20220312 042911.408 INFO             PET1 PIOc_sync Enter - MemInfo: [/proc/self/status]	VmPin:	       0 kB
20220312 042911.408 INFO             PET1 PIOc_sync Enter - MemInfo: [/proc/self/status]	VmHWM:	   64076 kB
20220312 042911.408 INFO             PET1 PIOc_sync Enter - MemInfo: [/proc/self/status]	VmRSS:	   34168 kB
20220312 042911.408 INFO             PET1 PIOc_sync Enter - MemInfo: [/proc/self/status]	VmData:	  207352 kB
20220312 042911.408 INFO             PET1 PIOc_sync Enter - MemInfo: [/proc/self/status]	VmStk:	     144 kB
20220312 042911.408 INFO             PET1 PIOc_sync Enter - MemInfo: [/proc/self/status]	VmExe:	     220 kB
20220312 042911.408 INFO             PET1 PIOc_sync Enter - MemInfo: [/proc/self/status]	VmLib:	   59892 kB
20220312 042911.408 INFO             PET1 PIOc_sync Enter - MemInfo: [/proc/self/status]	VmPTE:	     940 kB
20220312 042911.408 INFO             PET1 PIOc_sync Enter - MemInfo: [/proc/self/status]	VmSwap:	       0 kB
20220312 042911.408 INFO             PET1 PIOc_sync Enter - MemInfo: [/proc/self/status]	VmRSSPercent: 0.0173941 %
20220312 042911.408 INFO             PET1 PIOc_sync Enter - MemInfo: [malloc] Non-mmapped space allocated:                24432640 Byte
20220312 042911.408 INFO             PET1 PIOc_sync Enter - MemInfo: [malloc] Space allocated in mmapped regions:          1581056 Byte
20220312 042911.408 INFO             PET1 PIOc_sync Enter - MemInfo: [malloc] Maximum total allocated space:                     0 Byte
20220312 042911.408 INFO             PET1 PIOc_sync Enter - MemInfo: [malloc] Space in freed fastbin blocks:                   976 Byte
20220312 042911.408 INFO             PET1 PIOc_sync Enter - MemInfo: [malloc] Total allocated space:                       3772752 Byte
20220312 042911.408 INFO             PET1 PIOc_sync Enter - MemInfo: [malloc] Total free space:                           20659888 Byte
20220312 042911.408 INFO             PET1 PIOc_sync Enter - MemInfo: [malloc] Top-most, releasable space:                 14787264 Byte
20220312 042911.408 INFO             PET1 PIOc_sync Enter - MemInfo: [malloc] Total space in use, mmap + non-mmap:         5353808 Byte
20220312 042911.408 INFO             PET1 PIOc_sync Enter - MemInfo: [malloc] Total space held (mmap + non-mmap):         26013696 Byte
20220312 042911.408 INFO             PET1 PIOc_sync Enter - MemInfo: [malloc] Total space used (mmap + non-mmap):          5363152 Byte
20220312 042911.408 INFO             PET1 PIOc_sync Enter - MemInfo: Wall-clock time since execution start:               0.247241 seconds
20220312 042911.409 INFO             PET1 PIOc_sync Exit - MemInfo: [/proc/meminfo - SSI]	MemTotal:       196434604 kB
20220312 042911.409 INFO             PET1 PIOc_sync Exit - MemInfo: [/proc/meminfo - SSI]	MemFree:        189642372 kB
20220312 042911.409 INFO             PET1 PIOc_sync Exit - MemInfo: [/proc/meminfo - SSI]	MemAvailable:   191933972 kB
20220312 042911.409 INFO             PET1 PIOc_sync Exit - MemInfo: [/proc/meminfo - SSI]	Committed_AS:     727668 kB
20220312 042911.409 INFO             PET1 PIOc_sync Exit - MemInfo: [/proc/meminfo - SSI]	CommittedPercent: 0.370438 %
20220312 042911.409 INFO             PET1 PIOc_sync Exit - MemInfo: [/proc/self/status]	VmPeak:	  666968 kB
20220312 042911.409 INFO             PET1 PIOc_sync Exit - MemInfo: [/proc/self/status]	VmSize:	  666472 kB
20220312 042911.409 INFO             PET1 PIOc_sync Exit - MemInfo: [/proc/self/status]	VmLck:	       0 kB
20220312 042911.409 INFO             PET1 PIOc_sync Exit - MemInfo: [/proc/self/status]	VmPin:	       0 kB
20220312 042911.409 INFO             PET1 PIOc_sync Exit - MemInfo: [/proc/self/status]	VmHWM:	   64076 kB
20220312 042911.409 INFO             PET1 PIOc_sync Exit - MemInfo: [/proc/self/status]	VmRSS:	   34168 kB
20220312 042911.409 INFO             PET1 PIOc_sync Exit - MemInfo: [/proc/self/status]	VmData:	  207352 kB
20220312 042911.409 INFO             PET1 PIOc_sync Exit - MemInfo: [/proc/self/status]	VmStk:	     144 kB
20220312 042911.409 INFO             PET1 PIOc_sync Exit - MemInfo: [/proc/self/status]	VmExe:	     220 kB
20220312 042911.409 INFO             PET1 PIOc_sync Exit - MemInfo: [/proc/self/status]	VmLib:	   59892 kB
20220312 042911.409 INFO             PET1 PIOc_sync Exit - MemInfo: [/proc/self/status]	VmPTE:	     940 kB
20220312 042911.409 INFO             PET1 PIOc_sync Exit - MemInfo: [/proc/self/status]	VmSwap:	       0 kB
20220312 042911.409 INFO             PET1 PIOc_sync Exit - MemInfo: [/proc/self/status]	VmRSSPercent: 0.0173941 %
20220312 042911.409 INFO             PET1 PIOc_sync Exit - MemInfo: [malloc] Non-mmapped space allocated:                24432640 Byte
20220312 042911.409 INFO             PET1 PIOc_sync Exit - MemInfo: [malloc] Space allocated in mmapped regions:          1581056 Byte
20220312 042911.409 INFO             PET1 PIOc_sync Exit - MemInfo: [malloc] Maximum total allocated space:                     0 Byte
20220312 042911.409 INFO             PET1 PIOc_sync Exit - MemInfo: [malloc] Space in freed fastbin blocks:                  1504 Byte
20220312 042911.409 INFO             PET1 PIOc_sync Exit - MemInfo: [malloc] Total allocated space:                       3772672 Byte
20220312 042911.409 INFO             PET1 PIOc_sync Exit - MemInfo: [malloc] Total free space:                           20659968 Byte
20220312 042911.409 INFO             PET1 PIOc_sync Exit - MemInfo: [malloc] Top-most, releasable space:                 14787264 Byte
20220312 042911.409 INFO             PET1 PIOc_sync Exit - MemInfo: [malloc] Total space in use, mmap + non-mmap:         5353728 Byte
20220312 042911.409 INFO             PET1 PIOc_sync Exit - MemInfo: [malloc] Total space held (mmap + non-mmap):         26013696 Byte
20220312 042911.409 INFO             PET1 PIOc_sync Exit - MemInfo: [malloc] Total space used (mmap + non-mmap):          5363072 Byte
20220312 042911.409 INFO             PET1 PIOc_sync Exit - MemInfo: Wall-clock time since execution start:               0.248101 seconds
20220312 042911.410 INFO             PET1 PIOc_freedecomp Enter - MemInfo: [/proc/meminfo - SSI]	MemTotal:       196434604 kB
20220312 042911.410 INFO             PET1 PIOc_freedecomp Enter - MemInfo: [/proc/meminfo - SSI]	MemFree:        189642372 kB
20220312 042911.410 INFO             PET1 PIOc_freedecomp Enter - MemInfo: [/proc/meminfo - SSI]	MemAvailable:   191933972 kB
20220312 042911.410 INFO             PET1 PIOc_freedecomp Enter - MemInfo: [/proc/meminfo - SSI]	Committed_AS:     727668 kB
20220312 042911.410 INFO             PET1 PIOc_freedecomp Enter - MemInfo: [/proc/meminfo - SSI]	CommittedPercent: 0.370438 %
20220312 042911.410 INFO             PET1 PIOc_freedecomp Enter - MemInfo: [/proc/self/status]	VmPeak:	  666968 kB
20220312 042911.410 INFO             PET1 PIOc_freedecomp Enter - MemInfo: [/proc/self/status]	VmSize:	  666472 kB
20220312 042911.410 INFO             PET1 PIOc_freedecomp Enter - MemInfo: [/proc/self/status]	VmLck:	       0 kB
20220312 042911.410 INFO             PET1 PIOc_freedecomp Enter - MemInfo: [/proc/self/status]	VmPin:	       0 kB
20220312 042911.410 INFO             PET1 PIOc_freedecomp Enter - MemInfo: [/proc/self/status]	VmHWM:	   64076 kB
20220312 042911.410 INFO             PET1 PIOc_freedecomp Enter - MemInfo: [/proc/self/status]	VmRSS:	   34168 kB
20220312 042911.410 INFO             PET1 PIOc_freedecomp Enter - MemInfo: [/proc/self/status]	VmData:	  207352 kB
20220312 042911.410 INFO             PET1 PIOc_freedecomp Enter - MemInfo: [/proc/self/status]	VmStk:	     144 kB
20220312 042911.410 INFO             PET1 PIOc_freedecomp Enter - MemInfo: [/proc/self/status]	VmExe:	     220 kB
20220312 042911.410 INFO             PET1 PIOc_freedecomp Enter - MemInfo: [/proc/self/status]	VmLib:	   59892 kB
20220312 042911.410 INFO             PET1 PIOc_freedecomp Enter - MemInfo: [/proc/self/status]	VmPTE:	     940 kB
20220312 042911.410 INFO             PET1 PIOc_freedecomp Enter - MemInfo: [/proc/self/status]	VmSwap:	       0 kB
20220312 042911.410 INFO             PET1 PIOc_freedecomp Enter - MemInfo: [/proc/self/status]	VmRSSPercent: 0.0173941 %
20220312 042911.410 INFO             PET1 PIOc_freedecomp Enter - MemInfo: [malloc] Non-mmapped space allocated:                24432640 Byte
20220312 042911.410 INFO             PET1 PIOc_freedecomp Enter - MemInfo: [malloc] Space allocated in mmapped regions:          1581056 Byte
20220312 042911.410 INFO             PET1 PIOc_freedecomp Enter - MemInfo: [malloc] Maximum total allocated space:                     0 Byte
20220312 042911.410 INFO             PET1 PIOc_freedecomp Enter - MemInfo: [malloc] Space in freed fastbin blocks:                  1664 Byte
20220312 042911.410 INFO             PET1 PIOc_freedecomp Enter - MemInfo: [malloc] Total allocated space:                       3770896 Byte
20220312 042911.410 INFO             PET1 PIOc_freedecomp Enter - MemInfo: [malloc] Total free space:                           20661744 Byte
20220312 042911.410 INFO             PET1 PIOc_freedecomp Enter - MemInfo: [malloc] Top-most, releasable space:                 14787264 Byte
20220312 042911.410 INFO             PET1 PIOc_freedecomp Enter - MemInfo: [malloc] Total space in use, mmap + non-mmap:         5351952 Byte
20220312 042911.410 INFO             PET1 PIOc_freedecomp Enter - MemInfo: [malloc] Total space held (mmap + non-mmap):         26013696 Byte
20220312 042911.410 INFO             PET1 PIOc_freedecomp Enter - MemInfo: [malloc] Total space used (mmap + non-mmap):          5361296 Byte
20220312 042911.410 INFO             PET1 PIOc_freedecomp Enter - MemInfo: Wall-clock time since execution start:               0.248572 seconds
20220312 042911.410 INFO             PET1 PIOc_freedecomp Exit - MemInfo: [/proc/meminfo - SSI]	MemTotal:       196434604 kB
20220312 042911.410 INFO             PET1 PIOc_freedecomp Exit - MemInfo: [/proc/meminfo - SSI]	MemFree:        189642372 kB
20220312 042911.410 INFO             PET1 PIOc_freedecomp Exit - MemInfo: [/proc/meminfo - SSI]	MemAvailable:   191933972 kB
20220312 042911.410 INFO             PET1 PIOc_freedecomp Exit - MemInfo: [/proc/meminfo - SSI]	Committed_AS:     727668 kB
20220312 042911.410 INFO             PET1 PIOc_freedecomp Exit - MemInfo: [/proc/meminfo - SSI]	CommittedPercent: 0.370438 %
20220312 042911.410 INFO             PET1 PIOc_freedecomp Exit - MemInfo: [/proc/self/status]	VmPeak:	  666968 kB
20220312 042911.410 INFO             PET1 PIOc_freedecomp Exit - MemInfo: [/proc/self/status]	VmSize:	  666472 kB
20220312 042911.410 INFO             PET1 PIOc_freedecomp Exit - MemInfo: [/proc/self/status]	VmLck:	       0 kB
20220312 042911.410 INFO             PET1 PIOc_freedecomp Exit - MemInfo: [/proc/self/status]	VmPin:	       0 kB
20220312 042911.410 INFO             PET1 PIOc_freedecomp Exit - MemInfo: [/proc/self/status]	VmHWM:	   64076 kB
20220312 042911.410 INFO             PET1 PIOc_freedecomp Exit - MemInfo: [/proc/self/status]	VmRSS:	   34168 kB
20220312 042911.410 INFO             PET1 PIOc_freedecomp Exit - MemInfo: [/proc/self/status]	VmData:	  207352 kB
20220312 042911.410 INFO             PET1 PIOc_freedecomp Exit - MemInfo: [/proc/self/status]	VmStk:	     144 kB
20220312 042911.410 INFO             PET1 PIOc_freedecomp Exit - MemInfo: [/proc/self/status]	VmExe:	     220 kB
20220312 042911.410 INFO             PET1 PIOc_freedecomp Exit - MemInfo: [/proc/self/status]	VmLib:	   59892 kB
20220312 042911.410 INFO             PET1 PIOc_freedecomp Exit - MemInfo: [/proc/self/status]	VmPTE:	     940 kB
20220312 042911.410 INFO             PET1 PIOc_freedecomp Exit - MemInfo: [/proc/self/status]	VmSwap:	       0 kB
20220312 042911.410 INFO             PET1 PIOc_freedecomp Exit - MemInfo: [/proc/self/status]	VmRSSPercent: 0.0173941 %
20220312 042911.410 INFO             PET1 PIOc_freedecomp Exit - MemInfo: [malloc] Non-mmapped space allocated:                24432640 Byte
20220312 042911.410 INFO             PET1 PIOc_freedecomp Exit - MemInfo: [malloc] Space allocated in mmapped regions:          1581056 Byte
20220312 042911.410 INFO             PET1 PIOc_freedecomp Exit - MemInfo: [malloc] Maximum total allocated space:                     0 Byte
20220312 042911.410 INFO             PET1 PIOc_freedecomp Exit - MemInfo: [malloc] Space in freed fastbin blocks:                  2160 Byte
20220312 042911.410 INFO             PET1 PIOc_freedecomp Exit - MemInfo: [malloc] Total allocated space:                       3768928 Byte
20220312 042911.410 INFO             PET1 PIOc_freedecomp Exit - MemInfo: [malloc] Total free space:                           20663712 Byte
20220312 042911.410 INFO             PET1 PIOc_freedecomp Exit - MemInfo: [malloc] Top-most, releasable space:                 14787264 Byte
20220312 042911.410 INFO             PET1 PIOc_freedecomp Exit - MemInfo: [malloc] Total space in use, mmap + non-mmap:         5349984 Byte
20220312 042911.410 INFO             PET1 PIOc_freedecomp Exit - MemInfo: [malloc] Total space held (mmap + non-mmap):         26013696 Byte
20220312 042911.410 INFO             PET1 PIOc_freedecomp Exit - MemInfo: [malloc] Total space used (mmap + non-mmap):          5359328 Byte
20220312 042911.410 INFO             PET1 PIOc_freedecomp Exit - MemInfo: Wall-clock time since execution start:               0.248938 seconds
20220312 042911.411 INFO             PET1 PIOc_sync Enter - MemInfo: [/proc/meminfo - SSI]	MemTotal:       196434604 kB
20220312 042911.411 INFO             PET1 PIOc_sync Enter - MemInfo: [/proc/meminfo - SSI]	MemFree:        189642372 kB
20220312 042911.411 INFO             PET1 PIOc_sync Enter - MemInfo: [/proc/meminfo - SSI]	MemAvailable:   191933972 kB
20220312 042911.411 INFO             PET1 PIOc_sync Enter - MemInfo: [/proc/meminfo - SSI]	Committed_AS:     727668 kB
20220312 042911.411 INFO             PET1 PIOc_sync Enter - MemInfo: [/proc/meminfo - SSI]	CommittedPercent: 0.370438 %
20220312 042911.411 INFO             PET1 PIOc_sync Enter - MemInfo: [/proc/self/status]	VmPeak:	  666968 kB
20220312 042911.411 INFO             PET1 PIOc_sync Enter - MemInfo: [/proc/self/status]	VmSize:	  666472 kB
20220312 042911.412 INFO             PET1 PIOc_sync Enter - MemInfo: [/proc/self/status]	VmLck:	       0 kB
20220312 042911.412 INFO             PET1 PIOc_sync Enter - MemInfo: [/proc/self/status]	VmPin:	       0 kB
20220312 042911.412 INFO             PET1 PIOc_sync Enter - MemInfo: [/proc/self/status]	VmHWM:	   64076 kB
20220312 042911.412 INFO             PET1 PIOc_sync Enter - MemInfo: [/proc/self/status]	VmRSS:	   34168 kB
20220312 042911.412 INFO             PET1 PIOc_sync Enter - MemInfo: [/proc/self/status]	VmData:	  207352 kB
20220312 042911.412 INFO             PET1 PIOc_sync Enter - MemInfo: [/proc/self/status]	VmStk:	     144 kB
20220312 042911.412 INFO             PET1 PIOc_sync Enter - MemInfo: [/proc/self/status]	VmExe:	     220 kB
20220312 042911.412 INFO             PET1 PIOc_sync Enter - MemInfo: [/proc/self/status]	VmLib:	   59892 kB
20220312 042911.412 INFO             PET1 PIOc_sync Enter - MemInfo: [/proc/self/status]	VmPTE:	     940 kB
20220312 042911.412 INFO             PET1 PIOc_sync Enter - MemInfo: [/proc/self/status]	VmSwap:	       0 kB
20220312 042911.412 INFO             PET1 PIOc_sync Enter - MemInfo: [/proc/self/status]	VmRSSPercent: 0.0173941 %
20220312 042911.412 INFO             PET1 PIOc_sync Enter - MemInfo: [malloc] Non-mmapped space allocated:                24432640 Byte
20220312 042911.412 INFO             PET1 PIOc_sync Enter - MemInfo: [malloc] Space allocated in mmapped regions:          1581056 Byte
20220312 042911.412 INFO             PET1 PIOc_sync Enter - MemInfo: [malloc] Maximum total allocated space:                     0 Byte
20220312 042911.412 INFO             PET1 PIOc_sync Enter - MemInfo: [malloc] Space in freed fastbin blocks:                   976 Byte
20220312 042911.412 INFO             PET1 PIOc_sync Enter - MemInfo: [malloc] Total allocated space:                       3772912 Byte
20220312 042911.412 INFO             PET1 PIOc_sync Enter - MemInfo: [malloc] Total free space:                           20659728 Byte
20220312 042911.412 INFO             PET1 PIOc_sync Enter - MemInfo: [malloc] Top-most, releasable space:                 14787264 Byte
20220312 042911.412 INFO             PET1 PIOc_sync Enter - MemInfo: [malloc] Total space in use, mmap + non-mmap:         5353968 Byte
20220312 042911.412 INFO             PET1 PIOc_sync Enter - MemInfo: [malloc] Total space held (mmap + non-mmap):         26013696 Byte
20220312 042911.412 INFO             PET1 PIOc_sync Enter - MemInfo: [malloc] Total space used (mmap + non-mmap):          5363312 Byte
20220312 042911.412 INFO             PET1 PIOc_sync Enter - MemInfo: Wall-clock time since execution start:               0.250477 seconds
20220312 042911.412 INFO             PET1 PIOc_sync Exit - MemInfo: [/proc/meminfo - SSI]	MemTotal:       196434604 kB
20220312 042911.412 INFO             PET1 PIOc_sync Exit - MemInfo: [/proc/meminfo - SSI]	MemFree:        189642372 kB
20220312 042911.412 INFO             PET1 PIOc_sync Exit - MemInfo: [/proc/meminfo - SSI]	MemAvailable:   191933972 kB
20220312 042911.412 INFO             PET1 PIOc_sync Exit - MemInfo: [/proc/meminfo - SSI]	Committed_AS:     727668 kB
20220312 042911.412 INFO             PET1 PIOc_sync Exit - MemInfo: [/proc/meminfo - SSI]	CommittedPercent: 0.370438 %
20220312 042911.412 INFO             PET1 PIOc_sync Exit - MemInfo: [/proc/self/status]	VmPeak:	  666968 kB
20220312 042911.412 INFO             PET1 PIOc_sync Exit - MemInfo: [/proc/self/status]	VmSize:	  666472 kB
20220312 042911.412 INFO             PET1 PIOc_sync Exit - MemInfo: [/proc/self/status]	VmLck:	       0 kB
20220312 042911.412 INFO             PET1 PIOc_sync Exit - MemInfo: [/proc/self/status]	VmPin:	       0 kB
20220312 042911.412 INFO             PET1 PIOc_sync Exit - MemInfo: [/proc/self/status]	VmHWM:	   64076 kB
20220312 042911.412 INFO             PET1 PIOc_sync Exit - MemInfo: [/proc/self/status]	VmRSS:	   34168 kB
20220312 042911.412 INFO             PET1 PIOc_sync Exit - MemInfo: [/proc/self/status]	VmData:	  207352 kB
20220312 042911.412 INFO             PET1 PIOc_sync Exit - MemInfo: [/proc/self/status]	VmStk:	     144 kB
20220312 042911.412 INFO             PET1 PIOc_sync Exit - MemInfo: [/proc/self/status]	VmExe:	     220 kB
20220312 042911.412 INFO             PET1 PIOc_sync Exit - MemInfo: [/proc/self/status]	VmLib:	   59892 kB
20220312 042911.412 INFO             PET1 PIOc_sync Exit - MemInfo: [/proc/self/status]	VmPTE:	     940 kB
20220312 042911.412 INFO             PET1 PIOc_sync Exit - MemInfo: [/proc/self/status]	VmSwap:	       0 kB
20220312 042911.412 INFO             PET1 PIOc_sync Exit - MemInfo: [/proc/self/status]	VmRSSPercent: 0.0173941 %
20220312 042911.412 INFO             PET1 PIOc_sync Exit - MemInfo: [malloc] Non-mmapped space allocated:                24432640 Byte
20220312 042911.412 INFO             PET1 PIOc_sync Exit - MemInfo: [malloc] Space allocated in mmapped regions:          1581056 Byte
20220312 042911.412 INFO             PET1 PIOc_sync Exit - MemInfo: [malloc] Maximum total allocated space:                     0 Byte
20220312 042911.412 INFO             PET1 PIOc_sync Exit - MemInfo: [malloc] Space in freed fastbin blocks:                  1392 Byte
