build time -- 2022-03-13 06:00:12.722915
20220313 062855.637 INFO             PET0 !!!!!!!!!!!!!!!!!!!!!!!!!!!!!!!!!!!!!!!!!!!!!!!!!!!!!!
20220313 062855.637 INFO             PET0 !!! THE ESMF_LOG IS SET TO OUTPUT ALL LOG MESSAGES !!!
20220313 062855.637 INFO             PET0 !!!     THIS MAY CAUSE SLOWDOWN IN PERFORMANCE     !!!
20220313 062855.637 INFO             PET0 !!! FOR PRODUCTION RUNS, USE:                      !!!
20220313 062855.637 INFO             PET0 !!!                   ESMF_LOGKIND_Multi_On_Error  !!!
20220313 062855.637 INFO             PET0 !!!!!!!!!!!!!!!!!!!!!!!!!!!!!!!!!!!!!!!!!!!!!!!!!!!!!!
20220313 062855.637 INFO             PET0 Running with ESMF Version   : v8.3.0b09-96-g559b459836
20220313 062855.637 INFO             PET0 ESMF library build date/time: "Mar 13 2022" "05:58:15"
20220313 062855.637 INFO             PET0 ESMF library build location : /glade/scratch/rlong/esmf-testing/gfortran_7.4.0_openmpi_O_jedwards_pio_update2
20220313 062855.637 INFO             PET0 ESMF_COMM                   : openmpi
20220313 062855.637 INFO             PET0 ESMF_MOAB                   : enabled
20220313 062855.637 INFO             PET0 ESMF_LAPACK                 : enabled
20220313 062855.637 INFO             PET0 ESMF_NETCDF                 : enabled
20220313 062855.637 INFO             PET0 ESMF_PNETCDF                : disabled
20220313 062855.637 INFO             PET0 ESMF_PIO                    : enabled
20220313 062855.637 INFO             PET0 ESMF_YAMLCPP                : enabled
20220313 062855.649 INFO             PET0 PIOc_sync Enter - MemInfo: [/proc/meminfo - SSI]	MemTotal:       65507008 kB
20220313 062855.649 INFO             PET0 PIOc_sync Enter - MemInfo: [/proc/meminfo - SSI]	MemFree:        49628472 kB
20220313 062855.649 INFO             PET0 PIOc_sync Enter - MemInfo: [/proc/meminfo - SSI]	MemAvailable:   49399380 kB
20220313 062855.649 INFO             PET0 PIOc_sync Enter - MemInfo: [/proc/meminfo - SSI]	Committed_AS:   13130164 kB
20220313 062855.649 INFO             PET0 PIOc_sync Enter - MemInfo: [/proc/meminfo - SSI]	CommittedPercent: 20.0439 %
20220313 062855.649 INFO             PET0 PIOc_sync Enter - MemInfo: [/proc/self/status]	VmPeak:	  521384 kB
20220313 062855.649 INFO             PET0 PIOc_sync Enter - MemInfo: [/proc/self/status]	VmSize:	  521384 kB
20220313 062855.649 INFO             PET0 PIOc_sync Enter - MemInfo: [/proc/self/status]	VmLck:	       0 kB
20220313 062855.649 INFO             PET0 PIOc_sync Enter - MemInfo: [/proc/self/status]	VmPin:	       0 kB
20220313 062855.649 INFO             PET0 PIOc_sync Enter - MemInfo: [/proc/self/status]	VmHWM:	   61308 kB
20220313 062855.649 INFO             PET0 PIOc_sync Enter - MemInfo: [/proc/self/status]	VmRSS:	   36196 kB
20220313 062855.649 INFO             PET0 PIOc_sync Enter - MemInfo: [/proc/self/status]	VmData:	   32224 kB
20220313 062855.649 INFO             PET0 PIOc_sync Enter - MemInfo: [/proc/self/status]	VmStk:	     148 kB
20220313 062855.649 INFO             PET0 PIOc_sync Enter - MemInfo: [/proc/self/status]	VmExe:	     224 kB
20220313 062855.649 INFO             PET0 PIOc_sync Enter - MemInfo: [/proc/self/status]	VmLib:	   49028 kB
20220313 062855.649 INFO             PET0 PIOc_sync Enter - MemInfo: [/proc/self/status]	VmPTE:	     768 kB
20220313 062855.649 INFO             PET0 PIOc_sync Enter - MemInfo: [/proc/self/status]	VmPMD:	      12 kB
20220313 062855.649 INFO             PET0 PIOc_sync Enter - MemInfo: [/proc/self/status]	VmSwap:	       0 kB
20220313 062855.649 INFO             PET0 PIOc_sync Enter - MemInfo: [/proc/self/status]	VmRSSPercent: 0.0552552 %
20220313 062855.650 INFO             PET0 PIOc_sync Enter - MemInfo: [malloc] Non-mmapped space allocated:                 3420160 Byte
20220313 062855.650 INFO             PET0 PIOc_sync Enter - MemInfo: [malloc] Space allocated in mmapped regions:         18890752 Byte
20220313 062855.650 INFO             PET0 PIOc_sync Enter - MemInfo: [malloc] Maximum total allocated space:                     0 Byte
20220313 062855.650 INFO             PET0 PIOc_sync Enter - MemInfo: [malloc] Space in freed fastbin blocks:                  1808 Byte
20220313 062855.650 INFO             PET0 PIOc_sync Enter - MemInfo: [malloc] Total allocated space:                       3058240 Byte
20220313 062855.650 INFO             PET0 PIOc_sync Enter - MemInfo: [malloc] Total free space:                             361920 Byte
20220313 062855.650 INFO             PET0 PIOc_sync Enter - MemInfo: [malloc] Top-most, releasable space:                   162096 Byte
20220313 062855.650 INFO             PET0 PIOc_sync Enter - MemInfo: [malloc] Total space in use, mmap + non-mmap:        21948992 Byte
20220313 062855.650 INFO             PET0 PIOc_sync Enter - MemInfo: [malloc] Total space held (mmap + non-mmap):         22310912 Byte
20220313 062855.650 INFO             PET0 PIOc_sync Enter - MemInfo: [malloc] Total space used (mmap + non-mmap):         21958384 Byte
20220313 062855.650 INFO             PET0 PIOc_sync Enter - MemInfo: Wall-clock time since execution start:              0.0140437 seconds
20220313 062855.652 INFO             PET0 PIOc_sync Exit - MemInfo: [/proc/meminfo - SSI]	MemTotal:       65507008 kB
20220313 062855.652 INFO             PET0 PIOc_sync Exit - MemInfo: [/proc/meminfo - SSI]	MemFree:        49627968 kB
20220313 062855.652 INFO             PET0 PIOc_sync Exit - MemInfo: [/proc/meminfo - SSI]	MemAvailable:   49398876 kB
20220313 062855.652 INFO             PET0 PIOc_sync Exit - MemInfo: [/proc/meminfo - SSI]	Committed_AS:   13130164 kB
20220313 062855.652 INFO             PET0 PIOc_sync Exit - MemInfo: [/proc/meminfo - SSI]	CommittedPercent: 20.0439 %
20220313 062855.652 INFO             PET0 PIOc_sync Exit - MemInfo: [/proc/self/status]	VmPeak:	  521384 kB
20220313 062855.652 INFO             PET0 PIOc_sync Exit - MemInfo: [/proc/self/status]	VmSize:	  521384 kB
20220313 062855.652 INFO             PET0 PIOc_sync Exit - MemInfo: [/proc/self/status]	VmLck:	       0 kB
20220313 062855.652 INFO             PET0 PIOc_sync Exit - MemInfo: [/proc/self/status]	VmPin:	       0 kB
20220313 062855.652 INFO             PET0 PIOc_sync Exit - MemInfo: [/proc/self/status]	VmHWM:	   61308 kB
20220313 062855.652 INFO             PET0 PIOc_sync Exit - MemInfo: [/proc/self/status]	VmRSS:	   36324 kB
20220313 062855.652 INFO             PET0 PIOc_sync Exit - MemInfo: [/proc/self/status]	VmData:	   32224 kB
20220313 062855.652 INFO             PET0 PIOc_sync Exit - MemInfo: [/proc/self/status]	VmStk:	     148 kB
20220313 062855.652 INFO             PET0 PIOc_sync Exit - MemInfo: [/proc/self/status]	VmExe:	     224 kB
20220313 062855.652 INFO             PET0 PIOc_sync Exit - MemInfo: [/proc/self/status]	VmLib:	   49028 kB
20220313 062855.652 INFO             PET0 PIOc_sync Exit - MemInfo: [/proc/self/status]	VmPTE:	     768 kB
20220313 062855.652 INFO             PET0 PIOc_sync Exit - MemInfo: [/proc/self/status]	VmPMD:	      12 kB
20220313 062855.652 INFO             PET0 PIOc_sync Exit - MemInfo: [/proc/self/status]	VmSwap:	       0 kB
20220313 062855.652 INFO             PET0 PIOc_sync Exit - MemInfo: [/proc/self/status]	VmRSSPercent: 0.0554506 %
20220313 062855.652 INFO             PET0 PIOc_sync Exit - MemInfo: [malloc] Non-mmapped space allocated:                 3420160 Byte
20220313 062855.652 INFO             PET0 PIOc_sync Exit - MemInfo: [malloc] Space allocated in mmapped regions:         18890752 Byte
20220313 062855.652 INFO             PET0 PIOc_sync Exit - MemInfo: [malloc] Maximum total allocated space:                     0 Byte
20220313 062855.652 INFO             PET0 PIOc_sync Exit - MemInfo: [malloc] Space in freed fastbin blocks:                  1952 Byte
20220313 062855.652 INFO             PET0 PIOc_sync Exit - MemInfo: [malloc] Total allocated space:                       3062992 Byte
20220313 062855.652 INFO             PET0 PIOc_sync Exit - MemInfo: [malloc] Total free space:                             357168 Byte
20220313 062855.652 INFO             PET0 PIOc_sync Exit - MemInfo: [malloc] Top-most, releasable space:                   153120 Byte
20220313 062855.652 INFO             PET0 PIOc_sync Exit - MemInfo: [malloc] Total space in use, mmap + non-mmap:        21953744 Byte
20220313 062855.652 INFO             PET0 PIOc_sync Exit - MemInfo: [malloc] Total space held (mmap + non-mmap):         22310912 Byte
20220313 062855.652 INFO             PET0 PIOc_sync Exit - MemInfo: [malloc] Total space used (mmap + non-mmap):         21963136 Byte
20220313 062855.652 INFO             PET0 PIOc_sync Exit - MemInfo: Wall-clock time since execution start:              0.0167717 seconds
20220313 062855.653 INFO             PET0 PIOc_freedecomp Enter - MemInfo: [/proc/meminfo - SSI]	MemTotal:       65507008 kB
20220313 062855.653 INFO             PET0 PIOc_freedecomp Enter - MemInfo: [/proc/meminfo - SSI]	MemFree:        49643088 kB
20220313 062855.653 INFO             PET0 PIOc_freedecomp Enter - MemInfo: [/proc/meminfo - SSI]	MemAvailable:   49413996 kB
20220313 062855.653 INFO             PET0 PIOc_freedecomp Enter - MemInfo: [/proc/meminfo - SSI]	Committed_AS:   13113776 kB
20220313 062855.653 INFO             PET0 PIOc_freedecomp Enter - MemInfo: [/proc/meminfo - SSI]	CommittedPercent: 20.0189 %
20220313 062855.653 INFO             PET0 PIOc_freedecomp Enter - MemInfo: [/proc/self/status]	VmPeak:	  521384 kB
20220313 062855.653 INFO             PET0 PIOc_freedecomp Enter - MemInfo: [/proc/self/status]	VmSize:	  504480 kB
20220313 062855.653 INFO             PET0 PIOc_freedecomp Enter - MemInfo: [/proc/self/status]	VmLck:	       0 kB
20220313 062855.653 INFO             PET0 PIOc_freedecomp Enter - MemInfo: [/proc/self/status]	VmPin:	       0 kB
20220313 062855.653 INFO             PET0 PIOc_freedecomp Enter - MemInfo: [/proc/self/status]	VmHWM:	   61308 kB
20220313 062855.653 INFO             PET0 PIOc_freedecomp Enter - MemInfo: [/proc/self/status]	VmRSS:	   19940 kB
20220313 062855.653 INFO             PET0 PIOc_freedecomp Enter - MemInfo: [/proc/self/status]	VmData:	   15320 kB
20220313 062855.653 INFO             PET0 PIOc_freedecomp Enter - MemInfo: [/proc/self/status]	VmStk:	     148 kB
20220313 062855.653 INFO             PET0 PIOc_freedecomp Enter - MemInfo: [/proc/self/status]	VmExe:	     224 kB
20220313 062855.653 INFO             PET0 PIOc_freedecomp Enter - MemInfo: [/proc/self/status]	VmLib:	   49028 kB
20220313 062855.653 INFO             PET0 PIOc_freedecomp Enter - MemInfo: [/proc/self/status]	VmPTE:	     736 kB
20220313 062855.653 INFO             PET0 PIOc_freedecomp Enter - MemInfo: [/proc/self/status]	VmPMD:	      12 kB
20220313 062855.653 INFO             PET0 PIOc_freedecomp Enter - MemInfo: [/proc/self/status]	VmSwap:	       0 kB
20220313 062855.653 INFO             PET0 PIOc_freedecomp Enter - MemInfo: [/proc/self/status]	VmRSSPercent: 0.0304395 %
20220313 062855.653 INFO             PET0 PIOc_freedecomp Enter - MemInfo: [malloc] Non-mmapped space allocated:                 3420160 Byte
20220313 062855.653 INFO             PET0 PIOc_freedecomp Enter - MemInfo: [malloc] Space allocated in mmapped regions:          1581056 Byte
20220313 062855.653 INFO             PET0 PIOc_freedecomp Enter - MemInfo: [malloc] Maximum total allocated space:                     0 Byte
20220313 062855.653 INFO             PET0 PIOc_freedecomp Enter - MemInfo: [malloc] Space in freed fastbin blocks:                  3888 Byte
20220313 062855.653 INFO             PET0 PIOc_freedecomp Enter - MemInfo: [malloc] Total allocated space:                       3049696 Byte
20220313 062855.653 INFO             PET0 PIOc_freedecomp Enter - MemInfo: [malloc] Total free space:                             370464 Byte
20220313 062855.653 INFO             PET0 PIOc_freedecomp Enter - MemInfo: [malloc] Top-most, releasable space:                   153216 Byte
20220313 062855.653 INFO             PET0 PIOc_freedecomp Enter - MemInfo: [malloc] Total space in use, mmap + non-mmap:         4630752 Byte
20220313 062855.653 INFO             PET0 PIOc_freedecomp Enter - MemInfo: [malloc] Total space held (mmap + non-mmap):          5001216 Byte
20220313 062855.653 INFO             PET0 PIOc_freedecomp Enter - MemInfo: [malloc] Total space used (mmap + non-mmap):          4640128 Byte
20220313 062855.653 INFO             PET0 PIOc_freedecomp Enter - MemInfo: Wall-clock time since execution start:              0.0177818 seconds
20220313 062855.653 INFO             PET0 PIOc_freedecomp Exit - MemInfo: [/proc/meminfo - SSI]	MemTotal:       65507008 kB
20220313 062855.653 INFO             PET0 PIOc_freedecomp Exit - MemInfo: [/proc/meminfo - SSI]	MemFree:        49643088 kB
20220313 062855.653 INFO             PET0 PIOc_freedecomp Exit - MemInfo: [/proc/meminfo - SSI]	MemAvailable:   49413996 kB
20220313 062855.653 INFO             PET0 PIOc_freedecomp Exit - MemInfo: [/proc/meminfo - SSI]	Committed_AS:   13113776 kB
20220313 062855.653 INFO             PET0 PIOc_freedecomp Exit - MemInfo: [/proc/meminfo - SSI]	CommittedPercent: 20.0189 %
20220313 062855.653 INFO             PET0 PIOc_freedecomp Exit - MemInfo: [/proc/self/status]	VmPeak:	  521384 kB
20220313 062855.653 INFO             PET0 PIOc_freedecomp Exit - MemInfo: [/proc/self/status]	VmSize:	  504480 kB
20220313 062855.653 INFO             PET0 PIOc_freedecomp Exit - MemInfo: [/proc/self/status]	VmLck:	       0 kB
20220313 062855.653 INFO             PET0 PIOc_freedecomp Exit - MemInfo: [/proc/self/status]	VmPin:	       0 kB
20220313 062855.653 INFO             PET0 PIOc_freedecomp Exit - MemInfo: [/proc/self/status]	VmHWM:	   61308 kB
20220313 062855.653 INFO             PET0 PIOc_freedecomp Exit - MemInfo: [/proc/self/status]	VmRSS:	   19944 kB
20220313 062855.653 INFO             PET0 PIOc_freedecomp Exit - MemInfo: [/proc/self/status]	VmData:	   15320 kB
20220313 062855.653 INFO             PET0 PIOc_freedecomp Exit - MemInfo: [/proc/self/status]	VmStk:	     148 kB
20220313 062855.653 INFO             PET0 PIOc_freedecomp Exit - MemInfo: [/proc/self/status]	VmExe:	     224 kB
20220313 062855.653 INFO             PET0 PIOc_freedecomp Exit - MemInfo: [/proc/self/status]	VmLib:	   49028 kB
20220313 062855.653 INFO             PET0 PIOc_freedecomp Exit - MemInfo: [/proc/self/status]	VmPTE:	     736 kB
20220313 062855.653 INFO             PET0 PIOc_freedecomp Exit - MemInfo: [/proc/self/status]	VmPMD:	      12 kB
20220313 062855.653 INFO             PET0 PIOc_freedecomp Exit - MemInfo: [/proc/self/status]	VmSwap:	       0 kB
20220313 062855.653 INFO             PET0 PIOc_freedecomp Exit - MemInfo: [/proc/self/status]	VmRSSPercent: 0.0304456 %
20220313 062855.653 INFO             PET0 PIOc_freedecomp Exit - MemInfo: [malloc] Non-mmapped space allocated:                 3420160 Byte
20220313 062855.654 INFO             PET0 PIOc_freedecomp Exit - MemInfo: [malloc] Space allocated in mmapped regions:          1581056 Byte
20220313 062855.654 INFO             PET0 PIOc_freedecomp Exit - MemInfo: [malloc] Maximum total allocated space:                     0 Byte
20220313 062855.654 INFO             PET0 PIOc_freedecomp Exit - MemInfo: [malloc] Space in freed fastbin blocks:                  3824 Byte
20220313 062855.654 INFO             PET0 PIOc_freedecomp Exit - MemInfo: [malloc] Total allocated space:                       3042928 Byte
20220313 062855.654 INFO             PET0 PIOc_freedecomp Exit - MemInfo: [malloc] Total free space:                             377232 Byte
20220313 062855.654 INFO             PET0 PIOc_freedecomp Exit - MemInfo: [malloc] Top-most, releasable space:                   157520 Byte
20220313 062855.654 INFO             PET0 PIOc_freedecomp Exit - MemInfo: [malloc] Total space in use, mmap + non-mmap:         4623984 Byte
20220313 062855.654 INFO             PET0 PIOc_freedecomp Exit - MemInfo: [malloc] Total space held (mmap + non-mmap):          5001216 Byte
20220313 062855.654 INFO             PET0 PIOc_freedecomp Exit - MemInfo: [malloc] Total space used (mmap + non-mmap):          4633376 Byte
20220313 062855.654 INFO             PET0 PIOc_freedecomp Exit - MemInfo: Wall-clock time since execution start:              0.0179952 seconds
20220313 062855.658 INFO             PET0 PIOc_sync Enter - MemInfo: [/proc/meminfo - SSI]	MemTotal:       65507008 kB
20220313 062855.658 INFO             PET0 PIOc_sync Enter - MemInfo: [/proc/meminfo - SSI]	MemFree:        49636536 kB
20220313 062855.658 INFO             PET0 PIOc_sync Enter - MemInfo: [/proc/meminfo - SSI]	MemAvailable:   49407444 kB
20220313 062855.658 INFO             PET0 PIOc_sync Enter - MemInfo: [/proc/meminfo - SSI]	Committed_AS:   13130112 kB
20220313 062855.658 INFO             PET0 PIOc_sync Enter - MemInfo: [/proc/meminfo - SSI]	CommittedPercent: 20.0438 %
20220313 062855.658 INFO             PET0 PIOc_sync Enter - MemInfo: [/proc/self/status]	VmPeak:	  521384 kB
20220313 062855.658 INFO             PET0 PIOc_sync Enter - MemInfo: [/proc/self/status]	VmSize:	  521332 kB
20220313 062855.658 INFO             PET0 PIOc_sync Enter - MemInfo: [/proc/self/status]	VmLck:	       0 kB
20220313 062855.658 INFO             PET0 PIOc_sync Enter - MemInfo: [/proc/self/status]	VmPin:	       0 kB
20220313 062855.658 INFO             PET0 PIOc_sync Enter - MemInfo: [/proc/self/status]	VmHWM:	   61308 kB
20220313 062855.658 INFO             PET0 PIOc_sync Enter - MemInfo: [/proc/self/status]	VmRSS:	   28336 kB
20220313 062855.658 INFO             PET0 PIOc_sync Enter - MemInfo: [/proc/self/status]	VmData:	   32172 kB
20220313 062855.658 INFO             PET0 PIOc_sync Enter - MemInfo: [/proc/self/status]	VmStk:	     148 kB
20220313 062855.658 INFO             PET0 PIOc_sync Enter - MemInfo: [/proc/self/status]	VmExe:	     224 kB
20220313 062855.658 INFO             PET0 PIOc_sync Enter - MemInfo: [/proc/self/status]	VmLib:	   49028 kB
20220313 062855.658 INFO             PET0 PIOc_sync Enter - MemInfo: [/proc/self/status]	VmPTE:	     760 kB
20220313 062855.658 INFO             PET0 PIOc_sync Enter - MemInfo: [/proc/self/status]	VmPMD:	      12 kB
20220313 062855.658 INFO             PET0 PIOc_sync Enter - MemInfo: [/proc/self/status]	VmSwap:	       0 kB
20220313 062855.658 INFO             PET0 PIOc_sync Enter - MemInfo: [/proc/self/status]	VmRSSPercent: 0.0432564 %
20220313 062855.658 INFO             PET0 PIOc_sync Enter - MemInfo: [malloc] Non-mmapped space allocated:                20676608 Byte
20220313 062855.658 INFO             PET0 PIOc_sync Enter - MemInfo: [malloc] Space allocated in mmapped regions:          1581056 Byte
20220313 062855.658 INFO             PET0 PIOc_sync Enter - MemInfo: [malloc] Maximum total allocated space:                     0 Byte
20220313 062855.658 INFO             PET0 PIOc_sync Enter - MemInfo: [malloc] Space in freed fastbin blocks:                  2400 Byte
20220313 062855.658 INFO             PET0 PIOc_sync Enter - MemInfo: [malloc] Total allocated space:                      20360544 Byte
20220313 062855.658 INFO             PET0 PIOc_sync Enter - MemInfo: [malloc] Total free space:                             316064 Byte
20220313 062855.658 INFO             PET0 PIOc_sync Enter - MemInfo: [malloc] Top-most, releasable space:                   115600 Byte
20220313 062855.658 INFO             PET0 PIOc_sync Enter - MemInfo: [malloc] Total space in use, mmap + non-mmap:        21941600 Byte
20220313 062855.658 INFO             PET0 PIOc_sync Enter - MemInfo: [malloc] Total space held (mmap + non-mmap):         22257664 Byte
20220313 062855.658 INFO             PET0 PIOc_sync Enter - MemInfo: [malloc] Total space used (mmap + non-mmap):         21950992 Byte
20220313 062855.658 INFO             PET0 PIOc_sync Enter - MemInfo: Wall-clock time since execution start:              0.0222976 seconds
20220313 062855.658 INFO             PET0 PIOc_sync Exit - MemInfo: [/proc/meminfo - SSI]	MemTotal:       65507008 kB
20220313 062855.658 INFO             PET0 PIOc_sync Exit - MemInfo: [/proc/meminfo - SSI]	MemFree:        49636032 kB
20220313 062855.658 INFO             PET0 PIOc_sync Exit - MemInfo: [/proc/meminfo - SSI]	MemAvailable:   49406940 kB
20220313 062855.658 INFO             PET0 PIOc_sync Exit - MemInfo: [/proc/meminfo - SSI]	Committed_AS:   13130112 kB
20220313 062855.658 INFO             PET0 PIOc_sync Exit - MemInfo: [/proc/meminfo - SSI]	CommittedPercent: 20.0438 %
20220313 062855.658 INFO             PET0 PIOc_sync Exit - MemInfo: [/proc/self/status]	VmPeak:	  521384 kB
20220313 062855.658 INFO             PET0 PIOc_sync Exit - MemInfo: [/proc/self/status]	VmSize:	  521332 kB
20220313 062855.658 INFO             PET0 PIOc_sync Exit - MemInfo: [/proc/self/status]	VmLck:	       0 kB
20220313 062855.658 INFO             PET0 PIOc_sync Exit - MemInfo: [/proc/self/status]	VmPin:	       0 kB
20220313 062855.658 INFO             PET0 PIOc_sync Exit - MemInfo: [/proc/self/status]	VmHWM:	   61308 kB
20220313 062855.658 INFO             PET0 PIOc_sync Exit - MemInfo: [/proc/self/status]	VmRSS:	   28352 kB
20220313 062855.658 INFO             PET0 PIOc_sync Exit - MemInfo: [/proc/self/status]	VmData:	   32172 kB
20220313 062855.658 INFO             PET0 PIOc_sync Exit - MemInfo: [/proc/self/status]	VmStk:	     148 kB
20220313 062855.658 INFO             PET0 PIOc_sync Exit - MemInfo: [/proc/self/status]	VmExe:	     224 kB
20220313 062855.658 INFO             PET0 PIOc_sync Exit - MemInfo: [/proc/self/status]	VmLib:	   49028 kB
20220313 062855.658 INFO             PET0 PIOc_sync Exit - MemInfo: [/proc/self/status]	VmPTE:	     760 kB
20220313 062855.658 INFO             PET0 PIOc_sync Exit - MemInfo: [/proc/self/status]	VmPMD:	      12 kB
20220313 062855.658 INFO             PET0 PIOc_sync Exit - MemInfo: [/proc/self/status]	VmSwap:	       0 kB
20220313 062855.658 INFO             PET0 PIOc_sync Exit - MemInfo: [/proc/self/status]	VmRSSPercent: 0.0432809 %
20220313 062855.658 INFO             PET0 PIOc_sync Exit - MemInfo: [malloc] Non-mmapped space allocated:                20676608 Byte
20220313 062855.658 INFO             PET0 PIOc_sync Exit - MemInfo: [malloc] Space allocated in mmapped regions:          1581056 Byte
20220313 062855.658 INFO             PET0 PIOc_sync Exit - MemInfo: [malloc] Maximum total allocated space:                     0 Byte
20220313 062855.658 INFO             PET0 PIOc_sync Exit - MemInfo: [malloc] Space in freed fastbin blocks:                  2048 Byte
20220313 062855.658 INFO             PET0 PIOc_sync Exit - MemInfo: [malloc] Total allocated space:                      20365312 Byte
20220313 062855.658 INFO             PET0 PIOc_sync Exit - MemInfo: [malloc] Total free space:                             311296 Byte
20220313 062855.658 INFO             PET0 PIOc_sync Exit - MemInfo: [malloc] Top-most, releasable space:                   108352 Byte
20220313 062855.658 INFO             PET0 PIOc_sync Exit - MemInfo: [malloc] Total space in use, mmap + non-mmap:        21946368 Byte
20220313 062855.658 INFO             PET0 PIOc_sync Exit - MemInfo: [malloc] Total space held (mmap + non-mmap):         22257664 Byte
20220313 062855.658 INFO             PET0 PIOc_sync Exit - MemInfo: [malloc] Total space used (mmap + non-mmap):         21955760 Byte
20220313 062855.658 INFO             PET0 PIOc_sync Exit - MemInfo: Wall-clock time since execution start:              0.0225834 seconds
20220313 062855.658 INFO             PET0 PIOc_freedecomp Enter - MemInfo: [/proc/meminfo - SSI]	MemTotal:       65507008 kB
20220313 062855.658 INFO             PET0 PIOc_freedecomp Enter - MemInfo: [/proc/meminfo - SSI]	MemFree:        49636032 kB
20220313 062855.658 INFO             PET0 PIOc_freedecomp Enter - MemInfo: [/proc/meminfo - SSI]	MemAvailable:   49406940 kB
20220313 062855.658 INFO             PET0 PIOc_freedecomp Enter - MemInfo: [/proc/meminfo - SSI]	Committed_AS:   13130112 kB
20220313 062855.658 INFO             PET0 PIOc_freedecomp Enter - MemInfo: [/proc/meminfo - SSI]	CommittedPercent: 20.0438 %
20220313 062855.658 INFO             PET0 PIOc_freedecomp Enter - MemInfo: [/proc/self/status]	VmPeak:	  521384 kB
20220313 062855.658 INFO             PET0 PIOc_freedecomp Enter - MemInfo: [/proc/self/status]	VmSize:	  521332 kB
20220313 062855.658 INFO             PET0 PIOc_freedecomp Enter - MemInfo: [/proc/self/status]	VmLck:	       0 kB
20220313 062855.658 INFO             PET0 PIOc_freedecomp Enter - MemInfo: [/proc/self/status]	VmPin:	       0 kB
20220313 062855.658 INFO             PET0 PIOc_freedecomp Enter - MemInfo: [/proc/self/status]	VmHWM:	   61308 kB
20220313 062855.658 INFO             PET0 PIOc_freedecomp Enter - MemInfo: [/proc/self/status]	VmRSS:	   28356 kB
20220313 062855.658 INFO             PET0 PIOc_freedecomp Enter - MemInfo: [/proc/self/status]	VmData:	   32172 kB
20220313 062855.658 INFO             PET0 PIOc_freedecomp Enter - MemInfo: [/proc/self/status]	VmStk:	     148 kB
20220313 062855.658 INFO             PET0 PIOc_freedecomp Enter - MemInfo: [/proc/self/status]	VmExe:	     224 kB
20220313 062855.658 INFO             PET0 PIOc_freedecomp Enter - MemInfo: [/proc/self/status]	VmLib:	   49028 kB
20220313 062855.658 INFO             PET0 PIOc_freedecomp Enter - MemInfo: [/proc/self/status]	VmPTE:	     760 kB
20220313 062855.658 INFO             PET0 PIOc_freedecomp Enter - MemInfo: [/proc/self/status]	VmPMD:	      12 kB
20220313 062855.658 INFO             PET0 PIOc_freedecomp Enter - MemInfo: [/proc/self/status]	VmSwap:	       0 kB
20220313 062855.658 INFO             PET0 PIOc_freedecomp Enter - MemInfo: [/proc/self/status]	VmRSSPercent: 0.043287 %
20220313 062855.658 INFO             PET0 PIOc_freedecomp Enter - MemInfo: [malloc] Non-mmapped space allocated:                20676608 Byte
20220313 062855.658 INFO             PET0 PIOc_freedecomp Enter - MemInfo: [malloc] Space allocated in mmapped regions:          1581056 Byte
20220313 062855.658 INFO             PET0 PIOc_freedecomp Enter - MemInfo: [malloc] Maximum total allocated space:                     0 Byte
20220313 062855.658 INFO             PET0 PIOc_freedecomp Enter - MemInfo: [malloc] Space in freed fastbin blocks:                  1808 Byte
20220313 062855.658 INFO             PET0 PIOc_freedecomp Enter - MemInfo: [malloc] Total allocated space:                       3049664 Byte
20220313 062855.658 INFO             PET0 PIOc_freedecomp Enter - MemInfo: [malloc] Total free space:                           17626944 Byte
20220313 062855.658 INFO             PET0 PIOc_freedecomp Enter - MemInfo: [malloc] Top-most, releasable space:                   112688 Byte
20220313 062855.658 INFO             PET0 PIOc_freedecomp Enter - MemInfo: [malloc] Total space in use, mmap + non-mmap:         4630720 Byte
20220313 062855.658 INFO             PET0 PIOc_freedecomp Enter - MemInfo: [malloc] Total space held (mmap + non-mmap):         22257664 Byte
20220313 062855.658 INFO             PET0 PIOc_freedecomp Enter - MemInfo: [malloc] Total space used (mmap + non-mmap):          4640096 Byte
20220313 062855.658 INFO             PET0 PIOc_freedecomp Enter - MemInfo: Wall-clock time since execution start:              0.0228285 seconds
20220313 062855.658 INFO             PET0 PIOc_freedecomp Exit - MemInfo: [/proc/meminfo - SSI]	MemTotal:       65507008 kB
20220313 062855.658 INFO             PET0 PIOc_freedecomp Exit - MemInfo: [/proc/meminfo - SSI]	MemFree:        49636032 kB
20220313 062855.658 INFO             PET0 PIOc_freedecomp Exit - MemInfo: [/proc/meminfo - SSI]	MemAvailable:   49406940 kB
20220313 062855.658 INFO             PET0 PIOc_freedecomp Exit - MemInfo: [/proc/meminfo - SSI]	Committed_AS:   13130112 kB
20220313 062855.658 INFO             PET0 PIOc_freedecomp Exit - MemInfo: [/proc/meminfo - SSI]	CommittedPercent: 20.0438 %
20220313 062855.658 INFO             PET0 PIOc_freedecomp Exit - MemInfo: [/proc/self/status]	VmPeak:	  521384 kB
20220313 062855.658 INFO             PET0 PIOc_freedecomp Exit - MemInfo: [/proc/self/status]	VmSize:	  521332 kB
20220313 062855.658 INFO             PET0 PIOc_freedecomp Exit - MemInfo: [/proc/self/status]	VmLck:	       0 kB
20220313 062855.658 INFO             PET0 PIOc_freedecomp Exit - MemInfo: [/proc/self/status]	VmPin:	       0 kB
20220313 062855.658 INFO             PET0 PIOc_freedecomp Exit - MemInfo: [/proc/self/status]	VmHWM:	   61308 kB
20220313 062855.658 INFO             PET0 PIOc_freedecomp Exit - MemInfo: [/proc/self/status]	VmRSS:	   28356 kB
20220313 062855.658 INFO             PET0 PIOc_freedecomp Exit - MemInfo: [/proc/self/status]	VmData:	   32172 kB
20220313 062855.658 INFO             PET0 PIOc_freedecomp Exit - MemInfo: [/proc/self/status]	VmStk:	     148 kB
20220313 062855.659 INFO             PET0 PIOc_freedecomp Exit - MemInfo: [/proc/self/status]	VmExe:	     224 kB
20220313 062855.659 INFO             PET0 PIOc_freedecomp Exit - MemInfo: [/proc/self/status]	VmLib:	   49028 kB
20220313 062855.659 INFO             PET0 PIOc_freedecomp Exit - MemInfo: [/proc/self/status]	VmPTE:	     760 kB
20220313 062855.659 INFO             PET0 PIOc_freedecomp Exit - MemInfo: [/proc/self/status]	VmPMD:	      12 kB
20220313 062855.659 INFO             PET0 PIOc_freedecomp Exit - MemInfo: [/proc/self/status]	VmSwap:	       0 kB
20220313 062855.659 INFO             PET0 PIOc_freedecomp Exit - MemInfo: [/proc/self/status]	VmRSSPercent: 0.043287 %
20220313 062855.659 INFO             PET0 PIOc_freedecomp Exit - MemInfo: [malloc] Non-mmapped space allocated:                20676608 Byte
20220313 062855.659 INFO             PET0 PIOc_freedecomp Exit - MemInfo: [malloc] Space allocated in mmapped regions:          1581056 Byte
20220313 062855.659 INFO             PET0 PIOc_freedecomp Exit - MemInfo: [malloc] Maximum total allocated space:                     0 Byte
20220313 062855.659 INFO             PET0 PIOc_freedecomp Exit - MemInfo: [malloc] Space in freed fastbin blocks:                  2336 Byte
20220313 062855.659 INFO             PET0 PIOc_freedecomp Exit - MemInfo: [malloc] Total allocated space:                       3042880 Byte
20220313 062855.659 INFO             PET0 PIOc_freedecomp Exit - MemInfo: [malloc] Total free space:                           17633728 Byte
20220313 062855.659 INFO             PET0 PIOc_freedecomp Exit - MemInfo: [malloc] Top-most, releasable space:                   112688 Byte
20220313 062855.659 INFO             PET0 PIOc_freedecomp Exit - MemInfo: [malloc] Total space in use, mmap + non-mmap:         4623936 Byte
20220313 062855.659 INFO             PET0 PIOc_freedecomp Exit - MemInfo: [malloc] Total space held (mmap + non-mmap):         22257664 Byte
20220313 062855.659 INFO             PET0 PIOc_freedecomp Exit - MemInfo: [malloc] Total space used (mmap + non-mmap):          4633312 Byte
20220313 062855.659 INFO             PET0 PIOc_freedecomp Exit - MemInfo: Wall-clock time since execution start:              0.0230347 seconds
20220313 062855.660 INFO             PET0 PIOc_sync Enter - MemInfo: [/proc/meminfo - SSI]	MemTotal:       65507008 kB
20220313 062855.660 INFO             PET0 PIOc_sync Enter - MemInfo: [/proc/meminfo - SSI]	MemFree:        49636032 kB
20220313 062855.660 INFO             PET0 PIOc_sync Enter - MemInfo: [/proc/meminfo - SSI]	MemAvailable:   49406940 kB
20220313 062855.660 INFO             PET0 PIOc_sync Enter - MemInfo: [/proc/meminfo - SSI]	Committed_AS:   13130112 kB
20220313 062855.660 INFO             PET0 PIOc_sync Enter - MemInfo: [/proc/meminfo - SSI]	CommittedPercent: 20.0438 %
20220313 062855.660 INFO             PET0 PIOc_sync Enter - MemInfo: [/proc/self/status]	VmPeak:	  529520 kB
20220313 062855.660 INFO             PET0 PIOc_sync Enter - MemInfo: [/proc/self/status]	VmSize:	  521332 kB
20220313 062855.660 INFO             PET0 PIOc_sync Enter - MemInfo: [/proc/self/status]	VmLck:	       0 kB
20220313 062855.660 INFO             PET0 PIOc_sync Enter - MemInfo: [/proc/self/status]	VmPin:	       0 kB
20220313 062855.660 INFO             PET0 PIOc_sync Enter - MemInfo: [/proc/self/status]	VmHWM:	   61308 kB
20220313 062855.660 INFO             PET0 PIOc_sync Enter - MemInfo: [/proc/self/status]	VmRSS:	   28688 kB
20220313 062855.660 INFO             PET0 PIOc_sync Enter - MemInfo: [/proc/self/status]	VmData:	   32172 kB
20220313 062855.660 INFO             PET0 PIOc_sync Enter - MemInfo: [/proc/self/status]	VmStk:	     148 kB
20220313 062855.660 INFO             PET0 PIOc_sync Enter - MemInfo: [/proc/self/status]	VmExe:	     224 kB
20220313 062855.660 INFO             PET0 PIOc_sync Enter - MemInfo: [/proc/self/status]	VmLib:	   49028 kB
20220313 062855.660 INFO             PET0 PIOc_sync Enter - MemInfo: [/proc/self/status]	VmPTE:	     760 kB
20220313 062855.660 INFO             PET0 PIOc_sync Enter - MemInfo: [/proc/self/status]	VmPMD:	      12 kB
20220313 062855.660 INFO             PET0 PIOc_sync Enter - MemInfo: [/proc/self/status]	VmSwap:	       0 kB
20220313 062855.660 INFO             PET0 PIOc_sync Enter - MemInfo: [/proc/self/status]	VmRSSPercent: 0.0437938 %
20220313 062855.660 INFO             PET0 PIOc_sync Enter - MemInfo: [malloc] Non-mmapped space allocated:                20676608 Byte
20220313 062855.660 INFO             PET0 PIOc_sync Enter - MemInfo: [malloc] Space allocated in mmapped regions:          1581056 Byte
20220313 062855.660 INFO             PET0 PIOc_sync Enter - MemInfo: [malloc] Maximum total allocated space:                     0 Byte
20220313 062855.660 INFO             PET0 PIOc_sync Enter - MemInfo: [malloc] Space in freed fastbin blocks:                  2704 Byte
20220313 062855.660 INFO             PET0 PIOc_sync Enter - MemInfo: [malloc] Total allocated space:                      20361328 Byte
20220313 062855.660 INFO             PET0 PIOc_sync Enter - MemInfo: [malloc] Total free space:                             315280 Byte
20220313 062855.660 INFO             PET0 PIOc_sync Enter - MemInfo: [malloc] Top-most, releasable space:                   114512 Byte
20220313 062855.660 INFO             PET0 PIOc_sync Enter - MemInfo: [malloc] Total space in use, mmap + non-mmap:        21942384 Byte
20220313 062855.660 INFO             PET0 PIOc_sync Enter - MemInfo: [malloc] Total space held (mmap + non-mmap):         22257664 Byte
20220313 062855.660 INFO             PET0 PIOc_sync Enter - MemInfo: [malloc] Total space used (mmap + non-mmap):         21951776 Byte
20220313 062855.660 INFO             PET0 PIOc_sync Enter - MemInfo: Wall-clock time since execution start:              0.0242677 seconds
20220313 062855.660 INFO             PET0 PIOc_sync Exit - MemInfo: [/proc/meminfo - SSI]	MemTotal:       65507008 kB
20220313 062855.660 INFO             PET0 PIOc_sync Exit - MemInfo: [/proc/meminfo - SSI]	MemFree:        49636032 kB
20220313 062855.660 INFO             PET0 PIOc_sync Exit - MemInfo: [/proc/meminfo - SSI]	MemAvailable:   49406940 kB
20220313 062855.660 INFO             PET0 PIOc_sync Exit - MemInfo: [/proc/meminfo - SSI]	Committed_AS:   13130112 kB
20220313 062855.660 INFO             PET0 PIOc_sync Exit - MemInfo: [/proc/meminfo - SSI]	CommittedPercent: 20.0438 %
20220313 062855.660 INFO             PET0 PIOc_sync Exit - MemInfo: [/proc/self/status]	VmPeak:	  529520 kB
20220313 062855.660 INFO             PET0 PIOc_sync Exit - MemInfo: [/proc/self/status]	VmSize:	  521332 kB
20220313 062855.660 INFO             PET0 PIOc_sync Exit - MemInfo: [/proc/self/status]	VmLck:	       0 kB
20220313 062855.660 INFO             PET0 PIOc_sync Exit - MemInfo: [/proc/self/status]	VmPin:	       0 kB
20220313 062855.660 INFO             PET0 PIOc_sync Exit - MemInfo: [/proc/self/status]	VmHWM:	   61308 kB
20220313 062855.660 INFO             PET0 PIOc_sync Exit - MemInfo: [/proc/self/status]	VmRSS:	   28688 kB
20220313 062855.660 INFO             PET0 PIOc_sync Exit - MemInfo: [/proc/self/status]	VmData:	   32172 kB
20220313 062855.660 INFO             PET0 PIOc_sync Exit - MemInfo: [/proc/self/status]	VmStk:	     148 kB
20220313 062855.660 INFO             PET0 PIOc_sync Exit - MemInfo: [/proc/self/status]	VmExe:	     224 kB
20220313 062855.660 INFO             PET0 PIOc_sync Exit - MemInfo: [/proc/self/status]	VmLib:	   49028 kB
20220313 062855.660 INFO             PET0 PIOc_sync Exit - MemInfo: [/proc/self/status]	VmPTE:	     760 kB
20220313 062855.660 INFO             PET0 PIOc_sync Exit - MemInfo: [/proc/self/status]	VmPMD:	      12 kB
20220313 062855.660 INFO             PET0 PIOc_sync Exit - MemInfo: [/proc/self/status]	VmSwap:	       0 kB
20220313 062855.660 INFO             PET0 PIOc_sync Exit - MemInfo: [/proc/self/status]	VmRSSPercent: 0.0437938 %
20220313 062855.660 INFO             PET0 PIOc_sync Exit - MemInfo: [malloc] Non-mmapped space allocated:                20676608 Byte
20220313 062855.660 INFO             PET0 PIOc_sync Exit - MemInfo: [malloc] Space allocated in mmapped regions:          1581056 Byte
20220313 062855.660 INFO             PET0 PIOc_sync Exit - MemInfo: [malloc] Maximum total allocated space:                     0 Byte
20220313 062855.660 INFO             PET0 PIOc_sync Exit - MemInfo: [malloc] Space in freed fastbin blocks:                  2064 Byte
20220313 062855.660 INFO             PET0 PIOc_sync Exit - MemInfo: [malloc] Total allocated space:                      20366144 Byte
20220313 062855.660 INFO             PET0 PIOc_sync Exit - MemInfo: [malloc] Total free space:                             310464 Byte
20220313 062855.660 INFO             PET0 PIOc_sync Exit - MemInfo: [malloc] Top-most, releasable space:                   107728 Byte
20220313 062855.660 INFO             PET0 PIOc_sync Exit - MemInfo: [malloc] Total space in use, mmap + non-mmap:        21947200 Byte
20220313 062855.660 INFO             PET0 PIOc_sync Exit - MemInfo: [malloc] Total space held (mmap + non-mmap):         22257664 Byte
20220313 062855.660 INFO             PET0 PIOc_sync Exit - MemInfo: [malloc] Total space used (mmap + non-mmap):         21956592 Byte
20220313 062855.660 INFO             PET0 PIOc_sync Exit - MemInfo: Wall-clock time since execution start:              0.0245443 seconds
20220313 062855.660 INFO             PET0 PIOc_freedecomp Enter - MemInfo: [/proc/meminfo - SSI]	MemTotal:       65507008 kB
20220313 062855.660 INFO             PET0 PIOc_freedecomp Enter - MemInfo: [/proc/meminfo - SSI]	MemFree:        49636032 kB
20220313 062855.660 INFO             PET0 PIOc_freedecomp Enter - MemInfo: [/proc/meminfo - SSI]	MemAvailable:   49406940 kB
20220313 062855.660 INFO             PET0 PIOc_freedecomp Enter - MemInfo: [/proc/meminfo - SSI]	Committed_AS:   13130112 kB
20220313 062855.660 INFO             PET0 PIOc_freedecomp Enter - MemInfo: [/proc/meminfo - SSI]	CommittedPercent: 20.0438 %
20220313 062855.660 INFO             PET0 PIOc_freedecomp Enter - MemInfo: [/proc/self/status]	VmPeak:	  529520 kB
20220313 062855.660 INFO             PET0 PIOc_freedecomp Enter - MemInfo: [/proc/self/status]	VmSize:	  521332 kB
20220313 062855.660 INFO             PET0 PIOc_freedecomp Enter - MemInfo: [/proc/self/status]	VmLck:	       0 kB
20220313 062855.660 INFO             PET0 PIOc_freedecomp Enter - MemInfo: [/proc/self/status]	VmPin:	       0 kB
20220313 062855.660 INFO             PET0 PIOc_freedecomp Enter - MemInfo: [/proc/self/status]	VmHWM:	   61308 kB
20220313 062855.660 INFO             PET0 PIOc_freedecomp Enter - MemInfo: [/proc/self/status]	VmRSS:	   28688 kB
20220313 062855.660 INFO             PET0 PIOc_freedecomp Enter - MemInfo: [/proc/self/status]	VmData:	   32172 kB
20220313 062855.660 INFO             PET0 PIOc_freedecomp Enter - MemInfo: [/proc/self/status]	VmStk:	     148 kB
20220313 062855.660 INFO             PET0 PIOc_freedecomp Enter - MemInfo: [/proc/self/status]	VmExe:	     224 kB
20220313 062855.660 INFO             PET0 PIOc_freedecomp Enter - MemInfo: [/proc/self/status]	VmLib:	   49028 kB
20220313 062855.660 INFO             PET0 PIOc_freedecomp Enter - MemInfo: [/proc/self/status]	VmPTE:	     760 kB
20220313 062855.660 INFO             PET0 PIOc_freedecomp Enter - MemInfo: [/proc/self/status]	VmPMD:	      12 kB
20220313 062855.660 INFO             PET0 PIOc_freedecomp Enter - MemInfo: [/proc/self/status]	VmSwap:	       0 kB
20220313 062855.660 INFO             PET0 PIOc_freedecomp Enter - MemInfo: [/proc/self/status]	VmRSSPercent: 0.0437938 %
20220313 062855.660 INFO             PET0 PIOc_freedecomp Enter - MemInfo: [malloc] Non-mmapped space allocated:                20676608 Byte
20220313 062855.660 INFO             PET0 PIOc_freedecomp Enter - MemInfo: [malloc] Space allocated in mmapped regions:          1581056 Byte
20220313 062855.660 INFO             PET0 PIOc_freedecomp Enter - MemInfo: [malloc] Maximum total allocated space:                     0 Byte
20220313 062855.660 INFO             PET0 PIOc_freedecomp Enter - MemInfo: [malloc] Space in freed fastbin blocks:                  2032 Byte
20220313 062855.660 INFO             PET0 PIOc_freedecomp Enter - MemInfo: [malloc] Total allocated space:                       3049760 Byte
20220313 062855.660 INFO             PET0 PIOc_freedecomp Enter - MemInfo: [malloc] Total free space:                           17626848 Byte
20220313 062855.660 INFO             PET0 PIOc_freedecomp Enter - MemInfo: [malloc] Top-most, releasable space:                   112064 Byte
20220313 062855.660 INFO             PET0 PIOc_freedecomp Enter - MemInfo: [malloc] Total space in use, mmap + non-mmap:         4630816 Byte
20220313 062855.660 INFO             PET0 PIOc_freedecomp Enter - MemInfo: [malloc] Total space held (mmap + non-mmap):         22257664 Byte
20220313 062855.660 INFO             PET0 PIOc_freedecomp Enter - MemInfo: [malloc] Total space used (mmap + non-mmap):          4640192 Byte
20220313 062855.660 INFO             PET0 PIOc_freedecomp Enter - MemInfo: Wall-clock time since execution start:              0.0247883 seconds
20220313 062855.660 INFO             PET0 PIOc_freedecomp Exit - MemInfo: [/proc/meminfo - SSI]	MemTotal:       65507008 kB
20220313 062855.660 INFO             PET0 PIOc_freedecomp Exit - MemInfo: [/proc/meminfo - SSI]	MemFree:        49636032 kB
20220313 062855.660 INFO             PET0 PIOc_freedecomp Exit - MemInfo: [/proc/meminfo - SSI]	MemAvailable:   49406940 kB
20220313 062855.660 INFO             PET0 PIOc_freedecomp Exit - MemInfo: [/proc/meminfo - SSI]	Committed_AS:   13130112 kB
20220313 062855.660 INFO             PET0 PIOc_freedecomp Exit - MemInfo: [/proc/meminfo - SSI]	CommittedPercent: 20.0438 %
20220313 062855.660 INFO             PET0 PIOc_freedecomp Exit - MemInfo: [/proc/self/status]	VmPeak:	  529520 kB
20220313 062855.660 INFO             PET0 PIOc_freedecomp Exit - MemInfo: [/proc/self/status]	VmSize:	  521332 kB
20220313 062855.660 INFO             PET0 PIOc_freedecomp Exit - MemInfo: [/proc/self/status]	VmLck:	       0 kB
20220313 062855.660 INFO             PET0 PIOc_freedecomp Exit - MemInfo: [/proc/self/status]	VmPin:	       0 kB
20220313 062855.660 INFO             PET0 PIOc_freedecomp Exit - MemInfo: [/proc/self/status]	VmHWM:	   61308 kB
20220313 062855.660 INFO             PET0 PIOc_freedecomp Exit - MemInfo: [/proc/self/status]	VmRSS:	   28688 kB
20220313 062855.660 INFO             PET0 PIOc_freedecomp Exit - MemInfo: [/proc/self/status]	VmData:	   32172 kB
20220313 062855.660 INFO             PET0 PIOc_freedecomp Exit - MemInfo: [/proc/self/status]	VmStk:	     148 kB
20220313 062855.660 INFO             PET0 PIOc_freedecomp Exit - MemInfo: [/proc/self/status]	VmExe:	     224 kB
20220313 062855.660 INFO             PET0 PIOc_freedecomp Exit - MemInfo: [/proc/self/status]	VmLib:	   49028 kB
20220313 062855.660 INFO             PET0 PIOc_freedecomp Exit - MemInfo: [/proc/self/status]	VmPTE:	     760 kB
20220313 062855.660 INFO             PET0 PIOc_freedecomp Exit - MemInfo: [/proc/self/status]	VmPMD:	      12 kB
20220313 062855.660 INFO             PET0 PIOc_freedecomp Exit - MemInfo: [/proc/self/status]	VmSwap:	       0 kB
20220313 062855.660 INFO             PET0 PIOc_freedecomp Exit - MemInfo: [/proc/self/status]	VmRSSPercent: 0.0437938 %
20220313 062855.660 INFO             PET0 PIOc_freedecomp Exit - MemInfo: [malloc] Non-mmapped space allocated:                20676608 Byte
20220313 062855.661 INFO             PET0 PIOc_freedecomp Exit - MemInfo: [malloc] Space allocated in mmapped regions:          1581056 Byte
20220313 062855.661 INFO             PET0 PIOc_freedecomp Exit - MemInfo: [malloc] Maximum total allocated space:                     0 Byte
20220313 062855.661 INFO             PET0 PIOc_freedecomp Exit - MemInfo: [malloc] Space in freed fastbin blocks:                  4064 Byte
20220313 062855.661 INFO             PET0 PIOc_freedecomp Exit - MemInfo: [malloc] Total allocated space:                       3042928 Byte
20220313 062855.661 INFO             PET0 PIOc_freedecomp Exit - MemInfo: [malloc] Total free space:                           17633680 Byte
20220313 062855.661 INFO             PET0 PIOc_freedecomp Exit - MemInfo: [malloc] Top-most, releasable space:                   112064 Byte
20220313 062855.661 INFO             PET0 PIOc_freedecomp Exit - MemInfo: [malloc] Total space in use, mmap + non-mmap:         4623984 Byte
20220313 062855.661 INFO             PET0 PIOc_freedecomp Exit - MemInfo: [malloc] Total space held (mmap + non-mmap):         22257664 Byte
20220313 062855.661 INFO             PET0 PIOc_freedecomp Exit - MemInfo: [malloc] Total space used (mmap + non-mmap):          4633360 Byte
20220313 062855.661 INFO             PET0 PIOc_freedecomp Exit - MemInfo: Wall-clock time since execution start:              0.0249938 seconds
20220313 062855.661 INFO             PET0 PIOc_sync Enter - MemInfo: [/proc/meminfo - SSI]	MemTotal:       65507008 kB
20220313 062855.661 INFO             PET0 PIOc_sync Enter - MemInfo: [/proc/meminfo - SSI]	MemFree:        49636032 kB
20220313 062855.661 INFO             PET0 PIOc_sync Enter - MemInfo: [/proc/meminfo - SSI]	MemAvailable:   49406940 kB
20220313 062855.661 INFO             PET0 PIOc_sync Enter - MemInfo: [/proc/meminfo - SSI]	Committed_AS:   13130112 kB
20220313 062855.661 INFO             PET0 PIOc_sync Enter - MemInfo: [/proc/meminfo - SSI]	CommittedPercent: 20.0438 %
20220313 062855.661 INFO             PET0 PIOc_sync Enter - MemInfo: [/proc/self/status]	VmPeak:	  529520 kB
20220313 062855.661 INFO             PET0 PIOc_sync Enter - MemInfo: [/proc/self/status]	VmSize:	  521332 kB
20220313 062855.661 INFO             PET0 PIOc_sync Enter - MemInfo: [/proc/self/status]	VmLck:	       0 kB
20220313 062855.661 INFO             PET0 PIOc_sync Enter - MemInfo: [/proc/self/status]	VmPin:	       0 kB
20220313 062855.661 INFO             PET0 PIOc_sync Enter - MemInfo: [/proc/self/status]	VmHWM:	   61308 kB
20220313 062855.661 INFO             PET0 PIOc_sync Enter - MemInfo: [/proc/self/status]	VmRSS:	   28688 kB
20220313 062855.661 INFO             PET0 PIOc_sync Enter - MemInfo: [/proc/self/status]	VmData:	   32172 kB
20220313 062855.661 INFO             PET0 PIOc_sync Enter - MemInfo: [/proc/self/status]	VmStk:	     148 kB
20220313 062855.661 INFO             PET0 PIOc_sync Enter - MemInfo: [/proc/self/status]	VmExe:	     224 kB
20220313 062855.661 INFO             PET0 PIOc_sync Enter - MemInfo: [/proc/self/status]	VmLib:	   49028 kB
20220313 062855.661 INFO             PET0 PIOc_sync Enter - MemInfo: [/proc/self/status]	VmPTE:	     760 kB
20220313 062855.661 INFO             PET0 PIOc_sync Enter - MemInfo: [/proc/self/status]	VmPMD:	      12 kB
20220313 062855.661 INFO             PET0 PIOc_sync Enter - MemInfo: [/proc/self/status]	VmSwap:	       0 kB
20220313 062855.661 INFO             PET0 PIOc_sync Enter - MemInfo: [/proc/self/status]	VmRSSPercent: 0.0437938 %
20220313 062855.661 INFO             PET0 PIOc_sync Enter - MemInfo: [malloc] Non-mmapped space allocated:                20676608 Byte
20220313 062855.662 INFO             PET0 PIOc_sync Enter - MemInfo: [malloc] Space allocated in mmapped regions:          1581056 Byte
20220313 062855.662 INFO             PET0 PIOc_sync Enter - MemInfo: [malloc] Maximum total allocated space:                     0 Byte
20220313 062855.662 INFO             PET0 PIOc_sync Enter - MemInfo: [malloc] Space in freed fastbin blocks:                   912 Byte
20220313 062855.662 INFO             PET0 PIOc_sync Enter - MemInfo: [malloc] Total allocated space:                      20362016 Byte
20220313 062855.662 INFO             PET0 PIOc_sync Enter - MemInfo: [malloc] Total free space:                             314592 Byte
20220313 062855.662 INFO             PET0 PIOc_sync Enter - MemInfo: [malloc] Top-most, releasable space:                   114832 Byte
20220313 062855.662 INFO             PET0 PIOc_sync Enter - MemInfo: [malloc] Total space in use, mmap + non-mmap:        21943072 Byte
20220313 062855.662 INFO             PET0 PIOc_sync Enter - MemInfo: [malloc] Total space held (mmap + non-mmap):         22257664 Byte
20220313 062855.662 INFO             PET0 PIOc_sync Enter - MemInfo: [malloc] Total space used (mmap + non-mmap):         21952464 Byte
20220313 062855.662 INFO             PET0 PIOc_sync Enter - MemInfo: Wall-clock time since execution start:              0.0260067 seconds
20220313 062855.662 INFO             PET0 PIOc_sync Exit - MemInfo: [/proc/meminfo - SSI]	MemTotal:       65507008 kB
20220313 062855.662 INFO             PET0 PIOc_sync Exit - MemInfo: [/proc/meminfo - SSI]	MemFree:        49636032 kB
20220313 062855.662 INFO             PET0 PIOc_sync Exit - MemInfo: [/proc/meminfo - SSI]	MemAvailable:   49406940 kB
20220313 062855.662 INFO             PET0 PIOc_sync Exit - MemInfo: [/proc/meminfo - SSI]	Committed_AS:   13130112 kB
20220313 062855.662 INFO             PET0 PIOc_sync Exit - MemInfo: [/proc/meminfo - SSI]	CommittedPercent: 20.0438 %
20220313 062855.662 INFO             PET0 PIOc_sync Exit - MemInfo: [/proc/self/status]	VmPeak:	  529520 kB
20220313 062855.662 INFO             PET0 PIOc_sync Exit - MemInfo: [/proc/self/status]	VmSize:	  521332 kB
20220313 062855.662 INFO             PET0 PIOc_sync Exit - MemInfo: [/proc/self/status]	VmLck:	       0 kB
20220313 062855.662 INFO             PET0 PIOc_sync Exit - MemInfo: [/proc/self/status]	VmPin:	       0 kB
20220313 062855.662 INFO             PET0 PIOc_sync Exit - MemInfo: [/proc/self/status]	VmHWM:	   61308 kB
20220313 062855.662 INFO             PET0 PIOc_sync Exit - MemInfo: [/proc/self/status]	VmRSS:	   28692 kB
20220313 062855.662 INFO             PET0 PIOc_sync Exit - MemInfo: [/proc/self/status]	VmData:	   32172 kB
20220313 062855.662 INFO             PET0 PIOc_sync Exit - MemInfo: [/proc/self/status]	VmStk:	     148 kB
20220313 062855.662 INFO             PET0 PIOc_sync Exit - MemInfo: [/proc/self/status]	VmExe:	     224 kB
20220313 062855.662 INFO             PET0 PIOc_sync Exit - MemInfo: [/proc/self/status]	VmLib:	   49028 kB
20220313 062855.662 INFO             PET0 PIOc_sync Exit - MemInfo: [/proc/self/status]	VmPTE:	     760 kB
20220313 062855.662 INFO             PET0 PIOc_sync Exit - MemInfo: [/proc/self/status]	VmPMD:	      12 kB
20220313 062855.662 INFO             PET0 PIOc_sync Exit - MemInfo: [/proc/self/status]	VmSwap:	       0 kB
20220313 062855.662 INFO             PET0 PIOc_sync Exit - MemInfo: [/proc/self/status]	VmRSSPercent: 0.0437999 %
20220313 062855.662 INFO             PET0 PIOc_sync Exit - MemInfo: [malloc] Non-mmapped space allocated:                20676608 Byte
20220313 062855.662 INFO             PET0 PIOc_sync Exit - MemInfo: [malloc] Space allocated in mmapped regions:          1581056 Byte
20220313 062855.662 INFO             PET0 PIOc_sync Exit - MemInfo: [malloc] Maximum total allocated space:                     0 Byte
20220313 062855.662 INFO             PET0 PIOc_sync Exit - MemInfo: [malloc] Space in freed fastbin blocks:                  2400 Byte
20220313 062855.662 INFO             PET0 PIOc_sync Exit - MemInfo: [malloc] Total allocated space:                      20366800 Byte
20220313 062855.662 INFO             PET0 PIOc_sync Exit - MemInfo: [malloc] Total free space:                             309808 Byte
20220313 062855.662 INFO             PET0 PIOc_sync Exit - MemInfo: [malloc] Top-most, releasable space:                   105632 Byte
20220313 062855.662 INFO             PET0 PIOc_sync Exit - MemInfo: [malloc] Total space in use, mmap + non-mmap:        21947856 Byte
20220313 062855.662 INFO             PET0 PIOc_sync Exit - MemInfo: [malloc] Total space held (mmap + non-mmap):         22257664 Byte
20220313 062855.662 INFO             PET0 PIOc_sync Exit - MemInfo: [malloc] Total space used (mmap + non-mmap):         21957248 Byte
20220313 062855.662 INFO             PET0 PIOc_sync Exit - MemInfo: Wall-clock time since execution start:              0.0262843 seconds
20220313 062855.662 INFO             PET0 PIOc_freedecomp Enter - MemInfo: [/proc/meminfo - SSI]	MemTotal:       65507008 kB
20220313 062855.662 INFO             PET0 PIOc_freedecomp Enter - MemInfo: [/proc/meminfo - SSI]	MemFree:        49636032 kB
20220313 062855.662 INFO             PET0 PIOc_freedecomp Enter - MemInfo: [/proc/meminfo - SSI]	MemAvailable:   49406940 kB
20220313 062855.662 INFO             PET0 PIOc_freedecomp Enter - MemInfo: [/proc/meminfo - SSI]	Committed_AS:   13130112 kB
20220313 062855.662 INFO             PET0 PIOc_freedecomp Enter - MemInfo: [/proc/meminfo - SSI]	CommittedPercent: 20.0438 %
20220313 062855.662 INFO             PET0 PIOc_freedecomp Enter - MemInfo: [/proc/self/status]	VmPeak:	  529520 kB
20220313 062855.662 INFO             PET0 PIOc_freedecomp Enter - MemInfo: [/proc/self/status]	VmSize:	  521332 kB
20220313 062855.662 INFO             PET0 PIOc_freedecomp Enter - MemInfo: [/proc/self/status]	VmLck:	       0 kB
20220313 062855.662 INFO             PET0 PIOc_freedecomp Enter - MemInfo: [/proc/self/status]	VmPin:	       0 kB
20220313 062855.662 INFO             PET0 PIOc_freedecomp Enter - MemInfo: [/proc/self/status]	VmHWM:	   61308 kB
20220313 062855.662 INFO             PET0 PIOc_freedecomp Enter - MemInfo: [/proc/self/status]	VmRSS:	   28696 kB
20220313 062855.662 INFO             PET0 PIOc_freedecomp Enter - MemInfo: [/proc/self/status]	VmData:	   32172 kB
20220313 062855.662 INFO             PET0 PIOc_freedecomp Enter - MemInfo: [/proc/self/status]	VmStk:	     148 kB
20220313 062855.662 INFO             PET0 PIOc_freedecomp Enter - MemInfo: [/proc/self/status]	VmExe:	     224 kB
20220313 062855.662 INFO             PET0 PIOc_freedecomp Enter - MemInfo: [/proc/self/status]	VmLib:	   49028 kB
20220313 062855.662 INFO             PET0 PIOc_freedecomp Enter - MemInfo: [/proc/self/status]	VmPTE:	     760 kB
20220313 062855.662 INFO             PET0 PIOc_freedecomp Enter - MemInfo: [/proc/self/status]	VmPMD:	      12 kB
20220313 062855.662 INFO             PET0 PIOc_freedecomp Enter - MemInfo: [/proc/self/status]	VmSwap:	       0 kB
20220313 062855.662 INFO             PET0 PIOc_freedecomp Enter - MemInfo: [/proc/self/status]	VmRSSPercent: 0.043806 %
20220313 062855.662 INFO             PET0 PIOc_freedecomp Enter - MemInfo: [malloc] Non-mmapped space allocated:                20676608 Byte
20220313 062855.662 INFO             PET0 PIOc_freedecomp Enter - MemInfo: [malloc] Space allocated in mmapped regions:          1581056 Byte
20220313 062855.662 INFO             PET0 PIOc_freedecomp Enter - MemInfo: [malloc] Maximum total allocated space:                     0 Byte
20220313 062855.662 INFO             PET0 PIOc_freedecomp Enter - MemInfo: [malloc] Space in freed fastbin blocks:                  1808 Byte
20220313 062855.662 INFO             PET0 PIOc_freedecomp Enter - MemInfo: [malloc] Total allocated space:                       3049696 Byte
20220313 062855.662 INFO             PET0 PIOc_freedecomp Enter - MemInfo: [malloc] Total free space:                           17626912 Byte
20220313 062855.662 INFO             PET0 PIOc_freedecomp Enter - MemInfo: [malloc] Top-most, releasable space:                   110032 Byte
20220313 062855.662 INFO             PET0 PIOc_freedecomp Enter - MemInfo: [malloc] Total space in use, mmap + non-mmap:         4630752 Byte
20220313 062855.662 INFO             PET0 PIOc_freedecomp Enter - MemInfo: [malloc] Total space held (mmap + non-mmap):         22257664 Byte
20220313 062855.662 INFO             PET0 PIOc_freedecomp Enter - MemInfo: [malloc] Total space used (mmap + non-mmap):          4640128 Byte
20220313 062855.662 INFO             PET0 PIOc_freedecomp Enter - MemInfo: Wall-clock time since execution start:              0.0265284 seconds
20220313 062855.662 INFO             PET0 PIOc_freedecomp Exit - MemInfo: [/proc/meminfo - SSI]	MemTotal:       65507008 kB
20220313 062855.662 INFO             PET0 PIOc_freedecomp Exit - MemInfo: [/proc/meminfo - SSI]	MemFree:        49636032 kB
20220313 062855.662 INFO             PET0 PIOc_freedecomp Exit - MemInfo: [/proc/meminfo - SSI]	MemAvailable:   49406940 kB
20220313 062855.662 INFO             PET0 PIOc_freedecomp Exit - MemInfo: [/proc/meminfo - SSI]	Committed_AS:   13130112 kB
20220313 062855.662 INFO             PET0 PIOc_freedecomp Exit - MemInfo: [/proc/meminfo - SSI]	CommittedPercent: 20.0438 %
20220313 062855.662 INFO             PET0 PIOc_freedecomp Exit - MemInfo: [/proc/self/status]	VmPeak:	  529520 kB
20220313 062855.662 INFO             PET0 PIOc_freedecomp Exit - MemInfo: [/proc/self/status]	VmSize:	  521332 kB
20220313 062855.662 INFO             PET0 PIOc_freedecomp Exit - MemInfo: [/proc/self/status]	VmLck:	       0 kB
20220313 062855.662 INFO             PET0 PIOc_freedecomp Exit - MemInfo: [/proc/self/status]	VmPin:	       0 kB
20220313 062855.662 INFO             PET0 PIOc_freedecomp Exit - MemInfo: [/proc/self/status]	VmHWM:	   61308 kB
20220313 062855.662 INFO             PET0 PIOc_freedecomp Exit - MemInfo: [/proc/self/status]	VmRSS:	   28696 kB
20220313 062855.662 INFO             PET0 PIOc_freedecomp Exit - MemInfo: [/proc/self/status]	VmData:	   32172 kB
20220313 062855.662 INFO             PET0 PIOc_freedecomp Exit - MemInfo: [/proc/self/status]	VmStk:	     148 kB
20220313 062855.662 INFO             PET0 PIOc_freedecomp Exit - MemInfo: [/proc/self/status]	VmExe:	     224 kB
20220313 062855.662 INFO             PET0 PIOc_freedecomp Exit - MemInfo: [/proc/self/status]	VmLib:	   49028 kB
20220313 062855.662 INFO             PET0 PIOc_freedecomp Exit - MemInfo: [/proc/self/status]	VmPTE:	     760 kB
20220313 062855.662 INFO             PET0 PIOc_freedecomp Exit - MemInfo: [/proc/self/status]	VmPMD:	      12 kB
20220313 062855.662 INFO             PET0 PIOc_freedecomp Exit - MemInfo: [/proc/self/status]	VmSwap:	       0 kB
20220313 062855.662 INFO             PET0 PIOc_freedecomp Exit - MemInfo: [/proc/self/status]	VmRSSPercent: 0.043806 %
20220313 062855.662 INFO             PET0 PIOc_freedecomp Exit - MemInfo: [malloc] Non-mmapped space allocated:                20676608 Byte
20220313 062855.662 INFO             PET0 PIOc_freedecomp Exit - MemInfo: [malloc] Space allocated in mmapped regions:          1581056 Byte
20220313 062855.662 INFO             PET0 PIOc_freedecomp Exit - MemInfo: [malloc] Maximum total allocated space:                     0 Byte
20220313 062855.662 INFO             PET0 PIOc_freedecomp Exit - MemInfo: [malloc] Space in freed fastbin blocks:                  1808 Byte
20220313 062855.662 INFO             PET0 PIOc_freedecomp Exit - MemInfo: [malloc] Total allocated space:                       3042912 Byte
20220313 062855.662 INFO             PET0 PIOc_freedecomp Exit - MemInfo: [malloc] Total free space:                           17633696 Byte
20220313 062855.662 INFO             PET0 PIOc_freedecomp Exit - MemInfo: [malloc] Top-most, releasable space:                   117728 Byte
20220313 062855.662 INFO             PET0 PIOc_freedecomp Exit - MemInfo: [malloc] Total space in use, mmap + non-mmap:         4623968 Byte
20220313 062855.662 INFO             PET0 PIOc_freedecomp Exit - MemInfo: [malloc] Total space held (mmap + non-mmap):         22257664 Byte
20220313 062855.662 INFO             PET0 PIOc_freedecomp Exit - MemInfo: [malloc] Total space used (mmap + non-mmap):          4633344 Byte
20220313 062855.662 INFO             PET0 PIOc_freedecomp Exit - MemInfo: Wall-clock time since execution start:              0.0268459 seconds
20220313 062855.669 INFO             PET0  NUMBER_OF_PROCESSORS           4
20220313 062855.669 INFO             PET0  PASS  Example ESMF_RHandleBitForBitEx, ESMF_RHandleBitForBitEx.F90, line 1557
20220313 062855.669 INFO             PET0 Finalizing ESMF
20220313 062855.638 INFO             PET1 !!!!!!!!!!!!!!!!!!!!!!!!!!!!!!!!!!!!!!!!!!!!!!!!!!!!!!
20220313 062855.638 INFO             PET1 !!! THE ESMF_LOG IS SET TO OUTPUT ALL LOG MESSAGES !!!
20220313 062855.638 INFO             PET1 !!!     THIS MAY CAUSE SLOWDOWN IN PERFORMANCE     !!!
20220313 062855.638 INFO             PET1 !!! FOR PRODUCTION RUNS, USE:                      !!!
20220313 062855.638 INFO             PET1 !!!                   ESMF_LOGKIND_Multi_On_Error  !!!
20220313 062855.638 INFO             PET1 !!!!!!!!!!!!!!!!!!!!!!!!!!!!!!!!!!!!!!!!!!!!!!!!!!!!!!
20220313 062855.638 INFO             PET1 Running with ESMF Version   : v8.3.0b09-96-g559b459836
20220313 062855.638 INFO             PET1 ESMF library build date/time: "Mar 13 2022" "05:58:15"
20220313 062855.638 INFO             PET1 ESMF library build location : /glade/scratch/rlong/esmf-testing/gfortran_7.4.0_openmpi_O_jedwards_pio_update2
20220313 062855.638 INFO             PET1 ESMF_COMM                   : openmpi
20220313 062855.638 INFO             PET1 ESMF_MOAB                   : enabled
20220313 062855.638 INFO             PET1 ESMF_LAPACK                 : enabled
20220313 062855.638 INFO             PET1 ESMF_NETCDF                 : enabled
20220313 062855.638 INFO             PET1 ESMF_PNETCDF                : disabled
20220313 062855.638 INFO             PET1 ESMF_PIO                    : enabled
20220313 062855.638 INFO             PET1 ESMF_YAMLCPP                : enabled
20220313 062855.649 INFO             PET1 PIOc_sync Enter - MemInfo: [/proc/meminfo - SSI]	MemTotal:       65507008 kB
20220313 062855.649 INFO             PET1 PIOc_sync Enter - MemInfo: [/proc/meminfo - SSI]	MemFree:        49628472 kB
20220313 062855.649 INFO             PET1 PIOc_sync Enter - MemInfo: [/proc/meminfo - SSI]	MemAvailable:   49399380 kB
20220313 062855.649 INFO             PET1 PIOc_sync Enter - MemInfo: [/proc/meminfo - SSI]	Committed_AS:   13130164 kB
20220313 062855.649 INFO             PET1 PIOc_sync Enter - MemInfo: [/proc/meminfo - SSI]	CommittedPercent: 20.0439 %
20220313 062855.649 INFO             PET1 PIOc_sync Enter - MemInfo: [/proc/self/status]	VmPeak:	  504228 kB
20220313 062855.649 INFO             PET1 PIOc_sync Enter - MemInfo: [/proc/self/status]	VmSize:	  504228 kB
20220313 062855.649 INFO             PET1 PIOc_sync Enter - MemInfo: [/proc/self/status]	VmLck:	       0 kB
20220313 062855.649 INFO             PET1 PIOc_sync Enter - MemInfo: [/proc/self/status]	VmPin:	       0 kB
20220313 062855.649 INFO             PET1 PIOc_sync Enter - MemInfo: [/proc/self/status]	VmHWM:	   61316 kB
20220313 062855.649 INFO             PET1 PIOc_sync Enter - MemInfo: [/proc/self/status]	VmRSS:	   18352 kB
20220313 062855.650 INFO             PET1 PIOc_sync Enter - MemInfo: [/proc/self/status]	VmData:	   15068 kB
20220313 062855.650 INFO             PET1 PIOc_sync Enter - MemInfo: [/proc/self/status]	VmStk:	     148 kB
20220313 062855.650 INFO             PET1 PIOc_sync Enter - MemInfo: [/proc/self/status]	VmExe:	     224 kB
20220313 062855.650 INFO             PET1 PIOc_sync Enter - MemInfo: [/proc/self/status]	VmLib:	   49028 kB
20220313 062855.650 INFO             PET1 PIOc_sync Enter - MemInfo: [/proc/self/status]	VmPTE:	     720 kB
20220313 062855.650 INFO             PET1 PIOc_sync Enter - MemInfo: [/proc/self/status]	VmPMD:	      12 kB
20220313 062855.650 INFO             PET1 PIOc_sync Enter - MemInfo: [/proc/self/status]	VmSwap:	       0 kB
20220313 062855.650 INFO             PET1 PIOc_sync Enter - MemInfo: [/proc/self/status]	VmRSSPercent: 0.0280153 %
20220313 062855.650 INFO             PET1 PIOc_sync Enter - MemInfo: [malloc] Non-mmapped space allocated:                 3162112 Byte
20220313 062855.650 INFO             PET1 PIOc_sync Enter - MemInfo: [malloc] Space allocated in mmapped regions:          1581056 Byte
20220313 062855.650 INFO             PET1 PIOc_sync Enter - MemInfo: [malloc] Maximum total allocated space:                     0 Byte
20220313 062855.650 INFO             PET1 PIOc_sync Enter - MemInfo: [malloc] Space in freed fastbin blocks:                  1104 Byte
20220313 062855.650 INFO             PET1 PIOc_sync Enter - MemInfo: [malloc] Total allocated space:                       2698704 Byte
20220313 062855.650 INFO             PET1 PIOc_sync Enter - MemInfo: [malloc] Total free space:                             463408 Byte
20220313 062855.650 INFO             PET1 PIOc_sync Enter - MemInfo: [malloc] Top-most, releasable space:                    33472 Byte
20220313 062855.650 INFO             PET1 PIOc_sync Enter - MemInfo: [malloc] Total space in use, mmap + non-mmap:         4279760 Byte
20220313 062855.650 INFO             PET1 PIOc_sync Enter - MemInfo: [malloc] Total space held (mmap + non-mmap):          4743168 Byte
20220313 062855.650 INFO             PET1 PIOc_sync Enter - MemInfo: [malloc] Total space used (mmap + non-mmap):          4289152 Byte
20220313 062855.650 INFO             PET1 PIOc_sync Enter - MemInfo: Wall-clock time since execution start:              0.0139128 seconds
20220313 062855.652 INFO             PET1 PIOc_sync Exit - MemInfo: [/proc/meminfo - SSI]	MemTotal:       65507008 kB
20220313 062855.652 INFO             PET1 PIOc_sync Exit - MemInfo: [/proc/meminfo - SSI]	MemFree:        49627968 kB
20220313 062855.652 INFO             PET1 PIOc_sync Exit - MemInfo: [/proc/meminfo - SSI]	MemAvailable:   49398876 kB
20220313 062855.652 INFO             PET1 PIOc_sync Exit - MemInfo: [/proc/meminfo - SSI]	Committed_AS:   13130164 kB
20220313 062855.652 INFO             PET1 PIOc_sync Exit - MemInfo: [/proc/meminfo - SSI]	CommittedPercent: 20.0439 %
20220313 062855.652 INFO             PET1 PIOc_sync Exit - MemInfo: [/proc/self/status]	VmPeak:	  504228 kB
20220313 062855.652 INFO             PET1 PIOc_sync Exit - MemInfo: [/proc/self/status]	VmSize:	  504228 kB
20220313 062855.652 INFO             PET1 PIOc_sync Exit - MemInfo: [/proc/self/status]	VmLck:	       0 kB
20220313 062855.652 INFO             PET1 PIOc_sync Exit - MemInfo: [/proc/self/status]	VmPin:	       0 kB
20220313 062855.652 INFO             PET1 PIOc_sync Exit - MemInfo: [/proc/self/status]	VmHWM:	   61316 kB
20220313 062855.652 INFO             PET1 PIOc_sync Exit - MemInfo: [/proc/self/status]	VmRSS:	   18444 kB
20220313 062855.652 INFO             PET1 PIOc_sync Exit - MemInfo: [/proc/self/status]	VmData:	   15068 kB
20220313 062855.652 INFO             PET1 PIOc_sync Exit - MemInfo: [/proc/self/status]	VmStk:	     148 kB
20220313 062855.652 INFO             PET1 PIOc_sync Exit - MemInfo: [/proc/self/status]	VmExe:	     224 kB
20220313 062855.652 INFO             PET1 PIOc_sync Exit - MemInfo: [/proc/self/status]	VmLib:	   49028 kB
20220313 062855.652 INFO             PET1 PIOc_sync Exit - MemInfo: [/proc/self/status]	VmPTE:	     720 kB
20220313 062855.652 INFO             PET1 PIOc_sync Exit - MemInfo: [/proc/self/status]	VmPMD:	      12 kB
20220313 062855.652 INFO             PET1 PIOc_sync Exit - MemInfo: [/proc/self/status]	VmSwap:	       0 kB
20220313 062855.652 INFO             PET1 PIOc_sync Exit - MemInfo: [/proc/self/status]	VmRSSPercent: 0.0281558 %
20220313 062855.652 INFO             PET1 PIOc_sync Exit - MemInfo: [malloc] Non-mmapped space allocated:                 3162112 Byte
20220313 062855.652 INFO             PET1 PIOc_sync Exit - MemInfo: [malloc] Space allocated in mmapped regions:          1581056 Byte
20220313 062855.652 INFO             PET1 PIOc_sync Exit - MemInfo: [malloc] Maximum total allocated space:                     0 Byte
20220313 062855.652 INFO             PET1 PIOc_sync Exit - MemInfo: [malloc] Space in freed fastbin blocks:                  2704 Byte
20220313 062855.652 INFO             PET1 PIOc_sync Exit - MemInfo: [malloc] Total allocated space:                       2698624 Byte
20220313 062855.652 INFO             PET1 PIOc_sync Exit - MemInfo: [malloc] Total free space:                             463488 Byte
20220313 062855.652 INFO             PET1 PIOc_sync Exit - MemInfo: [malloc] Top-most, releasable space:                    33472 Byte
20220313 062855.652 INFO             PET1 PIOc_sync Exit - MemInfo: [malloc] Total space in use, mmap + non-mmap:         4279680 Byte
20220313 062855.652 INFO             PET1 PIOc_sync Exit - MemInfo: [malloc] Total space held (mmap + non-mmap):          4743168 Byte
20220313 062855.652 INFO             PET1 PIOc_sync Exit - MemInfo: [malloc] Total space used (mmap + non-mmap):          4289072 Byte
20220313 062855.652 INFO             PET1 PIOc_sync Exit - MemInfo: Wall-clock time since execution start:              0.0166083 seconds
20220313 062855.653 INFO             PET1 PIOc_freedecomp Enter - MemInfo: [/proc/meminfo - SSI]	MemTotal:       65507008 kB
20220313 062855.653 INFO             PET1 PIOc_freedecomp Enter - MemInfo: [/proc/meminfo - SSI]	MemFree:        49643088 kB
20220313 062855.653 INFO             PET1 PIOc_freedecomp Enter - MemInfo: [/proc/meminfo - SSI]	MemAvailable:   49413996 kB
20220313 062855.653 INFO             PET1 PIOc_freedecomp Enter - MemInfo: [/proc/meminfo - SSI]	Committed_AS:   13113776 kB
20220313 062855.653 INFO             PET1 PIOc_freedecomp Enter - MemInfo: [/proc/meminfo - SSI]	CommittedPercent: 20.0189 %
20220313 062855.653 INFO             PET1 PIOc_freedecomp Enter - MemInfo: [/proc/self/status]	VmPeak:	  504228 kB
20220313 062855.653 INFO             PET1 PIOc_freedecomp Enter - MemInfo: [/proc/self/status]	VmSize:	  504228 kB
20220313 062855.653 INFO             PET1 PIOc_freedecomp Enter - MemInfo: [/proc/self/status]	VmLck:	       0 kB
20220313 062855.653 INFO             PET1 PIOc_freedecomp Enter - MemInfo: [/proc/self/status]	VmPin:	       0 kB
20220313 062855.653 INFO             PET1 PIOc_freedecomp Enter - MemInfo: [/proc/self/status]	VmHWM:	   61316 kB
20220313 062855.653 INFO             PET1 PIOc_freedecomp Enter - MemInfo: [/proc/self/status]	VmRSS:	   18444 kB
20220313 062855.653 INFO             PET1 PIOc_freedecomp Enter - MemInfo: [/proc/self/status]	VmData:	   15068 kB
20220313 062855.653 INFO             PET1 PIOc_freedecomp Enter - MemInfo: [/proc/self/status]	VmStk:	     148 kB
20220313 062855.653 INFO             PET1 PIOc_freedecomp Enter - MemInfo: [/proc/self/status]	VmExe:	     224 kB
20220313 062855.653 INFO             PET1 PIOc_freedecomp Enter - MemInfo: [/proc/self/status]	VmLib:	   49028 kB
20220313 062855.653 INFO             PET1 PIOc_freedecomp Enter - MemInfo: [/proc/self/status]	VmPTE:	     720 kB
20220313 062855.653 INFO             PET1 PIOc_freedecomp Enter - MemInfo: [/proc/self/status]	VmPMD:	      12 kB
20220313 062855.653 INFO             PET1 PIOc_freedecomp Enter - MemInfo: [/proc/self/status]	VmSwap:	       0 kB
20220313 062855.653 INFO             PET1 PIOc_freedecomp Enter - MemInfo: [/proc/self/status]	VmRSSPercent: 0.0281558 %
20220313 062855.653 INFO             PET1 PIOc_freedecomp Enter - MemInfo: [malloc] Non-mmapped space allocated:                 3162112 Byte
20220313 062855.653 INFO             PET1 PIOc_freedecomp Enter - MemInfo: [malloc] Space allocated in mmapped regions:          1581056 Byte
20220313 062855.653 INFO             PET1 PIOc_freedecomp Enter - MemInfo: [malloc] Maximum total allocated space:                     0 Byte
20220313 062855.653 INFO             PET1 PIOc_freedecomp Enter - MemInfo: [malloc] Space in freed fastbin blocks:                  2416 Byte
20220313 062855.653 INFO             PET1 PIOc_freedecomp Enter - MemInfo: [malloc] Total allocated space:                       2697008 Byte
20220313 062855.653 INFO             PET1 PIOc_freedecomp Enter - MemInfo: [malloc] Total free space:                             465104 Byte
20220313 062855.653 INFO             PET1 PIOc_freedecomp Enter - MemInfo: [malloc] Top-most, releasable space:                    33472 Byte
20220313 062855.653 INFO             PET1 PIOc_freedecomp Enter - MemInfo: [malloc] Total space in use, mmap + non-mmap:         4278064 Byte
20220313 062855.653 INFO             PET1 PIOc_freedecomp Enter - MemInfo: [malloc] Total space held (mmap + non-mmap):          4743168 Byte
20220313 062855.653 INFO             PET1 PIOc_freedecomp Enter - MemInfo: [malloc] Total space used (mmap + non-mmap):          4287440 Byte
20220313 062855.653 INFO             PET1 PIOc_freedecomp Enter - MemInfo: Wall-clock time since execution start:              0.0176223 seconds
20220313 062855.653 INFO             PET1 PIOc_freedecomp Exit - MemInfo: [/proc/meminfo - SSI]	MemTotal:       65507008 kB
20220313 062855.653 INFO             PET1 PIOc_freedecomp Exit - MemInfo: [/proc/meminfo - SSI]	MemFree:        49643088 kB
20220313 062855.653 INFO             PET1 PIOc_freedecomp Exit - MemInfo: [/proc/meminfo - SSI]	MemAvailable:   49413996 kB
20220313 062855.653 INFO             PET1 PIOc_freedecomp Exit - MemInfo: [/proc/meminfo - SSI]	Committed_AS:   13113776 kB
20220313 062855.653 INFO             PET1 PIOc_freedecomp Exit - MemInfo: [/proc/meminfo - SSI]	CommittedPercent: 20.0189 %
20220313 062855.653 INFO             PET1 PIOc_freedecomp Exit - MemInfo: [/proc/self/status]	VmPeak:	  504228 kB
20220313 062855.653 INFO             PET1 PIOc_freedecomp Exit - MemInfo: [/proc/self/status]	VmSize:	  504228 kB
20220313 062855.653 INFO             PET1 PIOc_freedecomp Exit - MemInfo: [/proc/self/status]	VmLck:	       0 kB
20220313 062855.653 INFO             PET1 PIOc_freedecomp Exit - MemInfo: [/proc/self/status]	VmPin:	       0 kB
20220313 062855.653 INFO             PET1 PIOc_freedecomp Exit - MemInfo: [/proc/self/status]	VmHWM:	   61316 kB
20220313 062855.653 INFO             PET1 PIOc_freedecomp Exit - MemInfo: [/proc/self/status]	VmRSS:	   18448 kB
20220313 062855.653 INFO             PET1 PIOc_freedecomp Exit - MemInfo: [/proc/self/status]	VmData:	   15068 kB
20220313 062855.653 INFO             PET1 PIOc_freedecomp Exit - MemInfo: [/proc/self/status]	VmStk:	     148 kB
20220313 062855.653 INFO             PET1 PIOc_freedecomp Exit - MemInfo: [/proc/self/status]	VmExe:	     224 kB
20220313 062855.653 INFO             PET1 PIOc_freedecomp Exit - MemInfo: [/proc/self/status]	VmLib:	   49028 kB
20220313 062855.653 INFO             PET1 PIOc_freedecomp Exit - MemInfo: [/proc/self/status]	VmPTE:	     720 kB
20220313 062855.653 INFO             PET1 PIOc_freedecomp Exit - MemInfo: [/proc/self/status]	VmPMD:	      12 kB
20220313 062855.653 INFO             PET1 PIOc_freedecomp Exit - MemInfo: [/proc/self/status]	VmSwap:	       0 kB
20220313 062855.653 INFO             PET1 PIOc_freedecomp Exit - MemInfo: [/proc/self/status]	VmRSSPercent: 0.0281619 %
20220313 062855.653 INFO             PET1 PIOc_freedecomp Exit - MemInfo: [malloc] Non-mmapped space allocated:                 3162112 Byte
20220313 062855.654 INFO             PET1 PIOc_freedecomp Exit - MemInfo: [malloc] Space allocated in mmapped regions:          1581056 Byte
20220313 062855.654 INFO             PET1 PIOc_freedecomp Exit - MemInfo: [malloc] Maximum total allocated space:                     0 Byte
20220313 062855.654 INFO             PET1 PIOc_freedecomp Exit - MemInfo: [malloc] Space in freed fastbin blocks:                  3472 Byte
20220313 062855.654 INFO             PET1 PIOc_freedecomp Exit - MemInfo: [malloc] Total allocated space:                       2695040 Byte
20220313 062855.654 INFO             PET1 PIOc_freedecomp Exit - MemInfo: [malloc] Total free space:                             467072 Byte
20220313 062855.654 INFO             PET1 PIOc_freedecomp Exit - MemInfo: [malloc] Top-most, releasable space:                    33472 Byte
20220313 062855.654 INFO             PET1 PIOc_freedecomp Exit - MemInfo: [malloc] Total space in use, mmap + non-mmap:         4276096 Byte
20220313 062855.654 INFO             PET1 PIOc_freedecomp Exit - MemInfo: [malloc] Total space held (mmap + non-mmap):          4743168 Byte
20220313 062855.654 INFO             PET1 PIOc_freedecomp Exit - MemInfo: [malloc] Total space used (mmap + non-mmap):          4285472 Byte
20220313 062855.654 INFO             PET1 PIOc_freedecomp Exit - MemInfo: Wall-clock time since execution start:              0.0178462 seconds
20220313 062855.658 INFO             PET1 PIOc_sync Enter - MemInfo: [/proc/meminfo - SSI]	MemTotal:       65507008 kB
20220313 062855.658 INFO             PET1 PIOc_sync Enter - MemInfo: [/proc/meminfo - SSI]	MemFree:        49636536 kB
20220313 062855.658 INFO             PET1 PIOc_sync Enter - MemInfo: [/proc/meminfo - SSI]	MemAvailable:   49407444 kB
20220313 062855.658 INFO             PET1 PIOc_sync Enter - MemInfo: [/proc/meminfo - SSI]	Committed_AS:   13130112 kB
20220313 062855.658 INFO             PET1 PIOc_sync Enter - MemInfo: [/proc/meminfo - SSI]	CommittedPercent: 20.0438 %
20220313 062855.658 INFO             PET1 PIOc_sync Enter - MemInfo: [/proc/self/status]	VmPeak:	  504228 kB
20220313 062855.658 INFO             PET1 PIOc_sync Enter - MemInfo: [/proc/self/status]	VmSize:	  504228 kB
20220313 062855.658 INFO             PET1 PIOc_sync Enter - MemInfo: [/proc/self/status]	VmLck:	       0 kB
20220313 062855.658 INFO             PET1 PIOc_sync Enter - MemInfo: [/proc/self/status]	VmPin:	       0 kB
20220313 062855.658 INFO             PET1 PIOc_sync Enter - MemInfo: [/proc/self/status]	VmHWM:	   61316 kB
20220313 062855.658 INFO             PET1 PIOc_sync Enter - MemInfo: [/proc/self/status]	VmRSS:	   18464 kB
20220313 062855.658 INFO             PET1 PIOc_sync Enter - MemInfo: [/proc/self/status]	VmData:	   15068 kB
20220313 062855.658 INFO             PET1 PIOc_sync Enter - MemInfo: [/proc/self/status]	VmStk:	     148 kB
20220313 062855.658 INFO             PET1 PIOc_sync Enter - MemInfo: [/proc/self/status]	VmExe:	     224 kB
20220313 062855.658 INFO             PET1 PIOc_sync Enter - MemInfo: [/proc/self/status]	VmLib:	   49028 kB
20220313 062855.658 INFO             PET1 PIOc_sync Enter - MemInfo: [/proc/self/status]	VmPTE:	     720 kB
20220313 062855.658 INFO             PET1 PIOc_sync Enter - MemInfo: [/proc/self/status]	VmPMD:	      12 kB
20220313 062855.658 INFO             PET1 PIOc_sync Enter - MemInfo: [/proc/self/status]	VmSwap:	       0 kB
20220313 062855.658 INFO             PET1 PIOc_sync Enter - MemInfo: [/proc/self/status]	VmRSSPercent: 0.0281863 %
20220313 062855.658 INFO             PET1 PIOc_sync Enter - MemInfo: [malloc] Non-mmapped space allocated:                 3162112 Byte
20220313 062855.658 INFO             PET1 PIOc_sync Enter - MemInfo: [malloc] Space allocated in mmapped regions:          1581056 Byte
20220313 062855.658 INFO             PET1 PIOc_sync Enter - MemInfo: [malloc] Maximum total allocated space:                     0 Byte
20220313 062855.658 INFO             PET1 PIOc_sync Enter - MemInfo: [malloc] Space in freed fastbin blocks:                  1296 Byte
20220313 062855.658 INFO             PET1 PIOc_sync Enter - MemInfo: [malloc] Total allocated space:                       2756416 Byte
20220313 062855.658 INFO             PET1 PIOc_sync Enter - MemInfo: [malloc] Total free space:                             405696 Byte
20220313 062855.658 INFO             PET1 PIOc_sync Enter - MemInfo: [malloc] Top-most, releasable space:                    33472 Byte
20220313 062855.658 INFO             PET1 PIOc_sync Enter - MemInfo: [malloc] Total space in use, mmap + non-mmap:         4337472 Byte
20220313 062855.658 INFO             PET1 PIOc_sync Enter - MemInfo: [malloc] Total space held (mmap + non-mmap):          4743168 Byte
20220313 062855.658 INFO             PET1 PIOc_sync Enter - MemInfo: [malloc] Total space used (mmap + non-mmap):          4346864 Byte
20220313 062855.658 INFO             PET1 PIOc_sync Enter - MemInfo: Wall-clock time since execution start:              0.0221345 seconds
20220313 062855.658 INFO             PET1 PIOc_sync Exit - MemInfo: [/proc/meminfo - SSI]	MemTotal:       65507008 kB
20220313 062855.658 INFO             PET1 PIOc_sync Exit - MemInfo: [/proc/meminfo - SSI]	MemFree:        49636032 kB
20220313 062855.658 INFO             PET1 PIOc_sync Exit - MemInfo: [/proc/meminfo - SSI]	MemAvailable:   49406940 kB
20220313 062855.658 INFO             PET1 PIOc_sync Exit - MemInfo: [/proc/meminfo - SSI]	Committed_AS:   13130112 kB
20220313 062855.658 INFO             PET1 PIOc_sync Exit - MemInfo: [/proc/meminfo - SSI]	CommittedPercent: 20.0438 %
20220313 062855.658 INFO             PET1 PIOc_sync Exit - MemInfo: [/proc/self/status]	VmPeak:	  504228 kB
20220313 062855.658 INFO             PET1 PIOc_sync Exit - MemInfo: [/proc/self/status]	VmSize:	  504228 kB
20220313 062855.658 INFO             PET1 PIOc_sync Exit - MemInfo: [/proc/self/status]	VmLck:	       0 kB
20220313 062855.658 INFO             PET1 PIOc_sync Exit - MemInfo: [/proc/self/status]	VmPin:	       0 kB
20220313 062855.658 INFO             PET1 PIOc_sync Exit - MemInfo: [/proc/self/status]	VmHWM:	   61316 kB
20220313 062855.658 INFO             PET1 PIOc_sync Exit - MemInfo: [/proc/self/status]	VmRSS:	   18472 kB
20220313 062855.658 INFO             PET1 PIOc_sync Exit - MemInfo: [/proc/self/status]	VmData:	   15068 kB
20220313 062855.658 INFO             PET1 PIOc_sync Exit - MemInfo: [/proc/self/status]	VmStk:	     148 kB
20220313 062855.658 INFO             PET1 PIOc_sync Exit - MemInfo: [/proc/self/status]	VmExe:	     224 kB
20220313 062855.658 INFO             PET1 PIOc_sync Exit - MemInfo: [/proc/self/status]	VmLib:	   49028 kB
20220313 062855.658 INFO             PET1 PIOc_sync Exit - MemInfo: [/proc/self/status]	VmPTE:	     720 kB
20220313 062855.658 INFO             PET1 PIOc_sync Exit - MemInfo: [/proc/self/status]	VmPMD:	      12 kB
20220313 062855.658 INFO             PET1 PIOc_sync Exit - MemInfo: [/proc/self/status]	VmSwap:	       0 kB
20220313 062855.658 INFO             PET1 PIOc_sync Exit - MemInfo: [/proc/self/status]	VmRSSPercent: 0.0281985 %
20220313 062855.658 INFO             PET1 PIOc_sync Exit - MemInfo: [malloc] Non-mmapped space allocated:                 3162112 Byte
20220313 062855.658 INFO             PET1 PIOc_sync Exit - MemInfo: [malloc] Space allocated in mmapped regions:          1581056 Byte
20220313 062855.658 INFO             PET1 PIOc_sync Exit - MemInfo: [malloc] Maximum total allocated space:                     0 Byte
20220313 062855.658 INFO             PET1 PIOc_sync Exit - MemInfo: [malloc] Space in freed fastbin blocks:                  2816 Byte
20220313 062855.658 INFO             PET1 PIOc_sync Exit - MemInfo: [malloc] Total allocated space:                       2756336 Byte
20220313 062855.658 INFO             PET1 PIOc_sync Exit - MemInfo: [malloc] Total free space:                             405776 Byte
20220313 062855.658 INFO             PET1 PIOc_sync Exit - MemInfo: [malloc] Top-most, releasable space:                    33472 Byte
20220313 062855.658 INFO             PET1 PIOc_sync Exit - MemInfo: [malloc] Total space in use, mmap + non-mmap:         4337392 Byte
20220313 062855.658 INFO             PET1 PIOc_sync Exit - MemInfo: [malloc] Total space held (mmap + non-mmap):          4743168 Byte
20220313 062855.658 INFO             PET1 PIOc_sync Exit - MemInfo: [malloc] Total space used (mmap + non-mmap):          4346784 Byte
20220313 062855.658 INFO             PET1 PIOc_sync Exit - MemInfo: Wall-clock time since execution start:              0.0224132 seconds
20220313 062855.658 INFO             PET1 PIOc_freedecomp Enter - MemInfo: [/proc/meminfo - SSI]	MemTotal:       65507008 kB
20220313 062855.658 INFO             PET1 PIOc_freedecomp Enter - MemInfo: [/proc/meminfo - SSI]	MemFree:        49636032 kB
20220313 062855.658 INFO             PET1 PIOc_freedecomp Enter - MemInfo: [/proc/meminfo - SSI]	MemAvailable:   49406940 kB
20220313 062855.658 INFO             PET1 PIOc_freedecomp Enter - MemInfo: [/proc/meminfo - SSI]	Committed_AS:   13130112 kB
20220313 062855.658 INFO             PET1 PIOc_freedecomp Enter - MemInfo: [/proc/meminfo - SSI]	CommittedPercent: 20.0438 %
20220313 062855.658 INFO             PET1 PIOc_freedecomp Enter - MemInfo: [/proc/self/status]	VmPeak:	  504228 kB
20220313 062855.658 INFO             PET1 PIOc_freedecomp Enter - MemInfo: [/proc/self/status]	VmSize:	  504228 kB
20220313 062855.658 INFO             PET1 PIOc_freedecomp Enter - MemInfo: [/proc/self/status]	VmLck:	       0 kB
20220313 062855.658 INFO             PET1 PIOc_freedecomp Enter - MemInfo: [/proc/self/status]	VmPin:	       0 kB
20220313 062855.658 INFO             PET1 PIOc_freedecomp Enter - MemInfo: [/proc/self/status]	VmHWM:	   61316 kB
20220313 062855.658 INFO             PET1 PIOc_freedecomp Enter - MemInfo: [/proc/self/status]	VmRSS:	   18472 kB
20220313 062855.658 INFO             PET1 PIOc_freedecomp Enter - MemInfo: [/proc/self/status]	VmData:	   15068 kB
20220313 062855.658 INFO             PET1 PIOc_freedecomp Enter - MemInfo: [/proc/self/status]	VmStk:	     148 kB
20220313 062855.658 INFO             PET1 PIOc_freedecomp Enter - MemInfo: [/proc/self/status]	VmExe:	     224 kB
20220313 062855.658 INFO             PET1 PIOc_freedecomp Enter - MemInfo: [/proc/self/status]	VmLib:	   49028 kB
20220313 062855.658 INFO             PET1 PIOc_freedecomp Enter - MemInfo: [/proc/self/status]	VmPTE:	     720 kB
20220313 062855.658 INFO             PET1 PIOc_freedecomp Enter - MemInfo: [/proc/self/status]	VmPMD:	      12 kB
20220313 062855.658 INFO             PET1 PIOc_freedecomp Enter - MemInfo: [/proc/self/status]	VmSwap:	       0 kB
20220313 062855.658 INFO             PET1 PIOc_freedecomp Enter - MemInfo: [/proc/self/status]	VmRSSPercent: 0.0281985 %
20220313 062855.658 INFO             PET1 PIOc_freedecomp Enter - MemInfo: [malloc] Non-mmapped space allocated:                 3162112 Byte
20220313 062855.658 INFO             PET1 PIOc_freedecomp Enter - MemInfo: [malloc] Space allocated in mmapped regions:          1581056 Byte
20220313 062855.658 INFO             PET1 PIOc_freedecomp Enter - MemInfo: [malloc] Maximum total allocated space:                     0 Byte
20220313 062855.658 INFO             PET1 PIOc_freedecomp Enter - MemInfo: [malloc] Space in freed fastbin blocks:                   976 Byte
20220313 062855.658 INFO             PET1 PIOc_freedecomp Enter - MemInfo: [malloc] Total allocated space:                       2754560 Byte
20220313 062855.658 INFO             PET1 PIOc_freedecomp Enter - MemInfo: [malloc] Total free space:                             407552 Byte
20220313 062855.658 INFO             PET1 PIOc_freedecomp Enter - MemInfo: [malloc] Top-most, releasable space:                    33472 Byte
20220313 062855.658 INFO             PET1 PIOc_freedecomp Enter - MemInfo: [malloc] Total space in use, mmap + non-mmap:         4335616 Byte
20220313 062855.658 INFO             PET1 PIOc_freedecomp Enter - MemInfo: [malloc] Total space held (mmap + non-mmap):          4743168 Byte
20220313 062855.658 INFO             PET1 PIOc_freedecomp Enter - MemInfo: [malloc] Total space used (mmap + non-mmap):          4344992 Byte
20220313 062855.658 INFO             PET1 PIOc_freedecomp Enter - MemInfo: Wall-clock time since execution start:               0.022662 seconds
20220313 062855.658 INFO             PET1 PIOc_freedecomp Exit - MemInfo: [/proc/meminfo - SSI]	MemTotal:       65507008 kB
20220313 062855.658 INFO             PET1 PIOc_freedecomp Exit - MemInfo: [/proc/meminfo - SSI]	MemFree:        49636032 kB
20220313 062855.658 INFO             PET1 PIOc_freedecomp Exit - MemInfo: [/proc/meminfo - SSI]	MemAvailable:   49406940 kB
20220313 062855.658 INFO             PET1 PIOc_freedecomp Exit - MemInfo: [/proc/meminfo - SSI]	Committed_AS:   13130112 kB
20220313 062855.658 INFO             PET1 PIOc_freedecomp Exit - MemInfo: [/proc/meminfo - SSI]	CommittedPercent: 20.0438 %
20220313 062855.658 INFO             PET1 PIOc_freedecomp Exit - MemInfo: [/proc/self/status]	VmPeak:	  504228 kB
20220313 062855.658 INFO             PET1 PIOc_freedecomp Exit - MemInfo: [/proc/self/status]	VmSize:	  504228 kB
20220313 062855.658 INFO             PET1 PIOc_freedecomp Exit - MemInfo: [/proc/self/status]	VmLck:	       0 kB
20220313 062855.658 INFO             PET1 PIOc_freedecomp Exit - MemInfo: [/proc/self/status]	VmPin:	       0 kB
20220313 062855.658 INFO             PET1 PIOc_freedecomp Exit - MemInfo: [/proc/self/status]	VmHWM:	   61316 kB
20220313 062855.658 INFO             PET1 PIOc_freedecomp Exit - MemInfo: [/proc/self/status]	VmRSS:	   18472 kB
20220313 062855.658 INFO             PET1 PIOc_freedecomp Exit - MemInfo: [/proc/self/status]	VmData:	   15068 kB
20220313 062855.658 INFO             PET1 PIOc_freedecomp Exit - MemInfo: [/proc/self/status]	VmStk:	     148 kB
20220313 062855.658 INFO             PET1 PIOc_freedecomp Exit - MemInfo: [/proc/self/status]	VmExe:	     224 kB
20220313 062855.658 INFO             PET1 PIOc_freedecomp Exit - MemInfo: [/proc/self/status]	VmLib:	   49028 kB
20220313 062855.658 INFO             PET1 PIOc_freedecomp Exit - MemInfo: [/proc/self/status]	VmPTE:	     720 kB
20220313 062855.658 INFO             PET1 PIOc_freedecomp Exit - MemInfo: [/proc/self/status]	VmPMD:	      12 kB
20220313 062855.658 INFO             PET1 PIOc_freedecomp Exit - MemInfo: [/proc/self/status]	VmSwap:	       0 kB
20220313 062855.659 INFO             PET1 PIOc_freedecomp Exit - MemInfo: [/proc/self/status]	VmRSSPercent: 0.0281985 %
20220313 062855.659 INFO             PET1 PIOc_freedecomp Exit - MemInfo: [malloc] Non-mmapped space allocated:                 3162112 Byte
20220313 062855.659 INFO             PET1 PIOc_freedecomp Exit - MemInfo: [malloc] Space allocated in mmapped regions:          1581056 Byte
20220313 062855.659 INFO             PET1 PIOc_freedecomp Exit - MemInfo: [malloc] Maximum total allocated space:                     0 Byte
20220313 062855.659 INFO             PET1 PIOc_freedecomp Exit - MemInfo: [malloc] Space in freed fastbin blocks:                  3392 Byte
20220313 062855.659 INFO             PET1 PIOc_freedecomp Exit - MemInfo: [malloc] Total allocated space:                       2752592 Byte
20220313 062855.659 INFO             PET1 PIOc_freedecomp Exit - MemInfo: [malloc] Total free space:                             409520 Byte
20220313 062855.659 INFO             PET1 PIOc_freedecomp Exit - MemInfo: [malloc] Top-most, releasable space:                    33472 Byte
20220313 062855.659 INFO             PET1 PIOc_freedecomp Exit - MemInfo: [malloc] Total space in use, mmap + non-mmap:         4333648 Byte
20220313 062855.659 INFO             PET1 PIOc_freedecomp Exit - MemInfo: [malloc] Total space held (mmap + non-mmap):          4743168 Byte
20220313 062855.659 INFO             PET1 PIOc_freedecomp Exit - MemInfo: [malloc] Total space used (mmap + non-mmap):          4343024 Byte
20220313 062855.659 INFO             PET1 PIOc_freedecomp Exit - MemInfo: Wall-clock time since execution start:              0.0228658 seconds
20220313 062855.660 INFO             PET1 PIOc_sync Enter - MemInfo: [/proc/meminfo - SSI]	MemTotal:       65507008 kB
20220313 062855.660 INFO             PET1 PIOc_sync Enter - MemInfo: [/proc/meminfo - SSI]	MemFree:        49636032 kB
20220313 062855.660 INFO             PET1 PIOc_sync Enter - MemInfo: [/proc/meminfo - SSI]	MemAvailable:   49406940 kB
20220313 062855.660 INFO             PET1 PIOc_sync Enter - MemInfo: [/proc/meminfo - SSI]	Committed_AS:   13130112 kB
20220313 062855.660 INFO             PET1 PIOc_sync Enter - MemInfo: [/proc/meminfo - SSI]	CommittedPercent: 20.0438 %
20220313 062855.660 INFO             PET1 PIOc_sync Enter - MemInfo: [/proc/self/status]	VmPeak:	  504228 kB
20220313 062855.660 INFO             PET1 PIOc_sync Enter - MemInfo: [/proc/self/status]	VmSize:	  504228 kB
20220313 062855.660 INFO             PET1 PIOc_sync Enter - MemInfo: [/proc/self/status]	VmLck:	       0 kB
20220313 062855.660 INFO             PET1 PIOc_sync Enter - MemInfo: [/proc/self/status]	VmPin:	       0 kB
20220313 062855.660 INFO             PET1 PIOc_sync Enter - MemInfo: [/proc/self/status]	VmHWM:	   61316 kB
20220313 062855.660 INFO             PET1 PIOc_sync Enter - MemInfo: [/proc/self/status]	VmRSS:	   18472 kB
20220313 062855.660 INFO             PET1 PIOc_sync Enter - MemInfo: [/proc/self/status]	VmData:	   15068 kB
20220313 062855.660 INFO             PET1 PIOc_sync Enter - MemInfo: [/proc/self/status]	VmStk:	     148 kB
20220313 062855.660 INFO             PET1 PIOc_sync Enter - MemInfo: [/proc/self/status]	VmExe:	     224 kB
20220313 062855.660 INFO             PET1 PIOc_sync Enter - MemInfo: [/proc/self/status]	VmLib:	   49028 kB
20220313 062855.660 INFO             PET1 PIOc_sync Enter - MemInfo: [/proc/self/status]	VmPTE:	     720 kB
20220313 062855.660 INFO             PET1 PIOc_sync Enter - MemInfo: [/proc/self/status]	VmPMD:	      12 kB
20220313 062855.660 INFO             PET1 PIOc_sync Enter - MemInfo: [/proc/self/status]	VmSwap:	       0 kB
20220313 062855.660 INFO             PET1 PIOc_sync Enter - MemInfo: [/proc/self/status]	VmRSSPercent: 0.0281985 %
20220313 062855.660 INFO             PET1 PIOc_sync Enter - MemInfo: [malloc] Non-mmapped space allocated:                 3162112 Byte
20220313 062855.660 INFO             PET1 PIOc_sync Enter - MemInfo: [malloc] Space allocated in mmapped regions:          1581056 Byte
20220313 062855.660 INFO             PET1 PIOc_sync Enter - MemInfo: [malloc] Maximum total allocated space:                     0 Byte
20220313 062855.660 INFO             PET1 PIOc_sync Enter - MemInfo: [malloc] Space in freed fastbin blocks:                  1200 Byte
20220313 062855.660 INFO             PET1 PIOc_sync Enter - MemInfo: [malloc] Total allocated space:                       2756544 Byte
20220313 062855.660 INFO             PET1 PIOc_sync Enter - MemInfo: [malloc] Total free space:                             405568 Byte
20220313 062855.660 INFO             PET1 PIOc_sync Enter - MemInfo: [malloc] Top-most, releasable space:                    33472 Byte
20220313 062855.660 INFO             PET1 PIOc_sync Enter - MemInfo: [malloc] Total space in use, mmap + non-mmap:         4337600 Byte
20220313 062855.660 INFO             PET1 PIOc_sync Enter - MemInfo: [malloc] Total space held (mmap + non-mmap):          4743168 Byte
20220313 062855.660 INFO             PET1 PIOc_sync Enter - MemInfo: [malloc] Total space used (mmap + non-mmap):          4346992 Byte
20220313 062855.660 INFO             PET1 PIOc_sync Enter - MemInfo: Wall-clock time since execution start:               0.024103 seconds
20220313 062855.660 INFO             PET1 PIOc_sync Exit - MemInfo: [/proc/meminfo - SSI]	MemTotal:       65507008 kB
20220313 062855.660 INFO             PET1 PIOc_sync Exit - MemInfo: [/proc/meminfo - SSI]	MemFree:        49636032 kB
20220313 062855.660 INFO             PET1 PIOc_sync Exit - MemInfo: [/proc/meminfo - SSI]	MemAvailable:   49406940 kB
20220313 062855.660 INFO             PET1 PIOc_sync Exit - MemInfo: [/proc/meminfo - SSI]	Committed_AS:   13130112 kB
20220313 062855.660 INFO             PET1 PIOc_sync Exit - MemInfo: [/proc/meminfo - SSI]	CommittedPercent: 20.0438 %
20220313 062855.660 INFO             PET1 PIOc_sync Exit - MemInfo: [/proc/self/status]	VmPeak:	  504228 kB
20220313 062855.660 INFO             PET1 PIOc_sync Exit - MemInfo: [/proc/self/status]	VmSize:	  504228 kB
20220313 062855.660 INFO             PET1 PIOc_sync Exit - MemInfo: [/proc/self/status]	VmLck:	       0 kB
20220313 062855.660 INFO             PET1 PIOc_sync Exit - MemInfo: [/proc/self/status]	VmPin:	       0 kB
20220313 062855.660 INFO             PET1 PIOc_sync Exit - MemInfo: [/proc/self/status]	VmHWM:	   61316 kB
20220313 062855.660 INFO             PET1 PIOc_sync Exit - MemInfo: [/proc/self/status]	VmRSS:	   18472 kB
20220313 062855.660 INFO             PET1 PIOc_sync Exit - MemInfo: [/proc/self/status]	VmData:	   15068 kB
20220313 062855.660 INFO             PET1 PIOc_sync Exit - MemInfo: [/proc/self/status]	VmStk:	     148 kB
20220313 062855.660 INFO             PET1 PIOc_sync Exit - MemInfo: [/proc/self/status]	VmExe:	     224 kB
20220313 062855.660 INFO             PET1 PIOc_sync Exit - MemInfo: [/proc/self/status]	VmLib:	   49028 kB
20220313 062855.660 INFO             PET1 PIOc_sync Exit - MemInfo: [/proc/self/status]	VmPTE:	     720 kB
20220313 062855.660 INFO             PET1 PIOc_sync Exit - MemInfo: [/proc/self/status]	VmPMD:	      12 kB
20220313 062855.660 INFO             PET1 PIOc_sync Exit - MemInfo: [/proc/self/status]	VmSwap:	       0 kB
20220313 062855.660 INFO             PET1 PIOc_sync Exit - MemInfo: [/proc/self/status]	VmRSSPercent: 0.0281985 %
20220313 062855.660 INFO             PET1 PIOc_sync Exit - MemInfo: [malloc] Non-mmapped space allocated:                 3162112 Byte
20220313 062855.660 INFO             PET1 PIOc_sync Exit - MemInfo: [malloc] Space allocated in mmapped regions:          1581056 Byte
20220313 062855.660 INFO             PET1 PIOc_sync Exit - MemInfo: [malloc] Maximum total allocated space:                     0 Byte
20220313 062855.660 INFO             PET1 PIOc_sync Exit - MemInfo: [malloc] Space in freed fastbin blocks:                  3024 Byte
20220313 062855.660 INFO             PET1 PIOc_sync Exit - MemInfo: [malloc] Total allocated space:                       2756464 Byte
20220313 062855.660 INFO             PET1 PIOc_sync Exit - MemInfo: [malloc] Total free space:                             405648 Byte
20220313 062855.660 INFO             PET1 PIOc_sync Exit - MemInfo: [malloc] Top-most, releasable space:                    33472 Byte
20220313 062855.660 INFO             PET1 PIOc_sync Exit - MemInfo: [malloc] Total space in use, mmap + non-mmap:         4337520 Byte
20220313 062855.660 INFO             PET1 PIOc_sync Exit - MemInfo: [malloc] Total space held (mmap + non-mmap):          4743168 Byte
20220313 062855.660 INFO             PET1 PIOc_sync Exit - MemInfo: [malloc] Total space used (mmap + non-mmap):          4346912 Byte
20220313 062855.660 INFO             PET1 PIOc_sync Exit - MemInfo: Wall-clock time since execution start:              0.0243821 seconds
20220313 062855.660 INFO             PET1 PIOc_freedecomp Enter - MemInfo: [/proc/meminfo - SSI]	MemTotal:       65507008 kB
20220313 062855.660 INFO             PET1 PIOc_freedecomp Enter - MemInfo: [/proc/meminfo - SSI]	MemFree:        49636032 kB
20220313 062855.660 INFO             PET1 PIOc_freedecomp Enter - MemInfo: [/proc/meminfo - SSI]	MemAvailable:   49406940 kB
20220313 062855.660 INFO             PET1 PIOc_freedecomp Enter - MemInfo: [/proc/meminfo - SSI]	Committed_AS:   13130112 kB
20220313 062855.660 INFO             PET1 PIOc_freedecomp Enter - MemInfo: [/proc/meminfo - SSI]	CommittedPercent: 20.0438 %
20220313 062855.660 INFO             PET1 PIOc_freedecomp Enter - MemInfo: [/proc/self/status]	VmPeak:	  504228 kB
20220313 062855.660 INFO             PET1 PIOc_freedecomp Enter - MemInfo: [/proc/self/status]	VmSize:	  504228 kB
