build time -- 2022-03-13 03:31:55
20220313 034052.786 INFO             PET0 !!!!!!!!!!!!!!!!!!!!!!!!!!!!!!!!!!!!!!!!!!!!!!!!!!!!!!
20220313 034052.786 INFO             PET0 !!! THE ESMF_LOG IS SET TO OUTPUT ALL LOG MESSAGES !!!
20220313 034052.786 INFO             PET0 !!!     THIS MAY CAUSE SLOWDOWN IN PERFORMANCE     !!!
20220313 034052.786 INFO             PET0 !!! FOR PRODUCTION RUNS, USE:                      !!!
20220313 034052.786 INFO             PET0 !!!                   ESMF_LOGKIND_Multi_On_Error  !!!
20220313 034052.786 INFO             PET0 !!!!!!!!!!!!!!!!!!!!!!!!!!!!!!!!!!!!!!!!!!!!!!!!!!!!!!
20220313 034052.786 INFO             PET0 Running with ESMF Version   : v8.3.0b09-96-g559b459836
20220313 034052.786 INFO             PET0 ESMF library build date/time: "Mar 13 2022" "03:30:54"
20220313 034052.786 INFO             PET0 ESMF library build location : /lfs/h1/emc/ptmp/Mark.Potts/gfortran_10.3.0_mpich3_g_jedwards_pio_update2
20220313 034052.786 INFO             PET0 ESMF_COMM                   : mpich3
20220313 034052.786 INFO             PET0 ESMF_MOAB                   : enabled
20220313 034052.786 INFO             PET0 ESMF_LAPACK                 : enabled
20220313 034052.786 INFO             PET0 ESMF_NETCDF                 : enabled
20220313 034052.786 INFO             PET0 ESMF_PNETCDF                : disabled
20220313 034052.786 INFO             PET0 ESMF_PIO                    : enabled
20220313 034052.786 INFO             PET0 ESMF_YAMLCPP                : enabled
20220313 034052.786 INFO             PET0 Beginning Test, file ESMC_FieldSMMFromFileUTest.C, line 41
20220313 034052.786 INFO             PET0 Beginning Test, file ESMC_FieldSMMFromFileUTest.C, line 41NUMBER_OF_PROCESSORS 4
20220313 034052.805 INFO             PET0 PIOc_sync Enter - MemInfo: [/proc/meminfo - SSI]	MemTotal:       527077124 kB
20220313 034052.805 INFO             PET0 PIOc_sync Enter - MemInfo: [/proc/meminfo - SSI]	MemFree:        517352836 kB
20220313 034052.805 INFO             PET0 PIOc_sync Enter - MemInfo: [/proc/meminfo - SSI]	MemAvailable:   517794960 kB
20220313 034052.805 INFO             PET0 PIOc_sync Enter - MemInfo: [/proc/meminfo - SSI]	Committed_AS:    1624136 kB
20220313 034052.805 INFO             PET0 PIOc_sync Enter - MemInfo: [/proc/meminfo - SSI]	CommittedPercent: 0.30814 %
20220313 034052.805 INFO             PET0 PIOc_sync Enter - MemInfo: [/proc/self/status]	VmPeak:	  195020 kB
20220313 034052.805 INFO             PET0 PIOc_sync Enter - MemInfo: [/proc/self/status]	VmSize:	  195020 kB
20220313 034052.805 INFO             PET0 PIOc_sync Enter - MemInfo: [/proc/self/status]	VmLck:	       0 kB
20220313 034052.805 INFO             PET0 PIOc_sync Enter - MemInfo: [/proc/self/status]	VmPin:	       0 kB
20220313 034052.805 INFO             PET0 PIOc_sync Enter - MemInfo: [/proc/self/status]	VmHWM:	   44280 kB
20220313 034052.805 INFO             PET0 PIOc_sync Enter - MemInfo: [/proc/self/status]	VmRSS:	   44280 kB
20220313 034052.805 INFO             PET0 PIOc_sync Enter - MemInfo: [/proc/self/status]	VmData:	   17364 kB
20220313 034052.805 INFO             PET0 PIOc_sync Enter - MemInfo: [/proc/self/status]	VmStk:	     156 kB
20220313 034052.805 INFO             PET0 PIOc_sync Enter - MemInfo: [/proc/self/status]	VmExe:	     320 kB
20220313 034052.805 INFO             PET0 PIOc_sync Enter - MemInfo: [/proc/self/status]	VmLib:	  103544 kB
20220313 034052.805 INFO             PET0 PIOc_sync Enter - MemInfo: [/proc/self/status]	VmPTE:	     392 kB
20220313 034052.805 INFO             PET0 PIOc_sync Enter - MemInfo: [/proc/self/status]	VmSwap:	       0 kB
20220313 034052.805 INFO             PET0 PIOc_sync Enter - MemInfo: [/proc/self/status]	VmRSSPercent: 0.00840105 %
20220313 034052.805 INFO             PET0 PIOc_sync Enter - MemInfo: [malloc] Non-mmapped space allocated:                 1208320 Byte
20220313 034052.805 INFO             PET0 PIOc_sync Enter - MemInfo: [malloc] Space allocated in mmapped regions:         12398592 Byte
20220313 034052.805 INFO             PET0 PIOc_sync Enter - MemInfo: [malloc] Maximum total allocated space:                     0 Byte
20220313 034052.805 INFO             PET0 PIOc_sync Enter - MemInfo: [malloc] Space in freed fastbin blocks:                     0 Byte
20220313 034052.805 INFO             PET0 PIOc_sync Enter - MemInfo: [malloc] Total allocated space:                       1196736 Byte
20220313 034052.805 INFO             PET0 PIOc_sync Enter - MemInfo: [malloc] Total free space:                              11584 Byte
20220313 034052.805 INFO             PET0 PIOc_sync Enter - MemInfo: [malloc] Top-most, releasable space:                    10528 Byte
20220313 034052.805 INFO             PET0 PIOc_sync Enter - MemInfo: [malloc] Total space in use, mmap + non-mmap:        13595328 Byte
20220313 034052.805 INFO             PET0 PIOc_sync Enter - MemInfo: [malloc] Total space held (mmap + non-mmap):         13606912 Byte
20220313 034052.805 INFO             PET0 PIOc_sync Enter - MemInfo: [malloc] Total space used (mmap + non-mmap):         13604624 Byte
20220313 034052.806 INFO             PET0 PIOc_sync Enter - MemInfo: Wall-clock time since execution start:              0.0215869 seconds
20220313 034052.806 INFO             PET0 PIOc_sync Exit - MemInfo: [/proc/meminfo - SSI]	MemTotal:       527077124 kB
20220313 034052.806 INFO             PET0 PIOc_sync Exit - MemInfo: [/proc/meminfo - SSI]	MemFree:        517352332 kB
20220313 034052.806 INFO             PET0 PIOc_sync Exit - MemInfo: [/proc/meminfo - SSI]	MemAvailable:   517794456 kB
20220313 034052.806 INFO             PET0 PIOc_sync Exit - MemInfo: [/proc/meminfo - SSI]	Committed_AS:    1624608 kB
20220313 034052.806 INFO             PET0 PIOc_sync Exit - MemInfo: [/proc/meminfo - SSI]	CommittedPercent: 0.30823 %
20220313 034052.806 INFO             PET0 PIOc_sync Exit - MemInfo: [/proc/self/status]	VmPeak:	  195492 kB
20220313 034052.806 INFO             PET0 PIOc_sync Exit - MemInfo: [/proc/self/status]	VmSize:	  195492 kB
20220313 034052.806 INFO             PET0 PIOc_sync Exit - MemInfo: [/proc/self/status]	VmLck:	       0 kB
20220313 034052.806 INFO             PET0 PIOc_sync Exit - MemInfo: [/proc/self/status]	VmPin:	       0 kB
20220313 034052.806 INFO             PET0 PIOc_sync Exit - MemInfo: [/proc/self/status]	VmHWM:	   44800 kB
20220313 034052.806 INFO             PET0 PIOc_sync Exit - MemInfo: [/proc/self/status]	VmRSS:	   44800 kB
20220313 034052.806 INFO             PET0 PIOc_sync Exit - MemInfo: [/proc/self/status]	VmData:	   17836 kB
20220313 034052.806 INFO             PET0 PIOc_sync Exit - MemInfo: [/proc/self/status]	VmStk:	     156 kB
20220313 034052.806 INFO             PET0 PIOc_sync Exit - MemInfo: [/proc/self/status]	VmExe:	     320 kB
20220313 034052.806 INFO             PET0 PIOc_sync Exit - MemInfo: [/proc/self/status]	VmLib:	  103544 kB
20220313 034052.806 INFO             PET0 PIOc_sync Exit - MemInfo: [/proc/self/status]	VmPTE:	     396 kB
20220313 034052.806 INFO             PET0 PIOc_sync Exit - MemInfo: [/proc/self/status]	VmSwap:	       0 kB
20220313 034052.806 INFO             PET0 PIOc_sync Exit - MemInfo: [/proc/self/status]	VmRSSPercent: 0.0084997 %
20220313 034052.806 INFO             PET0 PIOc_sync Exit - MemInfo: [malloc] Non-mmapped space allocated:                 1400832 Byte
20220313 034052.806 INFO             PET0 PIOc_sync Exit - MemInfo: [malloc] Space allocated in mmapped regions:         12689408 Byte
20220313 034052.806 INFO             PET0 PIOc_sync Exit - MemInfo: [malloc] Maximum total allocated space:                     0 Byte
20220313 034052.806 INFO             PET0 PIOc_sync Exit - MemInfo: [malloc] Space in freed fastbin blocks:                     0 Byte
20220313 034052.806 INFO             PET0 PIOc_sync Exit - MemInfo: [malloc] Total allocated space:                       1264576 Byte
20220313 034052.806 INFO             PET0 PIOc_sync Exit - MemInfo: [malloc] Total free space:                             136256 Byte
20220313 034052.806 INFO             PET0 PIOc_sync Exit - MemInfo: [malloc] Top-most, releasable space:                   132912 Byte
20220313 034052.806 INFO             PET0 PIOc_sync Exit - MemInfo: [malloc] Total space in use, mmap + non-mmap:        13953984 Byte
20220313 034052.806 INFO             PET0 PIOc_sync Exit - MemInfo: [malloc] Total space held (mmap + non-mmap):         14090240 Byte
20220313 034052.806 INFO             PET0 PIOc_sync Exit - MemInfo: [malloc] Total space used (mmap + non-mmap):         13962192 Byte
20220313 034052.806 INFO             PET0 PIOc_sync Exit - MemInfo: Wall-clock time since execution start:              0.0219547 seconds
20220313 034052.806 INFO             PET0 PIOc_freedecomp Enter - MemInfo: [/proc/meminfo - SSI]	MemTotal:       527077124 kB
20220313 034052.806 INFO             PET0 PIOc_freedecomp Enter - MemInfo: [/proc/meminfo - SSI]	MemFree:        517359484 kB
20220313 034052.806 INFO             PET0 PIOc_freedecomp Enter - MemInfo: [/proc/meminfo - SSI]	MemAvailable:   517801608 kB
20220313 034052.806 INFO             PET0 PIOc_freedecomp Enter - MemInfo: [/proc/meminfo - SSI]	Committed_AS:    1615896 kB
20220313 034052.806 INFO             PET0 PIOc_freedecomp Enter - MemInfo: [/proc/meminfo - SSI]	CommittedPercent: 0.306577 %
20220313 034052.806 INFO             PET0 PIOc_freedecomp Enter - MemInfo: [/proc/self/status]	VmPeak:	  195492 kB
20220313 034052.806 INFO             PET0 PIOc_freedecomp Enter - MemInfo: [/proc/self/status]	VmSize:	  186780 kB
20220313 034052.806 INFO             PET0 PIOc_freedecomp Enter - MemInfo: [/proc/self/status]	VmLck:	       0 kB
20220313 034052.806 INFO             PET0 PIOc_freedecomp Enter - MemInfo: [/proc/self/status]	VmPin:	       0 kB
20220313 034052.806 INFO             PET0 PIOc_freedecomp Enter - MemInfo: [/proc/self/status]	VmHWM:	   44800 kB
20220313 034052.806 INFO             PET0 PIOc_freedecomp Enter - MemInfo: [/proc/self/status]	VmRSS:	   36828 kB
20220313 034052.806 INFO             PET0 PIOc_freedecomp Enter - MemInfo: [/proc/self/status]	VmData:	    9124 kB
20220313 034052.806 INFO             PET0 PIOc_freedecomp Enter - MemInfo: [/proc/self/status]	VmStk:	     156 kB
20220313 034052.806 INFO             PET0 PIOc_freedecomp Enter - MemInfo: [/proc/self/status]	VmExe:	     320 kB
20220313 034052.806 INFO             PET0 PIOc_freedecomp Enter - MemInfo: [/proc/self/status]	VmLib:	  103544 kB
20220313 034052.806 INFO             PET0 PIOc_freedecomp Enter - MemInfo: [/proc/self/status]	VmPTE:	     376 kB
20220313 034052.806 INFO             PET0 PIOc_freedecomp Enter - MemInfo: [/proc/self/status]	VmSwap:	       0 kB
20220313 034052.806 INFO             PET0 PIOc_freedecomp Enter - MemInfo: [/proc/self/status]	VmRSSPercent: 0.00698721 %
20220313 034052.806 INFO             PET0 PIOc_freedecomp Enter - MemInfo: [malloc] Non-mmapped space allocated:                 1400832 Byte
20220313 034052.806 INFO             PET0 PIOc_freedecomp Enter - MemInfo: [malloc] Space allocated in mmapped regions:          3768320 Byte
20220313 034052.806 INFO             PET0 PIOc_freedecomp Enter - MemInfo: [malloc] Maximum total allocated space:                     0 Byte
20220313 034052.806 INFO             PET0 PIOc_freedecomp Enter - MemInfo: [malloc] Space in freed fastbin blocks:                   512 Byte
20220313 034052.806 INFO             PET0 PIOc_freedecomp Enter - MemInfo: [malloc] Total allocated space:                       1253792 Byte
20220313 034052.806 INFO             PET0 PIOc_freedecomp Enter - MemInfo: [malloc] Total free space:                             147040 Byte
20220313 034052.806 INFO             PET0 PIOc_freedecomp Enter - MemInfo: [malloc] Top-most, releasable space:                   132688 Byte
20220313 034052.806 INFO             PET0 PIOc_freedecomp Enter - MemInfo: [malloc] Total space in use, mmap + non-mmap:         5022112 Byte
20220313 034052.806 INFO             PET0 PIOc_freedecomp Enter - MemInfo: [malloc] Total space held (mmap + non-mmap):          5169152 Byte
20220313 034052.806 INFO             PET0 PIOc_freedecomp Enter - MemInfo: [malloc] Total space used (mmap + non-mmap):          5030320 Byte
20220313 034052.806 INFO             PET0 PIOc_freedecomp Enter - MemInfo: Wall-clock time since execution start:              0.0224117 seconds
20220313 034052.806 INFO             PET0 PIOc_freedecomp Exit - MemInfo: [/proc/meminfo - SSI]	MemTotal:       527077124 kB
20220313 034052.806 INFO             PET0 PIOc_freedecomp Exit - MemInfo: [/proc/meminfo - SSI]	MemFree:        517359484 kB
20220313 034052.806 INFO             PET0 PIOc_freedecomp Exit - MemInfo: [/proc/meminfo - SSI]	MemAvailable:   517801608 kB
20220313 034052.806 INFO             PET0 PIOc_freedecomp Exit - MemInfo: [/proc/meminfo - SSI]	Committed_AS:    1615896 kB
20220313 034052.806 INFO             PET0 PIOc_freedecomp Exit - MemInfo: [/proc/meminfo - SSI]	CommittedPercent: 0.306577 %
20220313 034052.806 INFO             PET0 PIOc_freedecomp Exit - MemInfo: [/proc/self/status]	VmPeak:	  195492 kB
20220313 034052.806 INFO             PET0 PIOc_freedecomp Exit - MemInfo: [/proc/self/status]	VmSize:	  186780 kB
20220313 034052.806 INFO             PET0 PIOc_freedecomp Exit - MemInfo: [/proc/self/status]	VmLck:	       0 kB
20220313 034052.806 INFO             PET0 PIOc_freedecomp Exit - MemInfo: [/proc/self/status]	VmPin:	       0 kB
20220313 034052.806 INFO             PET0 PIOc_freedecomp Exit - MemInfo: [/proc/self/status]	VmHWM:	   44800 kB
20220313 034052.806 INFO             PET0 PIOc_freedecomp Exit - MemInfo: [/proc/self/status]	VmRSS:	   36828 kB
20220313 034052.806 INFO             PET0 PIOc_freedecomp Exit - MemInfo: [/proc/self/status]	VmData:	    9124 kB
20220313 034052.806 INFO             PET0 PIOc_freedecomp Exit - MemInfo: [/proc/self/status]	VmStk:	     156 kB
20220313 034052.806 INFO             PET0 PIOc_freedecomp Exit - MemInfo: [/proc/self/status]	VmExe:	     320 kB
20220313 034052.806 INFO             PET0 PIOc_freedecomp Exit - MemInfo: [/proc/self/status]	VmLib:	  103544 kB
20220313 034052.806 INFO             PET0 PIOc_freedecomp Exit - MemInfo: [/proc/self/status]	VmPTE:	     376 kB
20220313 034052.806 INFO             PET0 PIOc_freedecomp Exit - MemInfo: [/proc/self/status]	VmSwap:	       0 kB
20220313 034052.806 INFO             PET0 PIOc_freedecomp Exit - MemInfo: [/proc/self/status]	VmRSSPercent: 0.00698721 %
20220313 034052.806 INFO             PET0 PIOc_freedecomp Exit - MemInfo: [malloc] Non-mmapped space allocated:                 1400832 Byte
20220313 034052.806 INFO             PET0 PIOc_freedecomp Exit - MemInfo: [malloc] Space allocated in mmapped regions:          3768320 Byte
20220313 034052.806 INFO             PET0 PIOc_freedecomp Exit - MemInfo: [malloc] Maximum total allocated space:                     0 Byte
20220313 034052.806 INFO             PET0 PIOc_freedecomp Exit - MemInfo: [malloc] Space in freed fastbin blocks:                   912 Byte
20220313 034052.806 INFO             PET0 PIOc_freedecomp Exit - MemInfo: [malloc] Total allocated space:                       1250208 Byte
20220313 034052.806 INFO             PET0 PIOc_freedecomp Exit - MemInfo: [malloc] Total free space:                             150624 Byte
20220313 034052.806 INFO             PET0 PIOc_freedecomp Exit - MemInfo: [malloc] Top-most, releasable space:                   132688 Byte
20220313 034052.807 INFO             PET0 PIOc_freedecomp Exit - MemInfo: [malloc] Total space in use, mmap + non-mmap:         5018528 Byte
20220313 034052.807 INFO             PET0 PIOc_freedecomp Exit - MemInfo: [malloc] Total space held (mmap + non-mmap):          5169152 Byte
20220313 034052.807 INFO             PET0 PIOc_freedecomp Exit - MemInfo: [malloc] Total space used (mmap + non-mmap):          5026736 Byte
20220313 034052.807 INFO             PET0 PIOc_freedecomp Exit - MemInfo: Wall-clock time since execution start:              0.0226204 seconds
20220313 034052.808 INFO             PET0 PIOc_sync Enter - MemInfo: [/proc/meminfo - SSI]	MemTotal:       527077124 kB
20220313 034052.808 INFO             PET0 PIOc_sync Enter - MemInfo: [/proc/meminfo - SSI]	MemFree:        517354884 kB
20220313 034052.808 INFO             PET0 PIOc_sync Enter - MemInfo: [/proc/meminfo - SSI]	MemAvailable:   517797008 kB
20220313 034052.808 INFO             PET0 PIOc_sync Enter - MemInfo: [/proc/meminfo - SSI]	Committed_AS:    1624600 kB
20220313 034052.808 INFO             PET0 PIOc_sync Enter - MemInfo: [/proc/meminfo - SSI]	CommittedPercent: 0.308228 %
20220313 034052.809 INFO             PET0 PIOc_sync Enter - MemInfo: [/proc/self/status]	VmPeak:	  195492 kB
20220313 034052.809 INFO             PET0 PIOc_sync Enter - MemInfo: [/proc/self/status]	VmSize:	  195484 kB
20220313 034052.809 INFO             PET0 PIOc_sync Enter - MemInfo: [/proc/self/status]	VmLck:	       0 kB
20220313 034052.809 INFO             PET0 PIOc_sync Enter - MemInfo: [/proc/self/status]	VmPin:	       0 kB
20220313 034052.809 INFO             PET0 PIOc_sync Enter - MemInfo: [/proc/self/status]	VmHWM:	   44800 kB
20220313 034052.809 INFO             PET0 PIOc_sync Enter - MemInfo: [/proc/self/status]	VmRSS:	   42464 kB
20220313 034052.809 INFO             PET0 PIOc_sync Enter - MemInfo: [/proc/self/status]	VmData:	   17828 kB
20220313 034052.809 INFO             PET0 PIOc_sync Enter - MemInfo: [/proc/self/status]	VmStk:	     156 kB
20220313 034052.809 INFO             PET0 PIOc_sync Enter - MemInfo: [/proc/self/status]	VmExe:	     320 kB
20220313 034052.809 INFO             PET0 PIOc_sync Enter - MemInfo: [/proc/self/status]	VmLib:	  103544 kB
20220313 034052.809 INFO             PET0 PIOc_sync Enter - MemInfo: [/proc/self/status]	VmPTE:	     388 kB
20220313 034052.809 INFO             PET0 PIOc_sync Enter - MemInfo: [/proc/self/status]	VmSwap:	       0 kB
20220313 034052.809 INFO             PET0 PIOc_sync Enter - MemInfo: [/proc/self/status]	VmRSSPercent: 0.00805651 %
20220313 034052.809 INFO             PET0 PIOc_sync Enter - MemInfo: [malloc] Non-mmapped space allocated:                10313728 Byte
20220313 034052.809 INFO             PET0 PIOc_sync Enter - MemInfo: [malloc] Space allocated in mmapped regions:          3768320 Byte
20220313 034052.809 INFO             PET0 PIOc_sync Enter - MemInfo: [malloc] Maximum total allocated space:                     0 Byte
20220313 034052.809 INFO             PET0 PIOc_sync Enter - MemInfo: [malloc] Space in freed fastbin blocks:                   112 Byte
20220313 034052.809 INFO             PET0 PIOc_sync Enter - MemInfo: [malloc] Total allocated space:                      10178416 Byte
20220313 034052.809 INFO             PET0 PIOc_sync Enter - MemInfo: [malloc] Total free space:                             135312 Byte
20220313 034052.809 INFO             PET0 PIOc_sync Enter - MemInfo: [malloc] Top-most, releasable space:                   127408 Byte
20220313 034052.809 INFO             PET0 PIOc_sync Enter - MemInfo: [malloc] Total space in use, mmap + non-mmap:        13946736 Byte
20220313 034052.809 INFO             PET0 PIOc_sync Enter - MemInfo: [malloc] Total space held (mmap + non-mmap):         14082048 Byte
20220313 034052.809 INFO             PET0 PIOc_sync Enter - MemInfo: [malloc] Total space used (mmap + non-mmap):         13955184 Byte
20220313 034052.809 INFO             PET0 PIOc_sync Enter - MemInfo: Wall-clock time since execution start:               0.024731 seconds
20220313 034052.809 INFO             PET0 PIOc_sync Exit - MemInfo: [/proc/meminfo - SSI]	MemTotal:       527077124 kB
20220313 034052.809 INFO             PET0 PIOc_sync Exit - MemInfo: [/proc/meminfo - SSI]	MemFree:        517354632 kB
20220313 034052.809 INFO             PET0 PIOc_sync Exit - MemInfo: [/proc/meminfo - SSI]	MemAvailable:   517796804 kB
20220313 034052.809 INFO             PET0 PIOc_sync Exit - MemInfo: [/proc/meminfo - SSI]	Committed_AS:    1624600 kB
20220313 034052.809 INFO             PET0 PIOc_sync Exit - MemInfo: [/proc/meminfo - SSI]	CommittedPercent: 0.308228 %
20220313 034052.809 INFO             PET0 PIOc_sync Exit - MemInfo: [/proc/self/status]	VmPeak:	  195492 kB
20220313 034052.809 INFO             PET0 PIOc_sync Exit - MemInfo: [/proc/self/status]	VmSize:	  195484 kB
20220313 034052.809 INFO             PET0 PIOc_sync Exit - MemInfo: [/proc/self/status]	VmLck:	       0 kB
20220313 034052.809 INFO             PET0 PIOc_sync Exit - MemInfo: [/proc/self/status]	VmPin:	       0 kB
20220313 034052.809 INFO             PET0 PIOc_sync Exit - MemInfo: [/proc/self/status]	VmHWM:	   44800 kB
20220313 034052.809 INFO             PET0 PIOc_sync Exit - MemInfo: [/proc/self/status]	VmRSS:	   42464 kB
20220313 034052.809 INFO             PET0 PIOc_sync Exit - MemInfo: [/proc/self/status]	VmData:	   17828 kB
20220313 034052.809 INFO             PET0 PIOc_sync Exit - MemInfo: [/proc/self/status]	VmStk:	     156 kB
20220313 034052.809 INFO             PET0 PIOc_sync Exit - MemInfo: [/proc/self/status]	VmExe:	     320 kB
20220313 034052.809 INFO             PET0 PIOc_sync Exit - MemInfo: [/proc/self/status]	VmLib:	  103544 kB
20220313 034052.809 INFO             PET0 PIOc_sync Exit - MemInfo: [/proc/self/status]	VmPTE:	     388 kB
20220313 034052.809 INFO             PET0 PIOc_sync Exit - MemInfo: [/proc/self/status]	VmSwap:	       0 kB
20220313 034052.809 INFO             PET0 PIOc_sync Exit - MemInfo: [/proc/self/status]	VmRSSPercent: 0.00805651 %
20220313 034052.809 INFO             PET0 PIOc_sync Exit - MemInfo: [malloc] Non-mmapped space allocated:                10313728 Byte
20220313 034052.809 INFO             PET0 PIOc_sync Exit - MemInfo: [malloc] Space allocated in mmapped regions:          3768320 Byte
20220313 034052.809 INFO             PET0 PIOc_sync Exit - MemInfo: [malloc] Maximum total allocated space:                     0 Byte
20220313 034052.809 INFO             PET0 PIOc_sync Exit - MemInfo: [malloc] Space in freed fastbin blocks:                    48 Byte
20220313 034052.809 INFO             PET0 PIOc_sync Exit - MemInfo: [malloc] Total allocated space:                      10179216 Byte
20220313 034052.809 INFO             PET0 PIOc_sync Exit - MemInfo: [malloc] Total free space:                             134512 Byte
20220313 034052.809 INFO             PET0 PIOc_sync Exit - MemInfo: [malloc] Top-most, releasable space:                   127184 Byte
20220313 034052.809 INFO             PET0 PIOc_sync Exit - MemInfo: [malloc] Total space in use, mmap + non-mmap:        13947536 Byte
20220313 034052.809 INFO             PET0 PIOc_sync Exit - MemInfo: [malloc] Total space held (mmap + non-mmap):         14082048 Byte
20220313 034052.809 INFO             PET0 PIOc_sync Exit - MemInfo: [malloc] Total space used (mmap + non-mmap):         13955744 Byte
20220313 034052.809 INFO             PET0 PIOc_sync Exit - MemInfo: Wall-clock time since execution start:              0.0250401 seconds
20220313 034052.809 INFO             PET0 PIOc_freedecomp Enter - MemInfo: [/proc/meminfo - SSI]	MemTotal:       527077124 kB
20220313 034052.809 INFO             PET0 PIOc_freedecomp Enter - MemInfo: [/proc/meminfo - SSI]	MemFree:        517354632 kB
20220313 034052.809 INFO             PET0 PIOc_freedecomp Enter - MemInfo: [/proc/meminfo - SSI]	MemAvailable:   517796804 kB
20220313 034052.809 INFO             PET0 PIOc_freedecomp Enter - MemInfo: [/proc/meminfo - SSI]	Committed_AS:    1624600 kB
20220313 034052.809 INFO             PET0 PIOc_freedecomp Enter - MemInfo: [/proc/meminfo - SSI]	CommittedPercent: 0.308228 %
20220313 034052.809 INFO             PET0 PIOc_freedecomp Enter - MemInfo: [/proc/self/status]	VmPeak:	  195492 kB
20220313 034052.809 INFO             PET0 PIOc_freedecomp Enter - MemInfo: [/proc/self/status]	VmSize:	  195484 kB
20220313 034052.809 INFO             PET0 PIOc_freedecomp Enter - MemInfo: [/proc/self/status]	VmLck:	       0 kB
20220313 034052.809 INFO             PET0 PIOc_freedecomp Enter - MemInfo: [/proc/self/status]	VmPin:	       0 kB
20220313 034052.809 INFO             PET0 PIOc_freedecomp Enter - MemInfo: [/proc/self/status]	VmHWM:	   44800 kB
20220313 034052.809 INFO             PET0 PIOc_freedecomp Enter - MemInfo: [/proc/self/status]	VmRSS:	   42464 kB
20220313 034052.809 INFO             PET0 PIOc_freedecomp Enter - MemInfo: [/proc/self/status]	VmData:	   17828 kB
20220313 034052.809 INFO             PET0 PIOc_freedecomp Enter - MemInfo: [/proc/self/status]	VmStk:	     156 kB
20220313 034052.809 INFO             PET0 PIOc_freedecomp Enter - MemInfo: [/proc/self/status]	VmExe:	     320 kB
20220313 034052.809 INFO             PET0 PIOc_freedecomp Enter - MemInfo: [/proc/self/status]	VmLib:	  103544 kB
20220313 034052.809 INFO             PET0 PIOc_freedecomp Enter - MemInfo: [/proc/self/status]	VmPTE:	     388 kB
20220313 034052.809 INFO             PET0 PIOc_freedecomp Enter - MemInfo: [/proc/self/status]	VmSwap:	       0 kB
20220313 034052.809 INFO             PET0 PIOc_freedecomp Enter - MemInfo: [/proc/self/status]	VmRSSPercent: 0.00805651 %
20220313 034052.809 INFO             PET0 PIOc_freedecomp Enter - MemInfo: [malloc] Non-mmapped space allocated:                10313728 Byte
20220313 034052.809 INFO             PET0 PIOc_freedecomp Enter - MemInfo: [malloc] Space allocated in mmapped regions:          3768320 Byte
20220313 034052.809 INFO             PET0 PIOc_freedecomp Enter - MemInfo: [malloc] Maximum total allocated space:                     0 Byte
20220313 034052.809 INFO             PET0 PIOc_freedecomp Enter - MemInfo: [malloc] Space in freed fastbin blocks:                   256 Byte
20220313 034052.809 INFO             PET0 PIOc_freedecomp Enter - MemInfo: [malloc] Total allocated space:                       1255040 Byte
20220313 034052.809 INFO             PET0 PIOc_freedecomp Enter - MemInfo: [malloc] Total free space:                            9058688 Byte
20220313 034052.809 INFO             PET0 PIOc_freedecomp Enter - MemInfo: [malloc] Top-most, releasable space:                   126960 Byte
20220313 034052.809 INFO             PET0 PIOc_freedecomp Enter - MemInfo: [malloc] Total space in use, mmap + non-mmap:         5023360 Byte
20220313 034052.809 INFO             PET0 PIOc_freedecomp Enter - MemInfo: [malloc] Total space held (mmap + non-mmap):         14082048 Byte
20220313 034052.809 INFO             PET0 PIOc_freedecomp Enter - MemInfo: [malloc] Total space used (mmap + non-mmap):          5031568 Byte
20220313 034052.809 INFO             PET0 PIOc_freedecomp Enter - MemInfo: Wall-clock time since execution start:              0.0253705 seconds
20220313 034052.809 INFO             PET0 PIOc_freedecomp Exit - MemInfo: [/proc/meminfo - SSI]	MemTotal:       527077124 kB
20220313 034052.809 INFO             PET0 PIOc_freedecomp Exit - MemInfo: [/proc/meminfo - SSI]	MemFree:        517354632 kB
20220313 034052.809 INFO             PET0 PIOc_freedecomp Exit - MemInfo: [/proc/meminfo - SSI]	MemAvailable:   517796804 kB
20220313 034052.809 INFO             PET0 PIOc_freedecomp Exit - MemInfo: [/proc/meminfo - SSI]	Committed_AS:    1624600 kB
20220313 034052.809 INFO             PET0 PIOc_freedecomp Exit - MemInfo: [/proc/meminfo - SSI]	CommittedPercent: 0.308228 %
20220313 034052.809 INFO             PET0 PIOc_freedecomp Exit - MemInfo: [/proc/self/status]	VmPeak:	  195492 kB
20220313 034052.809 INFO             PET0 PIOc_freedecomp Exit - MemInfo: [/proc/self/status]	VmSize:	  195484 kB
20220313 034052.809 INFO             PET0 PIOc_freedecomp Exit - MemInfo: [/proc/self/status]	VmLck:	       0 kB
20220313 034052.809 INFO             PET0 PIOc_freedecomp Exit - MemInfo: [/proc/self/status]	VmPin:	       0 kB
20220313 034052.809 INFO             PET0 PIOc_freedecomp Exit - MemInfo: [/proc/self/status]	VmHWM:	   44800 kB
20220313 034052.809 INFO             PET0 PIOc_freedecomp Exit - MemInfo: [/proc/self/status]	VmRSS:	   42464 kB
20220313 034052.809 INFO             PET0 PIOc_freedecomp Exit - MemInfo: [/proc/self/status]	VmData:	   17828 kB
20220313 034052.809 INFO             PET0 PIOc_freedecomp Exit - MemInfo: [/proc/self/status]	VmStk:	     156 kB
20220313 034052.809 INFO             PET0 PIOc_freedecomp Exit - MemInfo: [/proc/self/status]	VmExe:	     320 kB
20220313 034052.809 INFO             PET0 PIOc_freedecomp Exit - MemInfo: [/proc/self/status]	VmLib:	  103544 kB
20220313 034052.809 INFO             PET0 PIOc_freedecomp Exit - MemInfo: [/proc/self/status]	VmPTE:	     388 kB
20220313 034052.809 INFO             PET0 PIOc_freedecomp Exit - MemInfo: [/proc/self/status]	VmSwap:	       0 kB
20220313 034052.809 INFO             PET0 PIOc_freedecomp Exit - MemInfo: [/proc/self/status]	VmRSSPercent: 0.00805651 %
20220313 034052.809 INFO             PET0 PIOc_freedecomp Exit - MemInfo: [malloc] Non-mmapped space allocated:                10313728 Byte
20220313 034052.809 INFO             PET0 PIOc_freedecomp Exit - MemInfo: [malloc] Space allocated in mmapped regions:          3768320 Byte
20220313 034052.809 INFO             PET0 PIOc_freedecomp Exit - MemInfo: [malloc] Maximum total allocated space:                     0 Byte
20220313 034052.809 INFO             PET0 PIOc_freedecomp Exit - MemInfo: [malloc] Space in freed fastbin blocks:                   912 Byte
20220313 034052.809 INFO             PET0 PIOc_freedecomp Exit - MemInfo: [malloc] Total allocated space:                       1251216 Byte
20220313 034052.809 INFO             PET0 PIOc_freedecomp Exit - MemInfo: [malloc] Total free space:                            9062512 Byte
20220313 034052.809 INFO             PET0 PIOc_freedecomp Exit - MemInfo: [malloc] Top-most, releasable space:                  9045584 Byte
20220313 034052.809 INFO             PET0 PIOc_freedecomp Exit - MemInfo: [malloc] Total space in use, mmap + non-mmap:         5019536 Byte
20220313 034052.809 INFO             PET0 PIOc_freedecomp Exit - MemInfo: [malloc] Total space held (mmap + non-mmap):         14082048 Byte
20220313 034052.809 INFO             PET0 PIOc_freedecomp Exit - MemInfo: [malloc] Total space used (mmap + non-mmap):          5027744 Byte
20220313 034052.809 INFO             PET0 PIOc_freedecomp Exit - MemInfo: Wall-clock time since execution start:               0.025572 seconds
20220313 034052.811 INFO             PET0 PIOc_sync Enter - MemInfo: [/proc/meminfo - SSI]	MemTotal:       527077124 kB
20220313 034052.811 INFO             PET0 PIOc_sync Enter - MemInfo: [/proc/meminfo - SSI]	MemFree:        517354128 kB
20220313 034052.811 INFO             PET0 PIOc_sync Enter - MemInfo: [/proc/meminfo - SSI]	MemAvailable:   517796300 kB
20220313 034052.811 INFO             PET0 PIOc_sync Enter - MemInfo: [/proc/meminfo - SSI]	Committed_AS:    1624600 kB
20220313 034052.811 INFO             PET0 PIOc_sync Enter - MemInfo: [/proc/meminfo - SSI]	CommittedPercent: 0.308228 %
20220313 034052.811 INFO             PET0 PIOc_sync Enter - MemInfo: [/proc/self/status]	VmPeak:	  195492 kB
20220313 034052.811 INFO             PET0 PIOc_sync Enter - MemInfo: [/proc/self/status]	VmSize:	  195484 kB
20220313 034052.811 INFO             PET0 PIOc_sync Enter - MemInfo: [/proc/self/status]	VmLck:	       0 kB
20220313 034052.811 INFO             PET0 PIOc_sync Enter - MemInfo: [/proc/self/status]	VmPin:	       0 kB
20220313 034052.811 INFO             PET0 PIOc_sync Enter - MemInfo: [/proc/self/status]	VmHWM:	   44800 kB
20220313 034052.811 INFO             PET0 PIOc_sync Enter - MemInfo: [/proc/self/status]	VmRSS:	   42848 kB
20220313 034052.811 INFO             PET0 PIOc_sync Enter - MemInfo: [/proc/self/status]	VmData:	   17828 kB
20220313 034052.811 INFO             PET0 PIOc_sync Enter - MemInfo: [/proc/self/status]	VmStk:	     156 kB
20220313 034052.811 INFO             PET0 PIOc_sync Enter - MemInfo: [/proc/self/status]	VmExe:	     320 kB
20220313 034052.811 INFO             PET0 PIOc_sync Enter - MemInfo: [/proc/self/status]	VmLib:	  103544 kB
20220313 034052.811 INFO             PET0 PIOc_sync Enter - MemInfo: [/proc/self/status]	VmPTE:	     388 kB
20220313 034052.811 INFO             PET0 PIOc_sync Enter - MemInfo: [/proc/self/status]	VmSwap:	       0 kB
20220313 034052.811 INFO             PET0 PIOc_sync Enter - MemInfo: [/proc/self/status]	VmRSSPercent: 0.00812936 %
20220313 034052.811 INFO             PET0 PIOc_sync Enter - MemInfo: [malloc] Non-mmapped space allocated:                10313728 Byte
20220313 034052.811 INFO             PET0 PIOc_sync Enter - MemInfo: [malloc] Space allocated in mmapped regions:          3768320 Byte
20220313 034052.811 INFO             PET0 PIOc_sync Enter - MemInfo: [malloc] Maximum total allocated space:                     0 Byte
20220313 034052.811 INFO             PET0 PIOc_sync Enter - MemInfo: [malloc] Space in freed fastbin blocks:                   304 Byte
20220313 034052.811 INFO             PET0 PIOc_sync Enter - MemInfo: [malloc] Total allocated space:                      10179632 Byte
20220313 034052.811 INFO             PET0 PIOc_sync Enter - MemInfo: [malloc] Total free space:                             134096 Byte
20220313 034052.811 INFO             PET0 PIOc_sync Enter - MemInfo: [malloc] Top-most, releasable space:                   127408 Byte
20220313 034052.811 INFO             PET0 PIOc_sync Enter - MemInfo: [malloc] Total space in use, mmap + non-mmap:        13947952 Byte
20220313 034052.811 INFO             PET0 PIOc_sync Enter - MemInfo: [malloc] Total space held (mmap + non-mmap):         14082048 Byte
20220313 034052.811 INFO             PET0 PIOc_sync Enter - MemInfo: [malloc] Total space used (mmap + non-mmap):         13956272 Byte
20220313 034052.811 INFO             PET0 PIOc_sync Enter - MemInfo: Wall-clock time since execution start:              0.0271888 seconds
20220313 034052.811 INFO             PET0 PIOc_sync Exit - MemInfo: [/proc/meminfo - SSI]	MemTotal:       527077124 kB
20220313 034052.811 INFO             PET0 PIOc_sync Exit - MemInfo: [/proc/meminfo - SSI]	MemFree:        517354128 kB
20220313 034052.811 INFO             PET0 PIOc_sync Exit - MemInfo: [/proc/meminfo - SSI]	MemAvailable:   517796300 kB
20220313 034052.811 INFO             PET0 PIOc_sync Exit - MemInfo: [/proc/meminfo - SSI]	Committed_AS:    1624600 kB
20220313 034052.811 INFO             PET0 PIOc_sync Exit - MemInfo: [/proc/meminfo - SSI]	CommittedPercent: 0.308228 %
20220313 034052.811 INFO             PET0 PIOc_sync Exit - MemInfo: [/proc/self/status]	VmPeak:	  195492 kB
20220313 034052.811 INFO             PET0 PIOc_sync Exit - MemInfo: [/proc/self/status]	VmSize:	  195484 kB
20220313 034052.811 INFO             PET0 PIOc_sync Exit - MemInfo: [/proc/self/status]	VmLck:	       0 kB
20220313 034052.811 INFO             PET0 PIOc_sync Exit - MemInfo: [/proc/self/status]	VmPin:	       0 kB
20220313 034052.811 INFO             PET0 PIOc_sync Exit - MemInfo: [/proc/self/status]	VmHWM:	   44800 kB
20220313 034052.811 INFO             PET0 PIOc_sync Exit - MemInfo: [/proc/self/status]	VmRSS:	   42848 kB
20220313 034052.811 INFO             PET0 PIOc_sync Exit - MemInfo: [/proc/self/status]	VmData:	   17828 kB
20220313 034052.811 INFO             PET0 PIOc_sync Exit - MemInfo: [/proc/self/status]	VmStk:	     156 kB
20220313 034052.811 INFO             PET0 PIOc_sync Exit - MemInfo: [/proc/self/status]	VmExe:	     320 kB
20220313 034052.811 INFO             PET0 PIOc_sync Exit - MemInfo: [/proc/self/status]	VmLib:	  103544 kB
20220313 034052.811 INFO             PET0 PIOc_sync Exit - MemInfo: [/proc/self/status]	VmPTE:	     388 kB
20220313 034052.811 INFO             PET0 PIOc_sync Exit - MemInfo: [/proc/self/status]	VmSwap:	       0 kB
20220313 034052.811 INFO             PET0 PIOc_sync Exit - MemInfo: [/proc/self/status]	VmRSSPercent: 0.00812936 %
20220313 034052.811 INFO             PET0 PIOc_sync Exit - MemInfo: [malloc] Non-mmapped space allocated:                10313728 Byte
20220313 034052.811 INFO             PET0 PIOc_sync Exit - MemInfo: [malloc] Space allocated in mmapped regions:          3768320 Byte
20220313 034052.811 INFO             PET0 PIOc_sync Exit - MemInfo: [malloc] Maximum total allocated space:                     0 Byte
20220313 034052.811 INFO             PET0 PIOc_sync Exit - MemInfo: [malloc] Space in freed fastbin blocks:                    48 Byte
20220313 034052.811 INFO             PET0 PIOc_sync Exit - MemInfo: [malloc] Total allocated space:                      10180432 Byte
20220313 034052.811 INFO             PET0 PIOc_sync Exit - MemInfo: [malloc] Total free space:                             133296 Byte
20220313 034052.811 INFO             PET0 PIOc_sync Exit - MemInfo: [malloc] Top-most, releasable space:                   127184 Byte
20220313 034052.811 INFO             PET0 PIOc_sync Exit - MemInfo: [malloc] Total space in use, mmap + non-mmap:        13948752 Byte
20220313 034052.811 INFO             PET0 PIOc_sync Exit - MemInfo: [malloc] Total space held (mmap + non-mmap):         14082048 Byte
20220313 034052.811 INFO             PET0 PIOc_sync Exit - MemInfo: [malloc] Total space used (mmap + non-mmap):         13956960 Byte
20220313 034052.811 INFO             PET0 PIOc_sync Exit - MemInfo: Wall-clock time since execution start:              0.0274653 seconds
20220313 034052.811 INFO             PET0 PIOc_freedecomp Enter - MemInfo: [/proc/meminfo - SSI]	MemTotal:       527077124 kB
20220313 034052.812 INFO             PET0 PIOc_freedecomp Enter - MemInfo: [/proc/meminfo - SSI]	MemFree:        517354128 kB
20220313 034052.812 INFO             PET0 PIOc_freedecomp Enter - MemInfo: [/proc/meminfo - SSI]	MemAvailable:   517796300 kB
20220313 034052.812 INFO             PET0 PIOc_freedecomp Enter - MemInfo: [/proc/meminfo - SSI]	Committed_AS:    1624600 kB
20220313 034052.812 INFO             PET0 PIOc_freedecomp Enter - MemInfo: [/proc/meminfo - SSI]	CommittedPercent: 0.308228 %
20220313 034052.812 INFO             PET0 PIOc_freedecomp Enter - MemInfo: [/proc/self/status]	VmPeak:	  195492 kB
20220313 034052.812 INFO             PET0 PIOc_freedecomp Enter - MemInfo: [/proc/self/status]	VmSize:	  195484 kB
20220313 034052.812 INFO             PET0 PIOc_freedecomp Enter - MemInfo: [/proc/self/status]	VmLck:	       0 kB
20220313 034052.812 INFO             PET0 PIOc_freedecomp Enter - MemInfo: [/proc/self/status]	VmPin:	       0 kB
20220313 034052.812 INFO             PET0 PIOc_freedecomp Enter - MemInfo: [/proc/self/status]	VmHWM:	   44800 kB
20220313 034052.812 INFO             PET0 PIOc_freedecomp Enter - MemInfo: [/proc/self/status]	VmRSS:	   42848 kB
20220313 034052.812 INFO             PET0 PIOc_freedecomp Enter - MemInfo: [/proc/self/status]	VmData:	   17828 kB
20220313 034052.812 INFO             PET0 PIOc_freedecomp Enter - MemInfo: [/proc/self/status]	VmStk:	     156 kB
20220313 034052.812 INFO             PET0 PIOc_freedecomp Enter - MemInfo: [/proc/self/status]	VmExe:	     320 kB
20220313 034052.812 INFO             PET0 PIOc_freedecomp Enter - MemInfo: [/proc/self/status]	VmLib:	  103544 kB
20220313 034052.812 INFO             PET0 PIOc_freedecomp Enter - MemInfo: [/proc/self/status]	VmPTE:	     388 kB
20220313 034052.812 INFO             PET0 PIOc_freedecomp Enter - MemInfo: [/proc/self/status]	VmSwap:	       0 kB
20220313 034052.812 INFO             PET0 PIOc_freedecomp Enter - MemInfo: [/proc/self/status]	VmRSSPercent: 0.00812936 %
20220313 034052.812 INFO             PET0 PIOc_freedecomp Enter - MemInfo: [malloc] Non-mmapped space allocated:                10313728 Byte
20220313 034052.812 INFO             PET0 PIOc_freedecomp Enter - MemInfo: [malloc] Space allocated in mmapped regions:          3768320 Byte
20220313 034052.812 INFO             PET0 PIOc_freedecomp Enter - MemInfo: [malloc] Maximum total allocated space:                     0 Byte
20220313 034052.812 INFO             PET0 PIOc_freedecomp Enter - MemInfo: [malloc] Space in freed fastbin blocks:                   256 Byte
20220313 034052.812 INFO             PET0 PIOc_freedecomp Enter - MemInfo: [malloc] Total allocated space:                       1255376 Byte
20220313 034052.812 INFO             PET0 PIOc_freedecomp Enter - MemInfo: [malloc] Total free space:                            9058352 Byte
20220313 034052.812 INFO             PET0 PIOc_freedecomp Enter - MemInfo: [malloc] Top-most, releasable space:                   126960 Byte
20220313 034052.812 INFO             PET0 PIOc_freedecomp Enter - MemInfo: [malloc] Total space in use, mmap + non-mmap:         5023696 Byte
20220313 034052.812 INFO             PET0 PIOc_freedecomp Enter - MemInfo: [malloc] Total space held (mmap + non-mmap):         14082048 Byte
20220313 034052.812 INFO             PET0 PIOc_freedecomp Enter - MemInfo: [malloc] Total space used (mmap + non-mmap):          5031904 Byte
20220313 034052.812 INFO             PET0 PIOc_freedecomp Enter - MemInfo: Wall-clock time since execution start:              0.0277612 seconds
20220313 034052.812 INFO             PET0 PIOc_freedecomp Exit - MemInfo: [/proc/meminfo - SSI]	MemTotal:       527077124 kB
20220313 034052.812 INFO             PET0 PIOc_freedecomp Exit - MemInfo: [/proc/meminfo - SSI]	MemFree:        517354128 kB
20220313 034052.812 INFO             PET0 PIOc_freedecomp Exit - MemInfo: [/proc/meminfo - SSI]	MemAvailable:   517796300 kB
20220313 034052.812 INFO             PET0 PIOc_freedecomp Exit - MemInfo: [/proc/meminfo - SSI]	Committed_AS:    1624600 kB
20220313 034052.812 INFO             PET0 PIOc_freedecomp Exit - MemInfo: [/proc/meminfo - SSI]	CommittedPercent: 0.308228 %
20220313 034052.812 INFO             PET0 PIOc_freedecomp Exit - MemInfo: [/proc/self/status]	VmPeak:	  195492 kB
20220313 034052.812 INFO             PET0 PIOc_freedecomp Exit - MemInfo: [/proc/self/status]	VmSize:	  195484 kB
20220313 034052.812 INFO             PET0 PIOc_freedecomp Exit - MemInfo: [/proc/self/status]	VmLck:	       0 kB
20220313 034052.812 INFO             PET0 PIOc_freedecomp Exit - MemInfo: [/proc/self/status]	VmPin:	       0 kB
20220313 034052.812 INFO             PET0 PIOc_freedecomp Exit - MemInfo: [/proc/self/status]	VmHWM:	   44800 kB
20220313 034052.812 INFO             PET0 PIOc_freedecomp Exit - MemInfo: [/proc/self/status]	VmRSS:	   42848 kB
20220313 034052.812 INFO             PET0 PIOc_freedecomp Exit - MemInfo: [/proc/self/status]	VmData:	   17828 kB
20220313 034052.812 INFO             PET0 PIOc_freedecomp Exit - MemInfo: [/proc/self/status]	VmStk:	     156 kB
20220313 034052.812 INFO             PET0 PIOc_freedecomp Exit - MemInfo: [/proc/self/status]	VmExe:	     320 kB
20220313 034052.812 INFO             PET0 PIOc_freedecomp Exit - MemInfo: [/proc/self/status]	VmLib:	  103544 kB
20220313 034052.812 INFO             PET0 PIOc_freedecomp Exit - MemInfo: [/proc/self/status]	VmPTE:	     388 kB
20220313 034052.812 INFO             PET0 PIOc_freedecomp Exit - MemInfo: [/proc/self/status]	VmSwap:	       0 kB
20220313 034052.812 INFO             PET0 PIOc_freedecomp Exit - MemInfo: [/proc/self/status]	VmRSSPercent: 0.00812936 %
20220313 034052.812 INFO             PET0 PIOc_freedecomp Exit - MemInfo: [malloc] Non-mmapped space allocated:                10313728 Byte
20220313 034052.812 INFO             PET0 PIOc_freedecomp Exit - MemInfo: [malloc] Space allocated in mmapped regions:          3768320 Byte
20220313 034052.812 INFO             PET0 PIOc_freedecomp Exit - MemInfo: [malloc] Maximum total allocated space:                     0 Byte
20220313 034052.812 INFO             PET0 PIOc_freedecomp Exit - MemInfo: [malloc] Space in freed fastbin blocks:                   912 Byte
20220313 034052.812 INFO             PET0 PIOc_freedecomp Exit - MemInfo: [malloc] Total allocated space:                       1251568 Byte
20220313 034052.812 INFO             PET0 PIOc_freedecomp Exit - MemInfo: [malloc] Total free space:                            9062160 Byte
20220313 034052.812 INFO             PET0 PIOc_freedecomp Exit - MemInfo: [malloc] Top-most, releasable space:                  9045360 Byte
20220313 034052.812 INFO             PET0 PIOc_freedecomp Exit - MemInfo: [malloc] Total space in use, mmap + non-mmap:         5019888 Byte
20220313 034052.812 INFO             PET0 PIOc_freedecomp Exit - MemInfo: [malloc] Total space held (mmap + non-mmap):         14082048 Byte
20220313 034052.812 INFO             PET0 PIOc_freedecomp Exit - MemInfo: [malloc] Total space used (mmap + non-mmap):          5028096 Byte
20220313 034052.812 INFO             PET0 PIOc_freedecomp Exit - MemInfo: Wall-clock time since execution start:               0.027969 seconds
20220313 034052.812 INFO             PET0 PASS ESMC_FieldRegridStoreFile test, ESMC_FieldSMMFromFileUTest.C, line 199
20220313 034052.817 INFO             PET0 PASS ESMC_FieldSMMStore from File test, ESMC_FieldSMMFromFileUTest.C, line 229
20220313 034052.817 INFO             PET0 PASS ESMC_FieldSMMStore From File validation, ESMC_FieldSMMFromFileUTest.C, line 257
20220313 034052.817 INFO             PET0 PASS ESMC_FieldRegridRelease, ESMC_FieldSMMFromFileUTest.C, line 271
20220313 034052.817 INFO             PET0 Ending Test, file ESMC_FieldSMMFromFileUTest.C, line 289
20220313 034052.817 INFO             PET0 Finalizing ESMF
20220313 034052.786 INFO             PET1 !!!!!!!!!!!!!!!!!!!!!!!!!!!!!!!!!!!!!!!!!!!!!!!!!!!!!!
20220313 034052.786 INFO             PET1 !!! THE ESMF_LOG IS SET TO OUTPUT ALL LOG MESSAGES !!!
20220313 034052.786 INFO             PET1 !!!     THIS MAY CAUSE SLOWDOWN IN PERFORMANCE     !!!
20220313 034052.786 INFO             PET1 !!! FOR PRODUCTION RUNS, USE:                      !!!
20220313 034052.786 INFO             PET1 !!!                   ESMF_LOGKIND_Multi_On_Error  !!!
20220313 034052.786 INFO             PET1 !!!!!!!!!!!!!!!!!!!!!!!!!!!!!!!!!!!!!!!!!!!!!!!!!!!!!!
20220313 034052.786 INFO             PET1 Running with ESMF Version   : v8.3.0b09-96-g559b459836
20220313 034052.786 INFO             PET1 ESMF library build date/time: "Mar 13 2022" "03:30:54"
20220313 034052.786 INFO             PET1 ESMF library build location : /lfs/h1/emc/ptmp/Mark.Potts/gfortran_10.3.0_mpich3_g_jedwards_pio_update2
20220313 034052.786 INFO             PET1 ESMF_COMM                   : mpich3
20220313 034052.786 INFO             PET1 ESMF_MOAB                   : enabled
20220313 034052.786 INFO             PET1 ESMF_LAPACK                 : enabled
20220313 034052.786 INFO             PET1 ESMF_NETCDF                 : enabled
20220313 034052.786 INFO             PET1 ESMF_PNETCDF                : disabled
20220313 034052.786 INFO             PET1 ESMF_PIO                    : enabled
20220313 034052.786 INFO             PET1 ESMF_YAMLCPP                : enabled
20220313 034052.786 INFO             PET1 Beginning Test, file ESMC_FieldSMMFromFileUTest.C, line 41
20220313 034052.786 INFO             PET1 Beginning Test, file ESMC_FieldSMMFromFileUTest.C, line 41NUMBER_OF_PROCESSORS 4
20220313 034052.805 INFO             PET1 PIOc_sync Enter - MemInfo: [/proc/meminfo - SSI]	MemTotal:       527077124 kB
20220313 034052.805 INFO             PET1 PIOc_sync Enter - MemInfo: [/proc/meminfo - SSI]	MemFree:        517352836 kB
20220313 034052.805 INFO             PET1 PIOc_sync Enter - MemInfo: [/proc/meminfo - SSI]	MemAvailable:   517794960 kB
20220313 034052.805 INFO             PET1 PIOc_sync Enter - MemInfo: [/proc/meminfo - SSI]	Committed_AS:    1624136 kB
20220313 034052.805 INFO             PET1 PIOc_sync Enter - MemInfo: [/proc/meminfo - SSI]	CommittedPercent: 0.30814 %
20220313 034052.805 INFO             PET1 PIOc_sync Enter - MemInfo: [/proc/self/status]	VmPeak:	  186536 kB
20220313 034052.805 INFO             PET1 PIOc_sync Enter - MemInfo: [/proc/self/status]	VmSize:	  186260 kB
20220313 034052.805 INFO             PET1 PIOc_sync Enter - MemInfo: [/proc/self/status]	VmLck:	       0 kB
20220313 034052.805 INFO             PET1 PIOc_sync Enter - MemInfo: [/proc/self/status]	VmPin:	       0 kB
20220313 034052.805 INFO             PET1 PIOc_sync Enter - MemInfo: [/proc/self/status]	VmHWM:	   32212 kB
20220313 034052.805 INFO             PET1 PIOc_sync Enter - MemInfo: [/proc/self/status]	VmRSS:	   32212 kB
20220313 034052.805 INFO             PET1 PIOc_sync Enter - MemInfo: [/proc/self/status]	VmData:	    8604 kB
20220313 034052.805 INFO             PET1 PIOc_sync Enter - MemInfo: [/proc/self/status]	VmStk:	     156 kB
20220313 034052.805 INFO             PET1 PIOc_sync Enter - MemInfo: [/proc/self/status]	VmExe:	     320 kB
20220313 034052.805 INFO             PET1 PIOc_sync Enter - MemInfo: [/proc/self/status]	VmLib:	  103544 kB
20220313 034052.805 INFO             PET1 PIOc_sync Enter - MemInfo: [/proc/self/status]	VmPTE:	     384 kB
20220313 034052.805 INFO             PET1 PIOc_sync Enter - MemInfo: [/proc/self/status]	VmSwap:	       0 kB
20220313 034052.805 INFO             PET1 PIOc_sync Enter - MemInfo: [/proc/self/status]	VmRSSPercent: 0.00611144 %
20220313 034052.805 INFO             PET1 PIOc_sync Enter - MemInfo: [malloc] Non-mmapped space allocated:                 1159168 Byte
20220313 034052.805 INFO             PET1 PIOc_sync Enter - MemInfo: [malloc] Space allocated in mmapped regions:          3477504 Byte
20220313 034052.805 INFO             PET1 PIOc_sync Enter - MemInfo: [malloc] Maximum total allocated space:                     0 Byte
20220313 034052.805 INFO             PET1 PIOc_sync Enter - MemInfo: [malloc] Space in freed fastbin blocks:                     0 Byte
20220313 034052.805 INFO             PET1 PIOc_sync Enter - MemInfo: [malloc] Total allocated space:                       1012912 Byte
20220313 034052.805 INFO             PET1 PIOc_sync Enter - MemInfo: [malloc] Total free space:                             146256 Byte
20220313 034052.805 INFO             PET1 PIOc_sync Enter - MemInfo: [malloc] Top-most, releasable space:                   132112 Byte
20220313 034052.805 INFO             PET1 PIOc_sync Enter - MemInfo: [malloc] Total space in use, mmap + non-mmap:         4490416 Byte
20220313 034052.805 INFO             PET1 PIOc_sync Enter - MemInfo: [malloc] Total space held (mmap + non-mmap):          4636672 Byte
20220313 034052.805 INFO             PET1 PIOc_sync Enter - MemInfo: [malloc] Total space used (mmap + non-mmap):          4499152 Byte
20220313 034052.805 INFO             PET1 PIOc_sync Enter - MemInfo: Wall-clock time since execution start:              0.0215976 seconds
20220313 034052.806 INFO             PET1 PIOc_sync Exit - MemInfo: [/proc/meminfo - SSI]	MemTotal:       527077124 kB
20220313 034052.806 INFO             PET1 PIOc_sync Exit - MemInfo: [/proc/meminfo - SSI]	MemFree:        517352332 kB
20220313 034052.806 INFO             PET1 PIOc_sync Exit - MemInfo: [/proc/meminfo - SSI]	MemAvailable:   517794456 kB
20220313 034052.806 INFO             PET1 PIOc_sync Exit - MemInfo: [/proc/meminfo - SSI]	Committed_AS:    1624608 kB
20220313 034052.806 INFO             PET1 PIOc_sync Exit - MemInfo: [/proc/meminfo - SSI]	CommittedPercent: 0.30823 %
20220313 034052.806 INFO             PET1 PIOc_sync Exit - MemInfo: [/proc/self/status]	VmPeak:	  186536 kB
20220313 034052.806 INFO             PET1 PIOc_sync Exit - MemInfo: [/proc/self/status]	VmSize:	  186260 kB
20220313 034052.806 INFO             PET1 PIOc_sync Exit - MemInfo: [/proc/self/status]	VmLck:	       0 kB
20220313 034052.806 INFO             PET1 PIOc_sync Exit - MemInfo: [/proc/self/status]	VmPin:	       0 kB
20220313 034052.806 INFO             PET1 PIOc_sync Exit - MemInfo: [/proc/self/status]	VmHWM:	   32580 kB
20220313 034052.806 INFO             PET1 PIOc_sync Exit - MemInfo: [/proc/self/status]	VmRSS:	   32580 kB
20220313 034052.806 INFO             PET1 PIOc_sync Exit - MemInfo: [/proc/self/status]	VmData:	    8604 kB
20220313 034052.806 INFO             PET1 PIOc_sync Exit - MemInfo: [/proc/self/status]	VmStk:	     156 kB
20220313 034052.806 INFO             PET1 PIOc_sync Exit - MemInfo: [/proc/self/status]	VmExe:	     320 kB
20220313 034052.806 INFO             PET1 PIOc_sync Exit - MemInfo: [/proc/self/status]	VmLib:	  103544 kB
20220313 034052.806 INFO             PET1 PIOc_sync Exit - MemInfo: [/proc/self/status]	VmPTE:	     384 kB
20220313 034052.806 INFO             PET1 PIOc_sync Exit - MemInfo: [/proc/self/status]	VmSwap:	       0 kB
20220313 034052.806 INFO             PET1 PIOc_sync Exit - MemInfo: [/proc/self/status]	VmRSSPercent: 0.00618126 %
20220313 034052.806 INFO             PET1 PIOc_sync Exit - MemInfo: [malloc] Non-mmapped space allocated:                 1159168 Byte
20220313 034052.806 INFO             PET1 PIOc_sync Exit - MemInfo: [malloc] Space allocated in mmapped regions:          3477504 Byte
20220313 034052.806 INFO             PET1 PIOc_sync Exit - MemInfo: [malloc] Maximum total allocated space:                     0 Byte
20220313 034052.806 INFO             PET1 PIOc_sync Exit - MemInfo: [malloc] Space in freed fastbin blocks:                     0 Byte
20220313 034052.806 INFO             PET1 PIOc_sync Exit - MemInfo: [malloc] Total allocated space:                       1013760 Byte
20220313 034052.806 INFO             PET1 PIOc_sync Exit - MemInfo: [malloc] Total free space:                             145408 Byte
20220313 034052.806 INFO             PET1 PIOc_sync Exit - MemInfo: [malloc] Top-most, releasable space:                   131888 Byte
20220313 034052.806 INFO             PET1 PIOc_sync Exit - MemInfo: [malloc] Total space in use, mmap + non-mmap:         4491264 Byte
20220313 034052.806 INFO             PET1 PIOc_sync Exit - MemInfo: [malloc] Total space held (mmap + non-mmap):          4636672 Byte
20220313 034052.806 INFO             PET1 PIOc_sync Exit - MemInfo: [malloc] Total space used (mmap + non-mmap):          4499472 Byte
20220313 034052.806 INFO             PET1 PIOc_sync Exit - MemInfo: Wall-clock time since execution start:              0.0219524 seconds
20220313 034052.806 INFO             PET1 PIOc_freedecomp Enter - MemInfo: [/proc/meminfo - SSI]	MemTotal:       527077124 kB
20220313 034052.806 INFO             PET1 PIOc_freedecomp Enter - MemInfo: [/proc/meminfo - SSI]	MemFree:        517359484 kB
20220313 034052.806 INFO             PET1 PIOc_freedecomp Enter - MemInfo: [/proc/meminfo - SSI]	MemAvailable:   517801608 kB
20220313 034052.806 INFO             PET1 PIOc_freedecomp Enter - MemInfo: [/proc/meminfo - SSI]	Committed_AS:    1615896 kB
20220313 034052.806 INFO             PET1 PIOc_freedecomp Enter - MemInfo: [/proc/meminfo - SSI]	CommittedPercent: 0.306577 %
20220313 034052.806 INFO             PET1 PIOc_freedecomp Enter - MemInfo: [/proc/self/status]	VmPeak:	  186536 kB
20220313 034052.806 INFO             PET1 PIOc_freedecomp Enter - MemInfo: [/proc/self/status]	VmSize:	  186260 kB
20220313 034052.806 INFO             PET1 PIOc_freedecomp Enter - MemInfo: [/proc/self/status]	VmLck:	       0 kB
20220313 034052.806 INFO             PET1 PIOc_freedecomp Enter - MemInfo: [/proc/self/status]	VmPin:	       0 kB
20220313 034052.806 INFO             PET1 PIOc_freedecomp Enter - MemInfo: [/proc/self/status]	VmHWM:	   32580 kB
20220313 034052.806 INFO             PET1 PIOc_freedecomp Enter - MemInfo: [/proc/self/status]	VmRSS:	   32580 kB
20220313 034052.806 INFO             PET1 PIOc_freedecomp Enter - MemInfo: [/proc/self/status]	VmData:	    8604 kB
20220313 034052.806 INFO             PET1 PIOc_freedecomp Enter - MemInfo: [/proc/self/status]	VmStk:	     156 kB
20220313 034052.806 INFO             PET1 PIOc_freedecomp Enter - MemInfo: [/proc/self/status]	VmExe:	     320 kB
20220313 034052.806 INFO             PET1 PIOc_freedecomp Enter - MemInfo: [/proc/self/status]	VmLib:	  103544 kB
20220313 034052.806 INFO             PET1 PIOc_freedecomp Enter - MemInfo: [/proc/self/status]	VmPTE:	     384 kB
20220313 034052.806 INFO             PET1 PIOc_freedecomp Enter - MemInfo: [/proc/self/status]	VmSwap:	       0 kB
20220313 034052.806 INFO             PET1 PIOc_freedecomp Enter - MemInfo: [/proc/self/status]	VmRSSPercent: 0.00618126 %
20220313 034052.806 INFO             PET1 PIOc_freedecomp Enter - MemInfo: [malloc] Non-mmapped space allocated:                 1159168 Byte
20220313 034052.806 INFO             PET1 PIOc_freedecomp Enter - MemInfo: [malloc] Space allocated in mmapped regions:          3477504 Byte
20220313 034052.806 INFO             PET1 PIOc_freedecomp Enter - MemInfo: [malloc] Maximum total allocated space:                     0 Byte
20220313 034052.806 INFO             PET1 PIOc_freedecomp Enter - MemInfo: [malloc] Space in freed fastbin blocks:                    80 Byte
20220313 034052.806 INFO             PET1 PIOc_freedecomp Enter - MemInfo: [malloc] Total allocated space:                       1013616 Byte
20220313 034052.806 INFO             PET1 PIOc_freedecomp Enter - MemInfo: [malloc] Total free space:                             145552 Byte
20220313 034052.806 INFO             PET1 PIOc_freedecomp Enter - MemInfo: [malloc] Top-most, releasable space:                   131664 Byte
20220313 034052.806 INFO             PET1 PIOc_freedecomp Enter - MemInfo: [malloc] Total space in use, mmap + non-mmap:         4491120 Byte
20220313 034052.806 INFO             PET1 PIOc_freedecomp Enter - MemInfo: [malloc] Total space held (mmap + non-mmap):          4636672 Byte
20220313 034052.806 INFO             PET1 PIOc_freedecomp Enter - MemInfo: [malloc] Total space used (mmap + non-mmap):          4499328 Byte
20220313 034052.806 INFO             PET1 PIOc_freedecomp Enter - MemInfo: Wall-clock time since execution start:              0.0223979 seconds
20220313 034052.806 INFO             PET1 PIOc_freedecomp Exit - MemInfo: [/proc/meminfo - SSI]	MemTotal:       527077124 kB
20220313 034052.806 INFO             PET1 PIOc_freedecomp Exit - MemInfo: [/proc/meminfo - SSI]	MemFree:        517359484 kB
20220313 034052.806 INFO             PET1 PIOc_freedecomp Exit - MemInfo: [/proc/meminfo - SSI]	MemAvailable:   517801608 kB
20220313 034052.806 INFO             PET1 PIOc_freedecomp Exit - MemInfo: [/proc/meminfo - SSI]	Committed_AS:    1615896 kB
20220313 034052.806 INFO             PET1 PIOc_freedecomp Exit - MemInfo: [/proc/meminfo - SSI]	CommittedPercent: 0.306577 %
20220313 034052.806 INFO             PET1 PIOc_freedecomp Exit - MemInfo: [/proc/self/status]	VmPeak:	  186536 kB
20220313 034052.806 INFO             PET1 PIOc_freedecomp Exit - MemInfo: [/proc/self/status]	VmSize:	  186260 kB
20220313 034052.806 INFO             PET1 PIOc_freedecomp Exit - MemInfo: [/proc/self/status]	VmLck:	       0 kB
20220313 034052.806 INFO             PET1 PIOc_freedecomp Exit - MemInfo: [/proc/self/status]	VmPin:	       0 kB
20220313 034052.806 INFO             PET1 PIOc_freedecomp Exit - MemInfo: [/proc/self/status]	VmHWM:	   32580 kB
20220313 034052.806 INFO             PET1 PIOc_freedecomp Exit - MemInfo: [/proc/self/status]	VmRSS:	   32580 kB
20220313 034052.806 INFO             PET1 PIOc_freedecomp Exit - MemInfo: [/proc/self/status]	VmData:	    8604 kB
20220313 034052.806 INFO             PET1 PIOc_freedecomp Exit - MemInfo: [/proc/self/status]	VmStk:	     156 kB
20220313 034052.806 INFO             PET1 PIOc_freedecomp Exit - MemInfo: [/proc/self/status]	VmExe:	     320 kB
20220313 034052.806 INFO             PET1 PIOc_freedecomp Exit - MemInfo: [/proc/self/status]	VmLib:	  103544 kB
20220313 034052.806 INFO             PET1 PIOc_freedecomp Exit - MemInfo: [/proc/self/status]	VmPTE:	     384 kB
20220313 034052.806 INFO             PET1 PIOc_freedecomp Exit - MemInfo: [/proc/self/status]	VmSwap:	       0 kB
20220313 034052.806 INFO             PET1 PIOc_freedecomp Exit - MemInfo: [/proc/self/status]	VmRSSPercent: 0.00618126 %
20220313 034052.806 INFO             PET1 PIOc_freedecomp Exit - MemInfo: [malloc] Non-mmapped space allocated:                 1159168 Byte
20220313 034052.806 INFO             PET1 PIOc_freedecomp Exit - MemInfo: [malloc] Space allocated in mmapped regions:          3477504 Byte
20220313 034052.806 INFO             PET1 PIOc_freedecomp Exit - MemInfo: [malloc] Maximum total allocated space:                     0 Byte
20220313 034052.806 INFO             PET1 PIOc_freedecomp Exit - MemInfo: [malloc] Space in freed fastbin blocks:                   288 Byte
20220313 034052.806 INFO             PET1 PIOc_freedecomp Exit - MemInfo: [malloc] Total allocated space:                       1013024 Byte
20220313 034052.806 INFO             PET1 PIOc_freedecomp Exit - MemInfo: [malloc] Total free space:                             146144 Byte
20220313 034052.806 INFO             PET1 PIOc_freedecomp Exit - MemInfo: [malloc] Top-most, releasable space:                   131440 Byte
20220313 034052.806 INFO             PET1 PIOc_freedecomp Exit - MemInfo: [malloc] Total space in use, mmap + non-mmap:         4490528 Byte
20220313 034052.806 INFO             PET1 PIOc_freedecomp Exit - MemInfo: [malloc] Total space held (mmap + non-mmap):          4636672 Byte
20220313 034052.806 INFO             PET1 PIOc_freedecomp Exit - MemInfo: [malloc] Total space used (mmap + non-mmap):          4498736 Byte
20220313 034052.806 INFO             PET1 PIOc_freedecomp Exit - MemInfo: Wall-clock time since execution start:              0.0226044 seconds
20220313 034052.808 INFO             PET1 PIOc_sync Enter - MemInfo: [/proc/meminfo - SSI]	MemTotal:       527077124 kB
20220313 034052.808 INFO             PET1 PIOc_sync Enter - MemInfo: [/proc/meminfo - SSI]	MemFree:        517354884 kB
20220313 034052.808 INFO             PET1 PIOc_sync Enter - MemInfo: [/proc/meminfo - SSI]	MemAvailable:   517797008 kB
20220313 034052.808 INFO             PET1 PIOc_sync Enter - MemInfo: [/proc/meminfo - SSI]	Committed_AS:    1624600 kB
20220313 034052.808 INFO             PET1 PIOc_sync Enter - MemInfo: [/proc/meminfo - SSI]	CommittedPercent: 0.308228 %
20220313 034052.808 INFO             PET1 PIOc_sync Enter - MemInfo: [/proc/self/status]	VmPeak:	  186536 kB
20220313 034052.808 INFO             PET1 PIOc_sync Enter - MemInfo: [/proc/self/status]	VmSize:	  186260 kB
20220313 034052.808 INFO             PET1 PIOc_sync Enter - MemInfo: [/proc/self/status]	VmLck:	       0 kB
20220313 034052.809 INFO             PET1 PIOc_sync Enter - MemInfo: [/proc/self/status]	VmPin:	       0 kB
20220313 034052.809 INFO             PET1 PIOc_sync Enter - MemInfo: [/proc/self/status]	VmHWM:	   32588 kB
20220313 034052.809 INFO             PET1 PIOc_sync Enter - MemInfo: [/proc/self/status]	VmRSS:	   32572 kB
20220313 034052.809 INFO             PET1 PIOc_sync Enter - MemInfo: [/proc/self/status]	VmData:	    8604 kB
20220313 034052.809 INFO             PET1 PIOc_sync Enter - MemInfo: [/proc/self/status]	VmStk:	     156 kB
20220313 034052.809 INFO             PET1 PIOc_sync Enter - MemInfo: [/proc/self/status]	VmExe:	     320 kB
20220313 034052.809 INFO             PET1 PIOc_sync Enter - MemInfo: [/proc/self/status]	VmLib:	  103544 kB
20220313 034052.809 INFO             PET1 PIOc_sync Enter - MemInfo: [/proc/self/status]	VmPTE:	     384 kB
20220313 034052.809 INFO             PET1 PIOc_sync Enter - MemInfo: [/proc/self/status]	VmSwap:	       0 kB
20220313 034052.809 INFO             PET1 PIOc_sync Enter - MemInfo: [/proc/self/status]	VmRSSPercent: 0.00617974 %
20220313 034052.809 INFO             PET1 PIOc_sync Enter - MemInfo: [malloc] Non-mmapped space allocated:                 1159168 Byte
20220313 034052.809 INFO             PET1 PIOc_sync Enter - MemInfo: [malloc] Space allocated in mmapped regions:          3477504 Byte
20220313 034052.809 INFO             PET1 PIOc_sync Enter - MemInfo: [malloc] Maximum total allocated space:                     0 Byte
20220313 034052.809 INFO             PET1 PIOc_sync Enter - MemInfo: [malloc] Space in freed fastbin blocks:                    48 Byte
20220313 034052.809 INFO             PET1 PIOc_sync Enter - MemInfo: [malloc] Total allocated space:                       1014848 Byte
20220313 034052.809 INFO             PET1 PIOc_sync Enter - MemInfo: [malloc] Total free space:                             144320 Byte
20220313 034052.809 INFO             PET1 PIOc_sync Enter - MemInfo: [malloc] Top-most, releasable space:                   131216 Byte
20220313 034052.809 INFO             PET1 PIOc_sync Enter - MemInfo: [malloc] Total space in use, mmap + non-mmap:         4492352 Byte
20220313 034052.809 INFO             PET1 PIOc_sync Enter - MemInfo: [malloc] Total space held (mmap + non-mmap):          4636672 Byte
20220313 034052.809 INFO             PET1 PIOc_sync Enter - MemInfo: [malloc] Total space used (mmap + non-mmap):          4500560 Byte
20220313 034052.809 INFO             PET1 PIOc_sync Enter - MemInfo: Wall-clock time since execution start:              0.0247242 seconds
20220313 034052.809 INFO             PET1 PIOc_sync Exit - MemInfo: [/proc/meminfo - SSI]	MemTotal:       527077124 kB
20220313 034052.809 INFO             PET1 PIOc_sync Exit - MemInfo: [/proc/meminfo - SSI]	MemFree:        517354632 kB
20220313 034052.809 INFO             PET1 PIOc_sync Exit - MemInfo: [/proc/meminfo - SSI]	MemAvailable:   517796804 kB
20220313 034052.809 INFO             PET1 PIOc_sync Exit - MemInfo: [/proc/meminfo - SSI]	Committed_AS:    1624600 kB
20220313 034052.809 INFO             PET1 PIOc_sync Exit - MemInfo: [/proc/meminfo - SSI]	CommittedPercent: 0.308228 %
20220313 034052.809 INFO             PET1 PIOc_sync Exit - MemInfo: [/proc/self/status]	VmPeak:	  186536 kB
20220313 034052.809 INFO             PET1 PIOc_sync Exit - MemInfo: [/proc/self/status]	VmSize:	  186260 kB
20220313 034052.809 INFO             PET1 PIOc_sync Exit - MemInfo: [/proc/self/status]	VmLck:	       0 kB
20220313 034052.809 INFO             PET1 PIOc_sync Exit - MemInfo: [/proc/self/status]	VmPin:	       0 kB
20220313 034052.809 INFO             PET1 PIOc_sync Exit - MemInfo: [/proc/self/status]	VmHWM:	   32588 kB
20220313 034052.809 INFO             PET1 PIOc_sync Exit - MemInfo: [/proc/self/status]	VmRSS:	   32572 kB
20220313 034052.809 INFO             PET1 PIOc_sync Exit - MemInfo: [/proc/self/status]	VmData:	    8604 kB
20220313 034052.809 INFO             PET1 PIOc_sync Exit - MemInfo: [/proc/self/status]	VmStk:	     156 kB
20220313 034052.809 INFO             PET1 PIOc_sync Exit - MemInfo: [/proc/self/status]	VmExe:	     320 kB
20220313 034052.809 INFO             PET1 PIOc_sync Exit - MemInfo: [/proc/self/status]	VmLib:	  103544 kB
20220313 034052.809 INFO             PET1 PIOc_sync Exit - MemInfo: [/proc/self/status]	VmPTE:	     384 kB
20220313 034052.809 INFO             PET1 PIOc_sync Exit - MemInfo: [/proc/self/status]	VmSwap:	       0 kB
20220313 034052.809 INFO             PET1 PIOc_sync Exit - MemInfo: [/proc/self/status]	VmRSSPercent: 0.00617974 %
20220313 034052.809 INFO             PET1 PIOc_sync Exit - MemInfo: [malloc] Non-mmapped space allocated:                 1159168 Byte
20220313 034052.809 INFO             PET1 PIOc_sync Exit - MemInfo: [malloc] Space allocated in mmapped regions:          3477504 Byte
20220313 034052.809 INFO             PET1 PIOc_sync Exit - MemInfo: [malloc] Maximum total allocated space:                     0 Byte
20220313 034052.809 INFO             PET1 PIOc_sync Exit - MemInfo: [malloc] Space in freed fastbin blocks:                     0 Byte
20220313 034052.809 INFO             PET1 PIOc_sync Exit - MemInfo: [malloc] Total allocated space:                       1015072 Byte
20220313 034052.809 INFO             PET1 PIOc_sync Exit - MemInfo: [malloc] Total free space:                             144096 Byte
20220313 034052.809 INFO             PET1 PIOc_sync Exit - MemInfo: [malloc] Top-most, releasable space:                   130992 Byte
20220313 034052.809 INFO             PET1 PIOc_sync Exit - MemInfo: [malloc] Total space in use, mmap + non-mmap:         4492576 Byte
20220313 034052.809 INFO             PET1 PIOc_sync Exit - MemInfo: [malloc] Total space held (mmap + non-mmap):          4636672 Byte
20220313 034052.809 INFO             PET1 PIOc_sync Exit - MemInfo: [malloc] Total space used (mmap + non-mmap):          4500784 Byte
20220313 034052.809 INFO             PET1 PIOc_sync Exit - MemInfo: Wall-clock time since execution start:              0.0250452 seconds
20220313 034052.809 INFO             PET1 PIOc_freedecomp Enter - MemInfo: [/proc/meminfo - SSI]	MemTotal:       527077124 kB
20220313 034052.809 INFO             PET1 PIOc_freedecomp Enter - MemInfo: [/proc/meminfo - SSI]	MemFree:        517354632 kB
20220313 034052.809 INFO             PET1 PIOc_freedecomp Enter - MemInfo: [/proc/meminfo - SSI]	MemAvailable:   517796804 kB
20220313 034052.809 INFO             PET1 PIOc_freedecomp Enter - MemInfo: [/proc/meminfo - SSI]	Committed_AS:    1624600 kB
20220313 034052.809 INFO             PET1 PIOc_freedecomp Enter - MemInfo: [/proc/meminfo - SSI]	CommittedPercent: 0.308228 %
20220313 034052.809 INFO             PET1 PIOc_freedecomp Enter - MemInfo: [/proc/self/status]	VmPeak:	  186536 kB
20220313 034052.809 INFO             PET1 PIOc_freedecomp Enter - MemInfo: [/proc/self/status]	VmSize:	  186260 kB
20220313 034052.809 INFO             PET1 PIOc_freedecomp Enter - MemInfo: [/proc/self/status]	VmLck:	       0 kB
20220313 034052.809 INFO             PET1 PIOc_freedecomp Enter - MemInfo: [/proc/self/status]	VmPin:	       0 kB
20220313 034052.809 INFO             PET1 PIOc_freedecomp Enter - MemInfo: [/proc/self/status]	VmHWM:	   32588 kB
20220313 034052.809 INFO             PET1 PIOc_freedecomp Enter - MemInfo: [/proc/self/status]	VmRSS:	   32572 kB
20220313 034052.809 INFO             PET1 PIOc_freedecomp Enter - MemInfo: [/proc/self/status]	VmData:	    8604 kB
20220313 034052.809 INFO             PET1 PIOc_freedecomp Enter - MemInfo: [/proc/self/status]	VmStk:	     156 kB
20220313 034052.809 INFO             PET1 PIOc_freedecomp Enter - MemInfo: [/proc/self/status]	VmExe:	     320 kB
20220313 034052.809 INFO             PET1 PIOc_freedecomp Enter - MemInfo: [/proc/self/status]	VmLib:	  103544 kB
20220313 034052.809 INFO             PET1 PIOc_freedecomp Enter - MemInfo: [/proc/self/status]	VmPTE:	     384 kB
20220313 034052.809 INFO             PET1 PIOc_freedecomp Enter - MemInfo: [/proc/self/status]	VmSwap:	       0 kB
20220313 034052.809 INFO             PET1 PIOc_freedecomp Enter - MemInfo: [/proc/self/status]	VmRSSPercent: 0.00617974 %
20220313 034052.809 INFO             PET1 PIOc_freedecomp Enter - MemInfo: [malloc] Non-mmapped space allocated:                 1159168 Byte
20220313 034052.809 INFO             PET1 PIOc_freedecomp Enter - MemInfo: [malloc] Space allocated in mmapped regions:          3477504 Byte
20220313 034052.809 INFO             PET1 PIOc_freedecomp Enter - MemInfo: [malloc] Maximum total allocated space:                     0 Byte
20220313 034052.809 INFO             PET1 PIOc_freedecomp Enter - MemInfo: [malloc] Space in freed fastbin blocks:                    80 Byte
20220313 034052.809 INFO             PET1 PIOc_freedecomp Enter - MemInfo: [malloc] Total allocated space:                       1014560 Byte
20220313 034052.809 INFO             PET1 PIOc_freedecomp Enter - MemInfo: [malloc] Total free space:                             144608 Byte
20220313 034052.809 INFO             PET1 PIOc_freedecomp Enter - MemInfo: [malloc] Top-most, releasable space:                   130768 Byte
20220313 034052.809 INFO             PET1 PIOc_freedecomp Enter - MemInfo: [malloc] Total space in use, mmap + non-mmap:         4492064 Byte
20220313 034052.809 INFO             PET1 PIOc_freedecomp Enter - MemInfo: [malloc] Total space held (mmap + non-mmap):          4636672 Byte
20220313 034052.809 INFO             PET1 PIOc_freedecomp Enter - MemInfo: [malloc] Total space used (mmap + non-mmap):          4500272 Byte
20220313 034052.809 INFO             PET1 PIOc_freedecomp Enter - MemInfo: Wall-clock time since execution start:              0.0253666 seconds
20220313 034052.809 INFO             PET1 PIOc_freedecomp Exit - MemInfo: [/proc/meminfo - SSI]	MemTotal:       527077124 kB
20220313 034052.809 INFO             PET1 PIOc_freedecomp Exit - MemInfo: [/proc/meminfo - SSI]	MemFree:        517354632 kB
20220313 034052.809 INFO             PET1 PIOc_freedecomp Exit - MemInfo: [/proc/meminfo - SSI]	MemAvailable:   517796804 kB
20220313 034052.809 INFO             PET1 PIOc_freedecomp Exit - MemInfo: [/proc/meminfo - SSI]	Committed_AS:    1624600 kB
20220313 034052.809 INFO             PET1 PIOc_freedecomp Exit - MemInfo: [/proc/meminfo - SSI]	CommittedPercent: 0.308228 %
20220313 034052.809 INFO             PET1 PIOc_freedecomp Exit - MemInfo: [/proc/self/status]	VmPeak:	  186536 kB
20220313 034052.809 INFO             PET1 PIOc_freedecomp Exit - MemInfo: [/proc/self/status]	VmSize:	  186260 kB
20220313 034052.809 INFO             PET1 PIOc_freedecomp Exit - MemInfo: [/proc/self/status]	VmLck:	       0 kB
20220313 034052.809 INFO             PET1 PIOc_freedecomp Exit - MemInfo: [/proc/self/status]	VmPin:	       0 kB
20220313 034052.809 INFO             PET1 PIOc_freedecomp Exit - MemInfo: [/proc/self/status]	VmHWM:	   32588 kB
20220313 034052.809 INFO             PET1 PIOc_freedecomp Exit - MemInfo: [/proc/self/status]	VmRSS:	   32572 kB
20220313 034052.809 INFO             PET1 PIOc_freedecomp Exit - MemInfo: [/proc/self/status]	VmData:	    8604 kB
20220313 034052.809 INFO             PET1 PIOc_freedecomp Exit - MemInfo: [/proc/self/status]	VmStk:	     156 kB
20220313 034052.809 INFO             PET1 PIOc_freedecomp Exit - MemInfo: [/proc/self/status]	VmExe:	     320 kB
20220313 034052.809 INFO             PET1 PIOc_freedecomp Exit - MemInfo: [/proc/self/status]	VmLib:	  103544 kB
20220313 034052.809 INFO             PET1 PIOc_freedecomp Exit - MemInfo: [/proc/self/status]	VmPTE:	     384 kB
20220313 034052.809 INFO             PET1 PIOc_freedecomp Exit - MemInfo: [/proc/self/status]	VmSwap:	       0 kB
20220313 034052.809 INFO             PET1 PIOc_freedecomp Exit - MemInfo: [/proc/self/status]	VmRSSPercent: 0.00617974 %
20220313 034052.809 INFO             PET1 PIOc_freedecomp Exit - MemInfo: [malloc] Non-mmapped space allocated:                 1159168 Byte
20220313 034052.809 INFO             PET1 PIOc_freedecomp Exit - MemInfo: [malloc] Space allocated in mmapped regions:          3477504 Byte
20220313 034052.809 INFO             PET1 PIOc_freedecomp Exit - MemInfo: [malloc] Maximum total allocated space:                     0 Byte
20220313 034052.809 INFO             PET1 PIOc_freedecomp Exit - MemInfo: [malloc] Space in freed fastbin blocks:                   368 Byte
20220313 034052.809 INFO             PET1 PIOc_freedecomp Exit - MemInfo: [malloc] Total allocated space:                       1013664 Byte
20220313 034052.809 INFO             PET1 PIOc_freedecomp Exit - MemInfo: [malloc] Total free space:                             145504 Byte
20220313 034052.809 INFO             PET1 PIOc_freedecomp Exit - MemInfo: [malloc] Top-most, releasable space:                   130544 Byte
20220313 034052.809 INFO             PET1 PIOc_freedecomp Exit - MemInfo: [malloc] Total space in use, mmap + non-mmap:         4491168 Byte
20220313 034052.809 INFO             PET1 PIOc_freedecomp Exit - MemInfo: [malloc] Total space held (mmap + non-mmap):          4636672 Byte
20220313 034052.809 INFO             PET1 PIOc_freedecomp Exit - MemInfo: [malloc] Total space used (mmap + non-mmap):          4499376 Byte
20220313 034052.809 INFO             PET1 PIOc_freedecomp Exit - MemInfo: Wall-clock time since execution start:              0.0255697 seconds
20220313 034052.811 INFO             PET1 PIOc_sync Enter - MemInfo: [/proc/meminfo - SSI]	MemTotal:       527077124 kB
20220313 034052.811 INFO             PET1 PIOc_sync Enter - MemInfo: [/proc/meminfo - SSI]	MemFree:        517354128 kB
20220313 034052.811 INFO             PET1 PIOc_sync Enter - MemInfo: [/proc/meminfo - SSI]	MemAvailable:   517796300 kB
20220313 034052.811 INFO             PET1 PIOc_sync Enter - MemInfo: [/proc/meminfo - SSI]	Committed_AS:    1624600 kB
20220313 034052.811 INFO             PET1 PIOc_sync Enter - MemInfo: [/proc/meminfo - SSI]	CommittedPercent: 0.308228 %
20220313 034052.811 INFO             PET1 PIOc_sync Enter - MemInfo: [/proc/self/status]	VmPeak:	  186536 kB
20220313 034052.811 INFO             PET1 PIOc_sync Enter - MemInfo: [/proc/self/status]	VmSize:	  186260 kB
20220313 034052.811 INFO             PET1 PIOc_sync Enter - MemInfo: [/proc/self/status]	VmLck:	       0 kB
20220313 034052.811 INFO             PET1 PIOc_sync Enter - MemInfo: [/proc/self/status]	VmPin:	       0 kB
20220313 034052.811 INFO             PET1 PIOc_sync Enter - MemInfo: [/proc/self/status]	VmHWM:	   32600 kB
20220313 034052.811 INFO             PET1 PIOc_sync Enter - MemInfo: [/proc/self/status]	VmRSS:	   32584 kB
20220313 034052.811 INFO             PET1 PIOc_sync Enter - MemInfo: [/proc/self/status]	VmData:	    8604 kB
20220313 034052.811 INFO             PET1 PIOc_sync Enter - MemInfo: [/proc/self/status]	VmStk:	     156 kB
20220313 034052.811 INFO             PET1 PIOc_sync Enter - MemInfo: [/proc/self/status]	VmExe:	     320 kB
20220313 034052.811 INFO             PET1 PIOc_sync Enter - MemInfo: [/proc/self/status]	VmLib:	  103544 kB
20220313 034052.811 INFO             PET1 PIOc_sync Enter - MemInfo: [/proc/self/status]	VmPTE:	     384 kB
20220313 034052.811 INFO             PET1 PIOc_sync Enter - MemInfo: [/proc/self/status]	VmSwap:	       0 kB
20220313 034052.811 INFO             PET1 PIOc_sync Enter - MemInfo: [/proc/self/status]	VmRSSPercent: 0.00618202 %
20220313 034052.811 INFO             PET1 PIOc_sync Enter - MemInfo: [malloc] Non-mmapped space allocated:                 1159168 Byte
20220313 034052.811 INFO             PET1 PIOc_sync Enter - MemInfo: [malloc] Space allocated in mmapped regions:          3477504 Byte
20220313 034052.811 INFO             PET1 PIOc_sync Enter - MemInfo: [malloc] Maximum total allocated space:                     0 Byte
20220313 034052.811 INFO             PET1 PIOc_sync Enter - MemInfo: [malloc] Space in freed fastbin blocks:                    48 Byte
20220313 034052.811 INFO             PET1 PIOc_sync Enter - MemInfo: [malloc] Total allocated space:                       1015456 Byte
20220313 034052.811 INFO             PET1 PIOc_sync Enter - MemInfo: [malloc] Total free space:                             143712 Byte
20220313 034052.811 INFO             PET1 PIOc_sync Enter - MemInfo: [malloc] Top-most, releasable space:                   130320 Byte
20220313 034052.811 INFO             PET1 PIOc_sync Enter - MemInfo: [malloc] Total space in use, mmap + non-mmap:         4492960 Byte
20220313 034052.811 INFO             PET1 PIOc_sync Enter - MemInfo: [malloc] Total space held (mmap + non-mmap):          4636672 Byte
20220313 034052.811 INFO             PET1 PIOc_sync Enter - MemInfo: [malloc] Total space used (mmap + non-mmap):          4501168 Byte
20220313 034052.811 INFO             PET1 PIOc_sync Enter - MemInfo: Wall-clock time since execution start:              0.0271858 seconds
20220313 034052.811 INFO             PET1 PIOc_sync Exit - MemInfo: [/proc/meminfo - SSI]	MemTotal:       527077124 kB
20220313 034052.811 INFO             PET1 PIOc_sync Exit - MemInfo: [/proc/meminfo - SSI]	MemFree:        517354128 kB
20220313 034052.811 INFO             PET1 PIOc_sync Exit - MemInfo: [/proc/meminfo - SSI]	MemAvailable:   517796300 kB
20220313 034052.811 INFO             PET1 PIOc_sync Exit - MemInfo: [/proc/meminfo - SSI]	Committed_AS:    1624600 kB
20220313 034052.811 INFO             PET1 PIOc_sync Exit - MemInfo: [/proc/meminfo - SSI]	CommittedPercent: 0.308228 %
20220313 034052.811 INFO             PET1 PIOc_sync Exit - MemInfo: [/proc/self/status]	VmPeak:	  186536 kB
20220313 034052.811 INFO             PET1 PIOc_sync Exit - MemInfo: [/proc/self/status]	VmSize:	  186260 kB
20220313 034052.811 INFO             PET1 PIOc_sync Exit - MemInfo: [/proc/self/status]	VmLck:	       0 kB
20220313 034052.811 INFO             PET1 PIOc_sync Exit - MemInfo: [/proc/self/status]	VmPin:	       0 kB
20220313 034052.811 INFO             PET1 PIOc_sync Exit - MemInfo: [/proc/self/status]	VmHWM:	   32600 kB
20220313 034052.811 INFO             PET1 PIOc_sync Exit - MemInfo: [/proc/self/status]	VmRSS:	   32584 kB
20220313 034052.811 INFO             PET1 PIOc_sync Exit - MemInfo: [/proc/self/status]	VmData:	    8604 kB
20220313 034052.811 INFO             PET1 PIOc_sync Exit - MemInfo: [/proc/self/status]	VmStk:	     156 kB
20220313 034052.811 INFO             PET1 PIOc_sync Exit - MemInfo: [/proc/self/status]	VmExe:	     320 kB
20220313 034052.811 INFO             PET1 PIOc_sync Exit - MemInfo: [/proc/self/status]	VmLib:	  103544 kB
20220313 034052.811 INFO             PET1 PIOc_sync Exit - MemInfo: [/proc/self/status]	VmPTE:	     384 kB
20220313 034052.811 INFO             PET1 PIOc_sync Exit - MemInfo: [/proc/self/status]	VmSwap:	       0 kB
20220313 034052.811 INFO             PET1 PIOc_sync Exit - MemInfo: [/proc/self/status]	VmRSSPercent: 0.00618202 %
20220313 034052.811 INFO             PET1 PIOc_sync Exit - MemInfo: [malloc] Non-mmapped space allocated:                 1159168 Byte
20220313 034052.811 INFO             PET1 PIOc_sync Exit - MemInfo: [malloc] Space allocated in mmapped regions:          3477504 Byte
20220313 034052.811 INFO             PET1 PIOc_sync Exit - MemInfo: [malloc] Maximum total allocated space:                     0 Byte
20220313 034052.811 INFO             PET1 PIOc_sync Exit - MemInfo: [malloc] Space in freed fastbin blocks:                     0 Byte
20220313 034052.811 INFO             PET1 PIOc_sync Exit - MemInfo: [malloc] Total allocated space:                       1015552 Byte
20220313 034052.811 INFO             PET1 PIOc_sync Exit - MemInfo: [malloc] Total free space:                             143616 Byte
20220313 034052.811 INFO             PET1 PIOc_sync Exit - MemInfo: [malloc] Top-most, releasable space:                   130096 Byte
20220313 034052.811 INFO             PET1 PIOc_sync Exit - MemInfo: [malloc] Total space in use, mmap + non-mmap:         4493056 Byte
20220313 034052.811 INFO             PET1 PIOc_sync Exit - MemInfo: [malloc] Total space held (mmap + non-mmap):          4636672 Byte
20220313 034052.811 INFO             PET1 PIOc_sync Exit - MemInfo: [malloc] Total space used (mmap + non-mmap):          4501264 Byte
20220313 034052.811 INFO             PET1 PIOc_sync Exit - MemInfo: Wall-clock time since execution start:              0.0274541 seconds
20220313 034052.811 INFO             PET1 PIOc_freedecomp Enter - MemInfo: [/proc/meminfo - SSI]	MemTotal:       527077124 kB
20220313 034052.811 INFO             PET1 PIOc_freedecomp Enter - MemInfo: [/proc/meminfo - SSI]	MemFree:        517354128 kB
20220313 034052.811 INFO             PET1 PIOc_freedecomp Enter - MemInfo: [/proc/meminfo - SSI]	MemAvailable:   517796300 kB
20220313 034052.811 INFO             PET1 PIOc_freedecomp Enter - MemInfo: [/proc/meminfo - SSI]	Committed_AS:    1624600 kB
20220313 034052.812 INFO             PET1 PIOc_freedecomp Enter - MemInfo: [/proc/meminfo - SSI]	CommittedPercent: 0.308228 %
20220313 034052.812 INFO             PET1 PIOc_freedecomp Enter - MemInfo: [/proc/self/status]	VmPeak:	  186536 kB
20220313 034052.812 INFO             PET1 PIOc_freedecomp Enter - MemInfo: [/proc/self/status]	VmSize:	  186260 kB
20220313 034052.812 INFO             PET1 PIOc_freedecomp Enter - MemInfo: [/proc/self/status]	VmLck:	       0 kB
20220313 034052.812 INFO             PET1 PIOc_freedecomp Enter - MemInfo: [/proc/self/status]	VmPin:	       0 kB
20220313 034052.812 INFO             PET1 PIOc_freedecomp Enter - MemInfo: [/proc/self/status]	VmHWM:	   32600 kB
20220313 034052.812 INFO             PET1 PIOc_freedecomp Enter - MemInfo: [/proc/self/status]	VmRSS:	   32584 kB
20220313 034052.812 INFO             PET1 PIOc_freedecomp Enter - MemInfo: [/proc/self/status]	VmData:	    8604 kB
20220313 034052.812 INFO             PET1 PIOc_freedecomp Enter - MemInfo: [/proc/self/status]	VmStk:	     156 kB
20220313 034052.812 INFO             PET1 PIOc_freedecomp Enter - MemInfo: [/proc/self/status]	VmExe:	     320 kB
20220313 034052.812 INFO             PET1 PIOc_freedecomp Enter - MemInfo: [/proc/self/status]	VmLib:	  103544 kB
20220313 034052.812 INFO             PET1 PIOc_freedecomp Enter - MemInfo: [/proc/self/status]	VmPTE:	     384 kB
20220313 034052.812 INFO             PET1 PIOc_freedecomp Enter - MemInfo: [/proc/self/status]	VmSwap:	       0 kB
20220313 034052.812 INFO             PET1 PIOc_freedecomp Enter - MemInfo: [/proc/self/status]	VmRSSPercent: 0.00618202 %
20220313 034052.812 INFO             PET1 PIOc_freedecomp Enter - MemInfo: [malloc] Non-mmapped space allocated:                 1159168 Byte
20220313 034052.812 INFO             PET1 PIOc_freedecomp Enter - MemInfo: [malloc] Space allocated in mmapped regions:          3477504 Byte
20220313 034052.812 INFO             PET1 PIOc_freedecomp Enter - MemInfo: [malloc] Maximum total allocated space:                     0 Byte
20220313 034052.812 INFO             PET1 PIOc_freedecomp Enter - MemInfo: [malloc] Space in freed fastbin blocks:                    80 Byte
20220313 034052.812 INFO             PET1 PIOc_freedecomp Enter - MemInfo: [malloc] Total allocated space:                       1015040 Byte
20220313 034052.812 INFO             PET1 PIOc_freedecomp Enter - MemInfo: [malloc] Total free space:                             144128 Byte
20220313 034052.812 INFO             PET1 PIOc_freedecomp Enter - MemInfo: [malloc] Top-most, releasable space:                   129872 Byte
20220313 034052.812 INFO             PET1 PIOc_freedecomp Enter - MemInfo: [malloc] Total space in use, mmap + non-mmap:         4492544 Byte
20220313 034052.812 INFO             PET1 PIOc_freedecomp Enter - MemInfo: [malloc] Total space held (mmap + non-mmap):          4636672 Byte
20220313 034052.812 INFO             PET1 PIOc_freedecomp Enter - MemInfo: [malloc] Total space used (mmap + non-mmap):          4500752 Byte
20220313 034052.812 INFO             PET1 PIOc_freedecomp Enter - MemInfo: Wall-clock time since execution start:              0.0277453 seconds
20220313 034052.812 INFO             PET1 PIOc_freedecomp Exit - MemInfo: [/proc/meminfo - SSI]	MemTotal:       527077124 kB
20220313 034052.812 INFO             PET1 PIOc_freedecomp Exit - MemInfo: [/proc/meminfo - SSI]	MemFree:        517354128 kB
20220313 034052.812 INFO             PET1 PIOc_freedecomp Exit - MemInfo: [/proc/meminfo - SSI]	MemAvailable:   517796300 kB
20220313 034052.812 INFO             PET1 PIOc_freedecomp Exit - MemInfo: [/proc/meminfo - SSI]	Committed_AS:    1624600 kB
20220313 034052.812 INFO             PET1 PIOc_freedecomp Exit - MemInfo: [/proc/meminfo - SSI]	CommittedPercent: 0.308228 %
20220313 034052.812 INFO             PET1 PIOc_freedecomp Exit - MemInfo: [/proc/self/status]	VmPeak:	  186536 kB
20220313 034052.812 INFO             PET1 PIOc_freedecomp Exit - MemInfo: [/proc/self/status]	VmSize:	  186260 kB
20220313 034052.812 INFO             PET1 PIOc_freedecomp Exit - MemInfo: [/proc/self/status]	VmLck:	       0 kB
20220313 034052.812 INFO             PET1 PIOc_freedecomp Exit - MemInfo: [/proc/self/status]	VmPin:	       0 kB
20220313 034052.812 INFO             PET1 PIOc_freedecomp Exit - MemInfo: [/proc/self/status]	VmHWM:	   32600 kB
20220313 034052.812 INFO             PET1 PIOc_freedecomp Exit - MemInfo: [/proc/self/status]	VmRSS:	   32584 kB
20220313 034052.812 INFO             PET1 PIOc_freedecomp Exit - MemInfo: [/proc/self/status]	VmData:	    8604 kB
20220313 034052.812 INFO             PET1 PIOc_freedecomp Exit - MemInfo: [/proc/self/status]	VmStk:	     156 kB
20220313 034052.812 INFO             PET1 PIOc_freedecomp Exit - MemInfo: [/proc/self/status]	VmExe:	     320 kB
20220313 034052.812 INFO             PET1 PIOc_freedecomp Exit - MemInfo: [/proc/self/status]	VmLib:	  103544 kB
20220313 034052.812 INFO             PET1 PIOc_freedecomp Exit - MemInfo: [/proc/self/status]	VmPTE:	     384 kB
20220313 034052.812 INFO             PET1 PIOc_freedecomp Exit - MemInfo: [/proc/self/status]	VmSwap:	       0 kB
20220313 034052.812 INFO             PET1 PIOc_freedecomp Exit - MemInfo: [/proc/self/status]	VmRSSPercent: 0.00618202 %
20220313 034052.812 INFO             PET1 PIOc_freedecomp Exit - MemInfo: [malloc] Non-mmapped space allocated:                 1159168 Byte
20220313 034052.812 INFO             PET1 PIOc_freedecomp Exit - MemInfo: [malloc] Space allocated in mmapped regions:          3477504 Byte
20220313 034052.812 INFO             PET1 PIOc_freedecomp Exit - MemInfo: [malloc] Maximum total allocated space:                     0 Byte
20220313 034052.812 INFO             PET1 PIOc_freedecomp Exit - MemInfo: [malloc] Space in freed fastbin blocks:                   368 Byte
20220313 034052.812 INFO             PET1 PIOc_freedecomp Exit - MemInfo: [malloc] Total allocated space:                       1014144 Byte
20220313 034052.812 INFO             PET1 PIOc_freedecomp Exit - MemInfo: [malloc] Total free space:                             145024 Byte
20220313 034052.812 INFO             PET1 PIOc_freedecomp Exit - MemInfo: [malloc] Top-most, releasable space:                   129648 Byte
20220313 034052.812 INFO             PET1 PIOc_freedecomp Exit - MemInfo: [malloc] Total space in use, mmap + non-mmap:         4491648 Byte
20220313 034052.812 INFO             PET1 PIOc_freedecomp Exit - MemInfo: [malloc] Total space held (mmap + non-mmap):          4636672 Byte
20220313 034052.812 INFO             PET1 PIOc_freedecomp Exit - MemInfo: [malloc] Total space used (mmap + non-mmap):          4499856 Byte
20220313 034052.812 INFO             PET1 PIOc_freedecomp Exit - MemInfo: Wall-clock time since execution start:              0.0279491 seconds
20220313 034052.812 INFO             PET1 PASS ESMC_FieldRegridStoreFile test, ESMC_FieldSMMFromFileUTest.C, line 199
20220313 034052.817 INFO             PET1 PASS ESMC_FieldSMMStore from File test, ESMC_FieldSMMFromFileUTest.C, line 229
20220313 034052.817 INFO             PET1 PASS ESMC_FieldSMMStore From File validation, ESMC_FieldSMMFromFileUTest.C, line 257
20220313 034052.817 INFO             PET1 PASS ESMC_FieldRegridRelease, ESMC_FieldSMMFromFileUTest.C, line 271
20220313 034052.817 INFO             PET1 Ending Test, file ESMC_FieldSMMFromFileUTest.C, line 289
20220313 034052.817 INFO             PET1 Finalizing ESMF
20220313 034052.786 INFO             PET2 !!!!!!!!!!!!!!!!!!!!!!!!!!!!!!!!!!!!!!!!!!!!!!!!!!!!!!
20220313 034052.786 INFO             PET2 !!! THE ESMF_LOG IS SET TO OUTPUT ALL LOG MESSAGES !!!
20220313 034052.786 INFO             PET2 !!!     THIS MAY CAUSE SLOWDOWN IN PERFORMANCE     !!!
20220313 034052.786 INFO             PET2 !!! FOR PRODUCTION RUNS, USE:                      !!!
20220313 034052.786 INFO             PET2 !!!                   ESMF_LOGKIND_Multi_On_Error  !!!
20220313 034052.786 INFO             PET2 !!!!!!!!!!!!!!!!!!!!!!!!!!!!!!!!!!!!!!!!!!!!!!!!!!!!!!
20220313 034052.786 INFO             PET2 Running with ESMF Version   : v8.3.0b09-96-g559b459836
20220313 034052.786 INFO             PET2 ESMF library build date/time: "Mar 13 2022" "03:30:54"
20220313 034052.786 INFO             PET2 ESMF library build location : /lfs/h1/emc/ptmp/Mark.Potts/gfortran_10.3.0_mpich3_g_jedwards_pio_update2
20220313 034052.786 INFO             PET2 ESMF_COMM                   : mpich3
20220313 034052.786 INFO             PET2 ESMF_MOAB                   : enabled
20220313 034052.786 INFO             PET2 ESMF_LAPACK                 : enabled
20220313 034052.786 INFO             PET2 ESMF_NETCDF                 : enabled
20220313 034052.786 INFO             PET2 ESMF_PNETCDF                : disabled
20220313 034052.786 INFO             PET2 ESMF_PIO                    : enabled
20220313 034052.786 INFO             PET2 ESMF_YAMLCPP                : enabled
20220313 034052.786 INFO             PET2 Beginning Test, file ESMC_FieldSMMFromFileUTest.C, line 41
20220313 034052.786 INFO             PET2 Beginning Test, file ESMC_FieldSMMFromFileUTest.C, line 41NUMBER_OF_PROCESSORS 4
20220313 034052.805 INFO             PET2 PIOc_sync Enter - MemInfo: [/proc/meminfo - SSI]	MemTotal:       527077124 kB
20220313 034052.805 INFO             PET2 PIOc_sync Enter - MemInfo: [/proc/meminfo - SSI]	MemFree:        517352836 kB
20220313 034052.805 INFO             PET2 PIOc_sync Enter - MemInfo: [/proc/meminfo - SSI]	MemAvailable:   517794960 kB
20220313 034052.805 INFO             PET2 PIOc_sync Enter - MemInfo: [/proc/meminfo - SSI]	Committed_AS:    1624136 kB
20220313 034052.805 INFO             PET2 PIOc_sync Enter - MemInfo: [/proc/meminfo - SSI]	CommittedPercent: 0.30814 %
20220313 034052.805 INFO             PET2 PIOc_sync Enter - MemInfo: [/proc/self/status]	VmPeak:	  186536 kB
20220313 034052.805 INFO             PET2 PIOc_sync Enter - MemInfo: [/proc/self/status]	VmSize:	  186260 kB
20220313 034052.805 INFO             PET2 PIOc_sync Enter - MemInfo: [/proc/self/status]	VmLck:	       0 kB
20220313 034052.805 INFO             PET2 PIOc_sync Enter - MemInfo: [/proc/self/status]	VmPin:	       0 kB
20220313 034052.805 INFO             PET2 PIOc_sync Enter - MemInfo: [/proc/self/status]	VmHWM:	   32436 kB
20220313 034052.805 INFO             PET2 PIOc_sync Enter - MemInfo: [/proc/self/status]	VmRSS:	   32436 kB
20220313 034052.805 INFO             PET2 PIOc_sync Enter - MemInfo: [/proc/self/status]	VmData:	    8604 kB
20220313 034052.805 INFO             PET2 PIOc_sync Enter - MemInfo: [/proc/self/status]	VmStk:	     156 kB
20220313 034052.805 INFO             PET2 PIOc_sync Enter - MemInfo: [/proc/self/status]	VmExe:	     320 kB
20220313 034052.805 INFO             PET2 PIOc_sync Enter - MemInfo: [/proc/self/status]	VmLib:	  103544 kB
20220313 034052.805 INFO             PET2 PIOc_sync Enter - MemInfo: [/proc/self/status]	VmPTE:	     368 kB
20220313 034052.805 INFO             PET2 PIOc_sync Enter - MemInfo: [/proc/self/status]	VmSwap:	       0 kB
20220313 034052.805 INFO             PET2 PIOc_sync Enter - MemInfo: [/proc/self/status]	VmRSSPercent: 0.00615394 %
20220313 034052.805 INFO             PET2 PIOc_sync Enter - MemInfo: [malloc] Non-mmapped space allocated:                 1159168 Byte
20220313 034052.805 INFO             PET2 PIOc_sync Enter - MemInfo: [malloc] Space allocated in mmapped regions:          3477504 Byte
20220313 034052.805 INFO             PET2 PIOc_sync Enter - MemInfo: [malloc] Maximum total allocated space:                     0 Byte
20220313 034052.805 INFO             PET2 PIOc_sync Enter - MemInfo: [malloc] Space in freed fastbin blocks:                     0 Byte
20220313 034052.805 INFO             PET2 PIOc_sync Enter - MemInfo: [malloc] Total allocated space:                       1012656 Byte
20220313 034052.805 INFO             PET2 PIOc_sync Enter - MemInfo: [malloc] Total free space:                             146512 Byte
20220313 034052.805 INFO             PET2 PIOc_sync Enter - MemInfo: [malloc] Top-most, releasable space:                   134944 Byte
20220313 034052.805 INFO             PET2 PIOc_sync Enter - MemInfo: [malloc] Total space in use, mmap + non-mmap:         4490160 Byte
20220313 034052.805 INFO             PET2 PIOc_sync Enter - MemInfo: [malloc] Total space held (mmap + non-mmap):          4636672 Byte
20220313 034052.805 INFO             PET2 PIOc_sync Enter - MemInfo: [malloc] Total space used (mmap + non-mmap):          4498896 Byte
20220313 034052.805 INFO             PET2 PIOc_sync Enter - MemInfo: Wall-clock time since execution start:              0.0215976 seconds
20220313 034052.806 INFO             PET2 PIOc_sync Exit - MemInfo: [/proc/meminfo - SSI]	MemTotal:       527077124 kB
20220313 034052.806 INFO             PET2 PIOc_sync Exit - MemInfo: [/proc/meminfo - SSI]	MemFree:        517352332 kB
20220313 034052.806 INFO             PET2 PIOc_sync Exit - MemInfo: [/proc/meminfo - SSI]	MemAvailable:   517794456 kB
20220313 034052.806 INFO             PET2 PIOc_sync Exit - MemInfo: [/proc/meminfo - SSI]	Committed_AS:    1624608 kB
20220313 034052.806 INFO             PET2 PIOc_sync Exit - MemInfo: [/proc/meminfo - SSI]	CommittedPercent: 0.30823 %
20220313 034052.806 INFO             PET2 PIOc_sync Exit - MemInfo: [/proc/self/status]	VmPeak:	  186536 kB
20220313 034052.806 INFO             PET2 PIOc_sync Exit - MemInfo: [/proc/self/status]	VmSize:	  186260 kB
20220313 034052.806 INFO             PET2 PIOc_sync Exit - MemInfo: [/proc/self/status]	VmLck:	       0 kB
20220313 034052.806 INFO             PET2 PIOc_sync Exit - MemInfo: [/proc/self/status]	VmPin:	       0 kB
20220313 034052.806 INFO             PET2 PIOc_sync Exit - MemInfo: [/proc/self/status]	VmHWM:	   32436 kB
20220313 034052.806 INFO             PET2 PIOc_sync Exit - MemInfo: [/proc/self/status]	VmRSS:	   32436 kB
20220313 034052.806 INFO             PET2 PIOc_sync Exit - MemInfo: [/proc/self/status]	VmData:	    8604 kB
20220313 034052.806 INFO             PET2 PIOc_sync Exit - MemInfo: [/proc/self/status]	VmStk:	     156 kB
20220313 034052.806 INFO             PET2 PIOc_sync Exit - MemInfo: [/proc/self/status]	VmExe:	     320 kB
20220313 034052.806 INFO             PET2 PIOc_sync Exit - MemInfo: [/proc/self/status]	VmLib:	  103544 kB
20220313 034052.806 INFO             PET2 PIOc_sync Exit - MemInfo: [/proc/self/status]	VmPTE:	     368 kB
20220313 034052.806 INFO             PET2 PIOc_sync Exit - MemInfo: [/proc/self/status]	VmSwap:	       0 kB
20220313 034052.806 INFO             PET2 PIOc_sync Exit - MemInfo: [/proc/self/status]	VmRSSPercent: 0.00615394 %
20220313 034052.806 INFO             PET2 PIOc_sync Exit - MemInfo: [malloc] Non-mmapped space allocated:                 1159168 Byte
20220313 034052.806 INFO             PET2 PIOc_sync Exit - MemInfo: [malloc] Space allocated in mmapped regions:          3477504 Byte
20220313 034052.806 INFO             PET2 PIOc_sync Exit - MemInfo: [malloc] Maximum total allocated space:                     0 Byte
20220313 034052.806 INFO             PET2 PIOc_sync Exit - MemInfo: [malloc] Space in freed fastbin blocks:                     0 Byte
20220313 034052.806 INFO             PET2 PIOc_sync Exit - MemInfo: [malloc] Total allocated space:                       1013504 Byte
20220313 034052.806 INFO             PET2 PIOc_sync Exit - MemInfo: [malloc] Total free space:                             145664 Byte
20220313 034052.806 INFO             PET2 PIOc_sync Exit - MemInfo: [malloc] Top-most, releasable space:                   134720 Byte
20220313 034052.806 INFO             PET2 PIOc_sync Exit - MemInfo: [malloc] Total space in use, mmap + non-mmap:         4491008 Byte
20220313 034052.806 INFO             PET2 PIOc_sync Exit - MemInfo: [malloc] Total space held (mmap + non-mmap):          4636672 Byte
20220313 034052.806 INFO             PET2 PIOc_sync Exit - MemInfo: [malloc] Total space used (mmap + non-mmap):          4499216 Byte
20220313 034052.806 INFO             PET2 PIOc_sync Exit - MemInfo: Wall-clock time since execution start:              0.0219642 seconds
20220313 034052.806 INFO             PET2 PIOc_freedecomp Enter - MemInfo: [/proc/meminfo - SSI]	MemTotal:       527077124 kB
20220313 034052.806 INFO             PET2 PIOc_freedecomp Enter - MemInfo: [/proc/meminfo - SSI]	MemFree:        517359484 kB
20220313 034052.806 INFO             PET2 PIOc_freedecomp Enter - MemInfo: [/proc/meminfo - SSI]	MemAvailable:   517801608 kB
20220313 034052.806 INFO             PET2 PIOc_freedecomp Enter - MemInfo: [/proc/meminfo - SSI]	Committed_AS:    1615896 kB
