build time -- 2022-03-13 03:31:55
20220313 034050.573 INFO             PET0 !!!!!!!!!!!!!!!!!!!!!!!!!!!!!!!!!!!!!!!!!!!!!!!!!!!!!!
20220313 034050.573 INFO             PET0 !!! THE ESMF_LOG IS SET TO OUTPUT ALL LOG MESSAGES !!!
20220313 034050.573 INFO             PET0 !!!     THIS MAY CAUSE SLOWDOWN IN PERFORMANCE     !!!
20220313 034050.573 INFO             PET0 !!! FOR PRODUCTION RUNS, USE:                      !!!
20220313 034050.573 INFO             PET0 !!!                   ESMF_LOGKIND_Multi_On_Error  !!!
20220313 034050.573 INFO             PET0 !!!!!!!!!!!!!!!!!!!!!!!!!!!!!!!!!!!!!!!!!!!!!!!!!!!!!!
20220313 034050.573 INFO             PET0 Running with ESMF Version   : v8.3.0b09-96-g559b459836
20220313 034050.573 INFO             PET0 ESMF library build date/time: "Mar 13 2022" "03:30:54"
20220313 034050.573 INFO             PET0 ESMF library build location : /lfs/h1/emc/ptmp/Mark.Potts/gfortran_10.3.0_mpich3_g_jedwards_pio_update2
20220313 034050.573 INFO             PET0 ESMF_COMM                   : mpich3
20220313 034050.574 INFO             PET0 ESMF_MOAB                   : enabled
20220313 034050.574 INFO             PET0 ESMF_LAPACK                 : enabled
20220313 034050.574 INFO             PET0 ESMF_NETCDF                 : enabled
20220313 034050.574 INFO             PET0 ESMF_PNETCDF                : disabled
20220313 034050.574 INFO             PET0 ESMF_PIO                    : enabled
20220313 034050.574 INFO             PET0 ESMF_YAMLCPP                : enabled
20220313 034050.574 INFO             PET0 Beginning Test, file ESMC_FieldRegridUTest.C, line 68
20220313 034050.574 INFO             PET0 Beginning Test, file ESMC_FieldRegridUTest.C, line 68NUMBER_OF_PROCESSORS 1
20220313 034050.574 INFO             PET0 PASS MeshCreate, ESMC_FieldRegridUTest.C, line 125
20220313 034050.574 INFO             PET0 PASS MeshAddNodes, ESMC_FieldRegridUTest.C, line 133
20220313 034050.576 INFO             PET0 PASS MeshAddElements, ESMC_FieldRegridUTest.C, line 142
20220313 034050.576 INFO             PET0 PASS MeshGetLocalNodeCount, ESMC_FieldRegridUTest.C, line 152
20220313 034050.576 INFO             PET0 PASS MeshGetLocalElementCount, ESMC_FieldRegridUTest.C, line 163
20220313 034050.576 INFO             PET0 PASS MeshCreate, ESMC_FieldRegridUTest.C, line 231
20220313 034050.576 INFO             PET0 PASS MeshAddNodes, ESMC_FieldRegridUTest.C, line 239
20220313 034050.576 INFO             PET0 PASS MeshAddElements, ESMC_FieldRegridUTest.C, line 248
20220313 034050.576 INFO             PET0 PASS MeshGetLocalNodeCount, ESMC_FieldRegridUTest.C, line 258
20220313 034050.576 INFO             PET0 PASS MeshGetLocalElementCount, ESMC_FieldRegridUTest.C, line 269
20220313 034050.577 INFO             PET0 PASS Create ESMC_Field object, ESMC_FieldRegridUTest.C, line 284
20220313 034050.577 INFO             PET0 PASS Create ESMC_Field object, ESMC_FieldRegridUTest.C, line 293
20220313 034050.577 INFO             PET0 PASS Get a void * C pointer to data from ESMC_Field object, ESMC_FieldRegridUTest.C, line 306
20220313 034050.577 INFO             PET0 PASS Get a void * C pointer to data from ESMC_Field object, ESMC_FieldRegridUTest.C, line 325
20220313 034050.577 INFO             PET0 PASS Create an InterArray for maskValues in ESMC_FieldRegridStore(), ESMC_FieldRegridUTest.C, line 343
20220313 034050.586 INFO             PET0 PIOc_sync Enter - MemInfo: [/proc/meminfo - SSI]	MemTotal:       527077124 kB
20220313 034050.586 INFO             PET0 PIOc_sync Enter - MemInfo: [/proc/meminfo - SSI]	MemFree:        517376940 kB
20220313 034050.586 INFO             PET0 PIOc_sync Enter - MemInfo: [/proc/meminfo - SSI]	MemAvailable:   517818732 kB
20220313 034050.586 INFO             PET0 PIOc_sync Enter - MemInfo: [/proc/meminfo - SSI]	Committed_AS:    1582160 kB
20220313 034050.586 INFO             PET0 PIOc_sync Enter - MemInfo: [/proc/meminfo - SSI]	CommittedPercent: 0.300176 %
20220313 034050.586 INFO             PET0 PIOc_sync Enter - MemInfo: [/proc/self/status]	VmPeak:	  180276 kB
20220313 034050.586 INFO             PET0 PIOc_sync Enter - MemInfo: [/proc/self/status]	VmSize:	  180276 kB
20220313 034050.586 INFO             PET0 PIOc_sync Enter - MemInfo: [/proc/self/status]	VmLck:	       0 kB
20220313 034050.586 INFO             PET0 PIOc_sync Enter - MemInfo: [/proc/self/status]	VmPin:	       0 kB
20220313 034050.586 INFO             PET0 PIOc_sync Enter - MemInfo: [/proc/self/status]	VmHWM:	   40816 kB
20220313 034050.586 INFO             PET0 PIOc_sync Enter - MemInfo: [/proc/self/status]	VmRSS:	   40816 kB
20220313 034050.586 INFO             PET0 PIOc_sync Enter - MemInfo: [/proc/self/status]	VmData:	   20152 kB
20220313 034050.586 INFO             PET0 PIOc_sync Enter - MemInfo: [/proc/self/status]	VmStk:	     156 kB
20220313 034050.586 INFO             PET0 PIOc_sync Enter - MemInfo: [/proc/self/status]	VmExe:	     328 kB
20220313 034050.586 INFO             PET0 PIOc_sync Enter - MemInfo: [/proc/self/status]	VmLib:	  103544 kB
20220313 034050.586 INFO             PET0 PIOc_sync Enter - MemInfo: [/proc/self/status]	VmPTE:	     356 kB
20220313 034050.586 INFO             PET0 PIOc_sync Enter - MemInfo: [/proc/self/status]	VmSwap:	       0 kB
20220313 034050.586 INFO             PET0 PIOc_sync Enter - MemInfo: [/proc/self/status]	VmRSSPercent: 0.00774384 %
20220313 034050.586 INFO             PET0 PIOc_sync Enter - MemInfo: [malloc] Non-mmapped space allocated:                 1179648 Byte
20220313 034050.586 INFO             PET0 PIOc_sync Enter - MemInfo: [malloc] Space allocated in mmapped regions:         15282176 Byte
20220313 034050.586 INFO             PET0 PIOc_sync Enter - MemInfo: [malloc] Maximum total allocated space:                     0 Byte
20220313 034050.586 INFO             PET0 PIOc_sync Enter - MemInfo: [malloc] Space in freed fastbin blocks:                     0 Byte
20220313 034050.586 INFO             PET0 PIOc_sync Enter - MemInfo: [malloc] Total allocated space:                       1051168 Byte
20220313 034050.586 INFO             PET0 PIOc_sync Enter - MemInfo: [malloc] Total free space:                             128480 Byte
20220313 034050.586 INFO             PET0 PIOc_sync Enter - MemInfo: [malloc] Top-most, releasable space:                   128432 Byte
20220313 034050.586 INFO             PET0 PIOc_sync Enter - MemInfo: [malloc] Total space in use, mmap + non-mmap:        16333344 Byte
20220313 034050.586 INFO             PET0 PIOc_sync Enter - MemInfo: [malloc] Total space held (mmap + non-mmap):         16461824 Byte
20220313 034050.586 INFO             PET0 PIOc_sync Enter - MemInfo: [malloc] Total space used (mmap + non-mmap):         16342640 Byte
20220313 034050.586 INFO             PET0 PIOc_sync Enter - MemInfo: Wall-clock time since execution start:              0.0136515 seconds
20220313 034050.586 INFO             PET0 PIOc_sync Exit - MemInfo: [/proc/meminfo - SSI]	MemTotal:       527077124 kB
20220313 034050.586 INFO             PET0 PIOc_sync Exit - MemInfo: [/proc/meminfo - SSI]	MemFree:        517376436 kB
20220313 034050.586 INFO             PET0 PIOc_sync Exit - MemInfo: [/proc/meminfo - SSI]	MemAvailable:   517818228 kB
20220313 034050.586 INFO             PET0 PIOc_sync Exit - MemInfo: [/proc/meminfo - SSI]	Committed_AS:    1582444 kB
20220313 034050.586 INFO             PET0 PIOc_sync Exit - MemInfo: [/proc/meminfo - SSI]	CommittedPercent: 0.30023 %
20220313 034050.586 INFO             PET0 PIOc_sync Exit - MemInfo: [/proc/self/status]	VmPeak:	  180560 kB
20220313 034050.586 INFO             PET0 PIOc_sync Exit - MemInfo: [/proc/self/status]	VmSize:	  180560 kB
20220313 034050.586 INFO             PET0 PIOc_sync Exit - MemInfo: [/proc/self/status]	VmLck:	       0 kB
20220313 034050.586 INFO             PET0 PIOc_sync Exit - MemInfo: [/proc/self/status]	VmPin:	       0 kB
20220313 034050.586 INFO             PET0 PIOc_sync Exit - MemInfo: [/proc/self/status]	VmHWM:	   41320 kB
20220313 034050.586 INFO             PET0 PIOc_sync Exit - MemInfo: [/proc/self/status]	VmRSS:	   41320 kB
20220313 034050.586 INFO             PET0 PIOc_sync Exit - MemInfo: [/proc/self/status]	VmData:	   20436 kB
20220313 034050.586 INFO             PET0 PIOc_sync Exit - MemInfo: [/proc/self/status]	VmStk:	     156 kB
20220313 034050.586 INFO             PET0 PIOc_sync Exit - MemInfo: [/proc/self/status]	VmExe:	     328 kB
20220313 034050.586 INFO             PET0 PIOc_sync Exit - MemInfo: [/proc/self/status]	VmLib:	  103544 kB
20220313 034050.586 INFO             PET0 PIOc_sync Exit - MemInfo: [/proc/self/status]	VmPTE:	     356 kB
20220313 034050.586 INFO             PET0 PIOc_sync Exit - MemInfo: [/proc/self/status]	VmSwap:	       0 kB
20220313 034050.586 INFO             PET0 PIOc_sync Exit - MemInfo: [/proc/self/status]	VmRSSPercent: 0.00783946 %
20220313 034050.586 INFO             PET0 PIOc_sync Exit - MemInfo: [malloc] Non-mmapped space allocated:                 1179648 Byte
20220313 034050.586 INFO             PET0 PIOc_sync Exit - MemInfo: [malloc] Space allocated in mmapped regions:         15572992 Byte
20220313 034050.586 INFO             PET0 PIOc_sync Exit - MemInfo: [malloc] Maximum total allocated space:                     0 Byte
20220313 034050.586 INFO             PET0 PIOc_sync Exit - MemInfo: [malloc] Space in freed fastbin blocks:                     0 Byte
20220313 034050.586 INFO             PET0 PIOc_sync Exit - MemInfo: [malloc] Total allocated space:                       1119120 Byte
20220313 034050.586 INFO             PET0 PIOc_sync Exit - MemInfo: [malloc] Total free space:                              60528 Byte
20220313 034050.586 INFO             PET0 PIOc_sync Exit - MemInfo: [malloc] Top-most, releasable space:                    60528 Byte
20220313 034050.586 INFO             PET0 PIOc_sync Exit - MemInfo: [malloc] Total space in use, mmap + non-mmap:        16692112 Byte
20220313 034050.586 INFO             PET0 PIOc_sync Exit - MemInfo: [malloc] Total space held (mmap + non-mmap):         16752640 Byte
20220313 034050.586 INFO             PET0 PIOc_sync Exit - MemInfo: [malloc] Total space used (mmap + non-mmap):         16700320 Byte
20220313 034050.586 INFO             PET0 PIOc_sync Exit - MemInfo: Wall-clock time since execution start:               0.014007 seconds
20220313 034050.587 INFO             PET0 PIOc_freedecomp Enter - MemInfo: [/proc/meminfo - SSI]	MemTotal:       527077124 kB
20220313 034050.587 INFO             PET0 PIOc_freedecomp Enter - MemInfo: [/proc/meminfo - SSI]	MemFree:        517382832 kB
20220313 034050.587 INFO             PET0 PIOc_freedecomp Enter - MemInfo: [/proc/meminfo - SSI]	MemAvailable:   517824624 kB
20220313 034050.587 INFO             PET0 PIOc_freedecomp Enter - MemInfo: [/proc/meminfo - SSI]	Committed_AS:    1573732 kB
20220313 034050.587 INFO             PET0 PIOc_freedecomp Enter - MemInfo: [/proc/meminfo - SSI]	CommittedPercent: 0.298577 %
20220313 034050.587 INFO             PET0 PIOc_freedecomp Enter - MemInfo: [/proc/self/status]	VmPeak:	  180560 kB
20220313 034050.587 INFO             PET0 PIOc_freedecomp Enter - MemInfo: [/proc/self/status]	VmSize:	  171848 kB
20220313 034050.587 INFO             PET0 PIOc_freedecomp Enter - MemInfo: [/proc/self/status]	VmLck:	       0 kB
20220313 034050.587 INFO             PET0 PIOc_freedecomp Enter - MemInfo: [/proc/self/status]	VmPin:	       0 kB
20220313 034050.587 INFO             PET0 PIOc_freedecomp Enter - MemInfo: [/proc/self/status]	VmHWM:	   41320 kB
20220313 034050.587 INFO             PET0 PIOc_freedecomp Enter - MemInfo: [/proc/self/status]	VmRSS:	   33416 kB
20220313 034050.587 INFO             PET0 PIOc_freedecomp Enter - MemInfo: [/proc/self/status]	VmData:	   11724 kB
20220313 034050.587 INFO             PET0 PIOc_freedecomp Enter - MemInfo: [/proc/self/status]	VmStk:	     156 kB
20220313 034050.587 INFO             PET0 PIOc_freedecomp Enter - MemInfo: [/proc/self/status]	VmExe:	     328 kB
20220313 034050.587 INFO             PET0 PIOc_freedecomp Enter - MemInfo: [/proc/self/status]	VmLib:	  103544 kB
20220313 034050.587 INFO             PET0 PIOc_freedecomp Enter - MemInfo: [/proc/self/status]	VmPTE:	     344 kB
20220313 034050.587 INFO             PET0 PIOc_freedecomp Enter - MemInfo: [/proc/self/status]	VmSwap:	       0 kB
20220313 034050.587 INFO             PET0 PIOc_freedecomp Enter - MemInfo: [/proc/self/status]	VmRSSPercent: 0.00633987 %
20220313 034050.587 INFO             PET0 PIOc_freedecomp Enter - MemInfo: [malloc] Non-mmapped space allocated:                 1179648 Byte
20220313 034050.587 INFO             PET0 PIOc_freedecomp Enter - MemInfo: [malloc] Space allocated in mmapped regions:          6651904 Byte
20220313 034050.587 INFO             PET0 PIOc_freedecomp Enter - MemInfo: [malloc] Maximum total allocated space:                     0 Byte
20220313 034050.587 INFO             PET0 PIOc_freedecomp Enter - MemInfo: [malloc] Space in freed fastbin blocks:                   304 Byte
20220313 034050.587 INFO             PET0 PIOc_freedecomp Enter - MemInfo: [malloc] Total allocated space:                       1108368 Byte
20220313 034050.587 INFO             PET0 PIOc_freedecomp Enter - MemInfo: [malloc] Total free space:                              71280 Byte
20220313 034050.587 INFO             PET0 PIOc_freedecomp Enter - MemInfo: [malloc] Top-most, releasable space:                    60304 Byte
20220313 034050.587 INFO             PET0 PIOc_freedecomp Enter - MemInfo: [malloc] Total space in use, mmap + non-mmap:         7760272 Byte
20220313 034050.587 INFO             PET0 PIOc_freedecomp Enter - MemInfo: [malloc] Total space held (mmap + non-mmap):          7831552 Byte
20220313 034050.587 INFO             PET0 PIOc_freedecomp Enter - MemInfo: [malloc] Total space used (mmap + non-mmap):          7768480 Byte
20220313 034050.587 INFO             PET0 PIOc_freedecomp Enter - MemInfo: Wall-clock time since execution start:              0.0144802 seconds
20220313 034050.587 INFO             PET0 PIOc_freedecomp Exit - MemInfo: [/proc/meminfo - SSI]	MemTotal:       527077124 kB
20220313 034050.587 INFO             PET0 PIOc_freedecomp Exit - MemInfo: [/proc/meminfo - SSI]	MemFree:        517382832 kB
20220313 034050.587 INFO             PET0 PIOc_freedecomp Exit - MemInfo: [/proc/meminfo - SSI]	MemAvailable:   517824624 kB
20220313 034050.587 INFO             PET0 PIOc_freedecomp Exit - MemInfo: [/proc/meminfo - SSI]	Committed_AS:    1573732 kB
20220313 034050.587 INFO             PET0 PIOc_freedecomp Exit - MemInfo: [/proc/meminfo - SSI]	CommittedPercent: 0.298577 %
20220313 034050.587 INFO             PET0 PIOc_freedecomp Exit - MemInfo: [/proc/self/status]	VmPeak:	  180560 kB
20220313 034050.587 INFO             PET0 PIOc_freedecomp Exit - MemInfo: [/proc/self/status]	VmSize:	  171848 kB
20220313 034050.587 INFO             PET0 PIOc_freedecomp Exit - MemInfo: [/proc/self/status]	VmLck:	       0 kB
20220313 034050.587 INFO             PET0 PIOc_freedecomp Exit - MemInfo: [/proc/self/status]	VmPin:	       0 kB
20220313 034050.587 INFO             PET0 PIOc_freedecomp Exit - MemInfo: [/proc/self/status]	VmHWM:	   41320 kB
20220313 034050.587 INFO             PET0 PIOc_freedecomp Exit - MemInfo: [/proc/self/status]	VmRSS:	   33416 kB
20220313 034050.587 INFO             PET0 PIOc_freedecomp Exit - MemInfo: [/proc/self/status]	VmData:	   11724 kB
20220313 034050.587 INFO             PET0 PIOc_freedecomp Exit - MemInfo: [/proc/self/status]	VmStk:	     156 kB
20220313 034050.587 INFO             PET0 PIOc_freedecomp Exit - MemInfo: [/proc/self/status]	VmExe:	     328 kB
20220313 034050.587 INFO             PET0 PIOc_freedecomp Exit - MemInfo: [/proc/self/status]	VmLib:	  103544 kB
20220313 034050.587 INFO             PET0 PIOc_freedecomp Exit - MemInfo: [/proc/self/status]	VmPTE:	     344 kB
20220313 034050.587 INFO             PET0 PIOc_freedecomp Exit - MemInfo: [/proc/self/status]	VmSwap:	       0 kB
20220313 034050.587 INFO             PET0 PIOc_freedecomp Exit - MemInfo: [/proc/self/status]	VmRSSPercent: 0.00633987 %
20220313 034050.587 INFO             PET0 PIOc_freedecomp Exit - MemInfo: [malloc] Non-mmapped space allocated:                 1179648 Byte
20220313 034050.587 INFO             PET0 PIOc_freedecomp Exit - MemInfo: [malloc] Space allocated in mmapped regions:          6651904 Byte
20220313 034050.587 INFO             PET0 PIOc_freedecomp Exit - MemInfo: [malloc] Maximum total allocated space:                     0 Byte
20220313 034050.587 INFO             PET0 PIOc_freedecomp Exit - MemInfo: [malloc] Space in freed fastbin blocks:                   480 Byte
20220313 034050.587 INFO             PET0 PIOc_freedecomp Exit - MemInfo: [malloc] Total allocated space:                       1106528 Byte
20220313 034050.587 INFO             PET0 PIOc_freedecomp Exit - MemInfo: [malloc] Total free space:                              73120 Byte
20220313 034050.587 INFO             PET0 PIOc_freedecomp Exit - MemInfo: [malloc] Top-most, releasable space:                    60304 Byte
20220313 034050.587 INFO             PET0 PIOc_freedecomp Exit - MemInfo: [malloc] Total space in use, mmap + non-mmap:         7758432 Byte
20220313 034050.587 INFO             PET0 PIOc_freedecomp Exit - MemInfo: [malloc] Total space held (mmap + non-mmap):          7831552 Byte
20220313 034050.587 INFO             PET0 PIOc_freedecomp Exit - MemInfo: [malloc] Total space used (mmap + non-mmap):          7766640 Byte
20220313 034050.587 INFO             PET0 PIOc_freedecomp Exit - MemInfo: Wall-clock time since execution start:              0.0146804 seconds
20220313 034050.588 INFO             PET0 PIOc_sync Enter - MemInfo: [/proc/meminfo - SSI]	MemTotal:       527077124 kB
20220313 034050.588 INFO             PET0 PIOc_sync Enter - MemInfo: [/proc/meminfo - SSI]	MemFree:        517378736 kB
20220313 034050.588 INFO             PET0 PIOc_sync Enter - MemInfo: [/proc/meminfo - SSI]	MemAvailable:   517820528 kB
20220313 034050.588 INFO             PET0 PIOc_sync Enter - MemInfo: [/proc/meminfo - SSI]	Committed_AS:    1582508 kB
20220313 034050.588 INFO             PET0 PIOc_sync Enter - MemInfo: [/proc/meminfo - SSI]	CommittedPercent: 0.300242 %
20220313 034050.588 INFO             PET0 PIOc_sync Enter - MemInfo: [/proc/self/status]	VmPeak:	  180624 kB
20220313 034050.588 INFO             PET0 PIOc_sync Enter - MemInfo: [/proc/self/status]	VmSize:	  180624 kB
20220313 034050.588 INFO             PET0 PIOc_sync Enter - MemInfo: [/proc/self/status]	VmLck:	       0 kB
20220313 034050.588 INFO             PET0 PIOc_sync Enter - MemInfo: [/proc/self/status]	VmPin:	       0 kB
20220313 034050.588 INFO             PET0 PIOc_sync Enter - MemInfo: [/proc/self/status]	VmHWM:	   41320 kB
20220313 034050.588 INFO             PET0 PIOc_sync Enter - MemInfo: [/proc/self/status]	VmRSS:	   38296 kB
20220313 034050.588 INFO             PET0 PIOc_sync Enter - MemInfo: [/proc/self/status]	VmData:	   20500 kB
20220313 034050.588 INFO             PET0 PIOc_sync Enter - MemInfo: [/proc/self/status]	VmStk:	     156 kB
20220313 034050.588 INFO             PET0 PIOc_sync Enter - MemInfo: [/proc/self/status]	VmExe:	     328 kB
20220313 034050.588 INFO             PET0 PIOc_sync Enter - MemInfo: [/proc/self/status]	VmLib:	  103544 kB
20220313 034050.588 INFO             PET0 PIOc_sync Enter - MemInfo: [/proc/self/status]	VmPTE:	     356 kB
20220313 034050.588 INFO             PET0 PIOc_sync Enter - MemInfo: [/proc/self/status]	VmSwap:	       0 kB
20220313 034050.588 INFO             PET0 PIOc_sync Enter - MemInfo: [/proc/self/status]	VmRSSPercent: 0.00726573 %
20220313 034050.588 INFO             PET0 PIOc_sync Enter - MemInfo: [malloc] Non-mmapped space allocated:                10166272 Byte
20220313 034050.588 INFO             PET0 PIOc_sync Enter - MemInfo: [malloc] Space allocated in mmapped regions:          6651904 Byte
20220313 034050.588 INFO             PET0 PIOc_sync Enter - MemInfo: [malloc] Maximum total allocated space:                     0 Byte
20220313 034050.588 INFO             PET0 PIOc_sync Enter - MemInfo: [malloc] Space in freed fastbin blocks:                    64 Byte
20220313 034050.588 INFO             PET0 PIOc_sync Enter - MemInfo: [malloc] Total allocated space:                      10035056 Byte
20220313 034050.588 INFO             PET0 PIOc_sync Enter - MemInfo: [malloc] Total free space:                             131216 Byte
20220313 034050.588 INFO             PET0 PIOc_sync Enter - MemInfo: [malloc] Top-most, releasable space:                   128752 Byte
20220313 034050.588 INFO             PET0 PIOc_sync Enter - MemInfo: [malloc] Total space in use, mmap + non-mmap:        16686960 Byte
20220313 034050.588 INFO             PET0 PIOc_sync Enter - MemInfo: [malloc] Total space held (mmap + non-mmap):         16818176 Byte
20220313 034050.588 INFO             PET0 PIOc_sync Enter - MemInfo: [malloc] Total space used (mmap + non-mmap):         16695280 Byte
20220313 034050.588 INFO             PET0 PIOc_sync Enter - MemInfo: Wall-clock time since execution start:              0.0160927 seconds
20220313 034050.589 INFO             PET0 PIOc_sync Exit - MemInfo: [/proc/meminfo - SSI]	MemTotal:       527077124 kB
20220313 034050.589 INFO             PET0 PIOc_sync Exit - MemInfo: [/proc/meminfo - SSI]	MemFree:        517378736 kB
20220313 034050.589 INFO             PET0 PIOc_sync Exit - MemInfo: [/proc/meminfo - SSI]	MemAvailable:   517820528 kB
20220313 034050.589 INFO             PET0 PIOc_sync Exit - MemInfo: [/proc/meminfo - SSI]	Committed_AS:    1582508 kB
20220313 034050.589 INFO             PET0 PIOc_sync Exit - MemInfo: [/proc/meminfo - SSI]	CommittedPercent: 0.300242 %
20220313 034050.589 INFO             PET0 PIOc_sync Exit - MemInfo: [/proc/self/status]	VmPeak:	  180624 kB
20220313 034050.589 INFO             PET0 PIOc_sync Exit - MemInfo: [/proc/self/status]	VmSize:	  180624 kB
20220313 034050.589 INFO             PET0 PIOc_sync Exit - MemInfo: [/proc/self/status]	VmLck:	       0 kB
20220313 034050.589 INFO             PET0 PIOc_sync Exit - MemInfo: [/proc/self/status]	VmPin:	       0 kB
20220313 034050.589 INFO             PET0 PIOc_sync Exit - MemInfo: [/proc/self/status]	VmHWM:	   41320 kB
20220313 034050.589 INFO             PET0 PIOc_sync Exit - MemInfo: [/proc/self/status]	VmRSS:	   38296 kB
20220313 034050.589 INFO             PET0 PIOc_sync Exit - MemInfo: [/proc/self/status]	VmData:	   20500 kB
20220313 034050.589 INFO             PET0 PIOc_sync Exit - MemInfo: [/proc/self/status]	VmStk:	     156 kB
20220313 034050.589 INFO             PET0 PIOc_sync Exit - MemInfo: [/proc/self/status]	VmExe:	     328 kB
20220313 034050.589 INFO             PET0 PIOc_sync Exit - MemInfo: [/proc/self/status]	VmLib:	  103544 kB
20220313 034050.589 INFO             PET0 PIOc_sync Exit - MemInfo: [/proc/self/status]	VmPTE:	     356 kB
20220313 034050.589 INFO             PET0 PIOc_sync Exit - MemInfo: [/proc/self/status]	VmSwap:	       0 kB
20220313 034050.589 INFO             PET0 PIOc_sync Exit - MemInfo: [/proc/self/status]	VmRSSPercent: 0.00726573 %
20220313 034050.589 INFO             PET0 PIOc_sync Exit - MemInfo: [malloc] Non-mmapped space allocated:                10166272 Byte
20220313 034050.589 INFO             PET0 PIOc_sync Exit - MemInfo: [malloc] Space allocated in mmapped regions:          6651904 Byte
20220313 034050.589 INFO             PET0 PIOc_sync Exit - MemInfo: [malloc] Maximum total allocated space:                     0 Byte
20220313 034050.589 INFO             PET0 PIOc_sync Exit - MemInfo: [malloc] Space in freed fastbin blocks:                     0 Byte
20220313 034050.589 INFO             PET0 PIOc_sync Exit - MemInfo: [malloc] Total allocated space:                      10035952 Byte
20220313 034050.589 INFO             PET0 PIOc_sync Exit - MemInfo: [malloc] Total free space:                             130320 Byte
20220313 034050.589 INFO             PET0 PIOc_sync Exit - MemInfo: [malloc] Top-most, releasable space:                   128528 Byte
20220313 034050.589 INFO             PET0 PIOc_sync Exit - MemInfo: [malloc] Total space in use, mmap + non-mmap:        16687856 Byte
20220313 034050.589 INFO             PET0 PIOc_sync Exit - MemInfo: [malloc] Total space held (mmap + non-mmap):         16818176 Byte
20220313 034050.589 INFO             PET0 PIOc_sync Exit - MemInfo: [malloc] Total space used (mmap + non-mmap):         16696064 Byte
20220313 034050.589 INFO             PET0 PIOc_sync Exit - MemInfo: Wall-clock time since execution start:              0.0163052 seconds
20220313 034050.589 INFO             PET0 PIOc_freedecomp Enter - MemInfo: [/proc/meminfo - SSI]	MemTotal:       527077124 kB
20220313 034050.589 INFO             PET0 PIOc_freedecomp Enter - MemInfo: [/proc/meminfo - SSI]	MemFree:        517379172 kB
20220313 034050.589 INFO             PET0 PIOc_freedecomp Enter - MemInfo: [/proc/meminfo - SSI]	MemAvailable:   517820964 kB
20220313 034050.589 INFO             PET0 PIOc_freedecomp Enter - MemInfo: [/proc/meminfo - SSI]	Committed_AS:    1582508 kB
20220313 034050.589 INFO             PET0 PIOc_freedecomp Enter - MemInfo: [/proc/meminfo - SSI]	CommittedPercent: 0.300242 %
20220313 034050.589 INFO             PET0 PIOc_freedecomp Enter - MemInfo: [/proc/self/status]	VmPeak:	  180624 kB
20220313 034050.589 INFO             PET0 PIOc_freedecomp Enter - MemInfo: [/proc/self/status]	VmSize:	  180624 kB
20220313 034050.589 INFO             PET0 PIOc_freedecomp Enter - MemInfo: [/proc/self/status]	VmLck:	       0 kB
20220313 034050.589 INFO             PET0 PIOc_freedecomp Enter - MemInfo: [/proc/self/status]	VmPin:	       0 kB
20220313 034050.589 INFO             PET0 PIOc_freedecomp Enter - MemInfo: [/proc/self/status]	VmHWM:	   41320 kB
20220313 034050.589 INFO             PET0 PIOc_freedecomp Enter - MemInfo: [/proc/self/status]	VmRSS:	   38296 kB
20220313 034050.589 INFO             PET0 PIOc_freedecomp Enter - MemInfo: [/proc/self/status]	VmData:	   20500 kB
20220313 034050.589 INFO             PET0 PIOc_freedecomp Enter - MemInfo: [/proc/self/status]	VmStk:	     156 kB
20220313 034050.589 INFO             PET0 PIOc_freedecomp Enter - MemInfo: [/proc/self/status]	VmExe:	     328 kB
20220313 034050.589 INFO             PET0 PIOc_freedecomp Enter - MemInfo: [/proc/self/status]	VmLib:	  103544 kB
20220313 034050.589 INFO             PET0 PIOc_freedecomp Enter - MemInfo: [/proc/self/status]	VmPTE:	     356 kB
20220313 034050.589 INFO             PET0 PIOc_freedecomp Enter - MemInfo: [/proc/self/status]	VmSwap:	       0 kB
20220313 034050.589 INFO             PET0 PIOc_freedecomp Enter - MemInfo: [/proc/self/status]	VmRSSPercent: 0.00726573 %
20220313 034050.589 INFO             PET0 PIOc_freedecomp Enter - MemInfo: [malloc] Non-mmapped space allocated:                10166272 Byte
20220313 034050.589 INFO             PET0 PIOc_freedecomp Enter - MemInfo: [malloc] Space allocated in mmapped regions:          6651904 Byte
20220313 034050.589 INFO             PET0 PIOc_freedecomp Enter - MemInfo: [malloc] Maximum total allocated space:                     0 Byte
20220313 034050.589 INFO             PET0 PIOc_freedecomp Enter - MemInfo: [malloc] Space in freed fastbin blocks:                   192 Byte
20220313 034050.589 INFO             PET0 PIOc_freedecomp Enter - MemInfo: [malloc] Total allocated space:                       1111792 Byte
20220313 034050.589 INFO             PET0 PIOc_freedecomp Enter - MemInfo: [malloc] Total free space:                            9054480 Byte
20220313 034050.589 INFO             PET0 PIOc_freedecomp Enter - MemInfo: [malloc] Top-most, releasable space:                   128304 Byte
20220313 034050.589 INFO             PET0 PIOc_freedecomp Enter - MemInfo: [malloc] Total space in use, mmap + non-mmap:         7763696 Byte
20220313 034050.589 INFO             PET0 PIOc_freedecomp Enter - MemInfo: [malloc] Total space held (mmap + non-mmap):         16818176 Byte
20220313 034050.589 INFO             PET0 PIOc_freedecomp Enter - MemInfo: [malloc] Total space used (mmap + non-mmap):          7771904 Byte
20220313 034050.589 INFO             PET0 PIOc_freedecomp Enter - MemInfo: Wall-clock time since execution start:              0.0166186 seconds
20220313 034050.589 INFO             PET0 PIOc_freedecomp Exit - MemInfo: [/proc/meminfo - SSI]	MemTotal:       527077124 kB
20220313 034050.589 INFO             PET0 PIOc_freedecomp Exit - MemInfo: [/proc/meminfo - SSI]	MemFree:        517379172 kB
20220313 034050.589 INFO             PET0 PIOc_freedecomp Exit - MemInfo: [/proc/meminfo - SSI]	MemAvailable:   517820964 kB
20220313 034050.589 INFO             PET0 PIOc_freedecomp Exit - MemInfo: [/proc/meminfo - SSI]	Committed_AS:    1582508 kB
20220313 034050.589 INFO             PET0 PIOc_freedecomp Exit - MemInfo: [/proc/meminfo - SSI]	CommittedPercent: 0.300242 %
20220313 034050.589 INFO             PET0 PIOc_freedecomp Exit - MemInfo: [/proc/self/status]	VmPeak:	  180624 kB
20220313 034050.589 INFO             PET0 PIOc_freedecomp Exit - MemInfo: [/proc/self/status]	VmSize:	  180624 kB
20220313 034050.589 INFO             PET0 PIOc_freedecomp Exit - MemInfo: [/proc/self/status]	VmLck:	       0 kB
20220313 034050.589 INFO             PET0 PIOc_freedecomp Exit - MemInfo: [/proc/self/status]	VmPin:	       0 kB
20220313 034050.589 INFO             PET0 PIOc_freedecomp Exit - MemInfo: [/proc/self/status]	VmHWM:	   41320 kB
20220313 034050.589 INFO             PET0 PIOc_freedecomp Exit - MemInfo: [/proc/self/status]	VmRSS:	   38296 kB
20220313 034050.589 INFO             PET0 PIOc_freedecomp Exit - MemInfo: [/proc/self/status]	VmData:	   20500 kB
20220313 034050.589 INFO             PET0 PIOc_freedecomp Exit - MemInfo: [/proc/self/status]	VmStk:	     156 kB
20220313 034050.589 INFO             PET0 PIOc_freedecomp Exit - MemInfo: [/proc/self/status]	VmExe:	     328 kB
20220313 034050.589 INFO             PET0 PIOc_freedecomp Exit - MemInfo: [/proc/self/status]	VmLib:	  103544 kB
20220313 034050.589 INFO             PET0 PIOc_freedecomp Exit - MemInfo: [/proc/self/status]	VmPTE:	     356 kB
20220313 034050.589 INFO             PET0 PIOc_freedecomp Exit - MemInfo: [/proc/self/status]	VmSwap:	       0 kB
20220313 034050.589 INFO             PET0 PIOc_freedecomp Exit - MemInfo: [/proc/self/status]	VmRSSPercent: 0.00726573 %
20220313 034050.589 INFO             PET0 PIOc_freedecomp Exit - MemInfo: [malloc] Non-mmapped space allocated:                10166272 Byte
20220313 034050.589 INFO             PET0 PIOc_freedecomp Exit - MemInfo: [malloc] Space allocated in mmapped regions:          6651904 Byte
20220313 034050.589 INFO             PET0 PIOc_freedecomp Exit - MemInfo: [malloc] Maximum total allocated space:                     0 Byte
20220313 034050.589 INFO             PET0 PIOc_freedecomp Exit - MemInfo: [malloc] Space in freed fastbin blocks:                   576 Byte
20220313 034050.589 INFO             PET0 PIOc_freedecomp Exit - MemInfo: [malloc] Total allocated space:                       1110160 Byte
20220313 034050.589 INFO             PET0 PIOc_freedecomp Exit - MemInfo: [malloc] Total free space:                            9056112 Byte
20220313 034050.589 INFO             PET0 PIOc_freedecomp Exit - MemInfo: [malloc] Top-most, releasable space:                   128304 Byte
20220313 034050.589 INFO             PET0 PIOc_freedecomp Exit - MemInfo: [malloc] Total space in use, mmap + non-mmap:         7762064 Byte
20220313 034050.589 INFO             PET0 PIOc_freedecomp Exit - MemInfo: [malloc] Total space held (mmap + non-mmap):         16818176 Byte
20220313 034050.589 INFO             PET0 PIOc_freedecomp Exit - MemInfo: [malloc] Total space used (mmap + non-mmap):          7770272 Byte
20220313 034050.589 INFO             PET0 PIOc_freedecomp Exit - MemInfo: Wall-clock time since execution start:              0.0168211 seconds
20220313 034050.590 INFO             PET0 PIOc_sync Enter - MemInfo: [/proc/meminfo - SSI]	MemTotal:       527077124 kB
20220313 034050.590 INFO             PET0 PIOc_sync Enter - MemInfo: [/proc/meminfo - SSI]	MemFree:        517379172 kB
20220313 034050.590 INFO             PET0 PIOc_sync Enter - MemInfo: [/proc/meminfo - SSI]	MemAvailable:   517820964 kB
20220313 034050.590 INFO             PET0 PIOc_sync Enter - MemInfo: [/proc/meminfo - SSI]	Committed_AS:    1582508 kB
20220313 034050.590 INFO             PET0 PIOc_sync Enter - MemInfo: [/proc/meminfo - SSI]	CommittedPercent: 0.300242 %
20220313 034050.590 INFO             PET0 PIOc_sync Enter - MemInfo: [/proc/self/status]	VmPeak:	  180624 kB
20220313 034050.590 INFO             PET0 PIOc_sync Enter - MemInfo: [/proc/self/status]	VmSize:	  180624 kB
20220313 034050.590 INFO             PET0 PIOc_sync Enter - MemInfo: [/proc/self/status]	VmLck:	       0 kB
20220313 034050.590 INFO             PET0 PIOc_sync Enter - MemInfo: [/proc/self/status]	VmPin:	       0 kB
20220313 034050.590 INFO             PET0 PIOc_sync Enter - MemInfo: [/proc/self/status]	VmHWM:	   41320 kB
20220313 034050.590 INFO             PET0 PIOc_sync Enter - MemInfo: [/proc/self/status]	VmRSS:	   38820 kB
20220313 034050.590 INFO             PET0 PIOc_sync Enter - MemInfo: [/proc/self/status]	VmData:	   20500 kB
20220313 034050.590 INFO             PET0 PIOc_sync Enter - MemInfo: [/proc/self/status]	VmStk:	     156 kB
20220313 034050.590 INFO             PET0 PIOc_sync Enter - MemInfo: [/proc/self/status]	VmExe:	     328 kB
20220313 034050.590 INFO             PET0 PIOc_sync Enter - MemInfo: [/proc/self/status]	VmLib:	  103544 kB
20220313 034050.590 INFO             PET0 PIOc_sync Enter - MemInfo: [/proc/self/status]	VmPTE:	     356 kB
20220313 034050.590 INFO             PET0 PIOc_sync Enter - MemInfo: [/proc/self/status]	VmSwap:	       0 kB
20220313 034050.590 INFO             PET0 PIOc_sync Enter - MemInfo: [/proc/self/status]	VmRSSPercent: 0.00736515 %
20220313 034050.590 INFO             PET0 PIOc_sync Enter - MemInfo: [malloc] Non-mmapped space allocated:                10166272 Byte
20220313 034050.590 INFO             PET0 PIOc_sync Enter - MemInfo: [malloc] Space allocated in mmapped regions:          6651904 Byte
20220313 034050.590 INFO             PET0 PIOc_sync Enter - MemInfo: [malloc] Maximum total allocated space:                     0 Byte
20220313 034050.590 INFO             PET0 PIOc_sync Enter - MemInfo: [malloc] Space in freed fastbin blocks:                   208 Byte
20220313 034050.590 INFO             PET0 PIOc_sync Enter - MemInfo: [malloc] Total allocated space:                      10038384 Byte
20220313 034050.590 INFO             PET0 PIOc_sync Enter - MemInfo: [malloc] Total free space:                             127888 Byte
20220313 034050.590 INFO             PET0 PIOc_sync Enter - MemInfo: [malloc] Top-most, releasable space:                   123056 Byte
20220313 034050.590 INFO             PET0 PIOc_sync Enter - MemInfo: [malloc] Total space in use, mmap + non-mmap:        16690288 Byte
20220313 034050.590 INFO             PET0 PIOc_sync Enter - MemInfo: [malloc] Total space held (mmap + non-mmap):         16818176 Byte
20220313 034050.590 INFO             PET0 PIOc_sync Enter - MemInfo: [malloc] Total space used (mmap + non-mmap):         16698608 Byte
20220313 034050.590 INFO             PET0 PIOc_sync Enter - MemInfo: Wall-clock time since execution start:              0.0178969 seconds
20220313 034050.590 INFO             PET0 PIOc_sync Exit - MemInfo: [/proc/meminfo - SSI]	MemTotal:       527077124 kB
20220313 034050.590 INFO             PET0 PIOc_sync Exit - MemInfo: [/proc/meminfo - SSI]	MemFree:        517379172 kB
20220313 034050.590 INFO             PET0 PIOc_sync Exit - MemInfo: [/proc/meminfo - SSI]	MemAvailable:   517820964 kB
20220313 034050.590 INFO             PET0 PIOc_sync Exit - MemInfo: [/proc/meminfo - SSI]	Committed_AS:    1582508 kB
20220313 034050.590 INFO             PET0 PIOc_sync Exit - MemInfo: [/proc/meminfo - SSI]	CommittedPercent: 0.300242 %
20220313 034050.590 INFO             PET0 PIOc_sync Exit - MemInfo: [/proc/self/status]	VmPeak:	  180624 kB
20220313 034050.590 INFO             PET0 PIOc_sync Exit - MemInfo: [/proc/self/status]	VmSize:	  180624 kB
20220313 034050.590 INFO             PET0 PIOc_sync Exit - MemInfo: [/proc/self/status]	VmLck:	       0 kB
20220313 034050.590 INFO             PET0 PIOc_sync Exit - MemInfo: [/proc/self/status]	VmPin:	       0 kB
20220313 034050.590 INFO             PET0 PIOc_sync Exit - MemInfo: [/proc/self/status]	VmHWM:	   41320 kB
20220313 034050.590 INFO             PET0 PIOc_sync Exit - MemInfo: [/proc/self/status]	VmRSS:	   38820 kB
20220313 034050.590 INFO             PET0 PIOc_sync Exit - MemInfo: [/proc/self/status]	VmData:	   20500 kB
20220313 034050.590 INFO             PET0 PIOc_sync Exit - MemInfo: [/proc/self/status]	VmStk:	     156 kB
20220313 034050.590 INFO             PET0 PIOc_sync Exit - MemInfo: [/proc/self/status]	VmExe:	     328 kB
20220313 034050.590 INFO             PET0 PIOc_sync Exit - MemInfo: [/proc/self/status]	VmLib:	  103544 kB
20220313 034050.590 INFO             PET0 PIOc_sync Exit - MemInfo: [/proc/self/status]	VmPTE:	     356 kB
20220313 034050.590 INFO             PET0 PIOc_sync Exit - MemInfo: [/proc/self/status]	VmSwap:	       0 kB
20220313 034050.590 INFO             PET0 PIOc_sync Exit - MemInfo: [/proc/self/status]	VmRSSPercent: 0.00736515 %
20220313 034050.590 INFO             PET0 PIOc_sync Exit - MemInfo: [malloc] Non-mmapped space allocated:                10166272 Byte
20220313 034050.590 INFO             PET0 PIOc_sync Exit - MemInfo: [malloc] Space allocated in mmapped regions:          6651904 Byte
20220313 034050.590 INFO             PET0 PIOc_sync Exit - MemInfo: [malloc] Maximum total allocated space:                     0 Byte
20220313 034050.590 INFO             PET0 PIOc_sync Exit - MemInfo: [malloc] Space in freed fastbin blocks:                     0 Byte
20220313 034050.590 INFO             PET0 PIOc_sync Exit - MemInfo: [malloc] Total allocated space:                      10038496 Byte
20220313 034050.590 INFO             PET0 PIOc_sync Exit - MemInfo: [malloc] Total free space:                             127776 Byte
20220313 034050.590 INFO             PET0 PIOc_sync Exit - MemInfo: [malloc] Top-most, releasable space:                   122832 Byte
20220313 034050.590 INFO             PET0 PIOc_sync Exit - MemInfo: [malloc] Total space in use, mmap + non-mmap:        16690400 Byte
20220313 034050.590 INFO             PET0 PIOc_sync Exit - MemInfo: [malloc] Total space held (mmap + non-mmap):         16818176 Byte
20220313 034050.591 INFO             PET0 PIOc_sync Exit - MemInfo: [malloc] Total space used (mmap + non-mmap):         16698608 Byte
20220313 034050.591 INFO             PET0 PIOc_sync Exit - MemInfo: Wall-clock time since execution start:              0.0181207 seconds
20220313 034050.591 INFO             PET0 PIOc_freedecomp Enter - MemInfo: [/proc/meminfo - SSI]	MemTotal:       527077124 kB
20220313 034050.591 INFO             PET0 PIOc_freedecomp Enter - MemInfo: [/proc/meminfo - SSI]	MemFree:        517379172 kB
20220313 034050.591 INFO             PET0 PIOc_freedecomp Enter - MemInfo: [/proc/meminfo - SSI]	MemAvailable:   517820964 kB
20220313 034050.591 INFO             PET0 PIOc_freedecomp Enter - MemInfo: [/proc/meminfo - SSI]	Committed_AS:    1582508 kB
20220313 034050.591 INFO             PET0 PIOc_freedecomp Enter - MemInfo: [/proc/meminfo - SSI]	CommittedPercent: 0.300242 %
20220313 034050.591 INFO             PET0 PIOc_freedecomp Enter - MemInfo: [/proc/self/status]	VmPeak:	  180624 kB
20220313 034050.591 INFO             PET0 PIOc_freedecomp Enter - MemInfo: [/proc/self/status]	VmSize:	  180624 kB
20220313 034050.591 INFO             PET0 PIOc_freedecomp Enter - MemInfo: [/proc/self/status]	VmLck:	       0 kB
20220313 034050.591 INFO             PET0 PIOc_freedecomp Enter - MemInfo: [/proc/self/status]	VmPin:	       0 kB
20220313 034050.591 INFO             PET0 PIOc_freedecomp Enter - MemInfo: [/proc/self/status]	VmHWM:	   41320 kB
20220313 034050.591 INFO             PET0 PIOc_freedecomp Enter - MemInfo: [/proc/self/status]	VmRSS:	   38820 kB
20220313 034050.591 INFO             PET0 PIOc_freedecomp Enter - MemInfo: [/proc/self/status]	VmData:	   20500 kB
20220313 034050.591 INFO             PET0 PIOc_freedecomp Enter - MemInfo: [/proc/self/status]	VmStk:	     156 kB
20220313 034050.591 INFO             PET0 PIOc_freedecomp Enter - MemInfo: [/proc/self/status]	VmExe:	     328 kB
20220313 034050.591 INFO             PET0 PIOc_freedecomp Enter - MemInfo: [/proc/self/status]	VmLib:	  103544 kB
20220313 034050.591 INFO             PET0 PIOc_freedecomp Enter - MemInfo: [/proc/self/status]	VmPTE:	     356 kB
20220313 034050.591 INFO             PET0 PIOc_freedecomp Enter - MemInfo: [/proc/self/status]	VmSwap:	       0 kB
20220313 034050.591 INFO             PET0 PIOc_freedecomp Enter - MemInfo: [/proc/self/status]	VmRSSPercent: 0.00736515 %
20220313 034050.591 INFO             PET0 PIOc_freedecomp Enter - MemInfo: [malloc] Non-mmapped space allocated:                10166272 Byte
20220313 034050.591 INFO             PET0 PIOc_freedecomp Enter - MemInfo: [malloc] Space allocated in mmapped regions:          6651904 Byte
20220313 034050.591 INFO             PET0 PIOc_freedecomp Enter - MemInfo: [malloc] Maximum total allocated space:                     0 Byte
20220313 034050.591 INFO             PET0 PIOc_freedecomp Enter - MemInfo: [malloc] Space in freed fastbin blocks:                   144 Byte
20220313 034050.591 INFO             PET0 PIOc_freedecomp Enter - MemInfo: [malloc] Total allocated space:                       1113728 Byte
20220313 034050.591 INFO             PET0 PIOc_freedecomp Enter - MemInfo: [malloc] Total free space:                            9052544 Byte
20220313 034050.591 INFO             PET0 PIOc_freedecomp Enter - MemInfo: [malloc] Top-most, releasable space:                   122608 Byte
20220313 034050.591 INFO             PET0 PIOc_freedecomp Enter - MemInfo: [malloc] Total space in use, mmap + non-mmap:         7765632 Byte
20220313 034050.591 INFO             PET0 PIOc_freedecomp Enter - MemInfo: [malloc] Total space held (mmap + non-mmap):         16818176 Byte
20220313 034050.591 INFO             PET0 PIOc_freedecomp Enter - MemInfo: [malloc] Total space used (mmap + non-mmap):          7773840 Byte
20220313 034050.591 INFO             PET0 PIOc_freedecomp Enter - MemInfo: Wall-clock time since execution start:              0.0184118 seconds
20220313 034050.591 INFO             PET0 PIOc_freedecomp Exit - MemInfo: [/proc/meminfo - SSI]	MemTotal:       527077124 kB
20220313 034050.591 INFO             PET0 PIOc_freedecomp Exit - MemInfo: [/proc/meminfo - SSI]	MemFree:        517379172 kB
20220313 034050.591 INFO             PET0 PIOc_freedecomp Exit - MemInfo: [/proc/meminfo - SSI]	MemAvailable:   517820964 kB
20220313 034050.591 INFO             PET0 PIOc_freedecomp Exit - MemInfo: [/proc/meminfo - SSI]	Committed_AS:    1582508 kB
20220313 034050.591 INFO             PET0 PIOc_freedecomp Exit - MemInfo: [/proc/meminfo - SSI]	CommittedPercent: 0.300242 %
20220313 034050.591 INFO             PET0 PIOc_freedecomp Exit - MemInfo: [/proc/self/status]	VmPeak:	  180624 kB
20220313 034050.591 INFO             PET0 PIOc_freedecomp Exit - MemInfo: [/proc/self/status]	VmSize:	  180624 kB
20220313 034050.591 INFO             PET0 PIOc_freedecomp Exit - MemInfo: [/proc/self/status]	VmLck:	       0 kB
20220313 034050.591 INFO             PET0 PIOc_freedecomp Exit - MemInfo: [/proc/self/status]	VmPin:	       0 kB
20220313 034050.591 INFO             PET0 PIOc_freedecomp Exit - MemInfo: [/proc/self/status]	VmHWM:	   41320 kB
20220313 034050.591 INFO             PET0 PIOc_freedecomp Exit - MemInfo: [/proc/self/status]	VmRSS:	   38820 kB
20220313 034050.591 INFO             PET0 PIOc_freedecomp Exit - MemInfo: [/proc/self/status]	VmData:	   20500 kB
20220313 034050.591 INFO             PET0 PIOc_freedecomp Exit - MemInfo: [/proc/self/status]	VmStk:	     156 kB
20220313 034050.591 INFO             PET0 PIOc_freedecomp Exit - MemInfo: [/proc/self/status]	VmExe:	     328 kB
20220313 034050.591 INFO             PET0 PIOc_freedecomp Exit - MemInfo: [/proc/self/status]	VmLib:	  103544 kB
20220313 034050.591 INFO             PET0 PIOc_freedecomp Exit - MemInfo: [/proc/self/status]	VmPTE:	     356 kB
20220313 034050.591 INFO             PET0 PIOc_freedecomp Exit - MemInfo: [/proc/self/status]	VmSwap:	       0 kB
20220313 034050.591 INFO             PET0 PIOc_freedecomp Exit - MemInfo: [/proc/self/status]	VmRSSPercent: 0.00736515 %
20220313 034050.591 INFO             PET0 PIOc_freedecomp Exit - MemInfo: [malloc] Non-mmapped space allocated:                10166272 Byte
20220313 034050.591 INFO             PET0 PIOc_freedecomp Exit - MemInfo: [malloc] Space allocated in mmapped regions:          6651904 Byte
20220313 034050.591 INFO             PET0 PIOc_freedecomp Exit - MemInfo: [malloc] Maximum total allocated space:                     0 Byte
20220313 034050.591 INFO             PET0 PIOc_freedecomp Exit - MemInfo: [malloc] Space in freed fastbin blocks:                   480 Byte
20220313 034050.591 INFO             PET0 PIOc_freedecomp Exit - MemInfo: [malloc] Total allocated space:                       1112192 Byte
20220313 034050.591 INFO             PET0 PIOc_freedecomp Exit - MemInfo: [malloc] Total free space:                            9054080 Byte
20220313 034050.591 INFO             PET0 PIOc_freedecomp Exit - MemInfo: [malloc] Top-most, releasable space:                   128304 Byte
20220313 034050.591 INFO             PET0 PIOc_freedecomp Exit - MemInfo: [malloc] Total space in use, mmap + non-mmap:         7764096 Byte
20220313 034050.591 INFO             PET0 PIOc_freedecomp Exit - MemInfo: [malloc] Total space held (mmap + non-mmap):         16818176 Byte
20220313 034050.591 INFO             PET0 PIOc_freedecomp Exit - MemInfo: [malloc] Total space used (mmap + non-mmap):          7772304 Byte
20220313 034050.591 INFO             PET0 PIOc_freedecomp Exit - MemInfo: Wall-clock time since execution start:              0.0186121 seconds
20220313 034050.591 INFO             PET0 PASS Create an ESMC_RouteHandle via ESMC_FieldRegridStore(), ESMC_FieldRegridUTest.C, line 367
20220313 034050.591 INFO             PET0 PASS Execute ESMC_FieldRegrid(), ESMC_FieldRegridUTest.C, line 375
20220313 034050.593 INFO             PET0 PIOc_sync Enter - MemInfo: [/proc/meminfo - SSI]	MemTotal:       527077124 kB
20220313 034050.593 INFO             PET0 PIOc_sync Enter - MemInfo: [/proc/meminfo - SSI]	MemFree:        517371264 kB
20220313 034050.593 INFO             PET0 PIOc_sync Enter - MemInfo: [/proc/meminfo - SSI]	MemAvailable:   517813056 kB
20220313 034050.593 INFO             PET0 PIOc_sync Enter - MemInfo: [/proc/meminfo - SSI]	Committed_AS:    1590704 kB
20220313 034050.593 INFO             PET0 PIOc_sync Enter - MemInfo: [/proc/meminfo - SSI]	CommittedPercent: 0.301797 %
20220313 034050.593 INFO             PET0 PIOc_sync Enter - MemInfo: [/proc/self/status]	VmPeak:	  188820 kB
20220313 034050.593 INFO             PET0 PIOc_sync Enter - MemInfo: [/proc/self/status]	VmSize:	  188820 kB
20220313 034050.593 INFO             PET0 PIOc_sync Enter - MemInfo: [/proc/self/status]	VmLck:	       0 kB
20220313 034050.593 INFO             PET0 PIOc_sync Enter - MemInfo: [/proc/self/status]	VmPin:	       0 kB
20220313 034050.593 INFO             PET0 PIOc_sync Enter - MemInfo: [/proc/self/status]	VmHWM:	   47064 kB
20220313 034050.593 INFO             PET0 PIOc_sync Enter - MemInfo: [/proc/self/status]	VmRSS:	   47064 kB
20220313 034050.593 INFO             PET0 PIOc_sync Enter - MemInfo: [/proc/self/status]	VmData:	   28696 kB
20220313 034050.593 INFO             PET0 PIOc_sync Enter - MemInfo: [/proc/self/status]	VmStk:	     156 kB
20220313 034050.593 INFO             PET0 PIOc_sync Enter - MemInfo: [/proc/self/status]	VmExe:	     328 kB
20220313 034050.593 INFO             PET0 PIOc_sync Enter - MemInfo: [/proc/self/status]	VmLib:	  103544 kB
20220313 034050.593 INFO             PET0 PIOc_sync Enter - MemInfo: [/proc/self/status]	VmPTE:	     372 kB
20220313 034050.593 INFO             PET0 PIOc_sync Enter - MemInfo: [/proc/self/status]	VmSwap:	       0 kB
20220313 034050.593 INFO             PET0 PIOc_sync Enter - MemInfo: [/proc/self/status]	VmRSSPercent: 0.00892924 %
20220313 034050.593 INFO             PET0 PIOc_sync Enter - MemInfo: [malloc] Non-mmapped space allocated:                18558976 Byte
20220313 034050.593 INFO             PET0 PIOc_sync Enter - MemInfo: [malloc] Space allocated in mmapped regions:          6651904 Byte
20220313 034050.593 INFO             PET0 PIOc_sync Enter - MemInfo: [malloc] Maximum total allocated space:                     0 Byte
20220313 034050.593 INFO             PET0 PIOc_sync Enter - MemInfo: [malloc] Space in freed fastbin blocks:                     0 Byte
20220313 034050.593 INFO             PET0 PIOc_sync Enter - MemInfo: [malloc] Total allocated space:                      10045104 Byte
20220313 034050.593 INFO             PET0 PIOc_sync Enter - MemInfo: [malloc] Total free space:                            8513872 Byte
20220313 034050.593 INFO             PET0 PIOc_sync Enter - MemInfo: [malloc] Top-most, releasable space:                   132384 Byte
20220313 034050.593 INFO             PET0 PIOc_sync Enter - MemInfo: [malloc] Total space in use, mmap + non-mmap:        16697008 Byte
20220313 034050.593 INFO             PET0 PIOc_sync Enter - MemInfo: [malloc] Total space held (mmap + non-mmap):         25210880 Byte
20220313 034050.593 INFO             PET0 PIOc_sync Enter - MemInfo: [malloc] Total space used (mmap + non-mmap):         16705216 Byte
20220313 034050.593 INFO             PET0 PIOc_sync Enter - MemInfo: Wall-clock time since execution start:              0.0209185 seconds
20220313 034050.593 INFO             PET0 PIOc_sync Exit - MemInfo: [/proc/meminfo - SSI]	MemTotal:       527077124 kB
20220313 034050.593 INFO             PET0 PIOc_sync Exit - MemInfo: [/proc/meminfo - SSI]	MemFree:        517371264 kB
20220313 034050.593 INFO             PET0 PIOc_sync Exit - MemInfo: [/proc/meminfo - SSI]	MemAvailable:   517813056 kB
20220313 034050.593 INFO             PET0 PIOc_sync Exit - MemInfo: [/proc/meminfo - SSI]	Committed_AS:    1590704 kB
20220313 034050.593 INFO             PET0 PIOc_sync Exit - MemInfo: [/proc/meminfo - SSI]	CommittedPercent: 0.301797 %
20220313 034050.593 INFO             PET0 PIOc_sync Exit - MemInfo: [/proc/self/status]	VmPeak:	  188820 kB
20220313 034050.593 INFO             PET0 PIOc_sync Exit - MemInfo: [/proc/self/status]	VmSize:	  188820 kB
20220313 034050.593 INFO             PET0 PIOc_sync Exit - MemInfo: [/proc/self/status]	VmLck:	       0 kB
20220313 034050.593 INFO             PET0 PIOc_sync Exit - MemInfo: [/proc/self/status]	VmPin:	       0 kB
20220313 034050.593 INFO             PET0 PIOc_sync Exit - MemInfo: [/proc/self/status]	VmHWM:	   47064 kB
20220313 034050.593 INFO             PET0 PIOc_sync Exit - MemInfo: [/proc/self/status]	VmRSS:	   47064 kB
20220313 034050.593 INFO             PET0 PIOc_sync Exit - MemInfo: [/proc/self/status]	VmData:	   28696 kB
20220313 034050.593 INFO             PET0 PIOc_sync Exit - MemInfo: [/proc/self/status]	VmStk:	     156 kB
20220313 034050.593 INFO             PET0 PIOc_sync Exit - MemInfo: [/proc/self/status]	VmExe:	     328 kB
20220313 034050.593 INFO             PET0 PIOc_sync Exit - MemInfo: [/proc/self/status]	VmLib:	  103544 kB
20220313 034050.593 INFO             PET0 PIOc_sync Exit - MemInfo: [/proc/self/status]	VmPTE:	     372 kB
20220313 034050.593 INFO             PET0 PIOc_sync Exit - MemInfo: [/proc/self/status]	VmSwap:	       0 kB
20220313 034050.593 INFO             PET0 PIOc_sync Exit - MemInfo: [/proc/self/status]	VmRSSPercent: 0.00892924 %
20220313 034050.593 INFO             PET0 PIOc_sync Exit - MemInfo: [malloc] Non-mmapped space allocated:                18558976 Byte
20220313 034050.593 INFO             PET0 PIOc_sync Exit - MemInfo: [malloc] Space allocated in mmapped regions:          6651904 Byte
20220313 034050.593 INFO             PET0 PIOc_sync Exit - MemInfo: [malloc] Maximum total allocated space:                     0 Byte
20220313 034050.593 INFO             PET0 PIOc_sync Exit - MemInfo: [malloc] Space in freed fastbin blocks:                     0 Byte
20220313 034050.593 INFO             PET0 PIOc_sync Exit - MemInfo: [malloc] Total allocated space:                      10045520 Byte
20220313 034050.593 INFO             PET0 PIOc_sync Exit - MemInfo: [malloc] Total free space:                            8513456 Byte
20220313 034050.593 INFO             PET0 PIOc_sync Exit - MemInfo: [malloc] Top-most, releasable space:                   132384 Byte
20220313 034050.593 INFO             PET0 PIOc_sync Exit - MemInfo: [malloc] Total space in use, mmap + non-mmap:        16697424 Byte
20220313 034050.594 INFO             PET0 PIOc_sync Exit - MemInfo: [malloc] Total space held (mmap + non-mmap):         25210880 Byte
20220313 034050.594 INFO             PET0 PIOc_sync Exit - MemInfo: [malloc] Total space used (mmap + non-mmap):         16705632 Byte
20220313 034050.594 INFO             PET0 PIOc_sync Exit - MemInfo: Wall-clock time since execution start:              0.0211455 seconds
20220313 034050.594 INFO             PET0 PIOc_freedecomp Enter - MemInfo: [/proc/meminfo - SSI]	MemTotal:       527077124 kB
20220313 034050.594 INFO             PET0 PIOc_freedecomp Enter - MemInfo: [/proc/meminfo - SSI]	MemFree:        517371264 kB
20220313 034050.594 INFO             PET0 PIOc_freedecomp Enter - MemInfo: [/proc/meminfo - SSI]	MemAvailable:   517813056 kB
20220313 034050.594 INFO             PET0 PIOc_freedecomp Enter - MemInfo: [/proc/meminfo - SSI]	Committed_AS:    1590704 kB
20220313 034050.594 INFO             PET0 PIOc_freedecomp Enter - MemInfo: [/proc/meminfo - SSI]	CommittedPercent: 0.301797 %
20220313 034050.594 INFO             PET0 PIOc_freedecomp Enter - MemInfo: [/proc/self/status]	VmPeak:	  188820 kB
20220313 034050.594 INFO             PET0 PIOc_freedecomp Enter - MemInfo: [/proc/self/status]	VmSize:	  188820 kB
20220313 034050.594 INFO             PET0 PIOc_freedecomp Enter - MemInfo: [/proc/self/status]	VmLck:	       0 kB
20220313 034050.594 INFO             PET0 PIOc_freedecomp Enter - MemInfo: [/proc/self/status]	VmPin:	       0 kB
20220313 034050.594 INFO             PET0 PIOc_freedecomp Enter - MemInfo: [/proc/self/status]	VmHWM:	   47064 kB
20220313 034050.594 INFO             PET0 PIOc_freedecomp Enter - MemInfo: [/proc/self/status]	VmRSS:	   47064 kB
20220313 034050.594 INFO             PET0 PIOc_freedecomp Enter - MemInfo: [/proc/self/status]	VmData:	   28696 kB
20220313 034050.594 INFO             PET0 PIOc_freedecomp Enter - MemInfo: [/proc/self/status]	VmStk:	     156 kB
20220313 034050.594 INFO             PET0 PIOc_freedecomp Enter - MemInfo: [/proc/self/status]	VmExe:	     328 kB
20220313 034050.594 INFO             PET0 PIOc_freedecomp Enter - MemInfo: [/proc/self/status]	VmLib:	  103544 kB
20220313 034050.594 INFO             PET0 PIOc_freedecomp Enter - MemInfo: [/proc/self/status]	VmPTE:	     372 kB
20220313 034050.594 INFO             PET0 PIOc_freedecomp Enter - MemInfo: [/proc/self/status]	VmSwap:	       0 kB
20220313 034050.594 INFO             PET0 PIOc_freedecomp Enter - MemInfo: [/proc/self/status]	VmRSSPercent: 0.00892924 %
20220313 034050.594 INFO             PET0 PIOc_freedecomp Enter - MemInfo: [malloc] Non-mmapped space allocated:                18558976 Byte
20220313 034050.594 INFO             PET0 PIOc_freedecomp Enter - MemInfo: [malloc] Space allocated in mmapped regions:          6651904 Byte
20220313 034050.594 INFO             PET0 PIOc_freedecomp Enter - MemInfo: [malloc] Maximum total allocated space:                     0 Byte
20220313 034050.594 INFO             PET0 PIOc_freedecomp Enter - MemInfo: [malloc] Space in freed fastbin blocks:                   192 Byte
20220313 034050.594 INFO             PET0 PIOc_freedecomp Enter - MemInfo: [malloc] Total allocated space:                       1121168 Byte
20220313 034050.594 INFO             PET0 PIOc_freedecomp Enter - MemInfo: [malloc] Total free space:                           17437808 Byte
20220313 034050.594 INFO             PET0 PIOc_freedecomp Enter - MemInfo: [malloc] Top-most, releasable space:                  8521008 Byte
20220313 034050.594 INFO             PET0 PIOc_freedecomp Enter - MemInfo: [malloc] Total space in use, mmap + non-mmap:         7773072 Byte
20220313 034050.594 INFO             PET0 PIOc_freedecomp Enter - MemInfo: [malloc] Total space held (mmap + non-mmap):         25210880 Byte
20220313 034050.594 INFO             PET0 PIOc_freedecomp Enter - MemInfo: [malloc] Total space used (mmap + non-mmap):          7781280 Byte
20220313 034050.594 INFO             PET0 PIOc_freedecomp Enter - MemInfo: Wall-clock time since execution start:               0.021459 seconds
20220313 034050.594 INFO             PET0 PIOc_freedecomp Exit - MemInfo: [/proc/meminfo - SSI]	MemTotal:       527077124 kB
20220313 034050.594 INFO             PET0 PIOc_freedecomp Exit - MemInfo: [/proc/meminfo - SSI]	MemFree:        517371264 kB
20220313 034050.594 INFO             PET0 PIOc_freedecomp Exit - MemInfo: [/proc/meminfo - SSI]	MemAvailable:   517813056 kB
20220313 034050.594 INFO             PET0 PIOc_freedecomp Exit - MemInfo: [/proc/meminfo - SSI]	Committed_AS:    1590704 kB
20220313 034050.594 INFO             PET0 PIOc_freedecomp Exit - MemInfo: [/proc/meminfo - SSI]	CommittedPercent: 0.301797 %
20220313 034050.594 INFO             PET0 PIOc_freedecomp Exit - MemInfo: [/proc/self/status]	VmPeak:	  188820 kB
20220313 034050.594 INFO             PET0 PIOc_freedecomp Exit - MemInfo: [/proc/self/status]	VmSize:	  188820 kB
20220313 034050.594 INFO             PET0 PIOc_freedecomp Exit - MemInfo: [/proc/self/status]	VmLck:	       0 kB
20220313 034050.594 INFO             PET0 PIOc_freedecomp Exit - MemInfo: [/proc/self/status]	VmPin:	       0 kB
20220313 034050.594 INFO             PET0 PIOc_freedecomp Exit - MemInfo: [/proc/self/status]	VmHWM:	   47064 kB
20220313 034050.594 INFO             PET0 PIOc_freedecomp Exit - MemInfo: [/proc/self/status]	VmRSS:	   47064 kB
20220313 034050.594 INFO             PET0 PIOc_freedecomp Exit - MemInfo: [/proc/self/status]	VmData:	   28696 kB
20220313 034050.594 INFO             PET0 PIOc_freedecomp Exit - MemInfo: [/proc/self/status]	VmStk:	     156 kB
20220313 034050.594 INFO             PET0 PIOc_freedecomp Exit - MemInfo: [/proc/self/status]	VmExe:	     328 kB
20220313 034050.594 INFO             PET0 PIOc_freedecomp Exit - MemInfo: [/proc/self/status]	VmLib:	  103544 kB
20220313 034050.594 INFO             PET0 PIOc_freedecomp Exit - MemInfo: [/proc/self/status]	VmPTE:	     372 kB
20220313 034050.594 INFO             PET0 PIOc_freedecomp Exit - MemInfo: [/proc/self/status]	VmSwap:	       0 kB
20220313 034050.594 INFO             PET0 PIOc_freedecomp Exit - MemInfo: [/proc/self/status]	VmRSSPercent: 0.00892924 %
20220313 034050.594 INFO             PET0 PIOc_freedecomp Exit - MemInfo: [malloc] Non-mmapped space allocated:                18558976 Byte
20220313 034050.594 INFO             PET0 PIOc_freedecomp Exit - MemInfo: [malloc] Space allocated in mmapped regions:          6651904 Byte
20220313 034050.594 INFO             PET0 PIOc_freedecomp Exit - MemInfo: [malloc] Maximum total allocated space:                     0 Byte
20220313 034050.594 INFO             PET0 PIOc_freedecomp Exit - MemInfo: [malloc] Space in freed fastbin blocks:                   592 Byte
20220313 034050.594 INFO             PET0 PIOc_freedecomp Exit - MemInfo: [malloc] Total allocated space:                       1120576 Byte
20220313 034050.594 INFO             PET0 PIOc_freedecomp Exit - MemInfo: [malloc] Total free space:                           17438400 Byte
20220313 034050.594 INFO             PET0 PIOc_freedecomp Exit - MemInfo: [malloc] Top-most, releasable space:                  8521008 Byte
20220313 034050.594 INFO             PET0 PIOc_freedecomp Exit - MemInfo: [malloc] Total space in use, mmap + non-mmap:         7772480 Byte
20220313 034050.594 INFO             PET0 PIOc_freedecomp Exit - MemInfo: [malloc] Total space held (mmap + non-mmap):         25210880 Byte
20220313 034050.594 INFO             PET0 PIOc_freedecomp Exit - MemInfo: [malloc] Total space used (mmap + non-mmap):          7780688 Byte
20220313 034050.594 INFO             PET0 PIOc_freedecomp Exit - MemInfo: Wall-clock time since execution start:              0.0216623 seconds
20220313 034050.595 INFO             PET0 PIOc_sync Enter - MemInfo: [/proc/meminfo - SSI]	MemTotal:       527077124 kB
20220313 034050.595 INFO             PET0 PIOc_sync Enter - MemInfo: [/proc/meminfo - SSI]	MemFree:        517371264 kB
20220313 034050.595 INFO             PET0 PIOc_sync Enter - MemInfo: [/proc/meminfo - SSI]	MemAvailable:   517813056 kB
20220313 034050.595 INFO             PET0 PIOc_sync Enter - MemInfo: [/proc/meminfo - SSI]	Committed_AS:    1590704 kB
20220313 034050.595 INFO             PET0 PIOc_sync Enter - MemInfo: [/proc/meminfo - SSI]	CommittedPercent: 0.301797 %
20220313 034050.595 INFO             PET0 PIOc_sync Enter - MemInfo: [/proc/self/status]	VmPeak:	  188820 kB
20220313 034050.595 INFO             PET0 PIOc_sync Enter - MemInfo: [/proc/self/status]	VmSize:	  188820 kB
20220313 034050.595 INFO             PET0 PIOc_sync Enter - MemInfo: [/proc/self/status]	VmLck:	       0 kB
20220313 034050.595 INFO             PET0 PIOc_sync Enter - MemInfo: [/proc/self/status]	VmPin:	       0 kB
20220313 034050.595 INFO             PET0 PIOc_sync Enter - MemInfo: [/proc/self/status]	VmHWM:	   47064 kB
20220313 034050.595 INFO             PET0 PIOc_sync Enter - MemInfo: [/proc/self/status]	VmRSS:	   47064 kB
20220313 034050.595 INFO             PET0 PIOc_sync Enter - MemInfo: [/proc/self/status]	VmData:	   28696 kB
20220313 034050.595 INFO             PET0 PIOc_sync Enter - MemInfo: [/proc/self/status]	VmStk:	     156 kB
20220313 034050.595 INFO             PET0 PIOc_sync Enter - MemInfo: [/proc/self/status]	VmExe:	     328 kB
20220313 034050.595 INFO             PET0 PIOc_sync Enter - MemInfo: [/proc/self/status]	VmLib:	  103544 kB
20220313 034050.595 INFO             PET0 PIOc_sync Enter - MemInfo: [/proc/self/status]	VmPTE:	     372 kB
20220313 034050.595 INFO             PET0 PIOc_sync Enter - MemInfo: [/proc/self/status]	VmSwap:	       0 kB
20220313 034050.595 INFO             PET0 PIOc_sync Enter - MemInfo: [/proc/self/status]	VmRSSPercent: 0.00892924 %
20220313 034050.595 INFO             PET0 PIOc_sync Enter - MemInfo: [malloc] Non-mmapped space allocated:                18558976 Byte
20220313 034050.595 INFO             PET0 PIOc_sync Enter - MemInfo: [malloc] Space allocated in mmapped regions:          6651904 Byte
20220313 034050.595 INFO             PET0 PIOc_sync Enter - MemInfo: [malloc] Maximum total allocated space:                     0 Byte
20220313 034050.595 INFO             PET0 PIOc_sync Enter - MemInfo: [malloc] Space in freed fastbin blocks:                   384 Byte
20220313 034050.595 INFO             PET0 PIOc_sync Enter - MemInfo: [malloc] Total allocated space:                      10046880 Byte
20220313 034050.595 INFO             PET0 PIOc_sync Enter - MemInfo: [malloc] Total free space:                            8512096 Byte
20220313 034050.595 INFO             PET0 PIOc_sync Enter - MemInfo: [malloc] Top-most, releasable space:                   132384 Byte
20220313 034050.595 INFO             PET0 PIOc_sync Enter - MemInfo: [malloc] Total space in use, mmap + non-mmap:        16698784 Byte
20220313 034050.595 INFO             PET0 PIOc_sync Enter - MemInfo: [malloc] Total space held (mmap + non-mmap):         25210880 Byte
20220313 034050.595 INFO             PET0 PIOc_sync Enter - MemInfo: [malloc] Total space used (mmap + non-mmap):         16706992 Byte
20220313 034050.595 INFO             PET0 PIOc_sync Enter - MemInfo: Wall-clock time since execution start:              0.0226587 seconds
20220313 034050.595 INFO             PET0 PIOc_sync Exit - MemInfo: [/proc/meminfo - SSI]	MemTotal:       527077124 kB
20220313 034050.595 INFO             PET0 PIOc_sync Exit - MemInfo: [/proc/meminfo - SSI]	MemFree:        517371264 kB
20220313 034050.595 INFO             PET0 PIOc_sync Exit - MemInfo: [/proc/meminfo - SSI]	MemAvailable:   517813056 kB
20220313 034050.595 INFO             PET0 PIOc_sync Exit - MemInfo: [/proc/meminfo - SSI]	Committed_AS:    1590704 kB
20220313 034050.595 INFO             PET0 PIOc_sync Exit - MemInfo: [/proc/meminfo - SSI]	CommittedPercent: 0.301797 %
20220313 034050.595 INFO             PET0 PIOc_sync Exit - MemInfo: [/proc/self/status]	VmPeak:	  188820 kB
20220313 034050.595 INFO             PET0 PIOc_sync Exit - MemInfo: [/proc/self/status]	VmSize:	  188820 kB
20220313 034050.595 INFO             PET0 PIOc_sync Exit - MemInfo: [/proc/self/status]	VmLck:	       0 kB
20220313 034050.595 INFO             PET0 PIOc_sync Exit - MemInfo: [/proc/self/status]	VmPin:	       0 kB
20220313 034050.595 INFO             PET0 PIOc_sync Exit - MemInfo: [/proc/self/status]	VmHWM:	   47064 kB
20220313 034050.595 INFO             PET0 PIOc_sync Exit - MemInfo: [/proc/self/status]	VmRSS:	   47064 kB
20220313 034050.595 INFO             PET0 PIOc_sync Exit - MemInfo: [/proc/self/status]	VmData:	   28696 kB
20220313 034050.595 INFO             PET0 PIOc_sync Exit - MemInfo: [/proc/self/status]	VmStk:	     156 kB
20220313 034050.595 INFO             PET0 PIOc_sync Exit - MemInfo: [/proc/self/status]	VmExe:	     328 kB
20220313 034050.595 INFO             PET0 PIOc_sync Exit - MemInfo: [/proc/self/status]	VmLib:	  103544 kB
20220313 034050.595 INFO             PET0 PIOc_sync Exit - MemInfo: [/proc/self/status]	VmPTE:	     372 kB
20220313 034050.595 INFO             PET0 PIOc_sync Exit - MemInfo: [/proc/self/status]	VmSwap:	       0 kB
20220313 034050.595 INFO             PET0 PIOc_sync Exit - MemInfo: [/proc/self/status]	VmRSSPercent: 0.00892924 %
20220313 034050.595 INFO             PET0 PIOc_sync Exit - MemInfo: [malloc] Non-mmapped space allocated:                18558976 Byte
20220313 034050.595 INFO             PET0 PIOc_sync Exit - MemInfo: [malloc] Space allocated in mmapped regions:          6651904 Byte
20220313 034050.595 INFO             PET0 PIOc_sync Exit - MemInfo: [malloc] Maximum total allocated space:                     0 Byte
20220313 034050.595 INFO             PET0 PIOc_sync Exit - MemInfo: [malloc] Space in freed fastbin blocks:                     0 Byte
20220313 034050.595 INFO             PET0 PIOc_sync Exit - MemInfo: [malloc] Total allocated space:                      10047152 Byte
20220313 034050.595 INFO             PET0 PIOc_sync Exit - MemInfo: [malloc] Total free space:                            8511824 Byte
20220313 034050.595 INFO             PET0 PIOc_sync Exit - MemInfo: [malloc] Top-most, releasable space:                   132384 Byte
20220313 034050.595 INFO             PET0 PIOc_sync Exit - MemInfo: [malloc] Total space in use, mmap + non-mmap:        16699056 Byte
20220313 034050.595 INFO             PET0 PIOc_sync Exit - MemInfo: [malloc] Total space held (mmap + non-mmap):         25210880 Byte
20220313 034050.595 INFO             PET0 PIOc_sync Exit - MemInfo: [malloc] Total space used (mmap + non-mmap):         16707264 Byte
20220313 034050.595 INFO             PET0 PIOc_sync Exit - MemInfo: Wall-clock time since execution start:              0.0228776 seconds
20220313 034050.595 INFO             PET0 PIOc_freedecomp Enter - MemInfo: [/proc/meminfo - SSI]	MemTotal:       527077124 kB
20220313 034050.595 INFO             PET0 PIOc_freedecomp Enter - MemInfo: [/proc/meminfo - SSI]	MemFree:        517371264 kB
20220313 034050.595 INFO             PET0 PIOc_freedecomp Enter - MemInfo: [/proc/meminfo - SSI]	MemAvailable:   517813056 kB
20220313 034050.595 INFO             PET0 PIOc_freedecomp Enter - MemInfo: [/proc/meminfo - SSI]	Committed_AS:    1590704 kB
20220313 034050.595 INFO             PET0 PIOc_freedecomp Enter - MemInfo: [/proc/meminfo - SSI]	CommittedPercent: 0.301797 %
20220313 034050.595 INFO             PET0 PIOc_freedecomp Enter - MemInfo: [/proc/self/status]	VmPeak:	  188820 kB
20220313 034050.595 INFO             PET0 PIOc_freedecomp Enter - MemInfo: [/proc/self/status]	VmSize:	  188820 kB
20220313 034050.595 INFO             PET0 PIOc_freedecomp Enter - MemInfo: [/proc/self/status]	VmLck:	       0 kB
20220313 034050.595 INFO             PET0 PIOc_freedecomp Enter - MemInfo: [/proc/self/status]	VmPin:	       0 kB
20220313 034050.595 INFO             PET0 PIOc_freedecomp Enter - MemInfo: [/proc/self/status]	VmHWM:	   47064 kB
20220313 034050.595 INFO             PET0 PIOc_freedecomp Enter - MemInfo: [/proc/self/status]	VmRSS:	   47064 kB
20220313 034050.595 INFO             PET0 PIOc_freedecomp Enter - MemInfo: [/proc/self/status]	VmData:	   28696 kB
20220313 034050.595 INFO             PET0 PIOc_freedecomp Enter - MemInfo: [/proc/self/status]	VmStk:	     156 kB
20220313 034050.595 INFO             PET0 PIOc_freedecomp Enter - MemInfo: [/proc/self/status]	VmExe:	     328 kB
20220313 034050.595 INFO             PET0 PIOc_freedecomp Enter - MemInfo: [/proc/self/status]	VmLib:	  103544 kB
20220313 034050.595 INFO             PET0 PIOc_freedecomp Enter - MemInfo: [/proc/self/status]	VmPTE:	     372 kB
20220313 034050.595 INFO             PET0 PIOc_freedecomp Enter - MemInfo: [/proc/self/status]	VmSwap:	       0 kB
20220313 034050.595 INFO             PET0 PIOc_freedecomp Enter - MemInfo: [/proc/self/status]	VmRSSPercent: 0.00892924 %
20220313 034050.595 INFO             PET0 PIOc_freedecomp Enter - MemInfo: [malloc] Non-mmapped space allocated:                18558976 Byte
20220313 034050.596 INFO             PET0 PIOc_freedecomp Enter - MemInfo: [malloc] Space allocated in mmapped regions:          6651904 Byte
20220313 034050.596 INFO             PET0 PIOc_freedecomp Enter - MemInfo: [malloc] Maximum total allocated space:                     0 Byte
20220313 034050.596 INFO             PET0 PIOc_freedecomp Enter - MemInfo: [malloc] Space in freed fastbin blocks:                   272 Byte
20220313 034050.596 INFO             PET0 PIOc_freedecomp Enter - MemInfo: [malloc] Total allocated space:                       1121872 Byte
20220313 034050.596 INFO             PET0 PIOc_freedecomp Enter - MemInfo: [malloc] Total free space:                           17437104 Byte
20220313 034050.596 INFO             PET0 PIOc_freedecomp Enter - MemInfo: [malloc] Top-most, releasable space:                  8521008 Byte
20220313 034050.596 INFO             PET0 PIOc_freedecomp Enter - MemInfo: [malloc] Total space in use, mmap + non-mmap:         7773776 Byte
20220313 034050.596 INFO             PET0 PIOc_freedecomp Enter - MemInfo: [malloc] Total space held (mmap + non-mmap):         25210880 Byte
20220313 034050.596 INFO             PET0 PIOc_freedecomp Enter - MemInfo: [malloc] Total space used (mmap + non-mmap):          7781984 Byte
20220313 034050.596 INFO             PET0 PIOc_freedecomp Enter - MemInfo: Wall-clock time since execution start:              0.0231651 seconds
20220313 034050.596 INFO             PET0 PIOc_freedecomp Exit - MemInfo: [/proc/meminfo - SSI]	MemTotal:       527077124 kB
20220313 034050.596 INFO             PET0 PIOc_freedecomp Exit - MemInfo: [/proc/meminfo - SSI]	MemFree:        517371264 kB
20220313 034050.596 INFO             PET0 PIOc_freedecomp Exit - MemInfo: [/proc/meminfo - SSI]	MemAvailable:   517813056 kB
20220313 034050.596 INFO             PET0 PIOc_freedecomp Exit - MemInfo: [/proc/meminfo - SSI]	Committed_AS:    1590704 kB
20220313 034050.596 INFO             PET0 PIOc_freedecomp Exit - MemInfo: [/proc/meminfo - SSI]	CommittedPercent: 0.301797 %
20220313 034050.596 INFO             PET0 PIOc_freedecomp Exit - MemInfo: [/proc/self/status]	VmPeak:	  188820 kB
20220313 034050.596 INFO             PET0 PIOc_freedecomp Exit - MemInfo: [/proc/self/status]	VmSize:	  188820 kB
20220313 034050.596 INFO             PET0 PIOc_freedecomp Exit - MemInfo: [/proc/self/status]	VmLck:	       0 kB
20220313 034050.596 INFO             PET0 PIOc_freedecomp Exit - MemInfo: [/proc/self/status]	VmPin:	       0 kB
20220313 034050.596 INFO             PET0 PIOc_freedecomp Exit - MemInfo: [/proc/self/status]	VmHWM:	   47064 kB
20220313 034050.596 INFO             PET0 PIOc_freedecomp Exit - MemInfo: [/proc/self/status]	VmRSS:	   47064 kB
20220313 034050.596 INFO             PET0 PIOc_freedecomp Exit - MemInfo: [/proc/self/status]	VmData:	   28696 kB
20220313 034050.596 INFO             PET0 PIOc_freedecomp Exit - MemInfo: [/proc/self/status]	VmStk:	     156 kB
20220313 034050.596 INFO             PET0 PIOc_freedecomp Exit - MemInfo: [/proc/self/status]	VmExe:	     328 kB
20220313 034050.596 INFO             PET0 PIOc_freedecomp Exit - MemInfo: [/proc/self/status]	VmLib:	  103544 kB
20220313 034050.596 INFO             PET0 PIOc_freedecomp Exit - MemInfo: [/proc/self/status]	VmPTE:	     372 kB
20220313 034050.596 INFO             PET0 PIOc_freedecomp Exit - MemInfo: [/proc/self/status]	VmSwap:	       0 kB
20220313 034050.596 INFO             PET0 PIOc_freedecomp Exit - MemInfo: [/proc/self/status]	VmRSSPercent: 0.00892924 %
20220313 034050.596 INFO             PET0 PIOc_freedecomp Exit - MemInfo: [malloc] Non-mmapped space allocated:                18558976 Byte
20220313 034050.596 INFO             PET0 PIOc_freedecomp Exit - MemInfo: [malloc] Space allocated in mmapped regions:          6651904 Byte
20220313 034050.596 INFO             PET0 PIOc_freedecomp Exit - MemInfo: [malloc] Maximum total allocated space:                     0 Byte
20220313 034050.596 INFO             PET0 PIOc_freedecomp Exit - MemInfo: [malloc] Space in freed fastbin blocks:                   592 Byte
20220313 034050.596 INFO             PET0 PIOc_freedecomp Exit - MemInfo: [malloc] Total allocated space:                       1121280 Byte
20220313 034050.596 INFO             PET0 PIOc_freedecomp Exit - MemInfo: [malloc] Total free space:                           17437696 Byte
20220313 034050.596 INFO             PET0 PIOc_freedecomp Exit - MemInfo: [malloc] Top-most, releasable space:                  8521008 Byte
20220313 034050.596 INFO             PET0 PIOc_freedecomp Exit - MemInfo: [malloc] Total space in use, mmap + non-mmap:         7773184 Byte
20220313 034050.596 INFO             PET0 PIOc_freedecomp Exit - MemInfo: [malloc] Total space held (mmap + non-mmap):         25210880 Byte
20220313 034050.596 INFO             PET0 PIOc_freedecomp Exit - MemInfo: [malloc] Total space used (mmap + non-mmap):          7781392 Byte
20220313 034050.596 INFO             PET0 PIOc_freedecomp Exit - MemInfo: Wall-clock time since execution start:              0.0233639 seconds
20220313 034050.596 INFO             PET0 PIOc_sync Enter - MemInfo: [/proc/meminfo - SSI]	MemTotal:       527077124 kB
20220313 034050.596 INFO             PET0 PIOc_sync Enter - MemInfo: [/proc/meminfo - SSI]	MemFree:        517371264 kB
20220313 034050.596 INFO             PET0 PIOc_sync Enter - MemInfo: [/proc/meminfo - SSI]	MemAvailable:   517813056 kB
20220313 034050.596 INFO             PET0 PIOc_sync Enter - MemInfo: [/proc/meminfo - SSI]	Committed_AS:    1590704 kB
20220313 034050.596 INFO             PET0 PIOc_sync Enter - MemInfo: [/proc/meminfo - SSI]	CommittedPercent: 0.301797 %
20220313 034050.596 INFO             PET0 PIOc_sync Enter - MemInfo: [/proc/self/status]	VmPeak:	  188820 kB
20220313 034050.596 INFO             PET0 PIOc_sync Enter - MemInfo: [/proc/self/status]	VmSize:	  188820 kB
20220313 034050.596 INFO             PET0 PIOc_sync Enter - MemInfo: [/proc/self/status]	VmLck:	       0 kB
20220313 034050.596 INFO             PET0 PIOc_sync Enter - MemInfo: [/proc/self/status]	VmPin:	       0 kB
20220313 034050.596 INFO             PET0 PIOc_sync Enter - MemInfo: [/proc/self/status]	VmHWM:	   47064 kB
20220313 034050.596 INFO             PET0 PIOc_sync Enter - MemInfo: [/proc/self/status]	VmRSS:	   47064 kB
20220313 034050.596 INFO             PET0 PIOc_sync Enter - MemInfo: [/proc/self/status]	VmData:	   28696 kB
20220313 034050.597 INFO             PET0 PIOc_sync Enter - MemInfo: [/proc/self/status]	VmStk:	     156 kB
20220313 034050.597 INFO             PET0 PIOc_sync Enter - MemInfo: [/proc/self/status]	VmExe:	     328 kB
20220313 034050.597 INFO             PET0 PIOc_sync Enter - MemInfo: [/proc/self/status]	VmLib:	  103544 kB
20220313 034050.597 INFO             PET0 PIOc_sync Enter - MemInfo: [/proc/self/status]	VmPTE:	     372 kB
20220313 034050.597 INFO             PET0 PIOc_sync Enter - MemInfo: [/proc/self/status]	VmSwap:	       0 kB
20220313 034050.597 INFO             PET0 PIOc_sync Enter - MemInfo: [/proc/self/status]	VmRSSPercent: 0.00892924 %
20220313 034050.597 INFO             PET0 PIOc_sync Enter - MemInfo: [malloc] Non-mmapped space allocated:                18558976 Byte
20220313 034050.597 INFO             PET0 PIOc_sync Enter - MemInfo: [malloc] Space allocated in mmapped regions:          6651904 Byte
20220313 034050.597 INFO             PET0 PIOc_sync Enter - MemInfo: [malloc] Maximum total allocated space:                     0 Byte
20220313 034050.597 INFO             PET0 PIOc_sync Enter - MemInfo: [malloc] Space in freed fastbin blocks:                   576 Byte
20220313 034050.597 INFO             PET0 PIOc_sync Enter - MemInfo: [malloc] Total allocated space:                      10048016 Byte
20220313 034050.597 INFO             PET0 PIOc_sync Enter - MemInfo: [malloc] Total free space:                            8510960 Byte
20220313 034050.597 INFO             PET0 PIOc_sync Enter - MemInfo: [malloc] Top-most, releasable space:                   132384 Byte
20220313 034050.597 INFO             PET0 PIOc_sync Enter - MemInfo: [malloc] Total space in use, mmap + non-mmap:        16699920 Byte
20220313 034050.597 INFO             PET0 PIOc_sync Enter - MemInfo: [malloc] Total space held (mmap + non-mmap):         25210880 Byte
20220313 034050.597 INFO             PET0 PIOc_sync Enter - MemInfo: [malloc] Total space used (mmap + non-mmap):         16708352 Byte
20220313 034050.597 INFO             PET0 PIOc_sync Enter - MemInfo: Wall-clock time since execution start:               0.024223 seconds
20220313 034050.597 INFO             PET0 PIOc_sync Exit - MemInfo: [/proc/meminfo - SSI]	MemTotal:       527077124 kB
20220313 034050.597 INFO             PET0 PIOc_sync Exit - MemInfo: [/proc/meminfo - SSI]	MemFree:        517371264 kB
20220313 034050.597 INFO             PET0 PIOc_sync Exit - MemInfo: [/proc/meminfo - SSI]	MemAvailable:   517813064 kB
20220313 034050.597 INFO             PET0 PIOc_sync Exit - MemInfo: [/proc/meminfo - SSI]	Committed_AS:    1590704 kB
20220313 034050.597 INFO             PET0 PIOc_sync Exit - MemInfo: [/proc/meminfo - SSI]	CommittedPercent: 0.301797 %
20220313 034050.597 INFO             PET0 PIOc_sync Exit - MemInfo: [/proc/self/status]	VmPeak:	  188820 kB
20220313 034050.597 INFO             PET0 PIOc_sync Exit - MemInfo: [/proc/self/status]	VmSize:	  188820 kB
20220313 034050.597 INFO             PET0 PIOc_sync Exit - MemInfo: [/proc/self/status]	VmLck:	       0 kB
20220313 034050.597 INFO             PET0 PIOc_sync Exit - MemInfo: [/proc/self/status]	VmPin:	       0 kB
20220313 034050.597 INFO             PET0 PIOc_sync Exit - MemInfo: [/proc/self/status]	VmHWM:	   47064 kB
20220313 034050.597 INFO             PET0 PIOc_sync Exit - MemInfo: [/proc/self/status]	VmRSS:	   47064 kB
20220313 034050.597 INFO             PET0 PIOc_sync Exit - MemInfo: [/proc/self/status]	VmData:	   28696 kB
20220313 034050.597 INFO             PET0 PIOc_sync Exit - MemInfo: [/proc/self/status]	VmStk:	     156 kB
20220313 034050.597 INFO             PET0 PIOc_sync Exit - MemInfo: [/proc/self/status]	VmExe:	     328 kB
20220313 034050.597 INFO             PET0 PIOc_sync Exit - MemInfo: [/proc/self/status]	VmLib:	  103544 kB
20220313 034050.597 INFO             PET0 PIOc_sync Exit - MemInfo: [/proc/self/status]	VmPTE:	     372 kB
20220313 034050.597 INFO             PET0 PIOc_sync Exit - MemInfo: [/proc/self/status]	VmSwap:	       0 kB
20220313 034050.597 INFO             PET0 PIOc_sync Exit - MemInfo: [/proc/self/status]	VmRSSPercent: 0.00892924 %
20220313 034050.597 INFO             PET0 PIOc_sync Exit - MemInfo: [malloc] Non-mmapped space allocated:                18558976 Byte
20220313 034050.597 INFO             PET0 PIOc_sync Exit - MemInfo: [malloc] Space allocated in mmapped regions:          6651904 Byte
20220313 034050.597 INFO             PET0 PIOc_sync Exit - MemInfo: [malloc] Maximum total allocated space:                     0 Byte
20220313 034050.597 INFO             PET0 PIOc_sync Exit - MemInfo: [malloc] Space in freed fastbin blocks:                    64 Byte
20220313 034050.597 INFO             PET0 PIOc_sync Exit - MemInfo: [malloc] Total allocated space:                      10048528 Byte
20220313 034050.597 INFO             PET0 PIOc_sync Exit - MemInfo: [malloc] Total free space:                            8510448 Byte
20220313 034050.597 INFO             PET0 PIOc_sync Exit - MemInfo: [malloc] Top-most, releasable space:                   132384 Byte
20220313 034050.597 INFO             PET0 PIOc_sync Exit - MemInfo: [malloc] Total space in use, mmap + non-mmap:        16700432 Byte
20220313 034050.597 INFO             PET0 PIOc_sync Exit - MemInfo: [malloc] Total space held (mmap + non-mmap):         25210880 Byte
20220313 034050.597 INFO             PET0 PIOc_sync Exit - MemInfo: [malloc] Total space used (mmap + non-mmap):         16708640 Byte
20220313 034050.597 INFO             PET0 PIOc_sync Exit - MemInfo: Wall-clock time since execution start:               0.024449 seconds
20220313 034050.597 INFO             PET0 PIOc_freedecomp Enter - MemInfo: [/proc/meminfo - SSI]	MemTotal:       527077124 kB
20220313 034050.597 INFO             PET0 PIOc_freedecomp Enter - MemInfo: [/proc/meminfo - SSI]	MemFree:        517371272 kB
20220313 034050.597 INFO             PET0 PIOc_freedecomp Enter - MemInfo: [/proc/meminfo - SSI]	MemAvailable:   517813064 kB
20220313 034050.597 INFO             PET0 PIOc_freedecomp Enter - MemInfo: [/proc/meminfo - SSI]	Committed_AS:    1590704 kB
20220313 034050.597 INFO             PET0 PIOc_freedecomp Enter - MemInfo: [/proc/meminfo - SSI]	CommittedPercent: 0.301797 %
20220313 034050.597 INFO             PET0 PIOc_freedecomp Enter - MemInfo: [/proc/self/status]	VmPeak:	  188820 kB
20220313 034050.597 INFO             PET0 PIOc_freedecomp Enter - MemInfo: [/proc/self/status]	VmSize:	  188820 kB
20220313 034050.597 INFO             PET0 PIOc_freedecomp Enter - MemInfo: [/proc/self/status]	VmLck:	       0 kB
20220313 034050.597 INFO             PET0 PIOc_freedecomp Enter - MemInfo: [/proc/self/status]	VmPin:	       0 kB
20220313 034050.597 INFO             PET0 PIOc_freedecomp Enter - MemInfo: [/proc/self/status]	VmHWM:	   47064 kB
20220313 034050.597 INFO             PET0 PIOc_freedecomp Enter - MemInfo: [/proc/self/status]	VmRSS:	   47064 kB
20220313 034050.597 INFO             PET0 PIOc_freedecomp Enter - MemInfo: [/proc/self/status]	VmData:	   28696 kB
20220313 034050.597 INFO             PET0 PIOc_freedecomp Enter - MemInfo: [/proc/self/status]	VmStk:	     156 kB
20220313 034050.597 INFO             PET0 PIOc_freedecomp Enter - MemInfo: [/proc/self/status]	VmExe:	     328 kB
20220313 034050.597 INFO             PET0 PIOc_freedecomp Enter - MemInfo: [/proc/self/status]	VmLib:	  103544 kB
20220313 034050.597 INFO             PET0 PIOc_freedecomp Enter - MemInfo: [/proc/self/status]	VmPTE:	     372 kB
20220313 034050.597 INFO             PET0 PIOc_freedecomp Enter - MemInfo: [/proc/self/status]	VmSwap:	       0 kB
20220313 034050.597 INFO             PET0 PIOc_freedecomp Enter - MemInfo: [/proc/self/status]	VmRSSPercent: 0.00892924 %
20220313 034050.597 INFO             PET0 PIOc_freedecomp Enter - MemInfo: [malloc] Non-mmapped space allocated:                18558976 Byte
20220313 034050.597 INFO             PET0 PIOc_freedecomp Enter - MemInfo: [malloc] Space allocated in mmapped regions:          6651904 Byte
20220313 034050.597 INFO             PET0 PIOc_freedecomp Enter - MemInfo: [malloc] Maximum total allocated space:                     0 Byte
20220313 034050.597 INFO             PET0 PIOc_freedecomp Enter - MemInfo: [malloc] Space in freed fastbin blocks:                   272 Byte
20220313 034050.597 INFO             PET0 PIOc_freedecomp Enter - MemInfo: [malloc] Total allocated space:                       1122176 Byte
20220313 034050.597 INFO             PET0 PIOc_freedecomp Enter - MemInfo: [malloc] Total free space:                           17436800 Byte
20220313 034050.597 INFO             PET0 PIOc_freedecomp Enter - MemInfo: [malloc] Top-most, releasable space:                  8521008 Byte
20220313 034050.597 INFO             PET0 PIOc_freedecomp Enter - MemInfo: [malloc] Total space in use, mmap + non-mmap:         7774080 Byte
20220313 034050.597 INFO             PET0 PIOc_freedecomp Enter - MemInfo: [malloc] Total space held (mmap + non-mmap):         25210880 Byte
20220313 034050.597 INFO             PET0 PIOc_freedecomp Enter - MemInfo: [malloc] Total space used (mmap + non-mmap):          7782288 Byte
20220313 034050.597 INFO             PET0 PIOc_freedecomp Enter - MemInfo: Wall-clock time since execution start:              0.0247397 seconds
20220313 034050.597 INFO             PET0 PIOc_freedecomp Exit - MemInfo: [/proc/meminfo - SSI]	MemTotal:       527077124 kB
20220313 034050.597 INFO             PET0 PIOc_freedecomp Exit - MemInfo: [/proc/meminfo - SSI]	MemFree:        517371272 kB
20220313 034050.597 INFO             PET0 PIOc_freedecomp Exit - MemInfo: [/proc/meminfo - SSI]	MemAvailable:   517813064 kB
20220313 034050.597 INFO             PET0 PIOc_freedecomp Exit - MemInfo: [/proc/meminfo - SSI]	Committed_AS:    1590704 kB
20220313 034050.597 INFO             PET0 PIOc_freedecomp Exit - MemInfo: [/proc/meminfo - SSI]	CommittedPercent: 0.301797 %
20220313 034050.597 INFO             PET0 PIOc_freedecomp Exit - MemInfo: [/proc/self/status]	VmPeak:	  188820 kB
20220313 034050.597 INFO             PET0 PIOc_freedecomp Exit - MemInfo: [/proc/self/status]	VmSize:	  188820 kB
20220313 034050.597 INFO             PET0 PIOc_freedecomp Exit - MemInfo: [/proc/self/status]	VmLck:	       0 kB
20220313 034050.597 INFO             PET0 PIOc_freedecomp Exit - MemInfo: [/proc/self/status]	VmPin:	       0 kB
20220313 034050.597 INFO             PET0 PIOc_freedecomp Exit - MemInfo: [/proc/self/status]	VmHWM:	   47064 kB
20220313 034050.597 INFO             PET0 PIOc_freedecomp Exit - MemInfo: [/proc/self/status]	VmRSS:	   47064 kB
20220313 034050.597 INFO             PET0 PIOc_freedecomp Exit - MemInfo: [/proc/self/status]	VmData:	   28696 kB
20220313 034050.597 INFO             PET0 PIOc_freedecomp Exit - MemInfo: [/proc/self/status]	VmStk:	     156 kB
20220313 034050.597 INFO             PET0 PIOc_freedecomp Exit - MemInfo: [/proc/self/status]	VmExe:	     328 kB
20220313 034050.597 INFO             PET0 PIOc_freedecomp Exit - MemInfo: [/proc/self/status]	VmLib:	  103544 kB
20220313 034050.597 INFO             PET0 PIOc_freedecomp Exit - MemInfo: [/proc/self/status]	VmPTE:	     372 kB
20220313 034050.597 INFO             PET0 PIOc_freedecomp Exit - MemInfo: [/proc/self/status]	VmSwap:	       0 kB
20220313 034050.597 INFO             PET0 PIOc_freedecomp Exit - MemInfo: [/proc/self/status]	VmRSSPercent: 0.00892924 %
20220313 034050.597 INFO             PET0 PIOc_freedecomp Exit - MemInfo: [malloc] Non-mmapped space allocated:                18558976 Byte
20220313 034050.597 INFO             PET0 PIOc_freedecomp Exit - MemInfo: [malloc] Space allocated in mmapped regions:          6651904 Byte
20220313 034050.597 INFO             PET0 PIOc_freedecomp Exit - MemInfo: [malloc] Maximum total allocated space:                     0 Byte
20220313 034050.597 INFO             PET0 PIOc_freedecomp Exit - MemInfo: [malloc] Space in freed fastbin blocks:                   592 Byte
20220313 034050.597 INFO             PET0 PIOc_freedecomp Exit - MemInfo: [malloc] Total allocated space:                       1121584 Byte
20220313 034050.597 INFO             PET0 PIOc_freedecomp Exit - MemInfo: [malloc] Total free space:                           17437392 Byte
20220313 034050.597 INFO             PET0 PIOc_freedecomp Exit - MemInfo: [malloc] Top-most, releasable space:                  8521008 Byte
20220313 034050.597 INFO             PET0 PIOc_freedecomp Exit - MemInfo: [malloc] Total space in use, mmap + non-mmap:         7773488 Byte
20220313 034050.597 INFO             PET0 PIOc_freedecomp Exit - MemInfo: [malloc] Total space held (mmap + non-mmap):         25210880 Byte
20220313 034050.597 INFO             PET0 PIOc_freedecomp Exit - MemInfo: [malloc] Total space used (mmap + non-mmap):          7781696 Byte
20220313 034050.597 INFO             PET0 PIOc_freedecomp Exit - MemInfo: Wall-clock time since execution start:              0.0249435 seconds
20220313 034050.598 INFO             PET0 PIOc_sync Enter - MemInfo: [/proc/meminfo - SSI]	MemTotal:       527077124 kB
20220313 034050.598 INFO             PET0 PIOc_sync Enter - MemInfo: [/proc/meminfo - SSI]	MemFree:        517371272 kB
20220313 034050.598 INFO             PET0 PIOc_sync Enter - MemInfo: [/proc/meminfo - SSI]	MemAvailable:   517813064 kB
20220313 034050.598 INFO             PET0 PIOc_sync Enter - MemInfo: [/proc/meminfo - SSI]	Committed_AS:    1590704 kB
20220313 034050.598 INFO             PET0 PIOc_sync Enter - MemInfo: [/proc/meminfo - SSI]	CommittedPercent: 0.301797 %
20220313 034050.598 INFO             PET0 PIOc_sync Enter - MemInfo: [/proc/self/status]	VmPeak:	  188820 kB
20220313 034050.598 INFO             PET0 PIOc_sync Enter - MemInfo: [/proc/self/status]	VmSize:	  188820 kB
20220313 034050.598 INFO             PET0 PIOc_sync Enter - MemInfo: [/proc/self/status]	VmLck:	       0 kB
20220313 034050.598 INFO             PET0 PIOc_sync Enter - MemInfo: [/proc/self/status]	VmPin:	       0 kB
20220313 034050.598 INFO             PET0 PIOc_sync Enter - MemInfo: [/proc/self/status]	VmHWM:	   47064 kB
20220313 034050.598 INFO             PET0 PIOc_sync Enter - MemInfo: [/proc/self/status]	VmRSS:	   47064 kB
20220313 034050.598 INFO             PET0 PIOc_sync Enter - MemInfo: [/proc/self/status]	VmData:	   28696 kB
20220313 034050.598 INFO             PET0 PIOc_sync Enter - MemInfo: [/proc/self/status]	VmStk:	     156 kB
20220313 034050.598 INFO             PET0 PIOc_sync Enter - MemInfo: [/proc/self/status]	VmExe:	     328 kB
20220313 034050.598 INFO             PET0 PIOc_sync Enter - MemInfo: [/proc/self/status]	VmLib:	  103544 kB
20220313 034050.598 INFO             PET0 PIOc_sync Enter - MemInfo: [/proc/self/status]	VmPTE:	     372 kB
20220313 034050.598 INFO             PET0 PIOc_sync Enter - MemInfo: [/proc/self/status]	VmSwap:	       0 kB
20220313 034050.598 INFO             PET0 PIOc_sync Enter - MemInfo: [/proc/self/status]	VmRSSPercent: 0.00892924 %
20220313 034050.598 INFO             PET0 PIOc_sync Enter - MemInfo: [malloc] Non-mmapped space allocated:                18558976 Byte
20220313 034050.598 INFO             PET0 PIOc_sync Enter - MemInfo: [malloc] Space allocated in mmapped regions:          6651904 Byte
20220313 034050.598 INFO             PET0 PIOc_sync Enter - MemInfo: [malloc] Maximum total allocated space:                     0 Byte
20220313 034050.598 INFO             PET0 PIOc_sync Enter - MemInfo: [malloc] Space in freed fastbin blocks:                  1344 Byte
20220313 034050.598 INFO             PET0 PIOc_sync Enter - MemInfo: [malloc] Total allocated space:                      10048976 Byte
20220313 034050.598 INFO             PET0 PIOc_sync Enter - MemInfo: [malloc] Total free space:                            8510000 Byte
20220313 034050.598 INFO             PET0 PIOc_sync Enter - MemInfo: [malloc] Top-most, releasable space:                   132384 Byte
20220313 034050.598 INFO             PET0 PIOc_sync Enter - MemInfo: [malloc] Total space in use, mmap + non-mmap:        16700880 Byte
20220313 034050.598 INFO             PET0 PIOc_sync Enter - MemInfo: [malloc] Total space held (mmap + non-mmap):         25210880 Byte
20220313 034050.598 INFO             PET0 PIOc_sync Enter - MemInfo: [malloc] Total space used (mmap + non-mmap):         16709424 Byte
20220313 034050.598 INFO             PET0 PIOc_sync Enter - MemInfo: Wall-clock time since execution start:               0.025849 seconds
20220313 034050.598 INFO             PET0 PIOc_sync Exit - MemInfo: [/proc/meminfo - SSI]	MemTotal:       527077124 kB
20220313 034050.598 INFO             PET0 PIOc_sync Exit - MemInfo: [/proc/meminfo - SSI]	MemFree:        517371272 kB
20220313 034050.598 INFO             PET0 PIOc_sync Exit - MemInfo: [/proc/meminfo - SSI]	MemAvailable:   517813064 kB
20220313 034050.598 INFO             PET0 PIOc_sync Exit - MemInfo: [/proc/meminfo - SSI]	Committed_AS:    1590704 kB
20220313 034050.598 INFO             PET0 PIOc_sync Exit - MemInfo: [/proc/meminfo - SSI]	CommittedPercent: 0.301797 %
20220313 034050.598 INFO             PET0 PIOc_sync Exit - MemInfo: [/proc/self/status]	VmPeak:	  188820 kB
20220313 034050.598 INFO             PET0 PIOc_sync Exit - MemInfo: [/proc/self/status]	VmSize:	  188820 kB
20220313 034050.598 INFO             PET0 PIOc_sync Exit - MemInfo: [/proc/self/status]	VmLck:	       0 kB
20220313 034050.598 INFO             PET0 PIOc_sync Exit - MemInfo: [/proc/self/status]	VmPin:	       0 kB
20220313 034050.598 INFO             PET0 PIOc_sync Exit - MemInfo: [/proc/self/status]	VmHWM:	   47064 kB
20220313 034050.598 INFO             PET0 PIOc_sync Exit - MemInfo: [/proc/self/status]	VmRSS:	   47064 kB
20220313 034050.598 INFO             PET0 PIOc_sync Exit - MemInfo: [/proc/self/status]	VmData:	   28696 kB
20220313 034050.598 INFO             PET0 PIOc_sync Exit - MemInfo: [/proc/self/status]	VmStk:	     156 kB
20220313 034050.598 INFO             PET0 PIOc_sync Exit - MemInfo: [/proc/self/status]	VmExe:	     328 kB
20220313 034050.598 INFO             PET0 PIOc_sync Exit - MemInfo: [/proc/self/status]	VmLib:	  103544 kB
20220313 034050.598 INFO             PET0 PIOc_sync Exit - MemInfo: [/proc/self/status]	VmPTE:	     372 kB
20220313 034050.598 INFO             PET0 PIOc_sync Exit - MemInfo: [/proc/self/status]	VmSwap:	       0 kB
20220313 034050.598 INFO             PET0 PIOc_sync Exit - MemInfo: [/proc/self/status]	VmRSSPercent: 0.00892924 %
20220313 034050.598 INFO             PET0 PIOc_sync Exit - MemInfo: [malloc] Non-mmapped space allocated:                18558976 Byte
20220313 034050.598 INFO             PET0 PIOc_sync Exit - MemInfo: [malloc] Space allocated in mmapped regions:          6651904 Byte
20220313 034050.598 INFO             PET0 PIOc_sync Exit - MemInfo: [malloc] Maximum total allocated space:                     0 Byte
20220313 034050.598 INFO             PET0 PIOc_sync Exit - MemInfo: [malloc] Space in freed fastbin blocks:                   176 Byte
20220313 034050.598 INFO             PET0 PIOc_sync Exit - MemInfo: [malloc] Total allocated space:                      10049712 Byte
20220313 034050.598 INFO             PET0 PIOc_sync Exit - MemInfo: [malloc] Total free space:                            8509264 Byte
20220313 034050.598 INFO             PET0 PIOc_sync Exit - MemInfo: [malloc] Top-most, releasable space:                   132384 Byte
20220313 034050.598 INFO             PET0 PIOc_sync Exit - MemInfo: [malloc] Total space in use, mmap + non-mmap:        16701616 Byte
20220313 034050.598 INFO             PET0 PIOc_sync Exit - MemInfo: [malloc] Total space held (mmap + non-mmap):         25210880 Byte
20220313 034050.598 INFO             PET0 PIOc_sync Exit - MemInfo: [malloc] Total space used (mmap + non-mmap):         16709824 Byte
20220313 034050.598 INFO             PET0 PIOc_sync Exit - MemInfo: Wall-clock time since execution start:              0.0260664 seconds
20220313 034050.599 INFO             PET0 PIOc_freedecomp Enter - MemInfo: [/proc/meminfo - SSI]	MemTotal:       527077124 kB
20220313 034050.599 INFO             PET0 PIOc_freedecomp Enter - MemInfo: [/proc/meminfo - SSI]	MemFree:        517371272 kB
20220313 034050.599 INFO             PET0 PIOc_freedecomp Enter - MemInfo: [/proc/meminfo - SSI]	MemAvailable:   517813064 kB
20220313 034050.599 INFO             PET0 PIOc_freedecomp Enter - MemInfo: [/proc/meminfo - SSI]	Committed_AS:    1590704 kB
20220313 034050.599 INFO             PET0 PIOc_freedecomp Enter - MemInfo: [/proc/meminfo - SSI]	CommittedPercent: 0.301797 %
20220313 034050.599 INFO             PET0 PIOc_freedecomp Enter - MemInfo: [/proc/self/status]	VmPeak:	  188820 kB
20220313 034050.599 INFO             PET0 PIOc_freedecomp Enter - MemInfo: [/proc/self/status]	VmSize:	  188820 kB
20220313 034050.599 INFO             PET0 PIOc_freedecomp Enter - MemInfo: [/proc/self/status]	VmLck:	       0 kB
20220313 034050.599 INFO             PET0 PIOc_freedecomp Enter - MemInfo: [/proc/self/status]	VmPin:	       0 kB
20220313 034050.599 INFO             PET0 PIOc_freedecomp Enter - MemInfo: [/proc/self/status]	VmHWM:	   47064 kB
20220313 034050.599 INFO             PET0 PIOc_freedecomp Enter - MemInfo: [/proc/self/status]	VmRSS:	   47064 kB
20220313 034050.599 INFO             PET0 PIOc_freedecomp Enter - MemInfo: [/proc/self/status]	VmData:	   28696 kB
20220313 034050.599 INFO             PET0 PIOc_freedecomp Enter - MemInfo: [/proc/self/status]	VmStk:	     156 kB
20220313 034050.599 INFO             PET0 PIOc_freedecomp Enter - MemInfo: [/proc/self/status]	VmExe:	     328 kB
20220313 034050.599 INFO             PET0 PIOc_freedecomp Enter - MemInfo: [/proc/self/status]	VmLib:	  103544 kB
20220313 034050.599 INFO             PET0 PIOc_freedecomp Enter - MemInfo: [/proc/self/status]	VmPTE:	     372 kB
20220313 034050.599 INFO             PET0 PIOc_freedecomp Enter - MemInfo: [/proc/self/status]	VmSwap:	       0 kB
20220313 034050.599 INFO             PET0 PIOc_freedecomp Enter - MemInfo: [/proc/self/status]	VmRSSPercent: 0.00892924 %
20220313 034050.599 INFO             PET0 PIOc_freedecomp Enter - MemInfo: [malloc] Non-mmapped space allocated:                18558976 Byte
20220313 034050.599 INFO             PET0 PIOc_freedecomp Enter - MemInfo: [malloc] Space allocated in mmapped regions:          6651904 Byte
20220313 034050.599 INFO             PET0 PIOc_freedecomp Enter - MemInfo: [malloc] Maximum total allocated space:                     0 Byte
20220313 034050.599 INFO             PET0 PIOc_freedecomp Enter - MemInfo: [malloc] Space in freed fastbin blocks:                   272 Byte
20220313 034050.599 INFO             PET0 PIOc_freedecomp Enter - MemInfo: [malloc] Total allocated space:                       1122592 Byte
20220313 034050.599 INFO             PET0 PIOc_freedecomp Enter - MemInfo: [malloc] Total free space:                           17436384 Byte
20220313 034050.599 INFO             PET0 PIOc_freedecomp Enter - MemInfo: [malloc] Top-most, releasable space:                  8521008 Byte
20220313 034050.599 INFO             PET0 PIOc_freedecomp Enter - MemInfo: [malloc] Total space in use, mmap + non-mmap:         7774496 Byte
