build time -- 2022-03-14 01:49:52
20220314 015849.875 INFO             PET0 !!!!!!!!!!!!!!!!!!!!!!!!!!!!!!!!!!!!!!!!!!!!!!!!!!!!!!
20220314 015849.875 INFO             PET0 !!! THE ESMF_LOG IS SET TO OUTPUT ALL LOG MESSAGES !!!
20220314 015849.875 INFO             PET0 !!!     THIS MAY CAUSE SLOWDOWN IN PERFORMANCE     !!!
20220314 015849.875 INFO             PET0 !!! FOR PRODUCTION RUNS, USE:                      !!!
20220314 015849.875 INFO             PET0 !!!                   ESMF_LOGKIND_Multi_On_Error  !!!
20220314 015849.875 INFO             PET0 !!!!!!!!!!!!!!!!!!!!!!!!!!!!!!!!!!!!!!!!!!!!!!!!!!!!!!
20220314 015849.875 INFO             PET0 Running with ESMF Version   : v8.3.0b09-96-g559b459836
20220314 015849.875 INFO             PET0 ESMF library build date/time: "Mar 14 2022" "01:48:51"
20220314 015849.875 INFO             PET0 ESMF library build location : /lfs/h1/emc/ptmp/Mark.Potts/gfortran_10.3.0_mpich3_g_jedwards_pio_update2
20220314 015849.875 INFO             PET0 ESMF_COMM                   : mpich3
20220314 015849.875 INFO             PET0 ESMF_MOAB                   : enabled
20220314 015849.875 INFO             PET0 ESMF_LAPACK                 : enabled
20220314 015849.875 INFO             PET0 ESMF_NETCDF                 : enabled
20220314 015849.875 INFO             PET0 ESMF_PNETCDF                : disabled
20220314 015849.875 INFO             PET0 ESMF_PIO                    : enabled
20220314 015849.875 INFO             PET0 ESMF_YAMLCPP                : enabled
20220314 015849.875 INFO             PET0 Beginning Test, file ESMC_FieldRegridUTest.C, line 68
20220314 015849.875 INFO             PET0 Beginning Test, file ESMC_FieldRegridUTest.C, line 68NUMBER_OF_PROCESSORS 1
20220314 015849.876 INFO             PET0 PASS MeshCreate, ESMC_FieldRegridUTest.C, line 125
20220314 015849.876 INFO             PET0 PASS MeshAddNodes, ESMC_FieldRegridUTest.C, line 133
20220314 015849.878 INFO             PET0 PASS MeshAddElements, ESMC_FieldRegridUTest.C, line 142
20220314 015849.878 INFO             PET0 PASS MeshGetLocalNodeCount, ESMC_FieldRegridUTest.C, line 152
20220314 015849.878 INFO             PET0 PASS MeshGetLocalElementCount, ESMC_FieldRegridUTest.C, line 163
20220314 015849.878 INFO             PET0 PASS MeshCreate, ESMC_FieldRegridUTest.C, line 231
20220314 015849.878 INFO             PET0 PASS MeshAddNodes, ESMC_FieldRegridUTest.C, line 239
20220314 015849.878 INFO             PET0 PASS MeshAddElements, ESMC_FieldRegridUTest.C, line 248
20220314 015849.878 INFO             PET0 PASS MeshGetLocalNodeCount, ESMC_FieldRegridUTest.C, line 258
20220314 015849.878 INFO             PET0 PASS MeshGetLocalElementCount, ESMC_FieldRegridUTest.C, line 269
20220314 015849.879 INFO             PET0 PASS Create ESMC_Field object, ESMC_FieldRegridUTest.C, line 284
20220314 015849.879 INFO             PET0 PASS Create ESMC_Field object, ESMC_FieldRegridUTest.C, line 293
20220314 015849.879 INFO             PET0 PASS Get a void * C pointer to data from ESMC_Field object, ESMC_FieldRegridUTest.C, line 306
20220314 015849.879 INFO             PET0 PASS Get a void * C pointer to data from ESMC_Field object, ESMC_FieldRegridUTest.C, line 325
20220314 015849.879 INFO             PET0 PASS Create an InterArray for maskValues in ESMC_FieldRegridStore(), ESMC_FieldRegridUTest.C, line 343
20220314 015849.889 INFO             PET0 PIOc_sync Enter - MemInfo: [/proc/meminfo - SSI]	MemTotal:       527077124 kB
20220314 015849.889 INFO             PET0 PIOc_sync Enter - MemInfo: [/proc/meminfo - SSI]	MemFree:        517257636 kB
20220314 015849.889 INFO             PET0 PIOc_sync Enter - MemInfo: [/proc/meminfo - SSI]	MemAvailable:   517715140 kB
20220314 015849.889 INFO             PET0 PIOc_sync Enter - MemInfo: [/proc/meminfo - SSI]	Committed_AS:    1683980 kB
20220314 015849.889 INFO             PET0 PIOc_sync Enter - MemInfo: [/proc/meminfo - SSI]	CommittedPercent: 0.319494 %
20220314 015849.889 INFO             PET0 PIOc_sync Enter - MemInfo: [/proc/self/status]	VmPeak:	  180276 kB
20220314 015849.889 INFO             PET0 PIOc_sync Enter - MemInfo: [/proc/self/status]	VmSize:	  180276 kB
20220314 015849.889 INFO             PET0 PIOc_sync Enter - MemInfo: [/proc/self/status]	VmLck:	       0 kB
20220314 015849.889 INFO             PET0 PIOc_sync Enter - MemInfo: [/proc/self/status]	VmPin:	       0 kB
20220314 015849.889 INFO             PET0 PIOc_sync Enter - MemInfo: [/proc/self/status]	VmHWM:	   40816 kB
20220314 015849.889 INFO             PET0 PIOc_sync Enter - MemInfo: [/proc/self/status]	VmRSS:	   40816 kB
20220314 015849.889 INFO             PET0 PIOc_sync Enter - MemInfo: [/proc/self/status]	VmData:	   20152 kB
20220314 015849.889 INFO             PET0 PIOc_sync Enter - MemInfo: [/proc/self/status]	VmStk:	     156 kB
20220314 015849.889 INFO             PET0 PIOc_sync Enter - MemInfo: [/proc/self/status]	VmExe:	     328 kB
20220314 015849.889 INFO             PET0 PIOc_sync Enter - MemInfo: [/proc/self/status]	VmLib:	  103544 kB
20220314 015849.889 INFO             PET0 PIOc_sync Enter - MemInfo: [/proc/self/status]	VmPTE:	     356 kB
20220314 015849.889 INFO             PET0 PIOc_sync Enter - MemInfo: [/proc/self/status]	VmSwap:	       0 kB
20220314 015849.889 INFO             PET0 PIOc_sync Enter - MemInfo: [/proc/self/status]	VmRSSPercent: 0.00774384 %
20220314 015849.889 INFO             PET0 PIOc_sync Enter - MemInfo: [malloc] Non-mmapped space allocated:                 1179648 Byte
20220314 015849.889 INFO             PET0 PIOc_sync Enter - MemInfo: [malloc] Space allocated in mmapped regions:         15282176 Byte
20220314 015849.889 INFO             PET0 PIOc_sync Enter - MemInfo: [malloc] Maximum total allocated space:                     0 Byte
20220314 015849.889 INFO             PET0 PIOc_sync Enter - MemInfo: [malloc] Space in freed fastbin blocks:                     0 Byte
20220314 015849.889 INFO             PET0 PIOc_sync Enter - MemInfo: [malloc] Total allocated space:                       1051168 Byte
20220314 015849.889 INFO             PET0 PIOc_sync Enter - MemInfo: [malloc] Total free space:                             128480 Byte
20220314 015849.889 INFO             PET0 PIOc_sync Enter - MemInfo: [malloc] Top-most, releasable space:                   128432 Byte
20220314 015849.889 INFO             PET0 PIOc_sync Enter - MemInfo: [malloc] Total space in use, mmap + non-mmap:        16333344 Byte
20220314 015849.889 INFO             PET0 PIOc_sync Enter - MemInfo: [malloc] Total space held (mmap + non-mmap):         16461824 Byte
20220314 015849.889 INFO             PET0 PIOc_sync Enter - MemInfo: [malloc] Total space used (mmap + non-mmap):         16342640 Byte
20220314 015849.889 INFO             PET0 PIOc_sync Enter - MemInfo: Wall-clock time since execution start:              0.0152228 seconds
20220314 015849.889 INFO             PET0 PIOc_sync Exit - MemInfo: [/proc/meminfo - SSI]	MemTotal:       527077124 kB
20220314 015849.889 INFO             PET0 PIOc_sync Exit - MemInfo: [/proc/meminfo - SSI]	MemFree:        517257132 kB
20220314 015849.889 INFO             PET0 PIOc_sync Exit - MemInfo: [/proc/meminfo - SSI]	MemAvailable:   517714636 kB
20220314 015849.889 INFO             PET0 PIOc_sync Exit - MemInfo: [/proc/meminfo - SSI]	Committed_AS:    1684264 kB
20220314 015849.889 INFO             PET0 PIOc_sync Exit - MemInfo: [/proc/meminfo - SSI]	CommittedPercent: 0.319548 %
20220314 015849.889 INFO             PET0 PIOc_sync Exit - MemInfo: [/proc/self/status]	VmPeak:	  180560 kB
20220314 015849.889 INFO             PET0 PIOc_sync Exit - MemInfo: [/proc/self/status]	VmSize:	  180560 kB
20220314 015849.889 INFO             PET0 PIOc_sync Exit - MemInfo: [/proc/self/status]	VmLck:	       0 kB
20220314 015849.889 INFO             PET0 PIOc_sync Exit - MemInfo: [/proc/self/status]	VmPin:	       0 kB
20220314 015849.889 INFO             PET0 PIOc_sync Exit - MemInfo: [/proc/self/status]	VmHWM:	   41320 kB
20220314 015849.889 INFO             PET0 PIOc_sync Exit - MemInfo: [/proc/self/status]	VmRSS:	   41320 kB
20220314 015849.889 INFO             PET0 PIOc_sync Exit - MemInfo: [/proc/self/status]	VmData:	   20436 kB
20220314 015849.889 INFO             PET0 PIOc_sync Exit - MemInfo: [/proc/self/status]	VmStk:	     156 kB
20220314 015849.889 INFO             PET0 PIOc_sync Exit - MemInfo: [/proc/self/status]	VmExe:	     328 kB
20220314 015849.889 INFO             PET0 PIOc_sync Exit - MemInfo: [/proc/self/status]	VmLib:	  103544 kB
20220314 015849.889 INFO             PET0 PIOc_sync Exit - MemInfo: [/proc/self/status]	VmPTE:	     360 kB
20220314 015849.889 INFO             PET0 PIOc_sync Exit - MemInfo: [/proc/self/status]	VmSwap:	       0 kB
20220314 015849.889 INFO             PET0 PIOc_sync Exit - MemInfo: [/proc/self/status]	VmRSSPercent: 0.00783946 %
20220314 015849.889 INFO             PET0 PIOc_sync Exit - MemInfo: [malloc] Non-mmapped space allocated:                 1179648 Byte
20220314 015849.889 INFO             PET0 PIOc_sync Exit - MemInfo: [malloc] Space allocated in mmapped regions:         15572992 Byte
20220314 015849.889 INFO             PET0 PIOc_sync Exit - MemInfo: [malloc] Maximum total allocated space:                     0 Byte
20220314 015849.889 INFO             PET0 PIOc_sync Exit - MemInfo: [malloc] Space in freed fastbin blocks:                     0 Byte
20220314 015849.889 INFO             PET0 PIOc_sync Exit - MemInfo: [malloc] Total allocated space:                       1119120 Byte
20220314 015849.889 INFO             PET0 PIOc_sync Exit - MemInfo: [malloc] Total free space:                              60528 Byte
20220314 015849.889 INFO             PET0 PIOc_sync Exit - MemInfo: [malloc] Top-most, releasable space:                    60528 Byte
20220314 015849.889 INFO             PET0 PIOc_sync Exit - MemInfo: [malloc] Total space in use, mmap + non-mmap:        16692112 Byte
20220314 015849.889 INFO             PET0 PIOc_sync Exit - MemInfo: [malloc] Total space held (mmap + non-mmap):         16752640 Byte
20220314 015849.889 INFO             PET0 PIOc_sync Exit - MemInfo: [malloc] Total space used (mmap + non-mmap):         16700320 Byte
20220314 015849.889 INFO             PET0 PIOc_sync Exit - MemInfo: Wall-clock time since execution start:              0.0155736 seconds
20220314 015849.889 INFO             PET0 PIOc_freedecomp Enter - MemInfo: [/proc/meminfo - SSI]	MemTotal:       527077124 kB
20220314 015849.889 INFO             PET0 PIOc_freedecomp Enter - MemInfo: [/proc/meminfo - SSI]	MemFree:        517264300 kB
20220314 015849.889 INFO             PET0 PIOc_freedecomp Enter - MemInfo: [/proc/meminfo - SSI]	MemAvailable:   517721804 kB
20220314 015849.889 INFO             PET0 PIOc_freedecomp Enter - MemInfo: [/proc/meminfo - SSI]	Committed_AS:    1675552 kB
20220314 015849.889 INFO             PET0 PIOc_freedecomp Enter - MemInfo: [/proc/meminfo - SSI]	CommittedPercent: 0.317895 %
20220314 015849.889 INFO             PET0 PIOc_freedecomp Enter - MemInfo: [/proc/self/status]	VmPeak:	  180560 kB
20220314 015849.889 INFO             PET0 PIOc_freedecomp Enter - MemInfo: [/proc/self/status]	VmSize:	  171848 kB
20220314 015849.889 INFO             PET0 PIOc_freedecomp Enter - MemInfo: [/proc/self/status]	VmLck:	       0 kB
20220314 015849.889 INFO             PET0 PIOc_freedecomp Enter - MemInfo: [/proc/self/status]	VmPin:	       0 kB
20220314 015849.889 INFO             PET0 PIOc_freedecomp Enter - MemInfo: [/proc/self/status]	VmHWM:	   41320 kB
20220314 015849.889 INFO             PET0 PIOc_freedecomp Enter - MemInfo: [/proc/self/status]	VmRSS:	   33416 kB
20220314 015849.890 INFO             PET0 PIOc_freedecomp Enter - MemInfo: [/proc/self/status]	VmData:	   11724 kB
20220314 015849.890 INFO             PET0 PIOc_freedecomp Enter - MemInfo: [/proc/self/status]	VmStk:	     156 kB
20220314 015849.890 INFO             PET0 PIOc_freedecomp Enter - MemInfo: [/proc/self/status]	VmExe:	     328 kB
20220314 015849.890 INFO             PET0 PIOc_freedecomp Enter - MemInfo: [/proc/self/status]	VmLib:	  103544 kB
20220314 015849.890 INFO             PET0 PIOc_freedecomp Enter - MemInfo: [/proc/self/status]	VmPTE:	     348 kB
20220314 015849.890 INFO             PET0 PIOc_freedecomp Enter - MemInfo: [/proc/self/status]	VmSwap:	       0 kB
20220314 015849.890 INFO             PET0 PIOc_freedecomp Enter - MemInfo: [/proc/self/status]	VmRSSPercent: 0.00633987 %
20220314 015849.890 INFO             PET0 PIOc_freedecomp Enter - MemInfo: [malloc] Non-mmapped space allocated:                 1179648 Byte
20220314 015849.890 INFO             PET0 PIOc_freedecomp Enter - MemInfo: [malloc] Space allocated in mmapped regions:          6651904 Byte
20220314 015849.890 INFO             PET0 PIOc_freedecomp Enter - MemInfo: [malloc] Maximum total allocated space:                     0 Byte
20220314 015849.890 INFO             PET0 PIOc_freedecomp Enter - MemInfo: [malloc] Space in freed fastbin blocks:                   304 Byte
20220314 015849.890 INFO             PET0 PIOc_freedecomp Enter - MemInfo: [malloc] Total allocated space:                       1108368 Byte
20220314 015849.890 INFO             PET0 PIOc_freedecomp Enter - MemInfo: [malloc] Total free space:                              71280 Byte
20220314 015849.890 INFO             PET0 PIOc_freedecomp Enter - MemInfo: [malloc] Top-most, releasable space:                    60304 Byte
20220314 015849.890 INFO             PET0 PIOc_freedecomp Enter - MemInfo: [malloc] Total space in use, mmap + non-mmap:         7760272 Byte
20220314 015849.890 INFO             PET0 PIOc_freedecomp Enter - MemInfo: [malloc] Total space held (mmap + non-mmap):          7831552 Byte
20220314 015849.890 INFO             PET0 PIOc_freedecomp Enter - MemInfo: [malloc] Total space used (mmap + non-mmap):          7768480 Byte
20220314 015849.890 INFO             PET0 PIOc_freedecomp Enter - MemInfo: Wall-clock time since execution start:              0.0160474 seconds
20220314 015849.890 INFO             PET0 PIOc_freedecomp Exit - MemInfo: [/proc/meminfo - SSI]	MemTotal:       527077124 kB
20220314 015849.890 INFO             PET0 PIOc_freedecomp Exit - MemInfo: [/proc/meminfo - SSI]	MemFree:        517264300 kB
20220314 015849.890 INFO             PET0 PIOc_freedecomp Exit - MemInfo: [/proc/meminfo - SSI]	MemAvailable:   517721804 kB
20220314 015849.890 INFO             PET0 PIOc_freedecomp Exit - MemInfo: [/proc/meminfo - SSI]	Committed_AS:    1675552 kB
20220314 015849.890 INFO             PET0 PIOc_freedecomp Exit - MemInfo: [/proc/meminfo - SSI]	CommittedPercent: 0.317895 %
20220314 015849.890 INFO             PET0 PIOc_freedecomp Exit - MemInfo: [/proc/self/status]	VmPeak:	  180560 kB
20220314 015849.890 INFO             PET0 PIOc_freedecomp Exit - MemInfo: [/proc/self/status]	VmSize:	  171848 kB
20220314 015849.890 INFO             PET0 PIOc_freedecomp Exit - MemInfo: [/proc/self/status]	VmLck:	       0 kB
20220314 015849.890 INFO             PET0 PIOc_freedecomp Exit - MemInfo: [/proc/self/status]	VmPin:	       0 kB
20220314 015849.890 INFO             PET0 PIOc_freedecomp Exit - MemInfo: [/proc/self/status]	VmHWM:	   41320 kB
20220314 015849.890 INFO             PET0 PIOc_freedecomp Exit - MemInfo: [/proc/self/status]	VmRSS:	   33416 kB
20220314 015849.890 INFO             PET0 PIOc_freedecomp Exit - MemInfo: [/proc/self/status]	VmData:	   11724 kB
20220314 015849.890 INFO             PET0 PIOc_freedecomp Exit - MemInfo: [/proc/self/status]	VmStk:	     156 kB
20220314 015849.890 INFO             PET0 PIOc_freedecomp Exit - MemInfo: [/proc/self/status]	VmExe:	     328 kB
20220314 015849.890 INFO             PET0 PIOc_freedecomp Exit - MemInfo: [/proc/self/status]	VmLib:	  103544 kB
20220314 015849.890 INFO             PET0 PIOc_freedecomp Exit - MemInfo: [/proc/self/status]	VmPTE:	     348 kB
20220314 015849.890 INFO             PET0 PIOc_freedecomp Exit - MemInfo: [/proc/self/status]	VmSwap:	       0 kB
20220314 015849.890 INFO             PET0 PIOc_freedecomp Exit - MemInfo: [/proc/self/status]	VmRSSPercent: 0.00633987 %
20220314 015849.890 INFO             PET0 PIOc_freedecomp Exit - MemInfo: [malloc] Non-mmapped space allocated:                 1179648 Byte
20220314 015849.890 INFO             PET0 PIOc_freedecomp Exit - MemInfo: [malloc] Space allocated in mmapped regions:          6651904 Byte
20220314 015849.890 INFO             PET0 PIOc_freedecomp Exit - MemInfo: [malloc] Maximum total allocated space:                     0 Byte
20220314 015849.890 INFO             PET0 PIOc_freedecomp Exit - MemInfo: [malloc] Space in freed fastbin blocks:                   480 Byte
20220314 015849.890 INFO             PET0 PIOc_freedecomp Exit - MemInfo: [malloc] Total allocated space:                       1106528 Byte
20220314 015849.890 INFO             PET0 PIOc_freedecomp Exit - MemInfo: [malloc] Total free space:                              73120 Byte
20220314 015849.890 INFO             PET0 PIOc_freedecomp Exit - MemInfo: [malloc] Top-most, releasable space:                    60304 Byte
20220314 015849.890 INFO             PET0 PIOc_freedecomp Exit - MemInfo: [malloc] Total space in use, mmap + non-mmap:         7758432 Byte
20220314 015849.890 INFO             PET0 PIOc_freedecomp Exit - MemInfo: [malloc] Total space held (mmap + non-mmap):          7831552 Byte
20220314 015849.890 INFO             PET0 PIOc_freedecomp Exit - MemInfo: [malloc] Total space used (mmap + non-mmap):          7766640 Byte
20220314 015849.890 INFO             PET0 PIOc_freedecomp Exit - MemInfo: Wall-clock time since execution start:              0.0162526 seconds
20220314 015849.891 INFO             PET0 PIOc_sync Enter - MemInfo: [/proc/meminfo - SSI]	MemTotal:       527077124 kB
20220314 015849.891 INFO             PET0 PIOc_sync Enter - MemInfo: [/proc/meminfo - SSI]	MemFree:        517259952 kB
20220314 015849.891 INFO             PET0 PIOc_sync Enter - MemInfo: [/proc/meminfo - SSI]	MemAvailable:   517717456 kB
20220314 015849.891 INFO             PET0 PIOc_sync Enter - MemInfo: [/proc/meminfo - SSI]	Committed_AS:    1684328 kB
20220314 015849.891 INFO             PET0 PIOc_sync Enter - MemInfo: [/proc/meminfo - SSI]	CommittedPercent: 0.31956 %
20220314 015849.891 INFO             PET0 PIOc_sync Enter - MemInfo: [/proc/self/status]	VmPeak:	  180624 kB
20220314 015849.891 INFO             PET0 PIOc_sync Enter - MemInfo: [/proc/self/status]	VmSize:	  180624 kB
20220314 015849.891 INFO             PET0 PIOc_sync Enter - MemInfo: [/proc/self/status]	VmLck:	       0 kB
20220314 015849.891 INFO             PET0 PIOc_sync Enter - MemInfo: [/proc/self/status]	VmPin:	       0 kB
20220314 015849.891 INFO             PET0 PIOc_sync Enter - MemInfo: [/proc/self/status]	VmHWM:	   41320 kB
20220314 015849.891 INFO             PET0 PIOc_sync Enter - MemInfo: [/proc/self/status]	VmRSS:	   38560 kB
20220314 015849.891 INFO             PET0 PIOc_sync Enter - MemInfo: [/proc/self/status]	VmData:	   20500 kB
20220314 015849.891 INFO             PET0 PIOc_sync Enter - MemInfo: [/proc/self/status]	VmStk:	     156 kB
20220314 015849.891 INFO             PET0 PIOc_sync Enter - MemInfo: [/proc/self/status]	VmExe:	     328 kB
20220314 015849.891 INFO             PET0 PIOc_sync Enter - MemInfo: [/proc/self/status]	VmLib:	  103544 kB
20220314 015849.891 INFO             PET0 PIOc_sync Enter - MemInfo: [/proc/self/status]	VmPTE:	     360 kB
20220314 015849.891 INFO             PET0 PIOc_sync Enter - MemInfo: [/proc/self/status]	VmSwap:	       0 kB
20220314 015849.891 INFO             PET0 PIOc_sync Enter - MemInfo: [/proc/self/status]	VmRSSPercent: 0.00731582 %
20220314 015849.891 INFO             PET0 PIOc_sync Enter - MemInfo: [malloc] Non-mmapped space allocated:                10166272 Byte
20220314 015849.891 INFO             PET0 PIOc_sync Enter - MemInfo: [malloc] Space allocated in mmapped regions:          6651904 Byte
20220314 015849.891 INFO             PET0 PIOc_sync Enter - MemInfo: [malloc] Maximum total allocated space:                     0 Byte
20220314 015849.891 INFO             PET0 PIOc_sync Enter - MemInfo: [malloc] Space in freed fastbin blocks:                    64 Byte
20220314 015849.891 INFO             PET0 PIOc_sync Enter - MemInfo: [malloc] Total allocated space:                      10035056 Byte
20220314 015849.891 INFO             PET0 PIOc_sync Enter - MemInfo: [malloc] Total free space:                             131216 Byte
20220314 015849.891 INFO             PET0 PIOc_sync Enter - MemInfo: [malloc] Top-most, releasable space:                   128752 Byte
20220314 015849.891 INFO             PET0 PIOc_sync Enter - MemInfo: [malloc] Total space in use, mmap + non-mmap:        16686960 Byte
20220314 015849.891 INFO             PET0 PIOc_sync Enter - MemInfo: [malloc] Total space held (mmap + non-mmap):         16818176 Byte
20220314 015849.891 INFO             PET0 PIOc_sync Enter - MemInfo: [malloc] Total space used (mmap + non-mmap):         16695280 Byte
20220314 015849.891 INFO             PET0 PIOc_sync Enter - MemInfo: Wall-clock time since execution start:               0.017625 seconds
20220314 015849.891 INFO             PET0 PIOc_sync Exit - MemInfo: [/proc/meminfo - SSI]	MemTotal:       527077124 kB
20220314 015849.891 INFO             PET0 PIOc_sync Exit - MemInfo: [/proc/meminfo - SSI]	MemFree:        517259952 kB
20220314 015849.891 INFO             PET0 PIOc_sync Exit - MemInfo: [/proc/meminfo - SSI]	MemAvailable:   517717456 kB
20220314 015849.891 INFO             PET0 PIOc_sync Exit - MemInfo: [/proc/meminfo - SSI]	Committed_AS:    1684328 kB
20220314 015849.891 INFO             PET0 PIOc_sync Exit - MemInfo: [/proc/meminfo - SSI]	CommittedPercent: 0.31956 %
20220314 015849.891 INFO             PET0 PIOc_sync Exit - MemInfo: [/proc/self/status]	VmPeak:	  180624 kB
20220314 015849.891 INFO             PET0 PIOc_sync Exit - MemInfo: [/proc/self/status]	VmSize:	  180624 kB
20220314 015849.891 INFO             PET0 PIOc_sync Exit - MemInfo: [/proc/self/status]	VmLck:	       0 kB
20220314 015849.891 INFO             PET0 PIOc_sync Exit - MemInfo: [/proc/self/status]	VmPin:	       0 kB
20220314 015849.891 INFO             PET0 PIOc_sync Exit - MemInfo: [/proc/self/status]	VmHWM:	   41320 kB
20220314 015849.891 INFO             PET0 PIOc_sync Exit - MemInfo: [/proc/self/status]	VmRSS:	   38560 kB
20220314 015849.891 INFO             PET0 PIOc_sync Exit - MemInfo: [/proc/self/status]	VmData:	   20500 kB
20220314 015849.891 INFO             PET0 PIOc_sync Exit - MemInfo: [/proc/self/status]	VmStk:	     156 kB
20220314 015849.891 INFO             PET0 PIOc_sync Exit - MemInfo: [/proc/self/status]	VmExe:	     328 kB
20220314 015849.891 INFO             PET0 PIOc_sync Exit - MemInfo: [/proc/self/status]	VmLib:	  103544 kB
20220314 015849.891 INFO             PET0 PIOc_sync Exit - MemInfo: [/proc/self/status]	VmPTE:	     360 kB
20220314 015849.891 INFO             PET0 PIOc_sync Exit - MemInfo: [/proc/self/status]	VmSwap:	       0 kB
20220314 015849.891 INFO             PET0 PIOc_sync Exit - MemInfo: [/proc/self/status]	VmRSSPercent: 0.00731582 %
20220314 015849.891 INFO             PET0 PIOc_sync Exit - MemInfo: [malloc] Non-mmapped space allocated:                10166272 Byte
20220314 015849.891 INFO             PET0 PIOc_sync Exit - MemInfo: [malloc] Space allocated in mmapped regions:          6651904 Byte
20220314 015849.891 INFO             PET0 PIOc_sync Exit - MemInfo: [malloc] Maximum total allocated space:                     0 Byte
20220314 015849.891 INFO             PET0 PIOc_sync Exit - MemInfo: [malloc] Space in freed fastbin blocks:                     0 Byte
20220314 015849.891 INFO             PET0 PIOc_sync Exit - MemInfo: [malloc] Total allocated space:                      10035952 Byte
20220314 015849.891 INFO             PET0 PIOc_sync Exit - MemInfo: [malloc] Total free space:                             130320 Byte
20220314 015849.891 INFO             PET0 PIOc_sync Exit - MemInfo: [malloc] Top-most, releasable space:                   128528 Byte
20220314 015849.891 INFO             PET0 PIOc_sync Exit - MemInfo: [malloc] Total space in use, mmap + non-mmap:        16687856 Byte
20220314 015849.891 INFO             PET0 PIOc_sync Exit - MemInfo: [malloc] Total space held (mmap + non-mmap):         16818176 Byte
20220314 015849.891 INFO             PET0 PIOc_sync Exit - MemInfo: [malloc] Total space used (mmap + non-mmap):         16696064 Byte
20220314 015849.891 INFO             PET0 PIOc_sync Exit - MemInfo: Wall-clock time since execution start:              0.0178318 seconds
20220314 015849.892 INFO             PET0 PIOc_freedecomp Enter - MemInfo: [/proc/meminfo - SSI]	MemTotal:       527077124 kB
20220314 015849.892 INFO             PET0 PIOc_freedecomp Enter - MemInfo: [/proc/meminfo - SSI]	MemFree:        517259952 kB
20220314 015849.892 INFO             PET0 PIOc_freedecomp Enter - MemInfo: [/proc/meminfo - SSI]	MemAvailable:   517717456 kB
20220314 015849.892 INFO             PET0 PIOc_freedecomp Enter - MemInfo: [/proc/meminfo - SSI]	Committed_AS:    1684328 kB
20220314 015849.892 INFO             PET0 PIOc_freedecomp Enter - MemInfo: [/proc/meminfo - SSI]	CommittedPercent: 0.31956 %
20220314 015849.892 INFO             PET0 PIOc_freedecomp Enter - MemInfo: [/proc/self/status]	VmPeak:	  180624 kB
20220314 015849.892 INFO             PET0 PIOc_freedecomp Enter - MemInfo: [/proc/self/status]	VmSize:	  180624 kB
20220314 015849.892 INFO             PET0 PIOc_freedecomp Enter - MemInfo: [/proc/self/status]	VmLck:	       0 kB
20220314 015849.892 INFO             PET0 PIOc_freedecomp Enter - MemInfo: [/proc/self/status]	VmPin:	       0 kB
20220314 015849.892 INFO             PET0 PIOc_freedecomp Enter - MemInfo: [/proc/self/status]	VmHWM:	   41320 kB
20220314 015849.892 INFO             PET0 PIOc_freedecomp Enter - MemInfo: [/proc/self/status]	VmRSS:	   38560 kB
20220314 015849.892 INFO             PET0 PIOc_freedecomp Enter - MemInfo: [/proc/self/status]	VmData:	   20500 kB
20220314 015849.892 INFO             PET0 PIOc_freedecomp Enter - MemInfo: [/proc/self/status]	VmStk:	     156 kB
20220314 015849.892 INFO             PET0 PIOc_freedecomp Enter - MemInfo: [/proc/self/status]	VmExe:	     328 kB
20220314 015849.892 INFO             PET0 PIOc_freedecomp Enter - MemInfo: [/proc/self/status]	VmLib:	  103544 kB
20220314 015849.892 INFO             PET0 PIOc_freedecomp Enter - MemInfo: [/proc/self/status]	VmPTE:	     360 kB
20220314 015849.892 INFO             PET0 PIOc_freedecomp Enter - MemInfo: [/proc/self/status]	VmSwap:	       0 kB
20220314 015849.892 INFO             PET0 PIOc_freedecomp Enter - MemInfo: [/proc/self/status]	VmRSSPercent: 0.00731582 %
20220314 015849.892 INFO             PET0 PIOc_freedecomp Enter - MemInfo: [malloc] Non-mmapped space allocated:                10166272 Byte
20220314 015849.892 INFO             PET0 PIOc_freedecomp Enter - MemInfo: [malloc] Space allocated in mmapped regions:          6651904 Byte
20220314 015849.892 INFO             PET0 PIOc_freedecomp Enter - MemInfo: [malloc] Maximum total allocated space:                     0 Byte
20220314 015849.892 INFO             PET0 PIOc_freedecomp Enter - MemInfo: [malloc] Space in freed fastbin blocks:                   192 Byte
20220314 015849.892 INFO             PET0 PIOc_freedecomp Enter - MemInfo: [malloc] Total allocated space:                       1111792 Byte
20220314 015849.892 INFO             PET0 PIOc_freedecomp Enter - MemInfo: [malloc] Total free space:                            9054480 Byte
20220314 015849.892 INFO             PET0 PIOc_freedecomp Enter - MemInfo: [malloc] Top-most, releasable space:                   128304 Byte
20220314 015849.892 INFO             PET0 PIOc_freedecomp Enter - MemInfo: [malloc] Total space in use, mmap + non-mmap:         7763696 Byte
20220314 015849.892 INFO             PET0 PIOc_freedecomp Enter - MemInfo: [malloc] Total space held (mmap + non-mmap):         16818176 Byte
20220314 015849.892 INFO             PET0 PIOc_freedecomp Enter - MemInfo: [malloc] Total space used (mmap + non-mmap):          7771904 Byte
20220314 015849.892 INFO             PET0 PIOc_freedecomp Enter - MemInfo: Wall-clock time since execution start:              0.0181167 seconds
20220314 015849.892 INFO             PET0 PIOc_freedecomp Exit - MemInfo: [/proc/meminfo - SSI]	MemTotal:       527077124 kB
20220314 015849.892 INFO             PET0 PIOc_freedecomp Exit - MemInfo: [/proc/meminfo - SSI]	MemFree:        517259952 kB
20220314 015849.892 INFO             PET0 PIOc_freedecomp Exit - MemInfo: [/proc/meminfo - SSI]	MemAvailable:   517717456 kB
20220314 015849.892 INFO             PET0 PIOc_freedecomp Exit - MemInfo: [/proc/meminfo - SSI]	Committed_AS:    1684328 kB
20220314 015849.892 INFO             PET0 PIOc_freedecomp Exit - MemInfo: [/proc/meminfo - SSI]	CommittedPercent: 0.31956 %
20220314 015849.892 INFO             PET0 PIOc_freedecomp Exit - MemInfo: [/proc/self/status]	VmPeak:	  180624 kB
20220314 015849.892 INFO             PET0 PIOc_freedecomp Exit - MemInfo: [/proc/self/status]	VmSize:	  180624 kB
20220314 015849.892 INFO             PET0 PIOc_freedecomp Exit - MemInfo: [/proc/self/status]	VmLck:	       0 kB
20220314 015849.892 INFO             PET0 PIOc_freedecomp Exit - MemInfo: [/proc/self/status]	VmPin:	       0 kB
20220314 015849.892 INFO             PET0 PIOc_freedecomp Exit - MemInfo: [/proc/self/status]	VmHWM:	   41320 kB
20220314 015849.892 INFO             PET0 PIOc_freedecomp Exit - MemInfo: [/proc/self/status]	VmRSS:	   38560 kB
20220314 015849.892 INFO             PET0 PIOc_freedecomp Exit - MemInfo: [/proc/self/status]	VmData:	   20500 kB
20220314 015849.892 INFO             PET0 PIOc_freedecomp Exit - MemInfo: [/proc/self/status]	VmStk:	     156 kB
20220314 015849.892 INFO             PET0 PIOc_freedecomp Exit - MemInfo: [/proc/self/status]	VmExe:	     328 kB
20220314 015849.892 INFO             PET0 PIOc_freedecomp Exit - MemInfo: [/proc/self/status]	VmLib:	  103544 kB
20220314 015849.892 INFO             PET0 PIOc_freedecomp Exit - MemInfo: [/proc/self/status]	VmPTE:	     360 kB
20220314 015849.892 INFO             PET0 PIOc_freedecomp Exit - MemInfo: [/proc/self/status]	VmSwap:	       0 kB
20220314 015849.892 INFO             PET0 PIOc_freedecomp Exit - MemInfo: [/proc/self/status]	VmRSSPercent: 0.00731582 %
20220314 015849.892 INFO             PET0 PIOc_freedecomp Exit - MemInfo: [malloc] Non-mmapped space allocated:                10166272 Byte
20220314 015849.892 INFO             PET0 PIOc_freedecomp Exit - MemInfo: [malloc] Space allocated in mmapped regions:          6651904 Byte
20220314 015849.892 INFO             PET0 PIOc_freedecomp Exit - MemInfo: [malloc] Maximum total allocated space:                     0 Byte
20220314 015849.892 INFO             PET0 PIOc_freedecomp Exit - MemInfo: [malloc] Space in freed fastbin blocks:                   576 Byte
20220314 015849.892 INFO             PET0 PIOc_freedecomp Exit - MemInfo: [malloc] Total allocated space:                       1110160 Byte
20220314 015849.892 INFO             PET0 PIOc_freedecomp Exit - MemInfo: [malloc] Total free space:                            9056112 Byte
20220314 015849.892 INFO             PET0 PIOc_freedecomp Exit - MemInfo: [malloc] Top-most, releasable space:                   128304 Byte
20220314 015849.892 INFO             PET0 PIOc_freedecomp Exit - MemInfo: [malloc] Total space in use, mmap + non-mmap:         7762064 Byte
20220314 015849.892 INFO             PET0 PIOc_freedecomp Exit - MemInfo: [malloc] Total space held (mmap + non-mmap):         16818176 Byte
20220314 015849.892 INFO             PET0 PIOc_freedecomp Exit - MemInfo: [malloc] Total space used (mmap + non-mmap):          7770272 Byte
20220314 015849.892 INFO             PET0 PIOc_freedecomp Exit - MemInfo: Wall-clock time since execution start:               0.018321 seconds
20220314 015849.893 INFO             PET0 PIOc_sync Enter - MemInfo: [/proc/meminfo - SSI]	MemTotal:       527077124 kB
20220314 015849.893 INFO             PET0 PIOc_sync Enter - MemInfo: [/proc/meminfo - SSI]	MemFree:        517259448 kB
20220314 015849.893 INFO             PET0 PIOc_sync Enter - MemInfo: [/proc/meminfo - SSI]	MemAvailable:   517716952 kB
20220314 015849.893 INFO             PET0 PIOc_sync Enter - MemInfo: [/proc/meminfo - SSI]	Committed_AS:    1684328 kB
20220314 015849.893 INFO             PET0 PIOc_sync Enter - MemInfo: [/proc/meminfo - SSI]	CommittedPercent: 0.31956 %
20220314 015849.893 INFO             PET0 PIOc_sync Enter - MemInfo: [/proc/self/status]	VmPeak:	  180624 kB
20220314 015849.893 INFO             PET0 PIOc_sync Enter - MemInfo: [/proc/self/status]	VmSize:	  180624 kB
20220314 015849.893 INFO             PET0 PIOc_sync Enter - MemInfo: [/proc/self/status]	VmLck:	       0 kB
20220314 015849.893 INFO             PET0 PIOc_sync Enter - MemInfo: [/proc/self/status]	VmPin:	       0 kB
20220314 015849.893 INFO             PET0 PIOc_sync Enter - MemInfo: [/proc/self/status]	VmHWM:	   41320 kB
20220314 015849.893 INFO             PET0 PIOc_sync Enter - MemInfo: [/proc/self/status]	VmRSS:	   39084 kB
20220314 015849.893 INFO             PET0 PIOc_sync Enter - MemInfo: [/proc/self/status]	VmData:	   20500 kB
20220314 015849.893 INFO             PET0 PIOc_sync Enter - MemInfo: [/proc/self/status]	VmStk:	     156 kB
20220314 015849.893 INFO             PET0 PIOc_sync Enter - MemInfo: [/proc/self/status]	VmExe:	     328 kB
20220314 015849.893 INFO             PET0 PIOc_sync Enter - MemInfo: [/proc/self/status]	VmLib:	  103544 kB
20220314 015849.893 INFO             PET0 PIOc_sync Enter - MemInfo: [/proc/self/status]	VmPTE:	     360 kB
20220314 015849.893 INFO             PET0 PIOc_sync Enter - MemInfo: [/proc/self/status]	VmSwap:	       0 kB
20220314 015849.893 INFO             PET0 PIOc_sync Enter - MemInfo: [/proc/self/status]	VmRSSPercent: 0.00741523 %
20220314 015849.893 INFO             PET0 PIOc_sync Enter - MemInfo: [malloc] Non-mmapped space allocated:                10166272 Byte
20220314 015849.893 INFO             PET0 PIOc_sync Enter - MemInfo: [malloc] Space allocated in mmapped regions:          6651904 Byte
20220314 015849.893 INFO             PET0 PIOc_sync Enter - MemInfo: [malloc] Maximum total allocated space:                     0 Byte
20220314 015849.893 INFO             PET0 PIOc_sync Enter - MemInfo: [malloc] Space in freed fastbin blocks:                   208 Byte
20220314 015849.893 INFO             PET0 PIOc_sync Enter - MemInfo: [malloc] Total allocated space:                      10038384 Byte
20220314 015849.893 INFO             PET0 PIOc_sync Enter - MemInfo: [malloc] Total free space:                             127888 Byte
20220314 015849.893 INFO             PET0 PIOc_sync Enter - MemInfo: [malloc] Top-most, releasable space:                   123056 Byte
20220314 015849.893 INFO             PET0 PIOc_sync Enter - MemInfo: [malloc] Total space in use, mmap + non-mmap:        16690288 Byte
20220314 015849.893 INFO             PET0 PIOc_sync Enter - MemInfo: [malloc] Total space held (mmap + non-mmap):         16818176 Byte
20220314 015849.893 INFO             PET0 PIOc_sync Enter - MemInfo: [malloc] Total space used (mmap + non-mmap):         16698608 Byte
20220314 015849.893 INFO             PET0 PIOc_sync Enter - MemInfo: Wall-clock time since execution start:              0.0193117 seconds
20220314 015849.893 INFO             PET0 PIOc_sync Exit - MemInfo: [/proc/meminfo - SSI]	MemTotal:       527077124 kB
20220314 015849.893 INFO             PET0 PIOc_sync Exit - MemInfo: [/proc/meminfo - SSI]	MemFree:        517259448 kB
20220314 015849.893 INFO             PET0 PIOc_sync Exit - MemInfo: [/proc/meminfo - SSI]	MemAvailable:   517716952 kB
20220314 015849.893 INFO             PET0 PIOc_sync Exit - MemInfo: [/proc/meminfo - SSI]	Committed_AS:    1684328 kB
20220314 015849.893 INFO             PET0 PIOc_sync Exit - MemInfo: [/proc/meminfo - SSI]	CommittedPercent: 0.31956 %
20220314 015849.893 INFO             PET0 PIOc_sync Exit - MemInfo: [/proc/self/status]	VmPeak:	  180624 kB
20220314 015849.893 INFO             PET0 PIOc_sync Exit - MemInfo: [/proc/self/status]	VmSize:	  180624 kB
20220314 015849.893 INFO             PET0 PIOc_sync Exit - MemInfo: [/proc/self/status]	VmLck:	       0 kB
20220314 015849.893 INFO             PET0 PIOc_sync Exit - MemInfo: [/proc/self/status]	VmPin:	       0 kB
20220314 015849.893 INFO             PET0 PIOc_sync Exit - MemInfo: [/proc/self/status]	VmHWM:	   41320 kB
20220314 015849.893 INFO             PET0 PIOc_sync Exit - MemInfo: [/proc/self/status]	VmRSS:	   39084 kB
20220314 015849.893 INFO             PET0 PIOc_sync Exit - MemInfo: [/proc/self/status]	VmData:	   20500 kB
20220314 015849.893 INFO             PET0 PIOc_sync Exit - MemInfo: [/proc/self/status]	VmStk:	     156 kB
20220314 015849.893 INFO             PET0 PIOc_sync Exit - MemInfo: [/proc/self/status]	VmExe:	     328 kB
20220314 015849.893 INFO             PET0 PIOc_sync Exit - MemInfo: [/proc/self/status]	VmLib:	  103544 kB
20220314 015849.893 INFO             PET0 PIOc_sync Exit - MemInfo: [/proc/self/status]	VmPTE:	     360 kB
20220314 015849.893 INFO             PET0 PIOc_sync Exit - MemInfo: [/proc/self/status]	VmSwap:	       0 kB
20220314 015849.893 INFO             PET0 PIOc_sync Exit - MemInfo: [/proc/self/status]	VmRSSPercent: 0.00741523 %
20220314 015849.893 INFO             PET0 PIOc_sync Exit - MemInfo: [malloc] Non-mmapped space allocated:                10166272 Byte
20220314 015849.893 INFO             PET0 PIOc_sync Exit - MemInfo: [malloc] Space allocated in mmapped regions:          6651904 Byte
20220314 015849.893 INFO             PET0 PIOc_sync Exit - MemInfo: [malloc] Maximum total allocated space:                     0 Byte
20220314 015849.893 INFO             PET0 PIOc_sync Exit - MemInfo: [malloc] Space in freed fastbin blocks:                     0 Byte
20220314 015849.893 INFO             PET0 PIOc_sync Exit - MemInfo: [malloc] Total allocated space:                      10038496 Byte
20220314 015849.893 INFO             PET0 PIOc_sync Exit - MemInfo: [malloc] Total free space:                             127776 Byte
20220314 015849.893 INFO             PET0 PIOc_sync Exit - MemInfo: [malloc] Top-most, releasable space:                   122832 Byte
20220314 015849.893 INFO             PET0 PIOc_sync Exit - MemInfo: [malloc] Total space in use, mmap + non-mmap:        16690400 Byte
20220314 015849.893 INFO             PET0 PIOc_sync Exit - MemInfo: [malloc] Total space held (mmap + non-mmap):         16818176 Byte
20220314 015849.893 INFO             PET0 PIOc_sync Exit - MemInfo: [malloc] Total space used (mmap + non-mmap):         16698608 Byte
20220314 015849.893 INFO             PET0 PIOc_sync Exit - MemInfo: Wall-clock time since execution start:              0.0195371 seconds
20220314 015849.893 INFO             PET0 PIOc_freedecomp Enter - MemInfo: [/proc/meminfo - SSI]	MemTotal:       527077124 kB
20220314 015849.893 INFO             PET0 PIOc_freedecomp Enter - MemInfo: [/proc/meminfo - SSI]	MemFree:        517259448 kB
20220314 015849.893 INFO             PET0 PIOc_freedecomp Enter - MemInfo: [/proc/meminfo - SSI]	MemAvailable:   517716952 kB
20220314 015849.893 INFO             PET0 PIOc_freedecomp Enter - MemInfo: [/proc/meminfo - SSI]	Committed_AS:    1684328 kB
20220314 015849.893 INFO             PET0 PIOc_freedecomp Enter - MemInfo: [/proc/meminfo - SSI]	CommittedPercent: 0.31956 %
20220314 015849.893 INFO             PET0 PIOc_freedecomp Enter - MemInfo: [/proc/self/status]	VmPeak:	  180624 kB
20220314 015849.893 INFO             PET0 PIOc_freedecomp Enter - MemInfo: [/proc/self/status]	VmSize:	  180624 kB
20220314 015849.893 INFO             PET0 PIOc_freedecomp Enter - MemInfo: [/proc/self/status]	VmLck:	       0 kB
20220314 015849.893 INFO             PET0 PIOc_freedecomp Enter - MemInfo: [/proc/self/status]	VmPin:	       0 kB
20220314 015849.893 INFO             PET0 PIOc_freedecomp Enter - MemInfo: [/proc/self/status]	VmHWM:	   41320 kB
20220314 015849.893 INFO             PET0 PIOc_freedecomp Enter - MemInfo: [/proc/self/status]	VmRSS:	   39084 kB
20220314 015849.893 INFO             PET0 PIOc_freedecomp Enter - MemInfo: [/proc/self/status]	VmData:	   20500 kB
20220314 015849.893 INFO             PET0 PIOc_freedecomp Enter - MemInfo: [/proc/self/status]	VmStk:	     156 kB
20220314 015849.893 INFO             PET0 PIOc_freedecomp Enter - MemInfo: [/proc/self/status]	VmExe:	     328 kB
20220314 015849.893 INFO             PET0 PIOc_freedecomp Enter - MemInfo: [/proc/self/status]	VmLib:	  103544 kB
20220314 015849.893 INFO             PET0 PIOc_freedecomp Enter - MemInfo: [/proc/self/status]	VmPTE:	     360 kB
20220314 015849.893 INFO             PET0 PIOc_freedecomp Enter - MemInfo: [/proc/self/status]	VmSwap:	       0 kB
20220314 015849.893 INFO             PET0 PIOc_freedecomp Enter - MemInfo: [/proc/self/status]	VmRSSPercent: 0.00741523 %
20220314 015849.893 INFO             PET0 PIOc_freedecomp Enter - MemInfo: [malloc] Non-mmapped space allocated:                10166272 Byte
20220314 015849.893 INFO             PET0 PIOc_freedecomp Enter - MemInfo: [malloc] Space allocated in mmapped regions:          6651904 Byte
20220314 015849.893 INFO             PET0 PIOc_freedecomp Enter - MemInfo: [malloc] Maximum total allocated space:                     0 Byte
20220314 015849.893 INFO             PET0 PIOc_freedecomp Enter - MemInfo: [malloc] Space in freed fastbin blocks:                   144 Byte
20220314 015849.893 INFO             PET0 PIOc_freedecomp Enter - MemInfo: [malloc] Total allocated space:                       1113728 Byte
20220314 015849.893 INFO             PET0 PIOc_freedecomp Enter - MemInfo: [malloc] Total free space:                            9052544 Byte
20220314 015849.893 INFO             PET0 PIOc_freedecomp Enter - MemInfo: [malloc] Top-most, releasable space:                   122608 Byte
20220314 015849.893 INFO             PET0 PIOc_freedecomp Enter - MemInfo: [malloc] Total space in use, mmap + non-mmap:         7765632 Byte
20220314 015849.893 INFO             PET0 PIOc_freedecomp Enter - MemInfo: [malloc] Total space held (mmap + non-mmap):         16818176 Byte
20220314 015849.893 INFO             PET0 PIOc_freedecomp Enter - MemInfo: [malloc] Total space used (mmap + non-mmap):          7773840 Byte
20220314 015849.893 INFO             PET0 PIOc_freedecomp Enter - MemInfo: Wall-clock time since execution start:              0.0198782 seconds
20220314 015849.893 INFO             PET0 PIOc_freedecomp Exit - MemInfo: [/proc/meminfo - SSI]	MemTotal:       527077124 kB
20220314 015849.893 INFO             PET0 PIOc_freedecomp Exit - MemInfo: [/proc/meminfo - SSI]	MemFree:        517259448 kB
20220314 015849.893 INFO             PET0 PIOc_freedecomp Exit - MemInfo: [/proc/meminfo - SSI]	MemAvailable:   517716952 kB
20220314 015849.893 INFO             PET0 PIOc_freedecomp Exit - MemInfo: [/proc/meminfo - SSI]	Committed_AS:    1684328 kB
20220314 015849.894 INFO             PET0 PIOc_freedecomp Exit - MemInfo: [/proc/meminfo - SSI]	CommittedPercent: 0.31956 %
20220314 015849.894 INFO             PET0 PIOc_freedecomp Exit - MemInfo: [/proc/self/status]	VmPeak:	  180624 kB
20220314 015849.894 INFO             PET0 PIOc_freedecomp Exit - MemInfo: [/proc/self/status]	VmSize:	  180624 kB
20220314 015849.894 INFO             PET0 PIOc_freedecomp Exit - MemInfo: [/proc/self/status]	VmLck:	       0 kB
20220314 015849.894 INFO             PET0 PIOc_freedecomp Exit - MemInfo: [/proc/self/status]	VmPin:	       0 kB
20220314 015849.894 INFO             PET0 PIOc_freedecomp Exit - MemInfo: [/proc/self/status]	VmHWM:	   41320 kB
20220314 015849.894 INFO             PET0 PIOc_freedecomp Exit - MemInfo: [/proc/self/status]	VmRSS:	   39084 kB
20220314 015849.894 INFO             PET0 PIOc_freedecomp Exit - MemInfo: [/proc/self/status]	VmData:	   20500 kB
20220314 015849.894 INFO             PET0 PIOc_freedecomp Exit - MemInfo: [/proc/self/status]	VmStk:	     156 kB
20220314 015849.894 INFO             PET0 PIOc_freedecomp Exit - MemInfo: [/proc/self/status]	VmExe:	     328 kB
20220314 015849.894 INFO             PET0 PIOc_freedecomp Exit - MemInfo: [/proc/self/status]	VmLib:	  103544 kB
20220314 015849.894 INFO             PET0 PIOc_freedecomp Exit - MemInfo: [/proc/self/status]	VmPTE:	     360 kB
20220314 015849.894 INFO             PET0 PIOc_freedecomp Exit - MemInfo: [/proc/self/status]	VmSwap:	       0 kB
20220314 015849.894 INFO             PET0 PIOc_freedecomp Exit - MemInfo: [/proc/self/status]	VmRSSPercent: 0.00741523 %
20220314 015849.894 INFO             PET0 PIOc_freedecomp Exit - MemInfo: [malloc] Non-mmapped space allocated:                10166272 Byte
20220314 015849.894 INFO             PET0 PIOc_freedecomp Exit - MemInfo: [malloc] Space allocated in mmapped regions:          6651904 Byte
20220314 015849.894 INFO             PET0 PIOc_freedecomp Exit - MemInfo: [malloc] Maximum total allocated space:                     0 Byte
20220314 015849.894 INFO             PET0 PIOc_freedecomp Exit - MemInfo: [malloc] Space in freed fastbin blocks:                   480 Byte
20220314 015849.894 INFO             PET0 PIOc_freedecomp Exit - MemInfo: [malloc] Total allocated space:                       1112192 Byte
20220314 015849.894 INFO             PET0 PIOc_freedecomp Exit - MemInfo: [malloc] Total free space:                            9054080 Byte
20220314 015849.894 INFO             PET0 PIOc_freedecomp Exit - MemInfo: [malloc] Top-most, releasable space:                   128304 Byte
20220314 015849.894 INFO             PET0 PIOc_freedecomp Exit - MemInfo: [malloc] Total space in use, mmap + non-mmap:         7764096 Byte
20220314 015849.894 INFO             PET0 PIOc_freedecomp Exit - MemInfo: [malloc] Total space held (mmap + non-mmap):         16818176 Byte
20220314 015849.894 INFO             PET0 PIOc_freedecomp Exit - MemInfo: [malloc] Total space used (mmap + non-mmap):          7772304 Byte
20220314 015849.894 INFO             PET0 PIOc_freedecomp Exit - MemInfo: Wall-clock time since execution start:               0.020082 seconds
20220314 015849.894 INFO             PET0 PASS Create an ESMC_RouteHandle via ESMC_FieldRegridStore(), ESMC_FieldRegridUTest.C, line 367
20220314 015849.894 INFO             PET0 PASS Execute ESMC_FieldRegrid(), ESMC_FieldRegridUTest.C, line 375
20220314 015849.896 INFO             PET0 PIOc_sync Enter - MemInfo: [/proc/meminfo - SSI]	MemTotal:       527077124 kB
20220314 015849.896 INFO             PET0 PIOc_sync Enter - MemInfo: [/proc/meminfo - SSI]	MemFree:        517251288 kB
20220314 015849.896 INFO             PET0 PIOc_sync Enter - MemInfo: [/proc/meminfo - SSI]	MemAvailable:   517708792 kB
20220314 015849.896 INFO             PET0 PIOc_sync Enter - MemInfo: [/proc/meminfo - SSI]	Committed_AS:    1692524 kB
20220314 015849.896 INFO             PET0 PIOc_sync Enter - MemInfo: [/proc/meminfo - SSI]	CommittedPercent: 0.321115 %
20220314 015849.896 INFO             PET0 PIOc_sync Enter - MemInfo: [/proc/self/status]	VmPeak:	  188820 kB
20220314 015849.896 INFO             PET0 PIOc_sync Enter - MemInfo: [/proc/self/status]	VmSize:	  188820 kB
20220314 015849.896 INFO             PET0 PIOc_sync Enter - MemInfo: [/proc/self/status]	VmLck:	       0 kB
20220314 015849.896 INFO             PET0 PIOc_sync Enter - MemInfo: [/proc/self/status]	VmPin:	       0 kB
20220314 015849.896 INFO             PET0 PIOc_sync Enter - MemInfo: [/proc/self/status]	VmHWM:	   47328 kB
20220314 015849.896 INFO             PET0 PIOc_sync Enter - MemInfo: [/proc/self/status]	VmRSS:	   47328 kB
20220314 015849.896 INFO             PET0 PIOc_sync Enter - MemInfo: [/proc/self/status]	VmData:	   28696 kB
20220314 015849.896 INFO             PET0 PIOc_sync Enter - MemInfo: [/proc/self/status]	VmStk:	     156 kB
20220314 015849.896 INFO             PET0 PIOc_sync Enter - MemInfo: [/proc/self/status]	VmExe:	     328 kB
20220314 015849.896 INFO             PET0 PIOc_sync Enter - MemInfo: [/proc/self/status]	VmLib:	  103544 kB
20220314 015849.896 INFO             PET0 PIOc_sync Enter - MemInfo: [/proc/self/status]	VmPTE:	     376 kB
20220314 015849.896 INFO             PET0 PIOc_sync Enter - MemInfo: [/proc/self/status]	VmSwap:	       0 kB
20220314 015849.896 INFO             PET0 PIOc_sync Enter - MemInfo: [/proc/self/status]	VmRSSPercent: 0.00897933 %
20220314 015849.896 INFO             PET0 PIOc_sync Enter - MemInfo: [malloc] Non-mmapped space allocated:                18558976 Byte
20220314 015849.896 INFO             PET0 PIOc_sync Enter - MemInfo: [malloc] Space allocated in mmapped regions:          6651904 Byte
20220314 015849.896 INFO             PET0 PIOc_sync Enter - MemInfo: [malloc] Maximum total allocated space:                     0 Byte
20220314 015849.896 INFO             PET0 PIOc_sync Enter - MemInfo: [malloc] Space in freed fastbin blocks:                     0 Byte
20220314 015849.896 INFO             PET0 PIOc_sync Enter - MemInfo: [malloc] Total allocated space:                      10045104 Byte
20220314 015849.896 INFO             PET0 PIOc_sync Enter - MemInfo: [malloc] Total free space:                            8513872 Byte
20220314 015849.896 INFO             PET0 PIOc_sync Enter - MemInfo: [malloc] Top-most, releasable space:                   132384 Byte
20220314 015849.896 INFO             PET0 PIOc_sync Enter - MemInfo: [malloc] Total space in use, mmap + non-mmap:        16697008 Byte
20220314 015849.896 INFO             PET0 PIOc_sync Enter - MemInfo: [malloc] Total space held (mmap + non-mmap):         25210880 Byte
20220314 015849.896 INFO             PET0 PIOc_sync Enter - MemInfo: [malloc] Total space used (mmap + non-mmap):         16705216 Byte
20220314 015849.896 INFO             PET0 PIOc_sync Enter - MemInfo: Wall-clock time since execution start:              0.0223475 seconds
20220314 015849.896 INFO             PET0 PIOc_sync Exit - MemInfo: [/proc/meminfo - SSI]	MemTotal:       527077124 kB
20220314 015849.896 INFO             PET0 PIOc_sync Exit - MemInfo: [/proc/meminfo - SSI]	MemFree:        517251288 kB
20220314 015849.896 INFO             PET0 PIOc_sync Exit - MemInfo: [/proc/meminfo - SSI]	MemAvailable:   517708792 kB
20220314 015849.896 INFO             PET0 PIOc_sync Exit - MemInfo: [/proc/meminfo - SSI]	Committed_AS:    1692524 kB
20220314 015849.896 INFO             PET0 PIOc_sync Exit - MemInfo: [/proc/meminfo - SSI]	CommittedPercent: 0.321115 %
20220314 015849.896 INFO             PET0 PIOc_sync Exit - MemInfo: [/proc/self/status]	VmPeak:	  188820 kB
20220314 015849.896 INFO             PET0 PIOc_sync Exit - MemInfo: [/proc/self/status]	VmSize:	  188820 kB
20220314 015849.896 INFO             PET0 PIOc_sync Exit - MemInfo: [/proc/self/status]	VmLck:	       0 kB
20220314 015849.896 INFO             PET0 PIOc_sync Exit - MemInfo: [/proc/self/status]	VmPin:	       0 kB
20220314 015849.896 INFO             PET0 PIOc_sync Exit - MemInfo: [/proc/self/status]	VmHWM:	   47328 kB
20220314 015849.896 INFO             PET0 PIOc_sync Exit - MemInfo: [/proc/self/status]	VmRSS:	   47328 kB
20220314 015849.896 INFO             PET0 PIOc_sync Exit - MemInfo: [/proc/self/status]	VmData:	   28696 kB
20220314 015849.896 INFO             PET0 PIOc_sync Exit - MemInfo: [/proc/self/status]	VmStk:	     156 kB
20220314 015849.896 INFO             PET0 PIOc_sync Exit - MemInfo: [/proc/self/status]	VmExe:	     328 kB
20220314 015849.896 INFO             PET0 PIOc_sync Exit - MemInfo: [/proc/self/status]	VmLib:	  103544 kB
20220314 015849.896 INFO             PET0 PIOc_sync Exit - MemInfo: [/proc/self/status]	VmPTE:	     376 kB
20220314 015849.896 INFO             PET0 PIOc_sync Exit - MemInfo: [/proc/self/status]	VmSwap:	       0 kB
20220314 015849.896 INFO             PET0 PIOc_sync Exit - MemInfo: [/proc/self/status]	VmRSSPercent: 0.00897933 %
20220314 015849.896 INFO             PET0 PIOc_sync Exit - MemInfo: [malloc] Non-mmapped space allocated:                18558976 Byte
20220314 015849.896 INFO             PET0 PIOc_sync Exit - MemInfo: [malloc] Space allocated in mmapped regions:          6651904 Byte
20220314 015849.896 INFO             PET0 PIOc_sync Exit - MemInfo: [malloc] Maximum total allocated space:                     0 Byte
20220314 015849.896 INFO             PET0 PIOc_sync Exit - MemInfo: [malloc] Space in freed fastbin blocks:                     0 Byte
20220314 015849.896 INFO             PET0 PIOc_sync Exit - MemInfo: [malloc] Total allocated space:                      10045520 Byte
20220314 015849.896 INFO             PET0 PIOc_sync Exit - MemInfo: [malloc] Total free space:                            8513456 Byte
20220314 015849.896 INFO             PET0 PIOc_sync Exit - MemInfo: [malloc] Top-most, releasable space:                   132384 Byte
20220314 015849.896 INFO             PET0 PIOc_sync Exit - MemInfo: [malloc] Total space in use, mmap + non-mmap:        16697424 Byte
20220314 015849.896 INFO             PET0 PIOc_sync Exit - MemInfo: [malloc] Total space held (mmap + non-mmap):         25210880 Byte
20220314 015849.896 INFO             PET0 PIOc_sync Exit - MemInfo: [malloc] Total space used (mmap + non-mmap):         16705632 Byte
20220314 015849.896 INFO             PET0 PIOc_sync Exit - MemInfo: Wall-clock time since execution start:              0.0225754 seconds
20220314 015849.896 INFO             PET0 PIOc_freedecomp Enter - MemInfo: [/proc/meminfo - SSI]	MemTotal:       527077124 kB
20220314 015849.896 INFO             PET0 PIOc_freedecomp Enter - MemInfo: [/proc/meminfo - SSI]	MemFree:        517251288 kB
20220314 015849.896 INFO             PET0 PIOc_freedecomp Enter - MemInfo: [/proc/meminfo - SSI]	MemAvailable:   517708792 kB
20220314 015849.896 INFO             PET0 PIOc_freedecomp Enter - MemInfo: [/proc/meminfo - SSI]	Committed_AS:    1692524 kB
20220314 015849.896 INFO             PET0 PIOc_freedecomp Enter - MemInfo: [/proc/meminfo - SSI]	CommittedPercent: 0.321115 %
20220314 015849.896 INFO             PET0 PIOc_freedecomp Enter - MemInfo: [/proc/self/status]	VmPeak:	  188820 kB
20220314 015849.896 INFO             PET0 PIOc_freedecomp Enter - MemInfo: [/proc/self/status]	VmSize:	  188820 kB
20220314 015849.896 INFO             PET0 PIOc_freedecomp Enter - MemInfo: [/proc/self/status]	VmLck:	       0 kB
20220314 015849.896 INFO             PET0 PIOc_freedecomp Enter - MemInfo: [/proc/self/status]	VmPin:	       0 kB
20220314 015849.896 INFO             PET0 PIOc_freedecomp Enter - MemInfo: [/proc/self/status]	VmHWM:	   47328 kB
20220314 015849.896 INFO             PET0 PIOc_freedecomp Enter - MemInfo: [/proc/self/status]	VmRSS:	   47328 kB
20220314 015849.896 INFO             PET0 PIOc_freedecomp Enter - MemInfo: [/proc/self/status]	VmData:	   28696 kB
20220314 015849.896 INFO             PET0 PIOc_freedecomp Enter - MemInfo: [/proc/self/status]	VmStk:	     156 kB
20220314 015849.896 INFO             PET0 PIOc_freedecomp Enter - MemInfo: [/proc/self/status]	VmExe:	     328 kB
20220314 015849.896 INFO             PET0 PIOc_freedecomp Enter - MemInfo: [/proc/self/status]	VmLib:	  103544 kB
20220314 015849.896 INFO             PET0 PIOc_freedecomp Enter - MemInfo: [/proc/self/status]	VmPTE:	     376 kB
20220314 015849.896 INFO             PET0 PIOc_freedecomp Enter - MemInfo: [/proc/self/status]	VmSwap:	       0 kB
20220314 015849.896 INFO             PET0 PIOc_freedecomp Enter - MemInfo: [/proc/self/status]	VmRSSPercent: 0.00897933 %
20220314 015849.896 INFO             PET0 PIOc_freedecomp Enter - MemInfo: [malloc] Non-mmapped space allocated:                18558976 Byte
20220314 015849.896 INFO             PET0 PIOc_freedecomp Enter - MemInfo: [malloc] Space allocated in mmapped regions:          6651904 Byte
20220314 015849.896 INFO             PET0 PIOc_freedecomp Enter - MemInfo: [malloc] Maximum total allocated space:                     0 Byte
20220314 015849.896 INFO             PET0 PIOc_freedecomp Enter - MemInfo: [malloc] Space in freed fastbin blocks:                   192 Byte
20220314 015849.896 INFO             PET0 PIOc_freedecomp Enter - MemInfo: [malloc] Total allocated space:                       1121168 Byte
20220314 015849.896 INFO             PET0 PIOc_freedecomp Enter - MemInfo: [malloc] Total free space:                           17437808 Byte
20220314 015849.896 INFO             PET0 PIOc_freedecomp Enter - MemInfo: [malloc] Top-most, releasable space:                  8521008 Byte
20220314 015849.896 INFO             PET0 PIOc_freedecomp Enter - MemInfo: [malloc] Total space in use, mmap + non-mmap:         7773072 Byte
20220314 015849.896 INFO             PET0 PIOc_freedecomp Enter - MemInfo: [malloc] Total space held (mmap + non-mmap):         25210880 Byte
20220314 015849.896 INFO             PET0 PIOc_freedecomp Enter - MemInfo: [malloc] Total space used (mmap + non-mmap):          7781280 Byte
20220314 015849.896 INFO             PET0 PIOc_freedecomp Enter - MemInfo: Wall-clock time since execution start:              0.0228632 seconds
20220314 015849.896 INFO             PET0 PIOc_freedecomp Exit - MemInfo: [/proc/meminfo - SSI]	MemTotal:       527077124 kB
20220314 015849.896 INFO             PET0 PIOc_freedecomp Exit - MemInfo: [/proc/meminfo - SSI]	MemFree:        517251288 kB
20220314 015849.896 INFO             PET0 PIOc_freedecomp Exit - MemInfo: [/proc/meminfo - SSI]	MemAvailable:   517708792 kB
20220314 015849.896 INFO             PET0 PIOc_freedecomp Exit - MemInfo: [/proc/meminfo - SSI]	Committed_AS:    1692524 kB
20220314 015849.897 INFO             PET0 PIOc_freedecomp Exit - MemInfo: [/proc/meminfo - SSI]	CommittedPercent: 0.321115 %
20220314 015849.897 INFO             PET0 PIOc_freedecomp Exit - MemInfo: [/proc/self/status]	VmPeak:	  188820 kB
20220314 015849.897 INFO             PET0 PIOc_freedecomp Exit - MemInfo: [/proc/self/status]	VmSize:	  188820 kB
20220314 015849.897 INFO             PET0 PIOc_freedecomp Exit - MemInfo: [/proc/self/status]	VmLck:	       0 kB
20220314 015849.897 INFO             PET0 PIOc_freedecomp Exit - MemInfo: [/proc/self/status]	VmPin:	       0 kB
20220314 015849.897 INFO             PET0 PIOc_freedecomp Exit - MemInfo: [/proc/self/status]	VmHWM:	   47328 kB
20220314 015849.897 INFO             PET0 PIOc_freedecomp Exit - MemInfo: [/proc/self/status]	VmRSS:	   47328 kB
20220314 015849.897 INFO             PET0 PIOc_freedecomp Exit - MemInfo: [/proc/self/status]	VmData:	   28696 kB
20220314 015849.897 INFO             PET0 PIOc_freedecomp Exit - MemInfo: [/proc/self/status]	VmStk:	     156 kB
20220314 015849.897 INFO             PET0 PIOc_freedecomp Exit - MemInfo: [/proc/self/status]	VmExe:	     328 kB
20220314 015849.897 INFO             PET0 PIOc_freedecomp Exit - MemInfo: [/proc/self/status]	VmLib:	  103544 kB
20220314 015849.897 INFO             PET0 PIOc_freedecomp Exit - MemInfo: [/proc/self/status]	VmPTE:	     376 kB
20220314 015849.897 INFO             PET0 PIOc_freedecomp Exit - MemInfo: [/proc/self/status]	VmSwap:	       0 kB
20220314 015849.897 INFO             PET0 PIOc_freedecomp Exit - MemInfo: [/proc/self/status]	VmRSSPercent: 0.00897933 %
20220314 015849.897 INFO             PET0 PIOc_freedecomp Exit - MemInfo: [malloc] Non-mmapped space allocated:                18558976 Byte
20220314 015849.897 INFO             PET0 PIOc_freedecomp Exit - MemInfo: [malloc] Space allocated in mmapped regions:          6651904 Byte
20220314 015849.897 INFO             PET0 PIOc_freedecomp Exit - MemInfo: [malloc] Maximum total allocated space:                     0 Byte
20220314 015849.897 INFO             PET0 PIOc_freedecomp Exit - MemInfo: [malloc] Space in freed fastbin blocks:                   592 Byte
20220314 015849.897 INFO             PET0 PIOc_freedecomp Exit - MemInfo: [malloc] Total allocated space:                       1120576 Byte
20220314 015849.897 INFO             PET0 PIOc_freedecomp Exit - MemInfo: [malloc] Total free space:                           17438400 Byte
20220314 015849.897 INFO             PET0 PIOc_freedecomp Exit - MemInfo: [malloc] Top-most, releasable space:                  8521008 Byte
20220314 015849.897 INFO             PET0 PIOc_freedecomp Exit - MemInfo: [malloc] Total space in use, mmap + non-mmap:         7772480 Byte
20220314 015849.897 INFO             PET0 PIOc_freedecomp Exit - MemInfo: [malloc] Total space held (mmap + non-mmap):         25210880 Byte
20220314 015849.897 INFO             PET0 PIOc_freedecomp Exit - MemInfo: [malloc] Total space used (mmap + non-mmap):          7780688 Byte
20220314 015849.897 INFO             PET0 PIOc_freedecomp Exit - MemInfo: Wall-clock time since execution start:              0.0230706 seconds
20220314 015849.897 INFO             PET0 PIOc_sync Enter - MemInfo: [/proc/meminfo - SSI]	MemTotal:       527077124 kB
20220314 015849.897 INFO             PET0 PIOc_sync Enter - MemInfo: [/proc/meminfo - SSI]	MemFree:        517251288 kB
20220314 015849.897 INFO             PET0 PIOc_sync Enter - MemInfo: [/proc/meminfo - SSI]	MemAvailable:   517708792 kB
20220314 015849.897 INFO             PET0 PIOc_sync Enter - MemInfo: [/proc/meminfo - SSI]	Committed_AS:    1692524 kB
20220314 015849.897 INFO             PET0 PIOc_sync Enter - MemInfo: [/proc/meminfo - SSI]	CommittedPercent: 0.321115 %
20220314 015849.898 INFO             PET0 PIOc_sync Enter - MemInfo: [/proc/self/status]	VmPeak:	  188820 kB
20220314 015849.898 INFO             PET0 PIOc_sync Enter - MemInfo: [/proc/self/status]	VmSize:	  188820 kB
20220314 015849.898 INFO             PET0 PIOc_sync Enter - MemInfo: [/proc/self/status]	VmLck:	       0 kB
20220314 015849.898 INFO             PET0 PIOc_sync Enter - MemInfo: [/proc/self/status]	VmPin:	       0 kB
20220314 015849.898 INFO             PET0 PIOc_sync Enter - MemInfo: [/proc/self/status]	VmHWM:	   47328 kB
20220314 015849.898 INFO             PET0 PIOc_sync Enter - MemInfo: [/proc/self/status]	VmRSS:	   47328 kB
20220314 015849.898 INFO             PET0 PIOc_sync Enter - MemInfo: [/proc/self/status]	VmData:	   28696 kB
20220314 015849.898 INFO             PET0 PIOc_sync Enter - MemInfo: [/proc/self/status]	VmStk:	     156 kB
20220314 015849.898 INFO             PET0 PIOc_sync Enter - MemInfo: [/proc/self/status]	VmExe:	     328 kB
20220314 015849.898 INFO             PET0 PIOc_sync Enter - MemInfo: [/proc/self/status]	VmLib:	  103544 kB
20220314 015849.898 INFO             PET0 PIOc_sync Enter - MemInfo: [/proc/self/status]	VmPTE:	     376 kB
20220314 015849.898 INFO             PET0 PIOc_sync Enter - MemInfo: [/proc/self/status]	VmSwap:	       0 kB
20220314 015849.898 INFO             PET0 PIOc_sync Enter - MemInfo: [/proc/self/status]	VmRSSPercent: 0.00897933 %
20220314 015849.898 INFO             PET0 PIOc_sync Enter - MemInfo: [malloc] Non-mmapped space allocated:                18558976 Byte
20220314 015849.898 INFO             PET0 PIOc_sync Enter - MemInfo: [malloc] Space allocated in mmapped regions:          6651904 Byte
20220314 015849.898 INFO             PET0 PIOc_sync Enter - MemInfo: [malloc] Maximum total allocated space:                     0 Byte
20220314 015849.898 INFO             PET0 PIOc_sync Enter - MemInfo: [malloc] Space in freed fastbin blocks:                   384 Byte
20220314 015849.898 INFO             PET0 PIOc_sync Enter - MemInfo: [malloc] Total allocated space:                      10046880 Byte
20220314 015849.898 INFO             PET0 PIOc_sync Enter - MemInfo: [malloc] Total free space:                            8512096 Byte
20220314 015849.898 INFO             PET0 PIOc_sync Enter - MemInfo: [malloc] Top-most, releasable space:                   132384 Byte
20220314 015849.898 INFO             PET0 PIOc_sync Enter - MemInfo: [malloc] Total space in use, mmap + non-mmap:        16698784 Byte
20220314 015849.898 INFO             PET0 PIOc_sync Enter - MemInfo: [malloc] Total space held (mmap + non-mmap):         25210880 Byte
20220314 015849.898 INFO             PET0 PIOc_sync Enter - MemInfo: [malloc] Total space used (mmap + non-mmap):         16706992 Byte
20220314 015849.898 INFO             PET0 PIOc_sync Enter - MemInfo: Wall-clock time since execution start:              0.0240667 seconds
20220314 015849.898 INFO             PET0 PIOc_sync Exit - MemInfo: [/proc/meminfo - SSI]	MemTotal:       527077124 kB
20220314 015849.898 INFO             PET0 PIOc_sync Exit - MemInfo: [/proc/meminfo - SSI]	MemFree:        517251288 kB
20220314 015849.898 INFO             PET0 PIOc_sync Exit - MemInfo: [/proc/meminfo - SSI]	MemAvailable:   517708792 kB
20220314 015849.898 INFO             PET0 PIOc_sync Exit - MemInfo: [/proc/meminfo - SSI]	Committed_AS:    1692524 kB
20220314 015849.898 INFO             PET0 PIOc_sync Exit - MemInfo: [/proc/meminfo - SSI]	CommittedPercent: 0.321115 %
20220314 015849.898 INFO             PET0 PIOc_sync Exit - MemInfo: [/proc/self/status]	VmPeak:	  188820 kB
20220314 015849.898 INFO             PET0 PIOc_sync Exit - MemInfo: [/proc/self/status]	VmSize:	  188820 kB
20220314 015849.898 INFO             PET0 PIOc_sync Exit - MemInfo: [/proc/self/status]	VmLck:	       0 kB
20220314 015849.898 INFO             PET0 PIOc_sync Exit - MemInfo: [/proc/self/status]	VmPin:	       0 kB
20220314 015849.898 INFO             PET0 PIOc_sync Exit - MemInfo: [/proc/self/status]	VmHWM:	   47328 kB
20220314 015849.898 INFO             PET0 PIOc_sync Exit - MemInfo: [/proc/self/status]	VmRSS:	   47328 kB
20220314 015849.898 INFO             PET0 PIOc_sync Exit - MemInfo: [/proc/self/status]	VmData:	   28696 kB
20220314 015849.898 INFO             PET0 PIOc_sync Exit - MemInfo: [/proc/self/status]	VmStk:	     156 kB
20220314 015849.898 INFO             PET0 PIOc_sync Exit - MemInfo: [/proc/self/status]	VmExe:	     328 kB
20220314 015849.898 INFO             PET0 PIOc_sync Exit - MemInfo: [/proc/self/status]	VmLib:	  103544 kB
20220314 015849.898 INFO             PET0 PIOc_sync Exit - MemInfo: [/proc/self/status]	VmPTE:	     376 kB
20220314 015849.898 INFO             PET0 PIOc_sync Exit - MemInfo: [/proc/self/status]	VmSwap:	       0 kB
20220314 015849.898 INFO             PET0 PIOc_sync Exit - MemInfo: [/proc/self/status]	VmRSSPercent: 0.00897933 %
20220314 015849.898 INFO             PET0 PIOc_sync Exit - MemInfo: [malloc] Non-mmapped space allocated:                18558976 Byte
20220314 015849.898 INFO             PET0 PIOc_sync Exit - MemInfo: [malloc] Space allocated in mmapped regions:          6651904 Byte
20220314 015849.898 INFO             PET0 PIOc_sync Exit - MemInfo: [malloc] Maximum total allocated space:                     0 Byte
20220314 015849.898 INFO             PET0 PIOc_sync Exit - MemInfo: [malloc] Space in freed fastbin blocks:                     0 Byte
20220314 015849.898 INFO             PET0 PIOc_sync Exit - MemInfo: [malloc] Total allocated space:                      10047152 Byte
20220314 015849.898 INFO             PET0 PIOc_sync Exit - MemInfo: [malloc] Total free space:                            8511824 Byte
20220314 015849.898 INFO             PET0 PIOc_sync Exit - MemInfo: [malloc] Top-most, releasable space:                   132384 Byte
20220314 015849.898 INFO             PET0 PIOc_sync Exit - MemInfo: [malloc] Total space in use, mmap + non-mmap:        16699056 Byte
20220314 015849.898 INFO             PET0 PIOc_sync Exit - MemInfo: [malloc] Total space held (mmap + non-mmap):         25210880 Byte
20220314 015849.898 INFO             PET0 PIOc_sync Exit - MemInfo: [malloc] Total space used (mmap + non-mmap):         16707264 Byte
20220314 015849.898 INFO             PET0 PIOc_sync Exit - MemInfo: Wall-clock time since execution start:               0.024286 seconds
20220314 015849.898 INFO             PET0 PIOc_freedecomp Enter - MemInfo: [/proc/meminfo - SSI]	MemTotal:       527077124 kB
20220314 015849.898 INFO             PET0 PIOc_freedecomp Enter - MemInfo: [/proc/meminfo - SSI]	MemFree:        517251288 kB
20220314 015849.898 INFO             PET0 PIOc_freedecomp Enter - MemInfo: [/proc/meminfo - SSI]	MemAvailable:   517708792 kB
20220314 015849.898 INFO             PET0 PIOc_freedecomp Enter - MemInfo: [/proc/meminfo - SSI]	Committed_AS:    1692524 kB
20220314 015849.898 INFO             PET0 PIOc_freedecomp Enter - MemInfo: [/proc/meminfo - SSI]	CommittedPercent: 0.321115 %
20220314 015849.898 INFO             PET0 PIOc_freedecomp Enter - MemInfo: [/proc/self/status]	VmPeak:	  188820 kB
20220314 015849.898 INFO             PET0 PIOc_freedecomp Enter - MemInfo: [/proc/self/status]	VmSize:	  188820 kB
20220314 015849.898 INFO             PET0 PIOc_freedecomp Enter - MemInfo: [/proc/self/status]	VmLck:	       0 kB
20220314 015849.898 INFO             PET0 PIOc_freedecomp Enter - MemInfo: [/proc/self/status]	VmPin:	       0 kB
20220314 015849.898 INFO             PET0 PIOc_freedecomp Enter - MemInfo: [/proc/self/status]	VmHWM:	   47328 kB
20220314 015849.898 INFO             PET0 PIOc_freedecomp Enter - MemInfo: [/proc/self/status]	VmRSS:	   47328 kB
20220314 015849.898 INFO             PET0 PIOc_freedecomp Enter - MemInfo: [/proc/self/status]	VmData:	   28696 kB
20220314 015849.898 INFO             PET0 PIOc_freedecomp Enter - MemInfo: [/proc/self/status]	VmStk:	     156 kB
20220314 015849.898 INFO             PET0 PIOc_freedecomp Enter - MemInfo: [/proc/self/status]	VmExe:	     328 kB
20220314 015849.898 INFO             PET0 PIOc_freedecomp Enter - MemInfo: [/proc/self/status]	VmLib:	  103544 kB
20220314 015849.898 INFO             PET0 PIOc_freedecomp Enter - MemInfo: [/proc/self/status]	VmPTE:	     376 kB
20220314 015849.898 INFO             PET0 PIOc_freedecomp Enter - MemInfo: [/proc/self/status]	VmSwap:	       0 kB
20220314 015849.898 INFO             PET0 PIOc_freedecomp Enter - MemInfo: [/proc/self/status]	VmRSSPercent: 0.00897933 %
20220314 015849.898 INFO             PET0 PIOc_freedecomp Enter - MemInfo: [malloc] Non-mmapped space allocated:                18558976 Byte
20220314 015849.898 INFO             PET0 PIOc_freedecomp Enter - MemInfo: [malloc] Space allocated in mmapped regions:          6651904 Byte
20220314 015849.898 INFO             PET0 PIOc_freedecomp Enter - MemInfo: [malloc] Maximum total allocated space:                     0 Byte
20220314 015849.898 INFO             PET0 PIOc_freedecomp Enter - MemInfo: [malloc] Space in freed fastbin blocks:                   272 Byte
20220314 015849.898 INFO             PET0 PIOc_freedecomp Enter - MemInfo: [malloc] Total allocated space:                       1121872 Byte
20220314 015849.898 INFO             PET0 PIOc_freedecomp Enter - MemInfo: [malloc] Total free space:                           17437104 Byte
20220314 015849.898 INFO             PET0 PIOc_freedecomp Enter - MemInfo: [malloc] Top-most, releasable space:                  8521008 Byte
20220314 015849.898 INFO             PET0 PIOc_freedecomp Enter - MemInfo: [malloc] Total space in use, mmap + non-mmap:         7773776 Byte
20220314 015849.898 INFO             PET0 PIOc_freedecomp Enter - MemInfo: [malloc] Total space held (mmap + non-mmap):         25210880 Byte
20220314 015849.898 INFO             PET0 PIOc_freedecomp Enter - MemInfo: [malloc] Total space used (mmap + non-mmap):          7781984 Byte
20220314 015849.898 INFO             PET0 PIOc_freedecomp Enter - MemInfo: Wall-clock time since execution start:              0.0245767 seconds
20220314 015849.898 INFO             PET0 PIOc_freedecomp Exit - MemInfo: [/proc/meminfo - SSI]	MemTotal:       527077124 kB
20220314 015849.898 INFO             PET0 PIOc_freedecomp Exit - MemInfo: [/proc/meminfo - SSI]	MemFree:        517251288 kB
20220314 015849.898 INFO             PET0 PIOc_freedecomp Exit - MemInfo: [/proc/meminfo - SSI]	MemAvailable:   517708792 kB
20220314 015849.898 INFO             PET0 PIOc_freedecomp Exit - MemInfo: [/proc/meminfo - SSI]	Committed_AS:    1692524 kB
20220314 015849.898 INFO             PET0 PIOc_freedecomp Exit - MemInfo: [/proc/meminfo - SSI]	CommittedPercent: 0.321115 %
20220314 015849.898 INFO             PET0 PIOc_freedecomp Exit - MemInfo: [/proc/self/status]	VmPeak:	  188820 kB
20220314 015849.898 INFO             PET0 PIOc_freedecomp Exit - MemInfo: [/proc/self/status]	VmSize:	  188820 kB
20220314 015849.898 INFO             PET0 PIOc_freedecomp Exit - MemInfo: [/proc/self/status]	VmLck:	       0 kB
20220314 015849.898 INFO             PET0 PIOc_freedecomp Exit - MemInfo: [/proc/self/status]	VmPin:	       0 kB
20220314 015849.898 INFO             PET0 PIOc_freedecomp Exit - MemInfo: [/proc/self/status]	VmHWM:	   47328 kB
20220314 015849.898 INFO             PET0 PIOc_freedecomp Exit - MemInfo: [/proc/self/status]	VmRSS:	   47328 kB
20220314 015849.898 INFO             PET0 PIOc_freedecomp Exit - MemInfo: [/proc/self/status]	VmData:	   28696 kB
20220314 015849.898 INFO             PET0 PIOc_freedecomp Exit - MemInfo: [/proc/self/status]	VmStk:	     156 kB
20220314 015849.898 INFO             PET0 PIOc_freedecomp Exit - MemInfo: [/proc/self/status]	VmExe:	     328 kB
20220314 015849.898 INFO             PET0 PIOc_freedecomp Exit - MemInfo: [/proc/self/status]	VmLib:	  103544 kB
20220314 015849.898 INFO             PET0 PIOc_freedecomp Exit - MemInfo: [/proc/self/status]	VmPTE:	     376 kB
20220314 015849.898 INFO             PET0 PIOc_freedecomp Exit - MemInfo: [/proc/self/status]	VmSwap:	       0 kB
20220314 015849.898 INFO             PET0 PIOc_freedecomp Exit - MemInfo: [/proc/self/status]	VmRSSPercent: 0.00897933 %
20220314 015849.898 INFO             PET0 PIOc_freedecomp Exit - MemInfo: [malloc] Non-mmapped space allocated:                18558976 Byte
20220314 015849.898 INFO             PET0 PIOc_freedecomp Exit - MemInfo: [malloc] Space allocated in mmapped regions:          6651904 Byte
20220314 015849.898 INFO             PET0 PIOc_freedecomp Exit - MemInfo: [malloc] Maximum total allocated space:                     0 Byte
20220314 015849.898 INFO             PET0 PIOc_freedecomp Exit - MemInfo: [malloc] Space in freed fastbin blocks:                   592 Byte
20220314 015849.898 INFO             PET0 PIOc_freedecomp Exit - MemInfo: [malloc] Total allocated space:                       1121280 Byte
20220314 015849.898 INFO             PET0 PIOc_freedecomp Exit - MemInfo: [malloc] Total free space:                           17437696 Byte
20220314 015849.898 INFO             PET0 PIOc_freedecomp Exit - MemInfo: [malloc] Top-most, releasable space:                  8521008 Byte
20220314 015849.898 INFO             PET0 PIOc_freedecomp Exit - MemInfo: [malloc] Total space in use, mmap + non-mmap:         7773184 Byte
20220314 015849.898 INFO             PET0 PIOc_freedecomp Exit - MemInfo: [malloc] Total space held (mmap + non-mmap):         25210880 Byte
20220314 015849.898 INFO             PET0 PIOc_freedecomp Exit - MemInfo: [malloc] Total space used (mmap + non-mmap):          7781392 Byte
20220314 015849.898 INFO             PET0 PIOc_freedecomp Exit - MemInfo: Wall-clock time since execution start:              0.0247817 seconds
20220314 015849.899 INFO             PET0 PIOc_sync Enter - MemInfo: [/proc/meminfo - SSI]	MemTotal:       527077124 kB
20220314 015849.899 INFO             PET0 PIOc_sync Enter - MemInfo: [/proc/meminfo - SSI]	MemFree:        517251288 kB
20220314 015849.899 INFO             PET0 PIOc_sync Enter - MemInfo: [/proc/meminfo - SSI]	MemAvailable:   517708792 kB
20220314 015849.899 INFO             PET0 PIOc_sync Enter - MemInfo: [/proc/meminfo - SSI]	Committed_AS:    1692524 kB
20220314 015849.899 INFO             PET0 PIOc_sync Enter - MemInfo: [/proc/meminfo - SSI]	CommittedPercent: 0.321115 %
20220314 015849.899 INFO             PET0 PIOc_sync Enter - MemInfo: [/proc/self/status]	VmPeak:	  188820 kB
20220314 015849.899 INFO             PET0 PIOc_sync Enter - MemInfo: [/proc/self/status]	VmSize:	  188820 kB
20220314 015849.899 INFO             PET0 PIOc_sync Enter - MemInfo: [/proc/self/status]	VmLck:	       0 kB
20220314 015849.899 INFO             PET0 PIOc_sync Enter - MemInfo: [/proc/self/status]	VmPin:	       0 kB
20220314 015849.899 INFO             PET0 PIOc_sync Enter - MemInfo: [/proc/self/status]	VmHWM:	   47328 kB
20220314 015849.899 INFO             PET0 PIOc_sync Enter - MemInfo: [/proc/self/status]	VmRSS:	   47328 kB
20220314 015849.899 INFO             PET0 PIOc_sync Enter - MemInfo: [/proc/self/status]	VmData:	   28696 kB
20220314 015849.899 INFO             PET0 PIOc_sync Enter - MemInfo: [/proc/self/status]	VmStk:	     156 kB
20220314 015849.899 INFO             PET0 PIOc_sync Enter - MemInfo: [/proc/self/status]	VmExe:	     328 kB
20220314 015849.899 INFO             PET0 PIOc_sync Enter - MemInfo: [/proc/self/status]	VmLib:	  103544 kB
20220314 015849.899 INFO             PET0 PIOc_sync Enter - MemInfo: [/proc/self/status]	VmPTE:	     376 kB
20220314 015849.899 INFO             PET0 PIOc_sync Enter - MemInfo: [/proc/self/status]	VmSwap:	       0 kB
20220314 015849.899 INFO             PET0 PIOc_sync Enter - MemInfo: [/proc/self/status]	VmRSSPercent: 0.00897933 %
20220314 015849.899 INFO             PET0 PIOc_sync Enter - MemInfo: [malloc] Non-mmapped space allocated:                18558976 Byte
20220314 015849.899 INFO             PET0 PIOc_sync Enter - MemInfo: [malloc] Space allocated in mmapped regions:          6651904 Byte
20220314 015849.899 INFO             PET0 PIOc_sync Enter - MemInfo: [malloc] Maximum total allocated space:                     0 Byte
20220314 015849.899 INFO             PET0 PIOc_sync Enter - MemInfo: [malloc] Space in freed fastbin blocks:                   576 Byte
20220314 015849.899 INFO             PET0 PIOc_sync Enter - MemInfo: [malloc] Total allocated space:                      10048016 Byte
20220314 015849.899 INFO             PET0 PIOc_sync Enter - MemInfo: [malloc] Total free space:                            8510960 Byte
20220314 015849.899 INFO             PET0 PIOc_sync Enter - MemInfo: [malloc] Top-most, releasable space:                   132384 Byte
20220314 015849.899 INFO             PET0 PIOc_sync Enter - MemInfo: [malloc] Total space in use, mmap + non-mmap:        16699920 Byte
20220314 015849.899 INFO             PET0 PIOc_sync Enter - MemInfo: [malloc] Total space held (mmap + non-mmap):         25210880 Byte
20220314 015849.899 INFO             PET0 PIOc_sync Enter - MemInfo: [malloc] Total space used (mmap + non-mmap):         16708352 Byte
20220314 015849.899 INFO             PET0 PIOc_sync Enter - MemInfo: Wall-clock time since execution start:              0.0256346 seconds
20220314 015849.899 INFO             PET0 PIOc_sync Exit - MemInfo: [/proc/meminfo - SSI]	MemTotal:       527077124 kB
20220314 015849.899 INFO             PET0 PIOc_sync Exit - MemInfo: [/proc/meminfo - SSI]	MemFree:        517251288 kB
20220314 015849.899 INFO             PET0 PIOc_sync Exit - MemInfo: [/proc/meminfo - SSI]	MemAvailable:   517708792 kB
20220314 015849.899 INFO             PET0 PIOc_sync Exit - MemInfo: [/proc/meminfo - SSI]	Committed_AS:    1692524 kB
20220314 015849.899 INFO             PET0 PIOc_sync Exit - MemInfo: [/proc/meminfo - SSI]	CommittedPercent: 0.321115 %
20220314 015849.899 INFO             PET0 PIOc_sync Exit - MemInfo: [/proc/self/status]	VmPeak:	  188820 kB
20220314 015849.899 INFO             PET0 PIOc_sync Exit - MemInfo: [/proc/self/status]	VmSize:	  188820 kB
20220314 015849.899 INFO             PET0 PIOc_sync Exit - MemInfo: [/proc/self/status]	VmLck:	       0 kB
20220314 015849.899 INFO             PET0 PIOc_sync Exit - MemInfo: [/proc/self/status]	VmPin:	       0 kB
20220314 015849.899 INFO             PET0 PIOc_sync Exit - MemInfo: [/proc/self/status]	VmHWM:	   47328 kB
20220314 015849.899 INFO             PET0 PIOc_sync Exit - MemInfo: [/proc/self/status]	VmRSS:	   47328 kB
20220314 015849.899 INFO             PET0 PIOc_sync Exit - MemInfo: [/proc/self/status]	VmData:	   28696 kB
20220314 015849.899 INFO             PET0 PIOc_sync Exit - MemInfo: [/proc/self/status]	VmStk:	     156 kB
20220314 015849.899 INFO             PET0 PIOc_sync Exit - MemInfo: [/proc/self/status]	VmExe:	     328 kB
20220314 015849.899 INFO             PET0 PIOc_sync Exit - MemInfo: [/proc/self/status]	VmLib:	  103544 kB
20220314 015849.899 INFO             PET0 PIOc_sync Exit - MemInfo: [/proc/self/status]	VmPTE:	     376 kB
20220314 015849.899 INFO             PET0 PIOc_sync Exit - MemInfo: [/proc/self/status]	VmSwap:	       0 kB
20220314 015849.899 INFO             PET0 PIOc_sync Exit - MemInfo: [/proc/self/status]	VmRSSPercent: 0.00897933 %
20220314 015849.899 INFO             PET0 PIOc_sync Exit - MemInfo: [malloc] Non-mmapped space allocated:                18558976 Byte
20220314 015849.899 INFO             PET0 PIOc_sync Exit - MemInfo: [malloc] Space allocated in mmapped regions:          6651904 Byte
20220314 015849.899 INFO             PET0 PIOc_sync Exit - MemInfo: [malloc] Maximum total allocated space:                     0 Byte
20220314 015849.899 INFO             PET0 PIOc_sync Exit - MemInfo: [malloc] Space in freed fastbin blocks:                    64 Byte
20220314 015849.899 INFO             PET0 PIOc_sync Exit - MemInfo: [malloc] Total allocated space:                      10048528 Byte
20220314 015849.899 INFO             PET0 PIOc_sync Exit - MemInfo: [malloc] Total free space:                            8510448 Byte
20220314 015849.899 INFO             PET0 PIOc_sync Exit - MemInfo: [malloc] Top-most, releasable space:                   132384 Byte
20220314 015849.899 INFO             PET0 PIOc_sync Exit - MemInfo: [malloc] Total space in use, mmap + non-mmap:        16700432 Byte
20220314 015849.899 INFO             PET0 PIOc_sync Exit - MemInfo: [malloc] Total space held (mmap + non-mmap):         25210880 Byte
20220314 015849.899 INFO             PET0 PIOc_sync Exit - MemInfo: [malloc] Total space used (mmap + non-mmap):         16708640 Byte
20220314 015849.899 INFO             PET0 PIOc_sync Exit - MemInfo: Wall-clock time since execution start:               0.025855 seconds
20220314 015849.900 INFO             PET0 PIOc_freedecomp Enter - MemInfo: [/proc/meminfo - SSI]	MemTotal:       527077124 kB
20220314 015849.900 INFO             PET0 PIOc_freedecomp Enter - MemInfo: [/proc/meminfo - SSI]	MemFree:        517251288 kB
20220314 015849.900 INFO             PET0 PIOc_freedecomp Enter - MemInfo: [/proc/meminfo - SSI]	MemAvailable:   517708792 kB
20220314 015849.900 INFO             PET0 PIOc_freedecomp Enter - MemInfo: [/proc/meminfo - SSI]	Committed_AS:    1692524 kB
20220314 015849.900 INFO             PET0 PIOc_freedecomp Enter - MemInfo: [/proc/meminfo - SSI]	CommittedPercent: 0.321115 %
20220314 015849.900 INFO             PET0 PIOc_freedecomp Enter - MemInfo: [/proc/self/status]	VmPeak:	  188820 kB
20220314 015849.900 INFO             PET0 PIOc_freedecomp Enter - MemInfo: [/proc/self/status]	VmSize:	  188820 kB
20220314 015849.900 INFO             PET0 PIOc_freedecomp Enter - MemInfo: [/proc/self/status]	VmLck:	       0 kB
20220314 015849.900 INFO             PET0 PIOc_freedecomp Enter - MemInfo: [/proc/self/status]	VmPin:	       0 kB
20220314 015849.900 INFO             PET0 PIOc_freedecomp Enter - MemInfo: [/proc/self/status]	VmHWM:	   47328 kB
20220314 015849.900 INFO             PET0 PIOc_freedecomp Enter - MemInfo: [/proc/self/status]	VmRSS:	   47328 kB
20220314 015849.900 INFO             PET0 PIOc_freedecomp Enter - MemInfo: [/proc/self/status]	VmData:	   28696 kB
20220314 015849.900 INFO             PET0 PIOc_freedecomp Enter - MemInfo: [/proc/self/status]	VmStk:	     156 kB
20220314 015849.900 INFO             PET0 PIOc_freedecomp Enter - MemInfo: [/proc/self/status]	VmExe:	     328 kB
20220314 015849.900 INFO             PET0 PIOc_freedecomp Enter - MemInfo: [/proc/self/status]	VmLib:	  103544 kB
20220314 015849.900 INFO             PET0 PIOc_freedecomp Enter - MemInfo: [/proc/self/status]	VmPTE:	     376 kB
20220314 015849.900 INFO             PET0 PIOc_freedecomp Enter - MemInfo: [/proc/self/status]	VmSwap:	       0 kB
20220314 015849.900 INFO             PET0 PIOc_freedecomp Enter - MemInfo: [/proc/self/status]	VmRSSPercent: 0.00897933 %
20220314 015849.900 INFO             PET0 PIOc_freedecomp Enter - MemInfo: [malloc] Non-mmapped space allocated:                18558976 Byte
20220314 015849.900 INFO             PET0 PIOc_freedecomp Enter - MemInfo: [malloc] Space allocated in mmapped regions:          6651904 Byte
20220314 015849.900 INFO             PET0 PIOc_freedecomp Enter - MemInfo: [malloc] Maximum total allocated space:                     0 Byte
20220314 015849.900 INFO             PET0 PIOc_freedecomp Enter - MemInfo: [malloc] Space in freed fastbin blocks:                   272 Byte
20220314 015849.900 INFO             PET0 PIOc_freedecomp Enter - MemInfo: [malloc] Total allocated space:                       1122176 Byte
20220314 015849.900 INFO             PET0 PIOc_freedecomp Enter - MemInfo: [malloc] Total free space:                           17436800 Byte
20220314 015849.900 INFO             PET0 PIOc_freedecomp Enter - MemInfo: [malloc] Top-most, releasable space:                  8521008 Byte
20220314 015849.900 INFO             PET0 PIOc_freedecomp Enter - MemInfo: [malloc] Total space in use, mmap + non-mmap:         7774080 Byte
20220314 015849.900 INFO             PET0 PIOc_freedecomp Enter - MemInfo: [malloc] Total space held (mmap + non-mmap):         25210880 Byte
20220314 015849.900 INFO             PET0 PIOc_freedecomp Enter - MemInfo: [malloc] Total space used (mmap + non-mmap):          7782288 Byte
20220314 015849.900 INFO             PET0 PIOc_freedecomp Enter - MemInfo: Wall-clock time since execution start:              0.0261267 seconds
20220314 015849.900 INFO             PET0 PIOc_freedecomp Exit - MemInfo: [/proc/meminfo - SSI]	MemTotal:       527077124 kB
20220314 015849.900 INFO             PET0 PIOc_freedecomp Exit - MemInfo: [/proc/meminfo - SSI]	MemFree:        517251288 kB
20220314 015849.900 INFO             PET0 PIOc_freedecomp Exit - MemInfo: [/proc/meminfo - SSI]	MemAvailable:   517708792 kB
20220314 015849.900 INFO             PET0 PIOc_freedecomp Exit - MemInfo: [/proc/meminfo - SSI]	Committed_AS:    1692524 kB
20220314 015849.900 INFO             PET0 PIOc_freedecomp Exit - MemInfo: [/proc/meminfo - SSI]	CommittedPercent: 0.321115 %
20220314 015849.900 INFO             PET0 PIOc_freedecomp Exit - MemInfo: [/proc/self/status]	VmPeak:	  188820 kB
20220314 015849.900 INFO             PET0 PIOc_freedecomp Exit - MemInfo: [/proc/self/status]	VmSize:	  188820 kB
20220314 015849.900 INFO             PET0 PIOc_freedecomp Exit - MemInfo: [/proc/self/status]	VmLck:	       0 kB
20220314 015849.900 INFO             PET0 PIOc_freedecomp Exit - MemInfo: [/proc/self/status]	VmPin:	       0 kB
20220314 015849.900 INFO             PET0 PIOc_freedecomp Exit - MemInfo: [/proc/self/status]	VmHWM:	   47328 kB
20220314 015849.900 INFO             PET0 PIOc_freedecomp Exit - MemInfo: [/proc/self/status]	VmRSS:	   47328 kB
20220314 015849.900 INFO             PET0 PIOc_freedecomp Exit - MemInfo: [/proc/self/status]	VmData:	   28696 kB
20220314 015849.900 INFO             PET0 PIOc_freedecomp Exit - MemInfo: [/proc/self/status]	VmStk:	     156 kB
20220314 015849.900 INFO             PET0 PIOc_freedecomp Exit - MemInfo: [/proc/self/status]	VmExe:	     328 kB
20220314 015849.900 INFO             PET0 PIOc_freedecomp Exit - MemInfo: [/proc/self/status]	VmLib:	  103544 kB
20220314 015849.900 INFO             PET0 PIOc_freedecomp Exit - MemInfo: [/proc/self/status]	VmPTE:	     376 kB
20220314 015849.900 INFO             PET0 PIOc_freedecomp Exit - MemInfo: [/proc/self/status]	VmSwap:	       0 kB
20220314 015849.900 INFO             PET0 PIOc_freedecomp Exit - MemInfo: [/proc/self/status]	VmRSSPercent: 0.00897933 %
20220314 015849.900 INFO             PET0 PIOc_freedecomp Exit - MemInfo: [malloc] Non-mmapped space allocated:                18558976 Byte
20220314 015849.900 INFO             PET0 PIOc_freedecomp Exit - MemInfo: [malloc] Space allocated in mmapped regions:          6651904 Byte
20220314 015849.900 INFO             PET0 PIOc_freedecomp Exit - MemInfo: [malloc] Maximum total allocated space:                     0 Byte
20220314 015849.900 INFO             PET0 PIOc_freedecomp Exit - MemInfo: [malloc] Space in freed fastbin blocks:                   592 Byte
20220314 015849.900 INFO             PET0 PIOc_freedecomp Exit - MemInfo: [malloc] Total allocated space:                       1121584 Byte
20220314 015849.900 INFO             PET0 PIOc_freedecomp Exit - MemInfo: [malloc] Total free space:                           17437392 Byte
20220314 015849.900 INFO             PET0 PIOc_freedecomp Exit - MemInfo: [malloc] Top-most, releasable space:                  8521008 Byte
20220314 015849.900 INFO             PET0 PIOc_freedecomp Exit - MemInfo: [malloc] Total space in use, mmap + non-mmap:         7773488 Byte
20220314 015849.900 INFO             PET0 PIOc_freedecomp Exit - MemInfo: [malloc] Total space held (mmap + non-mmap):         25210880 Byte
20220314 015849.900 INFO             PET0 PIOc_freedecomp Exit - MemInfo: [malloc] Total space used (mmap + non-mmap):          7781696 Byte
20220314 015849.900 INFO             PET0 PIOc_freedecomp Exit - MemInfo: Wall-clock time since execution start:              0.0263339 seconds
20220314 015849.901 INFO             PET0 PIOc_sync Enter - MemInfo: [/proc/meminfo - SSI]	MemTotal:       527077124 kB
20220314 015849.901 INFO             PET0 PIOc_sync Enter - MemInfo: [/proc/meminfo - SSI]	MemFree:        517251288 kB
20220314 015849.901 INFO             PET0 PIOc_sync Enter - MemInfo: [/proc/meminfo - SSI]	MemAvailable:   517708792 kB
20220314 015849.901 INFO             PET0 PIOc_sync Enter - MemInfo: [/proc/meminfo - SSI]	Committed_AS:    1692524 kB
20220314 015849.901 INFO             PET0 PIOc_sync Enter - MemInfo: [/proc/meminfo - SSI]	CommittedPercent: 0.321115 %
20220314 015849.901 INFO             PET0 PIOc_sync Enter - MemInfo: [/proc/self/status]	VmPeak:	  188820 kB
20220314 015849.901 INFO             PET0 PIOc_sync Enter - MemInfo: [/proc/self/status]	VmSize:	  188820 kB
20220314 015849.901 INFO             PET0 PIOc_sync Enter - MemInfo: [/proc/self/status]	VmLck:	       0 kB
20220314 015849.901 INFO             PET0 PIOc_sync Enter - MemInfo: [/proc/self/status]	VmPin:	       0 kB
20220314 015849.901 INFO             PET0 PIOc_sync Enter - MemInfo: [/proc/self/status]	VmHWM:	   47328 kB
20220314 015849.901 INFO             PET0 PIOc_sync Enter - MemInfo: [/proc/self/status]	VmRSS:	   47328 kB
20220314 015849.901 INFO             PET0 PIOc_sync Enter - MemInfo: [/proc/self/status]	VmData:	   28696 kB
20220314 015849.901 INFO             PET0 PIOc_sync Enter - MemInfo: [/proc/self/status]	VmStk:	     156 kB
20220314 015849.901 INFO             PET0 PIOc_sync Enter - MemInfo: [/proc/self/status]	VmExe:	     328 kB
20220314 015849.901 INFO             PET0 PIOc_sync Enter - MemInfo: [/proc/self/status]	VmLib:	  103544 kB
20220314 015849.901 INFO             PET0 PIOc_sync Enter - MemInfo: [/proc/self/status]	VmPTE:	     376 kB
20220314 015849.901 INFO             PET0 PIOc_sync Enter - MemInfo: [/proc/self/status]	VmSwap:	       0 kB
20220314 015849.901 INFO             PET0 PIOc_sync Enter - MemInfo: [/proc/self/status]	VmRSSPercent: 0.00897933 %
20220314 015849.901 INFO             PET0 PIOc_sync Enter - MemInfo: [malloc] Non-mmapped space allocated:                18558976 Byte
20220314 015849.901 INFO             PET0 PIOc_sync Enter - MemInfo: [malloc] Space allocated in mmapped regions:          6651904 Byte
20220314 015849.901 INFO             PET0 PIOc_sync Enter - MemInfo: [malloc] Maximum total allocated space:                     0 Byte
20220314 015849.901 INFO             PET0 PIOc_sync Enter - MemInfo: [malloc] Space in freed fastbin blocks:                  1344 Byte
20220314 015849.901 INFO             PET0 PIOc_sync Enter - MemInfo: [malloc] Total allocated space:                      10048976 Byte
20220314 015849.901 INFO             PET0 PIOc_sync Enter - MemInfo: [malloc] Total free space:                            8510000 Byte
20220314 015849.901 INFO             PET0 PIOc_sync Enter - MemInfo: [malloc] Top-most, releasable space:                   132384 Byte
20220314 015849.901 INFO             PET0 PIOc_sync Enter - MemInfo: [malloc] Total space in use, mmap + non-mmap:        16700880 Byte
20220314 015849.901 INFO             PET0 PIOc_sync Enter - MemInfo: [malloc] Total space held (mmap + non-mmap):         25210880 Byte
20220314 015849.901 INFO             PET0 PIOc_sync Enter - MemInfo: [malloc] Total space used (mmap + non-mmap):         16709424 Byte
20220314 015849.901 INFO             PET0 PIOc_sync Enter - MemInfo: Wall-clock time since execution start:              0.0271658 seconds
20220314 015849.901 INFO             PET0 PIOc_sync Exit - MemInfo: [/proc/meminfo - SSI]	MemTotal:       527077124 kB
20220314 015849.901 INFO             PET0 PIOc_sync Exit - MemInfo: [/proc/meminfo - SSI]	MemFree:        517251288 kB
20220314 015849.901 INFO             PET0 PIOc_sync Exit - MemInfo: [/proc/meminfo - SSI]	MemAvailable:   517708792 kB
20220314 015849.901 INFO             PET0 PIOc_sync Exit - MemInfo: [/proc/meminfo - SSI]	Committed_AS:    1692524 kB
20220314 015849.901 INFO             PET0 PIOc_sync Exit - MemInfo: [/proc/meminfo - SSI]	CommittedPercent: 0.321115 %
20220314 015849.901 INFO             PET0 PIOc_sync Exit - MemInfo: [/proc/self/status]	VmPeak:	  188820 kB
20220314 015849.901 INFO             PET0 PIOc_sync Exit - MemInfo: [/proc/self/status]	VmSize:	  188820 kB
20220314 015849.901 INFO             PET0 PIOc_sync Exit - MemInfo: [/proc/self/status]	VmLck:	       0 kB
20220314 015849.901 INFO             PET0 PIOc_sync Exit - MemInfo: [/proc/self/status]	VmPin:	       0 kB
20220314 015849.901 INFO             PET0 PIOc_sync Exit - MemInfo: [/proc/self/status]	VmHWM:	   47328 kB
20220314 015849.901 INFO             PET0 PIOc_sync Exit - MemInfo: [/proc/self/status]	VmRSS:	   47328 kB
20220314 015849.901 INFO             PET0 PIOc_sync Exit - MemInfo: [/proc/self/status]	VmData:	   28696 kB
20220314 015849.901 INFO             PET0 PIOc_sync Exit - MemInfo: [/proc/self/status]	VmStk:	     156 kB
20220314 015849.901 INFO             PET0 PIOc_sync Exit - MemInfo: [/proc/self/status]	VmExe:	     328 kB
20220314 015849.901 INFO             PET0 PIOc_sync Exit - MemInfo: [/proc/self/status]	VmLib:	  103544 kB
20220314 015849.901 INFO             PET0 PIOc_sync Exit - MemInfo: [/proc/self/status]	VmPTE:	     376 kB
20220314 015849.901 INFO             PET0 PIOc_sync Exit - MemInfo: [/proc/self/status]	VmSwap:	       0 kB
20220314 015849.901 INFO             PET0 PIOc_sync Exit - MemInfo: [/proc/self/status]	VmRSSPercent: 0.00897933 %
20220314 015849.901 INFO             PET0 PIOc_sync Exit - MemInfo: [malloc] Non-mmapped space allocated:                18558976 Byte
20220314 015849.901 INFO             PET0 PIOc_sync Exit - MemInfo: [malloc] Space allocated in mmapped regions:          6651904 Byte
20220314 015849.901 INFO             PET0 PIOc_sync Exit - MemInfo: [malloc] Maximum total allocated space:                     0 Byte
20220314 015849.901 INFO             PET0 PIOc_sync Exit - MemInfo: [malloc] Space in freed fastbin blocks:                   176 Byte
20220314 015849.901 INFO             PET0 PIOc_sync Exit - MemInfo: [malloc] Total allocated space:                      10049712 Byte
20220314 015849.901 INFO             PET0 PIOc_sync Exit - MemInfo: [malloc] Total free space:                            8509264 Byte
20220314 015849.901 INFO             PET0 PIOc_sync Exit - MemInfo: [malloc] Top-most, releasable space:                   132384 Byte
20220314 015849.901 INFO             PET0 PIOc_sync Exit - MemInfo: [malloc] Total space in use, mmap + non-mmap:        16701616 Byte
20220314 015849.901 INFO             PET0 PIOc_sync Exit - MemInfo: [malloc] Total space held (mmap + non-mmap):         25210880 Byte
20220314 015849.901 INFO             PET0 PIOc_sync Exit - MemInfo: [malloc] Total space used (mmap + non-mmap):         16709824 Byte
20220314 015849.901 INFO             PET0 PIOc_sync Exit - MemInfo: Wall-clock time since execution start:              0.0273853 seconds
20220314 015849.901 INFO             PET0 PIOc_freedecomp Enter - MemInfo: [/proc/meminfo - SSI]	MemTotal:       527077124 kB
20220314 015849.901 INFO             PET0 PIOc_freedecomp Enter - MemInfo: [/proc/meminfo - SSI]	MemFree:        517251288 kB
20220314 015849.901 INFO             PET0 PIOc_freedecomp Enter - MemInfo: [/proc/meminfo - SSI]	MemAvailable:   517708792 kB
20220314 015849.901 INFO             PET0 PIOc_freedecomp Enter - MemInfo: [/proc/meminfo - SSI]	Committed_AS:    1692524 kB
20220314 015849.901 INFO             PET0 PIOc_freedecomp Enter - MemInfo: [/proc/meminfo - SSI]	CommittedPercent: 0.321115 %
20220314 015849.901 INFO             PET0 PIOc_freedecomp Enter - MemInfo: [/proc/self/status]	VmPeak:	  188820 kB
20220314 015849.901 INFO             PET0 PIOc_freedecomp Enter - MemInfo: [/proc/self/status]	VmSize:	  188820 kB
20220314 015849.901 INFO             PET0 PIOc_freedecomp Enter - MemInfo: [/proc/self/status]	VmLck:	       0 kB
20220314 015849.901 INFO             PET0 PIOc_freedecomp Enter - MemInfo: [/proc/self/status]	VmPin:	       0 kB
20220314 015849.901 INFO             PET0 PIOc_freedecomp Enter - MemInfo: [/proc/self/status]	VmHWM:	   47328 kB
20220314 015849.901 INFO             PET0 PIOc_freedecomp Enter - MemInfo: [/proc/self/status]	VmRSS:	   47328 kB
20220314 015849.901 INFO             PET0 PIOc_freedecomp Enter - MemInfo: [/proc/self/status]	VmData:	   28696 kB
20220314 015849.901 INFO             PET0 PIOc_freedecomp Enter - MemInfo: [/proc/self/status]	VmStk:	     156 kB
20220314 015849.901 INFO             PET0 PIOc_freedecomp Enter - MemInfo: [/proc/self/status]	VmExe:	     328 kB
20220314 015849.901 INFO             PET0 PIOc_freedecomp Enter - MemInfo: [/proc/self/status]	VmLib:	  103544 kB
20220314 015849.901 INFO             PET0 PIOc_freedecomp Enter - MemInfo: [/proc/self/status]	VmPTE:	     376 kB
20220314 015849.901 INFO             PET0 PIOc_freedecomp Enter - MemInfo: [/proc/self/status]	VmSwap:	       0 kB
20220314 015849.901 INFO             PET0 PIOc_freedecomp Enter - MemInfo: [/proc/self/status]	VmRSSPercent: 0.00897933 %
20220314 015849.901 INFO             PET0 PIOc_freedecomp Enter - MemInfo: [malloc] Non-mmapped space allocated:                18558976 Byte
20220314 015849.901 INFO             PET0 PIOc_freedecomp Enter - MemInfo: [malloc] Space allocated in mmapped regions:          6651904 Byte
20220314 015849.901 INFO             PET0 PIOc_freedecomp Enter - MemInfo: [malloc] Maximum total allocated space:                     0 Byte
20220314 015849.901 INFO             PET0 PIOc_freedecomp Enter - MemInfo: [malloc] Space in freed fastbin blocks:                   272 Byte
20220314 015849.901 INFO             PET0 PIOc_freedecomp Enter - MemInfo: [malloc] Total allocated space:                       1122592 Byte
20220314 015849.901 INFO             PET0 PIOc_freedecomp Enter - MemInfo: [malloc] Total free space:                           17436384 Byte
20220314 015849.901 INFO             PET0 PIOc_freedecomp Enter - MemInfo: [malloc] Top-most, releasable space:                  8521008 Byte
20220314 015849.901 INFO             PET0 PIOc_freedecomp Enter - MemInfo: [malloc] Total space in use, mmap + non-mmap:         7774496 Byte
