build time -- 2022-03-14 01:49:52
20220314 015850.810 INFO             PET0 !!!!!!!!!!!!!!!!!!!!!!!!!!!!!!!!!!!!!!!!!!!!!!!!!!!!!!
20220314 015850.810 INFO             PET0 !!! THE ESMF_LOG IS SET TO OUTPUT ALL LOG MESSAGES !!!
20220314 015850.810 INFO             PET0 !!!     THIS MAY CAUSE SLOWDOWN IN PERFORMANCE     !!!
20220314 015850.810 INFO             PET0 !!! FOR PRODUCTION RUNS, USE:                      !!!
20220314 015850.810 INFO             PET0 !!!                   ESMF_LOGKIND_Multi_On_Error  !!!
20220314 015850.810 INFO             PET0 !!!!!!!!!!!!!!!!!!!!!!!!!!!!!!!!!!!!!!!!!!!!!!!!!!!!!!
20220314 015850.810 INFO             PET0 Running with ESMF Version   : v8.3.0b09-96-g559b459836
20220314 015850.810 INFO             PET0 ESMF library build date/time: "Mar 14 2022" "01:48:51"
20220314 015850.810 INFO             PET0 ESMF library build location : /lfs/h1/emc/ptmp/Mark.Potts/gfortran_10.3.0_mpich3_g_jedwards_pio_update2
20220314 015850.810 INFO             PET0 ESMF_COMM                   : mpich3
20220314 015850.810 INFO             PET0 ESMF_MOAB                   : enabled
20220314 015850.810 INFO             PET0 ESMF_LAPACK                 : enabled
20220314 015850.810 INFO             PET0 ESMF_NETCDF                 : enabled
20220314 015850.810 INFO             PET0 ESMF_PNETCDF                : disabled
20220314 015850.810 INFO             PET0 ESMF_PIO                    : enabled
20220314 015850.810 INFO             PET0 ESMF_YAMLCPP                : enabled
20220314 015850.810 INFO             PET0 Beginning Test, file ESMC_FieldGridRegridCsrvUTest.C, line 69
20220314 015850.810 INFO             PET0 Beginning Test, file ESMC_FieldGridRegridCsrvUTest.C, line 69NUMBER_OF_PROCESSORS 1
20220314 015850.811 INFO             PET0 PASS GridCreate, ESMC_FieldGridRegridCsrvUTest.C, line 114
20220314 015850.811 INFO             PET0 PASS GridAddCoord, ESMC_FieldGridRegridCsrvUTest.C, line 130
20220314 015850.811 INFO             PET0 PASS GridAddItem, ESMC_FieldGridRegridCsrvUTest.C, line 140
20220314 015850.811 INFO             PET0 PASS GridGetItem - mask, ESMC_FieldGridRegridCsrvUTest.C, line 151
20220314 015850.811 INFO             PET0 PASS GridGetCoord - X, ESMC_FieldGridRegridCsrvUTest.C, line 176
20220314 015850.811 INFO             PET0 PASS GridGetCoord - Y, ESMC_FieldGridRegridCsrvUTest.C, line 199
20220314 015850.811 INFO             PET0 PASS GridGetCoord - X, ESMC_FieldGridRegridCsrvUTest.C, line 224
20220314 015850.812 INFO             PET0 PASS GridGetCoord - Y, ESMC_FieldGridRegridCsrvUTest.C, line 247
20220314 015850.812 INFO             PET0 PASS GridAddItem - area, ESMC_FieldGridRegridCsrvUTest.C, line 271
20220314 015850.812 INFO             PET0 PASS GridGetItem - area, ESMC_FieldGridRegridCsrvUTest.C, line 282
20220314 015850.812 INFO             PET0 PASS MeshCreate, ESMC_FieldGridRegridCsrvUTest.C, line 366
20220314 015850.812 INFO             PET0 PASS MeshAddNodes, ESMC_FieldGridRegridCsrvUTest.C, line 374
20220314 015850.814 INFO             PET0 PASS MeshAddElements, ESMC_FieldGridRegridCsrvUTest.C, line 388
20220314 015850.814 INFO             PET0 PASS MeshGetLocalNodeCount, ESMC_FieldGridRegridCsrvUTest.C, line 398
20220314 015850.814 INFO             PET0 PASS MeshGetLocalElementCount, ESMC_FieldGridRegridCsrvUTest.C, line 409
20220314 015850.814 INFO             PET0 PASS Create ESMC_Field object from a Grid via TypeKind, ESMC_FieldGridRegridCsrvUTest.C, line 424
20220314 015850.814 INFO             PET0 PASS Create ESMC_Field object from a Mesh via TypeKind, ESMC_FieldGridRegridCsrvUTest.C, line 433
20220314 015850.814 INFO             PET0 PASS Get a void * C pointer to data from ESMC_Field object, ESMC_FieldGridRegridCsrvUTest.C, line 446
20220314 015850.814 INFO             PET0 PASS Get a void * C pointer to data from ESMC_Field object, ESMC_FieldGridRegridCsrvUTest.C, line 470
20220314 015850.814 INFO             PET0 PASS Create an InterArray for maskValues in ESMC_FieldRegridStore(), ESMC_FieldGridRegridCsrvUTest.C, line 485
20220314 015850.819 INFO             PET0 PASS Create an ESMC_RouteHandle via ESMC_FieldRegridStore(), ESMC_FieldGridRegridCsrvUTest.C, line 510
20220314 015850.819 INFO             PET0 PASS Execute ESMC_FieldRegrid(), ESMC_FieldGridRegridCsrvUTest.C, line 518
20220314 015850.823 INFO             PET0 PIOc_sync Enter - MemInfo: [/proc/meminfo - SSI]	MemTotal:       527077124 kB
20220314 015850.823 INFO             PET0 PIOc_sync Enter - MemInfo: [/proc/meminfo - SSI]	MemFree:        517256112 kB
20220314 015850.823 INFO             PET0 PIOc_sync Enter - MemInfo: [/proc/meminfo - SSI]	MemAvailable:   517713960 kB
20220314 015850.823 INFO             PET0 PIOc_sync Enter - MemInfo: [/proc/meminfo - SSI]	Committed_AS:    1683864 kB
20220314 015850.823 INFO             PET0 PIOc_sync Enter - MemInfo: [/proc/meminfo - SSI]	CommittedPercent: 0.319472 %
20220314 015850.823 INFO             PET0 PIOc_sync Enter - MemInfo: [/proc/self/status]	VmPeak:	  180176 kB
20220314 015850.823 INFO             PET0 PIOc_sync Enter - MemInfo: [/proc/self/status]	VmSize:	  180176 kB
20220314 015850.823 INFO             PET0 PIOc_sync Enter - MemInfo: [/proc/self/status]	VmLck:	       0 kB
20220314 015850.823 INFO             PET0 PIOc_sync Enter - MemInfo: [/proc/self/status]	VmPin:	       0 kB
20220314 015850.823 INFO             PET0 PIOc_sync Enter - MemInfo: [/proc/self/status]	VmHWM:	   40852 kB
20220314 015850.823 INFO             PET0 PIOc_sync Enter - MemInfo: [/proc/self/status]	VmRSS:	   40852 kB
20220314 015850.823 INFO             PET0 PIOc_sync Enter - MemInfo: [/proc/self/status]	VmData:	   20052 kB
20220314 015850.823 INFO             PET0 PIOc_sync Enter - MemInfo: [/proc/self/status]	VmStk:	     156 kB
20220314 015850.823 INFO             PET0 PIOc_sync Enter - MemInfo: [/proc/self/status]	VmExe:	     328 kB
20220314 015850.823 INFO             PET0 PIOc_sync Enter - MemInfo: [/proc/self/status]	VmLib:	  103544 kB
20220314 015850.823 INFO             PET0 PIOc_sync Enter - MemInfo: [/proc/self/status]	VmPTE:	     348 kB
20220314 015850.823 INFO             PET0 PIOc_sync Enter - MemInfo: [/proc/self/status]	VmSwap:	       0 kB
20220314 015850.823 INFO             PET0 PIOc_sync Enter - MemInfo: [/proc/self/status]	VmRSSPercent: 0.00775067 %
20220314 015850.823 INFO             PET0 PIOc_sync Enter - MemInfo: [malloc] Non-mmapped space allocated:                 1077248 Byte
20220314 015850.823 INFO             PET0 PIOc_sync Enter - MemInfo: [malloc] Space allocated in mmapped regions:         15282176 Byte
20220314 015850.823 INFO             PET0 PIOc_sync Enter - MemInfo: [malloc] Maximum total allocated space:                     0 Byte
20220314 015850.823 INFO             PET0 PIOc_sync Enter - MemInfo: [malloc] Space in freed fastbin blocks:                     0 Byte
20220314 015850.823 INFO             PET0 PIOc_sync Enter - MemInfo: [malloc] Total allocated space:                       1070064 Byte
20220314 015850.823 INFO             PET0 PIOc_sync Enter - MemInfo: [malloc] Total free space:                               7184 Byte
20220314 015850.823 INFO             PET0 PIOc_sync Enter - MemInfo: [malloc] Top-most, releasable space:                     7184 Byte
20220314 015850.823 INFO             PET0 PIOc_sync Enter - MemInfo: [malloc] Total space in use, mmap + non-mmap:        16352240 Byte
20220314 015850.823 INFO             PET0 PIOc_sync Enter - MemInfo: [malloc] Total space held (mmap + non-mmap):         16494592 Byte
20220314 015850.823 INFO             PET0 PIOc_sync Enter - MemInfo: [malloc] Total space used (mmap + non-mmap):         16361536 Byte
20220314 015850.823 INFO             PET0 PIOc_sync Enter - MemInfo: Wall-clock time since execution start:              0.0141689 seconds
20220314 015850.823 INFO             PET0 PIOc_sync Exit - MemInfo: [/proc/meminfo - SSI]	MemTotal:       527077124 kB
20220314 015850.823 INFO             PET0 PIOc_sync Exit - MemInfo: [/proc/meminfo - SSI]	MemFree:        517256112 kB
20220314 015850.823 INFO             PET0 PIOc_sync Exit - MemInfo: [/proc/meminfo - SSI]	MemAvailable:   517713960 kB
20220314 015850.823 INFO             PET0 PIOc_sync Exit - MemInfo: [/proc/meminfo - SSI]	Committed_AS:    1684272 kB
20220314 015850.823 INFO             PET0 PIOc_sync Exit - MemInfo: [/proc/meminfo - SSI]	CommittedPercent: 0.319549 %
20220314 015850.823 INFO             PET0 PIOc_sync Exit - MemInfo: [/proc/self/status]	VmPeak:	  180584 kB
20220314 015850.823 INFO             PET0 PIOc_sync Exit - MemInfo: [/proc/self/status]	VmSize:	  180584 kB
20220314 015850.823 INFO             PET0 PIOc_sync Exit - MemInfo: [/proc/self/status]	VmLck:	       0 kB
20220314 015850.823 INFO             PET0 PIOc_sync Exit - MemInfo: [/proc/self/status]	VmPin:	       0 kB
20220314 015850.823 INFO             PET0 PIOc_sync Exit - MemInfo: [/proc/self/status]	VmHWM:	   41432 kB
20220314 015850.823 INFO             PET0 PIOc_sync Exit - MemInfo: [/proc/self/status]	VmRSS:	   41432 kB
20220314 015850.823 INFO             PET0 PIOc_sync Exit - MemInfo: [/proc/self/status]	VmData:	   20460 kB
20220314 015850.823 INFO             PET0 PIOc_sync Exit - MemInfo: [/proc/self/status]	VmStk:	     156 kB
20220314 015850.823 INFO             PET0 PIOc_sync Exit - MemInfo: [/proc/self/status]	VmExe:	     328 kB
20220314 015850.823 INFO             PET0 PIOc_sync Exit - MemInfo: [/proc/self/status]	VmLib:	  103544 kB
20220314 015850.823 INFO             PET0 PIOc_sync Exit - MemInfo: [/proc/self/status]	VmPTE:	     348 kB
20220314 015850.823 INFO             PET0 PIOc_sync Exit - MemInfo: [/proc/self/status]	VmSwap:	       0 kB
20220314 015850.823 INFO             PET0 PIOc_sync Exit - MemInfo: [/proc/self/status]	VmRSSPercent: 0.00786071 %
20220314 015850.823 INFO             PET0 PIOc_sync Exit - MemInfo: [malloc] Non-mmapped space allocated:                 1204224 Byte
20220314 015850.823 INFO             PET0 PIOc_sync Exit - MemInfo: [malloc] Space allocated in mmapped regions:         15572992 Byte
20220314 015850.823 INFO             PET0 PIOc_sync Exit - MemInfo: [malloc] Maximum total allocated space:                     0 Byte
20220314 015850.823 INFO             PET0 PIOc_sync Exit - MemInfo: [malloc] Space in freed fastbin blocks:                     0 Byte
20220314 015850.823 INFO             PET0 PIOc_sync Exit - MemInfo: [malloc] Total allocated space:                       1137552 Byte
20220314 015850.823 INFO             PET0 PIOc_sync Exit - MemInfo: [malloc] Total free space:                              66672 Byte
20220314 015850.823 INFO             PET0 PIOc_sync Exit - MemInfo: [malloc] Top-most, releasable space:                    66672 Byte
20220314 015850.823 INFO             PET0 PIOc_sync Exit - MemInfo: [malloc] Total space in use, mmap + non-mmap:        16710544 Byte
20220314 015850.823 INFO             PET0 PIOc_sync Exit - MemInfo: [malloc] Total space held (mmap + non-mmap):         16777216 Byte
20220314 015850.823 INFO             PET0 PIOc_sync Exit - MemInfo: [malloc] Total space used (mmap + non-mmap):         16718752 Byte
20220314 015850.823 INFO             PET0 PIOc_sync Exit - MemInfo: Wall-clock time since execution start:                0.01452 seconds
20220314 015850.824 INFO             PET0 PIOc_freedecomp Enter - MemInfo: [/proc/meminfo - SSI]	MemTotal:       527077124 kB
20220314 015850.824 INFO             PET0 PIOc_freedecomp Enter - MemInfo: [/proc/meminfo - SSI]	MemFree:        517263012 kB
20220314 015850.824 INFO             PET0 PIOc_freedecomp Enter - MemInfo: [/proc/meminfo - SSI]	MemAvailable:   517720860 kB
20220314 015850.824 INFO             PET0 PIOc_freedecomp Enter - MemInfo: [/proc/meminfo - SSI]	Committed_AS:    1675560 kB
20220314 015850.824 INFO             PET0 PIOc_freedecomp Enter - MemInfo: [/proc/meminfo - SSI]	CommittedPercent: 0.317897 %
20220314 015850.824 INFO             PET0 PIOc_freedecomp Enter - MemInfo: [/proc/self/status]	VmPeak:	  180584 kB
20220314 015850.824 INFO             PET0 PIOc_freedecomp Enter - MemInfo: [/proc/self/status]	VmSize:	  171872 kB
20220314 015850.824 INFO             PET0 PIOc_freedecomp Enter - MemInfo: [/proc/self/status]	VmLck:	       0 kB
20220314 015850.824 INFO             PET0 PIOc_freedecomp Enter - MemInfo: [/proc/self/status]	VmPin:	       0 kB
20220314 015850.824 INFO             PET0 PIOc_freedecomp Enter - MemInfo: [/proc/self/status]	VmHWM:	   41432 kB
20220314 015850.824 INFO             PET0 PIOc_freedecomp Enter - MemInfo: [/proc/self/status]	VmRSS:	   33400 kB
20220314 015850.824 INFO             PET0 PIOc_freedecomp Enter - MemInfo: [/proc/self/status]	VmData:	   11748 kB
20220314 015850.824 INFO             PET0 PIOc_freedecomp Enter - MemInfo: [/proc/self/status]	VmStk:	     156 kB
20220314 015850.824 INFO             PET0 PIOc_freedecomp Enter - MemInfo: [/proc/self/status]	VmExe:	     328 kB
20220314 015850.824 INFO             PET0 PIOc_freedecomp Enter - MemInfo: [/proc/self/status]	VmLib:	  103544 kB
20220314 015850.824 INFO             PET0 PIOc_freedecomp Enter - MemInfo: [/proc/self/status]	VmPTE:	     336 kB
20220314 015850.824 INFO             PET0 PIOc_freedecomp Enter - MemInfo: [/proc/self/status]	VmSwap:	       0 kB
20220314 015850.824 INFO             PET0 PIOc_freedecomp Enter - MemInfo: [/proc/self/status]	VmRSSPercent: 0.00633683 %
20220314 015850.824 INFO             PET0 PIOc_freedecomp Enter - MemInfo: [malloc] Non-mmapped space allocated:                 1204224 Byte
20220314 015850.824 INFO             PET0 PIOc_freedecomp Enter - MemInfo: [malloc] Space allocated in mmapped regions:          6651904 Byte
20220314 015850.824 INFO             PET0 PIOc_freedecomp Enter - MemInfo: [malloc] Maximum total allocated space:                     0 Byte
20220314 015850.824 INFO             PET0 PIOc_freedecomp Enter - MemInfo: [malloc] Space in freed fastbin blocks:                   416 Byte
20220314 015850.824 INFO             PET0 PIOc_freedecomp Enter - MemInfo: [malloc] Total allocated space:                       1126864 Byte
20220314 015850.824 INFO             PET0 PIOc_freedecomp Enter - MemInfo: [malloc] Total free space:                              77360 Byte
20220314 015850.824 INFO             PET0 PIOc_freedecomp Enter - MemInfo: [malloc] Top-most, releasable space:                    66448 Byte
20220314 015850.824 INFO             PET0 PIOc_freedecomp Enter - MemInfo: [malloc] Total space in use, mmap + non-mmap:         7778768 Byte
20220314 015850.824 INFO             PET0 PIOc_freedecomp Enter - MemInfo: [malloc] Total space held (mmap + non-mmap):          7856128 Byte
20220314 015850.824 INFO             PET0 PIOc_freedecomp Enter - MemInfo: [malloc] Total space used (mmap + non-mmap):          7786976 Byte
20220314 015850.824 INFO             PET0 PIOc_freedecomp Enter - MemInfo: Wall-clock time since execution start:              0.0149891 seconds
20220314 015850.824 INFO             PET0 PIOc_freedecomp Exit - MemInfo: [/proc/meminfo - SSI]	MemTotal:       527077124 kB
20220314 015850.824 INFO             PET0 PIOc_freedecomp Exit - MemInfo: [/proc/meminfo - SSI]	MemFree:        517263012 kB
20220314 015850.824 INFO             PET0 PIOc_freedecomp Exit - MemInfo: [/proc/meminfo - SSI]	MemAvailable:   517720860 kB
20220314 015850.824 INFO             PET0 PIOc_freedecomp Exit - MemInfo: [/proc/meminfo - SSI]	Committed_AS:    1675560 kB
20220314 015850.824 INFO             PET0 PIOc_freedecomp Exit - MemInfo: [/proc/meminfo - SSI]	CommittedPercent: 0.317897 %
20220314 015850.824 INFO             PET0 PIOc_freedecomp Exit - MemInfo: [/proc/self/status]	VmPeak:	  180584 kB
20220314 015850.824 INFO             PET0 PIOc_freedecomp Exit - MemInfo: [/proc/self/status]	VmSize:	  171872 kB
20220314 015850.824 INFO             PET0 PIOc_freedecomp Exit - MemInfo: [/proc/self/status]	VmLck:	       0 kB
20220314 015850.824 INFO             PET0 PIOc_freedecomp Exit - MemInfo: [/proc/self/status]	VmPin:	       0 kB
20220314 015850.824 INFO             PET0 PIOc_freedecomp Exit - MemInfo: [/proc/self/status]	VmHWM:	   41432 kB
20220314 015850.824 INFO             PET0 PIOc_freedecomp Exit - MemInfo: [/proc/self/status]	VmRSS:	   33400 kB
20220314 015850.824 INFO             PET0 PIOc_freedecomp Exit - MemInfo: [/proc/self/status]	VmData:	   11748 kB
20220314 015850.824 INFO             PET0 PIOc_freedecomp Exit - MemInfo: [/proc/self/status]	VmStk:	     156 kB
20220314 015850.824 INFO             PET0 PIOc_freedecomp Exit - MemInfo: [/proc/self/status]	VmExe:	     328 kB
20220314 015850.824 INFO             PET0 PIOc_freedecomp Exit - MemInfo: [/proc/self/status]	VmLib:	  103544 kB
20220314 015850.824 INFO             PET0 PIOc_freedecomp Exit - MemInfo: [/proc/self/status]	VmPTE:	     336 kB
20220314 015850.824 INFO             PET0 PIOc_freedecomp Exit - MemInfo: [/proc/self/status]	VmSwap:	       0 kB
20220314 015850.824 INFO             PET0 PIOc_freedecomp Exit - MemInfo: [/proc/self/status]	VmRSSPercent: 0.00633683 %
20220314 015850.824 INFO             PET0 PIOc_freedecomp Exit - MemInfo: [malloc] Non-mmapped space allocated:                 1204224 Byte
20220314 015850.824 INFO             PET0 PIOc_freedecomp Exit - MemInfo: [malloc] Space allocated in mmapped regions:          6651904 Byte
20220314 015850.824 INFO             PET0 PIOc_freedecomp Exit - MemInfo: [malloc] Maximum total allocated space:                     0 Byte
20220314 015850.824 INFO             PET0 PIOc_freedecomp Exit - MemInfo: [malloc] Space in freed fastbin blocks:                   576 Byte
20220314 015850.824 INFO             PET0 PIOc_freedecomp Exit - MemInfo: [malloc] Total allocated space:                       1126512 Byte
20220314 015850.824 INFO             PET0 PIOc_freedecomp Exit - MemInfo: [malloc] Total free space:                              77712 Byte
20220314 015850.824 INFO             PET0 PIOc_freedecomp Exit - MemInfo: [malloc] Top-most, releasable space:                    66224 Byte
20220314 015850.824 INFO             PET0 PIOc_freedecomp Exit - MemInfo: [malloc] Total space in use, mmap + non-mmap:         7778416 Byte
20220314 015850.824 INFO             PET0 PIOc_freedecomp Exit - MemInfo: [malloc] Total space held (mmap + non-mmap):          7856128 Byte
20220314 015850.824 INFO             PET0 PIOc_freedecomp Exit - MemInfo: [malloc] Total space used (mmap + non-mmap):          7786624 Byte
20220314 015850.824 INFO             PET0 PIOc_freedecomp Exit - MemInfo: Wall-clock time since execution start:              0.0151927 seconds
20220314 015850.825 INFO             PET0 PIOc_sync Enter - MemInfo: [/proc/meminfo - SSI]	MemTotal:       527077124 kB
20220314 015850.825 INFO             PET0 PIOc_sync Enter - MemInfo: [/proc/meminfo - SSI]	MemFree:        517258380 kB
20220314 015850.825 INFO             PET0 PIOc_sync Enter - MemInfo: [/proc/meminfo - SSI]	MemAvailable:   517716228 kB
20220314 015850.825 INFO             PET0 PIOc_sync Enter - MemInfo: [/proc/meminfo - SSI]	Committed_AS:    1684328 kB
20220314 015850.825 INFO             PET0 PIOc_sync Enter - MemInfo: [/proc/meminfo - SSI]	CommittedPercent: 0.31956 %
20220314 015850.825 INFO             PET0 PIOc_sync Enter - MemInfo: [/proc/self/status]	VmPeak:	  180640 kB
20220314 015850.825 INFO             PET0 PIOc_sync Enter - MemInfo: [/proc/self/status]	VmSize:	  180640 kB
20220314 015850.825 INFO             PET0 PIOc_sync Enter - MemInfo: [/proc/self/status]	VmLck:	       0 kB
20220314 015850.825 INFO             PET0 PIOc_sync Enter - MemInfo: [/proc/self/status]	VmPin:	       0 kB
20220314 015850.825 INFO             PET0 PIOc_sync Enter - MemInfo: [/proc/self/status]	VmHWM:	   41432 kB
20220314 015850.825 INFO             PET0 PIOc_sync Enter - MemInfo: [/proc/self/status]	VmRSS:	   38808 kB
20220314 015850.825 INFO             PET0 PIOc_sync Enter - MemInfo: [/proc/self/status]	VmData:	   20516 kB
20220314 015850.825 INFO             PET0 PIOc_sync Enter - MemInfo: [/proc/self/status]	VmStk:	     156 kB
20220314 015850.825 INFO             PET0 PIOc_sync Enter - MemInfo: [/proc/self/status]	VmExe:	     328 kB
20220314 015850.825 INFO             PET0 PIOc_sync Enter - MemInfo: [/proc/self/status]	VmLib:	  103544 kB
20220314 015850.825 INFO             PET0 PIOc_sync Enter - MemInfo: [/proc/self/status]	VmPTE:	     348 kB
20220314 015850.825 INFO             PET0 PIOc_sync Enter - MemInfo: [/proc/self/status]	VmSwap:	       0 kB
20220314 015850.825 INFO             PET0 PIOc_sync Enter - MemInfo: [/proc/self/status]	VmRSSPercent: 0.00736287 %
20220314 015850.825 INFO             PET0 PIOc_sync Enter - MemInfo: [malloc] Non-mmapped space allocated:                10182656 Byte
20220314 015850.825 INFO             PET0 PIOc_sync Enter - MemInfo: [malloc] Space allocated in mmapped regions:          6651904 Byte
20220314 015850.825 INFO             PET0 PIOc_sync Enter - MemInfo: [malloc] Maximum total allocated space:                     0 Byte
20220314 015850.825 INFO             PET0 PIOc_sync Enter - MemInfo: [malloc] Space in freed fastbin blocks:                   288 Byte
20220314 015850.825 INFO             PET0 PIOc_sync Enter - MemInfo: [malloc] Total allocated space:                      10054624 Byte
20220314 015850.825 INFO             PET0 PIOc_sync Enter - MemInfo: [malloc] Total free space:                             128032 Byte
20220314 015850.825 INFO             PET0 PIOc_sync Enter - MemInfo: [malloc] Top-most, releasable space:                   126256 Byte
20220314 015850.825 INFO             PET0 PIOc_sync Enter - MemInfo: [malloc] Total space in use, mmap + non-mmap:        16706528 Byte
20220314 015850.825 INFO             PET0 PIOc_sync Enter - MemInfo: [malloc] Total space held (mmap + non-mmap):         16834560 Byte
20220314 015850.825 INFO             PET0 PIOc_sync Enter - MemInfo: [malloc] Total space used (mmap + non-mmap):         16714848 Byte
20220314 015850.825 INFO             PET0 PIOc_sync Enter - MemInfo: Wall-clock time since execution start:              0.0165516 seconds
20220314 015850.825 INFO             PET0 PIOc_sync Exit - MemInfo: [/proc/meminfo - SSI]	MemTotal:       527077124 kB
20220314 015850.825 INFO             PET0 PIOc_sync Exit - MemInfo: [/proc/meminfo - SSI]	MemFree:        517258380 kB
20220314 015850.825 INFO             PET0 PIOc_sync Exit - MemInfo: [/proc/meminfo - SSI]	MemAvailable:   517716228 kB
20220314 015850.825 INFO             PET0 PIOc_sync Exit - MemInfo: [/proc/meminfo - SSI]	Committed_AS:    1684328 kB
20220314 015850.825 INFO             PET0 PIOc_sync Exit - MemInfo: [/proc/meminfo - SSI]	CommittedPercent: 0.31956 %
20220314 015850.825 INFO             PET0 PIOc_sync Exit - MemInfo: [/proc/self/status]	VmPeak:	  180640 kB
20220314 015850.825 INFO             PET0 PIOc_sync Exit - MemInfo: [/proc/self/status]	VmSize:	  180640 kB
20220314 015850.825 INFO             PET0 PIOc_sync Exit - MemInfo: [/proc/self/status]	VmLck:	       0 kB
20220314 015850.825 INFO             PET0 PIOc_sync Exit - MemInfo: [/proc/self/status]	VmPin:	       0 kB
20220314 015850.825 INFO             PET0 PIOc_sync Exit - MemInfo: [/proc/self/status]	VmHWM:	   41432 kB
20220314 015850.826 INFO             PET0 PIOc_sync Exit - MemInfo: [/proc/self/status]	VmRSS:	   38808 kB
20220314 015850.826 INFO             PET0 PIOc_sync Exit - MemInfo: [/proc/self/status]	VmData:	   20516 kB
20220314 015850.826 INFO             PET0 PIOc_sync Exit - MemInfo: [/proc/self/status]	VmStk:	     156 kB
20220314 015850.826 INFO             PET0 PIOc_sync Exit - MemInfo: [/proc/self/status]	VmExe:	     328 kB
20220314 015850.826 INFO             PET0 PIOc_sync Exit - MemInfo: [/proc/self/status]	VmLib:	  103544 kB
20220314 015850.826 INFO             PET0 PIOc_sync Exit - MemInfo: [/proc/self/status]	VmPTE:	     348 kB
20220314 015850.826 INFO             PET0 PIOc_sync Exit - MemInfo: [/proc/self/status]	VmSwap:	       0 kB
20220314 015850.826 INFO             PET0 PIOc_sync Exit - MemInfo: [/proc/self/status]	VmRSSPercent: 0.00736287 %
20220314 015850.826 INFO             PET0 PIOc_sync Exit - MemInfo: [malloc] Non-mmapped space allocated:                10182656 Byte
20220314 015850.826 INFO             PET0 PIOc_sync Exit - MemInfo: [malloc] Space allocated in mmapped regions:          6651904 Byte
20220314 015850.826 INFO             PET0 PIOc_sync Exit - MemInfo: [malloc] Maximum total allocated space:                     0 Byte
20220314 015850.826 INFO             PET0 PIOc_sync Exit - MemInfo: [malloc] Space in freed fastbin blocks:                     0 Byte
20220314 015850.826 INFO             PET0 PIOc_sync Exit - MemInfo: [malloc] Total allocated space:                      10055232 Byte
20220314 015850.826 INFO             PET0 PIOc_sync Exit - MemInfo: [malloc] Total free space:                             127424 Byte
20220314 015850.826 INFO             PET0 PIOc_sync Exit - MemInfo: [malloc] Top-most, releasable space:                   126032 Byte
20220314 015850.826 INFO             PET0 PIOc_sync Exit - MemInfo: [malloc] Total space in use, mmap + non-mmap:        16707136 Byte
20220314 015850.826 INFO             PET0 PIOc_sync Exit - MemInfo: [malloc] Total space held (mmap + non-mmap):         16834560 Byte
20220314 015850.826 INFO             PET0 PIOc_sync Exit - MemInfo: [malloc] Total space used (mmap + non-mmap):         16715344 Byte
20220314 015850.826 INFO             PET0 PIOc_sync Exit - MemInfo: Wall-clock time since execution start:              0.0167703 seconds
20220314 015850.826 INFO             PET0 PIOc_freedecomp Enter - MemInfo: [/proc/meminfo - SSI]	MemTotal:       527077124 kB
20220314 015850.826 INFO             PET0 PIOc_freedecomp Enter - MemInfo: [/proc/meminfo - SSI]	MemFree:        517258380 kB
20220314 015850.826 INFO             PET0 PIOc_freedecomp Enter - MemInfo: [/proc/meminfo - SSI]	MemAvailable:   517716228 kB
20220314 015850.826 INFO             PET0 PIOc_freedecomp Enter - MemInfo: [/proc/meminfo - SSI]	Committed_AS:    1684328 kB
20220314 015850.826 INFO             PET0 PIOc_freedecomp Enter - MemInfo: [/proc/meminfo - SSI]	CommittedPercent: 0.31956 %
20220314 015850.826 INFO             PET0 PIOc_freedecomp Enter - MemInfo: [/proc/self/status]	VmPeak:	  180640 kB
20220314 015850.826 INFO             PET0 PIOc_freedecomp Enter - MemInfo: [/proc/self/status]	VmSize:	  180640 kB
20220314 015850.826 INFO             PET0 PIOc_freedecomp Enter - MemInfo: [/proc/self/status]	VmLck:	       0 kB
20220314 015850.826 INFO             PET0 PIOc_freedecomp Enter - MemInfo: [/proc/self/status]	VmPin:	       0 kB
20220314 015850.826 INFO             PET0 PIOc_freedecomp Enter - MemInfo: [/proc/self/status]	VmHWM:	   41432 kB
20220314 015850.826 INFO             PET0 PIOc_freedecomp Enter - MemInfo: [/proc/self/status]	VmRSS:	   38808 kB
20220314 015850.826 INFO             PET0 PIOc_freedecomp Enter - MemInfo: [/proc/self/status]	VmData:	   20516 kB
20220314 015850.826 INFO             PET0 PIOc_freedecomp Enter - MemInfo: [/proc/self/status]	VmStk:	     156 kB
20220314 015850.826 INFO             PET0 PIOc_freedecomp Enter - MemInfo: [/proc/self/status]	VmExe:	     328 kB
20220314 015850.826 INFO             PET0 PIOc_freedecomp Enter - MemInfo: [/proc/self/status]	VmLib:	  103544 kB
20220314 015850.826 INFO             PET0 PIOc_freedecomp Enter - MemInfo: [/proc/self/status]	VmPTE:	     348 kB
20220314 015850.826 INFO             PET0 PIOc_freedecomp Enter - MemInfo: [/proc/self/status]	VmSwap:	       0 kB
20220314 015850.826 INFO             PET0 PIOc_freedecomp Enter - MemInfo: [/proc/self/status]	VmRSSPercent: 0.00736287 %
20220314 015850.826 INFO             PET0 PIOc_freedecomp Enter - MemInfo: [malloc] Non-mmapped space allocated:                10182656 Byte
20220314 015850.826 INFO             PET0 PIOc_freedecomp Enter - MemInfo: [malloc] Space allocated in mmapped regions:          6651904 Byte
20220314 015850.826 INFO             PET0 PIOc_freedecomp Enter - MemInfo: [malloc] Maximum total allocated space:                     0 Byte
20220314 015850.826 INFO             PET0 PIOc_freedecomp Enter - MemInfo: [malloc] Space in freed fastbin blocks:                   272 Byte
20220314 015850.826 INFO             PET0 PIOc_freedecomp Enter - MemInfo: [malloc] Total allocated space:                       1130896 Byte
20220314 015850.826 INFO             PET0 PIOc_freedecomp Enter - MemInfo: [malloc] Total free space:                            9051760 Byte
20220314 015850.826 INFO             PET0 PIOc_freedecomp Enter - MemInfo: [malloc] Top-most, releasable space:                   125808 Byte
20220314 015850.826 INFO             PET0 PIOc_freedecomp Enter - MemInfo: [malloc] Total space in use, mmap + non-mmap:         7782800 Byte
20220314 015850.826 INFO             PET0 PIOc_freedecomp Enter - MemInfo: [malloc] Total space held (mmap + non-mmap):         16834560 Byte
20220314 015850.826 INFO             PET0 PIOc_freedecomp Enter - MemInfo: [malloc] Total space used (mmap + non-mmap):          7791008 Byte
20220314 015850.826 INFO             PET0 PIOc_freedecomp Enter - MemInfo: Wall-clock time since execution start:              0.0170562 seconds
20220314 015850.826 INFO             PET0 PIOc_freedecomp Exit - MemInfo: [/proc/meminfo - SSI]	MemTotal:       527077124 kB
20220314 015850.826 INFO             PET0 PIOc_freedecomp Exit - MemInfo: [/proc/meminfo - SSI]	MemFree:        517258380 kB
20220314 015850.826 INFO             PET0 PIOc_freedecomp Exit - MemInfo: [/proc/meminfo - SSI]	MemAvailable:   517716228 kB
20220314 015850.826 INFO             PET0 PIOc_freedecomp Exit - MemInfo: [/proc/meminfo - SSI]	Committed_AS:    1684328 kB
20220314 015850.826 INFO             PET0 PIOc_freedecomp Exit - MemInfo: [/proc/meminfo - SSI]	CommittedPercent: 0.31956 %
20220314 015850.826 INFO             PET0 PIOc_freedecomp Exit - MemInfo: [/proc/self/status]	VmPeak:	  180640 kB
20220314 015850.826 INFO             PET0 PIOc_freedecomp Exit - MemInfo: [/proc/self/status]	VmSize:	  180640 kB
20220314 015850.826 INFO             PET0 PIOc_freedecomp Exit - MemInfo: [/proc/self/status]	VmLck:	       0 kB
20220314 015850.826 INFO             PET0 PIOc_freedecomp Exit - MemInfo: [/proc/self/status]	VmPin:	       0 kB
20220314 015850.826 INFO             PET0 PIOc_freedecomp Exit - MemInfo: [/proc/self/status]	VmHWM:	   41432 kB
20220314 015850.826 INFO             PET0 PIOc_freedecomp Exit - MemInfo: [/proc/self/status]	VmRSS:	   38808 kB
20220314 015850.826 INFO             PET0 PIOc_freedecomp Exit - MemInfo: [/proc/self/status]	VmData:	   20516 kB
20220314 015850.826 INFO             PET0 PIOc_freedecomp Exit - MemInfo: [/proc/self/status]	VmStk:	     156 kB
20220314 015850.826 INFO             PET0 PIOc_freedecomp Exit - MemInfo: [/proc/self/status]	VmExe:	     328 kB
20220314 015850.826 INFO             PET0 PIOc_freedecomp Exit - MemInfo: [/proc/self/status]	VmLib:	  103544 kB
20220314 015850.826 INFO             PET0 PIOc_freedecomp Exit - MemInfo: [/proc/self/status]	VmPTE:	     348 kB
20220314 015850.826 INFO             PET0 PIOc_freedecomp Exit - MemInfo: [/proc/self/status]	VmSwap:	       0 kB
20220314 015850.826 INFO             PET0 PIOc_freedecomp Exit - MemInfo: [/proc/self/status]	VmRSSPercent: 0.00736287 %
20220314 015850.826 INFO             PET0 PIOc_freedecomp Exit - MemInfo: [malloc] Non-mmapped space allocated:                10182656 Byte
20220314 015850.826 INFO             PET0 PIOc_freedecomp Exit - MemInfo: [malloc] Space allocated in mmapped regions:          6651904 Byte
20220314 015850.826 INFO             PET0 PIOc_freedecomp Exit - MemInfo: [malloc] Maximum total allocated space:                     0 Byte
20220314 015850.826 INFO             PET0 PIOc_freedecomp Exit - MemInfo: [malloc] Space in freed fastbin blocks:                   576 Byte
20220314 015850.826 INFO             PET0 PIOc_freedecomp Exit - MemInfo: [malloc] Total allocated space:                       1130320 Byte
20220314 015850.826 INFO             PET0 PIOc_freedecomp Exit - MemInfo: [malloc] Total free space:                            9052336 Byte
20220314 015850.826 INFO             PET0 PIOc_freedecomp Exit - MemInfo: [malloc] Top-most, releasable space:                   125808 Byte
20220314 015850.826 INFO             PET0 PIOc_freedecomp Exit - MemInfo: [malloc] Total space in use, mmap + non-mmap:         7782224 Byte
20220314 015850.826 INFO             PET0 PIOc_freedecomp Exit - MemInfo: [malloc] Total space held (mmap + non-mmap):         16834560 Byte
20220314 015850.826 INFO             PET0 PIOc_freedecomp Exit - MemInfo: [malloc] Total space used (mmap + non-mmap):          7790432 Byte
20220314 015850.826 INFO             PET0 PIOc_freedecomp Exit - MemInfo: Wall-clock time since execution start:              0.0172564 seconds
20220314 015850.827 INFO             PET0 PIOc_sync Enter - MemInfo: [/proc/meminfo - SSI]	MemTotal:       527077124 kB
20220314 015850.827 INFO             PET0 PIOc_sync Enter - MemInfo: [/proc/meminfo - SSI]	MemFree:        517258380 kB
20220314 015850.827 INFO             PET0 PIOc_sync Enter - MemInfo: [/proc/meminfo - SSI]	MemAvailable:   517716228 kB
20220314 015850.827 INFO             PET0 PIOc_sync Enter - MemInfo: [/proc/meminfo - SSI]	Committed_AS:    1684328 kB
20220314 015850.827 INFO             PET0 PIOc_sync Enter - MemInfo: [/proc/meminfo - SSI]	CommittedPercent: 0.31956 %
20220314 015850.827 INFO             PET0 PIOc_sync Enter - MemInfo: [/proc/self/status]	VmPeak:	  180640 kB
20220314 015850.827 INFO             PET0 PIOc_sync Enter - MemInfo: [/proc/self/status]	VmSize:	  180640 kB
20220314 015850.827 INFO             PET0 PIOc_sync Enter - MemInfo: [/proc/self/status]	VmLck:	       0 kB
20220314 015850.827 INFO             PET0 PIOc_sync Enter - MemInfo: [/proc/self/status]	VmPin:	       0 kB
20220314 015850.827 INFO             PET0 PIOc_sync Enter - MemInfo: [/proc/self/status]	VmHWM:	   41432 kB
20220314 015850.827 INFO             PET0 PIOc_sync Enter - MemInfo: [/proc/self/status]	VmRSS:	   39068 kB
20220314 015850.827 INFO             PET0 PIOc_sync Enter - MemInfo: [/proc/self/status]	VmData:	   20516 kB
20220314 015850.827 INFO             PET0 PIOc_sync Enter - MemInfo: [/proc/self/status]	VmStk:	     156 kB
20220314 015850.827 INFO             PET0 PIOc_sync Enter - MemInfo: [/proc/self/status]	VmExe:	     328 kB
20220314 015850.827 INFO             PET0 PIOc_sync Enter - MemInfo: [/proc/self/status]	VmLib:	  103544 kB
20220314 015850.827 INFO             PET0 PIOc_sync Enter - MemInfo: [/proc/self/status]	VmPTE:	     348 kB
20220314 015850.827 INFO             PET0 PIOc_sync Enter - MemInfo: [/proc/self/status]	VmSwap:	       0 kB
20220314 015850.827 INFO             PET0 PIOc_sync Enter - MemInfo: [/proc/self/status]	VmRSSPercent: 0.0074122 %
20220314 015850.827 INFO             PET0 PIOc_sync Enter - MemInfo: [malloc] Non-mmapped space allocated:                10182656 Byte
20220314 015850.827 INFO             PET0 PIOc_sync Enter - MemInfo: [malloc] Space allocated in mmapped regions:          6651904 Byte
20220314 015850.827 INFO             PET0 PIOc_sync Enter - MemInfo: [malloc] Maximum total allocated space:                     0 Byte
20220314 015850.827 INFO             PET0 PIOc_sync Enter - MemInfo: [malloc] Space in freed fastbin blocks:                   784 Byte
20220314 015850.827 INFO             PET0 PIOc_sync Enter - MemInfo: [malloc] Total allocated space:                      10058704 Byte
20220314 015850.827 INFO             PET0 PIOc_sync Enter - MemInfo: [malloc] Total free space:                             123952 Byte
20220314 015850.827 INFO             PET0 PIOc_sync Enter - MemInfo: [malloc] Top-most, releasable space:                   115312 Byte
20220314 015850.827 INFO             PET0 PIOc_sync Enter - MemInfo: [malloc] Total space in use, mmap + non-mmap:        16710608 Byte
20220314 015850.827 INFO             PET0 PIOc_sync Enter - MemInfo: [malloc] Total space held (mmap + non-mmap):         16834560 Byte
20220314 015850.827 INFO             PET0 PIOc_sync Enter - MemInfo: [malloc] Total space used (mmap + non-mmap):         16718928 Byte
20220314 015850.827 INFO             PET0 PIOc_sync Enter - MemInfo: Wall-clock time since execution start:              0.0181826 seconds
20220314 015850.827 INFO             PET0 PIOc_sync Exit - MemInfo: [/proc/meminfo - SSI]	MemTotal:       527077124 kB
20220314 015850.827 INFO             PET0 PIOc_sync Exit - MemInfo: [/proc/meminfo - SSI]	MemFree:        517258380 kB
20220314 015850.827 INFO             PET0 PIOc_sync Exit - MemInfo: [/proc/meminfo - SSI]	MemAvailable:   517716228 kB
20220314 015850.827 INFO             PET0 PIOc_sync Exit - MemInfo: [/proc/meminfo - SSI]	Committed_AS:    1684328 kB
20220314 015850.827 INFO             PET0 PIOc_sync Exit - MemInfo: [/proc/meminfo - SSI]	CommittedPercent: 0.31956 %
20220314 015850.827 INFO             PET0 PIOc_sync Exit - MemInfo: [/proc/self/status]	VmPeak:	  180640 kB
20220314 015850.827 INFO             PET0 PIOc_sync Exit - MemInfo: [/proc/self/status]	VmSize:	  180640 kB
20220314 015850.827 INFO             PET0 PIOc_sync Exit - MemInfo: [/proc/self/status]	VmLck:	       0 kB
20220314 015850.827 INFO             PET0 PIOc_sync Exit - MemInfo: [/proc/self/status]	VmPin:	       0 kB
20220314 015850.827 INFO             PET0 PIOc_sync Exit - MemInfo: [/proc/self/status]	VmHWM:	   41432 kB
20220314 015850.827 INFO             PET0 PIOc_sync Exit - MemInfo: [/proc/self/status]	VmRSS:	   39068 kB
20220314 015850.827 INFO             PET0 PIOc_sync Exit - MemInfo: [/proc/self/status]	VmData:	   20516 kB
20220314 015850.827 INFO             PET0 PIOc_sync Exit - MemInfo: [/proc/self/status]	VmStk:	     156 kB
20220314 015850.827 INFO             PET0 PIOc_sync Exit - MemInfo: [/proc/self/status]	VmExe:	     328 kB
20220314 015850.827 INFO             PET0 PIOc_sync Exit - MemInfo: [/proc/self/status]	VmLib:	  103544 kB
20220314 015850.827 INFO             PET0 PIOc_sync Exit - MemInfo: [/proc/self/status]	VmPTE:	     348 kB
20220314 015850.827 INFO             PET0 PIOc_sync Exit - MemInfo: [/proc/self/status]	VmSwap:	       0 kB
20220314 015850.827 INFO             PET0 PIOc_sync Exit - MemInfo: [/proc/self/status]	VmRSSPercent: 0.0074122 %
20220314 015850.827 INFO             PET0 PIOc_sync Exit - MemInfo: [malloc] Non-mmapped space allocated:                10182656 Byte
20220314 015850.827 INFO             PET0 PIOc_sync Exit - MemInfo: [malloc] Space allocated in mmapped regions:          6651904 Byte
20220314 015850.827 INFO             PET0 PIOc_sync Exit - MemInfo: [malloc] Maximum total allocated space:                     0 Byte
20220314 015850.827 INFO             PET0 PIOc_sync Exit - MemInfo: [malloc] Space in freed fastbin blocks:                    32 Byte
20220314 015850.827 INFO             PET0 PIOc_sync Exit - MemInfo: [malloc] Total allocated space:                      10059104 Byte
20220314 015850.827 INFO             PET0 PIOc_sync Exit - MemInfo: [malloc] Total free space:                             123552 Byte
20220314 015850.827 INFO             PET0 PIOc_sync Exit - MemInfo: [malloc] Top-most, releasable space:                   115088 Byte
20220314 015850.827 INFO             PET0 PIOc_sync Exit - MemInfo: [malloc] Total space in use, mmap + non-mmap:        16711008 Byte
20220314 015850.827 INFO             PET0 PIOc_sync Exit - MemInfo: [malloc] Total space held (mmap + non-mmap):         16834560 Byte
20220314 015850.827 INFO             PET0 PIOc_sync Exit - MemInfo: [malloc] Total space used (mmap + non-mmap):         16719216 Byte
20220314 015850.827 INFO             PET0 PIOc_sync Exit - MemInfo: Wall-clock time since execution start:              0.0184061 seconds
20220314 015850.827 INFO             PET0 PIOc_freedecomp Enter - MemInfo: [/proc/meminfo - SSI]	MemTotal:       527077124 kB
20220314 015850.827 INFO             PET0 PIOc_freedecomp Enter - MemInfo: [/proc/meminfo - SSI]	MemFree:        517258380 kB
20220314 015850.827 INFO             PET0 PIOc_freedecomp Enter - MemInfo: [/proc/meminfo - SSI]	MemAvailable:   517716228 kB
20220314 015850.827 INFO             PET0 PIOc_freedecomp Enter - MemInfo: [/proc/meminfo - SSI]	Committed_AS:    1684328 kB
20220314 015850.827 INFO             PET0 PIOc_freedecomp Enter - MemInfo: [/proc/meminfo - SSI]	CommittedPercent: 0.31956 %
20220314 015850.827 INFO             PET0 PIOc_freedecomp Enter - MemInfo: [/proc/self/status]	VmPeak:	  180640 kB
20220314 015850.827 INFO             PET0 PIOc_freedecomp Enter - MemInfo: [/proc/self/status]	VmSize:	  180640 kB
20220314 015850.827 INFO             PET0 PIOc_freedecomp Enter - MemInfo: [/proc/self/status]	VmLck:	       0 kB
20220314 015850.827 INFO             PET0 PIOc_freedecomp Enter - MemInfo: [/proc/self/status]	VmPin:	       0 kB
20220314 015850.827 INFO             PET0 PIOc_freedecomp Enter - MemInfo: [/proc/self/status]	VmHWM:	   41432 kB
20220314 015850.827 INFO             PET0 PIOc_freedecomp Enter - MemInfo: [/proc/self/status]	VmRSS:	   39068 kB
20220314 015850.827 INFO             PET0 PIOc_freedecomp Enter - MemInfo: [/proc/self/status]	VmData:	   20516 kB
20220314 015850.827 INFO             PET0 PIOc_freedecomp Enter - MemInfo: [/proc/self/status]	VmStk:	     156 kB
20220314 015850.827 INFO             PET0 PIOc_freedecomp Enter - MemInfo: [/proc/self/status]	VmExe:	     328 kB
20220314 015850.827 INFO             PET0 PIOc_freedecomp Enter - MemInfo: [/proc/self/status]	VmLib:	  103544 kB
20220314 015850.827 INFO             PET0 PIOc_freedecomp Enter - MemInfo: [/proc/self/status]	VmPTE:	     348 kB
20220314 015850.827 INFO             PET0 PIOc_freedecomp Enter - MemInfo: [/proc/self/status]	VmSwap:	       0 kB
20220314 015850.827 INFO             PET0 PIOc_freedecomp Enter - MemInfo: [/proc/self/status]	VmRSSPercent: 0.0074122 %
20220314 015850.827 INFO             PET0 PIOc_freedecomp Enter - MemInfo: [malloc] Non-mmapped space allocated:                10182656 Byte
20220314 015850.827 INFO             PET0 PIOc_freedecomp Enter - MemInfo: [malloc] Space allocated in mmapped regions:          6651904 Byte
20220314 015850.827 INFO             PET0 PIOc_freedecomp Enter - MemInfo: [malloc] Maximum total allocated space:                     0 Byte
20220314 015850.828 INFO             PET0 PIOc_freedecomp Enter - MemInfo: [malloc] Space in freed fastbin blocks:                   272 Byte
20220314 015850.828 INFO             PET0 PIOc_freedecomp Enter - MemInfo: [malloc] Total allocated space:                       1133280 Byte
20220314 015850.828 INFO             PET0 PIOc_freedecomp Enter - MemInfo: [malloc] Total free space:                            9049376 Byte
20220314 015850.828 INFO             PET0 PIOc_freedecomp Enter - MemInfo: [malloc] Top-most, releasable space:                   114864 Byte
20220314 015850.828 INFO             PET0 PIOc_freedecomp Enter - MemInfo: [malloc] Total space in use, mmap + non-mmap:         7785184 Byte
20220314 015850.828 INFO             PET0 PIOc_freedecomp Enter - MemInfo: [malloc] Total space held (mmap + non-mmap):         16834560 Byte
20220314 015850.828 INFO             PET0 PIOc_freedecomp Enter - MemInfo: [malloc] Total space used (mmap + non-mmap):          7793392 Byte
20220314 015850.828 INFO             PET0 PIOc_freedecomp Enter - MemInfo: Wall-clock time since execution start:              0.0186999 seconds
20220314 015850.828 INFO             PET0 PIOc_freedecomp Exit - MemInfo: [/proc/meminfo - SSI]	MemTotal:       527077124 kB
20220314 015850.828 INFO             PET0 PIOc_freedecomp Exit - MemInfo: [/proc/meminfo - SSI]	MemFree:        517258380 kB
20220314 015850.828 INFO             PET0 PIOc_freedecomp Exit - MemInfo: [/proc/meminfo - SSI]	MemAvailable:   517716228 kB
20220314 015850.828 INFO             PET0 PIOc_freedecomp Exit - MemInfo: [/proc/meminfo - SSI]	Committed_AS:    1684328 kB
20220314 015850.828 INFO             PET0 PIOc_freedecomp Exit - MemInfo: [/proc/meminfo - SSI]	CommittedPercent: 0.31956 %
20220314 015850.828 INFO             PET0 PIOc_freedecomp Exit - MemInfo: [/proc/self/status]	VmPeak:	  180640 kB
20220314 015850.828 INFO             PET0 PIOc_freedecomp Exit - MemInfo: [/proc/self/status]	VmSize:	  180640 kB
20220314 015850.828 INFO             PET0 PIOc_freedecomp Exit - MemInfo: [/proc/self/status]	VmLck:	       0 kB
20220314 015850.828 INFO             PET0 PIOc_freedecomp Exit - MemInfo: [/proc/self/status]	VmPin:	       0 kB
20220314 015850.828 INFO             PET0 PIOc_freedecomp Exit - MemInfo: [/proc/self/status]	VmHWM:	   41432 kB
20220314 015850.828 INFO             PET0 PIOc_freedecomp Exit - MemInfo: [/proc/self/status]	VmRSS:	   39068 kB
20220314 015850.828 INFO             PET0 PIOc_freedecomp Exit - MemInfo: [/proc/self/status]	VmData:	   20516 kB
20220314 015850.828 INFO             PET0 PIOc_freedecomp Exit - MemInfo: [/proc/self/status]	VmStk:	     156 kB
20220314 015850.828 INFO             PET0 PIOc_freedecomp Exit - MemInfo: [/proc/self/status]	VmExe:	     328 kB
20220314 015850.828 INFO             PET0 PIOc_freedecomp Exit - MemInfo: [/proc/self/status]	VmLib:	  103544 kB
20220314 015850.828 INFO             PET0 PIOc_freedecomp Exit - MemInfo: [/proc/self/status]	VmPTE:	     348 kB
20220314 015850.828 INFO             PET0 PIOc_freedecomp Exit - MemInfo: [/proc/self/status]	VmSwap:	       0 kB
20220314 015850.828 INFO             PET0 PIOc_freedecomp Exit - MemInfo: [/proc/self/status]	VmRSSPercent: 0.0074122 %
20220314 015850.828 INFO             PET0 PIOc_freedecomp Exit - MemInfo: [malloc] Non-mmapped space allocated:                10182656 Byte
20220314 015850.828 INFO             PET0 PIOc_freedecomp Exit - MemInfo: [malloc] Space allocated in mmapped regions:          6651904 Byte
20220314 015850.828 INFO             PET0 PIOc_freedecomp Exit - MemInfo: [malloc] Maximum total allocated space:                     0 Byte
20220314 015850.828 INFO             PET0 PIOc_freedecomp Exit - MemInfo: [malloc] Space in freed fastbin blocks:                   624 Byte
20220314 015850.828 INFO             PET0 PIOc_freedecomp Exit - MemInfo: [malloc] Total allocated space:                       1132656 Byte
20220314 015850.828 INFO             PET0 PIOc_freedecomp Exit - MemInfo: [malloc] Total free space:                            9050000 Byte
20220314 015850.828 INFO             PET0 PIOc_freedecomp Exit - MemInfo: [malloc] Top-most, releasable space:                   125584 Byte
20220314 015850.828 INFO             PET0 PIOc_freedecomp Exit - MemInfo: [malloc] Total space in use, mmap + non-mmap:         7784560 Byte
20220314 015850.828 INFO             PET0 PIOc_freedecomp Exit - MemInfo: [malloc] Total space held (mmap + non-mmap):         16834560 Byte
20220314 015850.828 INFO             PET0 PIOc_freedecomp Exit - MemInfo: [malloc] Total space used (mmap + non-mmap):          7792768 Byte
20220314 015850.828 INFO             PET0 PIOc_freedecomp Exit - MemInfo: Wall-clock time since execution start:              0.0189026 seconds
20220314 015850.828 INFO             PET0 PIOc_sync Enter - MemInfo: [/proc/meminfo - SSI]	MemTotal:       527077124 kB
20220314 015850.828 INFO             PET0 PIOc_sync Enter - MemInfo: [/proc/meminfo - SSI]	MemFree:        517258380 kB
20220314 015850.828 INFO             PET0 PIOc_sync Enter - MemInfo: [/proc/meminfo - SSI]	MemAvailable:   517716228 kB
20220314 015850.828 INFO             PET0 PIOc_sync Enter - MemInfo: [/proc/meminfo - SSI]	Committed_AS:    1684328 kB
20220314 015850.828 INFO             PET0 PIOc_sync Enter - MemInfo: [/proc/meminfo - SSI]	CommittedPercent: 0.31956 %
20220314 015850.828 INFO             PET0 PIOc_sync Enter - MemInfo: [/proc/self/status]	VmPeak:	  180640 kB
20220314 015850.828 INFO             PET0 PIOc_sync Enter - MemInfo: [/proc/self/status]	VmSize:	  180640 kB
20220314 015850.828 INFO             PET0 PIOc_sync Enter - MemInfo: [/proc/self/status]	VmLck:	       0 kB
20220314 015850.828 INFO             PET0 PIOc_sync Enter - MemInfo: [/proc/self/status]	VmPin:	       0 kB
20220314 015850.828 INFO             PET0 PIOc_sync Enter - MemInfo: [/proc/self/status]	VmHWM:	   41432 kB
20220314 015850.828 INFO             PET0 PIOc_sync Enter - MemInfo: [/proc/self/status]	VmRSS:	   39068 kB
20220314 015850.828 INFO             PET0 PIOc_sync Enter - MemInfo: [/proc/self/status]	VmData:	   20516 kB
20220314 015850.828 INFO             PET0 PIOc_sync Enter - MemInfo: [/proc/self/status]	VmStk:	     156 kB
20220314 015850.828 INFO             PET0 PIOc_sync Enter - MemInfo: [/proc/self/status]	VmExe:	     328 kB
20220314 015850.829 INFO             PET0 PIOc_sync Enter - MemInfo: [/proc/self/status]	VmLib:	  103544 kB
20220314 015850.829 INFO             PET0 PIOc_sync Enter - MemInfo: [/proc/self/status]	VmPTE:	     348 kB
20220314 015850.829 INFO             PET0 PIOc_sync Enter - MemInfo: [/proc/self/status]	VmSwap:	       0 kB
20220314 015850.829 INFO             PET0 PIOc_sync Enter - MemInfo: [/proc/self/status]	VmRSSPercent: 0.0074122 %
20220314 015850.829 INFO             PET0 PIOc_sync Enter - MemInfo: [malloc] Non-mmapped space allocated:                10182656 Byte
20220314 015850.829 INFO             PET0 PIOc_sync Enter - MemInfo: [malloc] Space allocated in mmapped regions:          6651904 Byte
20220314 015850.829 INFO             PET0 PIOc_sync Enter - MemInfo: [malloc] Maximum total allocated space:                     0 Byte
20220314 015850.829 INFO             PET0 PIOc_sync Enter - MemInfo: [malloc] Space in freed fastbin blocks:                  1584 Byte
20220314 015850.829 INFO             PET0 PIOc_sync Enter - MemInfo: [malloc] Total allocated space:                      10060048 Byte
20220314 015850.829 INFO             PET0 PIOc_sync Enter - MemInfo: [malloc] Total free space:                             122608 Byte
20220314 015850.829 INFO             PET0 PIOc_sync Enter - MemInfo: [malloc] Top-most, releasable space:                   115312 Byte
20220314 015850.829 INFO             PET0 PIOc_sync Enter - MemInfo: [malloc] Total space in use, mmap + non-mmap:        16711952 Byte
20220314 015850.829 INFO             PET0 PIOc_sync Enter - MemInfo: [malloc] Total space held (mmap + non-mmap):         16834560 Byte
20220314 015850.829 INFO             PET0 PIOc_sync Enter - MemInfo: [malloc] Total space used (mmap + non-mmap):         16720384 Byte
20220314 015850.829 INFO             PET0 PIOc_sync Enter - MemInfo: Wall-clock time since execution start:              0.0197618 seconds
20220314 015850.829 INFO             PET0 PIOc_sync Exit - MemInfo: [/proc/meminfo - SSI]	MemTotal:       527077124 kB
20220314 015850.829 INFO             PET0 PIOc_sync Exit - MemInfo: [/proc/meminfo - SSI]	MemFree:        517257844 kB
20220314 015850.829 INFO             PET0 PIOc_sync Exit - MemInfo: [/proc/meminfo - SSI]	MemAvailable:   517715692 kB
20220314 015850.829 INFO             PET0 PIOc_sync Exit - MemInfo: [/proc/meminfo - SSI]	Committed_AS:    1684328 kB
20220314 015850.829 INFO             PET0 PIOc_sync Exit - MemInfo: [/proc/meminfo - SSI]	CommittedPercent: 0.31956 %
20220314 015850.829 INFO             PET0 PIOc_sync Exit - MemInfo: [/proc/self/status]	VmPeak:	  180640 kB
20220314 015850.829 INFO             PET0 PIOc_sync Exit - MemInfo: [/proc/self/status]	VmSize:	  180640 kB
20220314 015850.829 INFO             PET0 PIOc_sync Exit - MemInfo: [/proc/self/status]	VmLck:	       0 kB
20220314 015850.829 INFO             PET0 PIOc_sync Exit - MemInfo: [/proc/self/status]	VmPin:	       0 kB
20220314 015850.829 INFO             PET0 PIOc_sync Exit - MemInfo: [/proc/self/status]	VmHWM:	   41432 kB
20220314 015850.829 INFO             PET0 PIOc_sync Exit - MemInfo: [/proc/self/status]	VmRSS:	   39068 kB
20220314 015850.829 INFO             PET0 PIOc_sync Exit - MemInfo: [/proc/self/status]	VmData:	   20516 kB
20220314 015850.829 INFO             PET0 PIOc_sync Exit - MemInfo: [/proc/self/status]	VmStk:	     156 kB
20220314 015850.829 INFO             PET0 PIOc_sync Exit - MemInfo: [/proc/self/status]	VmExe:	     328 kB
20220314 015850.829 INFO             PET0 PIOc_sync Exit - MemInfo: [/proc/self/status]	VmLib:	  103544 kB
20220314 015850.829 INFO             PET0 PIOc_sync Exit - MemInfo: [/proc/self/status]	VmPTE:	     348 kB
20220314 015850.829 INFO             PET0 PIOc_sync Exit - MemInfo: [/proc/self/status]	VmSwap:	       0 kB
20220314 015850.829 INFO             PET0 PIOc_sync Exit - MemInfo: [/proc/self/status]	VmRSSPercent: 0.0074122 %
20220314 015850.829 INFO             PET0 PIOc_sync Exit - MemInfo: [malloc] Non-mmapped space allocated:                10182656 Byte
20220314 015850.829 INFO             PET0 PIOc_sync Exit - MemInfo: [malloc] Space allocated in mmapped regions:          6651904 Byte
20220314 015850.829 INFO             PET0 PIOc_sync Exit - MemInfo: [malloc] Maximum total allocated space:                     0 Byte
20220314 015850.829 INFO             PET0 PIOc_sync Exit - MemInfo: [malloc] Space in freed fastbin blocks:                    32 Byte
20220314 015850.829 INFO             PET0 PIOc_sync Exit - MemInfo: [malloc] Total allocated space:                      10060560 Byte
20220314 015850.829 INFO             PET0 PIOc_sync Exit - MemInfo: [malloc] Total free space:                             122096 Byte
20220314 015850.829 INFO             PET0 PIOc_sync Exit - MemInfo: [malloc] Top-most, releasable space:                   115088 Byte
20220314 015850.829 INFO             PET0 PIOc_sync Exit - MemInfo: [malloc] Total space in use, mmap + non-mmap:        16712464 Byte
20220314 015850.829 INFO             PET0 PIOc_sync Exit - MemInfo: [malloc] Total space held (mmap + non-mmap):         16834560 Byte
20220314 015850.829 INFO             PET0 PIOc_sync Exit - MemInfo: [malloc] Total space used (mmap + non-mmap):         16720672 Byte
20220314 015850.829 INFO             PET0 PIOc_sync Exit - MemInfo: Wall-clock time since execution start:              0.0199777 seconds
20220314 015850.829 INFO             PET0 PIOc_freedecomp Enter - MemInfo: [/proc/meminfo - SSI]	MemTotal:       527077124 kB
20220314 015850.829 INFO             PET0 PIOc_freedecomp Enter - MemInfo: [/proc/meminfo - SSI]	MemFree:        517257844 kB
20220314 015850.829 INFO             PET0 PIOc_freedecomp Enter - MemInfo: [/proc/meminfo - SSI]	MemAvailable:   517715692 kB
20220314 015850.829 INFO             PET0 PIOc_freedecomp Enter - MemInfo: [/proc/meminfo - SSI]	Committed_AS:    1684328 kB
20220314 015850.829 INFO             PET0 PIOc_freedecomp Enter - MemInfo: [/proc/meminfo - SSI]	CommittedPercent: 0.31956 %
20220314 015850.829 INFO             PET0 PIOc_freedecomp Enter - MemInfo: [/proc/self/status]	VmPeak:	  180640 kB
20220314 015850.829 INFO             PET0 PIOc_freedecomp Enter - MemInfo: [/proc/self/status]	VmSize:	  180640 kB
20220314 015850.829 INFO             PET0 PIOc_freedecomp Enter - MemInfo: [/proc/self/status]	VmLck:	       0 kB
20220314 015850.829 INFO             PET0 PIOc_freedecomp Enter - MemInfo: [/proc/self/status]	VmPin:	       0 kB
20220314 015850.829 INFO             PET0 PIOc_freedecomp Enter - MemInfo: [/proc/self/status]	VmHWM:	   41432 kB
20220314 015850.829 INFO             PET0 PIOc_freedecomp Enter - MemInfo: [/proc/self/status]	VmRSS:	   39068 kB
20220314 015850.829 INFO             PET0 PIOc_freedecomp Enter - MemInfo: [/proc/self/status]	VmData:	   20516 kB
20220314 015850.829 INFO             PET0 PIOc_freedecomp Enter - MemInfo: [/proc/self/status]	VmStk:	     156 kB
20220314 015850.829 INFO             PET0 PIOc_freedecomp Enter - MemInfo: [/proc/self/status]	VmExe:	     328 kB
20220314 015850.829 INFO             PET0 PIOc_freedecomp Enter - MemInfo: [/proc/self/status]	VmLib:	  103544 kB
20220314 015850.829 INFO             PET0 PIOc_freedecomp Enter - MemInfo: [/proc/self/status]	VmPTE:	     348 kB
20220314 015850.829 INFO             PET0 PIOc_freedecomp Enter - MemInfo: [/proc/self/status]	VmSwap:	       0 kB
20220314 015850.829 INFO             PET0 PIOc_freedecomp Enter - MemInfo: [/proc/self/status]	VmRSSPercent: 0.0074122 %
20220314 015850.829 INFO             PET0 PIOc_freedecomp Enter - MemInfo: [malloc] Non-mmapped space allocated:                10182656 Byte
20220314 015850.829 INFO             PET0 PIOc_freedecomp Enter - MemInfo: [malloc] Space allocated in mmapped regions:          6651904 Byte
20220314 015850.829 INFO             PET0 PIOc_freedecomp Enter - MemInfo: [malloc] Maximum total allocated space:                     0 Byte
20220314 015850.829 INFO             PET0 PIOc_freedecomp Enter - MemInfo: [malloc] Space in freed fastbin blocks:                   272 Byte
20220314 015850.829 INFO             PET0 PIOc_freedecomp Enter - MemInfo: [malloc] Total allocated space:                       1133856 Byte
20220314 015850.829 INFO             PET0 PIOc_freedecomp Enter - MemInfo: [malloc] Total free space:                            9048800 Byte
20220314 015850.829 INFO             PET0 PIOc_freedecomp Enter - MemInfo: [malloc] Top-most, releasable space:                   114864 Byte
20220314 015850.829 INFO             PET0 PIOc_freedecomp Enter - MemInfo: [malloc] Total space in use, mmap + non-mmap:         7785760 Byte
20220314 015850.829 INFO             PET0 PIOc_freedecomp Enter - MemInfo: [malloc] Total space held (mmap + non-mmap):         16834560 Byte
20220314 015850.829 INFO             PET0 PIOc_freedecomp Enter - MemInfo: [malloc] Total space used (mmap + non-mmap):          7793968 Byte
20220314 015850.829 INFO             PET0 PIOc_freedecomp Enter - MemInfo: Wall-clock time since execution start:              0.0202601 seconds
20220314 015850.829 INFO             PET0 PIOc_freedecomp Exit - MemInfo: [/proc/meminfo - SSI]	MemTotal:       527077124 kB
20220314 015850.829 INFO             PET0 PIOc_freedecomp Exit - MemInfo: [/proc/meminfo - SSI]	MemFree:        517257844 kB
20220314 015850.829 INFO             PET0 PIOc_freedecomp Exit - MemInfo: [/proc/meminfo - SSI]	MemAvailable:   517715692 kB
20220314 015850.829 INFO             PET0 PIOc_freedecomp Exit - MemInfo: [/proc/meminfo - SSI]	Committed_AS:    1684328 kB
20220314 015850.829 INFO             PET0 PIOc_freedecomp Exit - MemInfo: [/proc/meminfo - SSI]	CommittedPercent: 0.31956 %
20220314 015850.829 INFO             PET0 PIOc_freedecomp Exit - MemInfo: [/proc/self/status]	VmPeak:	  180640 kB
20220314 015850.829 INFO             PET0 PIOc_freedecomp Exit - MemInfo: [/proc/self/status]	VmSize:	  180640 kB
20220314 015850.829 INFO             PET0 PIOc_freedecomp Exit - MemInfo: [/proc/self/status]	VmLck:	       0 kB
20220314 015850.829 INFO             PET0 PIOc_freedecomp Exit - MemInfo: [/proc/self/status]	VmPin:	       0 kB
20220314 015850.829 INFO             PET0 PIOc_freedecomp Exit - MemInfo: [/proc/self/status]	VmHWM:	   41432 kB
20220314 015850.829 INFO             PET0 PIOc_freedecomp Exit - MemInfo: [/proc/self/status]	VmRSS:	   39068 kB
20220314 015850.829 INFO             PET0 PIOc_freedecomp Exit - MemInfo: [/proc/self/status]	VmData:	   20516 kB
20220314 015850.829 INFO             PET0 PIOc_freedecomp Exit - MemInfo: [/proc/self/status]	VmStk:	     156 kB
20220314 015850.829 INFO             PET0 PIOc_freedecomp Exit - MemInfo: [/proc/self/status]	VmExe:	     328 kB
20220314 015850.829 INFO             PET0 PIOc_freedecomp Exit - MemInfo: [/proc/self/status]	VmLib:	  103544 kB
20220314 015850.829 INFO             PET0 PIOc_freedecomp Exit - MemInfo: [/proc/self/status]	VmPTE:	     348 kB
20220314 015850.829 INFO             PET0 PIOc_freedecomp Exit - MemInfo: [/proc/self/status]	VmSwap:	       0 kB
20220314 015850.829 INFO             PET0 PIOc_freedecomp Exit - MemInfo: [/proc/self/status]	VmRSSPercent: 0.0074122 %
20220314 015850.829 INFO             PET0 PIOc_freedecomp Exit - MemInfo: [malloc] Non-mmapped space allocated:                10182656 Byte
20220314 015850.829 INFO             PET0 PIOc_freedecomp Exit - MemInfo: [malloc] Space allocated in mmapped regions:          6651904 Byte
20220314 015850.829 INFO             PET0 PIOc_freedecomp Exit - MemInfo: [malloc] Maximum total allocated space:                     0 Byte
20220314 015850.829 INFO             PET0 PIOc_freedecomp Exit - MemInfo: [malloc] Space in freed fastbin blocks:                   704 Byte
20220314 015850.829 INFO             PET0 PIOc_freedecomp Exit - MemInfo: [malloc] Total allocated space:                       1133152 Byte
20220314 015850.829 INFO             PET0 PIOc_freedecomp Exit - MemInfo: [malloc] Total free space:                            9049504 Byte
20220314 015850.829 INFO             PET0 PIOc_freedecomp Exit - MemInfo: [malloc] Top-most, releasable space:                   125584 Byte
20220314 015850.829 INFO             PET0 PIOc_freedecomp Exit - MemInfo: [malloc] Total space in use, mmap + non-mmap:         7785056 Byte
20220314 015850.829 INFO             PET0 PIOc_freedecomp Exit - MemInfo: [malloc] Total space held (mmap + non-mmap):         16834560 Byte
20220314 015850.829 INFO             PET0 PIOc_freedecomp Exit - MemInfo: [malloc] Total space used (mmap + non-mmap):          7793264 Byte
20220314 015850.829 INFO             PET0 PIOc_freedecomp Exit - MemInfo: Wall-clock time since execution start:              0.0204697 seconds
20220314 015850.829 INFO             PET0 PASS Execute ESMC_RouteHandlePrint(), ESMC_FieldGridRegridCsrvUTest.C, line 526
20220314 015850.829 INFO             PET0 PASS Release an ESMC_RouteHandle via ESMC_FieldRegridRelease(), ESMC_FieldGridRegridCsrvUTest.C, line 534
20220314 015850.831 INFO             PET0 PASS Execute ESMC_FieldRegridGetArea() - source, ESMC_FieldGridRegridCsrvUTest.C, line 584
20220314 015850.831 INFO             PET0 PASS Execute ESMC_FieldRegridGetArea() - destination, ESMC_FieldGridRegridCsrvUTest.C, line 606
20220314 015850.831 INFO             PET0 PASS Regridding Validation, ESMC_FieldGridRegridCsrvUTest.C, line 671
20220314 015850.831 INFO             PET0 PASS Destroy ESMC_Field object, ESMC_FieldGridRegridCsrvUTest.C, line 685
20220314 015850.831 INFO             PET0 PASS Destroy ESMC_Field object, ESMC_FieldGridRegridCsrvUTest.C, line 693
20220314 015850.832 INFO             PET0 PASS Destroy ESMC_Grid object, ESMC_FieldGridRegridCsrvUTest.C, line 701
20220314 015850.832 INFO             PET0 PASS Destroy ESMC_Mesh object, ESMC_FieldGridRegridCsrvUTest.C, line 709
20220314 015850.832 INFO             PET0 Ending Test, file ESMC_FieldGridRegridCsrvUTest.C, line 714
20220314 015850.832 INFO             PET0 Finalizing ESMF
