build time -- 2022-03-14 01:49:52
20220314 015852.121 INFO             PET0 !!!!!!!!!!!!!!!!!!!!!!!!!!!!!!!!!!!!!!!!!!!!!!!!!!!!!!
20220314 015852.121 INFO             PET0 !!! THE ESMF_LOG IS SET TO OUTPUT ALL LOG MESSAGES !!!
20220314 015852.121 INFO             PET0 !!!     THIS MAY CAUSE SLOWDOWN IN PERFORMANCE     !!!
20220314 015852.121 INFO             PET0 !!! FOR PRODUCTION RUNS, USE:                      !!!
20220314 015852.121 INFO             PET0 !!!                   ESMF_LOGKIND_Multi_On_Error  !!!
20220314 015852.121 INFO             PET0 !!!!!!!!!!!!!!!!!!!!!!!!!!!!!!!!!!!!!!!!!!!!!!!!!!!!!!
20220314 015852.121 INFO             PET0 Running with ESMF Version   : v8.3.0b09-96-g559b459836
20220314 015852.121 INFO             PET0 ESMF library build date/time: "Mar 14 2022" "01:48:51"
20220314 015852.121 INFO             PET0 ESMF library build location : /lfs/h1/emc/ptmp/Mark.Potts/gfortran_10.3.0_mpich3_g_jedwards_pio_update2
20220314 015852.121 INFO             PET0 ESMF_COMM                   : mpich3
20220314 015852.122 INFO             PET0 ESMF_MOAB                   : enabled
20220314 015852.122 INFO             PET0 ESMF_LAPACK                 : enabled
20220314 015852.122 INFO             PET0 ESMF_NETCDF                 : enabled
20220314 015852.122 INFO             PET0 ESMF_PNETCDF                : disabled
20220314 015852.122 INFO             PET0 ESMF_PIO                    : enabled
20220314 015852.122 INFO             PET0 ESMF_YAMLCPP                : enabled
20220314 015852.122 INFO             PET0 Beginning Test, file ESMC_FieldSMMFromFileUTest.C, line 41
20220314 015852.122 INFO             PET0 Beginning Test, file ESMC_FieldSMMFromFileUTest.C, line 41NUMBER_OF_PROCESSORS 4
20220314 015852.142 INFO             PET0 PIOc_sync Enter - MemInfo: [/proc/meminfo - SSI]	MemTotal:       527077124 kB
20220314 015852.142 INFO             PET0 PIOc_sync Enter - MemInfo: [/proc/meminfo - SSI]	MemFree:        517233756 kB
20220314 015852.142 INFO             PET0 PIOc_sync Enter - MemInfo: [/proc/meminfo - SSI]	MemAvailable:   517691808 kB
20220314 015852.142 INFO             PET0 PIOc_sync Enter - MemInfo: [/proc/meminfo - SSI]	Committed_AS:    1725904 kB
20220314 015852.142 INFO             PET0 PIOc_sync Enter - MemInfo: [/proc/meminfo - SSI]	CommittedPercent: 0.327448 %
20220314 015852.142 INFO             PET0 PIOc_sync Enter - MemInfo: [/proc/self/status]	VmPeak:	  195020 kB
20220314 015852.142 INFO             PET0 PIOc_sync Enter - MemInfo: [/proc/self/status]	VmSize:	  195020 kB
20220314 015852.142 INFO             PET0 PIOc_sync Enter - MemInfo: [/proc/self/status]	VmLck:	       0 kB
20220314 015852.142 INFO             PET0 PIOc_sync Enter - MemInfo: [/proc/self/status]	VmPin:	       0 kB
20220314 015852.142 INFO             PET0 PIOc_sync Enter - MemInfo: [/proc/self/status]	VmHWM:	   43988 kB
20220314 015852.142 INFO             PET0 PIOc_sync Enter - MemInfo: [/proc/self/status]	VmRSS:	   43988 kB
20220314 015852.142 INFO             PET0 PIOc_sync Enter - MemInfo: [/proc/self/status]	VmData:	   17364 kB
20220314 015852.142 INFO             PET0 PIOc_sync Enter - MemInfo: [/proc/self/status]	VmStk:	     156 kB
20220314 015852.142 INFO             PET0 PIOc_sync Enter - MemInfo: [/proc/self/status]	VmExe:	     320 kB
20220314 015852.142 INFO             PET0 PIOc_sync Enter - MemInfo: [/proc/self/status]	VmLib:	  103544 kB
20220314 015852.142 INFO             PET0 PIOc_sync Enter - MemInfo: [/proc/self/status]	VmPTE:	     388 kB
20220314 015852.142 INFO             PET0 PIOc_sync Enter - MemInfo: [/proc/self/status]	VmSwap:	       0 kB
20220314 015852.142 INFO             PET0 PIOc_sync Enter - MemInfo: [/proc/self/status]	VmRSSPercent: 0.00834565 %
20220314 015852.142 INFO             PET0 PIOc_sync Enter - MemInfo: [malloc] Non-mmapped space allocated:                 1208320 Byte
20220314 015852.142 INFO             PET0 PIOc_sync Enter - MemInfo: [malloc] Space allocated in mmapped regions:         12398592 Byte
20220314 015852.142 INFO             PET0 PIOc_sync Enter - MemInfo: [malloc] Maximum total allocated space:                     0 Byte
20220314 015852.142 INFO             PET0 PIOc_sync Enter - MemInfo: [malloc] Space in freed fastbin blocks:                     0 Byte
20220314 015852.142 INFO             PET0 PIOc_sync Enter - MemInfo: [malloc] Total allocated space:                       1197056 Byte
20220314 015852.142 INFO             PET0 PIOc_sync Enter - MemInfo: [malloc] Total free space:                              11264 Byte
20220314 015852.143 INFO             PET0 PIOc_sync Enter - MemInfo: [malloc] Top-most, releasable space:                    10208 Byte
20220314 015852.143 INFO             PET0 PIOc_sync Enter - MemInfo: [malloc] Total space in use, mmap + non-mmap:        13595648 Byte
20220314 015852.143 INFO             PET0 PIOc_sync Enter - MemInfo: [malloc] Total space held (mmap + non-mmap):         13606912 Byte
20220314 015852.143 INFO             PET0 PIOc_sync Enter - MemInfo: [malloc] Total space used (mmap + non-mmap):         13604944 Byte
20220314 015852.143 INFO             PET0 PIOc_sync Enter - MemInfo: Wall-clock time since execution start:              0.0233899 seconds
20220314 015852.143 INFO             PET0 PIOc_sync Exit - MemInfo: [/proc/meminfo - SSI]	MemTotal:       527077124 kB
20220314 015852.143 INFO             PET0 PIOc_sync Exit - MemInfo: [/proc/meminfo - SSI]	MemFree:        517233252 kB
20220314 015852.143 INFO             PET0 PIOc_sync Exit - MemInfo: [/proc/meminfo - SSI]	MemAvailable:   517691304 kB
20220314 015852.143 INFO             PET0 PIOc_sync Exit - MemInfo: [/proc/meminfo - SSI]	Committed_AS:    1726376 kB
20220314 015852.143 INFO             PET0 PIOc_sync Exit - MemInfo: [/proc/meminfo - SSI]	CommittedPercent: 0.327538 %
20220314 015852.143 INFO             PET0 PIOc_sync Exit - MemInfo: [/proc/self/status]	VmPeak:	  195492 kB
20220314 015852.143 INFO             PET0 PIOc_sync Exit - MemInfo: [/proc/self/status]	VmSize:	  195492 kB
20220314 015852.143 INFO             PET0 PIOc_sync Exit - MemInfo: [/proc/self/status]	VmLck:	       0 kB
20220314 015852.143 INFO             PET0 PIOc_sync Exit - MemInfo: [/proc/self/status]	VmPin:	       0 kB
20220314 015852.143 INFO             PET0 PIOc_sync Exit - MemInfo: [/proc/self/status]	VmHWM:	   44452 kB
20220314 015852.143 INFO             PET0 PIOc_sync Exit - MemInfo: [/proc/self/status]	VmRSS:	   44452 kB
20220314 015852.143 INFO             PET0 PIOc_sync Exit - MemInfo: [/proc/self/status]	VmData:	   17836 kB
20220314 015852.143 INFO             PET0 PIOc_sync Exit - MemInfo: [/proc/self/status]	VmStk:	     156 kB
20220314 015852.143 INFO             PET0 PIOc_sync Exit - MemInfo: [/proc/self/status]	VmExe:	     320 kB
20220314 015852.143 INFO             PET0 PIOc_sync Exit - MemInfo: [/proc/self/status]	VmLib:	  103544 kB
20220314 015852.143 INFO             PET0 PIOc_sync Exit - MemInfo: [/proc/self/status]	VmPTE:	     388 kB
20220314 015852.143 INFO             PET0 PIOc_sync Exit - MemInfo: [/proc/self/status]	VmSwap:	       0 kB
20220314 015852.143 INFO             PET0 PIOc_sync Exit - MemInfo: [/proc/self/status]	VmRSSPercent: 0.00843368 %
20220314 015852.143 INFO             PET0 PIOc_sync Exit - MemInfo: [malloc] Non-mmapped space allocated:                 1400832 Byte
20220314 015852.143 INFO             PET0 PIOc_sync Exit - MemInfo: [malloc] Space allocated in mmapped regions:         12689408 Byte
20220314 015852.143 INFO             PET0 PIOc_sync Exit - MemInfo: [malloc] Maximum total allocated space:                     0 Byte
20220314 015852.143 INFO             PET0 PIOc_sync Exit - MemInfo: [malloc] Space in freed fastbin blocks:                     0 Byte
20220314 015852.143 INFO             PET0 PIOc_sync Exit - MemInfo: [malloc] Total allocated space:                       1264896 Byte
20220314 015852.143 INFO             PET0 PIOc_sync Exit - MemInfo: [malloc] Total free space:                             135936 Byte
20220314 015852.143 INFO             PET0 PIOc_sync Exit - MemInfo: [malloc] Top-most, releasable space:                   132592 Byte
20220314 015852.143 INFO             PET0 PIOc_sync Exit - MemInfo: [malloc] Total space in use, mmap + non-mmap:        13954304 Byte
20220314 015852.143 INFO             PET0 PIOc_sync Exit - MemInfo: [malloc] Total space held (mmap + non-mmap):         14090240 Byte
20220314 015852.143 INFO             PET0 PIOc_sync Exit - MemInfo: [malloc] Total space used (mmap + non-mmap):         13962512 Byte
20220314 015852.143 INFO             PET0 PIOc_sync Exit - MemInfo: Wall-clock time since execution start:              0.0237712 seconds
20220314 015852.143 INFO             PET0 PIOc_freedecomp Enter - MemInfo: [/proc/meminfo - SSI]	MemTotal:       527077124 kB
20220314 015852.143 INFO             PET0 PIOc_freedecomp Enter - MemInfo: [/proc/meminfo - SSI]	MemFree:        517240404 kB
20220314 015852.143 INFO             PET0 PIOc_freedecomp Enter - MemInfo: [/proc/meminfo - SSI]	MemAvailable:   517698456 kB
20220314 015852.143 INFO             PET0 PIOc_freedecomp Enter - MemInfo: [/proc/meminfo - SSI]	Committed_AS:    1717664 kB
20220314 015852.143 INFO             PET0 PIOc_freedecomp Enter - MemInfo: [/proc/meminfo - SSI]	CommittedPercent: 0.325885 %
20220314 015852.143 INFO             PET0 PIOc_freedecomp Enter - MemInfo: [/proc/self/status]	VmPeak:	  195492 kB
20220314 015852.143 INFO             PET0 PIOc_freedecomp Enter - MemInfo: [/proc/self/status]	VmSize:	  186780 kB
20220314 015852.143 INFO             PET0 PIOc_freedecomp Enter - MemInfo: [/proc/self/status]	VmLck:	       0 kB
20220314 015852.143 INFO             PET0 PIOc_freedecomp Enter - MemInfo: [/proc/self/status]	VmPin:	       0 kB
20220314 015852.143 INFO             PET0 PIOc_freedecomp Enter - MemInfo: [/proc/self/status]	VmHWM:	   44452 kB
20220314 015852.143 INFO             PET0 PIOc_freedecomp Enter - MemInfo: [/proc/self/status]	VmRSS:	   36464 kB
20220314 015852.143 INFO             PET0 PIOc_freedecomp Enter - MemInfo: [/proc/self/status]	VmData:	    9124 kB
20220314 015852.143 INFO             PET0 PIOc_freedecomp Enter - MemInfo: [/proc/self/status]	VmStk:	     156 kB
20220314 015852.143 INFO             PET0 PIOc_freedecomp Enter - MemInfo: [/proc/self/status]	VmExe:	     320 kB
20220314 015852.143 INFO             PET0 PIOc_freedecomp Enter - MemInfo: [/proc/self/status]	VmLib:	  103544 kB
20220314 015852.143 INFO             PET0 PIOc_freedecomp Enter - MemInfo: [/proc/self/status]	VmPTE:	     372 kB
20220314 015852.143 INFO             PET0 PIOc_freedecomp Enter - MemInfo: [/proc/self/status]	VmSwap:	       0 kB
20220314 015852.143 INFO             PET0 PIOc_freedecomp Enter - MemInfo: [/proc/self/status]	VmRSSPercent: 0.00691815 %
20220314 015852.143 INFO             PET0 PIOc_freedecomp Enter - MemInfo: [malloc] Non-mmapped space allocated:                 1400832 Byte
20220314 015852.143 INFO             PET0 PIOc_freedecomp Enter - MemInfo: [malloc] Space allocated in mmapped regions:          3768320 Byte
20220314 015852.143 INFO             PET0 PIOc_freedecomp Enter - MemInfo: [malloc] Maximum total allocated space:                     0 Byte
20220314 015852.143 INFO             PET0 PIOc_freedecomp Enter - MemInfo: [malloc] Space in freed fastbin blocks:                   512 Byte
20220314 015852.143 INFO             PET0 PIOc_freedecomp Enter - MemInfo: [malloc] Total allocated space:                       1254112 Byte
20220314 015852.143 INFO             PET0 PIOc_freedecomp Enter - MemInfo: [malloc] Total free space:                             146720 Byte
20220314 015852.143 INFO             PET0 PIOc_freedecomp Enter - MemInfo: [malloc] Top-most, releasable space:                   132368 Byte
20220314 015852.143 INFO             PET0 PIOc_freedecomp Enter - MemInfo: [malloc] Total space in use, mmap + non-mmap:         5022432 Byte
20220314 015852.143 INFO             PET0 PIOc_freedecomp Enter - MemInfo: [malloc] Total space held (mmap + non-mmap):          5169152 Byte
20220314 015852.143 INFO             PET0 PIOc_freedecomp Enter - MemInfo: [malloc] Total space used (mmap + non-mmap):          5030640 Byte
20220314 015852.143 INFO             PET0 PIOc_freedecomp Enter - MemInfo: Wall-clock time since execution start:              0.0242617 seconds
20220314 015852.143 INFO             PET0 PIOc_freedecomp Exit - MemInfo: [/proc/meminfo - SSI]	MemTotal:       527077124 kB
20220314 015852.143 INFO             PET0 PIOc_freedecomp Exit - MemInfo: [/proc/meminfo - SSI]	MemFree:        517240404 kB
20220314 015852.143 INFO             PET0 PIOc_freedecomp Exit - MemInfo: [/proc/meminfo - SSI]	MemAvailable:   517698456 kB
20220314 015852.143 INFO             PET0 PIOc_freedecomp Exit - MemInfo: [/proc/meminfo - SSI]	Committed_AS:    1717664 kB
20220314 015852.143 INFO             PET0 PIOc_freedecomp Exit - MemInfo: [/proc/meminfo - SSI]	CommittedPercent: 0.325885 %
20220314 015852.144 INFO             PET0 PIOc_freedecomp Exit - MemInfo: [/proc/self/status]	VmPeak:	  195492 kB
20220314 015852.144 INFO             PET0 PIOc_freedecomp Exit - MemInfo: [/proc/self/status]	VmSize:	  186780 kB
20220314 015852.144 INFO             PET0 PIOc_freedecomp Exit - MemInfo: [/proc/self/status]	VmLck:	       0 kB
20220314 015852.144 INFO             PET0 PIOc_freedecomp Exit - MemInfo: [/proc/self/status]	VmPin:	       0 kB
20220314 015852.144 INFO             PET0 PIOc_freedecomp Exit - MemInfo: [/proc/self/status]	VmHWM:	   44452 kB
20220314 015852.144 INFO             PET0 PIOc_freedecomp Exit - MemInfo: [/proc/self/status]	VmRSS:	   36464 kB
20220314 015852.144 INFO             PET0 PIOc_freedecomp Exit - MemInfo: [/proc/self/status]	VmData:	    9124 kB
20220314 015852.144 INFO             PET0 PIOc_freedecomp Exit - MemInfo: [/proc/self/status]	VmStk:	     156 kB
20220314 015852.144 INFO             PET0 PIOc_freedecomp Exit - MemInfo: [/proc/self/status]	VmExe:	     320 kB
20220314 015852.144 INFO             PET0 PIOc_freedecomp Exit - MemInfo: [/proc/self/status]	VmLib:	  103544 kB
20220314 015852.144 INFO             PET0 PIOc_freedecomp Exit - MemInfo: [/proc/self/status]	VmPTE:	     372 kB
20220314 015852.144 INFO             PET0 PIOc_freedecomp Exit - MemInfo: [/proc/self/status]	VmSwap:	       0 kB
20220314 015852.144 INFO             PET0 PIOc_freedecomp Exit - MemInfo: [/proc/self/status]	VmRSSPercent: 0.00691815 %
20220314 015852.144 INFO             PET0 PIOc_freedecomp Exit - MemInfo: [malloc] Non-mmapped space allocated:                 1400832 Byte
20220314 015852.144 INFO             PET0 PIOc_freedecomp Exit - MemInfo: [malloc] Space allocated in mmapped regions:          3768320 Byte
20220314 015852.144 INFO             PET0 PIOc_freedecomp Exit - MemInfo: [malloc] Maximum total allocated space:                     0 Byte
20220314 015852.144 INFO             PET0 PIOc_freedecomp Exit - MemInfo: [malloc] Space in freed fastbin blocks:                   912 Byte
20220314 015852.144 INFO             PET0 PIOc_freedecomp Exit - MemInfo: [malloc] Total allocated space:                       1250528 Byte
20220314 015852.144 INFO             PET0 PIOc_freedecomp Exit - MemInfo: [malloc] Total free space:                             150304 Byte
20220314 015852.144 INFO             PET0 PIOc_freedecomp Exit - MemInfo: [malloc] Top-most, releasable space:                   132368 Byte
20220314 015852.144 INFO             PET0 PIOc_freedecomp Exit - MemInfo: [malloc] Total space in use, mmap + non-mmap:         5018848 Byte
20220314 015852.144 INFO             PET0 PIOc_freedecomp Exit - MemInfo: [malloc] Total space held (mmap + non-mmap):          5169152 Byte
20220314 015852.144 INFO             PET0 PIOc_freedecomp Exit - MemInfo: [malloc] Total space used (mmap + non-mmap):          5027056 Byte
20220314 015852.144 INFO             PET0 PIOc_freedecomp Exit - MemInfo: Wall-clock time since execution start:              0.0244702 seconds
20220314 015852.146 INFO             PET0 PIOc_sync Enter - MemInfo: [/proc/meminfo - SSI]	MemTotal:       527077124 kB
20220314 015852.146 INFO             PET0 PIOc_sync Enter - MemInfo: [/proc/meminfo - SSI]	MemFree:        517234952 kB
20220314 015852.146 INFO             PET0 PIOc_sync Enter - MemInfo: [/proc/meminfo - SSI]	MemAvailable:   517693084 kB
20220314 015852.146 INFO             PET0 PIOc_sync Enter - MemInfo: [/proc/meminfo - SSI]	Committed_AS:    1726368 kB
20220314 015852.146 INFO             PET0 PIOc_sync Enter - MemInfo: [/proc/meminfo - SSI]	CommittedPercent: 0.327536 %
20220314 015852.146 INFO             PET0 PIOc_sync Enter - MemInfo: [/proc/self/status]	VmPeak:	  195492 kB
20220314 015852.146 INFO             PET0 PIOc_sync Enter - MemInfo: [/proc/self/status]	VmSize:	  195484 kB
20220314 015852.146 INFO             PET0 PIOc_sync Enter - MemInfo: [/proc/self/status]	VmLck:	       0 kB
20220314 015852.146 INFO             PET0 PIOc_sync Enter - MemInfo: [/proc/self/status]	VmPin:	       0 kB
20220314 015852.146 INFO             PET0 PIOc_sync Enter - MemInfo: [/proc/self/status]	VmHWM:	   44452 kB
20220314 015852.146 INFO             PET0 PIOc_sync Enter - MemInfo: [/proc/self/status]	VmRSS:	   42628 kB
20220314 015852.146 INFO             PET0 PIOc_sync Enter - MemInfo: [/proc/self/status]	VmData:	   17828 kB
20220314 015852.146 INFO             PET0 PIOc_sync Enter - MemInfo: [/proc/self/status]	VmStk:	     156 kB
20220314 015852.146 INFO             PET0 PIOc_sync Enter - MemInfo: [/proc/self/status]	VmExe:	     320 kB
20220314 015852.146 INFO             PET0 PIOc_sync Enter - MemInfo: [/proc/self/status]	VmLib:	  103544 kB
20220314 015852.146 INFO             PET0 PIOc_sync Enter - MemInfo: [/proc/self/status]	VmPTE:	     388 kB
20220314 015852.146 INFO             PET0 PIOc_sync Enter - MemInfo: [/proc/self/status]	VmSwap:	       0 kB
20220314 015852.146 INFO             PET0 PIOc_sync Enter - MemInfo: [/proc/self/status]	VmRSSPercent: 0.00808762 %
20220314 015852.146 INFO             PET0 PIOc_sync Enter - MemInfo: [malloc] Non-mmapped space allocated:                10313728 Byte
20220314 015852.146 INFO             PET0 PIOc_sync Enter - MemInfo: [malloc] Space allocated in mmapped regions:          3768320 Byte
20220314 015852.146 INFO             PET0 PIOc_sync Enter - MemInfo: [malloc] Maximum total allocated space:                     0 Byte
20220314 015852.146 INFO             PET0 PIOc_sync Enter - MemInfo: [malloc] Space in freed fastbin blocks:                   128 Byte
20220314 015852.146 INFO             PET0 PIOc_sync Enter - MemInfo: [malloc] Total allocated space:                      10178640 Byte
20220314 015852.146 INFO             PET0 PIOc_sync Enter - MemInfo: [malloc] Total free space:                             135088 Byte
20220314 015852.146 INFO             PET0 PIOc_sync Enter - MemInfo: [malloc] Top-most, releasable space:                   127088 Byte
20220314 015852.146 INFO             PET0 PIOc_sync Enter - MemInfo: [malloc] Total space in use, mmap + non-mmap:        13946960 Byte
20220314 015852.146 INFO             PET0 PIOc_sync Enter - MemInfo: [malloc] Total space held (mmap + non-mmap):         14082048 Byte
20220314 015852.146 INFO             PET0 PIOc_sync Enter - MemInfo: [malloc] Total space used (mmap + non-mmap):         13955280 Byte
20220314 015852.146 INFO             PET0 PIOc_sync Enter - MemInfo: Wall-clock time since execution start:              0.0266673 seconds
20220314 015852.146 INFO             PET0 PIOc_sync Exit - MemInfo: [/proc/meminfo - SSI]	MemTotal:       527077124 kB
20220314 015852.146 INFO             PET0 PIOc_sync Exit - MemInfo: [/proc/meminfo - SSI]	MemFree:        517234952 kB
20220314 015852.146 INFO             PET0 PIOc_sync Exit - MemInfo: [/proc/meminfo - SSI]	MemAvailable:   517693084 kB
20220314 015852.146 INFO             PET0 PIOc_sync Exit - MemInfo: [/proc/meminfo - SSI]	Committed_AS:    1726368 kB
20220314 015852.146 INFO             PET0 PIOc_sync Exit - MemInfo: [/proc/meminfo - SSI]	CommittedPercent: 0.327536 %
20220314 015852.146 INFO             PET0 PIOc_sync Exit - MemInfo: [/proc/self/status]	VmPeak:	  195492 kB
20220314 015852.146 INFO             PET0 PIOc_sync Exit - MemInfo: [/proc/self/status]	VmSize:	  195484 kB
20220314 015852.146 INFO             PET0 PIOc_sync Exit - MemInfo: [/proc/self/status]	VmLck:	       0 kB
20220314 015852.146 INFO             PET0 PIOc_sync Exit - MemInfo: [/proc/self/status]	VmPin:	       0 kB
20220314 015852.146 INFO             PET0 PIOc_sync Exit - MemInfo: [/proc/self/status]	VmHWM:	   44452 kB
20220314 015852.146 INFO             PET0 PIOc_sync Exit - MemInfo: [/proc/self/status]	VmRSS:	   42628 kB
20220314 015852.146 INFO             PET0 PIOc_sync Exit - MemInfo: [/proc/self/status]	VmData:	   17828 kB
20220314 015852.146 INFO             PET0 PIOc_sync Exit - MemInfo: [/proc/self/status]	VmStk:	     156 kB
20220314 015852.146 INFO             PET0 PIOc_sync Exit - MemInfo: [/proc/self/status]	VmExe:	     320 kB
20220314 015852.146 INFO             PET0 PIOc_sync Exit - MemInfo: [/proc/self/status]	VmLib:	  103544 kB
20220314 015852.146 INFO             PET0 PIOc_sync Exit - MemInfo: [/proc/self/status]	VmPTE:	     388 kB
20220314 015852.146 INFO             PET0 PIOc_sync Exit - MemInfo: [/proc/self/status]	VmSwap:	       0 kB
20220314 015852.146 INFO             PET0 PIOc_sync Exit - MemInfo: [/proc/self/status]	VmRSSPercent: 0.00808762 %
20220314 015852.146 INFO             PET0 PIOc_sync Exit - MemInfo: [malloc] Non-mmapped space allocated:                10313728 Byte
20220314 015852.146 INFO             PET0 PIOc_sync Exit - MemInfo: [malloc] Space allocated in mmapped regions:          3768320 Byte
20220314 015852.146 INFO             PET0 PIOc_sync Exit - MemInfo: [malloc] Maximum total allocated space:                     0 Byte
20220314 015852.146 INFO             PET0 PIOc_sync Exit - MemInfo: [malloc] Space in freed fastbin blocks:                     0 Byte
20220314 015852.146 INFO             PET0 PIOc_sync Exit - MemInfo: [malloc] Total allocated space:                      10179328 Byte
20220314 015852.146 INFO             PET0 PIOc_sync Exit - MemInfo: [malloc] Total free space:                             134400 Byte
20220314 015852.146 INFO             PET0 PIOc_sync Exit - MemInfo: [malloc] Top-most, releasable space:                   126864 Byte
20220314 015852.146 INFO             PET0 PIOc_sync Exit - MemInfo: [malloc] Total space in use, mmap + non-mmap:        13947648 Byte
20220314 015852.146 INFO             PET0 PIOc_sync Exit - MemInfo: [malloc] Total space held (mmap + non-mmap):         14082048 Byte
20220314 015852.146 INFO             PET0 PIOc_sync Exit - MemInfo: [malloc] Total space used (mmap + non-mmap):         13955856 Byte
20220314 015852.146 INFO             PET0 PIOc_sync Exit - MemInfo: Wall-clock time since execution start:              0.0269347 seconds
20220314 015852.146 INFO             PET0 PIOc_freedecomp Enter - MemInfo: [/proc/meminfo - SSI]	MemTotal:       527077124 kB
20220314 015852.146 INFO             PET0 PIOc_freedecomp Enter - MemInfo: [/proc/meminfo - SSI]	MemFree:        517234952 kB
20220314 015852.146 INFO             PET0 PIOc_freedecomp Enter - MemInfo: [/proc/meminfo - SSI]	MemAvailable:   517693084 kB
20220314 015852.146 INFO             PET0 PIOc_freedecomp Enter - MemInfo: [/proc/meminfo - SSI]	Committed_AS:    1726368 kB
20220314 015852.146 INFO             PET0 PIOc_freedecomp Enter - MemInfo: [/proc/meminfo - SSI]	CommittedPercent: 0.327536 %
20220314 015852.146 INFO             PET0 PIOc_freedecomp Enter - MemInfo: [/proc/self/status]	VmPeak:	  195492 kB
20220314 015852.146 INFO             PET0 PIOc_freedecomp Enter - MemInfo: [/proc/self/status]	VmSize:	  195484 kB
20220314 015852.146 INFO             PET0 PIOc_freedecomp Enter - MemInfo: [/proc/self/status]	VmLck:	       0 kB
20220314 015852.146 INFO             PET0 PIOc_freedecomp Enter - MemInfo: [/proc/self/status]	VmPin:	       0 kB
20220314 015852.146 INFO             PET0 PIOc_freedecomp Enter - MemInfo: [/proc/self/status]	VmHWM:	   44452 kB
20220314 015852.146 INFO             PET0 PIOc_freedecomp Enter - MemInfo: [/proc/self/status]	VmRSS:	   42628 kB
20220314 015852.146 INFO             PET0 PIOc_freedecomp Enter - MemInfo: [/proc/self/status]	VmData:	   17828 kB
20220314 015852.146 INFO             PET0 PIOc_freedecomp Enter - MemInfo: [/proc/self/status]	VmStk:	     156 kB
20220314 015852.146 INFO             PET0 PIOc_freedecomp Enter - MemInfo: [/proc/self/status]	VmExe:	     320 kB
20220314 015852.146 INFO             PET0 PIOc_freedecomp Enter - MemInfo: [/proc/self/status]	VmLib:	  103544 kB
20220314 015852.146 INFO             PET0 PIOc_freedecomp Enter - MemInfo: [/proc/self/status]	VmPTE:	     388 kB
20220314 015852.146 INFO             PET0 PIOc_freedecomp Enter - MemInfo: [/proc/self/status]	VmSwap:	       0 kB
20220314 015852.146 INFO             PET0 PIOc_freedecomp Enter - MemInfo: [/proc/self/status]	VmRSSPercent: 0.00808762 %
20220314 015852.146 INFO             PET0 PIOc_freedecomp Enter - MemInfo: [malloc] Non-mmapped space allocated:                10313728 Byte
20220314 015852.146 INFO             PET0 PIOc_freedecomp Enter - MemInfo: [malloc] Space allocated in mmapped regions:          3768320 Byte
20220314 015852.146 INFO             PET0 PIOc_freedecomp Enter - MemInfo: [malloc] Maximum total allocated space:                     0 Byte
20220314 015852.146 INFO             PET0 PIOc_freedecomp Enter - MemInfo: [malloc] Space in freed fastbin blocks:                   208 Byte
20220314 015852.146 INFO             PET0 PIOc_freedecomp Enter - MemInfo: [malloc] Total allocated space:                       1255104 Byte
20220314 015852.146 INFO             PET0 PIOc_freedecomp Enter - MemInfo: [malloc] Total free space:                            9058624 Byte
20220314 015852.146 INFO             PET0 PIOc_freedecomp Enter - MemInfo: [malloc] Top-most, releasable space:                   126640 Byte
20220314 015852.146 INFO             PET0 PIOc_freedecomp Enter - MemInfo: [malloc] Total space in use, mmap + non-mmap:         5023424 Byte
20220314 015852.146 INFO             PET0 PIOc_freedecomp Enter - MemInfo: [malloc] Total space held (mmap + non-mmap):         14082048 Byte
20220314 015852.146 INFO             PET0 PIOc_freedecomp Enter - MemInfo: [malloc] Total space used (mmap + non-mmap):          5031632 Byte
20220314 015852.146 INFO             PET0 PIOc_freedecomp Enter - MemInfo: Wall-clock time since execution start:              0.0272556 seconds
20220314 015852.146 INFO             PET0 PIOc_freedecomp Exit - MemInfo: [/proc/meminfo - SSI]	MemTotal:       527077124 kB
20220314 015852.146 INFO             PET0 PIOc_freedecomp Exit - MemInfo: [/proc/meminfo - SSI]	MemFree:        517234952 kB
20220314 015852.146 INFO             PET0 PIOc_freedecomp Exit - MemInfo: [/proc/meminfo - SSI]	MemAvailable:   517693084 kB
20220314 015852.146 INFO             PET0 PIOc_freedecomp Exit - MemInfo: [/proc/meminfo - SSI]	Committed_AS:    1726368 kB
20220314 015852.146 INFO             PET0 PIOc_freedecomp Exit - MemInfo: [/proc/meminfo - SSI]	CommittedPercent: 0.327536 %
20220314 015852.146 INFO             PET0 PIOc_freedecomp Exit - MemInfo: [/proc/self/status]	VmPeak:	  195492 kB
20220314 015852.146 INFO             PET0 PIOc_freedecomp Exit - MemInfo: [/proc/self/status]	VmSize:	  195484 kB
20220314 015852.146 INFO             PET0 PIOc_freedecomp Exit - MemInfo: [/proc/self/status]	VmLck:	       0 kB
20220314 015852.146 INFO             PET0 PIOc_freedecomp Exit - MemInfo: [/proc/self/status]	VmPin:	       0 kB
20220314 015852.147 INFO             PET0 PIOc_freedecomp Exit - MemInfo: [/proc/self/status]	VmHWM:	   44452 kB
20220314 015852.147 INFO             PET0 PIOc_freedecomp Exit - MemInfo: [/proc/self/status]	VmRSS:	   42628 kB
20220314 015852.147 INFO             PET0 PIOc_freedecomp Exit - MemInfo: [/proc/self/status]	VmData:	   17828 kB
20220314 015852.147 INFO             PET0 PIOc_freedecomp Exit - MemInfo: [/proc/self/status]	VmStk:	     156 kB
20220314 015852.147 INFO             PET0 PIOc_freedecomp Exit - MemInfo: [/proc/self/status]	VmExe:	     320 kB
20220314 015852.147 INFO             PET0 PIOc_freedecomp Exit - MemInfo: [/proc/self/status]	VmLib:	  103544 kB
20220314 015852.147 INFO             PET0 PIOc_freedecomp Exit - MemInfo: [/proc/self/status]	VmPTE:	     388 kB
20220314 015852.147 INFO             PET0 PIOc_freedecomp Exit - MemInfo: [/proc/self/status]	VmSwap:	       0 kB
20220314 015852.147 INFO             PET0 PIOc_freedecomp Exit - MemInfo: [/proc/self/status]	VmRSSPercent: 0.00808762 %
20220314 015852.147 INFO             PET0 PIOc_freedecomp Exit - MemInfo: [malloc] Non-mmapped space allocated:                10313728 Byte
20220314 015852.147 INFO             PET0 PIOc_freedecomp Exit - MemInfo: [malloc] Space allocated in mmapped regions:          3768320 Byte
20220314 015852.147 INFO             PET0 PIOc_freedecomp Exit - MemInfo: [malloc] Maximum total allocated space:                     0 Byte
20220314 015852.147 INFO             PET0 PIOc_freedecomp Exit - MemInfo: [malloc] Space in freed fastbin blocks:                   912 Byte
20220314 015852.147 INFO             PET0 PIOc_freedecomp Exit - MemInfo: [malloc] Total allocated space:                       1251296 Byte
20220314 015852.147 INFO             PET0 PIOc_freedecomp Exit - MemInfo: [malloc] Total free space:                            9062432 Byte
20220314 015852.147 INFO             PET0 PIOc_freedecomp Exit - MemInfo: [malloc] Top-most, releasable space:                  9045264 Byte
20220314 015852.147 INFO             PET0 PIOc_freedecomp Exit - MemInfo: [malloc] Total space in use, mmap + non-mmap:         5019616 Byte
20220314 015852.147 INFO             PET0 PIOc_freedecomp Exit - MemInfo: [malloc] Total space held (mmap + non-mmap):         14082048 Byte
20220314 015852.147 INFO             PET0 PIOc_freedecomp Exit - MemInfo: [malloc] Total space used (mmap + non-mmap):          5027824 Byte
20220314 015852.147 INFO             PET0 PIOc_freedecomp Exit - MemInfo: Wall-clock time since execution start:              0.0274577 seconds
20220314 015852.148 INFO             PET0 PIOc_sync Enter - MemInfo: [/proc/meminfo - SSI]	MemTotal:       527077124 kB
20220314 015852.148 INFO             PET0 PIOc_sync Enter - MemInfo: [/proc/meminfo - SSI]	MemFree:        517234952 kB
20220314 015852.148 INFO             PET0 PIOc_sync Enter - MemInfo: [/proc/meminfo - SSI]	MemAvailable:   517693084 kB
20220314 015852.148 INFO             PET0 PIOc_sync Enter - MemInfo: [/proc/meminfo - SSI]	Committed_AS:    1726368 kB
20220314 015852.148 INFO             PET0 PIOc_sync Enter - MemInfo: [/proc/meminfo - SSI]	CommittedPercent: 0.327536 %
20220314 015852.148 INFO             PET0 PIOc_sync Enter - MemInfo: [/proc/self/status]	VmPeak:	  195492 kB
20220314 015852.148 INFO             PET0 PIOc_sync Enter - MemInfo: [/proc/self/status]	VmSize:	  195484 kB
20220314 015852.148 INFO             PET0 PIOc_sync Enter - MemInfo: [/proc/self/status]	VmLck:	       0 kB
20220314 015852.148 INFO             PET0 PIOc_sync Enter - MemInfo: [/proc/self/status]	VmPin:	       0 kB
20220314 015852.148 INFO             PET0 PIOc_sync Enter - MemInfo: [/proc/self/status]	VmHWM:	   44452 kB
20220314 015852.148 INFO             PET0 PIOc_sync Enter - MemInfo: [/proc/self/status]	VmRSS:	   42992 kB
20220314 015852.148 INFO             PET0 PIOc_sync Enter - MemInfo: [/proc/self/status]	VmData:	   17828 kB
20220314 015852.148 INFO             PET0 PIOc_sync Enter - MemInfo: [/proc/self/status]	VmStk:	     156 kB
20220314 015852.148 INFO             PET0 PIOc_sync Enter - MemInfo: [/proc/self/status]	VmExe:	     320 kB
20220314 015852.148 INFO             PET0 PIOc_sync Enter - MemInfo: [/proc/self/status]	VmLib:	  103544 kB
20220314 015852.148 INFO             PET0 PIOc_sync Enter - MemInfo: [/proc/self/status]	VmPTE:	     388 kB
20220314 015852.148 INFO             PET0 PIOc_sync Enter - MemInfo: [/proc/self/status]	VmSwap:	       0 kB
20220314 015852.148 INFO             PET0 PIOc_sync Enter - MemInfo: [/proc/self/status]	VmRSSPercent: 0.00815668 %
20220314 015852.148 INFO             PET0 PIOc_sync Enter - MemInfo: [malloc] Non-mmapped space allocated:                10313728 Byte
20220314 015852.148 INFO             PET0 PIOc_sync Enter - MemInfo: [malloc] Space allocated in mmapped regions:          3768320 Byte
20220314 015852.148 INFO             PET0 PIOc_sync Enter - MemInfo: [malloc] Maximum total allocated space:                     0 Byte
20220314 015852.148 INFO             PET0 PIOc_sync Enter - MemInfo: [malloc] Space in freed fastbin blocks:                   192 Byte
20220314 015852.148 INFO             PET0 PIOc_sync Enter - MemInfo: [malloc] Total allocated space:                      10179632 Byte
20220314 015852.148 INFO             PET0 PIOc_sync Enter - MemInfo: [malloc] Total free space:                             134096 Byte
20220314 015852.148 INFO             PET0 PIOc_sync Enter - MemInfo: [malloc] Top-most, releasable space:                   127088 Byte
20220314 015852.148 INFO             PET0 PIOc_sync Enter - MemInfo: [malloc] Total space in use, mmap + non-mmap:        13947952 Byte
20220314 015852.148 INFO             PET0 PIOc_sync Enter - MemInfo: [malloc] Total space held (mmap + non-mmap):         14082048 Byte
20220314 015852.148 INFO             PET0 PIOc_sync Enter - MemInfo: [malloc] Total space used (mmap + non-mmap):         13956272 Byte
20220314 015852.148 INFO             PET0 PIOc_sync Enter - MemInfo: Wall-clock time since execution start:              0.0290689 seconds
20220314 015852.148 INFO             PET0 PIOc_sync Exit - MemInfo: [/proc/meminfo - SSI]	MemTotal:       527077124 kB
20220314 015852.148 INFO             PET0 PIOc_sync Exit - MemInfo: [/proc/meminfo - SSI]	MemFree:        517234952 kB
20220314 015852.148 INFO             PET0 PIOc_sync Exit - MemInfo: [/proc/meminfo - SSI]	MemAvailable:   517693084 kB
20220314 015852.148 INFO             PET0 PIOc_sync Exit - MemInfo: [/proc/meminfo - SSI]	Committed_AS:    1726368 kB
20220314 015852.148 INFO             PET0 PIOc_sync Exit - MemInfo: [/proc/meminfo - SSI]	CommittedPercent: 0.327536 %
20220314 015852.148 INFO             PET0 PIOc_sync Exit - MemInfo: [/proc/self/status]	VmPeak:	  195492 kB
20220314 015852.148 INFO             PET0 PIOc_sync Exit - MemInfo: [/proc/self/status]	VmSize:	  195484 kB
20220314 015852.148 INFO             PET0 PIOc_sync Exit - MemInfo: [/proc/self/status]	VmLck:	       0 kB
20220314 015852.148 INFO             PET0 PIOc_sync Exit - MemInfo: [/proc/self/status]	VmPin:	       0 kB
20220314 015852.148 INFO             PET0 PIOc_sync Exit - MemInfo: [/proc/self/status]	VmHWM:	   44452 kB
20220314 015852.148 INFO             PET0 PIOc_sync Exit - MemInfo: [/proc/self/status]	VmRSS:	   42992 kB
20220314 015852.148 INFO             PET0 PIOc_sync Exit - MemInfo: [/proc/self/status]	VmData:	   17828 kB
20220314 015852.148 INFO             PET0 PIOc_sync Exit - MemInfo: [/proc/self/status]	VmStk:	     156 kB
20220314 015852.148 INFO             PET0 PIOc_sync Exit - MemInfo: [/proc/self/status]	VmExe:	     320 kB
20220314 015852.148 INFO             PET0 PIOc_sync Exit - MemInfo: [/proc/self/status]	VmLib:	  103544 kB
20220314 015852.148 INFO             PET0 PIOc_sync Exit - MemInfo: [/proc/self/status]	VmPTE:	     388 kB
20220314 015852.148 INFO             PET0 PIOc_sync Exit - MemInfo: [/proc/self/status]	VmSwap:	       0 kB
20220314 015852.148 INFO             PET0 PIOc_sync Exit - MemInfo: [/proc/self/status]	VmRSSPercent: 0.00815668 %
20220314 015852.148 INFO             PET0 PIOc_sync Exit - MemInfo: [malloc] Non-mmapped space allocated:                10313728 Byte
20220314 015852.148 INFO             PET0 PIOc_sync Exit - MemInfo: [malloc] Space allocated in mmapped regions:          3768320 Byte
20220314 015852.148 INFO             PET0 PIOc_sync Exit - MemInfo: [malloc] Maximum total allocated space:                     0 Byte
20220314 015852.148 INFO             PET0 PIOc_sync Exit - MemInfo: [malloc] Space in freed fastbin blocks:                     0 Byte
20220314 015852.148 INFO             PET0 PIOc_sync Exit - MemInfo: [malloc] Total allocated space:                      10180368 Byte
20220314 015852.148 INFO             PET0 PIOc_sync Exit - MemInfo: [malloc] Total free space:                             133360 Byte
20220314 015852.148 INFO             PET0 PIOc_sync Exit - MemInfo: [malloc] Top-most, releasable space:                   126864 Byte
20220314 015852.148 INFO             PET0 PIOc_sync Exit - MemInfo: [malloc] Total space in use, mmap + non-mmap:        13948688 Byte
20220314 015852.148 INFO             PET0 PIOc_sync Exit - MemInfo: [malloc] Total space held (mmap + non-mmap):         14082048 Byte
20220314 015852.149 INFO             PET0 PIOc_sync Exit - MemInfo: [malloc] Total space used (mmap + non-mmap):         13956896 Byte
20220314 015852.149 INFO             PET0 PIOc_sync Exit - MemInfo: Wall-clock time since execution start:              0.0293478 seconds
20220314 015852.149 INFO             PET0 PIOc_freedecomp Enter - MemInfo: [/proc/meminfo - SSI]	MemTotal:       527077124 kB
20220314 015852.149 INFO             PET0 PIOc_freedecomp Enter - MemInfo: [/proc/meminfo - SSI]	MemFree:        517234952 kB
20220314 015852.149 INFO             PET0 PIOc_freedecomp Enter - MemInfo: [/proc/meminfo - SSI]	MemAvailable:   517693084 kB
20220314 015852.149 INFO             PET0 PIOc_freedecomp Enter - MemInfo: [/proc/meminfo - SSI]	Committed_AS:    1726368 kB
20220314 015852.149 INFO             PET0 PIOc_freedecomp Enter - MemInfo: [/proc/meminfo - SSI]	CommittedPercent: 0.327536 %
20220314 015852.149 INFO             PET0 PIOc_freedecomp Enter - MemInfo: [/proc/self/status]	VmPeak:	  195492 kB
20220314 015852.149 INFO             PET0 PIOc_freedecomp Enter - MemInfo: [/proc/self/status]	VmSize:	  195484 kB
20220314 015852.149 INFO             PET0 PIOc_freedecomp Enter - MemInfo: [/proc/self/status]	VmLck:	       0 kB
20220314 015852.149 INFO             PET0 PIOc_freedecomp Enter - MemInfo: [/proc/self/status]	VmPin:	       0 kB
20220314 015852.149 INFO             PET0 PIOc_freedecomp Enter - MemInfo: [/proc/self/status]	VmHWM:	   44452 kB
20220314 015852.149 INFO             PET0 PIOc_freedecomp Enter - MemInfo: [/proc/self/status]	VmRSS:	   42992 kB
20220314 015852.149 INFO             PET0 PIOc_freedecomp Enter - MemInfo: [/proc/self/status]	VmData:	   17828 kB
20220314 015852.149 INFO             PET0 PIOc_freedecomp Enter - MemInfo: [/proc/self/status]	VmStk:	     156 kB
20220314 015852.149 INFO             PET0 PIOc_freedecomp Enter - MemInfo: [/proc/self/status]	VmExe:	     320 kB
20220314 015852.149 INFO             PET0 PIOc_freedecomp Enter - MemInfo: [/proc/self/status]	VmLib:	  103544 kB
20220314 015852.149 INFO             PET0 PIOc_freedecomp Enter - MemInfo: [/proc/self/status]	VmPTE:	     388 kB
20220314 015852.149 INFO             PET0 PIOc_freedecomp Enter - MemInfo: [/proc/self/status]	VmSwap:	       0 kB
20220314 015852.149 INFO             PET0 PIOc_freedecomp Enter - MemInfo: [/proc/self/status]	VmRSSPercent: 0.00815668 %
20220314 015852.149 INFO             PET0 PIOc_freedecomp Enter - MemInfo: [malloc] Non-mmapped space allocated:                10313728 Byte
20220314 015852.149 INFO             PET0 PIOc_freedecomp Enter - MemInfo: [malloc] Space allocated in mmapped regions:          3768320 Byte
20220314 015852.149 INFO             PET0 PIOc_freedecomp Enter - MemInfo: [malloc] Maximum total allocated space:                     0 Byte
20220314 015852.149 INFO             PET0 PIOc_freedecomp Enter - MemInfo: [malloc] Space in freed fastbin blocks:                   112 Byte
20220314 015852.149 INFO             PET0 PIOc_freedecomp Enter - MemInfo: [malloc] Total allocated space:                       1255328 Byte
20220314 015852.149 INFO             PET0 PIOc_freedecomp Enter - MemInfo: [malloc] Total free space:                            9058400 Byte
20220314 015852.149 INFO             PET0 PIOc_freedecomp Enter - MemInfo: [malloc] Top-most, releasable space:                   126640 Byte
20220314 015852.149 INFO             PET0 PIOc_freedecomp Enter - MemInfo: [malloc] Total space in use, mmap + non-mmap:         5023648 Byte
20220314 015852.149 INFO             PET0 PIOc_freedecomp Enter - MemInfo: [malloc] Total space held (mmap + non-mmap):         14082048 Byte
20220314 015852.149 INFO             PET0 PIOc_freedecomp Enter - MemInfo: [malloc] Total space used (mmap + non-mmap):          5031856 Byte
20220314 015852.149 INFO             PET0 PIOc_freedecomp Enter - MemInfo: Wall-clock time since execution start:              0.0296503 seconds
20220314 015852.149 INFO             PET0 PIOc_freedecomp Exit - MemInfo: [/proc/meminfo - SSI]	MemTotal:       527077124 kB
20220314 015852.149 INFO             PET0 PIOc_freedecomp Exit - MemInfo: [/proc/meminfo - SSI]	MemFree:        517234952 kB
20220314 015852.149 INFO             PET0 PIOc_freedecomp Exit - MemInfo: [/proc/meminfo - SSI]	MemAvailable:   517693084 kB
20220314 015852.149 INFO             PET0 PIOc_freedecomp Exit - MemInfo: [/proc/meminfo - SSI]	Committed_AS:    1726368 kB
20220314 015852.149 INFO             PET0 PIOc_freedecomp Exit - MemInfo: [/proc/meminfo - SSI]	CommittedPercent: 0.327536 %
20220314 015852.149 INFO             PET0 PIOc_freedecomp Exit - MemInfo: [/proc/self/status]	VmPeak:	  195492 kB
20220314 015852.149 INFO             PET0 PIOc_freedecomp Exit - MemInfo: [/proc/self/status]	VmSize:	  195484 kB
20220314 015852.149 INFO             PET0 PIOc_freedecomp Exit - MemInfo: [/proc/self/status]	VmLck:	       0 kB
20220314 015852.149 INFO             PET0 PIOc_freedecomp Exit - MemInfo: [/proc/self/status]	VmPin:	       0 kB
20220314 015852.149 INFO             PET0 PIOc_freedecomp Exit - MemInfo: [/proc/self/status]	VmHWM:	   44452 kB
20220314 015852.149 INFO             PET0 PIOc_freedecomp Exit - MemInfo: [/proc/self/status]	VmRSS:	   42992 kB
20220314 015852.149 INFO             PET0 PIOc_freedecomp Exit - MemInfo: [/proc/self/status]	VmData:	   17828 kB
20220314 015852.149 INFO             PET0 PIOc_freedecomp Exit - MemInfo: [/proc/self/status]	VmStk:	     156 kB
20220314 015852.149 INFO             PET0 PIOc_freedecomp Exit - MemInfo: [/proc/self/status]	VmExe:	     320 kB
20220314 015852.149 INFO             PET0 PIOc_freedecomp Exit - MemInfo: [/proc/self/status]	VmLib:	  103544 kB
20220314 015852.149 INFO             PET0 PIOc_freedecomp Exit - MemInfo: [/proc/self/status]	VmPTE:	     388 kB
20220314 015852.149 INFO             PET0 PIOc_freedecomp Exit - MemInfo: [/proc/self/status]	VmSwap:	       0 kB
20220314 015852.149 INFO             PET0 PIOc_freedecomp Exit - MemInfo: [/proc/self/status]	VmRSSPercent: 0.00815668 %
20220314 015852.149 INFO             PET0 PIOc_freedecomp Exit - MemInfo: [malloc] Non-mmapped space allocated:                10313728 Byte
20220314 015852.149 INFO             PET0 PIOc_freedecomp Exit - MemInfo: [malloc] Space allocated in mmapped regions:          3768320 Byte
20220314 015852.149 INFO             PET0 PIOc_freedecomp Exit - MemInfo: [malloc] Maximum total allocated space:                     0 Byte
20220314 015852.149 INFO             PET0 PIOc_freedecomp Exit - MemInfo: [malloc] Space in freed fastbin blocks:                   864 Byte
20220314 015852.149 INFO             PET0 PIOc_freedecomp Exit - MemInfo: [malloc] Total allocated space:                       1251872 Byte
20220314 015852.149 INFO             PET0 PIOc_freedecomp Exit - MemInfo: [malloc] Total free space:                            9061856 Byte
20220314 015852.149 INFO             PET0 PIOc_freedecomp Exit - MemInfo: [malloc] Top-most, releasable space:                  9045040 Byte
20220314 015852.149 INFO             PET0 PIOc_freedecomp Exit - MemInfo: [malloc] Total space in use, mmap + non-mmap:         5020192 Byte
20220314 015852.149 INFO             PET0 PIOc_freedecomp Exit - MemInfo: [malloc] Total space held (mmap + non-mmap):         14082048 Byte
20220314 015852.149 INFO             PET0 PIOc_freedecomp Exit - MemInfo: [malloc] Total space used (mmap + non-mmap):          5028400 Byte
20220314 015852.149 INFO             PET0 PIOc_freedecomp Exit - MemInfo: Wall-clock time since execution start:              0.0298598 seconds
20220314 015852.149 INFO             PET0 PASS ESMC_FieldRegridStoreFile test, ESMC_FieldSMMFromFileUTest.C, line 199
20220314 015852.155 INFO             PET0 PASS ESMC_FieldSMMStore from File test, ESMC_FieldSMMFromFileUTest.C, line 229
20220314 015852.155 INFO             PET0 PASS ESMC_FieldSMMStore From File validation, ESMC_FieldSMMFromFileUTest.C, line 257
20220314 015852.155 INFO             PET0 PASS ESMC_FieldRegridRelease, ESMC_FieldSMMFromFileUTest.C, line 271
20220314 015852.155 INFO             PET0 Ending Test, file ESMC_FieldSMMFromFileUTest.C, line 289
20220314 015852.155 INFO             PET0 Finalizing ESMF
20220314 015852.121 INFO             PET1 !!!!!!!!!!!!!!!!!!!!!!!!!!!!!!!!!!!!!!!!!!!!!!!!!!!!!!
20220314 015852.121 INFO             PET1 !!! THE ESMF_LOG IS SET TO OUTPUT ALL LOG MESSAGES !!!
20220314 015852.121 INFO             PET1 !!!     THIS MAY CAUSE SLOWDOWN IN PERFORMANCE     !!!
20220314 015852.121 INFO             PET1 !!! FOR PRODUCTION RUNS, USE:                      !!!
20220314 015852.121 INFO             PET1 !!!                   ESMF_LOGKIND_Multi_On_Error  !!!
20220314 015852.121 INFO             PET1 !!!!!!!!!!!!!!!!!!!!!!!!!!!!!!!!!!!!!!!!!!!!!!!!!!!!!!
20220314 015852.121 INFO             PET1 Running with ESMF Version   : v8.3.0b09-96-g559b459836
20220314 015852.121 INFO             PET1 ESMF library build date/time: "Mar 14 2022" "01:48:51"
20220314 015852.121 INFO             PET1 ESMF library build location : /lfs/h1/emc/ptmp/Mark.Potts/gfortran_10.3.0_mpich3_g_jedwards_pio_update2
20220314 015852.121 INFO             PET1 ESMF_COMM                   : mpich3
20220314 015852.121 INFO             PET1 ESMF_MOAB                   : enabled
20220314 015852.121 INFO             PET1 ESMF_LAPACK                 : enabled
20220314 015852.121 INFO             PET1 ESMF_NETCDF                 : enabled
20220314 015852.121 INFO             PET1 ESMF_PNETCDF                : disabled
20220314 015852.121 INFO             PET1 ESMF_PIO                    : enabled
20220314 015852.121 INFO             PET1 ESMF_YAMLCPP                : enabled
20220314 015852.122 INFO             PET1 Beginning Test, file ESMC_FieldSMMFromFileUTest.C, line 41
20220314 015852.122 INFO             PET1 Beginning Test, file ESMC_FieldSMMFromFileUTest.C, line 41NUMBER_OF_PROCESSORS 4
20220314 015852.142 INFO             PET1 PIOc_sync Enter - MemInfo: [/proc/meminfo - SSI]	MemTotal:       527077124 kB
20220314 015852.142 INFO             PET1 PIOc_sync Enter - MemInfo: [/proc/meminfo - SSI]	MemFree:        517233756 kB
20220314 015852.142 INFO             PET1 PIOc_sync Enter - MemInfo: [/proc/meminfo - SSI]	MemAvailable:   517691808 kB
20220314 015852.142 INFO             PET1 PIOc_sync Enter - MemInfo: [/proc/meminfo - SSI]	Committed_AS:    1725904 kB
20220314 015852.142 INFO             PET1 PIOc_sync Enter - MemInfo: [/proc/meminfo - SSI]	CommittedPercent: 0.327448 %
20220314 015852.142 INFO             PET1 PIOc_sync Enter - MemInfo: [/proc/self/status]	VmPeak:	  186536 kB
20220314 015852.142 INFO             PET1 PIOc_sync Enter - MemInfo: [/proc/self/status]	VmSize:	  186260 kB
20220314 015852.142 INFO             PET1 PIOc_sync Enter - MemInfo: [/proc/self/status]	VmLck:	       0 kB
20220314 015852.142 INFO             PET1 PIOc_sync Enter - MemInfo: [/proc/self/status]	VmPin:	       0 kB
20220314 015852.142 INFO             PET1 PIOc_sync Enter - MemInfo: [/proc/self/status]	VmHWM:	   32676 kB
20220314 015852.142 INFO             PET1 PIOc_sync Enter - MemInfo: [/proc/self/status]	VmRSS:	   32676 kB
20220314 015852.142 INFO             PET1 PIOc_sync Enter - MemInfo: [/proc/self/status]	VmData:	    8604 kB
20220314 015852.142 INFO             PET1 PIOc_sync Enter - MemInfo: [/proc/self/status]	VmStk:	     156 kB
20220314 015852.142 INFO             PET1 PIOc_sync Enter - MemInfo: [/proc/self/status]	VmExe:	     320 kB
20220314 015852.142 INFO             PET1 PIOc_sync Enter - MemInfo: [/proc/self/status]	VmLib:	  103544 kB
20220314 015852.142 INFO             PET1 PIOc_sync Enter - MemInfo: [/proc/self/status]	VmPTE:	     380 kB
20220314 015852.142 INFO             PET1 PIOc_sync Enter - MemInfo: [/proc/self/status]	VmSwap:	       0 kB
20220314 015852.142 INFO             PET1 PIOc_sync Enter - MemInfo: [/proc/self/status]	VmRSSPercent: 0.00619947 %
20220314 015852.142 INFO             PET1 PIOc_sync Enter - MemInfo: [malloc] Non-mmapped space allocated:                 1159168 Byte
20220314 015852.142 INFO             PET1 PIOc_sync Enter - MemInfo: [malloc] Space allocated in mmapped regions:          3477504 Byte
20220314 015852.142 INFO             PET1 PIOc_sync Enter - MemInfo: [malloc] Maximum total allocated space:                     0 Byte
20220314 015852.142 INFO             PET1 PIOc_sync Enter - MemInfo: [malloc] Space in freed fastbin blocks:                     0 Byte
20220314 015852.142 INFO             PET1 PIOc_sync Enter - MemInfo: [malloc] Total allocated space:                       1012864 Byte
20220314 015852.143 INFO             PET1 PIOc_sync Enter - MemInfo: [malloc] Total free space:                             146304 Byte
20220314 015852.143 INFO             PET1 PIOc_sync Enter - MemInfo: [malloc] Top-most, releasable space:                   132112 Byte
20220314 015852.143 INFO             PET1 PIOc_sync Enter - MemInfo: [malloc] Total space in use, mmap + non-mmap:         4490368 Byte
20220314 015852.143 INFO             PET1 PIOc_sync Enter - MemInfo: [malloc] Total space held (mmap + non-mmap):          4636672 Byte
20220314 015852.143 INFO             PET1 PIOc_sync Enter - MemInfo: [malloc] Total space used (mmap + non-mmap):          4499104 Byte
20220314 015852.143 INFO             PET1 PIOc_sync Enter - MemInfo: Wall-clock time since execution start:                0.02339 seconds
20220314 015852.143 INFO             PET1 PIOc_sync Exit - MemInfo: [/proc/meminfo - SSI]	MemTotal:       527077124 kB
20220314 015852.143 INFO             PET1 PIOc_sync Exit - MemInfo: [/proc/meminfo - SSI]	MemFree:        517233252 kB
20220314 015852.143 INFO             PET1 PIOc_sync Exit - MemInfo: [/proc/meminfo - SSI]	MemAvailable:   517691304 kB
20220314 015852.143 INFO             PET1 PIOc_sync Exit - MemInfo: [/proc/meminfo - SSI]	Committed_AS:    1726376 kB
20220314 015852.143 INFO             PET1 PIOc_sync Exit - MemInfo: [/proc/meminfo - SSI]	CommittedPercent: 0.327538 %
20220314 015852.143 INFO             PET1 PIOc_sync Exit - MemInfo: [/proc/self/status]	VmPeak:	  186536 kB
20220314 015852.143 INFO             PET1 PIOc_sync Exit - MemInfo: [/proc/self/status]	VmSize:	  186260 kB
20220314 015852.143 INFO             PET1 PIOc_sync Exit - MemInfo: [/proc/self/status]	VmLck:	       0 kB
20220314 015852.143 INFO             PET1 PIOc_sync Exit - MemInfo: [/proc/self/status]	VmPin:	       0 kB
20220314 015852.143 INFO             PET1 PIOc_sync Exit - MemInfo: [/proc/self/status]	VmHWM:	   32676 kB
20220314 015852.143 INFO             PET1 PIOc_sync Exit - MemInfo: [/proc/self/status]	VmRSS:	   32676 kB
20220314 015852.143 INFO             PET1 PIOc_sync Exit - MemInfo: [/proc/self/status]	VmData:	    8604 kB
20220314 015852.143 INFO             PET1 PIOc_sync Exit - MemInfo: [/proc/self/status]	VmStk:	     156 kB
20220314 015852.143 INFO             PET1 PIOc_sync Exit - MemInfo: [/proc/self/status]	VmExe:	     320 kB
20220314 015852.143 INFO             PET1 PIOc_sync Exit - MemInfo: [/proc/self/status]	VmLib:	  103544 kB
20220314 015852.143 INFO             PET1 PIOc_sync Exit - MemInfo: [/proc/self/status]	VmPTE:	     380 kB
20220314 015852.143 INFO             PET1 PIOc_sync Exit - MemInfo: [/proc/self/status]	VmSwap:	       0 kB
20220314 015852.143 INFO             PET1 PIOc_sync Exit - MemInfo: [/proc/self/status]	VmRSSPercent: 0.00619947 %
20220314 015852.143 INFO             PET1 PIOc_sync Exit - MemInfo: [malloc] Non-mmapped space allocated:                 1159168 Byte
20220314 015852.143 INFO             PET1 PIOc_sync Exit - MemInfo: [malloc] Space allocated in mmapped regions:          3477504 Byte
20220314 015852.143 INFO             PET1 PIOc_sync Exit - MemInfo: [malloc] Maximum total allocated space:                     0 Byte
20220314 015852.143 INFO             PET1 PIOc_sync Exit - MemInfo: [malloc] Space in freed fastbin blocks:                     0 Byte
20220314 015852.143 INFO             PET1 PIOc_sync Exit - MemInfo: [malloc] Total allocated space:                       1013616 Byte
20220314 015852.143 INFO             PET1 PIOc_sync Exit - MemInfo: [malloc] Total free space:                             145552 Byte
20220314 015852.143 INFO             PET1 PIOc_sync Exit - MemInfo: [malloc] Top-most, releasable space:                   131888 Byte
20220314 015852.143 INFO             PET1 PIOc_sync Exit - MemInfo: [malloc] Total space in use, mmap + non-mmap:         4491120 Byte
20220314 015852.143 INFO             PET1 PIOc_sync Exit - MemInfo: [malloc] Total space held (mmap + non-mmap):          4636672 Byte
20220314 015852.143 INFO             PET1 PIOc_sync Exit - MemInfo: [malloc] Total space used (mmap + non-mmap):          4499328 Byte
20220314 015852.143 INFO             PET1 PIOc_sync Exit - MemInfo: Wall-clock time since execution start:              0.0237585 seconds
20220314 015852.143 INFO             PET1 PIOc_freedecomp Enter - MemInfo: [/proc/meminfo - SSI]	MemTotal:       527077124 kB
20220314 015852.143 INFO             PET1 PIOc_freedecomp Enter - MemInfo: [/proc/meminfo - SSI]	MemFree:        517240404 kB
20220314 015852.143 INFO             PET1 PIOc_freedecomp Enter - MemInfo: [/proc/meminfo - SSI]	MemAvailable:   517698456 kB
20220314 015852.143 INFO             PET1 PIOc_freedecomp Enter - MemInfo: [/proc/meminfo - SSI]	Committed_AS:    1717664 kB
20220314 015852.143 INFO             PET1 PIOc_freedecomp Enter - MemInfo: [/proc/meminfo - SSI]	CommittedPercent: 0.325885 %
20220314 015852.143 INFO             PET1 PIOc_freedecomp Enter - MemInfo: [/proc/self/status]	VmPeak:	  186536 kB
20220314 015852.143 INFO             PET1 PIOc_freedecomp Enter - MemInfo: [/proc/self/status]	VmSize:	  186260 kB
20220314 015852.143 INFO             PET1 PIOc_freedecomp Enter - MemInfo: [/proc/self/status]	VmLck:	       0 kB
20220314 015852.143 INFO             PET1 PIOc_freedecomp Enter - MemInfo: [/proc/self/status]	VmPin:	       0 kB
20220314 015852.143 INFO             PET1 PIOc_freedecomp Enter - MemInfo: [/proc/self/status]	VmHWM:	   32676 kB
20220314 015852.143 INFO             PET1 PIOc_freedecomp Enter - MemInfo: [/proc/self/status]	VmRSS:	   32676 kB
20220314 015852.143 INFO             PET1 PIOc_freedecomp Enter - MemInfo: [/proc/self/status]	VmData:	    8604 kB
20220314 015852.143 INFO             PET1 PIOc_freedecomp Enter - MemInfo: [/proc/self/status]	VmStk:	     156 kB
20220314 015852.143 INFO             PET1 PIOc_freedecomp Enter - MemInfo: [/proc/self/status]	VmExe:	     320 kB
20220314 015852.143 INFO             PET1 PIOc_freedecomp Enter - MemInfo: [/proc/self/status]	VmLib:	  103544 kB
20220314 015852.143 INFO             PET1 PIOc_freedecomp Enter - MemInfo: [/proc/self/status]	VmPTE:	     380 kB
20220314 015852.143 INFO             PET1 PIOc_freedecomp Enter - MemInfo: [/proc/self/status]	VmSwap:	       0 kB
20220314 015852.143 INFO             PET1 PIOc_freedecomp Enter - MemInfo: [/proc/self/status]	VmRSSPercent: 0.00619947 %
20220314 015852.143 INFO             PET1 PIOc_freedecomp Enter - MemInfo: [malloc] Non-mmapped space allocated:                 1159168 Byte
20220314 015852.143 INFO             PET1 PIOc_freedecomp Enter - MemInfo: [malloc] Space allocated in mmapped regions:          3477504 Byte
20220314 015852.143 INFO             PET1 PIOc_freedecomp Enter - MemInfo: [malloc] Maximum total allocated space:                     0 Byte
20220314 015852.143 INFO             PET1 PIOc_freedecomp Enter - MemInfo: [malloc] Space in freed fastbin blocks:                    80 Byte
20220314 015852.143 INFO             PET1 PIOc_freedecomp Enter - MemInfo: [malloc] Total allocated space:                       1013616 Byte
20220314 015852.143 INFO             PET1 PIOc_freedecomp Enter - MemInfo: [malloc] Total free space:                             145552 Byte
20220314 015852.143 INFO             PET1 PIOc_freedecomp Enter - MemInfo: [malloc] Top-most, releasable space:                   131664 Byte
20220314 015852.143 INFO             PET1 PIOc_freedecomp Enter - MemInfo: [malloc] Total space in use, mmap + non-mmap:         4491120 Byte
20220314 015852.143 INFO             PET1 PIOc_freedecomp Enter - MemInfo: [malloc] Total space held (mmap + non-mmap):          4636672 Byte
20220314 015852.143 INFO             PET1 PIOc_freedecomp Enter - MemInfo: [malloc] Total space used (mmap + non-mmap):          4499328 Byte
20220314 015852.143 INFO             PET1 PIOc_freedecomp Enter - MemInfo: Wall-clock time since execution start:              0.0242387 seconds
20220314 015852.143 INFO             PET1 PIOc_freedecomp Exit - MemInfo: [/proc/meminfo - SSI]	MemTotal:       527077124 kB
20220314 015852.143 INFO             PET1 PIOc_freedecomp Exit - MemInfo: [/proc/meminfo - SSI]	MemFree:        517240404 kB
20220314 015852.143 INFO             PET1 PIOc_freedecomp Exit - MemInfo: [/proc/meminfo - SSI]	MemAvailable:   517698456 kB
20220314 015852.143 INFO             PET1 PIOc_freedecomp Exit - MemInfo: [/proc/meminfo - SSI]	Committed_AS:    1717664 kB
20220314 015852.143 INFO             PET1 PIOc_freedecomp Exit - MemInfo: [/proc/meminfo - SSI]	CommittedPercent: 0.325885 %
20220314 015852.143 INFO             PET1 PIOc_freedecomp Exit - MemInfo: [/proc/self/status]	VmPeak:	  186536 kB
20220314 015852.143 INFO             PET1 PIOc_freedecomp Exit - MemInfo: [/proc/self/status]	VmSize:	  186260 kB
20220314 015852.144 INFO             PET1 PIOc_freedecomp Exit - MemInfo: [/proc/self/status]	VmLck:	       0 kB
20220314 015852.144 INFO             PET1 PIOc_freedecomp Exit - MemInfo: [/proc/self/status]	VmPin:	       0 kB
20220314 015852.144 INFO             PET1 PIOc_freedecomp Exit - MemInfo: [/proc/self/status]	VmHWM:	   32676 kB
20220314 015852.144 INFO             PET1 PIOc_freedecomp Exit - MemInfo: [/proc/self/status]	VmRSS:	   32676 kB
20220314 015852.144 INFO             PET1 PIOc_freedecomp Exit - MemInfo: [/proc/self/status]	VmData:	    8604 kB
20220314 015852.144 INFO             PET1 PIOc_freedecomp Exit - MemInfo: [/proc/self/status]	VmStk:	     156 kB
20220314 015852.144 INFO             PET1 PIOc_freedecomp Exit - MemInfo: [/proc/self/status]	VmExe:	     320 kB
20220314 015852.144 INFO             PET1 PIOc_freedecomp Exit - MemInfo: [/proc/self/status]	VmLib:	  103544 kB
20220314 015852.144 INFO             PET1 PIOc_freedecomp Exit - MemInfo: [/proc/self/status]	VmPTE:	     380 kB
20220314 015852.144 INFO             PET1 PIOc_freedecomp Exit - MemInfo: [/proc/self/status]	VmSwap:	       0 kB
20220314 015852.144 INFO             PET1 PIOc_freedecomp Exit - MemInfo: [/proc/self/status]	VmRSSPercent: 0.00619947 %
20220314 015852.144 INFO             PET1 PIOc_freedecomp Exit - MemInfo: [malloc] Non-mmapped space allocated:                 1159168 Byte
20220314 015852.144 INFO             PET1 PIOc_freedecomp Exit - MemInfo: [malloc] Space allocated in mmapped regions:          3477504 Byte
20220314 015852.144 INFO             PET1 PIOc_freedecomp Exit - MemInfo: [malloc] Maximum total allocated space:                     0 Byte
20220314 015852.144 INFO             PET1 PIOc_freedecomp Exit - MemInfo: [malloc] Space in freed fastbin blocks:                   240 Byte
20220314 015852.144 INFO             PET1 PIOc_freedecomp Exit - MemInfo: [malloc] Total allocated space:                       1013072 Byte
20220314 015852.144 INFO             PET1 PIOc_freedecomp Exit - MemInfo: [malloc] Total free space:                             146096 Byte
20220314 015852.144 INFO             PET1 PIOc_freedecomp Exit - MemInfo: [malloc] Top-most, releasable space:                   131440 Byte
20220314 015852.144 INFO             PET1 PIOc_freedecomp Exit - MemInfo: [malloc] Total space in use, mmap + non-mmap:         4490576 Byte
20220314 015852.144 INFO             PET1 PIOc_freedecomp Exit - MemInfo: [malloc] Total space held (mmap + non-mmap):          4636672 Byte
20220314 015852.144 INFO             PET1 PIOc_freedecomp Exit - MemInfo: [malloc] Total space used (mmap + non-mmap):          4498784 Byte
20220314 015852.144 INFO             PET1 PIOc_freedecomp Exit - MemInfo: Wall-clock time since execution start:              0.0244502 seconds
20220314 015852.146 INFO             PET1 PIOc_sync Enter - MemInfo: [/proc/meminfo - SSI]	MemTotal:       527077124 kB
20220314 015852.146 INFO             PET1 PIOc_sync Enter - MemInfo: [/proc/meminfo - SSI]	MemFree:        517234952 kB
20220314 015852.146 INFO             PET1 PIOc_sync Enter - MemInfo: [/proc/meminfo - SSI]	MemAvailable:   517693084 kB
20220314 015852.146 INFO             PET1 PIOc_sync Enter - MemInfo: [/proc/meminfo - SSI]	Committed_AS:    1726368 kB
20220314 015852.146 INFO             PET1 PIOc_sync Enter - MemInfo: [/proc/meminfo - SSI]	CommittedPercent: 0.327536 %
20220314 015852.146 INFO             PET1 PIOc_sync Enter - MemInfo: [/proc/self/status]	VmPeak:	  186536 kB
20220314 015852.146 INFO             PET1 PIOc_sync Enter - MemInfo: [/proc/self/status]	VmSize:	  186260 kB
20220314 015852.146 INFO             PET1 PIOc_sync Enter - MemInfo: [/proc/self/status]	VmLck:	       0 kB
20220314 015852.146 INFO             PET1 PIOc_sync Enter - MemInfo: [/proc/self/status]	VmPin:	       0 kB
20220314 015852.146 INFO             PET1 PIOc_sync Enter - MemInfo: [/proc/self/status]	VmHWM:	   32980 kB
20220314 015852.146 INFO             PET1 PIOc_sync Enter - MemInfo: [/proc/self/status]	VmRSS:	   32964 kB
20220314 015852.146 INFO             PET1 PIOc_sync Enter - MemInfo: [/proc/self/status]	VmData:	    8604 kB
20220314 015852.146 INFO             PET1 PIOc_sync Enter - MemInfo: [/proc/self/status]	VmStk:	     156 kB
20220314 015852.146 INFO             PET1 PIOc_sync Enter - MemInfo: [/proc/self/status]	VmExe:	     320 kB
20220314 015852.146 INFO             PET1 PIOc_sync Enter - MemInfo: [/proc/self/status]	VmLib:	  103544 kB
20220314 015852.146 INFO             PET1 PIOc_sync Enter - MemInfo: [/proc/self/status]	VmPTE:	     380 kB
20220314 015852.146 INFO             PET1 PIOc_sync Enter - MemInfo: [/proc/self/status]	VmSwap:	       0 kB
20220314 015852.146 INFO             PET1 PIOc_sync Enter - MemInfo: [/proc/self/status]	VmRSSPercent: 0.00625411 %
20220314 015852.146 INFO             PET1 PIOc_sync Enter - MemInfo: [malloc] Non-mmapped space allocated:                 1159168 Byte
20220314 015852.146 INFO             PET1 PIOc_sync Enter - MemInfo: [malloc] Space allocated in mmapped regions:          3477504 Byte
20220314 015852.146 INFO             PET1 PIOc_sync Enter - MemInfo: [malloc] Maximum total allocated space:                     0 Byte
20220314 015852.146 INFO             PET1 PIOc_sync Enter - MemInfo: [malloc] Space in freed fastbin blocks:                    48 Byte
20220314 015852.146 INFO             PET1 PIOc_sync Enter - MemInfo: [malloc] Total allocated space:                       1015344 Byte
20220314 015852.146 INFO             PET1 PIOc_sync Enter - MemInfo: [malloc] Total free space:                             143824 Byte
20220314 015852.146 INFO             PET1 PIOc_sync Enter - MemInfo: [malloc] Top-most, releasable space:                   131216 Byte
20220314 015852.146 INFO             PET1 PIOc_sync Enter - MemInfo: [malloc] Total space in use, mmap + non-mmap:         4492848 Byte
20220314 015852.146 INFO             PET1 PIOc_sync Enter - MemInfo: [malloc] Total space held (mmap + non-mmap):          4636672 Byte
20220314 015852.146 INFO             PET1 PIOc_sync Enter - MemInfo: [malloc] Total space used (mmap + non-mmap):          4501056 Byte
20220314 015852.146 INFO             PET1 PIOc_sync Enter - MemInfo: Wall-clock time since execution start:              0.0266523 seconds
20220314 015852.146 INFO             PET1 PIOc_sync Exit - MemInfo: [/proc/meminfo - SSI]	MemTotal:       527077124 kB
20220314 015852.146 INFO             PET1 PIOc_sync Exit - MemInfo: [/proc/meminfo - SSI]	MemFree:        517234952 kB
20220314 015852.146 INFO             PET1 PIOc_sync Exit - MemInfo: [/proc/meminfo - SSI]	MemAvailable:   517693084 kB
20220314 015852.146 INFO             PET1 PIOc_sync Exit - MemInfo: [/proc/meminfo - SSI]	Committed_AS:    1726368 kB
20220314 015852.146 INFO             PET1 PIOc_sync Exit - MemInfo: [/proc/meminfo - SSI]	CommittedPercent: 0.327536 %
20220314 015852.146 INFO             PET1 PIOc_sync Exit - MemInfo: [/proc/self/status]	VmPeak:	  186536 kB
20220314 015852.146 INFO             PET1 PIOc_sync Exit - MemInfo: [/proc/self/status]	VmSize:	  186260 kB
20220314 015852.146 INFO             PET1 PIOc_sync Exit - MemInfo: [/proc/self/status]	VmLck:	       0 kB
20220314 015852.146 INFO             PET1 PIOc_sync Exit - MemInfo: [/proc/self/status]	VmPin:	       0 kB
20220314 015852.146 INFO             PET1 PIOc_sync Exit - MemInfo: [/proc/self/status]	VmHWM:	   32980 kB
20220314 015852.146 INFO             PET1 PIOc_sync Exit - MemInfo: [/proc/self/status]	VmRSS:	   32964 kB
20220314 015852.146 INFO             PET1 PIOc_sync Exit - MemInfo: [/proc/self/status]	VmData:	    8604 kB
20220314 015852.146 INFO             PET1 PIOc_sync Exit - MemInfo: [/proc/self/status]	VmStk:	     156 kB
20220314 015852.146 INFO             PET1 PIOc_sync Exit - MemInfo: [/proc/self/status]	VmExe:	     320 kB
20220314 015852.146 INFO             PET1 PIOc_sync Exit - MemInfo: [/proc/self/status]	VmLib:	  103544 kB
20220314 015852.146 INFO             PET1 PIOc_sync Exit - MemInfo: [/proc/self/status]	VmPTE:	     380 kB
20220314 015852.146 INFO             PET1 PIOc_sync Exit - MemInfo: [/proc/self/status]	VmSwap:	       0 kB
20220314 015852.146 INFO             PET1 PIOc_sync Exit - MemInfo: [/proc/self/status]	VmRSSPercent: 0.00625411 %
20220314 015852.146 INFO             PET1 PIOc_sync Exit - MemInfo: [malloc] Non-mmapped space allocated:                 1159168 Byte
20220314 015852.146 INFO             PET1 PIOc_sync Exit - MemInfo: [malloc] Space allocated in mmapped regions:          3477504 Byte
20220314 015852.146 INFO             PET1 PIOc_sync Exit - MemInfo: [malloc] Maximum total allocated space:                     0 Byte
20220314 015852.146 INFO             PET1 PIOc_sync Exit - MemInfo: [malloc] Space in freed fastbin blocks:                     0 Byte
20220314 015852.146 INFO             PET1 PIOc_sync Exit - MemInfo: [malloc] Total allocated space:                       1015664 Byte
20220314 015852.146 INFO             PET1 PIOc_sync Exit - MemInfo: [malloc] Total free space:                             143504 Byte
20220314 015852.146 INFO             PET1 PIOc_sync Exit - MemInfo: [malloc] Top-most, releasable space:                   130992 Byte
20220314 015852.146 INFO             PET1 PIOc_sync Exit - MemInfo: [malloc] Total space in use, mmap + non-mmap:         4493168 Byte
20220314 015852.146 INFO             PET1 PIOc_sync Exit - MemInfo: [malloc] Total space held (mmap + non-mmap):          4636672 Byte
20220314 015852.146 INFO             PET1 PIOc_sync Exit - MemInfo: [malloc] Total space used (mmap + non-mmap):          4501376 Byte
20220314 015852.146 INFO             PET1 PIOc_sync Exit - MemInfo: Wall-clock time since execution start:              0.0269175 seconds
20220314 015852.146 INFO             PET1 PIOc_freedecomp Enter - MemInfo: [/proc/meminfo - SSI]	MemTotal:       527077124 kB
20220314 015852.146 INFO             PET1 PIOc_freedecomp Enter - MemInfo: [/proc/meminfo - SSI]	MemFree:        517234952 kB
20220314 015852.146 INFO             PET1 PIOc_freedecomp Enter - MemInfo: [/proc/meminfo - SSI]	MemAvailable:   517693084 kB
20220314 015852.146 INFO             PET1 PIOc_freedecomp Enter - MemInfo: [/proc/meminfo - SSI]	Committed_AS:    1726368 kB
20220314 015852.146 INFO             PET1 PIOc_freedecomp Enter - MemInfo: [/proc/meminfo - SSI]	CommittedPercent: 0.327536 %
20220314 015852.146 INFO             PET1 PIOc_freedecomp Enter - MemInfo: [/proc/self/status]	VmPeak:	  186536 kB
20220314 015852.146 INFO             PET1 PIOc_freedecomp Enter - MemInfo: [/proc/self/status]	VmSize:	  186260 kB
20220314 015852.146 INFO             PET1 PIOc_freedecomp Enter - MemInfo: [/proc/self/status]	VmLck:	       0 kB
20220314 015852.146 INFO             PET1 PIOc_freedecomp Enter - MemInfo: [/proc/self/status]	VmPin:	       0 kB
20220314 015852.146 INFO             PET1 PIOc_freedecomp Enter - MemInfo: [/proc/self/status]	VmHWM:	   32980 kB
20220314 015852.146 INFO             PET1 PIOc_freedecomp Enter - MemInfo: [/proc/self/status]	VmRSS:	   32964 kB
20220314 015852.146 INFO             PET1 PIOc_freedecomp Enter - MemInfo: [/proc/self/status]	VmData:	    8604 kB
20220314 015852.146 INFO             PET1 PIOc_freedecomp Enter - MemInfo: [/proc/self/status]	VmStk:	     156 kB
20220314 015852.146 INFO             PET1 PIOc_freedecomp Enter - MemInfo: [/proc/self/status]	VmExe:	     320 kB
20220314 015852.146 INFO             PET1 PIOc_freedecomp Enter - MemInfo: [/proc/self/status]	VmLib:	  103544 kB
20220314 015852.146 INFO             PET1 PIOc_freedecomp Enter - MemInfo: [/proc/self/status]	VmPTE:	     380 kB
20220314 015852.146 INFO             PET1 PIOc_freedecomp Enter - MemInfo: [/proc/self/status]	VmSwap:	       0 kB
20220314 015852.146 INFO             PET1 PIOc_freedecomp Enter - MemInfo: [/proc/self/status]	VmRSSPercent: 0.00625411 %
20220314 015852.146 INFO             PET1 PIOc_freedecomp Enter - MemInfo: [malloc] Non-mmapped space allocated:                 1159168 Byte
20220314 015852.146 INFO             PET1 PIOc_freedecomp Enter - MemInfo: [malloc] Space allocated in mmapped regions:          3477504 Byte
20220314 015852.146 INFO             PET1 PIOc_freedecomp Enter - MemInfo: [malloc] Maximum total allocated space:                     0 Byte
20220314 015852.146 INFO             PET1 PIOc_freedecomp Enter - MemInfo: [malloc] Space in freed fastbin blocks:                    80 Byte
20220314 015852.146 INFO             PET1 PIOc_freedecomp Enter - MemInfo: [malloc] Total allocated space:                       1015152 Byte
20220314 015852.146 INFO             PET1 PIOc_freedecomp Enter - MemInfo: [malloc] Total free space:                             144016 Byte
20220314 015852.146 INFO             PET1 PIOc_freedecomp Enter - MemInfo: [malloc] Top-most, releasable space:                   130768 Byte
20220314 015852.146 INFO             PET1 PIOc_freedecomp Enter - MemInfo: [malloc] Total space in use, mmap + non-mmap:         4492656 Byte
20220314 015852.146 INFO             PET1 PIOc_freedecomp Enter - MemInfo: [malloc] Total space held (mmap + non-mmap):          4636672 Byte
20220314 015852.146 INFO             PET1 PIOc_freedecomp Enter - MemInfo: [malloc] Total space used (mmap + non-mmap):          4500864 Byte
20220314 015852.146 INFO             PET1 PIOc_freedecomp Enter - MemInfo: Wall-clock time since execution start:              0.0272274 seconds
20220314 015852.146 INFO             PET1 PIOc_freedecomp Exit - MemInfo: [/proc/meminfo - SSI]	MemTotal:       527077124 kB
20220314 015852.146 INFO             PET1 PIOc_freedecomp Exit - MemInfo: [/proc/meminfo - SSI]	MemFree:        517234952 kB
20220314 015852.146 INFO             PET1 PIOc_freedecomp Exit - MemInfo: [/proc/meminfo - SSI]	MemAvailable:   517693084 kB
20220314 015852.146 INFO             PET1 PIOc_freedecomp Exit - MemInfo: [/proc/meminfo - SSI]	Committed_AS:    1726368 kB
20220314 015852.146 INFO             PET1 PIOc_freedecomp Exit - MemInfo: [/proc/meminfo - SSI]	CommittedPercent: 0.327536 %
20220314 015852.146 INFO             PET1 PIOc_freedecomp Exit - MemInfo: [/proc/self/status]	VmPeak:	  186536 kB
20220314 015852.146 INFO             PET1 PIOc_freedecomp Exit - MemInfo: [/proc/self/status]	VmSize:	  186260 kB
20220314 015852.146 INFO             PET1 PIOc_freedecomp Exit - MemInfo: [/proc/self/status]	VmLck:	       0 kB
20220314 015852.146 INFO             PET1 PIOc_freedecomp Exit - MemInfo: [/proc/self/status]	VmPin:	       0 kB
20220314 015852.146 INFO             PET1 PIOc_freedecomp Exit - MemInfo: [/proc/self/status]	VmHWM:	   32980 kB
20220314 015852.146 INFO             PET1 PIOc_freedecomp Exit - MemInfo: [/proc/self/status]	VmRSS:	   32964 kB
20220314 015852.146 INFO             PET1 PIOc_freedecomp Exit - MemInfo: [/proc/self/status]	VmData:	    8604 kB
20220314 015852.146 INFO             PET1 PIOc_freedecomp Exit - MemInfo: [/proc/self/status]	VmStk:	     156 kB
20220314 015852.146 INFO             PET1 PIOc_freedecomp Exit - MemInfo: [/proc/self/status]	VmExe:	     320 kB
20220314 015852.146 INFO             PET1 PIOc_freedecomp Exit - MemInfo: [/proc/self/status]	VmLib:	  103544 kB
20220314 015852.147 INFO             PET1 PIOc_freedecomp Exit - MemInfo: [/proc/self/status]	VmPTE:	     380 kB
20220314 015852.147 INFO             PET1 PIOc_freedecomp Exit - MemInfo: [/proc/self/status]	VmSwap:	       0 kB
20220314 015852.147 INFO             PET1 PIOc_freedecomp Exit - MemInfo: [/proc/self/status]	VmRSSPercent: 0.00625411 %
20220314 015852.147 INFO             PET1 PIOc_freedecomp Exit - MemInfo: [malloc] Non-mmapped space allocated:                 1159168 Byte
20220314 015852.147 INFO             PET1 PIOc_freedecomp Exit - MemInfo: [malloc] Space allocated in mmapped regions:          3477504 Byte
20220314 015852.147 INFO             PET1 PIOc_freedecomp Exit - MemInfo: [malloc] Maximum total allocated space:                     0 Byte
20220314 015852.147 INFO             PET1 PIOc_freedecomp Exit - MemInfo: [malloc] Space in freed fastbin blocks:                   368 Byte
20220314 015852.147 INFO             PET1 PIOc_freedecomp Exit - MemInfo: [malloc] Total allocated space:                       1014256 Byte
20220314 015852.147 INFO             PET1 PIOc_freedecomp Exit - MemInfo: [malloc] Total free space:                             144912 Byte
20220314 015852.147 INFO             PET1 PIOc_freedecomp Exit - MemInfo: [malloc] Top-most, releasable space:                   130544 Byte
20220314 015852.147 INFO             PET1 PIOc_freedecomp Exit - MemInfo: [malloc] Total space in use, mmap + non-mmap:         4491760 Byte
20220314 015852.147 INFO             PET1 PIOc_freedecomp Exit - MemInfo: [malloc] Total space held (mmap + non-mmap):          4636672 Byte
20220314 015852.147 INFO             PET1 PIOc_freedecomp Exit - MemInfo: [malloc] Total space used (mmap + non-mmap):          4499968 Byte
20220314 015852.147 INFO             PET1 PIOc_freedecomp Exit - MemInfo: Wall-clock time since execution start:              0.0274289 seconds
20220314 015852.148 INFO             PET1 PIOc_sync Enter - MemInfo: [/proc/meminfo - SSI]	MemTotal:       527077124 kB
20220314 015852.148 INFO             PET1 PIOc_sync Enter - MemInfo: [/proc/meminfo - SSI]	MemFree:        517234952 kB
20220314 015852.148 INFO             PET1 PIOc_sync Enter - MemInfo: [/proc/meminfo - SSI]	MemAvailable:   517693084 kB
20220314 015852.148 INFO             PET1 PIOc_sync Enter - MemInfo: [/proc/meminfo - SSI]	Committed_AS:    1726368 kB
20220314 015852.148 INFO             PET1 PIOc_sync Enter - MemInfo: [/proc/meminfo - SSI]	CommittedPercent: 0.327536 %
20220314 015852.148 INFO             PET1 PIOc_sync Enter - MemInfo: [/proc/self/status]	VmPeak:	  186536 kB
20220314 015852.148 INFO             PET1 PIOc_sync Enter - MemInfo: [/proc/self/status]	VmSize:	  186260 kB
20220314 015852.148 INFO             PET1 PIOc_sync Enter - MemInfo: [/proc/self/status]	VmLck:	       0 kB
20220314 015852.148 INFO             PET1 PIOc_sync Enter - MemInfo: [/proc/self/status]	VmPin:	       0 kB
20220314 015852.148 INFO             PET1 PIOc_sync Enter - MemInfo: [/proc/self/status]	VmHWM:	   32988 kB
20220314 015852.148 INFO             PET1 PIOc_sync Enter - MemInfo: [/proc/self/status]	VmRSS:	   32972 kB
20220314 015852.148 INFO             PET1 PIOc_sync Enter - MemInfo: [/proc/self/status]	VmData:	    8604 kB
20220314 015852.148 INFO             PET1 PIOc_sync Enter - MemInfo: [/proc/self/status]	VmStk:	     156 kB
20220314 015852.148 INFO             PET1 PIOc_sync Enter - MemInfo: [/proc/self/status]	VmExe:	     320 kB
20220314 015852.148 INFO             PET1 PIOc_sync Enter - MemInfo: [/proc/self/status]	VmLib:	  103544 kB
20220314 015852.148 INFO             PET1 PIOc_sync Enter - MemInfo: [/proc/self/status]	VmPTE:	     380 kB
20220314 015852.148 INFO             PET1 PIOc_sync Enter - MemInfo: [/proc/self/status]	VmSwap:	       0 kB
20220314 015852.148 INFO             PET1 PIOc_sync Enter - MemInfo: [/proc/self/status]	VmRSSPercent: 0.00625563 %
20220314 015852.148 INFO             PET1 PIOc_sync Enter - MemInfo: [malloc] Non-mmapped space allocated:                 1159168 Byte
20220314 015852.148 INFO             PET1 PIOc_sync Enter - MemInfo: [malloc] Space allocated in mmapped regions:          3477504 Byte
20220314 015852.148 INFO             PET1 PIOc_sync Enter - MemInfo: [malloc] Maximum total allocated space:                     0 Byte
20220314 015852.148 INFO             PET1 PIOc_sync Enter - MemInfo: [malloc] Space in freed fastbin blocks:                    48 Byte
20220314 015852.148 INFO             PET1 PIOc_sync Enter - MemInfo: [malloc] Total allocated space:                       1015872 Byte
20220314 015852.148 INFO             PET1 PIOc_sync Enter - MemInfo: [malloc] Total free space:                             143296 Byte
20220314 015852.148 INFO             PET1 PIOc_sync Enter - MemInfo: [malloc] Top-most, releasable space:                   130320 Byte
20220314 015852.148 INFO             PET1 PIOc_sync Enter - MemInfo: [malloc] Total space in use, mmap + non-mmap:         4493376 Byte
20220314 015852.148 INFO             PET1 PIOc_sync Enter - MemInfo: [malloc] Total space held (mmap + non-mmap):          4636672 Byte
20220314 015852.148 INFO             PET1 PIOc_sync Enter - MemInfo: [malloc] Total space used (mmap + non-mmap):          4501584 Byte
20220314 015852.148 INFO             PET1 PIOc_sync Enter - MemInfo: Wall-clock time since execution start:              0.0290556 seconds
20220314 015852.148 INFO             PET1 PIOc_sync Exit - MemInfo: [/proc/meminfo - SSI]	MemTotal:       527077124 kB
20220314 015852.148 INFO             PET1 PIOc_sync Exit - MemInfo: [/proc/meminfo - SSI]	MemFree:        517234952 kB
20220314 015852.148 INFO             PET1 PIOc_sync Exit - MemInfo: [/proc/meminfo - SSI]	MemAvailable:   517693084 kB
20220314 015852.148 INFO             PET1 PIOc_sync Exit - MemInfo: [/proc/meminfo - SSI]	Committed_AS:    1726368 kB
20220314 015852.148 INFO             PET1 PIOc_sync Exit - MemInfo: [/proc/meminfo - SSI]	CommittedPercent: 0.327536 %
20220314 015852.148 INFO             PET1 PIOc_sync Exit - MemInfo: [/proc/self/status]	VmPeak:	  186536 kB
20220314 015852.148 INFO             PET1 PIOc_sync Exit - MemInfo: [/proc/self/status]	VmSize:	  186260 kB
20220314 015852.148 INFO             PET1 PIOc_sync Exit - MemInfo: [/proc/self/status]	VmLck:	       0 kB
20220314 015852.148 INFO             PET1 PIOc_sync Exit - MemInfo: [/proc/self/status]	VmPin:	       0 kB
20220314 015852.148 INFO             PET1 PIOc_sync Exit - MemInfo: [/proc/self/status]	VmHWM:	   32988 kB
20220314 015852.148 INFO             PET1 PIOc_sync Exit - MemInfo: [/proc/self/status]	VmRSS:	   32972 kB
20220314 015852.148 INFO             PET1 PIOc_sync Exit - MemInfo: [/proc/self/status]	VmData:	    8604 kB
20220314 015852.148 INFO             PET1 PIOc_sync Exit - MemInfo: [/proc/self/status]	VmStk:	     156 kB
20220314 015852.148 INFO             PET1 PIOc_sync Exit - MemInfo: [/proc/self/status]	VmExe:	     320 kB
20220314 015852.148 INFO             PET1 PIOc_sync Exit - MemInfo: [/proc/self/status]	VmLib:	  103544 kB
20220314 015852.148 INFO             PET1 PIOc_sync Exit - MemInfo: [/proc/self/status]	VmPTE:	     380 kB
20220314 015852.148 INFO             PET1 PIOc_sync Exit - MemInfo: [/proc/self/status]	VmSwap:	       0 kB
20220314 015852.148 INFO             PET1 PIOc_sync Exit - MemInfo: [/proc/self/status]	VmRSSPercent: 0.00625563 %
20220314 015852.148 INFO             PET1 PIOc_sync Exit - MemInfo: [malloc] Non-mmapped space allocated:                 1159168 Byte
20220314 015852.148 INFO             PET1 PIOc_sync Exit - MemInfo: [malloc] Space allocated in mmapped regions:          3477504 Byte
20220314 015852.148 INFO             PET1 PIOc_sync Exit - MemInfo: [malloc] Maximum total allocated space:                     0 Byte
20220314 015852.148 INFO             PET1 PIOc_sync Exit - MemInfo: [malloc] Space in freed fastbin blocks:                    80 Byte
20220314 015852.148 INFO             PET1 PIOc_sync Exit - MemInfo: [malloc] Total allocated space:                       1015888 Byte
20220314 015852.148 INFO             PET1 PIOc_sync Exit - MemInfo: [malloc] Total free space:                             143280 Byte
20220314 015852.148 INFO             PET1 PIOc_sync Exit - MemInfo: [malloc] Top-most, releasable space:                   130096 Byte
20220314 015852.148 INFO             PET1 PIOc_sync Exit - MemInfo: [malloc] Total space in use, mmap + non-mmap:         4493392 Byte
20220314 015852.148 INFO             PET1 PIOc_sync Exit - MemInfo: [malloc] Total space held (mmap + non-mmap):          4636672 Byte
20220314 015852.148 INFO             PET1 PIOc_sync Exit - MemInfo: [malloc] Total space used (mmap + non-mmap):          4501600 Byte
20220314 015852.148 INFO             PET1 PIOc_sync Exit - MemInfo: Wall-clock time since execution start:               0.029333 seconds
20220314 015852.149 INFO             PET1 PIOc_freedecomp Enter - MemInfo: [/proc/meminfo - SSI]	MemTotal:       527077124 kB
20220314 015852.149 INFO             PET1 PIOc_freedecomp Enter - MemInfo: [/proc/meminfo - SSI]	MemFree:        517234952 kB
20220314 015852.149 INFO             PET1 PIOc_freedecomp Enter - MemInfo: [/proc/meminfo - SSI]	MemAvailable:   517693084 kB
20220314 015852.149 INFO             PET1 PIOc_freedecomp Enter - MemInfo: [/proc/meminfo - SSI]	Committed_AS:    1726368 kB
20220314 015852.149 INFO             PET1 PIOc_freedecomp Enter - MemInfo: [/proc/meminfo - SSI]	CommittedPercent: 0.327536 %
20220314 015852.149 INFO             PET1 PIOc_freedecomp Enter - MemInfo: [/proc/self/status]	VmPeak:	  186536 kB
20220314 015852.149 INFO             PET1 PIOc_freedecomp Enter - MemInfo: [/proc/self/status]	VmSize:	  186260 kB
20220314 015852.149 INFO             PET1 PIOc_freedecomp Enter - MemInfo: [/proc/self/status]	VmLck:	       0 kB
20220314 015852.149 INFO             PET1 PIOc_freedecomp Enter - MemInfo: [/proc/self/status]	VmPin:	       0 kB
20220314 015852.149 INFO             PET1 PIOc_freedecomp Enter - MemInfo: [/proc/self/status]	VmHWM:	   32988 kB
20220314 015852.149 INFO             PET1 PIOc_freedecomp Enter - MemInfo: [/proc/self/status]	VmRSS:	   32972 kB
20220314 015852.149 INFO             PET1 PIOc_freedecomp Enter - MemInfo: [/proc/self/status]	VmData:	    8604 kB
20220314 015852.149 INFO             PET1 PIOc_freedecomp Enter - MemInfo: [/proc/self/status]	VmStk:	     156 kB
20220314 015852.149 INFO             PET1 PIOc_freedecomp Enter - MemInfo: [/proc/self/status]	VmExe:	     320 kB
20220314 015852.149 INFO             PET1 PIOc_freedecomp Enter - MemInfo: [/proc/self/status]	VmLib:	  103544 kB
20220314 015852.149 INFO             PET1 PIOc_freedecomp Enter - MemInfo: [/proc/self/status]	VmPTE:	     380 kB
20220314 015852.149 INFO             PET1 PIOc_freedecomp Enter - MemInfo: [/proc/self/status]	VmSwap:	       0 kB
20220314 015852.149 INFO             PET1 PIOc_freedecomp Enter - MemInfo: [/proc/self/status]	VmRSSPercent: 0.00625563 %
20220314 015852.149 INFO             PET1 PIOc_freedecomp Enter - MemInfo: [malloc] Non-mmapped space allocated:                 1159168 Byte
20220314 015852.149 INFO             PET1 PIOc_freedecomp Enter - MemInfo: [malloc] Space allocated in mmapped regions:          3477504 Byte
20220314 015852.149 INFO             PET1 PIOc_freedecomp Enter - MemInfo: [malloc] Maximum total allocated space:                     0 Byte
20220314 015852.149 INFO             PET1 PIOc_freedecomp Enter - MemInfo: [malloc] Space in freed fastbin blocks:                   160 Byte
20220314 015852.149 INFO             PET1 PIOc_freedecomp Enter - MemInfo: [malloc] Total allocated space:                       1015296 Byte
20220314 015852.149 INFO             PET1 PIOc_freedecomp Enter - MemInfo: [malloc] Total free space:                             143872 Byte
20220314 015852.149 INFO             PET1 PIOc_freedecomp Enter - MemInfo: [malloc] Top-most, releasable space:                   129872 Byte
20220314 015852.149 INFO             PET1 PIOc_freedecomp Enter - MemInfo: [malloc] Total space in use, mmap + non-mmap:         4492800 Byte
20220314 015852.149 INFO             PET1 PIOc_freedecomp Enter - MemInfo: [malloc] Total space held (mmap + non-mmap):          4636672 Byte
20220314 015852.149 INFO             PET1 PIOc_freedecomp Enter - MemInfo: [malloc] Total space used (mmap + non-mmap):          4501008 Byte
20220314 015852.149 INFO             PET1 PIOc_freedecomp Enter - MemInfo: Wall-clock time since execution start:              0.0296232 seconds
20220314 015852.149 INFO             PET1 PIOc_freedecomp Exit - MemInfo: [/proc/meminfo - SSI]	MemTotal:       527077124 kB
20220314 015852.149 INFO             PET1 PIOc_freedecomp Exit - MemInfo: [/proc/meminfo - SSI]	MemFree:        517234952 kB
20220314 015852.149 INFO             PET1 PIOc_freedecomp Exit - MemInfo: [/proc/meminfo - SSI]	MemAvailable:   517693084 kB
20220314 015852.149 INFO             PET1 PIOc_freedecomp Exit - MemInfo: [/proc/meminfo - SSI]	Committed_AS:    1726368 kB
20220314 015852.149 INFO             PET1 PIOc_freedecomp Exit - MemInfo: [/proc/meminfo - SSI]	CommittedPercent: 0.327536 %
20220314 015852.149 INFO             PET1 PIOc_freedecomp Exit - MemInfo: [/proc/self/status]	VmPeak:	  186536 kB
20220314 015852.149 INFO             PET1 PIOc_freedecomp Exit - MemInfo: [/proc/self/status]	VmSize:	  186260 kB
20220314 015852.149 INFO             PET1 PIOc_freedecomp Exit - MemInfo: [/proc/self/status]	VmLck:	       0 kB
20220314 015852.149 INFO             PET1 PIOc_freedecomp Exit - MemInfo: [/proc/self/status]	VmPin:	       0 kB
20220314 015852.149 INFO             PET1 PIOc_freedecomp Exit - MemInfo: [/proc/self/status]	VmHWM:	   32988 kB
20220314 015852.149 INFO             PET1 PIOc_freedecomp Exit - MemInfo: [/proc/self/status]	VmRSS:	   32972 kB
20220314 015852.149 INFO             PET1 PIOc_freedecomp Exit - MemInfo: [/proc/self/status]	VmData:	    8604 kB
20220314 015852.149 INFO             PET1 PIOc_freedecomp Exit - MemInfo: [/proc/self/status]	VmStk:	     156 kB
20220314 015852.149 INFO             PET1 PIOc_freedecomp Exit - MemInfo: [/proc/self/status]	VmExe:	     320 kB
20220314 015852.149 INFO             PET1 PIOc_freedecomp Exit - MemInfo: [/proc/self/status]	VmLib:	  103544 kB
20220314 015852.149 INFO             PET1 PIOc_freedecomp Exit - MemInfo: [/proc/self/status]	VmPTE:	     380 kB
20220314 015852.149 INFO             PET1 PIOc_freedecomp Exit - MemInfo: [/proc/self/status]	VmSwap:	       0 kB
20220314 015852.149 INFO             PET1 PIOc_freedecomp Exit - MemInfo: [/proc/self/status]	VmRSSPercent: 0.00625563 %
20220314 015852.149 INFO             PET1 PIOc_freedecomp Exit - MemInfo: [malloc] Non-mmapped space allocated:                 1159168 Byte
20220314 015852.149 INFO             PET1 PIOc_freedecomp Exit - MemInfo: [malloc] Space allocated in mmapped regions:          3477504 Byte
20220314 015852.149 INFO             PET1 PIOc_freedecomp Exit - MemInfo: [malloc] Maximum total allocated space:                     0 Byte
20220314 015852.149 INFO             PET1 PIOc_freedecomp Exit - MemInfo: [malloc] Space in freed fastbin blocks:                   368 Byte
20220314 015852.149 INFO             PET1 PIOc_freedecomp Exit - MemInfo: [malloc] Total allocated space:                       1014096 Byte
20220314 015852.149 INFO             PET1 PIOc_freedecomp Exit - MemInfo: [malloc] Total free space:                             145072 Byte
20220314 015852.149 INFO             PET1 PIOc_freedecomp Exit - MemInfo: [malloc] Top-most, releasable space:                   129648 Byte
20220314 015852.149 INFO             PET1 PIOc_freedecomp Exit - MemInfo: [malloc] Total space in use, mmap + non-mmap:         4491600 Byte
20220314 015852.149 INFO             PET1 PIOc_freedecomp Exit - MemInfo: [malloc] Total space held (mmap + non-mmap):          4636672 Byte
20220314 015852.149 INFO             PET1 PIOc_freedecomp Exit - MemInfo: [malloc] Total space used (mmap + non-mmap):          4499808 Byte
20220314 015852.149 INFO             PET1 PIOc_freedecomp Exit - MemInfo: Wall-clock time since execution start:              0.0298331 seconds
20220314 015852.149 INFO             PET1 PASS ESMC_FieldRegridStoreFile test, ESMC_FieldSMMFromFileUTest.C, line 199
20220314 015852.155 INFO             PET1 PASS ESMC_FieldSMMStore from File test, ESMC_FieldSMMFromFileUTest.C, line 229
20220314 015852.155 INFO             PET1 PASS ESMC_FieldSMMStore From File validation, ESMC_FieldSMMFromFileUTest.C, line 257
20220314 015852.155 INFO             PET1 PASS ESMC_FieldRegridRelease, ESMC_FieldSMMFromFileUTest.C, line 271
20220314 015852.155 INFO             PET1 Ending Test, file ESMC_FieldSMMFromFileUTest.C, line 289
20220314 015852.155 INFO             PET1 Finalizing ESMF
20220314 015852.121 INFO             PET2 !!!!!!!!!!!!!!!!!!!!!!!!!!!!!!!!!!!!!!!!!!!!!!!!!!!!!!
20220314 015852.121 INFO             PET2 !!! THE ESMF_LOG IS SET TO OUTPUT ALL LOG MESSAGES !!!
20220314 015852.121 INFO             PET2 !!!     THIS MAY CAUSE SLOWDOWN IN PERFORMANCE     !!!
20220314 015852.121 INFO             PET2 !!! FOR PRODUCTION RUNS, USE:                      !!!
20220314 015852.121 INFO             PET2 !!!                   ESMF_LOGKIND_Multi_On_Error  !!!
20220314 015852.121 INFO             PET2 !!!!!!!!!!!!!!!!!!!!!!!!!!!!!!!!!!!!!!!!!!!!!!!!!!!!!!
20220314 015852.121 INFO             PET2 Running with ESMF Version   : v8.3.0b09-96-g559b459836
20220314 015852.121 INFO             PET2 ESMF library build date/time: "Mar 14 2022" "01:48:51"
20220314 015852.121 INFO             PET2 ESMF library build location : /lfs/h1/emc/ptmp/Mark.Potts/gfortran_10.3.0_mpich3_g_jedwards_pio_update2
20220314 015852.121 INFO             PET2 ESMF_COMM                   : mpich3
20220314 015852.122 INFO             PET2 ESMF_MOAB                   : enabled
20220314 015852.122 INFO             PET2 ESMF_LAPACK                 : enabled
20220314 015852.122 INFO             PET2 ESMF_NETCDF                 : enabled
20220314 015852.122 INFO             PET2 ESMF_PNETCDF                : disabled
20220314 015852.122 INFO             PET2 ESMF_PIO                    : enabled
20220314 015852.122 INFO             PET2 ESMF_YAMLCPP                : enabled
20220314 015852.122 INFO             PET2 Beginning Test, file ESMC_FieldSMMFromFileUTest.C, line 41
20220314 015852.122 INFO             PET2 Beginning Test, file ESMC_FieldSMMFromFileUTest.C, line 41NUMBER_OF_PROCESSORS 4
20220314 015852.142 INFO             PET2 PIOc_sync Enter - MemInfo: [/proc/meminfo - SSI]	MemTotal:       527077124 kB
20220314 015852.142 INFO             PET2 PIOc_sync Enter - MemInfo: [/proc/meminfo - SSI]	MemFree:        517233756 kB
20220314 015852.142 INFO             PET2 PIOc_sync Enter - MemInfo: [/proc/meminfo - SSI]	MemAvailable:   517691808 kB
20220314 015852.142 INFO             PET2 PIOc_sync Enter - MemInfo: [/proc/meminfo - SSI]	Committed_AS:    1725904 kB
20220314 015852.142 INFO             PET2 PIOc_sync Enter - MemInfo: [/proc/meminfo - SSI]	CommittedPercent: 0.327448 %
20220314 015852.142 INFO             PET2 PIOc_sync Enter - MemInfo: [/proc/self/status]	VmPeak:	  186536 kB
20220314 015852.142 INFO             PET2 PIOc_sync Enter - MemInfo: [/proc/self/status]	VmSize:	  186260 kB
20220314 015852.142 INFO             PET2 PIOc_sync Enter - MemInfo: [/proc/self/status]	VmLck:	       0 kB
20220314 015852.142 INFO             PET2 PIOc_sync Enter - MemInfo: [/proc/self/status]	VmPin:	       0 kB
20220314 015852.142 INFO             PET2 PIOc_sync Enter - MemInfo: [/proc/self/status]	VmHWM:	   33012 kB
20220314 015852.142 INFO             PET2 PIOc_sync Enter - MemInfo: [/proc/self/status]	VmRSS:	   33012 kB
20220314 015852.142 INFO             PET2 PIOc_sync Enter - MemInfo: [/proc/self/status]	VmData:	    8604 kB
20220314 015852.142 INFO             PET2 PIOc_sync Enter - MemInfo: [/proc/self/status]	VmStk:	     156 kB
20220314 015852.142 INFO             PET2 PIOc_sync Enter - MemInfo: [/proc/self/status]	VmExe:	     320 kB
20220314 015852.142 INFO             PET2 PIOc_sync Enter - MemInfo: [/proc/self/status]	VmLib:	  103544 kB
20220314 015852.142 INFO             PET2 PIOc_sync Enter - MemInfo: [/proc/self/status]	VmPTE:	     376 kB
20220314 015852.142 INFO             PET2 PIOc_sync Enter - MemInfo: [/proc/self/status]	VmSwap:	       0 kB
20220314 015852.142 INFO             PET2 PIOc_sync Enter - MemInfo: [/proc/self/status]	VmRSSPercent: 0.00626322 %
20220314 015852.142 INFO             PET2 PIOc_sync Enter - MemInfo: [malloc] Non-mmapped space allocated:                 1159168 Byte
20220314 015852.142 INFO             PET2 PIOc_sync Enter - MemInfo: [malloc] Space allocated in mmapped regions:          3477504 Byte
20220314 015852.142 INFO             PET2 PIOc_sync Enter - MemInfo: [malloc] Maximum total allocated space:                     0 Byte
20220314 015852.142 INFO             PET2 PIOc_sync Enter - MemInfo: [malloc] Space in freed fastbin blocks:                     0 Byte
20220314 015852.142 INFO             PET2 PIOc_sync Enter - MemInfo: [malloc] Total allocated space:                       1012288 Byte
20220314 015852.142 INFO             PET2 PIOc_sync Enter - MemInfo: [malloc] Total free space:                             146880 Byte
20220314 015852.143 INFO             PET2 PIOc_sync Enter - MemInfo: [malloc] Top-most, releasable space:                   134944 Byte
20220314 015852.143 INFO             PET2 PIOc_sync Enter - MemInfo: [malloc] Total space in use, mmap + non-mmap:         4489792 Byte
20220314 015852.143 INFO             PET2 PIOc_sync Enter - MemInfo: [malloc] Total space held (mmap + non-mmap):          4636672 Byte
20220314 015852.143 INFO             PET2 PIOc_sync Enter - MemInfo: [malloc] Total space used (mmap + non-mmap):          4498640 Byte
20220314 015852.143 INFO             PET2 PIOc_sync Enter - MemInfo: Wall-clock time since execution start:              0.0233802 seconds
20220314 015852.143 INFO             PET2 PIOc_sync Exit - MemInfo: [/proc/meminfo - SSI]	MemTotal:       527077124 kB
20220314 015852.143 INFO             PET2 PIOc_sync Exit - MemInfo: [/proc/meminfo - SSI]	MemFree:        517233252 kB
20220314 015852.143 INFO             PET2 PIOc_sync Exit - MemInfo: [/proc/meminfo - SSI]	MemAvailable:   517691304 kB
20220314 015852.143 INFO             PET2 PIOc_sync Exit - MemInfo: [/proc/meminfo - SSI]	Committed_AS:    1726376 kB
20220314 015852.143 INFO             PET2 PIOc_sync Exit - MemInfo: [/proc/meminfo - SSI]	CommittedPercent: 0.327538 %
20220314 015852.143 INFO             PET2 PIOc_sync Exit - MemInfo: [/proc/self/status]	VmPeak:	  186536 kB
20220314 015852.143 INFO             PET2 PIOc_sync Exit - MemInfo: [/proc/self/status]	VmSize:	  186260 kB
20220314 015852.143 INFO             PET2 PIOc_sync Exit - MemInfo: [/proc/self/status]	VmLck:	       0 kB
20220314 015852.143 INFO             PET2 PIOc_sync Exit - MemInfo: [/proc/self/status]	VmPin:	       0 kB
20220314 015852.143 INFO             PET2 PIOc_sync Exit - MemInfo: [/proc/self/status]	VmHWM:	   33372 kB
20220314 015852.143 INFO             PET2 PIOc_sync Exit - MemInfo: [/proc/self/status]	VmRSS:	   33372 kB
20220314 015852.143 INFO             PET2 PIOc_sync Exit - MemInfo: [/proc/self/status]	VmData:	    8604 kB
20220314 015852.143 INFO             PET2 PIOc_sync Exit - MemInfo: [/proc/self/status]	VmStk:	     156 kB
20220314 015852.143 INFO             PET2 PIOc_sync Exit - MemInfo: [/proc/self/status]	VmExe:	     320 kB
20220314 015852.143 INFO             PET2 PIOc_sync Exit - MemInfo: [/proc/self/status]	VmLib:	  103544 kB
20220314 015852.143 INFO             PET2 PIOc_sync Exit - MemInfo: [/proc/self/status]	VmPTE:	     376 kB
20220314 015852.143 INFO             PET2 PIOc_sync Exit - MemInfo: [/proc/self/status]	VmSwap:	       0 kB
20220314 015852.143 INFO             PET2 PIOc_sync Exit - MemInfo: [/proc/self/status]	VmRSSPercent: 0.00633152 %
20220314 015852.143 INFO             PET2 PIOc_sync Exit - MemInfo: [malloc] Non-mmapped space allocated:                 1159168 Byte
20220314 015852.143 INFO             PET2 PIOc_sync Exit - MemInfo: [malloc] Space allocated in mmapped regions:          3477504 Byte
20220314 015852.143 INFO             PET2 PIOc_sync Exit - MemInfo: [malloc] Maximum total allocated space:                     0 Byte
20220314 015852.143 INFO             PET2 PIOc_sync Exit - MemInfo: [malloc] Space in freed fastbin blocks:                     0 Byte
20220314 015852.143 INFO             PET2 PIOc_sync Exit - MemInfo: [malloc] Total allocated space:                       1013248 Byte
20220314 015852.143 INFO             PET2 PIOc_sync Exit - MemInfo: [malloc] Total free space:                             145920 Byte
20220314 015852.143 INFO             PET2 PIOc_sync Exit - MemInfo: [malloc] Top-most, releasable space:                   134720 Byte
20220314 015852.143 INFO             PET2 PIOc_sync Exit - MemInfo: [malloc] Total space in use, mmap + non-mmap:         4490752 Byte
20220314 015852.143 INFO             PET2 PIOc_sync Exit - MemInfo: [malloc] Total space held (mmap + non-mmap):          4636672 Byte
20220314 015852.143 INFO             PET2 PIOc_sync Exit - MemInfo: [malloc] Total space used (mmap + non-mmap):          4498960 Byte
20220314 015852.143 INFO             PET2 PIOc_sync Exit - MemInfo: Wall-clock time since execution start:              0.0237393 seconds
20220314 015852.143 INFO             PET2 PIOc_freedecomp Enter - MemInfo: [/proc/meminfo - SSI]	MemTotal:       527077124 kB
20220314 015852.143 INFO             PET2 PIOc_freedecomp Enter - MemInfo: [/proc/meminfo - SSI]	MemFree:        517240404 kB
20220314 015852.143 INFO             PET2 PIOc_freedecomp Enter - MemInfo: [/proc/meminfo - SSI]	MemAvailable:   517698456 kB
20220314 015852.143 INFO             PET2 PIOc_freedecomp Enter - MemInfo: [/proc/meminfo - SSI]	Committed_AS:    1717664 kB
