build time -- 2022-03-14 01:49:52
20220314 015701.617 INFO             PET0 !!!!!!!!!!!!!!!!!!!!!!!!!!!!!!!!!!!!!!!!!!!!!!!!!!!!!!
20220314 015701.617 INFO             PET0 !!! THE ESMF_LOG IS SET TO OUTPUT ALL LOG MESSAGES !!!
20220314 015701.617 INFO             PET0 !!!     THIS MAY CAUSE SLOWDOWN IN PERFORMANCE     !!!
20220314 015701.617 INFO             PET0 !!! FOR PRODUCTION RUNS, USE:                      !!!
20220314 015701.617 INFO             PET0 !!!                   ESMF_LOGKIND_Multi_On_Error  !!!
20220314 015701.617 INFO             PET0 !!!!!!!!!!!!!!!!!!!!!!!!!!!!!!!!!!!!!!!!!!!!!!!!!!!!!!
20220314 015701.617 INFO             PET0 Running with ESMF Version   : v8.3.0b09-96-g559b459836
20220314 015701.617 INFO             PET0 ESMF library build date/time: "Mar 14 2022" "01:48:51"
20220314 015701.617 INFO             PET0 ESMF library build location : /lfs/h1/emc/ptmp/Mark.Potts/gfortran_10.3.0_mpich3_g_jedwards_pio_update2
20220314 015701.617 INFO             PET0 ESMF_COMM                   : mpich3
20220314 015701.618 INFO             PET0 ESMF_MOAB                   : enabled
20220314 015701.618 INFO             PET0 ESMF_LAPACK                 : enabled
20220314 015701.618 INFO             PET0 ESMF_NETCDF                 : enabled
20220314 015701.618 INFO             PET0 ESMF_PNETCDF                : disabled
20220314 015701.618 INFO             PET0 ESMF_PIO                    : enabled
20220314 015701.618 INFO             PET0 ESMF_YAMLCPP                : enabled
20220314 015701.618 INFO             PET0  Beginning Test, file ESMF_IOUTest.F90, line 57
20220314 015701.618 INFO             PET0  NUMBER_OF_PROCESSORS           4
20220314 015701.618 INFO             PET0 Starting Test:  ESMF_OutputWeightFile
20220314 015701.625 INFO             PET0 PIOc_sync Enter - MemInfo: [/proc/meminfo - SSI]	MemTotal:       527077124 kB
20220314 015701.625 INFO             PET0 PIOc_sync Enter - MemInfo: [/proc/meminfo - SSI]	MemFree:        517294596 kB
20220314 015701.625 INFO             PET0 PIOc_sync Enter - MemInfo: [/proc/meminfo - SSI]	MemAvailable:   517696048 kB
20220314 015701.625 INFO             PET0 PIOc_sync Enter - MemInfo: [/proc/meminfo - SSI]	Committed_AS:    1723492 kB
20220314 015701.625 INFO             PET0 PIOc_sync Enter - MemInfo: [/proc/meminfo - SSI]	CommittedPercent: 0.32699 %
20220314 015701.625 INFO             PET0 PIOc_sync Enter - MemInfo: [/proc/self/status]	VmPeak:	  194656 kB
20220314 015701.625 INFO             PET0 PIOc_sync Enter - MemInfo: [/proc/self/status]	VmSize:	  194656 kB
20220314 015701.625 INFO             PET0 PIOc_sync Enter - MemInfo: [/proc/self/status]	VmLck:	       0 kB
20220314 015701.625 INFO             PET0 PIOc_sync Enter - MemInfo: [/proc/self/status]	VmPin:	       0 kB
20220314 015701.625 INFO             PET0 PIOc_sync Enter - MemInfo: [/proc/self/status]	VmHWM:	   38768 kB
20220314 015701.625 INFO             PET0 PIOc_sync Enter - MemInfo: [/proc/self/status]	VmRSS:	   38768 kB
20220314 015701.625 INFO             PET0 PIOc_sync Enter - MemInfo: [/proc/self/status]	VmData:	   16992 kB
20220314 015701.625 INFO             PET0 PIOc_sync Enter - MemInfo: [/proc/self/status]	VmStk:	     156 kB
20220314 015701.625 INFO             PET0 PIOc_sync Enter - MemInfo: [/proc/self/status]	VmExe:	     328 kB
20220314 015701.625 INFO             PET0 PIOc_sync Enter - MemInfo: [/proc/self/status]	VmLib:	  103544 kB
20220314 015701.625 INFO             PET0 PIOc_sync Enter - MemInfo: [/proc/self/status]	VmPTE:	     392 kB
20220314 015701.625 INFO             PET0 PIOc_sync Enter - MemInfo: [/proc/self/status]	VmSwap:	       0 kB
20220314 015701.625 INFO             PET0 PIOc_sync Enter - MemInfo: [/proc/self/status]	VmRSSPercent: 0.00735528 %
20220314 015701.625 INFO             PET0 PIOc_sync Enter - MemInfo: [malloc] Non-mmapped space allocated:                  970752 Byte
20220314 015701.625 INFO             PET0 PIOc_sync Enter - MemInfo: [malloc] Space allocated in mmapped regions:         12259328 Byte
20220314 015701.625 INFO             PET0 PIOc_sync Enter - MemInfo: [malloc] Maximum total allocated space:                     0 Byte
20220314 015701.625 INFO             PET0 PIOc_sync Enter - MemInfo: [malloc] Space in freed fastbin blocks:                     0 Byte
20220314 015701.625 INFO             PET0 PIOc_sync Enter - MemInfo: [malloc] Total allocated space:                        844368 Byte
20220314 015701.625 INFO             PET0 PIOc_sync Enter - MemInfo: [malloc] Total free space:                             126384 Byte
20220314 015701.625 INFO             PET0 PIOc_sync Enter - MemInfo: [malloc] Top-most, releasable space:                   126160 Byte
20220314 015701.625 INFO             PET0 PIOc_sync Enter - MemInfo: [malloc] Total space in use, mmap + non-mmap:        13103696 Byte
20220314 015701.625 INFO             PET0 PIOc_sync Enter - MemInfo: [malloc] Total space held (mmap + non-mmap):         13230080 Byte
20220314 015701.625 INFO             PET0 PIOc_sync Enter - MemInfo: [malloc] Total space used (mmap + non-mmap):         13112992 Byte
20220314 015701.625 INFO             PET0 PIOc_sync Enter - MemInfo: Wall-clock time since execution start:             0.00964985 seconds
20220314 015701.625 INFO             PET0 PIOc_sync Exit - MemInfo: [/proc/meminfo - SSI]	MemTotal:       527077124 kB
20220314 015701.625 INFO             PET0 PIOc_sync Exit - MemInfo: [/proc/meminfo - SSI]	MemFree:        517294092 kB
20220314 015701.625 INFO             PET0 PIOc_sync Exit - MemInfo: [/proc/meminfo - SSI]	MemAvailable:   517695544 kB
20220314 015701.625 INFO             PET0 PIOc_sync Exit - MemInfo: [/proc/meminfo - SSI]	Committed_AS:    1723776 kB
20220314 015701.625 INFO             PET0 PIOc_sync Exit - MemInfo: [/proc/meminfo - SSI]	CommittedPercent: 0.327044 %
20220314 015701.625 INFO             PET0 PIOc_sync Exit - MemInfo: [/proc/self/status]	VmPeak:	  194940 kB
20220314 015701.625 INFO             PET0 PIOc_sync Exit - MemInfo: [/proc/self/status]	VmSize:	  194940 kB
20220314 015701.625 INFO             PET0 PIOc_sync Exit - MemInfo: [/proc/self/status]	VmLck:	       0 kB
20220314 015701.625 INFO             PET0 PIOc_sync Exit - MemInfo: [/proc/self/status]	VmPin:	       0 kB
20220314 015701.625 INFO             PET0 PIOc_sync Exit - MemInfo: [/proc/self/status]	VmHWM:	   39088 kB
20220314 015701.625 INFO             PET0 PIOc_sync Exit - MemInfo: [/proc/self/status]	VmRSS:	   39088 kB
20220314 015701.625 INFO             PET0 PIOc_sync Exit - MemInfo: [/proc/self/status]	VmData:	   17276 kB
20220314 015701.625 INFO             PET0 PIOc_sync Exit - MemInfo: [/proc/self/status]	VmStk:	     156 kB
20220314 015701.625 INFO             PET0 PIOc_sync Exit - MemInfo: [/proc/self/status]	VmExe:	     328 kB
20220314 015701.625 INFO             PET0 PIOc_sync Exit - MemInfo: [/proc/self/status]	VmLib:	  103544 kB
20220314 015701.625 INFO             PET0 PIOc_sync Exit - MemInfo: [/proc/self/status]	VmPTE:	     392 kB
20220314 015701.625 INFO             PET0 PIOc_sync Exit - MemInfo: [/proc/self/status]	VmSwap:	       0 kB
20220314 015701.625 INFO             PET0 PIOc_sync Exit - MemInfo: [/proc/self/status]	VmRSSPercent: 0.00741599 %
20220314 015701.625 INFO             PET0 PIOc_sync Exit - MemInfo: [malloc] Non-mmapped space allocated:                  970752 Byte
20220314 015701.625 INFO             PET0 PIOc_sync Exit - MemInfo: [malloc] Space allocated in mmapped regions:         12550144 Byte
20220314 015701.625 INFO             PET0 PIOc_sync Exit - MemInfo: [malloc] Maximum total allocated space:                     0 Byte
20220314 015701.625 INFO             PET0 PIOc_sync Exit - MemInfo: [malloc] Space in freed fastbin blocks:                     0 Byte
20220314 015701.625 INFO             PET0 PIOc_sync Exit - MemInfo: [malloc] Total allocated space:                        913360 Byte
20220314 015701.625 INFO             PET0 PIOc_sync Exit - MemInfo: [malloc] Total free space:                              57392 Byte
20220314 015701.625 INFO             PET0 PIOc_sync Exit - MemInfo: [malloc] Top-most, releasable space:                    56288 Byte
20220314 015701.625 INFO             PET0 PIOc_sync Exit - MemInfo: [malloc] Total space in use, mmap + non-mmap:        13463504 Byte
20220314 015701.625 INFO             PET0 PIOc_sync Exit - MemInfo: [malloc] Total space held (mmap + non-mmap):         13520896 Byte
20220314 015701.625 INFO             PET0 PIOc_sync Exit - MemInfo: [malloc] Total space used (mmap + non-mmap):         13471712 Byte
20220314 015701.625 INFO             PET0 PIOc_sync Exit - MemInfo: Wall-clock time since execution start:              0.0100579 seconds
20220314 015701.626 INFO             PET0 PIOc_freedecomp Enter - MemInfo: [/proc/meminfo - SSI]	MemTotal:       527077124 kB
20220314 015701.626 INFO             PET0 PIOc_freedecomp Enter - MemInfo: [/proc/meminfo - SSI]	MemFree:        517301244 kB
20220314 015701.626 INFO             PET0 PIOc_freedecomp Enter - MemInfo: [/proc/meminfo - SSI]	MemAvailable:   517702696 kB
20220314 015701.626 INFO             PET0 PIOc_freedecomp Enter - MemInfo: [/proc/meminfo - SSI]	Committed_AS:    1715064 kB
20220314 015701.626 INFO             PET0 PIOc_freedecomp Enter - MemInfo: [/proc/meminfo - SSI]	CommittedPercent: 0.325391 %
20220314 015701.626 INFO             PET0 PIOc_freedecomp Enter - MemInfo: [/proc/self/status]	VmPeak:	  194940 kB
20220314 015701.626 INFO             PET0 PIOc_freedecomp Enter - MemInfo: [/proc/self/status]	VmSize:	  186228 kB
20220314 015701.626 INFO             PET0 PIOc_freedecomp Enter - MemInfo: [/proc/self/status]	VmLck:	       0 kB
20220314 015701.626 INFO             PET0 PIOc_freedecomp Enter - MemInfo: [/proc/self/status]	VmPin:	       0 kB
20220314 015701.626 INFO             PET0 PIOc_freedecomp Enter - MemInfo: [/proc/self/status]	VmHWM:	   39088 kB
20220314 015701.626 INFO             PET0 PIOc_freedecomp Enter - MemInfo: [/proc/self/status]	VmRSS:	   31164 kB
20220314 015701.626 INFO             PET0 PIOc_freedecomp Enter - MemInfo: [/proc/self/status]	VmData:	    8564 kB
20220314 015701.626 INFO             PET0 PIOc_freedecomp Enter - MemInfo: [/proc/self/status]	VmStk:	     156 kB
20220314 015701.626 INFO             PET0 PIOc_freedecomp Enter - MemInfo: [/proc/self/status]	VmExe:	     328 kB
20220314 015701.626 INFO             PET0 PIOc_freedecomp Enter - MemInfo: [/proc/self/status]	VmLib:	  103544 kB
20220314 015701.626 INFO             PET0 PIOc_freedecomp Enter - MemInfo: [/proc/self/status]	VmPTE:	     380 kB
20220314 015701.626 INFO             PET0 PIOc_freedecomp Enter - MemInfo: [/proc/self/status]	VmSwap:	       0 kB
20220314 015701.626 INFO             PET0 PIOc_freedecomp Enter - MemInfo: [/proc/self/status]	VmRSSPercent: 0.00591261 %
20220314 015701.626 INFO             PET0 PIOc_freedecomp Enter - MemInfo: [malloc] Non-mmapped space allocated:                  970752 Byte
20220314 015701.626 INFO             PET0 PIOc_freedecomp Enter - MemInfo: [malloc] Space allocated in mmapped regions:          3629056 Byte
20220314 015701.626 INFO             PET0 PIOc_freedecomp Enter - MemInfo: [malloc] Maximum total allocated space:                     0 Byte
20220314 015701.626 INFO             PET0 PIOc_freedecomp Enter - MemInfo: [malloc] Space in freed fastbin blocks:                   448 Byte
20220314 015701.626 INFO             PET0 PIOc_freedecomp Enter - MemInfo: [malloc] Total allocated space:                        902640 Byte
20220314 015701.626 INFO             PET0 PIOc_freedecomp Enter - MemInfo: [malloc] Total free space:                              68112 Byte
20220314 015701.626 INFO             PET0 PIOc_freedecomp Enter - MemInfo: [malloc] Top-most, releasable space:                    56064 Byte
20220314 015701.626 INFO             PET0 PIOc_freedecomp Enter - MemInfo: [malloc] Total space in use, mmap + non-mmap:         4531696 Byte
20220314 015701.626 INFO             PET0 PIOc_freedecomp Enter - MemInfo: [malloc] Total space held (mmap + non-mmap):          4599808 Byte
20220314 015701.626 INFO             PET0 PIOc_freedecomp Enter - MemInfo: [malloc] Total space used (mmap + non-mmap):          4539904 Byte
20220314 015701.626 INFO             PET0 PIOc_freedecomp Enter - MemInfo: Wall-clock time since execution start:              0.0105435 seconds
20220314 015701.626 INFO             PET0 PIOc_freedecomp Exit - MemInfo: [/proc/meminfo - SSI]	MemTotal:       527077124 kB
20220314 015701.626 INFO             PET0 PIOc_freedecomp Exit - MemInfo: [/proc/meminfo - SSI]	MemFree:        517301244 kB
20220314 015701.626 INFO             PET0 PIOc_freedecomp Exit - MemInfo: [/proc/meminfo - SSI]	MemAvailable:   517702696 kB
20220314 015701.626 INFO             PET0 PIOc_freedecomp Exit - MemInfo: [/proc/meminfo - SSI]	Committed_AS:    1715064 kB
20220314 015701.626 INFO             PET0 PIOc_freedecomp Exit - MemInfo: [/proc/meminfo - SSI]	CommittedPercent: 0.325391 %
20220314 015701.626 INFO             PET0 PIOc_freedecomp Exit - MemInfo: [/proc/self/status]	VmPeak:	  194940 kB
20220314 015701.626 INFO             PET0 PIOc_freedecomp Exit - MemInfo: [/proc/self/status]	VmSize:	  186228 kB
20220314 015701.626 INFO             PET0 PIOc_freedecomp Exit - MemInfo: [/proc/self/status]	VmLck:	       0 kB
20220314 015701.626 INFO             PET0 PIOc_freedecomp Exit - MemInfo: [/proc/self/status]	VmPin:	       0 kB
20220314 015701.626 INFO             PET0 PIOc_freedecomp Exit - MemInfo: [/proc/self/status]	VmHWM:	   39088 kB
20220314 015701.626 INFO             PET0 PIOc_freedecomp Exit - MemInfo: [/proc/self/status]	VmRSS:	   31164 kB
20220314 015701.626 INFO             PET0 PIOc_freedecomp Exit - MemInfo: [/proc/self/status]	VmData:	    8564 kB
20220314 015701.626 INFO             PET0 PIOc_freedecomp Exit - MemInfo: [/proc/self/status]	VmStk:	     156 kB
20220314 015701.626 INFO             PET0 PIOc_freedecomp Exit - MemInfo: [/proc/self/status]	VmExe:	     328 kB
20220314 015701.626 INFO             PET0 PIOc_freedecomp Exit - MemInfo: [/proc/self/status]	VmLib:	  103544 kB
20220314 015701.626 INFO             PET0 PIOc_freedecomp Exit - MemInfo: [/proc/self/status]	VmPTE:	     380 kB
20220314 015701.626 INFO             PET0 PIOc_freedecomp Exit - MemInfo: [/proc/self/status]	VmSwap:	       0 kB
20220314 015701.626 INFO             PET0 PIOc_freedecomp Exit - MemInfo: [/proc/self/status]	VmRSSPercent: 0.00591261 %
20220314 015701.626 INFO             PET0 PIOc_freedecomp Exit - MemInfo: [malloc] Non-mmapped space allocated:                  970752 Byte
20220314 015701.626 INFO             PET0 PIOc_freedecomp Exit - MemInfo: [malloc] Space allocated in mmapped regions:          3629056 Byte
20220314 015701.626 INFO             PET0 PIOc_freedecomp Exit - MemInfo: [malloc] Maximum total allocated space:                     0 Byte
20220314 015701.626 INFO             PET0 PIOc_freedecomp Exit - MemInfo: [malloc] Space in freed fastbin blocks:                  1104 Byte
20220314 015701.626 INFO             PET0 PIOc_freedecomp Exit - MemInfo: [malloc] Total allocated space:                        901760 Byte
20220314 015701.626 INFO             PET0 PIOc_freedecomp Exit - MemInfo: [malloc] Total free space:                              68992 Byte
20220314 015701.626 INFO             PET0 PIOc_freedecomp Exit - MemInfo: [malloc] Top-most, releasable space:                    56064 Byte
20220314 015701.626 INFO             PET0 PIOc_freedecomp Exit - MemInfo: [malloc] Total space in use, mmap + non-mmap:         4530816 Byte
20220314 015701.626 INFO             PET0 PIOc_freedecomp Exit - MemInfo: [malloc] Total space held (mmap + non-mmap):          4599808 Byte
20220314 015701.626 INFO             PET0 PIOc_freedecomp Exit - MemInfo: [malloc] Total space used (mmap + non-mmap):          4539024 Byte
20220314 015701.626 INFO             PET0 PIOc_freedecomp Exit - MemInfo: Wall-clock time since execution start:              0.0107573 seconds
20220314 015701.628 INFO             PET0 PIOc_sync Enter - MemInfo: [/proc/meminfo - SSI]	MemTotal:       527077124 kB
20220314 015701.628 INFO             PET0 PIOc_sync Enter - MemInfo: [/proc/meminfo - SSI]	MemFree:        517296896 kB
20220314 015701.628 INFO             PET0 PIOc_sync Enter - MemInfo: [/proc/meminfo - SSI]	MemAvailable:   517698348 kB
20220314 015701.628 INFO             PET0 PIOc_sync Enter - MemInfo: [/proc/meminfo - SSI]	Committed_AS:    1723844 kB
20220314 015701.628 INFO             PET0 PIOc_sync Enter - MemInfo: [/proc/meminfo - SSI]	CommittedPercent: 0.327057 %
20220314 015701.628 INFO             PET0 PIOc_sync Enter - MemInfo: [/proc/self/status]	VmPeak:	  195008 kB
20220314 015701.628 INFO             PET0 PIOc_sync Enter - MemInfo: [/proc/self/status]	VmSize:	  195008 kB
20220314 015701.628 INFO             PET0 PIOc_sync Enter - MemInfo: [/proc/self/status]	VmLck:	       0 kB
20220314 015701.628 INFO             PET0 PIOc_sync Enter - MemInfo: [/proc/self/status]	VmPin:	       0 kB
20220314 015701.628 INFO             PET0 PIOc_sync Enter - MemInfo: [/proc/self/status]	VmHWM:	   39088 kB
20220314 015701.628 INFO             PET0 PIOc_sync Enter - MemInfo: [/proc/self/status]	VmRSS:	   35484 kB
20220314 015701.628 INFO             PET0 PIOc_sync Enter - MemInfo: [/proc/self/status]	VmData:	   17344 kB
20220314 015701.628 INFO             PET0 PIOc_sync Enter - MemInfo: [/proc/self/status]	VmStk:	     156 kB
20220314 015701.628 INFO             PET0 PIOc_sync Enter - MemInfo: [/proc/self/status]	VmExe:	     328 kB
20220314 015701.628 INFO             PET0 PIOc_sync Enter - MemInfo: [/proc/self/status]	VmLib:	  103544 kB
20220314 015701.628 INFO             PET0 PIOc_sync Enter - MemInfo: [/proc/self/status]	VmPTE:	     392 kB
20220314 015701.628 INFO             PET0 PIOc_sync Enter - MemInfo: [/proc/self/status]	VmSwap:	       0 kB
20220314 015701.628 INFO             PET0 PIOc_sync Enter - MemInfo: [/proc/self/status]	VmRSSPercent: 0.00673222 %
20220314 015701.628 INFO             PET0 PIOc_sync Enter - MemInfo: [malloc] Non-mmapped space allocated:                 9961472 Byte
20220314 015701.628 INFO             PET0 PIOc_sync Enter - MemInfo: [malloc] Space allocated in mmapped regions:          3629056 Byte
20220314 015701.628 INFO             PET0 PIOc_sync Enter - MemInfo: [malloc] Maximum total allocated space:                     0 Byte
20220314 015701.628 INFO             PET0 PIOc_sync Enter - MemInfo: [malloc] Space in freed fastbin blocks:                   112 Byte
20220314 015701.628 INFO             PET0 PIOc_sync Enter - MemInfo: [malloc] Total allocated space:                       9828512 Byte
20220314 015701.628 INFO             PET0 PIOc_sync Enter - MemInfo: [malloc] Total free space:                             132960 Byte
20220314 015701.628 INFO             PET0 PIOc_sync Enter - MemInfo: [malloc] Top-most, releasable space:                   128608 Byte
20220314 015701.628 INFO             PET0 PIOc_sync Enter - MemInfo: [malloc] Total space in use, mmap + non-mmap:        13457568 Byte
20220314 015701.628 INFO             PET0 PIOc_sync Enter - MemInfo: [malloc] Total space held (mmap + non-mmap):         13590528 Byte
20220314 015701.628 INFO             PET0 PIOc_sync Enter - MemInfo: [malloc] Total space used (mmap + non-mmap):         13466000 Byte
20220314 015701.628 INFO             PET0 PIOc_sync Enter - MemInfo: Wall-clock time since execution start:              0.0126536 seconds
20220314 015701.628 INFO             PET0 PIOc_sync Exit - MemInfo: [/proc/meminfo - SSI]	MemTotal:       527077124 kB
20220314 015701.628 INFO             PET0 PIOc_sync Exit - MemInfo: [/proc/meminfo - SSI]	MemFree:        517296896 kB
20220314 015701.628 INFO             PET0 PIOc_sync Exit - MemInfo: [/proc/meminfo - SSI]	MemAvailable:   517698348 kB
20220314 015701.628 INFO             PET0 PIOc_sync Exit - MemInfo: [/proc/meminfo - SSI]	Committed_AS:    1723844 kB
20220314 015701.628 INFO             PET0 PIOc_sync Exit - MemInfo: [/proc/meminfo - SSI]	CommittedPercent: 0.327057 %
20220314 015701.628 INFO             PET0 PIOc_sync Exit - MemInfo: [/proc/self/status]	VmPeak:	  195008 kB
20220314 015701.628 INFO             PET0 PIOc_sync Exit - MemInfo: [/proc/self/status]	VmSize:	  195008 kB
20220314 015701.628 INFO             PET0 PIOc_sync Exit - MemInfo: [/proc/self/status]	VmLck:	       0 kB
20220314 015701.628 INFO             PET0 PIOc_sync Exit - MemInfo: [/proc/self/status]	VmPin:	       0 kB
20220314 015701.628 INFO             PET0 PIOc_sync Exit - MemInfo: [/proc/self/status]	VmHWM:	   39088 kB
20220314 015701.628 INFO             PET0 PIOc_sync Exit - MemInfo: [/proc/self/status]	VmRSS:	   35484 kB
20220314 015701.628 INFO             PET0 PIOc_sync Exit - MemInfo: [/proc/self/status]	VmData:	   17344 kB
20220314 015701.628 INFO             PET0 PIOc_sync Exit - MemInfo: [/proc/self/status]	VmStk:	     156 kB
20220314 015701.628 INFO             PET0 PIOc_sync Exit - MemInfo: [/proc/self/status]	VmExe:	     328 kB
20220314 015701.628 INFO             PET0 PIOc_sync Exit - MemInfo: [/proc/self/status]	VmLib:	  103544 kB
20220314 015701.628 INFO             PET0 PIOc_sync Exit - MemInfo: [/proc/self/status]	VmPTE:	     392 kB
20220314 015701.628 INFO             PET0 PIOc_sync Exit - MemInfo: [/proc/self/status]	VmSwap:	       0 kB
20220314 015701.628 INFO             PET0 PIOc_sync Exit - MemInfo: [/proc/self/status]	VmRSSPercent: 0.00673222 %
20220314 015701.628 INFO             PET0 PIOc_sync Exit - MemInfo: [malloc] Non-mmapped space allocated:                 9961472 Byte
20220314 015701.628 INFO             PET0 PIOc_sync Exit - MemInfo: [malloc] Space allocated in mmapped regions:          3629056 Byte
20220314 015701.628 INFO             PET0 PIOc_sync Exit - MemInfo: [malloc] Maximum total allocated space:                     0 Byte
20220314 015701.628 INFO             PET0 PIOc_sync Exit - MemInfo: [malloc] Space in freed fastbin blocks:                     0 Byte
20220314 015701.628 INFO             PET0 PIOc_sync Exit - MemInfo: [malloc] Total allocated space:                       9829536 Byte
20220314 015701.628 INFO             PET0 PIOc_sync Exit - MemInfo: [malloc] Total free space:                             131936 Byte
20220314 015701.628 INFO             PET0 PIOc_sync Exit - MemInfo: [malloc] Top-most, releasable space:                   128384 Byte
20220314 015701.628 INFO             PET0 PIOc_sync Exit - MemInfo: [malloc] Total space in use, mmap + non-mmap:        13458592 Byte
20220314 015701.628 INFO             PET0 PIOc_sync Exit - MemInfo: [malloc] Total space held (mmap + non-mmap):         13590528 Byte
20220314 015701.628 INFO             PET0 PIOc_sync Exit - MemInfo: [malloc] Total space used (mmap + non-mmap):         13466800 Byte
20220314 015701.628 INFO             PET0 PIOc_sync Exit - MemInfo: Wall-clock time since execution start:              0.0129178 seconds
20220314 015701.628 INFO             PET0 PIOc_freedecomp Enter - MemInfo: [/proc/meminfo - SSI]	MemTotal:       527077124 kB
20220314 015701.628 INFO             PET0 PIOc_freedecomp Enter - MemInfo: [/proc/meminfo - SSI]	MemFree:        517296896 kB
20220314 015701.629 INFO             PET0 PIOc_freedecomp Enter - MemInfo: [/proc/meminfo - SSI]	MemAvailable:   517698348 kB
20220314 015701.629 INFO             PET0 PIOc_freedecomp Enter - MemInfo: [/proc/meminfo - SSI]	Committed_AS:    1723844 kB
20220314 015701.629 INFO             PET0 PIOc_freedecomp Enter - MemInfo: [/proc/meminfo - SSI]	CommittedPercent: 0.327057 %
20220314 015701.629 INFO             PET0 PIOc_freedecomp Enter - MemInfo: [/proc/self/status]	VmPeak:	  195008 kB
20220314 015701.629 INFO             PET0 PIOc_freedecomp Enter - MemInfo: [/proc/self/status]	VmSize:	  195008 kB
20220314 015701.629 INFO             PET0 PIOc_freedecomp Enter - MemInfo: [/proc/self/status]	VmLck:	       0 kB
20220314 015701.629 INFO             PET0 PIOc_freedecomp Enter - MemInfo: [/proc/self/status]	VmPin:	       0 kB
20220314 015701.629 INFO             PET0 PIOc_freedecomp Enter - MemInfo: [/proc/self/status]	VmHWM:	   39088 kB
20220314 015701.629 INFO             PET0 PIOc_freedecomp Enter - MemInfo: [/proc/self/status]	VmRSS:	   35484 kB
20220314 015701.629 INFO             PET0 PIOc_freedecomp Enter - MemInfo: [/proc/self/status]	VmData:	   17344 kB
20220314 015701.629 INFO             PET0 PIOc_freedecomp Enter - MemInfo: [/proc/self/status]	VmStk:	     156 kB
20220314 015701.629 INFO             PET0 PIOc_freedecomp Enter - MemInfo: [/proc/self/status]	VmExe:	     328 kB
20220314 015701.629 INFO             PET0 PIOc_freedecomp Enter - MemInfo: [/proc/self/status]	VmLib:	  103544 kB
20220314 015701.629 INFO             PET0 PIOc_freedecomp Enter - MemInfo: [/proc/self/status]	VmPTE:	     392 kB
20220314 015701.629 INFO             PET0 PIOc_freedecomp Enter - MemInfo: [/proc/self/status]	VmSwap:	       0 kB
20220314 015701.629 INFO             PET0 PIOc_freedecomp Enter - MemInfo: [/proc/self/status]	VmRSSPercent: 0.00673222 %
20220314 015701.629 INFO             PET0 PIOc_freedecomp Enter - MemInfo: [malloc] Non-mmapped space allocated:                 9961472 Byte
20220314 015701.629 INFO             PET0 PIOc_freedecomp Enter - MemInfo: [malloc] Space allocated in mmapped regions:          3629056 Byte
20220314 015701.629 INFO             PET0 PIOc_freedecomp Enter - MemInfo: [malloc] Maximum total allocated space:                     0 Byte
20220314 015701.629 INFO             PET0 PIOc_freedecomp Enter - MemInfo: [malloc] Space in freed fastbin blocks:                   192 Byte
20220314 015701.629 INFO             PET0 PIOc_freedecomp Enter - MemInfo: [malloc] Total allocated space:                        905680 Byte
20220314 015701.629 INFO             PET0 PIOc_freedecomp Enter - MemInfo: [malloc] Total free space:                            9055792 Byte
20220314 015701.629 INFO             PET0 PIOc_freedecomp Enter - MemInfo: [malloc] Top-most, releasable space:                   128160 Byte
20220314 015701.629 INFO             PET0 PIOc_freedecomp Enter - MemInfo: [malloc] Total space in use, mmap + non-mmap:         4534736 Byte
20220314 015701.629 INFO             PET0 PIOc_freedecomp Enter - MemInfo: [malloc] Total space held (mmap + non-mmap):         13590528 Byte
20220314 015701.629 INFO             PET0 PIOc_freedecomp Enter - MemInfo: [malloc] Total space used (mmap + non-mmap):          4542944 Byte
20220314 015701.629 INFO             PET0 PIOc_freedecomp Enter - MemInfo: Wall-clock time since execution start:              0.0132387 seconds
20220314 015701.629 INFO             PET0 PIOc_freedecomp Exit - MemInfo: [/proc/meminfo - SSI]	MemTotal:       527077124 kB
20220314 015701.629 INFO             PET0 PIOc_freedecomp Exit - MemInfo: [/proc/meminfo - SSI]	MemFree:        517296896 kB
20220314 015701.629 INFO             PET0 PIOc_freedecomp Exit - MemInfo: [/proc/meminfo - SSI]	MemAvailable:   517698348 kB
20220314 015701.629 INFO             PET0 PIOc_freedecomp Exit - MemInfo: [/proc/meminfo - SSI]	Committed_AS:    1723844 kB
20220314 015701.629 INFO             PET0 PIOc_freedecomp Exit - MemInfo: [/proc/meminfo - SSI]	CommittedPercent: 0.327057 %
20220314 015701.629 INFO             PET0 PIOc_freedecomp Exit - MemInfo: [/proc/self/status]	VmPeak:	  195008 kB
20220314 015701.629 INFO             PET0 PIOc_freedecomp Exit - MemInfo: [/proc/self/status]	VmSize:	  195008 kB
20220314 015701.629 INFO             PET0 PIOc_freedecomp Exit - MemInfo: [/proc/self/status]	VmLck:	       0 kB
20220314 015701.629 INFO             PET0 PIOc_freedecomp Exit - MemInfo: [/proc/self/status]	VmPin:	       0 kB
20220314 015701.629 INFO             PET0 PIOc_freedecomp Exit - MemInfo: [/proc/self/status]	VmHWM:	   39088 kB
20220314 015701.629 INFO             PET0 PIOc_freedecomp Exit - MemInfo: [/proc/self/status]	VmRSS:	   35484 kB
20220314 015701.629 INFO             PET0 PIOc_freedecomp Exit - MemInfo: [/proc/self/status]	VmData:	   17344 kB
20220314 015701.629 INFO             PET0 PIOc_freedecomp Exit - MemInfo: [/proc/self/status]	VmStk:	     156 kB
20220314 015701.629 INFO             PET0 PIOc_freedecomp Exit - MemInfo: [/proc/self/status]	VmExe:	     328 kB
20220314 015701.629 INFO             PET0 PIOc_freedecomp Exit - MemInfo: [/proc/self/status]	VmLib:	  103544 kB
20220314 015701.629 INFO             PET0 PIOc_freedecomp Exit - MemInfo: [/proc/self/status]	VmPTE:	     392 kB
20220314 015701.629 INFO             PET0 PIOc_freedecomp Exit - MemInfo: [/proc/self/status]	VmSwap:	       0 kB
20220314 015701.629 INFO             PET0 PIOc_freedecomp Exit - MemInfo: [/proc/self/status]	VmRSSPercent: 0.00673222 %
20220314 015701.629 INFO             PET0 PIOc_freedecomp Exit - MemInfo: [malloc] Non-mmapped space allocated:                 9961472 Byte
20220314 015701.629 INFO             PET0 PIOc_freedecomp Exit - MemInfo: [malloc] Space allocated in mmapped regions:          3629056 Byte
20220314 015701.629 INFO             PET0 PIOc_freedecomp Exit - MemInfo: [malloc] Maximum total allocated space:                     0 Byte
20220314 015701.629 INFO             PET0 PIOc_freedecomp Exit - MemInfo: [malloc] Space in freed fastbin blocks:                  1056 Byte
20220314 015701.629 INFO             PET0 PIOc_freedecomp Exit - MemInfo: [malloc] Total allocated space:                        904624 Byte
20220314 015701.629 INFO             PET0 PIOc_freedecomp Exit - MemInfo: [malloc] Total free space:                            9056848 Byte
20220314 015701.629 INFO             PET0 PIOc_freedecomp Exit - MemInfo: [malloc] Top-most, releasable space:                   128160 Byte
20220314 015701.629 INFO             PET0 PIOc_freedecomp Exit - MemInfo: [malloc] Total space in use, mmap + non-mmap:         4533680 Byte
20220314 015701.629 INFO             PET0 PIOc_freedecomp Exit - MemInfo: [malloc] Total space held (mmap + non-mmap):         13590528 Byte
20220314 015701.629 INFO             PET0 PIOc_freedecomp Exit - MemInfo: [malloc] Total space used (mmap + non-mmap):          4541888 Byte
20220314 015701.629 INFO             PET0 PIOc_freedecomp Exit - MemInfo: Wall-clock time since execution start:              0.0134462 seconds
20220314 015701.630 INFO             PET0 PIOc_sync Enter - MemInfo: [/proc/meminfo - SSI]	MemTotal:       527077124 kB
20220314 015701.630 INFO             PET0 PIOc_sync Enter - MemInfo: [/proc/meminfo - SSI]	MemFree:        517296444 kB
20220314 015701.630 INFO             PET0 PIOc_sync Enter - MemInfo: [/proc/meminfo - SSI]	MemAvailable:   517697892 kB
20220314 015701.630 INFO             PET0 PIOc_sync Enter - MemInfo: [/proc/meminfo - SSI]	Committed_AS:    1723844 kB
20220314 015701.630 INFO             PET0 PIOc_sync Enter - MemInfo: [/proc/meminfo - SSI]	CommittedPercent: 0.327057 %
20220314 015701.630 INFO             PET0 PIOc_sync Enter - MemInfo: [/proc/self/status]	VmPeak:	  195008 kB
20220314 015701.630 INFO             PET0 PIOc_sync Enter - MemInfo: [/proc/self/status]	VmSize:	  195008 kB
20220314 015701.630 INFO             PET0 PIOc_sync Enter - MemInfo: [/proc/self/status]	VmLck:	       0 kB
20220314 015701.630 INFO             PET0 PIOc_sync Enter - MemInfo: [/proc/self/status]	VmPin:	       0 kB
20220314 015701.630 INFO             PET0 PIOc_sync Enter - MemInfo: [/proc/self/status]	VmHWM:	   39088 kB
20220314 015701.630 INFO             PET0 PIOc_sync Enter - MemInfo: [/proc/self/status]	VmRSS:	   36288 kB
20220314 015701.630 INFO             PET0 PIOc_sync Enter - MemInfo: [/proc/self/status]	VmData:	   17344 kB
20220314 015701.630 INFO             PET0 PIOc_sync Enter - MemInfo: [/proc/self/status]	VmStk:	     156 kB
20220314 015701.630 INFO             PET0 PIOc_sync Enter - MemInfo: [/proc/self/status]	VmExe:	     328 kB
20220314 015701.630 INFO             PET0 PIOc_sync Enter - MemInfo: [/proc/self/status]	VmLib:	  103544 kB
20220314 015701.630 INFO             PET0 PIOc_sync Enter - MemInfo: [/proc/self/status]	VmPTE:	     392 kB
20220314 015701.630 INFO             PET0 PIOc_sync Enter - MemInfo: [/proc/self/status]	VmSwap:	       0 kB
20220314 015701.630 INFO             PET0 PIOc_sync Enter - MemInfo: [/proc/self/status]	VmRSSPercent: 0.00688476 %
20220314 015701.630 INFO             PET0 PIOc_sync Enter - MemInfo: [malloc] Non-mmapped space allocated:                 9961472 Byte
20220314 015701.630 INFO             PET0 PIOc_sync Enter - MemInfo: [malloc] Space allocated in mmapped regions:          3629056 Byte
20220314 015701.630 INFO             PET0 PIOc_sync Enter - MemInfo: [malloc] Maximum total allocated space:                     0 Byte
20220314 015701.630 INFO             PET0 PIOc_sync Enter - MemInfo: [malloc] Space in freed fastbin blocks:                   240 Byte
20220314 015701.630 INFO             PET0 PIOc_sync Enter - MemInfo: [malloc] Total allocated space:                       9830928 Byte
20220314 015701.630 INFO             PET0 PIOc_sync Enter - MemInfo: [malloc] Total free space:                             130544 Byte
20220314 015701.630 INFO             PET0 PIOc_sync Enter - MemInfo: [malloc] Top-most, releasable space:                   122912 Byte
20220314 015701.630 INFO             PET0 PIOc_sync Enter - MemInfo: [malloc] Total space in use, mmap + non-mmap:        13459984 Byte
20220314 015701.630 INFO             PET0 PIOc_sync Enter - MemInfo: [malloc] Total space held (mmap + non-mmap):         13590528 Byte
20220314 015701.630 INFO             PET0 PIOc_sync Enter - MemInfo: [malloc] Total space used (mmap + non-mmap):         13468304 Byte
20220314 015701.630 INFO             PET0 PIOc_sync Enter - MemInfo: Wall-clock time since execution start:              0.0149789 seconds
20220314 015701.630 INFO             PET0 PIOc_sync Exit - MemInfo: [/proc/meminfo - SSI]	MemTotal:       527077124 kB
20220314 015701.631 INFO             PET0 PIOc_sync Exit - MemInfo: [/proc/meminfo - SSI]	MemFree:        517296444 kB
20220314 015701.631 INFO             PET0 PIOc_sync Exit - MemInfo: [/proc/meminfo - SSI]	MemAvailable:   517697892 kB
20220314 015701.631 INFO             PET0 PIOc_sync Exit - MemInfo: [/proc/meminfo - SSI]	Committed_AS:    1723844 kB
20220314 015701.631 INFO             PET0 PIOc_sync Exit - MemInfo: [/proc/meminfo - SSI]	CommittedPercent: 0.327057 %
20220314 015701.631 INFO             PET0 PIOc_sync Exit - MemInfo: [/proc/self/status]	VmPeak:	  195008 kB
20220314 015701.631 INFO             PET0 PIOc_sync Exit - MemInfo: [/proc/self/status]	VmSize:	  195008 kB
20220314 015701.631 INFO             PET0 PIOc_sync Exit - MemInfo: [/proc/self/status]	VmLck:	       0 kB
20220314 015701.631 INFO             PET0 PIOc_sync Exit - MemInfo: [/proc/self/status]	VmPin:	       0 kB
20220314 015701.631 INFO             PET0 PIOc_sync Exit - MemInfo: [/proc/self/status]	VmHWM:	   39088 kB
20220314 015701.631 INFO             PET0 PIOc_sync Exit - MemInfo: [/proc/self/status]	VmRSS:	   36288 kB
20220314 015701.631 INFO             PET0 PIOc_sync Exit - MemInfo: [/proc/self/status]	VmData:	   17344 kB
20220314 015701.631 INFO             PET0 PIOc_sync Exit - MemInfo: [/proc/self/status]	VmStk:	     156 kB
20220314 015701.631 INFO             PET0 PIOc_sync Exit - MemInfo: [/proc/self/status]	VmExe:	     328 kB
20220314 015701.631 INFO             PET0 PIOc_sync Exit - MemInfo: [/proc/self/status]	VmLib:	  103544 kB
20220314 015701.631 INFO             PET0 PIOc_sync Exit - MemInfo: [/proc/self/status]	VmPTE:	     392 kB
20220314 015701.631 INFO             PET0 PIOc_sync Exit - MemInfo: [/proc/self/status]	VmSwap:	       0 kB
20220314 015701.631 INFO             PET0 PIOc_sync Exit - MemInfo: [/proc/self/status]	VmRSSPercent: 0.00688476 %
20220314 015701.631 INFO             PET0 PIOc_sync Exit - MemInfo: [malloc] Non-mmapped space allocated:                 9961472 Byte
20220314 015701.631 INFO             PET0 PIOc_sync Exit - MemInfo: [malloc] Space allocated in mmapped regions:          3629056 Byte
20220314 015701.631 INFO             PET0 PIOc_sync Exit - MemInfo: [malloc] Maximum total allocated space:                     0 Byte
20220314 015701.631 INFO             PET0 PIOc_sync Exit - MemInfo: [malloc] Space in freed fastbin blocks:                     0 Byte
20220314 015701.631 INFO             PET0 PIOc_sync Exit - MemInfo: [malloc] Total allocated space:                       9831664 Byte
20220314 015701.631 INFO             PET0 PIOc_sync Exit - MemInfo: [malloc] Total free space:                             129808 Byte
20220314 015701.631 INFO             PET0 PIOc_sync Exit - MemInfo: [malloc] Top-most, releasable space:                   122688 Byte
20220314 015701.631 INFO             PET0 PIOc_sync Exit - MemInfo: [malloc] Total space in use, mmap + non-mmap:        13460720 Byte
20220314 015701.631 INFO             PET0 PIOc_sync Exit - MemInfo: [malloc] Total space held (mmap + non-mmap):         13590528 Byte
20220314 015701.631 INFO             PET0 PIOc_sync Exit - MemInfo: [malloc] Total space used (mmap + non-mmap):         13468928 Byte
20220314 015701.631 INFO             PET0 PIOc_sync Exit - MemInfo: Wall-clock time since execution start:              0.0152443 seconds
20220314 015701.631 INFO             PET0 PIOc_freedecomp Enter - MemInfo: [/proc/meminfo - SSI]	MemTotal:       527077124 kB
20220314 015701.631 INFO             PET0 PIOc_freedecomp Enter - MemInfo: [/proc/meminfo - SSI]	MemFree:        517296444 kB
20220314 015701.631 INFO             PET0 PIOc_freedecomp Enter - MemInfo: [/proc/meminfo - SSI]	MemAvailable:   517697892 kB
20220314 015701.631 INFO             PET0 PIOc_freedecomp Enter - MemInfo: [/proc/meminfo - SSI]	Committed_AS:    1723844 kB
20220314 015701.631 INFO             PET0 PIOc_freedecomp Enter - MemInfo: [/proc/meminfo - SSI]	CommittedPercent: 0.327057 %
20220314 015701.631 INFO             PET0 PIOc_freedecomp Enter - MemInfo: [/proc/self/status]	VmPeak:	  195008 kB
20220314 015701.631 INFO             PET0 PIOc_freedecomp Enter - MemInfo: [/proc/self/status]	VmSize:	  195008 kB
20220314 015701.631 INFO             PET0 PIOc_freedecomp Enter - MemInfo: [/proc/self/status]	VmLck:	       0 kB
20220314 015701.631 INFO             PET0 PIOc_freedecomp Enter - MemInfo: [/proc/self/status]	VmPin:	       0 kB
20220314 015701.631 INFO             PET0 PIOc_freedecomp Enter - MemInfo: [/proc/self/status]	VmHWM:	   39088 kB
20220314 015701.631 INFO             PET0 PIOc_freedecomp Enter - MemInfo: [/proc/self/status]	VmRSS:	   36288 kB
20220314 015701.631 INFO             PET0 PIOc_freedecomp Enter - MemInfo: [/proc/self/status]	VmData:	   17344 kB
20220314 015701.631 INFO             PET0 PIOc_freedecomp Enter - MemInfo: [/proc/self/status]	VmStk:	     156 kB
20220314 015701.631 INFO             PET0 PIOc_freedecomp Enter - MemInfo: [/proc/self/status]	VmExe:	     328 kB
20220314 015701.631 INFO             PET0 PIOc_freedecomp Enter - MemInfo: [/proc/self/status]	VmLib:	  103544 kB
20220314 015701.631 INFO             PET0 PIOc_freedecomp Enter - MemInfo: [/proc/self/status]	VmPTE:	     392 kB
20220314 015701.631 INFO             PET0 PIOc_freedecomp Enter - MemInfo: [/proc/self/status]	VmSwap:	       0 kB
20220314 015701.631 INFO             PET0 PIOc_freedecomp Enter - MemInfo: [/proc/self/status]	VmRSSPercent: 0.00688476 %
20220314 015701.631 INFO             PET0 PIOc_freedecomp Enter - MemInfo: [malloc] Non-mmapped space allocated:                 9961472 Byte
20220314 015701.631 INFO             PET0 PIOc_freedecomp Enter - MemInfo: [malloc] Space allocated in mmapped regions:          3629056 Byte
20220314 015701.631 INFO             PET0 PIOc_freedecomp Enter - MemInfo: [malloc] Maximum total allocated space:                     0 Byte
20220314 015701.631 INFO             PET0 PIOc_freedecomp Enter - MemInfo: [malloc] Space in freed fastbin blocks:                   192 Byte
20220314 015701.631 INFO             PET0 PIOc_freedecomp Enter - MemInfo: [malloc] Total allocated space:                        906592 Byte
20220314 015701.631 INFO             PET0 PIOc_freedecomp Enter - MemInfo: [malloc] Total free space:                            9054880 Byte
20220314 015701.631 INFO             PET0 PIOc_freedecomp Enter - MemInfo: [malloc] Top-most, releasable space:                   122464 Byte
20220314 015701.631 INFO             PET0 PIOc_freedecomp Enter - MemInfo: [malloc] Total space in use, mmap + non-mmap:         4535648 Byte
20220314 015701.631 INFO             PET0 PIOc_freedecomp Enter - MemInfo: [malloc] Total space held (mmap + non-mmap):         13590528 Byte
20220314 015701.631 INFO             PET0 PIOc_freedecomp Enter - MemInfo: [malloc] Total space used (mmap + non-mmap):          4543856 Byte
20220314 015701.631 INFO             PET0 PIOc_freedecomp Enter - MemInfo: Wall-clock time since execution start:              0.0155591 seconds
20220314 015701.631 INFO             PET0 PIOc_freedecomp Exit - MemInfo: [/proc/meminfo - SSI]	MemTotal:       527077124 kB
20220314 015701.631 INFO             PET0 PIOc_freedecomp Exit - MemInfo: [/proc/meminfo - SSI]	MemFree:        517296444 kB
20220314 015701.631 INFO             PET0 PIOc_freedecomp Exit - MemInfo: [/proc/meminfo - SSI]	MemAvailable:   517697892 kB
20220314 015701.631 INFO             PET0 PIOc_freedecomp Exit - MemInfo: [/proc/meminfo - SSI]	Committed_AS:    1723844 kB
20220314 015701.631 INFO             PET0 PIOc_freedecomp Exit - MemInfo: [/proc/meminfo - SSI]	CommittedPercent: 0.327057 %
20220314 015701.631 INFO             PET0 PIOc_freedecomp Exit - MemInfo: [/proc/self/status]	VmPeak:	  195008 kB
20220314 015701.631 INFO             PET0 PIOc_freedecomp Exit - MemInfo: [/proc/self/status]	VmSize:	  195008 kB
20220314 015701.631 INFO             PET0 PIOc_freedecomp Exit - MemInfo: [/proc/self/status]	VmLck:	       0 kB
20220314 015701.631 INFO             PET0 PIOc_freedecomp Exit - MemInfo: [/proc/self/status]	VmPin:	       0 kB
20220314 015701.631 INFO             PET0 PIOc_freedecomp Exit - MemInfo: [/proc/self/status]	VmHWM:	   39088 kB
20220314 015701.631 INFO             PET0 PIOc_freedecomp Exit - MemInfo: [/proc/self/status]	VmRSS:	   36288 kB
20220314 015701.631 INFO             PET0 PIOc_freedecomp Exit - MemInfo: [/proc/self/status]	VmData:	   17344 kB
20220314 015701.631 INFO             PET0 PIOc_freedecomp Exit - MemInfo: [/proc/self/status]	VmStk:	     156 kB
20220314 015701.631 INFO             PET0 PIOc_freedecomp Exit - MemInfo: [/proc/self/status]	VmExe:	     328 kB
20220314 015701.631 INFO             PET0 PIOc_freedecomp Exit - MemInfo: [/proc/self/status]	VmLib:	  103544 kB
20220314 015701.631 INFO             PET0 PIOc_freedecomp Exit - MemInfo: [/proc/self/status]	VmPTE:	     392 kB
20220314 015701.631 INFO             PET0 PIOc_freedecomp Exit - MemInfo: [/proc/self/status]	VmSwap:	       0 kB
20220314 015701.631 INFO             PET0 PIOc_freedecomp Exit - MemInfo: [/proc/self/status]	VmRSSPercent: 0.00688476 %
20220314 015701.631 INFO             PET0 PIOc_freedecomp Exit - MemInfo: [malloc] Non-mmapped space allocated:                 9961472 Byte
20220314 015701.631 INFO             PET0 PIOc_freedecomp Exit - MemInfo: [malloc] Space allocated in mmapped regions:          3629056 Byte
20220314 015701.631 INFO             PET0 PIOc_freedecomp Exit - MemInfo: [malloc] Maximum total allocated space:                     0 Byte
20220314 015701.631 INFO             PET0 PIOc_freedecomp Exit - MemInfo: [malloc] Space in freed fastbin blocks:                  1104 Byte
20220314 015701.631 INFO             PET0 PIOc_freedecomp Exit - MemInfo: [malloc] Total allocated space:                        905488 Byte
20220314 015701.631 INFO             PET0 PIOc_freedecomp Exit - MemInfo: [malloc] Total free space:                            9055984 Byte
20220314 015701.631 INFO             PET0 PIOc_freedecomp Exit - MemInfo: [malloc] Top-most, releasable space:                   128160 Byte
20220314 015701.631 INFO             PET0 PIOc_freedecomp Exit - MemInfo: [malloc] Total space in use, mmap + non-mmap:         4534544 Byte
20220314 015701.631 INFO             PET0 PIOc_freedecomp Exit - MemInfo: [malloc] Total space held (mmap + non-mmap):         13590528 Byte
20220314 015701.631 INFO             PET0 PIOc_freedecomp Exit - MemInfo: [malloc] Total space used (mmap + non-mmap):          4542752 Byte
20220314 015701.631 INFO             PET0 PIOc_freedecomp Exit - MemInfo: Wall-clock time since execution start:              0.0157491 seconds
20220314 015701.631 INFO             PET0  PASS  ESMF_OutputWeightFile, ESMF_IOUTest.F90, line 81
20220314 015701.633 INFO             PET0  PASS  call ESMF_OutputWeightFile with empty factor list on four PETs, ESMF_IOUTest.F90, line 191
20220314 015701.633 INFO             PET0  Ending Test, file ESMF_IOUTest.F90, line 201
20220314 015701.633 INFO             PET0 Finalizing ESMF
20220314 015701.618 INFO             PET1 !!!!!!!!!!!!!!!!!!!!!!!!!!!!!!!!!!!!!!!!!!!!!!!!!!!!!!
20220314 015701.618 INFO             PET1 !!! THE ESMF_LOG IS SET TO OUTPUT ALL LOG MESSAGES !!!
20220314 015701.618 INFO             PET1 !!!     THIS MAY CAUSE SLOWDOWN IN PERFORMANCE     !!!
20220314 015701.618 INFO             PET1 !!! FOR PRODUCTION RUNS, USE:                      !!!
20220314 015701.618 INFO             PET1 !!!                   ESMF_LOGKIND_Multi_On_Error  !!!
20220314 015701.618 INFO             PET1 !!!!!!!!!!!!!!!!!!!!!!!!!!!!!!!!!!!!!!!!!!!!!!!!!!!!!!
20220314 015701.618 INFO             PET1 Running with ESMF Version   : v8.3.0b09-96-g559b459836
20220314 015701.618 INFO             PET1 ESMF library build date/time: "Mar 14 2022" "01:48:51"
20220314 015701.618 INFO             PET1 ESMF library build location : /lfs/h1/emc/ptmp/Mark.Potts/gfortran_10.3.0_mpich3_g_jedwards_pio_update2
20220314 015701.618 INFO             PET1 ESMF_COMM                   : mpich3
20220314 015701.618 INFO             PET1 ESMF_MOAB                   : enabled
20220314 015701.618 INFO             PET1 ESMF_LAPACK                 : enabled
20220314 015701.618 INFO             PET1 ESMF_NETCDF                 : enabled
20220314 015701.618 INFO             PET1 ESMF_PNETCDF                : disabled
20220314 015701.618 INFO             PET1 ESMF_PIO                    : enabled
20220314 015701.618 INFO             PET1 ESMF_YAMLCPP                : enabled
20220314 015701.618 INFO             PET1  Beginning Test, file ESMF_IOUTest.F90, line 57
20220314 015701.618 INFO             PET1  NUMBER_OF_PROCESSORS           4
20220314 015701.618 INFO             PET1 Starting Test:  ESMF_OutputWeightFile
20220314 015701.625 INFO             PET1 PIOc_sync Enter - MemInfo: [/proc/meminfo - SSI]	MemTotal:       527077124 kB
20220314 015701.625 INFO             PET1 PIOc_sync Enter - MemInfo: [/proc/meminfo - SSI]	MemFree:        517294596 kB
20220314 015701.625 INFO             PET1 PIOc_sync Enter - MemInfo: [/proc/meminfo - SSI]	MemAvailable:   517696048 kB
20220314 015701.625 INFO             PET1 PIOc_sync Enter - MemInfo: [/proc/meminfo - SSI]	Committed_AS:    1723492 kB
20220314 015701.625 INFO             PET1 PIOc_sync Enter - MemInfo: [/proc/meminfo - SSI]	CommittedPercent: 0.32699 %
20220314 015701.625 INFO             PET1 PIOc_sync Enter - MemInfo: [/proc/self/status]	VmPeak:	  185688 kB
20220314 015701.625 INFO             PET1 PIOc_sync Enter - MemInfo: [/proc/self/status]	VmSize:	  185688 kB
20220314 015701.625 INFO             PET1 PIOc_sync Enter - MemInfo: [/proc/self/status]	VmLck:	       0 kB
20220314 015701.625 INFO             PET1 PIOc_sync Enter - MemInfo: [/proc/self/status]	VmPin:	       0 kB
20220314 015701.625 INFO             PET1 PIOc_sync Enter - MemInfo: [/proc/self/status]	VmHWM:	   26936 kB
20220314 015701.625 INFO             PET1 PIOc_sync Enter - MemInfo: [/proc/self/status]	VmRSS:	   26936 kB
20220314 015701.625 INFO             PET1 PIOc_sync Enter - MemInfo: [/proc/self/status]	VmData:	    8024 kB
20220314 015701.625 INFO             PET1 PIOc_sync Enter - MemInfo: [/proc/self/status]	VmStk:	     156 kB
20220314 015701.625 INFO             PET1 PIOc_sync Enter - MemInfo: [/proc/self/status]	VmExe:	     328 kB
20220314 015701.625 INFO             PET1 PIOc_sync Enter - MemInfo: [/proc/self/status]	VmLib:	  103544 kB
20220314 015701.625 INFO             PET1 PIOc_sync Enter - MemInfo: [/proc/self/status]	VmPTE:	     356 kB
20220314 015701.625 INFO             PET1 PIOc_sync Enter - MemInfo: [/proc/self/status]	VmSwap:	       0 kB
20220314 015701.625 INFO             PET1 PIOc_sync Enter - MemInfo: [/proc/self/status]	VmRSSPercent: 0.00511045 %
20220314 015701.625 INFO             PET1 PIOc_sync Enter - MemInfo: [malloc] Non-mmapped space allocated:                  708608 Byte
20220314 015701.625 INFO             PET1 PIOc_sync Enter - MemInfo: [malloc] Space allocated in mmapped regions:          3338240 Byte
20220314 015701.625 INFO             PET1 PIOc_sync Enter - MemInfo: [malloc] Maximum total allocated space:                     0 Byte
20220314 015701.625 INFO             PET1 PIOc_sync Enter - MemInfo: [malloc] Space in freed fastbin blocks:                     0 Byte
20220314 015701.625 INFO             PET1 PIOc_sync Enter - MemInfo: [malloc] Total allocated space:                        574000 Byte
20220314 015701.625 INFO             PET1 PIOc_sync Enter - MemInfo: [malloc] Total free space:                             134608 Byte
20220314 015701.625 INFO             PET1 PIOc_sync Enter - MemInfo: [malloc] Top-most, releasable space:                   133760 Byte
20220314 015701.625 INFO             PET1 PIOc_sync Enter - MemInfo: [malloc] Total space in use, mmap + non-mmap:         3912240 Byte
20220314 015701.625 INFO             PET1 PIOc_sync Enter - MemInfo: [malloc] Total space held (mmap + non-mmap):          4046848 Byte
20220314 015701.625 INFO             PET1 PIOc_sync Enter - MemInfo: [malloc] Total space used (mmap + non-mmap):          3920976 Byte
20220314 015701.625 INFO             PET1 PIOc_sync Enter - MemInfo: Wall-clock time since execution start:             0.00965959 seconds
20220314 015701.625 INFO             PET1 PIOc_sync Exit - MemInfo: [/proc/meminfo - SSI]	MemTotal:       527077124 kB
20220314 015701.625 INFO             PET1 PIOc_sync Exit - MemInfo: [/proc/meminfo - SSI]	MemFree:        517294092 kB
20220314 015701.625 INFO             PET1 PIOc_sync Exit - MemInfo: [/proc/meminfo - SSI]	MemAvailable:   517695544 kB
20220314 015701.625 INFO             PET1 PIOc_sync Exit - MemInfo: [/proc/meminfo - SSI]	Committed_AS:    1723776 kB
20220314 015701.625 INFO             PET1 PIOc_sync Exit - MemInfo: [/proc/meminfo - SSI]	CommittedPercent: 0.327044 %
20220314 015701.625 INFO             PET1 PIOc_sync Exit - MemInfo: [/proc/self/status]	VmPeak:	  185688 kB
20220314 015701.625 INFO             PET1 PIOc_sync Exit - MemInfo: [/proc/self/status]	VmSize:	  185688 kB
20220314 015701.625 INFO             PET1 PIOc_sync Exit - MemInfo: [/proc/self/status]	VmLck:	       0 kB
20220314 015701.625 INFO             PET1 PIOc_sync Exit - MemInfo: [/proc/self/status]	VmPin:	       0 kB
20220314 015701.625 INFO             PET1 PIOc_sync Exit - MemInfo: [/proc/self/status]	VmHWM:	   26936 kB
20220314 015701.625 INFO             PET1 PIOc_sync Exit - MemInfo: [/proc/self/status]	VmRSS:	   26936 kB
20220314 015701.625 INFO             PET1 PIOc_sync Exit - MemInfo: [/proc/self/status]	VmData:	    8024 kB
20220314 015701.625 INFO             PET1 PIOc_sync Exit - MemInfo: [/proc/self/status]	VmStk:	     156 kB
20220314 015701.625 INFO             PET1 PIOc_sync Exit - MemInfo: [/proc/self/status]	VmExe:	     328 kB
20220314 015701.625 INFO             PET1 PIOc_sync Exit - MemInfo: [/proc/self/status]	VmLib:	  103544 kB
20220314 015701.625 INFO             PET1 PIOc_sync Exit - MemInfo: [/proc/self/status]	VmPTE:	     356 kB
20220314 015701.625 INFO             PET1 PIOc_sync Exit - MemInfo: [/proc/self/status]	VmSwap:	       0 kB
20220314 015701.625 INFO             PET1 PIOc_sync Exit - MemInfo: [/proc/self/status]	VmRSSPercent: 0.00511045 %
20220314 015701.625 INFO             PET1 PIOc_sync Exit - MemInfo: [malloc] Non-mmapped space allocated:                  708608 Byte
20220314 015701.625 INFO             PET1 PIOc_sync Exit - MemInfo: [malloc] Space allocated in mmapped regions:          3338240 Byte
20220314 015701.625 INFO             PET1 PIOc_sync Exit - MemInfo: [malloc] Maximum total allocated space:                     0 Byte
20220314 015701.625 INFO             PET1 PIOc_sync Exit - MemInfo: [malloc] Space in freed fastbin blocks:                     0 Byte
20220314 015701.625 INFO             PET1 PIOc_sync Exit - MemInfo: [malloc] Total allocated space:                        574976 Byte
20220314 015701.625 INFO             PET1 PIOc_sync Exit - MemInfo: [malloc] Total free space:                             133632 Byte
20220314 015701.625 INFO             PET1 PIOc_sync Exit - MemInfo: [malloc] Top-most, releasable space:                   133008 Byte
20220314 015701.625 INFO             PET1 PIOc_sync Exit - MemInfo: [malloc] Total space in use, mmap + non-mmap:         3913216 Byte
20220314 015701.625 INFO             PET1 PIOc_sync Exit - MemInfo: [malloc] Total space held (mmap + non-mmap):          4046848 Byte
20220314 015701.625 INFO             PET1 PIOc_sync Exit - MemInfo: [malloc] Total space used (mmap + non-mmap):          3921424 Byte
20220314 015701.625 INFO             PET1 PIOc_sync Exit - MemInfo: Wall-clock time since execution start:              0.0100537 seconds
20220314 015701.626 INFO             PET1 PIOc_freedecomp Enter - MemInfo: [/proc/meminfo - SSI]	MemTotal:       527077124 kB
20220314 015701.626 INFO             PET1 PIOc_freedecomp Enter - MemInfo: [/proc/meminfo - SSI]	MemFree:        517301244 kB
20220314 015701.626 INFO             PET1 PIOc_freedecomp Enter - MemInfo: [/proc/meminfo - SSI]	MemAvailable:   517702696 kB
20220314 015701.626 INFO             PET1 PIOc_freedecomp Enter - MemInfo: [/proc/meminfo - SSI]	Committed_AS:    1715064 kB
20220314 015701.626 INFO             PET1 PIOc_freedecomp Enter - MemInfo: [/proc/meminfo - SSI]	CommittedPercent: 0.325391 %
20220314 015701.626 INFO             PET1 PIOc_freedecomp Enter - MemInfo: [/proc/self/status]	VmPeak:	  185688 kB
20220314 015701.626 INFO             PET1 PIOc_freedecomp Enter - MemInfo: [/proc/self/status]	VmSize:	  185688 kB
20220314 015701.626 INFO             PET1 PIOc_freedecomp Enter - MemInfo: [/proc/self/status]	VmLck:	       0 kB
20220314 015701.626 INFO             PET1 PIOc_freedecomp Enter - MemInfo: [/proc/self/status]	VmPin:	       0 kB
20220314 015701.626 INFO             PET1 PIOc_freedecomp Enter - MemInfo: [/proc/self/status]	VmHWM:	   26936 kB
20220314 015701.626 INFO             PET1 PIOc_freedecomp Enter - MemInfo: [/proc/self/status]	VmRSS:	   26936 kB
20220314 015701.626 INFO             PET1 PIOc_freedecomp Enter - MemInfo: [/proc/self/status]	VmData:	    8024 kB
20220314 015701.626 INFO             PET1 PIOc_freedecomp Enter - MemInfo: [/proc/self/status]	VmStk:	     156 kB
20220314 015701.626 INFO             PET1 PIOc_freedecomp Enter - MemInfo: [/proc/self/status]	VmExe:	     328 kB
20220314 015701.626 INFO             PET1 PIOc_freedecomp Enter - MemInfo: [/proc/self/status]	VmLib:	  103544 kB
20220314 015701.626 INFO             PET1 PIOc_freedecomp Enter - MemInfo: [/proc/self/status]	VmPTE:	     356 kB
20220314 015701.626 INFO             PET1 PIOc_freedecomp Enter - MemInfo: [/proc/self/status]	VmSwap:	       0 kB
20220314 015701.626 INFO             PET1 PIOc_freedecomp Enter - MemInfo: [/proc/self/status]	VmRSSPercent: 0.00511045 %
20220314 015701.626 INFO             PET1 PIOc_freedecomp Enter - MemInfo: [malloc] Non-mmapped space allocated:                  708608 Byte
20220314 015701.626 INFO             PET1 PIOc_freedecomp Enter - MemInfo: [malloc] Space allocated in mmapped regions:          3338240 Byte
20220314 015701.626 INFO             PET1 PIOc_freedecomp Enter - MemInfo: [malloc] Maximum total allocated space:                     0 Byte
20220314 015701.626 INFO             PET1 PIOc_freedecomp Enter - MemInfo: [malloc] Space in freed fastbin blocks:                    80 Byte
20220314 015701.626 INFO             PET1 PIOc_freedecomp Enter - MemInfo: [malloc] Total allocated space:                        575120 Byte
20220314 015701.626 INFO             PET1 PIOc_freedecomp Enter - MemInfo: [malloc] Total free space:                             133488 Byte
20220314 015701.626 INFO             PET1 PIOc_freedecomp Enter - MemInfo: [malloc] Top-most, releasable space:                   132784 Byte
20220314 015701.626 INFO             PET1 PIOc_freedecomp Enter - MemInfo: [malloc] Total space in use, mmap + non-mmap:         3913360 Byte
20220314 015701.626 INFO             PET1 PIOc_freedecomp Enter - MemInfo: [malloc] Total space held (mmap + non-mmap):          4046848 Byte
20220314 015701.626 INFO             PET1 PIOc_freedecomp Enter - MemInfo: [malloc] Total space used (mmap + non-mmap):          3921568 Byte
20220314 015701.626 INFO             PET1 PIOc_freedecomp Enter - MemInfo: Wall-clock time since execution start:              0.0105271 seconds
20220314 015701.626 INFO             PET1 PIOc_freedecomp Exit - MemInfo: [/proc/meminfo - SSI]	MemTotal:       527077124 kB
20220314 015701.626 INFO             PET1 PIOc_freedecomp Exit - MemInfo: [/proc/meminfo - SSI]	MemFree:        517301244 kB
20220314 015701.626 INFO             PET1 PIOc_freedecomp Exit - MemInfo: [/proc/meminfo - SSI]	MemAvailable:   517702696 kB
20220314 015701.626 INFO             PET1 PIOc_freedecomp Exit - MemInfo: [/proc/meminfo - SSI]	Committed_AS:    1715064 kB
20220314 015701.626 INFO             PET1 PIOc_freedecomp Exit - MemInfo: [/proc/meminfo - SSI]	CommittedPercent: 0.325391 %
20220314 015701.626 INFO             PET1 PIOc_freedecomp Exit - MemInfo: [/proc/self/status]	VmPeak:	  185688 kB
20220314 015701.626 INFO             PET1 PIOc_freedecomp Exit - MemInfo: [/proc/self/status]	VmSize:	  185688 kB
20220314 015701.626 INFO             PET1 PIOc_freedecomp Exit - MemInfo: [/proc/self/status]	VmLck:	       0 kB
20220314 015701.626 INFO             PET1 PIOc_freedecomp Exit - MemInfo: [/proc/self/status]	VmPin:	       0 kB
20220314 015701.626 INFO             PET1 PIOc_freedecomp Exit - MemInfo: [/proc/self/status]	VmHWM:	   26936 kB
20220314 015701.626 INFO             PET1 PIOc_freedecomp Exit - MemInfo: [/proc/self/status]	VmRSS:	   26936 kB
20220314 015701.626 INFO             PET1 PIOc_freedecomp Exit - MemInfo: [/proc/self/status]	VmData:	    8024 kB
20220314 015701.626 INFO             PET1 PIOc_freedecomp Exit - MemInfo: [/proc/self/status]	VmStk:	     156 kB
20220314 015701.626 INFO             PET1 PIOc_freedecomp Exit - MemInfo: [/proc/self/status]	VmExe:	     328 kB
20220314 015701.626 INFO             PET1 PIOc_freedecomp Exit - MemInfo: [/proc/self/status]	VmLib:	  103544 kB
20220314 015701.626 INFO             PET1 PIOc_freedecomp Exit - MemInfo: [/proc/self/status]	VmPTE:	     356 kB
20220314 015701.626 INFO             PET1 PIOc_freedecomp Exit - MemInfo: [/proc/self/status]	VmSwap:	       0 kB
20220314 015701.626 INFO             PET1 PIOc_freedecomp Exit - MemInfo: [/proc/self/status]	VmRSSPercent: 0.00511045 %
20220314 015701.626 INFO             PET1 PIOc_freedecomp Exit - MemInfo: [malloc] Non-mmapped space allocated:                  708608 Byte
20220314 015701.626 INFO             PET1 PIOc_freedecomp Exit - MemInfo: [malloc] Space allocated in mmapped regions:          3338240 Byte
20220314 015701.626 INFO             PET1 PIOc_freedecomp Exit - MemInfo: [malloc] Maximum total allocated space:                     0 Byte
20220314 015701.626 INFO             PET1 PIOc_freedecomp Exit - MemInfo: [malloc] Space in freed fastbin blocks:                   336 Byte
20220314 015701.626 INFO             PET1 PIOc_freedecomp Exit - MemInfo: [malloc] Total allocated space:                        575008 Byte
20220314 015701.626 INFO             PET1 PIOc_freedecomp Exit - MemInfo: [malloc] Total free space:                             133600 Byte
20220314 015701.626 INFO             PET1 PIOc_freedecomp Exit - MemInfo: [malloc] Top-most, releasable space:                   132560 Byte
20220314 015701.626 INFO             PET1 PIOc_freedecomp Exit - MemInfo: [malloc] Total space in use, mmap + non-mmap:         3913248 Byte
20220314 015701.626 INFO             PET1 PIOc_freedecomp Exit - MemInfo: [malloc] Total space held (mmap + non-mmap):          4046848 Byte
20220314 015701.626 INFO             PET1 PIOc_freedecomp Exit - MemInfo: [malloc] Total space used (mmap + non-mmap):          3921456 Byte
20220314 015701.626 INFO             PET1 PIOc_freedecomp Exit - MemInfo: Wall-clock time since execution start:               0.010737 seconds
20220314 015701.628 INFO             PET1 PIOc_sync Enter - MemInfo: [/proc/meminfo - SSI]	MemTotal:       527077124 kB
20220314 015701.628 INFO             PET1 PIOc_sync Enter - MemInfo: [/proc/meminfo - SSI]	MemFree:        517296896 kB
20220314 015701.628 INFO             PET1 PIOc_sync Enter - MemInfo: [/proc/meminfo - SSI]	MemAvailable:   517698348 kB
20220314 015701.628 INFO             PET1 PIOc_sync Enter - MemInfo: [/proc/meminfo - SSI]	Committed_AS:    1723844 kB
20220314 015701.628 INFO             PET1 PIOc_sync Enter - MemInfo: [/proc/meminfo - SSI]	CommittedPercent: 0.327057 %
20220314 015701.628 INFO             PET1 PIOc_sync Enter - MemInfo: [/proc/self/status]	VmPeak:	  185688 kB
20220314 015701.628 INFO             PET1 PIOc_sync Enter - MemInfo: [/proc/self/status]	VmSize:	  185688 kB
20220314 015701.628 INFO             PET1 PIOc_sync Enter - MemInfo: [/proc/self/status]	VmLck:	       0 kB
20220314 015701.628 INFO             PET1 PIOc_sync Enter - MemInfo: [/proc/self/status]	VmPin:	       0 kB
20220314 015701.628 INFO             PET1 PIOc_sync Enter - MemInfo: [/proc/self/status]	VmHWM:	   27428 kB
20220314 015701.628 INFO             PET1 PIOc_sync Enter - MemInfo: [/proc/self/status]	VmRSS:	   27412 kB
20220314 015701.628 INFO             PET1 PIOc_sync Enter - MemInfo: [/proc/self/status]	VmData:	    8024 kB
20220314 015701.628 INFO             PET1 PIOc_sync Enter - MemInfo: [/proc/self/status]	VmStk:	     156 kB
20220314 015701.628 INFO             PET1 PIOc_sync Enter - MemInfo: [/proc/self/status]	VmExe:	     328 kB
20220314 015701.628 INFO             PET1 PIOc_sync Enter - MemInfo: [/proc/self/status]	VmLib:	  103544 kB
20220314 015701.628 INFO             PET1 PIOc_sync Enter - MemInfo: [/proc/self/status]	VmPTE:	     356 kB
20220314 015701.628 INFO             PET1 PIOc_sync Enter - MemInfo: [/proc/self/status]	VmSwap:	       0 kB
20220314 015701.628 INFO             PET1 PIOc_sync Enter - MemInfo: [/proc/self/status]	VmRSSPercent: 0.00520076 %
20220314 015701.628 INFO             PET1 PIOc_sync Enter - MemInfo: [malloc] Non-mmapped space allocated:                  708608 Byte
20220314 015701.628 INFO             PET1 PIOc_sync Enter - MemInfo: [malloc] Space allocated in mmapped regions:          3338240 Byte
20220314 015701.628 INFO             PET1 PIOc_sync Enter - MemInfo: [malloc] Maximum total allocated space:                     0 Byte
20220314 015701.628 INFO             PET1 PIOc_sync Enter - MemInfo: [malloc] Space in freed fastbin blocks:                     0 Byte
20220314 015701.628 INFO             PET1 PIOc_sync Enter - MemInfo: [malloc] Total allocated space:                        576848 Byte
20220314 015701.628 INFO             PET1 PIOc_sync Enter - MemInfo: [malloc] Total free space:                             131760 Byte
20220314 015701.628 INFO             PET1 PIOc_sync Enter - MemInfo: [malloc] Top-most, releasable space:                   131696 Byte
20220314 015701.628 INFO             PET1 PIOc_sync Enter - MemInfo: [malloc] Total space in use, mmap + non-mmap:         3915088 Byte
20220314 015701.628 INFO             PET1 PIOc_sync Enter - MemInfo: [malloc] Total space held (mmap + non-mmap):          4046848 Byte
20220314 015701.628 INFO             PET1 PIOc_sync Enter - MemInfo: [malloc] Total space used (mmap + non-mmap):          3923296 Byte
20220314 015701.628 INFO             PET1 PIOc_sync Enter - MemInfo: Wall-clock time since execution start:              0.0126422 seconds
20220314 015701.628 INFO             PET1 PIOc_sync Exit - MemInfo: [/proc/meminfo - SSI]	MemTotal:       527077124 kB
20220314 015701.628 INFO             PET1 PIOc_sync Exit - MemInfo: [/proc/meminfo - SSI]	MemFree:        517296896 kB
20220314 015701.628 INFO             PET1 PIOc_sync Exit - MemInfo: [/proc/meminfo - SSI]	MemAvailable:   517698348 kB
20220314 015701.628 INFO             PET1 PIOc_sync Exit - MemInfo: [/proc/meminfo - SSI]	Committed_AS:    1723844 kB
20220314 015701.628 INFO             PET1 PIOc_sync Exit - MemInfo: [/proc/meminfo - SSI]	CommittedPercent: 0.327057 %
20220314 015701.628 INFO             PET1 PIOc_sync Exit - MemInfo: [/proc/self/status]	VmPeak:	  185688 kB
20220314 015701.628 INFO             PET1 PIOc_sync Exit - MemInfo: [/proc/self/status]	VmSize:	  185688 kB
20220314 015701.628 INFO             PET1 PIOc_sync Exit - MemInfo: [/proc/self/status]	VmLck:	       0 kB
20220314 015701.628 INFO             PET1 PIOc_sync Exit - MemInfo: [/proc/self/status]	VmPin:	       0 kB
20220314 015701.628 INFO             PET1 PIOc_sync Exit - MemInfo: [/proc/self/status]	VmHWM:	   27428 kB
20220314 015701.628 INFO             PET1 PIOc_sync Exit - MemInfo: [/proc/self/status]	VmRSS:	   27412 kB
20220314 015701.628 INFO             PET1 PIOc_sync Exit - MemInfo: [/proc/self/status]	VmData:	    8024 kB
20220314 015701.628 INFO             PET1 PIOc_sync Exit - MemInfo: [/proc/self/status]	VmStk:	     156 kB
20220314 015701.628 INFO             PET1 PIOc_sync Exit - MemInfo: [/proc/self/status]	VmExe:	     328 kB
20220314 015701.628 INFO             PET1 PIOc_sync Exit - MemInfo: [/proc/self/status]	VmLib:	  103544 kB
20220314 015701.628 INFO             PET1 PIOc_sync Exit - MemInfo: [/proc/self/status]	VmPTE:	     356 kB
20220314 015701.628 INFO             PET1 PIOc_sync Exit - MemInfo: [/proc/self/status]	VmSwap:	       0 kB
20220314 015701.628 INFO             PET1 PIOc_sync Exit - MemInfo: [/proc/self/status]	VmRSSPercent: 0.00520076 %
20220314 015701.628 INFO             PET1 PIOc_sync Exit - MemInfo: [malloc] Non-mmapped space allocated:                  708608 Byte
20220314 015701.628 INFO             PET1 PIOc_sync Exit - MemInfo: [malloc] Space allocated in mmapped regions:          3338240 Byte
20220314 015701.628 INFO             PET1 PIOc_sync Exit - MemInfo: [malloc] Maximum total allocated space:                     0 Byte
20220314 015701.628 INFO             PET1 PIOc_sync Exit - MemInfo: [malloc] Space in freed fastbin blocks:                     0 Byte
20220314 015701.628 INFO             PET1 PIOc_sync Exit - MemInfo: [malloc] Total allocated space:                        577168 Byte
20220314 015701.628 INFO             PET1 PIOc_sync Exit - MemInfo: [malloc] Total free space:                             131440 Byte
20220314 015701.628 INFO             PET1 PIOc_sync Exit - MemInfo: [malloc] Top-most, releasable space:                   131376 Byte
20220314 015701.628 INFO             PET1 PIOc_sync Exit - MemInfo: [malloc] Total space in use, mmap + non-mmap:         3915408 Byte
20220314 015701.628 INFO             PET1 PIOc_sync Exit - MemInfo: [malloc] Total space held (mmap + non-mmap):          4046848 Byte
20220314 015701.628 INFO             PET1 PIOc_sync Exit - MemInfo: [malloc] Total space used (mmap + non-mmap):          3923616 Byte
20220314 015701.628 INFO             PET1 PIOc_sync Exit - MemInfo: Wall-clock time since execution start:              0.0129114 seconds
20220314 015701.628 INFO             PET1 PIOc_freedecomp Enter - MemInfo: [/proc/meminfo - SSI]	MemTotal:       527077124 kB
20220314 015701.628 INFO             PET1 PIOc_freedecomp Enter - MemInfo: [/proc/meminfo - SSI]	MemFree:        517296896 kB
20220314 015701.628 INFO             PET1 PIOc_freedecomp Enter - MemInfo: [/proc/meminfo - SSI]	MemAvailable:   517698348 kB
20220314 015701.628 INFO             PET1 PIOc_freedecomp Enter - MemInfo: [/proc/meminfo - SSI]	Committed_AS:    1723844 kB
20220314 015701.628 INFO             PET1 PIOc_freedecomp Enter - MemInfo: [/proc/meminfo - SSI]	CommittedPercent: 0.327057 %
20220314 015701.629 INFO             PET1 PIOc_freedecomp Enter - MemInfo: [/proc/self/status]	VmPeak:	  185688 kB
20220314 015701.629 INFO             PET1 PIOc_freedecomp Enter - MemInfo: [/proc/self/status]	VmSize:	  185688 kB
20220314 015701.629 INFO             PET1 PIOc_freedecomp Enter - MemInfo: [/proc/self/status]	VmLck:	       0 kB
20220314 015701.629 INFO             PET1 PIOc_freedecomp Enter - MemInfo: [/proc/self/status]	VmPin:	       0 kB
20220314 015701.629 INFO             PET1 PIOc_freedecomp Enter - MemInfo: [/proc/self/status]	VmHWM:	   27428 kB
20220314 015701.629 INFO             PET1 PIOc_freedecomp Enter - MemInfo: [/proc/self/status]	VmRSS:	   27412 kB
20220314 015701.629 INFO             PET1 PIOc_freedecomp Enter - MemInfo: [/proc/self/status]	VmData:	    8024 kB
20220314 015701.629 INFO             PET1 PIOc_freedecomp Enter - MemInfo: [/proc/self/status]	VmStk:	     156 kB
20220314 015701.629 INFO             PET1 PIOc_freedecomp Enter - MemInfo: [/proc/self/status]	VmExe:	     328 kB
20220314 015701.629 INFO             PET1 PIOc_freedecomp Enter - MemInfo: [/proc/self/status]	VmLib:	  103544 kB
20220314 015701.629 INFO             PET1 PIOc_freedecomp Enter - MemInfo: [/proc/self/status]	VmPTE:	     356 kB
20220314 015701.629 INFO             PET1 PIOc_freedecomp Enter - MemInfo: [/proc/self/status]	VmSwap:	       0 kB
20220314 015701.629 INFO             PET1 PIOc_freedecomp Enter - MemInfo: [/proc/self/status]	VmRSSPercent: 0.00520076 %
20220314 015701.629 INFO             PET1 PIOc_freedecomp Enter - MemInfo: [malloc] Non-mmapped space allocated:                  708608 Byte
20220314 015701.629 INFO             PET1 PIOc_freedecomp Enter - MemInfo: [malloc] Space allocated in mmapped regions:          3338240 Byte
20220314 015701.629 INFO             PET1 PIOc_freedecomp Enter - MemInfo: [malloc] Maximum total allocated space:                     0 Byte
20220314 015701.629 INFO             PET1 PIOc_freedecomp Enter - MemInfo: [malloc] Space in freed fastbin blocks:                    80 Byte
20220314 015701.629 INFO             PET1 PIOc_freedecomp Enter - MemInfo: [malloc] Total allocated space:                        577312 Byte
20220314 015701.629 INFO             PET1 PIOc_freedecomp Enter - MemInfo: [malloc] Total free space:                             131296 Byte
20220314 015701.629 INFO             PET1 PIOc_freedecomp Enter - MemInfo: [malloc] Top-most, releasable space:                   131152 Byte
20220314 015701.629 INFO             PET1 PIOc_freedecomp Enter - MemInfo: [malloc] Total space in use, mmap + non-mmap:         3915552 Byte
20220314 015701.629 INFO             PET1 PIOc_freedecomp Enter - MemInfo: [malloc] Total space held (mmap + non-mmap):          4046848 Byte
20220314 015701.629 INFO             PET1 PIOc_freedecomp Enter - MemInfo: [malloc] Total space used (mmap + non-mmap):          3923760 Byte
20220314 015701.629 INFO             PET1 PIOc_freedecomp Enter - MemInfo: Wall-clock time since execution start:              0.0132232 seconds
20220314 015701.629 INFO             PET1 PIOc_freedecomp Exit - MemInfo: [/proc/meminfo - SSI]	MemTotal:       527077124 kB
20220314 015701.629 INFO             PET1 PIOc_freedecomp Exit - MemInfo: [/proc/meminfo - SSI]	MemFree:        517296896 kB
20220314 015701.629 INFO             PET1 PIOc_freedecomp Exit - MemInfo: [/proc/meminfo - SSI]	MemAvailable:   517698348 kB
20220314 015701.629 INFO             PET1 PIOc_freedecomp Exit - MemInfo: [/proc/meminfo - SSI]	Committed_AS:    1723844 kB
20220314 015701.629 INFO             PET1 PIOc_freedecomp Exit - MemInfo: [/proc/meminfo - SSI]	CommittedPercent: 0.327057 %
20220314 015701.629 INFO             PET1 PIOc_freedecomp Exit - MemInfo: [/proc/self/status]	VmPeak:	  185688 kB
20220314 015701.629 INFO             PET1 PIOc_freedecomp Exit - MemInfo: [/proc/self/status]	VmSize:	  185688 kB
20220314 015701.629 INFO             PET1 PIOc_freedecomp Exit - MemInfo: [/proc/self/status]	VmLck:	       0 kB
20220314 015701.629 INFO             PET1 PIOc_freedecomp Exit - MemInfo: [/proc/self/status]	VmPin:	       0 kB
20220314 015701.629 INFO             PET1 PIOc_freedecomp Exit - MemInfo: [/proc/self/status]	VmHWM:	   27428 kB
20220314 015701.629 INFO             PET1 PIOc_freedecomp Exit - MemInfo: [/proc/self/status]	VmRSS:	   27412 kB
20220314 015701.629 INFO             PET1 PIOc_freedecomp Exit - MemInfo: [/proc/self/status]	VmData:	    8024 kB
20220314 015701.629 INFO             PET1 PIOc_freedecomp Exit - MemInfo: [/proc/self/status]	VmStk:	     156 kB
20220314 015701.629 INFO             PET1 PIOc_freedecomp Exit - MemInfo: [/proc/self/status]	VmExe:	     328 kB
20220314 015701.629 INFO             PET1 PIOc_freedecomp Exit - MemInfo: [/proc/self/status]	VmLib:	  103544 kB
20220314 015701.629 INFO             PET1 PIOc_freedecomp Exit - MemInfo: [/proc/self/status]	VmPTE:	     356 kB
20220314 015701.629 INFO             PET1 PIOc_freedecomp Exit - MemInfo: [/proc/self/status]	VmSwap:	       0 kB
20220314 015701.629 INFO             PET1 PIOc_freedecomp Exit - MemInfo: [/proc/self/status]	VmRSSPercent: 0.00520076 %
20220314 015701.629 INFO             PET1 PIOc_freedecomp Exit - MemInfo: [malloc] Non-mmapped space allocated:                  708608 Byte
20220314 015701.629 INFO             PET1 PIOc_freedecomp Exit - MemInfo: [malloc] Space allocated in mmapped regions:          3338240 Byte
20220314 015701.629 INFO             PET1 PIOc_freedecomp Exit - MemInfo: [malloc] Maximum total allocated space:                     0 Byte
20220314 015701.629 INFO             PET1 PIOc_freedecomp Exit - MemInfo: [malloc] Space in freed fastbin blocks:                   368 Byte
20220314 015701.629 INFO             PET1 PIOc_freedecomp Exit - MemInfo: [malloc] Total allocated space:                        576944 Byte
20220314 015701.629 INFO             PET1 PIOc_freedecomp Exit - MemInfo: [malloc] Total free space:                             131664 Byte
20220314 015701.629 INFO             PET1 PIOc_freedecomp Exit - MemInfo: [malloc] Top-most, releasable space:                   130928 Byte
20220314 015701.629 INFO             PET1 PIOc_freedecomp Exit - MemInfo: [malloc] Total space in use, mmap + non-mmap:         3915184 Byte
20220314 015701.629 INFO             PET1 PIOc_freedecomp Exit - MemInfo: [malloc] Total space held (mmap + non-mmap):          4046848 Byte
20220314 015701.629 INFO             PET1 PIOc_freedecomp Exit - MemInfo: [malloc] Total space used (mmap + non-mmap):          3923392 Byte
20220314 015701.629 INFO             PET1 PIOc_freedecomp Exit - MemInfo: Wall-clock time since execution start:              0.0134272 seconds
20220314 015701.630 INFO             PET1 PIOc_sync Enter - MemInfo: [/proc/meminfo - SSI]	MemTotal:       527077124 kB
20220314 015701.630 INFO             PET1 PIOc_sync Enter - MemInfo: [/proc/meminfo - SSI]	MemFree:        517296444 kB
20220314 015701.630 INFO             PET1 PIOc_sync Enter - MemInfo: [/proc/meminfo - SSI]	MemAvailable:   517697892 kB
20220314 015701.630 INFO             PET1 PIOc_sync Enter - MemInfo: [/proc/meminfo - SSI]	Committed_AS:    1723844 kB
20220314 015701.630 INFO             PET1 PIOc_sync Enter - MemInfo: [/proc/meminfo - SSI]	CommittedPercent: 0.327057 %
20220314 015701.630 INFO             PET1 PIOc_sync Enter - MemInfo: [/proc/self/status]	VmPeak:	  185688 kB
20220314 015701.630 INFO             PET1 PIOc_sync Enter - MemInfo: [/proc/self/status]	VmSize:	  185688 kB
20220314 015701.630 INFO             PET1 PIOc_sync Enter - MemInfo: [/proc/self/status]	VmLck:	       0 kB
20220314 015701.630 INFO             PET1 PIOc_sync Enter - MemInfo: [/proc/self/status]	VmPin:	       0 kB
20220314 015701.630 INFO             PET1 PIOc_sync Enter - MemInfo: [/proc/self/status]	VmHWM:	   27612 kB
20220314 015701.630 INFO             PET1 PIOc_sync Enter - MemInfo: [/proc/self/status]	VmRSS:	   27596 kB
20220314 015701.630 INFO             PET1 PIOc_sync Enter - MemInfo: [/proc/self/status]	VmData:	    8024 kB
20220314 015701.630 INFO             PET1 PIOc_sync Enter - MemInfo: [/proc/self/status]	VmStk:	     156 kB
20220314 015701.630 INFO             PET1 PIOc_sync Enter - MemInfo: [/proc/self/status]	VmExe:	     328 kB
20220314 015701.630 INFO             PET1 PIOc_sync Enter - MemInfo: [/proc/self/status]	VmLib:	  103544 kB
20220314 015701.630 INFO             PET1 PIOc_sync Enter - MemInfo: [/proc/self/status]	VmPTE:	     356 kB
20220314 015701.630 INFO             PET1 PIOc_sync Enter - MemInfo: [/proc/self/status]	VmSwap:	       0 kB
20220314 015701.630 INFO             PET1 PIOc_sync Enter - MemInfo: [/proc/self/status]	VmRSSPercent: 0.00523567 %
20220314 015701.630 INFO             PET1 PIOc_sync Enter - MemInfo: [malloc] Non-mmapped space allocated:                  708608 Byte
20220314 015701.630 INFO             PET1 PIOc_sync Enter - MemInfo: [malloc] Space allocated in mmapped regions:          3338240 Byte
20220314 015701.630 INFO             PET1 PIOc_sync Enter - MemInfo: [malloc] Maximum total allocated space:                     0 Byte
20220314 015701.630 INFO             PET1 PIOc_sync Enter - MemInfo: [malloc] Space in freed fastbin blocks:                     0 Byte
20220314 015701.630 INFO             PET1 PIOc_sync Enter - MemInfo: [malloc] Total allocated space:                        578384 Byte
20220314 015701.630 INFO             PET1 PIOc_sync Enter - MemInfo: [malloc] Total free space:                             130224 Byte
20220314 015701.630 INFO             PET1 PIOc_sync Enter - MemInfo: [malloc] Top-most, releasable space:                   129968 Byte
20220314 015701.630 INFO             PET1 PIOc_sync Enter - MemInfo: [malloc] Total space in use, mmap + non-mmap:         3916624 Byte
20220314 015701.630 INFO             PET1 PIOc_sync Enter - MemInfo: [malloc] Total space held (mmap + non-mmap):          4046848 Byte
20220314 015701.630 INFO             PET1 PIOc_sync Enter - MemInfo: [malloc] Total space used (mmap + non-mmap):          3924832 Byte
20220314 015701.630 INFO             PET1 PIOc_sync Enter - MemInfo: Wall-clock time since execution start:              0.0149711 seconds
20220314 015701.630 INFO             PET1 PIOc_sync Exit - MemInfo: [/proc/meminfo - SSI]	MemTotal:       527077124 kB
20220314 015701.630 INFO             PET1 PIOc_sync Exit - MemInfo: [/proc/meminfo - SSI]	MemFree:        517296444 kB
20220314 015701.631 INFO             PET1 PIOc_sync Exit - MemInfo: [/proc/meminfo - SSI]	MemAvailable:   517697892 kB
20220314 015701.631 INFO             PET1 PIOc_sync Exit - MemInfo: [/proc/meminfo - SSI]	Committed_AS:    1723844 kB
20220314 015701.631 INFO             PET1 PIOc_sync Exit - MemInfo: [/proc/meminfo - SSI]	CommittedPercent: 0.327057 %
20220314 015701.631 INFO             PET1 PIOc_sync Exit - MemInfo: [/proc/self/status]	VmPeak:	  185688 kB
20220314 015701.631 INFO             PET1 PIOc_sync Exit - MemInfo: [/proc/self/status]	VmSize:	  185688 kB
20220314 015701.631 INFO             PET1 PIOc_sync Exit - MemInfo: [/proc/self/status]	VmLck:	       0 kB
20220314 015701.631 INFO             PET1 PIOc_sync Exit - MemInfo: [/proc/self/status]	VmPin:	       0 kB
20220314 015701.631 INFO             PET1 PIOc_sync Exit - MemInfo: [/proc/self/status]	VmHWM:	   27612 kB
20220314 015701.631 INFO             PET1 PIOc_sync Exit - MemInfo: [/proc/self/status]	VmRSS:	   27596 kB
20220314 015701.631 INFO             PET1 PIOc_sync Exit - MemInfo: [/proc/self/status]	VmData:	    8024 kB
20220314 015701.631 INFO             PET1 PIOc_sync Exit - MemInfo: [/proc/self/status]	VmStk:	     156 kB
20220314 015701.631 INFO             PET1 PIOc_sync Exit - MemInfo: [/proc/self/status]	VmExe:	     328 kB
20220314 015701.631 INFO             PET1 PIOc_sync Exit - MemInfo: [/proc/self/status]	VmLib:	  103544 kB
20220314 015701.631 INFO             PET1 PIOc_sync Exit - MemInfo: [/proc/self/status]	VmPTE:	     356 kB
20220314 015701.631 INFO             PET1 PIOc_sync Exit - MemInfo: [/proc/self/status]	VmSwap:	       0 kB
20220314 015701.631 INFO             PET1 PIOc_sync Exit - MemInfo: [/proc/self/status]	VmRSSPercent: 0.00523567 %
20220314 015701.631 INFO             PET1 PIOc_sync Exit - MemInfo: [malloc] Non-mmapped space allocated:                  708608 Byte
20220314 015701.631 INFO             PET1 PIOc_sync Exit - MemInfo: [malloc] Space allocated in mmapped regions:          3338240 Byte
20220314 015701.631 INFO             PET1 PIOc_sync Exit - MemInfo: [malloc] Maximum total allocated space:                     0 Byte
20220314 015701.631 INFO             PET1 PIOc_sync Exit - MemInfo: [malloc] Space in freed fastbin blocks:                     0 Byte
20220314 015701.631 INFO             PET1 PIOc_sync Exit - MemInfo: [malloc] Total allocated space:                        578480 Byte
20220314 015701.631 INFO             PET1 PIOc_sync Exit - MemInfo: [malloc] Total free space:                             130128 Byte
20220314 015701.631 INFO             PET1 PIOc_sync Exit - MemInfo: [malloc] Top-most, releasable space:                   129744 Byte
20220314 015701.631 INFO             PET1 PIOc_sync Exit - MemInfo: [malloc] Total space in use, mmap + non-mmap:         3916720 Byte
20220314 015701.631 INFO             PET1 PIOc_sync Exit - MemInfo: [malloc] Total space held (mmap + non-mmap):          4046848 Byte
20220314 015701.631 INFO             PET1 PIOc_sync Exit - MemInfo: [malloc] Total space used (mmap + non-mmap):          3924928 Byte
20220314 015701.631 INFO             PET1 PIOc_sync Exit - MemInfo: Wall-clock time since execution start:              0.0152404 seconds
20220314 015701.631 INFO             PET1 PIOc_freedecomp Enter - MemInfo: [/proc/meminfo - SSI]	MemTotal:       527077124 kB
20220314 015701.631 INFO             PET1 PIOc_freedecomp Enter - MemInfo: [/proc/meminfo - SSI]	MemFree:        517296444 kB
20220314 015701.631 INFO             PET1 PIOc_freedecomp Enter - MemInfo: [/proc/meminfo - SSI]	MemAvailable:   517697892 kB
20220314 015701.631 INFO             PET1 PIOc_freedecomp Enter - MemInfo: [/proc/meminfo - SSI]	Committed_AS:    1723844 kB
20220314 015701.631 INFO             PET1 PIOc_freedecomp Enter - MemInfo: [/proc/meminfo - SSI]	CommittedPercent: 0.327057 %
20220314 015701.631 INFO             PET1 PIOc_freedecomp Enter - MemInfo: [/proc/self/status]	VmPeak:	  185688 kB
20220314 015701.631 INFO             PET1 PIOc_freedecomp Enter - MemInfo: [/proc/self/status]	VmSize:	  185688 kB
20220314 015701.631 INFO             PET1 PIOc_freedecomp Enter - MemInfo: [/proc/self/status]	VmLck:	       0 kB
20220314 015701.631 INFO             PET1 PIOc_freedecomp Enter - MemInfo: [/proc/self/status]	VmPin:	       0 kB
20220314 015701.631 INFO             PET1 PIOc_freedecomp Enter - MemInfo: [/proc/self/status]	VmHWM:	   27612 kB
20220314 015701.631 INFO             PET1 PIOc_freedecomp Enter - MemInfo: [/proc/self/status]	VmRSS:	   27596 kB
20220314 015701.631 INFO             PET1 PIOc_freedecomp Enter - MemInfo: [/proc/self/status]	VmData:	    8024 kB
20220314 015701.631 INFO             PET1 PIOc_freedecomp Enter - MemInfo: [/proc/self/status]	VmStk:	     156 kB
20220314 015701.631 INFO             PET1 PIOc_freedecomp Enter - MemInfo: [/proc/self/status]	VmExe:	     328 kB
20220314 015701.631 INFO             PET1 PIOc_freedecomp Enter - MemInfo: [/proc/self/status]	VmLib:	  103544 kB
20220314 015701.631 INFO             PET1 PIOc_freedecomp Enter - MemInfo: [/proc/self/status]	VmPTE:	     356 kB
20220314 015701.631 INFO             PET1 PIOc_freedecomp Enter - MemInfo: [/proc/self/status]	VmSwap:	       0 kB
20220314 015701.631 INFO             PET1 PIOc_freedecomp Enter - MemInfo: [/proc/self/status]	VmRSSPercent: 0.00523567 %
20220314 015701.631 INFO             PET1 PIOc_freedecomp Enter - MemInfo: [malloc] Non-mmapped space allocated:                  708608 Byte
20220314 015701.631 INFO             PET1 PIOc_freedecomp Enter - MemInfo: [malloc] Space allocated in mmapped regions:          3338240 Byte
20220314 015701.631 INFO             PET1 PIOc_freedecomp Enter - MemInfo: [malloc] Maximum total allocated space:                     0 Byte
20220314 015701.631 INFO             PET1 PIOc_freedecomp Enter - MemInfo: [malloc] Space in freed fastbin blocks:                    80 Byte
20220314 015701.631 INFO             PET1 PIOc_freedecomp Enter - MemInfo: [malloc] Total allocated space:                        578112 Byte
20220314 015701.631 INFO             PET1 PIOc_freedecomp Enter - MemInfo: [malloc] Total free space:                             130496 Byte
20220314 015701.631 INFO             PET1 PIOc_freedecomp Enter - MemInfo: [malloc] Top-most, releasable space:                   129520 Byte
20220314 015701.631 INFO             PET1 PIOc_freedecomp Enter - MemInfo: [malloc] Total space in use, mmap + non-mmap:         3916352 Byte
20220314 015701.631 INFO             PET1 PIOc_freedecomp Enter - MemInfo: [malloc] Total space held (mmap + non-mmap):          4046848 Byte
20220314 015701.631 INFO             PET1 PIOc_freedecomp Enter - MemInfo: [malloc] Total space used (mmap + non-mmap):          3924560 Byte
20220314 015701.631 INFO             PET1 PIOc_freedecomp Enter - MemInfo: Wall-clock time since execution start:               0.015543 seconds
20220314 015701.631 INFO             PET1 PIOc_freedecomp Exit - MemInfo: [/proc/meminfo - SSI]	MemTotal:       527077124 kB
20220314 015701.631 INFO             PET1 PIOc_freedecomp Exit - MemInfo: [/proc/meminfo - SSI]	MemFree:        517296444 kB
20220314 015701.631 INFO             PET1 PIOc_freedecomp Exit - MemInfo: [/proc/meminfo - SSI]	MemAvailable:   517697892 kB
20220314 015701.631 INFO             PET1 PIOc_freedecomp Exit - MemInfo: [/proc/meminfo - SSI]	Committed_AS:    1723844 kB
20220314 015701.631 INFO             PET1 PIOc_freedecomp Exit - MemInfo: [/proc/meminfo - SSI]	CommittedPercent: 0.327057 %
20220314 015701.631 INFO             PET1 PIOc_freedecomp Exit - MemInfo: [/proc/self/status]	VmPeak:	  185688 kB
20220314 015701.631 INFO             PET1 PIOc_freedecomp Exit - MemInfo: [/proc/self/status]	VmSize:	  185688 kB
20220314 015701.631 INFO             PET1 PIOc_freedecomp Exit - MemInfo: [/proc/self/status]	VmLck:	       0 kB
20220314 015701.631 INFO             PET1 PIOc_freedecomp Exit - MemInfo: [/proc/self/status]	VmPin:	       0 kB
20220314 015701.631 INFO             PET1 PIOc_freedecomp Exit - MemInfo: [/proc/self/status]	VmHWM:	   27612 kB
20220314 015701.631 INFO             PET1 PIOc_freedecomp Exit - MemInfo: [/proc/self/status]	VmRSS:	   27596 kB
20220314 015701.631 INFO             PET1 PIOc_freedecomp Exit - MemInfo: [/proc/self/status]	VmData:	    8024 kB
20220314 015701.631 INFO             PET1 PIOc_freedecomp Exit - MemInfo: [/proc/self/status]	VmStk:	     156 kB
20220314 015701.631 INFO             PET1 PIOc_freedecomp Exit - MemInfo: [/proc/self/status]	VmExe:	     328 kB
20220314 015701.631 INFO             PET1 PIOc_freedecomp Exit - MemInfo: [/proc/self/status]	VmLib:	  103544 kB
20220314 015701.631 INFO             PET1 PIOc_freedecomp Exit - MemInfo: [/proc/self/status]	VmPTE:	     356 kB
20220314 015701.631 INFO             PET1 PIOc_freedecomp Exit - MemInfo: [/proc/self/status]	VmSwap:	       0 kB
20220314 015701.631 INFO             PET1 PIOc_freedecomp Exit - MemInfo: [/proc/self/status]	VmRSSPercent: 0.00523567 %
20220314 015701.631 INFO             PET1 PIOc_freedecomp Exit - MemInfo: [malloc] Non-mmapped space allocated:                  708608 Byte
20220314 015701.631 INFO             PET1 PIOc_freedecomp Exit - MemInfo: [malloc] Space allocated in mmapped regions:          3338240 Byte
20220314 015701.631 INFO             PET1 PIOc_freedecomp Exit - MemInfo: [malloc] Maximum total allocated space:                     0 Byte
20220314 015701.631 INFO             PET1 PIOc_freedecomp Exit - MemInfo: [malloc] Space in freed fastbin blocks:                   368 Byte
20220314 015701.631 INFO             PET1 PIOc_freedecomp Exit - MemInfo: [malloc] Total allocated space:                        577744 Byte
20220314 015701.631 INFO             PET1 PIOc_freedecomp Exit - MemInfo: [malloc] Total free space:                             130864 Byte
20220314 015701.631 INFO             PET1 PIOc_freedecomp Exit - MemInfo: [malloc] Top-most, releasable space:                   129296 Byte
20220314 015701.631 INFO             PET1 PIOc_freedecomp Exit - MemInfo: [malloc] Total space in use, mmap + non-mmap:         3915984 Byte
20220314 015701.631 INFO             PET1 PIOc_freedecomp Exit - MemInfo: [malloc] Total space held (mmap + non-mmap):          4046848 Byte
20220314 015701.631 INFO             PET1 PIOc_freedecomp Exit - MemInfo: [malloc] Total space used (mmap + non-mmap):          3924192 Byte
20220314 015701.631 INFO             PET1 PIOc_freedecomp Exit - MemInfo: Wall-clock time since execution start:              0.0157319 seconds
20220314 015701.631 INFO             PET1  PASS  ESMF_OutputWeightFile, ESMF_IOUTest.F90, line 81
20220314 015701.635 INFO             PET1  PASS  call ESMF_OutputWeightFile with empty factor list on four PETs, ESMF_IOUTest.F90, line 191
20220314 015701.635 INFO             PET1  Ending Test, file ESMF_IOUTest.F90, line 201
20220314 015701.635 INFO             PET1 Finalizing ESMF
20220314 015701.617 INFO             PET2 !!!!!!!!!!!!!!!!!!!!!!!!!!!!!!!!!!!!!!!!!!!!!!!!!!!!!!
20220314 015701.617 INFO             PET2 !!! THE ESMF_LOG IS SET TO OUTPUT ALL LOG MESSAGES !!!
20220314 015701.617 INFO             PET2 !!!     THIS MAY CAUSE SLOWDOWN IN PERFORMANCE     !!!
20220314 015701.617 INFO             PET2 !!! FOR PRODUCTION RUNS, USE:                      !!!
20220314 015701.617 INFO             PET2 !!!                   ESMF_LOGKIND_Multi_On_Error  !!!
20220314 015701.617 INFO             PET2 !!!!!!!!!!!!!!!!!!!!!!!!!!!!!!!!!!!!!!!!!!!!!!!!!!!!!!
20220314 015701.617 INFO             PET2 Running with ESMF Version   : v8.3.0b09-96-g559b459836
20220314 015701.617 INFO             PET2 ESMF library build date/time: "Mar 14 2022" "01:48:51"
20220314 015701.617 INFO             PET2 ESMF library build location : /lfs/h1/emc/ptmp/Mark.Potts/gfortran_10.3.0_mpich3_g_jedwards_pio_update2
20220314 015701.617 INFO             PET2 ESMF_COMM                   : mpich3
20220314 015701.618 INFO             PET2 ESMF_MOAB                   : enabled
20220314 015701.618 INFO             PET2 ESMF_LAPACK                 : enabled
20220314 015701.618 INFO             PET2 ESMF_NETCDF                 : enabled
20220314 015701.618 INFO             PET2 ESMF_PNETCDF                : disabled
20220314 015701.618 INFO             PET2 ESMF_PIO                    : enabled
20220314 015701.618 INFO             PET2 ESMF_YAMLCPP                : enabled
20220314 015701.618 INFO             PET2  Beginning Test, file ESMF_IOUTest.F90, line 57
20220314 015701.618 INFO             PET2  NUMBER_OF_PROCESSORS           4
20220314 015701.618 INFO             PET2 Starting Test:  ESMF_OutputWeightFile
20220314 015701.625 INFO             PET2 PIOc_sync Enter - MemInfo: [/proc/meminfo - SSI]	MemTotal:       527077124 kB
20220314 015701.625 INFO             PET2 PIOc_sync Enter - MemInfo: [/proc/meminfo - SSI]	MemFree:        517294596 kB
20220314 015701.625 INFO             PET2 PIOc_sync Enter - MemInfo: [/proc/meminfo - SSI]	MemAvailable:   517696048 kB
20220314 015701.625 INFO             PET2 PIOc_sync Enter - MemInfo: [/proc/meminfo - SSI]	Committed_AS:    1723492 kB
20220314 015701.625 INFO             PET2 PIOc_sync Enter - MemInfo: [/proc/meminfo - SSI]	CommittedPercent: 0.32699 %
20220314 015701.625 INFO             PET2 PIOc_sync Enter - MemInfo: [/proc/self/status]	VmPeak:	  185688 kB
20220314 015701.625 INFO             PET2 PIOc_sync Enter - MemInfo: [/proc/self/status]	VmSize:	  185688 kB
20220314 015701.625 INFO             PET2 PIOc_sync Enter - MemInfo: [/proc/self/status]	VmLck:	       0 kB
20220314 015701.625 INFO             PET2 PIOc_sync Enter - MemInfo: [/proc/self/status]	VmPin:	       0 kB
20220314 015701.625 INFO             PET2 PIOc_sync Enter - MemInfo: [/proc/self/status]	VmHWM:	   27368 kB
20220314 015701.625 INFO             PET2 PIOc_sync Enter - MemInfo: [/proc/self/status]	VmRSS:	   27368 kB
20220314 015701.625 INFO             PET2 PIOc_sync Enter - MemInfo: [/proc/self/status]	VmData:	    8024 kB
20220314 015701.625 INFO             PET2 PIOc_sync Enter - MemInfo: [/proc/self/status]	VmStk:	     156 kB
20220314 015701.625 INFO             PET2 PIOc_sync Enter - MemInfo: [/proc/self/status]	VmExe:	     328 kB
20220314 015701.625 INFO             PET2 PIOc_sync Enter - MemInfo: [/proc/self/status]	VmLib:	  103544 kB
20220314 015701.625 INFO             PET2 PIOc_sync Enter - MemInfo: [/proc/self/status]	VmPTE:	     364 kB
20220314 015701.625 INFO             PET2 PIOc_sync Enter - MemInfo: [/proc/self/status]	VmSwap:	       0 kB
20220314 015701.625 INFO             PET2 PIOc_sync Enter - MemInfo: [/proc/self/status]	VmRSSPercent: 0.00519241 %
20220314 015701.625 INFO             PET2 PIOc_sync Enter - MemInfo: [malloc] Non-mmapped space allocated:                  708608 Byte
20220314 015701.625 INFO             PET2 PIOc_sync Enter - MemInfo: [malloc] Space allocated in mmapped regions:          3338240 Byte
20220314 015701.625 INFO             PET2 PIOc_sync Enter - MemInfo: [malloc] Maximum total allocated space:                     0 Byte
20220314 015701.625 INFO             PET2 PIOc_sync Enter - MemInfo: [malloc] Space in freed fastbin blocks:                     0 Byte
20220314 015701.625 INFO             PET2 PIOc_sync Enter - MemInfo: [malloc] Total allocated space:                        574272 Byte
20220314 015701.625 INFO             PET2 PIOc_sync Enter - MemInfo: [malloc] Total free space:                             134336 Byte
20220314 015701.625 INFO             PET2 PIOc_sync Enter - MemInfo: [malloc] Top-most, releasable space:                   133488 Byte
20220314 015701.625 INFO             PET2 PIOc_sync Enter - MemInfo: [malloc] Total space in use, mmap + non-mmap:         3912512 Byte
20220314 015701.625 INFO             PET2 PIOc_sync Enter - MemInfo: [malloc] Total space held (mmap + non-mmap):          4046848 Byte
20220314 015701.625 INFO             PET2 PIOc_sync Enter - MemInfo: [malloc] Total space used (mmap + non-mmap):          3921248 Byte
20220314 015701.625 INFO             PET2 PIOc_sync Enter - MemInfo: Wall-clock time since execution start:             0.00965924 seconds
20220314 015701.625 INFO             PET2 PIOc_sync Exit - MemInfo: [/proc/meminfo - SSI]	MemTotal:       527077124 kB
20220314 015701.625 INFO             PET2 PIOc_sync Exit - MemInfo: [/proc/meminfo - SSI]	MemFree:        517294092 kB
20220314 015701.625 INFO             PET2 PIOc_sync Exit - MemInfo: [/proc/meminfo - SSI]	MemAvailable:   517695544 kB
20220314 015701.625 INFO             PET2 PIOc_sync Exit - MemInfo: [/proc/meminfo - SSI]	Committed_AS:    1723776 kB
20220314 015701.625 INFO             PET2 PIOc_sync Exit - MemInfo: [/proc/meminfo - SSI]	CommittedPercent: 0.327044 %
20220314 015701.625 INFO             PET2 PIOc_sync Exit - MemInfo: [/proc/self/status]	VmPeak:	  185688 kB
20220314 015701.625 INFO             PET2 PIOc_sync Exit - MemInfo: [/proc/self/status]	VmSize:	  185688 kB
20220314 015701.625 INFO             PET2 PIOc_sync Exit - MemInfo: [/proc/self/status]	VmLck:	       0 kB
20220314 015701.625 INFO             PET2 PIOc_sync Exit - MemInfo: [/proc/self/status]	VmPin:	       0 kB
20220314 015701.625 INFO             PET2 PIOc_sync Exit - MemInfo: [/proc/self/status]	VmHWM:	   27368 kB
20220314 015701.625 INFO             PET2 PIOc_sync Exit - MemInfo: [/proc/self/status]	VmRSS:	   27368 kB
20220314 015701.625 INFO             PET2 PIOc_sync Exit - MemInfo: [/proc/self/status]	VmData:	    8024 kB
20220314 015701.625 INFO             PET2 PIOc_sync Exit - MemInfo: [/proc/self/status]	VmStk:	     156 kB
20220314 015701.625 INFO             PET2 PIOc_sync Exit - MemInfo: [/proc/self/status]	VmExe:	     328 kB
20220314 015701.625 INFO             PET2 PIOc_sync Exit - MemInfo: [/proc/self/status]	VmLib:	  103544 kB
20220314 015701.625 INFO             PET2 PIOc_sync Exit - MemInfo: [/proc/self/status]	VmPTE:	     364 kB
20220314 015701.625 INFO             PET2 PIOc_sync Exit - MemInfo: [/proc/self/status]	VmSwap:	       0 kB
20220314 015701.625 INFO             PET2 PIOc_sync Exit - MemInfo: [/proc/self/status]	VmRSSPercent: 0.00519241 %
20220314 015701.625 INFO             PET2 PIOc_sync Exit - MemInfo: [malloc] Non-mmapped space allocated:                  708608 Byte
20220314 015701.625 INFO             PET2 PIOc_sync Exit - MemInfo: [malloc] Space allocated in mmapped regions:          3338240 Byte
20220314 015701.625 INFO             PET2 PIOc_sync Exit - MemInfo: [malloc] Maximum total allocated space:                     0 Byte
20220314 015701.625 INFO             PET2 PIOc_sync Exit - MemInfo: [malloc] Space in freed fastbin blocks:                     0 Byte
20220314 015701.625 INFO             PET2 PIOc_sync Exit - MemInfo: [malloc] Total allocated space:                        575248 Byte
20220314 015701.625 INFO             PET2 PIOc_sync Exit - MemInfo: [malloc] Total free space:                             133360 Byte
20220314 015701.625 INFO             PET2 PIOc_sync Exit - MemInfo: [malloc] Top-most, releasable space:                   132736 Byte
20220314 015701.625 INFO             PET2 PIOc_sync Exit - MemInfo: [malloc] Total space in use, mmap + non-mmap:         3913488 Byte
20220314 015701.625 INFO             PET2 PIOc_sync Exit - MemInfo: [malloc] Total space held (mmap + non-mmap):          4046848 Byte
20220314 015701.625 INFO             PET2 PIOc_sync Exit - MemInfo: [malloc] Total space used (mmap + non-mmap):          3921696 Byte
20220314 015701.625 INFO             PET2 PIOc_sync Exit - MemInfo: Wall-clock time since execution start:              0.0100366 seconds
20220314 015701.626 INFO             PET2 PIOc_freedecomp Enter - MemInfo: [/proc/meminfo - SSI]	MemTotal:       527077124 kB
20220314 015701.626 INFO             PET2 PIOc_freedecomp Enter - MemInfo: [/proc/meminfo - SSI]	MemFree:        517301244 kB
20220314 015701.626 INFO             PET2 PIOc_freedecomp Enter - MemInfo: [/proc/meminfo - SSI]	MemAvailable:   517702696 kB
20220314 015701.626 INFO             PET2 PIOc_freedecomp Enter - MemInfo: [/proc/meminfo - SSI]	Committed_AS:    1715064 kB
20220314 015701.626 INFO             PET2 PIOc_freedecomp Enter - MemInfo: [/proc/meminfo - SSI]	CommittedPercent: 0.325391 %
20220314 015701.626 INFO             PET2 PIOc_freedecomp Enter - MemInfo: [/proc/self/status]	VmPeak:	  185688 kB
20220314 015701.626 INFO             PET2 PIOc_freedecomp Enter - MemInfo: [/proc/self/status]	VmSize:	  185688 kB
