build time -- 2022-03-13 03:31:55
20220313 033837.495 INFO             PET0 !!!!!!!!!!!!!!!!!!!!!!!!!!!!!!!!!!!!!!!!!!!!!!!!!!!!!!
20220313 033837.495 INFO             PET0 !!! THE ESMF_LOG IS SET TO OUTPUT ALL LOG MESSAGES !!!
20220313 033837.495 INFO             PET0 !!!     THIS MAY CAUSE SLOWDOWN IN PERFORMANCE     !!!
20220313 033837.495 INFO             PET0 !!! FOR PRODUCTION RUNS, USE:                      !!!
20220313 033837.495 INFO             PET0 !!!                   ESMF_LOGKIND_Multi_On_Error  !!!
20220313 033837.495 INFO             PET0 !!!!!!!!!!!!!!!!!!!!!!!!!!!!!!!!!!!!!!!!!!!!!!!!!!!!!!
20220313 033837.495 INFO             PET0 Running with ESMF Version   : v8.3.0b09-96-g559b459836
20220313 033837.495 INFO             PET0 ESMF library build date/time: "Mar 13 2022" "03:30:54"
20220313 033837.495 INFO             PET0 ESMF library build location : /lfs/h1/emc/ptmp/Mark.Potts/gfortran_10.3.0_mpich3_g_jedwards_pio_update2
20220313 033837.495 INFO             PET0 ESMF_COMM                   : mpich3
20220313 033837.495 INFO             PET0 ESMF_MOAB                   : enabled
20220313 033837.495 INFO             PET0 ESMF_LAPACK                 : enabled
20220313 033837.495 INFO             PET0 ESMF_NETCDF                 : enabled
20220313 033837.495 INFO             PET0 ESMF_PNETCDF                : disabled
20220313 033837.495 INFO             PET0 ESMF_PIO                    : enabled
20220313 033837.495 INFO             PET0 ESMF_YAMLCPP                : enabled
20220313 033837.496 INFO             PET0  Beginning Test, file ESMF_RouteHandleAdvancedUTest.F90, line 346
20220313 033837.496 INFO             PET0  NUMBER_OF_PROCESSORS           4
20220313 033837.504 INFO             PET0 ESMF_FieldRedistStoreNF(): Just entered routine.
20220313 033838.230 INFO             PET0 ESMF_FieldRedistStoreNF(): Leaving routine.
20220313 033838.230 INFO             PET0  PASS  Create RouteHandle for the original petList, ESMF_RouteHandleAdvancedUTest.F90, line 511
20220313 033838.230 INFO             PET0  PASS  Test RouteHandleIsCreated(), ESMF_RouteHandleAdvancedUTest.F90, line 519
20220313 033838.230 INFO             PET0  PASS  Test RouteHandleIsCreated() return value, ESMF_RouteHandleAdvancedUTest.F90, line 526
20220313 033838.230 INFO             PET0  PASS  Test RouteHandleGet(), ESMF_RouteHandleAdvancedUTest.F90, line 534
20220313 033838.234 INFO             PET0  PASS  Test RouteHandleWrite(), ESMF_RouteHandleAdvancedUTest.F90, line 542
20220313 033838.235 INFO             PET0  PASS  Test RouteHandleDestroy(), ESMF_RouteHandleAdvancedUTest.F90, line 550
20220313 033838.236 INFO             PET0  PASS  Test RouteHandleCreate(from file), ESMF_RouteHandleAdvancedUTest.F90, line 558
20220313 033838.237 INFO             PET0  PASS  Apply the read in Routehandle, ESMF_RouteHandleAdvancedUTest.F90, line 567
20220313 033838.237 INFO             PET0  PASS  Test RouteHandleDestroy() for the read in Routehandle, ESMF_RouteHandleAdvancedUTest.F90, line 575
20220313 033838.237 INFO             PET0 ESMF_FieldRedistStoreNF(): Just entered routine.
20220313 033838.956 INFO             PET0 ESMF_FieldRedistStoreNF(): Leaving routine.
20220313 033838.956 INFO             PET0  PASS  Create RouteHandle for the original petList, ESMF_RouteHandleAdvancedUTest.F90, line 585
20220313 033838.956 INFO             PET0  PASS  Transfer RouteHandle to a different petList, ESMF_RouteHandleAdvancedUTest.F90, line 602
20220313 033838.964 INFO             PET0 PIOc_sync Enter - MemInfo: [/proc/meminfo - SSI]	MemTotal:       527077124 kB
20220313 033838.964 INFO             PET0 PIOc_sync Enter - MemInfo: [/proc/meminfo - SSI]	MemFree:        517396976 kB
20220313 033838.964 INFO             PET0 PIOc_sync Enter - MemInfo: [/proc/meminfo - SSI]	MemAvailable:   517751012 kB
20220313 033838.964 INFO             PET0 PIOc_sync Enter - MemInfo: [/proc/meminfo - SSI]	Committed_AS:    1701852 kB
20220313 033838.964 INFO             PET0 PIOc_sync Enter - MemInfo: [/proc/meminfo - SSI]	CommittedPercent: 0.322885 %
20220313 033838.964 INFO             PET0 PIOc_sync Enter - MemInfo: [/proc/self/status]	VmPeak:	  207452 kB
20220313 033838.964 INFO             PET0 PIOc_sync Enter - MemInfo: [/proc/self/status]	VmSize:	  207452 kB
20220313 033838.964 INFO             PET0 PIOc_sync Enter - MemInfo: [/proc/self/status]	VmLck:	       0 kB
20220313 033838.964 INFO             PET0 PIOc_sync Enter - MemInfo: [/proc/self/status]	VmPin:	       0 kB
20220313 033838.964 INFO             PET0 PIOc_sync Enter - MemInfo: [/proc/self/status]	VmHWM:	   49052 kB
20220313 033838.964 INFO             PET0 PIOc_sync Enter - MemInfo: [/proc/self/status]	VmRSS:	   49052 kB
20220313 033838.964 INFO             PET0 PIOc_sync Enter - MemInfo: [/proc/self/status]	VmData:	   29768 kB
20220313 033838.964 INFO             PET0 PIOc_sync Enter - MemInfo: [/proc/self/status]	VmStk:	     156 kB
20220313 033838.964 INFO             PET0 PIOc_sync Enter - MemInfo: [/proc/self/status]	VmExe:	     348 kB
20220313 033838.964 INFO             PET0 PIOc_sync Enter - MemInfo: [/proc/self/status]	VmLib:	  103544 kB
20220313 033838.964 INFO             PET0 PIOc_sync Enter - MemInfo: [/proc/self/status]	VmPTE:	     420 kB
20220313 033838.964 INFO             PET0 PIOc_sync Enter - MemInfo: [/proc/self/status]	VmSwap:	       0 kB
20220313 033838.964 INFO             PET0 PIOc_sync Enter - MemInfo: [/proc/self/status]	VmRSSPercent: 0.00930642 %
20220313 033838.964 INFO             PET0 PIOc_sync Enter - MemInfo: [malloc] Non-mmapped space allocated:                22601728 Byte
20220313 033838.964 INFO             PET0 PIOc_sync Enter - MemInfo: [malloc] Space allocated in mmapped regions:          3710976 Byte
20220313 033838.964 INFO             PET0 PIOc_sync Enter - MemInfo: [malloc] Maximum total allocated space:                     0 Byte
20220313 033838.964 INFO             PET0 PIOc_sync Enter - MemInfo: [malloc] Space in freed fastbin blocks:                     0 Byte
20220313 033838.964 INFO             PET0 PIOc_sync Enter - MemInfo: [malloc] Total allocated space:                      10821744 Byte
20220313 033838.964 INFO             PET0 PIOc_sync Enter - MemInfo: [malloc] Total free space:                           11779984 Byte
20220313 033838.964 INFO             PET0 PIOc_sync Enter - MemInfo: [malloc] Top-most, releasable space:                  7036544 Byte
20220313 033838.964 INFO             PET0 PIOc_sync Enter - MemInfo: [malloc] Total space in use, mmap + non-mmap:        14532720 Byte
20220313 033838.964 INFO             PET0 PIOc_sync Enter - MemInfo: [malloc] Total space held (mmap + non-mmap):         26312704 Byte
20220313 033838.964 INFO             PET0 PIOc_sync Enter - MemInfo: [malloc] Total space used (mmap + non-mmap):         14542016 Byte
20220313 033838.965 INFO             PET0 PIOc_sync Enter - MemInfo: Wall-clock time since execution start:                1.47162 seconds
20220313 033838.965 INFO             PET0 PIOc_sync Exit - MemInfo: [/proc/meminfo - SSI]	MemTotal:       527077124 kB
20220313 033838.965 INFO             PET0 PIOc_sync Exit - MemInfo: [/proc/meminfo - SSI]	MemFree:        517396976 kB
20220313 033838.965 INFO             PET0 PIOc_sync Exit - MemInfo: [/proc/meminfo - SSI]	MemAvailable:   517751012 kB
20220313 033838.965 INFO             PET0 PIOc_sync Exit - MemInfo: [/proc/meminfo - SSI]	Committed_AS:    1701852 kB
20220313 033838.965 INFO             PET0 PIOc_sync Exit - MemInfo: [/proc/meminfo - SSI]	CommittedPercent: 0.322885 %
20220313 033838.965 INFO             PET0 PIOc_sync Exit - MemInfo: [/proc/self/status]	VmPeak:	  207452 kB
20220313 033838.965 INFO             PET0 PIOc_sync Exit - MemInfo: [/proc/self/status]	VmSize:	  207452 kB
20220313 033838.965 INFO             PET0 PIOc_sync Exit - MemInfo: [/proc/self/status]	VmLck:	       0 kB
20220313 033838.965 INFO             PET0 PIOc_sync Exit - MemInfo: [/proc/self/status]	VmPin:	       0 kB
20220313 033838.965 INFO             PET0 PIOc_sync Exit - MemInfo: [/proc/self/status]	VmHWM:	   49052 kB
20220313 033838.965 INFO             PET0 PIOc_sync Exit - MemInfo: [/proc/self/status]	VmRSS:	   49052 kB
20220313 033838.965 INFO             PET0 PIOc_sync Exit - MemInfo: [/proc/self/status]	VmData:	   29768 kB
20220313 033838.965 INFO             PET0 PIOc_sync Exit - MemInfo: [/proc/self/status]	VmStk:	     156 kB
20220313 033838.965 INFO             PET0 PIOc_sync Exit - MemInfo: [/proc/self/status]	VmExe:	     348 kB
20220313 033838.965 INFO             PET0 PIOc_sync Exit - MemInfo: [/proc/self/status]	VmLib:	  103544 kB
20220313 033838.965 INFO             PET0 PIOc_sync Exit - MemInfo: [/proc/self/status]	VmPTE:	     420 kB
20220313 033838.965 INFO             PET0 PIOc_sync Exit - MemInfo: [/proc/self/status]	VmSwap:	       0 kB
20220313 033838.965 INFO             PET0 PIOc_sync Exit - MemInfo: [/proc/self/status]	VmRSSPercent: 0.00930642 %
20220313 033838.965 INFO             PET0 PIOc_sync Exit - MemInfo: [malloc] Non-mmapped space allocated:                22601728 Byte
20220313 033838.965 INFO             PET0 PIOc_sync Exit - MemInfo: [malloc] Space allocated in mmapped regions:          3710976 Byte
20220313 033838.965 INFO             PET0 PIOc_sync Exit - MemInfo: [malloc] Maximum total allocated space:                     0 Byte
20220313 033838.965 INFO             PET0 PIOc_sync Exit - MemInfo: [malloc] Space in freed fastbin blocks:                     0 Byte
20220313 033838.965 INFO             PET0 PIOc_sync Exit - MemInfo: [malloc] Total allocated space:                      11177168 Byte
20220313 033838.965 INFO             PET0 PIOc_sync Exit - MemInfo: [malloc] Total free space:                           11424560 Byte
20220313 033838.965 INFO             PET0 PIOc_sync Exit - MemInfo: [malloc] Top-most, releasable space:                  7036544 Byte
20220313 033838.965 INFO             PET0 PIOc_sync Exit - MemInfo: [malloc] Total space in use, mmap + non-mmap:        14888144 Byte
20220313 033838.965 INFO             PET0 PIOc_sync Exit - MemInfo: [malloc] Total space held (mmap + non-mmap):         26312704 Byte
20220313 033838.965 INFO             PET0 PIOc_sync Exit - MemInfo: [malloc] Total space used (mmap + non-mmap):         14896352 Byte
20220313 033838.965 INFO             PET0 PIOc_sync Exit - MemInfo: Wall-clock time since execution start:                1.47195 seconds
20220313 033838.965 INFO             PET0 PIOc_freedecomp Enter - MemInfo: [/proc/meminfo - SSI]	MemTotal:       527077124 kB
20220313 033838.965 INFO             PET0 PIOc_freedecomp Enter - MemInfo: [/proc/meminfo - SSI]	MemFree:        517396976 kB
20220313 033838.965 INFO             PET0 PIOc_freedecomp Enter - MemInfo: [/proc/meminfo - SSI]	MemAvailable:   517751012 kB
20220313 033838.965 INFO             PET0 PIOc_freedecomp Enter - MemInfo: [/proc/meminfo - SSI]	Committed_AS:    1701852 kB
20220313 033838.965 INFO             PET0 PIOc_freedecomp Enter - MemInfo: [/proc/meminfo - SSI]	CommittedPercent: 0.322885 %
20220313 033838.965 INFO             PET0 PIOc_freedecomp Enter - MemInfo: [/proc/self/status]	VmPeak:	  207452 kB
20220313 033838.965 INFO             PET0 PIOc_freedecomp Enter - MemInfo: [/proc/self/status]	VmSize:	  207452 kB
20220313 033838.965 INFO             PET0 PIOc_freedecomp Enter - MemInfo: [/proc/self/status]	VmLck:	       0 kB
20220313 033838.965 INFO             PET0 PIOc_freedecomp Enter - MemInfo: [/proc/self/status]	VmPin:	       0 kB
20220313 033838.965 INFO             PET0 PIOc_freedecomp Enter - MemInfo: [/proc/self/status]	VmHWM:	   49052 kB
20220313 033838.965 INFO             PET0 PIOc_freedecomp Enter - MemInfo: [/proc/self/status]	VmRSS:	   49052 kB
20220313 033838.965 INFO             PET0 PIOc_freedecomp Enter - MemInfo: [/proc/self/status]	VmData:	   29768 kB
20220313 033838.965 INFO             PET0 PIOc_freedecomp Enter - MemInfo: [/proc/self/status]	VmStk:	     156 kB
20220313 033838.965 INFO             PET0 PIOc_freedecomp Enter - MemInfo: [/proc/self/status]	VmExe:	     348 kB
20220313 033838.965 INFO             PET0 PIOc_freedecomp Enter - MemInfo: [/proc/self/status]	VmLib:	  103544 kB
20220313 033838.965 INFO             PET0 PIOc_freedecomp Enter - MemInfo: [/proc/self/status]	VmPTE:	     420 kB
20220313 033838.965 INFO             PET0 PIOc_freedecomp Enter - MemInfo: [/proc/self/status]	VmSwap:	       0 kB
20220313 033838.965 INFO             PET0 PIOc_freedecomp Enter - MemInfo: [/proc/self/status]	VmRSSPercent: 0.00930642 %
20220313 033838.965 INFO             PET0 PIOc_freedecomp Enter - MemInfo: [malloc] Non-mmapped space allocated:                22601728 Byte
20220313 033838.965 INFO             PET0 PIOc_freedecomp Enter - MemInfo: [malloc] Space allocated in mmapped regions:          3710976 Byte
20220313 033838.965 INFO             PET0 PIOc_freedecomp Enter - MemInfo: [malloc] Maximum total allocated space:                     0 Byte
20220313 033838.965 INFO             PET0 PIOc_freedecomp Enter - MemInfo: [malloc] Space in freed fastbin blocks:                   192 Byte
20220313 033838.965 INFO             PET0 PIOc_freedecomp Enter - MemInfo: [malloc] Total allocated space:                       2253440 Byte
20220313 033838.965 INFO             PET0 PIOc_freedecomp Enter - MemInfo: [malloc] Total free space:                           20348288 Byte
20220313 033838.965 INFO             PET0 PIOc_freedecomp Enter - MemInfo: [malloc] Top-most, releasable space:                 15425168 Byte
20220313 033838.965 INFO             PET0 PIOc_freedecomp Enter - MemInfo: [malloc] Total space in use, mmap + non-mmap:         5964416 Byte
20220313 033838.965 INFO             PET0 PIOc_freedecomp Enter - MemInfo: [malloc] Total space held (mmap + non-mmap):         26312704 Byte
20220313 033838.965 INFO             PET0 PIOc_freedecomp Enter - MemInfo: [malloc] Total space used (mmap + non-mmap):          5972624 Byte
20220313 033838.965 INFO             PET0 PIOc_freedecomp Enter - MemInfo: Wall-clock time since execution start:                1.47232 seconds
20220313 033838.965 INFO             PET0 PIOc_freedecomp Exit - MemInfo: [/proc/meminfo - SSI]	MemTotal:       527077124 kB
20220313 033838.965 INFO             PET0 PIOc_freedecomp Exit - MemInfo: [/proc/meminfo - SSI]	MemFree:        517396976 kB
20220313 033838.965 INFO             PET0 PIOc_freedecomp Exit - MemInfo: [/proc/meminfo - SSI]	MemAvailable:   517751012 kB
20220313 033838.965 INFO             PET0 PIOc_freedecomp Exit - MemInfo: [/proc/meminfo - SSI]	Committed_AS:    1701852 kB
20220313 033838.965 INFO             PET0 PIOc_freedecomp Exit - MemInfo: [/proc/meminfo - SSI]	CommittedPercent: 0.322885 %
20220313 033838.965 INFO             PET0 PIOc_freedecomp Exit - MemInfo: [/proc/self/status]	VmPeak:	  207452 kB
20220313 033838.965 INFO             PET0 PIOc_freedecomp Exit - MemInfo: [/proc/self/status]	VmSize:	  207452 kB
20220313 033838.965 INFO             PET0 PIOc_freedecomp Exit - MemInfo: [/proc/self/status]	VmLck:	       0 kB
20220313 033838.965 INFO             PET0 PIOc_freedecomp Exit - MemInfo: [/proc/self/status]	VmPin:	       0 kB
20220313 033838.965 INFO             PET0 PIOc_freedecomp Exit - MemInfo: [/proc/self/status]	VmHWM:	   49052 kB
20220313 033838.965 INFO             PET0 PIOc_freedecomp Exit - MemInfo: [/proc/self/status]	VmRSS:	   49052 kB
20220313 033838.965 INFO             PET0 PIOc_freedecomp Exit - MemInfo: [/proc/self/status]	VmData:	   29768 kB
20220313 033838.965 INFO             PET0 PIOc_freedecomp Exit - MemInfo: [/proc/self/status]	VmStk:	     156 kB
20220313 033838.965 INFO             PET0 PIOc_freedecomp Exit - MemInfo: [/proc/self/status]	VmExe:	     348 kB
20220313 033838.965 INFO             PET0 PIOc_freedecomp Exit - MemInfo: [/proc/self/status]	VmLib:	  103544 kB
20220313 033838.965 INFO             PET0 PIOc_freedecomp Exit - MemInfo: [/proc/self/status]	VmPTE:	     420 kB
20220313 033838.965 INFO             PET0 PIOc_freedecomp Exit - MemInfo: [/proc/self/status]	VmSwap:	       0 kB
20220313 033838.965 INFO             PET0 PIOc_freedecomp Exit - MemInfo: [/proc/self/status]	VmRSSPercent: 0.00930642 %
20220313 033838.965 INFO             PET0 PIOc_freedecomp Exit - MemInfo: [malloc] Non-mmapped space allocated:                22601728 Byte
20220313 033838.965 INFO             PET0 PIOc_freedecomp Exit - MemInfo: [malloc] Space allocated in mmapped regions:          3710976 Byte
20220313 033838.965 INFO             PET0 PIOc_freedecomp Exit - MemInfo: [malloc] Maximum total allocated space:                     0 Byte
20220313 033838.965 INFO             PET0 PIOc_freedecomp Exit - MemInfo: [malloc] Space in freed fastbin blocks:                   608 Byte
20220313 033838.965 INFO             PET0 PIOc_freedecomp Exit - MemInfo: [malloc] Total allocated space:                       2253056 Byte
20220313 033838.965 INFO             PET0 PIOc_freedecomp Exit - MemInfo: [malloc] Total free space:                           20348672 Byte
20220313 033838.965 INFO             PET0 PIOc_freedecomp Exit - MemInfo: [malloc] Top-most, releasable space:                 15425168 Byte
20220313 033838.965 INFO             PET0 PIOc_freedecomp Exit - MemInfo: [malloc] Total space in use, mmap + non-mmap:         5964032 Byte
20220313 033838.965 INFO             PET0 PIOc_freedecomp Exit - MemInfo: [malloc] Total space held (mmap + non-mmap):         26312704 Byte
20220313 033838.965 INFO             PET0 PIOc_freedecomp Exit - MemInfo: [malloc] Total space used (mmap + non-mmap):          5972240 Byte
20220313 033838.965 INFO             PET0 PIOc_freedecomp Exit - MemInfo: Wall-clock time since execution start:                1.47252 seconds
20220313 033838.967 INFO             PET0 PIOc_sync Enter - MemInfo: [/proc/meminfo - SSI]	MemTotal:       527077124 kB
20220313 033838.967 INFO             PET0 PIOc_sync Enter - MemInfo: [/proc/meminfo - SSI]	MemFree:        517396976 kB
20220313 033838.967 INFO             PET0 PIOc_sync Enter - MemInfo: [/proc/meminfo - SSI]	MemAvailable:   517751012 kB
20220313 033838.967 INFO             PET0 PIOc_sync Enter - MemInfo: [/proc/meminfo - SSI]	Committed_AS:    1701852 kB
20220313 033838.967 INFO             PET0 PIOc_sync Enter - MemInfo: [/proc/meminfo - SSI]	CommittedPercent: 0.322885 %
20220313 033838.967 INFO             PET0 PIOc_sync Enter - MemInfo: [/proc/self/status]	VmPeak:	  207452 kB
20220313 033838.967 INFO             PET0 PIOc_sync Enter - MemInfo: [/proc/self/status]	VmSize:	  207452 kB
20220313 033838.967 INFO             PET0 PIOc_sync Enter - MemInfo: [/proc/self/status]	VmLck:	       0 kB
20220313 033838.967 INFO             PET0 PIOc_sync Enter - MemInfo: [/proc/self/status]	VmPin:	       0 kB
20220313 033838.967 INFO             PET0 PIOc_sync Enter - MemInfo: [/proc/self/status]	VmHWM:	   49572 kB
20220313 033838.967 INFO             PET0 PIOc_sync Enter - MemInfo: [/proc/self/status]	VmRSS:	   49548 kB
20220313 033838.967 INFO             PET0 PIOc_sync Enter - MemInfo: [/proc/self/status]	VmData:	   29768 kB
20220313 033838.967 INFO             PET0 PIOc_sync Enter - MemInfo: [/proc/self/status]	VmStk:	     156 kB
20220313 033838.967 INFO             PET0 PIOc_sync Enter - MemInfo: [/proc/self/status]	VmExe:	     348 kB
20220313 033838.967 INFO             PET0 PIOc_sync Enter - MemInfo: [/proc/self/status]	VmLib:	  103544 kB
20220313 033838.967 INFO             PET0 PIOc_sync Enter - MemInfo: [/proc/self/status]	VmPTE:	     420 kB
20220313 033838.967 INFO             PET0 PIOc_sync Enter - MemInfo: [/proc/self/status]	VmSwap:	       0 kB
20220313 033838.967 INFO             PET0 PIOc_sync Enter - MemInfo: [/proc/self/status]	VmRSSPercent: 0.00940052 %
20220313 033838.967 INFO             PET0 PIOc_sync Enter - MemInfo: [malloc] Non-mmapped space allocated:                22601728 Byte
20220313 033838.967 INFO             PET0 PIOc_sync Enter - MemInfo: [malloc] Space allocated in mmapped regions:          3710976 Byte
20220313 033838.967 INFO             PET0 PIOc_sync Enter - MemInfo: [malloc] Maximum total allocated space:                     0 Byte
20220313 033838.967 INFO             PET0 PIOc_sync Enter - MemInfo: [malloc] Space in freed fastbin blocks:                   416 Byte
20220313 033838.967 INFO             PET0 PIOc_sync Enter - MemInfo: [malloc] Total allocated space:                      11179424 Byte
20220313 033838.967 INFO             PET0 PIOc_sync Enter - MemInfo: [malloc] Total free space:                           11422304 Byte
20220313 033838.967 INFO             PET0 PIOc_sync Enter - MemInfo: [malloc] Top-most, releasable space:                  7036544 Byte
20220313 033838.967 INFO             PET0 PIOc_sync Enter - MemInfo: [malloc] Total space in use, mmap + non-mmap:        14890400 Byte
20220313 033838.967 INFO             PET0 PIOc_sync Enter - MemInfo: [malloc] Total space held (mmap + non-mmap):         26312704 Byte
20220313 033838.967 INFO             PET0 PIOc_sync Enter - MemInfo: [malloc] Total space used (mmap + non-mmap):         14898608 Byte
20220313 033838.967 INFO             PET0 PIOc_sync Enter - MemInfo: Wall-clock time since execution start:                 1.4743 seconds
20220313 033838.967 INFO             PET0 PIOc_sync Exit - MemInfo: [/proc/meminfo - SSI]	MemTotal:       527077124 kB
20220313 033838.967 INFO             PET0 PIOc_sync Exit - MemInfo: [/proc/meminfo - SSI]	MemFree:        517396976 kB
20220313 033838.967 INFO             PET0 PIOc_sync Exit - MemInfo: [/proc/meminfo - SSI]	MemAvailable:   517751012 kB
20220313 033838.967 INFO             PET0 PIOc_sync Exit - MemInfo: [/proc/meminfo - SSI]	Committed_AS:    1701852 kB
20220313 033838.967 INFO             PET0 PIOc_sync Exit - MemInfo: [/proc/meminfo - SSI]	CommittedPercent: 0.322885 %
20220313 033838.967 INFO             PET0 PIOc_sync Exit - MemInfo: [/proc/self/status]	VmPeak:	  207452 kB
20220313 033838.967 INFO             PET0 PIOc_sync Exit - MemInfo: [/proc/self/status]	VmSize:	  207452 kB
20220313 033838.967 INFO             PET0 PIOc_sync Exit - MemInfo: [/proc/self/status]	VmLck:	       0 kB
20220313 033838.967 INFO             PET0 PIOc_sync Exit - MemInfo: [/proc/self/status]	VmPin:	       0 kB
20220313 033838.967 INFO             PET0 PIOc_sync Exit - MemInfo: [/proc/self/status]	VmHWM:	   49572 kB
20220313 033838.967 INFO             PET0 PIOc_sync Exit - MemInfo: [/proc/self/status]	VmRSS:	   49548 kB
20220313 033838.967 INFO             PET0 PIOc_sync Exit - MemInfo: [/proc/self/status]	VmData:	   29768 kB
20220313 033838.967 INFO             PET0 PIOc_sync Exit - MemInfo: [/proc/self/status]	VmStk:	     156 kB
20220313 033838.967 INFO             PET0 PIOc_sync Exit - MemInfo: [/proc/self/status]	VmExe:	     348 kB
20220313 033838.967 INFO             PET0 PIOc_sync Exit - MemInfo: [/proc/self/status]	VmLib:	  103544 kB
20220313 033838.967 INFO             PET0 PIOc_sync Exit - MemInfo: [/proc/self/status]	VmPTE:	     420 kB
20220313 033838.967 INFO             PET0 PIOc_sync Exit - MemInfo: [/proc/self/status]	VmSwap:	       0 kB
20220313 033838.967 INFO             PET0 PIOc_sync Exit - MemInfo: [/proc/self/status]	VmRSSPercent: 0.00940052 %
20220313 033838.967 INFO             PET0 PIOc_sync Exit - MemInfo: [malloc] Non-mmapped space allocated:                22601728 Byte
20220313 033838.967 INFO             PET0 PIOc_sync Exit - MemInfo: [malloc] Space allocated in mmapped regions:          3710976 Byte
20220313 033838.967 INFO             PET0 PIOc_sync Exit - MemInfo: [malloc] Maximum total allocated space:                     0 Byte
20220313 033838.967 INFO             PET0 PIOc_sync Exit - MemInfo: [malloc] Space in freed fastbin blocks:                    32 Byte
20220313 033838.967 INFO             PET0 PIOc_sync Exit - MemInfo: [malloc] Total allocated space:                      11180320 Byte
20220313 033838.967 INFO             PET0 PIOc_sync Exit - MemInfo: [malloc] Total free space:                           11421408 Byte
20220313 033838.967 INFO             PET0 PIOc_sync Exit - MemInfo: [malloc] Top-most, releasable space:                  7036544 Byte
20220313 033838.967 INFO             PET0 PIOc_sync Exit - MemInfo: [malloc] Total space in use, mmap + non-mmap:        14891296 Byte
20220313 033838.967 INFO             PET0 PIOc_sync Exit - MemInfo: [malloc] Total space held (mmap + non-mmap):         26312704 Byte
20220313 033838.967 INFO             PET0 PIOc_sync Exit - MemInfo: [malloc] Total space used (mmap + non-mmap):         14899504 Byte
20220313 033838.967 INFO             PET0 PIOc_sync Exit - MemInfo: Wall-clock time since execution start:                1.47456 seconds
20220313 033838.968 INFO             PET0 PIOc_freedecomp Enter - MemInfo: [/proc/meminfo - SSI]	MemTotal:       527077124 kB
20220313 033838.968 INFO             PET0 PIOc_freedecomp Enter - MemInfo: [/proc/meminfo - SSI]	MemFree:        517396976 kB
20220313 033838.968 INFO             PET0 PIOc_freedecomp Enter - MemInfo: [/proc/meminfo - SSI]	MemAvailable:   517751012 kB
20220313 033838.968 INFO             PET0 PIOc_freedecomp Enter - MemInfo: [/proc/meminfo - SSI]	Committed_AS:    1701852 kB
20220313 033838.968 INFO             PET0 PIOc_freedecomp Enter - MemInfo: [/proc/meminfo - SSI]	CommittedPercent: 0.322885 %
20220313 033838.968 INFO             PET0 PIOc_freedecomp Enter - MemInfo: [/proc/self/status]	VmPeak:	  207452 kB
20220313 033838.968 INFO             PET0 PIOc_freedecomp Enter - MemInfo: [/proc/self/status]	VmSize:	  207452 kB
20220313 033838.968 INFO             PET0 PIOc_freedecomp Enter - MemInfo: [/proc/self/status]	VmLck:	       0 kB
20220313 033838.968 INFO             PET0 PIOc_freedecomp Enter - MemInfo: [/proc/self/status]	VmPin:	       0 kB
20220313 033838.968 INFO             PET0 PIOc_freedecomp Enter - MemInfo: [/proc/self/status]	VmHWM:	   49572 kB
20220313 033838.968 INFO             PET0 PIOc_freedecomp Enter - MemInfo: [/proc/self/status]	VmRSS:	   49548 kB
20220313 033838.968 INFO             PET0 PIOc_freedecomp Enter - MemInfo: [/proc/self/status]	VmData:	   29768 kB
20220313 033838.968 INFO             PET0 PIOc_freedecomp Enter - MemInfo: [/proc/self/status]	VmStk:	     156 kB
20220313 033838.968 INFO             PET0 PIOc_freedecomp Enter - MemInfo: [/proc/self/status]	VmExe:	     348 kB
20220313 033838.968 INFO             PET0 PIOc_freedecomp Enter - MemInfo: [/proc/self/status]	VmLib:	  103544 kB
20220313 033838.968 INFO             PET0 PIOc_freedecomp Enter - MemInfo: [/proc/self/status]	VmPTE:	     420 kB
20220313 033838.968 INFO             PET0 PIOc_freedecomp Enter - MemInfo: [/proc/self/status]	VmSwap:	       0 kB
20220313 033838.968 INFO             PET0 PIOc_freedecomp Enter - MemInfo: [/proc/self/status]	VmRSSPercent: 0.00940052 %
20220313 033838.968 INFO             PET0 PIOc_freedecomp Enter - MemInfo: [malloc] Non-mmapped space allocated:                22601728 Byte
20220313 033838.968 INFO             PET0 PIOc_freedecomp Enter - MemInfo: [malloc] Space allocated in mmapped regions:          3710976 Byte
20220313 033838.968 INFO             PET0 PIOc_freedecomp Enter - MemInfo: [malloc] Maximum total allocated space:                     0 Byte
20220313 033838.968 INFO             PET0 PIOc_freedecomp Enter - MemInfo: [malloc] Space in freed fastbin blocks:                   272 Byte
20220313 033838.968 INFO             PET0 PIOc_freedecomp Enter - MemInfo: [malloc] Total allocated space:                       2255968 Byte
20220313 033838.968 INFO             PET0 PIOc_freedecomp Enter - MemInfo: [malloc] Total free space:                           20345760 Byte
20220313 033838.968 INFO             PET0 PIOc_freedecomp Enter - MemInfo: [malloc] Top-most, releasable space:                 15425168 Byte
20220313 033838.968 INFO             PET0 PIOc_freedecomp Enter - MemInfo: [malloc] Total space in use, mmap + non-mmap:         5966944 Byte
20220313 033838.968 INFO             PET0 PIOc_freedecomp Enter - MemInfo: [malloc] Total space held (mmap + non-mmap):         26312704 Byte
20220313 033838.968 INFO             PET0 PIOc_freedecomp Enter - MemInfo: [malloc] Total space used (mmap + non-mmap):          5975152 Byte
20220313 033838.968 INFO             PET0 PIOc_freedecomp Enter - MemInfo: Wall-clock time since execution start:                1.47488 seconds
20220313 033838.968 INFO             PET0 PIOc_freedecomp Exit - MemInfo: [/proc/meminfo - SSI]	MemTotal:       527077124 kB
20220313 033838.968 INFO             PET0 PIOc_freedecomp Exit - MemInfo: [/proc/meminfo - SSI]	MemFree:        517396976 kB
20220313 033838.968 INFO             PET0 PIOc_freedecomp Exit - MemInfo: [/proc/meminfo - SSI]	MemAvailable:   517751012 kB
20220313 033838.968 INFO             PET0 PIOc_freedecomp Exit - MemInfo: [/proc/meminfo - SSI]	Committed_AS:    1701852 kB
20220313 033838.968 INFO             PET0 PIOc_freedecomp Exit - MemInfo: [/proc/meminfo - SSI]	CommittedPercent: 0.322885 %
20220313 033838.968 INFO             PET0 PIOc_freedecomp Exit - MemInfo: [/proc/self/status]	VmPeak:	  207452 kB
20220313 033838.968 INFO             PET0 PIOc_freedecomp Exit - MemInfo: [/proc/self/status]	VmSize:	  207452 kB
20220313 033838.968 INFO             PET0 PIOc_freedecomp Exit - MemInfo: [/proc/self/status]	VmLck:	       0 kB
20220313 033838.968 INFO             PET0 PIOc_freedecomp Exit - MemInfo: [/proc/self/status]	VmPin:	       0 kB
20220313 033838.968 INFO             PET0 PIOc_freedecomp Exit - MemInfo: [/proc/self/status]	VmHWM:	   49572 kB
20220313 033838.968 INFO             PET0 PIOc_freedecomp Exit - MemInfo: [/proc/self/status]	VmRSS:	   49548 kB
20220313 033838.968 INFO             PET0 PIOc_freedecomp Exit - MemInfo: [/proc/self/status]	VmData:	   29768 kB
20220313 033838.968 INFO             PET0 PIOc_freedecomp Exit - MemInfo: [/proc/self/status]	VmStk:	     156 kB
20220313 033838.968 INFO             PET0 PIOc_freedecomp Exit - MemInfo: [/proc/self/status]	VmExe:	     348 kB
20220313 033838.968 INFO             PET0 PIOc_freedecomp Exit - MemInfo: [/proc/self/status]	VmLib:	  103544 kB
20220313 033838.968 INFO             PET0 PIOc_freedecomp Exit - MemInfo: [/proc/self/status]	VmPTE:	     420 kB
20220313 033838.968 INFO             PET0 PIOc_freedecomp Exit - MemInfo: [/proc/self/status]	VmSwap:	       0 kB
20220313 033838.968 INFO             PET0 PIOc_freedecomp Exit - MemInfo: [/proc/self/status]	VmRSSPercent: 0.00940052 %
20220313 033838.968 INFO             PET0 PIOc_freedecomp Exit - MemInfo: [malloc] Non-mmapped space allocated:                22601728 Byte
20220313 033838.968 INFO             PET0 PIOc_freedecomp Exit - MemInfo: [malloc] Space allocated in mmapped regions:          3710976 Byte
20220313 033838.968 INFO             PET0 PIOc_freedecomp Exit - MemInfo: [malloc] Maximum total allocated space:                     0 Byte
20220313 033838.968 INFO             PET0 PIOc_freedecomp Exit - MemInfo: [malloc] Space in freed fastbin blocks:                   720 Byte
20220313 033838.968 INFO             PET0 PIOc_freedecomp Exit - MemInfo: [malloc] Total allocated space:                       2255024 Byte
20220313 033838.968 INFO             PET0 PIOc_freedecomp Exit - MemInfo: [malloc] Total free space:                           20346704 Byte
20220313 033838.968 INFO             PET0 PIOc_freedecomp Exit - MemInfo: [malloc] Top-most, releasable space:                 15425168 Byte
20220313 033838.968 INFO             PET0 PIOc_freedecomp Exit - MemInfo: [malloc] Total space in use, mmap + non-mmap:         5966000 Byte
20220313 033838.968 INFO             PET0 PIOc_freedecomp Exit - MemInfo: [malloc] Total space held (mmap + non-mmap):         26312704 Byte
20220313 033838.968 INFO             PET0 PIOc_freedecomp Exit - MemInfo: [malloc] Total space used (mmap + non-mmap):          5974208 Byte
20220313 033838.968 INFO             PET0 PIOc_freedecomp Exit - MemInfo: Wall-clock time since execution start:                1.47509 seconds
20220313 033838.969 INFO             PET0 PIOc_sync Enter - MemInfo: [/proc/meminfo - SSI]	MemTotal:       527077124 kB
20220313 033838.969 INFO             PET0 PIOc_sync Enter - MemInfo: [/proc/meminfo - SSI]	MemFree:        517396976 kB
20220313 033838.969 INFO             PET0 PIOc_sync Enter - MemInfo: [/proc/meminfo - SSI]	MemAvailable:   517751012 kB
20220313 033838.969 INFO             PET0 PIOc_sync Enter - MemInfo: [/proc/meminfo - SSI]	Committed_AS:    1701852 kB
20220313 033838.969 INFO             PET0 PIOc_sync Enter - MemInfo: [/proc/meminfo - SSI]	CommittedPercent: 0.322885 %
20220313 033838.969 INFO             PET0 PIOc_sync Enter - MemInfo: [/proc/self/status]	VmPeak:	  207452 kB
20220313 033838.969 INFO             PET0 PIOc_sync Enter - MemInfo: [/proc/self/status]	VmSize:	  207452 kB
20220313 033838.969 INFO             PET0 PIOc_sync Enter - MemInfo: [/proc/self/status]	VmLck:	       0 kB
20220313 033838.969 INFO             PET0 PIOc_sync Enter - MemInfo: [/proc/self/status]	VmPin:	       0 kB
20220313 033838.969 INFO             PET0 PIOc_sync Enter - MemInfo: [/proc/self/status]	VmHWM:	   49584 kB
20220313 033838.969 INFO             PET0 PIOc_sync Enter - MemInfo: [/proc/self/status]	VmRSS:	   49560 kB
20220313 033838.969 INFO             PET0 PIOc_sync Enter - MemInfo: [/proc/self/status]	VmData:	   29768 kB
20220313 033838.969 INFO             PET0 PIOc_sync Enter - MemInfo: [/proc/self/status]	VmStk:	     156 kB
20220313 033838.969 INFO             PET0 PIOc_sync Enter - MemInfo: [/proc/self/status]	VmExe:	     348 kB
20220313 033838.969 INFO             PET0 PIOc_sync Enter - MemInfo: [/proc/self/status]	VmLib:	  103544 kB
20220313 033838.969 INFO             PET0 PIOc_sync Enter - MemInfo: [/proc/self/status]	VmPTE:	     420 kB
20220313 033838.969 INFO             PET0 PIOc_sync Enter - MemInfo: [/proc/self/status]	VmSwap:	       0 kB
20220313 033838.969 INFO             PET0 PIOc_sync Enter - MemInfo: [/proc/self/status]	VmRSSPercent: 0.0094028 %
20220313 033838.969 INFO             PET0 PIOc_sync Enter - MemInfo: [malloc] Non-mmapped space allocated:                22601728 Byte
20220313 033838.969 INFO             PET0 PIOc_sync Enter - MemInfo: [malloc] Space allocated in mmapped regions:          3710976 Byte
20220313 033838.969 INFO             PET0 PIOc_sync Enter - MemInfo: [malloc] Maximum total allocated space:                     0 Byte
20220313 033838.969 INFO             PET0 PIOc_sync Enter - MemInfo: [malloc] Space in freed fastbin blocks:                   672 Byte
20220313 033838.969 INFO             PET0 PIOc_sync Enter - MemInfo: [malloc] Total allocated space:                      11181696 Byte
20220313 033838.969 INFO             PET0 PIOc_sync Enter - MemInfo: [malloc] Total free space:                           11420032 Byte
20220313 033838.969 INFO             PET0 PIOc_sync Enter - MemInfo: [malloc] Top-most, releasable space:                  7036544 Byte
20220313 033838.969 INFO             PET0 PIOc_sync Enter - MemInfo: [malloc] Total space in use, mmap + non-mmap:        14892672 Byte
20220313 033838.969 INFO             PET0 PIOc_sync Enter - MemInfo: [malloc] Total space held (mmap + non-mmap):         26312704 Byte
20220313 033838.969 INFO             PET0 PIOc_sync Enter - MemInfo: [malloc] Total space used (mmap + non-mmap):         14900992 Byte
20220313 033838.969 INFO             PET0 PIOc_sync Enter - MemInfo: Wall-clock time since execution start:                1.47648 seconds
20220313 033838.969 INFO             PET0 PIOc_sync Exit - MemInfo: [/proc/meminfo - SSI]	MemTotal:       527077124 kB
20220313 033838.969 INFO             PET0 PIOc_sync Exit - MemInfo: [/proc/meminfo - SSI]	MemFree:        517396976 kB
20220313 033838.969 INFO             PET0 PIOc_sync Exit - MemInfo: [/proc/meminfo - SSI]	MemAvailable:   517751012 kB
20220313 033838.969 INFO             PET0 PIOc_sync Exit - MemInfo: [/proc/meminfo - SSI]	Committed_AS:    1701852 kB
20220313 033838.969 INFO             PET0 PIOc_sync Exit - MemInfo: [/proc/meminfo - SSI]	CommittedPercent: 0.322885 %
20220313 033838.969 INFO             PET0 PIOc_sync Exit - MemInfo: [/proc/self/status]	VmPeak:	  207452 kB
20220313 033838.969 INFO             PET0 PIOc_sync Exit - MemInfo: [/proc/self/status]	VmSize:	  207452 kB
20220313 033838.969 INFO             PET0 PIOc_sync Exit - MemInfo: [/proc/self/status]	VmLck:	       0 kB
20220313 033838.969 INFO             PET0 PIOc_sync Exit - MemInfo: [/proc/self/status]	VmPin:	       0 kB
20220313 033838.970 INFO             PET0 PIOc_sync Exit - MemInfo: [/proc/self/status]	VmHWM:	   49584 kB
20220313 033838.970 INFO             PET0 PIOc_sync Exit - MemInfo: [/proc/self/status]	VmRSS:	   49560 kB
20220313 033838.970 INFO             PET0 PIOc_sync Exit - MemInfo: [/proc/self/status]	VmData:	   29768 kB
20220313 033838.970 INFO             PET0 PIOc_sync Exit - MemInfo: [/proc/self/status]	VmStk:	     156 kB
20220313 033838.970 INFO             PET0 PIOc_sync Exit - MemInfo: [/proc/self/status]	VmExe:	     348 kB
20220313 033838.970 INFO             PET0 PIOc_sync Exit - MemInfo: [/proc/self/status]	VmLib:	  103544 kB
20220313 033838.970 INFO             PET0 PIOc_sync Exit - MemInfo: [/proc/self/status]	VmPTE:	     420 kB
20220313 033838.970 INFO             PET0 PIOc_sync Exit - MemInfo: [/proc/self/status]	VmSwap:	       0 kB
20220313 033838.970 INFO             PET0 PIOc_sync Exit - MemInfo: [/proc/self/status]	VmRSSPercent: 0.0094028 %
20220313 033838.970 INFO             PET0 PIOc_sync Exit - MemInfo: [malloc] Non-mmapped space allocated:                22601728 Byte
20220313 033838.970 INFO             PET0 PIOc_sync Exit - MemInfo: [malloc] Space allocated in mmapped regions:          3710976 Byte
20220313 033838.970 INFO             PET0 PIOc_sync Exit - MemInfo: [malloc] Maximum total allocated space:                     0 Byte
20220313 033838.970 INFO             PET0 PIOc_sync Exit - MemInfo: [malloc] Space in freed fastbin blocks:                    64 Byte
20220313 033838.970 INFO             PET0 PIOc_sync Exit - MemInfo: [malloc] Total allocated space:                      11182480 Byte
20220313 033838.970 INFO             PET0 PIOc_sync Exit - MemInfo: [malloc] Total free space:                           11419248 Byte
20220313 033838.970 INFO             PET0 PIOc_sync Exit - MemInfo: [malloc] Top-most, releasable space:                  7036544 Byte
20220313 033838.970 INFO             PET0 PIOc_sync Exit - MemInfo: [malloc] Total space in use, mmap + non-mmap:        14893456 Byte
20220313 033838.970 INFO             PET0 PIOc_sync Exit - MemInfo: [malloc] Total space held (mmap + non-mmap):         26312704 Byte
20220313 033838.970 INFO             PET0 PIOc_sync Exit - MemInfo: [malloc] Total space used (mmap + non-mmap):         14901664 Byte
20220313 033838.970 INFO             PET0 PIOc_sync Exit - MemInfo: Wall-clock time since execution start:                1.47674 seconds
20220313 033838.970 INFO             PET0 PIOc_freedecomp Enter - MemInfo: [/proc/meminfo - SSI]	MemTotal:       527077124 kB
20220313 033838.970 INFO             PET0 PIOc_freedecomp Enter - MemInfo: [/proc/meminfo - SSI]	MemFree:        517396976 kB
20220313 033838.970 INFO             PET0 PIOc_freedecomp Enter - MemInfo: [/proc/meminfo - SSI]	MemAvailable:   517751012 kB
20220313 033838.970 INFO             PET0 PIOc_freedecomp Enter - MemInfo: [/proc/meminfo - SSI]	Committed_AS:    1701852 kB
20220313 033838.970 INFO             PET0 PIOc_freedecomp Enter - MemInfo: [/proc/meminfo - SSI]	CommittedPercent: 0.322885 %
20220313 033838.970 INFO             PET0 PIOc_freedecomp Enter - MemInfo: [/proc/self/status]	VmPeak:	  207452 kB
20220313 033838.970 INFO             PET0 PIOc_freedecomp Enter - MemInfo: [/proc/self/status]	VmSize:	  207452 kB
20220313 033838.970 INFO             PET0 PIOc_freedecomp Enter - MemInfo: [/proc/self/status]	VmLck:	       0 kB
20220313 033838.970 INFO             PET0 PIOc_freedecomp Enter - MemInfo: [/proc/self/status]	VmPin:	       0 kB
20220313 033838.970 INFO             PET0 PIOc_freedecomp Enter - MemInfo: [/proc/self/status]	VmHWM:	   49584 kB
20220313 033838.970 INFO             PET0 PIOc_freedecomp Enter - MemInfo: [/proc/self/status]	VmRSS:	   49560 kB
20220313 033838.970 INFO             PET0 PIOc_freedecomp Enter - MemInfo: [/proc/self/status]	VmData:	   29768 kB
20220313 033838.970 INFO             PET0 PIOc_freedecomp Enter - MemInfo: [/proc/self/status]	VmStk:	     156 kB
20220313 033838.970 INFO             PET0 PIOc_freedecomp Enter - MemInfo: [/proc/self/status]	VmExe:	     348 kB
20220313 033838.970 INFO             PET0 PIOc_freedecomp Enter - MemInfo: [/proc/self/status]	VmLib:	  103544 kB
20220313 033838.970 INFO             PET0 PIOc_freedecomp Enter - MemInfo: [/proc/self/status]	VmPTE:	     420 kB
20220313 033838.970 INFO             PET0 PIOc_freedecomp Enter - MemInfo: [/proc/self/status]	VmSwap:	       0 kB
20220313 033838.970 INFO             PET0 PIOc_freedecomp Enter - MemInfo: [/proc/self/status]	VmRSSPercent: 0.0094028 %
20220313 033838.970 INFO             PET0 PIOc_freedecomp Enter - MemInfo: [malloc] Non-mmapped space allocated:                22601728 Byte
20220313 033838.970 INFO             PET0 PIOc_freedecomp Enter - MemInfo: [malloc] Space allocated in mmapped regions:          3710976 Byte
20220313 033838.970 INFO             PET0 PIOc_freedecomp Enter - MemInfo: [malloc] Maximum total allocated space:                     0 Byte
20220313 033838.970 INFO             PET0 PIOc_freedecomp Enter - MemInfo: [malloc] Space in freed fastbin blocks:                   272 Byte
20220313 033838.970 INFO             PET0 PIOc_freedecomp Enter - MemInfo: [malloc] Total allocated space:                       2256800 Byte
20220313 033838.970 INFO             PET0 PIOc_freedecomp Enter - MemInfo: [malloc] Total free space:                           20344928 Byte
20220313 033838.970 INFO             PET0 PIOc_freedecomp Enter - MemInfo: [malloc] Top-most, releasable space:                 15425168 Byte
20220313 033838.970 INFO             PET0 PIOc_freedecomp Enter - MemInfo: [malloc] Total space in use, mmap + non-mmap:         5967776 Byte
20220313 033838.970 INFO             PET0 PIOc_freedecomp Enter - MemInfo: [malloc] Total space held (mmap + non-mmap):         26312704 Byte
20220313 033838.970 INFO             PET0 PIOc_freedecomp Enter - MemInfo: [malloc] Total space used (mmap + non-mmap):          5975984 Byte
20220313 033838.970 INFO             PET0 PIOc_freedecomp Enter - MemInfo: Wall-clock time since execution start:                1.47708 seconds
20220313 033838.970 INFO             PET0 PIOc_freedecomp Exit - MemInfo: [/proc/meminfo - SSI]	MemTotal:       527077124 kB
20220313 033838.970 INFO             PET0 PIOc_freedecomp Exit - MemInfo: [/proc/meminfo - SSI]	MemFree:        517396976 kB
20220313 033838.970 INFO             PET0 PIOc_freedecomp Exit - MemInfo: [/proc/meminfo - SSI]	MemAvailable:   517751012 kB
20220313 033838.970 INFO             PET0 PIOc_freedecomp Exit - MemInfo: [/proc/meminfo - SSI]	Committed_AS:    1701852 kB
20220313 033838.970 INFO             PET0 PIOc_freedecomp Exit - MemInfo: [/proc/meminfo - SSI]	CommittedPercent: 0.322885 %
20220313 033838.970 INFO             PET0 PIOc_freedecomp Exit - MemInfo: [/proc/self/status]	VmPeak:	  207452 kB
20220313 033838.970 INFO             PET0 PIOc_freedecomp Exit - MemInfo: [/proc/self/status]	VmSize:	  207452 kB
20220313 033838.970 INFO             PET0 PIOc_freedecomp Exit - MemInfo: [/proc/self/status]	VmLck:	       0 kB
20220313 033838.970 INFO             PET0 PIOc_freedecomp Exit - MemInfo: [/proc/self/status]	VmPin:	       0 kB
20220313 033838.970 INFO             PET0 PIOc_freedecomp Exit - MemInfo: [/proc/self/status]	VmHWM:	   49584 kB
20220313 033838.970 INFO             PET0 PIOc_freedecomp Exit - MemInfo: [/proc/self/status]	VmRSS:	   49560 kB
20220313 033838.970 INFO             PET0 PIOc_freedecomp Exit - MemInfo: [/proc/self/status]	VmData:	   29768 kB
20220313 033838.970 INFO             PET0 PIOc_freedecomp Exit - MemInfo: [/proc/self/status]	VmStk:	     156 kB
20220313 033838.970 INFO             PET0 PIOc_freedecomp Exit - MemInfo: [/proc/self/status]	VmExe:	     348 kB
20220313 033838.970 INFO             PET0 PIOc_freedecomp Exit - MemInfo: [/proc/self/status]	VmLib:	  103544 kB
20220313 033838.970 INFO             PET0 PIOc_freedecomp Exit - MemInfo: [/proc/self/status]	VmPTE:	     420 kB
20220313 033838.970 INFO             PET0 PIOc_freedecomp Exit - MemInfo: [/proc/self/status]	VmSwap:	       0 kB
20220313 033838.970 INFO             PET0 PIOc_freedecomp Exit - MemInfo: [/proc/self/status]	VmRSSPercent: 0.0094028 %
20220313 033838.970 INFO             PET0 PIOc_freedecomp Exit - MemInfo: [malloc] Non-mmapped space allocated:                22601728 Byte
20220313 033838.970 INFO             PET0 PIOc_freedecomp Exit - MemInfo: [malloc] Space allocated in mmapped regions:          3710976 Byte
20220313 033838.970 INFO             PET0 PIOc_freedecomp Exit - MemInfo: [malloc] Maximum total allocated space:                     0 Byte
20220313 033838.970 INFO             PET0 PIOc_freedecomp Exit - MemInfo: [malloc] Space in freed fastbin blocks:                   784 Byte
20220313 033838.970 INFO             PET0 PIOc_freedecomp Exit - MemInfo: [malloc] Total allocated space:                       2255568 Byte
20220313 033838.970 INFO             PET0 PIOc_freedecomp Exit - MemInfo: [malloc] Total free space:                           20346160 Byte
20220313 033838.970 INFO             PET0 PIOc_freedecomp Exit - MemInfo: [malloc] Top-most, releasable space:                 15425168 Byte
20220313 033838.970 INFO             PET0 PIOc_freedecomp Exit - MemInfo: [malloc] Total space in use, mmap + non-mmap:         5966544 Byte
20220313 033838.970 INFO             PET0 PIOc_freedecomp Exit - MemInfo: [malloc] Total space held (mmap + non-mmap):         26312704 Byte
20220313 033838.970 INFO             PET0 PIOc_freedecomp Exit - MemInfo: [malloc] Total space used (mmap + non-mmap):          5974752 Byte
20220313 033838.970 INFO             PET0 PIOc_freedecomp Exit - MemInfo: Wall-clock time since execution start:                1.47728 seconds
20220313 033838.971 INFO             PET0 PIOc_sync Enter - MemInfo: [/proc/meminfo - SSI]	MemTotal:       527077124 kB
20220313 033838.971 INFO             PET0 PIOc_sync Enter - MemInfo: [/proc/meminfo - SSI]	MemFree:        517396976 kB
20220313 033838.971 INFO             PET0 PIOc_sync Enter - MemInfo: [/proc/meminfo - SSI]	MemAvailable:   517751012 kB
20220313 033838.971 INFO             PET0 PIOc_sync Enter - MemInfo: [/proc/meminfo - SSI]	Committed_AS:    1701852 kB
20220313 033838.971 INFO             PET0 PIOc_sync Enter - MemInfo: [/proc/meminfo - SSI]	CommittedPercent: 0.322885 %
20220313 033838.971 INFO             PET0 PIOc_sync Enter - MemInfo: [/proc/self/status]	VmPeak:	  207452 kB
20220313 033838.971 INFO             PET0 PIOc_sync Enter - MemInfo: [/proc/self/status]	VmSize:	  207452 kB
20220313 033838.971 INFO             PET0 PIOc_sync Enter - MemInfo: [/proc/self/status]	VmLck:	       0 kB
20220313 033838.971 INFO             PET0 PIOc_sync Enter - MemInfo: [/proc/self/status]	VmPin:	       0 kB
20220313 033838.971 INFO             PET0 PIOc_sync Enter - MemInfo: [/proc/self/status]	VmHWM:	   49596 kB
20220313 033838.971 INFO             PET0 PIOc_sync Enter - MemInfo: [/proc/self/status]	VmRSS:	   49572 kB
20220313 033838.971 INFO             PET0 PIOc_sync Enter - MemInfo: [/proc/self/status]	VmData:	   29768 kB
20220313 033838.971 INFO             PET0 PIOc_sync Enter - MemInfo: [/proc/self/status]	VmStk:	     156 kB
20220313 033838.971 INFO             PET0 PIOc_sync Enter - MemInfo: [/proc/self/status]	VmExe:	     348 kB
20220313 033838.971 INFO             PET0 PIOc_sync Enter - MemInfo: [/proc/self/status]	VmLib:	  103544 kB
20220313 033838.971 INFO             PET0 PIOc_sync Enter - MemInfo: [/proc/self/status]	VmPTE:	     420 kB
20220313 033838.972 INFO             PET0 PIOc_sync Enter - MemInfo: [/proc/self/status]	VmSwap:	       0 kB
20220313 033838.972 INFO             PET0 PIOc_sync Enter - MemInfo: [/proc/self/status]	VmRSSPercent: 0.00940508 %
20220313 033838.972 INFO             PET0 PIOc_sync Enter - MemInfo: [malloc] Non-mmapped space allocated:                22601728 Byte
20220313 033838.972 INFO             PET0 PIOc_sync Enter - MemInfo: [malloc] Space allocated in mmapped regions:          3710976 Byte
20220313 033838.972 INFO             PET0 PIOc_sync Enter - MemInfo: [malloc] Maximum total allocated space:                     0 Byte
20220313 033838.972 INFO             PET0 PIOc_sync Enter - MemInfo: [malloc] Space in freed fastbin blocks:                  1536 Byte
20220313 033838.972 INFO             PET0 PIOc_sync Enter - MemInfo: [malloc] Total allocated space:                      11182944 Byte
20220313 033838.972 INFO             PET0 PIOc_sync Enter - MemInfo: [malloc] Total free space:                           11418784 Byte
20220313 033838.972 INFO             PET0 PIOc_sync Enter - MemInfo: [malloc] Top-most, releasable space:                  7036544 Byte
20220313 033838.972 INFO             PET0 PIOc_sync Enter - MemInfo: [malloc] Total space in use, mmap + non-mmap:        14893920 Byte
20220313 033838.972 INFO             PET0 PIOc_sync Enter - MemInfo: [malloc] Total space held (mmap + non-mmap):         26312704 Byte
20220313 033838.972 INFO             PET0 PIOc_sync Enter - MemInfo: [malloc] Total space used (mmap + non-mmap):         14902128 Byte
20220313 033838.972 INFO             PET0 PIOc_sync Enter - MemInfo: Wall-clock time since execution start:                1.47871 seconds
20220313 033838.972 INFO             PET0 PIOc_sync Exit - MemInfo: [/proc/meminfo - SSI]	MemTotal:       527077124 kB
20220313 033838.972 INFO             PET0 PIOc_sync Exit - MemInfo: [/proc/meminfo - SSI]	MemFree:        517396976 kB
20220313 033838.972 INFO             PET0 PIOc_sync Exit - MemInfo: [/proc/meminfo - SSI]	MemAvailable:   517751012 kB
20220313 033838.972 INFO             PET0 PIOc_sync Exit - MemInfo: [/proc/meminfo - SSI]	Committed_AS:    1701852 kB
20220313 033838.972 INFO             PET0 PIOc_sync Exit - MemInfo: [/proc/meminfo - SSI]	CommittedPercent: 0.322885 %
20220313 033838.972 INFO             PET0 PIOc_sync Exit - MemInfo: [/proc/self/status]	VmPeak:	  207452 kB
20220313 033838.972 INFO             PET0 PIOc_sync Exit - MemInfo: [/proc/self/status]	VmSize:	  207452 kB
20220313 033838.972 INFO             PET0 PIOc_sync Exit - MemInfo: [/proc/self/status]	VmLck:	       0 kB
20220313 033838.972 INFO             PET0 PIOc_sync Exit - MemInfo: [/proc/self/status]	VmPin:	       0 kB
20220313 033838.972 INFO             PET0 PIOc_sync Exit - MemInfo: [/proc/self/status]	VmHWM:	   49596 kB
20220313 033838.972 INFO             PET0 PIOc_sync Exit - MemInfo: [/proc/self/status]	VmRSS:	   49572 kB
20220313 033838.972 INFO             PET0 PIOc_sync Exit - MemInfo: [/proc/self/status]	VmData:	   29768 kB
20220313 033838.972 INFO             PET0 PIOc_sync Exit - MemInfo: [/proc/self/status]	VmStk:	     156 kB
20220313 033838.972 INFO             PET0 PIOc_sync Exit - MemInfo: [/proc/self/status]	VmExe:	     348 kB
20220313 033838.972 INFO             PET0 PIOc_sync Exit - MemInfo: [/proc/self/status]	VmLib:	  103544 kB
20220313 033838.972 INFO             PET0 PIOc_sync Exit - MemInfo: [/proc/self/status]	VmPTE:	     420 kB
20220313 033838.972 INFO             PET0 PIOc_sync Exit - MemInfo: [/proc/self/status]	VmSwap:	       0 kB
20220313 033838.972 INFO             PET0 PIOc_sync Exit - MemInfo: [/proc/self/status]	VmRSSPercent: 0.00940508 %
20220313 033838.972 INFO             PET0 PIOc_sync Exit - MemInfo: [malloc] Non-mmapped space allocated:                22601728 Byte
20220313 033838.972 INFO             PET0 PIOc_sync Exit - MemInfo: [malloc] Space allocated in mmapped regions:          3710976 Byte
20220313 033838.972 INFO             PET0 PIOc_sync Exit - MemInfo: [malloc] Maximum total allocated space:                     0 Byte
20220313 033838.972 INFO             PET0 PIOc_sync Exit - MemInfo: [malloc] Space in freed fastbin blocks:                   128 Byte
20220313 033838.972 INFO             PET0 PIOc_sync Exit - MemInfo: [malloc] Total allocated space:                      11183808 Byte
20220313 033838.972 INFO             PET0 PIOc_sync Exit - MemInfo: [malloc] Total free space:                           11417920 Byte
20220313 033838.972 INFO             PET0 PIOc_sync Exit - MemInfo: [malloc] Top-most, releasable space:                  7036544 Byte
20220313 033838.972 INFO             PET0 PIOc_sync Exit - MemInfo: [malloc] Total space in use, mmap + non-mmap:        14894784 Byte
20220313 033838.972 INFO             PET0 PIOc_sync Exit - MemInfo: [malloc] Total space held (mmap + non-mmap):         26312704 Byte
20220313 033838.972 INFO             PET0 PIOc_sync Exit - MemInfo: [malloc] Total space used (mmap + non-mmap):         14902992 Byte
20220313 033838.972 INFO             PET0 PIOc_sync Exit - MemInfo: Wall-clock time since execution start:                1.47897 seconds
20220313 033838.972 INFO             PET0 PIOc_freedecomp Enter - MemInfo: [/proc/meminfo - SSI]	MemTotal:       527077124 kB
20220313 033838.972 INFO             PET0 PIOc_freedecomp Enter - MemInfo: [/proc/meminfo - SSI]	MemFree:        517396976 kB
20220313 033838.972 INFO             PET0 PIOc_freedecomp Enter - MemInfo: [/proc/meminfo - SSI]	MemAvailable:   517751012 kB
20220313 033838.972 INFO             PET0 PIOc_freedecomp Enter - MemInfo: [/proc/meminfo - SSI]	Committed_AS:    1701852 kB
20220313 033838.972 INFO             PET0 PIOc_freedecomp Enter - MemInfo: [/proc/meminfo - SSI]	CommittedPercent: 0.322885 %
20220313 033838.972 INFO             PET0 PIOc_freedecomp Enter - MemInfo: [/proc/self/status]	VmPeak:	  207452 kB
20220313 033838.972 INFO             PET0 PIOc_freedecomp Enter - MemInfo: [/proc/self/status]	VmSize:	  207452 kB
20220313 033838.972 INFO             PET0 PIOc_freedecomp Enter - MemInfo: [/proc/self/status]	VmLck:	       0 kB
20220313 033838.972 INFO             PET0 PIOc_freedecomp Enter - MemInfo: [/proc/self/status]	VmPin:	       0 kB
20220313 033838.972 INFO             PET0 PIOc_freedecomp Enter - MemInfo: [/proc/self/status]	VmHWM:	   49596 kB
20220313 033838.972 INFO             PET0 PIOc_freedecomp Enter - MemInfo: [/proc/self/status]	VmRSS:	   49572 kB
20220313 033838.972 INFO             PET0 PIOc_freedecomp Enter - MemInfo: [/proc/self/status]	VmData:	   29768 kB
20220313 033838.972 INFO             PET0 PIOc_freedecomp Enter - MemInfo: [/proc/self/status]	VmStk:	     156 kB
20220313 033838.972 INFO             PET0 PIOc_freedecomp Enter - MemInfo: [/proc/self/status]	VmExe:	     348 kB
20220313 033838.972 INFO             PET0 PIOc_freedecomp Enter - MemInfo: [/proc/self/status]	VmLib:	  103544 kB
20220313 033838.972 INFO             PET0 PIOc_freedecomp Enter - MemInfo: [/proc/self/status]	VmPTE:	     420 kB
20220313 033838.972 INFO             PET0 PIOc_freedecomp Enter - MemInfo: [/proc/self/status]	VmSwap:	       0 kB
20220313 033838.972 INFO             PET0 PIOc_freedecomp Enter - MemInfo: [/proc/self/status]	VmRSSPercent: 0.00940508 %
20220313 033838.972 INFO             PET0 PIOc_freedecomp Enter - MemInfo: [malloc] Non-mmapped space allocated:                22601728 Byte
20220313 033838.972 INFO             PET0 PIOc_freedecomp Enter - MemInfo: [malloc] Space allocated in mmapped regions:          3710976 Byte
20220313 033838.972 INFO             PET0 PIOc_freedecomp Enter - MemInfo: [malloc] Maximum total allocated space:                     0 Byte
20220313 033838.972 INFO             PET0 PIOc_freedecomp Enter - MemInfo: [malloc] Space in freed fastbin blocks:                   272 Byte
20220313 033838.972 INFO             PET0 PIOc_freedecomp Enter - MemInfo: [malloc] Total allocated space:                       2257536 Byte
20220313 033838.972 INFO             PET0 PIOc_freedecomp Enter - MemInfo: [malloc] Total free space:                           20344192 Byte
20220313 033838.972 INFO             PET0 PIOc_freedecomp Enter - MemInfo: [malloc] Top-most, releasable space:                 15425168 Byte
20220313 033838.972 INFO             PET0 PIOc_freedecomp Enter - MemInfo: [malloc] Total space in use, mmap + non-mmap:         5968512 Byte
20220313 033838.972 INFO             PET0 PIOc_freedecomp Enter - MemInfo: [malloc] Total space held (mmap + non-mmap):         26312704 Byte
20220313 033838.972 INFO             PET0 PIOc_freedecomp Enter - MemInfo: [malloc] Total space used (mmap + non-mmap):          5976720 Byte
20220313 033838.972 INFO             PET0 PIOc_freedecomp Enter - MemInfo: Wall-clock time since execution start:                1.47929 seconds
20220313 033838.972 INFO             PET0 PIOc_freedecomp Exit - MemInfo: [/proc/meminfo - SSI]	MemTotal:       527077124 kB
20220313 033838.972 INFO             PET0 PIOc_freedecomp Exit - MemInfo: [/proc/meminfo - SSI]	MemFree:        517396976 kB
20220313 033838.972 INFO             PET0 PIOc_freedecomp Exit - MemInfo: [/proc/meminfo - SSI]	MemAvailable:   517751012 kB
20220313 033838.972 INFO             PET0 PIOc_freedecomp Exit - MemInfo: [/proc/meminfo - SSI]	Committed_AS:    1701852 kB
20220313 033838.972 INFO             PET0 PIOc_freedecomp Exit - MemInfo: [/proc/meminfo - SSI]	CommittedPercent: 0.322885 %
20220313 033838.972 INFO             PET0 PIOc_freedecomp Exit - MemInfo: [/proc/self/status]	VmPeak:	  207452 kB
20220313 033838.972 INFO             PET0 PIOc_freedecomp Exit - MemInfo: [/proc/self/status]	VmSize:	  207452 kB
20220313 033838.972 INFO             PET0 PIOc_freedecomp Exit - MemInfo: [/proc/self/status]	VmLck:	       0 kB
20220313 033838.972 INFO             PET0 PIOc_freedecomp Exit - MemInfo: [/proc/self/status]	VmPin:	       0 kB
20220313 033838.972 INFO             PET0 PIOc_freedecomp Exit - MemInfo: [/proc/self/status]	VmHWM:	   49596 kB
20220313 033838.972 INFO             PET0 PIOc_freedecomp Exit - MemInfo: [/proc/self/status]	VmRSS:	   49572 kB
20220313 033838.972 INFO             PET0 PIOc_freedecomp Exit - MemInfo: [/proc/self/status]	VmData:	   29768 kB
20220313 033838.972 INFO             PET0 PIOc_freedecomp Exit - MemInfo: [/proc/self/status]	VmStk:	     156 kB
20220313 033838.972 INFO             PET0 PIOc_freedecomp Exit - MemInfo: [/proc/self/status]	VmExe:	     348 kB
20220313 033838.972 INFO             PET0 PIOc_freedecomp Exit - MemInfo: [/proc/self/status]	VmLib:	  103544 kB
20220313 033838.972 INFO             PET0 PIOc_freedecomp Exit - MemInfo: [/proc/self/status]	VmPTE:	     420 kB
20220313 033838.972 INFO             PET0 PIOc_freedecomp Exit - MemInfo: [/proc/self/status]	VmSwap:	       0 kB
20220313 033838.972 INFO             PET0 PIOc_freedecomp Exit - MemInfo: [/proc/self/status]	VmRSSPercent: 0.00940508 %
20220313 033838.972 INFO             PET0 PIOc_freedecomp Exit - MemInfo: [malloc] Non-mmapped space allocated:                22601728 Byte
20220313 033838.972 INFO             PET0 PIOc_freedecomp Exit - MemInfo: [malloc] Space allocated in mmapped regions:          3710976 Byte
20220313 033838.972 INFO             PET0 PIOc_freedecomp Exit - MemInfo: [malloc] Maximum total allocated space:                     0 Byte
20220313 033838.972 INFO             PET0 PIOc_freedecomp Exit - MemInfo: [malloc] Space in freed fastbin blocks:                   992 Byte
20220313 033838.972 INFO             PET0 PIOc_freedecomp Exit - MemInfo: [malloc] Total allocated space:                       2256240 Byte
20220313 033838.972 INFO             PET0 PIOc_freedecomp Exit - MemInfo: [malloc] Total free space:                           20345488 Byte
20220313 033838.972 INFO             PET0 PIOc_freedecomp Exit - MemInfo: [malloc] Top-most, releasable space:                 15425168 Byte
20220313 033838.972 INFO             PET0 PIOc_freedecomp Exit - MemInfo: [malloc] Total space in use, mmap + non-mmap:         5967216 Byte
20220313 033838.972 INFO             PET0 PIOc_freedecomp Exit - MemInfo: [malloc] Total space held (mmap + non-mmap):         26312704 Byte
20220313 033838.972 INFO             PET0 PIOc_freedecomp Exit - MemInfo: [malloc] Total space used (mmap + non-mmap):          5975424 Byte
20220313 033838.972 INFO             PET0 PIOc_freedecomp Exit - MemInfo: Wall-clock time since execution start:                 1.4795 seconds
20220313 033838.974 INFO             PET0  PASS  Test RouteHandleDestroy(), ESMF_RouteHandleAdvancedUTest.F90, line 633
20220313 033838.974 INFO             PET0  PASS  Apply the copied Routehandle, ESMF_RouteHandleAdvancedUTest.F90, line 643
20220313 033838.974 INFO             PET0  PASS  Test RouteHandleDestroy() for the copied Routehandle, ESMF_RouteHandleAdvancedUTest.F90, line 651
20220313 033838.975 INFO             PET0  PASS  Test ESMF_DynamicMaskSetR4R4R4(), ESMF_RouteHandleAdvancedUTest.F90, line 716
20220313 033838.975 INFO             PET0  PASS  Test ESMF_DynamicMaskSetR4R4R4V(), ESMF_RouteHandleAdvancedUTest.F90, line 725
20220313 033838.975 INFO             PET0  PASS  Test ESMF_DynamicMaskSetR4R8R4V(), ESMF_RouteHandleAdvancedUTest.F90, line 734
20220313 033838.975 INFO             PET0  Ending Test, file ESMF_RouteHandleAdvancedUTest.F90, line 749
20220313 033838.975 INFO             PET0 Finalizing ESMF
20220313 033837.495 INFO             PET1 !!!!!!!!!!!!!!!!!!!!!!!!!!!!!!!!!!!!!!!!!!!!!!!!!!!!!!
20220313 033837.495 INFO             PET1 !!! THE ESMF_LOG IS SET TO OUTPUT ALL LOG MESSAGES !!!
20220313 033837.495 INFO             PET1 !!!     THIS MAY CAUSE SLOWDOWN IN PERFORMANCE     !!!
20220313 033837.495 INFO             PET1 !!! FOR PRODUCTION RUNS, USE:                      !!!
20220313 033837.495 INFO             PET1 !!!                   ESMF_LOGKIND_Multi_On_Error  !!!
20220313 033837.495 INFO             PET1 !!!!!!!!!!!!!!!!!!!!!!!!!!!!!!!!!!!!!!!!!!!!!!!!!!!!!!
20220313 033837.495 INFO             PET1 Running with ESMF Version   : v8.3.0b09-96-g559b459836
20220313 033837.495 INFO             PET1 ESMF library build date/time: "Mar 13 2022" "03:30:54"
20220313 033837.495 INFO             PET1 ESMF library build location : /lfs/h1/emc/ptmp/Mark.Potts/gfortran_10.3.0_mpich3_g_jedwards_pio_update2
20220313 033837.495 INFO             PET1 ESMF_COMM                   : mpich3
20220313 033837.495 INFO             PET1 ESMF_MOAB                   : enabled
20220313 033837.495 INFO             PET1 ESMF_LAPACK                 : enabled
20220313 033837.495 INFO             PET1 ESMF_NETCDF                 : enabled
20220313 033837.495 INFO             PET1 ESMF_PNETCDF                : disabled
20220313 033837.495 INFO             PET1 ESMF_PIO                    : enabled
20220313 033837.495 INFO             PET1 ESMF_YAMLCPP                : enabled
20220313 033837.496 INFO             PET1  Beginning Test, file ESMF_RouteHandleAdvancedUTest.F90, line 346
20220313 033837.496 INFO             PET1  NUMBER_OF_PROCESSORS           4
20220313 033837.504 INFO             PET1 ESMF_FieldRedistStoreNF(): Just entered routine.
20220313 033838.230 INFO             PET1 ESMF_FieldRedistStoreNF(): Leaving routine.
20220313 033838.230 INFO             PET1  PASS  Create RouteHandle for the original petList, ESMF_RouteHandleAdvancedUTest.F90, line 511
20220313 033838.230 INFO             PET1  PASS  Test RouteHandleIsCreated(), ESMF_RouteHandleAdvancedUTest.F90, line 519
20220313 033838.230 INFO             PET1  PASS  Test RouteHandleIsCreated() return value, ESMF_RouteHandleAdvancedUTest.F90, line 526
20220313 033838.230 INFO             PET1  PASS  Test RouteHandleGet(), ESMF_RouteHandleAdvancedUTest.F90, line 534
20220313 033838.234 INFO             PET1  PASS  Test RouteHandleWrite(), ESMF_RouteHandleAdvancedUTest.F90, line 542
20220313 033838.235 INFO             PET1  PASS  Test RouteHandleDestroy(), ESMF_RouteHandleAdvancedUTest.F90, line 550
20220313 033838.236 INFO             PET1  PASS  Test RouteHandleCreate(from file), ESMF_RouteHandleAdvancedUTest.F90, line 558
20220313 033838.237 INFO             PET1  PASS  Apply the read in Routehandle, ESMF_RouteHandleAdvancedUTest.F90, line 567
20220313 033838.237 INFO             PET1  PASS  Test RouteHandleDestroy() for the read in Routehandle, ESMF_RouteHandleAdvancedUTest.F90, line 575
20220313 033838.237 INFO             PET1 ESMF_FieldRedistStoreNF(): Just entered routine.
20220313 033838.956 INFO             PET1 ESMF_FieldRedistStoreNF(): Leaving routine.
20220313 033838.956 INFO             PET1  PASS  Create RouteHandle for the original petList, ESMF_RouteHandleAdvancedUTest.F90, line 585
20220313 033838.956 INFO             PET1  PASS  Transfer RouteHandle to a different petList, ESMF_RouteHandleAdvancedUTest.F90, line 602
20220313 033838.964 INFO             PET1 PIOc_sync Enter - MemInfo: [/proc/meminfo - SSI]	MemTotal:       527077124 kB
20220313 033838.964 INFO             PET1 PIOc_sync Enter - MemInfo: [/proc/meminfo - SSI]	MemFree:        517396976 kB
20220313 033838.964 INFO             PET1 PIOc_sync Enter - MemInfo: [/proc/meminfo - SSI]	MemAvailable:   517751012 kB
20220313 033838.964 INFO             PET1 PIOc_sync Enter - MemInfo: [/proc/meminfo - SSI]	Committed_AS:    1701852 kB
20220313 033838.964 INFO             PET1 PIOc_sync Enter - MemInfo: [/proc/meminfo - SSI]	CommittedPercent: 0.322885 %
20220313 033838.964 INFO             PET1 PIOc_sync Enter - MemInfo: [/proc/self/status]	VmPeak:	  207448 kB
20220313 033838.964 INFO             PET1 PIOc_sync Enter - MemInfo: [/proc/self/status]	VmSize:	  207448 kB
20220313 033838.964 INFO             PET1 PIOc_sync Enter - MemInfo: [/proc/self/status]	VmLck:	       0 kB
20220313 033838.964 INFO             PET1 PIOc_sync Enter - MemInfo: [/proc/self/status]	VmPin:	       0 kB
20220313 033838.964 INFO             PET1 PIOc_sync Enter - MemInfo: [/proc/self/status]	VmHWM:	   44132 kB
20220313 033838.964 INFO             PET1 PIOc_sync Enter - MemInfo: [/proc/self/status]	VmRSS:	   44132 kB
20220313 033838.964 INFO             PET1 PIOc_sync Enter - MemInfo: [/proc/self/status]	VmData:	   29764 kB
20220313 033838.964 INFO             PET1 PIOc_sync Enter - MemInfo: [/proc/self/status]	VmStk:	     156 kB
20220313 033838.964 INFO             PET1 PIOc_sync Enter - MemInfo: [/proc/self/status]	VmExe:	     348 kB
20220313 033838.964 INFO             PET1 PIOc_sync Enter - MemInfo: [/proc/self/status]	VmLib:	  103544 kB
20220313 033838.964 INFO             PET1 PIOc_sync Enter - MemInfo: [/proc/self/status]	VmPTE:	     400 kB
20220313 033838.964 INFO             PET1 PIOc_sync Enter - MemInfo: [/proc/self/status]	VmSwap:	       0 kB
20220313 033838.964 INFO             PET1 PIOc_sync Enter - MemInfo: [/proc/self/status]	VmRSSPercent: 0.00837297 %
20220313 033838.964 INFO             PET1 PIOc_sync Enter - MemInfo: [malloc] Non-mmapped space allocated:                22597632 Byte
20220313 033838.964 INFO             PET1 PIOc_sync Enter - MemInfo: [malloc] Space allocated in mmapped regions:          3710976 Byte
20220313 033838.964 INFO             PET1 PIOc_sync Enter - MemInfo: [malloc] Maximum total allocated space:                     0 Byte
20220313 033838.964 INFO             PET1 PIOc_sync Enter - MemInfo: [malloc] Space in freed fastbin blocks:                    32 Byte
20220313 033838.964 INFO             PET1 PIOc_sync Enter - MemInfo: [malloc] Total allocated space:                       1636896 Byte
20220313 033838.964 INFO             PET1 PIOc_sync Enter - MemInfo: [malloc] Total free space:                           20960736 Byte
20220313 033838.964 INFO             PET1 PIOc_sync Enter - MemInfo: [malloc] Top-most, releasable space:                 15425408 Byte
20220313 033838.964 INFO             PET1 PIOc_sync Enter - MemInfo: [malloc] Total space in use, mmap + non-mmap:         5347872 Byte
20220313 033838.964 INFO             PET1 PIOc_sync Enter - MemInfo: [malloc] Total space held (mmap + non-mmap):         26308608 Byte
20220313 033838.964 INFO             PET1 PIOc_sync Enter - MemInfo: [malloc] Total space used (mmap + non-mmap):          5356608 Byte
20220313 033838.965 INFO             PET1 PIOc_sync Enter - MemInfo: Wall-clock time since execution start:                1.47162 seconds
20220313 033838.965 INFO             PET1 PIOc_sync Exit - MemInfo: [/proc/meminfo - SSI]	MemTotal:       527077124 kB
20220313 033838.965 INFO             PET1 PIOc_sync Exit - MemInfo: [/proc/meminfo - SSI]	MemFree:        517396976 kB
20220313 033838.965 INFO             PET1 PIOc_sync Exit - MemInfo: [/proc/meminfo - SSI]	MemAvailable:   517751012 kB
20220313 033838.965 INFO             PET1 PIOc_sync Exit - MemInfo: [/proc/meminfo - SSI]	Committed_AS:    1701852 kB
20220313 033838.965 INFO             PET1 PIOc_sync Exit - MemInfo: [/proc/meminfo - SSI]	CommittedPercent: 0.322885 %
20220313 033838.965 INFO             PET1 PIOc_sync Exit - MemInfo: [/proc/self/status]	VmPeak:	  207448 kB
20220313 033838.965 INFO             PET1 PIOc_sync Exit - MemInfo: [/proc/self/status]	VmSize:	  207448 kB
20220313 033838.965 INFO             PET1 PIOc_sync Exit - MemInfo: [/proc/self/status]	VmLck:	       0 kB
20220313 033838.965 INFO             PET1 PIOc_sync Exit - MemInfo: [/proc/self/status]	VmPin:	       0 kB
20220313 033838.965 INFO             PET1 PIOc_sync Exit - MemInfo: [/proc/self/status]	VmHWM:	   44132 kB
20220313 033838.965 INFO             PET1 PIOc_sync Exit - MemInfo: [/proc/self/status]	VmRSS:	   44132 kB
20220313 033838.965 INFO             PET1 PIOc_sync Exit - MemInfo: [/proc/self/status]	VmData:	   29764 kB
20220313 033838.965 INFO             PET1 PIOc_sync Exit - MemInfo: [/proc/self/status]	VmStk:	     156 kB
20220313 033838.965 INFO             PET1 PIOc_sync Exit - MemInfo: [/proc/self/status]	VmExe:	     348 kB
20220313 033838.965 INFO             PET1 PIOc_sync Exit - MemInfo: [/proc/self/status]	VmLib:	  103544 kB
20220313 033838.965 INFO             PET1 PIOc_sync Exit - MemInfo: [/proc/self/status]	VmPTE:	     400 kB
20220313 033838.965 INFO             PET1 PIOc_sync Exit - MemInfo: [/proc/self/status]	VmSwap:	       0 kB
20220313 033838.965 INFO             PET1 PIOc_sync Exit - MemInfo: [/proc/self/status]	VmRSSPercent: 0.00837297 %
20220313 033838.965 INFO             PET1 PIOc_sync Exit - MemInfo: [malloc] Non-mmapped space allocated:                22597632 Byte
20220313 033838.965 INFO             PET1 PIOc_sync Exit - MemInfo: [malloc] Space allocated in mmapped regions:          3710976 Byte
20220313 033838.965 INFO             PET1 PIOc_sync Exit - MemInfo: [malloc] Maximum total allocated space:                     0 Byte
20220313 033838.965 INFO             PET1 PIOc_sync Exit - MemInfo: [malloc] Space in freed fastbin blocks:                     0 Byte
20220313 033838.965 INFO             PET1 PIOc_sync Exit - MemInfo: [malloc] Total allocated space:                       1637872 Byte
20220313 033838.965 INFO             PET1 PIOc_sync Exit - MemInfo: [malloc] Total free space:                           20959760 Byte
20220313 033838.965 INFO             PET1 PIOc_sync Exit - MemInfo: [malloc] Top-most, releasable space:                 15425408 Byte
20220313 033838.965 INFO             PET1 PIOc_sync Exit - MemInfo: [malloc] Total space in use, mmap + non-mmap:         5348848 Byte
20220313 033838.965 INFO             PET1 PIOc_sync Exit - MemInfo: [malloc] Total space held (mmap + non-mmap):         26308608 Byte
20220313 033838.965 INFO             PET1 PIOc_sync Exit - MemInfo: [malloc] Total space used (mmap + non-mmap):          5357056 Byte
20220313 033838.965 INFO             PET1 PIOc_sync Exit - MemInfo: Wall-clock time since execution start:                1.47194 seconds
20220313 033838.965 INFO             PET1 PIOc_freedecomp Enter - MemInfo: [/proc/meminfo - SSI]	MemTotal:       527077124 kB
20220313 033838.965 INFO             PET1 PIOc_freedecomp Enter - MemInfo: [/proc/meminfo - SSI]	MemFree:        517396976 kB
20220313 033838.965 INFO             PET1 PIOc_freedecomp Enter - MemInfo: [/proc/meminfo - SSI]	MemAvailable:   517751012 kB
20220313 033838.965 INFO             PET1 PIOc_freedecomp Enter - MemInfo: [/proc/meminfo - SSI]	Committed_AS:    1701852 kB
20220313 033838.965 INFO             PET1 PIOc_freedecomp Enter - MemInfo: [/proc/meminfo - SSI]	CommittedPercent: 0.322885 %
20220313 033838.965 INFO             PET1 PIOc_freedecomp Enter - MemInfo: [/proc/self/status]	VmPeak:	  207448 kB
20220313 033838.965 INFO             PET1 PIOc_freedecomp Enter - MemInfo: [/proc/self/status]	VmSize:	  207448 kB
20220313 033838.965 INFO             PET1 PIOc_freedecomp Enter - MemInfo: [/proc/self/status]	VmLck:	       0 kB
20220313 033838.965 INFO             PET1 PIOc_freedecomp Enter - MemInfo: [/proc/self/status]	VmPin:	       0 kB
20220313 033838.965 INFO             PET1 PIOc_freedecomp Enter - MemInfo: [/proc/self/status]	VmHWM:	   44132 kB
20220313 033838.965 INFO             PET1 PIOc_freedecomp Enter - MemInfo: [/proc/self/status]	VmRSS:	   44132 kB
20220313 033838.965 INFO             PET1 PIOc_freedecomp Enter - MemInfo: [/proc/self/status]	VmData:	   29764 kB
20220313 033838.965 INFO             PET1 PIOc_freedecomp Enter - MemInfo: [/proc/self/status]	VmStk:	     156 kB
20220313 033838.965 INFO             PET1 PIOc_freedecomp Enter - MemInfo: [/proc/self/status]	VmExe:	     348 kB
20220313 033838.965 INFO             PET1 PIOc_freedecomp Enter - MemInfo: [/proc/self/status]	VmLib:	  103544 kB
20220313 033838.965 INFO             PET1 PIOc_freedecomp Enter - MemInfo: [/proc/self/status]	VmPTE:	     400 kB
20220313 033838.965 INFO             PET1 PIOc_freedecomp Enter - MemInfo: [/proc/self/status]	VmSwap:	       0 kB
20220313 033838.965 INFO             PET1 PIOc_freedecomp Enter - MemInfo: [/proc/self/status]	VmRSSPercent: 0.00837297 %
20220313 033838.965 INFO             PET1 PIOc_freedecomp Enter - MemInfo: [malloc] Non-mmapped space allocated:                22597632 Byte
20220313 033838.965 INFO             PET1 PIOc_freedecomp Enter - MemInfo: [malloc] Space allocated in mmapped regions:          3710976 Byte
20220313 033838.965 INFO             PET1 PIOc_freedecomp Enter - MemInfo: [malloc] Maximum total allocated space:                     0 Byte
20220313 033838.965 INFO             PET1 PIOc_freedecomp Enter - MemInfo: [malloc] Space in freed fastbin blocks:                    80 Byte
20220313 033838.965 INFO             PET1 PIOc_freedecomp Enter - MemInfo: [malloc] Total allocated space:                       1638016 Byte
20220313 033838.965 INFO             PET1 PIOc_freedecomp Enter - MemInfo: [malloc] Total free space:                           20959616 Byte
20220313 033838.965 INFO             PET1 PIOc_freedecomp Enter - MemInfo: [malloc] Top-most, releasable space:                 15425408 Byte
20220313 033838.965 INFO             PET1 PIOc_freedecomp Enter - MemInfo: [malloc] Total space in use, mmap + non-mmap:         5348992 Byte
20220313 033838.965 INFO             PET1 PIOc_freedecomp Enter - MemInfo: [malloc] Total space held (mmap + non-mmap):         26308608 Byte
20220313 033838.965 INFO             PET1 PIOc_freedecomp Enter - MemInfo: [malloc] Total space used (mmap + non-mmap):          5357200 Byte
20220313 033838.965 INFO             PET1 PIOc_freedecomp Enter - MemInfo: Wall-clock time since execution start:                 1.4723 seconds
20220313 033838.965 INFO             PET1 PIOc_freedecomp Exit - MemInfo: [/proc/meminfo - SSI]	MemTotal:       527077124 kB
20220313 033838.965 INFO             PET1 PIOc_freedecomp Exit - MemInfo: [/proc/meminfo - SSI]	MemFree:        517396976 kB
20220313 033838.965 INFO             PET1 PIOc_freedecomp Exit - MemInfo: [/proc/meminfo - SSI]	MemAvailable:   517751012 kB
20220313 033838.965 INFO             PET1 PIOc_freedecomp Exit - MemInfo: [/proc/meminfo - SSI]	Committed_AS:    1701852 kB
20220313 033838.965 INFO             PET1 PIOc_freedecomp Exit - MemInfo: [/proc/meminfo - SSI]	CommittedPercent: 0.322885 %
20220313 033838.965 INFO             PET1 PIOc_freedecomp Exit - MemInfo: [/proc/self/status]	VmPeak:	  207448 kB
20220313 033838.965 INFO             PET1 PIOc_freedecomp Exit - MemInfo: [/proc/self/status]	VmSize:	  207448 kB
20220313 033838.965 INFO             PET1 PIOc_freedecomp Exit - MemInfo: [/proc/self/status]	VmLck:	       0 kB
20220313 033838.965 INFO             PET1 PIOc_freedecomp Exit - MemInfo: [/proc/self/status]	VmPin:	       0 kB
20220313 033838.965 INFO             PET1 PIOc_freedecomp Exit - MemInfo: [/proc/self/status]	VmHWM:	   44132 kB
20220313 033838.965 INFO             PET1 PIOc_freedecomp Exit - MemInfo: [/proc/self/status]	VmRSS:	   44132 kB
20220313 033838.965 INFO             PET1 PIOc_freedecomp Exit - MemInfo: [/proc/self/status]	VmData:	   29764 kB
20220313 033838.965 INFO             PET1 PIOc_freedecomp Exit - MemInfo: [/proc/self/status]	VmStk:	     156 kB
20220313 033838.965 INFO             PET1 PIOc_freedecomp Exit - MemInfo: [/proc/self/status]	VmExe:	     348 kB
20220313 033838.965 INFO             PET1 PIOc_freedecomp Exit - MemInfo: [/proc/self/status]	VmLib:	  103544 kB
20220313 033838.965 INFO             PET1 PIOc_freedecomp Exit - MemInfo: [/proc/self/status]	VmPTE:	     400 kB
20220313 033838.965 INFO             PET1 PIOc_freedecomp Exit - MemInfo: [/proc/self/status]	VmSwap:	       0 kB
20220313 033838.965 INFO             PET1 PIOc_freedecomp Exit - MemInfo: [/proc/self/status]	VmRSSPercent: 0.00837297 %
20220313 033838.965 INFO             PET1 PIOc_freedecomp Exit - MemInfo: [malloc] Non-mmapped space allocated:                22597632 Byte
20220313 033838.965 INFO             PET1 PIOc_freedecomp Exit - MemInfo: [malloc] Space allocated in mmapped regions:          3710976 Byte
20220313 033838.965 INFO             PET1 PIOc_freedecomp Exit - MemInfo: [malloc] Maximum total allocated space:                     0 Byte
20220313 033838.965 INFO             PET1 PIOc_freedecomp Exit - MemInfo: [malloc] Space in freed fastbin blocks:                   240 Byte
20220313 033838.965 INFO             PET1 PIOc_freedecomp Exit - MemInfo: [malloc] Total allocated space:                       1638000 Byte
20220313 033838.965 INFO             PET1 PIOc_freedecomp Exit - MemInfo: [malloc] Total free space:                           20959632 Byte
20220313 033838.965 INFO             PET1 PIOc_freedecomp Exit - MemInfo: [malloc] Top-most, releasable space:                 15425408 Byte
20220313 033838.965 INFO             PET1 PIOc_freedecomp Exit - MemInfo: [malloc] Total space in use, mmap + non-mmap:         5348976 Byte
20220313 033838.965 INFO             PET1 PIOc_freedecomp Exit - MemInfo: [malloc] Total space held (mmap + non-mmap):         26308608 Byte
20220313 033838.965 INFO             PET1 PIOc_freedecomp Exit - MemInfo: [malloc] Total space used (mmap + non-mmap):          5357184 Byte
20220313 033838.965 INFO             PET1 PIOc_freedecomp Exit - MemInfo: Wall-clock time since execution start:                 1.4725 seconds
20220313 033838.967 INFO             PET1 PIOc_sync Enter - MemInfo: [/proc/meminfo - SSI]	MemTotal:       527077124 kB
20220313 033838.967 INFO             PET1 PIOc_sync Enter - MemInfo: [/proc/meminfo - SSI]	MemFree:        517396976 kB
20220313 033838.967 INFO             PET1 PIOc_sync Enter - MemInfo: [/proc/meminfo - SSI]	MemAvailable:   517751012 kB
20220313 033838.967 INFO             PET1 PIOc_sync Enter - MemInfo: [/proc/meminfo - SSI]	Committed_AS:    1701852 kB
20220313 033838.967 INFO             PET1 PIOc_sync Enter - MemInfo: [/proc/meminfo - SSI]	CommittedPercent: 0.322885 %
20220313 033838.967 INFO             PET1 PIOc_sync Enter - MemInfo: [/proc/self/status]	VmPeak:	  207448 kB
20220313 033838.967 INFO             PET1 PIOc_sync Enter - MemInfo: [/proc/self/status]	VmSize:	  207448 kB
20220313 033838.967 INFO             PET1 PIOc_sync Enter - MemInfo: [/proc/self/status]	VmLck:	       0 kB
20220313 033838.967 INFO             PET1 PIOc_sync Enter - MemInfo: [/proc/self/status]	VmPin:	       0 kB
20220313 033838.967 INFO             PET1 PIOc_sync Enter - MemInfo: [/proc/self/status]	VmHWM:	   44464 kB
20220313 033838.967 INFO             PET1 PIOc_sync Enter - MemInfo: [/proc/self/status]	VmRSS:	   44448 kB
20220313 033838.967 INFO             PET1 PIOc_sync Enter - MemInfo: [/proc/self/status]	VmData:	   29764 kB
20220313 033838.967 INFO             PET1 PIOc_sync Enter - MemInfo: [/proc/self/status]	VmStk:	     156 kB
20220313 033838.967 INFO             PET1 PIOc_sync Enter - MemInfo: [/proc/self/status]	VmExe:	     348 kB
20220313 033838.967 INFO             PET1 PIOc_sync Enter - MemInfo: [/proc/self/status]	VmLib:	  103544 kB
20220313 033838.967 INFO             PET1 PIOc_sync Enter - MemInfo: [/proc/self/status]	VmPTE:	     400 kB
20220313 033838.967 INFO             PET1 PIOc_sync Enter - MemInfo: [/proc/self/status]	VmSwap:	       0 kB
20220313 033838.967 INFO             PET1 PIOc_sync Enter - MemInfo: [/proc/self/status]	VmRSSPercent: 0.00843292 %
20220313 033838.967 INFO             PET1 PIOc_sync Enter - MemInfo: [malloc] Non-mmapped space allocated:                22597632 Byte
20220313 033838.967 INFO             PET1 PIOc_sync Enter - MemInfo: [malloc] Space allocated in mmapped regions:          3710976 Byte
20220313 033838.967 INFO             PET1 PIOc_sync Enter - MemInfo: [malloc] Maximum total allocated space:                     0 Byte
20220313 033838.967 INFO             PET1 PIOc_sync Enter - MemInfo: [malloc] Space in freed fastbin blocks:                    32 Byte
20220313 033838.967 INFO             PET1 PIOc_sync Enter - MemInfo: [malloc] Total allocated space:                       1639872 Byte
20220313 033838.967 INFO             PET1 PIOc_sync Enter - MemInfo: [malloc] Total free space:                           20957760 Byte
20220313 033838.967 INFO             PET1 PIOc_sync Enter - MemInfo: [malloc] Top-most, releasable space:                 15425408 Byte
20220313 033838.967 INFO             PET1 PIOc_sync Enter - MemInfo: [malloc] Total space in use, mmap + non-mmap:         5350848 Byte
20220313 033838.967 INFO             PET1 PIOc_sync Enter - MemInfo: [malloc] Total space held (mmap + non-mmap):         26308608 Byte
20220313 033838.967 INFO             PET1 PIOc_sync Enter - MemInfo: [malloc] Total space used (mmap + non-mmap):          5359056 Byte
20220313 033838.967 INFO             PET1 PIOc_sync Enter - MemInfo: Wall-clock time since execution start:                1.47428 seconds
20220313 033838.967 INFO             PET1 PIOc_sync Exit - MemInfo: [/proc/meminfo - SSI]	MemTotal:       527077124 kB
20220313 033838.967 INFO             PET1 PIOc_sync Exit - MemInfo: [/proc/meminfo - SSI]	MemFree:        517396976 kB
20220313 033838.967 INFO             PET1 PIOc_sync Exit - MemInfo: [/proc/meminfo - SSI]	MemAvailable:   517751012 kB
20220313 033838.967 INFO             PET1 PIOc_sync Exit - MemInfo: [/proc/meminfo - SSI]	Committed_AS:    1701852 kB
20220313 033838.967 INFO             PET1 PIOc_sync Exit - MemInfo: [/proc/meminfo - SSI]	CommittedPercent: 0.322885 %
20220313 033838.967 INFO             PET1 PIOc_sync Exit - MemInfo: [/proc/self/status]	VmPeak:	  207448 kB
20220313 033838.967 INFO             PET1 PIOc_sync Exit - MemInfo: [/proc/self/status]	VmSize:	  207448 kB
20220313 033838.967 INFO             PET1 PIOc_sync Exit - MemInfo: [/proc/self/status]	VmLck:	       0 kB
20220313 033838.967 INFO             PET1 PIOc_sync Exit - MemInfo: [/proc/self/status]	VmPin:	       0 kB
20220313 033838.967 INFO             PET1 PIOc_sync Exit - MemInfo: [/proc/self/status]	VmHWM:	   44464 kB
20220313 033838.967 INFO             PET1 PIOc_sync Exit - MemInfo: [/proc/self/status]	VmRSS:	   44448 kB
20220313 033838.967 INFO             PET1 PIOc_sync Exit - MemInfo: [/proc/self/status]	VmData:	   29764 kB
20220313 033838.967 INFO             PET1 PIOc_sync Exit - MemInfo: [/proc/self/status]	VmStk:	     156 kB
20220313 033838.967 INFO             PET1 PIOc_sync Exit - MemInfo: [/proc/self/status]	VmExe:	     348 kB
20220313 033838.967 INFO             PET1 PIOc_sync Exit - MemInfo: [/proc/self/status]	VmLib:	  103544 kB
20220313 033838.967 INFO             PET1 PIOc_sync Exit - MemInfo: [/proc/self/status]	VmPTE:	     400 kB
20220313 033838.967 INFO             PET1 PIOc_sync Exit - MemInfo: [/proc/self/status]	VmSwap:	       0 kB
20220313 033838.967 INFO             PET1 PIOc_sync Exit - MemInfo: [/proc/self/status]	VmRSSPercent: 0.00843292 %
20220313 033838.967 INFO             PET1 PIOc_sync Exit - MemInfo: [malloc] Non-mmapped space allocated:                22597632 Byte
20220313 033838.967 INFO             PET1 PIOc_sync Exit - MemInfo: [malloc] Space allocated in mmapped regions:          3710976 Byte
20220313 033838.967 INFO             PET1 PIOc_sync Exit - MemInfo: [malloc] Maximum total allocated space:                     0 Byte
20220313 033838.967 INFO             PET1 PIOc_sync Exit - MemInfo: [malloc] Space in freed fastbin blocks:                     0 Byte
20220313 033838.967 INFO             PET1 PIOc_sync Exit - MemInfo: [malloc] Total allocated space:                       1640096 Byte
20220313 033838.967 INFO             PET1 PIOc_sync Exit - MemInfo: [malloc] Total free space:                           20957536 Byte
20220313 033838.967 INFO             PET1 PIOc_sync Exit - MemInfo: [malloc] Top-most, releasable space:                 15425408 Byte
20220313 033838.967 INFO             PET1 PIOc_sync Exit - MemInfo: [malloc] Total space in use, mmap + non-mmap:         5351072 Byte
20220313 033838.967 INFO             PET1 PIOc_sync Exit - MemInfo: [malloc] Total space held (mmap + non-mmap):         26308608 Byte
20220313 033838.967 INFO             PET1 PIOc_sync Exit - MemInfo: [malloc] Total space used (mmap + non-mmap):          5359280 Byte
20220313 033838.967 INFO             PET1 PIOc_sync Exit - MemInfo: Wall-clock time since execution start:                1.47454 seconds
20220313 033838.968 INFO             PET1 PIOc_freedecomp Enter - MemInfo: [/proc/meminfo - SSI]	MemTotal:       527077124 kB
20220313 033838.968 INFO             PET1 PIOc_freedecomp Enter - MemInfo: [/proc/meminfo - SSI]	MemFree:        517396976 kB
20220313 033838.968 INFO             PET1 PIOc_freedecomp Enter - MemInfo: [/proc/meminfo - SSI]	MemAvailable:   517751012 kB
20220313 033838.968 INFO             PET1 PIOc_freedecomp Enter - MemInfo: [/proc/meminfo - SSI]	Committed_AS:    1701852 kB
20220313 033838.968 INFO             PET1 PIOc_freedecomp Enter - MemInfo: [/proc/meminfo - SSI]	CommittedPercent: 0.322885 %
20220313 033838.968 INFO             PET1 PIOc_freedecomp Enter - MemInfo: [/proc/self/status]	VmPeak:	  207448 kB
20220313 033838.968 INFO             PET1 PIOc_freedecomp Enter - MemInfo: [/proc/self/status]	VmSize:	  207448 kB
20220313 033838.968 INFO             PET1 PIOc_freedecomp Enter - MemInfo: [/proc/self/status]	VmLck:	       0 kB
20220313 033838.968 INFO             PET1 PIOc_freedecomp Enter - MemInfo: [/proc/self/status]	VmPin:	       0 kB
20220313 033838.968 INFO             PET1 PIOc_freedecomp Enter - MemInfo: [/proc/self/status]	VmHWM:	   44464 kB
20220313 033838.968 INFO             PET1 PIOc_freedecomp Enter - MemInfo: [/proc/self/status]	VmRSS:	   44448 kB
20220313 033838.968 INFO             PET1 PIOc_freedecomp Enter - MemInfo: [/proc/self/status]	VmData:	   29764 kB
20220313 033838.968 INFO             PET1 PIOc_freedecomp Enter - MemInfo: [/proc/self/status]	VmStk:	     156 kB
20220313 033838.968 INFO             PET1 PIOc_freedecomp Enter - MemInfo: [/proc/self/status]	VmExe:	     348 kB
20220313 033838.968 INFO             PET1 PIOc_freedecomp Enter - MemInfo: [/proc/self/status]	VmLib:	  103544 kB
20220313 033838.968 INFO             PET1 PIOc_freedecomp Enter - MemInfo: [/proc/self/status]	VmPTE:	     400 kB
20220313 033838.968 INFO             PET1 PIOc_freedecomp Enter - MemInfo: [/proc/self/status]	VmSwap:	       0 kB
20220313 033838.968 INFO             PET1 PIOc_freedecomp Enter - MemInfo: [/proc/self/status]	VmRSSPercent: 0.00843292 %
20220313 033838.968 INFO             PET1 PIOc_freedecomp Enter - MemInfo: [malloc] Non-mmapped space allocated:                22597632 Byte
20220313 033838.968 INFO             PET1 PIOc_freedecomp Enter - MemInfo: [malloc] Space allocated in mmapped regions:          3710976 Byte
20220313 033838.968 INFO             PET1 PIOc_freedecomp Enter - MemInfo: [malloc] Maximum total allocated space:                     0 Byte
20220313 033838.968 INFO             PET1 PIOc_freedecomp Enter - MemInfo: [malloc] Space in freed fastbin blocks:                    80 Byte
20220313 033838.968 INFO             PET1 PIOc_freedecomp Enter - MemInfo: [malloc] Total allocated space:                       1640240 Byte
20220313 033838.968 INFO             PET1 PIOc_freedecomp Enter - MemInfo: [malloc] Total free space:                           20957392 Byte
20220313 033838.968 INFO             PET1 PIOc_freedecomp Enter - MemInfo: [malloc] Top-most, releasable space:                 15425408 Byte
20220313 033838.968 INFO             PET1 PIOc_freedecomp Enter - MemInfo: [malloc] Total space in use, mmap + non-mmap:         5351216 Byte
20220313 033838.968 INFO             PET1 PIOc_freedecomp Enter - MemInfo: [malloc] Total space held (mmap + non-mmap):         26308608 Byte
20220313 033838.968 INFO             PET1 PIOc_freedecomp Enter - MemInfo: [malloc] Total space used (mmap + non-mmap):          5359424 Byte
20220313 033838.968 INFO             PET1 PIOc_freedecomp Enter - MemInfo: Wall-clock time since execution start:                1.47485 seconds
20220313 033838.968 INFO             PET1 PIOc_freedecomp Exit - MemInfo: [/proc/meminfo - SSI]	MemTotal:       527077124 kB
20220313 033838.968 INFO             PET1 PIOc_freedecomp Exit - MemInfo: [/proc/meminfo - SSI]	MemFree:        517396976 kB
20220313 033838.968 INFO             PET1 PIOc_freedecomp Exit - MemInfo: [/proc/meminfo - SSI]	MemAvailable:   517751012 kB
20220313 033838.968 INFO             PET1 PIOc_freedecomp Exit - MemInfo: [/proc/meminfo - SSI]	Committed_AS:    1701852 kB
20220313 033838.968 INFO             PET1 PIOc_freedecomp Exit - MemInfo: [/proc/meminfo - SSI]	CommittedPercent: 0.322885 %
20220313 033838.968 INFO             PET1 PIOc_freedecomp Exit - MemInfo: [/proc/self/status]	VmPeak:	  207448 kB
20220313 033838.968 INFO             PET1 PIOc_freedecomp Exit - MemInfo: [/proc/self/status]	VmSize:	  207448 kB
20220313 033838.968 INFO             PET1 PIOc_freedecomp Exit - MemInfo: [/proc/self/status]	VmLck:	       0 kB
20220313 033838.968 INFO             PET1 PIOc_freedecomp Exit - MemInfo: [/proc/self/status]	VmPin:	       0 kB
20220313 033838.968 INFO             PET1 PIOc_freedecomp Exit - MemInfo: [/proc/self/status]	VmHWM:	   44464 kB
20220313 033838.968 INFO             PET1 PIOc_freedecomp Exit - MemInfo: [/proc/self/status]	VmRSS:	   44448 kB
20220313 033838.968 INFO             PET1 PIOc_freedecomp Exit - MemInfo: [/proc/self/status]	VmData:	   29764 kB
20220313 033838.968 INFO             PET1 PIOc_freedecomp Exit - MemInfo: [/proc/self/status]	VmStk:	     156 kB
20220313 033838.968 INFO             PET1 PIOc_freedecomp Exit - MemInfo: [/proc/self/status]	VmExe:	     348 kB
20220313 033838.968 INFO             PET1 PIOc_freedecomp Exit - MemInfo: [/proc/self/status]	VmLib:	  103544 kB
20220313 033838.968 INFO             PET1 PIOc_freedecomp Exit - MemInfo: [/proc/self/status]	VmPTE:	     400 kB
20220313 033838.968 INFO             PET1 PIOc_freedecomp Exit - MemInfo: [/proc/self/status]	VmSwap:	       0 kB
20220313 033838.968 INFO             PET1 PIOc_freedecomp Exit - MemInfo: [/proc/self/status]	VmRSSPercent: 0.00843292 %
20220313 033838.968 INFO             PET1 PIOc_freedecomp Exit - MemInfo: [malloc] Non-mmapped space allocated:                22597632 Byte
20220313 033838.968 INFO             PET1 PIOc_freedecomp Exit - MemInfo: [malloc] Space allocated in mmapped regions:          3710976 Byte
20220313 033838.968 INFO             PET1 PIOc_freedecomp Exit - MemInfo: [malloc] Maximum total allocated space:                     0 Byte
20220313 033838.968 INFO             PET1 PIOc_freedecomp Exit - MemInfo: [malloc] Space in freed fastbin blocks:                   272 Byte
20220313 033838.968 INFO             PET1 PIOc_freedecomp Exit - MemInfo: [malloc] Total allocated space:                       1639664 Byte
20220313 033838.968 INFO             PET1 PIOc_freedecomp Exit - MemInfo: [malloc] Total free space:                           20957968 Byte
20220313 033838.968 INFO             PET1 PIOc_freedecomp Exit - MemInfo: [malloc] Top-most, releasable space:                 15425408 Byte
20220313 033838.968 INFO             PET1 PIOc_freedecomp Exit - MemInfo: [malloc] Total space in use, mmap + non-mmap:         5350640 Byte
20220313 033838.968 INFO             PET1 PIOc_freedecomp Exit - MemInfo: [malloc] Total space held (mmap + non-mmap):         26308608 Byte
20220313 033838.968 INFO             PET1 PIOc_freedecomp Exit - MemInfo: [malloc] Total space used (mmap + non-mmap):          5358848 Byte
20220313 033838.968 INFO             PET1 PIOc_freedecomp Exit - MemInfo: Wall-clock time since execution start:                1.47505 seconds
20220313 033838.969 INFO             PET1 PIOc_sync Enter - MemInfo: [/proc/meminfo - SSI]	MemTotal:       527077124 kB
20220313 033838.969 INFO             PET1 PIOc_sync Enter - MemInfo: [/proc/meminfo - SSI]	MemFree:        517396976 kB
20220313 033838.969 INFO             PET1 PIOc_sync Enter - MemInfo: [/proc/meminfo - SSI]	MemAvailable:   517751012 kB
20220313 033838.969 INFO             PET1 PIOc_sync Enter - MemInfo: [/proc/meminfo - SSI]	Committed_AS:    1701852 kB
20220313 033838.969 INFO             PET1 PIOc_sync Enter - MemInfo: [/proc/meminfo - SSI]	CommittedPercent: 0.322885 %
20220313 033838.969 INFO             PET1 PIOc_sync Enter - MemInfo: [/proc/self/status]	VmPeak:	  207448 kB
20220313 033838.969 INFO             PET1 PIOc_sync Enter - MemInfo: [/proc/self/status]	VmSize:	  207448 kB
20220313 033838.969 INFO             PET1 PIOc_sync Enter - MemInfo: [/proc/self/status]	VmLck:	       0 kB
20220313 033838.969 INFO             PET1 PIOc_sync Enter - MemInfo: [/proc/self/status]	VmPin:	       0 kB
20220313 033838.969 INFO             PET1 PIOc_sync Enter - MemInfo: [/proc/self/status]	VmHWM:	   44468 kB
20220313 033838.969 INFO             PET1 PIOc_sync Enter - MemInfo: [/proc/self/status]	VmRSS:	   44452 kB
20220313 033838.969 INFO             PET1 PIOc_sync Enter - MemInfo: [/proc/self/status]	VmData:	   29764 kB
20220313 033838.969 INFO             PET1 PIOc_sync Enter - MemInfo: [/proc/self/status]	VmStk:	     156 kB
20220313 033838.969 INFO             PET1 PIOc_sync Enter - MemInfo: [/proc/self/status]	VmExe:	     348 kB
20220313 033838.969 INFO             PET1 PIOc_sync Enter - MemInfo: [/proc/self/status]	VmLib:	  103544 kB
20220313 033838.969 INFO             PET1 PIOc_sync Enter - MemInfo: [/proc/self/status]	VmPTE:	     400 kB
20220313 033838.969 INFO             PET1 PIOc_sync Enter - MemInfo: [/proc/self/status]	VmSwap:	       0 kB
20220313 033838.969 INFO             PET1 PIOc_sync Enter - MemInfo: [/proc/self/status]	VmRSSPercent: 0.00843368 %
20220313 033838.969 INFO             PET1 PIOc_sync Enter - MemInfo: [malloc] Non-mmapped space allocated:                22597632 Byte
20220313 033838.969 INFO             PET1 PIOc_sync Enter - MemInfo: [malloc] Space allocated in mmapped regions:          3710976 Byte
20220313 033838.969 INFO             PET1 PIOc_sync Enter - MemInfo: [malloc] Maximum total allocated space:                     0 Byte
20220313 033838.969 INFO             PET1 PIOc_sync Enter - MemInfo: [malloc] Space in freed fastbin blocks:                    32 Byte
20220313 033838.969 INFO             PET1 PIOc_sync Enter - MemInfo: [malloc] Total allocated space:                       1640896 Byte
20220313 033838.969 INFO             PET1 PIOc_sync Enter - MemInfo: [malloc] Total free space:                           20956736 Byte
20220313 033838.969 INFO             PET1 PIOc_sync Enter - MemInfo: [malloc] Top-most, releasable space:                 15425408 Byte
20220313 033838.969 INFO             PET1 PIOc_sync Enter - MemInfo: [malloc] Total space in use, mmap + non-mmap:         5351872 Byte
20220313 033838.969 INFO             PET1 PIOc_sync Enter - MemInfo: [malloc] Total space held (mmap + non-mmap):         26308608 Byte
20220313 033838.969 INFO             PET1 PIOc_sync Enter - MemInfo: [malloc] Total space used (mmap + non-mmap):          5360080 Byte
20220313 033838.969 INFO             PET1 PIOc_sync Enter - MemInfo: Wall-clock time since execution start:                1.47646 seconds
20220313 033838.969 INFO             PET1 PIOc_sync Exit - MemInfo: [/proc/meminfo - SSI]	MemTotal:       527077124 kB
20220313 033838.969 INFO             PET1 PIOc_sync Exit - MemInfo: [/proc/meminfo - SSI]	MemFree:        517396976 kB
20220313 033838.969 INFO             PET1 PIOc_sync Exit - MemInfo: [/proc/meminfo - SSI]	MemAvailable:   517751012 kB
20220313 033838.969 INFO             PET1 PIOc_sync Exit - MemInfo: [/proc/meminfo - SSI]	Committed_AS:    1701852 kB
20220313 033838.969 INFO             PET1 PIOc_sync Exit - MemInfo: [/proc/meminfo - SSI]	CommittedPercent: 0.322885 %
20220313 033838.969 INFO             PET1 PIOc_sync Exit - MemInfo: [/proc/self/status]	VmPeak:	  207448 kB
20220313 033838.969 INFO             PET1 PIOc_sync Exit - MemInfo: [/proc/self/status]	VmSize:	  207448 kB
20220313 033838.969 INFO             PET1 PIOc_sync Exit - MemInfo: [/proc/self/status]	VmLck:	       0 kB
20220313 033838.969 INFO             PET1 PIOc_sync Exit - MemInfo: [/proc/self/status]	VmPin:	       0 kB
20220313 033838.969 INFO             PET1 PIOc_sync Exit - MemInfo: [/proc/self/status]	VmHWM:	   44468 kB
20220313 033838.969 INFO             PET1 PIOc_sync Exit - MemInfo: [/proc/self/status]	VmRSS:	   44452 kB
20220313 033838.970 INFO             PET1 PIOc_sync Exit - MemInfo: [/proc/self/status]	VmData:	   29764 kB
20220313 033838.970 INFO             PET1 PIOc_sync Exit - MemInfo: [/proc/self/status]	VmStk:	     156 kB
20220313 033838.970 INFO             PET1 PIOc_sync Exit - MemInfo: [/proc/self/status]	VmExe:	     348 kB
20220313 033838.970 INFO             PET1 PIOc_sync Exit - MemInfo: [/proc/self/status]	VmLib:	  103544 kB
20220313 033838.970 INFO             PET1 PIOc_sync Exit - MemInfo: [/proc/self/status]	VmPTE:	     400 kB
20220313 033838.970 INFO             PET1 PIOc_sync Exit - MemInfo: [/proc/self/status]	VmSwap:	       0 kB
20220313 033838.970 INFO             PET1 PIOc_sync Exit - MemInfo: [/proc/self/status]	VmRSSPercent: 0.00843368 %
20220313 033838.970 INFO             PET1 PIOc_sync Exit - MemInfo: [malloc] Non-mmapped space allocated:                22597632 Byte
20220313 033838.970 INFO             PET1 PIOc_sync Exit - MemInfo: [malloc] Space allocated in mmapped regions:          3710976 Byte
20220313 033838.970 INFO             PET1 PIOc_sync Exit - MemInfo: [malloc] Maximum total allocated space:                     0 Byte
20220313 033838.970 INFO             PET1 PIOc_sync Exit - MemInfo: [malloc] Space in freed fastbin blocks:                     0 Byte
