build time -- 2022-03-13 03:31:55
20220313 034234.177 INFO             PET0 !!!!!!!!!!!!!!!!!!!!!!!!!!!!!!!!!!!!!!!!!!!!!!!!!!!!!!
20220313 034234.177 INFO             PET0 !!! THE ESMF_LOG IS SET TO OUTPUT ALL LOG MESSAGES !!!
20220313 034234.177 INFO             PET0 !!!     THIS MAY CAUSE SLOWDOWN IN PERFORMANCE     !!!
20220313 034234.177 INFO             PET0 !!! FOR PRODUCTION RUNS, USE:                      !!!
20220313 034234.177 INFO             PET0 !!!                   ESMF_LOGKIND_Multi_On_Error  !!!
20220313 034234.177 INFO             PET0 !!!!!!!!!!!!!!!!!!!!!!!!!!!!!!!!!!!!!!!!!!!!!!!!!!!!!!
20220313 034234.177 INFO             PET0 Running with ESMF Version   : v8.3.0b09-96-g559b459836
20220313 034234.177 INFO             PET0 ESMF library build date/time: "Mar 13 2022" "03:30:54"
20220313 034234.177 INFO             PET0 ESMF library build location : /lfs/h1/emc/ptmp/Mark.Potts/gfortran_10.3.0_mpich3_g_jedwards_pio_update2
20220313 034234.177 INFO             PET0 ESMF_COMM                   : mpich3
20220313 034234.178 INFO             PET0 ESMF_MOAB                   : enabled
20220313 034234.178 INFO             PET0 ESMF_LAPACK                 : enabled
20220313 034234.178 INFO             PET0 ESMF_NETCDF                 : enabled
20220313 034234.178 INFO             PET0 ESMF_PNETCDF                : disabled
20220313 034234.178 INFO             PET0 ESMF_PIO                    : enabled
20220313 034234.178 INFO             PET0 ESMF_YAMLCPP                : enabled
20220313 034234.178 INFO             PET0  Beginning Test, file ESMF_FieldSMMFromFileUTest.F90, line 287
20220313 034234.178 INFO             PET0  NUMBER_OF_PROCESSORS           4
20220313 034234.683 INFO             PET0  PASS  ESMF_FieldSMMFromFile Unit Test, ESMF_FieldSMMFromFileUTest.F90, line 300
20220313 034234.694 INFO             PET0 PIOc_sync Enter - MemInfo: [/proc/meminfo - SSI]	MemTotal:       527077124 kB
20220313 034234.694 INFO             PET0 PIOc_sync Enter - MemInfo: [/proc/meminfo - SSI]	MemFree:        517286368 kB
20220313 034234.694 INFO             PET0 PIOc_sync Enter - MemInfo: [/proc/meminfo - SSI]	MemAvailable:   517735744 kB
20220313 034234.694 INFO             PET0 PIOc_sync Enter - MemInfo: [/proc/meminfo - SSI]	Committed_AS:    1726384 kB
20220313 034234.694 INFO             PET0 PIOc_sync Enter - MemInfo: [/proc/meminfo - SSI]	CommittedPercent: 0.327539 %
20220313 034234.695 INFO             PET0 PIOc_sync Enter - MemInfo: [/proc/self/status]	VmPeak:	  230092 kB
20220313 034234.695 INFO             PET0 PIOc_sync Enter - MemInfo: [/proc/self/status]	VmSize:	  230092 kB
20220313 034234.695 INFO             PET0 PIOc_sync Enter - MemInfo: [/proc/self/status]	VmLck:	       0 kB
20220313 034234.695 INFO             PET0 PIOc_sync Enter - MemInfo: [/proc/self/status]	VmPin:	       0 kB
20220313 034234.695 INFO             PET0 PIOc_sync Enter - MemInfo: [/proc/self/status]	VmHWM:	   73484 kB
20220313 034234.695 INFO             PET0 PIOc_sync Enter - MemInfo: [/proc/self/status]	VmRSS:	   73484 kB
20220313 034234.695 INFO             PET0 PIOc_sync Enter - MemInfo: [/proc/self/status]	VmData:	   52424 kB
20220313 034234.695 INFO             PET0 PIOc_sync Enter - MemInfo: [/proc/self/status]	VmStk:	     156 kB
20220313 034234.695 INFO             PET0 PIOc_sync Enter - MemInfo: [/proc/self/status]	VmExe:	     332 kB
20220313 034234.695 INFO             PET0 PIOc_sync Enter - MemInfo: [/proc/self/status]	VmLib:	  103544 kB
20220313 034234.695 INFO             PET0 PIOc_sync Enter - MemInfo: [/proc/self/status]	VmPTE:	     460 kB
20220313 034234.695 INFO             PET0 PIOc_sync Enter - MemInfo: [/proc/self/status]	VmSwap:	       0 kB
20220313 034234.695 INFO             PET0 PIOc_sync Enter - MemInfo: [/proc/self/status]	VmRSSPercent: 0.0139418 %
20220313 034234.695 INFO             PET0 PIOc_sync Enter - MemInfo: [malloc] Non-mmapped space allocated:                46964736 Byte
20220313 034234.695 INFO             PET0 PIOc_sync Enter - MemInfo: [malloc] Space allocated in mmapped regions:          2547712 Byte
20220313 034234.695 INFO             PET0 PIOc_sync Enter - MemInfo: [malloc] Maximum total allocated space:                     0 Byte
20220313 034234.695 INFO             PET0 PIOc_sync Enter - MemInfo: [malloc] Space in freed fastbin blocks:                     0 Byte
20220313 034234.695 INFO             PET0 PIOc_sync Enter - MemInfo: [malloc] Total allocated space:                      36317280 Byte
20220313 034234.695 INFO             PET0 PIOc_sync Enter - MemInfo: [malloc] Total free space:                           10647456 Byte
20220313 034234.695 INFO             PET0 PIOc_sync Enter - MemInfo: [malloc] Top-most, releasable space:                   132208 Byte
20220313 034234.695 INFO             PET0 PIOc_sync Enter - MemInfo: [malloc] Total space in use, mmap + non-mmap:        38864992 Byte
20220313 034234.695 INFO             PET0 PIOc_sync Enter - MemInfo: [malloc] Total space held (mmap + non-mmap):         49512448 Byte
20220313 034234.695 INFO             PET0 PIOc_sync Enter - MemInfo: [malloc] Total space used (mmap + non-mmap):         38873728 Byte
20220313 034234.695 INFO             PET0 PIOc_sync Enter - MemInfo: Wall-clock time since execution start:               0.519571 seconds
20220313 034234.695 INFO             PET0 PIOc_sync Exit - MemInfo: [/proc/meminfo - SSI]	MemTotal:       527077124 kB
20220313 034234.695 INFO             PET0 PIOc_sync Exit - MemInfo: [/proc/meminfo - SSI]	MemFree:        517286368 kB
20220313 034234.695 INFO             PET0 PIOc_sync Exit - MemInfo: [/proc/meminfo - SSI]	MemAvailable:   517735744 kB
20220313 034234.695 INFO             PET0 PIOc_sync Exit - MemInfo: [/proc/meminfo - SSI]	Committed_AS:    1726384 kB
20220313 034234.695 INFO             PET0 PIOc_sync Exit - MemInfo: [/proc/meminfo - SSI]	CommittedPercent: 0.327539 %
20220313 034234.695 INFO             PET0 PIOc_sync Exit - MemInfo: [/proc/self/status]	VmPeak:	  230092 kB
20220313 034234.695 INFO             PET0 PIOc_sync Exit - MemInfo: [/proc/self/status]	VmSize:	  230092 kB
20220313 034234.695 INFO             PET0 PIOc_sync Exit - MemInfo: [/proc/self/status]	VmLck:	       0 kB
20220313 034234.695 INFO             PET0 PIOc_sync Exit - MemInfo: [/proc/self/status]	VmPin:	       0 kB
20220313 034234.695 INFO             PET0 PIOc_sync Exit - MemInfo: [/proc/self/status]	VmHWM:	   73484 kB
20220313 034234.695 INFO             PET0 PIOc_sync Exit - MemInfo: [/proc/self/status]	VmRSS:	   73484 kB
20220313 034234.695 INFO             PET0 PIOc_sync Exit - MemInfo: [/proc/self/status]	VmData:	   52424 kB
20220313 034234.695 INFO             PET0 PIOc_sync Exit - MemInfo: [/proc/self/status]	VmStk:	     156 kB
20220313 034234.695 INFO             PET0 PIOc_sync Exit - MemInfo: [/proc/self/status]	VmExe:	     332 kB
20220313 034234.695 INFO             PET0 PIOc_sync Exit - MemInfo: [/proc/self/status]	VmLib:	  103544 kB
20220313 034234.695 INFO             PET0 PIOc_sync Exit - MemInfo: [/proc/self/status]	VmPTE:	     460 kB
20220313 034234.695 INFO             PET0 PIOc_sync Exit - MemInfo: [/proc/self/status]	VmSwap:	       0 kB
20220313 034234.695 INFO             PET0 PIOc_sync Exit - MemInfo: [/proc/self/status]	VmRSSPercent: 0.0139418 %
20220313 034234.695 INFO             PET0 PIOc_sync Exit - MemInfo: [malloc] Non-mmapped space allocated:                46964736 Byte
20220313 034234.695 INFO             PET0 PIOc_sync Exit - MemInfo: [malloc] Space allocated in mmapped regions:          2547712 Byte
20220313 034234.695 INFO             PET0 PIOc_sync Exit - MemInfo: [malloc] Maximum total allocated space:                     0 Byte
20220313 034234.695 INFO             PET0 PIOc_sync Exit - MemInfo: [malloc] Space in freed fastbin blocks:                     0 Byte
20220313 034234.695 INFO             PET0 PIOc_sync Exit - MemInfo: [malloc] Total allocated space:                      36671632 Byte
20220313 034234.695 INFO             PET0 PIOc_sync Exit - MemInfo: [malloc] Total free space:                           10293104 Byte
20220313 034234.695 INFO             PET0 PIOc_sync Exit - MemInfo: [malloc] Top-most, releasable space:                   132208 Byte
20220313 034234.695 INFO             PET0 PIOc_sync Exit - MemInfo: [malloc] Total space in use, mmap + non-mmap:        39219344 Byte
20220313 034234.695 INFO             PET0 PIOc_sync Exit - MemInfo: [malloc] Total space held (mmap + non-mmap):         49512448 Byte
20220313 034234.695 INFO             PET0 PIOc_sync Exit - MemInfo: [malloc] Total space used (mmap + non-mmap):         39227552 Byte
20220313 034234.695 INFO             PET0 PIOc_sync Exit - MemInfo: Wall-clock time since execution start:               0.519898 seconds
20220313 034234.695 INFO             PET0 PIOc_freedecomp Enter - MemInfo: [/proc/meminfo - SSI]	MemTotal:       527077124 kB
20220313 034234.695 INFO             PET0 PIOc_freedecomp Enter - MemInfo: [/proc/meminfo - SSI]	MemFree:        517286368 kB
20220313 034234.695 INFO             PET0 PIOc_freedecomp Enter - MemInfo: [/proc/meminfo - SSI]	MemAvailable:   517735744 kB
20220313 034234.695 INFO             PET0 PIOc_freedecomp Enter - MemInfo: [/proc/meminfo - SSI]	Committed_AS:    1726384 kB
20220313 034234.695 INFO             PET0 PIOc_freedecomp Enter - MemInfo: [/proc/meminfo - SSI]	CommittedPercent: 0.327539 %
20220313 034234.695 INFO             PET0 PIOc_freedecomp Enter - MemInfo: [/proc/self/status]	VmPeak:	  230092 kB
20220313 034234.695 INFO             PET0 PIOc_freedecomp Enter - MemInfo: [/proc/self/status]	VmSize:	  230092 kB
20220313 034234.695 INFO             PET0 PIOc_freedecomp Enter - MemInfo: [/proc/self/status]	VmLck:	       0 kB
20220313 034234.695 INFO             PET0 PIOc_freedecomp Enter - MemInfo: [/proc/self/status]	VmPin:	       0 kB
20220313 034234.695 INFO             PET0 PIOc_freedecomp Enter - MemInfo: [/proc/self/status]	VmHWM:	   73484 kB
20220313 034234.695 INFO             PET0 PIOc_freedecomp Enter - MemInfo: [/proc/self/status]	VmRSS:	   73484 kB
20220313 034234.695 INFO             PET0 PIOc_freedecomp Enter - MemInfo: [/proc/self/status]	VmData:	   52424 kB
20220313 034234.695 INFO             PET0 PIOc_freedecomp Enter - MemInfo: [/proc/self/status]	VmStk:	     156 kB
20220313 034234.695 INFO             PET0 PIOc_freedecomp Enter - MemInfo: [/proc/self/status]	VmExe:	     332 kB
20220313 034234.695 INFO             PET0 PIOc_freedecomp Enter - MemInfo: [/proc/self/status]	VmLib:	  103544 kB
20220313 034234.695 INFO             PET0 PIOc_freedecomp Enter - MemInfo: [/proc/self/status]	VmPTE:	     460 kB
20220313 034234.695 INFO             PET0 PIOc_freedecomp Enter - MemInfo: [/proc/self/status]	VmSwap:	       0 kB
20220313 034234.695 INFO             PET0 PIOc_freedecomp Enter - MemInfo: [/proc/self/status]	VmRSSPercent: 0.0139418 %
20220313 034234.695 INFO             PET0 PIOc_freedecomp Enter - MemInfo: [malloc] Non-mmapped space allocated:                46964736 Byte
20220313 034234.695 INFO             PET0 PIOc_freedecomp Enter - MemInfo: [malloc] Space allocated in mmapped regions:          2547712 Byte
20220313 034234.695 INFO             PET0 PIOc_freedecomp Enter - MemInfo: [malloc] Maximum total allocated space:                     0 Byte
20220313 034234.695 INFO             PET0 PIOc_freedecomp Enter - MemInfo: [malloc] Space in freed fastbin blocks:                   624 Byte
20220313 034234.695 INFO             PET0 PIOc_freedecomp Enter - MemInfo: [malloc] Total allocated space:                      28271632 Byte
20220313 034234.695 INFO             PET0 PIOc_freedecomp Enter - MemInfo: [malloc] Total free space:                           18693104 Byte
20220313 034234.695 INFO             PET0 PIOc_freedecomp Enter - MemInfo: [malloc] Top-most, releasable space:                  8520832 Byte
20220313 034234.695 INFO             PET0 PIOc_freedecomp Enter - MemInfo: [malloc] Total space in use, mmap + non-mmap:        30819344 Byte
20220313 034234.695 INFO             PET0 PIOc_freedecomp Enter - MemInfo: [malloc] Total space held (mmap + non-mmap):         49512448 Byte
20220313 034234.695 INFO             PET0 PIOc_freedecomp Enter - MemInfo: [malloc] Total space used (mmap + non-mmap):         30827552 Byte
20220313 034234.695 INFO             PET0 PIOc_freedecomp Enter - MemInfo: Wall-clock time since execution start:               0.520253 seconds
20220313 034234.695 INFO             PET0 PIOc_freedecomp Exit - MemInfo: [/proc/meminfo - SSI]	MemTotal:       527077124 kB
20220313 034234.695 INFO             PET0 PIOc_freedecomp Exit - MemInfo: [/proc/meminfo - SSI]	MemFree:        517286368 kB
20220313 034234.695 INFO             PET0 PIOc_freedecomp Exit - MemInfo: [/proc/meminfo - SSI]	MemAvailable:   517735744 kB
20220313 034234.695 INFO             PET0 PIOc_freedecomp Exit - MemInfo: [/proc/meminfo - SSI]	Committed_AS:    1726384 kB
20220313 034234.695 INFO             PET0 PIOc_freedecomp Exit - MemInfo: [/proc/meminfo - SSI]	CommittedPercent: 0.327539 %
20220313 034234.695 INFO             PET0 PIOc_freedecomp Exit - MemInfo: [/proc/self/status]	VmPeak:	  230092 kB
20220313 034234.695 INFO             PET0 PIOc_freedecomp Exit - MemInfo: [/proc/self/status]	VmSize:	  230092 kB
20220313 034234.695 INFO             PET0 PIOc_freedecomp Exit - MemInfo: [/proc/self/status]	VmLck:	       0 kB
20220313 034234.695 INFO             PET0 PIOc_freedecomp Exit - MemInfo: [/proc/self/status]	VmPin:	       0 kB
20220313 034234.695 INFO             PET0 PIOc_freedecomp Exit - MemInfo: [/proc/self/status]	VmHWM:	   73484 kB
20220313 034234.695 INFO             PET0 PIOc_freedecomp Exit - MemInfo: [/proc/self/status]	VmRSS:	   73484 kB
20220313 034234.695 INFO             PET0 PIOc_freedecomp Exit - MemInfo: [/proc/self/status]	VmData:	   52424 kB
20220313 034234.695 INFO             PET0 PIOc_freedecomp Exit - MemInfo: [/proc/self/status]	VmStk:	     156 kB
20220313 034234.695 INFO             PET0 PIOc_freedecomp Exit - MemInfo: [/proc/self/status]	VmExe:	     332 kB
20220313 034234.695 INFO             PET0 PIOc_freedecomp Exit - MemInfo: [/proc/self/status]	VmLib:	  103544 kB
20220313 034234.695 INFO             PET0 PIOc_freedecomp Exit - MemInfo: [/proc/self/status]	VmPTE:	     460 kB
20220313 034234.695 INFO             PET0 PIOc_freedecomp Exit - MemInfo: [/proc/self/status]	VmSwap:	       0 kB
20220313 034234.696 INFO             PET0 PIOc_freedecomp Exit - MemInfo: [/proc/self/status]	VmRSSPercent: 0.0139418 %
20220313 034234.696 INFO             PET0 PIOc_freedecomp Exit - MemInfo: [malloc] Non-mmapped space allocated:                46964736 Byte
20220313 034234.696 INFO             PET0 PIOc_freedecomp Exit - MemInfo: [malloc] Space allocated in mmapped regions:          2547712 Byte
20220313 034234.696 INFO             PET0 PIOc_freedecomp Exit - MemInfo: [malloc] Maximum total allocated space:                     0 Byte
20220313 034234.696 INFO             PET0 PIOc_freedecomp Exit - MemInfo: [malloc] Space in freed fastbin blocks:                   864 Byte
20220313 034234.696 INFO             PET0 PIOc_freedecomp Exit - MemInfo: [malloc] Total allocated space:                      28268096 Byte
20220313 034234.696 INFO             PET0 PIOc_freedecomp Exit - MemInfo: [malloc] Total free space:                           18696640 Byte
20220313 034234.696 INFO             PET0 PIOc_freedecomp Exit - MemInfo: [malloc] Top-most, releasable space:                  8520832 Byte
20220313 034234.696 INFO             PET0 PIOc_freedecomp Exit - MemInfo: [malloc] Total space in use, mmap + non-mmap:        30815808 Byte
20220313 034234.696 INFO             PET0 PIOc_freedecomp Exit - MemInfo: [malloc] Total space held (mmap + non-mmap):         49512448 Byte
20220313 034234.696 INFO             PET0 PIOc_freedecomp Exit - MemInfo: [malloc] Total space used (mmap + non-mmap):         30824016 Byte
20220313 034234.696 INFO             PET0 PIOc_freedecomp Exit - MemInfo: Wall-clock time since execution start:               0.520438 seconds
20220313 034234.697 INFO             PET0 PIOc_sync Enter - MemInfo: [/proc/meminfo - SSI]	MemTotal:       527077124 kB
20220313 034234.697 INFO             PET0 PIOc_sync Enter - MemInfo: [/proc/meminfo - SSI]	MemFree:        517286368 kB
20220313 034234.697 INFO             PET0 PIOc_sync Enter - MemInfo: [/proc/meminfo - SSI]	MemAvailable:   517735744 kB
20220313 034234.697 INFO             PET0 PIOc_sync Enter - MemInfo: [/proc/meminfo - SSI]	Committed_AS:    1726384 kB
20220313 034234.697 INFO             PET0 PIOc_sync Enter - MemInfo: [/proc/meminfo - SSI]	CommittedPercent: 0.327539 %
20220313 034234.697 INFO             PET0 PIOc_sync Enter - MemInfo: [/proc/self/status]	VmPeak:	  230092 kB
20220313 034234.697 INFO             PET0 PIOc_sync Enter - MemInfo: [/proc/self/status]	VmSize:	  230092 kB
20220313 034234.697 INFO             PET0 PIOc_sync Enter - MemInfo: [/proc/self/status]	VmLck:	       0 kB
20220313 034234.697 INFO             PET0 PIOc_sync Enter - MemInfo: [/proc/self/status]	VmPin:	       0 kB
20220313 034234.697 INFO             PET0 PIOc_sync Enter - MemInfo: [/proc/self/status]	VmHWM:	   73564 kB
20220313 034234.697 INFO             PET0 PIOc_sync Enter - MemInfo: [/proc/self/status]	VmRSS:	   73540 kB
20220313 034234.697 INFO             PET0 PIOc_sync Enter - MemInfo: [/proc/self/status]	VmData:	   52424 kB
20220313 034234.697 INFO             PET0 PIOc_sync Enter - MemInfo: [/proc/self/status]	VmStk:	     156 kB
20220313 034234.697 INFO             PET0 PIOc_sync Enter - MemInfo: [/proc/self/status]	VmExe:	     332 kB
20220313 034234.697 INFO             PET0 PIOc_sync Enter - MemInfo: [/proc/self/status]	VmLib:	  103544 kB
20220313 034234.697 INFO             PET0 PIOc_sync Enter - MemInfo: [/proc/self/status]	VmPTE:	     460 kB
20220313 034234.697 INFO             PET0 PIOc_sync Enter - MemInfo: [/proc/self/status]	VmSwap:	       0 kB
20220313 034234.697 INFO             PET0 PIOc_sync Enter - MemInfo: [/proc/self/status]	VmRSSPercent: 0.0139524 %
20220313 034234.697 INFO             PET0 PIOc_sync Enter - MemInfo: [malloc] Non-mmapped space allocated:                46964736 Byte
20220313 034234.697 INFO             PET0 PIOc_sync Enter - MemInfo: [malloc] Space allocated in mmapped regions:          2547712 Byte
20220313 034234.697 INFO             PET0 PIOc_sync Enter - MemInfo: [malloc] Maximum total allocated space:                     0 Byte
20220313 034234.697 INFO             PET0 PIOc_sync Enter - MemInfo: [malloc] Space in freed fastbin blocks:                   128 Byte
20220313 034234.697 INFO             PET0 PIOc_sync Enter - MemInfo: [malloc] Total allocated space:                      36672000 Byte
20220313 034234.697 INFO             PET0 PIOc_sync Enter - MemInfo: [malloc] Total free space:                           10292736 Byte
20220313 034234.697 INFO             PET0 PIOc_sync Enter - MemInfo: [malloc] Top-most, releasable space:                   132208 Byte
20220313 034234.697 INFO             PET0 PIOc_sync Enter - MemInfo: [malloc] Total space in use, mmap + non-mmap:        39219712 Byte
20220313 034234.697 INFO             PET0 PIOc_sync Enter - MemInfo: [malloc] Total space held (mmap + non-mmap):         49512448 Byte
20220313 034234.697 INFO             PET0 PIOc_sync Enter - MemInfo: [malloc] Total space used (mmap + non-mmap):         39227920 Byte
20220313 034234.697 INFO             PET0 PIOc_sync Enter - MemInfo: Wall-clock time since execution start:               0.522209 seconds
20220313 034234.697 INFO             PET0 PIOc_sync Exit - MemInfo: [/proc/meminfo - SSI]	MemTotal:       527077124 kB
20220313 034234.697 INFO             PET0 PIOc_sync Exit - MemInfo: [/proc/meminfo - SSI]	MemFree:        517286368 kB
20220313 034234.697 INFO             PET0 PIOc_sync Exit - MemInfo: [/proc/meminfo - SSI]	MemAvailable:   517735744 kB
20220313 034234.697 INFO             PET0 PIOc_sync Exit - MemInfo: [/proc/meminfo - SSI]	Committed_AS:    1726384 kB
20220313 034234.697 INFO             PET0 PIOc_sync Exit - MemInfo: [/proc/meminfo - SSI]	CommittedPercent: 0.327539 %
20220313 034234.697 INFO             PET0 PIOc_sync Exit - MemInfo: [/proc/self/status]	VmPeak:	  230092 kB
20220313 034234.697 INFO             PET0 PIOc_sync Exit - MemInfo: [/proc/self/status]	VmSize:	  230092 kB
20220313 034234.697 INFO             PET0 PIOc_sync Exit - MemInfo: [/proc/self/status]	VmLck:	       0 kB
20220313 034234.697 INFO             PET0 PIOc_sync Exit - MemInfo: [/proc/self/status]	VmPin:	       0 kB
20220313 034234.697 INFO             PET0 PIOc_sync Exit - MemInfo: [/proc/self/status]	VmHWM:	   73564 kB
20220313 034234.697 INFO             PET0 PIOc_sync Exit - MemInfo: [/proc/self/status]	VmRSS:	   73540 kB
20220313 034234.698 INFO             PET0 PIOc_sync Exit - MemInfo: [/proc/self/status]	VmData:	   52424 kB
20220313 034234.698 INFO             PET0 PIOc_sync Exit - MemInfo: [/proc/self/status]	VmStk:	     156 kB
20220313 034234.698 INFO             PET0 PIOc_sync Exit - MemInfo: [/proc/self/status]	VmExe:	     332 kB
20220313 034234.698 INFO             PET0 PIOc_sync Exit - MemInfo: [/proc/self/status]	VmLib:	  103544 kB
20220313 034234.698 INFO             PET0 PIOc_sync Exit - MemInfo: [/proc/self/status]	VmPTE:	     460 kB
20220313 034234.698 INFO             PET0 PIOc_sync Exit - MemInfo: [/proc/self/status]	VmSwap:	       0 kB
20220313 034234.698 INFO             PET0 PIOc_sync Exit - MemInfo: [/proc/self/status]	VmRSSPercent: 0.0139524 %
20220313 034234.698 INFO             PET0 PIOc_sync Exit - MemInfo: [malloc] Non-mmapped space allocated:                46964736 Byte
20220313 034234.698 INFO             PET0 PIOc_sync Exit - MemInfo: [malloc] Space allocated in mmapped regions:          2547712 Byte
20220313 034234.698 INFO             PET0 PIOc_sync Exit - MemInfo: [malloc] Maximum total allocated space:                     0 Byte
20220313 034234.698 INFO             PET0 PIOc_sync Exit - MemInfo: [malloc] Space in freed fastbin blocks:                   176 Byte
20220313 034234.698 INFO             PET0 PIOc_sync Exit - MemInfo: [malloc] Total allocated space:                      36673040 Byte
20220313 034234.698 INFO             PET0 PIOc_sync Exit - MemInfo: [malloc] Total free space:                           10291696 Byte
20220313 034234.698 INFO             PET0 PIOc_sync Exit - MemInfo: [malloc] Top-most, releasable space:                   132208 Byte
20220313 034234.698 INFO             PET0 PIOc_sync Exit - MemInfo: [malloc] Total space in use, mmap + non-mmap:        39220752 Byte
20220313 034234.698 INFO             PET0 PIOc_sync Exit - MemInfo: [malloc] Total space held (mmap + non-mmap):         49512448 Byte
20220313 034234.698 INFO             PET0 PIOc_sync Exit - MemInfo: [malloc] Total space used (mmap + non-mmap):         39228960 Byte
20220313 034234.698 INFO             PET0 PIOc_sync Exit - MemInfo: Wall-clock time since execution start:               0.522466 seconds
20220313 034234.698 INFO             PET0 PIOc_freedecomp Enter - MemInfo: [/proc/meminfo - SSI]	MemTotal:       527077124 kB
20220313 034234.698 INFO             PET0 PIOc_freedecomp Enter - MemInfo: [/proc/meminfo - SSI]	MemFree:        517286368 kB
20220313 034234.698 INFO             PET0 PIOc_freedecomp Enter - MemInfo: [/proc/meminfo - SSI]	MemAvailable:   517735744 kB
20220313 034234.698 INFO             PET0 PIOc_freedecomp Enter - MemInfo: [/proc/meminfo - SSI]	Committed_AS:    1726384 kB
20220313 034234.698 INFO             PET0 PIOc_freedecomp Enter - MemInfo: [/proc/meminfo - SSI]	CommittedPercent: 0.327539 %
20220313 034234.698 INFO             PET0 PIOc_freedecomp Enter - MemInfo: [/proc/self/status]	VmPeak:	  230092 kB
20220313 034234.698 INFO             PET0 PIOc_freedecomp Enter - MemInfo: [/proc/self/status]	VmSize:	  230092 kB
20220313 034234.698 INFO             PET0 PIOc_freedecomp Enter - MemInfo: [/proc/self/status]	VmLck:	       0 kB
20220313 034234.698 INFO             PET0 PIOc_freedecomp Enter - MemInfo: [/proc/self/status]	VmPin:	       0 kB
20220313 034234.698 INFO             PET0 PIOc_freedecomp Enter - MemInfo: [/proc/self/status]	VmHWM:	   73564 kB
20220313 034234.698 INFO             PET0 PIOc_freedecomp Enter - MemInfo: [/proc/self/status]	VmRSS:	   73540 kB
20220313 034234.698 INFO             PET0 PIOc_freedecomp Enter - MemInfo: [/proc/self/status]	VmData:	   52424 kB
20220313 034234.698 INFO             PET0 PIOc_freedecomp Enter - MemInfo: [/proc/self/status]	VmStk:	     156 kB
20220313 034234.698 INFO             PET0 PIOc_freedecomp Enter - MemInfo: [/proc/self/status]	VmExe:	     332 kB
20220313 034234.698 INFO             PET0 PIOc_freedecomp Enter - MemInfo: [/proc/self/status]	VmLib:	  103544 kB
20220313 034234.698 INFO             PET0 PIOc_freedecomp Enter - MemInfo: [/proc/self/status]	VmPTE:	     460 kB
20220313 034234.698 INFO             PET0 PIOc_freedecomp Enter - MemInfo: [/proc/self/status]	VmSwap:	       0 kB
20220313 034234.698 INFO             PET0 PIOc_freedecomp Enter - MemInfo: [/proc/self/status]	VmRSSPercent: 0.0139524 %
20220313 034234.698 INFO             PET0 PIOc_freedecomp Enter - MemInfo: [malloc] Non-mmapped space allocated:                46964736 Byte
20220313 034234.698 INFO             PET0 PIOc_freedecomp Enter - MemInfo: [malloc] Space allocated in mmapped regions:          2547712 Byte
20220313 034234.698 INFO             PET0 PIOc_freedecomp Enter - MemInfo: [malloc] Maximum total allocated space:                     0 Byte
20220313 034234.698 INFO             PET0 PIOc_freedecomp Enter - MemInfo: [malloc] Space in freed fastbin blocks:                   832 Byte
20220313 034234.698 INFO             PET0 PIOc_freedecomp Enter - MemInfo: [malloc] Total allocated space:                      28272704 Byte
20220313 034234.698 INFO             PET0 PIOc_freedecomp Enter - MemInfo: [malloc] Total free space:                           18692032 Byte
20220313 034234.698 INFO             PET0 PIOc_freedecomp Enter - MemInfo: [malloc] Top-most, releasable space:                  8520832 Byte
20220313 034234.698 INFO             PET0 PIOc_freedecomp Enter - MemInfo: [malloc] Total space in use, mmap + non-mmap:        30820416 Byte
20220313 034234.698 INFO             PET0 PIOc_freedecomp Enter - MemInfo: [malloc] Total space held (mmap + non-mmap):         49512448 Byte
20220313 034234.698 INFO             PET0 PIOc_freedecomp Enter - MemInfo: [malloc] Total space used (mmap + non-mmap):         30828624 Byte
20220313 034234.698 INFO             PET0 PIOc_freedecomp Enter - MemInfo: Wall-clock time since execution start:               0.522783 seconds
20220313 034234.698 INFO             PET0 PIOc_freedecomp Exit - MemInfo: [/proc/meminfo - SSI]	MemTotal:       527077124 kB
20220313 034234.698 INFO             PET0 PIOc_freedecomp Exit - MemInfo: [/proc/meminfo - SSI]	MemFree:        517286368 kB
20220313 034234.698 INFO             PET0 PIOc_freedecomp Exit - MemInfo: [/proc/meminfo - SSI]	MemAvailable:   517735744 kB
20220313 034234.698 INFO             PET0 PIOc_freedecomp Exit - MemInfo: [/proc/meminfo - SSI]	Committed_AS:    1726384 kB
20220313 034234.698 INFO             PET0 PIOc_freedecomp Exit - MemInfo: [/proc/meminfo - SSI]	CommittedPercent: 0.327539 %
20220313 034234.698 INFO             PET0 PIOc_freedecomp Exit - MemInfo: [/proc/self/status]	VmPeak:	  230092 kB
20220313 034234.698 INFO             PET0 PIOc_freedecomp Exit - MemInfo: [/proc/self/status]	VmSize:	  230092 kB
20220313 034234.698 INFO             PET0 PIOc_freedecomp Exit - MemInfo: [/proc/self/status]	VmLck:	       0 kB
20220313 034234.698 INFO             PET0 PIOc_freedecomp Exit - MemInfo: [/proc/self/status]	VmPin:	       0 kB
20220313 034234.698 INFO             PET0 PIOc_freedecomp Exit - MemInfo: [/proc/self/status]	VmHWM:	   73564 kB
20220313 034234.698 INFO             PET0 PIOc_freedecomp Exit - MemInfo: [/proc/self/status]	VmRSS:	   73540 kB
20220313 034234.698 INFO             PET0 PIOc_freedecomp Exit - MemInfo: [/proc/self/status]	VmData:	   52424 kB
20220313 034234.698 INFO             PET0 PIOc_freedecomp Exit - MemInfo: [/proc/self/status]	VmStk:	     156 kB
20220313 034234.698 INFO             PET0 PIOc_freedecomp Exit - MemInfo: [/proc/self/status]	VmExe:	     332 kB
20220313 034234.698 INFO             PET0 PIOc_freedecomp Exit - MemInfo: [/proc/self/status]	VmLib:	  103544 kB
20220313 034234.698 INFO             PET0 PIOc_freedecomp Exit - MemInfo: [/proc/self/status]	VmPTE:	     460 kB
20220313 034234.698 INFO             PET0 PIOc_freedecomp Exit - MemInfo: [/proc/self/status]	VmSwap:	       0 kB
20220313 034234.698 INFO             PET0 PIOc_freedecomp Exit - MemInfo: [/proc/self/status]	VmRSSPercent: 0.0139524 %
20220313 034234.698 INFO             PET0 PIOc_freedecomp Exit - MemInfo: [malloc] Non-mmapped space allocated:                46964736 Byte
20220313 034234.698 INFO             PET0 PIOc_freedecomp Exit - MemInfo: [malloc] Space allocated in mmapped regions:          2547712 Byte
20220313 034234.698 INFO             PET0 PIOc_freedecomp Exit - MemInfo: [malloc] Maximum total allocated space:                     0 Byte
20220313 034234.698 INFO             PET0 PIOc_freedecomp Exit - MemInfo: [malloc] Space in freed fastbin blocks:                   912 Byte
20220313 034234.698 INFO             PET0 PIOc_freedecomp Exit - MemInfo: [malloc] Total allocated space:                      28269120 Byte
20220313 034234.698 INFO             PET0 PIOc_freedecomp Exit - MemInfo: [malloc] Total free space:                           18695616 Byte
20220313 034234.698 INFO             PET0 PIOc_freedecomp Exit - MemInfo: [malloc] Top-most, releasable space:                  8520832 Byte
20220313 034234.698 INFO             PET0 PIOc_freedecomp Exit - MemInfo: [malloc] Total space in use, mmap + non-mmap:        30816832 Byte
20220313 034234.698 INFO             PET0 PIOc_freedecomp Exit - MemInfo: [malloc] Total space held (mmap + non-mmap):         49512448 Byte
20220313 034234.698 INFO             PET0 PIOc_freedecomp Exit - MemInfo: [malloc] Total space used (mmap + non-mmap):         30825040 Byte
20220313 034234.698 INFO             PET0 PIOc_freedecomp Exit - MemInfo: Wall-clock time since execution start:               0.522982 seconds
20220313 034234.699 INFO             PET0 PIOc_sync Enter - MemInfo: [/proc/meminfo - SSI]	MemTotal:       527077124 kB
20220313 034234.699 INFO             PET0 PIOc_sync Enter - MemInfo: [/proc/meminfo - SSI]	MemFree:        517286368 kB
20220313 034234.699 INFO             PET0 PIOc_sync Enter - MemInfo: [/proc/meminfo - SSI]	MemAvailable:   517735744 kB
20220313 034234.699 INFO             PET0 PIOc_sync Enter - MemInfo: [/proc/meminfo - SSI]	Committed_AS:    1726384 kB
20220313 034234.699 INFO             PET0 PIOc_sync Enter - MemInfo: [/proc/meminfo - SSI]	CommittedPercent: 0.327539 %
20220313 034234.699 INFO             PET0 PIOc_sync Enter - MemInfo: [/proc/self/status]	VmPeak:	  230092 kB
20220313 034234.699 INFO             PET0 PIOc_sync Enter - MemInfo: [/proc/self/status]	VmSize:	  230092 kB
20220313 034234.699 INFO             PET0 PIOc_sync Enter - MemInfo: [/proc/self/status]	VmLck:	       0 kB
20220313 034234.699 INFO             PET0 PIOc_sync Enter - MemInfo: [/proc/self/status]	VmPin:	       0 kB
20220313 034234.699 INFO             PET0 PIOc_sync Enter - MemInfo: [/proc/self/status]	VmHWM:	   73564 kB
20220313 034234.699 INFO             PET0 PIOc_sync Enter - MemInfo: [/proc/self/status]	VmRSS:	   73540 kB
20220313 034234.699 INFO             PET0 PIOc_sync Enter - MemInfo: [/proc/self/status]	VmData:	   52424 kB
20220313 034234.699 INFO             PET0 PIOc_sync Enter - MemInfo: [/proc/self/status]	VmStk:	     156 kB
20220313 034234.699 INFO             PET0 PIOc_sync Enter - MemInfo: [/proc/self/status]	VmExe:	     332 kB
20220313 034234.699 INFO             PET0 PIOc_sync Enter - MemInfo: [/proc/self/status]	VmLib:	  103544 kB
20220313 034234.699 INFO             PET0 PIOc_sync Enter - MemInfo: [/proc/self/status]	VmPTE:	     460 kB
20220313 034234.699 INFO             PET0 PIOc_sync Enter - MemInfo: [/proc/self/status]	VmSwap:	       0 kB
20220313 034234.700 INFO             PET0 PIOc_sync Enter - MemInfo: [/proc/self/status]	VmRSSPercent: 0.0139524 %
20220313 034234.700 INFO             PET0 PIOc_sync Enter - MemInfo: [malloc] Non-mmapped space allocated:                46964736 Byte
20220313 034234.700 INFO             PET0 PIOc_sync Enter - MemInfo: [malloc] Space allocated in mmapped regions:          2547712 Byte
20220313 034234.700 INFO             PET0 PIOc_sync Enter - MemInfo: [malloc] Maximum total allocated space:                     0 Byte
20220313 034234.700 INFO             PET0 PIOc_sync Enter - MemInfo: [malloc] Space in freed fastbin blocks:                   432 Byte
20220313 034234.700 INFO             PET0 PIOc_sync Enter - MemInfo: [malloc] Total allocated space:                      36673280 Byte
20220313 034234.700 INFO             PET0 PIOc_sync Enter - MemInfo: [malloc] Total free space:                           10291456 Byte
20220313 034234.700 INFO             PET0 PIOc_sync Enter - MemInfo: [malloc] Top-most, releasable space:                   132208 Byte
20220313 034234.700 INFO             PET0 PIOc_sync Enter - MemInfo: [malloc] Total space in use, mmap + non-mmap:        39220992 Byte
20220313 034234.700 INFO             PET0 PIOc_sync Enter - MemInfo: [malloc] Total space held (mmap + non-mmap):         49512448 Byte
20220313 034234.700 INFO             PET0 PIOc_sync Enter - MemInfo: [malloc] Total space used (mmap + non-mmap):         39229312 Byte
20220313 034234.700 INFO             PET0 PIOc_sync Enter - MemInfo: Wall-clock time since execution start:               0.524467 seconds
20220313 034234.700 INFO             PET0 PIOc_sync Exit - MemInfo: [/proc/meminfo - SSI]	MemTotal:       527077124 kB
20220313 034234.700 INFO             PET0 PIOc_sync Exit - MemInfo: [/proc/meminfo - SSI]	MemFree:        517286368 kB
20220313 034234.700 INFO             PET0 PIOc_sync Exit - MemInfo: [/proc/meminfo - SSI]	MemAvailable:   517735744 kB
20220313 034234.700 INFO             PET0 PIOc_sync Exit - MemInfo: [/proc/meminfo - SSI]	Committed_AS:    1726384 kB
20220313 034234.700 INFO             PET0 PIOc_sync Exit - MemInfo: [/proc/meminfo - SSI]	CommittedPercent: 0.327539 %
20220313 034234.700 INFO             PET0 PIOc_sync Exit - MemInfo: [/proc/self/status]	VmPeak:	  230092 kB
20220313 034234.700 INFO             PET0 PIOc_sync Exit - MemInfo: [/proc/self/status]	VmSize:	  230092 kB
20220313 034234.700 INFO             PET0 PIOc_sync Exit - MemInfo: [/proc/self/status]	VmLck:	       0 kB
20220313 034234.700 INFO             PET0 PIOc_sync Exit - MemInfo: [/proc/self/status]	VmPin:	       0 kB
20220313 034234.700 INFO             PET0 PIOc_sync Exit - MemInfo: [/proc/self/status]	VmHWM:	   73564 kB
20220313 034234.700 INFO             PET0 PIOc_sync Exit - MemInfo: [/proc/self/status]	VmRSS:	   73540 kB
20220313 034234.700 INFO             PET0 PIOc_sync Exit - MemInfo: [/proc/self/status]	VmData:	   52424 kB
20220313 034234.700 INFO             PET0 PIOc_sync Exit - MemInfo: [/proc/self/status]	VmStk:	     156 kB
20220313 034234.700 INFO             PET0 PIOc_sync Exit - MemInfo: [/proc/self/status]	VmExe:	     332 kB
20220313 034234.700 INFO             PET0 PIOc_sync Exit - MemInfo: [/proc/self/status]	VmLib:	  103544 kB
20220313 034234.700 INFO             PET0 PIOc_sync Exit - MemInfo: [/proc/self/status]	VmPTE:	     460 kB
20220313 034234.700 INFO             PET0 PIOc_sync Exit - MemInfo: [/proc/self/status]	VmSwap:	       0 kB
20220313 034234.700 INFO             PET0 PIOc_sync Exit - MemInfo: [/proc/self/status]	VmRSSPercent: 0.0139524 %
20220313 034234.700 INFO             PET0 PIOc_sync Exit - MemInfo: [malloc] Non-mmapped space allocated:                46964736 Byte
20220313 034234.700 INFO             PET0 PIOc_sync Exit - MemInfo: [malloc] Space allocated in mmapped regions:          2547712 Byte
20220313 034234.700 INFO             PET0 PIOc_sync Exit - MemInfo: [malloc] Maximum total allocated space:                     0 Byte
20220313 034234.700 INFO             PET0 PIOc_sync Exit - MemInfo: [malloc] Space in freed fastbin blocks:                   144 Byte
20220313 034234.700 INFO             PET0 PIOc_sync Exit - MemInfo: [malloc] Total allocated space:                      36674112 Byte
20220313 034234.700 INFO             PET0 PIOc_sync Exit - MemInfo: [malloc] Total free space:                           10290624 Byte
20220313 034234.700 INFO             PET0 PIOc_sync Exit - MemInfo: [malloc] Top-most, releasable space:                   132208 Byte
20220313 034234.700 INFO             PET0 PIOc_sync Exit - MemInfo: [malloc] Total space in use, mmap + non-mmap:        39221824 Byte
20220313 034234.700 INFO             PET0 PIOc_sync Exit - MemInfo: [malloc] Total space held (mmap + non-mmap):         49512448 Byte
20220313 034234.700 INFO             PET0 PIOc_sync Exit - MemInfo: [malloc] Total space used (mmap + non-mmap):         39230032 Byte
20220313 034234.700 INFO             PET0 PIOc_sync Exit - MemInfo: Wall-clock time since execution start:               0.524742 seconds
20220313 034234.700 INFO             PET0 PIOc_freedecomp Enter - MemInfo: [/proc/meminfo - SSI]	MemTotal:       527077124 kB
20220313 034234.700 INFO             PET0 PIOc_freedecomp Enter - MemInfo: [/proc/meminfo - SSI]	MemFree:        517286368 kB
20220313 034234.700 INFO             PET0 PIOc_freedecomp Enter - MemInfo: [/proc/meminfo - SSI]	MemAvailable:   517735744 kB
20220313 034234.700 INFO             PET0 PIOc_freedecomp Enter - MemInfo: [/proc/meminfo - SSI]	Committed_AS:    1726384 kB
20220313 034234.700 INFO             PET0 PIOc_freedecomp Enter - MemInfo: [/proc/meminfo - SSI]	CommittedPercent: 0.327539 %
20220313 034234.700 INFO             PET0 PIOc_freedecomp Enter - MemInfo: [/proc/self/status]	VmPeak:	  230092 kB
20220313 034234.700 INFO             PET0 PIOc_freedecomp Enter - MemInfo: [/proc/self/status]	VmSize:	  230092 kB
20220313 034234.700 INFO             PET0 PIOc_freedecomp Enter - MemInfo: [/proc/self/status]	VmLck:	       0 kB
20220313 034234.700 INFO             PET0 PIOc_freedecomp Enter - MemInfo: [/proc/self/status]	VmPin:	       0 kB
20220313 034234.700 INFO             PET0 PIOc_freedecomp Enter - MemInfo: [/proc/self/status]	VmHWM:	   73564 kB
20220313 034234.700 INFO             PET0 PIOc_freedecomp Enter - MemInfo: [/proc/self/status]	VmRSS:	   73540 kB
20220313 034234.700 INFO             PET0 PIOc_freedecomp Enter - MemInfo: [/proc/self/status]	VmData:	   52424 kB
20220313 034234.700 INFO             PET0 PIOc_freedecomp Enter - MemInfo: [/proc/self/status]	VmStk:	     156 kB
20220313 034234.700 INFO             PET0 PIOc_freedecomp Enter - MemInfo: [/proc/self/status]	VmExe:	     332 kB
20220313 034234.700 INFO             PET0 PIOc_freedecomp Enter - MemInfo: [/proc/self/status]	VmLib:	  103544 kB
20220313 034234.700 INFO             PET0 PIOc_freedecomp Enter - MemInfo: [/proc/self/status]	VmPTE:	     460 kB
20220313 034234.700 INFO             PET0 PIOc_freedecomp Enter - MemInfo: [/proc/self/status]	VmSwap:	       0 kB
20220313 034234.700 INFO             PET0 PIOc_freedecomp Enter - MemInfo: [/proc/self/status]	VmRSSPercent: 0.0139524 %
20220313 034234.700 INFO             PET0 PIOc_freedecomp Enter - MemInfo: [malloc] Non-mmapped space allocated:                46964736 Byte
20220313 034234.700 INFO             PET0 PIOc_freedecomp Enter - MemInfo: [malloc] Space allocated in mmapped regions:          2547712 Byte
20220313 034234.700 INFO             PET0 PIOc_freedecomp Enter - MemInfo: [malloc] Maximum total allocated space:                     0 Byte
20220313 034234.700 INFO             PET0 PIOc_freedecomp Enter - MemInfo: [malloc] Space in freed fastbin blocks:                  1040 Byte
20220313 034234.700 INFO             PET0 PIOc_freedecomp Enter - MemInfo: [malloc] Total allocated space:                      28273200 Byte
20220313 034234.700 INFO             PET0 PIOc_freedecomp Enter - MemInfo: [malloc] Total free space:                           18691536 Byte
20220313 034234.700 INFO             PET0 PIOc_freedecomp Enter - MemInfo: [malloc] Top-most, releasable space:                  8520832 Byte
20220313 034234.700 INFO             PET0 PIOc_freedecomp Enter - MemInfo: [malloc] Total space in use, mmap + non-mmap:        30820912 Byte
20220313 034234.700 INFO             PET0 PIOc_freedecomp Enter - MemInfo: [malloc] Total space held (mmap + non-mmap):         49512448 Byte
20220313 034234.700 INFO             PET0 PIOc_freedecomp Enter - MemInfo: [malloc] Total space used (mmap + non-mmap):         30829120 Byte
20220313 034234.700 INFO             PET0 PIOc_freedecomp Enter - MemInfo: Wall-clock time since execution start:               0.525059 seconds
20220313 034234.700 INFO             PET0 PIOc_freedecomp Exit - MemInfo: [/proc/meminfo - SSI]	MemTotal:       527077124 kB
20220313 034234.700 INFO             PET0 PIOc_freedecomp Exit - MemInfo: [/proc/meminfo - SSI]	MemFree:        517286368 kB
20220313 034234.700 INFO             PET0 PIOc_freedecomp Exit - MemInfo: [/proc/meminfo - SSI]	MemAvailable:   517735744 kB
20220313 034234.700 INFO             PET0 PIOc_freedecomp Exit - MemInfo: [/proc/meminfo - SSI]	Committed_AS:    1726384 kB
20220313 034234.700 INFO             PET0 PIOc_freedecomp Exit - MemInfo: [/proc/meminfo - SSI]	CommittedPercent: 0.327539 %
20220313 034234.700 INFO             PET0 PIOc_freedecomp Exit - MemInfo: [/proc/self/status]	VmPeak:	  230092 kB
20220313 034234.700 INFO             PET0 PIOc_freedecomp Exit - MemInfo: [/proc/self/status]	VmSize:	  230092 kB
20220313 034234.700 INFO             PET0 PIOc_freedecomp Exit - MemInfo: [/proc/self/status]	VmLck:	       0 kB
20220313 034234.700 INFO             PET0 PIOc_freedecomp Exit - MemInfo: [/proc/self/status]	VmPin:	       0 kB
20220313 034234.700 INFO             PET0 PIOc_freedecomp Exit - MemInfo: [/proc/self/status]	VmHWM:	   73564 kB
20220313 034234.700 INFO             PET0 PIOc_freedecomp Exit - MemInfo: [/proc/self/status]	VmRSS:	   73540 kB
20220313 034234.700 INFO             PET0 PIOc_freedecomp Exit - MemInfo: [/proc/self/status]	VmData:	   52424 kB
20220313 034234.700 INFO             PET0 PIOc_freedecomp Exit - MemInfo: [/proc/self/status]	VmStk:	     156 kB
20220313 034234.700 INFO             PET0 PIOc_freedecomp Exit - MemInfo: [/proc/self/status]	VmExe:	     332 kB
20220313 034234.700 INFO             PET0 PIOc_freedecomp Exit - MemInfo: [/proc/self/status]	VmLib:	  103544 kB
20220313 034234.700 INFO             PET0 PIOc_freedecomp Exit - MemInfo: [/proc/self/status]	VmPTE:	     460 kB
20220313 034234.700 INFO             PET0 PIOc_freedecomp Exit - MemInfo: [/proc/self/status]	VmSwap:	       0 kB
20220313 034234.700 INFO             PET0 PIOc_freedecomp Exit - MemInfo: [/proc/self/status]	VmRSSPercent: 0.0139524 %
20220313 034234.700 INFO             PET0 PIOc_freedecomp Exit - MemInfo: [malloc] Non-mmapped space allocated:                46964736 Byte
20220313 034234.700 INFO             PET0 PIOc_freedecomp Exit - MemInfo: [malloc] Space allocated in mmapped regions:          2547712 Byte
20220313 034234.700 INFO             PET0 PIOc_freedecomp Exit - MemInfo: [malloc] Maximum total allocated space:                     0 Byte
20220313 034234.700 INFO             PET0 PIOc_freedecomp Exit - MemInfo: [malloc] Space in freed fastbin blocks:                   912 Byte
20220313 034234.700 INFO             PET0 PIOc_freedecomp Exit - MemInfo: [malloc] Total allocated space:                      28269392 Byte
20220313 034234.700 INFO             PET0 PIOc_freedecomp Exit - MemInfo: [malloc] Total free space:                           18695344 Byte
20220313 034234.700 INFO             PET0 PIOc_freedecomp Exit - MemInfo: [malloc] Top-most, releasable space:                  8520832 Byte
20220313 034234.700 INFO             PET0 PIOc_freedecomp Exit - MemInfo: [malloc] Total space in use, mmap + non-mmap:        30817104 Byte
20220313 034234.700 INFO             PET0 PIOc_freedecomp Exit - MemInfo: [malloc] Total space held (mmap + non-mmap):         49512448 Byte
20220313 034234.700 INFO             PET0 PIOc_freedecomp Exit - MemInfo: [malloc] Total space used (mmap + non-mmap):         30825312 Byte
20220313 034234.700 INFO             PET0 PIOc_freedecomp Exit - MemInfo: Wall-clock time since execution start:               0.525242 seconds
20220313 034234.704 INFO             PET0  PASS  ESMF_FieldRegridStoreFromFile Unit Test, ESMF_FieldSMMFromFileUTest.F90, line 315
20220313 034234.704 INFO             PET0  Ending Test, file ESMF_FieldSMMFromFileUTest.F90, line 322
20220313 034234.704 INFO             PET0 Finalizing ESMF
20220313 034234.177 INFO             PET1 !!!!!!!!!!!!!!!!!!!!!!!!!!!!!!!!!!!!!!!!!!!!!!!!!!!!!!
20220313 034234.177 INFO             PET1 !!! THE ESMF_LOG IS SET TO OUTPUT ALL LOG MESSAGES !!!
20220313 034234.177 INFO             PET1 !!!     THIS MAY CAUSE SLOWDOWN IN PERFORMANCE     !!!
20220313 034234.177 INFO             PET1 !!! FOR PRODUCTION RUNS, USE:                      !!!
20220313 034234.177 INFO             PET1 !!!                   ESMF_LOGKIND_Multi_On_Error  !!!
20220313 034234.177 INFO             PET1 !!!!!!!!!!!!!!!!!!!!!!!!!!!!!!!!!!!!!!!!!!!!!!!!!!!!!!
20220313 034234.177 INFO             PET1 Running with ESMF Version   : v8.3.0b09-96-g559b459836
20220313 034234.177 INFO             PET1 ESMF library build date/time: "Mar 13 2022" "03:30:54"
20220313 034234.177 INFO             PET1 ESMF library build location : /lfs/h1/emc/ptmp/Mark.Potts/gfortran_10.3.0_mpich3_g_jedwards_pio_update2
20220313 034234.177 INFO             PET1 ESMF_COMM                   : mpich3
20220313 034234.177 INFO             PET1 ESMF_MOAB                   : enabled
20220313 034234.177 INFO             PET1 ESMF_LAPACK                 : enabled
20220313 034234.177 INFO             PET1 ESMF_NETCDF                 : enabled
20220313 034234.177 INFO             PET1 ESMF_PNETCDF                : disabled
20220313 034234.177 INFO             PET1 ESMF_PIO                    : enabled
20220313 034234.177 INFO             PET1 ESMF_YAMLCPP                : enabled
20220313 034234.178 INFO             PET1  Beginning Test, file ESMF_FieldSMMFromFileUTest.F90, line 287
20220313 034234.178 INFO             PET1  NUMBER_OF_PROCESSORS           4
20220313 034234.681 INFO             PET1  PASS  ESMF_FieldSMMFromFile Unit Test, ESMF_FieldSMMFromFileUTest.F90, line 300
20220313 034234.694 INFO             PET1 PIOc_sync Enter - MemInfo: [/proc/meminfo - SSI]	MemTotal:       527077124 kB
20220313 034234.694 INFO             PET1 PIOc_sync Enter - MemInfo: [/proc/meminfo - SSI]	MemFree:        517286368 kB
20220313 034234.694 INFO             PET1 PIOc_sync Enter - MemInfo: [/proc/meminfo - SSI]	MemAvailable:   517735744 kB
20220313 034234.694 INFO             PET1 PIOc_sync Enter - MemInfo: [/proc/meminfo - SSI]	Committed_AS:    1726384 kB
20220313 034234.694 INFO             PET1 PIOc_sync Enter - MemInfo: [/proc/meminfo - SSI]	CommittedPercent: 0.327539 %
20220313 034234.695 INFO             PET1 PIOc_sync Enter - MemInfo: [/proc/self/status]	VmPeak:	  210312 kB
20220313 034234.695 INFO             PET1 PIOc_sync Enter - MemInfo: [/proc/self/status]	VmSize:	  210312 kB
20220313 034234.695 INFO             PET1 PIOc_sync Enter - MemInfo: [/proc/self/status]	VmLck:	       0 kB
20220313 034234.695 INFO             PET1 PIOc_sync Enter - MemInfo: [/proc/self/status]	VmPin:	       0 kB
20220313 034234.695 INFO             PET1 PIOc_sync Enter - MemInfo: [/proc/self/status]	VmHWM:	   56192 kB
20220313 034234.695 INFO             PET1 PIOc_sync Enter - MemInfo: [/proc/self/status]	VmRSS:	   56192 kB
20220313 034234.695 INFO             PET1 PIOc_sync Enter - MemInfo: [/proc/self/status]	VmData:	   32644 kB
20220313 034234.695 INFO             PET1 PIOc_sync Enter - MemInfo: [/proc/self/status]	VmStk:	     156 kB
20220313 034234.695 INFO             PET1 PIOc_sync Enter - MemInfo: [/proc/self/status]	VmExe:	     332 kB
20220313 034234.695 INFO             PET1 PIOc_sync Enter - MemInfo: [/proc/self/status]	VmLib:	  103544 kB
20220313 034234.695 INFO             PET1 PIOc_sync Enter - MemInfo: [/proc/self/status]	VmPTE:	     416 kB
20220313 034234.695 INFO             PET1 PIOc_sync Enter - MemInfo: [/proc/self/status]	VmSwap:	       0 kB
20220313 034234.695 INFO             PET1 PIOc_sync Enter - MemInfo: [/proc/self/status]	VmRSSPercent: 0.0106611 %
20220313 034234.695 INFO             PET1 PIOc_sync Enter - MemInfo: [malloc] Non-mmapped space allocated:                26710016 Byte
20220313 034234.695 INFO             PET1 PIOc_sync Enter - MemInfo: [malloc] Space allocated in mmapped regions:          2547712 Byte
20220313 034234.695 INFO             PET1 PIOc_sync Enter - MemInfo: [malloc] Maximum total allocated space:                     0 Byte
20220313 034234.695 INFO             PET1 PIOc_sync Enter - MemInfo: [malloc] Space in freed fastbin blocks:                     0 Byte
20220313 034234.695 INFO             PET1 PIOc_sync Enter - MemInfo: [malloc] Total allocated space:                      11196096 Byte
20220313 034234.695 INFO             PET1 PIOc_sync Enter - MemInfo: [malloc] Total free space:                           15513920 Byte
20220313 034234.695 INFO             PET1 PIOc_sync Enter - MemInfo: [malloc] Top-most, releasable space:                  8523424 Byte
20220313 034234.695 INFO             PET1 PIOc_sync Enter - MemInfo: [malloc] Total space in use, mmap + non-mmap:        13743808 Byte
20220313 034234.695 INFO             PET1 PIOc_sync Enter - MemInfo: [malloc] Total space held (mmap + non-mmap):         29257728 Byte
20220313 034234.695 INFO             PET1 PIOc_sync Enter - MemInfo: [malloc] Total space used (mmap + non-mmap):         13752656 Byte
20220313 034234.695 INFO             PET1 PIOc_sync Enter - MemInfo: Wall-clock time since execution start:               0.519571 seconds
20220313 034234.695 INFO             PET1 PIOc_sync Exit - MemInfo: [/proc/meminfo - SSI]	MemTotal:       527077124 kB
20220313 034234.695 INFO             PET1 PIOc_sync Exit - MemInfo: [/proc/meminfo - SSI]	MemFree:        517286368 kB
20220313 034234.695 INFO             PET1 PIOc_sync Exit - MemInfo: [/proc/meminfo - SSI]	MemAvailable:   517735744 kB
20220313 034234.695 INFO             PET1 PIOc_sync Exit - MemInfo: [/proc/meminfo - SSI]	Committed_AS:    1726384 kB
20220313 034234.695 INFO             PET1 PIOc_sync Exit - MemInfo: [/proc/meminfo - SSI]	CommittedPercent: 0.327539 %
20220313 034234.695 INFO             PET1 PIOc_sync Exit - MemInfo: [/proc/self/status]	VmPeak:	  210312 kB
20220313 034234.695 INFO             PET1 PIOc_sync Exit - MemInfo: [/proc/self/status]	VmSize:	  210312 kB
20220313 034234.695 INFO             PET1 PIOc_sync Exit - MemInfo: [/proc/self/status]	VmLck:	       0 kB
20220313 034234.695 INFO             PET1 PIOc_sync Exit - MemInfo: [/proc/self/status]	VmPin:	       0 kB
20220313 034234.695 INFO             PET1 PIOc_sync Exit - MemInfo: [/proc/self/status]	VmHWM:	   56192 kB
20220313 034234.695 INFO             PET1 PIOc_sync Exit - MemInfo: [/proc/self/status]	VmRSS:	   56192 kB
20220313 034234.695 INFO             PET1 PIOc_sync Exit - MemInfo: [/proc/self/status]	VmData:	   32644 kB
20220313 034234.695 INFO             PET1 PIOc_sync Exit - MemInfo: [/proc/self/status]	VmStk:	     156 kB
20220313 034234.695 INFO             PET1 PIOc_sync Exit - MemInfo: [/proc/self/status]	VmExe:	     332 kB
20220313 034234.695 INFO             PET1 PIOc_sync Exit - MemInfo: [/proc/self/status]	VmLib:	  103544 kB
20220313 034234.695 INFO             PET1 PIOc_sync Exit - MemInfo: [/proc/self/status]	VmPTE:	     416 kB
20220313 034234.695 INFO             PET1 PIOc_sync Exit - MemInfo: [/proc/self/status]	VmSwap:	       0 kB
20220313 034234.695 INFO             PET1 PIOc_sync Exit - MemInfo: [/proc/self/status]	VmRSSPercent: 0.0106611 %
20220313 034234.695 INFO             PET1 PIOc_sync Exit - MemInfo: [malloc] Non-mmapped space allocated:                26710016 Byte
20220313 034234.695 INFO             PET1 PIOc_sync Exit - MemInfo: [malloc] Space allocated in mmapped regions:          2547712 Byte
20220313 034234.695 INFO             PET1 PIOc_sync Exit - MemInfo: [malloc] Maximum total allocated space:                     0 Byte
20220313 034234.695 INFO             PET1 PIOc_sync Exit - MemInfo: [malloc] Space in freed fastbin blocks:                     0 Byte
20220313 034234.695 INFO             PET1 PIOc_sync Exit - MemInfo: [malloc] Total allocated space:                      11197056 Byte
20220313 034234.695 INFO             PET1 PIOc_sync Exit - MemInfo: [malloc] Total free space:                           15512960 Byte
20220313 034234.695 INFO             PET1 PIOc_sync Exit - MemInfo: [malloc] Top-most, releasable space:                  8523424 Byte
20220313 034234.695 INFO             PET1 PIOc_sync Exit - MemInfo: [malloc] Total space in use, mmap + non-mmap:        13744768 Byte
20220313 034234.695 INFO             PET1 PIOc_sync Exit - MemInfo: [malloc] Total space held (mmap + non-mmap):         29257728 Byte
20220313 034234.695 INFO             PET1 PIOc_sync Exit - MemInfo: [malloc] Total space used (mmap + non-mmap):         13752976 Byte
20220313 034234.695 INFO             PET1 PIOc_sync Exit - MemInfo: Wall-clock time since execution start:               0.519874 seconds
20220313 034234.695 INFO             PET1 PIOc_freedecomp Enter - MemInfo: [/proc/meminfo - SSI]	MemTotal:       527077124 kB
20220313 034234.695 INFO             PET1 PIOc_freedecomp Enter - MemInfo: [/proc/meminfo - SSI]	MemFree:        517286368 kB
20220313 034234.695 INFO             PET1 PIOc_freedecomp Enter - MemInfo: [/proc/meminfo - SSI]	MemAvailable:   517735744 kB
20220313 034234.695 INFO             PET1 PIOc_freedecomp Enter - MemInfo: [/proc/meminfo - SSI]	Committed_AS:    1726384 kB
20220313 034234.695 INFO             PET1 PIOc_freedecomp Enter - MemInfo: [/proc/meminfo - SSI]	CommittedPercent: 0.327539 %
20220313 034234.695 INFO             PET1 PIOc_freedecomp Enter - MemInfo: [/proc/self/status]	VmPeak:	  210312 kB
20220313 034234.695 INFO             PET1 PIOc_freedecomp Enter - MemInfo: [/proc/self/status]	VmSize:	  210312 kB
20220313 034234.695 INFO             PET1 PIOc_freedecomp Enter - MemInfo: [/proc/self/status]	VmLck:	       0 kB
20220313 034234.695 INFO             PET1 PIOc_freedecomp Enter - MemInfo: [/proc/self/status]	VmPin:	       0 kB
20220313 034234.695 INFO             PET1 PIOc_freedecomp Enter - MemInfo: [/proc/self/status]	VmHWM:	   56192 kB
20220313 034234.695 INFO             PET1 PIOc_freedecomp Enter - MemInfo: [/proc/self/status]	VmRSS:	   56192 kB
20220313 034234.695 INFO             PET1 PIOc_freedecomp Enter - MemInfo: [/proc/self/status]	VmData:	   32644 kB
20220313 034234.695 INFO             PET1 PIOc_freedecomp Enter - MemInfo: [/proc/self/status]	VmStk:	     156 kB
20220313 034234.695 INFO             PET1 PIOc_freedecomp Enter - MemInfo: [/proc/self/status]	VmExe:	     332 kB
20220313 034234.695 INFO             PET1 PIOc_freedecomp Enter - MemInfo: [/proc/self/status]	VmLib:	  103544 kB
20220313 034234.695 INFO             PET1 PIOc_freedecomp Enter - MemInfo: [/proc/self/status]	VmPTE:	     416 kB
20220313 034234.695 INFO             PET1 PIOc_freedecomp Enter - MemInfo: [/proc/self/status]	VmSwap:	       0 kB
20220313 034234.695 INFO             PET1 PIOc_freedecomp Enter - MemInfo: [/proc/self/status]	VmRSSPercent: 0.0106611 %
20220313 034234.695 INFO             PET1 PIOc_freedecomp Enter - MemInfo: [malloc] Non-mmapped space allocated:                26710016 Byte
20220313 034234.695 INFO             PET1 PIOc_freedecomp Enter - MemInfo: [malloc] Space allocated in mmapped regions:          2547712 Byte
20220313 034234.695 INFO             PET1 PIOc_freedecomp Enter - MemInfo: [malloc] Maximum total allocated space:                     0 Byte
20220313 034234.695 INFO             PET1 PIOc_freedecomp Enter - MemInfo: [malloc] Space in freed fastbin blocks:                    80 Byte
20220313 034234.695 INFO             PET1 PIOc_freedecomp Enter - MemInfo: [malloc] Total allocated space:                      11196912 Byte
20220313 034234.695 INFO             PET1 PIOc_freedecomp Enter - MemInfo: [malloc] Total free space:                           15513104 Byte
20220313 034234.695 INFO             PET1 PIOc_freedecomp Enter - MemInfo: [malloc] Top-most, releasable space:                  8523424 Byte
20220313 034234.695 INFO             PET1 PIOc_freedecomp Enter - MemInfo: [malloc] Total space in use, mmap + non-mmap:        13744624 Byte
20220313 034234.695 INFO             PET1 PIOc_freedecomp Enter - MemInfo: [malloc] Total space held (mmap + non-mmap):         29257728 Byte
20220313 034234.695 INFO             PET1 PIOc_freedecomp Enter - MemInfo: [malloc] Total space used (mmap + non-mmap):         13752832 Byte
20220313 034234.695 INFO             PET1 PIOc_freedecomp Enter - MemInfo: Wall-clock time since execution start:               0.520236 seconds
20220313 034234.695 INFO             PET1 PIOc_freedecomp Exit - MemInfo: [/proc/meminfo - SSI]	MemTotal:       527077124 kB
20220313 034234.695 INFO             PET1 PIOc_freedecomp Exit - MemInfo: [/proc/meminfo - SSI]	MemFree:        517286368 kB
20220313 034234.695 INFO             PET1 PIOc_freedecomp Exit - MemInfo: [/proc/meminfo - SSI]	MemAvailable:   517735744 kB
20220313 034234.695 INFO             PET1 PIOc_freedecomp Exit - MemInfo: [/proc/meminfo - SSI]	Committed_AS:    1726384 kB
20220313 034234.695 INFO             PET1 PIOc_freedecomp Exit - MemInfo: [/proc/meminfo - SSI]	CommittedPercent: 0.327539 %
20220313 034234.695 INFO             PET1 PIOc_freedecomp Exit - MemInfo: [/proc/self/status]	VmPeak:	  210312 kB
20220313 034234.695 INFO             PET1 PIOc_freedecomp Exit - MemInfo: [/proc/self/status]	VmSize:	  210312 kB
20220313 034234.695 INFO             PET1 PIOc_freedecomp Exit - MemInfo: [/proc/self/status]	VmLck:	       0 kB
20220313 034234.695 INFO             PET1 PIOc_freedecomp Exit - MemInfo: [/proc/self/status]	VmPin:	       0 kB
20220313 034234.695 INFO             PET1 PIOc_freedecomp Exit - MemInfo: [/proc/self/status]	VmHWM:	   56192 kB
20220313 034234.695 INFO             PET1 PIOc_freedecomp Exit - MemInfo: [/proc/self/status]	VmRSS:	   56192 kB
20220313 034234.695 INFO             PET1 PIOc_freedecomp Exit - MemInfo: [/proc/self/status]	VmData:	   32644 kB
20220313 034234.695 INFO             PET1 PIOc_freedecomp Exit - MemInfo: [/proc/self/status]	VmStk:	     156 kB
20220313 034234.695 INFO             PET1 PIOc_freedecomp Exit - MemInfo: [/proc/self/status]	VmExe:	     332 kB
20220313 034234.695 INFO             PET1 PIOc_freedecomp Exit - MemInfo: [/proc/self/status]	VmLib:	  103544 kB
20220313 034234.695 INFO             PET1 PIOc_freedecomp Exit - MemInfo: [/proc/self/status]	VmPTE:	     416 kB
20220313 034234.695 INFO             PET1 PIOc_freedecomp Exit - MemInfo: [/proc/self/status]	VmSwap:	       0 kB
20220313 034234.695 INFO             PET1 PIOc_freedecomp Exit - MemInfo: [/proc/self/status]	VmRSSPercent: 0.0106611 %
20220313 034234.695 INFO             PET1 PIOc_freedecomp Exit - MemInfo: [malloc] Non-mmapped space allocated:                26710016 Byte
20220313 034234.696 INFO             PET1 PIOc_freedecomp Exit - MemInfo: [malloc] Space allocated in mmapped regions:          2547712 Byte
20220313 034234.696 INFO             PET1 PIOc_freedecomp Exit - MemInfo: [malloc] Maximum total allocated space:                     0 Byte
20220313 034234.696 INFO             PET1 PIOc_freedecomp Exit - MemInfo: [malloc] Space in freed fastbin blocks:                   176 Byte
20220313 034234.696 INFO             PET1 PIOc_freedecomp Exit - MemInfo: [malloc] Total allocated space:                      11196128 Byte
20220313 034234.696 INFO             PET1 PIOc_freedecomp Exit - MemInfo: [malloc] Total free space:                           15513888 Byte
20220313 034234.696 INFO             PET1 PIOc_freedecomp Exit - MemInfo: [malloc] Top-most, releasable space:                  8523424 Byte
20220313 034234.696 INFO             PET1 PIOc_freedecomp Exit - MemInfo: [malloc] Total space in use, mmap + non-mmap:        13743840 Byte
20220313 034234.696 INFO             PET1 PIOc_freedecomp Exit - MemInfo: [malloc] Total space held (mmap + non-mmap):         29257728 Byte
20220313 034234.696 INFO             PET1 PIOc_freedecomp Exit - MemInfo: [malloc] Total space used (mmap + non-mmap):         13752048 Byte
20220313 034234.696 INFO             PET1 PIOc_freedecomp Exit - MemInfo: Wall-clock time since execution start:               0.520426 seconds
20220313 034234.697 INFO             PET1 PIOc_sync Enter - MemInfo: [/proc/meminfo - SSI]	MemTotal:       527077124 kB
20220313 034234.697 INFO             PET1 PIOc_sync Enter - MemInfo: [/proc/meminfo - SSI]	MemFree:        517286368 kB
20220313 034234.697 INFO             PET1 PIOc_sync Enter - MemInfo: [/proc/meminfo - SSI]	MemAvailable:   517735744 kB
20220313 034234.697 INFO             PET1 PIOc_sync Enter - MemInfo: [/proc/meminfo - SSI]	Committed_AS:    1726384 kB
20220313 034234.697 INFO             PET1 PIOc_sync Enter - MemInfo: [/proc/meminfo - SSI]	CommittedPercent: 0.327539 %
20220313 034234.697 INFO             PET1 PIOc_sync Enter - MemInfo: [/proc/self/status]	VmPeak:	  210312 kB
20220313 034234.697 INFO             PET1 PIOc_sync Enter - MemInfo: [/proc/self/status]	VmSize:	  210312 kB
20220313 034234.697 INFO             PET1 PIOc_sync Enter - MemInfo: [/proc/self/status]	VmLck:	       0 kB
20220313 034234.697 INFO             PET1 PIOc_sync Enter - MemInfo: [/proc/self/status]	VmPin:	       0 kB
20220313 034234.697 INFO             PET1 PIOc_sync Enter - MemInfo: [/proc/self/status]	VmHWM:	   56324 kB
20220313 034234.697 INFO             PET1 PIOc_sync Enter - MemInfo: [/proc/self/status]	VmRSS:	   56308 kB
20220313 034234.697 INFO             PET1 PIOc_sync Enter - MemInfo: [/proc/self/status]	VmData:	   32644 kB
20220313 034234.697 INFO             PET1 PIOc_sync Enter - MemInfo: [/proc/self/status]	VmStk:	     156 kB
20220313 034234.697 INFO             PET1 PIOc_sync Enter - MemInfo: [/proc/self/status]	VmExe:	     332 kB
20220313 034234.697 INFO             PET1 PIOc_sync Enter - MemInfo: [/proc/self/status]	VmLib:	  103544 kB
20220313 034234.697 INFO             PET1 PIOc_sync Enter - MemInfo: [/proc/self/status]	VmPTE:	     416 kB
20220313 034234.697 INFO             PET1 PIOc_sync Enter - MemInfo: [/proc/self/status]	VmSwap:	       0 kB
20220313 034234.697 INFO             PET1 PIOc_sync Enter - MemInfo: [/proc/self/status]	VmRSSPercent: 0.0106831 %
20220313 034234.697 INFO             PET1 PIOc_sync Enter - MemInfo: [malloc] Non-mmapped space allocated:                26710016 Byte
20220313 034234.697 INFO             PET1 PIOc_sync Enter - MemInfo: [malloc] Space allocated in mmapped regions:          2547712 Byte
20220313 034234.697 INFO             PET1 PIOc_sync Enter - MemInfo: [malloc] Maximum total allocated space:                     0 Byte
20220313 034234.697 INFO             PET1 PIOc_sync Enter - MemInfo: [malloc] Space in freed fastbin blocks:                   336 Byte
20220313 034234.697 INFO             PET1 PIOc_sync Enter - MemInfo: [malloc] Total allocated space:                      11197744 Byte
20220313 034234.697 INFO             PET1 PIOc_sync Enter - MemInfo: [malloc] Total free space:                           15512272 Byte
20220313 034234.697 INFO             PET1 PIOc_sync Enter - MemInfo: [malloc] Top-most, releasable space:                  8523424 Byte
20220313 034234.697 INFO             PET1 PIOc_sync Enter - MemInfo: [malloc] Total space in use, mmap + non-mmap:        13745456 Byte
20220313 034234.697 INFO             PET1 PIOc_sync Enter - MemInfo: [malloc] Total space held (mmap + non-mmap):         29257728 Byte
20220313 034234.697 INFO             PET1 PIOc_sync Enter - MemInfo: [malloc] Total space used (mmap + non-mmap):         13753664 Byte
20220313 034234.697 INFO             PET1 PIOc_sync Enter - MemInfo: Wall-clock time since execution start:               0.522198 seconds
20220313 034234.697 INFO             PET1 PIOc_sync Exit - MemInfo: [/proc/meminfo - SSI]	MemTotal:       527077124 kB
20220313 034234.697 INFO             PET1 PIOc_sync Exit - MemInfo: [/proc/meminfo - SSI]	MemFree:        517286368 kB
20220313 034234.697 INFO             PET1 PIOc_sync Exit - MemInfo: [/proc/meminfo - SSI]	MemAvailable:   517735744 kB
20220313 034234.697 INFO             PET1 PIOc_sync Exit - MemInfo: [/proc/meminfo - SSI]	Committed_AS:    1726384 kB
20220313 034234.697 INFO             PET1 PIOc_sync Exit - MemInfo: [/proc/meminfo - SSI]	CommittedPercent: 0.327539 %
20220313 034234.697 INFO             PET1 PIOc_sync Exit - MemInfo: [/proc/self/status]	VmPeak:	  210312 kB
20220313 034234.697 INFO             PET1 PIOc_sync Exit - MemInfo: [/proc/self/status]	VmSize:	  210312 kB
20220313 034234.697 INFO             PET1 PIOc_sync Exit - MemInfo: [/proc/self/status]	VmLck:	       0 kB
20220313 034234.697 INFO             PET1 PIOc_sync Exit - MemInfo: [/proc/self/status]	VmPin:	       0 kB
20220313 034234.697 INFO             PET1 PIOc_sync Exit - MemInfo: [/proc/self/status]	VmHWM:	   56324 kB
20220313 034234.697 INFO             PET1 PIOc_sync Exit - MemInfo: [/proc/self/status]	VmRSS:	   56308 kB
20220313 034234.697 INFO             PET1 PIOc_sync Exit - MemInfo: [/proc/self/status]	VmData:	   32644 kB
20220313 034234.697 INFO             PET1 PIOc_sync Exit - MemInfo: [/proc/self/status]	VmStk:	     156 kB
20220313 034234.698 INFO             PET1 PIOc_sync Exit - MemInfo: [/proc/self/status]	VmExe:	     332 kB
20220313 034234.698 INFO             PET1 PIOc_sync Exit - MemInfo: [/proc/self/status]	VmLib:	  103544 kB
20220313 034234.698 INFO             PET1 PIOc_sync Exit - MemInfo: [/proc/self/status]	VmPTE:	     416 kB
20220313 034234.698 INFO             PET1 PIOc_sync Exit - MemInfo: [/proc/self/status]	VmSwap:	       0 kB
20220313 034234.698 INFO             PET1 PIOc_sync Exit - MemInfo: [/proc/self/status]	VmRSSPercent: 0.0106831 %
20220313 034234.698 INFO             PET1 PIOc_sync Exit - MemInfo: [malloc] Non-mmapped space allocated:                26710016 Byte
20220313 034234.698 INFO             PET1 PIOc_sync Exit - MemInfo: [malloc] Space allocated in mmapped regions:          2547712 Byte
20220313 034234.698 INFO             PET1 PIOc_sync Exit - MemInfo: [malloc] Maximum total allocated space:                     0 Byte
20220313 034234.698 INFO             PET1 PIOc_sync Exit - MemInfo: [malloc] Space in freed fastbin blocks:                     0 Byte
20220313 034234.698 INFO             PET1 PIOc_sync Exit - MemInfo: [malloc] Total allocated space:                      11197744 Byte
20220313 034234.698 INFO             PET1 PIOc_sync Exit - MemInfo: [malloc] Total free space:                           15512272 Byte
20220313 034234.698 INFO             PET1 PIOc_sync Exit - MemInfo: [malloc] Top-most, releasable space:                  8523424 Byte
20220313 034234.698 INFO             PET1 PIOc_sync Exit - MemInfo: [malloc] Total space in use, mmap + non-mmap:        13745456 Byte
20220313 034234.698 INFO             PET1 PIOc_sync Exit - MemInfo: [malloc] Total space held (mmap + non-mmap):         29257728 Byte
20220313 034234.698 INFO             PET1 PIOc_sync Exit - MemInfo: [malloc] Total space used (mmap + non-mmap):         13753664 Byte
20220313 034234.698 INFO             PET1 PIOc_sync Exit - MemInfo: Wall-clock time since execution start:               0.522457 seconds
20220313 034234.698 INFO             PET1 PIOc_freedecomp Enter - MemInfo: [/proc/meminfo - SSI]	MemTotal:       527077124 kB
20220313 034234.698 INFO             PET1 PIOc_freedecomp Enter - MemInfo: [/proc/meminfo - SSI]	MemFree:        517286368 kB
20220313 034234.698 INFO             PET1 PIOc_freedecomp Enter - MemInfo: [/proc/meminfo - SSI]	MemAvailable:   517735744 kB
20220313 034234.698 INFO             PET1 PIOc_freedecomp Enter - MemInfo: [/proc/meminfo - SSI]	Committed_AS:    1726384 kB
20220313 034234.698 INFO             PET1 PIOc_freedecomp Enter - MemInfo: [/proc/meminfo - SSI]	CommittedPercent: 0.327539 %
20220313 034234.698 INFO             PET1 PIOc_freedecomp Enter - MemInfo: [/proc/self/status]	VmPeak:	  210312 kB
20220313 034234.698 INFO             PET1 PIOc_freedecomp Enter - MemInfo: [/proc/self/status]	VmSize:	  210312 kB
20220313 034234.698 INFO             PET1 PIOc_freedecomp Enter - MemInfo: [/proc/self/status]	VmLck:	       0 kB
20220313 034234.698 INFO             PET1 PIOc_freedecomp Enter - MemInfo: [/proc/self/status]	VmPin:	       0 kB
20220313 034234.698 INFO             PET1 PIOc_freedecomp Enter - MemInfo: [/proc/self/status]	VmHWM:	   56324 kB
20220313 034234.698 INFO             PET1 PIOc_freedecomp Enter - MemInfo: [/proc/self/status]	VmRSS:	   56308 kB
20220313 034234.698 INFO             PET1 PIOc_freedecomp Enter - MemInfo: [/proc/self/status]	VmData:	   32644 kB
20220313 034234.698 INFO             PET1 PIOc_freedecomp Enter - MemInfo: [/proc/self/status]	VmStk:	     156 kB
20220313 034234.698 INFO             PET1 PIOc_freedecomp Enter - MemInfo: [/proc/self/status]	VmExe:	     332 kB
20220313 034234.698 INFO             PET1 PIOc_freedecomp Enter - MemInfo: [/proc/self/status]	VmLib:	  103544 kB
20220313 034234.698 INFO             PET1 PIOc_freedecomp Enter - MemInfo: [/proc/self/status]	VmPTE:	     416 kB
20220313 034234.698 INFO             PET1 PIOc_freedecomp Enter - MemInfo: [/proc/self/status]	VmSwap:	       0 kB
20220313 034234.698 INFO             PET1 PIOc_freedecomp Enter - MemInfo: [/proc/self/status]	VmRSSPercent: 0.0106831 %
20220313 034234.698 INFO             PET1 PIOc_freedecomp Enter - MemInfo: [malloc] Non-mmapped space allocated:                26710016 Byte
20220313 034234.698 INFO             PET1 PIOc_freedecomp Enter - MemInfo: [malloc] Space allocated in mmapped regions:          2547712 Byte
20220313 034234.698 INFO             PET1 PIOc_freedecomp Enter - MemInfo: [malloc] Maximum total allocated space:                     0 Byte
20220313 034234.698 INFO             PET1 PIOc_freedecomp Enter - MemInfo: [malloc] Space in freed fastbin blocks:                    80 Byte
20220313 034234.698 INFO             PET1 PIOc_freedecomp Enter - MemInfo: [malloc] Total allocated space:                      11197232 Byte
20220313 034234.698 INFO             PET1 PIOc_freedecomp Enter - MemInfo: [malloc] Total free space:                           15512784 Byte
20220313 034234.698 INFO             PET1 PIOc_freedecomp Enter - MemInfo: [malloc] Top-most, releasable space:                  8523424 Byte
20220313 034234.698 INFO             PET1 PIOc_freedecomp Enter - MemInfo: [malloc] Total space in use, mmap + non-mmap:        13744944 Byte
20220313 034234.698 INFO             PET1 PIOc_freedecomp Enter - MemInfo: [malloc] Total space held (mmap + non-mmap):         29257728 Byte
20220313 034234.698 INFO             PET1 PIOc_freedecomp Enter - MemInfo: [malloc] Total space used (mmap + non-mmap):         13753152 Byte
20220313 034234.698 INFO             PET1 PIOc_freedecomp Enter - MemInfo: Wall-clock time since execution start:               0.522757 seconds
20220313 034234.698 INFO             PET1 PIOc_freedecomp Exit - MemInfo: [/proc/meminfo - SSI]	MemTotal:       527077124 kB
20220313 034234.698 INFO             PET1 PIOc_freedecomp Exit - MemInfo: [/proc/meminfo - SSI]	MemFree:        517286368 kB
20220313 034234.698 INFO             PET1 PIOc_freedecomp Exit - MemInfo: [/proc/meminfo - SSI]	MemAvailable:   517735744 kB
20220313 034234.698 INFO             PET1 PIOc_freedecomp Exit - MemInfo: [/proc/meminfo - SSI]	Committed_AS:    1726384 kB
20220313 034234.698 INFO             PET1 PIOc_freedecomp Exit - MemInfo: [/proc/meminfo - SSI]	CommittedPercent: 0.327539 %
20220313 034234.698 INFO             PET1 PIOc_freedecomp Exit - MemInfo: [/proc/self/status]	VmPeak:	  210312 kB
20220313 034234.698 INFO             PET1 PIOc_freedecomp Exit - MemInfo: [/proc/self/status]	VmSize:	  210312 kB
20220313 034234.698 INFO             PET1 PIOc_freedecomp Exit - MemInfo: [/proc/self/status]	VmLck:	       0 kB
20220313 034234.698 INFO             PET1 PIOc_freedecomp Exit - MemInfo: [/proc/self/status]	VmPin:	       0 kB
20220313 034234.698 INFO             PET1 PIOc_freedecomp Exit - MemInfo: [/proc/self/status]	VmHWM:	   56324 kB
20220313 034234.698 INFO             PET1 PIOc_freedecomp Exit - MemInfo: [/proc/self/status]	VmRSS:	   56308 kB
20220313 034234.698 INFO             PET1 PIOc_freedecomp Exit - MemInfo: [/proc/self/status]	VmData:	   32644 kB
20220313 034234.698 INFO             PET1 PIOc_freedecomp Exit - MemInfo: [/proc/self/status]	VmStk:	     156 kB
20220313 034234.698 INFO             PET1 PIOc_freedecomp Exit - MemInfo: [/proc/self/status]	VmExe:	     332 kB
20220313 034234.698 INFO             PET1 PIOc_freedecomp Exit - MemInfo: [/proc/self/status]	VmLib:	  103544 kB
20220313 034234.698 INFO             PET1 PIOc_freedecomp Exit - MemInfo: [/proc/self/status]	VmPTE:	     416 kB
20220313 034234.698 INFO             PET1 PIOc_freedecomp Exit - MemInfo: [/proc/self/status]	VmSwap:	       0 kB
20220313 034234.698 INFO             PET1 PIOc_freedecomp Exit - MemInfo: [/proc/self/status]	VmRSSPercent: 0.0106831 %
20220313 034234.698 INFO             PET1 PIOc_freedecomp Exit - MemInfo: [malloc] Non-mmapped space allocated:                26710016 Byte
20220313 034234.698 INFO             PET1 PIOc_freedecomp Exit - MemInfo: [malloc] Space allocated in mmapped regions:          2547712 Byte
20220313 034234.698 INFO             PET1 PIOc_freedecomp Exit - MemInfo: [malloc] Maximum total allocated space:                     0 Byte
20220313 034234.698 INFO             PET1 PIOc_freedecomp Exit - MemInfo: [malloc] Space in freed fastbin blocks:                   368 Byte
20220313 034234.698 INFO             PET1 PIOc_freedecomp Exit - MemInfo: [malloc] Total allocated space:                      11196032 Byte
20220313 034234.698 INFO             PET1 PIOc_freedecomp Exit - MemInfo: [malloc] Total free space:                           15513984 Byte
20220313 034234.698 INFO             PET1 PIOc_freedecomp Exit - MemInfo: [malloc] Top-most, releasable space:                  8523424 Byte
20220313 034234.698 INFO             PET1 PIOc_freedecomp Exit - MemInfo: [malloc] Total space in use, mmap + non-mmap:        13743744 Byte
20220313 034234.698 INFO             PET1 PIOc_freedecomp Exit - MemInfo: [malloc] Total space held (mmap + non-mmap):         29257728 Byte
20220313 034234.698 INFO             PET1 PIOc_freedecomp Exit - MemInfo: [malloc] Total space used (mmap + non-mmap):         13751952 Byte
20220313 034234.698 INFO             PET1 PIOc_freedecomp Exit - MemInfo: Wall-clock time since execution start:               0.522958 seconds
20220313 034234.699 INFO             PET1 PIOc_sync Enter - MemInfo: [/proc/meminfo - SSI]	MemTotal:       527077124 kB
20220313 034234.699 INFO             PET1 PIOc_sync Enter - MemInfo: [/proc/meminfo - SSI]	MemFree:        517286368 kB
20220313 034234.699 INFO             PET1 PIOc_sync Enter - MemInfo: [/proc/meminfo - SSI]	MemAvailable:   517735744 kB
20220313 034234.699 INFO             PET1 PIOc_sync Enter - MemInfo: [/proc/meminfo - SSI]	Committed_AS:    1726384 kB
20220313 034234.699 INFO             PET1 PIOc_sync Enter - MemInfo: [/proc/meminfo - SSI]	CommittedPercent: 0.327539 %
20220313 034234.699 INFO             PET1 PIOc_sync Enter - MemInfo: [/proc/self/status]	VmPeak:	  210312 kB
20220313 034234.699 INFO             PET1 PIOc_sync Enter - MemInfo: [/proc/self/status]	VmSize:	  210312 kB
20220313 034234.699 INFO             PET1 PIOc_sync Enter - MemInfo: [/proc/self/status]	VmLck:	       0 kB
20220313 034234.699 INFO             PET1 PIOc_sync Enter - MemInfo: [/proc/self/status]	VmPin:	       0 kB
20220313 034234.699 INFO             PET1 PIOc_sync Enter - MemInfo: [/proc/self/status]	VmHWM:	   56324 kB
20220313 034234.699 INFO             PET1 PIOc_sync Enter - MemInfo: [/proc/self/status]	VmRSS:	   56308 kB
20220313 034234.699 INFO             PET1 PIOc_sync Enter - MemInfo: [/proc/self/status]	VmData:	   32644 kB
20220313 034234.699 INFO             PET1 PIOc_sync Enter - MemInfo: [/proc/self/status]	VmStk:	     156 kB
20220313 034234.699 INFO             PET1 PIOc_sync Enter - MemInfo: [/proc/self/status]	VmExe:	     332 kB
20220313 034234.699 INFO             PET1 PIOc_sync Enter - MemInfo: [/proc/self/status]	VmLib:	  103544 kB
20220313 034234.699 INFO             PET1 PIOc_sync Enter - MemInfo: [/proc/self/status]	VmPTE:	     416 kB
20220313 034234.699 INFO             PET1 PIOc_sync Enter - MemInfo: [/proc/self/status]	VmSwap:	       0 kB
20220313 034234.699 INFO             PET1 PIOc_sync Enter - MemInfo: [/proc/self/status]	VmRSSPercent: 0.0106831 %
20220313 034234.699 INFO             PET1 PIOc_sync Enter - MemInfo: [malloc] Non-mmapped space allocated:                26710016 Byte
20220313 034234.699 INFO             PET1 PIOc_sync Enter - MemInfo: [malloc] Space allocated in mmapped regions:          2547712 Byte
20220313 034234.700 INFO             PET1 PIOc_sync Enter - MemInfo: [malloc] Maximum total allocated space:                     0 Byte
20220313 034234.700 INFO             PET1 PIOc_sync Enter - MemInfo: [malloc] Space in freed fastbin blocks:                    48 Byte
20220313 034234.700 INFO             PET1 PIOc_sync Enter - MemInfo: [malloc] Total allocated space:                      11197712 Byte
20220313 034234.700 INFO             PET1 PIOc_sync Enter - MemInfo: [malloc] Total free space:                           15512304 Byte
20220313 034234.700 INFO             PET1 PIOc_sync Enter - MemInfo: [malloc] Top-most, releasable space:                  8523424 Byte
20220313 034234.700 INFO             PET1 PIOc_sync Enter - MemInfo: [malloc] Total space in use, mmap + non-mmap:        13745424 Byte
20220313 034234.700 INFO             PET1 PIOc_sync Enter - MemInfo: [malloc] Total space held (mmap + non-mmap):         29257728 Byte
20220313 034234.700 INFO             PET1 PIOc_sync Enter - MemInfo: [malloc] Total space used (mmap + non-mmap):         13753632 Byte
20220313 034234.700 INFO             PET1 PIOc_sync Enter - MemInfo: Wall-clock time since execution start:               0.524448 seconds
20220313 034234.700 INFO             PET1 PIOc_sync Exit - MemInfo: [/proc/meminfo - SSI]	MemTotal:       527077124 kB
20220313 034234.700 INFO             PET1 PIOc_sync Exit - MemInfo: [/proc/meminfo - SSI]	MemFree:        517286368 kB
20220313 034234.700 INFO             PET1 PIOc_sync Exit - MemInfo: [/proc/meminfo - SSI]	MemAvailable:   517735744 kB
20220313 034234.700 INFO             PET1 PIOc_sync Exit - MemInfo: [/proc/meminfo - SSI]	Committed_AS:    1726384 kB
20220313 034234.700 INFO             PET1 PIOc_sync Exit - MemInfo: [/proc/meminfo - SSI]	CommittedPercent: 0.327539 %
20220313 034234.700 INFO             PET1 PIOc_sync Exit - MemInfo: [/proc/self/status]	VmPeak:	  210312 kB
20220313 034234.700 INFO             PET1 PIOc_sync Exit - MemInfo: [/proc/self/status]	VmSize:	  210312 kB
20220313 034234.700 INFO             PET1 PIOc_sync Exit - MemInfo: [/proc/self/status]	VmLck:	       0 kB
20220313 034234.700 INFO             PET1 PIOc_sync Exit - MemInfo: [/proc/self/status]	VmPin:	       0 kB
20220313 034234.700 INFO             PET1 PIOc_sync Exit - MemInfo: [/proc/self/status]	VmHWM:	   56324 kB
20220313 034234.700 INFO             PET1 PIOc_sync Exit - MemInfo: [/proc/self/status]	VmRSS:	   56308 kB
20220313 034234.700 INFO             PET1 PIOc_sync Exit - MemInfo: [/proc/self/status]	VmData:	   32644 kB
20220313 034234.700 INFO             PET1 PIOc_sync Exit - MemInfo: [/proc/self/status]	VmStk:	     156 kB
20220313 034234.700 INFO             PET1 PIOc_sync Exit - MemInfo: [/proc/self/status]	VmExe:	     332 kB
20220313 034234.700 INFO             PET1 PIOc_sync Exit - MemInfo: [/proc/self/status]	VmLib:	  103544 kB
20220313 034234.700 INFO             PET1 PIOc_sync Exit - MemInfo: [/proc/self/status]	VmPTE:	     416 kB
20220313 034234.700 INFO             PET1 PIOc_sync Exit - MemInfo: [/proc/self/status]	VmSwap:	       0 kB
20220313 034234.700 INFO             PET1 PIOc_sync Exit - MemInfo: [/proc/self/status]	VmRSSPercent: 0.0106831 %
20220313 034234.700 INFO             PET1 PIOc_sync Exit - MemInfo: [malloc] Non-mmapped space allocated:                26710016 Byte
20220313 034234.700 INFO             PET1 PIOc_sync Exit - MemInfo: [malloc] Space allocated in mmapped regions:          2547712 Byte
20220313 034234.700 INFO             PET1 PIOc_sync Exit - MemInfo: [malloc] Maximum total allocated space:                     0 Byte
20220313 034234.700 INFO             PET1 PIOc_sync Exit - MemInfo: [malloc] Space in freed fastbin blocks:                   192 Byte
20220313 034234.700 INFO             PET1 PIOc_sync Exit - MemInfo: [malloc] Total allocated space:                      11198000 Byte
20220313 034234.700 INFO             PET1 PIOc_sync Exit - MemInfo: [malloc] Total free space:                           15512016 Byte
20220313 034234.700 INFO             PET1 PIOc_sync Exit - MemInfo: [malloc] Top-most, releasable space:                  8523424 Byte
20220313 034234.700 INFO             PET1 PIOc_sync Exit - MemInfo: [malloc] Total space in use, mmap + non-mmap:        13745712 Byte
20220313 034234.700 INFO             PET1 PIOc_sync Exit - MemInfo: [malloc] Total space held (mmap + non-mmap):         29257728 Byte
20220313 034234.700 INFO             PET1 PIOc_sync Exit - MemInfo: [malloc] Total space used (mmap + non-mmap):         13753920 Byte
20220313 034234.700 INFO             PET1 PIOc_sync Exit - MemInfo: Wall-clock time since execution start:               0.524734 seconds
20220313 034234.700 INFO             PET1 PIOc_freedecomp Enter - MemInfo: [/proc/meminfo - SSI]	MemTotal:       527077124 kB
20220313 034234.700 INFO             PET1 PIOc_freedecomp Enter - MemInfo: [/proc/meminfo - SSI]	MemFree:        517286368 kB
20220313 034234.700 INFO             PET1 PIOc_freedecomp Enter - MemInfo: [/proc/meminfo - SSI]	MemAvailable:   517735744 kB
20220313 034234.700 INFO             PET1 PIOc_freedecomp Enter - MemInfo: [/proc/meminfo - SSI]	Committed_AS:    1726384 kB
20220313 034234.700 INFO             PET1 PIOc_freedecomp Enter - MemInfo: [/proc/meminfo - SSI]	CommittedPercent: 0.327539 %
20220313 034234.700 INFO             PET1 PIOc_freedecomp Enter - MemInfo: [/proc/self/status]	VmPeak:	  210312 kB
20220313 034234.700 INFO             PET1 PIOc_freedecomp Enter - MemInfo: [/proc/self/status]	VmSize:	  210312 kB
20220313 034234.700 INFO             PET1 PIOc_freedecomp Enter - MemInfo: [/proc/self/status]	VmLck:	       0 kB
20220313 034234.700 INFO             PET1 PIOc_freedecomp Enter - MemInfo: [/proc/self/status]	VmPin:	       0 kB
20220313 034234.700 INFO             PET1 PIOc_freedecomp Enter - MemInfo: [/proc/self/status]	VmHWM:	   56324 kB
20220313 034234.700 INFO             PET1 PIOc_freedecomp Enter - MemInfo: [/proc/self/status]	VmRSS:	   56308 kB
20220313 034234.700 INFO             PET1 PIOc_freedecomp Enter - MemInfo: [/proc/self/status]	VmData:	   32644 kB
20220313 034234.700 INFO             PET1 PIOc_freedecomp Enter - MemInfo: [/proc/self/status]	VmStk:	     156 kB
20220313 034234.700 INFO             PET1 PIOc_freedecomp Enter - MemInfo: [/proc/self/status]	VmExe:	     332 kB
20220313 034234.700 INFO             PET1 PIOc_freedecomp Enter - MemInfo: [/proc/self/status]	VmLib:	  103544 kB
20220313 034234.700 INFO             PET1 PIOc_freedecomp Enter - MemInfo: [/proc/self/status]	VmPTE:	     416 kB
20220313 034234.700 INFO             PET1 PIOc_freedecomp Enter - MemInfo: [/proc/self/status]	VmSwap:	       0 kB
20220313 034234.700 INFO             PET1 PIOc_freedecomp Enter - MemInfo: [/proc/self/status]	VmRSSPercent: 0.0106831 %
20220313 034234.700 INFO             PET1 PIOc_freedecomp Enter - MemInfo: [malloc] Non-mmapped space allocated:                26710016 Byte
20220313 034234.700 INFO             PET1 PIOc_freedecomp Enter - MemInfo: [malloc] Space allocated in mmapped regions:          2547712 Byte
20220313 034234.700 INFO             PET1 PIOc_freedecomp Enter - MemInfo: [malloc] Maximum total allocated space:                     0 Byte
20220313 034234.700 INFO             PET1 PIOc_freedecomp Enter - MemInfo: [malloc] Space in freed fastbin blocks:                    80 Byte
20220313 034234.700 INFO             PET1 PIOc_freedecomp Enter - MemInfo: [malloc] Total allocated space:                      11197344 Byte
20220313 034234.700 INFO             PET1 PIOc_freedecomp Enter - MemInfo: [malloc] Total free space:                           15512672 Byte
20220313 034234.700 INFO             PET1 PIOc_freedecomp Enter - MemInfo: [malloc] Top-most, releasable space:                  8523424 Byte
20220313 034234.700 INFO             PET1 PIOc_freedecomp Enter - MemInfo: [malloc] Total space in use, mmap + non-mmap:        13745056 Byte
20220313 034234.700 INFO             PET1 PIOc_freedecomp Enter - MemInfo: [malloc] Total space held (mmap + non-mmap):         29257728 Byte
20220313 034234.700 INFO             PET1 PIOc_freedecomp Enter - MemInfo: [malloc] Total space used (mmap + non-mmap):         13753264 Byte
20220313 034234.700 INFO             PET1 PIOc_freedecomp Enter - MemInfo: Wall-clock time since execution start:               0.525033 seconds
20220313 034234.700 INFO             PET1 PIOc_freedecomp Exit - MemInfo: [/proc/meminfo - SSI]	MemTotal:       527077124 kB
20220313 034234.700 INFO             PET1 PIOc_freedecomp Exit - MemInfo: [/proc/meminfo - SSI]	MemFree:        517286368 kB
20220313 034234.700 INFO             PET1 PIOc_freedecomp Exit - MemInfo: [/proc/meminfo - SSI]	MemAvailable:   517735744 kB
20220313 034234.700 INFO             PET1 PIOc_freedecomp Exit - MemInfo: [/proc/meminfo - SSI]	Committed_AS:    1726384 kB
20220313 034234.700 INFO             PET1 PIOc_freedecomp Exit - MemInfo: [/proc/meminfo - SSI]	CommittedPercent: 0.327539 %
20220313 034234.700 INFO             PET1 PIOc_freedecomp Exit - MemInfo: [/proc/self/status]	VmPeak:	  210312 kB
20220313 034234.700 INFO             PET1 PIOc_freedecomp Exit - MemInfo: [/proc/self/status]	VmSize:	  210312 kB
20220313 034234.700 INFO             PET1 PIOc_freedecomp Exit - MemInfo: [/proc/self/status]	VmLck:	       0 kB
20220313 034234.700 INFO             PET1 PIOc_freedecomp Exit - MemInfo: [/proc/self/status]	VmPin:	       0 kB
20220313 034234.700 INFO             PET1 PIOc_freedecomp Exit - MemInfo: [/proc/self/status]	VmHWM:	   56324 kB
20220313 034234.700 INFO             PET1 PIOc_freedecomp Exit - MemInfo: [/proc/self/status]	VmRSS:	   56308 kB
20220313 034234.700 INFO             PET1 PIOc_freedecomp Exit - MemInfo: [/proc/self/status]	VmData:	   32644 kB
20220313 034234.700 INFO             PET1 PIOc_freedecomp Exit - MemInfo: [/proc/self/status]	VmStk:	     156 kB
20220313 034234.700 INFO             PET1 PIOc_freedecomp Exit - MemInfo: [/proc/self/status]	VmExe:	     332 kB
20220313 034234.700 INFO             PET1 PIOc_freedecomp Exit - MemInfo: [/proc/self/status]	VmLib:	  103544 kB
20220313 034234.700 INFO             PET1 PIOc_freedecomp Exit - MemInfo: [/proc/self/status]	VmPTE:	     416 kB
20220313 034234.700 INFO             PET1 PIOc_freedecomp Exit - MemInfo: [/proc/self/status]	VmSwap:	       0 kB
20220313 034234.700 INFO             PET1 PIOc_freedecomp Exit - MemInfo: [/proc/self/status]	VmRSSPercent: 0.0106831 %
20220313 034234.700 INFO             PET1 PIOc_freedecomp Exit - MemInfo: [malloc] Non-mmapped space allocated:                26710016 Byte
20220313 034234.700 INFO             PET1 PIOc_freedecomp Exit - MemInfo: [malloc] Space allocated in mmapped regions:          2547712 Byte
20220313 034234.700 INFO             PET1 PIOc_freedecomp Exit - MemInfo: [malloc] Maximum total allocated space:                     0 Byte
20220313 034234.700 INFO             PET1 PIOc_freedecomp Exit - MemInfo: [malloc] Space in freed fastbin blocks:                   464 Byte
20220313 034234.700 INFO             PET1 PIOc_freedecomp Exit - MemInfo: [malloc] Total allocated space:                      11196048 Byte
20220313 034234.700 INFO             PET1 PIOc_freedecomp Exit - MemInfo: [malloc] Total free space:                           15513968 Byte
20220313 034234.700 INFO             PET1 PIOc_freedecomp Exit - MemInfo: [malloc] Top-most, releasable space:                  8523424 Byte
20220313 034234.700 INFO             PET1 PIOc_freedecomp Exit - MemInfo: [malloc] Total space in use, mmap + non-mmap:        13743760 Byte
20220313 034234.700 INFO             PET1 PIOc_freedecomp Exit - MemInfo: [malloc] Total space held (mmap + non-mmap):         29257728 Byte
20220313 034234.700 INFO             PET1 PIOc_freedecomp Exit - MemInfo: [malloc] Total space used (mmap + non-mmap):         13751968 Byte
20220313 034234.700 INFO             PET1 PIOc_freedecomp Exit - MemInfo: Wall-clock time since execution start:               0.525223 seconds
20220313 034234.704 INFO             PET1  PASS  ESMF_FieldRegridStoreFromFile Unit Test, ESMF_FieldSMMFromFileUTest.F90, line 315
20220313 034234.704 INFO             PET1  Ending Test, file ESMF_FieldSMMFromFileUTest.F90, line 322
20220313 034234.704 INFO             PET1 Finalizing ESMF
20220313 034234.177 INFO             PET2 !!!!!!!!!!!!!!!!!!!!!!!!!!!!!!!!!!!!!!!!!!!!!!!!!!!!!!
20220313 034234.177 INFO             PET2 !!! THE ESMF_LOG IS SET TO OUTPUT ALL LOG MESSAGES !!!
20220313 034234.177 INFO             PET2 !!!     THIS MAY CAUSE SLOWDOWN IN PERFORMANCE     !!!
20220313 034234.177 INFO             PET2 !!! FOR PRODUCTION RUNS, USE:                      !!!
20220313 034234.177 INFO             PET2 !!!                   ESMF_LOGKIND_Multi_On_Error  !!!
20220313 034234.177 INFO             PET2 !!!!!!!!!!!!!!!!!!!!!!!!!!!!!!!!!!!!!!!!!!!!!!!!!!!!!!
20220313 034234.177 INFO             PET2 Running with ESMF Version   : v8.3.0b09-96-g559b459836
20220313 034234.177 INFO             PET2 ESMF library build date/time: "Mar 13 2022" "03:30:54"
20220313 034234.177 INFO             PET2 ESMF library build location : /lfs/h1/emc/ptmp/Mark.Potts/gfortran_10.3.0_mpich3_g_jedwards_pio_update2
20220313 034234.177 INFO             PET2 ESMF_COMM                   : mpich3
20220313 034234.177 INFO             PET2 ESMF_MOAB                   : enabled
20220313 034234.177 INFO             PET2 ESMF_LAPACK                 : enabled
20220313 034234.177 INFO             PET2 ESMF_NETCDF                 : enabled
20220313 034234.177 INFO             PET2 ESMF_PNETCDF                : disabled
20220313 034234.177 INFO             PET2 ESMF_PIO                    : enabled
20220313 034234.177 INFO             PET2 ESMF_YAMLCPP                : enabled
20220313 034234.178 INFO             PET2  Beginning Test, file ESMF_FieldSMMFromFileUTest.F90, line 287
20220313 034234.178 INFO             PET2  NUMBER_OF_PROCESSORS           4
20220313 034234.681 INFO             PET2  PASS  ESMF_FieldSMMFromFile Unit Test, ESMF_FieldSMMFromFileUTest.F90, line 300
20220313 034234.694 INFO             PET2 PIOc_sync Enter - MemInfo: [/proc/meminfo - SSI]	MemTotal:       527077124 kB
20220313 034234.694 INFO             PET2 PIOc_sync Enter - MemInfo: [/proc/meminfo - SSI]	MemFree:        517286368 kB
20220313 034234.694 INFO             PET2 PIOc_sync Enter - MemInfo: [/proc/meminfo - SSI]	MemAvailable:   517735744 kB
20220313 034234.694 INFO             PET2 PIOc_sync Enter - MemInfo: [/proc/meminfo - SSI]	Committed_AS:    1726384 kB
20220313 034234.694 INFO             PET2 PIOc_sync Enter - MemInfo: [/proc/meminfo - SSI]	CommittedPercent: 0.327539 %
20220313 034234.695 INFO             PET2 PIOc_sync Enter - MemInfo: [/proc/self/status]	VmPeak:	  205208 kB
20220313 034234.695 INFO             PET2 PIOc_sync Enter - MemInfo: [/proc/self/status]	VmSize:	  205208 kB
20220313 034234.695 INFO             PET2 PIOc_sync Enter - MemInfo: [/proc/self/status]	VmLck:	       0 kB
20220313 034234.695 INFO             PET2 PIOc_sync Enter - MemInfo: [/proc/self/status]	VmPin:	       0 kB
20220313 034234.695 INFO             PET2 PIOc_sync Enter - MemInfo: [/proc/self/status]	VmHWM:	   51220 kB
20220313 034234.695 INFO             PET2 PIOc_sync Enter - MemInfo: [/proc/self/status]	VmRSS:	   51220 kB
20220313 034234.695 INFO             PET2 PIOc_sync Enter - MemInfo: [/proc/self/status]	VmData:	   27540 kB
20220313 034234.695 INFO             PET2 PIOc_sync Enter - MemInfo: [/proc/self/status]	VmStk:	     156 kB
20220313 034234.695 INFO             PET2 PIOc_sync Enter - MemInfo: [/proc/self/status]	VmExe:	     332 kB
20220313 034234.695 INFO             PET2 PIOc_sync Enter - MemInfo: [/proc/self/status]	VmLib:	  103544 kB
20220313 034234.695 INFO             PET2 PIOc_sync Enter - MemInfo: [/proc/self/status]	VmPTE:	     408 kB
20220313 034234.695 INFO             PET2 PIOc_sync Enter - MemInfo: [/proc/self/status]	VmSwap:	       0 kB
20220313 034234.695 INFO             PET2 PIOc_sync Enter - MemInfo: [/proc/self/status]	VmRSSPercent: 0.00971774 %
20220313 034234.695 INFO             PET2 PIOc_sync Enter - MemInfo: [malloc] Non-mmapped space allocated:                21483520 Byte
20220313 034234.695 INFO             PET2 PIOc_sync Enter - MemInfo: [malloc] Space allocated in mmapped regions:          2547712 Byte
20220313 034234.695 INFO             PET2 PIOc_sync Enter - MemInfo: [malloc] Maximum total allocated space:                     0 Byte
20220313 034234.695 INFO             PET2 PIOc_sync Enter - MemInfo: [malloc] Space in freed fastbin blocks:                    48 Byte
20220313 034234.695 INFO             PET2 PIOc_sync Enter - MemInfo: [malloc] Total allocated space:                      11194432 Byte
20220313 034234.695 INFO             PET2 PIOc_sync Enter - MemInfo: [malloc] Total free space:                           10289088 Byte
20220313 034234.695 INFO             PET2 PIOc_sync Enter - MemInfo: [malloc] Top-most, releasable space:                  7734272 Byte
20220313 034234.695 INFO             PET2 PIOc_sync Enter - MemInfo: [malloc] Total space in use, mmap + non-mmap:        13742144 Byte
20220313 034234.695 INFO             PET2 PIOc_sync Enter - MemInfo: [malloc] Total space held (mmap + non-mmap):         24031232 Byte
20220313 034234.695 INFO             PET2 PIOc_sync Enter - MemInfo: [malloc] Total space used (mmap + non-mmap):         13750880 Byte
20220313 034234.695 INFO             PET2 PIOc_sync Enter - MemInfo: Wall-clock time since execution start:               0.519572 seconds
20220313 034234.695 INFO             PET2 PIOc_sync Exit - MemInfo: [/proc/meminfo - SSI]	MemTotal:       527077124 kB
20220313 034234.695 INFO             PET2 PIOc_sync Exit - MemInfo: [/proc/meminfo - SSI]	MemFree:        517286368 kB
20220313 034234.695 INFO             PET2 PIOc_sync Exit - MemInfo: [/proc/meminfo - SSI]	MemAvailable:   517735744 kB
20220313 034234.695 INFO             PET2 PIOc_sync Exit - MemInfo: [/proc/meminfo - SSI]	Committed_AS:    1726384 kB
20220313 034234.695 INFO             PET2 PIOc_sync Exit - MemInfo: [/proc/meminfo - SSI]	CommittedPercent: 0.327539 %
20220313 034234.695 INFO             PET2 PIOc_sync Exit - MemInfo: [/proc/self/status]	VmPeak:	  205208 kB
20220313 034234.695 INFO             PET2 PIOc_sync Exit - MemInfo: [/proc/self/status]	VmSize:	  205208 kB
20220313 034234.695 INFO             PET2 PIOc_sync Exit - MemInfo: [/proc/self/status]	VmLck:	       0 kB
20220313 034234.695 INFO             PET2 PIOc_sync Exit - MemInfo: [/proc/self/status]	VmPin:	       0 kB
20220313 034234.695 INFO             PET2 PIOc_sync Exit - MemInfo: [/proc/self/status]	VmHWM:	   51220 kB
20220313 034234.695 INFO             PET2 PIOc_sync Exit - MemInfo: [/proc/self/status]	VmRSS:	   51220 kB
20220313 034234.695 INFO             PET2 PIOc_sync Exit - MemInfo: [/proc/self/status]	VmData:	   27540 kB
20220313 034234.695 INFO             PET2 PIOc_sync Exit - MemInfo: [/proc/self/status]	VmStk:	     156 kB
20220313 034234.695 INFO             PET2 PIOc_sync Exit - MemInfo: [/proc/self/status]	VmExe:	     332 kB
20220313 034234.695 INFO             PET2 PIOc_sync Exit - MemInfo: [/proc/self/status]	VmLib:	  103544 kB
20220313 034234.695 INFO             PET2 PIOc_sync Exit - MemInfo: [/proc/self/status]	VmPTE:	     408 kB
20220313 034234.695 INFO             PET2 PIOc_sync Exit - MemInfo: [/proc/self/status]	VmSwap:	       0 kB
20220313 034234.695 INFO             PET2 PIOc_sync Exit - MemInfo: [/proc/self/status]	VmRSSPercent: 0.00971774 %
20220313 034234.695 INFO             PET2 PIOc_sync Exit - MemInfo: [malloc] Non-mmapped space allocated:                21483520 Byte
20220313 034234.695 INFO             PET2 PIOc_sync Exit - MemInfo: [malloc] Space allocated in mmapped regions:          2547712 Byte
20220313 034234.695 INFO             PET2 PIOc_sync Exit - MemInfo: [malloc] Maximum total allocated space:                     0 Byte
20220313 034234.695 INFO             PET2 PIOc_sync Exit - MemInfo: [malloc] Space in freed fastbin blocks:                     0 Byte
20220313 034234.695 INFO             PET2 PIOc_sync Exit - MemInfo: [malloc] Total allocated space:                      11195280 Byte
20220313 034234.695 INFO             PET2 PIOc_sync Exit - MemInfo: [malloc] Total free space:                           10288240 Byte
20220313 034234.695 INFO             PET2 PIOc_sync Exit - MemInfo: [malloc] Top-most, releasable space:                  7734272 Byte
20220313 034234.695 INFO             PET2 PIOc_sync Exit - MemInfo: [malloc] Total space in use, mmap + non-mmap:        13742992 Byte
20220313 034234.695 INFO             PET2 PIOc_sync Exit - MemInfo: [malloc] Total space held (mmap + non-mmap):         24031232 Byte
20220313 034234.695 INFO             PET2 PIOc_sync Exit - MemInfo: [malloc] Total space used (mmap + non-mmap):         13751200 Byte
20220313 034234.695 INFO             PET2 PIOc_sync Exit - MemInfo: Wall-clock time since execution start:               0.519895 seconds
20220313 034234.695 INFO             PET2 PIOc_freedecomp Enter - MemInfo: [/proc/meminfo - SSI]	MemTotal:       527077124 kB
20220313 034234.695 INFO             PET2 PIOc_freedecomp Enter - MemInfo: [/proc/meminfo - SSI]	MemFree:        517286368 kB
20220313 034234.695 INFO             PET2 PIOc_freedecomp Enter - MemInfo: [/proc/meminfo - SSI]	MemAvailable:   517735744 kB
20220313 034234.695 INFO             PET2 PIOc_freedecomp Enter - MemInfo: [/proc/meminfo - SSI]	Committed_AS:    1726384 kB
20220313 034234.695 INFO             PET2 PIOc_freedecomp Enter - MemInfo: [/proc/meminfo - SSI]	CommittedPercent: 0.327539 %
20220313 034234.695 INFO             PET2 PIOc_freedecomp Enter - MemInfo: [/proc/self/status]	VmPeak:	  205208 kB
20220313 034234.695 INFO             PET2 PIOc_freedecomp Enter - MemInfo: [/proc/self/status]	VmSize:	  205208 kB
20220313 034234.695 INFO             PET2 PIOc_freedecomp Enter - MemInfo: [/proc/self/status]	VmLck:	       0 kB
