build time -- 2022-03-13 03:31:55
20220313 033903.455 INFO             PET0 !!!!!!!!!!!!!!!!!!!!!!!!!!!!!!!!!!!!!!!!!!!!!!!!!!!!!!
20220313 033903.455 INFO             PET0 !!! THE ESMF_LOG IS SET TO OUTPUT ALL LOG MESSAGES !!!
20220313 033903.455 INFO             PET0 !!!     THIS MAY CAUSE SLOWDOWN IN PERFORMANCE     !!!
20220313 033903.455 INFO             PET0 !!! FOR PRODUCTION RUNS, USE:                      !!!
20220313 033903.455 INFO             PET0 !!!                   ESMF_LOGKIND_Multi_On_Error  !!!
20220313 033903.455 INFO             PET0 !!!!!!!!!!!!!!!!!!!!!!!!!!!!!!!!!!!!!!!!!!!!!!!!!!!!!!
20220313 033903.455 INFO             PET0 Running with ESMF Version   : v8.3.0b09-96-g559b459836
20220313 033903.455 INFO             PET0 ESMF library build date/time: "Mar 13 2022" "03:30:54"
20220313 033903.455 INFO             PET0 ESMF library build location : /lfs/h1/emc/ptmp/Mark.Potts/gfortran_10.3.0_mpich3_g_jedwards_pio_update2
20220313 033903.455 INFO             PET0 ESMF_COMM                   : mpich3
20220313 033903.455 INFO             PET0 ESMF_MOAB                   : enabled
20220313 033903.455 INFO             PET0 ESMF_LAPACK                 : enabled
20220313 033903.455 INFO             PET0 ESMF_NETCDF                 : enabled
20220313 033903.455 INFO             PET0 ESMF_PNETCDF                : disabled
20220313 033903.455 INFO             PET0 ESMF_PIO                    : enabled
20220313 033903.455 INFO             PET0 ESMF_YAMLCPP                : enabled
20220313 033903.455 INFO             PET0  Beginning Test, file ESMF_IOUTest.F90, line 57
20220313 033903.455 INFO             PET0  NUMBER_OF_PROCESSORS           4
20220313 033903.455 INFO             PET0 Starting Test:  ESMF_OutputWeightFile
20220313 033903.461 INFO             PET0 PIOc_sync Enter - MemInfo: [/proc/meminfo - SSI]	MemTotal:       527077124 kB
20220313 033903.461 INFO             PET0 PIOc_sync Enter - MemInfo: [/proc/meminfo - SSI]	MemFree:        517399680 kB
20220313 033903.461 INFO             PET0 PIOc_sync Enter - MemInfo: [/proc/meminfo - SSI]	MemAvailable:   517784320 kB
20220313 033903.461 INFO             PET0 PIOc_sync Enter - MemInfo: [/proc/meminfo - SSI]	Committed_AS:    1621672 kB
20220313 033903.461 INFO             PET0 PIOc_sync Enter - MemInfo: [/proc/meminfo - SSI]	CommittedPercent: 0.307673 %
20220313 033903.461 INFO             PET0 PIOc_sync Enter - MemInfo: [/proc/self/status]	VmPeak:	  194656 kB
20220313 033903.461 INFO             PET0 PIOc_sync Enter - MemInfo: [/proc/self/status]	VmSize:	  194656 kB
20220313 033903.462 INFO             PET0 PIOc_sync Enter - MemInfo: [/proc/self/status]	VmLck:	       0 kB
20220313 033903.462 INFO             PET0 PIOc_sync Enter - MemInfo: [/proc/self/status]	VmPin:	       0 kB
20220313 033903.462 INFO             PET0 PIOc_sync Enter - MemInfo: [/proc/self/status]	VmHWM:	   39404 kB
20220313 033903.462 INFO             PET0 PIOc_sync Enter - MemInfo: [/proc/self/status]	VmRSS:	   39404 kB
20220313 033903.462 INFO             PET0 PIOc_sync Enter - MemInfo: [/proc/self/status]	VmData:	   16992 kB
20220313 033903.462 INFO             PET0 PIOc_sync Enter - MemInfo: [/proc/self/status]	VmStk:	     156 kB
20220313 033903.462 INFO             PET0 PIOc_sync Enter - MemInfo: [/proc/self/status]	VmExe:	     328 kB
20220313 033903.462 INFO             PET0 PIOc_sync Enter - MemInfo: [/proc/self/status]	VmLib:	  103544 kB
20220313 033903.462 INFO             PET0 PIOc_sync Enter - MemInfo: [/proc/self/status]	VmPTE:	     388 kB
20220313 033903.462 INFO             PET0 PIOc_sync Enter - MemInfo: [/proc/self/status]	VmSwap:	       0 kB
20220313 033903.462 INFO             PET0 PIOc_sync Enter - MemInfo: [/proc/self/status]	VmRSSPercent: 0.00747595 %
20220313 033903.462 INFO             PET0 PIOc_sync Enter - MemInfo: [malloc] Non-mmapped space allocated:                  970752 Byte
20220313 033903.462 INFO             PET0 PIOc_sync Enter - MemInfo: [malloc] Space allocated in mmapped regions:         12259328 Byte
20220313 033903.462 INFO             PET0 PIOc_sync Enter - MemInfo: [malloc] Maximum total allocated space:                     0 Byte
20220313 033903.462 INFO             PET0 PIOc_sync Enter - MemInfo: [malloc] Space in freed fastbin blocks:                     0 Byte
20220313 033903.462 INFO             PET0 PIOc_sync Enter - MemInfo: [malloc] Total allocated space:                        844640 Byte
20220313 033903.462 INFO             PET0 PIOc_sync Enter - MemInfo: [malloc] Total free space:                             126112 Byte
20220313 033903.462 INFO             PET0 PIOc_sync Enter - MemInfo: [malloc] Top-most, releasable space:                   125888 Byte
20220313 033903.462 INFO             PET0 PIOc_sync Enter - MemInfo: [malloc] Total space in use, mmap + non-mmap:        13103968 Byte
20220313 033903.462 INFO             PET0 PIOc_sync Enter - MemInfo: [malloc] Total space held (mmap + non-mmap):         13230080 Byte
20220313 033903.462 INFO             PET0 PIOc_sync Enter - MemInfo: [malloc] Total space used (mmap + non-mmap):         13113264 Byte
20220313 033903.462 INFO             PET0 PIOc_sync Enter - MemInfo: Wall-clock time since execution start:             0.00893155 seconds
20220313 033903.462 INFO             PET0 PIOc_sync Exit - MemInfo: [/proc/meminfo - SSI]	MemTotal:       527077124 kB
20220313 033903.462 INFO             PET0 PIOc_sync Exit - MemInfo: [/proc/meminfo - SSI]	MemFree:        517399176 kB
20220313 033903.462 INFO             PET0 PIOc_sync Exit - MemInfo: [/proc/meminfo - SSI]	MemAvailable:   517783816 kB
20220313 033903.462 INFO             PET0 PIOc_sync Exit - MemInfo: [/proc/meminfo - SSI]	Committed_AS:    1621956 kB
20220313 033903.462 INFO             PET0 PIOc_sync Exit - MemInfo: [/proc/meminfo - SSI]	CommittedPercent: 0.307727 %
20220313 033903.462 INFO             PET0 PIOc_sync Exit - MemInfo: [/proc/self/status]	VmPeak:	  194940 kB
20220313 033903.462 INFO             PET0 PIOc_sync Exit - MemInfo: [/proc/self/status]	VmSize:	  194940 kB
20220313 033903.462 INFO             PET0 PIOc_sync Exit - MemInfo: [/proc/self/status]	VmLck:	       0 kB
20220313 033903.462 INFO             PET0 PIOc_sync Exit - MemInfo: [/proc/self/status]	VmPin:	       0 kB
20220313 033903.462 INFO             PET0 PIOc_sync Exit - MemInfo: [/proc/self/status]	VmHWM:	   39708 kB
20220313 033903.462 INFO             PET0 PIOc_sync Exit - MemInfo: [/proc/self/status]	VmRSS:	   39708 kB
20220313 033903.462 INFO             PET0 PIOc_sync Exit - MemInfo: [/proc/self/status]	VmData:	   17276 kB
20220313 033903.462 INFO             PET0 PIOc_sync Exit - MemInfo: [/proc/self/status]	VmStk:	     156 kB
20220313 033903.462 INFO             PET0 PIOc_sync Exit - MemInfo: [/proc/self/status]	VmExe:	     328 kB
20220313 033903.462 INFO             PET0 PIOc_sync Exit - MemInfo: [/proc/self/status]	VmLib:	  103544 kB
20220313 033903.462 INFO             PET0 PIOc_sync Exit - MemInfo: [/proc/self/status]	VmPTE:	     388 kB
20220313 033903.462 INFO             PET0 PIOc_sync Exit - MemInfo: [/proc/self/status]	VmSwap:	       0 kB
20220313 033903.462 INFO             PET0 PIOc_sync Exit - MemInfo: [/proc/self/status]	VmRSSPercent: 0.00753362 %
20220313 033903.462 INFO             PET0 PIOc_sync Exit - MemInfo: [malloc] Non-mmapped space allocated:                  970752 Byte
20220313 033903.462 INFO             PET0 PIOc_sync Exit - MemInfo: [malloc] Space allocated in mmapped regions:         12550144 Byte
20220313 033903.462 INFO             PET0 PIOc_sync Exit - MemInfo: [malloc] Maximum total allocated space:                     0 Byte
20220313 033903.462 INFO             PET0 PIOc_sync Exit - MemInfo: [malloc] Space in freed fastbin blocks:                     0 Byte
20220313 033903.462 INFO             PET0 PIOc_sync Exit - MemInfo: [malloc] Total allocated space:                        913632 Byte
20220313 033903.462 INFO             PET0 PIOc_sync Exit - MemInfo: [malloc] Total free space:                              57120 Byte
20220313 033903.462 INFO             PET0 PIOc_sync Exit - MemInfo: [malloc] Top-most, releasable space:                    56016 Byte
20220313 033903.462 INFO             PET0 PIOc_sync Exit - MemInfo: [malloc] Total space in use, mmap + non-mmap:        13463776 Byte
20220313 033903.462 INFO             PET0 PIOc_sync Exit - MemInfo: [malloc] Total space held (mmap + non-mmap):         13520896 Byte
20220313 033903.462 INFO             PET0 PIOc_sync Exit - MemInfo: [malloc] Total space used (mmap + non-mmap):         13471984 Byte
20220313 033903.462 INFO             PET0 PIOc_sync Exit - MemInfo: Wall-clock time since execution start:             0.00932389 seconds
20220313 033903.462 INFO             PET0 PIOc_freedecomp Enter - MemInfo: [/proc/meminfo - SSI]	MemTotal:       527077124 kB
20220313 033903.462 INFO             PET0 PIOc_freedecomp Enter - MemInfo: [/proc/meminfo - SSI]	MemFree:        517406328 kB
20220313 033903.462 INFO             PET0 PIOc_freedecomp Enter - MemInfo: [/proc/meminfo - SSI]	MemAvailable:   517790968 kB
20220313 033903.462 INFO             PET0 PIOc_freedecomp Enter - MemInfo: [/proc/meminfo - SSI]	Committed_AS:    1613244 kB
20220313 033903.462 INFO             PET0 PIOc_freedecomp Enter - MemInfo: [/proc/meminfo - SSI]	CommittedPercent: 0.306074 %
20220313 033903.462 INFO             PET0 PIOc_freedecomp Enter - MemInfo: [/proc/self/status]	VmPeak:	  194940 kB
20220313 033903.462 INFO             PET0 PIOc_freedecomp Enter - MemInfo: [/proc/self/status]	VmSize:	  186228 kB
20220313 033903.462 INFO             PET0 PIOc_freedecomp Enter - MemInfo: [/proc/self/status]	VmLck:	       0 kB
20220313 033903.462 INFO             PET0 PIOc_freedecomp Enter - MemInfo: [/proc/self/status]	VmPin:	       0 kB
20220313 033903.462 INFO             PET0 PIOc_freedecomp Enter - MemInfo: [/proc/self/status]	VmHWM:	   39708 kB
20220313 033903.462 INFO             PET0 PIOc_freedecomp Enter - MemInfo: [/proc/self/status]	VmRSS:	   31716 kB
20220313 033903.462 INFO             PET0 PIOc_freedecomp Enter - MemInfo: [/proc/self/status]	VmData:	    8564 kB
20220313 033903.462 INFO             PET0 PIOc_freedecomp Enter - MemInfo: [/proc/self/status]	VmStk:	     156 kB
20220313 033903.462 INFO             PET0 PIOc_freedecomp Enter - MemInfo: [/proc/self/status]	VmExe:	     328 kB
20220313 033903.462 INFO             PET0 PIOc_freedecomp Enter - MemInfo: [/proc/self/status]	VmLib:	  103544 kB
20220313 033903.462 INFO             PET0 PIOc_freedecomp Enter - MemInfo: [/proc/self/status]	VmPTE:	     376 kB
20220313 033903.462 INFO             PET0 PIOc_freedecomp Enter - MemInfo: [/proc/self/status]	VmSwap:	       0 kB
20220313 033903.462 INFO             PET0 PIOc_freedecomp Enter - MemInfo: [/proc/self/status]	VmRSSPercent: 0.00601734 %
20220313 033903.462 INFO             PET0 PIOc_freedecomp Enter - MemInfo: [malloc] Non-mmapped space allocated:                  970752 Byte
20220313 033903.463 INFO             PET0 PIOc_freedecomp Enter - MemInfo: [malloc] Space allocated in mmapped regions:          3629056 Byte
20220313 033903.463 INFO             PET0 PIOc_freedecomp Enter - MemInfo: [malloc] Maximum total allocated space:                     0 Byte
20220313 033903.463 INFO             PET0 PIOc_freedecomp Enter - MemInfo: [malloc] Space in freed fastbin blocks:                   448 Byte
20220313 033903.463 INFO             PET0 PIOc_freedecomp Enter - MemInfo: [malloc] Total allocated space:                        902912 Byte
20220313 033903.463 INFO             PET0 PIOc_freedecomp Enter - MemInfo: [malloc] Total free space:                              67840 Byte
20220313 033903.463 INFO             PET0 PIOc_freedecomp Enter - MemInfo: [malloc] Top-most, releasable space:                    55792 Byte
20220313 033903.463 INFO             PET0 PIOc_freedecomp Enter - MemInfo: [malloc] Total space in use, mmap + non-mmap:         4531968 Byte
20220313 033903.463 INFO             PET0 PIOc_freedecomp Enter - MemInfo: [malloc] Total space held (mmap + non-mmap):          4599808 Byte
20220313 033903.463 INFO             PET0 PIOc_freedecomp Enter - MemInfo: [malloc] Total space used (mmap + non-mmap):          4540176 Byte
20220313 033903.463 INFO             PET0 PIOc_freedecomp Enter - MemInfo: Wall-clock time since execution start:             0.00978985 seconds
20220313 033903.463 INFO             PET0 PIOc_freedecomp Exit - MemInfo: [/proc/meminfo - SSI]	MemTotal:       527077124 kB
20220313 033903.463 INFO             PET0 PIOc_freedecomp Exit - MemInfo: [/proc/meminfo - SSI]	MemFree:        517406328 kB
20220313 033903.463 INFO             PET0 PIOc_freedecomp Exit - MemInfo: [/proc/meminfo - SSI]	MemAvailable:   517790968 kB
20220313 033903.463 INFO             PET0 PIOc_freedecomp Exit - MemInfo: [/proc/meminfo - SSI]	Committed_AS:    1613244 kB
20220313 033903.463 INFO             PET0 PIOc_freedecomp Exit - MemInfo: [/proc/meminfo - SSI]	CommittedPercent: 0.306074 %
20220313 033903.463 INFO             PET0 PIOc_freedecomp Exit - MemInfo: [/proc/self/status]	VmPeak:	  194940 kB
20220313 033903.463 INFO             PET0 PIOc_freedecomp Exit - MemInfo: [/proc/self/status]	VmSize:	  186228 kB
20220313 033903.463 INFO             PET0 PIOc_freedecomp Exit - MemInfo: [/proc/self/status]	VmLck:	       0 kB
20220313 033903.463 INFO             PET0 PIOc_freedecomp Exit - MemInfo: [/proc/self/status]	VmPin:	       0 kB
20220313 033903.463 INFO             PET0 PIOc_freedecomp Exit - MemInfo: [/proc/self/status]	VmHWM:	   39708 kB
20220313 033903.463 INFO             PET0 PIOc_freedecomp Exit - MemInfo: [/proc/self/status]	VmRSS:	   31716 kB
20220313 033903.463 INFO             PET0 PIOc_freedecomp Exit - MemInfo: [/proc/self/status]	VmData:	    8564 kB
20220313 033903.463 INFO             PET0 PIOc_freedecomp Exit - MemInfo: [/proc/self/status]	VmStk:	     156 kB
20220313 033903.463 INFO             PET0 PIOc_freedecomp Exit - MemInfo: [/proc/self/status]	VmExe:	     328 kB
20220313 033903.463 INFO             PET0 PIOc_freedecomp Exit - MemInfo: [/proc/self/status]	VmLib:	  103544 kB
20220313 033903.463 INFO             PET0 PIOc_freedecomp Exit - MemInfo: [/proc/self/status]	VmPTE:	     376 kB
20220313 033903.463 INFO             PET0 PIOc_freedecomp Exit - MemInfo: [/proc/self/status]	VmSwap:	       0 kB
20220313 033903.463 INFO             PET0 PIOc_freedecomp Exit - MemInfo: [/proc/self/status]	VmRSSPercent: 0.00601734 %
20220313 033903.463 INFO             PET0 PIOc_freedecomp Exit - MemInfo: [malloc] Non-mmapped space allocated:                  970752 Byte
20220313 033903.463 INFO             PET0 PIOc_freedecomp Exit - MemInfo: [malloc] Space allocated in mmapped regions:          3629056 Byte
20220313 033903.463 INFO             PET0 PIOc_freedecomp Exit - MemInfo: [malloc] Maximum total allocated space:                     0 Byte
20220313 033903.463 INFO             PET0 PIOc_freedecomp Exit - MemInfo: [malloc] Space in freed fastbin blocks:                  1104 Byte
20220313 033903.463 INFO             PET0 PIOc_freedecomp Exit - MemInfo: [malloc] Total allocated space:                        902032 Byte
20220313 033903.463 INFO             PET0 PIOc_freedecomp Exit - MemInfo: [malloc] Total free space:                              68720 Byte
20220313 033903.463 INFO             PET0 PIOc_freedecomp Exit - MemInfo: [malloc] Top-most, releasable space:                    55792 Byte
20220313 033903.463 INFO             PET0 PIOc_freedecomp Exit - MemInfo: [malloc] Total space in use, mmap + non-mmap:         4531088 Byte
20220313 033903.463 INFO             PET0 PIOc_freedecomp Exit - MemInfo: [malloc] Total space held (mmap + non-mmap):          4599808 Byte
20220313 033903.463 INFO             PET0 PIOc_freedecomp Exit - MemInfo: [malloc] Total space used (mmap + non-mmap):          4539296 Byte
20220313 033903.463 INFO             PET0 PIOc_freedecomp Exit - MemInfo: Wall-clock time since execution start:              0.0100022 seconds
20220313 033903.464 INFO             PET0 PIOc_sync Enter - MemInfo: [/proc/meminfo - SSI]	MemTotal:       527077124 kB
20220313 033903.464 INFO             PET0 PIOc_sync Enter - MemInfo: [/proc/meminfo - SSI]	MemFree:        517402232 kB
20220313 033903.464 INFO             PET0 PIOc_sync Enter - MemInfo: [/proc/meminfo - SSI]	MemAvailable:   517786872 kB
20220313 033903.465 INFO             PET0 PIOc_sync Enter - MemInfo: [/proc/meminfo - SSI]	Committed_AS:    1622024 kB
20220313 033903.465 INFO             PET0 PIOc_sync Enter - MemInfo: [/proc/meminfo - SSI]	CommittedPercent: 0.307739 %
20220313 033903.465 INFO             PET0 PIOc_sync Enter - MemInfo: [/proc/self/status]	VmPeak:	  195008 kB
20220313 033903.465 INFO             PET0 PIOc_sync Enter - MemInfo: [/proc/self/status]	VmSize:	  195008 kB
20220313 033903.465 INFO             PET0 PIOc_sync Enter - MemInfo: [/proc/self/status]	VmLck:	       0 kB
20220313 033903.465 INFO             PET0 PIOc_sync Enter - MemInfo: [/proc/self/status]	VmPin:	       0 kB
20220313 033903.465 INFO             PET0 PIOc_sync Enter - MemInfo: [/proc/self/status]	VmHWM:	   39708 kB
20220313 033903.465 INFO             PET0 PIOc_sync Enter - MemInfo: [/proc/self/status]	VmRSS:	   36040 kB
20220313 033903.465 INFO             PET0 PIOc_sync Enter - MemInfo: [/proc/self/status]	VmData:	   17344 kB
20220313 033903.465 INFO             PET0 PIOc_sync Enter - MemInfo: [/proc/self/status]	VmStk:	     156 kB
20220313 033903.465 INFO             PET0 PIOc_sync Enter - MemInfo: [/proc/self/status]	VmExe:	     328 kB
20220313 033903.465 INFO             PET0 PIOc_sync Enter - MemInfo: [/proc/self/status]	VmLib:	  103544 kB
20220313 033903.465 INFO             PET0 PIOc_sync Enter - MemInfo: [/proc/self/status]	VmPTE:	     388 kB
20220313 033903.465 INFO             PET0 PIOc_sync Enter - MemInfo: [/proc/self/status]	VmSwap:	       0 kB
20220313 033903.465 INFO             PET0 PIOc_sync Enter - MemInfo: [/proc/self/status]	VmRSSPercent: 0.00683771 %
20220313 033903.465 INFO             PET0 PIOc_sync Enter - MemInfo: [malloc] Non-mmapped space allocated:                 9961472 Byte
20220313 033903.465 INFO             PET0 PIOc_sync Enter - MemInfo: [malloc] Space allocated in mmapped regions:          3629056 Byte
20220313 033903.465 INFO             PET0 PIOc_sync Enter - MemInfo: [malloc] Maximum total allocated space:                     0 Byte
20220313 033903.465 INFO             PET0 PIOc_sync Enter - MemInfo: [malloc] Space in freed fastbin blocks:                    64 Byte
20220313 033903.465 INFO             PET0 PIOc_sync Enter - MemInfo: [malloc] Total allocated space:                       9828416 Byte
20220313 033903.465 INFO             PET0 PIOc_sync Enter - MemInfo: [malloc] Total free space:                             133056 Byte
20220313 033903.465 INFO             PET0 PIOc_sync Enter - MemInfo: [malloc] Top-most, releasable space:                   128336 Byte
20220313 033903.465 INFO             PET0 PIOc_sync Enter - MemInfo: [malloc] Total space in use, mmap + non-mmap:        13457472 Byte
20220313 033903.465 INFO             PET0 PIOc_sync Enter - MemInfo: [malloc] Total space held (mmap + non-mmap):         13590528 Byte
20220313 033903.465 INFO             PET0 PIOc_sync Enter - MemInfo: [malloc] Total space used (mmap + non-mmap):         13465904 Byte
20220313 033903.465 INFO             PET0 PIOc_sync Enter - MemInfo: Wall-clock time since execution start:              0.0119251 seconds
20220313 033903.465 INFO             PET0 PIOc_sync Exit - MemInfo: [/proc/meminfo - SSI]	MemTotal:       527077124 kB
20220313 033903.465 INFO             PET0 PIOc_sync Exit - MemInfo: [/proc/meminfo - SSI]	MemFree:        517402232 kB
20220313 033903.465 INFO             PET0 PIOc_sync Exit - MemInfo: [/proc/meminfo - SSI]	MemAvailable:   517786872 kB
20220313 033903.465 INFO             PET0 PIOc_sync Exit - MemInfo: [/proc/meminfo - SSI]	Committed_AS:    1622024 kB
20220313 033903.465 INFO             PET0 PIOc_sync Exit - MemInfo: [/proc/meminfo - SSI]	CommittedPercent: 0.307739 %
20220313 033903.465 INFO             PET0 PIOc_sync Exit - MemInfo: [/proc/self/status]	VmPeak:	  195008 kB
20220313 033903.465 INFO             PET0 PIOc_sync Exit - MemInfo: [/proc/self/status]	VmSize:	  195008 kB
20220313 033903.465 INFO             PET0 PIOc_sync Exit - MemInfo: [/proc/self/status]	VmLck:	       0 kB
20220313 033903.465 INFO             PET0 PIOc_sync Exit - MemInfo: [/proc/self/status]	VmPin:	       0 kB
20220313 033903.465 INFO             PET0 PIOc_sync Exit - MemInfo: [/proc/self/status]	VmHWM:	   39708 kB
20220313 033903.465 INFO             PET0 PIOc_sync Exit - MemInfo: [/proc/self/status]	VmRSS:	   36040 kB
20220313 033903.465 INFO             PET0 PIOc_sync Exit - MemInfo: [/proc/self/status]	VmData:	   17344 kB
20220313 033903.465 INFO             PET0 PIOc_sync Exit - MemInfo: [/proc/self/status]	VmStk:	     156 kB
20220313 033903.465 INFO             PET0 PIOc_sync Exit - MemInfo: [/proc/self/status]	VmExe:	     328 kB
20220313 033903.465 INFO             PET0 PIOc_sync Exit - MemInfo: [/proc/self/status]	VmLib:	  103544 kB
20220313 033903.465 INFO             PET0 PIOc_sync Exit - MemInfo: [/proc/self/status]	VmPTE:	     388 kB
20220313 033903.465 INFO             PET0 PIOc_sync Exit - MemInfo: [/proc/self/status]	VmSwap:	       0 kB
20220313 033903.465 INFO             PET0 PIOc_sync Exit - MemInfo: [/proc/self/status]	VmRSSPercent: 0.00683771 %
20220313 033903.465 INFO             PET0 PIOc_sync Exit - MemInfo: [malloc] Non-mmapped space allocated:                 9961472 Byte
20220313 033903.465 INFO             PET0 PIOc_sync Exit - MemInfo: [malloc] Space allocated in mmapped regions:          3629056 Byte
20220313 033903.465 INFO             PET0 PIOc_sync Exit - MemInfo: [malloc] Maximum total allocated space:                     0 Byte
20220313 033903.465 INFO             PET0 PIOc_sync Exit - MemInfo: [malloc] Space in freed fastbin blocks:                     0 Byte
20220313 033903.465 INFO             PET0 PIOc_sync Exit - MemInfo: [malloc] Total allocated space:                       9829520 Byte
20220313 033903.465 INFO             PET0 PIOc_sync Exit - MemInfo: [malloc] Total free space:                             131952 Byte
20220313 033903.465 INFO             PET0 PIOc_sync Exit - MemInfo: [malloc] Top-most, releasable space:                   128112 Byte
20220313 033903.465 INFO             PET0 PIOc_sync Exit - MemInfo: [malloc] Total space in use, mmap + non-mmap:        13458576 Byte
20220313 033903.465 INFO             PET0 PIOc_sync Exit - MemInfo: [malloc] Total space held (mmap + non-mmap):         13590528 Byte
20220313 033903.465 INFO             PET0 PIOc_sync Exit - MemInfo: [malloc] Total space used (mmap + non-mmap):         13466784 Byte
20220313 033903.465 INFO             PET0 PIOc_sync Exit - MemInfo: Wall-clock time since execution start:              0.0121865 seconds
20220313 033903.465 INFO             PET0 PIOc_freedecomp Enter - MemInfo: [/proc/meminfo - SSI]	MemTotal:       527077124 kB
20220313 033903.465 INFO             PET0 PIOc_freedecomp Enter - MemInfo: [/proc/meminfo - SSI]	MemFree:        517402232 kB
20220313 033903.465 INFO             PET0 PIOc_freedecomp Enter - MemInfo: [/proc/meminfo - SSI]	MemAvailable:   517786872 kB
20220313 033903.465 INFO             PET0 PIOc_freedecomp Enter - MemInfo: [/proc/meminfo - SSI]	Committed_AS:    1622024 kB
20220313 033903.465 INFO             PET0 PIOc_freedecomp Enter - MemInfo: [/proc/meminfo - SSI]	CommittedPercent: 0.307739 %
20220313 033903.465 INFO             PET0 PIOc_freedecomp Enter - MemInfo: [/proc/self/status]	VmPeak:	  195008 kB
20220313 033903.465 INFO             PET0 PIOc_freedecomp Enter - MemInfo: [/proc/self/status]	VmSize:	  195008 kB
20220313 033903.465 INFO             PET0 PIOc_freedecomp Enter - MemInfo: [/proc/self/status]	VmLck:	       0 kB
20220313 033903.465 INFO             PET0 PIOc_freedecomp Enter - MemInfo: [/proc/self/status]	VmPin:	       0 kB
20220313 033903.465 INFO             PET0 PIOc_freedecomp Enter - MemInfo: [/proc/self/status]	VmHWM:	   39708 kB
20220313 033903.465 INFO             PET0 PIOc_freedecomp Enter - MemInfo: [/proc/self/status]	VmRSS:	   36040 kB
20220313 033903.465 INFO             PET0 PIOc_freedecomp Enter - MemInfo: [/proc/self/status]	VmData:	   17344 kB
20220313 033903.465 INFO             PET0 PIOc_freedecomp Enter - MemInfo: [/proc/self/status]	VmStk:	     156 kB
20220313 033903.465 INFO             PET0 PIOc_freedecomp Enter - MemInfo: [/proc/self/status]	VmExe:	     328 kB
20220313 033903.465 INFO             PET0 PIOc_freedecomp Enter - MemInfo: [/proc/self/status]	VmLib:	  103544 kB
20220313 033903.465 INFO             PET0 PIOc_freedecomp Enter - MemInfo: [/proc/self/status]	VmPTE:	     388 kB
20220313 033903.465 INFO             PET0 PIOc_freedecomp Enter - MemInfo: [/proc/self/status]	VmSwap:	       0 kB
20220313 033903.465 INFO             PET0 PIOc_freedecomp Enter - MemInfo: [/proc/self/status]	VmRSSPercent: 0.00683771 %
20220313 033903.465 INFO             PET0 PIOc_freedecomp Enter - MemInfo: [malloc] Non-mmapped space allocated:                 9961472 Byte
20220313 033903.465 INFO             PET0 PIOc_freedecomp Enter - MemInfo: [malloc] Space allocated in mmapped regions:          3629056 Byte
20220313 033903.465 INFO             PET0 PIOc_freedecomp Enter - MemInfo: [malloc] Maximum total allocated space:                     0 Byte
20220313 033903.465 INFO             PET0 PIOc_freedecomp Enter - MemInfo: [malloc] Space in freed fastbin blocks:                   192 Byte
20220313 033903.465 INFO             PET0 PIOc_freedecomp Enter - MemInfo: [malloc] Total allocated space:                        905776 Byte
20220313 033903.465 INFO             PET0 PIOc_freedecomp Enter - MemInfo: [malloc] Total free space:                            9055696 Byte
20220313 033903.465 INFO             PET0 PIOc_freedecomp Enter - MemInfo: [malloc] Top-most, releasable space:                   127888 Byte
20220313 033903.465 INFO             PET0 PIOc_freedecomp Enter - MemInfo: [malloc] Total space in use, mmap + non-mmap:         4534832 Byte
20220313 033903.465 INFO             PET0 PIOc_freedecomp Enter - MemInfo: [malloc] Total space held (mmap + non-mmap):         13590528 Byte
20220313 033903.465 INFO             PET0 PIOc_freedecomp Enter - MemInfo: [malloc] Total space used (mmap + non-mmap):          4543040 Byte
20220313 033903.465 INFO             PET0 PIOc_freedecomp Enter - MemInfo: Wall-clock time since execution start:              0.0125305 seconds
20220313 033903.465 INFO             PET0 PIOc_freedecomp Exit - MemInfo: [/proc/meminfo - SSI]	MemTotal:       527077124 kB
20220313 033903.465 INFO             PET0 PIOc_freedecomp Exit - MemInfo: [/proc/meminfo - SSI]	MemFree:        517402232 kB
20220313 033903.465 INFO             PET0 PIOc_freedecomp Exit - MemInfo: [/proc/meminfo - SSI]	MemAvailable:   517786872 kB
20220313 033903.465 INFO             PET0 PIOc_freedecomp Exit - MemInfo: [/proc/meminfo - SSI]	Committed_AS:    1622024 kB
20220313 033903.465 INFO             PET0 PIOc_freedecomp Exit - MemInfo: [/proc/meminfo - SSI]	CommittedPercent: 0.307739 %
20220313 033903.465 INFO             PET0 PIOc_freedecomp Exit - MemInfo: [/proc/self/status]	VmPeak:	  195008 kB
20220313 033903.465 INFO             PET0 PIOc_freedecomp Exit - MemInfo: [/proc/self/status]	VmSize:	  195008 kB
20220313 033903.465 INFO             PET0 PIOc_freedecomp Exit - MemInfo: [/proc/self/status]	VmLck:	       0 kB
20220313 033903.465 INFO             PET0 PIOc_freedecomp Exit - MemInfo: [/proc/self/status]	VmPin:	       0 kB
20220313 033903.465 INFO             PET0 PIOc_freedecomp Exit - MemInfo: [/proc/self/status]	VmHWM:	   39708 kB
20220313 033903.465 INFO             PET0 PIOc_freedecomp Exit - MemInfo: [/proc/self/status]	VmRSS:	   36040 kB
20220313 033903.465 INFO             PET0 PIOc_freedecomp Exit - MemInfo: [/proc/self/status]	VmData:	   17344 kB
20220313 033903.465 INFO             PET0 PIOc_freedecomp Exit - MemInfo: [/proc/self/status]	VmStk:	     156 kB
20220313 033903.465 INFO             PET0 PIOc_freedecomp Exit - MemInfo: [/proc/self/status]	VmExe:	     328 kB
20220313 033903.465 INFO             PET0 PIOc_freedecomp Exit - MemInfo: [/proc/self/status]	VmLib:	  103544 kB
20220313 033903.465 INFO             PET0 PIOc_freedecomp Exit - MemInfo: [/proc/self/status]	VmPTE:	     388 kB
20220313 033903.465 INFO             PET0 PIOc_freedecomp Exit - MemInfo: [/proc/self/status]	VmSwap:	       0 kB
20220313 033903.465 INFO             PET0 PIOc_freedecomp Exit - MemInfo: [/proc/self/status]	VmRSSPercent: 0.00683771 %
20220313 033903.465 INFO             PET0 PIOc_freedecomp Exit - MemInfo: [malloc] Non-mmapped space allocated:                 9961472 Byte
20220313 033903.465 INFO             PET0 PIOc_freedecomp Exit - MemInfo: [malloc] Space allocated in mmapped regions:          3629056 Byte
20220313 033903.465 INFO             PET0 PIOc_freedecomp Exit - MemInfo: [malloc] Maximum total allocated space:                     0 Byte
20220313 033903.465 INFO             PET0 PIOc_freedecomp Exit - MemInfo: [malloc] Space in freed fastbin blocks:                  1056 Byte
20220313 033903.465 INFO             PET0 PIOc_freedecomp Exit - MemInfo: [malloc] Total allocated space:                        904720 Byte
20220313 033903.465 INFO             PET0 PIOc_freedecomp Exit - MemInfo: [malloc] Total free space:                            9056752 Byte
20220313 033903.465 INFO             PET0 PIOc_freedecomp Exit - MemInfo: [malloc] Top-most, releasable space:                   127888 Byte
20220313 033903.465 INFO             PET0 PIOc_freedecomp Exit - MemInfo: [malloc] Total space in use, mmap + non-mmap:         4533776 Byte
20220313 033903.465 INFO             PET0 PIOc_freedecomp Exit - MemInfo: [malloc] Total space held (mmap + non-mmap):         13590528 Byte
20220313 033903.465 INFO             PET0 PIOc_freedecomp Exit - MemInfo: [malloc] Total space used (mmap + non-mmap):          4541984 Byte
20220313 033903.466 INFO             PET0 PIOc_freedecomp Exit - MemInfo: Wall-clock time since execution start:              0.0127333 seconds
20220313 033903.467 INFO             PET0 PIOc_sync Enter - MemInfo: [/proc/meminfo - SSI]	MemTotal:       527077124 kB
20220313 033903.467 INFO             PET0 PIOc_sync Enter - MemInfo: [/proc/meminfo - SSI]	MemFree:        517402232 kB
20220313 033903.467 INFO             PET0 PIOc_sync Enter - MemInfo: [/proc/meminfo - SSI]	MemAvailable:   517786872 kB
20220313 033903.467 INFO             PET0 PIOc_sync Enter - MemInfo: [/proc/meminfo - SSI]	Committed_AS:    1622024 kB
20220313 033903.467 INFO             PET0 PIOc_sync Enter - MemInfo: [/proc/meminfo - SSI]	CommittedPercent: 0.307739 %
20220313 033903.467 INFO             PET0 PIOc_sync Enter - MemInfo: [/proc/self/status]	VmPeak:	  195008 kB
20220313 033903.467 INFO             PET0 PIOc_sync Enter - MemInfo: [/proc/self/status]	VmSize:	  195008 kB
20220313 033903.467 INFO             PET0 PIOc_sync Enter - MemInfo: [/proc/self/status]	VmLck:	       0 kB
20220313 033903.467 INFO             PET0 PIOc_sync Enter - MemInfo: [/proc/self/status]	VmPin:	       0 kB
20220313 033903.467 INFO             PET0 PIOc_sync Enter - MemInfo: [/proc/self/status]	VmHWM:	   39708 kB
20220313 033903.467 INFO             PET0 PIOc_sync Enter - MemInfo: [/proc/self/status]	VmRSS:	   36612 kB
20220313 033903.467 INFO             PET0 PIOc_sync Enter - MemInfo: [/proc/self/status]	VmData:	   17344 kB
20220313 033903.467 INFO             PET0 PIOc_sync Enter - MemInfo: [/proc/self/status]	VmStk:	     156 kB
20220313 033903.467 INFO             PET0 PIOc_sync Enter - MemInfo: [/proc/self/status]	VmExe:	     328 kB
20220313 033903.467 INFO             PET0 PIOc_sync Enter - MemInfo: [/proc/self/status]	VmLib:	  103544 kB
20220313 033903.467 INFO             PET0 PIOc_sync Enter - MemInfo: [/proc/self/status]	VmPTE:	     388 kB
20220313 033903.467 INFO             PET0 PIOc_sync Enter - MemInfo: [/proc/self/status]	VmSwap:	       0 kB
20220313 033903.467 INFO             PET0 PIOc_sync Enter - MemInfo: [/proc/self/status]	VmRSSPercent: 0.00694623 %
20220313 033903.467 INFO             PET0 PIOc_sync Enter - MemInfo: [malloc] Non-mmapped space allocated:                 9961472 Byte
20220313 033903.467 INFO             PET0 PIOc_sync Enter - MemInfo: [malloc] Space allocated in mmapped regions:          3629056 Byte
20220313 033903.467 INFO             PET0 PIOc_sync Enter - MemInfo: [malloc] Maximum total allocated space:                     0 Byte
20220313 033903.467 INFO             PET0 PIOc_sync Enter - MemInfo: [malloc] Space in freed fastbin blocks:                   160 Byte
20220313 033903.467 INFO             PET0 PIOc_sync Enter - MemInfo: [malloc] Total allocated space:                       9831200 Byte
20220313 033903.467 INFO             PET0 PIOc_sync Enter - MemInfo: [malloc] Total free space:                             130272 Byte
20220313 033903.467 INFO             PET0 PIOc_sync Enter - MemInfo: [malloc] Top-most, releasable space:                   122640 Byte
20220313 033903.467 INFO             PET0 PIOc_sync Enter - MemInfo: [malloc] Total space in use, mmap + non-mmap:        13460256 Byte
20220313 033903.467 INFO             PET0 PIOc_sync Enter - MemInfo: [malloc] Total space held (mmap + non-mmap):         13590528 Byte
20220313 033903.467 INFO             PET0 PIOc_sync Enter - MemInfo: [malloc] Total space used (mmap + non-mmap):         13468576 Byte
20220313 033903.467 INFO             PET0 PIOc_sync Enter - MemInfo: Wall-clock time since execution start:              0.0142871 seconds
20220313 033903.467 INFO             PET0 PIOc_sync Exit - MemInfo: [/proc/meminfo - SSI]	MemTotal:       527077124 kB
20220313 033903.467 INFO             PET0 PIOc_sync Exit - MemInfo: [/proc/meminfo - SSI]	MemFree:        517402232 kB
20220313 033903.467 INFO             PET0 PIOc_sync Exit - MemInfo: [/proc/meminfo - SSI]	MemAvailable:   517786872 kB
20220313 033903.467 INFO             PET0 PIOc_sync Exit - MemInfo: [/proc/meminfo - SSI]	Committed_AS:    1622024 kB
20220313 033903.467 INFO             PET0 PIOc_sync Exit - MemInfo: [/proc/meminfo - SSI]	CommittedPercent: 0.307739 %
20220313 033903.467 INFO             PET0 PIOc_sync Exit - MemInfo: [/proc/self/status]	VmPeak:	  195008 kB
20220313 033903.467 INFO             PET0 PIOc_sync Exit - MemInfo: [/proc/self/status]	VmSize:	  195008 kB
20220313 033903.467 INFO             PET0 PIOc_sync Exit - MemInfo: [/proc/self/status]	VmLck:	       0 kB
20220313 033903.467 INFO             PET0 PIOc_sync Exit - MemInfo: [/proc/self/status]	VmPin:	       0 kB
20220313 033903.467 INFO             PET0 PIOc_sync Exit - MemInfo: [/proc/self/status]	VmHWM:	   39708 kB
20220313 033903.467 INFO             PET0 PIOc_sync Exit - MemInfo: [/proc/self/status]	VmRSS:	   36612 kB
20220313 033903.467 INFO             PET0 PIOc_sync Exit - MemInfo: [/proc/self/status]	VmData:	   17344 kB
20220313 033903.467 INFO             PET0 PIOc_sync Exit - MemInfo: [/proc/self/status]	VmStk:	     156 kB
20220313 033903.467 INFO             PET0 PIOc_sync Exit - MemInfo: [/proc/self/status]	VmExe:	     328 kB
20220313 033903.467 INFO             PET0 PIOc_sync Exit - MemInfo: [/proc/self/status]	VmLib:	  103544 kB
20220313 033903.467 INFO             PET0 PIOc_sync Exit - MemInfo: [/proc/self/status]	VmPTE:	     388 kB
20220313 033903.467 INFO             PET0 PIOc_sync Exit - MemInfo: [/proc/self/status]	VmSwap:	       0 kB
20220313 033903.467 INFO             PET0 PIOc_sync Exit - MemInfo: [/proc/self/status]	VmRSSPercent: 0.00694623 %
20220313 033903.467 INFO             PET0 PIOc_sync Exit - MemInfo: [malloc] Non-mmapped space allocated:                 9961472 Byte
20220313 033903.467 INFO             PET0 PIOc_sync Exit - MemInfo: [malloc] Space allocated in mmapped regions:          3629056 Byte
20220313 033903.467 INFO             PET0 PIOc_sync Exit - MemInfo: [malloc] Maximum total allocated space:                     0 Byte
20220313 033903.467 INFO             PET0 PIOc_sync Exit - MemInfo: [malloc] Space in freed fastbin blocks:                    96 Byte
20220313 033903.467 INFO             PET0 PIOc_sync Exit - MemInfo: [malloc] Total allocated space:                       9831984 Byte
20220313 033903.467 INFO             PET0 PIOc_sync Exit - MemInfo: [malloc] Total free space:                             129488 Byte
20220313 033903.467 INFO             PET0 PIOc_sync Exit - MemInfo: [malloc] Top-most, releasable space:                   122416 Byte
20220313 033903.467 INFO             PET0 PIOc_sync Exit - MemInfo: [malloc] Total space in use, mmap + non-mmap:        13461040 Byte
20220313 033903.467 INFO             PET0 PIOc_sync Exit - MemInfo: [malloc] Total space held (mmap + non-mmap):         13590528 Byte
20220313 033903.467 INFO             PET0 PIOc_sync Exit - MemInfo: [malloc] Total space used (mmap + non-mmap):         13469248 Byte
20220313 033903.467 INFO             PET0 PIOc_sync Exit - MemInfo: Wall-clock time since execution start:              0.0145446 seconds
20220313 033903.467 INFO             PET0 PIOc_freedecomp Enter - MemInfo: [/proc/meminfo - SSI]	MemTotal:       527077124 kB
20220313 033903.467 INFO             PET0 PIOc_freedecomp Enter - MemInfo: [/proc/meminfo - SSI]	MemFree:        517402232 kB
20220313 033903.467 INFO             PET0 PIOc_freedecomp Enter - MemInfo: [/proc/meminfo - SSI]	MemAvailable:   517786872 kB
20220313 033903.467 INFO             PET0 PIOc_freedecomp Enter - MemInfo: [/proc/meminfo - SSI]	Committed_AS:    1622024 kB
20220313 033903.467 INFO             PET0 PIOc_freedecomp Enter - MemInfo: [/proc/meminfo - SSI]	CommittedPercent: 0.307739 %
20220313 033903.467 INFO             PET0 PIOc_freedecomp Enter - MemInfo: [/proc/self/status]	VmPeak:	  195008 kB
20220313 033903.467 INFO             PET0 PIOc_freedecomp Enter - MemInfo: [/proc/self/status]	VmSize:	  195008 kB
20220313 033903.467 INFO             PET0 PIOc_freedecomp Enter - MemInfo: [/proc/self/status]	VmLck:	       0 kB
20220313 033903.468 INFO             PET0 PIOc_freedecomp Enter - MemInfo: [/proc/self/status]	VmPin:	       0 kB
20220313 033903.468 INFO             PET0 PIOc_freedecomp Enter - MemInfo: [/proc/self/status]	VmHWM:	   39708 kB
20220313 033903.468 INFO             PET0 PIOc_freedecomp Enter - MemInfo: [/proc/self/status]	VmRSS:	   36612 kB
20220313 033903.468 INFO             PET0 PIOc_freedecomp Enter - MemInfo: [/proc/self/status]	VmData:	   17344 kB
20220313 033903.468 INFO             PET0 PIOc_freedecomp Enter - MemInfo: [/proc/self/status]	VmStk:	     156 kB
20220313 033903.468 INFO             PET0 PIOc_freedecomp Enter - MemInfo: [/proc/self/status]	VmExe:	     328 kB
20220313 033903.468 INFO             PET0 PIOc_freedecomp Enter - MemInfo: [/proc/self/status]	VmLib:	  103544 kB
20220313 033903.468 INFO             PET0 PIOc_freedecomp Enter - MemInfo: [/proc/self/status]	VmPTE:	     388 kB
20220313 033903.468 INFO             PET0 PIOc_freedecomp Enter - MemInfo: [/proc/self/status]	VmSwap:	       0 kB
20220313 033903.468 INFO             PET0 PIOc_freedecomp Enter - MemInfo: [/proc/self/status]	VmRSSPercent: 0.00694623 %
20220313 033903.468 INFO             PET0 PIOc_freedecomp Enter - MemInfo: [malloc] Non-mmapped space allocated:                 9961472 Byte
20220313 033903.468 INFO             PET0 PIOc_freedecomp Enter - MemInfo: [malloc] Space allocated in mmapped regions:          3629056 Byte
20220313 033903.468 INFO             PET0 PIOc_freedecomp Enter - MemInfo: [malloc] Maximum total allocated space:                     0 Byte
20220313 033903.468 INFO             PET0 PIOc_freedecomp Enter - MemInfo: [malloc] Space in freed fastbin blocks:                   192 Byte
20220313 033903.468 INFO             PET0 PIOc_freedecomp Enter - MemInfo: [malloc] Total allocated space:                        907040 Byte
20220313 033903.468 INFO             PET0 PIOc_freedecomp Enter - MemInfo: [malloc] Total free space:                            9054432 Byte
20220313 033903.468 INFO             PET0 PIOc_freedecomp Enter - MemInfo: [malloc] Top-most, releasable space:                   122192 Byte
20220313 033903.468 INFO             PET0 PIOc_freedecomp Enter - MemInfo: [malloc] Total space in use, mmap + non-mmap:         4536096 Byte
20220313 033903.468 INFO             PET0 PIOc_freedecomp Enter - MemInfo: [malloc] Total space held (mmap + non-mmap):         13590528 Byte
20220313 033903.468 INFO             PET0 PIOc_freedecomp Enter - MemInfo: [malloc] Total space used (mmap + non-mmap):          4544304 Byte
20220313 033903.468 INFO             PET0 PIOc_freedecomp Enter - MemInfo: Wall-clock time since execution start:              0.0148657 seconds
20220313 033903.468 INFO             PET0 PIOc_freedecomp Exit - MemInfo: [/proc/meminfo - SSI]	MemTotal:       527077124 kB
20220313 033903.468 INFO             PET0 PIOc_freedecomp Exit - MemInfo: [/proc/meminfo - SSI]	MemFree:        517402232 kB
20220313 033903.468 INFO             PET0 PIOc_freedecomp Exit - MemInfo: [/proc/meminfo - SSI]	MemAvailable:   517786872 kB
20220313 033903.468 INFO             PET0 PIOc_freedecomp Exit - MemInfo: [/proc/meminfo - SSI]	Committed_AS:    1622024 kB
20220313 033903.468 INFO             PET0 PIOc_freedecomp Exit - MemInfo: [/proc/meminfo - SSI]	CommittedPercent: 0.307739 %
20220313 033903.468 INFO             PET0 PIOc_freedecomp Exit - MemInfo: [/proc/self/status]	VmPeak:	  195008 kB
20220313 033903.468 INFO             PET0 PIOc_freedecomp Exit - MemInfo: [/proc/self/status]	VmSize:	  195008 kB
20220313 033903.468 INFO             PET0 PIOc_freedecomp Exit - MemInfo: [/proc/self/status]	VmLck:	       0 kB
20220313 033903.468 INFO             PET0 PIOc_freedecomp Exit - MemInfo: [/proc/self/status]	VmPin:	       0 kB
20220313 033903.468 INFO             PET0 PIOc_freedecomp Exit - MemInfo: [/proc/self/status]	VmHWM:	   39708 kB
20220313 033903.468 INFO             PET0 PIOc_freedecomp Exit - MemInfo: [/proc/self/status]	VmRSS:	   36612 kB
20220313 033903.468 INFO             PET0 PIOc_freedecomp Exit - MemInfo: [/proc/self/status]	VmData:	   17344 kB
20220313 033903.468 INFO             PET0 PIOc_freedecomp Exit - MemInfo: [/proc/self/status]	VmStk:	     156 kB
20220313 033903.468 INFO             PET0 PIOc_freedecomp Exit - MemInfo: [/proc/self/status]	VmExe:	     328 kB
20220313 033903.468 INFO             PET0 PIOc_freedecomp Exit - MemInfo: [/proc/self/status]	VmLib:	  103544 kB
20220313 033903.468 INFO             PET0 PIOc_freedecomp Exit - MemInfo: [/proc/self/status]	VmPTE:	     388 kB
20220313 033903.468 INFO             PET0 PIOc_freedecomp Exit - MemInfo: [/proc/self/status]	VmSwap:	       0 kB
20220313 033903.468 INFO             PET0 PIOc_freedecomp Exit - MemInfo: [/proc/self/status]	VmRSSPercent: 0.00694623 %
20220313 033903.468 INFO             PET0 PIOc_freedecomp Exit - MemInfo: [malloc] Non-mmapped space allocated:                 9961472 Byte
20220313 033903.468 INFO             PET0 PIOc_freedecomp Exit - MemInfo: [malloc] Space allocated in mmapped regions:          3629056 Byte
20220313 033903.468 INFO             PET0 PIOc_freedecomp Exit - MemInfo: [malloc] Maximum total allocated space:                     0 Byte
20220313 033903.468 INFO             PET0 PIOc_freedecomp Exit - MemInfo: [malloc] Space in freed fastbin blocks:                  1104 Byte
20220313 033903.468 INFO             PET0 PIOc_freedecomp Exit - MemInfo: [malloc] Total allocated space:                        905936 Byte
20220313 033903.468 INFO             PET0 PIOc_freedecomp Exit - MemInfo: [malloc] Total free space:                            9055536 Byte
20220313 033903.468 INFO             PET0 PIOc_freedecomp Exit - MemInfo: [malloc] Top-most, releasable space:                   127888 Byte
20220313 033903.468 INFO             PET0 PIOc_freedecomp Exit - MemInfo: [malloc] Total space in use, mmap + non-mmap:         4534992 Byte
20220313 033903.468 INFO             PET0 PIOc_freedecomp Exit - MemInfo: [malloc] Total space held (mmap + non-mmap):         13590528 Byte
20220313 033903.468 INFO             PET0 PIOc_freedecomp Exit - MemInfo: [malloc] Total space used (mmap + non-mmap):          4543200 Byte
20220313 033903.468 INFO             PET0 PIOc_freedecomp Exit - MemInfo: Wall-clock time since execution start:              0.0150537 seconds
20220313 033903.468 INFO             PET0  PASS  ESMF_OutputWeightFile, ESMF_IOUTest.F90, line 81
20220313 033903.470 INFO             PET0  PASS  call ESMF_OutputWeightFile with empty factor list on four PETs, ESMF_IOUTest.F90, line 191
20220313 033903.470 INFO             PET0  Ending Test, file ESMF_IOUTest.F90, line 201
20220313 033903.470 INFO             PET0 Finalizing ESMF
20220313 033903.455 INFO             PET1 !!!!!!!!!!!!!!!!!!!!!!!!!!!!!!!!!!!!!!!!!!!!!!!!!!!!!!
20220313 033903.455 INFO             PET1 !!! THE ESMF_LOG IS SET TO OUTPUT ALL LOG MESSAGES !!!
20220313 033903.455 INFO             PET1 !!!     THIS MAY CAUSE SLOWDOWN IN PERFORMANCE     !!!
20220313 033903.455 INFO             PET1 !!! FOR PRODUCTION RUNS, USE:                      !!!
20220313 033903.455 INFO             PET1 !!!                   ESMF_LOGKIND_Multi_On_Error  !!!
20220313 033903.455 INFO             PET1 !!!!!!!!!!!!!!!!!!!!!!!!!!!!!!!!!!!!!!!!!!!!!!!!!!!!!!
20220313 033903.455 INFO             PET1 Running with ESMF Version   : v8.3.0b09-96-g559b459836
20220313 033903.455 INFO             PET1 ESMF library build date/time: "Mar 13 2022" "03:30:54"
20220313 033903.455 INFO             PET1 ESMF library build location : /lfs/h1/emc/ptmp/Mark.Potts/gfortran_10.3.0_mpich3_g_jedwards_pio_update2
20220313 033903.455 INFO             PET1 ESMF_COMM                   : mpich3
20220313 033903.455 INFO             PET1 ESMF_MOAB                   : enabled
20220313 033903.455 INFO             PET1 ESMF_LAPACK                 : enabled
20220313 033903.455 INFO             PET1 ESMF_NETCDF                 : enabled
20220313 033903.455 INFO             PET1 ESMF_PNETCDF                : disabled
20220313 033903.455 INFO             PET1 ESMF_PIO                    : enabled
20220313 033903.455 INFO             PET1 ESMF_YAMLCPP                : enabled
20220313 033903.455 INFO             PET1  Beginning Test, file ESMF_IOUTest.F90, line 57
20220313 033903.455 INFO             PET1  NUMBER_OF_PROCESSORS           4
20220313 033903.455 INFO             PET1 Starting Test:  ESMF_OutputWeightFile
20220313 033903.461 INFO             PET1 PIOc_sync Enter - MemInfo: [/proc/meminfo - SSI]	MemTotal:       527077124 kB
20220313 033903.461 INFO             PET1 PIOc_sync Enter - MemInfo: [/proc/meminfo - SSI]	MemFree:        517399680 kB
20220313 033903.461 INFO             PET1 PIOc_sync Enter - MemInfo: [/proc/meminfo - SSI]	MemAvailable:   517784320 kB
20220313 033903.461 INFO             PET1 PIOc_sync Enter - MemInfo: [/proc/meminfo - SSI]	Committed_AS:    1621672 kB
20220313 033903.461 INFO             PET1 PIOc_sync Enter - MemInfo: [/proc/meminfo - SSI]	CommittedPercent: 0.307673 %
20220313 033903.461 INFO             PET1 PIOc_sync Enter - MemInfo: [/proc/self/status]	VmPeak:	  185688 kB
20220313 033903.461 INFO             PET1 PIOc_sync Enter - MemInfo: [/proc/self/status]	VmSize:	  185688 kB
20220313 033903.462 INFO             PET1 PIOc_sync Enter - MemInfo: [/proc/self/status]	VmLck:	       0 kB
20220313 033903.462 INFO             PET1 PIOc_sync Enter - MemInfo: [/proc/self/status]	VmPin:	       0 kB
20220313 033903.462 INFO             PET1 PIOc_sync Enter - MemInfo: [/proc/self/status]	VmHWM:	   27164 kB
20220313 033903.462 INFO             PET1 PIOc_sync Enter - MemInfo: [/proc/self/status]	VmRSS:	   27164 kB
20220313 033903.462 INFO             PET1 PIOc_sync Enter - MemInfo: [/proc/self/status]	VmData:	    8024 kB
20220313 033903.462 INFO             PET1 PIOc_sync Enter - MemInfo: [/proc/self/status]	VmStk:	     156 kB
20220313 033903.462 INFO             PET1 PIOc_sync Enter - MemInfo: [/proc/self/status]	VmExe:	     328 kB
20220313 033903.462 INFO             PET1 PIOc_sync Enter - MemInfo: [/proc/self/status]	VmLib:	  103544 kB
20220313 033903.462 INFO             PET1 PIOc_sync Enter - MemInfo: [/proc/self/status]	VmPTE:	     368 kB
20220313 033903.462 INFO             PET1 PIOc_sync Enter - MemInfo: [/proc/self/status]	VmSwap:	       0 kB
20220313 033903.462 INFO             PET1 PIOc_sync Enter - MemInfo: [/proc/self/status]	VmRSSPercent: 0.0051537 %
20220313 033903.462 INFO             PET1 PIOc_sync Enter - MemInfo: [malloc] Non-mmapped space allocated:                  708608 Byte
20220313 033903.462 INFO             PET1 PIOc_sync Enter - MemInfo: [malloc] Space allocated in mmapped regions:          3338240 Byte
20220313 033903.462 INFO             PET1 PIOc_sync Enter - MemInfo: [malloc] Maximum total allocated space:                     0 Byte
20220313 033903.462 INFO             PET1 PIOc_sync Enter - MemInfo: [malloc] Space in freed fastbin blocks:                     0 Byte
20220313 033903.462 INFO             PET1 PIOc_sync Enter - MemInfo: [malloc] Total allocated space:                        574272 Byte
20220313 033903.462 INFO             PET1 PIOc_sync Enter - MemInfo: [malloc] Total free space:                             134336 Byte
20220313 033903.462 INFO             PET1 PIOc_sync Enter - MemInfo: [malloc] Top-most, releasable space:                   133488 Byte
20220313 033903.462 INFO             PET1 PIOc_sync Enter - MemInfo: [malloc] Total space in use, mmap + non-mmap:         3912512 Byte
20220313 033903.462 INFO             PET1 PIOc_sync Enter - MemInfo: [malloc] Total space held (mmap + non-mmap):          4046848 Byte
20220313 033903.462 INFO             PET1 PIOc_sync Enter - MemInfo: [malloc] Total space used (mmap + non-mmap):          3921248 Byte
20220313 033903.462 INFO             PET1 PIOc_sync Enter - MemInfo: Wall-clock time since execution start:             0.00893157 seconds
20220313 033903.462 INFO             PET1 PIOc_sync Exit - MemInfo: [/proc/meminfo - SSI]	MemTotal:       527077124 kB
20220313 033903.462 INFO             PET1 PIOc_sync Exit - MemInfo: [/proc/meminfo - SSI]	MemFree:        517399176 kB
20220313 033903.462 INFO             PET1 PIOc_sync Exit - MemInfo: [/proc/meminfo - SSI]	MemAvailable:   517783816 kB
20220313 033903.462 INFO             PET1 PIOc_sync Exit - MemInfo: [/proc/meminfo - SSI]	Committed_AS:    1621956 kB
20220313 033903.462 INFO             PET1 PIOc_sync Exit - MemInfo: [/proc/meminfo - SSI]	CommittedPercent: 0.307727 %
20220313 033903.462 INFO             PET1 PIOc_sync Exit - MemInfo: [/proc/self/status]	VmPeak:	  185688 kB
20220313 033903.462 INFO             PET1 PIOc_sync Exit - MemInfo: [/proc/self/status]	VmSize:	  185688 kB
20220313 033903.462 INFO             PET1 PIOc_sync Exit - MemInfo: [/proc/self/status]	VmLck:	       0 kB
20220313 033903.462 INFO             PET1 PIOc_sync Exit - MemInfo: [/proc/self/status]	VmPin:	       0 kB
20220313 033903.462 INFO             PET1 PIOc_sync Exit - MemInfo: [/proc/self/status]	VmHWM:	   27164 kB
20220313 033903.462 INFO             PET1 PIOc_sync Exit - MemInfo: [/proc/self/status]	VmRSS:	   27164 kB
20220313 033903.462 INFO             PET1 PIOc_sync Exit - MemInfo: [/proc/self/status]	VmData:	    8024 kB
20220313 033903.462 INFO             PET1 PIOc_sync Exit - MemInfo: [/proc/self/status]	VmStk:	     156 kB
20220313 033903.462 INFO             PET1 PIOc_sync Exit - MemInfo: [/proc/self/status]	VmExe:	     328 kB
20220313 033903.462 INFO             PET1 PIOc_sync Exit - MemInfo: [/proc/self/status]	VmLib:	  103544 kB
20220313 033903.462 INFO             PET1 PIOc_sync Exit - MemInfo: [/proc/self/status]	VmPTE:	     368 kB
20220313 033903.462 INFO             PET1 PIOc_sync Exit - MemInfo: [/proc/self/status]	VmSwap:	       0 kB
20220313 033903.462 INFO             PET1 PIOc_sync Exit - MemInfo: [/proc/self/status]	VmRSSPercent: 0.0051537 %
20220313 033903.462 INFO             PET1 PIOc_sync Exit - MemInfo: [malloc] Non-mmapped space allocated:                  708608 Byte
20220313 033903.462 INFO             PET1 PIOc_sync Exit - MemInfo: [malloc] Space allocated in mmapped regions:          3338240 Byte
20220313 033903.462 INFO             PET1 PIOc_sync Exit - MemInfo: [malloc] Maximum total allocated space:                     0 Byte
20220313 033903.462 INFO             PET1 PIOc_sync Exit - MemInfo: [malloc] Space in freed fastbin blocks:                     0 Byte
20220313 033903.462 INFO             PET1 PIOc_sync Exit - MemInfo: [malloc] Total allocated space:                        575248 Byte
20220313 033903.462 INFO             PET1 PIOc_sync Exit - MemInfo: [malloc] Total free space:                             133360 Byte
20220313 033903.462 INFO             PET1 PIOc_sync Exit - MemInfo: [malloc] Top-most, releasable space:                   132736 Byte
20220313 033903.462 INFO             PET1 PIOc_sync Exit - MemInfo: [malloc] Total space in use, mmap + non-mmap:         3913488 Byte
20220313 033903.462 INFO             PET1 PIOc_sync Exit - MemInfo: [malloc] Total space held (mmap + non-mmap):          4046848 Byte
20220313 033903.462 INFO             PET1 PIOc_sync Exit - MemInfo: [malloc] Total space used (mmap + non-mmap):          3921696 Byte
20220313 033903.462 INFO             PET1 PIOc_sync Exit - MemInfo: Wall-clock time since execution start:             0.00930109 seconds
20220313 033903.462 INFO             PET1 PIOc_freedecomp Enter - MemInfo: [/proc/meminfo - SSI]	MemTotal:       527077124 kB
20220313 033903.462 INFO             PET1 PIOc_freedecomp Enter - MemInfo: [/proc/meminfo - SSI]	MemFree:        517406328 kB
20220313 033903.462 INFO             PET1 PIOc_freedecomp Enter - MemInfo: [/proc/meminfo - SSI]	MemAvailable:   517790968 kB
20220313 033903.462 INFO             PET1 PIOc_freedecomp Enter - MemInfo: [/proc/meminfo - SSI]	Committed_AS:    1613244 kB
20220313 033903.462 INFO             PET1 PIOc_freedecomp Enter - MemInfo: [/proc/meminfo - SSI]	CommittedPercent: 0.306074 %
20220313 033903.462 INFO             PET1 PIOc_freedecomp Enter - MemInfo: [/proc/self/status]	VmPeak:	  185688 kB
20220313 033903.462 INFO             PET1 PIOc_freedecomp Enter - MemInfo: [/proc/self/status]	VmSize:	  185688 kB
20220313 033903.462 INFO             PET1 PIOc_freedecomp Enter - MemInfo: [/proc/self/status]	VmLck:	       0 kB
20220313 033903.462 INFO             PET1 PIOc_freedecomp Enter - MemInfo: [/proc/self/status]	VmPin:	       0 kB
20220313 033903.462 INFO             PET1 PIOc_freedecomp Enter - MemInfo: [/proc/self/status]	VmHWM:	   27164 kB
20220313 033903.462 INFO             PET1 PIOc_freedecomp Enter - MemInfo: [/proc/self/status]	VmRSS:	   27164 kB
20220313 033903.462 INFO             PET1 PIOc_freedecomp Enter - MemInfo: [/proc/self/status]	VmData:	    8024 kB
20220313 033903.462 INFO             PET1 PIOc_freedecomp Enter - MemInfo: [/proc/self/status]	VmStk:	     156 kB
20220313 033903.462 INFO             PET1 PIOc_freedecomp Enter - MemInfo: [/proc/self/status]	VmExe:	     328 kB
20220313 033903.462 INFO             PET1 PIOc_freedecomp Enter - MemInfo: [/proc/self/status]	VmLib:	  103544 kB
20220313 033903.462 INFO             PET1 PIOc_freedecomp Enter - MemInfo: [/proc/self/status]	VmPTE:	     368 kB
20220313 033903.462 INFO             PET1 PIOc_freedecomp Enter - MemInfo: [/proc/self/status]	VmSwap:	       0 kB
20220313 033903.462 INFO             PET1 PIOc_freedecomp Enter - MemInfo: [/proc/self/status]	VmRSSPercent: 0.0051537 %
20220313 033903.462 INFO             PET1 PIOc_freedecomp Enter - MemInfo: [malloc] Non-mmapped space allocated:                  708608 Byte
20220313 033903.462 INFO             PET1 PIOc_freedecomp Enter - MemInfo: [malloc] Space allocated in mmapped regions:          3338240 Byte
20220313 033903.462 INFO             PET1 PIOc_freedecomp Enter - MemInfo: [malloc] Maximum total allocated space:                     0 Byte
20220313 033903.462 INFO             PET1 PIOc_freedecomp Enter - MemInfo: [malloc] Space in freed fastbin blocks:                    80 Byte
20220313 033903.462 INFO             PET1 PIOc_freedecomp Enter - MemInfo: [malloc] Total allocated space:                        575392 Byte
20220313 033903.463 INFO             PET1 PIOc_freedecomp Enter - MemInfo: [malloc] Total free space:                             133216 Byte
20220313 033903.463 INFO             PET1 PIOc_freedecomp Enter - MemInfo: [malloc] Top-most, releasable space:                   132512 Byte
20220313 033903.463 INFO             PET1 PIOc_freedecomp Enter - MemInfo: [malloc] Total space in use, mmap + non-mmap:         3913632 Byte
20220313 033903.463 INFO             PET1 PIOc_freedecomp Enter - MemInfo: [malloc] Total space held (mmap + non-mmap):          4046848 Byte
20220313 033903.463 INFO             PET1 PIOc_freedecomp Enter - MemInfo: [malloc] Total space used (mmap + non-mmap):          3921840 Byte
20220313 033903.463 INFO             PET1 PIOc_freedecomp Enter - MemInfo: Wall-clock time since execution start:             0.00976645 seconds
20220313 033903.463 INFO             PET1 PIOc_freedecomp Exit - MemInfo: [/proc/meminfo - SSI]	MemTotal:       527077124 kB
20220313 033903.463 INFO             PET1 PIOc_freedecomp Exit - MemInfo: [/proc/meminfo - SSI]	MemFree:        517406328 kB
20220313 033903.463 INFO             PET1 PIOc_freedecomp Exit - MemInfo: [/proc/meminfo - SSI]	MemAvailable:   517790968 kB
20220313 033903.463 INFO             PET1 PIOc_freedecomp Exit - MemInfo: [/proc/meminfo - SSI]	Committed_AS:    1613244 kB
20220313 033903.463 INFO             PET1 PIOc_freedecomp Exit - MemInfo: [/proc/meminfo - SSI]	CommittedPercent: 0.306074 %
20220313 033903.463 INFO             PET1 PIOc_freedecomp Exit - MemInfo: [/proc/self/status]	VmPeak:	  185688 kB
20220313 033903.463 INFO             PET1 PIOc_freedecomp Exit - MemInfo: [/proc/self/status]	VmSize:	  185688 kB
20220313 033903.463 INFO             PET1 PIOc_freedecomp Exit - MemInfo: [/proc/self/status]	VmLck:	       0 kB
20220313 033903.463 INFO             PET1 PIOc_freedecomp Exit - MemInfo: [/proc/self/status]	VmPin:	       0 kB
20220313 033903.463 INFO             PET1 PIOc_freedecomp Exit - MemInfo: [/proc/self/status]	VmHWM:	   27164 kB
20220313 033903.463 INFO             PET1 PIOc_freedecomp Exit - MemInfo: [/proc/self/status]	VmRSS:	   27164 kB
20220313 033903.463 INFO             PET1 PIOc_freedecomp Exit - MemInfo: [/proc/self/status]	VmData:	    8024 kB
20220313 033903.463 INFO             PET1 PIOc_freedecomp Exit - MemInfo: [/proc/self/status]	VmStk:	     156 kB
20220313 033903.463 INFO             PET1 PIOc_freedecomp Exit - MemInfo: [/proc/self/status]	VmExe:	     328 kB
20220313 033903.463 INFO             PET1 PIOc_freedecomp Exit - MemInfo: [/proc/self/status]	VmLib:	  103544 kB
20220313 033903.463 INFO             PET1 PIOc_freedecomp Exit - MemInfo: [/proc/self/status]	VmPTE:	     368 kB
20220313 033903.463 INFO             PET1 PIOc_freedecomp Exit - MemInfo: [/proc/self/status]	VmSwap:	       0 kB
20220313 033903.463 INFO             PET1 PIOc_freedecomp Exit - MemInfo: [/proc/self/status]	VmRSSPercent: 0.0051537 %
20220313 033903.463 INFO             PET1 PIOc_freedecomp Exit - MemInfo: [malloc] Non-mmapped space allocated:                  708608 Byte
20220313 033903.463 INFO             PET1 PIOc_freedecomp Exit - MemInfo: [malloc] Space allocated in mmapped regions:          3338240 Byte
20220313 033903.463 INFO             PET1 PIOc_freedecomp Exit - MemInfo: [malloc] Maximum total allocated space:                     0 Byte
20220313 033903.463 INFO             PET1 PIOc_freedecomp Exit - MemInfo: [malloc] Space in freed fastbin blocks:                   336 Byte
20220313 033903.463 INFO             PET1 PIOc_freedecomp Exit - MemInfo: [malloc] Total allocated space:                        575280 Byte
20220313 033903.463 INFO             PET1 PIOc_freedecomp Exit - MemInfo: [malloc] Total free space:                             133328 Byte
20220313 033903.463 INFO             PET1 PIOc_freedecomp Exit - MemInfo: [malloc] Top-most, releasable space:                   132288 Byte
20220313 033903.463 INFO             PET1 PIOc_freedecomp Exit - MemInfo: [malloc] Total space in use, mmap + non-mmap:         3913520 Byte
20220313 033903.463 INFO             PET1 PIOc_freedecomp Exit - MemInfo: [malloc] Total space held (mmap + non-mmap):          4046848 Byte
20220313 033903.463 INFO             PET1 PIOc_freedecomp Exit - MemInfo: [malloc] Total space used (mmap + non-mmap):          3921728 Byte
20220313 033903.463 INFO             PET1 PIOc_freedecomp Exit - MemInfo: Wall-clock time since execution start:             0.00997108 seconds
20220313 033903.464 INFO             PET1 PIOc_sync Enter - MemInfo: [/proc/meminfo - SSI]	MemTotal:       527077124 kB
20220313 033903.464 INFO             PET1 PIOc_sync Enter - MemInfo: [/proc/meminfo - SSI]	MemFree:        517402232 kB
20220313 033903.464 INFO             PET1 PIOc_sync Enter - MemInfo: [/proc/meminfo - SSI]	MemAvailable:   517786872 kB
20220313 033903.465 INFO             PET1 PIOc_sync Enter - MemInfo: [/proc/meminfo - SSI]	Committed_AS:    1622024 kB
20220313 033903.465 INFO             PET1 PIOc_sync Enter - MemInfo: [/proc/meminfo - SSI]	CommittedPercent: 0.307739 %
20220313 033903.465 INFO             PET1 PIOc_sync Enter - MemInfo: [/proc/self/status]	VmPeak:	  185688 kB
20220313 033903.465 INFO             PET1 PIOc_sync Enter - MemInfo: [/proc/self/status]	VmSize:	  185688 kB
20220313 033903.465 INFO             PET1 PIOc_sync Enter - MemInfo: [/proc/self/status]	VmLck:	       0 kB
20220313 033903.465 INFO             PET1 PIOc_sync Enter - MemInfo: [/proc/self/status]	VmPin:	       0 kB
20220313 033903.465 INFO             PET1 PIOc_sync Enter - MemInfo: [/proc/self/status]	VmHWM:	   27336 kB
20220313 033903.465 INFO             PET1 PIOc_sync Enter - MemInfo: [/proc/self/status]	VmRSS:	   27320 kB
20220313 033903.465 INFO             PET1 PIOc_sync Enter - MemInfo: [/proc/self/status]	VmData:	    8024 kB
20220313 033903.465 INFO             PET1 PIOc_sync Enter - MemInfo: [/proc/self/status]	VmStk:	     156 kB
20220313 033903.465 INFO             PET1 PIOc_sync Enter - MemInfo: [/proc/self/status]	VmExe:	     328 kB
20220313 033903.465 INFO             PET1 PIOc_sync Enter - MemInfo: [/proc/self/status]	VmLib:	  103544 kB
20220313 033903.465 INFO             PET1 PIOc_sync Enter - MemInfo: [/proc/self/status]	VmPTE:	     368 kB
20220313 033903.465 INFO             PET1 PIOc_sync Enter - MemInfo: [/proc/self/status]	VmSwap:	       0 kB
20220313 033903.465 INFO             PET1 PIOc_sync Enter - MemInfo: [/proc/self/status]	VmRSSPercent: 0.0051833 %
20220313 033903.465 INFO             PET1 PIOc_sync Enter - MemInfo: [malloc] Non-mmapped space allocated:                  708608 Byte
20220313 033903.465 INFO             PET1 PIOc_sync Enter - MemInfo: [malloc] Space allocated in mmapped regions:          3338240 Byte
20220313 033903.465 INFO             PET1 PIOc_sync Enter - MemInfo: [malloc] Maximum total allocated space:                     0 Byte
20220313 033903.465 INFO             PET1 PIOc_sync Enter - MemInfo: [malloc] Space in freed fastbin blocks:                     0 Byte
20220313 033903.465 INFO             PET1 PIOc_sync Enter - MemInfo: [malloc] Total allocated space:                        576848 Byte
20220313 033903.465 INFO             PET1 PIOc_sync Enter - MemInfo: [malloc] Total free space:                             131760 Byte
20220313 033903.465 INFO             PET1 PIOc_sync Enter - MemInfo: [malloc] Top-most, releasable space:                   131664 Byte
20220313 033903.465 INFO             PET1 PIOc_sync Enter - MemInfo: [malloc] Total space in use, mmap + non-mmap:         3915088 Byte
20220313 033903.465 INFO             PET1 PIOc_sync Enter - MemInfo: [malloc] Total space held (mmap + non-mmap):          4046848 Byte
20220313 033903.465 INFO             PET1 PIOc_sync Enter - MemInfo: [malloc] Total space used (mmap + non-mmap):          3923296 Byte
20220313 033903.465 INFO             PET1 PIOc_sync Enter - MemInfo: Wall-clock time since execution start:              0.0119133 seconds
20220313 033903.465 INFO             PET1 PIOc_sync Exit - MemInfo: [/proc/meminfo - SSI]	MemTotal:       527077124 kB
20220313 033903.465 INFO             PET1 PIOc_sync Exit - MemInfo: [/proc/meminfo - SSI]	MemFree:        517402232 kB
20220313 033903.465 INFO             PET1 PIOc_sync Exit - MemInfo: [/proc/meminfo - SSI]	MemAvailable:   517786872 kB
20220313 033903.465 INFO             PET1 PIOc_sync Exit - MemInfo: [/proc/meminfo - SSI]	Committed_AS:    1622024 kB
20220313 033903.465 INFO             PET1 PIOc_sync Exit - MemInfo: [/proc/meminfo - SSI]	CommittedPercent: 0.307739 %
20220313 033903.465 INFO             PET1 PIOc_sync Exit - MemInfo: [/proc/self/status]	VmPeak:	  185688 kB
20220313 033903.465 INFO             PET1 PIOc_sync Exit - MemInfo: [/proc/self/status]	VmSize:	  185688 kB
20220313 033903.465 INFO             PET1 PIOc_sync Exit - MemInfo: [/proc/self/status]	VmLck:	       0 kB
20220313 033903.465 INFO             PET1 PIOc_sync Exit - MemInfo: [/proc/self/status]	VmPin:	       0 kB
20220313 033903.465 INFO             PET1 PIOc_sync Exit - MemInfo: [/proc/self/status]	VmHWM:	   27336 kB
20220313 033903.465 INFO             PET1 PIOc_sync Exit - MemInfo: [/proc/self/status]	VmRSS:	   27320 kB
20220313 033903.465 INFO             PET1 PIOc_sync Exit - MemInfo: [/proc/self/status]	VmData:	    8024 kB
20220313 033903.465 INFO             PET1 PIOc_sync Exit - MemInfo: [/proc/self/status]	VmStk:	     156 kB
20220313 033903.465 INFO             PET1 PIOc_sync Exit - MemInfo: [/proc/self/status]	VmExe:	     328 kB
20220313 033903.465 INFO             PET1 PIOc_sync Exit - MemInfo: [/proc/self/status]	VmLib:	  103544 kB
20220313 033903.465 INFO             PET1 PIOc_sync Exit - MemInfo: [/proc/self/status]	VmPTE:	     368 kB
20220313 033903.465 INFO             PET1 PIOc_sync Exit - MemInfo: [/proc/self/status]	VmSwap:	       0 kB
20220313 033903.465 INFO             PET1 PIOc_sync Exit - MemInfo: [/proc/self/status]	VmRSSPercent: 0.0051833 %
20220313 033903.465 INFO             PET1 PIOc_sync Exit - MemInfo: [malloc] Non-mmapped space allocated:                  708608 Byte
20220313 033903.465 INFO             PET1 PIOc_sync Exit - MemInfo: [malloc] Space allocated in mmapped regions:          3338240 Byte
20220313 033903.465 INFO             PET1 PIOc_sync Exit - MemInfo: [malloc] Maximum total allocated space:                     0 Byte
20220313 033903.465 INFO             PET1 PIOc_sync Exit - MemInfo: [malloc] Space in freed fastbin blocks:                     0 Byte
20220313 033903.465 INFO             PET1 PIOc_sync Exit - MemInfo: [malloc] Total allocated space:                        577168 Byte
20220313 033903.465 INFO             PET1 PIOc_sync Exit - MemInfo: [malloc] Total free space:                             131440 Byte
20220313 033903.465 INFO             PET1 PIOc_sync Exit - MemInfo: [malloc] Top-most, releasable space:                   131344 Byte
20220313 033903.465 INFO             PET1 PIOc_sync Exit - MemInfo: [malloc] Total space in use, mmap + non-mmap:         3915408 Byte
20220313 033903.465 INFO             PET1 PIOc_sync Exit - MemInfo: [malloc] Total space held (mmap + non-mmap):          4046848 Byte
20220313 033903.465 INFO             PET1 PIOc_sync Exit - MemInfo: [malloc] Total space used (mmap + non-mmap):          3923616 Byte
20220313 033903.465 INFO             PET1 PIOc_sync Exit - MemInfo: Wall-clock time since execution start:              0.0121705 seconds
20220313 033903.465 INFO             PET1 PIOc_freedecomp Enter - MemInfo: [/proc/meminfo - SSI]	MemTotal:       527077124 kB
20220313 033903.465 INFO             PET1 PIOc_freedecomp Enter - MemInfo: [/proc/meminfo - SSI]	MemFree:        517402232 kB
20220313 033903.465 INFO             PET1 PIOc_freedecomp Enter - MemInfo: [/proc/meminfo - SSI]	MemAvailable:   517786872 kB
20220313 033903.465 INFO             PET1 PIOc_freedecomp Enter - MemInfo: [/proc/meminfo - SSI]	Committed_AS:    1622024 kB
20220313 033903.465 INFO             PET1 PIOc_freedecomp Enter - MemInfo: [/proc/meminfo - SSI]	CommittedPercent: 0.307739 %
20220313 033903.465 INFO             PET1 PIOc_freedecomp Enter - MemInfo: [/proc/self/status]	VmPeak:	  185688 kB
20220313 033903.465 INFO             PET1 PIOc_freedecomp Enter - MemInfo: [/proc/self/status]	VmSize:	  185688 kB
20220313 033903.465 INFO             PET1 PIOc_freedecomp Enter - MemInfo: [/proc/self/status]	VmLck:	       0 kB
20220313 033903.465 INFO             PET1 PIOc_freedecomp Enter - MemInfo: [/proc/self/status]	VmPin:	       0 kB
20220313 033903.465 INFO             PET1 PIOc_freedecomp Enter - MemInfo: [/proc/self/status]	VmHWM:	   27336 kB
20220313 033903.465 INFO             PET1 PIOc_freedecomp Enter - MemInfo: [/proc/self/status]	VmRSS:	   27320 kB
20220313 033903.465 INFO             PET1 PIOc_freedecomp Enter - MemInfo: [/proc/self/status]	VmData:	    8024 kB
20220313 033903.465 INFO             PET1 PIOc_freedecomp Enter - MemInfo: [/proc/self/status]	VmStk:	     156 kB
20220313 033903.465 INFO             PET1 PIOc_freedecomp Enter - MemInfo: [/proc/self/status]	VmExe:	     328 kB
20220313 033903.465 INFO             PET1 PIOc_freedecomp Enter - MemInfo: [/proc/self/status]	VmLib:	  103544 kB
20220313 033903.465 INFO             PET1 PIOc_freedecomp Enter - MemInfo: [/proc/self/status]	VmPTE:	     368 kB
20220313 033903.465 INFO             PET1 PIOc_freedecomp Enter - MemInfo: [/proc/self/status]	VmSwap:	       0 kB
20220313 033903.465 INFO             PET1 PIOc_freedecomp Enter - MemInfo: [/proc/self/status]	VmRSSPercent: 0.0051833 %
20220313 033903.465 INFO             PET1 PIOc_freedecomp Enter - MemInfo: [malloc] Non-mmapped space allocated:                  708608 Byte
20220313 033903.465 INFO             PET1 PIOc_freedecomp Enter - MemInfo: [malloc] Space allocated in mmapped regions:          3338240 Byte
20220313 033903.465 INFO             PET1 PIOc_freedecomp Enter - MemInfo: [malloc] Maximum total allocated space:                     0 Byte
20220313 033903.465 INFO             PET1 PIOc_freedecomp Enter - MemInfo: [malloc] Space in freed fastbin blocks:                    80 Byte
20220313 033903.465 INFO             PET1 PIOc_freedecomp Enter - MemInfo: [malloc] Total allocated space:                        577312 Byte
20220313 033903.465 INFO             PET1 PIOc_freedecomp Enter - MemInfo: [malloc] Total free space:                             131296 Byte
20220313 033903.465 INFO             PET1 PIOc_freedecomp Enter - MemInfo: [malloc] Top-most, releasable space:                   131120 Byte
20220313 033903.465 INFO             PET1 PIOc_freedecomp Enter - MemInfo: [malloc] Total space in use, mmap + non-mmap:         3915552 Byte
20220313 033903.465 INFO             PET1 PIOc_freedecomp Enter - MemInfo: [malloc] Total space held (mmap + non-mmap):          4046848 Byte
20220313 033903.465 INFO             PET1 PIOc_freedecomp Enter - MemInfo: [malloc] Total space used (mmap + non-mmap):          3923760 Byte
20220313 033903.465 INFO             PET1 PIOc_freedecomp Enter - MemInfo: Wall-clock time since execution start:              0.0125139 seconds
20220313 033903.465 INFO             PET1 PIOc_freedecomp Exit - MemInfo: [/proc/meminfo - SSI]	MemTotal:       527077124 kB
20220313 033903.465 INFO             PET1 PIOc_freedecomp Exit - MemInfo: [/proc/meminfo - SSI]	MemFree:        517402232 kB
20220313 033903.465 INFO             PET1 PIOc_freedecomp Exit - MemInfo: [/proc/meminfo - SSI]	MemAvailable:   517786872 kB
20220313 033903.465 INFO             PET1 PIOc_freedecomp Exit - MemInfo: [/proc/meminfo - SSI]	Committed_AS:    1622024 kB
20220313 033903.465 INFO             PET1 PIOc_freedecomp Exit - MemInfo: [/proc/meminfo - SSI]	CommittedPercent: 0.307739 %
20220313 033903.465 INFO             PET1 PIOc_freedecomp Exit - MemInfo: [/proc/self/status]	VmPeak:	  185688 kB
20220313 033903.465 INFO             PET1 PIOc_freedecomp Exit - MemInfo: [/proc/self/status]	VmSize:	  185688 kB
20220313 033903.465 INFO             PET1 PIOc_freedecomp Exit - MemInfo: [/proc/self/status]	VmLck:	       0 kB
20220313 033903.465 INFO             PET1 PIOc_freedecomp Exit - MemInfo: [/proc/self/status]	VmPin:	       0 kB
20220313 033903.465 INFO             PET1 PIOc_freedecomp Exit - MemInfo: [/proc/self/status]	VmHWM:	   27336 kB
20220313 033903.465 INFO             PET1 PIOc_freedecomp Exit - MemInfo: [/proc/self/status]	VmRSS:	   27320 kB
20220313 033903.465 INFO             PET1 PIOc_freedecomp Exit - MemInfo: [/proc/self/status]	VmData:	    8024 kB
20220313 033903.465 INFO             PET1 PIOc_freedecomp Exit - MemInfo: [/proc/self/status]	VmStk:	     156 kB
20220313 033903.465 INFO             PET1 PIOc_freedecomp Exit - MemInfo: [/proc/self/status]	VmExe:	     328 kB
20220313 033903.465 INFO             PET1 PIOc_freedecomp Exit - MemInfo: [/proc/self/status]	VmLib:	  103544 kB
20220313 033903.465 INFO             PET1 PIOc_freedecomp Exit - MemInfo: [/proc/self/status]	VmPTE:	     368 kB
20220313 033903.465 INFO             PET1 PIOc_freedecomp Exit - MemInfo: [/proc/self/status]	VmSwap:	       0 kB
20220313 033903.465 INFO             PET1 PIOc_freedecomp Exit - MemInfo: [/proc/self/status]	VmRSSPercent: 0.0051833 %
20220313 033903.465 INFO             PET1 PIOc_freedecomp Exit - MemInfo: [malloc] Non-mmapped space allocated:                  708608 Byte
20220313 033903.465 INFO             PET1 PIOc_freedecomp Exit - MemInfo: [malloc] Space allocated in mmapped regions:          3338240 Byte
20220313 033903.465 INFO             PET1 PIOc_freedecomp Exit - MemInfo: [malloc] Maximum total allocated space:                     0 Byte
20220313 033903.465 INFO             PET1 PIOc_freedecomp Exit - MemInfo: [malloc] Space in freed fastbin blocks:                   368 Byte
20220313 033903.465 INFO             PET1 PIOc_freedecomp Exit - MemInfo: [malloc] Total allocated space:                        576944 Byte
20220313 033903.465 INFO             PET1 PIOc_freedecomp Exit - MemInfo: [malloc] Total free space:                             131664 Byte
20220313 033903.465 INFO             PET1 PIOc_freedecomp Exit - MemInfo: [malloc] Top-most, releasable space:                   130896 Byte
20220313 033903.465 INFO             PET1 PIOc_freedecomp Exit - MemInfo: [malloc] Total space in use, mmap + non-mmap:         3915184 Byte
20220313 033903.465 INFO             PET1 PIOc_freedecomp Exit - MemInfo: [malloc] Total space held (mmap + non-mmap):          4046848 Byte
20220313 033903.465 INFO             PET1 PIOc_freedecomp Exit - MemInfo: [malloc] Total space used (mmap + non-mmap):          3923392 Byte
20220313 033903.465 INFO             PET1 PIOc_freedecomp Exit - MemInfo: Wall-clock time since execution start:              0.0127142 seconds
20220313 033903.467 INFO             PET1 PIOc_sync Enter - MemInfo: [/proc/meminfo - SSI]	MemTotal:       527077124 kB
20220313 033903.467 INFO             PET1 PIOc_sync Enter - MemInfo: [/proc/meminfo - SSI]	MemFree:        517402232 kB
20220313 033903.467 INFO             PET1 PIOc_sync Enter - MemInfo: [/proc/meminfo - SSI]	MemAvailable:   517786872 kB
20220313 033903.467 INFO             PET1 PIOc_sync Enter - MemInfo: [/proc/meminfo - SSI]	Committed_AS:    1622024 kB
20220313 033903.467 INFO             PET1 PIOc_sync Enter - MemInfo: [/proc/meminfo - SSI]	CommittedPercent: 0.307739 %
20220313 033903.467 INFO             PET1 PIOc_sync Enter - MemInfo: [/proc/self/status]	VmPeak:	  185688 kB
20220313 033903.467 INFO             PET1 PIOc_sync Enter - MemInfo: [/proc/self/status]	VmSize:	  185688 kB
20220313 033903.467 INFO             PET1 PIOc_sync Enter - MemInfo: [/proc/self/status]	VmLck:	       0 kB
20220313 033903.467 INFO             PET1 PIOc_sync Enter - MemInfo: [/proc/self/status]	VmPin:	       0 kB
20220313 033903.467 INFO             PET1 PIOc_sync Enter - MemInfo: [/proc/self/status]	VmHWM:	   27388 kB
20220313 033903.467 INFO             PET1 PIOc_sync Enter - MemInfo: [/proc/self/status]	VmRSS:	   27372 kB
20220313 033903.467 INFO             PET1 PIOc_sync Enter - MemInfo: [/proc/self/status]	VmData:	    8024 kB
20220313 033903.467 INFO             PET1 PIOc_sync Enter - MemInfo: [/proc/self/status]	VmStk:	     156 kB
20220313 033903.467 INFO             PET1 PIOc_sync Enter - MemInfo: [/proc/self/status]	VmExe:	     328 kB
20220313 033903.467 INFO             PET1 PIOc_sync Enter - MemInfo: [/proc/self/status]	VmLib:	  103544 kB
20220313 033903.467 INFO             PET1 PIOc_sync Enter - MemInfo: [/proc/self/status]	VmPTE:	     368 kB
20220313 033903.467 INFO             PET1 PIOc_sync Enter - MemInfo: [/proc/self/status]	VmSwap:	       0 kB
20220313 033903.467 INFO             PET1 PIOc_sync Enter - MemInfo: [/proc/self/status]	VmRSSPercent: 0.00519317 %
20220313 033903.467 INFO             PET1 PIOc_sync Enter - MemInfo: [malloc] Non-mmapped space allocated:                  708608 Byte
20220313 033903.467 INFO             PET1 PIOc_sync Enter - MemInfo: [malloc] Space allocated in mmapped regions:          3338240 Byte
20220313 033903.467 INFO             PET1 PIOc_sync Enter - MemInfo: [malloc] Maximum total allocated space:                     0 Byte
20220313 033903.467 INFO             PET1 PIOc_sync Enter - MemInfo: [malloc] Space in freed fastbin blocks:                     0 Byte
20220313 033903.467 INFO             PET1 PIOc_sync Enter - MemInfo: [malloc] Total allocated space:                        578480 Byte
20220313 033903.467 INFO             PET1 PIOc_sync Enter - MemInfo: [malloc] Total free space:                             130128 Byte
20220313 033903.467 INFO             PET1 PIOc_sync Enter - MemInfo: [malloc] Top-most, releasable space:                   129968 Byte
20220313 033903.467 INFO             PET1 PIOc_sync Enter - MemInfo: [malloc] Total space in use, mmap + non-mmap:         3916720 Byte
20220313 033903.467 INFO             PET1 PIOc_sync Enter - MemInfo: [malloc] Total space held (mmap + non-mmap):          4046848 Byte
20220313 033903.467 INFO             PET1 PIOc_sync Enter - MemInfo: [malloc] Total space used (mmap + non-mmap):          3924928 Byte
20220313 033903.467 INFO             PET1 PIOc_sync Enter - MemInfo: Wall-clock time since execution start:              0.0142802 seconds
20220313 033903.467 INFO             PET1 PIOc_sync Exit - MemInfo: [/proc/meminfo - SSI]	MemTotal:       527077124 kB
20220313 033903.467 INFO             PET1 PIOc_sync Exit - MemInfo: [/proc/meminfo - SSI]	MemFree:        517402232 kB
20220313 033903.467 INFO             PET1 PIOc_sync Exit - MemInfo: [/proc/meminfo - SSI]	MemAvailable:   517786872 kB
20220313 033903.467 INFO             PET1 PIOc_sync Exit - MemInfo: [/proc/meminfo - SSI]	Committed_AS:    1622024 kB
20220313 033903.467 INFO             PET1 PIOc_sync Exit - MemInfo: [/proc/meminfo - SSI]	CommittedPercent: 0.307739 %
20220313 033903.467 INFO             PET1 PIOc_sync Exit - MemInfo: [/proc/self/status]	VmPeak:	  185688 kB
20220313 033903.467 INFO             PET1 PIOc_sync Exit - MemInfo: [/proc/self/status]	VmSize:	  185688 kB
20220313 033903.467 INFO             PET1 PIOc_sync Exit - MemInfo: [/proc/self/status]	VmLck:	       0 kB
20220313 033903.467 INFO             PET1 PIOc_sync Exit - MemInfo: [/proc/self/status]	VmPin:	       0 kB
20220313 033903.467 INFO             PET1 PIOc_sync Exit - MemInfo: [/proc/self/status]	VmHWM:	   27388 kB
20220313 033903.467 INFO             PET1 PIOc_sync Exit - MemInfo: [/proc/self/status]	VmRSS:	   27372 kB
20220313 033903.467 INFO             PET1 PIOc_sync Exit - MemInfo: [/proc/self/status]	VmData:	    8024 kB
20220313 033903.467 INFO             PET1 PIOc_sync Exit - MemInfo: [/proc/self/status]	VmStk:	     156 kB
20220313 033903.467 INFO             PET1 PIOc_sync Exit - MemInfo: [/proc/self/status]	VmExe:	     328 kB
20220313 033903.467 INFO             PET1 PIOc_sync Exit - MemInfo: [/proc/self/status]	VmLib:	  103544 kB
20220313 033903.467 INFO             PET1 PIOc_sync Exit - MemInfo: [/proc/self/status]	VmPTE:	     368 kB
20220313 033903.467 INFO             PET1 PIOc_sync Exit - MemInfo: [/proc/self/status]	VmSwap:	       0 kB
20220313 033903.467 INFO             PET1 PIOc_sync Exit - MemInfo: [/proc/self/status]	VmRSSPercent: 0.00519317 %
20220313 033903.467 INFO             PET1 PIOc_sync Exit - MemInfo: [malloc] Non-mmapped space allocated:                  708608 Byte
20220313 033903.467 INFO             PET1 PIOc_sync Exit - MemInfo: [malloc] Space allocated in mmapped regions:          3338240 Byte
20220313 033903.467 INFO             PET1 PIOc_sync Exit - MemInfo: [malloc] Maximum total allocated space:                     0 Byte
20220313 033903.467 INFO             PET1 PIOc_sync Exit - MemInfo: [malloc] Space in freed fastbin blocks:                     0 Byte
20220313 033903.467 INFO             PET1 PIOc_sync Exit - MemInfo: [malloc] Total allocated space:                        578480 Byte
20220313 033903.467 INFO             PET1 PIOc_sync Exit - MemInfo: [malloc] Total free space:                             130128 Byte
20220313 033903.467 INFO             PET1 PIOc_sync Exit - MemInfo: [malloc] Top-most, releasable space:                   129744 Byte
20220313 033903.467 INFO             PET1 PIOc_sync Exit - MemInfo: [malloc] Total space in use, mmap + non-mmap:         3916720 Byte
20220313 033903.467 INFO             PET1 PIOc_sync Exit - MemInfo: [malloc] Total space held (mmap + non-mmap):          4046848 Byte
20220313 033903.467 INFO             PET1 PIOc_sync Exit - MemInfo: [malloc] Total space used (mmap + non-mmap):          3924928 Byte
20220313 033903.467 INFO             PET1 PIOc_sync Exit - MemInfo: Wall-clock time since execution start:              0.0145339 seconds
20220313 033903.467 INFO             PET1 PIOc_freedecomp Enter - MemInfo: [/proc/meminfo - SSI]	MemTotal:       527077124 kB
20220313 033903.467 INFO             PET1 PIOc_freedecomp Enter - MemInfo: [/proc/meminfo - SSI]	MemFree:        517402232 kB
20220313 033903.467 INFO             PET1 PIOc_freedecomp Enter - MemInfo: [/proc/meminfo - SSI]	MemAvailable:   517786872 kB
20220313 033903.467 INFO             PET1 PIOc_freedecomp Enter - MemInfo: [/proc/meminfo - SSI]	Committed_AS:    1622024 kB
20220313 033903.467 INFO             PET1 PIOc_freedecomp Enter - MemInfo: [/proc/meminfo - SSI]	CommittedPercent: 0.307739 %
20220313 033903.467 INFO             PET1 PIOc_freedecomp Enter - MemInfo: [/proc/self/status]	VmPeak:	  185688 kB
20220313 033903.467 INFO             PET1 PIOc_freedecomp Enter - MemInfo: [/proc/self/status]	VmSize:	  185688 kB
20220313 033903.467 INFO             PET1 PIOc_freedecomp Enter - MemInfo: [/proc/self/status]	VmLck:	       0 kB
20220313 033903.467 INFO             PET1 PIOc_freedecomp Enter - MemInfo: [/proc/self/status]	VmPin:	       0 kB
20220313 033903.467 INFO             PET1 PIOc_freedecomp Enter - MemInfo: [/proc/self/status]	VmHWM:	   27388 kB
20220313 033903.467 INFO             PET1 PIOc_freedecomp Enter - MemInfo: [/proc/self/status]	VmRSS:	   27372 kB
20220313 033903.467 INFO             PET1 PIOc_freedecomp Enter - MemInfo: [/proc/self/status]	VmData:	    8024 kB
20220313 033903.467 INFO             PET1 PIOc_freedecomp Enter - MemInfo: [/proc/self/status]	VmStk:	     156 kB
20220313 033903.468 INFO             PET1 PIOc_freedecomp Enter - MemInfo: [/proc/self/status]	VmExe:	     328 kB
20220313 033903.468 INFO             PET1 PIOc_freedecomp Enter - MemInfo: [/proc/self/status]	VmLib:	  103544 kB
20220313 033903.468 INFO             PET1 PIOc_freedecomp Enter - MemInfo: [/proc/self/status]	VmPTE:	     368 kB
20220313 033903.468 INFO             PET1 PIOc_freedecomp Enter - MemInfo: [/proc/self/status]	VmSwap:	       0 kB
20220313 033903.468 INFO             PET1 PIOc_freedecomp Enter - MemInfo: [/proc/self/status]	VmRSSPercent: 0.00519317 %
20220313 033903.468 INFO             PET1 PIOc_freedecomp Enter - MemInfo: [malloc] Non-mmapped space allocated:                  708608 Byte
20220313 033903.468 INFO             PET1 PIOc_freedecomp Enter - MemInfo: [malloc] Space allocated in mmapped regions:          3338240 Byte
20220313 033903.468 INFO             PET1 PIOc_freedecomp Enter - MemInfo: [malloc] Maximum total allocated space:                     0 Byte
20220313 033903.468 INFO             PET1 PIOc_freedecomp Enter - MemInfo: [malloc] Space in freed fastbin blocks:                    80 Byte
20220313 033903.468 INFO             PET1 PIOc_freedecomp Enter - MemInfo: [malloc] Total allocated space:                        577968 Byte
20220313 033903.468 INFO             PET1 PIOc_freedecomp Enter - MemInfo: [malloc] Total free space:                             130640 Byte
20220313 033903.468 INFO             PET1 PIOc_freedecomp Enter - MemInfo: [malloc] Top-most, releasable space:                   129520 Byte
20220313 033903.468 INFO             PET1 PIOc_freedecomp Enter - MemInfo: [malloc] Total space in use, mmap + non-mmap:         3916208 Byte
20220313 033903.468 INFO             PET1 PIOc_freedecomp Enter - MemInfo: [malloc] Total space held (mmap + non-mmap):          4046848 Byte
20220313 033903.468 INFO             PET1 PIOc_freedecomp Enter - MemInfo: [malloc] Total space used (mmap + non-mmap):          3924416 Byte
20220313 033903.468 INFO             PET1 PIOc_freedecomp Enter - MemInfo: Wall-clock time since execution start:               0.014817 seconds
20220313 033903.468 INFO             PET1 PIOc_freedecomp Exit - MemInfo: [/proc/meminfo - SSI]	MemTotal:       527077124 kB
20220313 033903.468 INFO             PET1 PIOc_freedecomp Exit - MemInfo: [/proc/meminfo - SSI]	MemFree:        517402232 kB
20220313 033903.468 INFO             PET1 PIOc_freedecomp Exit - MemInfo: [/proc/meminfo - SSI]	MemAvailable:   517786872 kB
20220313 033903.468 INFO             PET1 PIOc_freedecomp Exit - MemInfo: [/proc/meminfo - SSI]	Committed_AS:    1622024 kB
20220313 033903.468 INFO             PET1 PIOc_freedecomp Exit - MemInfo: [/proc/meminfo - SSI]	CommittedPercent: 0.307739 %
20220313 033903.468 INFO             PET1 PIOc_freedecomp Exit - MemInfo: [/proc/self/status]	VmPeak:	  185688 kB
20220313 033903.468 INFO             PET1 PIOc_freedecomp Exit - MemInfo: [/proc/self/status]	VmSize:	  185688 kB
20220313 033903.468 INFO             PET1 PIOc_freedecomp Exit - MemInfo: [/proc/self/status]	VmLck:	       0 kB
20220313 033903.468 INFO             PET1 PIOc_freedecomp Exit - MemInfo: [/proc/self/status]	VmPin:	       0 kB
20220313 033903.468 INFO             PET1 PIOc_freedecomp Exit - MemInfo: [/proc/self/status]	VmHWM:	   27388 kB
20220313 033903.468 INFO             PET1 PIOc_freedecomp Exit - MemInfo: [/proc/self/status]	VmRSS:	   27372 kB
20220313 033903.468 INFO             PET1 PIOc_freedecomp Exit - MemInfo: [/proc/self/status]	VmData:	    8024 kB
20220313 033903.468 INFO             PET1 PIOc_freedecomp Exit - MemInfo: [/proc/self/status]	VmStk:	     156 kB
20220313 033903.468 INFO             PET1 PIOc_freedecomp Exit - MemInfo: [/proc/self/status]	VmExe:	     328 kB
20220313 033903.468 INFO             PET1 PIOc_freedecomp Exit - MemInfo: [/proc/self/status]	VmLib:	  103544 kB
20220313 033903.468 INFO             PET1 PIOc_freedecomp Exit - MemInfo: [/proc/self/status]	VmPTE:	     368 kB
20220313 033903.468 INFO             PET1 PIOc_freedecomp Exit - MemInfo: [/proc/self/status]	VmSwap:	       0 kB
20220313 033903.468 INFO             PET1 PIOc_freedecomp Exit - MemInfo: [/proc/self/status]	VmRSSPercent: 0.00519317 %
20220313 033903.468 INFO             PET1 PIOc_freedecomp Exit - MemInfo: [malloc] Non-mmapped space allocated:                  708608 Byte
20220313 033903.468 INFO             PET1 PIOc_freedecomp Exit - MemInfo: [malloc] Space allocated in mmapped regions:          3338240 Byte
20220313 033903.468 INFO             PET1 PIOc_freedecomp Exit - MemInfo: [malloc] Maximum total allocated space:                     0 Byte
20220313 033903.468 INFO             PET1 PIOc_freedecomp Exit - MemInfo: [malloc] Space in freed fastbin blocks:                   368 Byte
20220313 033903.468 INFO             PET1 PIOc_freedecomp Exit - MemInfo: [malloc] Total allocated space:                        577600 Byte
20220313 033903.468 INFO             PET1 PIOc_freedecomp Exit - MemInfo: [malloc] Total free space:                             131008 Byte
20220313 033903.468 INFO             PET1 PIOc_freedecomp Exit - MemInfo: [malloc] Top-most, releasable space:                   129296 Byte
20220313 033903.468 INFO             PET1 PIOc_freedecomp Exit - MemInfo: [malloc] Total space in use, mmap + non-mmap:         3915840 Byte
20220313 033903.468 INFO             PET1 PIOc_freedecomp Exit - MemInfo: [malloc] Total space held (mmap + non-mmap):          4046848 Byte
20220313 033903.468 INFO             PET1 PIOc_freedecomp Exit - MemInfo: [malloc] Total space used (mmap + non-mmap):          3924048 Byte
20220313 033903.468 INFO             PET1 PIOc_freedecomp Exit - MemInfo: Wall-clock time since execution start:              0.0150241 seconds
20220313 033903.468 INFO             PET1  PASS  ESMF_OutputWeightFile, ESMF_IOUTest.F90, line 81
20220313 033903.472 INFO             PET1  PASS  call ESMF_OutputWeightFile with empty factor list on four PETs, ESMF_IOUTest.F90, line 191
20220313 033903.472 INFO             PET1  Ending Test, file ESMF_IOUTest.F90, line 201
20220313 033903.472 INFO             PET1 Finalizing ESMF
20220313 033903.455 INFO             PET2 !!!!!!!!!!!!!!!!!!!!!!!!!!!!!!!!!!!!!!!!!!!!!!!!!!!!!!
20220313 033903.455 INFO             PET2 !!! THE ESMF_LOG IS SET TO OUTPUT ALL LOG MESSAGES !!!
20220313 033903.455 INFO             PET2 !!!     THIS MAY CAUSE SLOWDOWN IN PERFORMANCE     !!!
20220313 033903.455 INFO             PET2 !!! FOR PRODUCTION RUNS, USE:                      !!!
20220313 033903.455 INFO             PET2 !!!                   ESMF_LOGKIND_Multi_On_Error  !!!
20220313 033903.455 INFO             PET2 !!!!!!!!!!!!!!!!!!!!!!!!!!!!!!!!!!!!!!!!!!!!!!!!!!!!!!
20220313 033903.455 INFO             PET2 Running with ESMF Version   : v8.3.0b09-96-g559b459836
20220313 033903.455 INFO             PET2 ESMF library build date/time: "Mar 13 2022" "03:30:54"
20220313 033903.455 INFO             PET2 ESMF library build location : /lfs/h1/emc/ptmp/Mark.Potts/gfortran_10.3.0_mpich3_g_jedwards_pio_update2
20220313 033903.455 INFO             PET2 ESMF_COMM                   : mpich3
20220313 033903.455 INFO             PET2 ESMF_MOAB                   : enabled
20220313 033903.455 INFO             PET2 ESMF_LAPACK                 : enabled
20220313 033903.455 INFO             PET2 ESMF_NETCDF                 : enabled
20220313 033903.455 INFO             PET2 ESMF_PNETCDF                : disabled
20220313 033903.455 INFO             PET2 ESMF_PIO                    : enabled
20220313 033903.455 INFO             PET2 ESMF_YAMLCPP                : enabled
20220313 033903.455 INFO             PET2  Beginning Test, file ESMF_IOUTest.F90, line 57
20220313 033903.455 INFO             PET2  NUMBER_OF_PROCESSORS           4
20220313 033903.455 INFO             PET2 Starting Test:  ESMF_OutputWeightFile
20220313 033903.461 INFO             PET2 PIOc_sync Enter - MemInfo: [/proc/meminfo - SSI]	MemTotal:       527077124 kB
20220313 033903.461 INFO             PET2 PIOc_sync Enter - MemInfo: [/proc/meminfo - SSI]	MemFree:        517399680 kB
20220313 033903.461 INFO             PET2 PIOc_sync Enter - MemInfo: [/proc/meminfo - SSI]	MemAvailable:   517784320 kB
20220313 033903.461 INFO             PET2 PIOc_sync Enter - MemInfo: [/proc/meminfo - SSI]	Committed_AS:    1621672 kB
20220313 033903.461 INFO             PET2 PIOc_sync Enter - MemInfo: [/proc/meminfo - SSI]	CommittedPercent: 0.307673 %
20220313 033903.461 INFO             PET2 PIOc_sync Enter - MemInfo: [/proc/self/status]	VmPeak:	  185688 kB
20220313 033903.461 INFO             PET2 PIOc_sync Enter - MemInfo: [/proc/self/status]	VmSize:	  185688 kB
20220313 033903.462 INFO             PET2 PIOc_sync Enter - MemInfo: [/proc/self/status]	VmLck:	       0 kB
20220313 033903.462 INFO             PET2 PIOc_sync Enter - MemInfo: [/proc/self/status]	VmPin:	       0 kB
20220313 033903.462 INFO             PET2 PIOc_sync Enter - MemInfo: [/proc/self/status]	VmHWM:	   27064 kB
20220313 033903.462 INFO             PET2 PIOc_sync Enter - MemInfo: [/proc/self/status]	VmRSS:	   27064 kB
20220313 033903.462 INFO             PET2 PIOc_sync Enter - MemInfo: [/proc/self/status]	VmData:	    8024 kB
20220313 033903.462 INFO             PET2 PIOc_sync Enter - MemInfo: [/proc/self/status]	VmStk:	     156 kB
20220313 033903.462 INFO             PET2 PIOc_sync Enter - MemInfo: [/proc/self/status]	VmExe:	     328 kB
20220313 033903.462 INFO             PET2 PIOc_sync Enter - MemInfo: [/proc/self/status]	VmLib:	  103544 kB
20220313 033903.462 INFO             PET2 PIOc_sync Enter - MemInfo: [/proc/self/status]	VmPTE:	     376 kB
20220313 033903.462 INFO             PET2 PIOc_sync Enter - MemInfo: [/proc/self/status]	VmSwap:	       0 kB
20220313 033903.462 INFO             PET2 PIOc_sync Enter - MemInfo: [/proc/self/status]	VmRSSPercent: 0.00513473 %
20220313 033903.462 INFO             PET2 PIOc_sync Enter - MemInfo: [malloc] Non-mmapped space allocated:                  708608 Byte
20220313 033903.462 INFO             PET2 PIOc_sync Enter - MemInfo: [malloc] Space allocated in mmapped regions:          3338240 Byte
20220313 033903.462 INFO             PET2 PIOc_sync Enter - MemInfo: [malloc] Maximum total allocated space:                     0 Byte
20220313 033903.462 INFO             PET2 PIOc_sync Enter - MemInfo: [malloc] Space in freed fastbin blocks:                     0 Byte
20220313 033903.462 INFO             PET2 PIOc_sync Enter - MemInfo: [malloc] Total allocated space:                        574272 Byte
20220313 033903.462 INFO             PET2 PIOc_sync Enter - MemInfo: [malloc] Total free space:                             134336 Byte
20220313 033903.462 INFO             PET2 PIOc_sync Enter - MemInfo: [malloc] Top-most, releasable space:                   133488 Byte
20220313 033903.462 INFO             PET2 PIOc_sync Enter - MemInfo: [malloc] Total space in use, mmap + non-mmap:         3912512 Byte
20220313 033903.462 INFO             PET2 PIOc_sync Enter - MemInfo: [malloc] Total space held (mmap + non-mmap):          4046848 Byte
20220313 033903.462 INFO             PET2 PIOc_sync Enter - MemInfo: [malloc] Total space used (mmap + non-mmap):          3921248 Byte
20220313 033903.462 INFO             PET2 PIOc_sync Enter - MemInfo: Wall-clock time since execution start:             0.00893042 seconds
20220313 033903.462 INFO             PET2 PIOc_sync Exit - MemInfo: [/proc/meminfo - SSI]	MemTotal:       527077124 kB
20220313 033903.462 INFO             PET2 PIOc_sync Exit - MemInfo: [/proc/meminfo - SSI]	MemFree:        517399176 kB
20220313 033903.462 INFO             PET2 PIOc_sync Exit - MemInfo: [/proc/meminfo - SSI]	MemAvailable:   517783816 kB
20220313 033903.462 INFO             PET2 PIOc_sync Exit - MemInfo: [/proc/meminfo - SSI]	Committed_AS:    1621956 kB
20220313 033903.462 INFO             PET2 PIOc_sync Exit - MemInfo: [/proc/meminfo - SSI]	CommittedPercent: 0.307727 %
20220313 033903.462 INFO             PET2 PIOc_sync Exit - MemInfo: [/proc/self/status]	VmPeak:	  185688 kB
20220313 033903.462 INFO             PET2 PIOc_sync Exit - MemInfo: [/proc/self/status]	VmSize:	  185688 kB
20220313 033903.462 INFO             PET2 PIOc_sync Exit - MemInfo: [/proc/self/status]	VmLck:	       0 kB
20220313 033903.462 INFO             PET2 PIOc_sync Exit - MemInfo: [/proc/self/status]	VmPin:	       0 kB
20220313 033903.462 INFO             PET2 PIOc_sync Exit - MemInfo: [/proc/self/status]	VmHWM:	   27064 kB
20220313 033903.462 INFO             PET2 PIOc_sync Exit - MemInfo: [/proc/self/status]	VmRSS:	   27064 kB
20220313 033903.462 INFO             PET2 PIOc_sync Exit - MemInfo: [/proc/self/status]	VmData:	    8024 kB
20220313 033903.462 INFO             PET2 PIOc_sync Exit - MemInfo: [/proc/self/status]	VmStk:	     156 kB
20220313 033903.462 INFO             PET2 PIOc_sync Exit - MemInfo: [/proc/self/status]	VmExe:	     328 kB
20220313 033903.462 INFO             PET2 PIOc_sync Exit - MemInfo: [/proc/self/status]	VmLib:	  103544 kB
20220313 033903.462 INFO             PET2 PIOc_sync Exit - MemInfo: [/proc/self/status]	VmPTE:	     376 kB
20220313 033903.462 INFO             PET2 PIOc_sync Exit - MemInfo: [/proc/self/status]	VmSwap:	       0 kB
20220313 033903.462 INFO             PET2 PIOc_sync Exit - MemInfo: [/proc/self/status]	VmRSSPercent: 0.00513473 %
20220313 033903.462 INFO             PET2 PIOc_sync Exit - MemInfo: [malloc] Non-mmapped space allocated:                  708608 Byte
20220313 033903.462 INFO             PET2 PIOc_sync Exit - MemInfo: [malloc] Space allocated in mmapped regions:          3338240 Byte
20220313 033903.462 INFO             PET2 PIOc_sync Exit - MemInfo: [malloc] Maximum total allocated space:                     0 Byte
20220313 033903.462 INFO             PET2 PIOc_sync Exit - MemInfo: [malloc] Space in freed fastbin blocks:                     0 Byte
20220313 033903.462 INFO             PET2 PIOc_sync Exit - MemInfo: [malloc] Total allocated space:                        575248 Byte
20220313 033903.462 INFO             PET2 PIOc_sync Exit - MemInfo: [malloc] Total free space:                             133360 Byte
20220313 033903.462 INFO             PET2 PIOc_sync Exit - MemInfo: [malloc] Top-most, releasable space:                   132736 Byte
20220313 033903.462 INFO             PET2 PIOc_sync Exit - MemInfo: [malloc] Total space in use, mmap + non-mmap:         3913488 Byte
20220313 033903.462 INFO             PET2 PIOc_sync Exit - MemInfo: [malloc] Total space held (mmap + non-mmap):          4046848 Byte
20220313 033903.462 INFO             PET2 PIOc_sync Exit - MemInfo: [malloc] Total space used (mmap + non-mmap):          3921696 Byte
20220313 033903.462 INFO             PET2 PIOc_sync Exit - MemInfo: Wall-clock time since execution start:             0.00930747 seconds
20220313 033903.462 INFO             PET2 PIOc_freedecomp Enter - MemInfo: [/proc/meminfo - SSI]	MemTotal:       527077124 kB
20220313 033903.462 INFO             PET2 PIOc_freedecomp Enter - MemInfo: [/proc/meminfo - SSI]	MemFree:        517406328 kB
20220313 033903.462 INFO             PET2 PIOc_freedecomp Enter - MemInfo: [/proc/meminfo - SSI]	MemAvailable:   517790968 kB
20220313 033903.462 INFO             PET2 PIOc_freedecomp Enter - MemInfo: [/proc/meminfo - SSI]	Committed_AS:    1613244 kB
20220313 033903.462 INFO             PET2 PIOc_freedecomp Enter - MemInfo: [/proc/meminfo - SSI]	CommittedPercent: 0.306074 %
20220313 033903.462 INFO             PET2 PIOc_freedecomp Enter - MemInfo: [/proc/self/status]	VmPeak:	  185688 kB
20220313 033903.462 INFO             PET2 PIOc_freedecomp Enter - MemInfo: [/proc/self/status]	VmSize:	  185688 kB
