build time -- 2022-03-14 01:49:52
20220314 015952.212 INFO             PET0 !!!!!!!!!!!!!!!!!!!!!!!!!!!!!!!!!!!!!!!!!!!!!!!!!!!!!!
20220314 015952.212 INFO             PET0 !!! THE ESMF_LOG IS SET TO OUTPUT ALL LOG MESSAGES !!!
20220314 015952.212 INFO             PET0 !!!     THIS MAY CAUSE SLOWDOWN IN PERFORMANCE     !!!
20220314 015952.212 INFO             PET0 !!! FOR PRODUCTION RUNS, USE:                      !!!
20220314 015952.212 INFO             PET0 !!!                   ESMF_LOGKIND_Multi_On_Error  !!!
20220314 015952.212 INFO             PET0 !!!!!!!!!!!!!!!!!!!!!!!!!!!!!!!!!!!!!!!!!!!!!!!!!!!!!!
20220314 015952.212 INFO             PET0 Running with ESMF Version   : v8.3.0b09-96-g559b459836
20220314 015952.212 INFO             PET0 ESMF library build date/time: "Mar 14 2022" "01:48:51"
20220314 015952.212 INFO             PET0 ESMF library build location : /lfs/h1/emc/ptmp/Mark.Potts/gfortran_10.3.0_mpich3_g_jedwards_pio_update2
20220314 015952.212 INFO             PET0 ESMF_COMM                   : mpich3
20220314 015952.213 INFO             PET0 ESMF_MOAB                   : enabled
20220314 015952.213 INFO             PET0 ESMF_LAPACK                 : enabled
20220314 015952.213 INFO             PET0 ESMF_NETCDF                 : enabled
20220314 015952.213 INFO             PET0 ESMF_PNETCDF                : disabled
20220314 015952.213 INFO             PET0 ESMF_PIO                    : enabled
20220314 015952.213 INFO             PET0 ESMF_YAMLCPP                : enabled
20220314 015952.213 INFO             PET0  Beginning Test, file ESMF_FieldIOUTest.F90, line 123
20220314 015952.213 INFO             PET0  NUMBER_OF_PROCESSORS           4
20220314 015952.213 INFO             PET0  PASS  Array Spec Set, ESMF_FieldIOUTest.F90, line 146
20220314 015952.214 INFO             PET0  PASS  Creating a Grid to use in Field Tests, ESMF_FieldIOUTest.F90, line 157
20220314 015952.215 INFO             PET0  PASS  Create a field from grid and fortran dummy array, ESMF_FieldIOUTest.F90, line 179
20220314 015952.215 INFO             PET0  PASS  Get Farray_w from field, ESMF_FieldIOUTest.F90, line 190
20220314 015952.220 INFO             PET0 PIOc_sync Enter - MemInfo: [/proc/meminfo - SSI]	MemTotal:       527077124 kB
20220314 015952.220 INFO             PET0 PIOc_sync Enter - MemInfo: [/proc/meminfo - SSI]	MemFree:        517264972 kB
20220314 015952.220 INFO             PET0 PIOc_sync Enter - MemInfo: [/proc/meminfo - SSI]	MemAvailable:   517722560 kB
20220314 015952.220 INFO             PET0 PIOc_sync Enter - MemInfo: [/proc/meminfo - SSI]	Committed_AS:    1724112 kB
20220314 015952.220 INFO             PET0 PIOc_sync Enter - MemInfo: [/proc/meminfo - SSI]	CommittedPercent: 0.327108 %
20220314 015952.220 INFO             PET0 PIOc_sync Enter - MemInfo: [/proc/self/status]	VmPeak:	  194768 kB
20220314 015952.220 INFO             PET0 PIOc_sync Enter - MemInfo: [/proc/self/status]	VmSize:	  194768 kB
20220314 015952.220 INFO             PET0 PIOc_sync Enter - MemInfo: [/proc/self/status]	VmLck:	       0 kB
20220314 015952.220 INFO             PET0 PIOc_sync Enter - MemInfo: [/proc/self/status]	VmPin:	       0 kB
20220314 015952.220 INFO             PET0 PIOc_sync Enter - MemInfo: [/proc/self/status]	VmHWM:	   38688 kB
20220314 015952.220 INFO             PET0 PIOc_sync Enter - MemInfo: [/proc/self/status]	VmRSS:	   38688 kB
20220314 015952.220 INFO             PET0 PIOc_sync Enter - MemInfo: [/proc/self/status]	VmData:	   17000 kB
20220314 015952.220 INFO             PET0 PIOc_sync Enter - MemInfo: [/proc/self/status]	VmStk:	     156 kB
20220314 015952.220 INFO             PET0 PIOc_sync Enter - MemInfo: [/proc/self/status]	VmExe:	     432 kB
20220314 015952.220 INFO             PET0 PIOc_sync Enter - MemInfo: [/proc/self/status]	VmLib:	  103544 kB
20220314 015952.220 INFO             PET0 PIOc_sync Enter - MemInfo: [/proc/self/status]	VmPTE:	     396 kB
20220314 015952.220 INFO             PET0 PIOc_sync Enter - MemInfo: [/proc/self/status]	VmSwap:	       0 kB
20220314 015952.220 INFO             PET0 PIOc_sync Enter - MemInfo: [/proc/self/status]	VmRSSPercent: 0.0073401 %
20220314 015952.220 INFO             PET0 PIOc_sync Enter - MemInfo: [malloc] Non-mmapped space allocated:                  974848 Byte
20220314 015952.220 INFO             PET0 PIOc_sync Enter - MemInfo: [malloc] Space allocated in mmapped regions:         12259328 Byte
20220314 015952.220 INFO             PET0 PIOc_sync Enter - MemInfo: [malloc] Maximum total allocated space:                     0 Byte
20220314 015952.220 INFO             PET0 PIOc_sync Enter - MemInfo: [malloc] Space in freed fastbin blocks:                     0 Byte
20220314 015952.220 INFO             PET0 PIOc_sync Enter - MemInfo: [malloc] Total allocated space:                        852592 Byte
20220314 015952.220 INFO             PET0 PIOc_sync Enter - MemInfo: [malloc] Total free space:                             122256 Byte
20220314 015952.220 INFO             PET0 PIOc_sync Enter - MemInfo: [malloc] Top-most, releasable space:                   122144 Byte
20220314 015952.220 INFO             PET0 PIOc_sync Enter - MemInfo: [malloc] Total space in use, mmap + non-mmap:        13111920 Byte
20220314 015952.220 INFO             PET0 PIOc_sync Enter - MemInfo: [malloc] Total space held (mmap + non-mmap):         13234176 Byte
20220314 015952.220 INFO             PET0 PIOc_sync Enter - MemInfo: [malloc] Total space used (mmap + non-mmap):         13121216 Byte
20220314 015952.220 INFO             PET0 PIOc_sync Enter - MemInfo: Wall-clock time since execution start:             0.00962924 seconds
20220314 015952.220 INFO             PET0 PIOc_sync Exit - MemInfo: [/proc/meminfo - SSI]	MemTotal:       527077124 kB
20220314 015952.220 INFO             PET0 PIOc_sync Exit - MemInfo: [/proc/meminfo - SSI]	MemFree:        517264468 kB
20220314 015952.220 INFO             PET0 PIOc_sync Exit - MemInfo: [/proc/meminfo - SSI]	MemAvailable:   517722056 kB
20220314 015952.220 INFO             PET0 PIOc_sync Exit - MemInfo: [/proc/meminfo - SSI]	Committed_AS:    1724396 kB
20220314 015952.220 INFO             PET0 PIOc_sync Exit - MemInfo: [/proc/meminfo - SSI]	CommittedPercent: 0.327162 %
20220314 015952.220 INFO             PET0 PIOc_sync Exit - MemInfo: [/proc/self/status]	VmPeak:	  195052 kB
20220314 015952.220 INFO             PET0 PIOc_sync Exit - MemInfo: [/proc/self/status]	VmSize:	  195052 kB
20220314 015952.220 INFO             PET0 PIOc_sync Exit - MemInfo: [/proc/self/status]	VmLck:	       0 kB
20220314 015952.220 INFO             PET0 PIOc_sync Exit - MemInfo: [/proc/self/status]	VmPin:	       0 kB
20220314 015952.220 INFO             PET0 PIOc_sync Exit - MemInfo: [/proc/self/status]	VmHWM:	   39572 kB
20220314 015952.220 INFO             PET0 PIOc_sync Exit - MemInfo: [/proc/self/status]	VmRSS:	   39572 kB
20220314 015952.220 INFO             PET0 PIOc_sync Exit - MemInfo: [/proc/self/status]	VmData:	   17284 kB
20220314 015952.220 INFO             PET0 PIOc_sync Exit - MemInfo: [/proc/self/status]	VmStk:	     156 kB
20220314 015952.220 INFO             PET0 PIOc_sync Exit - MemInfo: [/proc/self/status]	VmExe:	     432 kB
20220314 015952.220 INFO             PET0 PIOc_sync Exit - MemInfo: [/proc/self/status]	VmLib:	  103544 kB
20220314 015952.220 INFO             PET0 PIOc_sync Exit - MemInfo: [/proc/self/status]	VmPTE:	     404 kB
20220314 015952.220 INFO             PET0 PIOc_sync Exit - MemInfo: [/proc/self/status]	VmSwap:	       0 kB
20220314 015952.220 INFO             PET0 PIOc_sync Exit - MemInfo: [/proc/self/status]	VmRSSPercent: 0.00750782 %
20220314 015952.220 INFO             PET0 PIOc_sync Exit - MemInfo: [malloc] Non-mmapped space allocated:                  974848 Byte
20220314 015952.220 INFO             PET0 PIOc_sync Exit - MemInfo: [malloc] Space allocated in mmapped regions:         12550144 Byte
20220314 015952.220 INFO             PET0 PIOc_sync Exit - MemInfo: [malloc] Maximum total allocated space:                     0 Byte
20220314 015952.220 INFO             PET0 PIOc_sync Exit - MemInfo: [malloc] Space in freed fastbin blocks:                     0 Byte
20220314 015952.220 INFO             PET0 PIOc_sync Exit - MemInfo: [malloc] Total allocated space:                        922544 Byte
20220314 015952.220 INFO             PET0 PIOc_sync Exit - MemInfo: [malloc] Total free space:                              52304 Byte
20220314 015952.220 INFO             PET0 PIOc_sync Exit - MemInfo: [malloc] Top-most, releasable space:                    51040 Byte
20220314 015952.220 INFO             PET0 PIOc_sync Exit - MemInfo: [malloc] Total space in use, mmap + non-mmap:        13472688 Byte
20220314 015952.220 INFO             PET0 PIOc_sync Exit - MemInfo: [malloc] Total space held (mmap + non-mmap):         13524992 Byte
20220314 015952.220 INFO             PET0 PIOc_sync Exit - MemInfo: [malloc] Total space used (mmap + non-mmap):         13480896 Byte
20220314 015952.220 INFO             PET0 PIOc_sync Exit - MemInfo: Wall-clock time since execution start:              0.0100359 seconds
20220314 015952.221 INFO             PET0 PIOc_freedecomp Enter - MemInfo: [/proc/meminfo - SSI]	MemTotal:       527077124 kB
20220314 015952.221 INFO             PET0 PIOc_freedecomp Enter - MemInfo: [/proc/meminfo - SSI]	MemFree:        517271116 kB
20220314 015952.221 INFO             PET0 PIOc_freedecomp Enter - MemInfo: [/proc/meminfo - SSI]	MemAvailable:   517728704 kB
20220314 015952.221 INFO             PET0 PIOc_freedecomp Enter - MemInfo: [/proc/meminfo - SSI]	Committed_AS:    1715684 kB
20220314 015952.221 INFO             PET0 PIOc_freedecomp Enter - MemInfo: [/proc/meminfo - SSI]	CommittedPercent: 0.325509 %
20220314 015952.221 INFO             PET0 PIOc_freedecomp Enter - MemInfo: [/proc/self/status]	VmPeak:	  195052 kB
20220314 015952.221 INFO             PET0 PIOc_freedecomp Enter - MemInfo: [/proc/self/status]	VmSize:	  186340 kB
20220314 015952.221 INFO             PET0 PIOc_freedecomp Enter - MemInfo: [/proc/self/status]	VmLck:	       0 kB
20220314 015952.221 INFO             PET0 PIOc_freedecomp Enter - MemInfo: [/proc/self/status]	VmPin:	       0 kB
20220314 015952.221 INFO             PET0 PIOc_freedecomp Enter - MemInfo: [/proc/self/status]	VmHWM:	   39572 kB
20220314 015952.221 INFO             PET0 PIOc_freedecomp Enter - MemInfo: [/proc/self/status]	VmRSS:	   31656 kB
20220314 015952.221 INFO             PET0 PIOc_freedecomp Enter - MemInfo: [/proc/self/status]	VmData:	    8572 kB
20220314 015952.221 INFO             PET0 PIOc_freedecomp Enter - MemInfo: [/proc/self/status]	VmStk:	     156 kB
20220314 015952.221 INFO             PET0 PIOc_freedecomp Enter - MemInfo: [/proc/self/status]	VmExe:	     432 kB
20220314 015952.221 INFO             PET0 PIOc_freedecomp Enter - MemInfo: [/proc/self/status]	VmLib:	  103544 kB
20220314 015952.221 INFO             PET0 PIOc_freedecomp Enter - MemInfo: [/proc/self/status]	VmPTE:	     392 kB
20220314 015952.221 INFO             PET0 PIOc_freedecomp Enter - MemInfo: [/proc/self/status]	VmSwap:	       0 kB
20220314 015952.221 INFO             PET0 PIOc_freedecomp Enter - MemInfo: [/proc/self/status]	VmRSSPercent: 0.00600595 %
20220314 015952.221 INFO             PET0 PIOc_freedecomp Enter - MemInfo: [malloc] Non-mmapped space allocated:                  974848 Byte
20220314 015952.221 INFO             PET0 PIOc_freedecomp Enter - MemInfo: [malloc] Space allocated in mmapped regions:          3629056 Byte
20220314 015952.221 INFO             PET0 PIOc_freedecomp Enter - MemInfo: [malloc] Maximum total allocated space:                     0 Byte
20220314 015952.221 INFO             PET0 PIOc_freedecomp Enter - MemInfo: [malloc] Space in freed fastbin blocks:                   512 Byte
20220314 015952.221 INFO             PET0 PIOc_freedecomp Enter - MemInfo: [malloc] Total allocated space:                        911760 Byte
20220314 015952.221 INFO             PET0 PIOc_freedecomp Enter - MemInfo: [malloc] Total free space:                              63088 Byte
20220314 015952.221 INFO             PET0 PIOc_freedecomp Enter - MemInfo: [malloc] Top-most, releasable space:                    50816 Byte
20220314 015952.221 INFO             PET0 PIOc_freedecomp Enter - MemInfo: [malloc] Total space in use, mmap + non-mmap:         4540816 Byte
20220314 015952.221 INFO             PET0 PIOc_freedecomp Enter - MemInfo: [malloc] Total space held (mmap + non-mmap):          4603904 Byte
20220314 015952.221 INFO             PET0 PIOc_freedecomp Enter - MemInfo: [malloc] Total space used (mmap + non-mmap):          4549024 Byte
20220314 015952.221 INFO             PET0 PIOc_freedecomp Enter - MemInfo: Wall-clock time since execution start:              0.0105456 seconds
20220314 015952.221 INFO             PET0 PIOc_freedecomp Exit - MemInfo: [/proc/meminfo - SSI]	MemTotal:       527077124 kB
20220314 015952.221 INFO             PET0 PIOc_freedecomp Exit - MemInfo: [/proc/meminfo - SSI]	MemFree:        517271116 kB
20220314 015952.221 INFO             PET0 PIOc_freedecomp Exit - MemInfo: [/proc/meminfo - SSI]	MemAvailable:   517728704 kB
20220314 015952.221 INFO             PET0 PIOc_freedecomp Exit - MemInfo: [/proc/meminfo - SSI]	Committed_AS:    1715684 kB
20220314 015952.221 INFO             PET0 PIOc_freedecomp Exit - MemInfo: [/proc/meminfo - SSI]	CommittedPercent: 0.325509 %
20220314 015952.221 INFO             PET0 PIOc_freedecomp Exit - MemInfo: [/proc/self/status]	VmPeak:	  195052 kB
20220314 015952.221 INFO             PET0 PIOc_freedecomp Exit - MemInfo: [/proc/self/status]	VmSize:	  186340 kB
20220314 015952.221 INFO             PET0 PIOc_freedecomp Exit - MemInfo: [/proc/self/status]	VmLck:	       0 kB
20220314 015952.221 INFO             PET0 PIOc_freedecomp Exit - MemInfo: [/proc/self/status]	VmPin:	       0 kB
20220314 015952.221 INFO             PET0 PIOc_freedecomp Exit - MemInfo: [/proc/self/status]	VmHWM:	   39572 kB
20220314 015952.221 INFO             PET0 PIOc_freedecomp Exit - MemInfo: [/proc/self/status]	VmRSS:	   31656 kB
20220314 015952.221 INFO             PET0 PIOc_freedecomp Exit - MemInfo: [/proc/self/status]	VmData:	    8572 kB
20220314 015952.221 INFO             PET0 PIOc_freedecomp Exit - MemInfo: [/proc/self/status]	VmStk:	     156 kB
20220314 015952.221 INFO             PET0 PIOc_freedecomp Exit - MemInfo: [/proc/self/status]	VmExe:	     432 kB
20220314 015952.221 INFO             PET0 PIOc_freedecomp Exit - MemInfo: [/proc/self/status]	VmLib:	  103544 kB
20220314 015952.221 INFO             PET0 PIOc_freedecomp Exit - MemInfo: [/proc/self/status]	VmPTE:	     392 kB
20220314 015952.221 INFO             PET0 PIOc_freedecomp Exit - MemInfo: [/proc/self/status]	VmSwap:	       0 kB
20220314 015952.221 INFO             PET0 PIOc_freedecomp Exit - MemInfo: [/proc/self/status]	VmRSSPercent: 0.00600595 %
20220314 015952.221 INFO             PET0 PIOc_freedecomp Exit - MemInfo: [malloc] Non-mmapped space allocated:                  974848 Byte
20220314 015952.221 INFO             PET0 PIOc_freedecomp Exit - MemInfo: [malloc] Space allocated in mmapped regions:          3629056 Byte
20220314 015952.221 INFO             PET0 PIOc_freedecomp Exit - MemInfo: [malloc] Maximum total allocated space:                     0 Byte
20220314 015952.221 INFO             PET0 PIOc_freedecomp Exit - MemInfo: [malloc] Space in freed fastbin blocks:                   784 Byte
20220314 015952.221 INFO             PET0 PIOc_freedecomp Exit - MemInfo: [malloc] Total allocated space:                        909408 Byte
20220314 015952.221 INFO             PET0 PIOc_freedecomp Exit - MemInfo: [malloc] Total free space:                              65440 Byte
20220314 015952.221 INFO             PET0 PIOc_freedecomp Exit - MemInfo: [malloc] Top-most, releasable space:                    50816 Byte
20220314 015952.221 INFO             PET0 PIOc_freedecomp Exit - MemInfo: [malloc] Total space in use, mmap + non-mmap:         4538464 Byte
20220314 015952.221 INFO             PET0 PIOc_freedecomp Exit - MemInfo: [malloc] Total space held (mmap + non-mmap):          4603904 Byte
20220314 015952.221 INFO             PET0 PIOc_freedecomp Exit - MemInfo: [malloc] Total space used (mmap + non-mmap):          4546672 Byte
20220314 015952.221 INFO             PET0 PIOc_freedecomp Exit - MemInfo: Wall-clock time since execution start:               0.010736 seconds
20220314 015952.221 INFO             PET0  PASS  Write Fortran array in Field, ESMF_FieldIOUTest.F90, line 219
20220314 015952.221 INFO             PET0  PASS  Create a field from grid and fortran dummy array without halo, ESMF_FieldIOUTest.F90, line 233
20220314 015952.221 INFO             PET0  PASS  Get Farray_w from nohalo field, ESMF_FieldIOUTest.F90, line 244
20220314 015952.224 INFO             PET0 PIOc_sync Enter - MemInfo: [/proc/meminfo - SSI]	MemTotal:       527077124 kB
20220314 015952.224 INFO             PET0 PIOc_sync Enter - MemInfo: [/proc/meminfo - SSI]	MemFree:        517264468 kB
20220314 015952.224 INFO             PET0 PIOc_sync Enter - MemInfo: [/proc/meminfo - SSI]	MemAvailable:   517722056 kB
20220314 015952.224 INFO             PET0 PIOc_sync Enter - MemInfo: [/proc/meminfo - SSI]	Committed_AS:    1724468 kB
20220314 015952.224 INFO             PET0 PIOc_sync Enter - MemInfo: [/proc/meminfo - SSI]	CommittedPercent: 0.327176 %
20220314 015952.224 INFO             PET0 PIOc_sync Enter - MemInfo: [/proc/self/status]	VmPeak:	  195124 kB
20220314 015952.224 INFO             PET0 PIOc_sync Enter - MemInfo: [/proc/self/status]	VmSize:	  195124 kB
20220314 015952.224 INFO             PET0 PIOc_sync Enter - MemInfo: [/proc/self/status]	VmLck:	       0 kB
20220314 015952.224 INFO             PET0 PIOc_sync Enter - MemInfo: [/proc/self/status]	VmPin:	       0 kB
20220314 015952.224 INFO             PET0 PIOc_sync Enter - MemInfo: [/proc/self/status]	VmHWM:	   39868 kB
20220314 015952.224 INFO             PET0 PIOc_sync Enter - MemInfo: [/proc/self/status]	VmRSS:	   39868 kB
20220314 015952.224 INFO             PET0 PIOc_sync Enter - MemInfo: [/proc/self/status]	VmData:	   17356 kB
20220314 015952.224 INFO             PET0 PIOc_sync Enter - MemInfo: [/proc/self/status]	VmStk:	     156 kB
20220314 015952.224 INFO             PET0 PIOc_sync Enter - MemInfo: [/proc/self/status]	VmExe:	     432 kB
20220314 015952.224 INFO             PET0 PIOc_sync Enter - MemInfo: [/proc/self/status]	VmLib:	  103544 kB
20220314 015952.224 INFO             PET0 PIOc_sync Enter - MemInfo: [/proc/self/status]	VmPTE:	     412 kB
20220314 015952.224 INFO             PET0 PIOc_sync Enter - MemInfo: [/proc/self/status]	VmSwap:	       0 kB
20220314 015952.224 INFO             PET0 PIOc_sync Enter - MemInfo: [/proc/self/status]	VmRSSPercent: 0.00756398 %
20220314 015952.224 INFO             PET0 PIOc_sync Enter - MemInfo: [malloc] Non-mmapped space allocated:                 9969664 Byte
20220314 015952.224 INFO             PET0 PIOc_sync Enter - MemInfo: [malloc] Space allocated in mmapped regions:          3629056 Byte
20220314 015952.224 INFO             PET0 PIOc_sync Enter - MemInfo: [malloc] Maximum total allocated space:                     0 Byte
20220314 015952.224 INFO             PET0 PIOc_sync Enter - MemInfo: [malloc] Space in freed fastbin blocks:                     0 Byte
20220314 015952.224 INFO             PET0 PIOc_sync Enter - MemInfo: [malloc] Total allocated space:                       9842880 Byte
20220314 015952.224 INFO             PET0 PIOc_sync Enter - MemInfo: [malloc] Total free space:                             126784 Byte
20220314 015952.224 INFO             PET0 PIOc_sync Enter - MemInfo: [malloc] Top-most, releasable space:                   122208 Byte
20220314 015952.224 INFO             PET0 PIOc_sync Enter - MemInfo: [malloc] Total space in use, mmap + non-mmap:        13471936 Byte
20220314 015952.224 INFO             PET0 PIOc_sync Enter - MemInfo: [malloc] Total space held (mmap + non-mmap):         13598720 Byte
20220314 015952.224 INFO             PET0 PIOc_sync Enter - MemInfo: [malloc] Total space used (mmap + non-mmap):         13480144 Byte
20220314 015952.224 INFO             PET0 PIOc_sync Enter - MemInfo: Wall-clock time since execution start:              0.0137117 seconds
20220314 015952.224 INFO             PET0 PIOc_sync Exit - MemInfo: [/proc/meminfo - SSI]	MemTotal:       527077124 kB
20220314 015952.224 INFO             PET0 PIOc_sync Exit - MemInfo: [/proc/meminfo - SSI]	MemFree:        517264468 kB
20220314 015952.224 INFO             PET0 PIOc_sync Exit - MemInfo: [/proc/meminfo - SSI]	MemAvailable:   517722056 kB
20220314 015952.224 INFO             PET0 PIOc_sync Exit - MemInfo: [/proc/meminfo - SSI]	Committed_AS:    1724468 kB
20220314 015952.224 INFO             PET0 PIOc_sync Exit - MemInfo: [/proc/meminfo - SSI]	CommittedPercent: 0.327176 %
20220314 015952.224 INFO             PET0 PIOc_sync Exit - MemInfo: [/proc/self/status]	VmPeak:	  195124 kB
20220314 015952.224 INFO             PET0 PIOc_sync Exit - MemInfo: [/proc/self/status]	VmSize:	  195124 kB
20220314 015952.224 INFO             PET0 PIOc_sync Exit - MemInfo: [/proc/self/status]	VmLck:	       0 kB
20220314 015952.224 INFO             PET0 PIOc_sync Exit - MemInfo: [/proc/self/status]	VmPin:	       0 kB
20220314 015952.224 INFO             PET0 PIOc_sync Exit - MemInfo: [/proc/self/status]	VmHWM:	   39868 kB
20220314 015952.224 INFO             PET0 PIOc_sync Exit - MemInfo: [/proc/self/status]	VmRSS:	   39868 kB
20220314 015952.224 INFO             PET0 PIOc_sync Exit - MemInfo: [/proc/self/status]	VmData:	   17356 kB
20220314 015952.224 INFO             PET0 PIOc_sync Exit - MemInfo: [/proc/self/status]	VmStk:	     156 kB
20220314 015952.224 INFO             PET0 PIOc_sync Exit - MemInfo: [/proc/self/status]	VmExe:	     432 kB
20220314 015952.224 INFO             PET0 PIOc_sync Exit - MemInfo: [/proc/self/status]	VmLib:	  103544 kB
20220314 015952.224 INFO             PET0 PIOc_sync Exit - MemInfo: [/proc/self/status]	VmPTE:	     412 kB
20220314 015952.224 INFO             PET0 PIOc_sync Exit - MemInfo: [/proc/self/status]	VmSwap:	       0 kB
20220314 015952.224 INFO             PET0 PIOc_sync Exit - MemInfo: [/proc/self/status]	VmRSSPercent: 0.00756398 %
20220314 015952.224 INFO             PET0 PIOc_sync Exit - MemInfo: [malloc] Non-mmapped space allocated:                 9969664 Byte
20220314 015952.224 INFO             PET0 PIOc_sync Exit - MemInfo: [malloc] Space allocated in mmapped regions:          3629056 Byte
20220314 015952.224 INFO             PET0 PIOc_sync Exit - MemInfo: [malloc] Maximum total allocated space:                     0 Byte
20220314 015952.224 INFO             PET0 PIOc_sync Exit - MemInfo: [malloc] Space in freed fastbin blocks:                    64 Byte
20220314 015952.224 INFO             PET0 PIOc_sync Exit - MemInfo: [malloc] Total allocated space:                       9843728 Byte
20220314 015952.224 INFO             PET0 PIOc_sync Exit - MemInfo: [malloc] Total free space:                             125936 Byte
20220314 015952.224 INFO             PET0 PIOc_sync Exit - MemInfo: [malloc] Top-most, releasable space:                   121984 Byte
20220314 015952.224 INFO             PET0 PIOc_sync Exit - MemInfo: [malloc] Total space in use, mmap + non-mmap:        13472784 Byte
20220314 015952.224 INFO             PET0 PIOc_sync Exit - MemInfo: [malloc] Total space held (mmap + non-mmap):         13598720 Byte
20220314 015952.224 INFO             PET0 PIOc_sync Exit - MemInfo: [malloc] Total space used (mmap + non-mmap):         13480992 Byte
20220314 015952.224 INFO             PET0 PIOc_sync Exit - MemInfo: Wall-clock time since execution start:              0.0139852 seconds
20220314 015952.224 INFO             PET0 PIOc_freedecomp Enter - MemInfo: [/proc/meminfo - SSI]	MemTotal:       527077124 kB
20220314 015952.224 INFO             PET0 PIOc_freedecomp Enter - MemInfo: [/proc/meminfo - SSI]	MemFree:        517264468 kB
20220314 015952.224 INFO             PET0 PIOc_freedecomp Enter - MemInfo: [/proc/meminfo - SSI]	MemAvailable:   517722056 kB
20220314 015952.224 INFO             PET0 PIOc_freedecomp Enter - MemInfo: [/proc/meminfo - SSI]	Committed_AS:    1724468 kB
20220314 015952.224 INFO             PET0 PIOc_freedecomp Enter - MemInfo: [/proc/meminfo - SSI]	CommittedPercent: 0.327176 %
20220314 015952.224 INFO             PET0 PIOc_freedecomp Enter - MemInfo: [/proc/self/status]	VmPeak:	  195124 kB
20220314 015952.224 INFO             PET0 PIOc_freedecomp Enter - MemInfo: [/proc/self/status]	VmSize:	  195124 kB
20220314 015952.225 INFO             PET0 PIOc_freedecomp Enter - MemInfo: [/proc/self/status]	VmLck:	       0 kB
20220314 015952.225 INFO             PET0 PIOc_freedecomp Enter - MemInfo: [/proc/self/status]	VmPin:	       0 kB
20220314 015952.225 INFO             PET0 PIOc_freedecomp Enter - MemInfo: [/proc/self/status]	VmHWM:	   39868 kB
20220314 015952.225 INFO             PET0 PIOc_freedecomp Enter - MemInfo: [/proc/self/status]	VmRSS:	   39868 kB
20220314 015952.225 INFO             PET0 PIOc_freedecomp Enter - MemInfo: [/proc/self/status]	VmData:	   17356 kB
20220314 015952.225 INFO             PET0 PIOc_freedecomp Enter - MemInfo: [/proc/self/status]	VmStk:	     156 kB
20220314 015952.225 INFO             PET0 PIOc_freedecomp Enter - MemInfo: [/proc/self/status]	VmExe:	     432 kB
20220314 015952.225 INFO             PET0 PIOc_freedecomp Enter - MemInfo: [/proc/self/status]	VmLib:	  103544 kB
20220314 015952.225 INFO             PET0 PIOc_freedecomp Enter - MemInfo: [/proc/self/status]	VmPTE:	     412 kB
20220314 015952.225 INFO             PET0 PIOc_freedecomp Enter - MemInfo: [/proc/self/status]	VmSwap:	       0 kB
20220314 015952.225 INFO             PET0 PIOc_freedecomp Enter - MemInfo: [/proc/self/status]	VmRSSPercent: 0.00756398 %
20220314 015952.225 INFO             PET0 PIOc_freedecomp Enter - MemInfo: [malloc] Non-mmapped space allocated:                 9969664 Byte
20220314 015952.225 INFO             PET0 PIOc_freedecomp Enter - MemInfo: [malloc] Space allocated in mmapped regions:          3629056 Byte
20220314 015952.225 INFO             PET0 PIOc_freedecomp Enter - MemInfo: [malloc] Maximum total allocated space:                     0 Byte
20220314 015952.225 INFO             PET0 PIOc_freedecomp Enter - MemInfo: [malloc] Space in freed fastbin blocks:                    96 Byte
20220314 015952.225 INFO             PET0 PIOc_freedecomp Enter - MemInfo: [malloc] Total allocated space:                        919952 Byte
20220314 015952.225 INFO             PET0 PIOc_freedecomp Enter - MemInfo: [malloc] Total free space:                            9049712 Byte
20220314 015952.225 INFO             PET0 PIOc_freedecomp Enter - MemInfo: [malloc] Top-most, releasable space:                   121760 Byte
20220314 015952.225 INFO             PET0 PIOc_freedecomp Enter - MemInfo: [malloc] Total space in use, mmap + non-mmap:         4549008 Byte
20220314 015952.225 INFO             PET0 PIOc_freedecomp Enter - MemInfo: [malloc] Total space held (mmap + non-mmap):         13598720 Byte
20220314 015952.225 INFO             PET0 PIOc_freedecomp Enter - MemInfo: [malloc] Total space used (mmap + non-mmap):          4557216 Byte
20220314 015952.225 INFO             PET0 PIOc_freedecomp Enter - MemInfo: Wall-clock time since execution start:               0.014306 seconds
20220314 015952.225 INFO             PET0 PIOc_freedecomp Exit - MemInfo: [/proc/meminfo - SSI]	MemTotal:       527077124 kB
20220314 015952.225 INFO             PET0 PIOc_freedecomp Exit - MemInfo: [/proc/meminfo - SSI]	MemFree:        517264468 kB
20220314 015952.225 INFO             PET0 PIOc_freedecomp Exit - MemInfo: [/proc/meminfo - SSI]	MemAvailable:   517722056 kB
20220314 015952.225 INFO             PET0 PIOc_freedecomp Exit - MemInfo: [/proc/meminfo - SSI]	Committed_AS:    1724468 kB
20220314 015952.225 INFO             PET0 PIOc_freedecomp Exit - MemInfo: [/proc/meminfo - SSI]	CommittedPercent: 0.327176 %
20220314 015952.225 INFO             PET0 PIOc_freedecomp Exit - MemInfo: [/proc/self/status]	VmPeak:	  195124 kB
20220314 015952.225 INFO             PET0 PIOc_freedecomp Exit - MemInfo: [/proc/self/status]	VmSize:	  195124 kB
20220314 015952.225 INFO             PET0 PIOc_freedecomp Exit - MemInfo: [/proc/self/status]	VmLck:	       0 kB
20220314 015952.225 INFO             PET0 PIOc_freedecomp Exit - MemInfo: [/proc/self/status]	VmPin:	       0 kB
20220314 015952.225 INFO             PET0 PIOc_freedecomp Exit - MemInfo: [/proc/self/status]	VmHWM:	   39868 kB
20220314 015952.225 INFO             PET0 PIOc_freedecomp Exit - MemInfo: [/proc/self/status]	VmRSS:	   39868 kB
20220314 015952.225 INFO             PET0 PIOc_freedecomp Exit - MemInfo: [/proc/self/status]	VmData:	   17356 kB
20220314 015952.225 INFO             PET0 PIOc_freedecomp Exit - MemInfo: [/proc/self/status]	VmStk:	     156 kB
20220314 015952.225 INFO             PET0 PIOc_freedecomp Exit - MemInfo: [/proc/self/status]	VmExe:	     432 kB
20220314 015952.225 INFO             PET0 PIOc_freedecomp Exit - MemInfo: [/proc/self/status]	VmLib:	  103544 kB
20220314 015952.225 INFO             PET0 PIOc_freedecomp Exit - MemInfo: [/proc/self/status]	VmPTE:	     412 kB
20220314 015952.225 INFO             PET0 PIOc_freedecomp Exit - MemInfo: [/proc/self/status]	VmSwap:	       0 kB
20220314 015952.225 INFO             PET0 PIOc_freedecomp Exit - MemInfo: [/proc/self/status]	VmRSSPercent: 0.00756398 %
20220314 015952.225 INFO             PET0 PIOc_freedecomp Exit - MemInfo: [malloc] Non-mmapped space allocated:                 9969664 Byte
20220314 015952.225 INFO             PET0 PIOc_freedecomp Exit - MemInfo: [malloc] Space allocated in mmapped regions:          3629056 Byte
20220314 015952.225 INFO             PET0 PIOc_freedecomp Exit - MemInfo: [malloc] Maximum total allocated space:                     0 Byte
20220314 015952.225 INFO             PET0 PIOc_freedecomp Exit - MemInfo: [malloc] Space in freed fastbin blocks:                   752 Byte
20220314 015952.225 INFO             PET0 PIOc_freedecomp Exit - MemInfo: [malloc] Total allocated space:                        917408 Byte
20220314 015952.225 INFO             PET0 PIOc_freedecomp Exit - MemInfo: [malloc] Total free space:                            9052256 Byte
20220314 015952.225 INFO             PET0 PIOc_freedecomp Exit - MemInfo: [malloc] Top-most, releasable space:                   121984 Byte
20220314 015952.225 INFO             PET0 PIOc_freedecomp Exit - MemInfo: [malloc] Total space in use, mmap + non-mmap:         4546464 Byte
20220314 015952.225 INFO             PET0 PIOc_freedecomp Exit - MemInfo: [malloc] Total space held (mmap + non-mmap):         13598720 Byte
20220314 015952.225 INFO             PET0 PIOc_freedecomp Exit - MemInfo: [malloc] Total space used (mmap + non-mmap):          4554672 Byte
20220314 015952.225 INFO             PET0 PIOc_freedecomp Exit - MemInfo: Wall-clock time since execution start:              0.0145092 seconds
20220314 015952.225 INFO             PET0  PASS  Write Fortran array in nohalo Field, ESMF_FieldIOUTest.F90, line 268
20220314 015952.225 INFO             PET0  PASS  Create a field from grid and fortran dummy array without halo, ESMF_FieldIOUTest.F90, line 281
20220314 015952.227 INFO             PET0 PIOc_sync Enter - MemInfo: [/proc/meminfo - SSI]	MemTotal:       527077124 kB
20220314 015952.227 INFO             PET0 PIOc_sync Enter - MemInfo: [/proc/meminfo - SSI]	MemFree:        517263964 kB
20220314 015952.227 INFO             PET0 PIOc_sync Enter - MemInfo: [/proc/meminfo - SSI]	MemAvailable:   517721552 kB
20220314 015952.227 INFO             PET0 PIOc_sync Enter - MemInfo: [/proc/meminfo - SSI]	Committed_AS:    1724468 kB
20220314 015952.227 INFO             PET0 PIOc_sync Enter - MemInfo: [/proc/meminfo - SSI]	CommittedPercent: 0.327176 %
20220314 015952.227 INFO             PET0 PIOc_sync Enter - MemInfo: [/proc/self/status]	VmPeak:	  195124 kB
20220314 015952.227 INFO             PET0 PIOc_sync Enter - MemInfo: [/proc/self/status]	VmSize:	  195124 kB
20220314 015952.227 INFO             PET0 PIOc_sync Enter - MemInfo: [/proc/self/status]	VmLck:	       0 kB
20220314 015952.227 INFO             PET0 PIOc_sync Enter - MemInfo: [/proc/self/status]	VmPin:	       0 kB
20220314 015952.227 INFO             PET0 PIOc_sync Enter - MemInfo: [/proc/self/status]	VmHWM:	   40520 kB
20220314 015952.227 INFO             PET0 PIOc_sync Enter - MemInfo: [/proc/self/status]	VmRSS:	   40520 kB
20220314 015952.227 INFO             PET0 PIOc_sync Enter - MemInfo: [/proc/self/status]	VmData:	   17356 kB
20220314 015952.227 INFO             PET0 PIOc_sync Enter - MemInfo: [/proc/self/status]	VmStk:	     156 kB
20220314 015952.227 INFO             PET0 PIOc_sync Enter - MemInfo: [/proc/self/status]	VmExe:	     432 kB
20220314 015952.227 INFO             PET0 PIOc_sync Enter - MemInfo: [/proc/self/status]	VmLib:	  103544 kB
20220314 015952.227 INFO             PET0 PIOc_sync Enter - MemInfo: [/proc/self/status]	VmPTE:	     412 kB
20220314 015952.227 INFO             PET0 PIOc_sync Enter - MemInfo: [/proc/self/status]	VmSwap:	       0 kB
20220314 015952.227 INFO             PET0 PIOc_sync Enter - MemInfo: [/proc/self/status]	VmRSSPercent: 0.00768768 %
20220314 015952.227 INFO             PET0 PIOc_sync Enter - MemInfo: [malloc] Non-mmapped space allocated:                 9969664 Byte
20220314 015952.227 INFO             PET0 PIOc_sync Enter - MemInfo: [malloc] Space allocated in mmapped regions:          3629056 Byte
20220314 015952.227 INFO             PET0 PIOc_sync Enter - MemInfo: [malloc] Maximum total allocated space:                     0 Byte
20220314 015952.227 INFO             PET0 PIOc_sync Enter - MemInfo: [malloc] Space in freed fastbin blocks:                     0 Byte
20220314 015952.227 INFO             PET0 PIOc_sync Enter - MemInfo: [malloc] Total allocated space:                       9848144 Byte
20220314 015952.227 INFO             PET0 PIOc_sync Enter - MemInfo: [malloc] Total free space:                             121520 Byte
20220314 015952.227 INFO             PET0 PIOc_sync Enter - MemInfo: [malloc] Top-most, releasable space:                   116736 Byte
20220314 015952.227 INFO             PET0 PIOc_sync Enter - MemInfo: [malloc] Total space in use, mmap + non-mmap:        13477200 Byte
20220314 015952.227 INFO             PET0 PIOc_sync Enter - MemInfo: [malloc] Total space held (mmap + non-mmap):         13598720 Byte
20220314 015952.227 INFO             PET0 PIOc_sync Enter - MemInfo: [malloc] Total space used (mmap + non-mmap):         13485408 Byte
20220314 015952.227 INFO             PET0 PIOc_sync Enter - MemInfo: Wall-clock time since execution start:              0.0167384 seconds
20220314 015952.227 INFO             PET0 PIOc_sync Exit - MemInfo: [/proc/meminfo - SSI]	MemTotal:       527077124 kB
20220314 015952.227 INFO             PET0 PIOc_sync Exit - MemInfo: [/proc/meminfo - SSI]	MemFree:        517263964 kB
20220314 015952.227 INFO             PET0 PIOc_sync Exit - MemInfo: [/proc/meminfo - SSI]	MemAvailable:   517721552 kB
20220314 015952.227 INFO             PET0 PIOc_sync Exit - MemInfo: [/proc/meminfo - SSI]	Committed_AS:    1724468 kB
20220314 015952.227 INFO             PET0 PIOc_sync Exit - MemInfo: [/proc/meminfo - SSI]	CommittedPercent: 0.327176 %
20220314 015952.227 INFO             PET0 PIOc_sync Exit - MemInfo: [/proc/self/status]	VmPeak:	  195124 kB
20220314 015952.227 INFO             PET0 PIOc_sync Exit - MemInfo: [/proc/self/status]	VmSize:	  195124 kB
20220314 015952.227 INFO             PET0 PIOc_sync Exit - MemInfo: [/proc/self/status]	VmLck:	       0 kB
20220314 015952.227 INFO             PET0 PIOc_sync Exit - MemInfo: [/proc/self/status]	VmPin:	       0 kB
20220314 015952.227 INFO             PET0 PIOc_sync Exit - MemInfo: [/proc/self/status]	VmHWM:	   40520 kB
20220314 015952.227 INFO             PET0 PIOc_sync Exit - MemInfo: [/proc/self/status]	VmRSS:	   40520 kB
20220314 015952.227 INFO             PET0 PIOc_sync Exit - MemInfo: [/proc/self/status]	VmData:	   17356 kB
20220314 015952.227 INFO             PET0 PIOc_sync Exit - MemInfo: [/proc/self/status]	VmStk:	     156 kB
20220314 015952.227 INFO             PET0 PIOc_sync Exit - MemInfo: [/proc/self/status]	VmExe:	     432 kB
20220314 015952.227 INFO             PET0 PIOc_sync Exit - MemInfo: [/proc/self/status]	VmLib:	  103544 kB
20220314 015952.227 INFO             PET0 PIOc_sync Exit - MemInfo: [/proc/self/status]	VmPTE:	     412 kB
20220314 015952.227 INFO             PET0 PIOc_sync Exit - MemInfo: [/proc/self/status]	VmSwap:	       0 kB
20220314 015952.227 INFO             PET0 PIOc_sync Exit - MemInfo: [/proc/self/status]	VmRSSPercent: 0.00768768 %
20220314 015952.227 INFO             PET0 PIOc_sync Exit - MemInfo: [malloc] Non-mmapped space allocated:                 9969664 Byte
20220314 015952.227 INFO             PET0 PIOc_sync Exit - MemInfo: [malloc] Space allocated in mmapped regions:          3629056 Byte
20220314 015952.227 INFO             PET0 PIOc_sync Exit - MemInfo: [malloc] Maximum total allocated space:                     0 Byte
20220314 015952.227 INFO             PET0 PIOc_sync Exit - MemInfo: [malloc] Space in freed fastbin blocks:                     0 Byte
20220314 015952.227 INFO             PET0 PIOc_sync Exit - MemInfo: [malloc] Total allocated space:                       9848784 Byte
20220314 015952.227 INFO             PET0 PIOc_sync Exit - MemInfo: [malloc] Total free space:                             120880 Byte
20220314 015952.227 INFO             PET0 PIOc_sync Exit - MemInfo: [malloc] Top-most, releasable space:                   116512 Byte
20220314 015952.227 INFO             PET0 PIOc_sync Exit - MemInfo: [malloc] Total space in use, mmap + non-mmap:        13477840 Byte
20220314 015952.227 INFO             PET0 PIOc_sync Exit - MemInfo: [malloc] Total space held (mmap + non-mmap):         13598720 Byte
20220314 015952.227 INFO             PET0 PIOc_sync Exit - MemInfo: [malloc] Total space used (mmap + non-mmap):         13486048 Byte
20220314 015952.227 INFO             PET0 PIOc_sync Exit - MemInfo: Wall-clock time since execution start:              0.0170148 seconds
20220314 015952.227 INFO             PET0 PIOc_freedecomp Enter - MemInfo: [/proc/meminfo - SSI]	MemTotal:       527077124 kB
20220314 015952.227 INFO             PET0 PIOc_freedecomp Enter - MemInfo: [/proc/meminfo - SSI]	MemFree:        517263964 kB
20220314 015952.227 INFO             PET0 PIOc_freedecomp Enter - MemInfo: [/proc/meminfo - SSI]	MemAvailable:   517721552 kB
20220314 015952.227 INFO             PET0 PIOc_freedecomp Enter - MemInfo: [/proc/meminfo - SSI]	Committed_AS:    1724468 kB
20220314 015952.227 INFO             PET0 PIOc_freedecomp Enter - MemInfo: [/proc/meminfo - SSI]	CommittedPercent: 0.327176 %
20220314 015952.228 INFO             PET0 PIOc_freedecomp Enter - MemInfo: [/proc/self/status]	VmPeak:	  195124 kB
20220314 015952.228 INFO             PET0 PIOc_freedecomp Enter - MemInfo: [/proc/self/status]	VmSize:	  195124 kB
20220314 015952.228 INFO             PET0 PIOc_freedecomp Enter - MemInfo: [/proc/self/status]	VmLck:	       0 kB
20220314 015952.228 INFO             PET0 PIOc_freedecomp Enter - MemInfo: [/proc/self/status]	VmPin:	       0 kB
20220314 015952.228 INFO             PET0 PIOc_freedecomp Enter - MemInfo: [/proc/self/status]	VmHWM:	   40520 kB
20220314 015952.228 INFO             PET0 PIOc_freedecomp Enter - MemInfo: [/proc/self/status]	VmRSS:	   40520 kB
20220314 015952.228 INFO             PET0 PIOc_freedecomp Enter - MemInfo: [/proc/self/status]	VmData:	   17356 kB
20220314 015952.228 INFO             PET0 PIOc_freedecomp Enter - MemInfo: [/proc/self/status]	VmStk:	     156 kB
20220314 015952.228 INFO             PET0 PIOc_freedecomp Enter - MemInfo: [/proc/self/status]	VmExe:	     432 kB
20220314 015952.228 INFO             PET0 PIOc_freedecomp Enter - MemInfo: [/proc/self/status]	VmLib:	  103544 kB
20220314 015952.228 INFO             PET0 PIOc_freedecomp Enter - MemInfo: [/proc/self/status]	VmPTE:	     412 kB
20220314 015952.228 INFO             PET0 PIOc_freedecomp Enter - MemInfo: [/proc/self/status]	VmSwap:	       0 kB
20220314 015952.228 INFO             PET0 PIOc_freedecomp Enter - MemInfo: [/proc/self/status]	VmRSSPercent: 0.00768768 %
20220314 015952.228 INFO             PET0 PIOc_freedecomp Enter - MemInfo: [malloc] Non-mmapped space allocated:                 9969664 Byte
20220314 015952.228 INFO             PET0 PIOc_freedecomp Enter - MemInfo: [malloc] Space allocated in mmapped regions:          3629056 Byte
20220314 015952.228 INFO             PET0 PIOc_freedecomp Enter - MemInfo: [malloc] Maximum total allocated space:                     0 Byte
20220314 015952.228 INFO             PET0 PIOc_freedecomp Enter - MemInfo: [malloc] Space in freed fastbin blocks:                   144 Byte
20220314 015952.228 INFO             PET0 PIOc_freedecomp Enter - MemInfo: [malloc] Total allocated space:                        924896 Byte
20220314 015952.228 INFO             PET0 PIOc_freedecomp Enter - MemInfo: [malloc] Total free space:                            9044768 Byte
20220314 015952.228 INFO             PET0 PIOc_freedecomp Enter - MemInfo: [malloc] Top-most, releasable space:                   116288 Byte
20220314 015952.228 INFO             PET0 PIOc_freedecomp Enter - MemInfo: [malloc] Total space in use, mmap + non-mmap:         4553952 Byte
20220314 015952.228 INFO             PET0 PIOc_freedecomp Enter - MemInfo: [malloc] Total space held (mmap + non-mmap):         13598720 Byte
20220314 015952.228 INFO             PET0 PIOc_freedecomp Enter - MemInfo: [malloc] Total space used (mmap + non-mmap):          4562160 Byte
20220314 015952.228 INFO             PET0 PIOc_freedecomp Enter - MemInfo: Wall-clock time since execution start:              0.0173376 seconds
20220314 015952.228 INFO             PET0 PIOc_freedecomp Exit - MemInfo: [/proc/meminfo - SSI]	MemTotal:       527077124 kB
20220314 015952.228 INFO             PET0 PIOc_freedecomp Exit - MemInfo: [/proc/meminfo - SSI]	MemFree:        517263964 kB
20220314 015952.228 INFO             PET0 PIOc_freedecomp Exit - MemInfo: [/proc/meminfo - SSI]	MemAvailable:   517721552 kB
20220314 015952.228 INFO             PET0 PIOc_freedecomp Exit - MemInfo: [/proc/meminfo - SSI]	Committed_AS:    1724468 kB
20220314 015952.228 INFO             PET0 PIOc_freedecomp Exit - MemInfo: [/proc/meminfo - SSI]	CommittedPercent: 0.327176 %
20220314 015952.228 INFO             PET0 PIOc_freedecomp Exit - MemInfo: [/proc/self/status]	VmPeak:	  195124 kB
20220314 015952.228 INFO             PET0 PIOc_freedecomp Exit - MemInfo: [/proc/self/status]	VmSize:	  195124 kB
20220314 015952.228 INFO             PET0 PIOc_freedecomp Exit - MemInfo: [/proc/self/status]	VmLck:	       0 kB
20220314 015952.228 INFO             PET0 PIOc_freedecomp Exit - MemInfo: [/proc/self/status]	VmPin:	       0 kB
20220314 015952.228 INFO             PET0 PIOc_freedecomp Exit - MemInfo: [/proc/self/status]	VmHWM:	   40520 kB
20220314 015952.228 INFO             PET0 PIOc_freedecomp Exit - MemInfo: [/proc/self/status]	VmRSS:	   40520 kB
20220314 015952.228 INFO             PET0 PIOc_freedecomp Exit - MemInfo: [/proc/self/status]	VmData:	   17356 kB
20220314 015952.228 INFO             PET0 PIOc_freedecomp Exit - MemInfo: [/proc/self/status]	VmStk:	     156 kB
20220314 015952.228 INFO             PET0 PIOc_freedecomp Exit - MemInfo: [/proc/self/status]	VmExe:	     432 kB
20220314 015952.228 INFO             PET0 PIOc_freedecomp Exit - MemInfo: [/proc/self/status]	VmLib:	  103544 kB
20220314 015952.228 INFO             PET0 PIOc_freedecomp Exit - MemInfo: [/proc/self/status]	VmPTE:	     412 kB
20220314 015952.228 INFO             PET0 PIOc_freedecomp Exit - MemInfo: [/proc/self/status]	VmSwap:	       0 kB
20220314 015952.228 INFO             PET0 PIOc_freedecomp Exit - MemInfo: [/proc/self/status]	VmRSSPercent: 0.00768768 %
20220314 015952.228 INFO             PET0 PIOc_freedecomp Exit - MemInfo: [malloc] Non-mmapped space allocated:                 9969664 Byte
20220314 015952.228 INFO             PET0 PIOc_freedecomp Exit - MemInfo: [malloc] Space allocated in mmapped regions:          3629056 Byte
20220314 015952.228 INFO             PET0 PIOc_freedecomp Exit - MemInfo: [malloc] Maximum total allocated space:                     0 Byte
20220314 015952.228 INFO             PET0 PIOc_freedecomp Exit - MemInfo: [malloc] Space in freed fastbin blocks:                   784 Byte
20220314 015952.228 INFO             PET0 PIOc_freedecomp Exit - MemInfo: [malloc] Total allocated space:                        922320 Byte
20220314 015952.228 INFO             PET0 PIOc_freedecomp Exit - MemInfo: [malloc] Total free space:                            9047344 Byte
20220314 015952.228 INFO             PET0 PIOc_freedecomp Exit - MemInfo: [malloc] Top-most, releasable space:                   121984 Byte
20220314 015952.228 INFO             PET0 PIOc_freedecomp Exit - MemInfo: [malloc] Total space in use, mmap + non-mmap:         4551376 Byte
20220314 015952.228 INFO             PET0 PIOc_freedecomp Exit - MemInfo: [malloc] Total space held (mmap + non-mmap):         13598720 Byte
20220314 015952.228 INFO             PET0 PIOc_freedecomp Exit - MemInfo: [malloc] Total space used (mmap + non-mmap):          4559584 Byte
20220314 015952.228 INFO             PET0 PIOc_freedecomp Exit - MemInfo: Wall-clock time since execution start:              0.0175423 seconds
20220314 015952.229 INFO             PET0 PIOc_sync Enter - MemInfo: [/proc/meminfo - SSI]	MemTotal:       527077124 kB
20220314 015952.229 INFO             PET0 PIOc_sync Enter - MemInfo: [/proc/meminfo - SSI]	MemFree:        517263964 kB
20220314 015952.229 INFO             PET0 PIOc_sync Enter - MemInfo: [/proc/meminfo - SSI]	MemAvailable:   517721552 kB
20220314 015952.229 INFO             PET0 PIOc_sync Enter - MemInfo: [/proc/meminfo - SSI]	Committed_AS:    1724468 kB
20220314 015952.229 INFO             PET0 PIOc_sync Enter - MemInfo: [/proc/meminfo - SSI]	CommittedPercent: 0.327176 %
20220314 015952.229 INFO             PET0 PIOc_sync Enter - MemInfo: [/proc/self/status]	VmPeak:	  195124 kB
20220314 015952.229 INFO             PET0 PIOc_sync Enter - MemInfo: [/proc/self/status]	VmSize:	  195124 kB
20220314 015952.229 INFO             PET0 PIOc_sync Enter - MemInfo: [/proc/self/status]	VmLck:	       0 kB
20220314 015952.229 INFO             PET0 PIOc_sync Enter - MemInfo: [/proc/self/status]	VmPin:	       0 kB
20220314 015952.229 INFO             PET0 PIOc_sync Enter - MemInfo: [/proc/self/status]	VmHWM:	   40560 kB
20220314 015952.229 INFO             PET0 PIOc_sync Enter - MemInfo: [/proc/self/status]	VmRSS:	   40536 kB
20220314 015952.229 INFO             PET0 PIOc_sync Enter - MemInfo: [/proc/self/status]	VmData:	   17356 kB
20220314 015952.229 INFO             PET0 PIOc_sync Enter - MemInfo: [/proc/self/status]	VmStk:	     156 kB
20220314 015952.229 INFO             PET0 PIOc_sync Enter - MemInfo: [/proc/self/status]	VmExe:	     432 kB
20220314 015952.229 INFO             PET0 PIOc_sync Enter - MemInfo: [/proc/self/status]	VmLib:	  103544 kB
20220314 015952.229 INFO             PET0 PIOc_sync Enter - MemInfo: [/proc/self/status]	VmPTE:	     412 kB
20220314 015952.229 INFO             PET0 PIOc_sync Enter - MemInfo: [/proc/self/status]	VmSwap:	       0 kB
20220314 015952.229 INFO             PET0 PIOc_sync Enter - MemInfo: [/proc/self/status]	VmRSSPercent: 0.00769072 %
20220314 015952.229 INFO             PET0 PIOc_sync Enter - MemInfo: [malloc] Non-mmapped space allocated:                 9969664 Byte
20220314 015952.229 INFO             PET0 PIOc_sync Enter - MemInfo: [malloc] Space allocated in mmapped regions:          3629056 Byte
20220314 015952.229 INFO             PET0 PIOc_sync Enter - MemInfo: [malloc] Maximum total allocated space:                     0 Byte
20220314 015952.229 INFO             PET0 PIOc_sync Enter - MemInfo: [malloc] Space in freed fastbin blocks:                   512 Byte
20220314 015952.229 INFO             PET0 PIOc_sync Enter - MemInfo: [malloc] Total allocated space:                       9850496 Byte
20220314 015952.229 INFO             PET0 PIOc_sync Enter - MemInfo: [malloc] Total free space:                             119168 Byte
20220314 015952.229 INFO             PET0 PIOc_sync Enter - MemInfo: [malloc] Top-most, releasable space:                   116736 Byte
20220314 015952.229 INFO             PET0 PIOc_sync Enter - MemInfo: [malloc] Total space in use, mmap + non-mmap:        13479552 Byte
20220314 015952.229 INFO             PET0 PIOc_sync Enter - MemInfo: [malloc] Total space held (mmap + non-mmap):         13598720 Byte
20220314 015952.229 INFO             PET0 PIOc_sync Enter - MemInfo: [malloc] Total space used (mmap + non-mmap):         13487760 Byte
20220314 015952.229 INFO             PET0 PIOc_sync Enter - MemInfo: Wall-clock time since execution start:              0.0190785 seconds
20220314 015952.230 INFO             PET0 PIOc_sync Exit - MemInfo: [/proc/meminfo - SSI]	MemTotal:       527077124 kB
20220314 015952.230 INFO             PET0 PIOc_sync Exit - MemInfo: [/proc/meminfo - SSI]	MemFree:        517263964 kB
20220314 015952.230 INFO             PET0 PIOc_sync Exit - MemInfo: [/proc/meminfo - SSI]	MemAvailable:   517721552 kB
20220314 015952.230 INFO             PET0 PIOc_sync Exit - MemInfo: [/proc/meminfo - SSI]	Committed_AS:    1724468 kB
20220314 015952.230 INFO             PET0 PIOc_sync Exit - MemInfo: [/proc/meminfo - SSI]	CommittedPercent: 0.327176 %
20220314 015952.230 INFO             PET0 PIOc_sync Exit - MemInfo: [/proc/self/status]	VmPeak:	  195124 kB
20220314 015952.230 INFO             PET0 PIOc_sync Exit - MemInfo: [/proc/self/status]	VmSize:	  195124 kB
20220314 015952.230 INFO             PET0 PIOc_sync Exit - MemInfo: [/proc/self/status]	VmLck:	       0 kB
20220314 015952.230 INFO             PET0 PIOc_sync Exit - MemInfo: [/proc/self/status]	VmPin:	       0 kB
20220314 015952.230 INFO             PET0 PIOc_sync Exit - MemInfo: [/proc/self/status]	VmHWM:	   40560 kB
20220314 015952.230 INFO             PET0 PIOc_sync Exit - MemInfo: [/proc/self/status]	VmRSS:	   40536 kB
20220314 015952.230 INFO             PET0 PIOc_sync Exit - MemInfo: [/proc/self/status]	VmData:	   17356 kB
20220314 015952.230 INFO             PET0 PIOc_sync Exit - MemInfo: [/proc/self/status]	VmStk:	     156 kB
20220314 015952.230 INFO             PET0 PIOc_sync Exit - MemInfo: [/proc/self/status]	VmExe:	     432 kB
20220314 015952.230 INFO             PET0 PIOc_sync Exit - MemInfo: [/proc/self/status]	VmLib:	  103544 kB
20220314 015952.230 INFO             PET0 PIOc_sync Exit - MemInfo: [/proc/self/status]	VmPTE:	     412 kB
20220314 015952.230 INFO             PET0 PIOc_sync Exit - MemInfo: [/proc/self/status]	VmSwap:	       0 kB
20220314 015952.230 INFO             PET0 PIOc_sync Exit - MemInfo: [/proc/self/status]	VmRSSPercent: 0.00769072 %
20220314 015952.230 INFO             PET0 PIOc_sync Exit - MemInfo: [malloc] Non-mmapped space allocated:                 9969664 Byte
20220314 015952.230 INFO             PET0 PIOc_sync Exit - MemInfo: [malloc] Space allocated in mmapped regions:          3629056 Byte
20220314 015952.230 INFO             PET0 PIOc_sync Exit - MemInfo: [malloc] Maximum total allocated space:                     0 Byte
20220314 015952.230 INFO             PET0 PIOc_sync Exit - MemInfo: [malloc] Space in freed fastbin blocks:                     0 Byte
20220314 015952.230 INFO             PET0 PIOc_sync Exit - MemInfo: [malloc] Total allocated space:                       9851248 Byte
20220314 015952.230 INFO             PET0 PIOc_sync Exit - MemInfo: [malloc] Total free space:                             118416 Byte
20220314 015952.230 INFO             PET0 PIOc_sync Exit - MemInfo: [malloc] Top-most, releasable space:                   116512 Byte
20220314 015952.230 INFO             PET0 PIOc_sync Exit - MemInfo: [malloc] Total space in use, mmap + non-mmap:        13480304 Byte
20220314 015952.230 INFO             PET0 PIOc_sync Exit - MemInfo: [malloc] Total space held (mmap + non-mmap):         13598720 Byte
20220314 015952.230 INFO             PET0 PIOc_sync Exit - MemInfo: [malloc] Total space used (mmap + non-mmap):         13488512 Byte
20220314 015952.230 INFO             PET0 PIOc_sync Exit - MemInfo: Wall-clock time since execution start:              0.0193473 seconds
20220314 015952.230 INFO             PET0 PIOc_freedecomp Enter - MemInfo: [/proc/meminfo - SSI]	MemTotal:       527077124 kB
20220314 015952.230 INFO             PET0 PIOc_freedecomp Enter - MemInfo: [/proc/meminfo - SSI]	MemFree:        517263964 kB
20220314 015952.230 INFO             PET0 PIOc_freedecomp Enter - MemInfo: [/proc/meminfo - SSI]	MemAvailable:   517721552 kB
20220314 015952.230 INFO             PET0 PIOc_freedecomp Enter - MemInfo: [/proc/meminfo - SSI]	Committed_AS:    1724468 kB
20220314 015952.230 INFO             PET0 PIOc_freedecomp Enter - MemInfo: [/proc/meminfo - SSI]	CommittedPercent: 0.327176 %
20220314 015952.230 INFO             PET0 PIOc_freedecomp Enter - MemInfo: [/proc/self/status]	VmPeak:	  195124 kB
20220314 015952.230 INFO             PET0 PIOc_freedecomp Enter - MemInfo: [/proc/self/status]	VmSize:	  195124 kB
20220314 015952.230 INFO             PET0 PIOc_freedecomp Enter - MemInfo: [/proc/self/status]	VmLck:	       0 kB
20220314 015952.230 INFO             PET0 PIOc_freedecomp Enter - MemInfo: [/proc/self/status]	VmPin:	       0 kB
20220314 015952.230 INFO             PET0 PIOc_freedecomp Enter - MemInfo: [/proc/self/status]	VmHWM:	   40560 kB
20220314 015952.230 INFO             PET0 PIOc_freedecomp Enter - MemInfo: [/proc/self/status]	VmRSS:	   40536 kB
20220314 015952.230 INFO             PET0 PIOc_freedecomp Enter - MemInfo: [/proc/self/status]	VmData:	   17356 kB
20220314 015952.230 INFO             PET0 PIOc_freedecomp Enter - MemInfo: [/proc/self/status]	VmStk:	     156 kB
20220314 015952.230 INFO             PET0 PIOc_freedecomp Enter - MemInfo: [/proc/self/status]	VmExe:	     432 kB
20220314 015952.230 INFO             PET0 PIOc_freedecomp Enter - MemInfo: [/proc/self/status]	VmLib:	  103544 kB
20220314 015952.230 INFO             PET0 PIOc_freedecomp Enter - MemInfo: [/proc/self/status]	VmPTE:	     412 kB
20220314 015952.230 INFO             PET0 PIOc_freedecomp Enter - MemInfo: [/proc/self/status]	VmSwap:	       0 kB
20220314 015952.230 INFO             PET0 PIOc_freedecomp Enter - MemInfo: [/proc/self/status]	VmRSSPercent: 0.00769072 %
20220314 015952.230 INFO             PET0 PIOc_freedecomp Enter - MemInfo: [malloc] Non-mmapped space allocated:                 9969664 Byte
20220314 015952.230 INFO             PET0 PIOc_freedecomp Enter - MemInfo: [malloc] Space allocated in mmapped regions:          3629056 Byte
20220314 015952.230 INFO             PET0 PIOc_freedecomp Enter - MemInfo: [malloc] Maximum total allocated space:                     0 Byte
20220314 015952.230 INFO             PET0 PIOc_freedecomp Enter - MemInfo: [malloc] Space in freed fastbin blocks:                   144 Byte
20220314 015952.230 INFO             PET0 PIOc_freedecomp Enter - MemInfo: [malloc] Total allocated space:                        926704 Byte
20220314 015952.230 INFO             PET0 PIOc_freedecomp Enter - MemInfo: [malloc] Total free space:                            9042960 Byte
20220314 015952.230 INFO             PET0 PIOc_freedecomp Enter - MemInfo: [malloc] Top-most, releasable space:                   116288 Byte
20220314 015952.230 INFO             PET0 PIOc_freedecomp Enter - MemInfo: [malloc] Total space in use, mmap + non-mmap:         4555760 Byte
20220314 015952.230 INFO             PET0 PIOc_freedecomp Enter - MemInfo: [malloc] Total space held (mmap + non-mmap):         13598720 Byte
20220314 015952.230 INFO             PET0 PIOc_freedecomp Enter - MemInfo: [malloc] Total space used (mmap + non-mmap):          4563968 Byte
20220314 015952.230 INFO             PET0 PIOc_freedecomp Enter - MemInfo: Wall-clock time since execution start:              0.0196701 seconds
20220314 015952.230 INFO             PET0 PIOc_freedecomp Exit - MemInfo: [/proc/meminfo - SSI]	MemTotal:       527077124 kB
20220314 015952.230 INFO             PET0 PIOc_freedecomp Exit - MemInfo: [/proc/meminfo - SSI]	MemFree:        517263964 kB
20220314 015952.230 INFO             PET0 PIOc_freedecomp Exit - MemInfo: [/proc/meminfo - SSI]	MemAvailable:   517721552 kB
20220314 015952.230 INFO             PET0 PIOc_freedecomp Exit - MemInfo: [/proc/meminfo - SSI]	Committed_AS:    1724468 kB
20220314 015952.230 INFO             PET0 PIOc_freedecomp Exit - MemInfo: [/proc/meminfo - SSI]	CommittedPercent: 0.327176 %
20220314 015952.230 INFO             PET0 PIOc_freedecomp Exit - MemInfo: [/proc/self/status]	VmPeak:	  195124 kB
20220314 015952.230 INFO             PET0 PIOc_freedecomp Exit - MemInfo: [/proc/self/status]	VmSize:	  195124 kB
20220314 015952.230 INFO             PET0 PIOc_freedecomp Exit - MemInfo: [/proc/self/status]	VmLck:	       0 kB
20220314 015952.230 INFO             PET0 PIOc_freedecomp Exit - MemInfo: [/proc/self/status]	VmPin:	       0 kB
20220314 015952.230 INFO             PET0 PIOc_freedecomp Exit - MemInfo: [/proc/self/status]	VmHWM:	   40560 kB
20220314 015952.230 INFO             PET0 PIOc_freedecomp Exit - MemInfo: [/proc/self/status]	VmRSS:	   40536 kB
20220314 015952.230 INFO             PET0 PIOc_freedecomp Exit - MemInfo: [/proc/self/status]	VmData:	   17356 kB
20220314 015952.230 INFO             PET0 PIOc_freedecomp Exit - MemInfo: [/proc/self/status]	VmStk:	     156 kB
20220314 015952.230 INFO             PET0 PIOc_freedecomp Exit - MemInfo: [/proc/self/status]	VmExe:	     432 kB
20220314 015952.230 INFO             PET0 PIOc_freedecomp Exit - MemInfo: [/proc/self/status]	VmLib:	  103544 kB
20220314 015952.230 INFO             PET0 PIOc_freedecomp Exit - MemInfo: [/proc/self/status]	VmPTE:	     412 kB
20220314 015952.230 INFO             PET0 PIOc_freedecomp Exit - MemInfo: [/proc/self/status]	VmSwap:	       0 kB
20220314 015952.230 INFO             PET0 PIOc_freedecomp Exit - MemInfo: [/proc/self/status]	VmRSSPercent: 0.00769072 %
20220314 015952.230 INFO             PET0 PIOc_freedecomp Exit - MemInfo: [malloc] Non-mmapped space allocated:                 9969664 Byte
20220314 015952.230 INFO             PET0 PIOc_freedecomp Exit - MemInfo: [malloc] Space allocated in mmapped regions:          3629056 Byte
20220314 015952.230 INFO             PET0 PIOc_freedecomp Exit - MemInfo: [malloc] Maximum total allocated space:                     0 Byte
20220314 015952.230 INFO             PET0 PIOc_freedecomp Exit - MemInfo: [malloc] Space in freed fastbin blocks:                   944 Byte
20220314 015952.230 INFO             PET0 PIOc_freedecomp Exit - MemInfo: [malloc] Total allocated space:                        923968 Byte
20220314 015952.230 INFO             PET0 PIOc_freedecomp Exit - MemInfo: [malloc] Total free space:                            9045696 Byte
20220314 015952.230 INFO             PET0 PIOc_freedecomp Exit - MemInfo: [malloc] Top-most, releasable space:                   121984 Byte
20220314 015952.230 INFO             PET0 PIOc_freedecomp Exit - MemInfo: [malloc] Total space in use, mmap + non-mmap:         4553024 Byte
20220314 015952.230 INFO             PET0 PIOc_freedecomp Exit - MemInfo: [malloc] Total space held (mmap + non-mmap):         13598720 Byte
20220314 015952.230 INFO             PET0 PIOc_freedecomp Exit - MemInfo: [malloc] Total space used (mmap + non-mmap):          4561232 Byte
20220314 015952.230 INFO             PET0 PIOc_freedecomp Exit - MemInfo: Wall-clock time since execution start:              0.0198738 seconds
20220314 015952.230 INFO             PET0  PASS  Write multiple Fields with same dimensions to a file, ESMF_FieldIOUTest.F90, line 292
20220314 015952.230 INFO             PET0  PASS  Create grid for field metadata test, ESMF_FieldIOUTest.F90, line 309
20220314 015952.231 INFO             PET0  PASS  Create field with global indices, ESMF_FieldIOUTest.F90, line 316
20220314 015952.231 INFO             PET0  PASS  Get Farray_md from field, ESMF_FieldIOUTest.F90, line 324
20220314 015952.233 INFO             PET0 PIOc_sync Enter - MemInfo: [/proc/meminfo - SSI]	MemTotal:       527077124 kB
20220314 015952.233 INFO             PET0 PIOc_sync Enter - MemInfo: [/proc/meminfo - SSI]	MemFree:        517255804 kB
20220314 015952.233 INFO             PET0 PIOc_sync Enter - MemInfo: [/proc/meminfo - SSI]	MemAvailable:   517713392 kB
20220314 015952.233 INFO             PET0 PIOc_sync Enter - MemInfo: [/proc/meminfo - SSI]	Committed_AS:    1732672 kB
20220314 015952.233 INFO             PET0 PIOc_sync Enter - MemInfo: [/proc/meminfo - SSI]	CommittedPercent: 0.328732 %
20220314 015952.233 INFO             PET0 PIOc_sync Enter - MemInfo: [/proc/self/status]	VmPeak:	  203328 kB
20220314 015952.233 INFO             PET0 PIOc_sync Enter - MemInfo: [/proc/self/status]	VmSize:	  203328 kB
20220314 015952.233 INFO             PET0 PIOc_sync Enter - MemInfo: [/proc/self/status]	VmLck:	       0 kB
20220314 015952.233 INFO             PET0 PIOc_sync Enter - MemInfo: [/proc/self/status]	VmPin:	       0 kB
20220314 015952.233 INFO             PET0 PIOc_sync Enter - MemInfo: [/proc/self/status]	VmHWM:	   48820 kB
20220314 015952.233 INFO             PET0 PIOc_sync Enter - MemInfo: [/proc/self/status]	VmRSS:	   48820 kB
20220314 015952.233 INFO             PET0 PIOc_sync Enter - MemInfo: [/proc/self/status]	VmData:	   25560 kB
20220314 015952.233 INFO             PET0 PIOc_sync Enter - MemInfo: [/proc/self/status]	VmStk:	     156 kB
20220314 015952.233 INFO             PET0 PIOc_sync Enter - MemInfo: [/proc/self/status]	VmExe:	     432 kB
20220314 015952.233 INFO             PET0 PIOc_sync Enter - MemInfo: [/proc/self/status]	VmLib:	  103544 kB
20220314 015952.233 INFO             PET0 PIOc_sync Enter - MemInfo: [/proc/self/status]	VmPTE:	     428 kB
20220314 015952.233 INFO             PET0 PIOc_sync Enter - MemInfo: [/proc/self/status]	VmSwap:	       0 kB
20220314 015952.233 INFO             PET0 PIOc_sync Enter - MemInfo: [/proc/self/status]	VmRSSPercent: 0.0092624 %
20220314 015952.233 INFO             PET0 PIOc_sync Enter - MemInfo: [malloc] Non-mmapped space allocated:                18370560 Byte
20220314 015952.233 INFO             PET0 PIOc_sync Enter - MemInfo: [malloc] Space allocated in mmapped regions:          3629056 Byte
20220314 015952.233 INFO             PET0 PIOc_sync Enter - MemInfo: [malloc] Maximum total allocated space:                     0 Byte
20220314 015952.233 INFO             PET0 PIOc_sync Enter - MemInfo: [malloc] Space in freed fastbin blocks:                     0 Byte
20220314 015952.233 INFO             PET0 PIOc_sync Enter - MemInfo: [malloc] Total allocated space:                       9873488 Byte
20220314 015952.233 INFO             PET0 PIOc_sync Enter - MemInfo: [malloc] Total free space:                            8497072 Byte
20220314 015952.233 INFO             PET0 PIOc_sync Enter - MemInfo: [malloc] Top-most, releasable space:                   134256 Byte
20220314 015952.233 INFO             PET0 PIOc_sync Enter - MemInfo: [malloc] Total space in use, mmap + non-mmap:        13502544 Byte
20220314 015952.233 INFO             PET0 PIOc_sync Enter - MemInfo: [malloc] Total space held (mmap + non-mmap):         21999616 Byte
20220314 015952.233 INFO             PET0 PIOc_sync Enter - MemInfo: [malloc] Total space used (mmap + non-mmap):         13510752 Byte
20220314 015952.233 INFO             PET0 PIOc_sync Enter - MemInfo: Wall-clock time since execution start:              0.0230733 seconds
20220314 015952.233 INFO             PET0 PIOc_sync Exit - MemInfo: [/proc/meminfo - SSI]	MemTotal:       527077124 kB
20220314 015952.233 INFO             PET0 PIOc_sync Exit - MemInfo: [/proc/meminfo - SSI]	MemFree:        517256308 kB
20220314 015952.234 INFO             PET0 PIOc_sync Exit - MemInfo: [/proc/meminfo - SSI]	MemAvailable:   517713896 kB
20220314 015952.234 INFO             PET0 PIOc_sync Exit - MemInfo: [/proc/meminfo - SSI]	Committed_AS:    1732672 kB
20220314 015952.234 INFO             PET0 PIOc_sync Exit - MemInfo: [/proc/meminfo - SSI]	CommittedPercent: 0.328732 %
20220314 015952.234 INFO             PET0 PIOc_sync Exit - MemInfo: [/proc/self/status]	VmPeak:	  203328 kB
20220314 015952.234 INFO             PET0 PIOc_sync Exit - MemInfo: [/proc/self/status]	VmSize:	  203328 kB
20220314 015952.234 INFO             PET0 PIOc_sync Exit - MemInfo: [/proc/self/status]	VmLck:	       0 kB
20220314 015952.234 INFO             PET0 PIOc_sync Exit - MemInfo: [/proc/self/status]	VmPin:	       0 kB
20220314 015952.234 INFO             PET0 PIOc_sync Exit - MemInfo: [/proc/self/status]	VmHWM:	   48820 kB
20220314 015952.234 INFO             PET0 PIOc_sync Exit - MemInfo: [/proc/self/status]	VmRSS:	   48820 kB
20220314 015952.234 INFO             PET0 PIOc_sync Exit - MemInfo: [/proc/self/status]	VmData:	   25560 kB
20220314 015952.234 INFO             PET0 PIOc_sync Exit - MemInfo: [/proc/self/status]	VmStk:	     156 kB
20220314 015952.234 INFO             PET0 PIOc_sync Exit - MemInfo: [/proc/self/status]	VmExe:	     432 kB
20220314 015952.234 INFO             PET0 PIOc_sync Exit - MemInfo: [/proc/self/status]	VmLib:	  103544 kB
20220314 015952.234 INFO             PET0 PIOc_sync Exit - MemInfo: [/proc/self/status]	VmPTE:	     428 kB
20220314 015952.234 INFO             PET0 PIOc_sync Exit - MemInfo: [/proc/self/status]	VmSwap:	       0 kB
20220314 015952.234 INFO             PET0 PIOc_sync Exit - MemInfo: [/proc/self/status]	VmRSSPercent: 0.0092624 %
20220314 015952.234 INFO             PET0 PIOc_sync Exit - MemInfo: [malloc] Non-mmapped space allocated:                18370560 Byte
20220314 015952.234 INFO             PET0 PIOc_sync Exit - MemInfo: [malloc] Space allocated in mmapped regions:          3629056 Byte
20220314 015952.234 INFO             PET0 PIOc_sync Exit - MemInfo: [malloc] Maximum total allocated space:                     0 Byte
20220314 015952.234 INFO             PET0 PIOc_sync Exit - MemInfo: [malloc] Space in freed fastbin blocks:                     0 Byte
20220314 015952.234 INFO             PET0 PIOc_sync Exit - MemInfo: [malloc] Total allocated space:                       9883552 Byte
20220314 015952.234 INFO             PET0 PIOc_sync Exit - MemInfo: [malloc] Total free space:                            8487008 Byte
20220314 015952.234 INFO             PET0 PIOc_sync Exit - MemInfo: [malloc] Top-most, releasable space:                   134256 Byte
20220314 015952.234 INFO             PET0 PIOc_sync Exit - MemInfo: [malloc] Total space in use, mmap + non-mmap:        13512608 Byte
20220314 015952.234 INFO             PET0 PIOc_sync Exit - MemInfo: [malloc] Total space held (mmap + non-mmap):         21999616 Byte
20220314 015952.234 INFO             PET0 PIOc_sync Exit - MemInfo: [malloc] Total space used (mmap + non-mmap):         13520816 Byte
20220314 015952.234 INFO             PET0 PIOc_sync Exit - MemInfo: Wall-clock time since execution start:              0.0233592 seconds
20220314 015952.234 INFO             PET0 PIOc_freedecomp Enter - MemInfo: [/proc/meminfo - SSI]	MemTotal:       527077124 kB
20220314 015952.234 INFO             PET0 PIOc_freedecomp Enter - MemInfo: [/proc/meminfo - SSI]	MemFree:        517256308 kB
20220314 015952.234 INFO             PET0 PIOc_freedecomp Enter - MemInfo: [/proc/meminfo - SSI]	MemAvailable:   517713896 kB
20220314 015952.234 INFO             PET0 PIOc_freedecomp Enter - MemInfo: [/proc/meminfo - SSI]	Committed_AS:    1732672 kB
20220314 015952.234 INFO             PET0 PIOc_freedecomp Enter - MemInfo: [/proc/meminfo - SSI]	CommittedPercent: 0.328732 %
20220314 015952.234 INFO             PET0 PIOc_freedecomp Enter - MemInfo: [/proc/self/status]	VmPeak:	  203328 kB
20220314 015952.234 INFO             PET0 PIOc_freedecomp Enter - MemInfo: [/proc/self/status]	VmSize:	  203328 kB
20220314 015952.234 INFO             PET0 PIOc_freedecomp Enter - MemInfo: [/proc/self/status]	VmLck:	       0 kB
20220314 015952.234 INFO             PET0 PIOc_freedecomp Enter - MemInfo: [/proc/self/status]	VmPin:	       0 kB
20220314 015952.234 INFO             PET0 PIOc_freedecomp Enter - MemInfo: [/proc/self/status]	VmHWM:	   48820 kB
20220314 015952.234 INFO             PET0 PIOc_freedecomp Enter - MemInfo: [/proc/self/status]	VmRSS:	   48820 kB
20220314 015952.234 INFO             PET0 PIOc_freedecomp Enter - MemInfo: [/proc/self/status]	VmData:	   25560 kB
20220314 015952.234 INFO             PET0 PIOc_freedecomp Enter - MemInfo: [/proc/self/status]	VmStk:	     156 kB
20220314 015952.234 INFO             PET0 PIOc_freedecomp Enter - MemInfo: [/proc/self/status]	VmExe:	     432 kB
20220314 015952.234 INFO             PET0 PIOc_freedecomp Enter - MemInfo: [/proc/self/status]	VmLib:	  103544 kB
20220314 015952.234 INFO             PET0 PIOc_freedecomp Enter - MemInfo: [/proc/self/status]	VmPTE:	     428 kB
20220314 015952.234 INFO             PET0 PIOc_freedecomp Enter - MemInfo: [/proc/self/status]	VmSwap:	       0 kB
20220314 015952.234 INFO             PET0 PIOc_freedecomp Enter - MemInfo: [/proc/self/status]	VmRSSPercent: 0.0092624 %
20220314 015952.234 INFO             PET0 PIOc_freedecomp Enter - MemInfo: [malloc] Non-mmapped space allocated:                18370560 Byte
20220314 015952.234 INFO             PET0 PIOc_freedecomp Enter - MemInfo: [malloc] Space allocated in mmapped regions:          3629056 Byte
20220314 015952.234 INFO             PET0 PIOc_freedecomp Enter - MemInfo: [malloc] Maximum total allocated space:                     0 Byte
20220314 015952.234 INFO             PET0 PIOc_freedecomp Enter - MemInfo: [malloc] Space in freed fastbin blocks:                   224 Byte
20220314 015952.234 INFO             PET0 PIOc_freedecomp Enter - MemInfo: [malloc] Total allocated space:                        959264 Byte
20220314 015952.234 INFO             PET0 PIOc_freedecomp Enter - MemInfo: [malloc] Total free space:                           17411296 Byte
20220314 015952.234 INFO             PET0 PIOc_freedecomp Enter - MemInfo: [malloc] Top-most, releasable space:                  8522880 Byte
20220314 015952.234 INFO             PET0 PIOc_freedecomp Enter - MemInfo: [malloc] Total space in use, mmap + non-mmap:         4588320 Byte
20220314 015952.234 INFO             PET0 PIOc_freedecomp Enter - MemInfo: [malloc] Total space held (mmap + non-mmap):         21999616 Byte
20220314 015952.234 INFO             PET0 PIOc_freedecomp Enter - MemInfo: [malloc] Total space used (mmap + non-mmap):          4596528 Byte
20220314 015952.234 INFO             PET0 PIOc_freedecomp Enter - MemInfo: Wall-clock time since execution start:               0.023689 seconds
20220314 015952.234 INFO             PET0 PIOc_freedecomp Exit - MemInfo: [/proc/meminfo - SSI]	MemTotal:       527077124 kB
20220314 015952.234 INFO             PET0 PIOc_freedecomp Exit - MemInfo: [/proc/meminfo - SSI]	MemFree:        517256308 kB
20220314 015952.234 INFO             PET0 PIOc_freedecomp Exit - MemInfo: [/proc/meminfo - SSI]	MemAvailable:   517713896 kB
20220314 015952.234 INFO             PET0 PIOc_freedecomp Exit - MemInfo: [/proc/meminfo - SSI]	Committed_AS:    1732672 kB
20220314 015952.234 INFO             PET0 PIOc_freedecomp Exit - MemInfo: [/proc/meminfo - SSI]	CommittedPercent: 0.328732 %
20220314 015952.234 INFO             PET0 PIOc_freedecomp Exit - MemInfo: [/proc/self/status]	VmPeak:	  203328 kB
20220314 015952.234 INFO             PET0 PIOc_freedecomp Exit - MemInfo: [/proc/self/status]	VmSize:	  203328 kB
20220314 015952.234 INFO             PET0 PIOc_freedecomp Exit - MemInfo: [/proc/self/status]	VmLck:	       0 kB
20220314 015952.234 INFO             PET0 PIOc_freedecomp Exit - MemInfo: [/proc/self/status]	VmPin:	       0 kB
20220314 015952.234 INFO             PET0 PIOc_freedecomp Exit - MemInfo: [/proc/self/status]	VmHWM:	   48820 kB
20220314 015952.234 INFO             PET0 PIOc_freedecomp Exit - MemInfo: [/proc/self/status]	VmRSS:	   48820 kB
20220314 015952.234 INFO             PET0 PIOc_freedecomp Exit - MemInfo: [/proc/self/status]	VmData:	   25560 kB
20220314 015952.234 INFO             PET0 PIOc_freedecomp Exit - MemInfo: [/proc/self/status]	VmStk:	     156 kB
20220314 015952.234 INFO             PET0 PIOc_freedecomp Exit - MemInfo: [/proc/self/status]	VmExe:	     432 kB
20220314 015952.234 INFO             PET0 PIOc_freedecomp Exit - MemInfo: [/proc/self/status]	VmLib:	  103544 kB
20220314 015952.234 INFO             PET0 PIOc_freedecomp Exit - MemInfo: [/proc/self/status]	VmPTE:	     428 kB
20220314 015952.234 INFO             PET0 PIOc_freedecomp Exit - MemInfo: [/proc/self/status]	VmSwap:	       0 kB
20220314 015952.234 INFO             PET0 PIOc_freedecomp Exit - MemInfo: [/proc/self/status]	VmRSSPercent: 0.0092624 %
20220314 015952.234 INFO             PET0 PIOc_freedecomp Exit - MemInfo: [malloc] Non-mmapped space allocated:                18370560 Byte
20220314 015952.234 INFO             PET0 PIOc_freedecomp Exit - MemInfo: [malloc] Space allocated in mmapped regions:          3629056 Byte
20220314 015952.234 INFO             PET0 PIOc_freedecomp Exit - MemInfo: [malloc] Maximum total allocated space:                     0 Byte
20220314 015952.234 INFO             PET0 PIOc_freedecomp Exit - MemInfo: [malloc] Space in freed fastbin blocks:                   432 Byte
20220314 015952.234 INFO             PET0 PIOc_freedecomp Exit - MemInfo: [malloc] Total allocated space:                        953104 Byte
20220314 015952.234 INFO             PET0 PIOc_freedecomp Exit - MemInfo: [malloc] Total free space:                           17417456 Byte
20220314 015952.234 INFO             PET0 PIOc_freedecomp Exit - MemInfo: [malloc] Top-most, releasable space:                  8522880 Byte
20220314 015952.234 INFO             PET0 PIOc_freedecomp Exit - MemInfo: [malloc] Total space in use, mmap + non-mmap:         4582160 Byte
20220314 015952.234 INFO             PET0 PIOc_freedecomp Exit - MemInfo: [malloc] Total space held (mmap + non-mmap):         21999616 Byte
20220314 015952.234 INFO             PET0 PIOc_freedecomp Exit - MemInfo: [malloc] Total space used (mmap + non-mmap):          4590368 Byte
20220314 015952.234 INFO             PET0 PIOc_freedecomp Exit - MemInfo: Wall-clock time since execution start:              0.0238944 seconds
20220314 015952.234 INFO             PET0  PASS  Write Field to NetCDF file, ESMF_FieldIOUTest.F90, line 348
20220314 015952.235 INFO             PET0  PASS  Confirm NetCDF metadata - open file, ESMF_FieldIOUTest.F90, line 359
20220314 015952.235 INFO             PET0  PASS  Confirm NetCDF metadata - check dim 1, ESMF_FieldIOUTest.F90, line 369
20220314 015952.235 INFO             PET0  PASS  Confirm NetCDF metadata - check dim 1 len, ESMF_FieldIOUTest.F90, line 379
20220314 015952.235 INFO             PET0  PASS  Confirm NetCDF metadata - check dim 2, ESMF_FieldIOUTest.F90, line 389
20220314 015952.235 INFO             PET0  PASS  Confirm NetCDF metadata - check dim 2 len, ESMF_FieldIOUTest.F90, line 399
20220314 015952.235 INFO             PET0  PASS  Confirm NetCDF metadata - variable exists, ESMF_FieldIOUTest.F90, line 409
20220314 015952.235 INFO             PET0  PASS  Confirm NetCDF metadata - variable has expected dims, ESMF_FieldIOUTest.F90, line 420
20220314 015952.235 INFO             PET0  PASS  Confirm NetCDF data - check data for field, ESMF_FieldIOUTest.F90, line 445
20220314 015952.235 INFO             PET0  PASS  Confirm NetCDF data - close file, ESMF_FieldIOUTest.F90, line 456
20220314 015952.239 INFO             PET0 PIOc_sync Enter - MemInfo: [/proc/meminfo - SSI]	MemTotal:       527077124 kB
20220314 015952.239 INFO             PET0 PIOc_sync Enter - MemInfo: [/proc/meminfo - SSI]	MemFree:        517253536 kB
20220314 015952.239 INFO             PET0 PIOc_sync Enter - MemInfo: [/proc/meminfo - SSI]	MemAvailable:   517711124 kB
20220314 015952.239 INFO             PET0 PIOc_sync Enter - MemInfo: [/proc/meminfo - SSI]	Committed_AS:    1733464 kB
20220314 015952.239 INFO             PET0 PIOc_sync Enter - MemInfo: [/proc/meminfo - SSI]	CommittedPercent: 0.328882 %
20220314 015952.239 INFO             PET0 PIOc_sync Enter - MemInfo: [/proc/self/status]	VmPeak:	  203328 kB
20220314 015952.239 INFO             PET0 PIOc_sync Enter - MemInfo: [/proc/self/status]	VmSize:	  203328 kB
20220314 015952.239 INFO             PET0 PIOc_sync Enter - MemInfo: [/proc/self/status]	VmLck:	       0 kB
20220314 015952.239 INFO             PET0 PIOc_sync Enter - MemInfo: [/proc/self/status]	VmPin:	       0 kB
20220314 015952.239 INFO             PET0 PIOc_sync Enter - MemInfo: [/proc/self/status]	VmHWM:	   48836 kB
20220314 015952.239 INFO             PET0 PIOc_sync Enter - MemInfo: [/proc/self/status]	VmRSS:	   48812 kB
20220314 015952.239 INFO             PET0 PIOc_sync Enter - MemInfo: [/proc/self/status]	VmData:	   25560 kB
20220314 015952.239 INFO             PET0 PIOc_sync Enter - MemInfo: [/proc/self/status]	VmStk:	     156 kB
20220314 015952.239 INFO             PET0 PIOc_sync Enter - MemInfo: [/proc/self/status]	VmExe:	     432 kB
20220314 015952.239 INFO             PET0 PIOc_sync Enter - MemInfo: [/proc/self/status]	VmLib:	  103544 kB
20220314 015952.239 INFO             PET0 PIOc_sync Enter - MemInfo: [/proc/self/status]	VmPTE:	     428 kB
20220314 015952.239 INFO             PET0 PIOc_sync Enter - MemInfo: [/proc/self/status]	VmSwap:	       0 kB
20220314 015952.239 INFO             PET0 PIOc_sync Enter - MemInfo: [/proc/self/status]	VmRSSPercent: 0.00926088 %
20220314 015952.239 INFO             PET0 PIOc_sync Enter - MemInfo: [malloc] Non-mmapped space allocated:                18370560 Byte
20220314 015952.239 INFO             PET0 PIOc_sync Enter - MemInfo: [malloc] Space allocated in mmapped regions:          3629056 Byte
20220314 015952.240 INFO             PET0 PIOc_sync Enter - MemInfo: [malloc] Maximum total allocated space:                     0 Byte
20220314 015952.240 INFO             PET0 PIOc_sync Enter - MemInfo: [malloc] Space in freed fastbin blocks:                     0 Byte
20220314 015952.240 INFO             PET0 PIOc_sync Enter - MemInfo: [malloc] Total allocated space:                       9886336 Byte
20220314 015952.240 INFO             PET0 PIOc_sync Enter - MemInfo: [malloc] Total free space:                            8484224 Byte
20220314 015952.240 INFO             PET0 PIOc_sync Enter - MemInfo: [malloc] Top-most, releasable space:                   134256 Byte
20220314 015952.240 INFO             PET0 PIOc_sync Enter - MemInfo: [malloc] Total space in use, mmap + non-mmap:        13515392 Byte
20220314 015952.240 INFO             PET0 PIOc_sync Enter - MemInfo: [malloc] Total space held (mmap + non-mmap):         21999616 Byte
20220314 015952.240 INFO             PET0 PIOc_sync Enter - MemInfo: [malloc] Total space used (mmap + non-mmap):         13523600 Byte
20220314 015952.240 INFO             PET0 PIOc_sync Enter - MemInfo: Wall-clock time since execution start:               0.029245 seconds
20220314 015952.240 INFO             PET0 PIOc_sync Exit - MemInfo: [/proc/meminfo - SSI]	MemTotal:       527077124 kB
20220314 015952.240 INFO             PET0 PIOc_sync Exit - MemInfo: [/proc/meminfo - SSI]	MemFree:        517253536 kB
20220314 015952.240 INFO             PET0 PIOc_sync Exit - MemInfo: [/proc/meminfo - SSI]	MemAvailable:   517711124 kB
20220314 015952.240 INFO             PET0 PIOc_sync Exit - MemInfo: [/proc/meminfo - SSI]	Committed_AS:    1733464 kB
20220314 015952.240 INFO             PET0 PIOc_sync Exit - MemInfo: [/proc/meminfo - SSI]	CommittedPercent: 0.328882 %
20220314 015952.240 INFO             PET0 PIOc_sync Exit - MemInfo: [/proc/self/status]	VmPeak:	  203328 kB
20220314 015952.240 INFO             PET0 PIOc_sync Exit - MemInfo: [/proc/self/status]	VmSize:	  203328 kB
20220314 015952.240 INFO             PET0 PIOc_sync Exit - MemInfo: [/proc/self/status]	VmLck:	       0 kB
20220314 015952.240 INFO             PET0 PIOc_sync Exit - MemInfo: [/proc/self/status]	VmPin:	       0 kB
20220314 015952.240 INFO             PET0 PIOc_sync Exit - MemInfo: [/proc/self/status]	VmHWM:	   48836 kB
20220314 015952.240 INFO             PET0 PIOc_sync Exit - MemInfo: [/proc/self/status]	VmRSS:	   48812 kB
20220314 015952.240 INFO             PET0 PIOc_sync Exit - MemInfo: [/proc/self/status]	VmData:	   25560 kB
20220314 015952.240 INFO             PET0 PIOc_sync Exit - MemInfo: [/proc/self/status]	VmStk:	     156 kB
20220314 015952.240 INFO             PET0 PIOc_sync Exit - MemInfo: [/proc/self/status]	VmExe:	     432 kB
20220314 015952.240 INFO             PET0 PIOc_sync Exit - MemInfo: [/proc/self/status]	VmLib:	  103544 kB
20220314 015952.240 INFO             PET0 PIOc_sync Exit - MemInfo: [/proc/self/status]	VmPTE:	     428 kB
20220314 015952.240 INFO             PET0 PIOc_sync Exit - MemInfo: [/proc/self/status]	VmSwap:	       0 kB
20220314 015952.240 INFO             PET0 PIOc_sync Exit - MemInfo: [/proc/self/status]	VmRSSPercent: 0.00926088 %
20220314 015952.240 INFO             PET0 PIOc_sync Exit - MemInfo: [malloc] Non-mmapped space allocated:                18370560 Byte
20220314 015952.240 INFO             PET0 PIOc_sync Exit - MemInfo: [malloc] Space allocated in mmapped regions:          3629056 Byte
20220314 015952.240 INFO             PET0 PIOc_sync Exit - MemInfo: [malloc] Maximum total allocated space:                     0 Byte
20220314 015952.240 INFO             PET0 PIOc_sync Exit - MemInfo: [malloc] Space in freed fastbin blocks:                     0 Byte
20220314 015952.240 INFO             PET0 PIOc_sync Exit - MemInfo: [malloc] Total allocated space:                       9886880 Byte
20220314 015952.240 INFO             PET0 PIOc_sync Exit - MemInfo: [malloc] Total free space:                            8483680 Byte
20220314 015952.240 INFO             PET0 PIOc_sync Exit - MemInfo: [malloc] Top-most, releasable space:                   134256 Byte
20220314 015952.240 INFO             PET0 PIOc_sync Exit - MemInfo: [malloc] Total space in use, mmap + non-mmap:        13515936 Byte
20220314 015952.240 INFO             PET0 PIOc_sync Exit - MemInfo: [malloc] Total space held (mmap + non-mmap):         21999616 Byte
20220314 015952.240 INFO             PET0 PIOc_sync Exit - MemInfo: [malloc] Total space used (mmap + non-mmap):         13524144 Byte
20220314 015952.240 INFO             PET0 PIOc_sync Exit - MemInfo: Wall-clock time since execution start:              0.0295279 seconds
20220314 015952.240 INFO             PET0 PIOc_freedecomp Enter - MemInfo: [/proc/meminfo - SSI]	MemTotal:       527077124 kB
20220314 015952.240 INFO             PET0 PIOc_freedecomp Enter - MemInfo: [/proc/meminfo - SSI]	MemFree:        517253536 kB
20220314 015952.240 INFO             PET0 PIOc_freedecomp Enter - MemInfo: [/proc/meminfo - SSI]	MemAvailable:   517711124 kB
20220314 015952.240 INFO             PET0 PIOc_freedecomp Enter - MemInfo: [/proc/meminfo - SSI]	Committed_AS:    1733464 kB
20220314 015952.240 INFO             PET0 PIOc_freedecomp Enter - MemInfo: [/proc/meminfo - SSI]	CommittedPercent: 0.328882 %
20220314 015952.240 INFO             PET0 PIOc_freedecomp Enter - MemInfo: [/proc/self/status]	VmPeak:	  203328 kB
20220314 015952.240 INFO             PET0 PIOc_freedecomp Enter - MemInfo: [/proc/self/status]	VmSize:	  203328 kB
20220314 015952.240 INFO             PET0 PIOc_freedecomp Enter - MemInfo: [/proc/self/status]	VmLck:	       0 kB
20220314 015952.240 INFO             PET0 PIOc_freedecomp Enter - MemInfo: [/proc/self/status]	VmPin:	       0 kB
20220314 015952.240 INFO             PET0 PIOc_freedecomp Enter - MemInfo: [/proc/self/status]	VmHWM:	   48836 kB
20220314 015952.240 INFO             PET0 PIOc_freedecomp Enter - MemInfo: [/proc/self/status]	VmRSS:	   48812 kB
20220314 015952.240 INFO             PET0 PIOc_freedecomp Enter - MemInfo: [/proc/self/status]	VmData:	   25560 kB
20220314 015952.240 INFO             PET0 PIOc_freedecomp Enter - MemInfo: [/proc/self/status]	VmStk:	     156 kB
20220314 015952.240 INFO             PET0 PIOc_freedecomp Enter - MemInfo: [/proc/self/status]	VmExe:	     432 kB
20220314 015952.240 INFO             PET0 PIOc_freedecomp Enter - MemInfo: [/proc/self/status]	VmLib:	  103544 kB
20220314 015952.240 INFO             PET0 PIOc_freedecomp Enter - MemInfo: [/proc/self/status]	VmPTE:	     428 kB
20220314 015952.240 INFO             PET0 PIOc_freedecomp Enter - MemInfo: [/proc/self/status]	VmSwap:	       0 kB
20220314 015952.240 INFO             PET0 PIOc_freedecomp Enter - MemInfo: [/proc/self/status]	VmRSSPercent: 0.00926088 %
20220314 015952.240 INFO             PET0 PIOc_freedecomp Enter - MemInfo: [malloc] Non-mmapped space allocated:                18370560 Byte
20220314 015952.240 INFO             PET0 PIOc_freedecomp Enter - MemInfo: [malloc] Space allocated in mmapped regions:          3629056 Byte
20220314 015952.240 INFO             PET0 PIOc_freedecomp Enter - MemInfo: [malloc] Maximum total allocated space:                     0 Byte
20220314 015952.240 INFO             PET0 PIOc_freedecomp Enter - MemInfo: [malloc] Space in freed fastbin blocks:                   144 Byte
20220314 015952.240 INFO             PET0 PIOc_freedecomp Enter - MemInfo: [malloc] Total allocated space:                        962528 Byte
20220314 015952.240 INFO             PET0 PIOc_freedecomp Enter - MemInfo: [malloc] Total free space:                           17408032 Byte
20220314 015952.240 INFO             PET0 PIOc_freedecomp Enter - MemInfo: [malloc] Top-most, releasable space:                  8522880 Byte
20220314 015952.240 INFO             PET0 PIOc_freedecomp Enter - MemInfo: [malloc] Total space in use, mmap + non-mmap:         4591584 Byte
20220314 015952.240 INFO             PET0 PIOc_freedecomp Enter - MemInfo: [malloc] Total space held (mmap + non-mmap):         21999616 Byte
20220314 015952.240 INFO             PET0 PIOc_freedecomp Enter - MemInfo: [malloc] Total space used (mmap + non-mmap):          4599792 Byte
20220314 015952.240 INFO             PET0 PIOc_freedecomp Enter - MemInfo: Wall-clock time since execution start:              0.0298638 seconds
20220314 015952.240 INFO             PET0 PIOc_freedecomp Exit - MemInfo: [/proc/meminfo - SSI]	MemTotal:       527077124 kB
20220314 015952.240 INFO             PET0 PIOc_freedecomp Exit - MemInfo: [/proc/meminfo - SSI]	MemFree:        517253536 kB
20220314 015952.240 INFO             PET0 PIOc_freedecomp Exit - MemInfo: [/proc/meminfo - SSI]	MemAvailable:   517711124 kB
20220314 015952.240 INFO             PET0 PIOc_freedecomp Exit - MemInfo: [/proc/meminfo - SSI]	Committed_AS:    1733464 kB
20220314 015952.240 INFO             PET0 PIOc_freedecomp Exit - MemInfo: [/proc/meminfo - SSI]	CommittedPercent: 0.328882 %
20220314 015952.240 INFO             PET0 PIOc_freedecomp Exit - MemInfo: [/proc/self/status]	VmPeak:	  203328 kB
20220314 015952.240 INFO             PET0 PIOc_freedecomp Exit - MemInfo: [/proc/self/status]	VmSize:	  203328 kB
20220314 015952.240 INFO             PET0 PIOc_freedecomp Exit - MemInfo: [/proc/self/status]	VmLck:	       0 kB
20220314 015952.240 INFO             PET0 PIOc_freedecomp Exit - MemInfo: [/proc/self/status]	VmPin:	       0 kB
20220314 015952.240 INFO             PET0 PIOc_freedecomp Exit - MemInfo: [/proc/self/status]	VmHWM:	   48836 kB
20220314 015952.240 INFO             PET0 PIOc_freedecomp Exit - MemInfo: [/proc/self/status]	VmRSS:	   48812 kB
20220314 015952.240 INFO             PET0 PIOc_freedecomp Exit - MemInfo: [/proc/self/status]	VmData:	   25560 kB
20220314 015952.240 INFO             PET0 PIOc_freedecomp Exit - MemInfo: [/proc/self/status]	VmStk:	     156 kB
20220314 015952.240 INFO             PET0 PIOc_freedecomp Exit - MemInfo: [/proc/self/status]	VmExe:	     432 kB
20220314 015952.240 INFO             PET0 PIOc_freedecomp Exit - MemInfo: [/proc/self/status]	VmLib:	  103544 kB
20220314 015952.240 INFO             PET0 PIOc_freedecomp Exit - MemInfo: [/proc/self/status]	VmPTE:	     428 kB
20220314 015952.240 INFO             PET0 PIOc_freedecomp Exit - MemInfo: [/proc/self/status]	VmSwap:	       0 kB
20220314 015952.240 INFO             PET0 PIOc_freedecomp Exit - MemInfo: [/proc/self/status]	VmRSSPercent: 0.00926088 %
20220314 015952.240 INFO             PET0 PIOc_freedecomp Exit - MemInfo: [malloc] Non-mmapped space allocated:                18370560 Byte
20220314 015952.240 INFO             PET0 PIOc_freedecomp Exit - MemInfo: [malloc] Space allocated in mmapped regions:          3629056 Byte
20220314 015952.240 INFO             PET0 PIOc_freedecomp Exit - MemInfo: [malloc] Maximum total allocated space:                     0 Byte
20220314 015952.240 INFO             PET0 PIOc_freedecomp Exit - MemInfo: [malloc] Space in freed fastbin blocks:                   784 Byte
20220314 015952.240 INFO             PET0 PIOc_freedecomp Exit - MemInfo: [malloc] Total allocated space:                        959952 Byte
20220314 015952.240 INFO             PET0 PIOc_freedecomp Exit - MemInfo: [malloc] Total free space:                           17410608 Byte
20220314 015952.240 INFO             PET0 PIOc_freedecomp Exit - MemInfo: [malloc] Top-most, releasable space:                  8522880 Byte
20220314 015952.240 INFO             PET0 PIOc_freedecomp Exit - MemInfo: [malloc] Total space in use, mmap + non-mmap:         4589008 Byte
20220314 015952.240 INFO             PET0 PIOc_freedecomp Exit - MemInfo: [malloc] Total space held (mmap + non-mmap):         21999616 Byte
20220314 015952.240 INFO             PET0 PIOc_freedecomp Exit - MemInfo: [malloc] Total space used (mmap + non-mmap):          4597216 Byte
20220314 015952.240 INFO             PET0 PIOc_freedecomp Exit - MemInfo: Wall-clock time since execution start:              0.0300713 seconds
20220314 015952.242 INFO             PET0 PIOc_sync Enter - MemInfo: [/proc/meminfo - SSI]	MemTotal:       527077124 kB
20220314 015952.242 INFO             PET0 PIOc_sync Enter - MemInfo: [/proc/meminfo - SSI]	MemFree:        517253536 kB
20220314 015952.243 INFO             PET0 PIOc_sync Enter - MemInfo: [/proc/meminfo - SSI]	MemAvailable:   517711124 kB
20220314 015952.243 INFO             PET0 PIOc_sync Enter - MemInfo: [/proc/meminfo - SSI]	Committed_AS:    1733464 kB
20220314 015952.243 INFO             PET0 PIOc_sync Enter - MemInfo: [/proc/meminfo - SSI]	CommittedPercent: 0.328882 %
20220314 015952.243 INFO             PET0 PIOc_sync Enter - MemInfo: [/proc/self/status]	VmPeak:	  203328 kB
20220314 015952.243 INFO             PET0 PIOc_sync Enter - MemInfo: [/proc/self/status]	VmSize:	  203328 kB
20220314 015952.243 INFO             PET0 PIOc_sync Enter - MemInfo: [/proc/self/status]	VmLck:	       0 kB
20220314 015952.243 INFO             PET0 PIOc_sync Enter - MemInfo: [/proc/self/status]	VmPin:	       0 kB
20220314 015952.243 INFO             PET0 PIOc_sync Enter - MemInfo: [/proc/self/status]	VmHWM:	   49160 kB
20220314 015952.243 INFO             PET0 PIOc_sync Enter - MemInfo: [/proc/self/status]	VmRSS:	   49136 kB
20220314 015952.243 INFO             PET0 PIOc_sync Enter - MemInfo: [/proc/self/status]	VmData:	   25560 kB
20220314 015952.243 INFO             PET0 PIOc_sync Enter - MemInfo: [/proc/self/status]	VmStk:	     156 kB
20220314 015952.243 INFO             PET0 PIOc_sync Enter - MemInfo: [/proc/self/status]	VmExe:	     432 kB
20220314 015952.243 INFO             PET0 PIOc_sync Enter - MemInfo: [/proc/self/status]	VmLib:	  103544 kB
20220314 015952.243 INFO             PET0 PIOc_sync Enter - MemInfo: [/proc/self/status]	VmPTE:	     428 kB
20220314 015952.243 INFO             PET0 PIOc_sync Enter - MemInfo: [/proc/self/status]	VmSwap:	       0 kB
20220314 015952.243 INFO             PET0 PIOc_sync Enter - MemInfo: [/proc/self/status]	VmRSSPercent: 0.00932235 %
20220314 015952.243 INFO             PET0 PIOc_sync Enter - MemInfo: [malloc] Non-mmapped space allocated:                18370560 Byte
20220314 015952.243 INFO             PET0 PIOc_sync Enter - MemInfo: [malloc] Space allocated in mmapped regions:          3629056 Byte
20220314 015952.243 INFO             PET0 PIOc_sync Enter - MemInfo: [malloc] Maximum total allocated space:                     0 Byte
20220314 015952.243 INFO             PET0 PIOc_sync Enter - MemInfo: [malloc] Space in freed fastbin blocks:                     0 Byte
20220314 015952.243 INFO             PET0 PIOc_sync Enter - MemInfo: [malloc] Total allocated space:                       9892000 Byte
20220314 015952.243 INFO             PET0 PIOc_sync Enter - MemInfo: [malloc] Total free space:                            8478560 Byte
20220314 015952.243 INFO             PET0 PIOc_sync Enter - MemInfo: [malloc] Top-most, releasable space:                   134256 Byte
20220314 015952.243 INFO             PET0 PIOc_sync Enter - MemInfo: [malloc] Total space in use, mmap + non-mmap:        13521056 Byte
20220314 015952.243 INFO             PET0 PIOc_sync Enter - MemInfo: [malloc] Total space held (mmap + non-mmap):         21999616 Byte
20220314 015952.243 INFO             PET0 PIOc_sync Enter - MemInfo: [malloc] Total space used (mmap + non-mmap):         13529264 Byte
20220314 015952.243 INFO             PET0 PIOc_sync Enter - MemInfo: Wall-clock time since execution start:              0.0323422 seconds
20220314 015952.243 INFO             PET0 PIOc_sync Exit - MemInfo: [/proc/meminfo - SSI]	MemTotal:       527077124 kB
20220314 015952.243 INFO             PET0 PIOc_sync Exit - MemInfo: [/proc/meminfo - SSI]	MemFree:        517253536 kB
20220314 015952.243 INFO             PET0 PIOc_sync Exit - MemInfo: [/proc/meminfo - SSI]	MemAvailable:   517711124 kB
20220314 015952.243 INFO             PET0 PIOc_sync Exit - MemInfo: [/proc/meminfo - SSI]	Committed_AS:    1733464 kB
20220314 015952.243 INFO             PET0 PIOc_sync Exit - MemInfo: [/proc/meminfo - SSI]	CommittedPercent: 0.328882 %
20220314 015952.243 INFO             PET0 PIOc_sync Exit - MemInfo: [/proc/self/status]	VmPeak:	  203328 kB
20220314 015952.243 INFO             PET0 PIOc_sync Exit - MemInfo: [/proc/self/status]	VmSize:	  203328 kB
20220314 015952.243 INFO             PET0 PIOc_sync Exit - MemInfo: [/proc/self/status]	VmLck:	       0 kB
20220314 015952.243 INFO             PET0 PIOc_sync Exit - MemInfo: [/proc/self/status]	VmPin:	       0 kB
20220314 015952.243 INFO             PET0 PIOc_sync Exit - MemInfo: [/proc/self/status]	VmHWM:	   49160 kB
20220314 015952.243 INFO             PET0 PIOc_sync Exit - MemInfo: [/proc/self/status]	VmRSS:	   49136 kB
20220314 015952.243 INFO             PET0 PIOc_sync Exit - MemInfo: [/proc/self/status]	VmData:	   25560 kB
20220314 015952.243 INFO             PET0 PIOc_sync Exit - MemInfo: [/proc/self/status]	VmStk:	     156 kB
20220314 015952.243 INFO             PET0 PIOc_sync Exit - MemInfo: [/proc/self/status]	VmExe:	     432 kB
20220314 015952.243 INFO             PET0 PIOc_sync Exit - MemInfo: [/proc/self/status]	VmLib:	  103544 kB
20220314 015952.243 INFO             PET0 PIOc_sync Exit - MemInfo: [/proc/self/status]	VmPTE:	     428 kB
20220314 015952.243 INFO             PET0 PIOc_sync Exit - MemInfo: [/proc/self/status]	VmSwap:	       0 kB
20220314 015952.243 INFO             PET0 PIOc_sync Exit - MemInfo: [/proc/self/status]	VmRSSPercent: 0.00932235 %
20220314 015952.243 INFO             PET0 PIOc_sync Exit - MemInfo: [malloc] Non-mmapped space allocated:                18370560 Byte
20220314 015952.243 INFO             PET0 PIOc_sync Exit - MemInfo: [malloc] Space allocated in mmapped regions:          3629056 Byte
20220314 015952.243 INFO             PET0 PIOc_sync Exit - MemInfo: [malloc] Maximum total allocated space:                     0 Byte
20220314 015952.243 INFO             PET0 PIOc_sync Exit - MemInfo: [malloc] Space in freed fastbin blocks:                     0 Byte
20220314 015952.243 INFO             PET0 PIOc_sync Exit - MemInfo: [malloc] Total allocated space:                       9892608 Byte
20220314 015952.243 INFO             PET0 PIOc_sync Exit - MemInfo: [malloc] Total free space:                            8477952 Byte
20220314 015952.243 INFO             PET0 PIOc_sync Exit - MemInfo: [malloc] Top-most, releasable space:                   134256 Byte
20220314 015952.243 INFO             PET0 PIOc_sync Exit - MemInfo: [malloc] Total space in use, mmap + non-mmap:        13521664 Byte
20220314 015952.243 INFO             PET0 PIOc_sync Exit - MemInfo: [malloc] Total space held (mmap + non-mmap):         21999616 Byte
20220314 015952.243 INFO             PET0 PIOc_sync Exit - MemInfo: [malloc] Total space used (mmap + non-mmap):         13529872 Byte
20220314 015952.243 INFO             PET0 PIOc_sync Exit - MemInfo: Wall-clock time since execution start:              0.0326137 seconds
20220314 015952.243 INFO             PET0 PIOc_freedecomp Enter - MemInfo: [/proc/meminfo - SSI]	MemTotal:       527077124 kB
20220314 015952.243 INFO             PET0 PIOc_freedecomp Enter - MemInfo: [/proc/meminfo - SSI]	MemFree:        517253536 kB
20220314 015952.243 INFO             PET0 PIOc_freedecomp Enter - MemInfo: [/proc/meminfo - SSI]	MemAvailable:   517711124 kB
20220314 015952.243 INFO             PET0 PIOc_freedecomp Enter - MemInfo: [/proc/meminfo - SSI]	Committed_AS:    1733464 kB
20220314 015952.243 INFO             PET0 PIOc_freedecomp Enter - MemInfo: [/proc/meminfo - SSI]	CommittedPercent: 0.328882 %
20220314 015952.243 INFO             PET0 PIOc_freedecomp Enter - MemInfo: [/proc/self/status]	VmPeak:	  203328 kB
20220314 015952.243 INFO             PET0 PIOc_freedecomp Enter - MemInfo: [/proc/self/status]	VmSize:	  203328 kB
20220314 015952.243 INFO             PET0 PIOc_freedecomp Enter - MemInfo: [/proc/self/status]	VmLck:	       0 kB
20220314 015952.243 INFO             PET0 PIOc_freedecomp Enter - MemInfo: [/proc/self/status]	VmPin:	       0 kB
20220314 015952.243 INFO             PET0 PIOc_freedecomp Enter - MemInfo: [/proc/self/status]	VmHWM:	   49160 kB
20220314 015952.243 INFO             PET0 PIOc_freedecomp Enter - MemInfo: [/proc/self/status]	VmRSS:	   49136 kB
20220314 015952.243 INFO             PET0 PIOc_freedecomp Enter - MemInfo: [/proc/self/status]	VmData:	   25560 kB
20220314 015952.243 INFO             PET0 PIOc_freedecomp Enter - MemInfo: [/proc/self/status]	VmStk:	     156 kB
20220314 015952.243 INFO             PET0 PIOc_freedecomp Enter - MemInfo: [/proc/self/status]	VmExe:	     432 kB
20220314 015952.243 INFO             PET0 PIOc_freedecomp Enter - MemInfo: [/proc/self/status]	VmLib:	  103544 kB
20220314 015952.243 INFO             PET0 PIOc_freedecomp Enter - MemInfo: [/proc/self/status]	VmPTE:	     428 kB
20220314 015952.243 INFO             PET0 PIOc_freedecomp Enter - MemInfo: [/proc/self/status]	VmSwap:	       0 kB
20220314 015952.243 INFO             PET0 PIOc_freedecomp Enter - MemInfo: [/proc/self/status]	VmRSSPercent: 0.00932235 %
20220314 015952.243 INFO             PET0 PIOc_freedecomp Enter - MemInfo: [malloc] Non-mmapped space allocated:                18370560 Byte
20220314 015952.243 INFO             PET0 PIOc_freedecomp Enter - MemInfo: [malloc] Space allocated in mmapped regions:          3629056 Byte
