build time -- 2022-03-14 01:49:52
20220314 020034.691 INFO             PET0 !!!!!!!!!!!!!!!!!!!!!!!!!!!!!!!!!!!!!!!!!!!!!!!!!!!!!!
20220314 020034.691 INFO             PET0 !!! THE ESMF_LOG IS SET TO OUTPUT ALL LOG MESSAGES !!!
20220314 020034.691 INFO             PET0 !!!     THIS MAY CAUSE SLOWDOWN IN PERFORMANCE     !!!
20220314 020034.691 INFO             PET0 !!! FOR PRODUCTION RUNS, USE:                      !!!
20220314 020034.691 INFO             PET0 !!!                   ESMF_LOGKIND_Multi_On_Error  !!!
20220314 020034.691 INFO             PET0 !!!!!!!!!!!!!!!!!!!!!!!!!!!!!!!!!!!!!!!!!!!!!!!!!!!!!!
20220314 020034.691 INFO             PET0 Running with ESMF Version   : v8.3.0b09-96-g559b459836
20220314 020034.691 INFO             PET0 ESMF library build date/time: "Mar 14 2022" "01:48:51"
20220314 020034.691 INFO             PET0 ESMF library build location : /lfs/h1/emc/ptmp/Mark.Potts/gfortran_10.3.0_mpich3_g_jedwards_pio_update2
20220314 020034.691 INFO             PET0 ESMF_COMM                   : mpich3
20220314 020034.691 INFO             PET0 ESMF_MOAB                   : enabled
20220314 020034.691 INFO             PET0 ESMF_LAPACK                 : enabled
20220314 020034.691 INFO             PET0 ESMF_NETCDF                 : enabled
20220314 020034.691 INFO             PET0 ESMF_PNETCDF                : disabled
20220314 020034.691 INFO             PET0 ESMF_PIO                    : enabled
20220314 020034.691 INFO             PET0 ESMF_YAMLCPP                : enabled
20220314 020034.691 INFO             PET0  Beginning Test, file ESMF_FieldSMMFromFileUTest.F90, line 287
20220314 020034.691 INFO             PET0  NUMBER_OF_PROCESSORS           4
20220314 020035.203 INFO             PET0  PASS  ESMF_FieldSMMFromFile Unit Test, ESMF_FieldSMMFromFileUTest.F90, line 300
20220314 020035.215 INFO             PET0 PIOc_sync Enter - MemInfo: [/proc/meminfo - SSI]	MemTotal:       527077124 kB
20220314 020035.215 INFO             PET0 PIOc_sync Enter - MemInfo: [/proc/meminfo - SSI]	MemFree:        517149460 kB
20220314 020035.215 INFO             PET0 PIOc_sync Enter - MemInfo: [/proc/meminfo - SSI]	MemAvailable:   517633304 kB
20220314 020035.215 INFO             PET0 PIOc_sync Enter - MemInfo: [/proc/meminfo - SSI]	Committed_AS:    1837380 kB
20220314 020035.215 INFO             PET0 PIOc_sync Enter - MemInfo: [/proc/meminfo - SSI]	CommittedPercent: 0.348598 %
20220314 020035.215 INFO             PET0 PIOc_sync Enter - MemInfo: [/proc/self/status]	VmPeak:	  230092 kB
20220314 020035.215 INFO             PET0 PIOc_sync Enter - MemInfo: [/proc/self/status]	VmSize:	  230092 kB
20220314 020035.215 INFO             PET0 PIOc_sync Enter - MemInfo: [/proc/self/status]	VmLck:	       0 kB
20220314 020035.215 INFO             PET0 PIOc_sync Enter - MemInfo: [/proc/self/status]	VmPin:	       0 kB
20220314 020035.215 INFO             PET0 PIOc_sync Enter - MemInfo: [/proc/self/status]	VmHWM:	   77000 kB
20220314 020035.215 INFO             PET0 PIOc_sync Enter - MemInfo: [/proc/self/status]	VmRSS:	   77000 kB
20220314 020035.215 INFO             PET0 PIOc_sync Enter - MemInfo: [/proc/self/status]	VmData:	   52424 kB
20220314 020035.215 INFO             PET0 PIOc_sync Enter - MemInfo: [/proc/self/status]	VmStk:	     156 kB
20220314 020035.215 INFO             PET0 PIOc_sync Enter - MemInfo: [/proc/self/status]	VmExe:	     332 kB
20220314 020035.215 INFO             PET0 PIOc_sync Enter - MemInfo: [/proc/self/status]	VmLib:	  103544 kB
20220314 020035.215 INFO             PET0 PIOc_sync Enter - MemInfo: [/proc/self/status]	VmPTE:	     460 kB
20220314 020035.215 INFO             PET0 PIOc_sync Enter - MemInfo: [/proc/self/status]	VmSwap:	       0 kB
20220314 020035.215 INFO             PET0 PIOc_sync Enter - MemInfo: [/proc/self/status]	VmRSSPercent: 0.0146089 %
20220314 020035.215 INFO             PET0 PIOc_sync Enter - MemInfo: [malloc] Non-mmapped space allocated:                46964736 Byte
20220314 020035.215 INFO             PET0 PIOc_sync Enter - MemInfo: [malloc] Space allocated in mmapped regions:          2547712 Byte
20220314 020035.215 INFO             PET0 PIOc_sync Enter - MemInfo: [malloc] Maximum total allocated space:                     0 Byte
20220314 020035.215 INFO             PET0 PIOc_sync Enter - MemInfo: [malloc] Space in freed fastbin blocks:                    48 Byte
20220314 020035.215 INFO             PET0 PIOc_sync Enter - MemInfo: [malloc] Total allocated space:                      36318944 Byte
20220314 020035.215 INFO             PET0 PIOc_sync Enter - MemInfo: [malloc] Total free space:                           10645792 Byte
20220314 020035.215 INFO             PET0 PIOc_sync Enter - MemInfo: [malloc] Top-most, releasable space:                   132128 Byte
20220314 020035.215 INFO             PET0 PIOc_sync Enter - MemInfo: [malloc] Total space in use, mmap + non-mmap:        38866656 Byte
20220314 020035.215 INFO             PET0 PIOc_sync Enter - MemInfo: [malloc] Total space held (mmap + non-mmap):         49512448 Byte
20220314 020035.215 INFO             PET0 PIOc_sync Enter - MemInfo: [malloc] Total space used (mmap + non-mmap):         38875392 Byte
20220314 020035.215 INFO             PET0 PIOc_sync Enter - MemInfo: Wall-clock time since execution start:               0.525987 seconds
20220314 020035.215 INFO             PET0 PIOc_sync Exit - MemInfo: [/proc/meminfo - SSI]	MemTotal:       527077124 kB
20220314 020035.215 INFO             PET0 PIOc_sync Exit - MemInfo: [/proc/meminfo - SSI]	MemFree:        517149460 kB
20220314 020035.215 INFO             PET0 PIOc_sync Exit - MemInfo: [/proc/meminfo - SSI]	MemAvailable:   517633304 kB
20220314 020035.215 INFO             PET0 PIOc_sync Exit - MemInfo: [/proc/meminfo - SSI]	Committed_AS:    1837380 kB
20220314 020035.215 INFO             PET0 PIOc_sync Exit - MemInfo: [/proc/meminfo - SSI]	CommittedPercent: 0.348598 %
20220314 020035.215 INFO             PET0 PIOc_sync Exit - MemInfo: [/proc/self/status]	VmPeak:	  230092 kB
20220314 020035.215 INFO             PET0 PIOc_sync Exit - MemInfo: [/proc/self/status]	VmSize:	  230092 kB
20220314 020035.215 INFO             PET0 PIOc_sync Exit - MemInfo: [/proc/self/status]	VmLck:	       0 kB
20220314 020035.215 INFO             PET0 PIOc_sync Exit - MemInfo: [/proc/self/status]	VmPin:	       0 kB
20220314 020035.215 INFO             PET0 PIOc_sync Exit - MemInfo: [/proc/self/status]	VmHWM:	   77000 kB
20220314 020035.215 INFO             PET0 PIOc_sync Exit - MemInfo: [/proc/self/status]	VmRSS:	   77000 kB
20220314 020035.215 INFO             PET0 PIOc_sync Exit - MemInfo: [/proc/self/status]	VmData:	   52424 kB
20220314 020035.215 INFO             PET0 PIOc_sync Exit - MemInfo: [/proc/self/status]	VmStk:	     156 kB
20220314 020035.215 INFO             PET0 PIOc_sync Exit - MemInfo: [/proc/self/status]	VmExe:	     332 kB
20220314 020035.215 INFO             PET0 PIOc_sync Exit - MemInfo: [/proc/self/status]	VmLib:	  103544 kB
20220314 020035.215 INFO             PET0 PIOc_sync Exit - MemInfo: [/proc/self/status]	VmPTE:	     460 kB
20220314 020035.215 INFO             PET0 PIOc_sync Exit - MemInfo: [/proc/self/status]	VmSwap:	       0 kB
20220314 020035.215 INFO             PET0 PIOc_sync Exit - MemInfo: [/proc/self/status]	VmRSSPercent: 0.0146089 %
20220314 020035.215 INFO             PET0 PIOc_sync Exit - MemInfo: [malloc] Non-mmapped space allocated:                46964736 Byte
20220314 020035.215 INFO             PET0 PIOc_sync Exit - MemInfo: [malloc] Space allocated in mmapped regions:          2547712 Byte
20220314 020035.215 INFO             PET0 PIOc_sync Exit - MemInfo: [malloc] Maximum total allocated space:                     0 Byte
20220314 020035.215 INFO             PET0 PIOc_sync Exit - MemInfo: [malloc] Space in freed fastbin blocks:                     0 Byte
20220314 020035.215 INFO             PET0 PIOc_sync Exit - MemInfo: [malloc] Total allocated space:                      36672784 Byte
20220314 020035.215 INFO             PET0 PIOc_sync Exit - MemInfo: [malloc] Total free space:                           10291952 Byte
20220314 020035.215 INFO             PET0 PIOc_sync Exit - MemInfo: [malloc] Top-most, releasable space:                   132128 Byte
20220314 020035.215 INFO             PET0 PIOc_sync Exit - MemInfo: [malloc] Total space in use, mmap + non-mmap:        39220496 Byte
20220314 020035.215 INFO             PET0 PIOc_sync Exit - MemInfo: [malloc] Total space held (mmap + non-mmap):         49512448 Byte
20220314 020035.215 INFO             PET0 PIOc_sync Exit - MemInfo: [malloc] Total space used (mmap + non-mmap):         39228704 Byte
20220314 020035.215 INFO             PET0 PIOc_sync Exit - MemInfo: Wall-clock time since execution start:               0.526313 seconds
20220314 020035.215 INFO             PET0 PIOc_freedecomp Enter - MemInfo: [/proc/meminfo - SSI]	MemTotal:       527077124 kB
20220314 020035.215 INFO             PET0 PIOc_freedecomp Enter - MemInfo: [/proc/meminfo - SSI]	MemFree:        517149460 kB
20220314 020035.215 INFO             PET0 PIOc_freedecomp Enter - MemInfo: [/proc/meminfo - SSI]	MemAvailable:   517633304 kB
20220314 020035.215 INFO             PET0 PIOc_freedecomp Enter - MemInfo: [/proc/meminfo - SSI]	Committed_AS:    1837380 kB
20220314 020035.215 INFO             PET0 PIOc_freedecomp Enter - MemInfo: [/proc/meminfo - SSI]	CommittedPercent: 0.348598 %
20220314 020035.215 INFO             PET0 PIOc_freedecomp Enter - MemInfo: [/proc/self/status]	VmPeak:	  230092 kB
20220314 020035.215 INFO             PET0 PIOc_freedecomp Enter - MemInfo: [/proc/self/status]	VmSize:	  230092 kB
20220314 020035.215 INFO             PET0 PIOc_freedecomp Enter - MemInfo: [/proc/self/status]	VmLck:	       0 kB
20220314 020035.215 INFO             PET0 PIOc_freedecomp Enter - MemInfo: [/proc/self/status]	VmPin:	       0 kB
20220314 020035.215 INFO             PET0 PIOc_freedecomp Enter - MemInfo: [/proc/self/status]	VmHWM:	   77000 kB
20220314 020035.216 INFO             PET0 PIOc_freedecomp Enter - MemInfo: [/proc/self/status]	VmRSS:	   77000 kB
20220314 020035.216 INFO             PET0 PIOc_freedecomp Enter - MemInfo: [/proc/self/status]	VmData:	   52424 kB
20220314 020035.216 INFO             PET0 PIOc_freedecomp Enter - MemInfo: [/proc/self/status]	VmStk:	     156 kB
20220314 020035.216 INFO             PET0 PIOc_freedecomp Enter - MemInfo: [/proc/self/status]	VmExe:	     332 kB
20220314 020035.216 INFO             PET0 PIOc_freedecomp Enter - MemInfo: [/proc/self/status]	VmLib:	  103544 kB
20220314 020035.216 INFO             PET0 PIOc_freedecomp Enter - MemInfo: [/proc/self/status]	VmPTE:	     460 kB
20220314 020035.216 INFO             PET0 PIOc_freedecomp Enter - MemInfo: [/proc/self/status]	VmSwap:	       0 kB
20220314 020035.216 INFO             PET0 PIOc_freedecomp Enter - MemInfo: [/proc/self/status]	VmRSSPercent: 0.0146089 %
20220314 020035.216 INFO             PET0 PIOc_freedecomp Enter - MemInfo: [malloc] Non-mmapped space allocated:                46964736 Byte
20220314 020035.216 INFO             PET0 PIOc_freedecomp Enter - MemInfo: [malloc] Space allocated in mmapped regions:          2547712 Byte
20220314 020035.216 INFO             PET0 PIOc_freedecomp Enter - MemInfo: [malloc] Maximum total allocated space:                     0 Byte
20220314 020035.216 INFO             PET0 PIOc_freedecomp Enter - MemInfo: [malloc] Space in freed fastbin blocks:                   624 Byte
20220314 020035.216 INFO             PET0 PIOc_freedecomp Enter - MemInfo: [malloc] Total allocated space:                      28272976 Byte
20220314 020035.216 INFO             PET0 PIOc_freedecomp Enter - MemInfo: [malloc] Total free space:                           18691760 Byte
20220314 020035.216 INFO             PET0 PIOc_freedecomp Enter - MemInfo: [malloc] Top-most, releasable space:                  8520752 Byte
20220314 020035.216 INFO             PET0 PIOc_freedecomp Enter - MemInfo: [malloc] Total space in use, mmap + non-mmap:        30820688 Byte
20220314 020035.216 INFO             PET0 PIOc_freedecomp Enter - MemInfo: [malloc] Total space held (mmap + non-mmap):         49512448 Byte
20220314 020035.216 INFO             PET0 PIOc_freedecomp Enter - MemInfo: [malloc] Total space used (mmap + non-mmap):         30828896 Byte
20220314 020035.216 INFO             PET0 PIOc_freedecomp Enter - MemInfo: Wall-clock time since execution start:               0.526679 seconds
20220314 020035.216 INFO             PET0 PIOc_freedecomp Exit - MemInfo: [/proc/meminfo - SSI]	MemTotal:       527077124 kB
20220314 020035.216 INFO             PET0 PIOc_freedecomp Exit - MemInfo: [/proc/meminfo - SSI]	MemFree:        517149460 kB
20220314 020035.216 INFO             PET0 PIOc_freedecomp Exit - MemInfo: [/proc/meminfo - SSI]	MemAvailable:   517633304 kB
20220314 020035.216 INFO             PET0 PIOc_freedecomp Exit - MemInfo: [/proc/meminfo - SSI]	Committed_AS:    1837380 kB
20220314 020035.216 INFO             PET0 PIOc_freedecomp Exit - MemInfo: [/proc/meminfo - SSI]	CommittedPercent: 0.348598 %
20220314 020035.216 INFO             PET0 PIOc_freedecomp Exit - MemInfo: [/proc/self/status]	VmPeak:	  230092 kB
20220314 020035.216 INFO             PET0 PIOc_freedecomp Exit - MemInfo: [/proc/self/status]	VmSize:	  230092 kB
20220314 020035.216 INFO             PET0 PIOc_freedecomp Exit - MemInfo: [/proc/self/status]	VmLck:	       0 kB
20220314 020035.216 INFO             PET0 PIOc_freedecomp Exit - MemInfo: [/proc/self/status]	VmPin:	       0 kB
20220314 020035.216 INFO             PET0 PIOc_freedecomp Exit - MemInfo: [/proc/self/status]	VmHWM:	   77000 kB
20220314 020035.216 INFO             PET0 PIOc_freedecomp Exit - MemInfo: [/proc/self/status]	VmRSS:	   77000 kB
20220314 020035.216 INFO             PET0 PIOc_freedecomp Exit - MemInfo: [/proc/self/status]	VmData:	   52424 kB
20220314 020035.216 INFO             PET0 PIOc_freedecomp Exit - MemInfo: [/proc/self/status]	VmStk:	     156 kB
20220314 020035.216 INFO             PET0 PIOc_freedecomp Exit - MemInfo: [/proc/self/status]	VmExe:	     332 kB
20220314 020035.216 INFO             PET0 PIOc_freedecomp Exit - MemInfo: [/proc/self/status]	VmLib:	  103544 kB
20220314 020035.216 INFO             PET0 PIOc_freedecomp Exit - MemInfo: [/proc/self/status]	VmPTE:	     460 kB
20220314 020035.216 INFO             PET0 PIOc_freedecomp Exit - MemInfo: [/proc/self/status]	VmSwap:	       0 kB
20220314 020035.216 INFO             PET0 PIOc_freedecomp Exit - MemInfo: [/proc/self/status]	VmRSSPercent: 0.0146089 %
20220314 020035.216 INFO             PET0 PIOc_freedecomp Exit - MemInfo: [malloc] Non-mmapped space allocated:                46964736 Byte
20220314 020035.216 INFO             PET0 PIOc_freedecomp Exit - MemInfo: [malloc] Space allocated in mmapped regions:          2547712 Byte
20220314 020035.216 INFO             PET0 PIOc_freedecomp Exit - MemInfo: [malloc] Maximum total allocated space:                     0 Byte
20220314 020035.216 INFO             PET0 PIOc_freedecomp Exit - MemInfo: [malloc] Space in freed fastbin blocks:                   928 Byte
20220314 020035.216 INFO             PET0 PIOc_freedecomp Exit - MemInfo: [malloc] Total allocated space:                      28269152 Byte
20220314 020035.216 INFO             PET0 PIOc_freedecomp Exit - MemInfo: [malloc] Total free space:                           18695584 Byte
20220314 020035.216 INFO             PET0 PIOc_freedecomp Exit - MemInfo: [malloc] Top-most, releasable space:                  8520752 Byte
20220314 020035.216 INFO             PET0 PIOc_freedecomp Exit - MemInfo: [malloc] Total space in use, mmap + non-mmap:        30816864 Byte
20220314 020035.216 INFO             PET0 PIOc_freedecomp Exit - MemInfo: [malloc] Total space held (mmap + non-mmap):         49512448 Byte
20220314 020035.216 INFO             PET0 PIOc_freedecomp Exit - MemInfo: [malloc] Total space used (mmap + non-mmap):         30825072 Byte
20220314 020035.216 INFO             PET0 PIOc_freedecomp Exit - MemInfo: Wall-clock time since execution start:                0.52687 seconds
20220314 020035.217 INFO             PET0 PIOc_sync Enter - MemInfo: [/proc/meminfo - SSI]	MemTotal:       527077124 kB
20220314 020035.217 INFO             PET0 PIOc_sync Enter - MemInfo: [/proc/meminfo - SSI]	MemFree:        517149460 kB
20220314 020035.217 INFO             PET0 PIOc_sync Enter - MemInfo: [/proc/meminfo - SSI]	MemAvailable:   517633304 kB
20220314 020035.217 INFO             PET0 PIOc_sync Enter - MemInfo: [/proc/meminfo - SSI]	Committed_AS:    1837380 kB
20220314 020035.217 INFO             PET0 PIOc_sync Enter - MemInfo: [/proc/meminfo - SSI]	CommittedPercent: 0.348598 %
20220314 020035.217 INFO             PET0 PIOc_sync Enter - MemInfo: [/proc/self/status]	VmPeak:	  230092 kB
20220314 020035.217 INFO             PET0 PIOc_sync Enter - MemInfo: [/proc/self/status]	VmSize:	  230092 kB
20220314 020035.217 INFO             PET0 PIOc_sync Enter - MemInfo: [/proc/self/status]	VmLck:	       0 kB
20220314 020035.217 INFO             PET0 PIOc_sync Enter - MemInfo: [/proc/self/status]	VmPin:	       0 kB
20220314 020035.217 INFO             PET0 PIOc_sync Enter - MemInfo: [/proc/self/status]	VmHWM:	   77196 kB
20220314 020035.217 INFO             PET0 PIOc_sync Enter - MemInfo: [/proc/self/status]	VmRSS:	   77172 kB
20220314 020035.217 INFO             PET0 PIOc_sync Enter - MemInfo: [/proc/self/status]	VmData:	   52424 kB
20220314 020035.217 INFO             PET0 PIOc_sync Enter - MemInfo: [/proc/self/status]	VmStk:	     156 kB
20220314 020035.217 INFO             PET0 PIOc_sync Enter - MemInfo: [/proc/self/status]	VmExe:	     332 kB
20220314 020035.217 INFO             PET0 PIOc_sync Enter - MemInfo: [/proc/self/status]	VmLib:	  103544 kB
20220314 020035.217 INFO             PET0 PIOc_sync Enter - MemInfo: [/proc/self/status]	VmPTE:	     460 kB
20220314 020035.217 INFO             PET0 PIOc_sync Enter - MemInfo: [/proc/self/status]	VmSwap:	       0 kB
20220314 020035.217 INFO             PET0 PIOc_sync Enter - MemInfo: [/proc/self/status]	VmRSSPercent: 0.0146415 %
20220314 020035.217 INFO             PET0 PIOc_sync Enter - MemInfo: [malloc] Non-mmapped space allocated:                46964736 Byte
20220314 020035.217 INFO             PET0 PIOc_sync Enter - MemInfo: [malloc] Space allocated in mmapped regions:          2547712 Byte
20220314 020035.217 INFO             PET0 PIOc_sync Enter - MemInfo: [malloc] Maximum total allocated space:                     0 Byte
20220314 020035.217 INFO             PET0 PIOc_sync Enter - MemInfo: [malloc] Space in freed fastbin blocks:                   112 Byte
20220314 020035.218 INFO             PET0 PIOc_sync Enter - MemInfo: [malloc] Total allocated space:                      36673552 Byte
20220314 020035.218 INFO             PET0 PIOc_sync Enter - MemInfo: [malloc] Total free space:                           10291184 Byte
20220314 020035.218 INFO             PET0 PIOc_sync Enter - MemInfo: [malloc] Top-most, releasable space:                   132128 Byte
20220314 020035.218 INFO             PET0 PIOc_sync Enter - MemInfo: [malloc] Total space in use, mmap + non-mmap:        39221264 Byte
20220314 020035.218 INFO             PET0 PIOc_sync Enter - MemInfo: [malloc] Total space held (mmap + non-mmap):         49512448 Byte
20220314 020035.218 INFO             PET0 PIOc_sync Enter - MemInfo: [malloc] Total space used (mmap + non-mmap):         39229472 Byte
20220314 020035.218 INFO             PET0 PIOc_sync Enter - MemInfo: Wall-clock time since execution start:               0.528591 seconds
20220314 020035.218 INFO             PET0 PIOc_sync Exit - MemInfo: [/proc/meminfo - SSI]	MemTotal:       527077124 kB
20220314 020035.218 INFO             PET0 PIOc_sync Exit - MemInfo: [/proc/meminfo - SSI]	MemFree:        517149460 kB
20220314 020035.218 INFO             PET0 PIOc_sync Exit - MemInfo: [/proc/meminfo - SSI]	MemAvailable:   517633304 kB
20220314 020035.218 INFO             PET0 PIOc_sync Exit - MemInfo: [/proc/meminfo - SSI]	Committed_AS:    1837380 kB
20220314 020035.218 INFO             PET0 PIOc_sync Exit - MemInfo: [/proc/meminfo - SSI]	CommittedPercent: 0.348598 %
20220314 020035.218 INFO             PET0 PIOc_sync Exit - MemInfo: [/proc/self/status]	VmPeak:	  230092 kB
20220314 020035.218 INFO             PET0 PIOc_sync Exit - MemInfo: [/proc/self/status]	VmSize:	  230092 kB
20220314 020035.218 INFO             PET0 PIOc_sync Exit - MemInfo: [/proc/self/status]	VmLck:	       0 kB
20220314 020035.218 INFO             PET0 PIOc_sync Exit - MemInfo: [/proc/self/status]	VmPin:	       0 kB
20220314 020035.218 INFO             PET0 PIOc_sync Exit - MemInfo: [/proc/self/status]	VmHWM:	   77196 kB
20220314 020035.218 INFO             PET0 PIOc_sync Exit - MemInfo: [/proc/self/status]	VmRSS:	   77172 kB
20220314 020035.218 INFO             PET0 PIOc_sync Exit - MemInfo: [/proc/self/status]	VmData:	   52424 kB
20220314 020035.218 INFO             PET0 PIOc_sync Exit - MemInfo: [/proc/self/status]	VmStk:	     156 kB
20220314 020035.218 INFO             PET0 PIOc_sync Exit - MemInfo: [/proc/self/status]	VmExe:	     332 kB
20220314 020035.218 INFO             PET0 PIOc_sync Exit - MemInfo: [/proc/self/status]	VmLib:	  103544 kB
20220314 020035.218 INFO             PET0 PIOc_sync Exit - MemInfo: [/proc/self/status]	VmPTE:	     460 kB
20220314 020035.218 INFO             PET0 PIOc_sync Exit - MemInfo: [/proc/self/status]	VmSwap:	       0 kB
20220314 020035.218 INFO             PET0 PIOc_sync Exit - MemInfo: [/proc/self/status]	VmRSSPercent: 0.0146415 %
20220314 020035.218 INFO             PET0 PIOc_sync Exit - MemInfo: [malloc] Non-mmapped space allocated:                46964736 Byte
20220314 020035.218 INFO             PET0 PIOc_sync Exit - MemInfo: [malloc] Space allocated in mmapped regions:          2547712 Byte
20220314 020035.218 INFO             PET0 PIOc_sync Exit - MemInfo: [malloc] Maximum total allocated space:                     0 Byte
20220314 020035.218 INFO             PET0 PIOc_sync Exit - MemInfo: [malloc] Space in freed fastbin blocks:                     0 Byte
20220314 020035.218 INFO             PET0 PIOc_sync Exit - MemInfo: [malloc] Total allocated space:                      36674128 Byte
20220314 020035.218 INFO             PET0 PIOc_sync Exit - MemInfo: [malloc] Total free space:                           10290608 Byte
20220314 020035.218 INFO             PET0 PIOc_sync Exit - MemInfo: [malloc] Top-most, releasable space:                   132128 Byte
20220314 020035.218 INFO             PET0 PIOc_sync Exit - MemInfo: [malloc] Total space in use, mmap + non-mmap:        39221840 Byte
20220314 020035.218 INFO             PET0 PIOc_sync Exit - MemInfo: [malloc] Total space held (mmap + non-mmap):         49512448 Byte
20220314 020035.218 INFO             PET0 PIOc_sync Exit - MemInfo: [malloc] Total space used (mmap + non-mmap):         39230048 Byte
20220314 020035.218 INFO             PET0 PIOc_sync Exit - MemInfo: Wall-clock time since execution start:               0.528858 seconds
20220314 020035.218 INFO             PET0 PIOc_freedecomp Enter - MemInfo: [/proc/meminfo - SSI]	MemTotal:       527077124 kB
20220314 020035.218 INFO             PET0 PIOc_freedecomp Enter - MemInfo: [/proc/meminfo - SSI]	MemFree:        517149460 kB
20220314 020035.218 INFO             PET0 PIOc_freedecomp Enter - MemInfo: [/proc/meminfo - SSI]	MemAvailable:   517633304 kB
20220314 020035.218 INFO             PET0 PIOc_freedecomp Enter - MemInfo: [/proc/meminfo - SSI]	Committed_AS:    1837380 kB
20220314 020035.218 INFO             PET0 PIOc_freedecomp Enter - MemInfo: [/proc/meminfo - SSI]	CommittedPercent: 0.348598 %
20220314 020035.218 INFO             PET0 PIOc_freedecomp Enter - MemInfo: [/proc/self/status]	VmPeak:	  230092 kB
20220314 020035.218 INFO             PET0 PIOc_freedecomp Enter - MemInfo: [/proc/self/status]	VmSize:	  230092 kB
20220314 020035.218 INFO             PET0 PIOc_freedecomp Enter - MemInfo: [/proc/self/status]	VmLck:	       0 kB
20220314 020035.218 INFO             PET0 PIOc_freedecomp Enter - MemInfo: [/proc/self/status]	VmPin:	       0 kB
20220314 020035.218 INFO             PET0 PIOc_freedecomp Enter - MemInfo: [/proc/self/status]	VmHWM:	   77196 kB
20220314 020035.218 INFO             PET0 PIOc_freedecomp Enter - MemInfo: [/proc/self/status]	VmRSS:	   77172 kB
20220314 020035.218 INFO             PET0 PIOc_freedecomp Enter - MemInfo: [/proc/self/status]	VmData:	   52424 kB
20220314 020035.218 INFO             PET0 PIOc_freedecomp Enter - MemInfo: [/proc/self/status]	VmStk:	     156 kB
20220314 020035.218 INFO             PET0 PIOc_freedecomp Enter - MemInfo: [/proc/self/status]	VmExe:	     332 kB
20220314 020035.218 INFO             PET0 PIOc_freedecomp Enter - MemInfo: [/proc/self/status]	VmLib:	  103544 kB
20220314 020035.218 INFO             PET0 PIOc_freedecomp Enter - MemInfo: [/proc/self/status]	VmPTE:	     460 kB
20220314 020035.218 INFO             PET0 PIOc_freedecomp Enter - MemInfo: [/proc/self/status]	VmSwap:	       0 kB
20220314 020035.218 INFO             PET0 PIOc_freedecomp Enter - MemInfo: [/proc/self/status]	VmRSSPercent: 0.0146415 %
20220314 020035.218 INFO             PET0 PIOc_freedecomp Enter - MemInfo: [malloc] Non-mmapped space allocated:                46964736 Byte
20220314 020035.218 INFO             PET0 PIOc_freedecomp Enter - MemInfo: [malloc] Space allocated in mmapped regions:          2547712 Byte
20220314 020035.218 INFO             PET0 PIOc_freedecomp Enter - MemInfo: [malloc] Maximum total allocated space:                     0 Byte
20220314 020035.218 INFO             PET0 PIOc_freedecomp Enter - MemInfo: [malloc] Space in freed fastbin blocks:                   608 Byte
20220314 020035.218 INFO             PET0 PIOc_freedecomp Enter - MemInfo: [malloc] Total allocated space:                      28273792 Byte
20220314 020035.218 INFO             PET0 PIOc_freedecomp Enter - MemInfo: [malloc] Total free space:                           18690944 Byte
20220314 020035.218 INFO             PET0 PIOc_freedecomp Enter - MemInfo: [malloc] Top-most, releasable space:                  8520752 Byte
20220314 020035.218 INFO             PET0 PIOc_freedecomp Enter - MemInfo: [malloc] Total space in use, mmap + non-mmap:        30821504 Byte
20220314 020035.218 INFO             PET0 PIOc_freedecomp Enter - MemInfo: [malloc] Total space held (mmap + non-mmap):         49512448 Byte
20220314 020035.218 INFO             PET0 PIOc_freedecomp Enter - MemInfo: [malloc] Total space used (mmap + non-mmap):         30829712 Byte
20220314 020035.218 INFO             PET0 PIOc_freedecomp Enter - MemInfo: Wall-clock time since execution start:               0.529179 seconds
20220314 020035.218 INFO             PET0 PIOc_freedecomp Exit - MemInfo: [/proc/meminfo - SSI]	MemTotal:       527077124 kB
20220314 020035.218 INFO             PET0 PIOc_freedecomp Exit - MemInfo: [/proc/meminfo - SSI]	MemFree:        517149460 kB
20220314 020035.218 INFO             PET0 PIOc_freedecomp Exit - MemInfo: [/proc/meminfo - SSI]	MemAvailable:   517633304 kB
20220314 020035.218 INFO             PET0 PIOc_freedecomp Exit - MemInfo: [/proc/meminfo - SSI]	Committed_AS:    1837380 kB
20220314 020035.218 INFO             PET0 PIOc_freedecomp Exit - MemInfo: [/proc/meminfo - SSI]	CommittedPercent: 0.348598 %
20220314 020035.218 INFO             PET0 PIOc_freedecomp Exit - MemInfo: [/proc/self/status]	VmPeak:	  230092 kB
20220314 020035.218 INFO             PET0 PIOc_freedecomp Exit - MemInfo: [/proc/self/status]	VmSize:	  230092 kB
20220314 020035.218 INFO             PET0 PIOc_freedecomp Exit - MemInfo: [/proc/self/status]	VmLck:	       0 kB
20220314 020035.218 INFO             PET0 PIOc_freedecomp Exit - MemInfo: [/proc/self/status]	VmPin:	       0 kB
20220314 020035.218 INFO             PET0 PIOc_freedecomp Exit - MemInfo: [/proc/self/status]	VmHWM:	   77196 kB
20220314 020035.218 INFO             PET0 PIOc_freedecomp Exit - MemInfo: [/proc/self/status]	VmRSS:	   77172 kB
20220314 020035.218 INFO             PET0 PIOc_freedecomp Exit - MemInfo: [/proc/self/status]	VmData:	   52424 kB
20220314 020035.218 INFO             PET0 PIOc_freedecomp Exit - MemInfo: [/proc/self/status]	VmStk:	     156 kB
20220314 020035.218 INFO             PET0 PIOc_freedecomp Exit - MemInfo: [/proc/self/status]	VmExe:	     332 kB
20220314 020035.218 INFO             PET0 PIOc_freedecomp Exit - MemInfo: [/proc/self/status]	VmLib:	  103544 kB
20220314 020035.218 INFO             PET0 PIOc_freedecomp Exit - MemInfo: [/proc/self/status]	VmPTE:	     460 kB
20220314 020035.218 INFO             PET0 PIOc_freedecomp Exit - MemInfo: [/proc/self/status]	VmSwap:	       0 kB
20220314 020035.218 INFO             PET0 PIOc_freedecomp Exit - MemInfo: [/proc/self/status]	VmRSSPercent: 0.0146415 %
20220314 020035.218 INFO             PET0 PIOc_freedecomp Exit - MemInfo: [malloc] Non-mmapped space allocated:                46964736 Byte
20220314 020035.218 INFO             PET0 PIOc_freedecomp Exit - MemInfo: [malloc] Space allocated in mmapped regions:          2547712 Byte
20220314 020035.218 INFO             PET0 PIOc_freedecomp Exit - MemInfo: [malloc] Maximum total allocated space:                     0 Byte
20220314 020035.218 INFO             PET0 PIOc_freedecomp Exit - MemInfo: [malloc] Space in freed fastbin blocks:                   912 Byte
20220314 020035.218 INFO             PET0 PIOc_freedecomp Exit - MemInfo: [malloc] Total allocated space:                      28269456 Byte
20220314 020035.218 INFO             PET0 PIOc_freedecomp Exit - MemInfo: [malloc] Total free space:                           18695280 Byte
20220314 020035.218 INFO             PET0 PIOc_freedecomp Exit - MemInfo: [malloc] Top-most, releasable space:                  8520752 Byte
20220314 020035.218 INFO             PET0 PIOc_freedecomp Exit - MemInfo: [malloc] Total space in use, mmap + non-mmap:        30817168 Byte
20220314 020035.218 INFO             PET0 PIOc_freedecomp Exit - MemInfo: [malloc] Total space held (mmap + non-mmap):         49512448 Byte
20220314 020035.218 INFO             PET0 PIOc_freedecomp Exit - MemInfo: [malloc] Total space used (mmap + non-mmap):         30825376 Byte
20220314 020035.218 INFO             PET0 PIOc_freedecomp Exit - MemInfo: Wall-clock time since execution start:               0.529385 seconds
20220314 020035.220 INFO             PET0 PIOc_sync Enter - MemInfo: [/proc/meminfo - SSI]	MemTotal:       527077124 kB
20220314 020035.220 INFO             PET0 PIOc_sync Enter - MemInfo: [/proc/meminfo - SSI]	MemFree:        517149964 kB
20220314 020035.220 INFO             PET0 PIOc_sync Enter - MemInfo: [/proc/meminfo - SSI]	MemAvailable:   517633808 kB
20220314 020035.220 INFO             PET0 PIOc_sync Enter - MemInfo: [/proc/meminfo - SSI]	Committed_AS:    1837380 kB
20220314 020035.220 INFO             PET0 PIOc_sync Enter - MemInfo: [/proc/meminfo - SSI]	CommittedPercent: 0.348598 %
20220314 020035.220 INFO             PET0 PIOc_sync Enter - MemInfo: [/proc/self/status]	VmPeak:	  230092 kB
20220314 020035.220 INFO             PET0 PIOc_sync Enter - MemInfo: [/proc/self/status]	VmSize:	  230092 kB
20220314 020035.220 INFO             PET0 PIOc_sync Enter - MemInfo: [/proc/self/status]	VmLck:	       0 kB
20220314 020035.220 INFO             PET0 PIOc_sync Enter - MemInfo: [/proc/self/status]	VmPin:	       0 kB
20220314 020035.220 INFO             PET0 PIOc_sync Enter - MemInfo: [/proc/self/status]	VmHWM:	   77196 kB
20220314 020035.220 INFO             PET0 PIOc_sync Enter - MemInfo: [/proc/self/status]	VmRSS:	   77172 kB
20220314 020035.220 INFO             PET0 PIOc_sync Enter - MemInfo: [/proc/self/status]	VmData:	   52424 kB
20220314 020035.220 INFO             PET0 PIOc_sync Enter - MemInfo: [/proc/self/status]	VmStk:	     156 kB
20220314 020035.220 INFO             PET0 PIOc_sync Enter - MemInfo: [/proc/self/status]	VmExe:	     332 kB
20220314 020035.220 INFO             PET0 PIOc_sync Enter - MemInfo: [/proc/self/status]	VmLib:	  103544 kB
20220314 020035.220 INFO             PET0 PIOc_sync Enter - MemInfo: [/proc/self/status]	VmPTE:	     460 kB
20220314 020035.220 INFO             PET0 PIOc_sync Enter - MemInfo: [/proc/self/status]	VmSwap:	       0 kB
20220314 020035.220 INFO             PET0 PIOc_sync Enter - MemInfo: [/proc/self/status]	VmRSSPercent: 0.0146415 %
20220314 020035.220 INFO             PET0 PIOc_sync Enter - MemInfo: [malloc] Non-mmapped space allocated:                46964736 Byte
20220314 020035.220 INFO             PET0 PIOc_sync Enter - MemInfo: [malloc] Space allocated in mmapped regions:          2547712 Byte
20220314 020035.220 INFO             PET0 PIOc_sync Enter - MemInfo: [malloc] Maximum total allocated space:                     0 Byte
20220314 020035.220 INFO             PET0 PIOc_sync Enter - MemInfo: [malloc] Space in freed fastbin blocks:                   480 Byte
20220314 020035.220 INFO             PET0 PIOc_sync Enter - MemInfo: [malloc] Total allocated space:                      36673408 Byte
20220314 020035.220 INFO             PET0 PIOc_sync Enter - MemInfo: [malloc] Total free space:                           10291328 Byte
20220314 020035.220 INFO             PET0 PIOc_sync Enter - MemInfo: [malloc] Top-most, releasable space:                   132128 Byte
20220314 020035.220 INFO             PET0 PIOc_sync Enter - MemInfo: [malloc] Total space in use, mmap + non-mmap:        39221120 Byte
20220314 020035.220 INFO             PET0 PIOc_sync Enter - MemInfo: [malloc] Total space held (mmap + non-mmap):         49512448 Byte
20220314 020035.220 INFO             PET0 PIOc_sync Enter - MemInfo: [malloc] Total space used (mmap + non-mmap):         39229440 Byte
20220314 020035.220 INFO             PET0 PIOc_sync Enter - MemInfo: Wall-clock time since execution start:               0.530878 seconds
20220314 020035.220 INFO             PET0 PIOc_sync Exit - MemInfo: [/proc/meminfo - SSI]	MemTotal:       527077124 kB
20220314 020035.220 INFO             PET0 PIOc_sync Exit - MemInfo: [/proc/meminfo - SSI]	MemFree:        517149964 kB
20220314 020035.220 INFO             PET0 PIOc_sync Exit - MemInfo: [/proc/meminfo - SSI]	MemAvailable:   517633808 kB
20220314 020035.220 INFO             PET0 PIOc_sync Exit - MemInfo: [/proc/meminfo - SSI]	Committed_AS:    1837380 kB
20220314 020035.220 INFO             PET0 PIOc_sync Exit - MemInfo: [/proc/meminfo - SSI]	CommittedPercent: 0.348598 %
20220314 020035.220 INFO             PET0 PIOc_sync Exit - MemInfo: [/proc/self/status]	VmPeak:	  230092 kB
20220314 020035.220 INFO             PET0 PIOc_sync Exit - MemInfo: [/proc/self/status]	VmSize:	  230092 kB
20220314 020035.220 INFO             PET0 PIOc_sync Exit - MemInfo: [/proc/self/status]	VmLck:	       0 kB
20220314 020035.220 INFO             PET0 PIOc_sync Exit - MemInfo: [/proc/self/status]	VmPin:	       0 kB
20220314 020035.220 INFO             PET0 PIOc_sync Exit - MemInfo: [/proc/self/status]	VmHWM:	   77196 kB
20220314 020035.220 INFO             PET0 PIOc_sync Exit - MemInfo: [/proc/self/status]	VmRSS:	   77172 kB
20220314 020035.220 INFO             PET0 PIOc_sync Exit - MemInfo: [/proc/self/status]	VmData:	   52424 kB
20220314 020035.220 INFO             PET0 PIOc_sync Exit - MemInfo: [/proc/self/status]	VmStk:	     156 kB
20220314 020035.220 INFO             PET0 PIOc_sync Exit - MemInfo: [/proc/self/status]	VmExe:	     332 kB
20220314 020035.220 INFO             PET0 PIOc_sync Exit - MemInfo: [/proc/self/status]	VmLib:	  103544 kB
20220314 020035.220 INFO             PET0 PIOc_sync Exit - MemInfo: [/proc/self/status]	VmPTE:	     460 kB
20220314 020035.220 INFO             PET0 PIOc_sync Exit - MemInfo: [/proc/self/status]	VmSwap:	       0 kB
20220314 020035.220 INFO             PET0 PIOc_sync Exit - MemInfo: [/proc/self/status]	VmRSSPercent: 0.0146415 %
20220314 020035.220 INFO             PET0 PIOc_sync Exit - MemInfo: [malloc] Non-mmapped space allocated:                46964736 Byte
20220314 020035.220 INFO             PET0 PIOc_sync Exit - MemInfo: [malloc] Space allocated in mmapped regions:          2547712 Byte
20220314 020035.220 INFO             PET0 PIOc_sync Exit - MemInfo: [malloc] Maximum total allocated space:                     0 Byte
20220314 020035.220 INFO             PET0 PIOc_sync Exit - MemInfo: [malloc] Space in freed fastbin blocks:                   240 Byte
20220314 020035.220 INFO             PET0 PIOc_sync Exit - MemInfo: [malloc] Total allocated space:                      36674336 Byte
20220314 020035.220 INFO             PET0 PIOc_sync Exit - MemInfo: [malloc] Total free space:                           10290400 Byte
20220314 020035.220 INFO             PET0 PIOc_sync Exit - MemInfo: [malloc] Top-most, releasable space:                   132128 Byte
20220314 020035.220 INFO             PET0 PIOc_sync Exit - MemInfo: [malloc] Total space in use, mmap + non-mmap:        39222048 Byte
20220314 020035.220 INFO             PET0 PIOc_sync Exit - MemInfo: [malloc] Total space held (mmap + non-mmap):         49512448 Byte
20220314 020035.220 INFO             PET0 PIOc_sync Exit - MemInfo: [malloc] Total space used (mmap + non-mmap):         39230256 Byte
20220314 020035.220 INFO             PET0 PIOc_sync Exit - MemInfo: Wall-clock time since execution start:               0.531158 seconds
20220314 020035.220 INFO             PET0 PIOc_freedecomp Enter - MemInfo: [/proc/meminfo - SSI]	MemTotal:       527077124 kB
20220314 020035.220 INFO             PET0 PIOc_freedecomp Enter - MemInfo: [/proc/meminfo - SSI]	MemFree:        517149964 kB
20220314 020035.220 INFO             PET0 PIOc_freedecomp Enter - MemInfo: [/proc/meminfo - SSI]	MemAvailable:   517633808 kB
20220314 020035.220 INFO             PET0 PIOc_freedecomp Enter - MemInfo: [/proc/meminfo - SSI]	Committed_AS:    1837380 kB
20220314 020035.220 INFO             PET0 PIOc_freedecomp Enter - MemInfo: [/proc/meminfo - SSI]	CommittedPercent: 0.348598 %
20220314 020035.220 INFO             PET0 PIOc_freedecomp Enter - MemInfo: [/proc/self/status]	VmPeak:	  230092 kB
20220314 020035.220 INFO             PET0 PIOc_freedecomp Enter - MemInfo: [/proc/self/status]	VmSize:	  230092 kB
20220314 020035.220 INFO             PET0 PIOc_freedecomp Enter - MemInfo: [/proc/self/status]	VmLck:	       0 kB
20220314 020035.220 INFO             PET0 PIOc_freedecomp Enter - MemInfo: [/proc/self/status]	VmPin:	       0 kB
20220314 020035.220 INFO             PET0 PIOc_freedecomp Enter - MemInfo: [/proc/self/status]	VmHWM:	   77196 kB
20220314 020035.220 INFO             PET0 PIOc_freedecomp Enter - MemInfo: [/proc/self/status]	VmRSS:	   77172 kB
20220314 020035.220 INFO             PET0 PIOc_freedecomp Enter - MemInfo: [/proc/self/status]	VmData:	   52424 kB
20220314 020035.220 INFO             PET0 PIOc_freedecomp Enter - MemInfo: [/proc/self/status]	VmStk:	     156 kB
20220314 020035.220 INFO             PET0 PIOc_freedecomp Enter - MemInfo: [/proc/self/status]	VmExe:	     332 kB
20220314 020035.220 INFO             PET0 PIOc_freedecomp Enter - MemInfo: [/proc/self/status]	VmLib:	  103544 kB
20220314 020035.220 INFO             PET0 PIOc_freedecomp Enter - MemInfo: [/proc/self/status]	VmPTE:	     460 kB
20220314 020035.220 INFO             PET0 PIOc_freedecomp Enter - MemInfo: [/proc/self/status]	VmSwap:	       0 kB
20220314 020035.220 INFO             PET0 PIOc_freedecomp Enter - MemInfo: [/proc/self/status]	VmRSSPercent: 0.0146415 %
20220314 020035.220 INFO             PET0 PIOc_freedecomp Enter - MemInfo: [malloc] Non-mmapped space allocated:                46964736 Byte
20220314 020035.220 INFO             PET0 PIOc_freedecomp Enter - MemInfo: [malloc] Space allocated in mmapped regions:          2547712 Byte
20220314 020035.220 INFO             PET0 PIOc_freedecomp Enter - MemInfo: [malloc] Maximum total allocated space:                     0 Byte
20220314 020035.220 INFO             PET0 PIOc_freedecomp Enter - MemInfo: [malloc] Space in freed fastbin blocks:                  1040 Byte
20220314 020035.220 INFO             PET0 PIOc_freedecomp Enter - MemInfo: [malloc] Total allocated space:                      28273232 Byte
20220314 020035.220 INFO             PET0 PIOc_freedecomp Enter - MemInfo: [malloc] Total free space:                           18691504 Byte
20220314 020035.220 INFO             PET0 PIOc_freedecomp Enter - MemInfo: [malloc] Top-most, releasable space:                  8520752 Byte
20220314 020035.220 INFO             PET0 PIOc_freedecomp Enter - MemInfo: [malloc] Total space in use, mmap + non-mmap:        30820944 Byte
20220314 020035.220 INFO             PET0 PIOc_freedecomp Enter - MemInfo: [malloc] Total space held (mmap + non-mmap):         49512448 Byte
20220314 020035.220 INFO             PET0 PIOc_freedecomp Enter - MemInfo: [malloc] Total space used (mmap + non-mmap):         30829152 Byte
20220314 020035.220 INFO             PET0 PIOc_freedecomp Enter - MemInfo: Wall-clock time since execution start:               0.531479 seconds
20220314 020035.220 INFO             PET0 PIOc_freedecomp Exit - MemInfo: [/proc/meminfo - SSI]	MemTotal:       527077124 kB
20220314 020035.220 INFO             PET0 PIOc_freedecomp Exit - MemInfo: [/proc/meminfo - SSI]	MemFree:        517149964 kB
20220314 020035.220 INFO             PET0 PIOc_freedecomp Exit - MemInfo: [/proc/meminfo - SSI]	MemAvailable:   517633808 kB
20220314 020035.220 INFO             PET0 PIOc_freedecomp Exit - MemInfo: [/proc/meminfo - SSI]	Committed_AS:    1837380 kB
20220314 020035.220 INFO             PET0 PIOc_freedecomp Exit - MemInfo: [/proc/meminfo - SSI]	CommittedPercent: 0.348598 %
20220314 020035.220 INFO             PET0 PIOc_freedecomp Exit - MemInfo: [/proc/self/status]	VmPeak:	  230092 kB
20220314 020035.220 INFO             PET0 PIOc_freedecomp Exit - MemInfo: [/proc/self/status]	VmSize:	  230092 kB
20220314 020035.221 INFO             PET0 PIOc_freedecomp Exit - MemInfo: [/proc/self/status]	VmLck:	       0 kB
20220314 020035.221 INFO             PET0 PIOc_freedecomp Exit - MemInfo: [/proc/self/status]	VmPin:	       0 kB
20220314 020035.221 INFO             PET0 PIOc_freedecomp Exit - MemInfo: [/proc/self/status]	VmHWM:	   77196 kB
20220314 020035.221 INFO             PET0 PIOc_freedecomp Exit - MemInfo: [/proc/self/status]	VmRSS:	   77172 kB
20220314 020035.221 INFO             PET0 PIOc_freedecomp Exit - MemInfo: [/proc/self/status]	VmData:	   52424 kB
20220314 020035.221 INFO             PET0 PIOc_freedecomp Exit - MemInfo: [/proc/self/status]	VmStk:	     156 kB
20220314 020035.221 INFO             PET0 PIOc_freedecomp Exit - MemInfo: [/proc/self/status]	VmExe:	     332 kB
20220314 020035.221 INFO             PET0 PIOc_freedecomp Exit - MemInfo: [/proc/self/status]	VmLib:	  103544 kB
20220314 020035.221 INFO             PET0 PIOc_freedecomp Exit - MemInfo: [/proc/self/status]	VmPTE:	     460 kB
20220314 020035.221 INFO             PET0 PIOc_freedecomp Exit - MemInfo: [/proc/self/status]	VmSwap:	       0 kB
20220314 020035.221 INFO             PET0 PIOc_freedecomp Exit - MemInfo: [/proc/self/status]	VmRSSPercent: 0.0146415 %
20220314 020035.221 INFO             PET0 PIOc_freedecomp Exit - MemInfo: [malloc] Non-mmapped space allocated:                46964736 Byte
20220314 020035.221 INFO             PET0 PIOc_freedecomp Exit - MemInfo: [malloc] Space allocated in mmapped regions:          2547712 Byte
20220314 020035.221 INFO             PET0 PIOc_freedecomp Exit - MemInfo: [malloc] Maximum total allocated space:                     0 Byte
20220314 020035.221 INFO             PET0 PIOc_freedecomp Exit - MemInfo: [malloc] Space in freed fastbin blocks:                   912 Byte
20220314 020035.221 INFO             PET0 PIOc_freedecomp Exit - MemInfo: [malloc] Total allocated space:                      28269952 Byte
20220314 020035.221 INFO             PET0 PIOc_freedecomp Exit - MemInfo: [malloc] Total free space:                           18694784 Byte
20220314 020035.221 INFO             PET0 PIOc_freedecomp Exit - MemInfo: [malloc] Top-most, releasable space:                  8520752 Byte
20220314 020035.221 INFO             PET0 PIOc_freedecomp Exit - MemInfo: [malloc] Total space in use, mmap + non-mmap:        30817664 Byte
20220314 020035.221 INFO             PET0 PIOc_freedecomp Exit - MemInfo: [malloc] Total space held (mmap + non-mmap):         49512448 Byte
20220314 020035.221 INFO             PET0 PIOc_freedecomp Exit - MemInfo: [malloc] Total space used (mmap + non-mmap):         30825872 Byte
20220314 020035.221 INFO             PET0 PIOc_freedecomp Exit - MemInfo: Wall-clock time since execution start:               0.531668 seconds
20220314 020035.225 INFO             PET0  PASS  ESMF_FieldRegridStoreFromFile Unit Test, ESMF_FieldSMMFromFileUTest.F90, line 315
20220314 020035.225 INFO             PET0  Ending Test, file ESMF_FieldSMMFromFileUTest.F90, line 322
20220314 020035.225 INFO             PET0 Finalizing ESMF
20220314 020034.691 INFO             PET1 !!!!!!!!!!!!!!!!!!!!!!!!!!!!!!!!!!!!!!!!!!!!!!!!!!!!!!
20220314 020034.691 INFO             PET1 !!! THE ESMF_LOG IS SET TO OUTPUT ALL LOG MESSAGES !!!
20220314 020034.691 INFO             PET1 !!!     THIS MAY CAUSE SLOWDOWN IN PERFORMANCE     !!!
20220314 020034.691 INFO             PET1 !!! FOR PRODUCTION RUNS, USE:                      !!!
20220314 020034.691 INFO             PET1 !!!                   ESMF_LOGKIND_Multi_On_Error  !!!
20220314 020034.691 INFO             PET1 !!!!!!!!!!!!!!!!!!!!!!!!!!!!!!!!!!!!!!!!!!!!!!!!!!!!!!
20220314 020034.691 INFO             PET1 Running with ESMF Version   : v8.3.0b09-96-g559b459836
20220314 020034.691 INFO             PET1 ESMF library build date/time: "Mar 14 2022" "01:48:51"
20220314 020034.691 INFO             PET1 ESMF library build location : /lfs/h1/emc/ptmp/Mark.Potts/gfortran_10.3.0_mpich3_g_jedwards_pio_update2
20220314 020034.691 INFO             PET1 ESMF_COMM                   : mpich3
20220314 020034.691 INFO             PET1 ESMF_MOAB                   : enabled
20220314 020034.691 INFO             PET1 ESMF_LAPACK                 : enabled
20220314 020034.691 INFO             PET1 ESMF_NETCDF                 : enabled
20220314 020034.691 INFO             PET1 ESMF_PNETCDF                : disabled
20220314 020034.691 INFO             PET1 ESMF_PIO                    : enabled
20220314 020034.691 INFO             PET1 ESMF_YAMLCPP                : enabled
20220314 020034.691 INFO             PET1  Beginning Test, file ESMF_FieldSMMFromFileUTest.F90, line 287
20220314 020034.691 INFO             PET1  NUMBER_OF_PROCESSORS           4
20220314 020035.201 INFO             PET1  PASS  ESMF_FieldSMMFromFile Unit Test, ESMF_FieldSMMFromFileUTest.F90, line 300
20220314 020035.215 INFO             PET1 PIOc_sync Enter - MemInfo: [/proc/meminfo - SSI]	MemTotal:       527077124 kB
20220314 020035.215 INFO             PET1 PIOc_sync Enter - MemInfo: [/proc/meminfo - SSI]	MemFree:        517149460 kB
20220314 020035.215 INFO             PET1 PIOc_sync Enter - MemInfo: [/proc/meminfo - SSI]	MemAvailable:   517633304 kB
20220314 020035.215 INFO             PET1 PIOc_sync Enter - MemInfo: [/proc/meminfo - SSI]	Committed_AS:    1837380 kB
20220314 020035.215 INFO             PET1 PIOc_sync Enter - MemInfo: [/proc/meminfo - SSI]	CommittedPercent: 0.348598 %
20220314 020035.215 INFO             PET1 PIOc_sync Enter - MemInfo: [/proc/self/status]	VmPeak:	  210312 kB
20220314 020035.215 INFO             PET1 PIOc_sync Enter - MemInfo: [/proc/self/status]	VmSize:	  210312 kB
20220314 020035.215 INFO             PET1 PIOc_sync Enter - MemInfo: [/proc/self/status]	VmLck:	       0 kB
20220314 020035.215 INFO             PET1 PIOc_sync Enter - MemInfo: [/proc/self/status]	VmPin:	       0 kB
20220314 020035.215 INFO             PET1 PIOc_sync Enter - MemInfo: [/proc/self/status]	VmHWM:	   55504 kB
20220314 020035.215 INFO             PET1 PIOc_sync Enter - MemInfo: [/proc/self/status]	VmRSS:	   55504 kB
20220314 020035.215 INFO             PET1 PIOc_sync Enter - MemInfo: [/proc/self/status]	VmData:	   32644 kB
20220314 020035.215 INFO             PET1 PIOc_sync Enter - MemInfo: [/proc/self/status]	VmStk:	     156 kB
20220314 020035.215 INFO             PET1 PIOc_sync Enter - MemInfo: [/proc/self/status]	VmExe:	     332 kB
20220314 020035.215 INFO             PET1 PIOc_sync Enter - MemInfo: [/proc/self/status]	VmLib:	  103544 kB
20220314 020035.215 INFO             PET1 PIOc_sync Enter - MemInfo: [/proc/self/status]	VmPTE:	     408 kB
20220314 020035.215 INFO             PET1 PIOc_sync Enter - MemInfo: [/proc/self/status]	VmSwap:	       0 kB
20220314 020035.215 INFO             PET1 PIOc_sync Enter - MemInfo: [/proc/self/status]	VmRSSPercent: 0.0105305 %
20220314 020035.215 INFO             PET1 PIOc_sync Enter - MemInfo: [malloc] Non-mmapped space allocated:                26710016 Byte
20220314 020035.215 INFO             PET1 PIOc_sync Enter - MemInfo: [malloc] Space allocated in mmapped regions:          2547712 Byte
20220314 020035.215 INFO             PET1 PIOc_sync Enter - MemInfo: [malloc] Maximum total allocated space:                     0 Byte
20220314 020035.215 INFO             PET1 PIOc_sync Enter - MemInfo: [malloc] Space in freed fastbin blocks:                     0 Byte
20220314 020035.215 INFO             PET1 PIOc_sync Enter - MemInfo: [malloc] Total allocated space:                      11197024 Byte
20220314 020035.215 INFO             PET1 PIOc_sync Enter - MemInfo: [malloc] Total free space:                           15512992 Byte
20220314 020035.215 INFO             PET1 PIOc_sync Enter - MemInfo: [malloc] Top-most, releasable space:                  8523424 Byte
20220314 020035.215 INFO             PET1 PIOc_sync Enter - MemInfo: [malloc] Total space in use, mmap + non-mmap:        13744736 Byte
20220314 020035.215 INFO             PET1 PIOc_sync Enter - MemInfo: [malloc] Total space held (mmap + non-mmap):         29257728 Byte
20220314 020035.215 INFO             PET1 PIOc_sync Enter - MemInfo: [malloc] Total space used (mmap + non-mmap):         13753584 Byte
20220314 020035.215 INFO             PET1 PIOc_sync Enter - MemInfo: Wall-clock time since execution start:               0.525988 seconds
20220314 020035.215 INFO             PET1 PIOc_sync Exit - MemInfo: [/proc/meminfo - SSI]	MemTotal:       527077124 kB
20220314 020035.215 INFO             PET1 PIOc_sync Exit - MemInfo: [/proc/meminfo - SSI]	MemFree:        517149460 kB
20220314 020035.215 INFO             PET1 PIOc_sync Exit - MemInfo: [/proc/meminfo - SSI]	MemAvailable:   517633304 kB
20220314 020035.215 INFO             PET1 PIOc_sync Exit - MemInfo: [/proc/meminfo - SSI]	Committed_AS:    1837380 kB
20220314 020035.215 INFO             PET1 PIOc_sync Exit - MemInfo: [/proc/meminfo - SSI]	CommittedPercent: 0.348598 %
20220314 020035.215 INFO             PET1 PIOc_sync Exit - MemInfo: [/proc/self/status]	VmPeak:	  210312 kB
20220314 020035.215 INFO             PET1 PIOc_sync Exit - MemInfo: [/proc/self/status]	VmSize:	  210312 kB
20220314 020035.215 INFO             PET1 PIOc_sync Exit - MemInfo: [/proc/self/status]	VmLck:	       0 kB
20220314 020035.215 INFO             PET1 PIOc_sync Exit - MemInfo: [/proc/self/status]	VmPin:	       0 kB
20220314 020035.215 INFO             PET1 PIOc_sync Exit - MemInfo: [/proc/self/status]	VmHWM:	   55504 kB
20220314 020035.215 INFO             PET1 PIOc_sync Exit - MemInfo: [/proc/self/status]	VmRSS:	   55504 kB
20220314 020035.215 INFO             PET1 PIOc_sync Exit - MemInfo: [/proc/self/status]	VmData:	   32644 kB
20220314 020035.215 INFO             PET1 PIOc_sync Exit - MemInfo: [/proc/self/status]	VmStk:	     156 kB
20220314 020035.215 INFO             PET1 PIOc_sync Exit - MemInfo: [/proc/self/status]	VmExe:	     332 kB
20220314 020035.215 INFO             PET1 PIOc_sync Exit - MemInfo: [/proc/self/status]	VmLib:	  103544 kB
20220314 020035.215 INFO             PET1 PIOc_sync Exit - MemInfo: [/proc/self/status]	VmPTE:	     408 kB
20220314 020035.215 INFO             PET1 PIOc_sync Exit - MemInfo: [/proc/self/status]	VmSwap:	       0 kB
20220314 020035.215 INFO             PET1 PIOc_sync Exit - MemInfo: [/proc/self/status]	VmRSSPercent: 0.0105305 %
20220314 020035.215 INFO             PET1 PIOc_sync Exit - MemInfo: [malloc] Non-mmapped space allocated:                26710016 Byte
20220314 020035.215 INFO             PET1 PIOc_sync Exit - MemInfo: [malloc] Space allocated in mmapped regions:          2547712 Byte
20220314 020035.215 INFO             PET1 PIOc_sync Exit - MemInfo: [malloc] Maximum total allocated space:                     0 Byte
20220314 020035.215 INFO             PET1 PIOc_sync Exit - MemInfo: [malloc] Space in freed fastbin blocks:                     0 Byte
20220314 020035.215 INFO             PET1 PIOc_sync Exit - MemInfo: [malloc] Total allocated space:                      11197888 Byte
20220314 020035.215 INFO             PET1 PIOc_sync Exit - MemInfo: [malloc] Total free space:                           15512128 Byte
20220314 020035.215 INFO             PET1 PIOc_sync Exit - MemInfo: [malloc] Top-most, releasable space:                  8523424 Byte
20220314 020035.215 INFO             PET1 PIOc_sync Exit - MemInfo: [malloc] Total space in use, mmap + non-mmap:        13745600 Byte
20220314 020035.215 INFO             PET1 PIOc_sync Exit - MemInfo: [malloc] Total space held (mmap + non-mmap):         29257728 Byte
20220314 020035.215 INFO             PET1 PIOc_sync Exit - MemInfo: [malloc] Total space used (mmap + non-mmap):         13753808 Byte
20220314 020035.215 INFO             PET1 PIOc_sync Exit - MemInfo: Wall-clock time since execution start:               0.526294 seconds
20220314 020035.215 INFO             PET1 PIOc_freedecomp Enter - MemInfo: [/proc/meminfo - SSI]	MemTotal:       527077124 kB
20220314 020035.215 INFO             PET1 PIOc_freedecomp Enter - MemInfo: [/proc/meminfo - SSI]	MemFree:        517149460 kB
20220314 020035.215 INFO             PET1 PIOc_freedecomp Enter - MemInfo: [/proc/meminfo - SSI]	MemAvailable:   517633304 kB
20220314 020035.215 INFO             PET1 PIOc_freedecomp Enter - MemInfo: [/proc/meminfo - SSI]	Committed_AS:    1837380 kB
20220314 020035.215 INFO             PET1 PIOc_freedecomp Enter - MemInfo: [/proc/meminfo - SSI]	CommittedPercent: 0.348598 %
20220314 020035.215 INFO             PET1 PIOc_freedecomp Enter - MemInfo: [/proc/self/status]	VmPeak:	  210312 kB
20220314 020035.215 INFO             PET1 PIOc_freedecomp Enter - MemInfo: [/proc/self/status]	VmSize:	  210312 kB
20220314 020035.215 INFO             PET1 PIOc_freedecomp Enter - MemInfo: [/proc/self/status]	VmLck:	       0 kB
20220314 020035.215 INFO             PET1 PIOc_freedecomp Enter - MemInfo: [/proc/self/status]	VmPin:	       0 kB
20220314 020035.215 INFO             PET1 PIOc_freedecomp Enter - MemInfo: [/proc/self/status]	VmHWM:	   55504 kB
20220314 020035.215 INFO             PET1 PIOc_freedecomp Enter - MemInfo: [/proc/self/status]	VmRSS:	   55504 kB
20220314 020035.215 INFO             PET1 PIOc_freedecomp Enter - MemInfo: [/proc/self/status]	VmData:	   32644 kB
20220314 020035.215 INFO             PET1 PIOc_freedecomp Enter - MemInfo: [/proc/self/status]	VmStk:	     156 kB
20220314 020035.215 INFO             PET1 PIOc_freedecomp Enter - MemInfo: [/proc/self/status]	VmExe:	     332 kB
20220314 020035.216 INFO             PET1 PIOc_freedecomp Enter - MemInfo: [/proc/self/status]	VmLib:	  103544 kB
20220314 020035.216 INFO             PET1 PIOc_freedecomp Enter - MemInfo: [/proc/self/status]	VmPTE:	     408 kB
20220314 020035.216 INFO             PET1 PIOc_freedecomp Enter - MemInfo: [/proc/self/status]	VmSwap:	       0 kB
20220314 020035.216 INFO             PET1 PIOc_freedecomp Enter - MemInfo: [/proc/self/status]	VmRSSPercent: 0.0105305 %
20220314 020035.216 INFO             PET1 PIOc_freedecomp Enter - MemInfo: [malloc] Non-mmapped space allocated:                26710016 Byte
20220314 020035.216 INFO             PET1 PIOc_freedecomp Enter - MemInfo: [malloc] Space allocated in mmapped regions:          2547712 Byte
20220314 020035.216 INFO             PET1 PIOc_freedecomp Enter - MemInfo: [malloc] Maximum total allocated space:                     0 Byte
20220314 020035.216 INFO             PET1 PIOc_freedecomp Enter - MemInfo: [malloc] Space in freed fastbin blocks:                     0 Byte
20220314 020035.216 INFO             PET1 PIOc_freedecomp Enter - MemInfo: [malloc] Total allocated space:                      11197808 Byte
20220314 020035.216 INFO             PET1 PIOc_freedecomp Enter - MemInfo: [malloc] Total free space:                           15512208 Byte
20220314 020035.216 INFO             PET1 PIOc_freedecomp Enter - MemInfo: [malloc] Top-most, releasable space:                  8523424 Byte
20220314 020035.216 INFO             PET1 PIOc_freedecomp Enter - MemInfo: [malloc] Total space in use, mmap + non-mmap:        13745520 Byte
20220314 020035.216 INFO             PET1 PIOc_freedecomp Enter - MemInfo: [malloc] Total space held (mmap + non-mmap):         29257728 Byte
20220314 020035.216 INFO             PET1 PIOc_freedecomp Enter - MemInfo: [malloc] Total space used (mmap + non-mmap):         13753728 Byte
20220314 020035.216 INFO             PET1 PIOc_freedecomp Enter - MemInfo: Wall-clock time since execution start:               0.526651 seconds
20220314 020035.216 INFO             PET1 PIOc_freedecomp Exit - MemInfo: [/proc/meminfo - SSI]	MemTotal:       527077124 kB
20220314 020035.216 INFO             PET1 PIOc_freedecomp Exit - MemInfo: [/proc/meminfo - SSI]	MemFree:        517149460 kB
20220314 020035.216 INFO             PET1 PIOc_freedecomp Exit - MemInfo: [/proc/meminfo - SSI]	MemAvailable:   517633304 kB
20220314 020035.216 INFO             PET1 PIOc_freedecomp Exit - MemInfo: [/proc/meminfo - SSI]	Committed_AS:    1837380 kB
20220314 020035.216 INFO             PET1 PIOc_freedecomp Exit - MemInfo: [/proc/meminfo - SSI]	CommittedPercent: 0.348598 %
20220314 020035.216 INFO             PET1 PIOc_freedecomp Exit - MemInfo: [/proc/self/status]	VmPeak:	  210312 kB
20220314 020035.216 INFO             PET1 PIOc_freedecomp Exit - MemInfo: [/proc/self/status]	VmSize:	  210312 kB
20220314 020035.216 INFO             PET1 PIOc_freedecomp Exit - MemInfo: [/proc/self/status]	VmLck:	       0 kB
20220314 020035.216 INFO             PET1 PIOc_freedecomp Exit - MemInfo: [/proc/self/status]	VmPin:	       0 kB
20220314 020035.216 INFO             PET1 PIOc_freedecomp Exit - MemInfo: [/proc/self/status]	VmHWM:	   55504 kB
20220314 020035.216 INFO             PET1 PIOc_freedecomp Exit - MemInfo: [/proc/self/status]	VmRSS:	   55504 kB
20220314 020035.216 INFO             PET1 PIOc_freedecomp Exit - MemInfo: [/proc/self/status]	VmData:	   32644 kB
20220314 020035.216 INFO             PET1 PIOc_freedecomp Exit - MemInfo: [/proc/self/status]	VmStk:	     156 kB
20220314 020035.216 INFO             PET1 PIOc_freedecomp Exit - MemInfo: [/proc/self/status]	VmExe:	     332 kB
20220314 020035.216 INFO             PET1 PIOc_freedecomp Exit - MemInfo: [/proc/self/status]	VmLib:	  103544 kB
20220314 020035.216 INFO             PET1 PIOc_freedecomp Exit - MemInfo: [/proc/self/status]	VmPTE:	     408 kB
20220314 020035.216 INFO             PET1 PIOc_freedecomp Exit - MemInfo: [/proc/self/status]	VmSwap:	       0 kB
20220314 020035.216 INFO             PET1 PIOc_freedecomp Exit - MemInfo: [/proc/self/status]	VmRSSPercent: 0.0105305 %
20220314 020035.216 INFO             PET1 PIOc_freedecomp Exit - MemInfo: [malloc] Non-mmapped space allocated:                26710016 Byte
20220314 020035.216 INFO             PET1 PIOc_freedecomp Exit - MemInfo: [malloc] Space allocated in mmapped regions:          2547712 Byte
20220314 020035.216 INFO             PET1 PIOc_freedecomp Exit - MemInfo: [malloc] Maximum total allocated space:                     0 Byte
20220314 020035.216 INFO             PET1 PIOc_freedecomp Exit - MemInfo: [malloc] Space in freed fastbin blocks:                   240 Byte
20220314 020035.216 INFO             PET1 PIOc_freedecomp Exit - MemInfo: [malloc] Total allocated space:                      11196960 Byte
20220314 020035.216 INFO             PET1 PIOc_freedecomp Exit - MemInfo: [malloc] Total free space:                           15513056 Byte
20220314 020035.216 INFO             PET1 PIOc_freedecomp Exit - MemInfo: [malloc] Top-most, releasable space:                  8523424 Byte
20220314 020035.216 INFO             PET1 PIOc_freedecomp Exit - MemInfo: [malloc] Total space in use, mmap + non-mmap:        13744672 Byte
20220314 020035.216 INFO             PET1 PIOc_freedecomp Exit - MemInfo: [malloc] Total space held (mmap + non-mmap):         29257728 Byte
20220314 020035.216 INFO             PET1 PIOc_freedecomp Exit - MemInfo: [malloc] Total space used (mmap + non-mmap):         13752880 Byte
20220314 020035.216 INFO             PET1 PIOc_freedecomp Exit - MemInfo: Wall-clock time since execution start:               0.526841 seconds
20220314 020035.217 INFO             PET1 PIOc_sync Enter - MemInfo: [/proc/meminfo - SSI]	MemTotal:       527077124 kB
20220314 020035.217 INFO             PET1 PIOc_sync Enter - MemInfo: [/proc/meminfo - SSI]	MemFree:        517149460 kB
20220314 020035.217 INFO             PET1 PIOc_sync Enter - MemInfo: [/proc/meminfo - SSI]	MemAvailable:   517633304 kB
20220314 020035.217 INFO             PET1 PIOc_sync Enter - MemInfo: [/proc/meminfo - SSI]	Committed_AS:    1837380 kB
20220314 020035.217 INFO             PET1 PIOc_sync Enter - MemInfo: [/proc/meminfo - SSI]	CommittedPercent: 0.348598 %
20220314 020035.217 INFO             PET1 PIOc_sync Enter - MemInfo: [/proc/self/status]	VmPeak:	  210312 kB
20220314 020035.217 INFO             PET1 PIOc_sync Enter - MemInfo: [/proc/self/status]	VmSize:	  210312 kB
20220314 020035.217 INFO             PET1 PIOc_sync Enter - MemInfo: [/proc/self/status]	VmLck:	       0 kB
20220314 020035.217 INFO             PET1 PIOc_sync Enter - MemInfo: [/proc/self/status]	VmPin:	       0 kB
20220314 020035.217 INFO             PET1 PIOc_sync Enter - MemInfo: [/proc/self/status]	VmHWM:	   55628 kB
20220314 020035.217 INFO             PET1 PIOc_sync Enter - MemInfo: [/proc/self/status]	VmRSS:	   55612 kB
20220314 020035.217 INFO             PET1 PIOc_sync Enter - MemInfo: [/proc/self/status]	VmData:	   32644 kB
20220314 020035.217 INFO             PET1 PIOc_sync Enter - MemInfo: [/proc/self/status]	VmStk:	     156 kB
20220314 020035.217 INFO             PET1 PIOc_sync Enter - MemInfo: [/proc/self/status]	VmExe:	     332 kB
20220314 020035.217 INFO             PET1 PIOc_sync Enter - MemInfo: [/proc/self/status]	VmLib:	  103544 kB
20220314 020035.217 INFO             PET1 PIOc_sync Enter - MemInfo: [/proc/self/status]	VmPTE:	     408 kB
20220314 020035.217 INFO             PET1 PIOc_sync Enter - MemInfo: [/proc/self/status]	VmSwap:	       0 kB
20220314 020035.217 INFO             PET1 PIOc_sync Enter - MemInfo: [/proc/self/status]	VmRSSPercent: 0.010551 %
20220314 020035.217 INFO             PET1 PIOc_sync Enter - MemInfo: [malloc] Non-mmapped space allocated:                26710016 Byte
20220314 020035.217 INFO             PET1 PIOc_sync Enter - MemInfo: [malloc] Space allocated in mmapped regions:          2547712 Byte
20220314 020035.217 INFO             PET1 PIOc_sync Enter - MemInfo: [malloc] Maximum total allocated space:                     0 Byte
20220314 020035.217 INFO             PET1 PIOc_sync Enter - MemInfo: [malloc] Space in freed fastbin blocks:                    48 Byte
20220314 020035.217 INFO             PET1 PIOc_sync Enter - MemInfo: [malloc] Total allocated space:                      11198752 Byte
20220314 020035.217 INFO             PET1 PIOc_sync Enter - MemInfo: [malloc] Total free space:                           15511264 Byte
20220314 020035.217 INFO             PET1 PIOc_sync Enter - MemInfo: [malloc] Top-most, releasable space:                  8523424 Byte
20220314 020035.218 INFO             PET1 PIOc_sync Enter - MemInfo: [malloc] Total space in use, mmap + non-mmap:        13746464 Byte
20220314 020035.218 INFO             PET1 PIOc_sync Enter - MemInfo: [malloc] Total space held (mmap + non-mmap):         29257728 Byte
20220314 020035.218 INFO             PET1 PIOc_sync Enter - MemInfo: [malloc] Total space used (mmap + non-mmap):         13754672 Byte
20220314 020035.218 INFO             PET1 PIOc_sync Enter - MemInfo: Wall-clock time since execution start:               0.528575 seconds
20220314 020035.218 INFO             PET1 PIOc_sync Exit - MemInfo: [/proc/meminfo - SSI]	MemTotal:       527077124 kB
20220314 020035.218 INFO             PET1 PIOc_sync Exit - MemInfo: [/proc/meminfo - SSI]	MemFree:        517149460 kB
20220314 020035.218 INFO             PET1 PIOc_sync Exit - MemInfo: [/proc/meminfo - SSI]	MemAvailable:   517633304 kB
20220314 020035.218 INFO             PET1 PIOc_sync Exit - MemInfo: [/proc/meminfo - SSI]	Committed_AS:    1837380 kB
20220314 020035.218 INFO             PET1 PIOc_sync Exit - MemInfo: [/proc/meminfo - SSI]	CommittedPercent: 0.348598 %
20220314 020035.218 INFO             PET1 PIOc_sync Exit - MemInfo: [/proc/self/status]	VmPeak:	  210312 kB
20220314 020035.218 INFO             PET1 PIOc_sync Exit - MemInfo: [/proc/self/status]	VmSize:	  210312 kB
20220314 020035.218 INFO             PET1 PIOc_sync Exit - MemInfo: [/proc/self/status]	VmLck:	       0 kB
20220314 020035.218 INFO             PET1 PIOc_sync Exit - MemInfo: [/proc/self/status]	VmPin:	       0 kB
20220314 020035.218 INFO             PET1 PIOc_sync Exit - MemInfo: [/proc/self/status]	VmHWM:	   55628 kB
20220314 020035.218 INFO             PET1 PIOc_sync Exit - MemInfo: [/proc/self/status]	VmRSS:	   55612 kB
20220314 020035.218 INFO             PET1 PIOc_sync Exit - MemInfo: [/proc/self/status]	VmData:	   32644 kB
20220314 020035.218 INFO             PET1 PIOc_sync Exit - MemInfo: [/proc/self/status]	VmStk:	     156 kB
20220314 020035.218 INFO             PET1 PIOc_sync Exit - MemInfo: [/proc/self/status]	VmExe:	     332 kB
20220314 020035.218 INFO             PET1 PIOc_sync Exit - MemInfo: [/proc/self/status]	VmLib:	  103544 kB
20220314 020035.218 INFO             PET1 PIOc_sync Exit - MemInfo: [/proc/self/status]	VmPTE:	     408 kB
20220314 020035.218 INFO             PET1 PIOc_sync Exit - MemInfo: [/proc/self/status]	VmSwap:	       0 kB
20220314 020035.218 INFO             PET1 PIOc_sync Exit - MemInfo: [/proc/self/status]	VmRSSPercent: 0.010551 %
20220314 020035.218 INFO             PET1 PIOc_sync Exit - MemInfo: [malloc] Non-mmapped space allocated:                26710016 Byte
20220314 020035.218 INFO             PET1 PIOc_sync Exit - MemInfo: [malloc] Space allocated in mmapped regions:          2547712 Byte
20220314 020035.218 INFO             PET1 PIOc_sync Exit - MemInfo: [malloc] Maximum total allocated space:                     0 Byte
20220314 020035.218 INFO             PET1 PIOc_sync Exit - MemInfo: [malloc] Space in freed fastbin blocks:                     0 Byte
20220314 020035.218 INFO             PET1 PIOc_sync Exit - MemInfo: [malloc] Total allocated space:                      11198752 Byte
20220314 020035.218 INFO             PET1 PIOc_sync Exit - MemInfo: [malloc] Total free space:                           15511264 Byte
20220314 020035.218 INFO             PET1 PIOc_sync Exit - MemInfo: [malloc] Top-most, releasable space:                  8523424 Byte
20220314 020035.218 INFO             PET1 PIOc_sync Exit - MemInfo: [malloc] Total space in use, mmap + non-mmap:        13746464 Byte
20220314 020035.218 INFO             PET1 PIOc_sync Exit - MemInfo: [malloc] Total space held (mmap + non-mmap):         29257728 Byte
20220314 020035.218 INFO             PET1 PIOc_sync Exit - MemInfo: [malloc] Total space used (mmap + non-mmap):         13754672 Byte
20220314 020035.218 INFO             PET1 PIOc_sync Exit - MemInfo: Wall-clock time since execution start:               0.528843 seconds
20220314 020035.218 INFO             PET1 PIOc_freedecomp Enter - MemInfo: [/proc/meminfo - SSI]	MemTotal:       527077124 kB
20220314 020035.218 INFO             PET1 PIOc_freedecomp Enter - MemInfo: [/proc/meminfo - SSI]	MemFree:        517149460 kB
20220314 020035.218 INFO             PET1 PIOc_freedecomp Enter - MemInfo: [/proc/meminfo - SSI]	MemAvailable:   517633304 kB
20220314 020035.218 INFO             PET1 PIOc_freedecomp Enter - MemInfo: [/proc/meminfo - SSI]	Committed_AS:    1837380 kB
20220314 020035.218 INFO             PET1 PIOc_freedecomp Enter - MemInfo: [/proc/meminfo - SSI]	CommittedPercent: 0.348598 %
20220314 020035.218 INFO             PET1 PIOc_freedecomp Enter - MemInfo: [/proc/self/status]	VmPeak:	  210312 kB
20220314 020035.218 INFO             PET1 PIOc_freedecomp Enter - MemInfo: [/proc/self/status]	VmSize:	  210312 kB
20220314 020035.218 INFO             PET1 PIOc_freedecomp Enter - MemInfo: [/proc/self/status]	VmLck:	       0 kB
20220314 020035.218 INFO             PET1 PIOc_freedecomp Enter - MemInfo: [/proc/self/status]	VmPin:	       0 kB
20220314 020035.218 INFO             PET1 PIOc_freedecomp Enter - MemInfo: [/proc/self/status]	VmHWM:	   55628 kB
20220314 020035.218 INFO             PET1 PIOc_freedecomp Enter - MemInfo: [/proc/self/status]	VmRSS:	   55612 kB
20220314 020035.218 INFO             PET1 PIOc_freedecomp Enter - MemInfo: [/proc/self/status]	VmData:	   32644 kB
20220314 020035.218 INFO             PET1 PIOc_freedecomp Enter - MemInfo: [/proc/self/status]	VmStk:	     156 kB
20220314 020035.218 INFO             PET1 PIOc_freedecomp Enter - MemInfo: [/proc/self/status]	VmExe:	     332 kB
20220314 020035.218 INFO             PET1 PIOc_freedecomp Enter - MemInfo: [/proc/self/status]	VmLib:	  103544 kB
20220314 020035.218 INFO             PET1 PIOc_freedecomp Enter - MemInfo: [/proc/self/status]	VmPTE:	     408 kB
20220314 020035.218 INFO             PET1 PIOc_freedecomp Enter - MemInfo: [/proc/self/status]	VmSwap:	       0 kB
20220314 020035.218 INFO             PET1 PIOc_freedecomp Enter - MemInfo: [/proc/self/status]	VmRSSPercent: 0.010551 %
20220314 020035.218 INFO             PET1 PIOc_freedecomp Enter - MemInfo: [malloc] Non-mmapped space allocated:                26710016 Byte
20220314 020035.218 INFO             PET1 PIOc_freedecomp Enter - MemInfo: [malloc] Space allocated in mmapped regions:          2547712 Byte
20220314 020035.218 INFO             PET1 PIOc_freedecomp Enter - MemInfo: [malloc] Maximum total allocated space:                     0 Byte
20220314 020035.218 INFO             PET1 PIOc_freedecomp Enter - MemInfo: [malloc] Space in freed fastbin blocks:                    80 Byte
20220314 020035.218 INFO             PET1 PIOc_freedecomp Enter - MemInfo: [malloc] Total allocated space:                      11198224 Byte
20220314 020035.218 INFO             PET1 PIOc_freedecomp Enter - MemInfo: [malloc] Total free space:                           15511792 Byte
20220314 020035.218 INFO             PET1 PIOc_freedecomp Enter - MemInfo: [malloc] Top-most, releasable space:                  8523424 Byte
20220314 020035.218 INFO             PET1 PIOc_freedecomp Enter - MemInfo: [malloc] Total space in use, mmap + non-mmap:        13745936 Byte
20220314 020035.218 INFO             PET1 PIOc_freedecomp Enter - MemInfo: [malloc] Total space held (mmap + non-mmap):         29257728 Byte
20220314 020035.218 INFO             PET1 PIOc_freedecomp Enter - MemInfo: [malloc] Total space used (mmap + non-mmap):         13754144 Byte
20220314 020035.218 INFO             PET1 PIOc_freedecomp Enter - MemInfo: Wall-clock time since execution start:               0.529158 seconds
20220314 020035.218 INFO             PET1 PIOc_freedecomp Exit - MemInfo: [/proc/meminfo - SSI]	MemTotal:       527077124 kB
20220314 020035.218 INFO             PET1 PIOc_freedecomp Exit - MemInfo: [/proc/meminfo - SSI]	MemFree:        517149460 kB
20220314 020035.218 INFO             PET1 PIOc_freedecomp Exit - MemInfo: [/proc/meminfo - SSI]	MemAvailable:   517633304 kB
20220314 020035.218 INFO             PET1 PIOc_freedecomp Exit - MemInfo: [/proc/meminfo - SSI]	Committed_AS:    1837380 kB
20220314 020035.218 INFO             PET1 PIOc_freedecomp Exit - MemInfo: [/proc/meminfo - SSI]	CommittedPercent: 0.348598 %
20220314 020035.218 INFO             PET1 PIOc_freedecomp Exit - MemInfo: [/proc/self/status]	VmPeak:	  210312 kB
20220314 020035.218 INFO             PET1 PIOc_freedecomp Exit - MemInfo: [/proc/self/status]	VmSize:	  210312 kB
20220314 020035.218 INFO             PET1 PIOc_freedecomp Exit - MemInfo: [/proc/self/status]	VmLck:	       0 kB
20220314 020035.218 INFO             PET1 PIOc_freedecomp Exit - MemInfo: [/proc/self/status]	VmPin:	       0 kB
20220314 020035.218 INFO             PET1 PIOc_freedecomp Exit - MemInfo: [/proc/self/status]	VmHWM:	   55628 kB
20220314 020035.218 INFO             PET1 PIOc_freedecomp Exit - MemInfo: [/proc/self/status]	VmRSS:	   55612 kB
20220314 020035.218 INFO             PET1 PIOc_freedecomp Exit - MemInfo: [/proc/self/status]	VmData:	   32644 kB
20220314 020035.218 INFO             PET1 PIOc_freedecomp Exit - MemInfo: [/proc/self/status]	VmStk:	     156 kB
20220314 020035.218 INFO             PET1 PIOc_freedecomp Exit - MemInfo: [/proc/self/status]	VmExe:	     332 kB
20220314 020035.218 INFO             PET1 PIOc_freedecomp Exit - MemInfo: [/proc/self/status]	VmLib:	  103544 kB
20220314 020035.218 INFO             PET1 PIOc_freedecomp Exit - MemInfo: [/proc/self/status]	VmPTE:	     408 kB
20220314 020035.218 INFO             PET1 PIOc_freedecomp Exit - MemInfo: [/proc/self/status]	VmSwap:	       0 kB
20220314 020035.218 INFO             PET1 PIOc_freedecomp Exit - MemInfo: [/proc/self/status]	VmRSSPercent: 0.010551 %
20220314 020035.218 INFO             PET1 PIOc_freedecomp Exit - MemInfo: [malloc] Non-mmapped space allocated:                26710016 Byte
20220314 020035.218 INFO             PET1 PIOc_freedecomp Exit - MemInfo: [malloc] Space allocated in mmapped regions:          2547712 Byte
20220314 020035.218 INFO             PET1 PIOc_freedecomp Exit - MemInfo: [malloc] Maximum total allocated space:                     0 Byte
20220314 020035.218 INFO             PET1 PIOc_freedecomp Exit - MemInfo: [malloc] Space in freed fastbin blocks:                   368 Byte
20220314 020035.218 INFO             PET1 PIOc_freedecomp Exit - MemInfo: [malloc] Total allocated space:                      11197328 Byte
20220314 020035.218 INFO             PET1 PIOc_freedecomp Exit - MemInfo: [malloc] Total free space:                           15512688 Byte
20220314 020035.218 INFO             PET1 PIOc_freedecomp Exit - MemInfo: [malloc] Top-most, releasable space:                  8523424 Byte
20220314 020035.218 INFO             PET1 PIOc_freedecomp Exit - MemInfo: [malloc] Total space in use, mmap + non-mmap:        13745040 Byte
20220314 020035.218 INFO             PET1 PIOc_freedecomp Exit - MemInfo: [malloc] Total space held (mmap + non-mmap):         29257728 Byte
20220314 020035.218 INFO             PET1 PIOc_freedecomp Exit - MemInfo: [malloc] Total space used (mmap + non-mmap):         13753248 Byte
20220314 020035.218 INFO             PET1 PIOc_freedecomp Exit - MemInfo: Wall-clock time since execution start:               0.529362 seconds
20220314 020035.220 INFO             PET1 PIOc_sync Enter - MemInfo: [/proc/meminfo - SSI]	MemTotal:       527077124 kB
20220314 020035.220 INFO             PET1 PIOc_sync Enter - MemInfo: [/proc/meminfo - SSI]	MemFree:        517149964 kB
20220314 020035.220 INFO             PET1 PIOc_sync Enter - MemInfo: [/proc/meminfo - SSI]	MemAvailable:   517633808 kB
20220314 020035.220 INFO             PET1 PIOc_sync Enter - MemInfo: [/proc/meminfo - SSI]	Committed_AS:    1837380 kB
20220314 020035.220 INFO             PET1 PIOc_sync Enter - MemInfo: [/proc/meminfo - SSI]	CommittedPercent: 0.348598 %
20220314 020035.220 INFO             PET1 PIOc_sync Enter - MemInfo: [/proc/self/status]	VmPeak:	  210312 kB
20220314 020035.220 INFO             PET1 PIOc_sync Enter - MemInfo: [/proc/self/status]	VmSize:	  210312 kB
20220314 020035.220 INFO             PET1 PIOc_sync Enter - MemInfo: [/proc/self/status]	VmLck:	       0 kB
20220314 020035.220 INFO             PET1 PIOc_sync Enter - MemInfo: [/proc/self/status]	VmPin:	       0 kB
20220314 020035.220 INFO             PET1 PIOc_sync Enter - MemInfo: [/proc/self/status]	VmHWM:	   55628 kB
20220314 020035.220 INFO             PET1 PIOc_sync Enter - MemInfo: [/proc/self/status]	VmRSS:	   55612 kB
20220314 020035.220 INFO             PET1 PIOc_sync Enter - MemInfo: [/proc/self/status]	VmData:	   32644 kB
20220314 020035.220 INFO             PET1 PIOc_sync Enter - MemInfo: [/proc/self/status]	VmStk:	     156 kB
20220314 020035.220 INFO             PET1 PIOc_sync Enter - MemInfo: [/proc/self/status]	VmExe:	     332 kB
20220314 020035.220 INFO             PET1 PIOc_sync Enter - MemInfo: [/proc/self/status]	VmLib:	  103544 kB
20220314 020035.220 INFO             PET1 PIOc_sync Enter - MemInfo: [/proc/self/status]	VmPTE:	     408 kB
20220314 020035.220 INFO             PET1 PIOc_sync Enter - MemInfo: [/proc/self/status]	VmSwap:	       0 kB
20220314 020035.220 INFO             PET1 PIOc_sync Enter - MemInfo: [/proc/self/status]	VmRSSPercent: 0.010551 %
20220314 020035.220 INFO             PET1 PIOc_sync Enter - MemInfo: [malloc] Non-mmapped space allocated:                26710016 Byte
20220314 020035.220 INFO             PET1 PIOc_sync Enter - MemInfo: [malloc] Space allocated in mmapped regions:          2547712 Byte
20220314 020035.220 INFO             PET1 PIOc_sync Enter - MemInfo: [malloc] Maximum total allocated space:                     0 Byte
20220314 020035.220 INFO             PET1 PIOc_sync Enter - MemInfo: [malloc] Space in freed fastbin blocks:                    48 Byte
20220314 020035.220 INFO             PET1 PIOc_sync Enter - MemInfo: [malloc] Total allocated space:                      11199008 Byte
20220314 020035.220 INFO             PET1 PIOc_sync Enter - MemInfo: [malloc] Total free space:                           15511008 Byte
20220314 020035.220 INFO             PET1 PIOc_sync Enter - MemInfo: [malloc] Top-most, releasable space:                  8523424 Byte
20220314 020035.220 INFO             PET1 PIOc_sync Enter - MemInfo: [malloc] Total space in use, mmap + non-mmap:        13746720 Byte
20220314 020035.220 INFO             PET1 PIOc_sync Enter - MemInfo: [malloc] Total space held (mmap + non-mmap):         29257728 Byte
20220314 020035.220 INFO             PET1 PIOc_sync Enter - MemInfo: [malloc] Total space used (mmap + non-mmap):         13754928 Byte
20220314 020035.220 INFO             PET1 PIOc_sync Enter - MemInfo: Wall-clock time since execution start:               0.530862 seconds
20220314 020035.220 INFO             PET1 PIOc_sync Exit - MemInfo: [/proc/meminfo - SSI]	MemTotal:       527077124 kB
20220314 020035.220 INFO             PET1 PIOc_sync Exit - MemInfo: [/proc/meminfo - SSI]	MemFree:        517149964 kB
20220314 020035.220 INFO             PET1 PIOc_sync Exit - MemInfo: [/proc/meminfo - SSI]	MemAvailable:   517633808 kB
20220314 020035.220 INFO             PET1 PIOc_sync Exit - MemInfo: [/proc/meminfo - SSI]	Committed_AS:    1837380 kB
20220314 020035.220 INFO             PET1 PIOc_sync Exit - MemInfo: [/proc/meminfo - SSI]	CommittedPercent: 0.348598 %
20220314 020035.220 INFO             PET1 PIOc_sync Exit - MemInfo: [/proc/self/status]	VmPeak:	  210312 kB
20220314 020035.220 INFO             PET1 PIOc_sync Exit - MemInfo: [/proc/self/status]	VmSize:	  210312 kB
20220314 020035.220 INFO             PET1 PIOc_sync Exit - MemInfo: [/proc/self/status]	VmLck:	       0 kB
20220314 020035.220 INFO             PET1 PIOc_sync Exit - MemInfo: [/proc/self/status]	VmPin:	       0 kB
20220314 020035.220 INFO             PET1 PIOc_sync Exit - MemInfo: [/proc/self/status]	VmHWM:	   55628 kB
20220314 020035.220 INFO             PET1 PIOc_sync Exit - MemInfo: [/proc/self/status]	VmRSS:	   55612 kB
20220314 020035.220 INFO             PET1 PIOc_sync Exit - MemInfo: [/proc/self/status]	VmData:	   32644 kB
20220314 020035.220 INFO             PET1 PIOc_sync Exit - MemInfo: [/proc/self/status]	VmStk:	     156 kB
20220314 020035.220 INFO             PET1 PIOc_sync Exit - MemInfo: [/proc/self/status]	VmExe:	     332 kB
20220314 020035.220 INFO             PET1 PIOc_sync Exit - MemInfo: [/proc/self/status]	VmLib:	  103544 kB
20220314 020035.220 INFO             PET1 PIOc_sync Exit - MemInfo: [/proc/self/status]	VmPTE:	     408 kB
20220314 020035.220 INFO             PET1 PIOc_sync Exit - MemInfo: [/proc/self/status]	VmSwap:	       0 kB
20220314 020035.220 INFO             PET1 PIOc_sync Exit - MemInfo: [/proc/self/status]	VmRSSPercent: 0.010551 %
20220314 020035.220 INFO             PET1 PIOc_sync Exit - MemInfo: [malloc] Non-mmapped space allocated:                26710016 Byte
20220314 020035.220 INFO             PET1 PIOc_sync Exit - MemInfo: [malloc] Space allocated in mmapped regions:          2547712 Byte
20220314 020035.220 INFO             PET1 PIOc_sync Exit - MemInfo: [malloc] Maximum total allocated space:                     0 Byte
20220314 020035.220 INFO             PET1 PIOc_sync Exit - MemInfo: [malloc] Space in freed fastbin blocks:                     0 Byte
20220314 020035.220 INFO             PET1 PIOc_sync Exit - MemInfo: [malloc] Total allocated space:                      11199296 Byte
20220314 020035.220 INFO             PET1 PIOc_sync Exit - MemInfo: [malloc] Total free space:                           15510720 Byte
20220314 020035.220 INFO             PET1 PIOc_sync Exit - MemInfo: [malloc] Top-most, releasable space:                  8523424 Byte
20220314 020035.220 INFO             PET1 PIOc_sync Exit - MemInfo: [malloc] Total space in use, mmap + non-mmap:        13747008 Byte
20220314 020035.220 INFO             PET1 PIOc_sync Exit - MemInfo: [malloc] Total space held (mmap + non-mmap):         29257728 Byte
20220314 020035.220 INFO             PET1 PIOc_sync Exit - MemInfo: [malloc] Total space used (mmap + non-mmap):         13755216 Byte
20220314 020035.220 INFO             PET1 PIOc_sync Exit - MemInfo: Wall-clock time since execution start:               0.531136 seconds
20220314 020035.220 INFO             PET1 PIOc_freedecomp Enter - MemInfo: [/proc/meminfo - SSI]	MemTotal:       527077124 kB
20220314 020035.220 INFO             PET1 PIOc_freedecomp Enter - MemInfo: [/proc/meminfo - SSI]	MemFree:        517149964 kB
20220314 020035.220 INFO             PET1 PIOc_freedecomp Enter - MemInfo: [/proc/meminfo - SSI]	MemAvailable:   517633808 kB
20220314 020035.220 INFO             PET1 PIOc_freedecomp Enter - MemInfo: [/proc/meminfo - SSI]	Committed_AS:    1837380 kB
20220314 020035.220 INFO             PET1 PIOc_freedecomp Enter - MemInfo: [/proc/meminfo - SSI]	CommittedPercent: 0.348598 %
20220314 020035.220 INFO             PET1 PIOc_freedecomp Enter - MemInfo: [/proc/self/status]	VmPeak:	  210312 kB
20220314 020035.220 INFO             PET1 PIOc_freedecomp Enter - MemInfo: [/proc/self/status]	VmSize:	  210312 kB
20220314 020035.220 INFO             PET1 PIOc_freedecomp Enter - MemInfo: [/proc/self/status]	VmLck:	       0 kB
20220314 020035.220 INFO             PET1 PIOc_freedecomp Enter - MemInfo: [/proc/self/status]	VmPin:	       0 kB
20220314 020035.220 INFO             PET1 PIOc_freedecomp Enter - MemInfo: [/proc/self/status]	VmHWM:	   55628 kB
20220314 020035.220 INFO             PET1 PIOc_freedecomp Enter - MemInfo: [/proc/self/status]	VmRSS:	   55612 kB
20220314 020035.220 INFO             PET1 PIOc_freedecomp Enter - MemInfo: [/proc/self/status]	VmData:	   32644 kB
20220314 020035.220 INFO             PET1 PIOc_freedecomp Enter - MemInfo: [/proc/self/status]	VmStk:	     156 kB
20220314 020035.220 INFO             PET1 PIOc_freedecomp Enter - MemInfo: [/proc/self/status]	VmExe:	     332 kB
20220314 020035.220 INFO             PET1 PIOc_freedecomp Enter - MemInfo: [/proc/self/status]	VmLib:	  103544 kB
20220314 020035.220 INFO             PET1 PIOc_freedecomp Enter - MemInfo: [/proc/self/status]	VmPTE:	     408 kB
20220314 020035.220 INFO             PET1 PIOc_freedecomp Enter - MemInfo: [/proc/self/status]	VmSwap:	       0 kB
20220314 020035.220 INFO             PET1 PIOc_freedecomp Enter - MemInfo: [/proc/self/status]	VmRSSPercent: 0.010551 %
20220314 020035.220 INFO             PET1 PIOc_freedecomp Enter - MemInfo: [malloc] Non-mmapped space allocated:                26710016 Byte
20220314 020035.220 INFO             PET1 PIOc_freedecomp Enter - MemInfo: [malloc] Space allocated in mmapped regions:          2547712 Byte
20220314 020035.220 INFO             PET1 PIOc_freedecomp Enter - MemInfo: [malloc] Maximum total allocated space:                     0 Byte
20220314 020035.220 INFO             PET1 PIOc_freedecomp Enter - MemInfo: [malloc] Space in freed fastbin blocks:                    80 Byte
20220314 020035.220 INFO             PET1 PIOc_freedecomp Enter - MemInfo: [malloc] Total allocated space:                      11198624 Byte
20220314 020035.220 INFO             PET1 PIOc_freedecomp Enter - MemInfo: [malloc] Total free space:                           15511392 Byte
20220314 020035.220 INFO             PET1 PIOc_freedecomp Enter - MemInfo: [malloc] Top-most, releasable space:                  8523424 Byte
20220314 020035.220 INFO             PET1 PIOc_freedecomp Enter - MemInfo: [malloc] Total space in use, mmap + non-mmap:        13746336 Byte
20220314 020035.220 INFO             PET1 PIOc_freedecomp Enter - MemInfo: [malloc] Total space held (mmap + non-mmap):         29257728 Byte
20220314 020035.220 INFO             PET1 PIOc_freedecomp Enter - MemInfo: [malloc] Total space used (mmap + non-mmap):         13754544 Byte
20220314 020035.220 INFO             PET1 PIOc_freedecomp Enter - MemInfo: Wall-clock time since execution start:               0.531446 seconds
20220314 020035.220 INFO             PET1 PIOc_freedecomp Exit - MemInfo: [/proc/meminfo - SSI]	MemTotal:       527077124 kB
20220314 020035.220 INFO             PET1 PIOc_freedecomp Exit - MemInfo: [/proc/meminfo - SSI]	MemFree:        517149964 kB
20220314 020035.220 INFO             PET1 PIOc_freedecomp Exit - MemInfo: [/proc/meminfo - SSI]	MemAvailable:   517633808 kB
20220314 020035.220 INFO             PET1 PIOc_freedecomp Exit - MemInfo: [/proc/meminfo - SSI]	Committed_AS:    1837380 kB
20220314 020035.220 INFO             PET1 PIOc_freedecomp Exit - MemInfo: [/proc/meminfo - SSI]	CommittedPercent: 0.348598 %
20220314 020035.220 INFO             PET1 PIOc_freedecomp Exit - MemInfo: [/proc/self/status]	VmPeak:	  210312 kB
20220314 020035.220 INFO             PET1 PIOc_freedecomp Exit - MemInfo: [/proc/self/status]	VmSize:	  210312 kB
20220314 020035.220 INFO             PET1 PIOc_freedecomp Exit - MemInfo: [/proc/self/status]	VmLck:	       0 kB
20220314 020035.220 INFO             PET1 PIOc_freedecomp Exit - MemInfo: [/proc/self/status]	VmPin:	       0 kB
20220314 020035.220 INFO             PET1 PIOc_freedecomp Exit - MemInfo: [/proc/self/status]	VmHWM:	   55628 kB
20220314 020035.220 INFO             PET1 PIOc_freedecomp Exit - MemInfo: [/proc/self/status]	VmRSS:	   55612 kB
20220314 020035.220 INFO             PET1 PIOc_freedecomp Exit - MemInfo: [/proc/self/status]	VmData:	   32644 kB
20220314 020035.220 INFO             PET1 PIOc_freedecomp Exit - MemInfo: [/proc/self/status]	VmStk:	     156 kB
20220314 020035.221 INFO             PET1 PIOc_freedecomp Exit - MemInfo: [/proc/self/status]	VmExe:	     332 kB
20220314 020035.221 INFO             PET1 PIOc_freedecomp Exit - MemInfo: [/proc/self/status]	VmLib:	  103544 kB
20220314 020035.221 INFO             PET1 PIOc_freedecomp Exit - MemInfo: [/proc/self/status]	VmPTE:	     408 kB
20220314 020035.221 INFO             PET1 PIOc_freedecomp Exit - MemInfo: [/proc/self/status]	VmSwap:	       0 kB
20220314 020035.221 INFO             PET1 PIOc_freedecomp Exit - MemInfo: [/proc/self/status]	VmRSSPercent: 0.010551 %
20220314 020035.221 INFO             PET1 PIOc_freedecomp Exit - MemInfo: [malloc] Non-mmapped space allocated:                26710016 Byte
20220314 020035.221 INFO             PET1 PIOc_freedecomp Exit - MemInfo: [malloc] Space allocated in mmapped regions:          2547712 Byte
20220314 020035.221 INFO             PET1 PIOc_freedecomp Exit - MemInfo: [malloc] Maximum total allocated space:                     0 Byte
20220314 020035.221 INFO             PET1 PIOc_freedecomp Exit - MemInfo: [malloc] Space in freed fastbin blocks:                   464 Byte
20220314 020035.221 INFO             PET1 PIOc_freedecomp Exit - MemInfo: [malloc] Total allocated space:                      11197328 Byte
20220314 020035.221 INFO             PET1 PIOc_freedecomp Exit - MemInfo: [malloc] Total free space:                           15512688 Byte
20220314 020035.221 INFO             PET1 PIOc_freedecomp Exit - MemInfo: [malloc] Top-most, releasable space:                  8523424 Byte
20220314 020035.221 INFO             PET1 PIOc_freedecomp Exit - MemInfo: [malloc] Total space in use, mmap + non-mmap:        13745040 Byte
20220314 020035.221 INFO             PET1 PIOc_freedecomp Exit - MemInfo: [malloc] Total space held (mmap + non-mmap):         29257728 Byte
20220314 020035.221 INFO             PET1 PIOc_freedecomp Exit - MemInfo: [malloc] Total space used (mmap + non-mmap):         13753248 Byte
20220314 020035.221 INFO             PET1 PIOc_freedecomp Exit - MemInfo: Wall-clock time since execution start:               0.531638 seconds
20220314 020035.225 INFO             PET1  PASS  ESMF_FieldRegridStoreFromFile Unit Test, ESMF_FieldSMMFromFileUTest.F90, line 315
20220314 020035.225 INFO             PET1  Ending Test, file ESMF_FieldSMMFromFileUTest.F90, line 322
20220314 020035.225 INFO             PET1 Finalizing ESMF
20220314 020034.691 INFO             PET2 !!!!!!!!!!!!!!!!!!!!!!!!!!!!!!!!!!!!!!!!!!!!!!!!!!!!!!
20220314 020034.691 INFO             PET2 !!! THE ESMF_LOG IS SET TO OUTPUT ALL LOG MESSAGES !!!
20220314 020034.691 INFO             PET2 !!!     THIS MAY CAUSE SLOWDOWN IN PERFORMANCE     !!!
20220314 020034.691 INFO             PET2 !!! FOR PRODUCTION RUNS, USE:                      !!!
20220314 020034.691 INFO             PET2 !!!                   ESMF_LOGKIND_Multi_On_Error  !!!
20220314 020034.691 INFO             PET2 !!!!!!!!!!!!!!!!!!!!!!!!!!!!!!!!!!!!!!!!!!!!!!!!!!!!!!
20220314 020034.691 INFO             PET2 Running with ESMF Version   : v8.3.0b09-96-g559b459836
20220314 020034.691 INFO             PET2 ESMF library build date/time: "Mar 14 2022" "01:48:51"
20220314 020034.691 INFO             PET2 ESMF library build location : /lfs/h1/emc/ptmp/Mark.Potts/gfortran_10.3.0_mpich3_g_jedwards_pio_update2
20220314 020034.691 INFO             PET2 ESMF_COMM                   : mpich3
20220314 020034.691 INFO             PET2 ESMF_MOAB                   : enabled
20220314 020034.691 INFO             PET2 ESMF_LAPACK                 : enabled
20220314 020034.691 INFO             PET2 ESMF_NETCDF                 : enabled
20220314 020034.691 INFO             PET2 ESMF_PNETCDF                : disabled
20220314 020034.691 INFO             PET2 ESMF_PIO                    : enabled
20220314 020034.691 INFO             PET2 ESMF_YAMLCPP                : enabled
20220314 020034.691 INFO             PET2  Beginning Test, file ESMF_FieldSMMFromFileUTest.F90, line 287
20220314 020034.691 INFO             PET2  NUMBER_OF_PROCESSORS           4
20220314 020035.201 INFO             PET2  PASS  ESMF_FieldSMMFromFile Unit Test, ESMF_FieldSMMFromFileUTest.F90, line 300
20220314 020035.215 INFO             PET2 PIOc_sync Enter - MemInfo: [/proc/meminfo - SSI]	MemTotal:       527077124 kB
20220314 020035.215 INFO             PET2 PIOc_sync Enter - MemInfo: [/proc/meminfo - SSI]	MemFree:        517149460 kB
20220314 020035.215 INFO             PET2 PIOc_sync Enter - MemInfo: [/proc/meminfo - SSI]	MemAvailable:   517633304 kB
20220314 020035.215 INFO             PET2 PIOc_sync Enter - MemInfo: [/proc/meminfo - SSI]	Committed_AS:    1837380 kB
20220314 020035.215 INFO             PET2 PIOc_sync Enter - MemInfo: [/proc/meminfo - SSI]	CommittedPercent: 0.348598 %
20220314 020035.215 INFO             PET2 PIOc_sync Enter - MemInfo: [/proc/self/status]	VmPeak:	  205208 kB
20220314 020035.215 INFO             PET2 PIOc_sync Enter - MemInfo: [/proc/self/status]	VmSize:	  205208 kB
20220314 020035.215 INFO             PET2 PIOc_sync Enter - MemInfo: [/proc/self/status]	VmLck:	       0 kB
20220314 020035.215 INFO             PET2 PIOc_sync Enter - MemInfo: [/proc/self/status]	VmPin:	       0 kB
20220314 020035.215 INFO             PET2 PIOc_sync Enter - MemInfo: [/proc/self/status]	VmHWM:	   51060 kB
20220314 020035.215 INFO             PET2 PIOc_sync Enter - MemInfo: [/proc/self/status]	VmRSS:	   51060 kB
20220314 020035.215 INFO             PET2 PIOc_sync Enter - MemInfo: [/proc/self/status]	VmData:	   27540 kB
20220314 020035.215 INFO             PET2 PIOc_sync Enter - MemInfo: [/proc/self/status]	VmStk:	     156 kB
20220314 020035.215 INFO             PET2 PIOc_sync Enter - MemInfo: [/proc/self/status]	VmExe:	     332 kB
20220314 020035.215 INFO             PET2 PIOc_sync Enter - MemInfo: [/proc/self/status]	VmLib:	  103544 kB
20220314 020035.215 INFO             PET2 PIOc_sync Enter - MemInfo: [/proc/self/status]	VmPTE:	     428 kB
20220314 020035.215 INFO             PET2 PIOc_sync Enter - MemInfo: [/proc/self/status]	VmSwap:	       0 kB
20220314 020035.215 INFO             PET2 PIOc_sync Enter - MemInfo: [/proc/self/status]	VmRSSPercent: 0.00968739 %
20220314 020035.215 INFO             PET2 PIOc_sync Enter - MemInfo: [malloc] Non-mmapped space allocated:                21483520 Byte
20220314 020035.215 INFO             PET2 PIOc_sync Enter - MemInfo: [malloc] Space allocated in mmapped regions:          2547712 Byte
20220314 020035.215 INFO             PET2 PIOc_sync Enter - MemInfo: [malloc] Maximum total allocated space:                     0 Byte
20220314 020035.215 INFO             PET2 PIOc_sync Enter - MemInfo: [malloc] Space in freed fastbin blocks:                    48 Byte
20220314 020035.215 INFO             PET2 PIOc_sync Enter - MemInfo: [malloc] Total allocated space:                      11194560 Byte
20220314 020035.215 INFO             PET2 PIOc_sync Enter - MemInfo: [malloc] Total free space:                           10288960 Byte
20220314 020035.215 INFO             PET2 PIOc_sync Enter - MemInfo: [malloc] Top-most, releasable space:                  7735264 Byte
20220314 020035.215 INFO             PET2 PIOc_sync Enter - MemInfo: [malloc] Total space in use, mmap + non-mmap:        13742272 Byte
20220314 020035.215 INFO             PET2 PIOc_sync Enter - MemInfo: [malloc] Total space held (mmap + non-mmap):         24031232 Byte
20220314 020035.215 INFO             PET2 PIOc_sync Enter - MemInfo: [malloc] Total space used (mmap + non-mmap):         13751008 Byte
20220314 020035.215 INFO             PET2 PIOc_sync Enter - MemInfo: Wall-clock time since execution start:               0.525987 seconds
20220314 020035.215 INFO             PET2 PIOc_sync Exit - MemInfo: [/proc/meminfo - SSI]	MemTotal:       527077124 kB
20220314 020035.215 INFO             PET2 PIOc_sync Exit - MemInfo: [/proc/meminfo - SSI]	MemFree:        517149460 kB
20220314 020035.215 INFO             PET2 PIOc_sync Exit - MemInfo: [/proc/meminfo - SSI]	MemAvailable:   517633304 kB
20220314 020035.215 INFO             PET2 PIOc_sync Exit - MemInfo: [/proc/meminfo - SSI]	Committed_AS:    1837380 kB
20220314 020035.215 INFO             PET2 PIOc_sync Exit - MemInfo: [/proc/meminfo - SSI]	CommittedPercent: 0.348598 %
20220314 020035.215 INFO             PET2 PIOc_sync Exit - MemInfo: [/proc/self/status]	VmPeak:	  205208 kB
20220314 020035.215 INFO             PET2 PIOc_sync Exit - MemInfo: [/proc/self/status]	VmSize:	  205208 kB
20220314 020035.215 INFO             PET2 PIOc_sync Exit - MemInfo: [/proc/self/status]	VmLck:	       0 kB
20220314 020035.215 INFO             PET2 PIOc_sync Exit - MemInfo: [/proc/self/status]	VmPin:	       0 kB
20220314 020035.215 INFO             PET2 PIOc_sync Exit - MemInfo: [/proc/self/status]	VmHWM:	   51060 kB
20220314 020035.215 INFO             PET2 PIOc_sync Exit - MemInfo: [/proc/self/status]	VmRSS:	   51060 kB
20220314 020035.215 INFO             PET2 PIOc_sync Exit - MemInfo: [/proc/self/status]	VmData:	   27540 kB
20220314 020035.215 INFO             PET2 PIOc_sync Exit - MemInfo: [/proc/self/status]	VmStk:	     156 kB
20220314 020035.215 INFO             PET2 PIOc_sync Exit - MemInfo: [/proc/self/status]	VmExe:	     332 kB
20220314 020035.215 INFO             PET2 PIOc_sync Exit - MemInfo: [/proc/self/status]	VmLib:	  103544 kB
20220314 020035.215 INFO             PET2 PIOc_sync Exit - MemInfo: [/proc/self/status]	VmPTE:	     428 kB
20220314 020035.215 INFO             PET2 PIOc_sync Exit - MemInfo: [/proc/self/status]	VmSwap:	       0 kB
20220314 020035.215 INFO             PET2 PIOc_sync Exit - MemInfo: [/proc/self/status]	VmRSSPercent: 0.00968739 %
20220314 020035.215 INFO             PET2 PIOc_sync Exit - MemInfo: [malloc] Non-mmapped space allocated:                21483520 Byte
20220314 020035.215 INFO             PET2 PIOc_sync Exit - MemInfo: [malloc] Space allocated in mmapped regions:          2547712 Byte
20220314 020035.215 INFO             PET2 PIOc_sync Exit - MemInfo: [malloc] Maximum total allocated space:                     0 Byte
20220314 020035.215 INFO             PET2 PIOc_sync Exit - MemInfo: [malloc] Space in freed fastbin blocks:                     0 Byte
20220314 020035.215 INFO             PET2 PIOc_sync Exit - MemInfo: [malloc] Total allocated space:                      11195312 Byte
20220314 020035.215 INFO             PET2 PIOc_sync Exit - MemInfo: [malloc] Total free space:                           10288208 Byte
20220314 020035.215 INFO             PET2 PIOc_sync Exit - MemInfo: [malloc] Top-most, releasable space:                  7735264 Byte
20220314 020035.215 INFO             PET2 PIOc_sync Exit - MemInfo: [malloc] Total space in use, mmap + non-mmap:        13743024 Byte
20220314 020035.215 INFO             PET2 PIOc_sync Exit - MemInfo: [malloc] Total space held (mmap + non-mmap):         24031232 Byte
20220314 020035.215 INFO             PET2 PIOc_sync Exit - MemInfo: [malloc] Total space used (mmap + non-mmap):         13751232 Byte
20220314 020035.215 INFO             PET2 PIOc_sync Exit - MemInfo: Wall-clock time since execution start:               0.526301 seconds
20220314 020035.215 INFO             PET2 PIOc_freedecomp Enter - MemInfo: [/proc/meminfo - SSI]	MemTotal:       527077124 kB
20220314 020035.215 INFO             PET2 PIOc_freedecomp Enter - MemInfo: [/proc/meminfo - SSI]	MemFree:        517149460 kB
20220314 020035.215 INFO             PET2 PIOc_freedecomp Enter - MemInfo: [/proc/meminfo - SSI]	MemAvailable:   517633304 kB
20220314 020035.215 INFO             PET2 PIOc_freedecomp Enter - MemInfo: [/proc/meminfo - SSI]	Committed_AS:    1837380 kB
20220314 020035.215 INFO             PET2 PIOc_freedecomp Enter - MemInfo: [/proc/meminfo - SSI]	CommittedPercent: 0.348598 %
20220314 020035.215 INFO             PET2 PIOc_freedecomp Enter - MemInfo: [/proc/self/status]	VmPeak:	  205208 kB
20220314 020035.215 INFO             PET2 PIOc_freedecomp Enter - MemInfo: [/proc/self/status]	VmSize:	  205208 kB
20220314 020035.215 INFO             PET2 PIOc_freedecomp Enter - MemInfo: [/proc/self/status]	VmLck:	       0 kB
