build time -- 2022-03-14 01:49:52
20220314 020038.741 INFO             PET0 !!!!!!!!!!!!!!!!!!!!!!!!!!!!!!!!!!!!!!!!!!!!!!!!!!!!!!
20220314 020038.741 INFO             PET0 !!! THE ESMF_LOG IS SET TO OUTPUT ALL LOG MESSAGES !!!
20220314 020038.741 INFO             PET0 !!!     THIS MAY CAUSE SLOWDOWN IN PERFORMANCE     !!!
20220314 020038.741 INFO             PET0 !!! FOR PRODUCTION RUNS, USE:                      !!!
20220314 020038.741 INFO             PET0 !!!                   ESMF_LOGKIND_Multi_On_Error  !!!
20220314 020038.741 INFO             PET0 !!!!!!!!!!!!!!!!!!!!!!!!!!!!!!!!!!!!!!!!!!!!!!!!!!!!!!
20220314 020038.741 INFO             PET0 Running with ESMF Version   : v8.3.0b09-96-g559b459836
20220314 020038.741 INFO             PET0 ESMF library build date/time: "Mar 14 2022" "01:48:51"
20220314 020038.741 INFO             PET0 ESMF library build location : /lfs/h1/emc/ptmp/Mark.Potts/gfortran_10.3.0_mpich3_g_jedwards_pio_update2
20220314 020038.741 INFO             PET0 ESMF_COMM                   : mpich3
20220314 020038.741 INFO             PET0 ESMF_MOAB                   : enabled
20220314 020038.741 INFO             PET0 ESMF_LAPACK                 : enabled
20220314 020038.741 INFO             PET0 ESMF_NETCDF                 : enabled
20220314 020038.741 INFO             PET0 ESMF_PNETCDF                : disabled
20220314 020038.741 INFO             PET0 ESMF_PIO                    : enabled
20220314 020038.741 INFO             PET0 ESMF_YAMLCPP                : enabled
20220314 020038.742 INFO             PET0  Beginning Test, file ESMF_FieldBundleIOUTest.F90, line 71
20220314 020038.742 INFO             PET0  NUMBER_OF_PROCESSORS           4
20220314 020038.743 INFO             PET0  PASS  Creating a Grid to use in Field Tests, ESMF_FieldBundleIOUTest.F90, line 92
20220314 020038.744 INFO             PET0  PASS  Create dimensions attribute package on shared Grid Test, ESMF_FieldBundleIOUTest.F90, line 102
20220314 020038.744 INFO             PET0  PASS  Set dimensions attribute package on Grid Test, ESMF_FieldBundleIOUTest.F90, line 113
20220314 020038.744 INFO             PET0  PASS  Creating a 2 DE/PET Grid to use in Field Tests, ESMF_FieldBundleIOUTest.F90, line 123
20220314 020038.744 INFO             PET0  PASS  Create dimensions attribute package on 2 DE/PET Grid Test, ESMF_FieldBundleIOUTest.F90, line 133
20220314 020038.744 INFO             PET0  PASS  Set dimensions attribute package on Grid Test, ESMF_FieldBundleIOUTest.F90, line 144
20220314 020038.745 INFO             PET0  PASS  Create a field from grid and fortran dummy array, ESMF_FieldBundleIOUTest.F90, line 182
20220314 020038.745 INFO             PET0  PASS  Create attribute package on Field(1) Test, ESMF_FieldBundleIOUTest.F90, line 195
20220314 020038.745 INFO             PET0  PASS  Set attribute values on Field(1) Test, ESMF_FieldBundleIOUTest.F90, line 208
20220314 020038.745 INFO             PET0  PASS  Create a field from grid and fortran dummy array, ESMF_FieldBundleIOUTest.F90, line 218
20220314 020038.745 INFO             PET0  PASS  Create attribute package on Field(2) Test, ESMF_FieldBundleIOUTest.F90, line 230
20220314 020038.746 INFO             PET0  PASS  Set attribute values on Field(2) Test, ESMF_FieldBundleIOUTest.F90, line 243
20220314 020038.746 INFO             PET0  PASS  Array Spec Set, ESMF_FieldBundleIOUTest.F90, line 253
20220314 020038.746 INFO             PET0  PASS  Create a field from 2 DE/PET grid, ESMF_FieldBundleIOUTest.F90, line 263
20220314 020038.746 INFO             PET0  PASS  Create attribute package on Field(3) Test, ESMF_FieldBundleIOUTest.F90, line 275
20220314 020038.746 INFO             PET0  PASS  Set attribute values on Field(3) Test, ESMF_FieldBundleIOUTest.F90, line 288
20220314 020038.746 INFO             PET0  PASS  Get and fill Farray_w from field DE 0, ESMF_FieldBundleIOUTest.F90, line 298
20220314 020038.746 INFO             PET0  PASS  Get and fill Farray_w from field DE 1, ESMF_FieldBundleIOUTest.F90, line 308
20220314 020038.746 INFO             PET0  PASS  Create a bundle from 3 fields, ESMF_FieldBundleIOUTest.F90, line 317
20220314 020038.746 INFO             PET0  PASS  Create attribute package on FieldBundle single Test, ESMF_FieldBundleIOUTest.F90, line 329
20220314 020038.746 INFO             PET0  PASS  Set attribute values on FieldBundle single Test, ESMF_FieldBundleIOUTest.F90, line 342
20220314 020038.757 INFO             PET0 PIOc_sync Enter - MemInfo: [/proc/meminfo - SSI]	MemTotal:       527077124 kB
20220314 020038.757 INFO             PET0 PIOc_sync Enter - MemInfo: [/proc/meminfo - SSI]	MemFree:        517216816 kB
20220314 020038.757 INFO             PET0 PIOc_sync Enter - MemInfo: [/proc/meminfo - SSI]	MemAvailable:   517701344 kB
20220314 020038.757 INFO             PET0 PIOc_sync Enter - MemInfo: [/proc/meminfo - SSI]	Committed_AS:    1735480 kB
20220314 020038.757 INFO             PET0 PIOc_sync Enter - MemInfo: [/proc/meminfo - SSI]	CommittedPercent: 0.329265 %
20220314 020038.757 INFO             PET0 PIOc_sync Enter - MemInfo: [/proc/self/status]	VmPeak:	  195588 kB
20220314 020038.757 INFO             PET0 PIOc_sync Enter - MemInfo: [/proc/self/status]	VmSize:	  195276 kB
20220314 020038.757 INFO             PET0 PIOc_sync Enter - MemInfo: [/proc/self/status]	VmLck:	       0 kB
20220314 020038.757 INFO             PET0 PIOc_sync Enter - MemInfo: [/proc/self/status]	VmPin:	       0 kB
20220314 020038.757 INFO             PET0 PIOc_sync Enter - MemInfo: [/proc/self/status]	VmHWM:	   41840 kB
20220314 020038.757 INFO             PET0 PIOc_sync Enter - MemInfo: [/proc/self/status]	VmRSS:	   41832 kB
20220314 020038.757 INFO             PET0 PIOc_sync Enter - MemInfo: [/proc/self/status]	VmData:	   17572 kB
20220314 020038.757 INFO             PET0 PIOc_sync Enter - MemInfo: [/proc/self/status]	VmStk:	     156 kB
20220314 020038.757 INFO             PET0 PIOc_sync Enter - MemInfo: [/proc/self/status]	VmExe:	     368 kB
20220314 020038.757 INFO             PET0 PIOc_sync Enter - MemInfo: [/proc/self/status]	VmLib:	  103544 kB
20220314 020038.757 INFO             PET0 PIOc_sync Enter - MemInfo: [/proc/self/status]	VmPTE:	     392 kB
20220314 020038.757 INFO             PET0 PIOc_sync Enter - MemInfo: [/proc/self/status]	VmSwap:	       0 kB
20220314 020038.757 INFO             PET0 PIOc_sync Enter - MemInfo: [/proc/self/status]	VmRSSPercent: 0.0079366 %
20220314 020038.757 INFO             PET0 PIOc_sync Enter - MemInfo: [malloc] Non-mmapped space allocated:                 1425408 Byte
20220314 020038.757 INFO             PET0 PIOc_sync Enter - MemInfo: [malloc] Space allocated in mmapped regions:         12398592 Byte
20220314 020038.757 INFO             PET0 PIOc_sync Enter - MemInfo: [malloc] Maximum total allocated space:                     0 Byte
20220314 020038.757 INFO             PET0 PIOc_sync Enter - MemInfo: [malloc] Space in freed fastbin blocks:                   816 Byte
20220314 020038.757 INFO             PET0 PIOc_sync Enter - MemInfo: [malloc] Total allocated space:                       1278896 Byte
20220314 020038.757 INFO             PET0 PIOc_sync Enter - MemInfo: [malloc] Total free space:                             146512 Byte
20220314 020038.757 INFO             PET0 PIOc_sync Enter - MemInfo: [malloc] Top-most, releasable space:                   133648 Byte
20220314 020038.757 INFO             PET0 PIOc_sync Enter - MemInfo: [malloc] Total space in use, mmap + non-mmap:        13677488 Byte
20220314 020038.757 INFO             PET0 PIOc_sync Enter - MemInfo: [malloc] Total space held (mmap + non-mmap):         13824000 Byte
20220314 020038.757 INFO             PET0 PIOc_sync Enter - MemInfo: [malloc] Total space used (mmap + non-mmap):         13685808 Byte
20220314 020038.757 INFO             PET0 PIOc_sync Enter - MemInfo: Wall-clock time since execution start:               0.017968 seconds
20220314 020038.758 INFO             PET0 PIOc_sync Exit - MemInfo: [/proc/meminfo - SSI]	MemTotal:       527077124 kB
20220314 020038.758 INFO             PET0 PIOc_sync Exit - MemInfo: [/proc/meminfo - SSI]	MemFree:        517215304 kB
20220314 020038.758 INFO             PET0 PIOc_sync Exit - MemInfo: [/proc/meminfo - SSI]	MemAvailable:   517699832 kB
20220314 020038.758 INFO             PET0 PIOc_sync Exit - MemInfo: [/proc/meminfo - SSI]	Committed_AS:    1736616 kB
20220314 020038.758 INFO             PET0 PIOc_sync Exit - MemInfo: [/proc/meminfo - SSI]	CommittedPercent: 0.32948 %
20220314 020038.758 INFO             PET0 PIOc_sync Exit - MemInfo: [/proc/self/status]	VmPeak:	  195588 kB
20220314 020038.758 INFO             PET0 PIOc_sync Exit - MemInfo: [/proc/self/status]	VmSize:	  195560 kB
20220314 020038.758 INFO             PET0 PIOc_sync Exit - MemInfo: [/proc/self/status]	VmLck:	       0 kB
20220314 020038.758 INFO             PET0 PIOc_sync Exit - MemInfo: [/proc/self/status]	VmPin:	       0 kB
20220314 020038.758 INFO             PET0 PIOc_sync Exit - MemInfo: [/proc/self/status]	VmHWM:	   42212 kB
20220314 020038.758 INFO             PET0 PIOc_sync Exit - MemInfo: [/proc/self/status]	VmRSS:	   42212 kB
20220314 020038.758 INFO             PET0 PIOc_sync Exit - MemInfo: [/proc/self/status]	VmData:	   17856 kB
20220314 020038.758 INFO             PET0 PIOc_sync Exit - MemInfo: [/proc/self/status]	VmStk:	     156 kB
20220314 020038.758 INFO             PET0 PIOc_sync Exit - MemInfo: [/proc/self/status]	VmExe:	     368 kB
20220314 020038.758 INFO             PET0 PIOc_sync Exit - MemInfo: [/proc/self/status]	VmLib:	  103544 kB
20220314 020038.758 INFO             PET0 PIOc_sync Exit - MemInfo: [/proc/self/status]	VmPTE:	     392 kB
20220314 020038.758 INFO             PET0 PIOc_sync Exit - MemInfo: [/proc/self/status]	VmSwap:	       0 kB
20220314 020038.758 INFO             PET0 PIOc_sync Exit - MemInfo: [/proc/self/status]	VmRSSPercent: 0.0080087 %
20220314 020038.758 INFO             PET0 PIOc_sync Exit - MemInfo: [malloc] Non-mmapped space allocated:                 1425408 Byte
20220314 020038.758 INFO             PET0 PIOc_sync Exit - MemInfo: [malloc] Space allocated in mmapped regions:         12689408 Byte
20220314 020038.758 INFO             PET0 PIOc_sync Exit - MemInfo: [malloc] Maximum total allocated space:                     0 Byte
20220314 020038.758 INFO             PET0 PIOc_sync Exit - MemInfo: [malloc] Space in freed fastbin blocks:                    48 Byte
20220314 020038.758 INFO             PET0 PIOc_sync Exit - MemInfo: [malloc] Total allocated space:                       1349632 Byte
20220314 020038.758 INFO             PET0 PIOc_sync Exit - MemInfo: [malloc] Total free space:                              75776 Byte
20220314 020038.758 INFO             PET0 PIOc_sync Exit - MemInfo: [malloc] Top-most, releasable space:                    67872 Byte
20220314 020038.758 INFO             PET0 PIOc_sync Exit - MemInfo: [malloc] Total space in use, mmap + non-mmap:        14039040 Byte
20220314 020038.758 INFO             PET0 PIOc_sync Exit - MemInfo: [malloc] Total space held (mmap + non-mmap):         14114816 Byte
20220314 020038.758 INFO             PET0 PIOc_sync Exit - MemInfo: [malloc] Total space used (mmap + non-mmap):         14047248 Byte
20220314 020038.758 INFO             PET0 PIOc_sync Exit - MemInfo: Wall-clock time since execution start:               0.018533 seconds
20220314 020038.758 INFO             PET0 PIOc_freedecomp Enter - MemInfo: [/proc/meminfo - SSI]	MemTotal:       527077124 kB
20220314 020038.758 INFO             PET0 PIOc_freedecomp Enter - MemInfo: [/proc/meminfo - SSI]	MemFree:        517222204 kB
20220314 020038.758 INFO             PET0 PIOc_freedecomp Enter - MemInfo: [/proc/meminfo - SSI]	MemAvailable:   517706732 kB
20220314 020038.758 INFO             PET0 PIOc_freedecomp Enter - MemInfo: [/proc/meminfo - SSI]	Committed_AS:    1727904 kB
20220314 020038.758 INFO             PET0 PIOc_freedecomp Enter - MemInfo: [/proc/meminfo - SSI]	CommittedPercent: 0.327828 %
20220314 020038.758 INFO             PET0 PIOc_freedecomp Enter - MemInfo: [/proc/self/status]	VmPeak:	  195588 kB
20220314 020038.758 INFO             PET0 PIOc_freedecomp Enter - MemInfo: [/proc/self/status]	VmSize:	  186848 kB
20220314 020038.758 INFO             PET0 PIOc_freedecomp Enter - MemInfo: [/proc/self/status]	VmLck:	       0 kB
20220314 020038.758 INFO             PET0 PIOc_freedecomp Enter - MemInfo: [/proc/self/status]	VmPin:	       0 kB
20220314 020038.758 INFO             PET0 PIOc_freedecomp Enter - MemInfo: [/proc/self/status]	VmHWM:	   42212 kB
20220314 020038.758 INFO             PET0 PIOc_freedecomp Enter - MemInfo: [/proc/self/status]	VmRSS:	   34460 kB
20220314 020038.758 INFO             PET0 PIOc_freedecomp Enter - MemInfo: [/proc/self/status]	VmData:	    9144 kB
20220314 020038.758 INFO             PET0 PIOc_freedecomp Enter - MemInfo: [/proc/self/status]	VmStk:	     156 kB
20220314 020038.758 INFO             PET0 PIOc_freedecomp Enter - MemInfo: [/proc/self/status]	VmExe:	     368 kB
20220314 020038.758 INFO             PET0 PIOc_freedecomp Enter - MemInfo: [/proc/self/status]	VmLib:	  103544 kB
20220314 020038.758 INFO             PET0 PIOc_freedecomp Enter - MemInfo: [/proc/self/status]	VmPTE:	     380 kB
20220314 020038.758 INFO             PET0 PIOc_freedecomp Enter - MemInfo: [/proc/self/status]	VmSwap:	       0 kB
20220314 020038.758 INFO             PET0 PIOc_freedecomp Enter - MemInfo: [/proc/self/status]	VmRSSPercent: 0.00653794 %
20220314 020038.758 INFO             PET0 PIOc_freedecomp Enter - MemInfo: [malloc] Non-mmapped space allocated:                 1425408 Byte
20220314 020038.758 INFO             PET0 PIOc_freedecomp Enter - MemInfo: [malloc] Space allocated in mmapped regions:          3768320 Byte
20220314 020038.758 INFO             PET0 PIOc_freedecomp Enter - MemInfo: [malloc] Maximum total allocated space:                     0 Byte
20220314 020038.758 INFO             PET0 PIOc_freedecomp Enter - MemInfo: [malloc] Space in freed fastbin blocks:                  2288 Byte
20220314 020038.758 INFO             PET0 PIOc_freedecomp Enter - MemInfo: [malloc] Total allocated space:                       1337072 Byte
20220314 020038.758 INFO             PET0 PIOc_freedecomp Enter - MemInfo: [malloc] Total free space:                              88336 Byte
20220314 020038.758 INFO             PET0 PIOc_freedecomp Enter - MemInfo: [malloc] Top-most, releasable space:                    67648 Byte
20220314 020038.758 INFO             PET0 PIOc_freedecomp Enter - MemInfo: [malloc] Total space in use, mmap + non-mmap:         5105392 Byte
20220314 020038.758 INFO             PET0 PIOc_freedecomp Enter - MemInfo: [malloc] Total space held (mmap + non-mmap):          5193728 Byte
20220314 020038.758 INFO             PET0 PIOc_freedecomp Enter - MemInfo: [malloc] Total space used (mmap + non-mmap):          5113600 Byte
20220314 020038.758 INFO             PET0 PIOc_freedecomp Enter - MemInfo: Wall-clock time since execution start:              0.0190403 seconds
20220314 020038.758 INFO             PET0 PIOc_freedecomp Exit - MemInfo: [/proc/meminfo - SSI]	MemTotal:       527077124 kB
20220314 020038.758 INFO             PET0 PIOc_freedecomp Exit - MemInfo: [/proc/meminfo - SSI]	MemFree:        517222204 kB
20220314 020038.758 INFO             PET0 PIOc_freedecomp Exit - MemInfo: [/proc/meminfo - SSI]	MemAvailable:   517706732 kB
20220314 020038.758 INFO             PET0 PIOc_freedecomp Exit - MemInfo: [/proc/meminfo - SSI]	Committed_AS:    1727904 kB
20220314 020038.758 INFO             PET0 PIOc_freedecomp Exit - MemInfo: [/proc/meminfo - SSI]	CommittedPercent: 0.327828 %
20220314 020038.758 INFO             PET0 PIOc_freedecomp Exit - MemInfo: [/proc/self/status]	VmPeak:	  195588 kB
20220314 020038.758 INFO             PET0 PIOc_freedecomp Exit - MemInfo: [/proc/self/status]	VmSize:	  186848 kB
20220314 020038.758 INFO             PET0 PIOc_freedecomp Exit - MemInfo: [/proc/self/status]	VmLck:	       0 kB
20220314 020038.758 INFO             PET0 PIOc_freedecomp Exit - MemInfo: [/proc/self/status]	VmPin:	       0 kB
20220314 020038.758 INFO             PET0 PIOc_freedecomp Exit - MemInfo: [/proc/self/status]	VmHWM:	   42212 kB
20220314 020038.758 INFO             PET0 PIOc_freedecomp Exit - MemInfo: [/proc/self/status]	VmRSS:	   34460 kB
20220314 020038.758 INFO             PET0 PIOc_freedecomp Exit - MemInfo: [/proc/self/status]	VmData:	    9144 kB
20220314 020038.758 INFO             PET0 PIOc_freedecomp Exit - MemInfo: [/proc/self/status]	VmStk:	     156 kB
20220314 020038.758 INFO             PET0 PIOc_freedecomp Exit - MemInfo: [/proc/self/status]	VmExe:	     368 kB
20220314 020038.758 INFO             PET0 PIOc_freedecomp Exit - MemInfo: [/proc/self/status]	VmLib:	  103544 kB
20220314 020038.758 INFO             PET0 PIOc_freedecomp Exit - MemInfo: [/proc/self/status]	VmPTE:	     380 kB
20220314 020038.758 INFO             PET0 PIOc_freedecomp Exit - MemInfo: [/proc/self/status]	VmSwap:	       0 kB
20220314 020038.758 INFO             PET0 PIOc_freedecomp Exit - MemInfo: [/proc/self/status]	VmRSSPercent: 0.00653794 %
20220314 020038.758 INFO             PET0 PIOc_freedecomp Exit - MemInfo: [malloc] Non-mmapped space allocated:                 1425408 Byte
20220314 020038.758 INFO             PET0 PIOc_freedecomp Exit - MemInfo: [malloc] Space allocated in mmapped regions:          3768320 Byte
20220314 020038.758 INFO             PET0 PIOc_freedecomp Exit - MemInfo: [malloc] Maximum total allocated space:                     0 Byte
20220314 020038.758 INFO             PET0 PIOc_freedecomp Exit - MemInfo: [malloc] Space in freed fastbin blocks:                   688 Byte
20220314 020038.758 INFO             PET0 PIOc_freedecomp Exit - MemInfo: [malloc] Total allocated space:                       1334992 Byte
20220314 020038.758 INFO             PET0 PIOc_freedecomp Exit - MemInfo: [malloc] Total free space:                              90416 Byte
20220314 020038.758 INFO             PET0 PIOc_freedecomp Exit - MemInfo: [malloc] Top-most, releasable space:                    67648 Byte
20220314 020038.758 INFO             PET0 PIOc_freedecomp Exit - MemInfo: [malloc] Total space in use, mmap + non-mmap:         5103312 Byte
20220314 020038.758 INFO             PET0 PIOc_freedecomp Exit - MemInfo: [malloc] Total space held (mmap + non-mmap):          5193728 Byte
20220314 020038.758 INFO             PET0 PIOc_freedecomp Exit - MemInfo: [malloc] Total space used (mmap + non-mmap):          5111520 Byte
20220314 020038.758 INFO             PET0 PIOc_freedecomp Exit - MemInfo: Wall-clock time since execution start:               0.019249 seconds
20220314 020038.758 INFO             PET0 PIOc_freedecomp Enter - MemInfo: [/proc/meminfo - SSI]	MemTotal:       527077124 kB
20220314 020038.758 INFO             PET0 PIOc_freedecomp Enter - MemInfo: [/proc/meminfo - SSI]	MemFree:        517222204 kB
20220314 020038.758 INFO             PET0 PIOc_freedecomp Enter - MemInfo: [/proc/meminfo - SSI]	MemAvailable:   517706732 kB
20220314 020038.758 INFO             PET0 PIOc_freedecomp Enter - MemInfo: [/proc/meminfo - SSI]	Committed_AS:    1727904 kB
20220314 020038.759 INFO             PET0 PIOc_freedecomp Enter - MemInfo: [/proc/meminfo - SSI]	CommittedPercent: 0.327828 %
20220314 020038.759 INFO             PET0 PIOc_freedecomp Enter - MemInfo: [/proc/self/status]	VmPeak:	  195588 kB
20220314 020038.759 INFO             PET0 PIOc_freedecomp Enter - MemInfo: [/proc/self/status]	VmSize:	  186848 kB
20220314 020038.759 INFO             PET0 PIOc_freedecomp Enter - MemInfo: [/proc/self/status]	VmLck:	       0 kB
20220314 020038.759 INFO             PET0 PIOc_freedecomp Enter - MemInfo: [/proc/self/status]	VmPin:	       0 kB
20220314 020038.759 INFO             PET0 PIOc_freedecomp Enter - MemInfo: [/proc/self/status]	VmHWM:	   42212 kB
20220314 020038.759 INFO             PET0 PIOc_freedecomp Enter - MemInfo: [/proc/self/status]	VmRSS:	   34460 kB
20220314 020038.759 INFO             PET0 PIOc_freedecomp Enter - MemInfo: [/proc/self/status]	VmData:	    9144 kB
20220314 020038.759 INFO             PET0 PIOc_freedecomp Enter - MemInfo: [/proc/self/status]	VmStk:	     156 kB
20220314 020038.759 INFO             PET0 PIOc_freedecomp Enter - MemInfo: [/proc/self/status]	VmExe:	     368 kB
20220314 020038.759 INFO             PET0 PIOc_freedecomp Enter - MemInfo: [/proc/self/status]	VmLib:	  103544 kB
20220314 020038.759 INFO             PET0 PIOc_freedecomp Enter - MemInfo: [/proc/self/status]	VmPTE:	     380 kB
20220314 020038.759 INFO             PET0 PIOc_freedecomp Enter - MemInfo: [/proc/self/status]	VmSwap:	       0 kB
20220314 020038.759 INFO             PET0 PIOc_freedecomp Enter - MemInfo: [/proc/self/status]	VmRSSPercent: 0.00653794 %
20220314 020038.759 INFO             PET0 PIOc_freedecomp Enter - MemInfo: [malloc] Non-mmapped space allocated:                 1425408 Byte
20220314 020038.759 INFO             PET0 PIOc_freedecomp Enter - MemInfo: [malloc] Space allocated in mmapped regions:          3768320 Byte
20220314 020038.759 INFO             PET0 PIOc_freedecomp Enter - MemInfo: [malloc] Maximum total allocated space:                     0 Byte
20220314 020038.759 INFO             PET0 PIOc_freedecomp Enter - MemInfo: [malloc] Space in freed fastbin blocks:                   128 Byte
20220314 020038.759 INFO             PET0 PIOc_freedecomp Enter - MemInfo: [malloc] Total allocated space:                       1335088 Byte
20220314 020038.759 INFO             PET0 PIOc_freedecomp Enter - MemInfo: [malloc] Total free space:                              90320 Byte
20220314 020038.759 INFO             PET0 PIOc_freedecomp Enter - MemInfo: [malloc] Top-most, releasable space:                    67648 Byte
20220314 020038.759 INFO             PET0 PIOc_freedecomp Enter - MemInfo: [malloc] Total space in use, mmap + non-mmap:         5103408 Byte
20220314 020038.759 INFO             PET0 PIOc_freedecomp Enter - MemInfo: [malloc] Total space held (mmap + non-mmap):          5193728 Byte
20220314 020038.759 INFO             PET0 PIOc_freedecomp Enter - MemInfo: [malloc] Total space used (mmap + non-mmap):          5111616 Byte
20220314 020038.759 INFO             PET0 PIOc_freedecomp Enter - MemInfo: Wall-clock time since execution start:              0.0194532 seconds
20220314 020038.759 INFO             PET0 PIOc_freedecomp Exit - MemInfo: [/proc/meminfo - SSI]	MemTotal:       527077124 kB
20220314 020038.759 INFO             PET0 PIOc_freedecomp Exit - MemInfo: [/proc/meminfo - SSI]	MemFree:        517222204 kB
20220314 020038.759 INFO             PET0 PIOc_freedecomp Exit - MemInfo: [/proc/meminfo - SSI]	MemAvailable:   517706732 kB
20220314 020038.759 INFO             PET0 PIOc_freedecomp Exit - MemInfo: [/proc/meminfo - SSI]	Committed_AS:    1727904 kB
20220314 020038.759 INFO             PET0 PIOc_freedecomp Exit - MemInfo: [/proc/meminfo - SSI]	CommittedPercent: 0.327828 %
20220314 020038.759 INFO             PET0 PIOc_freedecomp Exit - MemInfo: [/proc/self/status]	VmPeak:	  195588 kB
20220314 020038.759 INFO             PET0 PIOc_freedecomp Exit - MemInfo: [/proc/self/status]	VmSize:	  186848 kB
20220314 020038.759 INFO             PET0 PIOc_freedecomp Exit - MemInfo: [/proc/self/status]	VmLck:	       0 kB
20220314 020038.759 INFO             PET0 PIOc_freedecomp Exit - MemInfo: [/proc/self/status]	VmPin:	       0 kB
20220314 020038.759 INFO             PET0 PIOc_freedecomp Exit - MemInfo: [/proc/self/status]	VmHWM:	   42212 kB
20220314 020038.759 INFO             PET0 PIOc_freedecomp Exit - MemInfo: [/proc/self/status]	VmRSS:	   34460 kB
20220314 020038.759 INFO             PET0 PIOc_freedecomp Exit - MemInfo: [/proc/self/status]	VmData:	    9144 kB
20220314 020038.759 INFO             PET0 PIOc_freedecomp Exit - MemInfo: [/proc/self/status]	VmStk:	     156 kB
20220314 020038.759 INFO             PET0 PIOc_freedecomp Exit - MemInfo: [/proc/self/status]	VmExe:	     368 kB
20220314 020038.759 INFO             PET0 PIOc_freedecomp Exit - MemInfo: [/proc/self/status]	VmLib:	  103544 kB
20220314 020038.759 INFO             PET0 PIOc_freedecomp Exit - MemInfo: [/proc/self/status]	VmPTE:	     380 kB
20220314 020038.759 INFO             PET0 PIOc_freedecomp Exit - MemInfo: [/proc/self/status]	VmSwap:	       0 kB
20220314 020038.759 INFO             PET0 PIOc_freedecomp Exit - MemInfo: [/proc/self/status]	VmRSSPercent: 0.00653794 %
20220314 020038.759 INFO             PET0 PIOc_freedecomp Exit - MemInfo: [malloc] Non-mmapped space allocated:                 1425408 Byte
20220314 020038.759 INFO             PET0 PIOc_freedecomp Exit - MemInfo: [malloc] Space allocated in mmapped regions:          3768320 Byte
20220314 020038.759 INFO             PET0 PIOc_freedecomp Exit - MemInfo: [malloc] Maximum total allocated space:                     0 Byte
20220314 020038.759 INFO             PET0 PIOc_freedecomp Exit - MemInfo: [malloc] Space in freed fastbin blocks:                   448 Byte
20220314 020038.759 INFO             PET0 PIOc_freedecomp Exit - MemInfo: [malloc] Total allocated space:                       1333248 Byte
20220314 020038.759 INFO             PET0 PIOc_freedecomp Exit - MemInfo: [malloc] Total free space:                              92160 Byte
20220314 020038.759 INFO             PET0 PIOc_freedecomp Exit - MemInfo: [malloc] Top-most, releasable space:                    67648 Byte
20220314 020038.759 INFO             PET0 PIOc_freedecomp Exit - MemInfo: [malloc] Total space in use, mmap + non-mmap:         5101568 Byte
20220314 020038.759 INFO             PET0 PIOc_freedecomp Exit - MemInfo: [malloc] Total space held (mmap + non-mmap):          5193728 Byte
20220314 020038.759 INFO             PET0 PIOc_freedecomp Exit - MemInfo: [malloc] Total space used (mmap + non-mmap):          5109776 Byte
20220314 020038.759 INFO             PET0 PIOc_freedecomp Exit - MemInfo: Wall-clock time since execution start:              0.0196569 seconds
20220314 020038.759 INFO             PET0 PIOc_freedecomp Enter - MemInfo: [/proc/meminfo - SSI]	MemTotal:       527077124 kB
20220314 020038.759 INFO             PET0 PIOc_freedecomp Enter - MemInfo: [/proc/meminfo - SSI]	MemFree:        517222204 kB
20220314 020038.759 INFO             PET0 PIOc_freedecomp Enter - MemInfo: [/proc/meminfo - SSI]	MemAvailable:   517706732 kB
20220314 020038.759 INFO             PET0 PIOc_freedecomp Enter - MemInfo: [/proc/meminfo - SSI]	Committed_AS:    1727904 kB
20220314 020038.759 INFO             PET0 PIOc_freedecomp Enter - MemInfo: [/proc/meminfo - SSI]	CommittedPercent: 0.327828 %
20220314 020038.759 INFO             PET0 PIOc_freedecomp Enter - MemInfo: [/proc/self/status]	VmPeak:	  195588 kB
20220314 020038.759 INFO             PET0 PIOc_freedecomp Enter - MemInfo: [/proc/self/status]	VmSize:	  186848 kB
20220314 020038.759 INFO             PET0 PIOc_freedecomp Enter - MemInfo: [/proc/self/status]	VmLck:	       0 kB
20220314 020038.759 INFO             PET0 PIOc_freedecomp Enter - MemInfo: [/proc/self/status]	VmPin:	       0 kB
20220314 020038.759 INFO             PET0 PIOc_freedecomp Enter - MemInfo: [/proc/self/status]	VmHWM:	   42212 kB
20220314 020038.759 INFO             PET0 PIOc_freedecomp Enter - MemInfo: [/proc/self/status]	VmRSS:	   34460 kB
20220314 020038.759 INFO             PET0 PIOc_freedecomp Enter - MemInfo: [/proc/self/status]	VmData:	    9144 kB
20220314 020038.759 INFO             PET0 PIOc_freedecomp Enter - MemInfo: [/proc/self/status]	VmStk:	     156 kB
20220314 020038.759 INFO             PET0 PIOc_freedecomp Enter - MemInfo: [/proc/self/status]	VmExe:	     368 kB
20220314 020038.759 INFO             PET0 PIOc_freedecomp Enter - MemInfo: [/proc/self/status]	VmLib:	  103544 kB
20220314 020038.759 INFO             PET0 PIOc_freedecomp Enter - MemInfo: [/proc/self/status]	VmPTE:	     380 kB
20220314 020038.759 INFO             PET0 PIOc_freedecomp Enter - MemInfo: [/proc/self/status]	VmSwap:	       0 kB
20220314 020038.759 INFO             PET0 PIOc_freedecomp Enter - MemInfo: [/proc/self/status]	VmRSSPercent: 0.00653794 %
20220314 020038.759 INFO             PET0 PIOc_freedecomp Enter - MemInfo: [malloc] Non-mmapped space allocated:                 1425408 Byte
20220314 020038.759 INFO             PET0 PIOc_freedecomp Enter - MemInfo: [malloc] Space allocated in mmapped regions:          3768320 Byte
20220314 020038.759 INFO             PET0 PIOc_freedecomp Enter - MemInfo: [malloc] Maximum total allocated space:                     0 Byte
20220314 020038.759 INFO             PET0 PIOc_freedecomp Enter - MemInfo: [malloc] Space in freed fastbin blocks:                   128 Byte
20220314 020038.759 INFO             PET0 PIOc_freedecomp Enter - MemInfo: [malloc] Total allocated space:                       1333344 Byte
20220314 020038.759 INFO             PET0 PIOc_freedecomp Enter - MemInfo: [malloc] Total free space:                              92064 Byte
20220314 020038.759 INFO             PET0 PIOc_freedecomp Enter - MemInfo: [malloc] Top-most, releasable space:                    67648 Byte
20220314 020038.759 INFO             PET0 PIOc_freedecomp Enter - MemInfo: [malloc] Total space in use, mmap + non-mmap:         5101664 Byte
20220314 020038.759 INFO             PET0 PIOc_freedecomp Enter - MemInfo: [malloc] Total space held (mmap + non-mmap):          5193728 Byte
20220314 020038.759 INFO             PET0 PIOc_freedecomp Enter - MemInfo: [malloc] Total space used (mmap + non-mmap):          5109872 Byte
20220314 020038.759 INFO             PET0 PIOc_freedecomp Enter - MemInfo: Wall-clock time since execution start:              0.0198566 seconds
20220314 020038.759 INFO             PET0 PIOc_freedecomp Exit - MemInfo: [/proc/meminfo - SSI]	MemTotal:       527077124 kB
20220314 020038.759 INFO             PET0 PIOc_freedecomp Exit - MemInfo: [/proc/meminfo - SSI]	MemFree:        517222204 kB
20220314 020038.759 INFO             PET0 PIOc_freedecomp Exit - MemInfo: [/proc/meminfo - SSI]	MemAvailable:   517706732 kB
20220314 020038.759 INFO             PET0 PIOc_freedecomp Exit - MemInfo: [/proc/meminfo - SSI]	Committed_AS:    1727904 kB
20220314 020038.759 INFO             PET0 PIOc_freedecomp Exit - MemInfo: [/proc/meminfo - SSI]	CommittedPercent: 0.327828 %
20220314 020038.759 INFO             PET0 PIOc_freedecomp Exit - MemInfo: [/proc/self/status]	VmPeak:	  195588 kB
20220314 020038.759 INFO             PET0 PIOc_freedecomp Exit - MemInfo: [/proc/self/status]	VmSize:	  186848 kB
20220314 020038.759 INFO             PET0 PIOc_freedecomp Exit - MemInfo: [/proc/self/status]	VmLck:	       0 kB
20220314 020038.759 INFO             PET0 PIOc_freedecomp Exit - MemInfo: [/proc/self/status]	VmPin:	       0 kB
20220314 020038.759 INFO             PET0 PIOc_freedecomp Exit - MemInfo: [/proc/self/status]	VmHWM:	   42212 kB
20220314 020038.759 INFO             PET0 PIOc_freedecomp Exit - MemInfo: [/proc/self/status]	VmRSS:	   34460 kB
20220314 020038.759 INFO             PET0 PIOc_freedecomp Exit - MemInfo: [/proc/self/status]	VmData:	    9144 kB
20220314 020038.759 INFO             PET0 PIOc_freedecomp Exit - MemInfo: [/proc/self/status]	VmStk:	     156 kB
20220314 020038.759 INFO             PET0 PIOc_freedecomp Exit - MemInfo: [/proc/self/status]	VmExe:	     368 kB
20220314 020038.759 INFO             PET0 PIOc_freedecomp Exit - MemInfo: [/proc/self/status]	VmLib:	  103544 kB
20220314 020038.759 INFO             PET0 PIOc_freedecomp Exit - MemInfo: [/proc/self/status]	VmPTE:	     380 kB
20220314 020038.759 INFO             PET0 PIOc_freedecomp Exit - MemInfo: [/proc/self/status]	VmSwap:	       0 kB
20220314 020038.759 INFO             PET0 PIOc_freedecomp Exit - MemInfo: [/proc/self/status]	VmRSSPercent: 0.00653794 %
20220314 020038.759 INFO             PET0 PIOc_freedecomp Exit - MemInfo: [malloc] Non-mmapped space allocated:                 1425408 Byte
20220314 020038.759 INFO             PET0 PIOc_freedecomp Exit - MemInfo: [malloc] Space allocated in mmapped regions:          3768320 Byte
20220314 020038.759 INFO             PET0 PIOc_freedecomp Exit - MemInfo: [malloc] Maximum total allocated space:                     0 Byte
20220314 020038.759 INFO             PET0 PIOc_freedecomp Exit - MemInfo: [malloc] Space in freed fastbin blocks:                   944 Byte
20220314 020038.759 INFO             PET0 PIOc_freedecomp Exit - MemInfo: [malloc] Total allocated space:                       1329840 Byte
20220314 020038.759 INFO             PET0 PIOc_freedecomp Exit - MemInfo: [malloc] Total free space:                              95568 Byte
20220314 020038.759 INFO             PET0 PIOc_freedecomp Exit - MemInfo: [malloc] Top-most, releasable space:                    67648 Byte
20220314 020038.759 INFO             PET0 PIOc_freedecomp Exit - MemInfo: [malloc] Total space in use, mmap + non-mmap:         5098160 Byte
20220314 020038.759 INFO             PET0 PIOc_freedecomp Exit - MemInfo: [malloc] Total space held (mmap + non-mmap):          5193728 Byte
20220314 020038.759 INFO             PET0 PIOc_freedecomp Exit - MemInfo: [malloc] Total space used (mmap + non-mmap):          5106368 Byte
20220314 020038.759 INFO             PET0 PIOc_freedecomp Exit - MemInfo: Wall-clock time since execution start:               0.020061 seconds
20220314 020038.759 INFO             PET0  PASS  Writing a FieldBundle to a single file Test, ESMF_FieldBundleIOUTest.F90, line 355
20220314 020038.762 INFO             PET0 PIOc_sync Enter - MemInfo: [/proc/meminfo - SSI]	MemTotal:       527077124 kB
20220314 020038.762 INFO             PET0 PIOc_sync Enter - MemInfo: [/proc/meminfo - SSI]	MemFree:        517214800 kB
20220314 020038.762 INFO             PET0 PIOc_sync Enter - MemInfo: [/proc/meminfo - SSI]	MemAvailable:   517699328 kB
20220314 020038.762 INFO             PET0 PIOc_sync Enter - MemInfo: [/proc/meminfo - SSI]	Committed_AS:    1736672 kB
20220314 020038.762 INFO             PET0 PIOc_sync Enter - MemInfo: [/proc/meminfo - SSI]	CommittedPercent: 0.329491 %
20220314 020038.762 INFO             PET0 PIOc_sync Enter - MemInfo: [/proc/self/status]	VmPeak:	  195616 kB
20220314 020038.762 INFO             PET0 PIOc_sync Enter - MemInfo: [/proc/self/status]	VmSize:	  195616 kB
20220314 020038.762 INFO             PET0 PIOc_sync Enter - MemInfo: [/proc/self/status]	VmLck:	       0 kB
20220314 020038.762 INFO             PET0 PIOc_sync Enter - MemInfo: [/proc/self/status]	VmPin:	       0 kB
20220314 020038.762 INFO             PET0 PIOc_sync Enter - MemInfo: [/proc/self/status]	VmHWM:	   42668 kB
20220314 020038.762 INFO             PET0 PIOc_sync Enter - MemInfo: [/proc/self/status]	VmRSS:	   42668 kB
20220314 020038.762 INFO             PET0 PIOc_sync Enter - MemInfo: [/proc/self/status]	VmData:	   17912 kB
20220314 020038.762 INFO             PET0 PIOc_sync Enter - MemInfo: [/proc/self/status]	VmStk:	     156 kB
20220314 020038.762 INFO             PET0 PIOc_sync Enter - MemInfo: [/proc/self/status]	VmExe:	     368 kB
20220314 020038.762 INFO             PET0 PIOc_sync Enter - MemInfo: [/proc/self/status]	VmLib:	  103544 kB
20220314 020038.762 INFO             PET0 PIOc_sync Enter - MemInfo: [/proc/self/status]	VmPTE:	     396 kB
20220314 020038.762 INFO             PET0 PIOc_sync Enter - MemInfo: [/proc/self/status]	VmSwap:	       0 kB
20220314 020038.762 INFO             PET0 PIOc_sync Enter - MemInfo: [/proc/self/status]	VmRSSPercent: 0.00809521 %
20220314 020038.762 INFO             PET0 PIOc_sync Enter - MemInfo: [malloc] Non-mmapped space allocated:                10403840 Byte
20220314 020038.762 INFO             PET0 PIOc_sync Enter - MemInfo: [malloc] Space allocated in mmapped regions:          3768320 Byte
20220314 020038.762 INFO             PET0 PIOc_sync Enter - MemInfo: [malloc] Maximum total allocated space:                     0 Byte
20220314 020038.762 INFO             PET0 PIOc_sync Enter - MemInfo: [malloc] Space in freed fastbin blocks:                   464 Byte
20220314 020038.762 INFO             PET0 PIOc_sync Enter - MemInfo: [malloc] Total allocated space:                      10265328 Byte
20220314 020038.762 INFO             PET0 PIOc_sync Enter - MemInfo: [malloc] Total free space:                             138512 Byte
20220314 020038.762 INFO             PET0 PIOc_sync Enter - MemInfo: [malloc] Top-most, releasable space:                   133152 Byte
20220314 020038.762 INFO             PET0 PIOc_sync Enter - MemInfo: [malloc] Total space in use, mmap + non-mmap:        14033648 Byte
20220314 020038.762 INFO             PET0 PIOc_sync Enter - MemInfo: [malloc] Total space held (mmap + non-mmap):         14172160 Byte
20220314 020038.762 INFO             PET0 PIOc_sync Enter - MemInfo: [malloc] Total space used (mmap + non-mmap):         14041856 Byte
20220314 020038.762 INFO             PET0 PIOc_sync Enter - MemInfo: Wall-clock time since execution start:              0.0232555 seconds
20220314 020038.763 INFO             PET0 PIOc_sync Exit - MemInfo: [/proc/meminfo - SSI]	MemTotal:       527077124 kB
20220314 020038.763 INFO             PET0 PIOc_sync Exit - MemInfo: [/proc/meminfo - SSI]	MemFree:        517214800 kB
20220314 020038.763 INFO             PET0 PIOc_sync Exit - MemInfo: [/proc/meminfo - SSI]	MemAvailable:   517699328 kB
20220314 020038.763 INFO             PET0 PIOc_sync Exit - MemInfo: [/proc/meminfo - SSI]	Committed_AS:    1736672 kB
20220314 020038.763 INFO             PET0 PIOc_sync Exit - MemInfo: [/proc/meminfo - SSI]	CommittedPercent: 0.329491 %
20220314 020038.763 INFO             PET0 PIOc_sync Exit - MemInfo: [/proc/self/status]	VmPeak:	  195616 kB
20220314 020038.763 INFO             PET0 PIOc_sync Exit - MemInfo: [/proc/self/status]	VmSize:	  195616 kB
20220314 020038.763 INFO             PET0 PIOc_sync Exit - MemInfo: [/proc/self/status]	VmLck:	       0 kB
20220314 020038.763 INFO             PET0 PIOc_sync Exit - MemInfo: [/proc/self/status]	VmPin:	       0 kB
20220314 020038.763 INFO             PET0 PIOc_sync Exit - MemInfo: [/proc/self/status]	VmHWM:	   42668 kB
20220314 020038.763 INFO             PET0 PIOc_sync Exit - MemInfo: [/proc/self/status]	VmRSS:	   42668 kB
20220314 020038.763 INFO             PET0 PIOc_sync Exit - MemInfo: [/proc/self/status]	VmData:	   17912 kB
20220314 020038.763 INFO             PET0 PIOc_sync Exit - MemInfo: [/proc/self/status]	VmStk:	     156 kB
20220314 020038.763 INFO             PET0 PIOc_sync Exit - MemInfo: [/proc/self/status]	VmExe:	     368 kB
20220314 020038.763 INFO             PET0 PIOc_sync Exit - MemInfo: [/proc/self/status]	VmLib:	  103544 kB
20220314 020038.763 INFO             PET0 PIOc_sync Exit - MemInfo: [/proc/self/status]	VmPTE:	     396 kB
20220314 020038.763 INFO             PET0 PIOc_sync Exit - MemInfo: [/proc/self/status]	VmSwap:	       0 kB
20220314 020038.763 INFO             PET0 PIOc_sync Exit - MemInfo: [/proc/self/status]	VmRSSPercent: 0.00809521 %
20220314 020038.763 INFO             PET0 PIOc_sync Exit - MemInfo: [malloc] Non-mmapped space allocated:                10403840 Byte
20220314 020038.763 INFO             PET0 PIOc_sync Exit - MemInfo: [malloc] Space allocated in mmapped regions:          3768320 Byte
20220314 020038.763 INFO             PET0 PIOc_sync Exit - MemInfo: [malloc] Maximum total allocated space:                     0 Byte
20220314 020038.763 INFO             PET0 PIOc_sync Exit - MemInfo: [malloc] Space in freed fastbin blocks:                     0 Byte
20220314 020038.763 INFO             PET0 PIOc_sync Exit - MemInfo: [malloc] Total allocated space:                      10267040 Byte
20220314 020038.763 INFO             PET0 PIOc_sync Exit - MemInfo: [malloc] Total free space:                             136800 Byte
20220314 020038.763 INFO             PET0 PIOc_sync Exit - MemInfo: [malloc] Top-most, releasable space:                   132928 Byte
20220314 020038.763 INFO             PET0 PIOc_sync Exit - MemInfo: [malloc] Total space in use, mmap + non-mmap:        14035360 Byte
20220314 020038.763 INFO             PET0 PIOc_sync Exit - MemInfo: [malloc] Total space held (mmap + non-mmap):         14172160 Byte
20220314 020038.763 INFO             PET0 PIOc_sync Exit - MemInfo: [malloc] Total space used (mmap + non-mmap):         14043568 Byte
20220314 020038.763 INFO             PET0 PIOc_sync Exit - MemInfo: Wall-clock time since execution start:              0.0235757 seconds
20220314 020038.763 INFO             PET0 PIOc_freedecomp Enter - MemInfo: [/proc/meminfo - SSI]	MemTotal:       527077124 kB
20220314 020038.763 INFO             PET0 PIOc_freedecomp Enter - MemInfo: [/proc/meminfo - SSI]	MemFree:        517214800 kB
20220314 020038.763 INFO             PET0 PIOc_freedecomp Enter - MemInfo: [/proc/meminfo - SSI]	MemAvailable:   517699328 kB
20220314 020038.763 INFO             PET0 PIOc_freedecomp Enter - MemInfo: [/proc/meminfo - SSI]	Committed_AS:    1736672 kB
20220314 020038.763 INFO             PET0 PIOc_freedecomp Enter - MemInfo: [/proc/meminfo - SSI]	CommittedPercent: 0.329491 %
20220314 020038.763 INFO             PET0 PIOc_freedecomp Enter - MemInfo: [/proc/self/status]	VmPeak:	  195616 kB
20220314 020038.763 INFO             PET0 PIOc_freedecomp Enter - MemInfo: [/proc/self/status]	VmSize:	  195616 kB
20220314 020038.763 INFO             PET0 PIOc_freedecomp Enter - MemInfo: [/proc/self/status]	VmLck:	       0 kB
20220314 020038.763 INFO             PET0 PIOc_freedecomp Enter - MemInfo: [/proc/self/status]	VmPin:	       0 kB
20220314 020038.763 INFO             PET0 PIOc_freedecomp Enter - MemInfo: [/proc/self/status]	VmHWM:	   42668 kB
20220314 020038.763 INFO             PET0 PIOc_freedecomp Enter - MemInfo: [/proc/self/status]	VmRSS:	   42668 kB
20220314 020038.763 INFO             PET0 PIOc_freedecomp Enter - MemInfo: [/proc/self/status]	VmData:	   17912 kB
20220314 020038.763 INFO             PET0 PIOc_freedecomp Enter - MemInfo: [/proc/self/status]	VmStk:	     156 kB
20220314 020038.763 INFO             PET0 PIOc_freedecomp Enter - MemInfo: [/proc/self/status]	VmExe:	     368 kB
20220314 020038.763 INFO             PET0 PIOc_freedecomp Enter - MemInfo: [/proc/self/status]	VmLib:	  103544 kB
20220314 020038.763 INFO             PET0 PIOc_freedecomp Enter - MemInfo: [/proc/self/status]	VmPTE:	     396 kB
20220314 020038.763 INFO             PET0 PIOc_freedecomp Enter - MemInfo: [/proc/self/status]	VmSwap:	       0 kB
20220314 020038.763 INFO             PET0 PIOc_freedecomp Enter - MemInfo: [/proc/self/status]	VmRSSPercent: 0.00809521 %
20220314 020038.763 INFO             PET0 PIOc_freedecomp Enter - MemInfo: [malloc] Non-mmapped space allocated:                10403840 Byte
20220314 020038.763 INFO             PET0 PIOc_freedecomp Enter - MemInfo: [malloc] Space allocated in mmapped regions:          3768320 Byte
20220314 020038.763 INFO             PET0 PIOc_freedecomp Enter - MemInfo: [malloc] Maximum total allocated space:                     0 Byte
20220314 020038.763 INFO             PET0 PIOc_freedecomp Enter - MemInfo: [malloc] Space in freed fastbin blocks:                   288 Byte
20220314 020038.763 INFO             PET0 PIOc_freedecomp Enter - MemInfo: [malloc] Total allocated space:                       1341472 Byte
20220314 020038.763 INFO             PET0 PIOc_freedecomp Enter - MemInfo: [malloc] Total free space:                            9062368 Byte
20220314 020038.763 INFO             PET0 PIOc_freedecomp Enter - MemInfo: [malloc] Top-most, releasable space:                   132704 Byte
20220314 020038.763 INFO             PET0 PIOc_freedecomp Enter - MemInfo: [malloc] Total space in use, mmap + non-mmap:         5109792 Byte
20220314 020038.763 INFO             PET0 PIOc_freedecomp Enter - MemInfo: [malloc] Total space held (mmap + non-mmap):         14172160 Byte
20220314 020038.763 INFO             PET0 PIOc_freedecomp Enter - MemInfo: [malloc] Total space used (mmap + non-mmap):          5118000 Byte
20220314 020038.763 INFO             PET0 PIOc_freedecomp Enter - MemInfo: Wall-clock time since execution start:              0.0239181 seconds
20220314 020038.763 INFO             PET0 PIOc_freedecomp Exit - MemInfo: [/proc/meminfo - SSI]	MemTotal:       527077124 kB
20220314 020038.763 INFO             PET0 PIOc_freedecomp Exit - MemInfo: [/proc/meminfo - SSI]	MemFree:        517214800 kB
20220314 020038.763 INFO             PET0 PIOc_freedecomp Exit - MemInfo: [/proc/meminfo - SSI]	MemAvailable:   517699328 kB
20220314 020038.763 INFO             PET0 PIOc_freedecomp Exit - MemInfo: [/proc/meminfo - SSI]	Committed_AS:    1736672 kB
20220314 020038.763 INFO             PET0 PIOc_freedecomp Exit - MemInfo: [/proc/meminfo - SSI]	CommittedPercent: 0.329491 %
20220314 020038.763 INFO             PET0 PIOc_freedecomp Exit - MemInfo: [/proc/self/status]	VmPeak:	  195616 kB
20220314 020038.763 INFO             PET0 PIOc_freedecomp Exit - MemInfo: [/proc/self/status]	VmSize:	  195616 kB
20220314 020038.763 INFO             PET0 PIOc_freedecomp Exit - MemInfo: [/proc/self/status]	VmLck:	       0 kB
20220314 020038.763 INFO             PET0 PIOc_freedecomp Exit - MemInfo: [/proc/self/status]	VmPin:	       0 kB
20220314 020038.763 INFO             PET0 PIOc_freedecomp Exit - MemInfo: [/proc/self/status]	VmHWM:	   42668 kB
20220314 020038.763 INFO             PET0 PIOc_freedecomp Exit - MemInfo: [/proc/self/status]	VmRSS:	   42668 kB
20220314 020038.763 INFO             PET0 PIOc_freedecomp Exit - MemInfo: [/proc/self/status]	VmData:	   17912 kB
20220314 020038.763 INFO             PET0 PIOc_freedecomp Exit - MemInfo: [/proc/self/status]	VmStk:	     156 kB
20220314 020038.763 INFO             PET0 PIOc_freedecomp Exit - MemInfo: [/proc/self/status]	VmExe:	     368 kB
20220314 020038.763 INFO             PET0 PIOc_freedecomp Exit - MemInfo: [/proc/self/status]	VmLib:	  103544 kB
20220314 020038.763 INFO             PET0 PIOc_freedecomp Exit - MemInfo: [/proc/self/status]	VmPTE:	     396 kB
20220314 020038.763 INFO             PET0 PIOc_freedecomp Exit - MemInfo: [/proc/self/status]	VmSwap:	       0 kB
20220314 020038.763 INFO             PET0 PIOc_freedecomp Exit - MemInfo: [/proc/self/status]	VmRSSPercent: 0.00809521 %
20220314 020038.763 INFO             PET0 PIOc_freedecomp Exit - MemInfo: [malloc] Non-mmapped space allocated:                10403840 Byte
20220314 020038.763 INFO             PET0 PIOc_freedecomp Exit - MemInfo: [malloc] Space allocated in mmapped regions:          3768320 Byte
20220314 020038.763 INFO             PET0 PIOc_freedecomp Exit - MemInfo: [malloc] Maximum total allocated space:                     0 Byte
20220314 020038.763 INFO             PET0 PIOc_freedecomp Exit - MemInfo: [malloc] Space in freed fastbin blocks:                   672 Byte
20220314 020038.763 INFO             PET0 PIOc_freedecomp Exit - MemInfo: [malloc] Total allocated space:                       1339184 Byte
20220314 020038.763 INFO             PET0 PIOc_freedecomp Exit - MemInfo: [malloc] Total free space:                            9064656 Byte
20220314 020038.763 INFO             PET0 PIOc_freedecomp Exit - MemInfo: [malloc] Top-most, releasable space:                  9045856 Byte
20220314 020038.763 INFO             PET0 PIOc_freedecomp Exit - MemInfo: [malloc] Total space in use, mmap + non-mmap:         5107504 Byte
20220314 020038.763 INFO             PET0 PIOc_freedecomp Exit - MemInfo: [malloc] Total space held (mmap + non-mmap):         14172160 Byte
20220314 020038.763 INFO             PET0 PIOc_freedecomp Exit - MemInfo: [malloc] Total space used (mmap + non-mmap):          5115712 Byte
20220314 020038.763 INFO             PET0 PIOc_freedecomp Exit - MemInfo: Wall-clock time since execution start:              0.0241231 seconds
20220314 020038.763 INFO             PET0 PIOc_freedecomp Enter - MemInfo: [/proc/meminfo - SSI]	MemTotal:       527077124 kB
20220314 020038.763 INFO             PET0 PIOc_freedecomp Enter - MemInfo: [/proc/meminfo - SSI]	MemFree:        517214800 kB
20220314 020038.763 INFO             PET0 PIOc_freedecomp Enter - MemInfo: [/proc/meminfo - SSI]	MemAvailable:   517699328 kB
20220314 020038.763 INFO             PET0 PIOc_freedecomp Enter - MemInfo: [/proc/meminfo - SSI]	Committed_AS:    1736672 kB
20220314 020038.763 INFO             PET0 PIOc_freedecomp Enter - MemInfo: [/proc/meminfo - SSI]	CommittedPercent: 0.329491 %
20220314 020038.763 INFO             PET0 PIOc_freedecomp Enter - MemInfo: [/proc/self/status]	VmPeak:	  195616 kB
20220314 020038.763 INFO             PET0 PIOc_freedecomp Enter - MemInfo: [/proc/self/status]	VmSize:	  195616 kB
20220314 020038.763 INFO             PET0 PIOc_freedecomp Enter - MemInfo: [/proc/self/status]	VmLck:	       0 kB
20220314 020038.763 INFO             PET0 PIOc_freedecomp Enter - MemInfo: [/proc/self/status]	VmPin:	       0 kB
20220314 020038.763 INFO             PET0 PIOc_freedecomp Enter - MemInfo: [/proc/self/status]	VmHWM:	   42668 kB
20220314 020038.763 INFO             PET0 PIOc_freedecomp Enter - MemInfo: [/proc/self/status]	VmRSS:	   42668 kB
20220314 020038.763 INFO             PET0 PIOc_freedecomp Enter - MemInfo: [/proc/self/status]	VmData:	   17912 kB
20220314 020038.763 INFO             PET0 PIOc_freedecomp Enter - MemInfo: [/proc/self/status]	VmStk:	     156 kB
20220314 020038.763 INFO             PET0 PIOc_freedecomp Enter - MemInfo: [/proc/self/status]	VmExe:	     368 kB
20220314 020038.763 INFO             PET0 PIOc_freedecomp Enter - MemInfo: [/proc/self/status]	VmLib:	  103544 kB
20220314 020038.763 INFO             PET0 PIOc_freedecomp Enter - MemInfo: [/proc/self/status]	VmPTE:	     396 kB
20220314 020038.763 INFO             PET0 PIOc_freedecomp Enter - MemInfo: [/proc/self/status]	VmSwap:	       0 kB
20220314 020038.763 INFO             PET0 PIOc_freedecomp Enter - MemInfo: [/proc/self/status]	VmRSSPercent: 0.00809521 %
20220314 020038.763 INFO             PET0 PIOc_freedecomp Enter - MemInfo: [malloc] Non-mmapped space allocated:                10403840 Byte
20220314 020038.763 INFO             PET0 PIOc_freedecomp Enter - MemInfo: [malloc] Space allocated in mmapped regions:          3768320 Byte
20220314 020038.763 INFO             PET0 PIOc_freedecomp Enter - MemInfo: [malloc] Maximum total allocated space:                     0 Byte
20220314 020038.763 INFO             PET0 PIOc_freedecomp Enter - MemInfo: [malloc] Space in freed fastbin blocks:                   128 Byte
20220314 020038.763 INFO             PET0 PIOc_freedecomp Enter - MemInfo: [malloc] Total allocated space:                       1339056 Byte
20220314 020038.763 INFO             PET0 PIOc_freedecomp Enter - MemInfo: [malloc] Total free space:                            9064784 Byte
20220314 020038.764 INFO             PET0 PIOc_freedecomp Enter - MemInfo: [malloc] Top-most, releasable space:                  9045632 Byte
20220314 020038.764 INFO             PET0 PIOc_freedecomp Enter - MemInfo: [malloc] Total space in use, mmap + non-mmap:         5107376 Byte
20220314 020038.764 INFO             PET0 PIOc_freedecomp Enter - MemInfo: [malloc] Total space held (mmap + non-mmap):         14172160 Byte
20220314 020038.764 INFO             PET0 PIOc_freedecomp Enter - MemInfo: [malloc] Total space used (mmap + non-mmap):          5115584 Byte
20220314 020038.764 INFO             PET0 PIOc_freedecomp Enter - MemInfo: Wall-clock time since execution start:              0.0243245 seconds
20220314 020038.764 INFO             PET0 PIOc_freedecomp Exit - MemInfo: [/proc/meminfo - SSI]	MemTotal:       527077124 kB
20220314 020038.764 INFO             PET0 PIOc_freedecomp Exit - MemInfo: [/proc/meminfo - SSI]	MemFree:        517214800 kB
20220314 020038.764 INFO             PET0 PIOc_freedecomp Exit - MemInfo: [/proc/meminfo - SSI]	MemAvailable:   517699328 kB
20220314 020038.764 INFO             PET0 PIOc_freedecomp Exit - MemInfo: [/proc/meminfo - SSI]	Committed_AS:    1736672 kB
20220314 020038.764 INFO             PET0 PIOc_freedecomp Exit - MemInfo: [/proc/meminfo - SSI]	CommittedPercent: 0.329491 %
20220314 020038.764 INFO             PET0 PIOc_freedecomp Exit - MemInfo: [/proc/self/status]	VmPeak:	  195616 kB
20220314 020038.764 INFO             PET0 PIOc_freedecomp Exit - MemInfo: [/proc/self/status]	VmSize:	  195616 kB
20220314 020038.764 INFO             PET0 PIOc_freedecomp Exit - MemInfo: [/proc/self/status]	VmLck:	       0 kB
20220314 020038.764 INFO             PET0 PIOc_freedecomp Exit - MemInfo: [/proc/self/status]	VmPin:	       0 kB
20220314 020038.764 INFO             PET0 PIOc_freedecomp Exit - MemInfo: [/proc/self/status]	VmHWM:	   42668 kB
20220314 020038.764 INFO             PET0 PIOc_freedecomp Exit - MemInfo: [/proc/self/status]	VmRSS:	   42668 kB
20220314 020038.764 INFO             PET0 PIOc_freedecomp Exit - MemInfo: [/proc/self/status]	VmData:	   17912 kB
20220314 020038.764 INFO             PET0 PIOc_freedecomp Exit - MemInfo: [/proc/self/status]	VmStk:	     156 kB
20220314 020038.764 INFO             PET0 PIOc_freedecomp Exit - MemInfo: [/proc/self/status]	VmExe:	     368 kB
20220314 020038.764 INFO             PET0 PIOc_freedecomp Exit - MemInfo: [/proc/self/status]	VmLib:	  103544 kB
20220314 020038.764 INFO             PET0 PIOc_freedecomp Exit - MemInfo: [/proc/self/status]	VmPTE:	     396 kB
20220314 020038.764 INFO             PET0 PIOc_freedecomp Exit - MemInfo: [/proc/self/status]	VmSwap:	       0 kB
20220314 020038.764 INFO             PET0 PIOc_freedecomp Exit - MemInfo: [/proc/self/status]	VmRSSPercent: 0.00809521 %
20220314 020038.764 INFO             PET0 PIOc_freedecomp Exit - MemInfo: [malloc] Non-mmapped space allocated:                10403840 Byte
20220314 020038.764 INFO             PET0 PIOc_freedecomp Exit - MemInfo: [malloc] Space allocated in mmapped regions:          3768320 Byte
20220314 020038.764 INFO             PET0 PIOc_freedecomp Exit - MemInfo: [malloc] Maximum total allocated space:                     0 Byte
20220314 020038.764 INFO             PET0 PIOc_freedecomp Exit - MemInfo: [malloc] Space in freed fastbin blocks:                   448 Byte
20220314 020038.764 INFO             PET0 PIOc_freedecomp Exit - MemInfo: [malloc] Total allocated space:                       1336352 Byte
20220314 020038.764 INFO             PET0 PIOc_freedecomp Exit - MemInfo: [malloc] Total free space:                            9067488 Byte
20220314 020038.764 INFO             PET0 PIOc_freedecomp Exit - MemInfo: [malloc] Top-most, releasable space:                  9045408 Byte
20220314 020038.764 INFO             PET0 PIOc_freedecomp Exit - MemInfo: [malloc] Total space in use, mmap + non-mmap:         5104672 Byte
20220314 020038.764 INFO             PET0 PIOc_freedecomp Exit - MemInfo: [malloc] Total space held (mmap + non-mmap):         14172160 Byte
20220314 020038.764 INFO             PET0 PIOc_freedecomp Exit - MemInfo: [malloc] Total space used (mmap + non-mmap):          5112880 Byte
20220314 020038.764 INFO             PET0 PIOc_freedecomp Exit - MemInfo: Wall-clock time since execution start:              0.0245313 seconds
20220314 020038.764 INFO             PET0 PIOc_freedecomp Enter - MemInfo: [/proc/meminfo - SSI]	MemTotal:       527077124 kB
20220314 020038.764 INFO             PET0 PIOc_freedecomp Enter - MemInfo: [/proc/meminfo - SSI]	MemFree:        517214800 kB
20220314 020038.764 INFO             PET0 PIOc_freedecomp Enter - MemInfo: [/proc/meminfo - SSI]	MemAvailable:   517699328 kB
20220314 020038.764 INFO             PET0 PIOc_freedecomp Enter - MemInfo: [/proc/meminfo - SSI]	Committed_AS:    1736672 kB
20220314 020038.764 INFO             PET0 PIOc_freedecomp Enter - MemInfo: [/proc/meminfo - SSI]	CommittedPercent: 0.329491 %
20220314 020038.764 INFO             PET0 PIOc_freedecomp Enter - MemInfo: [/proc/self/status]	VmPeak:	  195616 kB
20220314 020038.764 INFO             PET0 PIOc_freedecomp Enter - MemInfo: [/proc/self/status]	VmSize:	  195616 kB
20220314 020038.764 INFO             PET0 PIOc_freedecomp Enter - MemInfo: [/proc/self/status]	VmLck:	       0 kB
20220314 020038.764 INFO             PET0 PIOc_freedecomp Enter - MemInfo: [/proc/self/status]	VmPin:	       0 kB
20220314 020038.764 INFO             PET0 PIOc_freedecomp Enter - MemInfo: [/proc/self/status]	VmHWM:	   42668 kB
20220314 020038.764 INFO             PET0 PIOc_freedecomp Enter - MemInfo: [/proc/self/status]	VmRSS:	   42668 kB
20220314 020038.764 INFO             PET0 PIOc_freedecomp Enter - MemInfo: [/proc/self/status]	VmData:	   17912 kB
20220314 020038.764 INFO             PET0 PIOc_freedecomp Enter - MemInfo: [/proc/self/status]	VmStk:	     156 kB
20220314 020038.764 INFO             PET0 PIOc_freedecomp Enter - MemInfo: [/proc/self/status]	VmExe:	     368 kB
20220314 020038.764 INFO             PET0 PIOc_freedecomp Enter - MemInfo: [/proc/self/status]	VmLib:	  103544 kB
20220314 020038.764 INFO             PET0 PIOc_freedecomp Enter - MemInfo: [/proc/self/status]	VmPTE:	     396 kB
20220314 020038.764 INFO             PET0 PIOc_freedecomp Enter - MemInfo: [/proc/self/status]	VmSwap:	       0 kB
20220314 020038.764 INFO             PET0 PIOc_freedecomp Enter - MemInfo: [/proc/self/status]	VmRSSPercent: 0.00809521 %
20220314 020038.764 INFO             PET0 PIOc_freedecomp Enter - MemInfo: [malloc] Non-mmapped space allocated:                10403840 Byte
20220314 020038.764 INFO             PET0 PIOc_freedecomp Enter - MemInfo: [malloc] Space allocated in mmapped regions:          3768320 Byte
20220314 020038.764 INFO             PET0 PIOc_freedecomp Enter - MemInfo: [malloc] Maximum total allocated space:                     0 Byte
20220314 020038.764 INFO             PET0 PIOc_freedecomp Enter - MemInfo: [malloc] Space in freed fastbin blocks:                   128 Byte
20220314 020038.764 INFO             PET0 PIOc_freedecomp Enter - MemInfo: [malloc] Total allocated space:                       1336224 Byte
20220314 020038.764 INFO             PET0 PIOc_freedecomp Enter - MemInfo: [malloc] Total free space:                            9067616 Byte
20220314 020038.764 INFO             PET0 PIOc_freedecomp Enter - MemInfo: [malloc] Top-most, releasable space:                  9046080 Byte
20220314 020038.764 INFO             PET0 PIOc_freedecomp Enter - MemInfo: [malloc] Total space in use, mmap + non-mmap:         5104544 Byte
20220314 020038.764 INFO             PET0 PIOc_freedecomp Enter - MemInfo: [malloc] Total space held (mmap + non-mmap):         14172160 Byte
20220314 020038.764 INFO             PET0 PIOc_freedecomp Enter - MemInfo: [malloc] Total space used (mmap + non-mmap):          5112752 Byte
20220314 020038.764 INFO             PET0 PIOc_freedecomp Enter - MemInfo: Wall-clock time since execution start:              0.0247318 seconds
20220314 020038.764 INFO             PET0 PIOc_freedecomp Exit - MemInfo: [/proc/meminfo - SSI]	MemTotal:       527077124 kB
20220314 020038.764 INFO             PET0 PIOc_freedecomp Exit - MemInfo: [/proc/meminfo - SSI]	MemFree:        517214800 kB
20220314 020038.764 INFO             PET0 PIOc_freedecomp Exit - MemInfo: [/proc/meminfo - SSI]	MemAvailable:   517699328 kB
20220314 020038.764 INFO             PET0 PIOc_freedecomp Exit - MemInfo: [/proc/meminfo - SSI]	Committed_AS:    1736672 kB
20220314 020038.764 INFO             PET0 PIOc_freedecomp Exit - MemInfo: [/proc/meminfo - SSI]	CommittedPercent: 0.329491 %
20220314 020038.764 INFO             PET0 PIOc_freedecomp Exit - MemInfo: [/proc/self/status]	VmPeak:	  195616 kB
20220314 020038.764 INFO             PET0 PIOc_freedecomp Exit - MemInfo: [/proc/self/status]	VmSize:	  195616 kB
20220314 020038.764 INFO             PET0 PIOc_freedecomp Exit - MemInfo: [/proc/self/status]	VmLck:	       0 kB
20220314 020038.764 INFO             PET0 PIOc_freedecomp Exit - MemInfo: [/proc/self/status]	VmPin:	       0 kB
20220314 020038.764 INFO             PET0 PIOc_freedecomp Exit - MemInfo: [/proc/self/status]	VmHWM:	   42668 kB
20220314 020038.764 INFO             PET0 PIOc_freedecomp Exit - MemInfo: [/proc/self/status]	VmRSS:	   42668 kB
20220314 020038.764 INFO             PET0 PIOc_freedecomp Exit - MemInfo: [/proc/self/status]	VmData:	   17912 kB
20220314 020038.764 INFO             PET0 PIOc_freedecomp Exit - MemInfo: [/proc/self/status]	VmStk:	     156 kB
20220314 020038.764 INFO             PET0 PIOc_freedecomp Exit - MemInfo: [/proc/self/status]	VmExe:	     368 kB
20220314 020038.764 INFO             PET0 PIOc_freedecomp Exit - MemInfo: [/proc/self/status]	VmLib:	  103544 kB
20220314 020038.764 INFO             PET0 PIOc_freedecomp Exit - MemInfo: [/proc/self/status]	VmPTE:	     396 kB
20220314 020038.764 INFO             PET0 PIOc_freedecomp Exit - MemInfo: [/proc/self/status]	VmSwap:	       0 kB
20220314 020038.764 INFO             PET0 PIOc_freedecomp Exit - MemInfo: [/proc/self/status]	VmRSSPercent: 0.00809521 %
20220314 020038.764 INFO             PET0 PIOc_freedecomp Exit - MemInfo: [malloc] Non-mmapped space allocated:                10403840 Byte
20220314 020038.764 INFO             PET0 PIOc_freedecomp Exit - MemInfo: [malloc] Space allocated in mmapped regions:          3768320 Byte
20220314 020038.764 INFO             PET0 PIOc_freedecomp Exit - MemInfo: [malloc] Maximum total allocated space:                     0 Byte
20220314 020038.764 INFO             PET0 PIOc_freedecomp Exit - MemInfo: [malloc] Space in freed fastbin blocks:                   944 Byte
20220314 020038.764 INFO             PET0 PIOc_freedecomp Exit - MemInfo: [malloc] Total allocated space:                       1332304 Byte
20220314 020038.764 INFO             PET0 PIOc_freedecomp Exit - MemInfo: [malloc] Total free space:                            9071536 Byte
20220314 020038.764 INFO             PET0 PIOc_freedecomp Exit - MemInfo: [malloc] Top-most, releasable space:                  9046080 Byte
20220314 020038.764 INFO             PET0 PIOc_freedecomp Exit - MemInfo: [malloc] Total space in use, mmap + non-mmap:         5100624 Byte
20220314 020038.764 INFO             PET0 PIOc_freedecomp Exit - MemInfo: [malloc] Total space held (mmap + non-mmap):         14172160 Byte
20220314 020038.764 INFO             PET0 PIOc_freedecomp Exit - MemInfo: [malloc] Total space used (mmap + non-mmap):          5108832 Byte
20220314 020038.764 INFO             PET0 PIOc_freedecomp Exit - MemInfo: Wall-clock time since execution start:              0.0249379 seconds
20220314 020038.764 INFO             PET0  PASS  Writing a FieldBundle to a single file with timeslice Test, ESMF_FieldBundleIOUTest.F90, line 370
20220314 020038.766 INFO             PET0 PIOc_sync Enter - MemInfo: [/proc/meminfo - SSI]	MemTotal:       527077124 kB
20220314 020038.766 INFO             PET0 PIOc_sync Enter - MemInfo: [/proc/meminfo - SSI]	MemFree:        517214800 kB
20220314 020038.766 INFO             PET0 PIOc_sync Enter - MemInfo: [/proc/meminfo - SSI]	MemAvailable:   517699328 kB
20220314 020038.766 INFO             PET0 PIOc_sync Enter - MemInfo: [/proc/meminfo - SSI]	Committed_AS:    1736672 kB
20220314 020038.766 INFO             PET0 PIOc_sync Enter - MemInfo: [/proc/meminfo - SSI]	CommittedPercent: 0.329491 %
20220314 020038.766 INFO             PET0 PIOc_sync Enter - MemInfo: [/proc/self/status]	VmPeak:	  195616 kB
20220314 020038.766 INFO             PET0 PIOc_sync Enter - MemInfo: [/proc/self/status]	VmSize:	  195616 kB
20220314 020038.766 INFO             PET0 PIOc_sync Enter - MemInfo: [/proc/self/status]	VmLck:	       0 kB
20220314 020038.766 INFO             PET0 PIOc_sync Enter - MemInfo: [/proc/self/status]	VmPin:	       0 kB
20220314 020038.766 INFO             PET0 PIOc_sync Enter - MemInfo: [/proc/self/status]	VmHWM:	   42992 kB
20220314 020038.766 INFO             PET0 PIOc_sync Enter - MemInfo: [/proc/self/status]	VmRSS:	   42992 kB
20220314 020038.766 INFO             PET0 PIOc_sync Enter - MemInfo: [/proc/self/status]	VmData:	   17912 kB
20220314 020038.766 INFO             PET0 PIOc_sync Enter - MemInfo: [/proc/self/status]	VmStk:	     156 kB
20220314 020038.766 INFO             PET0 PIOc_sync Enter - MemInfo: [/proc/self/status]	VmExe:	     368 kB
20220314 020038.766 INFO             PET0 PIOc_sync Enter - MemInfo: [/proc/self/status]	VmLib:	  103544 kB
20220314 020038.766 INFO             PET0 PIOc_sync Enter - MemInfo: [/proc/self/status]	VmPTE:	     396 kB
20220314 020038.766 INFO             PET0 PIOc_sync Enter - MemInfo: [/proc/self/status]	VmSwap:	       0 kB
20220314 020038.766 INFO             PET0 PIOc_sync Enter - MemInfo: [/proc/self/status]	VmRSSPercent: 0.00815668 %
20220314 020038.766 INFO             PET0 PIOc_sync Enter - MemInfo: [malloc] Non-mmapped space allocated:                10403840 Byte
20220314 020038.766 INFO             PET0 PIOc_sync Enter - MemInfo: [malloc] Space allocated in mmapped regions:          3768320 Byte
20220314 020038.766 INFO             PET0 PIOc_sync Enter - MemInfo: [malloc] Maximum total allocated space:                     0 Byte
20220314 020038.766 INFO             PET0 PIOc_sync Enter - MemInfo: [malloc] Space in freed fastbin blocks:                   640 Byte
20220314 020038.766 INFO             PET0 PIOc_sync Enter - MemInfo: [malloc] Total allocated space:                      10271152 Byte
20220314 020038.766 INFO             PET0 PIOc_sync Enter - MemInfo: [malloc] Total free space:                             132688 Byte
20220314 020038.766 INFO             PET0 PIOc_sync Enter - MemInfo: [malloc] Top-most, releasable space:                   129920 Byte
20220314 020038.766 INFO             PET0 PIOc_sync Enter - MemInfo: [malloc] Total space in use, mmap + non-mmap:        14039472 Byte
20220314 020038.766 INFO             PET0 PIOc_sync Enter - MemInfo: [malloc] Total space held (mmap + non-mmap):         14172160 Byte
20220314 020038.766 INFO             PET0 PIOc_sync Enter - MemInfo: [malloc] Total space used (mmap + non-mmap):         14047792 Byte
20220314 020038.766 INFO             PET0 PIOc_sync Enter - MemInfo: Wall-clock time since execution start:              0.0270031 seconds
20220314 020038.766 INFO             PET0 PIOc_sync Exit - MemInfo: [/proc/meminfo - SSI]	MemTotal:       527077124 kB
20220314 020038.766 INFO             PET0 PIOc_sync Exit - MemInfo: [/proc/meminfo - SSI]	MemFree:        517214800 kB
20220314 020038.766 INFO             PET0 PIOc_sync Exit - MemInfo: [/proc/meminfo - SSI]	MemAvailable:   517699328 kB
20220314 020038.766 INFO             PET0 PIOc_sync Exit - MemInfo: [/proc/meminfo - SSI]	Committed_AS:    1736672 kB
20220314 020038.766 INFO             PET0 PIOc_sync Exit - MemInfo: [/proc/meminfo - SSI]	CommittedPercent: 0.329491 %
20220314 020038.766 INFO             PET0 PIOc_sync Exit - MemInfo: [/proc/self/status]	VmPeak:	  195616 kB
20220314 020038.766 INFO             PET0 PIOc_sync Exit - MemInfo: [/proc/self/status]	VmSize:	  195616 kB
20220314 020038.766 INFO             PET0 PIOc_sync Exit - MemInfo: [/proc/self/status]	VmLck:	       0 kB
20220314 020038.766 INFO             PET0 PIOc_sync Exit - MemInfo: [/proc/self/status]	VmPin:	       0 kB
20220314 020038.766 INFO             PET0 PIOc_sync Exit - MemInfo: [/proc/self/status]	VmHWM:	   42992 kB
20220314 020038.766 INFO             PET0 PIOc_sync Exit - MemInfo: [/proc/self/status]	VmRSS:	   42992 kB
20220314 020038.766 INFO             PET0 PIOc_sync Exit - MemInfo: [/proc/self/status]	VmData:	   17912 kB
20220314 020038.766 INFO             PET0 PIOc_sync Exit - MemInfo: [/proc/self/status]	VmStk:	     156 kB
20220314 020038.766 INFO             PET0 PIOc_sync Exit - MemInfo: [/proc/self/status]	VmExe:	     368 kB
20220314 020038.766 INFO             PET0 PIOc_sync Exit - MemInfo: [/proc/self/status]	VmLib:	  103544 kB
20220314 020038.766 INFO             PET0 PIOc_sync Exit - MemInfo: [/proc/self/status]	VmPTE:	     396 kB
20220314 020038.766 INFO             PET0 PIOc_sync Exit - MemInfo: [/proc/self/status]	VmSwap:	       0 kB
20220314 020038.766 INFO             PET0 PIOc_sync Exit - MemInfo: [/proc/self/status]	VmRSSPercent: 0.00815668 %
20220314 020038.766 INFO             PET0 PIOc_sync Exit - MemInfo: [malloc] Non-mmapped space allocated:                10403840 Byte
20220314 020038.766 INFO             PET0 PIOc_sync Exit - MemInfo: [malloc] Space allocated in mmapped regions:          3768320 Byte
20220314 020038.766 INFO             PET0 PIOc_sync Exit - MemInfo: [malloc] Maximum total allocated space:                     0 Byte
20220314 020038.766 INFO             PET0 PIOc_sync Exit - MemInfo: [malloc] Space in freed fastbin blocks:                     0 Byte
20220314 020038.766 INFO             PET0 PIOc_sync Exit - MemInfo: [malloc] Total allocated space:                      10273184 Byte
20220314 020038.766 INFO             PET0 PIOc_sync Exit - MemInfo: [malloc] Total free space:                             130656 Byte
20220314 020038.766 INFO             PET0 PIOc_sync Exit - MemInfo: [malloc] Top-most, releasable space:                   129696 Byte
20220314 020038.766 INFO             PET0 PIOc_sync Exit - MemInfo: [malloc] Total space in use, mmap + non-mmap:        14041504 Byte
20220314 020038.767 INFO             PET0 PIOc_sync Exit - MemInfo: [malloc] Total space held (mmap + non-mmap):         14172160 Byte
20220314 020038.767 INFO             PET0 PIOc_sync Exit - MemInfo: [malloc] Total space used (mmap + non-mmap):         14049712 Byte
20220314 020038.767 INFO             PET0 PIOc_sync Exit - MemInfo: Wall-clock time since execution start:               0.027314 seconds
20220314 020038.767 INFO             PET0 PIOc_freedecomp Enter - MemInfo: [/proc/meminfo - SSI]	MemTotal:       527077124 kB
20220314 020038.767 INFO             PET0 PIOc_freedecomp Enter - MemInfo: [/proc/meminfo - SSI]	MemFree:        517214800 kB
20220314 020038.767 INFO             PET0 PIOc_freedecomp Enter - MemInfo: [/proc/meminfo - SSI]	MemAvailable:   517699328 kB
20220314 020038.767 INFO             PET0 PIOc_freedecomp Enter - MemInfo: [/proc/meminfo - SSI]	Committed_AS:    1736672 kB
20220314 020038.767 INFO             PET0 PIOc_freedecomp Enter - MemInfo: [/proc/meminfo - SSI]	CommittedPercent: 0.329491 %
20220314 020038.767 INFO             PET0 PIOc_freedecomp Enter - MemInfo: [/proc/self/status]	VmPeak:	  195616 kB
20220314 020038.767 INFO             PET0 PIOc_freedecomp Enter - MemInfo: [/proc/self/status]	VmSize:	  195616 kB
20220314 020038.767 INFO             PET0 PIOc_freedecomp Enter - MemInfo: [/proc/self/status]	VmLck:	       0 kB
20220314 020038.767 INFO             PET0 PIOc_freedecomp Enter - MemInfo: [/proc/self/status]	VmPin:	       0 kB
20220314 020038.767 INFO             PET0 PIOc_freedecomp Enter - MemInfo: [/proc/self/status]	VmHWM:	   42992 kB
20220314 020038.767 INFO             PET0 PIOc_freedecomp Enter - MemInfo: [/proc/self/status]	VmRSS:	   42992 kB
20220314 020038.767 INFO             PET0 PIOc_freedecomp Enter - MemInfo: [/proc/self/status]	VmData:	   17912 kB
20220314 020038.767 INFO             PET0 PIOc_freedecomp Enter - MemInfo: [/proc/self/status]	VmStk:	     156 kB
20220314 020038.767 INFO             PET0 PIOc_freedecomp Enter - MemInfo: [/proc/self/status]	VmExe:	     368 kB
20220314 020038.767 INFO             PET0 PIOc_freedecomp Enter - MemInfo: [/proc/self/status]	VmLib:	  103544 kB
20220314 020038.767 INFO             PET0 PIOc_freedecomp Enter - MemInfo: [/proc/self/status]	VmPTE:	     396 kB
20220314 020038.767 INFO             PET0 PIOc_freedecomp Enter - MemInfo: [/proc/self/status]	VmSwap:	       0 kB
20220314 020038.767 INFO             PET0 PIOc_freedecomp Enter - MemInfo: [/proc/self/status]	VmRSSPercent: 0.00815668 %
20220314 020038.767 INFO             PET0 PIOc_freedecomp Enter - MemInfo: [malloc] Non-mmapped space allocated:                10403840 Byte
20220314 020038.767 INFO             PET0 PIOc_freedecomp Enter - MemInfo: [malloc] Space allocated in mmapped regions:          3768320 Byte
20220314 020038.767 INFO             PET0 PIOc_freedecomp Enter - MemInfo: [malloc] Maximum total allocated space:                     0 Byte
20220314 020038.767 INFO             PET0 PIOc_freedecomp Enter - MemInfo: [malloc] Space in freed fastbin blocks:                   208 Byte
20220314 020038.767 INFO             PET0 PIOc_freedecomp Enter - MemInfo: [malloc] Total allocated space:                       1347536 Byte
20220314 020038.767 INFO             PET0 PIOc_freedecomp Enter - MemInfo: [malloc] Total free space:                            9056304 Byte
20220314 020038.767 INFO             PET0 PIOc_freedecomp Enter - MemInfo: [malloc] Top-most, releasable space:                   129472 Byte
20220314 020038.767 INFO             PET0 PIOc_freedecomp Enter - MemInfo: [malloc] Total space in use, mmap + non-mmap:         5115856 Byte
20220314 020038.767 INFO             PET0 PIOc_freedecomp Enter - MemInfo: [malloc] Total space held (mmap + non-mmap):         14172160 Byte
20220314 020038.767 INFO             PET0 PIOc_freedecomp Enter - MemInfo: [malloc] Total space used (mmap + non-mmap):          5124064 Byte
20220314 020038.767 INFO             PET0 PIOc_freedecomp Enter - MemInfo: Wall-clock time since execution start:              0.0276417 seconds
20220314 020038.767 INFO             PET0 PIOc_freedecomp Exit - MemInfo: [/proc/meminfo - SSI]	MemTotal:       527077124 kB
20220314 020038.767 INFO             PET0 PIOc_freedecomp Exit - MemInfo: [/proc/meminfo - SSI]	MemFree:        517214800 kB
20220314 020038.767 INFO             PET0 PIOc_freedecomp Exit - MemInfo: [/proc/meminfo - SSI]	MemAvailable:   517699328 kB
20220314 020038.767 INFO             PET0 PIOc_freedecomp Exit - MemInfo: [/proc/meminfo - SSI]	Committed_AS:    1736672 kB
20220314 020038.767 INFO             PET0 PIOc_freedecomp Exit - MemInfo: [/proc/meminfo - SSI]	CommittedPercent: 0.329491 %
20220314 020038.767 INFO             PET0 PIOc_freedecomp Exit - MemInfo: [/proc/self/status]	VmPeak:	  195616 kB
20220314 020038.767 INFO             PET0 PIOc_freedecomp Exit - MemInfo: [/proc/self/status]	VmSize:	  195616 kB
20220314 020038.767 INFO             PET0 PIOc_freedecomp Exit - MemInfo: [/proc/self/status]	VmLck:	       0 kB
20220314 020038.767 INFO             PET0 PIOc_freedecomp Exit - MemInfo: [/proc/self/status]	VmPin:	       0 kB
20220314 020038.767 INFO             PET0 PIOc_freedecomp Exit - MemInfo: [/proc/self/status]	VmHWM:	   42992 kB
20220314 020038.767 INFO             PET0 PIOc_freedecomp Exit - MemInfo: [/proc/self/status]	VmRSS:	   42992 kB
20220314 020038.767 INFO             PET0 PIOc_freedecomp Exit - MemInfo: [/proc/self/status]	VmData:	   17912 kB
20220314 020038.767 INFO             PET0 PIOc_freedecomp Exit - MemInfo: [/proc/self/status]	VmStk:	     156 kB
20220314 020038.767 INFO             PET0 PIOc_freedecomp Exit - MemInfo: [/proc/self/status]	VmExe:	     368 kB
20220314 020038.767 INFO             PET0 PIOc_freedecomp Exit - MemInfo: [/proc/self/status]	VmLib:	  103544 kB
20220314 020038.767 INFO             PET0 PIOc_freedecomp Exit - MemInfo: [/proc/self/status]	VmPTE:	     396 kB
20220314 020038.767 INFO             PET0 PIOc_freedecomp Exit - MemInfo: [/proc/self/status]	VmSwap:	       0 kB
20220314 020038.767 INFO             PET0 PIOc_freedecomp Exit - MemInfo: [/proc/self/status]	VmRSSPercent: 0.00815668 %
20220314 020038.767 INFO             PET0 PIOc_freedecomp Exit - MemInfo: [malloc] Non-mmapped space allocated:                10403840 Byte
20220314 020038.767 INFO             PET0 PIOc_freedecomp Exit - MemInfo: [malloc] Space allocated in mmapped regions:          3768320 Byte
20220314 020038.767 INFO             PET0 PIOc_freedecomp Exit - MemInfo: [malloc] Maximum total allocated space:                     0 Byte
20220314 020038.767 INFO             PET0 PIOc_freedecomp Exit - MemInfo: [malloc] Space in freed fastbin blocks:                   112 Byte
20220314 020038.767 INFO             PET0 PIOc_freedecomp Exit - MemInfo: [malloc] Total allocated space:                       1345216 Byte
20220314 020038.767 INFO             PET0 PIOc_freedecomp Exit - MemInfo: [malloc] Total free space:                            9058624 Byte
20220314 020038.767 INFO             PET0 PIOc_freedecomp Exit - MemInfo: [malloc] Top-most, releasable space:                   131536 Byte
20220314 020038.767 INFO             PET0 PIOc_freedecomp Exit - MemInfo: [malloc] Total space in use, mmap + non-mmap:         5113536 Byte
20220314 020038.767 INFO             PET0 PIOc_freedecomp Exit - MemInfo: [malloc] Total space held (mmap + non-mmap):         14172160 Byte
20220314 020038.767 INFO             PET0 PIOc_freedecomp Exit - MemInfo: [malloc] Total space used (mmap + non-mmap):          5121744 Byte
20220314 020038.767 INFO             PET0 PIOc_freedecomp Exit - MemInfo: Wall-clock time since execution start:              0.0278507 seconds
20220314 020038.767 INFO             PET0 PIOc_freedecomp Enter - MemInfo: [/proc/meminfo - SSI]	MemTotal:       527077124 kB
20220314 020038.767 INFO             PET0 PIOc_freedecomp Enter - MemInfo: [/proc/meminfo - SSI]	MemFree:        517214800 kB
20220314 020038.767 INFO             PET0 PIOc_freedecomp Enter - MemInfo: [/proc/meminfo - SSI]	MemAvailable:   517699328 kB
20220314 020038.767 INFO             PET0 PIOc_freedecomp Enter - MemInfo: [/proc/meminfo - SSI]	Committed_AS:    1736672 kB
20220314 020038.767 INFO             PET0 PIOc_freedecomp Enter - MemInfo: [/proc/meminfo - SSI]	CommittedPercent: 0.329491 %
20220314 020038.767 INFO             PET0 PIOc_freedecomp Enter - MemInfo: [/proc/self/status]	VmPeak:	  195616 kB
20220314 020038.767 INFO             PET0 PIOc_freedecomp Enter - MemInfo: [/proc/self/status]	VmSize:	  195616 kB
20220314 020038.767 INFO             PET0 PIOc_freedecomp Enter - MemInfo: [/proc/self/status]	VmLck:	       0 kB
20220314 020038.767 INFO             PET0 PIOc_freedecomp Enter - MemInfo: [/proc/self/status]	VmPin:	       0 kB
20220314 020038.767 INFO             PET0 PIOc_freedecomp Enter - MemInfo: [/proc/self/status]	VmHWM:	   42992 kB
20220314 020038.767 INFO             PET0 PIOc_freedecomp Enter - MemInfo: [/proc/self/status]	VmRSS:	   42992 kB
20220314 020038.767 INFO             PET0 PIOc_freedecomp Enter - MemInfo: [/proc/self/status]	VmData:	   17912 kB
20220314 020038.767 INFO             PET0 PIOc_freedecomp Enter - MemInfo: [/proc/self/status]	VmStk:	     156 kB
20220314 020038.767 INFO             PET0 PIOc_freedecomp Enter - MemInfo: [/proc/self/status]	VmExe:	     368 kB
20220314 020038.767 INFO             PET0 PIOc_freedecomp Enter - MemInfo: [/proc/self/status]	VmLib:	  103544 kB
20220314 020038.767 INFO             PET0 PIOc_freedecomp Enter - MemInfo: [/proc/self/status]	VmPTE:	     396 kB
20220314 020038.767 INFO             PET0 PIOc_freedecomp Enter - MemInfo: [/proc/self/status]	VmSwap:	       0 kB
20220314 020038.767 INFO             PET0 PIOc_freedecomp Enter - MemInfo: [/proc/self/status]	VmRSSPercent: 0.00815668 %
20220314 020038.767 INFO             PET0 PIOc_freedecomp Enter - MemInfo: [malloc] Non-mmapped space allocated:                10403840 Byte
20220314 020038.767 INFO             PET0 PIOc_freedecomp Enter - MemInfo: [malloc] Space allocated in mmapped regions:          3768320 Byte
20220314 020038.767 INFO             PET0 PIOc_freedecomp Enter - MemInfo: [malloc] Maximum total allocated space:                     0 Byte
20220314 020038.767 INFO             PET0 PIOc_freedecomp Enter - MemInfo: [malloc] Space in freed fastbin blocks:                   128 Byte
20220314 020038.767 INFO             PET0 PIOc_freedecomp Enter - MemInfo: [malloc] Total allocated space:                       1345088 Byte
20220314 020038.767 INFO             PET0 PIOc_freedecomp Enter - MemInfo: [malloc] Total free space:                            9058752 Byte
20220314 020038.767 INFO             PET0 PIOc_freedecomp Enter - MemInfo: [malloc] Top-most, releasable space:                   131536 Byte
20220314 020038.767 INFO             PET0 PIOc_freedecomp Enter - MemInfo: [malloc] Total space in use, mmap + non-mmap:         5113408 Byte
20220314 020038.767 INFO             PET0 PIOc_freedecomp Enter - MemInfo: [malloc] Total space held (mmap + non-mmap):         14172160 Byte
20220314 020038.767 INFO             PET0 PIOc_freedecomp Enter - MemInfo: [malloc] Total space used (mmap + non-mmap):          5121616 Byte
20220314 020038.767 INFO             PET0 PIOc_freedecomp Enter - MemInfo: Wall-clock time since execution start:              0.0280523 seconds
20220314 020038.767 INFO             PET0 PIOc_freedecomp Exit - MemInfo: [/proc/meminfo - SSI]	MemTotal:       527077124 kB
20220314 020038.767 INFO             PET0 PIOc_freedecomp Exit - MemInfo: [/proc/meminfo - SSI]	MemFree:        517214800 kB
20220314 020038.767 INFO             PET0 PIOc_freedecomp Exit - MemInfo: [/proc/meminfo - SSI]	MemAvailable:   517699328 kB
20220314 020038.767 INFO             PET0 PIOc_freedecomp Exit - MemInfo: [/proc/meminfo - SSI]	Committed_AS:    1736672 kB
20220314 020038.767 INFO             PET0 PIOc_freedecomp Exit - MemInfo: [/proc/meminfo - SSI]	CommittedPercent: 0.329491 %
20220314 020038.767 INFO             PET0 PIOc_freedecomp Exit - MemInfo: [/proc/self/status]	VmPeak:	  195616 kB
20220314 020038.767 INFO             PET0 PIOc_freedecomp Exit - MemInfo: [/proc/self/status]	VmSize:	  195616 kB
20220314 020038.767 INFO             PET0 PIOc_freedecomp Exit - MemInfo: [/proc/self/status]	VmLck:	       0 kB
20220314 020038.767 INFO             PET0 PIOc_freedecomp Exit - MemInfo: [/proc/self/status]	VmPin:	       0 kB
20220314 020038.767 INFO             PET0 PIOc_freedecomp Exit - MemInfo: [/proc/self/status]	VmHWM:	   42992 kB
20220314 020038.767 INFO             PET0 PIOc_freedecomp Exit - MemInfo: [/proc/self/status]	VmRSS:	   42992 kB
20220314 020038.767 INFO             PET0 PIOc_freedecomp Exit - MemInfo: [/proc/self/status]	VmData:	   17912 kB
20220314 020038.767 INFO             PET0 PIOc_freedecomp Exit - MemInfo: [/proc/self/status]	VmStk:	     156 kB
20220314 020038.767 INFO             PET0 PIOc_freedecomp Exit - MemInfo: [/proc/self/status]	VmExe:	     368 kB
20220314 020038.767 INFO             PET0 PIOc_freedecomp Exit - MemInfo: [/proc/self/status]	VmLib:	  103544 kB
20220314 020038.767 INFO             PET0 PIOc_freedecomp Exit - MemInfo: [/proc/self/status]	VmPTE:	     396 kB
20220314 020038.767 INFO             PET0 PIOc_freedecomp Exit - MemInfo: [/proc/self/status]	VmSwap:	       0 kB
20220314 020038.767 INFO             PET0 PIOc_freedecomp Exit - MemInfo: [/proc/self/status]	VmRSSPercent: 0.00815668 %
20220314 020038.767 INFO             PET0 PIOc_freedecomp Exit - MemInfo: [malloc] Non-mmapped space allocated:                10403840 Byte
20220314 020038.767 INFO             PET0 PIOc_freedecomp Exit - MemInfo: [malloc] Space allocated in mmapped regions:          3768320 Byte
20220314 020038.767 INFO             PET0 PIOc_freedecomp Exit - MemInfo: [malloc] Maximum total allocated space:                     0 Byte
20220314 020038.767 INFO             PET0 PIOc_freedecomp Exit - MemInfo: [malloc] Space in freed fastbin blocks:                   128 Byte
20220314 020038.767 INFO             PET0 PIOc_freedecomp Exit - MemInfo: [malloc] Total allocated space:                       1343008 Byte
20220314 020038.767 INFO             PET0 PIOc_freedecomp Exit - MemInfo: [malloc] Total free space:                            9060832 Byte
20220314 020038.767 INFO             PET0 PIOc_freedecomp Exit - MemInfo: [malloc] Top-most, releasable space:                  9045408 Byte
20220314 020038.767 INFO             PET0 PIOc_freedecomp Exit - MemInfo: [malloc] Total space in use, mmap + non-mmap:         5111328 Byte
20220314 020038.767 INFO             PET0 PIOc_freedecomp Exit - MemInfo: [malloc] Total space held (mmap + non-mmap):         14172160 Byte
20220314 020038.767 INFO             PET0 PIOc_freedecomp Exit - MemInfo: [malloc] Total space used (mmap + non-mmap):          5119536 Byte
20220314 020038.767 INFO             PET0 PIOc_freedecomp Exit - MemInfo: Wall-clock time since execution start:              0.0282547 seconds
20220314 020038.767 INFO             PET0 PIOc_freedecomp Enter - MemInfo: [/proc/meminfo - SSI]	MemTotal:       527077124 kB
20220314 020038.767 INFO             PET0 PIOc_freedecomp Enter - MemInfo: [/proc/meminfo - SSI]	MemFree:        517214800 kB
20220314 020038.767 INFO             PET0 PIOc_freedecomp Enter - MemInfo: [/proc/meminfo - SSI]	MemAvailable:   517699328 kB
20220314 020038.767 INFO             PET0 PIOc_freedecomp Enter - MemInfo: [/proc/meminfo - SSI]	Committed_AS:    1736672 kB
20220314 020038.768 INFO             PET0 PIOc_freedecomp Enter - MemInfo: [/proc/meminfo - SSI]	CommittedPercent: 0.329491 %
20220314 020038.768 INFO             PET0 PIOc_freedecomp Enter - MemInfo: [/proc/self/status]	VmPeak:	  195616 kB
20220314 020038.768 INFO             PET0 PIOc_freedecomp Enter - MemInfo: [/proc/self/status]	VmSize:	  195616 kB
20220314 020038.768 INFO             PET0 PIOc_freedecomp Enter - MemInfo: [/proc/self/status]	VmLck:	       0 kB
20220314 020038.768 INFO             PET0 PIOc_freedecomp Enter - MemInfo: [/proc/self/status]	VmPin:	       0 kB
20220314 020038.768 INFO             PET0 PIOc_freedecomp Enter - MemInfo: [/proc/self/status]	VmHWM:	   42992 kB
20220314 020038.768 INFO             PET0 PIOc_freedecomp Enter - MemInfo: [/proc/self/status]	VmRSS:	   42992 kB
20220314 020038.768 INFO             PET0 PIOc_freedecomp Enter - MemInfo: [/proc/self/status]	VmData:	   17912 kB
20220314 020038.768 INFO             PET0 PIOc_freedecomp Enter - MemInfo: [/proc/self/status]	VmStk:	     156 kB
20220314 020038.768 INFO             PET0 PIOc_freedecomp Enter - MemInfo: [/proc/self/status]	VmExe:	     368 kB
20220314 020038.768 INFO             PET0 PIOc_freedecomp Enter - MemInfo: [/proc/self/status]	VmLib:	  103544 kB
20220314 020038.768 INFO             PET0 PIOc_freedecomp Enter - MemInfo: [/proc/self/status]	VmPTE:	     396 kB
20220314 020038.768 INFO             PET0 PIOc_freedecomp Enter - MemInfo: [/proc/self/status]	VmSwap:	       0 kB
20220314 020038.768 INFO             PET0 PIOc_freedecomp Enter - MemInfo: [/proc/self/status]	VmRSSPercent: 0.00815668 %
20220314 020038.768 INFO             PET0 PIOc_freedecomp Enter - MemInfo: [malloc] Non-mmapped space allocated:                10403840 Byte
20220314 020038.768 INFO             PET0 PIOc_freedecomp Enter - MemInfo: [malloc] Space allocated in mmapped regions:          3768320 Byte
20220314 020038.768 INFO             PET0 PIOc_freedecomp Enter - MemInfo: [malloc] Maximum total allocated space:                     0 Byte
20220314 020038.768 INFO             PET0 PIOc_freedecomp Enter - MemInfo: [malloc] Space in freed fastbin blocks:                   128 Byte
20220314 020038.768 INFO             PET0 PIOc_freedecomp Enter - MemInfo: [malloc] Total allocated space:                       1342880 Byte
20220314 020038.768 INFO             PET0 PIOc_freedecomp Enter - MemInfo: [malloc] Total free space:                            9060960 Byte
20220314 020038.768 INFO             PET0 PIOc_freedecomp Enter - MemInfo: [malloc] Top-most, releasable space:                  9045184 Byte
20220314 020038.768 INFO             PET0 PIOc_freedecomp Enter - MemInfo: [malloc] Total space in use, mmap + non-mmap:         5111200 Byte
20220314 020038.768 INFO             PET0 PIOc_freedecomp Enter - MemInfo: [malloc] Total space held (mmap + non-mmap):         14172160 Byte
20220314 020038.768 INFO             PET0 PIOc_freedecomp Enter - MemInfo: [malloc] Total space used (mmap + non-mmap):          5119408 Byte
20220314 020038.768 INFO             PET0 PIOc_freedecomp Enter - MemInfo: Wall-clock time since execution start:              0.0284554 seconds
20220314 020038.768 INFO             PET0 PIOc_freedecomp Exit - MemInfo: [/proc/meminfo - SSI]	MemTotal:       527077124 kB
20220314 020038.768 INFO             PET0 PIOc_freedecomp Exit - MemInfo: [/proc/meminfo - SSI]	MemFree:        517214800 kB
20220314 020038.768 INFO             PET0 PIOc_freedecomp Exit - MemInfo: [/proc/meminfo - SSI]	MemAvailable:   517699328 kB
20220314 020038.768 INFO             PET0 PIOc_freedecomp Exit - MemInfo: [/proc/meminfo - SSI]	Committed_AS:    1736672 kB
20220314 020038.768 INFO             PET0 PIOc_freedecomp Exit - MemInfo: [/proc/meminfo - SSI]	CommittedPercent: 0.329491 %
20220314 020038.768 INFO             PET0 PIOc_freedecomp Exit - MemInfo: [/proc/self/status]	VmPeak:	  195616 kB
20220314 020038.768 INFO             PET0 PIOc_freedecomp Exit - MemInfo: [/proc/self/status]	VmSize:	  195616 kB
20220314 020038.768 INFO             PET0 PIOc_freedecomp Exit - MemInfo: [/proc/self/status]	VmLck:	       0 kB
20220314 020038.768 INFO             PET0 PIOc_freedecomp Exit - MemInfo: [/proc/self/status]	VmPin:	       0 kB
20220314 020038.768 INFO             PET0 PIOc_freedecomp Exit - MemInfo: [/proc/self/status]	VmHWM:	   42992 kB
20220314 020038.768 INFO             PET0 PIOc_freedecomp Exit - MemInfo: [/proc/self/status]	VmRSS:	   42992 kB
20220314 020038.768 INFO             PET0 PIOc_freedecomp Exit - MemInfo: [/proc/self/status]	VmData:	   17912 kB
20220314 020038.768 INFO             PET0 PIOc_freedecomp Exit - MemInfo: [/proc/self/status]	VmStk:	     156 kB
20220314 020038.768 INFO             PET0 PIOc_freedecomp Exit - MemInfo: [/proc/self/status]	VmExe:	     368 kB
20220314 020038.768 INFO             PET0 PIOc_freedecomp Exit - MemInfo: [/proc/self/status]	VmLib:	  103544 kB
20220314 020038.768 INFO             PET0 PIOc_freedecomp Exit - MemInfo: [/proc/self/status]	VmPTE:	     396 kB
20220314 020038.768 INFO             PET0 PIOc_freedecomp Exit - MemInfo: [/proc/self/status]	VmSwap:	       0 kB
20220314 020038.768 INFO             PET0 PIOc_freedecomp Exit - MemInfo: [/proc/self/status]	VmRSSPercent: 0.00815668 %
20220314 020038.768 INFO             PET0 PIOc_freedecomp Exit - MemInfo: [malloc] Non-mmapped space allocated:                10403840 Byte
20220314 020038.768 INFO             PET0 PIOc_freedecomp Exit - MemInfo: [malloc] Space allocated in mmapped regions:          3768320 Byte
20220314 020038.768 INFO             PET0 PIOc_freedecomp Exit - MemInfo: [malloc] Maximum total allocated space:                     0 Byte
20220314 020038.768 INFO             PET0 PIOc_freedecomp Exit - MemInfo: [malloc] Space in freed fastbin blocks:                   960 Byte
20220314 020038.768 INFO             PET0 PIOc_freedecomp Exit - MemInfo: [malloc] Total allocated space:                       1339360 Byte
20220314 020038.768 INFO             PET0 PIOc_freedecomp Exit - MemInfo: [malloc] Total free space:                            9064480 Byte
20220314 020038.768 INFO             PET0 PIOc_freedecomp Exit - MemInfo: [malloc] Top-most, releasable space:                  9044960 Byte
20220314 020038.768 INFO             PET0 PIOc_freedecomp Exit - MemInfo: [malloc] Total space in use, mmap + non-mmap:         5107680 Byte
20220314 020038.768 INFO             PET0 PIOc_freedecomp Exit - MemInfo: [malloc] Total space held (mmap + non-mmap):         14172160 Byte
20220314 020038.768 INFO             PET0 PIOc_freedecomp Exit - MemInfo: [malloc] Total space used (mmap + non-mmap):          5115888 Byte
20220314 020038.768 INFO             PET0 PIOc_freedecomp Exit - MemInfo: Wall-clock time since execution start:              0.0286569 seconds
20220314 020038.768 INFO             PET0  PASS  Writing a FieldBundle to a single file with timeslice Test, ESMF_FieldBundleIOUTest.F90, line 388
20220314 020038.768 INFO             PET0  PASS  Create attribute package on FieldBundle multi Test, ESMF_FieldBundleIOUTest.F90, line 404
20220314 020038.768 INFO             PET0  PASS  Set attribute values on FieldBundle multi Test, ESMF_FieldBundleIOUTest.F90, line 417
20220314 020038.770 INFO             PET0 PIOc_sync Enter - MemInfo: [/proc/meminfo - SSI]	MemTotal:       527077124 kB
20220314 020038.770 INFO             PET0 PIOc_sync Enter - MemInfo: [/proc/meminfo - SSI]	MemFree:        517214808 kB
20220314 020038.770 INFO             PET0 PIOc_sync Enter - MemInfo: [/proc/meminfo - SSI]	MemAvailable:   517699336 kB
20220314 020038.770 INFO             PET0 PIOc_sync Enter - MemInfo: [/proc/meminfo - SSI]	Committed_AS:    1736672 kB
20220314 020038.770 INFO             PET0 PIOc_sync Enter - MemInfo: [/proc/meminfo - SSI]	CommittedPercent: 0.329491 %
20220314 020038.770 INFO             PET0 PIOc_sync Enter - MemInfo: [/proc/self/status]	VmPeak:	  195616 kB
20220314 020038.770 INFO             PET0 PIOc_sync Enter - MemInfo: [/proc/self/status]	VmSize:	  195616 kB
20220314 020038.770 INFO             PET0 PIOc_sync Enter - MemInfo: [/proc/self/status]	VmLck:	       0 kB
20220314 020038.770 INFO             PET0 PIOc_sync Enter - MemInfo: [/proc/self/status]	VmPin:	       0 kB
20220314 020038.770 INFO             PET0 PIOc_sync Enter - MemInfo: [/proc/self/status]	VmHWM:	   43224 kB
20220314 020038.770 INFO             PET0 PIOc_sync Enter - MemInfo: [/proc/self/status]	VmRSS:	   43200 kB
20220314 020038.770 INFO             PET0 PIOc_sync Enter - MemInfo: [/proc/self/status]	VmData:	   17912 kB
20220314 020038.770 INFO             PET0 PIOc_sync Enter - MemInfo: [/proc/self/status]	VmStk:	     156 kB
20220314 020038.770 INFO             PET0 PIOc_sync Enter - MemInfo: [/proc/self/status]	VmExe:	     368 kB
20220314 020038.770 INFO             PET0 PIOc_sync Enter - MemInfo: [/proc/self/status]	VmLib:	  103544 kB
20220314 020038.770 INFO             PET0 PIOc_sync Enter - MemInfo: [/proc/self/status]	VmPTE:	     396 kB
20220314 020038.770 INFO             PET0 PIOc_sync Enter - MemInfo: [/proc/self/status]	VmSwap:	       0 kB
20220314 020038.770 INFO             PET0 PIOc_sync Enter - MemInfo: [/proc/self/status]	VmRSSPercent: 0.00819614 %
20220314 020038.770 INFO             PET0 PIOc_sync Enter - MemInfo: [malloc] Non-mmapped space allocated:                10403840 Byte
20220314 020038.770 INFO             PET0 PIOc_sync Enter - MemInfo: [malloc] Space allocated in mmapped regions:          3768320 Byte
20220314 020038.770 INFO             PET0 PIOc_sync Enter - MemInfo: [malloc] Maximum total allocated space:                     0 Byte
20220314 020038.770 INFO             PET0 PIOc_sync Enter - MemInfo: [malloc] Space in freed fastbin blocks:                    96 Byte
20220314 020038.770 INFO             PET0 PIOc_sync Enter - MemInfo: [malloc] Total allocated space:                      10267152 Byte
20220314 020038.770 INFO             PET0 PIOc_sync Enter - MemInfo: [malloc] Total free space:                             136688 Byte
20220314 020038.770 INFO             PET0 PIOc_sync Enter - MemInfo: [malloc] Top-most, releasable space:                   131808 Byte
20220314 020038.770 INFO             PET0 PIOc_sync Enter - MemInfo: [malloc] Total space in use, mmap + non-mmap:        14035472 Byte
20220314 020038.770 INFO             PET0 PIOc_sync Enter - MemInfo: [malloc] Total space held (mmap + non-mmap):         14172160 Byte
20220314 020038.770 INFO             PET0 PIOc_sync Enter - MemInfo: [malloc] Total space used (mmap + non-mmap):         14043680 Byte
20220314 020038.770 INFO             PET0 PIOc_sync Enter - MemInfo: Wall-clock time since execution start:              0.0309698 seconds
20220314 020038.770 INFO             PET0 PIOc_sync Exit - MemInfo: [/proc/meminfo - SSI]	MemTotal:       527077124 kB
20220314 020038.770 INFO             PET0 PIOc_sync Exit - MemInfo: [/proc/meminfo - SSI]	MemFree:        517214808 kB
20220314 020038.770 INFO             PET0 PIOc_sync Exit - MemInfo: [/proc/meminfo - SSI]	MemAvailable:   517699336 kB
20220314 020038.770 INFO             PET0 PIOc_sync Exit - MemInfo: [/proc/meminfo - SSI]	Committed_AS:    1736672 kB
20220314 020038.770 INFO             PET0 PIOc_sync Exit - MemInfo: [/proc/meminfo - SSI]	CommittedPercent: 0.329491 %
20220314 020038.770 INFO             PET0 PIOc_sync Exit - MemInfo: [/proc/self/status]	VmPeak:	  195616 kB
20220314 020038.770 INFO             PET0 PIOc_sync Exit - MemInfo: [/proc/self/status]	VmSize:	  195616 kB
20220314 020038.770 INFO             PET0 PIOc_sync Exit - MemInfo: [/proc/self/status]	VmLck:	       0 kB
20220314 020038.770 INFO             PET0 PIOc_sync Exit - MemInfo: [/proc/self/status]	VmPin:	       0 kB
20220314 020038.770 INFO             PET0 PIOc_sync Exit - MemInfo: [/proc/self/status]	VmHWM:	   43224 kB
20220314 020038.770 INFO             PET0 PIOc_sync Exit - MemInfo: [/proc/self/status]	VmRSS:	   43200 kB
20220314 020038.770 INFO             PET0 PIOc_sync Exit - MemInfo: [/proc/self/status]	VmData:	   17912 kB
20220314 020038.770 INFO             PET0 PIOc_sync Exit - MemInfo: [/proc/self/status]	VmStk:	     156 kB
20220314 020038.770 INFO             PET0 PIOc_sync Exit - MemInfo: [/proc/self/status]	VmExe:	     368 kB
20220314 020038.770 INFO             PET0 PIOc_sync Exit - MemInfo: [/proc/self/status]	VmLib:	  103544 kB
20220314 020038.770 INFO             PET0 PIOc_sync Exit - MemInfo: [/proc/self/status]	VmPTE:	     396 kB
20220314 020038.770 INFO             PET0 PIOc_sync Exit - MemInfo: [/proc/self/status]	VmSwap:	       0 kB
20220314 020038.770 INFO             PET0 PIOc_sync Exit - MemInfo: [/proc/self/status]	VmRSSPercent: 0.00819614 %
20220314 020038.770 INFO             PET0 PIOc_sync Exit - MemInfo: [malloc] Non-mmapped space allocated:                10403840 Byte
20220314 020038.770 INFO             PET0 PIOc_sync Exit - MemInfo: [malloc] Space allocated in mmapped regions:          3768320 Byte
20220314 020038.770 INFO             PET0 PIOc_sync Exit - MemInfo: [malloc] Maximum total allocated space:                     0 Byte
20220314 020038.770 INFO             PET0 PIOc_sync Exit - MemInfo: [malloc] Space in freed fastbin blocks:                     0 Byte
20220314 020038.770 INFO             PET0 PIOc_sync Exit - MemInfo: [malloc] Total allocated space:                      10267872 Byte
20220314 020038.770 INFO             PET0 PIOc_sync Exit - MemInfo: [malloc] Total free space:                             135968 Byte
20220314 020038.770 INFO             PET0 PIOc_sync Exit - MemInfo: [malloc] Top-most, releasable space:                   131584 Byte
20220314 020038.770 INFO             PET0 PIOc_sync Exit - MemInfo: [malloc] Total space in use, mmap + non-mmap:        14036192 Byte
20220314 020038.770 INFO             PET0 PIOc_sync Exit - MemInfo: [malloc] Total space held (mmap + non-mmap):         14172160 Byte
20220314 020038.770 INFO             PET0 PIOc_sync Exit - MemInfo: [malloc] Total space used (mmap + non-mmap):         14044400 Byte
20220314 020038.770 INFO             PET0 PIOc_sync Exit - MemInfo: Wall-clock time since execution start:              0.0312383 seconds
20220314 020038.771 WARNING          PET0 ESMCI_PIO_Handler.C:1501 ESMCI::PIO_Handler::isOpen() File, multi.nc001, closed by PIO
20220314 020038.771 WARNING          PET0 ESMCI_PIO_Handler.C:1501 ESMCI::PIO_Handler::isOpen() File, multi.nc001, closed by PIO
20220314 020038.771 WARNING          PET0 ESMCI_PIO_Handler.C:1501 ESMCI::PIO_Handler::isOpen() File, multi.nc001, closed by PIO
20220314 020038.771 WARNING          PET0 ESMCI_PIO_Handler.C:1501 ESMCI::PIO_Handler::isOpen() File, multi.nc002, closed by PIO
20220314 020038.772 INFO             PET0 PIOc_sync Enter - MemInfo: [/proc/meminfo - SSI]	MemTotal:       527077124 kB
20220314 020038.772 INFO             PET0 PIOc_sync Enter - MemInfo: [/proc/meminfo - SSI]	MemFree:        517214808 kB
