build time -- 2022-03-14 01:49:52
20220314 015647.924 INFO             PET0 !!!!!!!!!!!!!!!!!!!!!!!!!!!!!!!!!!!!!!!!!!!!!!!!!!!!!!
20220314 015647.924 INFO             PET0 !!! THE ESMF_LOG IS SET TO OUTPUT ALL LOG MESSAGES !!!
20220314 015647.924 INFO             PET0 !!!     THIS MAY CAUSE SLOWDOWN IN PERFORMANCE     !!!
20220314 015647.924 INFO             PET0 !!! FOR PRODUCTION RUNS, USE:                      !!!
20220314 015647.924 INFO             PET0 !!!                   ESMF_LOGKIND_Multi_On_Error  !!!
20220314 015647.924 INFO             PET0 !!!!!!!!!!!!!!!!!!!!!!!!!!!!!!!!!!!!!!!!!!!!!!!!!!!!!!
20220314 015647.924 INFO             PET0 Running with ESMF Version   : v8.3.0b09-96-g559b459836
20220314 015647.924 INFO             PET0 ESMF library build date/time: "Mar 14 2022" "01:48:51"
20220314 015647.924 INFO             PET0 ESMF library build location : /lfs/h1/emc/ptmp/Mark.Potts/gfortran_10.3.0_mpich3_g_jedwards_pio_update2
20220314 015647.924 INFO             PET0 ESMF_COMM                   : mpich3
20220314 015647.924 INFO             PET0 ESMF_MOAB                   : enabled
20220314 015647.924 INFO             PET0 ESMF_LAPACK                 : enabled
20220314 015647.924 INFO             PET0 ESMF_NETCDF                 : enabled
20220314 015647.924 INFO             PET0 ESMF_PNETCDF                : disabled
20220314 015647.924 INFO             PET0 ESMF_PIO                    : enabled
20220314 015647.924 INFO             PET0 ESMF_YAMLCPP                : enabled
20220314 015647.925 INFO             PET0  Beginning Test, file ESMF_ArrayIOUTest.F90, line 103
20220314 015647.925 INFO             PET0  NUMBER_OF_PROCESSORS           6
20220314 015647.925 INFO             PET0  PASS  dstDistgrid Create Test, ESMF_ArrayIOUTest.F90, line 137
20220314 015647.925 INFO             PET0  PASS  Array Spec Set Test, ESMF_ArrayIOUTest.F90, line 145
20220314 015647.927 INFO             PET0  PASS  Array with Halo Create Test, ESMF_ArrayIOUTest.F90, line 160
20220314 015647.927 INFO             PET0  PASS  Array without Halo Create Test, ESMF_ArrayIOUTest.F90, line 170
20220314 015647.927 INFO             PET0  PASS  Accessing Fortran pointers for Arrays Test, ESMF_ArrayIOUTest.F90, line 225
20220314 015647.932 INFO             PET0 PIOc_sync Enter - MemInfo: [/proc/meminfo - SSI]	MemTotal:       527077124 kB
20220314 015647.932 INFO             PET0 PIOc_sync Enter - MemInfo: [/proc/meminfo - SSI]	MemFree:        517309324 kB
20220314 015647.932 INFO             PET0 PIOc_sync Enter - MemInfo: [/proc/meminfo - SSI]	MemAvailable:   517690504 kB
20220314 015647.932 INFO             PET0 PIOc_sync Enter - MemInfo: [/proc/meminfo - SSI]	Committed_AS:    1749692 kB
20220314 015647.932 INFO             PET0 PIOc_sync Enter - MemInfo: [/proc/meminfo - SSI]	CommittedPercent: 0.331961 %
20220314 015647.932 INFO             PET0 PIOc_sync Enter - MemInfo: [/proc/self/status]	VmPeak:	  203648 kB
20220314 015647.932 INFO             PET0 PIOc_sync Enter - MemInfo: [/proc/self/status]	VmSize:	  203648 kB
20220314 015647.932 INFO             PET0 PIOc_sync Enter - MemInfo: [/proc/self/status]	VmLck:	       0 kB
20220314 015647.932 INFO             PET0 PIOc_sync Enter - MemInfo: [/proc/self/status]	VmPin:	       0 kB
20220314 015647.932 INFO             PET0 PIOc_sync Enter - MemInfo: [/proc/self/status]	VmHWM:	   37972 kB
20220314 015647.932 INFO             PET0 PIOc_sync Enter - MemInfo: [/proc/self/status]	VmRSS:	   37972 kB
20220314 015647.932 INFO             PET0 PIOc_sync Enter - MemInfo: [/proc/self/status]	VmData:	   17052 kB
20220314 015647.932 INFO             PET0 PIOc_sync Enter - MemInfo: [/proc/self/status]	VmStk:	     156 kB
20220314 015647.932 INFO             PET0 PIOc_sync Enter - MemInfo: [/proc/self/status]	VmExe:	     484 kB
20220314 015647.932 INFO             PET0 PIOc_sync Enter - MemInfo: [/proc/self/status]	VmLib:	  103544 kB
20220314 015647.932 INFO             PET0 PIOc_sync Enter - MemInfo: [/proc/self/status]	VmPTE:	     384 kB
20220314 015647.932 INFO             PET0 PIOc_sync Enter - MemInfo: [/proc/self/status]	VmSwap:	       0 kB
20220314 015647.932 INFO             PET0 PIOc_sync Enter - MemInfo: [/proc/self/status]	VmRSSPercent: 0.00720426 %
20220314 015647.932 INFO             PET0 PIOc_sync Enter - MemInfo: [malloc] Non-mmapped space allocated:                 1032192 Byte
20220314 015647.932 INFO             PET0 PIOc_sync Enter - MemInfo: [malloc] Space allocated in mmapped regions:         12259328 Byte
20220314 015647.932 INFO             PET0 PIOc_sync Enter - MemInfo: [malloc] Maximum total allocated space:                     0 Byte
20220314 015647.932 INFO             PET0 PIOc_sync Enter - MemInfo: [malloc] Space in freed fastbin blocks:                     0 Byte
20220314 015647.932 INFO             PET0 PIOc_sync Enter - MemInfo: [malloc] Total allocated space:                        873248 Byte
20220314 015647.932 INFO             PET0 PIOc_sync Enter - MemInfo: [malloc] Total free space:                             158944 Byte
20220314 015647.932 INFO             PET0 PIOc_sync Enter - MemInfo: [malloc] Top-most, releasable space:                   134224 Byte
20220314 015647.932 INFO             PET0 PIOc_sync Enter - MemInfo: [malloc] Total space in use, mmap + non-mmap:        13132576 Byte
20220314 015647.932 INFO             PET0 PIOc_sync Enter - MemInfo: [malloc] Total space held (mmap + non-mmap):         13291520 Byte
20220314 015647.932 INFO             PET0 PIOc_sync Enter - MemInfo: [malloc] Total space used (mmap + non-mmap):         13141872 Byte
20220314 015647.932 INFO             PET0 PIOc_sync Enter - MemInfo: Wall-clock time since execution start:              0.0106711 seconds
20220314 015647.933 INFO             PET0 PIOc_sync Exit - MemInfo: [/proc/meminfo - SSI]	MemTotal:       527077124 kB
20220314 015647.933 INFO             PET0 PIOc_sync Exit - MemInfo: [/proc/meminfo - SSI]	MemFree:        517308820 kB
20220314 015647.933 INFO             PET0 PIOc_sync Exit - MemInfo: [/proc/meminfo - SSI]	MemAvailable:   517690000 kB
20220314 015647.933 INFO             PET0 PIOc_sync Exit - MemInfo: [/proc/meminfo - SSI]	Committed_AS:    1749976 kB
20220314 015647.933 INFO             PET0 PIOc_sync Exit - MemInfo: [/proc/meminfo - SSI]	CommittedPercent: 0.332015 %
20220314 015647.933 INFO             PET0 PIOc_sync Exit - MemInfo: [/proc/self/status]	VmPeak:	  203932 kB
20220314 015647.933 INFO             PET0 PIOc_sync Exit - MemInfo: [/proc/self/status]	VmSize:	  203932 kB
20220314 015647.933 INFO             PET0 PIOc_sync Exit - MemInfo: [/proc/self/status]	VmLck:	       0 kB
20220314 015647.933 INFO             PET0 PIOc_sync Exit - MemInfo: [/proc/self/status]	VmPin:	       0 kB
20220314 015647.933 INFO             PET0 PIOc_sync Exit - MemInfo: [/proc/self/status]	VmHWM:	   39044 kB
20220314 015647.933 INFO             PET0 PIOc_sync Exit - MemInfo: [/proc/self/status]	VmRSS:	   39044 kB
20220314 015647.933 INFO             PET0 PIOc_sync Exit - MemInfo: [/proc/self/status]	VmData:	   17336 kB
20220314 015647.933 INFO             PET0 PIOc_sync Exit - MemInfo: [/proc/self/status]	VmStk:	     156 kB
20220314 015647.933 INFO             PET0 PIOc_sync Exit - MemInfo: [/proc/self/status]	VmExe:	     484 kB
20220314 015647.933 INFO             PET0 PIOc_sync Exit - MemInfo: [/proc/self/status]	VmLib:	  103544 kB
20220314 015647.933 INFO             PET0 PIOc_sync Exit - MemInfo: [/proc/self/status]	VmPTE:	     388 kB
20220314 015647.933 INFO             PET0 PIOc_sync Exit - MemInfo: [/proc/self/status]	VmSwap:	       0 kB
20220314 015647.933 INFO             PET0 PIOc_sync Exit - MemInfo: [/proc/self/status]	VmRSSPercent: 0.00740764 %
20220314 015647.933 INFO             PET0 PIOc_sync Exit - MemInfo: [malloc] Non-mmapped space allocated:                 1032192 Byte
20220314 015647.933 INFO             PET0 PIOc_sync Exit - MemInfo: [malloc] Space allocated in mmapped regions:         12550144 Byte
20220314 015647.933 INFO             PET0 PIOc_sync Exit - MemInfo: [malloc] Maximum total allocated space:                     0 Byte
20220314 015647.933 INFO             PET0 PIOc_sync Exit - MemInfo: [malloc] Space in freed fastbin blocks:                     0 Byte
20220314 015647.933 INFO             PET0 PIOc_sync Exit - MemInfo: [malloc] Total allocated space:                        943152 Byte
20220314 015647.933 INFO             PET0 PIOc_sync Exit - MemInfo: [malloc] Total free space:                              89040 Byte
20220314 015647.933 INFO             PET0 PIOc_sync Exit - MemInfo: [malloc] Top-most, releasable space:                    68672 Byte
20220314 015647.933 INFO             PET0 PIOc_sync Exit - MemInfo: [malloc] Total space in use, mmap + non-mmap:        13493296 Byte
20220314 015647.933 INFO             PET0 PIOc_sync Exit - MemInfo: [malloc] Total space held (mmap + non-mmap):         13582336 Byte
20220314 015647.933 INFO             PET0 PIOc_sync Exit - MemInfo: [malloc] Total space used (mmap + non-mmap):         13501616 Byte
20220314 015647.933 INFO             PET0 PIOc_sync Exit - MemInfo: Wall-clock time since execution start:              0.0110858 seconds
20220314 015647.933 INFO             PET0 PIOc_freedecomp Enter - MemInfo: [/proc/meminfo - SSI]	MemTotal:       527077124 kB
20220314 015647.933 INFO             PET0 PIOc_freedecomp Enter - MemInfo: [/proc/meminfo - SSI]	MemFree:        517315972 kB
20220314 015647.933 INFO             PET0 PIOc_freedecomp Enter - MemInfo: [/proc/meminfo - SSI]	MemAvailable:   517697152 kB
20220314 015647.933 INFO             PET0 PIOc_freedecomp Enter - MemInfo: [/proc/meminfo - SSI]	Committed_AS:    1741264 kB
20220314 015647.933 INFO             PET0 PIOc_freedecomp Enter - MemInfo: [/proc/meminfo - SSI]	CommittedPercent: 0.330362 %
20220314 015647.933 INFO             PET0 PIOc_freedecomp Enter - MemInfo: [/proc/self/status]	VmPeak:	  203932 kB
20220314 015647.933 INFO             PET0 PIOc_freedecomp Enter - MemInfo: [/proc/self/status]	VmSize:	  195220 kB
20220314 015647.933 INFO             PET0 PIOc_freedecomp Enter - MemInfo: [/proc/self/status]	VmLck:	       0 kB
20220314 015647.933 INFO             PET0 PIOc_freedecomp Enter - MemInfo: [/proc/self/status]	VmPin:	       0 kB
20220314 015647.933 INFO             PET0 PIOc_freedecomp Enter - MemInfo: [/proc/self/status]	VmHWM:	   39044 kB
20220314 015647.933 INFO             PET0 PIOc_freedecomp Enter - MemInfo: [/proc/self/status]	VmRSS:	   31044 kB
20220314 015647.933 INFO             PET0 PIOc_freedecomp Enter - MemInfo: [/proc/self/status]	VmData:	    8624 kB
20220314 015647.933 INFO             PET0 PIOc_freedecomp Enter - MemInfo: [/proc/self/status]	VmStk:	     156 kB
20220314 015647.933 INFO             PET0 PIOc_freedecomp Enter - MemInfo: [/proc/self/status]	VmExe:	     484 kB
20220314 015647.933 INFO             PET0 PIOc_freedecomp Enter - MemInfo: [/proc/self/status]	VmLib:	  103544 kB
20220314 015647.933 INFO             PET0 PIOc_freedecomp Enter - MemInfo: [/proc/self/status]	VmPTE:	     376 kB
20220314 015647.933 INFO             PET0 PIOc_freedecomp Enter - MemInfo: [/proc/self/status]	VmSwap:	       0 kB
20220314 015647.933 INFO             PET0 PIOc_freedecomp Enter - MemInfo: [/proc/self/status]	VmRSSPercent: 0.00588984 %
20220314 015647.933 INFO             PET0 PIOc_freedecomp Enter - MemInfo: [malloc] Non-mmapped space allocated:                 1032192 Byte
20220314 015647.933 INFO             PET0 PIOc_freedecomp Enter - MemInfo: [malloc] Space allocated in mmapped regions:          3629056 Byte
20220314 015647.933 INFO             PET0 PIOc_freedecomp Enter - MemInfo: [malloc] Maximum total allocated space:                     0 Byte
20220314 015647.933 INFO             PET0 PIOc_freedecomp Enter - MemInfo: [malloc] Space in freed fastbin blocks:                   800 Byte
20220314 015647.933 INFO             PET0 PIOc_freedecomp Enter - MemInfo: [malloc] Total allocated space:                        932192 Byte
20220314 015647.933 INFO             PET0 PIOc_freedecomp Enter - MemInfo: [malloc] Total free space:                             100000 Byte
20220314 015647.933 INFO             PET0 PIOc_freedecomp Enter - MemInfo: [malloc] Top-most, releasable space:                    68672 Byte
20220314 015647.933 INFO             PET0 PIOc_freedecomp Enter - MemInfo: [malloc] Total space in use, mmap + non-mmap:         4561248 Byte
20220314 015647.933 INFO             PET0 PIOc_freedecomp Enter - MemInfo: [malloc] Total space held (mmap + non-mmap):          4661248 Byte
20220314 015647.933 INFO             PET0 PIOc_freedecomp Enter - MemInfo: [malloc] Total space used (mmap + non-mmap):          4569456 Byte
20220314 015647.933 INFO             PET0 PIOc_freedecomp Enter - MemInfo: Wall-clock time since execution start:              0.0115791 seconds
20220314 015647.933 INFO             PET0 PIOc_freedecomp Exit - MemInfo: [/proc/meminfo - SSI]	MemTotal:       527077124 kB
20220314 015647.933 INFO             PET0 PIOc_freedecomp Exit - MemInfo: [/proc/meminfo - SSI]	MemFree:        517315972 kB
20220314 015647.933 INFO             PET0 PIOc_freedecomp Exit - MemInfo: [/proc/meminfo - SSI]	MemAvailable:   517697152 kB
20220314 015647.933 INFO             PET0 PIOc_freedecomp Exit - MemInfo: [/proc/meminfo - SSI]	Committed_AS:    1741264 kB
20220314 015647.933 INFO             PET0 PIOc_freedecomp Exit - MemInfo: [/proc/meminfo - SSI]	CommittedPercent: 0.330362 %
20220314 015647.933 INFO             PET0 PIOc_freedecomp Exit - MemInfo: [/proc/self/status]	VmPeak:	  203932 kB
20220314 015647.933 INFO             PET0 PIOc_freedecomp Exit - MemInfo: [/proc/self/status]	VmSize:	  195220 kB
20220314 015647.933 INFO             PET0 PIOc_freedecomp Exit - MemInfo: [/proc/self/status]	VmLck:	       0 kB
20220314 015647.933 INFO             PET0 PIOc_freedecomp Exit - MemInfo: [/proc/self/status]	VmPin:	       0 kB
20220314 015647.933 INFO             PET0 PIOc_freedecomp Exit - MemInfo: [/proc/self/status]	VmHWM:	   39044 kB
20220314 015647.933 INFO             PET0 PIOc_freedecomp Exit - MemInfo: [/proc/self/status]	VmRSS:	   31044 kB
20220314 015647.933 INFO             PET0 PIOc_freedecomp Exit - MemInfo: [/proc/self/status]	VmData:	    8624 kB
20220314 015647.933 INFO             PET0 PIOc_freedecomp Exit - MemInfo: [/proc/self/status]	VmStk:	     156 kB
20220314 015647.933 INFO             PET0 PIOc_freedecomp Exit - MemInfo: [/proc/self/status]	VmExe:	     484 kB
20220314 015647.933 INFO             PET0 PIOc_freedecomp Exit - MemInfo: [/proc/self/status]	VmLib:	  103544 kB
20220314 015647.933 INFO             PET0 PIOc_freedecomp Exit - MemInfo: [/proc/self/status]	VmPTE:	     376 kB
20220314 015647.933 INFO             PET0 PIOc_freedecomp Exit - MemInfo: [/proc/self/status]	VmSwap:	       0 kB
20220314 015647.933 INFO             PET0 PIOc_freedecomp Exit - MemInfo: [/proc/self/status]	VmRSSPercent: 0.00588984 %
20220314 015647.933 INFO             PET0 PIOc_freedecomp Exit - MemInfo: [malloc] Non-mmapped space allocated:                 1032192 Byte
20220314 015647.933 INFO             PET0 PIOc_freedecomp Exit - MemInfo: [malloc] Space allocated in mmapped regions:          3629056 Byte
20220314 015647.933 INFO             PET0 PIOc_freedecomp Exit - MemInfo: [malloc] Maximum total allocated space:                     0 Byte
20220314 015647.933 INFO             PET0 PIOc_freedecomp Exit - MemInfo: [malloc] Space in freed fastbin blocks:                   544 Byte
20220314 015647.933 INFO             PET0 PIOc_freedecomp Exit - MemInfo: [malloc] Total allocated space:                        919168 Byte
20220314 015647.933 INFO             PET0 PIOc_freedecomp Exit - MemInfo: [malloc] Total free space:                             113024 Byte
20220314 015647.933 INFO             PET0 PIOc_freedecomp Exit - MemInfo: [malloc] Top-most, releasable space:                    68672 Byte
20220314 015647.933 INFO             PET0 PIOc_freedecomp Exit - MemInfo: [malloc] Total space in use, mmap + non-mmap:         4548224 Byte
20220314 015647.933 INFO             PET0 PIOc_freedecomp Exit - MemInfo: [malloc] Total space held (mmap + non-mmap):          4661248 Byte
20220314 015647.933 INFO             PET0 PIOc_freedecomp Exit - MemInfo: [malloc] Total space used (mmap + non-mmap):          4556432 Byte
20220314 015647.934 INFO             PET0 PIOc_freedecomp Exit - MemInfo: Wall-clock time since execution start:              0.0117846 seconds
20220314 015647.934 INFO             PET0  PASS  Write ESMF_Array with Halo to NetCDF Test, ESMF_ArrayIOUTest.F90, line 236
20220314 015647.934 WARNING          PET0 ESMCI_PIO_Handler.C:1318 ESMCI::PIO_Handler::open()  Unable to create file: file3D_withhalo.nc, (PIO/NetCDF error = NetCDF: File exists && NC_NOCLOBBER)
20220314 015647.934 ERROR            PET0 ESMCI_PIO_Handler.C:779 ESMCI::PIO_Handler::arrayWrite() Unable to read from file  - file not open
20220314 015647.934 ERROR            PET0 ESMCI_IO.C:736 ESMCI::IO::write() Unable to read from file  - Internal subroutine call returned Error
20220314 015647.934 ERROR            PET0 ESMCI_IO.C:956 ESMCI::IO::close() Unable to close file  - Internal subroutine call returned Error
20220314 015647.934 ERROR            PET0 ESMCI_IO.C:494 ESMCI::IO::write() Unable to read from file  - Internal subroutine call returned Error
20220314 015647.934 ERROR            PET0 ESMCI_Array.C:4093 ESMCI::Array::write() Unable to write to file  - Internal subroutine call returned Error
20220314 015647.934 ERROR            PET0 ESMCI_Array_F.C:801 c_esmc_arraywrite() Unable to write to file  - Internal subroutine call returned Error
20220314 015647.934 ERROR            PET0 ESMF_Array.F90:3994 ESMF_ArrayWrite Unable to write to file  - Internal subroutine call returned Error
20220314 015647.934 INFO             PET0  PASS  Write ESMF_Array with Halo Test overwrite test, ESMF_ArrayIOUTest.F90, line 250
20220314 015647.934 ERROR            PET0 ESMCI_IO_Handler.C:164 ESMCI::IO_Handler::create() Unknown I/O Format
20220314 015647.934 ERROR            PET0 ESMCI_IO.C:469 ESMCI::IO::write() Invalid argument  - Internal subroutine call returned Error
20220314 015647.934 ERROR            PET0 ESMCI_Array.C:4093 ESMCI::Array::write() Invalid argument  - Internal subroutine call returned Error
20220314 015647.934 ERROR            PET0 ESMCI_Array_F.C:801 c_esmc_arraywrite() Invalid argument  - Internal subroutine call returned Error
20220314 015647.934 ERROR            PET0 ESMF_Array.F90:3994 ESMF_ArrayWrite Invalid argument  - Internal subroutine call returned Error
20220314 015647.934 INFO             PET0  PASS  Write ESMF_Array with Halo to binary Test, ESMF_ArrayIOUTest.F90, line 264
20220314 015647.937 INFO             PET0 PIOc_sync Enter - MemInfo: [/proc/meminfo - SSI]	MemTotal:       527077124 kB
20220314 015647.937 INFO             PET0 PIOc_sync Enter - MemInfo: [/proc/meminfo - SSI]	MemFree:        517308568 kB
20220314 015647.937 INFO             PET0 PIOc_sync Enter - MemInfo: [/proc/meminfo - SSI]	MemAvailable:   517689748 kB
20220314 015647.937 INFO             PET0 PIOc_sync Enter - MemInfo: [/proc/meminfo - SSI]	Committed_AS:    1750032 kB
20220314 015647.937 INFO             PET0 PIOc_sync Enter - MemInfo: [/proc/meminfo - SSI]	CommittedPercent: 0.332026 %
20220314 015647.937 INFO             PET0 PIOc_sync Enter - MemInfo: [/proc/self/status]	VmPeak:	  203988 kB
20220314 015647.937 INFO             PET0 PIOc_sync Enter - MemInfo: [/proc/self/status]	VmSize:	  203988 kB
20220314 015647.937 INFO             PET0 PIOc_sync Enter - MemInfo: [/proc/self/status]	VmLck:	       0 kB
20220314 015647.937 INFO             PET0 PIOc_sync Enter - MemInfo: [/proc/self/status]	VmPin:	       0 kB
20220314 015647.937 INFO             PET0 PIOc_sync Enter - MemInfo: [/proc/self/status]	VmHWM:	   39880 kB
20220314 015647.937 INFO             PET0 PIOc_sync Enter - MemInfo: [/proc/self/status]	VmRSS:	   39880 kB
20220314 015647.937 INFO             PET0 PIOc_sync Enter - MemInfo: [/proc/self/status]	VmData:	   17392 kB
20220314 015647.937 INFO             PET0 PIOc_sync Enter - MemInfo: [/proc/self/status]	VmStk:	     156 kB
20220314 015647.937 INFO             PET0 PIOc_sync Enter - MemInfo: [/proc/self/status]	VmExe:	     484 kB
20220314 015647.937 INFO             PET0 PIOc_sync Enter - MemInfo: [/proc/self/status]	VmLib:	  103544 kB
20220314 015647.937 INFO             PET0 PIOc_sync Enter - MemInfo: [/proc/self/status]	VmPTE:	     396 kB
20220314 015647.937 INFO             PET0 PIOc_sync Enter - MemInfo: [/proc/self/status]	VmSwap:	       0 kB
20220314 015647.937 INFO             PET0 PIOc_sync Enter - MemInfo: [/proc/self/status]	VmRSSPercent: 0.00756626 %
20220314 015647.937 INFO             PET0 PIOc_sync Enter - MemInfo: [malloc] Non-mmapped space allocated:                10010624 Byte
20220314 015647.937 INFO             PET0 PIOc_sync Enter - MemInfo: [malloc] Space allocated in mmapped regions:          3629056 Byte
20220314 015647.937 INFO             PET0 PIOc_sync Enter - MemInfo: [malloc] Maximum total allocated space:                     0 Byte
20220314 015647.937 INFO             PET0 PIOc_sync Enter - MemInfo: [malloc] Space in freed fastbin blocks:                     0 Byte
20220314 015647.937 INFO             PET0 PIOc_sync Enter - MemInfo: [malloc] Total allocated space:                       9850656 Byte
20220314 015647.937 INFO             PET0 PIOc_sync Enter - MemInfo: [malloc] Total free space:                             159968 Byte
20220314 015647.937 INFO             PET0 PIOc_sync Enter - MemInfo: [malloc] Top-most, releasable space:                   134176 Byte
20220314 015647.937 INFO             PET0 PIOc_sync Enter - MemInfo: [malloc] Total space in use, mmap + non-mmap:        13479712 Byte
20220314 015647.937 INFO             PET0 PIOc_sync Enter - MemInfo: [malloc] Total space held (mmap + non-mmap):         13639680 Byte
20220314 015647.937 INFO             PET0 PIOc_sync Enter - MemInfo: [malloc] Total space used (mmap + non-mmap):         13487920 Byte
20220314 015647.937 INFO             PET0 PIOc_sync Enter - MemInfo: Wall-clock time since execution start:              0.0150302 seconds
20220314 015647.937 INFO             PET0 PIOc_sync Exit - MemInfo: [/proc/meminfo - SSI]	MemTotal:       527077124 kB
20220314 015647.937 INFO             PET0 PIOc_sync Exit - MemInfo: [/proc/meminfo - SSI]	MemFree:        517308568 kB
20220314 015647.937 INFO             PET0 PIOc_sync Exit - MemInfo: [/proc/meminfo - SSI]	MemAvailable:   517689748 kB
20220314 015647.937 INFO             PET0 PIOc_sync Exit - MemInfo: [/proc/meminfo - SSI]	Committed_AS:    1750032 kB
20220314 015647.937 INFO             PET0 PIOc_sync Exit - MemInfo: [/proc/meminfo - SSI]	CommittedPercent: 0.332026 %
20220314 015647.937 INFO             PET0 PIOc_sync Exit - MemInfo: [/proc/self/status]	VmPeak:	  203988 kB
20220314 015647.937 INFO             PET0 PIOc_sync Exit - MemInfo: [/proc/self/status]	VmSize:	  203988 kB
20220314 015647.937 INFO             PET0 PIOc_sync Exit - MemInfo: [/proc/self/status]	VmLck:	       0 kB
20220314 015647.937 INFO             PET0 PIOc_sync Exit - MemInfo: [/proc/self/status]	VmPin:	       0 kB
20220314 015647.937 INFO             PET0 PIOc_sync Exit - MemInfo: [/proc/self/status]	VmHWM:	   39880 kB
20220314 015647.937 INFO             PET0 PIOc_sync Exit - MemInfo: [/proc/self/status]	VmRSS:	   39880 kB
20220314 015647.937 INFO             PET0 PIOc_sync Exit - MemInfo: [/proc/self/status]	VmData:	   17392 kB
20220314 015647.937 INFO             PET0 PIOc_sync Exit - MemInfo: [/proc/self/status]	VmStk:	     156 kB
20220314 015647.937 INFO             PET0 PIOc_sync Exit - MemInfo: [/proc/self/status]	VmExe:	     484 kB
20220314 015647.937 INFO             PET0 PIOc_sync Exit - MemInfo: [/proc/self/status]	VmLib:	  103544 kB
20220314 015647.937 INFO             PET0 PIOc_sync Exit - MemInfo: [/proc/self/status]	VmPTE:	     396 kB
20220314 015647.937 INFO             PET0 PIOc_sync Exit - MemInfo: [/proc/self/status]	VmSwap:	       0 kB
20220314 015647.937 INFO             PET0 PIOc_sync Exit - MemInfo: [/proc/self/status]	VmRSSPercent: 0.00756626 %
20220314 015647.937 INFO             PET0 PIOc_sync Exit - MemInfo: [malloc] Non-mmapped space allocated:                10010624 Byte
20220314 015647.937 INFO             PET0 PIOc_sync Exit - MemInfo: [malloc] Space allocated in mmapped regions:          3629056 Byte
20220314 015647.937 INFO             PET0 PIOc_sync Exit - MemInfo: [malloc] Maximum total allocated space:                     0 Byte
20220314 015647.937 INFO             PET0 PIOc_sync Exit - MemInfo: [malloc] Space in freed fastbin blocks:                   144 Byte
20220314 015647.937 INFO             PET0 PIOc_sync Exit - MemInfo: [malloc] Total allocated space:                       9851264 Byte
20220314 015647.937 INFO             PET0 PIOc_sync Exit - MemInfo: [malloc] Total free space:                             159360 Byte
20220314 015647.937 INFO             PET0 PIOc_sync Exit - MemInfo: [malloc] Top-most, releasable space:                   134176 Byte
20220314 015647.937 INFO             PET0 PIOc_sync Exit - MemInfo: [malloc] Total space in use, mmap + non-mmap:        13480320 Byte
20220314 015647.937 INFO             PET0 PIOc_sync Exit - MemInfo: [malloc] Total space held (mmap + non-mmap):         13639680 Byte
20220314 015647.937 INFO             PET0 PIOc_sync Exit - MemInfo: [malloc] Total space used (mmap + non-mmap):         13488528 Byte
20220314 015647.937 INFO             PET0 PIOc_sync Exit - MemInfo: Wall-clock time since execution start:              0.0153206 seconds
20220314 015647.937 INFO             PET0 PIOc_freedecomp Enter - MemInfo: [/proc/meminfo - SSI]	MemTotal:       527077124 kB
20220314 015647.937 INFO             PET0 PIOc_freedecomp Enter - MemInfo: [/proc/meminfo - SSI]	MemFree:        517308568 kB
20220314 015647.937 INFO             PET0 PIOc_freedecomp Enter - MemInfo: [/proc/meminfo - SSI]	MemAvailable:   517689748 kB
20220314 015647.937 INFO             PET0 PIOc_freedecomp Enter - MemInfo: [/proc/meminfo - SSI]	Committed_AS:    1750032 kB
20220314 015647.937 INFO             PET0 PIOc_freedecomp Enter - MemInfo: [/proc/meminfo - SSI]	CommittedPercent: 0.332026 %
20220314 015647.937 INFO             PET0 PIOc_freedecomp Enter - MemInfo: [/proc/self/status]	VmPeak:	  203988 kB
20220314 015647.937 INFO             PET0 PIOc_freedecomp Enter - MemInfo: [/proc/self/status]	VmSize:	  203988 kB
20220314 015647.937 INFO             PET0 PIOc_freedecomp Enter - MemInfo: [/proc/self/status]	VmLck:	       0 kB
20220314 015647.937 INFO             PET0 PIOc_freedecomp Enter - MemInfo: [/proc/self/status]	VmPin:	       0 kB
20220314 015647.937 INFO             PET0 PIOc_freedecomp Enter - MemInfo: [/proc/self/status]	VmHWM:	   39880 kB
20220314 015647.937 INFO             PET0 PIOc_freedecomp Enter - MemInfo: [/proc/self/status]	VmRSS:	   39880 kB
20220314 015647.937 INFO             PET0 PIOc_freedecomp Enter - MemInfo: [/proc/self/status]	VmData:	   17392 kB
20220314 015647.937 INFO             PET0 PIOc_freedecomp Enter - MemInfo: [/proc/self/status]	VmStk:	     156 kB
20220314 015647.937 INFO             PET0 PIOc_freedecomp Enter - MemInfo: [/proc/self/status]	VmExe:	     484 kB
20220314 015647.937 INFO             PET0 PIOc_freedecomp Enter - MemInfo: [/proc/self/status]	VmLib:	  103544 kB
20220314 015647.937 INFO             PET0 PIOc_freedecomp Enter - MemInfo: [/proc/self/status]	VmPTE:	     396 kB
20220314 015647.937 INFO             PET0 PIOc_freedecomp Enter - MemInfo: [/proc/self/status]	VmSwap:	       0 kB
20220314 015647.937 INFO             PET0 PIOc_freedecomp Enter - MemInfo: [/proc/self/status]	VmRSSPercent: 0.00756626 %
20220314 015647.937 INFO             PET0 PIOc_freedecomp Enter - MemInfo: [malloc] Non-mmapped space allocated:                10010624 Byte
20220314 015647.937 INFO             PET0 PIOc_freedecomp Enter - MemInfo: [malloc] Space allocated in mmapped regions:          3629056 Byte
20220314 015647.937 INFO             PET0 PIOc_freedecomp Enter - MemInfo: [malloc] Maximum total allocated space:                     0 Byte
20220314 015647.937 INFO             PET0 PIOc_freedecomp Enter - MemInfo: [malloc] Space in freed fastbin blocks:                   160 Byte
20220314 015647.937 INFO             PET0 PIOc_freedecomp Enter - MemInfo: [malloc] Total allocated space:                        927264 Byte
20220314 015647.937 INFO             PET0 PIOc_freedecomp Enter - MemInfo: [malloc] Total free space:                            9083360 Byte
20220314 015647.937 INFO             PET0 PIOc_freedecomp Enter - MemInfo: [malloc] Top-most, releasable space:                  9047104 Byte
20220314 015647.937 INFO             PET0 PIOc_freedecomp Enter - MemInfo: [malloc] Total space in use, mmap + non-mmap:         4556320 Byte
20220314 015647.937 INFO             PET0 PIOc_freedecomp Enter - MemInfo: [malloc] Total space held (mmap + non-mmap):         13639680 Byte
20220314 015647.937 INFO             PET0 PIOc_freedecomp Enter - MemInfo: [malloc] Total space used (mmap + non-mmap):          4564544 Byte
20220314 015647.937 INFO             PET0 PIOc_freedecomp Enter - MemInfo: Wall-clock time since execution start:              0.0156634 seconds
20220314 015647.937 INFO             PET0 PIOc_freedecomp Exit - MemInfo: [/proc/meminfo - SSI]	MemTotal:       527077124 kB
20220314 015647.937 INFO             PET0 PIOc_freedecomp Exit - MemInfo: [/proc/meminfo - SSI]	MemFree:        517308568 kB
20220314 015647.937 INFO             PET0 PIOc_freedecomp Exit - MemInfo: [/proc/meminfo - SSI]	MemAvailable:   517689748 kB
20220314 015647.937 INFO             PET0 PIOc_freedecomp Exit - MemInfo: [/proc/meminfo - SSI]	Committed_AS:    1750032 kB
20220314 015647.937 INFO             PET0 PIOc_freedecomp Exit - MemInfo: [/proc/meminfo - SSI]	CommittedPercent: 0.332026 %
20220314 015647.937 INFO             PET0 PIOc_freedecomp Exit - MemInfo: [/proc/self/status]	VmPeak:	  203988 kB
20220314 015647.937 INFO             PET0 PIOc_freedecomp Exit - MemInfo: [/proc/self/status]	VmSize:	  203988 kB
20220314 015647.937 INFO             PET0 PIOc_freedecomp Exit - MemInfo: [/proc/self/status]	VmLck:	       0 kB
20220314 015647.937 INFO             PET0 PIOc_freedecomp Exit - MemInfo: [/proc/self/status]	VmPin:	       0 kB
20220314 015647.937 INFO             PET0 PIOc_freedecomp Exit - MemInfo: [/proc/self/status]	VmHWM:	   39880 kB
20220314 015647.937 INFO             PET0 PIOc_freedecomp Exit - MemInfo: [/proc/self/status]	VmRSS:	   39880 kB
20220314 015647.937 INFO             PET0 PIOc_freedecomp Exit - MemInfo: [/proc/self/status]	VmData:	   17392 kB
20220314 015647.937 INFO             PET0 PIOc_freedecomp Exit - MemInfo: [/proc/self/status]	VmStk:	     156 kB
20220314 015647.937 INFO             PET0 PIOc_freedecomp Exit - MemInfo: [/proc/self/status]	VmExe:	     484 kB
20220314 015647.938 INFO             PET0 PIOc_freedecomp Exit - MemInfo: [/proc/self/status]	VmLib:	  103544 kB
20220314 015647.938 INFO             PET0 PIOc_freedecomp Exit - MemInfo: [/proc/self/status]	VmPTE:	     396 kB
20220314 015647.938 INFO             PET0 PIOc_freedecomp Exit - MemInfo: [/proc/self/status]	VmSwap:	       0 kB
20220314 015647.938 INFO             PET0 PIOc_freedecomp Exit - MemInfo: [/proc/self/status]	VmRSSPercent: 0.00756626 %
20220314 015647.938 INFO             PET0 PIOc_freedecomp Exit - MemInfo: [malloc] Non-mmapped space allocated:                10010624 Byte
20220314 015647.938 INFO             PET0 PIOc_freedecomp Exit - MemInfo: [malloc] Space allocated in mmapped regions:          3629056 Byte
20220314 015647.938 INFO             PET0 PIOc_freedecomp Exit - MemInfo: [malloc] Maximum total allocated space:                     0 Byte
20220314 015647.938 INFO             PET0 PIOc_freedecomp Exit - MemInfo: [malloc] Space in freed fastbin blocks:                   512 Byte
20220314 015647.938 INFO             PET0 PIOc_freedecomp Exit - MemInfo: [malloc] Total allocated space:                        926752 Byte
20220314 015647.938 INFO             PET0 PIOc_freedecomp Exit - MemInfo: [malloc] Total free space:                            9083872 Byte
20220314 015647.938 INFO             PET0 PIOc_freedecomp Exit - MemInfo: [malloc] Top-most, releasable space:                  9047104 Byte
20220314 015647.938 INFO             PET0 PIOc_freedecomp Exit - MemInfo: [malloc] Total space in use, mmap + non-mmap:         4555808 Byte
20220314 015647.938 INFO             PET0 PIOc_freedecomp Exit - MemInfo: [malloc] Total space held (mmap + non-mmap):         13639680 Byte
20220314 015647.938 INFO             PET0 PIOc_freedecomp Exit - MemInfo: [malloc] Total space used (mmap + non-mmap):          4564016 Byte
20220314 015647.938 INFO             PET0 PIOc_freedecomp Exit - MemInfo: Wall-clock time since execution start:              0.0158721 seconds
20220314 015647.938 INFO             PET0  PASS  Write ESMF_Array without Halo to NetCDF Test, ESMF_ArrayIOUTest.F90, line 274
20220314 015647.938 INFO             PET0  PASS  Create Array without Halo for PIO Read, ESMF_ArrayIOUTest.F90, line 288
20220314 015647.939 INFO             PET0  PASS  Create Array with Halo for PIO Read, ESMF_ArrayIOUTest.F90, line 299
20220314 015647.940 INFO             PET0  PASS  Create Array with Halo for PIO Read, ESMF_ArrayIOUTest.F90, line 309
20220314 015647.941 WARNING          PET0 ESMCI_PIO_Handler.C:1343 ESMCI::PIO_Handler::open()  Unable to set fill on file: file3D_wouthalo.nc, (PIO/NetCDF error = NetCDF: Write to read only)
20220314 015647.942 INFO             PET0 PIOc_sync Enter - MemInfo: [/proc/meminfo - SSI]	MemTotal:       527077124 kB
20220314 015647.942 INFO             PET0 PIOc_sync Enter - MemInfo: [/proc/meminfo - SSI]	MemFree:        517308568 kB
20220314 015647.942 INFO             PET0 PIOc_sync Enter - MemInfo: [/proc/meminfo - SSI]	MemAvailable:   517689748 kB
20220314 015647.942 INFO             PET0 PIOc_sync Enter - MemInfo: [/proc/meminfo - SSI]	Committed_AS:    1750032 kB
20220314 015647.942 INFO             PET0 PIOc_sync Enter - MemInfo: [/proc/meminfo - SSI]	CommittedPercent: 0.332026 %
20220314 015647.942 INFO             PET0 PIOc_sync Enter - MemInfo: [/proc/self/status]	VmPeak:	  203988 kB
20220314 015647.942 INFO             PET0 PIOc_sync Enter - MemInfo: [/proc/self/status]	VmSize:	  203988 kB
20220314 015647.942 INFO             PET0 PIOc_sync Enter - MemInfo: [/proc/self/status]	VmLck:	       0 kB
20220314 015647.942 INFO             PET0 PIOc_sync Enter - MemInfo: [/proc/self/status]	VmPin:	       0 kB
20220314 015647.942 INFO             PET0 PIOc_sync Enter - MemInfo: [/proc/self/status]	VmHWM:	   39964 kB
20220314 015647.942 INFO             PET0 PIOc_sync Enter - MemInfo: [/proc/self/status]	VmRSS:	   39924 kB
20220314 015647.942 INFO             PET0 PIOc_sync Enter - MemInfo: [/proc/self/status]	VmData:	   17392 kB
20220314 015647.942 INFO             PET0 PIOc_sync Enter - MemInfo: [/proc/self/status]	VmStk:	     156 kB
20220314 015647.942 INFO             PET0 PIOc_sync Enter - MemInfo: [/proc/self/status]	VmExe:	     484 kB
20220314 015647.942 INFO             PET0 PIOc_sync Enter - MemInfo: [/proc/self/status]	VmLib:	  103544 kB
20220314 015647.942 INFO             PET0 PIOc_sync Enter - MemInfo: [/proc/self/status]	VmPTE:	     396 kB
20220314 015647.942 INFO             PET0 PIOc_sync Enter - MemInfo: [/proc/self/status]	VmSwap:	       0 kB
20220314 015647.942 INFO             PET0 PIOc_sync Enter - MemInfo: [/proc/self/status]	VmRSSPercent: 0.0075746 %
20220314 015647.942 INFO             PET0 PIOc_sync Enter - MemInfo: [malloc] Non-mmapped space allocated:                10010624 Byte
20220314 015647.942 INFO             PET0 PIOc_sync Enter - MemInfo: [malloc] Space allocated in mmapped regions:          3629056 Byte
20220314 015647.942 INFO             PET0 PIOc_sync Enter - MemInfo: [malloc] Maximum total allocated space:                     0 Byte
20220314 015647.942 INFO             PET0 PIOc_sync Enter - MemInfo: [malloc] Space in freed fastbin blocks:                     0 Byte
20220314 015647.942 INFO             PET0 PIOc_sync Enter - MemInfo: [malloc] Total allocated space:                       9892976 Byte
20220314 015647.942 INFO             PET0 PIOc_sync Enter - MemInfo: [malloc] Total free space:                             117648 Byte
20220314 015647.942 INFO             PET0 PIOc_sync Enter - MemInfo: [malloc] Top-most, releasable space:                   115472 Byte
20220314 015647.942 INFO             PET0 PIOc_sync Enter - MemInfo: [malloc] Total space in use, mmap + non-mmap:        13522032 Byte
20220314 015647.942 INFO             PET0 PIOc_sync Enter - MemInfo: [malloc] Total space held (mmap + non-mmap):         13639680 Byte
20220314 015647.942 INFO             PET0 PIOc_sync Enter - MemInfo: [malloc] Total space used (mmap + non-mmap):         13530240 Byte
20220314 015647.942 INFO             PET0 PIOc_sync Enter - MemInfo: Wall-clock time since execution start:              0.0203943 seconds
20220314 015647.942 INFO             PET0 PIOc_sync Exit - MemInfo: [/proc/meminfo - SSI]	MemTotal:       527077124 kB
20220314 015647.942 INFO             PET0 PIOc_sync Exit - MemInfo: [/proc/meminfo - SSI]	MemFree:        517308568 kB
20220314 015647.942 INFO             PET0 PIOc_sync Exit - MemInfo: [/proc/meminfo - SSI]	MemAvailable:   517689748 kB
20220314 015647.942 INFO             PET0 PIOc_sync Exit - MemInfo: [/proc/meminfo - SSI]	Committed_AS:    1750032 kB
20220314 015647.942 INFO             PET0 PIOc_sync Exit - MemInfo: [/proc/meminfo - SSI]	CommittedPercent: 0.332026 %
20220314 015647.942 INFO             PET0 PIOc_sync Exit - MemInfo: [/proc/self/status]	VmPeak:	  203988 kB
20220314 015647.942 INFO             PET0 PIOc_sync Exit - MemInfo: [/proc/self/status]	VmSize:	  203988 kB
20220314 015647.942 INFO             PET0 PIOc_sync Exit - MemInfo: [/proc/self/status]	VmLck:	       0 kB
20220314 015647.942 INFO             PET0 PIOc_sync Exit - MemInfo: [/proc/self/status]	VmPin:	       0 kB
20220314 015647.942 INFO             PET0 PIOc_sync Exit - MemInfo: [/proc/self/status]	VmHWM:	   39964 kB
20220314 015647.942 INFO             PET0 PIOc_sync Exit - MemInfo: [/proc/self/status]	VmRSS:	   39924 kB
20220314 015647.942 INFO             PET0 PIOc_sync Exit - MemInfo: [/proc/self/status]	VmData:	   17392 kB
20220314 015647.942 INFO             PET0 PIOc_sync Exit - MemInfo: [/proc/self/status]	VmStk:	     156 kB
20220314 015647.942 INFO             PET0 PIOc_sync Exit - MemInfo: [/proc/self/status]	VmExe:	     484 kB
20220314 015647.942 INFO             PET0 PIOc_sync Exit - MemInfo: [/proc/self/status]	VmLib:	  103544 kB
20220314 015647.942 INFO             PET0 PIOc_sync Exit - MemInfo: [/proc/self/status]	VmPTE:	     396 kB
20220314 015647.942 INFO             PET0 PIOc_sync Exit - MemInfo: [/proc/self/status]	VmSwap:	       0 kB
20220314 015647.942 INFO             PET0 PIOc_sync Exit - MemInfo: [/proc/self/status]	VmRSSPercent: 0.0075746 %
20220314 015647.942 INFO             PET0 PIOc_sync Exit - MemInfo: [malloc] Non-mmapped space allocated:                10010624 Byte
20220314 015647.942 INFO             PET0 PIOc_sync Exit - MemInfo: [malloc] Space allocated in mmapped regions:          3629056 Byte
20220314 015647.942 INFO             PET0 PIOc_sync Exit - MemInfo: [malloc] Maximum total allocated space:                     0 Byte
20220314 015647.942 INFO             PET0 PIOc_sync Exit - MemInfo: [malloc] Space in freed fastbin blocks:                     0 Byte
20220314 015647.942 INFO             PET0 PIOc_sync Exit - MemInfo: [malloc] Total allocated space:                       9892976 Byte
20220314 015647.942 INFO             PET0 PIOc_sync Exit - MemInfo: [malloc] Total free space:                             117648 Byte
20220314 015647.942 INFO             PET0 PIOc_sync Exit - MemInfo: [malloc] Top-most, releasable space:                   115248 Byte
20220314 015647.942 INFO             PET0 PIOc_sync Exit - MemInfo: [malloc] Total space in use, mmap + non-mmap:        13522032 Byte
20220314 015647.942 INFO             PET0 PIOc_sync Exit - MemInfo: [malloc] Total space held (mmap + non-mmap):         13639680 Byte
20220314 015647.942 INFO             PET0 PIOc_sync Exit - MemInfo: [malloc] Total space used (mmap + non-mmap):         13530240 Byte
20220314 015647.942 INFO             PET0 PIOc_sync Exit - MemInfo: Wall-clock time since execution start:              0.0206025 seconds
20220314 015647.942 INFO             PET0 PIOc_freedecomp Enter - MemInfo: [/proc/meminfo - SSI]	MemTotal:       527077124 kB
20220314 015647.942 INFO             PET0 PIOc_freedecomp Enter - MemInfo: [/proc/meminfo - SSI]	MemFree:        517308568 kB
20220314 015647.943 INFO             PET0 PIOc_freedecomp Enter - MemInfo: [/proc/meminfo - SSI]	MemAvailable:   517689748 kB
20220314 015647.943 INFO             PET0 PIOc_freedecomp Enter - MemInfo: [/proc/meminfo - SSI]	Committed_AS:    1750032 kB
20220314 015647.943 INFO             PET0 PIOc_freedecomp Enter - MemInfo: [/proc/meminfo - SSI]	CommittedPercent: 0.332026 %
20220314 015647.943 INFO             PET0 PIOc_freedecomp Enter - MemInfo: [/proc/self/status]	VmPeak:	  203988 kB
20220314 015647.943 INFO             PET0 PIOc_freedecomp Enter - MemInfo: [/proc/self/status]	VmSize:	  203988 kB
20220314 015647.943 INFO             PET0 PIOc_freedecomp Enter - MemInfo: [/proc/self/status]	VmLck:	       0 kB
20220314 015647.943 INFO             PET0 PIOc_freedecomp Enter - MemInfo: [/proc/self/status]	VmPin:	       0 kB
20220314 015647.943 INFO             PET0 PIOc_freedecomp Enter - MemInfo: [/proc/self/status]	VmHWM:	   39964 kB
20220314 015647.943 INFO             PET0 PIOc_freedecomp Enter - MemInfo: [/proc/self/status]	VmRSS:	   39924 kB
20220314 015647.943 INFO             PET0 PIOc_freedecomp Enter - MemInfo: [/proc/self/status]	VmData:	   17392 kB
20220314 015647.943 INFO             PET0 PIOc_freedecomp Enter - MemInfo: [/proc/self/status]	VmStk:	     156 kB
20220314 015647.943 INFO             PET0 PIOc_freedecomp Enter - MemInfo: [/proc/self/status]	VmExe:	     484 kB
20220314 015647.943 INFO             PET0 PIOc_freedecomp Enter - MemInfo: [/proc/self/status]	VmLib:	  103544 kB
20220314 015647.943 INFO             PET0 PIOc_freedecomp Enter - MemInfo: [/proc/self/status]	VmPTE:	     396 kB
20220314 015647.943 INFO             PET0 PIOc_freedecomp Enter - MemInfo: [/proc/self/status]	VmSwap:	       0 kB
20220314 015647.943 INFO             PET0 PIOc_freedecomp Enter - MemInfo: [/proc/self/status]	VmRSSPercent: 0.0075746 %
20220314 015647.943 INFO             PET0 PIOc_freedecomp Enter - MemInfo: [malloc] Non-mmapped space allocated:                10010624 Byte
20220314 015647.943 INFO             PET0 PIOc_freedecomp Enter - MemInfo: [malloc] Space allocated in mmapped regions:          3629056 Byte
20220314 015647.943 INFO             PET0 PIOc_freedecomp Enter - MemInfo: [malloc] Maximum total allocated space:                     0 Byte
20220314 015647.943 INFO             PET0 PIOc_freedecomp Enter - MemInfo: [malloc] Space in freed fastbin blocks:                    80 Byte
20220314 015647.943 INFO             PET0 PIOc_freedecomp Enter - MemInfo: [malloc] Total allocated space:                        968880 Byte
20220314 015647.943 INFO             PET0 PIOc_freedecomp Enter - MemInfo: [malloc] Total free space:                            9041744 Byte
20220314 015647.943 INFO             PET0 PIOc_freedecomp Enter - MemInfo: [malloc] Top-most, releasable space:                   115024 Byte
20220314 015647.943 INFO             PET0 PIOc_freedecomp Enter - MemInfo: [malloc] Total space in use, mmap + non-mmap:         4597936 Byte
20220314 015647.943 INFO             PET0 PIOc_freedecomp Enter - MemInfo: [malloc] Total space held (mmap + non-mmap):         13639680 Byte
20220314 015647.943 INFO             PET0 PIOc_freedecomp Enter - MemInfo: [malloc] Total space used (mmap + non-mmap):          4606144 Byte
20220314 015647.943 INFO             PET0 PIOc_freedecomp Enter - MemInfo: Wall-clock time since execution start:              0.0209352 seconds
20220314 015647.943 INFO             PET0 PIOc_freedecomp Exit - MemInfo: [/proc/meminfo - SSI]	MemTotal:       527077124 kB
20220314 015647.943 INFO             PET0 PIOc_freedecomp Exit - MemInfo: [/proc/meminfo - SSI]	MemFree:        517308568 kB
20220314 015647.943 INFO             PET0 PIOc_freedecomp Exit - MemInfo: [/proc/meminfo - SSI]	MemAvailable:   517689748 kB
20220314 015647.943 INFO             PET0 PIOc_freedecomp Exit - MemInfo: [/proc/meminfo - SSI]	Committed_AS:    1750032 kB
20220314 015647.943 INFO             PET0 PIOc_freedecomp Exit - MemInfo: [/proc/meminfo - SSI]	CommittedPercent: 0.332026 %
20220314 015647.943 INFO             PET0 PIOc_freedecomp Exit - MemInfo: [/proc/self/status]	VmPeak:	  203988 kB
20220314 015647.943 INFO             PET0 PIOc_freedecomp Exit - MemInfo: [/proc/self/status]	VmSize:	  203988 kB
20220314 015647.943 INFO             PET0 PIOc_freedecomp Exit - MemInfo: [/proc/self/status]	VmLck:	       0 kB
20220314 015647.943 INFO             PET0 PIOc_freedecomp Exit - MemInfo: [/proc/self/status]	VmPin:	       0 kB
20220314 015647.943 INFO             PET0 PIOc_freedecomp Exit - MemInfo: [/proc/self/status]	VmHWM:	   39964 kB
20220314 015647.943 INFO             PET0 PIOc_freedecomp Exit - MemInfo: [/proc/self/status]	VmRSS:	   39924 kB
20220314 015647.943 INFO             PET0 PIOc_freedecomp Exit - MemInfo: [/proc/self/status]	VmData:	   17392 kB
20220314 015647.943 INFO             PET0 PIOc_freedecomp Exit - MemInfo: [/proc/self/status]	VmStk:	     156 kB
20220314 015647.943 INFO             PET0 PIOc_freedecomp Exit - MemInfo: [/proc/self/status]	VmExe:	     484 kB
20220314 015647.943 INFO             PET0 PIOc_freedecomp Exit - MemInfo: [/proc/self/status]	VmLib:	  103544 kB
20220314 015647.943 INFO             PET0 PIOc_freedecomp Exit - MemInfo: [/proc/self/status]	VmPTE:	     396 kB
20220314 015647.943 INFO             PET0 PIOc_freedecomp Exit - MemInfo: [/proc/self/status]	VmSwap:	       0 kB
20220314 015647.943 INFO             PET0 PIOc_freedecomp Exit - MemInfo: [/proc/self/status]	VmRSSPercent: 0.0075746 %
20220314 015647.943 INFO             PET0 PIOc_freedecomp Exit - MemInfo: [malloc] Non-mmapped space allocated:                10010624 Byte
20220314 015647.943 INFO             PET0 PIOc_freedecomp Exit - MemInfo: [malloc] Space allocated in mmapped regions:          3629056 Byte
20220314 015647.943 INFO             PET0 PIOc_freedecomp Exit - MemInfo: [malloc] Maximum total allocated space:                     0 Byte
20220314 015647.943 INFO             PET0 PIOc_freedecomp Exit - MemInfo: [malloc] Space in freed fastbin blocks:                   464 Byte
20220314 015647.943 INFO             PET0 PIOc_freedecomp Exit - MemInfo: [malloc] Total allocated space:                        968416 Byte
20220314 015647.943 INFO             PET0 PIOc_freedecomp Exit - MemInfo: [malloc] Total free space:                            9042208 Byte
20220314 015647.943 INFO             PET0 PIOc_freedecomp Exit - MemInfo: [malloc] Top-most, releasable space:                  9038672 Byte
20220314 015647.943 INFO             PET0 PIOc_freedecomp Exit - MemInfo: [malloc] Total space in use, mmap + non-mmap:         4597472 Byte
20220314 015647.943 INFO             PET0 PIOc_freedecomp Exit - MemInfo: [malloc] Total space held (mmap + non-mmap):         13639680 Byte
20220314 015647.943 INFO             PET0 PIOc_freedecomp Exit - MemInfo: [malloc] Total space used (mmap + non-mmap):          4605680 Byte
20220314 015647.943 INFO             PET0 PIOc_freedecomp Exit - MemInfo: Wall-clock time since execution start:              0.0211405 seconds
20220314 015647.943 INFO             PET0  PASS  Read ESMF_Array without Halo from NetCDF file Test, ESMF_ArrayIOUTest.F90, line 330
20220314 015647.943 INFO             PET0  PASS  Compare read in data to the existing data - 3D without halo, ESMF_ArrayIOUTest.F90, line 353
20220314 015647.944 WARNING          PET0 ESMCI_PIO_Handler.C:1343 ESMCI::PIO_Handler::open()  Unable to set fill on file: file3D_withhalo.nc, (PIO/NetCDF error = NetCDF: Write to read only)
20220314 015647.945 INFO             PET0 PIOc_sync Enter - MemInfo: [/proc/meminfo - SSI]	MemTotal:       527077124 kB
20220314 015647.945 INFO             PET0 PIOc_sync Enter - MemInfo: [/proc/meminfo - SSI]	MemFree:        517308064 kB
20220314 015647.945 INFO             PET0 PIOc_sync Enter - MemInfo: [/proc/meminfo - SSI]	MemAvailable:   517689244 kB
20220314 015647.945 INFO             PET0 PIOc_sync Enter - MemInfo: [/proc/meminfo - SSI]	Committed_AS:    1750032 kB
20220314 015647.945 INFO             PET0 PIOc_sync Enter - MemInfo: [/proc/meminfo - SSI]	CommittedPercent: 0.332026 %
20220314 015647.945 INFO             PET0 PIOc_sync Enter - MemInfo: [/proc/self/status]	VmPeak:	  203988 kB
20220314 015647.945 INFO             PET0 PIOc_sync Enter - MemInfo: [/proc/self/status]	VmSize:	  203988 kB
20220314 015647.945 INFO             PET0 PIOc_sync Enter - MemInfo: [/proc/self/status]	VmLck:	       0 kB
20220314 015647.945 INFO             PET0 PIOc_sync Enter - MemInfo: [/proc/self/status]	VmPin:	       0 kB
20220314 015647.945 INFO             PET0 PIOc_sync Enter - MemInfo: [/proc/self/status]	VmHWM:	   40208 kB
20220314 015647.945 INFO             PET0 PIOc_sync Enter - MemInfo: [/proc/self/status]	VmRSS:	   40168 kB
20220314 015647.945 INFO             PET0 PIOc_sync Enter - MemInfo: [/proc/self/status]	VmData:	   17392 kB
20220314 015647.945 INFO             PET0 PIOc_sync Enter - MemInfo: [/proc/self/status]	VmStk:	     156 kB
20220314 015647.945 INFO             PET0 PIOc_sync Enter - MemInfo: [/proc/self/status]	VmExe:	     484 kB
20220314 015647.945 INFO             PET0 PIOc_sync Enter - MemInfo: [/proc/self/status]	VmLib:	  103544 kB
20220314 015647.945 INFO             PET0 PIOc_sync Enter - MemInfo: [/proc/self/status]	VmPTE:	     396 kB
20220314 015647.945 INFO             PET0 PIOc_sync Enter - MemInfo: [/proc/self/status]	VmSwap:	       0 kB
20220314 015647.945 INFO             PET0 PIOc_sync Enter - MemInfo: [/proc/self/status]	VmRSSPercent: 0.0076209 %
20220314 015647.945 INFO             PET0 PIOc_sync Enter - MemInfo: [malloc] Non-mmapped space allocated:                10010624 Byte
20220314 015647.945 INFO             PET0 PIOc_sync Enter - MemInfo: [malloc] Space allocated in mmapped regions:          3629056 Byte
20220314 015647.945 INFO             PET0 PIOc_sync Enter - MemInfo: [malloc] Maximum total allocated space:                     0 Byte
20220314 015647.945 INFO             PET0 PIOc_sync Enter - MemInfo: [malloc] Space in freed fastbin blocks:                     0 Byte
20220314 015647.945 INFO             PET0 PIOc_sync Enter - MemInfo: [malloc] Total allocated space:                       9907552 Byte
20220314 015647.945 INFO             PET0 PIOc_sync Enter - MemInfo: [malloc] Total free space:                             103072 Byte
20220314 015647.945 INFO             PET0 PIOc_sync Enter - MemInfo: [malloc] Top-most, releasable space:                    61712 Byte
20220314 015647.945 INFO             PET0 PIOc_sync Enter - MemInfo: [malloc] Total space in use, mmap + non-mmap:        13536608 Byte
20220314 015647.945 INFO             PET0 PIOc_sync Enter - MemInfo: [malloc] Total space held (mmap + non-mmap):         13639680 Byte
20220314 015647.945 INFO             PET0 PIOc_sync Enter - MemInfo: [malloc] Total space used (mmap + non-mmap):         13544816 Byte
20220314 015647.945 INFO             PET0 PIOc_sync Enter - MemInfo: Wall-clock time since execution start:              0.0234095 seconds
20220314 015647.945 INFO             PET0 PIOc_sync Exit - MemInfo: [/proc/meminfo - SSI]	MemTotal:       527077124 kB
20220314 015647.945 INFO             PET0 PIOc_sync Exit - MemInfo: [/proc/meminfo - SSI]	MemFree:        517308064 kB
20220314 015647.945 INFO             PET0 PIOc_sync Exit - MemInfo: [/proc/meminfo - SSI]	MemAvailable:   517689244 kB
20220314 015647.945 INFO             PET0 PIOc_sync Exit - MemInfo: [/proc/meminfo - SSI]	Committed_AS:    1750032 kB
20220314 015647.945 INFO             PET0 PIOc_sync Exit - MemInfo: [/proc/meminfo - SSI]	CommittedPercent: 0.332026 %
20220314 015647.945 INFO             PET0 PIOc_sync Exit - MemInfo: [/proc/self/status]	VmPeak:	  203988 kB
20220314 015647.945 INFO             PET0 PIOc_sync Exit - MemInfo: [/proc/self/status]	VmSize:	  203988 kB
20220314 015647.945 INFO             PET0 PIOc_sync Exit - MemInfo: [/proc/self/status]	VmLck:	       0 kB
20220314 015647.945 INFO             PET0 PIOc_sync Exit - MemInfo: [/proc/self/status]	VmPin:	       0 kB
20220314 015647.945 INFO             PET0 PIOc_sync Exit - MemInfo: [/proc/self/status]	VmHWM:	   40208 kB
20220314 015647.945 INFO             PET0 PIOc_sync Exit - MemInfo: [/proc/self/status]	VmRSS:	   40168 kB
20220314 015647.945 INFO             PET0 PIOc_sync Exit - MemInfo: [/proc/self/status]	VmData:	   17392 kB
20220314 015647.945 INFO             PET0 PIOc_sync Exit - MemInfo: [/proc/self/status]	VmStk:	     156 kB
20220314 015647.945 INFO             PET0 PIOc_sync Exit - MemInfo: [/proc/self/status]	VmExe:	     484 kB
20220314 015647.945 INFO             PET0 PIOc_sync Exit - MemInfo: [/proc/self/status]	VmLib:	  103544 kB
20220314 015647.945 INFO             PET0 PIOc_sync Exit - MemInfo: [/proc/self/status]	VmPTE:	     396 kB
20220314 015647.945 INFO             PET0 PIOc_sync Exit - MemInfo: [/proc/self/status]	VmSwap:	       0 kB
20220314 015647.945 INFO             PET0 PIOc_sync Exit - MemInfo: [/proc/self/status]	VmRSSPercent: 0.0076209 %
20220314 015647.945 INFO             PET0 PIOc_sync Exit - MemInfo: [malloc] Non-mmapped space allocated:                10010624 Byte
20220314 015647.945 INFO             PET0 PIOc_sync Exit - MemInfo: [malloc] Space allocated in mmapped regions:          3629056 Byte
20220314 015647.945 INFO             PET0 PIOc_sync Exit - MemInfo: [malloc] Maximum total allocated space:                     0 Byte
20220314 015647.945 INFO             PET0 PIOc_sync Exit - MemInfo: [malloc] Space in freed fastbin blocks:                     0 Byte
20220314 015647.945 INFO             PET0 PIOc_sync Exit - MemInfo: [malloc] Total allocated space:                       9907552 Byte
20220314 015647.945 INFO             PET0 PIOc_sync Exit - MemInfo: [malloc] Total free space:                             103072 Byte
20220314 015647.945 INFO             PET0 PIOc_sync Exit - MemInfo: [malloc] Top-most, releasable space:                    61712 Byte
20220314 015647.945 INFO             PET0 PIOc_sync Exit - MemInfo: [malloc] Total space in use, mmap + non-mmap:        13536608 Byte
20220314 015647.945 INFO             PET0 PIOc_sync Exit - MemInfo: [malloc] Total space held (mmap + non-mmap):         13639680 Byte
20220314 015647.945 INFO             PET0 PIOc_sync Exit - MemInfo: [malloc] Total space used (mmap + non-mmap):         13544816 Byte
20220314 015647.945 INFO             PET0 PIOc_sync Exit - MemInfo: Wall-clock time since execution start:              0.0236333 seconds
20220314 015647.945 INFO             PET0 PIOc_freedecomp Enter - MemInfo: [/proc/meminfo - SSI]	MemTotal:       527077124 kB
20220314 015647.946 INFO             PET0 PIOc_freedecomp Enter - MemInfo: [/proc/meminfo - SSI]	MemFree:        517308064 kB
20220314 015647.946 INFO             PET0 PIOc_freedecomp Enter - MemInfo: [/proc/meminfo - SSI]	MemAvailable:   517689244 kB
20220314 015647.946 INFO             PET0 PIOc_freedecomp Enter - MemInfo: [/proc/meminfo - SSI]	Committed_AS:    1750032 kB
20220314 015647.946 INFO             PET0 PIOc_freedecomp Enter - MemInfo: [/proc/meminfo - SSI]	CommittedPercent: 0.332026 %
20220314 015647.946 INFO             PET0 PIOc_freedecomp Enter - MemInfo: [/proc/self/status]	VmPeak:	  203988 kB
20220314 015647.946 INFO             PET0 PIOc_freedecomp Enter - MemInfo: [/proc/self/status]	VmSize:	  203988 kB
20220314 015647.946 INFO             PET0 PIOc_freedecomp Enter - MemInfo: [/proc/self/status]	VmLck:	       0 kB
20220314 015647.946 INFO             PET0 PIOc_freedecomp Enter - MemInfo: [/proc/self/status]	VmPin:	       0 kB
20220314 015647.946 INFO             PET0 PIOc_freedecomp Enter - MemInfo: [/proc/self/status]	VmHWM:	   40208 kB
20220314 015647.946 INFO             PET0 PIOc_freedecomp Enter - MemInfo: [/proc/self/status]	VmRSS:	   40168 kB
20220314 015647.946 INFO             PET0 PIOc_freedecomp Enter - MemInfo: [/proc/self/status]	VmData:	   17392 kB
20220314 015647.946 INFO             PET0 PIOc_freedecomp Enter - MemInfo: [/proc/self/status]	VmStk:	     156 kB
20220314 015647.946 INFO             PET0 PIOc_freedecomp Enter - MemInfo: [/proc/self/status]	VmExe:	     484 kB
20220314 015647.946 INFO             PET0 PIOc_freedecomp Enter - MemInfo: [/proc/self/status]	VmLib:	  103544 kB
20220314 015647.946 INFO             PET0 PIOc_freedecomp Enter - MemInfo: [/proc/self/status]	VmPTE:	     396 kB
20220314 015647.946 INFO             PET0 PIOc_freedecomp Enter - MemInfo: [/proc/self/status]	VmSwap:	       0 kB
20220314 015647.946 INFO             PET0 PIOc_freedecomp Enter - MemInfo: [/proc/self/status]	VmRSSPercent: 0.0076209 %
20220314 015647.946 INFO             PET0 PIOc_freedecomp Enter - MemInfo: [malloc] Non-mmapped space allocated:                10010624 Byte
20220314 015647.946 INFO             PET0 PIOc_freedecomp Enter - MemInfo: [malloc] Space allocated in mmapped regions:          3629056 Byte
20220314 015647.946 INFO             PET0 PIOc_freedecomp Enter - MemInfo: [malloc] Maximum total allocated space:                     0 Byte
20220314 015647.946 INFO             PET0 PIOc_freedecomp Enter - MemInfo: [malloc] Space in freed fastbin blocks:                   128 Byte
20220314 015647.946 INFO             PET0 PIOc_freedecomp Enter - MemInfo: [malloc] Total allocated space:                        983120 Byte
20220314 015647.946 INFO             PET0 PIOc_freedecomp Enter - MemInfo: [malloc] Total free space:                            9027504 Byte
20220314 015647.946 INFO             PET0 PIOc_freedecomp Enter - MemInfo: [malloc] Top-most, releasable space:                    61712 Byte
20220314 015647.946 INFO             PET0 PIOc_freedecomp Enter - MemInfo: [malloc] Total space in use, mmap + non-mmap:         4612176 Byte
20220314 015647.946 INFO             PET0 PIOc_freedecomp Enter - MemInfo: [malloc] Total space held (mmap + non-mmap):         13639680 Byte
20220314 015647.946 INFO             PET0 PIOc_freedecomp Enter - MemInfo: [malloc] Total space used (mmap + non-mmap):          4620384 Byte
20220314 015647.946 INFO             PET0 PIOc_freedecomp Enter - MemInfo: Wall-clock time since execution start:              0.0239544 seconds
20220314 015647.946 INFO             PET0 PIOc_freedecomp Exit - MemInfo: [/proc/meminfo - SSI]	MemTotal:       527077124 kB
20220314 015647.946 INFO             PET0 PIOc_freedecomp Exit - MemInfo: [/proc/meminfo - SSI]	MemFree:        517307560 kB
20220314 015647.946 INFO             PET0 PIOc_freedecomp Exit - MemInfo: [/proc/meminfo - SSI]	MemAvailable:   517688740 kB
20220314 015647.946 INFO             PET0 PIOc_freedecomp Exit - MemInfo: [/proc/meminfo - SSI]	Committed_AS:    1750032 kB
20220314 015647.946 INFO             PET0 PIOc_freedecomp Exit - MemInfo: [/proc/meminfo - SSI]	CommittedPercent: 0.332026 %
20220314 015647.946 INFO             PET0 PIOc_freedecomp Exit - MemInfo: [/proc/self/status]	VmPeak:	  203988 kB
20220314 015647.946 INFO             PET0 PIOc_freedecomp Exit - MemInfo: [/proc/self/status]	VmSize:	  203988 kB
20220314 015647.946 INFO             PET0 PIOc_freedecomp Exit - MemInfo: [/proc/self/status]	VmLck:	       0 kB
20220314 015647.946 INFO             PET0 PIOc_freedecomp Exit - MemInfo: [/proc/self/status]	VmPin:	       0 kB
20220314 015647.946 INFO             PET0 PIOc_freedecomp Exit - MemInfo: [/proc/self/status]	VmHWM:	   40208 kB
20220314 015647.946 INFO             PET0 PIOc_freedecomp Exit - MemInfo: [/proc/self/status]	VmRSS:	   40168 kB
20220314 015647.946 INFO             PET0 PIOc_freedecomp Exit - MemInfo: [/proc/self/status]	VmData:	   17392 kB
20220314 015647.946 INFO             PET0 PIOc_freedecomp Exit - MemInfo: [/proc/self/status]	VmStk:	     156 kB
20220314 015647.946 INFO             PET0 PIOc_freedecomp Exit - MemInfo: [/proc/self/status]	VmExe:	     484 kB
20220314 015647.946 INFO             PET0 PIOc_freedecomp Exit - MemInfo: [/proc/self/status]	VmLib:	  103544 kB
20220314 015647.946 INFO             PET0 PIOc_freedecomp Exit - MemInfo: [/proc/self/status]	VmPTE:	     396 kB
20220314 015647.946 INFO             PET0 PIOc_freedecomp Exit - MemInfo: [/proc/self/status]	VmSwap:	       0 kB
20220314 015647.946 INFO             PET0 PIOc_freedecomp Exit - MemInfo: [/proc/self/status]	VmRSSPercent: 0.0076209 %
20220314 015647.946 INFO             PET0 PIOc_freedecomp Exit - MemInfo: [malloc] Non-mmapped space allocated:                10010624 Byte
20220314 015647.946 INFO             PET0 PIOc_freedecomp Exit - MemInfo: [malloc] Space allocated in mmapped regions:          3629056 Byte
20220314 015647.946 INFO             PET0 PIOc_freedecomp Exit - MemInfo: [malloc] Maximum total allocated space:                     0 Byte
20220314 015647.946 INFO             PET0 PIOc_freedecomp Exit - MemInfo: [malloc] Space in freed fastbin blocks:                   544 Byte
20220314 015647.946 INFO             PET0 PIOc_freedecomp Exit - MemInfo: [malloc] Total allocated space:                        969696 Byte
20220314 015647.946 INFO             PET0 PIOc_freedecomp Exit - MemInfo: [malloc] Total free space:                            9040928 Byte
20220314 015647.946 INFO             PET0 PIOc_freedecomp Exit - MemInfo: [malloc] Top-most, releasable space:                    61712 Byte
20220314 015647.946 INFO             PET0 PIOc_freedecomp Exit - MemInfo: [malloc] Total space in use, mmap + non-mmap:         4598752 Byte
20220314 015647.946 INFO             PET0 PIOc_freedecomp Exit - MemInfo: [malloc] Total space held (mmap + non-mmap):         13639680 Byte
20220314 015647.946 INFO             PET0 PIOc_freedecomp Exit - MemInfo: [malloc] Total space used (mmap + non-mmap):          4606960 Byte
20220314 015647.946 INFO             PET0 PIOc_freedecomp Exit - MemInfo: Wall-clock time since execution start:              0.0241588 seconds
20220314 015647.946 INFO             PET0  PASS  Read ESMF_Array with Halo from NetCDF Test, ESMF_ArrayIOUTest.F90, line 380
20220314 015647.946 ERROR            PET0 ESMCI_IO_Handler.C:164 ESMCI::IO_Handler::create() Unknown I/O Format
20220314 015647.946 ERROR            PET0 ESMCI_IO.C:264 ESMCI::IO::read() Invalid argument  - Internal subroutine call returned Error
20220314 015647.946 ERROR            PET0 ESMCI_Array.C:3933 ESMCI::Array::read() Invalid argument  - Internal subroutine call returned Error
20220314 015647.946 ERROR            PET0 ESMCI_Array_F.C:831 c_esmc_arrayread() Invalid argument  - Internal subroutine call returned Error
20220314 015647.946 ERROR            PET0 ESMF_ArrayHa.F90:723 ESMF_ArrayRead Invalid argument  - Internal subroutine call returned Error
20220314 015647.946 INFO             PET0  PASS  Read ESMF_Array with Halo from binary Test, ESMF_ArrayIOUTest.F90, line 394
20220314 015647.946 INFO             PET0  PASS  Compare read in data to the existing NetCDF data - 3D with halo, ESMF_ArrayIOUTest.F90, line 412
20220314 015647.946 ERROR            PET0 ESMCI_Array.C:3914 ESMCI::Array::read() Invalid argument  - Array variable name not allowed in binary mode
20220314 015647.946 ERROR            PET0 ESMCI_Array_F.C:831 c_esmc_arrayread() Invalid argument  - Internal subroutine call returned Error
20220314 015647.946 ERROR            PET0 ESMF_ArrayHa.F90:723 ESMF_ArrayRead Invalid argument  - Internal subroutine call returned Error
20220314 015647.946 INFO             PET0  PASS  Read ESMF_Array variable with Halo from binary Test, ESMF_ArrayIOUTest.F90, line 430
20220314 015647.948 INFO             PET0 PIOc_sync Enter - MemInfo: [/proc/meminfo - SSI]	MemTotal:       527077124 kB
20220314 015647.948 INFO             PET0 PIOc_sync Enter - MemInfo: [/proc/meminfo - SSI]	MemFree:        517307560 kB
20220314 015647.948 INFO             PET0 PIOc_sync Enter - MemInfo: [/proc/meminfo - SSI]	MemAvailable:   517688740 kB
20220314 015647.948 INFO             PET0 PIOc_sync Enter - MemInfo: [/proc/meminfo - SSI]	Committed_AS:    1750032 kB
20220314 015647.948 INFO             PET0 PIOc_sync Enter - MemInfo: [/proc/meminfo - SSI]	CommittedPercent: 0.332026 %
20220314 015647.948 INFO             PET0 PIOc_sync Enter - MemInfo: [/proc/self/status]	VmPeak:	  203988 kB
20220314 015647.948 INFO             PET0 PIOc_sync Enter - MemInfo: [/proc/self/status]	VmSize:	  203988 kB
20220314 015647.948 INFO             PET0 PIOc_sync Enter - MemInfo: [/proc/self/status]	VmLck:	       0 kB
20220314 015647.948 INFO             PET0 PIOc_sync Enter - MemInfo: [/proc/self/status]	VmPin:	       0 kB
20220314 015647.948 INFO             PET0 PIOc_sync Enter - MemInfo: [/proc/self/status]	VmHWM:	   40372 kB
20220314 015647.948 INFO             PET0 PIOc_sync Enter - MemInfo: [/proc/self/status]	VmRSS:	   40332 kB
20220314 015647.948 INFO             PET0 PIOc_sync Enter - MemInfo: [/proc/self/status]	VmData:	   17392 kB
20220314 015647.948 INFO             PET0 PIOc_sync Enter - MemInfo: [/proc/self/status]	VmStk:	     156 kB
20220314 015647.948 INFO             PET0 PIOc_sync Enter - MemInfo: [/proc/self/status]	VmExe:	     484 kB
20220314 015647.948 INFO             PET0 PIOc_sync Enter - MemInfo: [/proc/self/status]	VmLib:	  103544 kB
20220314 015647.948 INFO             PET0 PIOc_sync Enter - MemInfo: [/proc/self/status]	VmPTE:	     396 kB
20220314 015647.948 INFO             PET0 PIOc_sync Enter - MemInfo: [/proc/self/status]	VmSwap:	       0 kB
20220314 015647.948 INFO             PET0 PIOc_sync Enter - MemInfo: [/proc/self/status]	VmRSSPercent: 0.00765201 %
20220314 015647.948 INFO             PET0 PIOc_sync Enter - MemInfo: [malloc] Non-mmapped space allocated:                10010624 Byte
20220314 015647.948 INFO             PET0 PIOc_sync Enter - MemInfo: [malloc] Space allocated in mmapped regions:          3629056 Byte
20220314 015647.948 INFO             PET0 PIOc_sync Enter - MemInfo: [malloc] Maximum total allocated space:                     0 Byte
20220314 015647.948 INFO             PET0 PIOc_sync Enter - MemInfo: [malloc] Space in freed fastbin blocks:                    48 Byte
20220314 015647.948 INFO             PET0 PIOc_sync Enter - MemInfo: [malloc] Total allocated space:                       9912576 Byte
20220314 015647.948 INFO             PET0 PIOc_sync Enter - MemInfo: [malloc] Total free space:                              98048 Byte
20220314 015647.948 INFO             PET0 PIOc_sync Enter - MemInfo: [malloc] Top-most, releasable space:                    60672 Byte
20220314 015647.948 INFO             PET0 PIOc_sync Enter - MemInfo: [malloc] Total space in use, mmap + non-mmap:        13541632 Byte
20220314 015647.948 INFO             PET0 PIOc_sync Enter - MemInfo: [malloc] Total space held (mmap + non-mmap):         13639680 Byte
20220314 015647.948 INFO             PET0 PIOc_sync Enter - MemInfo: [malloc] Total space used (mmap + non-mmap):         13550176 Byte
20220314 015647.948 INFO             PET0 PIOc_sync Enter - MemInfo: Wall-clock time since execution start:              0.0264519 seconds
20220314 015647.948 INFO             PET0 PIOc_sync Exit - MemInfo: [/proc/meminfo - SSI]	MemTotal:       527077124 kB
20220314 015647.948 INFO             PET0 PIOc_sync Exit - MemInfo: [/proc/meminfo - SSI]	MemFree:        517307560 kB
20220314 015647.948 INFO             PET0 PIOc_sync Exit - MemInfo: [/proc/meminfo - SSI]	MemAvailable:   517688740 kB
20220314 015647.948 INFO             PET0 PIOc_sync Exit - MemInfo: [/proc/meminfo - SSI]	Committed_AS:    1750032 kB
20220314 015647.948 INFO             PET0 PIOc_sync Exit - MemInfo: [/proc/meminfo - SSI]	CommittedPercent: 0.332026 %
20220314 015647.948 INFO             PET0 PIOc_sync Exit - MemInfo: [/proc/self/status]	VmPeak:	  203988 kB
20220314 015647.948 INFO             PET0 PIOc_sync Exit - MemInfo: [/proc/self/status]	VmSize:	  203988 kB
20220314 015647.948 INFO             PET0 PIOc_sync Exit - MemInfo: [/proc/self/status]	VmLck:	       0 kB
20220314 015647.948 INFO             PET0 PIOc_sync Exit - MemInfo: [/proc/self/status]	VmPin:	       0 kB
20220314 015647.948 INFO             PET0 PIOc_sync Exit - MemInfo: [/proc/self/status]	VmHWM:	   40372 kB
20220314 015647.948 INFO             PET0 PIOc_sync Exit - MemInfo: [/proc/self/status]	VmRSS:	   40332 kB
20220314 015647.948 INFO             PET0 PIOc_sync Exit - MemInfo: [/proc/self/status]	VmData:	   17392 kB
20220314 015647.948 INFO             PET0 PIOc_sync Exit - MemInfo: [/proc/self/status]	VmStk:	     156 kB
20220314 015647.948 INFO             PET0 PIOc_sync Exit - MemInfo: [/proc/self/status]	VmExe:	     484 kB
20220314 015647.948 INFO             PET0 PIOc_sync Exit - MemInfo: [/proc/self/status]	VmLib:	  103544 kB
20220314 015647.948 INFO             PET0 PIOc_sync Exit - MemInfo: [/proc/self/status]	VmPTE:	     396 kB
20220314 015647.948 INFO             PET0 PIOc_sync Exit - MemInfo: [/proc/self/status]	VmSwap:	       0 kB
20220314 015647.948 INFO             PET0 PIOc_sync Exit - MemInfo: [/proc/self/status]	VmRSSPercent: 0.00765201 %
20220314 015647.948 INFO             PET0 PIOc_sync Exit - MemInfo: [malloc] Non-mmapped space allocated:                10010624 Byte
20220314 015647.948 INFO             PET0 PIOc_sync Exit - MemInfo: [malloc] Space allocated in mmapped regions:          3629056 Byte
20220314 015647.948 INFO             PET0 PIOc_sync Exit - MemInfo: [malloc] Maximum total allocated space:                     0 Byte
20220314 015647.948 INFO             PET0 PIOc_sync Exit - MemInfo: [malloc] Space in freed fastbin blocks:                     0 Byte
20220314 015647.948 INFO             PET0 PIOc_sync Exit - MemInfo: [malloc] Total allocated space:                       9909952 Byte
20220314 015647.948 INFO             PET0 PIOc_sync Exit - MemInfo: [malloc] Total free space:                             100672 Byte
20220314 015647.948 INFO             PET0 PIOc_sync Exit - MemInfo: [malloc] Top-most, releasable space:                    60672 Byte
20220314 015647.948 INFO             PET0 PIOc_sync Exit - MemInfo: [malloc] Total space in use, mmap + non-mmap:        13539008 Byte
20220314 015647.948 INFO             PET0 PIOc_sync Exit - MemInfo: [malloc] Total space held (mmap + non-mmap):         13639680 Byte
20220314 015647.948 INFO             PET0 PIOc_sync Exit - MemInfo: [malloc] Total space used (mmap + non-mmap):         13547328 Byte
20220314 015647.948 INFO             PET0 PIOc_sync Exit - MemInfo: Wall-clock time since execution start:              0.0267177 seconds
20220314 015647.949 INFO             PET0 PIOc_freedecomp Enter - MemInfo: [/proc/meminfo - SSI]	MemTotal:       527077124 kB
20220314 015647.949 INFO             PET0 PIOc_freedecomp Enter - MemInfo: [/proc/meminfo - SSI]	MemFree:        517307560 kB
20220314 015647.949 INFO             PET0 PIOc_freedecomp Enter - MemInfo: [/proc/meminfo - SSI]	MemAvailable:   517688740 kB
20220314 015647.949 INFO             PET0 PIOc_freedecomp Enter - MemInfo: [/proc/meminfo - SSI]	Committed_AS:    1750032 kB
20220314 015647.949 INFO             PET0 PIOc_freedecomp Enter - MemInfo: [/proc/meminfo - SSI]	CommittedPercent: 0.332026 %
20220314 015647.949 INFO             PET0 PIOc_freedecomp Enter - MemInfo: [/proc/self/status]	VmPeak:	  203988 kB
20220314 015647.949 INFO             PET0 PIOc_freedecomp Enter - MemInfo: [/proc/self/status]	VmSize:	  203988 kB
20220314 015647.949 INFO             PET0 PIOc_freedecomp Enter - MemInfo: [/proc/self/status]	VmLck:	       0 kB
20220314 015647.949 INFO             PET0 PIOc_freedecomp Enter - MemInfo: [/proc/self/status]	VmPin:	       0 kB
20220314 015647.949 INFO             PET0 PIOc_freedecomp Enter - MemInfo: [/proc/self/status]	VmHWM:	   40372 kB
20220314 015647.949 INFO             PET0 PIOc_freedecomp Enter - MemInfo: [/proc/self/status]	VmRSS:	   40332 kB
20220314 015647.949 INFO             PET0 PIOc_freedecomp Enter - MemInfo: [/proc/self/status]	VmData:	   17392 kB
20220314 015647.949 INFO             PET0 PIOc_freedecomp Enter - MemInfo: [/proc/self/status]	VmStk:	     156 kB
20220314 015647.949 INFO             PET0 PIOc_freedecomp Enter - MemInfo: [/proc/self/status]	VmExe:	     484 kB
20220314 015647.949 INFO             PET0 PIOc_freedecomp Enter - MemInfo: [/proc/self/status]	VmLib:	  103544 kB
20220314 015647.949 INFO             PET0 PIOc_freedecomp Enter - MemInfo: [/proc/self/status]	VmPTE:	     396 kB
20220314 015647.949 INFO             PET0 PIOc_freedecomp Enter - MemInfo: [/proc/self/status]	VmSwap:	       0 kB
20220314 015647.949 INFO             PET0 PIOc_freedecomp Enter - MemInfo: [/proc/self/status]	VmRSSPercent: 0.00765201 %
20220314 015647.949 INFO             PET0 PIOc_freedecomp Enter - MemInfo: [malloc] Non-mmapped space allocated:                10010624 Byte
20220314 015647.949 INFO             PET0 PIOc_freedecomp Enter - MemInfo: [malloc] Space allocated in mmapped regions:          3629056 Byte
20220314 015647.949 INFO             PET0 PIOc_freedecomp Enter - MemInfo: [malloc] Maximum total allocated space:                     0 Byte
20220314 015647.949 INFO             PET0 PIOc_freedecomp Enter - MemInfo: [malloc] Space in freed fastbin blocks:                   160 Byte
20220314 015647.949 INFO             PET0 PIOc_freedecomp Enter - MemInfo: [malloc] Total allocated space:                        984848 Byte
20220314 015647.949 INFO             PET0 PIOc_freedecomp Enter - MemInfo: [malloc] Total free space:                            9025776 Byte
20220314 015647.949 INFO             PET0 PIOc_freedecomp Enter - MemInfo: [malloc] Top-most, releasable space:                    60672 Byte
20220314 015647.949 INFO             PET0 PIOc_freedecomp Enter - MemInfo: [malloc] Total space in use, mmap + non-mmap:         4613904 Byte
20220314 015647.949 INFO             PET0 PIOc_freedecomp Enter - MemInfo: [malloc] Total space held (mmap + non-mmap):         13639680 Byte
20220314 015647.949 INFO             PET0 PIOc_freedecomp Enter - MemInfo: [malloc] Total space used (mmap + non-mmap):          4622112 Byte
20220314 015647.949 INFO             PET0 PIOc_freedecomp Enter - MemInfo: Wall-clock time since execution start:              0.0270525 seconds
20220314 015647.949 INFO             PET0 PIOc_freedecomp Exit - MemInfo: [/proc/meminfo - SSI]	MemTotal:       527077124 kB
20220314 015647.949 INFO             PET0 PIOc_freedecomp Exit - MemInfo: [/proc/meminfo - SSI]	MemFree:        517307560 kB
20220314 015647.949 INFO             PET0 PIOc_freedecomp Exit - MemInfo: [/proc/meminfo - SSI]	MemAvailable:   517688740 kB
20220314 015647.949 INFO             PET0 PIOc_freedecomp Exit - MemInfo: [/proc/meminfo - SSI]	Committed_AS:    1750032 kB
20220314 015647.949 INFO             PET0 PIOc_freedecomp Exit - MemInfo: [/proc/meminfo - SSI]	CommittedPercent: 0.332026 %
20220314 015647.949 INFO             PET0 PIOc_freedecomp Exit - MemInfo: [/proc/self/status]	VmPeak:	  203988 kB
20220314 015647.949 INFO             PET0 PIOc_freedecomp Exit - MemInfo: [/proc/self/status]	VmSize:	  203988 kB
20220314 015647.949 INFO             PET0 PIOc_freedecomp Exit - MemInfo: [/proc/self/status]	VmLck:	       0 kB
20220314 015647.949 INFO             PET0 PIOc_freedecomp Exit - MemInfo: [/proc/self/status]	VmPin:	       0 kB
20220314 015647.949 INFO             PET0 PIOc_freedecomp Exit - MemInfo: [/proc/self/status]	VmHWM:	   40372 kB
20220314 015647.949 INFO             PET0 PIOc_freedecomp Exit - MemInfo: [/proc/self/status]	VmRSS:	   40332 kB
20220314 015647.949 INFO             PET0 PIOc_freedecomp Exit - MemInfo: [/proc/self/status]	VmData:	   17392 kB
20220314 015647.949 INFO             PET0 PIOc_freedecomp Exit - MemInfo: [/proc/self/status]	VmStk:	     156 kB
20220314 015647.949 INFO             PET0 PIOc_freedecomp Exit - MemInfo: [/proc/self/status]	VmExe:	     484 kB
20220314 015647.949 INFO             PET0 PIOc_freedecomp Exit - MemInfo: [/proc/self/status]	VmLib:	  103544 kB
20220314 015647.949 INFO             PET0 PIOc_freedecomp Exit - MemInfo: [/proc/self/status]	VmPTE:	     396 kB
20220314 015647.949 INFO             PET0 PIOc_freedecomp Exit - MemInfo: [/proc/self/status]	VmSwap:	       0 kB
20220314 015647.949 INFO             PET0 PIOc_freedecomp Exit - MemInfo: [/proc/self/status]	VmRSSPercent: 0.00765201 %
20220314 015647.949 INFO             PET0 PIOc_freedecomp Exit - MemInfo: [malloc] Non-mmapped space allocated:                10010624 Byte
20220314 015647.949 INFO             PET0 PIOc_freedecomp Exit - MemInfo: [malloc] Space allocated in mmapped regions:          3629056 Byte
20220314 015647.949 INFO             PET0 PIOc_freedecomp Exit - MemInfo: [malloc] Maximum total allocated space:                     0 Byte
20220314 015647.949 INFO             PET0 PIOc_freedecomp Exit - MemInfo: [malloc] Space in freed fastbin blocks:                   656 Byte
20220314 015647.949 INFO             PET0 PIOc_freedecomp Exit - MemInfo: [malloc] Total allocated space:                        971136 Byte
20220314 015647.949 INFO             PET0 PIOc_freedecomp Exit - MemInfo: [malloc] Total free space:                            9039488 Byte
20220314 015647.949 INFO             PET0 PIOc_freedecomp Exit - MemInfo: [malloc] Top-most, releasable space:                    60672 Byte
20220314 015647.949 INFO             PET0 PIOc_freedecomp Exit - MemInfo: [malloc] Total space in use, mmap + non-mmap:         4600192 Byte
20220314 015647.949 INFO             PET0 PIOc_freedecomp Exit - MemInfo: [malloc] Total space held (mmap + non-mmap):         13639680 Byte
20220314 015647.949 INFO             PET0 PIOc_freedecomp Exit - MemInfo: [malloc] Total space used (mmap + non-mmap):          4608400 Byte
20220314 015647.949 INFO             PET0 PIOc_freedecomp Exit - MemInfo: Wall-clock time since execution start:              0.0272559 seconds
20220314 015647.949 INFO             PET0  PASS  Write ESMF_Array with Halo to NetCDF variable copy Test, ESMF_ArrayIOUTest.F90, line 442
20220314 015647.949 INFO             PET0  PASS  Destroy Array with Halo, ESMF_ArrayIOUTest.F90, line 453
20220314 015647.949 INFO             PET0  PASS  Destroy Array without Halo, ESMF_ArrayIOUTest.F90, line 460
20220314 015647.949 INFO             PET0  PASS  Destroy DistGrid, ESMF_ArrayIOUTest.F90, line 467
20220314 015647.949 INFO             PET0  PASS  dstDistgrid Create Test, ESMF_ArrayIOUTest.F90, line 485
20220314 015647.949 INFO             PET0  PASS  Array Spec Set Test, ESMF_ArrayIOUTest.F90, line 493
20220314 015647.949 INFO             PET0  PASS  Array with Halo Create Test, ESMF_ArrayIOUTest.F90, line 507
20220314 015647.949 INFO             PET0  PASS  Array without Halo Create Test, ESMF_ArrayIOUTest.F90, line 517
20220314 015647.951 INFO             PET0 PIOc_sync Enter - MemInfo: [/proc/meminfo - SSI]	MemTotal:       527077124 kB
20220314 015647.951 INFO             PET0 PIOc_sync Enter - MemInfo: [/proc/meminfo - SSI]	MemFree:        517307292 kB
20220314 015647.951 INFO             PET0 PIOc_sync Enter - MemInfo: [/proc/meminfo - SSI]	MemAvailable:   517688504 kB
20220314 015647.951 INFO             PET0 PIOc_sync Enter - MemInfo: [/proc/meminfo - SSI]	Committed_AS:    1750032 kB
20220314 015647.951 INFO             PET0 PIOc_sync Enter - MemInfo: [/proc/meminfo - SSI]	CommittedPercent: 0.332026 %
20220314 015647.951 INFO             PET0 PIOc_sync Enter - MemInfo: [/proc/self/status]	VmPeak:	  203988 kB
20220314 015647.951 INFO             PET0 PIOc_sync Enter - MemInfo: [/proc/self/status]	VmSize:	  203988 kB
20220314 015647.951 INFO             PET0 PIOc_sync Enter - MemInfo: [/proc/self/status]	VmLck:	       0 kB
20220314 015647.951 INFO             PET0 PIOc_sync Enter - MemInfo: [/proc/self/status]	VmPin:	       0 kB
20220314 015647.951 INFO             PET0 PIOc_sync Enter - MemInfo: [/proc/self/status]	VmHWM:	   40452 kB
20220314 015647.951 INFO             PET0 PIOc_sync Enter - MemInfo: [/proc/self/status]	VmRSS:	   40412 kB
20220314 015647.951 INFO             PET0 PIOc_sync Enter - MemInfo: [/proc/self/status]	VmData:	   17392 kB
20220314 015647.951 INFO             PET0 PIOc_sync Enter - MemInfo: [/proc/self/status]	VmStk:	     156 kB
20220314 015647.951 INFO             PET0 PIOc_sync Enter - MemInfo: [/proc/self/status]	VmExe:	     484 kB
20220314 015647.951 INFO             PET0 PIOc_sync Enter - MemInfo: [/proc/self/status]	VmLib:	  103544 kB
20220314 015647.951 INFO             PET0 PIOc_sync Enter - MemInfo: [/proc/self/status]	VmPTE:	     396 kB
20220314 015647.951 INFO             PET0 PIOc_sync Enter - MemInfo: [/proc/self/status]	VmSwap:	       0 kB
20220314 015647.951 INFO             PET0 PIOc_sync Enter - MemInfo: [/proc/self/status]	VmRSSPercent: 0.00766719 %
20220314 015647.951 INFO             PET0 PIOc_sync Enter - MemInfo: [malloc] Non-mmapped space allocated:                10010624 Byte
20220314 015647.951 INFO             PET0 PIOc_sync Enter - MemInfo: [malloc] Space allocated in mmapped regions:          3629056 Byte
20220314 015647.951 INFO             PET0 PIOc_sync Enter - MemInfo: [malloc] Maximum total allocated space:                     0 Byte
20220314 015647.951 INFO             PET0 PIOc_sync Enter - MemInfo: [malloc] Space in freed fastbin blocks:                     0 Byte
20220314 015647.951 INFO             PET0 PIOc_sync Enter - MemInfo: [malloc] Total allocated space:                       9904080 Byte
20220314 015647.951 INFO             PET0 PIOc_sync Enter - MemInfo: [malloc] Total free space:                             106544 Byte
20220314 015647.951 INFO             PET0 PIOc_sync Enter - MemInfo: [malloc] Top-most, releasable space:                    61440 Byte
20220314 015647.951 INFO             PET0 PIOc_sync Enter - MemInfo: [malloc] Total space in use, mmap + non-mmap:        13533136 Byte
20220314 015647.951 INFO             PET0 PIOc_sync Enter - MemInfo: [malloc] Total space held (mmap + non-mmap):         13639680 Byte
20220314 015647.951 INFO             PET0 PIOc_sync Enter - MemInfo: [malloc] Total space used (mmap + non-mmap):         13541872 Byte
20220314 015647.951 INFO             PET0 PIOc_sync Enter - MemInfo: Wall-clock time since execution start:              0.0296451 seconds
20220314 015647.951 INFO             PET0 PIOc_sync Exit - MemInfo: [/proc/meminfo - SSI]	MemTotal:       527077124 kB
20220314 015647.951 INFO             PET0 PIOc_sync Exit - MemInfo: [/proc/meminfo - SSI]	MemFree:        517307292 kB
20220314 015647.951 INFO             PET0 PIOc_sync Exit - MemInfo: [/proc/meminfo - SSI]	MemAvailable:   517688504 kB
20220314 015647.951 INFO             PET0 PIOc_sync Exit - MemInfo: [/proc/meminfo - SSI]	Committed_AS:    1750032 kB
20220314 015647.952 INFO             PET0 PIOc_sync Exit - MemInfo: [/proc/meminfo - SSI]	CommittedPercent: 0.332026 %
20220314 015647.952 INFO             PET0 PIOc_sync Exit - MemInfo: [/proc/self/status]	VmPeak:	  203988 kB
20220314 015647.952 INFO             PET0 PIOc_sync Exit - MemInfo: [/proc/self/status]	VmSize:	  203988 kB
20220314 015647.952 INFO             PET0 PIOc_sync Exit - MemInfo: [/proc/self/status]	VmLck:	       0 kB
20220314 015647.952 INFO             PET0 PIOc_sync Exit - MemInfo: [/proc/self/status]	VmPin:	       0 kB
20220314 015647.952 INFO             PET0 PIOc_sync Exit - MemInfo: [/proc/self/status]	VmHWM:	   40452 kB
20220314 015647.952 INFO             PET0 PIOc_sync Exit - MemInfo: [/proc/self/status]	VmRSS:	   40412 kB
20220314 015647.952 INFO             PET0 PIOc_sync Exit - MemInfo: [/proc/self/status]	VmData:	   17392 kB
20220314 015647.952 INFO             PET0 PIOc_sync Exit - MemInfo: [/proc/self/status]	VmStk:	     156 kB
20220314 015647.952 INFO             PET0 PIOc_sync Exit - MemInfo: [/proc/self/status]	VmExe:	     484 kB
20220314 015647.952 INFO             PET0 PIOc_sync Exit - MemInfo: [/proc/self/status]	VmLib:	  103544 kB
20220314 015647.952 INFO             PET0 PIOc_sync Exit - MemInfo: [/proc/self/status]	VmPTE:	     396 kB
20220314 015647.952 INFO             PET0 PIOc_sync Exit - MemInfo: [/proc/self/status]	VmSwap:	       0 kB
20220314 015647.952 INFO             PET0 PIOc_sync Exit - MemInfo: [/proc/self/status]	VmRSSPercent: 0.00766719 %
20220314 015647.952 INFO             PET0 PIOc_sync Exit - MemInfo: [malloc] Non-mmapped space allocated:                10010624 Byte
20220314 015647.952 INFO             PET0 PIOc_sync Exit - MemInfo: [malloc] Space allocated in mmapped regions:          3629056 Byte
20220314 015647.952 INFO             PET0 PIOc_sync Exit - MemInfo: [malloc] Maximum total allocated space:                     0 Byte
20220314 015647.952 INFO             PET0 PIOc_sync Exit - MemInfo: [malloc] Space in freed fastbin blocks:                    48 Byte
20220314 015647.952 INFO             PET0 PIOc_sync Exit - MemInfo: [malloc] Total allocated space:                       9905824 Byte
20220314 015647.952 INFO             PET0 PIOc_sync Exit - MemInfo: [malloc] Total free space:                             104800 Byte
20220314 015647.952 INFO             PET0 PIOc_sync Exit - MemInfo: [malloc] Top-most, releasable space:                    61440 Byte
20220314 015647.952 INFO             PET0 PIOc_sync Exit - MemInfo: [malloc] Total space in use, mmap + non-mmap:        13534880 Byte
20220314 015647.952 INFO             PET0 PIOc_sync Exit - MemInfo: [malloc] Total space held (mmap + non-mmap):         13639680 Byte
20220314 015647.952 INFO             PET0 PIOc_sync Exit - MemInfo: [malloc] Total space used (mmap + non-mmap):         13543088 Byte
20220314 015647.952 INFO             PET0 PIOc_sync Exit - MemInfo: Wall-clock time since execution start:              0.0299303 seconds
20220314 015647.952 INFO             PET0 PIOc_freedecomp Enter - MemInfo: [/proc/meminfo - SSI]	MemTotal:       527077124 kB
20220314 015647.952 INFO             PET0 PIOc_freedecomp Enter - MemInfo: [/proc/meminfo - SSI]	MemFree:        517307292 kB
20220314 015647.952 INFO             PET0 PIOc_freedecomp Enter - MemInfo: [/proc/meminfo - SSI]	MemAvailable:   517688504 kB
20220314 015647.952 INFO             PET0 PIOc_freedecomp Enter - MemInfo: [/proc/meminfo - SSI]	Committed_AS:    1750032 kB
20220314 015647.952 INFO             PET0 PIOc_freedecomp Enter - MemInfo: [/proc/meminfo - SSI]	CommittedPercent: 0.332026 %
20220314 015647.952 INFO             PET0 PIOc_freedecomp Enter - MemInfo: [/proc/self/status]	VmPeak:	  203988 kB
20220314 015647.952 INFO             PET0 PIOc_freedecomp Enter - MemInfo: [/proc/self/status]	VmSize:	  203988 kB
20220314 015647.952 INFO             PET0 PIOc_freedecomp Enter - MemInfo: [/proc/self/status]	VmLck:	       0 kB
20220314 015647.952 INFO             PET0 PIOc_freedecomp Enter - MemInfo: [/proc/self/status]	VmPin:	       0 kB
20220314 015647.952 INFO             PET0 PIOc_freedecomp Enter - MemInfo: [/proc/self/status]	VmHWM:	   40452 kB
20220314 015647.952 INFO             PET0 PIOc_freedecomp Enter - MemInfo: [/proc/self/status]	VmRSS:	   40412 kB
20220314 015647.952 INFO             PET0 PIOc_freedecomp Enter - MemInfo: [/proc/self/status]	VmData:	   17392 kB
20220314 015647.952 INFO             PET0 PIOc_freedecomp Enter - MemInfo: [/proc/self/status]	VmStk:	     156 kB
20220314 015647.952 INFO             PET0 PIOc_freedecomp Enter - MemInfo: [/proc/self/status]	VmExe:	     484 kB
20220314 015647.952 INFO             PET0 PIOc_freedecomp Enter - MemInfo: [/proc/self/status]	VmLib:	  103544 kB
20220314 015647.952 INFO             PET0 PIOc_freedecomp Enter - MemInfo: [/proc/self/status]	VmPTE:	     396 kB
20220314 015647.952 INFO             PET0 PIOc_freedecomp Enter - MemInfo: [/proc/self/status]	VmSwap:	       0 kB
20220314 015647.952 INFO             PET0 PIOc_freedecomp Enter - MemInfo: [/proc/self/status]	VmRSSPercent: 0.00766719 %
20220314 015647.952 INFO             PET0 PIOc_freedecomp Enter - MemInfo: [malloc] Non-mmapped space allocated:                10010624 Byte
20220314 015647.952 INFO             PET0 PIOc_freedecomp Enter - MemInfo: [malloc] Space allocated in mmapped regions:          3629056 Byte
20220314 015647.952 INFO             PET0 PIOc_freedecomp Enter - MemInfo: [malloc] Maximum total allocated space:                     0 Byte
20220314 015647.952 INFO             PET0 PIOc_freedecomp Enter - MemInfo: [malloc] Space in freed fastbin blocks:                   192 Byte
20220314 015647.952 INFO             PET0 PIOc_freedecomp Enter - MemInfo: [malloc] Total allocated space:                        981680 Byte
20220314 015647.952 INFO             PET0 PIOc_freedecomp Enter - MemInfo: [malloc] Total free space:                            9028944 Byte
20220314 015647.952 INFO             PET0 PIOc_freedecomp Enter - MemInfo: [malloc] Top-most, releasable space:                    61440 Byte
20220314 015647.952 INFO             PET0 PIOc_freedecomp Enter - MemInfo: [malloc] Total space in use, mmap + non-mmap:         4610736 Byte
20220314 015647.952 INFO             PET0 PIOc_freedecomp Enter - MemInfo: [malloc] Total space held (mmap + non-mmap):         13639680 Byte
20220314 015647.952 INFO             PET0 PIOc_freedecomp Enter - MemInfo: [malloc] Total space used (mmap + non-mmap):          4618944 Byte
20220314 015647.952 INFO             PET0 PIOc_freedecomp Enter - MemInfo: Wall-clock time since execution start:              0.0302694 seconds
20220314 015647.952 INFO             PET0 PIOc_freedecomp Exit - MemInfo: [/proc/meminfo - SSI]	MemTotal:       527077124 kB
20220314 015647.952 INFO             PET0 PIOc_freedecomp Exit - MemInfo: [/proc/meminfo - SSI]	MemFree:        517307292 kB
20220314 015647.952 INFO             PET0 PIOc_freedecomp Exit - MemInfo: [/proc/meminfo - SSI]	MemAvailable:   517688504 kB
20220314 015647.952 INFO             PET0 PIOc_freedecomp Exit - MemInfo: [/proc/meminfo - SSI]	Committed_AS:    1750032 kB
20220314 015647.952 INFO             PET0 PIOc_freedecomp Exit - MemInfo: [/proc/meminfo - SSI]	CommittedPercent: 0.332026 %
20220314 015647.952 INFO             PET0 PIOc_freedecomp Exit - MemInfo: [/proc/self/status]	VmPeak:	  203988 kB
20220314 015647.952 INFO             PET0 PIOc_freedecomp Exit - MemInfo: [/proc/self/status]	VmSize:	  203988 kB
20220314 015647.952 INFO             PET0 PIOc_freedecomp Exit - MemInfo: [/proc/self/status]	VmLck:	       0 kB
20220314 015647.952 INFO             PET0 PIOc_freedecomp Exit - MemInfo: [/proc/self/status]	VmPin:	       0 kB
20220314 015647.952 INFO             PET0 PIOc_freedecomp Exit - MemInfo: [/proc/self/status]	VmHWM:	   40452 kB
20220314 015647.952 INFO             PET0 PIOc_freedecomp Exit - MemInfo: [/proc/self/status]	VmRSS:	   40412 kB
20220314 015647.952 INFO             PET0 PIOc_freedecomp Exit - MemInfo: [/proc/self/status]	VmData:	   17392 kB
20220314 015647.952 INFO             PET0 PIOc_freedecomp Exit - MemInfo: [/proc/self/status]	VmStk:	     156 kB
20220314 015647.952 INFO             PET0 PIOc_freedecomp Exit - MemInfo: [/proc/self/status]	VmExe:	     484 kB
20220314 015647.952 INFO             PET0 PIOc_freedecomp Exit - MemInfo: [/proc/self/status]	VmLib:	  103544 kB
20220314 015647.952 INFO             PET0 PIOc_freedecomp Exit - MemInfo: [/proc/self/status]	VmPTE:	     396 kB
20220314 015647.952 INFO             PET0 PIOc_freedecomp Exit - MemInfo: [/proc/self/status]	VmSwap:	       0 kB
20220314 015647.952 INFO             PET0 PIOc_freedecomp Exit - MemInfo: [/proc/self/status]	VmRSSPercent: 0.00766719 %
20220314 015647.952 INFO             PET0 PIOc_freedecomp Exit - MemInfo: [malloc] Non-mmapped space allocated:                10010624 Byte
20220314 015647.952 INFO             PET0 PIOc_freedecomp Exit - MemInfo: [malloc] Space allocated in mmapped regions:          3629056 Byte
20220314 015647.952 INFO             PET0 PIOc_freedecomp Exit - MemInfo: [malloc] Maximum total allocated space:                     0 Byte
20220314 015647.952 INFO             PET0 PIOc_freedecomp Exit - MemInfo: [malloc] Space in freed fastbin blocks:                   560 Byte
20220314 015647.952 INFO             PET0 PIOc_freedecomp Exit - MemInfo: [malloc] Total allocated space:                        980832 Byte
20220314 015647.952 INFO             PET0 PIOc_freedecomp Exit - MemInfo: [malloc] Total free space:                            9029792 Byte
20220314 015647.952 INFO             PET0 PIOc_freedecomp Exit - MemInfo: [malloc] Top-most, releasable space:                    61440 Byte
20220314 015647.952 INFO             PET0 PIOc_freedecomp Exit - MemInfo: [malloc] Total space in use, mmap + non-mmap:         4609888 Byte
20220314 015647.952 INFO             PET0 PIOc_freedecomp Exit - MemInfo: [malloc] Total space held (mmap + non-mmap):         13639680 Byte
20220314 015647.952 INFO             PET0 PIOc_freedecomp Exit - MemInfo: [malloc] Total space used (mmap + non-mmap):          4618096 Byte
20220314 015647.952 INFO             PET0 PIOc_freedecomp Exit - MemInfo: Wall-clock time since execution start:              0.0304554 seconds
20220314 015647.952 INFO             PET0  PASS  Write 2D ESMF_Array with Halo to NetCDF Test, ESMF_ArrayIOUTest.F90, line 547
20220314 015647.953 WARNING          PET0 ESMCI_PIO_Handler.C:1343 ESMCI::PIO_Handler::open()  Unable to set fill on file: file2D_withhalo.nc, (PIO/NetCDF error = NetCDF: Write to read only)
20220314 015647.954 INFO             PET0 PIOc_sync Enter - MemInfo: [/proc/meminfo - SSI]	MemTotal:       527077124 kB
20220314 015647.954 INFO             PET0 PIOc_sync Enter - MemInfo: [/proc/meminfo - SSI]	MemFree:        517306788 kB
20220314 015647.954 INFO             PET0 PIOc_sync Enter - MemInfo: [/proc/meminfo - SSI]	MemAvailable:   517688000 kB
20220314 015647.954 INFO             PET0 PIOc_sync Enter - MemInfo: [/proc/meminfo - SSI]	Committed_AS:    1750032 kB
20220314 015647.954 INFO             PET0 PIOc_sync Enter - MemInfo: [/proc/meminfo - SSI]	CommittedPercent: 0.332026 %
20220314 015647.954 INFO             PET0 PIOc_sync Enter - MemInfo: [/proc/self/status]	VmPeak:	  203988 kB
20220314 015647.954 INFO             PET0 PIOc_sync Enter - MemInfo: [/proc/self/status]	VmSize:	  203988 kB
20220314 015647.954 INFO             PET0 PIOc_sync Enter - MemInfo: [/proc/self/status]	VmLck:	       0 kB
20220314 015647.954 INFO             PET0 PIOc_sync Enter - MemInfo: [/proc/self/status]	VmPin:	       0 kB
20220314 015647.954 INFO             PET0 PIOc_sync Enter - MemInfo: [/proc/self/status]	VmHWM:	   40732 kB
20220314 015647.954 INFO             PET0 PIOc_sync Enter - MemInfo: [/proc/self/status]	VmRSS:	   40692 kB
20220314 015647.954 INFO             PET0 PIOc_sync Enter - MemInfo: [/proc/self/status]	VmData:	   17392 kB
20220314 015647.954 INFO             PET0 PIOc_sync Enter - MemInfo: [/proc/self/status]	VmStk:	     156 kB
20220314 015647.954 INFO             PET0 PIOc_sync Enter - MemInfo: [/proc/self/status]	VmExe:	     484 kB
20220314 015647.954 INFO             PET0 PIOc_sync Enter - MemInfo: [/proc/self/status]	VmLib:	  103544 kB
20220314 015647.954 INFO             PET0 PIOc_sync Enter - MemInfo: [/proc/self/status]	VmPTE:	     396 kB
20220314 015647.954 INFO             PET0 PIOc_sync Enter - MemInfo: [/proc/self/status]	VmSwap:	       0 kB
20220314 015647.954 INFO             PET0 PIOc_sync Enter - MemInfo: [/proc/self/status]	VmRSSPercent: 0.00772031 %
20220314 015647.954 INFO             PET0 PIOc_sync Enter - MemInfo: [malloc] Non-mmapped space allocated:                10010624 Byte
20220314 015647.954 INFO             PET0 PIOc_sync Enter - MemInfo: [malloc] Space allocated in mmapped regions:          3629056 Byte
20220314 015647.954 INFO             PET0 PIOc_sync Enter - MemInfo: [malloc] Maximum total allocated space:                     0 Byte
20220314 015647.954 INFO             PET0 PIOc_sync Enter - MemInfo: [malloc] Space in freed fastbin blocks:                     0 Byte
20220314 015647.954 INFO             PET0 PIOc_sync Enter - MemInfo: [malloc] Total allocated space:                       9906560 Byte
20220314 015647.954 INFO             PET0 PIOc_sync Enter - MemInfo: [malloc] Total free space:                             104064 Byte
20220314 015647.954 INFO             PET0 PIOc_sync Enter - MemInfo: [malloc] Top-most, releasable space:                    61440 Byte
20220314 015647.954 INFO             PET0 PIOc_sync Enter - MemInfo: [malloc] Total space in use, mmap + non-mmap:        13535616 Byte
20220314 015647.954 INFO             PET0 PIOc_sync Enter - MemInfo: [malloc] Total space held (mmap + non-mmap):         13639680 Byte
20220314 015647.954 INFO             PET0 PIOc_sync Enter - MemInfo: [malloc] Total space used (mmap + non-mmap):         13543824 Byte
20220314 015647.954 INFO             PET0 PIOc_sync Enter - MemInfo: Wall-clock time since execution start:               0.031999 seconds
20220314 015647.954 INFO             PET0 PIOc_sync Exit - MemInfo: [/proc/meminfo - SSI]	MemTotal:       527077124 kB
20220314 015647.954 INFO             PET0 PIOc_sync Exit - MemInfo: [/proc/meminfo - SSI]	MemFree:        517306788 kB
20220314 015647.954 INFO             PET0 PIOc_sync Exit - MemInfo: [/proc/meminfo - SSI]	MemAvailable:   517688000 kB
20220314 015647.954 INFO             PET0 PIOc_sync Exit - MemInfo: [/proc/meminfo - SSI]	Committed_AS:    1750032 kB
20220314 015647.954 INFO             PET0 PIOc_sync Exit - MemInfo: [/proc/meminfo - SSI]	CommittedPercent: 0.332026 %
20220314 015647.954 INFO             PET0 PIOc_sync Exit - MemInfo: [/proc/self/status]	VmPeak:	  203988 kB
20220314 015647.954 INFO             PET0 PIOc_sync Exit - MemInfo: [/proc/self/status]	VmSize:	  203988 kB
20220314 015647.954 INFO             PET0 PIOc_sync Exit - MemInfo: [/proc/self/status]	VmLck:	       0 kB
20220314 015647.954 INFO             PET0 PIOc_sync Exit - MemInfo: [/proc/self/status]	VmPin:	       0 kB
20220314 015647.954 INFO             PET0 PIOc_sync Exit - MemInfo: [/proc/self/status]	VmHWM:	   40732 kB
20220314 015647.954 INFO             PET0 PIOc_sync Exit - MemInfo: [/proc/self/status]	VmRSS:	   40692 kB
20220314 015647.954 INFO             PET0 PIOc_sync Exit - MemInfo: [/proc/self/status]	VmData:	   17392 kB
20220314 015647.954 INFO             PET0 PIOc_sync Exit - MemInfo: [/proc/self/status]	VmStk:	     156 kB
20220314 015647.954 INFO             PET0 PIOc_sync Exit - MemInfo: [/proc/self/status]	VmExe:	     484 kB
20220314 015647.954 INFO             PET0 PIOc_sync Exit - MemInfo: [/proc/self/status]	VmLib:	  103544 kB
20220314 015647.954 INFO             PET0 PIOc_sync Exit - MemInfo: [/proc/self/status]	VmPTE:	     396 kB
20220314 015647.954 INFO             PET0 PIOc_sync Exit - MemInfo: [/proc/self/status]	VmSwap:	       0 kB
