build time -- 2022-03-13 03:31:55
20220313 034151.811 INFO             PET0 !!!!!!!!!!!!!!!!!!!!!!!!!!!!!!!!!!!!!!!!!!!!!!!!!!!!!!
20220313 034151.811 INFO             PET0 !!! THE ESMF_LOG IS SET TO OUTPUT ALL LOG MESSAGES !!!
20220313 034151.811 INFO             PET0 !!!     THIS MAY CAUSE SLOWDOWN IN PERFORMANCE     !!!
20220313 034151.811 INFO             PET0 !!! FOR PRODUCTION RUNS, USE:                      !!!
20220313 034151.811 INFO             PET0 !!!                   ESMF_LOGKIND_Multi_On_Error  !!!
20220313 034151.811 INFO             PET0 !!!!!!!!!!!!!!!!!!!!!!!!!!!!!!!!!!!!!!!!!!!!!!!!!!!!!!
20220313 034151.811 INFO             PET0 Running with ESMF Version   : v8.3.0b09-96-g559b459836
20220313 034151.811 INFO             PET0 ESMF library build date/time: "Mar 13 2022" "03:30:54"
20220313 034151.811 INFO             PET0 ESMF library build location : /lfs/h1/emc/ptmp/Mark.Potts/gfortran_10.3.0_mpich3_g_jedwards_pio_update2
20220313 034151.811 INFO             PET0 ESMF_COMM                   : mpich3
20220313 034151.812 INFO             PET0 ESMF_MOAB                   : enabled
20220313 034151.812 INFO             PET0 ESMF_LAPACK                 : enabled
20220313 034151.812 INFO             PET0 ESMF_NETCDF                 : enabled
20220313 034151.812 INFO             PET0 ESMF_PNETCDF                : disabled
20220313 034151.812 INFO             PET0 ESMF_PIO                    : enabled
20220313 034151.812 INFO             PET0 ESMF_YAMLCPP                : enabled
20220313 034151.812 INFO             PET0  Beginning Test, file ESMF_FieldIOUTest.F90, line 123
20220313 034151.812 INFO             PET0  NUMBER_OF_PROCESSORS           4
20220313 034151.812 INFO             PET0  PASS  Array Spec Set, ESMF_FieldIOUTest.F90, line 146
20220313 034151.813 INFO             PET0  PASS  Creating a Grid to use in Field Tests, ESMF_FieldIOUTest.F90, line 157
20220313 034151.814 INFO             PET0  PASS  Create a field from grid and fortran dummy array, ESMF_FieldIOUTest.F90, line 179
20220313 034151.814 INFO             PET0  PASS  Get Farray_w from field, ESMF_FieldIOUTest.F90, line 190
20220313 034151.818 INFO             PET0 PIOc_sync Enter - MemInfo: [/proc/meminfo - SSI]	MemTotal:       527077124 kB
20220313 034151.818 INFO             PET0 PIOc_sync Enter - MemInfo: [/proc/meminfo - SSI]	MemFree:        517381780 kB
20220313 034151.818 INFO             PET0 PIOc_sync Enter - MemInfo: [/proc/meminfo - SSI]	MemAvailable:   517823792 kB
20220313 034151.818 INFO             PET0 PIOc_sync Enter - MemInfo: [/proc/meminfo - SSI]	Committed_AS:    1622276 kB
20220313 034151.818 INFO             PET0 PIOc_sync Enter - MemInfo: [/proc/meminfo - SSI]	CommittedPercent: 0.307787 %
20220313 034151.818 INFO             PET0 PIOc_sync Enter - MemInfo: [/proc/self/status]	VmPeak:	  194768 kB
20220313 034151.818 INFO             PET0 PIOc_sync Enter - MemInfo: [/proc/self/status]	VmSize:	  194768 kB
20220313 034151.818 INFO             PET0 PIOc_sync Enter - MemInfo: [/proc/self/status]	VmLck:	       0 kB
20220313 034151.818 INFO             PET0 PIOc_sync Enter - MemInfo: [/proc/self/status]	VmPin:	       0 kB
20220313 034151.818 INFO             PET0 PIOc_sync Enter - MemInfo: [/proc/self/status]	VmHWM:	   38508 kB
20220313 034151.818 INFO             PET0 PIOc_sync Enter - MemInfo: [/proc/self/status]	VmRSS:	   38508 kB
20220313 034151.818 INFO             PET0 PIOc_sync Enter - MemInfo: [/proc/self/status]	VmData:	   17000 kB
20220313 034151.818 INFO             PET0 PIOc_sync Enter - MemInfo: [/proc/self/status]	VmStk:	     156 kB
20220313 034151.818 INFO             PET0 PIOc_sync Enter - MemInfo: [/proc/self/status]	VmExe:	     432 kB
20220313 034151.818 INFO             PET0 PIOc_sync Enter - MemInfo: [/proc/self/status]	VmLib:	  103544 kB
20220313 034151.818 INFO             PET0 PIOc_sync Enter - MemInfo: [/proc/self/status]	VmPTE:	     380 kB
20220313 034151.818 INFO             PET0 PIOc_sync Enter - MemInfo: [/proc/self/status]	VmSwap:	       0 kB
20220313 034151.818 INFO             PET0 PIOc_sync Enter - MemInfo: [/proc/self/status]	VmRSSPercent: 0.00730595 %
20220313 034151.818 INFO             PET0 PIOc_sync Enter - MemInfo: [malloc] Non-mmapped space allocated:                  974848 Byte
20220313 034151.818 INFO             PET0 PIOc_sync Enter - MemInfo: [malloc] Space allocated in mmapped regions:         12259328 Byte
20220313 034151.818 INFO             PET0 PIOc_sync Enter - MemInfo: [malloc] Maximum total allocated space:                     0 Byte
20220313 034151.818 INFO             PET0 PIOc_sync Enter - MemInfo: [malloc] Space in freed fastbin blocks:                     0 Byte
20220313 034151.818 INFO             PET0 PIOc_sync Enter - MemInfo: [malloc] Total allocated space:                        852320 Byte
20220313 034151.818 INFO             PET0 PIOc_sync Enter - MemInfo: [malloc] Total free space:                             122528 Byte
20220313 034151.818 INFO             PET0 PIOc_sync Enter - MemInfo: [malloc] Top-most, releasable space:                   122416 Byte
20220313 034151.818 INFO             PET0 PIOc_sync Enter - MemInfo: [malloc] Total space in use, mmap + non-mmap:        13111648 Byte
20220313 034151.818 INFO             PET0 PIOc_sync Enter - MemInfo: [malloc] Total space held (mmap + non-mmap):         13234176 Byte
20220313 034151.818 INFO             PET0 PIOc_sync Enter - MemInfo: [malloc] Total space used (mmap + non-mmap):         13120944 Byte
20220313 034151.818 INFO             PET0 PIOc_sync Enter - MemInfo: Wall-clock time since execution start:             0.00875759 seconds
20220313 034151.819 INFO             PET0 PIOc_sync Exit - MemInfo: [/proc/meminfo - SSI]	MemTotal:       527077124 kB
20220313 034151.819 INFO             PET0 PIOc_sync Exit - MemInfo: [/proc/meminfo - SSI]	MemFree:        517381780 kB
20220313 034151.819 INFO             PET0 PIOc_sync Exit - MemInfo: [/proc/meminfo - SSI]	MemAvailable:   517823792 kB
20220313 034151.819 INFO             PET0 PIOc_sync Exit - MemInfo: [/proc/meminfo - SSI]	Committed_AS:    1622560 kB
20220313 034151.819 INFO             PET0 PIOc_sync Exit - MemInfo: [/proc/meminfo - SSI]	CommittedPercent: 0.307841 %
20220313 034151.819 INFO             PET0 PIOc_sync Exit - MemInfo: [/proc/self/status]	VmPeak:	  195052 kB
20220313 034151.819 INFO             PET0 PIOc_sync Exit - MemInfo: [/proc/self/status]	VmSize:	  195052 kB
20220313 034151.819 INFO             PET0 PIOc_sync Exit - MemInfo: [/proc/self/status]	VmLck:	       0 kB
20220313 034151.819 INFO             PET0 PIOc_sync Exit - MemInfo: [/proc/self/status]	VmPin:	       0 kB
20220313 034151.819 INFO             PET0 PIOc_sync Exit - MemInfo: [/proc/self/status]	VmHWM:	   39248 kB
20220313 034151.819 INFO             PET0 PIOc_sync Exit - MemInfo: [/proc/self/status]	VmRSS:	   39248 kB
20220313 034151.819 INFO             PET0 PIOc_sync Exit - MemInfo: [/proc/self/status]	VmData:	   17284 kB
20220313 034151.819 INFO             PET0 PIOc_sync Exit - MemInfo: [/proc/self/status]	VmStk:	     156 kB
20220313 034151.819 INFO             PET0 PIOc_sync Exit - MemInfo: [/proc/self/status]	VmExe:	     432 kB
20220313 034151.819 INFO             PET0 PIOc_sync Exit - MemInfo: [/proc/self/status]	VmLib:	  103544 kB
20220313 034151.819 INFO             PET0 PIOc_sync Exit - MemInfo: [/proc/self/status]	VmPTE:	     384 kB
20220313 034151.819 INFO             PET0 PIOc_sync Exit - MemInfo: [/proc/self/status]	VmSwap:	       0 kB
20220313 034151.819 INFO             PET0 PIOc_sync Exit - MemInfo: [/proc/self/status]	VmRSSPercent: 0.00744635 %
20220313 034151.819 INFO             PET0 PIOc_sync Exit - MemInfo: [malloc] Non-mmapped space allocated:                  974848 Byte
20220313 034151.819 INFO             PET0 PIOc_sync Exit - MemInfo: [malloc] Space allocated in mmapped regions:         12550144 Byte
20220313 034151.819 INFO             PET0 PIOc_sync Exit - MemInfo: [malloc] Maximum total allocated space:                     0 Byte
20220313 034151.819 INFO             PET0 PIOc_sync Exit - MemInfo: [malloc] Space in freed fastbin blocks:                     0 Byte
20220313 034151.819 INFO             PET0 PIOc_sync Exit - MemInfo: [malloc] Total allocated space:                        922272 Byte
20220313 034151.819 INFO             PET0 PIOc_sync Exit - MemInfo: [malloc] Total free space:                              52576 Byte
20220313 034151.819 INFO             PET0 PIOc_sync Exit - MemInfo: [malloc] Top-most, releasable space:                    51312 Byte
20220313 034151.819 INFO             PET0 PIOc_sync Exit - MemInfo: [malloc] Total space in use, mmap + non-mmap:        13472416 Byte
20220313 034151.819 INFO             PET0 PIOc_sync Exit - MemInfo: [malloc] Total space held (mmap + non-mmap):         13524992 Byte
20220313 034151.819 INFO             PET0 PIOc_sync Exit - MemInfo: [malloc] Total space used (mmap + non-mmap):         13480624 Byte
20220313 034151.819 INFO             PET0 PIOc_sync Exit - MemInfo: Wall-clock time since execution start:             0.00916562 seconds
20220313 034151.819 INFO             PET0 PIOc_freedecomp Enter - MemInfo: [/proc/meminfo - SSI]	MemTotal:       527077124 kB
20220313 034151.819 INFO             PET0 PIOc_freedecomp Enter - MemInfo: [/proc/meminfo - SSI]	MemFree:        517388428 kB
20220313 034151.819 INFO             PET0 PIOc_freedecomp Enter - MemInfo: [/proc/meminfo - SSI]	MemAvailable:   517830440 kB
20220313 034151.819 INFO             PET0 PIOc_freedecomp Enter - MemInfo: [/proc/meminfo - SSI]	Committed_AS:    1613848 kB
20220313 034151.819 INFO             PET0 PIOc_freedecomp Enter - MemInfo: [/proc/meminfo - SSI]	CommittedPercent: 0.306188 %
20220313 034151.819 INFO             PET0 PIOc_freedecomp Enter - MemInfo: [/proc/self/status]	VmPeak:	  195052 kB
20220313 034151.819 INFO             PET0 PIOc_freedecomp Enter - MemInfo: [/proc/self/status]	VmSize:	  186340 kB
20220313 034151.819 INFO             PET0 PIOc_freedecomp Enter - MemInfo: [/proc/self/status]	VmLck:	       0 kB
20220313 034151.819 INFO             PET0 PIOc_freedecomp Enter - MemInfo: [/proc/self/status]	VmPin:	       0 kB
20220313 034151.819 INFO             PET0 PIOc_freedecomp Enter - MemInfo: [/proc/self/status]	VmHWM:	   39248 kB
20220313 034151.819 INFO             PET0 PIOc_freedecomp Enter - MemInfo: [/proc/self/status]	VmRSS:	   31276 kB
20220313 034151.819 INFO             PET0 PIOc_freedecomp Enter - MemInfo: [/proc/self/status]	VmData:	    8572 kB
20220313 034151.819 INFO             PET0 PIOc_freedecomp Enter - MemInfo: [/proc/self/status]	VmStk:	     156 kB
20220313 034151.819 INFO             PET0 PIOc_freedecomp Enter - MemInfo: [/proc/self/status]	VmExe:	     432 kB
20220313 034151.819 INFO             PET0 PIOc_freedecomp Enter - MemInfo: [/proc/self/status]	VmLib:	  103544 kB
20220313 034151.819 INFO             PET0 PIOc_freedecomp Enter - MemInfo: [/proc/self/status]	VmPTE:	     372 kB
20220313 034151.819 INFO             PET0 PIOc_freedecomp Enter - MemInfo: [/proc/self/status]	VmSwap:	       0 kB
20220313 034151.819 INFO             PET0 PIOc_freedecomp Enter - MemInfo: [/proc/self/status]	VmRSSPercent: 0.00593386 %
20220313 034151.819 INFO             PET0 PIOc_freedecomp Enter - MemInfo: [malloc] Non-mmapped space allocated:                  974848 Byte
20220313 034151.819 INFO             PET0 PIOc_freedecomp Enter - MemInfo: [malloc] Space allocated in mmapped regions:          3629056 Byte
20220313 034151.819 INFO             PET0 PIOc_freedecomp Enter - MemInfo: [malloc] Maximum total allocated space:                     0 Byte
20220313 034151.819 INFO             PET0 PIOc_freedecomp Enter - MemInfo: [malloc] Space in freed fastbin blocks:                   512 Byte
20220313 034151.819 INFO             PET0 PIOc_freedecomp Enter - MemInfo: [malloc] Total allocated space:                        911488 Byte
20220313 034151.819 INFO             PET0 PIOc_freedecomp Enter - MemInfo: [malloc] Total free space:                              63360 Byte
20220313 034151.819 INFO             PET0 PIOc_freedecomp Enter - MemInfo: [malloc] Top-most, releasable space:                    51088 Byte
20220313 034151.819 INFO             PET0 PIOc_freedecomp Enter - MemInfo: [malloc] Total space in use, mmap + non-mmap:         4540544 Byte
20220313 034151.819 INFO             PET0 PIOc_freedecomp Enter - MemInfo: [malloc] Total space held (mmap + non-mmap):          4603904 Byte
20220313 034151.819 INFO             PET0 PIOc_freedecomp Enter - MemInfo: [malloc] Total space used (mmap + non-mmap):          4548752 Byte
20220313 034151.819 INFO             PET0 PIOc_freedecomp Enter - MemInfo: Wall-clock time since execution start:             0.00967564 seconds
20220313 034151.819 INFO             PET0 PIOc_freedecomp Exit - MemInfo: [/proc/meminfo - SSI]	MemTotal:       527077124 kB
20220313 034151.819 INFO             PET0 PIOc_freedecomp Exit - MemInfo: [/proc/meminfo - SSI]	MemFree:        517388428 kB
20220313 034151.819 INFO             PET0 PIOc_freedecomp Exit - MemInfo: [/proc/meminfo - SSI]	MemAvailable:   517830440 kB
20220313 034151.819 INFO             PET0 PIOc_freedecomp Exit - MemInfo: [/proc/meminfo - SSI]	Committed_AS:    1613848 kB
20220313 034151.819 INFO             PET0 PIOc_freedecomp Exit - MemInfo: [/proc/meminfo - SSI]	CommittedPercent: 0.306188 %
20220313 034151.819 INFO             PET0 PIOc_freedecomp Exit - MemInfo: [/proc/self/status]	VmPeak:	  195052 kB
20220313 034151.819 INFO             PET0 PIOc_freedecomp Exit - MemInfo: [/proc/self/status]	VmSize:	  186340 kB
20220313 034151.819 INFO             PET0 PIOc_freedecomp Exit - MemInfo: [/proc/self/status]	VmLck:	       0 kB
20220313 034151.819 INFO             PET0 PIOc_freedecomp Exit - MemInfo: [/proc/self/status]	VmPin:	       0 kB
20220313 034151.819 INFO             PET0 PIOc_freedecomp Exit - MemInfo: [/proc/self/status]	VmHWM:	   39248 kB
20220313 034151.819 INFO             PET0 PIOc_freedecomp Exit - MemInfo: [/proc/self/status]	VmRSS:	   31276 kB
20220313 034151.819 INFO             PET0 PIOc_freedecomp Exit - MemInfo: [/proc/self/status]	VmData:	    8572 kB
20220313 034151.819 INFO             PET0 PIOc_freedecomp Exit - MemInfo: [/proc/self/status]	VmStk:	     156 kB
20220313 034151.819 INFO             PET0 PIOc_freedecomp Exit - MemInfo: [/proc/self/status]	VmExe:	     432 kB
20220313 034151.819 INFO             PET0 PIOc_freedecomp Exit - MemInfo: [/proc/self/status]	VmLib:	  103544 kB
20220313 034151.819 INFO             PET0 PIOc_freedecomp Exit - MemInfo: [/proc/self/status]	VmPTE:	     372 kB
20220313 034151.819 INFO             PET0 PIOc_freedecomp Exit - MemInfo: [/proc/self/status]	VmSwap:	       0 kB
20220313 034151.819 INFO             PET0 PIOc_freedecomp Exit - MemInfo: [/proc/self/status]	VmRSSPercent: 0.00593386 %
20220313 034151.819 INFO             PET0 PIOc_freedecomp Exit - MemInfo: [malloc] Non-mmapped space allocated:                  974848 Byte
20220313 034151.819 INFO             PET0 PIOc_freedecomp Exit - MemInfo: [malloc] Space allocated in mmapped regions:          3629056 Byte
20220313 034151.819 INFO             PET0 PIOc_freedecomp Exit - MemInfo: [malloc] Maximum total allocated space:                     0 Byte
20220313 034151.819 INFO             PET0 PIOc_freedecomp Exit - MemInfo: [malloc] Space in freed fastbin blocks:                   784 Byte
20220313 034151.819 INFO             PET0 PIOc_freedecomp Exit - MemInfo: [malloc] Total allocated space:                        909136 Byte
20220313 034151.820 INFO             PET0 PIOc_freedecomp Exit - MemInfo: [malloc] Total free space:                              65712 Byte
20220313 034151.820 INFO             PET0 PIOc_freedecomp Exit - MemInfo: [malloc] Top-most, releasable space:                    51088 Byte
20220313 034151.820 INFO             PET0 PIOc_freedecomp Exit - MemInfo: [malloc] Total space in use, mmap + non-mmap:         4538192 Byte
20220313 034151.820 INFO             PET0 PIOc_freedecomp Exit - MemInfo: [malloc] Total space held (mmap + non-mmap):          4603904 Byte
20220313 034151.820 INFO             PET0 PIOc_freedecomp Exit - MemInfo: [malloc] Total space used (mmap + non-mmap):          4546400 Byte
20220313 034151.820 INFO             PET0 PIOc_freedecomp Exit - MemInfo: Wall-clock time since execution start:             0.00986654 seconds
20220313 034151.820 INFO             PET0  PASS  Write Fortran array in Field, ESMF_FieldIOUTest.F90, line 219
20220313 034151.820 INFO             PET0  PASS  Create a field from grid and fortran dummy array without halo, ESMF_FieldIOUTest.F90, line 233
20220313 034151.820 INFO             PET0  PASS  Get Farray_w from nohalo field, ESMF_FieldIOUTest.F90, line 244
20220313 034151.822 INFO             PET0 PIOc_sync Enter - MemInfo: [/proc/meminfo - SSI]	MemTotal:       527077124 kB
20220313 034151.822 INFO             PET0 PIOc_sync Enter - MemInfo: [/proc/meminfo - SSI]	MemFree:        517381260 kB
20220313 034151.822 INFO             PET0 PIOc_sync Enter - MemInfo: [/proc/meminfo - SSI]	MemAvailable:   517823272 kB
20220313 034151.822 INFO             PET0 PIOc_sync Enter - MemInfo: [/proc/meminfo - SSI]	Committed_AS:    1622632 kB
20220313 034151.822 INFO             PET0 PIOc_sync Enter - MemInfo: [/proc/meminfo - SSI]	CommittedPercent: 0.307855 %
20220313 034151.822 INFO             PET0 PIOc_sync Enter - MemInfo: [/proc/self/status]	VmPeak:	  195124 kB
20220313 034151.822 INFO             PET0 PIOc_sync Enter - MemInfo: [/proc/self/status]	VmSize:	  195124 kB
20220313 034151.822 INFO             PET0 PIOc_sync Enter - MemInfo: [/proc/self/status]	VmLck:	       0 kB
20220313 034151.822 INFO             PET0 PIOc_sync Enter - MemInfo: [/proc/self/status]	VmPin:	       0 kB
20220313 034151.822 INFO             PET0 PIOc_sync Enter - MemInfo: [/proc/self/status]	VmHWM:	   39500 kB
20220313 034151.822 INFO             PET0 PIOc_sync Enter - MemInfo: [/proc/self/status]	VmRSS:	   39500 kB
20220313 034151.822 INFO             PET0 PIOc_sync Enter - MemInfo: [/proc/self/status]	VmData:	   17356 kB
20220313 034151.822 INFO             PET0 PIOc_sync Enter - MemInfo: [/proc/self/status]	VmStk:	     156 kB
20220313 034151.822 INFO             PET0 PIOc_sync Enter - MemInfo: [/proc/self/status]	VmExe:	     432 kB
20220313 034151.822 INFO             PET0 PIOc_sync Enter - MemInfo: [/proc/self/status]	VmLib:	  103544 kB
20220313 034151.822 INFO             PET0 PIOc_sync Enter - MemInfo: [/proc/self/status]	VmPTE:	     392 kB
20220313 034151.822 INFO             PET0 PIOc_sync Enter - MemInfo: [/proc/self/status]	VmSwap:	       0 kB
20220313 034151.822 INFO             PET0 PIOc_sync Enter - MemInfo: [/proc/self/status]	VmRSSPercent: 0.00749416 %
20220313 034151.822 INFO             PET0 PIOc_sync Enter - MemInfo: [malloc] Non-mmapped space allocated:                 9969664 Byte
20220313 034151.823 INFO             PET0 PIOc_sync Enter - MemInfo: [malloc] Space allocated in mmapped regions:          3629056 Byte
20220313 034151.823 INFO             PET0 PIOc_sync Enter - MemInfo: [malloc] Maximum total allocated space:                     0 Byte
20220313 034151.823 INFO             PET0 PIOc_sync Enter - MemInfo: [malloc] Space in freed fastbin blocks:                     0 Byte
20220313 034151.823 INFO             PET0 PIOc_sync Enter - MemInfo: [malloc] Total allocated space:                       9843088 Byte
20220313 034151.823 INFO             PET0 PIOc_sync Enter - MemInfo: [malloc] Total free space:                             126576 Byte
20220313 034151.823 INFO             PET0 PIOc_sync Enter - MemInfo: [malloc] Top-most, releasable space:                   122480 Byte
20220313 034151.823 INFO             PET0 PIOc_sync Enter - MemInfo: [malloc] Total space in use, mmap + non-mmap:        13472144 Byte
20220313 034151.823 INFO             PET0 PIOc_sync Enter - MemInfo: [malloc] Total space held (mmap + non-mmap):         13598720 Byte
20220313 034151.823 INFO             PET0 PIOc_sync Enter - MemInfo: [malloc] Total space used (mmap + non-mmap):         13480352 Byte
20220313 034151.823 INFO             PET0 PIOc_sync Enter - MemInfo: Wall-clock time since execution start:              0.0128942 seconds
20220313 034151.823 INFO             PET0 PIOc_sync Exit - MemInfo: [/proc/meminfo - SSI]	MemTotal:       527077124 kB
20220313 034151.823 INFO             PET0 PIOc_sync Exit - MemInfo: [/proc/meminfo - SSI]	MemFree:        517381260 kB
20220313 034151.823 INFO             PET0 PIOc_sync Exit - MemInfo: [/proc/meminfo - SSI]	MemAvailable:   517823272 kB
20220313 034151.823 INFO             PET0 PIOc_sync Exit - MemInfo: [/proc/meminfo - SSI]	Committed_AS:    1622632 kB
20220313 034151.823 INFO             PET0 PIOc_sync Exit - MemInfo: [/proc/meminfo - SSI]	CommittedPercent: 0.307855 %
20220313 034151.823 INFO             PET0 PIOc_sync Exit - MemInfo: [/proc/self/status]	VmPeak:	  195124 kB
20220313 034151.823 INFO             PET0 PIOc_sync Exit - MemInfo: [/proc/self/status]	VmSize:	  195124 kB
20220313 034151.823 INFO             PET0 PIOc_sync Exit - MemInfo: [/proc/self/status]	VmLck:	       0 kB
20220313 034151.823 INFO             PET0 PIOc_sync Exit - MemInfo: [/proc/self/status]	VmPin:	       0 kB
20220313 034151.823 INFO             PET0 PIOc_sync Exit - MemInfo: [/proc/self/status]	VmHWM:	   39500 kB
20220313 034151.823 INFO             PET0 PIOc_sync Exit - MemInfo: [/proc/self/status]	VmRSS:	   39500 kB
20220313 034151.823 INFO             PET0 PIOc_sync Exit - MemInfo: [/proc/self/status]	VmData:	   17356 kB
20220313 034151.823 INFO             PET0 PIOc_sync Exit - MemInfo: [/proc/self/status]	VmStk:	     156 kB
20220313 034151.823 INFO             PET0 PIOc_sync Exit - MemInfo: [/proc/self/status]	VmExe:	     432 kB
20220313 034151.823 INFO             PET0 PIOc_sync Exit - MemInfo: [/proc/self/status]	VmLib:	  103544 kB
20220313 034151.823 INFO             PET0 PIOc_sync Exit - MemInfo: [/proc/self/status]	VmPTE:	     392 kB
20220313 034151.823 INFO             PET0 PIOc_sync Exit - MemInfo: [/proc/self/status]	VmSwap:	       0 kB
20220313 034151.823 INFO             PET0 PIOc_sync Exit - MemInfo: [/proc/self/status]	VmRSSPercent: 0.00749416 %
20220313 034151.823 INFO             PET0 PIOc_sync Exit - MemInfo: [malloc] Non-mmapped space allocated:                 9969664 Byte
20220313 034151.823 INFO             PET0 PIOc_sync Exit - MemInfo: [malloc] Space allocated in mmapped regions:          3629056 Byte
20220313 034151.823 INFO             PET0 PIOc_sync Exit - MemInfo: [malloc] Maximum total allocated space:                     0 Byte
20220313 034151.823 INFO             PET0 PIOc_sync Exit - MemInfo: [malloc] Space in freed fastbin blocks:                     0 Byte
20220313 034151.823 INFO             PET0 PIOc_sync Exit - MemInfo: [malloc] Total allocated space:                       9843984 Byte
20220313 034151.823 INFO             PET0 PIOc_sync Exit - MemInfo: [malloc] Total free space:                             125680 Byte
20220313 034151.823 INFO             PET0 PIOc_sync Exit - MemInfo: [malloc] Top-most, releasable space:                   122256 Byte
20220313 034151.823 INFO             PET0 PIOc_sync Exit - MemInfo: [malloc] Total space in use, mmap + non-mmap:        13473040 Byte
20220313 034151.823 INFO             PET0 PIOc_sync Exit - MemInfo: [malloc] Total space held (mmap + non-mmap):         13598720 Byte
20220313 034151.823 INFO             PET0 PIOc_sync Exit - MemInfo: [malloc] Total space used (mmap + non-mmap):         13481248 Byte
20220313 034151.823 INFO             PET0 PIOc_sync Exit - MemInfo: Wall-clock time since execution start:              0.0131696 seconds
20220313 034151.823 INFO             PET0 PIOc_freedecomp Enter - MemInfo: [/proc/meminfo - SSI]	MemTotal:       527077124 kB
20220313 034151.823 INFO             PET0 PIOc_freedecomp Enter - MemInfo: [/proc/meminfo - SSI]	MemFree:        517381260 kB
20220313 034151.823 INFO             PET0 PIOc_freedecomp Enter - MemInfo: [/proc/meminfo - SSI]	MemAvailable:   517823272 kB
20220313 034151.823 INFO             PET0 PIOc_freedecomp Enter - MemInfo: [/proc/meminfo - SSI]	Committed_AS:    1622632 kB
20220313 034151.823 INFO             PET0 PIOc_freedecomp Enter - MemInfo: [/proc/meminfo - SSI]	CommittedPercent: 0.307855 %
20220313 034151.823 INFO             PET0 PIOc_freedecomp Enter - MemInfo: [/proc/self/status]	VmPeak:	  195124 kB
20220313 034151.823 INFO             PET0 PIOc_freedecomp Enter - MemInfo: [/proc/self/status]	VmSize:	  195124 kB
20220313 034151.823 INFO             PET0 PIOc_freedecomp Enter - MemInfo: [/proc/self/status]	VmLck:	       0 kB
20220313 034151.823 INFO             PET0 PIOc_freedecomp Enter - MemInfo: [/proc/self/status]	VmPin:	       0 kB
20220313 034151.823 INFO             PET0 PIOc_freedecomp Enter - MemInfo: [/proc/self/status]	VmHWM:	   39500 kB
20220313 034151.823 INFO             PET0 PIOc_freedecomp Enter - MemInfo: [/proc/self/status]	VmRSS:	   39500 kB
20220313 034151.823 INFO             PET0 PIOc_freedecomp Enter - MemInfo: [/proc/self/status]	VmData:	   17356 kB
20220313 034151.823 INFO             PET0 PIOc_freedecomp Enter - MemInfo: [/proc/self/status]	VmStk:	     156 kB
20220313 034151.823 INFO             PET0 PIOc_freedecomp Enter - MemInfo: [/proc/self/status]	VmExe:	     432 kB
20220313 034151.823 INFO             PET0 PIOc_freedecomp Enter - MemInfo: [/proc/self/status]	VmLib:	  103544 kB
20220313 034151.823 INFO             PET0 PIOc_freedecomp Enter - MemInfo: [/proc/self/status]	VmPTE:	     392 kB
20220313 034151.823 INFO             PET0 PIOc_freedecomp Enter - MemInfo: [/proc/self/status]	VmSwap:	       0 kB
20220313 034151.823 INFO             PET0 PIOc_freedecomp Enter - MemInfo: [/proc/self/status]	VmRSSPercent: 0.00749416 %
20220313 034151.823 INFO             PET0 PIOc_freedecomp Enter - MemInfo: [malloc] Non-mmapped space allocated:                 9969664 Byte
20220313 034151.823 INFO             PET0 PIOc_freedecomp Enter - MemInfo: [malloc] Space allocated in mmapped regions:          3629056 Byte
20220313 034151.823 INFO             PET0 PIOc_freedecomp Enter - MemInfo: [malloc] Maximum total allocated space:                     0 Byte
20220313 034151.823 INFO             PET0 PIOc_freedecomp Enter - MemInfo: [malloc] Space in freed fastbin blocks:                   144 Byte
20220313 034151.823 INFO             PET0 PIOc_freedecomp Enter - MemInfo: [malloc] Total allocated space:                        920048 Byte
20220313 034151.823 INFO             PET0 PIOc_freedecomp Enter - MemInfo: [malloc] Total free space:                            9049616 Byte
20220313 034151.823 INFO             PET0 PIOc_freedecomp Enter - MemInfo: [malloc] Top-most, releasable space:                   122032 Byte
20220313 034151.823 INFO             PET0 PIOc_freedecomp Enter - MemInfo: [malloc] Total space in use, mmap + non-mmap:         4549104 Byte
20220313 034151.823 INFO             PET0 PIOc_freedecomp Enter - MemInfo: [malloc] Total space held (mmap + non-mmap):         13598720 Byte
20220313 034151.823 INFO             PET0 PIOc_freedecomp Enter - MemInfo: [malloc] Total space used (mmap + non-mmap):          4557312 Byte
20220313 034151.823 INFO             PET0 PIOc_freedecomp Enter - MemInfo: Wall-clock time since execution start:              0.0135265 seconds
20220313 034151.823 INFO             PET0 PIOc_freedecomp Exit - MemInfo: [/proc/meminfo - SSI]	MemTotal:       527077124 kB
20220313 034151.823 INFO             PET0 PIOc_freedecomp Exit - MemInfo: [/proc/meminfo - SSI]	MemFree:        517381260 kB
20220313 034151.823 INFO             PET0 PIOc_freedecomp Exit - MemInfo: [/proc/meminfo - SSI]	MemAvailable:   517823272 kB
20220313 034151.823 INFO             PET0 PIOc_freedecomp Exit - MemInfo: [/proc/meminfo - SSI]	Committed_AS:    1622632 kB
20220313 034151.823 INFO             PET0 PIOc_freedecomp Exit - MemInfo: [/proc/meminfo - SSI]	CommittedPercent: 0.307855 %
20220313 034151.823 INFO             PET0 PIOc_freedecomp Exit - MemInfo: [/proc/self/status]	VmPeak:	  195124 kB
20220313 034151.823 INFO             PET0 PIOc_freedecomp Exit - MemInfo: [/proc/self/status]	VmSize:	  195124 kB
20220313 034151.823 INFO             PET0 PIOc_freedecomp Exit - MemInfo: [/proc/self/status]	VmLck:	       0 kB
20220313 034151.823 INFO             PET0 PIOc_freedecomp Exit - MemInfo: [/proc/self/status]	VmPin:	       0 kB
20220313 034151.823 INFO             PET0 PIOc_freedecomp Exit - MemInfo: [/proc/self/status]	VmHWM:	   39500 kB
20220313 034151.823 INFO             PET0 PIOc_freedecomp Exit - MemInfo: [/proc/self/status]	VmRSS:	   39500 kB
20220313 034151.823 INFO             PET0 PIOc_freedecomp Exit - MemInfo: [/proc/self/status]	VmData:	   17356 kB
20220313 034151.823 INFO             PET0 PIOc_freedecomp Exit - MemInfo: [/proc/self/status]	VmStk:	     156 kB
20220313 034151.823 INFO             PET0 PIOc_freedecomp Exit - MemInfo: [/proc/self/status]	VmExe:	     432 kB
20220313 034151.823 INFO             PET0 PIOc_freedecomp Exit - MemInfo: [/proc/self/status]	VmLib:	  103544 kB
20220313 034151.823 INFO             PET0 PIOc_freedecomp Exit - MemInfo: [/proc/self/status]	VmPTE:	     392 kB
20220313 034151.823 INFO             PET0 PIOc_freedecomp Exit - MemInfo: [/proc/self/status]	VmSwap:	       0 kB
20220313 034151.823 INFO             PET0 PIOc_freedecomp Exit - MemInfo: [/proc/self/status]	VmRSSPercent: 0.00749416 %
20220313 034151.823 INFO             PET0 PIOc_freedecomp Exit - MemInfo: [malloc] Non-mmapped space allocated:                 9969664 Byte
20220313 034151.823 INFO             PET0 PIOc_freedecomp Exit - MemInfo: [malloc] Space allocated in mmapped regions:          3629056 Byte
20220313 034151.823 INFO             PET0 PIOc_freedecomp Exit - MemInfo: [malloc] Maximum total allocated space:                     0 Byte
20220313 034151.823 INFO             PET0 PIOc_freedecomp Exit - MemInfo: [malloc] Space in freed fastbin blocks:                   848 Byte
20220313 034151.823 INFO             PET0 PIOc_freedecomp Exit - MemInfo: [malloc] Total allocated space:                        917408 Byte
20220313 034151.823 INFO             PET0 PIOc_freedecomp Exit - MemInfo: [malloc] Total free space:                            9052256 Byte
20220313 034151.823 INFO             PET0 PIOc_freedecomp Exit - MemInfo: [malloc] Top-most, releasable space:                   122256 Byte
20220313 034151.823 INFO             PET0 PIOc_freedecomp Exit - MemInfo: [malloc] Total space in use, mmap + non-mmap:         4546464 Byte
20220313 034151.823 INFO             PET0 PIOc_freedecomp Exit - MemInfo: [malloc] Total space held (mmap + non-mmap):         13598720 Byte
20220313 034151.823 INFO             PET0 PIOc_freedecomp Exit - MemInfo: [malloc] Total space used (mmap + non-mmap):          4554672 Byte
20220313 034151.823 INFO             PET0 PIOc_freedecomp Exit - MemInfo: Wall-clock time since execution start:              0.0137301 seconds
20220313 034151.823 INFO             PET0  PASS  Write Fortran array in nohalo Field, ESMF_FieldIOUTest.F90, line 268
20220313 034151.824 INFO             PET0  PASS  Create a field from grid and fortran dummy array without halo, ESMF_FieldIOUTest.F90, line 281
20220313 034151.825 INFO             PET0 PIOc_sync Enter - MemInfo: [/proc/meminfo - SSI]	MemTotal:       527077124 kB
20220313 034151.825 INFO             PET0 PIOc_sync Enter - MemInfo: [/proc/meminfo - SSI]	MemFree:        517381308 kB
20220313 034151.825 INFO             PET0 PIOc_sync Enter - MemInfo: [/proc/meminfo - SSI]	MemAvailable:   517823316 kB
20220313 034151.825 INFO             PET0 PIOc_sync Enter - MemInfo: [/proc/meminfo - SSI]	Committed_AS:    1622632 kB
20220313 034151.825 INFO             PET0 PIOc_sync Enter - MemInfo: [/proc/meminfo - SSI]	CommittedPercent: 0.307855 %
20220313 034151.825 INFO             PET0 PIOc_sync Enter - MemInfo: [/proc/self/status]	VmPeak:	  195124 kB
20220313 034151.825 INFO             PET0 PIOc_sync Enter - MemInfo: [/proc/self/status]	VmSize:	  195124 kB
20220313 034151.825 INFO             PET0 PIOc_sync Enter - MemInfo: [/proc/self/status]	VmLck:	       0 kB
20220313 034151.825 INFO             PET0 PIOc_sync Enter - MemInfo: [/proc/self/status]	VmPin:	       0 kB
20220313 034151.825 INFO             PET0 PIOc_sync Enter - MemInfo: [/proc/self/status]	VmHWM:	   40152 kB
20220313 034151.825 INFO             PET0 PIOc_sync Enter - MemInfo: [/proc/self/status]	VmRSS:	   40152 kB
20220313 034151.825 INFO             PET0 PIOc_sync Enter - MemInfo: [/proc/self/status]	VmData:	   17356 kB
20220313 034151.826 INFO             PET0 PIOc_sync Enter - MemInfo: [/proc/self/status]	VmStk:	     156 kB
20220313 034151.826 INFO             PET0 PIOc_sync Enter - MemInfo: [/proc/self/status]	VmExe:	     432 kB
20220313 034151.826 INFO             PET0 PIOc_sync Enter - MemInfo: [/proc/self/status]	VmLib:	  103544 kB
20220313 034151.826 INFO             PET0 PIOc_sync Enter - MemInfo: [/proc/self/status]	VmPTE:	     392 kB
20220313 034151.826 INFO             PET0 PIOc_sync Enter - MemInfo: [/proc/self/status]	VmSwap:	       0 kB
20220313 034151.826 INFO             PET0 PIOc_sync Enter - MemInfo: [/proc/self/status]	VmRSSPercent: 0.00761786 %
20220313 034151.826 INFO             PET0 PIOc_sync Enter - MemInfo: [malloc] Non-mmapped space allocated:                 9969664 Byte
20220313 034151.826 INFO             PET0 PIOc_sync Enter - MemInfo: [malloc] Space allocated in mmapped regions:          3629056 Byte
20220313 034151.826 INFO             PET0 PIOc_sync Enter - MemInfo: [malloc] Maximum total allocated space:                     0 Byte
20220313 034151.826 INFO             PET0 PIOc_sync Enter - MemInfo: [malloc] Space in freed fastbin blocks:                     0 Byte
20220313 034151.826 INFO             PET0 PIOc_sync Enter - MemInfo: [malloc] Total allocated space:                       9848368 Byte
20220313 034151.826 INFO             PET0 PIOc_sync Enter - MemInfo: [malloc] Total free space:                             121296 Byte
20220313 034151.826 INFO             PET0 PIOc_sync Enter - MemInfo: [malloc] Top-most, releasable space:                   117008 Byte
20220313 034151.826 INFO             PET0 PIOc_sync Enter - MemInfo: [malloc] Total space in use, mmap + non-mmap:        13477424 Byte
20220313 034151.826 INFO             PET0 PIOc_sync Enter - MemInfo: [malloc] Total space held (mmap + non-mmap):         13598720 Byte
20220313 034151.826 INFO             PET0 PIOc_sync Enter - MemInfo: [malloc] Total space used (mmap + non-mmap):         13485632 Byte
20220313 034151.826 INFO             PET0 PIOc_sync Enter - MemInfo: Wall-clock time since execution start:              0.0159399 seconds
20220313 034151.826 INFO             PET0 PIOc_sync Exit - MemInfo: [/proc/meminfo - SSI]	MemTotal:       527077124 kB
20220313 034151.826 INFO             PET0 PIOc_sync Exit - MemInfo: [/proc/meminfo - SSI]	MemFree:        517381308 kB
20220313 034151.826 INFO             PET0 PIOc_sync Exit - MemInfo: [/proc/meminfo - SSI]	MemAvailable:   517823316 kB
20220313 034151.826 INFO             PET0 PIOc_sync Exit - MemInfo: [/proc/meminfo - SSI]	Committed_AS:    1622632 kB
20220313 034151.826 INFO             PET0 PIOc_sync Exit - MemInfo: [/proc/meminfo - SSI]	CommittedPercent: 0.307855 %
20220313 034151.826 INFO             PET0 PIOc_sync Exit - MemInfo: [/proc/self/status]	VmPeak:	  195124 kB
20220313 034151.826 INFO             PET0 PIOc_sync Exit - MemInfo: [/proc/self/status]	VmSize:	  195124 kB
20220313 034151.826 INFO             PET0 PIOc_sync Exit - MemInfo: [/proc/self/status]	VmLck:	       0 kB
20220313 034151.826 INFO             PET0 PIOc_sync Exit - MemInfo: [/proc/self/status]	VmPin:	       0 kB
20220313 034151.826 INFO             PET0 PIOc_sync Exit - MemInfo: [/proc/self/status]	VmHWM:	   40152 kB
20220313 034151.826 INFO             PET0 PIOc_sync Exit - MemInfo: [/proc/self/status]	VmRSS:	   40152 kB
20220313 034151.826 INFO             PET0 PIOc_sync Exit - MemInfo: [/proc/self/status]	VmData:	   17356 kB
20220313 034151.826 INFO             PET0 PIOc_sync Exit - MemInfo: [/proc/self/status]	VmStk:	     156 kB
20220313 034151.826 INFO             PET0 PIOc_sync Exit - MemInfo: [/proc/self/status]	VmExe:	     432 kB
20220313 034151.826 INFO             PET0 PIOc_sync Exit - MemInfo: [/proc/self/status]	VmLib:	  103544 kB
20220313 034151.826 INFO             PET0 PIOc_sync Exit - MemInfo: [/proc/self/status]	VmPTE:	     392 kB
20220313 034151.826 INFO             PET0 PIOc_sync Exit - MemInfo: [/proc/self/status]	VmSwap:	       0 kB
20220313 034151.826 INFO             PET0 PIOc_sync Exit - MemInfo: [/proc/self/status]	VmRSSPercent: 0.00761786 %
20220313 034151.826 INFO             PET0 PIOc_sync Exit - MemInfo: [malloc] Non-mmapped space allocated:                 9969664 Byte
20220313 034151.826 INFO             PET0 PIOc_sync Exit - MemInfo: [malloc] Space allocated in mmapped regions:          3629056 Byte
20220313 034151.826 INFO             PET0 PIOc_sync Exit - MemInfo: [malloc] Maximum total allocated space:                     0 Byte
20220313 034151.826 INFO             PET0 PIOc_sync Exit - MemInfo: [malloc] Space in freed fastbin blocks:                     0 Byte
20220313 034151.826 INFO             PET0 PIOc_sync Exit - MemInfo: [malloc] Total allocated space:                       9848928 Byte
20220313 034151.826 INFO             PET0 PIOc_sync Exit - MemInfo: [malloc] Total free space:                             120736 Byte
20220313 034151.826 INFO             PET0 PIOc_sync Exit - MemInfo: [malloc] Top-most, releasable space:                   116784 Byte
20220313 034151.826 INFO             PET0 PIOc_sync Exit - MemInfo: [malloc] Total space in use, mmap + non-mmap:        13477984 Byte
20220313 034151.826 INFO             PET0 PIOc_sync Exit - MemInfo: [malloc] Total space held (mmap + non-mmap):         13598720 Byte
20220313 034151.826 INFO             PET0 PIOc_sync Exit - MemInfo: [malloc] Total space used (mmap + non-mmap):         13486192 Byte
20220313 034151.826 INFO             PET0 PIOc_sync Exit - MemInfo: Wall-clock time since execution start:              0.0162127 seconds
20220313 034151.826 INFO             PET0 PIOc_freedecomp Enter - MemInfo: [/proc/meminfo - SSI]	MemTotal:       527077124 kB
20220313 034151.826 INFO             PET0 PIOc_freedecomp Enter - MemInfo: [/proc/meminfo - SSI]	MemFree:        517381308 kB
20220313 034151.826 INFO             PET0 PIOc_freedecomp Enter - MemInfo: [/proc/meminfo - SSI]	MemAvailable:   517823316 kB
20220313 034151.826 INFO             PET0 PIOc_freedecomp Enter - MemInfo: [/proc/meminfo - SSI]	Committed_AS:    1622632 kB
20220313 034151.826 INFO             PET0 PIOc_freedecomp Enter - MemInfo: [/proc/meminfo - SSI]	CommittedPercent: 0.307855 %
20220313 034151.826 INFO             PET0 PIOc_freedecomp Enter - MemInfo: [/proc/self/status]	VmPeak:	  195124 kB
20220313 034151.826 INFO             PET0 PIOc_freedecomp Enter - MemInfo: [/proc/self/status]	VmSize:	  195124 kB
20220313 034151.826 INFO             PET0 PIOc_freedecomp Enter - MemInfo: [/proc/self/status]	VmLck:	       0 kB
20220313 034151.826 INFO             PET0 PIOc_freedecomp Enter - MemInfo: [/proc/self/status]	VmPin:	       0 kB
20220313 034151.826 INFO             PET0 PIOc_freedecomp Enter - MemInfo: [/proc/self/status]	VmHWM:	   40152 kB
20220313 034151.826 INFO             PET0 PIOc_freedecomp Enter - MemInfo: [/proc/self/status]	VmRSS:	   40152 kB
20220313 034151.826 INFO             PET0 PIOc_freedecomp Enter - MemInfo: [/proc/self/status]	VmData:	   17356 kB
20220313 034151.826 INFO             PET0 PIOc_freedecomp Enter - MemInfo: [/proc/self/status]	VmStk:	     156 kB
20220313 034151.826 INFO             PET0 PIOc_freedecomp Enter - MemInfo: [/proc/self/status]	VmExe:	     432 kB
20220313 034151.826 INFO             PET0 PIOc_freedecomp Enter - MemInfo: [/proc/self/status]	VmLib:	  103544 kB
20220313 034151.826 INFO             PET0 PIOc_freedecomp Enter - MemInfo: [/proc/self/status]	VmPTE:	     392 kB
20220313 034151.826 INFO             PET0 PIOc_freedecomp Enter - MemInfo: [/proc/self/status]	VmSwap:	       0 kB
20220313 034151.826 INFO             PET0 PIOc_freedecomp Enter - MemInfo: [/proc/self/status]	VmRSSPercent: 0.00761786 %
20220313 034151.826 INFO             PET0 PIOc_freedecomp Enter - MemInfo: [malloc] Non-mmapped space allocated:                 9969664 Byte
20220313 034151.826 INFO             PET0 PIOc_freedecomp Enter - MemInfo: [malloc] Space allocated in mmapped regions:          3629056 Byte
20220313 034151.826 INFO             PET0 PIOc_freedecomp Enter - MemInfo: [malloc] Maximum total allocated space:                     0 Byte
20220313 034151.826 INFO             PET0 PIOc_freedecomp Enter - MemInfo: [malloc] Space in freed fastbin blocks:                   144 Byte
20220313 034151.826 INFO             PET0 PIOc_freedecomp Enter - MemInfo: [malloc] Total allocated space:                        924992 Byte
20220313 034151.826 INFO             PET0 PIOc_freedecomp Enter - MemInfo: [malloc] Total free space:                            9044672 Byte
20220313 034151.826 INFO             PET0 PIOc_freedecomp Enter - MemInfo: [malloc] Top-most, releasable space:                   116560 Byte
20220313 034151.826 INFO             PET0 PIOc_freedecomp Enter - MemInfo: [malloc] Total space in use, mmap + non-mmap:         4554048 Byte
20220313 034151.826 INFO             PET0 PIOc_freedecomp Enter - MemInfo: [malloc] Total space held (mmap + non-mmap):         13598720 Byte
20220313 034151.826 INFO             PET0 PIOc_freedecomp Enter - MemInfo: [malloc] Total space used (mmap + non-mmap):          4562256 Byte
20220313 034151.826 INFO             PET0 PIOc_freedecomp Enter - MemInfo: Wall-clock time since execution start:              0.0165372 seconds
20220313 034151.826 INFO             PET0 PIOc_freedecomp Exit - MemInfo: [/proc/meminfo - SSI]	MemTotal:       527077124 kB
20220313 034151.826 INFO             PET0 PIOc_freedecomp Exit - MemInfo: [/proc/meminfo - SSI]	MemFree:        517381308 kB
20220313 034151.826 INFO             PET0 PIOc_freedecomp Exit - MemInfo: [/proc/meminfo - SSI]	MemAvailable:   517823316 kB
20220313 034151.826 INFO             PET0 PIOc_freedecomp Exit - MemInfo: [/proc/meminfo - SSI]	Committed_AS:    1622632 kB
20220313 034151.826 INFO             PET0 PIOc_freedecomp Exit - MemInfo: [/proc/meminfo - SSI]	CommittedPercent: 0.307855 %
20220313 034151.826 INFO             PET0 PIOc_freedecomp Exit - MemInfo: [/proc/self/status]	VmPeak:	  195124 kB
20220313 034151.826 INFO             PET0 PIOc_freedecomp Exit - MemInfo: [/proc/self/status]	VmSize:	  195124 kB
20220313 034151.826 INFO             PET0 PIOc_freedecomp Exit - MemInfo: [/proc/self/status]	VmLck:	       0 kB
20220313 034151.826 INFO             PET0 PIOc_freedecomp Exit - MemInfo: [/proc/self/status]	VmPin:	       0 kB
20220313 034151.826 INFO             PET0 PIOc_freedecomp Exit - MemInfo: [/proc/self/status]	VmHWM:	   40152 kB
20220313 034151.826 INFO             PET0 PIOc_freedecomp Exit - MemInfo: [/proc/self/status]	VmRSS:	   40152 kB
20220313 034151.826 INFO             PET0 PIOc_freedecomp Exit - MemInfo: [/proc/self/status]	VmData:	   17356 kB
20220313 034151.826 INFO             PET0 PIOc_freedecomp Exit - MemInfo: [/proc/self/status]	VmStk:	     156 kB
20220313 034151.826 INFO             PET0 PIOc_freedecomp Exit - MemInfo: [/proc/self/status]	VmExe:	     432 kB
20220313 034151.826 INFO             PET0 PIOc_freedecomp Exit - MemInfo: [/proc/self/status]	VmLib:	  103544 kB
20220313 034151.826 INFO             PET0 PIOc_freedecomp Exit - MemInfo: [/proc/self/status]	VmPTE:	     392 kB
20220313 034151.826 INFO             PET0 PIOc_freedecomp Exit - MemInfo: [/proc/self/status]	VmSwap:	       0 kB
20220313 034151.826 INFO             PET0 PIOc_freedecomp Exit - MemInfo: [/proc/self/status]	VmRSSPercent: 0.00761786 %
20220313 034151.826 INFO             PET0 PIOc_freedecomp Exit - MemInfo: [malloc] Non-mmapped space allocated:                 9969664 Byte
20220313 034151.826 INFO             PET0 PIOc_freedecomp Exit - MemInfo: [malloc] Space allocated in mmapped regions:          3629056 Byte
20220313 034151.826 INFO             PET0 PIOc_freedecomp Exit - MemInfo: [malloc] Maximum total allocated space:                     0 Byte
20220313 034151.826 INFO             PET0 PIOc_freedecomp Exit - MemInfo: [malloc] Space in freed fastbin blocks:                   784 Byte
20220313 034151.826 INFO             PET0 PIOc_freedecomp Exit - MemInfo: [malloc] Total allocated space:                        922416 Byte
20220313 034151.826 INFO             PET0 PIOc_freedecomp Exit - MemInfo: [malloc] Total free space:                            9047248 Byte
20220313 034151.826 INFO             PET0 PIOc_freedecomp Exit - MemInfo: [malloc] Top-most, releasable space:                   122256 Byte
20220313 034151.826 INFO             PET0 PIOc_freedecomp Exit - MemInfo: [malloc] Total space in use, mmap + non-mmap:         4551472 Byte
20220313 034151.826 INFO             PET0 PIOc_freedecomp Exit - MemInfo: [malloc] Total space held (mmap + non-mmap):         13598720 Byte
20220313 034151.826 INFO             PET0 PIOc_freedecomp Exit - MemInfo: [malloc] Total space used (mmap + non-mmap):          4559680 Byte
20220313 034151.826 INFO             PET0 PIOc_freedecomp Exit - MemInfo: Wall-clock time since execution start:              0.0167409 seconds
20220313 034151.828 INFO             PET0 PIOc_sync Enter - MemInfo: [/proc/meminfo - SSI]	MemTotal:       527077124 kB
20220313 034151.828 INFO             PET0 PIOc_sync Enter - MemInfo: [/proc/meminfo - SSI]	MemFree:        517381308 kB
20220313 034151.828 INFO             PET0 PIOc_sync Enter - MemInfo: [/proc/meminfo - SSI]	MemAvailable:   517823316 kB
20220313 034151.828 INFO             PET0 PIOc_sync Enter - MemInfo: [/proc/meminfo - SSI]	Committed_AS:    1622632 kB
20220313 034151.828 INFO             PET0 PIOc_sync Enter - MemInfo: [/proc/meminfo - SSI]	CommittedPercent: 0.307855 %
20220313 034151.828 INFO             PET0 PIOc_sync Enter - MemInfo: [/proc/self/status]	VmPeak:	  195124 kB
20220313 034151.828 INFO             PET0 PIOc_sync Enter - MemInfo: [/proc/self/status]	VmSize:	  195124 kB
20220313 034151.828 INFO             PET0 PIOc_sync Enter - MemInfo: [/proc/self/status]	VmLck:	       0 kB
20220313 034151.828 INFO             PET0 PIOc_sync Enter - MemInfo: [/proc/self/status]	VmPin:	       0 kB
20220313 034151.828 INFO             PET0 PIOc_sync Enter - MemInfo: [/proc/self/status]	VmHWM:	   40192 kB
20220313 034151.828 INFO             PET0 PIOc_sync Enter - MemInfo: [/proc/self/status]	VmRSS:	   40168 kB
20220313 034151.828 INFO             PET0 PIOc_sync Enter - MemInfo: [/proc/self/status]	VmData:	   17356 kB
20220313 034151.828 INFO             PET0 PIOc_sync Enter - MemInfo: [/proc/self/status]	VmStk:	     156 kB
20220313 034151.828 INFO             PET0 PIOc_sync Enter - MemInfo: [/proc/self/status]	VmExe:	     432 kB
20220313 034151.828 INFO             PET0 PIOc_sync Enter - MemInfo: [/proc/self/status]	VmLib:	  103544 kB
20220313 034151.828 INFO             PET0 PIOc_sync Enter - MemInfo: [/proc/self/status]	VmPTE:	     392 kB
20220313 034151.828 INFO             PET0 PIOc_sync Enter - MemInfo: [/proc/self/status]	VmSwap:	       0 kB
20220313 034151.828 INFO             PET0 PIOc_sync Enter - MemInfo: [/proc/self/status]	VmRSSPercent: 0.0076209 %
20220313 034151.828 INFO             PET0 PIOc_sync Enter - MemInfo: [malloc] Non-mmapped space allocated:                 9969664 Byte
20220313 034151.828 INFO             PET0 PIOc_sync Enter - MemInfo: [malloc] Space allocated in mmapped regions:          3629056 Byte
20220313 034151.828 INFO             PET0 PIOc_sync Enter - MemInfo: [malloc] Maximum total allocated space:                     0 Byte
20220313 034151.828 INFO             PET0 PIOc_sync Enter - MemInfo: [malloc] Space in freed fastbin blocks:                   448 Byte
20220313 034151.828 INFO             PET0 PIOc_sync Enter - MemInfo: [malloc] Total allocated space:                       9850784 Byte
20220313 034151.828 INFO             PET0 PIOc_sync Enter - MemInfo: [malloc] Total free space:                             118880 Byte
20220313 034151.828 INFO             PET0 PIOc_sync Enter - MemInfo: [malloc] Top-most, releasable space:                   115392 Byte
20220313 034151.828 INFO             PET0 PIOc_sync Enter - MemInfo: [malloc] Total space in use, mmap + non-mmap:        13479840 Byte
20220313 034151.828 INFO             PET0 PIOc_sync Enter - MemInfo: [malloc] Total space held (mmap + non-mmap):         13598720 Byte
20220313 034151.828 INFO             PET0 PIOc_sync Enter - MemInfo: [malloc] Total space used (mmap + non-mmap):         13488048 Byte
20220313 034151.828 INFO             PET0 PIOc_sync Enter - MemInfo: Wall-clock time since execution start:              0.0183235 seconds
20220313 034151.828 INFO             PET0 PIOc_sync Exit - MemInfo: [/proc/meminfo - SSI]	MemTotal:       527077124 kB
20220313 034151.828 INFO             PET0 PIOc_sync Exit - MemInfo: [/proc/meminfo - SSI]	MemFree:        517381308 kB
20220313 034151.828 INFO             PET0 PIOc_sync Exit - MemInfo: [/proc/meminfo - SSI]	MemAvailable:   517823316 kB
20220313 034151.828 INFO             PET0 PIOc_sync Exit - MemInfo: [/proc/meminfo - SSI]	Committed_AS:    1622632 kB
20220313 034151.828 INFO             PET0 PIOc_sync Exit - MemInfo: [/proc/meminfo - SSI]	CommittedPercent: 0.307855 %
20220313 034151.828 INFO             PET0 PIOc_sync Exit - MemInfo: [/proc/self/status]	VmPeak:	  195124 kB
20220313 034151.828 INFO             PET0 PIOc_sync Exit - MemInfo: [/proc/self/status]	VmSize:	  195124 kB
20220313 034151.828 INFO             PET0 PIOc_sync Exit - MemInfo: [/proc/self/status]	VmLck:	       0 kB
20220313 034151.828 INFO             PET0 PIOc_sync Exit - MemInfo: [/proc/self/status]	VmPin:	       0 kB
20220313 034151.828 INFO             PET0 PIOc_sync Exit - MemInfo: [/proc/self/status]	VmHWM:	   40192 kB
20220313 034151.828 INFO             PET0 PIOc_sync Exit - MemInfo: [/proc/self/status]	VmRSS:	   40168 kB
20220313 034151.828 INFO             PET0 PIOc_sync Exit - MemInfo: [/proc/self/status]	VmData:	   17356 kB
20220313 034151.828 INFO             PET0 PIOc_sync Exit - MemInfo: [/proc/self/status]	VmStk:	     156 kB
20220313 034151.828 INFO             PET0 PIOc_sync Exit - MemInfo: [/proc/self/status]	VmExe:	     432 kB
20220313 034151.828 INFO             PET0 PIOc_sync Exit - MemInfo: [/proc/self/status]	VmLib:	  103544 kB
20220313 034151.828 INFO             PET0 PIOc_sync Exit - MemInfo: [/proc/self/status]	VmPTE:	     392 kB
20220313 034151.828 INFO             PET0 PIOc_sync Exit - MemInfo: [/proc/self/status]	VmSwap:	       0 kB
20220313 034151.828 INFO             PET0 PIOc_sync Exit - MemInfo: [/proc/self/status]	VmRSSPercent: 0.0076209 %
20220313 034151.828 INFO             PET0 PIOc_sync Exit - MemInfo: [malloc] Non-mmapped space allocated:                 9969664 Byte
20220313 034151.828 INFO             PET0 PIOc_sync Exit - MemInfo: [malloc] Space allocated in mmapped regions:          3629056 Byte
20220313 034151.828 INFO             PET0 PIOc_sync Exit - MemInfo: [malloc] Maximum total allocated space:                     0 Byte
20220313 034151.828 INFO             PET0 PIOc_sync Exit - MemInfo: [malloc] Space in freed fastbin blocks:                     0 Byte
20220313 034151.828 INFO             PET0 PIOc_sync Exit - MemInfo: [malloc] Total allocated space:                       9851424 Byte
20220313 034151.828 INFO             PET0 PIOc_sync Exit - MemInfo: [malloc] Total free space:                             118240 Byte
20220313 034151.828 INFO             PET0 PIOc_sync Exit - MemInfo: [malloc] Top-most, releasable space:                   115168 Byte
20220313 034151.828 INFO             PET0 PIOc_sync Exit - MemInfo: [malloc] Total space in use, mmap + non-mmap:        13480480 Byte
20220313 034151.828 INFO             PET0 PIOc_sync Exit - MemInfo: [malloc] Total space held (mmap + non-mmap):         13598720 Byte
20220313 034151.828 INFO             PET0 PIOc_sync Exit - MemInfo: [malloc] Total space used (mmap + non-mmap):         13488688 Byte
20220313 034151.828 INFO             PET0 PIOc_sync Exit - MemInfo: Wall-clock time since execution start:              0.0185918 seconds
20220313 034151.828 INFO             PET0 PIOc_freedecomp Enter - MemInfo: [/proc/meminfo - SSI]	MemTotal:       527077124 kB
20220313 034151.828 INFO             PET0 PIOc_freedecomp Enter - MemInfo: [/proc/meminfo - SSI]	MemFree:        517381308 kB
20220313 034151.828 INFO             PET0 PIOc_freedecomp Enter - MemInfo: [/proc/meminfo - SSI]	MemAvailable:   517823316 kB
20220313 034151.828 INFO             PET0 PIOc_freedecomp Enter - MemInfo: [/proc/meminfo - SSI]	Committed_AS:    1622632 kB
20220313 034151.828 INFO             PET0 PIOc_freedecomp Enter - MemInfo: [/proc/meminfo - SSI]	CommittedPercent: 0.307855 %
20220313 034151.828 INFO             PET0 PIOc_freedecomp Enter - MemInfo: [/proc/self/status]	VmPeak:	  195124 kB
20220313 034151.828 INFO             PET0 PIOc_freedecomp Enter - MemInfo: [/proc/self/status]	VmSize:	  195124 kB
20220313 034151.828 INFO             PET0 PIOc_freedecomp Enter - MemInfo: [/proc/self/status]	VmLck:	       0 kB
20220313 034151.828 INFO             PET0 PIOc_freedecomp Enter - MemInfo: [/proc/self/status]	VmPin:	       0 kB
20220313 034151.828 INFO             PET0 PIOc_freedecomp Enter - MemInfo: [/proc/self/status]	VmHWM:	   40192 kB
20220313 034151.828 INFO             PET0 PIOc_freedecomp Enter - MemInfo: [/proc/self/status]	VmRSS:	   40168 kB
20220313 034151.828 INFO             PET0 PIOc_freedecomp Enter - MemInfo: [/proc/self/status]	VmData:	   17356 kB
20220313 034151.828 INFO             PET0 PIOc_freedecomp Enter - MemInfo: [/proc/self/status]	VmStk:	     156 kB
20220313 034151.829 INFO             PET0 PIOc_freedecomp Enter - MemInfo: [/proc/self/status]	VmExe:	     432 kB
20220313 034151.829 INFO             PET0 PIOc_freedecomp Enter - MemInfo: [/proc/self/status]	VmLib:	  103544 kB
20220313 034151.829 INFO             PET0 PIOc_freedecomp Enter - MemInfo: [/proc/self/status]	VmPTE:	     392 kB
20220313 034151.829 INFO             PET0 PIOc_freedecomp Enter - MemInfo: [/proc/self/status]	VmSwap:	       0 kB
20220313 034151.829 INFO             PET0 PIOc_freedecomp Enter - MemInfo: [/proc/self/status]	VmRSSPercent: 0.0076209 %
20220313 034151.829 INFO             PET0 PIOc_freedecomp Enter - MemInfo: [malloc] Non-mmapped space allocated:                 9969664 Byte
20220313 034151.829 INFO             PET0 PIOc_freedecomp Enter - MemInfo: [malloc] Space allocated in mmapped regions:          3629056 Byte
20220313 034151.829 INFO             PET0 PIOc_freedecomp Enter - MemInfo: [malloc] Maximum total allocated space:                     0 Byte
20220313 034151.829 INFO             PET0 PIOc_freedecomp Enter - MemInfo: [malloc] Space in freed fastbin blocks:                   144 Byte
20220313 034151.829 INFO             PET0 PIOc_freedecomp Enter - MemInfo: [malloc] Total allocated space:                        927040 Byte
20220313 034151.829 INFO             PET0 PIOc_freedecomp Enter - MemInfo: [malloc] Total free space:                            9042624 Byte
20220313 034151.829 INFO             PET0 PIOc_freedecomp Enter - MemInfo: [malloc] Top-most, releasable space:                   114944 Byte
20220313 034151.829 INFO             PET0 PIOc_freedecomp Enter - MemInfo: [malloc] Total space in use, mmap + non-mmap:         4556096 Byte
20220313 034151.829 INFO             PET0 PIOc_freedecomp Enter - MemInfo: [malloc] Total space held (mmap + non-mmap):         13598720 Byte
20220313 034151.829 INFO             PET0 PIOc_freedecomp Enter - MemInfo: [malloc] Total space used (mmap + non-mmap):          4564304 Byte
20220313 034151.829 INFO             PET0 PIOc_freedecomp Enter - MemInfo: Wall-clock time since execution start:               0.018925 seconds
20220313 034151.829 INFO             PET0 PIOc_freedecomp Exit - MemInfo: [/proc/meminfo - SSI]	MemTotal:       527077124 kB
20220313 034151.829 INFO             PET0 PIOc_freedecomp Exit - MemInfo: [/proc/meminfo - SSI]	MemFree:        517381308 kB
20220313 034151.829 INFO             PET0 PIOc_freedecomp Exit - MemInfo: [/proc/meminfo - SSI]	MemAvailable:   517823316 kB
20220313 034151.829 INFO             PET0 PIOc_freedecomp Exit - MemInfo: [/proc/meminfo - SSI]	Committed_AS:    1622632 kB
20220313 034151.829 INFO             PET0 PIOc_freedecomp Exit - MemInfo: [/proc/meminfo - SSI]	CommittedPercent: 0.307855 %
20220313 034151.829 INFO             PET0 PIOc_freedecomp Exit - MemInfo: [/proc/self/status]	VmPeak:	  195124 kB
20220313 034151.829 INFO             PET0 PIOc_freedecomp Exit - MemInfo: [/proc/self/status]	VmSize:	  195124 kB
20220313 034151.829 INFO             PET0 PIOc_freedecomp Exit - MemInfo: [/proc/self/status]	VmLck:	       0 kB
20220313 034151.829 INFO             PET0 PIOc_freedecomp Exit - MemInfo: [/proc/self/status]	VmPin:	       0 kB
20220313 034151.829 INFO             PET0 PIOc_freedecomp Exit - MemInfo: [/proc/self/status]	VmHWM:	   40192 kB
20220313 034151.829 INFO             PET0 PIOc_freedecomp Exit - MemInfo: [/proc/self/status]	VmRSS:	   40168 kB
20220313 034151.829 INFO             PET0 PIOc_freedecomp Exit - MemInfo: [/proc/self/status]	VmData:	   17356 kB
20220313 034151.829 INFO             PET0 PIOc_freedecomp Exit - MemInfo: [/proc/self/status]	VmStk:	     156 kB
20220313 034151.829 INFO             PET0 PIOc_freedecomp Exit - MemInfo: [/proc/self/status]	VmExe:	     432 kB
20220313 034151.829 INFO             PET0 PIOc_freedecomp Exit - MemInfo: [/proc/self/status]	VmLib:	  103544 kB
20220313 034151.829 INFO             PET0 PIOc_freedecomp Exit - MemInfo: [/proc/self/status]	VmPTE:	     392 kB
20220313 034151.829 INFO             PET0 PIOc_freedecomp Exit - MemInfo: [/proc/self/status]	VmSwap:	       0 kB
20220313 034151.829 INFO             PET0 PIOc_freedecomp Exit - MemInfo: [/proc/self/status]	VmRSSPercent: 0.0076209 %
20220313 034151.829 INFO             PET0 PIOc_freedecomp Exit - MemInfo: [malloc] Non-mmapped space allocated:                 9969664 Byte
20220313 034151.829 INFO             PET0 PIOc_freedecomp Exit - MemInfo: [malloc] Space allocated in mmapped regions:          3629056 Byte
20220313 034151.829 INFO             PET0 PIOc_freedecomp Exit - MemInfo: [malloc] Maximum total allocated space:                     0 Byte
20220313 034151.829 INFO             PET0 PIOc_freedecomp Exit - MemInfo: [malloc] Space in freed fastbin blocks:                   192 Byte
20220313 034151.829 INFO             PET0 PIOc_freedecomp Exit - MemInfo: [malloc] Total allocated space:                        924400 Byte
20220313 034151.829 INFO             PET0 PIOc_freedecomp Exit - MemInfo: [malloc] Total free space:                            9045264 Byte
20220313 034151.829 INFO             PET0 PIOc_freedecomp Exit - MemInfo: [malloc] Top-most, releasable space:                   122256 Byte
20220313 034151.829 INFO             PET0 PIOc_freedecomp Exit - MemInfo: [malloc] Total space in use, mmap + non-mmap:         4553456 Byte
20220313 034151.829 INFO             PET0 PIOc_freedecomp Exit - MemInfo: [malloc] Total space held (mmap + non-mmap):         13598720 Byte
20220313 034151.829 INFO             PET0 PIOc_freedecomp Exit - MemInfo: [malloc] Total space used (mmap + non-mmap):          4561664 Byte
20220313 034151.829 INFO             PET0 PIOc_freedecomp Exit - MemInfo: Wall-clock time since execution start:              0.0191371 seconds
20220313 034151.829 INFO             PET0  PASS  Write multiple Fields with same dimensions to a file, ESMF_FieldIOUTest.F90, line 292
20220313 034151.829 INFO             PET0  PASS  Create grid for field metadata test, ESMF_FieldIOUTest.F90, line 309
20220313 034151.829 INFO             PET0  PASS  Create field with global indices, ESMF_FieldIOUTest.F90, line 316
20220313 034151.829 INFO             PET0  PASS  Get Farray_md from field, ESMF_FieldIOUTest.F90, line 324
20220313 034151.832 INFO             PET0 PIOc_sync Enter - MemInfo: [/proc/meminfo - SSI]	MemTotal:       527077124 kB
20220313 034151.832 INFO             PET0 PIOc_sync Enter - MemInfo: [/proc/meminfo - SSI]	MemFree:        517372824 kB
20220313 034151.832 INFO             PET0 PIOc_sync Enter - MemInfo: [/proc/meminfo - SSI]	MemAvailable:   517814832 kB
20220313 034151.832 INFO             PET0 PIOc_sync Enter - MemInfo: [/proc/meminfo - SSI]	Committed_AS:    1630836 kB
20220313 034151.832 INFO             PET0 PIOc_sync Enter - MemInfo: [/proc/meminfo - SSI]	CommittedPercent: 0.309411 %
20220313 034151.832 INFO             PET0 PIOc_sync Enter - MemInfo: [/proc/self/status]	VmPeak:	  203328 kB
20220313 034151.832 INFO             PET0 PIOc_sync Enter - MemInfo: [/proc/self/status]	VmSize:	  203328 kB
20220313 034151.832 INFO             PET0 PIOc_sync Enter - MemInfo: [/proc/self/status]	VmLck:	       0 kB
20220313 034151.832 INFO             PET0 PIOc_sync Enter - MemInfo: [/proc/self/status]	VmPin:	       0 kB
20220313 034151.832 INFO             PET0 PIOc_sync Enter - MemInfo: [/proc/self/status]	VmHWM:	   48456 kB
20220313 034151.832 INFO             PET0 PIOc_sync Enter - MemInfo: [/proc/self/status]	VmRSS:	   48456 kB
20220313 034151.832 INFO             PET0 PIOc_sync Enter - MemInfo: [/proc/self/status]	VmData:	   25560 kB
20220313 034151.832 INFO             PET0 PIOc_sync Enter - MemInfo: [/proc/self/status]	VmStk:	     156 kB
20220313 034151.832 INFO             PET0 PIOc_sync Enter - MemInfo: [/proc/self/status]	VmExe:	     432 kB
20220313 034151.832 INFO             PET0 PIOc_sync Enter - MemInfo: [/proc/self/status]	VmLib:	  103544 kB
20220313 034151.832 INFO             PET0 PIOc_sync Enter - MemInfo: [/proc/self/status]	VmPTE:	     408 kB
20220313 034151.832 INFO             PET0 PIOc_sync Enter - MemInfo: [/proc/self/status]	VmSwap:	       0 kB
20220313 034151.832 INFO             PET0 PIOc_sync Enter - MemInfo: [/proc/self/status]	VmRSSPercent: 0.00919334 %
20220313 034151.832 INFO             PET0 PIOc_sync Enter - MemInfo: [malloc] Non-mmapped space allocated:                18370560 Byte
20220313 034151.832 INFO             PET0 PIOc_sync Enter - MemInfo: [malloc] Space allocated in mmapped regions:          3629056 Byte
20220313 034151.832 INFO             PET0 PIOc_sync Enter - MemInfo: [malloc] Maximum total allocated space:                     0 Byte
20220313 034151.832 INFO             PET0 PIOc_sync Enter - MemInfo: [malloc] Space in freed fastbin blocks:                     0 Byte
20220313 034151.832 INFO             PET0 PIOc_sync Enter - MemInfo: [malloc] Total allocated space:                       9873552 Byte
20220313 034151.832 INFO             PET0 PIOc_sync Enter - MemInfo: [malloc] Total free space:                            8497008 Byte
20220313 034151.832 INFO             PET0 PIOc_sync Enter - MemInfo: [malloc] Top-most, releasable space:                   134528 Byte
20220313 034151.832 INFO             PET0 PIOc_sync Enter - MemInfo: [malloc] Total space in use, mmap + non-mmap:        13502608 Byte
20220313 034151.832 INFO             PET0 PIOc_sync Enter - MemInfo: [malloc] Total space held (mmap + non-mmap):         21999616 Byte
20220313 034151.832 INFO             PET0 PIOc_sync Enter - MemInfo: [malloc] Total space used (mmap + non-mmap):         13510816 Byte
20220313 034151.832 INFO             PET0 PIOc_sync Enter - MemInfo: Wall-clock time since execution start:              0.0223521 seconds
20220313 034151.832 INFO             PET0 PIOc_sync Exit - MemInfo: [/proc/meminfo - SSI]	MemTotal:       527077124 kB
20220313 034151.832 INFO             PET0 PIOc_sync Exit - MemInfo: [/proc/meminfo - SSI]	MemFree:        517372824 kB
20220313 034151.832 INFO             PET0 PIOc_sync Exit - MemInfo: [/proc/meminfo - SSI]	MemAvailable:   517814832 kB
20220313 034151.832 INFO             PET0 PIOc_sync Exit - MemInfo: [/proc/meminfo - SSI]	Committed_AS:    1630836 kB
20220313 034151.832 INFO             PET0 PIOc_sync Exit - MemInfo: [/proc/meminfo - SSI]	CommittedPercent: 0.309411 %
20220313 034151.832 INFO             PET0 PIOc_sync Exit - MemInfo: [/proc/self/status]	VmPeak:	  203328 kB
20220313 034151.832 INFO             PET0 PIOc_sync Exit - MemInfo: [/proc/self/status]	VmSize:	  203328 kB
20220313 034151.832 INFO             PET0 PIOc_sync Exit - MemInfo: [/proc/self/status]	VmLck:	       0 kB
20220313 034151.832 INFO             PET0 PIOc_sync Exit - MemInfo: [/proc/self/status]	VmPin:	       0 kB
20220313 034151.832 INFO             PET0 PIOc_sync Exit - MemInfo: [/proc/self/status]	VmHWM:	   48456 kB
20220313 034151.832 INFO             PET0 PIOc_sync Exit - MemInfo: [/proc/self/status]	VmRSS:	   48456 kB
20220313 034151.832 INFO             PET0 PIOc_sync Exit - MemInfo: [/proc/self/status]	VmData:	   25560 kB
20220313 034151.832 INFO             PET0 PIOc_sync Exit - MemInfo: [/proc/self/status]	VmStk:	     156 kB
20220313 034151.832 INFO             PET0 PIOc_sync Exit - MemInfo: [/proc/self/status]	VmExe:	     432 kB
20220313 034151.832 INFO             PET0 PIOc_sync Exit - MemInfo: [/proc/self/status]	VmLib:	  103544 kB
20220313 034151.832 INFO             PET0 PIOc_sync Exit - MemInfo: [/proc/self/status]	VmPTE:	     408 kB
20220313 034151.832 INFO             PET0 PIOc_sync Exit - MemInfo: [/proc/self/status]	VmSwap:	       0 kB
20220313 034151.832 INFO             PET0 PIOc_sync Exit - MemInfo: [/proc/self/status]	VmRSSPercent: 0.00919334 %
20220313 034151.832 INFO             PET0 PIOc_sync Exit - MemInfo: [malloc] Non-mmapped space allocated:                18370560 Byte
20220313 034151.832 INFO             PET0 PIOc_sync Exit - MemInfo: [malloc] Space allocated in mmapped regions:          3629056 Byte
20220313 034151.832 INFO             PET0 PIOc_sync Exit - MemInfo: [malloc] Maximum total allocated space:                     0 Byte
20220313 034151.832 INFO             PET0 PIOc_sync Exit - MemInfo: [malloc] Space in freed fastbin blocks:                     0 Byte
20220313 034151.832 INFO             PET0 PIOc_sync Exit - MemInfo: [malloc] Total allocated space:                       9882848 Byte
20220313 034151.832 INFO             PET0 PIOc_sync Exit - MemInfo: [malloc] Total free space:                            8487712 Byte
20220313 034151.832 INFO             PET0 PIOc_sync Exit - MemInfo: [malloc] Top-most, releasable space:                   134528 Byte
20220313 034151.832 INFO             PET0 PIOc_sync Exit - MemInfo: [malloc] Total space in use, mmap + non-mmap:        13511904 Byte
20220313 034151.832 INFO             PET0 PIOc_sync Exit - MemInfo: [malloc] Total space held (mmap + non-mmap):         21999616 Byte
20220313 034151.832 INFO             PET0 PIOc_sync Exit - MemInfo: [malloc] Total space used (mmap + non-mmap):         13520112 Byte
20220313 034151.832 INFO             PET0 PIOc_sync Exit - MemInfo: Wall-clock time since execution start:              0.0226326 seconds
20220313 034151.832 INFO             PET0 PIOc_freedecomp Enter - MemInfo: [/proc/meminfo - SSI]	MemTotal:       527077124 kB
20220313 034151.832 INFO             PET0 PIOc_freedecomp Enter - MemInfo: [/proc/meminfo - SSI]	MemFree:        517372824 kB
20220313 034151.832 INFO             PET0 PIOc_freedecomp Enter - MemInfo: [/proc/meminfo - SSI]	MemAvailable:   517814832 kB
20220313 034151.832 INFO             PET0 PIOc_freedecomp Enter - MemInfo: [/proc/meminfo - SSI]	Committed_AS:    1630836 kB
20220313 034151.832 INFO             PET0 PIOc_freedecomp Enter - MemInfo: [/proc/meminfo - SSI]	CommittedPercent: 0.309411 %
20220313 034151.832 INFO             PET0 PIOc_freedecomp Enter - MemInfo: [/proc/self/status]	VmPeak:	  203328 kB
20220313 034151.832 INFO             PET0 PIOc_freedecomp Enter - MemInfo: [/proc/self/status]	VmSize:	  203328 kB
20220313 034151.833 INFO             PET0 PIOc_freedecomp Enter - MemInfo: [/proc/self/status]	VmLck:	       0 kB
20220313 034151.833 INFO             PET0 PIOc_freedecomp Enter - MemInfo: [/proc/self/status]	VmPin:	       0 kB
20220313 034151.833 INFO             PET0 PIOc_freedecomp Enter - MemInfo: [/proc/self/status]	VmHWM:	   48456 kB
20220313 034151.833 INFO             PET0 PIOc_freedecomp Enter - MemInfo: [/proc/self/status]	VmRSS:	   48456 kB
20220313 034151.833 INFO             PET0 PIOc_freedecomp Enter - MemInfo: [/proc/self/status]	VmData:	   25560 kB
20220313 034151.833 INFO             PET0 PIOc_freedecomp Enter - MemInfo: [/proc/self/status]	VmStk:	     156 kB
20220313 034151.833 INFO             PET0 PIOc_freedecomp Enter - MemInfo: [/proc/self/status]	VmExe:	     432 kB
20220313 034151.833 INFO             PET0 PIOc_freedecomp Enter - MemInfo: [/proc/self/status]	VmLib:	  103544 kB
20220313 034151.833 INFO             PET0 PIOc_freedecomp Enter - MemInfo: [/proc/self/status]	VmPTE:	     408 kB
20220313 034151.833 INFO             PET0 PIOc_freedecomp Enter - MemInfo: [/proc/self/status]	VmSwap:	       0 kB
20220313 034151.833 INFO             PET0 PIOc_freedecomp Enter - MemInfo: [/proc/self/status]	VmRSSPercent: 0.00919334 %
20220313 034151.833 INFO             PET0 PIOc_freedecomp Enter - MemInfo: [malloc] Non-mmapped space allocated:                18370560 Byte
20220313 034151.833 INFO             PET0 PIOc_freedecomp Enter - MemInfo: [malloc] Space allocated in mmapped regions:          3629056 Byte
20220313 034151.833 INFO             PET0 PIOc_freedecomp Enter - MemInfo: [malloc] Maximum total allocated space:                     0 Byte
20220313 034151.833 INFO             PET0 PIOc_freedecomp Enter - MemInfo: [malloc] Space in freed fastbin blocks:                   224 Byte
20220313 034151.833 INFO             PET0 PIOc_freedecomp Enter - MemInfo: [malloc] Total allocated space:                        958560 Byte
20220313 034151.833 INFO             PET0 PIOc_freedecomp Enter - MemInfo: [malloc] Total free space:                           17412000 Byte
20220313 034151.833 INFO             PET0 PIOc_freedecomp Enter - MemInfo: [malloc] Top-most, releasable space:                  8523152 Byte
20220313 034151.833 INFO             PET0 PIOc_freedecomp Enter - MemInfo: [malloc] Total space in use, mmap + non-mmap:         4587616 Byte
20220313 034151.833 INFO             PET0 PIOc_freedecomp Enter - MemInfo: [malloc] Total space held (mmap + non-mmap):         21999616 Byte
20220313 034151.833 INFO             PET0 PIOc_freedecomp Enter - MemInfo: [malloc] Total space used (mmap + non-mmap):          4595824 Byte
20220313 034151.833 INFO             PET0 PIOc_freedecomp Enter - MemInfo: Wall-clock time since execution start:              0.0229681 seconds
20220313 034151.833 INFO             PET0 PIOc_freedecomp Exit - MemInfo: [/proc/meminfo - SSI]	MemTotal:       527077124 kB
20220313 034151.833 INFO             PET0 PIOc_freedecomp Exit - MemInfo: [/proc/meminfo - SSI]	MemFree:        517372824 kB
20220313 034151.833 INFO             PET0 PIOc_freedecomp Exit - MemInfo: [/proc/meminfo - SSI]	MemAvailable:   517814832 kB
20220313 034151.833 INFO             PET0 PIOc_freedecomp Exit - MemInfo: [/proc/meminfo - SSI]	Committed_AS:    1630836 kB
20220313 034151.833 INFO             PET0 PIOc_freedecomp Exit - MemInfo: [/proc/meminfo - SSI]	CommittedPercent: 0.309411 %
20220313 034151.833 INFO             PET0 PIOc_freedecomp Exit - MemInfo: [/proc/self/status]	VmPeak:	  203328 kB
20220313 034151.833 INFO             PET0 PIOc_freedecomp Exit - MemInfo: [/proc/self/status]	VmSize:	  203328 kB
20220313 034151.833 INFO             PET0 PIOc_freedecomp Exit - MemInfo: [/proc/self/status]	VmLck:	       0 kB
20220313 034151.833 INFO             PET0 PIOc_freedecomp Exit - MemInfo: [/proc/self/status]	VmPin:	       0 kB
20220313 034151.833 INFO             PET0 PIOc_freedecomp Exit - MemInfo: [/proc/self/status]	VmHWM:	   48456 kB
20220313 034151.833 INFO             PET0 PIOc_freedecomp Exit - MemInfo: [/proc/self/status]	VmRSS:	   48456 kB
20220313 034151.833 INFO             PET0 PIOc_freedecomp Exit - MemInfo: [/proc/self/status]	VmData:	   25560 kB
20220313 034151.833 INFO             PET0 PIOc_freedecomp Exit - MemInfo: [/proc/self/status]	VmStk:	     156 kB
20220313 034151.833 INFO             PET0 PIOc_freedecomp Exit - MemInfo: [/proc/self/status]	VmExe:	     432 kB
20220313 034151.833 INFO             PET0 PIOc_freedecomp Exit - MemInfo: [/proc/self/status]	VmLib:	  103544 kB
20220313 034151.833 INFO             PET0 PIOc_freedecomp Exit - MemInfo: [/proc/self/status]	VmPTE:	     408 kB
20220313 034151.833 INFO             PET0 PIOc_freedecomp Exit - MemInfo: [/proc/self/status]	VmSwap:	       0 kB
20220313 034151.833 INFO             PET0 PIOc_freedecomp Exit - MemInfo: [/proc/self/status]	VmRSSPercent: 0.00919334 %
20220313 034151.833 INFO             PET0 PIOc_freedecomp Exit - MemInfo: [malloc] Non-mmapped space allocated:                18370560 Byte
20220313 034151.833 INFO             PET0 PIOc_freedecomp Exit - MemInfo: [malloc] Space allocated in mmapped regions:          3629056 Byte
20220313 034151.833 INFO             PET0 PIOc_freedecomp Exit - MemInfo: [malloc] Maximum total allocated space:                     0 Byte
20220313 034151.833 INFO             PET0 PIOc_freedecomp Exit - MemInfo: [malloc] Space in freed fastbin blocks:                   448 Byte
20220313 034151.833 INFO             PET0 PIOc_freedecomp Exit - MemInfo: [malloc] Total allocated space:                        952384 Byte
20220313 034151.833 INFO             PET0 PIOc_freedecomp Exit - MemInfo: [malloc] Total free space:                           17418176 Byte
20220313 034151.833 INFO             PET0 PIOc_freedecomp Exit - MemInfo: [malloc] Top-most, releasable space:                  8523152 Byte
20220313 034151.833 INFO             PET0 PIOc_freedecomp Exit - MemInfo: [malloc] Total space in use, mmap + non-mmap:         4581440 Byte
20220313 034151.833 INFO             PET0 PIOc_freedecomp Exit - MemInfo: [malloc] Total space held (mmap + non-mmap):         21999616 Byte
20220313 034151.833 INFO             PET0 PIOc_freedecomp Exit - MemInfo: [malloc] Total space used (mmap + non-mmap):          4589648 Byte
20220313 034151.833 INFO             PET0 PIOc_freedecomp Exit - MemInfo: Wall-clock time since execution start:              0.0231803 seconds
20220313 034151.833 INFO             PET0  PASS  Write Field to NetCDF file, ESMF_FieldIOUTest.F90, line 348
20220313 034151.833 INFO             PET0  PASS  Confirm NetCDF metadata - open file, ESMF_FieldIOUTest.F90, line 359
20220313 034151.833 INFO             PET0  PASS  Confirm NetCDF metadata - check dim 1, ESMF_FieldIOUTest.F90, line 369
20220313 034151.833 INFO             PET0  PASS  Confirm NetCDF metadata - check dim 1 len, ESMF_FieldIOUTest.F90, line 379
20220313 034151.834 INFO             PET0  PASS  Confirm NetCDF metadata - check dim 2, ESMF_FieldIOUTest.F90, line 389
20220313 034151.834 INFO             PET0  PASS  Confirm NetCDF metadata - check dim 2 len, ESMF_FieldIOUTest.F90, line 399
20220313 034151.834 INFO             PET0  PASS  Confirm NetCDF metadata - variable exists, ESMF_FieldIOUTest.F90, line 409
20220313 034151.834 INFO             PET0  PASS  Confirm NetCDF metadata - variable has expected dims, ESMF_FieldIOUTest.F90, line 420
20220313 034151.834 INFO             PET0  PASS  Confirm NetCDF data - check data for field, ESMF_FieldIOUTest.F90, line 445
20220313 034151.834 INFO             PET0  PASS  Confirm NetCDF data - close file, ESMF_FieldIOUTest.F90, line 456
20220313 034151.838 INFO             PET0 PIOc_sync Enter - MemInfo: [/proc/meminfo - SSI]	MemTotal:       527077124 kB
20220313 034151.838 INFO             PET0 PIOc_sync Enter - MemInfo: [/proc/meminfo - SSI]	MemFree:        517368540 kB
20220313 034151.838 INFO             PET0 PIOc_sync Enter - MemInfo: [/proc/meminfo - SSI]	MemAvailable:   517810548 kB
20220313 034151.838 INFO             PET0 PIOc_sync Enter - MemInfo: [/proc/meminfo - SSI]	Committed_AS:    1631628 kB
20220313 034151.838 INFO             PET0 PIOc_sync Enter - MemInfo: [/proc/meminfo - SSI]	CommittedPercent: 0.309562 %
20220313 034151.838 INFO             PET0 PIOc_sync Enter - MemInfo: [/proc/self/status]	VmPeak:	  203328 kB
20220313 034151.838 INFO             PET0 PIOc_sync Enter - MemInfo: [/proc/self/status]	VmSize:	  203328 kB
20220313 034151.838 INFO             PET0 PIOc_sync Enter - MemInfo: [/proc/self/status]	VmLck:	       0 kB
20220313 034151.838 INFO             PET0 PIOc_sync Enter - MemInfo: [/proc/self/status]	VmPin:	       0 kB
20220313 034151.838 INFO             PET0 PIOc_sync Enter - MemInfo: [/proc/self/status]	VmHWM:	   48480 kB
20220313 034151.838 INFO             PET0 PIOc_sync Enter - MemInfo: [/proc/self/status]	VmRSS:	   48456 kB
20220313 034151.838 INFO             PET0 PIOc_sync Enter - MemInfo: [/proc/self/status]	VmData:	   25560 kB
20220313 034151.838 INFO             PET0 PIOc_sync Enter - MemInfo: [/proc/self/status]	VmStk:	     156 kB
20220313 034151.838 INFO             PET0 PIOc_sync Enter - MemInfo: [/proc/self/status]	VmExe:	     432 kB
20220313 034151.838 INFO             PET0 PIOc_sync Enter - MemInfo: [/proc/self/status]	VmLib:	  103544 kB
20220313 034151.838 INFO             PET0 PIOc_sync Enter - MemInfo: [/proc/self/status]	VmPTE:	     408 kB
20220313 034151.838 INFO             PET0 PIOc_sync Enter - MemInfo: [/proc/self/status]	VmSwap:	       0 kB
20220313 034151.838 INFO             PET0 PIOc_sync Enter - MemInfo: [/proc/self/status]	VmRSSPercent: 0.00919334 %
20220313 034151.838 INFO             PET0 PIOc_sync Enter - MemInfo: [malloc] Non-mmapped space allocated:                18370560 Byte
20220313 034151.838 INFO             PET0 PIOc_sync Enter - MemInfo: [malloc] Space allocated in mmapped regions:          3629056 Byte
20220313 034151.838 INFO             PET0 PIOc_sync Enter - MemInfo: [malloc] Maximum total allocated space:                     0 Byte
20220313 034151.838 INFO             PET0 PIOc_sync Enter - MemInfo: [malloc] Space in freed fastbin blocks:                     0 Byte
20220313 034151.838 INFO             PET0 PIOc_sync Enter - MemInfo: [malloc] Total allocated space:                       9885072 Byte
20220313 034151.838 INFO             PET0 PIOc_sync Enter - MemInfo: [malloc] Total free space:                            8485488 Byte
20220313 034151.838 INFO             PET0 PIOc_sync Enter - MemInfo: [malloc] Top-most, releasable space:                   134528 Byte
20220313 034151.838 INFO             PET0 PIOc_sync Enter - MemInfo: [malloc] Total space in use, mmap + non-mmap:        13514128 Byte
20220313 034151.838 INFO             PET0 PIOc_sync Enter - MemInfo: [malloc] Total space held (mmap + non-mmap):         21999616 Byte
20220313 034151.838 INFO             PET0 PIOc_sync Enter - MemInfo: [malloc] Total space used (mmap + non-mmap):         13522336 Byte
20220313 034151.838 INFO             PET0 PIOc_sync Enter - MemInfo: Wall-clock time since execution start:              0.0288157 seconds
20220313 034151.839 INFO             PET0 PIOc_sync Exit - MemInfo: [/proc/meminfo - SSI]	MemTotal:       527077124 kB
20220313 034151.839 INFO             PET0 PIOc_sync Exit - MemInfo: [/proc/meminfo - SSI]	MemFree:        517368540 kB
20220313 034151.839 INFO             PET0 PIOc_sync Exit - MemInfo: [/proc/meminfo - SSI]	MemAvailable:   517810548 kB
20220313 034151.839 INFO             PET0 PIOc_sync Exit - MemInfo: [/proc/meminfo - SSI]	Committed_AS:    1631628 kB
20220313 034151.839 INFO             PET0 PIOc_sync Exit - MemInfo: [/proc/meminfo - SSI]	CommittedPercent: 0.309562 %
20220313 034151.839 INFO             PET0 PIOc_sync Exit - MemInfo: [/proc/self/status]	VmPeak:	  203328 kB
20220313 034151.839 INFO             PET0 PIOc_sync Exit - MemInfo: [/proc/self/status]	VmSize:	  203328 kB
20220313 034151.839 INFO             PET0 PIOc_sync Exit - MemInfo: [/proc/self/status]	VmLck:	       0 kB
20220313 034151.839 INFO             PET0 PIOc_sync Exit - MemInfo: [/proc/self/status]	VmPin:	       0 kB
20220313 034151.839 INFO             PET0 PIOc_sync Exit - MemInfo: [/proc/self/status]	VmHWM:	   48480 kB
20220313 034151.839 INFO             PET0 PIOc_sync Exit - MemInfo: [/proc/self/status]	VmRSS:	   48456 kB
20220313 034151.839 INFO             PET0 PIOc_sync Exit - MemInfo: [/proc/self/status]	VmData:	   25560 kB
20220313 034151.839 INFO             PET0 PIOc_sync Exit - MemInfo: [/proc/self/status]	VmStk:	     156 kB
20220313 034151.839 INFO             PET0 PIOc_sync Exit - MemInfo: [/proc/self/status]	VmExe:	     432 kB
20220313 034151.839 INFO             PET0 PIOc_sync Exit - MemInfo: [/proc/self/status]	VmLib:	  103544 kB
20220313 034151.839 INFO             PET0 PIOc_sync Exit - MemInfo: [/proc/self/status]	VmPTE:	     408 kB
20220313 034151.839 INFO             PET0 PIOc_sync Exit - MemInfo: [/proc/self/status]	VmSwap:	       0 kB
20220313 034151.839 INFO             PET0 PIOc_sync Exit - MemInfo: [/proc/self/status]	VmRSSPercent: 0.00919334 %
20220313 034151.839 INFO             PET0 PIOc_sync Exit - MemInfo: [malloc] Non-mmapped space allocated:                18370560 Byte
20220313 034151.839 INFO             PET0 PIOc_sync Exit - MemInfo: [malloc] Space allocated in mmapped regions:          3629056 Byte
20220313 034151.839 INFO             PET0 PIOc_sync Exit - MemInfo: [malloc] Maximum total allocated space:                     0 Byte
20220313 034151.839 INFO             PET0 PIOc_sync Exit - MemInfo: [malloc] Space in freed fastbin blocks:                     0 Byte
20220313 034151.839 INFO             PET0 PIOc_sync Exit - MemInfo: [malloc] Total allocated space:                       9885680 Byte
20220313 034151.839 INFO             PET0 PIOc_sync Exit - MemInfo: [malloc] Total free space:                            8484880 Byte
20220313 034151.839 INFO             PET0 PIOc_sync Exit - MemInfo: [malloc] Top-most, releasable space:                   134528 Byte
20220313 034151.839 INFO             PET0 PIOc_sync Exit - MemInfo: [malloc] Total space in use, mmap + non-mmap:        13514736 Byte
20220313 034151.839 INFO             PET0 PIOc_sync Exit - MemInfo: [malloc] Total space held (mmap + non-mmap):         21999616 Byte
20220313 034151.839 INFO             PET0 PIOc_sync Exit - MemInfo: [malloc] Total space used (mmap + non-mmap):         13522944 Byte
20220313 034151.839 INFO             PET0 PIOc_sync Exit - MemInfo: Wall-clock time since execution start:              0.0290954 seconds
20220313 034151.839 INFO             PET0 PIOc_freedecomp Enter - MemInfo: [/proc/meminfo - SSI]	MemTotal:       527077124 kB
20220313 034151.839 INFO             PET0 PIOc_freedecomp Enter - MemInfo: [/proc/meminfo - SSI]	MemFree:        517368540 kB
20220313 034151.839 INFO             PET0 PIOc_freedecomp Enter - MemInfo: [/proc/meminfo - SSI]	MemAvailable:   517810548 kB
20220313 034151.839 INFO             PET0 PIOc_freedecomp Enter - MemInfo: [/proc/meminfo - SSI]	Committed_AS:    1631628 kB
20220313 034151.839 INFO             PET0 PIOc_freedecomp Enter - MemInfo: [/proc/meminfo - SSI]	CommittedPercent: 0.309562 %
20220313 034151.839 INFO             PET0 PIOc_freedecomp Enter - MemInfo: [/proc/self/status]	VmPeak:	  203328 kB
20220313 034151.839 INFO             PET0 PIOc_freedecomp Enter - MemInfo: [/proc/self/status]	VmSize:	  203328 kB
20220313 034151.839 INFO             PET0 PIOc_freedecomp Enter - MemInfo: [/proc/self/status]	VmLck:	       0 kB
20220313 034151.839 INFO             PET0 PIOc_freedecomp Enter - MemInfo: [/proc/self/status]	VmPin:	       0 kB
20220313 034151.839 INFO             PET0 PIOc_freedecomp Enter - MemInfo: [/proc/self/status]	VmHWM:	   48480 kB
20220313 034151.839 INFO             PET0 PIOc_freedecomp Enter - MemInfo: [/proc/self/status]	VmRSS:	   48456 kB
20220313 034151.839 INFO             PET0 PIOc_freedecomp Enter - MemInfo: [/proc/self/status]	VmData:	   25560 kB
20220313 034151.839 INFO             PET0 PIOc_freedecomp Enter - MemInfo: [/proc/self/status]	VmStk:	     156 kB
20220313 034151.839 INFO             PET0 PIOc_freedecomp Enter - MemInfo: [/proc/self/status]	VmExe:	     432 kB
20220313 034151.839 INFO             PET0 PIOc_freedecomp Enter - MemInfo: [/proc/self/status]	VmLib:	  103544 kB
20220313 034151.839 INFO             PET0 PIOc_freedecomp Enter - MemInfo: [/proc/self/status]	VmPTE:	     408 kB
20220313 034151.839 INFO             PET0 PIOc_freedecomp Enter - MemInfo: [/proc/self/status]	VmSwap:	       0 kB
20220313 034151.839 INFO             PET0 PIOc_freedecomp Enter - MemInfo: [/proc/self/status]	VmRSSPercent: 0.00919334 %
20220313 034151.839 INFO             PET0 PIOc_freedecomp Enter - MemInfo: [malloc] Non-mmapped space allocated:                18370560 Byte
20220313 034151.839 INFO             PET0 PIOc_freedecomp Enter - MemInfo: [malloc] Space allocated in mmapped regions:          3629056 Byte
20220313 034151.839 INFO             PET0 PIOc_freedecomp Enter - MemInfo: [malloc] Maximum total allocated space:                     0 Byte
20220313 034151.839 INFO             PET0 PIOc_freedecomp Enter - MemInfo: [malloc] Space in freed fastbin blocks:                   144 Byte
20220313 034151.839 INFO             PET0 PIOc_freedecomp Enter - MemInfo: [malloc] Total allocated space:                        961312 Byte
20220313 034151.839 INFO             PET0 PIOc_freedecomp Enter - MemInfo: [malloc] Total free space:                           17409248 Byte
20220313 034151.839 INFO             PET0 PIOc_freedecomp Enter - MemInfo: [malloc] Top-most, releasable space:                  8523152 Byte
20220313 034151.839 INFO             PET0 PIOc_freedecomp Enter - MemInfo: [malloc] Total space in use, mmap + non-mmap:         4590368 Byte
20220313 034151.839 INFO             PET0 PIOc_freedecomp Enter - MemInfo: [malloc] Total space held (mmap + non-mmap):         21999616 Byte
20220313 034151.839 INFO             PET0 PIOc_freedecomp Enter - MemInfo: [malloc] Total space used (mmap + non-mmap):          4598576 Byte
20220313 034151.839 INFO             PET0 PIOc_freedecomp Enter - MemInfo: Wall-clock time since execution start:              0.0294528 seconds
20220313 034151.839 INFO             PET0 PIOc_freedecomp Exit - MemInfo: [/proc/meminfo - SSI]	MemTotal:       527077124 kB
20220313 034151.839 INFO             PET0 PIOc_freedecomp Exit - MemInfo: [/proc/meminfo - SSI]	MemFree:        517368540 kB
20220313 034151.839 INFO             PET0 PIOc_freedecomp Exit - MemInfo: [/proc/meminfo - SSI]	MemAvailable:   517810548 kB
20220313 034151.839 INFO             PET0 PIOc_freedecomp Exit - MemInfo: [/proc/meminfo - SSI]	Committed_AS:    1631628 kB
20220313 034151.839 INFO             PET0 PIOc_freedecomp Exit - MemInfo: [/proc/meminfo - SSI]	CommittedPercent: 0.309562 %
20220313 034151.839 INFO             PET0 PIOc_freedecomp Exit - MemInfo: [/proc/self/status]	VmPeak:	  203328 kB
20220313 034151.839 INFO             PET0 PIOc_freedecomp Exit - MemInfo: [/proc/self/status]	VmSize:	  203328 kB
20220313 034151.839 INFO             PET0 PIOc_freedecomp Exit - MemInfo: [/proc/self/status]	VmLck:	       0 kB
20220313 034151.839 INFO             PET0 PIOc_freedecomp Exit - MemInfo: [/proc/self/status]	VmPin:	       0 kB
20220313 034151.839 INFO             PET0 PIOc_freedecomp Exit - MemInfo: [/proc/self/status]	VmHWM:	   48480 kB
20220313 034151.839 INFO             PET0 PIOc_freedecomp Exit - MemInfo: [/proc/self/status]	VmRSS:	   48456 kB
20220313 034151.839 INFO             PET0 PIOc_freedecomp Exit - MemInfo: [/proc/self/status]	VmData:	   25560 kB
20220313 034151.839 INFO             PET0 PIOc_freedecomp Exit - MemInfo: [/proc/self/status]	VmStk:	     156 kB
20220313 034151.839 INFO             PET0 PIOc_freedecomp Exit - MemInfo: [/proc/self/status]	VmExe:	     432 kB
20220313 034151.839 INFO             PET0 PIOc_freedecomp Exit - MemInfo: [/proc/self/status]	VmLib:	  103544 kB
20220313 034151.839 INFO             PET0 PIOc_freedecomp Exit - MemInfo: [/proc/self/status]	VmPTE:	     408 kB
20220313 034151.839 INFO             PET0 PIOc_freedecomp Exit - MemInfo: [/proc/self/status]	VmSwap:	       0 kB
20220313 034151.839 INFO             PET0 PIOc_freedecomp Exit - MemInfo: [/proc/self/status]	VmRSSPercent: 0.00919334 %
20220313 034151.839 INFO             PET0 PIOc_freedecomp Exit - MemInfo: [malloc] Non-mmapped space allocated:                18370560 Byte
20220313 034151.839 INFO             PET0 PIOc_freedecomp Exit - MemInfo: [malloc] Space allocated in mmapped regions:          3629056 Byte
20220313 034151.839 INFO             PET0 PIOc_freedecomp Exit - MemInfo: [malloc] Maximum total allocated space:                     0 Byte
20220313 034151.839 INFO             PET0 PIOc_freedecomp Exit - MemInfo: [malloc] Space in freed fastbin blocks:                   784 Byte
20220313 034151.839 INFO             PET0 PIOc_freedecomp Exit - MemInfo: [malloc] Total allocated space:                        958736 Byte
20220313 034151.839 INFO             PET0 PIOc_freedecomp Exit - MemInfo: [malloc] Total free space:                           17411824 Byte
20220313 034151.839 INFO             PET0 PIOc_freedecomp Exit - MemInfo: [malloc] Top-most, releasable space:                  8523152 Byte
20220313 034151.839 INFO             PET0 PIOc_freedecomp Exit - MemInfo: [malloc] Total space in use, mmap + non-mmap:         4587792 Byte
20220313 034151.839 INFO             PET0 PIOc_freedecomp Exit - MemInfo: [malloc] Total space held (mmap + non-mmap):         21999616 Byte
20220313 034151.839 INFO             PET0 PIOc_freedecomp Exit - MemInfo: [malloc] Total space used (mmap + non-mmap):          4596000 Byte
20220313 034151.839 INFO             PET0 PIOc_freedecomp Exit - MemInfo: Wall-clock time since execution start:              0.0296564 seconds
20220313 034151.841 INFO             PET0 PIOc_sync Enter - MemInfo: [/proc/meminfo - SSI]	MemTotal:       527077124 kB
20220313 034151.841 INFO             PET0 PIOc_sync Enter - MemInfo: [/proc/meminfo - SSI]	MemFree:        517368540 kB
20220313 034151.841 INFO             PET0 PIOc_sync Enter - MemInfo: [/proc/meminfo - SSI]	MemAvailable:   517810548 kB
20220313 034151.841 INFO             PET0 PIOc_sync Enter - MemInfo: [/proc/meminfo - SSI]	Committed_AS:    1631628 kB
20220313 034151.841 INFO             PET0 PIOc_sync Enter - MemInfo: [/proc/meminfo - SSI]	CommittedPercent: 0.309562 %
20220313 034151.841 INFO             PET0 PIOc_sync Enter - MemInfo: [/proc/self/status]	VmPeak:	  203328 kB
20220313 034151.841 INFO             PET0 PIOc_sync Enter - MemInfo: [/proc/self/status]	VmSize:	  203328 kB
20220313 034151.841 INFO             PET0 PIOc_sync Enter - MemInfo: [/proc/self/status]	VmLck:	       0 kB
20220313 034151.841 INFO             PET0 PIOc_sync Enter - MemInfo: [/proc/self/status]	VmPin:	       0 kB
20220313 034151.841 INFO             PET0 PIOc_sync Enter - MemInfo: [/proc/self/status]	VmHWM:	   48804 kB
20220313 034151.841 INFO             PET0 PIOc_sync Enter - MemInfo: [/proc/self/status]	VmRSS:	   48780 kB
20220313 034151.841 INFO             PET0 PIOc_sync Enter - MemInfo: [/proc/self/status]	VmData:	   25560 kB
20220313 034151.841 INFO             PET0 PIOc_sync Enter - MemInfo: [/proc/self/status]	VmStk:	     156 kB
20220313 034151.841 INFO             PET0 PIOc_sync Enter - MemInfo: [/proc/self/status]	VmExe:	     432 kB
20220313 034151.841 INFO             PET0 PIOc_sync Enter - MemInfo: [/proc/self/status]	VmLib:	  103544 kB
20220313 034151.841 INFO             PET0 PIOc_sync Enter - MemInfo: [/proc/self/status]	VmPTE:	     408 kB
20220313 034151.841 INFO             PET0 PIOc_sync Enter - MemInfo: [/proc/self/status]	VmSwap:	       0 kB
20220313 034151.841 INFO             PET0 PIOc_sync Enter - MemInfo: [/proc/self/status]	VmRSSPercent: 0.00925481 %
20220313 034151.841 INFO             PET0 PIOc_sync Enter - MemInfo: [malloc] Non-mmapped space allocated:                18370560 Byte
20220313 034151.841 INFO             PET0 PIOc_sync Enter - MemInfo: [malloc] Space allocated in mmapped regions:          3629056 Byte
20220313 034151.841 INFO             PET0 PIOc_sync Enter - MemInfo: [malloc] Maximum total allocated space:                     0 Byte
20220313 034151.841 INFO             PET0 PIOc_sync Enter - MemInfo: [malloc] Space in freed fastbin blocks:                     0 Byte
20220313 034151.841 INFO             PET0 PIOc_sync Enter - MemInfo: [malloc] Total allocated space:                       9891440 Byte
20220313 034151.841 INFO             PET0 PIOc_sync Enter - MemInfo: [malloc] Total free space:                            8479120 Byte
20220313 034151.841 INFO             PET0 PIOc_sync Enter - MemInfo: [malloc] Top-most, releasable space:                   134528 Byte
20220313 034151.841 INFO             PET0 PIOc_sync Enter - MemInfo: [malloc] Total space in use, mmap + non-mmap:        13520496 Byte
20220313 034151.841 INFO             PET0 PIOc_sync Enter - MemInfo: [malloc] Total space held (mmap + non-mmap):         21999616 Byte
20220313 034151.841 INFO             PET0 PIOc_sync Enter - MemInfo: [malloc] Total space used (mmap + non-mmap):         13528704 Byte
20220313 034151.842 INFO             PET0 PIOc_sync Enter - MemInfo: Wall-clock time since execution start:               0.031834 seconds
20220313 034151.842 INFO             PET0 PIOc_sync Exit - MemInfo: [/proc/meminfo - SSI]	MemTotal:       527077124 kB
20220313 034151.842 INFO             PET0 PIOc_sync Exit - MemInfo: [/proc/meminfo - SSI]	MemFree:        517368540 kB
20220313 034151.842 INFO             PET0 PIOc_sync Exit - MemInfo: [/proc/meminfo - SSI]	MemAvailable:   517810548 kB
20220313 034151.842 INFO             PET0 PIOc_sync Exit - MemInfo: [/proc/meminfo - SSI]	Committed_AS:    1631628 kB
20220313 034151.842 INFO             PET0 PIOc_sync Exit - MemInfo: [/proc/meminfo - SSI]	CommittedPercent: 0.309562 %
20220313 034151.842 INFO             PET0 PIOc_sync Exit - MemInfo: [/proc/self/status]	VmPeak:	  203328 kB
20220313 034151.842 INFO             PET0 PIOc_sync Exit - MemInfo: [/proc/self/status]	VmSize:	  203328 kB
20220313 034151.842 INFO             PET0 PIOc_sync Exit - MemInfo: [/proc/self/status]	VmLck:	       0 kB
20220313 034151.842 INFO             PET0 PIOc_sync Exit - MemInfo: [/proc/self/status]	VmPin:	       0 kB
20220313 034151.842 INFO             PET0 PIOc_sync Exit - MemInfo: [/proc/self/status]	VmHWM:	   48804 kB
20220313 034151.842 INFO             PET0 PIOc_sync Exit - MemInfo: [/proc/self/status]	VmRSS:	   48780 kB
20220313 034151.842 INFO             PET0 PIOc_sync Exit - MemInfo: [/proc/self/status]	VmData:	   25560 kB
20220313 034151.842 INFO             PET0 PIOc_sync Exit - MemInfo: [/proc/self/status]	VmStk:	     156 kB
20220313 034151.842 INFO             PET0 PIOc_sync Exit - MemInfo: [/proc/self/status]	VmExe:	     432 kB
20220313 034151.842 INFO             PET0 PIOc_sync Exit - MemInfo: [/proc/self/status]	VmLib:	  103544 kB
20220313 034151.842 INFO             PET0 PIOc_sync Exit - MemInfo: [/proc/self/status]	VmPTE:	     408 kB
20220313 034151.842 INFO             PET0 PIOc_sync Exit - MemInfo: [/proc/self/status]	VmSwap:	       0 kB
20220313 034151.842 INFO             PET0 PIOc_sync Exit - MemInfo: [/proc/self/status]	VmRSSPercent: 0.00925481 %
20220313 034151.842 INFO             PET0 PIOc_sync Exit - MemInfo: [malloc] Non-mmapped space allocated:                18370560 Byte
20220313 034151.842 INFO             PET0 PIOc_sync Exit - MemInfo: [malloc] Space allocated in mmapped regions:          3629056 Byte
20220313 034151.842 INFO             PET0 PIOc_sync Exit - MemInfo: [malloc] Maximum total allocated space:                     0 Byte
20220313 034151.842 INFO             PET0 PIOc_sync Exit - MemInfo: [malloc] Space in freed fastbin blocks:                     0 Byte
20220313 034151.842 INFO             PET0 PIOc_sync Exit - MemInfo: [malloc] Total allocated space:                       9892144 Byte
20220313 034151.842 INFO             PET0 PIOc_sync Exit - MemInfo: [malloc] Total free space:                            8478416 Byte
20220313 034151.842 INFO             PET0 PIOc_sync Exit - MemInfo: [malloc] Top-most, releasable space:                   134528 Byte
20220313 034151.842 INFO             PET0 PIOc_sync Exit - MemInfo: [malloc] Total space in use, mmap + non-mmap:        13521200 Byte
20220313 034151.842 INFO             PET0 PIOc_sync Exit - MemInfo: [malloc] Total space held (mmap + non-mmap):         21999616 Byte
20220313 034151.842 INFO             PET0 PIOc_sync Exit - MemInfo: [malloc] Total space used (mmap + non-mmap):         13529408 Byte
20220313 034151.842 INFO             PET0 PIOc_sync Exit - MemInfo: Wall-clock time since execution start:              0.0321066 seconds
20220313 034151.842 INFO             PET0 PIOc_freedecomp Enter - MemInfo: [/proc/meminfo - SSI]	MemTotal:       527077124 kB
20220313 034151.842 INFO             PET0 PIOc_freedecomp Enter - MemInfo: [/proc/meminfo - SSI]	MemFree:        517368540 kB
20220313 034151.842 INFO             PET0 PIOc_freedecomp Enter - MemInfo: [/proc/meminfo - SSI]	MemAvailable:   517810548 kB
20220313 034151.842 INFO             PET0 PIOc_freedecomp Enter - MemInfo: [/proc/meminfo - SSI]	Committed_AS:    1631628 kB
20220313 034151.842 INFO             PET0 PIOc_freedecomp Enter - MemInfo: [/proc/meminfo - SSI]	CommittedPercent: 0.309562 %
20220313 034151.842 INFO             PET0 PIOc_freedecomp Enter - MemInfo: [/proc/self/status]	VmPeak:	  203328 kB
20220313 034151.842 INFO             PET0 PIOc_freedecomp Enter - MemInfo: [/proc/self/status]	VmSize:	  203328 kB
20220313 034151.842 INFO             PET0 PIOc_freedecomp Enter - MemInfo: [/proc/self/status]	VmLck:	       0 kB
20220313 034151.842 INFO             PET0 PIOc_freedecomp Enter - MemInfo: [/proc/self/status]	VmPin:	       0 kB
20220313 034151.842 INFO             PET0 PIOc_freedecomp Enter - MemInfo: [/proc/self/status]	VmHWM:	   48804 kB
20220313 034151.842 INFO             PET0 PIOc_freedecomp Enter - MemInfo: [/proc/self/status]	VmRSS:	   48780 kB
20220313 034151.842 INFO             PET0 PIOc_freedecomp Enter - MemInfo: [/proc/self/status]	VmData:	   25560 kB
20220313 034151.842 INFO             PET0 PIOc_freedecomp Enter - MemInfo: [/proc/self/status]	VmStk:	     156 kB
20220313 034151.842 INFO             PET0 PIOc_freedecomp Enter - MemInfo: [/proc/self/status]	VmExe:	     432 kB
20220313 034151.842 INFO             PET0 PIOc_freedecomp Enter - MemInfo: [/proc/self/status]	VmLib:	  103544 kB
20220313 034151.842 INFO             PET0 PIOc_freedecomp Enter - MemInfo: [/proc/self/status]	VmPTE:	     408 kB
20220313 034151.842 INFO             PET0 PIOc_freedecomp Enter - MemInfo: [/proc/self/status]	VmSwap:	       0 kB
20220313 034151.842 INFO             PET0 PIOc_freedecomp Enter - MemInfo: [/proc/self/status]	VmRSSPercent: 0.00925481 %
20220313 034151.842 INFO             PET0 PIOc_freedecomp Enter - MemInfo: [malloc] Non-mmapped space allocated:                18370560 Byte
20220313 034151.842 INFO             PET0 PIOc_freedecomp Enter - MemInfo: [malloc] Space allocated in mmapped regions:          3629056 Byte
