build time -- 2022-03-13 03:19:42
20220313 043737.516 INFO             PET0 !!!!!!!!!!!!!!!!!!!!!!!!!!!!!!!!!!!!!!!!!!!!!!!!!!!!!!
20220313 043737.516 INFO             PET0 !!! THE ESMF_LOG IS SET TO OUTPUT ALL LOG MESSAGES !!!
20220313 043737.516 INFO             PET0 !!!     THIS MAY CAUSE SLOWDOWN IN PERFORMANCE     !!!
20220313 043737.516 INFO             PET0 !!! FOR PRODUCTION RUNS, USE:                      !!!
20220313 043737.516 INFO             PET0 !!!                   ESMF_LOGKIND_Multi_On_Error  !!!
20220313 043737.516 INFO             PET0 !!!!!!!!!!!!!!!!!!!!!!!!!!!!!!!!!!!!!!!!!!!!!!!!!!!!!!
20220313 043737.516 INFO             PET0 Running with ESMF Version   : v8.3.0b09-96-g559b459
20220313 043737.516 INFO             PET0 ESMF library build date/time: "Mar 13 2022" "03:18:06"
20220313 043737.521 INFO             PET0 ESMF library build location : /work/noaa/da/mpotts/sandbox/intel_2020_intelmpi_g_jedwards_pio_update2
20220313 043737.521 INFO             PET0 ESMF_COMM                   : intelmpi
20220313 043737.523 INFO             PET0 ESMF_MOAB                   : enabled
20220313 043737.523 INFO             PET0 ESMF_LAPACK                 : enabled
20220313 043737.523 INFO             PET0 ESMF_NETCDF                 : enabled
20220313 043737.523 INFO             PET0 ESMF_PNETCDF                : disabled
20220313 043737.524 INFO             PET0 ESMF_PIO                    : enabled
20220313 043737.524 INFO             PET0 ESMF_YAMLCPP                : enabled
20220313 043737.691 INFO             PET0  Beginning Test, file ESMF_RouteHandleAdvancedUTest.F90, line 346
20220313 043737.691 INFO             PET0  NUMBER_OF_PROCESSORS           4
20220313 043739.159 INFO             PET0 ESMF_FieldRedistStoreNF(): Just entered routine.
20220313 043742.953 INFO             PET0 ESMF_FieldRedistStoreNF(): Leaving routine.
20220313 043742.953 INFO             PET0  PASS  Create RouteHandle for the original petList, ESMF_RouteHandleAdvancedUTest.F90, line 511
20220313 043742.953 INFO             PET0  PASS  Test RouteHandleIsCreated(), ESMF_RouteHandleAdvancedUTest.F90, line 519
20220313 043742.953 INFO             PET0  PASS  Test RouteHandleIsCreated() return value, ESMF_RouteHandleAdvancedUTest.F90, line 526
20220313 043742.953 INFO             PET0  PASS  Test RouteHandleGet(), ESMF_RouteHandleAdvancedUTest.F90, line 534
20220313 043743.421 INFO             PET0  PASS  Test RouteHandleWrite(), ESMF_RouteHandleAdvancedUTest.F90, line 542
20220313 043743.421 INFO             PET0  PASS  Test RouteHandleDestroy(), ESMF_RouteHandleAdvancedUTest.F90, line 550
20220313 043743.796 INFO             PET0  PASS  Test RouteHandleCreate(from file), ESMF_RouteHandleAdvancedUTest.F90, line 558
20220313 043743.857 INFO             PET0  PASS  Apply the read in Routehandle, ESMF_RouteHandleAdvancedUTest.F90, line 567
20220313 043743.857 INFO             PET0  PASS  Test RouteHandleDestroy() for the read in Routehandle, ESMF_RouteHandleAdvancedUTest.F90, line 575
20220313 043743.857 INFO             PET0 ESMF_FieldRedistStoreNF(): Just entered routine.
20220313 043748.107 INFO             PET0 ESMF_FieldRedistStoreNF(): Leaving routine.
20220313 043748.107 INFO             PET0  PASS  Create RouteHandle for the original petList, ESMF_RouteHandleAdvancedUTest.F90, line 585
20220313 043748.107 INFO             PET0  PASS  Transfer RouteHandle to a different petList, ESMF_RouteHandleAdvancedUTest.F90, line 602
20220313 043748.498 INFO             PET0 PIOc_sync Enter - MemInfo: [/proc/meminfo - SSI]	MemTotal:       196434604 kB
20220313 043748.498 INFO             PET0 PIOc_sync Enter - MemInfo: [/proc/meminfo - SSI]	MemFree:        182914808 kB
20220313 043748.498 INFO             PET0 PIOc_sync Enter - MemInfo: [/proc/meminfo - SSI]	MemAvailable:   191285288 kB
20220313 043748.498 INFO             PET0 PIOc_sync Enter - MemInfo: [/proc/meminfo - SSI]	Committed_AS:    1747008 kB
20220313 043748.498 INFO             PET0 PIOc_sync Enter - MemInfo: [/proc/meminfo - SSI]	CommittedPercent: 0.889359 %
20220313 043748.498 INFO             PET0 PIOc_sync Enter - MemInfo: [/proc/self/status]	VmPeak:	 3877172 kB
20220313 043748.498 INFO             PET0 PIOc_sync Enter - MemInfo: [/proc/self/status]	VmSize:	 3877172 kB
20220313 043748.498 INFO             PET0 PIOc_sync Enter - MemInfo: [/proc/self/status]	VmLck:	       0 kB
20220313 043748.498 INFO             PET0 PIOc_sync Enter - MemInfo: [/proc/self/status]	VmPin:	   79996 kB
20220313 043748.498 INFO             PET0 PIOc_sync Enter - MemInfo: [/proc/self/status]	VmHWM:	  205728 kB
20220313 043748.498 INFO             PET0 PIOc_sync Enter - MemInfo: [/proc/self/status]	VmRSS:	  205728 kB
20220313 043748.498 INFO             PET0 PIOc_sync Enter - MemInfo: [/proc/self/status]	VmData:	  246860 kB
20220313 043748.498 INFO             PET0 PIOc_sync Enter - MemInfo: [/proc/self/status]	VmStk:	     524 kB
20220313 043748.498 INFO             PET0 PIOc_sync Enter - MemInfo: [/proc/self/status]	VmExe:	    1704 kB
20220313 043748.498 INFO             PET0 PIOc_sync Enter - MemInfo: [/proc/self/status]	VmLib:	  174348 kB
20220313 043748.498 INFO             PET0 PIOc_sync Enter - MemInfo: [/proc/self/status]	VmPTE:	    1072 kB
20220313 043748.498 INFO             PET0 PIOc_sync Enter - MemInfo: [/proc/self/status]	VmSwap:	       0 kB
20220313 043748.498 INFO             PET0 PIOc_sync Enter - MemInfo: [/proc/self/status]	VmRSSPercent: 0.104731 %
20220313 043748.498 INFO             PET0 PIOc_sync Enter - MemInfo: [malloc] Non-mmapped space allocated:                13275136 Byte
20220313 043748.498 INFO             PET0 PIOc_sync Enter - MemInfo: [malloc] Space allocated in mmapped regions:         92647424 Byte
20220313 043748.498 INFO             PET0 PIOc_sync Enter - MemInfo: [malloc] Maximum total allocated space:                     0 Byte
20220313 043748.498 INFO             PET0 PIOc_sync Enter - MemInfo: [malloc] Space in freed fastbin blocks:                   512 Byte
20220313 043748.498 INFO             PET0 PIOc_sync Enter - MemInfo: [malloc] Total allocated space:                       3930240 Byte
20220313 043748.498 INFO             PET0 PIOc_sync Enter - MemInfo: [malloc] Total free space:                            9344896 Byte
20220313 043748.498 INFO             PET0 PIOc_sync Enter - MemInfo: [malloc] Top-most, releasable space:                  2491136 Byte
20220313 043748.498 INFO             PET0 PIOc_sync Enter - MemInfo: [malloc] Total space in use, mmap + non-mmap:        96577664 Byte
20220313 043748.499 INFO             PET0 PIOc_sync Enter - MemInfo: [malloc] Total space held (mmap + non-mmap):        105922560 Byte
20220313 043748.499 INFO             PET0 PIOc_sync Enter - MemInfo: [malloc] Total space used (mmap + non-mmap):         96587056 Byte
20220313 043748.499 INFO             PET0 PIOc_sync Enter - MemInfo: Wall-clock time since execution start:                11.4164 seconds
20220313 043748.524 INFO             PET0 PIOc_sync Exit - MemInfo: [/proc/meminfo - SSI]	MemTotal:       196434604 kB
20220313 043748.524 INFO             PET0 PIOc_sync Exit - MemInfo: [/proc/meminfo - SSI]	MemFree:        182914808 kB
20220313 043748.524 INFO             PET0 PIOc_sync Exit - MemInfo: [/proc/meminfo - SSI]	MemAvailable:   191285288 kB
20220313 043748.524 INFO             PET0 PIOc_sync Exit - MemInfo: [/proc/meminfo - SSI]	Committed_AS:    1747008 kB
20220313 043748.524 INFO             PET0 PIOc_sync Exit - MemInfo: [/proc/meminfo - SSI]	CommittedPercent: 0.889359 %
20220313 043748.524 INFO             PET0 PIOc_sync Exit - MemInfo: [/proc/self/status]	VmPeak:	 3877172 kB
20220313 043748.524 INFO             PET0 PIOc_sync Exit - MemInfo: [/proc/self/status]	VmSize:	 3877172 kB
20220313 043748.524 INFO             PET0 PIOc_sync Exit - MemInfo: [/proc/self/status]	VmLck:	       0 kB
20220313 043748.524 INFO             PET0 PIOc_sync Exit - MemInfo: [/proc/self/status]	VmPin:	   79996 kB
20220313 043748.524 INFO             PET0 PIOc_sync Exit - MemInfo: [/proc/self/status]	VmHWM:	  205888 kB
20220313 043748.524 INFO             PET0 PIOc_sync Exit - MemInfo: [/proc/self/status]	VmRSS:	  205888 kB
20220313 043748.524 INFO             PET0 PIOc_sync Exit - MemInfo: [/proc/self/status]	VmData:	  246860 kB
20220313 043748.524 INFO             PET0 PIOc_sync Exit - MemInfo: [/proc/self/status]	VmStk:	     524 kB
20220313 043748.524 INFO             PET0 PIOc_sync Exit - MemInfo: [/proc/self/status]	VmExe:	    1704 kB
20220313 043748.524 INFO             PET0 PIOc_sync Exit - MemInfo: [/proc/self/status]	VmLib:	  174348 kB
20220313 043748.524 INFO             PET0 PIOc_sync Exit - MemInfo: [/proc/self/status]	VmPTE:	    1072 kB
20220313 043748.524 INFO             PET0 PIOc_sync Exit - MemInfo: [/proc/self/status]	VmSwap:	       0 kB
20220313 043748.524 INFO             PET0 PIOc_sync Exit - MemInfo: [/proc/self/status]	VmRSSPercent: 0.104812 %
20220313 043748.524 INFO             PET0 PIOc_sync Exit - MemInfo: [malloc] Non-mmapped space allocated:                13275136 Byte
20220313 043748.524 INFO             PET0 PIOc_sync Exit - MemInfo: [malloc] Space allocated in mmapped regions:         92647424 Byte
20220313 043748.524 INFO             PET0 PIOc_sync Exit - MemInfo: [malloc] Maximum total allocated space:                     0 Byte
20220313 043748.524 INFO             PET0 PIOc_sync Exit - MemInfo: [malloc] Space in freed fastbin blocks:                   720 Byte
20220313 043748.524 INFO             PET0 PIOc_sync Exit - MemInfo: [malloc] Total allocated space:                       3929504 Byte
20220313 043748.524 INFO             PET0 PIOc_sync Exit - MemInfo: [malloc] Total free space:                            9345632 Byte
20220313 043748.524 INFO             PET0 PIOc_sync Exit - MemInfo: [malloc] Top-most, releasable space:                  2491136 Byte
20220313 043748.524 INFO             PET0 PIOc_sync Exit - MemInfo: [malloc] Total space in use, mmap + non-mmap:        96576928 Byte
20220313 043748.524 INFO             PET0 PIOc_sync Exit - MemInfo: [malloc] Total space held (mmap + non-mmap):        105922560 Byte
20220313 043748.524 INFO             PET0 PIOc_sync Exit - MemInfo: [malloc] Total space used (mmap + non-mmap):         96586304 Byte
20220313 043748.524 INFO             PET0 PIOc_sync Exit - MemInfo: Wall-clock time since execution start:                11.4421 seconds
20220313 043748.525 INFO             PET0 PIOc_freedecomp Enter - MemInfo: [/proc/meminfo - SSI]	MemTotal:       196434604 kB
20220313 043748.525 INFO             PET0 PIOc_freedecomp Enter - MemInfo: [/proc/meminfo - SSI]	MemFree:        182921836 kB
20220313 043748.525 INFO             PET0 PIOc_freedecomp Enter - MemInfo: [/proc/meminfo - SSI]	MemAvailable:   191292316 kB
20220313 043748.525 INFO             PET0 PIOc_freedecomp Enter - MemInfo: [/proc/meminfo - SSI]	Committed_AS:    1738984 kB
20220313 043748.525 INFO             PET0 PIOc_freedecomp Enter - MemInfo: [/proc/meminfo - SSI]	CommittedPercent: 0.885274 %
20220313 043748.525 INFO             PET0 PIOc_freedecomp Enter - MemInfo: [/proc/self/status]	VmPeak:	 3877172 kB
20220313 043748.525 INFO             PET0 PIOc_freedecomp Enter - MemInfo: [/proc/self/status]	VmSize:	 3868976 kB
20220313 043748.525 INFO             PET0 PIOc_freedecomp Enter - MemInfo: [/proc/self/status]	VmLck:	       0 kB
20220313 043748.525 INFO             PET0 PIOc_freedecomp Enter - MemInfo: [/proc/self/status]	VmPin:	   79996 kB
20220313 043748.525 INFO             PET0 PIOc_freedecomp Enter - MemInfo: [/proc/self/status]	VmHWM:	  205888 kB
20220313 043748.525 INFO             PET0 PIOc_freedecomp Enter - MemInfo: [/proc/self/status]	VmRSS:	  197700 kB
20220313 043748.525 INFO             PET0 PIOc_freedecomp Enter - MemInfo: [/proc/self/status]	VmData:	  238664 kB
20220313 043748.525 INFO             PET0 PIOc_freedecomp Enter - MemInfo: [/proc/self/status]	VmStk:	     524 kB
20220313 043748.525 INFO             PET0 PIOc_freedecomp Enter - MemInfo: [/proc/self/status]	VmExe:	    1704 kB
20220313 043748.525 INFO             PET0 PIOc_freedecomp Enter - MemInfo: [/proc/self/status]	VmLib:	  174348 kB
20220313 043748.525 INFO             PET0 PIOc_freedecomp Enter - MemInfo: [/proc/self/status]	VmPTE:	    1056 kB
20220313 043748.526 INFO             PET0 PIOc_freedecomp Enter - MemInfo: [/proc/self/status]	VmSwap:	       0 kB
20220313 043748.526 INFO             PET0 PIOc_freedecomp Enter - MemInfo: [/proc/self/status]	VmRSSPercent: 0.100644 %
20220313 043748.526 INFO             PET0 PIOc_freedecomp Enter - MemInfo: [malloc] Non-mmapped space allocated:                13275136 Byte
20220313 043748.526 INFO             PET0 PIOc_freedecomp Enter - MemInfo: [malloc] Space allocated in mmapped regions:         84254720 Byte
20220313 043748.526 INFO             PET0 PIOc_freedecomp Enter - MemInfo: [malloc] Maximum total allocated space:                     0 Byte
20220313 043748.526 INFO             PET0 PIOc_freedecomp Enter - MemInfo: [malloc] Space in freed fastbin blocks:                   608 Byte
20220313 043748.526 INFO             PET0 PIOc_freedecomp Enter - MemInfo: [malloc] Total allocated space:                       3391904 Byte
20220313 043748.526 INFO             PET0 PIOc_freedecomp Enter - MemInfo: [malloc] Total free space:                            9883232 Byte
20220313 043748.526 INFO             PET0 PIOc_freedecomp Enter - MemInfo: [malloc] Top-most, releasable space:                  2491136 Byte
20220313 043748.526 INFO             PET0 PIOc_freedecomp Enter - MemInfo: [malloc] Total space in use, mmap + non-mmap:        87646624 Byte
20220313 043748.526 INFO             PET0 PIOc_freedecomp Enter - MemInfo: [malloc] Total space held (mmap + non-mmap):         97529856 Byte
20220313 043748.526 INFO             PET0 PIOc_freedecomp Enter - MemInfo: [malloc] Total space used (mmap + non-mmap):         87656016 Byte
20220313 043748.526 INFO             PET0 PIOc_freedecomp Enter - MemInfo: Wall-clock time since execution start:                11.4435 seconds
20220313 043748.526 INFO             PET0 PIOc_freedecomp Exit - MemInfo: [/proc/meminfo - SSI]	MemTotal:       196434604 kB
20220313 043748.526 INFO             PET0 PIOc_freedecomp Exit - MemInfo: [/proc/meminfo - SSI]	MemFree:        182921836 kB
20220313 043748.526 INFO             PET0 PIOc_freedecomp Exit - MemInfo: [/proc/meminfo - SSI]	MemAvailable:   191292316 kB
20220313 043748.526 INFO             PET0 PIOc_freedecomp Exit - MemInfo: [/proc/meminfo - SSI]	Committed_AS:    1738984 kB
20220313 043748.526 INFO             PET0 PIOc_freedecomp Exit - MemInfo: [/proc/meminfo - SSI]	CommittedPercent: 0.885274 %
20220313 043748.526 INFO             PET0 PIOc_freedecomp Exit - MemInfo: [/proc/self/status]	VmPeak:	 3877172 kB
20220313 043748.526 INFO             PET0 PIOc_freedecomp Exit - MemInfo: [/proc/self/status]	VmSize:	 3868976 kB
20220313 043748.526 INFO             PET0 PIOc_freedecomp Exit - MemInfo: [/proc/self/status]	VmLck:	       0 kB
20220313 043748.526 INFO             PET0 PIOc_freedecomp Exit - MemInfo: [/proc/self/status]	VmPin:	   79996 kB
20220313 043748.526 INFO             PET0 PIOc_freedecomp Exit - MemInfo: [/proc/self/status]	VmHWM:	  205888 kB
20220313 043748.526 INFO             PET0 PIOc_freedecomp Exit - MemInfo: [/proc/self/status]	VmRSS:	  197704 kB
20220313 043748.526 INFO             PET0 PIOc_freedecomp Exit - MemInfo: [/proc/self/status]	VmData:	  238664 kB
20220313 043748.526 INFO             PET0 PIOc_freedecomp Exit - MemInfo: [/proc/self/status]	VmStk:	     524 kB
20220313 043748.526 INFO             PET0 PIOc_freedecomp Exit - MemInfo: [/proc/self/status]	VmExe:	    1704 kB
20220313 043748.526 INFO             PET0 PIOc_freedecomp Exit - MemInfo: [/proc/self/status]	VmLib:	  174348 kB
20220313 043748.526 INFO             PET0 PIOc_freedecomp Exit - MemInfo: [/proc/self/status]	VmPTE:	    1056 kB
20220313 043748.526 INFO             PET0 PIOc_freedecomp Exit - MemInfo: [/proc/self/status]	VmSwap:	       0 kB
20220313 043748.526 INFO             PET0 PIOc_freedecomp Exit - MemInfo: [/proc/self/status]	VmRSSPercent: 0.100646 %
20220313 043748.526 INFO             PET0 PIOc_freedecomp Exit - MemInfo: [malloc] Non-mmapped space allocated:                13275136 Byte
20220313 043748.526 INFO             PET0 PIOc_freedecomp Exit - MemInfo: [malloc] Space allocated in mmapped regions:         84254720 Byte
20220313 043748.527 INFO             PET0 PIOc_freedecomp Exit - MemInfo: [malloc] Maximum total allocated space:                     0 Byte
20220313 043748.527 INFO             PET0 PIOc_freedecomp Exit - MemInfo: [malloc] Space in freed fastbin blocks:                   848 Byte
20220313 043748.527 INFO             PET0 PIOc_freedecomp Exit - MemInfo: [malloc] Total allocated space:                       3390448 Byte
20220313 043748.527 INFO             PET0 PIOc_freedecomp Exit - MemInfo: [malloc] Total free space:                            9884688 Byte
20220313 043748.527 INFO             PET0 PIOc_freedecomp Exit - MemInfo: [malloc] Top-most, releasable space:                  2491136 Byte
20220313 043748.527 INFO             PET0 PIOc_freedecomp Exit - MemInfo: [malloc] Total space in use, mmap + non-mmap:        87645168 Byte
20220313 043748.527 INFO             PET0 PIOc_freedecomp Exit - MemInfo: [malloc] Total space held (mmap + non-mmap):         97529856 Byte
20220313 043748.527 INFO             PET0 PIOc_freedecomp Exit - MemInfo: [malloc] Total space used (mmap + non-mmap):         87654560 Byte
20220313 043748.527 INFO             PET0 PIOc_freedecomp Exit - MemInfo: Wall-clock time since execution start:                11.4444 seconds
20220313 043748.825 INFO             PET0 PIOc_sync Enter - MemInfo: [/proc/meminfo - SSI]	MemTotal:       196434604 kB
20220313 043748.825 INFO             PET0 PIOc_sync Enter - MemInfo: [/proc/meminfo - SSI]	MemFree:        182919152 kB
20220313 043748.825 INFO             PET0 PIOc_sync Enter - MemInfo: [/proc/meminfo - SSI]	MemAvailable:   191289632 kB
20220313 043748.825 INFO             PET0 PIOc_sync Enter - MemInfo: [/proc/meminfo - SSI]	Committed_AS:    1744876 kB
20220313 043748.825 INFO             PET0 PIOc_sync Enter - MemInfo: [/proc/meminfo - SSI]	CommittedPercent: 0.888273 %
20220313 043748.825 INFO             PET0 PIOc_sync Enter - MemInfo: [/proc/self/status]	VmPeak:	 3877172 kB
20220313 043748.825 INFO             PET0 PIOc_sync Enter - MemInfo: [/proc/self/status]	VmSize:	 3874864 kB
20220313 043748.825 INFO             PET0 PIOc_sync Enter - MemInfo: [/proc/self/status]	VmLck:	       0 kB
20220313 043748.825 INFO             PET0 PIOc_sync Enter - MemInfo: [/proc/self/status]	VmPin:	   79996 kB
20220313 043748.825 INFO             PET0 PIOc_sync Enter - MemInfo: [/proc/self/status]	VmHWM:	  205888 kB
20220313 043748.825 INFO             PET0 PIOc_sync Enter - MemInfo: [/proc/self/status]	VmRSS:	  201296 kB
20220313 043748.825 INFO             PET0 PIOc_sync Enter - MemInfo: [/proc/self/status]	VmData:	  244552 kB
20220313 043748.825 INFO             PET0 PIOc_sync Enter - MemInfo: [/proc/self/status]	VmStk:	     524 kB
20220313 043748.825 INFO             PET0 PIOc_sync Enter - MemInfo: [/proc/self/status]	VmExe:	    1704 kB
20220313 043748.825 INFO             PET0 PIOc_sync Enter - MemInfo: [/proc/self/status]	VmLib:	  174348 kB
20220313 043748.825 INFO             PET0 PIOc_sync Enter - MemInfo: [/proc/self/status]	VmPTE:	    1064 kB
20220313 043748.825 INFO             PET0 PIOc_sync Enter - MemInfo: [/proc/self/status]	VmSwap:	       0 kB
20220313 043748.825 INFO             PET0 PIOc_sync Enter - MemInfo: [/proc/self/status]	VmRSSPercent: 0.102475 %
20220313 043748.825 INFO             PET0 PIOc_sync Enter - MemInfo: [malloc] Non-mmapped space allocated:                19304448 Byte
20220313 043748.825 INFO             PET0 PIOc_sync Enter - MemInfo: [malloc] Space allocated in mmapped regions:         84254720 Byte
20220313 043748.825 INFO             PET0 PIOc_sync Enter - MemInfo: [malloc] Maximum total allocated space:                     0 Byte
20220313 043748.825 INFO             PET0 PIOc_sync Enter - MemInfo: [malloc] Space in freed fastbin blocks:                  1632 Byte
20220313 043748.825 INFO             PET0 PIOc_sync Enter - MemInfo: [malloc] Total allocated space:                      12319584 Byte
20220313 043748.825 INFO             PET0 PIOc_sync Enter - MemInfo: [malloc] Total free space:                            6984864 Byte
20220313 043748.825 INFO             PET0 PIOc_sync Enter - MemInfo: [malloc] Top-most, releasable space:                   131824 Byte
20220313 043748.825 INFO             PET0 PIOc_sync Enter - MemInfo: [malloc] Total space in use, mmap + non-mmap:        96574304 Byte
20220313 043748.825 INFO             PET0 PIOc_sync Enter - MemInfo: [malloc] Total space held (mmap + non-mmap):        103559168 Byte
20220313 043748.825 INFO             PET0 PIOc_sync Enter - MemInfo: [malloc] Total space used (mmap + non-mmap):         96583680 Byte
20220313 043748.825 INFO             PET0 PIOc_sync Enter - MemInfo: Wall-clock time since execution start:                11.7421 seconds
20220313 043748.860 INFO             PET0 PIOc_sync Exit - MemInfo: [/proc/meminfo - SSI]	MemTotal:       196434604 kB
20220313 043748.860 INFO             PET0 PIOc_sync Exit - MemInfo: [/proc/meminfo - SSI]	MemFree:        182919152 kB
20220313 043748.860 INFO             PET0 PIOc_sync Exit - MemInfo: [/proc/meminfo - SSI]	MemAvailable:   191289632 kB
20220313 043748.860 INFO             PET0 PIOc_sync Exit - MemInfo: [/proc/meminfo - SSI]	Committed_AS:    1744876 kB
20220313 043748.860 INFO             PET0 PIOc_sync Exit - MemInfo: [/proc/meminfo - SSI]	CommittedPercent: 0.888273 %
20220313 043748.860 INFO             PET0 PIOc_sync Exit - MemInfo: [/proc/self/status]	VmPeak:	 3877172 kB
20220313 043748.860 INFO             PET0 PIOc_sync Exit - MemInfo: [/proc/self/status]	VmSize:	 3874864 kB
20220313 043748.860 INFO             PET0 PIOc_sync Exit - MemInfo: [/proc/self/status]	VmLck:	       0 kB
20220313 043748.860 INFO             PET0 PIOc_sync Exit - MemInfo: [/proc/self/status]	VmPin:	   79996 kB
20220313 043748.860 INFO             PET0 PIOc_sync Exit - MemInfo: [/proc/self/status]	VmHWM:	  205888 kB
20220313 043748.860 INFO             PET0 PIOc_sync Exit - MemInfo: [/proc/self/status]	VmRSS:	  201308 kB
20220313 043748.860 INFO             PET0 PIOc_sync Exit - MemInfo: [/proc/self/status]	VmData:	  244552 kB
20220313 043748.860 INFO             PET0 PIOc_sync Exit - MemInfo: [/proc/self/status]	VmStk:	     524 kB
20220313 043748.860 INFO             PET0 PIOc_sync Exit - MemInfo: [/proc/self/status]	VmExe:	    1704 kB
20220313 043748.860 INFO             PET0 PIOc_sync Exit - MemInfo: [/proc/self/status]	VmLib:	  174348 kB
20220313 043748.860 INFO             PET0 PIOc_sync Exit - MemInfo: [/proc/self/status]	VmPTE:	    1064 kB
20220313 043748.860 INFO             PET0 PIOc_sync Exit - MemInfo: [/proc/self/status]	VmSwap:	       0 kB
20220313 043748.860 INFO             PET0 PIOc_sync Exit - MemInfo: [/proc/self/status]	VmRSSPercent: 0.102481 %
20220313 043748.860 INFO             PET0 PIOc_sync Exit - MemInfo: [malloc] Non-mmapped space allocated:                19304448 Byte
20220313 043748.860 INFO             PET0 PIOc_sync Exit - MemInfo: [malloc] Space allocated in mmapped regions:         84254720 Byte
20220313 043748.860 INFO             PET0 PIOc_sync Exit - MemInfo: [malloc] Maximum total allocated space:                     0 Byte
20220313 043748.860 INFO             PET0 PIOc_sync Exit - MemInfo: [malloc] Space in freed fastbin blocks:                   720 Byte
20220313 043748.860 INFO             PET0 PIOc_sync Exit - MemInfo: [malloc] Total allocated space:                      12318848 Byte
20220313 043748.860 INFO             PET0 PIOc_sync Exit - MemInfo: [malloc] Total free space:                            6985600 Byte
20220313 043748.860 INFO             PET0 PIOc_sync Exit - MemInfo: [malloc] Top-most, releasable space:                   131824 Byte
20220313 043748.860 INFO             PET0 PIOc_sync Exit - MemInfo: [malloc] Total space in use, mmap + non-mmap:        96573568 Byte
20220313 043748.860 INFO             PET0 PIOc_sync Exit - MemInfo: [malloc] Total space held (mmap + non-mmap):        103559168 Byte
20220313 043748.860 INFO             PET0 PIOc_sync Exit - MemInfo: [malloc] Total space used (mmap + non-mmap):         96582944 Byte
20220313 043748.860 INFO             PET0 PIOc_sync Exit - MemInfo: Wall-clock time since execution start:                11.7772 seconds
20220313 043748.861 INFO             PET0 PIOc_freedecomp Enter - MemInfo: [/proc/meminfo - SSI]	MemTotal:       196434604 kB
20220313 043748.861 INFO             PET0 PIOc_freedecomp Enter - MemInfo: [/proc/meminfo - SSI]	MemFree:        182919152 kB
20220313 043748.861 INFO             PET0 PIOc_freedecomp Enter - MemInfo: [/proc/meminfo - SSI]	MemAvailable:   191289632 kB
20220313 043748.861 INFO             PET0 PIOc_freedecomp Enter - MemInfo: [/proc/meminfo - SSI]	Committed_AS:    1744876 kB
20220313 043748.861 INFO             PET0 PIOc_freedecomp Enter - MemInfo: [/proc/meminfo - SSI]	CommittedPercent: 0.888273 %
20220313 043748.861 INFO             PET0 PIOc_freedecomp Enter - MemInfo: [/proc/self/status]	VmPeak:	 3877172 kB
20220313 043748.861 INFO             PET0 PIOc_freedecomp Enter - MemInfo: [/proc/self/status]	VmSize:	 3874864 kB
20220313 043748.861 INFO             PET0 PIOc_freedecomp Enter - MemInfo: [/proc/self/status]	VmLck:	       0 kB
20220313 043748.861 INFO             PET0 PIOc_freedecomp Enter - MemInfo: [/proc/self/status]	VmPin:	   79996 kB
20220313 043748.861 INFO             PET0 PIOc_freedecomp Enter - MemInfo: [/proc/self/status]	VmHWM:	  205888 kB
20220313 043748.861 INFO             PET0 PIOc_freedecomp Enter - MemInfo: [/proc/self/status]	VmRSS:	  201308 kB
20220313 043748.861 INFO             PET0 PIOc_freedecomp Enter - MemInfo: [/proc/self/status]	VmData:	  244552 kB
20220313 043748.861 INFO             PET0 PIOc_freedecomp Enter - MemInfo: [/proc/self/status]	VmStk:	     524 kB
20220313 043748.861 INFO             PET0 PIOc_freedecomp Enter - MemInfo: [/proc/self/status]	VmExe:	    1704 kB
20220313 043748.861 INFO             PET0 PIOc_freedecomp Enter - MemInfo: [/proc/self/status]	VmLib:	  174348 kB
20220313 043748.861 INFO             PET0 PIOc_freedecomp Enter - MemInfo: [/proc/self/status]	VmPTE:	    1064 kB
20220313 043748.861 INFO             PET0 PIOc_freedecomp Enter - MemInfo: [/proc/self/status]	VmSwap:	       0 kB
20220313 043748.861 INFO             PET0 PIOc_freedecomp Enter - MemInfo: [/proc/self/status]	VmRSSPercent: 0.102481 %
20220313 043748.861 INFO             PET0 PIOc_freedecomp Enter - MemInfo: [malloc] Non-mmapped space allocated:                19304448 Byte
20220313 043748.861 INFO             PET0 PIOc_freedecomp Enter - MemInfo: [malloc] Space allocated in mmapped regions:         84254720 Byte
20220313 043748.861 INFO             PET0 PIOc_freedecomp Enter - MemInfo: [malloc] Maximum total allocated space:                     0 Byte
20220313 043748.861 INFO             PET0 PIOc_freedecomp Enter - MemInfo: [malloc] Space in freed fastbin blocks:                   608 Byte
20220313 043748.861 INFO             PET0 PIOc_freedecomp Enter - MemInfo: [malloc] Total allocated space:                       3391904 Byte
20220313 043748.861 INFO             PET0 PIOc_freedecomp Enter - MemInfo: [malloc] Total free space:                           15912544 Byte
20220313 043748.861 INFO             PET0 PIOc_freedecomp Enter - MemInfo: [malloc] Top-most, releasable space:                  8520448 Byte
20220313 043748.861 INFO             PET0 PIOc_freedecomp Enter - MemInfo: [malloc] Total space in use, mmap + non-mmap:        87646624 Byte
20220313 043748.861 INFO             PET0 PIOc_freedecomp Enter - MemInfo: [malloc] Total space held (mmap + non-mmap):        103559168 Byte
20220313 043748.861 INFO             PET0 PIOc_freedecomp Enter - MemInfo: [malloc] Total space used (mmap + non-mmap):         87656016 Byte
20220313 043748.861 INFO             PET0 PIOc_freedecomp Enter - MemInfo: Wall-clock time since execution start:                11.7783 seconds
20220313 043748.862 INFO             PET0 PIOc_freedecomp Exit - MemInfo: [/proc/meminfo - SSI]	MemTotal:       196434604 kB
20220313 043748.862 INFO             PET0 PIOc_freedecomp Exit - MemInfo: [/proc/meminfo - SSI]	MemFree:        182919152 kB
20220313 043748.862 INFO             PET0 PIOc_freedecomp Exit - MemInfo: [/proc/meminfo - SSI]	MemAvailable:   191289632 kB
20220313 043748.862 INFO             PET0 PIOc_freedecomp Exit - MemInfo: [/proc/meminfo - SSI]	Committed_AS:    1744876 kB
20220313 043748.862 INFO             PET0 PIOc_freedecomp Exit - MemInfo: [/proc/meminfo - SSI]	CommittedPercent: 0.888273 %
20220313 043748.862 INFO             PET0 PIOc_freedecomp Exit - MemInfo: [/proc/self/status]	VmPeak:	 3877172 kB
20220313 043748.862 INFO             PET0 PIOc_freedecomp Exit - MemInfo: [/proc/self/status]	VmSize:	 3874864 kB
20220313 043748.862 INFO             PET0 PIOc_freedecomp Exit - MemInfo: [/proc/self/status]	VmLck:	       0 kB
20220313 043748.862 INFO             PET0 PIOc_freedecomp Exit - MemInfo: [/proc/self/status]	VmPin:	   79996 kB
20220313 043748.862 INFO             PET0 PIOc_freedecomp Exit - MemInfo: [/proc/self/status]	VmHWM:	  205888 kB
20220313 043748.862 INFO             PET0 PIOc_freedecomp Exit - MemInfo: [/proc/self/status]	VmRSS:	  201308 kB
20220313 043748.862 INFO             PET0 PIOc_freedecomp Exit - MemInfo: [/proc/self/status]	VmData:	  244552 kB
20220313 043748.862 INFO             PET0 PIOc_freedecomp Exit - MemInfo: [/proc/self/status]	VmStk:	     524 kB
20220313 043748.862 INFO             PET0 PIOc_freedecomp Exit - MemInfo: [/proc/self/status]	VmExe:	    1704 kB
20220313 043748.862 INFO             PET0 PIOc_freedecomp Exit - MemInfo: [/proc/self/status]	VmLib:	  174348 kB
20220313 043748.862 INFO             PET0 PIOc_freedecomp Exit - MemInfo: [/proc/self/status]	VmPTE:	    1064 kB
20220313 043748.862 INFO             PET0 PIOc_freedecomp Exit - MemInfo: [/proc/self/status]	VmSwap:	       0 kB
20220313 043748.862 INFO             PET0 PIOc_freedecomp Exit - MemInfo: [/proc/self/status]	VmRSSPercent: 0.102481 %
20220313 043748.862 INFO             PET0 PIOc_freedecomp Exit - MemInfo: [malloc] Non-mmapped space allocated:                19304448 Byte
20220313 043748.862 INFO             PET0 PIOc_freedecomp Exit - MemInfo: [malloc] Space allocated in mmapped regions:         84254720 Byte
20220313 043748.862 INFO             PET0 PIOc_freedecomp Exit - MemInfo: [malloc] Maximum total allocated space:                     0 Byte
20220313 043748.862 INFO             PET0 PIOc_freedecomp Exit - MemInfo: [malloc] Space in freed fastbin blocks:                   896 Byte
20220313 043748.862 INFO             PET0 PIOc_freedecomp Exit - MemInfo: [malloc] Total allocated space:                       3390448 Byte
20220313 043748.862 INFO             PET0 PIOc_freedecomp Exit - MemInfo: [malloc] Total free space:                           15914000 Byte
20220313 043748.862 INFO             PET0 PIOc_freedecomp Exit - MemInfo: [malloc] Top-most, releasable space:                  8520448 Byte
20220313 043748.862 INFO             PET0 PIOc_freedecomp Exit - MemInfo: [malloc] Total space in use, mmap + non-mmap:        87645168 Byte
20220313 043748.862 INFO             PET0 PIOc_freedecomp Exit - MemInfo: [malloc] Total space held (mmap + non-mmap):        103559168 Byte
20220313 043748.862 INFO             PET0 PIOc_freedecomp Exit - MemInfo: [malloc] Total space used (mmap + non-mmap):         87654560 Byte
20220313 043748.862 INFO             PET0 PIOc_freedecomp Exit - MemInfo: Wall-clock time since execution start:                11.7792 seconds
20220313 043749.174 INFO             PET0 PIOc_sync Enter - MemInfo: [/proc/meminfo - SSI]	MemTotal:       196434604 kB
20220313 043749.174 INFO             PET0 PIOc_sync Enter - MemInfo: [/proc/meminfo - SSI]	MemFree:        182919152 kB
20220313 043749.174 INFO             PET0 PIOc_sync Enter - MemInfo: [/proc/meminfo - SSI]	MemAvailable:   191289688 kB
20220313 043749.174 INFO             PET0 PIOc_sync Enter - MemInfo: [/proc/meminfo - SSI]	Committed_AS:    1744876 kB
20220313 043749.174 INFO             PET0 PIOc_sync Enter - MemInfo: [/proc/meminfo - SSI]	CommittedPercent: 0.888273 %
20220313 043749.174 INFO             PET0 PIOc_sync Enter - MemInfo: [/proc/self/status]	VmPeak:	 3877172 kB
20220313 043749.174 INFO             PET0 PIOc_sync Enter - MemInfo: [/proc/self/status]	VmSize:	 3874864 kB
20220313 043749.174 INFO             PET0 PIOc_sync Enter - MemInfo: [/proc/self/status]	VmLck:	       0 kB
20220313 043749.174 INFO             PET0 PIOc_sync Enter - MemInfo: [/proc/self/status]	VmPin:	   79996 kB
20220313 043749.174 INFO             PET0 PIOc_sync Enter - MemInfo: [/proc/self/status]	VmHWM:	  205888 kB
20220313 043749.174 INFO             PET0 PIOc_sync Enter - MemInfo: [/proc/self/status]	VmRSS:	  201352 kB
20220313 043749.174 INFO             PET0 PIOc_sync Enter - MemInfo: [/proc/self/status]	VmData:	  244552 kB
20220313 043749.174 INFO             PET0 PIOc_sync Enter - MemInfo: [/proc/self/status]	VmStk:	     524 kB
20220313 043749.174 INFO             PET0 PIOc_sync Enter - MemInfo: [/proc/self/status]	VmExe:	    1704 kB
20220313 043749.174 INFO             PET0 PIOc_sync Enter - MemInfo: [/proc/self/status]	VmLib:	  174348 kB
20220313 043749.174 INFO             PET0 PIOc_sync Enter - MemInfo: [/proc/self/status]	VmPTE:	    1064 kB
20220313 043749.174 INFO             PET0 PIOc_sync Enter - MemInfo: [/proc/self/status]	VmSwap:	       0 kB
20220313 043749.174 INFO             PET0 PIOc_sync Enter - MemInfo: [/proc/self/status]	VmRSSPercent: 0.102503 %
20220313 043749.174 INFO             PET0 PIOc_sync Enter - MemInfo: [malloc] Non-mmapped space allocated:                19304448 Byte
20220313 043749.174 INFO             PET0 PIOc_sync Enter - MemInfo: [malloc] Space allocated in mmapped regions:         84254720 Byte
20220313 043749.174 INFO             PET0 PIOc_sync Enter - MemInfo: [malloc] Maximum total allocated space:                     0 Byte
20220313 043749.174 INFO             PET0 PIOc_sync Enter - MemInfo: [malloc] Space in freed fastbin blocks:                  2160 Byte
20220313 043749.174 INFO             PET0 PIOc_sync Enter - MemInfo: [malloc] Total allocated space:                      12320336 Byte
20220313 043749.174 INFO             PET0 PIOc_sync Enter - MemInfo: [malloc] Total free space:                            6984112 Byte
20220313 043749.174 INFO             PET0 PIOc_sync Enter - MemInfo: [malloc] Top-most, releasable space:                   131824 Byte
20220313 043749.174 INFO             PET0 PIOc_sync Enter - MemInfo: [malloc] Total space in use, mmap + non-mmap:        96575056 Byte
20220313 043749.174 INFO             PET0 PIOc_sync Enter - MemInfo: [malloc] Total space held (mmap + non-mmap):        103559168 Byte
20220313 043749.174 INFO             PET0 PIOc_sync Enter - MemInfo: [malloc] Total space used (mmap + non-mmap):         96584432 Byte
20220313 043749.174 INFO             PET0 PIOc_sync Enter - MemInfo: Wall-clock time since execution start:                12.0905 seconds
20220313 043749.200 INFO             PET0 PIOc_sync Exit - MemInfo: [/proc/meminfo - SSI]	MemTotal:       196434604 kB
20220313 043749.200 INFO             PET0 PIOc_sync Exit - MemInfo: [/proc/meminfo - SSI]	MemFree:        182919152 kB
20220313 043749.200 INFO             PET0 PIOc_sync Exit - MemInfo: [/proc/meminfo - SSI]	MemAvailable:   191289688 kB
20220313 043749.200 INFO             PET0 PIOc_sync Exit - MemInfo: [/proc/meminfo - SSI]	Committed_AS:    1744876 kB
20220313 043749.200 INFO             PET0 PIOc_sync Exit - MemInfo: [/proc/meminfo - SSI]	CommittedPercent: 0.888273 %
20220313 043749.200 INFO             PET0 PIOc_sync Exit - MemInfo: [/proc/self/status]	VmPeak:	 3877172 kB
20220313 043749.200 INFO             PET0 PIOc_sync Exit - MemInfo: [/proc/self/status]	VmSize:	 3874864 kB
20220313 043749.200 INFO             PET0 PIOc_sync Exit - MemInfo: [/proc/self/status]	VmLck:	       0 kB
20220313 043749.200 INFO             PET0 PIOc_sync Exit - MemInfo: [/proc/self/status]	VmPin:	   79996 kB
20220313 043749.200 INFO             PET0 PIOc_sync Exit - MemInfo: [/proc/self/status]	VmHWM:	  205888 kB
20220313 043749.200 INFO             PET0 PIOc_sync Exit - MemInfo: [/proc/self/status]	VmRSS:	  201360 kB
20220313 043749.200 INFO             PET0 PIOc_sync Exit - MemInfo: [/proc/self/status]	VmData:	  244552 kB
20220313 043749.200 INFO             PET0 PIOc_sync Exit - MemInfo: [/proc/self/status]	VmStk:	     524 kB
20220313 043749.200 INFO             PET0 PIOc_sync Exit - MemInfo: [/proc/self/status]	VmExe:	    1704 kB
20220313 043749.200 INFO             PET0 PIOc_sync Exit - MemInfo: [/proc/self/status]	VmLib:	  174348 kB
20220313 043749.200 INFO             PET0 PIOc_sync Exit - MemInfo: [/proc/self/status]	VmPTE:	    1064 kB
20220313 043749.200 INFO             PET0 PIOc_sync Exit - MemInfo: [/proc/self/status]	VmSwap:	       0 kB
20220313 043749.200 INFO             PET0 PIOc_sync Exit - MemInfo: [/proc/self/status]	VmRSSPercent: 0.102507 %
20220313 043749.200 INFO             PET0 PIOc_sync Exit - MemInfo: [malloc] Non-mmapped space allocated:                19304448 Byte
20220313 043749.200 INFO             PET0 PIOc_sync Exit - MemInfo: [malloc] Space allocated in mmapped regions:         84254720 Byte
20220313 043749.200 INFO             PET0 PIOc_sync Exit - MemInfo: [malloc] Maximum total allocated space:                     0 Byte
20220313 043749.200 INFO             PET0 PIOc_sync Exit - MemInfo: [malloc] Space in freed fastbin blocks:                   720 Byte
20220313 043749.200 INFO             PET0 PIOc_sync Exit - MemInfo: [malloc] Total allocated space:                      12319600 Byte
20220313 043749.200 INFO             PET0 PIOc_sync Exit - MemInfo: [malloc] Total free space:                            6984848 Byte
20220313 043749.200 INFO             PET0 PIOc_sync Exit - MemInfo: [malloc] Top-most, releasable space:                   131824 Byte
20220313 043749.200 INFO             PET0 PIOc_sync Exit - MemInfo: [malloc] Total space in use, mmap + non-mmap:        96574320 Byte
20220313 043749.200 INFO             PET0 PIOc_sync Exit - MemInfo: [malloc] Total space held (mmap + non-mmap):        103559168 Byte
20220313 043749.200 INFO             PET0 PIOc_sync Exit - MemInfo: [malloc] Total space used (mmap + non-mmap):         96583696 Byte
20220313 043749.200 INFO             PET0 PIOc_sync Exit - MemInfo: Wall-clock time since execution start:                12.1164 seconds
20220313 043749.213 INFO             PET0 PIOc_freedecomp Enter - MemInfo: [/proc/meminfo - SSI]	MemTotal:       196434604 kB
20220313 043749.213 INFO             PET0 PIOc_freedecomp Enter - MemInfo: [/proc/meminfo - SSI]	MemFree:        182919152 kB
20220313 043749.213 INFO             PET0 PIOc_freedecomp Enter - MemInfo: [/proc/meminfo - SSI]	MemAvailable:   191289688 kB
20220313 043749.213 INFO             PET0 PIOc_freedecomp Enter - MemInfo: [/proc/meminfo - SSI]	Committed_AS:    1744876 kB
20220313 043749.213 INFO             PET0 PIOc_freedecomp Enter - MemInfo: [/proc/meminfo - SSI]	CommittedPercent: 0.888273 %
20220313 043749.213 INFO             PET0 PIOc_freedecomp Enter - MemInfo: [/proc/self/status]	VmPeak:	 3877172 kB
20220313 043749.213 INFO             PET0 PIOc_freedecomp Enter - MemInfo: [/proc/self/status]	VmSize:	 3874864 kB
20220313 043749.213 INFO             PET0 PIOc_freedecomp Enter - MemInfo: [/proc/self/status]	VmLck:	       0 kB
20220313 043749.213 INFO             PET0 PIOc_freedecomp Enter - MemInfo: [/proc/self/status]	VmPin:	   79996 kB
20220313 043749.213 INFO             PET0 PIOc_freedecomp Enter - MemInfo: [/proc/self/status]	VmHWM:	  205888 kB
20220313 043749.213 INFO             PET0 PIOc_freedecomp Enter - MemInfo: [/proc/self/status]	VmRSS:	  201360 kB
20220313 043749.213 INFO             PET0 PIOc_freedecomp Enter - MemInfo: [/proc/self/status]	VmData:	  244552 kB
20220313 043749.213 INFO             PET0 PIOc_freedecomp Enter - MemInfo: [/proc/self/status]	VmStk:	     524 kB
20220313 043749.213 INFO             PET0 PIOc_freedecomp Enter - MemInfo: [/proc/self/status]	VmExe:	    1704 kB
20220313 043749.213 INFO             PET0 PIOc_freedecomp Enter - MemInfo: [/proc/self/status]	VmLib:	  174348 kB
20220313 043749.213 INFO             PET0 PIOc_freedecomp Enter - MemInfo: [/proc/self/status]	VmPTE:	    1064 kB
20220313 043749.213 INFO             PET0 PIOc_freedecomp Enter - MemInfo: [/proc/self/status]	VmSwap:	       0 kB
20220313 043749.213 INFO             PET0 PIOc_freedecomp Enter - MemInfo: [/proc/self/status]	VmRSSPercent: 0.102507 %
20220313 043749.213 INFO             PET0 PIOc_freedecomp Enter - MemInfo: [malloc] Non-mmapped space allocated:                19304448 Byte
20220313 043749.213 INFO             PET0 PIOc_freedecomp Enter - MemInfo: [malloc] Space allocated in mmapped regions:         84254720 Byte
20220313 043749.213 INFO             PET0 PIOc_freedecomp Enter - MemInfo: [malloc] Maximum total allocated space:                     0 Byte
20220313 043749.213 INFO             PET0 PIOc_freedecomp Enter - MemInfo: [malloc] Space in freed fastbin blocks:                   480 Byte
20220313 043749.213 INFO             PET0 PIOc_freedecomp Enter - MemInfo: [malloc] Total allocated space:                       3391904 Byte
20220313 043749.213 INFO             PET0 PIOc_freedecomp Enter - MemInfo: [malloc] Total free space:                           15912544 Byte
20220313 043749.213 INFO             PET0 PIOc_freedecomp Enter - MemInfo: [malloc] Top-most, releasable space:                  8520448 Byte
20220313 043749.213 INFO             PET0 PIOc_freedecomp Enter - MemInfo: [malloc] Total space in use, mmap + non-mmap:        87646624 Byte
20220313 043749.213 INFO             PET0 PIOc_freedecomp Enter - MemInfo: [malloc] Total space held (mmap + non-mmap):        103559168 Byte
20220313 043749.213 INFO             PET0 PIOc_freedecomp Enter - MemInfo: [malloc] Total space used (mmap + non-mmap):         87656000 Byte
20220313 043749.213 INFO             PET0 PIOc_freedecomp Enter - MemInfo: Wall-clock time since execution start:                12.1294 seconds
20220313 043749.213 INFO             PET0 PIOc_freedecomp Exit - MemInfo: [/proc/meminfo - SSI]	MemTotal:       196434604 kB
20220313 043749.214 INFO             PET0 PIOc_freedecomp Exit - MemInfo: [/proc/meminfo - SSI]	MemFree:        182919152 kB
20220313 043749.214 INFO             PET0 PIOc_freedecomp Exit - MemInfo: [/proc/meminfo - SSI]	MemAvailable:   191289688 kB
20220313 043749.214 INFO             PET0 PIOc_freedecomp Exit - MemInfo: [/proc/meminfo - SSI]	Committed_AS:    1744876 kB
20220313 043749.214 INFO             PET0 PIOc_freedecomp Exit - MemInfo: [/proc/meminfo - SSI]	CommittedPercent: 0.888273 %
20220313 043749.214 INFO             PET0 PIOc_freedecomp Exit - MemInfo: [/proc/self/status]	VmPeak:	 3877172 kB
20220313 043749.214 INFO             PET0 PIOc_freedecomp Exit - MemInfo: [/proc/self/status]	VmSize:	 3874864 kB
20220313 043749.214 INFO             PET0 PIOc_freedecomp Exit - MemInfo: [/proc/self/status]	VmLck:	       0 kB
20220313 043749.214 INFO             PET0 PIOc_freedecomp Exit - MemInfo: [/proc/self/status]	VmPin:	   79996 kB
20220313 043749.214 INFO             PET0 PIOc_freedecomp Exit - MemInfo: [/proc/self/status]	VmHWM:	  205888 kB
20220313 043749.214 INFO             PET0 PIOc_freedecomp Exit - MemInfo: [/proc/self/status]	VmRSS:	  201360 kB
20220313 043749.214 INFO             PET0 PIOc_freedecomp Exit - MemInfo: [/proc/self/status]	VmData:	  244552 kB
20220313 043749.214 INFO             PET0 PIOc_freedecomp Exit - MemInfo: [/proc/self/status]	VmStk:	     524 kB
20220313 043749.214 INFO             PET0 PIOc_freedecomp Exit - MemInfo: [/proc/self/status]	VmExe:	    1704 kB
20220313 043749.214 INFO             PET0 PIOc_freedecomp Exit - MemInfo: [/proc/self/status]	VmLib:	  174348 kB
20220313 043749.214 INFO             PET0 PIOc_freedecomp Exit - MemInfo: [/proc/self/status]	VmPTE:	    1064 kB
20220313 043749.214 INFO             PET0 PIOc_freedecomp Exit - MemInfo: [/proc/self/status]	VmSwap:	       0 kB
20220313 043749.214 INFO             PET0 PIOc_freedecomp Exit - MemInfo: [/proc/self/status]	VmRSSPercent: 0.102507 %
20220313 043749.214 INFO             PET0 PIOc_freedecomp Exit - MemInfo: [malloc] Non-mmapped space allocated:                19304448 Byte
20220313 043749.214 INFO             PET0 PIOc_freedecomp Exit - MemInfo: [malloc] Space allocated in mmapped regions:         84254720 Byte
20220313 043749.214 INFO             PET0 PIOc_freedecomp Exit - MemInfo: [malloc] Maximum total allocated space:                     0 Byte
20220313 043749.214 INFO             PET0 PIOc_freedecomp Exit - MemInfo: [malloc] Space in freed fastbin blocks:                   848 Byte
20220313 043749.214 INFO             PET0 PIOc_freedecomp Exit - MemInfo: [malloc] Total allocated space:                       3390448 Byte
20220313 043749.214 INFO             PET0 PIOc_freedecomp Exit - MemInfo: [malloc] Total free space:                           15914000 Byte
20220313 043749.214 INFO             PET0 PIOc_freedecomp Exit - MemInfo: [malloc] Top-most, releasable space:                  8520448 Byte
20220313 043749.214 INFO             PET0 PIOc_freedecomp Exit - MemInfo: [malloc] Total space in use, mmap + non-mmap:        87645168 Byte
20220313 043749.214 INFO             PET0 PIOc_freedecomp Exit - MemInfo: [malloc] Total space held (mmap + non-mmap):        103559168 Byte
20220313 043749.214 INFO             PET0 PIOc_freedecomp Exit - MemInfo: [malloc] Total space used (mmap + non-mmap):         87654560 Byte
20220313 043749.214 INFO             PET0 PIOc_freedecomp Exit - MemInfo: Wall-clock time since execution start:                12.1303 seconds
20220313 043749.539 INFO             PET0 PIOc_sync Enter - MemInfo: [/proc/meminfo - SSI]	MemTotal:       196434604 kB
20220313 043749.539 INFO             PET0 PIOc_sync Enter - MemInfo: [/proc/meminfo - SSI]	MemFree:        182919580 kB
20220313 043749.539 INFO             PET0 PIOc_sync Enter - MemInfo: [/proc/meminfo - SSI]	MemAvailable:   191290204 kB
20220313 043749.539 INFO             PET0 PIOc_sync Enter - MemInfo: [/proc/meminfo - SSI]	Committed_AS:    1744876 kB
20220313 043749.539 INFO             PET0 PIOc_sync Enter - MemInfo: [/proc/meminfo - SSI]	CommittedPercent: 0.888273 %
20220313 043749.539 INFO             PET0 PIOc_sync Enter - MemInfo: [/proc/self/status]	VmPeak:	 3877172 kB
20220313 043749.539 INFO             PET0 PIOc_sync Enter - MemInfo: [/proc/self/status]	VmSize:	 3874864 kB
20220313 043749.539 INFO             PET0 PIOc_sync Enter - MemInfo: [/proc/self/status]	VmLck:	       0 kB
20220313 043749.539 INFO             PET0 PIOc_sync Enter - MemInfo: [/proc/self/status]	VmPin:	   79996 kB
20220313 043749.539 INFO             PET0 PIOc_sync Enter - MemInfo: [/proc/self/status]	VmHWM:	  205888 kB
20220313 043749.539 INFO             PET0 PIOc_sync Enter - MemInfo: [/proc/self/status]	VmRSS:	  201408 kB
20220313 043749.539 INFO             PET0 PIOc_sync Enter - MemInfo: [/proc/self/status]	VmData:	  244552 kB
20220313 043749.539 INFO             PET0 PIOc_sync Enter - MemInfo: [/proc/self/status]	VmStk:	     524 kB
20220313 043749.539 INFO             PET0 PIOc_sync Enter - MemInfo: [/proc/self/status]	VmExe:	    1704 kB
20220313 043749.539 INFO             PET0 PIOc_sync Enter - MemInfo: [/proc/self/status]	VmLib:	  174348 kB
20220313 043749.539 INFO             PET0 PIOc_sync Enter - MemInfo: [/proc/self/status]	VmPTE:	    1064 kB
20220313 043749.539 INFO             PET0 PIOc_sync Enter - MemInfo: [/proc/self/status]	VmSwap:	       0 kB
20220313 043749.539 INFO             PET0 PIOc_sync Enter - MemInfo: [/proc/self/status]	VmRSSPercent: 0.102532 %
20220313 043749.539 INFO             PET0 PIOc_sync Enter - MemInfo: [malloc] Non-mmapped space allocated:                19304448 Byte
20220313 043749.539 INFO             PET0 PIOc_sync Enter - MemInfo: [malloc] Space allocated in mmapped regions:         84254720 Byte
20220313 043749.539 INFO             PET0 PIOc_sync Enter - MemInfo: [malloc] Maximum total allocated space:                     0 Byte
20220313 043749.539 INFO             PET0 PIOc_sync Enter - MemInfo: [malloc] Space in freed fastbin blocks:                  3024 Byte
20220313 043749.539 INFO             PET0 PIOc_sync Enter - MemInfo: [malloc] Total allocated space:                      12321072 Byte
20220313 043749.539 INFO             PET0 PIOc_sync Enter - MemInfo: [malloc] Total free space:                            6983376 Byte
20220313 043749.539 INFO             PET0 PIOc_sync Enter - MemInfo: [malloc] Top-most, releasable space:                   131824 Byte
20220313 043749.539 INFO             PET0 PIOc_sync Enter - MemInfo: [malloc] Total space in use, mmap + non-mmap:        96575792 Byte
20220313 043749.539 INFO             PET0 PIOc_sync Enter - MemInfo: [malloc] Total space held (mmap + non-mmap):        103559168 Byte
20220313 043749.539 INFO             PET0 PIOc_sync Enter - MemInfo: [malloc] Total space used (mmap + non-mmap):         96585168 Byte
20220313 043749.539 INFO             PET0 PIOc_sync Enter - MemInfo: Wall-clock time since execution start:                12.4547 seconds
20220313 043749.562 INFO             PET0 PIOc_sync Exit - MemInfo: [/proc/meminfo - SSI]	MemTotal:       196434604 kB
20220313 043749.562 INFO             PET0 PIOc_sync Exit - MemInfo: [/proc/meminfo - SSI]	MemFree:        182919580 kB
20220313 043749.562 INFO             PET0 PIOc_sync Exit - MemInfo: [/proc/meminfo - SSI]	MemAvailable:   191290204 kB
20220313 043749.562 INFO             PET0 PIOc_sync Exit - MemInfo: [/proc/meminfo - SSI]	Committed_AS:    1744876 kB
20220313 043749.562 INFO             PET0 PIOc_sync Exit - MemInfo: [/proc/meminfo - SSI]	CommittedPercent: 0.888273 %
20220313 043749.562 INFO             PET0 PIOc_sync Exit - MemInfo: [/proc/self/status]	VmPeak:	 3877172 kB
20220313 043749.562 INFO             PET0 PIOc_sync Exit - MemInfo: [/proc/self/status]	VmSize:	 3874864 kB
20220313 043749.562 INFO             PET0 PIOc_sync Exit - MemInfo: [/proc/self/status]	VmLck:	       0 kB
20220313 043749.562 INFO             PET0 PIOc_sync Exit - MemInfo: [/proc/self/status]	VmPin:	   79996 kB
20220313 043749.562 INFO             PET0 PIOc_sync Exit - MemInfo: [/proc/self/status]	VmHWM:	  205888 kB
20220313 043749.562 INFO             PET0 PIOc_sync Exit - MemInfo: [/proc/self/status]	VmRSS:	  201420 kB
20220313 043749.562 INFO             PET0 PIOc_sync Exit - MemInfo: [/proc/self/status]	VmData:	  244552 kB
20220313 043749.562 INFO             PET0 PIOc_sync Exit - MemInfo: [/proc/self/status]	VmStk:	     524 kB
20220313 043749.562 INFO             PET0 PIOc_sync Exit - MemInfo: [/proc/self/status]	VmExe:	    1704 kB
20220313 043749.562 INFO             PET0 PIOc_sync Exit - MemInfo: [/proc/self/status]	VmLib:	  174348 kB
20220313 043749.562 INFO             PET0 PIOc_sync Exit - MemInfo: [/proc/self/status]	VmPTE:	    1064 kB
20220313 043749.562 INFO             PET0 PIOc_sync Exit - MemInfo: [/proc/self/status]	VmSwap:	       0 kB
20220313 043749.562 INFO             PET0 PIOc_sync Exit - MemInfo: [/proc/self/status]	VmRSSPercent: 0.102538 %
20220313 043749.562 INFO             PET0 PIOc_sync Exit - MemInfo: [malloc] Non-mmapped space allocated:                19304448 Byte
20220313 043749.562 INFO             PET0 PIOc_sync Exit - MemInfo: [malloc] Space allocated in mmapped regions:         84254720 Byte
20220313 043749.562 INFO             PET0 PIOc_sync Exit - MemInfo: [malloc] Maximum total allocated space:                     0 Byte
20220313 043749.562 INFO             PET0 PIOc_sync Exit - MemInfo: [malloc] Space in freed fastbin blocks:                   816 Byte
20220313 043749.562 INFO             PET0 PIOc_sync Exit - MemInfo: [malloc] Total allocated space:                      12320336 Byte
20220313 043749.562 INFO             PET0 PIOc_sync Exit - MemInfo: [malloc] Total free space:                            6984112 Byte
20220313 043749.562 INFO             PET0 PIOc_sync Exit - MemInfo: [malloc] Top-most, releasable space:                   131824 Byte
20220313 043749.562 INFO             PET0 PIOc_sync Exit - MemInfo: [malloc] Total space in use, mmap + non-mmap:        96575056 Byte
20220313 043749.562 INFO             PET0 PIOc_sync Exit - MemInfo: [malloc] Total space held (mmap + non-mmap):        103559168 Byte
20220313 043749.562 INFO             PET0 PIOc_sync Exit - MemInfo: [malloc] Total space used (mmap + non-mmap):         96584432 Byte
20220313 043749.562 INFO             PET0 PIOc_sync Exit - MemInfo: Wall-clock time since execution start:                12.4776 seconds
20220313 043749.563 INFO             PET0 PIOc_freedecomp Enter - MemInfo: [/proc/meminfo - SSI]	MemTotal:       196434604 kB
20220313 043749.563 INFO             PET0 PIOc_freedecomp Enter - MemInfo: [/proc/meminfo - SSI]	MemFree:        182919580 kB
20220313 043749.563 INFO             PET0 PIOc_freedecomp Enter - MemInfo: [/proc/meminfo - SSI]	MemAvailable:   191290204 kB
20220313 043749.563 INFO             PET0 PIOc_freedecomp Enter - MemInfo: [/proc/meminfo - SSI]	Committed_AS:    1744876 kB
20220313 043749.563 INFO             PET0 PIOc_freedecomp Enter - MemInfo: [/proc/meminfo - SSI]	CommittedPercent: 0.888273 %
20220313 043749.563 INFO             PET0 PIOc_freedecomp Enter - MemInfo: [/proc/self/status]	VmPeak:	 3877172 kB
20220313 043749.563 INFO             PET0 PIOc_freedecomp Enter - MemInfo: [/proc/self/status]	VmSize:	 3874864 kB
20220313 043749.563 INFO             PET0 PIOc_freedecomp Enter - MemInfo: [/proc/self/status]	VmLck:	       0 kB
20220313 043749.563 INFO             PET0 PIOc_freedecomp Enter - MemInfo: [/proc/self/status]	VmPin:	   79996 kB
20220313 043749.563 INFO             PET0 PIOc_freedecomp Enter - MemInfo: [/proc/self/status]	VmHWM:	  205888 kB
20220313 043749.563 INFO             PET0 PIOc_freedecomp Enter - MemInfo: [/proc/self/status]	VmRSS:	  201420 kB
20220313 043749.563 INFO             PET0 PIOc_freedecomp Enter - MemInfo: [/proc/self/status]	VmData:	  244552 kB
20220313 043749.563 INFO             PET0 PIOc_freedecomp Enter - MemInfo: [/proc/self/status]	VmStk:	     524 kB
20220313 043749.563 INFO             PET0 PIOc_freedecomp Enter - MemInfo: [/proc/self/status]	VmExe:	    1704 kB
20220313 043749.563 INFO             PET0 PIOc_freedecomp Enter - MemInfo: [/proc/self/status]	VmLib:	  174348 kB
20220313 043749.563 INFO             PET0 PIOc_freedecomp Enter - MemInfo: [/proc/self/status]	VmPTE:	    1064 kB
20220313 043749.563 INFO             PET0 PIOc_freedecomp Enter - MemInfo: [/proc/self/status]	VmSwap:	       0 kB
20220313 043749.563 INFO             PET0 PIOc_freedecomp Enter - MemInfo: [/proc/self/status]	VmRSSPercent: 0.102538 %
20220313 043749.563 INFO             PET0 PIOc_freedecomp Enter - MemInfo: [malloc] Non-mmapped space allocated:                19304448 Byte
20220313 043749.563 INFO             PET0 PIOc_freedecomp Enter - MemInfo: [malloc] Space allocated in mmapped regions:         84254720 Byte
20220313 043749.563 INFO             PET0 PIOc_freedecomp Enter - MemInfo: [malloc] Maximum total allocated space:                     0 Byte
20220313 043749.563 INFO             PET0 PIOc_freedecomp Enter - MemInfo: [malloc] Space in freed fastbin blocks:                   608 Byte
20220313 043749.563 INFO             PET0 PIOc_freedecomp Enter - MemInfo: [malloc] Total allocated space:                       3391904 Byte
20220313 043749.563 INFO             PET0 PIOc_freedecomp Enter - MemInfo: [malloc] Total free space:                           15912544 Byte
20220313 043749.563 INFO             PET0 PIOc_freedecomp Enter - MemInfo: [malloc] Top-most, releasable space:                  8520448 Byte
20220313 043749.563 INFO             PET0 PIOc_freedecomp Enter - MemInfo: [malloc] Total space in use, mmap + non-mmap:        87646624 Byte
20220313 043749.563 INFO             PET0 PIOc_freedecomp Enter - MemInfo: [malloc] Total space held (mmap + non-mmap):        103559168 Byte
20220313 043749.563 INFO             PET0 PIOc_freedecomp Enter - MemInfo: [malloc] Total space used (mmap + non-mmap):         87656000 Byte
20220313 043749.563 INFO             PET0 PIOc_freedecomp Enter - MemInfo: Wall-clock time since execution start:                12.4788 seconds
20220313 043749.564 INFO             PET0 PIOc_freedecomp Exit - MemInfo: [/proc/meminfo - SSI]	MemTotal:       196434604 kB
20220313 043749.564 INFO             PET0 PIOc_freedecomp Exit - MemInfo: [/proc/meminfo - SSI]	MemFree:        182919580 kB
20220313 043749.564 INFO             PET0 PIOc_freedecomp Exit - MemInfo: [/proc/meminfo - SSI]	MemAvailable:   191290204 kB
20220313 043749.564 INFO             PET0 PIOc_freedecomp Exit - MemInfo: [/proc/meminfo - SSI]	Committed_AS:    1744876 kB
20220313 043749.564 INFO             PET0 PIOc_freedecomp Exit - MemInfo: [/proc/meminfo - SSI]	CommittedPercent: 0.888273 %
20220313 043749.564 INFO             PET0 PIOc_freedecomp Exit - MemInfo: [/proc/self/status]	VmPeak:	 3877172 kB
20220313 043749.564 INFO             PET0 PIOc_freedecomp Exit - MemInfo: [/proc/self/status]	VmSize:	 3874864 kB
20220313 043749.564 INFO             PET0 PIOc_freedecomp Exit - MemInfo: [/proc/self/status]	VmLck:	       0 kB
20220313 043749.564 INFO             PET0 PIOc_freedecomp Exit - MemInfo: [/proc/self/status]	VmPin:	   79996 kB
20220313 043749.564 INFO             PET0 PIOc_freedecomp Exit - MemInfo: [/proc/self/status]	VmHWM:	  205888 kB
20220313 043749.564 INFO             PET0 PIOc_freedecomp Exit - MemInfo: [/proc/self/status]	VmRSS:	  201420 kB
20220313 043749.564 INFO             PET0 PIOc_freedecomp Exit - MemInfo: [/proc/self/status]	VmData:	  244552 kB
20220313 043749.564 INFO             PET0 PIOc_freedecomp Exit - MemInfo: [/proc/self/status]	VmStk:	     524 kB
20220313 043749.564 INFO             PET0 PIOc_freedecomp Exit - MemInfo: [/proc/self/status]	VmExe:	    1704 kB
20220313 043749.564 INFO             PET0 PIOc_freedecomp Exit - MemInfo: [/proc/self/status]	VmLib:	  174348 kB
20220313 043749.564 INFO             PET0 PIOc_freedecomp Exit - MemInfo: [/proc/self/status]	VmPTE:	    1064 kB
20220313 043749.564 INFO             PET0 PIOc_freedecomp Exit - MemInfo: [/proc/self/status]	VmSwap:	       0 kB
20220313 043749.564 INFO             PET0 PIOc_freedecomp Exit - MemInfo: [/proc/self/status]	VmRSSPercent: 0.102538 %
20220313 043749.564 INFO             PET0 PIOc_freedecomp Exit - MemInfo: [malloc] Non-mmapped space allocated:                19304448 Byte
20220313 043749.564 INFO             PET0 PIOc_freedecomp Exit - MemInfo: [malloc] Space allocated in mmapped regions:         84254720 Byte
20220313 043749.564 INFO             PET0 PIOc_freedecomp Exit - MemInfo: [malloc] Maximum total allocated space:                     0 Byte
20220313 043749.564 INFO             PET0 PIOc_freedecomp Exit - MemInfo: [malloc] Space in freed fastbin blocks:                   848 Byte
20220313 043749.564 INFO             PET0 PIOc_freedecomp Exit - MemInfo: [malloc] Total allocated space:                       3390448 Byte
20220313 043749.564 INFO             PET0 PIOc_freedecomp Exit - MemInfo: [malloc] Total free space:                           15914000 Byte
20220313 043749.564 INFO             PET0 PIOc_freedecomp Exit - MemInfo: [malloc] Top-most, releasable space:                  8520448 Byte
20220313 043749.564 INFO             PET0 PIOc_freedecomp Exit - MemInfo: [malloc] Total space in use, mmap + non-mmap:        87645168 Byte
20220313 043749.564 INFO             PET0 PIOc_freedecomp Exit - MemInfo: [malloc] Total space held (mmap + non-mmap):        103559168 Byte
20220313 043749.564 INFO             PET0 PIOc_freedecomp Exit - MemInfo: [malloc] Total space used (mmap + non-mmap):         87654560 Byte
20220313 043749.564 INFO             PET0 PIOc_freedecomp Exit - MemInfo: Wall-clock time since execution start:                12.4797 seconds
20220313 043749.581 INFO             PET0  PASS  Test RouteHandleDestroy(), ESMF_RouteHandleAdvancedUTest.F90, line 633
20220313 043749.581 INFO             PET0  PASS  Apply the copied Routehandle, ESMF_RouteHandleAdvancedUTest.F90, line 643
20220313 043749.581 INFO             PET0  PASS  Test RouteHandleDestroy() for the copied Routehandle, ESMF_RouteHandleAdvancedUTest.F90, line 651
20220313 043749.591 INFO             PET0  PASS  Test ESMF_DynamicMaskSetR4R4R4(), ESMF_RouteHandleAdvancedUTest.F90, line 716
20220313 043749.591 INFO             PET0  PASS  Test ESMF_DynamicMaskSetR4R4R4V(), ESMF_RouteHandleAdvancedUTest.F90, line 725
20220313 043749.591 INFO             PET0  PASS  Test ESMF_DynamicMaskSetR4R8R4V(), ESMF_RouteHandleAdvancedUTest.F90, line 734
20220313 043749.591 INFO             PET0  Ending Test, file ESMF_RouteHandleAdvancedUTest.F90, line 749
20220313 043749.591 INFO             PET0 Finalizing ESMF
20220313 043737.516 INFO             PET1 !!!!!!!!!!!!!!!!!!!!!!!!!!!!!!!!!!!!!!!!!!!!!!!!!!!!!!
20220313 043737.516 INFO             PET1 !!! THE ESMF_LOG IS SET TO OUTPUT ALL LOG MESSAGES !!!
20220313 043737.516 INFO             PET1 !!!     THIS MAY CAUSE SLOWDOWN IN PERFORMANCE     !!!
20220313 043737.516 INFO             PET1 !!! FOR PRODUCTION RUNS, USE:                      !!!
20220313 043737.516 INFO             PET1 !!!                   ESMF_LOGKIND_Multi_On_Error  !!!
20220313 043737.516 INFO             PET1 !!!!!!!!!!!!!!!!!!!!!!!!!!!!!!!!!!!!!!!!!!!!!!!!!!!!!!
20220313 043737.516 INFO             PET1 Running with ESMF Version   : v8.3.0b09-96-g559b459
20220313 043737.516 INFO             PET1 ESMF library build date/time: "Mar 13 2022" "03:18:06"
20220313 043737.521 INFO             PET1 ESMF library build location : /work/noaa/da/mpotts/sandbox/intel_2020_intelmpi_g_jedwards_pio_update2
20220313 043737.521 INFO             PET1 ESMF_COMM                   : intelmpi
20220313 043737.523 INFO             PET1 ESMF_MOAB                   : enabled
20220313 043737.523 INFO             PET1 ESMF_LAPACK                 : enabled
20220313 043737.523 INFO             PET1 ESMF_NETCDF                 : enabled
20220313 043737.523 INFO             PET1 ESMF_PNETCDF                : disabled
20220313 043737.524 INFO             PET1 ESMF_PIO                    : enabled
20220313 043737.524 INFO             PET1 ESMF_YAMLCPP                : enabled
20220313 043737.694 INFO             PET1  Beginning Test, file ESMF_RouteHandleAdvancedUTest.F90, line 346
20220313 043737.695 INFO             PET1  NUMBER_OF_PROCESSORS           4
20220313 043739.159 INFO             PET1 ESMF_FieldRedistStoreNF(): Just entered routine.
20220313 043742.966 INFO             PET1 ESMF_FieldRedistStoreNF(): Leaving routine.
20220313 043742.966 INFO             PET1  PASS  Create RouteHandle for the original petList, ESMF_RouteHandleAdvancedUTest.F90, line 511
20220313 043742.966 INFO             PET1  PASS  Test RouteHandleIsCreated(), ESMF_RouteHandleAdvancedUTest.F90, line 519
20220313 043742.966 INFO             PET1  PASS  Test RouteHandleIsCreated() return value, ESMF_RouteHandleAdvancedUTest.F90, line 526
20220313 043742.966 INFO             PET1  PASS  Test RouteHandleGet(), ESMF_RouteHandleAdvancedUTest.F90, line 534
20220313 043743.421 INFO             PET1  PASS  Test RouteHandleWrite(), ESMF_RouteHandleAdvancedUTest.F90, line 542
20220313 043743.421 INFO             PET1  PASS  Test RouteHandleDestroy(), ESMF_RouteHandleAdvancedUTest.F90, line 550
20220313 043743.796 INFO             PET1  PASS  Test RouteHandleCreate(from file), ESMF_RouteHandleAdvancedUTest.F90, line 558
20220313 043743.845 INFO             PET1  PASS  Apply the read in Routehandle, ESMF_RouteHandleAdvancedUTest.F90, line 567
20220313 043743.845 INFO             PET1  PASS  Test RouteHandleDestroy() for the read in Routehandle, ESMF_RouteHandleAdvancedUTest.F90, line 575
20220313 043743.845 INFO             PET1 ESMF_FieldRedistStoreNF(): Just entered routine.
20220313 043748.119 INFO             PET1 ESMF_FieldRedistStoreNF(): Leaving routine.
20220313 043748.119 INFO             PET1  PASS  Create RouteHandle for the original petList, ESMF_RouteHandleAdvancedUTest.F90, line 585
20220313 043748.119 INFO             PET1  PASS  Transfer RouteHandle to a different petList, ESMF_RouteHandleAdvancedUTest.F90, line 602
20220313 043748.509 INFO             PET1 PIOc_sync Enter - MemInfo: [/proc/meminfo - SSI]	MemTotal:       196434604 kB
20220313 043748.509 INFO             PET1 PIOc_sync Enter - MemInfo: [/proc/meminfo - SSI]	MemFree:        182914808 kB
20220313 043748.509 INFO             PET1 PIOc_sync Enter - MemInfo: [/proc/meminfo - SSI]	MemAvailable:   191285288 kB
20220313 043748.509 INFO             PET1 PIOc_sync Enter - MemInfo: [/proc/meminfo - SSI]	Committed_AS:    1747008 kB
20220313 043748.509 INFO             PET1 PIOc_sync Enter - MemInfo: [/proc/meminfo - SSI]	CommittedPercent: 0.889359 %
20220313 043748.509 INFO             PET1 PIOc_sync Enter - MemInfo: [/proc/self/status]	VmPeak:	 3866924 kB
20220313 043748.509 INFO             PET1 PIOc_sync Enter - MemInfo: [/proc/self/status]	VmSize:	 3866924 kB
20220313 043748.509 INFO             PET1 PIOc_sync Enter - MemInfo: [/proc/self/status]	VmLck:	       0 kB
20220313 043748.509 INFO             PET1 PIOc_sync Enter - MemInfo: [/proc/self/status]	VmPin:	   79996 kB
20220313 043748.509 INFO             PET1 PIOc_sync Enter - MemInfo: [/proc/self/status]	VmHWM:	  191784 kB
20220313 043748.509 INFO             PET1 PIOc_sync Enter - MemInfo: [/proc/self/status]	VmRSS:	  191784 kB
20220313 043748.509 INFO             PET1 PIOc_sync Enter - MemInfo: [/proc/self/status]	VmData:	  236608 kB
20220313 043748.509 INFO             PET1 PIOc_sync Enter - MemInfo: [/proc/self/status]	VmStk:	     528 kB
20220313 043748.509 INFO             PET1 PIOc_sync Enter - MemInfo: [/proc/self/status]	VmExe:	    1704 kB
20220313 043748.509 INFO             PET1 PIOc_sync Enter - MemInfo: [/proc/self/status]	VmLib:	  174348 kB
20220313 043748.509 INFO             PET1 PIOc_sync Enter - MemInfo: [/proc/self/status]	VmPTE:	    1052 kB
20220313 043748.509 INFO             PET1 PIOc_sync Enter - MemInfo: [/proc/self/status]	VmSwap:	       0 kB
20220313 043748.509 INFO             PET1 PIOc_sync Enter - MemInfo: [/proc/self/status]	VmRSSPercent: 0.0976325 %
20220313 043748.509 INFO             PET1 PIOc_sync Enter - MemInfo: [malloc] Non-mmapped space allocated:                13266944 Byte
20220313 043748.509 INFO             PET1 PIOc_sync Enter - MemInfo: [malloc] Space allocated in mmapped regions:         84254720 Byte
20220313 043748.509 INFO             PET1 PIOc_sync Enter - MemInfo: [malloc] Maximum total allocated space:                     0 Byte
20220313 043748.509 INFO             PET1 PIOc_sync Enter - MemInfo: [malloc] Space in freed fastbin blocks:                   512 Byte
20220313 043748.509 INFO             PET1 PIOc_sync Enter - MemInfo: [malloc] Total allocated space:                       3120752 Byte
20220313 043748.509 INFO             PET1 PIOc_sync Enter - MemInfo: [malloc] Total free space:                           10146192 Byte
20220313 043748.509 INFO             PET1 PIOc_sync Enter - MemInfo: [malloc] Top-most, releasable space:                  2491632 Byte
20220313 043748.509 INFO             PET1 PIOc_sync Enter - MemInfo: [malloc] Total space in use, mmap + non-mmap:        87375472 Byte
20220313 043748.509 INFO             PET1 PIOc_sync Enter - MemInfo: [malloc] Total space held (mmap + non-mmap):         97521664 Byte
20220313 043748.509 INFO             PET1 PIOc_sync Enter - MemInfo: [malloc] Total space used (mmap + non-mmap):         87384864 Byte
20220313 043748.509 INFO             PET1 PIOc_sync Enter - MemInfo: Wall-clock time since execution start:                11.4307 seconds
20220313 043748.527 INFO             PET1 PIOc_sync Exit - MemInfo: [/proc/meminfo - SSI]	MemTotal:       196434604 kB
20220313 043748.527 INFO             PET1 PIOc_sync Exit - MemInfo: [/proc/meminfo - SSI]	MemFree:        182921836 kB
20220313 043748.527 INFO             PET1 PIOc_sync Exit - MemInfo: [/proc/meminfo - SSI]	MemAvailable:   191292316 kB
20220313 043748.527 INFO             PET1 PIOc_sync Exit - MemInfo: [/proc/meminfo - SSI]	Committed_AS:    1738984 kB
20220313 043748.527 INFO             PET1 PIOc_sync Exit - MemInfo: [/proc/meminfo - SSI]	CommittedPercent: 0.885274 %
20220313 043748.527 INFO             PET1 PIOc_sync Exit - MemInfo: [/proc/self/status]	VmPeak:	 3866924 kB
20220313 043748.527 INFO             PET1 PIOc_sync Exit - MemInfo: [/proc/self/status]	VmSize:	 3866924 kB
20220313 043748.527 INFO             PET1 PIOc_sync Exit - MemInfo: [/proc/self/status]	VmLck:	       0 kB
20220313 043748.527 INFO             PET1 PIOc_sync Exit - MemInfo: [/proc/self/status]	VmPin:	   79996 kB
20220313 043748.527 INFO             PET1 PIOc_sync Exit - MemInfo: [/proc/self/status]	VmHWM:	  191876 kB
20220313 043748.527 INFO             PET1 PIOc_sync Exit - MemInfo: [/proc/self/status]	VmRSS:	  191876 kB
20220313 043748.527 INFO             PET1 PIOc_sync Exit - MemInfo: [/proc/self/status]	VmData:	  236608 kB
20220313 043748.527 INFO             PET1 PIOc_sync Exit - MemInfo: [/proc/self/status]	VmStk:	     528 kB
20220313 043748.527 INFO             PET1 PIOc_sync Exit - MemInfo: [/proc/self/status]	VmExe:	    1704 kB
20220313 043748.527 INFO             PET1 PIOc_sync Exit - MemInfo: [/proc/self/status]	VmLib:	  174348 kB
20220313 043748.527 INFO             PET1 PIOc_sync Exit - MemInfo: [/proc/self/status]	VmPTE:	    1052 kB
20220313 043748.527 INFO             PET1 PIOc_sync Exit - MemInfo: [/proc/self/status]	VmSwap:	       0 kB
20220313 043748.527 INFO             PET1 PIOc_sync Exit - MemInfo: [/proc/self/status]	VmRSSPercent: 0.0976793 %
20220313 043748.527 INFO             PET1 PIOc_sync Exit - MemInfo: [malloc] Non-mmapped space allocated:                13266944 Byte
20220313 043748.527 INFO             PET1 PIOc_sync Exit - MemInfo: [malloc] Space allocated in mmapped regions:         84254720 Byte
20220313 043748.527 INFO             PET1 PIOc_sync Exit - MemInfo: [malloc] Maximum total allocated space:                     0 Byte
20220313 043748.528 INFO             PET1 PIOc_sync Exit - MemInfo: [malloc] Space in freed fastbin blocks:                   144 Byte
20220313 043748.528 INFO             PET1 PIOc_sync Exit - MemInfo: [malloc] Total allocated space:                       3119984 Byte
20220313 043748.528 INFO             PET1 PIOc_sync Exit - MemInfo: [malloc] Total free space:                           10146960 Byte
20220313 043748.528 INFO             PET1 PIOc_sync Exit - MemInfo: [malloc] Top-most, releasable space:                  2491632 Byte
20220313 043748.528 INFO             PET1 PIOc_sync Exit - MemInfo: [malloc] Total space in use, mmap + non-mmap:        87374704 Byte
20220313 043748.528 INFO             PET1 PIOc_sync Exit - MemInfo: [malloc] Total space held (mmap + non-mmap):         97521664 Byte
20220313 043748.528 INFO             PET1 PIOc_sync Exit - MemInfo: [malloc] Total space used (mmap + non-mmap):         87384080 Byte
20220313 043748.528 INFO             PET1 PIOc_sync Exit - MemInfo: Wall-clock time since execution start:                 11.449 seconds
20220313 043748.528 INFO             PET1 PIOc_freedecomp Enter - MemInfo: [/proc/meminfo - SSI]	MemTotal:       196434604 kB
20220313 043748.528 INFO             PET1 PIOc_freedecomp Enter - MemInfo: [/proc/meminfo - SSI]	MemFree:        182921836 kB
20220313 043748.528 INFO             PET1 PIOc_freedecomp Enter - MemInfo: [/proc/meminfo - SSI]	MemAvailable:   191292316 kB
20220313 043748.528 INFO             PET1 PIOc_freedecomp Enter - MemInfo: [/proc/meminfo - SSI]	Committed_AS:    1738984 kB
20220313 043748.528 INFO             PET1 PIOc_freedecomp Enter - MemInfo: [/proc/meminfo - SSI]	CommittedPercent: 0.885274 %
20220313 043748.528 INFO             PET1 PIOc_freedecomp Enter - MemInfo: [/proc/self/status]	VmPeak:	 3866924 kB
20220313 043748.528 INFO             PET1 PIOc_freedecomp Enter - MemInfo: [/proc/self/status]	VmSize:	 3866924 kB
20220313 043748.528 INFO             PET1 PIOc_freedecomp Enter - MemInfo: [/proc/self/status]	VmLck:	       0 kB
20220313 043748.528 INFO             PET1 PIOc_freedecomp Enter - MemInfo: [/proc/self/status]	VmPin:	   79996 kB
20220313 043748.528 INFO             PET1 PIOc_freedecomp Enter - MemInfo: [/proc/self/status]	VmHWM:	  191876 kB
20220313 043748.528 INFO             PET1 PIOc_freedecomp Enter - MemInfo: [/proc/self/status]	VmRSS:	  191876 kB
20220313 043748.528 INFO             PET1 PIOc_freedecomp Enter - MemInfo: [/proc/self/status]	VmData:	  236608 kB
20220313 043748.528 INFO             PET1 PIOc_freedecomp Enter - MemInfo: [/proc/self/status]	VmStk:	     528 kB
20220313 043748.528 INFO             PET1 PIOc_freedecomp Enter - MemInfo: [/proc/self/status]	VmExe:	    1704 kB
20220313 043748.528 INFO             PET1 PIOc_freedecomp Enter - MemInfo: [/proc/self/status]	VmLib:	  174348 kB
20220313 043748.528 INFO             PET1 PIOc_freedecomp Enter - MemInfo: [/proc/self/status]	VmPTE:	    1052 kB
20220313 043748.528 INFO             PET1 PIOc_freedecomp Enter - MemInfo: [/proc/self/status]	VmSwap:	       0 kB
20220313 043748.528 INFO             PET1 PIOc_freedecomp Enter - MemInfo: [/proc/self/status]	VmRSSPercent: 0.0976793 %
20220313 043748.528 INFO             PET1 PIOc_freedecomp Enter - MemInfo: [malloc] Non-mmapped space allocated:                13266944 Byte
20220313 043748.528 INFO             PET1 PIOc_freedecomp Enter - MemInfo: [malloc] Space allocated in mmapped regions:         84254720 Byte
20220313 043748.528 INFO             PET1 PIOc_freedecomp Enter - MemInfo: [malloc] Maximum total allocated space:                     0 Byte
20220313 043748.528 INFO             PET1 PIOc_freedecomp Enter - MemInfo: [malloc] Space in freed fastbin blocks:                   368 Byte
20220313 043748.528 INFO             PET1 PIOc_freedecomp Enter - MemInfo: [malloc] Total allocated space:                       3118368 Byte
20220313 043748.528 INFO             PET1 PIOc_freedecomp Enter - MemInfo: [malloc] Total free space:                           10148576 Byte
20220313 043748.528 INFO             PET1 PIOc_freedecomp Enter - MemInfo: [malloc] Top-most, releasable space:                  2491632 Byte
20220313 043748.528 INFO             PET1 PIOc_freedecomp Enter - MemInfo: [malloc] Total space in use, mmap + non-mmap:        87373088 Byte
20220313 043748.528 INFO             PET1 PIOc_freedecomp Enter - MemInfo: [malloc] Total space held (mmap + non-mmap):         97521664 Byte
20220313 043748.528 INFO             PET1 PIOc_freedecomp Enter - MemInfo: [malloc] Total space used (mmap + non-mmap):         87382480 Byte
20220313 043748.528 INFO             PET1 PIOc_freedecomp Enter - MemInfo: Wall-clock time since execution start:                11.4498 seconds
20220313 043748.529 INFO             PET1 PIOc_freedecomp Exit - MemInfo: [/proc/meminfo - SSI]	MemTotal:       196434604 kB
20220313 043748.529 INFO             PET1 PIOc_freedecomp Exit - MemInfo: [/proc/meminfo - SSI]	MemFree:        182921836 kB
20220313 043748.529 INFO             PET1 PIOc_freedecomp Exit - MemInfo: [/proc/meminfo - SSI]	MemAvailable:   191292316 kB
20220313 043748.529 INFO             PET1 PIOc_freedecomp Exit - MemInfo: [/proc/meminfo - SSI]	Committed_AS:    1738984 kB
20220313 043748.529 INFO             PET1 PIOc_freedecomp Exit - MemInfo: [/proc/meminfo - SSI]	CommittedPercent: 0.885274 %
20220313 043748.529 INFO             PET1 PIOc_freedecomp Exit - MemInfo: [/proc/self/status]	VmPeak:	 3866924 kB
20220313 043748.529 INFO             PET1 PIOc_freedecomp Exit - MemInfo: [/proc/self/status]	VmSize:	 3866924 kB
20220313 043748.529 INFO             PET1 PIOc_freedecomp Exit - MemInfo: [/proc/self/status]	VmLck:	       0 kB
20220313 043748.529 INFO             PET1 PIOc_freedecomp Exit - MemInfo: [/proc/self/status]	VmPin:	   79996 kB
20220313 043748.529 INFO             PET1 PIOc_freedecomp Exit - MemInfo: [/proc/self/status]	VmHWM:	  191880 kB
20220313 043748.529 INFO             PET1 PIOc_freedecomp Exit - MemInfo: [/proc/self/status]	VmRSS:	  191880 kB
20220313 043748.529 INFO             PET1 PIOc_freedecomp Exit - MemInfo: [/proc/self/status]	VmData:	  236608 kB
20220313 043748.529 INFO             PET1 PIOc_freedecomp Exit - MemInfo: [/proc/self/status]	VmStk:	     528 kB
20220313 043748.529 INFO             PET1 PIOc_freedecomp Exit - MemInfo: [/proc/self/status]	VmExe:	    1704 kB
20220313 043748.529 INFO             PET1 PIOc_freedecomp Exit - MemInfo: [/proc/self/status]	VmLib:	  174348 kB
20220313 043748.529 INFO             PET1 PIOc_freedecomp Exit - MemInfo: [/proc/self/status]	VmPTE:	    1052 kB
20220313 043748.529 INFO             PET1 PIOc_freedecomp Exit - MemInfo: [/proc/self/status]	VmSwap:	       0 kB
20220313 043748.529 INFO             PET1 PIOc_freedecomp Exit - MemInfo: [/proc/self/status]	VmRSSPercent: 0.0976814 %
20220313 043748.529 INFO             PET1 PIOc_freedecomp Exit - MemInfo: [malloc] Non-mmapped space allocated:                13266944 Byte
20220313 043748.529 INFO             PET1 PIOc_freedecomp Exit - MemInfo: [malloc] Space allocated in mmapped regions:         84254720 Byte
20220313 043748.529 INFO             PET1 PIOc_freedecomp Exit - MemInfo: [malloc] Maximum total allocated space:                     0 Byte
20220313 043748.529 INFO             PET1 PIOc_freedecomp Exit - MemInfo: [malloc] Space in freed fastbin blocks:                   816 Byte
20220313 043748.529 INFO             PET1 PIOc_freedecomp Exit - MemInfo: [malloc] Total allocated space:                       3117088 Byte
20220313 043748.529 INFO             PET1 PIOc_freedecomp Exit - MemInfo: [malloc] Total free space:                           10149856 Byte
20220313 043748.529 INFO             PET1 PIOc_freedecomp Exit - MemInfo: [malloc] Top-most, releasable space:                  2491632 Byte
20220313 043748.529 INFO             PET1 PIOc_freedecomp Exit - MemInfo: [malloc] Total space in use, mmap + non-mmap:        87371808 Byte
20220313 043748.529 INFO             PET1 PIOc_freedecomp Exit - MemInfo: [malloc] Total space held (mmap + non-mmap):         97521664 Byte
20220313 043748.529 INFO             PET1 PIOc_freedecomp Exit - MemInfo: [malloc] Total space used (mmap + non-mmap):         87381200 Byte
20220313 043748.529 INFO             PET1 PIOc_freedecomp Exit - MemInfo: Wall-clock time since execution start:                11.4505 seconds
20220313 043748.834 INFO             PET1 PIOc_sync Enter - MemInfo: [/proc/meminfo - SSI]	MemTotal:       196434604 kB
20220313 043748.834 INFO             PET1 PIOc_sync Enter - MemInfo: [/proc/meminfo - SSI]	MemFree:        182919152 kB
20220313 043748.834 INFO             PET1 PIOc_sync Enter - MemInfo: [/proc/meminfo - SSI]	MemAvailable:   191289632 kB
20220313 043748.834 INFO             PET1 PIOc_sync Enter - MemInfo: [/proc/meminfo - SSI]	Committed_AS:    1744876 kB
20220313 043748.834 INFO             PET1 PIOc_sync Enter - MemInfo: [/proc/meminfo - SSI]	CommittedPercent: 0.888273 %
20220313 043748.834 INFO             PET1 PIOc_sync Enter - MemInfo: [/proc/self/status]	VmPeak:	 3866924 kB
20220313 043748.834 INFO             PET1 PIOc_sync Enter - MemInfo: [/proc/self/status]	VmSize:	 3866924 kB
20220313 043748.834 INFO             PET1 PIOc_sync Enter - MemInfo: [/proc/self/status]	VmLck:	       0 kB
20220313 043748.834 INFO             PET1 PIOc_sync Enter - MemInfo: [/proc/self/status]	VmPin:	   79996 kB
20220313 043748.834 INFO             PET1 PIOc_sync Enter - MemInfo: [/proc/self/status]	VmHWM:	  191936 kB
20220313 043748.834 INFO             PET1 PIOc_sync Enter - MemInfo: [/proc/self/status]	VmRSS:	  191936 kB
20220313 043748.834 INFO             PET1 PIOc_sync Enter - MemInfo: [/proc/self/status]	VmData:	  236608 kB
20220313 043748.834 INFO             PET1 PIOc_sync Enter - MemInfo: [/proc/self/status]	VmStk:	     528 kB
20220313 043748.834 INFO             PET1 PIOc_sync Enter - MemInfo: [/proc/self/status]	VmExe:	    1704 kB
20220313 043748.834 INFO             PET1 PIOc_sync Enter - MemInfo: [/proc/self/status]	VmLib:	  174348 kB
20220313 043748.834 INFO             PET1 PIOc_sync Enter - MemInfo: [/proc/self/status]	VmPTE:	    1052 kB
20220313 043748.834 INFO             PET1 PIOc_sync Enter - MemInfo: [/proc/self/status]	VmSwap:	       0 kB
20220313 043748.834 INFO             PET1 PIOc_sync Enter - MemInfo: [/proc/self/status]	VmRSSPercent: 0.0977099 %
20220313 043748.834 INFO             PET1 PIOc_sync Enter - MemInfo: [malloc] Non-mmapped space allocated:                13266944 Byte
20220313 043748.834 INFO             PET1 PIOc_sync Enter - MemInfo: [malloc] Space allocated in mmapped regions:         84254720 Byte
20220313 043748.834 INFO             PET1 PIOc_sync Enter - MemInfo: [malloc] Maximum total allocated space:                     0 Byte
20220313 043748.834 INFO             PET1 PIOc_sync Enter - MemInfo: [malloc] Space in freed fastbin blocks:                   512 Byte
20220313 043748.834 INFO             PET1 PIOc_sync Enter - MemInfo: [malloc] Total allocated space:                       3120912 Byte
20220313 043748.834 INFO             PET1 PIOc_sync Enter - MemInfo: [malloc] Total free space:                           10146032 Byte
20220313 043748.834 INFO             PET1 PIOc_sync Enter - MemInfo: [malloc] Top-most, releasable space:                  2491632 Byte
20220313 043748.834 INFO             PET1 PIOc_sync Enter - MemInfo: [malloc] Total space in use, mmap + non-mmap:        87375632 Byte
20220313 043748.834 INFO             PET1 PIOc_sync Enter - MemInfo: [malloc] Total space held (mmap + non-mmap):         97521664 Byte
20220313 043748.834 INFO             PET1 PIOc_sync Enter - MemInfo: [malloc] Total space used (mmap + non-mmap):         87385024 Byte
20220313 043748.834 INFO             PET1 PIOc_sync Enter - MemInfo: Wall-clock time since execution start:                11.7548 seconds
20220313 043748.869 INFO             PET1 PIOc_sync Exit - MemInfo: [/proc/meminfo - SSI]	MemTotal:       196434604 kB
20220313 043748.869 INFO             PET1 PIOc_sync Exit - MemInfo: [/proc/meminfo - SSI]	MemFree:        182919152 kB
20220313 043748.869 INFO             PET1 PIOc_sync Exit - MemInfo: [/proc/meminfo - SSI]	MemAvailable:   191289632 kB
20220313 043748.869 INFO             PET1 PIOc_sync Exit - MemInfo: [/proc/meminfo - SSI]	Committed_AS:    1744876 kB
20220313 043748.869 INFO             PET1 PIOc_sync Exit - MemInfo: [/proc/meminfo - SSI]	CommittedPercent: 0.888273 %
20220313 043748.869 INFO             PET1 PIOc_sync Exit - MemInfo: [/proc/self/status]	VmPeak:	 3866924 kB
20220313 043748.869 INFO             PET1 PIOc_sync Exit - MemInfo: [/proc/self/status]	VmSize:	 3866924 kB
20220313 043748.869 INFO             PET1 PIOc_sync Exit - MemInfo: [/proc/self/status]	VmLck:	       0 kB
20220313 043748.869 INFO             PET1 PIOc_sync Exit - MemInfo: [/proc/self/status]	VmPin:	   79996 kB
20220313 043748.869 INFO             PET1 PIOc_sync Exit - MemInfo: [/proc/self/status]	VmHWM:	  191940 kB
20220313 043748.869 INFO             PET1 PIOc_sync Exit - MemInfo: [/proc/self/status]	VmRSS:	  191940 kB
20220313 043748.869 INFO             PET1 PIOc_sync Exit - MemInfo: [/proc/self/status]	VmData:	  236608 kB
20220313 043748.869 INFO             PET1 PIOc_sync Exit - MemInfo: [/proc/self/status]	VmStk:	     528 kB
20220313 043748.869 INFO             PET1 PIOc_sync Exit - MemInfo: [/proc/self/status]	VmExe:	    1704 kB
20220313 043748.869 INFO             PET1 PIOc_sync Exit - MemInfo: [/proc/self/status]	VmLib:	  174348 kB
20220313 043748.869 INFO             PET1 PIOc_sync Exit - MemInfo: [/proc/self/status]	VmPTE:	    1052 kB
20220313 043748.869 INFO             PET1 PIOc_sync Exit - MemInfo: [/proc/self/status]	VmSwap:	       0 kB
20220313 043748.869 INFO             PET1 PIOc_sync Exit - MemInfo: [/proc/self/status]	VmRSSPercent: 0.0977119 %
20220313 043748.869 INFO             PET1 PIOc_sync Exit - MemInfo: [malloc] Non-mmapped space allocated:                13266944 Byte
20220313 043748.869 INFO             PET1 PIOc_sync Exit - MemInfo: [malloc] Space allocated in mmapped regions:         84254720 Byte
20220313 043748.869 INFO             PET1 PIOc_sync Exit - MemInfo: [malloc] Maximum total allocated space:                     0 Byte
20220313 043748.869 INFO             PET1 PIOc_sync Exit - MemInfo: [malloc] Space in freed fastbin blocks:                   288 Byte
20220313 043748.869 INFO             PET1 PIOc_sync Exit - MemInfo: [malloc] Total allocated space:                       3120128 Byte
20220313 043748.869 INFO             PET1 PIOc_sync Exit - MemInfo: [malloc] Total free space:                           10146816 Byte
20220313 043748.869 INFO             PET1 PIOc_sync Exit - MemInfo: [malloc] Top-most, releasable space:                  2491632 Byte
20220313 043748.869 INFO             PET1 PIOc_sync Exit - MemInfo: [malloc] Total space in use, mmap + non-mmap:        87374848 Byte
20220313 043748.869 INFO             PET1 PIOc_sync Exit - MemInfo: [malloc] Total space held (mmap + non-mmap):         97521664 Byte
20220313 043748.869 INFO             PET1 PIOc_sync Exit - MemInfo: [malloc] Total space used (mmap + non-mmap):         87384240 Byte
20220313 043748.869 INFO             PET1 PIOc_sync Exit - MemInfo: Wall-clock time since execution start:                11.7897 seconds
20220313 043748.869 INFO             PET1 PIOc_freedecomp Enter - MemInfo: [/proc/meminfo - SSI]	MemTotal:       196434604 kB
20220313 043748.869 INFO             PET1 PIOc_freedecomp Enter - MemInfo: [/proc/meminfo - SSI]	MemFree:        182919152 kB
20220313 043748.869 INFO             PET1 PIOc_freedecomp Enter - MemInfo: [/proc/meminfo - SSI]	MemAvailable:   191289632 kB
20220313 043748.869 INFO             PET1 PIOc_freedecomp Enter - MemInfo: [/proc/meminfo - SSI]	Committed_AS:    1744876 kB
20220313 043748.869 INFO             PET1 PIOc_freedecomp Enter - MemInfo: [/proc/meminfo - SSI]	CommittedPercent: 0.888273 %
20220313 043748.869 INFO             PET1 PIOc_freedecomp Enter - MemInfo: [/proc/self/status]	VmPeak:	 3866924 kB
20220313 043748.869 INFO             PET1 PIOc_freedecomp Enter - MemInfo: [/proc/self/status]	VmSize:	 3866924 kB
20220313 043748.869 INFO             PET1 PIOc_freedecomp Enter - MemInfo: [/proc/self/status]	VmLck:	       0 kB
20220313 043748.869 INFO             PET1 PIOc_freedecomp Enter - MemInfo: [/proc/self/status]	VmPin:	   79996 kB
20220313 043748.870 INFO             PET1 PIOc_freedecomp Enter - MemInfo: [/proc/self/status]	VmHWM:	  191940 kB
20220313 043748.870 INFO             PET1 PIOc_freedecomp Enter - MemInfo: [/proc/self/status]	VmRSS:	  191940 kB
20220313 043748.870 INFO             PET1 PIOc_freedecomp Enter - MemInfo: [/proc/self/status]	VmData:	  236608 kB
20220313 043748.870 INFO             PET1 PIOc_freedecomp Enter - MemInfo: [/proc/self/status]	VmStk:	     528 kB
20220313 043748.870 INFO             PET1 PIOc_freedecomp Enter - MemInfo: [/proc/self/status]	VmExe:	    1704 kB
20220313 043748.870 INFO             PET1 PIOc_freedecomp Enter - MemInfo: [/proc/self/status]	VmLib:	  174348 kB
20220313 043748.870 INFO             PET1 PIOc_freedecomp Enter - MemInfo: [/proc/self/status]	VmPTE:	    1052 kB
20220313 043748.870 INFO             PET1 PIOc_freedecomp Enter - MemInfo: [/proc/self/status]	VmSwap:	       0 kB
20220313 043748.870 INFO             PET1 PIOc_freedecomp Enter - MemInfo: [/proc/self/status]	VmRSSPercent: 0.0977119 %
20220313 043748.870 INFO             PET1 PIOc_freedecomp Enter - MemInfo: [malloc] Non-mmapped space allocated:                13266944 Byte
20220313 043748.870 INFO             PET1 PIOc_freedecomp Enter - MemInfo: [malloc] Space allocated in mmapped regions:         84254720 Byte
20220313 043748.870 INFO             PET1 PIOc_freedecomp Enter - MemInfo: [malloc] Maximum total allocated space:                     0 Byte
20220313 043748.870 INFO             PET1 PIOc_freedecomp Enter - MemInfo: [malloc] Space in freed fastbin blocks:                   448 Byte
20220313 043748.870 INFO             PET1 PIOc_freedecomp Enter - MemInfo: [malloc] Total allocated space:                       3118368 Byte
20220313 043748.870 INFO             PET1 PIOc_freedecomp Enter - MemInfo: [malloc] Total free space:                           10148576 Byte
20220313 043748.870 INFO             PET1 PIOc_freedecomp Enter - MemInfo: [malloc] Top-most, releasable space:                  2491632 Byte
20220313 043748.870 INFO             PET1 PIOc_freedecomp Enter - MemInfo: [malloc] Total space in use, mmap + non-mmap:        87373088 Byte
20220313 043748.870 INFO             PET1 PIOc_freedecomp Enter - MemInfo: [malloc] Total space held (mmap + non-mmap):         97521664 Byte
20220313 043748.870 INFO             PET1 PIOc_freedecomp Enter - MemInfo: [malloc] Total space used (mmap + non-mmap):         87382464 Byte
20220313 043748.870 INFO             PET1 PIOc_freedecomp Enter - MemInfo: Wall-clock time since execution start:                11.7904 seconds
20220313 043748.870 INFO             PET1 PIOc_freedecomp Exit - MemInfo: [/proc/meminfo - SSI]	MemTotal:       196434604 kB
20220313 043748.870 INFO             PET1 PIOc_freedecomp Exit - MemInfo: [/proc/meminfo - SSI]	MemFree:        182919152 kB
20220313 043748.870 INFO             PET1 PIOc_freedecomp Exit - MemInfo: [/proc/meminfo - SSI]	MemAvailable:   191289632 kB
20220313 043748.870 INFO             PET1 PIOc_freedecomp Exit - MemInfo: [/proc/meminfo - SSI]	Committed_AS:    1744876 kB
20220313 043748.870 INFO             PET1 PIOc_freedecomp Exit - MemInfo: [/proc/meminfo - SSI]	CommittedPercent: 0.888273 %
20220313 043748.870 INFO             PET1 PIOc_freedecomp Exit - MemInfo: [/proc/self/status]	VmPeak:	 3866924 kB
20220313 043748.870 INFO             PET1 PIOc_freedecomp Exit - MemInfo: [/proc/self/status]	VmSize:	 3866924 kB
20220313 043748.870 INFO             PET1 PIOc_freedecomp Exit - MemInfo: [/proc/self/status]	VmLck:	       0 kB
20220313 043748.870 INFO             PET1 PIOc_freedecomp Exit - MemInfo: [/proc/self/status]	VmPin:	   79996 kB
20220313 043748.870 INFO             PET1 PIOc_freedecomp Exit - MemInfo: [/proc/self/status]	VmHWM:	  191940 kB
20220313 043748.870 INFO             PET1 PIOc_freedecomp Exit - MemInfo: [/proc/self/status]	VmRSS:	  191940 kB
20220313 043748.870 INFO             PET1 PIOc_freedecomp Exit - MemInfo: [/proc/self/status]	VmData:	  236608 kB
20220313 043748.870 INFO             PET1 PIOc_freedecomp Exit - MemInfo: [/proc/self/status]	VmStk:	     528 kB
20220313 043748.870 INFO             PET1 PIOc_freedecomp Exit - MemInfo: [/proc/self/status]	VmExe:	    1704 kB
20220313 043748.870 INFO             PET1 PIOc_freedecomp Exit - MemInfo: [/proc/self/status]	VmLib:	  174348 kB
20220313 043748.870 INFO             PET1 PIOc_freedecomp Exit - MemInfo: [/proc/self/status]	VmPTE:	    1052 kB
20220313 043748.870 INFO             PET1 PIOc_freedecomp Exit - MemInfo: [/proc/self/status]	VmSwap:	       0 kB
20220313 043748.870 INFO             PET1 PIOc_freedecomp Exit - MemInfo: [/proc/self/status]	VmRSSPercent: 0.0977119 %
20220313 043748.870 INFO             PET1 PIOc_freedecomp Exit - MemInfo: [malloc] Non-mmapped space allocated:                13266944 Byte
20220313 043748.870 INFO             PET1 PIOc_freedecomp Exit - MemInfo: [malloc] Space allocated in mmapped regions:         84254720 Byte
20220313 043748.870 INFO             PET1 PIOc_freedecomp Exit - MemInfo: [malloc] Maximum total allocated space:                     0 Byte
20220313 043748.870 INFO             PET1 PIOc_freedecomp Exit - MemInfo: [malloc] Space in freed fastbin blocks:                   816 Byte
20220313 043748.870 INFO             PET1 PIOc_freedecomp Exit - MemInfo: [malloc] Total allocated space:                       3117088 Byte
20220313 043748.870 INFO             PET1 PIOc_freedecomp Exit - MemInfo: [malloc] Total free space:                           10149856 Byte
20220313 043748.870 INFO             PET1 PIOc_freedecomp Exit - MemInfo: [malloc] Top-most, releasable space:                  2491632 Byte
20220313 043748.870 INFO             PET1 PIOc_freedecomp Exit - MemInfo: [malloc] Total space in use, mmap + non-mmap:        87371808 Byte
20220313 043748.870 INFO             PET1 PIOc_freedecomp Exit - MemInfo: [malloc] Total space held (mmap + non-mmap):         97521664 Byte
20220313 043748.870 INFO             PET1 PIOc_freedecomp Exit - MemInfo: [malloc] Total space used (mmap + non-mmap):         87381200 Byte
20220313 043748.871 INFO             PET1 PIOc_freedecomp Exit - MemInfo: Wall-clock time since execution start:                11.7911 seconds
20220313 043749.174 INFO             PET1 PIOc_sync Enter - MemInfo: [/proc/meminfo - SSI]	MemTotal:       196434604 kB
20220313 043749.174 INFO             PET1 PIOc_sync Enter - MemInfo: [/proc/meminfo - SSI]	MemFree:        182919152 kB
20220313 043749.174 INFO             PET1 PIOc_sync Enter - MemInfo: [/proc/meminfo - SSI]	MemAvailable:   191289688 kB
20220313 043749.174 INFO             PET1 PIOc_sync Enter - MemInfo: [/proc/meminfo - SSI]	Committed_AS:    1744876 kB
20220313 043749.174 INFO             PET1 PIOc_sync Enter - MemInfo: [/proc/meminfo - SSI]	CommittedPercent: 0.888273 %
20220313 043749.174 INFO             PET1 PIOc_sync Enter - MemInfo: [/proc/self/status]	VmPeak:	 3866924 kB
20220313 043749.174 INFO             PET1 PIOc_sync Enter - MemInfo: [/proc/self/status]	VmSize:	 3866924 kB
20220313 043749.174 INFO             PET1 PIOc_sync Enter - MemInfo: [/proc/self/status]	VmLck:	       0 kB
20220313 043749.174 INFO             PET1 PIOc_sync Enter - MemInfo: [/proc/self/status]	VmPin:	   79996 kB
20220313 043749.174 INFO             PET1 PIOc_sync Enter - MemInfo: [/proc/self/status]	VmHWM:	  191988 kB
20220313 043749.174 INFO             PET1 PIOc_sync Enter - MemInfo: [/proc/self/status]	VmRSS:	  191988 kB
20220313 043749.174 INFO             PET1 PIOc_sync Enter - MemInfo: [/proc/self/status]	VmData:	  236608 kB
20220313 043749.174 INFO             PET1 PIOc_sync Enter - MemInfo: [/proc/self/status]	VmStk:	     528 kB
20220313 043749.174 INFO             PET1 PIOc_sync Enter - MemInfo: [/proc/self/status]	VmExe:	    1704 kB
20220313 043749.174 INFO             PET1 PIOc_sync Enter - MemInfo: [/proc/self/status]	VmLib:	  174348 kB
20220313 043749.174 INFO             PET1 PIOc_sync Enter - MemInfo: [/proc/self/status]	VmPTE:	    1052 kB
20220313 043749.174 INFO             PET1 PIOc_sync Enter - MemInfo: [/proc/self/status]	VmSwap:	       0 kB
20220313 043749.174 INFO             PET1 PIOc_sync Enter - MemInfo: [/proc/self/status]	VmRSSPercent: 0.0977363 %
20220313 043749.174 INFO             PET1 PIOc_sync Enter - MemInfo: [malloc] Non-mmapped space allocated:                13266944 Byte
20220313 043749.174 INFO             PET1 PIOc_sync Enter - MemInfo: [malloc] Space allocated in mmapped regions:         84254720 Byte
20220313 043749.174 INFO             PET1 PIOc_sync Enter - MemInfo: [malloc] Maximum total allocated space:                     0 Byte
20220313 043749.174 INFO             PET1 PIOc_sync Enter - MemInfo: [malloc] Space in freed fastbin blocks:                   512 Byte
20220313 043749.174 INFO             PET1 PIOc_sync Enter - MemInfo: [malloc] Total allocated space:                       3121040 Byte
20220313 043749.174 INFO             PET1 PIOc_sync Enter - MemInfo: [malloc] Total free space:                           10145904 Byte
20220313 043749.174 INFO             PET1 PIOc_sync Enter - MemInfo: [malloc] Top-most, releasable space:                  2491632 Byte
20220313 043749.174 INFO             PET1 PIOc_sync Enter - MemInfo: [malloc] Total space in use, mmap + non-mmap:        87375760 Byte
20220313 043749.174 INFO             PET1 PIOc_sync Enter - MemInfo: [malloc] Total space held (mmap + non-mmap):         97521664 Byte
20220313 043749.174 INFO             PET1 PIOc_sync Enter - MemInfo: [malloc] Total space used (mmap + non-mmap):         87385152 Byte
20220313 043749.174 INFO             PET1 PIOc_sync Enter - MemInfo: Wall-clock time since execution start:                12.0942 seconds
20220313 043749.200 INFO             PET1 PIOc_sync Exit - MemInfo: [/proc/meminfo - SSI]	MemTotal:       196434604 kB
20220313 043749.200 INFO             PET1 PIOc_sync Exit - MemInfo: [/proc/meminfo - SSI]	MemFree:        182919152 kB
20220313 043749.200 INFO             PET1 PIOc_sync Exit - MemInfo: [/proc/meminfo - SSI]	MemAvailable:   191289688 kB
20220313 043749.200 INFO             PET1 PIOc_sync Exit - MemInfo: [/proc/meminfo - SSI]	Committed_AS:    1744876 kB
20220313 043749.200 INFO             PET1 PIOc_sync Exit - MemInfo: [/proc/meminfo - SSI]	CommittedPercent: 0.888273 %
20220313 043749.200 INFO             PET1 PIOc_sync Exit - MemInfo: [/proc/self/status]	VmPeak:	 3866924 kB
20220313 043749.200 INFO             PET1 PIOc_sync Exit - MemInfo: [/proc/self/status]	VmSize:	 3866924 kB
20220313 043749.200 INFO             PET1 PIOc_sync Exit - MemInfo: [/proc/self/status]	VmLck:	       0 kB
20220313 043749.200 INFO             PET1 PIOc_sync Exit - MemInfo: [/proc/self/status]	VmPin:	   79996 kB
20220313 043749.200 INFO             PET1 PIOc_sync Exit - MemInfo: [/proc/self/status]	VmHWM:	  191988 kB
20220313 043749.200 INFO             PET1 PIOc_sync Exit - MemInfo: [/proc/self/status]	VmRSS:	  191988 kB
20220313 043749.200 INFO             PET1 PIOc_sync Exit - MemInfo: [/proc/self/status]	VmData:	  236608 kB
20220313 043749.200 INFO             PET1 PIOc_sync Exit - MemInfo: [/proc/self/status]	VmStk:	     528 kB
20220313 043749.200 INFO             PET1 PIOc_sync Exit - MemInfo: [/proc/self/status]	VmExe:	    1704 kB
20220313 043749.200 INFO             PET1 PIOc_sync Exit - MemInfo: [/proc/self/status]	VmLib:	  174348 kB
20220313 043749.200 INFO             PET1 PIOc_sync Exit - MemInfo: [/proc/self/status]	VmPTE:	    1052 kB
20220313 043749.200 INFO             PET1 PIOc_sync Exit - MemInfo: [/proc/self/status]	VmSwap:	       0 kB
20220313 043749.200 INFO             PET1 PIOc_sync Exit - MemInfo: [/proc/self/status]	VmRSSPercent: 0.0977363 %
20220313 043749.200 INFO             PET1 PIOc_sync Exit - MemInfo: [malloc] Non-mmapped space allocated:                13266944 Byte
20220313 043749.200 INFO             PET1 PIOc_sync Exit - MemInfo: [malloc] Space allocated in mmapped regions:         84254720 Byte
20220313 043749.200 INFO             PET1 PIOc_sync Exit - MemInfo: [malloc] Maximum total allocated space:                     0 Byte
20220313 043749.200 INFO             PET1 PIOc_sync Exit - MemInfo: [malloc] Space in freed fastbin blocks:                   416 Byte
