build time -- 2022-03-12 04:21:21
20220312 064436.887 INFO             PET0 !!!!!!!!!!!!!!!!!!!!!!!!!!!!!!!!!!!!!!!!!!!!!!!!!!!!!!
20220312 064436.888 INFO             PET0 !!! THE ESMF_LOG IS SET TO OUTPUT ALL LOG MESSAGES !!!
20220312 064436.888 INFO             PET0 !!!     THIS MAY CAUSE SLOWDOWN IN PERFORMANCE     !!!
20220312 064436.888 INFO             PET0 !!! FOR PRODUCTION RUNS, USE:                      !!!
20220312 064436.888 INFO             PET0 !!!                   ESMF_LOGKIND_Multi_On_Error  !!!
20220312 064436.888 INFO             PET0 !!!!!!!!!!!!!!!!!!!!!!!!!!!!!!!!!!!!!!!!!!!!!!!!!!!!!!
20220312 064436.888 INFO             PET0 Running with ESMF Version   : v8.3.0b09-96-g559b459
20220312 064436.888 INFO             PET0 ESMF library build date/time: "Mar 12 2022" "04:14:43"
20220312 064436.889 INFO             PET0 ESMF library build location : /work/noaa/da/mpotts/sandbox/intel_2020_intelmpi_g_jedwards_pio_update2
20220312 064436.889 INFO             PET0 ESMF_COMM                   : intelmpi
20220312 064436.892 INFO             PET0 ESMF_MOAB                   : enabled
20220312 064436.892 INFO             PET0 ESMF_LAPACK                 : enabled
20220312 064436.892 INFO             PET0 ESMF_NETCDF                 : enabled
20220312 064436.892 INFO             PET0 ESMF_PNETCDF                : disabled
20220312 064436.893 INFO             PET0 ESMF_PIO                    : enabled
20220312 064436.893 INFO             PET0 ESMF_YAMLCPP                : enabled
20220312 064436.920 INFO             PET0  Beginning Test, file ESMF_RouteHandleAdvancedUTest.F90, line 346
20220312 064436.920 INFO             PET0  NUMBER_OF_PROCESSORS           4
20220312 064438.101 INFO             PET0 ESMF_FieldRedistStoreNF(): Just entered routine.
20220312 064441.962 INFO             PET0 ESMF_FieldRedistStoreNF(): Leaving routine.
20220312 064441.963 INFO             PET0  PASS  Create RouteHandle for the original petList, ESMF_RouteHandleAdvancedUTest.F90, line 511
20220312 064441.963 INFO             PET0  PASS  Test RouteHandleIsCreated(), ESMF_RouteHandleAdvancedUTest.F90, line 519
20220312 064441.963 INFO             PET0  PASS  Test RouteHandleIsCreated() return value, ESMF_RouteHandleAdvancedUTest.F90, line 526
20220312 064441.963 INFO             PET0  PASS  Test RouteHandleGet(), ESMF_RouteHandleAdvancedUTest.F90, line 534
20220312 064442.426 INFO             PET0  PASS  Test RouteHandleWrite(), ESMF_RouteHandleAdvancedUTest.F90, line 542
20220312 064442.427 INFO             PET0  PASS  Test RouteHandleDestroy(), ESMF_RouteHandleAdvancedUTest.F90, line 550
20220312 064442.748 INFO             PET0  PASS  Test RouteHandleCreate(from file), ESMF_RouteHandleAdvancedUTest.F90, line 558
20220312 064442.748 INFO             PET0  PASS  Apply the read in Routehandle, ESMF_RouteHandleAdvancedUTest.F90, line 567
20220312 064442.748 INFO             PET0  PASS  Test RouteHandleDestroy() for the read in Routehandle, ESMF_RouteHandleAdvancedUTest.F90, line 575
20220312 064442.748 INFO             PET0 ESMF_FieldRedistStoreNF(): Just entered routine.
20220312 064446.608 INFO             PET0 ESMF_FieldRedistStoreNF(): Leaving routine.
20220312 064446.608 INFO             PET0  PASS  Create RouteHandle for the original petList, ESMF_RouteHandleAdvancedUTest.F90, line 585
20220312 064446.609 INFO             PET0  PASS  Transfer RouteHandle to a different petList, ESMF_RouteHandleAdvancedUTest.F90, line 602
20220312 064446.957 INFO             PET0 PIOc_sync Enter - MemInfo: [/proc/meminfo - SSI]	MemTotal:       196434604 kB
20220312 064446.957 INFO             PET0 PIOc_sync Enter - MemInfo: [/proc/meminfo - SSI]	MemFree:        189681312 kB
20220312 064446.957 INFO             PET0 PIOc_sync Enter - MemInfo: [/proc/meminfo - SSI]	MemAvailable:   191412124 kB
20220312 064446.957 INFO             PET0 PIOc_sync Enter - MemInfo: [/proc/meminfo - SSI]	Committed_AS:    1767572 kB
20220312 064446.957 INFO             PET0 PIOc_sync Enter - MemInfo: [/proc/meminfo - SSI]	CommittedPercent: 0.899827 %
20220312 064446.957 INFO             PET0 PIOc_sync Enter - MemInfo: [/proc/self/status]	VmPeak:	 3864880 kB
20220312 064446.957 INFO             PET0 PIOc_sync Enter - MemInfo: [/proc/self/status]	VmSize:	 3864880 kB
20220312 064446.957 INFO             PET0 PIOc_sync Enter - MemInfo: [/proc/self/status]	VmLck:	       0 kB
20220312 064446.957 INFO             PET0 PIOc_sync Enter - MemInfo: [/proc/self/status]	VmPin:	   69756 kB
20220312 064446.957 INFO             PET0 PIOc_sync Enter - MemInfo: [/proc/self/status]	VmHWM:	  195320 kB
20220312 064446.957 INFO             PET0 PIOc_sync Enter - MemInfo: [/proc/self/status]	VmRSS:	  195320 kB
20220312 064446.957 INFO             PET0 PIOc_sync Enter - MemInfo: [/proc/self/status]	VmData:	  234568 kB
20220312 064446.957 INFO             PET0 PIOc_sync Enter - MemInfo: [/proc/self/status]	VmStk:	     524 kB
20220312 064446.957 INFO             PET0 PIOc_sync Enter - MemInfo: [/proc/self/status]	VmExe:	    1704 kB
20220312 064446.957 INFO             PET0 PIOc_sync Enter - MemInfo: [/proc/self/status]	VmLib:	  174348 kB
20220312 064446.957 INFO             PET0 PIOc_sync Enter - MemInfo: [/proc/self/status]	VmPTE:	    1036 kB
20220312 064446.957 INFO             PET0 PIOc_sync Enter - MemInfo: [/proc/self/status]	VmSwap:	       0 kB
20220312 064446.957 INFO             PET0 PIOc_sync Enter - MemInfo: [/proc/self/status]	VmRSSPercent: 0.0994326 %
20220312 064446.957 INFO             PET0 PIOc_sync Enter - MemInfo: [malloc] Non-mmapped space allocated:                13275136 Byte
20220312 064446.958 INFO             PET0 PIOc_sync Enter - MemInfo: [malloc] Space allocated in mmapped regions:         80060416 Byte
20220312 064446.958 INFO             PET0 PIOc_sync Enter - MemInfo: [malloc] Maximum total allocated space:                     0 Byte
20220312 064446.958 INFO             PET0 PIOc_sync Enter - MemInfo: [malloc] Space in freed fastbin blocks:                   512 Byte
20220312 064446.958 INFO             PET0 PIOc_sync Enter - MemInfo: [malloc] Total allocated space:                       3929552 Byte
20220312 064446.958 INFO             PET0 PIOc_sync Enter - MemInfo: [malloc] Total free space:                            9345584 Byte
20220312 064446.958 INFO             PET0 PIOc_sync Enter - MemInfo: [malloc] Top-most, releasable space:                  2491824 Byte
20220312 064446.958 INFO             PET0 PIOc_sync Enter - MemInfo: [malloc] Total space in use, mmap + non-mmap:        83989968 Byte
20220312 064446.958 INFO             PET0 PIOc_sync Enter - MemInfo: [malloc] Total space held (mmap + non-mmap):         93335552 Byte
20220312 064446.958 INFO             PET0 PIOc_sync Enter - MemInfo: [malloc] Total space used (mmap + non-mmap):         83999360 Byte
20220312 064446.958 INFO             PET0 PIOc_sync Enter - MemInfo: Wall-clock time since execution start:                10.4243 seconds
20220312 064446.982 INFO             PET0 PIOc_sync Exit - MemInfo: [/proc/meminfo - SSI]	MemTotal:       196434604 kB
20220312 064446.982 INFO             PET0 PIOc_sync Exit - MemInfo: [/proc/meminfo - SSI]	MemFree:        189681312 kB
20220312 064446.982 INFO             PET0 PIOc_sync Exit - MemInfo: [/proc/meminfo - SSI]	MemAvailable:   191412124 kB
20220312 064446.982 INFO             PET0 PIOc_sync Exit - MemInfo: [/proc/meminfo - SSI]	Committed_AS:    1767572 kB
20220312 064446.982 INFO             PET0 PIOc_sync Exit - MemInfo: [/proc/meminfo - SSI]	CommittedPercent: 0.899827 %
20220312 064446.982 INFO             PET0 PIOc_sync Exit - MemInfo: [/proc/self/status]	VmPeak:	 3864880 kB
20220312 064446.982 INFO             PET0 PIOc_sync Exit - MemInfo: [/proc/self/status]	VmSize:	 3864880 kB
20220312 064446.982 INFO             PET0 PIOc_sync Exit - MemInfo: [/proc/self/status]	VmLck:	       0 kB
20220312 064446.982 INFO             PET0 PIOc_sync Exit - MemInfo: [/proc/self/status]	VmPin:	   69756 kB
20220312 064446.982 INFO             PET0 PIOc_sync Exit - MemInfo: [/proc/self/status]	VmHWM:	  195480 kB
20220312 064446.982 INFO             PET0 PIOc_sync Exit - MemInfo: [/proc/self/status]	VmRSS:	  195480 kB
20220312 064446.982 INFO             PET0 PIOc_sync Exit - MemInfo: [/proc/self/status]	VmData:	  234568 kB
20220312 064446.982 INFO             PET0 PIOc_sync Exit - MemInfo: [/proc/self/status]	VmStk:	     524 kB
20220312 064446.982 INFO             PET0 PIOc_sync Exit - MemInfo: [/proc/self/status]	VmExe:	    1704 kB
20220312 064446.982 INFO             PET0 PIOc_sync Exit - MemInfo: [/proc/self/status]	VmLib:	  174348 kB
20220312 064446.982 INFO             PET0 PIOc_sync Exit - MemInfo: [/proc/self/status]	VmPTE:	    1036 kB
20220312 064446.982 INFO             PET0 PIOc_sync Exit - MemInfo: [/proc/self/status]	VmSwap:	       0 kB
20220312 064446.982 INFO             PET0 PIOc_sync Exit - MemInfo: [/proc/self/status]	VmRSSPercent: 0.099514 %
20220312 064446.982 INFO             PET0 PIOc_sync Exit - MemInfo: [malloc] Non-mmapped space allocated:                13275136 Byte
20220312 064446.982 INFO             PET0 PIOc_sync Exit - MemInfo: [malloc] Space allocated in mmapped regions:         80060416 Byte
20220312 064446.982 INFO             PET0 PIOc_sync Exit - MemInfo: [malloc] Maximum total allocated space:                     0 Byte
20220312 064446.982 INFO             PET0 PIOc_sync Exit - MemInfo: [malloc] Space in freed fastbin blocks:                   720 Byte
20220312 064446.982 INFO             PET0 PIOc_sync Exit - MemInfo: [malloc] Total allocated space:                       3928816 Byte
20220312 064446.982 INFO             PET0 PIOc_sync Exit - MemInfo: [malloc] Total free space:                            9346320 Byte
20220312 064446.982 INFO             PET0 PIOc_sync Exit - MemInfo: [malloc] Top-most, releasable space:                  2491824 Byte
20220312 064446.982 INFO             PET0 PIOc_sync Exit - MemInfo: [malloc] Total space in use, mmap + non-mmap:        83989232 Byte
20220312 064446.982 INFO             PET0 PIOc_sync Exit - MemInfo: [malloc] Total space held (mmap + non-mmap):         93335552 Byte
20220312 064446.982 INFO             PET0 PIOc_sync Exit - MemInfo: [malloc] Total space used (mmap + non-mmap):         83998608 Byte
20220312 064446.982 INFO             PET0 PIOc_sync Exit - MemInfo: Wall-clock time since execution start:                10.4488 seconds
20220312 064446.984 INFO             PET0 PIOc_freedecomp Enter - MemInfo: [/proc/meminfo - SSI]	MemTotal:       196434604 kB
20220312 064446.984 INFO             PET0 PIOc_freedecomp Enter - MemInfo: [/proc/meminfo - SSI]	MemFree:        189688844 kB
20220312 064446.984 INFO             PET0 PIOc_freedecomp Enter - MemInfo: [/proc/meminfo - SSI]	MemAvailable:   191419656 kB
20220312 064446.984 INFO             PET0 PIOc_freedecomp Enter - MemInfo: [/proc/meminfo - SSI]	Committed_AS:    1759540 kB
20220312 064446.984 INFO             PET0 PIOc_freedecomp Enter - MemInfo: [/proc/meminfo - SSI]	CommittedPercent: 0.895738 %
20220312 064446.984 INFO             PET0 PIOc_freedecomp Enter - MemInfo: [/proc/self/status]	VmPeak:	 3864880 kB
20220312 064446.984 INFO             PET0 PIOc_freedecomp Enter - MemInfo: [/proc/self/status]	VmSize:	 3856684 kB
20220312 064446.984 INFO             PET0 PIOc_freedecomp Enter - MemInfo: [/proc/self/status]	VmLck:	       0 kB
20220312 064446.984 INFO             PET0 PIOc_freedecomp Enter - MemInfo: [/proc/self/status]	VmPin:	   69756 kB
20220312 064446.984 INFO             PET0 PIOc_freedecomp Enter - MemInfo: [/proc/self/status]	VmHWM:	  195480 kB
20220312 064446.984 INFO             PET0 PIOc_freedecomp Enter - MemInfo: [/proc/self/status]	VmRSS:	  187292 kB
20220312 064446.984 INFO             PET0 PIOc_freedecomp Enter - MemInfo: [/proc/self/status]	VmData:	  226372 kB
20220312 064446.984 INFO             PET0 PIOc_freedecomp Enter - MemInfo: [/proc/self/status]	VmStk:	     524 kB
20220312 064446.984 INFO             PET0 PIOc_freedecomp Enter - MemInfo: [/proc/self/status]	VmExe:	    1704 kB
20220312 064446.984 INFO             PET0 PIOc_freedecomp Enter - MemInfo: [/proc/self/status]	VmLib:	  174348 kB
20220312 064446.984 INFO             PET0 PIOc_freedecomp Enter - MemInfo: [/proc/self/status]	VmPTE:	    1020 kB
20220312 064446.984 INFO             PET0 PIOc_freedecomp Enter - MemInfo: [/proc/self/status]	VmSwap:	       0 kB
20220312 064446.984 INFO             PET0 PIOc_freedecomp Enter - MemInfo: [/proc/self/status]	VmRSSPercent: 0.0953457 %
20220312 064446.984 INFO             PET0 PIOc_freedecomp Enter - MemInfo: [malloc] Non-mmapped space allocated:                13275136 Byte
20220312 064446.984 INFO             PET0 PIOc_freedecomp Enter - MemInfo: [malloc] Space allocated in mmapped regions:         71667712 Byte
20220312 064446.985 INFO             PET0 PIOc_freedecomp Enter - MemInfo: [malloc] Maximum total allocated space:                     0 Byte
20220312 064446.985 INFO             PET0 PIOc_freedecomp Enter - MemInfo: [malloc] Space in freed fastbin blocks:                   608 Byte
20220312 064446.985 INFO             PET0 PIOc_freedecomp Enter - MemInfo: [malloc] Total allocated space:                       3391216 Byte
20220312 064446.985 INFO             PET0 PIOc_freedecomp Enter - MemInfo: [malloc] Total free space:                            9883920 Byte
20220312 064446.985 INFO             PET0 PIOc_freedecomp Enter - MemInfo: [malloc] Top-most, releasable space:                  2491824 Byte
20220312 064446.985 INFO             PET0 PIOc_freedecomp Enter - MemInfo: [malloc] Total space in use, mmap + non-mmap:        75058928 Byte
20220312 064446.985 INFO             PET0 PIOc_freedecomp Enter - MemInfo: [malloc] Total space held (mmap + non-mmap):         84942848 Byte
20220312 064446.985 INFO             PET0 PIOc_freedecomp Enter - MemInfo: [malloc] Total space used (mmap + non-mmap):         75068320 Byte
20220312 064446.985 INFO             PET0 PIOc_freedecomp Enter - MemInfo: Wall-clock time since execution start:                10.4512 seconds
20220312 064446.985 INFO             PET0 PIOc_freedecomp Exit - MemInfo: [/proc/meminfo - SSI]	MemTotal:       196434604 kB
20220312 064446.985 INFO             PET0 PIOc_freedecomp Exit - MemInfo: [/proc/meminfo - SSI]	MemFree:        189688844 kB
20220312 064446.985 INFO             PET0 PIOc_freedecomp Exit - MemInfo: [/proc/meminfo - SSI]	MemAvailable:   191419656 kB
20220312 064446.985 INFO             PET0 PIOc_freedecomp Exit - MemInfo: [/proc/meminfo - SSI]	Committed_AS:    1759540 kB
20220312 064446.985 INFO             PET0 PIOc_freedecomp Exit - MemInfo: [/proc/meminfo - SSI]	CommittedPercent: 0.895738 %
20220312 064446.985 INFO             PET0 PIOc_freedecomp Exit - MemInfo: [/proc/self/status]	VmPeak:	 3864880 kB
20220312 064446.985 INFO             PET0 PIOc_freedecomp Exit - MemInfo: [/proc/self/status]	VmSize:	 3856684 kB
20220312 064446.985 INFO             PET0 PIOc_freedecomp Exit - MemInfo: [/proc/self/status]	VmLck:	       0 kB
20220312 064446.985 INFO             PET0 PIOc_freedecomp Exit - MemInfo: [/proc/self/status]	VmPin:	   69756 kB
20220312 064446.985 INFO             PET0 PIOc_freedecomp Exit - MemInfo: [/proc/self/status]	VmHWM:	  195480 kB
20220312 064446.985 INFO             PET0 PIOc_freedecomp Exit - MemInfo: [/proc/self/status]	VmRSS:	  187296 kB
20220312 064446.985 INFO             PET0 PIOc_freedecomp Exit - MemInfo: [/proc/self/status]	VmData:	  226372 kB
20220312 064446.985 INFO             PET0 PIOc_freedecomp Exit - MemInfo: [/proc/self/status]	VmStk:	     524 kB
20220312 064446.985 INFO             PET0 PIOc_freedecomp Exit - MemInfo: [/proc/self/status]	VmExe:	    1704 kB
20220312 064446.985 INFO             PET0 PIOc_freedecomp Exit - MemInfo: [/proc/self/status]	VmLib:	  174348 kB
20220312 064446.985 INFO             PET0 PIOc_freedecomp Exit - MemInfo: [/proc/self/status]	VmPTE:	    1020 kB
20220312 064446.985 INFO             PET0 PIOc_freedecomp Exit - MemInfo: [/proc/self/status]	VmSwap:	       0 kB
20220312 064446.985 INFO             PET0 PIOc_freedecomp Exit - MemInfo: [/proc/self/status]	VmRSSPercent: 0.0953478 %
20220312 064446.985 INFO             PET0 PIOc_freedecomp Exit - MemInfo: [malloc] Non-mmapped space allocated:                13275136 Byte
20220312 064446.985 INFO             PET0 PIOc_freedecomp Exit - MemInfo: [malloc] Space allocated in mmapped regions:         71667712 Byte
20220312 064446.985 INFO             PET0 PIOc_freedecomp Exit - MemInfo: [malloc] Maximum total allocated space:                     0 Byte
20220312 064446.985 INFO             PET0 PIOc_freedecomp Exit - MemInfo: [malloc] Space in freed fastbin blocks:                   848 Byte
20220312 064446.985 INFO             PET0 PIOc_freedecomp Exit - MemInfo: [malloc] Total allocated space:                       3389760 Byte
20220312 064446.985 INFO             PET0 PIOc_freedecomp Exit - MemInfo: [malloc] Total free space:                            9885376 Byte
20220312 064446.985 INFO             PET0 PIOc_freedecomp Exit - MemInfo: [malloc] Top-most, releasable space:                  2491824 Byte
20220312 064446.985 INFO             PET0 PIOc_freedecomp Exit - MemInfo: [malloc] Total space in use, mmap + non-mmap:        75057472 Byte
20220312 064446.985 INFO             PET0 PIOc_freedecomp Exit - MemInfo: [malloc] Total space held (mmap + non-mmap):         84942848 Byte
20220312 064446.985 INFO             PET0 PIOc_freedecomp Exit - MemInfo: [malloc] Total space used (mmap + non-mmap):         75066864 Byte
20220312 064446.985 INFO             PET0 PIOc_freedecomp Exit - MemInfo: Wall-clock time since execution start:                 10.452 seconds
20220312 064447.310 INFO             PET0 PIOc_sync Enter - MemInfo: [/proc/meminfo - SSI]	MemTotal:       196434604 kB
20220312 064447.310 INFO             PET0 PIOc_sync Enter - MemInfo: [/proc/meminfo - SSI]	MemFree:        189686524 kB
20220312 064447.310 INFO             PET0 PIOc_sync Enter - MemInfo: [/proc/meminfo - SSI]	MemAvailable:   191417336 kB
20220312 064447.310 INFO             PET0 PIOc_sync Enter - MemInfo: [/proc/meminfo - SSI]	Committed_AS:    1765440 kB
20220312 064447.310 INFO             PET0 PIOc_sync Enter - MemInfo: [/proc/meminfo - SSI]	CommittedPercent: 0.898742 %
20220312 064447.310 INFO             PET0 PIOc_sync Enter - MemInfo: [/proc/self/status]	VmPeak:	 3864880 kB
20220312 064447.310 INFO             PET0 PIOc_sync Enter - MemInfo: [/proc/self/status]	VmSize:	 3862572 kB
20220312 064447.310 INFO             PET0 PIOc_sync Enter - MemInfo: [/proc/self/status]	VmLck:	       0 kB
20220312 064447.310 INFO             PET0 PIOc_sync Enter - MemInfo: [/proc/self/status]	VmPin:	   69756 kB
20220312 064447.310 INFO             PET0 PIOc_sync Enter - MemInfo: [/proc/self/status]	VmHWM:	  195480 kB
20220312 064447.310 INFO             PET0 PIOc_sync Enter - MemInfo: [/proc/self/status]	VmRSS:	  190484 kB
20220312 064447.310 INFO             PET0 PIOc_sync Enter - MemInfo: [/proc/self/status]	VmData:	  232260 kB
20220312 064447.310 INFO             PET0 PIOc_sync Enter - MemInfo: [/proc/self/status]	VmStk:	     524 kB
20220312 064447.310 INFO             PET0 PIOc_sync Enter - MemInfo: [/proc/self/status]	VmExe:	    1704 kB
20220312 064447.310 INFO             PET0 PIOc_sync Enter - MemInfo: [/proc/self/status]	VmLib:	  174348 kB
20220312 064447.310 INFO             PET0 PIOc_sync Enter - MemInfo: [/proc/self/status]	VmPTE:	    1028 kB
20220312 064447.310 INFO             PET0 PIOc_sync Enter - MemInfo: [/proc/self/status]	VmSwap:	       0 kB
20220312 064447.311 INFO             PET0 PIOc_sync Enter - MemInfo: [/proc/self/status]	VmRSSPercent: 0.0969707 %
20220312 064447.311 INFO             PET0 PIOc_sync Enter - MemInfo: [malloc] Non-mmapped space allocated:                19304448 Byte
20220312 064447.311 INFO             PET0 PIOc_sync Enter - MemInfo: [malloc] Space allocated in mmapped regions:         71667712 Byte
20220312 064447.311 INFO             PET0 PIOc_sync Enter - MemInfo: [malloc] Maximum total allocated space:                     0 Byte
20220312 064447.311 INFO             PET0 PIOc_sync Enter - MemInfo: [malloc] Space in freed fastbin blocks:                  1632 Byte
20220312 064447.311 INFO             PET0 PIOc_sync Enter - MemInfo: [malloc] Total allocated space:                      12318896 Byte
20220312 064447.311 INFO             PET0 PIOc_sync Enter - MemInfo: [malloc] Total free space:                            6985552 Byte
20220312 064447.311 INFO             PET0 PIOc_sync Enter - MemInfo: [malloc] Top-most, releasable space:                   132512 Byte
20220312 064447.311 INFO             PET0 PIOc_sync Enter - MemInfo: [malloc] Total space in use, mmap + non-mmap:        83986608 Byte
20220312 064447.311 INFO             PET0 PIOc_sync Enter - MemInfo: [malloc] Total space held (mmap + non-mmap):         90972160 Byte
20220312 064447.311 INFO             PET0 PIOc_sync Enter - MemInfo: [malloc] Total space used (mmap + non-mmap):         83995984 Byte
20220312 064447.311 INFO             PET0 PIOc_sync Enter - MemInfo: Wall-clock time since execution start:                10.7765 seconds
20220312 064447.336 INFO             PET0 PIOc_sync Exit - MemInfo: [/proc/meminfo - SSI]	MemTotal:       196434604 kB
20220312 064447.336 INFO             PET0 PIOc_sync Exit - MemInfo: [/proc/meminfo - SSI]	MemFree:        189686524 kB
20220312 064447.336 INFO             PET0 PIOc_sync Exit - MemInfo: [/proc/meminfo - SSI]	MemAvailable:   191417336 kB
20220312 064447.336 INFO             PET0 PIOc_sync Exit - MemInfo: [/proc/meminfo - SSI]	Committed_AS:    1765440 kB
20220312 064447.336 INFO             PET0 PIOc_sync Exit - MemInfo: [/proc/meminfo - SSI]	CommittedPercent: 0.898742 %
20220312 064447.336 INFO             PET0 PIOc_sync Exit - MemInfo: [/proc/self/status]	VmPeak:	 3864880 kB
20220312 064447.337 INFO             PET0 PIOc_sync Exit - MemInfo: [/proc/self/status]	VmSize:	 3862572 kB
20220312 064447.337 INFO             PET0 PIOc_sync Exit - MemInfo: [/proc/self/status]	VmLck:	       0 kB
20220312 064447.337 INFO             PET0 PIOc_sync Exit - MemInfo: [/proc/self/status]	VmPin:	   69756 kB
20220312 064447.337 INFO             PET0 PIOc_sync Exit - MemInfo: [/proc/self/status]	VmHWM:	  195480 kB
20220312 064447.337 INFO             PET0 PIOc_sync Exit - MemInfo: [/proc/self/status]	VmRSS:	  190492 kB
20220312 064447.337 INFO             PET0 PIOc_sync Exit - MemInfo: [/proc/self/status]	VmData:	  232260 kB
20220312 064447.337 INFO             PET0 PIOc_sync Exit - MemInfo: [/proc/self/status]	VmStk:	     524 kB
20220312 064447.337 INFO             PET0 PIOc_sync Exit - MemInfo: [/proc/self/status]	VmExe:	    1704 kB
20220312 064447.337 INFO             PET0 PIOc_sync Exit - MemInfo: [/proc/self/status]	VmLib:	  174348 kB
20220312 064447.337 INFO             PET0 PIOc_sync Exit - MemInfo: [/proc/self/status]	VmPTE:	    1028 kB
20220312 064447.337 INFO             PET0 PIOc_sync Exit - MemInfo: [/proc/self/status]	VmSwap:	       0 kB
20220312 064447.337 INFO             PET0 PIOc_sync Exit - MemInfo: [/proc/self/status]	VmRSSPercent: 0.0969748 %
20220312 064447.337 INFO             PET0 PIOc_sync Exit - MemInfo: [malloc] Non-mmapped space allocated:                19304448 Byte
20220312 064447.337 INFO             PET0 PIOc_sync Exit - MemInfo: [malloc] Space allocated in mmapped regions:         71667712 Byte
20220312 064447.337 INFO             PET0 PIOc_sync Exit - MemInfo: [malloc] Maximum total allocated space:                     0 Byte
20220312 064447.337 INFO             PET0 PIOc_sync Exit - MemInfo: [malloc] Space in freed fastbin blocks:                   720 Byte
20220312 064447.337 INFO             PET0 PIOc_sync Exit - MemInfo: [malloc] Total allocated space:                      12318160 Byte
20220312 064447.337 INFO             PET0 PIOc_sync Exit - MemInfo: [malloc] Total free space:                            6986288 Byte
20220312 064447.337 INFO             PET0 PIOc_sync Exit - MemInfo: [malloc] Top-most, releasable space:                   132512 Byte
20220312 064447.337 INFO             PET0 PIOc_sync Exit - MemInfo: [malloc] Total space in use, mmap + non-mmap:        83985872 Byte
20220312 064447.337 INFO             PET0 PIOc_sync Exit - MemInfo: [malloc] Total space held (mmap + non-mmap):         90972160 Byte
20220312 064447.337 INFO             PET0 PIOc_sync Exit - MemInfo: [malloc] Total space used (mmap + non-mmap):         83995248 Byte
20220312 064447.337 INFO             PET0 PIOc_sync Exit - MemInfo: Wall-clock time since execution start:                10.8026 seconds
20220312 064447.347 INFO             PET0 PIOc_freedecomp Enter - MemInfo: [/proc/meminfo - SSI]	MemTotal:       196434604 kB
20220312 064447.347 INFO             PET0 PIOc_freedecomp Enter - MemInfo: [/proc/meminfo - SSI]	MemFree:        189686524 kB
20220312 064447.347 INFO             PET0 PIOc_freedecomp Enter - MemInfo: [/proc/meminfo - SSI]	MemAvailable:   191417336 kB
20220312 064447.347 INFO             PET0 PIOc_freedecomp Enter - MemInfo: [/proc/meminfo - SSI]	Committed_AS:    1765440 kB
20220312 064447.347 INFO             PET0 PIOc_freedecomp Enter - MemInfo: [/proc/meminfo - SSI]	CommittedPercent: 0.898742 %
20220312 064447.347 INFO             PET0 PIOc_freedecomp Enter - MemInfo: [/proc/self/status]	VmPeak:	 3864880 kB
20220312 064447.347 INFO             PET0 PIOc_freedecomp Enter - MemInfo: [/proc/self/status]	VmSize:	 3862572 kB
20220312 064447.347 INFO             PET0 PIOc_freedecomp Enter - MemInfo: [/proc/self/status]	VmLck:	       0 kB
20220312 064447.347 INFO             PET0 PIOc_freedecomp Enter - MemInfo: [/proc/self/status]	VmPin:	   69756 kB
20220312 064447.347 INFO             PET0 PIOc_freedecomp Enter - MemInfo: [/proc/self/status]	VmHWM:	  195480 kB
20220312 064447.348 INFO             PET0 PIOc_freedecomp Enter - MemInfo: [/proc/self/status]	VmRSS:	  190492 kB
20220312 064447.348 INFO             PET0 PIOc_freedecomp Enter - MemInfo: [/proc/self/status]	VmData:	  232260 kB
20220312 064447.348 INFO             PET0 PIOc_freedecomp Enter - MemInfo: [/proc/self/status]	VmStk:	     524 kB
20220312 064447.348 INFO             PET0 PIOc_freedecomp Enter - MemInfo: [/proc/self/status]	VmExe:	    1704 kB
20220312 064447.348 INFO             PET0 PIOc_freedecomp Enter - MemInfo: [/proc/self/status]	VmLib:	  174348 kB
20220312 064447.348 INFO             PET0 PIOc_freedecomp Enter - MemInfo: [/proc/self/status]	VmPTE:	    1028 kB
20220312 064447.348 INFO             PET0 PIOc_freedecomp Enter - MemInfo: [/proc/self/status]	VmSwap:	       0 kB
20220312 064447.348 INFO             PET0 PIOc_freedecomp Enter - MemInfo: [/proc/self/status]	VmRSSPercent: 0.0969748 %
20220312 064447.348 INFO             PET0 PIOc_freedecomp Enter - MemInfo: [malloc] Non-mmapped space allocated:                19304448 Byte
20220312 064447.348 INFO             PET0 PIOc_freedecomp Enter - MemInfo: [malloc] Space allocated in mmapped regions:         71667712 Byte
20220312 064447.348 INFO             PET0 PIOc_freedecomp Enter - MemInfo: [malloc] Maximum total allocated space:                     0 Byte
20220312 064447.348 INFO             PET0 PIOc_freedecomp Enter - MemInfo: [malloc] Space in freed fastbin blocks:                   608 Byte
20220312 064447.348 INFO             PET0 PIOc_freedecomp Enter - MemInfo: [malloc] Total allocated space:                       3391216 Byte
20220312 064447.348 INFO             PET0 PIOc_freedecomp Enter - MemInfo: [malloc] Total free space:                           15913232 Byte
20220312 064447.348 INFO             PET0 PIOc_freedecomp Enter - MemInfo: [malloc] Top-most, releasable space:                  8521136 Byte
20220312 064447.348 INFO             PET0 PIOc_freedecomp Enter - MemInfo: [malloc] Total space in use, mmap + non-mmap:        75058928 Byte
20220312 064447.348 INFO             PET0 PIOc_freedecomp Enter - MemInfo: [malloc] Total space held (mmap + non-mmap):         90972160 Byte
20220312 064447.348 INFO             PET0 PIOc_freedecomp Enter - MemInfo: [malloc] Total space used (mmap + non-mmap):         75068320 Byte
20220312 064447.348 INFO             PET0 PIOc_freedecomp Enter - MemInfo: Wall-clock time since execution start:                10.8135 seconds
20220312 064447.348 INFO             PET0 PIOc_freedecomp Exit - MemInfo: [/proc/meminfo - SSI]	MemTotal:       196434604 kB
20220312 064447.348 INFO             PET0 PIOc_freedecomp Exit - MemInfo: [/proc/meminfo - SSI]	MemFree:        189686524 kB
20220312 064447.348 INFO             PET0 PIOc_freedecomp Exit - MemInfo: [/proc/meminfo - SSI]	MemAvailable:   191417336 kB
20220312 064447.348 INFO             PET0 PIOc_freedecomp Exit - MemInfo: [/proc/meminfo - SSI]	Committed_AS:    1765440 kB
20220312 064447.348 INFO             PET0 PIOc_freedecomp Exit - MemInfo: [/proc/meminfo - SSI]	CommittedPercent: 0.898742 %
20220312 064447.348 INFO             PET0 PIOc_freedecomp Exit - MemInfo: [/proc/self/status]	VmPeak:	 3864880 kB
20220312 064447.348 INFO             PET0 PIOc_freedecomp Exit - MemInfo: [/proc/self/status]	VmSize:	 3862572 kB
20220312 064447.348 INFO             PET0 PIOc_freedecomp Exit - MemInfo: [/proc/self/status]	VmLck:	       0 kB
20220312 064447.348 INFO             PET0 PIOc_freedecomp Exit - MemInfo: [/proc/self/status]	VmPin:	   69756 kB
20220312 064447.348 INFO             PET0 PIOc_freedecomp Exit - MemInfo: [/proc/self/status]	VmHWM:	  195480 kB
20220312 064447.348 INFO             PET0 PIOc_freedecomp Exit - MemInfo: [/proc/self/status]	VmRSS:	  190492 kB
20220312 064447.348 INFO             PET0 PIOc_freedecomp Exit - MemInfo: [/proc/self/status]	VmData:	  232260 kB
20220312 064447.348 INFO             PET0 PIOc_freedecomp Exit - MemInfo: [/proc/self/status]	VmStk:	     524 kB
20220312 064447.348 INFO             PET0 PIOc_freedecomp Exit - MemInfo: [/proc/self/status]	VmExe:	    1704 kB
20220312 064447.348 INFO             PET0 PIOc_freedecomp Exit - MemInfo: [/proc/self/status]	VmLib:	  174348 kB
20220312 064447.348 INFO             PET0 PIOc_freedecomp Exit - MemInfo: [/proc/self/status]	VmPTE:	    1028 kB
20220312 064447.348 INFO             PET0 PIOc_freedecomp Exit - MemInfo: [/proc/self/status]	VmSwap:	       0 kB
20220312 064447.348 INFO             PET0 PIOc_freedecomp Exit - MemInfo: [/proc/self/status]	VmRSSPercent: 0.0969748 %
20220312 064447.348 INFO             PET0 PIOc_freedecomp Exit - MemInfo: [malloc] Non-mmapped space allocated:                19304448 Byte
20220312 064447.348 INFO             PET0 PIOc_freedecomp Exit - MemInfo: [malloc] Space allocated in mmapped regions:         71667712 Byte
20220312 064447.348 INFO             PET0 PIOc_freedecomp Exit - MemInfo: [malloc] Maximum total allocated space:                     0 Byte
20220312 064447.348 INFO             PET0 PIOc_freedecomp Exit - MemInfo: [malloc] Space in freed fastbin blocks:                   896 Byte
20220312 064447.349 INFO             PET0 PIOc_freedecomp Exit - MemInfo: [malloc] Total allocated space:                       3389760 Byte
20220312 064447.349 INFO             PET0 PIOc_freedecomp Exit - MemInfo: [malloc] Total free space:                           15914688 Byte
20220312 064447.349 INFO             PET0 PIOc_freedecomp Exit - MemInfo: [malloc] Top-most, releasable space:                  8521136 Byte
20220312 064447.349 INFO             PET0 PIOc_freedecomp Exit - MemInfo: [malloc] Total space in use, mmap + non-mmap:        75057472 Byte
20220312 064447.349 INFO             PET0 PIOc_freedecomp Exit - MemInfo: [malloc] Total space held (mmap + non-mmap):         90972160 Byte
20220312 064447.349 INFO             PET0 PIOc_freedecomp Exit - MemInfo: [malloc] Total space used (mmap + non-mmap):         75066864 Byte
20220312 064447.349 INFO             PET0 PIOc_freedecomp Exit - MemInfo: Wall-clock time since execution start:                10.8143 seconds
20220312 064447.663 INFO             PET0 PIOc_sync Enter - MemInfo: [/proc/meminfo - SSI]	MemTotal:       196434604 kB
20220312 064447.663 INFO             PET0 PIOc_sync Enter - MemInfo: [/proc/meminfo - SSI]	MemFree:        189686524 kB
20220312 064447.663 INFO             PET0 PIOc_sync Enter - MemInfo: [/proc/meminfo - SSI]	MemAvailable:   191417336 kB
20220312 064447.663 INFO             PET0 PIOc_sync Enter - MemInfo: [/proc/meminfo - SSI]	Committed_AS:    1765440 kB
20220312 064447.663 INFO             PET0 PIOc_sync Enter - MemInfo: [/proc/meminfo - SSI]	CommittedPercent: 0.898742 %
20220312 064447.663 INFO             PET0 PIOc_sync Enter - MemInfo: [/proc/self/status]	VmPeak:	 3864880 kB
20220312 064447.663 INFO             PET0 PIOc_sync Enter - MemInfo: [/proc/self/status]	VmSize:	 3862572 kB
20220312 064447.663 INFO             PET0 PIOc_sync Enter - MemInfo: [/proc/self/status]	VmLck:	       0 kB
20220312 064447.663 INFO             PET0 PIOc_sync Enter - MemInfo: [/proc/self/status]	VmPin:	   69756 kB
20220312 064447.663 INFO             PET0 PIOc_sync Enter - MemInfo: [/proc/self/status]	VmHWM:	  195480 kB
20220312 064447.663 INFO             PET0 PIOc_sync Enter - MemInfo: [/proc/self/status]	VmRSS:	  190536 kB
20220312 064447.663 INFO             PET0 PIOc_sync Enter - MemInfo: [/proc/self/status]	VmData:	  232260 kB
20220312 064447.663 INFO             PET0 PIOc_sync Enter - MemInfo: [/proc/self/status]	VmStk:	     524 kB
20220312 064447.663 INFO             PET0 PIOc_sync Enter - MemInfo: [/proc/self/status]	VmExe:	    1704 kB
20220312 064447.663 INFO             PET0 PIOc_sync Enter - MemInfo: [/proc/self/status]	VmLib:	  174348 kB
20220312 064447.664 INFO             PET0 PIOc_sync Enter - MemInfo: [/proc/self/status]	VmPTE:	    1028 kB
20220312 064447.664 INFO             PET0 PIOc_sync Enter - MemInfo: [/proc/self/status]	VmSwap:	       0 kB
20220312 064447.664 INFO             PET0 PIOc_sync Enter - MemInfo: [/proc/self/status]	VmRSSPercent: 0.0969972 %
20220312 064447.664 INFO             PET0 PIOc_sync Enter - MemInfo: [malloc] Non-mmapped space allocated:                19304448 Byte
20220312 064447.664 INFO             PET0 PIOc_sync Enter - MemInfo: [malloc] Space allocated in mmapped regions:         71667712 Byte
20220312 064447.664 INFO             PET0 PIOc_sync Enter - MemInfo: [malloc] Maximum total allocated space:                     0 Byte
20220312 064447.664 INFO             PET0 PIOc_sync Enter - MemInfo: [malloc] Space in freed fastbin blocks:                  2160 Byte
20220312 064447.664 INFO             PET0 PIOc_sync Enter - MemInfo: [malloc] Total allocated space:                      12319648 Byte
20220312 064447.664 INFO             PET0 PIOc_sync Enter - MemInfo: [malloc] Total free space:                            6984800 Byte
20220312 064447.664 INFO             PET0 PIOc_sync Enter - MemInfo: [malloc] Top-most, releasable space:                   132512 Byte
20220312 064447.664 INFO             PET0 PIOc_sync Enter - MemInfo: [malloc] Total space in use, mmap + non-mmap:        83987360 Byte
20220312 064447.664 INFO             PET0 PIOc_sync Enter - MemInfo: [malloc] Total space held (mmap + non-mmap):         90972160 Byte
20220312 064447.664 INFO             PET0 PIOc_sync Enter - MemInfo: [malloc] Total space used (mmap + non-mmap):         83996736 Byte
20220312 064447.664 INFO             PET0 PIOc_sync Enter - MemInfo: Wall-clock time since execution start:                11.1286 seconds
20220312 064447.698 INFO             PET0 PIOc_sync Exit - MemInfo: [/proc/meminfo - SSI]	MemTotal:       196434604 kB
20220312 064447.698 INFO             PET0 PIOc_sync Exit - MemInfo: [/proc/meminfo - SSI]	MemFree:        189686524 kB
20220312 064447.698 INFO             PET0 PIOc_sync Exit - MemInfo: [/proc/meminfo - SSI]	MemAvailable:   191417336 kB
20220312 064447.698 INFO             PET0 PIOc_sync Exit - MemInfo: [/proc/meminfo - SSI]	Committed_AS:    1765440 kB
20220312 064447.698 INFO             PET0 PIOc_sync Exit - MemInfo: [/proc/meminfo - SSI]	CommittedPercent: 0.898742 %
20220312 064447.698 INFO             PET0 PIOc_sync Exit - MemInfo: [/proc/self/status]	VmPeak:	 3864880 kB
20220312 064447.698 INFO             PET0 PIOc_sync Exit - MemInfo: [/proc/self/status]	VmSize:	 3862572 kB
20220312 064447.698 INFO             PET0 PIOc_sync Exit - MemInfo: [/proc/self/status]	VmLck:	       0 kB
20220312 064447.699 INFO             PET0 PIOc_sync Exit - MemInfo: [/proc/self/status]	VmPin:	   69756 kB
20220312 064447.699 INFO             PET0 PIOc_sync Exit - MemInfo: [/proc/self/status]	VmHWM:	  195480 kB
20220312 064447.699 INFO             PET0 PIOc_sync Exit - MemInfo: [/proc/self/status]	VmRSS:	  190540 kB
20220312 064447.699 INFO             PET0 PIOc_sync Exit - MemInfo: [/proc/self/status]	VmData:	  232260 kB
20220312 064447.699 INFO             PET0 PIOc_sync Exit - MemInfo: [/proc/self/status]	VmStk:	     524 kB
20220312 064447.699 INFO             PET0 PIOc_sync Exit - MemInfo: [/proc/self/status]	VmExe:	    1704 kB
20220312 064447.699 INFO             PET0 PIOc_sync Exit - MemInfo: [/proc/self/status]	VmLib:	  174348 kB
20220312 064447.699 INFO             PET0 PIOc_sync Exit - MemInfo: [/proc/self/status]	VmPTE:	    1028 kB
20220312 064447.699 INFO             PET0 PIOc_sync Exit - MemInfo: [/proc/self/status]	VmSwap:	       0 kB
20220312 064447.699 INFO             PET0 PIOc_sync Exit - MemInfo: [/proc/self/status]	VmRSSPercent: 0.0969992 %
20220312 064447.699 INFO             PET0 PIOc_sync Exit - MemInfo: [malloc] Non-mmapped space allocated:                19304448 Byte
20220312 064447.699 INFO             PET0 PIOc_sync Exit - MemInfo: [malloc] Space allocated in mmapped regions:         71667712 Byte
20220312 064447.699 INFO             PET0 PIOc_sync Exit - MemInfo: [malloc] Maximum total allocated space:                     0 Byte
20220312 064447.699 INFO             PET0 PIOc_sync Exit - MemInfo: [malloc] Space in freed fastbin blocks:                   720 Byte
20220312 064447.699 INFO             PET0 PIOc_sync Exit - MemInfo: [malloc] Total allocated space:                      12318912 Byte
20220312 064447.699 INFO             PET0 PIOc_sync Exit - MemInfo: [malloc] Total free space:                            6985536 Byte
20220312 064447.699 INFO             PET0 PIOc_sync Exit - MemInfo: [malloc] Top-most, releasable space:                   132512 Byte
20220312 064447.699 INFO             PET0 PIOc_sync Exit - MemInfo: [malloc] Total space in use, mmap + non-mmap:        83986624 Byte
20220312 064447.699 INFO             PET0 PIOc_sync Exit - MemInfo: [malloc] Total space held (mmap + non-mmap):         90972160 Byte
20220312 064447.699 INFO             PET0 PIOc_sync Exit - MemInfo: [malloc] Total space used (mmap + non-mmap):         83996000 Byte
20220312 064447.699 INFO             PET0 PIOc_sync Exit - MemInfo: Wall-clock time since execution start:                11.1638 seconds
20220312 064447.699 INFO             PET0 PIOc_freedecomp Enter - MemInfo: [/proc/meminfo - SSI]	MemTotal:       196434604 kB
20220312 064447.699 INFO             PET0 PIOc_freedecomp Enter - MemInfo: [/proc/meminfo - SSI]	MemFree:        189686524 kB
20220312 064447.699 INFO             PET0 PIOc_freedecomp Enter - MemInfo: [/proc/meminfo - SSI]	MemAvailable:   191417336 kB
20220312 064447.699 INFO             PET0 PIOc_freedecomp Enter - MemInfo: [/proc/meminfo - SSI]	Committed_AS:    1765440 kB
20220312 064447.699 INFO             PET0 PIOc_freedecomp Enter - MemInfo: [/proc/meminfo - SSI]	CommittedPercent: 0.898742 %
20220312 064447.700 INFO             PET0 PIOc_freedecomp Enter - MemInfo: [/proc/self/status]	VmPeak:	 3864880 kB
20220312 064447.700 INFO             PET0 PIOc_freedecomp Enter - MemInfo: [/proc/self/status]	VmSize:	 3862572 kB
20220312 064447.700 INFO             PET0 PIOc_freedecomp Enter - MemInfo: [/proc/self/status]	VmLck:	       0 kB
20220312 064447.700 INFO             PET0 PIOc_freedecomp Enter - MemInfo: [/proc/self/status]	VmPin:	   69756 kB
20220312 064447.700 INFO             PET0 PIOc_freedecomp Enter - MemInfo: [/proc/self/status]	VmHWM:	  195480 kB
20220312 064447.700 INFO             PET0 PIOc_freedecomp Enter - MemInfo: [/proc/self/status]	VmRSS:	  190540 kB
20220312 064447.700 INFO             PET0 PIOc_freedecomp Enter - MemInfo: [/proc/self/status]	VmData:	  232260 kB
20220312 064447.700 INFO             PET0 PIOc_freedecomp Enter - MemInfo: [/proc/self/status]	VmStk:	     524 kB
20220312 064447.700 INFO             PET0 PIOc_freedecomp Enter - MemInfo: [/proc/self/status]	VmExe:	    1704 kB
20220312 064447.700 INFO             PET0 PIOc_freedecomp Enter - MemInfo: [/proc/self/status]	VmLib:	  174348 kB
20220312 064447.700 INFO             PET0 PIOc_freedecomp Enter - MemInfo: [/proc/self/status]	VmPTE:	    1028 kB
20220312 064447.700 INFO             PET0 PIOc_freedecomp Enter - MemInfo: [/proc/self/status]	VmSwap:	       0 kB
20220312 064447.700 INFO             PET0 PIOc_freedecomp Enter - MemInfo: [/proc/self/status]	VmRSSPercent: 0.0969992 %
20220312 064447.700 INFO             PET0 PIOc_freedecomp Enter - MemInfo: [malloc] Non-mmapped space allocated:                19304448 Byte
20220312 064447.700 INFO             PET0 PIOc_freedecomp Enter - MemInfo: [malloc] Space allocated in mmapped regions:         71667712 Byte
20220312 064447.700 INFO             PET0 PIOc_freedecomp Enter - MemInfo: [malloc] Maximum total allocated space:                     0 Byte
20220312 064447.700 INFO             PET0 PIOc_freedecomp Enter - MemInfo: [malloc] Space in freed fastbin blocks:                   480 Byte
20220312 064447.700 INFO             PET0 PIOc_freedecomp Enter - MemInfo: [malloc] Total allocated space:                       3391216 Byte
20220312 064447.700 INFO             PET0 PIOc_freedecomp Enter - MemInfo: [malloc] Total free space:                           15913232 Byte
20220312 064447.700 INFO             PET0 PIOc_freedecomp Enter - MemInfo: [malloc] Top-most, releasable space:                  8521136 Byte
20220312 064447.700 INFO             PET0 PIOc_freedecomp Enter - MemInfo: [malloc] Total space in use, mmap + non-mmap:        75058928 Byte
20220312 064447.700 INFO             PET0 PIOc_freedecomp Enter - MemInfo: [malloc] Total space held (mmap + non-mmap):         90972160 Byte
20220312 064447.700 INFO             PET0 PIOc_freedecomp Enter - MemInfo: [malloc] Total space used (mmap + non-mmap):         75068304 Byte
20220312 064447.700 INFO             PET0 PIOc_freedecomp Enter - MemInfo: Wall-clock time since execution start:                11.1649 seconds
20220312 064447.700 INFO             PET0 PIOc_freedecomp Exit - MemInfo: [/proc/meminfo - SSI]	MemTotal:       196434604 kB
20220312 064447.700 INFO             PET0 PIOc_freedecomp Exit - MemInfo: [/proc/meminfo - SSI]	MemFree:        189686524 kB
20220312 064447.700 INFO             PET0 PIOc_freedecomp Exit - MemInfo: [/proc/meminfo - SSI]	MemAvailable:   191417336 kB
20220312 064447.700 INFO             PET0 PIOc_freedecomp Exit - MemInfo: [/proc/meminfo - SSI]	Committed_AS:    1765440 kB
20220312 064447.700 INFO             PET0 PIOc_freedecomp Exit - MemInfo: [/proc/meminfo - SSI]	CommittedPercent: 0.898742 %
20220312 064447.700 INFO             PET0 PIOc_freedecomp Exit - MemInfo: [/proc/self/status]	VmPeak:	 3864880 kB
20220312 064447.700 INFO             PET0 PIOc_freedecomp Exit - MemInfo: [/proc/self/status]	VmSize:	 3862572 kB
20220312 064447.700 INFO             PET0 PIOc_freedecomp Exit - MemInfo: [/proc/self/status]	VmLck:	       0 kB
20220312 064447.700 INFO             PET0 PIOc_freedecomp Exit - MemInfo: [/proc/self/status]	VmPin:	   69756 kB
20220312 064447.700 INFO             PET0 PIOc_freedecomp Exit - MemInfo: [/proc/self/status]	VmHWM:	  195480 kB
20220312 064447.700 INFO             PET0 PIOc_freedecomp Exit - MemInfo: [/proc/self/status]	VmRSS:	  190540 kB
20220312 064447.700 INFO             PET0 PIOc_freedecomp Exit - MemInfo: [/proc/self/status]	VmData:	  232260 kB
20220312 064447.700 INFO             PET0 PIOc_freedecomp Exit - MemInfo: [/proc/self/status]	VmStk:	     524 kB
20220312 064447.700 INFO             PET0 PIOc_freedecomp Exit - MemInfo: [/proc/self/status]	VmExe:	    1704 kB
20220312 064447.700 INFO             PET0 PIOc_freedecomp Exit - MemInfo: [/proc/self/status]	VmLib:	  174348 kB
20220312 064447.701 INFO             PET0 PIOc_freedecomp Exit - MemInfo: [/proc/self/status]	VmPTE:	    1028 kB
20220312 064447.701 INFO             PET0 PIOc_freedecomp Exit - MemInfo: [/proc/self/status]	VmSwap:	       0 kB
20220312 064447.701 INFO             PET0 PIOc_freedecomp Exit - MemInfo: [/proc/self/status]	VmRSSPercent: 0.0969992 %
20220312 064447.701 INFO             PET0 PIOc_freedecomp Exit - MemInfo: [malloc] Non-mmapped space allocated:                19304448 Byte
20220312 064447.701 INFO             PET0 PIOc_freedecomp Exit - MemInfo: [malloc] Space allocated in mmapped regions:         71667712 Byte
20220312 064447.701 INFO             PET0 PIOc_freedecomp Exit - MemInfo: [malloc] Maximum total allocated space:                     0 Byte
20220312 064447.701 INFO             PET0 PIOc_freedecomp Exit - MemInfo: [malloc] Space in freed fastbin blocks:                   848 Byte
20220312 064447.701 INFO             PET0 PIOc_freedecomp Exit - MemInfo: [malloc] Total allocated space:                       3389760 Byte
20220312 064447.701 INFO             PET0 PIOc_freedecomp Exit - MemInfo: [malloc] Total free space:                           15914688 Byte
20220312 064447.701 INFO             PET0 PIOc_freedecomp Exit - MemInfo: [malloc] Top-most, releasable space:                  8521136 Byte
20220312 064447.701 INFO             PET0 PIOc_freedecomp Exit - MemInfo: [malloc] Total space in use, mmap + non-mmap:        75057472 Byte
20220312 064447.701 INFO             PET0 PIOc_freedecomp Exit - MemInfo: [malloc] Total space held (mmap + non-mmap):         90972160 Byte
20220312 064447.701 INFO             PET0 PIOc_freedecomp Exit - MemInfo: [malloc] Total space used (mmap + non-mmap):         75066864 Byte
20220312 064447.701 INFO             PET0 PIOc_freedecomp Exit - MemInfo: Wall-clock time since execution start:                11.1657 seconds
20220312 064448.076 INFO             PET0 PIOc_sync Enter - MemInfo: [/proc/meminfo - SSI]	MemTotal:       196434604 kB
20220312 064448.076 INFO             PET0 PIOc_sync Enter - MemInfo: [/proc/meminfo - SSI]	MemFree:        189686772 kB
20220312 064448.076 INFO             PET0 PIOc_sync Enter - MemInfo: [/proc/meminfo - SSI]	MemAvailable:   191417584 kB
20220312 064448.076 INFO             PET0 PIOc_sync Enter - MemInfo: [/proc/meminfo - SSI]	Committed_AS:    1765440 kB
20220312 064448.076 INFO             PET0 PIOc_sync Enter - MemInfo: [/proc/meminfo - SSI]	CommittedPercent: 0.898742 %
20220312 064448.076 INFO             PET0 PIOc_sync Enter - MemInfo: [/proc/self/status]	VmPeak:	 3864880 kB
20220312 064448.076 INFO             PET0 PIOc_sync Enter - MemInfo: [/proc/self/status]	VmSize:	 3862572 kB
20220312 064448.076 INFO             PET0 PIOc_sync Enter - MemInfo: [/proc/self/status]	VmLck:	       0 kB
20220312 064448.076 INFO             PET0 PIOc_sync Enter - MemInfo: [/proc/self/status]	VmPin:	   69756 kB
20220312 064448.076 INFO             PET0 PIOc_sync Enter - MemInfo: [/proc/self/status]	VmHWM:	  195480 kB
20220312 064448.076 INFO             PET0 PIOc_sync Enter - MemInfo: [/proc/self/status]	VmRSS:	  190584 kB
20220312 064448.076 INFO             PET0 PIOc_sync Enter - MemInfo: [/proc/self/status]	VmData:	  232260 kB
20220312 064448.076 INFO             PET0 PIOc_sync Enter - MemInfo: [/proc/self/status]	VmStk:	     524 kB
20220312 064448.076 INFO             PET0 PIOc_sync Enter - MemInfo: [/proc/self/status]	VmExe:	    1704 kB
20220312 064448.076 INFO             PET0 PIOc_sync Enter - MemInfo: [/proc/self/status]	VmLib:	  174348 kB
20220312 064448.076 INFO             PET0 PIOc_sync Enter - MemInfo: [/proc/self/status]	VmPTE:	    1028 kB
20220312 064448.076 INFO             PET0 PIOc_sync Enter - MemInfo: [/proc/self/status]	VmSwap:	       0 kB
20220312 064448.077 INFO             PET0 PIOc_sync Enter - MemInfo: [/proc/self/status]	VmRSSPercent: 0.0970216 %
20220312 064448.077 INFO             PET0 PIOc_sync Enter - MemInfo: [malloc] Non-mmapped space allocated:                19304448 Byte
20220312 064448.077 INFO             PET0 PIOc_sync Enter - MemInfo: [malloc] Space allocated in mmapped regions:         71667712 Byte
20220312 064448.077 INFO             PET0 PIOc_sync Enter - MemInfo: [malloc] Maximum total allocated space:                     0 Byte
20220312 064448.077 INFO             PET0 PIOc_sync Enter - MemInfo: [malloc] Space in freed fastbin blocks:                  3024 Byte
20220312 064448.077 INFO             PET0 PIOc_sync Enter - MemInfo: [malloc] Total allocated space:                      12320384 Byte
20220312 064448.077 INFO             PET0 PIOc_sync Enter - MemInfo: [malloc] Total free space:                            6984064 Byte
20220312 064448.077 INFO             PET0 PIOc_sync Enter - MemInfo: [malloc] Top-most, releasable space:                   132512 Byte
20220312 064448.077 INFO             PET0 PIOc_sync Enter - MemInfo: [malloc] Total space in use, mmap + non-mmap:        83988096 Byte
20220312 064448.077 INFO             PET0 PIOc_sync Enter - MemInfo: [malloc] Total space held (mmap + non-mmap):         90972160 Byte
20220312 064448.077 INFO             PET0 PIOc_sync Enter - MemInfo: [malloc] Total space used (mmap + non-mmap):         83997472 Byte
20220312 064448.077 INFO             PET0 PIOc_sync Enter - MemInfo: Wall-clock time since execution start:                11.5407 seconds
20220312 064448.112 INFO             PET0 PIOc_sync Exit - MemInfo: [/proc/meminfo - SSI]	MemTotal:       196434604 kB
20220312 064448.112 INFO             PET0 PIOc_sync Exit - MemInfo: [/proc/meminfo - SSI]	MemFree:        189686772 kB
20220312 064448.112 INFO             PET0 PIOc_sync Exit - MemInfo: [/proc/meminfo - SSI]	MemAvailable:   191417584 kB
20220312 064448.112 INFO             PET0 PIOc_sync Exit - MemInfo: [/proc/meminfo - SSI]	Committed_AS:    1765440 kB
20220312 064448.112 INFO             PET0 PIOc_sync Exit - MemInfo: [/proc/meminfo - SSI]	CommittedPercent: 0.898742 %
20220312 064448.112 INFO             PET0 PIOc_sync Exit - MemInfo: [/proc/self/status]	VmPeak:	 3864880 kB
20220312 064448.112 INFO             PET0 PIOc_sync Exit - MemInfo: [/proc/self/status]	VmSize:	 3862572 kB
20220312 064448.112 INFO             PET0 PIOc_sync Exit - MemInfo: [/proc/self/status]	VmLck:	       0 kB
20220312 064448.113 INFO             PET0 PIOc_sync Exit - MemInfo: [/proc/self/status]	VmPin:	   69756 kB
20220312 064448.113 INFO             PET0 PIOc_sync Exit - MemInfo: [/proc/self/status]	VmHWM:	  195480 kB
20220312 064448.113 INFO             PET0 PIOc_sync Exit - MemInfo: [/proc/self/status]	VmRSS:	  190596 kB
20220312 064448.113 INFO             PET0 PIOc_sync Exit - MemInfo: [/proc/self/status]	VmData:	  232260 kB
20220312 064448.113 INFO             PET0 PIOc_sync Exit - MemInfo: [/proc/self/status]	VmStk:	     524 kB
20220312 064448.113 INFO             PET0 PIOc_sync Exit - MemInfo: [/proc/self/status]	VmExe:	    1704 kB
20220312 064448.113 INFO             PET0 PIOc_sync Exit - MemInfo: [/proc/self/status]	VmLib:	  174348 kB
20220312 064448.113 INFO             PET0 PIOc_sync Exit - MemInfo: [/proc/self/status]	VmPTE:	    1028 kB
20220312 064448.113 INFO             PET0 PIOc_sync Exit - MemInfo: [/proc/self/status]	VmSwap:	       0 kB
20220312 064448.113 INFO             PET0 PIOc_sync Exit - MemInfo: [/proc/self/status]	VmRSSPercent: 0.0970277 %
20220312 064448.113 INFO             PET0 PIOc_sync Exit - MemInfo: [malloc] Non-mmapped space allocated:                19304448 Byte
20220312 064448.113 INFO             PET0 PIOc_sync Exit - MemInfo: [malloc] Space allocated in mmapped regions:         71667712 Byte
20220312 064448.113 INFO             PET0 PIOc_sync Exit - MemInfo: [malloc] Maximum total allocated space:                     0 Byte
20220312 064448.113 INFO             PET0 PIOc_sync Exit - MemInfo: [malloc] Space in freed fastbin blocks:                   816 Byte
20220312 064448.113 INFO             PET0 PIOc_sync Exit - MemInfo: [malloc] Total allocated space:                      12319648 Byte
20220312 064448.113 INFO             PET0 PIOc_sync Exit - MemInfo: [malloc] Total free space:                            6984800 Byte
20220312 064448.113 INFO             PET0 PIOc_sync Exit - MemInfo: [malloc] Top-most, releasable space:                   132512 Byte
20220312 064448.113 INFO             PET0 PIOc_sync Exit - MemInfo: [malloc] Total space in use, mmap + non-mmap:        83987360 Byte
20220312 064448.113 INFO             PET0 PIOc_sync Exit - MemInfo: [malloc] Total space held (mmap + non-mmap):         90972160 Byte
20220312 064448.113 INFO             PET0 PIOc_sync Exit - MemInfo: [malloc] Total space used (mmap + non-mmap):         83996736 Byte
20220312 064448.113 INFO             PET0 PIOc_sync Exit - MemInfo: Wall-clock time since execution start:                11.5768 seconds
20220312 064448.124 INFO             PET0 PIOc_freedecomp Enter - MemInfo: [/proc/meminfo - SSI]	MemTotal:       196434604 kB
20220312 064448.124 INFO             PET0 PIOc_freedecomp Enter - MemInfo: [/proc/meminfo - SSI]	MemFree:        189686772 kB
20220312 064448.124 INFO             PET0 PIOc_freedecomp Enter - MemInfo: [/proc/meminfo - SSI]	MemAvailable:   191417584 kB
20220312 064448.124 INFO             PET0 PIOc_freedecomp Enter - MemInfo: [/proc/meminfo - SSI]	Committed_AS:    1765440 kB
20220312 064448.124 INFO             PET0 PIOc_freedecomp Enter - MemInfo: [/proc/meminfo - SSI]	CommittedPercent: 0.898742 %
20220312 064448.124 INFO             PET0 PIOc_freedecomp Enter - MemInfo: [/proc/self/status]	VmPeak:	 3864880 kB
20220312 064448.124 INFO             PET0 PIOc_freedecomp Enter - MemInfo: [/proc/self/status]	VmSize:	 3862572 kB
20220312 064448.124 INFO             PET0 PIOc_freedecomp Enter - MemInfo: [/proc/self/status]	VmLck:	       0 kB
20220312 064448.125 INFO             PET0 PIOc_freedecomp Enter - MemInfo: [/proc/self/status]	VmPin:	   69756 kB
20220312 064448.125 INFO             PET0 PIOc_freedecomp Enter - MemInfo: [/proc/self/status]	VmHWM:	  195480 kB
20220312 064448.125 INFO             PET0 PIOc_freedecomp Enter - MemInfo: [/proc/self/status]	VmRSS:	  190596 kB
20220312 064448.125 INFO             PET0 PIOc_freedecomp Enter - MemInfo: [/proc/self/status]	VmData:	  232260 kB
20220312 064448.125 INFO             PET0 PIOc_freedecomp Enter - MemInfo: [/proc/self/status]	VmStk:	     524 kB
20220312 064448.125 INFO             PET0 PIOc_freedecomp Enter - MemInfo: [/proc/self/status]	VmExe:	    1704 kB
20220312 064448.125 INFO             PET0 PIOc_freedecomp Enter - MemInfo: [/proc/self/status]	VmLib:	  174348 kB
20220312 064448.125 INFO             PET0 PIOc_freedecomp Enter - MemInfo: [/proc/self/status]	VmPTE:	    1028 kB
20220312 064448.125 INFO             PET0 PIOc_freedecomp Enter - MemInfo: [/proc/self/status]	VmSwap:	       0 kB
20220312 064448.125 INFO             PET0 PIOc_freedecomp Enter - MemInfo: [/proc/self/status]	VmRSSPercent: 0.0970277 %
20220312 064448.125 INFO             PET0 PIOc_freedecomp Enter - MemInfo: [malloc] Non-mmapped space allocated:                19304448 Byte
20220312 064448.125 INFO             PET0 PIOc_freedecomp Enter - MemInfo: [malloc] Space allocated in mmapped regions:         71667712 Byte
20220312 064448.125 INFO             PET0 PIOc_freedecomp Enter - MemInfo: [malloc] Maximum total allocated space:                     0 Byte
20220312 064448.125 INFO             PET0 PIOc_freedecomp Enter - MemInfo: [malloc] Space in freed fastbin blocks:                   608 Byte
20220312 064448.125 INFO             PET0 PIOc_freedecomp Enter - MemInfo: [malloc] Total allocated space:                       3391216 Byte
20220312 064448.125 INFO             PET0 PIOc_freedecomp Enter - MemInfo: [malloc] Total free space:                           15913232 Byte
20220312 064448.125 INFO             PET0 PIOc_freedecomp Enter - MemInfo: [malloc] Top-most, releasable space:                  8521136 Byte
20220312 064448.125 INFO             PET0 PIOc_freedecomp Enter - MemInfo: [malloc] Total space in use, mmap + non-mmap:        75058928 Byte
20220312 064448.125 INFO             PET0 PIOc_freedecomp Enter - MemInfo: [malloc] Total space held (mmap + non-mmap):         90972160 Byte
20220312 064448.125 INFO             PET0 PIOc_freedecomp Enter - MemInfo: [malloc] Total space used (mmap + non-mmap):         75068304 Byte
20220312 064448.125 INFO             PET0 PIOc_freedecomp Enter - MemInfo: Wall-clock time since execution start:                11.5887 seconds
20220312 064448.125 INFO             PET0 PIOc_freedecomp Exit - MemInfo: [/proc/meminfo - SSI]	MemTotal:       196434604 kB
20220312 064448.125 INFO             PET0 PIOc_freedecomp Exit - MemInfo: [/proc/meminfo - SSI]	MemFree:        189686772 kB
20220312 064448.125 INFO             PET0 PIOc_freedecomp Exit - MemInfo: [/proc/meminfo - SSI]	MemAvailable:   191417584 kB
20220312 064448.125 INFO             PET0 PIOc_freedecomp Exit - MemInfo: [/proc/meminfo - SSI]	Committed_AS:    1765440 kB
20220312 064448.125 INFO             PET0 PIOc_freedecomp Exit - MemInfo: [/proc/meminfo - SSI]	CommittedPercent: 0.898742 %
20220312 064448.125 INFO             PET0 PIOc_freedecomp Exit - MemInfo: [/proc/self/status]	VmPeak:	 3864880 kB
20220312 064448.125 INFO             PET0 PIOc_freedecomp Exit - MemInfo: [/proc/self/status]	VmSize:	 3862572 kB
20220312 064448.125 INFO             PET0 PIOc_freedecomp Exit - MemInfo: [/proc/self/status]	VmLck:	       0 kB
20220312 064448.125 INFO             PET0 PIOc_freedecomp Exit - MemInfo: [/proc/self/status]	VmPin:	   69756 kB
20220312 064448.125 INFO             PET0 PIOc_freedecomp Exit - MemInfo: [/proc/self/status]	VmHWM:	  195480 kB
20220312 064448.125 INFO             PET0 PIOc_freedecomp Exit - MemInfo: [/proc/self/status]	VmRSS:	  190596 kB
20220312 064448.125 INFO             PET0 PIOc_freedecomp Exit - MemInfo: [/proc/self/status]	VmData:	  232260 kB
20220312 064448.125 INFO             PET0 PIOc_freedecomp Exit - MemInfo: [/proc/self/status]	VmStk:	     524 kB
20220312 064448.125 INFO             PET0 PIOc_freedecomp Exit - MemInfo: [/proc/self/status]	VmExe:	    1704 kB
20220312 064448.125 INFO             PET0 PIOc_freedecomp Exit - MemInfo: [/proc/self/status]	VmLib:	  174348 kB
20220312 064448.125 INFO             PET0 PIOc_freedecomp Exit - MemInfo: [/proc/self/status]	VmPTE:	    1028 kB
20220312 064448.125 INFO             PET0 PIOc_freedecomp Exit - MemInfo: [/proc/self/status]	VmSwap:	       0 kB
20220312 064448.125 INFO             PET0 PIOc_freedecomp Exit - MemInfo: [/proc/self/status]	VmRSSPercent: 0.0970277 %
20220312 064448.125 INFO             PET0 PIOc_freedecomp Exit - MemInfo: [malloc] Non-mmapped space allocated:                19304448 Byte
20220312 064448.125 INFO             PET0 PIOc_freedecomp Exit - MemInfo: [malloc] Space allocated in mmapped regions:         71667712 Byte
20220312 064448.125 INFO             PET0 PIOc_freedecomp Exit - MemInfo: [malloc] Maximum total allocated space:                     0 Byte
20220312 064448.125 INFO             PET0 PIOc_freedecomp Exit - MemInfo: [malloc] Space in freed fastbin blocks:                   848 Byte
20220312 064448.125 INFO             PET0 PIOc_freedecomp Exit - MemInfo: [malloc] Total allocated space:                       3389760 Byte
20220312 064448.126 INFO             PET0 PIOc_freedecomp Exit - MemInfo: [malloc] Total free space:                           15914688 Byte
20220312 064448.126 INFO             PET0 PIOc_freedecomp Exit - MemInfo: [malloc] Top-most, releasable space:                  8521136 Byte
20220312 064448.126 INFO             PET0 PIOc_freedecomp Exit - MemInfo: [malloc] Total space in use, mmap + non-mmap:        75057472 Byte
20220312 064448.126 INFO             PET0 PIOc_freedecomp Exit - MemInfo: [malloc] Total space held (mmap + non-mmap):         90972160 Byte
20220312 064448.126 INFO             PET0 PIOc_freedecomp Exit - MemInfo: [malloc] Total space used (mmap + non-mmap):         75066864 Byte
20220312 064448.126 INFO             PET0 PIOc_freedecomp Exit - MemInfo: Wall-clock time since execution start:                11.5895 seconds
20220312 064448.148 INFO             PET0  PASS  Test RouteHandleDestroy(), ESMF_RouteHandleAdvancedUTest.F90, line 633
20220312 064448.148 INFO             PET0  PASS  Apply the copied Routehandle, ESMF_RouteHandleAdvancedUTest.F90, line 643
20220312 064448.148 INFO             PET0  PASS  Test RouteHandleDestroy() for the copied Routehandle, ESMF_RouteHandleAdvancedUTest.F90, line 651
20220312 064448.151 INFO             PET0  PASS  Test ESMF_DynamicMaskSetR4R4R4(), ESMF_RouteHandleAdvancedUTest.F90, line 716
20220312 064448.151 INFO             PET0  PASS  Test ESMF_DynamicMaskSetR4R4R4V(), ESMF_RouteHandleAdvancedUTest.F90, line 725
20220312 064448.151 INFO             PET0  PASS  Test ESMF_DynamicMaskSetR4R8R4V(), ESMF_RouteHandleAdvancedUTest.F90, line 734
20220312 064448.152 INFO             PET0  Ending Test, file ESMF_RouteHandleAdvancedUTest.F90, line 749
20220312 064448.152 INFO             PET0 Finalizing ESMF
20220312 064436.887 INFO             PET1 !!!!!!!!!!!!!!!!!!!!!!!!!!!!!!!!!!!!!!!!!!!!!!!!!!!!!!
20220312 064436.888 INFO             PET1 !!! THE ESMF_LOG IS SET TO OUTPUT ALL LOG MESSAGES !!!
20220312 064436.888 INFO             PET1 !!!     THIS MAY CAUSE SLOWDOWN IN PERFORMANCE     !!!
20220312 064436.888 INFO             PET1 !!! FOR PRODUCTION RUNS, USE:                      !!!
20220312 064436.888 INFO             PET1 !!!                   ESMF_LOGKIND_Multi_On_Error  !!!
20220312 064436.888 INFO             PET1 !!!!!!!!!!!!!!!!!!!!!!!!!!!!!!!!!!!!!!!!!!!!!!!!!!!!!!
20220312 064436.888 INFO             PET1 Running with ESMF Version   : v8.3.0b09-96-g559b459
20220312 064436.888 INFO             PET1 ESMF library build date/time: "Mar 12 2022" "04:14:43"
20220312 064436.889 INFO             PET1 ESMF library build location : /work/noaa/da/mpotts/sandbox/intel_2020_intelmpi_g_jedwards_pio_update2
20220312 064436.889 INFO             PET1 ESMF_COMM                   : intelmpi
20220312 064436.892 INFO             PET1 ESMF_MOAB                   : enabled
20220312 064436.892 INFO             PET1 ESMF_LAPACK                 : enabled
20220312 064436.892 INFO             PET1 ESMF_NETCDF                 : enabled
20220312 064436.892 INFO             PET1 ESMF_PNETCDF                : disabled
20220312 064436.893 INFO             PET1 ESMF_PIO                    : enabled
20220312 064436.893 INFO             PET1 ESMF_YAMLCPP                : enabled
20220312 064436.920 INFO             PET1  Beginning Test, file ESMF_RouteHandleAdvancedUTest.F90, line 346
20220312 064436.920 INFO             PET1  NUMBER_OF_PROCESSORS           4
20220312 064438.101 INFO             PET1 ESMF_FieldRedistStoreNF(): Just entered routine.
20220312 064441.962 INFO             PET1 ESMF_FieldRedistStoreNF(): Leaving routine.
20220312 064441.963 INFO             PET1  PASS  Create RouteHandle for the original petList, ESMF_RouteHandleAdvancedUTest.F90, line 511
20220312 064441.963 INFO             PET1  PASS  Test RouteHandleIsCreated(), ESMF_RouteHandleAdvancedUTest.F90, line 519
20220312 064441.963 INFO             PET1  PASS  Test RouteHandleIsCreated() return value, ESMF_RouteHandleAdvancedUTest.F90, line 526
20220312 064441.963 INFO             PET1  PASS  Test RouteHandleGet(), ESMF_RouteHandleAdvancedUTest.F90, line 534
20220312 064442.439 INFO             PET1  PASS  Test RouteHandleWrite(), ESMF_RouteHandleAdvancedUTest.F90, line 542
20220312 064442.441 INFO             PET1  PASS  Test RouteHandleDestroy(), ESMF_RouteHandleAdvancedUTest.F90, line 550
20220312 064442.747 INFO             PET1  PASS  Test RouteHandleCreate(from file), ESMF_RouteHandleAdvancedUTest.F90, line 558
20220312 064442.748 INFO             PET1  PASS  Apply the read in Routehandle, ESMF_RouteHandleAdvancedUTest.F90, line 567
20220312 064442.748 INFO             PET1  PASS  Test RouteHandleDestroy() for the read in Routehandle, ESMF_RouteHandleAdvancedUTest.F90, line 575
20220312 064442.748 INFO             PET1 ESMF_FieldRedistStoreNF(): Just entered routine.
20220312 064446.608 INFO             PET1 ESMF_FieldRedistStoreNF(): Leaving routine.
20220312 064446.621 INFO             PET1  PASS  Create RouteHandle for the original petList, ESMF_RouteHandleAdvancedUTest.F90, line 585
20220312 064446.621 INFO             PET1  PASS  Transfer RouteHandle to a different petList, ESMF_RouteHandleAdvancedUTest.F90, line 602
20220312 064446.958 INFO             PET1 PIOc_sync Enter - MemInfo: [/proc/meminfo - SSI]	MemTotal:       196434604 kB
20220312 064446.958 INFO             PET1 PIOc_sync Enter - MemInfo: [/proc/meminfo - SSI]	MemFree:        189681312 kB
20220312 064446.958 INFO             PET1 PIOc_sync Enter - MemInfo: [/proc/meminfo - SSI]	MemAvailable:   191412124 kB
20220312 064446.958 INFO             PET1 PIOc_sync Enter - MemInfo: [/proc/meminfo - SSI]	Committed_AS:    1767572 kB
20220312 064446.958 INFO             PET1 PIOc_sync Enter - MemInfo: [/proc/meminfo - SSI]	CommittedPercent: 0.899827 %
20220312 064446.958 INFO             PET1 PIOc_sync Enter - MemInfo: [/proc/self/status]	VmPeak:	 3866916 kB
20220312 064446.958 INFO             PET1 PIOc_sync Enter - MemInfo: [/proc/self/status]	VmSize:	 3866916 kB
20220312 064446.958 INFO             PET1 PIOc_sync Enter - MemInfo: [/proc/self/status]	VmLck:	       0 kB
20220312 064446.958 INFO             PET1 PIOc_sync Enter - MemInfo: [/proc/self/status]	VmPin:	   79996 kB
20220312 064446.958 INFO             PET1 PIOc_sync Enter - MemInfo: [/proc/self/status]	VmHWM:	  192832 kB
20220312 064446.958 INFO             PET1 PIOc_sync Enter - MemInfo: [/proc/self/status]	VmRSS:	  192832 kB
20220312 064446.958 INFO             PET1 PIOc_sync Enter - MemInfo: [/proc/self/status]	VmData:	  236608 kB
20220312 064446.958 INFO             PET1 PIOc_sync Enter - MemInfo: [/proc/self/status]	VmStk:	     520 kB
20220312 064446.958 INFO             PET1 PIOc_sync Enter - MemInfo: [/proc/self/status]	VmExe:	    1704 kB
20220312 064446.958 INFO             PET1 PIOc_sync Enter - MemInfo: [/proc/self/status]	VmLib:	  174348 kB
20220312 064446.958 INFO             PET1 PIOc_sync Enter - MemInfo: [/proc/self/status]	VmPTE:	    1040 kB
20220312 064446.958 INFO             PET1 PIOc_sync Enter - MemInfo: [/proc/self/status]	VmSwap:	       0 kB
20220312 064446.958 INFO             PET1 PIOc_sync Enter - MemInfo: [/proc/self/status]	VmRSSPercent: 0.098166 %
20220312 064446.958 INFO             PET1 PIOc_sync Enter - MemInfo: [malloc] Non-mmapped space allocated:                13266944 Byte
20220312 064446.958 INFO             PET1 PIOc_sync Enter - MemInfo: [malloc] Space allocated in mmapped regions:         84254720 Byte
20220312 064446.958 INFO             PET1 PIOc_sync Enter - MemInfo: [malloc] Maximum total allocated space:                     0 Byte
20220312 064446.958 INFO             PET1 PIOc_sync Enter - MemInfo: [malloc] Space in freed fastbin blocks:                   512 Byte
20220312 064446.958 INFO             PET1 PIOc_sync Enter - MemInfo: [malloc] Total allocated space:                       3120752 Byte
20220312 064446.958 INFO             PET1 PIOc_sync Enter - MemInfo: [malloc] Total free space:                           10146192 Byte
20220312 064446.958 INFO             PET1 PIOc_sync Enter - MemInfo: [malloc] Top-most, releasable space:                  2491632 Byte
20220312 064446.958 INFO             PET1 PIOc_sync Enter - MemInfo: [malloc] Total space in use, mmap + non-mmap:        87375472 Byte
20220312 064446.958 INFO             PET1 PIOc_sync Enter - MemInfo: [malloc] Total space held (mmap + non-mmap):         97521664 Byte
20220312 064446.958 INFO             PET1 PIOc_sync Enter - MemInfo: [malloc] Total space used (mmap + non-mmap):         87384864 Byte
20220312 064446.958 INFO             PET1 PIOc_sync Enter - MemInfo: Wall-clock time since execution start:                10.4159 seconds
20220312 064446.986 INFO             PET1 PIOc_sync Exit - MemInfo: [/proc/meminfo - SSI]	MemTotal:       196434604 kB
20220312 064446.986 INFO             PET1 PIOc_sync Exit - MemInfo: [/proc/meminfo - SSI]	MemFree:        189688844 kB
20220312 064446.986 INFO             PET1 PIOc_sync Exit - MemInfo: [/proc/meminfo - SSI]	MemAvailable:   191419656 kB
20220312 064446.986 INFO             PET1 PIOc_sync Exit - MemInfo: [/proc/meminfo - SSI]	Committed_AS:    1759540 kB
20220312 064446.986 INFO             PET1 PIOc_sync Exit - MemInfo: [/proc/meminfo - SSI]	CommittedPercent: 0.895738 %
20220312 064446.986 INFO             PET1 PIOc_sync Exit - MemInfo: [/proc/self/status]	VmPeak:	 3866916 kB
20220312 064446.986 INFO             PET1 PIOc_sync Exit - MemInfo: [/proc/self/status]	VmSize:	 3866916 kB
20220312 064446.986 INFO             PET1 PIOc_sync Exit - MemInfo: [/proc/self/status]	VmLck:	       0 kB
20220312 064446.986 INFO             PET1 PIOc_sync Exit - MemInfo: [/proc/self/status]	VmPin:	   79996 kB
20220312 064446.986 INFO             PET1 PIOc_sync Exit - MemInfo: [/proc/self/status]	VmHWM:	  192928 kB
20220312 064446.986 INFO             PET1 PIOc_sync Exit - MemInfo: [/proc/self/status]	VmRSS:	  192928 kB
20220312 064446.986 INFO             PET1 PIOc_sync Exit - MemInfo: [/proc/self/status]	VmData:	  236608 kB
20220312 064446.986 INFO             PET1 PIOc_sync Exit - MemInfo: [/proc/self/status]	VmStk:	     520 kB
20220312 064446.986 INFO             PET1 PIOc_sync Exit - MemInfo: [/proc/self/status]	VmExe:	    1704 kB
20220312 064446.986 INFO             PET1 PIOc_sync Exit - MemInfo: [/proc/self/status]	VmLib:	  174348 kB
20220312 064446.986 INFO             PET1 PIOc_sync Exit - MemInfo: [/proc/self/status]	VmPTE:	    1040 kB
20220312 064446.986 INFO             PET1 PIOc_sync Exit - MemInfo: [/proc/self/status]	VmSwap:	       0 kB
20220312 064446.986 INFO             PET1 PIOc_sync Exit - MemInfo: [/proc/self/status]	VmRSSPercent: 0.0982149 %
20220312 064446.986 INFO             PET1 PIOc_sync Exit - MemInfo: [malloc] Non-mmapped space allocated:                13266944 Byte
20220312 064446.986 INFO             PET1 PIOc_sync Exit - MemInfo: [malloc] Space allocated in mmapped regions:         84254720 Byte
20220312 064446.986 INFO             PET1 PIOc_sync Exit - MemInfo: [malloc] Maximum total allocated space:                     0 Byte
20220312 064446.986 INFO             PET1 PIOc_sync Exit - MemInfo: [malloc] Space in freed fastbin blocks:                   144 Byte
20220312 064446.986 INFO             PET1 PIOc_sync Exit - MemInfo: [malloc] Total allocated space:                       3119984 Byte
20220312 064446.986 INFO             PET1 PIOc_sync Exit - MemInfo: [malloc] Total free space:                           10146960 Byte
20220312 064446.986 INFO             PET1 PIOc_sync Exit - MemInfo: [malloc] Top-most, releasable space:                  2491632 Byte
20220312 064446.986 INFO             PET1 PIOc_sync Exit - MemInfo: [malloc] Total space in use, mmap + non-mmap:        87374704 Byte
20220312 064446.986 INFO             PET1 PIOc_sync Exit - MemInfo: [malloc] Total space held (mmap + non-mmap):         97521664 Byte
20220312 064446.986 INFO             PET1 PIOc_sync Exit - MemInfo: [malloc] Total space used (mmap + non-mmap):         87384080 Byte
20220312 064446.986 INFO             PET1 PIOc_sync Exit - MemInfo: Wall-clock time since execution start:                10.4439 seconds
20220312 064446.987 INFO             PET1 PIOc_freedecomp Enter - MemInfo: [/proc/meminfo - SSI]	MemTotal:       196434604 kB
20220312 064446.987 INFO             PET1 PIOc_freedecomp Enter - MemInfo: [/proc/meminfo - SSI]	MemFree:        189688844 kB
20220312 064446.987 INFO             PET1 PIOc_freedecomp Enter - MemInfo: [/proc/meminfo - SSI]	MemAvailable:   191419656 kB
20220312 064446.987 INFO             PET1 PIOc_freedecomp Enter - MemInfo: [/proc/meminfo - SSI]	Committed_AS:    1759540 kB
20220312 064446.987 INFO             PET1 PIOc_freedecomp Enter - MemInfo: [/proc/meminfo - SSI]	CommittedPercent: 0.895738 %
20220312 064446.987 INFO             PET1 PIOc_freedecomp Enter - MemInfo: [/proc/self/status]	VmPeak:	 3866916 kB
20220312 064446.987 INFO             PET1 PIOc_freedecomp Enter - MemInfo: [/proc/self/status]	VmSize:	 3866916 kB
20220312 064446.987 INFO             PET1 PIOc_freedecomp Enter - MemInfo: [/proc/self/status]	VmLck:	       0 kB
20220312 064446.987 INFO             PET1 PIOc_freedecomp Enter - MemInfo: [/proc/self/status]	VmPin:	   79996 kB
20220312 064446.987 INFO             PET1 PIOc_freedecomp Enter - MemInfo: [/proc/self/status]	VmHWM:	  192928 kB
20220312 064446.987 INFO             PET1 PIOc_freedecomp Enter - MemInfo: [/proc/self/status]	VmRSS:	  192928 kB
20220312 064446.987 INFO             PET1 PIOc_freedecomp Enter - MemInfo: [/proc/self/status]	VmData:	  236608 kB
20220312 064446.987 INFO             PET1 PIOc_freedecomp Enter - MemInfo: [/proc/self/status]	VmStk:	     520 kB
20220312 064446.987 INFO             PET1 PIOc_freedecomp Enter - MemInfo: [/proc/self/status]	VmExe:	    1704 kB
20220312 064446.987 INFO             PET1 PIOc_freedecomp Enter - MemInfo: [/proc/self/status]	VmLib:	  174348 kB
20220312 064446.987 INFO             PET1 PIOc_freedecomp Enter - MemInfo: [/proc/self/status]	VmPTE:	    1040 kB
20220312 064446.987 INFO             PET1 PIOc_freedecomp Enter - MemInfo: [/proc/self/status]	VmSwap:	       0 kB
20220312 064446.987 INFO             PET1 PIOc_freedecomp Enter - MemInfo: [/proc/self/status]	VmRSSPercent: 0.0982149 %
20220312 064446.987 INFO             PET1 PIOc_freedecomp Enter - MemInfo: [malloc] Non-mmapped space allocated:                13266944 Byte
20220312 064446.987 INFO             PET1 PIOc_freedecomp Enter - MemInfo: [malloc] Space allocated in mmapped regions:         84254720 Byte
20220312 064446.987 INFO             PET1 PIOc_freedecomp Enter - MemInfo: [malloc] Maximum total allocated space:                     0 Byte
20220312 064446.987 INFO             PET1 PIOc_freedecomp Enter - MemInfo: [malloc] Space in freed fastbin blocks:                   368 Byte
20220312 064446.987 INFO             PET1 PIOc_freedecomp Enter - MemInfo: [malloc] Total allocated space:                       3118368 Byte
20220312 064446.987 INFO             PET1 PIOc_freedecomp Enter - MemInfo: [malloc] Total free space:                           10148576 Byte
20220312 064446.987 INFO             PET1 PIOc_freedecomp Enter - MemInfo: [malloc] Top-most, releasable space:                  2491632 Byte
20220312 064446.987 INFO             PET1 PIOc_freedecomp Enter - MemInfo: [malloc] Total space in use, mmap + non-mmap:        87373088 Byte
20220312 064446.987 INFO             PET1 PIOc_freedecomp Enter - MemInfo: [malloc] Total space held (mmap + non-mmap):         97521664 Byte
20220312 064446.987 INFO             PET1 PIOc_freedecomp Enter - MemInfo: [malloc] Total space used (mmap + non-mmap):         87382480 Byte
20220312 064446.987 INFO             PET1 PIOc_freedecomp Enter - MemInfo: Wall-clock time since execution start:                10.4447 seconds
20220312 064446.987 INFO             PET1 PIOc_freedecomp Exit - MemInfo: [/proc/meminfo - SSI]	MemTotal:       196434604 kB
20220312 064446.987 INFO             PET1 PIOc_freedecomp Exit - MemInfo: [/proc/meminfo - SSI]	MemFree:        189688844 kB
20220312 064446.987 INFO             PET1 PIOc_freedecomp Exit - MemInfo: [/proc/meminfo - SSI]	MemAvailable:   191419656 kB
20220312 064446.987 INFO             PET1 PIOc_freedecomp Exit - MemInfo: [/proc/meminfo - SSI]	Committed_AS:    1759540 kB
20220312 064446.987 INFO             PET1 PIOc_freedecomp Exit - MemInfo: [/proc/meminfo - SSI]	CommittedPercent: 0.895738 %
20220312 064446.988 INFO             PET1 PIOc_freedecomp Exit - MemInfo: [/proc/self/status]	VmPeak:	 3866916 kB
20220312 064446.988 INFO             PET1 PIOc_freedecomp Exit - MemInfo: [/proc/self/status]	VmSize:	 3866916 kB
20220312 064446.988 INFO             PET1 PIOc_freedecomp Exit - MemInfo: [/proc/self/status]	VmLck:	       0 kB
20220312 064446.988 INFO             PET1 PIOc_freedecomp Exit - MemInfo: [/proc/self/status]	VmPin:	   79996 kB
20220312 064446.988 INFO             PET1 PIOc_freedecomp Exit - MemInfo: [/proc/self/status]	VmHWM:	  192932 kB
20220312 064446.988 INFO             PET1 PIOc_freedecomp Exit - MemInfo: [/proc/self/status]	VmRSS:	  192932 kB
20220312 064446.988 INFO             PET1 PIOc_freedecomp Exit - MemInfo: [/proc/self/status]	VmData:	  236608 kB
20220312 064446.988 INFO             PET1 PIOc_freedecomp Exit - MemInfo: [/proc/self/status]	VmStk:	     520 kB
20220312 064446.988 INFO             PET1 PIOc_freedecomp Exit - MemInfo: [/proc/self/status]	VmExe:	    1704 kB
20220312 064446.988 INFO             PET1 PIOc_freedecomp Exit - MemInfo: [/proc/self/status]	VmLib:	  174348 kB
20220312 064446.988 INFO             PET1 PIOc_freedecomp Exit - MemInfo: [/proc/self/status]	VmPTE:	    1040 kB
20220312 064446.988 INFO             PET1 PIOc_freedecomp Exit - MemInfo: [/proc/self/status]	VmSwap:	       0 kB
20220312 064446.988 INFO             PET1 PIOc_freedecomp Exit - MemInfo: [/proc/self/status]	VmRSSPercent: 0.0982169 %
20220312 064446.988 INFO             PET1 PIOc_freedecomp Exit - MemInfo: [malloc] Non-mmapped space allocated:                13266944 Byte
20220312 064446.988 INFO             PET1 PIOc_freedecomp Exit - MemInfo: [malloc] Space allocated in mmapped regions:         84254720 Byte
20220312 064446.988 INFO             PET1 PIOc_freedecomp Exit - MemInfo: [malloc] Maximum total allocated space:                     0 Byte
20220312 064446.988 INFO             PET1 PIOc_freedecomp Exit - MemInfo: [malloc] Space in freed fastbin blocks:                   816 Byte
20220312 064446.988 INFO             PET1 PIOc_freedecomp Exit - MemInfo: [malloc] Total allocated space:                       3117088 Byte
20220312 064446.988 INFO             PET1 PIOc_freedecomp Exit - MemInfo: [malloc] Total free space:                           10149856 Byte
20220312 064446.988 INFO             PET1 PIOc_freedecomp Exit - MemInfo: [malloc] Top-most, releasable space:                  2491632 Byte
20220312 064446.988 INFO             PET1 PIOc_freedecomp Exit - MemInfo: [malloc] Total space in use, mmap + non-mmap:        87371808 Byte
20220312 064446.988 INFO             PET1 PIOc_freedecomp Exit - MemInfo: [malloc] Total space held (mmap + non-mmap):         97521664 Byte
20220312 064446.988 INFO             PET1 PIOc_freedecomp Exit - MemInfo: [malloc] Total space used (mmap + non-mmap):         87381200 Byte
20220312 064446.988 INFO             PET1 PIOc_freedecomp Exit - MemInfo: Wall-clock time since execution start:                10.4452 seconds
20220312 064447.318 INFO             PET1 PIOc_sync Enter - MemInfo: [/proc/meminfo - SSI]	MemTotal:       196434604 kB
20220312 064447.318 INFO             PET1 PIOc_sync Enter - MemInfo: [/proc/meminfo - SSI]	MemFree:        189686524 kB
20220312 064447.318 INFO             PET1 PIOc_sync Enter - MemInfo: [/proc/meminfo - SSI]	MemAvailable:   191417336 kB
20220312 064447.318 INFO             PET1 PIOc_sync Enter - MemInfo: [/proc/meminfo - SSI]	Committed_AS:    1765440 kB
20220312 064447.318 INFO             PET1 PIOc_sync Enter - MemInfo: [/proc/meminfo - SSI]	CommittedPercent: 0.898742 %
20220312 064447.318 INFO             PET1 PIOc_sync Enter - MemInfo: [/proc/self/status]	VmPeak:	 3866916 kB
20220312 064447.318 INFO             PET1 PIOc_sync Enter - MemInfo: [/proc/self/status]	VmSize:	 3866916 kB
20220312 064447.318 INFO             PET1 PIOc_sync Enter - MemInfo: [/proc/self/status]	VmLck:	       0 kB
20220312 064447.318 INFO             PET1 PIOc_sync Enter - MemInfo: [/proc/self/status]	VmPin:	   79996 kB
20220312 064447.318 INFO             PET1 PIOc_sync Enter - MemInfo: [/proc/self/status]	VmHWM:	  192988 kB
20220312 064447.318 INFO             PET1 PIOc_sync Enter - MemInfo: [/proc/self/status]	VmRSS:	  192988 kB
20220312 064447.318 INFO             PET1 PIOc_sync Enter - MemInfo: [/proc/self/status]	VmData:	  236608 kB
20220312 064447.318 INFO             PET1 PIOc_sync Enter - MemInfo: [/proc/self/status]	VmStk:	     520 kB
20220312 064447.318 INFO             PET1 PIOc_sync Enter - MemInfo: [/proc/self/status]	VmExe:	    1704 kB
20220312 064447.319 INFO             PET1 PIOc_sync Enter - MemInfo: [/proc/self/status]	VmLib:	  174348 kB
20220312 064447.319 INFO             PET1 PIOc_sync Enter - MemInfo: [/proc/self/status]	VmPTE:	    1040 kB
20220312 064447.319 INFO             PET1 PIOc_sync Enter - MemInfo: [/proc/self/status]	VmSwap:	       0 kB
20220312 064447.319 INFO             PET1 PIOc_sync Enter - MemInfo: [/proc/self/status]	VmRSSPercent: 0.0982454 %
20220312 064447.319 INFO             PET1 PIOc_sync Enter - MemInfo: [malloc] Non-mmapped space allocated:                13266944 Byte
20220312 064447.319 INFO             PET1 PIOc_sync Enter - MemInfo: [malloc] Space allocated in mmapped regions:         84254720 Byte
20220312 064447.319 INFO             PET1 PIOc_sync Enter - MemInfo: [malloc] Maximum total allocated space:                     0 Byte
20220312 064447.319 INFO             PET1 PIOc_sync Enter - MemInfo: [malloc] Space in freed fastbin blocks:                   512 Byte
20220312 064447.319 INFO             PET1 PIOc_sync Enter - MemInfo: [malloc] Total allocated space:                       3120912 Byte
20220312 064447.319 INFO             PET1 PIOc_sync Enter - MemInfo: [malloc] Total free space:                           10146032 Byte
20220312 064447.319 INFO             PET1 PIOc_sync Enter - MemInfo: [malloc] Top-most, releasable space:                  2491632 Byte
20220312 064447.319 INFO             PET1 PIOc_sync Enter - MemInfo: [malloc] Total space in use, mmap + non-mmap:        87375632 Byte
20220312 064447.319 INFO             PET1 PIOc_sync Enter - MemInfo: [malloc] Total space held (mmap + non-mmap):         97521664 Byte
20220312 064447.319 INFO             PET1 PIOc_sync Enter - MemInfo: [malloc] Total space used (mmap + non-mmap):         87385024 Byte
20220312 064447.319 INFO             PET1 PIOc_sync Enter - MemInfo: Wall-clock time since execution start:                10.7754 seconds
20220312 064447.344 INFO             PET1 PIOc_sync Exit - MemInfo: [/proc/meminfo - SSI]	MemTotal:       196434604 kB
20220312 064447.344 INFO             PET1 PIOc_sync Exit - MemInfo: [/proc/meminfo - SSI]	MemFree:        189686524 kB
20220312 064447.344 INFO             PET1 PIOc_sync Exit - MemInfo: [/proc/meminfo - SSI]	MemAvailable:   191417336 kB
20220312 064447.344 INFO             PET1 PIOc_sync Exit - MemInfo: [/proc/meminfo - SSI]	Committed_AS:    1765440 kB
20220312 064447.344 INFO             PET1 PIOc_sync Exit - MemInfo: [/proc/meminfo - SSI]	CommittedPercent: 0.898742 %
20220312 064447.344 INFO             PET1 PIOc_sync Exit - MemInfo: [/proc/self/status]	VmPeak:	 3866916 kB
20220312 064447.344 INFO             PET1 PIOc_sync Exit - MemInfo: [/proc/self/status]	VmSize:	 3866916 kB
20220312 064447.344 INFO             PET1 PIOc_sync Exit - MemInfo: [/proc/self/status]	VmLck:	       0 kB
20220312 064447.344 INFO             PET1 PIOc_sync Exit - MemInfo: [/proc/self/status]	VmPin:	   79996 kB
20220312 064447.344 INFO             PET1 PIOc_sync Exit - MemInfo: [/proc/self/status]	VmHWM:	  192992 kB
20220312 064447.344 INFO             PET1 PIOc_sync Exit - MemInfo: [/proc/self/status]	VmRSS:	  192992 kB
20220312 064447.344 INFO             PET1 PIOc_sync Exit - MemInfo: [/proc/self/status]	VmData:	  236608 kB
20220312 064447.344 INFO             PET1 PIOc_sync Exit - MemInfo: [/proc/self/status]	VmStk:	     520 kB
20220312 064447.344 INFO             PET1 PIOc_sync Exit - MemInfo: [/proc/self/status]	VmExe:	    1704 kB
20220312 064447.344 INFO             PET1 PIOc_sync Exit - MemInfo: [/proc/self/status]	VmLib:	  174348 kB
20220312 064447.344 INFO             PET1 PIOc_sync Exit - MemInfo: [/proc/self/status]	VmPTE:	    1040 kB
20220312 064447.344 INFO             PET1 PIOc_sync Exit - MemInfo: [/proc/self/status]	VmSwap:	       0 kB
20220312 064447.345 INFO             PET1 PIOc_sync Exit - MemInfo: [/proc/self/status]	VmRSSPercent: 0.0982475 %
20220312 064447.345 INFO             PET1 PIOc_sync Exit - MemInfo: [malloc] Non-mmapped space allocated:                13266944 Byte
20220312 064447.345 INFO             PET1 PIOc_sync Exit - MemInfo: [malloc] Space allocated in mmapped regions:         84254720 Byte
20220312 064447.345 INFO             PET1 PIOc_sync Exit - MemInfo: [malloc] Maximum total allocated space:                     0 Byte
20220312 064447.345 INFO             PET1 PIOc_sync Exit - MemInfo: [malloc] Space in freed fastbin blocks:                   288 Byte
20220312 064447.345 INFO             PET1 PIOc_sync Exit - MemInfo: [malloc] Total allocated space:                       3120128 Byte
20220312 064447.345 INFO             PET1 PIOc_sync Exit - MemInfo: [malloc] Total free space:                           10146816 Byte
20220312 064447.345 INFO             PET1 PIOc_sync Exit - MemInfo: [malloc] Top-most, releasable space:                  2491632 Byte
20220312 064447.345 INFO             PET1 PIOc_sync Exit - MemInfo: [malloc] Total space in use, mmap + non-mmap:        87374848 Byte
20220312 064447.345 INFO             PET1 PIOc_sync Exit - MemInfo: [malloc] Total space held (mmap + non-mmap):         97521664 Byte
20220312 064447.345 INFO             PET1 PIOc_sync Exit - MemInfo: [malloc] Total space used (mmap + non-mmap):         87384240 Byte
20220312 064447.345 INFO             PET1 PIOc_sync Exit - MemInfo: Wall-clock time since execution start:                10.8013 seconds
20220312 064447.347 INFO             PET1 PIOc_freedecomp Enter - MemInfo: [/proc/meminfo - SSI]	MemTotal:       196434604 kB
20220312 064447.347 INFO             PET1 PIOc_freedecomp Enter - MemInfo: [/proc/meminfo - SSI]	MemFree:        189686524 kB
20220312 064447.347 INFO             PET1 PIOc_freedecomp Enter - MemInfo: [/proc/meminfo - SSI]	MemAvailable:   191417336 kB
20220312 064447.347 INFO             PET1 PIOc_freedecomp Enter - MemInfo: [/proc/meminfo - SSI]	Committed_AS:    1765440 kB
20220312 064447.347 INFO             PET1 PIOc_freedecomp Enter - MemInfo: [/proc/meminfo - SSI]	CommittedPercent: 0.898742 %
20220312 064447.347 INFO             PET1 PIOc_freedecomp Enter - MemInfo: [/proc/self/status]	VmPeak:	 3866916 kB
20220312 064447.347 INFO             PET1 PIOc_freedecomp Enter - MemInfo: [/proc/self/status]	VmSize:	 3866916 kB
20220312 064447.347 INFO             PET1 PIOc_freedecomp Enter - MemInfo: [/proc/self/status]	VmLck:	       0 kB
20220312 064447.348 INFO             PET1 PIOc_freedecomp Enter - MemInfo: [/proc/self/status]	VmPin:	   79996 kB
20220312 064447.348 INFO             PET1 PIOc_freedecomp Enter - MemInfo: [/proc/self/status]	VmHWM:	  192992 kB
20220312 064447.348 INFO             PET1 PIOc_freedecomp Enter - MemInfo: [/proc/self/status]	VmRSS:	  192992 kB
20220312 064447.348 INFO             PET1 PIOc_freedecomp Enter - MemInfo: [/proc/self/status]	VmData:	  236608 kB
20220312 064447.348 INFO             PET1 PIOc_freedecomp Enter - MemInfo: [/proc/self/status]	VmStk:	     520 kB
20220312 064447.348 INFO             PET1 PIOc_freedecomp Enter - MemInfo: [/proc/self/status]	VmExe:	    1704 kB
20220312 064447.348 INFO             PET1 PIOc_freedecomp Enter - MemInfo: [/proc/self/status]	VmLib:	  174348 kB
20220312 064447.348 INFO             PET1 PIOc_freedecomp Enter - MemInfo: [/proc/self/status]	VmPTE:	    1040 kB
20220312 064447.348 INFO             PET1 PIOc_freedecomp Enter - MemInfo: [/proc/self/status]	VmSwap:	       0 kB
20220312 064447.348 INFO             PET1 PIOc_freedecomp Enter - MemInfo: [/proc/self/status]	VmRSSPercent: 0.0982475 %
20220312 064447.348 INFO             PET1 PIOc_freedecomp Enter - MemInfo: [malloc] Non-mmapped space allocated:                13266944 Byte
20220312 064447.348 INFO             PET1 PIOc_freedecomp Enter - MemInfo: [malloc] Space allocated in mmapped regions:         84254720 Byte
20220312 064447.348 INFO             PET1 PIOc_freedecomp Enter - MemInfo: [malloc] Maximum total allocated space:                     0 Byte
20220312 064447.348 INFO             PET1 PIOc_freedecomp Enter - MemInfo: [malloc] Space in freed fastbin blocks:                   448 Byte
20220312 064447.348 INFO             PET1 PIOc_freedecomp Enter - MemInfo: [malloc] Total allocated space:                       3118368 Byte
20220312 064447.348 INFO             PET1 PIOc_freedecomp Enter - MemInfo: [malloc] Total free space:                           10148576 Byte
20220312 064447.348 INFO             PET1 PIOc_freedecomp Enter - MemInfo: [malloc] Top-most, releasable space:                  2491632 Byte
20220312 064447.348 INFO             PET1 PIOc_freedecomp Enter - MemInfo: [malloc] Total space in use, mmap + non-mmap:        87373088 Byte
20220312 064447.348 INFO             PET1 PIOc_freedecomp Enter - MemInfo: [malloc] Total space held (mmap + non-mmap):         97521664 Byte
20220312 064447.348 INFO             PET1 PIOc_freedecomp Enter - MemInfo: [malloc] Total space used (mmap + non-mmap):         87382464 Byte
20220312 064447.348 INFO             PET1 PIOc_freedecomp Enter - MemInfo: Wall-clock time since execution start:                10.8045 seconds
20220312 064447.348 INFO             PET1 PIOc_freedecomp Exit - MemInfo: [/proc/meminfo - SSI]	MemTotal:       196434604 kB
20220312 064447.348 INFO             PET1 PIOc_freedecomp Exit - MemInfo: [/proc/meminfo - SSI]	MemFree:        189686524 kB
20220312 064447.348 INFO             PET1 PIOc_freedecomp Exit - MemInfo: [/proc/meminfo - SSI]	MemAvailable:   191417336 kB
20220312 064447.348 INFO             PET1 PIOc_freedecomp Exit - MemInfo: [/proc/meminfo - SSI]	Committed_AS:    1765440 kB
20220312 064447.348 INFO             PET1 PIOc_freedecomp Exit - MemInfo: [/proc/meminfo - SSI]	CommittedPercent: 0.898742 %
20220312 064447.348 INFO             PET1 PIOc_freedecomp Exit - MemInfo: [/proc/self/status]	VmPeak:	 3866916 kB
20220312 064447.348 INFO             PET1 PIOc_freedecomp Exit - MemInfo: [/proc/self/status]	VmSize:	 3866916 kB
20220312 064447.348 INFO             PET1 PIOc_freedecomp Exit - MemInfo: [/proc/self/status]	VmLck:	       0 kB
20220312 064447.348 INFO             PET1 PIOc_freedecomp Exit - MemInfo: [/proc/self/status]	VmPin:	   79996 kB
20220312 064447.348 INFO             PET1 PIOc_freedecomp Exit - MemInfo: [/proc/self/status]	VmHWM:	  192992 kB
20220312 064447.348 INFO             PET1 PIOc_freedecomp Exit - MemInfo: [/proc/self/status]	VmRSS:	  192992 kB
20220312 064447.348 INFO             PET1 PIOc_freedecomp Exit - MemInfo: [/proc/self/status]	VmData:	  236608 kB
20220312 064447.348 INFO             PET1 PIOc_freedecomp Exit - MemInfo: [/proc/self/status]	VmStk:	     520 kB
20220312 064447.348 INFO             PET1 PIOc_freedecomp Exit - MemInfo: [/proc/self/status]	VmExe:	    1704 kB
20220312 064447.348 INFO             PET1 PIOc_freedecomp Exit - MemInfo: [/proc/self/status]	VmLib:	  174348 kB
20220312 064447.348 INFO             PET1 PIOc_freedecomp Exit - MemInfo: [/proc/self/status]	VmPTE:	    1040 kB
20220312 064447.348 INFO             PET1 PIOc_freedecomp Exit - MemInfo: [/proc/self/status]	VmSwap:	       0 kB
20220312 064447.348 INFO             PET1 PIOc_freedecomp Exit - MemInfo: [/proc/self/status]	VmRSSPercent: 0.0982475 %
20220312 064447.348 INFO             PET1 PIOc_freedecomp Exit - MemInfo: [malloc] Non-mmapped space allocated:                13266944 Byte
20220312 064447.348 INFO             PET1 PIOc_freedecomp Exit - MemInfo: [malloc] Space allocated in mmapped regions:         84254720 Byte
20220312 064447.348 INFO             PET1 PIOc_freedecomp Exit - MemInfo: [malloc] Maximum total allocated space:                     0 Byte
20220312 064447.349 INFO             PET1 PIOc_freedecomp Exit - MemInfo: [malloc] Space in freed fastbin blocks:                   816 Byte
20220312 064447.349 INFO             PET1 PIOc_freedecomp Exit - MemInfo: [malloc] Total allocated space:                       3117088 Byte
20220312 064447.349 INFO             PET1 PIOc_freedecomp Exit - MemInfo: [malloc] Total free space:                           10149856 Byte
20220312 064447.349 INFO             PET1 PIOc_freedecomp Exit - MemInfo: [malloc] Top-most, releasable space:                  2491632 Byte
20220312 064447.349 INFO             PET1 PIOc_freedecomp Exit - MemInfo: [malloc] Total space in use, mmap + non-mmap:        87371808 Byte
20220312 064447.349 INFO             PET1 PIOc_freedecomp Exit - MemInfo: [malloc] Total space held (mmap + non-mmap):         97521664 Byte
20220312 064447.349 INFO             PET1 PIOc_freedecomp Exit - MemInfo: [malloc] Total space used (mmap + non-mmap):         87381200 Byte
20220312 064447.349 INFO             PET1 PIOc_freedecomp Exit - MemInfo: Wall-clock time since execution start:                10.8053 seconds
20220312 064447.671 INFO             PET1 PIOc_sync Enter - MemInfo: [/proc/meminfo - SSI]	MemTotal:       196434604 kB
20220312 064447.671 INFO             PET1 PIOc_sync Enter - MemInfo: [/proc/meminfo - SSI]	MemFree:        189686524 kB
20220312 064447.671 INFO             PET1 PIOc_sync Enter - MemInfo: [/proc/meminfo - SSI]	MemAvailable:   191417336 kB
20220312 064447.671 INFO             PET1 PIOc_sync Enter - MemInfo: [/proc/meminfo - SSI]	Committed_AS:    1765440 kB
20220312 064447.671 INFO             PET1 PIOc_sync Enter - MemInfo: [/proc/meminfo - SSI]	CommittedPercent: 0.898742 %
20220312 064447.671 INFO             PET1 PIOc_sync Enter - MemInfo: [/proc/self/status]	VmPeak:	 3866916 kB
20220312 064447.671 INFO             PET1 PIOc_sync Enter - MemInfo: [/proc/self/status]	VmSize:	 3866916 kB
20220312 064447.671 INFO             PET1 PIOc_sync Enter - MemInfo: [/proc/self/status]	VmLck:	       0 kB
20220312 064447.671 INFO             PET1 PIOc_sync Enter - MemInfo: [/proc/self/status]	VmPin:	   79996 kB
20220312 064447.671 INFO             PET1 PIOc_sync Enter - MemInfo: [/proc/self/status]	VmHWM:	  193040 kB
20220312 064447.671 INFO             PET1 PIOc_sync Enter - MemInfo: [/proc/self/status]	VmRSS:	  193040 kB
20220312 064447.672 INFO             PET1 PIOc_sync Enter - MemInfo: [/proc/self/status]	VmData:	  236608 kB
20220312 064447.672 INFO             PET1 PIOc_sync Enter - MemInfo: [/proc/self/status]	VmStk:	     520 kB
20220312 064447.672 INFO             PET1 PIOc_sync Enter - MemInfo: [/proc/self/status]	VmExe:	    1704 kB
20220312 064447.672 INFO             PET1 PIOc_sync Enter - MemInfo: [/proc/self/status]	VmLib:	  174348 kB
20220312 064447.672 INFO             PET1 PIOc_sync Enter - MemInfo: [/proc/self/status]	VmPTE:	    1040 kB
20220312 064447.672 INFO             PET1 PIOc_sync Enter - MemInfo: [/proc/self/status]	VmSwap:	       0 kB
20220312 064447.672 INFO             PET1 PIOc_sync Enter - MemInfo: [/proc/self/status]	VmRSSPercent: 0.0982719 %
20220312 064447.672 INFO             PET1 PIOc_sync Enter - MemInfo: [malloc] Non-mmapped space allocated:                13266944 Byte
20220312 064447.672 INFO             PET1 PIOc_sync Enter - MemInfo: [malloc] Space allocated in mmapped regions:         84254720 Byte
20220312 064447.672 INFO             PET1 PIOc_sync Enter - MemInfo: [malloc] Maximum total allocated space:                     0 Byte
20220312 064447.672 INFO             PET1 PIOc_sync Enter - MemInfo: [malloc] Space in freed fastbin blocks:                   512 Byte
20220312 064447.672 INFO             PET1 PIOc_sync Enter - MemInfo: [malloc] Total allocated space:                       3121040 Byte
20220312 064447.672 INFO             PET1 PIOc_sync Enter - MemInfo: [malloc] Total free space:                           10145904 Byte
20220312 064447.672 INFO             PET1 PIOc_sync Enter - MemInfo: [malloc] Top-most, releasable space:                  2491632 Byte
20220312 064447.672 INFO             PET1 PIOc_sync Enter - MemInfo: [malloc] Total space in use, mmap + non-mmap:        87375760 Byte
20220312 064447.672 INFO             PET1 PIOc_sync Enter - MemInfo: [malloc] Total space held (mmap + non-mmap):         97521664 Byte
20220312 064447.672 INFO             PET1 PIOc_sync Enter - MemInfo: [malloc] Total space used (mmap + non-mmap):         87385152 Byte
20220312 064447.672 INFO             PET1 PIOc_sync Enter - MemInfo: Wall-clock time since execution start:                11.1276 seconds
20220312 064447.706 INFO             PET1 PIOc_sync Exit - MemInfo: [/proc/meminfo - SSI]	MemTotal:       196434604 kB
20220312 064447.706 INFO             PET1 PIOc_sync Exit - MemInfo: [/proc/meminfo - SSI]	MemFree:        189686524 kB
20220312 064447.706 INFO             PET1 PIOc_sync Exit - MemInfo: [/proc/meminfo - SSI]	MemAvailable:   191417336 kB
20220312 064447.706 INFO             PET1 PIOc_sync Exit - MemInfo: [/proc/meminfo - SSI]	Committed_AS:    1765440 kB
20220312 064447.706 INFO             PET1 PIOc_sync Exit - MemInfo: [/proc/meminfo - SSI]	CommittedPercent: 0.898742 %
20220312 064447.706 INFO             PET1 PIOc_sync Exit - MemInfo: [/proc/self/status]	VmPeak:	 3866916 kB
20220312 064447.706 INFO             PET1 PIOc_sync Exit - MemInfo: [/proc/self/status]	VmSize:	 3866916 kB
20220312 064447.706 INFO             PET1 PIOc_sync Exit - MemInfo: [/proc/self/status]	VmLck:	       0 kB
20220312 064447.706 INFO             PET1 PIOc_sync Exit - MemInfo: [/proc/self/status]	VmPin:	   79996 kB
20220312 064447.706 INFO             PET1 PIOc_sync Exit - MemInfo: [/proc/self/status]	VmHWM:	  193040 kB
20220312 064447.706 INFO             PET1 PIOc_sync Exit - MemInfo: [/proc/self/status]	VmRSS:	  193040 kB
20220312 064447.707 INFO             PET1 PIOc_sync Exit - MemInfo: [/proc/self/status]	VmData:	  236608 kB
20220312 064447.707 INFO             PET1 PIOc_sync Exit - MemInfo: [/proc/self/status]	VmStk:	     520 kB
20220312 064447.707 INFO             PET1 PIOc_sync Exit - MemInfo: [/proc/self/status]	VmExe:	    1704 kB
20220312 064447.707 INFO             PET1 PIOc_sync Exit - MemInfo: [/proc/self/status]	VmLib:	  174348 kB
20220312 064447.707 INFO             PET1 PIOc_sync Exit - MemInfo: [/proc/self/status]	VmPTE:	    1040 kB
20220312 064447.707 INFO             PET1 PIOc_sync Exit - MemInfo: [/proc/self/status]	VmSwap:	       0 kB
20220312 064447.707 INFO             PET1 PIOc_sync Exit - MemInfo: [/proc/self/status]	VmRSSPercent: 0.0982719 %
20220312 064447.707 INFO             PET1 PIOc_sync Exit - MemInfo: [malloc] Non-mmapped space allocated:                13266944 Byte
20220312 064447.707 INFO             PET1 PIOc_sync Exit - MemInfo: [malloc] Space allocated in mmapped regions:         84254720 Byte
20220312 064447.707 INFO             PET1 PIOc_sync Exit - MemInfo: [malloc] Maximum total allocated space:                     0 Byte
20220312 064447.707 INFO             PET1 PIOc_sync Exit - MemInfo: [malloc] Space in freed fastbin blocks:                   416 Byte
