build time -- 2022-03-12 04:21:21
20220312 064555.371 INFO             PET0 !!!!!!!!!!!!!!!!!!!!!!!!!!!!!!!!!!!!!!!!!!!!!!!!!!!!!!
20220312 064555.374 INFO             PET0 !!! THE ESMF_LOG IS SET TO OUTPUT ALL LOG MESSAGES !!!
20220312 064555.374 INFO             PET0 !!!     THIS MAY CAUSE SLOWDOWN IN PERFORMANCE     !!!
20220312 064555.374 INFO             PET0 !!! FOR PRODUCTION RUNS, USE:                      !!!
20220312 064555.374 INFO             PET0 !!!                   ESMF_LOGKIND_Multi_On_Error  !!!
20220312 064555.374 INFO             PET0 !!!!!!!!!!!!!!!!!!!!!!!!!!!!!!!!!!!!!!!!!!!!!!!!!!!!!!
20220312 064555.374 INFO             PET0 Running with ESMF Version   : v8.3.0b09-96-g559b459
20220312 064555.374 INFO             PET0 ESMF library build date/time: "Mar 12 2022" "04:14:43"
20220312 064555.375 INFO             PET0 ESMF library build location : /work/noaa/da/mpotts/sandbox/intel_2020_intelmpi_g_jedwards_pio_update2
20220312 064555.375 INFO             PET0 ESMF_COMM                   : intelmpi
20220312 064555.377 INFO             PET0 ESMF_MOAB                   : enabled
20220312 064555.377 INFO             PET0 ESMF_LAPACK                 : enabled
20220312 064555.377 INFO             PET0 ESMF_NETCDF                 : enabled
20220312 064555.377 INFO             PET0 ESMF_PNETCDF                : disabled
20220312 064555.378 INFO             PET0 ESMF_PIO                    : enabled
20220312 064555.378 INFO             PET0 ESMF_YAMLCPP                : enabled
20220312 064555.406 INFO             PET0  Beginning Test, file ESMF_ArrayIOUTest.F90, line 103
20220312 064555.406 INFO             PET0  NUMBER_OF_PROCESSORS           6
20220312 064555.411 INFO             PET0  PASS  dstDistgrid Create Test, ESMF_ArrayIOUTest.F90, line 137
20220312 064555.411 INFO             PET0  PASS  Array Spec Set Test, ESMF_ArrayIOUTest.F90, line 145
20220312 064555.423 INFO             PET0  PASS  Array with Halo Create Test, ESMF_ArrayIOUTest.F90, line 160
20220312 064555.423 INFO             PET0  PASS  Array without Halo Create Test, ESMF_ArrayIOUTest.F90, line 170
20220312 064555.428 INFO             PET0  PASS  Accessing Fortran pointers for Arrays Test, ESMF_ArrayIOUTest.F90, line 225
20220312 064555.935 INFO             PET0 PIOc_sync Enter - MemInfo: [/proc/meminfo - SSI]	MemTotal:       196434604 kB
20220312 064555.935 INFO             PET0 PIOc_sync Enter - MemInfo: [/proc/meminfo - SSI]	MemFree:        189427616 kB
20220312 064555.935 INFO             PET0 PIOc_sync Enter - MemInfo: [/proc/meminfo - SSI]	MemAvailable:   191162324 kB
20220312 064555.935 INFO             PET0 PIOc_sync Enter - MemInfo: [/proc/meminfo - SSI]	Committed_AS:    2215568 kB
20220312 064555.935 INFO             PET0 PIOc_sync Enter - MemInfo: [/proc/meminfo - SSI]	CommittedPercent: 1.12789 %
20220312 064555.935 INFO             PET0 PIOc_sync Enter - MemInfo: [/proc/self/status]	VmPeak:	 3913988 kB
20220312 064555.935 INFO             PET0 PIOc_sync Enter - MemInfo: [/proc/self/status]	VmSize:	 3913988 kB
20220312 064555.935 INFO             PET0 PIOc_sync Enter - MemInfo: [/proc/self/status]	VmLck:	       0 kB
20220312 064555.935 INFO             PET0 PIOc_sync Enter - MemInfo: [/proc/self/status]	VmPin:	   80252 kB
20220312 064555.935 INFO             PET0 PIOc_sync Enter - MemInfo: [/proc/self/status]	VmHWM:	  180504 kB
20220312 064555.935 INFO             PET0 PIOc_sync Enter - MemInfo: [/proc/self/status]	VmRSS:	  180504 kB
20220312 064555.936 INFO             PET0 PIOc_sync Enter - MemInfo: [/proc/self/status]	VmData:	  216620 kB
20220312 064555.936 INFO             PET0 PIOc_sync Enter - MemInfo: [/proc/self/status]	VmStk:	     524 kB
20220312 064555.936 INFO             PET0 PIOc_sync Enter - MemInfo: [/proc/self/status]	VmExe:	    1900 kB
20220312 064555.936 INFO             PET0 PIOc_sync Enter - MemInfo: [/proc/self/status]	VmLib:	  174348 kB
20220312 064555.936 INFO             PET0 PIOc_sync Enter - MemInfo: [/proc/self/status]	VmPTE:	    1088 kB
20220312 064555.936 INFO             PET0 PIOc_sync Enter - MemInfo: [/proc/self/status]	VmSwap:	       0 kB
20220312 064555.936 INFO             PET0 PIOc_sync Enter - MemInfo: [/proc/self/status]	VmRSSPercent: 0.0918901 %
20220312 064555.936 INFO             PET0 PIOc_sync Enter - MemInfo: [malloc] Non-mmapped space allocated:                 2490368 Byte
20220312 064555.936 INFO             PET0 PIOc_sync Enter - MemInfo: [malloc] Space allocated in mmapped regions:         93175808 Byte
20220312 064555.936 INFO             PET0 PIOc_sync Enter - MemInfo: [malloc] Maximum total allocated space:                     0 Byte
20220312 064555.936 INFO             PET0 PIOc_sync Enter - MemInfo: [malloc] Space in freed fastbin blocks:                   368 Byte
20220312 064555.936 INFO             PET0 PIOc_sync Enter - MemInfo: [malloc] Total allocated space:                       2426256 Byte
20220312 064555.936 INFO             PET0 PIOc_sync Enter - MemInfo: [malloc] Total free space:                              64112 Byte
20220312 064555.936 INFO             PET0 PIOc_sync Enter - MemInfo: [malloc] Top-most, releasable space:                    58464 Byte
20220312 064555.936 INFO             PET0 PIOc_sync Enter - MemInfo: [malloc] Total space in use, mmap + non-mmap:        95602064 Byte
20220312 064555.936 INFO             PET0 PIOc_sync Enter - MemInfo: [malloc] Total space held (mmap + non-mmap):         95666176 Byte
20220312 064555.936 INFO             PET0 PIOc_sync Enter - MemInfo: [malloc] Total space used (mmap + non-mmap):         95611456 Byte
20220312 064555.936 INFO             PET0 PIOc_sync Enter - MemInfo: Wall-clock time since execution start:                1.25064 seconds
20220312 064555.968 INFO             PET0 PIOc_sync Exit - MemInfo: [/proc/meminfo - SSI]	MemTotal:       196434604 kB
20220312 064555.968 INFO             PET0 PIOc_sync Exit - MemInfo: [/proc/meminfo - SSI]	MemFree:        189427616 kB
20220312 064555.968 INFO             PET0 PIOc_sync Exit - MemInfo: [/proc/meminfo - SSI]	MemAvailable:   191162324 kB
20220312 064555.968 INFO             PET0 PIOc_sync Exit - MemInfo: [/proc/meminfo - SSI]	Committed_AS:    2215568 kB
20220312 064555.968 INFO             PET0 PIOc_sync Exit - MemInfo: [/proc/meminfo - SSI]	CommittedPercent: 1.12789 %
20220312 064555.969 INFO             PET0 PIOc_sync Exit - MemInfo: [/proc/self/status]	VmPeak:	 3913988 kB
20220312 064555.969 INFO             PET0 PIOc_sync Exit - MemInfo: [/proc/self/status]	VmSize:	 3913988 kB
20220312 064555.969 INFO             PET0 PIOc_sync Exit - MemInfo: [/proc/self/status]	VmLck:	       0 kB
20220312 064555.969 INFO             PET0 PIOc_sync Exit - MemInfo: [/proc/self/status]	VmPin:	   80252 kB
20220312 064555.969 INFO             PET0 PIOc_sync Exit - MemInfo: [/proc/self/status]	VmHWM:	  180744 kB
20220312 064555.969 INFO             PET0 PIOc_sync Exit - MemInfo: [/proc/self/status]	VmRSS:	  180744 kB
20220312 064555.969 INFO             PET0 PIOc_sync Exit - MemInfo: [/proc/self/status]	VmData:	  216620 kB
20220312 064555.969 INFO             PET0 PIOc_sync Exit - MemInfo: [/proc/self/status]	VmStk:	     524 kB
20220312 064555.969 INFO             PET0 PIOc_sync Exit - MemInfo: [/proc/self/status]	VmExe:	    1900 kB
20220312 064555.969 INFO             PET0 PIOc_sync Exit - MemInfo: [/proc/self/status]	VmLib:	  174348 kB
20220312 064555.969 INFO             PET0 PIOc_sync Exit - MemInfo: [/proc/self/status]	VmPTE:	    1088 kB
20220312 064555.969 INFO             PET0 PIOc_sync Exit - MemInfo: [/proc/self/status]	VmSwap:	       0 kB
20220312 064555.969 INFO             PET0 PIOc_sync Exit - MemInfo: [/proc/self/status]	VmRSSPercent: 0.0920123 %
20220312 064555.969 INFO             PET0 PIOc_sync Exit - MemInfo: [malloc] Non-mmapped space allocated:                 2490368 Byte
20220312 064555.969 INFO             PET0 PIOc_sync Exit - MemInfo: [malloc] Space allocated in mmapped regions:         93175808 Byte
20220312 064555.969 INFO             PET0 PIOc_sync Exit - MemInfo: [malloc] Maximum total allocated space:                     0 Byte
20220312 064555.969 INFO             PET0 PIOc_sync Exit - MemInfo: [malloc] Space in freed fastbin blocks:                   688 Byte
20220312 064555.969 INFO             PET0 PIOc_sync Exit - MemInfo: [malloc] Total allocated space:                       2422368 Byte
20220312 064555.969 INFO             PET0 PIOc_sync Exit - MemInfo: [malloc] Total free space:                              68000 Byte
20220312 064555.969 INFO             PET0 PIOc_sync Exit - MemInfo: [malloc] Top-most, releasable space:                    58464 Byte
20220312 064555.969 INFO             PET0 PIOc_sync Exit - MemInfo: [malloc] Total space in use, mmap + non-mmap:        95598176 Byte
20220312 064555.969 INFO             PET0 PIOc_sync Exit - MemInfo: [malloc] Total space held (mmap + non-mmap):         95666176 Byte
20220312 064555.969 INFO             PET0 PIOc_sync Exit - MemInfo: [malloc] Total space used (mmap + non-mmap):         95607568 Byte
20220312 064555.969 INFO             PET0 PIOc_sync Exit - MemInfo: Wall-clock time since execution start:                1.28373 seconds
20220312 064555.976 INFO             PET0 PIOc_freedecomp Enter - MemInfo: [/proc/meminfo - SSI]	MemTotal:       196434604 kB
20220312 064555.977 INFO             PET0 PIOc_freedecomp Enter - MemInfo: [/proc/meminfo - SSI]	MemFree:        189434380 kB
20220312 064555.977 INFO             PET0 PIOc_freedecomp Enter - MemInfo: [/proc/meminfo - SSI]	MemAvailable:   191169088 kB
20220312 064555.977 INFO             PET0 PIOc_freedecomp Enter - MemInfo: [/proc/meminfo - SSI]	Committed_AS:    2207856 kB
20220312 064555.977 INFO             PET0 PIOc_freedecomp Enter - MemInfo: [/proc/meminfo - SSI]	CommittedPercent: 1.12396 %
20220312 064555.977 INFO             PET0 PIOc_freedecomp Enter - MemInfo: [/proc/self/status]	VmPeak:	 3913988 kB
20220312 064555.977 INFO             PET0 PIOc_freedecomp Enter - MemInfo: [/proc/self/status]	VmSize:	 3905276 kB
20220312 064555.977 INFO             PET0 PIOc_freedecomp Enter - MemInfo: [/proc/self/status]	VmLck:	       0 kB
20220312 064555.977 INFO             PET0 PIOc_freedecomp Enter - MemInfo: [/proc/self/status]	VmPin:	   80252 kB
20220312 064555.977 INFO             PET0 PIOc_freedecomp Enter - MemInfo: [/proc/self/status]	VmHWM:	  180744 kB
20220312 064555.977 INFO             PET0 PIOc_freedecomp Enter - MemInfo: [/proc/self/status]	VmRSS:	  172552 kB
20220312 064555.977 INFO             PET0 PIOc_freedecomp Enter - MemInfo: [/proc/self/status]	VmData:	  207908 kB
20220312 064555.977 INFO             PET0 PIOc_freedecomp Enter - MemInfo: [/proc/self/status]	VmStk:	     524 kB
20220312 064555.977 INFO             PET0 PIOc_freedecomp Enter - MemInfo: [/proc/self/status]	VmExe:	    1900 kB
20220312 064555.977 INFO             PET0 PIOc_freedecomp Enter - MemInfo: [/proc/self/status]	VmLib:	  174348 kB
20220312 064555.977 INFO             PET0 PIOc_freedecomp Enter - MemInfo: [/proc/self/status]	VmPTE:	    1072 kB
20220312 064555.977 INFO             PET0 PIOc_freedecomp Enter - MemInfo: [/proc/self/status]	VmSwap:	       0 kB
20220312 064555.977 INFO             PET0 PIOc_freedecomp Enter - MemInfo: [/proc/self/status]	VmRSSPercent: 0.087842 %
20220312 064555.977 INFO             PET0 PIOc_freedecomp Enter - MemInfo: [malloc] Non-mmapped space allocated:                 2490368 Byte
20220312 064555.977 INFO             PET0 PIOc_freedecomp Enter - MemInfo: [malloc] Space allocated in mmapped regions:         84254720 Byte
20220312 064555.977 INFO             PET0 PIOc_freedecomp Enter - MemInfo: [malloc] Maximum total allocated space:                     0 Byte
20220312 064555.977 INFO             PET0 PIOc_freedecomp Enter - MemInfo: [malloc] Space in freed fastbin blocks:                  1456 Byte
20220312 064555.977 INFO             PET0 PIOc_freedecomp Enter - MemInfo: [malloc] Total allocated space:                       2409040 Byte
20220312 064555.977 INFO             PET0 PIOc_freedecomp Enter - MemInfo: [malloc] Total free space:                              81328 Byte
20220312 064555.977 INFO             PET0 PIOc_freedecomp Enter - MemInfo: [malloc] Top-most, releasable space:                    58464 Byte
20220312 064555.977 INFO             PET0 PIOc_freedecomp Enter - MemInfo: [malloc] Total space in use, mmap + non-mmap:        86663760 Byte
20220312 064555.977 INFO             PET0 PIOc_freedecomp Enter - MemInfo: [malloc] Total space held (mmap + non-mmap):         86745088 Byte
20220312 064555.977 INFO             PET0 PIOc_freedecomp Enter - MemInfo: [malloc] Total space used (mmap + non-mmap):         86673136 Byte
20220312 064555.977 INFO             PET0 PIOc_freedecomp Enter - MemInfo: Wall-clock time since execution start:                1.29182 seconds
20220312 064555.977 INFO             PET0 PIOc_freedecomp Exit - MemInfo: [/proc/meminfo - SSI]	MemTotal:       196434604 kB
20220312 064555.977 INFO             PET0 PIOc_freedecomp Exit - MemInfo: [/proc/meminfo - SSI]	MemFree:        189434380 kB
20220312 064555.977 INFO             PET0 PIOc_freedecomp Exit - MemInfo: [/proc/meminfo - SSI]	MemAvailable:   191169088 kB
20220312 064555.977 INFO             PET0 PIOc_freedecomp Exit - MemInfo: [/proc/meminfo - SSI]	Committed_AS:    2207856 kB
20220312 064555.977 INFO             PET0 PIOc_freedecomp Exit - MemInfo: [/proc/meminfo - SSI]	CommittedPercent: 1.12396 %
20220312 064555.977 INFO             PET0 PIOc_freedecomp Exit - MemInfo: [/proc/self/status]	VmPeak:	 3913988 kB
20220312 064555.977 INFO             PET0 PIOc_freedecomp Exit - MemInfo: [/proc/self/status]	VmSize:	 3905276 kB
20220312 064555.977 INFO             PET0 PIOc_freedecomp Exit - MemInfo: [/proc/self/status]	VmLck:	       0 kB
20220312 064555.977 INFO             PET0 PIOc_freedecomp Exit - MemInfo: [/proc/self/status]	VmPin:	   80252 kB
20220312 064555.977 INFO             PET0 PIOc_freedecomp Exit - MemInfo: [/proc/self/status]	VmHWM:	  180744 kB
20220312 064555.977 INFO             PET0 PIOc_freedecomp Exit - MemInfo: [/proc/self/status]	VmRSS:	  172556 kB
20220312 064555.978 INFO             PET0 PIOc_freedecomp Exit - MemInfo: [/proc/self/status]	VmData:	  207908 kB
20220312 064555.978 INFO             PET0 PIOc_freedecomp Exit - MemInfo: [/proc/self/status]	VmStk:	     524 kB
20220312 064555.978 INFO             PET0 PIOc_freedecomp Exit - MemInfo: [/proc/self/status]	VmExe:	    1900 kB
20220312 064555.978 INFO             PET0 PIOc_freedecomp Exit - MemInfo: [/proc/self/status]	VmLib:	  174348 kB
20220312 064555.978 INFO             PET0 PIOc_freedecomp Exit - MemInfo: [/proc/self/status]	VmPTE:	    1072 kB
20220312 064555.978 INFO             PET0 PIOc_freedecomp Exit - MemInfo: [/proc/self/status]	VmSwap:	       0 kB
20220312 064555.978 INFO             PET0 PIOc_freedecomp Exit - MemInfo: [/proc/self/status]	VmRSSPercent: 0.087844 %
20220312 064555.978 INFO             PET0 PIOc_freedecomp Exit - MemInfo: [malloc] Non-mmapped space allocated:                 2490368 Byte
20220312 064555.978 INFO             PET0 PIOc_freedecomp Exit - MemInfo: [malloc] Space allocated in mmapped regions:         84254720 Byte
20220312 064555.978 INFO             PET0 PIOc_freedecomp Exit - MemInfo: [malloc] Maximum total allocated space:                     0 Byte
20220312 064555.978 INFO             PET0 PIOc_freedecomp Exit - MemInfo: [malloc] Space in freed fastbin blocks:                   272 Byte
20220312 064555.978 INFO             PET0 PIOc_freedecomp Exit - MemInfo: [malloc] Total allocated space:                       2394096 Byte
20220312 064555.978 INFO             PET0 PIOc_freedecomp Exit - MemInfo: [malloc] Total free space:                              96272 Byte
20220312 064555.978 INFO             PET0 PIOc_freedecomp Exit - MemInfo: [malloc] Top-most, releasable space:                    88576 Byte
20220312 064555.978 INFO             PET0 PIOc_freedecomp Exit - MemInfo: [malloc] Total space in use, mmap + non-mmap:        86648816 Byte
20220312 064555.978 INFO             PET0 PIOc_freedecomp Exit - MemInfo: [malloc] Total space held (mmap + non-mmap):         86745088 Byte
20220312 064555.978 INFO             PET0 PIOc_freedecomp Exit - MemInfo: [malloc] Total space used (mmap + non-mmap):         86658208 Byte
20220312 064555.978 INFO             PET0 PIOc_freedecomp Exit - MemInfo: Wall-clock time since execution start:                 1.2926 seconds
20220312 064555.980 INFO             PET0  PASS  Write ESMF_Array with Halo to NetCDF Test, ESMF_ArrayIOUTest.F90, line 236
20220312 064556.170 WARNING          PET0 ESMCI_PIO_Handler.C:1319 ESMCI::PIO_Handler::open()  Unable to create file: file3D_withhalo.nc, (PIO/NetCDF error = NetCDF: File exists && NC_NOCLOBBER)
20220312 064556.225 ERROR            PET0 ESMCI_PIO_Handler.C:779 ESMCI::PIO_Handler::arrayWrite() Unable to read from file  - file not open
20220312 064556.225 ERROR            PET0 ESMCI_IO.C:736 ESMCI::IO::write() Unable to read from file  - Internal subroutine call returned Error
20220312 064556.225 ERROR            PET0 ESMCI_IO.C:956 ESMCI::IO::close() Unable to close file  - Internal subroutine call returned Error
20220312 064556.225 ERROR            PET0 ESMCI_IO.C:494 ESMCI::IO::write() Unable to read from file  - Internal subroutine call returned Error
20220312 064556.225 ERROR            PET0 ESMCI_Array.C:4093 ESMCI::Array::write() Unable to write to file  - Internal subroutine call returned Error
20220312 064556.225 ERROR            PET0 ESMCI_Array_F.C:801 c_esmc_arraywrite() Unable to write to file  - Internal subroutine call returned Error
20220312 064556.225 ERROR            PET0 ESMF_Array.F90:3994 ESMF_ArrayWrite Unable to write to file  - Internal subroutine call returned Error
20220312 064556.225 INFO             PET0  PASS  Write ESMF_Array with Halo Test overwrite test, ESMF_ArrayIOUTest.F90, line 250
20220312 064556.226 ERROR            PET0 ESMCI_IO_Handler.C:164 ESMCI::IO_Handler::create() Unknown I/O Format
20220312 064556.226 ERROR            PET0 ESMCI_IO.C:469 ESMCI::IO::write() Invalid argument  - Internal subroutine call returned Error
20220312 064556.226 ERROR            PET0 ESMCI_Array.C:4093 ESMCI::Array::write() Invalid argument  - Internal subroutine call returned Error
20220312 064556.226 ERROR            PET0 ESMCI_Array_F.C:801 c_esmc_arraywrite() Invalid argument  - Internal subroutine call returned Error
20220312 064556.226 ERROR            PET0 ESMF_Array.F90:3994 ESMF_ArrayWrite Invalid argument  - Internal subroutine call returned Error
20220312 064556.226 INFO             PET0  PASS  Write ESMF_Array with Halo to binary Test, ESMF_ArrayIOUTest.F90, line 264
20220312 064556.660 INFO             PET0 PIOc_sync Enter - MemInfo: [/proc/meminfo - SSI]	MemTotal:       196434604 kB
20220312 064556.660 INFO             PET0 PIOc_sync Enter - MemInfo: [/proc/meminfo - SSI]	MemFree:        189426236 kB
20220312 064556.660 INFO             PET0 PIOc_sync Enter - MemInfo: [/proc/meminfo - SSI]	MemAvailable:   191160944 kB
20220312 064556.660 INFO             PET0 PIOc_sync Enter - MemInfo: [/proc/meminfo - SSI]	Committed_AS:    2216116 kB
20220312 064556.660 INFO             PET0 PIOc_sync Enter - MemInfo: [/proc/meminfo - SSI]	CommittedPercent: 1.12817 %
20220312 064556.660 INFO             PET0 PIOc_sync Enter - MemInfo: [/proc/self/status]	VmPeak:	 3914024 kB
20220312 064556.660 INFO             PET0 PIOc_sync Enter - MemInfo: [/proc/self/status]	VmSize:	 3914024 kB
20220312 064556.660 INFO             PET0 PIOc_sync Enter - MemInfo: [/proc/self/status]	VmLck:	       0 kB
20220312 064556.660 INFO             PET0 PIOc_sync Enter - MemInfo: [/proc/self/status]	VmPin:	   80252 kB
20220312 064556.661 INFO             PET0 PIOc_sync Enter - MemInfo: [/proc/self/status]	VmHWM:	  181372 kB
20220312 064556.661 INFO             PET0 PIOc_sync Enter - MemInfo: [/proc/self/status]	VmRSS:	  181372 kB
20220312 064556.661 INFO             PET0 PIOc_sync Enter - MemInfo: [/proc/self/status]	VmData:	  216656 kB
20220312 064556.661 INFO             PET0 PIOc_sync Enter - MemInfo: [/proc/self/status]	VmStk:	     524 kB
20220312 064556.661 INFO             PET0 PIOc_sync Enter - MemInfo: [/proc/self/status]	VmExe:	    1900 kB
20220312 064556.661 INFO             PET0 PIOc_sync Enter - MemInfo: [/proc/self/status]	VmLib:	  174348 kB
20220312 064556.661 INFO             PET0 PIOc_sync Enter - MemInfo: [/proc/self/status]	VmPTE:	    1088 kB
20220312 064556.661 INFO             PET0 PIOc_sync Enter - MemInfo: [/proc/self/status]	VmSwap:	       0 kB
20220312 064556.661 INFO             PET0 PIOc_sync Enter - MemInfo: [/proc/self/status]	VmRSSPercent: 0.092332 %
20220312 064556.661 INFO             PET0 PIOc_sync Enter - MemInfo: [malloc] Non-mmapped space allocated:                11448320 Byte
20220312 064556.661 INFO             PET0 PIOc_sync Enter - MemInfo: [malloc] Space allocated in mmapped regions:         84254720 Byte
20220312 064556.661 INFO             PET0 PIOc_sync Enter - MemInfo: [malloc] Maximum total allocated space:                     0 Byte
20220312 064556.661 INFO             PET0 PIOc_sync Enter - MemInfo: [malloc] Space in freed fastbin blocks:                   208 Byte
20220312 064556.661 INFO             PET0 PIOc_sync Enter - MemInfo: [malloc] Total allocated space:                      11323936 Byte
20220312 064556.661 INFO             PET0 PIOc_sync Enter - MemInfo: [malloc] Total free space:                             124384 Byte
20220312 064556.661 INFO             PET0 PIOc_sync Enter - MemInfo: [malloc] Top-most, releasable space:                   123104 Byte
20220312 064556.661 INFO             PET0 PIOc_sync Enter - MemInfo: [malloc] Total space in use, mmap + non-mmap:        95578656 Byte
20220312 064556.661 INFO             PET0 PIOc_sync Enter - MemInfo: [malloc] Total space held (mmap + non-mmap):         95703040 Byte
20220312 064556.661 INFO             PET0 PIOc_sync Enter - MemInfo: [malloc] Total space used (mmap + non-mmap):         95588032 Byte
20220312 064556.661 INFO             PET0 PIOc_sync Enter - MemInfo: Wall-clock time since execution start:                1.97404 seconds
20220312 064556.687 INFO             PET0 PIOc_sync Exit - MemInfo: [/proc/meminfo - SSI]	MemTotal:       196434604 kB
20220312 064556.687 INFO             PET0 PIOc_sync Exit - MemInfo: [/proc/meminfo - SSI]	MemFree:        189425616 kB
20220312 064556.687 INFO             PET0 PIOc_sync Exit - MemInfo: [/proc/meminfo - SSI]	MemAvailable:   191160324 kB
20220312 064556.687 INFO             PET0 PIOc_sync Exit - MemInfo: [/proc/meminfo - SSI]	Committed_AS:    2216116 kB
20220312 064556.687 INFO             PET0 PIOc_sync Exit - MemInfo: [/proc/meminfo - SSI]	CommittedPercent: 1.12817 %
20220312 064556.687 INFO             PET0 PIOc_sync Exit - MemInfo: [/proc/self/status]	VmPeak:	 3914024 kB
20220312 064556.687 INFO             PET0 PIOc_sync Exit - MemInfo: [/proc/self/status]	VmSize:	 3914024 kB
20220312 064556.688 INFO             PET0 PIOc_sync Exit - MemInfo: [/proc/self/status]	VmLck:	       0 kB
20220312 064556.688 INFO             PET0 PIOc_sync Exit - MemInfo: [/proc/self/status]	VmPin:	   80252 kB
20220312 064556.688 INFO             PET0 PIOc_sync Exit - MemInfo: [/proc/self/status]	VmHWM:	  181436 kB
20220312 064556.688 INFO             PET0 PIOc_sync Exit - MemInfo: [/proc/self/status]	VmRSS:	  181436 kB
20220312 064556.688 INFO             PET0 PIOc_sync Exit - MemInfo: [/proc/self/status]	VmData:	  216656 kB
20220312 064556.688 INFO             PET0 PIOc_sync Exit - MemInfo: [/proc/self/status]	VmStk:	     524 kB
20220312 064556.688 INFO             PET0 PIOc_sync Exit - MemInfo: [/proc/self/status]	VmExe:	    1900 kB
20220312 064556.688 INFO             PET0 PIOc_sync Exit - MemInfo: [/proc/self/status]	VmLib:	  174348 kB
20220312 064556.688 INFO             PET0 PIOc_sync Exit - MemInfo: [/proc/self/status]	VmPTE:	    1088 kB
20220312 064556.688 INFO             PET0 PIOc_sync Exit - MemInfo: [/proc/self/status]	VmSwap:	       0 kB
20220312 064556.688 INFO             PET0 PIOc_sync Exit - MemInfo: [/proc/self/status]	VmRSSPercent: 0.0923646 %
20220312 064556.688 INFO             PET0 PIOc_sync Exit - MemInfo: [malloc] Non-mmapped space allocated:                11448320 Byte
20220312 064556.688 INFO             PET0 PIOc_sync Exit - MemInfo: [malloc] Space allocated in mmapped regions:         84254720 Byte
20220312 064556.688 INFO             PET0 PIOc_sync Exit - MemInfo: [malloc] Maximum total allocated space:                     0 Byte
20220312 064556.688 INFO             PET0 PIOc_sync Exit - MemInfo: [malloc] Space in freed fastbin blocks:                   240 Byte
20220312 064556.688 INFO             PET0 PIOc_sync Exit - MemInfo: [malloc] Total allocated space:                      11323136 Byte
20220312 064556.688 INFO             PET0 PIOc_sync Exit - MemInfo: [malloc] Total free space:                             125184 Byte
20220312 064556.688 INFO             PET0 PIOc_sync Exit - MemInfo: [malloc] Top-most, releasable space:                   123104 Byte
20220312 064556.688 INFO             PET0 PIOc_sync Exit - MemInfo: [malloc] Total space in use, mmap + non-mmap:        95577856 Byte
20220312 064556.688 INFO             PET0 PIOc_sync Exit - MemInfo: [malloc] Total space held (mmap + non-mmap):         95703040 Byte
20220312 064556.688 INFO             PET0 PIOc_sync Exit - MemInfo: [malloc] Total space used (mmap + non-mmap):         95587232 Byte
20220312 064556.688 INFO             PET0 PIOc_sync Exit - MemInfo: Wall-clock time since execution start:                2.00099 seconds
20220312 064556.694 INFO             PET0 PIOc_freedecomp Enter - MemInfo: [/proc/meminfo - SSI]	MemTotal:       196434604 kB
20220312 064556.694 INFO             PET0 PIOc_freedecomp Enter - MemInfo: [/proc/meminfo - SSI]	MemFree:        189425616 kB
20220312 064556.694 INFO             PET0 PIOc_freedecomp Enter - MemInfo: [/proc/meminfo - SSI]	MemAvailable:   191160324 kB
20220312 064556.694 INFO             PET0 PIOc_freedecomp Enter - MemInfo: [/proc/meminfo - SSI]	Committed_AS:    2216116 kB
20220312 064556.694 INFO             PET0 PIOc_freedecomp Enter - MemInfo: [/proc/meminfo - SSI]	CommittedPercent: 1.12817 %
20220312 064556.694 INFO             PET0 PIOc_freedecomp Enter - MemInfo: [/proc/self/status]	VmPeak:	 3914024 kB
20220312 064556.694 INFO             PET0 PIOc_freedecomp Enter - MemInfo: [/proc/self/status]	VmSize:	 3914024 kB
20220312 064556.694 INFO             PET0 PIOc_freedecomp Enter - MemInfo: [/proc/self/status]	VmLck:	       0 kB
20220312 064556.694 INFO             PET0 PIOc_freedecomp Enter - MemInfo: [/proc/self/status]	VmPin:	   80252 kB
20220312 064556.695 INFO             PET0 PIOc_freedecomp Enter - MemInfo: [/proc/self/status]	VmHWM:	  181436 kB
20220312 064556.695 INFO             PET0 PIOc_freedecomp Enter - MemInfo: [/proc/self/status]	VmRSS:	  181436 kB
20220312 064556.695 INFO             PET0 PIOc_freedecomp Enter - MemInfo: [/proc/self/status]	VmData:	  216656 kB
20220312 064556.695 INFO             PET0 PIOc_freedecomp Enter - MemInfo: [/proc/self/status]	VmStk:	     524 kB
20220312 064556.695 INFO             PET0 PIOc_freedecomp Enter - MemInfo: [/proc/self/status]	VmExe:	    1900 kB
20220312 064556.695 INFO             PET0 PIOc_freedecomp Enter - MemInfo: [/proc/self/status]	VmLib:	  174348 kB
20220312 064556.695 INFO             PET0 PIOc_freedecomp Enter - MemInfo: [/proc/self/status]	VmPTE:	    1088 kB
20220312 064556.695 INFO             PET0 PIOc_freedecomp Enter - MemInfo: [/proc/self/status]	VmSwap:	       0 kB
20220312 064556.695 INFO             PET0 PIOc_freedecomp Enter - MemInfo: [/proc/self/status]	VmRSSPercent: 0.0923646 %
20220312 064556.695 INFO             PET0 PIOc_freedecomp Enter - MemInfo: [malloc] Non-mmapped space allocated:                11448320 Byte
20220312 064556.695 INFO             PET0 PIOc_freedecomp Enter - MemInfo: [malloc] Space allocated in mmapped regions:         84254720 Byte
20220312 064556.695 INFO             PET0 PIOc_freedecomp Enter - MemInfo: [malloc] Maximum total allocated space:                     0 Byte
20220312 064556.695 INFO             PET0 PIOc_freedecomp Enter - MemInfo: [malloc] Space in freed fastbin blocks:                   608 Byte
20220312 064556.695 INFO             PET0 PIOc_freedecomp Enter - MemInfo: [malloc] Total allocated space:                       2396864 Byte
20220312 064556.695 INFO             PET0 PIOc_freedecomp Enter - MemInfo: [malloc] Total free space:                            9051456 Byte
20220312 064556.695 INFO             PET0 PIOc_freedecomp Enter - MemInfo: [malloc] Top-most, releasable space:                  9046528 Byte
20220312 064556.695 INFO             PET0 PIOc_freedecomp Enter - MemInfo: [malloc] Total space in use, mmap + non-mmap:        86651584 Byte
20220312 064556.695 INFO             PET0 PIOc_freedecomp Enter - MemInfo: [malloc] Total space held (mmap + non-mmap):         95703040 Byte
20220312 064556.695 INFO             PET0 PIOc_freedecomp Enter - MemInfo: [malloc] Total space used (mmap + non-mmap):         86660976 Byte
20220312 064556.695 INFO             PET0 PIOc_freedecomp Enter - MemInfo: Wall-clock time since execution start:                2.00795 seconds
20220312 064556.695 INFO             PET0 PIOc_freedecomp Exit - MemInfo: [/proc/meminfo - SSI]	MemTotal:       196434604 kB
20220312 064556.695 INFO             PET0 PIOc_freedecomp Exit - MemInfo: [/proc/meminfo - SSI]	MemFree:        189425616 kB
20220312 064556.695 INFO             PET0 PIOc_freedecomp Exit - MemInfo: [/proc/meminfo - SSI]	MemAvailable:   191160324 kB
20220312 064556.695 INFO             PET0 PIOc_freedecomp Exit - MemInfo: [/proc/meminfo - SSI]	Committed_AS:    2216116 kB
20220312 064556.695 INFO             PET0 PIOc_freedecomp Exit - MemInfo: [/proc/meminfo - SSI]	CommittedPercent: 1.12817 %
20220312 064556.695 INFO             PET0 PIOc_freedecomp Exit - MemInfo: [/proc/self/status]	VmPeak:	 3914024 kB
20220312 064556.695 INFO             PET0 PIOc_freedecomp Exit - MemInfo: [/proc/self/status]	VmSize:	 3914024 kB
20220312 064556.695 INFO             PET0 PIOc_freedecomp Exit - MemInfo: [/proc/self/status]	VmLck:	       0 kB
20220312 064556.695 INFO             PET0 PIOc_freedecomp Exit - MemInfo: [/proc/self/status]	VmPin:	   80252 kB
20220312 064556.695 INFO             PET0 PIOc_freedecomp Exit - MemInfo: [/proc/self/status]	VmHWM:	  181436 kB
20220312 064556.695 INFO             PET0 PIOc_freedecomp Exit - MemInfo: [/proc/self/status]	VmRSS:	  181436 kB
20220312 064556.695 INFO             PET0 PIOc_freedecomp Exit - MemInfo: [/proc/self/status]	VmData:	  216656 kB
20220312 064556.695 INFO             PET0 PIOc_freedecomp Exit - MemInfo: [/proc/self/status]	VmStk:	     524 kB
20220312 064556.695 INFO             PET0 PIOc_freedecomp Exit - MemInfo: [/proc/self/status]	VmExe:	    1900 kB
20220312 064556.695 INFO             PET0 PIOc_freedecomp Exit - MemInfo: [/proc/self/status]	VmLib:	  174348 kB
20220312 064556.695 INFO             PET0 PIOc_freedecomp Exit - MemInfo: [/proc/self/status]	VmPTE:	    1088 kB
20220312 064556.695 INFO             PET0 PIOc_freedecomp Exit - MemInfo: [/proc/self/status]	VmSwap:	       0 kB
20220312 064556.695 INFO             PET0 PIOc_freedecomp Exit - MemInfo: [/proc/self/status]	VmRSSPercent: 0.0923646 %
20220312 064556.695 INFO             PET0 PIOc_freedecomp Exit - MemInfo: [malloc] Non-mmapped space allocated:                11448320 Byte
20220312 064556.695 INFO             PET0 PIOc_freedecomp Exit - MemInfo: [malloc] Space allocated in mmapped regions:         84254720 Byte
20220312 064556.695 INFO             PET0 PIOc_freedecomp Exit - MemInfo: [malloc] Maximum total allocated space:                     0 Byte
20220312 064556.695 INFO             PET0 PIOc_freedecomp Exit - MemInfo: [malloc] Space in freed fastbin blocks:                   784 Byte
20220312 064556.695 INFO             PET0 PIOc_freedecomp Exit - MemInfo: [malloc] Total allocated space:                       2394096 Byte
20220312 064556.696 INFO             PET0 PIOc_freedecomp Exit - MemInfo: [malloc] Total free space:                            9054224 Byte
20220312 064556.696 INFO             PET0 PIOc_freedecomp Exit - MemInfo: [malloc] Top-most, releasable space:                  9046528 Byte
20220312 064556.696 INFO             PET0 PIOc_freedecomp Exit - MemInfo: [malloc] Total space in use, mmap + non-mmap:        86648816 Byte
20220312 064556.696 INFO             PET0 PIOc_freedecomp Exit - MemInfo: [malloc] Total space held (mmap + non-mmap):         95703040 Byte
20220312 064556.696 INFO             PET0 PIOc_freedecomp Exit - MemInfo: [malloc] Total space used (mmap + non-mmap):         86658192 Byte
20220312 064556.696 INFO             PET0 PIOc_freedecomp Exit - MemInfo: Wall-clock time since execution start:                2.00871 seconds
20220312 064556.696 INFO             PET0  PASS  Write ESMF_Array without Halo to NetCDF Test, ESMF_ArrayIOUTest.F90, line 274
20220312 064556.696 INFO             PET0  PASS  Create Array without Halo for PIO Read, ESMF_ArrayIOUTest.F90, line 288
20220312 064556.699 INFO             PET0  PASS  Create Array with Halo for PIO Read, ESMF_ArrayIOUTest.F90, line 299
20220312 064556.703 INFO             PET0  PASS  Create Array with Halo for PIO Read, ESMF_ArrayIOUTest.F90, line 309
20220312 064556.905 WARNING          PET0 ESMCI_PIO_Handler.C:1344 ESMCI::PIO_Handler::open()  Unable to set fill on file: file3D_wouthalo.nc, (PIO/NetCDF error = NetCDF: Write to read only)
20220312 064557.103 INFO             PET0 PIOc_sync Enter - MemInfo: [/proc/meminfo - SSI]	MemTotal:       196434604 kB
20220312 064557.103 INFO             PET0 PIOc_sync Enter - MemInfo: [/proc/meminfo - SSI]	MemFree:        189425616 kB
20220312 064557.103 INFO             PET0 PIOc_sync Enter - MemInfo: [/proc/meminfo - SSI]	MemAvailable:   191160828 kB
20220312 064557.103 INFO             PET0 PIOc_sync Enter - MemInfo: [/proc/meminfo - SSI]	Committed_AS:    2216116 kB
20220312 064557.103 INFO             PET0 PIOc_sync Enter - MemInfo: [/proc/meminfo - SSI]	CommittedPercent: 1.12817 %
20220312 064557.103 INFO             PET0 PIOc_sync Enter - MemInfo: [/proc/self/status]	VmPeak:	 3914028 kB
20220312 064557.104 INFO             PET0 PIOc_sync Enter - MemInfo: [/proc/self/status]	VmSize:	 3914024 kB
20220312 064557.104 INFO             PET0 PIOc_sync Enter - MemInfo: [/proc/self/status]	VmLck:	       0 kB
20220312 064557.104 INFO             PET0 PIOc_sync Enter - MemInfo: [/proc/self/status]	VmPin:	   80252 kB
20220312 064557.104 INFO             PET0 PIOc_sync Enter - MemInfo: [/proc/self/status]	VmHWM:	  181616 kB
20220312 064557.104 INFO             PET0 PIOc_sync Enter - MemInfo: [/proc/self/status]	VmRSS:	  181616 kB
20220312 064557.104 INFO             PET0 PIOc_sync Enter - MemInfo: [/proc/self/status]	VmData:	  216656 kB
20220312 064557.104 INFO             PET0 PIOc_sync Enter - MemInfo: [/proc/self/status]	VmStk:	     524 kB
20220312 064557.104 INFO             PET0 PIOc_sync Enter - MemInfo: [/proc/self/status]	VmExe:	    1900 kB
20220312 064557.104 INFO             PET0 PIOc_sync Enter - MemInfo: [/proc/self/status]	VmLib:	  174348 kB
20220312 064557.104 INFO             PET0 PIOc_sync Enter - MemInfo: [/proc/self/status]	VmPTE:	    1088 kB
20220312 064557.104 INFO             PET0 PIOc_sync Enter - MemInfo: [/proc/self/status]	VmSwap:	       0 kB
20220312 064557.104 INFO             PET0 PIOc_sync Enter - MemInfo: [/proc/self/status]	VmRSSPercent: 0.0924562 %
20220312 064557.104 INFO             PET0 PIOc_sync Enter - MemInfo: [malloc] Non-mmapped space allocated:                11448320 Byte
20220312 064557.104 INFO             PET0 PIOc_sync Enter - MemInfo: [malloc] Space allocated in mmapped regions:         84254720 Byte
20220312 064557.104 INFO             PET0 PIOc_sync Enter - MemInfo: [malloc] Maximum total allocated space:                     0 Byte
20220312 064557.104 INFO             PET0 PIOc_sync Enter - MemInfo: [malloc] Space in freed fastbin blocks:                   336 Byte
20220312 064557.104 INFO             PET0 PIOc_sync Enter - MemInfo: [malloc] Total allocated space:                      11356480 Byte
20220312 064557.104 INFO             PET0 PIOc_sync Enter - MemInfo: [malloc] Total free space:                              91840 Byte
20220312 064557.104 INFO             PET0 PIOc_sync Enter - MemInfo: [malloc] Top-most, releasable space:                    90112 Byte
20220312 064557.104 INFO             PET0 PIOc_sync Enter - MemInfo: [malloc] Total space in use, mmap + non-mmap:        95611200 Byte
20220312 064557.104 INFO             PET0 PIOc_sync Enter - MemInfo: [malloc] Total space held (mmap + non-mmap):         95703040 Byte
20220312 064557.104 INFO             PET0 PIOc_sync Enter - MemInfo: [malloc] Total space used (mmap + non-mmap):         95620592 Byte
20220312 064557.104 INFO             PET0 PIOc_sync Enter - MemInfo: Wall-clock time since execution start:                2.41605 seconds
20220312 064557.104 INFO             PET0 PIOc_sync Exit - MemInfo: [/proc/meminfo - SSI]	MemTotal:       196434604 kB
20220312 064557.104 INFO             PET0 PIOc_sync Exit - MemInfo: [/proc/meminfo - SSI]	MemFree:        189425616 kB
20220312 064557.104 INFO             PET0 PIOc_sync Exit - MemInfo: [/proc/meminfo - SSI]	MemAvailable:   191160828 kB
20220312 064557.104 INFO             PET0 PIOc_sync Exit - MemInfo: [/proc/meminfo - SSI]	Committed_AS:    2216116 kB
20220312 064557.104 INFO             PET0 PIOc_sync Exit - MemInfo: [/proc/meminfo - SSI]	CommittedPercent: 1.12817 %
20220312 064557.104 INFO             PET0 PIOc_sync Exit - MemInfo: [/proc/self/status]	VmPeak:	 3914028 kB
20220312 064557.104 INFO             PET0 PIOc_sync Exit - MemInfo: [/proc/self/status]	VmSize:	 3914024 kB
20220312 064557.104 INFO             PET0 PIOc_sync Exit - MemInfo: [/proc/self/status]	VmLck:	       0 kB
20220312 064557.104 INFO             PET0 PIOc_sync Exit - MemInfo: [/proc/self/status]	VmPin:	   80252 kB
20220312 064557.104 INFO             PET0 PIOc_sync Exit - MemInfo: [/proc/self/status]	VmHWM:	  181624 kB
20220312 064557.104 INFO             PET0 PIOc_sync Exit - MemInfo: [/proc/self/status]	VmRSS:	  181624 kB
20220312 064557.104 INFO             PET0 PIOc_sync Exit - MemInfo: [/proc/self/status]	VmData:	  216656 kB
20220312 064557.104 INFO             PET0 PIOc_sync Exit - MemInfo: [/proc/self/status]	VmStk:	     524 kB
20220312 064557.104 INFO             PET0 PIOc_sync Exit - MemInfo: [/proc/self/status]	VmExe:	    1900 kB
20220312 064557.104 INFO             PET0 PIOc_sync Exit - MemInfo: [/proc/self/status]	VmLib:	  174348 kB
20220312 064557.104 INFO             PET0 PIOc_sync Exit - MemInfo: [/proc/self/status]	VmPTE:	    1088 kB
20220312 064557.104 INFO             PET0 PIOc_sync Exit - MemInfo: [/proc/self/status]	VmSwap:	       0 kB
20220312 064557.104 INFO             PET0 PIOc_sync Exit - MemInfo: [/proc/self/status]	VmRSSPercent: 0.0924603 %
20220312 064557.105 INFO             PET0 PIOc_sync Exit - MemInfo: [malloc] Non-mmapped space allocated:                11448320 Byte
20220312 064557.105 INFO             PET0 PIOc_sync Exit - MemInfo: [malloc] Space allocated in mmapped regions:         84254720 Byte
20220312 064557.105 INFO             PET0 PIOc_sync Exit - MemInfo: [malloc] Maximum total allocated space:                     0 Byte
20220312 064557.105 INFO             PET0 PIOc_sync Exit - MemInfo: [malloc] Space in freed fastbin blocks:                   368 Byte
20220312 064557.105 INFO             PET0 PIOc_sync Exit - MemInfo: [malloc] Total allocated space:                      11356480 Byte
20220312 064557.105 INFO             PET0 PIOc_sync Exit - MemInfo: [malloc] Total free space:                              91840 Byte
20220312 064557.105 INFO             PET0 PIOc_sync Exit - MemInfo: [malloc] Top-most, releasable space:                    90112 Byte
20220312 064557.105 INFO             PET0 PIOc_sync Exit - MemInfo: [malloc] Total space in use, mmap + non-mmap:        95611200 Byte
20220312 064557.105 INFO             PET0 PIOc_sync Exit - MemInfo: [malloc] Total space held (mmap + non-mmap):         95703040 Byte
20220312 064557.105 INFO             PET0 PIOc_sync Exit - MemInfo: [malloc] Total space used (mmap + non-mmap):         95620592 Byte
20220312 064557.105 INFO             PET0 PIOc_sync Exit - MemInfo: Wall-clock time since execution start:                2.41683 seconds
20220312 064557.105 INFO             PET0 PIOc_freedecomp Enter - MemInfo: [/proc/meminfo - SSI]	MemTotal:       196434604 kB
20220312 064557.105 INFO             PET0 PIOc_freedecomp Enter - MemInfo: [/proc/meminfo - SSI]	MemFree:        189425616 kB
20220312 064557.105 INFO             PET0 PIOc_freedecomp Enter - MemInfo: [/proc/meminfo - SSI]	MemAvailable:   191160828 kB
20220312 064557.105 INFO             PET0 PIOc_freedecomp Enter - MemInfo: [/proc/meminfo - SSI]	Committed_AS:    2216116 kB
20220312 064557.105 INFO             PET0 PIOc_freedecomp Enter - MemInfo: [/proc/meminfo - SSI]	CommittedPercent: 1.12817 %
20220312 064557.105 INFO             PET0 PIOc_freedecomp Enter - MemInfo: [/proc/self/status]	VmPeak:	 3914028 kB
20220312 064557.105 INFO             PET0 PIOc_freedecomp Enter - MemInfo: [/proc/self/status]	VmSize:	 3914024 kB
20220312 064557.105 INFO             PET0 PIOc_freedecomp Enter - MemInfo: [/proc/self/status]	VmLck:	       0 kB
20220312 064557.105 INFO             PET0 PIOc_freedecomp Enter - MemInfo: [/proc/self/status]	VmPin:	   80252 kB
20220312 064557.105 INFO             PET0 PIOc_freedecomp Enter - MemInfo: [/proc/self/status]	VmHWM:	  181624 kB
20220312 064557.105 INFO             PET0 PIOc_freedecomp Enter - MemInfo: [/proc/self/status]	VmRSS:	  181624 kB
20220312 064557.105 INFO             PET0 PIOc_freedecomp Enter - MemInfo: [/proc/self/status]	VmData:	  216656 kB
20220312 064557.105 INFO             PET0 PIOc_freedecomp Enter - MemInfo: [/proc/self/status]	VmStk:	     524 kB
20220312 064557.105 INFO             PET0 PIOc_freedecomp Enter - MemInfo: [/proc/self/status]	VmExe:	    1900 kB
20220312 064557.105 INFO             PET0 PIOc_freedecomp Enter - MemInfo: [/proc/self/status]	VmLib:	  174348 kB
20220312 064557.105 INFO             PET0 PIOc_freedecomp Enter - MemInfo: [/proc/self/status]	VmPTE:	    1088 kB
20220312 064557.105 INFO             PET0 PIOc_freedecomp Enter - MemInfo: [/proc/self/status]	VmSwap:	       0 kB
20220312 064557.106 INFO             PET0 PIOc_freedecomp Enter - MemInfo: [/proc/self/status]	VmRSSPercent: 0.0924603 %
20220312 064557.106 INFO             PET0 PIOc_freedecomp Enter - MemInfo: [malloc] Non-mmapped space allocated:                11448320 Byte
20220312 064557.106 INFO             PET0 PIOc_freedecomp Enter - MemInfo: [malloc] Space allocated in mmapped regions:         84254720 Byte
20220312 064557.106 INFO             PET0 PIOc_freedecomp Enter - MemInfo: [malloc] Maximum total allocated space:                     0 Byte
20220312 064557.106 INFO             PET0 PIOc_freedecomp Enter - MemInfo: [malloc] Space in freed fastbin blocks:                   528 Byte
20220312 064557.106 INFO             PET0 PIOc_freedecomp Enter - MemInfo: [malloc] Total allocated space:                       2430256 Byte
20220312 064557.106 INFO             PET0 PIOc_freedecomp Enter - MemInfo: [malloc] Total free space:                            9018064 Byte
20220312 064557.106 INFO             PET0 PIOc_freedecomp Enter - MemInfo: [malloc] Top-most, releasable space:                    90112 Byte
20220312 064557.106 INFO             PET0 PIOc_freedecomp Enter - MemInfo: [malloc] Total space in use, mmap + non-mmap:        86684976 Byte
20220312 064557.106 INFO             PET0 PIOc_freedecomp Enter - MemInfo: [malloc] Total space held (mmap + non-mmap):         95703040 Byte
20220312 064557.106 INFO             PET0 PIOc_freedecomp Enter - MemInfo: [malloc] Total space used (mmap + non-mmap):         86694352 Byte
20220312 064557.106 INFO             PET0 PIOc_freedecomp Enter - MemInfo: Wall-clock time since execution start:                2.41785 seconds
20220312 064557.106 INFO             PET0 PIOc_freedecomp Exit - MemInfo: [/proc/meminfo - SSI]	MemTotal:       196434604 kB
20220312 064557.106 INFO             PET0 PIOc_freedecomp Exit - MemInfo: [/proc/meminfo - SSI]	MemFree:        189425616 kB
20220312 064557.106 INFO             PET0 PIOc_freedecomp Exit - MemInfo: [/proc/meminfo - SSI]	MemAvailable:   191160828 kB
20220312 064557.106 INFO             PET0 PIOc_freedecomp Exit - MemInfo: [/proc/meminfo - SSI]	Committed_AS:    2216116 kB
20220312 064557.106 INFO             PET0 PIOc_freedecomp Exit - MemInfo: [/proc/meminfo - SSI]	CommittedPercent: 1.12817 %
20220312 064557.106 INFO             PET0 PIOc_freedecomp Exit - MemInfo: [/proc/self/status]	VmPeak:	 3914028 kB
20220312 064557.106 INFO             PET0 PIOc_freedecomp Exit - MemInfo: [/proc/self/status]	VmSize:	 3914024 kB
20220312 064557.106 INFO             PET0 PIOc_freedecomp Exit - MemInfo: [/proc/self/status]	VmLck:	       0 kB
20220312 064557.106 INFO             PET0 PIOc_freedecomp Exit - MemInfo: [/proc/self/status]	VmPin:	   80252 kB
20220312 064557.106 INFO             PET0 PIOc_freedecomp Exit - MemInfo: [/proc/self/status]	VmHWM:	  181624 kB
20220312 064557.106 INFO             PET0 PIOc_freedecomp Exit - MemInfo: [/proc/self/status]	VmRSS:	  181624 kB
20220312 064557.106 INFO             PET0 PIOc_freedecomp Exit - MemInfo: [/proc/self/status]	VmData:	  216656 kB
20220312 064557.106 INFO             PET0 PIOc_freedecomp Exit - MemInfo: [/proc/self/status]	VmStk:	     524 kB
20220312 064557.106 INFO             PET0 PIOc_freedecomp Exit - MemInfo: [/proc/self/status]	VmExe:	    1900 kB
20220312 064557.106 INFO             PET0 PIOc_freedecomp Exit - MemInfo: [/proc/self/status]	VmLib:	  174348 kB
20220312 064557.106 INFO             PET0 PIOc_freedecomp Exit - MemInfo: [/proc/self/status]	VmPTE:	    1088 kB
20220312 064557.106 INFO             PET0 PIOc_freedecomp Exit - MemInfo: [/proc/self/status]	VmSwap:	       0 kB
20220312 064557.106 INFO             PET0 PIOc_freedecomp Exit - MemInfo: [/proc/self/status]	VmRSSPercent: 0.0924603 %
20220312 064557.106 INFO             PET0 PIOc_freedecomp Exit - MemInfo: [malloc] Non-mmapped space allocated:                11448320 Byte
20220312 064557.106 INFO             PET0 PIOc_freedecomp Exit - MemInfo: [malloc] Space allocated in mmapped regions:         84254720 Byte
20220312 064557.106 INFO             PET0 PIOc_freedecomp Exit - MemInfo: [malloc] Maximum total allocated space:                     0 Byte
20220312 064557.106 INFO             PET0 PIOc_freedecomp Exit - MemInfo: [malloc] Space in freed fastbin blocks:                   352 Byte
20220312 064557.106 INFO             PET0 PIOc_freedecomp Exit - MemInfo: [malloc] Total allocated space:                       2427520 Byte
20220312 064557.106 INFO             PET0 PIOc_freedecomp Exit - MemInfo: [malloc] Total free space:                            9020800 Byte
20220312 064557.106 INFO             PET0 PIOc_freedecomp Exit - MemInfo: [malloc] Top-most, releasable space:                  9015680 Byte
20220312 064557.106 INFO             PET0 PIOc_freedecomp Exit - MemInfo: [malloc] Total space in use, mmap + non-mmap:        86682240 Byte
20220312 064557.106 INFO             PET0 PIOc_freedecomp Exit - MemInfo: [malloc] Total space held (mmap + non-mmap):         95703040 Byte
20220312 064557.107 INFO             PET0 PIOc_freedecomp Exit - MemInfo: [malloc] Total space used (mmap + non-mmap):         86691616 Byte
20220312 064557.107 INFO             PET0 PIOc_freedecomp Exit - MemInfo: Wall-clock time since execution start:                2.41863 seconds
20220312 064557.107 INFO             PET0  PASS  Read ESMF_Array without Halo from NetCDF file Test, ESMF_ArrayIOUTest.F90, line 330
20220312 064557.107 INFO             PET0  PASS  Compare read in data to the existing data - 3D without halo, ESMF_ArrayIOUTest.F90, line 353
20220312 064557.339 WARNING          PET0 ESMCI_PIO_Handler.C:1344 ESMCI::PIO_Handler::open()  Unable to set fill on file: file3D_withhalo.nc, (PIO/NetCDF error = NetCDF: Write to read only)
20220312 064557.590 INFO             PET0 PIOc_sync Enter - MemInfo: [/proc/meminfo - SSI]	MemTotal:       196434604 kB
20220312 064557.590 INFO             PET0 PIOc_sync Enter - MemInfo: [/proc/meminfo - SSI]	MemFree:        189425568 kB
20220312 064557.590 INFO             PET0 PIOc_sync Enter - MemInfo: [/proc/meminfo - SSI]	MemAvailable:   191160824 kB
20220312 064557.590 INFO             PET0 PIOc_sync Enter - MemInfo: [/proc/meminfo - SSI]	Committed_AS:    2215972 kB
20220312 064557.590 INFO             PET0 PIOc_sync Enter - MemInfo: [/proc/meminfo - SSI]	CommittedPercent: 1.1281 %
20220312 064557.591 INFO             PET0 PIOc_sync Enter - MemInfo: [/proc/self/status]	VmPeak:	 3914028 kB
20220312 064557.591 INFO             PET0 PIOc_sync Enter - MemInfo: [/proc/self/status]	VmSize:	 3914024 kB
20220312 064557.591 INFO             PET0 PIOc_sync Enter - MemInfo: [/proc/self/status]	VmLck:	       0 kB
20220312 064557.591 INFO             PET0 PIOc_sync Enter - MemInfo: [/proc/self/status]	VmPin:	   80252 kB
20220312 064557.591 INFO             PET0 PIOc_sync Enter - MemInfo: [/proc/self/status]	VmHWM:	  181764 kB
20220312 064557.591 INFO             PET0 PIOc_sync Enter - MemInfo: [/proc/self/status]	VmRSS:	  181764 kB
20220312 064557.591 INFO             PET0 PIOc_sync Enter - MemInfo: [/proc/self/status]	VmData:	  216656 kB
20220312 064557.591 INFO             PET0 PIOc_sync Enter - MemInfo: [/proc/self/status]	VmStk:	     524 kB
20220312 064557.591 INFO             PET0 PIOc_sync Enter - MemInfo: [/proc/self/status]	VmExe:	    1900 kB
20220312 064557.591 INFO             PET0 PIOc_sync Enter - MemInfo: [/proc/self/status]	VmLib:	  174348 kB
20220312 064557.591 INFO             PET0 PIOc_sync Enter - MemInfo: [/proc/self/status]	VmPTE:	    1088 kB
20220312 064557.591 INFO             PET0 PIOc_sync Enter - MemInfo: [/proc/self/status]	VmSwap:	       0 kB
20220312 064557.591 INFO             PET0 PIOc_sync Enter - MemInfo: [/proc/self/status]	VmRSSPercent: 0.0925316 %
20220312 064557.591 INFO             PET0 PIOc_sync Enter - MemInfo: [malloc] Non-mmapped space allocated:                11448320 Byte
20220312 064557.591 INFO             PET0 PIOc_sync Enter - MemInfo: [malloc] Space allocated in mmapped regions:         84254720 Byte
20220312 064557.591 INFO             PET0 PIOc_sync Enter - MemInfo: [malloc] Maximum total allocated space:                     0 Byte
20220312 064557.591 INFO             PET0 PIOc_sync Enter - MemInfo: [malloc] Space in freed fastbin blocks:                   688 Byte
20220312 064557.591 INFO             PET0 PIOc_sync Enter - MemInfo: [malloc] Total allocated space:                      11368704 Byte
20220312 064557.591 INFO             PET0 PIOc_sync Enter - MemInfo: [malloc] Total free space:                              79616 Byte
20220312 064557.591 INFO             PET0 PIOc_sync Enter - MemInfo: [malloc] Top-most, releasable space:                    57312 Byte
20220312 064557.591 INFO             PET0 PIOc_sync Enter - MemInfo: [malloc] Total space in use, mmap + non-mmap:        95623424 Byte
20220312 064557.591 INFO             PET0 PIOc_sync Enter - MemInfo: [malloc] Total space held (mmap + non-mmap):         95703040 Byte
20220312 064557.591 INFO             PET0 PIOc_sync Enter - MemInfo: [malloc] Total space used (mmap + non-mmap):         95632816 Byte
20220312 064557.591 INFO             PET0 PIOc_sync Enter - MemInfo: Wall-clock time since execution start:                2.90188 seconds
20220312 064557.591 INFO             PET0 PIOc_sync Exit - MemInfo: [/proc/meminfo - SSI]	MemTotal:       196434604 kB
20220312 064557.591 INFO             PET0 PIOc_sync Exit - MemInfo: [/proc/meminfo - SSI]	MemFree:        189425568 kB
20220312 064557.591 INFO             PET0 PIOc_sync Exit - MemInfo: [/proc/meminfo - SSI]	MemAvailable:   191160824 kB
20220312 064557.591 INFO             PET0 PIOc_sync Exit - MemInfo: [/proc/meminfo - SSI]	Committed_AS:    2215972 kB
20220312 064557.591 INFO             PET0 PIOc_sync Exit - MemInfo: [/proc/meminfo - SSI]	CommittedPercent: 1.1281 %
20220312 064557.591 INFO             PET0 PIOc_sync Exit - MemInfo: [/proc/self/status]	VmPeak:	 3914028 kB
20220312 064557.591 INFO             PET0 PIOc_sync Exit - MemInfo: [/proc/self/status]	VmSize:	 3914024 kB
20220312 064557.591 INFO             PET0 PIOc_sync Exit - MemInfo: [/proc/self/status]	VmLck:	       0 kB
20220312 064557.591 INFO             PET0 PIOc_sync Exit - MemInfo: [/proc/self/status]	VmPin:	   80252 kB
20220312 064557.591 INFO             PET0 PIOc_sync Exit - MemInfo: [/proc/self/status]	VmHWM:	  181764 kB
20220312 064557.591 INFO             PET0 PIOc_sync Exit - MemInfo: [/proc/self/status]	VmRSS:	  181764 kB
20220312 064557.591 INFO             PET0 PIOc_sync Exit - MemInfo: [/proc/self/status]	VmData:	  216656 kB
20220312 064557.591 INFO             PET0 PIOc_sync Exit - MemInfo: [/proc/self/status]	VmStk:	     524 kB
20220312 064557.591 INFO             PET0 PIOc_sync Exit - MemInfo: [/proc/self/status]	VmExe:	    1900 kB
20220312 064557.591 INFO             PET0 PIOc_sync Exit - MemInfo: [/proc/self/status]	VmLib:	  174348 kB
20220312 064557.591 INFO             PET0 PIOc_sync Exit - MemInfo: [/proc/self/status]	VmPTE:	    1088 kB
20220312 064557.591 INFO             PET0 PIOc_sync Exit - MemInfo: [/proc/self/status]	VmSwap:	       0 kB
20220312 064557.591 INFO             PET0 PIOc_sync Exit - MemInfo: [/proc/self/status]	VmRSSPercent: 0.0925316 %
20220312 064557.592 INFO             PET0 PIOc_sync Exit - MemInfo: [malloc] Non-mmapped space allocated:                11448320 Byte
20220312 064557.592 INFO             PET0 PIOc_sync Exit - MemInfo: [malloc] Space allocated in mmapped regions:         84254720 Byte
20220312 064557.592 INFO             PET0 PIOc_sync Exit - MemInfo: [malloc] Maximum total allocated space:                     0 Byte
20220312 064557.592 INFO             PET0 PIOc_sync Exit - MemInfo: [malloc] Space in freed fastbin blocks:                   368 Byte
20220312 064557.592 INFO             PET0 PIOc_sync Exit - MemInfo: [malloc] Total allocated space:                      11368704 Byte
20220312 064557.592 INFO             PET0 PIOc_sync Exit - MemInfo: [malloc] Total free space:                              79616 Byte
20220312 064557.592 INFO             PET0 PIOc_sync Exit - MemInfo: [malloc] Top-most, releasable space:                    57312 Byte
20220312 064557.592 INFO             PET0 PIOc_sync Exit - MemInfo: [malloc] Total space in use, mmap + non-mmap:        95623424 Byte
20220312 064557.592 INFO             PET0 PIOc_sync Exit - MemInfo: [malloc] Total space held (mmap + non-mmap):         95703040 Byte
20220312 064557.592 INFO             PET0 PIOc_sync Exit - MemInfo: [malloc] Total space used (mmap + non-mmap):         95632816 Byte
20220312 064557.592 INFO             PET0 PIOc_sync Exit - MemInfo: Wall-clock time since execution start:                2.90265 seconds
20220312 064557.597 INFO             PET0 PIOc_freedecomp Enter - MemInfo: [/proc/meminfo - SSI]	MemTotal:       196434604 kB
20220312 064557.597 INFO             PET0 PIOc_freedecomp Enter - MemInfo: [/proc/meminfo - SSI]	MemFree:        189424948 kB
20220312 064557.597 INFO             PET0 PIOc_freedecomp Enter - MemInfo: [/proc/meminfo - SSI]	MemAvailable:   191160204 kB
20220312 064557.597 INFO             PET0 PIOc_freedecomp Enter - MemInfo: [/proc/meminfo - SSI]	Committed_AS:    2215972 kB
20220312 064557.597 INFO             PET0 PIOc_freedecomp Enter - MemInfo: [/proc/meminfo - SSI]	CommittedPercent: 1.1281 %
20220312 064557.597 INFO             PET0 PIOc_freedecomp Enter - MemInfo: [/proc/self/status]	VmPeak:	 3914028 kB
20220312 064557.597 INFO             PET0 PIOc_freedecomp Enter - MemInfo: [/proc/self/status]	VmSize:	 3914024 kB
20220312 064557.597 INFO             PET0 PIOc_freedecomp Enter - MemInfo: [/proc/self/status]	VmLck:	       0 kB
20220312 064557.597 INFO             PET0 PIOc_freedecomp Enter - MemInfo: [/proc/self/status]	VmPin:	   80252 kB
20220312 064557.597 INFO             PET0 PIOc_freedecomp Enter - MemInfo: [/proc/self/status]	VmHWM:	  181764 kB
20220312 064557.598 INFO             PET0 PIOc_freedecomp Enter - MemInfo: [/proc/self/status]	VmRSS:	  181764 kB
20220312 064557.598 INFO             PET0 PIOc_freedecomp Enter - MemInfo: [/proc/self/status]	VmData:	  216656 kB
20220312 064557.598 INFO             PET0 PIOc_freedecomp Enter - MemInfo: [/proc/self/status]	VmStk:	     524 kB
20220312 064557.598 INFO             PET0 PIOc_freedecomp Enter - MemInfo: [/proc/self/status]	VmExe:	    1900 kB
20220312 064557.598 INFO             PET0 PIOc_freedecomp Enter - MemInfo: [/proc/self/status]	VmLib:	  174348 kB
20220312 064557.598 INFO             PET0 PIOc_freedecomp Enter - MemInfo: [/proc/self/status]	VmPTE:	    1088 kB
20220312 064557.598 INFO             PET0 PIOc_freedecomp Enter - MemInfo: [/proc/self/status]	VmSwap:	       0 kB
20220312 064557.598 INFO             PET0 PIOc_freedecomp Enter - MemInfo: [/proc/self/status]	VmRSSPercent: 0.0925316 %
20220312 064557.598 INFO             PET0 PIOc_freedecomp Enter - MemInfo: [malloc] Non-mmapped space allocated:                11448320 Byte
20220312 064557.598 INFO             PET0 PIOc_freedecomp Enter - MemInfo: [malloc] Space allocated in mmapped regions:         84254720 Byte
20220312 064557.598 INFO             PET0 PIOc_freedecomp Enter - MemInfo: [malloc] Maximum total allocated space:                     0 Byte
20220312 064557.598 INFO             PET0 PIOc_freedecomp Enter - MemInfo: [malloc] Space in freed fastbin blocks:                   528 Byte
20220312 064557.598 INFO             PET0 PIOc_freedecomp Enter - MemInfo: [malloc] Total allocated space:                       2442464 Byte
20220312 064557.598 INFO             PET0 PIOc_freedecomp Enter - MemInfo: [malloc] Total free space:                            9005856 Byte
20220312 064557.598 INFO             PET0 PIOc_freedecomp Enter - MemInfo: [malloc] Top-most, releasable space:                    57312 Byte
20220312 064557.598 INFO             PET0 PIOc_freedecomp Enter - MemInfo: [malloc] Total space in use, mmap + non-mmap:        86697184 Byte
20220312 064557.598 INFO             PET0 PIOc_freedecomp Enter - MemInfo: [malloc] Total space held (mmap + non-mmap):         95703040 Byte
20220312 064557.598 INFO             PET0 PIOc_freedecomp Enter - MemInfo: [malloc] Total space used (mmap + non-mmap):         86706576 Byte
20220312 064557.598 INFO             PET0 PIOc_freedecomp Enter - MemInfo: Wall-clock time since execution start:                2.90884 seconds
20220312 064557.598 INFO             PET0 PIOc_freedecomp Exit - MemInfo: [/proc/meminfo - SSI]	MemTotal:       196434604 kB
20220312 064557.598 INFO             PET0 PIOc_freedecomp Exit - MemInfo: [/proc/meminfo - SSI]	MemFree:        189424948 kB
20220312 064557.598 INFO             PET0 PIOc_freedecomp Exit - MemInfo: [/proc/meminfo - SSI]	MemAvailable:   191160204 kB
20220312 064557.598 INFO             PET0 PIOc_freedecomp Exit - MemInfo: [/proc/meminfo - SSI]	Committed_AS:    2215972 kB
20220312 064557.598 INFO             PET0 PIOc_freedecomp Exit - MemInfo: [/proc/meminfo - SSI]	CommittedPercent: 1.1281 %
20220312 064557.598 INFO             PET0 PIOc_freedecomp Exit - MemInfo: [/proc/self/status]	VmPeak:	 3914028 kB
20220312 064557.598 INFO             PET0 PIOc_freedecomp Exit - MemInfo: [/proc/self/status]	VmSize:	 3914024 kB
20220312 064557.598 INFO             PET0 PIOc_freedecomp Exit - MemInfo: [/proc/self/status]	VmLck:	       0 kB
20220312 064557.598 INFO             PET0 PIOc_freedecomp Exit - MemInfo: [/proc/self/status]	VmPin:	   80252 kB
20220312 064557.598 INFO             PET0 PIOc_freedecomp Exit - MemInfo: [/proc/self/status]	VmHWM:	  181764 kB
20220312 064557.598 INFO             PET0 PIOc_freedecomp Exit - MemInfo: [/proc/self/status]	VmRSS:	  181764 kB
20220312 064557.598 INFO             PET0 PIOc_freedecomp Exit - MemInfo: [/proc/self/status]	VmData:	  216656 kB
20220312 064557.598 INFO             PET0 PIOc_freedecomp Exit - MemInfo: [/proc/self/status]	VmStk:	     524 kB
20220312 064557.598 INFO             PET0 PIOc_freedecomp Exit - MemInfo: [/proc/self/status]	VmExe:	    1900 kB
20220312 064557.598 INFO             PET0 PIOc_freedecomp Exit - MemInfo: [/proc/self/status]	VmLib:	  174348 kB
20220312 064557.598 INFO             PET0 PIOc_freedecomp Exit - MemInfo: [/proc/self/status]	VmPTE:	    1088 kB
20220312 064557.598 INFO             PET0 PIOc_freedecomp Exit - MemInfo: [/proc/self/status]	VmSwap:	       0 kB
20220312 064557.598 INFO             PET0 PIOc_freedecomp Exit - MemInfo: [/proc/self/status]	VmRSSPercent: 0.0925316 %
20220312 064557.598 INFO             PET0 PIOc_freedecomp Exit - MemInfo: [malloc] Non-mmapped space allocated:                11448320 Byte
20220312 064557.598 INFO             PET0 PIOc_freedecomp Exit - MemInfo: [malloc] Space allocated in mmapped regions:         84254720 Byte
20220312 064557.598 INFO             PET0 PIOc_freedecomp Exit - MemInfo: [malloc] Maximum total allocated space:                     0 Byte
20220312 064557.599 INFO             PET0 PIOc_freedecomp Exit - MemInfo: [malloc] Space in freed fastbin blocks:                   448 Byte
20220312 064557.599 INFO             PET0 PIOc_freedecomp Exit - MemInfo: [malloc] Total allocated space:                       2427520 Byte
20220312 064557.599 INFO             PET0 PIOc_freedecomp Exit - MemInfo: [malloc] Total free space:                            9020800 Byte
20220312 064557.599 INFO             PET0 PIOc_freedecomp Exit - MemInfo: [malloc] Top-most, releasable space:                  9015680 Byte
20220312 064557.599 INFO             PET0 PIOc_freedecomp Exit - MemInfo: [malloc] Total space in use, mmap + non-mmap:        86682240 Byte
20220312 064557.599 INFO             PET0 PIOc_freedecomp Exit - MemInfo: [malloc] Total space held (mmap + non-mmap):         95703040 Byte
20220312 064557.599 INFO             PET0 PIOc_freedecomp Exit - MemInfo: [malloc] Total space used (mmap + non-mmap):         86691632 Byte
20220312 064557.599 INFO             PET0 PIOc_freedecomp Exit - MemInfo: Wall-clock time since execution start:                 2.9096 seconds
20220312 064557.599 INFO             PET0  PASS  Read ESMF_Array with Halo from NetCDF Test, ESMF_ArrayIOUTest.F90, line 380
20220312 064557.599 ERROR            PET0 ESMCI_IO_Handler.C:164 ESMCI::IO_Handler::create() Unknown I/O Format
20220312 064557.599 ERROR            PET0 ESMCI_IO.C:264 ESMCI::IO::read() Invalid argument  - Internal subroutine call returned Error
20220312 064557.599 ERROR            PET0 ESMCI_Array.C:3933 ESMCI::Array::read() Invalid argument  - Internal subroutine call returned Error
20220312 064557.599 ERROR            PET0 ESMCI_Array_F.C:831 c_esmc_arrayread() Invalid argument  - Internal subroutine call returned Error
20220312 064557.599 ERROR            PET0 ESMF_ArrayHa.F90:723 ESMF_ArrayRead Invalid argument  - Internal subroutine call returned Error
20220312 064557.599 INFO             PET0  PASS  Read ESMF_Array with Halo from binary Test, ESMF_ArrayIOUTest.F90, line 394
20220312 064557.599 INFO             PET0  PASS  Compare read in data to the existing NetCDF data - 3D with halo, ESMF_ArrayIOUTest.F90, line 412
20220312 064557.599 ERROR            PET0 ESMCI_Array.C:3914 ESMCI::Array::read() Invalid argument  - Array variable name not allowed in binary mode
20220312 064557.599 ERROR            PET0 ESMCI_Array_F.C:831 c_esmc_arrayread() Invalid argument  - Internal subroutine call returned Error
20220312 064557.599 ERROR            PET0 ESMF_ArrayHa.F90:723 ESMF_ArrayRead Invalid argument  - Internal subroutine call returned Error
20220312 064557.599 INFO             PET0  PASS  Read ESMF_Array variable with Halo from binary Test, ESMF_ArrayIOUTest.F90, line 430
20220312 064558.088 INFO             PET0 PIOc_sync Enter - MemInfo: [/proc/meminfo - SSI]	MemTotal:       196434604 kB
20220312 064558.088 INFO             PET0 PIOc_sync Enter - MemInfo: [/proc/meminfo - SSI]	MemFree:        189425156 kB
20220312 064558.088 INFO             PET0 PIOc_sync Enter - MemInfo: [/proc/meminfo - SSI]	MemAvailable:   191160412 kB
20220312 064558.088 INFO             PET0 PIOc_sync Enter - MemInfo: [/proc/meminfo - SSI]	Committed_AS:    2216612 kB
20220312 064558.088 INFO             PET0 PIOc_sync Enter - MemInfo: [/proc/meminfo - SSI]	CommittedPercent: 1.12842 %
20220312 064558.088 INFO             PET0 PIOc_sync Enter - MemInfo: [/proc/self/status]	VmPeak:	 3914028 kB
20220312 064558.088 INFO             PET0 PIOc_sync Enter - MemInfo: [/proc/self/status]	VmSize:	 3914024 kB
20220312 064558.088 INFO             PET0 PIOc_sync Enter - MemInfo: [/proc/self/status]	VmLck:	       0 kB
20220312 064558.088 INFO             PET0 PIOc_sync Enter - MemInfo: [/proc/self/status]	VmPin:	   80252 kB
20220312 064558.089 INFO             PET0 PIOc_sync Enter - MemInfo: [/proc/self/status]	VmHWM:	  181856 kB
20220312 064558.089 INFO             PET0 PIOc_sync Enter - MemInfo: [/proc/self/status]	VmRSS:	  181856 kB
20220312 064558.089 INFO             PET0 PIOc_sync Enter - MemInfo: [/proc/self/status]	VmData:	  216656 kB
20220312 064558.089 INFO             PET0 PIOc_sync Enter - MemInfo: [/proc/self/status]	VmStk:	     524 kB
20220312 064558.089 INFO             PET0 PIOc_sync Enter - MemInfo: [/proc/self/status]	VmExe:	    1900 kB
20220312 064558.089 INFO             PET0 PIOc_sync Enter - MemInfo: [/proc/self/status]	VmLib:	  174348 kB
20220312 064558.089 INFO             PET0 PIOc_sync Enter - MemInfo: [/proc/self/status]	VmPTE:	    1088 kB
20220312 064558.089 INFO             PET0 PIOc_sync Enter - MemInfo: [/proc/self/status]	VmSwap:	       0 kB
20220312 064558.089 INFO             PET0 PIOc_sync Enter - MemInfo: [/proc/self/status]	VmRSSPercent: 0.0925784 %
20220312 064558.089 INFO             PET0 PIOc_sync Enter - MemInfo: [malloc] Non-mmapped space allocated:                11448320 Byte
20220312 064558.089 INFO             PET0 PIOc_sync Enter - MemInfo: [malloc] Space allocated in mmapped regions:         84254720 Byte
20220312 064558.089 INFO             PET0 PIOc_sync Enter - MemInfo: [malloc] Maximum total allocated space:                     0 Byte
20220312 064558.089 INFO             PET0 PIOc_sync Enter - MemInfo: [malloc] Space in freed fastbin blocks:                   448 Byte
20220312 064558.089 INFO             PET0 PIOc_sync Enter - MemInfo: [malloc] Total allocated space:                      11373536 Byte
20220312 064558.089 INFO             PET0 PIOc_sync Enter - MemInfo: [malloc] Total free space:                              74784 Byte
20220312 064558.089 INFO             PET0 PIOc_sync Enter - MemInfo: [malloc] Top-most, releasable space:                    57312 Byte
20220312 064558.089 INFO             PET0 PIOc_sync Enter - MemInfo: [malloc] Total space in use, mmap + non-mmap:        95628256 Byte
20220312 064558.089 INFO             PET0 PIOc_sync Enter - MemInfo: [malloc] Total space held (mmap + non-mmap):         95703040 Byte
20220312 064558.089 INFO             PET0 PIOc_sync Enter - MemInfo: [malloc] Total space used (mmap + non-mmap):         95637648 Byte
20220312 064558.089 INFO             PET0 PIOc_sync Enter - MemInfo: Wall-clock time since execution start:                 3.3987 seconds
20220312 064558.109 INFO             PET0 PIOc_sync Exit - MemInfo: [/proc/meminfo - SSI]	MemTotal:       196434604 kB
20220312 064558.109 INFO             PET0 PIOc_sync Exit - MemInfo: [/proc/meminfo - SSI]	MemFree:        189425156 kB
20220312 064558.109 INFO             PET0 PIOc_sync Exit - MemInfo: [/proc/meminfo - SSI]	MemAvailable:   191160412 kB
20220312 064558.109 INFO             PET0 PIOc_sync Exit - MemInfo: [/proc/meminfo - SSI]	Committed_AS:    2216612 kB
20220312 064558.109 INFO             PET0 PIOc_sync Exit - MemInfo: [/proc/meminfo - SSI]	CommittedPercent: 1.12842 %
20220312 064558.109 INFO             PET0 PIOc_sync Exit - MemInfo: [/proc/self/status]	VmPeak:	 3914028 kB
20220312 064558.110 INFO             PET0 PIOc_sync Exit - MemInfo: [/proc/self/status]	VmSize:	 3914024 kB
20220312 064558.110 INFO             PET0 PIOc_sync Exit - MemInfo: [/proc/self/status]	VmLck:	       0 kB
20220312 064558.110 INFO             PET0 PIOc_sync Exit - MemInfo: [/proc/self/status]	VmPin:	   80252 kB
20220312 064558.110 INFO             PET0 PIOc_sync Exit - MemInfo: [/proc/self/status]	VmHWM:	  181912 kB
20220312 064558.110 INFO             PET0 PIOc_sync Exit - MemInfo: [/proc/self/status]	VmRSS:	  181912 kB
20220312 064558.110 INFO             PET0 PIOc_sync Exit - MemInfo: [/proc/self/status]	VmData:	  216656 kB
20220312 064558.110 INFO             PET0 PIOc_sync Exit - MemInfo: [/proc/self/status]	VmStk:	     524 kB
20220312 064558.110 INFO             PET0 PIOc_sync Exit - MemInfo: [/proc/self/status]	VmExe:	    1900 kB
20220312 064558.110 INFO             PET0 PIOc_sync Exit - MemInfo: [/proc/self/status]	VmLib:	  174348 kB
20220312 064558.110 INFO             PET0 PIOc_sync Exit - MemInfo: [/proc/self/status]	VmPTE:	    1088 kB
20220312 064558.110 INFO             PET0 PIOc_sync Exit - MemInfo: [/proc/self/status]	VmSwap:	       0 kB
20220312 064558.110 INFO             PET0 PIOc_sync Exit - MemInfo: [/proc/self/status]	VmRSSPercent: 0.0926069 %
20220312 064558.110 INFO             PET0 PIOc_sync Exit - MemInfo: [malloc] Non-mmapped space allocated:                11448320 Byte
20220312 064558.110 INFO             PET0 PIOc_sync Exit - MemInfo: [malloc] Space allocated in mmapped regions:         84254720 Byte
20220312 064558.110 INFO             PET0 PIOc_sync Exit - MemInfo: [malloc] Maximum total allocated space:                     0 Byte
20220312 064558.110 INFO             PET0 PIOc_sync Exit - MemInfo: [malloc] Space in freed fastbin blocks:                   736 Byte
20220312 064558.110 INFO             PET0 PIOc_sync Exit - MemInfo: [malloc] Total allocated space:                      11369648 Byte
20220312 064558.110 INFO             PET0 PIOc_sync Exit - MemInfo: [malloc] Total free space:                              78672 Byte
20220312 064558.110 INFO             PET0 PIOc_sync Exit - MemInfo: [malloc] Top-most, releasable space:                    57312 Byte
20220312 064558.110 INFO             PET0 PIOc_sync Exit - MemInfo: [malloc] Total space in use, mmap + non-mmap:        95624368 Byte
20220312 064558.110 INFO             PET0 PIOc_sync Exit - MemInfo: [malloc] Total space held (mmap + non-mmap):         95703040 Byte
20220312 064558.110 INFO             PET0 PIOc_sync Exit - MemInfo: [malloc] Total space used (mmap + non-mmap):         95633744 Byte
20220312 064558.110 INFO             PET0 PIOc_sync Exit - MemInfo: Wall-clock time since execution start:                 3.4197 seconds
20220312 064558.117 INFO             PET0 PIOc_freedecomp Enter - MemInfo: [/proc/meminfo - SSI]	MemTotal:       196434604 kB
20220312 064558.117 INFO             PET0 PIOc_freedecomp Enter - MemInfo: [/proc/meminfo - SSI]	MemFree:        189425156 kB
20220312 064558.117 INFO             PET0 PIOc_freedecomp Enter - MemInfo: [/proc/meminfo - SSI]	MemAvailable:   191160412 kB
20220312 064558.117 INFO             PET0 PIOc_freedecomp Enter - MemInfo: [/proc/meminfo - SSI]	Committed_AS:    2216612 kB
20220312 064558.117 INFO             PET0 PIOc_freedecomp Enter - MemInfo: [/proc/meminfo - SSI]	CommittedPercent: 1.12842 %
20220312 064558.117 INFO             PET0 PIOc_freedecomp Enter - MemInfo: [/proc/self/status]	VmPeak:	 3914028 kB
20220312 064558.117 INFO             PET0 PIOc_freedecomp Enter - MemInfo: [/proc/self/status]	VmSize:	 3914024 kB
20220312 064558.117 INFO             PET0 PIOc_freedecomp Enter - MemInfo: [/proc/self/status]	VmLck:	       0 kB
20220312 064558.117 INFO             PET0 PIOc_freedecomp Enter - MemInfo: [/proc/self/status]	VmPin:	   80252 kB
20220312 064558.118 INFO             PET0 PIOc_freedecomp Enter - MemInfo: [/proc/self/status]	VmHWM:	  181912 kB
20220312 064558.118 INFO             PET0 PIOc_freedecomp Enter - MemInfo: [/proc/self/status]	VmRSS:	  181912 kB
20220312 064558.118 INFO             PET0 PIOc_freedecomp Enter - MemInfo: [/proc/self/status]	VmData:	  216656 kB
20220312 064558.118 INFO             PET0 PIOc_freedecomp Enter - MemInfo: [/proc/self/status]	VmStk:	     524 kB
20220312 064558.118 INFO             PET0 PIOc_freedecomp Enter - MemInfo: [/proc/self/status]	VmExe:	    1900 kB
20220312 064558.118 INFO             PET0 PIOc_freedecomp Enter - MemInfo: [/proc/self/status]	VmLib:	  174348 kB
20220312 064558.118 INFO             PET0 PIOc_freedecomp Enter - MemInfo: [/proc/self/status]	VmPTE:	    1088 kB
20220312 064558.118 INFO             PET0 PIOc_freedecomp Enter - MemInfo: [/proc/self/status]	VmSwap:	       0 kB
20220312 064558.118 INFO             PET0 PIOc_freedecomp Enter - MemInfo: [/proc/self/status]	VmRSSPercent: 0.0926069 %
20220312 064558.118 INFO             PET0 PIOc_freedecomp Enter - MemInfo: [malloc] Non-mmapped space allocated:                11448320 Byte
20220312 064558.118 INFO             PET0 PIOc_freedecomp Enter - MemInfo: [malloc] Space allocated in mmapped regions:         84254720 Byte
20220312 064558.118 INFO             PET0 PIOc_freedecomp Enter - MemInfo: [malloc] Maximum total allocated space:                     0 Byte
20220312 064558.118 INFO             PET0 PIOc_freedecomp Enter - MemInfo: [malloc] Space in freed fastbin blocks:                   608 Byte
20220312 064558.118 INFO             PET0 PIOc_freedecomp Enter - MemInfo: [malloc] Total allocated space:                       2442576 Byte
20220312 064558.118 INFO             PET0 PIOc_freedecomp Enter - MemInfo: [malloc] Total free space:                            9005744 Byte
20220312 064558.118 INFO             PET0 PIOc_freedecomp Enter - MemInfo: [malloc] Top-most, releasable space:                    57312 Byte
20220312 064558.118 INFO             PET0 PIOc_freedecomp Enter - MemInfo: [malloc] Total space in use, mmap + non-mmap:        86697296 Byte
20220312 064558.118 INFO             PET0 PIOc_freedecomp Enter - MemInfo: [malloc] Total space held (mmap + non-mmap):         95703040 Byte
20220312 064558.118 INFO             PET0 PIOc_freedecomp Enter - MemInfo: [malloc] Total space used (mmap + non-mmap):         86706672 Byte
20220312 064558.118 INFO             PET0 PIOc_freedecomp Enter - MemInfo: Wall-clock time since execution start:                3.42764 seconds
20220312 064558.118 INFO             PET0 PIOc_freedecomp Exit - MemInfo: [/proc/meminfo - SSI]	MemTotal:       196434604 kB
20220312 064558.118 INFO             PET0 PIOc_freedecomp Exit - MemInfo: [/proc/meminfo - SSI]	MemFree:        189425156 kB
20220312 064558.118 INFO             PET0 PIOc_freedecomp Exit - MemInfo: [/proc/meminfo - SSI]	MemAvailable:   191160412 kB
20220312 064558.118 INFO             PET0 PIOc_freedecomp Exit - MemInfo: [/proc/meminfo - SSI]	Committed_AS:    2216612 kB
20220312 064558.118 INFO             PET0 PIOc_freedecomp Exit - MemInfo: [/proc/meminfo - SSI]	CommittedPercent: 1.12842 %
20220312 064558.118 INFO             PET0 PIOc_freedecomp Exit - MemInfo: [/proc/self/status]	VmPeak:	 3914028 kB
20220312 064558.118 INFO             PET0 PIOc_freedecomp Exit - MemInfo: [/proc/self/status]	VmSize:	 3914024 kB
20220312 064558.118 INFO             PET0 PIOc_freedecomp Exit - MemInfo: [/proc/self/status]	VmLck:	       0 kB
20220312 064558.118 INFO             PET0 PIOc_freedecomp Exit - MemInfo: [/proc/self/status]	VmPin:	   80252 kB
20220312 064558.118 INFO             PET0 PIOc_freedecomp Exit - MemInfo: [/proc/self/status]	VmHWM:	  181912 kB
20220312 064558.118 INFO             PET0 PIOc_freedecomp Exit - MemInfo: [/proc/self/status]	VmRSS:	  181912 kB
20220312 064558.118 INFO             PET0 PIOc_freedecomp Exit - MemInfo: [/proc/self/status]	VmData:	  216656 kB
20220312 064558.118 INFO             PET0 PIOc_freedecomp Exit - MemInfo: [/proc/self/status]	VmStk:	     524 kB
20220312 064558.118 INFO             PET0 PIOc_freedecomp Exit - MemInfo: [/proc/self/status]	VmExe:	    1900 kB
20220312 064558.118 INFO             PET0 PIOc_freedecomp Exit - MemInfo: [/proc/self/status]	VmLib:	  174348 kB
20220312 064558.118 INFO             PET0 PIOc_freedecomp Exit - MemInfo: [/proc/self/status]	VmPTE:	    1088 kB
20220312 064558.118 INFO             PET0 PIOc_freedecomp Exit - MemInfo: [/proc/self/status]	VmSwap:	       0 kB
20220312 064558.118 INFO             PET0 PIOc_freedecomp Exit - MemInfo: [/proc/self/status]	VmRSSPercent: 0.0926069 %
20220312 064558.118 INFO             PET0 PIOc_freedecomp Exit - MemInfo: [malloc] Non-mmapped space allocated:                11448320 Byte
20220312 064558.118 INFO             PET0 PIOc_freedecomp Exit - MemInfo: [malloc] Space allocated in mmapped regions:         84254720 Byte
20220312 064558.119 INFO             PET0 PIOc_freedecomp Exit - MemInfo: [malloc] Maximum total allocated space:                     0 Byte
20220312 064558.119 INFO             PET0 PIOc_freedecomp Exit - MemInfo: [malloc] Space in freed fastbin blocks:                   448 Byte
20220312 064558.119 INFO             PET0 PIOc_freedecomp Exit - MemInfo: [malloc] Total allocated space:                       2427632 Byte
20220312 064558.119 INFO             PET0 PIOc_freedecomp Exit - MemInfo: [malloc] Total free space:                            9020688 Byte
20220312 064558.119 INFO             PET0 PIOc_freedecomp Exit - MemInfo: [malloc] Top-most, releasable space:                  9015680 Byte
20220312 064558.119 INFO             PET0 PIOc_freedecomp Exit - MemInfo: [malloc] Total space in use, mmap + non-mmap:        86682352 Byte
20220312 064558.119 INFO             PET0 PIOc_freedecomp Exit - MemInfo: [malloc] Total space held (mmap + non-mmap):         95703040 Byte
20220312 064558.119 INFO             PET0 PIOc_freedecomp Exit - MemInfo: [malloc] Total space used (mmap + non-mmap):         86691728 Byte
20220312 064558.119 INFO             PET0 PIOc_freedecomp Exit - MemInfo: Wall-clock time since execution start:                3.42844 seconds
20220312 064558.119 INFO             PET0  PASS  Write ESMF_Array with Halo to NetCDF variable copy Test, ESMF_ArrayIOUTest.F90, line 442
20220312 064558.119 INFO             PET0  PASS  Destroy Array with Halo, ESMF_ArrayIOUTest.F90, line 453
20220312 064558.119 INFO             PET0  PASS  Destroy Array without Halo, ESMF_ArrayIOUTest.F90, line 460
20220312 064558.119 INFO             PET0  PASS  Destroy DistGrid, ESMF_ArrayIOUTest.F90, line 467
20220312 064558.119 INFO             PET0  PASS  dstDistgrid Create Test, ESMF_ArrayIOUTest.F90, line 485
20220312 064558.119 INFO             PET0  PASS  Array Spec Set Test, ESMF_ArrayIOUTest.F90, line 493
20220312 064558.120 INFO             PET0  PASS  Array with Halo Create Test, ESMF_ArrayIOUTest.F90, line 507
20220312 064558.120 INFO             PET0  PASS  Array without Halo Create Test, ESMF_ArrayIOUTest.F90, line 517
20220312 064558.583 INFO             PET0 PIOc_sync Enter - MemInfo: [/proc/meminfo - SSI]	MemTotal:       196434604 kB
20220312 064558.583 INFO             PET0 PIOc_sync Enter - MemInfo: [/proc/meminfo - SSI]	MemFree:        189425156 kB
20220312 064558.583 INFO             PET0 PIOc_sync Enter - MemInfo: [/proc/meminfo - SSI]	MemAvailable:   191160412 kB
20220312 064558.583 INFO             PET0 PIOc_sync Enter - MemInfo: [/proc/meminfo - SSI]	Committed_AS:    2216612 kB
20220312 064558.583 INFO             PET0 PIOc_sync Enter - MemInfo: [/proc/meminfo - SSI]	CommittedPercent: 1.12842 %
20220312 064558.583 INFO             PET0 PIOc_sync Enter - MemInfo: [/proc/self/status]	VmPeak:	 3914028 kB
20220312 064558.583 INFO             PET0 PIOc_sync Enter - MemInfo: [/proc/self/status]	VmSize:	 3914024 kB
20220312 064558.583 INFO             PET0 PIOc_sync Enter - MemInfo: [/proc/self/status]	VmLck:	       0 kB
20220312 064558.583 INFO             PET0 PIOc_sync Enter - MemInfo: [/proc/self/status]	VmPin:	   80252 kB
20220312 064558.583 INFO             PET0 PIOc_sync Enter - MemInfo: [/proc/self/status]	VmHWM:	  182104 kB
20220312 064558.584 INFO             PET0 PIOc_sync Enter - MemInfo: [/proc/self/status]	VmRSS:	  182104 kB
20220312 064558.584 INFO             PET0 PIOc_sync Enter - MemInfo: [/proc/self/status]	VmData:	  216656 kB
20220312 064558.584 INFO             PET0 PIOc_sync Enter - MemInfo: [/proc/self/status]	VmStk:	     524 kB
20220312 064558.584 INFO             PET0 PIOc_sync Enter - MemInfo: [/proc/self/status]	VmExe:	    1900 kB
20220312 064558.584 INFO             PET0 PIOc_sync Enter - MemInfo: [/proc/self/status]	VmLib:	  174348 kB
20220312 064558.584 INFO             PET0 PIOc_sync Enter - MemInfo: [/proc/self/status]	VmPTE:	    1088 kB
20220312 064558.584 INFO             PET0 PIOc_sync Enter - MemInfo: [/proc/self/status]	VmSwap:	       0 kB
20220312 064558.584 INFO             PET0 PIOc_sync Enter - MemInfo: [/proc/self/status]	VmRSSPercent: 0.0927046 %
20220312 064558.584 INFO             PET0 PIOc_sync Enter - MemInfo: [malloc] Non-mmapped space allocated:                11448320 Byte
20220312 064558.584 INFO             PET0 PIOc_sync Enter - MemInfo: [malloc] Space allocated in mmapped regions:         84254720 Byte
20220312 064558.584 INFO             PET0 PIOc_sync Enter - MemInfo: [malloc] Maximum total allocated space:                     0 Byte
20220312 064558.584 INFO             PET0 PIOc_sync Enter - MemInfo: [malloc] Space in freed fastbin blocks:                   448 Byte
20220312 064558.584 INFO             PET0 PIOc_sync Enter - MemInfo: [malloc] Total allocated space:                      11365344 Byte
20220312 064558.584 INFO             PET0 PIOc_sync Enter - MemInfo: [malloc] Total free space:                              82976 Byte
20220312 064558.584 INFO             PET0 PIOc_sync Enter - MemInfo: [malloc] Top-most, releasable space:                    81104 Byte
20220312 064558.584 INFO             PET0 PIOc_sync Enter - MemInfo: [malloc] Total space in use, mmap + non-mmap:        95620064 Byte
20220312 064558.584 INFO             PET0 PIOc_sync Enter - MemInfo: [malloc] Total space held (mmap + non-mmap):         95703040 Byte
20220312 064558.584 INFO             PET0 PIOc_sync Enter - MemInfo: [malloc] Total space used (mmap + non-mmap):         95629456 Byte
20220312 064558.584 INFO             PET0 PIOc_sync Enter - MemInfo: Wall-clock time since execution start:                 3.8925 seconds
20220312 064558.619 INFO             PET0 PIOc_sync Exit - MemInfo: [/proc/meminfo - SSI]	MemTotal:       196434604 kB
20220312 064558.619 INFO             PET0 PIOc_sync Exit - MemInfo: [/proc/meminfo - SSI]	MemFree:        189425156 kB
20220312 064558.619 INFO             PET0 PIOc_sync Exit - MemInfo: [/proc/meminfo - SSI]	MemAvailable:   191160412 kB
20220312 064558.619 INFO             PET0 PIOc_sync Exit - MemInfo: [/proc/meminfo - SSI]	Committed_AS:    2216612 kB
20220312 064558.619 INFO             PET0 PIOc_sync Exit - MemInfo: [/proc/meminfo - SSI]	CommittedPercent: 1.12842 %
20220312 064558.619 INFO             PET0 PIOc_sync Exit - MemInfo: [/proc/self/status]	VmPeak:	 3914028 kB
20220312 064558.619 INFO             PET0 PIOc_sync Exit - MemInfo: [/proc/self/status]	VmSize:	 3914024 kB
20220312 064558.619 INFO             PET0 PIOc_sync Exit - MemInfo: [/proc/self/status]	VmLck:	       0 kB
20220312 064558.620 INFO             PET0 PIOc_sync Exit - MemInfo: [/proc/self/status]	VmPin:	   80252 kB
20220312 064558.620 INFO             PET0 PIOc_sync Exit - MemInfo: [/proc/self/status]	VmHWM:	  182180 kB
20220312 064558.620 INFO             PET0 PIOc_sync Exit - MemInfo: [/proc/self/status]	VmRSS:	  182180 kB
20220312 064558.620 INFO             PET0 PIOc_sync Exit - MemInfo: [/proc/self/status]	VmData:	  216656 kB
20220312 064558.620 INFO             PET0 PIOc_sync Exit - MemInfo: [/proc/self/status]	VmStk:	     524 kB
20220312 064558.620 INFO             PET0 PIOc_sync Exit - MemInfo: [/proc/self/status]	VmExe:	    1900 kB
20220312 064558.620 INFO             PET0 PIOc_sync Exit - MemInfo: [/proc/self/status]	VmLib:	  174348 kB
20220312 064558.620 INFO             PET0 PIOc_sync Exit - MemInfo: [/proc/self/status]	VmPTE:	    1088 kB
20220312 064558.620 INFO             PET0 PIOc_sync Exit - MemInfo: [/proc/self/status]	VmSwap:	       0 kB
20220312 064558.620 INFO             PET0 PIOc_sync Exit - MemInfo: [/proc/self/status]	VmRSSPercent: 0.0927433 %
20220312 064558.620 INFO             PET0 PIOc_sync Exit - MemInfo: [malloc] Non-mmapped space allocated:                11448320 Byte
20220312 064558.620 INFO             PET0 PIOc_sync Exit - MemInfo: [malloc] Space allocated in mmapped regions:         84254720 Byte
20220312 064558.620 INFO             PET0 PIOc_sync Exit - MemInfo: [malloc] Maximum total allocated space:                     0 Byte
20220312 064558.620 INFO             PET0 PIOc_sync Exit - MemInfo: [malloc] Space in freed fastbin blocks:                   672 Byte
20220312 064558.620 INFO             PET0 PIOc_sync Exit - MemInfo: [malloc] Total allocated space:                      11363920 Byte
20220312 064558.620 INFO             PET0 PIOc_sync Exit - MemInfo: [malloc] Total free space:                              84400 Byte
20220312 064558.620 INFO             PET0 PIOc_sync Exit - MemInfo: [malloc] Top-most, releasable space:                    81104 Byte
20220312 064558.620 INFO             PET0 PIOc_sync Exit - MemInfo: [malloc] Total space in use, mmap + non-mmap:        95618640 Byte
20220312 064558.620 INFO             PET0 PIOc_sync Exit - MemInfo: [malloc] Total space held (mmap + non-mmap):         95703040 Byte
20220312 064558.620 INFO             PET0 PIOc_sync Exit - MemInfo: [malloc] Total space used (mmap + non-mmap):         95628032 Byte
20220312 064558.620 INFO             PET0 PIOc_sync Exit - MemInfo: Wall-clock time since execution start:                3.92844 seconds
20220312 064558.620 INFO             PET0 PIOc_freedecomp Enter - MemInfo: [/proc/meminfo - SSI]	MemTotal:       196434604 kB
20220312 064558.620 INFO             PET0 PIOc_freedecomp Enter - MemInfo: [/proc/meminfo - SSI]	MemFree:        189425156 kB
20220312 064558.620 INFO             PET0 PIOc_freedecomp Enter - MemInfo: [/proc/meminfo - SSI]	MemAvailable:   191160412 kB
20220312 064558.620 INFO             PET0 PIOc_freedecomp Enter - MemInfo: [/proc/meminfo - SSI]	Committed_AS:    2216612 kB
20220312 064558.620 INFO             PET0 PIOc_freedecomp Enter - MemInfo: [/proc/meminfo - SSI]	CommittedPercent: 1.12842 %
20220312 064558.620 INFO             PET0 PIOc_freedecomp Enter - MemInfo: [/proc/self/status]	VmPeak:	 3914028 kB
20220312 064558.620 INFO             PET0 PIOc_freedecomp Enter - MemInfo: [/proc/self/status]	VmSize:	 3914024 kB
20220312 064558.620 INFO             PET0 PIOc_freedecomp Enter - MemInfo: [/proc/self/status]	VmLck:	       0 kB
20220312 064558.620 INFO             PET0 PIOc_freedecomp Enter - MemInfo: [/proc/self/status]	VmPin:	   80252 kB
20220312 064558.621 INFO             PET0 PIOc_freedecomp Enter - MemInfo: [/proc/self/status]	VmHWM:	  182180 kB
20220312 064558.621 INFO             PET0 PIOc_freedecomp Enter - MemInfo: [/proc/self/status]	VmRSS:	  182180 kB
20220312 064558.621 INFO             PET0 PIOc_freedecomp Enter - MemInfo: [/proc/self/status]	VmData:	  216656 kB
20220312 064558.621 INFO             PET0 PIOc_freedecomp Enter - MemInfo: [/proc/self/status]	VmStk:	     524 kB
20220312 064558.621 INFO             PET0 PIOc_freedecomp Enter - MemInfo: [/proc/self/status]	VmExe:	    1900 kB
20220312 064558.621 INFO             PET0 PIOc_freedecomp Enter - MemInfo: [/proc/self/status]	VmLib:	  174348 kB
20220312 064558.621 INFO             PET0 PIOc_freedecomp Enter - MemInfo: [/proc/self/status]	VmPTE:	    1088 kB
20220312 064558.621 INFO             PET0 PIOc_freedecomp Enter - MemInfo: [/proc/self/status]	VmSwap:	       0 kB
20220312 064558.621 INFO             PET0 PIOc_freedecomp Enter - MemInfo: [/proc/self/status]	VmRSSPercent: 0.0927433 %
20220312 064558.621 INFO             PET0 PIOc_freedecomp Enter - MemInfo: [malloc] Non-mmapped space allocated:                11448320 Byte
20220312 064558.621 INFO             PET0 PIOc_freedecomp Enter - MemInfo: [malloc] Space allocated in mmapped regions:         84254720 Byte
20220312 064558.621 INFO             PET0 PIOc_freedecomp Enter - MemInfo: [malloc] Maximum total allocated space:                     0 Byte
20220312 064558.621 INFO             PET0 PIOc_freedecomp Enter - MemInfo: [malloc] Space in freed fastbin blocks:                   480 Byte
20220312 064558.621 INFO             PET0 PIOc_freedecomp Enter - MemInfo: [malloc] Total allocated space:                       2437760 Byte
20220312 064558.621 INFO             PET0 PIOc_freedecomp Enter - MemInfo: [malloc] Total free space:                            9010560 Byte
20220312 064558.621 INFO             PET0 PIOc_freedecomp Enter - MemInfo: [malloc] Top-most, releasable space:                    91600 Byte
20220312 064558.621 INFO             PET0 PIOc_freedecomp Enter - MemInfo: [malloc] Total space in use, mmap + non-mmap:        86692480 Byte
20220312 064558.621 INFO             PET0 PIOc_freedecomp Enter - MemInfo: [malloc] Total space held (mmap + non-mmap):         95703040 Byte
20220312 064558.621 INFO             PET0 PIOc_freedecomp Enter - MemInfo: [malloc] Total space used (mmap + non-mmap):         86701856 Byte
20220312 064558.621 INFO             PET0 PIOc_freedecomp Enter - MemInfo: Wall-clock time since execution start:                3.92944 seconds
20220312 064558.621 INFO             PET0 PIOc_freedecomp Exit - MemInfo: [/proc/meminfo - SSI]	MemTotal:       196434604 kB
20220312 064558.621 INFO             PET0 PIOc_freedecomp Exit - MemInfo: [/proc/meminfo - SSI]	MemFree:        189425156 kB
20220312 064558.621 INFO             PET0 PIOc_freedecomp Exit - MemInfo: [/proc/meminfo - SSI]	MemAvailable:   191160412 kB
20220312 064558.621 INFO             PET0 PIOc_freedecomp Exit - MemInfo: [/proc/meminfo - SSI]	Committed_AS:    2216612 kB
20220312 064558.621 INFO             PET0 PIOc_freedecomp Exit - MemInfo: [/proc/meminfo - SSI]	CommittedPercent: 1.12842 %
20220312 064558.621 INFO             PET0 PIOc_freedecomp Exit - MemInfo: [/proc/self/status]	VmPeak:	 3914028 kB
20220312 064558.621 INFO             PET0 PIOc_freedecomp Exit - MemInfo: [/proc/self/status]	VmSize:	 3914024 kB
20220312 064558.621 INFO             PET0 PIOc_freedecomp Exit - MemInfo: [/proc/self/status]	VmLck:	       0 kB
20220312 064558.621 INFO             PET0 PIOc_freedecomp Exit - MemInfo: [/proc/self/status]	VmPin:	   80252 kB
20220312 064558.621 INFO             PET0 PIOc_freedecomp Exit - MemInfo: [/proc/self/status]	VmHWM:	  182180 kB
20220312 064558.621 INFO             PET0 PIOc_freedecomp Exit - MemInfo: [/proc/self/status]	VmRSS:	  182180 kB
20220312 064558.621 INFO             PET0 PIOc_freedecomp Exit - MemInfo: [/proc/self/status]	VmData:	  216656 kB
20220312 064558.621 INFO             PET0 PIOc_freedecomp Exit - MemInfo: [/proc/self/status]	VmStk:	     524 kB
20220312 064558.621 INFO             PET0 PIOc_freedecomp Exit - MemInfo: [/proc/self/status]	VmExe:	    1900 kB
20220312 064558.621 INFO             PET0 PIOc_freedecomp Exit - MemInfo: [/proc/self/status]	VmLib:	  174348 kB
20220312 064558.621 INFO             PET0 PIOc_freedecomp Exit - MemInfo: [/proc/self/status]	VmPTE:	    1088 kB
20220312 064558.621 INFO             PET0 PIOc_freedecomp Exit - MemInfo: [/proc/self/status]	VmSwap:	       0 kB
20220312 064558.621 INFO             PET0 PIOc_freedecomp Exit - MemInfo: [/proc/self/status]	VmRSSPercent: 0.0927433 %
20220312 064558.621 INFO             PET0 PIOc_freedecomp Exit - MemInfo: [malloc] Non-mmapped space allocated:                11448320 Byte
20220312 064558.621 INFO             PET0 PIOc_freedecomp Exit - MemInfo: [malloc] Space allocated in mmapped regions:         84254720 Byte
20220312 064558.621 INFO             PET0 PIOc_freedecomp Exit - MemInfo: [malloc] Maximum total allocated space:                     0 Byte
20220312 064558.622 INFO             PET0 PIOc_freedecomp Exit - MemInfo: [malloc] Space in freed fastbin blocks:                   272 Byte
20220312 064558.622 INFO             PET0 PIOc_freedecomp Exit - MemInfo: [malloc] Total allocated space:                       2434896 Byte
20220312 064558.622 INFO             PET0 PIOc_freedecomp Exit - MemInfo: [malloc] Total free space:                            9013424 Byte
20220312 064558.622 INFO             PET0 PIOc_freedecomp Exit - MemInfo: [malloc] Top-most, releasable space:                  9012416 Byte
20220312 064558.622 INFO             PET0 PIOc_freedecomp Exit - MemInfo: [malloc] Total space in use, mmap + non-mmap:        86689616 Byte
20220312 064558.622 INFO             PET0 PIOc_freedecomp Exit - MemInfo: [malloc] Total space held (mmap + non-mmap):         95703040 Byte
20220312 064558.622 INFO             PET0 PIOc_freedecomp Exit - MemInfo: [malloc] Total space used (mmap + non-mmap):         86699008 Byte
20220312 064558.622 INFO             PET0 PIOc_freedecomp Exit - MemInfo: Wall-clock time since execution start:                 3.9302 seconds
20220312 064558.622 INFO             PET0  PASS  Write 2D ESMF_Array with Halo to NetCDF Test, ESMF_ArrayIOUTest.F90, line 547
20220312 064558.804 WARNING          PET0 ESMCI_PIO_Handler.C:1344 ESMCI::PIO_Handler::open()  Unable to set fill on file: file2D_withhalo.nc, (PIO/NetCDF error = NetCDF: Write to read only)
20220312 064559.058 INFO             PET0 PIOc_sync Enter - MemInfo: [/proc/meminfo - SSI]	MemTotal:       196434604 kB
20220312 064559.058 INFO             PET0 PIOc_sync Enter - MemInfo: [/proc/meminfo - SSI]	MemFree:        189425156 kB
20220312 064559.058 INFO             PET0 PIOc_sync Enter - MemInfo: [/proc/meminfo - SSI]	MemAvailable:   191160412 kB
20220312 064559.058 INFO             PET0 PIOc_sync Enter - MemInfo: [/proc/meminfo - SSI]	Committed_AS:    2216612 kB
20220312 064559.058 INFO             PET0 PIOc_sync Enter - MemInfo: [/proc/meminfo - SSI]	CommittedPercent: 1.12842 %
20220312 064559.058 INFO             PET0 PIOc_sync Enter - MemInfo: [/proc/self/status]	VmPeak:	 3914028 kB
20220312 064559.058 INFO             PET0 PIOc_sync Enter - MemInfo: [/proc/self/status]	VmSize:	 3914024 kB
20220312 064559.058 INFO             PET0 PIOc_sync Enter - MemInfo: [/proc/self/status]	VmLck:	       0 kB
20220312 064559.058 INFO             PET0 PIOc_sync Enter - MemInfo: [/proc/self/status]	VmPin:	   80252 kB
20220312 064559.058 INFO             PET0 PIOc_sync Enter - MemInfo: [/proc/self/status]	VmHWM:	  182312 kB
20220312 064559.058 INFO             PET0 PIOc_sync Enter - MemInfo: [/proc/self/status]	VmRSS:	  182312 kB
20220312 064559.058 INFO             PET0 PIOc_sync Enter - MemInfo: [/proc/self/status]	VmData:	  216656 kB
20220312 064559.058 INFO             PET0 PIOc_sync Enter - MemInfo: [/proc/self/status]	VmStk:	     524 kB
20220312 064559.058 INFO             PET0 PIOc_sync Enter - MemInfo: [/proc/self/status]	VmExe:	    1900 kB
20220312 064559.058 INFO             PET0 PIOc_sync Enter - MemInfo: [/proc/self/status]	VmLib:	  174348 kB
20220312 064559.058 INFO             PET0 PIOc_sync Enter - MemInfo: [/proc/self/status]	VmPTE:	    1088 kB
20220312 064559.058 INFO             PET0 PIOc_sync Enter - MemInfo: [/proc/self/status]	VmSwap:	       0 kB
20220312 064559.058 INFO             PET0 PIOc_sync Enter - MemInfo: [/proc/self/status]	VmRSSPercent: 0.0928105 %
20220312 064559.058 INFO             PET0 PIOc_sync Enter - MemInfo: [malloc] Non-mmapped space allocated:                11448320 Byte
20220312 064559.058 INFO             PET0 PIOc_sync Enter - MemInfo: [malloc] Space allocated in mmapped regions:         84254720 Byte
20220312 064559.058 INFO             PET0 PIOc_sync Enter - MemInfo: [malloc] Maximum total allocated space:                     0 Byte
20220312 064559.058 INFO             PET0 PIOc_sync Enter - MemInfo: [malloc] Space in freed fastbin blocks:                   464 Byte
20220312 064559.058 INFO             PET0 PIOc_sync Enter - MemInfo: [malloc] Total allocated space:                      11362496 Byte
20220312 064559.058 INFO             PET0 PIOc_sync Enter - MemInfo: [malloc] Total free space:                              85824 Byte
20220312 064559.058 INFO             PET0 PIOc_sync Enter - MemInfo: [malloc] Top-most, releasable space:                    84752 Byte
20220312 064559.058 INFO             PET0 PIOc_sync Enter - MemInfo: [malloc] Total space in use, mmap + non-mmap:        95617216 Byte
20220312 064559.059 INFO             PET0 PIOc_sync Enter - MemInfo: [malloc] Total space held (mmap + non-mmap):         95703040 Byte
20220312 064559.059 INFO             PET0 PIOc_sync Enter - MemInfo: [malloc] Total space used (mmap + non-mmap):         95626608 Byte
20220312 064559.059 INFO             PET0 PIOc_sync Enter - MemInfo: Wall-clock time since execution start:                4.36608 seconds
20220312 064559.059 INFO             PET0 PIOc_sync Exit - MemInfo: [/proc/meminfo - SSI]	MemTotal:       196434604 kB
20220312 064559.059 INFO             PET0 PIOc_sync Exit - MemInfo: [/proc/meminfo - SSI]	MemFree:        189425156 kB
20220312 064559.059 INFO             PET0 PIOc_sync Exit - MemInfo: [/proc/meminfo - SSI]	MemAvailable:   191160412 kB
20220312 064559.059 INFO             PET0 PIOc_sync Exit - MemInfo: [/proc/meminfo - SSI]	Committed_AS:    2216612 kB
20220312 064559.059 INFO             PET0 PIOc_sync Exit - MemInfo: [/proc/meminfo - SSI]	CommittedPercent: 1.12842 %
20220312 064559.059 INFO             PET0 PIOc_sync Exit - MemInfo: [/proc/self/status]	VmPeak:	 3914028 kB
20220312 064559.059 INFO             PET0 PIOc_sync Exit - MemInfo: [/proc/self/status]	VmSize:	 3914024 kB
20220312 064559.059 INFO             PET0 PIOc_sync Exit - MemInfo: [/proc/self/status]	VmLck:	       0 kB
20220312 064559.059 INFO             PET0 PIOc_sync Exit - MemInfo: [/proc/self/status]	VmPin:	   80252 kB
20220312 064559.059 INFO             PET0 PIOc_sync Exit - MemInfo: [/proc/self/status]	VmHWM:	  182312 kB
20220312 064559.059 INFO             PET0 PIOc_sync Exit - MemInfo: [/proc/self/status]	VmRSS:	  182312 kB
20220312 064559.059 INFO             PET0 PIOc_sync Exit - MemInfo: [/proc/self/status]	VmData:	  216656 kB
20220312 064559.059 INFO             PET0 PIOc_sync Exit - MemInfo: [/proc/self/status]	VmStk:	     524 kB
20220312 064559.059 INFO             PET0 PIOc_sync Exit - MemInfo: [/proc/self/status]	VmExe:	    1900 kB
20220312 064559.059 INFO             PET0 PIOc_sync Exit - MemInfo: [/proc/self/status]	VmLib:	  174348 kB
20220312 064559.059 INFO             PET0 PIOc_sync Exit - MemInfo: [/proc/self/status]	VmPTE:	    1088 kB
20220312 064559.059 INFO             PET0 PIOc_sync Exit - MemInfo: [/proc/self/status]	VmSwap:	       0 kB
20220312 064559.059 INFO             PET0 PIOc_sync Exit - MemInfo: [/proc/self/status]	VmRSSPercent: 0.0928105 %
