build time -- 2022-03-12 04:21:21
20220312 065511.327 INFO             PET0 !!!!!!!!!!!!!!!!!!!!!!!!!!!!!!!!!!!!!!!!!!!!!!!!!!!!!!
20220312 065511.329 INFO             PET0 !!! THE ESMF_LOG IS SET TO OUTPUT ALL LOG MESSAGES !!!
20220312 065511.329 INFO             PET0 !!!     THIS MAY CAUSE SLOWDOWN IN PERFORMANCE     !!!
20220312 065511.329 INFO             PET0 !!! FOR PRODUCTION RUNS, USE:                      !!!
20220312 065511.329 INFO             PET0 !!!                   ESMF_LOGKIND_Multi_On_Error  !!!
20220312 065511.329 INFO             PET0 !!!!!!!!!!!!!!!!!!!!!!!!!!!!!!!!!!!!!!!!!!!!!!!!!!!!!!
20220312 065511.329 INFO             PET0 Running with ESMF Version   : v8.3.0b09-96-g559b459
20220312 065511.329 INFO             PET0 ESMF library build date/time: "Mar 12 2022" "04:14:43"
20220312 065511.329 INFO             PET0 ESMF library build location : /work/noaa/da/mpotts/sandbox/intel_2020_intelmpi_g_jedwards_pio_update2
20220312 065511.329 INFO             PET0 ESMF_COMM                   : intelmpi
20220312 065511.332 INFO             PET0 ESMF_MOAB                   : enabled
20220312 065511.332 INFO             PET0 ESMF_LAPACK                 : enabled
20220312 065511.332 INFO             PET0 ESMF_NETCDF                 : enabled
20220312 065511.332 INFO             PET0 ESMF_PNETCDF                : disabled
20220312 065511.332 INFO             PET0 ESMF_PIO                    : enabled
20220312 065511.332 INFO             PET0 ESMF_YAMLCPP                : enabled
20220312 065511.360 INFO             PET0  Beginning Test, file ESMF_IOUTest.F90, line 57
20220312 065511.360 INFO             PET0  NUMBER_OF_PROCESSORS           4
20220312 065511.360 INFO             PET0 Starting Test:  ESMF_OutputWeightFile
20220312 065511.888 INFO             PET0 PIOc_sync Enter - MemInfo: [/proc/meminfo - SSI]	MemTotal:       196434604 kB
20220312 065511.888 INFO             PET0 PIOc_sync Enter - MemInfo: [/proc/meminfo - SSI]	MemFree:        189698520 kB
20220312 065511.888 INFO             PET0 PIOc_sync Enter - MemInfo: [/proc/meminfo - SSI]	MemAvailable:   191463124 kB
20220312 065511.888 INFO             PET0 PIOc_sync Enter - MemInfo: [/proc/meminfo - SSI]	Committed_AS:    1642700 kB
20220312 065511.888 INFO             PET0 PIOc_sync Enter - MemInfo: [/proc/meminfo - SSI]	CommittedPercent: 0.836258 %
20220312 065511.889 INFO             PET0 PIOc_sync Enter - MemInfo: [/proc/self/status]	VmPeak:	 3836324 kB
20220312 065511.889 INFO             PET0 PIOc_sync Enter - MemInfo: [/proc/self/status]	VmSize:	 3836324 kB
20220312 065511.889 INFO             PET0 PIOc_sync Enter - MemInfo: [/proc/self/status]	VmLck:	       0 kB
20220312 065511.889 INFO             PET0 PIOc_sync Enter - MemInfo: [/proc/self/status]	VmPin:	   69756 kB
20220312 065511.889 INFO             PET0 PIOc_sync Enter - MemInfo: [/proc/self/status]	VmHWM:	  172320 kB
20220312 065511.889 INFO             PET0 PIOc_sync Enter - MemInfo: [/proc/self/status]	VmRSS:	  172320 kB
20220312 065511.889 INFO             PET0 PIOc_sync Enter - MemInfo: [/proc/self/status]	VmData:	  206052 kB
20220312 065511.889 INFO             PET0 PIOc_sync Enter - MemInfo: [/proc/self/status]	VmStk:	     520 kB
20220312 065511.889 INFO             PET0 PIOc_sync Enter - MemInfo: [/proc/self/status]	VmExe:	    1668 kB
20220312 065511.889 INFO             PET0 PIOc_sync Enter - MemInfo: [/proc/self/status]	VmLib:	  174348 kB
20220312 065511.889 INFO             PET0 PIOc_sync Enter - MemInfo: [/proc/self/status]	VmPTE:	     992 kB
20220312 065511.889 INFO             PET0 PIOc_sync Enter - MemInfo: [/proc/self/status]	VmSwap:	       0 kB
20220312 065511.889 INFO             PET0 PIOc_sync Enter - MemInfo: [/proc/self/status]	VmRSSPercent: 0.0877239 %
20220312 065511.889 INFO             PET0 PIOc_sync Enter - MemInfo: [malloc] Non-mmapped space allocated:                 2420736 Byte
20220312 065511.889 INFO             PET0 PIOc_sync Enter - MemInfo: [malloc] Space allocated in mmapped regions:         80588800 Byte
20220312 065511.889 INFO             PET0 PIOc_sync Enter - MemInfo: [malloc] Maximum total allocated space:                     0 Byte
20220312 065511.889 INFO             PET0 PIOc_sync Enter - MemInfo: [malloc] Space in freed fastbin blocks:                   352 Byte
20220312 065511.889 INFO             PET0 PIOc_sync Enter - MemInfo: [malloc] Total allocated space:                       2331216 Byte
20220312 065511.889 INFO             PET0 PIOc_sync Enter - MemInfo: [malloc] Total free space:                              89520 Byte
20220312 065511.889 INFO             PET0 PIOc_sync Enter - MemInfo: [malloc] Top-most, releasable space:                    88592 Byte
20220312 065511.889 INFO             PET0 PIOc_sync Enter - MemInfo: [malloc] Total space in use, mmap + non-mmap:        82920016 Byte
20220312 065511.889 INFO             PET0 PIOc_sync Enter - MemInfo: [malloc] Total space held (mmap + non-mmap):         83009536 Byte
20220312 065511.889 INFO             PET0 PIOc_sync Enter - MemInfo: [malloc] Total space used (mmap + non-mmap):         82929408 Byte
20220312 065511.889 INFO             PET0 PIOc_sync Enter - MemInfo: Wall-clock time since execution start:                1.12056 seconds
20220312 065511.916 INFO             PET0 PIOc_sync Exit - MemInfo: [/proc/meminfo - SSI]	MemTotal:       196434604 kB
20220312 065511.916 INFO             PET0 PIOc_sync Exit - MemInfo: [/proc/meminfo - SSI]	MemFree:        189698520 kB
20220312 065511.916 INFO             PET0 PIOc_sync Exit - MemInfo: [/proc/meminfo - SSI]	MemAvailable:   191463124 kB
20220312 065511.916 INFO             PET0 PIOc_sync Exit - MemInfo: [/proc/meminfo - SSI]	Committed_AS:    1642700 kB
20220312 065511.916 INFO             PET0 PIOc_sync Exit - MemInfo: [/proc/meminfo - SSI]	CommittedPercent: 0.836258 %
20220312 065511.917 INFO             PET0 PIOc_sync Exit - MemInfo: [/proc/self/status]	VmPeak:	 3836324 kB
20220312 065511.917 INFO             PET0 PIOc_sync Exit - MemInfo: [/proc/self/status]	VmSize:	 3836324 kB
20220312 065511.917 INFO             PET0 PIOc_sync Exit - MemInfo: [/proc/self/status]	VmLck:	       0 kB
20220312 065511.917 INFO             PET0 PIOc_sync Exit - MemInfo: [/proc/self/status]	VmPin:	   69756 kB
20220312 065511.917 INFO             PET0 PIOc_sync Exit - MemInfo: [/proc/self/status]	VmHWM:	  172536 kB
20220312 065511.917 INFO             PET0 PIOc_sync Exit - MemInfo: [/proc/self/status]	VmRSS:	  172536 kB
20220312 065511.917 INFO             PET0 PIOc_sync Exit - MemInfo: [/proc/self/status]	VmData:	  206052 kB
20220312 065511.917 INFO             PET0 PIOc_sync Exit - MemInfo: [/proc/self/status]	VmStk:	     520 kB
20220312 065511.917 INFO             PET0 PIOc_sync Exit - MemInfo: [/proc/self/status]	VmExe:	    1668 kB
20220312 065511.917 INFO             PET0 PIOc_sync Exit - MemInfo: [/proc/self/status]	VmLib:	  174348 kB
20220312 065511.917 INFO             PET0 PIOc_sync Exit - MemInfo: [/proc/self/status]	VmPTE:	     992 kB
20220312 065511.917 INFO             PET0 PIOc_sync Exit - MemInfo: [/proc/self/status]	VmSwap:	       0 kB
20220312 065511.917 INFO             PET0 PIOc_sync Exit - MemInfo: [/proc/self/status]	VmRSSPercent: 0.0878338 %
20220312 065511.917 INFO             PET0 PIOc_sync Exit - MemInfo: [malloc] Non-mmapped space allocated:                 2420736 Byte
20220312 065511.917 INFO             PET0 PIOc_sync Exit - MemInfo: [malloc] Space allocated in mmapped regions:         80588800 Byte
20220312 065511.917 INFO             PET0 PIOc_sync Exit - MemInfo: [malloc] Maximum total allocated space:                     0 Byte
20220312 065511.917 INFO             PET0 PIOc_sync Exit - MemInfo: [malloc] Space in freed fastbin blocks:                   144 Byte
20220312 065511.917 INFO             PET0 PIOc_sync Exit - MemInfo: [malloc] Total allocated space:                       2330432 Byte
20220312 065511.917 INFO             PET0 PIOc_sync Exit - MemInfo: [malloc] Total free space:                              90304 Byte
20220312 065511.917 INFO             PET0 PIOc_sync Exit - MemInfo: [malloc] Top-most, releasable space:                    90128 Byte
20220312 065511.917 INFO             PET0 PIOc_sync Exit - MemInfo: [malloc] Total space in use, mmap + non-mmap:        82919232 Byte
20220312 065511.917 INFO             PET0 PIOc_sync Exit - MemInfo: [malloc] Total space held (mmap + non-mmap):         83009536 Byte
20220312 065511.917 INFO             PET0 PIOc_sync Exit - MemInfo: [malloc] Total space used (mmap + non-mmap):         82928608 Byte
20220312 065511.917 INFO             PET0 PIOc_sync Exit - MemInfo: Wall-clock time since execution start:                1.14845 seconds
20220312 065511.918 INFO             PET0 PIOc_freedecomp Enter - MemInfo: [/proc/meminfo - SSI]	MemTotal:       196434604 kB
20220312 065511.918 INFO             PET0 PIOc_freedecomp Enter - MemInfo: [/proc/meminfo - SSI]	MemFree:        189705044 kB
20220312 065511.918 INFO             PET0 PIOc_freedecomp Enter - MemInfo: [/proc/meminfo - SSI]	MemAvailable:   191469648 kB
20220312 065511.918 INFO             PET0 PIOc_freedecomp Enter - MemInfo: [/proc/meminfo - SSI]	Committed_AS:    1634976 kB
20220312 065511.918 INFO             PET0 PIOc_freedecomp Enter - MemInfo: [/proc/meminfo - SSI]	CommittedPercent: 0.832326 %
20220312 065511.918 INFO             PET0 PIOc_freedecomp Enter - MemInfo: [/proc/self/status]	VmPeak:	 3836324 kB
20220312 065511.918 INFO             PET0 PIOc_freedecomp Enter - MemInfo: [/proc/self/status]	VmSize:	 3827612 kB
20220312 065511.918 INFO             PET0 PIOc_freedecomp Enter - MemInfo: [/proc/self/status]	VmLck:	       0 kB
20220312 065511.918 INFO             PET0 PIOc_freedecomp Enter - MemInfo: [/proc/self/status]	VmPin:	   69756 kB
20220312 065511.918 INFO             PET0 PIOc_freedecomp Enter - MemInfo: [/proc/self/status]	VmHWM:	  172536 kB
20220312 065511.918 INFO             PET0 PIOc_freedecomp Enter - MemInfo: [/proc/self/status]	VmRSS:	  164344 kB
20220312 065511.918 INFO             PET0 PIOc_freedecomp Enter - MemInfo: [/proc/self/status]	VmData:	  197340 kB
20220312 065511.918 INFO             PET0 PIOc_freedecomp Enter - MemInfo: [/proc/self/status]	VmStk:	     520 kB
20220312 065511.918 INFO             PET0 PIOc_freedecomp Enter - MemInfo: [/proc/self/status]	VmExe:	    1668 kB
20220312 065511.918 INFO             PET0 PIOc_freedecomp Enter - MemInfo: [/proc/self/status]	VmLib:	  174348 kB
20220312 065511.918 INFO             PET0 PIOc_freedecomp Enter - MemInfo: [/proc/self/status]	VmPTE:	     976 kB
20220312 065511.918 INFO             PET0 PIOc_freedecomp Enter - MemInfo: [/proc/self/status]	VmSwap:	       0 kB
20220312 065511.918 INFO             PET0 PIOc_freedecomp Enter - MemInfo: [/proc/self/status]	VmRSSPercent: 0.0836635 %
20220312 065511.918 INFO             PET0 PIOc_freedecomp Enter - MemInfo: [malloc] Non-mmapped space allocated:                 2420736 Byte
20220312 065511.918 INFO             PET0 PIOc_freedecomp Enter - MemInfo: [malloc] Space allocated in mmapped regions:         71667712 Byte
20220312 065511.918 INFO             PET0 PIOc_freedecomp Enter - MemInfo: [malloc] Maximum total allocated space:                     0 Byte
20220312 065511.918 INFO             PET0 PIOc_freedecomp Enter - MemInfo: [malloc] Space in freed fastbin blocks:                  1216 Byte
20220312 065511.918 INFO             PET0 PIOc_freedecomp Enter - MemInfo: [malloc] Total allocated space:                       2317328 Byte
20220312 065511.918 INFO             PET0 PIOc_freedecomp Enter - MemInfo: [malloc] Total free space:                             103408 Byte
20220312 065511.918 INFO             PET0 PIOc_freedecomp Enter - MemInfo: [malloc] Top-most, releasable space:                    89184 Byte
20220312 065511.918 INFO             PET0 PIOc_freedecomp Enter - MemInfo: [malloc] Total space in use, mmap + non-mmap:        73985040 Byte
20220312 065511.918 INFO             PET0 PIOc_freedecomp Enter - MemInfo: [malloc] Total space held (mmap + non-mmap):         74088448 Byte
20220312 065511.918 INFO             PET0 PIOc_freedecomp Enter - MemInfo: [malloc] Total space used (mmap + non-mmap):         73994416 Byte
20220312 065511.918 INFO             PET0 PIOc_freedecomp Enter - MemInfo: Wall-clock time since execution start:                 1.1497 seconds
20220312 065511.918 INFO             PET0 PIOc_freedecomp Exit - MemInfo: [/proc/meminfo - SSI]	MemTotal:       196434604 kB
20220312 065511.918 INFO             PET0 PIOc_freedecomp Exit - MemInfo: [/proc/meminfo - SSI]	MemFree:        189705044 kB
20220312 065511.918 INFO             PET0 PIOc_freedecomp Exit - MemInfo: [/proc/meminfo - SSI]	MemAvailable:   191469648 kB
20220312 065511.919 INFO             PET0 PIOc_freedecomp Exit - MemInfo: [/proc/meminfo - SSI]	Committed_AS:    1634976 kB
20220312 065511.919 INFO             PET0 PIOc_freedecomp Exit - MemInfo: [/proc/meminfo - SSI]	CommittedPercent: 0.832326 %
20220312 065511.919 INFO             PET0 PIOc_freedecomp Exit - MemInfo: [/proc/self/status]	VmPeak:	 3836324 kB
20220312 065511.919 INFO             PET0 PIOc_freedecomp Exit - MemInfo: [/proc/self/status]	VmSize:	 3827612 kB
20220312 065511.919 INFO             PET0 PIOc_freedecomp Exit - MemInfo: [/proc/self/status]	VmLck:	       0 kB
20220312 065511.919 INFO             PET0 PIOc_freedecomp Exit - MemInfo: [/proc/self/status]	VmPin:	   69756 kB
20220312 065511.919 INFO             PET0 PIOc_freedecomp Exit - MemInfo: [/proc/self/status]	VmHWM:	  172536 kB
20220312 065511.919 INFO             PET0 PIOc_freedecomp Exit - MemInfo: [/proc/self/status]	VmRSS:	  164344 kB
20220312 065511.919 INFO             PET0 PIOc_freedecomp Exit - MemInfo: [/proc/self/status]	VmData:	  197340 kB
20220312 065511.919 INFO             PET0 PIOc_freedecomp Exit - MemInfo: [/proc/self/status]	VmStk:	     520 kB
20220312 065511.919 INFO             PET0 PIOc_freedecomp Exit - MemInfo: [/proc/self/status]	VmExe:	    1668 kB
20220312 065511.919 INFO             PET0 PIOc_freedecomp Exit - MemInfo: [/proc/self/status]	VmLib:	  174348 kB
20220312 065511.919 INFO             PET0 PIOc_freedecomp Exit - MemInfo: [/proc/self/status]	VmPTE:	     976 kB
20220312 065511.919 INFO             PET0 PIOc_freedecomp Exit - MemInfo: [/proc/self/status]	VmSwap:	       0 kB
20220312 065511.919 INFO             PET0 PIOc_freedecomp Exit - MemInfo: [/proc/self/status]	VmRSSPercent: 0.0836635 %
20220312 065511.919 INFO             PET0 PIOc_freedecomp Exit - MemInfo: [malloc] Non-mmapped space allocated:                 2420736 Byte
20220312 065511.919 INFO             PET0 PIOc_freedecomp Exit - MemInfo: [malloc] Space allocated in mmapped regions:         71667712 Byte
20220312 065511.919 INFO             PET0 PIOc_freedecomp Exit - MemInfo: [malloc] Maximum total allocated space:                     0 Byte
20220312 065511.919 INFO             PET0 PIOc_freedecomp Exit - MemInfo: [malloc] Space in freed fastbin blocks:                   352 Byte
20220312 065511.919 INFO             PET0 PIOc_freedecomp Exit - MemInfo: [malloc] Total allocated space:                       2315568 Byte
20220312 065511.919 INFO             PET0 PIOc_freedecomp Exit - MemInfo: [malloc] Total free space:                             105168 Byte
20220312 065511.919 INFO             PET0 PIOc_freedecomp Exit - MemInfo: [malloc] Top-most, releasable space:                   102576 Byte
20220312 065511.919 INFO             PET0 PIOc_freedecomp Exit - MemInfo: [malloc] Total space in use, mmap + non-mmap:        73983280 Byte
20220312 065511.919 INFO             PET0 PIOc_freedecomp Exit - MemInfo: [malloc] Total space held (mmap + non-mmap):         74088448 Byte
20220312 065511.919 INFO             PET0 PIOc_freedecomp Exit - MemInfo: [malloc] Total space used (mmap + non-mmap):         73992672 Byte
20220312 065511.919 INFO             PET0 PIOc_freedecomp Exit - MemInfo: Wall-clock time since execution start:                 1.1505 seconds
20220312 065512.302 INFO             PET0 PIOc_sync Enter - MemInfo: [/proc/meminfo - SSI]	MemTotal:       196434604 kB
20220312 065512.302 INFO             PET0 PIOc_sync Enter - MemInfo: [/proc/meminfo - SSI]	MemFree:        189701436 kB
20220312 065512.302 INFO             PET0 PIOc_sync Enter - MemInfo: [/proc/meminfo - SSI]	MemAvailable:   191466040 kB
20220312 065512.302 INFO             PET0 PIOc_sync Enter - MemInfo: [/proc/meminfo - SSI]	Committed_AS:    1643200 kB
20220312 065512.302 INFO             PET0 PIOc_sync Enter - MemInfo: [/proc/meminfo - SSI]	CommittedPercent: 0.836512 %
20220312 065512.302 INFO             PET0 PIOc_sync Enter - MemInfo: [/proc/self/status]	VmPeak:	 3836344 kB
20220312 065512.303 INFO             PET0 PIOc_sync Enter - MemInfo: [/proc/self/status]	VmSize:	 3836344 kB
20220312 065512.303 INFO             PET0 PIOc_sync Enter - MemInfo: [/proc/self/status]	VmLck:	       0 kB
20220312 065512.303 INFO             PET0 PIOc_sync Enter - MemInfo: [/proc/self/status]	VmPin:	   69756 kB
20220312 065512.303 INFO             PET0 PIOc_sync Enter - MemInfo: [/proc/self/status]	VmHWM:	  172536 kB
20220312 065512.303 INFO             PET0 PIOc_sync Enter - MemInfo: [/proc/self/status]	VmRSS:	  169144 kB
20220312 065512.303 INFO             PET0 PIOc_sync Enter - MemInfo: [/proc/self/status]	VmData:	  206072 kB
20220312 065512.303 INFO             PET0 PIOc_sync Enter - MemInfo: [/proc/self/status]	VmStk:	     520 kB
20220312 065512.303 INFO             PET0 PIOc_sync Enter - MemInfo: [/proc/self/status]	VmExe:	    1668 kB
20220312 065512.303 INFO             PET0 PIOc_sync Enter - MemInfo: [/proc/self/status]	VmLib:	  174348 kB
20220312 065512.303 INFO             PET0 PIOc_sync Enter - MemInfo: [/proc/self/status]	VmPTE:	     988 kB
20220312 065512.303 INFO             PET0 PIOc_sync Enter - MemInfo: [/proc/self/status]	VmSwap:	       0 kB
20220312 065512.303 INFO             PET0 PIOc_sync Enter - MemInfo: [/proc/self/status]	VmRSSPercent: 0.086107 %
20220312 065512.303 INFO             PET0 PIOc_sync Enter - MemInfo: [malloc] Non-mmapped space allocated:                11362304 Byte
20220312 065512.303 INFO             PET0 PIOc_sync Enter - MemInfo: [malloc] Space allocated in mmapped regions:         71667712 Byte
20220312 065512.303 INFO             PET0 PIOc_sync Enter - MemInfo: [malloc] Maximum total allocated space:                     0 Byte
20220312 065512.303 INFO             PET0 PIOc_sync Enter - MemInfo: [malloc] Space in freed fastbin blocks:                   144 Byte
20220312 065512.303 INFO             PET0 PIOc_sync Enter - MemInfo: [malloc] Total allocated space:                      11244496 Byte
20220312 065512.303 INFO             PET0 PIOc_sync Enter - MemInfo: [malloc] Total free space:                             117808 Byte
20220312 065512.303 INFO             PET0 PIOc_sync Enter - MemInfo: [malloc] Top-most, releasable space:                   116976 Byte
20220312 065512.303 INFO             PET0 PIOc_sync Enter - MemInfo: [malloc] Total space in use, mmap + non-mmap:        82912208 Byte
20220312 065512.303 INFO             PET0 PIOc_sync Enter - MemInfo: [malloc] Total space held (mmap + non-mmap):         83030016 Byte
20220312 065512.303 INFO             PET0 PIOc_sync Enter - MemInfo: [malloc] Total space used (mmap + non-mmap):         82921584 Byte
20220312 065512.303 INFO             PET0 PIOc_sync Enter - MemInfo: Wall-clock time since execution start:                1.53339 seconds
20220312 065512.338 INFO             PET0 PIOc_sync Exit - MemInfo: [/proc/meminfo - SSI]	MemTotal:       196434604 kB
20220312 065512.338 INFO             PET0 PIOc_sync Exit - MemInfo: [/proc/meminfo - SSI]	MemFree:        189701436 kB
20220312 065512.338 INFO             PET0 PIOc_sync Exit - MemInfo: [/proc/meminfo - SSI]	MemAvailable:   191466040 kB
20220312 065512.338 INFO             PET0 PIOc_sync Exit - MemInfo: [/proc/meminfo - SSI]	Committed_AS:    1643200 kB
20220312 065512.338 INFO             PET0 PIOc_sync Exit - MemInfo: [/proc/meminfo - SSI]	CommittedPercent: 0.836512 %
20220312 065512.338 INFO             PET0 PIOc_sync Exit - MemInfo: [/proc/self/status]	VmPeak:	 3836344 kB
20220312 065512.338 INFO             PET0 PIOc_sync Exit - MemInfo: [/proc/self/status]	VmSize:	 3836344 kB
20220312 065512.338 INFO             PET0 PIOc_sync Exit - MemInfo: [/proc/self/status]	VmLck:	       0 kB
20220312 065512.338 INFO             PET0 PIOc_sync Exit - MemInfo: [/proc/self/status]	VmPin:	   69756 kB
20220312 065512.338 INFO             PET0 PIOc_sync Exit - MemInfo: [/proc/self/status]	VmHWM:	  172536 kB
20220312 065512.338 INFO             PET0 PIOc_sync Exit - MemInfo: [/proc/self/status]	VmRSS:	  169164 kB
20220312 065512.338 INFO             PET0 PIOc_sync Exit - MemInfo: [/proc/self/status]	VmData:	  206072 kB
20220312 065512.338 INFO             PET0 PIOc_sync Exit - MemInfo: [/proc/self/status]	VmStk:	     520 kB
20220312 065512.338 INFO             PET0 PIOc_sync Exit - MemInfo: [/proc/self/status]	VmExe:	    1668 kB
20220312 065512.338 INFO             PET0 PIOc_sync Exit - MemInfo: [/proc/self/status]	VmLib:	  174348 kB
20220312 065512.339 INFO             PET0 PIOc_sync Exit - MemInfo: [/proc/self/status]	VmPTE:	     988 kB
20220312 065512.339 INFO             PET0 PIOc_sync Exit - MemInfo: [/proc/self/status]	VmSwap:	       0 kB
20220312 065512.339 INFO             PET0 PIOc_sync Exit - MemInfo: [/proc/self/status]	VmRSSPercent: 0.0861172 %
20220312 065512.339 INFO             PET0 PIOc_sync Exit - MemInfo: [malloc] Non-mmapped space allocated:                11362304 Byte
20220312 065512.339 INFO             PET0 PIOc_sync Exit - MemInfo: [malloc] Space allocated in mmapped regions:         71667712 Byte
20220312 065512.339 INFO             PET0 PIOc_sync Exit - MemInfo: [malloc] Maximum total allocated space:                     0 Byte
20220312 065512.339 INFO             PET0 PIOc_sync Exit - MemInfo: [malloc] Space in freed fastbin blocks:                   144 Byte
20220312 065512.339 INFO             PET0 PIOc_sync Exit - MemInfo: [malloc] Total allocated space:                      11243744 Byte
20220312 065512.339 INFO             PET0 PIOc_sync Exit - MemInfo: [malloc] Total free space:                             118560 Byte
20220312 065512.339 INFO             PET0 PIOc_sync Exit - MemInfo: [malloc] Top-most, releasable space:                   117504 Byte
20220312 065512.339 INFO             PET0 PIOc_sync Exit - MemInfo: [malloc] Total space in use, mmap + non-mmap:        82911456 Byte
20220312 065512.339 INFO             PET0 PIOc_sync Exit - MemInfo: [malloc] Total space held (mmap + non-mmap):         83030016 Byte
20220312 065512.339 INFO             PET0 PIOc_sync Exit - MemInfo: [malloc] Total space used (mmap + non-mmap):         82920832 Byte
20220312 065512.339 INFO             PET0 PIOc_sync Exit - MemInfo: Wall-clock time since execution start:                1.56924 seconds
20220312 065512.339 INFO             PET0 PIOc_freedecomp Enter - MemInfo: [/proc/meminfo - SSI]	MemTotal:       196434604 kB
20220312 065512.339 INFO             PET0 PIOc_freedecomp Enter - MemInfo: [/proc/meminfo - SSI]	MemFree:        189701436 kB
20220312 065512.339 INFO             PET0 PIOc_freedecomp Enter - MemInfo: [/proc/meminfo - SSI]	MemAvailable:   191466040 kB
20220312 065512.339 INFO             PET0 PIOc_freedecomp Enter - MemInfo: [/proc/meminfo - SSI]	Committed_AS:    1643200 kB
20220312 065512.339 INFO             PET0 PIOc_freedecomp Enter - MemInfo: [/proc/meminfo - SSI]	CommittedPercent: 0.836512 %
20220312 065512.339 INFO             PET0 PIOc_freedecomp Enter - MemInfo: [/proc/self/status]	VmPeak:	 3836344 kB
20220312 065512.339 INFO             PET0 PIOc_freedecomp Enter - MemInfo: [/proc/self/status]	VmSize:	 3836344 kB
20220312 065512.339 INFO             PET0 PIOc_freedecomp Enter - MemInfo: [/proc/self/status]	VmLck:	       0 kB
20220312 065512.339 INFO             PET0 PIOc_freedecomp Enter - MemInfo: [/proc/self/status]	VmPin:	   69756 kB
20220312 065512.339 INFO             PET0 PIOc_freedecomp Enter - MemInfo: [/proc/self/status]	VmHWM:	  172536 kB
20220312 065512.339 INFO             PET0 PIOc_freedecomp Enter - MemInfo: [/proc/self/status]	VmRSS:	  169164 kB
20220312 065512.339 INFO             PET0 PIOc_freedecomp Enter - MemInfo: [/proc/self/status]	VmData:	  206072 kB
20220312 065512.339 INFO             PET0 PIOc_freedecomp Enter - MemInfo: [/proc/self/status]	VmStk:	     520 kB
20220312 065512.340 INFO             PET0 PIOc_freedecomp Enter - MemInfo: [/proc/self/status]	VmExe:	    1668 kB
20220312 065512.340 INFO             PET0 PIOc_freedecomp Enter - MemInfo: [/proc/self/status]	VmLib:	  174348 kB
20220312 065512.340 INFO             PET0 PIOc_freedecomp Enter - MemInfo: [/proc/self/status]	VmPTE:	     988 kB
20220312 065512.340 INFO             PET0 PIOc_freedecomp Enter - MemInfo: [/proc/self/status]	VmSwap:	       0 kB
20220312 065512.340 INFO             PET0 PIOc_freedecomp Enter - MemInfo: [/proc/self/status]	VmRSSPercent: 0.0861172 %
20220312 065512.340 INFO             PET0 PIOc_freedecomp Enter - MemInfo: [malloc] Non-mmapped space allocated:                11362304 Byte
20220312 065512.340 INFO             PET0 PIOc_freedecomp Enter - MemInfo: [malloc] Space allocated in mmapped regions:         71667712 Byte
20220312 065512.340 INFO             PET0 PIOc_freedecomp Enter - MemInfo: [malloc] Maximum total allocated space:                     0 Byte
20220312 065512.340 INFO             PET0 PIOc_freedecomp Enter - MemInfo: [malloc] Space in freed fastbin blocks:                   368 Byte
20220312 065512.340 INFO             PET0 PIOc_freedecomp Enter - MemInfo: [malloc] Total allocated space:                       2317312 Byte
20220312 065512.340 INFO             PET0 PIOc_freedecomp Enter - MemInfo: [malloc] Total free space:                            9044992 Byte
20220312 065512.340 INFO             PET0 PIOc_freedecomp Enter - MemInfo: [malloc] Top-most, releasable space:                   118416 Byte
20220312 065512.340 INFO             PET0 PIOc_freedecomp Enter - MemInfo: [malloc] Total space in use, mmap + non-mmap:        73985024 Byte
20220312 065512.340 INFO             PET0 PIOc_freedecomp Enter - MemInfo: [malloc] Total space held (mmap + non-mmap):         83030016 Byte
20220312 065512.340 INFO             PET0 PIOc_freedecomp Enter - MemInfo: [malloc] Total space used (mmap + non-mmap):         73994400 Byte
20220312 065512.340 INFO             PET0 PIOc_freedecomp Enter - MemInfo: Wall-clock time since execution start:                1.57031 seconds
20220312 065512.340 INFO             PET0 PIOc_freedecomp Exit - MemInfo: [/proc/meminfo - SSI]	MemTotal:       196434604 kB
20220312 065512.340 INFO             PET0 PIOc_freedecomp Exit - MemInfo: [/proc/meminfo - SSI]	MemFree:        189701436 kB
20220312 065512.340 INFO             PET0 PIOc_freedecomp Exit - MemInfo: [/proc/meminfo - SSI]	MemAvailable:   191466040 kB
20220312 065512.340 INFO             PET0 PIOc_freedecomp Exit - MemInfo: [/proc/meminfo - SSI]	Committed_AS:    1643200 kB
20220312 065512.340 INFO             PET0 PIOc_freedecomp Exit - MemInfo: [/proc/meminfo - SSI]	CommittedPercent: 0.836512 %
20220312 065512.340 INFO             PET0 PIOc_freedecomp Exit - MemInfo: [/proc/self/status]	VmPeak:	 3836344 kB
20220312 065512.340 INFO             PET0 PIOc_freedecomp Exit - MemInfo: [/proc/self/status]	VmSize:	 3836344 kB
20220312 065512.340 INFO             PET0 PIOc_freedecomp Exit - MemInfo: [/proc/self/status]	VmLck:	       0 kB
20220312 065512.340 INFO             PET0 PIOc_freedecomp Exit - MemInfo: [/proc/self/status]	VmPin:	   69756 kB
20220312 065512.340 INFO             PET0 PIOc_freedecomp Exit - MemInfo: [/proc/self/status]	VmHWM:	  172536 kB
20220312 065512.340 INFO             PET0 PIOc_freedecomp Exit - MemInfo: [/proc/self/status]	VmRSS:	  169164 kB
20220312 065512.340 INFO             PET0 PIOc_freedecomp Exit - MemInfo: [/proc/self/status]	VmData:	  206072 kB
20220312 065512.340 INFO             PET0 PIOc_freedecomp Exit - MemInfo: [/proc/self/status]	VmStk:	     520 kB
20220312 065512.340 INFO             PET0 PIOc_freedecomp Exit - MemInfo: [/proc/self/status]	VmExe:	    1668 kB
20220312 065512.340 INFO             PET0 PIOc_freedecomp Exit - MemInfo: [/proc/self/status]	VmLib:	  174348 kB
20220312 065512.340 INFO             PET0 PIOc_freedecomp Exit - MemInfo: [/proc/self/status]	VmPTE:	     988 kB
20220312 065512.340 INFO             PET0 PIOc_freedecomp Exit - MemInfo: [/proc/self/status]	VmSwap:	       0 kB
20220312 065512.340 INFO             PET0 PIOc_freedecomp Exit - MemInfo: [/proc/self/status]	VmRSSPercent: 0.0861172 %
20220312 065512.340 INFO             PET0 PIOc_freedecomp Exit - MemInfo: [malloc] Non-mmapped space allocated:                11362304 Byte
20220312 065512.340 INFO             PET0 PIOc_freedecomp Exit - MemInfo: [malloc] Space allocated in mmapped regions:         71667712 Byte
20220312 065512.340 INFO             PET0 PIOc_freedecomp Exit - MemInfo: [malloc] Maximum total allocated space:                     0 Byte
20220312 065512.340 INFO             PET0 PIOc_freedecomp Exit - MemInfo: [malloc] Space in freed fastbin blocks:                   352 Byte
20220312 065512.341 INFO             PET0 PIOc_freedecomp Exit - MemInfo: [malloc] Total allocated space:                       2315568 Byte
20220312 065512.341 INFO             PET0 PIOc_freedecomp Exit - MemInfo: [malloc] Total free space:                            9046736 Byte
20220312 065512.341 INFO             PET0 PIOc_freedecomp Exit - MemInfo: [malloc] Top-most, releasable space:                   118944 Byte
20220312 065512.341 INFO             PET0 PIOc_freedecomp Exit - MemInfo: [malloc] Total space in use, mmap + non-mmap:        73983280 Byte
20220312 065512.341 INFO             PET0 PIOc_freedecomp Exit - MemInfo: [malloc] Total space held (mmap + non-mmap):         83030016 Byte
20220312 065512.341 INFO             PET0 PIOc_freedecomp Exit - MemInfo: [malloc] Total space used (mmap + non-mmap):         73992672 Byte
20220312 065512.341 INFO             PET0 PIOc_freedecomp Exit - MemInfo: Wall-clock time since execution start:                 1.5711 seconds
20220312 065512.806 INFO             PET0 PIOc_sync Enter - MemInfo: [/proc/meminfo - SSI]	MemTotal:       196434604 kB
20220312 065512.806 INFO             PET0 PIOc_sync Enter - MemInfo: [/proc/meminfo - SSI]	MemFree:        189700964 kB
20220312 065512.806 INFO             PET0 PIOc_sync Enter - MemInfo: [/proc/meminfo - SSI]	MemAvailable:   191465568 kB
20220312 065512.806 INFO             PET0 PIOc_sync Enter - MemInfo: [/proc/meminfo - SSI]	Committed_AS:    1643200 kB
20220312 065512.806 INFO             PET0 PIOc_sync Enter - MemInfo: [/proc/meminfo - SSI]	CommittedPercent: 0.836512 %
20220312 065512.806 INFO             PET0 PIOc_sync Enter - MemInfo: [/proc/self/status]	VmPeak:	 3836348 kB
20220312 065512.806 INFO             PET0 PIOc_sync Enter - MemInfo: [/proc/self/status]	VmSize:	 3836344 kB
20220312 065512.806 INFO             PET0 PIOc_sync Enter - MemInfo: [/proc/self/status]	VmLck:	       0 kB
20220312 065512.806 INFO             PET0 PIOc_sync Enter - MemInfo: [/proc/self/status]	VmPin:	   69756 kB
20220312 065512.806 INFO             PET0 PIOc_sync Enter - MemInfo: [/proc/self/status]	VmHWM:	  172536 kB
20220312 065512.806 INFO             PET0 PIOc_sync Enter - MemInfo: [/proc/self/status]	VmRSS:	  169616 kB
20220312 065512.806 INFO             PET0 PIOc_sync Enter - MemInfo: [/proc/self/status]	VmData:	  206072 kB
20220312 065512.806 INFO             PET0 PIOc_sync Enter - MemInfo: [/proc/self/status]	VmStk:	     520 kB
20220312 065512.806 INFO             PET0 PIOc_sync Enter - MemInfo: [/proc/self/status]	VmExe:	    1668 kB
20220312 065512.806 INFO             PET0 PIOc_sync Enter - MemInfo: [/proc/self/status]	VmLib:	  174348 kB
20220312 065512.807 INFO             PET0 PIOc_sync Enter - MemInfo: [/proc/self/status]	VmPTE:	     988 kB
20220312 065512.807 INFO             PET0 PIOc_sync Enter - MemInfo: [/proc/self/status]	VmSwap:	       0 kB
20220312 065512.807 INFO             PET0 PIOc_sync Enter - MemInfo: [/proc/self/status]	VmRSSPercent: 0.0863473 %
20220312 065512.807 INFO             PET0 PIOc_sync Enter - MemInfo: [malloc] Non-mmapped space allocated:                11362304 Byte
20220312 065512.807 INFO             PET0 PIOc_sync Enter - MemInfo: [malloc] Space allocated in mmapped regions:         71667712 Byte
20220312 065512.807 INFO             PET0 PIOc_sync Enter - MemInfo: [malloc] Maximum total allocated space:                     0 Byte
20220312 065512.807 INFO             PET0 PIOc_sync Enter - MemInfo: [malloc] Space in freed fastbin blocks:                   144 Byte
20220312 065512.807 INFO             PET0 PIOc_sync Enter - MemInfo: [malloc] Total allocated space:                      11244912 Byte
20220312 065512.807 INFO             PET0 PIOc_sync Enter - MemInfo: [malloc] Total free space:                             117392 Byte
20220312 065512.807 INFO             PET0 PIOc_sync Enter - MemInfo: [malloc] Top-most, releasable space:                   116384 Byte
20220312 065512.807 INFO             PET0 PIOc_sync Enter - MemInfo: [malloc] Total space in use, mmap + non-mmap:        82912624 Byte
20220312 065512.807 INFO             PET0 PIOc_sync Enter - MemInfo: [malloc] Total space held (mmap + non-mmap):         83030016 Byte
20220312 065512.807 INFO             PET0 PIOc_sync Enter - MemInfo: [malloc] Total space used (mmap + non-mmap):         82922000 Byte
20220312 065512.807 INFO             PET0 PIOc_sync Enter - MemInfo: Wall-clock time since execution start:                 2.0361 seconds
20220312 065512.839 INFO             PET0 PIOc_sync Exit - MemInfo: [/proc/meminfo - SSI]	MemTotal:       196434604 kB
20220312 065512.839 INFO             PET0 PIOc_sync Exit - MemInfo: [/proc/meminfo - SSI]	MemFree:        189700964 kB
20220312 065512.839 INFO             PET0 PIOc_sync Exit - MemInfo: [/proc/meminfo - SSI]	MemAvailable:   191465568 kB
20220312 065512.839 INFO             PET0 PIOc_sync Exit - MemInfo: [/proc/meminfo - SSI]	Committed_AS:    1643200 kB
20220312 065512.839 INFO             PET0 PIOc_sync Exit - MemInfo: [/proc/meminfo - SSI]	CommittedPercent: 0.836512 %
20220312 065512.839 INFO             PET0 PIOc_sync Exit - MemInfo: [/proc/self/status]	VmPeak:	 3836348 kB
20220312 065512.839 INFO             PET0 PIOc_sync Exit - MemInfo: [/proc/self/status]	VmSize:	 3836344 kB
20220312 065512.839 INFO             PET0 PIOc_sync Exit - MemInfo: [/proc/self/status]	VmLck:	       0 kB
20220312 065512.839 INFO             PET0 PIOc_sync Exit - MemInfo: [/proc/self/status]	VmPin:	   69756 kB
20220312 065512.839 INFO             PET0 PIOc_sync Exit - MemInfo: [/proc/self/status]	VmHWM:	  172536 kB
20220312 065512.839 INFO             PET0 PIOc_sync Exit - MemInfo: [/proc/self/status]	VmRSS:	  169624 kB
20220312 065512.839 INFO             PET0 PIOc_sync Exit - MemInfo: [/proc/self/status]	VmData:	  206072 kB
20220312 065512.839 INFO             PET0 PIOc_sync Exit - MemInfo: [/proc/self/status]	VmStk:	     520 kB
20220312 065512.839 INFO             PET0 PIOc_sync Exit - MemInfo: [/proc/self/status]	VmExe:	    1668 kB
20220312 065512.839 INFO             PET0 PIOc_sync Exit - MemInfo: [/proc/self/status]	VmLib:	  174348 kB
20220312 065512.839 INFO             PET0 PIOc_sync Exit - MemInfo: [/proc/self/status]	VmPTE:	     988 kB
20220312 065512.839 INFO             PET0 PIOc_sync Exit - MemInfo: [/proc/self/status]	VmSwap:	       0 kB
20220312 065512.839 INFO             PET0 PIOc_sync Exit - MemInfo: [/proc/self/status]	VmRSSPercent: 0.0863514 %
20220312 065512.839 INFO             PET0 PIOc_sync Exit - MemInfo: [malloc] Non-mmapped space allocated:                11362304 Byte
20220312 065512.839 INFO             PET0 PIOc_sync Exit - MemInfo: [malloc] Space allocated in mmapped regions:         71667712 Byte
20220312 065512.839 INFO             PET0 PIOc_sync Exit - MemInfo: [malloc] Maximum total allocated space:                     0 Byte
20220312 065512.839 INFO             PET0 PIOc_sync Exit - MemInfo: [malloc] Space in freed fastbin blocks:                   144 Byte
20220312 065512.839 INFO             PET0 PIOc_sync Exit - MemInfo: [malloc] Total allocated space:                      11244160 Byte
20220312 065512.840 INFO             PET0 PIOc_sync Exit - MemInfo: [malloc] Total free space:                             118144 Byte
20220312 065512.840 INFO             PET0 PIOc_sync Exit - MemInfo: [malloc] Top-most, releasable space:                   116912 Byte
20220312 065512.840 INFO             PET0 PIOc_sync Exit - MemInfo: [malloc] Total space in use, mmap + non-mmap:        82911872 Byte
20220312 065512.840 INFO             PET0 PIOc_sync Exit - MemInfo: [malloc] Total space held (mmap + non-mmap):         83030016 Byte
20220312 065512.840 INFO             PET0 PIOc_sync Exit - MemInfo: [malloc] Total space used (mmap + non-mmap):         82921248 Byte
20220312 065512.840 INFO             PET0 PIOc_sync Exit - MemInfo: Wall-clock time since execution start:                2.06894 seconds
20220312 065512.840 INFO             PET0 PIOc_freedecomp Enter - MemInfo: [/proc/meminfo - SSI]	MemTotal:       196434604 kB
20220312 065512.840 INFO             PET0 PIOc_freedecomp Enter - MemInfo: [/proc/meminfo - SSI]	MemFree:        189700964 kB
20220312 065512.840 INFO             PET0 PIOc_freedecomp Enter - MemInfo: [/proc/meminfo - SSI]	MemAvailable:   191465568 kB
20220312 065512.840 INFO             PET0 PIOc_freedecomp Enter - MemInfo: [/proc/meminfo - SSI]	Committed_AS:    1643200 kB
20220312 065512.840 INFO             PET0 PIOc_freedecomp Enter - MemInfo: [/proc/meminfo - SSI]	CommittedPercent: 0.836512 %
20220312 065512.840 INFO             PET0 PIOc_freedecomp Enter - MemInfo: [/proc/self/status]	VmPeak:	 3836348 kB
20220312 065512.840 INFO             PET0 PIOc_freedecomp Enter - MemInfo: [/proc/self/status]	VmSize:	 3836344 kB
20220312 065512.840 INFO             PET0 PIOc_freedecomp Enter - MemInfo: [/proc/self/status]	VmLck:	       0 kB
20220312 065512.840 INFO             PET0 PIOc_freedecomp Enter - MemInfo: [/proc/self/status]	VmPin:	   69756 kB
20220312 065512.840 INFO             PET0 PIOc_freedecomp Enter - MemInfo: [/proc/self/status]	VmHWM:	  172536 kB
20220312 065512.840 INFO             PET0 PIOc_freedecomp Enter - MemInfo: [/proc/self/status]	VmRSS:	  169624 kB
20220312 065512.840 INFO             PET0 PIOc_freedecomp Enter - MemInfo: [/proc/self/status]	VmData:	  206072 kB
20220312 065512.840 INFO             PET0 PIOc_freedecomp Enter - MemInfo: [/proc/self/status]	VmStk:	     520 kB
20220312 065512.840 INFO             PET0 PIOc_freedecomp Enter - MemInfo: [/proc/self/status]	VmExe:	    1668 kB
20220312 065512.840 INFO             PET0 PIOc_freedecomp Enter - MemInfo: [/proc/self/status]	VmLib:	  174348 kB
20220312 065512.840 INFO             PET0 PIOc_freedecomp Enter - MemInfo: [/proc/self/status]	VmPTE:	     988 kB
20220312 065512.840 INFO             PET0 PIOc_freedecomp Enter - MemInfo: [/proc/self/status]	VmSwap:	       0 kB
20220312 065512.840 INFO             PET0 PIOc_freedecomp Enter - MemInfo: [/proc/self/status]	VmRSSPercent: 0.0863514 %
20220312 065512.840 INFO             PET0 PIOc_freedecomp Enter - MemInfo: [malloc] Non-mmapped space allocated:                11362304 Byte
20220312 065512.840 INFO             PET0 PIOc_freedecomp Enter - MemInfo: [malloc] Space allocated in mmapped regions:         71667712 Byte
20220312 065512.840 INFO             PET0 PIOc_freedecomp Enter - MemInfo: [malloc] Maximum total allocated space:                     0 Byte
20220312 065512.840 INFO             PET0 PIOc_freedecomp Enter - MemInfo: [malloc] Space in freed fastbin blocks:                   368 Byte
20220312 065512.841 INFO             PET0 PIOc_freedecomp Enter - MemInfo: [malloc] Total allocated space:                       2317312 Byte
20220312 065512.841 INFO             PET0 PIOc_freedecomp Enter - MemInfo: [malloc] Total free space:                            9044992 Byte
20220312 065512.841 INFO             PET0 PIOc_freedecomp Enter - MemInfo: [malloc] Top-most, releasable space:                   117312 Byte
20220312 065512.841 INFO             PET0 PIOc_freedecomp Enter - MemInfo: [malloc] Total space in use, mmap + non-mmap:        73985024 Byte
20220312 065512.841 INFO             PET0 PIOc_freedecomp Enter - MemInfo: [malloc] Total space held (mmap + non-mmap):         83030016 Byte
20220312 065512.841 INFO             PET0 PIOc_freedecomp Enter - MemInfo: [malloc] Total space used (mmap + non-mmap):         73994400 Byte
20220312 065512.841 INFO             PET0 PIOc_freedecomp Enter - MemInfo: Wall-clock time since execution start:                2.06993 seconds
20220312 065512.841 INFO             PET0 PIOc_freedecomp Exit - MemInfo: [/proc/meminfo - SSI]	MemTotal:       196434604 kB
20220312 065512.841 INFO             PET0 PIOc_freedecomp Exit - MemInfo: [/proc/meminfo - SSI]	MemFree:        189700964 kB
20220312 065512.841 INFO             PET0 PIOc_freedecomp Exit - MemInfo: [/proc/meminfo - SSI]	MemAvailable:   191465568 kB
20220312 065512.841 INFO             PET0 PIOc_freedecomp Exit - MemInfo: [/proc/meminfo - SSI]	Committed_AS:    1643200 kB
20220312 065512.841 INFO             PET0 PIOc_freedecomp Exit - MemInfo: [/proc/meminfo - SSI]	CommittedPercent: 0.836512 %
20220312 065512.841 INFO             PET0 PIOc_freedecomp Exit - MemInfo: [/proc/self/status]	VmPeak:	 3836348 kB
20220312 065512.841 INFO             PET0 PIOc_freedecomp Exit - MemInfo: [/proc/self/status]	VmSize:	 3836344 kB
20220312 065512.841 INFO             PET0 PIOc_freedecomp Exit - MemInfo: [/proc/self/status]	VmLck:	       0 kB
20220312 065512.841 INFO             PET0 PIOc_freedecomp Exit - MemInfo: [/proc/self/status]	VmPin:	   69756 kB
20220312 065512.841 INFO             PET0 PIOc_freedecomp Exit - MemInfo: [/proc/self/status]	VmHWM:	  172536 kB
20220312 065512.841 INFO             PET0 PIOc_freedecomp Exit - MemInfo: [/proc/self/status]	VmRSS:	  169624 kB
20220312 065512.841 INFO             PET0 PIOc_freedecomp Exit - MemInfo: [/proc/self/status]	VmData:	  206072 kB
20220312 065512.841 INFO             PET0 PIOc_freedecomp Exit - MemInfo: [/proc/self/status]	VmStk:	     520 kB
20220312 065512.841 INFO             PET0 PIOc_freedecomp Exit - MemInfo: [/proc/self/status]	VmExe:	    1668 kB
20220312 065512.841 INFO             PET0 PIOc_freedecomp Exit - MemInfo: [/proc/self/status]	VmLib:	  174348 kB
20220312 065512.841 INFO             PET0 PIOc_freedecomp Exit - MemInfo: [/proc/self/status]	VmPTE:	     988 kB
20220312 065512.841 INFO             PET0 PIOc_freedecomp Exit - MemInfo: [/proc/self/status]	VmSwap:	       0 kB
20220312 065512.841 INFO             PET0 PIOc_freedecomp Exit - MemInfo: [/proc/self/status]	VmRSSPercent: 0.0863514 %
20220312 065512.841 INFO             PET0 PIOc_freedecomp Exit - MemInfo: [malloc] Non-mmapped space allocated:                11362304 Byte
20220312 065512.841 INFO             PET0 PIOc_freedecomp Exit - MemInfo: [malloc] Space allocated in mmapped regions:         71667712 Byte
20220312 065512.841 INFO             PET0 PIOc_freedecomp Exit - MemInfo: [malloc] Maximum total allocated space:                     0 Byte
20220312 065512.841 INFO             PET0 PIOc_freedecomp Exit - MemInfo: [malloc] Space in freed fastbin blocks:                   944 Byte
20220312 065512.841 INFO             PET0 PIOc_freedecomp Exit - MemInfo: [malloc] Total allocated space:                       2315568 Byte
20220312 065512.841 INFO             PET0 PIOc_freedecomp Exit - MemInfo: [malloc] Total free space:                            9046736 Byte
20220312 065512.841 INFO             PET0 PIOc_freedecomp Exit - MemInfo: [malloc] Top-most, releasable space:                   117312 Byte
20220312 065512.841 INFO             PET0 PIOc_freedecomp Exit - MemInfo: [malloc] Total space in use, mmap + non-mmap:        73983280 Byte
20220312 065512.841 INFO             PET0 PIOc_freedecomp Exit - MemInfo: [malloc] Total space held (mmap + non-mmap):         83030016 Byte
20220312 065512.841 INFO             PET0 PIOc_freedecomp Exit - MemInfo: [malloc] Total space used (mmap + non-mmap):         73992656 Byte
20220312 065512.841 INFO             PET0 PIOc_freedecomp Exit - MemInfo: Wall-clock time since execution start:                2.07072 seconds
20220312 065512.842 INFO             PET0  PASS  ESMF_OutputWeightFile, ESMF_IOUTest.F90, line 81
20220312 065512.938 INFO             PET0  PASS  call ESMF_OutputWeightFile with empty factor list on four PETs, ESMF_IOUTest.F90, line 191
20220312 065512.938 INFO             PET0  Ending Test, file ESMF_IOUTest.F90, line 201
20220312 065512.938 INFO             PET0 Finalizing ESMF
20220312 065511.328 INFO             PET1 !!!!!!!!!!!!!!!!!!!!!!!!!!!!!!!!!!!!!!!!!!!!!!!!!!!!!!
20220312 065511.329 INFO             PET1 !!! THE ESMF_LOG IS SET TO OUTPUT ALL LOG MESSAGES !!!
20220312 065511.329 INFO             PET1 !!!     THIS MAY CAUSE SLOWDOWN IN PERFORMANCE     !!!
20220312 065511.329 INFO             PET1 !!! FOR PRODUCTION RUNS, USE:                      !!!
20220312 065511.329 INFO             PET1 !!!                   ESMF_LOGKIND_Multi_On_Error  !!!
20220312 065511.329 INFO             PET1 !!!!!!!!!!!!!!!!!!!!!!!!!!!!!!!!!!!!!!!!!!!!!!!!!!!!!!
20220312 065511.329 INFO             PET1 Running with ESMF Version   : v8.3.0b09-96-g559b459
20220312 065511.329 INFO             PET1 ESMF library build date/time: "Mar 12 2022" "04:14:43"
20220312 065511.329 INFO             PET1 ESMF library build location : /work/noaa/da/mpotts/sandbox/intel_2020_intelmpi_g_jedwards_pio_update2
20220312 065511.329 INFO             PET1 ESMF_COMM                   : intelmpi
20220312 065511.332 INFO             PET1 ESMF_MOAB                   : enabled
20220312 065511.332 INFO             PET1 ESMF_LAPACK                 : enabled
20220312 065511.332 INFO             PET1 ESMF_NETCDF                 : enabled
20220312 065511.332 INFO             PET1 ESMF_PNETCDF                : disabled
20220312 065511.332 INFO             PET1 ESMF_PIO                    : enabled
20220312 065511.332 INFO             PET1 ESMF_YAMLCPP                : enabled
20220312 065511.372 INFO             PET1  Beginning Test, file ESMF_IOUTest.F90, line 57
20220312 065511.372 INFO             PET1  NUMBER_OF_PROCESSORS           4
20220312 065511.372 INFO             PET1 Starting Test:  ESMF_OutputWeightFile
20220312 065511.888 INFO             PET1 PIOc_sync Enter - MemInfo: [/proc/meminfo - SSI]	MemTotal:       196434604 kB
20220312 065511.888 INFO             PET1 PIOc_sync Enter - MemInfo: [/proc/meminfo - SSI]	MemFree:        189698520 kB
20220312 065511.888 INFO             PET1 PIOc_sync Enter - MemInfo: [/proc/meminfo - SSI]	MemAvailable:   191463124 kB
20220312 065511.888 INFO             PET1 PIOc_sync Enter - MemInfo: [/proc/meminfo - SSI]	Committed_AS:    1642700 kB
20220312 065511.888 INFO             PET1 PIOc_sync Enter - MemInfo: [/proc/meminfo - SSI]	CommittedPercent: 0.836258 %
20220312 065511.889 INFO             PET1 PIOc_sync Enter - MemInfo: [/proc/self/status]	VmPeak:	 3837588 kB
20220312 065511.889 INFO             PET1 PIOc_sync Enter - MemInfo: [/proc/self/status]	VmSize:	 3837588 kB
20220312 065511.889 INFO             PET1 PIOc_sync Enter - MemInfo: [/proc/self/status]	VmLck:	       0 kB
20220312 065511.889 INFO             PET1 PIOc_sync Enter - MemInfo: [/proc/self/status]	VmPin:	   79996 kB
20220312 065511.889 INFO             PET1 PIOc_sync Enter - MemInfo: [/proc/self/status]	VmHWM:	  168656 kB
20220312 065511.889 INFO             PET1 PIOc_sync Enter - MemInfo: [/proc/self/status]	VmRSS:	  168656 kB
20220312 065511.889 INFO             PET1 PIOc_sync Enter - MemInfo: [/proc/self/status]	VmData:	  207312 kB
20220312 065511.889 INFO             PET1 PIOc_sync Enter - MemInfo: [/proc/self/status]	VmStk:	     524 kB
20220312 065511.889 INFO             PET1 PIOc_sync Enter - MemInfo: [/proc/self/status]	VmExe:	    1668 kB
20220312 065511.889 INFO             PET1 PIOc_sync Enter - MemInfo: [/proc/self/status]	VmLib:	  174348 kB
20220312 065511.889 INFO             PET1 PIOc_sync Enter - MemInfo: [/proc/self/status]	VmPTE:	     992 kB
20220312 065511.889 INFO             PET1 PIOc_sync Enter - MemInfo: [/proc/self/status]	VmSwap:	       0 kB
20220312 065511.889 INFO             PET1 PIOc_sync Enter - MemInfo: [/proc/self/status]	VmRSSPercent: 0.0858586 %
20220312 065511.889 INFO             PET1 PIOc_sync Enter - MemInfo: [malloc] Non-mmapped space allocated:                 2142208 Byte
20220312 065511.889 INFO             PET1 PIOc_sync Enter - MemInfo: [malloc] Space allocated in mmapped regions:         84254720 Byte
20220312 065511.889 INFO             PET1 PIOc_sync Enter - MemInfo: [malloc] Maximum total allocated space:                     0 Byte
20220312 065511.889 INFO             PET1 PIOc_sync Enter - MemInfo: [malloc] Space in freed fastbin blocks:                   672 Byte
20220312 065511.889 INFO             PET1 PIOc_sync Enter - MemInfo: [malloc] Total allocated space:                       2046416 Byte
20220312 065511.889 INFO             PET1 PIOc_sync Enter - MemInfo: [malloc] Total free space:                              95792 Byte
20220312 065511.889 INFO             PET1 PIOc_sync Enter - MemInfo: [malloc] Top-most, releasable space:                    94544 Byte
20220312 065511.889 INFO             PET1 PIOc_sync Enter - MemInfo: [malloc] Total space in use, mmap + non-mmap:        86301136 Byte
20220312 065511.889 INFO             PET1 PIOc_sync Enter - MemInfo: [malloc] Total space held (mmap + non-mmap):         86396928 Byte
20220312 065511.889 INFO             PET1 PIOc_sync Enter - MemInfo: [malloc] Total space used (mmap + non-mmap):         86310528 Byte
20220312 065511.889 INFO             PET1 PIOc_sync Enter - MemInfo: Wall-clock time since execution start:                1.10453 seconds
20220312 065511.916 INFO             PET1 PIOc_sync Exit - MemInfo: [/proc/meminfo - SSI]	MemTotal:       196434604 kB
20220312 065511.916 INFO             PET1 PIOc_sync Exit - MemInfo: [/proc/meminfo - SSI]	MemFree:        189698520 kB
20220312 065511.916 INFO             PET1 PIOc_sync Exit - MemInfo: [/proc/meminfo - SSI]	MemAvailable:   191463124 kB
20220312 065511.916 INFO             PET1 PIOc_sync Exit - MemInfo: [/proc/meminfo - SSI]	Committed_AS:    1642700 kB
20220312 065511.916 INFO             PET1 PIOc_sync Exit - MemInfo: [/proc/meminfo - SSI]	CommittedPercent: 0.836258 %
20220312 065511.916 INFO             PET1 PIOc_sync Exit - MemInfo: [/proc/self/status]	VmPeak:	 3837588 kB
20220312 065511.917 INFO             PET1 PIOc_sync Exit - MemInfo: [/proc/self/status]	VmSize:	 3837588 kB
20220312 065511.917 INFO             PET1 PIOc_sync Exit - MemInfo: [/proc/self/status]	VmLck:	       0 kB
20220312 065511.917 INFO             PET1 PIOc_sync Exit - MemInfo: [/proc/self/status]	VmPin:	   79996 kB
20220312 065511.917 INFO             PET1 PIOc_sync Exit - MemInfo: [/proc/self/status]	VmHWM:	  168792 kB
20220312 065511.917 INFO             PET1 PIOc_sync Exit - MemInfo: [/proc/self/status]	VmRSS:	  168792 kB
20220312 065511.917 INFO             PET1 PIOc_sync Exit - MemInfo: [/proc/self/status]	VmData:	  207312 kB
20220312 065511.917 INFO             PET1 PIOc_sync Exit - MemInfo: [/proc/self/status]	VmStk:	     524 kB
20220312 065511.917 INFO             PET1 PIOc_sync Exit - MemInfo: [/proc/self/status]	VmExe:	    1668 kB
20220312 065511.917 INFO             PET1 PIOc_sync Exit - MemInfo: [/proc/self/status]	VmLib:	  174348 kB
20220312 065511.917 INFO             PET1 PIOc_sync Exit - MemInfo: [/proc/self/status]	VmPTE:	     992 kB
20220312 065511.917 INFO             PET1 PIOc_sync Exit - MemInfo: [/proc/self/status]	VmSwap:	       0 kB
20220312 065511.917 INFO             PET1 PIOc_sync Exit - MemInfo: [/proc/self/status]	VmRSSPercent: 0.0859278 %
20220312 065511.917 INFO             PET1 PIOc_sync Exit - MemInfo: [malloc] Non-mmapped space allocated:                 2142208 Byte
20220312 065511.917 INFO             PET1 PIOc_sync Exit - MemInfo: [malloc] Space allocated in mmapped regions:         84254720 Byte
20220312 065511.917 INFO             PET1 PIOc_sync Exit - MemInfo: [malloc] Maximum total allocated space:                     0 Byte
20220312 065511.917 INFO             PET1 PIOc_sync Exit - MemInfo: [malloc] Space in freed fastbin blocks:                   192 Byte
20220312 065511.917 INFO             PET1 PIOc_sync Exit - MemInfo: [malloc] Total allocated space:                       2045584 Byte
20220312 065511.917 INFO             PET1 PIOc_sync Exit - MemInfo: [malloc] Total free space:                              96624 Byte
20220312 065511.917 INFO             PET1 PIOc_sync Exit - MemInfo: [malloc] Top-most, releasable space:                    95968 Byte
20220312 065511.917 INFO             PET1 PIOc_sync Exit - MemInfo: [malloc] Total space in use, mmap + non-mmap:        86300304 Byte
20220312 065511.917 INFO             PET1 PIOc_sync Exit - MemInfo: [malloc] Total space held (mmap + non-mmap):         86396928 Byte
20220312 065511.917 INFO             PET1 PIOc_sync Exit - MemInfo: [malloc] Total space used (mmap + non-mmap):         86309680 Byte
20220312 065511.917 INFO             PET1 PIOc_sync Exit - MemInfo: Wall-clock time since execution start:                 1.1324 seconds
20220312 065511.918 INFO             PET1 PIOc_freedecomp Enter - MemInfo: [/proc/meminfo - SSI]	MemTotal:       196434604 kB
20220312 065511.918 INFO             PET1 PIOc_freedecomp Enter - MemInfo: [/proc/meminfo - SSI]	MemFree:        189705044 kB
20220312 065511.918 INFO             PET1 PIOc_freedecomp Enter - MemInfo: [/proc/meminfo - SSI]	MemAvailable:   191469648 kB
20220312 065511.918 INFO             PET1 PIOc_freedecomp Enter - MemInfo: [/proc/meminfo - SSI]	Committed_AS:    1634976 kB
20220312 065511.918 INFO             PET1 PIOc_freedecomp Enter - MemInfo: [/proc/meminfo - SSI]	CommittedPercent: 0.832326 %
20220312 065511.918 INFO             PET1 PIOc_freedecomp Enter - MemInfo: [/proc/self/status]	VmPeak:	 3837588 kB
20220312 065511.918 INFO             PET1 PIOc_freedecomp Enter - MemInfo: [/proc/self/status]	VmSize:	 3837588 kB
20220312 065511.918 INFO             PET1 PIOc_freedecomp Enter - MemInfo: [/proc/self/status]	VmLck:	       0 kB
20220312 065511.918 INFO             PET1 PIOc_freedecomp Enter - MemInfo: [/proc/self/status]	VmPin:	   79996 kB
20220312 065511.918 INFO             PET1 PIOc_freedecomp Enter - MemInfo: [/proc/self/status]	VmHWM:	  168792 kB
20220312 065511.918 INFO             PET1 PIOc_freedecomp Enter - MemInfo: [/proc/self/status]	VmRSS:	  168792 kB
20220312 065511.918 INFO             PET1 PIOc_freedecomp Enter - MemInfo: [/proc/self/status]	VmData:	  207312 kB
20220312 065511.918 INFO             PET1 PIOc_freedecomp Enter - MemInfo: [/proc/self/status]	VmStk:	     524 kB
20220312 065511.918 INFO             PET1 PIOc_freedecomp Enter - MemInfo: [/proc/self/status]	VmExe:	    1668 kB
20220312 065511.918 INFO             PET1 PIOc_freedecomp Enter - MemInfo: [/proc/self/status]	VmLib:	  174348 kB
20220312 065511.918 INFO             PET1 PIOc_freedecomp Enter - MemInfo: [/proc/self/status]	VmPTE:	     992 kB
20220312 065511.918 INFO             PET1 PIOc_freedecomp Enter - MemInfo: [/proc/self/status]	VmSwap:	       0 kB
20220312 065511.918 INFO             PET1 PIOc_freedecomp Enter - MemInfo: [/proc/self/status]	VmRSSPercent: 0.0859278 %
20220312 065511.918 INFO             PET1 PIOc_freedecomp Enter - MemInfo: [malloc] Non-mmapped space allocated:                 2142208 Byte
20220312 065511.918 INFO             PET1 PIOc_freedecomp Enter - MemInfo: [malloc] Space allocated in mmapped regions:         84254720 Byte
20220312 065511.918 INFO             PET1 PIOc_freedecomp Enter - MemInfo: [malloc] Maximum total allocated space:                     0 Byte
20220312 065511.918 INFO             PET1 PIOc_freedecomp Enter - MemInfo: [malloc] Space in freed fastbin blocks:                   368 Byte
20220312 065511.918 INFO             PET1 PIOc_freedecomp Enter - MemInfo: [malloc] Total allocated space:                       2043984 Byte
20220312 065511.918 INFO             PET1 PIOc_freedecomp Enter - MemInfo: [malloc] Total free space:                              98224 Byte
20220312 065511.918 INFO             PET1 PIOc_freedecomp Enter - MemInfo: [malloc] Top-most, releasable space:                    96800 Byte
20220312 065511.918 INFO             PET1 PIOc_freedecomp Enter - MemInfo: [malloc] Total space in use, mmap + non-mmap:        86298704 Byte
20220312 065511.918 INFO             PET1 PIOc_freedecomp Enter - MemInfo: [malloc] Total space held (mmap + non-mmap):         86396928 Byte
20220312 065511.918 INFO             PET1 PIOc_freedecomp Enter - MemInfo: [malloc] Total space used (mmap + non-mmap):         86308080 Byte
20220312 065511.918 INFO             PET1 PIOc_freedecomp Enter - MemInfo: Wall-clock time since execution start:                1.13371 seconds
20220312 065511.918 INFO             PET1 PIOc_freedecomp Exit - MemInfo: [/proc/meminfo - SSI]	MemTotal:       196434604 kB
20220312 065511.919 INFO             PET1 PIOc_freedecomp Exit - MemInfo: [/proc/meminfo - SSI]	MemFree:        189705044 kB
20220312 065511.919 INFO             PET1 PIOc_freedecomp Exit - MemInfo: [/proc/meminfo - SSI]	MemAvailable:   191469648 kB
20220312 065511.919 INFO             PET1 PIOc_freedecomp Exit - MemInfo: [/proc/meminfo - SSI]	Committed_AS:    1634976 kB
20220312 065511.919 INFO             PET1 PIOc_freedecomp Exit - MemInfo: [/proc/meminfo - SSI]	CommittedPercent: 0.832326 %
20220312 065511.919 INFO             PET1 PIOc_freedecomp Exit - MemInfo: [/proc/self/status]	VmPeak:	 3837588 kB
20220312 065511.919 INFO             PET1 PIOc_freedecomp Exit - MemInfo: [/proc/self/status]	VmSize:	 3837588 kB
20220312 065511.919 INFO             PET1 PIOc_freedecomp Exit - MemInfo: [/proc/self/status]	VmLck:	       0 kB
20220312 065511.919 INFO             PET1 PIOc_freedecomp Exit - MemInfo: [/proc/self/status]	VmPin:	   79996 kB
20220312 065511.919 INFO             PET1 PIOc_freedecomp Exit - MemInfo: [/proc/self/status]	VmHWM:	  168792 kB
20220312 065511.919 INFO             PET1 PIOc_freedecomp Exit - MemInfo: [/proc/self/status]	VmRSS:	  168792 kB
20220312 065511.919 INFO             PET1 PIOc_freedecomp Exit - MemInfo: [/proc/self/status]	VmData:	  207312 kB
20220312 065511.919 INFO             PET1 PIOc_freedecomp Exit - MemInfo: [/proc/self/status]	VmStk:	     524 kB
20220312 065511.919 INFO             PET1 PIOc_freedecomp Exit - MemInfo: [/proc/self/status]	VmExe:	    1668 kB
20220312 065511.919 INFO             PET1 PIOc_freedecomp Exit - MemInfo: [/proc/self/status]	VmLib:	  174348 kB
20220312 065511.919 INFO             PET1 PIOc_freedecomp Exit - MemInfo: [/proc/self/status]	VmPTE:	     992 kB
20220312 065511.919 INFO             PET1 PIOc_freedecomp Exit - MemInfo: [/proc/self/status]	VmSwap:	       0 kB
20220312 065511.919 INFO             PET1 PIOc_freedecomp Exit - MemInfo: [/proc/self/status]	VmRSSPercent: 0.0859278 %
20220312 065511.919 INFO             PET1 PIOc_freedecomp Exit - MemInfo: [malloc] Non-mmapped space allocated:                 2142208 Byte
20220312 065511.919 INFO             PET1 PIOc_freedecomp Exit - MemInfo: [malloc] Space allocated in mmapped regions:         84254720 Byte
20220312 065511.919 INFO             PET1 PIOc_freedecomp Exit - MemInfo: [malloc] Maximum total allocated space:                     0 Byte
20220312 065511.919 INFO             PET1 PIOc_freedecomp Exit - MemInfo: [malloc] Space in freed fastbin blocks:                   480 Byte
20220312 065511.919 INFO             PET1 PIOc_freedecomp Exit - MemInfo: [malloc] Total allocated space:                       2042608 Byte
20220312 065511.919 INFO             PET1 PIOc_freedecomp Exit - MemInfo: [malloc] Total free space:                              99600 Byte
20220312 065511.919 INFO             PET1 PIOc_freedecomp Exit - MemInfo: [malloc] Top-most, releasable space:                    97456 Byte
20220312 065511.919 INFO             PET1 PIOc_freedecomp Exit - MemInfo: [malloc] Total space in use, mmap + non-mmap:        86297328 Byte
20220312 065511.919 INFO             PET1 PIOc_freedecomp Exit - MemInfo: [malloc] Total space held (mmap + non-mmap):         86396928 Byte
20220312 065511.919 INFO             PET1 PIOc_freedecomp Exit - MemInfo: [malloc] Total space used (mmap + non-mmap):         86306704 Byte
20220312 065511.919 INFO             PET1 PIOc_freedecomp Exit - MemInfo: Wall-clock time since execution start:                1.13451 seconds
20220312 065512.314 INFO             PET1 PIOc_sync Enter - MemInfo: [/proc/meminfo - SSI]	MemTotal:       196434604 kB
20220312 065512.314 INFO             PET1 PIOc_sync Enter - MemInfo: [/proc/meminfo - SSI]	MemFree:        189701436 kB
20220312 065512.314 INFO             PET1 PIOc_sync Enter - MemInfo: [/proc/meminfo - SSI]	MemAvailable:   191466040 kB
20220312 065512.314 INFO             PET1 PIOc_sync Enter - MemInfo: [/proc/meminfo - SSI]	Committed_AS:    1643200 kB
20220312 065512.314 INFO             PET1 PIOc_sync Enter - MemInfo: [/proc/meminfo - SSI]	CommittedPercent: 0.836512 %
20220312 065512.315 INFO             PET1 PIOc_sync Enter - MemInfo: [/proc/self/status]	VmPeak:	 3837588 kB
20220312 065512.315 INFO             PET1 PIOc_sync Enter - MemInfo: [/proc/self/status]	VmSize:	 3837588 kB
20220312 065512.315 INFO             PET1 PIOc_sync Enter - MemInfo: [/proc/self/status]	VmLck:	       0 kB
20220312 065512.315 INFO             PET1 PIOc_sync Enter - MemInfo: [/proc/self/status]	VmPin:	   79996 kB
20220312 065512.315 INFO             PET1 PIOc_sync Enter - MemInfo: [/proc/self/status]	VmHWM:	  168876 kB
20220312 065512.315 INFO             PET1 PIOc_sync Enter - MemInfo: [/proc/self/status]	VmRSS:	  168872 kB
20220312 065512.315 INFO             PET1 PIOc_sync Enter - MemInfo: [/proc/self/status]	VmData:	  207312 kB
20220312 065512.315 INFO             PET1 PIOc_sync Enter - MemInfo: [/proc/self/status]	VmStk:	     524 kB
20220312 065512.315 INFO             PET1 PIOc_sync Enter - MemInfo: [/proc/self/status]	VmExe:	    1668 kB
20220312 065512.315 INFO             PET1 PIOc_sync Enter - MemInfo: [/proc/self/status]	VmLib:	  174348 kB
20220312 065512.315 INFO             PET1 PIOc_sync Enter - MemInfo: [/proc/self/status]	VmPTE:	     992 kB
20220312 065512.315 INFO             PET1 PIOc_sync Enter - MemInfo: [/proc/self/status]	VmSwap:	       0 kB
20220312 065512.315 INFO             PET1 PIOc_sync Enter - MemInfo: [/proc/self/status]	VmRSSPercent: 0.0859686 %
20220312 065512.315 INFO             PET1 PIOc_sync Enter - MemInfo: [malloc] Non-mmapped space allocated:                 2142208 Byte
20220312 065512.315 INFO             PET1 PIOc_sync Enter - MemInfo: [malloc] Space allocated in mmapped regions:         84254720 Byte
20220312 065512.315 INFO             PET1 PIOc_sync Enter - MemInfo: [malloc] Maximum total allocated space:                     0 Byte
20220312 065512.315 INFO             PET1 PIOc_sync Enter - MemInfo: [malloc] Space in freed fastbin blocks:                   896 Byte
20220312 065512.315 INFO             PET1 PIOc_sync Enter - MemInfo: [malloc] Total allocated space:                       2046512 Byte
20220312 065512.315 INFO             PET1 PIOc_sync Enter - MemInfo: [malloc] Total free space:                              95696 Byte
20220312 065512.315 INFO             PET1 PIOc_sync Enter - MemInfo: [malloc] Top-most, releasable space:                    94224 Byte
20220312 065512.315 INFO             PET1 PIOc_sync Enter - MemInfo: [malloc] Total space in use, mmap + non-mmap:        86301232 Byte
20220312 065512.315 INFO             PET1 PIOc_sync Enter - MemInfo: [malloc] Total space held (mmap + non-mmap):         86396928 Byte
20220312 065512.315 INFO             PET1 PIOc_sync Enter - MemInfo: [malloc] Total space used (mmap + non-mmap):         86310624 Byte
20220312 065512.315 INFO             PET1 PIOc_sync Enter - MemInfo: Wall-clock time since execution start:                1.52943 seconds
20220312 065512.353 INFO             PET1 PIOc_sync Exit - MemInfo: [/proc/meminfo - SSI]	MemTotal:       196434604 kB
20220312 065512.353 INFO             PET1 PIOc_sync Exit - MemInfo: [/proc/meminfo - SSI]	MemFree:        189701436 kB
20220312 065512.353 INFO             PET1 PIOc_sync Exit - MemInfo: [/proc/meminfo - SSI]	MemAvailable:   191466040 kB
20220312 065512.353 INFO             PET1 PIOc_sync Exit - MemInfo: [/proc/meminfo - SSI]	Committed_AS:    1643200 kB
20220312 065512.353 INFO             PET1 PIOc_sync Exit - MemInfo: [/proc/meminfo - SSI]	CommittedPercent: 0.836512 %
20220312 065512.353 INFO             PET1 PIOc_sync Exit - MemInfo: [/proc/self/status]	VmPeak:	 3837588 kB
20220312 065512.353 INFO             PET1 PIOc_sync Exit - MemInfo: [/proc/self/status]	VmSize:	 3837588 kB
20220312 065512.353 INFO             PET1 PIOc_sync Exit - MemInfo: [/proc/self/status]	VmLck:	       0 kB
20220312 065512.354 INFO             PET1 PIOc_sync Exit - MemInfo: [/proc/self/status]	VmPin:	   79996 kB
20220312 065512.354 INFO             PET1 PIOc_sync Exit - MemInfo: [/proc/self/status]	VmHWM:	  168876 kB
20220312 065512.354 INFO             PET1 PIOc_sync Exit - MemInfo: [/proc/self/status]	VmRSS:	  168876 kB
20220312 065512.354 INFO             PET1 PIOc_sync Exit - MemInfo: [/proc/self/status]	VmData:	  207312 kB
20220312 065512.354 INFO             PET1 PIOc_sync Exit - MemInfo: [/proc/self/status]	VmStk:	     524 kB
20220312 065512.354 INFO             PET1 PIOc_sync Exit - MemInfo: [/proc/self/status]	VmExe:	    1668 kB
20220312 065512.354 INFO             PET1 PIOc_sync Exit - MemInfo: [/proc/self/status]	VmLib:	  174348 kB
20220312 065512.354 INFO             PET1 PIOc_sync Exit - MemInfo: [/proc/self/status]	VmPTE:	     992 kB
20220312 065512.354 INFO             PET1 PIOc_sync Exit - MemInfo: [/proc/self/status]	VmSwap:	       0 kB
20220312 065512.354 INFO             PET1 PIOc_sync Exit - MemInfo: [/proc/self/status]	VmRSSPercent: 0.0859706 %
20220312 065512.354 INFO             PET1 PIOc_sync Exit - MemInfo: [malloc] Non-mmapped space allocated:                 2142208 Byte
20220312 065512.354 INFO             PET1 PIOc_sync Exit - MemInfo: [malloc] Space allocated in mmapped regions:         84254720 Byte
20220312 065512.354 INFO             PET1 PIOc_sync Exit - MemInfo: [malloc] Maximum total allocated space:                     0 Byte
20220312 065512.354 INFO             PET1 PIOc_sync Exit - MemInfo: [malloc] Space in freed fastbin blocks:                   144 Byte
20220312 065512.354 INFO             PET1 PIOc_sync Exit - MemInfo: [malloc] Total allocated space:                       2045728 Byte
20220312 065512.354 INFO             PET1 PIOc_sync Exit - MemInfo: [malloc] Total free space:                              96480 Byte
20220312 065512.354 INFO             PET1 PIOc_sync Exit - MemInfo: [malloc] Top-most, releasable space:                    95568 Byte
20220312 065512.354 INFO             PET1 PIOc_sync Exit - MemInfo: [malloc] Total space in use, mmap + non-mmap:        86300448 Byte
20220312 065512.354 INFO             PET1 PIOc_sync Exit - MemInfo: [malloc] Total space held (mmap + non-mmap):         86396928 Byte
20220312 065512.354 INFO             PET1 PIOc_sync Exit - MemInfo: [malloc] Total space used (mmap + non-mmap):         86309824 Byte
20220312 065512.354 INFO             PET1 PIOc_sync Exit - MemInfo: Wall-clock time since execution start:                1.56824 seconds
20220312 065512.354 INFO             PET1 PIOc_freedecomp Enter - MemInfo: [/proc/meminfo - SSI]	MemTotal:       196434604 kB
20220312 065512.354 INFO             PET1 PIOc_freedecomp Enter - MemInfo: [/proc/meminfo - SSI]	MemFree:        189701436 kB
20220312 065512.354 INFO             PET1 PIOc_freedecomp Enter - MemInfo: [/proc/meminfo - SSI]	MemAvailable:   191466040 kB
20220312 065512.354 INFO             PET1 PIOc_freedecomp Enter - MemInfo: [/proc/meminfo - SSI]	Committed_AS:    1643200 kB
20220312 065512.354 INFO             PET1 PIOc_freedecomp Enter - MemInfo: [/proc/meminfo - SSI]	CommittedPercent: 0.836512 %
20220312 065512.354 INFO             PET1 PIOc_freedecomp Enter - MemInfo: [/proc/self/status]	VmPeak:	 3837588 kB
20220312 065512.354 INFO             PET1 PIOc_freedecomp Enter - MemInfo: [/proc/self/status]	VmSize:	 3837588 kB
20220312 065512.354 INFO             PET1 PIOc_freedecomp Enter - MemInfo: [/proc/self/status]	VmLck:	       0 kB
20220312 065512.354 INFO             PET1 PIOc_freedecomp Enter - MemInfo: [/proc/self/status]	VmPin:	   79996 kB
20220312 065512.354 INFO             PET1 PIOc_freedecomp Enter - MemInfo: [/proc/self/status]	VmHWM:	  168876 kB
20220312 065512.354 INFO             PET1 PIOc_freedecomp Enter - MemInfo: [/proc/self/status]	VmRSS:	  168876 kB
20220312 065512.354 INFO             PET1 PIOc_freedecomp Enter - MemInfo: [/proc/self/status]	VmData:	  207312 kB
20220312 065512.354 INFO             PET1 PIOc_freedecomp Enter - MemInfo: [/proc/self/status]	VmStk:	     524 kB
20220312 065512.354 INFO             PET1 PIOc_freedecomp Enter - MemInfo: [/proc/self/status]	VmExe:	    1668 kB
20220312 065512.354 INFO             PET1 PIOc_freedecomp Enter - MemInfo: [/proc/self/status]	VmLib:	  174348 kB
20220312 065512.354 INFO             PET1 PIOc_freedecomp Enter - MemInfo: [/proc/self/status]	VmPTE:	     992 kB
20220312 065512.354 INFO             PET1 PIOc_freedecomp Enter - MemInfo: [/proc/self/status]	VmSwap:	       0 kB
20220312 065512.354 INFO             PET1 PIOc_freedecomp Enter - MemInfo: [/proc/self/status]	VmRSSPercent: 0.0859706 %
20220312 065512.354 INFO             PET1 PIOc_freedecomp Enter - MemInfo: [malloc] Non-mmapped space allocated:                 2142208 Byte
20220312 065512.354 INFO             PET1 PIOc_freedecomp Enter - MemInfo: [malloc] Space allocated in mmapped regions:         84254720 Byte
20220312 065512.354 INFO             PET1 PIOc_freedecomp Enter - MemInfo: [malloc] Maximum total allocated space:                     0 Byte
20220312 065512.354 INFO             PET1 PIOc_freedecomp Enter - MemInfo: [malloc] Space in freed fastbin blocks:                   368 Byte
20220312 065512.354 INFO             PET1 PIOc_freedecomp Enter - MemInfo: [malloc] Total allocated space:                       2043968 Byte
20220312 065512.354 INFO             PET1 PIOc_freedecomp Enter - MemInfo: [malloc] Total free space:                              98240 Byte
20220312 065512.354 INFO             PET1 PIOc_freedecomp Enter - MemInfo: [malloc] Top-most, releasable space:                    95872 Byte
20220312 065512.354 INFO             PET1 PIOc_freedecomp Enter - MemInfo: [malloc] Total space in use, mmap + non-mmap:        86298688 Byte
20220312 065512.354 INFO             PET1 PIOc_freedecomp Enter - MemInfo: [malloc] Total space held (mmap + non-mmap):         86396928 Byte
20220312 065512.355 INFO             PET1 PIOc_freedecomp Enter - MemInfo: [malloc] Total space used (mmap + non-mmap):         86308080 Byte
20220312 065512.355 INFO             PET1 PIOc_freedecomp Enter - MemInfo: Wall-clock time since execution start:                1.56894 seconds
20220312 065512.355 INFO             PET1 PIOc_freedecomp Exit - MemInfo: [/proc/meminfo - SSI]	MemTotal:       196434604 kB
20220312 065512.355 INFO             PET1 PIOc_freedecomp Exit - MemInfo: [/proc/meminfo - SSI]	MemFree:        189701436 kB
20220312 065512.355 INFO             PET1 PIOc_freedecomp Exit - MemInfo: [/proc/meminfo - SSI]	MemAvailable:   191466040 kB
20220312 065512.355 INFO             PET1 PIOc_freedecomp Exit - MemInfo: [/proc/meminfo - SSI]	Committed_AS:    1643200 kB
20220312 065512.355 INFO             PET1 PIOc_freedecomp Exit - MemInfo: [/proc/meminfo - SSI]	CommittedPercent: 0.836512 %
20220312 065512.355 INFO             PET1 PIOc_freedecomp Exit - MemInfo: [/proc/self/status]	VmPeak:	 3837588 kB
20220312 065512.355 INFO             PET1 PIOc_freedecomp Exit - MemInfo: [/proc/self/status]	VmSize:	 3837588 kB
20220312 065512.355 INFO             PET1 PIOc_freedecomp Exit - MemInfo: [/proc/self/status]	VmLck:	       0 kB
20220312 065512.355 INFO             PET1 PIOc_freedecomp Exit - MemInfo: [/proc/self/status]	VmPin:	   79996 kB
20220312 065512.355 INFO             PET1 PIOc_freedecomp Exit - MemInfo: [/proc/self/status]	VmHWM:	  168876 kB
20220312 065512.355 INFO             PET1 PIOc_freedecomp Exit - MemInfo: [/proc/self/status]	VmRSS:	  168876 kB
20220312 065512.355 INFO             PET1 PIOc_freedecomp Exit - MemInfo: [/proc/self/status]	VmData:	  207312 kB
20220312 065512.355 INFO             PET1 PIOc_freedecomp Exit - MemInfo: [/proc/self/status]	VmStk:	     524 kB
20220312 065512.355 INFO             PET1 PIOc_freedecomp Exit - MemInfo: [/proc/self/status]	VmExe:	    1668 kB
20220312 065512.355 INFO             PET1 PIOc_freedecomp Exit - MemInfo: [/proc/self/status]	VmLib:	  174348 kB
20220312 065512.355 INFO             PET1 PIOc_freedecomp Exit - MemInfo: [/proc/self/status]	VmPTE:	     992 kB
20220312 065512.355 INFO             PET1 PIOc_freedecomp Exit - MemInfo: [/proc/self/status]	VmSwap:	       0 kB
20220312 065512.355 INFO             PET1 PIOc_freedecomp Exit - MemInfo: [/proc/self/status]	VmRSSPercent: 0.0859706 %
20220312 065512.355 INFO             PET1 PIOc_freedecomp Exit - MemInfo: [malloc] Non-mmapped space allocated:                 2142208 Byte
20220312 065512.355 INFO             PET1 PIOc_freedecomp Exit - MemInfo: [malloc] Space allocated in mmapped regions:         84254720 Byte
20220312 065512.355 INFO             PET1 PIOc_freedecomp Exit - MemInfo: [malloc] Maximum total allocated space:                     0 Byte
20220312 065512.355 INFO             PET1 PIOc_freedecomp Exit - MemInfo: [malloc] Space in freed fastbin blocks:                   320 Byte
20220312 065512.355 INFO             PET1 PIOc_freedecomp Exit - MemInfo: [malloc] Total allocated space:                       2042608 Byte
20220312 065512.355 INFO             PET1 PIOc_freedecomp Exit - MemInfo: [malloc] Total free space:                              99600 Byte
20220312 065512.355 INFO             PET1 PIOc_freedecomp Exit - MemInfo: [malloc] Top-most, releasable space:                    96400 Byte
20220312 065512.355 INFO             PET1 PIOc_freedecomp Exit - MemInfo: [malloc] Total space in use, mmap + non-mmap:        86297328 Byte
20220312 065512.355 INFO             PET1 PIOc_freedecomp Exit - MemInfo: [malloc] Total space held (mmap + non-mmap):         86396928 Byte
20220312 065512.355 INFO             PET1 PIOc_freedecomp Exit - MemInfo: [malloc] Total space used (mmap + non-mmap):         86306704 Byte
20220312 065512.355 INFO             PET1 PIOc_freedecomp Exit - MemInfo: Wall-clock time since execution start:                1.56961 seconds
20220312 065512.816 INFO             PET1 PIOc_sync Enter - MemInfo: [/proc/meminfo - SSI]	MemTotal:       196434604 kB
20220312 065512.816 INFO             PET1 PIOc_sync Enter - MemInfo: [/proc/meminfo - SSI]	MemFree:        189700964 kB
20220312 065512.816 INFO             PET1 PIOc_sync Enter - MemInfo: [/proc/meminfo - SSI]	MemAvailable:   191465568 kB
20220312 065512.816 INFO             PET1 PIOc_sync Enter - MemInfo: [/proc/meminfo - SSI]	Committed_AS:    1643200 kB
20220312 065512.816 INFO             PET1 PIOc_sync Enter - MemInfo: [/proc/meminfo - SSI]	CommittedPercent: 0.836512 %
20220312 065512.816 INFO             PET1 PIOc_sync Enter - MemInfo: [/proc/self/status]	VmPeak:	 3837588 kB
20220312 065512.816 INFO             PET1 PIOc_sync Enter - MemInfo: [/proc/self/status]	VmSize:	 3837588 kB
20220312 065512.816 INFO             PET1 PIOc_sync Enter - MemInfo: [/proc/self/status]	VmLck:	       0 kB
20220312 065512.816 INFO             PET1 PIOc_sync Enter - MemInfo: [/proc/self/status]	VmPin:	   79996 kB
20220312 065512.816 INFO             PET1 PIOc_sync Enter - MemInfo: [/proc/self/status]	VmHWM:	  168928 kB
20220312 065512.816 INFO             PET1 PIOc_sync Enter - MemInfo: [/proc/self/status]	VmRSS:	  168928 kB
20220312 065512.816 INFO             PET1 PIOc_sync Enter - MemInfo: [/proc/self/status]	VmData:	  207312 kB
20220312 065512.817 INFO             PET1 PIOc_sync Enter - MemInfo: [/proc/self/status]	VmStk:	     524 kB
20220312 065512.817 INFO             PET1 PIOc_sync Enter - MemInfo: [/proc/self/status]	VmExe:	    1668 kB
20220312 065512.817 INFO             PET1 PIOc_sync Enter - MemInfo: [/proc/self/status]	VmLib:	  174348 kB
20220312 065512.817 INFO             PET1 PIOc_sync Enter - MemInfo: [/proc/self/status]	VmPTE:	     992 kB
20220312 065512.817 INFO             PET1 PIOc_sync Enter - MemInfo: [/proc/self/status]	VmSwap:	       0 kB
20220312 065512.817 INFO             PET1 PIOc_sync Enter - MemInfo: [/proc/self/status]	VmRSSPercent: 0.0859971 %
20220312 065512.817 INFO             PET1 PIOc_sync Enter - MemInfo: [malloc] Non-mmapped space allocated:                 2142208 Byte
20220312 065512.817 INFO             PET1 PIOc_sync Enter - MemInfo: [malloc] Space allocated in mmapped regions:         84254720 Byte
20220312 065512.817 INFO             PET1 PIOc_sync Enter - MemInfo: [malloc] Maximum total allocated space:                     0 Byte
20220312 065512.817 INFO             PET1 PIOc_sync Enter - MemInfo: [malloc] Space in freed fastbin blocks:                   848 Byte
20220312 065512.817 INFO             PET1 PIOc_sync Enter - MemInfo: [malloc] Total allocated space:                       2046672 Byte
20220312 065512.817 INFO             PET1 PIOc_sync Enter - MemInfo: [malloc] Total free space:                              95536 Byte
20220312 065512.817 INFO             PET1 PIOc_sync Enter - MemInfo: [malloc] Top-most, releasable space:                    94112 Byte
20220312 065512.817 INFO             PET1 PIOc_sync Enter - MemInfo: [malloc] Total space in use, mmap + non-mmap:        86301392 Byte
20220312 065512.817 INFO             PET1 PIOc_sync Enter - MemInfo: [malloc] Total space held (mmap + non-mmap):         86396928 Byte
20220312 065512.817 INFO             PET1 PIOc_sync Enter - MemInfo: [malloc] Total space used (mmap + non-mmap):         86310784 Byte
20220312 065512.817 INFO             PET1 PIOc_sync Enter - MemInfo: Wall-clock time since execution start:                2.03013 seconds
20220312 065512.842 INFO             PET1 PIOc_sync Exit - MemInfo: [/proc/meminfo - SSI]	MemTotal:       196434604 kB
20220312 065512.842 INFO             PET1 PIOc_sync Exit - MemInfo: [/proc/meminfo - SSI]	MemFree:        189700964 kB
20220312 065512.842 INFO             PET1 PIOc_sync Exit - MemInfo: [/proc/meminfo - SSI]	MemAvailable:   191465568 kB
20220312 065512.842 INFO             PET1 PIOc_sync Exit - MemInfo: [/proc/meminfo - SSI]	Committed_AS:    1643200 kB
20220312 065512.842 INFO             PET1 PIOc_sync Exit - MemInfo: [/proc/meminfo - SSI]	CommittedPercent: 0.836512 %
20220312 065512.842 INFO             PET1 PIOc_sync Exit - MemInfo: [/proc/self/status]	VmPeak:	 3837588 kB
20220312 065512.842 INFO             PET1 PIOc_sync Exit - MemInfo: [/proc/self/status]	VmSize:	 3837588 kB
20220312 065512.842 INFO             PET1 PIOc_sync Exit - MemInfo: [/proc/self/status]	VmLck:	       0 kB
20220312 065512.842 INFO             PET1 PIOc_sync Exit - MemInfo: [/proc/self/status]	VmPin:	   79996 kB
20220312 065512.842 INFO             PET1 PIOc_sync Exit - MemInfo: [/proc/self/status]	VmHWM:	  168928 kB
20220312 065512.842 INFO             PET1 PIOc_sync Exit - MemInfo: [/proc/self/status]	VmRSS:	  168928 kB
20220312 065512.842 INFO             PET1 PIOc_sync Exit - MemInfo: [/proc/self/status]	VmData:	  207312 kB
20220312 065512.842 INFO             PET1 PIOc_sync Exit - MemInfo: [/proc/self/status]	VmStk:	     524 kB
20220312 065512.842 INFO             PET1 PIOc_sync Exit - MemInfo: [/proc/self/status]	VmExe:	    1668 kB
20220312 065512.842 INFO             PET1 PIOc_sync Exit - MemInfo: [/proc/self/status]	VmLib:	  174348 kB
20220312 065512.842 INFO             PET1 PIOc_sync Exit - MemInfo: [/proc/self/status]	VmPTE:	     992 kB
20220312 065512.854 INFO             PET1 PIOc_sync Exit - MemInfo: [/proc/self/status]	VmSwap:	       0 kB
20220312 065512.854 INFO             PET1 PIOc_sync Exit - MemInfo: [/proc/self/status]	VmRSSPercent: 0.0859971 %
20220312 065512.854 INFO             PET1 PIOc_sync Exit - MemInfo: [malloc] Non-mmapped space allocated:                 2142208 Byte
20220312 065512.854 INFO             PET1 PIOc_sync Exit - MemInfo: [malloc] Space allocated in mmapped regions:         84254720 Byte
20220312 065512.854 INFO             PET1 PIOc_sync Exit - MemInfo: [malloc] Maximum total allocated space:                     0 Byte
20220312 065512.854 INFO             PET1 PIOc_sync Exit - MemInfo: [malloc] Space in freed fastbin blocks:                   144 Byte
20220312 065512.854 INFO             PET1 PIOc_sync Exit - MemInfo: [malloc] Total allocated space:                       2045888 Byte
20220312 065512.854 INFO             PET1 PIOc_sync Exit - MemInfo: [malloc] Total free space:                              96320 Byte
20220312 065512.854 INFO             PET1 PIOc_sync Exit - MemInfo: [malloc] Top-most, releasable space:                    95456 Byte
20220312 065512.854 INFO             PET1 PIOc_sync Exit - MemInfo: [malloc] Total space in use, mmap + non-mmap:        86300608 Byte
20220312 065512.854 INFO             PET1 PIOc_sync Exit - MemInfo: [malloc] Total space held (mmap + non-mmap):         86396928 Byte
20220312 065512.854 INFO             PET1 PIOc_sync Exit - MemInfo: [malloc] Total space used (mmap + non-mmap):         86309984 Byte
20220312 065512.854 INFO             PET1 PIOc_sync Exit - MemInfo: Wall-clock time since execution start:                2.06757 seconds
20220312 065512.854 INFO             PET1 PIOc_freedecomp Enter - MemInfo: [/proc/meminfo - SSI]	MemTotal:       196434604 kB
20220312 065512.854 INFO             PET1 PIOc_freedecomp Enter - MemInfo: [/proc/meminfo - SSI]	MemFree:        189700964 kB
20220312 065512.855 INFO             PET1 PIOc_freedecomp Enter - MemInfo: [/proc/meminfo - SSI]	MemAvailable:   191465568 kB
20220312 065512.855 INFO             PET1 PIOc_freedecomp Enter - MemInfo: [/proc/meminfo - SSI]	Committed_AS:    1643200 kB
20220312 065512.855 INFO             PET1 PIOc_freedecomp Enter - MemInfo: [/proc/meminfo - SSI]	CommittedPercent: 0.836512 %
20220312 065512.855 INFO             PET1 PIOc_freedecomp Enter - MemInfo: [/proc/self/status]	VmPeak:	 3837588 kB
20220312 065512.855 INFO             PET1 PIOc_freedecomp Enter - MemInfo: [/proc/self/status]	VmSize:	 3837588 kB
20220312 065512.855 INFO             PET1 PIOc_freedecomp Enter - MemInfo: [/proc/self/status]	VmLck:	       0 kB
20220312 065512.855 INFO             PET1 PIOc_freedecomp Enter - MemInfo: [/proc/self/status]	VmPin:	   79996 kB
20220312 065512.855 INFO             PET1 PIOc_freedecomp Enter - MemInfo: [/proc/self/status]	VmHWM:	  168928 kB
20220312 065512.855 INFO             PET1 PIOc_freedecomp Enter - MemInfo: [/proc/self/status]	VmRSS:	  168928 kB
20220312 065512.855 INFO             PET1 PIOc_freedecomp Enter - MemInfo: [/proc/self/status]	VmData:	  207312 kB
20220312 065512.855 INFO             PET1 PIOc_freedecomp Enter - MemInfo: [/proc/self/status]	VmStk:	     524 kB
20220312 065512.855 INFO             PET1 PIOc_freedecomp Enter - MemInfo: [/proc/self/status]	VmExe:	    1668 kB
20220312 065512.855 INFO             PET1 PIOc_freedecomp Enter - MemInfo: [/proc/self/status]	VmLib:	  174348 kB
20220312 065512.855 INFO             PET1 PIOc_freedecomp Enter - MemInfo: [/proc/self/status]	VmPTE:	     992 kB
20220312 065512.855 INFO             PET1 PIOc_freedecomp Enter - MemInfo: [/proc/self/status]	VmSwap:	       0 kB
20220312 065512.855 INFO             PET1 PIOc_freedecomp Enter - MemInfo: [/proc/self/status]	VmRSSPercent: 0.0859971 %
20220312 065512.855 INFO             PET1 PIOc_freedecomp Enter - MemInfo: [malloc] Non-mmapped space allocated:                 2142208 Byte
20220312 065512.855 INFO             PET1 PIOc_freedecomp Enter - MemInfo: [malloc] Space allocated in mmapped regions:         84254720 Byte
20220312 065512.855 INFO             PET1 PIOc_freedecomp Enter - MemInfo: [malloc] Maximum total allocated space:                     0 Byte
20220312 065512.855 INFO             PET1 PIOc_freedecomp Enter - MemInfo: [malloc] Space in freed fastbin blocks:                   240 Byte
20220312 065512.855 INFO             PET1 PIOc_freedecomp Enter - MemInfo: [malloc] Total allocated space:                       2044000 Byte
20220312 065512.855 INFO             PET1 PIOc_freedecomp Enter - MemInfo: [malloc] Total free space:                              98208 Byte
20220312 065512.855 INFO             PET1 PIOc_freedecomp Enter - MemInfo: [malloc] Top-most, releasable space:                    95760 Byte
20220312 065512.855 INFO             PET1 PIOc_freedecomp Enter - MemInfo: [malloc] Total space in use, mmap + non-mmap:        86298720 Byte
20220312 065512.855 INFO             PET1 PIOc_freedecomp Enter - MemInfo: [malloc] Total space held (mmap + non-mmap):         86396928 Byte
20220312 065512.855 INFO             PET1 PIOc_freedecomp Enter - MemInfo: [malloc] Total space used (mmap + non-mmap):         86308096 Byte
20220312 065512.855 INFO             PET1 PIOc_freedecomp Enter - MemInfo: Wall-clock time since execution start:                2.06814 seconds
20220312 065512.855 INFO             PET1 PIOc_freedecomp Exit - MemInfo: [/proc/meminfo - SSI]	MemTotal:       196434604 kB
20220312 065512.855 INFO             PET1 PIOc_freedecomp Exit - MemInfo: [/proc/meminfo - SSI]	MemFree:        189700964 kB
20220312 065512.855 INFO             PET1 PIOc_freedecomp Exit - MemInfo: [/proc/meminfo - SSI]	MemAvailable:   191465568 kB
20220312 065512.855 INFO             PET1 PIOc_freedecomp Exit - MemInfo: [/proc/meminfo - SSI]	Committed_AS:    1643200 kB
20220312 065512.855 INFO             PET1 PIOc_freedecomp Exit - MemInfo: [/proc/meminfo - SSI]	CommittedPercent: 0.836512 %
20220312 065512.855 INFO             PET1 PIOc_freedecomp Exit - MemInfo: [/proc/self/status]	VmPeak:	 3837588 kB
20220312 065512.855 INFO             PET1 PIOc_freedecomp Exit - MemInfo: [/proc/self/status]	VmSize:	 3837588 kB
20220312 065512.855 INFO             PET1 PIOc_freedecomp Exit - MemInfo: [/proc/self/status]	VmLck:	       0 kB
20220312 065512.855 INFO             PET1 PIOc_freedecomp Exit - MemInfo: [/proc/self/status]	VmPin:	   79996 kB
20220312 065512.855 INFO             PET1 PIOc_freedecomp Exit - MemInfo: [/proc/self/status]	VmHWM:	  168928 kB
20220312 065512.855 INFO             PET1 PIOc_freedecomp Exit - MemInfo: [/proc/self/status]	VmRSS:	  168928 kB
20220312 065512.855 INFO             PET1 PIOc_freedecomp Exit - MemInfo: [/proc/self/status]	VmData:	  207312 kB
20220312 065512.855 INFO             PET1 PIOc_freedecomp Exit - MemInfo: [/proc/self/status]	VmStk:	     524 kB
20220312 065512.855 INFO             PET1 PIOc_freedecomp Exit - MemInfo: [/proc/self/status]	VmExe:	    1668 kB
20220312 065512.855 INFO             PET1 PIOc_freedecomp Exit - MemInfo: [/proc/self/status]	VmLib:	  174348 kB
20220312 065512.855 INFO             PET1 PIOc_freedecomp Exit - MemInfo: [/proc/self/status]	VmPTE:	     992 kB
20220312 065512.855 INFO             PET1 PIOc_freedecomp Exit - MemInfo: [/proc/self/status]	VmSwap:	       0 kB
20220312 065512.855 INFO             PET1 PIOc_freedecomp Exit - MemInfo: [/proc/self/status]	VmRSSPercent: 0.0859971 %
20220312 065512.855 INFO             PET1 PIOc_freedecomp Exit - MemInfo: [malloc] Non-mmapped space allocated:                 2142208 Byte
20220312 065512.855 INFO             PET1 PIOc_freedecomp Exit - MemInfo: [malloc] Space allocated in mmapped regions:         84254720 Byte
20220312 065512.855 INFO             PET1 PIOc_freedecomp Exit - MemInfo: [malloc] Maximum total allocated space:                     0 Byte
20220312 065512.855 INFO             PET1 PIOc_freedecomp Exit - MemInfo: [malloc] Space in freed fastbin blocks:                   352 Byte
20220312 065512.855 INFO             PET1 PIOc_freedecomp Exit - MemInfo: [malloc] Total allocated space:                       2042624 Byte
20220312 065512.855 INFO             PET1 PIOc_freedecomp Exit - MemInfo: [malloc] Total free space:                              99584 Byte
20220312 065512.855 INFO             PET1 PIOc_freedecomp Exit - MemInfo: [malloc] Top-most, releasable space:                    96288 Byte
20220312 065512.855 INFO             PET1 PIOc_freedecomp Exit - MemInfo: [malloc] Total space in use, mmap + non-mmap:        86297344 Byte
20220312 065512.855 INFO             PET1 PIOc_freedecomp Exit - MemInfo: [malloc] Total space held (mmap + non-mmap):         86396928 Byte
20220312 065512.855 INFO             PET1 PIOc_freedecomp Exit - MemInfo: [malloc] Total space used (mmap + non-mmap):         86306720 Byte
20220312 065512.855 INFO             PET1 PIOc_freedecomp Exit - MemInfo: Wall-clock time since execution start:                2.06871 seconds
20220312 065512.856 INFO             PET1  PASS  ESMF_OutputWeightFile, ESMF_IOUTest.F90, line 81
20220312 065512.964 INFO             PET1  PASS  call ESMF_OutputWeightFile with empty factor list on four PETs, ESMF_IOUTest.F90, line 191
20220312 065512.964 INFO             PET1  Ending Test, file ESMF_IOUTest.F90, line 201
20220312 065512.965 INFO             PET1 Finalizing ESMF
20220312 065511.328 INFO             PET2 !!!!!!!!!!!!!!!!!!!!!!!!!!!!!!!!!!!!!!!!!!!!!!!!!!!!!!
20220312 065511.329 INFO             PET2 !!! THE ESMF_LOG IS SET TO OUTPUT ALL LOG MESSAGES !!!
20220312 065511.329 INFO             PET2 !!!     THIS MAY CAUSE SLOWDOWN IN PERFORMANCE     !!!
20220312 065511.329 INFO             PET2 !!! FOR PRODUCTION RUNS, USE:                      !!!
20220312 065511.329 INFO             PET2 !!!                   ESMF_LOGKIND_Multi_On_Error  !!!
20220312 065511.329 INFO             PET2 !!!!!!!!!!!!!!!!!!!!!!!!!!!!!!!!!!!!!!!!!!!!!!!!!!!!!!
20220312 065511.329 INFO             PET2 Running with ESMF Version   : v8.3.0b09-96-g559b459
20220312 065511.329 INFO             PET2 ESMF library build date/time: "Mar 12 2022" "04:14:43"
20220312 065511.329 INFO             PET2 ESMF library build location : /work/noaa/da/mpotts/sandbox/intel_2020_intelmpi_g_jedwards_pio_update2
20220312 065511.329 INFO             PET2 ESMF_COMM                   : intelmpi
20220312 065511.332 INFO             PET2 ESMF_MOAB                   : enabled
20220312 065511.332 INFO             PET2 ESMF_LAPACK                 : enabled
20220312 065511.332 INFO             PET2 ESMF_NETCDF                 : enabled
20220312 065511.332 INFO             PET2 ESMF_PNETCDF                : disabled
20220312 065511.332 INFO             PET2 ESMF_PIO                    : enabled
20220312 065511.332 INFO             PET2 ESMF_YAMLCPP                : enabled
20220312 065511.360 INFO             PET2  Beginning Test, file ESMF_IOUTest.F90, line 57
20220312 065511.360 INFO             PET2  NUMBER_OF_PROCESSORS           4
20220312 065511.360 INFO             PET2 Starting Test:  ESMF_OutputWeightFile
20220312 065511.902 INFO             PET2 PIOc_sync Enter - MemInfo: [/proc/meminfo - SSI]	MemTotal:       196434604 kB
20220312 065511.902 INFO             PET2 PIOc_sync Enter - MemInfo: [/proc/meminfo - SSI]	MemFree:        189698520 kB
20220312 065511.902 INFO             PET2 PIOc_sync Enter - MemInfo: [/proc/meminfo - SSI]	MemAvailable:   191463124 kB
20220312 065511.902 INFO             PET2 PIOc_sync Enter - MemInfo: [/proc/meminfo - SSI]	Committed_AS:    1642700 kB
20220312 065511.902 INFO             PET2 PIOc_sync Enter - MemInfo: [/proc/meminfo - SSI]	CommittedPercent: 0.836258 %
20220312 065511.902 INFO             PET2 PIOc_sync Enter - MemInfo: [/proc/self/status]	VmPeak:	 3839636 kB
20220312 065511.902 INFO             PET2 PIOc_sync Enter - MemInfo: [/proc/self/status]	VmSize:	 3839636 kB
20220312 065511.903 INFO             PET2 PIOc_sync Enter - MemInfo: [/proc/self/status]	VmLck:	       0 kB
20220312 065511.903 INFO             PET2 PIOc_sync Enter - MemInfo: [/proc/self/status]	VmPin:	   79996 kB
20220312 065511.903 INFO             PET2 PIOc_sync Enter - MemInfo: [/proc/self/status]	VmHWM:	  169944 kB
20220312 065511.903 INFO             PET2 PIOc_sync Enter - MemInfo: [/proc/self/status]	VmRSS:	  169944 kB
20220312 065511.903 INFO             PET2 PIOc_sync Enter - MemInfo: [/proc/self/status]	VmData:	  209360 kB
20220312 065511.903 INFO             PET2 PIOc_sync Enter - MemInfo: [/proc/self/status]	VmStk:	     524 kB
20220312 065511.903 INFO             PET2 PIOc_sync Enter - MemInfo: [/proc/self/status]	VmExe:	    1668 kB
20220312 065511.903 INFO             PET2 PIOc_sync Enter - MemInfo: [/proc/self/status]	VmLib:	  174348 kB
20220312 065511.903 INFO             PET2 PIOc_sync Enter - MemInfo: [/proc/self/status]	VmPTE:	     968 kB
20220312 065511.903 INFO             PET2 PIOc_sync Enter - MemInfo: [/proc/self/status]	VmSwap:	       0 kB
20220312 065511.903 INFO             PET2 PIOc_sync Enter - MemInfo: [/proc/self/status]	VmRSSPercent: 0.0865143 %
20220312 065511.903 INFO             PET2 PIOc_sync Enter - MemInfo: [malloc] Non-mmapped space allocated:                 2142208 Byte
20220312 065511.903 INFO             PET2 PIOc_sync Enter - MemInfo: [malloc] Space allocated in mmapped regions:         84254720 Byte
20220312 065511.903 INFO             PET2 PIOc_sync Enter - MemInfo: [malloc] Maximum total allocated space:                     0 Byte
20220312 065511.903 INFO             PET2 PIOc_sync Enter - MemInfo: [malloc] Space in freed fastbin blocks:                   672 Byte
20220312 065511.903 INFO             PET2 PIOc_sync Enter - MemInfo: [malloc] Total allocated space:                       2046576 Byte
20220312 065511.903 INFO             PET2 PIOc_sync Enter - MemInfo: [malloc] Total free space:                              95632 Byte
20220312 065511.903 INFO             PET2 PIOc_sync Enter - MemInfo: [malloc] Top-most, releasable space:                    94384 Byte
20220312 065511.903 INFO             PET2 PIOc_sync Enter - MemInfo: [malloc] Total space in use, mmap + non-mmap:        86301296 Byte
20220312 065511.903 INFO             PET2 PIOc_sync Enter - MemInfo: [malloc] Total space held (mmap + non-mmap):         86396928 Byte
20220312 065511.903 INFO             PET2 PIOc_sync Enter - MemInfo: [malloc] Total space used (mmap + non-mmap):         86310688 Byte
20220312 065511.903 INFO             PET2 PIOc_sync Enter - MemInfo: Wall-clock time since execution start:                1.12692 seconds
20220312 065511.936 INFO             PET2 PIOc_sync Exit - MemInfo: [/proc/meminfo - SSI]	MemTotal:       196434604 kB
20220312 065511.936 INFO             PET2 PIOc_sync Exit - MemInfo: [/proc/meminfo - SSI]	MemFree:        189698520 kB
20220312 065511.936 INFO             PET2 PIOc_sync Exit - MemInfo: [/proc/meminfo - SSI]	MemAvailable:   191463124 kB
20220312 065511.936 INFO             PET2 PIOc_sync Exit - MemInfo: [/proc/meminfo - SSI]	Committed_AS:    1642700 kB
20220312 065511.936 INFO             PET2 PIOc_sync Exit - MemInfo: [/proc/meminfo - SSI]	CommittedPercent: 0.836258 %
20220312 065511.936 INFO             PET2 PIOc_sync Exit - MemInfo: [/proc/self/status]	VmPeak:	 3839636 kB
20220312 065511.936 INFO             PET2 PIOc_sync Exit - MemInfo: [/proc/self/status]	VmSize:	 3839636 kB
20220312 065511.936 INFO             PET2 PIOc_sync Exit - MemInfo: [/proc/self/status]	VmLck:	       0 kB
20220312 065511.936 INFO             PET2 PIOc_sync Exit - MemInfo: [/proc/self/status]	VmPin:	   79996 kB
20220312 065511.936 INFO             PET2 PIOc_sync Exit - MemInfo: [/proc/self/status]	VmHWM:	  170084 kB
20220312 065511.936 INFO             PET2 PIOc_sync Exit - MemInfo: [/proc/self/status]	VmRSS:	  170084 kB
20220312 065511.936 INFO             PET2 PIOc_sync Exit - MemInfo: [/proc/self/status]	VmData:	  209360 kB
20220312 065511.936 INFO             PET2 PIOc_sync Exit - MemInfo: [/proc/self/status]	VmStk:	     524 kB
20220312 065511.936 INFO             PET2 PIOc_sync Exit - MemInfo: [/proc/self/status]	VmExe:	    1668 kB
20220312 065511.936 INFO             PET2 PIOc_sync Exit - MemInfo: [/proc/self/status]	VmLib:	  174348 kB
20220312 065511.936 INFO             PET2 PIOc_sync Exit - MemInfo: [/proc/self/status]	VmPTE:	     968 kB
20220312 065511.937 INFO             PET2 PIOc_sync Exit - MemInfo: [/proc/self/status]	VmSwap:	       0 kB
20220312 065511.937 INFO             PET2 PIOc_sync Exit - MemInfo: [/proc/self/status]	VmRSSPercent: 0.0865856 %
20220312 065511.937 INFO             PET2 PIOc_sync Exit - MemInfo: [malloc] Non-mmapped space allocated:                 2142208 Byte
20220312 065511.937 INFO             PET2 PIOc_sync Exit - MemInfo: [malloc] Space allocated in mmapped regions:         84254720 Byte
20220312 065511.937 INFO             PET2 PIOc_sync Exit - MemInfo: [malloc] Maximum total allocated space:                     0 Byte
20220312 065511.937 INFO             PET2 PIOc_sync Exit - MemInfo: [malloc] Space in freed fastbin blocks:                   192 Byte
20220312 065511.937 INFO             PET2 PIOc_sync Exit - MemInfo: [malloc] Total allocated space:                       2045744 Byte
20220312 065511.937 INFO             PET2 PIOc_sync Exit - MemInfo: [malloc] Total free space:                              96464 Byte
20220312 065511.937 INFO             PET2 PIOc_sync Exit - MemInfo: [malloc] Top-most, releasable space:                    95808 Byte
20220312 065511.937 INFO             PET2 PIOc_sync Exit - MemInfo: [malloc] Total space in use, mmap + non-mmap:        86300464 Byte
20220312 065511.937 INFO             PET2 PIOc_sync Exit - MemInfo: [malloc] Total space held (mmap + non-mmap):         86396928 Byte
20220312 065511.937 INFO             PET2 PIOc_sync Exit - MemInfo: [malloc] Total space used (mmap + non-mmap):         86309840 Byte
20220312 065511.937 INFO             PET2 PIOc_sync Exit - MemInfo: Wall-clock time since execution start:                1.16063 seconds
20220312 065511.937 INFO             PET2 PIOc_freedecomp Enter - MemInfo: [/proc/meminfo - SSI]	MemTotal:       196434604 kB
20220312 065511.937 INFO             PET2 PIOc_freedecomp Enter - MemInfo: [/proc/meminfo - SSI]	MemFree:        189705044 kB
20220312 065511.937 INFO             PET2 PIOc_freedecomp Enter - MemInfo: [/proc/meminfo - SSI]	MemAvailable:   191469648 kB
20220312 065511.937 INFO             PET2 PIOc_freedecomp Enter - MemInfo: [/proc/meminfo - SSI]	Committed_AS:    1634976 kB
20220312 065511.937 INFO             PET2 PIOc_freedecomp Enter - MemInfo: [/proc/meminfo - SSI]	CommittedPercent: 0.832326 %
20220312 065511.937 INFO             PET2 PIOc_freedecomp Enter - MemInfo: [/proc/self/status]	VmPeak:	 3839636 kB
20220312 065511.937 INFO             PET2 PIOc_freedecomp Enter - MemInfo: [/proc/self/status]	VmSize:	 3839636 kB
20220312 065511.937 INFO             PET2 PIOc_freedecomp Enter - MemInfo: [/proc/self/status]	VmLck:	       0 kB
