build time -- 2022-03-13 03:19:42
20220313 044800.292 INFO             PET0 !!!!!!!!!!!!!!!!!!!!!!!!!!!!!!!!!!!!!!!!!!!!!!!!!!!!!!
20220313 044800.293 INFO             PET0 !!! THE ESMF_LOG IS SET TO OUTPUT ALL LOG MESSAGES !!!
20220313 044800.293 INFO             PET0 !!!     THIS MAY CAUSE SLOWDOWN IN PERFORMANCE     !!!
20220313 044800.293 INFO             PET0 !!! FOR PRODUCTION RUNS, USE:                      !!!
20220313 044800.293 INFO             PET0 !!!                   ESMF_LOGKIND_Multi_On_Error  !!!
20220313 044800.293 INFO             PET0 !!!!!!!!!!!!!!!!!!!!!!!!!!!!!!!!!!!!!!!!!!!!!!!!!!!!!!
20220313 044800.293 INFO             PET0 Running with ESMF Version   : v8.3.0b09-96-g559b459
20220313 044800.293 INFO             PET0 ESMF library build date/time: "Mar 13 2022" "03:18:06"
20220313 044800.294 INFO             PET0 ESMF library build location : /work/noaa/da/mpotts/sandbox/intel_2020_intelmpi_g_jedwards_pio_update2
20220313 044800.294 INFO             PET0 ESMF_COMM                   : intelmpi
20220313 044800.300 INFO             PET0 ESMF_MOAB                   : enabled
20220313 044800.300 INFO             PET0 ESMF_LAPACK                 : enabled
20220313 044800.300 INFO             PET0 ESMF_NETCDF                 : enabled
20220313 044800.300 INFO             PET0 ESMF_PNETCDF                : disabled
20220313 044800.300 INFO             PET0 ESMF_PIO                    : enabled
20220313 044800.300 INFO             PET0 ESMF_YAMLCPP                : enabled
20220313 044800.325 INFO             PET0  Beginning Test, file ESMF_IOUTest.F90, line 57
20220313 044800.325 INFO             PET0  NUMBER_OF_PROCESSORS           4
20220313 044800.325 INFO             PET0 Starting Test:  ESMF_OutputWeightFile
20220313 044800.854 INFO             PET0 PIOc_sync Enter - MemInfo: [/proc/meminfo - SSI]	MemTotal:       196434604 kB
20220313 044800.854 INFO             PET0 PIOc_sync Enter - MemInfo: [/proc/meminfo - SSI]	MemFree:        182929428 kB
20220313 044800.854 INFO             PET0 PIOc_sync Enter - MemInfo: [/proc/meminfo - SSI]	MemAvailable:   191334628 kB
20220313 044800.854 INFO             PET0 PIOc_sync Enter - MemInfo: [/proc/meminfo - SSI]	Committed_AS:    1623876 kB
20220313 044800.854 INFO             PET0 PIOc_sync Enter - MemInfo: [/proc/meminfo - SSI]	CommittedPercent: 0.826675 %
20220313 044800.854 INFO             PET0 PIOc_sync Enter - MemInfo: [/proc/self/status]	VmPeak:	 3848624 kB
20220313 044800.854 INFO             PET0 PIOc_sync Enter - MemInfo: [/proc/self/status]	VmSize:	 3848624 kB
20220313 044800.854 INFO             PET0 PIOc_sync Enter - MemInfo: [/proc/self/status]	VmLck:	       0 kB
20220313 044800.854 INFO             PET0 PIOc_sync Enter - MemInfo: [/proc/self/status]	VmPin:	   79996 kB
20220313 044800.854 INFO             PET0 PIOc_sync Enter - MemInfo: [/proc/self/status]	VmHWM:	  182552 kB
20220313 044800.854 INFO             PET0 PIOc_sync Enter - MemInfo: [/proc/self/status]	VmRSS:	  182552 kB
20220313 044800.854 INFO             PET0 PIOc_sync Enter - MemInfo: [/proc/self/status]	VmData:	  218344 kB
20220313 044800.854 INFO             PET0 PIOc_sync Enter - MemInfo: [/proc/self/status]	VmStk:	     528 kB
20220313 044800.854 INFO             PET0 PIOc_sync Enter - MemInfo: [/proc/self/status]	VmExe:	    1668 kB
20220313 044800.854 INFO             PET0 PIOc_sync Enter - MemInfo: [/proc/self/status]	VmLib:	  174348 kB
20220313 044800.854 INFO             PET0 PIOc_sync Enter - MemInfo: [/proc/self/status]	VmPTE:	    1024 kB
20220313 044800.854 INFO             PET0 PIOc_sync Enter - MemInfo: [/proc/self/status]	VmSwap:	       0 kB
20220313 044800.854 INFO             PET0 PIOc_sync Enter - MemInfo: [/proc/self/status]	VmRSSPercent: 0.0929327 %
20220313 044800.854 INFO             PET0 PIOc_sync Enter - MemInfo: [malloc] Non-mmapped space allocated:                 2420736 Byte
20220313 044800.854 INFO             PET0 PIOc_sync Enter - MemInfo: [malloc] Space allocated in mmapped regions:         93175808 Byte
20220313 044800.854 INFO             PET0 PIOc_sync Enter - MemInfo: [malloc] Maximum total allocated space:                     0 Byte
20220313 044800.854 INFO             PET0 PIOc_sync Enter - MemInfo: [malloc] Space in freed fastbin blocks:                   352 Byte
20220313 044800.854 INFO             PET0 PIOc_sync Enter - MemInfo: [malloc] Total allocated space:                       2331936 Byte
20220313 044800.854 INFO             PET0 PIOc_sync Enter - MemInfo: [malloc] Total free space:                              88800 Byte
20220313 044800.854 INFO             PET0 PIOc_sync Enter - MemInfo: [malloc] Top-most, releasable space:                    87872 Byte
20220313 044800.854 INFO             PET0 PIOc_sync Enter - MemInfo: [malloc] Total space in use, mmap + non-mmap:        95507744 Byte
20220313 044800.854 INFO             PET0 PIOc_sync Enter - MemInfo: [malloc] Total space held (mmap + non-mmap):         95596544 Byte
20220313 044800.854 INFO             PET0 PIOc_sync Enter - MemInfo: [malloc] Total space used (mmap + non-mmap):         95517136 Byte
20220313 044800.854 INFO             PET0 PIOc_sync Enter - MemInfo: Wall-clock time since execution start:               0.962267 seconds
20220313 044800.880 INFO             PET0 PIOc_sync Exit - MemInfo: [/proc/meminfo - SSI]	MemTotal:       196434604 kB
20220313 044800.880 INFO             PET0 PIOc_sync Exit - MemInfo: [/proc/meminfo - SSI]	MemFree:        182929428 kB
20220313 044800.880 INFO             PET0 PIOc_sync Exit - MemInfo: [/proc/meminfo - SSI]	MemAvailable:   191334628 kB
20220313 044800.880 INFO             PET0 PIOc_sync Exit - MemInfo: [/proc/meminfo - SSI]	Committed_AS:    1623876 kB
20220313 044800.880 INFO             PET0 PIOc_sync Exit - MemInfo: [/proc/meminfo - SSI]	CommittedPercent: 0.826675 %
20220313 044800.880 INFO             PET0 PIOc_sync Exit - MemInfo: [/proc/self/status]	VmPeak:	 3848624 kB
20220313 044800.880 INFO             PET0 PIOc_sync Exit - MemInfo: [/proc/self/status]	VmSize:	 3848624 kB
20220313 044800.880 INFO             PET0 PIOc_sync Exit - MemInfo: [/proc/self/status]	VmLck:	       0 kB
20220313 044800.880 INFO             PET0 PIOc_sync Exit - MemInfo: [/proc/self/status]	VmPin:	   79996 kB
20220313 044800.880 INFO             PET0 PIOc_sync Exit - MemInfo: [/proc/self/status]	VmHWM:	  182772 kB
20220313 044800.880 INFO             PET0 PIOc_sync Exit - MemInfo: [/proc/self/status]	VmRSS:	  182772 kB
20220313 044800.880 INFO             PET0 PIOc_sync Exit - MemInfo: [/proc/self/status]	VmData:	  218344 kB
20220313 044800.880 INFO             PET0 PIOc_sync Exit - MemInfo: [/proc/self/status]	VmStk:	     528 kB
20220313 044800.880 INFO             PET0 PIOc_sync Exit - MemInfo: [/proc/self/status]	VmExe:	    1668 kB
20220313 044800.880 INFO             PET0 PIOc_sync Exit - MemInfo: [/proc/self/status]	VmLib:	  174348 kB
20220313 044800.880 INFO             PET0 PIOc_sync Exit - MemInfo: [/proc/self/status]	VmPTE:	    1024 kB
20220313 044800.880 INFO             PET0 PIOc_sync Exit - MemInfo: [/proc/self/status]	VmSwap:	       0 kB
20220313 044800.880 INFO             PET0 PIOc_sync Exit - MemInfo: [/proc/self/status]	VmRSSPercent: 0.0930447 %
20220313 044800.880 INFO             PET0 PIOc_sync Exit - MemInfo: [malloc] Non-mmapped space allocated:                 2420736 Byte
20220313 044800.880 INFO             PET0 PIOc_sync Exit - MemInfo: [malloc] Space allocated in mmapped regions:         93175808 Byte
20220313 044800.880 INFO             PET0 PIOc_sync Exit - MemInfo: [malloc] Maximum total allocated space:                     0 Byte
20220313 044800.880 INFO             PET0 PIOc_sync Exit - MemInfo: [malloc] Space in freed fastbin blocks:                   144 Byte
20220313 044800.880 INFO             PET0 PIOc_sync Exit - MemInfo: [malloc] Total allocated space:                       2331152 Byte
20220313 044800.880 INFO             PET0 PIOc_sync Exit - MemInfo: [malloc] Total free space:                              89584 Byte
20220313 044800.880 INFO             PET0 PIOc_sync Exit - MemInfo: [malloc] Top-most, releasable space:                    89408 Byte
20220313 044800.880 INFO             PET0 PIOc_sync Exit - MemInfo: [malloc] Total space in use, mmap + non-mmap:        95506960 Byte
20220313 044800.880 INFO             PET0 PIOc_sync Exit - MemInfo: [malloc] Total space held (mmap + non-mmap):         95596544 Byte
20220313 044800.880 INFO             PET0 PIOc_sync Exit - MemInfo: [malloc] Total space used (mmap + non-mmap):         95516336 Byte
20220313 044800.880 INFO             PET0 PIOc_sync Exit - MemInfo: Wall-clock time since execution start:               0.988099 seconds
20220313 044800.881 INFO             PET0 PIOc_freedecomp Enter - MemInfo: [/proc/meminfo - SSI]	MemTotal:       196434604 kB
20220313 044800.881 INFO             PET0 PIOc_freedecomp Enter - MemInfo: [/proc/meminfo - SSI]	MemFree:        182936200 kB
20220313 044800.881 INFO             PET0 PIOc_freedecomp Enter - MemInfo: [/proc/meminfo - SSI]	MemAvailable:   191341400 kB
20220313 044800.881 INFO             PET0 PIOc_freedecomp Enter - MemInfo: [/proc/meminfo - SSI]	Committed_AS:    1616148 kB
20220313 044800.881 INFO             PET0 PIOc_freedecomp Enter - MemInfo: [/proc/meminfo - SSI]	CommittedPercent: 0.822741 %
20220313 044800.881 INFO             PET0 PIOc_freedecomp Enter - MemInfo: [/proc/self/status]	VmPeak:	 3848624 kB
20220313 044800.881 INFO             PET0 PIOc_freedecomp Enter - MemInfo: [/proc/self/status]	VmSize:	 3839912 kB
20220313 044800.881 INFO             PET0 PIOc_freedecomp Enter - MemInfo: [/proc/self/status]	VmLck:	       0 kB
20220313 044800.881 INFO             PET0 PIOc_freedecomp Enter - MemInfo: [/proc/self/status]	VmPin:	   79996 kB
20220313 044800.881 INFO             PET0 PIOc_freedecomp Enter - MemInfo: [/proc/self/status]	VmHWM:	  182772 kB
20220313 044800.881 INFO             PET0 PIOc_freedecomp Enter - MemInfo: [/proc/self/status]	VmRSS:	  174580 kB
20220313 044800.881 INFO             PET0 PIOc_freedecomp Enter - MemInfo: [/proc/self/status]	VmData:	  209632 kB
20220313 044800.881 INFO             PET0 PIOc_freedecomp Enter - MemInfo: [/proc/self/status]	VmStk:	     528 kB
20220313 044800.881 INFO             PET0 PIOc_freedecomp Enter - MemInfo: [/proc/self/status]	VmExe:	    1668 kB
20220313 044800.881 INFO             PET0 PIOc_freedecomp Enter - MemInfo: [/proc/self/status]	VmLib:	  174348 kB
20220313 044800.881 INFO             PET0 PIOc_freedecomp Enter - MemInfo: [/proc/self/status]	VmPTE:	    1008 kB
20220313 044800.881 INFO             PET0 PIOc_freedecomp Enter - MemInfo: [/proc/self/status]	VmSwap:	       0 kB
20220313 044800.881 INFO             PET0 PIOc_freedecomp Enter - MemInfo: [/proc/self/status]	VmRSSPercent: 0.0888744 %
20220313 044800.881 INFO             PET0 PIOc_freedecomp Enter - MemInfo: [malloc] Non-mmapped space allocated:                 2420736 Byte
20220313 044800.881 INFO             PET0 PIOc_freedecomp Enter - MemInfo: [malloc] Space allocated in mmapped regions:         84254720 Byte
20220313 044800.881 INFO             PET0 PIOc_freedecomp Enter - MemInfo: [malloc] Maximum total allocated space:                     0 Byte
20220313 044800.882 INFO             PET0 PIOc_freedecomp Enter - MemInfo: [malloc] Space in freed fastbin blocks:                  1216 Byte
20220313 044800.882 INFO             PET0 PIOc_freedecomp Enter - MemInfo: [malloc] Total allocated space:                       2318048 Byte
20220313 044800.882 INFO             PET0 PIOc_freedecomp Enter - MemInfo: [malloc] Total free space:                             102688 Byte
20220313 044800.882 INFO             PET0 PIOc_freedecomp Enter - MemInfo: [malloc] Top-most, releasable space:                    88464 Byte
20220313 044800.882 INFO             PET0 PIOc_freedecomp Enter - MemInfo: [malloc] Total space in use, mmap + non-mmap:        86572768 Byte
20220313 044800.882 INFO             PET0 PIOc_freedecomp Enter - MemInfo: [malloc] Total space held (mmap + non-mmap):         86675456 Byte
20220313 044800.882 INFO             PET0 PIOc_freedecomp Enter - MemInfo: [malloc] Total space used (mmap + non-mmap):         86582144 Byte
20220313 044800.882 INFO             PET0 PIOc_freedecomp Enter - MemInfo: Wall-clock time since execution start:               0.989456 seconds
20220313 044800.882 INFO             PET0 PIOc_freedecomp Exit - MemInfo: [/proc/meminfo - SSI]	MemTotal:       196434604 kB
20220313 044800.882 INFO             PET0 PIOc_freedecomp Exit - MemInfo: [/proc/meminfo - SSI]	MemFree:        182936200 kB
20220313 044800.882 INFO             PET0 PIOc_freedecomp Exit - MemInfo: [/proc/meminfo - SSI]	MemAvailable:   191341400 kB
20220313 044800.882 INFO             PET0 PIOc_freedecomp Exit - MemInfo: [/proc/meminfo - SSI]	Committed_AS:    1616148 kB
20220313 044800.882 INFO             PET0 PIOc_freedecomp Exit - MemInfo: [/proc/meminfo - SSI]	CommittedPercent: 0.822741 %
20220313 044800.882 INFO             PET0 PIOc_freedecomp Exit - MemInfo: [/proc/self/status]	VmPeak:	 3848624 kB
20220313 044800.882 INFO             PET0 PIOc_freedecomp Exit - MemInfo: [/proc/self/status]	VmSize:	 3839912 kB
20220313 044800.882 INFO             PET0 PIOc_freedecomp Exit - MemInfo: [/proc/self/status]	VmLck:	       0 kB
20220313 044800.882 INFO             PET0 PIOc_freedecomp Exit - MemInfo: [/proc/self/status]	VmPin:	   79996 kB
20220313 044800.882 INFO             PET0 PIOc_freedecomp Exit - MemInfo: [/proc/self/status]	VmHWM:	  182772 kB
20220313 044800.882 INFO             PET0 PIOc_freedecomp Exit - MemInfo: [/proc/self/status]	VmRSS:	  174580 kB
20220313 044800.882 INFO             PET0 PIOc_freedecomp Exit - MemInfo: [/proc/self/status]	VmData:	  209632 kB
20220313 044800.882 INFO             PET0 PIOc_freedecomp Exit - MemInfo: [/proc/self/status]	VmStk:	     528 kB
20220313 044800.882 INFO             PET0 PIOc_freedecomp Exit - MemInfo: [/proc/self/status]	VmExe:	    1668 kB
20220313 044800.882 INFO             PET0 PIOc_freedecomp Exit - MemInfo: [/proc/self/status]	VmLib:	  174348 kB
20220313 044800.882 INFO             PET0 PIOc_freedecomp Exit - MemInfo: [/proc/self/status]	VmPTE:	    1008 kB
20220313 044800.882 INFO             PET0 PIOc_freedecomp Exit - MemInfo: [/proc/self/status]	VmSwap:	       0 kB
20220313 044800.882 INFO             PET0 PIOc_freedecomp Exit - MemInfo: [/proc/self/status]	VmRSSPercent: 0.0888744 %
20220313 044800.882 INFO             PET0 PIOc_freedecomp Exit - MemInfo: [malloc] Non-mmapped space allocated:                 2420736 Byte
20220313 044800.882 INFO             PET0 PIOc_freedecomp Exit - MemInfo: [malloc] Space allocated in mmapped regions:         84254720 Byte
20220313 044800.882 INFO             PET0 PIOc_freedecomp Exit - MemInfo: [malloc] Maximum total allocated space:                     0 Byte
20220313 044800.882 INFO             PET0 PIOc_freedecomp Exit - MemInfo: [malloc] Space in freed fastbin blocks:                   352 Byte
20220313 044800.882 INFO             PET0 PIOc_freedecomp Exit - MemInfo: [malloc] Total allocated space:                       2316288 Byte
20220313 044800.882 INFO             PET0 PIOc_freedecomp Exit - MemInfo: [malloc] Total free space:                             104448 Byte
20220313 044800.882 INFO             PET0 PIOc_freedecomp Exit - MemInfo: [malloc] Top-most, releasable space:                   101856 Byte
20220313 044800.882 INFO             PET0 PIOc_freedecomp Exit - MemInfo: [malloc] Total space in use, mmap + non-mmap:        86571008 Byte
20220313 044800.882 INFO             PET0 PIOc_freedecomp Exit - MemInfo: [malloc] Total space held (mmap + non-mmap):         86675456 Byte
20220313 044800.882 INFO             PET0 PIOc_freedecomp Exit - MemInfo: [malloc] Total space used (mmap + non-mmap):         86580400 Byte
20220313 044800.883 INFO             PET0 PIOc_freedecomp Exit - MemInfo: Wall-clock time since execution start:               0.990331 seconds
20220313 044801.194 INFO             PET0 PIOc_sync Enter - MemInfo: [/proc/meminfo - SSI]	MemTotal:       196434604 kB
20220313 044801.194 INFO             PET0 PIOc_sync Enter - MemInfo: [/proc/meminfo - SSI]	MemFree:        182930540 kB
20220313 044801.194 INFO             PET0 PIOc_sync Enter - MemInfo: [/proc/meminfo - SSI]	MemAvailable:   191335984 kB
20220313 044801.194 INFO             PET0 PIOc_sync Enter - MemInfo: [/proc/meminfo - SSI]	Committed_AS:    1624376 kB
20220313 044801.194 INFO             PET0 PIOc_sync Enter - MemInfo: [/proc/meminfo - SSI]	CommittedPercent: 0.82693 %
20220313 044801.194 INFO             PET0 PIOc_sync Enter - MemInfo: [/proc/self/status]	VmPeak:	 3848648 kB
20220313 044801.194 INFO             PET0 PIOc_sync Enter - MemInfo: [/proc/self/status]	VmSize:	 3848648 kB
20220313 044801.194 INFO             PET0 PIOc_sync Enter - MemInfo: [/proc/self/status]	VmLck:	       0 kB
20220313 044801.194 INFO             PET0 PIOc_sync Enter - MemInfo: [/proc/self/status]	VmPin:	   79996 kB
20220313 044801.194 INFO             PET0 PIOc_sync Enter - MemInfo: [/proc/self/status]	VmHWM:	  182772 kB
20220313 044801.194 INFO             PET0 PIOc_sync Enter - MemInfo: [/proc/self/status]	VmRSS:	  180900 kB
20220313 044801.194 INFO             PET0 PIOc_sync Enter - MemInfo: [/proc/self/status]	VmData:	  218368 kB
20220313 044801.194 INFO             PET0 PIOc_sync Enter - MemInfo: [/proc/self/status]	VmStk:	     528 kB
20220313 044801.194 INFO             PET0 PIOc_sync Enter - MemInfo: [/proc/self/status]	VmExe:	    1668 kB
20220313 044801.194 INFO             PET0 PIOc_sync Enter - MemInfo: [/proc/self/status]	VmLib:	  174348 kB
20220313 044801.194 INFO             PET0 PIOc_sync Enter - MemInfo: [/proc/self/status]	VmPTE:	    1024 kB
20220313 044801.194 INFO             PET0 PIOc_sync Enter - MemInfo: [/proc/self/status]	VmSwap:	       0 kB
20220313 044801.194 INFO             PET0 PIOc_sync Enter - MemInfo: [/proc/self/status]	VmRSSPercent: 0.0920917 %
20220313 044801.194 INFO             PET0 PIOc_sync Enter - MemInfo: [malloc] Non-mmapped space allocated:                11366400 Byte
20220313 044801.194 INFO             PET0 PIOc_sync Enter - MemInfo: [malloc] Space allocated in mmapped regions:         84254720 Byte
20220313 044801.194 INFO             PET0 PIOc_sync Enter - MemInfo: [malloc] Maximum total allocated space:                     0 Byte
20220313 044801.194 INFO             PET0 PIOc_sync Enter - MemInfo: [malloc] Space in freed fastbin blocks:                   144 Byte
20220313 044801.194 INFO             PET0 PIOc_sync Enter - MemInfo: [malloc] Total allocated space:                      11245216 Byte
20220313 044801.194 INFO             PET0 PIOc_sync Enter - MemInfo: [malloc] Total free space:                             121184 Byte
20220313 044801.194 INFO             PET0 PIOc_sync Enter - MemInfo: [malloc] Top-most, releasable space:                   120352 Byte
20220313 044801.194 INFO             PET0 PIOc_sync Enter - MemInfo: [malloc] Total space in use, mmap + non-mmap:        95499936 Byte
20220313 044801.194 INFO             PET0 PIOc_sync Enter - MemInfo: [malloc] Total space held (mmap + non-mmap):         95621120 Byte
20220313 044801.194 INFO             PET0 PIOc_sync Enter - MemInfo: [malloc] Total space used (mmap + non-mmap):         95509312 Byte
20220313 044801.194 INFO             PET0 PIOc_sync Enter - MemInfo: Wall-clock time since execution start:                1.30117 seconds
20220313 044801.220 INFO             PET0 PIOc_sync Exit - MemInfo: [/proc/meminfo - SSI]	MemTotal:       196434604 kB
20220313 044801.220 INFO             PET0 PIOc_sync Exit - MemInfo: [/proc/meminfo - SSI]	MemFree:        182930540 kB
20220313 044801.220 INFO             PET0 PIOc_sync Exit - MemInfo: [/proc/meminfo - SSI]	MemAvailable:   191335984 kB
20220313 044801.220 INFO             PET0 PIOc_sync Exit - MemInfo: [/proc/meminfo - SSI]	Committed_AS:    1624376 kB
20220313 044801.220 INFO             PET0 PIOc_sync Exit - MemInfo: [/proc/meminfo - SSI]	CommittedPercent: 0.82693 %
20220313 044801.220 INFO             PET0 PIOc_sync Exit - MemInfo: [/proc/self/status]	VmPeak:	 3848648 kB
20220313 044801.220 INFO             PET0 PIOc_sync Exit - MemInfo: [/proc/self/status]	VmSize:	 3848648 kB
20220313 044801.220 INFO             PET0 PIOc_sync Exit - MemInfo: [/proc/self/status]	VmLck:	       0 kB
20220313 044801.220 INFO             PET0 PIOc_sync Exit - MemInfo: [/proc/self/status]	VmPin:	   79996 kB
20220313 044801.220 INFO             PET0 PIOc_sync Exit - MemInfo: [/proc/self/status]	VmHWM:	  182772 kB
20220313 044801.220 INFO             PET0 PIOc_sync Exit - MemInfo: [/proc/self/status]	VmRSS:	  180920 kB
20220313 044801.220 INFO             PET0 PIOc_sync Exit - MemInfo: [/proc/self/status]	VmData:	  218368 kB
20220313 044801.220 INFO             PET0 PIOc_sync Exit - MemInfo: [/proc/self/status]	VmStk:	     528 kB
20220313 044801.220 INFO             PET0 PIOc_sync Exit - MemInfo: [/proc/self/status]	VmExe:	    1668 kB
20220313 044801.220 INFO             PET0 PIOc_sync Exit - MemInfo: [/proc/self/status]	VmLib:	  174348 kB
20220313 044801.220 INFO             PET0 PIOc_sync Exit - MemInfo: [/proc/self/status]	VmPTE:	    1024 kB
20220313 044801.220 INFO             PET0 PIOc_sync Exit - MemInfo: [/proc/self/status]	VmSwap:	       0 kB
20220313 044801.220 INFO             PET0 PIOc_sync Exit - MemInfo: [/proc/self/status]	VmRSSPercent: 0.0921019 %
20220313 044801.220 INFO             PET0 PIOc_sync Exit - MemInfo: [malloc] Non-mmapped space allocated:                11366400 Byte
20220313 044801.220 INFO             PET0 PIOc_sync Exit - MemInfo: [malloc] Space allocated in mmapped regions:         84254720 Byte
20220313 044801.220 INFO             PET0 PIOc_sync Exit - MemInfo: [malloc] Maximum total allocated space:                     0 Byte
20220313 044801.220 INFO             PET0 PIOc_sync Exit - MemInfo: [malloc] Space in freed fastbin blocks:                   144 Byte
20220313 044801.220 INFO             PET0 PIOc_sync Exit - MemInfo: [malloc] Total allocated space:                      11244464 Byte
20220313 044801.220 INFO             PET0 PIOc_sync Exit - MemInfo: [malloc] Total free space:                             121936 Byte
20220313 044801.220 INFO             PET0 PIOc_sync Exit - MemInfo: [malloc] Top-most, releasable space:                   120880 Byte
20220313 044801.220 INFO             PET0 PIOc_sync Exit - MemInfo: [malloc] Total space in use, mmap + non-mmap:        95499184 Byte
20220313 044801.220 INFO             PET0 PIOc_sync Exit - MemInfo: [malloc] Total space held (mmap + non-mmap):         95621120 Byte
20220313 044801.220 INFO             PET0 PIOc_sync Exit - MemInfo: [malloc] Total space used (mmap + non-mmap):         95508560 Byte
20220313 044801.220 INFO             PET0 PIOc_sync Exit - MemInfo: Wall-clock time since execution start:                1.32735 seconds
20220313 044801.221 INFO             PET0 PIOc_freedecomp Enter - MemInfo: [/proc/meminfo - SSI]	MemTotal:       196434604 kB
20220313 044801.221 INFO             PET0 PIOc_freedecomp Enter - MemInfo: [/proc/meminfo - SSI]	MemFree:        182930540 kB
20220313 044801.221 INFO             PET0 PIOc_freedecomp Enter - MemInfo: [/proc/meminfo - SSI]	MemAvailable:   191335984 kB
20220313 044801.221 INFO             PET0 PIOc_freedecomp Enter - MemInfo: [/proc/meminfo - SSI]	Committed_AS:    1624376 kB
20220313 044801.221 INFO             PET0 PIOc_freedecomp Enter - MemInfo: [/proc/meminfo - SSI]	CommittedPercent: 0.82693 %
20220313 044801.221 INFO             PET0 PIOc_freedecomp Enter - MemInfo: [/proc/self/status]	VmPeak:	 3848648 kB
20220313 044801.221 INFO             PET0 PIOc_freedecomp Enter - MemInfo: [/proc/self/status]	VmSize:	 3848648 kB
20220313 044801.221 INFO             PET0 PIOc_freedecomp Enter - MemInfo: [/proc/self/status]	VmLck:	       0 kB
20220313 044801.221 INFO             PET0 PIOc_freedecomp Enter - MemInfo: [/proc/self/status]	VmPin:	   79996 kB
20220313 044801.221 INFO             PET0 PIOc_freedecomp Enter - MemInfo: [/proc/self/status]	VmHWM:	  182772 kB
20220313 044801.221 INFO             PET0 PIOc_freedecomp Enter - MemInfo: [/proc/self/status]	VmRSS:	  180920 kB
20220313 044801.221 INFO             PET0 PIOc_freedecomp Enter - MemInfo: [/proc/self/status]	VmData:	  218368 kB
20220313 044801.221 INFO             PET0 PIOc_freedecomp Enter - MemInfo: [/proc/self/status]	VmStk:	     528 kB
20220313 044801.221 INFO             PET0 PIOc_freedecomp Enter - MemInfo: [/proc/self/status]	VmExe:	    1668 kB
20220313 044801.221 INFO             PET0 PIOc_freedecomp Enter - MemInfo: [/proc/self/status]	VmLib:	  174348 kB
20220313 044801.221 INFO             PET0 PIOc_freedecomp Enter - MemInfo: [/proc/self/status]	VmPTE:	    1024 kB
20220313 044801.221 INFO             PET0 PIOc_freedecomp Enter - MemInfo: [/proc/self/status]	VmSwap:	       0 kB
20220313 044801.221 INFO             PET0 PIOc_freedecomp Enter - MemInfo: [/proc/self/status]	VmRSSPercent: 0.0921019 %
20220313 044801.221 INFO             PET0 PIOc_freedecomp Enter - MemInfo: [malloc] Non-mmapped space allocated:                11366400 Byte
20220313 044801.221 INFO             PET0 PIOc_freedecomp Enter - MemInfo: [malloc] Space allocated in mmapped regions:         84254720 Byte
20220313 044801.221 INFO             PET0 PIOc_freedecomp Enter - MemInfo: [malloc] Maximum total allocated space:                     0 Byte
20220313 044801.222 INFO             PET0 PIOc_freedecomp Enter - MemInfo: [malloc] Space in freed fastbin blocks:                   368 Byte
20220313 044801.222 INFO             PET0 PIOc_freedecomp Enter - MemInfo: [malloc] Total allocated space:                       2318032 Byte
20220313 044801.222 INFO             PET0 PIOc_freedecomp Enter - MemInfo: [malloc] Total free space:                            9048368 Byte
20220313 044801.222 INFO             PET0 PIOc_freedecomp Enter - MemInfo: [malloc] Top-most, releasable space:                   121792 Byte
20220313 044801.222 INFO             PET0 PIOc_freedecomp Enter - MemInfo: [malloc] Total space in use, mmap + non-mmap:        86572752 Byte
20220313 044801.222 INFO             PET0 PIOc_freedecomp Enter - MemInfo: [malloc] Total space held (mmap + non-mmap):         95621120 Byte
20220313 044801.222 INFO             PET0 PIOc_freedecomp Enter - MemInfo: [malloc] Total space used (mmap + non-mmap):         86582128 Byte
20220313 044801.222 INFO             PET0 PIOc_freedecomp Enter - MemInfo: Wall-clock time since execution start:                 1.3287 seconds
20220313 044801.222 INFO             PET0 PIOc_freedecomp Exit - MemInfo: [/proc/meminfo - SSI]	MemTotal:       196434604 kB
20220313 044801.222 INFO             PET0 PIOc_freedecomp Exit - MemInfo: [/proc/meminfo - SSI]	MemFree:        182930540 kB
20220313 044801.222 INFO             PET0 PIOc_freedecomp Exit - MemInfo: [/proc/meminfo - SSI]	MemAvailable:   191335984 kB
20220313 044801.222 INFO             PET0 PIOc_freedecomp Exit - MemInfo: [/proc/meminfo - SSI]	Committed_AS:    1624376 kB
20220313 044801.222 INFO             PET0 PIOc_freedecomp Exit - MemInfo: [/proc/meminfo - SSI]	CommittedPercent: 0.82693 %
20220313 044801.222 INFO             PET0 PIOc_freedecomp Exit - MemInfo: [/proc/self/status]	VmPeak:	 3848648 kB
20220313 044801.222 INFO             PET0 PIOc_freedecomp Exit - MemInfo: [/proc/self/status]	VmSize:	 3848648 kB
20220313 044801.222 INFO             PET0 PIOc_freedecomp Exit - MemInfo: [/proc/self/status]	VmLck:	       0 kB
20220313 044801.222 INFO             PET0 PIOc_freedecomp Exit - MemInfo: [/proc/self/status]	VmPin:	   79996 kB
20220313 044801.222 INFO             PET0 PIOc_freedecomp Exit - MemInfo: [/proc/self/status]	VmHWM:	  182772 kB
20220313 044801.222 INFO             PET0 PIOc_freedecomp Exit - MemInfo: [/proc/self/status]	VmRSS:	  180920 kB
20220313 044801.222 INFO             PET0 PIOc_freedecomp Exit - MemInfo: [/proc/self/status]	VmData:	  218368 kB
20220313 044801.222 INFO             PET0 PIOc_freedecomp Exit - MemInfo: [/proc/self/status]	VmStk:	     528 kB
20220313 044801.222 INFO             PET0 PIOc_freedecomp Exit - MemInfo: [/proc/self/status]	VmExe:	    1668 kB
20220313 044801.222 INFO             PET0 PIOc_freedecomp Exit - MemInfo: [/proc/self/status]	VmLib:	  174348 kB
20220313 044801.222 INFO             PET0 PIOc_freedecomp Exit - MemInfo: [/proc/self/status]	VmPTE:	    1024 kB
20220313 044801.222 INFO             PET0 PIOc_freedecomp Exit - MemInfo: [/proc/self/status]	VmSwap:	       0 kB
20220313 044801.222 INFO             PET0 PIOc_freedecomp Exit - MemInfo: [/proc/self/status]	VmRSSPercent: 0.0921019 %
20220313 044801.222 INFO             PET0 PIOc_freedecomp Exit - MemInfo: [malloc] Non-mmapped space allocated:                11366400 Byte
20220313 044801.222 INFO             PET0 PIOc_freedecomp Exit - MemInfo: [malloc] Space allocated in mmapped regions:         84254720 Byte
20220313 044801.222 INFO             PET0 PIOc_freedecomp Exit - MemInfo: [malloc] Maximum total allocated space:                     0 Byte
20220313 044801.222 INFO             PET0 PIOc_freedecomp Exit - MemInfo: [malloc] Space in freed fastbin blocks:                   352 Byte
20220313 044801.222 INFO             PET0 PIOc_freedecomp Exit - MemInfo: [malloc] Total allocated space:                       2316288 Byte
20220313 044801.222 INFO             PET0 PIOc_freedecomp Exit - MemInfo: [malloc] Total free space:                            9050112 Byte
20220313 044801.222 INFO             PET0 PIOc_freedecomp Exit - MemInfo: [malloc] Top-most, releasable space:                   122320 Byte
20220313 044801.222 INFO             PET0 PIOc_freedecomp Exit - MemInfo: [malloc] Total space in use, mmap + non-mmap:        86571008 Byte
20220313 044801.223 INFO             PET0 PIOc_freedecomp Exit - MemInfo: [malloc] Total space held (mmap + non-mmap):         95621120 Byte
20220313 044801.223 INFO             PET0 PIOc_freedecomp Exit - MemInfo: [malloc] Total space used (mmap + non-mmap):         86580400 Byte
20220313 044801.223 INFO             PET0 PIOc_freedecomp Exit - MemInfo: Wall-clock time since execution start:                1.32958 seconds
20220313 044801.569 INFO             PET0 PIOc_sync Enter - MemInfo: [/proc/meminfo - SSI]	MemTotal:       196434604 kB
20220313 044801.569 INFO             PET0 PIOc_sync Enter - MemInfo: [/proc/meminfo - SSI]	MemFree:        182930580 kB
20220313 044801.569 INFO             PET0 PIOc_sync Enter - MemInfo: [/proc/meminfo - SSI]	MemAvailable:   191336208 kB
20220313 044801.569 INFO             PET0 PIOc_sync Enter - MemInfo: [/proc/meminfo - SSI]	Committed_AS:    1623016 kB
20220313 044801.569 INFO             PET0 PIOc_sync Enter - MemInfo: [/proc/meminfo - SSI]	CommittedPercent: 0.826237 %
20220313 044801.569 INFO             PET0 PIOc_sync Enter - MemInfo: [/proc/self/status]	VmPeak:	 3848652 kB
20220313 044801.569 INFO             PET0 PIOc_sync Enter - MemInfo: [/proc/self/status]	VmSize:	 3848648 kB
20220313 044801.569 INFO             PET0 PIOc_sync Enter - MemInfo: [/proc/self/status]	VmLck:	       0 kB
20220313 044801.569 INFO             PET0 PIOc_sync Enter - MemInfo: [/proc/self/status]	VmPin:	   79996 kB
20220313 044801.569 INFO             PET0 PIOc_sync Enter - MemInfo: [/proc/self/status]	VmHWM:	  182772 kB
20220313 044801.569 INFO             PET0 PIOc_sync Enter - MemInfo: [/proc/self/status]	VmRSS:	  181376 kB
20220313 044801.569 INFO             PET0 PIOc_sync Enter - MemInfo: [/proc/self/status]	VmData:	  218368 kB
20220313 044801.569 INFO             PET0 PIOc_sync Enter - MemInfo: [/proc/self/status]	VmStk:	     528 kB
20220313 044801.569 INFO             PET0 PIOc_sync Enter - MemInfo: [/proc/self/status]	VmExe:	    1668 kB
20220313 044801.569 INFO             PET0 PIOc_sync Enter - MemInfo: [/proc/self/status]	VmLib:	  174348 kB
20220313 044801.569 INFO             PET0 PIOc_sync Enter - MemInfo: [/proc/self/status]	VmPTE:	    1024 kB
20220313 044801.569 INFO             PET0 PIOc_sync Enter - MemInfo: [/proc/self/status]	VmSwap:	       0 kB
20220313 044801.569 INFO             PET0 PIOc_sync Enter - MemInfo: [/proc/self/status]	VmRSSPercent: 0.092334 %
20220313 044801.569 INFO             PET0 PIOc_sync Enter - MemInfo: [malloc] Non-mmapped space allocated:                11366400 Byte
20220313 044801.569 INFO             PET0 PIOc_sync Enter - MemInfo: [malloc] Space allocated in mmapped regions:         84254720 Byte
20220313 044801.569 INFO             PET0 PIOc_sync Enter - MemInfo: [malloc] Maximum total allocated space:                     0 Byte
20220313 044801.569 INFO             PET0 PIOc_sync Enter - MemInfo: [malloc] Space in freed fastbin blocks:                   144 Byte
20220313 044801.569 INFO             PET0 PIOc_sync Enter - MemInfo: [malloc] Total allocated space:                      11245632 Byte
20220313 044801.569 INFO             PET0 PIOc_sync Enter - MemInfo: [malloc] Total free space:                             120768 Byte
20220313 044801.569 INFO             PET0 PIOc_sync Enter - MemInfo: [malloc] Top-most, releasable space:                   119760 Byte
20220313 044801.569 INFO             PET0 PIOc_sync Enter - MemInfo: [malloc] Total space in use, mmap + non-mmap:        95500352 Byte
20220313 044801.569 INFO             PET0 PIOc_sync Enter - MemInfo: [malloc] Total space held (mmap + non-mmap):         95621120 Byte
20220313 044801.569 INFO             PET0 PIOc_sync Enter - MemInfo: [malloc] Total space used (mmap + non-mmap):         95509728 Byte
20220313 044801.569 INFO             PET0 PIOc_sync Enter - MemInfo: Wall-clock time since execution start:                1.67536 seconds
20220313 044801.595 INFO             PET0 PIOc_sync Exit - MemInfo: [/proc/meminfo - SSI]	MemTotal:       196434604 kB
20220313 044801.595 INFO             PET0 PIOc_sync Exit - MemInfo: [/proc/meminfo - SSI]	MemFree:        182930580 kB
20220313 044801.595 INFO             PET0 PIOc_sync Exit - MemInfo: [/proc/meminfo - SSI]	MemAvailable:   191336208 kB
20220313 044801.595 INFO             PET0 PIOc_sync Exit - MemInfo: [/proc/meminfo - SSI]	Committed_AS:    1623016 kB
20220313 044801.595 INFO             PET0 PIOc_sync Exit - MemInfo: [/proc/meminfo - SSI]	CommittedPercent: 0.826237 %
20220313 044801.595 INFO             PET0 PIOc_sync Exit - MemInfo: [/proc/self/status]	VmPeak:	 3848652 kB
20220313 044801.595 INFO             PET0 PIOc_sync Exit - MemInfo: [/proc/self/status]	VmSize:	 3848648 kB
20220313 044801.595 INFO             PET0 PIOc_sync Exit - MemInfo: [/proc/self/status]	VmLck:	       0 kB
20220313 044801.595 INFO             PET0 PIOc_sync Exit - MemInfo: [/proc/self/status]	VmPin:	   79996 kB
20220313 044801.595 INFO             PET0 PIOc_sync Exit - MemInfo: [/proc/self/status]	VmHWM:	  182772 kB
20220313 044801.595 INFO             PET0 PIOc_sync Exit - MemInfo: [/proc/self/status]	VmRSS:	  181392 kB
20220313 044801.595 INFO             PET0 PIOc_sync Exit - MemInfo: [/proc/self/status]	VmData:	  218368 kB
20220313 044801.595 INFO             PET0 PIOc_sync Exit - MemInfo: [/proc/self/status]	VmStk:	     528 kB
20220313 044801.595 INFO             PET0 PIOc_sync Exit - MemInfo: [/proc/self/status]	VmExe:	    1668 kB
20220313 044801.595 INFO             PET0 PIOc_sync Exit - MemInfo: [/proc/self/status]	VmLib:	  174348 kB
20220313 044801.595 INFO             PET0 PIOc_sync Exit - MemInfo: [/proc/self/status]	VmPTE:	    1024 kB
20220313 044801.595 INFO             PET0 PIOc_sync Exit - MemInfo: [/proc/self/status]	VmSwap:	       0 kB
20220313 044801.595 INFO             PET0 PIOc_sync Exit - MemInfo: [/proc/self/status]	VmRSSPercent: 0.0923422 %
20220313 044801.595 INFO             PET0 PIOc_sync Exit - MemInfo: [malloc] Non-mmapped space allocated:                11366400 Byte
20220313 044801.595 INFO             PET0 PIOc_sync Exit - MemInfo: [malloc] Space allocated in mmapped regions:         84254720 Byte
20220313 044801.595 INFO             PET0 PIOc_sync Exit - MemInfo: [malloc] Maximum total allocated space:                     0 Byte
20220313 044801.595 INFO             PET0 PIOc_sync Exit - MemInfo: [malloc] Space in freed fastbin blocks:                   144 Byte
20220313 044801.595 INFO             PET0 PIOc_sync Exit - MemInfo: [malloc] Total allocated space:                      11244880 Byte
20220313 044801.595 INFO             PET0 PIOc_sync Exit - MemInfo: [malloc] Total free space:                             121520 Byte
20220313 044801.595 INFO             PET0 PIOc_sync Exit - MemInfo: [malloc] Top-most, releasable space:                   120288 Byte
20220313 044801.595 INFO             PET0 PIOc_sync Exit - MemInfo: [malloc] Total space in use, mmap + non-mmap:        95499600 Byte
20220313 044801.595 INFO             PET0 PIOc_sync Exit - MemInfo: [malloc] Total space held (mmap + non-mmap):         95621120 Byte
20220313 044801.595 INFO             PET0 PIOc_sync Exit - MemInfo: [malloc] Total space used (mmap + non-mmap):         95508976 Byte
20220313 044801.595 INFO             PET0 PIOc_sync Exit - MemInfo: Wall-clock time since execution start:                1.70139 seconds
20220313 044801.596 INFO             PET0 PIOc_freedecomp Enter - MemInfo: [/proc/meminfo - SSI]	MemTotal:       196434604 kB
20220313 044801.596 INFO             PET0 PIOc_freedecomp Enter - MemInfo: [/proc/meminfo - SSI]	MemFree:        182930580 kB
20220313 044801.596 INFO             PET0 PIOc_freedecomp Enter - MemInfo: [/proc/meminfo - SSI]	MemAvailable:   191336208 kB
20220313 044801.596 INFO             PET0 PIOc_freedecomp Enter - MemInfo: [/proc/meminfo - SSI]	Committed_AS:    1623016 kB
20220313 044801.596 INFO             PET0 PIOc_freedecomp Enter - MemInfo: [/proc/meminfo - SSI]	CommittedPercent: 0.826237 %
20220313 044801.596 INFO             PET0 PIOc_freedecomp Enter - MemInfo: [/proc/self/status]	VmPeak:	 3848652 kB
20220313 044801.596 INFO             PET0 PIOc_freedecomp Enter - MemInfo: [/proc/self/status]	VmSize:	 3848648 kB
20220313 044801.596 INFO             PET0 PIOc_freedecomp Enter - MemInfo: [/proc/self/status]	VmLck:	       0 kB
20220313 044801.596 INFO             PET0 PIOc_freedecomp Enter - MemInfo: [/proc/self/status]	VmPin:	   79996 kB
20220313 044801.596 INFO             PET0 PIOc_freedecomp Enter - MemInfo: [/proc/self/status]	VmHWM:	  182772 kB
20220313 044801.596 INFO             PET0 PIOc_freedecomp Enter - MemInfo: [/proc/self/status]	VmRSS:	  181392 kB
20220313 044801.596 INFO             PET0 PIOc_freedecomp Enter - MemInfo: [/proc/self/status]	VmData:	  218368 kB
20220313 044801.596 INFO             PET0 PIOc_freedecomp Enter - MemInfo: [/proc/self/status]	VmStk:	     528 kB
20220313 044801.596 INFO             PET0 PIOc_freedecomp Enter - MemInfo: [/proc/self/status]	VmExe:	    1668 kB
20220313 044801.596 INFO             PET0 PIOc_freedecomp Enter - MemInfo: [/proc/self/status]	VmLib:	  174348 kB
20220313 044801.596 INFO             PET0 PIOc_freedecomp Enter - MemInfo: [/proc/self/status]	VmPTE:	    1024 kB
20220313 044801.596 INFO             PET0 PIOc_freedecomp Enter - MemInfo: [/proc/self/status]	VmSwap:	       0 kB
20220313 044801.596 INFO             PET0 PIOc_freedecomp Enter - MemInfo: [/proc/self/status]	VmRSSPercent: 0.0923422 %
20220313 044801.596 INFO             PET0 PIOc_freedecomp Enter - MemInfo: [malloc] Non-mmapped space allocated:                11366400 Byte
20220313 044801.596 INFO             PET0 PIOc_freedecomp Enter - MemInfo: [malloc] Space allocated in mmapped regions:         84254720 Byte
20220313 044801.596 INFO             PET0 PIOc_freedecomp Enter - MemInfo: [malloc] Maximum total allocated space:                     0 Byte
20220313 044801.596 INFO             PET0 PIOc_freedecomp Enter - MemInfo: [malloc] Space in freed fastbin blocks:                   368 Byte
20220313 044801.596 INFO             PET0 PIOc_freedecomp Enter - MemInfo: [malloc] Total allocated space:                       2318032 Byte
20220313 044801.596 INFO             PET0 PIOc_freedecomp Enter - MemInfo: [malloc] Total free space:                            9048368 Byte
20220313 044801.596 INFO             PET0 PIOc_freedecomp Enter - MemInfo: [malloc] Top-most, releasable space:                   120688 Byte
20220313 044801.596 INFO             PET0 PIOc_freedecomp Enter - MemInfo: [malloc] Total space in use, mmap + non-mmap:        86572752 Byte
20220313 044801.596 INFO             PET0 PIOc_freedecomp Enter - MemInfo: [malloc] Total space held (mmap + non-mmap):         95621120 Byte
20220313 044801.596 INFO             PET0 PIOc_freedecomp Enter - MemInfo: [malloc] Total space used (mmap + non-mmap):         86582128 Byte
20220313 044801.597 INFO             PET0 PIOc_freedecomp Enter - MemInfo: Wall-clock time since execution start:                1.70266 seconds
20220313 044801.597 INFO             PET0 PIOc_freedecomp Exit - MemInfo: [/proc/meminfo - SSI]	MemTotal:       196434604 kB
20220313 044801.597 INFO             PET0 PIOc_freedecomp Exit - MemInfo: [/proc/meminfo - SSI]	MemFree:        182930580 kB
20220313 044801.597 INFO             PET0 PIOc_freedecomp Exit - MemInfo: [/proc/meminfo - SSI]	MemAvailable:   191336208 kB
20220313 044801.597 INFO             PET0 PIOc_freedecomp Exit - MemInfo: [/proc/meminfo - SSI]	Committed_AS:    1623016 kB
20220313 044801.597 INFO             PET0 PIOc_freedecomp Exit - MemInfo: [/proc/meminfo - SSI]	CommittedPercent: 0.826237 %
20220313 044801.597 INFO             PET0 PIOc_freedecomp Exit - MemInfo: [/proc/self/status]	VmPeak:	 3848652 kB
20220313 044801.597 INFO             PET0 PIOc_freedecomp Exit - MemInfo: [/proc/self/status]	VmSize:	 3848648 kB
20220313 044801.597 INFO             PET0 PIOc_freedecomp Exit - MemInfo: [/proc/self/status]	VmLck:	       0 kB
20220313 044801.597 INFO             PET0 PIOc_freedecomp Exit - MemInfo: [/proc/self/status]	VmPin:	   79996 kB
20220313 044801.597 INFO             PET0 PIOc_freedecomp Exit - MemInfo: [/proc/self/status]	VmHWM:	  182772 kB
20220313 044801.597 INFO             PET0 PIOc_freedecomp Exit - MemInfo: [/proc/self/status]	VmRSS:	  181392 kB
20220313 044801.597 INFO             PET0 PIOc_freedecomp Exit - MemInfo: [/proc/self/status]	VmData:	  218368 kB
20220313 044801.597 INFO             PET0 PIOc_freedecomp Exit - MemInfo: [/proc/self/status]	VmStk:	     528 kB
20220313 044801.597 INFO             PET0 PIOc_freedecomp Exit - MemInfo: [/proc/self/status]	VmExe:	    1668 kB
20220313 044801.597 INFO             PET0 PIOc_freedecomp Exit - MemInfo: [/proc/self/status]	VmLib:	  174348 kB
20220313 044801.597 INFO             PET0 PIOc_freedecomp Exit - MemInfo: [/proc/self/status]	VmPTE:	    1024 kB
20220313 044801.597 INFO             PET0 PIOc_freedecomp Exit - MemInfo: [/proc/self/status]	VmSwap:	       0 kB
20220313 044801.597 INFO             PET0 PIOc_freedecomp Exit - MemInfo: [/proc/self/status]	VmRSSPercent: 0.0923422 %
20220313 044801.597 INFO             PET0 PIOc_freedecomp Exit - MemInfo: [malloc] Non-mmapped space allocated:                11366400 Byte
20220313 044801.597 INFO             PET0 PIOc_freedecomp Exit - MemInfo: [malloc] Space allocated in mmapped regions:         84254720 Byte
20220313 044801.597 INFO             PET0 PIOc_freedecomp Exit - MemInfo: [malloc] Maximum total allocated space:                     0 Byte
20220313 044801.597 INFO             PET0 PIOc_freedecomp Exit - MemInfo: [malloc] Space in freed fastbin blocks:                   944 Byte
20220313 044801.597 INFO             PET0 PIOc_freedecomp Exit - MemInfo: [malloc] Total allocated space:                       2316288 Byte
20220313 044801.597 INFO             PET0 PIOc_freedecomp Exit - MemInfo: [malloc] Total free space:                            9050112 Byte
20220313 044801.597 INFO             PET0 PIOc_freedecomp Exit - MemInfo: [malloc] Top-most, releasable space:                   120688 Byte
20220313 044801.597 INFO             PET0 PIOc_freedecomp Exit - MemInfo: [malloc] Total space in use, mmap + non-mmap:        86571008 Byte
20220313 044801.597 INFO             PET0 PIOc_freedecomp Exit - MemInfo: [malloc] Total space held (mmap + non-mmap):         95621120 Byte
20220313 044801.597 INFO             PET0 PIOc_freedecomp Exit - MemInfo: [malloc] Total space used (mmap + non-mmap):         86580384 Byte
20220313 044801.597 INFO             PET0 PIOc_freedecomp Exit - MemInfo: Wall-clock time since execution start:                1.70349 seconds
20220313 044801.598 INFO             PET0  PASS  ESMF_OutputWeightFile, ESMF_IOUTest.F90, line 81
20220313 044801.724 INFO             PET0  PASS  call ESMF_OutputWeightFile with empty factor list on four PETs, ESMF_IOUTest.F90, line 191
20220313 044801.724 INFO             PET0  Ending Test, file ESMF_IOUTest.F90, line 201
20220313 044801.725 INFO             PET0 Finalizing ESMF
20220313 044800.292 INFO             PET1 !!!!!!!!!!!!!!!!!!!!!!!!!!!!!!!!!!!!!!!!!!!!!!!!!!!!!!
20220313 044800.293 INFO             PET1 !!! THE ESMF_LOG IS SET TO OUTPUT ALL LOG MESSAGES !!!
20220313 044800.293 INFO             PET1 !!!     THIS MAY CAUSE SLOWDOWN IN PERFORMANCE     !!!
20220313 044800.293 INFO             PET1 !!! FOR PRODUCTION RUNS, USE:                      !!!
20220313 044800.293 INFO             PET1 !!!                   ESMF_LOGKIND_Multi_On_Error  !!!
20220313 044800.293 INFO             PET1 !!!!!!!!!!!!!!!!!!!!!!!!!!!!!!!!!!!!!!!!!!!!!!!!!!!!!!
20220313 044800.293 INFO             PET1 Running with ESMF Version   : v8.3.0b09-96-g559b459
20220313 044800.293 INFO             PET1 ESMF library build date/time: "Mar 13 2022" "03:18:06"
20220313 044800.294 INFO             PET1 ESMF library build location : /work/noaa/da/mpotts/sandbox/intel_2020_intelmpi_g_jedwards_pio_update2
20220313 044800.294 INFO             PET1 ESMF_COMM                   : intelmpi
20220313 044800.299 INFO             PET1 ESMF_MOAB                   : enabled
20220313 044800.299 INFO             PET1 ESMF_LAPACK                 : enabled
20220313 044800.299 INFO             PET1 ESMF_NETCDF                 : enabled
20220313 044800.299 INFO             PET1 ESMF_PNETCDF                : disabled
20220313 044800.299 INFO             PET1 ESMF_PIO                    : enabled
20220313 044800.299 INFO             PET1 ESMF_YAMLCPP                : enabled
20220313 044800.325 INFO             PET1  Beginning Test, file ESMF_IOUTest.F90, line 57
20220313 044800.325 INFO             PET1  NUMBER_OF_PROCESSORS           4
20220313 044800.325 INFO             PET1 Starting Test:  ESMF_OutputWeightFile
20220313 044800.854 INFO             PET1 PIOc_sync Enter - MemInfo: [/proc/meminfo - SSI]	MemTotal:       196434604 kB
20220313 044800.854 INFO             PET1 PIOc_sync Enter - MemInfo: [/proc/meminfo - SSI]	MemFree:        182929428 kB
20220313 044800.854 INFO             PET1 PIOc_sync Enter - MemInfo: [/proc/meminfo - SSI]	MemAvailable:   191334628 kB
20220313 044800.854 INFO             PET1 PIOc_sync Enter - MemInfo: [/proc/meminfo - SSI]	Committed_AS:    1623876 kB
20220313 044800.854 INFO             PET1 PIOc_sync Enter - MemInfo: [/proc/meminfo - SSI]	CommittedPercent: 0.826675 %
20220313 044800.854 INFO             PET1 PIOc_sync Enter - MemInfo: [/proc/self/status]	VmPeak:	 3827340 kB
20220313 044800.854 INFO             PET1 PIOc_sync Enter - MemInfo: [/proc/self/status]	VmSize:	 3827340 kB
20220313 044800.854 INFO             PET1 PIOc_sync Enter - MemInfo: [/proc/self/status]	VmLck:	       0 kB
20220313 044800.854 INFO             PET1 PIOc_sync Enter - MemInfo: [/proc/self/status]	VmPin:	   69756 kB
20220313 044800.854 INFO             PET1 PIOc_sync Enter - MemInfo: [/proc/self/status]	VmHWM:	  158400 kB
20220313 044800.854 INFO             PET1 PIOc_sync Enter - MemInfo: [/proc/self/status]	VmRSS:	  158400 kB
20220313 044800.854 INFO             PET1 PIOc_sync Enter - MemInfo: [/proc/self/status]	VmData:	  197068 kB
20220313 044800.854 INFO             PET1 PIOc_sync Enter - MemInfo: [/proc/self/status]	VmStk:	     520 kB
20220313 044800.854 INFO             PET1 PIOc_sync Enter - MemInfo: [/proc/self/status]	VmExe:	    1668 kB
20220313 044800.854 INFO             PET1 PIOc_sync Enter - MemInfo: [/proc/self/status]	VmLib:	  174348 kB
20220313 044800.854 INFO             PET1 PIOc_sync Enter - MemInfo: [/proc/self/status]	VmPTE:	     980 kB
20220313 044800.854 INFO             PET1 PIOc_sync Enter - MemInfo: [/proc/self/status]	VmSwap:	       0 kB
20220313 044800.854 INFO             PET1 PIOc_sync Enter - MemInfo: [/proc/self/status]	VmRSSPercent: 0.0806375 %
20220313 044800.854 INFO             PET1 PIOc_sync Enter - MemInfo: [malloc] Non-mmapped space allocated:                 2142208 Byte
20220313 044800.854 INFO             PET1 PIOc_sync Enter - MemInfo: [malloc] Space allocated in mmapped regions:         71667712 Byte
20220313 044800.854 INFO             PET1 PIOc_sync Enter - MemInfo: [malloc] Maximum total allocated space:                     0 Byte
20220313 044800.854 INFO             PET1 PIOc_sync Enter - MemInfo: [malloc] Space in freed fastbin blocks:                   672 Byte
20220313 044800.854 INFO             PET1 PIOc_sync Enter - MemInfo: [malloc] Total allocated space:                       2046288 Byte
20220313 044800.854 INFO             PET1 PIOc_sync Enter - MemInfo: [malloc] Total free space:                              95920 Byte
20220313 044800.854 INFO             PET1 PIOc_sync Enter - MemInfo: [malloc] Top-most, releasable space:                    94672 Byte
20220313 044800.854 INFO             PET1 PIOc_sync Enter - MemInfo: [malloc] Total space in use, mmap + non-mmap:        73714000 Byte
20220313 044800.854 INFO             PET1 PIOc_sync Enter - MemInfo: [malloc] Total space held (mmap + non-mmap):         73809920 Byte
20220313 044800.854 INFO             PET1 PIOc_sync Enter - MemInfo: [malloc] Total space used (mmap + non-mmap):         73723392 Byte
20220313 044800.854 INFO             PET1 PIOc_sync Enter - MemInfo: Wall-clock time since execution start:               0.978535 seconds
20220313 044800.880 INFO             PET1 PIOc_sync Exit - MemInfo: [/proc/meminfo - SSI]	MemTotal:       196434604 kB
20220313 044800.880 INFO             PET1 PIOc_sync Exit - MemInfo: [/proc/meminfo - SSI]	MemFree:        182929428 kB
20220313 044800.880 INFO             PET1 PIOc_sync Exit - MemInfo: [/proc/meminfo - SSI]	MemAvailable:   191334628 kB
20220313 044800.880 INFO             PET1 PIOc_sync Exit - MemInfo: [/proc/meminfo - SSI]	Committed_AS:    1623876 kB
20220313 044800.880 INFO             PET1 PIOc_sync Exit - MemInfo: [/proc/meminfo - SSI]	CommittedPercent: 0.826675 %
20220313 044800.880 INFO             PET1 PIOc_sync Exit - MemInfo: [/proc/self/status]	VmPeak:	 3827340 kB
20220313 044800.880 INFO             PET1 PIOc_sync Exit - MemInfo: [/proc/self/status]	VmSize:	 3827340 kB
20220313 044800.880 INFO             PET1 PIOc_sync Exit - MemInfo: [/proc/self/status]	VmLck:	       0 kB
20220313 044800.880 INFO             PET1 PIOc_sync Exit - MemInfo: [/proc/self/status]	VmPin:	   69756 kB
20220313 044800.880 INFO             PET1 PIOc_sync Exit - MemInfo: [/proc/self/status]	VmHWM:	  158536 kB
20220313 044800.880 INFO             PET1 PIOc_sync Exit - MemInfo: [/proc/self/status]	VmRSS:	  158536 kB
20220313 044800.880 INFO             PET1 PIOc_sync Exit - MemInfo: [/proc/self/status]	VmData:	  197068 kB
20220313 044800.880 INFO             PET1 PIOc_sync Exit - MemInfo: [/proc/self/status]	VmStk:	     520 kB
20220313 044800.880 INFO             PET1 PIOc_sync Exit - MemInfo: [/proc/self/status]	VmExe:	    1668 kB
20220313 044800.880 INFO             PET1 PIOc_sync Exit - MemInfo: [/proc/self/status]	VmLib:	  174348 kB
20220313 044800.880 INFO             PET1 PIOc_sync Exit - MemInfo: [/proc/self/status]	VmPTE:	     980 kB
20220313 044800.880 INFO             PET1 PIOc_sync Exit - MemInfo: [/proc/self/status]	VmSwap:	       0 kB
20220313 044800.880 INFO             PET1 PIOc_sync Exit - MemInfo: [/proc/self/status]	VmRSSPercent: 0.0807068 %
20220313 044800.880 INFO             PET1 PIOc_sync Exit - MemInfo: [malloc] Non-mmapped space allocated:                 2142208 Byte
20220313 044800.880 INFO             PET1 PIOc_sync Exit - MemInfo: [malloc] Space allocated in mmapped regions:         71667712 Byte
20220313 044800.880 INFO             PET1 PIOc_sync Exit - MemInfo: [malloc] Maximum total allocated space:                     0 Byte
20220313 044800.880 INFO             PET1 PIOc_sync Exit - MemInfo: [malloc] Space in freed fastbin blocks:                   192 Byte
20220313 044800.880 INFO             PET1 PIOc_sync Exit - MemInfo: [malloc] Total allocated space:                       2045456 Byte
20220313 044800.880 INFO             PET1 PIOc_sync Exit - MemInfo: [malloc] Total free space:                              96752 Byte
20220313 044800.880 INFO             PET1 PIOc_sync Exit - MemInfo: [malloc] Top-most, releasable space:                    96096 Byte
20220313 044800.880 INFO             PET1 PIOc_sync Exit - MemInfo: [malloc] Total space in use, mmap + non-mmap:        73713168 Byte
20220313 044800.880 INFO             PET1 PIOc_sync Exit - MemInfo: [malloc] Total space held (mmap + non-mmap):         73809920 Byte
20220313 044800.880 INFO             PET1 PIOc_sync Exit - MemInfo: [malloc] Total space used (mmap + non-mmap):         73722544 Byte
20220313 044800.880 INFO             PET1 PIOc_sync Exit - MemInfo: Wall-clock time since execution start:                1.00442 seconds
20220313 044800.881 INFO             PET1 PIOc_freedecomp Enter - MemInfo: [/proc/meminfo - SSI]	MemTotal:       196434604 kB
20220313 044800.881 INFO             PET1 PIOc_freedecomp Enter - MemInfo: [/proc/meminfo - SSI]	MemFree:        182936200 kB
20220313 044800.881 INFO             PET1 PIOc_freedecomp Enter - MemInfo: [/proc/meminfo - SSI]	MemAvailable:   191341400 kB
20220313 044800.881 INFO             PET1 PIOc_freedecomp Enter - MemInfo: [/proc/meminfo - SSI]	Committed_AS:    1616148 kB
20220313 044800.881 INFO             PET1 PIOc_freedecomp Enter - MemInfo: [/proc/meminfo - SSI]	CommittedPercent: 0.822741 %
20220313 044800.881 INFO             PET1 PIOc_freedecomp Enter - MemInfo: [/proc/self/status]	VmPeak:	 3827340 kB
20220313 044800.881 INFO             PET1 PIOc_freedecomp Enter - MemInfo: [/proc/self/status]	VmSize:	 3827340 kB
20220313 044800.881 INFO             PET1 PIOc_freedecomp Enter - MemInfo: [/proc/self/status]	VmLck:	       0 kB
20220313 044800.881 INFO             PET1 PIOc_freedecomp Enter - MemInfo: [/proc/self/status]	VmPin:	   69756 kB
20220313 044800.881 INFO             PET1 PIOc_freedecomp Enter - MemInfo: [/proc/self/status]	VmHWM:	  158536 kB
20220313 044800.881 INFO             PET1 PIOc_freedecomp Enter - MemInfo: [/proc/self/status]	VmRSS:	  158536 kB
20220313 044800.881 INFO             PET1 PIOc_freedecomp Enter - MemInfo: [/proc/self/status]	VmData:	  197068 kB
20220313 044800.881 INFO             PET1 PIOc_freedecomp Enter - MemInfo: [/proc/self/status]	VmStk:	     520 kB
20220313 044800.881 INFO             PET1 PIOc_freedecomp Enter - MemInfo: [/proc/self/status]	VmExe:	    1668 kB
20220313 044800.881 INFO             PET1 PIOc_freedecomp Enter - MemInfo: [/proc/self/status]	VmLib:	  174348 kB
20220313 044800.881 INFO             PET1 PIOc_freedecomp Enter - MemInfo: [/proc/self/status]	VmPTE:	     980 kB
20220313 044800.881 INFO             PET1 PIOc_freedecomp Enter - MemInfo: [/proc/self/status]	VmSwap:	       0 kB
20220313 044800.882 INFO             PET1 PIOc_freedecomp Enter - MemInfo: [/proc/self/status]	VmRSSPercent: 0.0807068 %
20220313 044800.882 INFO             PET1 PIOc_freedecomp Enter - MemInfo: [malloc] Non-mmapped space allocated:                 2142208 Byte
20220313 044800.882 INFO             PET1 PIOc_freedecomp Enter - MemInfo: [malloc] Space allocated in mmapped regions:         71667712 Byte
20220313 044800.882 INFO             PET1 PIOc_freedecomp Enter - MemInfo: [malloc] Maximum total allocated space:                     0 Byte
20220313 044800.882 INFO             PET1 PIOc_freedecomp Enter - MemInfo: [malloc] Space in freed fastbin blocks:                   368 Byte
20220313 044800.882 INFO             PET1 PIOc_freedecomp Enter - MemInfo: [malloc] Total allocated space:                       2043856 Byte
20220313 044800.882 INFO             PET1 PIOc_freedecomp Enter - MemInfo: [malloc] Total free space:                              98352 Byte
20220313 044800.882 INFO             PET1 PIOc_freedecomp Enter - MemInfo: [malloc] Top-most, releasable space:                    96928 Byte
20220313 044800.882 INFO             PET1 PIOc_freedecomp Enter - MemInfo: [malloc] Total space in use, mmap + non-mmap:        73711568 Byte
20220313 044800.882 INFO             PET1 PIOc_freedecomp Enter - MemInfo: [malloc] Total space held (mmap + non-mmap):         73809920 Byte
20220313 044800.882 INFO             PET1 PIOc_freedecomp Enter - MemInfo: [malloc] Total space used (mmap + non-mmap):         73720944 Byte
20220313 044800.882 INFO             PET1 PIOc_freedecomp Enter - MemInfo: Wall-clock time since execution start:                1.00577 seconds
20220313 044800.882 INFO             PET1 PIOc_freedecomp Exit - MemInfo: [/proc/meminfo - SSI]	MemTotal:       196434604 kB
20220313 044800.882 INFO             PET1 PIOc_freedecomp Exit - MemInfo: [/proc/meminfo - SSI]	MemFree:        182936200 kB
20220313 044800.882 INFO             PET1 PIOc_freedecomp Exit - MemInfo: [/proc/meminfo - SSI]	MemAvailable:   191341400 kB
20220313 044800.882 INFO             PET1 PIOc_freedecomp Exit - MemInfo: [/proc/meminfo - SSI]	Committed_AS:    1616148 kB
20220313 044800.882 INFO             PET1 PIOc_freedecomp Exit - MemInfo: [/proc/meminfo - SSI]	CommittedPercent: 0.822741 %
20220313 044800.882 INFO             PET1 PIOc_freedecomp Exit - MemInfo: [/proc/self/status]	VmPeak:	 3827340 kB
20220313 044800.882 INFO             PET1 PIOc_freedecomp Exit - MemInfo: [/proc/self/status]	VmSize:	 3827340 kB
20220313 044800.882 INFO             PET1 PIOc_freedecomp Exit - MemInfo: [/proc/self/status]	VmLck:	       0 kB
20220313 044800.882 INFO             PET1 PIOc_freedecomp Exit - MemInfo: [/proc/self/status]	VmPin:	   69756 kB
20220313 044800.882 INFO             PET1 PIOc_freedecomp Exit - MemInfo: [/proc/self/status]	VmHWM:	  158536 kB
20220313 044800.882 INFO             PET1 PIOc_freedecomp Exit - MemInfo: [/proc/self/status]	VmRSS:	  158536 kB
20220313 044800.882 INFO             PET1 PIOc_freedecomp Exit - MemInfo: [/proc/self/status]	VmData:	  197068 kB
20220313 044800.882 INFO             PET1 PIOc_freedecomp Exit - MemInfo: [/proc/self/status]	VmStk:	     520 kB
20220313 044800.882 INFO             PET1 PIOc_freedecomp Exit - MemInfo: [/proc/self/status]	VmExe:	    1668 kB
20220313 044800.882 INFO             PET1 PIOc_freedecomp Exit - MemInfo: [/proc/self/status]	VmLib:	  174348 kB
20220313 044800.882 INFO             PET1 PIOc_freedecomp Exit - MemInfo: [/proc/self/status]	VmPTE:	     980 kB
20220313 044800.882 INFO             PET1 PIOc_freedecomp Exit - MemInfo: [/proc/self/status]	VmSwap:	       0 kB
20220313 044800.882 INFO             PET1 PIOc_freedecomp Exit - MemInfo: [/proc/self/status]	VmRSSPercent: 0.0807068 %
20220313 044800.882 INFO             PET1 PIOc_freedecomp Exit - MemInfo: [malloc] Non-mmapped space allocated:                 2142208 Byte
20220313 044800.882 INFO             PET1 PIOc_freedecomp Exit - MemInfo: [malloc] Space allocated in mmapped regions:         71667712 Byte
20220313 044800.882 INFO             PET1 PIOc_freedecomp Exit - MemInfo: [malloc] Maximum total allocated space:                     0 Byte
20220313 044800.882 INFO             PET1 PIOc_freedecomp Exit - MemInfo: [malloc] Space in freed fastbin blocks:                   480 Byte
20220313 044800.883 INFO             PET1 PIOc_freedecomp Exit - MemInfo: [malloc] Total allocated space:                       2042480 Byte
20220313 044800.883 INFO             PET1 PIOc_freedecomp Exit - MemInfo: [malloc] Total free space:                              99728 Byte
20220313 044800.883 INFO             PET1 PIOc_freedecomp Exit - MemInfo: [malloc] Top-most, releasable space:                    97584 Byte
20220313 044800.883 INFO             PET1 PIOc_freedecomp Exit - MemInfo: [malloc] Total space in use, mmap + non-mmap:        73710192 Byte
20220313 044800.883 INFO             PET1 PIOc_freedecomp Exit - MemInfo: [malloc] Total space held (mmap + non-mmap):         73809920 Byte
20220313 044800.883 INFO             PET1 PIOc_freedecomp Exit - MemInfo: [malloc] Total space used (mmap + non-mmap):         73719568 Byte
20220313 044800.883 INFO             PET1 PIOc_freedecomp Exit - MemInfo: Wall-clock time since execution start:                1.00664 seconds
20220313 044801.195 INFO             PET1 PIOc_sync Enter - MemInfo: [/proc/meminfo - SSI]	MemTotal:       196434604 kB
20220313 044801.195 INFO             PET1 PIOc_sync Enter - MemInfo: [/proc/meminfo - SSI]	MemFree:        182930540 kB
20220313 044801.195 INFO             PET1 PIOc_sync Enter - MemInfo: [/proc/meminfo - SSI]	MemAvailable:   191335984 kB
20220313 044801.195 INFO             PET1 PIOc_sync Enter - MemInfo: [/proc/meminfo - SSI]	Committed_AS:    1624376 kB
20220313 044801.195 INFO             PET1 PIOc_sync Enter - MemInfo: [/proc/meminfo - SSI]	CommittedPercent: 0.82693 %
20220313 044801.195 INFO             PET1 PIOc_sync Enter - MemInfo: [/proc/self/status]	VmPeak:	 3827340 kB
20220313 044801.195 INFO             PET1 PIOc_sync Enter - MemInfo: [/proc/self/status]	VmSize:	 3827340 kB
20220313 044801.195 INFO             PET1 PIOc_sync Enter - MemInfo: [/proc/self/status]	VmLck:	       0 kB
20220313 044801.195 INFO             PET1 PIOc_sync Enter - MemInfo: [/proc/self/status]	VmPin:	   69756 kB
20220313 044801.195 INFO             PET1 PIOc_sync Enter - MemInfo: [/proc/self/status]	VmHWM:	  158616 kB
20220313 044801.195 INFO             PET1 PIOc_sync Enter - MemInfo: [/proc/self/status]	VmRSS:	  158616 kB
20220313 044801.195 INFO             PET1 PIOc_sync Enter - MemInfo: [/proc/self/status]	VmData:	  197068 kB
20220313 044801.195 INFO             PET1 PIOc_sync Enter - MemInfo: [/proc/self/status]	VmStk:	     520 kB
20220313 044801.195 INFO             PET1 PIOc_sync Enter - MemInfo: [/proc/self/status]	VmExe:	    1668 kB
20220313 044801.195 INFO             PET1 PIOc_sync Enter - MemInfo: [/proc/self/status]	VmLib:	  174348 kB
20220313 044801.195 INFO             PET1 PIOc_sync Enter - MemInfo: [/proc/self/status]	VmPTE:	     980 kB
20220313 044801.195 INFO             PET1 PIOc_sync Enter - MemInfo: [/proc/self/status]	VmSwap:	       0 kB
20220313 044801.195 INFO             PET1 PIOc_sync Enter - MemInfo: [/proc/self/status]	VmRSSPercent: 0.0807475 %
20220313 044801.195 INFO             PET1 PIOc_sync Enter - MemInfo: [malloc] Non-mmapped space allocated:                 2142208 Byte
20220313 044801.195 INFO             PET1 PIOc_sync Enter - MemInfo: [malloc] Space allocated in mmapped regions:         71667712 Byte
20220313 044801.195 INFO             PET1 PIOc_sync Enter - MemInfo: [malloc] Maximum total allocated space:                     0 Byte
20220313 044801.195 INFO             PET1 PIOc_sync Enter - MemInfo: [malloc] Space in freed fastbin blocks:                   896 Byte
20220313 044801.195 INFO             PET1 PIOc_sync Enter - MemInfo: [malloc] Total allocated space:                       2046384 Byte
20220313 044801.195 INFO             PET1 PIOc_sync Enter - MemInfo: [malloc] Total free space:                              95824 Byte
20220313 044801.195 INFO             PET1 PIOc_sync Enter - MemInfo: [malloc] Top-most, releasable space:                    94352 Byte
20220313 044801.195 INFO             PET1 PIOc_sync Enter - MemInfo: [malloc] Total space in use, mmap + non-mmap:        73714096 Byte
20220313 044801.195 INFO             PET1 PIOc_sync Enter - MemInfo: [malloc] Total space held (mmap + non-mmap):         73809920 Byte
20220313 044801.195 INFO             PET1 PIOc_sync Enter - MemInfo: [malloc] Total space used (mmap + non-mmap):         73723488 Byte
20220313 044801.195 INFO             PET1 PIOc_sync Enter - MemInfo: Wall-clock time since execution start:                1.31842 seconds
20220313 044801.221 INFO             PET1 PIOc_sync Exit - MemInfo: [/proc/meminfo - SSI]	MemTotal:       196434604 kB
20220313 044801.221 INFO             PET1 PIOc_sync Exit - MemInfo: [/proc/meminfo - SSI]	MemFree:        182930540 kB
20220313 044801.221 INFO             PET1 PIOc_sync Exit - MemInfo: [/proc/meminfo - SSI]	MemAvailable:   191335984 kB
20220313 044801.221 INFO             PET1 PIOc_sync Exit - MemInfo: [/proc/meminfo - SSI]	Committed_AS:    1624376 kB
20220313 044801.221 INFO             PET1 PIOc_sync Exit - MemInfo: [/proc/meminfo - SSI]	CommittedPercent: 0.82693 %
20220313 044801.221 INFO             PET1 PIOc_sync Exit - MemInfo: [/proc/self/status]	VmPeak:	 3827340 kB
20220313 044801.221 INFO             PET1 PIOc_sync Exit - MemInfo: [/proc/self/status]	VmSize:	 3827340 kB
20220313 044801.221 INFO             PET1 PIOc_sync Exit - MemInfo: [/proc/self/status]	VmLck:	       0 kB
20220313 044801.221 INFO             PET1 PIOc_sync Exit - MemInfo: [/proc/self/status]	VmPin:	   69756 kB
20220313 044801.221 INFO             PET1 PIOc_sync Exit - MemInfo: [/proc/self/status]	VmHWM:	  158620 kB
20220313 044801.221 INFO             PET1 PIOc_sync Exit - MemInfo: [/proc/self/status]	VmRSS:	  158620 kB
20220313 044801.221 INFO             PET1 PIOc_sync Exit - MemInfo: [/proc/self/status]	VmData:	  197068 kB
20220313 044801.221 INFO             PET1 PIOc_sync Exit - MemInfo: [/proc/self/status]	VmStk:	     520 kB
20220313 044801.221 INFO             PET1 PIOc_sync Exit - MemInfo: [/proc/self/status]	VmExe:	    1668 kB
20220313 044801.221 INFO             PET1 PIOc_sync Exit - MemInfo: [/proc/self/status]	VmLib:	  174348 kB
20220313 044801.221 INFO             PET1 PIOc_sync Exit - MemInfo: [/proc/self/status]	VmPTE:	     980 kB
20220313 044801.221 INFO             PET1 PIOc_sync Exit - MemInfo: [/proc/self/status]	VmSwap:	       0 kB
20220313 044801.221 INFO             PET1 PIOc_sync Exit - MemInfo: [/proc/self/status]	VmRSSPercent: 0.0807495 %
20220313 044801.221 INFO             PET1 PIOc_sync Exit - MemInfo: [malloc] Non-mmapped space allocated:                 2142208 Byte
20220313 044801.221 INFO             PET1 PIOc_sync Exit - MemInfo: [malloc] Space allocated in mmapped regions:         71667712 Byte
20220313 044801.221 INFO             PET1 PIOc_sync Exit - MemInfo: [malloc] Maximum total allocated space:                     0 Byte
20220313 044801.221 INFO             PET1 PIOc_sync Exit - MemInfo: [malloc] Space in freed fastbin blocks:                   144 Byte
20220313 044801.221 INFO             PET1 PIOc_sync Exit - MemInfo: [malloc] Total allocated space:                       2045600 Byte
20220313 044801.221 INFO             PET1 PIOc_sync Exit - MemInfo: [malloc] Total free space:                              96608 Byte
20220313 044801.221 INFO             PET1 PIOc_sync Exit - MemInfo: [malloc] Top-most, releasable space:                    95696 Byte
20220313 044801.221 INFO             PET1 PIOc_sync Exit - MemInfo: [malloc] Total space in use, mmap + non-mmap:        73713312 Byte
20220313 044801.221 INFO             PET1 PIOc_sync Exit - MemInfo: [malloc] Total space held (mmap + non-mmap):         73809920 Byte
20220313 044801.221 INFO             PET1 PIOc_sync Exit - MemInfo: [malloc] Total space used (mmap + non-mmap):         73722688 Byte
20220313 044801.221 INFO             PET1 PIOc_sync Exit - MemInfo: Wall-clock time since execution start:                1.34456 seconds
20220313 044801.222 INFO             PET1 PIOc_freedecomp Enter - MemInfo: [/proc/meminfo - SSI]	MemTotal:       196434604 kB
20220313 044801.222 INFO             PET1 PIOc_freedecomp Enter - MemInfo: [/proc/meminfo - SSI]	MemFree:        182930540 kB
20220313 044801.222 INFO             PET1 PIOc_freedecomp Enter - MemInfo: [/proc/meminfo - SSI]	MemAvailable:   191335984 kB
20220313 044801.222 INFO             PET1 PIOc_freedecomp Enter - MemInfo: [/proc/meminfo - SSI]	Committed_AS:    1624376 kB
20220313 044801.222 INFO             PET1 PIOc_freedecomp Enter - MemInfo: [/proc/meminfo - SSI]	CommittedPercent: 0.82693 %
20220313 044801.222 INFO             PET1 PIOc_freedecomp Enter - MemInfo: [/proc/self/status]	VmPeak:	 3827340 kB
20220313 044801.222 INFO             PET1 PIOc_freedecomp Enter - MemInfo: [/proc/self/status]	VmSize:	 3827340 kB
20220313 044801.222 INFO             PET1 PIOc_freedecomp Enter - MemInfo: [/proc/self/status]	VmLck:	       0 kB
20220313 044801.222 INFO             PET1 PIOc_freedecomp Enter - MemInfo: [/proc/self/status]	VmPin:	   69756 kB
20220313 044801.222 INFO             PET1 PIOc_freedecomp Enter - MemInfo: [/proc/self/status]	VmHWM:	  158620 kB
20220313 044801.222 INFO             PET1 PIOc_freedecomp Enter - MemInfo: [/proc/self/status]	VmRSS:	  158620 kB
20220313 044801.222 INFO             PET1 PIOc_freedecomp Enter - MemInfo: [/proc/self/status]	VmData:	  197068 kB
20220313 044801.222 INFO             PET1 PIOc_freedecomp Enter - MemInfo: [/proc/self/status]	VmStk:	     520 kB
20220313 044801.222 INFO             PET1 PIOc_freedecomp Enter - MemInfo: [/proc/self/status]	VmExe:	    1668 kB
20220313 044801.222 INFO             PET1 PIOc_freedecomp Enter - MemInfo: [/proc/self/status]	VmLib:	  174348 kB
20220313 044801.222 INFO             PET1 PIOc_freedecomp Enter - MemInfo: [/proc/self/status]	VmPTE:	     980 kB
20220313 044801.222 INFO             PET1 PIOc_freedecomp Enter - MemInfo: [/proc/self/status]	VmSwap:	       0 kB
20220313 044801.222 INFO             PET1 PIOc_freedecomp Enter - MemInfo: [/proc/self/status]	VmRSSPercent: 0.0807495 %
20220313 044801.222 INFO             PET1 PIOc_freedecomp Enter - MemInfo: [malloc] Non-mmapped space allocated:                 2142208 Byte
20220313 044801.222 INFO             PET1 PIOc_freedecomp Enter - MemInfo: [malloc] Space allocated in mmapped regions:         71667712 Byte
20220313 044801.222 INFO             PET1 PIOc_freedecomp Enter - MemInfo: [malloc] Maximum total allocated space:                     0 Byte
20220313 044801.222 INFO             PET1 PIOc_freedecomp Enter - MemInfo: [malloc] Space in freed fastbin blocks:                   368 Byte
20220313 044801.222 INFO             PET1 PIOc_freedecomp Enter - MemInfo: [malloc] Total allocated space:                       2043840 Byte
20220313 044801.222 INFO             PET1 PIOc_freedecomp Enter - MemInfo: [malloc] Total free space:                              98368 Byte
20220313 044801.222 INFO             PET1 PIOc_freedecomp Enter - MemInfo: [malloc] Top-most, releasable space:                    96000 Byte
20220313 044801.222 INFO             PET1 PIOc_freedecomp Enter - MemInfo: [malloc] Total space in use, mmap + non-mmap:        73711552 Byte
20220313 044801.222 INFO             PET1 PIOc_freedecomp Enter - MemInfo: [malloc] Total space held (mmap + non-mmap):         73809920 Byte
20220313 044801.222 INFO             PET1 PIOc_freedecomp Enter - MemInfo: [malloc] Total space used (mmap + non-mmap):         73720944 Byte
20220313 044801.222 INFO             PET1 PIOc_freedecomp Enter - MemInfo: Wall-clock time since execution start:                1.34546 seconds
20220313 044801.222 INFO             PET1 PIOc_freedecomp Exit - MemInfo: [/proc/meminfo - SSI]	MemTotal:       196434604 kB
20220313 044801.222 INFO             PET1 PIOc_freedecomp Exit - MemInfo: [/proc/meminfo - SSI]	MemFree:        182930540 kB
20220313 044801.223 INFO             PET1 PIOc_freedecomp Exit - MemInfo: [/proc/meminfo - SSI]	MemAvailable:   191335984 kB
20220313 044801.223 INFO             PET1 PIOc_freedecomp Exit - MemInfo: [/proc/meminfo - SSI]	Committed_AS:    1624376 kB
20220313 044801.223 INFO             PET1 PIOc_freedecomp Exit - MemInfo: [/proc/meminfo - SSI]	CommittedPercent: 0.82693 %
20220313 044801.223 INFO             PET1 PIOc_freedecomp Exit - MemInfo: [/proc/self/status]	VmPeak:	 3827340 kB
20220313 044801.223 INFO             PET1 PIOc_freedecomp Exit - MemInfo: [/proc/self/status]	VmSize:	 3827340 kB
20220313 044801.223 INFO             PET1 PIOc_freedecomp Exit - MemInfo: [/proc/self/status]	VmLck:	       0 kB
20220313 044801.223 INFO             PET1 PIOc_freedecomp Exit - MemInfo: [/proc/self/status]	VmPin:	   69756 kB
20220313 044801.223 INFO             PET1 PIOc_freedecomp Exit - MemInfo: [/proc/self/status]	VmHWM:	  158620 kB
20220313 044801.223 INFO             PET1 PIOc_freedecomp Exit - MemInfo: [/proc/self/status]	VmRSS:	  158620 kB
20220313 044801.223 INFO             PET1 PIOc_freedecomp Exit - MemInfo: [/proc/self/status]	VmData:	  197068 kB
20220313 044801.223 INFO             PET1 PIOc_freedecomp Exit - MemInfo: [/proc/self/status]	VmStk:	     520 kB
20220313 044801.223 INFO             PET1 PIOc_freedecomp Exit - MemInfo: [/proc/self/status]	VmExe:	    1668 kB
20220313 044801.223 INFO             PET1 PIOc_freedecomp Exit - MemInfo: [/proc/self/status]	VmLib:	  174348 kB
20220313 044801.223 INFO             PET1 PIOc_freedecomp Exit - MemInfo: [/proc/self/status]	VmPTE:	     980 kB
20220313 044801.223 INFO             PET1 PIOc_freedecomp Exit - MemInfo: [/proc/self/status]	VmSwap:	       0 kB
20220313 044801.223 INFO             PET1 PIOc_freedecomp Exit - MemInfo: [/proc/self/status]	VmRSSPercent: 0.0807495 %
20220313 044801.223 INFO             PET1 PIOc_freedecomp Exit - MemInfo: [malloc] Non-mmapped space allocated:                 2142208 Byte
20220313 044801.223 INFO             PET1 PIOc_freedecomp Exit - MemInfo: [malloc] Space allocated in mmapped regions:         71667712 Byte
20220313 044801.223 INFO             PET1 PIOc_freedecomp Exit - MemInfo: [malloc] Maximum total allocated space:                     0 Byte
20220313 044801.223 INFO             PET1 PIOc_freedecomp Exit - MemInfo: [malloc] Space in freed fastbin blocks:                   320 Byte
20220313 044801.223 INFO             PET1 PIOc_freedecomp Exit - MemInfo: [malloc] Total allocated space:                       2042480 Byte
20220313 044801.223 INFO             PET1 PIOc_freedecomp Exit - MemInfo: [malloc] Total free space:                              99728 Byte
20220313 044801.223 INFO             PET1 PIOc_freedecomp Exit - MemInfo: [malloc] Top-most, releasable space:                    96528 Byte
20220313 044801.223 INFO             PET1 PIOc_freedecomp Exit - MemInfo: [malloc] Total space in use, mmap + non-mmap:        73710192 Byte
20220313 044801.223 INFO             PET1 PIOc_freedecomp Exit - MemInfo: [malloc] Total space held (mmap + non-mmap):         73809920 Byte
20220313 044801.223 INFO             PET1 PIOc_freedecomp Exit - MemInfo: [malloc] Total space used (mmap + non-mmap):         73719568 Byte
20220313 044801.223 INFO             PET1 PIOc_freedecomp Exit - MemInfo: Wall-clock time since execution start:                1.34627 seconds
20220313 044801.576 INFO             PET1 PIOc_sync Enter - MemInfo: [/proc/meminfo - SSI]	MemTotal:       196434604 kB
20220313 044801.576 INFO             PET1 PIOc_sync Enter - MemInfo: [/proc/meminfo - SSI]	MemFree:        182930580 kB
20220313 044801.576 INFO             PET1 PIOc_sync Enter - MemInfo: [/proc/meminfo - SSI]	MemAvailable:   191336208 kB
20220313 044801.576 INFO             PET1 PIOc_sync Enter - MemInfo: [/proc/meminfo - SSI]	Committed_AS:    1623016 kB
20220313 044801.576 INFO             PET1 PIOc_sync Enter - MemInfo: [/proc/meminfo - SSI]	CommittedPercent: 0.826237 %
20220313 044801.576 INFO             PET1 PIOc_sync Enter - MemInfo: [/proc/self/status]	VmPeak:	 3827340 kB
20220313 044801.576 INFO             PET1 PIOc_sync Enter - MemInfo: [/proc/self/status]	VmSize:	 3827340 kB
20220313 044801.576 INFO             PET1 PIOc_sync Enter - MemInfo: [/proc/self/status]	VmLck:	       0 kB
20220313 044801.576 INFO             PET1 PIOc_sync Enter - MemInfo: [/proc/self/status]	VmPin:	   69756 kB
20220313 044801.576 INFO             PET1 PIOc_sync Enter - MemInfo: [/proc/self/status]	VmHWM:	  158680 kB
20220313 044801.576 INFO             PET1 PIOc_sync Enter - MemInfo: [/proc/self/status]	VmRSS:	  158680 kB
20220313 044801.576 INFO             PET1 PIOc_sync Enter - MemInfo: [/proc/self/status]	VmData:	  197068 kB
20220313 044801.576 INFO             PET1 PIOc_sync Enter - MemInfo: [/proc/self/status]	VmStk:	     520 kB
20220313 044801.576 INFO             PET1 PIOc_sync Enter - MemInfo: [/proc/self/status]	VmExe:	    1668 kB
20220313 044801.576 INFO             PET1 PIOc_sync Enter - MemInfo: [/proc/self/status]	VmLib:	  174348 kB
20220313 044801.576 INFO             PET1 PIOc_sync Enter - MemInfo: [/proc/self/status]	VmPTE:	     980 kB
20220313 044801.576 INFO             PET1 PIOc_sync Enter - MemInfo: [/proc/self/status]	VmSwap:	       0 kB
20220313 044801.576 INFO             PET1 PIOc_sync Enter - MemInfo: [/proc/self/status]	VmRSSPercent: 0.0807801 %
20220313 044801.576 INFO             PET1 PIOc_sync Enter - MemInfo: [malloc] Non-mmapped space allocated:                 2142208 Byte
20220313 044801.576 INFO             PET1 PIOc_sync Enter - MemInfo: [malloc] Space allocated in mmapped regions:         71667712 Byte
20220313 044801.576 INFO             PET1 PIOc_sync Enter - MemInfo: [malloc] Maximum total allocated space:                     0 Byte
20220313 044801.576 INFO             PET1 PIOc_sync Enter - MemInfo: [malloc] Space in freed fastbin blocks:                   848 Byte
20220313 044801.576 INFO             PET1 PIOc_sync Enter - MemInfo: [malloc] Total allocated space:                       2046544 Byte
20220313 044801.576 INFO             PET1 PIOc_sync Enter - MemInfo: [malloc] Total free space:                              95664 Byte
20220313 044801.576 INFO             PET1 PIOc_sync Enter - MemInfo: [malloc] Top-most, releasable space:                    94240 Byte
20220313 044801.576 INFO             PET1 PIOc_sync Enter - MemInfo: [malloc] Total space in use, mmap + non-mmap:        73714256 Byte
20220313 044801.576 INFO             PET1 PIOc_sync Enter - MemInfo: [malloc] Total space held (mmap + non-mmap):         73809920 Byte
20220313 044801.576 INFO             PET1 PIOc_sync Enter - MemInfo: [malloc] Total space used (mmap + non-mmap):         73723648 Byte
20220313 044801.576 INFO             PET1 PIOc_sync Enter - MemInfo: Wall-clock time since execution start:                1.69861 seconds
20220313 044801.598 INFO             PET1 PIOc_sync Exit - MemInfo: [/proc/meminfo - SSI]	MemTotal:       196434604 kB
20220313 044801.598 INFO             PET1 PIOc_sync Exit - MemInfo: [/proc/meminfo - SSI]	MemFree:        182930580 kB
20220313 044801.598 INFO             PET1 PIOc_sync Exit - MemInfo: [/proc/meminfo - SSI]	MemAvailable:   191336208 kB
20220313 044801.598 INFO             PET1 PIOc_sync Exit - MemInfo: [/proc/meminfo - SSI]	Committed_AS:    1623016 kB
20220313 044801.598 INFO             PET1 PIOc_sync Exit - MemInfo: [/proc/meminfo - SSI]	CommittedPercent: 0.826237 %
20220313 044801.598 INFO             PET1 PIOc_sync Exit - MemInfo: [/proc/self/status]	VmPeak:	 3827340 kB
20220313 044801.598 INFO             PET1 PIOc_sync Exit - MemInfo: [/proc/self/status]	VmSize:	 3827340 kB
20220313 044801.598 INFO             PET1 PIOc_sync Exit - MemInfo: [/proc/self/status]	VmLck:	       0 kB
20220313 044801.598 INFO             PET1 PIOc_sync Exit - MemInfo: [/proc/self/status]	VmPin:	   69756 kB
20220313 044801.598 INFO             PET1 PIOc_sync Exit - MemInfo: [/proc/self/status]	VmHWM:	  158680 kB
20220313 044801.598 INFO             PET1 PIOc_sync Exit - MemInfo: [/proc/self/status]	VmRSS:	  158680 kB
20220313 044801.598 INFO             PET1 PIOc_sync Exit - MemInfo: [/proc/self/status]	VmData:	  197068 kB
20220313 044801.598 INFO             PET1 PIOc_sync Exit - MemInfo: [/proc/self/status]	VmStk:	     520 kB
20220313 044801.598 INFO             PET1 PIOc_sync Exit - MemInfo: [/proc/self/status]	VmExe:	    1668 kB
20220313 044801.598 INFO             PET1 PIOc_sync Exit - MemInfo: [/proc/self/status]	VmLib:	  174348 kB
20220313 044801.598 INFO             PET1 PIOc_sync Exit - MemInfo: [/proc/self/status]	VmPTE:	     980 kB
20220313 044801.598 INFO             PET1 PIOc_sync Exit - MemInfo: [/proc/self/status]	VmSwap:	       0 kB
20220313 044801.598 INFO             PET1 PIOc_sync Exit - MemInfo: [/proc/self/status]	VmRSSPercent: 0.0807801 %
20220313 044801.598 INFO             PET1 PIOc_sync Exit - MemInfo: [malloc] Non-mmapped space allocated:                 2142208 Byte
20220313 044801.598 INFO             PET1 PIOc_sync Exit - MemInfo: [malloc] Space allocated in mmapped regions:         71667712 Byte
20220313 044801.598 INFO             PET1 PIOc_sync Exit - MemInfo: [malloc] Maximum total allocated space:                     0 Byte
20220313 044801.598 INFO             PET1 PIOc_sync Exit - MemInfo: [malloc] Space in freed fastbin blocks:                   144 Byte
20220313 044801.598 INFO             PET1 PIOc_sync Exit - MemInfo: [malloc] Total allocated space:                       2045760 Byte
20220313 044801.598 INFO             PET1 PIOc_sync Exit - MemInfo: [malloc] Total free space:                              96448 Byte
20220313 044801.598 INFO             PET1 PIOc_sync Exit - MemInfo: [malloc] Top-most, releasable space:                    95584 Byte
20220313 044801.598 INFO             PET1 PIOc_sync Exit - MemInfo: [malloc] Total space in use, mmap + non-mmap:        73713472 Byte
20220313 044801.598 INFO             PET1 PIOc_sync Exit - MemInfo: [malloc] Total space held (mmap + non-mmap):         73809920 Byte
20220313 044801.598 INFO             PET1 PIOc_sync Exit - MemInfo: [malloc] Total space used (mmap + non-mmap):         73722848 Byte
20220313 044801.598 INFO             PET1 PIOc_sync Exit - MemInfo: Wall-clock time since execution start:                1.72048 seconds
20220313 044801.598 INFO             PET1 PIOc_freedecomp Enter - MemInfo: [/proc/meminfo - SSI]	MemTotal:       196434604 kB
20220313 044801.598 INFO             PET1 PIOc_freedecomp Enter - MemInfo: [/proc/meminfo - SSI]	MemFree:        182930580 kB
20220313 044801.598 INFO             PET1 PIOc_freedecomp Enter - MemInfo: [/proc/meminfo - SSI]	MemAvailable:   191336208 kB
20220313 044801.598 INFO             PET1 PIOc_freedecomp Enter - MemInfo: [/proc/meminfo - SSI]	Committed_AS:    1623016 kB
20220313 044801.598 INFO             PET1 PIOc_freedecomp Enter - MemInfo: [/proc/meminfo - SSI]	CommittedPercent: 0.826237 %
20220313 044801.598 INFO             PET1 PIOc_freedecomp Enter - MemInfo: [/proc/self/status]	VmPeak:	 3827340 kB
20220313 044801.598 INFO             PET1 PIOc_freedecomp Enter - MemInfo: [/proc/self/status]	VmSize:	 3827340 kB
20220313 044801.598 INFO             PET1 PIOc_freedecomp Enter - MemInfo: [/proc/self/status]	VmLck:	       0 kB
20220313 044801.599 INFO             PET1 PIOc_freedecomp Enter - MemInfo: [/proc/self/status]	VmPin:	   69756 kB
20220313 044801.599 INFO             PET1 PIOc_freedecomp Enter - MemInfo: [/proc/self/status]	VmHWM:	  158680 kB
20220313 044801.599 INFO             PET1 PIOc_freedecomp Enter - MemInfo: [/proc/self/status]	VmRSS:	  158680 kB
20220313 044801.599 INFO             PET1 PIOc_freedecomp Enter - MemInfo: [/proc/self/status]	VmData:	  197068 kB
20220313 044801.599 INFO             PET1 PIOc_freedecomp Enter - MemInfo: [/proc/self/status]	VmStk:	     520 kB
20220313 044801.599 INFO             PET1 PIOc_freedecomp Enter - MemInfo: [/proc/self/status]	VmExe:	    1668 kB
20220313 044801.599 INFO             PET1 PIOc_freedecomp Enter - MemInfo: [/proc/self/status]	VmLib:	  174348 kB
20220313 044801.599 INFO             PET1 PIOc_freedecomp Enter - MemInfo: [/proc/self/status]	VmPTE:	     980 kB
20220313 044801.599 INFO             PET1 PIOc_freedecomp Enter - MemInfo: [/proc/self/status]	VmSwap:	       0 kB
20220313 044801.599 INFO             PET1 PIOc_freedecomp Enter - MemInfo: [/proc/self/status]	VmRSSPercent: 0.0807801 %
20220313 044801.599 INFO             PET1 PIOc_freedecomp Enter - MemInfo: [malloc] Non-mmapped space allocated:                 2142208 Byte
20220313 044801.599 INFO             PET1 PIOc_freedecomp Enter - MemInfo: [malloc] Space allocated in mmapped regions:         71667712 Byte
20220313 044801.599 INFO             PET1 PIOc_freedecomp Enter - MemInfo: [malloc] Maximum total allocated space:                     0 Byte
20220313 044801.599 INFO             PET1 PIOc_freedecomp Enter - MemInfo: [malloc] Space in freed fastbin blocks:                   240 Byte
20220313 044801.599 INFO             PET1 PIOc_freedecomp Enter - MemInfo: [malloc] Total allocated space:                       2043872 Byte
20220313 044801.599 INFO             PET1 PIOc_freedecomp Enter - MemInfo: [malloc] Total free space:                              98336 Byte
20220313 044801.599 INFO             PET1 PIOc_freedecomp Enter - MemInfo: [malloc] Top-most, releasable space:                    95888 Byte
20220313 044801.599 INFO             PET1 PIOc_freedecomp Enter - MemInfo: [malloc] Total space in use, mmap + non-mmap:        73711584 Byte
20220313 044801.599 INFO             PET1 PIOc_freedecomp Enter - MemInfo: [malloc] Total space held (mmap + non-mmap):         73809920 Byte
20220313 044801.599 INFO             PET1 PIOc_freedecomp Enter - MemInfo: [malloc] Total space used (mmap + non-mmap):         73720960 Byte
20220313 044801.599 INFO             PET1 PIOc_freedecomp Enter - MemInfo: Wall-clock time since execution start:                1.72111 seconds
20220313 044801.599 INFO             PET1 PIOc_freedecomp Exit - MemInfo: [/proc/meminfo - SSI]	MemTotal:       196434604 kB
20220313 044801.599 INFO             PET1 PIOc_freedecomp Exit - MemInfo: [/proc/meminfo - SSI]	MemFree:        182930580 kB
20220313 044801.599 INFO             PET1 PIOc_freedecomp Exit - MemInfo: [/proc/meminfo - SSI]	MemAvailable:   191336208 kB
20220313 044801.599 INFO             PET1 PIOc_freedecomp Exit - MemInfo: [/proc/meminfo - SSI]	Committed_AS:    1623016 kB
20220313 044801.599 INFO             PET1 PIOc_freedecomp Exit - MemInfo: [/proc/meminfo - SSI]	CommittedPercent: 0.826237 %
20220313 044801.599 INFO             PET1 PIOc_freedecomp Exit - MemInfo: [/proc/self/status]	VmPeak:	 3827340 kB
20220313 044801.599 INFO             PET1 PIOc_freedecomp Exit - MemInfo: [/proc/self/status]	VmSize:	 3827340 kB
20220313 044801.599 INFO             PET1 PIOc_freedecomp Exit - MemInfo: [/proc/self/status]	VmLck:	       0 kB
20220313 044801.599 INFO             PET1 PIOc_freedecomp Exit - MemInfo: [/proc/self/status]	VmPin:	   69756 kB
20220313 044801.599 INFO             PET1 PIOc_freedecomp Exit - MemInfo: [/proc/self/status]	VmHWM:	  158680 kB
20220313 044801.599 INFO             PET1 PIOc_freedecomp Exit - MemInfo: [/proc/self/status]	VmRSS:	  158680 kB
20220313 044801.599 INFO             PET1 PIOc_freedecomp Exit - MemInfo: [/proc/self/status]	VmData:	  197068 kB
20220313 044801.599 INFO             PET1 PIOc_freedecomp Exit - MemInfo: [/proc/self/status]	VmStk:	     520 kB
20220313 044801.599 INFO             PET1 PIOc_freedecomp Exit - MemInfo: [/proc/self/status]	VmExe:	    1668 kB
20220313 044801.599 INFO             PET1 PIOc_freedecomp Exit - MemInfo: [/proc/self/status]	VmLib:	  174348 kB
20220313 044801.599 INFO             PET1 PIOc_freedecomp Exit - MemInfo: [/proc/self/status]	VmPTE:	     980 kB
20220313 044801.599 INFO             PET1 PIOc_freedecomp Exit - MemInfo: [/proc/self/status]	VmSwap:	       0 kB
20220313 044801.599 INFO             PET1 PIOc_freedecomp Exit - MemInfo: [/proc/self/status]	VmRSSPercent: 0.0807801 %
20220313 044801.599 INFO             PET1 PIOc_freedecomp Exit - MemInfo: [malloc] Non-mmapped space allocated:                 2142208 Byte
20220313 044801.599 INFO             PET1 PIOc_freedecomp Exit - MemInfo: [malloc] Space allocated in mmapped regions:         71667712 Byte
20220313 044801.599 INFO             PET1 PIOc_freedecomp Exit - MemInfo: [malloc] Maximum total allocated space:                     0 Byte
20220313 044801.599 INFO             PET1 PIOc_freedecomp Exit - MemInfo: [malloc] Space in freed fastbin blocks:                   352 Byte
20220313 044801.599 INFO             PET1 PIOc_freedecomp Exit - MemInfo: [malloc] Total allocated space:                       2042496 Byte
20220313 044801.599 INFO             PET1 PIOc_freedecomp Exit - MemInfo: [malloc] Total free space:                              99712 Byte
20220313 044801.599 INFO             PET1 PIOc_freedecomp Exit - MemInfo: [malloc] Top-most, releasable space:                    96416 Byte
20220313 044801.599 INFO             PET1 PIOc_freedecomp Exit - MemInfo: [malloc] Total space in use, mmap + non-mmap:        73710208 Byte
20220313 044801.599 INFO             PET1 PIOc_freedecomp Exit - MemInfo: [malloc] Total space held (mmap + non-mmap):         73809920 Byte
20220313 044801.599 INFO             PET1 PIOc_freedecomp Exit - MemInfo: [malloc] Total space used (mmap + non-mmap):         73719584 Byte
20220313 044801.599 INFO             PET1 PIOc_freedecomp Exit - MemInfo: Wall-clock time since execution start:                1.72174 seconds
20220313 044801.600 INFO             PET1  PASS  ESMF_OutputWeightFile, ESMF_IOUTest.F90, line 81
20220313 044801.748 INFO             PET1  PASS  call ESMF_OutputWeightFile with empty factor list on four PETs, ESMF_IOUTest.F90, line 191
20220313 044801.748 INFO             PET1  Ending Test, file ESMF_IOUTest.F90, line 201
20220313 044801.748 INFO             PET1 Finalizing ESMF
20220313 044800.292 INFO             PET2 !!!!!!!!!!!!!!!!!!!!!!!!!!!!!!!!!!!!!!!!!!!!!!!!!!!!!!
20220313 044800.293 INFO             PET2 !!! THE ESMF_LOG IS SET TO OUTPUT ALL LOG MESSAGES !!!
20220313 044800.293 INFO             PET2 !!!     THIS MAY CAUSE SLOWDOWN IN PERFORMANCE     !!!
20220313 044800.293 INFO             PET2 !!! FOR PRODUCTION RUNS, USE:                      !!!
20220313 044800.293 INFO             PET2 !!!                   ESMF_LOGKIND_Multi_On_Error  !!!
20220313 044800.293 INFO             PET2 !!!!!!!!!!!!!!!!!!!!!!!!!!!!!!!!!!!!!!!!!!!!!!!!!!!!!!
20220313 044800.293 INFO             PET2 Running with ESMF Version   : v8.3.0b09-96-g559b459
20220313 044800.293 INFO             PET2 ESMF library build date/time: "Mar 13 2022" "03:18:06"
20220313 044800.294 INFO             PET2 ESMF library build location : /work/noaa/da/mpotts/sandbox/intel_2020_intelmpi_g_jedwards_pio_update2
20220313 044800.294 INFO             PET2 ESMF_COMM                   : intelmpi
20220313 044800.299 INFO             PET2 ESMF_MOAB                   : enabled
20220313 044800.299 INFO             PET2 ESMF_LAPACK                 : enabled
20220313 044800.299 INFO             PET2 ESMF_NETCDF                 : enabled
20220313 044800.299 INFO             PET2 ESMF_PNETCDF                : disabled
20220313 044800.299 INFO             PET2 ESMF_PIO                    : enabled
20220313 044800.299 INFO             PET2 ESMF_YAMLCPP                : enabled
20220313 044800.325 INFO             PET2  Beginning Test, file ESMF_IOUTest.F90, line 57
20220313 044800.325 INFO             PET2  NUMBER_OF_PROCESSORS           4
20220313 044800.325 INFO             PET2 Starting Test:  ESMF_OutputWeightFile
20220313 044800.867 INFO             PET2 PIOc_sync Enter - MemInfo: [/proc/meminfo - SSI]	MemTotal:       196434604 kB
20220313 044800.867 INFO             PET2 PIOc_sync Enter - MemInfo: [/proc/meminfo - SSI]	MemFree:        182929428 kB
20220313 044800.867 INFO             PET2 PIOc_sync Enter - MemInfo: [/proc/meminfo - SSI]	MemAvailable:   191334628 kB
20220313 044800.867 INFO             PET2 PIOc_sync Enter - MemInfo: [/proc/meminfo - SSI]	Committed_AS:    1623876 kB
20220313 044800.867 INFO             PET2 PIOc_sync Enter - MemInfo: [/proc/meminfo - SSI]	CommittedPercent: 0.826675 %
20220313 044800.867 INFO             PET2 PIOc_sync Enter - MemInfo: [/proc/self/status]	VmPeak:	 3839636 kB
20220313 044800.867 INFO             PET2 PIOc_sync Enter - MemInfo: [/proc/self/status]	VmSize:	 3839636 kB
20220313 044800.867 INFO             PET2 PIOc_sync Enter - MemInfo: [/proc/self/status]	VmLck:	       0 kB
20220313 044800.867 INFO             PET2 PIOc_sync Enter - MemInfo: [/proc/self/status]	VmPin:	   79996 kB
20220313 044800.867 INFO             PET2 PIOc_sync Enter - MemInfo: [/proc/self/status]	VmHWM:	  170016 kB
20220313 044800.867 INFO             PET2 PIOc_sync Enter - MemInfo: [/proc/self/status]	VmRSS:	  170016 kB
20220313 044800.867 INFO             PET2 PIOc_sync Enter - MemInfo: [/proc/self/status]	VmData:	  209360 kB
20220313 044800.867 INFO             PET2 PIOc_sync Enter - MemInfo: [/proc/self/status]	VmStk:	     524 kB
20220313 044800.867 INFO             PET2 PIOc_sync Enter - MemInfo: [/proc/self/status]	VmExe:	    1668 kB
20220313 044800.867 INFO             PET2 PIOc_sync Enter - MemInfo: [/proc/self/status]	VmLib:	  174348 kB
20220313 044800.867 INFO             PET2 PIOc_sync Enter - MemInfo: [/proc/self/status]	VmPTE:	     972 kB
20220313 044800.867 INFO             PET2 PIOc_sync Enter - MemInfo: [/proc/self/status]	VmSwap:	       0 kB
20220313 044800.867 INFO             PET2 PIOc_sync Enter - MemInfo: [/proc/self/status]	VmRSSPercent: 0.0865509 %
20220313 044800.867 INFO             PET2 PIOc_sync Enter - MemInfo: [malloc] Non-mmapped space allocated:                 2142208 Byte
20220313 044800.867 INFO             PET2 PIOc_sync Enter - MemInfo: [malloc] Space allocated in mmapped regions:         84254720 Byte
20220313 044800.867 INFO             PET2 PIOc_sync Enter - MemInfo: [malloc] Maximum total allocated space:                     0 Byte
20220313 044800.867 INFO             PET2 PIOc_sync Enter - MemInfo: [malloc] Space in freed fastbin blocks:                   672 Byte
20220313 044800.867 INFO             PET2 PIOc_sync Enter - MemInfo: [malloc] Total allocated space:                       2046624 Byte
20220313 044800.867 INFO             PET2 PIOc_sync Enter - MemInfo: [malloc] Total free space:                              95584 Byte
20220313 044800.867 INFO             PET2 PIOc_sync Enter - MemInfo: [malloc] Top-most, releasable space:                    94336 Byte
20220313 044800.867 INFO             PET2 PIOc_sync Enter - MemInfo: [malloc] Total space in use, mmap + non-mmap:        86301344 Byte
20220313 044800.867 INFO             PET2 PIOc_sync Enter - MemInfo: [malloc] Total space held (mmap + non-mmap):         86396928 Byte
20220313 044800.867 INFO             PET2 PIOc_sync Enter - MemInfo: [malloc] Total space used (mmap + non-mmap):         86310736 Byte
20220313 044800.867 INFO             PET2 PIOc_sync Enter - MemInfo: Wall-clock time since execution start:               0.983262 seconds
20220313 044800.895 INFO             PET2 PIOc_sync Exit - MemInfo: [/proc/meminfo - SSI]	MemTotal:       196434604 kB
20220313 044800.895 INFO             PET2 PIOc_sync Exit - MemInfo: [/proc/meminfo - SSI]	MemFree:        182929428 kB
20220313 044800.895 INFO             PET2 PIOc_sync Exit - MemInfo: [/proc/meminfo - SSI]	MemAvailable:   191334628 kB
20220313 044800.895 INFO             PET2 PIOc_sync Exit - MemInfo: [/proc/meminfo - SSI]	Committed_AS:    1623876 kB
20220313 044800.896 INFO             PET2 PIOc_sync Exit - MemInfo: [/proc/meminfo - SSI]	CommittedPercent: 0.826675 %
20220313 044800.896 INFO             PET2 PIOc_sync Exit - MemInfo: [/proc/self/status]	VmPeak:	 3839636 kB
20220313 044800.896 INFO             PET2 PIOc_sync Exit - MemInfo: [/proc/self/status]	VmSize:	 3839636 kB
20220313 044800.896 INFO             PET2 PIOc_sync Exit - MemInfo: [/proc/self/status]	VmLck:	       0 kB
20220313 044800.896 INFO             PET2 PIOc_sync Exit - MemInfo: [/proc/self/status]	VmPin:	   79996 kB
20220313 044800.896 INFO             PET2 PIOc_sync Exit - MemInfo: [/proc/self/status]	VmHWM:	  170156 kB
20220313 044800.896 INFO             PET2 PIOc_sync Exit - MemInfo: [/proc/self/status]	VmRSS:	  170156 kB
20220313 044800.896 INFO             PET2 PIOc_sync Exit - MemInfo: [/proc/self/status]	VmData:	  209360 kB
20220313 044800.896 INFO             PET2 PIOc_sync Exit - MemInfo: [/proc/self/status]	VmStk:	     524 kB
20220313 044800.896 INFO             PET2 PIOc_sync Exit - MemInfo: [/proc/self/status]	VmExe:	    1668 kB
20220313 044800.896 INFO             PET2 PIOc_sync Exit - MemInfo: [/proc/self/status]	VmLib:	  174348 kB
20220313 044800.896 INFO             PET2 PIOc_sync Exit - MemInfo: [/proc/self/status]	VmPTE:	     972 kB
20220313 044800.896 INFO             PET2 PIOc_sync Exit - MemInfo: [/proc/self/status]	VmSwap:	       0 kB
20220313 044800.896 INFO             PET2 PIOc_sync Exit - MemInfo: [/proc/self/status]	VmRSSPercent: 0.0866222 %
20220313 044800.896 INFO             PET2 PIOc_sync Exit - MemInfo: [malloc] Non-mmapped space allocated:                 2142208 Byte
20220313 044800.896 INFO             PET2 PIOc_sync Exit - MemInfo: [malloc] Space allocated in mmapped regions:         84254720 Byte
20220313 044800.896 INFO             PET2 PIOc_sync Exit - MemInfo: [malloc] Maximum total allocated space:                     0 Byte
20220313 044800.896 INFO             PET2 PIOc_sync Exit - MemInfo: [malloc] Space in freed fastbin blocks:                   192 Byte
20220313 044800.896 INFO             PET2 PIOc_sync Exit - MemInfo: [malloc] Total allocated space:                       2045792 Byte
20220313 044800.896 INFO             PET2 PIOc_sync Exit - MemInfo: [malloc] Total free space:                              96416 Byte
20220313 044800.896 INFO             PET2 PIOc_sync Exit - MemInfo: [malloc] Top-most, releasable space:                    95760 Byte
20220313 044800.896 INFO             PET2 PIOc_sync Exit - MemInfo: [malloc] Total space in use, mmap + non-mmap:        86300512 Byte
20220313 044800.896 INFO             PET2 PIOc_sync Exit - MemInfo: [malloc] Total space held (mmap + non-mmap):         86396928 Byte
20220313 044800.896 INFO             PET2 PIOc_sync Exit - MemInfo: [malloc] Total space used (mmap + non-mmap):         86309888 Byte
20220313 044800.896 INFO             PET2 PIOc_sync Exit - MemInfo: Wall-clock time since execution start:                 1.0121 seconds
20220313 044800.896 INFO             PET2 PIOc_freedecomp Enter - MemInfo: [/proc/meminfo - SSI]	MemTotal:       196434604 kB
20220313 044800.896 INFO             PET2 PIOc_freedecomp Enter - MemInfo: [/proc/meminfo - SSI]	MemFree:        182936200 kB
20220313 044800.896 INFO             PET2 PIOc_freedecomp Enter - MemInfo: [/proc/meminfo - SSI]	MemAvailable:   191341400 kB
20220313 044800.896 INFO             PET2 PIOc_freedecomp Enter - MemInfo: [/proc/meminfo - SSI]	Committed_AS:    1616148 kB
20220313 044800.896 INFO             PET2 PIOc_freedecomp Enter - MemInfo: [/proc/meminfo - SSI]	CommittedPercent: 0.822741 %
20220313 044800.896 INFO             PET2 PIOc_freedecomp Enter - MemInfo: [/proc/self/status]	VmPeak:	 3839636 kB
20220313 044800.896 INFO             PET2 PIOc_freedecomp Enter - MemInfo: [/proc/self/status]	VmSize:	 3839636 kB
20220313 044800.897 INFO             PET2 PIOc_freedecomp Enter - MemInfo: [/proc/self/status]	VmLck:	       0 kB
