build time -- 2022-03-13 03:19:42
20220313 044723.635 INFO             PET0 !!!!!!!!!!!!!!!!!!!!!!!!!!!!!!!!!!!!!!!!!!!!!!!!!!!!!!
20220313 044723.635 INFO             PET0 !!! THE ESMF_LOG IS SET TO OUTPUT ALL LOG MESSAGES !!!
20220313 044723.635 INFO             PET0 !!!     THIS MAY CAUSE SLOWDOWN IN PERFORMANCE     !!!
20220313 044723.635 INFO             PET0 !!! FOR PRODUCTION RUNS, USE:                      !!!
20220313 044723.635 INFO             PET0 !!!                   ESMF_LOGKIND_Multi_On_Error  !!!
20220313 044723.635 INFO             PET0 !!!!!!!!!!!!!!!!!!!!!!!!!!!!!!!!!!!!!!!!!!!!!!!!!!!!!!
20220313 044723.635 INFO             PET0 Running with ESMF Version   : v8.3.0b09-96-g559b459
20220313 044723.635 INFO             PET0 ESMF library build date/time: "Mar 13 2022" "03:18:06"
20220313 044723.636 INFO             PET0 ESMF library build location : /work/noaa/da/mpotts/sandbox/intel_2020_intelmpi_g_jedwards_pio_update2
20220313 044723.636 INFO             PET0 ESMF_COMM                   : intelmpi
20220313 044723.643 INFO             PET0 ESMF_MOAB                   : enabled
20220313 044723.643 INFO             PET0 ESMF_LAPACK                 : enabled
20220313 044723.643 INFO             PET0 ESMF_NETCDF                 : enabled
20220313 044723.643 INFO             PET0 ESMF_PNETCDF                : disabled
20220313 044723.643 INFO             PET0 ESMF_PIO                    : enabled
20220313 044723.643 INFO             PET0 ESMF_YAMLCPP                : enabled
20220313 044723.687 INFO             PET0  Beginning Test, file ESMF_ArrayBundleIOUTest.F90, line 70
20220313 044723.687 INFO             PET0  NUMBER_OF_PROCESSORS           4
20220313 044723.851 INFO             PET0  PASS  ArrayCreate Allocate 2D ESMF_TYPEKIND_R8 Test, ESMF_ArrayBundleIOUTest.F90, line 109
20220313 044723.881 INFO             PET0  PASS  Obtain real Fortran Array Pointer for array 1, ESMF_ArrayBundleIOUTest.F90, line 117
20220313 044723.885 INFO             PET0  PASS  ArrayCreate Allocate 2D ESMF_TYPEKIND_I4 Test, ESMF_ArrayBundleIOUTest.F90, line 125
20220313 044723.887 INFO             PET0  PASS  Obtain integer Fortran Array Pointer for array 2, ESMF_ArrayBundleIOUTest.F90, line 133
20220313 044723.888 INFO             PET0  PASS  ArrayCreate Allocate 3D ESMF_TYPEKIND_I4 Test, ESMF_ArrayBundleIOUTest.F90, line 141
20220313 044723.888 INFO             PET0  PASS  Obtain Integer Fortran Array Pointer for array 2, ESMF_ArrayBundleIOUTest.F90, line 149
20220313 044723.888 INFO             PET0  PASS  ArrayBundleCreate Test, ESMF_ArrayBundleIOUTest.F90, line 158
20220313 044724.644 INFO             PET0 PIOc_sync Enter - MemInfo: [/proc/meminfo - SSI]	MemTotal:       196434604 kB
20220313 044724.644 INFO             PET0 PIOc_sync Enter - MemInfo: [/proc/meminfo - SSI]	MemFree:        182937556 kB
20220313 044724.644 INFO             PET0 PIOc_sync Enter - MemInfo: [/proc/meminfo - SSI]	MemAvailable:   191335288 kB
20220313 044724.644 INFO             PET0 PIOc_sync Enter - MemInfo: [/proc/meminfo - SSI]	Committed_AS:    1619864 kB
20220313 044724.644 INFO             PET0 PIOc_sync Enter - MemInfo: [/proc/meminfo - SSI]	CommittedPercent: 0.824633 %
20220313 044724.644 INFO             PET0 PIOc_sync Enter - MemInfo: [/proc/self/status]	VmPeak:	 3846612 kB
20220313 044724.644 INFO             PET0 PIOc_sync Enter - MemInfo: [/proc/self/status]	VmSize:	 3846612 kB
20220313 044724.644 INFO             PET0 PIOc_sync Enter - MemInfo: [/proc/self/status]	VmLck:	       0 kB
20220313 044724.644 INFO             PET0 PIOc_sync Enter - MemInfo: [/proc/self/status]	VmPin:	   79996 kB
20220313 044724.644 INFO             PET0 PIOc_sync Enter - MemInfo: [/proc/self/status]	VmHWM:	  178108 kB
20220313 044724.644 INFO             PET0 PIOc_sync Enter - MemInfo: [/proc/self/status]	VmRSS:	  178108 kB
20220313 044724.644 INFO             PET0 PIOc_sync Enter - MemInfo: [/proc/self/status]	VmData:	  216296 kB
20220313 044724.644 INFO             PET0 PIOc_sync Enter - MemInfo: [/proc/self/status]	VmStk:	     520 kB
20220313 044724.644 INFO             PET0 PIOc_sync Enter - MemInfo: [/proc/self/status]	VmExe:	    1712 kB
20220313 044724.644 INFO             PET0 PIOc_sync Enter - MemInfo: [/proc/self/status]	VmLib:	  174348 kB
20220313 044724.644 INFO             PET0 PIOc_sync Enter - MemInfo: [/proc/self/status]	VmPTE:	    1012 kB
20220313 044724.644 INFO             PET0 PIOc_sync Enter - MemInfo: [/proc/self/status]	VmSwap:	       0 kB
20220313 044724.644 INFO             PET0 PIOc_sync Enter - MemInfo: [/proc/self/status]	VmRSSPercent: 0.0906704 %
20220313 044724.644 INFO             PET0 PIOc_sync Enter - MemInfo: [malloc] Non-mmapped space allocated:                 2420736 Byte
20220313 044724.644 INFO             PET0 PIOc_sync Enter - MemInfo: [malloc] Space allocated in mmapped regions:         93175808 Byte
20220313 044724.644 INFO             PET0 PIOc_sync Enter - MemInfo: [malloc] Maximum total allocated space:                     0 Byte
20220313 044724.644 INFO             PET0 PIOc_sync Enter - MemInfo: [malloc] Space in freed fastbin blocks:                   384 Byte
20220313 044724.644 INFO             PET0 PIOc_sync Enter - MemInfo: [malloc] Total allocated space:                       2363168 Byte
20220313 044724.644 INFO             PET0 PIOc_sync Enter - MemInfo: [malloc] Total free space:                              57568 Byte
20220313 044724.644 INFO             PET0 PIOc_sync Enter - MemInfo: [malloc] Top-most, releasable space:                    49936 Byte
20220313 044724.644 INFO             PET0 PIOc_sync Enter - MemInfo: [malloc] Total space in use, mmap + non-mmap:        95538976 Byte
20220313 044724.644 INFO             PET0 PIOc_sync Enter - MemInfo: [malloc] Total space held (mmap + non-mmap):         95596544 Byte
20220313 044724.644 INFO             PET0 PIOc_sync Enter - MemInfo: [malloc] Total space used (mmap + non-mmap):         95548368 Byte
20220313 044724.644 INFO             PET0 PIOc_sync Enter - MemInfo: Wall-clock time since execution start:                1.52669 seconds
20220313 044724.719 INFO             PET0 PIOc_sync Exit - MemInfo: [/proc/meminfo - SSI]	MemTotal:       196434604 kB
20220313 044724.719 INFO             PET0 PIOc_sync Exit - MemInfo: [/proc/meminfo - SSI]	MemFree:        182935136 kB
20220313 044724.719 INFO             PET0 PIOc_sync Exit - MemInfo: [/proc/meminfo - SSI]	MemAvailable:   191332868 kB
20220313 044724.719 INFO             PET0 PIOc_sync Exit - MemInfo: [/proc/meminfo - SSI]	Committed_AS:    1619864 kB
20220313 044724.719 INFO             PET0 PIOc_sync Exit - MemInfo: [/proc/meminfo - SSI]	CommittedPercent: 0.824633 %
20220313 044724.719 INFO             PET0 PIOc_sync Exit - MemInfo: [/proc/self/status]	VmPeak:	 3846612 kB
20220313 044724.719 INFO             PET0 PIOc_sync Exit - MemInfo: [/proc/self/status]	VmSize:	 3846612 kB
20220313 044724.719 INFO             PET0 PIOc_sync Exit - MemInfo: [/proc/self/status]	VmLck:	       0 kB
20220313 044724.719 INFO             PET0 PIOc_sync Exit - MemInfo: [/proc/self/status]	VmPin:	   79996 kB
20220313 044724.719 INFO             PET0 PIOc_sync Exit - MemInfo: [/proc/self/status]	VmHWM:	  180448 kB
20220313 044724.719 INFO             PET0 PIOc_sync Exit - MemInfo: [/proc/self/status]	VmRSS:	  180448 kB
20220313 044724.719 INFO             PET0 PIOc_sync Exit - MemInfo: [/proc/self/status]	VmData:	  216296 kB
20220313 044724.719 INFO             PET0 PIOc_sync Exit - MemInfo: [/proc/self/status]	VmStk:	     520 kB
20220313 044724.719 INFO             PET0 PIOc_sync Exit - MemInfo: [/proc/self/status]	VmExe:	    1712 kB
20220313 044724.719 INFO             PET0 PIOc_sync Exit - MemInfo: [/proc/self/status]	VmLib:	  174348 kB
20220313 044724.719 INFO             PET0 PIOc_sync Exit - MemInfo: [/proc/self/status]	VmPTE:	    1016 kB
20220313 044724.719 INFO             PET0 PIOc_sync Exit - MemInfo: [/proc/self/status]	VmSwap:	       0 kB
20220313 044724.719 INFO             PET0 PIOc_sync Exit - MemInfo: [/proc/self/status]	VmRSSPercent: 0.0918616 %
20220313 044724.719 INFO             PET0 PIOc_sync Exit - MemInfo: [malloc] Non-mmapped space allocated:                 2420736 Byte
20220313 044724.719 INFO             PET0 PIOc_sync Exit - MemInfo: [malloc] Space allocated in mmapped regions:         93175808 Byte
20220313 044724.719 INFO             PET0 PIOc_sync Exit - MemInfo: [malloc] Maximum total allocated space:                     0 Byte
20220313 044724.719 INFO             PET0 PIOc_sync Exit - MemInfo: [malloc] Space in freed fastbin blocks:                   384 Byte
20220313 044724.719 INFO             PET0 PIOc_sync Exit - MemInfo: [malloc] Total allocated space:                       2360016 Byte
20220313 044724.719 INFO             PET0 PIOc_sync Exit - MemInfo: [malloc] Total free space:                              60720 Byte
20220313 044724.719 INFO             PET0 PIOc_sync Exit - MemInfo: [malloc] Top-most, releasable space:                    49936 Byte
20220313 044724.719 INFO             PET0 PIOc_sync Exit - MemInfo: [malloc] Total space in use, mmap + non-mmap:        95535824 Byte
20220313 044724.719 INFO             PET0 PIOc_sync Exit - MemInfo: [malloc] Total space held (mmap + non-mmap):         95596544 Byte
20220313 044724.719 INFO             PET0 PIOc_sync Exit - MemInfo: [malloc] Total space used (mmap + non-mmap):         95545216 Byte
20220313 044724.719 INFO             PET0 PIOc_sync Exit - MemInfo: Wall-clock time since execution start:                1.60149 seconds
20220313 044724.733 INFO             PET0 PIOc_freedecomp Enter - MemInfo: [/proc/meminfo - SSI]	MemTotal:       196434604 kB
20220313 044724.733 INFO             PET0 PIOc_freedecomp Enter - MemInfo: [/proc/meminfo - SSI]	MemFree:        182942396 kB
20220313 044724.733 INFO             PET0 PIOc_freedecomp Enter - MemInfo: [/proc/meminfo - SSI]	MemAvailable:   191340632 kB
20220313 044724.733 INFO             PET0 PIOc_freedecomp Enter - MemInfo: [/proc/meminfo - SSI]	Committed_AS:    1612172 kB
20220313 044724.733 INFO             PET0 PIOc_freedecomp Enter - MemInfo: [/proc/meminfo - SSI]	CommittedPercent: 0.820717 %
20220313 044724.733 INFO             PET0 PIOc_freedecomp Enter - MemInfo: [/proc/self/status]	VmPeak:	 3846612 kB
20220313 044724.733 INFO             PET0 PIOc_freedecomp Enter - MemInfo: [/proc/self/status]	VmSize:	 3837900 kB
20220313 044724.733 INFO             PET0 PIOc_freedecomp Enter - MemInfo: [/proc/self/status]	VmLck:	       0 kB
20220313 044724.733 INFO             PET0 PIOc_freedecomp Enter - MemInfo: [/proc/self/status]	VmPin:	   79996 kB
20220313 044724.733 INFO             PET0 PIOc_freedecomp Enter - MemInfo: [/proc/self/status]	VmHWM:	  180448 kB
20220313 044724.733 INFO             PET0 PIOc_freedecomp Enter - MemInfo: [/proc/self/status]	VmRSS:	  172252 kB
20220313 044724.733 INFO             PET0 PIOc_freedecomp Enter - MemInfo: [/proc/self/status]	VmData:	  207584 kB
20220313 044724.733 INFO             PET0 PIOc_freedecomp Enter - MemInfo: [/proc/self/status]	VmStk:	     520 kB
20220313 044724.733 INFO             PET0 PIOc_freedecomp Enter - MemInfo: [/proc/self/status]	VmExe:	    1712 kB
20220313 044724.733 INFO             PET0 PIOc_freedecomp Enter - MemInfo: [/proc/self/status]	VmLib:	  174348 kB
20220313 044724.733 INFO             PET0 PIOc_freedecomp Enter - MemInfo: [/proc/self/status]	VmPTE:	    1000 kB
20220313 044724.733 INFO             PET0 PIOc_freedecomp Enter - MemInfo: [/proc/self/status]	VmSwap:	       0 kB
20220313 044724.733 INFO             PET0 PIOc_freedecomp Enter - MemInfo: [/proc/self/status]	VmRSSPercent: 0.0876892 %
20220313 044724.733 INFO             PET0 PIOc_freedecomp Enter - MemInfo: [malloc] Non-mmapped space allocated:                 2420736 Byte
20220313 044724.733 INFO             PET0 PIOc_freedecomp Enter - MemInfo: [malloc] Space allocated in mmapped regions:         84254720 Byte
20220313 044724.733 INFO             PET0 PIOc_freedecomp Enter - MemInfo: [malloc] Maximum total allocated space:                     0 Byte
20220313 044724.733 INFO             PET0 PIOc_freedecomp Enter - MemInfo: [malloc] Space in freed fastbin blocks:                  2592 Byte
20220313 044724.733 INFO             PET0 PIOc_freedecomp Enter - MemInfo: [malloc] Total allocated space:                       2345248 Byte
20220313 044724.733 INFO             PET0 PIOc_freedecomp Enter - MemInfo: [malloc] Total free space:                              75488 Byte
20220313 044724.733 INFO             PET0 PIOc_freedecomp Enter - MemInfo: [malloc] Top-most, releasable space:                    49936 Byte
20220313 044724.733 INFO             PET0 PIOc_freedecomp Enter - MemInfo: [malloc] Total space in use, mmap + non-mmap:        86599968 Byte
20220313 044724.733 INFO             PET0 PIOc_freedecomp Enter - MemInfo: [malloc] Total space held (mmap + non-mmap):         86675456 Byte
20220313 044724.733 INFO             PET0 PIOc_freedecomp Enter - MemInfo: [malloc] Total space used (mmap + non-mmap):         86609360 Byte
20220313 044724.733 INFO             PET0 PIOc_freedecomp Enter - MemInfo: Wall-clock time since execution start:                1.61562 seconds
20220313 044724.734 INFO             PET0 PIOc_freedecomp Exit - MemInfo: [/proc/meminfo - SSI]	MemTotal:       196434604 kB
20220313 044724.734 INFO             PET0 PIOc_freedecomp Exit - MemInfo: [/proc/meminfo - SSI]	MemFree:        182942396 kB
20220313 044724.734 INFO             PET0 PIOc_freedecomp Exit - MemInfo: [/proc/meminfo - SSI]	MemAvailable:   191340632 kB
20220313 044724.734 INFO             PET0 PIOc_freedecomp Exit - MemInfo: [/proc/meminfo - SSI]	Committed_AS:    1612172 kB
20220313 044724.734 INFO             PET0 PIOc_freedecomp Exit - MemInfo: [/proc/meminfo - SSI]	CommittedPercent: 0.820717 %
20220313 044724.734 INFO             PET0 PIOc_freedecomp Exit - MemInfo: [/proc/self/status]	VmPeak:	 3846612 kB
20220313 044724.734 INFO             PET0 PIOc_freedecomp Exit - MemInfo: [/proc/self/status]	VmSize:	 3837900 kB
20220313 044724.734 INFO             PET0 PIOc_freedecomp Exit - MemInfo: [/proc/self/status]	VmLck:	       0 kB
20220313 044724.734 INFO             PET0 PIOc_freedecomp Exit - MemInfo: [/proc/self/status]	VmPin:	   79996 kB
20220313 044724.734 INFO             PET0 PIOc_freedecomp Exit - MemInfo: [/proc/self/status]	VmHWM:	  180448 kB
20220313 044724.734 INFO             PET0 PIOc_freedecomp Exit - MemInfo: [/proc/self/status]	VmRSS:	  172256 kB
20220313 044724.734 INFO             PET0 PIOc_freedecomp Exit - MemInfo: [/proc/self/status]	VmData:	  207584 kB
20220313 044724.734 INFO             PET0 PIOc_freedecomp Exit - MemInfo: [/proc/self/status]	VmStk:	     520 kB
20220313 044724.734 INFO             PET0 PIOc_freedecomp Exit - MemInfo: [/proc/self/status]	VmExe:	    1712 kB
20220313 044724.734 INFO             PET0 PIOc_freedecomp Exit - MemInfo: [/proc/self/status]	VmLib:	  174348 kB
20220313 044724.734 INFO             PET0 PIOc_freedecomp Exit - MemInfo: [/proc/self/status]	VmPTE:	    1000 kB
20220313 044724.734 INFO             PET0 PIOc_freedecomp Exit - MemInfo: [/proc/self/status]	VmSwap:	       0 kB
20220313 044724.734 INFO             PET0 PIOc_freedecomp Exit - MemInfo: [/proc/self/status]	VmRSSPercent: 0.0876913 %
20220313 044724.734 INFO             PET0 PIOc_freedecomp Exit - MemInfo: [malloc] Non-mmapped space allocated:                 2420736 Byte
20220313 044724.734 INFO             PET0 PIOc_freedecomp Exit - MemInfo: [malloc] Space allocated in mmapped regions:         84254720 Byte
20220313 044724.734 INFO             PET0 PIOc_freedecomp Exit - MemInfo: [malloc] Maximum total allocated space:                     0 Byte
20220313 044724.734 INFO             PET0 PIOc_freedecomp Exit - MemInfo: [malloc] Space in freed fastbin blocks:                   352 Byte
20220313 044724.734 INFO             PET0 PIOc_freedecomp Exit - MemInfo: [malloc] Total allocated space:                       2331632 Byte
20220313 044724.734 INFO             PET0 PIOc_freedecomp Exit - MemInfo: [malloc] Total free space:                              89104 Byte
20220313 044724.734 INFO             PET0 PIOc_freedecomp Exit - MemInfo: [malloc] Top-most, releasable space:                    68672 Byte
20220313 044724.734 INFO             PET0 PIOc_freedecomp Exit - MemInfo: [malloc] Total space in use, mmap + non-mmap:        86586352 Byte
20220313 044724.734 INFO             PET0 PIOc_freedecomp Exit - MemInfo: [malloc] Total space held (mmap + non-mmap):         86675456 Byte
20220313 044724.734 INFO             PET0 PIOc_freedecomp Exit - MemInfo: [malloc] Total space used (mmap + non-mmap):         86595744 Byte
20220313 044724.734 INFO             PET0 PIOc_freedecomp Exit - MemInfo: Wall-clock time since execution start:                1.61655 seconds
20220313 044724.735 INFO             PET0 PIOc_freedecomp Enter - MemInfo: [/proc/meminfo - SSI]	MemTotal:       196434604 kB
20220313 044724.735 INFO             PET0 PIOc_freedecomp Enter - MemInfo: [/proc/meminfo - SSI]	MemFree:        182942396 kB
20220313 044724.735 INFO             PET0 PIOc_freedecomp Enter - MemInfo: [/proc/meminfo - SSI]	MemAvailable:   191340632 kB
20220313 044724.735 INFO             PET0 PIOc_freedecomp Enter - MemInfo: [/proc/meminfo - SSI]	Committed_AS:    1612172 kB
20220313 044724.735 INFO             PET0 PIOc_freedecomp Enter - MemInfo: [/proc/meminfo - SSI]	CommittedPercent: 0.820717 %
20220313 044724.735 INFO             PET0 PIOc_freedecomp Enter - MemInfo: [/proc/self/status]	VmPeak:	 3846612 kB
20220313 044724.735 INFO             PET0 PIOc_freedecomp Enter - MemInfo: [/proc/self/status]	VmSize:	 3837900 kB
20220313 044724.735 INFO             PET0 PIOc_freedecomp Enter - MemInfo: [/proc/self/status]	VmLck:	       0 kB
20220313 044724.735 INFO             PET0 PIOc_freedecomp Enter - MemInfo: [/proc/self/status]	VmPin:	   79996 kB
20220313 044724.735 INFO             PET0 PIOc_freedecomp Enter - MemInfo: [/proc/self/status]	VmHWM:	  180448 kB
20220313 044724.735 INFO             PET0 PIOc_freedecomp Enter - MemInfo: [/proc/self/status]	VmRSS:	  172256 kB
20220313 044724.735 INFO             PET0 PIOc_freedecomp Enter - MemInfo: [/proc/self/status]	VmData:	  207584 kB
20220313 044724.735 INFO             PET0 PIOc_freedecomp Enter - MemInfo: [/proc/self/status]	VmStk:	     520 kB
20220313 044724.735 INFO             PET0 PIOc_freedecomp Enter - MemInfo: [/proc/self/status]	VmExe:	    1712 kB
20220313 044724.735 INFO             PET0 PIOc_freedecomp Enter - MemInfo: [/proc/self/status]	VmLib:	  174348 kB
20220313 044724.735 INFO             PET0 PIOc_freedecomp Enter - MemInfo: [/proc/self/status]	VmPTE:	    1000 kB
20220313 044724.735 INFO             PET0 PIOc_freedecomp Enter - MemInfo: [/proc/self/status]	VmSwap:	       0 kB
20220313 044724.735 INFO             PET0 PIOc_freedecomp Enter - MemInfo: [/proc/self/status]	VmRSSPercent: 0.0876913 %
20220313 044724.735 INFO             PET0 PIOc_freedecomp Enter - MemInfo: [malloc] Non-mmapped space allocated:                 2420736 Byte
20220313 044724.735 INFO             PET0 PIOc_freedecomp Enter - MemInfo: [malloc] Space allocated in mmapped regions:         84254720 Byte
20220313 044724.735 INFO             PET0 PIOc_freedecomp Enter - MemInfo: [malloc] Maximum total allocated space:                     0 Byte
20220313 044724.735 INFO             PET0 PIOc_freedecomp Enter - MemInfo: [malloc] Space in freed fastbin blocks:                   496 Byte
20220313 044724.735 INFO             PET0 PIOc_freedecomp Enter - MemInfo: [malloc] Total allocated space:                       2331504 Byte
20220313 044724.735 INFO             PET0 PIOc_freedecomp Enter - MemInfo: [malloc] Total free space:                              89232 Byte
20220313 044724.735 INFO             PET0 PIOc_freedecomp Enter - MemInfo: [malloc] Top-most, releasable space:                    68672 Byte
20220313 044724.735 INFO             PET0 PIOc_freedecomp Enter - MemInfo: [malloc] Total space in use, mmap + non-mmap:        86586224 Byte
20220313 044724.735 INFO             PET0 PIOc_freedecomp Enter - MemInfo: [malloc] Total space held (mmap + non-mmap):         86675456 Byte
20220313 044724.735 INFO             PET0 PIOc_freedecomp Enter - MemInfo: [malloc] Total space used (mmap + non-mmap):         86595616 Byte
20220313 044724.735 INFO             PET0 PIOc_freedecomp Enter - MemInfo: Wall-clock time since execution start:                1.61741 seconds
20220313 044724.736 INFO             PET0 PIOc_freedecomp Exit - MemInfo: [/proc/meminfo - SSI]	MemTotal:       196434604 kB
20220313 044724.736 INFO             PET0 PIOc_freedecomp Exit - MemInfo: [/proc/meminfo - SSI]	MemFree:        182942396 kB
20220313 044724.736 INFO             PET0 PIOc_freedecomp Exit - MemInfo: [/proc/meminfo - SSI]	MemAvailable:   191340632 kB
20220313 044724.736 INFO             PET0 PIOc_freedecomp Exit - MemInfo: [/proc/meminfo - SSI]	Committed_AS:    1612172 kB
20220313 044724.736 INFO             PET0 PIOc_freedecomp Exit - MemInfo: [/proc/meminfo - SSI]	CommittedPercent: 0.820717 %
20220313 044724.736 INFO             PET0 PIOc_freedecomp Exit - MemInfo: [/proc/self/status]	VmPeak:	 3846612 kB
20220313 044724.736 INFO             PET0 PIOc_freedecomp Exit - MemInfo: [/proc/self/status]	VmSize:	 3837900 kB
20220313 044724.736 INFO             PET0 PIOc_freedecomp Exit - MemInfo: [/proc/self/status]	VmLck:	       0 kB
20220313 044724.736 INFO             PET0 PIOc_freedecomp Exit - MemInfo: [/proc/self/status]	VmPin:	   79996 kB
20220313 044724.736 INFO             PET0 PIOc_freedecomp Exit - MemInfo: [/proc/self/status]	VmHWM:	  180448 kB
20220313 044724.736 INFO             PET0 PIOc_freedecomp Exit - MemInfo: [/proc/self/status]	VmRSS:	  172256 kB
20220313 044724.736 INFO             PET0 PIOc_freedecomp Exit - MemInfo: [/proc/self/status]	VmData:	  207584 kB
20220313 044724.736 INFO             PET0 PIOc_freedecomp Exit - MemInfo: [/proc/self/status]	VmStk:	     520 kB
20220313 044724.736 INFO             PET0 PIOc_freedecomp Exit - MemInfo: [/proc/self/status]	VmExe:	    1712 kB
20220313 044724.736 INFO             PET0 PIOc_freedecomp Exit - MemInfo: [/proc/self/status]	VmLib:	  174348 kB
20220313 044724.736 INFO             PET0 PIOc_freedecomp Exit - MemInfo: [/proc/self/status]	VmPTE:	    1000 kB
20220313 044724.736 INFO             PET0 PIOc_freedecomp Exit - MemInfo: [/proc/self/status]	VmSwap:	       0 kB
20220313 044724.736 INFO             PET0 PIOc_freedecomp Exit - MemInfo: [/proc/self/status]	VmRSSPercent: 0.0876913 %
20220313 044724.736 INFO             PET0 PIOc_freedecomp Exit - MemInfo: [malloc] Non-mmapped space allocated:                 2420736 Byte
20220313 044724.736 INFO             PET0 PIOc_freedecomp Exit - MemInfo: [malloc] Space allocated in mmapped regions:         84254720 Byte
20220313 044724.736 INFO             PET0 PIOc_freedecomp Exit - MemInfo: [malloc] Maximum total allocated space:                     0 Byte
20220313 044724.736 INFO             PET0 PIOc_freedecomp Exit - MemInfo: [malloc] Space in freed fastbin blocks:                   224 Byte
20220313 044724.736 INFO             PET0 PIOc_freedecomp Exit - MemInfo: [malloc] Total allocated space:                       2326528 Byte
20220313 044724.736 INFO             PET0 PIOc_freedecomp Exit - MemInfo: [malloc] Total free space:                              94208 Byte
20220313 044724.736 INFO             PET0 PIOc_freedecomp Exit - MemInfo: [malloc] Top-most, releasable space:                    75712 Byte
20220313 044724.736 INFO             PET0 PIOc_freedecomp Exit - MemInfo: [malloc] Total space in use, mmap + non-mmap:        86581248 Byte
20220313 044724.736 INFO             PET0 PIOc_freedecomp Exit - MemInfo: [malloc] Total space held (mmap + non-mmap):         86675456 Byte
20220313 044724.736 INFO             PET0 PIOc_freedecomp Exit - MemInfo: [malloc] Total space used (mmap + non-mmap):         86590624 Byte
20220313 044724.736 INFO             PET0 PIOc_freedecomp Exit - MemInfo: Wall-clock time since execution start:                1.61829 seconds
20220313 044724.736 INFO             PET0 PIOc_freedecomp Enter - MemInfo: [/proc/meminfo - SSI]	MemTotal:       196434604 kB
20220313 044724.736 INFO             PET0 PIOc_freedecomp Enter - MemInfo: [/proc/meminfo - SSI]	MemFree:        182942396 kB
20220313 044724.736 INFO             PET0 PIOc_freedecomp Enter - MemInfo: [/proc/meminfo - SSI]	MemAvailable:   191340632 kB
20220313 044724.737 INFO             PET0 PIOc_freedecomp Enter - MemInfo: [/proc/meminfo - SSI]	Committed_AS:    1612172 kB
20220313 044724.737 INFO             PET0 PIOc_freedecomp Enter - MemInfo: [/proc/meminfo - SSI]	CommittedPercent: 0.820717 %
20220313 044724.737 INFO             PET0 PIOc_freedecomp Enter - MemInfo: [/proc/self/status]	VmPeak:	 3846612 kB
20220313 044724.737 INFO             PET0 PIOc_freedecomp Enter - MemInfo: [/proc/self/status]	VmSize:	 3837900 kB
20220313 044724.737 INFO             PET0 PIOc_freedecomp Enter - MemInfo: [/proc/self/status]	VmLck:	       0 kB
20220313 044724.737 INFO             PET0 PIOc_freedecomp Enter - MemInfo: [/proc/self/status]	VmPin:	   79996 kB
20220313 044724.737 INFO             PET0 PIOc_freedecomp Enter - MemInfo: [/proc/self/status]	VmHWM:	  180448 kB
20220313 044724.737 INFO             PET0 PIOc_freedecomp Enter - MemInfo: [/proc/self/status]	VmRSS:	  172256 kB
20220313 044724.737 INFO             PET0 PIOc_freedecomp Enter - MemInfo: [/proc/self/status]	VmData:	  207584 kB
20220313 044724.737 INFO             PET0 PIOc_freedecomp Enter - MemInfo: [/proc/self/status]	VmStk:	     520 kB
20220313 044724.737 INFO             PET0 PIOc_freedecomp Enter - MemInfo: [/proc/self/status]	VmExe:	    1712 kB
20220313 044724.737 INFO             PET0 PIOc_freedecomp Enter - MemInfo: [/proc/self/status]	VmLib:	  174348 kB
20220313 044724.737 INFO             PET0 PIOc_freedecomp Enter - MemInfo: [/proc/self/status]	VmPTE:	    1000 kB
20220313 044724.737 INFO             PET0 PIOc_freedecomp Enter - MemInfo: [/proc/self/status]	VmSwap:	       0 kB
20220313 044724.737 INFO             PET0 PIOc_freedecomp Enter - MemInfo: [/proc/self/status]	VmRSSPercent: 0.0876913 %
20220313 044724.737 INFO             PET0 PIOc_freedecomp Enter - MemInfo: [malloc] Non-mmapped space allocated:                 2420736 Byte
20220313 044724.737 INFO             PET0 PIOc_freedecomp Enter - MemInfo: [malloc] Space allocated in mmapped regions:         84254720 Byte
20220313 044724.737 INFO             PET0 PIOc_freedecomp Enter - MemInfo: [malloc] Maximum total allocated space:                     0 Byte
20220313 044724.737 INFO             PET0 PIOc_freedecomp Enter - MemInfo: [malloc] Space in freed fastbin blocks:                   496 Byte
20220313 044724.737 INFO             PET0 PIOc_freedecomp Enter - MemInfo: [malloc] Total allocated space:                       2326400 Byte
20220313 044724.737 INFO             PET0 PIOc_freedecomp Enter - MemInfo: [malloc] Total free space:                              94336 Byte
20220313 044724.737 INFO             PET0 PIOc_freedecomp Enter - MemInfo: [malloc] Top-most, releasable space:                    75712 Byte
20220313 044724.737 INFO             PET0 PIOc_freedecomp Enter - MemInfo: [malloc] Total space in use, mmap + non-mmap:        86581120 Byte
20220313 044724.737 INFO             PET0 PIOc_freedecomp Enter - MemInfo: [malloc] Total space held (mmap + non-mmap):         86675456 Byte
20220313 044724.737 INFO             PET0 PIOc_freedecomp Enter - MemInfo: [malloc] Total space used (mmap + non-mmap):         86590496 Byte
20220313 044724.737 INFO             PET0 PIOc_freedecomp Enter - MemInfo: Wall-clock time since execution start:                1.61921 seconds
20220313 044724.737 INFO             PET0 PIOc_freedecomp Exit - MemInfo: [/proc/meminfo - SSI]	MemTotal:       196434604 kB
20220313 044724.737 INFO             PET0 PIOc_freedecomp Exit - MemInfo: [/proc/meminfo - SSI]	MemFree:        182942396 kB
20220313 044724.737 INFO             PET0 PIOc_freedecomp Exit - MemInfo: [/proc/meminfo - SSI]	MemAvailable:   191340632 kB
20220313 044724.737 INFO             PET0 PIOc_freedecomp Exit - MemInfo: [/proc/meminfo - SSI]	Committed_AS:    1612172 kB
20220313 044724.737 INFO             PET0 PIOc_freedecomp Exit - MemInfo: [/proc/meminfo - SSI]	CommittedPercent: 0.820717 %
20220313 044724.737 INFO             PET0 PIOc_freedecomp Exit - MemInfo: [/proc/self/status]	VmPeak:	 3846612 kB
20220313 044724.737 INFO             PET0 PIOc_freedecomp Exit - MemInfo: [/proc/self/status]	VmSize:	 3837900 kB
20220313 044724.737 INFO             PET0 PIOc_freedecomp Exit - MemInfo: [/proc/self/status]	VmLck:	       0 kB
20220313 044724.738 INFO             PET0 PIOc_freedecomp Exit - MemInfo: [/proc/self/status]	VmPin:	   79996 kB
20220313 044724.738 INFO             PET0 PIOc_freedecomp Exit - MemInfo: [/proc/self/status]	VmHWM:	  180448 kB
20220313 044724.738 INFO             PET0 PIOc_freedecomp Exit - MemInfo: [/proc/self/status]	VmRSS:	  172256 kB
20220313 044724.738 INFO             PET0 PIOc_freedecomp Exit - MemInfo: [/proc/self/status]	VmData:	  207584 kB
20220313 044724.738 INFO             PET0 PIOc_freedecomp Exit - MemInfo: [/proc/self/status]	VmStk:	     520 kB
20220313 044724.738 INFO             PET0 PIOc_freedecomp Exit - MemInfo: [/proc/self/status]	VmExe:	    1712 kB
20220313 044724.738 INFO             PET0 PIOc_freedecomp Exit - MemInfo: [/proc/self/status]	VmLib:	  174348 kB
20220313 044724.738 INFO             PET0 PIOc_freedecomp Exit - MemInfo: [/proc/self/status]	VmPTE:	    1000 kB
20220313 044724.738 INFO             PET0 PIOc_freedecomp Exit - MemInfo: [/proc/self/status]	VmSwap:	       0 kB
20220313 044724.738 INFO             PET0 PIOc_freedecomp Exit - MemInfo: [/proc/self/status]	VmRSSPercent: 0.0876913 %
20220313 044724.738 INFO             PET0 PIOc_freedecomp Exit - MemInfo: [malloc] Non-mmapped space allocated:                 2420736 Byte
20220313 044724.738 INFO             PET0 PIOc_freedecomp Exit - MemInfo: [malloc] Space allocated in mmapped regions:         84254720 Byte
20220313 044724.738 INFO             PET0 PIOc_freedecomp Exit - MemInfo: [malloc] Maximum total allocated space:                     0 Byte
20220313 044724.738 INFO             PET0 PIOc_freedecomp Exit - MemInfo: [malloc] Space in freed fastbin blocks:                   656 Byte
20220313 044724.738 INFO             PET0 PIOc_freedecomp Exit - MemInfo: [malloc] Total allocated space:                       2320816 Byte
20220313 044724.738 INFO             PET0 PIOc_freedecomp Exit - MemInfo: [malloc] Total free space:                              99920 Byte
20220313 044724.738 INFO             PET0 PIOc_freedecomp Exit - MemInfo: [malloc] Top-most, releasable space:                    75712 Byte
20220313 044724.738 INFO             PET0 PIOc_freedecomp Exit - MemInfo: [malloc] Total space in use, mmap + non-mmap:        86575536 Byte
20220313 044724.738 INFO             PET0 PIOc_freedecomp Exit - MemInfo: [malloc] Total space held (mmap + non-mmap):         86675456 Byte
20220313 044724.738 INFO             PET0 PIOc_freedecomp Exit - MemInfo: [malloc] Total space used (mmap + non-mmap):         86584912 Byte
20220313 044724.738 INFO             PET0 PIOc_freedecomp Exit - MemInfo: Wall-clock time since execution start:                1.62007 seconds
20220313 044724.738 INFO             PET0  PASS  ArrayBundleWrite Single file Test, ESMF_ArrayBundleIOUTest.F90, line 167
20220313 044725.547 INFO             PET0 PIOc_sync Enter - MemInfo: [/proc/meminfo - SSI]	MemTotal:       196434604 kB
20220313 044725.547 INFO             PET0 PIOc_sync Enter - MemInfo: [/proc/meminfo - SSI]	MemFree:        182935228 kB
20220313 044725.547 INFO             PET0 PIOc_sync Enter - MemInfo: [/proc/meminfo - SSI]	MemAvailable:   191333464 kB
20220313 044725.547 INFO             PET0 PIOc_sync Enter - MemInfo: [/proc/meminfo - SSI]	Committed_AS:    1620408 kB
20220313 044725.547 INFO             PET0 PIOc_sync Enter - MemInfo: [/proc/meminfo - SSI]	CommittedPercent: 0.82491 %
20220313 044725.547 INFO             PET0 PIOc_sync Enter - MemInfo: [/proc/self/status]	VmPeak:	 3846644 kB
20220313 044725.547 INFO             PET0 PIOc_sync Enter - MemInfo: [/proc/self/status]	VmSize:	 3846644 kB
20220313 044725.547 INFO             PET0 PIOc_sync Enter - MemInfo: [/proc/self/status]	VmLck:	       0 kB
20220313 044725.547 INFO             PET0 PIOc_sync Enter - MemInfo: [/proc/self/status]	VmPin:	   79996 kB
20220313 044725.547 INFO             PET0 PIOc_sync Enter - MemInfo: [/proc/self/status]	VmHWM:	  180680 kB
20220313 044725.547 INFO             PET0 PIOc_sync Enter - MemInfo: [/proc/self/status]	VmRSS:	  180676 kB
20220313 044725.547 INFO             PET0 PIOc_sync Enter - MemInfo: [/proc/self/status]	VmData:	  216328 kB
20220313 044725.547 INFO             PET0 PIOc_sync Enter - MemInfo: [/proc/self/status]	VmStk:	     520 kB
20220313 044725.547 INFO             PET0 PIOc_sync Enter - MemInfo: [/proc/self/status]	VmExe:	    1712 kB
20220313 044725.547 INFO             PET0 PIOc_sync Enter - MemInfo: [/proc/self/status]	VmLib:	  174348 kB
20220313 044725.547 INFO             PET0 PIOc_sync Enter - MemInfo: [/proc/self/status]	VmPTE:	    1016 kB
20220313 044725.547 INFO             PET0 PIOc_sync Enter - MemInfo: [/proc/self/status]	VmSwap:	       0 kB
20220313 044725.547 INFO             PET0 PIOc_sync Enter - MemInfo: [/proc/self/status]	VmRSSPercent: 0.0919777 %
20220313 044725.547 INFO             PET0 PIOc_sync Enter - MemInfo: [malloc] Non-mmapped space allocated:                11374592 Byte
20220313 044725.547 INFO             PET0 PIOc_sync Enter - MemInfo: [malloc] Space allocated in mmapped regions:         84254720 Byte
20220313 044725.547 INFO             PET0 PIOc_sync Enter - MemInfo: [malloc] Maximum total allocated space:                     0 Byte
20220313 044725.547 INFO             PET0 PIOc_sync Enter - MemInfo: [malloc] Space in freed fastbin blocks:                   368 Byte
20220313 044725.547 INFO             PET0 PIOc_sync Enter - MemInfo: [malloc] Total allocated space:                      11276368 Byte
20220313 044725.547 INFO             PET0 PIOc_sync Enter - MemInfo: [malloc] Total free space:                              98224 Byte
20220313 044725.547 INFO             PET0 PIOc_sync Enter - MemInfo: [malloc] Top-most, releasable space:                    90688 Byte
20220313 044725.547 INFO             PET0 PIOc_sync Enter - MemInfo: [malloc] Total space in use, mmap + non-mmap:        95531088 Byte
20220313 044725.547 INFO             PET0 PIOc_sync Enter - MemInfo: [malloc] Total space held (mmap + non-mmap):         95629312 Byte
20220313 044725.547 INFO             PET0 PIOc_sync Enter - MemInfo: [malloc] Total space used (mmap + non-mmap):         95540464 Byte
20220313 044725.547 INFO             PET0 PIOc_sync Enter - MemInfo: Wall-clock time since execution start:                2.42736 seconds
20220313 044725.634 INFO             PET0 PIOc_sync Exit - MemInfo: [/proc/meminfo - SSI]	MemTotal:       196434604 kB
20220313 044725.634 INFO             PET0 PIOc_sync Exit - MemInfo: [/proc/meminfo - SSI]	MemFree:        182935228 kB
20220313 044725.634 INFO             PET0 PIOc_sync Exit - MemInfo: [/proc/meminfo - SSI]	MemAvailable:   191333464 kB
20220313 044725.634 INFO             PET0 PIOc_sync Exit - MemInfo: [/proc/meminfo - SSI]	Committed_AS:    1620408 kB
20220313 044725.634 INFO             PET0 PIOc_sync Exit - MemInfo: [/proc/meminfo - SSI]	CommittedPercent: 0.82491 %
20220313 044725.634 INFO             PET0 PIOc_sync Exit - MemInfo: [/proc/self/status]	VmPeak:	 3846644 kB
20220313 044725.634 INFO             PET0 PIOc_sync Exit - MemInfo: [/proc/self/status]	VmSize:	 3846644 kB
20220313 044725.634 INFO             PET0 PIOc_sync Exit - MemInfo: [/proc/self/status]	VmLck:	       0 kB
20220313 044725.634 INFO             PET0 PIOc_sync Exit - MemInfo: [/proc/self/status]	VmPin:	   79996 kB
20220313 044725.634 INFO             PET0 PIOc_sync Exit - MemInfo: [/proc/self/status]	VmHWM:	  180752 kB
20220313 044725.634 INFO             PET0 PIOc_sync Exit - MemInfo: [/proc/self/status]	VmRSS:	  180752 kB
20220313 044725.634 INFO             PET0 PIOc_sync Exit - MemInfo: [/proc/self/status]	VmData:	  216328 kB
20220313 044725.634 INFO             PET0 PIOc_sync Exit - MemInfo: [/proc/self/status]	VmStk:	     520 kB
20220313 044725.634 INFO             PET0 PIOc_sync Exit - MemInfo: [/proc/self/status]	VmExe:	    1712 kB
20220313 044725.634 INFO             PET0 PIOc_sync Exit - MemInfo: [/proc/self/status]	VmLib:	  174348 kB
20220313 044725.634 INFO             PET0 PIOc_sync Exit - MemInfo: [/proc/self/status]	VmPTE:	    1016 kB
20220313 044725.634 INFO             PET0 PIOc_sync Exit - MemInfo: [/proc/self/status]	VmSwap:	       0 kB
20220313 044725.634 INFO             PET0 PIOc_sync Exit - MemInfo: [/proc/self/status]	VmRSSPercent: 0.0920164 %
20220313 044725.634 INFO             PET0 PIOc_sync Exit - MemInfo: [malloc] Non-mmapped space allocated:                11374592 Byte
20220313 044725.634 INFO             PET0 PIOc_sync Exit - MemInfo: [malloc] Space allocated in mmapped regions:         84254720 Byte
20220313 044725.634 INFO             PET0 PIOc_sync Exit - MemInfo: [malloc] Maximum total allocated space:                     0 Byte
20220313 044725.634 INFO             PET0 PIOc_sync Exit - MemInfo: [malloc] Space in freed fastbin blocks:                   400 Byte
20220313 044725.634 INFO             PET0 PIOc_sync Exit - MemInfo: [malloc] Total allocated space:                      11273056 Byte
20220313 044725.634 INFO             PET0 PIOc_sync Exit - MemInfo: [malloc] Total free space:                             101536 Byte
20220313 044725.634 INFO             PET0 PIOc_sync Exit - MemInfo: [malloc] Top-most, releasable space:                    90688 Byte
20220313 044725.634 INFO             PET0 PIOc_sync Exit - MemInfo: [malloc] Total space in use, mmap + non-mmap:        95527776 Byte
20220313 044725.634 INFO             PET0 PIOc_sync Exit - MemInfo: [malloc] Total space held (mmap + non-mmap):         95629312 Byte
20220313 044725.634 INFO             PET0 PIOc_sync Exit - MemInfo: [malloc] Total space used (mmap + non-mmap):         95537152 Byte
20220313 044725.634 INFO             PET0 PIOc_sync Exit - MemInfo: Wall-clock time since execution start:                2.51441 seconds
20220313 044725.635 INFO             PET0 PIOc_freedecomp Enter - MemInfo: [/proc/meminfo - SSI]	MemTotal:       196434604 kB
20220313 044725.635 INFO             PET0 PIOc_freedecomp Enter - MemInfo: [/proc/meminfo - SSI]	MemFree:        182935228 kB
20220313 044725.635 INFO             PET0 PIOc_freedecomp Enter - MemInfo: [/proc/meminfo - SSI]	MemAvailable:   191333464 kB
20220313 044725.635 INFO             PET0 PIOc_freedecomp Enter - MemInfo: [/proc/meminfo - SSI]	Committed_AS:    1620408 kB
20220313 044725.635 INFO             PET0 PIOc_freedecomp Enter - MemInfo: [/proc/meminfo - SSI]	CommittedPercent: 0.82491 %
20220313 044725.635 INFO             PET0 PIOc_freedecomp Enter - MemInfo: [/proc/self/status]	VmPeak:	 3846644 kB
20220313 044725.635 INFO             PET0 PIOc_freedecomp Enter - MemInfo: [/proc/self/status]	VmSize:	 3846644 kB
20220313 044725.635 INFO             PET0 PIOc_freedecomp Enter - MemInfo: [/proc/self/status]	VmLck:	       0 kB
20220313 044725.635 INFO             PET0 PIOc_freedecomp Enter - MemInfo: [/proc/self/status]	VmPin:	   79996 kB
20220313 044725.635 INFO             PET0 PIOc_freedecomp Enter - MemInfo: [/proc/self/status]	VmHWM:	  180752 kB
20220313 044725.635 INFO             PET0 PIOc_freedecomp Enter - MemInfo: [/proc/self/status]	VmRSS:	  180752 kB
20220313 044725.635 INFO             PET0 PIOc_freedecomp Enter - MemInfo: [/proc/self/status]	VmData:	  216328 kB
20220313 044725.635 INFO             PET0 PIOc_freedecomp Enter - MemInfo: [/proc/self/status]	VmStk:	     520 kB
20220313 044725.635 INFO             PET0 PIOc_freedecomp Enter - MemInfo: [/proc/self/status]	VmExe:	    1712 kB
20220313 044725.635 INFO             PET0 PIOc_freedecomp Enter - MemInfo: [/proc/self/status]	VmLib:	  174348 kB
20220313 044725.635 INFO             PET0 PIOc_freedecomp Enter - MemInfo: [/proc/self/status]	VmPTE:	    1016 kB
20220313 044725.635 INFO             PET0 PIOc_freedecomp Enter - MemInfo: [/proc/self/status]	VmSwap:	       0 kB
20220313 044725.635 INFO             PET0 PIOc_freedecomp Enter - MemInfo: [/proc/self/status]	VmRSSPercent: 0.0920164 %
20220313 044725.635 INFO             PET0 PIOc_freedecomp Enter - MemInfo: [malloc] Non-mmapped space allocated:                11374592 Byte
20220313 044725.635 INFO             PET0 PIOc_freedecomp Enter - MemInfo: [malloc] Space allocated in mmapped regions:         84254720 Byte
20220313 044725.635 INFO             PET0 PIOc_freedecomp Enter - MemInfo: [malloc] Maximum total allocated space:                     0 Byte
20220313 044725.635 INFO             PET0 PIOc_freedecomp Enter - MemInfo: [malloc] Space in freed fastbin blocks:                   320 Byte
20220313 044725.635 INFO             PET0 PIOc_freedecomp Enter - MemInfo: [malloc] Total allocated space:                       2345232 Byte
20220313 044725.635 INFO             PET0 PIOc_freedecomp Enter - MemInfo: [malloc] Total free space:                            9029360 Byte
20220313 044725.635 INFO             PET0 PIOc_freedecomp Enter - MemInfo: [malloc] Top-most, releasable space:                    90688 Byte
20220313 044725.636 INFO             PET0 PIOc_freedecomp Enter - MemInfo: [malloc] Total space in use, mmap + non-mmap:        86599952 Byte
20220313 044725.636 INFO             PET0 PIOc_freedecomp Enter - MemInfo: [malloc] Total space held (mmap + non-mmap):         95629312 Byte
20220313 044725.636 INFO             PET0 PIOc_freedecomp Enter - MemInfo: [malloc] Total space used (mmap + non-mmap):         86609328 Byte
20220313 044725.636 INFO             PET0 PIOc_freedecomp Enter - MemInfo: Wall-clock time since execution start:                2.51563 seconds
20220313 044725.636 INFO             PET0 PIOc_freedecomp Exit - MemInfo: [/proc/meminfo - SSI]	MemTotal:       196434604 kB
20220313 044725.636 INFO             PET0 PIOc_freedecomp Exit - MemInfo: [/proc/meminfo - SSI]	MemFree:        182935228 kB
20220313 044725.636 INFO             PET0 PIOc_freedecomp Exit - MemInfo: [/proc/meminfo - SSI]	MemAvailable:   191333464 kB
20220313 044725.636 INFO             PET0 PIOc_freedecomp Exit - MemInfo: [/proc/meminfo - SSI]	Committed_AS:    1620408 kB
20220313 044725.636 INFO             PET0 PIOc_freedecomp Exit - MemInfo: [/proc/meminfo - SSI]	CommittedPercent: 0.82491 %
20220313 044725.636 INFO             PET0 PIOc_freedecomp Exit - MemInfo: [/proc/self/status]	VmPeak:	 3846644 kB
20220313 044725.636 INFO             PET0 PIOc_freedecomp Exit - MemInfo: [/proc/self/status]	VmSize:	 3846644 kB
20220313 044725.636 INFO             PET0 PIOc_freedecomp Exit - MemInfo: [/proc/self/status]	VmLck:	       0 kB
20220313 044725.636 INFO             PET0 PIOc_freedecomp Exit - MemInfo: [/proc/self/status]	VmPin:	   79996 kB
20220313 044725.636 INFO             PET0 PIOc_freedecomp Exit - MemInfo: [/proc/self/status]	VmHWM:	  180752 kB
20220313 044725.636 INFO             PET0 PIOc_freedecomp Exit - MemInfo: [/proc/self/status]	VmRSS:	  180752 kB
20220313 044725.636 INFO             PET0 PIOc_freedecomp Exit - MemInfo: [/proc/self/status]	VmData:	  216328 kB
20220313 044725.636 INFO             PET0 PIOc_freedecomp Exit - MemInfo: [/proc/self/status]	VmStk:	     520 kB
20220313 044725.636 INFO             PET0 PIOc_freedecomp Exit - MemInfo: [/proc/self/status]	VmExe:	    1712 kB
20220313 044725.636 INFO             PET0 PIOc_freedecomp Exit - MemInfo: [/proc/self/status]	VmLib:	  174348 kB
20220313 044725.636 INFO             PET0 PIOc_freedecomp Exit - MemInfo: [/proc/self/status]	VmPTE:	    1016 kB
20220313 044725.636 INFO             PET0 PIOc_freedecomp Exit - MemInfo: [/proc/self/status]	VmSwap:	       0 kB
20220313 044725.636 INFO             PET0 PIOc_freedecomp Exit - MemInfo: [/proc/self/status]	VmRSSPercent: 0.0920164 %
20220313 044725.636 INFO             PET0 PIOc_freedecomp Exit - MemInfo: [malloc] Non-mmapped space allocated:                11374592 Byte
20220313 044725.636 INFO             PET0 PIOc_freedecomp Exit - MemInfo: [malloc] Space allocated in mmapped regions:         84254720 Byte
20220313 044725.636 INFO             PET0 PIOc_freedecomp Exit - MemInfo: [malloc] Maximum total allocated space:                     0 Byte
20220313 044725.636 INFO             PET0 PIOc_freedecomp Exit - MemInfo: [malloc] Space in freed fastbin blocks:                   352 Byte
20220313 044725.636 INFO             PET0 PIOc_freedecomp Exit - MemInfo: [malloc] Total allocated space:                       2331648 Byte
20220313 044725.636 INFO             PET0 PIOc_freedecomp Exit - MemInfo: [malloc] Total free space:                            9042944 Byte
20220313 044725.636 INFO             PET0 PIOc_freedecomp Exit - MemInfo: [malloc] Top-most, releasable space:                   109424 Byte
20220313 044725.636 INFO             PET0 PIOc_freedecomp Exit - MemInfo: [malloc] Total space in use, mmap + non-mmap:        86586368 Byte
20220313 044725.636 INFO             PET0 PIOc_freedecomp Exit - MemInfo: [malloc] Total space held (mmap + non-mmap):         95629312 Byte
20220313 044725.636 INFO             PET0 PIOc_freedecomp Exit - MemInfo: [malloc] Total space used (mmap + non-mmap):         86595760 Byte
20220313 044725.636 INFO             PET0 PIOc_freedecomp Exit - MemInfo: Wall-clock time since execution start:                2.51654 seconds
20220313 044725.637 INFO             PET0 PIOc_freedecomp Enter - MemInfo: [/proc/meminfo - SSI]	MemTotal:       196434604 kB
20220313 044725.637 INFO             PET0 PIOc_freedecomp Enter - MemInfo: [/proc/meminfo - SSI]	MemFree:        182935228 kB
20220313 044725.637 INFO             PET0 PIOc_freedecomp Enter - MemInfo: [/proc/meminfo - SSI]	MemAvailable:   191333464 kB
20220313 044725.637 INFO             PET0 PIOc_freedecomp Enter - MemInfo: [/proc/meminfo - SSI]	Committed_AS:    1620408 kB
20220313 044725.637 INFO             PET0 PIOc_freedecomp Enter - MemInfo: [/proc/meminfo - SSI]	CommittedPercent: 0.82491 %
20220313 044725.637 INFO             PET0 PIOc_freedecomp Enter - MemInfo: [/proc/self/status]	VmPeak:	 3846644 kB
20220313 044725.637 INFO             PET0 PIOc_freedecomp Enter - MemInfo: [/proc/self/status]	VmSize:	 3846644 kB
20220313 044725.637 INFO             PET0 PIOc_freedecomp Enter - MemInfo: [/proc/self/status]	VmLck:	       0 kB
20220313 044725.637 INFO             PET0 PIOc_freedecomp Enter - MemInfo: [/proc/self/status]	VmPin:	   79996 kB
20220313 044725.637 INFO             PET0 PIOc_freedecomp Enter - MemInfo: [/proc/self/status]	VmHWM:	  180752 kB
20220313 044725.637 INFO             PET0 PIOc_freedecomp Enter - MemInfo: [/proc/self/status]	VmRSS:	  180752 kB
20220313 044725.637 INFO             PET0 PIOc_freedecomp Enter - MemInfo: [/proc/self/status]	VmData:	  216328 kB
20220313 044725.637 INFO             PET0 PIOc_freedecomp Enter - MemInfo: [/proc/self/status]	VmStk:	     520 kB
20220313 044725.637 INFO             PET0 PIOc_freedecomp Enter - MemInfo: [/proc/self/status]	VmExe:	    1712 kB
20220313 044725.637 INFO             PET0 PIOc_freedecomp Enter - MemInfo: [/proc/self/status]	VmLib:	  174348 kB
20220313 044725.637 INFO             PET0 PIOc_freedecomp Enter - MemInfo: [/proc/self/status]	VmPTE:	    1016 kB
20220313 044725.637 INFO             PET0 PIOc_freedecomp Enter - MemInfo: [/proc/self/status]	VmSwap:	       0 kB
20220313 044725.637 INFO             PET0 PIOc_freedecomp Enter - MemInfo: [/proc/self/status]	VmRSSPercent: 0.0920164 %
20220313 044725.637 INFO             PET0 PIOc_freedecomp Enter - MemInfo: [malloc] Non-mmapped space allocated:                11374592 Byte
20220313 044725.637 INFO             PET0 PIOc_freedecomp Enter - MemInfo: [malloc] Space allocated in mmapped regions:         84254720 Byte
20220313 044725.637 INFO             PET0 PIOc_freedecomp Enter - MemInfo: [malloc] Maximum total allocated space:                     0 Byte
20220313 044725.637 INFO             PET0 PIOc_freedecomp Enter - MemInfo: [malloc] Space in freed fastbin blocks:                   496 Byte
20220313 044725.637 INFO             PET0 PIOc_freedecomp Enter - MemInfo: [malloc] Total allocated space:                       2331520 Byte
20220313 044725.637 INFO             PET0 PIOc_freedecomp Enter - MemInfo: [malloc] Total free space:                            9043072 Byte
20220313 044725.637 INFO             PET0 PIOc_freedecomp Enter - MemInfo: [malloc] Top-most, releasable space:                   109424 Byte
20220313 044725.637 INFO             PET0 PIOc_freedecomp Enter - MemInfo: [malloc] Total space in use, mmap + non-mmap:        86586240 Byte
20220313 044725.637 INFO             PET0 PIOc_freedecomp Enter - MemInfo: [malloc] Total space held (mmap + non-mmap):         95629312 Byte
20220313 044725.637 INFO             PET0 PIOc_freedecomp Enter - MemInfo: [malloc] Total space used (mmap + non-mmap):         86595632 Byte
20220313 044725.637 INFO             PET0 PIOc_freedecomp Enter - MemInfo: Wall-clock time since execution start:                 2.5174 seconds
20220313 044725.638 INFO             PET0 PIOc_freedecomp Exit - MemInfo: [/proc/meminfo - SSI]	MemTotal:       196434604 kB
20220313 044725.638 INFO             PET0 PIOc_freedecomp Exit - MemInfo: [/proc/meminfo - SSI]	MemFree:        182935228 kB
20220313 044725.638 INFO             PET0 PIOc_freedecomp Exit - MemInfo: [/proc/meminfo - SSI]	MemAvailable:   191333464 kB
20220313 044725.638 INFO             PET0 PIOc_freedecomp Exit - MemInfo: [/proc/meminfo - SSI]	Committed_AS:    1620408 kB
20220313 044725.638 INFO             PET0 PIOc_freedecomp Exit - MemInfo: [/proc/meminfo - SSI]	CommittedPercent: 0.82491 %
20220313 044725.638 INFO             PET0 PIOc_freedecomp Exit - MemInfo: [/proc/self/status]	VmPeak:	 3846644 kB
20220313 044725.638 INFO             PET0 PIOc_freedecomp Exit - MemInfo: [/proc/self/status]	VmSize:	 3846644 kB
20220313 044725.638 INFO             PET0 PIOc_freedecomp Exit - MemInfo: [/proc/self/status]	VmLck:	       0 kB
20220313 044725.638 INFO             PET0 PIOc_freedecomp Exit - MemInfo: [/proc/self/status]	VmPin:	   79996 kB
20220313 044725.638 INFO             PET0 PIOc_freedecomp Exit - MemInfo: [/proc/self/status]	VmHWM:	  180752 kB
20220313 044725.638 INFO             PET0 PIOc_freedecomp Exit - MemInfo: [/proc/self/status]	VmRSS:	  180752 kB
20220313 044725.638 INFO             PET0 PIOc_freedecomp Exit - MemInfo: [/proc/self/status]	VmData:	  216328 kB
20220313 044725.638 INFO             PET0 PIOc_freedecomp Exit - MemInfo: [/proc/self/status]	VmStk:	     520 kB
20220313 044725.638 INFO             PET0 PIOc_freedecomp Exit - MemInfo: [/proc/self/status]	VmExe:	    1712 kB
20220313 044725.638 INFO             PET0 PIOc_freedecomp Exit - MemInfo: [/proc/self/status]	VmLib:	  174348 kB
20220313 044725.638 INFO             PET0 PIOc_freedecomp Exit - MemInfo: [/proc/self/status]	VmPTE:	    1016 kB
20220313 044725.638 INFO             PET0 PIOc_freedecomp Exit - MemInfo: [/proc/self/status]	VmSwap:	       0 kB
20220313 044725.638 INFO             PET0 PIOc_freedecomp Exit - MemInfo: [/proc/self/status]	VmRSSPercent: 0.0920164 %
20220313 044725.638 INFO             PET0 PIOc_freedecomp Exit - MemInfo: [malloc] Non-mmapped space allocated:                11374592 Byte
20220313 044725.638 INFO             PET0 PIOc_freedecomp Exit - MemInfo: [malloc] Space allocated in mmapped regions:         84254720 Byte
20220313 044725.638 INFO             PET0 PIOc_freedecomp Exit - MemInfo: [malloc] Maximum total allocated space:                     0 Byte
20220313 044725.638 INFO             PET0 PIOc_freedecomp Exit - MemInfo: [malloc] Space in freed fastbin blocks:                   352 Byte
20220313 044725.638 INFO             PET0 PIOc_freedecomp Exit - MemInfo: [malloc] Total allocated space:                       2326544 Byte
20220313 044725.638 INFO             PET0 PIOc_freedecomp Exit - MemInfo: [malloc] Total free space:                            9048048 Byte
20220313 044725.638 INFO             PET0 PIOc_freedecomp Exit - MemInfo: [malloc] Top-most, releasable space:                   116432 Byte
20220313 044725.638 INFO             PET0 PIOc_freedecomp Exit - MemInfo: [malloc] Total space in use, mmap + non-mmap:        86581264 Byte
20220313 044725.638 INFO             PET0 PIOc_freedecomp Exit - MemInfo: [malloc] Total space held (mmap + non-mmap):         95629312 Byte
20220313 044725.638 INFO             PET0 PIOc_freedecomp Exit - MemInfo: [malloc] Total space used (mmap + non-mmap):         86590656 Byte
20220313 044725.638 INFO             PET0 PIOc_freedecomp Exit - MemInfo: Wall-clock time since execution start:                2.51826 seconds
20220313 044725.638 INFO             PET0 PIOc_freedecomp Enter - MemInfo: [/proc/meminfo - SSI]	MemTotal:       196434604 kB
20220313 044725.639 INFO             PET0 PIOc_freedecomp Enter - MemInfo: [/proc/meminfo - SSI]	MemFree:        182935228 kB
20220313 044725.639 INFO             PET0 PIOc_freedecomp Enter - MemInfo: [/proc/meminfo - SSI]	MemAvailable:   191333464 kB
20220313 044725.639 INFO             PET0 PIOc_freedecomp Enter - MemInfo: [/proc/meminfo - SSI]	Committed_AS:    1620408 kB
20220313 044725.639 INFO             PET0 PIOc_freedecomp Enter - MemInfo: [/proc/meminfo - SSI]	CommittedPercent: 0.82491 %
20220313 044725.639 INFO             PET0 PIOc_freedecomp Enter - MemInfo: [/proc/self/status]	VmPeak:	 3846644 kB
20220313 044725.639 INFO             PET0 PIOc_freedecomp Enter - MemInfo: [/proc/self/status]	VmSize:	 3846644 kB
20220313 044725.639 INFO             PET0 PIOc_freedecomp Enter - MemInfo: [/proc/self/status]	VmLck:	       0 kB
20220313 044725.639 INFO             PET0 PIOc_freedecomp Enter - MemInfo: [/proc/self/status]	VmPin:	   79996 kB
20220313 044725.639 INFO             PET0 PIOc_freedecomp Enter - MemInfo: [/proc/self/status]	VmHWM:	  180752 kB
20220313 044725.639 INFO             PET0 PIOc_freedecomp Enter - MemInfo: [/proc/self/status]	VmRSS:	  180752 kB
20220313 044725.639 INFO             PET0 PIOc_freedecomp Enter - MemInfo: [/proc/self/status]	VmData:	  216328 kB
20220313 044725.639 INFO             PET0 PIOc_freedecomp Enter - MemInfo: [/proc/self/status]	VmStk:	     520 kB
20220313 044725.639 INFO             PET0 PIOc_freedecomp Enter - MemInfo: [/proc/self/status]	VmExe:	    1712 kB
20220313 044725.639 INFO             PET0 PIOc_freedecomp Enter - MemInfo: [/proc/self/status]	VmLib:	  174348 kB
20220313 044725.639 INFO             PET0 PIOc_freedecomp Enter - MemInfo: [/proc/self/status]	VmPTE:	    1016 kB
20220313 044725.639 INFO             PET0 PIOc_freedecomp Enter - MemInfo: [/proc/self/status]	VmSwap:	       0 kB
20220313 044725.639 INFO             PET0 PIOc_freedecomp Enter - MemInfo: [/proc/self/status]	VmRSSPercent: 0.0920164 %
20220313 044725.639 INFO             PET0 PIOc_freedecomp Enter - MemInfo: [malloc] Non-mmapped space allocated:                11374592 Byte
20220313 044725.639 INFO             PET0 PIOc_freedecomp Enter - MemInfo: [malloc] Space allocated in mmapped regions:         84254720 Byte
20220313 044725.639 INFO             PET0 PIOc_freedecomp Enter - MemInfo: [malloc] Maximum total allocated space:                     0 Byte
20220313 044725.639 INFO             PET0 PIOc_freedecomp Enter - MemInfo: [malloc] Space in freed fastbin blocks:                   496 Byte
20220313 044725.639 INFO             PET0 PIOc_freedecomp Enter - MemInfo: [malloc] Total allocated space:                       2326416 Byte
20220313 044725.639 INFO             PET0 PIOc_freedecomp Enter - MemInfo: [malloc] Total free space:                            9048176 Byte
20220313 044725.639 INFO             PET0 PIOc_freedecomp Enter - MemInfo: [malloc] Top-most, releasable space:                   116432 Byte
20220313 044725.639 INFO             PET0 PIOc_freedecomp Enter - MemInfo: [malloc] Total space in use, mmap + non-mmap:        86581136 Byte
20220313 044725.639 INFO             PET0 PIOc_freedecomp Enter - MemInfo: [malloc] Total space held (mmap + non-mmap):         95629312 Byte
20220313 044725.639 INFO             PET0 PIOc_freedecomp Enter - MemInfo: [malloc] Total space used (mmap + non-mmap):         86590528 Byte
20220313 044725.639 INFO             PET0 PIOc_freedecomp Enter - MemInfo: Wall-clock time since execution start:                2.51911 seconds
20220313 044725.639 INFO             PET0 PIOc_freedecomp Exit - MemInfo: [/proc/meminfo - SSI]	MemTotal:       196434604 kB
20220313 044725.639 INFO             PET0 PIOc_freedecomp Exit - MemInfo: [/proc/meminfo - SSI]	MemFree:        182935228 kB
20220313 044725.639 INFO             PET0 PIOc_freedecomp Exit - MemInfo: [/proc/meminfo - SSI]	MemAvailable:   191333464 kB
20220313 044725.639 INFO             PET0 PIOc_freedecomp Exit - MemInfo: [/proc/meminfo - SSI]	Committed_AS:    1620408 kB
20220313 044725.639 INFO             PET0 PIOc_freedecomp Exit - MemInfo: [/proc/meminfo - SSI]	CommittedPercent: 0.82491 %
20220313 044725.640 INFO             PET0 PIOc_freedecomp Exit - MemInfo: [/proc/self/status]	VmPeak:	 3846644 kB
20220313 044725.640 INFO             PET0 PIOc_freedecomp Exit - MemInfo: [/proc/self/status]	VmSize:	 3846644 kB
20220313 044725.640 INFO             PET0 PIOc_freedecomp Exit - MemInfo: [/proc/self/status]	VmLck:	       0 kB
20220313 044725.640 INFO             PET0 PIOc_freedecomp Exit - MemInfo: [/proc/self/status]	VmPin:	   79996 kB
20220313 044725.640 INFO             PET0 PIOc_freedecomp Exit - MemInfo: [/proc/self/status]	VmHWM:	  180752 kB
20220313 044725.640 INFO             PET0 PIOc_freedecomp Exit - MemInfo: [/proc/self/status]	VmRSS:	  180752 kB
20220313 044725.640 INFO             PET0 PIOc_freedecomp Exit - MemInfo: [/proc/self/status]	VmData:	  216328 kB
20220313 044725.640 INFO             PET0 PIOc_freedecomp Exit - MemInfo: [/proc/self/status]	VmStk:	     520 kB
20220313 044725.640 INFO             PET0 PIOc_freedecomp Exit - MemInfo: [/proc/self/status]	VmExe:	    1712 kB
20220313 044725.640 INFO             PET0 PIOc_freedecomp Exit - MemInfo: [/proc/self/status]	VmLib:	  174348 kB
20220313 044725.640 INFO             PET0 PIOc_freedecomp Exit - MemInfo: [/proc/self/status]	VmPTE:	    1016 kB
20220313 044725.640 INFO             PET0 PIOc_freedecomp Exit - MemInfo: [/proc/self/status]	VmSwap:	       0 kB
20220313 044725.640 INFO             PET0 PIOc_freedecomp Exit - MemInfo: [/proc/self/status]	VmRSSPercent: 0.0920164 %
20220313 044725.640 INFO             PET0 PIOc_freedecomp Exit - MemInfo: [malloc] Non-mmapped space allocated:                11374592 Byte
20220313 044725.640 INFO             PET0 PIOc_freedecomp Exit - MemInfo: [malloc] Space allocated in mmapped regions:         84254720 Byte
20220313 044725.640 INFO             PET0 PIOc_freedecomp Exit - MemInfo: [malloc] Maximum total allocated space:                     0 Byte
20220313 044725.640 INFO             PET0 PIOc_freedecomp Exit - MemInfo: [malloc] Space in freed fastbin blocks:                   800 Byte
20220313 044725.640 INFO             PET0 PIOc_freedecomp Exit - MemInfo: [malloc] Total allocated space:                       2320816 Byte
20220313 044725.640 INFO             PET0 PIOc_freedecomp Exit - MemInfo: [malloc] Total free space:                            9053776 Byte
20220313 044725.640 INFO             PET0 PIOc_freedecomp Exit - MemInfo: [malloc] Top-most, releasable space:                   116432 Byte
20220313 044725.640 INFO             PET0 PIOc_freedecomp Exit - MemInfo: [malloc] Total space in use, mmap + non-mmap:        86575536 Byte
20220313 044725.640 INFO             PET0 PIOc_freedecomp Exit - MemInfo: [malloc] Total space held (mmap + non-mmap):         95629312 Byte
20220313 044725.640 INFO             PET0 PIOc_freedecomp Exit - MemInfo: [malloc] Total space used (mmap + non-mmap):         86584912 Byte
20220313 044725.640 INFO             PET0 PIOc_freedecomp Exit - MemInfo: Wall-clock time since execution start:                2.52001 seconds
20220313 044725.640 INFO             PET0  PASS  ArrayBundleWrite Single file with timeslice Test, ESMF_ArrayBundleIOUTest.F90, line 180
20220313 044725.924 INFO             PET0 PIOc_sync Enter - MemInfo: [/proc/meminfo - SSI]	MemTotal:       196434604 kB
20220313 044725.924 INFO             PET0 PIOc_sync Enter - MemInfo: [/proc/meminfo - SSI]	MemFree:        182934716 kB
20220313 044725.924 INFO             PET0 PIOc_sync Enter - MemInfo: [/proc/meminfo - SSI]	MemAvailable:   191332952 kB
20220313 044725.924 INFO             PET0 PIOc_sync Enter - MemInfo: [/proc/meminfo - SSI]	Committed_AS:    1620408 kB
20220313 044725.924 INFO             PET0 PIOc_sync Enter - MemInfo: [/proc/meminfo - SSI]	CommittedPercent: 0.82491 %
20220313 044725.924 INFO             PET0 PIOc_sync Enter - MemInfo: [/proc/self/status]	VmPeak:	 3846644 kB
20220313 044725.924 INFO             PET0 PIOc_sync Enter - MemInfo: [/proc/self/status]	VmSize:	 3846644 kB
20220313 044725.924 INFO             PET0 PIOc_sync Enter - MemInfo: [/proc/self/status]	VmLck:	       0 kB
20220313 044725.924 INFO             PET0 PIOc_sync Enter - MemInfo: [/proc/self/status]	VmPin:	   79996 kB
20220313 044725.924 INFO             PET0 PIOc_sync Enter - MemInfo: [/proc/self/status]	VmHWM:	  181232 kB
20220313 044725.924 INFO             PET0 PIOc_sync Enter - MemInfo: [/proc/self/status]	VmRSS:	  181232 kB
20220313 044725.924 INFO             PET0 PIOc_sync Enter - MemInfo: [/proc/self/status]	VmData:	  216328 kB
20220313 044725.924 INFO             PET0 PIOc_sync Enter - MemInfo: [/proc/self/status]	VmStk:	     520 kB
20220313 044725.924 INFO             PET0 PIOc_sync Enter - MemInfo: [/proc/self/status]	VmExe:	    1712 kB
20220313 044725.924 INFO             PET0 PIOc_sync Enter - MemInfo: [/proc/self/status]	VmLib:	  174348 kB
20220313 044725.924 INFO             PET0 PIOc_sync Enter - MemInfo: [/proc/self/status]	VmPTE:	    1016 kB
20220313 044725.924 INFO             PET0 PIOc_sync Enter - MemInfo: [/proc/self/status]	VmSwap:	       0 kB
20220313 044725.924 INFO             PET0 PIOc_sync Enter - MemInfo: [/proc/self/status]	VmRSSPercent: 0.0922607 %
20220313 044725.924 INFO             PET0 PIOc_sync Enter - MemInfo: [malloc] Non-mmapped space allocated:                11374592 Byte
20220313 044725.924 INFO             PET0 PIOc_sync Enter - MemInfo: [malloc] Space allocated in mmapped regions:         84254720 Byte
20220313 044725.924 INFO             PET0 PIOc_sync Enter - MemInfo: [malloc] Maximum total allocated space:                     0 Byte
20220313 044725.924 INFO             PET0 PIOc_sync Enter - MemInfo: [malloc] Space in freed fastbin blocks:                   512 Byte
20220313 044725.924 INFO             PET0 PIOc_sync Enter - MemInfo: [malloc] Total allocated space:                      11254496 Byte
20220313 044725.924 INFO             PET0 PIOc_sync Enter - MemInfo: [malloc] Total free space:                             120096 Byte
20220313 044725.924 INFO             PET0 PIOc_sync Enter - MemInfo: [malloc] Top-most, releasable space:                   117760 Byte
20220313 044725.924 INFO             PET0 PIOc_sync Enter - MemInfo: [malloc] Total space in use, mmap + non-mmap:        95509216 Byte
20220313 044725.924 INFO             PET0 PIOc_sync Enter - MemInfo: [malloc] Total space held (mmap + non-mmap):         95629312 Byte
20220313 044725.924 INFO             PET0 PIOc_sync Enter - MemInfo: [malloc] Total space used (mmap + non-mmap):         95518608 Byte
20220313 044725.924 INFO             PET0 PIOc_sync Enter - MemInfo: Wall-clock time since execution start:                2.80367 seconds
20220313 044725.948 INFO             PET0 PIOc_sync Exit - MemInfo: [/proc/meminfo - SSI]	MemTotal:       196434604 kB
20220313 044725.948 INFO             PET0 PIOc_sync Exit - MemInfo: [/proc/meminfo - SSI]	MemFree:        182934716 kB
20220313 044725.948 INFO             PET0 PIOc_sync Exit - MemInfo: [/proc/meminfo - SSI]	MemAvailable:   191332952 kB
20220313 044725.948 INFO             PET0 PIOc_sync Exit - MemInfo: [/proc/meminfo - SSI]	Committed_AS:    1620408 kB
20220313 044725.948 INFO             PET0 PIOc_sync Exit - MemInfo: [/proc/meminfo - SSI]	CommittedPercent: 0.82491 %
20220313 044725.948 INFO             PET0 PIOc_sync Exit - MemInfo: [/proc/self/status]	VmPeak:	 3846644 kB
20220313 044725.948 INFO             PET0 PIOc_sync Exit - MemInfo: [/proc/self/status]	VmSize:	 3846644 kB
20220313 044725.948 INFO             PET0 PIOc_sync Exit - MemInfo: [/proc/self/status]	VmLck:	       0 kB
20220313 044725.948 INFO             PET0 PIOc_sync Exit - MemInfo: [/proc/self/status]	VmPin:	   79996 kB
20220313 044725.948 INFO             PET0 PIOc_sync Exit - MemInfo: [/proc/self/status]	VmHWM:	  181268 kB
20220313 044725.948 INFO             PET0 PIOc_sync Exit - MemInfo: [/proc/self/status]	VmRSS:	  181268 kB
20220313 044725.948 INFO             PET0 PIOc_sync Exit - MemInfo: [/proc/self/status]	VmData:	  216328 kB
20220313 044725.948 INFO             PET0 PIOc_sync Exit - MemInfo: [/proc/self/status]	VmStk:	     520 kB
20220313 044725.948 INFO             PET0 PIOc_sync Exit - MemInfo: [/proc/self/status]	VmExe:	    1712 kB
20220313 044725.948 INFO             PET0 PIOc_sync Exit - MemInfo: [/proc/self/status]	VmLib:	  174348 kB
20220313 044725.948 INFO             PET0 PIOc_sync Exit - MemInfo: [/proc/self/status]	VmPTE:	    1016 kB
20220313 044725.948 INFO             PET0 PIOc_sync Exit - MemInfo: [/proc/self/status]	VmSwap:	       0 kB
20220313 044725.948 INFO             PET0 PIOc_sync Exit - MemInfo: [/proc/self/status]	VmRSSPercent: 0.0922791 %
20220313 044725.948 INFO             PET0 PIOc_sync Exit - MemInfo: [malloc] Non-mmapped space allocated:                11374592 Byte
20220313 044725.948 INFO             PET0 PIOc_sync Exit - MemInfo: [malloc] Space allocated in mmapped regions:         84254720 Byte
20220313 044725.948 INFO             PET0 PIOc_sync Exit - MemInfo: [malloc] Maximum total allocated space:                     0 Byte
20220313 044725.948 INFO             PET0 PIOc_sync Exit - MemInfo: [malloc] Space in freed fastbin blocks:                   352 Byte
20220313 044725.948 INFO             PET0 PIOc_sync Exit - MemInfo: [malloc] Total allocated space:                      11253040 Byte
20220313 044725.948 INFO             PET0 PIOc_sync Exit - MemInfo: [malloc] Total free space:                             121552 Byte
20220313 044725.948 INFO             PET0 PIOc_sync Exit - MemInfo: [malloc] Top-most, releasable space:                   117760 Byte
20220313 044725.948 INFO             PET0 PIOc_sync Exit - MemInfo: [malloc] Total space in use, mmap + non-mmap:        95507760 Byte
20220313 044725.948 INFO             PET0 PIOc_sync Exit - MemInfo: [malloc] Total space held (mmap + non-mmap):         95629312 Byte
20220313 044725.948 INFO             PET0 PIOc_sync Exit - MemInfo: [malloc] Total space used (mmap + non-mmap):         95517152 Byte
20220313 044725.948 INFO             PET0 PIOc_sync Exit - MemInfo: Wall-clock time since execution start:                2.82756 seconds
20220313 044725.949 WARNING          PET0 ESMCI_PIO_Handler.C:1501 ESMCI::PIO_Handler::isOpen() File, sep.nc000, closed by PIO
20220313 044725.949 WARNING          PET0 ESMCI_PIO_Handler.C:1501 ESMCI::PIO_Handler::isOpen() File, sep.nc000, closed by PIO
20220313 044725.949 WARNING          PET0 ESMCI_PIO_Handler.C:1501 ESMCI::PIO_Handler::isOpen() File, sep.nc000, closed by PIO
20220313 044725.949 WARNING          PET0 ESMCI_PIO_Handler.C:1501 ESMCI::PIO_Handler::isOpen() File, sep.nc001, closed by PIO
20220313 044726.138 INFO             PET0 PIOc_sync Enter - MemInfo: [/proc/meminfo - SSI]	MemTotal:       196434604 kB
20220313 044726.138 INFO             PET0 PIOc_sync Enter - MemInfo: [/proc/meminfo - SSI]	MemFree:        182934716 kB
20220313 044726.138 INFO             PET0 PIOc_sync Enter - MemInfo: [/proc/meminfo - SSI]	MemAvailable:   191332952 kB
20220313 044726.138 INFO             PET0 PIOc_sync Enter - MemInfo: [/proc/meminfo - SSI]	Committed_AS:    1620408 kB
20220313 044726.138 INFO             PET0 PIOc_sync Enter - MemInfo: [/proc/meminfo - SSI]	CommittedPercent: 0.82491 %
20220313 044726.138 INFO             PET0 PIOc_sync Enter - MemInfo: [/proc/self/status]	VmPeak:	 3846644 kB
20220313 044726.138 INFO             PET0 PIOc_sync Enter - MemInfo: [/proc/self/status]	VmSize:	 3846644 kB
20220313 044726.138 INFO             PET0 PIOc_sync Enter - MemInfo: [/proc/self/status]	VmLck:	       0 kB
20220313 044726.138 INFO             PET0 PIOc_sync Enter - MemInfo: [/proc/self/status]	VmPin:	   79996 kB
20220313 044726.138 INFO             PET0 PIOc_sync Enter - MemInfo: [/proc/self/status]	VmHWM:	  181292 kB
20220313 044726.138 INFO             PET0 PIOc_sync Enter - MemInfo: [/proc/self/status]	VmRSS:	  181292 kB
20220313 044726.138 INFO             PET0 PIOc_sync Enter - MemInfo: [/proc/self/status]	VmData:	  216328 kB
20220313 044726.138 INFO             PET0 PIOc_sync Enter - MemInfo: [/proc/self/status]	VmStk:	     520 kB
20220313 044726.138 INFO             PET0 PIOc_sync Enter - MemInfo: [/proc/self/status]	VmExe:	    1712 kB
20220313 044726.138 INFO             PET0 PIOc_sync Enter - MemInfo: [/proc/self/status]	VmLib:	  174348 kB
20220313 044726.138 INFO             PET0 PIOc_sync Enter - MemInfo: [/proc/self/status]	VmPTE:	    1016 kB
20220313 044726.138 INFO             PET0 PIOc_sync Enter - MemInfo: [/proc/self/status]	VmSwap:	       0 kB
20220313 044726.138 INFO             PET0 PIOc_sync Enter - MemInfo: [/proc/self/status]	VmRSSPercent: 0.0922913 %
20220313 044726.138 INFO             PET0 PIOc_sync Enter - MemInfo: [malloc] Non-mmapped space allocated:                11374592 Byte
20220313 044726.138 INFO             PET0 PIOc_sync Enter - MemInfo: [malloc] Space allocated in mmapped regions:         84254720 Byte
20220313 044726.138 INFO             PET0 PIOc_sync Enter - MemInfo: [malloc] Maximum total allocated space:                     0 Byte
20220313 044726.138 INFO             PET0 PIOc_sync Enter - MemInfo: [malloc] Space in freed fastbin blocks:                   448 Byte
20220313 044726.138 INFO             PET0 PIOc_sync Enter - MemInfo: [malloc] Total allocated space:                      11259216 Byte
20220313 044726.138 INFO             PET0 PIOc_sync Enter - MemInfo: [malloc] Total free space:                             115376 Byte
20220313 044726.138 INFO             PET0 PIOc_sync Enter - MemInfo: [malloc] Top-most, releasable space:                   112016 Byte
20220313 044726.138 INFO             PET0 PIOc_sync Enter - MemInfo: [malloc] Total space in use, mmap + non-mmap:        95513936 Byte
20220313 044726.138 INFO             PET0 PIOc_sync Enter - MemInfo: [malloc] Total space held (mmap + non-mmap):         95629312 Byte
20220313 044726.138 INFO             PET0 PIOc_sync Enter - MemInfo: [malloc] Total space used (mmap + non-mmap):         95523312 Byte
20220313 044726.138 INFO             PET0 PIOc_sync Enter - MemInfo: Wall-clock time since execution start:                 3.0171 seconds
20220313 044726.161 INFO             PET0 PIOc_sync Exit - MemInfo: [/proc/meminfo - SSI]	MemTotal:       196434604 kB
20220313 044726.161 INFO             PET0 PIOc_sync Exit - MemInfo: [/proc/meminfo - SSI]	MemFree:        182934112 kB
20220313 044726.161 INFO             PET0 PIOc_sync Exit - MemInfo: [/proc/meminfo - SSI]	MemAvailable:   191332348 kB
20220313 044726.161 INFO             PET0 PIOc_sync Exit - MemInfo: [/proc/meminfo - SSI]	Committed_AS:    1620408 kB
20220313 044726.161 INFO             PET0 PIOc_sync Exit - MemInfo: [/proc/meminfo - SSI]	CommittedPercent: 0.82491 %
20220313 044726.161 INFO             PET0 PIOc_sync Exit - MemInfo: [/proc/self/status]	VmPeak:	 3846644 kB
20220313 044726.161 INFO             PET0 PIOc_sync Exit - MemInfo: [/proc/self/status]	VmSize:	 3846644 kB
20220313 044726.161 INFO             PET0 PIOc_sync Exit - MemInfo: [/proc/self/status]	VmLck:	       0 kB
20220313 044726.161 INFO             PET0 PIOc_sync Exit - MemInfo: [/proc/self/status]	VmPin:	   79996 kB
20220313 044726.161 INFO             PET0 PIOc_sync Exit - MemInfo: [/proc/self/status]	VmHWM:	  181308 kB
20220313 044726.161 INFO             PET0 PIOc_sync Exit - MemInfo: [/proc/self/status]	VmRSS:	  181308 kB
20220313 044726.161 INFO             PET0 PIOc_sync Exit - MemInfo: [/proc/self/status]	VmData:	  216328 kB
20220313 044726.161 INFO             PET0 PIOc_sync Exit - MemInfo: [/proc/self/status]	VmStk:	     520 kB
20220313 044726.161 INFO             PET0 PIOc_sync Exit - MemInfo: [/proc/self/status]	VmExe:	    1712 kB
20220313 044726.161 INFO             PET0 PIOc_sync Exit - MemInfo: [/proc/self/status]	VmLib:	  174348 kB
20220313 044726.161 INFO             PET0 PIOc_sync Exit - MemInfo: [/proc/self/status]	VmPTE:	    1016 kB
20220313 044726.161 INFO             PET0 PIOc_sync Exit - MemInfo: [/proc/self/status]	VmSwap:	       0 kB
20220313 044726.161 INFO             PET0 PIOc_sync Exit - MemInfo: [/proc/self/status]	VmRSSPercent: 0.0922994 %
20220313 044726.161 INFO             PET0 PIOc_sync Exit - MemInfo: [malloc] Non-mmapped space allocated:                11374592 Byte
20220313 044726.161 INFO             PET0 PIOc_sync Exit - MemInfo: [malloc] Space allocated in mmapped regions:         84254720 Byte
20220313 044726.161 INFO             PET0 PIOc_sync Exit - MemInfo: [malloc] Maximum total allocated space:                     0 Byte
20220313 044726.161 INFO             PET0 PIOc_sync Exit - MemInfo: [malloc] Space in freed fastbin blocks:                   384 Byte
20220313 044726.161 INFO             PET0 PIOc_sync Exit - MemInfo: [malloc] Total allocated space:                      11258144 Byte
20220313 044726.161 INFO             PET0 PIOc_sync Exit - MemInfo: [malloc] Total free space:                             116448 Byte
20220313 044726.161 INFO             PET0 PIOc_sync Exit - MemInfo: [malloc] Top-most, releasable space:                   112016 Byte
20220313 044726.161 INFO             PET0 PIOc_sync Exit - MemInfo: [malloc] Total space in use, mmap + non-mmap:        95512864 Byte
20220313 044726.161 INFO             PET0 PIOc_sync Exit - MemInfo: [malloc] Total space held (mmap + non-mmap):         95629312 Byte
20220313 044726.161 INFO             PET0 PIOc_sync Exit - MemInfo: [malloc] Total space used (mmap + non-mmap):         95522256 Byte
20220313 044726.161 INFO             PET0 PIOc_sync Exit - MemInfo: Wall-clock time since execution start:                3.04008 seconds
20220313 044726.162 WARNING          PET0 ESMCI_PIO_Handler.C:1501 ESMCI::PIO_Handler::isOpen() File, sep.nc001, closed by PIO
20220313 044726.162 WARNING          PET0 ESMCI_PIO_Handler.C:1501 ESMCI::PIO_Handler::isOpen() File, sep.nc001, closed by PIO
20220313 044726.162 WARNING          PET0 ESMCI_PIO_Handler.C:1501 ESMCI::PIO_Handler::isOpen() File, sep.nc001, closed by PIO
20220313 044726.162 WARNING          PET0 ESMCI_PIO_Handler.C:1501 ESMCI::PIO_Handler::isOpen() File, sep.nc002, closed by PIO
20220313 044726.399 INFO             PET0 PIOc_sync Enter - MemInfo: [/proc/meminfo - SSI]	MemTotal:       196434604 kB
20220313 044726.399 INFO             PET0 PIOc_sync Enter - MemInfo: [/proc/meminfo - SSI]	MemFree:        182934112 kB
20220313 044726.399 INFO             PET0 PIOc_sync Enter - MemInfo: [/proc/meminfo - SSI]	MemAvailable:   191332348 kB
20220313 044726.399 INFO             PET0 PIOc_sync Enter - MemInfo: [/proc/meminfo - SSI]	Committed_AS:    1620408 kB
20220313 044726.399 INFO             PET0 PIOc_sync Enter - MemInfo: [/proc/meminfo - SSI]	CommittedPercent: 0.82491 %
20220313 044726.399 INFO             PET0 PIOc_sync Enter - MemInfo: [/proc/self/status]	VmPeak:	 3846644 kB
20220313 044726.399 INFO             PET0 PIOc_sync Enter - MemInfo: [/proc/self/status]	VmSize:	 3846644 kB
20220313 044726.399 INFO             PET0 PIOc_sync Enter - MemInfo: [/proc/self/status]	VmLck:	       0 kB
20220313 044726.399 INFO             PET0 PIOc_sync Enter - MemInfo: [/proc/self/status]	VmPin:	   79996 kB
20220313 044726.399 INFO             PET0 PIOc_sync Enter - MemInfo: [/proc/self/status]	VmHWM:	  181336 kB
20220313 044726.399 INFO             PET0 PIOc_sync Enter - MemInfo: [/proc/self/status]	VmRSS:	  181336 kB
20220313 044726.399 INFO             PET0 PIOc_sync Enter - MemInfo: [/proc/self/status]	VmData:	  216328 kB
20220313 044726.399 INFO             PET0 PIOc_sync Enter - MemInfo: [/proc/self/status]	VmStk:	     520 kB
20220313 044726.399 INFO             PET0 PIOc_sync Enter - MemInfo: [/proc/self/status]	VmExe:	    1712 kB
20220313 044726.399 INFO             PET0 PIOc_sync Enter - MemInfo: [/proc/self/status]	VmLib:	  174348 kB
20220313 044726.399 INFO             PET0 PIOc_sync Enter - MemInfo: [/proc/self/status]	VmPTE:	    1016 kB
20220313 044726.399 INFO             PET0 PIOc_sync Enter - MemInfo: [/proc/self/status]	VmSwap:	       0 kB
20220313 044726.399 INFO             PET0 PIOc_sync Enter - MemInfo: [/proc/self/status]	VmRSSPercent: 0.0923137 %
20220313 044726.399 INFO             PET0 PIOc_sync Enter - MemInfo: [malloc] Non-mmapped space allocated:                11374592 Byte
20220313 044726.399 INFO             PET0 PIOc_sync Enter - MemInfo: [malloc] Space allocated in mmapped regions:         84254720 Byte
20220313 044726.399 INFO             PET0 PIOc_sync Enter - MemInfo: [malloc] Maximum total allocated space:                     0 Byte
20220313 044726.399 INFO             PET0 PIOc_sync Enter - MemInfo: [malloc] Space in freed fastbin blocks:                   352 Byte
20220313 044726.399 INFO             PET0 PIOc_sync Enter - MemInfo: [malloc] Total allocated space:                      11273776 Byte
20220313 044726.399 INFO             PET0 PIOc_sync Enter - MemInfo: [malloc] Total free space:                             100816 Byte
20220313 044726.399 INFO             PET0 PIOc_sync Enter - MemInfo: [malloc] Top-most, releasable space:                    92128 Byte
20220313 044726.399 INFO             PET0 PIOc_sync Enter - MemInfo: [malloc] Total space in use, mmap + non-mmap:        95528496 Byte
20220313 044726.399 INFO             PET0 PIOc_sync Enter - MemInfo: [malloc] Total space held (mmap + non-mmap):         95629312 Byte
20220313 044726.399 INFO             PET0 PIOc_sync Enter - MemInfo: [malloc] Total space used (mmap + non-mmap):         95537888 Byte
20220313 044726.399 INFO             PET0 PIOc_sync Enter - MemInfo: Wall-clock time since execution start:                 3.2775 seconds
20220313 044726.423 INFO             PET0 PIOc_sync Exit - MemInfo: [/proc/meminfo - SSI]	MemTotal:       196434604 kB
20220313 044726.423 INFO             PET0 PIOc_sync Exit - MemInfo: [/proc/meminfo - SSI]	MemFree:        182934112 kB
20220313 044726.423 INFO             PET0 PIOc_sync Exit - MemInfo: [/proc/meminfo - SSI]	MemAvailable:   191332348 kB
20220313 044726.423 INFO             PET0 PIOc_sync Exit - MemInfo: [/proc/meminfo - SSI]	Committed_AS:    1620408 kB
20220313 044726.423 INFO             PET0 PIOc_sync Exit - MemInfo: [/proc/meminfo - SSI]	CommittedPercent: 0.82491 %
20220313 044726.423 INFO             PET0 PIOc_sync Exit - MemInfo: [/proc/self/status]	VmPeak:	 3846644 kB
20220313 044726.423 INFO             PET0 PIOc_sync Exit - MemInfo: [/proc/self/status]	VmSize:	 3846644 kB
20220313 044726.423 INFO             PET0 PIOc_sync Exit - MemInfo: [/proc/self/status]	VmLck:	       0 kB
20220313 044726.423 INFO             PET0 PIOc_sync Exit - MemInfo: [/proc/self/status]	VmPin:	   79996 kB
20220313 044726.423 INFO             PET0 PIOc_sync Exit - MemInfo: [/proc/self/status]	VmHWM:	  181344 kB
20220313 044726.423 INFO             PET0 PIOc_sync Exit - MemInfo: [/proc/self/status]	VmRSS:	  181344 kB
20220313 044726.423 INFO             PET0 PIOc_sync Exit - MemInfo: [/proc/self/status]	VmData:	  216328 kB
20220313 044726.423 INFO             PET0 PIOc_sync Exit - MemInfo: [/proc/self/status]	VmStk:	     520 kB
20220313 044726.423 INFO             PET0 PIOc_sync Exit - MemInfo: [/proc/self/status]	VmExe:	    1712 kB
20220313 044726.423 INFO             PET0 PIOc_sync Exit - MemInfo: [/proc/self/status]	VmLib:	  174348 kB
20220313 044726.423 INFO             PET0 PIOc_sync Exit - MemInfo: [/proc/self/status]	VmPTE:	    1016 kB
20220313 044726.423 INFO             PET0 PIOc_sync Exit - MemInfo: [/proc/self/status]	VmSwap:	       0 kB
20220313 044726.423 INFO             PET0 PIOc_sync Exit - MemInfo: [/proc/self/status]	VmRSSPercent: 0.0923177 %
20220313 044726.423 INFO             PET0 PIOc_sync Exit - MemInfo: [malloc] Non-mmapped space allocated:                11374592 Byte
20220313 044726.423 INFO             PET0 PIOc_sync Exit - MemInfo: [malloc] Space allocated in mmapped regions:         84254720 Byte
20220313 044726.423 INFO             PET0 PIOc_sync Exit - MemInfo: [malloc] Maximum total allocated space:                     0 Byte
20220313 044726.423 INFO             PET0 PIOc_sync Exit - MemInfo: [malloc] Space in freed fastbin blocks:                   384 Byte
20220313 044726.423 INFO             PET0 PIOc_sync Exit - MemInfo: [malloc] Total allocated space:                      11271936 Byte
20220313 044726.423 INFO             PET0 PIOc_sync Exit - MemInfo: [malloc] Total free space:                             102656 Byte
20220313 044726.423 INFO             PET0 PIOc_sync Exit - MemInfo: [malloc] Top-most, releasable space:                    92128 Byte
20220313 044726.423 INFO             PET0 PIOc_sync Exit - MemInfo: [malloc] Total space in use, mmap + non-mmap:        95526656 Byte
20220313 044726.423 INFO             PET0 PIOc_sync Exit - MemInfo: [malloc] Total space held (mmap + non-mmap):         95629312 Byte
20220313 044726.423 INFO             PET0 PIOc_sync Exit - MemInfo: [malloc] Total space used (mmap + non-mmap):         95536048 Byte
20220313 044726.423 INFO             PET0 PIOc_sync Exit - MemInfo: Wall-clock time since execution start:                3.30148 seconds
20220313 044726.436 INFO             PET0 PIOc_freedecomp Enter - MemInfo: [/proc/meminfo - SSI]	MemTotal:       196434604 kB
20220313 044726.436 INFO             PET0 PIOc_freedecomp Enter - MemInfo: [/proc/meminfo - SSI]	MemFree:        182934112 kB
20220313 044726.436 INFO             PET0 PIOc_freedecomp Enter - MemInfo: [/proc/meminfo - SSI]	MemAvailable:   191332348 kB
20220313 044726.436 INFO             PET0 PIOc_freedecomp Enter - MemInfo: [/proc/meminfo - SSI]	Committed_AS:    1620408 kB
20220313 044726.436 INFO             PET0 PIOc_freedecomp Enter - MemInfo: [/proc/meminfo - SSI]	CommittedPercent: 0.82491 %
20220313 044726.436 INFO             PET0 PIOc_freedecomp Enter - MemInfo: [/proc/self/status]	VmPeak:	 3846644 kB
20220313 044726.436 INFO             PET0 PIOc_freedecomp Enter - MemInfo: [/proc/self/status]	VmSize:	 3846644 kB
20220313 044726.436 INFO             PET0 PIOc_freedecomp Enter - MemInfo: [/proc/self/status]	VmLck:	       0 kB
20220313 044726.436 INFO             PET0 PIOc_freedecomp Enter - MemInfo: [/proc/self/status]	VmPin:	   79996 kB
20220313 044726.436 INFO             PET0 PIOc_freedecomp Enter - MemInfo: [/proc/self/status]	VmHWM:	  181344 kB
20220313 044726.436 INFO             PET0 PIOc_freedecomp Enter - MemInfo: [/proc/self/status]	VmRSS:	  181344 kB
20220313 044726.436 INFO             PET0 PIOc_freedecomp Enter - MemInfo: [/proc/self/status]	VmData:	  216328 kB
20220313 044726.436 INFO             PET0 PIOc_freedecomp Enter - MemInfo: [/proc/self/status]	VmStk:	     520 kB
20220313 044726.436 INFO             PET0 PIOc_freedecomp Enter - MemInfo: [/proc/self/status]	VmExe:	    1712 kB
20220313 044726.436 INFO             PET0 PIOc_freedecomp Enter - MemInfo: [/proc/self/status]	VmLib:	  174348 kB
20220313 044726.436 INFO             PET0 PIOc_freedecomp Enter - MemInfo: [/proc/self/status]	VmPTE:	    1016 kB
20220313 044726.436 INFO             PET0 PIOc_freedecomp Enter - MemInfo: [/proc/self/status]	VmSwap:	       0 kB
20220313 044726.436 INFO             PET0 PIOc_freedecomp Enter - MemInfo: [/proc/self/status]	VmRSSPercent: 0.0923177 %
20220313 044726.436 INFO             PET0 PIOc_freedecomp Enter - MemInfo: [malloc] Non-mmapped space allocated:                11374592 Byte
20220313 044726.436 INFO             PET0 PIOc_freedecomp Enter - MemInfo: [malloc] Space allocated in mmapped regions:         84254720 Byte
20220313 044726.436 INFO             PET0 PIOc_freedecomp Enter - MemInfo: [malloc] Maximum total allocated space:                     0 Byte
20220313 044726.436 INFO             PET0 PIOc_freedecomp Enter - MemInfo: [malloc] Space in freed fastbin blocks:                   544 Byte
20220313 044726.436 INFO             PET0 PIOc_freedecomp Enter - MemInfo: [malloc] Total allocated space:                       2344976 Byte
20220313 044726.436 INFO             PET0 PIOc_freedecomp Enter - MemInfo: [malloc] Total free space:                            9029616 Byte
20220313 044726.436 INFO             PET0 PIOc_freedecomp Enter - MemInfo: [malloc] Top-most, releasable space:                   102624 Byte
20220313 044726.436 INFO             PET0 PIOc_freedecomp Enter - MemInfo: [malloc] Total space in use, mmap + non-mmap:        86599696 Byte
20220313 044726.436 INFO             PET0 PIOc_freedecomp Enter - MemInfo: [malloc] Total space held (mmap + non-mmap):         95629312 Byte
20220313 044726.436 INFO             PET0 PIOc_freedecomp Enter - MemInfo: [malloc] Total space used (mmap + non-mmap):         86609072 Byte
20220313 044726.436 INFO             PET0 PIOc_freedecomp Enter - MemInfo: Wall-clock time since execution start:                3.31441 seconds
20220313 044726.436 INFO             PET0 PIOc_freedecomp Exit - MemInfo: [/proc/meminfo - SSI]	MemTotal:       196434604 kB
20220313 044726.437 INFO             PET0 PIOc_freedecomp Exit - MemInfo: [/proc/meminfo - SSI]	MemFree:        182934112 kB
20220313 044726.437 INFO             PET0 PIOc_freedecomp Exit - MemInfo: [/proc/meminfo - SSI]	MemAvailable:   191332348 kB
20220313 044726.437 INFO             PET0 PIOc_freedecomp Exit - MemInfo: [/proc/meminfo - SSI]	Committed_AS:    1620408 kB
20220313 044726.437 INFO             PET0 PIOc_freedecomp Exit - MemInfo: [/proc/meminfo - SSI]	CommittedPercent: 0.82491 %
20220313 044726.437 INFO             PET0 PIOc_freedecomp Exit - MemInfo: [/proc/self/status]	VmPeak:	 3846644 kB
20220313 044726.437 INFO             PET0 PIOc_freedecomp Exit - MemInfo: [/proc/self/status]	VmSize:	 3846644 kB
20220313 044726.437 INFO             PET0 PIOc_freedecomp Exit - MemInfo: [/proc/self/status]	VmLck:	       0 kB
20220313 044726.437 INFO             PET0 PIOc_freedecomp Exit - MemInfo: [/proc/self/status]	VmPin:	   79996 kB
20220313 044726.437 INFO             PET0 PIOc_freedecomp Exit - MemInfo: [/proc/self/status]	VmHWM:	  181344 kB
20220313 044726.437 INFO             PET0 PIOc_freedecomp Exit - MemInfo: [/proc/self/status]	VmRSS:	  181344 kB
20220313 044726.437 INFO             PET0 PIOc_freedecomp Exit - MemInfo: [/proc/self/status]	VmData:	  216328 kB
20220313 044726.437 INFO             PET0 PIOc_freedecomp Exit - MemInfo: [/proc/self/status]	VmStk:	     520 kB
20220313 044726.437 INFO             PET0 PIOc_freedecomp Exit - MemInfo: [/proc/self/status]	VmExe:	    1712 kB
20220313 044726.437 INFO             PET0 PIOc_freedecomp Exit - MemInfo: [/proc/self/status]	VmLib:	  174348 kB
20220313 044726.437 INFO             PET0 PIOc_freedecomp Exit - MemInfo: [/proc/self/status]	VmPTE:	    1016 kB
20220313 044726.437 INFO             PET0 PIOc_freedecomp Exit - MemInfo: [/proc/self/status]	VmSwap:	       0 kB
20220313 044726.437 INFO             PET0 PIOc_freedecomp Exit - MemInfo: [/proc/self/status]	VmRSSPercent: 0.0923177 %
20220313 044726.437 INFO             PET0 PIOc_freedecomp Exit - MemInfo: [malloc] Non-mmapped space allocated:                11374592 Byte
20220313 044726.437 INFO             PET0 PIOc_freedecomp Exit - MemInfo: [malloc] Space allocated in mmapped regions:         84254720 Byte
20220313 044726.437 INFO             PET0 PIOc_freedecomp Exit - MemInfo: [malloc] Maximum total allocated space:                     0 Byte
20220313 044726.437 INFO             PET0 PIOc_freedecomp Exit - MemInfo: [malloc] Space in freed fastbin blocks:                   224 Byte
20220313 044726.437 INFO             PET0 PIOc_freedecomp Exit - MemInfo: [malloc] Total allocated space:                       2331408 Byte
20220313 044726.437 INFO             PET0 PIOc_freedecomp Exit - MemInfo: [malloc] Total free space:                            9043184 Byte
20220313 044726.437 INFO             PET0 PIOc_freedecomp Exit - MemInfo: [malloc] Top-most, releasable space:                   122512 Byte
20220313 044726.437 INFO             PET0 PIOc_freedecomp Exit - MemInfo: [malloc] Total space in use, mmap + non-mmap:        86586128 Byte
20220313 044726.437 INFO             PET0 PIOc_freedecomp Exit - MemInfo: [malloc] Total space held (mmap + non-mmap):         95629312 Byte
20220313 044726.437 INFO             PET0 PIOc_freedecomp Exit - MemInfo: [malloc] Total space used (mmap + non-mmap):         86595504 Byte
20220313 044726.437 INFO             PET0 PIOc_freedecomp Exit - MemInfo: Wall-clock time since execution start:                3.31525 seconds
20220313 044726.437 INFO             PET0 PIOc_freedecomp Enter - MemInfo: [/proc/meminfo - SSI]	MemTotal:       196434604 kB
20220313 044726.437 INFO             PET0 PIOc_freedecomp Enter - MemInfo: [/proc/meminfo - SSI]	MemFree:        182934112 kB
20220313 044726.437 INFO             PET0 PIOc_freedecomp Enter - MemInfo: [/proc/meminfo - SSI]	MemAvailable:   191332348 kB
20220313 044726.437 INFO             PET0 PIOc_freedecomp Enter - MemInfo: [/proc/meminfo - SSI]	Committed_AS:    1620408 kB
20220313 044726.437 INFO             PET0 PIOc_freedecomp Enter - MemInfo: [/proc/meminfo - SSI]	CommittedPercent: 0.82491 %
20220313 044726.438 INFO             PET0 PIOc_freedecomp Enter - MemInfo: [/proc/self/status]	VmPeak:	 3846644 kB
20220313 044726.438 INFO             PET0 PIOc_freedecomp Enter - MemInfo: [/proc/self/status]	VmSize:	 3846644 kB
20220313 044726.438 INFO             PET0 PIOc_freedecomp Enter - MemInfo: [/proc/self/status]	VmLck:	       0 kB
20220313 044726.438 INFO             PET0 PIOc_freedecomp Enter - MemInfo: [/proc/self/status]	VmPin:	   79996 kB
20220313 044726.438 INFO             PET0 PIOc_freedecomp Enter - MemInfo: [/proc/self/status]	VmHWM:	  181344 kB
20220313 044726.438 INFO             PET0 PIOc_freedecomp Enter - MemInfo: [/proc/self/status]	VmRSS:	  181344 kB
20220313 044726.438 INFO             PET0 PIOc_freedecomp Enter - MemInfo: [/proc/self/status]	VmData:	  216328 kB
20220313 044726.438 INFO             PET0 PIOc_freedecomp Enter - MemInfo: [/proc/self/status]	VmStk:	     520 kB
20220313 044726.438 INFO             PET0 PIOc_freedecomp Enter - MemInfo: [/proc/self/status]	VmExe:	    1712 kB
20220313 044726.438 INFO             PET0 PIOc_freedecomp Enter - MemInfo: [/proc/self/status]	VmLib:	  174348 kB
20220313 044726.438 INFO             PET0 PIOc_freedecomp Enter - MemInfo: [/proc/self/status]	VmPTE:	    1016 kB
20220313 044726.438 INFO             PET0 PIOc_freedecomp Enter - MemInfo: [/proc/self/status]	VmSwap:	       0 kB
20220313 044726.438 INFO             PET0 PIOc_freedecomp Enter - MemInfo: [/proc/self/status]	VmRSSPercent: 0.0923177 %
20220313 044726.438 INFO             PET0 PIOc_freedecomp Enter - MemInfo: [malloc] Non-mmapped space allocated:                11374592 Byte
20220313 044726.438 INFO             PET0 PIOc_freedecomp Enter - MemInfo: [malloc] Space allocated in mmapped regions:         84254720 Byte
20220313 044726.438 INFO             PET0 PIOc_freedecomp Enter - MemInfo: [malloc] Maximum total allocated space:                     0 Byte
20220313 044726.438 INFO             PET0 PIOc_freedecomp Enter - MemInfo: [malloc] Space in freed fastbin blocks:                   368 Byte
20220313 044726.438 INFO             PET0 PIOc_freedecomp Enter - MemInfo: [malloc] Total allocated space:                       2331280 Byte
20220313 044726.438 INFO             PET0 PIOc_freedecomp Enter - MemInfo: [malloc] Total free space:                            9043312 Byte
20220313 044726.438 INFO             PET0 PIOc_freedecomp Enter - MemInfo: [malloc] Top-most, releasable space:                   122512 Byte
20220313 044726.438 INFO             PET0 PIOc_freedecomp Enter - MemInfo: [malloc] Total space in use, mmap + non-mmap:        86586000 Byte
20220313 044726.438 INFO             PET0 PIOc_freedecomp Enter - MemInfo: [malloc] Total space held (mmap + non-mmap):         95629312 Byte
20220313 044726.438 INFO             PET0 PIOc_freedecomp Enter - MemInfo: [malloc] Total space used (mmap + non-mmap):         86595376 Byte
20220313 044726.438 INFO             PET0 PIOc_freedecomp Enter - MemInfo: Wall-clock time since execution start:                3.31617 seconds
20220313 044726.438 INFO             PET0 PIOc_freedecomp Exit - MemInfo: [/proc/meminfo - SSI]	MemTotal:       196434604 kB
20220313 044726.438 INFO             PET0 PIOc_freedecomp Exit - MemInfo: [/proc/meminfo - SSI]	MemFree:        182934112 kB
20220313 044726.438 INFO             PET0 PIOc_freedecomp Exit - MemInfo: [/proc/meminfo - SSI]	MemAvailable:   191332348 kB
20220313 044726.438 INFO             PET0 PIOc_freedecomp Exit - MemInfo: [/proc/meminfo - SSI]	Committed_AS:    1620408 kB
20220313 044726.438 INFO             PET0 PIOc_freedecomp Exit - MemInfo: [/proc/meminfo - SSI]	CommittedPercent: 0.82491 %
20220313 044726.438 INFO             PET0 PIOc_freedecomp Exit - MemInfo: [/proc/self/status]	VmPeak:	 3846644 kB
20220313 044726.438 INFO             PET0 PIOc_freedecomp Exit - MemInfo: [/proc/self/status]	VmSize:	 3846644 kB
20220313 044726.438 INFO             PET0 PIOc_freedecomp Exit - MemInfo: [/proc/self/status]	VmLck:	       0 kB
20220313 044726.438 INFO             PET0 PIOc_freedecomp Exit - MemInfo: [/proc/self/status]	VmPin:	   79996 kB
20220313 044726.438 INFO             PET0 PIOc_freedecomp Exit - MemInfo: [/proc/self/status]	VmHWM:	  181344 kB
20220313 044726.439 INFO             PET0 PIOc_freedecomp Exit - MemInfo: [/proc/self/status]	VmRSS:	  181344 kB
20220313 044726.439 INFO             PET0 PIOc_freedecomp Exit - MemInfo: [/proc/self/status]	VmData:	  216328 kB
20220313 044726.439 INFO             PET0 PIOc_freedecomp Exit - MemInfo: [/proc/self/status]	VmStk:	     520 kB
20220313 044726.439 INFO             PET0 PIOc_freedecomp Exit - MemInfo: [/proc/self/status]	VmExe:	    1712 kB
20220313 044726.439 INFO             PET0 PIOc_freedecomp Exit - MemInfo: [/proc/self/status]	VmLib:	  174348 kB
20220313 044726.439 INFO             PET0 PIOc_freedecomp Exit - MemInfo: [/proc/self/status]	VmPTE:	    1016 kB
20220313 044726.439 INFO             PET0 PIOc_freedecomp Exit - MemInfo: [/proc/self/status]	VmSwap:	       0 kB
20220313 044726.439 INFO             PET0 PIOc_freedecomp Exit - MemInfo: [/proc/self/status]	VmRSSPercent: 0.0923177 %
20220313 044726.439 INFO             PET0 PIOc_freedecomp Exit - MemInfo: [malloc] Non-mmapped space allocated:                11374592 Byte
20220313 044726.439 INFO             PET0 PIOc_freedecomp Exit - MemInfo: [malloc] Space allocated in mmapped regions:         84254720 Byte
20220313 044726.439 INFO             PET0 PIOc_freedecomp Exit - MemInfo: [malloc] Maximum total allocated space:                     0 Byte
20220313 044726.439 INFO             PET0 PIOc_freedecomp Exit - MemInfo: [malloc] Space in freed fastbin blocks:                   224 Byte
20220313 044726.439 INFO             PET0 PIOc_freedecomp Exit - MemInfo: [malloc] Total allocated space:                       2326304 Byte
20220313 044726.439 INFO             PET0 PIOc_freedecomp Exit - MemInfo: [malloc] Total free space:                            9048288 Byte
20220313 044726.439 INFO             PET0 PIOc_freedecomp Exit - MemInfo: [malloc] Top-most, releasable space:                   128256 Byte
20220313 044726.439 INFO             PET0 PIOc_freedecomp Exit - MemInfo: [malloc] Total space in use, mmap + non-mmap:        86581024 Byte
20220313 044726.439 INFO             PET0 PIOc_freedecomp Exit - MemInfo: [malloc] Total space held (mmap + non-mmap):         95629312 Byte
20220313 044726.439 INFO             PET0 PIOc_freedecomp Exit - MemInfo: [malloc] Total space used (mmap + non-mmap):         86590400 Byte
20220313 044726.439 INFO             PET0 PIOc_freedecomp Exit - MemInfo: Wall-clock time since execution start:                3.31705 seconds
20220313 044726.439 INFO             PET0 PIOc_freedecomp Enter - MemInfo: [/proc/meminfo - SSI]	MemTotal:       196434604 kB
20220313 044726.439 INFO             PET0 PIOc_freedecomp Enter - MemInfo: [/proc/meminfo - SSI]	MemFree:        182934112 kB
20220313 044726.439 INFO             PET0 PIOc_freedecomp Enter - MemInfo: [/proc/meminfo - SSI]	MemAvailable:   191332348 kB
20220313 044726.439 INFO             PET0 PIOc_freedecomp Enter - MemInfo: [/proc/meminfo - SSI]	Committed_AS:    1620408 kB
20220313 044726.439 INFO             PET0 PIOc_freedecomp Enter - MemInfo: [/proc/meminfo - SSI]	CommittedPercent: 0.82491 %
20220313 044726.439 INFO             PET0 PIOc_freedecomp Enter - MemInfo: [/proc/self/status]	VmPeak:	 3846644 kB
20220313 044726.439 INFO             PET0 PIOc_freedecomp Enter - MemInfo: [/proc/self/status]	VmSize:	 3846644 kB
20220313 044726.439 INFO             PET0 PIOc_freedecomp Enter - MemInfo: [/proc/self/status]	VmLck:	       0 kB
20220313 044726.439 INFO             PET0 PIOc_freedecomp Enter - MemInfo: [/proc/self/status]	VmPin:	   79996 kB
20220313 044726.439 INFO             PET0 PIOc_freedecomp Enter - MemInfo: [/proc/self/status]	VmHWM:	  181344 kB
20220313 044726.439 INFO             PET0 PIOc_freedecomp Enter - MemInfo: [/proc/self/status]	VmRSS:	  181344 kB
20220313 044726.439 INFO             PET0 PIOc_freedecomp Enter - MemInfo: [/proc/self/status]	VmData:	  216328 kB
20220313 044726.439 INFO             PET0 PIOc_freedecomp Enter - MemInfo: [/proc/self/status]	VmStk:	     520 kB
20220313 044726.439 INFO             PET0 PIOc_freedecomp Enter - MemInfo: [/proc/self/status]	VmExe:	    1712 kB
20220313 044726.439 INFO             PET0 PIOc_freedecomp Enter - MemInfo: [/proc/self/status]	VmLib:	  174348 kB
20220313 044726.439 INFO             PET0 PIOc_freedecomp Enter - MemInfo: [/proc/self/status]	VmPTE:	    1016 kB
20220313 044726.439 INFO             PET0 PIOc_freedecomp Enter - MemInfo: [/proc/self/status]	VmSwap:	       0 kB
20220313 044726.440 INFO             PET0 PIOc_freedecomp Enter - MemInfo: [/proc/self/status]	VmRSSPercent: 0.0923177 %
20220313 044726.440 INFO             PET0 PIOc_freedecomp Enter - MemInfo: [malloc] Non-mmapped space allocated:                11374592 Byte
