build time -- 2022-03-14 00:29:56
20220314 014632.435 INFO             PET0 !!!!!!!!!!!!!!!!!!!!!!!!!!!!!!!!!!!!!!!!!!!!!!!!!!!!!!
20220314 014632.435 INFO             PET0 !!! THE ESMF_LOG IS SET TO OUTPUT ALL LOG MESSAGES !!!
20220314 014632.435 INFO             PET0 !!!     THIS MAY CAUSE SLOWDOWN IN PERFORMANCE     !!!
20220314 014632.435 INFO             PET0 !!! FOR PRODUCTION RUNS, USE:                      !!!
20220314 014632.435 INFO             PET0 !!!                   ESMF_LOGKIND_Multi_On_Error  !!!
20220314 014632.435 INFO             PET0 !!!!!!!!!!!!!!!!!!!!!!!!!!!!!!!!!!!!!!!!!!!!!!!!!!!!!!
20220314 014632.435 INFO             PET0 Running with ESMF Version   : v8.3.0b09-96-g559b459836
20220314 014632.435 INFO             PET0 ESMF library build date/time: "Mar 14 2022" "00:28:19"
20220314 014632.435 INFO             PET0 ESMF library build location : /lustre/f2/dev/ncep/Mark.Potts/gfortran_8.3.0_mpi_O_jedwards_pio_update2
20220314 014632.435 INFO             PET0 ESMF_COMM                   : mpi
20220314 014632.435 INFO             PET0 ESMF_MOAB                   : enabled
20220314 014632.435 INFO             PET0 ESMF_LAPACK                 : enabled
20220314 014632.435 INFO             PET0 ESMF_NETCDF                 : enabled
20220314 014632.435 INFO             PET0 ESMF_PNETCDF                : disabled
20220314 014632.435 INFO             PET0 ESMF_PIO                    : enabled
20220314 014632.435 INFO             PET0 ESMF_YAMLCPP                : enabled
20220314 014632.532 INFO             PET0 PIOc_sync Enter - MemInfo: [/proc/meminfo - SSI]	MemTotal:       65855856 kB
20220314 014632.532 INFO             PET0 PIOc_sync Enter - MemInfo: [/proc/meminfo - SSI]	MemFree:        61336004 kB
20220314 014632.532 INFO             PET0 PIOc_sync Enter - MemInfo: [/proc/meminfo - SSI]	MemAvailable:   61105172 kB
20220314 014632.532 INFO             PET0 PIOc_sync Enter - MemInfo: [/proc/meminfo - SSI]	Committed_AS:    2816200 kB
20220314 014632.532 INFO             PET0 PIOc_sync Enter - MemInfo: [/proc/meminfo - SSI]	CommittedPercent: 4.27631 %
20220314 014632.532 INFO             PET0 PIOc_sync Enter - MemInfo: [/proc/self/status]	VmPeak:	   70088 kB
20220314 014632.532 INFO             PET0 PIOc_sync Enter - MemInfo: [/proc/self/status]	VmSize:	   70088 kB
20220314 014632.532 INFO             PET0 PIOc_sync Enter - MemInfo: [/proc/self/status]	VmLck:	       0 kB
20220314 014632.532 INFO             PET0 PIOc_sync Enter - MemInfo: [/proc/self/status]	VmPin:	       0 kB
20220314 014632.532 INFO             PET0 PIOc_sync Enter - MemInfo: [/proc/self/status]	VmHWM:	   16664 kB
20220314 014632.532 INFO             PET0 PIOc_sync Enter - MemInfo: [/proc/self/status]	VmRSS:	   16664 kB
20220314 014632.532 INFO             PET0 PIOc_sync Enter - MemInfo: [/proc/self/status]	VmData:	   17164 kB
20220314 014632.532 INFO             PET0 PIOc_sync Enter - MemInfo: [/proc/self/status]	VmStk:	     164 kB
20220314 014632.532 INFO             PET0 PIOc_sync Enter - MemInfo: [/proc/self/status]	VmExe:	   27340 kB
20220314 014632.532 INFO             PET0 PIOc_sync Enter - MemInfo: [/proc/self/status]	VmLib:	    1952 kB
20220314 014632.532 INFO             PET0 PIOc_sync Enter - MemInfo: [/proc/self/status]	VmPTE:	     124 kB
20220314 014632.532 INFO             PET0 PIOc_sync Enter - MemInfo: [/proc/self/status]	VmPMD:	      12 kB
20220314 014632.532 INFO             PET0 PIOc_sync Enter - MemInfo: [/proc/self/status]	VmSwap:	       0 kB
20220314 014632.532 INFO             PET0 PIOc_sync Enter - MemInfo: [/proc/self/status]	VmRSSPercent: 0.0253037 %
20220314 014632.532 INFO             PET0 PIOc_sync Enter - MemInfo: [malloc] Non-mmapped space allocated:                 1288512 Byte
20220314 014632.532 INFO             PET0 PIOc_sync Enter - MemInfo: [malloc] Space allocated in mmapped regions:         11948032 Byte
20220314 014632.532 INFO             PET0 PIOc_sync Enter - MemInfo: [malloc] Maximum total allocated space:                     0 Byte
20220314 014632.532 INFO             PET0 PIOc_sync Enter - MemInfo: [malloc] Space in freed fastbin blocks:                    96 Byte
20220314 014632.532 INFO             PET0 PIOc_sync Enter - MemInfo: [malloc] Total allocated space:                       1181120 Byte
20220314 014632.532 INFO             PET0 PIOc_sync Enter - MemInfo: [malloc] Total free space:                             107392 Byte
20220314 014632.532 INFO             PET0 PIOc_sync Enter - MemInfo: [malloc] Top-most, releasable space:                    81360 Byte
20220314 014632.532 INFO             PET0 PIOc_sync Enter - MemInfo: [malloc] Total space in use, mmap + non-mmap:        13129152 Byte
20220314 014632.533 INFO             PET0 PIOc_sync Enter - MemInfo: [malloc] Total space held (mmap + non-mmap):         13236544 Byte
20220314 014632.533 INFO             PET0 PIOc_sync Enter - MemInfo: [malloc] Total space used (mmap + non-mmap):         13138896 Byte
20220314 014632.533 INFO             PET0 PIOc_sync Enter - MemInfo: Wall-clock time since execution start:                0.12384 seconds
20220314 014632.533 INFO             PET0 PIOc_sync Exit - MemInfo: [/proc/meminfo - SSI]	MemTotal:       65855856 kB
20220314 014632.533 INFO             PET0 PIOc_sync Exit - MemInfo: [/proc/meminfo - SSI]	MemFree:        61336004 kB
20220314 014632.533 INFO             PET0 PIOc_sync Exit - MemInfo: [/proc/meminfo - SSI]	MemAvailable:   61105172 kB
20220314 014632.533 INFO             PET0 PIOc_sync Exit - MemInfo: [/proc/meminfo - SSI]	Committed_AS:    2816200 kB
20220314 014632.534 INFO             PET0 PIOc_sync Exit - MemInfo: [/proc/meminfo - SSI]	CommittedPercent: 4.27631 %
20220314 014632.534 INFO             PET0 PIOc_sync Exit - MemInfo: [/proc/self/status]	VmPeak:	   70412 kB
20220314 014632.534 INFO             PET0 PIOc_sync Exit - MemInfo: [/proc/self/status]	VmSize:	   70412 kB
20220314 014632.534 INFO             PET0 PIOc_sync Exit - MemInfo: [/proc/self/status]	VmLck:	       0 kB
20220314 014632.534 INFO             PET0 PIOc_sync Exit - MemInfo: [/proc/self/status]	VmPin:	       0 kB
20220314 014632.534 INFO             PET0 PIOc_sync Exit - MemInfo: [/proc/self/status]	VmHWM:	   17160 kB
20220314 014632.534 INFO             PET0 PIOc_sync Exit - MemInfo: [/proc/self/status]	VmRSS:	   17160 kB
20220314 014632.534 INFO             PET0 PIOc_sync Exit - MemInfo: [/proc/self/status]	VmData:	   17488 kB
20220314 014632.534 INFO             PET0 PIOc_sync Exit - MemInfo: [/proc/self/status]	VmStk:	     164 kB
20220314 014632.534 INFO             PET0 PIOc_sync Exit - MemInfo: [/proc/self/status]	VmExe:	   27340 kB
20220314 014632.534 INFO             PET0 PIOc_sync Exit - MemInfo: [/proc/self/status]	VmLib:	    1952 kB
20220314 014632.534 INFO             PET0 PIOc_sync Exit - MemInfo: [/proc/self/status]	VmPTE:	     128 kB
20220314 014632.534 INFO             PET0 PIOc_sync Exit - MemInfo: [/proc/self/status]	VmPMD:	      12 kB
20220314 014632.534 INFO             PET0 PIOc_sync Exit - MemInfo: [/proc/self/status]	VmSwap:	       0 kB
20220314 014632.534 INFO             PET0 PIOc_sync Exit - MemInfo: [/proc/self/status]	VmRSSPercent: 0.0260569 %
20220314 014632.534 INFO             PET0 PIOc_sync Exit - MemInfo: [malloc] Non-mmapped space allocated:                 1288512 Byte
20220314 014632.534 INFO             PET0 PIOc_sync Exit - MemInfo: [malloc] Space allocated in mmapped regions:         12279808 Byte
20220314 014632.534 INFO             PET0 PIOc_sync Exit - MemInfo: [malloc] Maximum total allocated space:                     0 Byte
20220314 014632.534 INFO             PET0 PIOc_sync Exit - MemInfo: [malloc] Space in freed fastbin blocks:                    96 Byte
20220314 014632.534 INFO             PET0 PIOc_sync Exit - MemInfo: [malloc] Total allocated space:                       1250928 Byte
20220314 014632.534 INFO             PET0 PIOc_sync Exit - MemInfo: [malloc] Total free space:                              37584 Byte
20220314 014632.534 INFO             PET0 PIOc_sync Exit - MemInfo: [malloc] Top-most, releasable space:                    15808 Byte
20220314 014632.534 INFO             PET0 PIOc_sync Exit - MemInfo: [malloc] Total space in use, mmap + non-mmap:        13530736 Byte
20220314 014632.534 INFO             PET0 PIOc_sync Exit - MemInfo: [malloc] Total space held (mmap + non-mmap):         13568320 Byte
20220314 014632.534 INFO             PET0 PIOc_sync Exit - MemInfo: [malloc] Total space used (mmap + non-mmap):         13539776 Byte
20220314 014632.534 INFO             PET0 PIOc_sync Exit - MemInfo: Wall-clock time since execution start:               0.125061 seconds
20220314 014632.534 INFO             PET0 PIOc_freedecomp Enter - MemInfo: [/proc/meminfo - SSI]	MemTotal:       65855856 kB
20220314 014632.534 INFO             PET0 PIOc_freedecomp Enter - MemInfo: [/proc/meminfo - SSI]	MemFree:        61343060 kB
20220314 014632.534 INFO             PET0 PIOc_freedecomp Enter - MemInfo: [/proc/meminfo - SSI]	MemAvailable:   61112228 kB
20220314 014632.534 INFO             PET0 PIOc_freedecomp Enter - MemInfo: [/proc/meminfo - SSI]	Committed_AS:    2808332 kB
20220314 014632.534 INFO             PET0 PIOc_freedecomp Enter - MemInfo: [/proc/meminfo - SSI]	CommittedPercent: 4.26436 %
20220314 014632.534 INFO             PET0 PIOc_freedecomp Enter - MemInfo: [/proc/self/status]	VmPeak:	   70412 kB
20220314 014632.534 INFO             PET0 PIOc_freedecomp Enter - MemInfo: [/proc/self/status]	VmSize:	   61700 kB
20220314 014632.534 INFO             PET0 PIOc_freedecomp Enter - MemInfo: [/proc/self/status]	VmLck:	       0 kB
20220314 014632.534 INFO             PET0 PIOc_freedecomp Enter - MemInfo: [/proc/self/status]	VmPin:	       0 kB
20220314 014632.534 INFO             PET0 PIOc_freedecomp Enter - MemInfo: [/proc/self/status]	VmHWM:	   17160 kB
20220314 014632.534 INFO             PET0 PIOc_freedecomp Enter - MemInfo: [/proc/self/status]	VmRSS:	    9212 kB
20220314 014632.534 INFO             PET0 PIOc_freedecomp Enter - MemInfo: [/proc/self/status]	VmData:	    8776 kB
20220314 014632.534 INFO             PET0 PIOc_freedecomp Enter - MemInfo: [/proc/self/status]	VmStk:	     164 kB
20220314 014632.534 INFO             PET0 PIOc_freedecomp Enter - MemInfo: [/proc/self/status]	VmExe:	   27340 kB
20220314 014632.534 INFO             PET0 PIOc_freedecomp Enter - MemInfo: [/proc/self/status]	VmLib:	    1952 kB
20220314 014632.534 INFO             PET0 PIOc_freedecomp Enter - MemInfo: [/proc/self/status]	VmPTE:	     116 kB
20220314 014632.534 INFO             PET0 PIOc_freedecomp Enter - MemInfo: [/proc/self/status]	VmPMD:	      12 kB
20220314 014632.534 INFO             PET0 PIOc_freedecomp Enter - MemInfo: [/proc/self/status]	VmSwap:	       0 kB
20220314 014632.535 INFO             PET0 PIOc_freedecomp Enter - MemInfo: [/proc/self/status]	VmRSSPercent: 0.0139881 %
20220314 014632.535 INFO             PET0 PIOc_freedecomp Enter - MemInfo: [malloc] Non-mmapped space allocated:                 1288512 Byte
20220314 014632.535 INFO             PET0 PIOc_freedecomp Enter - MemInfo: [malloc] Space allocated in mmapped regions:          3358720 Byte
20220314 014632.535 INFO             PET0 PIOc_freedecomp Enter - MemInfo: [malloc] Maximum total allocated space:                     0 Byte
20220314 014632.535 INFO             PET0 PIOc_freedecomp Enter - MemInfo: [malloc] Space in freed fastbin blocks:                  1056 Byte
20220314 014632.535 INFO             PET0 PIOc_freedecomp Enter - MemInfo: [malloc] Total allocated space:                       1240864 Byte
20220314 014632.535 INFO             PET0 PIOc_freedecomp Enter - MemInfo: [malloc] Total free space:                              47648 Byte
20220314 014632.535 INFO             PET0 PIOc_freedecomp Enter - MemInfo: [malloc] Top-most, releasable space:                    15808 Byte
20220314 014632.535 INFO             PET0 PIOc_freedecomp Enter - MemInfo: [malloc] Total space in use, mmap + non-mmap:         4599584 Byte
20220314 014632.535 INFO             PET0 PIOc_freedecomp Enter - MemInfo: [malloc] Total space held (mmap + non-mmap):          4647232 Byte
20220314 014632.535 INFO             PET0 PIOc_freedecomp Enter - MemInfo: [malloc] Total space used (mmap + non-mmap):          4608112 Byte
20220314 014632.535 INFO             PET0 PIOc_freedecomp Enter - MemInfo: Wall-clock time since execution start:               0.125903 seconds
20220314 014632.535 INFO             PET0 PIOc_freedecomp Exit - MemInfo: [/proc/meminfo - SSI]	MemTotal:       65855856 kB
20220314 014632.535 INFO             PET0 PIOc_freedecomp Exit - MemInfo: [/proc/meminfo - SSI]	MemFree:        61343060 kB
20220314 014632.535 INFO             PET0 PIOc_freedecomp Exit - MemInfo: [/proc/meminfo - SSI]	MemAvailable:   61112228 kB
20220314 014632.535 INFO             PET0 PIOc_freedecomp Exit - MemInfo: [/proc/meminfo - SSI]	Committed_AS:    2808332 kB
20220314 014632.535 INFO             PET0 PIOc_freedecomp Exit - MemInfo: [/proc/meminfo - SSI]	CommittedPercent: 4.26436 %
20220314 014632.535 INFO             PET0 PIOc_freedecomp Exit - MemInfo: [/proc/self/status]	VmPeak:	   70412 kB
20220314 014632.535 INFO             PET0 PIOc_freedecomp Exit - MemInfo: [/proc/self/status]	VmSize:	   61700 kB
20220314 014632.535 INFO             PET0 PIOc_freedecomp Exit - MemInfo: [/proc/self/status]	VmLck:	       0 kB
20220314 014632.535 INFO             PET0 PIOc_freedecomp Exit - MemInfo: [/proc/self/status]	VmPin:	       0 kB
20220314 014632.535 INFO             PET0 PIOc_freedecomp Exit - MemInfo: [/proc/self/status]	VmHWM:	   17160 kB
20220314 014632.535 INFO             PET0 PIOc_freedecomp Exit - MemInfo: [/proc/self/status]	VmRSS:	    9212 kB
20220314 014632.535 INFO             PET0 PIOc_freedecomp Exit - MemInfo: [/proc/self/status]	VmData:	    8776 kB
20220314 014632.535 INFO             PET0 PIOc_freedecomp Exit - MemInfo: [/proc/self/status]	VmStk:	     164 kB
20220314 014632.535 INFO             PET0 PIOc_freedecomp Exit - MemInfo: [/proc/self/status]	VmExe:	   27340 kB
20220314 014632.535 INFO             PET0 PIOc_freedecomp Exit - MemInfo: [/proc/self/status]	VmLib:	    1952 kB
20220314 014632.535 INFO             PET0 PIOc_freedecomp Exit - MemInfo: [/proc/self/status]	VmPTE:	     116 kB
20220314 014632.535 INFO             PET0 PIOc_freedecomp Exit - MemInfo: [/proc/self/status]	VmPMD:	      12 kB
20220314 014632.535 INFO             PET0 PIOc_freedecomp Exit - MemInfo: [/proc/self/status]	VmSwap:	       0 kB
20220314 014632.535 INFO             PET0 PIOc_freedecomp Exit - MemInfo: [/proc/self/status]	VmRSSPercent: 0.0139881 %
20220314 014632.535 INFO             PET0 PIOc_freedecomp Exit - MemInfo: [malloc] Non-mmapped space allocated:                 1288512 Byte
20220314 014632.535 INFO             PET0 PIOc_freedecomp Exit - MemInfo: [malloc] Space allocated in mmapped regions:          3358720 Byte
20220314 014632.535 INFO             PET0 PIOc_freedecomp Exit - MemInfo: [malloc] Maximum total allocated space:                     0 Byte
20220314 014632.535 INFO             PET0 PIOc_freedecomp Exit - MemInfo: [malloc] Space in freed fastbin blocks:                  1760 Byte
20220314 014632.535 INFO             PET0 PIOc_freedecomp Exit - MemInfo: [malloc] Total allocated space:                       1240336 Byte
20220314 014632.535 INFO             PET0 PIOc_freedecomp Exit - MemInfo: [malloc] Total free space:                              48176 Byte
20220314 014632.535 INFO             PET0 PIOc_freedecomp Exit - MemInfo: [malloc] Top-most, releasable space:                    15808 Byte
20220314 014632.535 INFO             PET0 PIOc_freedecomp Exit - MemInfo: [malloc] Total space in use, mmap + non-mmap:         4599056 Byte
20220314 014632.535 INFO             PET0 PIOc_freedecomp Exit - MemInfo: [malloc] Total space held (mmap + non-mmap):          4647232 Byte
20220314 014632.535 INFO             PET0 PIOc_freedecomp Exit - MemInfo: [malloc] Total space used (mmap + non-mmap):          4607424 Byte
20220314 014632.535 INFO             PET0 PIOc_freedecomp Exit - MemInfo: Wall-clock time since execution start:               0.126268 seconds
20220314 014632.538 INFO             PET0 PIOc_sync Enter - MemInfo: [/proc/meminfo - SSI]	MemTotal:       65855856 kB
20220314 014632.538 INFO             PET0 PIOc_sync Enter - MemInfo: [/proc/meminfo - SSI]	MemFree:        61340236 kB
20220314 014632.538 INFO             PET0 PIOc_sync Enter - MemInfo: [/proc/meminfo - SSI]	MemAvailable:   61109812 kB
20220314 014632.538 INFO             PET0 PIOc_sync Enter - MemInfo: [/proc/meminfo - SSI]	Committed_AS:    2816600 kB
20220314 014632.538 INFO             PET0 PIOc_sync Enter - MemInfo: [/proc/meminfo - SSI]	CommittedPercent: 4.27692 %
20220314 014632.538 INFO             PET0 PIOc_sync Enter - MemInfo: [/proc/self/status]	VmPeak:	   70520 kB
20220314 014632.538 INFO             PET0 PIOc_sync Enter - MemInfo: [/proc/self/status]	VmSize:	   70520 kB
20220314 014632.538 INFO             PET0 PIOc_sync Enter - MemInfo: [/proc/self/status]	VmLck:	       0 kB
20220314 014632.538 INFO             PET0 PIOc_sync Enter - MemInfo: [/proc/self/status]	VmPin:	       0 kB
20220314 014632.538 INFO             PET0 PIOc_sync Enter - MemInfo: [/proc/self/status]	VmHWM:	   17160 kB
20220314 014632.538 INFO             PET0 PIOc_sync Enter - MemInfo: [/proc/self/status]	VmRSS:	   13132 kB
20220314 014632.538 INFO             PET0 PIOc_sync Enter - MemInfo: [/proc/self/status]	VmData:	   17596 kB
20220314 014632.538 INFO             PET0 PIOc_sync Enter - MemInfo: [/proc/self/status]	VmStk:	     164 kB
20220314 014632.538 INFO             PET0 PIOc_sync Enter - MemInfo: [/proc/self/status]	VmExe:	   27340 kB
20220314 014632.538 INFO             PET0 PIOc_sync Enter - MemInfo: [/proc/self/status]	VmLib:	    1952 kB
20220314 014632.538 INFO             PET0 PIOc_sync Enter - MemInfo: [/proc/self/status]	VmPTE:	     128 kB
20220314 014632.538 INFO             PET0 PIOc_sync Enter - MemInfo: [/proc/self/status]	VmPMD:	      12 kB
20220314 014632.538 INFO             PET0 PIOc_sync Enter - MemInfo: [/proc/self/status]	VmSwap:	       0 kB
20220314 014632.538 INFO             PET0 PIOc_sync Enter - MemInfo: [/proc/self/status]	VmRSSPercent: 0.0199405 %
20220314 014632.538 INFO             PET0 PIOc_sync Enter - MemInfo: [malloc] Non-mmapped space allocated:                10320192 Byte
20220314 014632.538 INFO             PET0 PIOc_sync Enter - MemInfo: [malloc] Space allocated in mmapped regions:          3358720 Byte
20220314 014632.538 INFO             PET0 PIOc_sync Enter - MemInfo: [malloc] Maximum total allocated space:                     0 Byte
20220314 014632.538 INFO             PET0 PIOc_sync Enter - MemInfo: [malloc] Space in freed fastbin blocks:                   272 Byte
20220314 014632.538 INFO             PET0 PIOc_sync Enter - MemInfo: [malloc] Total allocated space:                      10169744 Byte
20220314 014632.538 INFO             PET0 PIOc_sync Enter - MemInfo: [malloc] Total free space:                             150448 Byte
20220314 014632.538 INFO             PET0 PIOc_sync Enter - MemInfo: [malloc] Top-most, releasable space:                   134560 Byte
20220314 014632.538 INFO             PET0 PIOc_sync Enter - MemInfo: [malloc] Total space in use, mmap + non-mmap:        13528464 Byte
20220314 014632.538 INFO             PET0 PIOc_sync Enter - MemInfo: [malloc] Total space held (mmap + non-mmap):         13678912 Byte
20220314 014632.538 INFO             PET0 PIOc_sync Enter - MemInfo: [malloc] Total space used (mmap + non-mmap):         13537024 Byte
20220314 014632.538 INFO             PET0 PIOc_sync Enter - MemInfo: Wall-clock time since execution start:               0.129765 seconds
20220314 014632.539 INFO             PET0 PIOc_sync Exit - MemInfo: [/proc/meminfo - SSI]	MemTotal:       65855856 kB
20220314 014632.539 INFO             PET0 PIOc_sync Exit - MemInfo: [/proc/meminfo - SSI]	MemFree:        61340236 kB
20220314 014632.539 INFO             PET0 PIOc_sync Exit - MemInfo: [/proc/meminfo - SSI]	MemAvailable:   61109812 kB
20220314 014632.539 INFO             PET0 PIOc_sync Exit - MemInfo: [/proc/meminfo - SSI]	Committed_AS:    2816600 kB
20220314 014632.539 INFO             PET0 PIOc_sync Exit - MemInfo: [/proc/meminfo - SSI]	CommittedPercent: 4.27692 %
20220314 014632.539 INFO             PET0 PIOc_sync Exit - MemInfo: [/proc/self/status]	VmPeak:	   70520 kB
20220314 014632.539 INFO             PET0 PIOc_sync Exit - MemInfo: [/proc/self/status]	VmSize:	   70520 kB
20220314 014632.539 INFO             PET0 PIOc_sync Exit - MemInfo: [/proc/self/status]	VmLck:	       0 kB
20220314 014632.539 INFO             PET0 PIOc_sync Exit - MemInfo: [/proc/self/status]	VmPin:	       0 kB
20220314 014632.539 INFO             PET0 PIOc_sync Exit - MemInfo: [/proc/self/status]	VmHWM:	   17160 kB
20220314 014632.539 INFO             PET0 PIOc_sync Exit - MemInfo: [/proc/self/status]	VmRSS:	   13132 kB
20220314 014632.539 INFO             PET0 PIOc_sync Exit - MemInfo: [/proc/self/status]	VmData:	   17596 kB
20220314 014632.539 INFO             PET0 PIOc_sync Exit - MemInfo: [/proc/self/status]	VmStk:	     164 kB
20220314 014632.539 INFO             PET0 PIOc_sync Exit - MemInfo: [/proc/self/status]	VmExe:	   27340 kB
20220314 014632.539 INFO             PET0 PIOc_sync Exit - MemInfo: [/proc/self/status]	VmLib:	    1952 kB
20220314 014632.539 INFO             PET0 PIOc_sync Exit - MemInfo: [/proc/self/status]	VmPTE:	     132 kB
20220314 014632.539 INFO             PET0 PIOc_sync Exit - MemInfo: [/proc/self/status]	VmPMD:	      12 kB
20220314 014632.539 INFO             PET0 PIOc_sync Exit - MemInfo: [/proc/self/status]	VmSwap:	       0 kB
20220314 014632.539 INFO             PET0 PIOc_sync Exit - MemInfo: [/proc/self/status]	VmRSSPercent: 0.0199405 %
20220314 014632.539 INFO             PET0 PIOc_sync Exit - MemInfo: [malloc] Non-mmapped space allocated:                10320192 Byte
20220314 014632.539 INFO             PET0 PIOc_sync Exit - MemInfo: [malloc] Space allocated in mmapped regions:          3358720 Byte
20220314 014632.539 INFO             PET0 PIOc_sync Exit - MemInfo: [malloc] Maximum total allocated space:                     0 Byte
20220314 014632.539 INFO             PET0 PIOc_sync Exit - MemInfo: [malloc] Space in freed fastbin blocks:                    96 Byte
20220314 014632.539 INFO             PET0 PIOc_sync Exit - MemInfo: [malloc] Total allocated space:                      10170752 Byte
20220314 014632.539 INFO             PET0 PIOc_sync Exit - MemInfo: [malloc] Total free space:                             149440 Byte
20220314 014632.539 INFO             PET0 PIOc_sync Exit - MemInfo: [malloc] Top-most, releasable space:                   134560 Byte
20220314 014632.539 INFO             PET0 PIOc_sync Exit - MemInfo: [malloc] Total space in use, mmap + non-mmap:        13529472 Byte
20220314 014632.539 INFO             PET0 PIOc_sync Exit - MemInfo: [malloc] Total space held (mmap + non-mmap):         13678912 Byte
20220314 014632.539 INFO             PET0 PIOc_sync Exit - MemInfo: [malloc] Total space used (mmap + non-mmap):         13538528 Byte
20220314 014632.539 INFO             PET0 PIOc_sync Exit - MemInfo: Wall-clock time since execution start:               0.130135 seconds
20220314 014632.539 INFO             PET0 PIOc_freedecomp Enter - MemInfo: [/proc/meminfo - SSI]	MemTotal:       65855856 kB
20220314 014632.539 INFO             PET0 PIOc_freedecomp Enter - MemInfo: [/proc/meminfo - SSI]	MemFree:        61340236 kB
20220314 014632.539 INFO             PET0 PIOc_freedecomp Enter - MemInfo: [/proc/meminfo - SSI]	MemAvailable:   61109812 kB
20220314 014632.539 INFO             PET0 PIOc_freedecomp Enter - MemInfo: [/proc/meminfo - SSI]	Committed_AS:    2816600 kB
20220314 014632.539 INFO             PET0 PIOc_freedecomp Enter - MemInfo: [/proc/meminfo - SSI]	CommittedPercent: 4.27692 %
20220314 014632.539 INFO             PET0 PIOc_freedecomp Enter - MemInfo: [/proc/self/status]	VmPeak:	   70520 kB
20220314 014632.539 INFO             PET0 PIOc_freedecomp Enter - MemInfo: [/proc/self/status]	VmSize:	   70520 kB
20220314 014632.539 INFO             PET0 PIOc_freedecomp Enter - MemInfo: [/proc/self/status]	VmLck:	       0 kB
20220314 014632.539 INFO             PET0 PIOc_freedecomp Enter - MemInfo: [/proc/self/status]	VmPin:	       0 kB
20220314 014632.539 INFO             PET0 PIOc_freedecomp Enter - MemInfo: [/proc/self/status]	VmHWM:	   17160 kB
20220314 014632.539 INFO             PET0 PIOc_freedecomp Enter - MemInfo: [/proc/self/status]	VmRSS:	   13132 kB
20220314 014632.539 INFO             PET0 PIOc_freedecomp Enter - MemInfo: [/proc/self/status]	VmData:	   17596 kB
20220314 014632.539 INFO             PET0 PIOc_freedecomp Enter - MemInfo: [/proc/self/status]	VmStk:	     164 kB
20220314 014632.539 INFO             PET0 PIOc_freedecomp Enter - MemInfo: [/proc/self/status]	VmExe:	   27340 kB
20220314 014632.539 INFO             PET0 PIOc_freedecomp Enter - MemInfo: [/proc/self/status]	VmLib:	    1952 kB
20220314 014632.539 INFO             PET0 PIOc_freedecomp Enter - MemInfo: [/proc/self/status]	VmPTE:	     132 kB
20220314 014632.539 INFO             PET0 PIOc_freedecomp Enter - MemInfo: [/proc/self/status]	VmPMD:	      12 kB
20220314 014632.539 INFO             PET0 PIOc_freedecomp Enter - MemInfo: [/proc/self/status]	VmSwap:	       0 kB
20220314 014632.539 INFO             PET0 PIOc_freedecomp Enter - MemInfo: [/proc/self/status]	VmRSSPercent: 0.0199405 %
20220314 014632.539 INFO             PET0 PIOc_freedecomp Enter - MemInfo: [malloc] Non-mmapped space allocated:                10320192 Byte
20220314 014632.539 INFO             PET0 PIOc_freedecomp Enter - MemInfo: [malloc] Space allocated in mmapped regions:          3358720 Byte
20220314 014632.539 INFO             PET0 PIOc_freedecomp Enter - MemInfo: [malloc] Maximum total allocated space:                     0 Byte
20220314 014632.539 INFO             PET0 PIOc_freedecomp Enter - MemInfo: [malloc] Space in freed fastbin blocks:                   208 Byte
20220314 014632.539 INFO             PET0 PIOc_freedecomp Enter - MemInfo: [malloc] Total allocated space:                       1246480 Byte
20220314 014632.539 INFO             PET0 PIOc_freedecomp Enter - MemInfo: [malloc] Total free space:                            9073712 Byte
20220314 014632.539 INFO             PET0 PIOc_freedecomp Enter - MemInfo: [malloc] Top-most, releasable space:                  9047488 Byte
20220314 014632.539 INFO             PET0 PIOc_freedecomp Enter - MemInfo: [malloc] Total space in use, mmap + non-mmap:         4605200 Byte
20220314 014632.539 INFO             PET0 PIOc_freedecomp Enter - MemInfo: [malloc] Total space held (mmap + non-mmap):         13678912 Byte
20220314 014632.539 INFO             PET0 PIOc_freedecomp Enter - MemInfo: [malloc] Total space used (mmap + non-mmap):          4613632 Byte
20220314 014632.539 INFO             PET0 PIOc_freedecomp Enter - MemInfo: Wall-clock time since execution start:               0.130655 seconds
20220314 014632.539 INFO             PET0 PIOc_freedecomp Exit - MemInfo: [/proc/meminfo - SSI]	MemTotal:       65855856 kB
20220314 014632.539 INFO             PET0 PIOc_freedecomp Exit - MemInfo: [/proc/meminfo - SSI]	MemFree:        61340236 kB
20220314 014632.539 INFO             PET0 PIOc_freedecomp Exit - MemInfo: [/proc/meminfo - SSI]	MemAvailable:   61109812 kB
20220314 014632.539 INFO             PET0 PIOc_freedecomp Exit - MemInfo: [/proc/meminfo - SSI]	Committed_AS:    2816600 kB
20220314 014632.539 INFO             PET0 PIOc_freedecomp Exit - MemInfo: [/proc/meminfo - SSI]	CommittedPercent: 4.27692 %
20220314 014632.539 INFO             PET0 PIOc_freedecomp Exit - MemInfo: [/proc/self/status]	VmPeak:	   70520 kB
20220314 014632.539 INFO             PET0 PIOc_freedecomp Exit - MemInfo: [/proc/self/status]	VmSize:	   70520 kB
20220314 014632.539 INFO             PET0 PIOc_freedecomp Exit - MemInfo: [/proc/self/status]	VmLck:	       0 kB
20220314 014632.539 INFO             PET0 PIOc_freedecomp Exit - MemInfo: [/proc/self/status]	VmPin:	       0 kB
20220314 014632.539 INFO             PET0 PIOc_freedecomp Exit - MemInfo: [/proc/self/status]	VmHWM:	   17160 kB
20220314 014632.539 INFO             PET0 PIOc_freedecomp Exit - MemInfo: [/proc/self/status]	VmRSS:	   13132 kB
20220314 014632.539 INFO             PET0 PIOc_freedecomp Exit - MemInfo: [/proc/self/status]	VmData:	   17596 kB
20220314 014632.540 INFO             PET0 PIOc_freedecomp Exit - MemInfo: [/proc/self/status]	VmStk:	     164 kB
20220314 014632.540 INFO             PET0 PIOc_freedecomp Exit - MemInfo: [/proc/self/status]	VmExe:	   27340 kB
20220314 014632.540 INFO             PET0 PIOc_freedecomp Exit - MemInfo: [/proc/self/status]	VmLib:	    1952 kB
20220314 014632.540 INFO             PET0 PIOc_freedecomp Exit - MemInfo: [/proc/self/status]	VmPTE:	     132 kB
20220314 014632.540 INFO             PET0 PIOc_freedecomp Exit - MemInfo: [/proc/self/status]	VmPMD:	      12 kB
20220314 014632.540 INFO             PET0 PIOc_freedecomp Exit - MemInfo: [/proc/self/status]	VmSwap:	       0 kB
20220314 014632.540 INFO             PET0 PIOc_freedecomp Exit - MemInfo: [/proc/self/status]	VmRSSPercent: 0.0199405 %
20220314 014632.540 INFO             PET0 PIOc_freedecomp Exit - MemInfo: [malloc] Non-mmapped space allocated:                10320192 Byte
20220314 014632.540 INFO             PET0 PIOc_freedecomp Exit - MemInfo: [malloc] Space allocated in mmapped regions:          3358720 Byte
20220314 014632.540 INFO             PET0 PIOc_freedecomp Exit - MemInfo: [malloc] Maximum total allocated space:                     0 Byte
20220314 014632.540 INFO             PET0 PIOc_freedecomp Exit - MemInfo: [malloc] Space in freed fastbin blocks:                  2176 Byte
20220314 014632.540 INFO             PET0 PIOc_freedecomp Exit - MemInfo: [malloc] Total allocated space:                       1244656 Byte
20220314 014632.540 INFO             PET0 PIOc_freedecomp Exit - MemInfo: [malloc] Total free space:                            9075536 Byte
20220314 014632.540 INFO             PET0 PIOc_freedecomp Exit - MemInfo: [malloc] Top-most, releasable space:                  9047488 Byte
20220314 014632.540 INFO             PET0 PIOc_freedecomp Exit - MemInfo: [malloc] Total space in use, mmap + non-mmap:         4603376 Byte
20220314 014632.540 INFO             PET0 PIOc_freedecomp Exit - MemInfo: [malloc] Total space held (mmap + non-mmap):         13678912 Byte
20220314 014632.540 INFO             PET0 PIOc_freedecomp Exit - MemInfo: [malloc] Total space used (mmap + non-mmap):          4611744 Byte
20220314 014632.540 INFO             PET0 PIOc_freedecomp Exit - MemInfo: Wall-clock time since execution start:               0.130968 seconds
20220314 014632.541 INFO             PET0 PIOc_sync Enter - MemInfo: [/proc/meminfo - SSI]	MemTotal:       65855856 kB
20220314 014632.541 INFO             PET0 PIOc_sync Enter - MemInfo: [/proc/meminfo - SSI]	MemFree:        61339732 kB
20220314 014632.541 INFO             PET0 PIOc_sync Enter - MemInfo: [/proc/meminfo - SSI]	MemAvailable:   61109560 kB
20220314 014632.541 INFO             PET0 PIOc_sync Enter - MemInfo: [/proc/meminfo - SSI]	Committed_AS:    2816600 kB
20220314 014632.541 INFO             PET0 PIOc_sync Enter - MemInfo: [/proc/meminfo - SSI]	CommittedPercent: 4.27692 %
20220314 014632.541 INFO             PET0 PIOc_sync Enter - MemInfo: [/proc/self/status]	VmPeak:	   70520 kB
20220314 014632.541 INFO             PET0 PIOc_sync Enter - MemInfo: [/proc/self/status]	VmSize:	   70496 kB
20220314 014632.541 INFO             PET0 PIOc_sync Enter - MemInfo: [/proc/self/status]	VmLck:	       0 kB
20220314 014632.541 INFO             PET0 PIOc_sync Enter - MemInfo: [/proc/self/status]	VmPin:	       0 kB
20220314 014632.541 INFO             PET0 PIOc_sync Enter - MemInfo: [/proc/self/status]	VmHWM:	   17160 kB
20220314 014632.541 INFO             PET0 PIOc_sync Enter - MemInfo: [/proc/self/status]	VmRSS:	   13576 kB
20220314 014632.541 INFO             PET0 PIOc_sync Enter - MemInfo: [/proc/self/status]	VmData:	   17596 kB
20220314 014632.541 INFO             PET0 PIOc_sync Enter - MemInfo: [/proc/self/status]	VmStk:	     164 kB
20220314 014632.541 INFO             PET0 PIOc_sync Enter - MemInfo: [/proc/self/status]	VmExe:	   27340 kB
20220314 014632.541 INFO             PET0 PIOc_sync Enter - MemInfo: [/proc/self/status]	VmLib:	    1952 kB
20220314 014632.541 INFO             PET0 PIOc_sync Enter - MemInfo: [/proc/self/status]	VmPTE:	     132 kB
20220314 014632.541 INFO             PET0 PIOc_sync Enter - MemInfo: [/proc/self/status]	VmPMD:	      12 kB
20220314 014632.541 INFO             PET0 PIOc_sync Enter - MemInfo: [/proc/self/status]	VmSwap:	       0 kB
20220314 014632.541 INFO             PET0 PIOc_sync Enter - MemInfo: [/proc/self/status]	VmRSSPercent: 0.0206147 %
20220314 014632.541 INFO             PET0 PIOc_sync Enter - MemInfo: [malloc] Non-mmapped space allocated:                10320192 Byte
20220314 014632.541 INFO             PET0 PIOc_sync Enter - MemInfo: [malloc] Space allocated in mmapped regions:          3358720 Byte
20220314 014632.541 INFO             PET0 PIOc_sync Enter - MemInfo: [malloc] Maximum total allocated space:                     0 Byte
20220314 014632.542 INFO             PET0 PIOc_sync Enter - MemInfo: [malloc] Space in freed fastbin blocks:                   496 Byte
20220314 014632.542 INFO             PET0 PIOc_sync Enter - MemInfo: [malloc] Total allocated space:                      10172752 Byte
20220314 014632.542 INFO             PET0 PIOc_sync Enter - MemInfo: [malloc] Total free space:                             147440 Byte
20220314 014632.542 INFO             PET0 PIOc_sync Enter - MemInfo: [malloc] Top-most, releasable space:                   134560 Byte
20220314 014632.542 INFO             PET0 PIOc_sync Enter - MemInfo: [malloc] Total space in use, mmap + non-mmap:        13531472 Byte
20220314 014632.542 INFO             PET0 PIOc_sync Enter - MemInfo: [malloc] Total space held (mmap + non-mmap):         13678912 Byte
20220314 014632.542 INFO             PET0 PIOc_sync Enter - MemInfo: [malloc] Total space used (mmap + non-mmap):         13540144 Byte
20220314 014632.542 INFO             PET0 PIOc_sync Enter - MemInfo: Wall-clock time since execution start:               0.132876 seconds
20220314 014632.542 INFO             PET0 PIOc_sync Exit - MemInfo: [/proc/meminfo - SSI]	MemTotal:       65855856 kB
20220314 014632.542 INFO             PET0 PIOc_sync Exit - MemInfo: [/proc/meminfo - SSI]	MemFree:        61339732 kB
20220314 014632.542 INFO             PET0 PIOc_sync Exit - MemInfo: [/proc/meminfo - SSI]	MemAvailable:   61109560 kB
20220314 014632.542 INFO             PET0 PIOc_sync Exit - MemInfo: [/proc/meminfo - SSI]	Committed_AS:    2816600 kB
20220314 014632.542 INFO             PET0 PIOc_sync Exit - MemInfo: [/proc/meminfo - SSI]	CommittedPercent: 4.27692 %
20220314 014632.542 INFO             PET0 PIOc_sync Exit - MemInfo: [/proc/self/status]	VmPeak:	   70520 kB
20220314 014632.542 INFO             PET0 PIOc_sync Exit - MemInfo: [/proc/self/status]	VmSize:	   70496 kB
20220314 014632.542 INFO             PET0 PIOc_sync Exit - MemInfo: [/proc/self/status]	VmLck:	       0 kB
20220314 014632.542 INFO             PET0 PIOc_sync Exit - MemInfo: [/proc/self/status]	VmPin:	       0 kB
20220314 014632.542 INFO             PET0 PIOc_sync Exit - MemInfo: [/proc/self/status]	VmHWM:	   17160 kB
20220314 014632.542 INFO             PET0 PIOc_sync Exit - MemInfo: [/proc/self/status]	VmRSS:	   13576 kB
20220314 014632.542 INFO             PET0 PIOc_sync Exit - MemInfo: [/proc/self/status]	VmData:	   17596 kB
20220314 014632.542 INFO             PET0 PIOc_sync Exit - MemInfo: [/proc/self/status]	VmStk:	     164 kB
20220314 014632.542 INFO             PET0 PIOc_sync Exit - MemInfo: [/proc/self/status]	VmExe:	   27340 kB
20220314 014632.542 INFO             PET0 PIOc_sync Exit - MemInfo: [/proc/self/status]	VmLib:	    1952 kB
20220314 014632.542 INFO             PET0 PIOc_sync Exit - MemInfo: [/proc/self/status]	VmPTE:	     132 kB
20220314 014632.542 INFO             PET0 PIOc_sync Exit - MemInfo: [/proc/self/status]	VmPMD:	      12 kB
20220314 014632.542 INFO             PET0 PIOc_sync Exit - MemInfo: [/proc/self/status]	VmSwap:	       0 kB
20220314 014632.542 INFO             PET0 PIOc_sync Exit - MemInfo: [/proc/self/status]	VmRSSPercent: 0.0206147 %
20220314 014632.542 INFO             PET0 PIOc_sync Exit - MemInfo: [malloc] Non-mmapped space allocated:                10320192 Byte
20220314 014632.542 INFO             PET0 PIOc_sync Exit - MemInfo: [malloc] Space allocated in mmapped regions:          3358720 Byte
20220314 014632.542 INFO             PET0 PIOc_sync Exit - MemInfo: [malloc] Maximum total allocated space:                     0 Byte
20220314 014632.542 INFO             PET0 PIOc_sync Exit - MemInfo: [malloc] Space in freed fastbin blocks:                   224 Byte
20220314 014632.542 INFO             PET0 PIOc_sync Exit - MemInfo: [malloc] Total allocated space:                      10173120 Byte
20220314 014632.542 INFO             PET0 PIOc_sync Exit - MemInfo: [malloc] Total free space:                             147072 Byte
20220314 014632.542 INFO             PET0 PIOc_sync Exit - MemInfo: [malloc] Top-most, releasable space:                   134336 Byte
20220314 014632.542 INFO             PET0 PIOc_sync Exit - MemInfo: [malloc] Total space in use, mmap + non-mmap:        13531840 Byte
20220314 014632.542 INFO             PET0 PIOc_sync Exit - MemInfo: [malloc] Total space held (mmap + non-mmap):         13678912 Byte
20220314 014632.542 INFO             PET0 PIOc_sync Exit - MemInfo: [malloc] Total space used (mmap + non-mmap):         13540896 Byte
20220314 014632.542 INFO             PET0 PIOc_sync Exit - MemInfo: Wall-clock time since execution start:               0.133244 seconds
20220314 014632.542 INFO             PET0 PIOc_freedecomp Enter - MemInfo: [/proc/meminfo - SSI]	MemTotal:       65855856 kB
20220314 014632.542 INFO             PET0 PIOc_freedecomp Enter - MemInfo: [/proc/meminfo - SSI]	MemFree:        61339732 kB
20220314 014632.542 INFO             PET0 PIOc_freedecomp Enter - MemInfo: [/proc/meminfo - SSI]	MemAvailable:   61109560 kB
20220314 014632.542 INFO             PET0 PIOc_freedecomp Enter - MemInfo: [/proc/meminfo - SSI]	Committed_AS:    2816600 kB
20220314 014632.542 INFO             PET0 PIOc_freedecomp Enter - MemInfo: [/proc/meminfo - SSI]	CommittedPercent: 4.27692 %
20220314 014632.542 INFO             PET0 PIOc_freedecomp Enter - MemInfo: [/proc/self/status]	VmPeak:	   70520 kB
20220314 014632.542 INFO             PET0 PIOc_freedecomp Enter - MemInfo: [/proc/self/status]	VmSize:	   70496 kB
20220314 014632.542 INFO             PET0 PIOc_freedecomp Enter - MemInfo: [/proc/self/status]	VmLck:	       0 kB
20220314 014632.542 INFO             PET0 PIOc_freedecomp Enter - MemInfo: [/proc/self/status]	VmPin:	       0 kB
20220314 014632.542 INFO             PET0 PIOc_freedecomp Enter - MemInfo: [/proc/self/status]	VmHWM:	   17160 kB
20220314 014632.542 INFO             PET0 PIOc_freedecomp Enter - MemInfo: [/proc/self/status]	VmRSS:	   13576 kB
20220314 014632.542 INFO             PET0 PIOc_freedecomp Enter - MemInfo: [/proc/self/status]	VmData:	   17596 kB
20220314 014632.542 INFO             PET0 PIOc_freedecomp Enter - MemInfo: [/proc/self/status]	VmStk:	     164 kB
20220314 014632.542 INFO             PET0 PIOc_freedecomp Enter - MemInfo: [/proc/self/status]	VmExe:	   27340 kB
20220314 014632.542 INFO             PET0 PIOc_freedecomp Enter - MemInfo: [/proc/self/status]	VmLib:	    1952 kB
20220314 014632.542 INFO             PET0 PIOc_freedecomp Enter - MemInfo: [/proc/self/status]	VmPTE:	     132 kB
20220314 014632.542 INFO             PET0 PIOc_freedecomp Enter - MemInfo: [/proc/self/status]	VmPMD:	      12 kB
20220314 014632.542 INFO             PET0 PIOc_freedecomp Enter - MemInfo: [/proc/self/status]	VmSwap:	       0 kB
20220314 014632.542 INFO             PET0 PIOc_freedecomp Enter - MemInfo: [/proc/self/status]	VmRSSPercent: 0.0206147 %
20220314 014632.542 INFO             PET0 PIOc_freedecomp Enter - MemInfo: [malloc] Non-mmapped space allocated:                10320192 Byte
20220314 014632.542 INFO             PET0 PIOc_freedecomp Enter - MemInfo: [malloc] Space allocated in mmapped regions:          3358720 Byte
20220314 014632.542 INFO             PET0 PIOc_freedecomp Enter - MemInfo: [malloc] Maximum total allocated space:                     0 Byte
20220314 014632.542 INFO             PET0 PIOc_freedecomp Enter - MemInfo: [malloc] Space in freed fastbin blocks:                   496 Byte
20220314 014632.542 INFO             PET0 PIOc_freedecomp Enter - MemInfo: [malloc] Total allocated space:                       1247328 Byte
20220314 014632.542 INFO             PET0 PIOc_freedecomp Enter - MemInfo: [malloc] Total free space:                            9072864 Byte
20220314 014632.542 INFO             PET0 PIOc_freedecomp Enter - MemInfo: [malloc] Top-most, releasable space:                  9047488 Byte
20220314 014632.542 INFO             PET0 PIOc_freedecomp Enter - MemInfo: [malloc] Total space in use, mmap + non-mmap:         4606048 Byte
20220314 014632.542 INFO             PET0 PIOc_freedecomp Enter - MemInfo: [malloc] Total space held (mmap + non-mmap):         13678912 Byte
20220314 014632.542 INFO             PET0 PIOc_freedecomp Enter - MemInfo: [malloc] Total space used (mmap + non-mmap):          4614032 Byte
20220314 014632.542 INFO             PET0 PIOc_freedecomp Enter - MemInfo: Wall-clock time since execution start:               0.133675 seconds
20220314 014632.542 INFO             PET0 PIOc_freedecomp Exit - MemInfo: [/proc/meminfo - SSI]	MemTotal:       65855856 kB
20220314 014632.542 INFO             PET0 PIOc_freedecomp Exit - MemInfo: [/proc/meminfo - SSI]	MemFree:        61339732 kB
20220314 014632.542 INFO             PET0 PIOc_freedecomp Exit - MemInfo: [/proc/meminfo - SSI]	MemAvailable:   61109560 kB
20220314 014632.542 INFO             PET0 PIOc_freedecomp Exit - MemInfo: [/proc/meminfo - SSI]	Committed_AS:    2816600 kB
20220314 014632.542 INFO             PET0 PIOc_freedecomp Exit - MemInfo: [/proc/meminfo - SSI]	CommittedPercent: 4.27692 %
20220314 014632.543 INFO             PET0 PIOc_freedecomp Exit - MemInfo: [/proc/self/status]	VmPeak:	   70520 kB
20220314 014632.543 INFO             PET0 PIOc_freedecomp Exit - MemInfo: [/proc/self/status]	VmSize:	   70496 kB
20220314 014632.543 INFO             PET0 PIOc_freedecomp Exit - MemInfo: [/proc/self/status]	VmLck:	       0 kB
20220314 014632.543 INFO             PET0 PIOc_freedecomp Exit - MemInfo: [/proc/self/status]	VmPin:	       0 kB
20220314 014632.543 INFO             PET0 PIOc_freedecomp Exit - MemInfo: [/proc/self/status]	VmHWM:	   17160 kB
20220314 014632.543 INFO             PET0 PIOc_freedecomp Exit - MemInfo: [/proc/self/status]	VmRSS:	   13576 kB
20220314 014632.543 INFO             PET0 PIOc_freedecomp Exit - MemInfo: [/proc/self/status]	VmData:	   17596 kB
20220314 014632.543 INFO             PET0 PIOc_freedecomp Exit - MemInfo: [/proc/self/status]	VmStk:	     164 kB
20220314 014632.543 INFO             PET0 PIOc_freedecomp Exit - MemInfo: [/proc/self/status]	VmExe:	   27340 kB
20220314 014632.543 INFO             PET0 PIOc_freedecomp Exit - MemInfo: [/proc/self/status]	VmLib:	    1952 kB
20220314 014632.543 INFO             PET0 PIOc_freedecomp Exit - MemInfo: [/proc/self/status]	VmPTE:	     132 kB
20220314 014632.543 INFO             PET0 PIOc_freedecomp Exit - MemInfo: [/proc/self/status]	VmPMD:	      12 kB
20220314 014632.543 INFO             PET0 PIOc_freedecomp Exit - MemInfo: [/proc/self/status]	VmSwap:	       0 kB
20220314 014632.543 INFO             PET0 PIOc_freedecomp Exit - MemInfo: [/proc/self/status]	VmRSSPercent: 0.0206147 %
20220314 014632.543 INFO             PET0 PIOc_freedecomp Exit - MemInfo: [malloc] Non-mmapped space allocated:                10320192 Byte
20220314 014632.543 INFO             PET0 PIOc_freedecomp Exit - MemInfo: [malloc] Space allocated in mmapped regions:          3358720 Byte
20220314 014632.543 INFO             PET0 PIOc_freedecomp Exit - MemInfo: [malloc] Maximum total allocated space:                     0 Byte
20220314 014632.543 INFO             PET0 PIOc_freedecomp Exit - MemInfo: [malloc] Space in freed fastbin blocks:                  2144 Byte
20220314 014632.543 INFO             PET0 PIOc_freedecomp Exit - MemInfo: [malloc] Total allocated space:                       1245008 Byte
20220314 014632.543 INFO             PET0 PIOc_freedecomp Exit - MemInfo: [malloc] Total free space:                            9075184 Byte
20220314 014632.543 INFO             PET0 PIOc_freedecomp Exit - MemInfo: [malloc] Top-most, releasable space:                  9047488 Byte
20220314 014632.543 INFO             PET0 PIOc_freedecomp Exit - MemInfo: [malloc] Total space in use, mmap + non-mmap:         4603728 Byte
20220314 014632.543 INFO             PET0 PIOc_freedecomp Exit - MemInfo: [malloc] Total space held (mmap + non-mmap):         13678912 Byte
20220314 014632.543 INFO             PET0 PIOc_freedecomp Exit - MemInfo: [malloc] Total space used (mmap + non-mmap):          4612176 Byte
20220314 014632.543 INFO             PET0 PIOc_freedecomp Exit - MemInfo: Wall-clock time since execution start:               0.133998 seconds
20220314 014632.544 INFO             PET0 PIOc_sync Enter - MemInfo: [/proc/meminfo - SSI]	MemTotal:       65855856 kB
20220314 014632.544 INFO             PET0 PIOc_sync Enter - MemInfo: [/proc/meminfo - SSI]	MemFree:        61339732 kB
20220314 014632.544 INFO             PET0 PIOc_sync Enter - MemInfo: [/proc/meminfo - SSI]	MemAvailable:   61109560 kB
20220314 014632.544 INFO             PET0 PIOc_sync Enter - MemInfo: [/proc/meminfo - SSI]	Committed_AS:    2816600 kB
20220314 014632.544 INFO             PET0 PIOc_sync Enter - MemInfo: [/proc/meminfo - SSI]	CommittedPercent: 4.27692 %
20220314 014632.544 INFO             PET0 PIOc_sync Enter - MemInfo: [/proc/self/status]	VmPeak:	   70520 kB
20220314 014632.544 INFO             PET0 PIOc_sync Enter - MemInfo: [/proc/self/status]	VmSize:	   70484 kB
20220314 014632.544 INFO             PET0 PIOc_sync Enter - MemInfo: [/proc/self/status]	VmLck:	       0 kB
20220314 014632.544 INFO             PET0 PIOc_sync Enter - MemInfo: [/proc/self/status]	VmPin:	       0 kB
20220314 014632.544 INFO             PET0 PIOc_sync Enter - MemInfo: [/proc/self/status]	VmHWM:	   17160 kB
20220314 014632.544 INFO             PET0 PIOc_sync Enter - MemInfo: [/proc/self/status]	VmRSS:	   13828 kB
20220314 014632.544 INFO             PET0 PIOc_sync Enter - MemInfo: [/proc/self/status]	VmData:	   17596 kB
20220314 014632.544 INFO             PET0 PIOc_sync Enter - MemInfo: [/proc/self/status]	VmStk:	     164 kB
20220314 014632.544 INFO             PET0 PIOc_sync Enter - MemInfo: [/proc/self/status]	VmExe:	   27340 kB
20220314 014632.544 INFO             PET0 PIOc_sync Enter - MemInfo: [/proc/self/status]	VmLib:	    1952 kB
20220314 014632.544 INFO             PET0 PIOc_sync Enter - MemInfo: [/proc/self/status]	VmPTE:	     132 kB
20220314 014632.544 INFO             PET0 PIOc_sync Enter - MemInfo: [/proc/self/status]	VmPMD:	      12 kB
20220314 014632.544 INFO             PET0 PIOc_sync Enter - MemInfo: [/proc/self/status]	VmSwap:	       0 kB
20220314 014632.545 INFO             PET0 PIOc_sync Enter - MemInfo: [/proc/self/status]	VmRSSPercent: 0.0209974 %
20220314 014632.545 INFO             PET0 PIOc_sync Enter - MemInfo: [malloc] Non-mmapped space allocated:                10320192 Byte
20220314 014632.545 INFO             PET0 PIOc_sync Enter - MemInfo: [malloc] Space allocated in mmapped regions:          3358720 Byte
20220314 014632.545 INFO             PET0 PIOc_sync Enter - MemInfo: [malloc] Maximum total allocated space:                     0 Byte
20220314 014632.545 INFO             PET0 PIOc_sync Enter - MemInfo: [malloc] Space in freed fastbin blocks:                  1232 Byte
20220314 014632.545 INFO             PET0 PIOc_sync Enter - MemInfo: [malloc] Total allocated space:                      10174544 Byte
20220314 014632.545 INFO             PET0 PIOc_sync Enter - MemInfo: [malloc] Total free space:                             145648 Byte
20220314 014632.545 INFO             PET0 PIOc_sync Enter - MemInfo: [malloc] Top-most, releasable space:                   134336 Byte
20220314 014632.545 INFO             PET0 PIOc_sync Enter - MemInfo: [malloc] Total space in use, mmap + non-mmap:        13533264 Byte
20220314 014632.545 INFO             PET0 PIOc_sync Enter - MemInfo: [malloc] Total space held (mmap + non-mmap):         13678912 Byte
20220314 014632.545 INFO             PET0 PIOc_sync Enter - MemInfo: [malloc] Total space used (mmap + non-mmap):         13541760 Byte
20220314 014632.545 INFO             PET0 PIOc_sync Enter - MemInfo: Wall-clock time since execution start:               0.135927 seconds
20220314 014632.545 INFO             PET0 PIOc_sync Exit - MemInfo: [/proc/meminfo - SSI]	MemTotal:       65855856 kB
20220314 014632.545 INFO             PET0 PIOc_sync Exit - MemInfo: [/proc/meminfo - SSI]	MemFree:        61339732 kB
20220314 014632.545 INFO             PET0 PIOc_sync Exit - MemInfo: [/proc/meminfo - SSI]	MemAvailable:   61109560 kB
20220314 014632.545 INFO             PET0 PIOc_sync Exit - MemInfo: [/proc/meminfo - SSI]	Committed_AS:    2816600 kB
20220314 014632.545 INFO             PET0 PIOc_sync Exit - MemInfo: [/proc/meminfo - SSI]	CommittedPercent: 4.27692 %
20220314 014632.545 INFO             PET0 PIOc_sync Exit - MemInfo: [/proc/self/status]	VmPeak:	   70520 kB
20220314 014632.545 INFO             PET0 PIOc_sync Exit - MemInfo: [/proc/self/status]	VmSize:	   70484 kB
20220314 014632.545 INFO             PET0 PIOc_sync Exit - MemInfo: [/proc/self/status]	VmLck:	       0 kB
20220314 014632.545 INFO             PET0 PIOc_sync Exit - MemInfo: [/proc/self/status]	VmPin:	       0 kB
20220314 014632.545 INFO             PET0 PIOc_sync Exit - MemInfo: [/proc/self/status]	VmHWM:	   17160 kB
20220314 014632.545 INFO             PET0 PIOc_sync Exit - MemInfo: [/proc/self/status]	VmRSS:	   13828 kB
20220314 014632.545 INFO             PET0 PIOc_sync Exit - MemInfo: [/proc/self/status]	VmData:	   17596 kB
20220314 014632.545 INFO             PET0 PIOc_sync Exit - MemInfo: [/proc/self/status]	VmStk:	     164 kB
20220314 014632.545 INFO             PET0 PIOc_sync Exit - MemInfo: [/proc/self/status]	VmExe:	   27340 kB
20220314 014632.545 INFO             PET0 PIOc_sync Exit - MemInfo: [/proc/self/status]	VmLib:	    1952 kB
20220314 014632.545 INFO             PET0 PIOc_sync Exit - MemInfo: [/proc/self/status]	VmPTE:	     136 kB
20220314 014632.545 INFO             PET0 PIOc_sync Exit - MemInfo: [/proc/self/status]	VmPMD:	      12 kB
20220314 014632.545 INFO             PET0 PIOc_sync Exit - MemInfo: [/proc/self/status]	VmSwap:	       0 kB
20220314 014632.545 INFO             PET0 PIOc_sync Exit - MemInfo: [/proc/self/status]	VmRSSPercent: 0.0209974 %
20220314 014632.545 INFO             PET0 PIOc_sync Exit - MemInfo: [malloc] Non-mmapped space allocated:                10320192 Byte
20220314 014632.545 INFO             PET0 PIOc_sync Exit - MemInfo: [malloc] Space allocated in mmapped regions:          3358720 Byte
20220314 014632.545 INFO             PET0 PIOc_sync Exit - MemInfo: [malloc] Maximum total allocated space:                     0 Byte
20220314 014632.545 INFO             PET0 PIOc_sync Exit - MemInfo: [malloc] Space in freed fastbin blocks:                   224 Byte
20220314 014632.545 INFO             PET0 PIOc_sync Exit - MemInfo: [malloc] Total allocated space:                      10174784 Byte
20220314 014632.545 INFO             PET0 PIOc_sync Exit - MemInfo: [malloc] Total free space:                             145408 Byte
20220314 014632.545 INFO             PET0 PIOc_sync Exit - MemInfo: [malloc] Top-most, releasable space:                   134336 Byte
20220314 014632.545 INFO             PET0 PIOc_sync Exit - MemInfo: [malloc] Total space in use, mmap + non-mmap:        13533504 Byte
20220314 014632.545 INFO             PET0 PIOc_sync Exit - MemInfo: [malloc] Total space held (mmap + non-mmap):         13678912 Byte
20220314 014632.545 INFO             PET0 PIOc_sync Exit - MemInfo: [malloc] Total space used (mmap + non-mmap):         13542432 Byte
20220314 014632.545 INFO             PET0 PIOc_sync Exit - MemInfo: Wall-clock time since execution start:               0.136309 seconds
20220314 014632.545 INFO             PET0 PIOc_freedecomp Enter - MemInfo: [/proc/meminfo - SSI]	MemTotal:       65855856 kB
20220314 014632.545 INFO             PET0 PIOc_freedecomp Enter - MemInfo: [/proc/meminfo - SSI]	MemFree:        61339732 kB
20220314 014632.545 INFO             PET0 PIOc_freedecomp Enter - MemInfo: [/proc/meminfo - SSI]	MemAvailable:   61109560 kB
20220314 014632.545 INFO             PET0 PIOc_freedecomp Enter - MemInfo: [/proc/meminfo - SSI]	Committed_AS:    2816600 kB
20220314 014632.545 INFO             PET0 PIOc_freedecomp Enter - MemInfo: [/proc/meminfo - SSI]	CommittedPercent: 4.27692 %
20220314 014632.545 INFO             PET0 PIOc_freedecomp Enter - MemInfo: [/proc/self/status]	VmPeak:	   70520 kB
20220314 014632.545 INFO             PET0 PIOc_freedecomp Enter - MemInfo: [/proc/self/status]	VmSize:	   70484 kB
20220314 014632.545 INFO             PET0 PIOc_freedecomp Enter - MemInfo: [/proc/self/status]	VmLck:	       0 kB
20220314 014632.545 INFO             PET0 PIOc_freedecomp Enter - MemInfo: [/proc/self/status]	VmPin:	       0 kB
20220314 014632.545 INFO             PET0 PIOc_freedecomp Enter - MemInfo: [/proc/self/status]	VmHWM:	   17160 kB
20220314 014632.545 INFO             PET0 PIOc_freedecomp Enter - MemInfo: [/proc/self/status]	VmRSS:	   13828 kB
20220314 014632.545 INFO             PET0 PIOc_freedecomp Enter - MemInfo: [/proc/self/status]	VmData:	   17596 kB
20220314 014632.545 INFO             PET0 PIOc_freedecomp Enter - MemInfo: [/proc/self/status]	VmStk:	     164 kB
20220314 014632.545 INFO             PET0 PIOc_freedecomp Enter - MemInfo: [/proc/self/status]	VmExe:	   27340 kB
20220314 014632.545 INFO             PET0 PIOc_freedecomp Enter - MemInfo: [/proc/self/status]	VmLib:	    1952 kB
20220314 014632.545 INFO             PET0 PIOc_freedecomp Enter - MemInfo: [/proc/self/status]	VmPTE:	     136 kB
20220314 014632.545 INFO             PET0 PIOc_freedecomp Enter - MemInfo: [/proc/self/status]	VmPMD:	      12 kB
20220314 014632.545 INFO             PET0 PIOc_freedecomp Enter - MemInfo: [/proc/self/status]	VmSwap:	       0 kB
20220314 014632.545 INFO             PET0 PIOc_freedecomp Enter - MemInfo: [/proc/self/status]	VmRSSPercent: 0.0209974 %
20220314 014632.545 INFO             PET0 PIOc_freedecomp Enter - MemInfo: [malloc] Non-mmapped space allocated:                10320192 Byte
20220314 014632.545 INFO             PET0 PIOc_freedecomp Enter - MemInfo: [malloc] Space allocated in mmapped regions:          3358720 Byte
20220314 014632.545 INFO             PET0 PIOc_freedecomp Enter - MemInfo: [malloc] Maximum total allocated space:                     0 Byte
20220314 014632.545 INFO             PET0 PIOc_freedecomp Enter - MemInfo: [malloc] Space in freed fastbin blocks:                   208 Byte
20220314 014632.545 INFO             PET0 PIOc_freedecomp Enter - MemInfo: [malloc] Total allocated space:                       1248112 Byte
20220314 014632.545 INFO             PET0 PIOc_freedecomp Enter - MemInfo: [malloc] Total free space:                            9072080 Byte
20220314 014632.545 INFO             PET0 PIOc_freedecomp Enter - MemInfo: [malloc] Top-most, releasable space:                  9047264 Byte
20220314 014632.545 INFO             PET0 PIOc_freedecomp Enter - MemInfo: [malloc] Total space in use, mmap + non-mmap:         4606832 Byte
20220314 014632.545 INFO             PET0 PIOc_freedecomp Enter - MemInfo: [malloc] Total space held (mmap + non-mmap):         13678912 Byte
20220314 014632.545 INFO             PET0 PIOc_freedecomp Enter - MemInfo: [malloc] Total space used (mmap + non-mmap):          4614816 Byte
20220314 014632.545 INFO             PET0 PIOc_freedecomp Enter - MemInfo: Wall-clock time since execution start:               0.136777 seconds
20220314 014632.545 INFO             PET0 PIOc_freedecomp Exit - MemInfo: [/proc/meminfo - SSI]	MemTotal:       65855856 kB
20220314 014632.545 INFO             PET0 PIOc_freedecomp Exit - MemInfo: [/proc/meminfo - SSI]	MemFree:        61339732 kB
20220314 014632.545 INFO             PET0 PIOc_freedecomp Exit - MemInfo: [/proc/meminfo - SSI]	MemAvailable:   61109560 kB
20220314 014632.546 INFO             PET0 PIOc_freedecomp Exit - MemInfo: [/proc/meminfo - SSI]	Committed_AS:    2816600 kB
20220314 014632.546 INFO             PET0 PIOc_freedecomp Exit - MemInfo: [/proc/meminfo - SSI]	CommittedPercent: 4.27692 %
20220314 014632.546 INFO             PET0 PIOc_freedecomp Exit - MemInfo: [/proc/self/status]	VmPeak:	   70520 kB
20220314 014632.546 INFO             PET0 PIOc_freedecomp Exit - MemInfo: [/proc/self/status]	VmSize:	   70484 kB
20220314 014632.546 INFO             PET0 PIOc_freedecomp Exit - MemInfo: [/proc/self/status]	VmLck:	       0 kB
20220314 014632.546 INFO             PET0 PIOc_freedecomp Exit - MemInfo: [/proc/self/status]	VmPin:	       0 kB
20220314 014632.546 INFO             PET0 PIOc_freedecomp Exit - MemInfo: [/proc/self/status]	VmHWM:	   17160 kB
20220314 014632.546 INFO             PET0 PIOc_freedecomp Exit - MemInfo: [/proc/self/status]	VmRSS:	   13828 kB
20220314 014632.546 INFO             PET0 PIOc_freedecomp Exit - MemInfo: [/proc/self/status]	VmData:	   17596 kB
20220314 014632.546 INFO             PET0 PIOc_freedecomp Exit - MemInfo: [/proc/self/status]	VmStk:	     164 kB
20220314 014632.546 INFO             PET0 PIOc_freedecomp Exit - MemInfo: [/proc/self/status]	VmExe:	   27340 kB
20220314 014632.546 INFO             PET0 PIOc_freedecomp Exit - MemInfo: [/proc/self/status]	VmLib:	    1952 kB
20220314 014632.546 INFO             PET0 PIOc_freedecomp Exit - MemInfo: [/proc/self/status]	VmPTE:	     136 kB
20220314 014632.546 INFO             PET0 PIOc_freedecomp Exit - MemInfo: [/proc/self/status]	VmPMD:	      12 kB
20220314 014632.546 INFO             PET0 PIOc_freedecomp Exit - MemInfo: [/proc/self/status]	VmSwap:	       0 kB
20220314 014632.546 INFO             PET0 PIOc_freedecomp Exit - MemInfo: [/proc/self/status]	VmRSSPercent: 0.0209974 %
20220314 014632.546 INFO             PET0 PIOc_freedecomp Exit - MemInfo: [malloc] Non-mmapped space allocated:                10320192 Byte
20220314 014632.546 INFO             PET0 PIOc_freedecomp Exit - MemInfo: [malloc] Space allocated in mmapped regions:          3358720 Byte
20220314 014632.546 INFO             PET0 PIOc_freedecomp Exit - MemInfo: [malloc] Maximum total allocated space:                     0 Byte
20220314 014632.546 INFO             PET0 PIOc_freedecomp Exit - MemInfo: [malloc] Space in freed fastbin blocks:                  2272 Byte
20220314 014632.546 INFO             PET0 PIOc_freedecomp Exit - MemInfo: [malloc] Total allocated space:                       1245760 Byte
20220314 014632.546 INFO             PET0 PIOc_freedecomp Exit - MemInfo: [malloc] Total free space:                            9074432 Byte
20220314 014632.546 INFO             PET0 PIOc_freedecomp Exit - MemInfo: [malloc] Top-most, releasable space:                  9047264 Byte
20220314 014632.546 INFO             PET0 PIOc_freedecomp Exit - MemInfo: [malloc] Total space in use, mmap + non-mmap:         4604480 Byte
20220314 014632.546 INFO             PET0 PIOc_freedecomp Exit - MemInfo: [malloc] Total space held (mmap + non-mmap):         13678912 Byte
20220314 014632.546 INFO             PET0 PIOc_freedecomp Exit - MemInfo: [malloc] Total space used (mmap + non-mmap):          4612848 Byte
20220314 014632.546 INFO             PET0 PIOc_freedecomp Exit - MemInfo: Wall-clock time since execution start:               0.137092 seconds
20220314 014632.578 INFO             PET0  NUMBER_OF_PROCESSORS           4
20220314 014632.578 INFO             PET0  PASS  Example ESMF_RHandleBitForBitEx, ESMF_RHandleBitForBitEx.F90, line 1557
20220314 014632.578 INFO             PET0 Finalizing ESMF
20220314 014632.433 INFO             PET1 !!!!!!!!!!!!!!!!!!!!!!!!!!!!!!!!!!!!!!!!!!!!!!!!!!!!!!
20220314 014632.434 INFO             PET1 !!! THE ESMF_LOG IS SET TO OUTPUT ALL LOG MESSAGES !!!
20220314 014632.434 INFO             PET1 !!!     THIS MAY CAUSE SLOWDOWN IN PERFORMANCE     !!!
20220314 014632.434 INFO             PET1 !!! FOR PRODUCTION RUNS, USE:                      !!!
20220314 014632.434 INFO             PET1 !!!                   ESMF_LOGKIND_Multi_On_Error  !!!
20220314 014632.434 INFO             PET1 !!!!!!!!!!!!!!!!!!!!!!!!!!!!!!!!!!!!!!!!!!!!!!!!!!!!!!
20220314 014632.434 INFO             PET1 Running with ESMF Version   : v8.3.0b09-96-g559b459836
20220314 014632.434 INFO             PET1 ESMF library build date/time: "Mar 14 2022" "00:28:19"
20220314 014632.434 INFO             PET1 ESMF library build location : /lustre/f2/dev/ncep/Mark.Potts/gfortran_8.3.0_mpi_O_jedwards_pio_update2
20220314 014632.434 INFO             PET1 ESMF_COMM                   : mpi
20220314 014632.434 INFO             PET1 ESMF_MOAB                   : enabled
20220314 014632.434 INFO             PET1 ESMF_LAPACK                 : enabled
20220314 014632.434 INFO             PET1 ESMF_NETCDF                 : enabled
20220314 014632.434 INFO             PET1 ESMF_PNETCDF                : disabled
20220314 014632.434 INFO             PET1 ESMF_PIO                    : enabled
20220314 014632.434 INFO             PET1 ESMF_YAMLCPP                : enabled
20220314 014632.532 INFO             PET1 PIOc_sync Enter - MemInfo: [/proc/meminfo - SSI]	MemTotal:       65855856 kB
20220314 014632.532 INFO             PET1 PIOc_sync Enter - MemInfo: [/proc/meminfo - SSI]	MemFree:        61336004 kB
20220314 014632.532 INFO             PET1 PIOc_sync Enter - MemInfo: [/proc/meminfo - SSI]	MemAvailable:   61105172 kB
20220314 014632.532 INFO             PET1 PIOc_sync Enter - MemInfo: [/proc/meminfo - SSI]	Committed_AS:    2816200 kB
20220314 014632.532 INFO             PET1 PIOc_sync Enter - MemInfo: [/proc/meminfo - SSI]	CommittedPercent: 4.27631 %
20220314 014632.532 INFO             PET1 PIOc_sync Enter - MemInfo: [/proc/self/status]	VmPeak:	   61140 kB
20220314 014632.532 INFO             PET1 PIOc_sync Enter - MemInfo: [/proc/self/status]	VmSize:	   61020 kB
20220314 014632.532 INFO             PET1 PIOc_sync Enter - MemInfo: [/proc/self/status]	VmLck:	       0 kB
20220314 014632.532 INFO             PET1 PIOc_sync Enter - MemInfo: [/proc/self/status]	VmPin:	       0 kB
20220314 014632.532 INFO             PET1 PIOc_sync Enter - MemInfo: [/proc/self/status]	VmHWM:	    6800 kB
20220314 014632.532 INFO             PET1 PIOc_sync Enter - MemInfo: [/proc/self/status]	VmRSS:	    6800 kB
20220314 014632.532 INFO             PET1 PIOc_sync Enter - MemInfo: [/proc/self/status]	VmData:	    8096 kB
20220314 014632.532 INFO             PET1 PIOc_sync Enter - MemInfo: [/proc/self/status]	VmStk:	     164 kB
20220314 014632.532 INFO             PET1 PIOc_sync Enter - MemInfo: [/proc/self/status]	VmExe:	   27340 kB
20220314 014632.532 INFO             PET1 PIOc_sync Enter - MemInfo: [/proc/self/status]	VmLib:	    1952 kB
20220314 014632.532 INFO             PET1 PIOc_sync Enter - MemInfo: [/proc/self/status]	VmPTE:	     108 kB
20220314 014632.532 INFO             PET1 PIOc_sync Enter - MemInfo: [/proc/self/status]	VmPMD:	      12 kB
20220314 014632.532 INFO             PET1 PIOc_sync Enter - MemInfo: [/proc/self/status]	VmSwap:	       0 kB
20220314 014632.532 INFO             PET1 PIOc_sync Enter - MemInfo: [/proc/self/status]	VmRSSPercent: 0.0103256 %
20220314 014632.532 INFO             PET1 PIOc_sync Enter - MemInfo: [malloc] Non-mmapped space allocated:                  923968 Byte
20220314 014632.532 INFO             PET1 PIOc_sync Enter - MemInfo: [malloc] Space allocated in mmapped regions:          3026944 Byte
20220314 014632.532 INFO             PET1 PIOc_sync Enter - MemInfo: [malloc] Maximum total allocated space:                     0 Byte
20220314 014632.532 INFO             PET1 PIOc_sync Enter - MemInfo: [malloc] Space in freed fastbin blocks:                   128 Byte
20220314 014632.532 INFO             PET1 PIOc_sync Enter - MemInfo: [malloc] Total allocated space:                        818208 Byte
20220314 014632.532 INFO             PET1 PIOc_sync Enter - MemInfo: [malloc] Total free space:                             105760 Byte
20220314 014632.532 INFO             PET1 PIOc_sync Enter - MemInfo: [malloc] Top-most, releasable space:                   105600 Byte
20220314 014632.533 INFO             PET1 PIOc_sync Enter - MemInfo: [malloc] Total space in use, mmap + non-mmap:         3845152 Byte
20220314 014632.533 INFO             PET1 PIOc_sync Enter - MemInfo: [malloc] Total space held (mmap + non-mmap):          3950912 Byte
20220314 014632.533 INFO             PET1 PIOc_sync Enter - MemInfo: [malloc] Total space used (mmap + non-mmap):          3854752 Byte
20220314 014632.533 INFO             PET1 PIOc_sync Enter - MemInfo: Wall-clock time since execution start:               0.123849 seconds
20220314 014632.533 INFO             PET1 PIOc_sync Exit - MemInfo: [/proc/meminfo - SSI]	MemTotal:       65855856 kB
20220314 014632.533 INFO             PET1 PIOc_sync Exit - MemInfo: [/proc/meminfo - SSI]	MemFree:        61336004 kB
20220314 014632.533 INFO             PET1 PIOc_sync Exit - MemInfo: [/proc/meminfo - SSI]	MemAvailable:   61105172 kB
20220314 014632.533 INFO             PET1 PIOc_sync Exit - MemInfo: [/proc/meminfo - SSI]	Committed_AS:    2816200 kB
20220314 014632.534 INFO             PET1 PIOc_sync Exit - MemInfo: [/proc/meminfo - SSI]	CommittedPercent: 4.27631 %
20220314 014632.534 INFO             PET1 PIOc_sync Exit - MemInfo: [/proc/self/status]	VmPeak:	   61140 kB
20220314 014632.534 INFO             PET1 PIOc_sync Exit - MemInfo: [/proc/self/status]	VmSize:	   61020 kB
20220314 014632.534 INFO             PET1 PIOc_sync Exit - MemInfo: [/proc/self/status]	VmLck:	       0 kB
20220314 014632.534 INFO             PET1 PIOc_sync Exit - MemInfo: [/proc/self/status]	VmPin:	       0 kB
20220314 014632.534 INFO             PET1 PIOc_sync Exit - MemInfo: [/proc/self/status]	VmHWM:	    7028 kB
20220314 014632.534 INFO             PET1 PIOc_sync Exit - MemInfo: [/proc/self/status]	VmRSS:	    7028 kB
20220314 014632.534 INFO             PET1 PIOc_sync Exit - MemInfo: [/proc/self/status]	VmData:	    8096 kB
20220314 014632.534 INFO             PET1 PIOc_sync Exit - MemInfo: [/proc/self/status]	VmStk:	     164 kB
20220314 014632.534 INFO             PET1 PIOc_sync Exit - MemInfo: [/proc/self/status]	VmExe:	   27340 kB
20220314 014632.534 INFO             PET1 PIOc_sync Exit - MemInfo: [/proc/self/status]	VmLib:	    1952 kB
20220314 014632.534 INFO             PET1 PIOc_sync Exit - MemInfo: [/proc/self/status]	VmPTE:	     112 kB
20220314 014632.534 INFO             PET1 PIOc_sync Exit - MemInfo: [/proc/self/status]	VmPMD:	      12 kB
20220314 014632.534 INFO             PET1 PIOc_sync Exit - MemInfo: [/proc/self/status]	VmSwap:	       0 kB
20220314 014632.534 INFO             PET1 PIOc_sync Exit - MemInfo: [/proc/self/status]	VmRSSPercent: 0.0106718 %
20220314 014632.534 INFO             PET1 PIOc_sync Exit - MemInfo: [malloc] Non-mmapped space allocated:                  923968 Byte
20220314 014632.534 INFO             PET1 PIOc_sync Exit - MemInfo: [malloc] Space allocated in mmapped regions:          3026944 Byte
20220314 014632.534 INFO             PET1 PIOc_sync Exit - MemInfo: [malloc] Maximum total allocated space:                     0 Byte
20220314 014632.534 INFO             PET1 PIOc_sync Exit - MemInfo: [malloc] Space in freed fastbin blocks:                    96 Byte
20220314 014632.534 INFO             PET1 PIOc_sync Exit - MemInfo: [malloc] Total allocated space:                        820416 Byte
20220314 014632.534 INFO             PET1 PIOc_sync Exit - MemInfo: [malloc] Total free space:                             103552 Byte
20220314 014632.534 INFO             PET1 PIOc_sync Exit - MemInfo: [malloc] Top-most, releasable space:                   103216 Byte
20220314 014632.534 INFO             PET1 PIOc_sync Exit - MemInfo: [malloc] Total space in use, mmap + non-mmap:         3847360 Byte
20220314 014632.534 INFO             PET1 PIOc_sync Exit - MemInfo: [malloc] Total space held (mmap + non-mmap):          3950912 Byte
20220314 014632.534 INFO             PET1 PIOc_sync Exit - MemInfo: [malloc] Total space used (mmap + non-mmap):          3855728 Byte
20220314 014632.534 INFO             PET1 PIOc_sync Exit - MemInfo: Wall-clock time since execution start:               0.124966 seconds
20220314 014632.534 INFO             PET1 PIOc_freedecomp Enter - MemInfo: [/proc/meminfo - SSI]	MemTotal:       65855856 kB
20220314 014632.534 INFO             PET1 PIOc_freedecomp Enter - MemInfo: [/proc/meminfo - SSI]	MemFree:        61343060 kB
20220314 014632.534 INFO             PET1 PIOc_freedecomp Enter - MemInfo: [/proc/meminfo - SSI]	MemAvailable:   61112228 kB
20220314 014632.534 INFO             PET1 PIOc_freedecomp Enter - MemInfo: [/proc/meminfo - SSI]	Committed_AS:    2808332 kB
20220314 014632.534 INFO             PET1 PIOc_freedecomp Enter - MemInfo: [/proc/meminfo - SSI]	CommittedPercent: 4.26436 %
20220314 014632.534 INFO             PET1 PIOc_freedecomp Enter - MemInfo: [/proc/self/status]	VmPeak:	   61140 kB
20220314 014632.534 INFO             PET1 PIOc_freedecomp Enter - MemInfo: [/proc/self/status]	VmSize:	   61020 kB
20220314 014632.534 INFO             PET1 PIOc_freedecomp Enter - MemInfo: [/proc/self/status]	VmLck:	       0 kB
20220314 014632.534 INFO             PET1 PIOc_freedecomp Enter - MemInfo: [/proc/self/status]	VmPin:	       0 kB
20220314 014632.534 INFO             PET1 PIOc_freedecomp Enter - MemInfo: [/proc/self/status]	VmHWM:	    7028 kB
20220314 014632.534 INFO             PET1 PIOc_freedecomp Enter - MemInfo: [/proc/self/status]	VmRSS:	    7028 kB
20220314 014632.534 INFO             PET1 PIOc_freedecomp Enter - MemInfo: [/proc/self/status]	VmData:	    8096 kB
20220314 014632.534 INFO             PET1 PIOc_freedecomp Enter - MemInfo: [/proc/self/status]	VmStk:	     164 kB
20220314 014632.534 INFO             PET1 PIOc_freedecomp Enter - MemInfo: [/proc/self/status]	VmExe:	   27340 kB
20220314 014632.534 INFO             PET1 PIOc_freedecomp Enter - MemInfo: [/proc/self/status]	VmLib:	    1952 kB
20220314 014632.534 INFO             PET1 PIOc_freedecomp Enter - MemInfo: [/proc/self/status]	VmPTE:	     112 kB
20220314 014632.534 INFO             PET1 PIOc_freedecomp Enter - MemInfo: [/proc/self/status]	VmPMD:	      12 kB
20220314 014632.534 INFO             PET1 PIOc_freedecomp Enter - MemInfo: [/proc/self/status]	VmSwap:	       0 kB
20220314 014632.534 INFO             PET1 PIOc_freedecomp Enter - MemInfo: [/proc/self/status]	VmRSSPercent: 0.0106718 %
20220314 014632.534 INFO             PET1 PIOc_freedecomp Enter - MemInfo: [malloc] Non-mmapped space allocated:                  923968 Byte
20220314 014632.534 INFO             PET1 PIOc_freedecomp Enter - MemInfo: [malloc] Space allocated in mmapped regions:          3026944 Byte
20220314 014632.534 INFO             PET1 PIOc_freedecomp Enter - MemInfo: [malloc] Maximum total allocated space:                     0 Byte
20220314 014632.534 INFO             PET1 PIOc_freedecomp Enter - MemInfo: [malloc] Space in freed fastbin blocks:                   752 Byte
20220314 014632.535 INFO             PET1 PIOc_freedecomp Enter - MemInfo: [malloc] Total allocated space:                        820848 Byte
20220314 014632.535 INFO             PET1 PIOc_freedecomp Enter - MemInfo: [malloc] Total free space:                             103120 Byte
20220314 014632.535 INFO             PET1 PIOc_freedecomp Enter - MemInfo: [malloc] Top-most, releasable space:                   102320 Byte
20220314 014632.535 INFO             PET1 PIOc_freedecomp Enter - MemInfo: [malloc] Total space in use, mmap + non-mmap:         3847792 Byte
20220314 014632.535 INFO             PET1 PIOc_freedecomp Enter - MemInfo: [malloc] Total space held (mmap + non-mmap):          3950912 Byte
20220314 014632.535 INFO             PET1 PIOc_freedecomp Enter - MemInfo: [malloc] Total space used (mmap + non-mmap):          3856208 Byte
20220314 014632.535 INFO             PET1 PIOc_freedecomp Enter - MemInfo: Wall-clock time since execution start:                 0.1258 seconds
20220314 014632.535 INFO             PET1 PIOc_freedecomp Exit - MemInfo: [/proc/meminfo - SSI]	MemTotal:       65855856 kB
20220314 014632.535 INFO             PET1 PIOc_freedecomp Exit - MemInfo: [/proc/meminfo - SSI]	MemFree:        61343060 kB
20220314 014632.535 INFO             PET1 PIOc_freedecomp Exit - MemInfo: [/proc/meminfo - SSI]	MemAvailable:   61112228 kB
20220314 014632.535 INFO             PET1 PIOc_freedecomp Exit - MemInfo: [/proc/meminfo - SSI]	Committed_AS:    2808332 kB
20220314 014632.535 INFO             PET1 PIOc_freedecomp Exit - MemInfo: [/proc/meminfo - SSI]	CommittedPercent: 4.26436 %
20220314 014632.535 INFO             PET1 PIOc_freedecomp Exit - MemInfo: [/proc/self/status]	VmPeak:	   61140 kB
20220314 014632.535 INFO             PET1 PIOc_freedecomp Exit - MemInfo: [/proc/self/status]	VmSize:	   61020 kB
20220314 014632.535 INFO             PET1 PIOc_freedecomp Exit - MemInfo: [/proc/self/status]	VmLck:	       0 kB
20220314 014632.535 INFO             PET1 PIOc_freedecomp Exit - MemInfo: [/proc/self/status]	VmPin:	       0 kB
20220314 014632.535 INFO             PET1 PIOc_freedecomp Exit - MemInfo: [/proc/self/status]	VmHWM:	    7028 kB
20220314 014632.535 INFO             PET1 PIOc_freedecomp Exit - MemInfo: [/proc/self/status]	VmRSS:	    7028 kB
20220314 014632.535 INFO             PET1 PIOc_freedecomp Exit - MemInfo: [/proc/self/status]	VmData:	    8096 kB
20220314 014632.535 INFO             PET1 PIOc_freedecomp Exit - MemInfo: [/proc/self/status]	VmStk:	     164 kB
20220314 014632.535 INFO             PET1 PIOc_freedecomp Exit - MemInfo: [/proc/self/status]	VmExe:	   27340 kB
20220314 014632.535 INFO             PET1 PIOc_freedecomp Exit - MemInfo: [/proc/self/status]	VmLib:	    1952 kB
20220314 014632.535 INFO             PET1 PIOc_freedecomp Exit - MemInfo: [/proc/self/status]	VmPTE:	     112 kB
20220314 014632.535 INFO             PET1 PIOc_freedecomp Exit - MemInfo: [/proc/self/status]	VmPMD:	      12 kB
20220314 014632.535 INFO             PET1 PIOc_freedecomp Exit - MemInfo: [/proc/self/status]	VmSwap:	       0 kB
20220314 014632.535 INFO             PET1 PIOc_freedecomp Exit - MemInfo: [/proc/self/status]	VmRSSPercent: 0.0106718 %
20220314 014632.535 INFO             PET1 PIOc_freedecomp Exit - MemInfo: [malloc] Non-mmapped space allocated:                  923968 Byte
20220314 014632.535 INFO             PET1 PIOc_freedecomp Exit - MemInfo: [malloc] Space allocated in mmapped regions:          3026944 Byte
20220314 014632.535 INFO             PET1 PIOc_freedecomp Exit - MemInfo: [malloc] Maximum total allocated space:                     0 Byte
20220314 014632.535 INFO             PET1 PIOc_freedecomp Exit - MemInfo: [malloc] Space in freed fastbin blocks:                   784 Byte
20220314 014632.535 INFO             PET1 PIOc_freedecomp Exit - MemInfo: [malloc] Total allocated space:                        821312 Byte
20220314 014632.535 INFO             PET1 PIOc_freedecomp Exit - MemInfo: [malloc] Total free space:                             102656 Byte
20220314 014632.535 INFO             PET1 PIOc_freedecomp Exit - MemInfo: [malloc] Top-most, releasable space:                   101872 Byte
20220314 014632.535 INFO             PET1 PIOc_freedecomp Exit - MemInfo: [malloc] Total space in use, mmap + non-mmap:         3848256 Byte
20220314 014632.535 INFO             PET1 PIOc_freedecomp Exit - MemInfo: [malloc] Total space held (mmap + non-mmap):          3950912 Byte
20220314 014632.535 INFO             PET1 PIOc_freedecomp Exit - MemInfo: [malloc] Total space used (mmap + non-mmap):          3856544 Byte
20220314 014632.535 INFO             PET1 PIOc_freedecomp Exit - MemInfo: Wall-clock time since execution start:               0.126095 seconds
20220314 014632.538 INFO             PET1 PIOc_sync Enter - MemInfo: [/proc/meminfo - SSI]	MemTotal:       65855856 kB
20220314 014632.538 INFO             PET1 PIOc_sync Enter - MemInfo: [/proc/meminfo - SSI]	MemFree:        61340236 kB
20220314 014632.538 INFO             PET1 PIOc_sync Enter - MemInfo: [/proc/meminfo - SSI]	MemAvailable:   61109812 kB
20220314 014632.538 INFO             PET1 PIOc_sync Enter - MemInfo: [/proc/meminfo - SSI]	Committed_AS:    2816600 kB
20220314 014632.538 INFO             PET1 PIOc_sync Enter - MemInfo: [/proc/meminfo - SSI]	CommittedPercent: 4.27692 %
20220314 014632.538 INFO             PET1 PIOc_sync Enter - MemInfo: [/proc/self/status]	VmPeak:	   61140 kB
20220314 014632.538 INFO             PET1 PIOc_sync Enter - MemInfo: [/proc/self/status]	VmSize:	   61020 kB
20220314 014632.538 INFO             PET1 PIOc_sync Enter - MemInfo: [/proc/self/status]	VmLck:	       0 kB
20220314 014632.538 INFO             PET1 PIOc_sync Enter - MemInfo: [/proc/self/status]	VmPin:	       0 kB
20220314 014632.538 INFO             PET1 PIOc_sync Enter - MemInfo: [/proc/self/status]	VmHWM:	    7044 kB
20220314 014632.538 INFO             PET1 PIOc_sync Enter - MemInfo: [/proc/self/status]	VmRSS:	    7028 kB
20220314 014632.538 INFO             PET1 PIOc_sync Enter - MemInfo: [/proc/self/status]	VmData:	    8096 kB
20220314 014632.538 INFO             PET1 PIOc_sync Enter - MemInfo: [/proc/self/status]	VmStk:	     164 kB
20220314 014632.538 INFO             PET1 PIOc_sync Enter - MemInfo: [/proc/self/status]	VmExe:	   27340 kB
20220314 014632.538 INFO             PET1 PIOc_sync Enter - MemInfo: [/proc/self/status]	VmLib:	    1952 kB
20220314 014632.538 INFO             PET1 PIOc_sync Enter - MemInfo: [/proc/self/status]	VmPTE:	     112 kB
20220314 014632.538 INFO             PET1 PIOc_sync Enter - MemInfo: [/proc/self/status]	VmPMD:	      12 kB
20220314 014632.538 INFO             PET1 PIOc_sync Enter - MemInfo: [/proc/self/status]	VmSwap:	       0 kB
20220314 014632.538 INFO             PET1 PIOc_sync Enter - MemInfo: [/proc/self/status]	VmRSSPercent: 0.0106718 %
20220314 014632.538 INFO             PET1 PIOc_sync Enter - MemInfo: [malloc] Non-mmapped space allocated:                  923968 Byte
20220314 014632.538 INFO             PET1 PIOc_sync Enter - MemInfo: [malloc] Space allocated in mmapped regions:          3026944 Byte
20220314 014632.538 INFO             PET1 PIOc_sync Enter - MemInfo: [malloc] Maximum total allocated space:                     0 Byte
20220314 014632.538 INFO             PET1 PIOc_sync Enter - MemInfo: [malloc] Space in freed fastbin blocks:                   128 Byte
20220314 014632.538 INFO             PET1 PIOc_sync Enter - MemInfo: [malloc] Total allocated space:                        825520 Byte
20220314 014632.538 INFO             PET1 PIOc_sync Enter - MemInfo: [malloc] Total free space:                              98448 Byte
20220314 014632.538 INFO             PET1 PIOc_sync Enter - MemInfo: [malloc] Top-most, releasable space:                    98192 Byte
20220314 014632.538 INFO             PET1 PIOc_sync Enter - MemInfo: [malloc] Total space in use, mmap + non-mmap:         3852464 Byte
20220314 014632.538 INFO             PET1 PIOc_sync Enter - MemInfo: [malloc] Total space held (mmap + non-mmap):          3950912 Byte
20220314 014632.538 INFO             PET1 PIOc_sync Enter - MemInfo: [malloc] Total space used (mmap + non-mmap):          3860688 Byte
20220314 014632.538 INFO             PET1 PIOc_sync Enter - MemInfo: Wall-clock time since execution start:               0.129682 seconds
20220314 014632.539 INFO             PET1 PIOc_sync Exit - MemInfo: [/proc/meminfo - SSI]	MemTotal:       65855856 kB
20220314 014632.539 INFO             PET1 PIOc_sync Exit - MemInfo: [/proc/meminfo - SSI]	MemFree:        61340236 kB
20220314 014632.539 INFO             PET1 PIOc_sync Exit - MemInfo: [/proc/meminfo - SSI]	MemAvailable:   61109812 kB
20220314 014632.539 INFO             PET1 PIOc_sync Exit - MemInfo: [/proc/meminfo - SSI]	Committed_AS:    2816600 kB
20220314 014632.539 INFO             PET1 PIOc_sync Exit - MemInfo: [/proc/meminfo - SSI]	CommittedPercent: 4.27692 %
20220314 014632.539 INFO             PET1 PIOc_sync Exit - MemInfo: [/proc/self/status]	VmPeak:	   61140 kB
20220314 014632.539 INFO             PET1 PIOc_sync Exit - MemInfo: [/proc/self/status]	VmSize:	   61020 kB
20220314 014632.539 INFO             PET1 PIOc_sync Exit - MemInfo: [/proc/self/status]	VmLck:	       0 kB
20220314 014632.539 INFO             PET1 PIOc_sync Exit - MemInfo: [/proc/self/status]	VmPin:	       0 kB
20220314 014632.539 INFO             PET1 PIOc_sync Exit - MemInfo: [/proc/self/status]	VmHWM:	    7044 kB
20220314 014632.539 INFO             PET1 PIOc_sync Exit - MemInfo: [/proc/self/status]	VmRSS:	    7028 kB
20220314 014632.539 INFO             PET1 PIOc_sync Exit - MemInfo: [/proc/self/status]	VmData:	    8096 kB
20220314 014632.539 INFO             PET1 PIOc_sync Exit - MemInfo: [/proc/self/status]	VmStk:	     164 kB
20220314 014632.539 INFO             PET1 PIOc_sync Exit - MemInfo: [/proc/self/status]	VmExe:	   27340 kB
20220314 014632.539 INFO             PET1 PIOc_sync Exit - MemInfo: [/proc/self/status]	VmLib:	    1952 kB
20220314 014632.539 INFO             PET1 PIOc_sync Exit - MemInfo: [/proc/self/status]	VmPTE:	     112 kB
20220314 014632.539 INFO             PET1 PIOc_sync Exit - MemInfo: [/proc/self/status]	VmPMD:	      12 kB
20220314 014632.539 INFO             PET1 PIOc_sync Exit - MemInfo: [/proc/self/status]	VmSwap:	       0 kB
20220314 014632.539 INFO             PET1 PIOc_sync Exit - MemInfo: [/proc/self/status]	VmRSSPercent: 0.0106718 %
20220314 014632.539 INFO             PET1 PIOc_sync Exit - MemInfo: [malloc] Non-mmapped space allocated:                  923968 Byte
20220314 014632.539 INFO             PET1 PIOc_sync Exit - MemInfo: [malloc] Space allocated in mmapped regions:          3026944 Byte
20220314 014632.539 INFO             PET1 PIOc_sync Exit - MemInfo: [malloc] Maximum total allocated space:                     0 Byte
20220314 014632.539 INFO             PET1 PIOc_sync Exit - MemInfo: [malloc] Space in freed fastbin blocks:                    96 Byte
20220314 014632.539 INFO             PET1 PIOc_sync Exit - MemInfo: [malloc] Total allocated space:                        825904 Byte
20220314 014632.539 INFO             PET1 PIOc_sync Exit - MemInfo: [malloc] Total free space:                              98064 Byte
20220314 014632.539 INFO             PET1 PIOc_sync Exit - MemInfo: [malloc] Top-most, releasable space:                    97408 Byte
20220314 014632.539 INFO             PET1 PIOc_sync Exit - MemInfo: [malloc] Total space in use, mmap + non-mmap:         3852848 Byte
20220314 014632.539 INFO             PET1 PIOc_sync Exit - MemInfo: [malloc] Total space held (mmap + non-mmap):          3950912 Byte
20220314 014632.539 INFO             PET1 PIOc_sync Exit - MemInfo: [malloc] Total space used (mmap + non-mmap):          3860992 Byte
20220314 014632.539 INFO             PET1 PIOc_sync Exit - MemInfo: Wall-clock time since execution start:               0.130047 seconds
20220314 014632.539 INFO             PET1 PIOc_freedecomp Enter - MemInfo: [/proc/meminfo - SSI]	MemTotal:       65855856 kB
20220314 014632.539 INFO             PET1 PIOc_freedecomp Enter - MemInfo: [/proc/meminfo - SSI]	MemFree:        61340236 kB
20220314 014632.539 INFO             PET1 PIOc_freedecomp Enter - MemInfo: [/proc/meminfo - SSI]	MemAvailable:   61109812 kB
20220314 014632.539 INFO             PET1 PIOc_freedecomp Enter - MemInfo: [/proc/meminfo - SSI]	Committed_AS:    2816600 kB
20220314 014632.539 INFO             PET1 PIOc_freedecomp Enter - MemInfo: [/proc/meminfo - SSI]	CommittedPercent: 4.27692 %
20220314 014632.539 INFO             PET1 PIOc_freedecomp Enter - MemInfo: [/proc/self/status]	VmPeak:	   61140 kB
20220314 014632.539 INFO             PET1 PIOc_freedecomp Enter - MemInfo: [/proc/self/status]	VmSize:	   61020 kB
20220314 014632.539 INFO             PET1 PIOc_freedecomp Enter - MemInfo: [/proc/self/status]	VmLck:	       0 kB
20220314 014632.539 INFO             PET1 PIOc_freedecomp Enter - MemInfo: [/proc/self/status]	VmPin:	       0 kB
20220314 014632.539 INFO             PET1 PIOc_freedecomp Enter - MemInfo: [/proc/self/status]	VmHWM:	    7044 kB
20220314 014632.539 INFO             PET1 PIOc_freedecomp Enter - MemInfo: [/proc/self/status]	VmRSS:	    7028 kB
20220314 014632.539 INFO             PET1 PIOc_freedecomp Enter - MemInfo: [/proc/self/status]	VmData:	    8096 kB
20220314 014632.539 INFO             PET1 PIOc_freedecomp Enter - MemInfo: [/proc/self/status]	VmStk:	     164 kB
20220314 014632.539 INFO             PET1 PIOc_freedecomp Enter - MemInfo: [/proc/self/status]	VmExe:	   27340 kB
20220314 014632.539 INFO             PET1 PIOc_freedecomp Enter - MemInfo: [/proc/self/status]	VmLib:	    1952 kB
20220314 014632.539 INFO             PET1 PIOc_freedecomp Enter - MemInfo: [/proc/self/status]	VmPTE:	     112 kB
20220314 014632.539 INFO             PET1 PIOc_freedecomp Enter - MemInfo: [/proc/self/status]	VmPMD:	      12 kB
20220314 014632.539 INFO             PET1 PIOc_freedecomp Enter - MemInfo: [/proc/self/status]	VmSwap:	       0 kB
20220314 014632.539 INFO             PET1 PIOc_freedecomp Enter - MemInfo: [/proc/self/status]	VmRSSPercent: 0.0106718 %
20220314 014632.539 INFO             PET1 PIOc_freedecomp Enter - MemInfo: [malloc] Non-mmapped space allocated:                  923968 Byte
20220314 014632.539 INFO             PET1 PIOc_freedecomp Enter - MemInfo: [malloc] Space allocated in mmapped regions:          3026944 Byte
20220314 014632.539 INFO             PET1 PIOc_freedecomp Enter - MemInfo: [malloc] Maximum total allocated space:                     0 Byte
20220314 014632.539 INFO             PET1 PIOc_freedecomp Enter - MemInfo: [malloc] Space in freed fastbin blocks:                   768 Byte
20220314 014632.539 INFO             PET1 PIOc_freedecomp Enter - MemInfo: [malloc] Total allocated space:                        824832 Byte
20220314 014632.539 INFO             PET1 PIOc_freedecomp Enter - MemInfo: [malloc] Total free space:                              99136 Byte
20220314 014632.539 INFO             PET1 PIOc_freedecomp Enter - MemInfo: [malloc] Top-most, releasable space:                    97184 Byte
20220314 014632.539 INFO             PET1 PIOc_freedecomp Enter - MemInfo: [malloc] Total space in use, mmap + non-mmap:         3851776 Byte
20220314 014632.539 INFO             PET1 PIOc_freedecomp Enter - MemInfo: [malloc] Total space held (mmap + non-mmap):          3950912 Byte
20220314 014632.539 INFO             PET1 PIOc_freedecomp Enter - MemInfo: [malloc] Total space used (mmap + non-mmap):          3860224 Byte
20220314 014632.539 INFO             PET1 PIOc_freedecomp Enter - MemInfo: Wall-clock time since execution start:               0.130559 seconds
20220314 014632.539 INFO             PET1 PIOc_freedecomp Exit - MemInfo: [/proc/meminfo - SSI]	MemTotal:       65855856 kB
20220314 014632.539 INFO             PET1 PIOc_freedecomp Exit - MemInfo: [/proc/meminfo - SSI]	MemFree:        61340236 kB
20220314 014632.539 INFO             PET1 PIOc_freedecomp Exit - MemInfo: [/proc/meminfo - SSI]	MemAvailable:   61109812 kB
20220314 014632.539 INFO             PET1 PIOc_freedecomp Exit - MemInfo: [/proc/meminfo - SSI]	Committed_AS:    2816600 kB
20220314 014632.539 INFO             PET1 PIOc_freedecomp Exit - MemInfo: [/proc/meminfo - SSI]	CommittedPercent: 4.27692 %
20220314 014632.539 INFO             PET1 PIOc_freedecomp Exit - MemInfo: [/proc/self/status]	VmPeak:	   61140 kB
20220314 014632.539 INFO             PET1 PIOc_freedecomp Exit - MemInfo: [/proc/self/status]	VmSize:	   61020 kB
20220314 014632.539 INFO             PET1 PIOc_freedecomp Exit - MemInfo: [/proc/self/status]	VmLck:	       0 kB
20220314 014632.539 INFO             PET1 PIOc_freedecomp Exit - MemInfo: [/proc/self/status]	VmPin:	       0 kB
20220314 014632.539 INFO             PET1 PIOc_freedecomp Exit - MemInfo: [/proc/self/status]	VmHWM:	    7044 kB
20220314 014632.539 INFO             PET1 PIOc_freedecomp Exit - MemInfo: [/proc/self/status]	VmRSS:	    7028 kB
20220314 014632.539 INFO             PET1 PIOc_freedecomp Exit - MemInfo: [/proc/self/status]	VmData:	    8096 kB
20220314 014632.539 INFO             PET1 PIOc_freedecomp Exit - MemInfo: [/proc/self/status]	VmStk:	     164 kB
20220314 014632.539 INFO             PET1 PIOc_freedecomp Exit - MemInfo: [/proc/self/status]	VmExe:	   27340 kB
20220314 014632.539 INFO             PET1 PIOc_freedecomp Exit - MemInfo: [/proc/self/status]	VmLib:	    1952 kB
20220314 014632.539 INFO             PET1 PIOc_freedecomp Exit - MemInfo: [/proc/self/status]	VmPTE:	     112 kB
20220314 014632.539 INFO             PET1 PIOc_freedecomp Exit - MemInfo: [/proc/self/status]	VmPMD:	      12 kB
20220314 014632.539 INFO             PET1 PIOc_freedecomp Exit - MemInfo: [/proc/self/status]	VmSwap:	       0 kB
20220314 014632.540 INFO             PET1 PIOc_freedecomp Exit - MemInfo: [/proc/self/status]	VmRSSPercent: 0.0106718 %
20220314 014632.540 INFO             PET1 PIOc_freedecomp Exit - MemInfo: [malloc] Non-mmapped space allocated:                  923968 Byte
20220314 014632.540 INFO             PET1 PIOc_freedecomp Exit - MemInfo: [malloc] Space allocated in mmapped regions:          3026944 Byte
20220314 014632.540 INFO             PET1 PIOc_freedecomp Exit - MemInfo: [malloc] Maximum total allocated space:                     0 Byte
20220314 014632.540 INFO             PET1 PIOc_freedecomp Exit - MemInfo: [malloc] Space in freed fastbin blocks:                   960 Byte
20220314 014632.540 INFO             PET1 PIOc_freedecomp Exit - MemInfo: [malloc] Total allocated space:                        823952 Byte
20220314 014632.540 INFO             PET1 PIOc_freedecomp Exit - MemInfo: [malloc] Total free space:                             100016 Byte
20220314 014632.540 INFO             PET1 PIOc_freedecomp Exit - MemInfo: [malloc] Top-most, releasable space:                    96960 Byte
20220314 014632.540 INFO             PET1 PIOc_freedecomp Exit - MemInfo: [malloc] Total space in use, mmap + non-mmap:         3850896 Byte
20220314 014632.540 INFO             PET1 PIOc_freedecomp Exit - MemInfo: [malloc] Total space held (mmap + non-mmap):          3950912 Byte
20220314 014632.540 INFO             PET1 PIOc_freedecomp Exit - MemInfo: [malloc] Total space used (mmap + non-mmap):          3859264 Byte
20220314 014632.540 INFO             PET1 PIOc_freedecomp Exit - MemInfo: Wall-clock time since execution start:               0.130879 seconds
20220314 014632.541 INFO             PET1 PIOc_sync Enter - MemInfo: [/proc/meminfo - SSI]	MemTotal:       65855856 kB
20220314 014632.541 INFO             PET1 PIOc_sync Enter - MemInfo: [/proc/meminfo - SSI]	MemFree:        61339732 kB
20220314 014632.541 INFO             PET1 PIOc_sync Enter - MemInfo: [/proc/meminfo - SSI]	MemAvailable:   61109560 kB
20220314 014632.541 INFO             PET1 PIOc_sync Enter - MemInfo: [/proc/meminfo - SSI]	Committed_AS:    2816600 kB
20220314 014632.541 INFO             PET1 PIOc_sync Enter - MemInfo: [/proc/meminfo - SSI]	CommittedPercent: 4.27692 %
20220314 014632.541 INFO             PET1 PIOc_sync Enter - MemInfo: [/proc/self/status]	VmPeak:	   61140 kB
20220314 014632.541 INFO             PET1 PIOc_sync Enter - MemInfo: [/proc/self/status]	VmSize:	   60996 kB
20220314 014632.541 INFO             PET1 PIOc_sync Enter - MemInfo: [/proc/self/status]	VmLck:	       0 kB
20220314 014632.541 INFO             PET1 PIOc_sync Enter - MemInfo: [/proc/self/status]	VmPin:	       0 kB
20220314 014632.541 INFO             PET1 PIOc_sync Enter - MemInfo: [/proc/self/status]	VmHWM:	    7048 kB
20220314 014632.541 INFO             PET1 PIOc_sync Enter - MemInfo: [/proc/self/status]	VmRSS:	    7032 kB
20220314 014632.541 INFO             PET1 PIOc_sync Enter - MemInfo: [/proc/self/status]	VmData:	    8096 kB
20220314 014632.541 INFO             PET1 PIOc_sync Enter - MemInfo: [/proc/self/status]	VmStk:	     164 kB
20220314 014632.541 INFO             PET1 PIOc_sync Enter - MemInfo: [/proc/self/status]	VmExe:	   27340 kB
20220314 014632.541 INFO             PET1 PIOc_sync Enter - MemInfo: [/proc/self/status]	VmLib:	    1952 kB
20220314 014632.541 INFO             PET1 PIOc_sync Enter - MemInfo: [/proc/self/status]	VmPTE:	     112 kB
20220314 014632.541 INFO             PET1 PIOc_sync Enter - MemInfo: [/proc/self/status]	VmPMD:	      12 kB
20220314 014632.541 INFO             PET1 PIOc_sync Enter - MemInfo: [/proc/self/status]	VmSwap:	       0 kB
20220314 014632.541 INFO             PET1 PIOc_sync Enter - MemInfo: [/proc/self/status]	VmRSSPercent: 0.0106779 %
20220314 014632.541 INFO             PET1 PIOc_sync Enter - MemInfo: [malloc] Non-mmapped space allocated:                  923968 Byte
20220314 014632.541 INFO             PET1 PIOc_sync Enter - MemInfo: [malloc] Space allocated in mmapped regions:          3026944 Byte
20220314 014632.541 INFO             PET1 PIOc_sync Enter - MemInfo: [malloc] Maximum total allocated space:                     0 Byte
20220314 014632.541 INFO             PET1 PIOc_sync Enter - MemInfo: [malloc] Space in freed fastbin blocks:                   512 Byte
20220314 014632.541 INFO             PET1 PIOc_sync Enter - MemInfo: [malloc] Total allocated space:                        826640 Byte
20220314 014632.541 INFO             PET1 PIOc_sync Enter - MemInfo: [malloc] Total free space:                              97328 Byte
20220314 014632.541 INFO             PET1 PIOc_sync Enter - MemInfo: [malloc] Top-most, releasable space:                    95376 Byte
20220314 014632.541 INFO             PET1 PIOc_sync Enter - MemInfo: [malloc] Total space in use, mmap + non-mmap:         3853584 Byte
20220314 014632.542 INFO             PET1 PIOc_sync Enter - MemInfo: [malloc] Total space held (mmap + non-mmap):          3950912 Byte
20220314 014632.542 INFO             PET1 PIOc_sync Enter - MemInfo: [malloc] Total space used (mmap + non-mmap):          3861808 Byte
20220314 014632.542 INFO             PET1 PIOc_sync Enter - MemInfo: Wall-clock time since execution start:               0.132776 seconds
20220314 014632.542 INFO             PET1 PIOc_sync Exit - MemInfo: [/proc/meminfo - SSI]	MemTotal:       65855856 kB
20220314 014632.542 INFO             PET1 PIOc_sync Exit - MemInfo: [/proc/meminfo - SSI]	MemFree:        61339732 kB
20220314 014632.542 INFO             PET1 PIOc_sync Exit - MemInfo: [/proc/meminfo - SSI]	MemAvailable:   61109560 kB
20220314 014632.542 INFO             PET1 PIOc_sync Exit - MemInfo: [/proc/meminfo - SSI]	Committed_AS:    2816600 kB
20220314 014632.542 INFO             PET1 PIOc_sync Exit - MemInfo: [/proc/meminfo - SSI]	CommittedPercent: 4.27692 %
20220314 014632.542 INFO             PET1 PIOc_sync Exit - MemInfo: [/proc/self/status]	VmPeak:	   61140 kB
20220314 014632.542 INFO             PET1 PIOc_sync Exit - MemInfo: [/proc/self/status]	VmSize:	   60996 kB
20220314 014632.542 INFO             PET1 PIOc_sync Exit - MemInfo: [/proc/self/status]	VmLck:	       0 kB
20220314 014632.542 INFO             PET1 PIOc_sync Exit - MemInfo: [/proc/self/status]	VmPin:	       0 kB
20220314 014632.542 INFO             PET1 PIOc_sync Exit - MemInfo: [/proc/self/status]	VmHWM:	    7048 kB
20220314 014632.542 INFO             PET1 PIOc_sync Exit - MemInfo: [/proc/self/status]	VmRSS:	    7032 kB
20220314 014632.542 INFO             PET1 PIOc_sync Exit - MemInfo: [/proc/self/status]	VmData:	    8096 kB
20220314 014632.542 INFO             PET1 PIOc_sync Exit - MemInfo: [/proc/self/status]	VmStk:	     164 kB
20220314 014632.542 INFO             PET1 PIOc_sync Exit - MemInfo: [/proc/self/status]	VmExe:	   27340 kB
20220314 014632.542 INFO             PET1 PIOc_sync Exit - MemInfo: [/proc/self/status]	VmLib:	    1952 kB
20220314 014632.542 INFO             PET1 PIOc_sync Exit - MemInfo: [/proc/self/status]	VmPTE:	     112 kB
20220314 014632.542 INFO             PET1 PIOc_sync Exit - MemInfo: [/proc/self/status]	VmPMD:	      12 kB
20220314 014632.542 INFO             PET1 PIOc_sync Exit - MemInfo: [/proc/self/status]	VmSwap:	       0 kB
20220314 014632.542 INFO             PET1 PIOc_sync Exit - MemInfo: [/proc/self/status]	VmRSSPercent: 0.0106779 %
20220314 014632.542 INFO             PET1 PIOc_sync Exit - MemInfo: [malloc] Non-mmapped space allocated:                  923968 Byte
20220314 014632.542 INFO             PET1 PIOc_sync Exit - MemInfo: [malloc] Space allocated in mmapped regions:          3026944 Byte
20220314 014632.542 INFO             PET1 PIOc_sync Exit - MemInfo: [malloc] Maximum total allocated space:                     0 Byte
20220314 014632.542 INFO             PET1 PIOc_sync Exit - MemInfo: [malloc] Space in freed fastbin blocks:                   480 Byte
20220314 014632.542 INFO             PET1 PIOc_sync Exit - MemInfo: [malloc] Total allocated space:                        826272 Byte
20220314 014632.542 INFO             PET1 PIOc_sync Exit - MemInfo: [malloc] Total free space:                              97696 Byte
20220314 014632.542 INFO             PET1 PIOc_sync Exit - MemInfo: [malloc] Top-most, releasable space:                    95152 Byte
20220314 014632.542 INFO             PET1 PIOc_sync Exit - MemInfo: [malloc] Total space in use, mmap + non-mmap:         3853216 Byte
20220314 014632.542 INFO             PET1 PIOc_sync Exit - MemInfo: [malloc] Total space held (mmap + non-mmap):          3950912 Byte
20220314 014632.542 INFO             PET1 PIOc_sync Exit - MemInfo: [malloc] Total space used (mmap + non-mmap):          3861360 Byte
20220314 014632.542 INFO             PET1 PIOc_sync Exit - MemInfo: Wall-clock time since execution start:               0.133161 seconds
20220314 014632.542 INFO             PET1 PIOc_freedecomp Enter - MemInfo: [/proc/meminfo - SSI]	MemTotal:       65855856 kB
20220314 014632.542 INFO             PET1 PIOc_freedecomp Enter - MemInfo: [/proc/meminfo - SSI]	MemFree:        61339732 kB
20220314 014632.542 INFO             PET1 PIOc_freedecomp Enter - MemInfo: [/proc/meminfo - SSI]	MemAvailable:   61109560 kB
20220314 014632.542 INFO             PET1 PIOc_freedecomp Enter - MemInfo: [/proc/meminfo - SSI]	Committed_AS:    2816600 kB
20220314 014632.542 INFO             PET1 PIOc_freedecomp Enter - MemInfo: [/proc/meminfo - SSI]	CommittedPercent: 4.27692 %
20220314 014632.542 INFO             PET1 PIOc_freedecomp Enter - MemInfo: [/proc/self/status]	VmPeak:	   61140 kB
20220314 014632.542 INFO             PET1 PIOc_freedecomp Enter - MemInfo: [/proc/self/status]	VmSize:	   60996 kB
