build time -- 2022-03-12 23:28:06
20220313 004139.086 INFO             PET0 !!!!!!!!!!!!!!!!!!!!!!!!!!!!!!!!!!!!!!!!!!!!!!!!!!!!!!
20220313 004139.086 INFO             PET0 !!! THE ESMF_LOG IS SET TO OUTPUT ALL LOG MESSAGES !!!
20220313 004139.086 INFO             PET0 !!!     THIS MAY CAUSE SLOWDOWN IN PERFORMANCE     !!!
20220313 004139.086 INFO             PET0 !!! FOR PRODUCTION RUNS, USE:                      !!!
20220313 004139.086 INFO             PET0 !!!                   ESMF_LOGKIND_Multi_On_Error  !!!
20220313 004139.086 INFO             PET0 !!!!!!!!!!!!!!!!!!!!!!!!!!!!!!!!!!!!!!!!!!!!!!!!!!!!!!
20220313 004139.086 INFO             PET0 Running with ESMF Version   : v8.3.0b09-96-g559b459836
20220313 004139.086 INFO             PET0 ESMF library build date/time: "Mar 12 2022" "23:26:31"
20220313 004139.086 INFO             PET0 ESMF library build location : /lustre/f2/dev/ncep/Mark.Potts/gfortran_8.3.0_mpi_O_jedwards_pio_update2
20220313 004139.086 INFO             PET0 ESMF_COMM                   : mpi
20220313 004139.087 INFO             PET0 ESMF_MOAB                   : enabled
20220313 004139.087 INFO             PET0 ESMF_LAPACK                 : enabled
20220313 004139.087 INFO             PET0 ESMF_NETCDF                 : enabled
20220313 004139.087 INFO             PET0 ESMF_PNETCDF                : disabled
20220313 004139.087 INFO             PET0 ESMF_PIO                    : enabled
20220313 004139.087 INFO             PET0 ESMF_YAMLCPP                : enabled
20220313 004139.195 INFO             PET0 PIOc_sync Enter - MemInfo: [/proc/meminfo - SSI]	MemTotal:       65855856 kB
20220313 004139.195 INFO             PET0 PIOc_sync Enter - MemInfo: [/proc/meminfo - SSI]	MemFree:        61264016 kB
20220313 004139.195 INFO             PET0 PIOc_sync Enter - MemInfo: [/proc/meminfo - SSI]	MemAvailable:   61025356 kB
20220313 004139.195 INFO             PET0 PIOc_sync Enter - MemInfo: [/proc/meminfo - SSI]	Committed_AS:    2872124 kB
20220313 004139.195 INFO             PET0 PIOc_sync Enter - MemInfo: [/proc/meminfo - SSI]	CommittedPercent: 4.36123 %
20220313 004139.195 INFO             PET0 PIOc_sync Enter - MemInfo: [/proc/self/status]	VmPeak:	   70088 kB
20220313 004139.195 INFO             PET0 PIOc_sync Enter - MemInfo: [/proc/self/status]	VmSize:	   70088 kB
20220313 004139.195 INFO             PET0 PIOc_sync Enter - MemInfo: [/proc/self/status]	VmLck:	       0 kB
20220313 004139.195 INFO             PET0 PIOc_sync Enter - MemInfo: [/proc/self/status]	VmPin:	       0 kB
20220313 004139.195 INFO             PET0 PIOc_sync Enter - MemInfo: [/proc/self/status]	VmHWM:	   16832 kB
20220313 004139.195 INFO             PET0 PIOc_sync Enter - MemInfo: [/proc/self/status]	VmRSS:	   16832 kB
20220313 004139.195 INFO             PET0 PIOc_sync Enter - MemInfo: [/proc/self/status]	VmData:	   17164 kB
20220313 004139.195 INFO             PET0 PIOc_sync Enter - MemInfo: [/proc/self/status]	VmStk:	     164 kB
20220313 004139.195 INFO             PET0 PIOc_sync Enter - MemInfo: [/proc/self/status]	VmExe:	   27340 kB
20220313 004139.195 INFO             PET0 PIOc_sync Enter - MemInfo: [/proc/self/status]	VmLib:	    1952 kB
20220313 004139.195 INFO             PET0 PIOc_sync Enter - MemInfo: [/proc/self/status]	VmPTE:	     124 kB
20220313 004139.195 INFO             PET0 PIOc_sync Enter - MemInfo: [/proc/self/status]	VmPMD:	      12 kB
20220313 004139.195 INFO             PET0 PIOc_sync Enter - MemInfo: [/proc/self/status]	VmSwap:	       0 kB
20220313 004139.195 INFO             PET0 PIOc_sync Enter - MemInfo: [/proc/self/status]	VmRSSPercent: 0.0255589 %
20220313 004139.195 INFO             PET0 PIOc_sync Enter - MemInfo: [malloc] Non-mmapped space allocated:                 1288512 Byte
20220313 004139.195 INFO             PET0 PIOc_sync Enter - MemInfo: [malloc] Space allocated in mmapped regions:         11948032 Byte
20220313 004139.196 INFO             PET0 PIOc_sync Enter - MemInfo: [malloc] Maximum total allocated space:                     0 Byte
20220313 004139.196 INFO             PET0 PIOc_sync Enter - MemInfo: [malloc] Space in freed fastbin blocks:                    96 Byte
20220313 004139.196 INFO             PET0 PIOc_sync Enter - MemInfo: [malloc] Total allocated space:                       1181648 Byte
20220313 004139.196 INFO             PET0 PIOc_sync Enter - MemInfo: [malloc] Total free space:                             106864 Byte
20220313 004139.196 INFO             PET0 PIOc_sync Enter - MemInfo: [malloc] Top-most, releasable space:                    81360 Byte
20220313 004139.196 INFO             PET0 PIOc_sync Enter - MemInfo: [malloc] Total space in use, mmap + non-mmap:        13129680 Byte
20220313 004139.196 INFO             PET0 PIOc_sync Enter - MemInfo: [malloc] Total space held (mmap + non-mmap):         13236544 Byte
20220313 004139.196 INFO             PET0 PIOc_sync Enter - MemInfo: [malloc] Total space used (mmap + non-mmap):         13139424 Byte
20220313 004139.196 INFO             PET0 PIOc_sync Enter - MemInfo: Wall-clock time since execution start:               0.127626 seconds
20220313 004139.201 INFO             PET0 PIOc_sync Exit - MemInfo: [/proc/meminfo - SSI]	MemTotal:       65855856 kB
20220313 004139.201 INFO             PET0 PIOc_sync Exit - MemInfo: [/proc/meminfo - SSI]	MemFree:        61262944 kB
20220313 004139.201 INFO             PET0 PIOc_sync Exit - MemInfo: [/proc/meminfo - SSI]	MemAvailable:   61024284 kB
20220313 004139.201 INFO             PET0 PIOc_sync Exit - MemInfo: [/proc/meminfo - SSI]	Committed_AS:    2872124 kB
20220313 004139.201 INFO             PET0 PIOc_sync Exit - MemInfo: [/proc/meminfo - SSI]	CommittedPercent: 4.36123 %
20220313 004139.201 INFO             PET0 PIOc_sync Exit - MemInfo: [/proc/self/status]	VmPeak:	   70412 kB
20220313 004139.201 INFO             PET0 PIOc_sync Exit - MemInfo: [/proc/self/status]	VmSize:	   70412 kB
20220313 004139.201 INFO             PET0 PIOc_sync Exit - MemInfo: [/proc/self/status]	VmLck:	       0 kB
20220313 004139.201 INFO             PET0 PIOc_sync Exit - MemInfo: [/proc/self/status]	VmPin:	       0 kB
20220313 004139.201 INFO             PET0 PIOc_sync Exit - MemInfo: [/proc/self/status]	VmHWM:	   17332 kB
20220313 004139.201 INFO             PET0 PIOc_sync Exit - MemInfo: [/proc/self/status]	VmRSS:	   17332 kB
20220313 004139.201 INFO             PET0 PIOc_sync Exit - MemInfo: [/proc/self/status]	VmData:	   17488 kB
20220313 004139.201 INFO             PET0 PIOc_sync Exit - MemInfo: [/proc/self/status]	VmStk:	     164 kB
20220313 004139.201 INFO             PET0 PIOc_sync Exit - MemInfo: [/proc/self/status]	VmExe:	   27340 kB
20220313 004139.201 INFO             PET0 PIOc_sync Exit - MemInfo: [/proc/self/status]	VmLib:	    1952 kB
20220313 004139.201 INFO             PET0 PIOc_sync Exit - MemInfo: [/proc/self/status]	VmPTE:	     124 kB
20220313 004139.201 INFO             PET0 PIOc_sync Exit - MemInfo: [/proc/self/status]	VmPMD:	      12 kB
20220313 004139.201 INFO             PET0 PIOc_sync Exit - MemInfo: [/proc/self/status]	VmSwap:	       0 kB
20220313 004139.201 INFO             PET0 PIOc_sync Exit - MemInfo: [/proc/self/status]	VmRSSPercent: 0.0263181 %
20220313 004139.201 INFO             PET0 PIOc_sync Exit - MemInfo: [malloc] Non-mmapped space allocated:                 1288512 Byte
20220313 004139.201 INFO             PET0 PIOc_sync Exit - MemInfo: [malloc] Space allocated in mmapped regions:         12279808 Byte
20220313 004139.201 INFO             PET0 PIOc_sync Exit - MemInfo: [malloc] Maximum total allocated space:                     0 Byte
20220313 004139.201 INFO             PET0 PIOc_sync Exit - MemInfo: [malloc] Space in freed fastbin blocks:                    96 Byte
20220313 004139.201 INFO             PET0 PIOc_sync Exit - MemInfo: [malloc] Total allocated space:                       1251440 Byte
20220313 004139.201 INFO             PET0 PIOc_sync Exit - MemInfo: [malloc] Total free space:                              37072 Byte
20220313 004139.201 INFO             PET0 PIOc_sync Exit - MemInfo: [malloc] Top-most, releasable space:                    15808 Byte
20220313 004139.201 INFO             PET0 PIOc_sync Exit - MemInfo: [malloc] Total space in use, mmap + non-mmap:        13531248 Byte
20220313 004139.201 INFO             PET0 PIOc_sync Exit - MemInfo: [malloc] Total space held (mmap + non-mmap):         13568320 Byte
20220313 004139.201 INFO             PET0 PIOc_sync Exit - MemInfo: [malloc] Total space used (mmap + non-mmap):         13540288 Byte
20220313 004139.201 INFO             PET0 PIOc_sync Exit - MemInfo: Wall-clock time since execution start:               0.133134 seconds
20220313 004139.202 INFO             PET0 PIOc_freedecomp Enter - MemInfo: [/proc/meminfo - SSI]	MemTotal:       65855856 kB
20220313 004139.202 INFO             PET0 PIOc_freedecomp Enter - MemInfo: [/proc/meminfo - SSI]	MemFree:        61270000 kB
20220313 004139.202 INFO             PET0 PIOc_freedecomp Enter - MemInfo: [/proc/meminfo - SSI]	MemAvailable:   61031340 kB
20220313 004139.202 INFO             PET0 PIOc_freedecomp Enter - MemInfo: [/proc/meminfo - SSI]	Committed_AS:    2864252 kB
20220313 004139.202 INFO             PET0 PIOc_freedecomp Enter - MemInfo: [/proc/meminfo - SSI]	CommittedPercent: 4.34927 %
20220313 004139.202 INFO             PET0 PIOc_freedecomp Enter - MemInfo: [/proc/self/status]	VmPeak:	   70412 kB
20220313 004139.202 INFO             PET0 PIOc_freedecomp Enter - MemInfo: [/proc/self/status]	VmSize:	   61700 kB
20220313 004139.202 INFO             PET0 PIOc_freedecomp Enter - MemInfo: [/proc/self/status]	VmLck:	       0 kB
20220313 004139.202 INFO             PET0 PIOc_freedecomp Enter - MemInfo: [/proc/self/status]	VmPin:	       0 kB
20220313 004139.202 INFO             PET0 PIOc_freedecomp Enter - MemInfo: [/proc/self/status]	VmHWM:	   17332 kB
20220313 004139.202 INFO             PET0 PIOc_freedecomp Enter - MemInfo: [/proc/self/status]	VmRSS:	    9204 kB
20220313 004139.202 INFO             PET0 PIOc_freedecomp Enter - MemInfo: [/proc/self/status]	VmData:	    8776 kB
20220313 004139.202 INFO             PET0 PIOc_freedecomp Enter - MemInfo: [/proc/self/status]	VmStk:	     164 kB
20220313 004139.202 INFO             PET0 PIOc_freedecomp Enter - MemInfo: [/proc/self/status]	VmExe:	   27340 kB
20220313 004139.202 INFO             PET0 PIOc_freedecomp Enter - MemInfo: [/proc/self/status]	VmLib:	    1952 kB
20220313 004139.202 INFO             PET0 PIOc_freedecomp Enter - MemInfo: [/proc/self/status]	VmPTE:	     112 kB
20220313 004139.202 INFO             PET0 PIOc_freedecomp Enter - MemInfo: [/proc/self/status]	VmPMD:	      12 kB
20220313 004139.202 INFO             PET0 PIOc_freedecomp Enter - MemInfo: [/proc/self/status]	VmSwap:	       0 kB
20220313 004139.202 INFO             PET0 PIOc_freedecomp Enter - MemInfo: [/proc/self/status]	VmRSSPercent: 0.013976 %
20220313 004139.202 INFO             PET0 PIOc_freedecomp Enter - MemInfo: [malloc] Non-mmapped space allocated:                 1288512 Byte
20220313 004139.202 INFO             PET0 PIOc_freedecomp Enter - MemInfo: [malloc] Space allocated in mmapped regions:          3358720 Byte
20220313 004139.202 INFO             PET0 PIOc_freedecomp Enter - MemInfo: [malloc] Maximum total allocated space:                     0 Byte
20220313 004139.202 INFO             PET0 PIOc_freedecomp Enter - MemInfo: [malloc] Space in freed fastbin blocks:                  1056 Byte
20220313 004139.202 INFO             PET0 PIOc_freedecomp Enter - MemInfo: [malloc] Total allocated space:                       1241376 Byte
20220313 004139.202 INFO             PET0 PIOc_freedecomp Enter - MemInfo: [malloc] Total free space:                              47136 Byte
20220313 004139.202 INFO             PET0 PIOc_freedecomp Enter - MemInfo: [malloc] Top-most, releasable space:                    15808 Byte
20220313 004139.202 INFO             PET0 PIOc_freedecomp Enter - MemInfo: [malloc] Total space in use, mmap + non-mmap:         4600096 Byte
20220313 004139.202 INFO             PET0 PIOc_freedecomp Enter - MemInfo: [malloc] Total space held (mmap + non-mmap):          4647232 Byte
20220313 004139.202 INFO             PET0 PIOc_freedecomp Enter - MemInfo: [malloc] Total space used (mmap + non-mmap):          4608624 Byte
20220313 004139.202 INFO             PET0 PIOc_freedecomp Enter - MemInfo: Wall-clock time since execution start:               0.133959 seconds
20220313 004139.202 INFO             PET0 PIOc_freedecomp Exit - MemInfo: [/proc/meminfo - SSI]	MemTotal:       65855856 kB
20220313 004139.202 INFO             PET0 PIOc_freedecomp Exit - MemInfo: [/proc/meminfo - SSI]	MemFree:        61270000 kB
20220313 004139.202 INFO             PET0 PIOc_freedecomp Exit - MemInfo: [/proc/meminfo - SSI]	MemAvailable:   61031340 kB
20220313 004139.202 INFO             PET0 PIOc_freedecomp Exit - MemInfo: [/proc/meminfo - SSI]	Committed_AS:    2864252 kB
20220313 004139.202 INFO             PET0 PIOc_freedecomp Exit - MemInfo: [/proc/meminfo - SSI]	CommittedPercent: 4.34927 %
20220313 004139.202 INFO             PET0 PIOc_freedecomp Exit - MemInfo: [/proc/self/status]	VmPeak:	   70412 kB
20220313 004139.202 INFO             PET0 PIOc_freedecomp Exit - MemInfo: [/proc/self/status]	VmSize:	   61700 kB
20220313 004139.202 INFO             PET0 PIOc_freedecomp Exit - MemInfo: [/proc/self/status]	VmLck:	       0 kB
20220313 004139.202 INFO             PET0 PIOc_freedecomp Exit - MemInfo: [/proc/self/status]	VmPin:	       0 kB
20220313 004139.202 INFO             PET0 PIOc_freedecomp Exit - MemInfo: [/proc/self/status]	VmHWM:	   17332 kB
20220313 004139.202 INFO             PET0 PIOc_freedecomp Exit - MemInfo: [/proc/self/status]	VmRSS:	    9204 kB
20220313 004139.202 INFO             PET0 PIOc_freedecomp Exit - MemInfo: [/proc/self/status]	VmData:	    8776 kB
20220313 004139.202 INFO             PET0 PIOc_freedecomp Exit - MemInfo: [/proc/self/status]	VmStk:	     164 kB
20220313 004139.202 INFO             PET0 PIOc_freedecomp Exit - MemInfo: [/proc/self/status]	VmExe:	   27340 kB
20220313 004139.202 INFO             PET0 PIOc_freedecomp Exit - MemInfo: [/proc/self/status]	VmLib:	    1952 kB
20220313 004139.202 INFO             PET0 PIOc_freedecomp Exit - MemInfo: [/proc/self/status]	VmPTE:	     112 kB
20220313 004139.202 INFO             PET0 PIOc_freedecomp Exit - MemInfo: [/proc/self/status]	VmPMD:	      12 kB
20220313 004139.202 INFO             PET0 PIOc_freedecomp Exit - MemInfo: [/proc/self/status]	VmSwap:	       0 kB
20220313 004139.202 INFO             PET0 PIOc_freedecomp Exit - MemInfo: [/proc/self/status]	VmRSSPercent: 0.013976 %
20220313 004139.202 INFO             PET0 PIOc_freedecomp Exit - MemInfo: [malloc] Non-mmapped space allocated:                 1288512 Byte
20220313 004139.202 INFO             PET0 PIOc_freedecomp Exit - MemInfo: [malloc] Space allocated in mmapped regions:          3358720 Byte
20220313 004139.202 INFO             PET0 PIOc_freedecomp Exit - MemInfo: [malloc] Maximum total allocated space:                     0 Byte
20220313 004139.202 INFO             PET0 PIOc_freedecomp Exit - MemInfo: [malloc] Space in freed fastbin blocks:                  1680 Byte
20220313 004139.202 INFO             PET0 PIOc_freedecomp Exit - MemInfo: [malloc] Total allocated space:                       1240928 Byte
20220313 004139.202 INFO             PET0 PIOc_freedecomp Exit - MemInfo: [malloc] Total free space:                              47584 Byte
20220313 004139.202 INFO             PET0 PIOc_freedecomp Exit - MemInfo: [malloc] Top-most, releasable space:                    15808 Byte
20220313 004139.202 INFO             PET0 PIOc_freedecomp Exit - MemInfo: [malloc] Total space in use, mmap + non-mmap:         4599648 Byte
20220313 004139.202 INFO             PET0 PIOc_freedecomp Exit - MemInfo: [malloc] Total space held (mmap + non-mmap):          4647232 Byte
20220313 004139.202 INFO             PET0 PIOc_freedecomp Exit - MemInfo: [malloc] Total space used (mmap + non-mmap):          4608016 Byte
20220313 004139.202 INFO             PET0 PIOc_freedecomp Exit - MemInfo: Wall-clock time since execution start:               0.134345 seconds
20220313 004139.206 INFO             PET0 PIOc_sync Enter - MemInfo: [/proc/meminfo - SSI]	MemTotal:       65855856 kB
20220313 004139.206 INFO             PET0 PIOc_sync Enter - MemInfo: [/proc/meminfo - SSI]	MemFree:        61267480 kB
20220313 004139.206 INFO             PET0 PIOc_sync Enter - MemInfo: [/proc/meminfo - SSI]	MemAvailable:   61028820 kB
20220313 004139.206 INFO             PET0 PIOc_sync Enter - MemInfo: [/proc/meminfo - SSI]	Committed_AS:    2872520 kB
20220313 004139.206 INFO             PET0 PIOc_sync Enter - MemInfo: [/proc/meminfo - SSI]	CommittedPercent: 4.36183 %
20220313 004139.206 INFO             PET0 PIOc_sync Enter - MemInfo: [/proc/self/status]	VmPeak:	   70520 kB
20220313 004139.206 INFO             PET0 PIOc_sync Enter - MemInfo: [/proc/self/status]	VmSize:	   70520 kB
20220313 004139.206 INFO             PET0 PIOc_sync Enter - MemInfo: [/proc/self/status]	VmLck:	       0 kB
20220313 004139.206 INFO             PET0 PIOc_sync Enter - MemInfo: [/proc/self/status]	VmPin:	       0 kB
20220313 004139.206 INFO             PET0 PIOc_sync Enter - MemInfo: [/proc/self/status]	VmHWM:	   17332 kB
20220313 004139.206 INFO             PET0 PIOc_sync Enter - MemInfo: [/proc/self/status]	VmRSS:	   13124 kB
20220313 004139.206 INFO             PET0 PIOc_sync Enter - MemInfo: [/proc/self/status]	VmData:	   17596 kB
20220313 004139.206 INFO             PET0 PIOc_sync Enter - MemInfo: [/proc/self/status]	VmStk:	     164 kB
20220313 004139.206 INFO             PET0 PIOc_sync Enter - MemInfo: [/proc/self/status]	VmExe:	   27340 kB
20220313 004139.206 INFO             PET0 PIOc_sync Enter - MemInfo: [/proc/self/status]	VmLib:	    1952 kB
20220313 004139.206 INFO             PET0 PIOc_sync Enter - MemInfo: [/proc/self/status]	VmPTE:	     124 kB
20220313 004139.206 INFO             PET0 PIOc_sync Enter - MemInfo: [/proc/self/status]	VmPMD:	      12 kB
20220313 004139.206 INFO             PET0 PIOc_sync Enter - MemInfo: [/proc/self/status]	VmSwap:	       0 kB
20220313 004139.206 INFO             PET0 PIOc_sync Enter - MemInfo: [/proc/self/status]	VmRSSPercent: 0.0199284 %
20220313 004139.206 INFO             PET0 PIOc_sync Enter - MemInfo: [malloc] Non-mmapped space allocated:                10320192 Byte
20220313 004139.206 INFO             PET0 PIOc_sync Enter - MemInfo: [malloc] Space allocated in mmapped regions:          3358720 Byte
20220313 004139.206 INFO             PET0 PIOc_sync Enter - MemInfo: [malloc] Maximum total allocated space:                     0 Byte
20220313 004139.206 INFO             PET0 PIOc_sync Enter - MemInfo: [malloc] Space in freed fastbin blocks:                   272 Byte
20220313 004139.206 INFO             PET0 PIOc_sync Enter - MemInfo: [malloc] Total allocated space:                      10170336 Byte
20220313 004139.206 INFO             PET0 PIOc_sync Enter - MemInfo: [malloc] Total free space:                             149856 Byte
20220313 004139.206 INFO             PET0 PIOc_sync Enter - MemInfo: [malloc] Top-most, releasable space:                   134560 Byte
20220313 004139.206 INFO             PET0 PIOc_sync Enter - MemInfo: [malloc] Total space in use, mmap + non-mmap:        13529056 Byte
20220313 004139.206 INFO             PET0 PIOc_sync Enter - MemInfo: [malloc] Total space held (mmap + non-mmap):         13678912 Byte
20220313 004139.206 INFO             PET0 PIOc_sync Enter - MemInfo: [malloc] Total space used (mmap + non-mmap):         13537616 Byte
20220313 004139.206 INFO             PET0 PIOc_sync Enter - MemInfo: Wall-clock time since execution start:               0.137976 seconds
20220313 004139.206 INFO             PET0 PIOc_sync Exit - MemInfo: [/proc/meminfo - SSI]	MemTotal:       65855856 kB
20220313 004139.206 INFO             PET0 PIOc_sync Exit - MemInfo: [/proc/meminfo - SSI]	MemFree:        61267480 kB
20220313 004139.206 INFO             PET0 PIOc_sync Exit - MemInfo: [/proc/meminfo - SSI]	MemAvailable:   61028820 kB
20220313 004139.206 INFO             PET0 PIOc_sync Exit - MemInfo: [/proc/meminfo - SSI]	Committed_AS:    2872520 kB
20220313 004139.206 INFO             PET0 PIOc_sync Exit - MemInfo: [/proc/meminfo - SSI]	CommittedPercent: 4.36183 %
20220313 004139.206 INFO             PET0 PIOc_sync Exit - MemInfo: [/proc/self/status]	VmPeak:	   70520 kB
20220313 004139.206 INFO             PET0 PIOc_sync Exit - MemInfo: [/proc/self/status]	VmSize:	   70520 kB
20220313 004139.206 INFO             PET0 PIOc_sync Exit - MemInfo: [/proc/self/status]	VmLck:	       0 kB
20220313 004139.206 INFO             PET0 PIOc_sync Exit - MemInfo: [/proc/self/status]	VmPin:	       0 kB
20220313 004139.206 INFO             PET0 PIOc_sync Exit - MemInfo: [/proc/self/status]	VmHWM:	   17332 kB
20220313 004139.206 INFO             PET0 PIOc_sync Exit - MemInfo: [/proc/self/status]	VmRSS:	   13124 kB
20220313 004139.206 INFO             PET0 PIOc_sync Exit - MemInfo: [/proc/self/status]	VmData:	   17596 kB
20220313 004139.206 INFO             PET0 PIOc_sync Exit - MemInfo: [/proc/self/status]	VmStk:	     164 kB
20220313 004139.206 INFO             PET0 PIOc_sync Exit - MemInfo: [/proc/self/status]	VmExe:	   27340 kB
20220313 004139.206 INFO             PET0 PIOc_sync Exit - MemInfo: [/proc/self/status]	VmLib:	    1952 kB
20220313 004139.206 INFO             PET0 PIOc_sync Exit - MemInfo: [/proc/self/status]	VmPTE:	     132 kB
20220313 004139.206 INFO             PET0 PIOc_sync Exit - MemInfo: [/proc/self/status]	VmPMD:	      12 kB
20220313 004139.206 INFO             PET0 PIOc_sync Exit - MemInfo: [/proc/self/status]	VmSwap:	       0 kB
20220313 004139.206 INFO             PET0 PIOc_sync Exit - MemInfo: [/proc/self/status]	VmRSSPercent: 0.0199284 %
20220313 004139.206 INFO             PET0 PIOc_sync Exit - MemInfo: [malloc] Non-mmapped space allocated:                10320192 Byte
20220313 004139.206 INFO             PET0 PIOc_sync Exit - MemInfo: [malloc] Space allocated in mmapped regions:          3358720 Byte
20220313 004139.206 INFO             PET0 PIOc_sync Exit - MemInfo: [malloc] Maximum total allocated space:                     0 Byte
20220313 004139.206 INFO             PET0 PIOc_sync Exit - MemInfo: [malloc] Space in freed fastbin blocks:                    96 Byte
20220313 004139.206 INFO             PET0 PIOc_sync Exit - MemInfo: [malloc] Total allocated space:                      10171312 Byte
20220313 004139.206 INFO             PET0 PIOc_sync Exit - MemInfo: [malloc] Total free space:                             148880 Byte
20220313 004139.206 INFO             PET0 PIOc_sync Exit - MemInfo: [malloc] Top-most, releasable space:                   134560 Byte
20220313 004139.206 INFO             PET0 PIOc_sync Exit - MemInfo: [malloc] Total space in use, mmap + non-mmap:        13530032 Byte
20220313 004139.206 INFO             PET0 PIOc_sync Exit - MemInfo: [malloc] Total space held (mmap + non-mmap):         13678912 Byte
20220313 004139.206 INFO             PET0 PIOc_sync Exit - MemInfo: [malloc] Total space used (mmap + non-mmap):         13538960 Byte
20220313 004139.206 INFO             PET0 PIOc_sync Exit - MemInfo: Wall-clock time since execution start:               0.138423 seconds
20220313 004139.207 INFO             PET0 PIOc_freedecomp Enter - MemInfo: [/proc/meminfo - SSI]	MemTotal:       65855856 kB
20220313 004139.207 INFO             PET0 PIOc_freedecomp Enter - MemInfo: [/proc/meminfo - SSI]	MemFree:        61267480 kB
20220313 004139.207 INFO             PET0 PIOc_freedecomp Enter - MemInfo: [/proc/meminfo - SSI]	MemAvailable:   61028820 kB
20220313 004139.207 INFO             PET0 PIOc_freedecomp Enter - MemInfo: [/proc/meminfo - SSI]	Committed_AS:    2872520 kB
20220313 004139.207 INFO             PET0 PIOc_freedecomp Enter - MemInfo: [/proc/meminfo - SSI]	CommittedPercent: 4.36183 %
20220313 004139.207 INFO             PET0 PIOc_freedecomp Enter - MemInfo: [/proc/self/status]	VmPeak:	   70520 kB
20220313 004139.207 INFO             PET0 PIOc_freedecomp Enter - MemInfo: [/proc/self/status]	VmSize:	   70520 kB
20220313 004139.207 INFO             PET0 PIOc_freedecomp Enter - MemInfo: [/proc/self/status]	VmLck:	       0 kB
20220313 004139.207 INFO             PET0 PIOc_freedecomp Enter - MemInfo: [/proc/self/status]	VmPin:	       0 kB
20220313 004139.207 INFO             PET0 PIOc_freedecomp Enter - MemInfo: [/proc/self/status]	VmHWM:	   17332 kB
20220313 004139.207 INFO             PET0 PIOc_freedecomp Enter - MemInfo: [/proc/self/status]	VmRSS:	   13124 kB
20220313 004139.207 INFO             PET0 PIOc_freedecomp Enter - MemInfo: [/proc/self/status]	VmData:	   17596 kB
20220313 004139.207 INFO             PET0 PIOc_freedecomp Enter - MemInfo: [/proc/self/status]	VmStk:	     164 kB
20220313 004139.207 INFO             PET0 PIOc_freedecomp Enter - MemInfo: [/proc/self/status]	VmExe:	   27340 kB
20220313 004139.207 INFO             PET0 PIOc_freedecomp Enter - MemInfo: [/proc/self/status]	VmLib:	    1952 kB
20220313 004139.207 INFO             PET0 PIOc_freedecomp Enter - MemInfo: [/proc/self/status]	VmPTE:	     132 kB
20220313 004139.207 INFO             PET0 PIOc_freedecomp Enter - MemInfo: [/proc/self/status]	VmPMD:	      12 kB
20220313 004139.207 INFO             PET0 PIOc_freedecomp Enter - MemInfo: [/proc/self/status]	VmSwap:	       0 kB
20220313 004139.207 INFO             PET0 PIOc_freedecomp Enter - MemInfo: [/proc/self/status]	VmRSSPercent: 0.0199284 %
20220313 004139.207 INFO             PET0 PIOc_freedecomp Enter - MemInfo: [malloc] Non-mmapped space allocated:                10320192 Byte
20220313 004139.207 INFO             PET0 PIOc_freedecomp Enter - MemInfo: [malloc] Space allocated in mmapped regions:          3358720 Byte
20220313 004139.207 INFO             PET0 PIOc_freedecomp Enter - MemInfo: [malloc] Maximum total allocated space:                     0 Byte
20220313 004139.207 INFO             PET0 PIOc_freedecomp Enter - MemInfo: [malloc] Space in freed fastbin blocks:                   208 Byte
20220313 004139.207 INFO             PET0 PIOc_freedecomp Enter - MemInfo: [malloc] Total allocated space:                       1246416 Byte
20220313 004139.207 INFO             PET0 PIOc_freedecomp Enter - MemInfo: [malloc] Total free space:                            9073776 Byte
20220313 004139.207 INFO             PET0 PIOc_freedecomp Enter - MemInfo: [malloc] Top-most, releasable space:                  9047488 Byte
20220313 004139.207 INFO             PET0 PIOc_freedecomp Enter - MemInfo: [malloc] Total space in use, mmap + non-mmap:         4605136 Byte
20220313 004139.207 INFO             PET0 PIOc_freedecomp Enter - MemInfo: [malloc] Total space held (mmap + non-mmap):         13678912 Byte
20220313 004139.207 INFO             PET0 PIOc_freedecomp Enter - MemInfo: [malloc] Total space used (mmap + non-mmap):          4613568 Byte
20220313 004139.207 INFO             PET0 PIOc_freedecomp Enter - MemInfo: Wall-clock time since execution start:               0.138975 seconds
20220313 004139.207 INFO             PET0 PIOc_freedecomp Exit - MemInfo: [/proc/meminfo - SSI]	MemTotal:       65855856 kB
20220313 004139.207 INFO             PET0 PIOc_freedecomp Exit - MemInfo: [/proc/meminfo - SSI]	MemFree:        61267480 kB
20220313 004139.207 INFO             PET0 PIOc_freedecomp Exit - MemInfo: [/proc/meminfo - SSI]	MemAvailable:   61028820 kB
20220313 004139.207 INFO             PET0 PIOc_freedecomp Exit - MemInfo: [/proc/meminfo - SSI]	Committed_AS:    2872520 kB
20220313 004139.207 INFO             PET0 PIOc_freedecomp Exit - MemInfo: [/proc/meminfo - SSI]	CommittedPercent: 4.36183 %
20220313 004139.207 INFO             PET0 PIOc_freedecomp Exit - MemInfo: [/proc/self/status]	VmPeak:	   70520 kB
20220313 004139.207 INFO             PET0 PIOc_freedecomp Exit - MemInfo: [/proc/self/status]	VmSize:	   70520 kB
20220313 004139.207 INFO             PET0 PIOc_freedecomp Exit - MemInfo: [/proc/self/status]	VmLck:	       0 kB
20220313 004139.207 INFO             PET0 PIOc_freedecomp Exit - MemInfo: [/proc/self/status]	VmPin:	       0 kB
20220313 004139.207 INFO             PET0 PIOc_freedecomp Exit - MemInfo: [/proc/self/status]	VmHWM:	   17332 kB
20220313 004139.207 INFO             PET0 PIOc_freedecomp Exit - MemInfo: [/proc/self/status]	VmRSS:	   13124 kB
20220313 004139.207 INFO             PET0 PIOc_freedecomp Exit - MemInfo: [/proc/self/status]	VmData:	   17596 kB
20220313 004139.207 INFO             PET0 PIOc_freedecomp Exit - MemInfo: [/proc/self/status]	VmStk:	     164 kB
20220313 004139.207 INFO             PET0 PIOc_freedecomp Exit - MemInfo: [/proc/self/status]	VmExe:	   27340 kB
20220313 004139.207 INFO             PET0 PIOc_freedecomp Exit - MemInfo: [/proc/self/status]	VmLib:	    1952 kB
20220313 004139.207 INFO             PET0 PIOc_freedecomp Exit - MemInfo: [/proc/self/status]	VmPTE:	     132 kB
20220313 004139.207 INFO             PET0 PIOc_freedecomp Exit - MemInfo: [/proc/self/status]	VmPMD:	      12 kB
20220313 004139.207 INFO             PET0 PIOc_freedecomp Exit - MemInfo: [/proc/self/status]	VmSwap:	       0 kB
20220313 004139.207 INFO             PET0 PIOc_freedecomp Exit - MemInfo: [/proc/self/status]	VmRSSPercent: 0.0199284 %
20220313 004139.207 INFO             PET0 PIOc_freedecomp Exit - MemInfo: [malloc] Non-mmapped space allocated:                10320192 Byte
20220313 004139.207 INFO             PET0 PIOc_freedecomp Exit - MemInfo: [malloc] Space allocated in mmapped regions:          3358720 Byte
20220313 004139.207 INFO             PET0 PIOc_freedecomp Exit - MemInfo: [malloc] Maximum total allocated space:                     0 Byte
20220313 004139.207 INFO             PET0 PIOc_freedecomp Exit - MemInfo: [malloc] Space in freed fastbin blocks:                  2112 Byte
20220313 004139.207 INFO             PET0 PIOc_freedecomp Exit - MemInfo: [malloc] Total allocated space:                       1244432 Byte
20220313 004139.207 INFO             PET0 PIOc_freedecomp Exit - MemInfo: [malloc] Total free space:                            9075760 Byte
20220313 004139.207 INFO             PET0 PIOc_freedecomp Exit - MemInfo: [malloc] Top-most, releasable space:                  9047488 Byte
20220313 004139.207 INFO             PET0 PIOc_freedecomp Exit - MemInfo: [malloc] Total space in use, mmap + non-mmap:         4603152 Byte
20220313 004139.207 INFO             PET0 PIOc_freedecomp Exit - MemInfo: [malloc] Total space held (mmap + non-mmap):         13678912 Byte
20220313 004139.207 INFO             PET0 PIOc_freedecomp Exit - MemInfo: [malloc] Total space used (mmap + non-mmap):          4611600 Byte
20220313 004139.207 INFO             PET0 PIOc_freedecomp Exit - MemInfo: Wall-clock time since execution start:               0.139354 seconds
20220313 004139.209 INFO             PET0 PIOc_sync Enter - MemInfo: [/proc/meminfo - SSI]	MemTotal:       65855856 kB
20220313 004139.209 INFO             PET0 PIOc_sync Enter - MemInfo: [/proc/meminfo - SSI]	MemFree:        61266976 kB
20220313 004139.209 INFO             PET0 PIOc_sync Enter - MemInfo: [/proc/meminfo - SSI]	MemAvailable:   61028316 kB
20220313 004139.209 INFO             PET0 PIOc_sync Enter - MemInfo: [/proc/meminfo - SSI]	Committed_AS:    2872520 kB
20220313 004139.209 INFO             PET0 PIOc_sync Enter - MemInfo: [/proc/meminfo - SSI]	CommittedPercent: 4.36183 %
20220313 004139.209 INFO             PET0 PIOc_sync Enter - MemInfo: [/proc/self/status]	VmPeak:	   70520 kB
20220313 004139.209 INFO             PET0 PIOc_sync Enter - MemInfo: [/proc/self/status]	VmSize:	   70496 kB
20220313 004139.209 INFO             PET0 PIOc_sync Enter - MemInfo: [/proc/self/status]	VmLck:	       0 kB
20220313 004139.209 INFO             PET0 PIOc_sync Enter - MemInfo: [/proc/self/status]	VmPin:	       0 kB
20220313 004139.209 INFO             PET0 PIOc_sync Enter - MemInfo: [/proc/self/status]	VmHWM:	   17332 kB
20220313 004139.209 INFO             PET0 PIOc_sync Enter - MemInfo: [/proc/self/status]	VmRSS:	   13568 kB
20220313 004139.209 INFO             PET0 PIOc_sync Enter - MemInfo: [/proc/self/status]	VmData:	   17596 kB
20220313 004139.209 INFO             PET0 PIOc_sync Enter - MemInfo: [/proc/self/status]	VmStk:	     164 kB
20220313 004139.209 INFO             PET0 PIOc_sync Enter - MemInfo: [/proc/self/status]	VmExe:	   27340 kB
20220313 004139.209 INFO             PET0 PIOc_sync Enter - MemInfo: [/proc/self/status]	VmLib:	    1952 kB
20220313 004139.209 INFO             PET0 PIOc_sync Enter - MemInfo: [/proc/self/status]	VmPTE:	     132 kB
20220313 004139.209 INFO             PET0 PIOc_sync Enter - MemInfo: [/proc/self/status]	VmPMD:	      12 kB
20220313 004139.209 INFO             PET0 PIOc_sync Enter - MemInfo: [/proc/self/status]	VmSwap:	       0 kB
20220313 004139.209 INFO             PET0 PIOc_sync Enter - MemInfo: [/proc/self/status]	VmRSSPercent: 0.0206026 %
20220313 004139.209 INFO             PET0 PIOc_sync Enter - MemInfo: [malloc] Non-mmapped space allocated:                10320192 Byte
20220313 004139.209 INFO             PET0 PIOc_sync Enter - MemInfo: [malloc] Space allocated in mmapped regions:          3358720 Byte
20220313 004139.209 INFO             PET0 PIOc_sync Enter - MemInfo: [malloc] Maximum total allocated space:                     0 Byte
20220313 004139.209 INFO             PET0 PIOc_sync Enter - MemInfo: [malloc] Space in freed fastbin blocks:                   544 Byte
20220313 004139.209 INFO             PET0 PIOc_sync Enter - MemInfo: [malloc] Total allocated space:                      10172960 Byte
20220313 004139.209 INFO             PET0 PIOc_sync Enter - MemInfo: [malloc] Total free space:                             147232 Byte
20220313 004139.209 INFO             PET0 PIOc_sync Enter - MemInfo: [malloc] Top-most, releasable space:                   134560 Byte
20220313 004139.209 INFO             PET0 PIOc_sync Enter - MemInfo: [malloc] Total space in use, mmap + non-mmap:        13531680 Byte
20220313 004139.209 INFO             PET0 PIOc_sync Enter - MemInfo: [malloc] Total space held (mmap + non-mmap):         13678912 Byte
20220313 004139.209 INFO             PET0 PIOc_sync Enter - MemInfo: [malloc] Total space used (mmap + non-mmap):         13540352 Byte
20220313 004139.209 INFO             PET0 PIOc_sync Enter - MemInfo: Wall-clock time since execution start:               0.141434 seconds
20220313 004139.210 INFO             PET0 PIOc_sync Exit - MemInfo: [/proc/meminfo - SSI]	MemTotal:       65855856 kB
20220313 004139.210 INFO             PET0 PIOc_sync Exit - MemInfo: [/proc/meminfo - SSI]	MemFree:        61266472 kB
20220313 004139.210 INFO             PET0 PIOc_sync Exit - MemInfo: [/proc/meminfo - SSI]	MemAvailable:   61027812 kB
20220313 004139.210 INFO             PET0 PIOc_sync Exit - MemInfo: [/proc/meminfo - SSI]	Committed_AS:    2872520 kB
20220313 004139.210 INFO             PET0 PIOc_sync Exit - MemInfo: [/proc/meminfo - SSI]	CommittedPercent: 4.36183 %
20220313 004139.210 INFO             PET0 PIOc_sync Exit - MemInfo: [/proc/self/status]	VmPeak:	   70520 kB
20220313 004139.210 INFO             PET0 PIOc_sync Exit - MemInfo: [/proc/self/status]	VmSize:	   70496 kB
20220313 004139.210 INFO             PET0 PIOc_sync Exit - MemInfo: [/proc/self/status]	VmLck:	       0 kB
20220313 004139.210 INFO             PET0 PIOc_sync Exit - MemInfo: [/proc/self/status]	VmPin:	       0 kB
20220313 004139.210 INFO             PET0 PIOc_sync Exit - MemInfo: [/proc/self/status]	VmHWM:	   17332 kB
20220313 004139.210 INFO             PET0 PIOc_sync Exit - MemInfo: [/proc/self/status]	VmRSS:	   13568 kB
20220313 004139.210 INFO             PET0 PIOc_sync Exit - MemInfo: [/proc/self/status]	VmData:	   17596 kB
20220313 004139.210 INFO             PET0 PIOc_sync Exit - MemInfo: [/proc/self/status]	VmStk:	     164 kB
20220313 004139.210 INFO             PET0 PIOc_sync Exit - MemInfo: [/proc/self/status]	VmExe:	   27340 kB
20220313 004139.210 INFO             PET0 PIOc_sync Exit - MemInfo: [/proc/self/status]	VmLib:	    1952 kB
20220313 004139.210 INFO             PET0 PIOc_sync Exit - MemInfo: [/proc/self/status]	VmPTE:	     132 kB
20220313 004139.210 INFO             PET0 PIOc_sync Exit - MemInfo: [/proc/self/status]	VmPMD:	      12 kB
20220313 004139.210 INFO             PET0 PIOc_sync Exit - MemInfo: [/proc/self/status]	VmSwap:	       0 kB
20220313 004139.210 INFO             PET0 PIOc_sync Exit - MemInfo: [/proc/self/status]	VmRSSPercent: 0.0206026 %
20220313 004139.210 INFO             PET0 PIOc_sync Exit - MemInfo: [malloc] Non-mmapped space allocated:                10320192 Byte
20220313 004139.210 INFO             PET0 PIOc_sync Exit - MemInfo: [malloc] Space allocated in mmapped regions:          3358720 Byte
20220313 004139.210 INFO             PET0 PIOc_sync Exit - MemInfo: [malloc] Maximum total allocated space:                     0 Byte
20220313 004139.210 INFO             PET0 PIOc_sync Exit - MemInfo: [malloc] Space in freed fastbin blocks:                   224 Byte
20220313 004139.210 INFO             PET0 PIOc_sync Exit - MemInfo: [malloc] Total allocated space:                      10173328 Byte
20220313 004139.210 INFO             PET0 PIOc_sync Exit - MemInfo: [malloc] Total free space:                             146864 Byte
20220313 004139.210 INFO             PET0 PIOc_sync Exit - MemInfo: [malloc] Top-most, releasable space:                   134336 Byte
20220313 004139.210 INFO             PET0 PIOc_sync Exit - MemInfo: [malloc] Total space in use, mmap + non-mmap:        13532048 Byte
20220313 004139.210 INFO             PET0 PIOc_sync Exit - MemInfo: [malloc] Total space held (mmap + non-mmap):         13678912 Byte
20220313 004139.210 INFO             PET0 PIOc_sync Exit - MemInfo: [malloc] Total space used (mmap + non-mmap):         13540976 Byte
20220313 004139.210 INFO             PET0 PIOc_sync Exit - MemInfo: Wall-clock time since execution start:                0.14185 seconds
20220313 004139.210 INFO             PET0 PIOc_freedecomp Enter - MemInfo: [/proc/meminfo - SSI]	MemTotal:       65855856 kB
20220313 004139.210 INFO             PET0 PIOc_freedecomp Enter - MemInfo: [/proc/meminfo - SSI]	MemFree:        61266472 kB
20220313 004139.210 INFO             PET0 PIOc_freedecomp Enter - MemInfo: [/proc/meminfo - SSI]	MemAvailable:   61027812 kB
20220313 004139.210 INFO             PET0 PIOc_freedecomp Enter - MemInfo: [/proc/meminfo - SSI]	Committed_AS:    2872520 kB
20220313 004139.210 INFO             PET0 PIOc_freedecomp Enter - MemInfo: [/proc/meminfo - SSI]	CommittedPercent: 4.36183 %
20220313 004139.210 INFO             PET0 PIOc_freedecomp Enter - MemInfo: [/proc/self/status]	VmPeak:	   70520 kB
20220313 004139.210 INFO             PET0 PIOc_freedecomp Enter - MemInfo: [/proc/self/status]	VmSize:	   70496 kB
20220313 004139.210 INFO             PET0 PIOc_freedecomp Enter - MemInfo: [/proc/self/status]	VmLck:	       0 kB
20220313 004139.210 INFO             PET0 PIOc_freedecomp Enter - MemInfo: [/proc/self/status]	VmPin:	       0 kB
20220313 004139.210 INFO             PET0 PIOc_freedecomp Enter - MemInfo: [/proc/self/status]	VmHWM:	   17332 kB
20220313 004139.210 INFO             PET0 PIOc_freedecomp Enter - MemInfo: [/proc/self/status]	VmRSS:	   13568 kB
20220313 004139.210 INFO             PET0 PIOc_freedecomp Enter - MemInfo: [/proc/self/status]	VmData:	   17596 kB
20220313 004139.210 INFO             PET0 PIOc_freedecomp Enter - MemInfo: [/proc/self/status]	VmStk:	     164 kB
20220313 004139.210 INFO             PET0 PIOc_freedecomp Enter - MemInfo: [/proc/self/status]	VmExe:	   27340 kB
20220313 004139.210 INFO             PET0 PIOc_freedecomp Enter - MemInfo: [/proc/self/status]	VmLib:	    1952 kB
20220313 004139.210 INFO             PET0 PIOc_freedecomp Enter - MemInfo: [/proc/self/status]	VmPTE:	     132 kB
20220313 004139.210 INFO             PET0 PIOc_freedecomp Enter - MemInfo: [/proc/self/status]	VmPMD:	      12 kB
20220313 004139.210 INFO             PET0 PIOc_freedecomp Enter - MemInfo: [/proc/self/status]	VmSwap:	       0 kB
20220313 004139.210 INFO             PET0 PIOc_freedecomp Enter - MemInfo: [/proc/self/status]	VmRSSPercent: 0.0206026 %
20220313 004139.210 INFO             PET0 PIOc_freedecomp Enter - MemInfo: [malloc] Non-mmapped space allocated:                10320192 Byte
20220313 004139.210 INFO             PET0 PIOc_freedecomp Enter - MemInfo: [malloc] Space allocated in mmapped regions:          3358720 Byte
20220313 004139.210 INFO             PET0 PIOc_freedecomp Enter - MemInfo: [malloc] Maximum total allocated space:                     0 Byte
20220313 004139.210 INFO             PET0 PIOc_freedecomp Enter - MemInfo: [malloc] Space in freed fastbin blocks:                   208 Byte
20220313 004139.210 INFO             PET0 PIOc_freedecomp Enter - MemInfo: [malloc] Total allocated space:                       1247088 Byte
20220313 004139.210 INFO             PET0 PIOc_freedecomp Enter - MemInfo: [malloc] Total free space:                            9073104 Byte
20220313 004139.210 INFO             PET0 PIOc_freedecomp Enter - MemInfo: [malloc] Top-most, releasable space:                   134112 Byte
20220313 004139.210 INFO             PET0 PIOc_freedecomp Enter - MemInfo: [malloc] Total space in use, mmap + non-mmap:         4605808 Byte
20220313 004139.210 INFO             PET0 PIOc_freedecomp Enter - MemInfo: [malloc] Total space held (mmap + non-mmap):         13678912 Byte
20220313 004139.210 INFO             PET0 PIOc_freedecomp Enter - MemInfo: [malloc] Total space used (mmap + non-mmap):          4614224 Byte
20220313 004139.210 INFO             PET0 PIOc_freedecomp Enter - MemInfo: Wall-clock time since execution start:               0.142373 seconds
20220313 004139.210 INFO             PET0 PIOc_freedecomp Exit - MemInfo: [/proc/meminfo - SSI]	MemTotal:       65855856 kB
20220313 004139.211 INFO             PET0 PIOc_freedecomp Exit - MemInfo: [/proc/meminfo - SSI]	MemFree:        61266472 kB
20220313 004139.211 INFO             PET0 PIOc_freedecomp Exit - MemInfo: [/proc/meminfo - SSI]	MemAvailable:   61027812 kB
20220313 004139.211 INFO             PET0 PIOc_freedecomp Exit - MemInfo: [/proc/meminfo - SSI]	Committed_AS:    2872520 kB
20220313 004139.211 INFO             PET0 PIOc_freedecomp Exit - MemInfo: [/proc/meminfo - SSI]	CommittedPercent: 4.36183 %
20220313 004139.211 INFO             PET0 PIOc_freedecomp Exit - MemInfo: [/proc/self/status]	VmPeak:	   70520 kB
20220313 004139.211 INFO             PET0 PIOc_freedecomp Exit - MemInfo: [/proc/self/status]	VmSize:	   70496 kB
20220313 004139.211 INFO             PET0 PIOc_freedecomp Exit - MemInfo: [/proc/self/status]	VmLck:	       0 kB
20220313 004139.211 INFO             PET0 PIOc_freedecomp Exit - MemInfo: [/proc/self/status]	VmPin:	       0 kB
20220313 004139.211 INFO             PET0 PIOc_freedecomp Exit - MemInfo: [/proc/self/status]	VmHWM:	   17332 kB
20220313 004139.211 INFO             PET0 PIOc_freedecomp Exit - MemInfo: [/proc/self/status]	VmRSS:	   13568 kB
20220313 004139.211 INFO             PET0 PIOc_freedecomp Exit - MemInfo: [/proc/self/status]	VmData:	   17596 kB
20220313 004139.211 INFO             PET0 PIOc_freedecomp Exit - MemInfo: [/proc/self/status]	VmStk:	     164 kB
20220313 004139.211 INFO             PET0 PIOc_freedecomp Exit - MemInfo: [/proc/self/status]	VmExe:	   27340 kB
20220313 004139.211 INFO             PET0 PIOc_freedecomp Exit - MemInfo: [/proc/self/status]	VmLib:	    1952 kB
20220313 004139.211 INFO             PET0 PIOc_freedecomp Exit - MemInfo: [/proc/self/status]	VmPTE:	     132 kB
20220313 004139.211 INFO             PET0 PIOc_freedecomp Exit - MemInfo: [/proc/self/status]	VmPMD:	      12 kB
20220313 004139.211 INFO             PET0 PIOc_freedecomp Exit - MemInfo: [/proc/self/status]	VmSwap:	       0 kB
20220313 004139.211 INFO             PET0 PIOc_freedecomp Exit - MemInfo: [/proc/self/status]	VmRSSPercent: 0.0206026 %
20220313 004139.211 INFO             PET0 PIOc_freedecomp Exit - MemInfo: [malloc] Non-mmapped space allocated:                10320192 Byte
20220313 004139.211 INFO             PET0 PIOc_freedecomp Exit - MemInfo: [malloc] Space allocated in mmapped regions:          3358720 Byte
20220313 004139.211 INFO             PET0 PIOc_freedecomp Exit - MemInfo: [malloc] Maximum total allocated space:                     0 Byte
20220313 004139.211 INFO             PET0 PIOc_freedecomp Exit - MemInfo: [malloc] Space in freed fastbin blocks:                  1488 Byte
20220313 004139.211 INFO             PET0 PIOc_freedecomp Exit - MemInfo: [malloc] Total allocated space:                       1245344 Byte
20220313 004139.211 INFO             PET0 PIOc_freedecomp Exit - MemInfo: [malloc] Total free space:                            9074848 Byte
20220313 004139.211 INFO             PET0 PIOc_freedecomp Exit - MemInfo: [malloc] Top-most, releasable space:                  9047264 Byte
20220313 004139.211 INFO             PET0 PIOc_freedecomp Exit - MemInfo: [malloc] Total space in use, mmap + non-mmap:         4604064 Byte
20220313 004139.211 INFO             PET0 PIOc_freedecomp Exit - MemInfo: [malloc] Total space held (mmap + non-mmap):         13678912 Byte
20220313 004139.211 INFO             PET0 PIOc_freedecomp Exit - MemInfo: [malloc] Total space used (mmap + non-mmap):          4612512 Byte
20220313 004139.211 INFO             PET0 PIOc_freedecomp Exit - MemInfo: Wall-clock time since execution start:               0.142759 seconds
20220313 004139.212 INFO             PET0 PIOc_sync Enter - MemInfo: [/proc/meminfo - SSI]	MemTotal:       65855856 kB
20220313 004139.212 INFO             PET0 PIOc_sync Enter - MemInfo: [/proc/meminfo - SSI]	MemFree:        61266472 kB
20220313 004139.212 INFO             PET0 PIOc_sync Enter - MemInfo: [/proc/meminfo - SSI]	MemAvailable:   61027812 kB
20220313 004139.212 INFO             PET0 PIOc_sync Enter - MemInfo: [/proc/meminfo - SSI]	Committed_AS:    2872520 kB
20220313 004139.212 INFO             PET0 PIOc_sync Enter - MemInfo: [/proc/meminfo - SSI]	CommittedPercent: 4.36183 %
20220313 004139.212 INFO             PET0 PIOc_sync Enter - MemInfo: [/proc/self/status]	VmPeak:	   70520 kB
20220313 004139.212 INFO             PET0 PIOc_sync Enter - MemInfo: [/proc/self/status]	VmSize:	   70484 kB
20220313 004139.212 INFO             PET0 PIOc_sync Enter - MemInfo: [/proc/self/status]	VmLck:	       0 kB
20220313 004139.212 INFO             PET0 PIOc_sync Enter - MemInfo: [/proc/self/status]	VmPin:	       0 kB
20220313 004139.212 INFO             PET0 PIOc_sync Enter - MemInfo: [/proc/self/status]	VmHWM:	   17332 kB
20220313 004139.212 INFO             PET0 PIOc_sync Enter - MemInfo: [/proc/self/status]	VmRSS:	   13820 kB
20220313 004139.212 INFO             PET0 PIOc_sync Enter - MemInfo: [/proc/self/status]	VmData:	   17596 kB
20220313 004139.212 INFO             PET0 PIOc_sync Enter - MemInfo: [/proc/self/status]	VmStk:	     164 kB
20220313 004139.212 INFO             PET0 PIOc_sync Enter - MemInfo: [/proc/self/status]	VmExe:	   27340 kB
20220313 004139.212 INFO             PET0 PIOc_sync Enter - MemInfo: [/proc/self/status]	VmLib:	    1952 kB
20220313 004139.212 INFO             PET0 PIOc_sync Enter - MemInfo: [/proc/self/status]	VmPTE:	     132 kB
20220313 004139.212 INFO             PET0 PIOc_sync Enter - MemInfo: [/proc/self/status]	VmPMD:	      12 kB
20220313 004139.212 INFO             PET0 PIOc_sync Enter - MemInfo: [/proc/self/status]	VmSwap:	       0 kB
20220313 004139.212 INFO             PET0 PIOc_sync Enter - MemInfo: [/proc/self/status]	VmRSSPercent: 0.0209852 %
20220313 004139.212 INFO             PET0 PIOc_sync Enter - MemInfo: [malloc] Non-mmapped space allocated:                10320192 Byte
20220313 004139.212 INFO             PET0 PIOc_sync Enter - MemInfo: [malloc] Space allocated in mmapped regions:          3358720 Byte
20220313 004139.212 INFO             PET0 PIOc_sync Enter - MemInfo: [malloc] Maximum total allocated space:                     0 Byte
20220313 004139.212 INFO             PET0 PIOc_sync Enter - MemInfo: [malloc] Space in freed fastbin blocks:                  1072 Byte
20220313 004139.212 INFO             PET0 PIOc_sync Enter - MemInfo: [malloc] Total allocated space:                      10174752 Byte
20220313 004139.212 INFO             PET0 PIOc_sync Enter - MemInfo: [malloc] Total free space:                             145440 Byte
20220313 004139.212 INFO             PET0 PIOc_sync Enter - MemInfo: [malloc] Top-most, releasable space:                   134112 Byte
20220313 004139.212 INFO             PET0 PIOc_sync Enter - MemInfo: [malloc] Total space in use, mmap + non-mmap:        13533472 Byte
20220313 004139.212 INFO             PET0 PIOc_sync Enter - MemInfo: [malloc] Total space held (mmap + non-mmap):         13678912 Byte
20220313 004139.212 INFO             PET0 PIOc_sync Enter - MemInfo: [malloc] Total space used (mmap + non-mmap):         13542080 Byte
20220313 004139.212 INFO             PET0 PIOc_sync Enter - MemInfo: Wall-clock time since execution start:               0.144395 seconds
20220313 004139.213 INFO             PET0 PIOc_sync Exit - MemInfo: [/proc/meminfo - SSI]	MemTotal:       65855856 kB
20220313 004139.213 INFO             PET0 PIOc_sync Exit - MemInfo: [/proc/meminfo - SSI]	MemFree:        61265968 kB
20220313 004139.213 INFO             PET0 PIOc_sync Exit - MemInfo: [/proc/meminfo - SSI]	MemAvailable:   61027308 kB
20220313 004139.213 INFO             PET0 PIOc_sync Exit - MemInfo: [/proc/meminfo - SSI]	Committed_AS:    2872520 kB
20220313 004139.213 INFO             PET0 PIOc_sync Exit - MemInfo: [/proc/meminfo - SSI]	CommittedPercent: 4.36183 %
20220313 004139.213 INFO             PET0 PIOc_sync Exit - MemInfo: [/proc/self/status]	VmPeak:	   70520 kB
20220313 004139.213 INFO             PET0 PIOc_sync Exit - MemInfo: [/proc/self/status]	VmSize:	   70484 kB
20220313 004139.213 INFO             PET0 PIOc_sync Exit - MemInfo: [/proc/self/status]	VmLck:	       0 kB
20220313 004139.213 INFO             PET0 PIOc_sync Exit - MemInfo: [/proc/self/status]	VmPin:	       0 kB
20220313 004139.213 INFO             PET0 PIOc_sync Exit - MemInfo: [/proc/self/status]	VmHWM:	   17332 kB
20220313 004139.213 INFO             PET0 PIOc_sync Exit - MemInfo: [/proc/self/status]	VmRSS:	   13820 kB
20220313 004139.213 INFO             PET0 PIOc_sync Exit - MemInfo: [/proc/self/status]	VmData:	   17596 kB
20220313 004139.213 INFO             PET0 PIOc_sync Exit - MemInfo: [/proc/self/status]	VmStk:	     164 kB
20220313 004139.213 INFO             PET0 PIOc_sync Exit - MemInfo: [/proc/self/status]	VmExe:	   27340 kB
20220313 004139.213 INFO             PET0 PIOc_sync Exit - MemInfo: [/proc/self/status]	VmLib:	    1952 kB
20220313 004139.213 INFO             PET0 PIOc_sync Exit - MemInfo: [/proc/self/status]	VmPTE:	     136 kB
20220313 004139.213 INFO             PET0 PIOc_sync Exit - MemInfo: [/proc/self/status]	VmPMD:	      12 kB
20220313 004139.213 INFO             PET0 PIOc_sync Exit - MemInfo: [/proc/self/status]	VmSwap:	       0 kB
20220313 004139.213 INFO             PET0 PIOc_sync Exit - MemInfo: [/proc/self/status]	VmRSSPercent: 0.0209852 %
20220313 004139.213 INFO             PET0 PIOc_sync Exit - MemInfo: [malloc] Non-mmapped space allocated:                10320192 Byte
20220313 004139.213 INFO             PET0 PIOc_sync Exit - MemInfo: [malloc] Space allocated in mmapped regions:          3358720 Byte
20220313 004139.213 INFO             PET0 PIOc_sync Exit - MemInfo: [malloc] Maximum total allocated space:                     0 Byte
20220313 004139.213 INFO             PET0 PIOc_sync Exit - MemInfo: [malloc] Space in freed fastbin blocks:                    32 Byte
20220313 004139.213 INFO             PET0 PIOc_sync Exit - MemInfo: [malloc] Total allocated space:                      10175216 Byte
20220313 004139.213 INFO             PET0 PIOc_sync Exit - MemInfo: [malloc] Total free space:                             144976 Byte
20220313 004139.213 INFO             PET0 PIOc_sync Exit - MemInfo: [malloc] Top-most, releasable space:                   133888 Byte
20220313 004139.213 INFO             PET0 PIOc_sync Exit - MemInfo: [malloc] Total space in use, mmap + non-mmap:        13533936 Byte
20220313 004139.213 INFO             PET0 PIOc_sync Exit - MemInfo: [malloc] Total space held (mmap + non-mmap):         13678912 Byte
20220313 004139.213 INFO             PET0 PIOc_sync Exit - MemInfo: [malloc] Total space used (mmap + non-mmap):         13542752 Byte
20220313 004139.213 INFO             PET0 PIOc_sync Exit - MemInfo: Wall-clock time since execution start:               0.144873 seconds
20220313 004139.213 INFO             PET0 PIOc_freedecomp Enter - MemInfo: [/proc/meminfo - SSI]	MemTotal:       65855856 kB
20220313 004139.213 INFO             PET0 PIOc_freedecomp Enter - MemInfo: [/proc/meminfo - SSI]	MemFree:        61265968 kB
20220313 004139.213 INFO             PET0 PIOc_freedecomp Enter - MemInfo: [/proc/meminfo - SSI]	MemAvailable:   61027308 kB
20220313 004139.213 INFO             PET0 PIOc_freedecomp Enter - MemInfo: [/proc/meminfo - SSI]	Committed_AS:    2872520 kB
20220313 004139.213 INFO             PET0 PIOc_freedecomp Enter - MemInfo: [/proc/meminfo - SSI]	CommittedPercent: 4.36183 %
20220313 004139.213 INFO             PET0 PIOc_freedecomp Enter - MemInfo: [/proc/self/status]	VmPeak:	   70520 kB
20220313 004139.213 INFO             PET0 PIOc_freedecomp Enter - MemInfo: [/proc/self/status]	VmSize:	   70484 kB
20220313 004139.213 INFO             PET0 PIOc_freedecomp Enter - MemInfo: [/proc/self/status]	VmLck:	       0 kB
20220313 004139.213 INFO             PET0 PIOc_freedecomp Enter - MemInfo: [/proc/self/status]	VmPin:	       0 kB
20220313 004139.213 INFO             PET0 PIOc_freedecomp Enter - MemInfo: [/proc/self/status]	VmHWM:	   17332 kB
20220313 004139.213 INFO             PET0 PIOc_freedecomp Enter - MemInfo: [/proc/self/status]	VmRSS:	   13820 kB
20220313 004139.213 INFO             PET0 PIOc_freedecomp Enter - MemInfo: [/proc/self/status]	VmData:	   17596 kB
20220313 004139.213 INFO             PET0 PIOc_freedecomp Enter - MemInfo: [/proc/self/status]	VmStk:	     164 kB
20220313 004139.213 INFO             PET0 PIOc_freedecomp Enter - MemInfo: [/proc/self/status]	VmExe:	   27340 kB
20220313 004139.213 INFO             PET0 PIOc_freedecomp Enter - MemInfo: [/proc/self/status]	VmLib:	    1952 kB
20220313 004139.213 INFO             PET0 PIOc_freedecomp Enter - MemInfo: [/proc/self/status]	VmPTE:	     136 kB
20220313 004139.213 INFO             PET0 PIOc_freedecomp Enter - MemInfo: [/proc/self/status]	VmPMD:	      12 kB
20220313 004139.213 INFO             PET0 PIOc_freedecomp Enter - MemInfo: [/proc/self/status]	VmSwap:	       0 kB
20220313 004139.213 INFO             PET0 PIOc_freedecomp Enter - MemInfo: [/proc/self/status]	VmRSSPercent: 0.0209852 %
20220313 004139.213 INFO             PET0 PIOc_freedecomp Enter - MemInfo: [malloc] Non-mmapped space allocated:                10320192 Byte
20220313 004139.213 INFO             PET0 PIOc_freedecomp Enter - MemInfo: [malloc] Space allocated in mmapped regions:          3358720 Byte
20220313 004139.213 INFO             PET0 PIOc_freedecomp Enter - MemInfo: [malloc] Maximum total allocated space:                     0 Byte
20220313 004139.213 INFO             PET0 PIOc_freedecomp Enter - MemInfo: [malloc] Space in freed fastbin blocks:                   208 Byte
20220313 004139.213 INFO             PET0 PIOc_freedecomp Enter - MemInfo: [malloc] Total allocated space:                       1248080 Byte
20220313 004139.213 INFO             PET0 PIOc_freedecomp Enter - MemInfo: [malloc] Total free space:                            9072112 Byte
20220313 004139.213 INFO             PET0 PIOc_freedecomp Enter - MemInfo: [malloc] Top-most, releasable space:                   133664 Byte
20220313 004139.213 INFO             PET0 PIOc_freedecomp Enter - MemInfo: [malloc] Total space in use, mmap + non-mmap:         4606800 Byte
20220313 004139.213 INFO             PET0 PIOc_freedecomp Enter - MemInfo: [malloc] Total space held (mmap + non-mmap):         13678912 Byte
20220313 004139.213 INFO             PET0 PIOc_freedecomp Enter - MemInfo: [malloc] Total space used (mmap + non-mmap):          4615328 Byte
20220313 004139.213 INFO             PET0 PIOc_freedecomp Enter - MemInfo: Wall-clock time since execution start:               0.145412 seconds
20220313 004139.214 INFO             PET0 PIOc_freedecomp Exit - MemInfo: [/proc/meminfo - SSI]	MemTotal:       65855856 kB
20220313 004139.214 INFO             PET0 PIOc_freedecomp Exit - MemInfo: [/proc/meminfo - SSI]	MemFree:        61265968 kB
20220313 004139.214 INFO             PET0 PIOc_freedecomp Exit - MemInfo: [/proc/meminfo - SSI]	MemAvailable:   61027308 kB
20220313 004139.214 INFO             PET0 PIOc_freedecomp Exit - MemInfo: [/proc/meminfo - SSI]	Committed_AS:    2872520 kB
20220313 004139.214 INFO             PET0 PIOc_freedecomp Exit - MemInfo: [/proc/meminfo - SSI]	CommittedPercent: 4.36183 %
20220313 004139.214 INFO             PET0 PIOc_freedecomp Exit - MemInfo: [/proc/self/status]	VmPeak:	   70520 kB
20220313 004139.214 INFO             PET0 PIOc_freedecomp Exit - MemInfo: [/proc/self/status]	VmSize:	   70484 kB
20220313 004139.214 INFO             PET0 PIOc_freedecomp Exit - MemInfo: [/proc/self/status]	VmLck:	       0 kB
20220313 004139.214 INFO             PET0 PIOc_freedecomp Exit - MemInfo: [/proc/self/status]	VmPin:	       0 kB
20220313 004139.214 INFO             PET0 PIOc_freedecomp Exit - MemInfo: [/proc/self/status]	VmHWM:	   17332 kB
20220313 004139.214 INFO             PET0 PIOc_freedecomp Exit - MemInfo: [/proc/self/status]	VmRSS:	   13820 kB
20220313 004139.214 INFO             PET0 PIOc_freedecomp Exit - MemInfo: [/proc/self/status]	VmData:	   17596 kB
20220313 004139.214 INFO             PET0 PIOc_freedecomp Exit - MemInfo: [/proc/self/status]	VmStk:	     164 kB
20220313 004139.214 INFO             PET0 PIOc_freedecomp Exit - MemInfo: [/proc/self/status]	VmExe:	   27340 kB
20220313 004139.214 INFO             PET0 PIOc_freedecomp Exit - MemInfo: [/proc/self/status]	VmLib:	    1952 kB
20220313 004139.214 INFO             PET0 PIOc_freedecomp Exit - MemInfo: [/proc/self/status]	VmPTE:	     136 kB
20220313 004139.214 INFO             PET0 PIOc_freedecomp Exit - MemInfo: [/proc/self/status]	VmPMD:	      12 kB
20220313 004139.214 INFO             PET0 PIOc_freedecomp Exit - MemInfo: [/proc/self/status]	VmSwap:	       0 kB
20220313 004139.214 INFO             PET0 PIOc_freedecomp Exit - MemInfo: [/proc/self/status]	VmRSSPercent: 0.0209852 %
20220313 004139.214 INFO             PET0 PIOc_freedecomp Exit - MemInfo: [malloc] Non-mmapped space allocated:                10320192 Byte
20220313 004139.214 INFO             PET0 PIOc_freedecomp Exit - MemInfo: [malloc] Space allocated in mmapped regions:          3358720 Byte
20220313 004139.214 INFO             PET0 PIOc_freedecomp Exit - MemInfo: [malloc] Maximum total allocated space:                     0 Byte
20220313 004139.214 INFO             PET0 PIOc_freedecomp Exit - MemInfo: [malloc] Space in freed fastbin blocks:                  1568 Byte
20220313 004139.214 INFO             PET0 PIOc_freedecomp Exit - MemInfo: [malloc] Total allocated space:                       1246048 Byte
20220313 004139.214 INFO             PET0 PIOc_freedecomp Exit - MemInfo: [malloc] Total free space:                            9074144 Byte
20220313 004139.214 INFO             PET0 PIOc_freedecomp Exit - MemInfo: [malloc] Top-most, releasable space:                  9046816 Byte
20220313 004139.214 INFO             PET0 PIOc_freedecomp Exit - MemInfo: [malloc] Total space in use, mmap + non-mmap:         4604768 Byte
20220313 004139.214 INFO             PET0 PIOc_freedecomp Exit - MemInfo: [malloc] Total space held (mmap + non-mmap):         13678912 Byte
20220313 004139.214 INFO             PET0 PIOc_freedecomp Exit - MemInfo: [malloc] Total space used (mmap + non-mmap):          4613136 Byte
20220313 004139.214 INFO             PET0 PIOc_freedecomp Exit - MemInfo: Wall-clock time since execution start:               0.145792 seconds
20220313 004139.243 INFO             PET0  NUMBER_OF_PROCESSORS           4
20220313 004139.243 INFO             PET0  PASS  Example ESMF_RHandleBitForBitEx, ESMF_RHandleBitForBitEx.F90, line 1557
20220313 004139.243 INFO             PET0 Finalizing ESMF
20220313 004139.091 INFO             PET1 !!!!!!!!!!!!!!!!!!!!!!!!!!!!!!!!!!!!!!!!!!!!!!!!!!!!!!
20220313 004139.091 INFO             PET1 !!! THE ESMF_LOG IS SET TO OUTPUT ALL LOG MESSAGES !!!
20220313 004139.091 INFO             PET1 !!!     THIS MAY CAUSE SLOWDOWN IN PERFORMANCE     !!!
20220313 004139.091 INFO             PET1 !!! FOR PRODUCTION RUNS, USE:                      !!!
20220313 004139.091 INFO             PET1 !!!                   ESMF_LOGKIND_Multi_On_Error  !!!
20220313 004139.091 INFO             PET1 !!!!!!!!!!!!!!!!!!!!!!!!!!!!!!!!!!!!!!!!!!!!!!!!!!!!!!
20220313 004139.091 INFO             PET1 Running with ESMF Version   : v8.3.0b09-96-g559b459836
20220313 004139.091 INFO             PET1 ESMF library build date/time: "Mar 12 2022" "23:26:31"
20220313 004139.091 INFO             PET1 ESMF library build location : /lustre/f2/dev/ncep/Mark.Potts/gfortran_8.3.0_mpi_O_jedwards_pio_update2
20220313 004139.091 INFO             PET1 ESMF_COMM                   : mpi
20220313 004139.091 INFO             PET1 ESMF_MOAB                   : enabled
20220313 004139.091 INFO             PET1 ESMF_LAPACK                 : enabled
20220313 004139.091 INFO             PET1 ESMF_NETCDF                 : enabled
20220313 004139.091 INFO             PET1 ESMF_PNETCDF                : disabled
20220313 004139.091 INFO             PET1 ESMF_PIO                    : enabled
20220313 004139.091 INFO             PET1 ESMF_YAMLCPP                : enabled
20220313 004139.195 INFO             PET1 PIOc_sync Enter - MemInfo: [/proc/meminfo - SSI]	MemTotal:       65855856 kB
20220313 004139.195 INFO             PET1 PIOc_sync Enter - MemInfo: [/proc/meminfo - SSI]	MemFree:        61264016 kB
20220313 004139.195 INFO             PET1 PIOc_sync Enter - MemInfo: [/proc/meminfo - SSI]	MemAvailable:   61025356 kB
20220313 004139.195 INFO             PET1 PIOc_sync Enter - MemInfo: [/proc/meminfo - SSI]	Committed_AS:    2872124 kB
20220313 004139.195 INFO             PET1 PIOc_sync Enter - MemInfo: [/proc/meminfo - SSI]	CommittedPercent: 4.36123 %
20220313 004139.195 INFO             PET1 PIOc_sync Enter - MemInfo: [/proc/self/status]	VmPeak:	   61140 kB
20220313 004139.195 INFO             PET1 PIOc_sync Enter - MemInfo: [/proc/self/status]	VmSize:	   61020 kB
20220313 004139.195 INFO             PET1 PIOc_sync Enter - MemInfo: [/proc/self/status]	VmLck:	       0 kB
20220313 004139.195 INFO             PET1 PIOc_sync Enter - MemInfo: [/proc/self/status]	VmPin:	       0 kB
20220313 004139.195 INFO             PET1 PIOc_sync Enter - MemInfo: [/proc/self/status]	VmHWM:	    6984 kB
20220313 004139.195 INFO             PET1 PIOc_sync Enter - MemInfo: [/proc/self/status]	VmRSS:	    6984 kB
20220313 004139.195 INFO             PET1 PIOc_sync Enter - MemInfo: [/proc/self/status]	VmData:	    8096 kB
20220313 004139.195 INFO             PET1 PIOc_sync Enter - MemInfo: [/proc/self/status]	VmStk:	     164 kB
20220313 004139.195 INFO             PET1 PIOc_sync Enter - MemInfo: [/proc/self/status]	VmExe:	   27340 kB
20220313 004139.195 INFO             PET1 PIOc_sync Enter - MemInfo: [/proc/self/status]	VmLib:	    1952 kB
20220313 004139.195 INFO             PET1 PIOc_sync Enter - MemInfo: [/proc/self/status]	VmPTE:	     112 kB
20220313 004139.195 INFO             PET1 PIOc_sync Enter - MemInfo: [/proc/self/status]	VmPMD:	      12 kB
20220313 004139.195 INFO             PET1 PIOc_sync Enter - MemInfo: [/proc/self/status]	VmSwap:	       0 kB
20220313 004139.195 INFO             PET1 PIOc_sync Enter - MemInfo: [/proc/self/status]	VmRSSPercent: 0.010605 %
20220313 004139.195 INFO             PET1 PIOc_sync Enter - MemInfo: [malloc] Non-mmapped space allocated:                  923968 Byte
20220313 004139.195 INFO             PET1 PIOc_sync Enter - MemInfo: [malloc] Space allocated in mmapped regions:          3026944 Byte
20220313 004139.196 INFO             PET1 PIOc_sync Enter - MemInfo: [malloc] Maximum total allocated space:                     0 Byte
20220313 004139.196 INFO             PET1 PIOc_sync Enter - MemInfo: [malloc] Space in freed fastbin blocks:                   128 Byte
20220313 004139.196 INFO             PET1 PIOc_sync Enter - MemInfo: [malloc] Total allocated space:                        818288 Byte
20220313 004139.196 INFO             PET1 PIOc_sync Enter - MemInfo: [malloc] Total free space:                             105680 Byte
20220313 004139.196 INFO             PET1 PIOc_sync Enter - MemInfo: [malloc] Top-most, releasable space:                   105520 Byte
20220313 004139.196 INFO             PET1 PIOc_sync Enter - MemInfo: [malloc] Total space in use, mmap + non-mmap:         3845232 Byte
20220313 004139.196 INFO             PET1 PIOc_sync Enter - MemInfo: [malloc] Total space held (mmap + non-mmap):          3950912 Byte
20220313 004139.196 INFO             PET1 PIOc_sync Enter - MemInfo: [malloc] Total space used (mmap + non-mmap):          3854752 Byte
20220313 004139.196 INFO             PET1 PIOc_sync Enter - MemInfo: Wall-clock time since execution start:               0.127681 seconds
20220313 004139.201 INFO             PET1 PIOc_sync Exit - MemInfo: [/proc/meminfo - SSI]	MemTotal:       65855856 kB
20220313 004139.201 INFO             PET1 PIOc_sync Exit - MemInfo: [/proc/meminfo - SSI]	MemFree:        61262944 kB
20220313 004139.201 INFO             PET1 PIOc_sync Exit - MemInfo: [/proc/meminfo - SSI]	MemAvailable:   61024284 kB
20220313 004139.201 INFO             PET1 PIOc_sync Exit - MemInfo: [/proc/meminfo - SSI]	Committed_AS:    2872124 kB
20220313 004139.201 INFO             PET1 PIOc_sync Exit - MemInfo: [/proc/meminfo - SSI]	CommittedPercent: 4.36123 %
20220313 004139.201 INFO             PET1 PIOc_sync Exit - MemInfo: [/proc/self/status]	VmPeak:	   61140 kB
20220313 004139.201 INFO             PET1 PIOc_sync Exit - MemInfo: [/proc/self/status]	VmSize:	   61020 kB
20220313 004139.201 INFO             PET1 PIOc_sync Exit - MemInfo: [/proc/self/status]	VmLck:	       0 kB
20220313 004139.201 INFO             PET1 PIOc_sync Exit - MemInfo: [/proc/self/status]	VmPin:	       0 kB
20220313 004139.201 INFO             PET1 PIOc_sync Exit - MemInfo: [/proc/self/status]	VmHWM:	    6984 kB
20220313 004139.201 INFO             PET1 PIOc_sync Exit - MemInfo: [/proc/self/status]	VmRSS:	    6984 kB
20220313 004139.201 INFO             PET1 PIOc_sync Exit - MemInfo: [/proc/self/status]	VmData:	    8096 kB
20220313 004139.201 INFO             PET1 PIOc_sync Exit - MemInfo: [/proc/self/status]	VmStk:	     164 kB
20220313 004139.201 INFO             PET1 PIOc_sync Exit - MemInfo: [/proc/self/status]	VmExe:	   27340 kB
20220313 004139.201 INFO             PET1 PIOc_sync Exit - MemInfo: [/proc/self/status]	VmLib:	    1952 kB
20220313 004139.201 INFO             PET1 PIOc_sync Exit - MemInfo: [/proc/self/status]	VmPTE:	     112 kB
20220313 004139.201 INFO             PET1 PIOc_sync Exit - MemInfo: [/proc/self/status]	VmPMD:	      12 kB
20220313 004139.201 INFO             PET1 PIOc_sync Exit - MemInfo: [/proc/self/status]	VmSwap:	       0 kB
20220313 004139.201 INFO             PET1 PIOc_sync Exit - MemInfo: [/proc/self/status]	VmRSSPercent: 0.010605 %
20220313 004139.201 INFO             PET1 PIOc_sync Exit - MemInfo: [malloc] Non-mmapped space allocated:                  923968 Byte
20220313 004139.201 INFO             PET1 PIOc_sync Exit - MemInfo: [malloc] Space allocated in mmapped regions:          3026944 Byte
20220313 004139.201 INFO             PET1 PIOc_sync Exit - MemInfo: [malloc] Maximum total allocated space:                     0 Byte
20220313 004139.201 INFO             PET1 PIOc_sync Exit - MemInfo: [malloc] Space in freed fastbin blocks:                    96 Byte
20220313 004139.201 INFO             PET1 PIOc_sync Exit - MemInfo: [malloc] Total allocated space:                        820416 Byte
20220313 004139.201 INFO             PET1 PIOc_sync Exit - MemInfo: [malloc] Total free space:                             103552 Byte
20220313 004139.201 INFO             PET1 PIOc_sync Exit - MemInfo: [malloc] Top-most, releasable space:                   103248 Byte
20220313 004139.201 INFO             PET1 PIOc_sync Exit - MemInfo: [malloc] Total space in use, mmap + non-mmap:         3847360 Byte
20220313 004139.201 INFO             PET1 PIOc_sync Exit - MemInfo: [malloc] Total space held (mmap + non-mmap):          3950912 Byte
20220313 004139.201 INFO             PET1 PIOc_sync Exit - MemInfo: [malloc] Total space used (mmap + non-mmap):          3855856 Byte
20220313 004139.201 INFO             PET1 PIOc_sync Exit - MemInfo: Wall-clock time since execution start:               0.133172 seconds
20220313 004139.202 INFO             PET1 PIOc_freedecomp Enter - MemInfo: [/proc/meminfo - SSI]	MemTotal:       65855856 kB
20220313 004139.202 INFO             PET1 PIOc_freedecomp Enter - MemInfo: [/proc/meminfo - SSI]	MemFree:        61270000 kB
20220313 004139.202 INFO             PET1 PIOc_freedecomp Enter - MemInfo: [/proc/meminfo - SSI]	MemAvailable:   61031340 kB
20220313 004139.202 INFO             PET1 PIOc_freedecomp Enter - MemInfo: [/proc/meminfo - SSI]	Committed_AS:    2864252 kB
20220313 004139.202 INFO             PET1 PIOc_freedecomp Enter - MemInfo: [/proc/meminfo - SSI]	CommittedPercent: 4.34927 %
20220313 004139.202 INFO             PET1 PIOc_freedecomp Enter - MemInfo: [/proc/self/status]	VmPeak:	   61140 kB
20220313 004139.202 INFO             PET1 PIOc_freedecomp Enter - MemInfo: [/proc/self/status]	VmSize:	   61020 kB
20220313 004139.202 INFO             PET1 PIOc_freedecomp Enter - MemInfo: [/proc/self/status]	VmLck:	       0 kB
20220313 004139.202 INFO             PET1 PIOc_freedecomp Enter - MemInfo: [/proc/self/status]	VmPin:	       0 kB
20220313 004139.202 INFO             PET1 PIOc_freedecomp Enter - MemInfo: [/proc/self/status]	VmHWM:	    6984 kB
20220313 004139.202 INFO             PET1 PIOc_freedecomp Enter - MemInfo: [/proc/self/status]	VmRSS:	    6984 kB
20220313 004139.202 INFO             PET1 PIOc_freedecomp Enter - MemInfo: [/proc/self/status]	VmData:	    8096 kB
20220313 004139.202 INFO             PET1 PIOc_freedecomp Enter - MemInfo: [/proc/self/status]	VmStk:	     164 kB
20220313 004139.202 INFO             PET1 PIOc_freedecomp Enter - MemInfo: [/proc/self/status]	VmExe:	   27340 kB
20220313 004139.202 INFO             PET1 PIOc_freedecomp Enter - MemInfo: [/proc/self/status]	VmLib:	    1952 kB
20220313 004139.202 INFO             PET1 PIOc_freedecomp Enter - MemInfo: [/proc/self/status]	VmPTE:	     112 kB
20220313 004139.202 INFO             PET1 PIOc_freedecomp Enter - MemInfo: [/proc/self/status]	VmPMD:	      12 kB
20220313 004139.202 INFO             PET1 PIOc_freedecomp Enter - MemInfo: [/proc/self/status]	VmSwap:	       0 kB
20220313 004139.202 INFO             PET1 PIOc_freedecomp Enter - MemInfo: [/proc/self/status]	VmRSSPercent: 0.010605 %
20220313 004139.202 INFO             PET1 PIOc_freedecomp Enter - MemInfo: [malloc] Non-mmapped space allocated:                  923968 Byte
20220313 004139.202 INFO             PET1 PIOc_freedecomp Enter - MemInfo: [malloc] Space allocated in mmapped regions:          3026944 Byte
20220313 004139.202 INFO             PET1 PIOc_freedecomp Enter - MemInfo: [malloc] Maximum total allocated space:                     0 Byte
20220313 004139.202 INFO             PET1 PIOc_freedecomp Enter - MemInfo: [malloc] Space in freed fastbin blocks:                   656 Byte
20220313 004139.202 INFO             PET1 PIOc_freedecomp Enter - MemInfo: [malloc] Total allocated space:                        820976 Byte
20220313 004139.202 INFO             PET1 PIOc_freedecomp Enter - MemInfo: [malloc] Total free space:                             102992 Byte
20220313 004139.202 INFO             PET1 PIOc_freedecomp Enter - MemInfo: [malloc] Top-most, releasable space:                   102240 Byte
20220313 004139.202 INFO             PET1 PIOc_freedecomp Enter - MemInfo: [malloc] Total space in use, mmap + non-mmap:         3847920 Byte
20220313 004139.202 INFO             PET1 PIOc_freedecomp Enter - MemInfo: [malloc] Total space held (mmap + non-mmap):          3950912 Byte
20220313 004139.202 INFO             PET1 PIOc_freedecomp Enter - MemInfo: [malloc] Total space used (mmap + non-mmap):          3856336 Byte
20220313 004139.202 INFO             PET1 PIOc_freedecomp Enter - MemInfo: Wall-clock time since execution start:               0.133997 seconds
20220313 004139.202 INFO             PET1 PIOc_freedecomp Exit - MemInfo: [/proc/meminfo - SSI]	MemTotal:       65855856 kB
20220313 004139.202 INFO             PET1 PIOc_freedecomp Exit - MemInfo: [/proc/meminfo - SSI]	MemFree:        61270000 kB
20220313 004139.202 INFO             PET1 PIOc_freedecomp Exit - MemInfo: [/proc/meminfo - SSI]	MemAvailable:   61031340 kB
20220313 004139.202 INFO             PET1 PIOc_freedecomp Exit - MemInfo: [/proc/meminfo - SSI]	Committed_AS:    2864252 kB
20220313 004139.202 INFO             PET1 PIOc_freedecomp Exit - MemInfo: [/proc/meminfo - SSI]	CommittedPercent: 4.34927 %
20220313 004139.202 INFO             PET1 PIOc_freedecomp Exit - MemInfo: [/proc/self/status]	VmPeak:	   61140 kB
20220313 004139.202 INFO             PET1 PIOc_freedecomp Exit - MemInfo: [/proc/self/status]	VmSize:	   61020 kB
20220313 004139.202 INFO             PET1 PIOc_freedecomp Exit - MemInfo: [/proc/self/status]	VmLck:	       0 kB
20220313 004139.202 INFO             PET1 PIOc_freedecomp Exit - MemInfo: [/proc/self/status]	VmPin:	       0 kB
20220313 004139.202 INFO             PET1 PIOc_freedecomp Exit - MemInfo: [/proc/self/status]	VmHWM:	    6984 kB
20220313 004139.202 INFO             PET1 PIOc_freedecomp Exit - MemInfo: [/proc/self/status]	VmRSS:	    6984 kB
20220313 004139.202 INFO             PET1 PIOc_freedecomp Exit - MemInfo: [/proc/self/status]	VmData:	    8096 kB
20220313 004139.202 INFO             PET1 PIOc_freedecomp Exit - MemInfo: [/proc/self/status]	VmStk:	     164 kB
20220313 004139.202 INFO             PET1 PIOc_freedecomp Exit - MemInfo: [/proc/self/status]	VmExe:	   27340 kB
20220313 004139.202 INFO             PET1 PIOc_freedecomp Exit - MemInfo: [/proc/self/status]	VmLib:	    1952 kB
20220313 004139.202 INFO             PET1 PIOc_freedecomp Exit - MemInfo: [/proc/self/status]	VmPTE:	     112 kB
20220313 004139.202 INFO             PET1 PIOc_freedecomp Exit - MemInfo: [/proc/self/status]	VmPMD:	      12 kB
20220313 004139.202 INFO             PET1 PIOc_freedecomp Exit - MemInfo: [/proc/self/status]	VmSwap:	       0 kB
20220313 004139.202 INFO             PET1 PIOc_freedecomp Exit - MemInfo: [/proc/self/status]	VmRSSPercent: 0.010605 %
20220313 004139.202 INFO             PET1 PIOc_freedecomp Exit - MemInfo: [malloc] Non-mmapped space allocated:                  923968 Byte
20220313 004139.202 INFO             PET1 PIOc_freedecomp Exit - MemInfo: [malloc] Space allocated in mmapped regions:          3026944 Byte
20220313 004139.202 INFO             PET1 PIOc_freedecomp Exit - MemInfo: [malloc] Maximum total allocated space:                     0 Byte
20220313 004139.202 INFO             PET1 PIOc_freedecomp Exit - MemInfo: [malloc] Space in freed fastbin blocks:                   784 Byte
20220313 004139.202 INFO             PET1 PIOc_freedecomp Exit - MemInfo: [malloc] Total allocated space:                        821344 Byte
20220313 004139.202 INFO             PET1 PIOc_freedecomp Exit - MemInfo: [malloc] Total free space:                             102624 Byte
20220313 004139.202 INFO             PET1 PIOc_freedecomp Exit - MemInfo: [malloc] Top-most, releasable space:                   101792 Byte
20220313 004139.202 INFO             PET1 PIOc_freedecomp Exit - MemInfo: [malloc] Total space in use, mmap + non-mmap:         3848288 Byte
20220313 004139.202 INFO             PET1 PIOc_freedecomp Exit - MemInfo: [malloc] Total space held (mmap + non-mmap):          3950912 Byte
20220313 004139.202 INFO             PET1 PIOc_freedecomp Exit - MemInfo: [malloc] Total space used (mmap + non-mmap):          3856656 Byte
20220313 004139.202 INFO             PET1 PIOc_freedecomp Exit - MemInfo: Wall-clock time since execution start:               0.134367 seconds
20220313 004139.206 INFO             PET1 PIOc_sync Enter - MemInfo: [/proc/meminfo - SSI]	MemTotal:       65855856 kB
20220313 004139.206 INFO             PET1 PIOc_sync Enter - MemInfo: [/proc/meminfo - SSI]	MemFree:        61267480 kB
20220313 004139.206 INFO             PET1 PIOc_sync Enter - MemInfo: [/proc/meminfo - SSI]	MemAvailable:   61028820 kB
20220313 004139.206 INFO             PET1 PIOc_sync Enter - MemInfo: [/proc/meminfo - SSI]	Committed_AS:    2872520 kB
20220313 004139.206 INFO             PET1 PIOc_sync Enter - MemInfo: [/proc/meminfo - SSI]	CommittedPercent: 4.36183 %
20220313 004139.206 INFO             PET1 PIOc_sync Enter - MemInfo: [/proc/self/status]	VmPeak:	   61140 kB
20220313 004139.206 INFO             PET1 PIOc_sync Enter - MemInfo: [/proc/self/status]	VmSize:	   61020 kB
20220313 004139.206 INFO             PET1 PIOc_sync Enter - MemInfo: [/proc/self/status]	VmLck:	       0 kB
20220313 004139.206 INFO             PET1 PIOc_sync Enter - MemInfo: [/proc/self/status]	VmPin:	       0 kB
20220313 004139.206 INFO             PET1 PIOc_sync Enter - MemInfo: [/proc/self/status]	VmHWM:	    7076 kB
20220313 004139.206 INFO             PET1 PIOc_sync Enter - MemInfo: [/proc/self/status]	VmRSS:	    7060 kB
20220313 004139.206 INFO             PET1 PIOc_sync Enter - MemInfo: [/proc/self/status]	VmData:	    8096 kB
20220313 004139.206 INFO             PET1 PIOc_sync Enter - MemInfo: [/proc/self/status]	VmStk:	     164 kB
20220313 004139.206 INFO             PET1 PIOc_sync Enter - MemInfo: [/proc/self/status]	VmExe:	   27340 kB
20220313 004139.206 INFO             PET1 PIOc_sync Enter - MemInfo: [/proc/self/status]	VmLib:	    1952 kB
20220313 004139.206 INFO             PET1 PIOc_sync Enter - MemInfo: [/proc/self/status]	VmPTE:	     112 kB
20220313 004139.206 INFO             PET1 PIOc_sync Enter - MemInfo: [/proc/self/status]	VmPMD:	      12 kB
20220313 004139.206 INFO             PET1 PIOc_sync Enter - MemInfo: [/proc/self/status]	VmSwap:	       0 kB
20220313 004139.206 INFO             PET1 PIOc_sync Enter - MemInfo: [/proc/self/status]	VmRSSPercent: 0.0107204 %
20220313 004139.206 INFO             PET1 PIOc_sync Enter - MemInfo: [malloc] Non-mmapped space allocated:                  923968 Byte
20220313 004139.206 INFO             PET1 PIOc_sync Enter - MemInfo: [malloc] Space allocated in mmapped regions:          3026944 Byte
20220313 004139.206 INFO             PET1 PIOc_sync Enter - MemInfo: [malloc] Maximum total allocated space:                     0 Byte
20220313 004139.206 INFO             PET1 PIOc_sync Enter - MemInfo: [malloc] Space in freed fastbin blocks:                   128 Byte
20220313 004139.206 INFO             PET1 PIOc_sync Enter - MemInfo: [malloc] Total allocated space:                        825680 Byte
20220313 004139.206 INFO             PET1 PIOc_sync Enter - MemInfo: [malloc] Total free space:                              98288 Byte
20220313 004139.206 INFO             PET1 PIOc_sync Enter - MemInfo: [malloc] Top-most, releasable space:                    98000 Byte
20220313 004139.206 INFO             PET1 PIOc_sync Enter - MemInfo: [malloc] Total space in use, mmap + non-mmap:         3852624 Byte
20220313 004139.206 INFO             PET1 PIOc_sync Enter - MemInfo: [malloc] Total space held (mmap + non-mmap):          3950912 Byte
20220313 004139.206 INFO             PET1 PIOc_sync Enter - MemInfo: [malloc] Total space used (mmap + non-mmap):          3860960 Byte
20220313 004139.206 INFO             PET1 PIOc_sync Enter - MemInfo: Wall-clock time since execution start:               0.138032 seconds
20220313 004139.206 INFO             PET1 PIOc_sync Exit - MemInfo: [/proc/meminfo - SSI]	MemTotal:       65855856 kB
20220313 004139.206 INFO             PET1 PIOc_sync Exit - MemInfo: [/proc/meminfo - SSI]	MemFree:        61267480 kB
20220313 004139.206 INFO             PET1 PIOc_sync Exit - MemInfo: [/proc/meminfo - SSI]	MemAvailable:   61028820 kB
20220313 004139.206 INFO             PET1 PIOc_sync Exit - MemInfo: [/proc/meminfo - SSI]	Committed_AS:    2872520 kB
20220313 004139.206 INFO             PET1 PIOc_sync Exit - MemInfo: [/proc/meminfo - SSI]	CommittedPercent: 4.36183 %
20220313 004139.206 INFO             PET1 PIOc_sync Exit - MemInfo: [/proc/self/status]	VmPeak:	   61140 kB
20220313 004139.206 INFO             PET1 PIOc_sync Exit - MemInfo: [/proc/self/status]	VmSize:	   61020 kB
20220313 004139.206 INFO             PET1 PIOc_sync Exit - MemInfo: [/proc/self/status]	VmLck:	       0 kB
20220313 004139.206 INFO             PET1 PIOc_sync Exit - MemInfo: [/proc/self/status]	VmPin:	       0 kB
20220313 004139.206 INFO             PET1 PIOc_sync Exit - MemInfo: [/proc/self/status]	VmHWM:	    7076 kB
20220313 004139.206 INFO             PET1 PIOc_sync Exit - MemInfo: [/proc/self/status]	VmRSS:	    7060 kB
20220313 004139.206 INFO             PET1 PIOc_sync Exit - MemInfo: [/proc/self/status]	VmData:	    8096 kB
20220313 004139.206 INFO             PET1 PIOc_sync Exit - MemInfo: [/proc/self/status]	VmStk:	     164 kB
20220313 004139.206 INFO             PET1 PIOc_sync Exit - MemInfo: [/proc/self/status]	VmExe:	   27340 kB
20220313 004139.206 INFO             PET1 PIOc_sync Exit - MemInfo: [/proc/self/status]	VmLib:	    1952 kB
20220313 004139.206 INFO             PET1 PIOc_sync Exit - MemInfo: [/proc/self/status]	VmPTE:	     116 kB
20220313 004139.206 INFO             PET1 PIOc_sync Exit - MemInfo: [/proc/self/status]	VmPMD:	      12 kB
20220313 004139.206 INFO             PET1 PIOc_sync Exit - MemInfo: [/proc/self/status]	VmSwap:	       0 kB
20220313 004139.206 INFO             PET1 PIOc_sync Exit - MemInfo: [/proc/self/status]	VmRSSPercent: 0.0107204 %
20220313 004139.206 INFO             PET1 PIOc_sync Exit - MemInfo: [malloc] Non-mmapped space allocated:                  923968 Byte
20220313 004139.206 INFO             PET1 PIOc_sync Exit - MemInfo: [malloc] Space allocated in mmapped regions:          3026944 Byte
20220313 004139.206 INFO             PET1 PIOc_sync Exit - MemInfo: [malloc] Maximum total allocated space:                     0 Byte
20220313 004139.206 INFO             PET1 PIOc_sync Exit - MemInfo: [malloc] Space in freed fastbin blocks:                    96 Byte
20220313 004139.206 INFO             PET1 PIOc_sync Exit - MemInfo: [malloc] Total allocated space:                        826176 Byte
20220313 004139.206 INFO             PET1 PIOc_sync Exit - MemInfo: [malloc] Total free space:                              97792 Byte
20220313 004139.206 INFO             PET1 PIOc_sync Exit - MemInfo: [malloc] Top-most, releasable space:                    97104 Byte
20220313 004139.206 INFO             PET1 PIOc_sync Exit - MemInfo: [malloc] Total space in use, mmap + non-mmap:         3853120 Byte
20220313 004139.206 INFO             PET1 PIOc_sync Exit - MemInfo: [malloc] Total space held (mmap + non-mmap):          3950912 Byte
20220313 004139.206 INFO             PET1 PIOc_sync Exit - MemInfo: [malloc] Total space used (mmap + non-mmap):          3861376 Byte
20220313 004139.206 INFO             PET1 PIOc_sync Exit - MemInfo: Wall-clock time since execution start:               0.138476 seconds
20220313 004139.207 INFO             PET1 PIOc_freedecomp Enter - MemInfo: [/proc/meminfo - SSI]	MemTotal:       65855856 kB
20220313 004139.207 INFO             PET1 PIOc_freedecomp Enter - MemInfo: [/proc/meminfo - SSI]	MemFree:        61267480 kB
20220313 004139.207 INFO             PET1 PIOc_freedecomp Enter - MemInfo: [/proc/meminfo - SSI]	MemAvailable:   61028820 kB
20220313 004139.207 INFO             PET1 PIOc_freedecomp Enter - MemInfo: [/proc/meminfo - SSI]	Committed_AS:    2872520 kB
20220313 004139.207 INFO             PET1 PIOc_freedecomp Enter - MemInfo: [/proc/meminfo - SSI]	CommittedPercent: 4.36183 %
20220313 004139.207 INFO             PET1 PIOc_freedecomp Enter - MemInfo: [/proc/self/status]	VmPeak:	   61140 kB
20220313 004139.207 INFO             PET1 PIOc_freedecomp Enter - MemInfo: [/proc/self/status]	VmSize:	   61020 kB
20220313 004139.207 INFO             PET1 PIOc_freedecomp Enter - MemInfo: [/proc/self/status]	VmLck:	       0 kB
20220313 004139.207 INFO             PET1 PIOc_freedecomp Enter - MemInfo: [/proc/self/status]	VmPin:	       0 kB
20220313 004139.207 INFO             PET1 PIOc_freedecomp Enter - MemInfo: [/proc/self/status]	VmHWM:	    7076 kB
20220313 004139.207 INFO             PET1 PIOc_freedecomp Enter - MemInfo: [/proc/self/status]	VmRSS:	    7060 kB
20220313 004139.207 INFO             PET1 PIOc_freedecomp Enter - MemInfo: [/proc/self/status]	VmData:	    8096 kB
20220313 004139.207 INFO             PET1 PIOc_freedecomp Enter - MemInfo: [/proc/self/status]	VmStk:	     164 kB
20220313 004139.207 INFO             PET1 PIOc_freedecomp Enter - MemInfo: [/proc/self/status]	VmExe:	   27340 kB
20220313 004139.207 INFO             PET1 PIOc_freedecomp Enter - MemInfo: [/proc/self/status]	VmLib:	    1952 kB
20220313 004139.207 INFO             PET1 PIOc_freedecomp Enter - MemInfo: [/proc/self/status]	VmPTE:	     116 kB
20220313 004139.207 INFO             PET1 PIOc_freedecomp Enter - MemInfo: [/proc/self/status]	VmPMD:	      12 kB
20220313 004139.207 INFO             PET1 PIOc_freedecomp Enter - MemInfo: [/proc/self/status]	VmSwap:	       0 kB
20220313 004139.207 INFO             PET1 PIOc_freedecomp Enter - MemInfo: [/proc/self/status]	VmRSSPercent: 0.0107204 %
20220313 004139.207 INFO             PET1 PIOc_freedecomp Enter - MemInfo: [malloc] Non-mmapped space allocated:                  923968 Byte
20220313 004139.207 INFO             PET1 PIOc_freedecomp Enter - MemInfo: [malloc] Space allocated in mmapped regions:          3026944 Byte
20220313 004139.207 INFO             PET1 PIOc_freedecomp Enter - MemInfo: [malloc] Maximum total allocated space:                     0 Byte
20220313 004139.207 INFO             PET1 PIOc_freedecomp Enter - MemInfo: [malloc] Space in freed fastbin blocks:                   768 Byte
20220313 004139.207 INFO             PET1 PIOc_freedecomp Enter - MemInfo: [malloc] Total allocated space:                        825296 Byte
20220313 004139.207 INFO             PET1 PIOc_freedecomp Enter - MemInfo: [malloc] Total free space:                              98672 Byte
20220313 004139.207 INFO             PET1 PIOc_freedecomp Enter - MemInfo: [malloc] Top-most, releasable space:                    96656 Byte
20220313 004139.207 INFO             PET1 PIOc_freedecomp Enter - MemInfo: [malloc] Total space in use, mmap + non-mmap:         3852240 Byte
20220313 004139.207 INFO             PET1 PIOc_freedecomp Enter - MemInfo: [malloc] Total space held (mmap + non-mmap):          3950912 Byte
20220313 004139.207 INFO             PET1 PIOc_freedecomp Enter - MemInfo: [malloc] Total space used (mmap + non-mmap):          3860608 Byte
20220313 004139.207 INFO             PET1 PIOc_freedecomp Enter - MemInfo: Wall-clock time since execution start:               0.139018 seconds
20220313 004139.207 INFO             PET1 PIOc_freedecomp Exit - MemInfo: [/proc/meminfo - SSI]	MemTotal:       65855856 kB
20220313 004139.207 INFO             PET1 PIOc_freedecomp Exit - MemInfo: [/proc/meminfo - SSI]	MemFree:        61267480 kB
20220313 004139.207 INFO             PET1 PIOc_freedecomp Exit - MemInfo: [/proc/meminfo - SSI]	MemAvailable:   61028820 kB
20220313 004139.207 INFO             PET1 PIOc_freedecomp Exit - MemInfo: [/proc/meminfo - SSI]	Committed_AS:    2872520 kB
20220313 004139.207 INFO             PET1 PIOc_freedecomp Exit - MemInfo: [/proc/meminfo - SSI]	CommittedPercent: 4.36183 %
20220313 004139.207 INFO             PET1 PIOc_freedecomp Exit - MemInfo: [/proc/self/status]	VmPeak:	   61140 kB
20220313 004139.207 INFO             PET1 PIOc_freedecomp Exit - MemInfo: [/proc/self/status]	VmSize:	   61020 kB
20220313 004139.207 INFO             PET1 PIOc_freedecomp Exit - MemInfo: [/proc/self/status]	VmLck:	       0 kB
20220313 004139.207 INFO             PET1 PIOc_freedecomp Exit - MemInfo: [/proc/self/status]	VmPin:	       0 kB
20220313 004139.207 INFO             PET1 PIOc_freedecomp Exit - MemInfo: [/proc/self/status]	VmHWM:	    7076 kB
20220313 004139.207 INFO             PET1 PIOc_freedecomp Exit - MemInfo: [/proc/self/status]	VmRSS:	    7060 kB
20220313 004139.207 INFO             PET1 PIOc_freedecomp Exit - MemInfo: [/proc/self/status]	VmData:	    8096 kB
20220313 004139.207 INFO             PET1 PIOc_freedecomp Exit - MemInfo: [/proc/self/status]	VmStk:	     164 kB
20220313 004139.207 INFO             PET1 PIOc_freedecomp Exit - MemInfo: [/proc/self/status]	VmExe:	   27340 kB
20220313 004139.207 INFO             PET1 PIOc_freedecomp Exit - MemInfo: [/proc/self/status]	VmLib:	    1952 kB
20220313 004139.207 INFO             PET1 PIOc_freedecomp Exit - MemInfo: [/proc/self/status]	VmPTE:	     116 kB
20220313 004139.207 INFO             PET1 PIOc_freedecomp Exit - MemInfo: [/proc/self/status]	VmPMD:	      12 kB
20220313 004139.207 INFO             PET1 PIOc_freedecomp Exit - MemInfo: [/proc/self/status]	VmSwap:	       0 kB
20220313 004139.207 INFO             PET1 PIOc_freedecomp Exit - MemInfo: [/proc/self/status]	VmRSSPercent: 0.0107204 %
20220313 004139.207 INFO             PET1 PIOc_freedecomp Exit - MemInfo: [malloc] Non-mmapped space allocated:                  923968 Byte
20220313 004139.207 INFO             PET1 PIOc_freedecomp Exit - MemInfo: [malloc] Space allocated in mmapped regions:          3026944 Byte
20220313 004139.207 INFO             PET1 PIOc_freedecomp Exit - MemInfo: [malloc] Maximum total allocated space:                     0 Byte
20220313 004139.207 INFO             PET1 PIOc_freedecomp Exit - MemInfo: [malloc] Space in freed fastbin blocks:                   912 Byte
20220313 004139.207 INFO             PET1 PIOc_freedecomp Exit - MemInfo: [malloc] Total allocated space:                        824576 Byte
20220313 004139.207 INFO             PET1 PIOc_freedecomp Exit - MemInfo: [malloc] Total free space:                              99392 Byte
20220313 004139.207 INFO             PET1 PIOc_freedecomp Exit - MemInfo: [malloc] Top-most, releasable space:                    96544 Byte
20220313 004139.207 INFO             PET1 PIOc_freedecomp Exit - MemInfo: [malloc] Total space in use, mmap + non-mmap:         3851520 Byte
20220313 004139.207 INFO             PET1 PIOc_freedecomp Exit - MemInfo: [malloc] Total space held (mmap + non-mmap):          3950912 Byte
20220313 004139.207 INFO             PET1 PIOc_freedecomp Exit - MemInfo: [malloc] Total space used (mmap + non-mmap):          3859808 Byte
20220313 004139.207 INFO             PET1 PIOc_freedecomp Exit - MemInfo: Wall-clock time since execution start:               0.139394 seconds
20220313 004139.209 INFO             PET1 PIOc_sync Enter - MemInfo: [/proc/meminfo - SSI]	MemTotal:       65855856 kB
20220313 004139.209 INFO             PET1 PIOc_sync Enter - MemInfo: [/proc/meminfo - SSI]	MemFree:        61266976 kB
20220313 004139.209 INFO             PET1 PIOc_sync Enter - MemInfo: [/proc/meminfo - SSI]	MemAvailable:   61028316 kB
20220313 004139.209 INFO             PET1 PIOc_sync Enter - MemInfo: [/proc/meminfo - SSI]	Committed_AS:    2872520 kB
20220313 004139.209 INFO             PET1 PIOc_sync Enter - MemInfo: [/proc/meminfo - SSI]	CommittedPercent: 4.36183 %
20220313 004139.209 INFO             PET1 PIOc_sync Enter - MemInfo: [/proc/self/status]	VmPeak:	   61140 kB
20220313 004139.209 INFO             PET1 PIOc_sync Enter - MemInfo: [/proc/self/status]	VmSize:	   60996 kB
20220313 004139.209 INFO             PET1 PIOc_sync Enter - MemInfo: [/proc/self/status]	VmLck:	       0 kB
20220313 004139.209 INFO             PET1 PIOc_sync Enter - MemInfo: [/proc/self/status]	VmPin:	       0 kB
20220313 004139.209 INFO             PET1 PIOc_sync Enter - MemInfo: [/proc/self/status]	VmHWM:	    7084 kB
20220313 004139.209 INFO             PET1 PIOc_sync Enter - MemInfo: [/proc/self/status]	VmRSS:	    7068 kB
20220313 004139.209 INFO             PET1 PIOc_sync Enter - MemInfo: [/proc/self/status]	VmData:	    8096 kB
20220313 004139.209 INFO             PET1 PIOc_sync Enter - MemInfo: [/proc/self/status]	VmStk:	     164 kB
20220313 004139.209 INFO             PET1 PIOc_sync Enter - MemInfo: [/proc/self/status]	VmExe:	   27340 kB
20220313 004139.209 INFO             PET1 PIOc_sync Enter - MemInfo: [/proc/self/status]	VmLib:	    1952 kB
20220313 004139.209 INFO             PET1 PIOc_sync Enter - MemInfo: [/proc/self/status]	VmPTE:	     116 kB
20220313 004139.209 INFO             PET1 PIOc_sync Enter - MemInfo: [/proc/self/status]	VmPMD:	      12 kB
20220313 004139.209 INFO             PET1 PIOc_sync Enter - MemInfo: [/proc/self/status]	VmSwap:	       0 kB
20220313 004139.209 INFO             PET1 PIOc_sync Enter - MemInfo: [/proc/self/status]	VmRSSPercent: 0.0107325 %
20220313 004139.209 INFO             PET1 PIOc_sync Enter - MemInfo: [malloc] Non-mmapped space allocated:                  923968 Byte
20220313 004139.209 INFO             PET1 PIOc_sync Enter - MemInfo: [malloc] Space allocated in mmapped regions:          3026944 Byte
20220313 004139.209 INFO             PET1 PIOc_sync Enter - MemInfo: [malloc] Maximum total allocated space:                     0 Byte
20220313 004139.209 INFO             PET1 PIOc_sync Enter - MemInfo: [malloc] Space in freed fastbin blocks:                   704 Byte
20220313 004139.209 INFO             PET1 PIOc_sync Enter - MemInfo: [malloc] Total allocated space:                        827360 Byte
20220313 004139.209 INFO             PET1 PIOc_sync Enter - MemInfo: [malloc] Total free space:                              96608 Byte
20220313 004139.209 INFO             PET1 PIOc_sync Enter - MemInfo: [malloc] Top-most, releasable space:                    94960 Byte
20220313 004139.209 INFO             PET1 PIOc_sync Enter - MemInfo: [malloc] Total space in use, mmap + non-mmap:         3854304 Byte
20220313 004139.209 INFO             PET1 PIOc_sync Enter - MemInfo: [malloc] Total space held (mmap + non-mmap):          3950912 Byte
20220313 004139.209 INFO             PET1 PIOc_sync Enter - MemInfo: [malloc] Total space used (mmap + non-mmap):          3862528 Byte
20220313 004139.209 INFO             PET1 PIOc_sync Enter - MemInfo: Wall-clock time since execution start:               0.141466 seconds
20220313 004139.210 INFO             PET1 PIOc_sync Exit - MemInfo: [/proc/meminfo - SSI]	MemTotal:       65855856 kB
20220313 004139.210 INFO             PET1 PIOc_sync Exit - MemInfo: [/proc/meminfo - SSI]	MemFree:        61266472 kB
20220313 004139.210 INFO             PET1 PIOc_sync Exit - MemInfo: [/proc/meminfo - SSI]	MemAvailable:   61027812 kB
20220313 004139.210 INFO             PET1 PIOc_sync Exit - MemInfo: [/proc/meminfo - SSI]	Committed_AS:    2872520 kB
20220313 004139.210 INFO             PET1 PIOc_sync Exit - MemInfo: [/proc/meminfo - SSI]	CommittedPercent: 4.36183 %
20220313 004139.210 INFO             PET1 PIOc_sync Exit - MemInfo: [/proc/self/status]	VmPeak:	   61140 kB
20220313 004139.210 INFO             PET1 PIOc_sync Exit - MemInfo: [/proc/self/status]	VmSize:	   60996 kB
20220313 004139.210 INFO             PET1 PIOc_sync Exit - MemInfo: [/proc/self/status]	VmLck:	       0 kB
20220313 004139.210 INFO             PET1 PIOc_sync Exit - MemInfo: [/proc/self/status]	VmPin:	       0 kB
20220313 004139.210 INFO             PET1 PIOc_sync Exit - MemInfo: [/proc/self/status]	VmHWM:	    7084 kB
20220313 004139.210 INFO             PET1 PIOc_sync Exit - MemInfo: [/proc/self/status]	VmRSS:	    7068 kB
20220313 004139.210 INFO             PET1 PIOc_sync Exit - MemInfo: [/proc/self/status]	VmData:	    8096 kB
20220313 004139.210 INFO             PET1 PIOc_sync Exit - MemInfo: [/proc/self/status]	VmStk:	     164 kB
20220313 004139.210 INFO             PET1 PIOc_sync Exit - MemInfo: [/proc/self/status]	VmExe:	   27340 kB
20220313 004139.210 INFO             PET1 PIOc_sync Exit - MemInfo: [/proc/self/status]	VmLib:	    1952 kB
20220313 004139.210 INFO             PET1 PIOc_sync Exit - MemInfo: [/proc/self/status]	VmPTE:	     120 kB
20220313 004139.210 INFO             PET1 PIOc_sync Exit - MemInfo: [/proc/self/status]	VmPMD:	      12 kB
20220313 004139.210 INFO             PET1 PIOc_sync Exit - MemInfo: [/proc/self/status]	VmSwap:	       0 kB
20220313 004139.210 INFO             PET1 PIOc_sync Exit - MemInfo: [/proc/self/status]	VmRSSPercent: 0.0107325 %
20220313 004139.210 INFO             PET1 PIOc_sync Exit - MemInfo: [malloc] Non-mmapped space allocated:                  923968 Byte
20220313 004139.210 INFO             PET1 PIOc_sync Exit - MemInfo: [malloc] Space allocated in mmapped regions:          3026944 Byte
20220313 004139.210 INFO             PET1 PIOc_sync Exit - MemInfo: [malloc] Maximum total allocated space:                     0 Byte
20220313 004139.210 INFO             PET1 PIOc_sync Exit - MemInfo: [malloc] Space in freed fastbin blocks:                   480 Byte
20220313 004139.210 INFO             PET1 PIOc_sync Exit - MemInfo: [malloc] Total allocated space:                        826992 Byte
20220313 004139.210 INFO             PET1 PIOc_sync Exit - MemInfo: [malloc] Total free space:                              96976 Byte
20220313 004139.210 INFO             PET1 PIOc_sync Exit - MemInfo: [malloc] Top-most, releasable space:                    94736 Byte
20220313 004139.210 INFO             PET1 PIOc_sync Exit - MemInfo: [malloc] Total space in use, mmap + non-mmap:         3853936 Byte
20220313 004139.210 INFO             PET1 PIOc_sync Exit - MemInfo: [malloc] Total space held (mmap + non-mmap):          3950912 Byte
20220313 004139.210 INFO             PET1 PIOc_sync Exit - MemInfo: [malloc] Total space used (mmap + non-mmap):          3862080 Byte
20220313 004139.210 INFO             PET1 PIOc_sync Exit - MemInfo: Wall-clock time since execution start:               0.141897 seconds
20220313 004139.210 INFO             PET1 PIOc_freedecomp Enter - MemInfo: [/proc/meminfo - SSI]	MemTotal:       65855856 kB
20220313 004139.210 INFO             PET1 PIOc_freedecomp Enter - MemInfo: [/proc/meminfo - SSI]	MemFree:        61266472 kB
20220313 004139.210 INFO             PET1 PIOc_freedecomp Enter - MemInfo: [/proc/meminfo - SSI]	MemAvailable:   61027812 kB
20220313 004139.210 INFO             PET1 PIOc_freedecomp Enter - MemInfo: [/proc/meminfo - SSI]	Committed_AS:    2872520 kB
20220313 004139.210 INFO             PET1 PIOc_freedecomp Enter - MemInfo: [/proc/meminfo - SSI]	CommittedPercent: 4.36183 %
20220313 004139.210 INFO             PET1 PIOc_freedecomp Enter - MemInfo: [/proc/self/status]	VmPeak:	   61140 kB
20220313 004139.210 INFO             PET1 PIOc_freedecomp Enter - MemInfo: [/proc/self/status]	VmSize:	   60996 kB
