build time -- 2022-03-12 01:18:16.332562
20220312 015348.826 INFO             PET0 !!!!!!!!!!!!!!!!!!!!!!!!!!!!!!!!!!!!!!!!!!!!!!!!!!!!!!
20220312 015348.826 INFO             PET0 !!! THE ESMF_LOG IS SET TO OUTPUT ALL LOG MESSAGES !!!
20220312 015348.826 INFO             PET0 !!!     THIS MAY CAUSE SLOWDOWN IN PERFORMANCE     !!!
20220312 015348.826 INFO             PET0 !!! FOR PRODUCTION RUNS, USE:                      !!!
20220312 015348.826 INFO             PET0 !!!                   ESMF_LOGKIND_Multi_On_Error  !!!
20220312 015348.826 INFO             PET0 !!!!!!!!!!!!!!!!!!!!!!!!!!!!!!!!!!!!!!!!!!!!!!!!!!!!!!
20220312 015348.826 INFO             PET0 Running with ESMF Version   : v8.3.0b09-96-g559b459836
20220312 015348.826 INFO             PET0 ESMF library build date/time: "Mar 12 2022" "01:15:37"
20220312 015348.826 INFO             PET0 ESMF library build location : /gpfsm/dnb04/projects/p98/mpotts/esmf/intel_2020_intelmpi_g_jedwards_pio_update2
20220312 015348.826 INFO             PET0 ESMF_COMM                   : intelmpi
20220312 015348.827 INFO             PET0 ESMF_MOAB                   : enabled
20220312 015348.827 INFO             PET0 ESMF_LAPACK                 : enabled
20220312 015348.827 INFO             PET0 ESMF_NETCDF                 : enabled
20220312 015348.827 INFO             PET0 ESMF_PNETCDF                : disabled
20220312 015348.827 INFO             PET0 ESMF_PIO                    : enabled
20220312 015348.827 INFO             PET0 ESMF_YAMLCPP                : enabled
20220312 015348.905 INFO             PET0 PIOc_sync Enter - MemInfo: [/proc/meminfo - SSI]	MemTotal:       131394452 kB
20220312 015348.905 INFO             PET0 PIOc_sync Enter - MemInfo: [/proc/meminfo - SSI]	MemFree:        122264348 kB
20220312 015348.905 INFO             PET0 PIOc_sync Enter - MemInfo: [/proc/meminfo - SSI]	MemAvailable:   121904284 kB
20220312 015348.905 INFO             PET0 PIOc_sync Enter - MemInfo: [/proc/meminfo - SSI]	Committed_AS:    4286408 kB
20220312 015348.905 INFO             PET0 PIOc_sync Enter - MemInfo: [/proc/meminfo - SSI]	CommittedPercent: 3.26224 %
20220312 015348.905 INFO             PET0 PIOc_sync Enter - MemInfo: [/proc/self/status]	VmPeak:	 3855160 kB
20220312 015348.905 INFO             PET0 PIOc_sync Enter - MemInfo: [/proc/self/status]	VmSize:	 3855160 kB
20220312 015348.905 INFO             PET0 PIOc_sync Enter - MemInfo: [/proc/self/status]	VmLck:	       0 kB
20220312 015348.905 INFO             PET0 PIOc_sync Enter - MemInfo: [/proc/self/status]	VmPin:	   82140 kB
20220312 015348.905 INFO             PET0 PIOc_sync Enter - MemInfo: [/proc/self/status]	VmHWM:	  169268 kB
20220312 015348.905 INFO             PET0 PIOc_sync Enter - MemInfo: [/proc/self/status]	VmRSS:	  169268 kB
20220312 015348.905 INFO             PET0 PIOc_sync Enter - MemInfo: [/proc/self/status]	VmData:	  271720 kB
20220312 015348.905 INFO             PET0 PIOc_sync Enter - MemInfo: [/proc/self/status]	VmStk:	     512 kB
20220312 015348.905 INFO             PET0 PIOc_sync Enter - MemInfo: [/proc/self/status]	VmExe:	    1892 kB
20220312 015348.905 INFO             PET0 PIOc_sync Enter - MemInfo: [/proc/self/status]	VmLib:	  156408 kB
20220312 015348.905 INFO             PET0 PIOc_sync Enter - MemInfo: [/proc/self/status]	VmPTE:	     816 kB
20220312 015348.905 INFO             PET0 PIOc_sync Enter - MemInfo: [/proc/self/status]	VmPMD:	      32 kB
20220312 015348.905 INFO             PET0 PIOc_sync Enter - MemInfo: [/proc/self/status]	VmSwap:	       0 kB
20220312 015348.905 INFO             PET0 PIOc_sync Enter - MemInfo: [/proc/self/status]	VmRSSPercent: 0.128824 %
20220312 015348.905 INFO             PET0 PIOc_sync Enter - MemInfo: [malloc] Non-mmapped space allocated:                 3305472 Byte
20220312 015348.905 INFO             PET0 PIOc_sync Enter - MemInfo: [malloc] Space allocated in mmapped regions:         88629248 Byte
20220312 015348.905 INFO             PET0 PIOc_sync Enter - MemInfo: [malloc] Maximum total allocated space:                     0 Byte
20220312 015348.905 INFO             PET0 PIOc_sync Enter - MemInfo: [malloc] Space in freed fastbin blocks:                   512 Byte
20220312 015348.905 INFO             PET0 PIOc_sync Enter - MemInfo: [malloc] Total allocated space:                       3138736 Byte
20220312 015348.905 INFO             PET0 PIOc_sync Enter - MemInfo: [malloc] Total free space:                             166736 Byte
20220312 015348.905 INFO             PET0 PIOc_sync Enter - MemInfo: [malloc] Top-most, releasable space:                    34208 Byte
20220312 015348.905 INFO             PET0 PIOc_sync Enter - MemInfo: [malloc] Total space in use, mmap + non-mmap:        91767984 Byte
20220312 015348.905 INFO             PET0 PIOc_sync Enter - MemInfo: [malloc] Total space held (mmap + non-mmap):         91934720 Byte
20220312 015348.905 INFO             PET0 PIOc_sync Enter - MemInfo: [malloc] Total space used (mmap + non-mmap):         91777344 Byte
20220312 015348.905 INFO             PET0 PIOc_sync Enter - MemInfo: Wall-clock time since execution start:               0.087047 seconds
20220312 015348.906 INFO             PET0 PIOc_sync Exit - MemInfo: [/proc/meminfo - SSI]	MemTotal:       131394452 kB
20220312 015348.906 INFO             PET0 PIOc_sync Exit - MemInfo: [/proc/meminfo - SSI]	MemFree:        122263852 kB
20220312 015348.906 INFO             PET0 PIOc_sync Exit - MemInfo: [/proc/meminfo - SSI]	MemAvailable:   121904192 kB
20220312 015348.906 INFO             PET0 PIOc_sync Exit - MemInfo: [/proc/meminfo - SSI]	Committed_AS:    4286408 kB
20220312 015348.906 INFO             PET0 PIOc_sync Exit - MemInfo: [/proc/meminfo - SSI]	CommittedPercent: 3.26224 %
20220312 015348.906 INFO             PET0 PIOc_sync Exit - MemInfo: [/proc/self/status]	VmPeak:	 3855160 kB
20220312 015348.906 INFO             PET0 PIOc_sync Exit - MemInfo: [/proc/self/status]	VmSize:	 3855160 kB
20220312 015348.906 INFO             PET0 PIOc_sync Exit - MemInfo: [/proc/self/status]	VmLck:	       0 kB
20220312 015348.906 INFO             PET0 PIOc_sync Exit - MemInfo: [/proc/self/status]	VmPin:	   82140 kB
20220312 015348.906 INFO             PET0 PIOc_sync Exit - MemInfo: [/proc/self/status]	VmHWM:	  169472 kB
20220312 015348.906 INFO             PET0 PIOc_sync Exit - MemInfo: [/proc/self/status]	VmRSS:	  169472 kB
20220312 015348.906 INFO             PET0 PIOc_sync Exit - MemInfo: [/proc/self/status]	VmData:	  271720 kB
20220312 015348.906 INFO             PET0 PIOc_sync Exit - MemInfo: [/proc/self/status]	VmStk:	     512 kB
20220312 015348.906 INFO             PET0 PIOc_sync Exit - MemInfo: [/proc/self/status]	VmExe:	    1892 kB
20220312 015348.906 INFO             PET0 PIOc_sync Exit - MemInfo: [/proc/self/status]	VmLib:	  156408 kB
20220312 015348.906 INFO             PET0 PIOc_sync Exit - MemInfo: [/proc/self/status]	VmPTE:	     816 kB
20220312 015348.906 INFO             PET0 PIOc_sync Exit - MemInfo: [/proc/self/status]	VmPMD:	      32 kB
20220312 015348.906 INFO             PET0 PIOc_sync Exit - MemInfo: [/proc/self/status]	VmSwap:	       0 kB
20220312 015348.906 INFO             PET0 PIOc_sync Exit - MemInfo: [/proc/self/status]	VmRSSPercent: 0.12898 %
20220312 015348.906 INFO             PET0 PIOc_sync Exit - MemInfo: [malloc] Non-mmapped space allocated:                 3305472 Byte
20220312 015348.906 INFO             PET0 PIOc_sync Exit - MemInfo: [malloc] Space allocated in mmapped regions:         88629248 Byte
20220312 015348.906 INFO             PET0 PIOc_sync Exit - MemInfo: [malloc] Maximum total allocated space:                     0 Byte
20220312 015348.906 INFO             PET0 PIOc_sync Exit - MemInfo: [malloc] Space in freed fastbin blocks:                   608 Byte
20220312 015348.906 INFO             PET0 PIOc_sync Exit - MemInfo: [malloc] Total allocated space:                       3137984 Byte
20220312 015348.906 INFO             PET0 PIOc_sync Exit - MemInfo: [malloc] Total free space:                             167488 Byte
20220312 015348.906 INFO             PET0 PIOc_sync Exit - MemInfo: [malloc] Top-most, releasable space:                    34912 Byte
20220312 015348.906 INFO             PET0 PIOc_sync Exit - MemInfo: [malloc] Total space in use, mmap + non-mmap:        91767232 Byte
20220312 015348.906 INFO             PET0 PIOc_sync Exit - MemInfo: [malloc] Total space held (mmap + non-mmap):         91934720 Byte
20220312 015348.906 INFO             PET0 PIOc_sync Exit - MemInfo: [malloc] Total space used (mmap + non-mmap):         91776592 Byte
20220312 015348.906 INFO             PET0 PIOc_sync Exit - MemInfo: Wall-clock time since execution start:              0.0883799 seconds
20220312 015348.906 INFO             PET0 PIOc_freedecomp Enter - MemInfo: [/proc/meminfo - SSI]	MemTotal:       131394452 kB
20220312 015348.906 INFO             PET0 PIOc_freedecomp Enter - MemInfo: [/proc/meminfo - SSI]	MemFree:        122265064 kB
20220312 015348.906 INFO             PET0 PIOc_freedecomp Enter - MemInfo: [/proc/meminfo - SSI]	MemAvailable:   121905404 kB
20220312 015348.906 INFO             PET0 PIOc_freedecomp Enter - MemInfo: [/proc/meminfo - SSI]	Committed_AS:    4286408 kB
20220312 015348.906 INFO             PET0 PIOc_freedecomp Enter - MemInfo: [/proc/meminfo - SSI]	CommittedPercent: 3.26224 %
20220312 015348.906 INFO             PET0 PIOc_freedecomp Enter - MemInfo: [/proc/self/status]	VmPeak:	 3855160 kB
20220312 015348.906 INFO             PET0 PIOc_freedecomp Enter - MemInfo: [/proc/self/status]	VmSize:	 3852592 kB
20220312 015348.906 INFO             PET0 PIOc_freedecomp Enter - MemInfo: [/proc/self/status]	VmLck:	       0 kB
20220312 015348.906 INFO             PET0 PIOc_freedecomp Enter - MemInfo: [/proc/self/status]	VmPin:	   82140 kB
20220312 015348.906 INFO             PET0 PIOc_freedecomp Enter - MemInfo: [/proc/self/status]	VmHWM:	  169472 kB
20220312 015348.907 INFO             PET0 PIOc_freedecomp Enter - MemInfo: [/proc/self/status]	VmRSS:	  167420 kB
20220312 015348.907 INFO             PET0 PIOc_freedecomp Enter - MemInfo: [/proc/self/status]	VmData:	  269152 kB
20220312 015348.907 INFO             PET0 PIOc_freedecomp Enter - MemInfo: [/proc/self/status]	VmStk:	     512 kB
20220312 015348.907 INFO             PET0 PIOc_freedecomp Enter - MemInfo: [/proc/self/status]	VmExe:	    1892 kB
20220312 015348.907 INFO             PET0 PIOc_freedecomp Enter - MemInfo: [/proc/self/status]	VmLib:	  156408 kB
20220312 015348.907 INFO             PET0 PIOc_freedecomp Enter - MemInfo: [/proc/self/status]	VmPTE:	     812 kB
20220312 015348.907 INFO             PET0 PIOc_freedecomp Enter - MemInfo: [/proc/self/status]	VmPMD:	      32 kB
20220312 015348.907 INFO             PET0 PIOc_freedecomp Enter - MemInfo: [/proc/self/status]	VmSwap:	       0 kB
20220312 015348.907 INFO             PET0 PIOc_freedecomp Enter - MemInfo: [/proc/self/status]	VmRSSPercent: 0.127418 %
20220312 015348.907 INFO             PET0 PIOc_freedecomp Enter - MemInfo: [malloc] Non-mmapped space allocated:                 3305472 Byte
20220312 015348.907 INFO             PET0 PIOc_freedecomp Enter - MemInfo: [malloc] Space allocated in mmapped regions:         85999616 Byte
20220312 015348.907 INFO             PET0 PIOc_freedecomp Enter - MemInfo: [malloc] Maximum total allocated space:                     0 Byte
20220312 015348.907 INFO             PET0 PIOc_freedecomp Enter - MemInfo: [malloc] Space in freed fastbin blocks:                  1392 Byte
20220312 015348.907 INFO             PET0 PIOc_freedecomp Enter - MemInfo: [malloc] Total allocated space:                       3124656 Byte
20220312 015348.907 INFO             PET0 PIOc_freedecomp Enter - MemInfo: [malloc] Total free space:                             180816 Byte
20220312 015348.907 INFO             PET0 PIOc_freedecomp Enter - MemInfo: [malloc] Top-most, releasable space:                    35632 Byte
20220312 015348.907 INFO             PET0 PIOc_freedecomp Enter - MemInfo: [malloc] Total space in use, mmap + non-mmap:        89124272 Byte
20220312 015348.907 INFO             PET0 PIOc_freedecomp Enter - MemInfo: [malloc] Total space held (mmap + non-mmap):         89305088 Byte
20220312 015348.907 INFO             PET0 PIOc_freedecomp Enter - MemInfo: [malloc] Total space used (mmap + non-mmap):         89133632 Byte
20220312 015348.907 INFO             PET0 PIOc_freedecomp Enter - MemInfo: Wall-clock time since execution start:              0.0888813 seconds
20220312 015348.907 INFO             PET0 PIOc_freedecomp Exit - MemInfo: [/proc/meminfo - SSI]	MemTotal:       131394452 kB
20220312 015348.907 INFO             PET0 PIOc_freedecomp Exit - MemInfo: [/proc/meminfo - SSI]	MemFree:        122265064 kB
20220312 015348.907 INFO             PET0 PIOc_freedecomp Exit - MemInfo: [/proc/meminfo - SSI]	MemAvailable:   121905404 kB
20220312 015348.907 INFO             PET0 PIOc_freedecomp Exit - MemInfo: [/proc/meminfo - SSI]	Committed_AS:    4286408 kB
20220312 015348.907 INFO             PET0 PIOc_freedecomp Exit - MemInfo: [/proc/meminfo - SSI]	CommittedPercent: 3.26224 %
20220312 015348.907 INFO             PET0 PIOc_freedecomp Exit - MemInfo: [/proc/self/status]	VmPeak:	 3855160 kB
20220312 015348.907 INFO             PET0 PIOc_freedecomp Exit - MemInfo: [/proc/self/status]	VmSize:	 3852592 kB
20220312 015348.907 INFO             PET0 PIOc_freedecomp Exit - MemInfo: [/proc/self/status]	VmLck:	       0 kB
20220312 015348.907 INFO             PET0 PIOc_freedecomp Exit - MemInfo: [/proc/self/status]	VmPin:	   82140 kB
20220312 015348.907 INFO             PET0 PIOc_freedecomp Exit - MemInfo: [/proc/self/status]	VmHWM:	  169472 kB
20220312 015348.907 INFO             PET0 PIOc_freedecomp Exit - MemInfo: [/proc/self/status]	VmRSS:	  167424 kB
20220312 015348.907 INFO             PET0 PIOc_freedecomp Exit - MemInfo: [/proc/self/status]	VmData:	  269152 kB
20220312 015348.907 INFO             PET0 PIOc_freedecomp Exit - MemInfo: [/proc/self/status]	VmStk:	     512 kB
20220312 015348.907 INFO             PET0 PIOc_freedecomp Exit - MemInfo: [/proc/self/status]	VmExe:	    1892 kB
20220312 015348.907 INFO             PET0 PIOc_freedecomp Exit - MemInfo: [/proc/self/status]	VmLib:	  156408 kB
20220312 015348.907 INFO             PET0 PIOc_freedecomp Exit - MemInfo: [/proc/self/status]	VmPTE:	     812 kB
20220312 015348.907 INFO             PET0 PIOc_freedecomp Exit - MemInfo: [/proc/self/status]	VmPMD:	      32 kB
20220312 015348.907 INFO             PET0 PIOc_freedecomp Exit - MemInfo: [/proc/self/status]	VmSwap:	       0 kB
20220312 015348.907 INFO             PET0 PIOc_freedecomp Exit - MemInfo: [/proc/self/status]	VmRSSPercent: 0.127421 %
20220312 015348.907 INFO             PET0 PIOc_freedecomp Exit - MemInfo: [malloc] Non-mmapped space allocated:                 3305472 Byte
20220312 015348.907 INFO             PET0 PIOc_freedecomp Exit - MemInfo: [malloc] Space allocated in mmapped regions:         85999616 Byte
20220312 015348.907 INFO             PET0 PIOc_freedecomp Exit - MemInfo: [malloc] Maximum total allocated space:                     0 Byte
20220312 015348.907 INFO             PET0 PIOc_freedecomp Exit - MemInfo: [malloc] Space in freed fastbin blocks:                   848 Byte
20220312 015348.907 INFO             PET0 PIOc_freedecomp Exit - MemInfo: [malloc] Total allocated space:                       3123200 Byte
20220312 015348.907 INFO             PET0 PIOc_freedecomp Exit - MemInfo: [malloc] Total free space:                             182272 Byte
20220312 015348.907 INFO             PET0 PIOc_freedecomp Exit - MemInfo: [malloc] Top-most, releasable space:                    48448 Byte
20220312 015348.907 INFO             PET0 PIOc_freedecomp Exit - MemInfo: [malloc] Total space in use, mmap + non-mmap:        89122816 Byte
20220312 015348.907 INFO             PET0 PIOc_freedecomp Exit - MemInfo: [malloc] Total space held (mmap + non-mmap):         89305088 Byte
20220312 015348.907 INFO             PET0 PIOc_freedecomp Exit - MemInfo: [malloc] Total space used (mmap + non-mmap):         89132176 Byte
20220312 015348.907 INFO             PET0 PIOc_freedecomp Exit - MemInfo: Wall-clock time since execution start:              0.0892551 seconds
20220312 015348.908 INFO             PET0 PIOc_sync Enter - MemInfo: [/proc/meminfo - SSI]	MemTotal:       131394452 kB
20220312 015348.908 INFO             PET0 PIOc_sync Enter - MemInfo: [/proc/meminfo - SSI]	MemFree:        122265064 kB
20220312 015348.908 INFO             PET0 PIOc_sync Enter - MemInfo: [/proc/meminfo - SSI]	MemAvailable:   121905404 kB
20220312 015348.908 INFO             PET0 PIOc_sync Enter - MemInfo: [/proc/meminfo - SSI]	Committed_AS:    4286408 kB
20220312 015348.908 INFO             PET0 PIOc_sync Enter - MemInfo: [/proc/meminfo - SSI]	CommittedPercent: 3.26224 %
20220312 015348.908 INFO             PET0 PIOc_sync Enter - MemInfo: [/proc/self/status]	VmPeak:	 3855236 kB
20220312 015348.908 INFO             PET0 PIOc_sync Enter - MemInfo: [/proc/self/status]	VmSize:	 3855236 kB
20220312 015348.908 INFO             PET0 PIOc_sync Enter - MemInfo: [/proc/self/status]	VmLck:	       0 kB
20220312 015348.908 INFO             PET0 PIOc_sync Enter - MemInfo: [/proc/self/status]	VmPin:	   82140 kB
20220312 015348.908 INFO             PET0 PIOc_sync Enter - MemInfo: [/proc/self/status]	VmHWM:	  169472 kB
20220312 015348.908 INFO             PET0 PIOc_sync Enter - MemInfo: [/proc/self/status]	VmRSS:	  168572 kB
20220312 015348.908 INFO             PET0 PIOc_sync Enter - MemInfo: [/proc/self/status]	VmData:	  271796 kB
20220312 015348.908 INFO             PET0 PIOc_sync Enter - MemInfo: [/proc/self/status]	VmStk:	     512 kB
20220312 015348.908 INFO             PET0 PIOc_sync Enter - MemInfo: [/proc/self/status]	VmExe:	    1892 kB
20220312 015348.908 INFO             PET0 PIOc_sync Enter - MemInfo: [/proc/self/status]	VmLib:	  156408 kB
20220312 015348.908 INFO             PET0 PIOc_sync Enter - MemInfo: [/proc/self/status]	VmPTE:	     816 kB
20220312 015348.908 INFO             PET0 PIOc_sync Enter - MemInfo: [/proc/self/status]	VmPMD:	      32 kB
20220312 015348.908 INFO             PET0 PIOc_sync Enter - MemInfo: [/proc/self/status]	VmSwap:	       0 kB
20220312 015348.908 INFO             PET0 PIOc_sync Enter - MemInfo: [/proc/self/status]	VmRSSPercent: 0.128295 %
20220312 015348.908 INFO             PET0 PIOc_sync Enter - MemInfo: [malloc] Non-mmapped space allocated:                 6012928 Byte
20220312 015348.908 INFO             PET0 PIOc_sync Enter - MemInfo: [malloc] Space allocated in mmapped regions:         85999616 Byte
20220312 015348.908 INFO             PET0 PIOc_sync Enter - MemInfo: [malloc] Maximum total allocated space:                     0 Byte
20220312 015348.908 INFO             PET0 PIOc_sync Enter - MemInfo: [malloc] Space in freed fastbin blocks:                   112 Byte
20220312 015348.908 INFO             PET0 PIOc_sync Enter - MemInfo: [malloc] Total allocated space:                       5760928 Byte
20220312 015348.908 INFO             PET0 PIOc_sync Enter - MemInfo: [malloc] Total free space:                             252000 Byte
20220312 015348.908 INFO             PET0 PIOc_sync Enter - MemInfo: [malloc] Top-most, releasable space:                   119520 Byte
20220312 015348.908 INFO             PET0 PIOc_sync Enter - MemInfo: [malloc] Total space in use, mmap + non-mmap:        91760544 Byte
20220312 015348.908 INFO             PET0 PIOc_sync Enter - MemInfo: [malloc] Total space held (mmap + non-mmap):         92012544 Byte
20220312 015348.908 INFO             PET0 PIOc_sync Enter - MemInfo: [malloc] Total space used (mmap + non-mmap):         91769904 Byte
20220312 015348.908 INFO             PET0 PIOc_sync Enter - MemInfo: Wall-clock time since execution start:              0.0906499 seconds
20220312 015348.909 INFO             PET0 PIOc_sync Exit - MemInfo: [/proc/meminfo - SSI]	MemTotal:       131394452 kB
20220312 015348.909 INFO             PET0 PIOc_sync Exit - MemInfo: [/proc/meminfo - SSI]	MemFree:        122265064 kB
20220312 015348.909 INFO             PET0 PIOc_sync Exit - MemInfo: [/proc/meminfo - SSI]	MemAvailable:   121905404 kB
20220312 015348.909 INFO             PET0 PIOc_sync Exit - MemInfo: [/proc/meminfo - SSI]	Committed_AS:    4286408 kB
20220312 015348.909 INFO             PET0 PIOc_sync Exit - MemInfo: [/proc/meminfo - SSI]	CommittedPercent: 3.26224 %
20220312 015348.909 INFO             PET0 PIOc_sync Exit - MemInfo: [/proc/self/status]	VmPeak:	 3855236 kB
20220312 015348.909 INFO             PET0 PIOc_sync Exit - MemInfo: [/proc/self/status]	VmSize:	 3855236 kB
20220312 015348.909 INFO             PET0 PIOc_sync Exit - MemInfo: [/proc/self/status]	VmLck:	       0 kB
20220312 015348.909 INFO             PET0 PIOc_sync Exit - MemInfo: [/proc/self/status]	VmPin:	   82140 kB
20220312 015348.909 INFO             PET0 PIOc_sync Exit - MemInfo: [/proc/self/status]	VmHWM:	  169472 kB
20220312 015348.909 INFO             PET0 PIOc_sync Exit - MemInfo: [/proc/self/status]	VmRSS:	  168616 kB
20220312 015348.909 INFO             PET0 PIOc_sync Exit - MemInfo: [/proc/self/status]	VmData:	  271796 kB
20220312 015348.909 INFO             PET0 PIOc_sync Exit - MemInfo: [/proc/self/status]	VmStk:	     512 kB
20220312 015348.909 INFO             PET0 PIOc_sync Exit - MemInfo: [/proc/self/status]	VmExe:	    1892 kB
20220312 015348.909 INFO             PET0 PIOc_sync Exit - MemInfo: [/proc/self/status]	VmLib:	  156408 kB
20220312 015348.909 INFO             PET0 PIOc_sync Exit - MemInfo: [/proc/self/status]	VmPTE:	     816 kB
20220312 015348.909 INFO             PET0 PIOc_sync Exit - MemInfo: [/proc/self/status]	VmPMD:	      32 kB
20220312 015348.909 INFO             PET0 PIOc_sync Exit - MemInfo: [/proc/self/status]	VmSwap:	       0 kB
20220312 015348.909 INFO             PET0 PIOc_sync Exit - MemInfo: [/proc/self/status]	VmRSSPercent: 0.128328 %
20220312 015348.909 INFO             PET0 PIOc_sync Exit - MemInfo: [malloc] Non-mmapped space allocated:                 6012928 Byte
20220312 015348.909 INFO             PET0 PIOc_sync Exit - MemInfo: [malloc] Space allocated in mmapped regions:         85999616 Byte
20220312 015348.909 INFO             PET0 PIOc_sync Exit - MemInfo: [malloc] Maximum total allocated space:                     0 Byte
20220312 015348.909 INFO             PET0 PIOc_sync Exit - MemInfo: [malloc] Space in freed fastbin blocks:                   128 Byte
20220312 015348.909 INFO             PET0 PIOc_sync Exit - MemInfo: [malloc] Total allocated space:                       5760192 Byte
20220312 015348.909 INFO             PET0 PIOc_sync Exit - MemInfo: [malloc] Total free space:                             252736 Byte
20220312 015348.909 INFO             PET0 PIOc_sync Exit - MemInfo: [malloc] Top-most, releasable space:                   120144 Byte
20220312 015348.909 INFO             PET0 PIOc_sync Exit - MemInfo: [malloc] Total space in use, mmap + non-mmap:        91759808 Byte
20220312 015348.909 INFO             PET0 PIOc_sync Exit - MemInfo: [malloc] Total space held (mmap + non-mmap):         92012544 Byte
20220312 015348.909 INFO             PET0 PIOc_sync Exit - MemInfo: [malloc] Total space used (mmap + non-mmap):         91769168 Byte
20220312 015348.909 INFO             PET0 PIOc_sync Exit - MemInfo: Wall-clock time since execution start:              0.0913514 seconds
20220312 015348.909 INFO             PET0 PIOc_freedecomp Enter - MemInfo: [/proc/meminfo - SSI]	MemTotal:       131394452 kB
20220312 015348.909 INFO             PET0 PIOc_freedecomp Enter - MemInfo: [/proc/meminfo - SSI]	MemFree:        122265064 kB
20220312 015348.909 INFO             PET0 PIOc_freedecomp Enter - MemInfo: [/proc/meminfo - SSI]	MemAvailable:   121905404 kB
20220312 015348.909 INFO             PET0 PIOc_freedecomp Enter - MemInfo: [/proc/meminfo - SSI]	Committed_AS:    4286408 kB
20220312 015348.909 INFO             PET0 PIOc_freedecomp Enter - MemInfo: [/proc/meminfo - SSI]	CommittedPercent: 3.26224 %
20220312 015348.909 INFO             PET0 PIOc_freedecomp Enter - MemInfo: [/proc/self/status]	VmPeak:	 3855236 kB
20220312 015348.909 INFO             PET0 PIOc_freedecomp Enter - MemInfo: [/proc/self/status]	VmSize:	 3855236 kB
20220312 015348.909 INFO             PET0 PIOc_freedecomp Enter - MemInfo: [/proc/self/status]	VmLck:	       0 kB
20220312 015348.909 INFO             PET0 PIOc_freedecomp Enter - MemInfo: [/proc/self/status]	VmPin:	   82140 kB
20220312 015348.909 INFO             PET0 PIOc_freedecomp Enter - MemInfo: [/proc/self/status]	VmHWM:	  169472 kB
20220312 015348.910 INFO             PET0 PIOc_freedecomp Enter - MemInfo: [/proc/self/status]	VmRSS:	  168616 kB
20220312 015348.910 INFO             PET0 PIOc_freedecomp Enter - MemInfo: [/proc/self/status]	VmData:	  271796 kB
20220312 015348.910 INFO             PET0 PIOc_freedecomp Enter - MemInfo: [/proc/self/status]	VmStk:	     512 kB
20220312 015348.910 INFO             PET0 PIOc_freedecomp Enter - MemInfo: [/proc/self/status]	VmExe:	    1892 kB
20220312 015348.910 INFO             PET0 PIOc_freedecomp Enter - MemInfo: [/proc/self/status]	VmLib:	  156408 kB
20220312 015348.910 INFO             PET0 PIOc_freedecomp Enter - MemInfo: [/proc/self/status]	VmPTE:	     816 kB
20220312 015348.910 INFO             PET0 PIOc_freedecomp Enter - MemInfo: [/proc/self/status]	VmPMD:	      32 kB
20220312 015348.910 INFO             PET0 PIOc_freedecomp Enter - MemInfo: [/proc/self/status]	VmSwap:	       0 kB
20220312 015348.910 INFO             PET0 PIOc_freedecomp Enter - MemInfo: [/proc/self/status]	VmRSSPercent: 0.128328 %
20220312 015348.910 INFO             PET0 PIOc_freedecomp Enter - MemInfo: [malloc] Non-mmapped space allocated:                 6012928 Byte
20220312 015348.910 INFO             PET0 PIOc_freedecomp Enter - MemInfo: [malloc] Space allocated in mmapped regions:         85999616 Byte
20220312 015348.910 INFO             PET0 PIOc_freedecomp Enter - MemInfo: [malloc] Maximum total allocated space:                     0 Byte
20220312 015348.910 INFO             PET0 PIOc_freedecomp Enter - MemInfo: [malloc] Space in freed fastbin blocks:                   368 Byte
20220312 015348.910 INFO             PET0 PIOc_freedecomp Enter - MemInfo: [malloc] Total allocated space:                       3124656 Byte
20220312 015348.910 INFO             PET0 PIOc_freedecomp Enter - MemInfo: [malloc] Total free space:                            2888272 Byte
20220312 015348.910 INFO             PET0 PIOc_freedecomp Enter - MemInfo: [malloc] Top-most, releasable space:                   121760 Byte
20220312 015348.910 INFO             PET0 PIOc_freedecomp Enter - MemInfo: [malloc] Total space in use, mmap + non-mmap:        89124272 Byte
20220312 015348.910 INFO             PET0 PIOc_freedecomp Enter - MemInfo: [malloc] Total space held (mmap + non-mmap):         92012544 Byte
20220312 015348.910 INFO             PET0 PIOc_freedecomp Enter - MemInfo: [malloc] Total space used (mmap + non-mmap):         89133632 Byte
20220312 015348.910 INFO             PET0 PIOc_freedecomp Enter - MemInfo: Wall-clock time since execution start:              0.0918921 seconds
20220312 015348.910 INFO             PET0 PIOc_freedecomp Exit - MemInfo: [/proc/meminfo - SSI]	MemTotal:       131394452 kB
20220312 015348.910 INFO             PET0 PIOc_freedecomp Exit - MemInfo: [/proc/meminfo - SSI]	MemFree:        122265064 kB
20220312 015348.910 INFO             PET0 PIOc_freedecomp Exit - MemInfo: [/proc/meminfo - SSI]	MemAvailable:   121905404 kB
20220312 015348.910 INFO             PET0 PIOc_freedecomp Exit - MemInfo: [/proc/meminfo - SSI]	Committed_AS:    4286408 kB
20220312 015348.910 INFO             PET0 PIOc_freedecomp Exit - MemInfo: [/proc/meminfo - SSI]	CommittedPercent: 3.26224 %
20220312 015348.910 INFO             PET0 PIOc_freedecomp Exit - MemInfo: [/proc/self/status]	VmPeak:	 3855236 kB
20220312 015348.910 INFO             PET0 PIOc_freedecomp Exit - MemInfo: [/proc/self/status]	VmSize:	 3855236 kB
20220312 015348.910 INFO             PET0 PIOc_freedecomp Exit - MemInfo: [/proc/self/status]	VmLck:	       0 kB
20220312 015348.910 INFO             PET0 PIOc_freedecomp Exit - MemInfo: [/proc/self/status]	VmPin:	   82140 kB
20220312 015348.910 INFO             PET0 PIOc_freedecomp Exit - MemInfo: [/proc/self/status]	VmHWM:	  169472 kB
20220312 015348.910 INFO             PET0 PIOc_freedecomp Exit - MemInfo: [/proc/self/status]	VmRSS:	  168616 kB
20220312 015348.910 INFO             PET0 PIOc_freedecomp Exit - MemInfo: [/proc/self/status]	VmData:	  271796 kB
20220312 015348.910 INFO             PET0 PIOc_freedecomp Exit - MemInfo: [/proc/self/status]	VmStk:	     512 kB
20220312 015348.910 INFO             PET0 PIOc_freedecomp Exit - MemInfo: [/proc/self/status]	VmExe:	    1892 kB
20220312 015348.910 INFO             PET0 PIOc_freedecomp Exit - MemInfo: [/proc/self/status]	VmLib:	  156408 kB
20220312 015348.910 INFO             PET0 PIOc_freedecomp Exit - MemInfo: [/proc/self/status]	VmPTE:	     816 kB
20220312 015348.910 INFO             PET0 PIOc_freedecomp Exit - MemInfo: [/proc/self/status]	VmPMD:	      32 kB
20220312 015348.910 INFO             PET0 PIOc_freedecomp Exit - MemInfo: [/proc/self/status]	VmSwap:	       0 kB
20220312 015348.910 INFO             PET0 PIOc_freedecomp Exit - MemInfo: [/proc/self/status]	VmRSSPercent: 0.128328 %
20220312 015348.910 INFO             PET0 PIOc_freedecomp Exit - MemInfo: [malloc] Non-mmapped space allocated:                 6012928 Byte
20220312 015348.910 INFO             PET0 PIOc_freedecomp Exit - MemInfo: [malloc] Space allocated in mmapped regions:         85999616 Byte
20220312 015348.910 INFO             PET0 PIOc_freedecomp Exit - MemInfo: [malloc] Maximum total allocated space:                     0 Byte
20220312 015348.910 INFO             PET0 PIOc_freedecomp Exit - MemInfo: [malloc] Space in freed fastbin blocks:                   352 Byte
20220312 015348.910 INFO             PET0 PIOc_freedecomp Exit - MemInfo: [malloc] Total allocated space:                       3123200 Byte
20220312 015348.910 INFO             PET0 PIOc_freedecomp Exit - MemInfo: [malloc] Total free space:                            2889728 Byte
20220312 015348.910 INFO             PET0 PIOc_freedecomp Exit - MemInfo: [malloc] Top-most, releasable space:                   122288 Byte
20220312 015348.910 INFO             PET0 PIOc_freedecomp Exit - MemInfo: [malloc] Total space in use, mmap + non-mmap:        89122816 Byte
20220312 015348.910 INFO             PET0 PIOc_freedecomp Exit - MemInfo: [malloc] Total space held (mmap + non-mmap):         92012544 Byte
20220312 015348.910 INFO             PET0 PIOc_freedecomp Exit - MemInfo: [malloc] Total space used (mmap + non-mmap):         89132176 Byte
20220312 015348.910 INFO             PET0 PIOc_freedecomp Exit - MemInfo: Wall-clock time since execution start:              0.0922521 seconds
20220312 015348.911 INFO             PET0 PIOc_sync Enter - MemInfo: [/proc/meminfo - SSI]	MemTotal:       131394452 kB
20220312 015348.911 INFO             PET0 PIOc_sync Enter - MemInfo: [/proc/meminfo - SSI]	MemFree:        122264596 kB
20220312 015348.911 INFO             PET0 PIOc_sync Enter - MemInfo: [/proc/meminfo - SSI]	MemAvailable:   121904936 kB
20220312 015348.911 INFO             PET0 PIOc_sync Enter - MemInfo: [/proc/meminfo - SSI]	Committed_AS:    4286408 kB
20220312 015348.911 INFO             PET0 PIOc_sync Enter - MemInfo: [/proc/meminfo - SSI]	CommittedPercent: 3.26224 %
20220312 015348.911 INFO             PET0 PIOc_sync Enter - MemInfo: [/proc/self/status]	VmPeak:	 3856256 kB
20220312 015348.911 INFO             PET0 PIOc_sync Enter - MemInfo: [/proc/self/status]	VmSize:	 3855236 kB
20220312 015348.911 INFO             PET0 PIOc_sync Enter - MemInfo: [/proc/self/status]	VmLck:	       0 kB
20220312 015348.911 INFO             PET0 PIOc_sync Enter - MemInfo: [/proc/self/status]	VmPin:	   82140 kB
20220312 015348.911 INFO             PET0 PIOc_sync Enter - MemInfo: [/proc/self/status]	VmHWM:	  169472 kB
20220312 015348.911 INFO             PET0 PIOc_sync Enter - MemInfo: [/proc/self/status]	VmRSS:	  169148 kB
20220312 015348.911 INFO             PET0 PIOc_sync Enter - MemInfo: [/proc/self/status]	VmData:	  271796 kB
20220312 015348.911 INFO             PET0 PIOc_sync Enter - MemInfo: [/proc/self/status]	VmStk:	     512 kB
20220312 015348.911 INFO             PET0 PIOc_sync Enter - MemInfo: [/proc/self/status]	VmExe:	    1892 kB
20220312 015348.911 INFO             PET0 PIOc_sync Enter - MemInfo: [/proc/self/status]	VmLib:	  156408 kB
20220312 015348.911 INFO             PET0 PIOc_sync Enter - MemInfo: [/proc/self/status]	VmPTE:	     816 kB
20220312 015348.911 INFO             PET0 PIOc_sync Enter - MemInfo: [/proc/self/status]	VmPMD:	      32 kB
20220312 015348.911 INFO             PET0 PIOc_sync Enter - MemInfo: [/proc/self/status]	VmSwap:	       0 kB
20220312 015348.911 INFO             PET0 PIOc_sync Enter - MemInfo: [/proc/self/status]	VmRSSPercent: 0.128733 %
20220312 015348.911 INFO             PET0 PIOc_sync Enter - MemInfo: [malloc] Non-mmapped space allocated:                 6012928 Byte
20220312 015348.911 INFO             PET0 PIOc_sync Enter - MemInfo: [malloc] Space allocated in mmapped regions:         85999616 Byte
20220312 015348.911 INFO             PET0 PIOc_sync Enter - MemInfo: [malloc] Maximum total allocated space:                     0 Byte
20220312 015348.911 INFO             PET0 PIOc_sync Enter - MemInfo: [malloc] Space in freed fastbin blocks:                   112 Byte
20220312 015348.911 INFO             PET0 PIOc_sync Enter - MemInfo: [malloc] Total allocated space:                       5761664 Byte
20220312 015348.911 INFO             PET0 PIOc_sync Enter - MemInfo: [malloc] Total free space:                             251264 Byte
20220312 015348.911 INFO             PET0 PIOc_sync Enter - MemInfo: [malloc] Top-most, releasable space:                   118272 Byte
20220312 015348.911 INFO             PET0 PIOc_sync Enter - MemInfo: [malloc] Total space in use, mmap + non-mmap:        91761280 Byte
20220312 015348.911 INFO             PET0 PIOc_sync Enter - MemInfo: [malloc] Total space held (mmap + non-mmap):         92012544 Byte
20220312 015348.911 INFO             PET0 PIOc_sync Enter - MemInfo: [malloc] Total space used (mmap + non-mmap):         91770640 Byte
20220312 015348.911 INFO             PET0 PIOc_sync Enter - MemInfo: Wall-clock time since execution start:              0.0933584 seconds
20220312 015348.911 INFO             PET0 PIOc_sync Exit - MemInfo: [/proc/meminfo - SSI]	MemTotal:       131394452 kB
20220312 015348.911 INFO             PET0 PIOc_sync Exit - MemInfo: [/proc/meminfo - SSI]	MemFree:        122264100 kB
20220312 015348.911 INFO             PET0 PIOc_sync Exit - MemInfo: [/proc/meminfo - SSI]	MemAvailable:   121904440 kB
20220312 015348.911 INFO             PET0 PIOc_sync Exit - MemInfo: [/proc/meminfo - SSI]	Committed_AS:    4286408 kB
20220312 015348.911 INFO             PET0 PIOc_sync Exit - MemInfo: [/proc/meminfo - SSI]	CommittedPercent: 3.26224 %
20220312 015348.911 INFO             PET0 PIOc_sync Exit - MemInfo: [/proc/self/status]	VmPeak:	 3856256 kB
20220312 015348.911 INFO             PET0 PIOc_sync Exit - MemInfo: [/proc/self/status]	VmSize:	 3855236 kB
20220312 015348.911 INFO             PET0 PIOc_sync Exit - MemInfo: [/proc/self/status]	VmLck:	       0 kB
20220312 015348.911 INFO             PET0 PIOc_sync Exit - MemInfo: [/proc/self/status]	VmPin:	   82140 kB
20220312 015348.911 INFO             PET0 PIOc_sync Exit - MemInfo: [/proc/self/status]	VmHWM:	  169472 kB
20220312 015348.911 INFO             PET0 PIOc_sync Exit - MemInfo: [/proc/self/status]	VmRSS:	  169176 kB
20220312 015348.912 INFO             PET0 PIOc_sync Exit - MemInfo: [/proc/self/status]	VmData:	  271796 kB
20220312 015348.912 INFO             PET0 PIOc_sync Exit - MemInfo: [/proc/self/status]	VmStk:	     512 kB
20220312 015348.912 INFO             PET0 PIOc_sync Exit - MemInfo: [/proc/self/status]	VmExe:	    1892 kB
20220312 015348.912 INFO             PET0 PIOc_sync Exit - MemInfo: [/proc/self/status]	VmLib:	  156408 kB
20220312 015348.912 INFO             PET0 PIOc_sync Exit - MemInfo: [/proc/self/status]	VmPTE:	     816 kB
20220312 015348.912 INFO             PET0 PIOc_sync Exit - MemInfo: [/proc/self/status]	VmPMD:	      32 kB
20220312 015348.912 INFO             PET0 PIOc_sync Exit - MemInfo: [/proc/self/status]	VmSwap:	       0 kB
20220312 015348.912 INFO             PET0 PIOc_sync Exit - MemInfo: [/proc/self/status]	VmRSSPercent: 0.128754 %
20220312 015348.912 INFO             PET0 PIOc_sync Exit - MemInfo: [malloc] Non-mmapped space allocated:                 6012928 Byte
20220312 015348.912 INFO             PET0 PIOc_sync Exit - MemInfo: [malloc] Space allocated in mmapped regions:         85999616 Byte
20220312 015348.912 INFO             PET0 PIOc_sync Exit - MemInfo: [malloc] Maximum total allocated space:                     0 Byte
20220312 015348.912 INFO             PET0 PIOc_sync Exit - MemInfo: [malloc] Space in freed fastbin blocks:                   352 Byte
20220312 015348.912 INFO             PET0 PIOc_sync Exit - MemInfo: [malloc] Total allocated space:                       5760944 Byte
20220312 015348.912 INFO             PET0 PIOc_sync Exit - MemInfo: [malloc] Total free space:                             251984 Byte
20220312 015348.912 INFO             PET0 PIOc_sync Exit - MemInfo: [malloc] Top-most, releasable space:                   118896 Byte
20220312 015348.912 INFO             PET0 PIOc_sync Exit - MemInfo: [malloc] Total space in use, mmap + non-mmap:        91760560 Byte
20220312 015348.912 INFO             PET0 PIOc_sync Exit - MemInfo: [malloc] Total space held (mmap + non-mmap):         92012544 Byte
20220312 015348.912 INFO             PET0 PIOc_sync Exit - MemInfo: [malloc] Total space used (mmap + non-mmap):         91769920 Byte
20220312 015348.912 INFO             PET0 PIOc_sync Exit - MemInfo: Wall-clock time since execution start:              0.0938079 seconds
20220312 015348.912 INFO             PET0 PIOc_freedecomp Enter - MemInfo: [/proc/meminfo - SSI]	MemTotal:       131394452 kB
20220312 015348.912 INFO             PET0 PIOc_freedecomp Enter - MemInfo: [/proc/meminfo - SSI]	MemFree:        122264100 kB
20220312 015348.912 INFO             PET0 PIOc_freedecomp Enter - MemInfo: [/proc/meminfo - SSI]	MemAvailable:   121904440 kB
20220312 015348.912 INFO             PET0 PIOc_freedecomp Enter - MemInfo: [/proc/meminfo - SSI]	Committed_AS:    4286408 kB
20220312 015348.912 INFO             PET0 PIOc_freedecomp Enter - MemInfo: [/proc/meminfo - SSI]	CommittedPercent: 3.26224 %
20220312 015348.912 INFO             PET0 PIOc_freedecomp Enter - MemInfo: [/proc/self/status]	VmPeak:	 3856256 kB
20220312 015348.912 INFO             PET0 PIOc_freedecomp Enter - MemInfo: [/proc/self/status]	VmSize:	 3855236 kB
20220312 015348.912 INFO             PET0 PIOc_freedecomp Enter - MemInfo: [/proc/self/status]	VmLck:	       0 kB
20220312 015348.912 INFO             PET0 PIOc_freedecomp Enter - MemInfo: [/proc/self/status]	VmPin:	   82140 kB
20220312 015348.912 INFO             PET0 PIOc_freedecomp Enter - MemInfo: [/proc/self/status]	VmHWM:	  169472 kB
20220312 015348.912 INFO             PET0 PIOc_freedecomp Enter - MemInfo: [/proc/self/status]	VmRSS:	  169176 kB
20220312 015348.912 INFO             PET0 PIOc_freedecomp Enter - MemInfo: [/proc/self/status]	VmData:	  271796 kB
20220312 015348.912 INFO             PET0 PIOc_freedecomp Enter - MemInfo: [/proc/self/status]	VmStk:	     512 kB
20220312 015348.912 INFO             PET0 PIOc_freedecomp Enter - MemInfo: [/proc/self/status]	VmExe:	    1892 kB
20220312 015348.912 INFO             PET0 PIOc_freedecomp Enter - MemInfo: [/proc/self/status]	VmLib:	  156408 kB
20220312 015348.912 INFO             PET0 PIOc_freedecomp Enter - MemInfo: [/proc/self/status]	VmPTE:	     816 kB
20220312 015348.912 INFO             PET0 PIOc_freedecomp Enter - MemInfo: [/proc/self/status]	VmPMD:	      32 kB
20220312 015348.912 INFO             PET0 PIOc_freedecomp Enter - MemInfo: [/proc/self/status]	VmSwap:	       0 kB
20220312 015348.912 INFO             PET0 PIOc_freedecomp Enter - MemInfo: [/proc/self/status]	VmRSSPercent: 0.128754 %
20220312 015348.912 INFO             PET0 PIOc_freedecomp Enter - MemInfo: [malloc] Non-mmapped space allocated:                 6012928 Byte
20220312 015348.912 INFO             PET0 PIOc_freedecomp Enter - MemInfo: [malloc] Space allocated in mmapped regions:         85999616 Byte
20220312 015348.912 INFO             PET0 PIOc_freedecomp Enter - MemInfo: [malloc] Maximum total allocated space:                     0 Byte
20220312 015348.912 INFO             PET0 PIOc_freedecomp Enter - MemInfo: [malloc] Space in freed fastbin blocks:                   368 Byte
20220312 015348.912 INFO             PET0 PIOc_freedecomp Enter - MemInfo: [malloc] Total allocated space:                       3124656 Byte
20220312 015348.912 INFO             PET0 PIOc_freedecomp Enter - MemInfo: [malloc] Total free space:                            2888272 Byte
20220312 015348.912 INFO             PET0 PIOc_freedecomp Enter - MemInfo: [malloc] Top-most, releasable space:                   121024 Byte
20220312 015348.912 INFO             PET0 PIOc_freedecomp Enter - MemInfo: [malloc] Total space in use, mmap + non-mmap:        89124272 Byte
20220312 015348.912 INFO             PET0 PIOc_freedecomp Enter - MemInfo: [malloc] Total space held (mmap + non-mmap):         92012544 Byte
20220312 015348.912 INFO             PET0 PIOc_freedecomp Enter - MemInfo: [malloc] Total space used (mmap + non-mmap):         89133632 Byte
20220312 015348.912 INFO             PET0 PIOc_freedecomp Enter - MemInfo: Wall-clock time since execution start:              0.0941985 seconds
20220312 015348.912 INFO             PET0 PIOc_freedecomp Exit - MemInfo: [/proc/meminfo - SSI]	MemTotal:       131394452 kB
20220312 015348.912 INFO             PET0 PIOc_freedecomp Exit - MemInfo: [/proc/meminfo - SSI]	MemFree:        122264100 kB
20220312 015348.912 INFO             PET0 PIOc_freedecomp Exit - MemInfo: [/proc/meminfo - SSI]	MemAvailable:   121904440 kB
20220312 015348.912 INFO             PET0 PIOc_freedecomp Exit - MemInfo: [/proc/meminfo - SSI]	Committed_AS:    4286408 kB
20220312 015348.912 INFO             PET0 PIOc_freedecomp Exit - MemInfo: [/proc/meminfo - SSI]	CommittedPercent: 3.26224 %
20220312 015348.912 INFO             PET0 PIOc_freedecomp Exit - MemInfo: [/proc/self/status]	VmPeak:	 3856256 kB
20220312 015348.912 INFO             PET0 PIOc_freedecomp Exit - MemInfo: [/proc/self/status]	VmSize:	 3855236 kB
20220312 015348.912 INFO             PET0 PIOc_freedecomp Exit - MemInfo: [/proc/self/status]	VmLck:	       0 kB
20220312 015348.912 INFO             PET0 PIOc_freedecomp Exit - MemInfo: [/proc/self/status]	VmPin:	   82140 kB
20220312 015348.912 INFO             PET0 PIOc_freedecomp Exit - MemInfo: [/proc/self/status]	VmHWM:	  169472 kB
20220312 015348.912 INFO             PET0 PIOc_freedecomp Exit - MemInfo: [/proc/self/status]	VmRSS:	  169176 kB
20220312 015348.912 INFO             PET0 PIOc_freedecomp Exit - MemInfo: [/proc/self/status]	VmData:	  271796 kB
20220312 015348.912 INFO             PET0 PIOc_freedecomp Exit - MemInfo: [/proc/self/status]	VmStk:	     512 kB
20220312 015348.912 INFO             PET0 PIOc_freedecomp Exit - MemInfo: [/proc/self/status]	VmExe:	    1892 kB
20220312 015348.912 INFO             PET0 PIOc_freedecomp Exit - MemInfo: [/proc/self/status]	VmLib:	  156408 kB
20220312 015348.912 INFO             PET0 PIOc_freedecomp Exit - MemInfo: [/proc/self/status]	VmPTE:	     816 kB
20220312 015348.912 INFO             PET0 PIOc_freedecomp Exit - MemInfo: [/proc/self/status]	VmPMD:	      32 kB
20220312 015348.912 INFO             PET0 PIOc_freedecomp Exit - MemInfo: [/proc/self/status]	VmSwap:	       0 kB
20220312 015348.912 INFO             PET0 PIOc_freedecomp Exit - MemInfo: [/proc/self/status]	VmRSSPercent: 0.128754 %
20220312 015348.912 INFO             PET0 PIOc_freedecomp Exit - MemInfo: [malloc] Non-mmapped space allocated:                 6012928 Byte
20220312 015348.912 INFO             PET0 PIOc_freedecomp Exit - MemInfo: [malloc] Space allocated in mmapped regions:         85999616 Byte
20220312 015348.912 INFO             PET0 PIOc_freedecomp Exit - MemInfo: [malloc] Maximum total allocated space:                     0 Byte
20220312 015348.912 INFO             PET0 PIOc_freedecomp Exit - MemInfo: [malloc] Space in freed fastbin blocks:                   352 Byte
20220312 015348.912 INFO             PET0 PIOc_freedecomp Exit - MemInfo: [malloc] Total allocated space:                       3123200 Byte
20220312 015348.912 INFO             PET0 PIOc_freedecomp Exit - MemInfo: [malloc] Total free space:                            2889728 Byte
20220312 015348.912 INFO             PET0 PIOc_freedecomp Exit - MemInfo: [malloc] Top-most, releasable space:                   121552 Byte
20220312 015348.912 INFO             PET0 PIOc_freedecomp Exit - MemInfo: [malloc] Total space in use, mmap + non-mmap:        89122816 Byte
20220312 015348.912 INFO             PET0 PIOc_freedecomp Exit - MemInfo: [malloc] Total space held (mmap + non-mmap):         92012544 Byte
20220312 015348.912 INFO             PET0 PIOc_freedecomp Exit - MemInfo: [malloc] Total space used (mmap + non-mmap):         89132176 Byte
20220312 015348.912 INFO             PET0 PIOc_freedecomp Exit - MemInfo: Wall-clock time since execution start:               0.094561 seconds
20220312 015348.913 INFO             PET0 PIOc_sync Enter - MemInfo: [/proc/meminfo - SSI]	MemTotal:       131394452 kB
20220312 015348.913 INFO             PET0 PIOc_sync Enter - MemInfo: [/proc/meminfo - SSI]	MemFree:        122264100 kB
20220312 015348.913 INFO             PET0 PIOc_sync Enter - MemInfo: [/proc/meminfo - SSI]	MemAvailable:   121904440 kB
20220312 015348.913 INFO             PET0 PIOc_sync Enter - MemInfo: [/proc/meminfo - SSI]	Committed_AS:    4286408 kB
20220312 015348.913 INFO             PET0 PIOc_sync Enter - MemInfo: [/proc/meminfo - SSI]	CommittedPercent: 3.26224 %
20220312 015348.913 INFO             PET0 PIOc_sync Enter - MemInfo: [/proc/self/status]	VmPeak:	 3856256 kB
20220312 015348.913 INFO             PET0 PIOc_sync Enter - MemInfo: [/proc/self/status]	VmSize:	 3855236 kB
20220312 015348.913 INFO             PET0 PIOc_sync Enter - MemInfo: [/proc/self/status]	VmLck:	       0 kB
20220312 015348.913 INFO             PET0 PIOc_sync Enter - MemInfo: [/proc/self/status]	VmPin:	   82140 kB
20220312 015348.913 INFO             PET0 PIOc_sync Enter - MemInfo: [/proc/self/status]	VmHWM:	  169472 kB
20220312 015348.913 INFO             PET0 PIOc_sync Enter - MemInfo: [/proc/self/status]	VmRSS:	  169216 kB
20220312 015348.913 INFO             PET0 PIOc_sync Enter - MemInfo: [/proc/self/status]	VmData:	  271796 kB
20220312 015348.913 INFO             PET0 PIOc_sync Enter - MemInfo: [/proc/self/status]	VmStk:	     512 kB
20220312 015348.913 INFO             PET0 PIOc_sync Enter - MemInfo: [/proc/self/status]	VmExe:	    1892 kB
20220312 015348.913 INFO             PET0 PIOc_sync Enter - MemInfo: [/proc/self/status]	VmLib:	  156408 kB
20220312 015348.913 INFO             PET0 PIOc_sync Enter - MemInfo: [/proc/self/status]	VmPTE:	     816 kB
20220312 015348.913 INFO             PET0 PIOc_sync Enter - MemInfo: [/proc/self/status]	VmPMD:	      32 kB
20220312 015348.913 INFO             PET0 PIOc_sync Enter - MemInfo: [/proc/self/status]	VmSwap:	       0 kB
20220312 015348.913 INFO             PET0 PIOc_sync Enter - MemInfo: [/proc/self/status]	VmRSSPercent: 0.128785 %
20220312 015348.913 INFO             PET0 PIOc_sync Enter - MemInfo: [malloc] Non-mmapped space allocated:                 6012928 Byte
20220312 015348.913 INFO             PET0 PIOc_sync Enter - MemInfo: [malloc] Space allocated in mmapped regions:         85999616 Byte
20220312 015348.913 INFO             PET0 PIOc_sync Enter - MemInfo: [malloc] Maximum total allocated space:                     0 Byte
20220312 015348.913 INFO             PET0 PIOc_sync Enter - MemInfo: [malloc] Space in freed fastbin blocks:                   144 Byte
20220312 015348.913 INFO             PET0 PIOc_sync Enter - MemInfo: [malloc] Total allocated space:                       5762384 Byte
20220312 015348.913 INFO             PET0 PIOc_sync Enter - MemInfo: [malloc] Total free space:                             250544 Byte
20220312 015348.913 INFO             PET0 PIOc_sync Enter - MemInfo: [malloc] Top-most, releasable space:                   116832 Byte
20220312 015348.913 INFO             PET0 PIOc_sync Enter - MemInfo: [malloc] Total space in use, mmap + non-mmap:        91762000 Byte
20220312 015348.913 INFO             PET0 PIOc_sync Enter - MemInfo: [malloc] Total space held (mmap + non-mmap):         92012544 Byte
20220312 015348.913 INFO             PET0 PIOc_sync Enter - MemInfo: [malloc] Total space used (mmap + non-mmap):         91771360 Byte
20220312 015348.913 INFO             PET0 PIOc_sync Enter - MemInfo: Wall-clock time since execution start:              0.0956011 seconds
20220312 015348.914 INFO             PET0 PIOc_sync Exit - MemInfo: [/proc/meminfo - SSI]	MemTotal:       131394452 kB
20220312 015348.914 INFO             PET0 PIOc_sync Exit - MemInfo: [/proc/meminfo - SSI]	MemFree:        122264100 kB
20220312 015348.914 INFO             PET0 PIOc_sync Exit - MemInfo: [/proc/meminfo - SSI]	MemAvailable:   121904440 kB
20220312 015348.914 INFO             PET0 PIOc_sync Exit - MemInfo: [/proc/meminfo - SSI]	Committed_AS:    4286408 kB
20220312 015348.914 INFO             PET0 PIOc_sync Exit - MemInfo: [/proc/meminfo - SSI]	CommittedPercent: 3.26224 %
20220312 015348.914 INFO             PET0 PIOc_sync Exit - MemInfo: [/proc/self/status]	VmPeak:	 3856256 kB
20220312 015348.914 INFO             PET0 PIOc_sync Exit - MemInfo: [/proc/self/status]	VmSize:	 3855236 kB
20220312 015348.914 INFO             PET0 PIOc_sync Exit - MemInfo: [/proc/self/status]	VmLck:	       0 kB
20220312 015348.914 INFO             PET0 PIOc_sync Exit - MemInfo: [/proc/self/status]	VmPin:	   82140 kB
20220312 015348.914 INFO             PET0 PIOc_sync Exit - MemInfo: [/proc/self/status]	VmHWM:	  169472 kB
20220312 015348.914 INFO             PET0 PIOc_sync Exit - MemInfo: [/proc/self/status]	VmRSS:	  169248 kB
20220312 015348.914 INFO             PET0 PIOc_sync Exit - MemInfo: [/proc/self/status]	VmData:	  271796 kB
20220312 015348.914 INFO             PET0 PIOc_sync Exit - MemInfo: [/proc/self/status]	VmStk:	     512 kB
20220312 015348.914 INFO             PET0 PIOc_sync Exit - MemInfo: [/proc/self/status]	VmExe:	    1892 kB
20220312 015348.914 INFO             PET0 PIOc_sync Exit - MemInfo: [/proc/self/status]	VmLib:	  156408 kB
20220312 015348.914 INFO             PET0 PIOc_sync Exit - MemInfo: [/proc/self/status]	VmPTE:	     816 kB
20220312 015348.914 INFO             PET0 PIOc_sync Exit - MemInfo: [/proc/self/status]	VmPMD:	      32 kB
20220312 015348.914 INFO             PET0 PIOc_sync Exit - MemInfo: [/proc/self/status]	VmSwap:	       0 kB
20220312 015348.914 INFO             PET0 PIOc_sync Exit - MemInfo: [/proc/self/status]	VmRSSPercent: 0.128809 %
20220312 015348.914 INFO             PET0 PIOc_sync Exit - MemInfo: [malloc] Non-mmapped space allocated:                 6012928 Byte
20220312 015348.914 INFO             PET0 PIOc_sync Exit - MemInfo: [malloc] Space allocated in mmapped regions:         85999616 Byte
20220312 015348.914 INFO             PET0 PIOc_sync Exit - MemInfo: [malloc] Maximum total allocated space:                     0 Byte
20220312 015348.914 INFO             PET0 PIOc_sync Exit - MemInfo: [malloc] Space in freed fastbin blocks:                   352 Byte
20220312 015348.914 INFO             PET0 PIOc_sync Exit - MemInfo: [malloc] Total allocated space:                       5761664 Byte
20220312 015348.914 INFO             PET0 PIOc_sync Exit - MemInfo: [malloc] Total free space:                             251264 Byte
20220312 015348.914 INFO             PET0 PIOc_sync Exit - MemInfo: [malloc] Top-most, releasable space:                   117456 Byte
20220312 015348.914 INFO             PET0 PIOc_sync Exit - MemInfo: [malloc] Total space in use, mmap + non-mmap:        91761280 Byte
20220312 015348.914 INFO             PET0 PIOc_sync Exit - MemInfo: [malloc] Total space held (mmap + non-mmap):         92012544 Byte
20220312 015348.914 INFO             PET0 PIOc_sync Exit - MemInfo: [malloc] Total space used (mmap + non-mmap):         91770640 Byte
20220312 015348.914 INFO             PET0 PIOc_sync Exit - MemInfo: Wall-clock time since execution start:              0.0960618 seconds
20220312 015348.914 INFO             PET0 PIOc_freedecomp Enter - MemInfo: [/proc/meminfo - SSI]	MemTotal:       131394452 kB
20220312 015348.914 INFO             PET0 PIOc_freedecomp Enter - MemInfo: [/proc/meminfo - SSI]	MemFree:        122264100 kB
20220312 015348.914 INFO             PET0 PIOc_freedecomp Enter - MemInfo: [/proc/meminfo - SSI]	MemAvailable:   121904440 kB
20220312 015348.914 INFO             PET0 PIOc_freedecomp Enter - MemInfo: [/proc/meminfo - SSI]	Committed_AS:    4286408 kB
20220312 015348.914 INFO             PET0 PIOc_freedecomp Enter - MemInfo: [/proc/meminfo - SSI]	CommittedPercent: 3.26224 %
20220312 015348.914 INFO             PET0 PIOc_freedecomp Enter - MemInfo: [/proc/self/status]	VmPeak:	 3856256 kB
20220312 015348.914 INFO             PET0 PIOc_freedecomp Enter - MemInfo: [/proc/self/status]	VmSize:	 3855236 kB
20220312 015348.914 INFO             PET0 PIOc_freedecomp Enter - MemInfo: [/proc/self/status]	VmLck:	       0 kB
20220312 015348.914 INFO             PET0 PIOc_freedecomp Enter - MemInfo: [/proc/self/status]	VmPin:	   82140 kB
20220312 015348.914 INFO             PET0 PIOc_freedecomp Enter - MemInfo: [/proc/self/status]	VmHWM:	  169472 kB
20220312 015348.914 INFO             PET0 PIOc_freedecomp Enter - MemInfo: [/proc/self/status]	VmRSS:	  169248 kB
20220312 015348.914 INFO             PET0 PIOc_freedecomp Enter - MemInfo: [/proc/self/status]	VmData:	  271796 kB
20220312 015348.914 INFO             PET0 PIOc_freedecomp Enter - MemInfo: [/proc/self/status]	VmStk:	     512 kB
20220312 015348.914 INFO             PET0 PIOc_freedecomp Enter - MemInfo: [/proc/self/status]	VmExe:	    1892 kB
20220312 015348.914 INFO             PET0 PIOc_freedecomp Enter - MemInfo: [/proc/self/status]	VmLib:	  156408 kB
20220312 015348.914 INFO             PET0 PIOc_freedecomp Enter - MemInfo: [/proc/self/status]	VmPTE:	     816 kB
20220312 015348.914 INFO             PET0 PIOc_freedecomp Enter - MemInfo: [/proc/self/status]	VmPMD:	      32 kB
20220312 015348.914 INFO             PET0 PIOc_freedecomp Enter - MemInfo: [/proc/self/status]	VmSwap:	       0 kB
20220312 015348.914 INFO             PET0 PIOc_freedecomp Enter - MemInfo: [/proc/self/status]	VmRSSPercent: 0.128809 %
20220312 015348.914 INFO             PET0 PIOc_freedecomp Enter - MemInfo: [malloc] Non-mmapped space allocated:                 6012928 Byte
20220312 015348.914 INFO             PET0 PIOc_freedecomp Enter - MemInfo: [malloc] Space allocated in mmapped regions:         85999616 Byte
20220312 015348.914 INFO             PET0 PIOc_freedecomp Enter - MemInfo: [malloc] Maximum total allocated space:                     0 Byte
20220312 015348.914 INFO             PET0 PIOc_freedecomp Enter - MemInfo: [malloc] Space in freed fastbin blocks:                   368 Byte
20220312 015348.914 INFO             PET0 PIOc_freedecomp Enter - MemInfo: [malloc] Total allocated space:                       3124656 Byte
20220312 015348.914 INFO             PET0 PIOc_freedecomp Enter - MemInfo: [malloc] Total free space:                            2888272 Byte
20220312 015348.914 INFO             PET0 PIOc_freedecomp Enter - MemInfo: [malloc] Top-most, releasable space:                   118192 Byte
20220312 015348.914 INFO             PET0 PIOc_freedecomp Enter - MemInfo: [malloc] Total space in use, mmap + non-mmap:        89124272 Byte
20220312 015348.914 INFO             PET0 PIOc_freedecomp Enter - MemInfo: [malloc] Total space held (mmap + non-mmap):         92012544 Byte
20220312 015348.914 INFO             PET0 PIOc_freedecomp Enter - MemInfo: [malloc] Total space used (mmap + non-mmap):         89133632 Byte
20220312 015348.914 INFO             PET0 PIOc_freedecomp Enter - MemInfo: Wall-clock time since execution start:                0.09645 seconds
20220312 015348.914 INFO             PET0 PIOc_freedecomp Exit - MemInfo: [/proc/meminfo - SSI]	MemTotal:       131394452 kB
20220312 015348.914 INFO             PET0 PIOc_freedecomp Exit - MemInfo: [/proc/meminfo - SSI]	MemFree:        122264100 kB
20220312 015348.914 INFO             PET0 PIOc_freedecomp Exit - MemInfo: [/proc/meminfo - SSI]	MemAvailable:   121904440 kB
20220312 015348.914 INFO             PET0 PIOc_freedecomp Exit - MemInfo: [/proc/meminfo - SSI]	Committed_AS:    4286408 kB
20220312 015348.914 INFO             PET0 PIOc_freedecomp Exit - MemInfo: [/proc/meminfo - SSI]	CommittedPercent: 3.26224 %
20220312 015348.914 INFO             PET0 PIOc_freedecomp Exit - MemInfo: [/proc/self/status]	VmPeak:	 3856256 kB
20220312 015348.914 INFO             PET0 PIOc_freedecomp Exit - MemInfo: [/proc/self/status]	VmSize:	 3855236 kB
20220312 015348.914 INFO             PET0 PIOc_freedecomp Exit - MemInfo: [/proc/self/status]	VmLck:	       0 kB
20220312 015348.914 INFO             PET0 PIOc_freedecomp Exit - MemInfo: [/proc/self/status]	VmPin:	   82140 kB
20220312 015348.914 INFO             PET0 PIOc_freedecomp Exit - MemInfo: [/proc/self/status]	VmHWM:	  169472 kB
20220312 015348.915 INFO             PET0 PIOc_freedecomp Exit - MemInfo: [/proc/self/status]	VmRSS:	  169248 kB
20220312 015348.915 INFO             PET0 PIOc_freedecomp Exit - MemInfo: [/proc/self/status]	VmData:	  271796 kB
20220312 015348.915 INFO             PET0 PIOc_freedecomp Exit - MemInfo: [/proc/self/status]	VmStk:	     512 kB
20220312 015348.915 INFO             PET0 PIOc_freedecomp Exit - MemInfo: [/proc/self/status]	VmExe:	    1892 kB
20220312 015348.915 INFO             PET0 PIOc_freedecomp Exit - MemInfo: [/proc/self/status]	VmLib:	  156408 kB
20220312 015348.915 INFO             PET0 PIOc_freedecomp Exit - MemInfo: [/proc/self/status]	VmPTE:	     816 kB
20220312 015348.915 INFO             PET0 PIOc_freedecomp Exit - MemInfo: [/proc/self/status]	VmPMD:	      32 kB
20220312 015348.915 INFO             PET0 PIOc_freedecomp Exit - MemInfo: [/proc/self/status]	VmSwap:	       0 kB
20220312 015348.915 INFO             PET0 PIOc_freedecomp Exit - MemInfo: [/proc/self/status]	VmRSSPercent: 0.128809 %
20220312 015348.915 INFO             PET0 PIOc_freedecomp Exit - MemInfo: [malloc] Non-mmapped space allocated:                 6012928 Byte
20220312 015348.915 INFO             PET0 PIOc_freedecomp Exit - MemInfo: [malloc] Space allocated in mmapped regions:         85999616 Byte
20220312 015348.915 INFO             PET0 PIOc_freedecomp Exit - MemInfo: [malloc] Maximum total allocated space:                     0 Byte
20220312 015348.915 INFO             PET0 PIOc_freedecomp Exit - MemInfo: [malloc] Space in freed fastbin blocks:                   848 Byte
20220312 015348.915 INFO             PET0 PIOc_freedecomp Exit - MemInfo: [malloc] Total allocated space:                       3123200 Byte
20220312 015348.915 INFO             PET0 PIOc_freedecomp Exit - MemInfo: [malloc] Total free space:                            2889728 Byte
20220312 015348.915 INFO             PET0 PIOc_freedecomp Exit - MemInfo: [malloc] Top-most, releasable space:                   118192 Byte
20220312 015348.915 INFO             PET0 PIOc_freedecomp Exit - MemInfo: [malloc] Total space in use, mmap + non-mmap:        89122816 Byte
20220312 015348.915 INFO             PET0 PIOc_freedecomp Exit - MemInfo: [malloc] Total space held (mmap + non-mmap):         92012544 Byte
20220312 015348.915 INFO             PET0 PIOc_freedecomp Exit - MemInfo: [malloc] Total space used (mmap + non-mmap):         89132176 Byte
20220312 015348.915 INFO             PET0 PIOc_freedecomp Exit - MemInfo: Wall-clock time since execution start:              0.0968092 seconds
20220312 015348.930 INFO             PET0  NUMBER_OF_PROCESSORS           4
20220312 015348.930 INFO             PET0  PASS  Example ESMF_RHandleBitForBitEx, ESMF_RHandleBitForBitEx.F90, line 1557
20220312 015348.930 INFO             PET0 Finalizing ESMF
20220312 015348.826 INFO             PET1 !!!!!!!!!!!!!!!!!!!!!!!!!!!!!!!!!!!!!!!!!!!!!!!!!!!!!!
20220312 015348.826 INFO             PET1 !!! THE ESMF_LOG IS SET TO OUTPUT ALL LOG MESSAGES !!!
20220312 015348.826 INFO             PET1 !!!     THIS MAY CAUSE SLOWDOWN IN PERFORMANCE     !!!
20220312 015348.826 INFO             PET1 !!! FOR PRODUCTION RUNS, USE:                      !!!
20220312 015348.826 INFO             PET1 !!!                   ESMF_LOGKIND_Multi_On_Error  !!!
20220312 015348.826 INFO             PET1 !!!!!!!!!!!!!!!!!!!!!!!!!!!!!!!!!!!!!!!!!!!!!!!!!!!!!!
20220312 015348.826 INFO             PET1 Running with ESMF Version   : v8.3.0b09-96-g559b459836
20220312 015348.826 INFO             PET1 ESMF library build date/time: "Mar 12 2022" "01:15:37"
20220312 015348.826 INFO             PET1 ESMF library build location : /gpfsm/dnb04/projects/p98/mpotts/esmf/intel_2020_intelmpi_g_jedwards_pio_update2
20220312 015348.826 INFO             PET1 ESMF_COMM                   : intelmpi
20220312 015348.827 INFO             PET1 ESMF_MOAB                   : enabled
20220312 015348.827 INFO             PET1 ESMF_LAPACK                 : enabled
20220312 015348.827 INFO             PET1 ESMF_NETCDF                 : enabled
20220312 015348.827 INFO             PET1 ESMF_PNETCDF                : disabled
20220312 015348.827 INFO             PET1 ESMF_PIO                    : enabled
20220312 015348.827 INFO             PET1 ESMF_YAMLCPP                : enabled
20220312 015348.905 INFO             PET1 PIOc_sync Enter - MemInfo: [/proc/meminfo - SSI]	MemTotal:       131394452 kB
20220312 015348.905 INFO             PET1 PIOc_sync Enter - MemInfo: [/proc/meminfo - SSI]	MemFree:        122264348 kB
20220312 015348.905 INFO             PET1 PIOc_sync Enter - MemInfo: [/proc/meminfo - SSI]	MemAvailable:   121904284 kB
20220312 015348.905 INFO             PET1 PIOc_sync Enter - MemInfo: [/proc/meminfo - SSI]	Committed_AS:    4286408 kB
20220312 015348.905 INFO             PET1 PIOc_sync Enter - MemInfo: [/proc/meminfo - SSI]	CommittedPercent: 3.26224 %
20220312 015348.905 INFO             PET1 PIOc_sync Enter - MemInfo: [/proc/self/status]	VmPeak:	 3853896 kB
20220312 015348.905 INFO             PET1 PIOc_sync Enter - MemInfo: [/proc/self/status]	VmSize:	 3852276 kB
20220312 015348.905 INFO             PET1 PIOc_sync Enter - MemInfo: [/proc/self/status]	VmLck:	       0 kB
20220312 015348.905 INFO             PET1 PIOc_sync Enter - MemInfo: [/proc/self/status]	VmPin:	   82140 kB
20220312 015348.905 INFO             PET1 PIOc_sync Enter - MemInfo: [/proc/self/status]	VmHWM:	  166704 kB
20220312 015348.905 INFO             PET1 PIOc_sync Enter - MemInfo: [/proc/self/status]	VmRSS:	  166704 kB
20220312 015348.905 INFO             PET1 PIOc_sync Enter - MemInfo: [/proc/self/status]	VmData:	  268836 kB
20220312 015348.905 INFO             PET1 PIOc_sync Enter - MemInfo: [/proc/self/status]	VmStk:	     512 kB
20220312 015348.905 INFO             PET1 PIOc_sync Enter - MemInfo: [/proc/self/status]	VmExe:	    1892 kB
20220312 015348.905 INFO             PET1 PIOc_sync Enter - MemInfo: [/proc/self/status]	VmLib:	  156408 kB
20220312 015348.905 INFO             PET1 PIOc_sync Enter - MemInfo: [/proc/self/status]	VmPTE:	     796 kB
20220312 015348.905 INFO             PET1 PIOc_sync Enter - MemInfo: [/proc/self/status]	VmPMD:	      28 kB
20220312 015348.905 INFO             PET1 PIOc_sync Enter - MemInfo: [/proc/self/status]	VmSwap:	       0 kB
20220312 015348.905 INFO             PET1 PIOc_sync Enter - MemInfo: [/proc/self/status]	VmRSSPercent: 0.126873 %
20220312 015348.905 INFO             PET1 PIOc_sync Enter - MemInfo: [malloc] Non-mmapped space allocated:                 2981888 Byte
20220312 015348.905 INFO             PET1 PIOc_sync Enter - MemInfo: [malloc] Space allocated in mmapped regions:         85999616 Byte
20220312 015348.905 INFO             PET1 PIOc_sync Enter - MemInfo: [malloc] Maximum total allocated space:                     0 Byte
20220312 015348.905 INFO             PET1 PIOc_sync Enter - MemInfo: [malloc] Space in freed fastbin blocks:                   112 Byte
20220312 015348.905 INFO             PET1 PIOc_sync Enter - MemInfo: [malloc] Total allocated space:                       2574144 Byte
20220312 015348.905 INFO             PET1 PIOc_sync Enter - MemInfo: [malloc] Total free space:                             407744 Byte
20220312 015348.905 INFO             PET1 PIOc_sync Enter - MemInfo: [malloc] Top-most, releasable space:                   275360 Byte
20220312 015348.905 INFO             PET1 PIOc_sync Enter - MemInfo: [malloc] Total space in use, mmap + non-mmap:        88573760 Byte
20220312 015348.905 INFO             PET1 PIOc_sync Enter - MemInfo: [malloc] Total space held (mmap + non-mmap):         88981504 Byte
20220312 015348.905 INFO             PET1 PIOc_sync Enter - MemInfo: [malloc] Total space used (mmap + non-mmap):         88583120 Byte
20220312 015348.905 INFO             PET1 PIOc_sync Enter - MemInfo: Wall-clock time since execution start:              0.0872899 seconds
20220312 015348.906 INFO             PET1 PIOc_sync Exit - MemInfo: [/proc/meminfo - SSI]	MemTotal:       131394452 kB
20220312 015348.906 INFO             PET1 PIOc_sync Exit - MemInfo: [/proc/meminfo - SSI]	MemFree:        122263852 kB
20220312 015348.906 INFO             PET1 PIOc_sync Exit - MemInfo: [/proc/meminfo - SSI]	MemAvailable:   121904192 kB
20220312 015348.906 INFO             PET1 PIOc_sync Exit - MemInfo: [/proc/meminfo - SSI]	Committed_AS:    4286408 kB
20220312 015348.906 INFO             PET1 PIOc_sync Exit - MemInfo: [/proc/meminfo - SSI]	CommittedPercent: 3.26224 %
20220312 015348.906 INFO             PET1 PIOc_sync Exit - MemInfo: [/proc/self/status]	VmPeak:	 3853896 kB
20220312 015348.906 INFO             PET1 PIOc_sync Exit - MemInfo: [/proc/self/status]	VmSize:	 3852276 kB
20220312 015348.906 INFO             PET1 PIOc_sync Exit - MemInfo: [/proc/self/status]	VmLck:	       0 kB
20220312 015348.906 INFO             PET1 PIOc_sync Exit - MemInfo: [/proc/self/status]	VmPin:	   82140 kB
20220312 015348.906 INFO             PET1 PIOc_sync Exit - MemInfo: [/proc/self/status]	VmHWM:	  166824 kB
20220312 015348.906 INFO             PET1 PIOc_sync Exit - MemInfo: [/proc/self/status]	VmRSS:	  166824 kB
20220312 015348.906 INFO             PET1 PIOc_sync Exit - MemInfo: [/proc/self/status]	VmData:	  268836 kB
20220312 015348.906 INFO             PET1 PIOc_sync Exit - MemInfo: [/proc/self/status]	VmStk:	     512 kB
20220312 015348.906 INFO             PET1 PIOc_sync Exit - MemInfo: [/proc/self/status]	VmExe:	    1892 kB
20220312 015348.906 INFO             PET1 PIOc_sync Exit - MemInfo: [/proc/self/status]	VmLib:	  156408 kB
20220312 015348.906 INFO             PET1 PIOc_sync Exit - MemInfo: [/proc/self/status]	VmPTE:	     796 kB
20220312 015348.906 INFO             PET1 PIOc_sync Exit - MemInfo: [/proc/self/status]	VmPMD:	      28 kB
20220312 015348.906 INFO             PET1 PIOc_sync Exit - MemInfo: [/proc/self/status]	VmSwap:	       0 kB
20220312 015348.906 INFO             PET1 PIOc_sync Exit - MemInfo: [/proc/self/status]	VmRSSPercent: 0.126964 %
20220312 015348.906 INFO             PET1 PIOc_sync Exit - MemInfo: [malloc] Non-mmapped space allocated:                 2981888 Byte
20220312 015348.906 INFO             PET1 PIOc_sync Exit - MemInfo: [malloc] Space allocated in mmapped regions:         85999616 Byte
20220312 015348.906 INFO             PET1 PIOc_sync Exit - MemInfo: [malloc] Maximum total allocated space:                     0 Byte
20220312 015348.906 INFO             PET1 PIOc_sync Exit - MemInfo: [malloc] Space in freed fastbin blocks:                   112 Byte
20220312 015348.906 INFO             PET1 PIOc_sync Exit - MemInfo: [malloc] Total allocated space:                       2573360 Byte
20220312 015348.906 INFO             PET1 PIOc_sync Exit - MemInfo: [malloc] Total free space:                             408528 Byte
20220312 015348.906 INFO             PET1 PIOc_sync Exit - MemInfo: [malloc] Top-most, releasable space:                   275888 Byte
20220312 015348.906 INFO             PET1 PIOc_sync Exit - MemInfo: [malloc] Total space in use, mmap + non-mmap:        88572976 Byte
20220312 015348.906 INFO             PET1 PIOc_sync Exit - MemInfo: [malloc] Total space held (mmap + non-mmap):         88981504 Byte
20220312 015348.906 INFO             PET1 PIOc_sync Exit - MemInfo: [malloc] Total space used (mmap + non-mmap):         88582336 Byte
20220312 015348.906 INFO             PET1 PIOc_sync Exit - MemInfo: Wall-clock time since execution start:              0.0886067 seconds
20220312 015348.906 INFO             PET1 PIOc_freedecomp Enter - MemInfo: [/proc/meminfo - SSI]	MemTotal:       131394452 kB
20220312 015348.906 INFO             PET1 PIOc_freedecomp Enter - MemInfo: [/proc/meminfo - SSI]	MemFree:        122265064 kB
20220312 015348.906 INFO             PET1 PIOc_freedecomp Enter - MemInfo: [/proc/meminfo - SSI]	MemAvailable:   121905404 kB
20220312 015348.906 INFO             PET1 PIOc_freedecomp Enter - MemInfo: [/proc/meminfo - SSI]	Committed_AS:    4286408 kB
20220312 015348.906 INFO             PET1 PIOc_freedecomp Enter - MemInfo: [/proc/meminfo - SSI]	CommittedPercent: 3.26224 %
20220312 015348.906 INFO             PET1 PIOc_freedecomp Enter - MemInfo: [/proc/self/status]	VmPeak:	 3853896 kB
20220312 015348.906 INFO             PET1 PIOc_freedecomp Enter - MemInfo: [/proc/self/status]	VmSize:	 3852276 kB
20220312 015348.906 INFO             PET1 PIOc_freedecomp Enter - MemInfo: [/proc/self/status]	VmLck:	       0 kB
20220312 015348.906 INFO             PET1 PIOc_freedecomp Enter - MemInfo: [/proc/self/status]	VmPin:	   82140 kB
20220312 015348.906 INFO             PET1 PIOc_freedecomp Enter - MemInfo: [/proc/self/status]	VmHWM:	  166828 kB
20220312 015348.907 INFO             PET1 PIOc_freedecomp Enter - MemInfo: [/proc/self/status]	VmRSS:	  166828 kB
20220312 015348.907 INFO             PET1 PIOc_freedecomp Enter - MemInfo: [/proc/self/status]	VmData:	  268836 kB
20220312 015348.907 INFO             PET1 PIOc_freedecomp Enter - MemInfo: [/proc/self/status]	VmStk:	     512 kB
20220312 015348.907 INFO             PET1 PIOc_freedecomp Enter - MemInfo: [/proc/self/status]	VmExe:	    1892 kB
20220312 015348.907 INFO             PET1 PIOc_freedecomp Enter - MemInfo: [/proc/self/status]	VmLib:	  156408 kB
20220312 015348.907 INFO             PET1 PIOc_freedecomp Enter - MemInfo: [/proc/self/status]	VmPTE:	     796 kB
20220312 015348.907 INFO             PET1 PIOc_freedecomp Enter - MemInfo: [/proc/self/status]	VmPMD:	      28 kB
20220312 015348.907 INFO             PET1 PIOc_freedecomp Enter - MemInfo: [/proc/self/status]	VmSwap:	       0 kB
20220312 015348.907 INFO             PET1 PIOc_freedecomp Enter - MemInfo: [/proc/self/status]	VmRSSPercent: 0.126967 %
20220312 015348.907 INFO             PET1 PIOc_freedecomp Enter - MemInfo: [malloc] Non-mmapped space allocated:                 2981888 Byte
20220312 015348.907 INFO             PET1 PIOc_freedecomp Enter - MemInfo: [malloc] Space allocated in mmapped regions:         85999616 Byte
20220312 015348.907 INFO             PET1 PIOc_freedecomp Enter - MemInfo: [malloc] Maximum total allocated space:                     0 Byte
20220312 015348.907 INFO             PET1 PIOc_freedecomp Enter - MemInfo: [malloc] Space in freed fastbin blocks:                   368 Byte
20220312 015348.907 INFO             PET1 PIOc_freedecomp Enter - MemInfo: [malloc] Total allocated space:                       2571744 Byte
20220312 015348.907 INFO             PET1 PIOc_freedecomp Enter - MemInfo: [malloc] Total free space:                             410144 Byte
20220312 015348.907 INFO             PET1 PIOc_freedecomp Enter - MemInfo: [malloc] Top-most, releasable space:                   277040 Byte
20220312 015348.907 INFO             PET1 PIOc_freedecomp Enter - MemInfo: [malloc] Total space in use, mmap + non-mmap:        88571360 Byte
20220312 015348.907 INFO             PET1 PIOc_freedecomp Enter - MemInfo: [malloc] Total space held (mmap + non-mmap):         88981504 Byte
20220312 015348.907 INFO             PET1 PIOc_freedecomp Enter - MemInfo: [malloc] Total space used (mmap + non-mmap):         88580720 Byte
20220312 015348.907 INFO             PET1 PIOc_freedecomp Enter - MemInfo: Wall-clock time since execution start:              0.0891156 seconds
20220312 015348.907 INFO             PET1 PIOc_freedecomp Exit - MemInfo: [/proc/meminfo - SSI]	MemTotal:       131394452 kB
20220312 015348.907 INFO             PET1 PIOc_freedecomp Exit - MemInfo: [/proc/meminfo - SSI]	MemFree:        122265064 kB
20220312 015348.907 INFO             PET1 PIOc_freedecomp Exit - MemInfo: [/proc/meminfo - SSI]	MemAvailable:   121905404 kB
20220312 015348.907 INFO             PET1 PIOc_freedecomp Exit - MemInfo: [/proc/meminfo - SSI]	Committed_AS:    4286408 kB
20220312 015348.907 INFO             PET1 PIOc_freedecomp Exit - MemInfo: [/proc/meminfo - SSI]	CommittedPercent: 3.26224 %
20220312 015348.907 INFO             PET1 PIOc_freedecomp Exit - MemInfo: [/proc/self/status]	VmPeak:	 3853896 kB
20220312 015348.907 INFO             PET1 PIOc_freedecomp Exit - MemInfo: [/proc/self/status]	VmSize:	 3852276 kB
20220312 015348.907 INFO             PET1 PIOc_freedecomp Exit - MemInfo: [/proc/self/status]	VmLck:	       0 kB
20220312 015348.907 INFO             PET1 PIOc_freedecomp Exit - MemInfo: [/proc/self/status]	VmPin:	   82140 kB
20220312 015348.907 INFO             PET1 PIOc_freedecomp Exit - MemInfo: [/proc/self/status]	VmHWM:	  166832 kB
20220312 015348.907 INFO             PET1 PIOc_freedecomp Exit - MemInfo: [/proc/self/status]	VmRSS:	  166832 kB
20220312 015348.907 INFO             PET1 PIOc_freedecomp Exit - MemInfo: [/proc/self/status]	VmData:	  268836 kB
20220312 015348.907 INFO             PET1 PIOc_freedecomp Exit - MemInfo: [/proc/self/status]	VmStk:	     512 kB
20220312 015348.907 INFO             PET1 PIOc_freedecomp Exit - MemInfo: [/proc/self/status]	VmExe:	    1892 kB
20220312 015348.907 INFO             PET1 PIOc_freedecomp Exit - MemInfo: [/proc/self/status]	VmLib:	  156408 kB
20220312 015348.907 INFO             PET1 PIOc_freedecomp Exit - MemInfo: [/proc/self/status]	VmPTE:	     796 kB
20220312 015348.907 INFO             PET1 PIOc_freedecomp Exit - MemInfo: [/proc/self/status]	VmPMD:	      28 kB
20220312 015348.907 INFO             PET1 PIOc_freedecomp Exit - MemInfo: [/proc/self/status]	VmSwap:	       0 kB
20220312 015348.907 INFO             PET1 PIOc_freedecomp Exit - MemInfo: [/proc/self/status]	VmRSSPercent: 0.12697 %
20220312 015348.907 INFO             PET1 PIOc_freedecomp Exit - MemInfo: [malloc] Non-mmapped space allocated:                 2981888 Byte
20220312 015348.907 INFO             PET1 PIOc_freedecomp Exit - MemInfo: [malloc] Space allocated in mmapped regions:         85999616 Byte
20220312 015348.907 INFO             PET1 PIOc_freedecomp Exit - MemInfo: [malloc] Maximum total allocated space:                     0 Byte
20220312 015348.907 INFO             PET1 PIOc_freedecomp Exit - MemInfo: [malloc] Space in freed fastbin blocks:                   272 Byte
20220312 015348.907 INFO             PET1 PIOc_freedecomp Exit - MemInfo: [malloc] Total allocated space:                       2570464 Byte
20220312 015348.907 INFO             PET1 PIOc_freedecomp Exit - MemInfo: [malloc] Total free space:                             411424 Byte
20220312 015348.907 INFO             PET1 PIOc_freedecomp Exit - MemInfo: [malloc] Top-most, releasable space:                   278352 Byte
20220312 015348.907 INFO             PET1 PIOc_freedecomp Exit - MemInfo: [malloc] Total space in use, mmap + non-mmap:        88570080 Byte
20220312 015348.907 INFO             PET1 PIOc_freedecomp Exit - MemInfo: [malloc] Total space held (mmap + non-mmap):         88981504 Byte
20220312 015348.907 INFO             PET1 PIOc_freedecomp Exit - MemInfo: [malloc] Total space used (mmap + non-mmap):         88579440 Byte
20220312 015348.907 INFO             PET1 PIOc_freedecomp Exit - MemInfo: Wall-clock time since execution start:              0.0894903 seconds
20220312 015348.908 INFO             PET1 PIOc_sync Enter - MemInfo: [/proc/meminfo - SSI]	MemTotal:       131394452 kB
20220312 015348.908 INFO             PET1 PIOc_sync Enter - MemInfo: [/proc/meminfo - SSI]	MemFree:        122265064 kB
20220312 015348.908 INFO             PET1 PIOc_sync Enter - MemInfo: [/proc/meminfo - SSI]	MemAvailable:   121905404 kB
20220312 015348.908 INFO             PET1 PIOc_sync Enter - MemInfo: [/proc/meminfo - SSI]	Committed_AS:    4286408 kB
20220312 015348.908 INFO             PET1 PIOc_sync Enter - MemInfo: [/proc/meminfo - SSI]	CommittedPercent: 3.26224 %
20220312 015348.908 INFO             PET1 PIOc_sync Enter - MemInfo: [/proc/self/status]	VmPeak:	 3853896 kB
20220312 015348.908 INFO             PET1 PIOc_sync Enter - MemInfo: [/proc/self/status]	VmSize:	 3852276 kB
20220312 015348.908 INFO             PET1 PIOc_sync Enter - MemInfo: [/proc/self/status]	VmLck:	       0 kB
20220312 015348.908 INFO             PET1 PIOc_sync Enter - MemInfo: [/proc/self/status]	VmPin:	   82140 kB
20220312 015348.908 INFO             PET1 PIOc_sync Enter - MemInfo: [/proc/self/status]	VmHWM:	  167044 kB
20220312 015348.908 INFO             PET1 PIOc_sync Enter - MemInfo: [/proc/self/status]	VmRSS:	  167044 kB
20220312 015348.908 INFO             PET1 PIOc_sync Enter - MemInfo: [/proc/self/status]	VmData:	  268836 kB
20220312 015348.908 INFO             PET1 PIOc_sync Enter - MemInfo: [/proc/self/status]	VmStk:	     512 kB
20220312 015348.908 INFO             PET1 PIOc_sync Enter - MemInfo: [/proc/self/status]	VmExe:	    1892 kB
20220312 015348.908 INFO             PET1 PIOc_sync Enter - MemInfo: [/proc/self/status]	VmLib:	  156408 kB
20220312 015348.908 INFO             PET1 PIOc_sync Enter - MemInfo: [/proc/self/status]	VmPTE:	     796 kB
20220312 015348.908 INFO             PET1 PIOc_sync Enter - MemInfo: [/proc/self/status]	VmPMD:	      28 kB
20220312 015348.908 INFO             PET1 PIOc_sync Enter - MemInfo: [/proc/self/status]	VmSwap:	       0 kB
20220312 015348.908 INFO             PET1 PIOc_sync Enter - MemInfo: [/proc/self/status]	VmRSSPercent: 0.127132 %
20220312 015348.908 INFO             PET1 PIOc_sync Enter - MemInfo: [malloc] Non-mmapped space allocated:                 2981888 Byte
20220312 015348.908 INFO             PET1 PIOc_sync Enter - MemInfo: [malloc] Space allocated in mmapped regions:         85999616 Byte
20220312 015348.908 INFO             PET1 PIOc_sync Enter - MemInfo: [malloc] Maximum total allocated space:                     0 Byte
20220312 015348.908 INFO             PET1 PIOc_sync Enter - MemInfo: [malloc] Space in freed fastbin blocks:                   512 Byte
20220312 015348.908 INFO             PET1 PIOc_sync Enter - MemInfo: [malloc] Total allocated space:                       2574304 Byte
20220312 015348.908 INFO             PET1 PIOc_sync Enter - MemInfo: [malloc] Total free space:                             407584 Byte
20220312 015348.908 INFO             PET1 PIOc_sync Enter - MemInfo: [malloc] Top-most, releasable space:                   274656 Byte
20220312 015348.908 INFO             PET1 PIOc_sync Enter - MemInfo: [malloc] Total space in use, mmap + non-mmap:        88573920 Byte
20220312 015348.908 INFO             PET1 PIOc_sync Enter - MemInfo: [malloc] Total space held (mmap + non-mmap):         88981504 Byte
20220312 015348.908 INFO             PET1 PIOc_sync Enter - MemInfo: [malloc] Total space used (mmap + non-mmap):         88583280 Byte
20220312 015348.908 INFO             PET1 PIOc_sync Enter - MemInfo: Wall-clock time since execution start:              0.0908742 seconds
20220312 015348.909 INFO             PET1 PIOc_sync Exit - MemInfo: [/proc/meminfo - SSI]	MemTotal:       131394452 kB
20220312 015348.909 INFO             PET1 PIOc_sync Exit - MemInfo: [/proc/meminfo - SSI]	MemFree:        122265064 kB
20220312 015348.909 INFO             PET1 PIOc_sync Exit - MemInfo: [/proc/meminfo - SSI]	MemAvailable:   121905404 kB
20220312 015348.909 INFO             PET1 PIOc_sync Exit - MemInfo: [/proc/meminfo - SSI]	Committed_AS:    4286408 kB
20220312 015348.909 INFO             PET1 PIOc_sync Exit - MemInfo: [/proc/meminfo - SSI]	CommittedPercent: 3.26224 %
20220312 015348.909 INFO             PET1 PIOc_sync Exit - MemInfo: [/proc/self/status]	VmPeak:	 3853896 kB
20220312 015348.909 INFO             PET1 PIOc_sync Exit - MemInfo: [/proc/self/status]	VmSize:	 3852276 kB
20220312 015348.909 INFO             PET1 PIOc_sync Exit - MemInfo: [/proc/self/status]	VmLck:	       0 kB
20220312 015348.909 INFO             PET1 PIOc_sync Exit - MemInfo: [/proc/self/status]	VmPin:	   82140 kB
20220312 015348.909 INFO             PET1 PIOc_sync Exit - MemInfo: [/proc/self/status]	VmHWM:	  167048 kB
20220312 015348.909 INFO             PET1 PIOc_sync Exit - MemInfo: [/proc/self/status]	VmRSS:	  167048 kB
20220312 015348.909 INFO             PET1 PIOc_sync Exit - MemInfo: [/proc/self/status]	VmData:	  268836 kB
20220312 015348.909 INFO             PET1 PIOc_sync Exit - MemInfo: [/proc/self/status]	VmStk:	     512 kB
20220312 015348.909 INFO             PET1 PIOc_sync Exit - MemInfo: [/proc/self/status]	VmExe:	    1892 kB
20220312 015348.909 INFO             PET1 PIOc_sync Exit - MemInfo: [/proc/self/status]	VmLib:	  156408 kB
20220312 015348.909 INFO             PET1 PIOc_sync Exit - MemInfo: [/proc/self/status]	VmPTE:	     796 kB
20220312 015348.909 INFO             PET1 PIOc_sync Exit - MemInfo: [/proc/self/status]	VmPMD:	      28 kB
20220312 015348.909 INFO             PET1 PIOc_sync Exit - MemInfo: [/proc/self/status]	VmSwap:	       0 kB
20220312 015348.909 INFO             PET1 PIOc_sync Exit - MemInfo: [/proc/self/status]	VmRSSPercent: 0.127135 %
20220312 015348.909 INFO             PET1 PIOc_sync Exit - MemInfo: [malloc] Non-mmapped space allocated:                 2981888 Byte
20220312 015348.909 INFO             PET1 PIOc_sync Exit - MemInfo: [malloc] Space allocated in mmapped regions:         85999616 Byte
20220312 015348.909 INFO             PET1 PIOc_sync Exit - MemInfo: [malloc] Maximum total allocated space:                     0 Byte
20220312 015348.909 INFO             PET1 PIOc_sync Exit - MemInfo: [malloc] Space in freed fastbin blocks:                   352 Byte
20220312 015348.909 INFO             PET1 PIOc_sync Exit - MemInfo: [malloc] Total allocated space:                       2573520 Byte
20220312 015348.909 INFO             PET1 PIOc_sync Exit - MemInfo: [malloc] Total free space:                             408368 Byte
20220312 015348.909 INFO             PET1 PIOc_sync Exit - MemInfo: [malloc] Top-most, releasable space:                   275296 Byte
20220312 015348.909 INFO             PET1 PIOc_sync Exit - MemInfo: [malloc] Total space in use, mmap + non-mmap:        88573136 Byte
20220312 015348.909 INFO             PET1 PIOc_sync Exit - MemInfo: [malloc] Total space held (mmap + non-mmap):         88981504 Byte
20220312 015348.909 INFO             PET1 PIOc_sync Exit - MemInfo: [malloc] Total space used (mmap + non-mmap):         88582496 Byte
20220312 015348.909 INFO             PET1 PIOc_sync Exit - MemInfo: Wall-clock time since execution start:              0.0915716 seconds
20220312 015348.909 INFO             PET1 PIOc_freedecomp Enter - MemInfo: [/proc/meminfo - SSI]	MemTotal:       131394452 kB
20220312 015348.909 INFO             PET1 PIOc_freedecomp Enter - MemInfo: [/proc/meminfo - SSI]	MemFree:        122265064 kB
20220312 015348.909 INFO             PET1 PIOc_freedecomp Enter - MemInfo: [/proc/meminfo - SSI]	MemAvailable:   121905404 kB
20220312 015348.909 INFO             PET1 PIOc_freedecomp Enter - MemInfo: [/proc/meminfo - SSI]	Committed_AS:    4286408 kB
20220312 015348.909 INFO             PET1 PIOc_freedecomp Enter - MemInfo: [/proc/meminfo - SSI]	CommittedPercent: 3.26224 %
20220312 015348.909 INFO             PET1 PIOc_freedecomp Enter - MemInfo: [/proc/self/status]	VmPeak:	 3853896 kB
20220312 015348.909 INFO             PET1 PIOc_freedecomp Enter - MemInfo: [/proc/self/status]	VmSize:	 3852276 kB
20220312 015348.909 INFO             PET1 PIOc_freedecomp Enter - MemInfo: [/proc/self/status]	VmLck:	       0 kB
20220312 015348.909 INFO             PET1 PIOc_freedecomp Enter - MemInfo: [/proc/self/status]	VmPin:	   82140 kB
20220312 015348.909 INFO             PET1 PIOc_freedecomp Enter - MemInfo: [/proc/self/status]	VmHWM:	  167048 kB
20220312 015348.910 INFO             PET1 PIOc_freedecomp Enter - MemInfo: [/proc/self/status]	VmRSS:	  167048 kB
20220312 015348.910 INFO             PET1 PIOc_freedecomp Enter - MemInfo: [/proc/self/status]	VmData:	  268836 kB
20220312 015348.910 INFO             PET1 PIOc_freedecomp Enter - MemInfo: [/proc/self/status]	VmStk:	     512 kB
20220312 015348.910 INFO             PET1 PIOc_freedecomp Enter - MemInfo: [/proc/self/status]	VmExe:	    1892 kB
20220312 015348.910 INFO             PET1 PIOc_freedecomp Enter - MemInfo: [/proc/self/status]	VmLib:	  156408 kB
20220312 015348.910 INFO             PET1 PIOc_freedecomp Enter - MemInfo: [/proc/self/status]	VmPTE:	     796 kB
20220312 015348.910 INFO             PET1 PIOc_freedecomp Enter - MemInfo: [/proc/self/status]	VmPMD:	      28 kB
20220312 015348.910 INFO             PET1 PIOc_freedecomp Enter - MemInfo: [/proc/self/status]	VmSwap:	       0 kB
20220312 015348.910 INFO             PET1 PIOc_freedecomp Enter - MemInfo: [/proc/self/status]	VmRSSPercent: 0.127135 %
20220312 015348.910 INFO             PET1 PIOc_freedecomp Enter - MemInfo: [malloc] Non-mmapped space allocated:                 2981888 Byte
20220312 015348.910 INFO             PET1 PIOc_freedecomp Enter - MemInfo: [malloc] Space allocated in mmapped regions:         85999616 Byte
20220312 015348.910 INFO             PET1 PIOc_freedecomp Enter - MemInfo: [malloc] Maximum total allocated space:                     0 Byte
20220312 015348.910 INFO             PET1 PIOc_freedecomp Enter - MemInfo: [malloc] Space in freed fastbin blocks:                   272 Byte
20220312 015348.910 INFO             PET1 PIOc_freedecomp Enter - MemInfo: [malloc] Total allocated space:                       2571744 Byte
20220312 015348.910 INFO             PET1 PIOc_freedecomp Enter - MemInfo: [malloc] Total free space:                             410144 Byte
20220312 015348.910 INFO             PET1 PIOc_freedecomp Enter - MemInfo: [malloc] Top-most, releasable space:                   276272 Byte
20220312 015348.910 INFO             PET1 PIOc_freedecomp Enter - MemInfo: [malloc] Total space in use, mmap + non-mmap:        88571360 Byte
20220312 015348.910 INFO             PET1 PIOc_freedecomp Enter - MemInfo: [malloc] Total space held (mmap + non-mmap):         88981504 Byte
20220312 015348.910 INFO             PET1 PIOc_freedecomp Enter - MemInfo: [malloc] Total space used (mmap + non-mmap):         88580720 Byte
20220312 015348.910 INFO             PET1 PIOc_freedecomp Enter - MemInfo: Wall-clock time since execution start:               0.092098 seconds
20220312 015348.910 INFO             PET1 PIOc_freedecomp Exit - MemInfo: [/proc/meminfo - SSI]	MemTotal:       131394452 kB
20220312 015348.910 INFO             PET1 PIOc_freedecomp Exit - MemInfo: [/proc/meminfo - SSI]	MemFree:        122265064 kB
20220312 015348.910 INFO             PET1 PIOc_freedecomp Exit - MemInfo: [/proc/meminfo - SSI]	MemAvailable:   121905404 kB
20220312 015348.910 INFO             PET1 PIOc_freedecomp Exit - MemInfo: [/proc/meminfo - SSI]	Committed_AS:    4286408 kB
20220312 015348.910 INFO             PET1 PIOc_freedecomp Exit - MemInfo: [/proc/meminfo - SSI]	CommittedPercent: 3.26224 %
20220312 015348.910 INFO             PET1 PIOc_freedecomp Exit - MemInfo: [/proc/self/status]	VmPeak:	 3853896 kB
20220312 015348.910 INFO             PET1 PIOc_freedecomp Exit - MemInfo: [/proc/self/status]	VmSize:	 3852276 kB
20220312 015348.910 INFO             PET1 PIOc_freedecomp Exit - MemInfo: [/proc/self/status]	VmLck:	       0 kB
20220312 015348.910 INFO             PET1 PIOc_freedecomp Exit - MemInfo: [/proc/self/status]	VmPin:	   82140 kB
20220312 015348.910 INFO             PET1 PIOc_freedecomp Exit - MemInfo: [/proc/self/status]	VmHWM:	  167048 kB
20220312 015348.910 INFO             PET1 PIOc_freedecomp Exit - MemInfo: [/proc/self/status]	VmRSS:	  167048 kB
20220312 015348.910 INFO             PET1 PIOc_freedecomp Exit - MemInfo: [/proc/self/status]	VmData:	  268836 kB
20220312 015348.910 INFO             PET1 PIOc_freedecomp Exit - MemInfo: [/proc/self/status]	VmStk:	     512 kB
20220312 015348.910 INFO             PET1 PIOc_freedecomp Exit - MemInfo: [/proc/self/status]	VmExe:	    1892 kB
20220312 015348.910 INFO             PET1 PIOc_freedecomp Exit - MemInfo: [/proc/self/status]	VmLib:	  156408 kB
20220312 015348.910 INFO             PET1 PIOc_freedecomp Exit - MemInfo: [/proc/self/status]	VmPTE:	     796 kB
20220312 015348.910 INFO             PET1 PIOc_freedecomp Exit - MemInfo: [/proc/self/status]	VmPMD:	      28 kB
20220312 015348.910 INFO             PET1 PIOc_freedecomp Exit - MemInfo: [/proc/self/status]	VmSwap:	       0 kB
20220312 015348.910 INFO             PET1 PIOc_freedecomp Exit - MemInfo: [/proc/self/status]	VmRSSPercent: 0.127135 %
20220312 015348.910 INFO             PET1 PIOc_freedecomp Exit - MemInfo: [malloc] Non-mmapped space allocated:                 2981888 Byte
20220312 015348.910 INFO             PET1 PIOc_freedecomp Exit - MemInfo: [malloc] Space allocated in mmapped regions:         85999616 Byte
20220312 015348.910 INFO             PET1 PIOc_freedecomp Exit - MemInfo: [malloc] Maximum total allocated space:                     0 Byte
20220312 015348.910 INFO             PET1 PIOc_freedecomp Exit - MemInfo: [malloc] Space in freed fastbin blocks:                   816 Byte
20220312 015348.910 INFO             PET1 PIOc_freedecomp Exit - MemInfo: [malloc] Total allocated space:                       2570464 Byte
20220312 015348.910 INFO             PET1 PIOc_freedecomp Exit - MemInfo: [malloc] Total free space:                             411424 Byte
20220312 015348.910 INFO             PET1 PIOc_freedecomp Exit - MemInfo: [malloc] Top-most, releasable space:                   276272 Byte
20220312 015348.910 INFO             PET1 PIOc_freedecomp Exit - MemInfo: [malloc] Total space in use, mmap + non-mmap:        88570080 Byte
20220312 015348.910 INFO             PET1 PIOc_freedecomp Exit - MemInfo: [malloc] Total space held (mmap + non-mmap):         88981504 Byte
20220312 015348.910 INFO             PET1 PIOc_freedecomp Exit - MemInfo: [malloc] Total space used (mmap + non-mmap):         88579440 Byte
20220312 015348.910 INFO             PET1 PIOc_freedecomp Exit - MemInfo: Wall-clock time since execution start:              0.0924578 seconds
20220312 015348.911 INFO             PET1 PIOc_sync Enter - MemInfo: [/proc/meminfo - SSI]	MemTotal:       131394452 kB
20220312 015348.911 INFO             PET1 PIOc_sync Enter - MemInfo: [/proc/meminfo - SSI]	MemFree:        122264596 kB
20220312 015348.911 INFO             PET1 PIOc_sync Enter - MemInfo: [/proc/meminfo - SSI]	MemAvailable:   121904936 kB
20220312 015348.911 INFO             PET1 PIOc_sync Enter - MemInfo: [/proc/meminfo - SSI]	Committed_AS:    4286408 kB
20220312 015348.911 INFO             PET1 PIOc_sync Enter - MemInfo: [/proc/meminfo - SSI]	CommittedPercent: 3.26224 %
20220312 015348.911 INFO             PET1 PIOc_sync Enter - MemInfo: [/proc/self/status]	VmPeak:	 3853896 kB
20220312 015348.911 INFO             PET1 PIOc_sync Enter - MemInfo: [/proc/self/status]	VmSize:	 3852276 kB
20220312 015348.911 INFO             PET1 PIOc_sync Enter - MemInfo: [/proc/self/status]	VmLck:	       0 kB
20220312 015348.911 INFO             PET1 PIOc_sync Enter - MemInfo: [/proc/self/status]	VmPin:	   82140 kB
20220312 015348.911 INFO             PET1 PIOc_sync Enter - MemInfo: [/proc/self/status]	VmHWM:	  167152 kB
20220312 015348.911 INFO             PET1 PIOc_sync Enter - MemInfo: [/proc/self/status]	VmRSS:	  167152 kB
20220312 015348.911 INFO             PET1 PIOc_sync Enter - MemInfo: [/proc/self/status]	VmData:	  268836 kB
20220312 015348.911 INFO             PET1 PIOc_sync Enter - MemInfo: [/proc/self/status]	VmStk:	     512 kB
20220312 015348.911 INFO             PET1 PIOc_sync Enter - MemInfo: [/proc/self/status]	VmExe:	    1892 kB
20220312 015348.911 INFO             PET1 PIOc_sync Enter - MemInfo: [/proc/self/status]	VmLib:	  156408 kB
20220312 015348.911 INFO             PET1 PIOc_sync Enter - MemInfo: [/proc/self/status]	VmPTE:	     796 kB
20220312 015348.911 INFO             PET1 PIOc_sync Enter - MemInfo: [/proc/self/status]	VmPMD:	      28 kB
20220312 015348.911 INFO             PET1 PIOc_sync Enter - MemInfo: [/proc/self/status]	VmSwap:	       0 kB
20220312 015348.911 INFO             PET1 PIOc_sync Enter - MemInfo: [/proc/self/status]	VmRSSPercent: 0.127214 %
20220312 015348.911 INFO             PET1 PIOc_sync Enter - MemInfo: [malloc] Non-mmapped space allocated:                 2981888 Byte
20220312 015348.911 INFO             PET1 PIOc_sync Enter - MemInfo: [malloc] Space allocated in mmapped regions:         85999616 Byte
20220312 015348.911 INFO             PET1 PIOc_sync Enter - MemInfo: [malloc] Maximum total allocated space:                     0 Byte
20220312 015348.911 INFO             PET1 PIOc_sync Enter - MemInfo: [malloc] Space in freed fastbin blocks:                   512 Byte
20220312 015348.911 INFO             PET1 PIOc_sync Enter - MemInfo: [malloc] Total allocated space:                       2574464 Byte
20220312 015348.911 INFO             PET1 PIOc_sync Enter - MemInfo: [malloc] Total free space:                             407424 Byte
20220312 015348.911 INFO             PET1 PIOc_sync Enter - MemInfo: [malloc] Top-most, releasable space:                   274496 Byte
20220312 015348.911 INFO             PET1 PIOc_sync Enter - MemInfo: [malloc] Total space in use, mmap + non-mmap:        88574080 Byte
20220312 015348.911 INFO             PET1 PIOc_sync Enter - MemInfo: [malloc] Total space held (mmap + non-mmap):         88981504 Byte
20220312 015348.911 INFO             PET1 PIOc_sync Enter - MemInfo: [malloc] Total space used (mmap + non-mmap):         88583440 Byte
20220312 015348.911 INFO             PET1 PIOc_sync Enter - MemInfo: Wall-clock time since execution start:              0.0935953 seconds
20220312 015348.911 INFO             PET1 PIOc_sync Exit - MemInfo: [/proc/meminfo - SSI]	MemTotal:       131394452 kB
20220312 015348.911 INFO             PET1 PIOc_sync Exit - MemInfo: [/proc/meminfo - SSI]	MemFree:        122264100 kB
20220312 015348.911 INFO             PET1 PIOc_sync Exit - MemInfo: [/proc/meminfo - SSI]	MemAvailable:   121904440 kB
20220312 015348.911 INFO             PET1 PIOc_sync Exit - MemInfo: [/proc/meminfo - SSI]	Committed_AS:    4286408 kB
20220312 015348.911 INFO             PET1 PIOc_sync Exit - MemInfo: [/proc/meminfo - SSI]	CommittedPercent: 3.26224 %
20220312 015348.911 INFO             PET1 PIOc_sync Exit - MemInfo: [/proc/self/status]	VmPeak:	 3853896 kB
20220312 015348.911 INFO             PET1 PIOc_sync Exit - MemInfo: [/proc/self/status]	VmSize:	 3852276 kB
20220312 015348.911 INFO             PET1 PIOc_sync Exit - MemInfo: [/proc/self/status]	VmLck:	       0 kB
20220312 015348.911 INFO             PET1 PIOc_sync Exit - MemInfo: [/proc/self/status]	VmPin:	   82140 kB
20220312 015348.911 INFO             PET1 PIOc_sync Exit - MemInfo: [/proc/self/status]	VmHWM:	  167156 kB
20220312 015348.911 INFO             PET1 PIOc_sync Exit - MemInfo: [/proc/self/status]	VmRSS:	  167156 kB
20220312 015348.911 INFO             PET1 PIOc_sync Exit - MemInfo: [/proc/self/status]	VmData:	  268836 kB
20220312 015348.911 INFO             PET1 PIOc_sync Exit - MemInfo: [/proc/self/status]	VmStk:	     512 kB
20220312 015348.911 INFO             PET1 PIOc_sync Exit - MemInfo: [/proc/self/status]	VmExe:	    1892 kB
20220312 015348.912 INFO             PET1 PIOc_sync Exit - MemInfo: [/proc/self/status]	VmLib:	  156408 kB
20220312 015348.912 INFO             PET1 PIOc_sync Exit - MemInfo: [/proc/self/status]	VmPTE:	     796 kB
20220312 015348.912 INFO             PET1 PIOc_sync Exit - MemInfo: [/proc/self/status]	VmPMD:	      28 kB
20220312 015348.912 INFO             PET1 PIOc_sync Exit - MemInfo: [/proc/self/status]	VmSwap:	       0 kB
20220312 015348.912 INFO             PET1 PIOc_sync Exit - MemInfo: [/proc/self/status]	VmRSSPercent: 0.127217 %
20220312 015348.912 INFO             PET1 PIOc_sync Exit - MemInfo: [malloc] Non-mmapped space allocated:                 2981888 Byte
20220312 015348.912 INFO             PET1 PIOc_sync Exit - MemInfo: [malloc] Space allocated in mmapped regions:         85999616 Byte
20220312 015348.912 INFO             PET1 PIOc_sync Exit - MemInfo: [malloc] Maximum total allocated space:                     0 Byte
20220312 015348.912 INFO             PET1 PIOc_sync Exit - MemInfo: [malloc] Space in freed fastbin blocks:                   112 Byte
20220312 015348.912 INFO             PET1 PIOc_sync Exit - MemInfo: [malloc] Total allocated space:                       2573664 Byte
20220312 015348.912 INFO             PET1 PIOc_sync Exit - MemInfo: [malloc] Total free space:                             408224 Byte
20220312 015348.912 INFO             PET1 PIOc_sync Exit - MemInfo: [malloc] Top-most, releasable space:                   275952 Byte
20220312 015348.912 INFO             PET1 PIOc_sync Exit - MemInfo: [malloc] Total space in use, mmap + non-mmap:        88573280 Byte
20220312 015348.912 INFO             PET1 PIOc_sync Exit - MemInfo: [malloc] Total space held (mmap + non-mmap):         88981504 Byte
20220312 015348.912 INFO             PET1 PIOc_sync Exit - MemInfo: [malloc] Total space used (mmap + non-mmap):         88582640 Byte
20220312 015348.912 INFO             PET1 PIOc_sync Exit - MemInfo: Wall-clock time since execution start:              0.0940362 seconds
20220312 015348.912 INFO             PET1 PIOc_freedecomp Enter - MemInfo: [/proc/meminfo - SSI]	MemTotal:       131394452 kB
20220312 015348.912 INFO             PET1 PIOc_freedecomp Enter - MemInfo: [/proc/meminfo - SSI]	MemFree:        122264100 kB
20220312 015348.912 INFO             PET1 PIOc_freedecomp Enter - MemInfo: [/proc/meminfo - SSI]	MemAvailable:   121904440 kB
20220312 015348.912 INFO             PET1 PIOc_freedecomp Enter - MemInfo: [/proc/meminfo - SSI]	Committed_AS:    4286408 kB
20220312 015348.912 INFO             PET1 PIOc_freedecomp Enter - MemInfo: [/proc/meminfo - SSI]	CommittedPercent: 3.26224 %
20220312 015348.912 INFO             PET1 PIOc_freedecomp Enter - MemInfo: [/proc/self/status]	VmPeak:	 3853896 kB
20220312 015348.912 INFO             PET1 PIOc_freedecomp Enter - MemInfo: [/proc/self/status]	VmSize:	 3852276 kB
