build time -- 2022-03-13 01:18:47.579298
20220313 015336.104 INFO             PET0 !!!!!!!!!!!!!!!!!!!!!!!!!!!!!!!!!!!!!!!!!!!!!!!!!!!!!!
20220313 015336.104 INFO             PET0 !!! THE ESMF_LOG IS SET TO OUTPUT ALL LOG MESSAGES !!!
20220313 015336.104 INFO             PET0 !!!     THIS MAY CAUSE SLOWDOWN IN PERFORMANCE     !!!
20220313 015336.104 INFO             PET0 !!! FOR PRODUCTION RUNS, USE:                      !!!
20220313 015336.104 INFO             PET0 !!!                   ESMF_LOGKIND_Multi_On_Error  !!!
20220313 015336.104 INFO             PET0 !!!!!!!!!!!!!!!!!!!!!!!!!!!!!!!!!!!!!!!!!!!!!!!!!!!!!!
20220313 015336.104 INFO             PET0 Running with ESMF Version   : v8.3.0b09-96-g559b459836
20220313 015336.104 INFO             PET0 ESMF library build date/time: "Mar 13 2022" "01:16:11"
20220313 015336.104 INFO             PET0 ESMF library build location : /gpfsm/dnb04/projects/p98/mpotts/esmf/intel_2020_intelmpi_g_jedwards_pio_update2
20220313 015336.104 INFO             PET0 ESMF_COMM                   : intelmpi
20220313 015336.104 INFO             PET0 ESMF_MOAB                   : enabled
20220313 015336.104 INFO             PET0 ESMF_LAPACK                 : enabled
20220313 015336.104 INFO             PET0 ESMF_NETCDF                 : enabled
20220313 015336.104 INFO             PET0 ESMF_PNETCDF                : disabled
20220313 015336.104 INFO             PET0 ESMF_PIO                    : enabled
20220313 015336.104 INFO             PET0 ESMF_YAMLCPP                : enabled
20220313 015336.181 INFO             PET0 PIOc_sync Enter - MemInfo: [/proc/meminfo - SSI]	MemTotal:       131394444 kB
20220313 015336.181 INFO             PET0 PIOc_sync Enter - MemInfo: [/proc/meminfo - SSI]	MemFree:        123643496 kB
20220313 015336.181 INFO             PET0 PIOc_sync Enter - MemInfo: [/proc/meminfo - SSI]	MemAvailable:   123388532 kB
20220313 015336.181 INFO             PET0 PIOc_sync Enter - MemInfo: [/proc/meminfo - SSI]	Committed_AS:    4257224 kB
20220313 015336.181 INFO             PET0 PIOc_sync Enter - MemInfo: [/proc/meminfo - SSI]	CommittedPercent: 3.24003 %
20220313 015336.181 INFO             PET0 PIOc_sync Enter - MemInfo: [/proc/self/status]	VmPeak:	 3853112 kB
20220313 015336.181 INFO             PET0 PIOc_sync Enter - MemInfo: [/proc/self/status]	VmSize:	 3853112 kB
20220313 015336.181 INFO             PET0 PIOc_sync Enter - MemInfo: [/proc/self/status]	VmLck:	       0 kB
20220313 015336.181 INFO             PET0 PIOc_sync Enter - MemInfo: [/proc/self/status]	VmPin:	   82140 kB
20220313 015336.181 INFO             PET0 PIOc_sync Enter - MemInfo: [/proc/self/status]	VmHWM:	  171380 kB
20220313 015336.182 INFO             PET0 PIOc_sync Enter - MemInfo: [/proc/self/status]	VmRSS:	  171380 kB
20220313 015336.182 INFO             PET0 PIOc_sync Enter - MemInfo: [/proc/self/status]	VmData:	  269672 kB
20220313 015336.182 INFO             PET0 PIOc_sync Enter - MemInfo: [/proc/self/status]	VmStk:	     512 kB
20220313 015336.182 INFO             PET0 PIOc_sync Enter - MemInfo: [/proc/self/status]	VmExe:	    1892 kB
20220313 015336.182 INFO             PET0 PIOc_sync Enter - MemInfo: [/proc/self/status]	VmLib:	  156408 kB
20220313 015336.182 INFO             PET0 PIOc_sync Enter - MemInfo: [/proc/self/status]	VmPTE:	     820 kB
20220313 015336.182 INFO             PET0 PIOc_sync Enter - MemInfo: [/proc/self/status]	VmPMD:	      32 kB
20220313 015336.182 INFO             PET0 PIOc_sync Enter - MemInfo: [/proc/self/status]	VmSwap:	       0 kB
20220313 015336.182 INFO             PET0 PIOc_sync Enter - MemInfo: [/proc/self/status]	VmRSSPercent: 0.130432 %
20220313 015336.182 INFO             PET0 PIOc_sync Enter - MemInfo: [malloc] Non-mmapped space allocated:                 3305472 Byte
20220313 015336.182 INFO             PET0 PIOc_sync Enter - MemInfo: [malloc] Space allocated in mmapped regions:         88629248 Byte
20220313 015336.182 INFO             PET0 PIOc_sync Enter - MemInfo: [malloc] Maximum total allocated space:                     0 Byte
20220313 015336.182 INFO             PET0 PIOc_sync Enter - MemInfo: [malloc] Space in freed fastbin blocks:                   512 Byte
20220313 015336.182 INFO             PET0 PIOc_sync Enter - MemInfo: [malloc] Total allocated space:                       3138736 Byte
20220313 015336.182 INFO             PET0 PIOc_sync Enter - MemInfo: [malloc] Total free space:                             166736 Byte
20220313 015336.182 INFO             PET0 PIOc_sync Enter - MemInfo: [malloc] Top-most, releasable space:                    34208 Byte
20220313 015336.182 INFO             PET0 PIOc_sync Enter - MemInfo: [malloc] Total space in use, mmap + non-mmap:        91767984 Byte
20220313 015336.182 INFO             PET0 PIOc_sync Enter - MemInfo: [malloc] Total space held (mmap + non-mmap):         91934720 Byte
20220313 015336.182 INFO             PET0 PIOc_sync Enter - MemInfo: [malloc] Total space used (mmap + non-mmap):         91777344 Byte
20220313 015336.182 INFO             PET0 PIOc_sync Enter - MemInfo: Wall-clock time since execution start:              0.0898541 seconds
20220313 015336.182 INFO             PET0 PIOc_sync Exit - MemInfo: [/proc/meminfo - SSI]	MemTotal:       131394444 kB
20220313 015336.182 INFO             PET0 PIOc_sync Exit - MemInfo: [/proc/meminfo - SSI]	MemFree:        123643000 kB
20220313 015336.182 INFO             PET0 PIOc_sync Exit - MemInfo: [/proc/meminfo - SSI]	MemAvailable:   123388036 kB
20220313 015336.182 INFO             PET0 PIOc_sync Exit - MemInfo: [/proc/meminfo - SSI]	Committed_AS:    4257224 kB
20220313 015336.182 INFO             PET0 PIOc_sync Exit - MemInfo: [/proc/meminfo - SSI]	CommittedPercent: 3.24003 %
20220313 015336.182 INFO             PET0 PIOc_sync Exit - MemInfo: [/proc/self/status]	VmPeak:	 3853112 kB
20220313 015336.182 INFO             PET0 PIOc_sync Exit - MemInfo: [/proc/self/status]	VmSize:	 3853112 kB
20220313 015336.182 INFO             PET0 PIOc_sync Exit - MemInfo: [/proc/self/status]	VmLck:	       0 kB
20220313 015336.182 INFO             PET0 PIOc_sync Exit - MemInfo: [/proc/self/status]	VmPin:	   82140 kB
20220313 015336.182 INFO             PET0 PIOc_sync Exit - MemInfo: [/proc/self/status]	VmHWM:	  171584 kB
20220313 015336.182 INFO             PET0 PIOc_sync Exit - MemInfo: [/proc/self/status]	VmRSS:	  171584 kB
20220313 015336.182 INFO             PET0 PIOc_sync Exit - MemInfo: [/proc/self/status]	VmData:	  269672 kB
20220313 015336.182 INFO             PET0 PIOc_sync Exit - MemInfo: [/proc/self/status]	VmStk:	     512 kB
20220313 015336.182 INFO             PET0 PIOc_sync Exit - MemInfo: [/proc/self/status]	VmExe:	    1892 kB
20220313 015336.182 INFO             PET0 PIOc_sync Exit - MemInfo: [/proc/self/status]	VmLib:	  156408 kB
20220313 015336.182 INFO             PET0 PIOc_sync Exit - MemInfo: [/proc/self/status]	VmPTE:	     820 kB
20220313 015336.182 INFO             PET0 PIOc_sync Exit - MemInfo: [/proc/self/status]	VmPMD:	      32 kB
20220313 015336.182 INFO             PET0 PIOc_sync Exit - MemInfo: [/proc/self/status]	VmSwap:	       0 kB
20220313 015336.182 INFO             PET0 PIOc_sync Exit - MemInfo: [/proc/self/status]	VmRSSPercent: 0.130587 %
20220313 015336.182 INFO             PET0 PIOc_sync Exit - MemInfo: [malloc] Non-mmapped space allocated:                 3305472 Byte
20220313 015336.182 INFO             PET0 PIOc_sync Exit - MemInfo: [malloc] Space allocated in mmapped regions:         88629248 Byte
20220313 015336.182 INFO             PET0 PIOc_sync Exit - MemInfo: [malloc] Maximum total allocated space:                     0 Byte
20220313 015336.182 INFO             PET0 PIOc_sync Exit - MemInfo: [malloc] Space in freed fastbin blocks:                   608 Byte
20220313 015336.182 INFO             PET0 PIOc_sync Exit - MemInfo: [malloc] Total allocated space:                       3137984 Byte
20220313 015336.182 INFO             PET0 PIOc_sync Exit - MemInfo: [malloc] Total free space:                             167488 Byte
20220313 015336.182 INFO             PET0 PIOc_sync Exit - MemInfo: [malloc] Top-most, releasable space:                    34912 Byte
20220313 015336.182 INFO             PET0 PIOc_sync Exit - MemInfo: [malloc] Total space in use, mmap + non-mmap:        91767232 Byte
20220313 015336.182 INFO             PET0 PIOc_sync Exit - MemInfo: [malloc] Total space held (mmap + non-mmap):         91934720 Byte
20220313 015336.182 INFO             PET0 PIOc_sync Exit - MemInfo: [malloc] Total space used (mmap + non-mmap):         91776592 Byte
20220313 015336.182 INFO             PET0 PIOc_sync Exit - MemInfo: Wall-clock time since execution start:              0.0905511 seconds
20220313 015336.183 INFO             PET0 PIOc_freedecomp Enter - MemInfo: [/proc/meminfo - SSI]	MemTotal:       131394444 kB
20220313 015336.183 INFO             PET0 PIOc_freedecomp Enter - MemInfo: [/proc/meminfo - SSI]	MemFree:        123643808 kB
20220313 015336.183 INFO             PET0 PIOc_freedecomp Enter - MemInfo: [/proc/meminfo - SSI]	MemAvailable:   123388844 kB
20220313 015336.183 INFO             PET0 PIOc_freedecomp Enter - MemInfo: [/proc/meminfo - SSI]	Committed_AS:    4257224 kB
20220313 015336.183 INFO             PET0 PIOc_freedecomp Enter - MemInfo: [/proc/meminfo - SSI]	CommittedPercent: 3.24003 %
20220313 015336.183 INFO             PET0 PIOc_freedecomp Enter - MemInfo: [/proc/self/status]	VmPeak:	 3853112 kB
20220313 015336.183 INFO             PET0 PIOc_freedecomp Enter - MemInfo: [/proc/self/status]	VmSize:	 3850544 kB
20220313 015336.183 INFO             PET0 PIOc_freedecomp Enter - MemInfo: [/proc/self/status]	VmLck:	       0 kB
20220313 015336.183 INFO             PET0 PIOc_freedecomp Enter - MemInfo: [/proc/self/status]	VmPin:	   82140 kB
20220313 015336.183 INFO             PET0 PIOc_freedecomp Enter - MemInfo: [/proc/self/status]	VmHWM:	  171584 kB
20220313 015336.183 INFO             PET0 PIOc_freedecomp Enter - MemInfo: [/proc/self/status]	VmRSS:	  169532 kB
20220313 015336.183 INFO             PET0 PIOc_freedecomp Enter - MemInfo: [/proc/self/status]	VmData:	  267104 kB
20220313 015336.183 INFO             PET0 PIOc_freedecomp Enter - MemInfo: [/proc/self/status]	VmStk:	     512 kB
20220313 015336.183 INFO             PET0 PIOc_freedecomp Enter - MemInfo: [/proc/self/status]	VmExe:	    1892 kB
20220313 015336.183 INFO             PET0 PIOc_freedecomp Enter - MemInfo: [/proc/self/status]	VmLib:	  156408 kB
20220313 015336.183 INFO             PET0 PIOc_freedecomp Enter - MemInfo: [/proc/self/status]	VmPTE:	     816 kB
20220313 015336.183 INFO             PET0 PIOc_freedecomp Enter - MemInfo: [/proc/self/status]	VmPMD:	      32 kB
20220313 015336.183 INFO             PET0 PIOc_freedecomp Enter - MemInfo: [/proc/self/status]	VmSwap:	       0 kB
20220313 015336.183 INFO             PET0 PIOc_freedecomp Enter - MemInfo: [/proc/self/status]	VmRSSPercent: 0.129025 %
20220313 015336.183 INFO             PET0 PIOc_freedecomp Enter - MemInfo: [malloc] Non-mmapped space allocated:                 3305472 Byte
20220313 015336.183 INFO             PET0 PIOc_freedecomp Enter - MemInfo: [malloc] Space allocated in mmapped regions:         85999616 Byte
20220313 015336.183 INFO             PET0 PIOc_freedecomp Enter - MemInfo: [malloc] Maximum total allocated space:                     0 Byte
20220313 015336.183 INFO             PET0 PIOc_freedecomp Enter - MemInfo: [malloc] Space in freed fastbin blocks:                  1392 Byte
20220313 015336.183 INFO             PET0 PIOc_freedecomp Enter - MemInfo: [malloc] Total allocated space:                       3124656 Byte
20220313 015336.183 INFO             PET0 PIOc_freedecomp Enter - MemInfo: [malloc] Total free space:                             180816 Byte
20220313 015336.183 INFO             PET0 PIOc_freedecomp Enter - MemInfo: [malloc] Top-most, releasable space:                    35632 Byte
20220313 015336.183 INFO             PET0 PIOc_freedecomp Enter - MemInfo: [malloc] Total space in use, mmap + non-mmap:        89124272 Byte
20220313 015336.183 INFO             PET0 PIOc_freedecomp Enter - MemInfo: [malloc] Total space held (mmap + non-mmap):         89305088 Byte
20220313 015336.183 INFO             PET0 PIOc_freedecomp Enter - MemInfo: [malloc] Total space used (mmap + non-mmap):         89133632 Byte
20220313 015336.183 INFO             PET0 PIOc_freedecomp Enter - MemInfo: Wall-clock time since execution start:              0.0910693 seconds
20220313 015336.183 INFO             PET0 PIOc_freedecomp Exit - MemInfo: [/proc/meminfo - SSI]	MemTotal:       131394444 kB
20220313 015336.183 INFO             PET0 PIOc_freedecomp Exit - MemInfo: [/proc/meminfo - SSI]	MemFree:        123643808 kB
20220313 015336.183 INFO             PET0 PIOc_freedecomp Exit - MemInfo: [/proc/meminfo - SSI]	MemAvailable:   123388844 kB
20220313 015336.183 INFO             PET0 PIOc_freedecomp Exit - MemInfo: [/proc/meminfo - SSI]	Committed_AS:    4257224 kB
20220313 015336.183 INFO             PET0 PIOc_freedecomp Exit - MemInfo: [/proc/meminfo - SSI]	CommittedPercent: 3.24003 %
20220313 015336.183 INFO             PET0 PIOc_freedecomp Exit - MemInfo: [/proc/self/status]	VmPeak:	 3853112 kB
20220313 015336.183 INFO             PET0 PIOc_freedecomp Exit - MemInfo: [/proc/self/status]	VmSize:	 3850544 kB
20220313 015336.183 INFO             PET0 PIOc_freedecomp Exit - MemInfo: [/proc/self/status]	VmLck:	       0 kB
20220313 015336.183 INFO             PET0 PIOc_freedecomp Exit - MemInfo: [/proc/self/status]	VmPin:	   82140 kB
20220313 015336.183 INFO             PET0 PIOc_freedecomp Exit - MemInfo: [/proc/self/status]	VmHWM:	  171584 kB
20220313 015336.183 INFO             PET0 PIOc_freedecomp Exit - MemInfo: [/proc/self/status]	VmRSS:	  169536 kB
20220313 015336.183 INFO             PET0 PIOc_freedecomp Exit - MemInfo: [/proc/self/status]	VmData:	  267104 kB
20220313 015336.183 INFO             PET0 PIOc_freedecomp Exit - MemInfo: [/proc/self/status]	VmStk:	     512 kB
20220313 015336.183 INFO             PET0 PIOc_freedecomp Exit - MemInfo: [/proc/self/status]	VmExe:	    1892 kB
20220313 015336.183 INFO             PET0 PIOc_freedecomp Exit - MemInfo: [/proc/self/status]	VmLib:	  156408 kB
20220313 015336.183 INFO             PET0 PIOc_freedecomp Exit - MemInfo: [/proc/self/status]	VmPTE:	     816 kB
20220313 015336.183 INFO             PET0 PIOc_freedecomp Exit - MemInfo: [/proc/self/status]	VmPMD:	      32 kB
20220313 015336.183 INFO             PET0 PIOc_freedecomp Exit - MemInfo: [/proc/self/status]	VmSwap:	       0 kB
20220313 015336.183 INFO             PET0 PIOc_freedecomp Exit - MemInfo: [/proc/self/status]	VmRSSPercent: 0.129028 %
20220313 015336.183 INFO             PET0 PIOc_freedecomp Exit - MemInfo: [malloc] Non-mmapped space allocated:                 3305472 Byte
20220313 015336.183 INFO             PET0 PIOc_freedecomp Exit - MemInfo: [malloc] Space allocated in mmapped regions:         85999616 Byte
20220313 015336.183 INFO             PET0 PIOc_freedecomp Exit - MemInfo: [malloc] Maximum total allocated space:                     0 Byte
20220313 015336.183 INFO             PET0 PIOc_freedecomp Exit - MemInfo: [malloc] Space in freed fastbin blocks:                   848 Byte
20220313 015336.183 INFO             PET0 PIOc_freedecomp Exit - MemInfo: [malloc] Total allocated space:                       3123200 Byte
20220313 015336.183 INFO             PET0 PIOc_freedecomp Exit - MemInfo: [malloc] Total free space:                             182272 Byte
20220313 015336.183 INFO             PET0 PIOc_freedecomp Exit - MemInfo: [malloc] Top-most, releasable space:                    48448 Byte
20220313 015336.183 INFO             PET0 PIOc_freedecomp Exit - MemInfo: [malloc] Total space in use, mmap + non-mmap:        89122816 Byte
20220313 015336.183 INFO             PET0 PIOc_freedecomp Exit - MemInfo: [malloc] Total space held (mmap + non-mmap):         89305088 Byte
20220313 015336.183 INFO             PET0 PIOc_freedecomp Exit - MemInfo: [malloc] Total space used (mmap + non-mmap):         89132176 Byte
20220313 015336.183 INFO             PET0 PIOc_freedecomp Exit - MemInfo: Wall-clock time since execution start:              0.0914774 seconds
20220313 015336.185 INFO             PET0 PIOc_sync Enter - MemInfo: [/proc/meminfo - SSI]	MemTotal:       131394444 kB
20220313 015336.185 INFO             PET0 PIOc_sync Enter - MemInfo: [/proc/meminfo - SSI]	MemFree:        123643808 kB
20220313 015336.185 INFO             PET0 PIOc_sync Enter - MemInfo: [/proc/meminfo - SSI]	MemAvailable:   123388844 kB
20220313 015336.185 INFO             PET0 PIOc_sync Enter - MemInfo: [/proc/meminfo - SSI]	Committed_AS:    4257224 kB
20220313 015336.185 INFO             PET0 PIOc_sync Enter - MemInfo: [/proc/meminfo - SSI]	CommittedPercent: 3.24003 %
20220313 015336.185 INFO             PET0 PIOc_sync Enter - MemInfo: [/proc/self/status]	VmPeak:	 3853188 kB
20220313 015336.185 INFO             PET0 PIOc_sync Enter - MemInfo: [/proc/self/status]	VmSize:	 3853188 kB
20220313 015336.185 INFO             PET0 PIOc_sync Enter - MemInfo: [/proc/self/status]	VmLck:	       0 kB
20220313 015336.185 INFO             PET0 PIOc_sync Enter - MemInfo: [/proc/self/status]	VmPin:	   82140 kB
20220313 015336.185 INFO             PET0 PIOc_sync Enter - MemInfo: [/proc/self/status]	VmHWM:	  171584 kB
20220313 015336.185 INFO             PET0 PIOc_sync Enter - MemInfo: [/proc/self/status]	VmRSS:	  170684 kB
20220313 015336.185 INFO             PET0 PIOc_sync Enter - MemInfo: [/proc/self/status]	VmData:	  269748 kB
20220313 015336.185 INFO             PET0 PIOc_sync Enter - MemInfo: [/proc/self/status]	VmStk:	     512 kB
20220313 015336.185 INFO             PET0 PIOc_sync Enter - MemInfo: [/proc/self/status]	VmExe:	    1892 kB
20220313 015336.185 INFO             PET0 PIOc_sync Enter - MemInfo: [/proc/self/status]	VmLib:	  156408 kB
20220313 015336.185 INFO             PET0 PIOc_sync Enter - MemInfo: [/proc/self/status]	VmPTE:	     820 kB
20220313 015336.185 INFO             PET0 PIOc_sync Enter - MemInfo: [/proc/self/status]	VmPMD:	      32 kB
20220313 015336.185 INFO             PET0 PIOc_sync Enter - MemInfo: [/proc/self/status]	VmSwap:	       0 kB
20220313 015336.185 INFO             PET0 PIOc_sync Enter - MemInfo: [/proc/self/status]	VmRSSPercent: 0.129902 %
20220313 015336.185 INFO             PET0 PIOc_sync Enter - MemInfo: [malloc] Non-mmapped space allocated:                 6012928 Byte
20220313 015336.185 INFO             PET0 PIOc_sync Enter - MemInfo: [malloc] Space allocated in mmapped regions:         85999616 Byte
20220313 015336.185 INFO             PET0 PIOc_sync Enter - MemInfo: [malloc] Maximum total allocated space:                     0 Byte
20220313 015336.185 INFO             PET0 PIOc_sync Enter - MemInfo: [malloc] Space in freed fastbin blocks:                   112 Byte
20220313 015336.185 INFO             PET0 PIOc_sync Enter - MemInfo: [malloc] Total allocated space:                       5760928 Byte
20220313 015336.185 INFO             PET0 PIOc_sync Enter - MemInfo: [malloc] Total free space:                             252000 Byte
20220313 015336.185 INFO             PET0 PIOc_sync Enter - MemInfo: [malloc] Top-most, releasable space:                   119520 Byte
20220313 015336.185 INFO             PET0 PIOc_sync Enter - MemInfo: [malloc] Total space in use, mmap + non-mmap:        91760544 Byte
20220313 015336.185 INFO             PET0 PIOc_sync Enter - MemInfo: [malloc] Total space held (mmap + non-mmap):         92012544 Byte
20220313 015336.185 INFO             PET0 PIOc_sync Enter - MemInfo: [malloc] Total space used (mmap + non-mmap):         91769904 Byte
20220313 015336.185 INFO             PET0 PIOc_sync Enter - MemInfo: Wall-clock time since execution start:              0.0930499 seconds
20220313 015336.185 INFO             PET0 PIOc_sync Exit - MemInfo: [/proc/meminfo - SSI]	MemTotal:       131394444 kB
20220313 015336.185 INFO             PET0 PIOc_sync Exit - MemInfo: [/proc/meminfo - SSI]	MemFree:        123643808 kB
20220313 015336.185 INFO             PET0 PIOc_sync Exit - MemInfo: [/proc/meminfo - SSI]	MemAvailable:   123388844 kB
20220313 015336.185 INFO             PET0 PIOc_sync Exit - MemInfo: [/proc/meminfo - SSI]	Committed_AS:    4257224 kB
20220313 015336.185 INFO             PET0 PIOc_sync Exit - MemInfo: [/proc/meminfo - SSI]	CommittedPercent: 3.24003 %
20220313 015336.186 INFO             PET0 PIOc_sync Exit - MemInfo: [/proc/self/status]	VmPeak:	 3853188 kB
20220313 015336.186 INFO             PET0 PIOc_sync Exit - MemInfo: [/proc/self/status]	VmSize:	 3853188 kB
20220313 015336.186 INFO             PET0 PIOc_sync Exit - MemInfo: [/proc/self/status]	VmLck:	       0 kB
20220313 015336.186 INFO             PET0 PIOc_sync Exit - MemInfo: [/proc/self/status]	VmPin:	   82140 kB
20220313 015336.186 INFO             PET0 PIOc_sync Exit - MemInfo: [/proc/self/status]	VmHWM:	  171584 kB
20220313 015336.186 INFO             PET0 PIOc_sync Exit - MemInfo: [/proc/self/status]	VmRSS:	  170728 kB
20220313 015336.186 INFO             PET0 PIOc_sync Exit - MemInfo: [/proc/self/status]	VmData:	  269748 kB
20220313 015336.186 INFO             PET0 PIOc_sync Exit - MemInfo: [/proc/self/status]	VmStk:	     512 kB
20220313 015336.186 INFO             PET0 PIOc_sync Exit - MemInfo: [/proc/self/status]	VmExe:	    1892 kB
20220313 015336.186 INFO             PET0 PIOc_sync Exit - MemInfo: [/proc/self/status]	VmLib:	  156408 kB
20220313 015336.186 INFO             PET0 PIOc_sync Exit - MemInfo: [/proc/self/status]	VmPTE:	     820 kB
20220313 015336.186 INFO             PET0 PIOc_sync Exit - MemInfo: [/proc/self/status]	VmPMD:	      32 kB
20220313 015336.186 INFO             PET0 PIOc_sync Exit - MemInfo: [/proc/self/status]	VmSwap:	       0 kB
20220313 015336.186 INFO             PET0 PIOc_sync Exit - MemInfo: [/proc/self/status]	VmRSSPercent: 0.129935 %
20220313 015336.186 INFO             PET0 PIOc_sync Exit - MemInfo: [malloc] Non-mmapped space allocated:                 6012928 Byte
20220313 015336.186 INFO             PET0 PIOc_sync Exit - MemInfo: [malloc] Space allocated in mmapped regions:         85999616 Byte
20220313 015336.186 INFO             PET0 PIOc_sync Exit - MemInfo: [malloc] Maximum total allocated space:                     0 Byte
20220313 015336.186 INFO             PET0 PIOc_sync Exit - MemInfo: [malloc] Space in freed fastbin blocks:                   128 Byte
20220313 015336.186 INFO             PET0 PIOc_sync Exit - MemInfo: [malloc] Total allocated space:                       5760192 Byte
20220313 015336.186 INFO             PET0 PIOc_sync Exit - MemInfo: [malloc] Total free space:                             252736 Byte
20220313 015336.186 INFO             PET0 PIOc_sync Exit - MemInfo: [malloc] Top-most, releasable space:                   120144 Byte
20220313 015336.186 INFO             PET0 PIOc_sync Exit - MemInfo: [malloc] Total space in use, mmap + non-mmap:        91759808 Byte
20220313 015336.186 INFO             PET0 PIOc_sync Exit - MemInfo: [malloc] Total space held (mmap + non-mmap):         92012544 Byte
20220313 015336.186 INFO             PET0 PIOc_sync Exit - MemInfo: [malloc] Total space used (mmap + non-mmap):         91769168 Byte
20220313 015336.186 INFO             PET0 PIOc_sync Exit - MemInfo: Wall-clock time since execution start:              0.0938635 seconds
20220313 015336.186 INFO             PET0 PIOc_freedecomp Enter - MemInfo: [/proc/meminfo - SSI]	MemTotal:       131394444 kB
20220313 015336.186 INFO             PET0 PIOc_freedecomp Enter - MemInfo: [/proc/meminfo - SSI]	MemFree:        123643808 kB
20220313 015336.186 INFO             PET0 PIOc_freedecomp Enter - MemInfo: [/proc/meminfo - SSI]	MemAvailable:   123388844 kB
20220313 015336.186 INFO             PET0 PIOc_freedecomp Enter - MemInfo: [/proc/meminfo - SSI]	Committed_AS:    4257224 kB
20220313 015336.186 INFO             PET0 PIOc_freedecomp Enter - MemInfo: [/proc/meminfo - SSI]	CommittedPercent: 3.24003 %
20220313 015336.186 INFO             PET0 PIOc_freedecomp Enter - MemInfo: [/proc/self/status]	VmPeak:	 3853188 kB
20220313 015336.186 INFO             PET0 PIOc_freedecomp Enter - MemInfo: [/proc/self/status]	VmSize:	 3853188 kB
20220313 015336.186 INFO             PET0 PIOc_freedecomp Enter - MemInfo: [/proc/self/status]	VmLck:	       0 kB
20220313 015336.186 INFO             PET0 PIOc_freedecomp Enter - MemInfo: [/proc/self/status]	VmPin:	   82140 kB
20220313 015336.186 INFO             PET0 PIOc_freedecomp Enter - MemInfo: [/proc/self/status]	VmHWM:	  171584 kB
20220313 015336.186 INFO             PET0 PIOc_freedecomp Enter - MemInfo: [/proc/self/status]	VmRSS:	  170728 kB
20220313 015336.186 INFO             PET0 PIOc_freedecomp Enter - MemInfo: [/proc/self/status]	VmData:	  269748 kB
20220313 015336.186 INFO             PET0 PIOc_freedecomp Enter - MemInfo: [/proc/self/status]	VmStk:	     512 kB
20220313 015336.186 INFO             PET0 PIOc_freedecomp Enter - MemInfo: [/proc/self/status]	VmExe:	    1892 kB
20220313 015336.186 INFO             PET0 PIOc_freedecomp Enter - MemInfo: [/proc/self/status]	VmLib:	  156408 kB
20220313 015336.186 INFO             PET0 PIOc_freedecomp Enter - MemInfo: [/proc/self/status]	VmPTE:	     820 kB
20220313 015336.186 INFO             PET0 PIOc_freedecomp Enter - MemInfo: [/proc/self/status]	VmPMD:	      32 kB
20220313 015336.186 INFO             PET0 PIOc_freedecomp Enter - MemInfo: [/proc/self/status]	VmSwap:	       0 kB
20220313 015336.186 INFO             PET0 PIOc_freedecomp Enter - MemInfo: [/proc/self/status]	VmRSSPercent: 0.129935 %
20220313 015336.186 INFO             PET0 PIOc_freedecomp Enter - MemInfo: [malloc] Non-mmapped space allocated:                 6012928 Byte
20220313 015336.186 INFO             PET0 PIOc_freedecomp Enter - MemInfo: [malloc] Space allocated in mmapped regions:         85999616 Byte
20220313 015336.187 INFO             PET0 PIOc_freedecomp Enter - MemInfo: [malloc] Maximum total allocated space:                     0 Byte
20220313 015336.187 INFO             PET0 PIOc_freedecomp Enter - MemInfo: [malloc] Space in freed fastbin blocks:                   368 Byte
20220313 015336.187 INFO             PET0 PIOc_freedecomp Enter - MemInfo: [malloc] Total allocated space:                       3124656 Byte
20220313 015336.187 INFO             PET0 PIOc_freedecomp Enter - MemInfo: [malloc] Total free space:                            2888272 Byte
20220313 015336.187 INFO             PET0 PIOc_freedecomp Enter - MemInfo: [malloc] Top-most, releasable space:                   121760 Byte
20220313 015336.187 INFO             PET0 PIOc_freedecomp Enter - MemInfo: [malloc] Total space in use, mmap + non-mmap:        89124272 Byte
20220313 015336.187 INFO             PET0 PIOc_freedecomp Enter - MemInfo: [malloc] Total space held (mmap + non-mmap):         92012544 Byte
20220313 015336.187 INFO             PET0 PIOc_freedecomp Enter - MemInfo: [malloc] Total space used (mmap + non-mmap):         89133632 Byte
20220313 015336.187 INFO             PET0 PIOc_freedecomp Enter - MemInfo: Wall-clock time since execution start:              0.0946439 seconds
20220313 015336.187 INFO             PET0 PIOc_freedecomp Exit - MemInfo: [/proc/meminfo - SSI]	MemTotal:       131394444 kB
20220313 015336.187 INFO             PET0 PIOc_freedecomp Exit - MemInfo: [/proc/meminfo - SSI]	MemFree:        123643808 kB
20220313 015336.187 INFO             PET0 PIOc_freedecomp Exit - MemInfo: [/proc/meminfo - SSI]	MemAvailable:   123388844 kB
20220313 015336.187 INFO             PET0 PIOc_freedecomp Exit - MemInfo: [/proc/meminfo - SSI]	Committed_AS:    4257224 kB
20220313 015336.187 INFO             PET0 PIOc_freedecomp Exit - MemInfo: [/proc/meminfo - SSI]	CommittedPercent: 3.24003 %
20220313 015336.187 INFO             PET0 PIOc_freedecomp Exit - MemInfo: [/proc/self/status]	VmPeak:	 3853188 kB
20220313 015336.187 INFO             PET0 PIOc_freedecomp Exit - MemInfo: [/proc/self/status]	VmSize:	 3853188 kB
20220313 015336.187 INFO             PET0 PIOc_freedecomp Exit - MemInfo: [/proc/self/status]	VmLck:	       0 kB
20220313 015336.187 INFO             PET0 PIOc_freedecomp Exit - MemInfo: [/proc/self/status]	VmPin:	   82140 kB
20220313 015336.187 INFO             PET0 PIOc_freedecomp Exit - MemInfo: [/proc/self/status]	VmHWM:	  171584 kB
20220313 015336.187 INFO             PET0 PIOc_freedecomp Exit - MemInfo: [/proc/self/status]	VmRSS:	  170728 kB
20220313 015336.187 INFO             PET0 PIOc_freedecomp Exit - MemInfo: [/proc/self/status]	VmData:	  269748 kB
20220313 015336.187 INFO             PET0 PIOc_freedecomp Exit - MemInfo: [/proc/self/status]	VmStk:	     512 kB
20220313 015336.187 INFO             PET0 PIOc_freedecomp Exit - MemInfo: [/proc/self/status]	VmExe:	    1892 kB
20220313 015336.187 INFO             PET0 PIOc_freedecomp Exit - MemInfo: [/proc/self/status]	VmLib:	  156408 kB
20220313 015336.187 INFO             PET0 PIOc_freedecomp Exit - MemInfo: [/proc/self/status]	VmPTE:	     820 kB
20220313 015336.187 INFO             PET0 PIOc_freedecomp Exit - MemInfo: [/proc/self/status]	VmPMD:	      32 kB
20220313 015336.187 INFO             PET0 PIOc_freedecomp Exit - MemInfo: [/proc/self/status]	VmSwap:	       0 kB
20220313 015336.187 INFO             PET0 PIOc_freedecomp Exit - MemInfo: [/proc/self/status]	VmRSSPercent: 0.129935 %
20220313 015336.187 INFO             PET0 PIOc_freedecomp Exit - MemInfo: [malloc] Non-mmapped space allocated:                 6012928 Byte
20220313 015336.187 INFO             PET0 PIOc_freedecomp Exit - MemInfo: [malloc] Space allocated in mmapped regions:         85999616 Byte
20220313 015336.187 INFO             PET0 PIOc_freedecomp Exit - MemInfo: [malloc] Maximum total allocated space:                     0 Byte
20220313 015336.187 INFO             PET0 PIOc_freedecomp Exit - MemInfo: [malloc] Space in freed fastbin blocks:                   352 Byte
20220313 015336.187 INFO             PET0 PIOc_freedecomp Exit - MemInfo: [malloc] Total allocated space:                       3123200 Byte
20220313 015336.187 INFO             PET0 PIOc_freedecomp Exit - MemInfo: [malloc] Total free space:                            2889728 Byte
20220313 015336.187 INFO             PET0 PIOc_freedecomp Exit - MemInfo: [malloc] Top-most, releasable space:                   122288 Byte
20220313 015336.187 INFO             PET0 PIOc_freedecomp Exit - MemInfo: [malloc] Total space in use, mmap + non-mmap:        89122816 Byte
20220313 015336.187 INFO             PET0 PIOc_freedecomp Exit - MemInfo: [malloc] Total space held (mmap + non-mmap):         92012544 Byte
20220313 015336.187 INFO             PET0 PIOc_freedecomp Exit - MemInfo: [malloc] Total space used (mmap + non-mmap):         89132176 Byte
20220313 015336.187 INFO             PET0 PIOc_freedecomp Exit - MemInfo: Wall-clock time since execution start:              0.0950147 seconds
20220313 015336.188 INFO             PET0 PIOc_sync Enter - MemInfo: [/proc/meminfo - SSI]	MemTotal:       131394444 kB
20220313 015336.188 INFO             PET0 PIOc_sync Enter - MemInfo: [/proc/meminfo - SSI]	MemFree:        123643372 kB
20220313 015336.188 INFO             PET0 PIOc_sync Enter - MemInfo: [/proc/meminfo - SSI]	MemAvailable:   123388408 kB
20220313 015336.188 INFO             PET0 PIOc_sync Enter - MemInfo: [/proc/meminfo - SSI]	Committed_AS:    4257224 kB
20220313 015336.188 INFO             PET0 PIOc_sync Enter - MemInfo: [/proc/meminfo - SSI]	CommittedPercent: 3.24003 %
20220313 015336.188 INFO             PET0 PIOc_sync Enter - MemInfo: [/proc/self/status]	VmPeak:	 3854208 kB
20220313 015336.188 INFO             PET0 PIOc_sync Enter - MemInfo: [/proc/self/status]	VmSize:	 3853188 kB
20220313 015336.188 INFO             PET0 PIOc_sync Enter - MemInfo: [/proc/self/status]	VmLck:	       0 kB
20220313 015336.188 INFO             PET0 PIOc_sync Enter - MemInfo: [/proc/self/status]	VmPin:	   82140 kB
20220313 015336.188 INFO             PET0 PIOc_sync Enter - MemInfo: [/proc/self/status]	VmHWM:	  171584 kB
20220313 015336.188 INFO             PET0 PIOc_sync Enter - MemInfo: [/proc/self/status]	VmRSS:	  171244 kB
20220313 015336.188 INFO             PET0 PIOc_sync Enter - MemInfo: [/proc/self/status]	VmData:	  269748 kB
20220313 015336.188 INFO             PET0 PIOc_sync Enter - MemInfo: [/proc/self/status]	VmStk:	     512 kB
20220313 015336.188 INFO             PET0 PIOc_sync Enter - MemInfo: [/proc/self/status]	VmExe:	    1892 kB
20220313 015336.188 INFO             PET0 PIOc_sync Enter - MemInfo: [/proc/self/status]	VmLib:	  156408 kB
20220313 015336.188 INFO             PET0 PIOc_sync Enter - MemInfo: [/proc/self/status]	VmPTE:	     820 kB
20220313 015336.188 INFO             PET0 PIOc_sync Enter - MemInfo: [/proc/self/status]	VmPMD:	      32 kB
20220313 015336.188 INFO             PET0 PIOc_sync Enter - MemInfo: [/proc/self/status]	VmSwap:	       0 kB
20220313 015336.188 INFO             PET0 PIOc_sync Enter - MemInfo: [/proc/self/status]	VmRSSPercent: 0.130328 %
20220313 015336.188 INFO             PET0 PIOc_sync Enter - MemInfo: [malloc] Non-mmapped space allocated:                 6012928 Byte
20220313 015336.188 INFO             PET0 PIOc_sync Enter - MemInfo: [malloc] Space allocated in mmapped regions:         85999616 Byte
20220313 015336.188 INFO             PET0 PIOc_sync Enter - MemInfo: [malloc] Maximum total allocated space:                     0 Byte
20220313 015336.188 INFO             PET0 PIOc_sync Enter - MemInfo: [malloc] Space in freed fastbin blocks:                   112 Byte
20220313 015336.188 INFO             PET0 PIOc_sync Enter - MemInfo: [malloc] Total allocated space:                       5761664 Byte
20220313 015336.188 INFO             PET0 PIOc_sync Enter - MemInfo: [malloc] Total free space:                             251264 Byte
20220313 015336.188 INFO             PET0 PIOc_sync Enter - MemInfo: [malloc] Top-most, releasable space:                   118272 Byte
20220313 015336.188 INFO             PET0 PIOc_sync Enter - MemInfo: [malloc] Total space in use, mmap + non-mmap:        91761280 Byte
20220313 015336.188 INFO             PET0 PIOc_sync Enter - MemInfo: [malloc] Total space held (mmap + non-mmap):         92012544 Byte
20220313 015336.188 INFO             PET0 PIOc_sync Enter - MemInfo: [malloc] Total space used (mmap + non-mmap):         91770640 Byte
20220313 015336.188 INFO             PET0 PIOc_sync Enter - MemInfo: Wall-clock time since execution start:              0.0963184 seconds
20220313 015336.188 INFO             PET0 PIOc_sync Exit - MemInfo: [/proc/meminfo - SSI]	MemTotal:       131394444 kB
20220313 015336.188 INFO             PET0 PIOc_sync Exit - MemInfo: [/proc/meminfo - SSI]	MemFree:        123643372 kB
20220313 015336.188 INFO             PET0 PIOc_sync Exit - MemInfo: [/proc/meminfo - SSI]	MemAvailable:   123388408 kB
20220313 015336.188 INFO             PET0 PIOc_sync Exit - MemInfo: [/proc/meminfo - SSI]	Committed_AS:    4257224 kB
20220313 015336.188 INFO             PET0 PIOc_sync Exit - MemInfo: [/proc/meminfo - SSI]	CommittedPercent: 3.24003 %
20220313 015336.188 INFO             PET0 PIOc_sync Exit - MemInfo: [/proc/self/status]	VmPeak:	 3854208 kB
20220313 015336.188 INFO             PET0 PIOc_sync Exit - MemInfo: [/proc/self/status]	VmSize:	 3853188 kB
20220313 015336.188 INFO             PET0 PIOc_sync Exit - MemInfo: [/proc/self/status]	VmLck:	       0 kB
20220313 015336.188 INFO             PET0 PIOc_sync Exit - MemInfo: [/proc/self/status]	VmPin:	   82140 kB
20220313 015336.188 INFO             PET0 PIOc_sync Exit - MemInfo: [/proc/self/status]	VmHWM:	  171584 kB
20220313 015336.189 INFO             PET0 PIOc_sync Exit - MemInfo: [/proc/self/status]	VmRSS:	  171268 kB
20220313 015336.189 INFO             PET0 PIOc_sync Exit - MemInfo: [/proc/self/status]	VmData:	  269748 kB
20220313 015336.189 INFO             PET0 PIOc_sync Exit - MemInfo: [/proc/self/status]	VmStk:	     512 kB
20220313 015336.189 INFO             PET0 PIOc_sync Exit - MemInfo: [/proc/self/status]	VmExe:	    1892 kB
20220313 015336.189 INFO             PET0 PIOc_sync Exit - MemInfo: [/proc/self/status]	VmLib:	  156408 kB
20220313 015336.189 INFO             PET0 PIOc_sync Exit - MemInfo: [/proc/self/status]	VmPTE:	     820 kB
20220313 015336.189 INFO             PET0 PIOc_sync Exit - MemInfo: [/proc/self/status]	VmPMD:	      32 kB
20220313 015336.189 INFO             PET0 PIOc_sync Exit - MemInfo: [/proc/self/status]	VmSwap:	       0 kB
20220313 015336.189 INFO             PET0 PIOc_sync Exit - MemInfo: [/proc/self/status]	VmRSSPercent: 0.130346 %
20220313 015336.189 INFO             PET0 PIOc_sync Exit - MemInfo: [malloc] Non-mmapped space allocated:                 6012928 Byte
20220313 015336.189 INFO             PET0 PIOc_sync Exit - MemInfo: [malloc] Space allocated in mmapped regions:         85999616 Byte
20220313 015336.189 INFO             PET0 PIOc_sync Exit - MemInfo: [malloc] Maximum total allocated space:                     0 Byte
20220313 015336.189 INFO             PET0 PIOc_sync Exit - MemInfo: [malloc] Space in freed fastbin blocks:                   352 Byte
20220313 015336.189 INFO             PET0 PIOc_sync Exit - MemInfo: [malloc] Total allocated space:                       5760944 Byte
20220313 015336.189 INFO             PET0 PIOc_sync Exit - MemInfo: [malloc] Total free space:                             251984 Byte
20220313 015336.189 INFO             PET0 PIOc_sync Exit - MemInfo: [malloc] Top-most, releasable space:                   118896 Byte
20220313 015336.189 INFO             PET0 PIOc_sync Exit - MemInfo: [malloc] Total space in use, mmap + non-mmap:        91760560 Byte
20220313 015336.189 INFO             PET0 PIOc_sync Exit - MemInfo: [malloc] Total space held (mmap + non-mmap):         92012544 Byte
20220313 015336.189 INFO             PET0 PIOc_sync Exit - MemInfo: [malloc] Total space used (mmap + non-mmap):         91769920 Byte
20220313 015336.189 INFO             PET0 PIOc_sync Exit - MemInfo: Wall-clock time since execution start:              0.0967849 seconds
20220313 015336.189 INFO             PET0 PIOc_freedecomp Enter - MemInfo: [/proc/meminfo - SSI]	MemTotal:       131394444 kB
20220313 015336.189 INFO             PET0 PIOc_freedecomp Enter - MemInfo: [/proc/meminfo - SSI]	MemFree:        123643372 kB
20220313 015336.189 INFO             PET0 PIOc_freedecomp Enter - MemInfo: [/proc/meminfo - SSI]	MemAvailable:   123388408 kB
20220313 015336.189 INFO             PET0 PIOc_freedecomp Enter - MemInfo: [/proc/meminfo - SSI]	Committed_AS:    4257224 kB
20220313 015336.189 INFO             PET0 PIOc_freedecomp Enter - MemInfo: [/proc/meminfo - SSI]	CommittedPercent: 3.24003 %
20220313 015336.189 INFO             PET0 PIOc_freedecomp Enter - MemInfo: [/proc/self/status]	VmPeak:	 3854208 kB
20220313 015336.189 INFO             PET0 PIOc_freedecomp Enter - MemInfo: [/proc/self/status]	VmSize:	 3853188 kB
20220313 015336.189 INFO             PET0 PIOc_freedecomp Enter - MemInfo: [/proc/self/status]	VmLck:	       0 kB
20220313 015336.189 INFO             PET0 PIOc_freedecomp Enter - MemInfo: [/proc/self/status]	VmPin:	   82140 kB
20220313 015336.189 INFO             PET0 PIOc_freedecomp Enter - MemInfo: [/proc/self/status]	VmHWM:	  171584 kB
20220313 015336.189 INFO             PET0 PIOc_freedecomp Enter - MemInfo: [/proc/self/status]	VmRSS:	  171268 kB
20220313 015336.189 INFO             PET0 PIOc_freedecomp Enter - MemInfo: [/proc/self/status]	VmData:	  269748 kB
20220313 015336.189 INFO             PET0 PIOc_freedecomp Enter - MemInfo: [/proc/self/status]	VmStk:	     512 kB
20220313 015336.189 INFO             PET0 PIOc_freedecomp Enter - MemInfo: [/proc/self/status]	VmExe:	    1892 kB
20220313 015336.189 INFO             PET0 PIOc_freedecomp Enter - MemInfo: [/proc/self/status]	VmLib:	  156408 kB
20220313 015336.189 INFO             PET0 PIOc_freedecomp Enter - MemInfo: [/proc/self/status]	VmPTE:	     820 kB
20220313 015336.189 INFO             PET0 PIOc_freedecomp Enter - MemInfo: [/proc/self/status]	VmPMD:	      32 kB
20220313 015336.189 INFO             PET0 PIOc_freedecomp Enter - MemInfo: [/proc/self/status]	VmSwap:	       0 kB
20220313 015336.189 INFO             PET0 PIOc_freedecomp Enter - MemInfo: [/proc/self/status]	VmRSSPercent: 0.130346 %
20220313 015336.189 INFO             PET0 PIOc_freedecomp Enter - MemInfo: [malloc] Non-mmapped space allocated:                 6012928 Byte
20220313 015336.189 INFO             PET0 PIOc_freedecomp Enter - MemInfo: [malloc] Space allocated in mmapped regions:         85999616 Byte
20220313 015336.189 INFO             PET0 PIOc_freedecomp Enter - MemInfo: [malloc] Maximum total allocated space:                     0 Byte
20220313 015336.189 INFO             PET0 PIOc_freedecomp Enter - MemInfo: [malloc] Space in freed fastbin blocks:                   368 Byte
20220313 015336.189 INFO             PET0 PIOc_freedecomp Enter - MemInfo: [malloc] Total allocated space:                       3124656 Byte
20220313 015336.189 INFO             PET0 PIOc_freedecomp Enter - MemInfo: [malloc] Total free space:                            2888272 Byte
20220313 015336.189 INFO             PET0 PIOc_freedecomp Enter - MemInfo: [malloc] Top-most, releasable space:                   121024 Byte
20220313 015336.189 INFO             PET0 PIOc_freedecomp Enter - MemInfo: [malloc] Total space in use, mmap + non-mmap:        89124272 Byte
20220313 015336.189 INFO             PET0 PIOc_freedecomp Enter - MemInfo: [malloc] Total space held (mmap + non-mmap):         92012544 Byte
20220313 015336.189 INFO             PET0 PIOc_freedecomp Enter - MemInfo: [malloc] Total space used (mmap + non-mmap):         89133632 Byte
20220313 015336.189 INFO             PET0 PIOc_freedecomp Enter - MemInfo: Wall-clock time since execution start:              0.0971799 seconds
20220313 015336.189 INFO             PET0 PIOc_freedecomp Exit - MemInfo: [/proc/meminfo - SSI]	MemTotal:       131394444 kB
20220313 015336.189 INFO             PET0 PIOc_freedecomp Exit - MemInfo: [/proc/meminfo - SSI]	MemFree:        123643372 kB
20220313 015336.189 INFO             PET0 PIOc_freedecomp Exit - MemInfo: [/proc/meminfo - SSI]	MemAvailable:   123388408 kB
20220313 015336.189 INFO             PET0 PIOc_freedecomp Exit - MemInfo: [/proc/meminfo - SSI]	Committed_AS:    4257224 kB
20220313 015336.189 INFO             PET0 PIOc_freedecomp Exit - MemInfo: [/proc/meminfo - SSI]	CommittedPercent: 3.24003 %
20220313 015336.189 INFO             PET0 PIOc_freedecomp Exit - MemInfo: [/proc/self/status]	VmPeak:	 3854208 kB
20220313 015336.189 INFO             PET0 PIOc_freedecomp Exit - MemInfo: [/proc/self/status]	VmSize:	 3853188 kB
20220313 015336.189 INFO             PET0 PIOc_freedecomp Exit - MemInfo: [/proc/self/status]	VmLck:	       0 kB
20220313 015336.189 INFO             PET0 PIOc_freedecomp Exit - MemInfo: [/proc/self/status]	VmPin:	   82140 kB
20220313 015336.189 INFO             PET0 PIOc_freedecomp Exit - MemInfo: [/proc/self/status]	VmHWM:	  171584 kB
20220313 015336.189 INFO             PET0 PIOc_freedecomp Exit - MemInfo: [/proc/self/status]	VmRSS:	  171268 kB
20220313 015336.189 INFO             PET0 PIOc_freedecomp Exit - MemInfo: [/proc/self/status]	VmData:	  269748 kB
20220313 015336.189 INFO             PET0 PIOc_freedecomp Exit - MemInfo: [/proc/self/status]	VmStk:	     512 kB
20220313 015336.189 INFO             PET0 PIOc_freedecomp Exit - MemInfo: [/proc/self/status]	VmExe:	    1892 kB
20220313 015336.189 INFO             PET0 PIOc_freedecomp Exit - MemInfo: [/proc/self/status]	VmLib:	  156408 kB
20220313 015336.189 INFO             PET0 PIOc_freedecomp Exit - MemInfo: [/proc/self/status]	VmPTE:	     820 kB
20220313 015336.189 INFO             PET0 PIOc_freedecomp Exit - MemInfo: [/proc/self/status]	VmPMD:	      32 kB
20220313 015336.189 INFO             PET0 PIOc_freedecomp Exit - MemInfo: [/proc/self/status]	VmSwap:	       0 kB
20220313 015336.189 INFO             PET0 PIOc_freedecomp Exit - MemInfo: [/proc/self/status]	VmRSSPercent: 0.130346 %
20220313 015336.189 INFO             PET0 PIOc_freedecomp Exit - MemInfo: [malloc] Non-mmapped space allocated:                 6012928 Byte
20220313 015336.189 INFO             PET0 PIOc_freedecomp Exit - MemInfo: [malloc] Space allocated in mmapped regions:         85999616 Byte
20220313 015336.189 INFO             PET0 PIOc_freedecomp Exit - MemInfo: [malloc] Maximum total allocated space:                     0 Byte
20220313 015336.189 INFO             PET0 PIOc_freedecomp Exit - MemInfo: [malloc] Space in freed fastbin blocks:                   352 Byte
20220313 015336.189 INFO             PET0 PIOc_freedecomp Exit - MemInfo: [malloc] Total allocated space:                       3123200 Byte
20220313 015336.189 INFO             PET0 PIOc_freedecomp Exit - MemInfo: [malloc] Total free space:                            2889728 Byte
20220313 015336.189 INFO             PET0 PIOc_freedecomp Exit - MemInfo: [malloc] Top-most, releasable space:                   121552 Byte
20220313 015336.189 INFO             PET0 PIOc_freedecomp Exit - MemInfo: [malloc] Total space in use, mmap + non-mmap:        89122816 Byte
20220313 015336.189 INFO             PET0 PIOc_freedecomp Exit - MemInfo: [malloc] Total space held (mmap + non-mmap):         92012544 Byte
20220313 015336.189 INFO             PET0 PIOc_freedecomp Exit - MemInfo: [malloc] Total space used (mmap + non-mmap):         89132176 Byte
20220313 015336.189 INFO             PET0 PIOc_freedecomp Exit - MemInfo: Wall-clock time since execution start:              0.0975498 seconds
20220313 015336.190 INFO             PET0 PIOc_sync Enter - MemInfo: [/proc/meminfo - SSI]	MemTotal:       131394444 kB
20220313 015336.190 INFO             PET0 PIOc_sync Enter - MemInfo: [/proc/meminfo - SSI]	MemFree:        123643372 kB
20220313 015336.190 INFO             PET0 PIOc_sync Enter - MemInfo: [/proc/meminfo - SSI]	MemAvailable:   123388408 kB
20220313 015336.190 INFO             PET0 PIOc_sync Enter - MemInfo: [/proc/meminfo - SSI]	Committed_AS:    4257224 kB
20220313 015336.190 INFO             PET0 PIOc_sync Enter - MemInfo: [/proc/meminfo - SSI]	CommittedPercent: 3.24003 %
20220313 015336.190 INFO             PET0 PIOc_sync Enter - MemInfo: [/proc/self/status]	VmPeak:	 3854208 kB
20220313 015336.190 INFO             PET0 PIOc_sync Enter - MemInfo: [/proc/self/status]	VmSize:	 3853188 kB
20220313 015336.190 INFO             PET0 PIOc_sync Enter - MemInfo: [/proc/self/status]	VmLck:	       0 kB
20220313 015336.190 INFO             PET0 PIOc_sync Enter - MemInfo: [/proc/self/status]	VmPin:	   82140 kB
20220313 015336.190 INFO             PET0 PIOc_sync Enter - MemInfo: [/proc/self/status]	VmHWM:	  171584 kB
20220313 015336.190 INFO             PET0 PIOc_sync Enter - MemInfo: [/proc/self/status]	VmRSS:	  171308 kB
20220313 015336.190 INFO             PET0 PIOc_sync Enter - MemInfo: [/proc/self/status]	VmData:	  269748 kB
20220313 015336.190 INFO             PET0 PIOc_sync Enter - MemInfo: [/proc/self/status]	VmStk:	     512 kB
20220313 015336.190 INFO             PET0 PIOc_sync Enter - MemInfo: [/proc/self/status]	VmExe:	    1892 kB
20220313 015336.190 INFO             PET0 PIOc_sync Enter - MemInfo: [/proc/self/status]	VmLib:	  156408 kB
20220313 015336.190 INFO             PET0 PIOc_sync Enter - MemInfo: [/proc/self/status]	VmPTE:	     820 kB
20220313 015336.190 INFO             PET0 PIOc_sync Enter - MemInfo: [/proc/self/status]	VmPMD:	      32 kB
20220313 015336.190 INFO             PET0 PIOc_sync Enter - MemInfo: [/proc/self/status]	VmSwap:	       0 kB
20220313 015336.190 INFO             PET0 PIOc_sync Enter - MemInfo: [/proc/self/status]	VmRSSPercent: 0.130377 %
20220313 015336.190 INFO             PET0 PIOc_sync Enter - MemInfo: [malloc] Non-mmapped space allocated:                 6012928 Byte
20220313 015336.191 INFO             PET0 PIOc_sync Enter - MemInfo: [malloc] Space allocated in mmapped regions:         85999616 Byte
20220313 015336.191 INFO             PET0 PIOc_sync Enter - MemInfo: [malloc] Maximum total allocated space:                     0 Byte
20220313 015336.191 INFO             PET0 PIOc_sync Enter - MemInfo: [malloc] Space in freed fastbin blocks:                   144 Byte
20220313 015336.191 INFO             PET0 PIOc_sync Enter - MemInfo: [malloc] Total allocated space:                       5762384 Byte
20220313 015336.191 INFO             PET0 PIOc_sync Enter - MemInfo: [malloc] Total free space:                             250544 Byte
20220313 015336.191 INFO             PET0 PIOc_sync Enter - MemInfo: [malloc] Top-most, releasable space:                   116832 Byte
20220313 015336.191 INFO             PET0 PIOc_sync Enter - MemInfo: [malloc] Total space in use, mmap + non-mmap:        91762000 Byte
20220313 015336.191 INFO             PET0 PIOc_sync Enter - MemInfo: [malloc] Total space held (mmap + non-mmap):         92012544 Byte
20220313 015336.191 INFO             PET0 PIOc_sync Enter - MemInfo: [malloc] Total space used (mmap + non-mmap):         91771360 Byte
20220313 015336.191 INFO             PET0 PIOc_sync Enter - MemInfo: Wall-clock time since execution start:               0.098675 seconds
20220313 015336.191 INFO             PET0 PIOc_sync Exit - MemInfo: [/proc/meminfo - SSI]	MemTotal:       131394444 kB
20220313 015336.191 INFO             PET0 PIOc_sync Exit - MemInfo: [/proc/meminfo - SSI]	MemFree:        123643372 kB
20220313 015336.191 INFO             PET0 PIOc_sync Exit - MemInfo: [/proc/meminfo - SSI]	MemAvailable:   123388408 kB
20220313 015336.191 INFO             PET0 PIOc_sync Exit - MemInfo: [/proc/meminfo - SSI]	Committed_AS:    4257224 kB
20220313 015336.191 INFO             PET0 PIOc_sync Exit - MemInfo: [/proc/meminfo - SSI]	CommittedPercent: 3.24003 %
20220313 015336.191 INFO             PET0 PIOc_sync Exit - MemInfo: [/proc/self/status]	VmPeak:	 3854208 kB
20220313 015336.191 INFO             PET0 PIOc_sync Exit - MemInfo: [/proc/self/status]	VmSize:	 3853188 kB
20220313 015336.191 INFO             PET0 PIOc_sync Exit - MemInfo: [/proc/self/status]	VmLck:	       0 kB
20220313 015336.191 INFO             PET0 PIOc_sync Exit - MemInfo: [/proc/self/status]	VmPin:	   82140 kB
20220313 015336.191 INFO             PET0 PIOc_sync Exit - MemInfo: [/proc/self/status]	VmHWM:	  171584 kB
20220313 015336.191 INFO             PET0 PIOc_sync Exit - MemInfo: [/proc/self/status]	VmRSS:	  171340 kB
20220313 015336.191 INFO             PET0 PIOc_sync Exit - MemInfo: [/proc/self/status]	VmData:	  269748 kB
20220313 015336.191 INFO             PET0 PIOc_sync Exit - MemInfo: [/proc/self/status]	VmStk:	     512 kB
20220313 015336.191 INFO             PET0 PIOc_sync Exit - MemInfo: [/proc/self/status]	VmExe:	    1892 kB
20220313 015336.191 INFO             PET0 PIOc_sync Exit - MemInfo: [/proc/self/status]	VmLib:	  156408 kB
20220313 015336.191 INFO             PET0 PIOc_sync Exit - MemInfo: [/proc/self/status]	VmPTE:	     820 kB
20220313 015336.191 INFO             PET0 PIOc_sync Exit - MemInfo: [/proc/self/status]	VmPMD:	      32 kB
20220313 015336.191 INFO             PET0 PIOc_sync Exit - MemInfo: [/proc/self/status]	VmSwap:	       0 kB
20220313 015336.191 INFO             PET0 PIOc_sync Exit - MemInfo: [/proc/self/status]	VmRSSPercent: 0.130401 %
20220313 015336.191 INFO             PET0 PIOc_sync Exit - MemInfo: [malloc] Non-mmapped space allocated:                 6012928 Byte
20220313 015336.191 INFO             PET0 PIOc_sync Exit - MemInfo: [malloc] Space allocated in mmapped regions:         85999616 Byte
20220313 015336.191 INFO             PET0 PIOc_sync Exit - MemInfo: [malloc] Maximum total allocated space:                     0 Byte
20220313 015336.191 INFO             PET0 PIOc_sync Exit - MemInfo: [malloc] Space in freed fastbin blocks:                   352 Byte
20220313 015336.191 INFO             PET0 PIOc_sync Exit - MemInfo: [malloc] Total allocated space:                       5761664 Byte
20220313 015336.191 INFO             PET0 PIOc_sync Exit - MemInfo: [malloc] Total free space:                             251264 Byte
20220313 015336.191 INFO             PET0 PIOc_sync Exit - MemInfo: [malloc] Top-most, releasable space:                   117456 Byte
20220313 015336.191 INFO             PET0 PIOc_sync Exit - MemInfo: [malloc] Total space in use, mmap + non-mmap:        91761280 Byte
20220313 015336.191 INFO             PET0 PIOc_sync Exit - MemInfo: [malloc] Total space held (mmap + non-mmap):         92012544 Byte
20220313 015336.191 INFO             PET0 PIOc_sync Exit - MemInfo: [malloc] Total space used (mmap + non-mmap):         91770640 Byte
20220313 015336.191 INFO             PET0 PIOc_sync Exit - MemInfo: Wall-clock time since execution start:              0.0991381 seconds
20220313 015336.191 INFO             PET0 PIOc_freedecomp Enter - MemInfo: [/proc/meminfo - SSI]	MemTotal:       131394444 kB
20220313 015336.191 INFO             PET0 PIOc_freedecomp Enter - MemInfo: [/proc/meminfo - SSI]	MemFree:        123643372 kB
20220313 015336.191 INFO             PET0 PIOc_freedecomp Enter - MemInfo: [/proc/meminfo - SSI]	MemAvailable:   123388408 kB
20220313 015336.191 INFO             PET0 PIOc_freedecomp Enter - MemInfo: [/proc/meminfo - SSI]	Committed_AS:    4257224 kB
20220313 015336.191 INFO             PET0 PIOc_freedecomp Enter - MemInfo: [/proc/meminfo - SSI]	CommittedPercent: 3.24003 %
20220313 015336.191 INFO             PET0 PIOc_freedecomp Enter - MemInfo: [/proc/self/status]	VmPeak:	 3854208 kB
20220313 015336.191 INFO             PET0 PIOc_freedecomp Enter - MemInfo: [/proc/self/status]	VmSize:	 3853188 kB
20220313 015336.191 INFO             PET0 PIOc_freedecomp Enter - MemInfo: [/proc/self/status]	VmLck:	       0 kB
20220313 015336.191 INFO             PET0 PIOc_freedecomp Enter - MemInfo: [/proc/self/status]	VmPin:	   82140 kB
20220313 015336.191 INFO             PET0 PIOc_freedecomp Enter - MemInfo: [/proc/self/status]	VmHWM:	  171584 kB
20220313 015336.191 INFO             PET0 PIOc_freedecomp Enter - MemInfo: [/proc/self/status]	VmRSS:	  171340 kB
20220313 015336.191 INFO             PET0 PIOc_freedecomp Enter - MemInfo: [/proc/self/status]	VmData:	  269748 kB
20220313 015336.191 INFO             PET0 PIOc_freedecomp Enter - MemInfo: [/proc/self/status]	VmStk:	     512 kB
20220313 015336.191 INFO             PET0 PIOc_freedecomp Enter - MemInfo: [/proc/self/status]	VmExe:	    1892 kB
20220313 015336.191 INFO             PET0 PIOc_freedecomp Enter - MemInfo: [/proc/self/status]	VmLib:	  156408 kB
20220313 015336.191 INFO             PET0 PIOc_freedecomp Enter - MemInfo: [/proc/self/status]	VmPTE:	     820 kB
20220313 015336.191 INFO             PET0 PIOc_freedecomp Enter - MemInfo: [/proc/self/status]	VmPMD:	      32 kB
20220313 015336.191 INFO             PET0 PIOc_freedecomp Enter - MemInfo: [/proc/self/status]	VmSwap:	       0 kB
20220313 015336.191 INFO             PET0 PIOc_freedecomp Enter - MemInfo: [/proc/self/status]	VmRSSPercent: 0.130401 %
20220313 015336.191 INFO             PET0 PIOc_freedecomp Enter - MemInfo: [malloc] Non-mmapped space allocated:                 6012928 Byte
20220313 015336.191 INFO             PET0 PIOc_freedecomp Enter - MemInfo: [malloc] Space allocated in mmapped regions:         85999616 Byte
20220313 015336.191 INFO             PET0 PIOc_freedecomp Enter - MemInfo: [malloc] Maximum total allocated space:                     0 Byte
20220313 015336.191 INFO             PET0 PIOc_freedecomp Enter - MemInfo: [malloc] Space in freed fastbin blocks:                   368 Byte
20220313 015336.191 INFO             PET0 PIOc_freedecomp Enter - MemInfo: [malloc] Total allocated space:                       3124656 Byte
20220313 015336.191 INFO             PET0 PIOc_freedecomp Enter - MemInfo: [malloc] Total free space:                            2888272 Byte
20220313 015336.191 INFO             PET0 PIOc_freedecomp Enter - MemInfo: [malloc] Top-most, releasable space:                   118192 Byte
20220313 015336.191 INFO             PET0 PIOc_freedecomp Enter - MemInfo: [malloc] Total space in use, mmap + non-mmap:        89124272 Byte
20220313 015336.191 INFO             PET0 PIOc_freedecomp Enter - MemInfo: [malloc] Total space held (mmap + non-mmap):         92012544 Byte
20220313 015336.191 INFO             PET0 PIOc_freedecomp Enter - MemInfo: [malloc] Total space used (mmap + non-mmap):         89133632 Byte
20220313 015336.191 INFO             PET0 PIOc_freedecomp Enter - MemInfo: Wall-clock time since execution start:              0.0995644 seconds
20220313 015336.192 INFO             PET0 PIOc_freedecomp Exit - MemInfo: [/proc/meminfo - SSI]	MemTotal:       131394444 kB
20220313 015336.192 INFO             PET0 PIOc_freedecomp Exit - MemInfo: [/proc/meminfo - SSI]	MemFree:        123643372 kB
20220313 015336.192 INFO             PET0 PIOc_freedecomp Exit - MemInfo: [/proc/meminfo - SSI]	MemAvailable:   123388408 kB
20220313 015336.192 INFO             PET0 PIOc_freedecomp Exit - MemInfo: [/proc/meminfo - SSI]	Committed_AS:    4257224 kB
20220313 015336.192 INFO             PET0 PIOc_freedecomp Exit - MemInfo: [/proc/meminfo - SSI]	CommittedPercent: 3.24003 %
20220313 015336.192 INFO             PET0 PIOc_freedecomp Exit - MemInfo: [/proc/self/status]	VmPeak:	 3854208 kB
20220313 015336.192 INFO             PET0 PIOc_freedecomp Exit - MemInfo: [/proc/self/status]	VmSize:	 3853188 kB
20220313 015336.192 INFO             PET0 PIOc_freedecomp Exit - MemInfo: [/proc/self/status]	VmLck:	       0 kB
20220313 015336.192 INFO             PET0 PIOc_freedecomp Exit - MemInfo: [/proc/self/status]	VmPin:	   82140 kB
20220313 015336.192 INFO             PET0 PIOc_freedecomp Exit - MemInfo: [/proc/self/status]	VmHWM:	  171584 kB
20220313 015336.192 INFO             PET0 PIOc_freedecomp Exit - MemInfo: [/proc/self/status]	VmRSS:	  171340 kB
20220313 015336.192 INFO             PET0 PIOc_freedecomp Exit - MemInfo: [/proc/self/status]	VmData:	  269748 kB
20220313 015336.192 INFO             PET0 PIOc_freedecomp Exit - MemInfo: [/proc/self/status]	VmStk:	     512 kB
20220313 015336.192 INFO             PET0 PIOc_freedecomp Exit - MemInfo: [/proc/self/status]	VmExe:	    1892 kB
20220313 015336.192 INFO             PET0 PIOc_freedecomp Exit - MemInfo: [/proc/self/status]	VmLib:	  156408 kB
20220313 015336.192 INFO             PET0 PIOc_freedecomp Exit - MemInfo: [/proc/self/status]	VmPTE:	     820 kB
20220313 015336.192 INFO             PET0 PIOc_freedecomp Exit - MemInfo: [/proc/self/status]	VmPMD:	      32 kB
20220313 015336.192 INFO             PET0 PIOc_freedecomp Exit - MemInfo: [/proc/self/status]	VmSwap:	       0 kB
20220313 015336.192 INFO             PET0 PIOc_freedecomp Exit - MemInfo: [/proc/self/status]	VmRSSPercent: 0.130401 %
20220313 015336.192 INFO             PET0 PIOc_freedecomp Exit - MemInfo: [malloc] Non-mmapped space allocated:                 6012928 Byte
20220313 015336.192 INFO             PET0 PIOc_freedecomp Exit - MemInfo: [malloc] Space allocated in mmapped regions:         85999616 Byte
20220313 015336.192 INFO             PET0 PIOc_freedecomp Exit - MemInfo: [malloc] Maximum total allocated space:                     0 Byte
20220313 015336.192 INFO             PET0 PIOc_freedecomp Exit - MemInfo: [malloc] Space in freed fastbin blocks:                   848 Byte
20220313 015336.192 INFO             PET0 PIOc_freedecomp Exit - MemInfo: [malloc] Total allocated space:                       3123200 Byte
20220313 015336.192 INFO             PET0 PIOc_freedecomp Exit - MemInfo: [malloc] Total free space:                            2889728 Byte
20220313 015336.192 INFO             PET0 PIOc_freedecomp Exit - MemInfo: [malloc] Top-most, releasable space:                   118192 Byte
20220313 015336.192 INFO             PET0 PIOc_freedecomp Exit - MemInfo: [malloc] Total space in use, mmap + non-mmap:        89122816 Byte
20220313 015336.192 INFO             PET0 PIOc_freedecomp Exit - MemInfo: [malloc] Total space held (mmap + non-mmap):         92012544 Byte
20220313 015336.192 INFO             PET0 PIOc_freedecomp Exit - MemInfo: [malloc] Total space used (mmap + non-mmap):         89132176 Byte
20220313 015336.192 INFO             PET0 PIOc_freedecomp Exit - MemInfo: Wall-clock time since execution start:              0.0999573 seconds
20220313 015336.208 INFO             PET0  NUMBER_OF_PROCESSORS           4
20220313 015336.208 INFO             PET0  PASS  Example ESMF_RHandleBitForBitEx, ESMF_RHandleBitForBitEx.F90, line 1557
20220313 015336.208 INFO             PET0 Finalizing ESMF
20220313 015336.104 INFO             PET1 !!!!!!!!!!!!!!!!!!!!!!!!!!!!!!!!!!!!!!!!!!!!!!!!!!!!!!
20220313 015336.104 INFO             PET1 !!! THE ESMF_LOG IS SET TO OUTPUT ALL LOG MESSAGES !!!
20220313 015336.104 INFO             PET1 !!!     THIS MAY CAUSE SLOWDOWN IN PERFORMANCE     !!!
20220313 015336.104 INFO             PET1 !!! FOR PRODUCTION RUNS, USE:                      !!!
20220313 015336.104 INFO             PET1 !!!                   ESMF_LOGKIND_Multi_On_Error  !!!
20220313 015336.104 INFO             PET1 !!!!!!!!!!!!!!!!!!!!!!!!!!!!!!!!!!!!!!!!!!!!!!!!!!!!!!
20220313 015336.104 INFO             PET1 Running with ESMF Version   : v8.3.0b09-96-g559b459836
20220313 015336.104 INFO             PET1 ESMF library build date/time: "Mar 13 2022" "01:16:11"
20220313 015336.104 INFO             PET1 ESMF library build location : /gpfsm/dnb04/projects/p98/mpotts/esmf/intel_2020_intelmpi_g_jedwards_pio_update2
20220313 015336.104 INFO             PET1 ESMF_COMM                   : intelmpi
20220313 015336.104 INFO             PET1 ESMF_MOAB                   : enabled
20220313 015336.104 INFO             PET1 ESMF_LAPACK                 : enabled
20220313 015336.104 INFO             PET1 ESMF_NETCDF                 : enabled
20220313 015336.104 INFO             PET1 ESMF_PNETCDF                : disabled
20220313 015336.104 INFO             PET1 ESMF_PIO                    : enabled
20220313 015336.104 INFO             PET1 ESMF_YAMLCPP                : enabled
20220313 015336.181 INFO             PET1 PIOc_sync Enter - MemInfo: [/proc/meminfo - SSI]	MemTotal:       131394444 kB
20220313 015336.181 INFO             PET1 PIOc_sync Enter - MemInfo: [/proc/meminfo - SSI]	MemFree:        123643496 kB
20220313 015336.181 INFO             PET1 PIOc_sync Enter - MemInfo: [/proc/meminfo - SSI]	MemAvailable:   123388532 kB
20220313 015336.181 INFO             PET1 PIOc_sync Enter - MemInfo: [/proc/meminfo - SSI]	Committed_AS:    4257224 kB
20220313 015336.181 INFO             PET1 PIOc_sync Enter - MemInfo: [/proc/meminfo - SSI]	CommittedPercent: 3.24003 %
20220313 015336.181 INFO             PET1 PIOc_sync Enter - MemInfo: [/proc/self/status]	VmPeak:	 3852240 kB
20220313 015336.181 INFO             PET1 PIOc_sync Enter - MemInfo: [/proc/self/status]	VmSize:	 3837936 kB
20220313 015336.181 INFO             PET1 PIOc_sync Enter - MemInfo: [/proc/self/status]	VmLck:	       0 kB
20220313 015336.181 INFO             PET1 PIOc_sync Enter - MemInfo: [/proc/self/status]	VmPin:	   71900 kB
20220313 015336.181 INFO             PET1 PIOc_sync Enter - MemInfo: [/proc/self/status]	VmHWM:	  156464 kB
20220313 015336.182 INFO             PET1 PIOc_sync Enter - MemInfo: [/proc/self/status]	VmRSS:	  156464 kB
20220313 015336.182 INFO             PET1 PIOc_sync Enter - MemInfo: [/proc/self/status]	VmData:	  254496 kB
20220313 015336.182 INFO             PET1 PIOc_sync Enter - MemInfo: [/proc/self/status]	VmStk:	     512 kB
20220313 015336.182 INFO             PET1 PIOc_sync Enter - MemInfo: [/proc/self/status]	VmExe:	    1892 kB
20220313 015336.182 INFO             PET1 PIOc_sync Enter - MemInfo: [/proc/self/status]	VmLib:	  156408 kB
20220313 015336.182 INFO             PET1 PIOc_sync Enter - MemInfo: [/proc/self/status]	VmPTE:	     776 kB
20220313 015336.182 INFO             PET1 PIOc_sync Enter - MemInfo: [/proc/self/status]	VmPMD:	      28 kB
20220313 015336.182 INFO             PET1 PIOc_sync Enter - MemInfo: [/proc/self/status]	VmSwap:	       0 kB
20220313 015336.182 INFO             PET1 PIOc_sync Enter - MemInfo: [/proc/self/status]	VmRSSPercent: 0.11908 %
20220313 015336.182 INFO             PET1 PIOc_sync Enter - MemInfo: [malloc] Non-mmapped space allocated:                 2981888 Byte
20220313 015336.182 INFO             PET1 PIOc_sync Enter - MemInfo: [malloc] Space allocated in mmapped regions:         73412608 Byte
20220313 015336.182 INFO             PET1 PIOc_sync Enter - MemInfo: [malloc] Maximum total allocated space:                     0 Byte
20220313 015336.182 INFO             PET1 PIOc_sync Enter - MemInfo: [malloc] Space in freed fastbin blocks:                   112 Byte
20220313 015336.182 INFO             PET1 PIOc_sync Enter - MemInfo: [malloc] Total allocated space:                       2573856 Byte
20220313 015336.182 INFO             PET1 PIOc_sync Enter - MemInfo: [malloc] Total free space:                             408032 Byte
20220313 015336.182 INFO             PET1 PIOc_sync Enter - MemInfo: [malloc] Top-most, releasable space:                   274816 Byte
20220313 015336.182 INFO             PET1 PIOc_sync Enter - MemInfo: [malloc] Total space in use, mmap + non-mmap:        75986464 Byte
20220313 015336.182 INFO             PET1 PIOc_sync Enter - MemInfo: [malloc] Total space held (mmap + non-mmap):         76394496 Byte
20220313 015336.182 INFO             PET1 PIOc_sync Enter - MemInfo: [malloc] Total space used (mmap + non-mmap):         75995824 Byte
20220313 015336.182 INFO             PET1 PIOc_sync Enter - MemInfo: Wall-clock time since execution start:              0.0903957 seconds
20220313 015336.182 INFO             PET1 PIOc_sync Exit - MemInfo: [/proc/meminfo - SSI]	MemTotal:       131394444 kB
20220313 015336.182 INFO             PET1 PIOc_sync Exit - MemInfo: [/proc/meminfo - SSI]	MemFree:        123643000 kB
20220313 015336.182 INFO             PET1 PIOc_sync Exit - MemInfo: [/proc/meminfo - SSI]	MemAvailable:   123388036 kB
20220313 015336.182 INFO             PET1 PIOc_sync Exit - MemInfo: [/proc/meminfo - SSI]	Committed_AS:    4257224 kB
20220313 015336.182 INFO             PET1 PIOc_sync Exit - MemInfo: [/proc/meminfo - SSI]	CommittedPercent: 3.24003 %
20220313 015336.182 INFO             PET1 PIOc_sync Exit - MemInfo: [/proc/self/status]	VmPeak:	 3852240 kB
20220313 015336.182 INFO             PET1 PIOc_sync Exit - MemInfo: [/proc/self/status]	VmSize:	 3837936 kB
20220313 015336.182 INFO             PET1 PIOc_sync Exit - MemInfo: [/proc/self/status]	VmLck:	       0 kB
20220313 015336.182 INFO             PET1 PIOc_sync Exit - MemInfo: [/proc/self/status]	VmPin:	   71900 kB
20220313 015336.182 INFO             PET1 PIOc_sync Exit - MemInfo: [/proc/self/status]	VmHWM:	  156580 kB
20220313 015336.182 INFO             PET1 PIOc_sync Exit - MemInfo: [/proc/self/status]	VmRSS:	  156580 kB
20220313 015336.182 INFO             PET1 PIOc_sync Exit - MemInfo: [/proc/self/status]	VmData:	  254496 kB
20220313 015336.182 INFO             PET1 PIOc_sync Exit - MemInfo: [/proc/self/status]	VmStk:	     512 kB
20220313 015336.182 INFO             PET1 PIOc_sync Exit - MemInfo: [/proc/self/status]	VmExe:	    1892 kB
20220313 015336.182 INFO             PET1 PIOc_sync Exit - MemInfo: [/proc/self/status]	VmLib:	  156408 kB
20220313 015336.182 INFO             PET1 PIOc_sync Exit - MemInfo: [/proc/self/status]	VmPTE:	     776 kB
20220313 015336.182 INFO             PET1 PIOc_sync Exit - MemInfo: [/proc/self/status]	VmPMD:	      28 kB
20220313 015336.182 INFO             PET1 PIOc_sync Exit - MemInfo: [/proc/self/status]	VmSwap:	       0 kB
20220313 015336.182 INFO             PET1 PIOc_sync Exit - MemInfo: [/proc/self/status]	VmRSSPercent: 0.119168 %
20220313 015336.182 INFO             PET1 PIOc_sync Exit - MemInfo: [malloc] Non-mmapped space allocated:                 2981888 Byte
20220313 015336.182 INFO             PET1 PIOc_sync Exit - MemInfo: [malloc] Space allocated in mmapped regions:         73412608 Byte
20220313 015336.182 INFO             PET1 PIOc_sync Exit - MemInfo: [malloc] Maximum total allocated space:                     0 Byte
20220313 015336.182 INFO             PET1 PIOc_sync Exit - MemInfo: [malloc] Space in freed fastbin blocks:                   112 Byte
20220313 015336.182 INFO             PET1 PIOc_sync Exit - MemInfo: [malloc] Total allocated space:                       2573072 Byte
20220313 015336.182 INFO             PET1 PIOc_sync Exit - MemInfo: [malloc] Total free space:                             408816 Byte
20220313 015336.182 INFO             PET1 PIOc_sync Exit - MemInfo: [malloc] Top-most, releasable space:                   275344 Byte
20220313 015336.182 INFO             PET1 PIOc_sync Exit - MemInfo: [malloc] Total space in use, mmap + non-mmap:        75985680 Byte
20220313 015336.182 INFO             PET1 PIOc_sync Exit - MemInfo: [malloc] Total space held (mmap + non-mmap):         76394496 Byte
20220313 015336.182 INFO             PET1 PIOc_sync Exit - MemInfo: [malloc] Total space used (mmap + non-mmap):         75995040 Byte
20220313 015336.182 INFO             PET1 PIOc_sync Exit - MemInfo: Wall-clock time since execution start:               0.091083 seconds
20220313 015336.183 INFO             PET1 PIOc_freedecomp Enter - MemInfo: [/proc/meminfo - SSI]	MemTotal:       131394444 kB
20220313 015336.183 INFO             PET1 PIOc_freedecomp Enter - MemInfo: [/proc/meminfo - SSI]	MemFree:        123643808 kB
20220313 015336.183 INFO             PET1 PIOc_freedecomp Enter - MemInfo: [/proc/meminfo - SSI]	MemAvailable:   123388844 kB
20220313 015336.183 INFO             PET1 PIOc_freedecomp Enter - MemInfo: [/proc/meminfo - SSI]	Committed_AS:    4257224 kB
20220313 015336.183 INFO             PET1 PIOc_freedecomp Enter - MemInfo: [/proc/meminfo - SSI]	CommittedPercent: 3.24003 %
20220313 015336.183 INFO             PET1 PIOc_freedecomp Enter - MemInfo: [/proc/self/status]	VmPeak:	 3852240 kB
20220313 015336.183 INFO             PET1 PIOc_freedecomp Enter - MemInfo: [/proc/self/status]	VmSize:	 3837936 kB
20220313 015336.183 INFO             PET1 PIOc_freedecomp Enter - MemInfo: [/proc/self/status]	VmLck:	       0 kB
20220313 015336.183 INFO             PET1 PIOc_freedecomp Enter - MemInfo: [/proc/self/status]	VmPin:	   71900 kB
20220313 015336.183 INFO             PET1 PIOc_freedecomp Enter - MemInfo: [/proc/self/status]	VmHWM:	  156584 kB
20220313 015336.183 INFO             PET1 PIOc_freedecomp Enter - MemInfo: [/proc/self/status]	VmRSS:	  156584 kB
20220313 015336.183 INFO             PET1 PIOc_freedecomp Enter - MemInfo: [/proc/self/status]	VmData:	  254496 kB
20220313 015336.183 INFO             PET1 PIOc_freedecomp Enter - MemInfo: [/proc/self/status]	VmStk:	     512 kB
20220313 015336.183 INFO             PET1 PIOc_freedecomp Enter - MemInfo: [/proc/self/status]	VmExe:	    1892 kB
20220313 015336.183 INFO             PET1 PIOc_freedecomp Enter - MemInfo: [/proc/self/status]	VmLib:	  156408 kB
20220313 015336.183 INFO             PET1 PIOc_freedecomp Enter - MemInfo: [/proc/self/status]	VmPTE:	     776 kB
20220313 015336.183 INFO             PET1 PIOc_freedecomp Enter - MemInfo: [/proc/self/status]	VmPMD:	      28 kB
20220313 015336.183 INFO             PET1 PIOc_freedecomp Enter - MemInfo: [/proc/self/status]	VmSwap:	       0 kB
20220313 015336.183 INFO             PET1 PIOc_freedecomp Enter - MemInfo: [/proc/self/status]	VmRSSPercent: 0.119171 %
20220313 015336.183 INFO             PET1 PIOc_freedecomp Enter - MemInfo: [malloc] Non-mmapped space allocated:                 2981888 Byte
20220313 015336.183 INFO             PET1 PIOc_freedecomp Enter - MemInfo: [malloc] Space allocated in mmapped regions:         73412608 Byte
20220313 015336.183 INFO             PET1 PIOc_freedecomp Enter - MemInfo: [malloc] Maximum total allocated space:                     0 Byte
20220313 015336.183 INFO             PET1 PIOc_freedecomp Enter - MemInfo: [malloc] Space in freed fastbin blocks:                   368 Byte
20220313 015336.183 INFO             PET1 PIOc_freedecomp Enter - MemInfo: [malloc] Total allocated space:                       2571456 Byte
20220313 015336.183 INFO             PET1 PIOc_freedecomp Enter - MemInfo: [malloc] Total free space:                             410432 Byte
20220313 015336.183 INFO             PET1 PIOc_freedecomp Enter - MemInfo: [malloc] Top-most, releasable space:                   276496 Byte
20220313 015336.183 INFO             PET1 PIOc_freedecomp Enter - MemInfo: [malloc] Total space in use, mmap + non-mmap:        75984064 Byte
20220313 015336.183 INFO             PET1 PIOc_freedecomp Enter - MemInfo: [malloc] Total space held (mmap + non-mmap):         76394496 Byte
20220313 015336.183 INFO             PET1 PIOc_freedecomp Enter - MemInfo: [malloc] Total space used (mmap + non-mmap):         75993424 Byte
20220313 015336.183 INFO             PET1 PIOc_freedecomp Enter - MemInfo: Wall-clock time since execution start:              0.0915958 seconds
20220313 015336.183 INFO             PET1 PIOc_freedecomp Exit - MemInfo: [/proc/meminfo - SSI]	MemTotal:       131394444 kB
20220313 015336.183 INFO             PET1 PIOc_freedecomp Exit - MemInfo: [/proc/meminfo - SSI]	MemFree:        123643808 kB
20220313 015336.183 INFO             PET1 PIOc_freedecomp Exit - MemInfo: [/proc/meminfo - SSI]	MemAvailable:   123388844 kB
20220313 015336.183 INFO             PET1 PIOc_freedecomp Exit - MemInfo: [/proc/meminfo - SSI]	Committed_AS:    4257224 kB
20220313 015336.183 INFO             PET1 PIOc_freedecomp Exit - MemInfo: [/proc/meminfo - SSI]	CommittedPercent: 3.24003 %
20220313 015336.183 INFO             PET1 PIOc_freedecomp Exit - MemInfo: [/proc/self/status]	VmPeak:	 3852240 kB
20220313 015336.183 INFO             PET1 PIOc_freedecomp Exit - MemInfo: [/proc/self/status]	VmSize:	 3837936 kB
20220313 015336.183 INFO             PET1 PIOc_freedecomp Exit - MemInfo: [/proc/self/status]	VmLck:	       0 kB
20220313 015336.183 INFO             PET1 PIOc_freedecomp Exit - MemInfo: [/proc/self/status]	VmPin:	   71900 kB
20220313 015336.183 INFO             PET1 PIOc_freedecomp Exit - MemInfo: [/proc/self/status]	VmHWM:	  156588 kB
20220313 015336.183 INFO             PET1 PIOc_freedecomp Exit - MemInfo: [/proc/self/status]	VmRSS:	  156588 kB
20220313 015336.183 INFO             PET1 PIOc_freedecomp Exit - MemInfo: [/proc/self/status]	VmData:	  254496 kB
20220313 015336.183 INFO             PET1 PIOc_freedecomp Exit - MemInfo: [/proc/self/status]	VmStk:	     512 kB
20220313 015336.183 INFO             PET1 PIOc_freedecomp Exit - MemInfo: [/proc/self/status]	VmExe:	    1892 kB
20220313 015336.183 INFO             PET1 PIOc_freedecomp Exit - MemInfo: [/proc/self/status]	VmLib:	  156408 kB
20220313 015336.183 INFO             PET1 PIOc_freedecomp Exit - MemInfo: [/proc/self/status]	VmPTE:	     776 kB
20220313 015336.183 INFO             PET1 PIOc_freedecomp Exit - MemInfo: [/proc/self/status]	VmPMD:	      28 kB
20220313 015336.183 INFO             PET1 PIOc_freedecomp Exit - MemInfo: [/proc/self/status]	VmSwap:	       0 kB
20220313 015336.183 INFO             PET1 PIOc_freedecomp Exit - MemInfo: [/proc/self/status]	VmRSSPercent: 0.119174 %
20220313 015336.183 INFO             PET1 PIOc_freedecomp Exit - MemInfo: [malloc] Non-mmapped space allocated:                 2981888 Byte
20220313 015336.183 INFO             PET1 PIOc_freedecomp Exit - MemInfo: [malloc] Space allocated in mmapped regions:         73412608 Byte
20220313 015336.183 INFO             PET1 PIOc_freedecomp Exit - MemInfo: [malloc] Maximum total allocated space:                     0 Byte
20220313 015336.183 INFO             PET1 PIOc_freedecomp Exit - MemInfo: [malloc] Space in freed fastbin blocks:                   272 Byte
20220313 015336.183 INFO             PET1 PIOc_freedecomp Exit - MemInfo: [malloc] Total allocated space:                       2570176 Byte
20220313 015336.183 INFO             PET1 PIOc_freedecomp Exit - MemInfo: [malloc] Total free space:                             411712 Byte
20220313 015336.183 INFO             PET1 PIOc_freedecomp Exit - MemInfo: [malloc] Top-most, releasable space:                   277808 Byte
20220313 015336.183 INFO             PET1 PIOc_freedecomp Exit - MemInfo: [malloc] Total space in use, mmap + non-mmap:        75982784 Byte
20220313 015336.183 INFO             PET1 PIOc_freedecomp Exit - MemInfo: [malloc] Total space held (mmap + non-mmap):         76394496 Byte
20220313 015336.183 INFO             PET1 PIOc_freedecomp Exit - MemInfo: [malloc] Total space used (mmap + non-mmap):         75992144 Byte
20220313 015336.183 INFO             PET1 PIOc_freedecomp Exit - MemInfo: Wall-clock time since execution start:              0.0919718 seconds
20220313 015336.185 INFO             PET1 PIOc_sync Enter - MemInfo: [/proc/meminfo - SSI]	MemTotal:       131394444 kB
20220313 015336.185 INFO             PET1 PIOc_sync Enter - MemInfo: [/proc/meminfo - SSI]	MemFree:        123643808 kB
20220313 015336.185 INFO             PET1 PIOc_sync Enter - MemInfo: [/proc/meminfo - SSI]	MemAvailable:   123388844 kB
20220313 015336.185 INFO             PET1 PIOc_sync Enter - MemInfo: [/proc/meminfo - SSI]	Committed_AS:    4257224 kB
20220313 015336.185 INFO             PET1 PIOc_sync Enter - MemInfo: [/proc/meminfo - SSI]	CommittedPercent: 3.24003 %
20220313 015336.185 INFO             PET1 PIOc_sync Enter - MemInfo: [/proc/self/status]	VmPeak:	 3852240 kB
20220313 015336.185 INFO             PET1 PIOc_sync Enter - MemInfo: [/proc/self/status]	VmSize:	 3837936 kB
20220313 015336.185 INFO             PET1 PIOc_sync Enter - MemInfo: [/proc/self/status]	VmLck:	       0 kB
20220313 015336.185 INFO             PET1 PIOc_sync Enter - MemInfo: [/proc/self/status]	VmPin:	   71900 kB
20220313 015336.185 INFO             PET1 PIOc_sync Enter - MemInfo: [/proc/self/status]	VmHWM:	  156704 kB
20220313 015336.185 INFO             PET1 PIOc_sync Enter - MemInfo: [/proc/self/status]	VmRSS:	  156704 kB
20220313 015336.185 INFO             PET1 PIOc_sync Enter - MemInfo: [/proc/self/status]	VmData:	  254496 kB
20220313 015336.185 INFO             PET1 PIOc_sync Enter - MemInfo: [/proc/self/status]	VmStk:	     512 kB
20220313 015336.185 INFO             PET1 PIOc_sync Enter - MemInfo: [/proc/self/status]	VmExe:	    1892 kB
20220313 015336.185 INFO             PET1 PIOc_sync Enter - MemInfo: [/proc/self/status]	VmLib:	  156408 kB
20220313 015336.185 INFO             PET1 PIOc_sync Enter - MemInfo: [/proc/self/status]	VmPTE:	     776 kB
20220313 015336.185 INFO             PET1 PIOc_sync Enter - MemInfo: [/proc/self/status]	VmPMD:	      28 kB
20220313 015336.185 INFO             PET1 PIOc_sync Enter - MemInfo: [/proc/self/status]	VmSwap:	       0 kB
20220313 015336.185 INFO             PET1 PIOc_sync Enter - MemInfo: [/proc/self/status]	VmRSSPercent: 0.119262 %
20220313 015336.185 INFO             PET1 PIOc_sync Enter - MemInfo: [malloc] Non-mmapped space allocated:                 2981888 Byte
20220313 015336.185 INFO             PET1 PIOc_sync Enter - MemInfo: [malloc] Space allocated in mmapped regions:         73412608 Byte
20220313 015336.185 INFO             PET1 PIOc_sync Enter - MemInfo: [malloc] Maximum total allocated space:                     0 Byte
20220313 015336.185 INFO             PET1 PIOc_sync Enter - MemInfo: [malloc] Space in freed fastbin blocks:                   512 Byte
20220313 015336.185 INFO             PET1 PIOc_sync Enter - MemInfo: [malloc] Total allocated space:                       2574016 Byte
20220313 015336.185 INFO             PET1 PIOc_sync Enter - MemInfo: [malloc] Total free space:                             407872 Byte
20220313 015336.185 INFO             PET1 PIOc_sync Enter - MemInfo: [malloc] Top-most, releasable space:                   274112 Byte
20220313 015336.185 INFO             PET1 PIOc_sync Enter - MemInfo: [malloc] Total space in use, mmap + non-mmap:        75986624 Byte
20220313 015336.185 INFO             PET1 PIOc_sync Enter - MemInfo: [malloc] Total space held (mmap + non-mmap):         76394496 Byte
20220313 015336.185 INFO             PET1 PIOc_sync Enter - MemInfo: [malloc] Total space used (mmap + non-mmap):         75995984 Byte
20220313 015336.185 INFO             PET1 PIOc_sync Enter - MemInfo: Wall-clock time since execution start:              0.0935794 seconds
20220313 015336.185 INFO             PET1 PIOc_sync Exit - MemInfo: [/proc/meminfo - SSI]	MemTotal:       131394444 kB
20220313 015336.185 INFO             PET1 PIOc_sync Exit - MemInfo: [/proc/meminfo - SSI]	MemFree:        123643808 kB
20220313 015336.185 INFO             PET1 PIOc_sync Exit - MemInfo: [/proc/meminfo - SSI]	MemAvailable:   123388844 kB
20220313 015336.185 INFO             PET1 PIOc_sync Exit - MemInfo: [/proc/meminfo - SSI]	Committed_AS:    4257224 kB
20220313 015336.185 INFO             PET1 PIOc_sync Exit - MemInfo: [/proc/meminfo - SSI]	CommittedPercent: 3.24003 %
20220313 015336.186 INFO             PET1 PIOc_sync Exit - MemInfo: [/proc/self/status]	VmPeak:	 3852240 kB
20220313 015336.186 INFO             PET1 PIOc_sync Exit - MemInfo: [/proc/self/status]	VmSize:	 3837936 kB
20220313 015336.186 INFO             PET1 PIOc_sync Exit - MemInfo: [/proc/self/status]	VmLck:	       0 kB
20220313 015336.186 INFO             PET1 PIOc_sync Exit - MemInfo: [/proc/self/status]	VmPin:	   71900 kB
20220313 015336.186 INFO             PET1 PIOc_sync Exit - MemInfo: [/proc/self/status]	VmHWM:	  156708 kB
20220313 015336.186 INFO             PET1 PIOc_sync Exit - MemInfo: [/proc/self/status]	VmRSS:	  156708 kB
20220313 015336.186 INFO             PET1 PIOc_sync Exit - MemInfo: [/proc/self/status]	VmData:	  254496 kB
20220313 015336.186 INFO             PET1 PIOc_sync Exit - MemInfo: [/proc/self/status]	VmStk:	     512 kB
20220313 015336.186 INFO             PET1 PIOc_sync Exit - MemInfo: [/proc/self/status]	VmExe:	    1892 kB
20220313 015336.186 INFO             PET1 PIOc_sync Exit - MemInfo: [/proc/self/status]	VmLib:	  156408 kB
20220313 015336.186 INFO             PET1 PIOc_sync Exit - MemInfo: [/proc/self/status]	VmPTE:	     776 kB
20220313 015336.186 INFO             PET1 PIOc_sync Exit - MemInfo: [/proc/self/status]	VmPMD:	      28 kB
20220313 015336.186 INFO             PET1 PIOc_sync Exit - MemInfo: [/proc/self/status]	VmSwap:	       0 kB
20220313 015336.186 INFO             PET1 PIOc_sync Exit - MemInfo: [/proc/self/status]	VmRSSPercent: 0.119265 %
20220313 015336.186 INFO             PET1 PIOc_sync Exit - MemInfo: [malloc] Non-mmapped space allocated:                 2981888 Byte
20220313 015336.186 INFO             PET1 PIOc_sync Exit - MemInfo: [malloc] Space allocated in mmapped regions:         73412608 Byte
20220313 015336.186 INFO             PET1 PIOc_sync Exit - MemInfo: [malloc] Maximum total allocated space:                     0 Byte
20220313 015336.186 INFO             PET1 PIOc_sync Exit - MemInfo: [malloc] Space in freed fastbin blocks:                   352 Byte
20220313 015336.186 INFO             PET1 PIOc_sync Exit - MemInfo: [malloc] Total allocated space:                       2573232 Byte
20220313 015336.186 INFO             PET1 PIOc_sync Exit - MemInfo: [malloc] Total free space:                             408656 Byte
20220313 015336.186 INFO             PET1 PIOc_sync Exit - MemInfo: [malloc] Top-most, releasable space:                   274752 Byte
20220313 015336.186 INFO             PET1 PIOc_sync Exit - MemInfo: [malloc] Total space in use, mmap + non-mmap:        75985840 Byte
20220313 015336.186 INFO             PET1 PIOc_sync Exit - MemInfo: [malloc] Total space held (mmap + non-mmap):         76394496 Byte
20220313 015336.186 INFO             PET1 PIOc_sync Exit - MemInfo: [malloc] Total space used (mmap + non-mmap):         75995200 Byte
20220313 015336.186 INFO             PET1 PIOc_sync Exit - MemInfo: Wall-clock time since execution start:              0.0943829 seconds
20220313 015336.186 INFO             PET1 PIOc_freedecomp Enter - MemInfo: [/proc/meminfo - SSI]	MemTotal:       131394444 kB
20220313 015336.186 INFO             PET1 PIOc_freedecomp Enter - MemInfo: [/proc/meminfo - SSI]	MemFree:        123643808 kB
20220313 015336.186 INFO             PET1 PIOc_freedecomp Enter - MemInfo: [/proc/meminfo - SSI]	MemAvailable:   123388844 kB
20220313 015336.186 INFO             PET1 PIOc_freedecomp Enter - MemInfo: [/proc/meminfo - SSI]	Committed_AS:    4257224 kB
20220313 015336.186 INFO             PET1 PIOc_freedecomp Enter - MemInfo: [/proc/meminfo - SSI]	CommittedPercent: 3.24003 %
20220313 015336.186 INFO             PET1 PIOc_freedecomp Enter - MemInfo: [/proc/self/status]	VmPeak:	 3852240 kB
20220313 015336.186 INFO             PET1 PIOc_freedecomp Enter - MemInfo: [/proc/self/status]	VmSize:	 3837936 kB
20220313 015336.186 INFO             PET1 PIOc_freedecomp Enter - MemInfo: [/proc/self/status]	VmLck:	       0 kB
20220313 015336.186 INFO             PET1 PIOc_freedecomp Enter - MemInfo: [/proc/self/status]	VmPin:	   71900 kB
20220313 015336.186 INFO             PET1 PIOc_freedecomp Enter - MemInfo: [/proc/self/status]	VmHWM:	  156708 kB
20220313 015336.186 INFO             PET1 PIOc_freedecomp Enter - MemInfo: [/proc/self/status]	VmRSS:	  156708 kB
20220313 015336.186 INFO             PET1 PIOc_freedecomp Enter - MemInfo: [/proc/self/status]	VmData:	  254496 kB
20220313 015336.186 INFO             PET1 PIOc_freedecomp Enter - MemInfo: [/proc/self/status]	VmStk:	     512 kB
20220313 015336.186 INFO             PET1 PIOc_freedecomp Enter - MemInfo: [/proc/self/status]	VmExe:	    1892 kB
20220313 015336.186 INFO             PET1 PIOc_freedecomp Enter - MemInfo: [/proc/self/status]	VmLib:	  156408 kB
20220313 015336.186 INFO             PET1 PIOc_freedecomp Enter - MemInfo: [/proc/self/status]	VmPTE:	     776 kB
20220313 015336.186 INFO             PET1 PIOc_freedecomp Enter - MemInfo: [/proc/self/status]	VmPMD:	      28 kB
20220313 015336.186 INFO             PET1 PIOc_freedecomp Enter - MemInfo: [/proc/self/status]	VmSwap:	       0 kB
20220313 015336.186 INFO             PET1 PIOc_freedecomp Enter - MemInfo: [/proc/self/status]	VmRSSPercent: 0.119265 %
20220313 015336.186 INFO             PET1 PIOc_freedecomp Enter - MemInfo: [malloc] Non-mmapped space allocated:                 2981888 Byte
20220313 015336.186 INFO             PET1 PIOc_freedecomp Enter - MemInfo: [malloc] Space allocated in mmapped regions:         73412608 Byte
20220313 015336.186 INFO             PET1 PIOc_freedecomp Enter - MemInfo: [malloc] Maximum total allocated space:                     0 Byte
20220313 015336.186 INFO             PET1 PIOc_freedecomp Enter - MemInfo: [malloc] Space in freed fastbin blocks:                   272 Byte
20220313 015336.187 INFO             PET1 PIOc_freedecomp Enter - MemInfo: [malloc] Total allocated space:                       2571456 Byte
20220313 015336.187 INFO             PET1 PIOc_freedecomp Enter - MemInfo: [malloc] Total free space:                             410432 Byte
20220313 015336.187 INFO             PET1 PIOc_freedecomp Enter - MemInfo: [malloc] Top-most, releasable space:                   275728 Byte
20220313 015336.187 INFO             PET1 PIOc_freedecomp Enter - MemInfo: [malloc] Total space in use, mmap + non-mmap:        75984064 Byte
20220313 015336.187 INFO             PET1 PIOc_freedecomp Enter - MemInfo: [malloc] Total space held (mmap + non-mmap):         76394496 Byte
20220313 015336.187 INFO             PET1 PIOc_freedecomp Enter - MemInfo: [malloc] Total space used (mmap + non-mmap):         75993424 Byte
20220313 015336.187 INFO             PET1 PIOc_freedecomp Enter - MemInfo: Wall-clock time since execution start:              0.0951769 seconds
20220313 015336.187 INFO             PET1 PIOc_freedecomp Exit - MemInfo: [/proc/meminfo - SSI]	MemTotal:       131394444 kB
20220313 015336.187 INFO             PET1 PIOc_freedecomp Exit - MemInfo: [/proc/meminfo - SSI]	MemFree:        123643808 kB
20220313 015336.187 INFO             PET1 PIOc_freedecomp Exit - MemInfo: [/proc/meminfo - SSI]	MemAvailable:   123388844 kB
20220313 015336.187 INFO             PET1 PIOc_freedecomp Exit - MemInfo: [/proc/meminfo - SSI]	Committed_AS:    4257224 kB
20220313 015336.187 INFO             PET1 PIOc_freedecomp Exit - MemInfo: [/proc/meminfo - SSI]	CommittedPercent: 3.24003 %
20220313 015336.187 INFO             PET1 PIOc_freedecomp Exit - MemInfo: [/proc/self/status]	VmPeak:	 3852240 kB
20220313 015336.187 INFO             PET1 PIOc_freedecomp Exit - MemInfo: [/proc/self/status]	VmSize:	 3837936 kB
20220313 015336.187 INFO             PET1 PIOc_freedecomp Exit - MemInfo: [/proc/self/status]	VmLck:	       0 kB
20220313 015336.187 INFO             PET1 PIOc_freedecomp Exit - MemInfo: [/proc/self/status]	VmPin:	   71900 kB
20220313 015336.187 INFO             PET1 PIOc_freedecomp Exit - MemInfo: [/proc/self/status]	VmHWM:	  156708 kB
20220313 015336.187 INFO             PET1 PIOc_freedecomp Exit - MemInfo: [/proc/self/status]	VmRSS:	  156708 kB
20220313 015336.187 INFO             PET1 PIOc_freedecomp Exit - MemInfo: [/proc/self/status]	VmData:	  254496 kB
20220313 015336.187 INFO             PET1 PIOc_freedecomp Exit - MemInfo: [/proc/self/status]	VmStk:	     512 kB
20220313 015336.187 INFO             PET1 PIOc_freedecomp Exit - MemInfo: [/proc/self/status]	VmExe:	    1892 kB
20220313 015336.187 INFO             PET1 PIOc_freedecomp Exit - MemInfo: [/proc/self/status]	VmLib:	  156408 kB
20220313 015336.187 INFO             PET1 PIOc_freedecomp Exit - MemInfo: [/proc/self/status]	VmPTE:	     776 kB
20220313 015336.187 INFO             PET1 PIOc_freedecomp Exit - MemInfo: [/proc/self/status]	VmPMD:	      28 kB
20220313 015336.187 INFO             PET1 PIOc_freedecomp Exit - MemInfo: [/proc/self/status]	VmSwap:	       0 kB
20220313 015336.187 INFO             PET1 PIOc_freedecomp Exit - MemInfo: [/proc/self/status]	VmRSSPercent: 0.119265 %
20220313 015336.187 INFO             PET1 PIOc_freedecomp Exit - MemInfo: [malloc] Non-mmapped space allocated:                 2981888 Byte
20220313 015336.187 INFO             PET1 PIOc_freedecomp Exit - MemInfo: [malloc] Space allocated in mmapped regions:         73412608 Byte
20220313 015336.187 INFO             PET1 PIOc_freedecomp Exit - MemInfo: [malloc] Maximum total allocated space:                     0 Byte
20220313 015336.187 INFO             PET1 PIOc_freedecomp Exit - MemInfo: [malloc] Space in freed fastbin blocks:                   816 Byte
20220313 015336.187 INFO             PET1 PIOc_freedecomp Exit - MemInfo: [malloc] Total allocated space:                       2570176 Byte
20220313 015336.187 INFO             PET1 PIOc_freedecomp Exit - MemInfo: [malloc] Total free space:                             411712 Byte
20220313 015336.187 INFO             PET1 PIOc_freedecomp Exit - MemInfo: [malloc] Top-most, releasable space:                   275728 Byte
20220313 015336.187 INFO             PET1 PIOc_freedecomp Exit - MemInfo: [malloc] Total space in use, mmap + non-mmap:        75982784 Byte
20220313 015336.187 INFO             PET1 PIOc_freedecomp Exit - MemInfo: [malloc] Total space held (mmap + non-mmap):         76394496 Byte
20220313 015336.187 INFO             PET1 PIOc_freedecomp Exit - MemInfo: [malloc] Total space used (mmap + non-mmap):         75992144 Byte
20220313 015336.187 INFO             PET1 PIOc_freedecomp Exit - MemInfo: Wall-clock time since execution start:              0.0955376 seconds
20220313 015336.188 INFO             PET1 PIOc_sync Enter - MemInfo: [/proc/meminfo - SSI]	MemTotal:       131394444 kB
20220313 015336.188 INFO             PET1 PIOc_sync Enter - MemInfo: [/proc/meminfo - SSI]	MemFree:        123643372 kB
20220313 015336.188 INFO             PET1 PIOc_sync Enter - MemInfo: [/proc/meminfo - SSI]	MemAvailable:   123388408 kB
20220313 015336.188 INFO             PET1 PIOc_sync Enter - MemInfo: [/proc/meminfo - SSI]	Committed_AS:    4257224 kB
20220313 015336.188 INFO             PET1 PIOc_sync Enter - MemInfo: [/proc/meminfo - SSI]	CommittedPercent: 3.24003 %
20220313 015336.188 INFO             PET1 PIOc_sync Enter - MemInfo: [/proc/self/status]	VmPeak:	 3852240 kB
20220313 015336.188 INFO             PET1 PIOc_sync Enter - MemInfo: [/proc/self/status]	VmSize:	 3837936 kB
20220313 015336.188 INFO             PET1 PIOc_sync Enter - MemInfo: [/proc/self/status]	VmLck:	       0 kB
20220313 015336.188 INFO             PET1 PIOc_sync Enter - MemInfo: [/proc/self/status]	VmPin:	   71900 kB
20220313 015336.188 INFO             PET1 PIOc_sync Enter - MemInfo: [/proc/self/status]	VmHWM:	  156912 kB
20220313 015336.188 INFO             PET1 PIOc_sync Enter - MemInfo: [/proc/self/status]	VmRSS:	  156912 kB
20220313 015336.188 INFO             PET1 PIOc_sync Enter - MemInfo: [/proc/self/status]	VmData:	  254496 kB
20220313 015336.188 INFO             PET1 PIOc_sync Enter - MemInfo: [/proc/self/status]	VmStk:	     512 kB
20220313 015336.188 INFO             PET1 PIOc_sync Enter - MemInfo: [/proc/self/status]	VmExe:	    1892 kB
20220313 015336.188 INFO             PET1 PIOc_sync Enter - MemInfo: [/proc/self/status]	VmLib:	  156408 kB
20220313 015336.188 INFO             PET1 PIOc_sync Enter - MemInfo: [/proc/self/status]	VmPTE:	     776 kB
20220313 015336.188 INFO             PET1 PIOc_sync Enter - MemInfo: [/proc/self/status]	VmPMD:	      28 kB
20220313 015336.188 INFO             PET1 PIOc_sync Enter - MemInfo: [/proc/self/status]	VmSwap:	       0 kB
20220313 015336.188 INFO             PET1 PIOc_sync Enter - MemInfo: [/proc/self/status]	VmRSSPercent: 0.119421 %
20220313 015336.188 INFO             PET1 PIOc_sync Enter - MemInfo: [malloc] Non-mmapped space allocated:                 2981888 Byte
20220313 015336.188 INFO             PET1 PIOc_sync Enter - MemInfo: [malloc] Space allocated in mmapped regions:         73412608 Byte
20220313 015336.188 INFO             PET1 PIOc_sync Enter - MemInfo: [malloc] Maximum total allocated space:                     0 Byte
20220313 015336.188 INFO             PET1 PIOc_sync Enter - MemInfo: [malloc] Space in freed fastbin blocks:                   512 Byte
20220313 015336.188 INFO             PET1 PIOc_sync Enter - MemInfo: [malloc] Total allocated space:                       2574176 Byte
20220313 015336.188 INFO             PET1 PIOc_sync Enter - MemInfo: [malloc] Total free space:                             407712 Byte
20220313 015336.188 INFO             PET1 PIOc_sync Enter - MemInfo: [malloc] Top-most, releasable space:                   273952 Byte
20220313 015336.188 INFO             PET1 PIOc_sync Enter - MemInfo: [malloc] Total space in use, mmap + non-mmap:        75986784 Byte
20220313 015336.188 INFO             PET1 PIOc_sync Enter - MemInfo: [malloc] Total space held (mmap + non-mmap):         76394496 Byte
20220313 015336.188 INFO             PET1 PIOc_sync Enter - MemInfo: [malloc] Total space used (mmap + non-mmap):         75996144 Byte
20220313 015336.188 INFO             PET1 PIOc_sync Enter - MemInfo: Wall-clock time since execution start:              0.0968536 seconds
20220313 015336.188 INFO             PET1 PIOc_sync Exit - MemInfo: [/proc/meminfo - SSI]	MemTotal:       131394444 kB
20220313 015336.188 INFO             PET1 PIOc_sync Exit - MemInfo: [/proc/meminfo - SSI]	MemFree:        123643372 kB
20220313 015336.188 INFO             PET1 PIOc_sync Exit - MemInfo: [/proc/meminfo - SSI]	MemAvailable:   123388408 kB
20220313 015336.188 INFO             PET1 PIOc_sync Exit - MemInfo: [/proc/meminfo - SSI]	Committed_AS:    4257224 kB
20220313 015336.188 INFO             PET1 PIOc_sync Exit - MemInfo: [/proc/meminfo - SSI]	CommittedPercent: 3.24003 %
20220313 015336.188 INFO             PET1 PIOc_sync Exit - MemInfo: [/proc/self/status]	VmPeak:	 3852240 kB
20220313 015336.188 INFO             PET1 PIOc_sync Exit - MemInfo: [/proc/self/status]	VmSize:	 3837936 kB
20220313 015336.188 INFO             PET1 PIOc_sync Exit - MemInfo: [/proc/self/status]	VmLck:	       0 kB
20220313 015336.188 INFO             PET1 PIOc_sync Exit - MemInfo: [/proc/self/status]	VmPin:	   71900 kB
20220313 015336.188 INFO             PET1 PIOc_sync Exit - MemInfo: [/proc/self/status]	VmHWM:	  156912 kB
20220313 015336.189 INFO             PET1 PIOc_sync Exit - MemInfo: [/proc/self/status]	VmRSS:	  156912 kB
20220313 015336.189 INFO             PET1 PIOc_sync Exit - MemInfo: [/proc/self/status]	VmData:	  254496 kB
20220313 015336.189 INFO             PET1 PIOc_sync Exit - MemInfo: [/proc/self/status]	VmStk:	     512 kB
20220313 015336.189 INFO             PET1 PIOc_sync Exit - MemInfo: [/proc/self/status]	VmExe:	    1892 kB
20220313 015336.189 INFO             PET1 PIOc_sync Exit - MemInfo: [/proc/self/status]	VmLib:	  156408 kB
20220313 015336.189 INFO             PET1 PIOc_sync Exit - MemInfo: [/proc/self/status]	VmPTE:	     776 kB
20220313 015336.189 INFO             PET1 PIOc_sync Exit - MemInfo: [/proc/self/status]	VmPMD:	      28 kB
20220313 015336.189 INFO             PET1 PIOc_sync Exit - MemInfo: [/proc/self/status]	VmSwap:	       0 kB
20220313 015336.189 INFO             PET1 PIOc_sync Exit - MemInfo: [/proc/self/status]	VmRSSPercent: 0.119421 %
20220313 015336.189 INFO             PET1 PIOc_sync Exit - MemInfo: [malloc] Non-mmapped space allocated:                 2981888 Byte
20220313 015336.189 INFO             PET1 PIOc_sync Exit - MemInfo: [malloc] Space allocated in mmapped regions:         73412608 Byte
20220313 015336.189 INFO             PET1 PIOc_sync Exit - MemInfo: [malloc] Maximum total allocated space:                     0 Byte
20220313 015336.189 INFO             PET1 PIOc_sync Exit - MemInfo: [malloc] Space in freed fastbin blocks:                   112 Byte
20220313 015336.189 INFO             PET1 PIOc_sync Exit - MemInfo: [malloc] Total allocated space:                       2573376 Byte
20220313 015336.189 INFO             PET1 PIOc_sync Exit - MemInfo: [malloc] Total free space:                             408512 Byte
20220313 015336.189 INFO             PET1 PIOc_sync Exit - MemInfo: [malloc] Top-most, releasable space:                   275408 Byte
20220313 015336.189 INFO             PET1 PIOc_sync Exit - MemInfo: [malloc] Total space in use, mmap + non-mmap:        75985984 Byte
20220313 015336.189 INFO             PET1 PIOc_sync Exit - MemInfo: [malloc] Total space held (mmap + non-mmap):         76394496 Byte
20220313 015336.189 INFO             PET1 PIOc_sync Exit - MemInfo: [malloc] Total space used (mmap + non-mmap):         75995344 Byte
20220313 015336.189 INFO             PET1 PIOc_sync Exit - MemInfo: Wall-clock time since execution start:              0.0973148 seconds
20220313 015336.189 INFO             PET1 PIOc_freedecomp Enter - MemInfo: [/proc/meminfo - SSI]	MemTotal:       131394444 kB
20220313 015336.189 INFO             PET1 PIOc_freedecomp Enter - MemInfo: [/proc/meminfo - SSI]	MemFree:        123643372 kB
20220313 015336.189 INFO             PET1 PIOc_freedecomp Enter - MemInfo: [/proc/meminfo - SSI]	MemAvailable:   123388408 kB
20220313 015336.189 INFO             PET1 PIOc_freedecomp Enter - MemInfo: [/proc/meminfo - SSI]	Committed_AS:    4257224 kB
20220313 015336.189 INFO             PET1 PIOc_freedecomp Enter - MemInfo: [/proc/meminfo - SSI]	CommittedPercent: 3.24003 %
20220313 015336.189 INFO             PET1 PIOc_freedecomp Enter - MemInfo: [/proc/self/status]	VmPeak:	 3852240 kB
20220313 015336.189 INFO             PET1 PIOc_freedecomp Enter - MemInfo: [/proc/self/status]	VmSize:	 3837936 kB
