build time -- 2022-03-14 01:19:40.925249
20220314 015451.403 INFO             PET0 !!!!!!!!!!!!!!!!!!!!!!!!!!!!!!!!!!!!!!!!!!!!!!!!!!!!!!
20220314 015451.403 INFO             PET0 !!! THE ESMF_LOG IS SET TO OUTPUT ALL LOG MESSAGES !!!
20220314 015451.403 INFO             PET0 !!!     THIS MAY CAUSE SLOWDOWN IN PERFORMANCE     !!!
20220314 015451.403 INFO             PET0 !!! FOR PRODUCTION RUNS, USE:                      !!!
20220314 015451.403 INFO             PET0 !!!                   ESMF_LOGKIND_Multi_On_Error  !!!
20220314 015451.403 INFO             PET0 !!!!!!!!!!!!!!!!!!!!!!!!!!!!!!!!!!!!!!!!!!!!!!!!!!!!!!
20220314 015451.403 INFO             PET0 Running with ESMF Version   : v8.3.0b09-96-g559b459836
20220314 015451.403 INFO             PET0 ESMF library build date/time: "Mar 14 2022" "01:16:57"
20220314 015451.403 INFO             PET0 ESMF library build location : /gpfsm/dnb04/projects/p98/mpotts/esmf/intel_2020_intelmpi_g_jedwards_pio_update2
20220314 015451.403 INFO             PET0 ESMF_COMM                   : intelmpi
20220314 015451.404 INFO             PET0 ESMF_MOAB                   : enabled
20220314 015451.404 INFO             PET0 ESMF_LAPACK                 : enabled
20220314 015451.404 INFO             PET0 ESMF_NETCDF                 : enabled
20220314 015451.404 INFO             PET0 ESMF_PNETCDF                : disabled
20220314 015451.404 INFO             PET0 ESMF_PIO                    : enabled
20220314 015451.404 INFO             PET0 ESMF_YAMLCPP                : enabled
20220314 015451.613 INFO             PET0 PIOc_sync Enter - MemInfo: [/proc/meminfo - SSI]	MemTotal:       131394444 kB
20220314 015451.613 INFO             PET0 PIOc_sync Enter - MemInfo: [/proc/meminfo - SSI]	MemFree:        122108952 kB
20220314 015451.613 INFO             PET0 PIOc_sync Enter - MemInfo: [/proc/meminfo - SSI]	MemAvailable:   121852748 kB
20220314 015451.613 INFO             PET0 PIOc_sync Enter - MemInfo: [/proc/meminfo - SSI]	Committed_AS:    4378652 kB
20220314 015451.613 INFO             PET0 PIOc_sync Enter - MemInfo: [/proc/meminfo - SSI]	CommittedPercent: 3.33245 %
20220314 015451.613 INFO             PET0 PIOc_sync Enter - MemInfo: [/proc/self/status]	VmPeak:	 3854296 kB
20220314 015451.613 INFO             PET0 PIOc_sync Enter - MemInfo: [/proc/self/status]	VmSize:	 3842868 kB
20220314 015451.613 INFO             PET0 PIOc_sync Enter - MemInfo: [/proc/self/status]	VmLck:	       0 kB
20220314 015451.613 INFO             PET0 PIOc_sync Enter - MemInfo: [/proc/self/status]	VmPin:	   71900 kB
20220314 015451.613 INFO             PET0 PIOc_sync Enter - MemInfo: [/proc/self/status]	VmHWM:	  161112 kB
20220314 015451.614 INFO             PET0 PIOc_sync Enter - MemInfo: [/proc/self/status]	VmRSS:	  161112 kB
20220314 015451.614 INFO             PET0 PIOc_sync Enter - MemInfo: [/proc/self/status]	VmData:	  259428 kB
20220314 015451.614 INFO             PET0 PIOc_sync Enter - MemInfo: [/proc/self/status]	VmStk:	     512 kB
20220314 015451.614 INFO             PET0 PIOc_sync Enter - MemInfo: [/proc/self/status]	VmExe:	    1892 kB
20220314 015451.614 INFO             PET0 PIOc_sync Enter - MemInfo: [/proc/self/status]	VmLib:	  156408 kB
20220314 015451.614 INFO             PET0 PIOc_sync Enter - MemInfo: [/proc/self/status]	VmPTE:	     800 kB
20220314 015451.614 INFO             PET0 PIOc_sync Enter - MemInfo: [/proc/self/status]	VmPMD:	      32 kB
20220314 015451.614 INFO             PET0 PIOc_sync Enter - MemInfo: [/proc/self/status]	VmSwap:	       0 kB
20220314 015451.614 INFO             PET0 PIOc_sync Enter - MemInfo: [/proc/self/status]	VmRSSPercent: 0.122617 %
20220314 015451.614 INFO             PET0 PIOc_sync Enter - MemInfo: [malloc] Non-mmapped space allocated:                 3305472 Byte
20220314 015451.614 INFO             PET0 PIOc_sync Enter - MemInfo: [malloc] Space allocated in mmapped regions:         76042240 Byte
20220314 015451.614 INFO             PET0 PIOc_sync Enter - MemInfo: [malloc] Maximum total allocated space:                     0 Byte
20220314 015451.614 INFO             PET0 PIOc_sync Enter - MemInfo: [malloc] Space in freed fastbin blocks:                   512 Byte
20220314 015451.614 INFO             PET0 PIOc_sync Enter - MemInfo: [malloc] Total allocated space:                       3138480 Byte
20220314 015451.614 INFO             PET0 PIOc_sync Enter - MemInfo: [malloc] Total free space:                             166992 Byte
20220314 015451.614 INFO             PET0 PIOc_sync Enter - MemInfo: [malloc] Top-most, releasable space:                    33232 Byte
20220314 015451.614 INFO             PET0 PIOc_sync Enter - MemInfo: [malloc] Total space in use, mmap + non-mmap:        79180720 Byte
20220314 015451.614 INFO             PET0 PIOc_sync Enter - MemInfo: [malloc] Total space held (mmap + non-mmap):         79347712 Byte
20220314 015451.614 INFO             PET0 PIOc_sync Enter - MemInfo: [malloc] Total space used (mmap + non-mmap):         79190080 Byte
20220314 015451.614 INFO             PET0 PIOc_sync Enter - MemInfo: Wall-clock time since execution start:               0.223162 seconds
20220314 015451.614 INFO             PET0 PIOc_sync Exit - MemInfo: [/proc/meminfo - SSI]	MemTotal:       131394444 kB
20220314 015451.614 INFO             PET0 PIOc_sync Exit - MemInfo: [/proc/meminfo - SSI]	MemFree:        122108456 kB
20220314 015451.614 INFO             PET0 PIOc_sync Exit - MemInfo: [/proc/meminfo - SSI]	MemAvailable:   121852252 kB
20220314 015451.614 INFO             PET0 PIOc_sync Exit - MemInfo: [/proc/meminfo - SSI]	Committed_AS:    4378652 kB
20220314 015451.614 INFO             PET0 PIOc_sync Exit - MemInfo: [/proc/meminfo - SSI]	CommittedPercent: 3.33245 %
20220314 015451.614 INFO             PET0 PIOc_sync Exit - MemInfo: [/proc/self/status]	VmPeak:	 3854296 kB
20220314 015451.614 INFO             PET0 PIOc_sync Exit - MemInfo: [/proc/self/status]	VmSize:	 3842868 kB
20220314 015451.614 INFO             PET0 PIOc_sync Exit - MemInfo: [/proc/self/status]	VmLck:	       0 kB
20220314 015451.614 INFO             PET0 PIOc_sync Exit - MemInfo: [/proc/self/status]	VmPin:	   71900 kB
20220314 015451.614 INFO             PET0 PIOc_sync Exit - MemInfo: [/proc/self/status]	VmHWM:	  161320 kB
20220314 015451.614 INFO             PET0 PIOc_sync Exit - MemInfo: [/proc/self/status]	VmRSS:	  161320 kB
20220314 015451.614 INFO             PET0 PIOc_sync Exit - MemInfo: [/proc/self/status]	VmData:	  259428 kB
20220314 015451.614 INFO             PET0 PIOc_sync Exit - MemInfo: [/proc/self/status]	VmStk:	     512 kB
20220314 015451.614 INFO             PET0 PIOc_sync Exit - MemInfo: [/proc/self/status]	VmExe:	    1892 kB
20220314 015451.614 INFO             PET0 PIOc_sync Exit - MemInfo: [/proc/self/status]	VmLib:	  156408 kB
20220314 015451.614 INFO             PET0 PIOc_sync Exit - MemInfo: [/proc/self/status]	VmPTE:	     800 kB
20220314 015451.614 INFO             PET0 PIOc_sync Exit - MemInfo: [/proc/self/status]	VmPMD:	      32 kB
20220314 015451.614 INFO             PET0 PIOc_sync Exit - MemInfo: [/proc/self/status]	VmSwap:	       0 kB
20220314 015451.614 INFO             PET0 PIOc_sync Exit - MemInfo: [/proc/self/status]	VmRSSPercent: 0.122775 %
20220314 015451.614 INFO             PET0 PIOc_sync Exit - MemInfo: [malloc] Non-mmapped space allocated:                 3305472 Byte
20220314 015451.614 INFO             PET0 PIOc_sync Exit - MemInfo: [malloc] Space allocated in mmapped regions:         76042240 Byte
20220314 015451.614 INFO             PET0 PIOc_sync Exit - MemInfo: [malloc] Maximum total allocated space:                     0 Byte
20220314 015451.614 INFO             PET0 PIOc_sync Exit - MemInfo: [malloc] Space in freed fastbin blocks:                   608 Byte
20220314 015451.614 INFO             PET0 PIOc_sync Exit - MemInfo: [malloc] Total allocated space:                       3137728 Byte
20220314 015451.614 INFO             PET0 PIOc_sync Exit - MemInfo: [malloc] Total free space:                             167744 Byte
20220314 015451.614 INFO             PET0 PIOc_sync Exit - MemInfo: [malloc] Top-most, releasable space:                    33936 Byte
20220314 015451.614 INFO             PET0 PIOc_sync Exit - MemInfo: [malloc] Total space in use, mmap + non-mmap:        79179968 Byte
20220314 015451.614 INFO             PET0 PIOc_sync Exit - MemInfo: [malloc] Total space held (mmap + non-mmap):         79347712 Byte
20220314 015451.614 INFO             PET0 PIOc_sync Exit - MemInfo: [malloc] Total space used (mmap + non-mmap):         79189328 Byte
20220314 015451.614 INFO             PET0 PIOc_sync Exit - MemInfo: Wall-clock time since execution start:               0.223888 seconds
20220314 015451.615 INFO             PET0 PIOc_freedecomp Enter - MemInfo: [/proc/meminfo - SSI]	MemTotal:       131394444 kB
20220314 015451.615 INFO             PET0 PIOc_freedecomp Enter - MemInfo: [/proc/meminfo - SSI]	MemFree:        122109668 kB
20220314 015451.615 INFO             PET0 PIOc_freedecomp Enter - MemInfo: [/proc/meminfo - SSI]	MemAvailable:   121853464 kB
20220314 015451.615 INFO             PET0 PIOc_freedecomp Enter - MemInfo: [/proc/meminfo - SSI]	Committed_AS:    4378652 kB
20220314 015451.615 INFO             PET0 PIOc_freedecomp Enter - MemInfo: [/proc/meminfo - SSI]	CommittedPercent: 3.33245 %
20220314 015451.615 INFO             PET0 PIOc_freedecomp Enter - MemInfo: [/proc/self/status]	VmPeak:	 3854296 kB
20220314 015451.615 INFO             PET0 PIOc_freedecomp Enter - MemInfo: [/proc/self/status]	VmSize:	 3840300 kB
20220314 015451.615 INFO             PET0 PIOc_freedecomp Enter - MemInfo: [/proc/self/status]	VmLck:	       0 kB
20220314 015451.615 INFO             PET0 PIOc_freedecomp Enter - MemInfo: [/proc/self/status]	VmPin:	   71900 kB
20220314 015451.615 INFO             PET0 PIOc_freedecomp Enter - MemInfo: [/proc/self/status]	VmHWM:	  161320 kB
20220314 015451.615 INFO             PET0 PIOc_freedecomp Enter - MemInfo: [/proc/self/status]	VmRSS:	  159268 kB
20220314 015451.615 INFO             PET0 PIOc_freedecomp Enter - MemInfo: [/proc/self/status]	VmData:	  256860 kB
20220314 015451.615 INFO             PET0 PIOc_freedecomp Enter - MemInfo: [/proc/self/status]	VmStk:	     512 kB
20220314 015451.615 INFO             PET0 PIOc_freedecomp Enter - MemInfo: [/proc/self/status]	VmExe:	    1892 kB
20220314 015451.615 INFO             PET0 PIOc_freedecomp Enter - MemInfo: [/proc/self/status]	VmLib:	  156408 kB
20220314 015451.615 INFO             PET0 PIOc_freedecomp Enter - MemInfo: [/proc/self/status]	VmPTE:	     796 kB
20220314 015451.615 INFO             PET0 PIOc_freedecomp Enter - MemInfo: [/proc/self/status]	VmPMD:	      32 kB
20220314 015451.615 INFO             PET0 PIOc_freedecomp Enter - MemInfo: [/proc/self/status]	VmSwap:	       0 kB
20220314 015451.615 INFO             PET0 PIOc_freedecomp Enter - MemInfo: [/proc/self/status]	VmRSSPercent: 0.121214 %
20220314 015451.615 INFO             PET0 PIOc_freedecomp Enter - MemInfo: [malloc] Non-mmapped space allocated:                 3305472 Byte
20220314 015451.615 INFO             PET0 PIOc_freedecomp Enter - MemInfo: [malloc] Space allocated in mmapped regions:         73412608 Byte
20220314 015451.615 INFO             PET0 PIOc_freedecomp Enter - MemInfo: [malloc] Maximum total allocated space:                     0 Byte
20220314 015451.615 INFO             PET0 PIOc_freedecomp Enter - MemInfo: [malloc] Space in freed fastbin blocks:                  1392 Byte
20220314 015451.615 INFO             PET0 PIOc_freedecomp Enter - MemInfo: [malloc] Total allocated space:                       3124400 Byte
20220314 015451.615 INFO             PET0 PIOc_freedecomp Enter - MemInfo: [malloc] Total free space:                             181072 Byte
20220314 015451.615 INFO             PET0 PIOc_freedecomp Enter - MemInfo: [malloc] Top-most, releasable space:                    34656 Byte
20220314 015451.615 INFO             PET0 PIOc_freedecomp Enter - MemInfo: [malloc] Total space in use, mmap + non-mmap:        76537008 Byte
20220314 015451.615 INFO             PET0 PIOc_freedecomp Enter - MemInfo: [malloc] Total space held (mmap + non-mmap):         76718080 Byte
20220314 015451.615 INFO             PET0 PIOc_freedecomp Enter - MemInfo: [malloc] Total space used (mmap + non-mmap):         76546368 Byte
20220314 015451.615 INFO             PET0 PIOc_freedecomp Enter - MemInfo: Wall-clock time since execution start:               0.224412 seconds
20220314 015451.615 INFO             PET0 PIOc_freedecomp Exit - MemInfo: [/proc/meminfo - SSI]	MemTotal:       131394444 kB
20220314 015451.615 INFO             PET0 PIOc_freedecomp Exit - MemInfo: [/proc/meminfo - SSI]	MemFree:        122109172 kB
20220314 015451.615 INFO             PET0 PIOc_freedecomp Exit - MemInfo: [/proc/meminfo - SSI]	MemAvailable:   121852968 kB
20220314 015451.615 INFO             PET0 PIOc_freedecomp Exit - MemInfo: [/proc/meminfo - SSI]	Committed_AS:    4378652 kB
20220314 015451.615 INFO             PET0 PIOc_freedecomp Exit - MemInfo: [/proc/meminfo - SSI]	CommittedPercent: 3.33245 %
20220314 015451.615 INFO             PET0 PIOc_freedecomp Exit - MemInfo: [/proc/self/status]	VmPeak:	 3854296 kB
20220314 015451.615 INFO             PET0 PIOc_freedecomp Exit - MemInfo: [/proc/self/status]	VmSize:	 3840300 kB
20220314 015451.615 INFO             PET0 PIOc_freedecomp Exit - MemInfo: [/proc/self/status]	VmLck:	       0 kB
20220314 015451.615 INFO             PET0 PIOc_freedecomp Exit - MemInfo: [/proc/self/status]	VmPin:	   71900 kB
20220314 015451.615 INFO             PET0 PIOc_freedecomp Exit - MemInfo: [/proc/self/status]	VmHWM:	  161320 kB
20220314 015451.615 INFO             PET0 PIOc_freedecomp Exit - MemInfo: [/proc/self/status]	VmRSS:	  159272 kB
20220314 015451.615 INFO             PET0 PIOc_freedecomp Exit - MemInfo: [/proc/self/status]	VmData:	  256860 kB
20220314 015451.615 INFO             PET0 PIOc_freedecomp Exit - MemInfo: [/proc/self/status]	VmStk:	     512 kB
20220314 015451.615 INFO             PET0 PIOc_freedecomp Exit - MemInfo: [/proc/self/status]	VmExe:	    1892 kB
20220314 015451.615 INFO             PET0 PIOc_freedecomp Exit - MemInfo: [/proc/self/status]	VmLib:	  156408 kB
20220314 015451.615 INFO             PET0 PIOc_freedecomp Exit - MemInfo: [/proc/self/status]	VmPTE:	     796 kB
20220314 015451.615 INFO             PET0 PIOc_freedecomp Exit - MemInfo: [/proc/self/status]	VmPMD:	      32 kB
20220314 015451.615 INFO             PET0 PIOc_freedecomp Exit - MemInfo: [/proc/self/status]	VmSwap:	       0 kB
20220314 015451.615 INFO             PET0 PIOc_freedecomp Exit - MemInfo: [/proc/self/status]	VmRSSPercent: 0.121217 %
20220314 015451.615 INFO             PET0 PIOc_freedecomp Exit - MemInfo: [malloc] Non-mmapped space allocated:                 3305472 Byte
20220314 015451.615 INFO             PET0 PIOc_freedecomp Exit - MemInfo: [malloc] Space allocated in mmapped regions:         73412608 Byte
20220314 015451.615 INFO             PET0 PIOc_freedecomp Exit - MemInfo: [malloc] Maximum total allocated space:                     0 Byte
20220314 015451.615 INFO             PET0 PIOc_freedecomp Exit - MemInfo: [malloc] Space in freed fastbin blocks:                   848 Byte
20220314 015451.615 INFO             PET0 PIOc_freedecomp Exit - MemInfo: [malloc] Total allocated space:                       3122944 Byte
20220314 015451.615 INFO             PET0 PIOc_freedecomp Exit - MemInfo: [malloc] Total free space:                             182528 Byte
20220314 015451.615 INFO             PET0 PIOc_freedecomp Exit - MemInfo: [malloc] Top-most, releasable space:                    47472 Byte
20220314 015451.615 INFO             PET0 PIOc_freedecomp Exit - MemInfo: [malloc] Total space in use, mmap + non-mmap:        76535552 Byte
20220314 015451.615 INFO             PET0 PIOc_freedecomp Exit - MemInfo: [malloc] Total space held (mmap + non-mmap):         76718080 Byte
20220314 015451.615 INFO             PET0 PIOc_freedecomp Exit - MemInfo: [malloc] Total space used (mmap + non-mmap):         76544912 Byte
20220314 015451.615 INFO             PET0 PIOc_freedecomp Exit - MemInfo: Wall-clock time since execution start:               0.224785 seconds
20220314 015451.617 INFO             PET0 PIOc_sync Enter - MemInfo: [/proc/meminfo - SSI]	MemTotal:       131394444 kB
20220314 015451.617 INFO             PET0 PIOc_sync Enter - MemInfo: [/proc/meminfo - SSI]	MemFree:        122109172 kB
20220314 015451.617 INFO             PET0 PIOc_sync Enter - MemInfo: [/proc/meminfo - SSI]	MemAvailable:   121852968 kB
20220314 015451.617 INFO             PET0 PIOc_sync Enter - MemInfo: [/proc/meminfo - SSI]	Committed_AS:    4378652 kB
20220314 015451.617 INFO             PET0 PIOc_sync Enter - MemInfo: [/proc/meminfo - SSI]	CommittedPercent: 3.33245 %
20220314 015451.617 INFO             PET0 PIOc_sync Enter - MemInfo: [/proc/self/status]	VmPeak:	 3854296 kB
20220314 015451.617 INFO             PET0 PIOc_sync Enter - MemInfo: [/proc/self/status]	VmSize:	 3842944 kB
20220314 015451.617 INFO             PET0 PIOc_sync Enter - MemInfo: [/proc/self/status]	VmLck:	       0 kB
20220314 015451.617 INFO             PET0 PIOc_sync Enter - MemInfo: [/proc/self/status]	VmPin:	   71900 kB
20220314 015451.617 INFO             PET0 PIOc_sync Enter - MemInfo: [/proc/self/status]	VmHWM:	  161320 kB
20220314 015451.617 INFO             PET0 PIOc_sync Enter - MemInfo: [/proc/self/status]	VmRSS:	  160420 kB
20220314 015451.617 INFO             PET0 PIOc_sync Enter - MemInfo: [/proc/self/status]	VmData:	  259504 kB
20220314 015451.617 INFO             PET0 PIOc_sync Enter - MemInfo: [/proc/self/status]	VmStk:	     512 kB
20220314 015451.617 INFO             PET0 PIOc_sync Enter - MemInfo: [/proc/self/status]	VmExe:	    1892 kB
20220314 015451.617 INFO             PET0 PIOc_sync Enter - MemInfo: [/proc/self/status]	VmLib:	  156408 kB
20220314 015451.617 INFO             PET0 PIOc_sync Enter - MemInfo: [/proc/self/status]	VmPTE:	     800 kB
20220314 015451.617 INFO             PET0 PIOc_sync Enter - MemInfo: [/proc/self/status]	VmPMD:	      32 kB
20220314 015451.617 INFO             PET0 PIOc_sync Enter - MemInfo: [/proc/self/status]	VmSwap:	       0 kB
20220314 015451.617 INFO             PET0 PIOc_sync Enter - MemInfo: [/proc/self/status]	VmRSSPercent: 0.12209 %
20220314 015451.617 INFO             PET0 PIOc_sync Enter - MemInfo: [malloc] Non-mmapped space allocated:                 6012928 Byte
20220314 015451.617 INFO             PET0 PIOc_sync Enter - MemInfo: [malloc] Space allocated in mmapped regions:         73412608 Byte
20220314 015451.617 INFO             PET0 PIOc_sync Enter - MemInfo: [malloc] Maximum total allocated space:                     0 Byte
20220314 015451.617 INFO             PET0 PIOc_sync Enter - MemInfo: [malloc] Space in freed fastbin blocks:                   112 Byte
20220314 015451.617 INFO             PET0 PIOc_sync Enter - MemInfo: [malloc] Total allocated space:                       5760672 Byte
20220314 015451.617 INFO             PET0 PIOc_sync Enter - MemInfo: [malloc] Total free space:                             252256 Byte
20220314 015451.617 INFO             PET0 PIOc_sync Enter - MemInfo: [malloc] Top-most, releasable space:                   118544 Byte
20220314 015451.617 INFO             PET0 PIOc_sync Enter - MemInfo: [malloc] Total space in use, mmap + non-mmap:        79173280 Byte
20220314 015451.617 INFO             PET0 PIOc_sync Enter - MemInfo: [malloc] Total space held (mmap + non-mmap):         79425536 Byte
20220314 015451.617 INFO             PET0 PIOc_sync Enter - MemInfo: [malloc] Total space used (mmap + non-mmap):         79182640 Byte
20220314 015451.617 INFO             PET0 PIOc_sync Enter - MemInfo: Wall-clock time since execution start:               0.226494 seconds
20220314 015451.617 INFO             PET0 PIOc_sync Exit - MemInfo: [/proc/meminfo - SSI]	MemTotal:       131394444 kB
20220314 015451.618 INFO             PET0 PIOc_sync Exit - MemInfo: [/proc/meminfo - SSI]	MemFree:        122108704 kB
20220314 015451.618 INFO             PET0 PIOc_sync Exit - MemInfo: [/proc/meminfo - SSI]	MemAvailable:   121852500 kB
20220314 015451.618 INFO             PET0 PIOc_sync Exit - MemInfo: [/proc/meminfo - SSI]	Committed_AS:    4378652 kB
20220314 015451.618 INFO             PET0 PIOc_sync Exit - MemInfo: [/proc/meminfo - SSI]	CommittedPercent: 3.33245 %
20220314 015451.618 INFO             PET0 PIOc_sync Exit - MemInfo: [/proc/self/status]	VmPeak:	 3854296 kB
20220314 015451.618 INFO             PET0 PIOc_sync Exit - MemInfo: [/proc/self/status]	VmSize:	 3842944 kB
20220314 015451.618 INFO             PET0 PIOc_sync Exit - MemInfo: [/proc/self/status]	VmLck:	       0 kB
20220314 015451.618 INFO             PET0 PIOc_sync Exit - MemInfo: [/proc/self/status]	VmPin:	   71900 kB
20220314 015451.618 INFO             PET0 PIOc_sync Exit - MemInfo: [/proc/self/status]	VmHWM:	  161320 kB
20220314 015451.618 INFO             PET0 PIOc_sync Exit - MemInfo: [/proc/self/status]	VmRSS:	  160460 kB
20220314 015451.618 INFO             PET0 PIOc_sync Exit - MemInfo: [/proc/self/status]	VmData:	  259504 kB
20220314 015451.618 INFO             PET0 PIOc_sync Exit - MemInfo: [/proc/self/status]	VmStk:	     512 kB
20220314 015451.618 INFO             PET0 PIOc_sync Exit - MemInfo: [/proc/self/status]	VmExe:	    1892 kB
20220314 015451.618 INFO             PET0 PIOc_sync Exit - MemInfo: [/proc/self/status]	VmLib:	  156408 kB
20220314 015451.618 INFO             PET0 PIOc_sync Exit - MemInfo: [/proc/self/status]	VmPTE:	     800 kB
20220314 015451.618 INFO             PET0 PIOc_sync Exit - MemInfo: [/proc/self/status]	VmPMD:	      32 kB
20220314 015451.618 INFO             PET0 PIOc_sync Exit - MemInfo: [/proc/self/status]	VmSwap:	       0 kB
20220314 015451.618 INFO             PET0 PIOc_sync Exit - MemInfo: [/proc/self/status]	VmRSSPercent: 0.122121 %
20220314 015451.618 INFO             PET0 PIOc_sync Exit - MemInfo: [malloc] Non-mmapped space allocated:                 6012928 Byte
20220314 015451.618 INFO             PET0 PIOc_sync Exit - MemInfo: [malloc] Space allocated in mmapped regions:         73412608 Byte
20220314 015451.618 INFO             PET0 PIOc_sync Exit - MemInfo: [malloc] Maximum total allocated space:                     0 Byte
20220314 015451.618 INFO             PET0 PIOc_sync Exit - MemInfo: [malloc] Space in freed fastbin blocks:                   128 Byte
20220314 015451.618 INFO             PET0 PIOc_sync Exit - MemInfo: [malloc] Total allocated space:                       5759936 Byte
20220314 015451.618 INFO             PET0 PIOc_sync Exit - MemInfo: [malloc] Total free space:                             252992 Byte
20220314 015451.618 INFO             PET0 PIOc_sync Exit - MemInfo: [malloc] Top-most, releasable space:                   119168 Byte
20220314 015451.618 INFO             PET0 PIOc_sync Exit - MemInfo: [malloc] Total space in use, mmap + non-mmap:        79172544 Byte
20220314 015451.618 INFO             PET0 PIOc_sync Exit - MemInfo: [malloc] Total space held (mmap + non-mmap):         79425536 Byte
20220314 015451.618 INFO             PET0 PIOc_sync Exit - MemInfo: [malloc] Total space used (mmap + non-mmap):         79181904 Byte
20220314 015451.618 INFO             PET0 PIOc_sync Exit - MemInfo: Wall-clock time since execution start:               0.227192 seconds
20220314 015451.618 INFO             PET0 PIOc_freedecomp Enter - MemInfo: [/proc/meminfo - SSI]	MemTotal:       131394444 kB
20220314 015451.618 INFO             PET0 PIOc_freedecomp Enter - MemInfo: [/proc/meminfo - SSI]	MemFree:        122108704 kB
20220314 015451.618 INFO             PET0 PIOc_freedecomp Enter - MemInfo: [/proc/meminfo - SSI]	MemAvailable:   121852500 kB
20220314 015451.618 INFO             PET0 PIOc_freedecomp Enter - MemInfo: [/proc/meminfo - SSI]	Committed_AS:    4378652 kB
20220314 015451.618 INFO             PET0 PIOc_freedecomp Enter - MemInfo: [/proc/meminfo - SSI]	CommittedPercent: 3.33245 %
20220314 015451.618 INFO             PET0 PIOc_freedecomp Enter - MemInfo: [/proc/self/status]	VmPeak:	 3854296 kB
20220314 015451.618 INFO             PET0 PIOc_freedecomp Enter - MemInfo: [/proc/self/status]	VmSize:	 3842944 kB
20220314 015451.618 INFO             PET0 PIOc_freedecomp Enter - MemInfo: [/proc/self/status]	VmLck:	       0 kB
20220314 015451.618 INFO             PET0 PIOc_freedecomp Enter - MemInfo: [/proc/self/status]	VmPin:	   71900 kB
20220314 015451.618 INFO             PET0 PIOc_freedecomp Enter - MemInfo: [/proc/self/status]	VmHWM:	  161320 kB
20220314 015451.618 INFO             PET0 PIOc_freedecomp Enter - MemInfo: [/proc/self/status]	VmRSS:	  160460 kB
20220314 015451.618 INFO             PET0 PIOc_freedecomp Enter - MemInfo: [/proc/self/status]	VmData:	  259504 kB
20220314 015451.618 INFO             PET0 PIOc_freedecomp Enter - MemInfo: [/proc/self/status]	VmStk:	     512 kB
20220314 015451.618 INFO             PET0 PIOc_freedecomp Enter - MemInfo: [/proc/self/status]	VmExe:	    1892 kB
20220314 015451.618 INFO             PET0 PIOc_freedecomp Enter - MemInfo: [/proc/self/status]	VmLib:	  156408 kB
20220314 015451.618 INFO             PET0 PIOc_freedecomp Enter - MemInfo: [/proc/self/status]	VmPTE:	     800 kB
20220314 015451.618 INFO             PET0 PIOc_freedecomp Enter - MemInfo: [/proc/self/status]	VmPMD:	      32 kB
20220314 015451.618 INFO             PET0 PIOc_freedecomp Enter - MemInfo: [/proc/self/status]	VmSwap:	       0 kB
20220314 015451.618 INFO             PET0 PIOc_freedecomp Enter - MemInfo: [/proc/self/status]	VmRSSPercent: 0.122121 %
20220314 015451.618 INFO             PET0 PIOc_freedecomp Enter - MemInfo: [malloc] Non-mmapped space allocated:                 6012928 Byte
20220314 015451.618 INFO             PET0 PIOc_freedecomp Enter - MemInfo: [malloc] Space allocated in mmapped regions:         73412608 Byte
20220314 015451.618 INFO             PET0 PIOc_freedecomp Enter - MemInfo: [malloc] Maximum total allocated space:                     0 Byte
20220314 015451.618 INFO             PET0 PIOc_freedecomp Enter - MemInfo: [malloc] Space in freed fastbin blocks:                   368 Byte
20220314 015451.618 INFO             PET0 PIOc_freedecomp Enter - MemInfo: [malloc] Total allocated space:                       3124400 Byte
20220314 015451.618 INFO             PET0 PIOc_freedecomp Enter - MemInfo: [malloc] Total free space:                            2888528 Byte
20220314 015451.618 INFO             PET0 PIOc_freedecomp Enter - MemInfo: [malloc] Top-most, releasable space:                   120784 Byte
20220314 015451.618 INFO             PET0 PIOc_freedecomp Enter - MemInfo: [malloc] Total space in use, mmap + non-mmap:        76537008 Byte
20220314 015451.618 INFO             PET0 PIOc_freedecomp Enter - MemInfo: [malloc] Total space held (mmap + non-mmap):         79425536 Byte
20220314 015451.618 INFO             PET0 PIOc_freedecomp Enter - MemInfo: [malloc] Total space used (mmap + non-mmap):         76546368 Byte
20220314 015451.618 INFO             PET0 PIOc_freedecomp Enter - MemInfo: Wall-clock time since execution start:               0.227664 seconds
20220314 015451.618 INFO             PET0 PIOc_freedecomp Exit - MemInfo: [/proc/meminfo - SSI]	MemTotal:       131394444 kB
20220314 015451.618 INFO             PET0 PIOc_freedecomp Exit - MemInfo: [/proc/meminfo - SSI]	MemFree:        122108704 kB
20220314 015451.618 INFO             PET0 PIOc_freedecomp Exit - MemInfo: [/proc/meminfo - SSI]	MemAvailable:   121852500 kB
20220314 015451.618 INFO             PET0 PIOc_freedecomp Exit - MemInfo: [/proc/meminfo - SSI]	Committed_AS:    4378652 kB
20220314 015451.618 INFO             PET0 PIOc_freedecomp Exit - MemInfo: [/proc/meminfo - SSI]	CommittedPercent: 3.33245 %
20220314 015451.618 INFO             PET0 PIOc_freedecomp Exit - MemInfo: [/proc/self/status]	VmPeak:	 3854296 kB
20220314 015451.618 INFO             PET0 PIOc_freedecomp Exit - MemInfo: [/proc/self/status]	VmSize:	 3842944 kB
20220314 015451.618 INFO             PET0 PIOc_freedecomp Exit - MemInfo: [/proc/self/status]	VmLck:	       0 kB
20220314 015451.618 INFO             PET0 PIOc_freedecomp Exit - MemInfo: [/proc/self/status]	VmPin:	   71900 kB
20220314 015451.618 INFO             PET0 PIOc_freedecomp Exit - MemInfo: [/proc/self/status]	VmHWM:	  161320 kB
20220314 015451.619 INFO             PET0 PIOc_freedecomp Exit - MemInfo: [/proc/self/status]	VmRSS:	  160460 kB
20220314 015451.619 INFO             PET0 PIOc_freedecomp Exit - MemInfo: [/proc/self/status]	VmData:	  259504 kB
20220314 015451.619 INFO             PET0 PIOc_freedecomp Exit - MemInfo: [/proc/self/status]	VmStk:	     512 kB
20220314 015451.619 INFO             PET0 PIOc_freedecomp Exit - MemInfo: [/proc/self/status]	VmExe:	    1892 kB
20220314 015451.619 INFO             PET0 PIOc_freedecomp Exit - MemInfo: [/proc/self/status]	VmLib:	  156408 kB
20220314 015451.619 INFO             PET0 PIOc_freedecomp Exit - MemInfo: [/proc/self/status]	VmPTE:	     800 kB
20220314 015451.619 INFO             PET0 PIOc_freedecomp Exit - MemInfo: [/proc/self/status]	VmPMD:	      32 kB
20220314 015451.619 INFO             PET0 PIOc_freedecomp Exit - MemInfo: [/proc/self/status]	VmSwap:	       0 kB
20220314 015451.619 INFO             PET0 PIOc_freedecomp Exit - MemInfo: [/proc/self/status]	VmRSSPercent: 0.122121 %
20220314 015451.619 INFO             PET0 PIOc_freedecomp Exit - MemInfo: [malloc] Non-mmapped space allocated:                 6012928 Byte
20220314 015451.619 INFO             PET0 PIOc_freedecomp Exit - MemInfo: [malloc] Space allocated in mmapped regions:         73412608 Byte
20220314 015451.619 INFO             PET0 PIOc_freedecomp Exit - MemInfo: [malloc] Maximum total allocated space:                     0 Byte
20220314 015451.619 INFO             PET0 PIOc_freedecomp Exit - MemInfo: [malloc] Space in freed fastbin blocks:                   352 Byte
20220314 015451.619 INFO             PET0 PIOc_freedecomp Exit - MemInfo: [malloc] Total allocated space:                       3122944 Byte
20220314 015451.619 INFO             PET0 PIOc_freedecomp Exit - MemInfo: [malloc] Total free space:                            2889984 Byte
20220314 015451.619 INFO             PET0 PIOc_freedecomp Exit - MemInfo: [malloc] Top-most, releasable space:                   121312 Byte
20220314 015451.619 INFO             PET0 PIOc_freedecomp Exit - MemInfo: [malloc] Total space in use, mmap + non-mmap:        76535552 Byte
20220314 015451.619 INFO             PET0 PIOc_freedecomp Exit - MemInfo: [malloc] Total space held (mmap + non-mmap):         79425536 Byte
20220314 015451.619 INFO             PET0 PIOc_freedecomp Exit - MemInfo: [malloc] Total space used (mmap + non-mmap):         76544912 Byte
20220314 015451.619 INFO             PET0 PIOc_freedecomp Exit - MemInfo: Wall-clock time since execution start:               0.228075 seconds
20220314 015451.620 INFO             PET0 PIOc_sync Enter - MemInfo: [/proc/meminfo - SSI]	MemTotal:       131394444 kB
20220314 015451.620 INFO             PET0 PIOc_sync Enter - MemInfo: [/proc/meminfo - SSI]	MemFree:        122108208 kB
20220314 015451.620 INFO             PET0 PIOc_sync Enter - MemInfo: [/proc/meminfo - SSI]	MemAvailable:   121852004 kB
20220314 015451.620 INFO             PET0 PIOc_sync Enter - MemInfo: [/proc/meminfo - SSI]	Committed_AS:    4378652 kB
20220314 015451.620 INFO             PET0 PIOc_sync Enter - MemInfo: [/proc/meminfo - SSI]	CommittedPercent: 3.33245 %
20220314 015451.620 INFO             PET0 PIOc_sync Enter - MemInfo: [/proc/self/status]	VmPeak:	 3854296 kB
20220314 015451.620 INFO             PET0 PIOc_sync Enter - MemInfo: [/proc/self/status]	VmSize:	 3842944 kB
20220314 015451.620 INFO             PET0 PIOc_sync Enter - MemInfo: [/proc/self/status]	VmLck:	       0 kB
20220314 015451.620 INFO             PET0 PIOc_sync Enter - MemInfo: [/proc/self/status]	VmPin:	   71900 kB
20220314 015451.620 INFO             PET0 PIOc_sync Enter - MemInfo: [/proc/self/status]	VmHWM:	  161320 kB
20220314 015451.620 INFO             PET0 PIOc_sync Enter - MemInfo: [/proc/self/status]	VmRSS:	  160980 kB
20220314 015451.620 INFO             PET0 PIOc_sync Enter - MemInfo: [/proc/self/status]	VmData:	  259504 kB
20220314 015451.620 INFO             PET0 PIOc_sync Enter - MemInfo: [/proc/self/status]	VmStk:	     512 kB
20220314 015451.620 INFO             PET0 PIOc_sync Enter - MemInfo: [/proc/self/status]	VmExe:	    1892 kB
20220314 015451.620 INFO             PET0 PIOc_sync Enter - MemInfo: [/proc/self/status]	VmLib:	  156408 kB
20220314 015451.620 INFO             PET0 PIOc_sync Enter - MemInfo: [/proc/self/status]	VmPTE:	     800 kB
20220314 015451.620 INFO             PET0 PIOc_sync Enter - MemInfo: [/proc/self/status]	VmPMD:	      32 kB
20220314 015451.620 INFO             PET0 PIOc_sync Enter - MemInfo: [/proc/self/status]	VmSwap:	       0 kB
20220314 015451.620 INFO             PET0 PIOc_sync Enter - MemInfo: [/proc/self/status]	VmRSSPercent: 0.122517 %
20220314 015451.620 INFO             PET0 PIOc_sync Enter - MemInfo: [malloc] Non-mmapped space allocated:                 6012928 Byte
20220314 015451.620 INFO             PET0 PIOc_sync Enter - MemInfo: [malloc] Space allocated in mmapped regions:         73412608 Byte
20220314 015451.620 INFO             PET0 PIOc_sync Enter - MemInfo: [malloc] Maximum total allocated space:                     0 Byte
20220314 015451.620 INFO             PET0 PIOc_sync Enter - MemInfo: [malloc] Space in freed fastbin blocks:                   112 Byte
20220314 015451.620 INFO             PET0 PIOc_sync Enter - MemInfo: [malloc] Total allocated space:                       5761408 Byte
20220314 015451.620 INFO             PET0 PIOc_sync Enter - MemInfo: [malloc] Total free space:                             251520 Byte
20220314 015451.620 INFO             PET0 PIOc_sync Enter - MemInfo: [malloc] Top-most, releasable space:                   117296 Byte
20220314 015451.620 INFO             PET0 PIOc_sync Enter - MemInfo: [malloc] Total space in use, mmap + non-mmap:        79174016 Byte
20220314 015451.620 INFO             PET0 PIOc_sync Enter - MemInfo: [malloc] Total space held (mmap + non-mmap):         79425536 Byte
20220314 015451.620 INFO             PET0 PIOc_sync Enter - MemInfo: [malloc] Total space used (mmap + non-mmap):         79183376 Byte
20220314 015451.620 INFO             PET0 PIOc_sync Enter - MemInfo: Wall-clock time since execution start:                 0.2293 seconds
20220314 015451.620 INFO             PET0 PIOc_sync Exit - MemInfo: [/proc/meminfo - SSI]	MemTotal:       131394444 kB
20220314 015451.620 INFO             PET0 PIOc_sync Exit - MemInfo: [/proc/meminfo - SSI]	MemFree:        122108208 kB
20220314 015451.620 INFO             PET0 PIOc_sync Exit - MemInfo: [/proc/meminfo - SSI]	MemAvailable:   121852004 kB
20220314 015451.620 INFO             PET0 PIOc_sync Exit - MemInfo: [/proc/meminfo - SSI]	Committed_AS:    4378652 kB
20220314 015451.620 INFO             PET0 PIOc_sync Exit - MemInfo: [/proc/meminfo - SSI]	CommittedPercent: 3.33245 %
20220314 015451.620 INFO             PET0 PIOc_sync Exit - MemInfo: [/proc/self/status]	VmPeak:	 3854296 kB
20220314 015451.620 INFO             PET0 PIOc_sync Exit - MemInfo: [/proc/self/status]	VmSize:	 3842944 kB
20220314 015451.620 INFO             PET0 PIOc_sync Exit - MemInfo: [/proc/self/status]	VmLck:	       0 kB
20220314 015451.620 INFO             PET0 PIOc_sync Exit - MemInfo: [/proc/self/status]	VmPin:	   71900 kB
20220314 015451.620 INFO             PET0 PIOc_sync Exit - MemInfo: [/proc/self/status]	VmHWM:	  161320 kB
20220314 015451.620 INFO             PET0 PIOc_sync Exit - MemInfo: [/proc/self/status]	VmRSS:	  161008 kB
20220314 015451.620 INFO             PET0 PIOc_sync Exit - MemInfo: [/proc/self/status]	VmData:	  259504 kB
20220314 015451.620 INFO             PET0 PIOc_sync Exit - MemInfo: [/proc/self/status]	VmStk:	     512 kB
20220314 015451.620 INFO             PET0 PIOc_sync Exit - MemInfo: [/proc/self/status]	VmExe:	    1892 kB
20220314 015451.620 INFO             PET0 PIOc_sync Exit - MemInfo: [/proc/self/status]	VmLib:	  156408 kB
20220314 015451.620 INFO             PET0 PIOc_sync Exit - MemInfo: [/proc/self/status]	VmPTE:	     800 kB
20220314 015451.620 INFO             PET0 PIOc_sync Exit - MemInfo: [/proc/self/status]	VmPMD:	      32 kB
20220314 015451.620 INFO             PET0 PIOc_sync Exit - MemInfo: [/proc/self/status]	VmSwap:	       0 kB
20220314 015451.620 INFO             PET0 PIOc_sync Exit - MemInfo: [/proc/self/status]	VmRSSPercent: 0.122538 %
20220314 015451.620 INFO             PET0 PIOc_sync Exit - MemInfo: [malloc] Non-mmapped space allocated:                 6012928 Byte
20220314 015451.620 INFO             PET0 PIOc_sync Exit - MemInfo: [malloc] Space allocated in mmapped regions:         73412608 Byte
20220314 015451.620 INFO             PET0 PIOc_sync Exit - MemInfo: [malloc] Maximum total allocated space:                     0 Byte
20220314 015451.620 INFO             PET0 PIOc_sync Exit - MemInfo: [malloc] Space in freed fastbin blocks:                   352 Byte
20220314 015451.620 INFO             PET0 PIOc_sync Exit - MemInfo: [malloc] Total allocated space:                       5760688 Byte
20220314 015451.620 INFO             PET0 PIOc_sync Exit - MemInfo: [malloc] Total free space:                             252240 Byte
20220314 015451.620 INFO             PET0 PIOc_sync Exit - MemInfo: [malloc] Top-most, releasable space:                   117920 Byte
20220314 015451.620 INFO             PET0 PIOc_sync Exit - MemInfo: [malloc] Total space in use, mmap + non-mmap:        79173296 Byte
20220314 015451.620 INFO             PET0 PIOc_sync Exit - MemInfo: [malloc] Total space held (mmap + non-mmap):         79425536 Byte
20220314 015451.620 INFO             PET0 PIOc_sync Exit - MemInfo: [malloc] Total space used (mmap + non-mmap):         79182656 Byte
20220314 015451.620 INFO             PET0 PIOc_sync Exit - MemInfo: Wall-clock time since execution start:               0.229769 seconds
20220314 015451.620 INFO             PET0 PIOc_freedecomp Enter - MemInfo: [/proc/meminfo - SSI]	MemTotal:       131394444 kB
20220314 015451.620 INFO             PET0 PIOc_freedecomp Enter - MemInfo: [/proc/meminfo - SSI]	MemFree:        122108208 kB
20220314 015451.620 INFO             PET0 PIOc_freedecomp Enter - MemInfo: [/proc/meminfo - SSI]	MemAvailable:   121852004 kB
20220314 015451.620 INFO             PET0 PIOc_freedecomp Enter - MemInfo: [/proc/meminfo - SSI]	Committed_AS:    4378652 kB
20220314 015451.621 INFO             PET0 PIOc_freedecomp Enter - MemInfo: [/proc/meminfo - SSI]	CommittedPercent: 3.33245 %
20220314 015451.621 INFO             PET0 PIOc_freedecomp Enter - MemInfo: [/proc/self/status]	VmPeak:	 3854296 kB
20220314 015451.621 INFO             PET0 PIOc_freedecomp Enter - MemInfo: [/proc/self/status]	VmSize:	 3842944 kB
20220314 015451.621 INFO             PET0 PIOc_freedecomp Enter - MemInfo: [/proc/self/status]	VmLck:	       0 kB
20220314 015451.621 INFO             PET0 PIOc_freedecomp Enter - MemInfo: [/proc/self/status]	VmPin:	   71900 kB
20220314 015451.621 INFO             PET0 PIOc_freedecomp Enter - MemInfo: [/proc/self/status]	VmHWM:	  161320 kB
20220314 015451.621 INFO             PET0 PIOc_freedecomp Enter - MemInfo: [/proc/self/status]	VmRSS:	  161008 kB
20220314 015451.621 INFO             PET0 PIOc_freedecomp Enter - MemInfo: [/proc/self/status]	VmData:	  259504 kB
20220314 015451.621 INFO             PET0 PIOc_freedecomp Enter - MemInfo: [/proc/self/status]	VmStk:	     512 kB
20220314 015451.621 INFO             PET0 PIOc_freedecomp Enter - MemInfo: [/proc/self/status]	VmExe:	    1892 kB
20220314 015451.621 INFO             PET0 PIOc_freedecomp Enter - MemInfo: [/proc/self/status]	VmLib:	  156408 kB
20220314 015451.621 INFO             PET0 PIOc_freedecomp Enter - MemInfo: [/proc/self/status]	VmPTE:	     800 kB
20220314 015451.621 INFO             PET0 PIOc_freedecomp Enter - MemInfo: [/proc/self/status]	VmPMD:	      32 kB
20220314 015451.621 INFO             PET0 PIOc_freedecomp Enter - MemInfo: [/proc/self/status]	VmSwap:	       0 kB
20220314 015451.621 INFO             PET0 PIOc_freedecomp Enter - MemInfo: [/proc/self/status]	VmRSSPercent: 0.122538 %
20220314 015451.621 INFO             PET0 PIOc_freedecomp Enter - MemInfo: [malloc] Non-mmapped space allocated:                 6012928 Byte
20220314 015451.621 INFO             PET0 PIOc_freedecomp Enter - MemInfo: [malloc] Space allocated in mmapped regions:         73412608 Byte
20220314 015451.621 INFO             PET0 PIOc_freedecomp Enter - MemInfo: [malloc] Maximum total allocated space:                     0 Byte
20220314 015451.621 INFO             PET0 PIOc_freedecomp Enter - MemInfo: [malloc] Space in freed fastbin blocks:                   368 Byte
20220314 015451.621 INFO             PET0 PIOc_freedecomp Enter - MemInfo: [malloc] Total allocated space:                       3124400 Byte
20220314 015451.621 INFO             PET0 PIOc_freedecomp Enter - MemInfo: [malloc] Total free space:                            2888528 Byte
20220314 015451.621 INFO             PET0 PIOc_freedecomp Enter - MemInfo: [malloc] Top-most, releasable space:                   120048 Byte
20220314 015451.621 INFO             PET0 PIOc_freedecomp Enter - MemInfo: [malloc] Total space in use, mmap + non-mmap:        76537008 Byte
20220314 015451.621 INFO             PET0 PIOc_freedecomp Enter - MemInfo: [malloc] Total space held (mmap + non-mmap):         79425536 Byte
20220314 015451.621 INFO             PET0 PIOc_freedecomp Enter - MemInfo: [malloc] Total space used (mmap + non-mmap):         76546368 Byte
20220314 015451.621 INFO             PET0 PIOc_freedecomp Enter - MemInfo: Wall-clock time since execution start:               0.230163 seconds
20220314 015451.621 INFO             PET0 PIOc_freedecomp Exit - MemInfo: [/proc/meminfo - SSI]	MemTotal:       131394444 kB
20220314 015451.621 INFO             PET0 PIOc_freedecomp Exit - MemInfo: [/proc/meminfo - SSI]	MemFree:        122108208 kB
20220314 015451.621 INFO             PET0 PIOc_freedecomp Exit - MemInfo: [/proc/meminfo - SSI]	MemAvailable:   121852004 kB
20220314 015451.621 INFO             PET0 PIOc_freedecomp Exit - MemInfo: [/proc/meminfo - SSI]	Committed_AS:    4378652 kB
20220314 015451.621 INFO             PET0 PIOc_freedecomp Exit - MemInfo: [/proc/meminfo - SSI]	CommittedPercent: 3.33245 %
20220314 015451.621 INFO             PET0 PIOc_freedecomp Exit - MemInfo: [/proc/self/status]	VmPeak:	 3854296 kB
20220314 015451.621 INFO             PET0 PIOc_freedecomp Exit - MemInfo: [/proc/self/status]	VmSize:	 3842944 kB
20220314 015451.621 INFO             PET0 PIOc_freedecomp Exit - MemInfo: [/proc/self/status]	VmLck:	       0 kB
20220314 015451.621 INFO             PET0 PIOc_freedecomp Exit - MemInfo: [/proc/self/status]	VmPin:	   71900 kB
20220314 015451.621 INFO             PET0 PIOc_freedecomp Exit - MemInfo: [/proc/self/status]	VmHWM:	  161320 kB
20220314 015451.621 INFO             PET0 PIOc_freedecomp Exit - MemInfo: [/proc/self/status]	VmRSS:	  161008 kB
20220314 015451.621 INFO             PET0 PIOc_freedecomp Exit - MemInfo: [/proc/self/status]	VmData:	  259504 kB
20220314 015451.621 INFO             PET0 PIOc_freedecomp Exit - MemInfo: [/proc/self/status]	VmStk:	     512 kB
20220314 015451.621 INFO             PET0 PIOc_freedecomp Exit - MemInfo: [/proc/self/status]	VmExe:	    1892 kB
20220314 015451.621 INFO             PET0 PIOc_freedecomp Exit - MemInfo: [/proc/self/status]	VmLib:	  156408 kB
20220314 015451.621 INFO             PET0 PIOc_freedecomp Exit - MemInfo: [/proc/self/status]	VmPTE:	     800 kB
20220314 015451.621 INFO             PET0 PIOc_freedecomp Exit - MemInfo: [/proc/self/status]	VmPMD:	      32 kB
20220314 015451.621 INFO             PET0 PIOc_freedecomp Exit - MemInfo: [/proc/self/status]	VmSwap:	       0 kB
20220314 015451.621 INFO             PET0 PIOc_freedecomp Exit - MemInfo: [/proc/self/status]	VmRSSPercent: 0.122538 %
20220314 015451.621 INFO             PET0 PIOc_freedecomp Exit - MemInfo: [malloc] Non-mmapped space allocated:                 6012928 Byte
20220314 015451.621 INFO             PET0 PIOc_freedecomp Exit - MemInfo: [malloc] Space allocated in mmapped regions:         73412608 Byte
20220314 015451.621 INFO             PET0 PIOc_freedecomp Exit - MemInfo: [malloc] Maximum total allocated space:                     0 Byte
20220314 015451.621 INFO             PET0 PIOc_freedecomp Exit - MemInfo: [malloc] Space in freed fastbin blocks:                   352 Byte
20220314 015451.621 INFO             PET0 PIOc_freedecomp Exit - MemInfo: [malloc] Total allocated space:                       3122944 Byte
20220314 015451.621 INFO             PET0 PIOc_freedecomp Exit - MemInfo: [malloc] Total free space:                            2889984 Byte
20220314 015451.621 INFO             PET0 PIOc_freedecomp Exit - MemInfo: [malloc] Top-most, releasable space:                   120576 Byte
20220314 015451.621 INFO             PET0 PIOc_freedecomp Exit - MemInfo: [malloc] Total space in use, mmap + non-mmap:        76535552 Byte
20220314 015451.621 INFO             PET0 PIOc_freedecomp Exit - MemInfo: [malloc] Total space held (mmap + non-mmap):         79425536 Byte
20220314 015451.621 INFO             PET0 PIOc_freedecomp Exit - MemInfo: [malloc] Total space used (mmap + non-mmap):         76544912 Byte
20220314 015451.621 INFO             PET0 PIOc_freedecomp Exit - MemInfo: Wall-clock time since execution start:               0.230528 seconds
20220314 015451.622 INFO             PET0 PIOc_sync Enter - MemInfo: [/proc/meminfo - SSI]	MemTotal:       131394444 kB
20220314 015451.622 INFO             PET0 PIOc_sync Enter - MemInfo: [/proc/meminfo - SSI]	MemFree:        122108208 kB
20220314 015451.622 INFO             PET0 PIOc_sync Enter - MemInfo: [/proc/meminfo - SSI]	MemAvailable:   121852004 kB
20220314 015451.622 INFO             PET0 PIOc_sync Enter - MemInfo: [/proc/meminfo - SSI]	Committed_AS:    4378652 kB
20220314 015451.622 INFO             PET0 PIOc_sync Enter - MemInfo: [/proc/meminfo - SSI]	CommittedPercent: 3.33245 %
20220314 015451.622 INFO             PET0 PIOc_sync Enter - MemInfo: [/proc/self/status]	VmPeak:	 3854296 kB
20220314 015451.622 INFO             PET0 PIOc_sync Enter - MemInfo: [/proc/self/status]	VmSize:	 3842944 kB
20220314 015451.622 INFO             PET0 PIOc_sync Enter - MemInfo: [/proc/self/status]	VmLck:	       0 kB
20220314 015451.622 INFO             PET0 PIOc_sync Enter - MemInfo: [/proc/self/status]	VmPin:	   71900 kB
20220314 015451.622 INFO             PET0 PIOc_sync Enter - MemInfo: [/proc/self/status]	VmHWM:	  161320 kB
20220314 015451.622 INFO             PET0 PIOc_sync Enter - MemInfo: [/proc/self/status]	VmRSS:	  161048 kB
20220314 015451.622 INFO             PET0 PIOc_sync Enter - MemInfo: [/proc/self/status]	VmData:	  259504 kB
20220314 015451.622 INFO             PET0 PIOc_sync Enter - MemInfo: [/proc/self/status]	VmStk:	     512 kB
20220314 015451.622 INFO             PET0 PIOc_sync Enter - MemInfo: [/proc/self/status]	VmExe:	    1892 kB
20220314 015451.622 INFO             PET0 PIOc_sync Enter - MemInfo: [/proc/self/status]	VmLib:	  156408 kB
20220314 015451.622 INFO             PET0 PIOc_sync Enter - MemInfo: [/proc/self/status]	VmPTE:	     800 kB
20220314 015451.622 INFO             PET0 PIOc_sync Enter - MemInfo: [/proc/self/status]	VmPMD:	      32 kB
20220314 015451.622 INFO             PET0 PIOc_sync Enter - MemInfo: [/proc/self/status]	VmSwap:	       0 kB
20220314 015451.622 INFO             PET0 PIOc_sync Enter - MemInfo: [/proc/self/status]	VmRSSPercent: 0.122568 %
20220314 015451.622 INFO             PET0 PIOc_sync Enter - MemInfo: [malloc] Non-mmapped space allocated:                 6012928 Byte
20220314 015451.622 INFO             PET0 PIOc_sync Enter - MemInfo: [malloc] Space allocated in mmapped regions:         73412608 Byte
20220314 015451.622 INFO             PET0 PIOc_sync Enter - MemInfo: [malloc] Maximum total allocated space:                     0 Byte
20220314 015451.622 INFO             PET0 PIOc_sync Enter - MemInfo: [malloc] Space in freed fastbin blocks:                   144 Byte
20220314 015451.622 INFO             PET0 PIOc_sync Enter - MemInfo: [malloc] Total allocated space:                       5762128 Byte
20220314 015451.622 INFO             PET0 PIOc_sync Enter - MemInfo: [malloc] Total free space:                             250800 Byte
20220314 015451.622 INFO             PET0 PIOc_sync Enter - MemInfo: [malloc] Top-most, releasable space:                   115856 Byte
20220314 015451.622 INFO             PET0 PIOc_sync Enter - MemInfo: [malloc] Total space in use, mmap + non-mmap:        79174736 Byte
20220314 015451.622 INFO             PET0 PIOc_sync Enter - MemInfo: [malloc] Total space held (mmap + non-mmap):         79425536 Byte
20220314 015451.622 INFO             PET0 PIOc_sync Enter - MemInfo: [malloc] Total space used (mmap + non-mmap):         79184096 Byte
20220314 015451.622 INFO             PET0 PIOc_sync Enter - MemInfo: Wall-clock time since execution start:               0.231672 seconds
20220314 015451.622 INFO             PET0 PIOc_sync Exit - MemInfo: [/proc/meminfo - SSI]	MemTotal:       131394444 kB
20220314 015451.622 INFO             PET0 PIOc_sync Exit - MemInfo: [/proc/meminfo - SSI]	MemFree:        122108208 kB
20220314 015451.622 INFO             PET0 PIOc_sync Exit - MemInfo: [/proc/meminfo - SSI]	MemAvailable:   121852004 kB
20220314 015451.622 INFO             PET0 PIOc_sync Exit - MemInfo: [/proc/meminfo - SSI]	Committed_AS:    4378652 kB
20220314 015451.623 INFO             PET0 PIOc_sync Exit - MemInfo: [/proc/meminfo - SSI]	CommittedPercent: 3.33245 %
20220314 015451.623 INFO             PET0 PIOc_sync Exit - MemInfo: [/proc/self/status]	VmPeak:	 3854296 kB
20220314 015451.623 INFO             PET0 PIOc_sync Exit - MemInfo: [/proc/self/status]	VmSize:	 3842944 kB
20220314 015451.623 INFO             PET0 PIOc_sync Exit - MemInfo: [/proc/self/status]	VmLck:	       0 kB
20220314 015451.623 INFO             PET0 PIOc_sync Exit - MemInfo: [/proc/self/status]	VmPin:	   71900 kB
20220314 015451.623 INFO             PET0 PIOc_sync Exit - MemInfo: [/proc/self/status]	VmHWM:	  161320 kB
20220314 015451.623 INFO             PET0 PIOc_sync Exit - MemInfo: [/proc/self/status]	VmRSS:	  161080 kB
20220314 015451.623 INFO             PET0 PIOc_sync Exit - MemInfo: [/proc/self/status]	VmData:	  259504 kB
20220314 015451.623 INFO             PET0 PIOc_sync Exit - MemInfo: [/proc/self/status]	VmStk:	     512 kB
20220314 015451.623 INFO             PET0 PIOc_sync Exit - MemInfo: [/proc/self/status]	VmExe:	    1892 kB
20220314 015451.623 INFO             PET0 PIOc_sync Exit - MemInfo: [/proc/self/status]	VmLib:	  156408 kB
20220314 015451.623 INFO             PET0 PIOc_sync Exit - MemInfo: [/proc/self/status]	VmPTE:	     800 kB
20220314 015451.623 INFO             PET0 PIOc_sync Exit - MemInfo: [/proc/self/status]	VmPMD:	      32 kB
20220314 015451.623 INFO             PET0 PIOc_sync Exit - MemInfo: [/proc/self/status]	VmSwap:	       0 kB
20220314 015451.623 INFO             PET0 PIOc_sync Exit - MemInfo: [/proc/self/status]	VmRSSPercent: 0.122593 %
20220314 015451.623 INFO             PET0 PIOc_sync Exit - MemInfo: [malloc] Non-mmapped space allocated:                 6012928 Byte
20220314 015451.623 INFO             PET0 PIOc_sync Exit - MemInfo: [malloc] Space allocated in mmapped regions:         73412608 Byte
20220314 015451.623 INFO             PET0 PIOc_sync Exit - MemInfo: [malloc] Maximum total allocated space:                     0 Byte
20220314 015451.623 INFO             PET0 PIOc_sync Exit - MemInfo: [malloc] Space in freed fastbin blocks:                   352 Byte
20220314 015451.623 INFO             PET0 PIOc_sync Exit - MemInfo: [malloc] Total allocated space:                       5761408 Byte
20220314 015451.623 INFO             PET0 PIOc_sync Exit - MemInfo: [malloc] Total free space:                             251520 Byte
20220314 015451.623 INFO             PET0 PIOc_sync Exit - MemInfo: [malloc] Top-most, releasable space:                   116480 Byte
20220314 015451.623 INFO             PET0 PIOc_sync Exit - MemInfo: [malloc] Total space in use, mmap + non-mmap:        79174016 Byte
20220314 015451.623 INFO             PET0 PIOc_sync Exit - MemInfo: [malloc] Total space held (mmap + non-mmap):         79425536 Byte
20220314 015451.623 INFO             PET0 PIOc_sync Exit - MemInfo: [malloc] Total space used (mmap + non-mmap):         79183376 Byte
20220314 015451.623 INFO             PET0 PIOc_sync Exit - MemInfo: Wall-clock time since execution start:               0.232162 seconds
20220314 015451.623 INFO             PET0 PIOc_freedecomp Enter - MemInfo: [/proc/meminfo - SSI]	MemTotal:       131394444 kB
20220314 015451.623 INFO             PET0 PIOc_freedecomp Enter - MemInfo: [/proc/meminfo - SSI]	MemFree:        122108208 kB
20220314 015451.623 INFO             PET0 PIOc_freedecomp Enter - MemInfo: [/proc/meminfo - SSI]	MemAvailable:   121852004 kB
20220314 015451.623 INFO             PET0 PIOc_freedecomp Enter - MemInfo: [/proc/meminfo - SSI]	Committed_AS:    4378652 kB
20220314 015451.623 INFO             PET0 PIOc_freedecomp Enter - MemInfo: [/proc/meminfo - SSI]	CommittedPercent: 3.33245 %
20220314 015451.623 INFO             PET0 PIOc_freedecomp Enter - MemInfo: [/proc/self/status]	VmPeak:	 3854296 kB
20220314 015451.623 INFO             PET0 PIOc_freedecomp Enter - MemInfo: [/proc/self/status]	VmSize:	 3842944 kB
20220314 015451.623 INFO             PET0 PIOc_freedecomp Enter - MemInfo: [/proc/self/status]	VmLck:	       0 kB
20220314 015451.623 INFO             PET0 PIOc_freedecomp Enter - MemInfo: [/proc/self/status]	VmPin:	   71900 kB
20220314 015451.623 INFO             PET0 PIOc_freedecomp Enter - MemInfo: [/proc/self/status]	VmHWM:	  161320 kB
20220314 015451.623 INFO             PET0 PIOc_freedecomp Enter - MemInfo: [/proc/self/status]	VmRSS:	  161080 kB
20220314 015451.623 INFO             PET0 PIOc_freedecomp Enter - MemInfo: [/proc/self/status]	VmData:	  259504 kB
20220314 015451.623 INFO             PET0 PIOc_freedecomp Enter - MemInfo: [/proc/self/status]	VmStk:	     512 kB
20220314 015451.623 INFO             PET0 PIOc_freedecomp Enter - MemInfo: [/proc/self/status]	VmExe:	    1892 kB
20220314 015451.623 INFO             PET0 PIOc_freedecomp Enter - MemInfo: [/proc/self/status]	VmLib:	  156408 kB
20220314 015451.623 INFO             PET0 PIOc_freedecomp Enter - MemInfo: [/proc/self/status]	VmPTE:	     800 kB
20220314 015451.623 INFO             PET0 PIOc_freedecomp Enter - MemInfo: [/proc/self/status]	VmPMD:	      32 kB
20220314 015451.623 INFO             PET0 PIOc_freedecomp Enter - MemInfo: [/proc/self/status]	VmSwap:	       0 kB
20220314 015451.623 INFO             PET0 PIOc_freedecomp Enter - MemInfo: [/proc/self/status]	VmRSSPercent: 0.122593 %
20220314 015451.623 INFO             PET0 PIOc_freedecomp Enter - MemInfo: [malloc] Non-mmapped space allocated:                 6012928 Byte
20220314 015451.623 INFO             PET0 PIOc_freedecomp Enter - MemInfo: [malloc] Space allocated in mmapped regions:         73412608 Byte
20220314 015451.623 INFO             PET0 PIOc_freedecomp Enter - MemInfo: [malloc] Maximum total allocated space:                     0 Byte
20220314 015451.623 INFO             PET0 PIOc_freedecomp Enter - MemInfo: [malloc] Space in freed fastbin blocks:                   368 Byte
20220314 015451.623 INFO             PET0 PIOc_freedecomp Enter - MemInfo: [malloc] Total allocated space:                       3124400 Byte
20220314 015451.623 INFO             PET0 PIOc_freedecomp Enter - MemInfo: [malloc] Total free space:                            2888528 Byte
20220314 015451.623 INFO             PET0 PIOc_freedecomp Enter - MemInfo: [malloc] Top-most, releasable space:                   117216 Byte
20220314 015451.623 INFO             PET0 PIOc_freedecomp Enter - MemInfo: [malloc] Total space in use, mmap + non-mmap:        76537008 Byte
20220314 015451.623 INFO             PET0 PIOc_freedecomp Enter - MemInfo: [malloc] Total space held (mmap + non-mmap):         79425536 Byte
20220314 015451.623 INFO             PET0 PIOc_freedecomp Enter - MemInfo: [malloc] Total space used (mmap + non-mmap):         76546368 Byte
20220314 015451.623 INFO             PET0 PIOc_freedecomp Enter - MemInfo: Wall-clock time since execution start:               0.232553 seconds
20220314 015451.623 INFO             PET0 PIOc_freedecomp Exit - MemInfo: [/proc/meminfo - SSI]	MemTotal:       131394444 kB
20220314 015451.623 INFO             PET0 PIOc_freedecomp Exit - MemInfo: [/proc/meminfo - SSI]	MemFree:        122108208 kB
20220314 015451.623 INFO             PET0 PIOc_freedecomp Exit - MemInfo: [/proc/meminfo - SSI]	MemAvailable:   121852004 kB
20220314 015451.623 INFO             PET0 PIOc_freedecomp Exit - MemInfo: [/proc/meminfo - SSI]	Committed_AS:    4378652 kB
20220314 015451.623 INFO             PET0 PIOc_freedecomp Exit - MemInfo: [/proc/meminfo - SSI]	CommittedPercent: 3.33245 %
20220314 015451.623 INFO             PET0 PIOc_freedecomp Exit - MemInfo: [/proc/self/status]	VmPeak:	 3854296 kB
20220314 015451.623 INFO             PET0 PIOc_freedecomp Exit - MemInfo: [/proc/self/status]	VmSize:	 3842944 kB
20220314 015451.623 INFO             PET0 PIOc_freedecomp Exit - MemInfo: [/proc/self/status]	VmLck:	       0 kB
20220314 015451.623 INFO             PET0 PIOc_freedecomp Exit - MemInfo: [/proc/self/status]	VmPin:	   71900 kB
20220314 015451.623 INFO             PET0 PIOc_freedecomp Exit - MemInfo: [/proc/self/status]	VmHWM:	  161320 kB
20220314 015451.623 INFO             PET0 PIOc_freedecomp Exit - MemInfo: [/proc/self/status]	VmRSS:	  161080 kB
20220314 015451.623 INFO             PET0 PIOc_freedecomp Exit - MemInfo: [/proc/self/status]	VmData:	  259504 kB
20220314 015451.623 INFO             PET0 PIOc_freedecomp Exit - MemInfo: [/proc/self/status]	VmStk:	     512 kB
20220314 015451.623 INFO             PET0 PIOc_freedecomp Exit - MemInfo: [/proc/self/status]	VmExe:	    1892 kB
20220314 015451.623 INFO             PET0 PIOc_freedecomp Exit - MemInfo: [/proc/self/status]	VmLib:	  156408 kB
20220314 015451.623 INFO             PET0 PIOc_freedecomp Exit - MemInfo: [/proc/self/status]	VmPTE:	     800 kB
20220314 015451.623 INFO             PET0 PIOc_freedecomp Exit - MemInfo: [/proc/self/status]	VmPMD:	      32 kB
20220314 015451.623 INFO             PET0 PIOc_freedecomp Exit - MemInfo: [/proc/self/status]	VmSwap:	       0 kB
20220314 015451.623 INFO             PET0 PIOc_freedecomp Exit - MemInfo: [/proc/self/status]	VmRSSPercent: 0.122593 %
20220314 015451.623 INFO             PET0 PIOc_freedecomp Exit - MemInfo: [malloc] Non-mmapped space allocated:                 6012928 Byte
20220314 015451.623 INFO             PET0 PIOc_freedecomp Exit - MemInfo: [malloc] Space allocated in mmapped regions:         73412608 Byte
20220314 015451.623 INFO             PET0 PIOc_freedecomp Exit - MemInfo: [malloc] Maximum total allocated space:                     0 Byte
20220314 015451.623 INFO             PET0 PIOc_freedecomp Exit - MemInfo: [malloc] Space in freed fastbin blocks:                   848 Byte
20220314 015451.623 INFO             PET0 PIOc_freedecomp Exit - MemInfo: [malloc] Total allocated space:                       3122944 Byte
20220314 015451.623 INFO             PET0 PIOc_freedecomp Exit - MemInfo: [malloc] Total free space:                            2889984 Byte
20220314 015451.623 INFO             PET0 PIOc_freedecomp Exit - MemInfo: [malloc] Top-most, releasable space:                   117216 Byte
20220314 015451.623 INFO             PET0 PIOc_freedecomp Exit - MemInfo: [malloc] Total space in use, mmap + non-mmap:        76535552 Byte
20220314 015451.624 INFO             PET0 PIOc_freedecomp Exit - MemInfo: [malloc] Total space held (mmap + non-mmap):         79425536 Byte
20220314 015451.624 INFO             PET0 PIOc_freedecomp Exit - MemInfo: [malloc] Total space used (mmap + non-mmap):         76544912 Byte
20220314 015451.624 INFO             PET0 PIOc_freedecomp Exit - MemInfo: Wall-clock time since execution start:               0.232917 seconds
20220314 015451.640 INFO             PET0  NUMBER_OF_PROCESSORS           4
20220314 015451.640 INFO             PET0  PASS  Example ESMF_RHandleBitForBitEx, ESMF_RHandleBitForBitEx.F90, line 1557
20220314 015451.640 INFO             PET0 Finalizing ESMF
20220314 015451.403 INFO             PET1 !!!!!!!!!!!!!!!!!!!!!!!!!!!!!!!!!!!!!!!!!!!!!!!!!!!!!!
20220314 015451.403 INFO             PET1 !!! THE ESMF_LOG IS SET TO OUTPUT ALL LOG MESSAGES !!!
20220314 015451.403 INFO             PET1 !!!     THIS MAY CAUSE SLOWDOWN IN PERFORMANCE     !!!
20220314 015451.403 INFO             PET1 !!! FOR PRODUCTION RUNS, USE:                      !!!
20220314 015451.403 INFO             PET1 !!!                   ESMF_LOGKIND_Multi_On_Error  !!!
20220314 015451.403 INFO             PET1 !!!!!!!!!!!!!!!!!!!!!!!!!!!!!!!!!!!!!!!!!!!!!!!!!!!!!!
20220314 015451.403 INFO             PET1 Running with ESMF Version   : v8.3.0b09-96-g559b459836
20220314 015451.403 INFO             PET1 ESMF library build date/time: "Mar 14 2022" "01:16:57"
20220314 015451.403 INFO             PET1 ESMF library build location : /gpfsm/dnb04/projects/p98/mpotts/esmf/intel_2020_intelmpi_g_jedwards_pio_update2
20220314 015451.403 INFO             PET1 ESMF_COMM                   : intelmpi
20220314 015451.404 INFO             PET1 ESMF_MOAB                   : enabled
20220314 015451.404 INFO             PET1 ESMF_LAPACK                 : enabled
20220314 015451.404 INFO             PET1 ESMF_NETCDF                 : enabled
20220314 015451.404 INFO             PET1 ESMF_PNETCDF                : disabled
20220314 015451.404 INFO             PET1 ESMF_PIO                    : enabled
20220314 015451.404 INFO             PET1 ESMF_YAMLCPP                : enabled
20220314 015451.613 INFO             PET1 PIOc_sync Enter - MemInfo: [/proc/meminfo - SSI]	MemTotal:       131394444 kB
20220314 015451.613 INFO             PET1 PIOc_sync Enter - MemInfo: [/proc/meminfo - SSI]	MemFree:        122108952 kB
20220314 015451.613 INFO             PET1 PIOc_sync Enter - MemInfo: [/proc/meminfo - SSI]	MemAvailable:   121852748 kB
20220314 015451.613 INFO             PET1 PIOc_sync Enter - MemInfo: [/proc/meminfo - SSI]	Committed_AS:    4378652 kB
20220314 015451.613 INFO             PET1 PIOc_sync Enter - MemInfo: [/proc/meminfo - SSI]	CommittedPercent: 3.33245 %
20220314 015451.613 INFO             PET1 PIOc_sync Enter - MemInfo: [/proc/self/status]	VmPeak:	 3854024 kB
20220314 015451.613 INFO             PET1 PIOc_sync Enter - MemInfo: [/proc/self/status]	VmSize:	 3852276 kB
20220314 015451.613 INFO             PET1 PIOc_sync Enter - MemInfo: [/proc/self/status]	VmLck:	       0 kB
20220314 015451.613 INFO             PET1 PIOc_sync Enter - MemInfo: [/proc/self/status]	VmPin:	   82140 kB
20220314 015451.613 INFO             PET1 PIOc_sync Enter - MemInfo: [/proc/self/status]	VmHWM:	  164640 kB
20220314 015451.614 INFO             PET1 PIOc_sync Enter - MemInfo: [/proc/self/status]	VmRSS:	  164640 kB
20220314 015451.614 INFO             PET1 PIOc_sync Enter - MemInfo: [/proc/self/status]	VmData:	  268836 kB
20220314 015451.614 INFO             PET1 PIOc_sync Enter - MemInfo: [/proc/self/status]	VmStk:	     512 kB
20220314 015451.614 INFO             PET1 PIOc_sync Enter - MemInfo: [/proc/self/status]	VmExe:	    1892 kB
20220314 015451.614 INFO             PET1 PIOc_sync Enter - MemInfo: [/proc/self/status]	VmLib:	  156408 kB
20220314 015451.614 INFO             PET1 PIOc_sync Enter - MemInfo: [/proc/self/status]	VmPTE:	     792 kB
20220314 015451.614 INFO             PET1 PIOc_sync Enter - MemInfo: [/proc/self/status]	VmPMD:	      28 kB
20220314 015451.614 INFO             PET1 PIOc_sync Enter - MemInfo: [/proc/self/status]	VmSwap:	       0 kB
20220314 015451.614 INFO             PET1 PIOc_sync Enter - MemInfo: [/proc/self/status]	VmRSSPercent: 0.125302 %
20220314 015451.614 INFO             PET1 PIOc_sync Enter - MemInfo: [malloc] Non-mmapped space allocated:                 2981888 Byte
20220314 015451.614 INFO             PET1 PIOc_sync Enter - MemInfo: [malloc] Space allocated in mmapped regions:         85999616 Byte
20220314 015451.614 INFO             PET1 PIOc_sync Enter - MemInfo: [malloc] Maximum total allocated space:                     0 Byte
20220314 015451.614 INFO             PET1 PIOc_sync Enter - MemInfo: [malloc] Space in freed fastbin blocks:                   112 Byte
20220314 015451.614 INFO             PET1 PIOc_sync Enter - MemInfo: [malloc] Total allocated space:                       2574080 Byte
20220314 015451.614 INFO             PET1 PIOc_sync Enter - MemInfo: [malloc] Total free space:                             407808 Byte
20220314 015451.614 INFO             PET1 PIOc_sync Enter - MemInfo: [malloc] Top-most, releasable space:                   274992 Byte
20220314 015451.614 INFO             PET1 PIOc_sync Enter - MemInfo: [malloc] Total space in use, mmap + non-mmap:        88573696 Byte
20220314 015451.614 INFO             PET1 PIOc_sync Enter - MemInfo: [malloc] Total space held (mmap + non-mmap):         88981504 Byte
20220314 015451.614 INFO             PET1 PIOc_sync Enter - MemInfo: [malloc] Total space used (mmap + non-mmap):         88583056 Byte
20220314 015451.614 INFO             PET1 PIOc_sync Enter - MemInfo: Wall-clock time since execution start:               0.223629 seconds
20220314 015451.614 INFO             PET1 PIOc_sync Exit - MemInfo: [/proc/meminfo - SSI]	MemTotal:       131394444 kB
20220314 015451.614 INFO             PET1 PIOc_sync Exit - MemInfo: [/proc/meminfo - SSI]	MemFree:        122108456 kB
20220314 015451.614 INFO             PET1 PIOc_sync Exit - MemInfo: [/proc/meminfo - SSI]	MemAvailable:   121852252 kB
20220314 015451.614 INFO             PET1 PIOc_sync Exit - MemInfo: [/proc/meminfo - SSI]	Committed_AS:    4378652 kB
20220314 015451.614 INFO             PET1 PIOc_sync Exit - MemInfo: [/proc/meminfo - SSI]	CommittedPercent: 3.33245 %
20220314 015451.614 INFO             PET1 PIOc_sync Exit - MemInfo: [/proc/self/status]	VmPeak:	 3854024 kB
20220314 015451.614 INFO             PET1 PIOc_sync Exit - MemInfo: [/proc/self/status]	VmSize:	 3852276 kB
20220314 015451.614 INFO             PET1 PIOc_sync Exit - MemInfo: [/proc/self/status]	VmLck:	       0 kB
20220314 015451.614 INFO             PET1 PIOc_sync Exit - MemInfo: [/proc/self/status]	VmPin:	   82140 kB
20220314 015451.614 INFO             PET1 PIOc_sync Exit - MemInfo: [/proc/self/status]	VmHWM:	  164756 kB
20220314 015451.614 INFO             PET1 PIOc_sync Exit - MemInfo: [/proc/self/status]	VmRSS:	  164756 kB
20220314 015451.614 INFO             PET1 PIOc_sync Exit - MemInfo: [/proc/self/status]	VmData:	  268836 kB
20220314 015451.614 INFO             PET1 PIOc_sync Exit - MemInfo: [/proc/self/status]	VmStk:	     512 kB
20220314 015451.614 INFO             PET1 PIOc_sync Exit - MemInfo: [/proc/self/status]	VmExe:	    1892 kB
20220314 015451.614 INFO             PET1 PIOc_sync Exit - MemInfo: [/proc/self/status]	VmLib:	  156408 kB
20220314 015451.614 INFO             PET1 PIOc_sync Exit - MemInfo: [/proc/self/status]	VmPTE:	     792 kB
20220314 015451.614 INFO             PET1 PIOc_sync Exit - MemInfo: [/proc/self/status]	VmPMD:	      28 kB
20220314 015451.614 INFO             PET1 PIOc_sync Exit - MemInfo: [/proc/self/status]	VmSwap:	       0 kB
20220314 015451.614 INFO             PET1 PIOc_sync Exit - MemInfo: [/proc/self/status]	VmRSSPercent: 0.12539 %
20220314 015451.614 INFO             PET1 PIOc_sync Exit - MemInfo: [malloc] Non-mmapped space allocated:                 2981888 Byte
20220314 015451.614 INFO             PET1 PIOc_sync Exit - MemInfo: [malloc] Space allocated in mmapped regions:         85999616 Byte
20220314 015451.614 INFO             PET1 PIOc_sync Exit - MemInfo: [malloc] Maximum total allocated space:                     0 Byte
20220314 015451.614 INFO             PET1 PIOc_sync Exit - MemInfo: [malloc] Space in freed fastbin blocks:                   112 Byte
20220314 015451.614 INFO             PET1 PIOc_sync Exit - MemInfo: [malloc] Total allocated space:                       2573296 Byte
20220314 015451.614 INFO             PET1 PIOc_sync Exit - MemInfo: [malloc] Total free space:                             408592 Byte
20220314 015451.614 INFO             PET1 PIOc_sync Exit - MemInfo: [malloc] Top-most, releasable space:                   275520 Byte
20220314 015451.614 INFO             PET1 PIOc_sync Exit - MemInfo: [malloc] Total space in use, mmap + non-mmap:        88572912 Byte
20220314 015451.614 INFO             PET1 PIOc_sync Exit - MemInfo: [malloc] Total space held (mmap + non-mmap):         88981504 Byte
20220314 015451.614 INFO             PET1 PIOc_sync Exit - MemInfo: [malloc] Total space used (mmap + non-mmap):         88582272 Byte
20220314 015451.614 INFO             PET1 PIOc_sync Exit - MemInfo: Wall-clock time since execution start:               0.224338 seconds
20220314 015451.615 INFO             PET1 PIOc_freedecomp Enter - MemInfo: [/proc/meminfo - SSI]	MemTotal:       131394444 kB
20220314 015451.615 INFO             PET1 PIOc_freedecomp Enter - MemInfo: [/proc/meminfo - SSI]	MemFree:        122109668 kB
20220314 015451.615 INFO             PET1 PIOc_freedecomp Enter - MemInfo: [/proc/meminfo - SSI]	MemAvailable:   121853464 kB
20220314 015451.615 INFO             PET1 PIOc_freedecomp Enter - MemInfo: [/proc/meminfo - SSI]	Committed_AS:    4378652 kB
20220314 015451.615 INFO             PET1 PIOc_freedecomp Enter - MemInfo: [/proc/meminfo - SSI]	CommittedPercent: 3.33245 %
20220314 015451.615 INFO             PET1 PIOc_freedecomp Enter - MemInfo: [/proc/self/status]	VmPeak:	 3854024 kB
20220314 015451.615 INFO             PET1 PIOc_freedecomp Enter - MemInfo: [/proc/self/status]	VmSize:	 3852276 kB
20220314 015451.615 INFO             PET1 PIOc_freedecomp Enter - MemInfo: [/proc/self/status]	VmLck:	       0 kB
20220314 015451.615 INFO             PET1 PIOc_freedecomp Enter - MemInfo: [/proc/self/status]	VmPin:	   82140 kB
20220314 015451.615 INFO             PET1 PIOc_freedecomp Enter - MemInfo: [/proc/self/status]	VmHWM:	  164760 kB
20220314 015451.615 INFO             PET1 PIOc_freedecomp Enter - MemInfo: [/proc/self/status]	VmRSS:	  164760 kB
20220314 015451.615 INFO             PET1 PIOc_freedecomp Enter - MemInfo: [/proc/self/status]	VmData:	  268836 kB
20220314 015451.615 INFO             PET1 PIOc_freedecomp Enter - MemInfo: [/proc/self/status]	VmStk:	     512 kB
20220314 015451.615 INFO             PET1 PIOc_freedecomp Enter - MemInfo: [/proc/self/status]	VmExe:	    1892 kB
20220314 015451.615 INFO             PET1 PIOc_freedecomp Enter - MemInfo: [/proc/self/status]	VmLib:	  156408 kB
20220314 015451.615 INFO             PET1 PIOc_freedecomp Enter - MemInfo: [/proc/self/status]	VmPTE:	     792 kB
20220314 015451.615 INFO             PET1 PIOc_freedecomp Enter - MemInfo: [/proc/self/status]	VmPMD:	      28 kB
20220314 015451.615 INFO             PET1 PIOc_freedecomp Enter - MemInfo: [/proc/self/status]	VmSwap:	       0 kB
20220314 015451.615 INFO             PET1 PIOc_freedecomp Enter - MemInfo: [/proc/self/status]	VmRSSPercent: 0.125393 %
20220314 015451.615 INFO             PET1 PIOc_freedecomp Enter - MemInfo: [malloc] Non-mmapped space allocated:                 2981888 Byte
20220314 015451.615 INFO             PET1 PIOc_freedecomp Enter - MemInfo: [malloc] Space allocated in mmapped regions:         85999616 Byte
20220314 015451.615 INFO             PET1 PIOc_freedecomp Enter - MemInfo: [malloc] Maximum total allocated space:                     0 Byte
20220314 015451.615 INFO             PET1 PIOc_freedecomp Enter - MemInfo: [malloc] Space in freed fastbin blocks:                   368 Byte
20220314 015451.615 INFO             PET1 PIOc_freedecomp Enter - MemInfo: [malloc] Total allocated space:                       2571680 Byte
20220314 015451.615 INFO             PET1 PIOc_freedecomp Enter - MemInfo: [malloc] Total free space:                             410208 Byte
20220314 015451.615 INFO             PET1 PIOc_freedecomp Enter - MemInfo: [malloc] Top-most, releasable space:                   276672 Byte
20220314 015451.615 INFO             PET1 PIOc_freedecomp Enter - MemInfo: [malloc] Total space in use, mmap + non-mmap:        88571296 Byte
20220314 015451.615 INFO             PET1 PIOc_freedecomp Enter - MemInfo: [malloc] Total space held (mmap + non-mmap):         88981504 Byte
20220314 015451.615 INFO             PET1 PIOc_freedecomp Enter - MemInfo: [malloc] Total space used (mmap + non-mmap):         88580656 Byte
20220314 015451.615 INFO             PET1 PIOc_freedecomp Enter - MemInfo: Wall-clock time since execution start:               0.224869 seconds
20220314 015451.615 INFO             PET1 PIOc_freedecomp Exit - MemInfo: [/proc/meminfo - SSI]	MemTotal:       131394444 kB
20220314 015451.615 INFO             PET1 PIOc_freedecomp Exit - MemInfo: [/proc/meminfo - SSI]	MemFree:        122109668 kB
20220314 015451.615 INFO             PET1 PIOc_freedecomp Exit - MemInfo: [/proc/meminfo - SSI]	MemAvailable:   121853464 kB
20220314 015451.615 INFO             PET1 PIOc_freedecomp Exit - MemInfo: [/proc/meminfo - SSI]	Committed_AS:    4378652 kB
20220314 015451.615 INFO             PET1 PIOc_freedecomp Exit - MemInfo: [/proc/meminfo - SSI]	CommittedPercent: 3.33245 %
20220314 015451.615 INFO             PET1 PIOc_freedecomp Exit - MemInfo: [/proc/self/status]	VmPeak:	 3854024 kB
20220314 015451.615 INFO             PET1 PIOc_freedecomp Exit - MemInfo: [/proc/self/status]	VmSize:	 3852276 kB
20220314 015451.615 INFO             PET1 PIOc_freedecomp Exit - MemInfo: [/proc/self/status]	VmLck:	       0 kB
20220314 015451.615 INFO             PET1 PIOc_freedecomp Exit - MemInfo: [/proc/self/status]	VmPin:	   82140 kB
20220314 015451.615 INFO             PET1 PIOc_freedecomp Exit - MemInfo: [/proc/self/status]	VmHWM:	  164764 kB
20220314 015451.615 INFO             PET1 PIOc_freedecomp Exit - MemInfo: [/proc/self/status]	VmRSS:	  164764 kB
20220314 015451.615 INFO             PET1 PIOc_freedecomp Exit - MemInfo: [/proc/self/status]	VmData:	  268836 kB
20220314 015451.615 INFO             PET1 PIOc_freedecomp Exit - MemInfo: [/proc/self/status]	VmStk:	     512 kB
20220314 015451.615 INFO             PET1 PIOc_freedecomp Exit - MemInfo: [/proc/self/status]	VmExe:	    1892 kB
20220314 015451.615 INFO             PET1 PIOc_freedecomp Exit - MemInfo: [/proc/self/status]	VmLib:	  156408 kB
20220314 015451.615 INFO             PET1 PIOc_freedecomp Exit - MemInfo: [/proc/self/status]	VmPTE:	     792 kB
20220314 015451.615 INFO             PET1 PIOc_freedecomp Exit - MemInfo: [/proc/self/status]	VmPMD:	      28 kB
20220314 015451.615 INFO             PET1 PIOc_freedecomp Exit - MemInfo: [/proc/self/status]	VmSwap:	       0 kB
20220314 015451.615 INFO             PET1 PIOc_freedecomp Exit - MemInfo: [/proc/self/status]	VmRSSPercent: 0.125396 %
20220314 015451.615 INFO             PET1 PIOc_freedecomp Exit - MemInfo: [malloc] Non-mmapped space allocated:                 2981888 Byte
20220314 015451.615 INFO             PET1 PIOc_freedecomp Exit - MemInfo: [malloc] Space allocated in mmapped regions:         85999616 Byte
20220314 015451.615 INFO             PET1 PIOc_freedecomp Exit - MemInfo: [malloc] Maximum total allocated space:                     0 Byte
20220314 015451.615 INFO             PET1 PIOc_freedecomp Exit - MemInfo: [malloc] Space in freed fastbin blocks:                   272 Byte
20220314 015451.615 INFO             PET1 PIOc_freedecomp Exit - MemInfo: [malloc] Total allocated space:                       2570400 Byte
20220314 015451.615 INFO             PET1 PIOc_freedecomp Exit - MemInfo: [malloc] Total free space:                             411488 Byte
20220314 015451.615 INFO             PET1 PIOc_freedecomp Exit - MemInfo: [malloc] Top-most, releasable space:                   277984 Byte
20220314 015451.615 INFO             PET1 PIOc_freedecomp Exit - MemInfo: [malloc] Total space in use, mmap + non-mmap:        88570016 Byte
20220314 015451.615 INFO             PET1 PIOc_freedecomp Exit - MemInfo: [malloc] Total space held (mmap + non-mmap):         88981504 Byte
20220314 015451.615 INFO             PET1 PIOc_freedecomp Exit - MemInfo: [malloc] Total space used (mmap + non-mmap):         88579376 Byte
20220314 015451.615 INFO             PET1 PIOc_freedecomp Exit - MemInfo: Wall-clock time since execution start:                0.22524 seconds
20220314 015451.617 INFO             PET1 PIOc_sync Enter - MemInfo: [/proc/meminfo - SSI]	MemTotal:       131394444 kB
20220314 015451.617 INFO             PET1 PIOc_sync Enter - MemInfo: [/proc/meminfo - SSI]	MemFree:        122109172 kB
20220314 015451.617 INFO             PET1 PIOc_sync Enter - MemInfo: [/proc/meminfo - SSI]	MemAvailable:   121852968 kB
20220314 015451.617 INFO             PET1 PIOc_sync Enter - MemInfo: [/proc/meminfo - SSI]	Committed_AS:    4378652 kB
20220314 015451.617 INFO             PET1 PIOc_sync Enter - MemInfo: [/proc/meminfo - SSI]	CommittedPercent: 3.33245 %
20220314 015451.617 INFO             PET1 PIOc_sync Enter - MemInfo: [/proc/self/status]	VmPeak:	 3854024 kB
20220314 015451.617 INFO             PET1 PIOc_sync Enter - MemInfo: [/proc/self/status]	VmSize:	 3852276 kB
20220314 015451.617 INFO             PET1 PIOc_sync Enter - MemInfo: [/proc/self/status]	VmLck:	       0 kB
20220314 015451.617 INFO             PET1 PIOc_sync Enter - MemInfo: [/proc/self/status]	VmPin:	   82140 kB
20220314 015451.617 INFO             PET1 PIOc_sync Enter - MemInfo: [/proc/self/status]	VmHWM:	  164928 kB
20220314 015451.617 INFO             PET1 PIOc_sync Enter - MemInfo: [/proc/self/status]	VmRSS:	  164928 kB
20220314 015451.617 INFO             PET1 PIOc_sync Enter - MemInfo: [/proc/self/status]	VmData:	  268836 kB
20220314 015451.617 INFO             PET1 PIOc_sync Enter - MemInfo: [/proc/self/status]	VmStk:	     512 kB
20220314 015451.617 INFO             PET1 PIOc_sync Enter - MemInfo: [/proc/self/status]	VmExe:	    1892 kB
20220314 015451.617 INFO             PET1 PIOc_sync Enter - MemInfo: [/proc/self/status]	VmLib:	  156408 kB
20220314 015451.617 INFO             PET1 PIOc_sync Enter - MemInfo: [/proc/self/status]	VmPTE:	     792 kB
20220314 015451.617 INFO             PET1 PIOc_sync Enter - MemInfo: [/proc/self/status]	VmPMD:	      28 kB
20220314 015451.617 INFO             PET1 PIOc_sync Enter - MemInfo: [/proc/self/status]	VmSwap:	       0 kB
20220314 015451.617 INFO             PET1 PIOc_sync Enter - MemInfo: [/proc/self/status]	VmRSSPercent: 0.125521 %
20220314 015451.617 INFO             PET1 PIOc_sync Enter - MemInfo: [malloc] Non-mmapped space allocated:                 2981888 Byte
20220314 015451.617 INFO             PET1 PIOc_sync Enter - MemInfo: [malloc] Space allocated in mmapped regions:         85999616 Byte
20220314 015451.617 INFO             PET1 PIOc_sync Enter - MemInfo: [malloc] Maximum total allocated space:                     0 Byte
20220314 015451.617 INFO             PET1 PIOc_sync Enter - MemInfo: [malloc] Space in freed fastbin blocks:                   512 Byte
20220314 015451.617 INFO             PET1 PIOc_sync Enter - MemInfo: [malloc] Total allocated space:                       2574240 Byte
20220314 015451.617 INFO             PET1 PIOc_sync Enter - MemInfo: [malloc] Total free space:                             407648 Byte
20220314 015451.617 INFO             PET1 PIOc_sync Enter - MemInfo: [malloc] Top-most, releasable space:                   274288 Byte
20220314 015451.617 INFO             PET1 PIOc_sync Enter - MemInfo: [malloc] Total space in use, mmap + non-mmap:        88573856 Byte
20220314 015451.617 INFO             PET1 PIOc_sync Enter - MemInfo: [malloc] Total space held (mmap + non-mmap):         88981504 Byte
20220314 015451.617 INFO             PET1 PIOc_sync Enter - MemInfo: [malloc] Total space used (mmap + non-mmap):         88583216 Byte
20220314 015451.617 INFO             PET1 PIOc_sync Enter - MemInfo: Wall-clock time since execution start:               0.226943 seconds
20220314 015451.617 INFO             PET1 PIOc_sync Exit - MemInfo: [/proc/meminfo - SSI]	MemTotal:       131394444 kB
20220314 015451.617 INFO             PET1 PIOc_sync Exit - MemInfo: [/proc/meminfo - SSI]	MemFree:        122108704 kB
20220314 015451.617 INFO             PET1 PIOc_sync Exit - MemInfo: [/proc/meminfo - SSI]	MemAvailable:   121852500 kB
20220314 015451.618 INFO             PET1 PIOc_sync Exit - MemInfo: [/proc/meminfo - SSI]	Committed_AS:    4378652 kB
20220314 015451.618 INFO             PET1 PIOc_sync Exit - MemInfo: [/proc/meminfo - SSI]	CommittedPercent: 3.33245 %
20220314 015451.618 INFO             PET1 PIOc_sync Exit - MemInfo: [/proc/self/status]	VmPeak:	 3854024 kB
20220314 015451.618 INFO             PET1 PIOc_sync Exit - MemInfo: [/proc/self/status]	VmSize:	 3852276 kB
20220314 015451.618 INFO             PET1 PIOc_sync Exit - MemInfo: [/proc/self/status]	VmLck:	       0 kB
20220314 015451.618 INFO             PET1 PIOc_sync Exit - MemInfo: [/proc/self/status]	VmPin:	   82140 kB
20220314 015451.618 INFO             PET1 PIOc_sync Exit - MemInfo: [/proc/self/status]	VmHWM:	  164932 kB
20220314 015451.618 INFO             PET1 PIOc_sync Exit - MemInfo: [/proc/self/status]	VmRSS:	  164932 kB
20220314 015451.618 INFO             PET1 PIOc_sync Exit - MemInfo: [/proc/self/status]	VmData:	  268836 kB
20220314 015451.618 INFO             PET1 PIOc_sync Exit - MemInfo: [/proc/self/status]	VmStk:	     512 kB
20220314 015451.618 INFO             PET1 PIOc_sync Exit - MemInfo: [/proc/self/status]	VmExe:	    1892 kB
20220314 015451.618 INFO             PET1 PIOc_sync Exit - MemInfo: [/proc/self/status]	VmLib:	  156408 kB
20220314 015451.618 INFO             PET1 PIOc_sync Exit - MemInfo: [/proc/self/status]	VmPTE:	     792 kB
20220314 015451.618 INFO             PET1 PIOc_sync Exit - MemInfo: [/proc/self/status]	VmPMD:	      28 kB
20220314 015451.618 INFO             PET1 PIOc_sync Exit - MemInfo: [/proc/self/status]	VmSwap:	       0 kB
20220314 015451.618 INFO             PET1 PIOc_sync Exit - MemInfo: [/proc/self/status]	VmRSSPercent: 0.125524 %
20220314 015451.618 INFO             PET1 PIOc_sync Exit - MemInfo: [malloc] Non-mmapped space allocated:                 2981888 Byte
20220314 015451.618 INFO             PET1 PIOc_sync Exit - MemInfo: [malloc] Space allocated in mmapped regions:         85999616 Byte
20220314 015451.618 INFO             PET1 PIOc_sync Exit - MemInfo: [malloc] Maximum total allocated space:                     0 Byte
20220314 015451.618 INFO             PET1 PIOc_sync Exit - MemInfo: [malloc] Space in freed fastbin blocks:                   352 Byte
20220314 015451.618 INFO             PET1 PIOc_sync Exit - MemInfo: [malloc] Total allocated space:                       2573456 Byte
20220314 015451.618 INFO             PET1 PIOc_sync Exit - MemInfo: [malloc] Total free space:                             408432 Byte
20220314 015451.618 INFO             PET1 PIOc_sync Exit - MemInfo: [malloc] Top-most, releasable space:                   274928 Byte
20220314 015451.618 INFO             PET1 PIOc_sync Exit - MemInfo: [malloc] Total space in use, mmap + non-mmap:        88573072 Byte
20220314 015451.618 INFO             PET1 PIOc_sync Exit - MemInfo: [malloc] Total space held (mmap + non-mmap):         88981504 Byte
20220314 015451.618 INFO             PET1 PIOc_sync Exit - MemInfo: [malloc] Total space used (mmap + non-mmap):         88582432 Byte
20220314 015451.618 INFO             PET1 PIOc_sync Exit - MemInfo: Wall-clock time since execution start:               0.227631 seconds
20220314 015451.618 INFO             PET1 PIOc_freedecomp Enter - MemInfo: [/proc/meminfo - SSI]	MemTotal:       131394444 kB
20220314 015451.618 INFO             PET1 PIOc_freedecomp Enter - MemInfo: [/proc/meminfo - SSI]	MemFree:        122108704 kB
20220314 015451.618 INFO             PET1 PIOc_freedecomp Enter - MemInfo: [/proc/meminfo - SSI]	MemAvailable:   121852500 kB
20220314 015451.618 INFO             PET1 PIOc_freedecomp Enter - MemInfo: [/proc/meminfo - SSI]	Committed_AS:    4378652 kB
20220314 015451.618 INFO             PET1 PIOc_freedecomp Enter - MemInfo: [/proc/meminfo - SSI]	CommittedPercent: 3.33245 %
20220314 015451.618 INFO             PET1 PIOc_freedecomp Enter - MemInfo: [/proc/self/status]	VmPeak:	 3854024 kB
20220314 015451.618 INFO             PET1 PIOc_freedecomp Enter - MemInfo: [/proc/self/status]	VmSize:	 3852276 kB
20220314 015451.618 INFO             PET1 PIOc_freedecomp Enter - MemInfo: [/proc/self/status]	VmLck:	       0 kB
20220314 015451.618 INFO             PET1 PIOc_freedecomp Enter - MemInfo: [/proc/self/status]	VmPin:	   82140 kB
20220314 015451.618 INFO             PET1 PIOc_freedecomp Enter - MemInfo: [/proc/self/status]	VmHWM:	  164932 kB
20220314 015451.618 INFO             PET1 PIOc_freedecomp Enter - MemInfo: [/proc/self/status]	VmRSS:	  164932 kB
20220314 015451.618 INFO             PET1 PIOc_freedecomp Enter - MemInfo: [/proc/self/status]	VmData:	  268836 kB
20220314 015451.618 INFO             PET1 PIOc_freedecomp Enter - MemInfo: [/proc/self/status]	VmStk:	     512 kB
20220314 015451.618 INFO             PET1 PIOc_freedecomp Enter - MemInfo: [/proc/self/status]	VmExe:	    1892 kB
20220314 015451.618 INFO             PET1 PIOc_freedecomp Enter - MemInfo: [/proc/self/status]	VmLib:	  156408 kB
20220314 015451.618 INFO             PET1 PIOc_freedecomp Enter - MemInfo: [/proc/self/status]	VmPTE:	     792 kB
20220314 015451.618 INFO             PET1 PIOc_freedecomp Enter - MemInfo: [/proc/self/status]	VmPMD:	      28 kB
20220314 015451.618 INFO             PET1 PIOc_freedecomp Enter - MemInfo: [/proc/self/status]	VmSwap:	       0 kB
20220314 015451.618 INFO             PET1 PIOc_freedecomp Enter - MemInfo: [/proc/self/status]	VmRSSPercent: 0.125524 %
20220314 015451.618 INFO             PET1 PIOc_freedecomp Enter - MemInfo: [malloc] Non-mmapped space allocated:                 2981888 Byte
20220314 015451.618 INFO             PET1 PIOc_freedecomp Enter - MemInfo: [malloc] Space allocated in mmapped regions:         85999616 Byte
20220314 015451.618 INFO             PET1 PIOc_freedecomp Enter - MemInfo: [malloc] Maximum total allocated space:                     0 Byte
20220314 015451.618 INFO             PET1 PIOc_freedecomp Enter - MemInfo: [malloc] Space in freed fastbin blocks:                   272 Byte
20220314 015451.618 INFO             PET1 PIOc_freedecomp Enter - MemInfo: [malloc] Total allocated space:                       2571680 Byte
20220314 015451.618 INFO             PET1 PIOc_freedecomp Enter - MemInfo: [malloc] Total free space:                             410208 Byte
20220314 015451.618 INFO             PET1 PIOc_freedecomp Enter - MemInfo: [malloc] Top-most, releasable space:                   275904 Byte
20220314 015451.618 INFO             PET1 PIOc_freedecomp Enter - MemInfo: [malloc] Total space in use, mmap + non-mmap:        88571296 Byte
20220314 015451.618 INFO             PET1 PIOc_freedecomp Enter - MemInfo: [malloc] Total space held (mmap + non-mmap):         88981504 Byte
20220314 015451.618 INFO             PET1 PIOc_freedecomp Enter - MemInfo: [malloc] Total space used (mmap + non-mmap):         88580656 Byte
20220314 015451.618 INFO             PET1 PIOc_freedecomp Enter - MemInfo: Wall-clock time since execution start:               0.228105 seconds
20220314 015451.618 INFO             PET1 PIOc_freedecomp Exit - MemInfo: [/proc/meminfo - SSI]	MemTotal:       131394444 kB
20220314 015451.618 INFO             PET1 PIOc_freedecomp Exit - MemInfo: [/proc/meminfo - SSI]	MemFree:        122108704 kB
20220314 015451.618 INFO             PET1 PIOc_freedecomp Exit - MemInfo: [/proc/meminfo - SSI]	MemAvailable:   121852500 kB
20220314 015451.618 INFO             PET1 PIOc_freedecomp Exit - MemInfo: [/proc/meminfo - SSI]	Committed_AS:    4378652 kB
20220314 015451.618 INFO             PET1 PIOc_freedecomp Exit - MemInfo: [/proc/meminfo - SSI]	CommittedPercent: 3.33245 %
20220314 015451.618 INFO             PET1 PIOc_freedecomp Exit - MemInfo: [/proc/self/status]	VmPeak:	 3854024 kB
20220314 015451.618 INFO             PET1 PIOc_freedecomp Exit - MemInfo: [/proc/self/status]	VmSize:	 3852276 kB
20220314 015451.618 INFO             PET1 PIOc_freedecomp Exit - MemInfo: [/proc/self/status]	VmLck:	       0 kB
20220314 015451.618 INFO             PET1 PIOc_freedecomp Exit - MemInfo: [/proc/self/status]	VmPin:	   82140 kB
20220314 015451.618 INFO             PET1 PIOc_freedecomp Exit - MemInfo: [/proc/self/status]	VmHWM:	  164932 kB
20220314 015451.618 INFO             PET1 PIOc_freedecomp Exit - MemInfo: [/proc/self/status]	VmRSS:	  164932 kB
20220314 015451.618 INFO             PET1 PIOc_freedecomp Exit - MemInfo: [/proc/self/status]	VmData:	  268836 kB
20220314 015451.618 INFO             PET1 PIOc_freedecomp Exit - MemInfo: [/proc/self/status]	VmStk:	     512 kB
20220314 015451.618 INFO             PET1 PIOc_freedecomp Exit - MemInfo: [/proc/self/status]	VmExe:	    1892 kB
20220314 015451.618 INFO             PET1 PIOc_freedecomp Exit - MemInfo: [/proc/self/status]	VmLib:	  156408 kB
20220314 015451.618 INFO             PET1 PIOc_freedecomp Exit - MemInfo: [/proc/self/status]	VmPTE:	     792 kB
20220314 015451.618 INFO             PET1 PIOc_freedecomp Exit - MemInfo: [/proc/self/status]	VmPMD:	      28 kB
20220314 015451.618 INFO             PET1 PIOc_freedecomp Exit - MemInfo: [/proc/self/status]	VmSwap:	       0 kB
20220314 015451.618 INFO             PET1 PIOc_freedecomp Exit - MemInfo: [/proc/self/status]	VmRSSPercent: 0.125524 %
20220314 015451.619 INFO             PET1 PIOc_freedecomp Exit - MemInfo: [malloc] Non-mmapped space allocated:                 2981888 Byte
20220314 015451.619 INFO             PET1 PIOc_freedecomp Exit - MemInfo: [malloc] Space allocated in mmapped regions:         85999616 Byte
20220314 015451.619 INFO             PET1 PIOc_freedecomp Exit - MemInfo: [malloc] Maximum total allocated space:                     0 Byte
20220314 015451.619 INFO             PET1 PIOc_freedecomp Exit - MemInfo: [malloc] Space in freed fastbin blocks:                   816 Byte
20220314 015451.619 INFO             PET1 PIOc_freedecomp Exit - MemInfo: [malloc] Total allocated space:                       2570400 Byte
20220314 015451.619 INFO             PET1 PIOc_freedecomp Exit - MemInfo: [malloc] Total free space:                             411488 Byte
20220314 015451.619 INFO             PET1 PIOc_freedecomp Exit - MemInfo: [malloc] Top-most, releasable space:                   275904 Byte
20220314 015451.619 INFO             PET1 PIOc_freedecomp Exit - MemInfo: [malloc] Total space in use, mmap + non-mmap:        88570016 Byte
20220314 015451.619 INFO             PET1 PIOc_freedecomp Exit - MemInfo: [malloc] Total space held (mmap + non-mmap):         88981504 Byte
20220314 015451.619 INFO             PET1 PIOc_freedecomp Exit - MemInfo: [malloc] Total space used (mmap + non-mmap):         88579376 Byte
20220314 015451.619 INFO             PET1 PIOc_freedecomp Exit - MemInfo: Wall-clock time since execution start:               0.228484 seconds
20220314 015451.620 INFO             PET1 PIOc_sync Enter - MemInfo: [/proc/meminfo - SSI]	MemTotal:       131394444 kB
20220314 015451.620 INFO             PET1 PIOc_sync Enter - MemInfo: [/proc/meminfo - SSI]	MemFree:        122108208 kB
20220314 015451.620 INFO             PET1 PIOc_sync Enter - MemInfo: [/proc/meminfo - SSI]	MemAvailable:   121852004 kB
20220314 015451.620 INFO             PET1 PIOc_sync Enter - MemInfo: [/proc/meminfo - SSI]	Committed_AS:    4378652 kB
20220314 015451.620 INFO             PET1 PIOc_sync Enter - MemInfo: [/proc/meminfo - SSI]	CommittedPercent: 3.33245 %
20220314 015451.620 INFO             PET1 PIOc_sync Enter - MemInfo: [/proc/self/status]	VmPeak:	 3854024 kB
20220314 015451.620 INFO             PET1 PIOc_sync Enter - MemInfo: [/proc/self/status]	VmSize:	 3852276 kB
20220314 015451.620 INFO             PET1 PIOc_sync Enter - MemInfo: [/proc/self/status]	VmLck:	       0 kB
20220314 015451.620 INFO             PET1 PIOc_sync Enter - MemInfo: [/proc/self/status]	VmPin:	   82140 kB
20220314 015451.620 INFO             PET1 PIOc_sync Enter - MemInfo: [/proc/self/status]	VmHWM:	  165080 kB
20220314 015451.620 INFO             PET1 PIOc_sync Enter - MemInfo: [/proc/self/status]	VmRSS:	  165080 kB
20220314 015451.620 INFO             PET1 PIOc_sync Enter - MemInfo: [/proc/self/status]	VmData:	  268836 kB
20220314 015451.620 INFO             PET1 PIOc_sync Enter - MemInfo: [/proc/self/status]	VmStk:	     512 kB
20220314 015451.620 INFO             PET1 PIOc_sync Enter - MemInfo: [/proc/self/status]	VmExe:	    1892 kB
20220314 015451.620 INFO             PET1 PIOc_sync Enter - MemInfo: [/proc/self/status]	VmLib:	  156408 kB
20220314 015451.620 INFO             PET1 PIOc_sync Enter - MemInfo: [/proc/self/status]	VmPTE:	     792 kB
20220314 015451.620 INFO             PET1 PIOc_sync Enter - MemInfo: [/proc/self/status]	VmPMD:	      28 kB
20220314 015451.620 INFO             PET1 PIOc_sync Enter - MemInfo: [/proc/self/status]	VmSwap:	       0 kB
20220314 015451.620 INFO             PET1 PIOc_sync Enter - MemInfo: [/proc/self/status]	VmRSSPercent: 0.125637 %
20220314 015451.620 INFO             PET1 PIOc_sync Enter - MemInfo: [malloc] Non-mmapped space allocated:                 2981888 Byte
20220314 015451.620 INFO             PET1 PIOc_sync Enter - MemInfo: [malloc] Space allocated in mmapped regions:         85999616 Byte
20220314 015451.620 INFO             PET1 PIOc_sync Enter - MemInfo: [malloc] Maximum total allocated space:                     0 Byte
20220314 015451.620 INFO             PET1 PIOc_sync Enter - MemInfo: [malloc] Space in freed fastbin blocks:                   512 Byte
20220314 015451.620 INFO             PET1 PIOc_sync Enter - MemInfo: [malloc] Total allocated space:                       2574400 Byte
20220314 015451.620 INFO             PET1 PIOc_sync Enter - MemInfo: [malloc] Total free space:                             407488 Byte
20220314 015451.620 INFO             PET1 PIOc_sync Enter - MemInfo: [malloc] Top-most, releasable space:                   274128 Byte
20220314 015451.620 INFO             PET1 PIOc_sync Enter - MemInfo: [malloc] Total space in use, mmap + non-mmap:        88574016 Byte
20220314 015451.620 INFO             PET1 PIOc_sync Enter - MemInfo: [malloc] Total space held (mmap + non-mmap):         88981504 Byte
20220314 015451.620 INFO             PET1 PIOc_sync Enter - MemInfo: [malloc] Total space used (mmap + non-mmap):         88583376 Byte
20220314 015451.620 INFO             PET1 PIOc_sync Enter - MemInfo: Wall-clock time since execution start:               0.229757 seconds
20220314 015451.620 INFO             PET1 PIOc_sync Exit - MemInfo: [/proc/meminfo - SSI]	MemTotal:       131394444 kB
20220314 015451.620 INFO             PET1 PIOc_sync Exit - MemInfo: [/proc/meminfo - SSI]	MemFree:        122108208 kB
20220314 015451.620 INFO             PET1 PIOc_sync Exit - MemInfo: [/proc/meminfo - SSI]	MemAvailable:   121852004 kB
20220314 015451.620 INFO             PET1 PIOc_sync Exit - MemInfo: [/proc/meminfo - SSI]	Committed_AS:    4378652 kB
20220314 015451.620 INFO             PET1 PIOc_sync Exit - MemInfo: [/proc/meminfo - SSI]	CommittedPercent: 3.33245 %
20220314 015451.620 INFO             PET1 PIOc_sync Exit - MemInfo: [/proc/self/status]	VmPeak:	 3854024 kB
20220314 015451.620 INFO             PET1 PIOc_sync Exit - MemInfo: [/proc/self/status]	VmSize:	 3852276 kB
20220314 015451.620 INFO             PET1 PIOc_sync Exit - MemInfo: [/proc/self/status]	VmLck:	       0 kB
20220314 015451.620 INFO             PET1 PIOc_sync Exit - MemInfo: [/proc/self/status]	VmPin:	   82140 kB
20220314 015451.620 INFO             PET1 PIOc_sync Exit - MemInfo: [/proc/self/status]	VmHWM:	  165084 kB
20220314 015451.620 INFO             PET1 PIOc_sync Exit - MemInfo: [/proc/self/status]	VmRSS:	  165084 kB
20220314 015451.620 INFO             PET1 PIOc_sync Exit - MemInfo: [/proc/self/status]	VmData:	  268836 kB
20220314 015451.620 INFO             PET1 PIOc_sync Exit - MemInfo: [/proc/self/status]	VmStk:	     512 kB
20220314 015451.620 INFO             PET1 PIOc_sync Exit - MemInfo: [/proc/self/status]	VmExe:	    1892 kB
20220314 015451.620 INFO             PET1 PIOc_sync Exit - MemInfo: [/proc/self/status]	VmLib:	  156408 kB
20220314 015451.620 INFO             PET1 PIOc_sync Exit - MemInfo: [/proc/self/status]	VmPTE:	     792 kB
20220314 015451.620 INFO             PET1 PIOc_sync Exit - MemInfo: [/proc/self/status]	VmPMD:	      28 kB
20220314 015451.620 INFO             PET1 PIOc_sync Exit - MemInfo: [/proc/self/status]	VmSwap:	       0 kB
20220314 015451.620 INFO             PET1 PIOc_sync Exit - MemInfo: [/proc/self/status]	VmRSSPercent: 0.12564 %
20220314 015451.620 INFO             PET1 PIOc_sync Exit - MemInfo: [malloc] Non-mmapped space allocated:                 2981888 Byte
20220314 015451.620 INFO             PET1 PIOc_sync Exit - MemInfo: [malloc] Space allocated in mmapped regions:         85999616 Byte
20220314 015451.620 INFO             PET1 PIOc_sync Exit - MemInfo: [malloc] Maximum total allocated space:                     0 Byte
20220314 015451.620 INFO             PET1 PIOc_sync Exit - MemInfo: [malloc] Space in freed fastbin blocks:                   112 Byte
20220314 015451.620 INFO             PET1 PIOc_sync Exit - MemInfo: [malloc] Total allocated space:                       2573600 Byte
20220314 015451.620 INFO             PET1 PIOc_sync Exit - MemInfo: [malloc] Total free space:                             408288 Byte
20220314 015451.620 INFO             PET1 PIOc_sync Exit - MemInfo: [malloc] Top-most, releasable space:                   275584 Byte
20220314 015451.620 INFO             PET1 PIOc_sync Exit - MemInfo: [malloc] Total space in use, mmap + non-mmap:        88573216 Byte
20220314 015451.620 INFO             PET1 PIOc_sync Exit - MemInfo: [malloc] Total space held (mmap + non-mmap):         88981504 Byte
20220314 015451.620 INFO             PET1 PIOc_sync Exit - MemInfo: [malloc] Total space used (mmap + non-mmap):         88582576 Byte
20220314 015451.620 INFO             PET1 PIOc_sync Exit - MemInfo: Wall-clock time since execution start:               0.230221 seconds
20220314 015451.620 INFO             PET1 PIOc_freedecomp Enter - MemInfo: [/proc/meminfo - SSI]	MemTotal:       131394444 kB
20220314 015451.620 INFO             PET1 PIOc_freedecomp Enter - MemInfo: [/proc/meminfo - SSI]	MemFree:        122108208 kB
20220314 015451.620 INFO             PET1 PIOc_freedecomp Enter - MemInfo: [/proc/meminfo - SSI]	MemAvailable:   121852004 kB
20220314 015451.620 INFO             PET1 PIOc_freedecomp Enter - MemInfo: [/proc/meminfo - SSI]	Committed_AS:    4378652 kB
20220314 015451.621 INFO             PET1 PIOc_freedecomp Enter - MemInfo: [/proc/meminfo - SSI]	CommittedPercent: 3.33245 %
20220314 015451.621 INFO             PET1 PIOc_freedecomp Enter - MemInfo: [/proc/self/status]	VmPeak:	 3854024 kB
20220314 015451.621 INFO             PET1 PIOc_freedecomp Enter - MemInfo: [/proc/self/status]	VmSize:	 3852276 kB
