build time -- 2022-03-14 06:04:51.701631
20220314 063350.416 INFO             PET0 !!!!!!!!!!!!!!!!!!!!!!!!!!!!!!!!!!!!!!!!!!!!!!!!!!!!!!
20220314 063350.416 INFO             PET0 !!! THE ESMF_LOG IS SET TO OUTPUT ALL LOG MESSAGES !!!
20220314 063350.416 INFO             PET0 !!!     THIS MAY CAUSE SLOWDOWN IN PERFORMANCE     !!!
20220314 063350.416 INFO             PET0 !!! FOR PRODUCTION RUNS, USE:                      !!!
20220314 063350.416 INFO             PET0 !!!                   ESMF_LOGKIND_Multi_On_Error  !!!
20220314 063350.416 INFO             PET0 !!!!!!!!!!!!!!!!!!!!!!!!!!!!!!!!!!!!!!!!!!!!!!!!!!!!!!
20220314 063350.416 INFO             PET0 Running with ESMF Version   : v8.3.0b09-96-g559b459836
20220314 063350.416 INFO             PET0 ESMF library build date/time: "Mar 14 2022" "06:02:50"
20220314 063350.416 INFO             PET0 ESMF library build location : /glade/scratch/rlong/esmf-testing/gfortran_10.1.0_openmpi_O_jedwards_pio_update2
20220314 063350.416 INFO             PET0 ESMF_COMM                   : openmpi
20220314 063350.416 INFO             PET0 ESMF_MOAB                   : enabled
20220314 063350.416 INFO             PET0 ESMF_LAPACK                 : enabled
20220314 063350.416 INFO             PET0 ESMF_NETCDF                 : enabled
20220314 063350.416 INFO             PET0 ESMF_PNETCDF                : disabled
20220314 063350.416 INFO             PET0 ESMF_PIO                    : enabled
20220314 063350.416 INFO             PET0 ESMF_YAMLCPP                : enabled
20220314 063350.429 INFO             PET0 PIOc_sync Enter - MemInfo: [/proc/meminfo - SSI]	MemTotal:       65507008 kB
20220314 063350.429 INFO             PET0 PIOc_sync Enter - MemInfo: [/proc/meminfo - SSI]	MemFree:        49527328 kB
20220314 063350.429 INFO             PET0 PIOc_sync Enter - MemInfo: [/proc/meminfo - SSI]	MemAvailable:   49300948 kB
20220314 063350.429 INFO             PET0 PIOc_sync Enter - MemInfo: [/proc/meminfo - SSI]	Committed_AS:   13109272 kB
20220314 063350.429 INFO             PET0 PIOc_sync Enter - MemInfo: [/proc/meminfo - SSI]	CommittedPercent: 20.012 %
20220314 063350.429 INFO             PET0 PIOc_sync Enter - MemInfo: [/proc/self/status]	VmPeak:	  523700 kB
20220314 063350.429 INFO             PET0 PIOc_sync Enter - MemInfo: [/proc/self/status]	VmSize:	  523700 kB
20220314 063350.429 INFO             PET0 PIOc_sync Enter - MemInfo: [/proc/self/status]	VmLck:	       0 kB
20220314 063350.429 INFO             PET0 PIOc_sync Enter - MemInfo: [/proc/self/status]	VmPin:	       0 kB
20220314 063350.429 INFO             PET0 PIOc_sync Enter - MemInfo: [/proc/self/status]	VmHWM:	   64840 kB
20220314 063350.429 INFO             PET0 PIOc_sync Enter - MemInfo: [/proc/self/status]	VmRSS:	   36228 kB
20220314 063350.429 INFO             PET0 PIOc_sync Enter - MemInfo: [/proc/self/status]	VmData:	   32248 kB
20220314 063350.429 INFO             PET0 PIOc_sync Enter - MemInfo: [/proc/self/status]	VmStk:	     148 kB
20220314 063350.429 INFO             PET0 PIOc_sync Enter - MemInfo: [/proc/self/status]	VmExe:	     216 kB
20220314 063350.429 INFO             PET0 PIOc_sync Enter - MemInfo: [/proc/self/status]	VmLib:	   49272 kB
20220314 063350.429 INFO             PET0 PIOc_sync Enter - MemInfo: [/proc/self/status]	VmPTE:	     760 kB
20220314 063350.429 INFO             PET0 PIOc_sync Enter - MemInfo: [/proc/self/status]	VmPMD:	      16 kB
20220314 063350.429 INFO             PET0 PIOc_sync Enter - MemInfo: [/proc/self/status]	VmSwap:	       0 kB
20220314 063350.429 INFO             PET0 PIOc_sync Enter - MemInfo: [/proc/self/status]	VmRSSPercent: 0.055304 %
20220314 063350.429 INFO             PET0 PIOc_sync Enter - MemInfo: [malloc] Non-mmapped space allocated:                 3346432 Byte
20220314 063350.429 INFO             PET0 PIOc_sync Enter - MemInfo: [malloc] Space allocated in mmapped regions:         18890752 Byte
20220314 063350.429 INFO             PET0 PIOc_sync Enter - MemInfo: [malloc] Maximum total allocated space:                     0 Byte
20220314 063350.429 INFO             PET0 PIOc_sync Enter - MemInfo: [malloc] Space in freed fastbin blocks:                  1888 Byte
20220314 063350.429 INFO             PET0 PIOc_sync Enter - MemInfo: [malloc] Total allocated space:                       3062736 Byte
20220314 063350.429 INFO             PET0 PIOc_sync Enter - MemInfo: [malloc] Total free space:                             283696 Byte
20220314 063350.429 INFO             PET0 PIOc_sync Enter - MemInfo: [malloc] Top-most, releasable space:                    83824 Byte
20220314 063350.429 INFO             PET0 PIOc_sync Enter - MemInfo: [malloc] Total space in use, mmap + non-mmap:        21953488 Byte
20220314 063350.429 INFO             PET0 PIOc_sync Enter - MemInfo: [malloc] Total space held (mmap + non-mmap):         22237184 Byte
20220314 063350.429 INFO             PET0 PIOc_sync Enter - MemInfo: [malloc] Total space used (mmap + non-mmap):         21962880 Byte
20220314 063350.429 INFO             PET0 PIOc_sync Enter - MemInfo: Wall-clock time since execution start:              0.0144191 seconds
20220314 063350.431 INFO             PET0 PIOc_sync Exit - MemInfo: [/proc/meminfo - SSI]	MemTotal:       65507008 kB
20220314 063350.431 INFO             PET0 PIOc_sync Exit - MemInfo: [/proc/meminfo - SSI]	MemFree:        49527328 kB
20220314 063350.431 INFO             PET0 PIOc_sync Exit - MemInfo: [/proc/meminfo - SSI]	MemAvailable:   49300948 kB
20220314 063350.431 INFO             PET0 PIOc_sync Exit - MemInfo: [/proc/meminfo - SSI]	Committed_AS:   13109272 kB
20220314 063350.431 INFO             PET0 PIOc_sync Exit - MemInfo: [/proc/meminfo - SSI]	CommittedPercent: 20.012 %
20220314 063350.431 INFO             PET0 PIOc_sync Exit - MemInfo: [/proc/self/status]	VmPeak:	  523700 kB
20220314 063350.431 INFO             PET0 PIOc_sync Exit - MemInfo: [/proc/self/status]	VmSize:	  523700 kB
20220314 063350.431 INFO             PET0 PIOc_sync Exit - MemInfo: [/proc/self/status]	VmLck:	       0 kB
20220314 063350.431 INFO             PET0 PIOc_sync Exit - MemInfo: [/proc/self/status]	VmPin:	       0 kB
20220314 063350.431 INFO             PET0 PIOc_sync Exit - MemInfo: [/proc/self/status]	VmHWM:	   64840 kB
20220314 063350.431 INFO             PET0 PIOc_sync Exit - MemInfo: [/proc/self/status]	VmRSS:	   36328 kB
20220314 063350.431 INFO             PET0 PIOc_sync Exit - MemInfo: [/proc/self/status]	VmData:	   32248 kB
20220314 063350.431 INFO             PET0 PIOc_sync Exit - MemInfo: [/proc/self/status]	VmStk:	     148 kB
20220314 063350.432 INFO             PET0 PIOc_sync Exit - MemInfo: [/proc/self/status]	VmExe:	     216 kB
20220314 063350.432 INFO             PET0 PIOc_sync Exit - MemInfo: [/proc/self/status]	VmLib:	   49272 kB
20220314 063350.432 INFO             PET0 PIOc_sync Exit - MemInfo: [/proc/self/status]	VmPTE:	     760 kB
20220314 063350.432 INFO             PET0 PIOc_sync Exit - MemInfo: [/proc/self/status]	VmPMD:	      16 kB
20220314 063350.432 INFO             PET0 PIOc_sync Exit - MemInfo: [/proc/self/status]	VmSwap:	       0 kB
20220314 063350.432 INFO             PET0 PIOc_sync Exit - MemInfo: [/proc/self/status]	VmRSSPercent: 0.0554567 %
20220314 063350.432 INFO             PET0 PIOc_sync Exit - MemInfo: [malloc] Non-mmapped space allocated:                 3346432 Byte
20220314 063350.432 INFO             PET0 PIOc_sync Exit - MemInfo: [malloc] Space allocated in mmapped regions:         18890752 Byte
20220314 063350.432 INFO             PET0 PIOc_sync Exit - MemInfo: [malloc] Maximum total allocated space:                     0 Byte
20220314 063350.432 INFO             PET0 PIOc_sync Exit - MemInfo: [malloc] Space in freed fastbin blocks:                  1952 Byte
20220314 063350.432 INFO             PET0 PIOc_sync Exit - MemInfo: [malloc] Total allocated space:                       3067488 Byte
20220314 063350.432 INFO             PET0 PIOc_sync Exit - MemInfo: [malloc] Total free space:                             278944 Byte
20220314 063350.432 INFO             PET0 PIOc_sync Exit - MemInfo: [malloc] Top-most, releasable space:                    74896 Byte
20220314 063350.432 INFO             PET0 PIOc_sync Exit - MemInfo: [malloc] Total space in use, mmap + non-mmap:        21958240 Byte
20220314 063350.432 INFO             PET0 PIOc_sync Exit - MemInfo: [malloc] Total space held (mmap + non-mmap):         22237184 Byte
20220314 063350.432 INFO             PET0 PIOc_sync Exit - MemInfo: [malloc] Total space used (mmap + non-mmap):         21967632 Byte
20220314 063350.432 INFO             PET0 PIOc_sync Exit - MemInfo: Wall-clock time since execution start:              0.0171068 seconds
20220314 063350.432 INFO             PET0 PIOc_freedecomp Enter - MemInfo: [/proc/meminfo - SSI]	MemTotal:       65507008 kB
20220314 063350.432 INFO             PET0 PIOc_freedecomp Enter - MemInfo: [/proc/meminfo - SSI]	MemFree:        49542448 kB
20220314 063350.432 INFO             PET0 PIOc_freedecomp Enter - MemInfo: [/proc/meminfo - SSI]	MemAvailable:   49316068 kB
20220314 063350.432 INFO             PET0 PIOc_freedecomp Enter - MemInfo: [/proc/meminfo - SSI]	Committed_AS:   13092884 kB
20220314 063350.432 INFO             PET0 PIOc_freedecomp Enter - MemInfo: [/proc/meminfo - SSI]	CommittedPercent: 19.987 %
20220314 063350.433 INFO             PET0 PIOc_freedecomp Enter - MemInfo: [/proc/self/status]	VmPeak:	  523700 kB
20220314 063350.433 INFO             PET0 PIOc_freedecomp Enter - MemInfo: [/proc/self/status]	VmSize:	  506796 kB
20220314 063350.433 INFO             PET0 PIOc_freedecomp Enter - MemInfo: [/proc/self/status]	VmLck:	       0 kB
20220314 063350.433 INFO             PET0 PIOc_freedecomp Enter - MemInfo: [/proc/self/status]	VmPin:	       0 kB
20220314 063350.433 INFO             PET0 PIOc_freedecomp Enter - MemInfo: [/proc/self/status]	VmHWM:	   64840 kB
20220314 063350.433 INFO             PET0 PIOc_freedecomp Enter - MemInfo: [/proc/self/status]	VmRSS:	   19944 kB
20220314 063350.433 INFO             PET0 PIOc_freedecomp Enter - MemInfo: [/proc/self/status]	VmData:	   15344 kB
20220314 063350.433 INFO             PET0 PIOc_freedecomp Enter - MemInfo: [/proc/self/status]	VmStk:	     148 kB
20220314 063350.433 INFO             PET0 PIOc_freedecomp Enter - MemInfo: [/proc/self/status]	VmExe:	     216 kB
20220314 063350.433 INFO             PET0 PIOc_freedecomp Enter - MemInfo: [/proc/self/status]	VmLib:	   49272 kB
20220314 063350.433 INFO             PET0 PIOc_freedecomp Enter - MemInfo: [/proc/self/status]	VmPTE:	     728 kB
20220314 063350.433 INFO             PET0 PIOc_freedecomp Enter - MemInfo: [/proc/self/status]	VmPMD:	      16 kB
20220314 063350.433 INFO             PET0 PIOc_freedecomp Enter - MemInfo: [/proc/self/status]	VmSwap:	       0 kB
20220314 063350.433 INFO             PET0 PIOc_freedecomp Enter - MemInfo: [/proc/self/status]	VmRSSPercent: 0.0304456 %
20220314 063350.433 INFO             PET0 PIOc_freedecomp Enter - MemInfo: [malloc] Non-mmapped space allocated:                 3346432 Byte
20220314 063350.433 INFO             PET0 PIOc_freedecomp Enter - MemInfo: [malloc] Space allocated in mmapped regions:          1581056 Byte
20220314 063350.433 INFO             PET0 PIOc_freedecomp Enter - MemInfo: [malloc] Maximum total allocated space:                     0 Byte
20220314 063350.433 INFO             PET0 PIOc_freedecomp Enter - MemInfo: [malloc] Space in freed fastbin blocks:                  3888 Byte
20220314 063350.433 INFO             PET0 PIOc_freedecomp Enter - MemInfo: [malloc] Total allocated space:                       3054192 Byte
20220314 063350.433 INFO             PET0 PIOc_freedecomp Enter - MemInfo: [malloc] Total free space:                             292240 Byte
20220314 063350.433 INFO             PET0 PIOc_freedecomp Enter - MemInfo: [malloc] Top-most, releasable space:                    75424 Byte
20220314 063350.433 INFO             PET0 PIOc_freedecomp Enter - MemInfo: [malloc] Total space in use, mmap + non-mmap:         4635248 Byte
20220314 063350.433 INFO             PET0 PIOc_freedecomp Enter - MemInfo: [malloc] Total space held (mmap + non-mmap):          4927488 Byte
20220314 063350.433 INFO             PET0 PIOc_freedecomp Enter - MemInfo: [malloc] Total space used (mmap + non-mmap):          4644624 Byte
20220314 063350.433 INFO             PET0 PIOc_freedecomp Enter - MemInfo: Wall-clock time since execution start:               0.018152 seconds
20220314 063350.433 INFO             PET0 PIOc_freedecomp Exit - MemInfo: [/proc/meminfo - SSI]	MemTotal:       65507008 kB
20220314 063350.433 INFO             PET0 PIOc_freedecomp Exit - MemInfo: [/proc/meminfo - SSI]	MemFree:        49542448 kB
20220314 063350.433 INFO             PET0 PIOc_freedecomp Exit - MemInfo: [/proc/meminfo - SSI]	MemAvailable:   49316068 kB
20220314 063350.433 INFO             PET0 PIOc_freedecomp Exit - MemInfo: [/proc/meminfo - SSI]	Committed_AS:   13092884 kB
20220314 063350.433 INFO             PET0 PIOc_freedecomp Exit - MemInfo: [/proc/meminfo - SSI]	CommittedPercent: 19.987 %
20220314 063350.433 INFO             PET0 PIOc_freedecomp Exit - MemInfo: [/proc/self/status]	VmPeak:	  523700 kB
20220314 063350.433 INFO             PET0 PIOc_freedecomp Exit - MemInfo: [/proc/self/status]	VmSize:	  506796 kB
20220314 063350.433 INFO             PET0 PIOc_freedecomp Exit - MemInfo: [/proc/self/status]	VmLck:	       0 kB
20220314 063350.433 INFO             PET0 PIOc_freedecomp Exit - MemInfo: [/proc/self/status]	VmPin:	       0 kB
20220314 063350.433 INFO             PET0 PIOc_freedecomp Exit - MemInfo: [/proc/self/status]	VmHWM:	   64840 kB
20220314 063350.433 INFO             PET0 PIOc_freedecomp Exit - MemInfo: [/proc/self/status]	VmRSS:	   19948 kB
20220314 063350.433 INFO             PET0 PIOc_freedecomp Exit - MemInfo: [/proc/self/status]	VmData:	   15344 kB
20220314 063350.433 INFO             PET0 PIOc_freedecomp Exit - MemInfo: [/proc/self/status]	VmStk:	     148 kB
20220314 063350.433 INFO             PET0 PIOc_freedecomp Exit - MemInfo: [/proc/self/status]	VmExe:	     216 kB
20220314 063350.433 INFO             PET0 PIOc_freedecomp Exit - MemInfo: [/proc/self/status]	VmLib:	   49272 kB
20220314 063350.433 INFO             PET0 PIOc_freedecomp Exit - MemInfo: [/proc/self/status]	VmPTE:	     728 kB
20220314 063350.433 INFO             PET0 PIOc_freedecomp Exit - MemInfo: [/proc/self/status]	VmPMD:	      16 kB
20220314 063350.433 INFO             PET0 PIOc_freedecomp Exit - MemInfo: [/proc/self/status]	VmSwap:	       0 kB
20220314 063350.433 INFO             PET0 PIOc_freedecomp Exit - MemInfo: [/proc/self/status]	VmRSSPercent: 0.0304517 %
20220314 063350.433 INFO             PET0 PIOc_freedecomp Exit - MemInfo: [malloc] Non-mmapped space allocated:                 3346432 Byte
20220314 063350.433 INFO             PET0 PIOc_freedecomp Exit - MemInfo: [malloc] Space allocated in mmapped regions:          1581056 Byte
20220314 063350.433 INFO             PET0 PIOc_freedecomp Exit - MemInfo: [malloc] Maximum total allocated space:                     0 Byte
20220314 063350.433 INFO             PET0 PIOc_freedecomp Exit - MemInfo: [malloc] Space in freed fastbin blocks:                  3824 Byte
20220314 063350.433 INFO             PET0 PIOc_freedecomp Exit - MemInfo: [malloc] Total allocated space:                       3047424 Byte
20220314 063350.433 INFO             PET0 PIOc_freedecomp Exit - MemInfo: [malloc] Total free space:                             299008 Byte
20220314 063350.433 INFO             PET0 PIOc_freedecomp Exit - MemInfo: [malloc] Top-most, releasable space:                    75424 Byte
20220314 063350.433 INFO             PET0 PIOc_freedecomp Exit - MemInfo: [malloc] Total space in use, mmap + non-mmap:         4628480 Byte
20220314 063350.433 INFO             PET0 PIOc_freedecomp Exit - MemInfo: [malloc] Total space held (mmap + non-mmap):          4927488 Byte
20220314 063350.433 INFO             PET0 PIOc_freedecomp Exit - MemInfo: [malloc] Total space used (mmap + non-mmap):          4637856 Byte
20220314 063350.433 INFO             PET0 PIOc_freedecomp Exit - MemInfo: Wall-clock time since execution start:              0.0183696 seconds
20220314 063350.437 INFO             PET0 PIOc_sync Enter - MemInfo: [/proc/meminfo - SSI]	MemTotal:       65507008 kB
20220314 063350.437 INFO             PET0 PIOc_sync Enter - MemInfo: [/proc/meminfo - SSI]	MemFree:        49535392 kB
20220314 063350.437 INFO             PET0 PIOc_sync Enter - MemInfo: [/proc/meminfo - SSI]	MemAvailable:   49309012 kB
20220314 063350.437 INFO             PET0 PIOc_sync Enter - MemInfo: [/proc/meminfo - SSI]	Committed_AS:   13109296 kB
20220314 063350.437 INFO             PET0 PIOc_sync Enter - MemInfo: [/proc/meminfo - SSI]	CommittedPercent: 20.0121 %
20220314 063350.437 INFO             PET0 PIOc_sync Enter - MemInfo: [/proc/self/status]	VmPeak:	  523724 kB
20220314 063350.437 INFO             PET0 PIOc_sync Enter - MemInfo: [/proc/self/status]	VmSize:	  523724 kB
20220314 063350.437 INFO             PET0 PIOc_sync Enter - MemInfo: [/proc/self/status]	VmLck:	       0 kB
20220314 063350.437 INFO             PET0 PIOc_sync Enter - MemInfo: [/proc/self/status]	VmPin:	       0 kB
20220314 063350.437 INFO             PET0 PIOc_sync Enter - MemInfo: [/proc/self/status]	VmHWM:	   64840 kB
20220314 063350.437 INFO             PET0 PIOc_sync Enter - MemInfo: [/proc/self/status]	VmRSS:	   28268 kB
20220314 063350.437 INFO             PET0 PIOc_sync Enter - MemInfo: [/proc/self/status]	VmData:	   32272 kB
20220314 063350.437 INFO             PET0 PIOc_sync Enter - MemInfo: [/proc/self/status]	VmStk:	     148 kB
20220314 063350.437 INFO             PET0 PIOc_sync Enter - MemInfo: [/proc/self/status]	VmExe:	     216 kB
20220314 063350.437 INFO             PET0 PIOc_sync Enter - MemInfo: [/proc/self/status]	VmLib:	   49272 kB
20220314 063350.437 INFO             PET0 PIOc_sync Enter - MemInfo: [/proc/self/status]	VmPTE:	     756 kB
20220314 063350.437 INFO             PET0 PIOc_sync Enter - MemInfo: [/proc/self/status]	VmPMD:	      16 kB
20220314 063350.437 INFO             PET0 PIOc_sync Enter - MemInfo: [/proc/self/status]	VmSwap:	       0 kB
20220314 063350.437 INFO             PET0 PIOc_sync Enter - MemInfo: [/proc/self/status]	VmRSSPercent: 0.0431526 %
20220314 063350.437 INFO             PET0 PIOc_sync Enter - MemInfo: [malloc] Non-mmapped space allocated:                20680704 Byte
20220314 063350.437 INFO             PET0 PIOc_sync Enter - MemInfo: [malloc] Space allocated in mmapped regions:          1581056 Byte
20220314 063350.437 INFO             PET0 PIOc_sync Enter - MemInfo: [malloc] Maximum total allocated space:                     0 Byte
20220314 063350.437 INFO             PET0 PIOc_sync Enter - MemInfo: [malloc] Space in freed fastbin blocks:                  2320 Byte
20220314 063350.437 INFO             PET0 PIOc_sync Enter - MemInfo: [malloc] Total allocated space:                      20365040 Byte
20220314 063350.437 INFO             PET0 PIOc_sync Enter - MemInfo: [malloc] Total free space:                             315664 Byte
20220314 063350.437 INFO             PET0 PIOc_sync Enter - MemInfo: [malloc] Top-most, releasable space:                   115232 Byte
20220314 063350.437 INFO             PET0 PIOc_sync Enter - MemInfo: [malloc] Total space in use, mmap + non-mmap:        21946096 Byte
20220314 063350.437 INFO             PET0 PIOc_sync Enter - MemInfo: [malloc] Total space held (mmap + non-mmap):         22261760 Byte
20220314 063350.437 INFO             PET0 PIOc_sync Enter - MemInfo: [malloc] Total space used (mmap + non-mmap):         21955488 Byte
20220314 063350.437 INFO             PET0 PIOc_sync Enter - MemInfo: Wall-clock time since execution start:              0.0229948 seconds
20220314 063350.438 INFO             PET0 PIOc_sync Exit - MemInfo: [/proc/meminfo - SSI]	MemTotal:       65507008 kB
20220314 063350.438 INFO             PET0 PIOc_sync Exit - MemInfo: [/proc/meminfo - SSI]	MemFree:        49535392 kB
20220314 063350.438 INFO             PET0 PIOc_sync Exit - MemInfo: [/proc/meminfo - SSI]	MemAvailable:   49309012 kB
20220314 063350.438 INFO             PET0 PIOc_sync Exit - MemInfo: [/proc/meminfo - SSI]	Committed_AS:   13109296 kB
20220314 063350.438 INFO             PET0 PIOc_sync Exit - MemInfo: [/proc/meminfo - SSI]	CommittedPercent: 20.0121 %
20220314 063350.438 INFO             PET0 PIOc_sync Exit - MemInfo: [/proc/self/status]	VmPeak:	  523724 kB
20220314 063350.438 INFO             PET0 PIOc_sync Exit - MemInfo: [/proc/self/status]	VmSize:	  523724 kB
20220314 063350.438 INFO             PET0 PIOc_sync Exit - MemInfo: [/proc/self/status]	VmLck:	       0 kB
20220314 063350.438 INFO             PET0 PIOc_sync Exit - MemInfo: [/proc/self/status]	VmPin:	       0 kB
20220314 063350.438 INFO             PET0 PIOc_sync Exit - MemInfo: [/proc/self/status]	VmHWM:	   64840 kB
20220314 063350.438 INFO             PET0 PIOc_sync Exit - MemInfo: [/proc/self/status]	VmRSS:	   28284 kB
20220314 063350.438 INFO             PET0 PIOc_sync Exit - MemInfo: [/proc/self/status]	VmData:	   32272 kB
20220314 063350.438 INFO             PET0 PIOc_sync Exit - MemInfo: [/proc/self/status]	VmStk:	     148 kB
20220314 063350.438 INFO             PET0 PIOc_sync Exit - MemInfo: [/proc/self/status]	VmExe:	     216 kB
20220314 063350.438 INFO             PET0 PIOc_sync Exit - MemInfo: [/proc/self/status]	VmLib:	   49272 kB
20220314 063350.438 INFO             PET0 PIOc_sync Exit - MemInfo: [/proc/self/status]	VmPTE:	     756 kB
20220314 063350.438 INFO             PET0 PIOc_sync Exit - MemInfo: [/proc/self/status]	VmPMD:	      16 kB
20220314 063350.438 INFO             PET0 PIOc_sync Exit - MemInfo: [/proc/self/status]	VmSwap:	       0 kB
20220314 063350.438 INFO             PET0 PIOc_sync Exit - MemInfo: [/proc/self/status]	VmRSSPercent: 0.0431771 %
20220314 063350.438 INFO             PET0 PIOc_sync Exit - MemInfo: [malloc] Non-mmapped space allocated:                20680704 Byte
20220314 063350.438 INFO             PET0 PIOc_sync Exit - MemInfo: [malloc] Space allocated in mmapped regions:          1581056 Byte
20220314 063350.438 INFO             PET0 PIOc_sync Exit - MemInfo: [malloc] Maximum total allocated space:                     0 Byte
20220314 063350.438 INFO             PET0 PIOc_sync Exit - MemInfo: [malloc] Space in freed fastbin blocks:                  2064 Byte
20220314 063350.438 INFO             PET0 PIOc_sync Exit - MemInfo: [malloc] Total allocated space:                      20369824 Byte
20220314 063350.438 INFO             PET0 PIOc_sync Exit - MemInfo: [malloc] Total free space:                             310880 Byte
20220314 063350.438 INFO             PET0 PIOc_sync Exit - MemInfo: [malloc] Top-most, releasable space:                   107984 Byte
20220314 063350.438 INFO             PET0 PIOc_sync Exit - MemInfo: [malloc] Total space in use, mmap + non-mmap:        21950880 Byte
20220314 063350.438 INFO             PET0 PIOc_sync Exit - MemInfo: [malloc] Total space held (mmap + non-mmap):         22261760 Byte
20220314 063350.438 INFO             PET0 PIOc_sync Exit - MemInfo: [malloc] Total space used (mmap + non-mmap):         21960272 Byte
20220314 063350.438 INFO             PET0 PIOc_sync Exit - MemInfo: Wall-clock time since execution start:              0.0232797 seconds
20220314 063350.438 INFO             PET0 PIOc_freedecomp Enter - MemInfo: [/proc/meminfo - SSI]	MemTotal:       65507008 kB
20220314 063350.438 INFO             PET0 PIOc_freedecomp Enter - MemInfo: [/proc/meminfo - SSI]	MemFree:        49535392 kB
20220314 063350.438 INFO             PET0 PIOc_freedecomp Enter - MemInfo: [/proc/meminfo - SSI]	MemAvailable:   49309012 kB
20220314 063350.438 INFO             PET0 PIOc_freedecomp Enter - MemInfo: [/proc/meminfo - SSI]	Committed_AS:   13109296 kB
20220314 063350.438 INFO             PET0 PIOc_freedecomp Enter - MemInfo: [/proc/meminfo - SSI]	CommittedPercent: 20.0121 %
20220314 063350.438 INFO             PET0 PIOc_freedecomp Enter - MemInfo: [/proc/self/status]	VmPeak:	  523724 kB
20220314 063350.438 INFO             PET0 PIOc_freedecomp Enter - MemInfo: [/proc/self/status]	VmSize:	  523724 kB
20220314 063350.438 INFO             PET0 PIOc_freedecomp Enter - MemInfo: [/proc/self/status]	VmLck:	       0 kB
20220314 063350.438 INFO             PET0 PIOc_freedecomp Enter - MemInfo: [/proc/self/status]	VmPin:	       0 kB
20220314 063350.438 INFO             PET0 PIOc_freedecomp Enter - MemInfo: [/proc/self/status]	VmHWM:	   64840 kB
20220314 063350.438 INFO             PET0 PIOc_freedecomp Enter - MemInfo: [/proc/self/status]	VmRSS:	   28288 kB
20220314 063350.438 INFO             PET0 PIOc_freedecomp Enter - MemInfo: [/proc/self/status]	VmData:	   32272 kB
20220314 063350.438 INFO             PET0 PIOc_freedecomp Enter - MemInfo: [/proc/self/status]	VmStk:	     148 kB
20220314 063350.438 INFO             PET0 PIOc_freedecomp Enter - MemInfo: [/proc/self/status]	VmExe:	     216 kB
20220314 063350.438 INFO             PET0 PIOc_freedecomp Enter - MemInfo: [/proc/self/status]	VmLib:	   49272 kB
20220314 063350.438 INFO             PET0 PIOc_freedecomp Enter - MemInfo: [/proc/self/status]	VmPTE:	     756 kB
20220314 063350.438 INFO             PET0 PIOc_freedecomp Enter - MemInfo: [/proc/self/status]	VmPMD:	      16 kB
20220314 063350.438 INFO             PET0 PIOc_freedecomp Enter - MemInfo: [/proc/self/status]	VmSwap:	       0 kB
20220314 063350.438 INFO             PET0 PIOc_freedecomp Enter - MemInfo: [/proc/self/status]	VmRSSPercent: 0.0431832 %
20220314 063350.438 INFO             PET0 PIOc_freedecomp Enter - MemInfo: [malloc] Non-mmapped space allocated:                20680704 Byte
20220314 063350.438 INFO             PET0 PIOc_freedecomp Enter - MemInfo: [malloc] Space allocated in mmapped regions:          1581056 Byte
20220314 063350.438 INFO             PET0 PIOc_freedecomp Enter - MemInfo: [malloc] Maximum total allocated space:                     0 Byte
20220314 063350.438 INFO             PET0 PIOc_freedecomp Enter - MemInfo: [malloc] Space in freed fastbin blocks:                  1616 Byte
20220314 063350.438 INFO             PET0 PIOc_freedecomp Enter - MemInfo: [malloc] Total allocated space:                       3054224 Byte
20220314 063350.438 INFO             PET0 PIOc_freedecomp Enter - MemInfo: [malloc] Total free space:                           17626480 Byte
20220314 063350.438 INFO             PET0 PIOc_freedecomp Enter - MemInfo: [malloc] Top-most, releasable space:                   112320 Byte
20220314 063350.438 INFO             PET0 PIOc_freedecomp Enter - MemInfo: [malloc] Total space in use, mmap + non-mmap:         4635280 Byte
20220314 063350.438 INFO             PET0 PIOc_freedecomp Enter - MemInfo: [malloc] Total space held (mmap + non-mmap):         22261760 Byte
20220314 063350.438 INFO             PET0 PIOc_freedecomp Enter - MemInfo: [malloc] Total space used (mmap + non-mmap):          4644656 Byte
20220314 063350.438 INFO             PET0 PIOc_freedecomp Enter - MemInfo: Wall-clock time since execution start:              0.0235291 seconds
20220314 063350.438 INFO             PET0 PIOc_freedecomp Exit - MemInfo: [/proc/meminfo - SSI]	MemTotal:       65507008 kB
20220314 063350.438 INFO             PET0 PIOc_freedecomp Exit - MemInfo: [/proc/meminfo - SSI]	MemFree:        49535392 kB
20220314 063350.438 INFO             PET0 PIOc_freedecomp Exit - MemInfo: [/proc/meminfo - SSI]	MemAvailable:   49309012 kB
20220314 063350.438 INFO             PET0 PIOc_freedecomp Exit - MemInfo: [/proc/meminfo - SSI]	Committed_AS:   13109296 kB
20220314 063350.438 INFO             PET0 PIOc_freedecomp Exit - MemInfo: [/proc/meminfo - SSI]	CommittedPercent: 20.0121 %
20220314 063350.438 INFO             PET0 PIOc_freedecomp Exit - MemInfo: [/proc/self/status]	VmPeak:	  523724 kB
20220314 063350.438 INFO             PET0 PIOc_freedecomp Exit - MemInfo: [/proc/self/status]	VmSize:	  523724 kB
20220314 063350.438 INFO             PET0 PIOc_freedecomp Exit - MemInfo: [/proc/self/status]	VmLck:	       0 kB
20220314 063350.438 INFO             PET0 PIOc_freedecomp Exit - MemInfo: [/proc/self/status]	VmPin:	       0 kB
20220314 063350.438 INFO             PET0 PIOc_freedecomp Exit - MemInfo: [/proc/self/status]	VmHWM:	   64840 kB
20220314 063350.438 INFO             PET0 PIOc_freedecomp Exit - MemInfo: [/proc/self/status]	VmRSS:	   28288 kB
20220314 063350.438 INFO             PET0 PIOc_freedecomp Exit - MemInfo: [/proc/self/status]	VmData:	   32272 kB
20220314 063350.438 INFO             PET0 PIOc_freedecomp Exit - MemInfo: [/proc/self/status]	VmStk:	     148 kB
20220314 063350.438 INFO             PET0 PIOc_freedecomp Exit - MemInfo: [/proc/self/status]	VmExe:	     216 kB
20220314 063350.438 INFO             PET0 PIOc_freedecomp Exit - MemInfo: [/proc/self/status]	VmLib:	   49272 kB
20220314 063350.438 INFO             PET0 PIOc_freedecomp Exit - MemInfo: [/proc/self/status]	VmPTE:	     756 kB
20220314 063350.438 INFO             PET0 PIOc_freedecomp Exit - MemInfo: [/proc/self/status]	VmPMD:	      16 kB
20220314 063350.438 INFO             PET0 PIOc_freedecomp Exit - MemInfo: [/proc/self/status]	VmSwap:	       0 kB
20220314 063350.438 INFO             PET0 PIOc_freedecomp Exit - MemInfo: [/proc/self/status]	VmRSSPercent: 0.0431832 %
20220314 063350.438 INFO             PET0 PIOc_freedecomp Exit - MemInfo: [malloc] Non-mmapped space allocated:                20680704 Byte
20220314 063350.438 INFO             PET0 PIOc_freedecomp Exit - MemInfo: [malloc] Space allocated in mmapped regions:          1581056 Byte
20220314 063350.438 INFO             PET0 PIOc_freedecomp Exit - MemInfo: [malloc] Maximum total allocated space:                     0 Byte
20220314 063350.438 INFO             PET0 PIOc_freedecomp Exit - MemInfo: [malloc] Space in freed fastbin blocks:                  4304 Byte
20220314 063350.438 INFO             PET0 PIOc_freedecomp Exit - MemInfo: [malloc] Total allocated space:                       3047424 Byte
20220314 063350.438 INFO             PET0 PIOc_freedecomp Exit - MemInfo: [malloc] Total free space:                           17633280 Byte
20220314 063350.438 INFO             PET0 PIOc_freedecomp Exit - MemInfo: [malloc] Top-most, releasable space:                   112320 Byte
20220314 063350.438 INFO             PET0 PIOc_freedecomp Exit - MemInfo: [malloc] Total space in use, mmap + non-mmap:         4628480 Byte
20220314 063350.438 INFO             PET0 PIOc_freedecomp Exit - MemInfo: [malloc] Total space held (mmap + non-mmap):         22261760 Byte
20220314 063350.438 INFO             PET0 PIOc_freedecomp Exit - MemInfo: [malloc] Total space used (mmap + non-mmap):          4637856 Byte
20220314 063350.438 INFO             PET0 PIOc_freedecomp Exit - MemInfo: Wall-clock time since execution start:              0.0237381 seconds
20220314 063350.439 INFO             PET0 PIOc_sync Enter - MemInfo: [/proc/meminfo - SSI]	MemTotal:       65507008 kB
20220314 063350.439 INFO             PET0 PIOc_sync Enter - MemInfo: [/proc/meminfo - SSI]	MemFree:        49534888 kB
20220314 063350.439 INFO             PET0 PIOc_sync Enter - MemInfo: [/proc/meminfo - SSI]	MemAvailable:   49308508 kB
20220314 063350.439 INFO             PET0 PIOc_sync Enter - MemInfo: [/proc/meminfo - SSI]	Committed_AS:   13109296 kB
20220314 063350.439 INFO             PET0 PIOc_sync Enter - MemInfo: [/proc/meminfo - SSI]	CommittedPercent: 20.0121 %
20220314 063350.439 INFO             PET0 PIOc_sync Enter - MemInfo: [/proc/self/status]	VmPeak:	  531912 kB
20220314 063350.439 INFO             PET0 PIOc_sync Enter - MemInfo: [/proc/self/status]	VmSize:	  523724 kB
20220314 063350.439 INFO             PET0 PIOc_sync Enter - MemInfo: [/proc/self/status]	VmLck:	       0 kB
20220314 063350.439 INFO             PET0 PIOc_sync Enter - MemInfo: [/proc/self/status]	VmPin:	       0 kB
20220314 063350.439 INFO             PET0 PIOc_sync Enter - MemInfo: [/proc/self/status]	VmHWM:	   64840 kB
20220314 063350.439 INFO             PET0 PIOc_sync Enter - MemInfo: [/proc/self/status]	VmRSS:	   28696 kB
20220314 063350.439 INFO             PET0 PIOc_sync Enter - MemInfo: [/proc/self/status]	VmData:	   32272 kB
20220314 063350.439 INFO             PET0 PIOc_sync Enter - MemInfo: [/proc/self/status]	VmStk:	     148 kB
20220314 063350.439 INFO             PET0 PIOc_sync Enter - MemInfo: [/proc/self/status]	VmExe:	     216 kB
20220314 063350.439 INFO             PET0 PIOc_sync Enter - MemInfo: [/proc/self/status]	VmLib:	   49272 kB
20220314 063350.439 INFO             PET0 PIOc_sync Enter - MemInfo: [/proc/self/status]	VmPTE:	     756 kB
20220314 063350.439 INFO             PET0 PIOc_sync Enter - MemInfo: [/proc/self/status]	VmPMD:	      16 kB
20220314 063350.439 INFO             PET0 PIOc_sync Enter - MemInfo: [/proc/self/status]	VmSwap:	       0 kB
20220314 063350.439 INFO             PET0 PIOc_sync Enter - MemInfo: [/proc/self/status]	VmRSSPercent: 0.043806 %
20220314 063350.439 INFO             PET0 PIOc_sync Enter - MemInfo: [malloc] Non-mmapped space allocated:                20680704 Byte
20220314 063350.439 INFO             PET0 PIOc_sync Enter - MemInfo: [malloc] Space allocated in mmapped regions:          1581056 Byte
20220314 063350.439 INFO             PET0 PIOc_sync Enter - MemInfo: [malloc] Maximum total allocated space:                     0 Byte
20220314 063350.439 INFO             PET0 PIOc_sync Enter - MemInfo: [malloc] Space in freed fastbin blocks:                  2784 Byte
20220314 063350.439 INFO             PET0 PIOc_sync Enter - MemInfo: [malloc] Total allocated space:                      20365824 Byte
20220314 063350.439 INFO             PET0 PIOc_sync Enter - MemInfo: [malloc] Total free space:                             314880 Byte
20220314 063350.439 INFO             PET0 PIOc_sync Enter - MemInfo: [malloc] Top-most, releasable space:                   114064 Byte
20220314 063350.439 INFO             PET0 PIOc_sync Enter - MemInfo: [malloc] Total space in use, mmap + non-mmap:        21946880 Byte
20220314 063350.439 INFO             PET0 PIOc_sync Enter - MemInfo: [malloc] Total space held (mmap + non-mmap):         22261760 Byte
20220314 063350.439 INFO             PET0 PIOc_sync Enter - MemInfo: [malloc] Total space used (mmap + non-mmap):         21956272 Byte
20220314 063350.439 INFO             PET0 PIOc_sync Enter - MemInfo: Wall-clock time since execution start:              0.0249386 seconds
20220314 063350.440 INFO             PET0 PIOc_sync Exit - MemInfo: [/proc/meminfo - SSI]	MemTotal:       65507008 kB
20220314 063350.440 INFO             PET0 PIOc_sync Exit - MemInfo: [/proc/meminfo - SSI]	MemFree:        49534888 kB
20220314 063350.440 INFO             PET0 PIOc_sync Exit - MemInfo: [/proc/meminfo - SSI]	MemAvailable:   49308508 kB
20220314 063350.440 INFO             PET0 PIOc_sync Exit - MemInfo: [/proc/meminfo - SSI]	Committed_AS:   13109296 kB
20220314 063350.440 INFO             PET0 PIOc_sync Exit - MemInfo: [/proc/meminfo - SSI]	CommittedPercent: 20.0121 %
20220314 063350.440 INFO             PET0 PIOc_sync Exit - MemInfo: [/proc/self/status]	VmPeak:	  531912 kB
20220314 063350.440 INFO             PET0 PIOc_sync Exit - MemInfo: [/proc/self/status]	VmSize:	  523724 kB
20220314 063350.440 INFO             PET0 PIOc_sync Exit - MemInfo: [/proc/self/status]	VmLck:	       0 kB
20220314 063350.440 INFO             PET0 PIOc_sync Exit - MemInfo: [/proc/self/status]	VmPin:	       0 kB
20220314 063350.440 INFO             PET0 PIOc_sync Exit - MemInfo: [/proc/self/status]	VmHWM:	   64840 kB
20220314 063350.440 INFO             PET0 PIOc_sync Exit - MemInfo: [/proc/self/status]	VmRSS:	   28696 kB
20220314 063350.440 INFO             PET0 PIOc_sync Exit - MemInfo: [/proc/self/status]	VmData:	   32272 kB
20220314 063350.440 INFO             PET0 PIOc_sync Exit - MemInfo: [/proc/self/status]	VmStk:	     148 kB
20220314 063350.440 INFO             PET0 PIOc_sync Exit - MemInfo: [/proc/self/status]	VmExe:	     216 kB
20220314 063350.440 INFO             PET0 PIOc_sync Exit - MemInfo: [/proc/self/status]	VmLib:	   49272 kB
20220314 063350.440 INFO             PET0 PIOc_sync Exit - MemInfo: [/proc/self/status]	VmPTE:	     756 kB
20220314 063350.440 INFO             PET0 PIOc_sync Exit - MemInfo: [/proc/self/status]	VmPMD:	      16 kB
20220314 063350.440 INFO             PET0 PIOc_sync Exit - MemInfo: [/proc/self/status]	VmSwap:	       0 kB
20220314 063350.440 INFO             PET0 PIOc_sync Exit - MemInfo: [/proc/self/status]	VmRSSPercent: 0.043806 %
20220314 063350.440 INFO             PET0 PIOc_sync Exit - MemInfo: [malloc] Non-mmapped space allocated:                20680704 Byte
20220314 063350.440 INFO             PET0 PIOc_sync Exit - MemInfo: [malloc] Space allocated in mmapped regions:          1581056 Byte
20220314 063350.440 INFO             PET0 PIOc_sync Exit - MemInfo: [malloc] Maximum total allocated space:                     0 Byte
20220314 063350.440 INFO             PET0 PIOc_sync Exit - MemInfo: [malloc] Space in freed fastbin blocks:                  2064 Byte
20220314 063350.440 INFO             PET0 PIOc_sync Exit - MemInfo: [malloc] Total allocated space:                      20370640 Byte
20220314 063350.440 INFO             PET0 PIOc_sync Exit - MemInfo: [malloc] Total free space:                             310064 Byte
20220314 063350.440 INFO             PET0 PIOc_sync Exit - MemInfo: [malloc] Top-most, releasable space:                   107280 Byte
20220314 063350.440 INFO             PET0 PIOc_sync Exit - MemInfo: [malloc] Total space in use, mmap + non-mmap:        21951696 Byte
20220314 063350.440 INFO             PET0 PIOc_sync Exit - MemInfo: [malloc] Total space held (mmap + non-mmap):         22261760 Byte
20220314 063350.440 INFO             PET0 PIOc_sync Exit - MemInfo: [malloc] Total space used (mmap + non-mmap):         21961088 Byte
20220314 063350.440 INFO             PET0 PIOc_sync Exit - MemInfo: Wall-clock time since execution start:              0.0252182 seconds
20220314 063350.440 INFO             PET0 PIOc_freedecomp Enter - MemInfo: [/proc/meminfo - SSI]	MemTotal:       65507008 kB
20220314 063350.440 INFO             PET0 PIOc_freedecomp Enter - MemInfo: [/proc/meminfo - SSI]	MemFree:        49534888 kB
20220314 063350.440 INFO             PET0 PIOc_freedecomp Enter - MemInfo: [/proc/meminfo - SSI]	MemAvailable:   49308508 kB
20220314 063350.440 INFO             PET0 PIOc_freedecomp Enter - MemInfo: [/proc/meminfo - SSI]	Committed_AS:   13109296 kB
20220314 063350.440 INFO             PET0 PIOc_freedecomp Enter - MemInfo: [/proc/meminfo - SSI]	CommittedPercent: 20.0121 %
20220314 063350.440 INFO             PET0 PIOc_freedecomp Enter - MemInfo: [/proc/self/status]	VmPeak:	  531912 kB
20220314 063350.440 INFO             PET0 PIOc_freedecomp Enter - MemInfo: [/proc/self/status]	VmSize:	  523724 kB
20220314 063350.440 INFO             PET0 PIOc_freedecomp Enter - MemInfo: [/proc/self/status]	VmLck:	       0 kB
20220314 063350.440 INFO             PET0 PIOc_freedecomp Enter - MemInfo: [/proc/self/status]	VmPin:	       0 kB
20220314 063350.440 INFO             PET0 PIOc_freedecomp Enter - MemInfo: [/proc/self/status]	VmHWM:	   64840 kB
20220314 063350.440 INFO             PET0 PIOc_freedecomp Enter - MemInfo: [/proc/self/status]	VmRSS:	   28696 kB
20220314 063350.440 INFO             PET0 PIOc_freedecomp Enter - MemInfo: [/proc/self/status]	VmData:	   32272 kB
20220314 063350.440 INFO             PET0 PIOc_freedecomp Enter - MemInfo: [/proc/self/status]	VmStk:	     148 kB
20220314 063350.440 INFO             PET0 PIOc_freedecomp Enter - MemInfo: [/proc/self/status]	VmExe:	     216 kB
20220314 063350.440 INFO             PET0 PIOc_freedecomp Enter - MemInfo: [/proc/self/status]	VmLib:	   49272 kB
20220314 063350.440 INFO             PET0 PIOc_freedecomp Enter - MemInfo: [/proc/self/status]	VmPTE:	     756 kB
20220314 063350.440 INFO             PET0 PIOc_freedecomp Enter - MemInfo: [/proc/self/status]	VmPMD:	      16 kB
20220314 063350.440 INFO             PET0 PIOc_freedecomp Enter - MemInfo: [/proc/self/status]	VmSwap:	       0 kB
20220314 063350.440 INFO             PET0 PIOc_freedecomp Enter - MemInfo: [/proc/self/status]	VmRSSPercent: 0.043806 %
20220314 063350.440 INFO             PET0 PIOc_freedecomp Enter - MemInfo: [malloc] Non-mmapped space allocated:                20680704 Byte
20220314 063350.440 INFO             PET0 PIOc_freedecomp Enter - MemInfo: [malloc] Space allocated in mmapped regions:          1581056 Byte
20220314 063350.440 INFO             PET0 PIOc_freedecomp Enter - MemInfo: [malloc] Maximum total allocated space:                     0 Byte
20220314 063350.440 INFO             PET0 PIOc_freedecomp Enter - MemInfo: [malloc] Space in freed fastbin blocks:                  1920 Byte
20220314 063350.440 INFO             PET0 PIOc_freedecomp Enter - MemInfo: [malloc] Total allocated space:                       3054256 Byte
20220314 063350.440 INFO             PET0 PIOc_freedecomp Enter - MemInfo: [malloc] Total free space:                           17626448 Byte
20220314 063350.440 INFO             PET0 PIOc_freedecomp Enter - MemInfo: [malloc] Top-most, releasable space:                   111616 Byte
20220314 063350.440 INFO             PET0 PIOc_freedecomp Enter - MemInfo: [malloc] Total space in use, mmap + non-mmap:         4635312 Byte
20220314 063350.440 INFO             PET0 PIOc_freedecomp Enter - MemInfo: [malloc] Total space held (mmap + non-mmap):         22261760 Byte
20220314 063350.440 INFO             PET0 PIOc_freedecomp Enter - MemInfo: [malloc] Total space used (mmap + non-mmap):          4644688 Byte
20220314 063350.440 INFO             PET0 PIOc_freedecomp Enter - MemInfo: Wall-clock time since execution start:              0.0254636 seconds
20220314 063350.440 INFO             PET0 PIOc_freedecomp Exit - MemInfo: [/proc/meminfo - SSI]	MemTotal:       65507008 kB
20220314 063350.440 INFO             PET0 PIOc_freedecomp Exit - MemInfo: [/proc/meminfo - SSI]	MemFree:        49534888 kB
20220314 063350.440 INFO             PET0 PIOc_freedecomp Exit - MemInfo: [/proc/meminfo - SSI]	MemAvailable:   49308508 kB
20220314 063350.440 INFO             PET0 PIOc_freedecomp Exit - MemInfo: [/proc/meminfo - SSI]	Committed_AS:   13109296 kB
20220314 063350.440 INFO             PET0 PIOc_freedecomp Exit - MemInfo: [/proc/meminfo - SSI]	CommittedPercent: 20.0121 %
20220314 063350.440 INFO             PET0 PIOc_freedecomp Exit - MemInfo: [/proc/self/status]	VmPeak:	  531912 kB
20220314 063350.440 INFO             PET0 PIOc_freedecomp Exit - MemInfo: [/proc/self/status]	VmSize:	  523724 kB
20220314 063350.440 INFO             PET0 PIOc_freedecomp Exit - MemInfo: [/proc/self/status]	VmLck:	       0 kB
20220314 063350.440 INFO             PET0 PIOc_freedecomp Exit - MemInfo: [/proc/self/status]	VmPin:	       0 kB
20220314 063350.440 INFO             PET0 PIOc_freedecomp Exit - MemInfo: [/proc/self/status]	VmHWM:	   64840 kB
20220314 063350.440 INFO             PET0 PIOc_freedecomp Exit - MemInfo: [/proc/self/status]	VmRSS:	   28696 kB
20220314 063350.440 INFO             PET0 PIOc_freedecomp Exit - MemInfo: [/proc/self/status]	VmData:	   32272 kB
20220314 063350.440 INFO             PET0 PIOc_freedecomp Exit - MemInfo: [/proc/self/status]	VmStk:	     148 kB
20220314 063350.440 INFO             PET0 PIOc_freedecomp Exit - MemInfo: [/proc/self/status]	VmExe:	     216 kB
20220314 063350.440 INFO             PET0 PIOc_freedecomp Exit - MemInfo: [/proc/self/status]	VmLib:	   49272 kB
20220314 063350.440 INFO             PET0 PIOc_freedecomp Exit - MemInfo: [/proc/self/status]	VmPTE:	     756 kB
20220314 063350.440 INFO             PET0 PIOc_freedecomp Exit - MemInfo: [/proc/self/status]	VmPMD:	      16 kB
20220314 063350.440 INFO             PET0 PIOc_freedecomp Exit - MemInfo: [/proc/self/status]	VmSwap:	       0 kB
20220314 063350.440 INFO             PET0 PIOc_freedecomp Exit - MemInfo: [/proc/self/status]	VmRSSPercent: 0.043806 %
20220314 063350.440 INFO             PET0 PIOc_freedecomp Exit - MemInfo: [malloc] Non-mmapped space allocated:                20680704 Byte
20220314 063350.440 INFO             PET0 PIOc_freedecomp Exit - MemInfo: [malloc] Space allocated in mmapped regions:          1581056 Byte
20220314 063350.440 INFO             PET0 PIOc_freedecomp Exit - MemInfo: [malloc] Maximum total allocated space:                     0 Byte
20220314 063350.440 INFO             PET0 PIOc_freedecomp Exit - MemInfo: [malloc] Space in freed fastbin blocks:                  4176 Byte
20220314 063350.440 INFO             PET0 PIOc_freedecomp Exit - MemInfo: [malloc] Total allocated space:                       3047424 Byte
20220314 063350.440 INFO             PET0 PIOc_freedecomp Exit - MemInfo: [malloc] Total free space:                           17633280 Byte
20220314 063350.440 INFO             PET0 PIOc_freedecomp Exit - MemInfo: [malloc] Top-most, releasable space:                   111616 Byte
20220314 063350.440 INFO             PET0 PIOc_freedecomp Exit - MemInfo: [malloc] Total space in use, mmap + non-mmap:         4628480 Byte
20220314 063350.440 INFO             PET0 PIOc_freedecomp Exit - MemInfo: [malloc] Total space held (mmap + non-mmap):         22261760 Byte
20220314 063350.440 INFO             PET0 PIOc_freedecomp Exit - MemInfo: [malloc] Total space used (mmap + non-mmap):          4637856 Byte
20220314 063350.440 INFO             PET0 PIOc_freedecomp Exit - MemInfo: Wall-clock time since execution start:              0.0256837 seconds
20220314 063350.441 INFO             PET0 PIOc_sync Enter - MemInfo: [/proc/meminfo - SSI]	MemTotal:       65507008 kB
20220314 063350.441 INFO             PET0 PIOc_sync Enter - MemInfo: [/proc/meminfo - SSI]	MemFree:        49534888 kB
20220314 063350.441 INFO             PET0 PIOc_sync Enter - MemInfo: [/proc/meminfo - SSI]	MemAvailable:   49308508 kB
20220314 063350.441 INFO             PET0 PIOc_sync Enter - MemInfo: [/proc/meminfo - SSI]	Committed_AS:   13109296 kB
20220314 063350.441 INFO             PET0 PIOc_sync Enter - MemInfo: [/proc/meminfo - SSI]	CommittedPercent: 20.0121 %
20220314 063350.441 INFO             PET0 PIOc_sync Enter - MemInfo: [/proc/self/status]	VmPeak:	  531912 kB
20220314 063350.441 INFO             PET0 PIOc_sync Enter - MemInfo: [/proc/self/status]	VmSize:	  523724 kB
20220314 063350.441 INFO             PET0 PIOc_sync Enter - MemInfo: [/proc/self/status]	VmLck:	       0 kB
20220314 063350.441 INFO             PET0 PIOc_sync Enter - MemInfo: [/proc/self/status]	VmPin:	       0 kB
20220314 063350.441 INFO             PET0 PIOc_sync Enter - MemInfo: [/proc/self/status]	VmHWM:	   64840 kB
20220314 063350.441 INFO             PET0 PIOc_sync Enter - MemInfo: [/proc/self/status]	VmRSS:	   28696 kB
20220314 063350.441 INFO             PET0 PIOc_sync Enter - MemInfo: [/proc/self/status]	VmData:	   32272 kB
20220314 063350.441 INFO             PET0 PIOc_sync Enter - MemInfo: [/proc/self/status]	VmStk:	     148 kB
20220314 063350.441 INFO             PET0 PIOc_sync Enter - MemInfo: [/proc/self/status]	VmExe:	     216 kB
20220314 063350.441 INFO             PET0 PIOc_sync Enter - MemInfo: [/proc/self/status]	VmLib:	   49272 kB
20220314 063350.441 INFO             PET0 PIOc_sync Enter - MemInfo: [/proc/self/status]	VmPTE:	     756 kB
20220314 063350.441 INFO             PET0 PIOc_sync Enter - MemInfo: [/proc/self/status]	VmPMD:	      16 kB
20220314 063350.441 INFO             PET0 PIOc_sync Enter - MemInfo: [/proc/self/status]	VmSwap:	       0 kB
20220314 063350.441 INFO             PET0 PIOc_sync Enter - MemInfo: [/proc/self/status]	VmRSSPercent: 0.043806 %
20220314 063350.441 INFO             PET0 PIOc_sync Enter - MemInfo: [malloc] Non-mmapped space allocated:                20680704 Byte
20220314 063350.441 INFO             PET0 PIOc_sync Enter - MemInfo: [malloc] Space allocated in mmapped regions:          1581056 Byte
20220314 063350.441 INFO             PET0 PIOc_sync Enter - MemInfo: [malloc] Maximum total allocated space:                     0 Byte
20220314 063350.441 INFO             PET0 PIOc_sync Enter - MemInfo: [malloc] Space in freed fastbin blocks:                   896 Byte
20220314 063350.441 INFO             PET0 PIOc_sync Enter - MemInfo: [malloc] Total allocated space:                      20366544 Byte
20220314 063350.441 INFO             PET0 PIOc_sync Enter - MemInfo: [malloc] Total free space:                             314160 Byte
20220314 063350.441 INFO             PET0 PIOc_sync Enter - MemInfo: [malloc] Top-most, releasable space:                   114368 Byte
20220314 063350.441 INFO             PET0 PIOc_sync Enter - MemInfo: [malloc] Total space in use, mmap + non-mmap:        21947600 Byte
20220314 063350.441 INFO             PET0 PIOc_sync Enter - MemInfo: [malloc] Total space held (mmap + non-mmap):         22261760 Byte
20220314 063350.441 INFO             PET0 PIOc_sync Enter - MemInfo: [malloc] Total space used (mmap + non-mmap):         21956976 Byte
20220314 063350.441 INFO             PET0 PIOc_sync Enter - MemInfo: Wall-clock time since execution start:              0.0267659 seconds
20220314 063350.441 INFO             PET0 PIOc_sync Exit - MemInfo: [/proc/meminfo - SSI]	MemTotal:       65507008 kB
20220314 063350.441 INFO             PET0 PIOc_sync Exit - MemInfo: [/proc/meminfo - SSI]	MemFree:        49534888 kB
20220314 063350.441 INFO             PET0 PIOc_sync Exit - MemInfo: [/proc/meminfo - SSI]	MemAvailable:   49308508 kB
20220314 063350.441 INFO             PET0 PIOc_sync Exit - MemInfo: [/proc/meminfo - SSI]	Committed_AS:   13109296 kB
20220314 063350.441 INFO             PET0 PIOc_sync Exit - MemInfo: [/proc/meminfo - SSI]	CommittedPercent: 20.0121 %
20220314 063350.441 INFO             PET0 PIOc_sync Exit - MemInfo: [/proc/self/status]	VmPeak:	  531912 kB
20220314 063350.441 INFO             PET0 PIOc_sync Exit - MemInfo: [/proc/self/status]	VmSize:	  523724 kB
20220314 063350.441 INFO             PET0 PIOc_sync Exit - MemInfo: [/proc/self/status]	VmLck:	       0 kB
20220314 063350.441 INFO             PET0 PIOc_sync Exit - MemInfo: [/proc/self/status]	VmPin:	       0 kB
20220314 063350.441 INFO             PET0 PIOc_sync Exit - MemInfo: [/proc/self/status]	VmHWM:	   64840 kB
20220314 063350.441 INFO             PET0 PIOc_sync Exit - MemInfo: [/proc/self/status]	VmRSS:	   28700 kB
20220314 063350.441 INFO             PET0 PIOc_sync Exit - MemInfo: [/proc/self/status]	VmData:	   32272 kB
20220314 063350.441 INFO             PET0 PIOc_sync Exit - MemInfo: [/proc/self/status]	VmStk:	     148 kB
20220314 063350.441 INFO             PET0 PIOc_sync Exit - MemInfo: [/proc/self/status]	VmExe:	     216 kB
20220314 063350.441 INFO             PET0 PIOc_sync Exit - MemInfo: [/proc/self/status]	VmLib:	   49272 kB
20220314 063350.441 INFO             PET0 PIOc_sync Exit - MemInfo: [/proc/self/status]	VmPTE:	     756 kB
20220314 063350.441 INFO             PET0 PIOc_sync Exit - MemInfo: [/proc/self/status]	VmPMD:	      16 kB
20220314 063350.441 INFO             PET0 PIOc_sync Exit - MemInfo: [/proc/self/status]	VmSwap:	       0 kB
20220314 063350.441 INFO             PET0 PIOc_sync Exit - MemInfo: [/proc/self/status]	VmRSSPercent: 0.0438121 %
20220314 063350.441 INFO             PET0 PIOc_sync Exit - MemInfo: [malloc] Non-mmapped space allocated:                20680704 Byte
20220314 063350.442 INFO             PET0 PIOc_sync Exit - MemInfo: [malloc] Space allocated in mmapped regions:          1581056 Byte
20220314 063350.442 INFO             PET0 PIOc_sync Exit - MemInfo: [malloc] Maximum total allocated space:                     0 Byte
20220314 063350.442 INFO             PET0 PIOc_sync Exit - MemInfo: [malloc] Space in freed fastbin blocks:                  2432 Byte
20220314 063350.442 INFO             PET0 PIOc_sync Exit - MemInfo: [malloc] Total allocated space:                      20371296 Byte
20220314 063350.442 INFO             PET0 PIOc_sync Exit - MemInfo: [malloc] Total free space:                             309408 Byte
20220314 063350.442 INFO             PET0 PIOc_sync Exit - MemInfo: [malloc] Top-most, releasable space:                   105168 Byte
20220314 063350.442 INFO             PET0 PIOc_sync Exit - MemInfo: [malloc] Total space in use, mmap + non-mmap:        21952352 Byte
20220314 063350.442 INFO             PET0 PIOc_sync Exit - MemInfo: [malloc] Total space held (mmap + non-mmap):         22261760 Byte
20220314 063350.442 INFO             PET0 PIOc_sync Exit - MemInfo: [malloc] Total space used (mmap + non-mmap):         21961744 Byte
20220314 063350.442 INFO             PET0 PIOc_sync Exit - MemInfo: Wall-clock time since execution start:              0.0270556 seconds
20220314 063350.442 INFO             PET0 PIOc_freedecomp Enter - MemInfo: [/proc/meminfo - SSI]	MemTotal:       65507008 kB
20220314 063350.442 INFO             PET0 PIOc_freedecomp Enter - MemInfo: [/proc/meminfo - SSI]	MemFree:        49534888 kB
20220314 063350.442 INFO             PET0 PIOc_freedecomp Enter - MemInfo: [/proc/meminfo - SSI]	MemAvailable:   49308508 kB
20220314 063350.442 INFO             PET0 PIOc_freedecomp Enter - MemInfo: [/proc/meminfo - SSI]	Committed_AS:   13109296 kB
20220314 063350.442 INFO             PET0 PIOc_freedecomp Enter - MemInfo: [/proc/meminfo - SSI]	CommittedPercent: 20.0121 %
20220314 063350.442 INFO             PET0 PIOc_freedecomp Enter - MemInfo: [/proc/self/status]	VmPeak:	  531912 kB
20220314 063350.442 INFO             PET0 PIOc_freedecomp Enter - MemInfo: [/proc/self/status]	VmSize:	  523724 kB
20220314 063350.442 INFO             PET0 PIOc_freedecomp Enter - MemInfo: [/proc/self/status]	VmLck:	       0 kB
20220314 063350.442 INFO             PET0 PIOc_freedecomp Enter - MemInfo: [/proc/self/status]	VmPin:	       0 kB
20220314 063350.442 INFO             PET0 PIOc_freedecomp Enter - MemInfo: [/proc/self/status]	VmHWM:	   64840 kB
20220314 063350.442 INFO             PET0 PIOc_freedecomp Enter - MemInfo: [/proc/self/status]	VmRSS:	   28700 kB
20220314 063350.442 INFO             PET0 PIOc_freedecomp Enter - MemInfo: [/proc/self/status]	VmData:	   32272 kB
20220314 063350.442 INFO             PET0 PIOc_freedecomp Enter - MemInfo: [/proc/self/status]	VmStk:	     148 kB
20220314 063350.442 INFO             PET0 PIOc_freedecomp Enter - MemInfo: [/proc/self/status]	VmExe:	     216 kB
20220314 063350.442 INFO             PET0 PIOc_freedecomp Enter - MemInfo: [/proc/self/status]	VmLib:	   49272 kB
20220314 063350.442 INFO             PET0 PIOc_freedecomp Enter - MemInfo: [/proc/self/status]	VmPTE:	     756 kB
20220314 063350.442 INFO             PET0 PIOc_freedecomp Enter - MemInfo: [/proc/self/status]	VmPMD:	      16 kB
20220314 063350.442 INFO             PET0 PIOc_freedecomp Enter - MemInfo: [/proc/self/status]	VmSwap:	       0 kB
20220314 063350.442 INFO             PET0 PIOc_freedecomp Enter - MemInfo: [/proc/self/status]	VmRSSPercent: 0.0438121 %
20220314 063350.442 INFO             PET0 PIOc_freedecomp Enter - MemInfo: [malloc] Non-mmapped space allocated:                20680704 Byte
20220314 063350.442 INFO             PET0 PIOc_freedecomp Enter - MemInfo: [malloc] Space allocated in mmapped regions:          1581056 Byte
20220314 063350.442 INFO             PET0 PIOc_freedecomp Enter - MemInfo: [malloc] Maximum total allocated space:                     0 Byte
20220314 063350.442 INFO             PET0 PIOc_freedecomp Enter - MemInfo: [malloc] Space in freed fastbin blocks:                  1920 Byte
20220314 063350.442 INFO             PET0 PIOc_freedecomp Enter - MemInfo: [malloc] Total allocated space:                       3054224 Byte
20220314 063350.442 INFO             PET0 PIOc_freedecomp Enter - MemInfo: [malloc] Total free space:                           17626480 Byte
20220314 063350.442 INFO             PET0 PIOc_freedecomp Enter - MemInfo: [malloc] Top-most, releasable space:                   109568 Byte
20220314 063350.442 INFO             PET0 PIOc_freedecomp Enter - MemInfo: [malloc] Total space in use, mmap + non-mmap:         4635280 Byte
20220314 063350.442 INFO             PET0 PIOc_freedecomp Enter - MemInfo: [malloc] Total space held (mmap + non-mmap):         22261760 Byte
20220314 063350.442 INFO             PET0 PIOc_freedecomp Enter - MemInfo: [malloc] Total space used (mmap + non-mmap):          4644656 Byte
20220314 063350.442 INFO             PET0 PIOc_freedecomp Enter - MemInfo: Wall-clock time since execution start:              0.0273014 seconds
20220314 063350.442 INFO             PET0 PIOc_freedecomp Exit - MemInfo: [/proc/meminfo - SSI]	MemTotal:       65507008 kB
20220314 063350.442 INFO             PET0 PIOc_freedecomp Exit - MemInfo: [/proc/meminfo - SSI]	MemFree:        49534888 kB
20220314 063350.442 INFO             PET0 PIOc_freedecomp Exit - MemInfo: [/proc/meminfo - SSI]	MemAvailable:   49308508 kB
20220314 063350.442 INFO             PET0 PIOc_freedecomp Exit - MemInfo: [/proc/meminfo - SSI]	Committed_AS:   13109296 kB
20220314 063350.442 INFO             PET0 PIOc_freedecomp Exit - MemInfo: [/proc/meminfo - SSI]	CommittedPercent: 20.0121 %
20220314 063350.442 INFO             PET0 PIOc_freedecomp Exit - MemInfo: [/proc/self/status]	VmPeak:	  531912 kB
20220314 063350.442 INFO             PET0 PIOc_freedecomp Exit - MemInfo: [/proc/self/status]	VmSize:	  523724 kB
20220314 063350.442 INFO             PET0 PIOc_freedecomp Exit - MemInfo: [/proc/self/status]	VmLck:	       0 kB
20220314 063350.442 INFO             PET0 PIOc_freedecomp Exit - MemInfo: [/proc/self/status]	VmPin:	       0 kB
20220314 063350.442 INFO             PET0 PIOc_freedecomp Exit - MemInfo: [/proc/self/status]	VmHWM:	   64840 kB
20220314 063350.442 INFO             PET0 PIOc_freedecomp Exit - MemInfo: [/proc/self/status]	VmRSS:	   28700 kB
20220314 063350.442 INFO             PET0 PIOc_freedecomp Exit - MemInfo: [/proc/self/status]	VmData:	   32272 kB
20220314 063350.442 INFO             PET0 PIOc_freedecomp Exit - MemInfo: [/proc/self/status]	VmStk:	     148 kB
20220314 063350.442 INFO             PET0 PIOc_freedecomp Exit - MemInfo: [/proc/self/status]	VmExe:	     216 kB
20220314 063350.442 INFO             PET0 PIOc_freedecomp Exit - MemInfo: [/proc/self/status]	VmLib:	   49272 kB
20220314 063350.442 INFO             PET0 PIOc_freedecomp Exit - MemInfo: [/proc/self/status]	VmPTE:	     756 kB
20220314 063350.442 INFO             PET0 PIOc_freedecomp Exit - MemInfo: [/proc/self/status]	VmPMD:	      16 kB
20220314 063350.442 INFO             PET0 PIOc_freedecomp Exit - MemInfo: [/proc/self/status]	VmSwap:	       0 kB
20220314 063350.442 INFO             PET0 PIOc_freedecomp Exit - MemInfo: [/proc/self/status]	VmRSSPercent: 0.0438121 %
20220314 063350.442 INFO             PET0 PIOc_freedecomp Exit - MemInfo: [malloc] Non-mmapped space allocated:                20680704 Byte
20220314 063350.442 INFO             PET0 PIOc_freedecomp Exit - MemInfo: [malloc] Space allocated in mmapped regions:          1581056 Byte
20220314 063350.442 INFO             PET0 PIOc_freedecomp Exit - MemInfo: [malloc] Maximum total allocated space:                     0 Byte
20220314 063350.442 INFO             PET0 PIOc_freedecomp Exit - MemInfo: [malloc] Space in freed fastbin blocks:                  1920 Byte
20220314 063350.442 INFO             PET0 PIOc_freedecomp Exit - MemInfo: [malloc] Total allocated space:                       3047440 Byte
20220314 063350.442 INFO             PET0 PIOc_freedecomp Exit - MemInfo: [malloc] Total free space:                           17633264 Byte
20220314 063350.442 INFO             PET0 PIOc_freedecomp Exit - MemInfo: [malloc] Top-most, releasable space:                   113664 Byte
20220314 063350.442 INFO             PET0 PIOc_freedecomp Exit - MemInfo: [malloc] Total space in use, mmap + non-mmap:         4628496 Byte
20220314 063350.442 INFO             PET0 PIOc_freedecomp Exit - MemInfo: [malloc] Total space held (mmap + non-mmap):         22261760 Byte
20220314 063350.442 INFO             PET0 PIOc_freedecomp Exit - MemInfo: [malloc] Total space used (mmap + non-mmap):          4637872 Byte
20220314 063350.442 INFO             PET0 PIOc_freedecomp Exit - MemInfo: Wall-clock time since execution start:              0.0275122 seconds
20220314 063350.449 INFO             PET0  NUMBER_OF_PROCESSORS           4
20220314 063350.449 INFO             PET0  PASS  Example ESMF_RHandleBitForBitEx, ESMF_RHandleBitForBitEx.F90, line 1557
20220314 063350.449 INFO             PET0 Finalizing ESMF
20220314 063350.416 INFO             PET1 !!!!!!!!!!!!!!!!!!!!!!!!!!!!!!!!!!!!!!!!!!!!!!!!!!!!!!
20220314 063350.416 INFO             PET1 !!! THE ESMF_LOG IS SET TO OUTPUT ALL LOG MESSAGES !!!
20220314 063350.416 INFO             PET1 !!!     THIS MAY CAUSE SLOWDOWN IN PERFORMANCE     !!!
20220314 063350.416 INFO             PET1 !!! FOR PRODUCTION RUNS, USE:                      !!!
20220314 063350.416 INFO             PET1 !!!                   ESMF_LOGKIND_Multi_On_Error  !!!
20220314 063350.416 INFO             PET1 !!!!!!!!!!!!!!!!!!!!!!!!!!!!!!!!!!!!!!!!!!!!!!!!!!!!!!
20220314 063350.416 INFO             PET1 Running with ESMF Version   : v8.3.0b09-96-g559b459836
20220314 063350.416 INFO             PET1 ESMF library build date/time: "Mar 14 2022" "06:02:50"
20220314 063350.416 INFO             PET1 ESMF library build location : /glade/scratch/rlong/esmf-testing/gfortran_10.1.0_openmpi_O_jedwards_pio_update2
20220314 063350.416 INFO             PET1 ESMF_COMM                   : openmpi
20220314 063350.417 INFO             PET1 ESMF_MOAB                   : enabled
20220314 063350.417 INFO             PET1 ESMF_LAPACK                 : enabled
20220314 063350.417 INFO             PET1 ESMF_NETCDF                 : enabled
20220314 063350.417 INFO             PET1 ESMF_PNETCDF                : disabled
20220314 063350.417 INFO             PET1 ESMF_PIO                    : enabled
20220314 063350.417 INFO             PET1 ESMF_YAMLCPP                : enabled
20220314 063350.429 INFO             PET1 PIOc_sync Enter - MemInfo: [/proc/meminfo - SSI]	MemTotal:       65507008 kB
20220314 063350.429 INFO             PET1 PIOc_sync Enter - MemInfo: [/proc/meminfo - SSI]	MemFree:        49527328 kB
20220314 063350.429 INFO             PET1 PIOc_sync Enter - MemInfo: [/proc/meminfo - SSI]	MemAvailable:   49300948 kB
20220314 063350.429 INFO             PET1 PIOc_sync Enter - MemInfo: [/proc/meminfo - SSI]	Committed_AS:   13109272 kB
20220314 063350.429 INFO             PET1 PIOc_sync Enter - MemInfo: [/proc/meminfo - SSI]	CommittedPercent: 20.012 %
20220314 063350.429 INFO             PET1 PIOc_sync Enter - MemInfo: [/proc/self/status]	VmPeak:	  506624 kB
20220314 063350.429 INFO             PET1 PIOc_sync Enter - MemInfo: [/proc/self/status]	VmSize:	  506624 kB
20220314 063350.429 INFO             PET1 PIOc_sync Enter - MemInfo: [/proc/self/status]	VmLck:	       0 kB
20220314 063350.429 INFO             PET1 PIOc_sync Enter - MemInfo: [/proc/self/status]	VmPin:	       0 kB
20220314 063350.429 INFO             PET1 PIOc_sync Enter - MemInfo: [/proc/self/status]	VmHWM:	   64844 kB
20220314 063350.429 INFO             PET1 PIOc_sync Enter - MemInfo: [/proc/self/status]	VmRSS:	   18428 kB
20220314 063350.429 INFO             PET1 PIOc_sync Enter - MemInfo: [/proc/self/status]	VmData:	   15172 kB
20220314 063350.429 INFO             PET1 PIOc_sync Enter - MemInfo: [/proc/self/status]	VmStk:	     148 kB
20220314 063350.429 INFO             PET1 PIOc_sync Enter - MemInfo: [/proc/self/status]	VmExe:	     216 kB
20220314 063350.429 INFO             PET1 PIOc_sync Enter - MemInfo: [/proc/self/status]	VmLib:	   49272 kB
20220314 063350.429 INFO             PET1 PIOc_sync Enter - MemInfo: [/proc/self/status]	VmPTE:	     732 kB
20220314 063350.429 INFO             PET1 PIOc_sync Enter - MemInfo: [/proc/self/status]	VmPMD:	      12 kB
20220314 063350.429 INFO             PET1 PIOc_sync Enter - MemInfo: [/proc/self/status]	VmSwap:	       0 kB
20220314 063350.429 INFO             PET1 PIOc_sync Enter - MemInfo: [/proc/self/status]	VmRSSPercent: 0.0281313 %
20220314 063350.429 INFO             PET1 PIOc_sync Enter - MemInfo: [malloc] Non-mmapped space allocated:                 3170304 Byte
20220314 063350.429 INFO             PET1 PIOc_sync Enter - MemInfo: [malloc] Space allocated in mmapped regions:          1581056 Byte
20220314 063350.429 INFO             PET1 PIOc_sync Enter - MemInfo: [malloc] Maximum total allocated space:                     0 Byte
20220314 063350.429 INFO             PET1 PIOc_sync Enter - MemInfo: [malloc] Space in freed fastbin blocks:                  1104 Byte
20220314 063350.429 INFO             PET1 PIOc_sync Enter - MemInfo: [malloc] Total allocated space:                       2701696 Byte
20220314 063350.429 INFO             PET1 PIOc_sync Enter - MemInfo: [malloc] Total free space:                             468608 Byte
20220314 063350.429 INFO             PET1 PIOc_sync Enter - MemInfo: [malloc] Top-most, releasable space:                    36208 Byte
20220314 063350.429 INFO             PET1 PIOc_sync Enter - MemInfo: [malloc] Total space in use, mmap + non-mmap:         4282752 Byte
20220314 063350.429 INFO             PET1 PIOc_sync Enter - MemInfo: [malloc] Total space held (mmap + non-mmap):          4751360 Byte
20220314 063350.429 INFO             PET1 PIOc_sync Enter - MemInfo: [malloc] Total space used (mmap + non-mmap):          4292144 Byte
20220314 063350.429 INFO             PET1 PIOc_sync Enter - MemInfo: Wall-clock time since execution start:              0.0148683 seconds
20220314 063350.431 INFO             PET1 PIOc_sync Exit - MemInfo: [/proc/meminfo - SSI]	MemTotal:       65507008 kB
20220314 063350.431 INFO             PET1 PIOc_sync Exit - MemInfo: [/proc/meminfo - SSI]	MemFree:        49527328 kB
20220314 063350.431 INFO             PET1 PIOc_sync Exit - MemInfo: [/proc/meminfo - SSI]	MemAvailable:   49300948 kB
20220314 063350.431 INFO             PET1 PIOc_sync Exit - MemInfo: [/proc/meminfo - SSI]	Committed_AS:   13109272 kB
20220314 063350.431 INFO             PET1 PIOc_sync Exit - MemInfo: [/proc/meminfo - SSI]	CommittedPercent: 20.012 %
20220314 063350.431 INFO             PET1 PIOc_sync Exit - MemInfo: [/proc/self/status]	VmPeak:	  506624 kB
20220314 063350.431 INFO             PET1 PIOc_sync Exit - MemInfo: [/proc/self/status]	VmSize:	  506624 kB
20220314 063350.431 INFO             PET1 PIOc_sync Exit - MemInfo: [/proc/self/status]	VmLck:	       0 kB
20220314 063350.431 INFO             PET1 PIOc_sync Exit - MemInfo: [/proc/self/status]	VmPin:	       0 kB
20220314 063350.431 INFO             PET1 PIOc_sync Exit - MemInfo: [/proc/self/status]	VmHWM:	   64844 kB
20220314 063350.431 INFO             PET1 PIOc_sync Exit - MemInfo: [/proc/self/status]	VmRSS:	   18500 kB
20220314 063350.431 INFO             PET1 PIOc_sync Exit - MemInfo: [/proc/self/status]	VmData:	   15172 kB
20220314 063350.431 INFO             PET1 PIOc_sync Exit - MemInfo: [/proc/self/status]	VmStk:	     148 kB
20220314 063350.432 INFO             PET1 PIOc_sync Exit - MemInfo: [/proc/self/status]	VmExe:	     216 kB
20220314 063350.432 INFO             PET1 PIOc_sync Exit - MemInfo: [/proc/self/status]	VmLib:	   49272 kB
20220314 063350.432 INFO             PET1 PIOc_sync Exit - MemInfo: [/proc/self/status]	VmPTE:	     732 kB
20220314 063350.432 INFO             PET1 PIOc_sync Exit - MemInfo: [/proc/self/status]	VmPMD:	      12 kB
20220314 063350.432 INFO             PET1 PIOc_sync Exit - MemInfo: [/proc/self/status]	VmSwap:	       0 kB
20220314 063350.432 INFO             PET1 PIOc_sync Exit - MemInfo: [/proc/self/status]	VmRSSPercent: 0.0282413 %
20220314 063350.432 INFO             PET1 PIOc_sync Exit - MemInfo: [malloc] Non-mmapped space allocated:                 3170304 Byte
20220314 063350.432 INFO             PET1 PIOc_sync Exit - MemInfo: [malloc] Space allocated in mmapped regions:          1581056 Byte
20220314 063350.432 INFO             PET1 PIOc_sync Exit - MemInfo: [malloc] Maximum total allocated space:                     0 Byte
20220314 063350.432 INFO             PET1 PIOc_sync Exit - MemInfo: [malloc] Space in freed fastbin blocks:                  2704 Byte
20220314 063350.432 INFO             PET1 PIOc_sync Exit - MemInfo: [malloc] Total allocated space:                       2701616 Byte
20220314 063350.432 INFO             PET1 PIOc_sync Exit - MemInfo: [malloc] Total free space:                             468688 Byte
20220314 063350.432 INFO             PET1 PIOc_sync Exit - MemInfo: [malloc] Top-most, releasable space:                    36208 Byte
20220314 063350.432 INFO             PET1 PIOc_sync Exit - MemInfo: [malloc] Total space in use, mmap + non-mmap:         4282672 Byte
20220314 063350.432 INFO             PET1 PIOc_sync Exit - MemInfo: [malloc] Total space held (mmap + non-mmap):          4751360 Byte
20220314 063350.432 INFO             PET1 PIOc_sync Exit - MemInfo: [malloc] Total space used (mmap + non-mmap):          4292064 Byte
20220314 063350.432 INFO             PET1 PIOc_sync Exit - MemInfo: Wall-clock time since execution start:              0.0175413 seconds
20220314 063350.432 INFO             PET1 PIOc_freedecomp Enter - MemInfo: [/proc/meminfo - SSI]	MemTotal:       65507008 kB
20220314 063350.432 INFO             PET1 PIOc_freedecomp Enter - MemInfo: [/proc/meminfo - SSI]	MemFree:        49542448 kB
20220314 063350.432 INFO             PET1 PIOc_freedecomp Enter - MemInfo: [/proc/meminfo - SSI]	MemAvailable:   49316068 kB
20220314 063350.432 INFO             PET1 PIOc_freedecomp Enter - MemInfo: [/proc/meminfo - SSI]	Committed_AS:   13092884 kB
20220314 063350.432 INFO             PET1 PIOc_freedecomp Enter - MemInfo: [/proc/meminfo - SSI]	CommittedPercent: 19.987 %
20220314 063350.432 INFO             PET1 PIOc_freedecomp Enter - MemInfo: [/proc/self/status]	VmPeak:	  506624 kB
20220314 063350.432 INFO             PET1 PIOc_freedecomp Enter - MemInfo: [/proc/self/status]	VmSize:	  506624 kB
20220314 063350.433 INFO             PET1 PIOc_freedecomp Enter - MemInfo: [/proc/self/status]	VmLck:	       0 kB
20220314 063350.433 INFO             PET1 PIOc_freedecomp Enter - MemInfo: [/proc/self/status]	VmPin:	       0 kB
20220314 063350.433 INFO             PET1 PIOc_freedecomp Enter - MemInfo: [/proc/self/status]	VmHWM:	   64844 kB
20220314 063350.433 INFO             PET1 PIOc_freedecomp Enter - MemInfo: [/proc/self/status]	VmRSS:	   18500 kB
20220314 063350.433 INFO             PET1 PIOc_freedecomp Enter - MemInfo: [/proc/self/status]	VmData:	   15172 kB
20220314 063350.433 INFO             PET1 PIOc_freedecomp Enter - MemInfo: [/proc/self/status]	VmStk:	     148 kB
20220314 063350.433 INFO             PET1 PIOc_freedecomp Enter - MemInfo: [/proc/self/status]	VmExe:	     216 kB
20220314 063350.433 INFO             PET1 PIOc_freedecomp Enter - MemInfo: [/proc/self/status]	VmLib:	   49272 kB
20220314 063350.433 INFO             PET1 PIOc_freedecomp Enter - MemInfo: [/proc/self/status]	VmPTE:	     732 kB
20220314 063350.433 INFO             PET1 PIOc_freedecomp Enter - MemInfo: [/proc/self/status]	VmPMD:	      12 kB
20220314 063350.433 INFO             PET1 PIOc_freedecomp Enter - MemInfo: [/proc/self/status]	VmSwap:	       0 kB
20220314 063350.433 INFO             PET1 PIOc_freedecomp Enter - MemInfo: [/proc/self/status]	VmRSSPercent: 0.0282413 %
20220314 063350.433 INFO             PET1 PIOc_freedecomp Enter - MemInfo: [malloc] Non-mmapped space allocated:                 3170304 Byte
20220314 063350.433 INFO             PET1 PIOc_freedecomp Enter - MemInfo: [malloc] Space allocated in mmapped regions:          1581056 Byte
20220314 063350.433 INFO             PET1 PIOc_freedecomp Enter - MemInfo: [malloc] Maximum total allocated space:                     0 Byte
20220314 063350.433 INFO             PET1 PIOc_freedecomp Enter - MemInfo: [malloc] Space in freed fastbin blocks:                  2416 Byte
20220314 063350.433 INFO             PET1 PIOc_freedecomp Enter - MemInfo: [malloc] Total allocated space:                       2700000 Byte
20220314 063350.433 INFO             PET1 PIOc_freedecomp Enter - MemInfo: [malloc] Total free space:                             470304 Byte
20220314 063350.433 INFO             PET1 PIOc_freedecomp Enter - MemInfo: [malloc] Top-most, releasable space:                    36208 Byte
20220314 063350.433 INFO             PET1 PIOc_freedecomp Enter - MemInfo: [malloc] Total space in use, mmap + non-mmap:         4281056 Byte
20220314 063350.433 INFO             PET1 PIOc_freedecomp Enter - MemInfo: [malloc] Total space held (mmap + non-mmap):          4751360 Byte
20220314 063350.433 INFO             PET1 PIOc_freedecomp Enter - MemInfo: [malloc] Total space used (mmap + non-mmap):          4290432 Byte
20220314 063350.433 INFO             PET1 PIOc_freedecomp Enter - MemInfo: Wall-clock time since execution start:              0.0185893 seconds
20220314 063350.433 INFO             PET1 PIOc_freedecomp Exit - MemInfo: [/proc/meminfo - SSI]	MemTotal:       65507008 kB
20220314 063350.433 INFO             PET1 PIOc_freedecomp Exit - MemInfo: [/proc/meminfo - SSI]	MemFree:        49542448 kB
20220314 063350.433 INFO             PET1 PIOc_freedecomp Exit - MemInfo: [/proc/meminfo - SSI]	MemAvailable:   49316068 kB
20220314 063350.433 INFO             PET1 PIOc_freedecomp Exit - MemInfo: [/proc/meminfo - SSI]	Committed_AS:   13092884 kB
20220314 063350.433 INFO             PET1 PIOc_freedecomp Exit - MemInfo: [/proc/meminfo - SSI]	CommittedPercent: 19.987 %
20220314 063350.433 INFO             PET1 PIOc_freedecomp Exit - MemInfo: [/proc/self/status]	VmPeak:	  506624 kB
20220314 063350.433 INFO             PET1 PIOc_freedecomp Exit - MemInfo: [/proc/self/status]	VmSize:	  506624 kB
20220314 063350.433 INFO             PET1 PIOc_freedecomp Exit - MemInfo: [/proc/self/status]	VmLck:	       0 kB
20220314 063350.433 INFO             PET1 PIOc_freedecomp Exit - MemInfo: [/proc/self/status]	VmPin:	       0 kB
20220314 063350.433 INFO             PET1 PIOc_freedecomp Exit - MemInfo: [/proc/self/status]	VmHWM:	   64844 kB
20220314 063350.433 INFO             PET1 PIOc_freedecomp Exit - MemInfo: [/proc/self/status]	VmRSS:	   18504 kB
20220314 063350.433 INFO             PET1 PIOc_freedecomp Exit - MemInfo: [/proc/self/status]	VmData:	   15172 kB
20220314 063350.433 INFO             PET1 PIOc_freedecomp Exit - MemInfo: [/proc/self/status]	VmStk:	     148 kB
20220314 063350.433 INFO             PET1 PIOc_freedecomp Exit - MemInfo: [/proc/self/status]	VmExe:	     216 kB
20220314 063350.433 INFO             PET1 PIOc_freedecomp Exit - MemInfo: [/proc/self/status]	VmLib:	   49272 kB
20220314 063350.433 INFO             PET1 PIOc_freedecomp Exit - MemInfo: [/proc/self/status]	VmPTE:	     732 kB
20220314 063350.433 INFO             PET1 PIOc_freedecomp Exit - MemInfo: [/proc/self/status]	VmPMD:	      12 kB
20220314 063350.433 INFO             PET1 PIOc_freedecomp Exit - MemInfo: [/proc/self/status]	VmSwap:	       0 kB
20220314 063350.433 INFO             PET1 PIOc_freedecomp Exit - MemInfo: [/proc/self/status]	VmRSSPercent: 0.0282474 %
20220314 063350.433 INFO             PET1 PIOc_freedecomp Exit - MemInfo: [malloc] Non-mmapped space allocated:                 3170304 Byte
20220314 063350.433 INFO             PET1 PIOc_freedecomp Exit - MemInfo: [malloc] Space allocated in mmapped regions:          1581056 Byte
20220314 063350.433 INFO             PET1 PIOc_freedecomp Exit - MemInfo: [malloc] Maximum total allocated space:                     0 Byte
20220314 063350.433 INFO             PET1 PIOc_freedecomp Exit - MemInfo: [malloc] Space in freed fastbin blocks:                  3472 Byte
20220314 063350.433 INFO             PET1 PIOc_freedecomp Exit - MemInfo: [malloc] Total allocated space:                       2698032 Byte
20220314 063350.433 INFO             PET1 PIOc_freedecomp Exit - MemInfo: [malloc] Total free space:                             472272 Byte
20220314 063350.433 INFO             PET1 PIOc_freedecomp Exit - MemInfo: [malloc] Top-most, releasable space:                    36208 Byte
20220314 063350.433 INFO             PET1 PIOc_freedecomp Exit - MemInfo: [malloc] Total space in use, mmap + non-mmap:         4279088 Byte
20220314 063350.433 INFO             PET1 PIOc_freedecomp Exit - MemInfo: [malloc] Total space held (mmap + non-mmap):          4751360 Byte
20220314 063350.433 INFO             PET1 PIOc_freedecomp Exit - MemInfo: [malloc] Total space used (mmap + non-mmap):          4288464 Byte
20220314 063350.433 INFO             PET1 PIOc_freedecomp Exit - MemInfo: Wall-clock time since execution start:              0.0188245 seconds
20220314 063350.437 INFO             PET1 PIOc_sync Enter - MemInfo: [/proc/meminfo - SSI]	MemTotal:       65507008 kB
20220314 063350.437 INFO             PET1 PIOc_sync Enter - MemInfo: [/proc/meminfo - SSI]	MemFree:        49535392 kB
20220314 063350.437 INFO             PET1 PIOc_sync Enter - MemInfo: [/proc/meminfo - SSI]	MemAvailable:   49309012 kB
20220314 063350.437 INFO             PET1 PIOc_sync Enter - MemInfo: [/proc/meminfo - SSI]	Committed_AS:   13109296 kB
20220314 063350.437 INFO             PET1 PIOc_sync Enter - MemInfo: [/proc/meminfo - SSI]	CommittedPercent: 20.0121 %
20220314 063350.437 INFO             PET1 PIOc_sync Enter - MemInfo: [/proc/self/status]	VmPeak:	  506624 kB
20220314 063350.437 INFO             PET1 PIOc_sync Enter - MemInfo: [/proc/self/status]	VmSize:	  506624 kB
20220314 063350.437 INFO             PET1 PIOc_sync Enter - MemInfo: [/proc/self/status]	VmLck:	       0 kB
20220314 063350.437 INFO             PET1 PIOc_sync Enter - MemInfo: [/proc/self/status]	VmPin:	       0 kB
20220314 063350.437 INFO             PET1 PIOc_sync Enter - MemInfo: [/proc/self/status]	VmHWM:	   64844 kB
20220314 063350.437 INFO             PET1 PIOc_sync Enter - MemInfo: [/proc/self/status]	VmRSS:	   18528 kB
20220314 063350.437 INFO             PET1 PIOc_sync Enter - MemInfo: [/proc/self/status]	VmData:	   15172 kB
20220314 063350.437 INFO             PET1 PIOc_sync Enter - MemInfo: [/proc/self/status]	VmStk:	     148 kB
20220314 063350.437 INFO             PET1 PIOc_sync Enter - MemInfo: [/proc/self/status]	VmExe:	     216 kB
20220314 063350.437 INFO             PET1 PIOc_sync Enter - MemInfo: [/proc/self/status]	VmLib:	   49272 kB
20220314 063350.437 INFO             PET1 PIOc_sync Enter - MemInfo: [/proc/self/status]	VmPTE:	     732 kB
20220314 063350.437 INFO             PET1 PIOc_sync Enter - MemInfo: [/proc/self/status]	VmPMD:	      12 kB
20220314 063350.437 INFO             PET1 PIOc_sync Enter - MemInfo: [/proc/self/status]	VmSwap:	       0 kB
20220314 063350.437 INFO             PET1 PIOc_sync Enter - MemInfo: [/proc/self/status]	VmRSSPercent: 0.028284 %
20220314 063350.437 INFO             PET1 PIOc_sync Enter - MemInfo: [malloc] Non-mmapped space allocated:                 3170304 Byte
20220314 063350.437 INFO             PET1 PIOc_sync Enter - MemInfo: [malloc] Space allocated in mmapped regions:          1581056 Byte
20220314 063350.437 INFO             PET1 PIOc_sync Enter - MemInfo: [malloc] Maximum total allocated space:                     0 Byte
20220314 063350.437 INFO             PET1 PIOc_sync Enter - MemInfo: [malloc] Space in freed fastbin blocks:                  1376 Byte
20220314 063350.437 INFO             PET1 PIOc_sync Enter - MemInfo: [malloc] Total allocated space:                       2759408 Byte
20220314 063350.437 INFO             PET1 PIOc_sync Enter - MemInfo: [malloc] Total free space:                             410896 Byte
20220314 063350.437 INFO             PET1 PIOc_sync Enter - MemInfo: [malloc] Top-most, releasable space:                    36208 Byte
20220314 063350.437 INFO             PET1 PIOc_sync Enter - MemInfo: [malloc] Total space in use, mmap + non-mmap:         4340464 Byte
20220314 063350.437 INFO             PET1 PIOc_sync Enter - MemInfo: [malloc] Total space held (mmap + non-mmap):          4751360 Byte
20220314 063350.437 INFO             PET1 PIOc_sync Enter - MemInfo: [malloc] Total space used (mmap + non-mmap):          4349856 Byte
20220314 063350.437 INFO             PET1 PIOc_sync Enter - MemInfo: Wall-clock time since execution start:              0.0234357 seconds
20220314 063350.438 INFO             PET1 PIOc_sync Exit - MemInfo: [/proc/meminfo - SSI]	MemTotal:       65507008 kB
20220314 063350.438 INFO             PET1 PIOc_sync Exit - MemInfo: [/proc/meminfo - SSI]	MemFree:        49535392 kB
20220314 063350.438 INFO             PET1 PIOc_sync Exit - MemInfo: [/proc/meminfo - SSI]	MemAvailable:   49309012 kB
20220314 063350.438 INFO             PET1 PIOc_sync Exit - MemInfo: [/proc/meminfo - SSI]	Committed_AS:   13109296 kB
20220314 063350.438 INFO             PET1 PIOc_sync Exit - MemInfo: [/proc/meminfo - SSI]	CommittedPercent: 20.0121 %
20220314 063350.438 INFO             PET1 PIOc_sync Exit - MemInfo: [/proc/self/status]	VmPeak:	  506624 kB
20220314 063350.438 INFO             PET1 PIOc_sync Exit - MemInfo: [/proc/self/status]	VmSize:	  506624 kB
20220314 063350.438 INFO             PET1 PIOc_sync Exit - MemInfo: [/proc/self/status]	VmLck:	       0 kB
20220314 063350.438 INFO             PET1 PIOc_sync Exit - MemInfo: [/proc/self/status]	VmPin:	       0 kB
20220314 063350.438 INFO             PET1 PIOc_sync Exit - MemInfo: [/proc/self/status]	VmHWM:	   64844 kB
20220314 063350.438 INFO             PET1 PIOc_sync Exit - MemInfo: [/proc/self/status]	VmRSS:	   18532 kB
20220314 063350.438 INFO             PET1 PIOc_sync Exit - MemInfo: [/proc/self/status]	VmData:	   15172 kB
20220314 063350.438 INFO             PET1 PIOc_sync Exit - MemInfo: [/proc/self/status]	VmStk:	     148 kB
20220314 063350.438 INFO             PET1 PIOc_sync Exit - MemInfo: [/proc/self/status]	VmExe:	     216 kB
20220314 063350.438 INFO             PET1 PIOc_sync Exit - MemInfo: [/proc/self/status]	VmLib:	   49272 kB
20220314 063350.438 INFO             PET1 PIOc_sync Exit - MemInfo: [/proc/self/status]	VmPTE:	     732 kB
20220314 063350.438 INFO             PET1 PIOc_sync Exit - MemInfo: [/proc/self/status]	VmPMD:	      12 kB
20220314 063350.438 INFO             PET1 PIOc_sync Exit - MemInfo: [/proc/self/status]	VmSwap:	       0 kB
20220314 063350.438 INFO             PET1 PIOc_sync Exit - MemInfo: [/proc/self/status]	VmRSSPercent: 0.0282901 %
20220314 063350.438 INFO             PET1 PIOc_sync Exit - MemInfo: [malloc] Non-mmapped space allocated:                 3170304 Byte
20220314 063350.438 INFO             PET1 PIOc_sync Exit - MemInfo: [malloc] Space allocated in mmapped regions:          1581056 Byte
20220314 063350.438 INFO             PET1 PIOc_sync Exit - MemInfo: [malloc] Maximum total allocated space:                     0 Byte
20220314 063350.438 INFO             PET1 PIOc_sync Exit - MemInfo: [malloc] Space in freed fastbin blocks:                  2704 Byte
20220314 063350.438 INFO             PET1 PIOc_sync Exit - MemInfo: [malloc] Total allocated space:                       2759328 Byte
20220314 063350.438 INFO             PET1 PIOc_sync Exit - MemInfo: [malloc] Total free space:                             410976 Byte
20220314 063350.438 INFO             PET1 PIOc_sync Exit - MemInfo: [malloc] Top-most, releasable space:                    36208 Byte
20220314 063350.438 INFO             PET1 PIOc_sync Exit - MemInfo: [malloc] Total space in use, mmap + non-mmap:         4340384 Byte
20220314 063350.438 INFO             PET1 PIOc_sync Exit - MemInfo: [malloc] Total space held (mmap + non-mmap):          4751360 Byte
20220314 063350.438 INFO             PET1 PIOc_sync Exit - MemInfo: [malloc] Total space used (mmap + non-mmap):          4349776 Byte
20220314 063350.438 INFO             PET1 PIOc_sync Exit - MemInfo: Wall-clock time since execution start:              0.0237191 seconds
20220314 063350.438 INFO             PET1 PIOc_freedecomp Enter - MemInfo: [/proc/meminfo - SSI]	MemTotal:       65507008 kB
20220314 063350.438 INFO             PET1 PIOc_freedecomp Enter - MemInfo: [/proc/meminfo - SSI]	MemFree:        49535392 kB
20220314 063350.438 INFO             PET1 PIOc_freedecomp Enter - MemInfo: [/proc/meminfo - SSI]	MemAvailable:   49309012 kB
20220314 063350.438 INFO             PET1 PIOc_freedecomp Enter - MemInfo: [/proc/meminfo - SSI]	Committed_AS:   13109296 kB
20220314 063350.438 INFO             PET1 PIOc_freedecomp Enter - MemInfo: [/proc/meminfo - SSI]	CommittedPercent: 20.0121 %
20220314 063350.438 INFO             PET1 PIOc_freedecomp Enter - MemInfo: [/proc/self/status]	VmPeak:	  506624 kB
20220314 063350.438 INFO             PET1 PIOc_freedecomp Enter - MemInfo: [/proc/self/status]	VmSize:	  506624 kB
20220314 063350.438 INFO             PET1 PIOc_freedecomp Enter - MemInfo: [/proc/self/status]	VmLck:	       0 kB
20220314 063350.438 INFO             PET1 PIOc_freedecomp Enter - MemInfo: [/proc/self/status]	VmPin:	       0 kB
20220314 063350.438 INFO             PET1 PIOc_freedecomp Enter - MemInfo: [/proc/self/status]	VmHWM:	   64844 kB
20220314 063350.438 INFO             PET1 PIOc_freedecomp Enter - MemInfo: [/proc/self/status]	VmRSS:	   18532 kB
20220314 063350.438 INFO             PET1 PIOc_freedecomp Enter - MemInfo: [/proc/self/status]	VmData:	   15172 kB
20220314 063350.438 INFO             PET1 PIOc_freedecomp Enter - MemInfo: [/proc/self/status]	VmStk:	     148 kB
20220314 063350.438 INFO             PET1 PIOc_freedecomp Enter - MemInfo: [/proc/self/status]	VmExe:	     216 kB
20220314 063350.438 INFO             PET1 PIOc_freedecomp Enter - MemInfo: [/proc/self/status]	VmLib:	   49272 kB
20220314 063350.438 INFO             PET1 PIOc_freedecomp Enter - MemInfo: [/proc/self/status]	VmPTE:	     732 kB
20220314 063350.438 INFO             PET1 PIOc_freedecomp Enter - MemInfo: [/proc/self/status]	VmPMD:	      12 kB
20220314 063350.438 INFO             PET1 PIOc_freedecomp Enter - MemInfo: [/proc/self/status]	VmSwap:	       0 kB
20220314 063350.438 INFO             PET1 PIOc_freedecomp Enter - MemInfo: [/proc/self/status]	VmRSSPercent: 0.0282901 %
20220314 063350.438 INFO             PET1 PIOc_freedecomp Enter - MemInfo: [malloc] Non-mmapped space allocated:                 3170304 Byte
20220314 063350.438 INFO             PET1 PIOc_freedecomp Enter - MemInfo: [malloc] Space allocated in mmapped regions:          1581056 Byte
20220314 063350.438 INFO             PET1 PIOc_freedecomp Enter - MemInfo: [malloc] Maximum total allocated space:                     0 Byte
20220314 063350.438 INFO             PET1 PIOc_freedecomp Enter - MemInfo: [malloc] Space in freed fastbin blocks:                  2944 Byte
20220314 063350.438 INFO             PET1 PIOc_freedecomp Enter - MemInfo: [malloc] Total allocated space:                       2757552 Byte
20220314 063350.438 INFO             PET1 PIOc_freedecomp Enter - MemInfo: [malloc] Total free space:                             412752 Byte
20220314 063350.438 INFO             PET1 PIOc_freedecomp Enter - MemInfo: [malloc] Top-most, releasable space:                    36208 Byte
20220314 063350.438 INFO             PET1 PIOc_freedecomp Enter - MemInfo: [malloc] Total space in use, mmap + non-mmap:         4338608 Byte
20220314 063350.438 INFO             PET1 PIOc_freedecomp Enter - MemInfo: [malloc] Total space held (mmap + non-mmap):          4751360 Byte
20220314 063350.438 INFO             PET1 PIOc_freedecomp Enter - MemInfo: [malloc] Total space used (mmap + non-mmap):          4347984 Byte
20220314 063350.438 INFO             PET1 PIOc_freedecomp Enter - MemInfo: Wall-clock time since execution start:              0.0239658 seconds
20220314 063350.438 INFO             PET1 PIOc_freedecomp Exit - MemInfo: [/proc/meminfo - SSI]	MemTotal:       65507008 kB
20220314 063350.438 INFO             PET1 PIOc_freedecomp Exit - MemInfo: [/proc/meminfo - SSI]	MemFree:        49535392 kB
20220314 063350.438 INFO             PET1 PIOc_freedecomp Exit - MemInfo: [/proc/meminfo - SSI]	MemAvailable:   49309012 kB
20220314 063350.438 INFO             PET1 PIOc_freedecomp Exit - MemInfo: [/proc/meminfo - SSI]	Committed_AS:   13109296 kB
20220314 063350.438 INFO             PET1 PIOc_freedecomp Exit - MemInfo: [/proc/meminfo - SSI]	CommittedPercent: 20.0121 %
20220314 063350.438 INFO             PET1 PIOc_freedecomp Exit - MemInfo: [/proc/self/status]	VmPeak:	  506624 kB
20220314 063350.438 INFO             PET1 PIOc_freedecomp Exit - MemInfo: [/proc/self/status]	VmSize:	  506624 kB
20220314 063350.438 INFO             PET1 PIOc_freedecomp Exit - MemInfo: [/proc/self/status]	VmLck:	       0 kB
20220314 063350.438 INFO             PET1 PIOc_freedecomp Exit - MemInfo: [/proc/self/status]	VmPin:	       0 kB
20220314 063350.438 INFO             PET1 PIOc_freedecomp Exit - MemInfo: [/proc/self/status]	VmHWM:	   64844 kB
20220314 063350.438 INFO             PET1 PIOc_freedecomp Exit - MemInfo: [/proc/self/status]	VmRSS:	   18532 kB
20220314 063350.438 INFO             PET1 PIOc_freedecomp Exit - MemInfo: [/proc/self/status]	VmData:	   15172 kB
20220314 063350.438 INFO             PET1 PIOc_freedecomp Exit - MemInfo: [/proc/self/status]	VmStk:	     148 kB
20220314 063350.438 INFO             PET1 PIOc_freedecomp Exit - MemInfo: [/proc/self/status]	VmExe:	     216 kB
20220314 063350.438 INFO             PET1 PIOc_freedecomp Exit - MemInfo: [/proc/self/status]	VmLib:	   49272 kB
20220314 063350.438 INFO             PET1 PIOc_freedecomp Exit - MemInfo: [/proc/self/status]	VmPTE:	     732 kB
20220314 063350.438 INFO             PET1 PIOc_freedecomp Exit - MemInfo: [/proc/self/status]	VmPMD:	      12 kB
20220314 063350.438 INFO             PET1 PIOc_freedecomp Exit - MemInfo: [/proc/self/status]	VmSwap:	       0 kB
20220314 063350.438 INFO             PET1 PIOc_freedecomp Exit - MemInfo: [/proc/self/status]	VmRSSPercent: 0.0282901 %
20220314 063350.438 INFO             PET1 PIOc_freedecomp Exit - MemInfo: [malloc] Non-mmapped space allocated:                 3170304 Byte
20220314 063350.438 INFO             PET1 PIOc_freedecomp Exit - MemInfo: [malloc] Space allocated in mmapped regions:          1581056 Byte
20220314 063350.438 INFO             PET1 PIOc_freedecomp Exit - MemInfo: [malloc] Maximum total allocated space:                     0 Byte
20220314 063350.438 INFO             PET1 PIOc_freedecomp Exit - MemInfo: [malloc] Space in freed fastbin blocks:                  3408 Byte
20220314 063350.438 INFO             PET1 PIOc_freedecomp Exit - MemInfo: [malloc] Total allocated space:                       2755584 Byte
20220314 063350.438 INFO             PET1 PIOc_freedecomp Exit - MemInfo: [malloc] Total free space:                             414720 Byte
20220314 063350.438 INFO             PET1 PIOc_freedecomp Exit - MemInfo: [malloc] Top-most, releasable space:                    36208 Byte
20220314 063350.438 INFO             PET1 PIOc_freedecomp Exit - MemInfo: [malloc] Total space in use, mmap + non-mmap:         4336640 Byte
20220314 063350.438 INFO             PET1 PIOc_freedecomp Exit - MemInfo: [malloc] Total space held (mmap + non-mmap):          4751360 Byte
20220314 063350.438 INFO             PET1 PIOc_freedecomp Exit - MemInfo: [malloc] Total space used (mmap + non-mmap):          4346016 Byte
20220314 063350.438 INFO             PET1 PIOc_freedecomp Exit - MemInfo: Wall-clock time since execution start:              0.0241926 seconds
20220314 063350.439 INFO             PET1 PIOc_sync Enter - MemInfo: [/proc/meminfo - SSI]	MemTotal:       65507008 kB
20220314 063350.439 INFO             PET1 PIOc_sync Enter - MemInfo: [/proc/meminfo - SSI]	MemFree:        49534888 kB
20220314 063350.439 INFO             PET1 PIOc_sync Enter - MemInfo: [/proc/meminfo - SSI]	MemAvailable:   49308508 kB
20220314 063350.439 INFO             PET1 PIOc_sync Enter - MemInfo: [/proc/meminfo - SSI]	Committed_AS:   13109296 kB
20220314 063350.439 INFO             PET1 PIOc_sync Enter - MemInfo: [/proc/meminfo - SSI]	CommittedPercent: 20.0121 %
20220314 063350.439 INFO             PET1 PIOc_sync Enter - MemInfo: [/proc/self/status]	VmPeak:	  506624 kB
20220314 063350.439 INFO             PET1 PIOc_sync Enter - MemInfo: [/proc/self/status]	VmSize:	  506624 kB
20220314 063350.439 INFO             PET1 PIOc_sync Enter - MemInfo: [/proc/self/status]	VmLck:	       0 kB
20220314 063350.439 INFO             PET1 PIOc_sync Enter - MemInfo: [/proc/self/status]	VmPin:	       0 kB
20220314 063350.439 INFO             PET1 PIOc_sync Enter - MemInfo: [/proc/self/status]	VmHWM:	   64844 kB
20220314 063350.439 INFO             PET1 PIOc_sync Enter - MemInfo: [/proc/self/status]	VmRSS:	   18532 kB
20220314 063350.439 INFO             PET1 PIOc_sync Enter - MemInfo: [/proc/self/status]	VmData:	   15172 kB
20220314 063350.439 INFO             PET1 PIOc_sync Enter - MemInfo: [/proc/self/status]	VmStk:	     148 kB
20220314 063350.439 INFO             PET1 PIOc_sync Enter - MemInfo: [/proc/self/status]	VmExe:	     216 kB
20220314 063350.439 INFO             PET1 PIOc_sync Enter - MemInfo: [/proc/self/status]	VmLib:	   49272 kB
20220314 063350.439 INFO             PET1 PIOc_sync Enter - MemInfo: [/proc/self/status]	VmPTE:	     732 kB
20220314 063350.439 INFO             PET1 PIOc_sync Enter - MemInfo: [/proc/self/status]	VmPMD:	      12 kB
20220314 063350.439 INFO             PET1 PIOc_sync Enter - MemInfo: [/proc/self/status]	VmSwap:	       0 kB
20220314 063350.439 INFO             PET1 PIOc_sync Enter - MemInfo: [/proc/self/status]	VmRSSPercent: 0.0282901 %
20220314 063350.439 INFO             PET1 PIOc_sync Enter - MemInfo: [malloc] Non-mmapped space allocated:                 3170304 Byte
20220314 063350.439 INFO             PET1 PIOc_sync Enter - MemInfo: [malloc] Space allocated in mmapped regions:          1581056 Byte
20220314 063350.439 INFO             PET1 PIOc_sync Enter - MemInfo: [malloc] Maximum total allocated space:                     0 Byte
20220314 063350.439 INFO             PET1 PIOc_sync Enter - MemInfo: [malloc] Space in freed fastbin blocks:                  1200 Byte
20220314 063350.439 INFO             PET1 PIOc_sync Enter - MemInfo: [malloc] Total allocated space:                       2759552 Byte
20220314 063350.439 INFO             PET1 PIOc_sync Enter - MemInfo: [malloc] Total free space:                             410752 Byte
20220314 063350.439 INFO             PET1 PIOc_sync Enter - MemInfo: [malloc] Top-most, releasable space:                    36208 Byte
20220314 063350.439 INFO             PET1 PIOc_sync Enter - MemInfo: [malloc] Total space in use, mmap + non-mmap:         4340608 Byte
20220314 063350.439 INFO             PET1 PIOc_sync Enter - MemInfo: [malloc] Total space held (mmap + non-mmap):          4751360 Byte
20220314 063350.439 INFO             PET1 PIOc_sync Enter - MemInfo: [malloc] Total space used (mmap + non-mmap):          4350000 Byte
20220314 063350.439 INFO             PET1 PIOc_sync Enter - MemInfo: Wall-clock time since execution start:              0.0253789 seconds
20220314 063350.440 INFO             PET1 PIOc_sync Exit - MemInfo: [/proc/meminfo - SSI]	MemTotal:       65507008 kB
20220314 063350.440 INFO             PET1 PIOc_sync Exit - MemInfo: [/proc/meminfo - SSI]	MemFree:        49534888 kB
20220314 063350.440 INFO             PET1 PIOc_sync Exit - MemInfo: [/proc/meminfo - SSI]	MemAvailable:   49308508 kB
20220314 063350.440 INFO             PET1 PIOc_sync Exit - MemInfo: [/proc/meminfo - SSI]	Committed_AS:   13109296 kB
20220314 063350.440 INFO             PET1 PIOc_sync Exit - MemInfo: [/proc/meminfo - SSI]	CommittedPercent: 20.0121 %
20220314 063350.440 INFO             PET1 PIOc_sync Exit - MemInfo: [/proc/self/status]	VmPeak:	  506624 kB
20220314 063350.440 INFO             PET1 PIOc_sync Exit - MemInfo: [/proc/self/status]	VmSize:	  506624 kB
20220314 063350.440 INFO             PET1 PIOc_sync Exit - MemInfo: [/proc/self/status]	VmLck:	       0 kB
20220314 063350.440 INFO             PET1 PIOc_sync Exit - MemInfo: [/proc/self/status]	VmPin:	       0 kB
20220314 063350.440 INFO             PET1 PIOc_sync Exit - MemInfo: [/proc/self/status]	VmHWM:	   64844 kB
20220314 063350.440 INFO             PET1 PIOc_sync Exit - MemInfo: [/proc/self/status]	VmRSS:	   18532 kB
20220314 063350.440 INFO             PET1 PIOc_sync Exit - MemInfo: [/proc/self/status]	VmData:	   15172 kB
20220314 063350.440 INFO             PET1 PIOc_sync Exit - MemInfo: [/proc/self/status]	VmStk:	     148 kB
20220314 063350.440 INFO             PET1 PIOc_sync Exit - MemInfo: [/proc/self/status]	VmExe:	     216 kB
20220314 063350.440 INFO             PET1 PIOc_sync Exit - MemInfo: [/proc/self/status]	VmLib:	   49272 kB
20220314 063350.440 INFO             PET1 PIOc_sync Exit - MemInfo: [/proc/self/status]	VmPTE:	     732 kB
20220314 063350.440 INFO             PET1 PIOc_sync Exit - MemInfo: [/proc/self/status]	VmPMD:	      12 kB
20220314 063350.440 INFO             PET1 PIOc_sync Exit - MemInfo: [/proc/self/status]	VmSwap:	       0 kB
20220314 063350.440 INFO             PET1 PIOc_sync Exit - MemInfo: [/proc/self/status]	VmRSSPercent: 0.0282901 %
20220314 063350.440 INFO             PET1 PIOc_sync Exit - MemInfo: [malloc] Non-mmapped space allocated:                 3170304 Byte
20220314 063350.440 INFO             PET1 PIOc_sync Exit - MemInfo: [malloc] Space allocated in mmapped regions:          1581056 Byte
20220314 063350.440 INFO             PET1 PIOc_sync Exit - MemInfo: [malloc] Maximum total allocated space:                     0 Byte
20220314 063350.440 INFO             PET1 PIOc_sync Exit - MemInfo: [malloc] Space in freed fastbin blocks:                  2816 Byte
20220314 063350.440 INFO             PET1 PIOc_sync Exit - MemInfo: [malloc] Total allocated space:                       2759472 Byte
20220314 063350.440 INFO             PET1 PIOc_sync Exit - MemInfo: [malloc] Total free space:                             410832 Byte
20220314 063350.440 INFO             PET1 PIOc_sync Exit - MemInfo: [malloc] Top-most, releasable space:                    36208 Byte
20220314 063350.440 INFO             PET1 PIOc_sync Exit - MemInfo: [malloc] Total space in use, mmap + non-mmap:         4340528 Byte
20220314 063350.440 INFO             PET1 PIOc_sync Exit - MemInfo: [malloc] Total space held (mmap + non-mmap):          4751360 Byte
20220314 063350.440 INFO             PET1 PIOc_sync Exit - MemInfo: [malloc] Total space used (mmap + non-mmap):          4349920 Byte
20220314 063350.440 INFO             PET1 PIOc_sync Exit - MemInfo: Wall-clock time since execution start:              0.0256552 seconds
20220314 063350.440 INFO             PET1 PIOc_freedecomp Enter - MemInfo: [/proc/meminfo - SSI]	MemTotal:       65507008 kB
20220314 063350.440 INFO             PET1 PIOc_freedecomp Enter - MemInfo: [/proc/meminfo - SSI]	MemFree:        49534888 kB
20220314 063350.440 INFO             PET1 PIOc_freedecomp Enter - MemInfo: [/proc/meminfo - SSI]	MemAvailable:   49308508 kB
20220314 063350.440 INFO             PET1 PIOc_freedecomp Enter - MemInfo: [/proc/meminfo - SSI]	Committed_AS:   13109296 kB
20220314 063350.440 INFO             PET1 PIOc_freedecomp Enter - MemInfo: [/proc/meminfo - SSI]	CommittedPercent: 20.0121 %
20220314 063350.440 INFO             PET1 PIOc_freedecomp Enter - MemInfo: [/proc/self/status]	VmPeak:	  506624 kB
20220314 063350.440 INFO             PET1 PIOc_freedecomp Enter - MemInfo: [/proc/self/status]	VmSize:	  506624 kB
