build time -- 2022-03-12 06:04:12.566204
20220312 063314.981 INFO             PET0 !!!!!!!!!!!!!!!!!!!!!!!!!!!!!!!!!!!!!!!!!!!!!!!!!!!!!!
20220312 063314.981 INFO             PET0 !!! THE ESMF_LOG IS SET TO OUTPUT ALL LOG MESSAGES !!!
20220312 063314.981 INFO             PET0 !!!     THIS MAY CAUSE SLOWDOWN IN PERFORMANCE     !!!
20220312 063314.981 INFO             PET0 !!! FOR PRODUCTION RUNS, USE:                      !!!
20220312 063314.981 INFO             PET0 !!!                   ESMF_LOGKIND_Multi_On_Error  !!!
20220312 063314.981 INFO             PET0 !!!!!!!!!!!!!!!!!!!!!!!!!!!!!!!!!!!!!!!!!!!!!!!!!!!!!!
20220312 063314.981 INFO             PET0 Running with ESMF Version   : v8.3.0b09-96-g559b459836
20220312 063314.981 INFO             PET0 ESMF library build date/time: "Mar 12 2022" "06:02:09"
20220312 063314.981 INFO             PET0 ESMF library build location : /glade/scratch/rlong/esmf-testing/gfortran_10.1.0_openmpi_O_jedwards_pio_update2
20220312 063314.981 INFO             PET0 ESMF_COMM                   : openmpi
20220312 063314.981 INFO             PET0 ESMF_MOAB                   : enabled
20220312 063314.981 INFO             PET0 ESMF_LAPACK                 : enabled
20220312 063314.981 INFO             PET0 ESMF_NETCDF                 : enabled
20220312 063314.981 INFO             PET0 ESMF_PNETCDF                : disabled
20220312 063314.981 INFO             PET0 ESMF_PIO                    : enabled
20220312 063314.981 INFO             PET0 ESMF_YAMLCPP                : enabled
20220312 063314.995 INFO             PET0 PIOc_sync Enter - MemInfo: [/proc/meminfo - SSI]	MemTotal:       65507008 kB
20220312 063314.995 INFO             PET0 PIOc_sync Enter - MemInfo: [/proc/meminfo - SSI]	MemFree:        49636652 kB
20220312 063314.995 INFO             PET0 PIOc_sync Enter - MemInfo: [/proc/meminfo - SSI]	MemAvailable:   49409860 kB
20220312 063314.995 INFO             PET0 PIOc_sync Enter - MemInfo: [/proc/meminfo - SSI]	Committed_AS:   12977172 kB
20220312 063314.995 INFO             PET0 PIOc_sync Enter - MemInfo: [/proc/meminfo - SSI]	CommittedPercent: 19.8104 %
20220312 063314.995 INFO             PET0 PIOc_sync Enter - MemInfo: [/proc/self/status]	VmPeak:	  524380 kB
20220312 063314.995 INFO             PET0 PIOc_sync Enter - MemInfo: [/proc/self/status]	VmSize:	  524380 kB
20220312 063314.995 INFO             PET0 PIOc_sync Enter - MemInfo: [/proc/self/status]	VmLck:	       0 kB
20220312 063314.995 INFO             PET0 PIOc_sync Enter - MemInfo: [/proc/self/status]	VmPin:	       0 kB
20220312 063314.995 INFO             PET0 PIOc_sync Enter - MemInfo: [/proc/self/status]	VmHWM:	   64840 kB
20220312 063314.995 INFO             PET0 PIOc_sync Enter - MemInfo: [/proc/self/status]	VmRSS:	   36256 kB
20220312 063314.995 INFO             PET0 PIOc_sync Enter - MemInfo: [/proc/self/status]	VmData:	   32404 kB
20220312 063314.995 INFO             PET0 PIOc_sync Enter - MemInfo: [/proc/self/status]	VmStk:	     148 kB
20220312 063314.995 INFO             PET0 PIOc_sync Enter - MemInfo: [/proc/self/status]	VmExe:	     216 kB
20220312 063314.995 INFO             PET0 PIOc_sync Enter - MemInfo: [/proc/self/status]	VmLib:	   49272 kB
20220312 063314.995 INFO             PET0 PIOc_sync Enter - MemInfo: [/proc/self/status]	VmPTE:	     764 kB
20220312 063314.995 INFO             PET0 PIOc_sync Enter - MemInfo: [/proc/self/status]	VmPMD:	      16 kB
20220312 063314.995 INFO             PET0 PIOc_sync Enter - MemInfo: [/proc/self/status]	VmSwap:	       0 kB
20220312 063314.995 INFO             PET0 PIOc_sync Enter - MemInfo: [/proc/self/status]	VmRSSPercent: 0.0553468 %
20220312 063314.995 INFO             PET0 PIOc_sync Enter - MemInfo: [malloc] Non-mmapped space allocated:                 3506176 Byte
20220312 063314.995 INFO             PET0 PIOc_sync Enter - MemInfo: [malloc] Space allocated in mmapped regions:         18890752 Byte
20220312 063314.995 INFO             PET0 PIOc_sync Enter - MemInfo: [malloc] Maximum total allocated space:                     0 Byte
20220312 063314.995 INFO             PET0 PIOc_sync Enter - MemInfo: [malloc] Space in freed fastbin blocks:                  1808 Byte
20220312 063314.995 INFO             PET0 PIOc_sync Enter - MemInfo: [malloc] Total allocated space:                       3062528 Byte
20220312 063314.995 INFO             PET0 PIOc_sync Enter - MemInfo: [malloc] Total free space:                             443648 Byte
20220312 063314.995 INFO             PET0 PIOc_sync Enter - MemInfo: [malloc] Top-most, releasable space:                   243792 Byte
20220312 063314.995 INFO             PET0 PIOc_sync Enter - MemInfo: [malloc] Total space in use, mmap + non-mmap:        21953280 Byte
20220312 063314.995 INFO             PET0 PIOc_sync Enter - MemInfo: [malloc] Total space held (mmap + non-mmap):         22396928 Byte
20220312 063314.995 INFO             PET0 PIOc_sync Enter - MemInfo: [malloc] Total space used (mmap + non-mmap):         21962672 Byte
20220312 063314.995 INFO             PET0 PIOc_sync Enter - MemInfo: Wall-clock time since execution start:              0.0154836 seconds
20220312 063314.998 INFO             PET0 PIOc_sync Exit - MemInfo: [/proc/meminfo - SSI]	MemTotal:       65507008 kB
20220312 063314.998 INFO             PET0 PIOc_sync Exit - MemInfo: [/proc/meminfo - SSI]	MemFree:        49636652 kB
20220312 063314.998 INFO             PET0 PIOc_sync Exit - MemInfo: [/proc/meminfo - SSI]	MemAvailable:   49409860 kB
20220312 063314.998 INFO             PET0 PIOc_sync Exit - MemInfo: [/proc/meminfo - SSI]	Committed_AS:   12977172 kB
20220312 063314.998 INFO             PET0 PIOc_sync Exit - MemInfo: [/proc/meminfo - SSI]	CommittedPercent: 19.8104 %
20220312 063314.998 INFO             PET0 PIOc_sync Exit - MemInfo: [/proc/self/status]	VmPeak:	  524380 kB
20220312 063314.998 INFO             PET0 PIOc_sync Exit - MemInfo: [/proc/self/status]	VmSize:	  524380 kB
20220312 063314.998 INFO             PET0 PIOc_sync Exit - MemInfo: [/proc/self/status]	VmLck:	       0 kB
20220312 063314.998 INFO             PET0 PIOc_sync Exit - MemInfo: [/proc/self/status]	VmPin:	       0 kB
20220312 063314.998 INFO             PET0 PIOc_sync Exit - MemInfo: [/proc/self/status]	VmHWM:	   64840 kB
20220312 063314.998 INFO             PET0 PIOc_sync Exit - MemInfo: [/proc/self/status]	VmRSS:	   36356 kB
20220312 063314.998 INFO             PET0 PIOc_sync Exit - MemInfo: [/proc/self/status]	VmData:	   32404 kB
20220312 063314.998 INFO             PET0 PIOc_sync Exit - MemInfo: [/proc/self/status]	VmStk:	     148 kB
20220312 063314.998 INFO             PET0 PIOc_sync Exit - MemInfo: [/proc/self/status]	VmExe:	     216 kB
20220312 063314.998 INFO             PET0 PIOc_sync Exit - MemInfo: [/proc/self/status]	VmLib:	   49272 kB
20220312 063314.998 INFO             PET0 PIOc_sync Exit - MemInfo: [/proc/self/status]	VmPTE:	     764 kB
20220312 063314.998 INFO             PET0 PIOc_sync Exit - MemInfo: [/proc/self/status]	VmPMD:	      16 kB
20220312 063314.998 INFO             PET0 PIOc_sync Exit - MemInfo: [/proc/self/status]	VmSwap:	       0 kB
20220312 063314.998 INFO             PET0 PIOc_sync Exit - MemInfo: [/proc/self/status]	VmRSSPercent: 0.0554994 %
20220312 063314.998 INFO             PET0 PIOc_sync Exit - MemInfo: [malloc] Non-mmapped space allocated:                 3506176 Byte
20220312 063314.998 INFO             PET0 PIOc_sync Exit - MemInfo: [malloc] Space allocated in mmapped regions:         18890752 Byte
20220312 063314.998 INFO             PET0 PIOc_sync Exit - MemInfo: [malloc] Maximum total allocated space:                     0 Byte
20220312 063314.998 INFO             PET0 PIOc_sync Exit - MemInfo: [malloc] Space in freed fastbin blocks:                  1952 Byte
20220312 063314.998 INFO             PET0 PIOc_sync Exit - MemInfo: [malloc] Total allocated space:                       3067280 Byte
20220312 063314.998 INFO             PET0 PIOc_sync Exit - MemInfo: [malloc] Total free space:                             438896 Byte
20220312 063314.998 INFO             PET0 PIOc_sync Exit - MemInfo: [malloc] Top-most, releasable space:                   234816 Byte
20220312 063314.998 INFO             PET0 PIOc_sync Exit - MemInfo: [malloc] Total space in use, mmap + non-mmap:        21958032 Byte
20220312 063314.998 INFO             PET0 PIOc_sync Exit - MemInfo: [malloc] Total space held (mmap + non-mmap):         22396928 Byte
20220312 063314.998 INFO             PET0 PIOc_sync Exit - MemInfo: [malloc] Total space used (mmap + non-mmap):         21967424 Byte
20220312 063314.998 INFO             PET0 PIOc_sync Exit - MemInfo: Wall-clock time since execution start:              0.0182577 seconds
20220312 063314.999 INFO             PET0 PIOc_freedecomp Enter - MemInfo: [/proc/meminfo - SSI]	MemTotal:       65507008 kB
20220312 063314.999 INFO             PET0 PIOc_freedecomp Enter - MemInfo: [/proc/meminfo - SSI]	MemFree:        49651772 kB
20220312 063314.999 INFO             PET0 PIOc_freedecomp Enter - MemInfo: [/proc/meminfo - SSI]	MemAvailable:   49424980 kB
20220312 063314.999 INFO             PET0 PIOc_freedecomp Enter - MemInfo: [/proc/meminfo - SSI]	Committed_AS:   12960784 kB
20220312 063314.999 INFO             PET0 PIOc_freedecomp Enter - MemInfo: [/proc/meminfo - SSI]	CommittedPercent: 19.7853 %
20220312 063314.999 INFO             PET0 PIOc_freedecomp Enter - MemInfo: [/proc/self/status]	VmPeak:	  524380 kB
20220312 063314.999 INFO             PET0 PIOc_freedecomp Enter - MemInfo: [/proc/self/status]	VmSize:	  507476 kB
20220312 063314.999 INFO             PET0 PIOc_freedecomp Enter - MemInfo: [/proc/self/status]	VmLck:	       0 kB
20220312 063314.999 INFO             PET0 PIOc_freedecomp Enter - MemInfo: [/proc/self/status]	VmPin:	       0 kB
20220312 063314.999 INFO             PET0 PIOc_freedecomp Enter - MemInfo: [/proc/self/status]	VmHWM:	   64840 kB
20220312 063314.999 INFO             PET0 PIOc_freedecomp Enter - MemInfo: [/proc/self/status]	VmRSS:	   19972 kB
20220312 063314.999 INFO             PET0 PIOc_freedecomp Enter - MemInfo: [/proc/self/status]	VmData:	   15500 kB
20220312 063314.999 INFO             PET0 PIOc_freedecomp Enter - MemInfo: [/proc/self/status]	VmStk:	     148 kB
20220312 063314.999 INFO             PET0 PIOc_freedecomp Enter - MemInfo: [/proc/self/status]	VmExe:	     216 kB
20220312 063314.999 INFO             PET0 PIOc_freedecomp Enter - MemInfo: [/proc/self/status]	VmLib:	   49272 kB
20220312 063314.999 INFO             PET0 PIOc_freedecomp Enter - MemInfo: [/proc/self/status]	VmPTE:	     732 kB
20220312 063314.999 INFO             PET0 PIOc_freedecomp Enter - MemInfo: [/proc/self/status]	VmPMD:	      16 kB
20220312 063314.999 INFO             PET0 PIOc_freedecomp Enter - MemInfo: [/proc/self/status]	VmSwap:	       0 kB
20220312 063314.999 INFO             PET0 PIOc_freedecomp Enter - MemInfo: [/proc/self/status]	VmRSSPercent: 0.0304883 %
20220312 063314.999 INFO             PET0 PIOc_freedecomp Enter - MemInfo: [malloc] Non-mmapped space allocated:                 3506176 Byte
20220312 063314.999 INFO             PET0 PIOc_freedecomp Enter - MemInfo: [malloc] Space allocated in mmapped regions:          1581056 Byte
20220312 063314.999 INFO             PET0 PIOc_freedecomp Enter - MemInfo: [malloc] Maximum total allocated space:                     0 Byte
20220312 063314.999 INFO             PET0 PIOc_freedecomp Enter - MemInfo: [malloc] Space in freed fastbin blocks:                  3888 Byte
20220312 063314.999 INFO             PET0 PIOc_freedecomp Enter - MemInfo: [malloc] Total allocated space:                       3053984 Byte
20220312 063314.999 INFO             PET0 PIOc_freedecomp Enter - MemInfo: [malloc] Total free space:                             452192 Byte
20220312 063314.999 INFO             PET0 PIOc_freedecomp Enter - MemInfo: [malloc] Top-most, releasable space:                   234912 Byte
20220312 063314.999 INFO             PET0 PIOc_freedecomp Enter - MemInfo: [malloc] Total space in use, mmap + non-mmap:         4635040 Byte
20220312 063314.999 INFO             PET0 PIOc_freedecomp Enter - MemInfo: [malloc] Total space held (mmap + non-mmap):          5087232 Byte
20220312 063314.999 INFO             PET0 PIOc_freedecomp Enter - MemInfo: [malloc] Total space used (mmap + non-mmap):          4644416 Byte
20220312 063314.999 INFO             PET0 PIOc_freedecomp Enter - MemInfo: Wall-clock time since execution start:              0.0191762 seconds
20220312 063314.999 INFO             PET0 PIOc_freedecomp Exit - MemInfo: [/proc/meminfo - SSI]	MemTotal:       65507008 kB
20220312 063314.999 INFO             PET0 PIOc_freedecomp Exit - MemInfo: [/proc/meminfo - SSI]	MemFree:        49651772 kB
20220312 063314.999 INFO             PET0 PIOc_freedecomp Exit - MemInfo: [/proc/meminfo - SSI]	MemAvailable:   49424980 kB
20220312 063314.999 INFO             PET0 PIOc_freedecomp Exit - MemInfo: [/proc/meminfo - SSI]	Committed_AS:   12960784 kB
20220312 063314.999 INFO             PET0 PIOc_freedecomp Exit - MemInfo: [/proc/meminfo - SSI]	CommittedPercent: 19.7853 %
20220312 063314.999 INFO             PET0 PIOc_freedecomp Exit - MemInfo: [/proc/self/status]	VmPeak:	  524380 kB
20220312 063314.999 INFO             PET0 PIOc_freedecomp Exit - MemInfo: [/proc/self/status]	VmSize:	  507476 kB
20220312 063314.999 INFO             PET0 PIOc_freedecomp Exit - MemInfo: [/proc/self/status]	VmLck:	       0 kB
20220312 063314.999 INFO             PET0 PIOc_freedecomp Exit - MemInfo: [/proc/self/status]	VmPin:	       0 kB
20220312 063314.999 INFO             PET0 PIOc_freedecomp Exit - MemInfo: [/proc/self/status]	VmHWM:	   64840 kB
20220312 063314.999 INFO             PET0 PIOc_freedecomp Exit - MemInfo: [/proc/self/status]	VmRSS:	   19976 kB
20220312 063314.999 INFO             PET0 PIOc_freedecomp Exit - MemInfo: [/proc/self/status]	VmData:	   15500 kB
20220312 063314.999 INFO             PET0 PIOc_freedecomp Exit - MemInfo: [/proc/self/status]	VmStk:	     148 kB
20220312 063314.999 INFO             PET0 PIOc_freedecomp Exit - MemInfo: [/proc/self/status]	VmExe:	     216 kB
20220312 063314.999 INFO             PET0 PIOc_freedecomp Exit - MemInfo: [/proc/self/status]	VmLib:	   49272 kB
20220312 063314.999 INFO             PET0 PIOc_freedecomp Exit - MemInfo: [/proc/self/status]	VmPTE:	     732 kB
20220312 063314.999 INFO             PET0 PIOc_freedecomp Exit - MemInfo: [/proc/self/status]	VmPMD:	      16 kB
20220312 063314.999 INFO             PET0 PIOc_freedecomp Exit - MemInfo: [/proc/self/status]	VmSwap:	       0 kB
20220312 063314.999 INFO             PET0 PIOc_freedecomp Exit - MemInfo: [/proc/self/status]	VmRSSPercent: 0.0304944 %
20220312 063314.999 INFO             PET0 PIOc_freedecomp Exit - MemInfo: [malloc] Non-mmapped space allocated:                 3506176 Byte
20220312 063314.999 INFO             PET0 PIOc_freedecomp Exit - MemInfo: [malloc] Space allocated in mmapped regions:          1581056 Byte
20220312 063314.999 INFO             PET0 PIOc_freedecomp Exit - MemInfo: [malloc] Maximum total allocated space:                     0 Byte
20220312 063314.999 INFO             PET0 PIOc_freedecomp Exit - MemInfo: [malloc] Space in freed fastbin blocks:                  3824 Byte
20220312 063314.999 INFO             PET0 PIOc_freedecomp Exit - MemInfo: [malloc] Total allocated space:                       3047216 Byte
20220312 063314.999 INFO             PET0 PIOc_freedecomp Exit - MemInfo: [malloc] Total free space:                             458960 Byte
20220312 063314.999 INFO             PET0 PIOc_freedecomp Exit - MemInfo: [malloc] Top-most, releasable space:                   239216 Byte
20220312 063314.999 INFO             PET0 PIOc_freedecomp Exit - MemInfo: [malloc] Total space in use, mmap + non-mmap:         4628272 Byte
20220312 063314.999 INFO             PET0 PIOc_freedecomp Exit - MemInfo: [malloc] Total space held (mmap + non-mmap):          5087232 Byte
20220312 063314.999 INFO             PET0 PIOc_freedecomp Exit - MemInfo: [malloc] Total space used (mmap + non-mmap):          4637664 Byte
20220312 063314.999 INFO             PET0 PIOc_freedecomp Exit - MemInfo: Wall-clock time since execution start:              0.0194108 seconds
20220312 063315.003 INFO             PET0 PIOc_sync Enter - MemInfo: [/proc/meminfo - SSI]	MemTotal:       65507008 kB
20220312 063315.003 INFO             PET0 PIOc_sync Enter - MemInfo: [/proc/meminfo - SSI]	MemFree:        49644716 kB
20220312 063315.003 INFO             PET0 PIOc_sync Enter - MemInfo: [/proc/meminfo - SSI]	MemAvailable:   49417924 kB
20220312 063315.003 INFO             PET0 PIOc_sync Enter - MemInfo: [/proc/meminfo - SSI]	Committed_AS:   12977040 kB
20220312 063315.003 INFO             PET0 PIOc_sync Enter - MemInfo: [/proc/meminfo - SSI]	CommittedPercent: 19.8102 %
20220312 063315.003 INFO             PET0 PIOc_sync Enter - MemInfo: [/proc/self/status]	VmPeak:	  524380 kB
20220312 063315.003 INFO             PET0 PIOc_sync Enter - MemInfo: [/proc/self/status]	VmSize:	  524248 kB
20220312 063315.003 INFO             PET0 PIOc_sync Enter - MemInfo: [/proc/self/status]	VmLck:	       0 kB
20220312 063315.003 INFO             PET0 PIOc_sync Enter - MemInfo: [/proc/self/status]	VmPin:	       0 kB
20220312 063315.003 INFO             PET0 PIOc_sync Enter - MemInfo: [/proc/self/status]	VmHWM:	   64840 kB
20220312 063315.003 INFO             PET0 PIOc_sync Enter - MemInfo: [/proc/self/status]	VmRSS:	   28440 kB
20220312 063315.003 INFO             PET0 PIOc_sync Enter - MemInfo: [/proc/self/status]	VmData:	   32272 kB
20220312 063315.003 INFO             PET0 PIOc_sync Enter - MemInfo: [/proc/self/status]	VmStk:	     148 kB
20220312 063315.003 INFO             PET0 PIOc_sync Enter - MemInfo: [/proc/self/status]	VmExe:	     216 kB
20220312 063315.003 INFO             PET0 PIOc_sync Enter - MemInfo: [/proc/self/status]	VmLib:	   49272 kB
20220312 063315.003 INFO             PET0 PIOc_sync Enter - MemInfo: [/proc/self/status]	VmPTE:	     752 kB
20220312 063315.003 INFO             PET0 PIOc_sync Enter - MemInfo: [/proc/self/status]	VmPMD:	      16 kB
20220312 063315.003 INFO             PET0 PIOc_sync Enter - MemInfo: [/proc/self/status]	VmSwap:	       0 kB
20220312 063315.003 INFO             PET0 PIOc_sync Enter - MemInfo: [/proc/self/status]	VmRSSPercent: 0.0434152 %
20220312 063315.003 INFO             PET0 PIOc_sync Enter - MemInfo: [malloc] Non-mmapped space allocated:                20680704 Byte
20220312 063315.004 INFO             PET0 PIOc_sync Enter - MemInfo: [malloc] Space allocated in mmapped regions:          1581056 Byte
20220312 063315.004 INFO             PET0 PIOc_sync Enter - MemInfo: [malloc] Maximum total allocated space:                     0 Byte
20220312 063315.004 INFO             PET0 PIOc_sync Enter - MemInfo: [malloc] Space in freed fastbin blocks:                  2320 Byte
20220312 063315.004 INFO             PET0 PIOc_sync Enter - MemInfo: [malloc] Total allocated space:                      20364832 Byte
20220312 063315.004 INFO             PET0 PIOc_sync Enter - MemInfo: [malloc] Total free space:                             315872 Byte
20220312 063315.004 INFO             PET0 PIOc_sync Enter - MemInfo: [malloc] Top-most, releasable space:                   115456 Byte
20220312 063315.004 INFO             PET0 PIOc_sync Enter - MemInfo: [malloc] Total space in use, mmap + non-mmap:        21945888 Byte
20220312 063315.004 INFO             PET0 PIOc_sync Enter - MemInfo: [malloc] Total space held (mmap + non-mmap):         22261760 Byte
20220312 063315.004 INFO             PET0 PIOc_sync Enter - MemInfo: [malloc] Total space used (mmap + non-mmap):         21955280 Byte
20220312 063315.004 INFO             PET0 PIOc_sync Enter - MemInfo: Wall-clock time since execution start:              0.0237324 seconds
20220312 063315.004 INFO             PET0 PIOc_sync Exit - MemInfo: [/proc/meminfo - SSI]	MemTotal:       65507008 kB
20220312 063315.004 INFO             PET0 PIOc_sync Exit - MemInfo: [/proc/meminfo - SSI]	MemFree:        49644716 kB
20220312 063315.004 INFO             PET0 PIOc_sync Exit - MemInfo: [/proc/meminfo - SSI]	MemAvailable:   49417924 kB
20220312 063315.004 INFO             PET0 PIOc_sync Exit - MemInfo: [/proc/meminfo - SSI]	Committed_AS:   12977040 kB
20220312 063315.004 INFO             PET0 PIOc_sync Exit - MemInfo: [/proc/meminfo - SSI]	CommittedPercent: 19.8102 %
20220312 063315.004 INFO             PET0 PIOc_sync Exit - MemInfo: [/proc/self/status]	VmPeak:	  524380 kB
20220312 063315.004 INFO             PET0 PIOc_sync Exit - MemInfo: [/proc/self/status]	VmSize:	  524248 kB
20220312 063315.004 INFO             PET0 PIOc_sync Exit - MemInfo: [/proc/self/status]	VmLck:	       0 kB
20220312 063315.004 INFO             PET0 PIOc_sync Exit - MemInfo: [/proc/self/status]	VmPin:	       0 kB
20220312 063315.004 INFO             PET0 PIOc_sync Exit - MemInfo: [/proc/self/status]	VmHWM:	   64840 kB
20220312 063315.004 INFO             PET0 PIOc_sync Exit - MemInfo: [/proc/self/status]	VmRSS:	   28456 kB
20220312 063315.004 INFO             PET0 PIOc_sync Exit - MemInfo: [/proc/self/status]	VmData:	   32272 kB
20220312 063315.004 INFO             PET0 PIOc_sync Exit - MemInfo: [/proc/self/status]	VmStk:	     148 kB
20220312 063315.004 INFO             PET0 PIOc_sync Exit - MemInfo: [/proc/self/status]	VmExe:	     216 kB
20220312 063315.004 INFO             PET0 PIOc_sync Exit - MemInfo: [/proc/self/status]	VmLib:	   49272 kB
20220312 063315.004 INFO             PET0 PIOc_sync Exit - MemInfo: [/proc/self/status]	VmPTE:	     752 kB
20220312 063315.004 INFO             PET0 PIOc_sync Exit - MemInfo: [/proc/self/status]	VmPMD:	      16 kB
20220312 063315.004 INFO             PET0 PIOc_sync Exit - MemInfo: [/proc/self/status]	VmSwap:	       0 kB
20220312 063315.004 INFO             PET0 PIOc_sync Exit - MemInfo: [/proc/self/status]	VmRSSPercent: 0.0434396 %
20220312 063315.004 INFO             PET0 PIOc_sync Exit - MemInfo: [malloc] Non-mmapped space allocated:                20680704 Byte
20220312 063315.004 INFO             PET0 PIOc_sync Exit - MemInfo: [malloc] Space allocated in mmapped regions:          1581056 Byte
20220312 063315.004 INFO             PET0 PIOc_sync Exit - MemInfo: [malloc] Maximum total allocated space:                     0 Byte
20220312 063315.004 INFO             PET0 PIOc_sync Exit - MemInfo: [malloc] Space in freed fastbin blocks:                  2064 Byte
20220312 063315.004 INFO             PET0 PIOc_sync Exit - MemInfo: [malloc] Total allocated space:                      20369616 Byte
20220312 063315.004 INFO             PET0 PIOc_sync Exit - MemInfo: [malloc] Total free space:                             311088 Byte
20220312 063315.004 INFO             PET0 PIOc_sync Exit - MemInfo: [malloc] Top-most, releasable space:                   108208 Byte
20220312 063315.004 INFO             PET0 PIOc_sync Exit - MemInfo: [malloc] Total space in use, mmap + non-mmap:        21950672 Byte
20220312 063315.004 INFO             PET0 PIOc_sync Exit - MemInfo: [malloc] Total space held (mmap + non-mmap):         22261760 Byte
20220312 063315.004 INFO             PET0 PIOc_sync Exit - MemInfo: [malloc] Total space used (mmap + non-mmap):         21960064 Byte
20220312 063315.004 INFO             PET0 PIOc_sync Exit - MemInfo: Wall-clock time since execution start:              0.0240158 seconds
20220312 063315.004 INFO             PET0 PIOc_freedecomp Enter - MemInfo: [/proc/meminfo - SSI]	MemTotal:       65507008 kB
20220312 063315.004 INFO             PET0 PIOc_freedecomp Enter - MemInfo: [/proc/meminfo - SSI]	MemFree:        49644716 kB
20220312 063315.004 INFO             PET0 PIOc_freedecomp Enter - MemInfo: [/proc/meminfo - SSI]	MemAvailable:   49417924 kB
20220312 063315.004 INFO             PET0 PIOc_freedecomp Enter - MemInfo: [/proc/meminfo - SSI]	Committed_AS:   12977040 kB
20220312 063315.004 INFO             PET0 PIOc_freedecomp Enter - MemInfo: [/proc/meminfo - SSI]	CommittedPercent: 19.8102 %
20220312 063315.004 INFO             PET0 PIOc_freedecomp Enter - MemInfo: [/proc/self/status]	VmPeak:	  524380 kB
20220312 063315.004 INFO             PET0 PIOc_freedecomp Enter - MemInfo: [/proc/self/status]	VmSize:	  524248 kB
20220312 063315.004 INFO             PET0 PIOc_freedecomp Enter - MemInfo: [/proc/self/status]	VmLck:	       0 kB
20220312 063315.004 INFO             PET0 PIOc_freedecomp Enter - MemInfo: [/proc/self/status]	VmPin:	       0 kB
20220312 063315.004 INFO             PET0 PIOc_freedecomp Enter - MemInfo: [/proc/self/status]	VmHWM:	   64840 kB
20220312 063315.004 INFO             PET0 PIOc_freedecomp Enter - MemInfo: [/proc/self/status]	VmRSS:	   28460 kB
20220312 063315.004 INFO             PET0 PIOc_freedecomp Enter - MemInfo: [/proc/self/status]	VmData:	   32272 kB
20220312 063315.004 INFO             PET0 PIOc_freedecomp Enter - MemInfo: [/proc/self/status]	VmStk:	     148 kB
20220312 063315.004 INFO             PET0 PIOc_freedecomp Enter - MemInfo: [/proc/self/status]	VmExe:	     216 kB
20220312 063315.004 INFO             PET0 PIOc_freedecomp Enter - MemInfo: [/proc/self/status]	VmLib:	   49272 kB
20220312 063315.004 INFO             PET0 PIOc_freedecomp Enter - MemInfo: [/proc/self/status]	VmPTE:	     752 kB
20220312 063315.004 INFO             PET0 PIOc_freedecomp Enter - MemInfo: [/proc/self/status]	VmPMD:	      16 kB
20220312 063315.004 INFO             PET0 PIOc_freedecomp Enter - MemInfo: [/proc/self/status]	VmSwap:	       0 kB
20220312 063315.004 INFO             PET0 PIOc_freedecomp Enter - MemInfo: [/proc/self/status]	VmRSSPercent: 0.0434457 %
20220312 063315.004 INFO             PET0 PIOc_freedecomp Enter - MemInfo: [malloc] Non-mmapped space allocated:                20680704 Byte
20220312 063315.004 INFO             PET0 PIOc_freedecomp Enter - MemInfo: [malloc] Space allocated in mmapped regions:          1581056 Byte
20220312 063315.004 INFO             PET0 PIOc_freedecomp Enter - MemInfo: [malloc] Maximum total allocated space:                     0 Byte
20220312 063315.004 INFO             PET0 PIOc_freedecomp Enter - MemInfo: [malloc] Space in freed fastbin blocks:                  1616 Byte
20220312 063315.004 INFO             PET0 PIOc_freedecomp Enter - MemInfo: [malloc] Total allocated space:                       3054016 Byte
20220312 063315.004 INFO             PET0 PIOc_freedecomp Enter - MemInfo: [malloc] Total free space:                           17626688 Byte
20220312 063315.004 INFO             PET0 PIOc_freedecomp Enter - MemInfo: [malloc] Top-most, releasable space:                   112544 Byte
20220312 063315.004 INFO             PET0 PIOc_freedecomp Enter - MemInfo: [malloc] Total space in use, mmap + non-mmap:         4635072 Byte
20220312 063315.004 INFO             PET0 PIOc_freedecomp Enter - MemInfo: [malloc] Total space held (mmap + non-mmap):         22261760 Byte
20220312 063315.004 INFO             PET0 PIOc_freedecomp Enter - MemInfo: [malloc] Total space used (mmap + non-mmap):          4644448 Byte
20220312 063315.004 INFO             PET0 PIOc_freedecomp Enter - MemInfo: Wall-clock time since execution start:              0.0242645 seconds
20220312 063315.004 INFO             PET0 PIOc_freedecomp Exit - MemInfo: [/proc/meminfo - SSI]	MemTotal:       65507008 kB
20220312 063315.004 INFO             PET0 PIOc_freedecomp Exit - MemInfo: [/proc/meminfo - SSI]	MemFree:        49644716 kB
20220312 063315.004 INFO             PET0 PIOc_freedecomp Exit - MemInfo: [/proc/meminfo - SSI]	MemAvailable:   49417924 kB
20220312 063315.004 INFO             PET0 PIOc_freedecomp Exit - MemInfo: [/proc/meminfo - SSI]	Committed_AS:   12977040 kB
20220312 063315.004 INFO             PET0 PIOc_freedecomp Exit - MemInfo: [/proc/meminfo - SSI]	CommittedPercent: 19.8102 %
20220312 063315.004 INFO             PET0 PIOc_freedecomp Exit - MemInfo: [/proc/self/status]	VmPeak:	  524380 kB
20220312 063315.004 INFO             PET0 PIOc_freedecomp Exit - MemInfo: [/proc/self/status]	VmSize:	  524248 kB
20220312 063315.004 INFO             PET0 PIOc_freedecomp Exit - MemInfo: [/proc/self/status]	VmLck:	       0 kB
20220312 063315.004 INFO             PET0 PIOc_freedecomp Exit - MemInfo: [/proc/self/status]	VmPin:	       0 kB
20220312 063315.004 INFO             PET0 PIOc_freedecomp Exit - MemInfo: [/proc/self/status]	VmHWM:	   64840 kB
20220312 063315.004 INFO             PET0 PIOc_freedecomp Exit - MemInfo: [/proc/self/status]	VmRSS:	   28460 kB
20220312 063315.004 INFO             PET0 PIOc_freedecomp Exit - MemInfo: [/proc/self/status]	VmData:	   32272 kB
20220312 063315.004 INFO             PET0 PIOc_freedecomp Exit - MemInfo: [/proc/self/status]	VmStk:	     148 kB
20220312 063315.004 INFO             PET0 PIOc_freedecomp Exit - MemInfo: [/proc/self/status]	VmExe:	     216 kB
20220312 063315.004 INFO             PET0 PIOc_freedecomp Exit - MemInfo: [/proc/self/status]	VmLib:	   49272 kB
20220312 063315.004 INFO             PET0 PIOc_freedecomp Exit - MemInfo: [/proc/self/status]	VmPTE:	     752 kB
20220312 063315.004 INFO             PET0 PIOc_freedecomp Exit - MemInfo: [/proc/self/status]	VmPMD:	      16 kB
20220312 063315.004 INFO             PET0 PIOc_freedecomp Exit - MemInfo: [/proc/self/status]	VmSwap:	       0 kB
20220312 063315.004 INFO             PET0 PIOc_freedecomp Exit - MemInfo: [/proc/self/status]	VmRSSPercent: 0.0434457 %
20220312 063315.004 INFO             PET0 PIOc_freedecomp Exit - MemInfo: [malloc] Non-mmapped space allocated:                20680704 Byte
20220312 063315.004 INFO             PET0 PIOc_freedecomp Exit - MemInfo: [malloc] Space allocated in mmapped regions:          1581056 Byte
20220312 063315.004 INFO             PET0 PIOc_freedecomp Exit - MemInfo: [malloc] Maximum total allocated space:                     0 Byte
20220312 063315.004 INFO             PET0 PIOc_freedecomp Exit - MemInfo: [malloc] Space in freed fastbin blocks:                  4448 Byte
20220312 063315.004 INFO             PET0 PIOc_freedecomp Exit - MemInfo: [malloc] Total allocated space:                       3047216 Byte
20220312 063315.004 INFO             PET0 PIOc_freedecomp Exit - MemInfo: [malloc] Total free space:                           17633488 Byte
20220312 063315.004 INFO             PET0 PIOc_freedecomp Exit - MemInfo: [malloc] Top-most, releasable space:                   112544 Byte
20220312 063315.004 INFO             PET0 PIOc_freedecomp Exit - MemInfo: [malloc] Total space in use, mmap + non-mmap:         4628272 Byte
20220312 063315.004 INFO             PET0 PIOc_freedecomp Exit - MemInfo: [malloc] Total space held (mmap + non-mmap):         22261760 Byte
20220312 063315.004 INFO             PET0 PIOc_freedecomp Exit - MemInfo: [malloc] Total space used (mmap + non-mmap):          4637648 Byte
20220312 063315.004 INFO             PET0 PIOc_freedecomp Exit - MemInfo: Wall-clock time since execution start:              0.0244744 seconds
20220312 063315.005 INFO             PET0 PIOc_sync Enter - MemInfo: [/proc/meminfo - SSI]	MemTotal:       65507008 kB
20220312 063315.005 INFO             PET0 PIOc_sync Enter - MemInfo: [/proc/meminfo - SSI]	MemFree:        49644212 kB
20220312 063315.005 INFO             PET0 PIOc_sync Enter - MemInfo: [/proc/meminfo - SSI]	MemAvailable:   49417420 kB
20220312 063315.005 INFO             PET0 PIOc_sync Enter - MemInfo: [/proc/meminfo - SSI]	Committed_AS:   12977040 kB
20220312 063315.005 INFO             PET0 PIOc_sync Enter - MemInfo: [/proc/meminfo - SSI]	CommittedPercent: 19.8102 %
20220312 063315.005 INFO             PET0 PIOc_sync Enter - MemInfo: [/proc/self/status]	VmPeak:	  532436 kB
20220312 063315.005 INFO             PET0 PIOc_sync Enter - MemInfo: [/proc/self/status]	VmSize:	  524248 kB
20220312 063315.005 INFO             PET0 PIOc_sync Enter - MemInfo: [/proc/self/status]	VmLck:	       0 kB
20220312 063315.005 INFO             PET0 PIOc_sync Enter - MemInfo: [/proc/self/status]	VmPin:	       0 kB
20220312 063315.005 INFO             PET0 PIOc_sync Enter - MemInfo: [/proc/self/status]	VmHWM:	   64840 kB
20220312 063315.005 INFO             PET0 PIOc_sync Enter - MemInfo: [/proc/self/status]	VmRSS:	   28712 kB
20220312 063315.005 INFO             PET0 PIOc_sync Enter - MemInfo: [/proc/self/status]	VmData:	   32272 kB
20220312 063315.005 INFO             PET0 PIOc_sync Enter - MemInfo: [/proc/self/status]	VmStk:	     148 kB
20220312 063315.005 INFO             PET0 PIOc_sync Enter - MemInfo: [/proc/self/status]	VmExe:	     216 kB
20220312 063315.005 INFO             PET0 PIOc_sync Enter - MemInfo: [/proc/self/status]	VmLib:	   49272 kB
20220312 063315.005 INFO             PET0 PIOc_sync Enter - MemInfo: [/proc/self/status]	VmPTE:	     752 kB
20220312 063315.005 INFO             PET0 PIOc_sync Enter - MemInfo: [/proc/self/status]	VmPMD:	      16 kB
20220312 063315.005 INFO             PET0 PIOc_sync Enter - MemInfo: [/proc/self/status]	VmSwap:	       0 kB
20220312 063315.005 INFO             PET0 PIOc_sync Enter - MemInfo: [/proc/self/status]	VmRSSPercent: 0.0438304 %
20220312 063315.005 INFO             PET0 PIOc_sync Enter - MemInfo: [malloc] Non-mmapped space allocated:                20680704 Byte
20220312 063315.005 INFO             PET0 PIOc_sync Enter - MemInfo: [malloc] Space allocated in mmapped regions:          1581056 Byte
20220312 063315.005 INFO             PET0 PIOc_sync Enter - MemInfo: [malloc] Maximum total allocated space:                     0 Byte
20220312 063315.005 INFO             PET0 PIOc_sync Enter - MemInfo: [malloc] Space in freed fastbin blocks:                  2704 Byte
20220312 063315.005 INFO             PET0 PIOc_sync Enter - MemInfo: [malloc] Total allocated space:                      20365632 Byte
20220312 063315.005 INFO             PET0 PIOc_sync Enter - MemInfo: [malloc] Total free space:                             315072 Byte
20220312 063315.005 INFO             PET0 PIOc_sync Enter - MemInfo: [malloc] Top-most, releasable space:                   114272 Byte
20220312 063315.005 INFO             PET0 PIOc_sync Enter - MemInfo: [malloc] Total space in use, mmap + non-mmap:        21946688 Byte
20220312 063315.005 INFO             PET0 PIOc_sync Enter - MemInfo: [malloc] Total space held (mmap + non-mmap):         22261760 Byte
20220312 063315.005 INFO             PET0 PIOc_sync Enter - MemInfo: [malloc] Total space used (mmap + non-mmap):         21956080 Byte
20220312 063315.005 INFO             PET0 PIOc_sync Enter - MemInfo: Wall-clock time since execution start:               0.025638 seconds
20220312 063315.006 INFO             PET0 PIOc_sync Exit - MemInfo: [/proc/meminfo - SSI]	MemTotal:       65507008 kB
20220312 063315.006 INFO             PET0 PIOc_sync Exit - MemInfo: [/proc/meminfo - SSI]	MemFree:        49644212 kB
20220312 063315.006 INFO             PET0 PIOc_sync Exit - MemInfo: [/proc/meminfo - SSI]	MemAvailable:   49417420 kB
20220312 063315.006 INFO             PET0 PIOc_sync Exit - MemInfo: [/proc/meminfo - SSI]	Committed_AS:   12977040 kB
20220312 063315.006 INFO             PET0 PIOc_sync Exit - MemInfo: [/proc/meminfo - SSI]	CommittedPercent: 19.8102 %
20220312 063315.006 INFO             PET0 PIOc_sync Exit - MemInfo: [/proc/self/status]	VmPeak:	  532436 kB
20220312 063315.006 INFO             PET0 PIOc_sync Exit - MemInfo: [/proc/self/status]	VmSize:	  524248 kB
20220312 063315.006 INFO             PET0 PIOc_sync Exit - MemInfo: [/proc/self/status]	VmLck:	       0 kB
20220312 063315.006 INFO             PET0 PIOc_sync Exit - MemInfo: [/proc/self/status]	VmPin:	       0 kB
20220312 063315.006 INFO             PET0 PIOc_sync Exit - MemInfo: [/proc/self/status]	VmHWM:	   64840 kB
20220312 063315.006 INFO             PET0 PIOc_sync Exit - MemInfo: [/proc/self/status]	VmRSS:	   28712 kB
20220312 063315.006 INFO             PET0 PIOc_sync Exit - MemInfo: [/proc/self/status]	VmData:	   32272 kB
20220312 063315.006 INFO             PET0 PIOc_sync Exit - MemInfo: [/proc/self/status]	VmStk:	     148 kB
20220312 063315.006 INFO             PET0 PIOc_sync Exit - MemInfo: [/proc/self/status]	VmExe:	     216 kB
20220312 063315.006 INFO             PET0 PIOc_sync Exit - MemInfo: [/proc/self/status]	VmLib:	   49272 kB
20220312 063315.006 INFO             PET0 PIOc_sync Exit - MemInfo: [/proc/self/status]	VmPTE:	     752 kB
20220312 063315.006 INFO             PET0 PIOc_sync Exit - MemInfo: [/proc/self/status]	VmPMD:	      16 kB
20220312 063315.006 INFO             PET0 PIOc_sync Exit - MemInfo: [/proc/self/status]	VmSwap:	       0 kB
20220312 063315.006 INFO             PET0 PIOc_sync Exit - MemInfo: [/proc/self/status]	VmRSSPercent: 0.0438304 %
20220312 063315.006 INFO             PET0 PIOc_sync Exit - MemInfo: [malloc] Non-mmapped space allocated:                20680704 Byte
20220312 063315.006 INFO             PET0 PIOc_sync Exit - MemInfo: [malloc] Space allocated in mmapped regions:          1581056 Byte
20220312 063315.006 INFO             PET0 PIOc_sync Exit - MemInfo: [malloc] Maximum total allocated space:                     0 Byte
20220312 063315.006 INFO             PET0 PIOc_sync Exit - MemInfo: [malloc] Space in freed fastbin blocks:                  2064 Byte
20220312 063315.006 INFO             PET0 PIOc_sync Exit - MemInfo: [malloc] Total allocated space:                      20370448 Byte
20220312 063315.006 INFO             PET0 PIOc_sync Exit - MemInfo: [malloc] Total free space:                             310256 Byte
20220312 063315.006 INFO             PET0 PIOc_sync Exit - MemInfo: [malloc] Top-most, releasable space:                   107488 Byte
20220312 063315.006 INFO             PET0 PIOc_sync Exit - MemInfo: [malloc] Total space in use, mmap + non-mmap:        21951504 Byte
20220312 063315.006 INFO             PET0 PIOc_sync Exit - MemInfo: [malloc] Total space held (mmap + non-mmap):         22261760 Byte
20220312 063315.006 INFO             PET0 PIOc_sync Exit - MemInfo: [malloc] Total space used (mmap + non-mmap):         21960896 Byte
20220312 063315.006 INFO             PET0 PIOc_sync Exit - MemInfo: Wall-clock time since execution start:              0.0259162 seconds
20220312 063315.006 INFO             PET0 PIOc_freedecomp Enter - MemInfo: [/proc/meminfo - SSI]	MemTotal:       65507008 kB
20220312 063315.006 INFO             PET0 PIOc_freedecomp Enter - MemInfo: [/proc/meminfo - SSI]	MemFree:        49644212 kB
20220312 063315.006 INFO             PET0 PIOc_freedecomp Enter - MemInfo: [/proc/meminfo - SSI]	MemAvailable:   49417420 kB
20220312 063315.006 INFO             PET0 PIOc_freedecomp Enter - MemInfo: [/proc/meminfo - SSI]	Committed_AS:   12977040 kB
20220312 063315.006 INFO             PET0 PIOc_freedecomp Enter - MemInfo: [/proc/meminfo - SSI]	CommittedPercent: 19.8102 %
20220312 063315.006 INFO             PET0 PIOc_freedecomp Enter - MemInfo: [/proc/self/status]	VmPeak:	  532436 kB
20220312 063315.006 INFO             PET0 PIOc_freedecomp Enter - MemInfo: [/proc/self/status]	VmSize:	  524248 kB
20220312 063315.006 INFO             PET0 PIOc_freedecomp Enter - MemInfo: [/proc/self/status]	VmLck:	       0 kB
20220312 063315.006 INFO             PET0 PIOc_freedecomp Enter - MemInfo: [/proc/self/status]	VmPin:	       0 kB
20220312 063315.006 INFO             PET0 PIOc_freedecomp Enter - MemInfo: [/proc/self/status]	VmHWM:	   64840 kB
20220312 063315.006 INFO             PET0 PIOc_freedecomp Enter - MemInfo: [/proc/self/status]	VmRSS:	   28712 kB
20220312 063315.006 INFO             PET0 PIOc_freedecomp Enter - MemInfo: [/proc/self/status]	VmData:	   32272 kB
20220312 063315.006 INFO             PET0 PIOc_freedecomp Enter - MemInfo: [/proc/self/status]	VmStk:	     148 kB
20220312 063315.006 INFO             PET0 PIOc_freedecomp Enter - MemInfo: [/proc/self/status]	VmExe:	     216 kB
20220312 063315.006 INFO             PET0 PIOc_freedecomp Enter - MemInfo: [/proc/self/status]	VmLib:	   49272 kB
20220312 063315.006 INFO             PET0 PIOc_freedecomp Enter - MemInfo: [/proc/self/status]	VmPTE:	     752 kB
20220312 063315.006 INFO             PET0 PIOc_freedecomp Enter - MemInfo: [/proc/self/status]	VmPMD:	      16 kB
20220312 063315.006 INFO             PET0 PIOc_freedecomp Enter - MemInfo: [/proc/self/status]	VmSwap:	       0 kB
20220312 063315.006 INFO             PET0 PIOc_freedecomp Enter - MemInfo: [/proc/self/status]	VmRSSPercent: 0.0438304 %
20220312 063315.006 INFO             PET0 PIOc_freedecomp Enter - MemInfo: [malloc] Non-mmapped space allocated:                20680704 Byte
20220312 063315.006 INFO             PET0 PIOc_freedecomp Enter - MemInfo: [malloc] Space allocated in mmapped regions:          1581056 Byte
20220312 063315.006 INFO             PET0 PIOc_freedecomp Enter - MemInfo: [malloc] Maximum total allocated space:                     0 Byte
20220312 063315.006 INFO             PET0 PIOc_freedecomp Enter - MemInfo: [malloc] Space in freed fastbin blocks:                  1808 Byte
20220312 063315.006 INFO             PET0 PIOc_freedecomp Enter - MemInfo: [malloc] Total allocated space:                       3054064 Byte
20220312 063315.006 INFO             PET0 PIOc_freedecomp Enter - MemInfo: [malloc] Total free space:                           17626640 Byte
20220312 063315.006 INFO             PET0 PIOc_freedecomp Enter - MemInfo: [malloc] Top-most, releasable space:                   111824 Byte
20220312 063315.006 INFO             PET0 PIOc_freedecomp Enter - MemInfo: [malloc] Total space in use, mmap + non-mmap:         4635120 Byte
20220312 063315.006 INFO             PET0 PIOc_freedecomp Enter - MemInfo: [malloc] Total space held (mmap + non-mmap):         22261760 Byte
20220312 063315.006 INFO             PET0 PIOc_freedecomp Enter - MemInfo: [malloc] Total space used (mmap + non-mmap):          4644496 Byte
20220312 063315.006 INFO             PET0 PIOc_freedecomp Enter - MemInfo: Wall-clock time since execution start:              0.0261664 seconds
20220312 063315.006 INFO             PET0 PIOc_freedecomp Exit - MemInfo: [/proc/meminfo - SSI]	MemTotal:       65507008 kB
20220312 063315.006 INFO             PET0 PIOc_freedecomp Exit - MemInfo: [/proc/meminfo - SSI]	MemFree:        49644212 kB
20220312 063315.006 INFO             PET0 PIOc_freedecomp Exit - MemInfo: [/proc/meminfo - SSI]	MemAvailable:   49417420 kB
20220312 063315.006 INFO             PET0 PIOc_freedecomp Exit - MemInfo: [/proc/meminfo - SSI]	Committed_AS:   12977040 kB
20220312 063315.006 INFO             PET0 PIOc_freedecomp Exit - MemInfo: [/proc/meminfo - SSI]	CommittedPercent: 19.8102 %
20220312 063315.006 INFO             PET0 PIOc_freedecomp Exit - MemInfo: [/proc/self/status]	VmPeak:	  532436 kB
20220312 063315.006 INFO             PET0 PIOc_freedecomp Exit - MemInfo: [/proc/self/status]	VmSize:	  524248 kB
20220312 063315.006 INFO             PET0 PIOc_freedecomp Exit - MemInfo: [/proc/self/status]	VmLck:	       0 kB
20220312 063315.006 INFO             PET0 PIOc_freedecomp Exit - MemInfo: [/proc/self/status]	VmPin:	       0 kB
20220312 063315.006 INFO             PET0 PIOc_freedecomp Exit - MemInfo: [/proc/self/status]	VmHWM:	   64840 kB
20220312 063315.006 INFO             PET0 PIOc_freedecomp Exit - MemInfo: [/proc/self/status]	VmRSS:	   28712 kB
20220312 063315.006 INFO             PET0 PIOc_freedecomp Exit - MemInfo: [/proc/self/status]	VmData:	   32272 kB
20220312 063315.006 INFO             PET0 PIOc_freedecomp Exit - MemInfo: [/proc/self/status]	VmStk:	     148 kB
20220312 063315.006 INFO             PET0 PIOc_freedecomp Exit - MemInfo: [/proc/self/status]	VmExe:	     216 kB
20220312 063315.006 INFO             PET0 PIOc_freedecomp Exit - MemInfo: [/proc/self/status]	VmLib:	   49272 kB
20220312 063315.006 INFO             PET0 PIOc_freedecomp Exit - MemInfo: [/proc/self/status]	VmPTE:	     752 kB
20220312 063315.006 INFO             PET0 PIOc_freedecomp Exit - MemInfo: [/proc/self/status]	VmPMD:	      16 kB
20220312 063315.006 INFO             PET0 PIOc_freedecomp Exit - MemInfo: [/proc/self/status]	VmSwap:	       0 kB
20220312 063315.006 INFO             PET0 PIOc_freedecomp Exit - MemInfo: [/proc/self/status]	VmRSSPercent: 0.0438304 %
20220312 063315.006 INFO             PET0 PIOc_freedecomp Exit - MemInfo: [malloc] Non-mmapped space allocated:                20680704 Byte
20220312 063315.006 INFO             PET0 PIOc_freedecomp Exit - MemInfo: [malloc] Space allocated in mmapped regions:          1581056 Byte
20220312 063315.006 INFO             PET0 PIOc_freedecomp Exit - MemInfo: [malloc] Maximum total allocated space:                     0 Byte
20220312 063315.006 INFO             PET0 PIOc_freedecomp Exit - MemInfo: [malloc] Space in freed fastbin blocks:                  4400 Byte
20220312 063315.006 INFO             PET0 PIOc_freedecomp Exit - MemInfo: [malloc] Total allocated space:                       3047232 Byte
20220312 063315.006 INFO             PET0 PIOc_freedecomp Exit - MemInfo: [malloc] Total free space:                           17633472 Byte
20220312 063315.006 INFO             PET0 PIOc_freedecomp Exit - MemInfo: [malloc] Top-most, releasable space:                   111824 Byte
20220312 063315.006 INFO             PET0 PIOc_freedecomp Exit - MemInfo: [malloc] Total space in use, mmap + non-mmap:         4628288 Byte
20220312 063315.006 INFO             PET0 PIOc_freedecomp Exit - MemInfo: [malloc] Total space held (mmap + non-mmap):         22261760 Byte
20220312 063315.006 INFO             PET0 PIOc_freedecomp Exit - MemInfo: [malloc] Total space used (mmap + non-mmap):          4637664 Byte
20220312 063315.006 INFO             PET0 PIOc_freedecomp Exit - MemInfo: Wall-clock time since execution start:              0.0263845 seconds
20220312 063315.007 INFO             PET0 PIOc_sync Enter - MemInfo: [/proc/meminfo - SSI]	MemTotal:       65507008 kB
20220312 063315.007 INFO             PET0 PIOc_sync Enter - MemInfo: [/proc/meminfo - SSI]	MemFree:        49644212 kB
20220312 063315.007 INFO             PET0 PIOc_sync Enter - MemInfo: [/proc/meminfo - SSI]	MemAvailable:   49417420 kB
20220312 063315.007 INFO             PET0 PIOc_sync Enter - MemInfo: [/proc/meminfo - SSI]	Committed_AS:   12977040 kB
20220312 063315.007 INFO             PET0 PIOc_sync Enter - MemInfo: [/proc/meminfo - SSI]	CommittedPercent: 19.8102 %
20220312 063315.007 INFO             PET0 PIOc_sync Enter - MemInfo: [/proc/self/status]	VmPeak:	  532436 kB
20220312 063315.007 INFO             PET0 PIOc_sync Enter - MemInfo: [/proc/self/status]	VmSize:	  524248 kB
20220312 063315.007 INFO             PET0 PIOc_sync Enter - MemInfo: [/proc/self/status]	VmLck:	       0 kB
20220312 063315.007 INFO             PET0 PIOc_sync Enter - MemInfo: [/proc/self/status]	VmPin:	       0 kB
20220312 063315.007 INFO             PET0 PIOc_sync Enter - MemInfo: [/proc/self/status]	VmHWM:	   64840 kB
20220312 063315.007 INFO             PET0 PIOc_sync Enter - MemInfo: [/proc/self/status]	VmRSS:	   28712 kB
20220312 063315.007 INFO             PET0 PIOc_sync Enter - MemInfo: [/proc/self/status]	VmData:	   32272 kB
20220312 063315.007 INFO             PET0 PIOc_sync Enter - MemInfo: [/proc/self/status]	VmStk:	     148 kB
20220312 063315.007 INFO             PET0 PIOc_sync Enter - MemInfo: [/proc/self/status]	VmExe:	     216 kB
20220312 063315.007 INFO             PET0 PIOc_sync Enter - MemInfo: [/proc/self/status]	VmLib:	   49272 kB
20220312 063315.007 INFO             PET0 PIOc_sync Enter - MemInfo: [/proc/self/status]	VmPTE:	     752 kB
20220312 063315.007 INFO             PET0 PIOc_sync Enter - MemInfo: [/proc/self/status]	VmPMD:	      16 kB
20220312 063315.007 INFO             PET0 PIOc_sync Enter - MemInfo: [/proc/self/status]	VmSwap:	       0 kB
20220312 063315.007 INFO             PET0 PIOc_sync Enter - MemInfo: [/proc/self/status]	VmRSSPercent: 0.0438304 %
20220312 063315.007 INFO             PET0 PIOc_sync Enter - MemInfo: [malloc] Non-mmapped space allocated:                20680704 Byte
20220312 063315.007 INFO             PET0 PIOc_sync Enter - MemInfo: [malloc] Space allocated in mmapped regions:          1581056 Byte
20220312 063315.007 INFO             PET0 PIOc_sync Enter - MemInfo: [malloc] Maximum total allocated space:                     0 Byte
20220312 063315.007 INFO             PET0 PIOc_sync Enter - MemInfo: [malloc] Space in freed fastbin blocks:                   912 Byte
20220312 063315.007 INFO             PET0 PIOc_sync Enter - MemInfo: [malloc] Total allocated space:                      20366352 Byte
20220312 063315.007 INFO             PET0 PIOc_sync Enter - MemInfo: [malloc] Total free space:                             314352 Byte
20220312 063315.007 INFO             PET0 PIOc_sync Enter - MemInfo: [malloc] Top-most, releasable space:                   114560 Byte
20220312 063315.007 INFO             PET0 PIOc_sync Enter - MemInfo: [malloc] Total space in use, mmap + non-mmap:        21947408 Byte
20220312 063315.007 INFO             PET0 PIOc_sync Enter - MemInfo: [malloc] Total space held (mmap + non-mmap):         22261760 Byte
20220312 063315.007 INFO             PET0 PIOc_sync Enter - MemInfo: [malloc] Total space used (mmap + non-mmap):         21956800 Byte
20220312 063315.007 INFO             PET0 PIOc_sync Enter - MemInfo: Wall-clock time since execution start:               0.027462 seconds
20220312 063315.007 INFO             PET0 PIOc_sync Exit - MemInfo: [/proc/meminfo - SSI]	MemTotal:       65507008 kB
20220312 063315.007 INFO             PET0 PIOc_sync Exit - MemInfo: [/proc/meminfo - SSI]	MemFree:        49644212 kB
20220312 063315.007 INFO             PET0 PIOc_sync Exit - MemInfo: [/proc/meminfo - SSI]	MemAvailable:   49417420 kB
20220312 063315.007 INFO             PET0 PIOc_sync Exit - MemInfo: [/proc/meminfo - SSI]	Committed_AS:   12977040 kB
20220312 063315.007 INFO             PET0 PIOc_sync Exit - MemInfo: [/proc/meminfo - SSI]	CommittedPercent: 19.8102 %
20220312 063315.007 INFO             PET0 PIOc_sync Exit - MemInfo: [/proc/self/status]	VmPeak:	  532436 kB
20220312 063315.007 INFO             PET0 PIOc_sync Exit - MemInfo: [/proc/self/status]	VmSize:	  524248 kB
20220312 063315.007 INFO             PET0 PIOc_sync Exit - MemInfo: [/proc/self/status]	VmLck:	       0 kB
20220312 063315.007 INFO             PET0 PIOc_sync Exit - MemInfo: [/proc/self/status]	VmPin:	       0 kB
20220312 063315.007 INFO             PET0 PIOc_sync Exit - MemInfo: [/proc/self/status]	VmHWM:	   64840 kB
20220312 063315.007 INFO             PET0 PIOc_sync Exit - MemInfo: [/proc/self/status]	VmRSS:	   28716 kB
20220312 063315.007 INFO             PET0 PIOc_sync Exit - MemInfo: [/proc/self/status]	VmData:	   32272 kB
20220312 063315.007 INFO             PET0 PIOc_sync Exit - MemInfo: [/proc/self/status]	VmStk:	     148 kB
20220312 063315.007 INFO             PET0 PIOc_sync Exit - MemInfo: [/proc/self/status]	VmExe:	     216 kB
20220312 063315.007 INFO             PET0 PIOc_sync Exit - MemInfo: [/proc/self/status]	VmLib:	   49272 kB
20220312 063315.007 INFO             PET0 PIOc_sync Exit - MemInfo: [/proc/self/status]	VmPTE:	     752 kB
20220312 063315.007 INFO             PET0 PIOc_sync Exit - MemInfo: [/proc/self/status]	VmPMD:	      16 kB
20220312 063315.007 INFO             PET0 PIOc_sync Exit - MemInfo: [/proc/self/status]	VmSwap:	       0 kB
20220312 063315.007 INFO             PET0 PIOc_sync Exit - MemInfo: [/proc/self/status]	VmRSSPercent: 0.0438365 %
20220312 063315.008 INFO             PET0 PIOc_sync Exit - MemInfo: [malloc] Non-mmapped space allocated:                20680704 Byte
20220312 063315.008 INFO             PET0 PIOc_sync Exit - MemInfo: [malloc] Space allocated in mmapped regions:          1581056 Byte
20220312 063315.008 INFO             PET0 PIOc_sync Exit - MemInfo: [malloc] Maximum total allocated space:                     0 Byte
20220312 063315.008 INFO             PET0 PIOc_sync Exit - MemInfo: [malloc] Space in freed fastbin blocks:                  2400 Byte
20220312 063315.008 INFO             PET0 PIOc_sync Exit - MemInfo: [malloc] Total allocated space:                      20371136 Byte
20220312 063315.008 INFO             PET0 PIOc_sync Exit - MemInfo: [malloc] Total free space:                             309568 Byte
20220312 063315.008 INFO             PET0 PIOc_sync Exit - MemInfo: [malloc] Top-most, releasable space:                   105360 Byte
20220312 063315.008 INFO             PET0 PIOc_sync Exit - MemInfo: [malloc] Total space in use, mmap + non-mmap:        21952192 Byte
20220312 063315.008 INFO             PET0 PIOc_sync Exit - MemInfo: [malloc] Total space held (mmap + non-mmap):         22261760 Byte
20220312 063315.008 INFO             PET0 PIOc_sync Exit - MemInfo: [malloc] Total space used (mmap + non-mmap):         21961584 Byte
20220312 063315.008 INFO             PET0 PIOc_sync Exit - MemInfo: Wall-clock time since execution start:              0.0277505 seconds
20220312 063315.008 INFO             PET0 PIOc_freedecomp Enter - MemInfo: [/proc/meminfo - SSI]	MemTotal:       65507008 kB
20220312 063315.008 INFO             PET0 PIOc_freedecomp Enter - MemInfo: [/proc/meminfo - SSI]	MemFree:        49644212 kB
20220312 063315.008 INFO             PET0 PIOc_freedecomp Enter - MemInfo: [/proc/meminfo - SSI]	MemAvailable:   49417420 kB
20220312 063315.008 INFO             PET0 PIOc_freedecomp Enter - MemInfo: [/proc/meminfo - SSI]	Committed_AS:   12977040 kB
20220312 063315.008 INFO             PET0 PIOc_freedecomp Enter - MemInfo: [/proc/meminfo - SSI]	CommittedPercent: 19.8102 %
20220312 063315.008 INFO             PET0 PIOc_freedecomp Enter - MemInfo: [/proc/self/status]	VmPeak:	  532436 kB
20220312 063315.008 INFO             PET0 PIOc_freedecomp Enter - MemInfo: [/proc/self/status]	VmSize:	  524248 kB
20220312 063315.008 INFO             PET0 PIOc_freedecomp Enter - MemInfo: [/proc/self/status]	VmLck:	       0 kB
20220312 063315.008 INFO             PET0 PIOc_freedecomp Enter - MemInfo: [/proc/self/status]	VmPin:	       0 kB
20220312 063315.008 INFO             PET0 PIOc_freedecomp Enter - MemInfo: [/proc/self/status]	VmHWM:	   64840 kB
20220312 063315.008 INFO             PET0 PIOc_freedecomp Enter - MemInfo: [/proc/self/status]	VmRSS:	   28720 kB
20220312 063315.008 INFO             PET0 PIOc_freedecomp Enter - MemInfo: [/proc/self/status]	VmData:	   32272 kB
20220312 063315.008 INFO             PET0 PIOc_freedecomp Enter - MemInfo: [/proc/self/status]	VmStk:	     148 kB
20220312 063315.008 INFO             PET0 PIOc_freedecomp Enter - MemInfo: [/proc/self/status]	VmExe:	     216 kB
20220312 063315.008 INFO             PET0 PIOc_freedecomp Enter - MemInfo: [/proc/self/status]	VmLib:	   49272 kB
20220312 063315.008 INFO             PET0 PIOc_freedecomp Enter - MemInfo: [/proc/self/status]	VmPTE:	     752 kB
20220312 063315.008 INFO             PET0 PIOc_freedecomp Enter - MemInfo: [/proc/self/status]	VmPMD:	      16 kB
20220312 063315.008 INFO             PET0 PIOc_freedecomp Enter - MemInfo: [/proc/self/status]	VmSwap:	       0 kB
20220312 063315.008 INFO             PET0 PIOc_freedecomp Enter - MemInfo: [/proc/self/status]	VmRSSPercent: 0.0438426 %
20220312 063315.008 INFO             PET0 PIOc_freedecomp Enter - MemInfo: [malloc] Non-mmapped space allocated:                20680704 Byte
20220312 063315.008 INFO             PET0 PIOc_freedecomp Enter - MemInfo: [malloc] Space allocated in mmapped regions:          1581056 Byte
20220312 063315.008 INFO             PET0 PIOc_freedecomp Enter - MemInfo: [malloc] Maximum total allocated space:                     0 Byte
20220312 063315.008 INFO             PET0 PIOc_freedecomp Enter - MemInfo: [malloc] Space in freed fastbin blocks:                  1808 Byte
20220312 063315.008 INFO             PET0 PIOc_freedecomp Enter - MemInfo: [malloc] Total allocated space:                       3054048 Byte
20220312 063315.008 INFO             PET0 PIOc_freedecomp Enter - MemInfo: [malloc] Total free space:                           17626656 Byte
20220312 063315.008 INFO             PET0 PIOc_freedecomp Enter - MemInfo: [malloc] Top-most, releasable space:                   109760 Byte
20220312 063315.008 INFO             PET0 PIOc_freedecomp Enter - MemInfo: [malloc] Total space in use, mmap + non-mmap:         4635104 Byte
20220312 063315.008 INFO             PET0 PIOc_freedecomp Enter - MemInfo: [malloc] Total space held (mmap + non-mmap):         22261760 Byte
20220312 063315.008 INFO             PET0 PIOc_freedecomp Enter - MemInfo: [malloc] Total space used (mmap + non-mmap):          4644480 Byte
20220312 063315.008 INFO             PET0 PIOc_freedecomp Enter - MemInfo: Wall-clock time since execution start:              0.0280034 seconds
20220312 063315.008 INFO             PET0 PIOc_freedecomp Exit - MemInfo: [/proc/meminfo - SSI]	MemTotal:       65507008 kB
20220312 063315.008 INFO             PET0 PIOc_freedecomp Exit - MemInfo: [/proc/meminfo - SSI]	MemFree:        49644212 kB
20220312 063315.008 INFO             PET0 PIOc_freedecomp Exit - MemInfo: [/proc/meminfo - SSI]	MemAvailable:   49417420 kB
20220312 063315.008 INFO             PET0 PIOc_freedecomp Exit - MemInfo: [/proc/meminfo - SSI]	Committed_AS:   12977040 kB
20220312 063315.008 INFO             PET0 PIOc_freedecomp Exit - MemInfo: [/proc/meminfo - SSI]	CommittedPercent: 19.8102 %
20220312 063315.008 INFO             PET0 PIOc_freedecomp Exit - MemInfo: [/proc/self/status]	VmPeak:	  532436 kB
20220312 063315.008 INFO             PET0 PIOc_freedecomp Exit - MemInfo: [/proc/self/status]	VmSize:	  524248 kB
20220312 063315.008 INFO             PET0 PIOc_freedecomp Exit - MemInfo: [/proc/self/status]	VmLck:	       0 kB
20220312 063315.008 INFO             PET0 PIOc_freedecomp Exit - MemInfo: [/proc/self/status]	VmPin:	       0 kB
20220312 063315.008 INFO             PET0 PIOc_freedecomp Exit - MemInfo: [/proc/self/status]	VmHWM:	   64840 kB
20220312 063315.008 INFO             PET0 PIOc_freedecomp Exit - MemInfo: [/proc/self/status]	VmRSS:	   28720 kB
20220312 063315.008 INFO             PET0 PIOc_freedecomp Exit - MemInfo: [/proc/self/status]	VmData:	   32272 kB
20220312 063315.008 INFO             PET0 PIOc_freedecomp Exit - MemInfo: [/proc/self/status]	VmStk:	     148 kB
20220312 063315.008 INFO             PET0 PIOc_freedecomp Exit - MemInfo: [/proc/self/status]	VmExe:	     216 kB
20220312 063315.008 INFO             PET0 PIOc_freedecomp Exit - MemInfo: [/proc/self/status]	VmLib:	   49272 kB
20220312 063315.008 INFO             PET0 PIOc_freedecomp Exit - MemInfo: [/proc/self/status]	VmPTE:	     752 kB
20220312 063315.008 INFO             PET0 PIOc_freedecomp Exit - MemInfo: [/proc/self/status]	VmPMD:	      16 kB
20220312 063315.008 INFO             PET0 PIOc_freedecomp Exit - MemInfo: [/proc/self/status]	VmSwap:	       0 kB
20220312 063315.008 INFO             PET0 PIOc_freedecomp Exit - MemInfo: [/proc/self/status]	VmRSSPercent: 0.0438426 %
20220312 063315.008 INFO             PET0 PIOc_freedecomp Exit - MemInfo: [malloc] Non-mmapped space allocated:                20680704 Byte
20220312 063315.008 INFO             PET0 PIOc_freedecomp Exit - MemInfo: [malloc] Space allocated in mmapped regions:          1581056 Byte
20220312 063315.008 INFO             PET0 PIOc_freedecomp Exit - MemInfo: [malloc] Maximum total allocated space:                     0 Byte
20220312 063315.008 INFO             PET0 PIOc_freedecomp Exit - MemInfo: [malloc] Space in freed fastbin blocks:                  2016 Byte
20220312 063315.008 INFO             PET0 PIOc_freedecomp Exit - MemInfo: [malloc] Total allocated space:                       3047264 Byte
20220312 063315.008 INFO             PET0 PIOc_freedecomp Exit - MemInfo: [malloc] Total free space:                           17633440 Byte
20220312 063315.008 INFO             PET0 PIOc_freedecomp Exit - MemInfo: [malloc] Top-most, releasable space:                   117456 Byte
20220312 063315.008 INFO             PET0 PIOc_freedecomp Exit - MemInfo: [malloc] Total space in use, mmap + non-mmap:         4628320 Byte
20220312 063315.008 INFO             PET0 PIOc_freedecomp Exit - MemInfo: [malloc] Total space held (mmap + non-mmap):         22261760 Byte
20220312 063315.008 INFO             PET0 PIOc_freedecomp Exit - MemInfo: [malloc] Total space used (mmap + non-mmap):          4637696 Byte
20220312 063315.008 INFO             PET0 PIOc_freedecomp Exit - MemInfo: Wall-clock time since execution start:              0.0282178 seconds
20220312 063315.016 INFO             PET0  NUMBER_OF_PROCESSORS           4
20220312 063315.016 INFO             PET0  PASS  Example ESMF_RHandleBitForBitEx, ESMF_RHandleBitForBitEx.F90, line 1557
20220312 063315.016 INFO             PET0 Finalizing ESMF
20220312 063314.983 INFO             PET1 !!!!!!!!!!!!!!!!!!!!!!!!!!!!!!!!!!!!!!!!!!!!!!!!!!!!!!
20220312 063314.983 INFO             PET1 !!! THE ESMF_LOG IS SET TO OUTPUT ALL LOG MESSAGES !!!
20220312 063314.983 INFO             PET1 !!!     THIS MAY CAUSE SLOWDOWN IN PERFORMANCE     !!!
20220312 063314.983 INFO             PET1 !!! FOR PRODUCTION RUNS, USE:                      !!!
20220312 063314.983 INFO             PET1 !!!                   ESMF_LOGKIND_Multi_On_Error  !!!
20220312 063314.983 INFO             PET1 !!!!!!!!!!!!!!!!!!!!!!!!!!!!!!!!!!!!!!!!!!!!!!!!!!!!!!
20220312 063314.983 INFO             PET1 Running with ESMF Version   : v8.3.0b09-96-g559b459836
20220312 063314.983 INFO             PET1 ESMF library build date/time: "Mar 12 2022" "06:02:09"
20220312 063314.983 INFO             PET1 ESMF library build location : /glade/scratch/rlong/esmf-testing/gfortran_10.1.0_openmpi_O_jedwards_pio_update2
20220312 063314.983 INFO             PET1 ESMF_COMM                   : openmpi
20220312 063314.983 INFO             PET1 ESMF_MOAB                   : enabled
20220312 063314.983 INFO             PET1 ESMF_LAPACK                 : enabled
20220312 063314.983 INFO             PET1 ESMF_NETCDF                 : enabled
20220312 063314.983 INFO             PET1 ESMF_PNETCDF                : disabled
20220312 063314.983 INFO             PET1 ESMF_PIO                    : enabled
20220312 063314.983 INFO             PET1 ESMF_YAMLCPP                : enabled
20220312 063314.995 INFO             PET1 PIOc_sync Enter - MemInfo: [/proc/meminfo - SSI]	MemTotal:       65507008 kB
20220312 063314.995 INFO             PET1 PIOc_sync Enter - MemInfo: [/proc/meminfo - SSI]	MemFree:        49636652 kB
20220312 063314.995 INFO             PET1 PIOc_sync Enter - MemInfo: [/proc/meminfo - SSI]	MemAvailable:   49409860 kB
20220312 063314.995 INFO             PET1 PIOc_sync Enter - MemInfo: [/proc/meminfo - SSI]	Committed_AS:   12977172 kB
20220312 063314.995 INFO             PET1 PIOc_sync Enter - MemInfo: [/proc/meminfo - SSI]	CommittedPercent: 19.8104 %
20220312 063314.995 INFO             PET1 PIOc_sync Enter - MemInfo: [/proc/self/status]	VmPeak:	  507244 kB
20220312 063314.995 INFO             PET1 PIOc_sync Enter - MemInfo: [/proc/self/status]	VmSize:	  507244 kB
20220312 063314.995 INFO             PET1 PIOc_sync Enter - MemInfo: [/proc/self/status]	VmLck:	       0 kB
20220312 063314.995 INFO             PET1 PIOc_sync Enter - MemInfo: [/proc/self/status]	VmPin:	       0 kB
20220312 063314.995 INFO             PET1 PIOc_sync Enter - MemInfo: [/proc/self/status]	VmHWM:	   64844 kB
20220312 063314.995 INFO             PET1 PIOc_sync Enter - MemInfo: [/proc/self/status]	VmRSS:	   18464 kB
20220312 063314.995 INFO             PET1 PIOc_sync Enter - MemInfo: [/proc/self/status]	VmData:	   15268 kB
20220312 063314.995 INFO             PET1 PIOc_sync Enter - MemInfo: [/proc/self/status]	VmStk:	     148 kB
20220312 063314.995 INFO             PET1 PIOc_sync Enter - MemInfo: [/proc/self/status]	VmExe:	     216 kB
20220312 063314.995 INFO             PET1 PIOc_sync Enter - MemInfo: [/proc/self/status]	VmLib:	   49272 kB
20220312 063314.995 INFO             PET1 PIOc_sync Enter - MemInfo: [/proc/self/status]	VmPTE:	     724 kB
20220312 063314.995 INFO             PET1 PIOc_sync Enter - MemInfo: [/proc/self/status]	VmPMD:	      16 kB
20220312 063314.995 INFO             PET1 PIOc_sync Enter - MemInfo: [/proc/self/status]	VmSwap:	       0 kB
20220312 063314.995 INFO             PET1 PIOc_sync Enter - MemInfo: [/proc/self/status]	VmRSSPercent: 0.0281863 %
20220312 063314.995 INFO             PET1 PIOc_sync Enter - MemInfo: [malloc] Non-mmapped space allocated:                 3268608 Byte
20220312 063314.995 INFO             PET1 PIOc_sync Enter - MemInfo: [malloc] Space allocated in mmapped regions:          1581056 Byte
20220312 063314.995 INFO             PET1 PIOc_sync Enter - MemInfo: [malloc] Maximum total allocated space:                     0 Byte
20220312 063314.995 INFO             PET1 PIOc_sync Enter - MemInfo: [malloc] Space in freed fastbin blocks:                  1168 Byte
20220312 063314.995 INFO             PET1 PIOc_sync Enter - MemInfo: [malloc] Total allocated space:                       2701584 Byte
20220312 063314.995 INFO             PET1 PIOc_sync Enter - MemInfo: [malloc] Total free space:                             567024 Byte
20220312 063314.995 INFO             PET1 PIOc_sync Enter - MemInfo: [malloc] Top-most, releasable space:                   134640 Byte
20220312 063314.995 INFO             PET1 PIOc_sync Enter - MemInfo: [malloc] Total space in use, mmap + non-mmap:         4282640 Byte
20220312 063314.995 INFO             PET1 PIOc_sync Enter - MemInfo: [malloc] Total space held (mmap + non-mmap):          4849664 Byte
20220312 063314.995 INFO             PET1 PIOc_sync Enter - MemInfo: [malloc] Total space used (mmap + non-mmap):          4292032 Byte
20220312 063314.995 INFO             PET1 PIOc_sync Enter - MemInfo: Wall-clock time since execution start:              0.0155625 seconds
20220312 063314.998 INFO             PET1 PIOc_sync Exit - MemInfo: [/proc/meminfo - SSI]	MemTotal:       65507008 kB
20220312 063314.998 INFO             PET1 PIOc_sync Exit - MemInfo: [/proc/meminfo - SSI]	MemFree:        49636652 kB
20220312 063314.998 INFO             PET1 PIOc_sync Exit - MemInfo: [/proc/meminfo - SSI]	MemAvailable:   49409860 kB
20220312 063314.998 INFO             PET1 PIOc_sync Exit - MemInfo: [/proc/meminfo - SSI]	Committed_AS:   12977172 kB
20220312 063314.998 INFO             PET1 PIOc_sync Exit - MemInfo: [/proc/meminfo - SSI]	CommittedPercent: 19.8104 %
20220312 063314.998 INFO             PET1 PIOc_sync Exit - MemInfo: [/proc/self/status]	VmPeak:	  507244 kB
20220312 063314.998 INFO             PET1 PIOc_sync Exit - MemInfo: [/proc/self/status]	VmSize:	  507244 kB
20220312 063314.998 INFO             PET1 PIOc_sync Exit - MemInfo: [/proc/self/status]	VmLck:	       0 kB
20220312 063314.998 INFO             PET1 PIOc_sync Exit - MemInfo: [/proc/self/status]	VmPin:	       0 kB
20220312 063314.998 INFO             PET1 PIOc_sync Exit - MemInfo: [/proc/self/status]	VmHWM:	   64844 kB
20220312 063314.998 INFO             PET1 PIOc_sync Exit - MemInfo: [/proc/self/status]	VmRSS:	   18536 kB
20220312 063314.998 INFO             PET1 PIOc_sync Exit - MemInfo: [/proc/self/status]	VmData:	   15268 kB
20220312 063314.998 INFO             PET1 PIOc_sync Exit - MemInfo: [/proc/self/status]	VmStk:	     148 kB
20220312 063314.998 INFO             PET1 PIOc_sync Exit - MemInfo: [/proc/self/status]	VmExe:	     216 kB
20220312 063314.998 INFO             PET1 PIOc_sync Exit - MemInfo: [/proc/self/status]	VmLib:	   49272 kB
20220312 063314.998 INFO             PET1 PIOc_sync Exit - MemInfo: [/proc/self/status]	VmPTE:	     724 kB
20220312 063314.998 INFO             PET1 PIOc_sync Exit - MemInfo: [/proc/self/status]	VmPMD:	      16 kB
20220312 063314.998 INFO             PET1 PIOc_sync Exit - MemInfo: [/proc/self/status]	VmSwap:	       0 kB
20220312 063314.998 INFO             PET1 PIOc_sync Exit - MemInfo: [/proc/self/status]	VmRSSPercent: 0.0282962 %
20220312 063314.998 INFO             PET1 PIOc_sync Exit - MemInfo: [malloc] Non-mmapped space allocated:                 3268608 Byte
20220312 063314.998 INFO             PET1 PIOc_sync Exit - MemInfo: [malloc] Space allocated in mmapped regions:          1581056 Byte
20220312 063314.998 INFO             PET1 PIOc_sync Exit - MemInfo: [malloc] Maximum total allocated space:                     0 Byte
20220312 063314.998 INFO             PET1 PIOc_sync Exit - MemInfo: [malloc] Space in freed fastbin blocks:                  2688 Byte
20220312 063314.998 INFO             PET1 PIOc_sync Exit - MemInfo: [malloc] Total allocated space:                       2701504 Byte
20220312 063314.998 INFO             PET1 PIOc_sync Exit - MemInfo: [malloc] Total free space:                             567104 Byte
20220312 063314.998 INFO             PET1 PIOc_sync Exit - MemInfo: [malloc] Top-most, releasable space:                   134640 Byte
20220312 063314.998 INFO             PET1 PIOc_sync Exit - MemInfo: [malloc] Total space in use, mmap + non-mmap:         4282560 Byte
20220312 063314.998 INFO             PET1 PIOc_sync Exit - MemInfo: [malloc] Total space held (mmap + non-mmap):          4849664 Byte
20220312 063314.998 INFO             PET1 PIOc_sync Exit - MemInfo: [malloc] Total space used (mmap + non-mmap):          4291952 Byte
20220312 063314.998 INFO             PET1 PIOc_sync Exit - MemInfo: Wall-clock time since execution start:              0.0183287 seconds
20220312 063314.999 INFO             PET1 PIOc_freedecomp Enter - MemInfo: [/proc/meminfo - SSI]	MemTotal:       65507008 kB
20220312 063314.999 INFO             PET1 PIOc_freedecomp Enter - MemInfo: [/proc/meminfo - SSI]	MemFree:        49651772 kB
20220312 063314.999 INFO             PET1 PIOc_freedecomp Enter - MemInfo: [/proc/meminfo - SSI]	MemAvailable:   49424980 kB
20220312 063314.999 INFO             PET1 PIOc_freedecomp Enter - MemInfo: [/proc/meminfo - SSI]	Committed_AS:   12960784 kB
20220312 063314.999 INFO             PET1 PIOc_freedecomp Enter - MemInfo: [/proc/meminfo - SSI]	CommittedPercent: 19.7853 %
20220312 063314.999 INFO             PET1 PIOc_freedecomp Enter - MemInfo: [/proc/self/status]	VmPeak:	  507244 kB
20220312 063314.999 INFO             PET1 PIOc_freedecomp Enter - MemInfo: [/proc/self/status]	VmSize:	  507244 kB
20220312 063314.999 INFO             PET1 PIOc_freedecomp Enter - MemInfo: [/proc/self/status]	VmLck:	       0 kB
20220312 063314.999 INFO             PET1 PIOc_freedecomp Enter - MemInfo: [/proc/self/status]	VmPin:	       0 kB
20220312 063314.999 INFO             PET1 PIOc_freedecomp Enter - MemInfo: [/proc/self/status]	VmHWM:	   64844 kB
20220312 063314.999 INFO             PET1 PIOc_freedecomp Enter - MemInfo: [/proc/self/status]	VmRSS:	   18536 kB
20220312 063314.999 INFO             PET1 PIOc_freedecomp Enter - MemInfo: [/proc/self/status]	VmData:	   15268 kB
20220312 063314.999 INFO             PET1 PIOc_freedecomp Enter - MemInfo: [/proc/self/status]	VmStk:	     148 kB
20220312 063314.999 INFO             PET1 PIOc_freedecomp Enter - MemInfo: [/proc/self/status]	VmExe:	     216 kB
20220312 063314.999 INFO             PET1 PIOc_freedecomp Enter - MemInfo: [/proc/self/status]	VmLib:	   49272 kB
20220312 063314.999 INFO             PET1 PIOc_freedecomp Enter - MemInfo: [/proc/self/status]	VmPTE:	     724 kB
20220312 063314.999 INFO             PET1 PIOc_freedecomp Enter - MemInfo: [/proc/self/status]	VmPMD:	      16 kB
20220312 063314.999 INFO             PET1 PIOc_freedecomp Enter - MemInfo: [/proc/self/status]	VmSwap:	       0 kB
20220312 063314.999 INFO             PET1 PIOc_freedecomp Enter - MemInfo: [/proc/self/status]	VmRSSPercent: 0.0282962 %
20220312 063314.999 INFO             PET1 PIOc_freedecomp Enter - MemInfo: [malloc] Non-mmapped space allocated:                 3268608 Byte
20220312 063314.999 INFO             PET1 PIOc_freedecomp Enter - MemInfo: [malloc] Space allocated in mmapped regions:          1581056 Byte
20220312 063314.999 INFO             PET1 PIOc_freedecomp Enter - MemInfo: [malloc] Maximum total allocated space:                     0 Byte
20220312 063314.999 INFO             PET1 PIOc_freedecomp Enter - MemInfo: [malloc] Space in freed fastbin blocks:                  2560 Byte
20220312 063314.999 INFO             PET1 PIOc_freedecomp Enter - MemInfo: [malloc] Total allocated space:                       2699888 Byte
20220312 063314.999 INFO             PET1 PIOc_freedecomp Enter - MemInfo: [malloc] Total free space:                             568720 Byte
20220312 063314.999 INFO             PET1 PIOc_freedecomp Enter - MemInfo: [malloc] Top-most, releasable space:                   134640 Byte
20220312 063314.999 INFO             PET1 PIOc_freedecomp Enter - MemInfo: [malloc] Total space in use, mmap + non-mmap:         4280944 Byte
20220312 063314.999 INFO             PET1 PIOc_freedecomp Enter - MemInfo: [malloc] Total space held (mmap + non-mmap):          4849664 Byte
20220312 063314.999 INFO             PET1 PIOc_freedecomp Enter - MemInfo: [malloc] Total space used (mmap + non-mmap):          4290320 Byte
20220312 063314.999 INFO             PET1 PIOc_freedecomp Enter - MemInfo: Wall-clock time since execution start:              0.0192354 seconds
20220312 063314.999 INFO             PET1 PIOc_freedecomp Exit - MemInfo: [/proc/meminfo - SSI]	MemTotal:       65507008 kB
20220312 063314.999 INFO             PET1 PIOc_freedecomp Exit - MemInfo: [/proc/meminfo - SSI]	MemFree:        49651772 kB
20220312 063314.999 INFO             PET1 PIOc_freedecomp Exit - MemInfo: [/proc/meminfo - SSI]	MemAvailable:   49424980 kB
20220312 063314.999 INFO             PET1 PIOc_freedecomp Exit - MemInfo: [/proc/meminfo - SSI]	Committed_AS:   12960784 kB
20220312 063314.999 INFO             PET1 PIOc_freedecomp Exit - MemInfo: [/proc/meminfo - SSI]	CommittedPercent: 19.7853 %
20220312 063314.999 INFO             PET1 PIOc_freedecomp Exit - MemInfo: [/proc/self/status]	VmPeak:	  507244 kB
20220312 063314.999 INFO             PET1 PIOc_freedecomp Exit - MemInfo: [/proc/self/status]	VmSize:	  507244 kB
20220312 063314.999 INFO             PET1 PIOc_freedecomp Exit - MemInfo: [/proc/self/status]	VmLck:	       0 kB
20220312 063314.999 INFO             PET1 PIOc_freedecomp Exit - MemInfo: [/proc/self/status]	VmPin:	       0 kB
20220312 063314.999 INFO             PET1 PIOc_freedecomp Exit - MemInfo: [/proc/self/status]	VmHWM:	   64844 kB
20220312 063314.999 INFO             PET1 PIOc_freedecomp Exit - MemInfo: [/proc/self/status]	VmRSS:	   18540 kB
20220312 063314.999 INFO             PET1 PIOc_freedecomp Exit - MemInfo: [/proc/self/status]	VmData:	   15268 kB
20220312 063314.999 INFO             PET1 PIOc_freedecomp Exit - MemInfo: [/proc/self/status]	VmStk:	     148 kB
20220312 063314.999 INFO             PET1 PIOc_freedecomp Exit - MemInfo: [/proc/self/status]	VmExe:	     216 kB
20220312 063314.999 INFO             PET1 PIOc_freedecomp Exit - MemInfo: [/proc/self/status]	VmLib:	   49272 kB
20220312 063314.999 INFO             PET1 PIOc_freedecomp Exit - MemInfo: [/proc/self/status]	VmPTE:	     724 kB
20220312 063314.999 INFO             PET1 PIOc_freedecomp Exit - MemInfo: [/proc/self/status]	VmPMD:	      16 kB
20220312 063314.999 INFO             PET1 PIOc_freedecomp Exit - MemInfo: [/proc/self/status]	VmSwap:	       0 kB
20220312 063314.999 INFO             PET1 PIOc_freedecomp Exit - MemInfo: [/proc/self/status]	VmRSSPercent: 0.0283023 %
20220312 063314.999 INFO             PET1 PIOc_freedecomp Exit - MemInfo: [malloc] Non-mmapped space allocated:                 3268608 Byte
20220312 063314.999 INFO             PET1 PIOc_freedecomp Exit - MemInfo: [malloc] Space allocated in mmapped regions:          1581056 Byte
20220312 063314.999 INFO             PET1 PIOc_freedecomp Exit - MemInfo: [malloc] Maximum total allocated space:                     0 Byte
20220312 063314.999 INFO             PET1 PIOc_freedecomp Exit - MemInfo: [malloc] Space in freed fastbin blocks:                  3008 Byte
20220312 063314.999 INFO             PET1 PIOc_freedecomp Exit - MemInfo: [malloc] Total allocated space:                       2697920 Byte
20220312 063314.999 INFO             PET1 PIOc_freedecomp Exit - MemInfo: [malloc] Total free space:                             570688 Byte
20220312 063314.999 INFO             PET1 PIOc_freedecomp Exit - MemInfo: [malloc] Top-most, releasable space:                   134640 Byte
20220312 063314.999 INFO             PET1 PIOc_freedecomp Exit - MemInfo: [malloc] Total space in use, mmap + non-mmap:         4278976 Byte
20220312 063314.999 INFO             PET1 PIOc_freedecomp Exit - MemInfo: [malloc] Total space held (mmap + non-mmap):          4849664 Byte
20220312 063314.999 INFO             PET1 PIOc_freedecomp Exit - MemInfo: [malloc] Total space used (mmap + non-mmap):          4288352 Byte
20220312 063314.999 INFO             PET1 PIOc_freedecomp Exit - MemInfo: Wall-clock time since execution start:                0.01947 seconds
20220312 063315.003 INFO             PET1 PIOc_sync Enter - MemInfo: [/proc/meminfo - SSI]	MemTotal:       65507008 kB
20220312 063315.003 INFO             PET1 PIOc_sync Enter - MemInfo: [/proc/meminfo - SSI]	MemFree:        49644716 kB
20220312 063315.003 INFO             PET1 PIOc_sync Enter - MemInfo: [/proc/meminfo - SSI]	MemAvailable:   49417924 kB
20220312 063315.003 INFO             PET1 PIOc_sync Enter - MemInfo: [/proc/meminfo - SSI]	Committed_AS:   12977040 kB
20220312 063315.003 INFO             PET1 PIOc_sync Enter - MemInfo: [/proc/meminfo - SSI]	CommittedPercent: 19.8102 %
20220312 063315.003 INFO             PET1 PIOc_sync Enter - MemInfo: [/proc/self/status]	VmPeak:	  507244 kB
20220312 063315.003 INFO             PET1 PIOc_sync Enter - MemInfo: [/proc/self/status]	VmSize:	  507244 kB
20220312 063315.003 INFO             PET1 PIOc_sync Enter - MemInfo: [/proc/self/status]	VmLck:	       0 kB
20220312 063315.003 INFO             PET1 PIOc_sync Enter - MemInfo: [/proc/self/status]	VmPin:	       0 kB
20220312 063315.003 INFO             PET1 PIOc_sync Enter - MemInfo: [/proc/self/status]	VmHWM:	   64844 kB
20220312 063315.003 INFO             PET1 PIOc_sync Enter - MemInfo: [/proc/self/status]	VmRSS:	   18564 kB
20220312 063315.003 INFO             PET1 PIOc_sync Enter - MemInfo: [/proc/self/status]	VmData:	   15268 kB
20220312 063315.003 INFO             PET1 PIOc_sync Enter - MemInfo: [/proc/self/status]	VmStk:	     148 kB
20220312 063315.003 INFO             PET1 PIOc_sync Enter - MemInfo: [/proc/self/status]	VmExe:	     216 kB
20220312 063315.003 INFO             PET1 PIOc_sync Enter - MemInfo: [/proc/self/status]	VmLib:	   49272 kB
20220312 063315.003 INFO             PET1 PIOc_sync Enter - MemInfo: [/proc/self/status]	VmPTE:	     724 kB
20220312 063315.003 INFO             PET1 PIOc_sync Enter - MemInfo: [/proc/self/status]	VmPMD:	      16 kB
20220312 063315.003 INFO             PET1 PIOc_sync Enter - MemInfo: [/proc/self/status]	VmSwap:	       0 kB
20220312 063315.003 INFO             PET1 PIOc_sync Enter - MemInfo: [/proc/self/status]	VmRSSPercent: 0.028339 %
20220312 063315.003 INFO             PET1 PIOc_sync Enter - MemInfo: [malloc] Non-mmapped space allocated:                 3268608 Byte
20220312 063315.004 INFO             PET1 PIOc_sync Enter - MemInfo: [malloc] Space allocated in mmapped regions:          1581056 Byte
20220312 063315.004 INFO             PET1 PIOc_sync Enter - MemInfo: [malloc] Maximum total allocated space:                     0 Byte
20220312 063315.004 INFO             PET1 PIOc_sync Enter - MemInfo: [malloc] Space in freed fastbin blocks:                  1280 Byte
20220312 063315.004 INFO             PET1 PIOc_sync Enter - MemInfo: [malloc] Total allocated space:                       2701760 Byte
20220312 063315.004 INFO             PET1 PIOc_sync Enter - MemInfo: [malloc] Total free space:                             566848 Byte
20220312 063315.004 INFO             PET1 PIOc_sync Enter - MemInfo: [malloc] Top-most, releasable space:                   134640 Byte
20220312 063315.004 INFO             PET1 PIOc_sync Enter - MemInfo: [malloc] Total space in use, mmap + non-mmap:         4282816 Byte
20220312 063315.004 INFO             PET1 PIOc_sync Enter - MemInfo: [malloc] Total space held (mmap + non-mmap):          4849664 Byte
20220312 063315.004 INFO             PET1 PIOc_sync Enter - MemInfo: [malloc] Total space used (mmap + non-mmap):          4292208 Byte
20220312 063315.004 INFO             PET1 PIOc_sync Enter - MemInfo: Wall-clock time since execution start:              0.0237903 seconds
20220312 063315.004 INFO             PET1 PIOc_sync Exit - MemInfo: [/proc/meminfo - SSI]	MemTotal:       65507008 kB
20220312 063315.004 INFO             PET1 PIOc_sync Exit - MemInfo: [/proc/meminfo - SSI]	MemFree:        49644716 kB
20220312 063315.004 INFO             PET1 PIOc_sync Exit - MemInfo: [/proc/meminfo - SSI]	MemAvailable:   49417924 kB
20220312 063315.004 INFO             PET1 PIOc_sync Exit - MemInfo: [/proc/meminfo - SSI]	Committed_AS:   12977040 kB
20220312 063315.004 INFO             PET1 PIOc_sync Exit - MemInfo: [/proc/meminfo - SSI]	CommittedPercent: 19.8102 %
20220312 063315.004 INFO             PET1 PIOc_sync Exit - MemInfo: [/proc/self/status]	VmPeak:	  507244 kB
20220312 063315.004 INFO             PET1 PIOc_sync Exit - MemInfo: [/proc/self/status]	VmSize:	  507244 kB
20220312 063315.004 INFO             PET1 PIOc_sync Exit - MemInfo: [/proc/self/status]	VmLck:	       0 kB
20220312 063315.004 INFO             PET1 PIOc_sync Exit - MemInfo: [/proc/self/status]	VmPin:	       0 kB
20220312 063315.004 INFO             PET1 PIOc_sync Exit - MemInfo: [/proc/self/status]	VmHWM:	   64844 kB
20220312 063315.004 INFO             PET1 PIOc_sync Exit - MemInfo: [/proc/self/status]	VmRSS:	   18564 kB
20220312 063315.004 INFO             PET1 PIOc_sync Exit - MemInfo: [/proc/self/status]	VmData:	   15268 kB
20220312 063315.004 INFO             PET1 PIOc_sync Exit - MemInfo: [/proc/self/status]	VmStk:	     148 kB
20220312 063315.004 INFO             PET1 PIOc_sync Exit - MemInfo: [/proc/self/status]	VmExe:	     216 kB
20220312 063315.004 INFO             PET1 PIOc_sync Exit - MemInfo: [/proc/self/status]	VmLib:	   49272 kB
20220312 063315.004 INFO             PET1 PIOc_sync Exit - MemInfo: [/proc/self/status]	VmPTE:	     724 kB
20220312 063315.004 INFO             PET1 PIOc_sync Exit - MemInfo: [/proc/self/status]	VmPMD:	      16 kB
20220312 063315.004 INFO             PET1 PIOc_sync Exit - MemInfo: [/proc/self/status]	VmSwap:	       0 kB
20220312 063315.004 INFO             PET1 PIOc_sync Exit - MemInfo: [/proc/self/status]	VmRSSPercent: 0.028339 %
20220312 063315.004 INFO             PET1 PIOc_sync Exit - MemInfo: [malloc] Non-mmapped space allocated:                 3268608 Byte
20220312 063315.004 INFO             PET1 PIOc_sync Exit - MemInfo: [malloc] Space allocated in mmapped regions:          1581056 Byte
20220312 063315.004 INFO             PET1 PIOc_sync Exit - MemInfo: [malloc] Maximum total allocated space:                     0 Byte
20220312 063315.004 INFO             PET1 PIOc_sync Exit - MemInfo: [malloc] Space in freed fastbin blocks:                  2720 Byte
20220312 063315.004 INFO             PET1 PIOc_sync Exit - MemInfo: [malloc] Total allocated space:                       2701680 Byte
20220312 063315.004 INFO             PET1 PIOc_sync Exit - MemInfo: [malloc] Total free space:                             566928 Byte
20220312 063315.004 INFO             PET1 PIOc_sync Exit - MemInfo: [malloc] Top-most, releasable space:                   134640 Byte
20220312 063315.004 INFO             PET1 PIOc_sync Exit - MemInfo: [malloc] Total space in use, mmap + non-mmap:         4282736 Byte
20220312 063315.004 INFO             PET1 PIOc_sync Exit - MemInfo: [malloc] Total space held (mmap + non-mmap):          4849664 Byte
20220312 063315.004 INFO             PET1 PIOc_sync Exit - MemInfo: [malloc] Total space used (mmap + non-mmap):          4292128 Byte
20220312 063315.004 INFO             PET1 PIOc_sync Exit - MemInfo: Wall-clock time since execution start:              0.0240791 seconds
20220312 063315.004 INFO             PET1 PIOc_freedecomp Enter - MemInfo: [/proc/meminfo - SSI]	MemTotal:       65507008 kB
20220312 063315.004 INFO             PET1 PIOc_freedecomp Enter - MemInfo: [/proc/meminfo - SSI]	MemFree:        49644716 kB
20220312 063315.004 INFO             PET1 PIOc_freedecomp Enter - MemInfo: [/proc/meminfo - SSI]	MemAvailable:   49417924 kB
20220312 063315.004 INFO             PET1 PIOc_freedecomp Enter - MemInfo: [/proc/meminfo - SSI]	Committed_AS:   12977040 kB
20220312 063315.004 INFO             PET1 PIOc_freedecomp Enter - MemInfo: [/proc/meminfo - SSI]	CommittedPercent: 19.8102 %
20220312 063315.004 INFO             PET1 PIOc_freedecomp Enter - MemInfo: [/proc/self/status]	VmPeak:	  507244 kB
20220312 063315.004 INFO             PET1 PIOc_freedecomp Enter - MemInfo: [/proc/self/status]	VmSize:	  507244 kB
20220312 063315.004 INFO             PET1 PIOc_freedecomp Enter - MemInfo: [/proc/self/status]	VmLck:	       0 kB
20220312 063315.004 INFO             PET1 PIOc_freedecomp Enter - MemInfo: [/proc/self/status]	VmPin:	       0 kB
20220312 063315.004 INFO             PET1 PIOc_freedecomp Enter - MemInfo: [/proc/self/status]	VmHWM:	   64844 kB
20220312 063315.004 INFO             PET1 PIOc_freedecomp Enter - MemInfo: [/proc/self/status]	VmRSS:	   18564 kB
20220312 063315.004 INFO             PET1 PIOc_freedecomp Enter - MemInfo: [/proc/self/status]	VmData:	   15268 kB
20220312 063315.004 INFO             PET1 PIOc_freedecomp Enter - MemInfo: [/proc/self/status]	VmStk:	     148 kB
20220312 063315.004 INFO             PET1 PIOc_freedecomp Enter - MemInfo: [/proc/self/status]	VmExe:	     216 kB
20220312 063315.004 INFO             PET1 PIOc_freedecomp Enter - MemInfo: [/proc/self/status]	VmLib:	   49272 kB
20220312 063315.004 INFO             PET1 PIOc_freedecomp Enter - MemInfo: [/proc/self/status]	VmPTE:	     724 kB
20220312 063315.004 INFO             PET1 PIOc_freedecomp Enter - MemInfo: [/proc/self/status]	VmPMD:	      16 kB
20220312 063315.004 INFO             PET1 PIOc_freedecomp Enter - MemInfo: [/proc/self/status]	VmSwap:	       0 kB
20220312 063315.004 INFO             PET1 PIOc_freedecomp Enter - MemInfo: [/proc/self/status]	VmRSSPercent: 0.028339 %
20220312 063315.004 INFO             PET1 PIOc_freedecomp Enter - MemInfo: [malloc] Non-mmapped space allocated:                 3268608 Byte
20220312 063315.004 INFO             PET1 PIOc_freedecomp Enter - MemInfo: [malloc] Space allocated in mmapped regions:          1581056 Byte
20220312 063315.004 INFO             PET1 PIOc_freedecomp Enter - MemInfo: [malloc] Maximum total allocated space:                     0 Byte
20220312 063315.004 INFO             PET1 PIOc_freedecomp Enter - MemInfo: [malloc] Space in freed fastbin blocks:                  2784 Byte
20220312 063315.004 INFO             PET1 PIOc_freedecomp Enter - MemInfo: [malloc] Total allocated space:                       2699920 Byte
20220312 063315.004 INFO             PET1 PIOc_freedecomp Enter - MemInfo: [malloc] Total free space:                             568688 Byte
20220312 063315.004 INFO             PET1 PIOc_freedecomp Enter - MemInfo: [malloc] Top-most, releasable space:                   134640 Byte
20220312 063315.004 INFO             PET1 PIOc_freedecomp Enter - MemInfo: [malloc] Total space in use, mmap + non-mmap:         4280976 Byte
20220312 063315.004 INFO             PET1 PIOc_freedecomp Enter - MemInfo: [malloc] Total space held (mmap + non-mmap):          4849664 Byte
20220312 063315.004 INFO             PET1 PIOc_freedecomp Enter - MemInfo: [malloc] Total space used (mmap + non-mmap):          4290352 Byte
20220312 063315.004 INFO             PET1 PIOc_freedecomp Enter - MemInfo: Wall-clock time since execution start:              0.0243372 seconds
20220312 063315.004 INFO             PET1 PIOc_freedecomp Exit - MemInfo: [/proc/meminfo - SSI]	MemTotal:       65507008 kB
20220312 063315.004 INFO             PET1 PIOc_freedecomp Exit - MemInfo: [/proc/meminfo - SSI]	MemFree:        49644716 kB
20220312 063315.004 INFO             PET1 PIOc_freedecomp Exit - MemInfo: [/proc/meminfo - SSI]	MemAvailable:   49417924 kB
20220312 063315.004 INFO             PET1 PIOc_freedecomp Exit - MemInfo: [/proc/meminfo - SSI]	Committed_AS:   12977040 kB
20220312 063315.004 INFO             PET1 PIOc_freedecomp Exit - MemInfo: [/proc/meminfo - SSI]	CommittedPercent: 19.8102 %
20220312 063315.004 INFO             PET1 PIOc_freedecomp Exit - MemInfo: [/proc/self/status]	VmPeak:	  507244 kB
20220312 063315.004 INFO             PET1 PIOc_freedecomp Exit - MemInfo: [/proc/self/status]	VmSize:	  507244 kB
20220312 063315.004 INFO             PET1 PIOc_freedecomp Exit - MemInfo: [/proc/self/status]	VmLck:	       0 kB
20220312 063315.004 INFO             PET1 PIOc_freedecomp Exit - MemInfo: [/proc/self/status]	VmPin:	       0 kB
20220312 063315.004 INFO             PET1 PIOc_freedecomp Exit - MemInfo: [/proc/self/status]	VmHWM:	   64844 kB
20220312 063315.004 INFO             PET1 PIOc_freedecomp Exit - MemInfo: [/proc/self/status]	VmRSS:	   18564 kB
20220312 063315.004 INFO             PET1 PIOc_freedecomp Exit - MemInfo: [/proc/self/status]	VmData:	   15268 kB
20220312 063315.004 INFO             PET1 PIOc_freedecomp Exit - MemInfo: [/proc/self/status]	VmStk:	     148 kB
20220312 063315.004 INFO             PET1 PIOc_freedecomp Exit - MemInfo: [/proc/self/status]	VmExe:	     216 kB
20220312 063315.004 INFO             PET1 PIOc_freedecomp Exit - MemInfo: [/proc/self/status]	VmLib:	   49272 kB
20220312 063315.004 INFO             PET1 PIOc_freedecomp Exit - MemInfo: [/proc/self/status]	VmPTE:	     724 kB
20220312 063315.004 INFO             PET1 PIOc_freedecomp Exit - MemInfo: [/proc/self/status]	VmPMD:	      16 kB
20220312 063315.004 INFO             PET1 PIOc_freedecomp Exit - MemInfo: [/proc/self/status]	VmSwap:	       0 kB
20220312 063315.004 INFO             PET1 PIOc_freedecomp Exit - MemInfo: [/proc/self/status]	VmRSSPercent: 0.028339 %
20220312 063315.004 INFO             PET1 PIOc_freedecomp Exit - MemInfo: [malloc] Non-mmapped space allocated:                 3268608 Byte
20220312 063315.004 INFO             PET1 PIOc_freedecomp Exit - MemInfo: [malloc] Space allocated in mmapped regions:          1581056 Byte
20220312 063315.004 INFO             PET1 PIOc_freedecomp Exit - MemInfo: [malloc] Maximum total allocated space:                     0 Byte
20220312 063315.004 INFO             PET1 PIOc_freedecomp Exit - MemInfo: [malloc] Space in freed fastbin blocks:                  3248 Byte
20220312 063315.004 INFO             PET1 PIOc_freedecomp Exit - MemInfo: [malloc] Total allocated space:                       2697952 Byte
20220312 063315.004 INFO             PET1 PIOc_freedecomp Exit - MemInfo: [malloc] Total free space:                             570656 Byte
20220312 063315.004 INFO             PET1 PIOc_freedecomp Exit - MemInfo: [malloc] Top-most, releasable space:                   134640 Byte
20220312 063315.004 INFO             PET1 PIOc_freedecomp Exit - MemInfo: [malloc] Total space in use, mmap + non-mmap:         4279008 Byte
20220312 063315.004 INFO             PET1 PIOc_freedecomp Exit - MemInfo: [malloc] Total space held (mmap + non-mmap):          4849664 Byte
20220312 063315.004 INFO             PET1 PIOc_freedecomp Exit - MemInfo: [malloc] Total space used (mmap + non-mmap):          4288384 Byte
20220312 063315.004 INFO             PET1 PIOc_freedecomp Exit - MemInfo: Wall-clock time since execution start:              0.0245484 seconds
20220312 063315.005 INFO             PET1 PIOc_sync Enter - MemInfo: [/proc/meminfo - SSI]	MemTotal:       65507008 kB
20220312 063315.005 INFO             PET1 PIOc_sync Enter - MemInfo: [/proc/meminfo - SSI]	MemFree:        49644212 kB
20220312 063315.005 INFO             PET1 PIOc_sync Enter - MemInfo: [/proc/meminfo - SSI]	MemAvailable:   49417420 kB
20220312 063315.005 INFO             PET1 PIOc_sync Enter - MemInfo: [/proc/meminfo - SSI]	Committed_AS:   12977040 kB
20220312 063315.005 INFO             PET1 PIOc_sync Enter - MemInfo: [/proc/meminfo - SSI]	CommittedPercent: 19.8102 %
20220312 063315.005 INFO             PET1 PIOc_sync Enter - MemInfo: [/proc/self/status]	VmPeak:	  507244 kB
20220312 063315.005 INFO             PET1 PIOc_sync Enter - MemInfo: [/proc/self/status]	VmSize:	  507244 kB
20220312 063315.005 INFO             PET1 PIOc_sync Enter - MemInfo: [/proc/self/status]	VmLck:	       0 kB
20220312 063315.005 INFO             PET1 PIOc_sync Enter - MemInfo: [/proc/self/status]	VmPin:	       0 kB
20220312 063315.005 INFO             PET1 PIOc_sync Enter - MemInfo: [/proc/self/status]	VmHWM:	   64844 kB
20220312 063315.005 INFO             PET1 PIOc_sync Enter - MemInfo: [/proc/self/status]	VmRSS:	   18564 kB
20220312 063315.005 INFO             PET1 PIOc_sync Enter - MemInfo: [/proc/self/status]	VmData:	   15268 kB
20220312 063315.005 INFO             PET1 PIOc_sync Enter - MemInfo: [/proc/self/status]	VmStk:	     148 kB
20220312 063315.005 INFO             PET1 PIOc_sync Enter - MemInfo: [/proc/self/status]	VmExe:	     216 kB
20220312 063315.005 INFO             PET1 PIOc_sync Enter - MemInfo: [/proc/self/status]	VmLib:	   49272 kB
20220312 063315.005 INFO             PET1 PIOc_sync Enter - MemInfo: [/proc/self/status]	VmPTE:	     724 kB
20220312 063315.005 INFO             PET1 PIOc_sync Enter - MemInfo: [/proc/self/status]	VmPMD:	      16 kB
20220312 063315.005 INFO             PET1 PIOc_sync Enter - MemInfo: [/proc/self/status]	VmSwap:	       0 kB
20220312 063315.005 INFO             PET1 PIOc_sync Enter - MemInfo: [/proc/self/status]	VmRSSPercent: 0.028339 %
20220312 063315.005 INFO             PET1 PIOc_sync Enter - MemInfo: [malloc] Non-mmapped space allocated:                 3268608 Byte
20220312 063315.005 INFO             PET1 PIOc_sync Enter - MemInfo: [malloc] Space allocated in mmapped regions:          1581056 Byte
20220312 063315.005 INFO             PET1 PIOc_sync Enter - MemInfo: [malloc] Maximum total allocated space:                     0 Byte
20220312 063315.005 INFO             PET1 PIOc_sync Enter - MemInfo: [malloc] Space in freed fastbin blocks:                  1376 Byte
20220312 063315.005 INFO             PET1 PIOc_sync Enter - MemInfo: [malloc] Total allocated space:                       2701872 Byte
20220312 063315.005 INFO             PET1 PIOc_sync Enter - MemInfo: [malloc] Total free space:                             566736 Byte
20220312 063315.005 INFO             PET1 PIOc_sync Enter - MemInfo: [malloc] Top-most, releasable space:                   134640 Byte
20220312 063315.005 INFO             PET1 PIOc_sync Enter - MemInfo: [malloc] Total space in use, mmap + non-mmap:         4282928 Byte
20220312 063315.005 INFO             PET1 PIOc_sync Enter - MemInfo: [malloc] Total space held (mmap + non-mmap):          4849664 Byte
20220312 063315.005 INFO             PET1 PIOc_sync Enter - MemInfo: [malloc] Total space used (mmap + non-mmap):          4292320 Byte
20220312 063315.005 INFO             PET1 PIOc_sync Enter - MemInfo: Wall-clock time since execution start:              0.0256985 seconds
20220312 063315.006 INFO             PET1 PIOc_sync Exit - MemInfo: [/proc/meminfo - SSI]	MemTotal:       65507008 kB
20220312 063315.006 INFO             PET1 PIOc_sync Exit - MemInfo: [/proc/meminfo - SSI]	MemFree:        49644212 kB
20220312 063315.006 INFO             PET1 PIOc_sync Exit - MemInfo: [/proc/meminfo - SSI]	MemAvailable:   49417420 kB
20220312 063315.006 INFO             PET1 PIOc_sync Exit - MemInfo: [/proc/meminfo - SSI]	Committed_AS:   12977040 kB
20220312 063315.006 INFO             PET1 PIOc_sync Exit - MemInfo: [/proc/meminfo - SSI]	CommittedPercent: 19.8102 %
20220312 063315.006 INFO             PET1 PIOc_sync Exit - MemInfo: [/proc/self/status]	VmPeak:	  507244 kB
20220312 063315.006 INFO             PET1 PIOc_sync Exit - MemInfo: [/proc/self/status]	VmSize:	  507244 kB
20220312 063315.006 INFO             PET1 PIOc_sync Exit - MemInfo: [/proc/self/status]	VmLck:	       0 kB
20220312 063315.006 INFO             PET1 PIOc_sync Exit - MemInfo: [/proc/self/status]	VmPin:	       0 kB
20220312 063315.006 INFO             PET1 PIOc_sync Exit - MemInfo: [/proc/self/status]	VmHWM:	   64844 kB
20220312 063315.006 INFO             PET1 PIOc_sync Exit - MemInfo: [/proc/self/status]	VmRSS:	   18564 kB
20220312 063315.006 INFO             PET1 PIOc_sync Exit - MemInfo: [/proc/self/status]	VmData:	   15268 kB
20220312 063315.006 INFO             PET1 PIOc_sync Exit - MemInfo: [/proc/self/status]	VmStk:	     148 kB
20220312 063315.006 INFO             PET1 PIOc_sync Exit - MemInfo: [/proc/self/status]	VmExe:	     216 kB
20220312 063315.006 INFO             PET1 PIOc_sync Exit - MemInfo: [/proc/self/status]	VmLib:	   49272 kB
20220312 063315.006 INFO             PET1 PIOc_sync Exit - MemInfo: [/proc/self/status]	VmPTE:	     724 kB
20220312 063315.006 INFO             PET1 PIOc_sync Exit - MemInfo: [/proc/self/status]	VmPMD:	      16 kB
20220312 063315.006 INFO             PET1 PIOc_sync Exit - MemInfo: [/proc/self/status]	VmSwap:	       0 kB
20220312 063315.006 INFO             PET1 PIOc_sync Exit - MemInfo: [/proc/self/status]	VmRSSPercent: 0.028339 %
20220312 063315.006 INFO             PET1 PIOc_sync Exit - MemInfo: [malloc] Non-mmapped space allocated:                 3268608 Byte
20220312 063315.006 INFO             PET1 PIOc_sync Exit - MemInfo: [malloc] Space allocated in mmapped regions:          1581056 Byte
20220312 063315.006 INFO             PET1 PIOc_sync Exit - MemInfo: [malloc] Maximum total allocated space:                     0 Byte
20220312 063315.006 INFO             PET1 PIOc_sync Exit - MemInfo: [malloc] Space in freed fastbin blocks:                  2704 Byte
20220312 063315.006 INFO             PET1 PIOc_sync Exit - MemInfo: [malloc] Total allocated space:                       2701792 Byte
20220312 063315.006 INFO             PET1 PIOc_sync Exit - MemInfo: [malloc] Total free space:                             566816 Byte
20220312 063315.006 INFO             PET1 PIOc_sync Exit - MemInfo: [malloc] Top-most, releasable space:                   134640 Byte
20220312 063315.006 INFO             PET1 PIOc_sync Exit - MemInfo: [malloc] Total space in use, mmap + non-mmap:         4282848 Byte
20220312 063315.006 INFO             PET1 PIOc_sync Exit - MemInfo: [malloc] Total space held (mmap + non-mmap):          4849664 Byte
20220312 063315.006 INFO             PET1 PIOc_sync Exit - MemInfo: [malloc] Total space used (mmap + non-mmap):          4292240 Byte
20220312 063315.006 INFO             PET1 PIOc_sync Exit - MemInfo: Wall-clock time since execution start:              0.0259844 seconds
20220312 063315.006 INFO             PET1 PIOc_freedecomp Enter - MemInfo: [/proc/meminfo - SSI]	MemTotal:       65507008 kB
20220312 063315.006 INFO             PET1 PIOc_freedecomp Enter - MemInfo: [/proc/meminfo - SSI]	MemFree:        49644212 kB
20220312 063315.006 INFO             PET1 PIOc_freedecomp Enter - MemInfo: [/proc/meminfo - SSI]	MemAvailable:   49417420 kB
20220312 063315.006 INFO             PET1 PIOc_freedecomp Enter - MemInfo: [/proc/meminfo - SSI]	Committed_AS:   12977040 kB
20220312 063315.006 INFO             PET1 PIOc_freedecomp Enter - MemInfo: [/proc/meminfo - SSI]	CommittedPercent: 19.8102 %
20220312 063315.006 INFO             PET1 PIOc_freedecomp Enter - MemInfo: [/proc/self/status]	VmPeak:	  507244 kB
20220312 063315.006 INFO             PET1 PIOc_freedecomp Enter - MemInfo: [/proc/self/status]	VmSize:	  507244 kB
