build time -- 2022-03-12 04:11:32
20220312 044041.320 INFO             PET0 !!!!!!!!!!!!!!!!!!!!!!!!!!!!!!!!!!!!!!!!!!!!!!!!!!!!!!
20220312 044041.320 INFO             PET0 !!! THE ESMF_LOG IS SET TO OUTPUT ALL LOG MESSAGES !!!
20220312 044041.320 INFO             PET0 !!!     THIS MAY CAUSE SLOWDOWN IN PERFORMANCE     !!!
20220312 044041.320 INFO             PET0 !!! FOR PRODUCTION RUNS, USE:                      !!!
20220312 044041.320 INFO             PET0 !!!                   ESMF_LOGKIND_Multi_On_Error  !!!
20220312 044041.320 INFO             PET0 !!!!!!!!!!!!!!!!!!!!!!!!!!!!!!!!!!!!!!!!!!!!!!!!!!!!!!
20220312 044041.320 INFO             PET0 Running with ESMF Version   : v8.3.0b09-96-g559b459
20220312 044041.320 INFO             PET0 ESMF library build date/time: "Mar 12 2022" "04:10:25"
20220312 044041.320 INFO             PET0 ESMF library build location : /work/noaa/da/mpotts/sandbox/gfortran_8.3.0_openmpi_O_jedwards_pio_update2
20220312 044041.320 INFO             PET0 ESMF_COMM                   : openmpi
20220312 044041.321 INFO             PET0 ESMF_MOAB                   : enabled
20220312 044041.321 INFO             PET0 ESMF_LAPACK                 : enabled
20220312 044041.321 INFO             PET0 ESMF_NETCDF                 : enabled
20220312 044041.321 INFO             PET0 ESMF_PNETCDF                : disabled
20220312 044041.321 INFO             PET0 ESMF_PIO                    : enabled
20220312 044041.321 INFO             PET0 ESMF_YAMLCPP                : enabled
20220312 044041.330 INFO             PET0 PIOc_sync Enter - MemInfo: [/proc/meminfo - SSI]	MemTotal:       196434604 kB
20220312 044041.330 INFO             PET0 PIOc_sync Enter - MemInfo: [/proc/meminfo - SSI]	MemFree:        189419036 kB
20220312 044041.330 INFO             PET0 PIOc_sync Enter - MemInfo: [/proc/meminfo - SSI]	MemAvailable:   191938680 kB
20220312 044041.330 INFO             PET0 PIOc_sync Enter - MemInfo: [/proc/meminfo - SSI]	Committed_AS:     654456 kB
20220312 044041.330 INFO             PET0 PIOc_sync Enter - MemInfo: [/proc/meminfo - SSI]	CommittedPercent: 0.333167 %
20220312 044041.330 INFO             PET0 PIOc_sync Enter - MemInfo: [/proc/self/status]	VmPeak:	  654700 kB
20220312 044041.330 INFO             PET0 PIOc_sync Enter - MemInfo: [/proc/self/status]	VmSize:	  654700 kB
20220312 044041.330 INFO             PET0 PIOc_sync Enter - MemInfo: [/proc/self/status]	VmLck:	       0 kB
20220312 044041.330 INFO             PET0 PIOc_sync Enter - MemInfo: [/proc/self/status]	VmPin:	       0 kB
20220312 044041.330 INFO             PET0 PIOc_sync Enter - MemInfo: [/proc/self/status]	VmHWM:	   64016 kB
20220312 044041.330 INFO             PET0 PIOc_sync Enter - MemInfo: [/proc/self/status]	VmRSS:	   30592 kB
20220312 044041.330 INFO             PET0 PIOc_sync Enter - MemInfo: [/proc/self/status]	VmData:	  195580 kB
20220312 044041.330 INFO             PET0 PIOc_sync Enter - MemInfo: [/proc/self/status]	VmStk:	     144 kB
20220312 044041.330 INFO             PET0 PIOc_sync Enter - MemInfo: [/proc/self/status]	VmExe:	     220 kB
20220312 044041.330 INFO             PET0 PIOc_sync Enter - MemInfo: [/proc/self/status]	VmLib:	   59892 kB
20220312 044041.330 INFO             PET0 PIOc_sync Enter - MemInfo: [/proc/self/status]	VmPTE:	     936 kB
20220312 044041.330 INFO             PET0 PIOc_sync Enter - MemInfo: [/proc/self/status]	VmSwap:	       0 kB
20220312 044041.330 INFO             PET0 PIOc_sync Enter - MemInfo: [/proc/self/status]	VmRSSPercent: 0.0155736 %
20220312 044041.330 INFO             PET0 PIOc_sync Enter - MemInfo: [malloc] Non-mmapped space allocated:                 3457024 Byte
20220312 044041.330 INFO             PET0 PIOc_sync Enter - MemInfo: [malloc] Space allocated in mmapped regions:         10502144 Byte
20220312 044041.330 INFO             PET0 PIOc_sync Enter - MemInfo: [malloc] Maximum total allocated space:                     0 Byte
20220312 044041.330 INFO             PET0 PIOc_sync Enter - MemInfo: [malloc] Space in freed fastbin blocks:                  1808 Byte
20220312 044041.330 INFO             PET0 PIOc_sync Enter - MemInfo: [malloc] Total allocated space:                       3060624 Byte
20220312 044041.330 INFO             PET0 PIOc_sync Enter - MemInfo: [malloc] Total free space:                             396400 Byte
20220312 044041.330 INFO             PET0 PIOc_sync Enter - MemInfo: [malloc] Top-most, releasable space:                   195872 Byte
20220312 044041.330 INFO             PET0 PIOc_sync Enter - MemInfo: [malloc] Total space in use, mmap + non-mmap:        13562768 Byte
20220312 044041.330 INFO             PET0 PIOc_sync Enter - MemInfo: [malloc] Total space held (mmap + non-mmap):         13959168 Byte
20220312 044041.330 INFO             PET0 PIOc_sync Enter - MemInfo: [malloc] Total space used (mmap + non-mmap):         13572144 Byte
20220312 044041.330 INFO             PET0 PIOc_sync Enter - MemInfo: Wall-clock time since execution start:              0.0168628 seconds
20220312 044041.331 INFO             PET0 PIOc_sync Exit - MemInfo: [/proc/meminfo - SSI]	MemTotal:       196434604 kB
20220312 044041.331 INFO             PET0 PIOc_sync Exit - MemInfo: [/proc/meminfo - SSI]	MemFree:        189419036 kB
20220312 044041.331 INFO             PET0 PIOc_sync Exit - MemInfo: [/proc/meminfo - SSI]	MemAvailable:   191938680 kB
20220312 044041.331 INFO             PET0 PIOc_sync Exit - MemInfo: [/proc/meminfo - SSI]	Committed_AS:     654456 kB
20220312 044041.331 INFO             PET0 PIOc_sync Exit - MemInfo: [/proc/meminfo - SSI]	CommittedPercent: 0.333167 %
20220312 044041.331 INFO             PET0 PIOc_sync Exit - MemInfo: [/proc/self/status]	VmPeak:	  654700 kB
20220312 044041.331 INFO             PET0 PIOc_sync Exit - MemInfo: [/proc/self/status]	VmSize:	  654700 kB
20220312 044041.331 INFO             PET0 PIOc_sync Exit - MemInfo: [/proc/self/status]	VmLck:	       0 kB
20220312 044041.331 INFO             PET0 PIOc_sync Exit - MemInfo: [/proc/self/status]	VmPin:	       0 kB
20220312 044041.331 INFO             PET0 PIOc_sync Exit - MemInfo: [/proc/self/status]	VmHWM:	   64016 kB
20220312 044041.331 INFO             PET0 PIOc_sync Exit - MemInfo: [/proc/self/status]	VmRSS:	   30704 kB
20220312 044041.331 INFO             PET0 PIOc_sync Exit - MemInfo: [/proc/self/status]	VmData:	  195580 kB
20220312 044041.331 INFO             PET0 PIOc_sync Exit - MemInfo: [/proc/self/status]	VmStk:	     144 kB
20220312 044041.331 INFO             PET0 PIOc_sync Exit - MemInfo: [/proc/self/status]	VmExe:	     220 kB
20220312 044041.331 INFO             PET0 PIOc_sync Exit - MemInfo: [/proc/self/status]	VmLib:	   59892 kB
20220312 044041.331 INFO             PET0 PIOc_sync Exit - MemInfo: [/proc/self/status]	VmPTE:	     936 kB
20220312 044041.331 INFO             PET0 PIOc_sync Exit - MemInfo: [/proc/self/status]	VmSwap:	       0 kB
20220312 044041.331 INFO             PET0 PIOc_sync Exit - MemInfo: [/proc/self/status]	VmRSSPercent: 0.0156306 %
20220312 044041.331 INFO             PET0 PIOc_sync Exit - MemInfo: [malloc] Non-mmapped space allocated:                 3457024 Byte
20220312 044041.331 INFO             PET0 PIOc_sync Exit - MemInfo: [malloc] Space allocated in mmapped regions:         10502144 Byte
20220312 044041.331 INFO             PET0 PIOc_sync Exit - MemInfo: [malloc] Maximum total allocated space:                     0 Byte
20220312 044041.331 INFO             PET0 PIOc_sync Exit - MemInfo: [malloc] Space in freed fastbin blocks:                  2976 Byte
20220312 044041.331 INFO             PET0 PIOc_sync Exit - MemInfo: [malloc] Total allocated space:                       3065312 Byte
20220312 044041.331 INFO             PET0 PIOc_sync Exit - MemInfo: [malloc] Total free space:                             391712 Byte
20220312 044041.331 INFO             PET0 PIOc_sync Exit - MemInfo: [malloc] Top-most, releasable space:                   187008 Byte
20220312 044041.331 INFO             PET0 PIOc_sync Exit - MemInfo: [malloc] Total space in use, mmap + non-mmap:        13567456 Byte
20220312 044041.331 INFO             PET0 PIOc_sync Exit - MemInfo: [malloc] Total space held (mmap + non-mmap):         13959168 Byte
20220312 044041.331 INFO             PET0 PIOc_sync Exit - MemInfo: [malloc] Total space used (mmap + non-mmap):         13576800 Byte
20220312 044041.331 INFO             PET0 PIOc_sync Exit - MemInfo: Wall-clock time since execution start:              0.0182681 seconds
20220312 044041.332 INFO             PET0 PIOc_freedecomp Enter - MemInfo: [/proc/meminfo - SSI]	MemTotal:       196434604 kB
20220312 044041.332 INFO             PET0 PIOc_freedecomp Enter - MemInfo: [/proc/meminfo - SSI]	MemFree:        189425940 kB
20220312 044041.332 INFO             PET0 PIOc_freedecomp Enter - MemInfo: [/proc/meminfo - SSI]	MemAvailable:   191945584 kB
20220312 044041.332 INFO             PET0 PIOc_freedecomp Enter - MemInfo: [/proc/meminfo - SSI]	Committed_AS:     646260 kB
20220312 044041.332 INFO             PET0 PIOc_freedecomp Enter - MemInfo: [/proc/meminfo - SSI]	CommittedPercent: 0.328995 %
20220312 044041.332 INFO             PET0 PIOc_freedecomp Enter - MemInfo: [/proc/self/status]	VmPeak:	  654700 kB
20220312 044041.332 INFO             PET0 PIOc_freedecomp Enter - MemInfo: [/proc/self/status]	VmSize:	  645988 kB
20220312 044041.332 INFO             PET0 PIOc_freedecomp Enter - MemInfo: [/proc/self/status]	VmLck:	       0 kB
20220312 044041.332 INFO             PET0 PIOc_freedecomp Enter - MemInfo: [/proc/self/status]	VmPin:	       0 kB
20220312 044041.332 INFO             PET0 PIOc_freedecomp Enter - MemInfo: [/proc/self/status]	VmHWM:	   64016 kB
20220312 044041.332 INFO             PET0 PIOc_freedecomp Enter - MemInfo: [/proc/self/status]	VmRSS:	   22512 kB
20220312 044041.332 INFO             PET0 PIOc_freedecomp Enter - MemInfo: [/proc/self/status]	VmData:	  186868 kB
20220312 044041.332 INFO             PET0 PIOc_freedecomp Enter - MemInfo: [/proc/self/status]	VmStk:	     144 kB
20220312 044041.332 INFO             PET0 PIOc_freedecomp Enter - MemInfo: [/proc/self/status]	VmExe:	     220 kB
20220312 044041.332 INFO             PET0 PIOc_freedecomp Enter - MemInfo: [/proc/self/status]	VmLib:	   59892 kB
20220312 044041.332 INFO             PET0 PIOc_freedecomp Enter - MemInfo: [/proc/self/status]	VmPTE:	     920 kB
20220312 044041.332 INFO             PET0 PIOc_freedecomp Enter - MemInfo: [/proc/self/status]	VmSwap:	       0 kB
20220312 044041.332 INFO             PET0 PIOc_freedecomp Enter - MemInfo: [/proc/self/status]	VmRSSPercent: 0.0114603 %
20220312 044041.332 INFO             PET0 PIOc_freedecomp Enter - MemInfo: [malloc] Non-mmapped space allocated:                 3457024 Byte
20220312 044041.332 INFO             PET0 PIOc_freedecomp Enter - MemInfo: [malloc] Space allocated in mmapped regions:          1581056 Byte
20220312 044041.332 INFO             PET0 PIOc_freedecomp Enter - MemInfo: [malloc] Maximum total allocated space:                     0 Byte
20220312 044041.332 INFO             PET0 PIOc_freedecomp Enter - MemInfo: [malloc] Space in freed fastbin blocks:                  3408 Byte
20220312 044041.332 INFO             PET0 PIOc_freedecomp Enter - MemInfo: [malloc] Total allocated space:                       3051936 Byte
20220312 044041.332 INFO             PET0 PIOc_freedecomp Enter - MemInfo: [malloc] Total free space:                             405088 Byte
20220312 044041.332 INFO             PET0 PIOc_freedecomp Enter - MemInfo: [malloc] Top-most, releasable space:                   191232 Byte
20220312 044041.332 INFO             PET0 PIOc_freedecomp Enter - MemInfo: [malloc] Total space in use, mmap + non-mmap:         4632992 Byte
20220312 044041.332 INFO             PET0 PIOc_freedecomp Enter - MemInfo: [malloc] Total space held (mmap + non-mmap):          5038080 Byte
20220312 044041.332 INFO             PET0 PIOc_freedecomp Enter - MemInfo: [malloc] Total space used (mmap + non-mmap):          4642288 Byte
20220312 044041.332 INFO             PET0 PIOc_freedecomp Enter - MemInfo: Wall-clock time since execution start:               0.019213 seconds
20220312 044041.333 INFO             PET0 PIOc_freedecomp Exit - MemInfo: [/proc/meminfo - SSI]	MemTotal:       196434604 kB
20220312 044041.333 INFO             PET0 PIOc_freedecomp Exit - MemInfo: [/proc/meminfo - SSI]	MemFree:        189425940 kB
20220312 044041.333 INFO             PET0 PIOc_freedecomp Exit - MemInfo: [/proc/meminfo - SSI]	MemAvailable:   191945584 kB
20220312 044041.333 INFO             PET0 PIOc_freedecomp Exit - MemInfo: [/proc/meminfo - SSI]	Committed_AS:     646260 kB
20220312 044041.333 INFO             PET0 PIOc_freedecomp Exit - MemInfo: [/proc/meminfo - SSI]	CommittedPercent: 0.328995 %
20220312 044041.333 INFO             PET0 PIOc_freedecomp Exit - MemInfo: [/proc/self/status]	VmPeak:	  654700 kB
20220312 044041.333 INFO             PET0 PIOc_freedecomp Exit - MemInfo: [/proc/self/status]	VmSize:	  645988 kB
20220312 044041.333 INFO             PET0 PIOc_freedecomp Exit - MemInfo: [/proc/self/status]	VmLck:	       0 kB
20220312 044041.333 INFO             PET0 PIOc_freedecomp Exit - MemInfo: [/proc/self/status]	VmPin:	       0 kB
20220312 044041.333 INFO             PET0 PIOc_freedecomp Exit - MemInfo: [/proc/self/status]	VmHWM:	   64016 kB
20220312 044041.333 INFO             PET0 PIOc_freedecomp Exit - MemInfo: [/proc/self/status]	VmRSS:	   22512 kB
20220312 044041.333 INFO             PET0 PIOc_freedecomp Exit - MemInfo: [/proc/self/status]	VmData:	  186868 kB
20220312 044041.333 INFO             PET0 PIOc_freedecomp Exit - MemInfo: [/proc/self/status]	VmStk:	     144 kB
20220312 044041.333 INFO             PET0 PIOc_freedecomp Exit - MemInfo: [/proc/self/status]	VmExe:	     220 kB
20220312 044041.333 INFO             PET0 PIOc_freedecomp Exit - MemInfo: [/proc/self/status]	VmLib:	   59892 kB
20220312 044041.333 INFO             PET0 PIOc_freedecomp Exit - MemInfo: [/proc/self/status]	VmPTE:	     920 kB
20220312 044041.333 INFO             PET0 PIOc_freedecomp Exit - MemInfo: [/proc/self/status]	VmSwap:	       0 kB
20220312 044041.333 INFO             PET0 PIOc_freedecomp Exit - MemInfo: [/proc/self/status]	VmRSSPercent: 0.0114603 %
20220312 044041.333 INFO             PET0 PIOc_freedecomp Exit - MemInfo: [malloc] Non-mmapped space allocated:                 3457024 Byte
20220312 044041.333 INFO             PET0 PIOc_freedecomp Exit - MemInfo: [malloc] Space allocated in mmapped regions:          1581056 Byte
20220312 044041.333 INFO             PET0 PIOc_freedecomp Exit - MemInfo: [malloc] Maximum total allocated space:                     0 Byte
20220312 044041.333 INFO             PET0 PIOc_freedecomp Exit - MemInfo: [malloc] Space in freed fastbin blocks:                  3584 Byte
20220312 044041.333 INFO             PET0 PIOc_freedecomp Exit - MemInfo: [malloc] Total allocated space:                       3045072 Byte
20220312 044041.333 INFO             PET0 PIOc_freedecomp Exit - MemInfo: [malloc] Total free space:                             411952 Byte
20220312 044041.333 INFO             PET0 PIOc_freedecomp Exit - MemInfo: [malloc] Top-most, releasable space:                   191232 Byte
20220312 044041.333 INFO             PET0 PIOc_freedecomp Exit - MemInfo: [malloc] Total space in use, mmap + non-mmap:         4626128 Byte
20220312 044041.333 INFO             PET0 PIOc_freedecomp Exit - MemInfo: [malloc] Total space held (mmap + non-mmap):          5038080 Byte
20220312 044041.333 INFO             PET0 PIOc_freedecomp Exit - MemInfo: [malloc] Total space used (mmap + non-mmap):          4635408 Byte
20220312 044041.333 INFO             PET0 PIOc_freedecomp Exit - MemInfo: Wall-clock time since execution start:               0.019698 seconds
20220312 044041.335 INFO             PET0 PIOc_sync Enter - MemInfo: [/proc/meminfo - SSI]	MemTotal:       196434604 kB
20220312 044041.335 INFO             PET0 PIOc_sync Enter - MemInfo: [/proc/meminfo - SSI]	MemFree:        189422200 kB
20220312 044041.335 INFO             PET0 PIOc_sync Enter - MemInfo: [/proc/meminfo - SSI]	MemAvailable:   191941844 kB
20220312 044041.335 INFO             PET0 PIOc_sync Enter - MemInfo: [/proc/meminfo - SSI]	Committed_AS:     654388 kB
20220312 044041.335 INFO             PET0 PIOc_sync Enter - MemInfo: [/proc/meminfo - SSI]	CommittedPercent: 0.333133 %
20220312 044041.335 INFO             PET0 PIOc_sync Enter - MemInfo: [/proc/self/status]	VmPeak:	  654700 kB
20220312 044041.335 INFO             PET0 PIOc_sync Enter - MemInfo: [/proc/self/status]	VmSize:	  654632 kB
20220312 044041.335 INFO             PET0 PIOc_sync Enter - MemInfo: [/proc/self/status]	VmLck:	       0 kB
20220312 044041.335 INFO             PET0 PIOc_sync Enter - MemInfo: [/proc/self/status]	VmPin:	       0 kB
20220312 044041.335 INFO             PET0 PIOc_sync Enter - MemInfo: [/proc/self/status]	VmHWM:	   64016 kB
20220312 044041.335 INFO             PET0 PIOc_sync Enter - MemInfo: [/proc/self/status]	VmRSS:	   27260 kB
20220312 044041.335 INFO             PET0 PIOc_sync Enter - MemInfo: [/proc/self/status]	VmData:	  195512 kB
20220312 044041.335 INFO             PET0 PIOc_sync Enter - MemInfo: [/proc/self/status]	VmStk:	     144 kB
20220312 044041.335 INFO             PET0 PIOc_sync Enter - MemInfo: [/proc/self/status]	VmExe:	     220 kB
20220312 044041.336 INFO             PET0 PIOc_sync Enter - MemInfo: [/proc/self/status]	VmLib:	   59892 kB
20220312 044041.336 INFO             PET0 PIOc_sync Enter - MemInfo: [/proc/self/status]	VmPTE:	     936 kB
20220312 044041.336 INFO             PET0 PIOc_sync Enter - MemInfo: [/proc/self/status]	VmSwap:	       0 kB
20220312 044041.336 INFO             PET0 PIOc_sync Enter - MemInfo: [/proc/self/status]	VmRSSPercent: 0.0138774 %
20220312 044041.336 INFO             PET0 PIOc_sync Enter - MemInfo: [malloc] Non-mmapped space allocated:                12308480 Byte
20220312 044041.336 INFO             PET0 PIOc_sync Enter - MemInfo: [malloc] Space allocated in mmapped regions:          1581056 Byte
20220312 044041.336 INFO             PET0 PIOc_sync Enter - MemInfo: [malloc] Maximum total allocated space:                     0 Byte
20220312 044041.336 INFO             PET0 PIOc_sync Enter - MemInfo: [malloc] Space in freed fastbin blocks:                  3680 Byte
20220312 044041.336 INFO             PET0 PIOc_sync Enter - MemInfo: [malloc] Total allocated space:                      11974016 Byte
20220312 044041.336 INFO             PET0 PIOc_sync Enter - MemInfo: [malloc] Total free space:                             334464 Byte
20220312 044041.336 INFO             PET0 PIOc_sync Enter - MemInfo: [malloc] Top-most, releasable space:                   131952 Byte
20220312 044041.336 INFO             PET0 PIOc_sync Enter - MemInfo: [malloc] Total space in use, mmap + non-mmap:        13555072 Byte
20220312 044041.336 INFO             PET0 PIOc_sync Enter - MemInfo: [malloc] Total space held (mmap + non-mmap):         13889536 Byte
20220312 044041.336 INFO             PET0 PIOc_sync Enter - MemInfo: [malloc] Total space used (mmap + non-mmap):         13564320 Byte
20220312 044041.336 INFO             PET0 PIOc_sync Enter - MemInfo: Wall-clock time since execution start:              0.0223923 seconds
20220312 044041.336 INFO             PET0 PIOc_sync Exit - MemInfo: [/proc/meminfo - SSI]	MemTotal:       196434604 kB
20220312 044041.336 INFO             PET0 PIOc_sync Exit - MemInfo: [/proc/meminfo - SSI]	MemFree:        189422200 kB
20220312 044041.336 INFO             PET0 PIOc_sync Exit - MemInfo: [/proc/meminfo - SSI]	MemAvailable:   191941844 kB
20220312 044041.336 INFO             PET0 PIOc_sync Exit - MemInfo: [/proc/meminfo - SSI]	Committed_AS:     654388 kB
20220312 044041.336 INFO             PET0 PIOc_sync Exit - MemInfo: [/proc/meminfo - SSI]	CommittedPercent: 0.333133 %
20220312 044041.336 INFO             PET0 PIOc_sync Exit - MemInfo: [/proc/self/status]	VmPeak:	  654700 kB
20220312 044041.336 INFO             PET0 PIOc_sync Exit - MemInfo: [/proc/self/status]	VmSize:	  654632 kB
20220312 044041.336 INFO             PET0 PIOc_sync Exit - MemInfo: [/proc/self/status]	VmLck:	       0 kB
20220312 044041.336 INFO             PET0 PIOc_sync Exit - MemInfo: [/proc/self/status]	VmPin:	       0 kB
20220312 044041.336 INFO             PET0 PIOc_sync Exit - MemInfo: [/proc/self/status]	VmHWM:	   64016 kB
20220312 044041.336 INFO             PET0 PIOc_sync Exit - MemInfo: [/proc/self/status]	VmRSS:	   27272 kB
20220312 044041.336 INFO             PET0 PIOc_sync Exit - MemInfo: [/proc/self/status]	VmData:	  195512 kB
20220312 044041.336 INFO             PET0 PIOc_sync Exit - MemInfo: [/proc/self/status]	VmStk:	     144 kB
20220312 044041.336 INFO             PET0 PIOc_sync Exit - MemInfo: [/proc/self/status]	VmExe:	     220 kB
20220312 044041.336 INFO             PET0 PIOc_sync Exit - MemInfo: [/proc/self/status]	VmLib:	   59892 kB
20220312 044041.336 INFO             PET0 PIOc_sync Exit - MemInfo: [/proc/self/status]	VmPTE:	     936 kB
20220312 044041.336 INFO             PET0 PIOc_sync Exit - MemInfo: [/proc/self/status]	VmSwap:	       0 kB
20220312 044041.336 INFO             PET0 PIOc_sync Exit - MemInfo: [/proc/self/status]	VmRSSPercent: 0.0138835 %
20220312 044041.336 INFO             PET0 PIOc_sync Exit - MemInfo: [malloc] Non-mmapped space allocated:                12308480 Byte
20220312 044041.336 INFO             PET0 PIOc_sync Exit - MemInfo: [malloc] Space allocated in mmapped regions:          1581056 Byte
20220312 044041.336 INFO             PET0 PIOc_sync Exit - MemInfo: [malloc] Maximum total allocated space:                     0 Byte
20220312 044041.336 INFO             PET0 PIOc_sync Exit - MemInfo: [malloc] Space in freed fastbin blocks:                  3184 Byte
20220312 044041.336 INFO             PET0 PIOc_sync Exit - MemInfo: [malloc] Total allocated space:                      11978704 Byte
20220312 044041.336 INFO             PET0 PIOc_sync Exit - MemInfo: [malloc] Total free space:                             329776 Byte
20220312 044041.336 INFO             PET0 PIOc_sync Exit - MemInfo: [malloc] Top-most, releasable space:                   124496 Byte
20220312 044041.336 INFO             PET0 PIOc_sync Exit - MemInfo: [malloc] Total space in use, mmap + non-mmap:        13559760 Byte
20220312 044041.336 INFO             PET0 PIOc_sync Exit - MemInfo: [malloc] Total space held (mmap + non-mmap):         13889536 Byte
20220312 044041.336 INFO             PET0 PIOc_sync Exit - MemInfo: [malloc] Total space used (mmap + non-mmap):         13568976 Byte
20220312 044041.336 INFO             PET0 PIOc_sync Exit - MemInfo: Wall-clock time since execution start:              0.0228046 seconds
20220312 044041.336 INFO             PET0 PIOc_freedecomp Enter - MemInfo: [/proc/meminfo - SSI]	MemTotal:       196434604 kB
20220312 044041.336 INFO             PET0 PIOc_freedecomp Enter - MemInfo: [/proc/meminfo - SSI]	MemFree:        189422200 kB
20220312 044041.336 INFO             PET0 PIOc_freedecomp Enter - MemInfo: [/proc/meminfo - SSI]	MemAvailable:   191941844 kB
20220312 044041.336 INFO             PET0 PIOc_freedecomp Enter - MemInfo: [/proc/meminfo - SSI]	Committed_AS:     654388 kB
20220312 044041.336 INFO             PET0 PIOc_freedecomp Enter - MemInfo: [/proc/meminfo - SSI]	CommittedPercent: 0.333133 %
20220312 044041.336 INFO             PET0 PIOc_freedecomp Enter - MemInfo: [/proc/self/status]	VmPeak:	  654700 kB
20220312 044041.336 INFO             PET0 PIOc_freedecomp Enter - MemInfo: [/proc/self/status]	VmSize:	  654632 kB
20220312 044041.336 INFO             PET0 PIOc_freedecomp Enter - MemInfo: [/proc/self/status]	VmLck:	       0 kB
20220312 044041.336 INFO             PET0 PIOc_freedecomp Enter - MemInfo: [/proc/self/status]	VmPin:	       0 kB
20220312 044041.336 INFO             PET0 PIOc_freedecomp Enter - MemInfo: [/proc/self/status]	VmHWM:	   64016 kB
20220312 044041.336 INFO             PET0 PIOc_freedecomp Enter - MemInfo: [/proc/self/status]	VmRSS:	   27280 kB
20220312 044041.336 INFO             PET0 PIOc_freedecomp Enter - MemInfo: [/proc/self/status]	VmData:	  195512 kB
20220312 044041.336 INFO             PET0 PIOc_freedecomp Enter - MemInfo: [/proc/self/status]	VmStk:	     144 kB
20220312 044041.336 INFO             PET0 PIOc_freedecomp Enter - MemInfo: [/proc/self/status]	VmExe:	     220 kB
20220312 044041.336 INFO             PET0 PIOc_freedecomp Enter - MemInfo: [/proc/self/status]	VmLib:	   59892 kB
20220312 044041.336 INFO             PET0 PIOc_freedecomp Enter - MemInfo: [/proc/self/status]	VmPTE:	     936 kB
20220312 044041.336 INFO             PET0 PIOc_freedecomp Enter - MemInfo: [/proc/self/status]	VmSwap:	       0 kB
20220312 044041.336 INFO             PET0 PIOc_freedecomp Enter - MemInfo: [/proc/self/status]	VmRSSPercent: 0.0138876 %
20220312 044041.336 INFO             PET0 PIOc_freedecomp Enter - MemInfo: [malloc] Non-mmapped space allocated:                12308480 Byte
20220312 044041.336 INFO             PET0 PIOc_freedecomp Enter - MemInfo: [malloc] Space allocated in mmapped regions:          1581056 Byte
20220312 044041.336 INFO             PET0 PIOc_freedecomp Enter - MemInfo: [malloc] Maximum total allocated space:                     0 Byte
20220312 044041.336 INFO             PET0 PIOc_freedecomp Enter - MemInfo: [malloc] Space in freed fastbin blocks:                  3168 Byte
20220312 044041.336 INFO             PET0 PIOc_freedecomp Enter - MemInfo: [malloc] Total allocated space:                       3051616 Byte
20220312 044041.337 INFO             PET0 PIOc_freedecomp Enter - MemInfo: [malloc] Total free space:                            9256864 Byte
20220312 044041.337 INFO             PET0 PIOc_freedecomp Enter - MemInfo: [malloc] Top-most, releasable space:                   128240 Byte
20220312 044041.337 INFO             PET0 PIOc_freedecomp Enter - MemInfo: [malloc] Total space in use, mmap + non-mmap:         4632672 Byte
20220312 044041.337 INFO             PET0 PIOc_freedecomp Enter - MemInfo: [malloc] Total space held (mmap + non-mmap):         13889536 Byte
20220312 044041.337 INFO             PET0 PIOc_freedecomp Enter - MemInfo: [malloc] Total space used (mmap + non-mmap):          4641840 Byte
20220312 044041.337 INFO             PET0 PIOc_freedecomp Enter - MemInfo: Wall-clock time since execution start:              0.0233279 seconds
20220312 044041.337 INFO             PET0 PIOc_freedecomp Exit - MemInfo: [/proc/meminfo - SSI]	MemTotal:       196434604 kB
20220312 044041.337 INFO             PET0 PIOc_freedecomp Exit - MemInfo: [/proc/meminfo - SSI]	MemFree:        189422200 kB
20220312 044041.337 INFO             PET0 PIOc_freedecomp Exit - MemInfo: [/proc/meminfo - SSI]	MemAvailable:   191941844 kB
20220312 044041.337 INFO             PET0 PIOc_freedecomp Exit - MemInfo: [/proc/meminfo - SSI]	Committed_AS:     654388 kB
20220312 044041.337 INFO             PET0 PIOc_freedecomp Exit - MemInfo: [/proc/meminfo - SSI]	CommittedPercent: 0.333133 %
20220312 044041.337 INFO             PET0 PIOc_freedecomp Exit - MemInfo: [/proc/self/status]	VmPeak:	  654700 kB
20220312 044041.337 INFO             PET0 PIOc_freedecomp Exit - MemInfo: [/proc/self/status]	VmSize:	  654632 kB
20220312 044041.337 INFO             PET0 PIOc_freedecomp Exit - MemInfo: [/proc/self/status]	VmLck:	       0 kB
20220312 044041.337 INFO             PET0 PIOc_freedecomp Exit - MemInfo: [/proc/self/status]	VmPin:	       0 kB
20220312 044041.337 INFO             PET0 PIOc_freedecomp Exit - MemInfo: [/proc/self/status]	VmHWM:	   64016 kB
20220312 044041.337 INFO             PET0 PIOc_freedecomp Exit - MemInfo: [/proc/self/status]	VmRSS:	   27280 kB
20220312 044041.337 INFO             PET0 PIOc_freedecomp Exit - MemInfo: [/proc/self/status]	VmData:	  195512 kB
20220312 044041.337 INFO             PET0 PIOc_freedecomp Exit - MemInfo: [/proc/self/status]	VmStk:	     144 kB
20220312 044041.337 INFO             PET0 PIOc_freedecomp Exit - MemInfo: [/proc/self/status]	VmExe:	     220 kB
20220312 044041.337 INFO             PET0 PIOc_freedecomp Exit - MemInfo: [/proc/self/status]	VmLib:	   59892 kB
20220312 044041.337 INFO             PET0 PIOc_freedecomp Exit - MemInfo: [/proc/self/status]	VmPTE:	     936 kB
20220312 044041.337 INFO             PET0 PIOc_freedecomp Exit - MemInfo: [/proc/self/status]	VmSwap:	       0 kB
20220312 044041.337 INFO             PET0 PIOc_freedecomp Exit - MemInfo: [/proc/self/status]	VmRSSPercent: 0.0138876 %
20220312 044041.337 INFO             PET0 PIOc_freedecomp Exit - MemInfo: [malloc] Non-mmapped space allocated:                12308480 Byte
20220312 044041.337 INFO             PET0 PIOc_freedecomp Exit - MemInfo: [malloc] Space allocated in mmapped regions:          1581056 Byte
20220312 044041.337 INFO             PET0 PIOc_freedecomp Exit - MemInfo: [malloc] Maximum total allocated space:                     0 Byte
20220312 044041.337 INFO             PET0 PIOc_freedecomp Exit - MemInfo: [malloc] Space in freed fastbin blocks:                  3216 Byte
20220312 044041.337 INFO             PET0 PIOc_freedecomp Exit - MemInfo: [malloc] Total allocated space:                       3044752 Byte
20220312 044041.337 INFO             PET0 PIOc_freedecomp Exit - MemInfo: [malloc] Total free space:                            9263728 Byte
20220312 044041.337 INFO             PET0 PIOc_freedecomp Exit - MemInfo: [malloc] Top-most, releasable space:                   128720 Byte
20220312 044041.337 INFO             PET0 PIOc_freedecomp Exit - MemInfo: [malloc] Total space in use, mmap + non-mmap:         4625808 Byte
20220312 044041.337 INFO             PET0 PIOc_freedecomp Exit - MemInfo: [malloc] Total space held (mmap + non-mmap):         13889536 Byte
20220312 044041.337 INFO             PET0 PIOc_freedecomp Exit - MemInfo: [malloc] Total space used (mmap + non-mmap):          4636048 Byte
20220312 044041.337 INFO             PET0 PIOc_freedecomp Exit - MemInfo: Wall-clock time since execution start:              0.0236919 seconds
20220312 044041.339 INFO             PET0 PIOc_sync Enter - MemInfo: [/proc/meminfo - SSI]	MemTotal:       196434604 kB
20220312 044041.339 INFO             PET0 PIOc_sync Enter - MemInfo: [/proc/meminfo - SSI]	MemFree:        189422200 kB
20220312 044041.339 INFO             PET0 PIOc_sync Enter - MemInfo: [/proc/meminfo - SSI]	MemAvailable:   191941844 kB
20220312 044041.339 INFO             PET0 PIOc_sync Enter - MemInfo: [/proc/meminfo - SSI]	Committed_AS:     654388 kB
20220312 044041.339 INFO             PET0 PIOc_sync Enter - MemInfo: [/proc/meminfo - SSI]	CommittedPercent: 0.333133 %
20220312 044041.339 INFO             PET0 PIOc_sync Enter - MemInfo: [/proc/self/status]	VmPeak:	  654700 kB
20220312 044041.339 INFO             PET0 PIOc_sync Enter - MemInfo: [/proc/self/status]	VmSize:	  654632 kB
20220312 044041.339 INFO             PET0 PIOc_sync Enter - MemInfo: [/proc/self/status]	VmLck:	       0 kB
20220312 044041.340 INFO             PET0 PIOc_sync Enter - MemInfo: [/proc/self/status]	VmPin:	       0 kB
20220312 044041.340 INFO             PET0 PIOc_sync Enter - MemInfo: [/proc/self/status]	VmHWM:	   64016 kB
20220312 044041.340 INFO             PET0 PIOc_sync Enter - MemInfo: [/proc/self/status]	VmRSS:	   27596 kB
20220312 044041.340 INFO             PET0 PIOc_sync Enter - MemInfo: [/proc/self/status]	VmData:	  195512 kB
20220312 044041.340 INFO             PET0 PIOc_sync Enter - MemInfo: [/proc/self/status]	VmStk:	     144 kB
20220312 044041.340 INFO             PET0 PIOc_sync Enter - MemInfo: [/proc/self/status]	VmExe:	     220 kB
20220312 044041.340 INFO             PET0 PIOc_sync Enter - MemInfo: [/proc/self/status]	VmLib:	   59892 kB
20220312 044041.340 INFO             PET0 PIOc_sync Enter - MemInfo: [/proc/self/status]	VmPTE:	     936 kB
20220312 044041.340 INFO             PET0 PIOc_sync Enter - MemInfo: [/proc/self/status]	VmSwap:	       0 kB
20220312 044041.340 INFO             PET0 PIOc_sync Enter - MemInfo: [/proc/self/status]	VmRSSPercent: 0.0140484 %
20220312 044041.340 INFO             PET0 PIOc_sync Enter - MemInfo: [malloc] Non-mmapped space allocated:                12308480 Byte
20220312 044041.340 INFO             PET0 PIOc_sync Enter - MemInfo: [malloc] Space allocated in mmapped regions:          1581056 Byte
20220312 044041.340 INFO             PET0 PIOc_sync Enter - MemInfo: [malloc] Maximum total allocated space:                     0 Byte
20220312 044041.340 INFO             PET0 PIOc_sync Enter - MemInfo: [malloc] Space in freed fastbin blocks:                  3712 Byte
20220312 044041.340 INFO             PET0 PIOc_sync Enter - MemInfo: [malloc] Total allocated space:                      11974496 Byte
20220312 044041.340 INFO             PET0 PIOc_sync Enter - MemInfo: [malloc] Total free space:                             333984 Byte
20220312 044041.340 INFO             PET0 PIOc_sync Enter - MemInfo: [malloc] Top-most, releasable space:                   131504 Byte
20220312 044041.340 INFO             PET0 PIOc_sync Enter - MemInfo: [malloc] Total space in use, mmap + non-mmap:        13555552 Byte
20220312 044041.340 INFO             PET0 PIOc_sync Enter - MemInfo: [malloc] Total space held (mmap + non-mmap):         13889536 Byte
20220312 044041.340 INFO             PET0 PIOc_sync Enter - MemInfo: [malloc] Total space used (mmap + non-mmap):         13565792 Byte
20220312 044041.340 INFO             PET0 PIOc_sync Enter - MemInfo: Wall-clock time since execution start:              0.0264318 seconds
20220312 044041.340 INFO             PET0 PIOc_sync Exit - MemInfo: [/proc/meminfo - SSI]	MemTotal:       196434604 kB
20220312 044041.340 INFO             PET0 PIOc_sync Exit - MemInfo: [/proc/meminfo - SSI]	MemFree:        189422200 kB
20220312 044041.340 INFO             PET0 PIOc_sync Exit - MemInfo: [/proc/meminfo - SSI]	MemAvailable:   191941844 kB
20220312 044041.340 INFO             PET0 PIOc_sync Exit - MemInfo: [/proc/meminfo - SSI]	Committed_AS:     654388 kB
20220312 044041.340 INFO             PET0 PIOc_sync Exit - MemInfo: [/proc/meminfo - SSI]	CommittedPercent: 0.333133 %
20220312 044041.340 INFO             PET0 PIOc_sync Exit - MemInfo: [/proc/self/status]	VmPeak:	  654700 kB
20220312 044041.340 INFO             PET0 PIOc_sync Exit - MemInfo: [/proc/self/status]	VmSize:	  654632 kB
20220312 044041.340 INFO             PET0 PIOc_sync Exit - MemInfo: [/proc/self/status]	VmLck:	       0 kB
20220312 044041.340 INFO             PET0 PIOc_sync Exit - MemInfo: [/proc/self/status]	VmPin:	       0 kB
20220312 044041.340 INFO             PET0 PIOc_sync Exit - MemInfo: [/proc/self/status]	VmHWM:	   64016 kB
20220312 044041.340 INFO             PET0 PIOc_sync Exit - MemInfo: [/proc/self/status]	VmRSS:	   27596 kB
20220312 044041.340 INFO             PET0 PIOc_sync Exit - MemInfo: [/proc/self/status]	VmData:	  195512 kB
20220312 044041.340 INFO             PET0 PIOc_sync Exit - MemInfo: [/proc/self/status]	VmStk:	     144 kB
20220312 044041.340 INFO             PET0 PIOc_sync Exit - MemInfo: [/proc/self/status]	VmExe:	     220 kB
20220312 044041.340 INFO             PET0 PIOc_sync Exit - MemInfo: [/proc/self/status]	VmLib:	   59892 kB
20220312 044041.340 INFO             PET0 PIOc_sync Exit - MemInfo: [/proc/self/status]	VmPTE:	     936 kB
20220312 044041.340 INFO             PET0 PIOc_sync Exit - MemInfo: [/proc/self/status]	VmSwap:	       0 kB
20220312 044041.340 INFO             PET0 PIOc_sync Exit - MemInfo: [/proc/self/status]	VmRSSPercent: 0.0140484 %
20220312 044041.340 INFO             PET0 PIOc_sync Exit - MemInfo: [malloc] Non-mmapped space allocated:                12308480 Byte
20220312 044041.340 INFO             PET0 PIOc_sync Exit - MemInfo: [malloc] Space allocated in mmapped regions:          1581056 Byte
20220312 044041.340 INFO             PET0 PIOc_sync Exit - MemInfo: [malloc] Maximum total allocated space:                     0 Byte
20220312 044041.340 INFO             PET0 PIOc_sync Exit - MemInfo: [malloc] Space in freed fastbin blocks:                  2400 Byte
20220312 044041.340 INFO             PET0 PIOc_sync Exit - MemInfo: [malloc] Total allocated space:                      11979968 Byte
20220312 044041.340 INFO             PET0 PIOc_sync Exit - MemInfo: [malloc] Total free space:                             328512 Byte
20220312 044041.340 INFO             PET0 PIOc_sync Exit - MemInfo: [malloc] Top-most, releasable space:                   123488 Byte
20220312 044041.340 INFO             PET0 PIOc_sync Exit - MemInfo: [malloc] Total space in use, mmap + non-mmap:        13561024 Byte
20220312 044041.340 INFO             PET0 PIOc_sync Exit - MemInfo: [malloc] Total space held (mmap + non-mmap):         13889536 Byte
20220312 044041.340 INFO             PET0 PIOc_sync Exit - MemInfo: [malloc] Total space used (mmap + non-mmap):         13570432 Byte
20220312 044041.340 INFO             PET0 PIOc_sync Exit - MemInfo: Wall-clock time since execution start:              0.0269402 seconds
20220312 044041.341 INFO             PET0 PIOc_freedecomp Enter - MemInfo: [/proc/meminfo - SSI]	MemTotal:       196434604 kB
20220312 044041.341 INFO             PET0 PIOc_freedecomp Enter - MemInfo: [/proc/meminfo - SSI]	MemFree:        189422200 kB
20220312 044041.341 INFO             PET0 PIOc_freedecomp Enter - MemInfo: [/proc/meminfo - SSI]	MemAvailable:   191941844 kB
20220312 044041.341 INFO             PET0 PIOc_freedecomp Enter - MemInfo: [/proc/meminfo - SSI]	Committed_AS:     654388 kB
20220312 044041.341 INFO             PET0 PIOc_freedecomp Enter - MemInfo: [/proc/meminfo - SSI]	CommittedPercent: 0.333133 %
20220312 044041.341 INFO             PET0 PIOc_freedecomp Enter - MemInfo: [/proc/self/status]	VmPeak:	  654700 kB
20220312 044041.341 INFO             PET0 PIOc_freedecomp Enter - MemInfo: [/proc/self/status]	VmSize:	  654632 kB
20220312 044041.341 INFO             PET0 PIOc_freedecomp Enter - MemInfo: [/proc/self/status]	VmLck:	       0 kB
20220312 044041.341 INFO             PET0 PIOc_freedecomp Enter - MemInfo: [/proc/self/status]	VmPin:	       0 kB
20220312 044041.341 INFO             PET0 PIOc_freedecomp Enter - MemInfo: [/proc/self/status]	VmHWM:	   64016 kB
20220312 044041.341 INFO             PET0 PIOc_freedecomp Enter - MemInfo: [/proc/self/status]	VmRSS:	   27596 kB
20220312 044041.341 INFO             PET0 PIOc_freedecomp Enter - MemInfo: [/proc/self/status]	VmData:	  195512 kB
20220312 044041.341 INFO             PET0 PIOc_freedecomp Enter - MemInfo: [/proc/self/status]	VmStk:	     144 kB
20220312 044041.341 INFO             PET0 PIOc_freedecomp Enter - MemInfo: [/proc/self/status]	VmExe:	     220 kB
20220312 044041.341 INFO             PET0 PIOc_freedecomp Enter - MemInfo: [/proc/self/status]	VmLib:	   59892 kB
20220312 044041.341 INFO             PET0 PIOc_freedecomp Enter - MemInfo: [/proc/self/status]	VmPTE:	     936 kB
20220312 044041.341 INFO             PET0 PIOc_freedecomp Enter - MemInfo: [/proc/self/status]	VmSwap:	       0 kB
20220312 044041.341 INFO             PET0 PIOc_freedecomp Enter - MemInfo: [/proc/self/status]	VmRSSPercent: 0.0140484 %
20220312 044041.341 INFO             PET0 PIOc_freedecomp Enter - MemInfo: [malloc] Non-mmapped space allocated:                12308480 Byte
20220312 044041.341 INFO             PET0 PIOc_freedecomp Enter - MemInfo: [malloc] Space allocated in mmapped regions:          1581056 Byte
20220312 044041.341 INFO             PET0 PIOc_freedecomp Enter - MemInfo: [malloc] Maximum total allocated space:                     0 Byte
20220312 044041.341 INFO             PET0 PIOc_freedecomp Enter - MemInfo: [malloc] Space in freed fastbin blocks:                  1856 Byte
20220312 044041.341 INFO             PET0 PIOc_freedecomp Enter - MemInfo: [malloc] Total allocated space:                       3052112 Byte
20220312 044041.341 INFO             PET0 PIOc_freedecomp Enter - MemInfo: [malloc] Total free space:                            9256368 Byte
20220312 044041.341 INFO             PET0 PIOc_freedecomp Enter - MemInfo: [malloc] Top-most, releasable space:                   127888 Byte
20220312 044041.341 INFO             PET0 PIOc_freedecomp Enter - MemInfo: [malloc] Total space in use, mmap + non-mmap:         4633168 Byte
20220312 044041.341 INFO             PET0 PIOc_freedecomp Enter - MemInfo: [malloc] Total space held (mmap + non-mmap):         13889536 Byte
20220312 044041.341 INFO             PET0 PIOc_freedecomp Enter - MemInfo: [malloc] Total space used (mmap + non-mmap):          4642528 Byte
20220312 044041.341 INFO             PET0 PIOc_freedecomp Enter - MemInfo: Wall-clock time since execution start:              0.0275567 seconds
20220312 044041.341 INFO             PET0 PIOc_freedecomp Exit - MemInfo: [/proc/meminfo - SSI]	MemTotal:       196434604 kB
20220312 044041.341 INFO             PET0 PIOc_freedecomp Exit - MemInfo: [/proc/meminfo - SSI]	MemFree:        189422200 kB
20220312 044041.341 INFO             PET0 PIOc_freedecomp Exit - MemInfo: [/proc/meminfo - SSI]	MemAvailable:   191941844 kB
20220312 044041.341 INFO             PET0 PIOc_freedecomp Exit - MemInfo: [/proc/meminfo - SSI]	Committed_AS:     654388 kB
20220312 044041.341 INFO             PET0 PIOc_freedecomp Exit - MemInfo: [/proc/meminfo - SSI]	CommittedPercent: 0.333133 %
20220312 044041.341 INFO             PET0 PIOc_freedecomp Exit - MemInfo: [/proc/self/status]	VmPeak:	  654700 kB
20220312 044041.341 INFO             PET0 PIOc_freedecomp Exit - MemInfo: [/proc/self/status]	VmSize:	  654632 kB
20220312 044041.341 INFO             PET0 PIOc_freedecomp Exit - MemInfo: [/proc/self/status]	VmLck:	       0 kB
20220312 044041.341 INFO             PET0 PIOc_freedecomp Exit - MemInfo: [/proc/self/status]	VmPin:	       0 kB
20220312 044041.341 INFO             PET0 PIOc_freedecomp Exit - MemInfo: [/proc/self/status]	VmHWM:	   64016 kB
20220312 044041.341 INFO             PET0 PIOc_freedecomp Exit - MemInfo: [/proc/self/status]	VmRSS:	   27596 kB
20220312 044041.341 INFO             PET0 PIOc_freedecomp Exit - MemInfo: [/proc/self/status]	VmData:	  195512 kB
20220312 044041.341 INFO             PET0 PIOc_freedecomp Exit - MemInfo: [/proc/self/status]	VmStk:	     144 kB
20220312 044041.341 INFO             PET0 PIOc_freedecomp Exit - MemInfo: [/proc/self/status]	VmExe:	     220 kB
20220312 044041.341 INFO             PET0 PIOc_freedecomp Exit - MemInfo: [/proc/self/status]	VmLib:	   59892 kB
20220312 044041.341 INFO             PET0 PIOc_freedecomp Exit - MemInfo: [/proc/self/status]	VmPTE:	     936 kB
20220312 044041.341 INFO             PET0 PIOc_freedecomp Exit - MemInfo: [/proc/self/status]	VmSwap:	       0 kB
20220312 044041.341 INFO             PET0 PIOc_freedecomp Exit - MemInfo: [/proc/self/status]	VmRSSPercent: 0.0140484 %
20220312 044041.341 INFO             PET0 PIOc_freedecomp Exit - MemInfo: [malloc] Non-mmapped space allocated:                12308480 Byte
20220312 044041.341 INFO             PET0 PIOc_freedecomp Exit - MemInfo: [malloc] Space allocated in mmapped regions:          1581056 Byte
20220312 044041.341 INFO             PET0 PIOc_freedecomp Exit - MemInfo: [malloc] Maximum total allocated space:                     0 Byte
20220312 044041.341 INFO             PET0 PIOc_freedecomp Exit - MemInfo: [malloc] Space in freed fastbin blocks:                  3632 Byte
20220312 044041.341 INFO             PET0 PIOc_freedecomp Exit - MemInfo: [malloc] Total allocated space:                       3045248 Byte
20220312 044041.341 INFO             PET0 PIOc_freedecomp Exit - MemInfo: [malloc] Total free space:                            9263232 Byte
20220312 044041.341 INFO             PET0 PIOc_freedecomp Exit - MemInfo: [malloc] Top-most, releasable space:                   127888 Byte
20220312 044041.341 INFO             PET0 PIOc_freedecomp Exit - MemInfo: [malloc] Total space in use, mmap + non-mmap:         4626304 Byte
20220312 044041.341 INFO             PET0 PIOc_freedecomp Exit - MemInfo: [malloc] Total space held (mmap + non-mmap):         13889536 Byte
20220312 044041.341 INFO             PET0 PIOc_freedecomp Exit - MemInfo: [malloc] Total space used (mmap + non-mmap):          4635648 Byte
20220312 044041.341 INFO             PET0 PIOc_freedecomp Exit - MemInfo: Wall-clock time since execution start:              0.0280926 seconds
20220312 044041.343 INFO             PET0 PIOc_sync Enter - MemInfo: [/proc/meminfo - SSI]	MemTotal:       196434604 kB
20220312 044041.343 INFO             PET0 PIOc_sync Enter - MemInfo: [/proc/meminfo - SSI]	MemFree:        189422200 kB
20220312 044041.343 INFO             PET0 PIOc_sync Enter - MemInfo: [/proc/meminfo - SSI]	MemAvailable:   191941844 kB
20220312 044041.343 INFO             PET0 PIOc_sync Enter - MemInfo: [/proc/meminfo - SSI]	Committed_AS:     654388 kB
20220312 044041.343 INFO             PET0 PIOc_sync Enter - MemInfo: [/proc/meminfo - SSI]	CommittedPercent: 0.333133 %
20220312 044041.343 INFO             PET0 PIOc_sync Enter - MemInfo: [/proc/self/status]	VmPeak:	  654700 kB
20220312 044041.343 INFO             PET0 PIOc_sync Enter - MemInfo: [/proc/self/status]	VmSize:	  654632 kB
20220312 044041.343 INFO             PET0 PIOc_sync Enter - MemInfo: [/proc/self/status]	VmLck:	       0 kB
20220312 044041.343 INFO             PET0 PIOc_sync Enter - MemInfo: [/proc/self/status]	VmPin:	       0 kB
20220312 044041.343 INFO             PET0 PIOc_sync Enter - MemInfo: [/proc/self/status]	VmHWM:	   64016 kB
20220312 044041.343 INFO             PET0 PIOc_sync Enter - MemInfo: [/proc/self/status]	VmRSS:	   27600 kB
20220312 044041.343 INFO             PET0 PIOc_sync Enter - MemInfo: [/proc/self/status]	VmData:	  195512 kB
20220312 044041.343 INFO             PET0 PIOc_sync Enter - MemInfo: [/proc/self/status]	VmStk:	     144 kB
20220312 044041.343 INFO             PET0 PIOc_sync Enter - MemInfo: [/proc/self/status]	VmExe:	     220 kB
20220312 044041.343 INFO             PET0 PIOc_sync Enter - MemInfo: [/proc/self/status]	VmLib:	   59892 kB
20220312 044041.343 INFO             PET0 PIOc_sync Enter - MemInfo: [/proc/self/status]	VmPTE:	     936 kB
20220312 044041.343 INFO             PET0 PIOc_sync Enter - MemInfo: [/proc/self/status]	VmSwap:	       0 kB
20220312 044041.343 INFO             PET0 PIOc_sync Enter - MemInfo: [/proc/self/status]	VmRSSPercent: 0.0140505 %
20220312 044041.343 INFO             PET0 PIOc_sync Enter - MemInfo: [malloc] Non-mmapped space allocated:                12308480 Byte
20220312 044041.343 INFO             PET0 PIOc_sync Enter - MemInfo: [malloc] Space allocated in mmapped regions:          1581056 Byte
20220312 044041.343 INFO             PET0 PIOc_sync Enter - MemInfo: [malloc] Maximum total allocated space:                     0 Byte
20220312 044041.343 INFO             PET0 PIOc_sync Enter - MemInfo: [malloc] Space in freed fastbin blocks:                   912 Byte
20220312 044041.343 INFO             PET0 PIOc_sync Enter - MemInfo: [malloc] Total allocated space:                      11975632 Byte
20220312 044041.343 INFO             PET0 PIOc_sync Enter - MemInfo: [malloc] Total free space:                             332848 Byte
20220312 044041.343 INFO             PET0 PIOc_sync Enter - MemInfo: [malloc] Top-most, releasable space:                   131104 Byte
20220312 044041.343 INFO             PET0 PIOc_sync Enter - MemInfo: [malloc] Total space in use, mmap + non-mmap:        13556688 Byte
20220312 044041.343 INFO             PET0 PIOc_sync Enter - MemInfo: [malloc] Total space held (mmap + non-mmap):         13889536 Byte
20220312 044041.344 INFO             PET0 PIOc_sync Enter - MemInfo: [malloc] Total space used (mmap + non-mmap):         13566000 Byte
20220312 044041.344 INFO             PET0 PIOc_sync Enter - MemInfo: Wall-clock time since execution start:              0.0302936 seconds
20220312 044041.344 INFO             PET0 PIOc_sync Exit - MemInfo: [/proc/meminfo - SSI]	MemTotal:       196434604 kB
20220312 044041.344 INFO             PET0 PIOc_sync Exit - MemInfo: [/proc/meminfo - SSI]	MemFree:        189422200 kB
20220312 044041.344 INFO             PET0 PIOc_sync Exit - MemInfo: [/proc/meminfo - SSI]	MemAvailable:   191941844 kB
20220312 044041.344 INFO             PET0 PIOc_sync Exit - MemInfo: [/proc/meminfo - SSI]	Committed_AS:     654388 kB
20220312 044041.344 INFO             PET0 PIOc_sync Exit - MemInfo: [/proc/meminfo - SSI]	CommittedPercent: 0.333133 %
20220312 044041.344 INFO             PET0 PIOc_sync Exit - MemInfo: [/proc/self/status]	VmPeak:	  654700 kB
20220312 044041.344 INFO             PET0 PIOc_sync Exit - MemInfo: [/proc/self/status]	VmSize:	  654632 kB
20220312 044041.344 INFO             PET0 PIOc_sync Exit - MemInfo: [/proc/self/status]	VmLck:	       0 kB
20220312 044041.344 INFO             PET0 PIOc_sync Exit - MemInfo: [/proc/self/status]	VmPin:	       0 kB
20220312 044041.344 INFO             PET0 PIOc_sync Exit - MemInfo: [/proc/self/status]	VmHWM:	   64016 kB
20220312 044041.344 INFO             PET0 PIOc_sync Exit - MemInfo: [/proc/self/status]	VmRSS:	   27600 kB
20220312 044041.344 INFO             PET0 PIOc_sync Exit - MemInfo: [/proc/self/status]	VmData:	  195512 kB
20220312 044041.344 INFO             PET0 PIOc_sync Exit - MemInfo: [/proc/self/status]	VmStk:	     144 kB
20220312 044041.344 INFO             PET0 PIOc_sync Exit - MemInfo: [/proc/self/status]	VmExe:	     220 kB
20220312 044041.344 INFO             PET0 PIOc_sync Exit - MemInfo: [/proc/self/status]	VmLib:	   59892 kB
20220312 044041.344 INFO             PET0 PIOc_sync Exit - MemInfo: [/proc/self/status]	VmPTE:	     936 kB
20220312 044041.344 INFO             PET0 PIOc_sync Exit - MemInfo: [/proc/self/status]	VmSwap:	       0 kB
20220312 044041.344 INFO             PET0 PIOc_sync Exit - MemInfo: [/proc/self/status]	VmRSSPercent: 0.0140505 %
20220312 044041.344 INFO             PET0 PIOc_sync Exit - MemInfo: [malloc] Non-mmapped space allocated:                12308480 Byte
20220312 044041.344 INFO             PET0 PIOc_sync Exit - MemInfo: [malloc] Space allocated in mmapped regions:          1581056 Byte
20220312 044041.344 INFO             PET0 PIOc_sync Exit - MemInfo: [malloc] Maximum total allocated space:                     0 Byte
20220312 044041.344 INFO             PET0 PIOc_sync Exit - MemInfo: [malloc] Space in freed fastbin blocks:                  2896 Byte
20220312 044041.344 INFO             PET0 PIOc_sync Exit - MemInfo: [malloc] Total allocated space:                      11980320 Byte
20220312 044041.344 INFO             PET0 PIOc_sync Exit - MemInfo: [malloc] Total free space:                             328160 Byte
20220312 044041.344 INFO             PET0 PIOc_sync Exit - MemInfo: [malloc] Top-most, releasable space:                   123504 Byte
20220312 044041.344 INFO             PET0 PIOc_sync Exit - MemInfo: [malloc] Total space in use, mmap + non-mmap:        13561376 Byte
20220312 044041.344 INFO             PET0 PIOc_sync Exit - MemInfo: [malloc] Total space held (mmap + non-mmap):         13889536 Byte
20220312 044041.344 INFO             PET0 PIOc_sync Exit - MemInfo: [malloc] Total space used (mmap + non-mmap):         13570656 Byte
20220312 044041.344 INFO             PET0 PIOc_sync Exit - MemInfo: Wall-clock time since execution start:              0.0306984 seconds
20220312 044041.344 INFO             PET0 PIOc_freedecomp Enter - MemInfo: [/proc/meminfo - SSI]	MemTotal:       196434604 kB
20220312 044041.344 INFO             PET0 PIOc_freedecomp Enter - MemInfo: [/proc/meminfo - SSI]	MemFree:        189422200 kB
20220312 044041.344 INFO             PET0 PIOc_freedecomp Enter - MemInfo: [/proc/meminfo - SSI]	MemAvailable:   191941844 kB
20220312 044041.344 INFO             PET0 PIOc_freedecomp Enter - MemInfo: [/proc/meminfo - SSI]	Committed_AS:     654388 kB
20220312 044041.344 INFO             PET0 PIOc_freedecomp Enter - MemInfo: [/proc/meminfo - SSI]	CommittedPercent: 0.333133 %
20220312 044041.344 INFO             PET0 PIOc_freedecomp Enter - MemInfo: [/proc/self/status]	VmPeak:	  654700 kB
20220312 044041.344 INFO             PET0 PIOc_freedecomp Enter - MemInfo: [/proc/self/status]	VmSize:	  654632 kB
20220312 044041.344 INFO             PET0 PIOc_freedecomp Enter - MemInfo: [/proc/self/status]	VmLck:	       0 kB
20220312 044041.344 INFO             PET0 PIOc_freedecomp Enter - MemInfo: [/proc/self/status]	VmPin:	       0 kB
20220312 044041.344 INFO             PET0 PIOc_freedecomp Enter - MemInfo: [/proc/self/status]	VmHWM:	   64016 kB
20220312 044041.344 INFO             PET0 PIOc_freedecomp Enter - MemInfo: [/proc/self/status]	VmRSS:	   27600 kB
20220312 044041.344 INFO             PET0 PIOc_freedecomp Enter - MemInfo: [/proc/self/status]	VmData:	  195512 kB
20220312 044041.344 INFO             PET0 PIOc_freedecomp Enter - MemInfo: [/proc/self/status]	VmStk:	     144 kB
20220312 044041.344 INFO             PET0 PIOc_freedecomp Enter - MemInfo: [/proc/self/status]	VmExe:	     220 kB
20220312 044041.344 INFO             PET0 PIOc_freedecomp Enter - MemInfo: [/proc/self/status]	VmLib:	   59892 kB
20220312 044041.344 INFO             PET0 PIOc_freedecomp Enter - MemInfo: [/proc/self/status]	VmPTE:	     936 kB
20220312 044041.344 INFO             PET0 PIOc_freedecomp Enter - MemInfo: [/proc/self/status]	VmSwap:	       0 kB
20220312 044041.344 INFO             PET0 PIOc_freedecomp Enter - MemInfo: [/proc/self/status]	VmRSSPercent: 0.0140505 %
20220312 044041.344 INFO             PET0 PIOc_freedecomp Enter - MemInfo: [malloc] Non-mmapped space allocated:                12308480 Byte
20220312 044041.344 INFO             PET0 PIOc_freedecomp Enter - MemInfo: [malloc] Space allocated in mmapped regions:          1581056 Byte
20220312 044041.344 INFO             PET0 PIOc_freedecomp Enter - MemInfo: [malloc] Maximum total allocated space:                     0 Byte
20220312 044041.344 INFO             PET0 PIOc_freedecomp Enter - MemInfo: [malloc] Space in freed fastbin blocks:                  3040 Byte
20220312 044041.344 INFO             PET0 PIOc_freedecomp Enter - MemInfo: [malloc] Total allocated space:                       3051760 Byte
20220312 044041.344 INFO             PET0 PIOc_freedecomp Enter - MemInfo: [malloc] Total free space:                            9256720 Byte
20220312 044041.344 INFO             PET0 PIOc_freedecomp Enter - MemInfo: [malloc] Top-most, releasable space:                   124304 Byte
20220312 044041.344 INFO             PET0 PIOc_freedecomp Enter - MemInfo: [malloc] Total space in use, mmap + non-mmap:         4632816 Byte
20220312 044041.344 INFO             PET0 PIOc_freedecomp Enter - MemInfo: [malloc] Total space held (mmap + non-mmap):         13889536 Byte
20220312 044041.344 INFO             PET0 PIOc_freedecomp Enter - MemInfo: [malloc] Total space used (mmap + non-mmap):          4642048 Byte
20220312 044041.344 INFO             PET0 PIOc_freedecomp Enter - MemInfo: Wall-clock time since execution start:              0.0312231 seconds
20220312 044041.345 INFO             PET0 PIOc_freedecomp Exit - MemInfo: [/proc/meminfo - SSI]	MemTotal:       196434604 kB
20220312 044041.345 INFO             PET0 PIOc_freedecomp Exit - MemInfo: [/proc/meminfo - SSI]	MemFree:        189422200 kB
20220312 044041.345 INFO             PET0 PIOc_freedecomp Exit - MemInfo: [/proc/meminfo - SSI]	MemAvailable:   191941844 kB
20220312 044041.345 INFO             PET0 PIOc_freedecomp Exit - MemInfo: [/proc/meminfo - SSI]	Committed_AS:     654388 kB
20220312 044041.345 INFO             PET0 PIOc_freedecomp Exit - MemInfo: [/proc/meminfo - SSI]	CommittedPercent: 0.333133 %
20220312 044041.345 INFO             PET0 PIOc_freedecomp Exit - MemInfo: [/proc/self/status]	VmPeak:	  654700 kB
20220312 044041.345 INFO             PET0 PIOc_freedecomp Exit - MemInfo: [/proc/self/status]	VmSize:	  654632 kB
20220312 044041.345 INFO             PET0 PIOc_freedecomp Exit - MemInfo: [/proc/self/status]	VmLck:	       0 kB
20220312 044041.345 INFO             PET0 PIOc_freedecomp Exit - MemInfo: [/proc/self/status]	VmPin:	       0 kB
20220312 044041.345 INFO             PET0 PIOc_freedecomp Exit - MemInfo: [/proc/self/status]	VmHWM:	   64016 kB
20220312 044041.345 INFO             PET0 PIOc_freedecomp Exit - MemInfo: [/proc/self/status]	VmRSS:	   27600 kB
20220312 044041.345 INFO             PET0 PIOc_freedecomp Exit - MemInfo: [/proc/self/status]	VmData:	  195512 kB
20220312 044041.345 INFO             PET0 PIOc_freedecomp Exit - MemInfo: [/proc/self/status]	VmStk:	     144 kB
20220312 044041.345 INFO             PET0 PIOc_freedecomp Exit - MemInfo: [/proc/self/status]	VmExe:	     220 kB
20220312 044041.345 INFO             PET0 PIOc_freedecomp Exit - MemInfo: [/proc/self/status]	VmLib:	   59892 kB
20220312 044041.345 INFO             PET0 PIOc_freedecomp Exit - MemInfo: [/proc/self/status]	VmPTE:	     936 kB
20220312 044041.345 INFO             PET0 PIOc_freedecomp Exit - MemInfo: [/proc/self/status]	VmSwap:	       0 kB
20220312 044041.345 INFO             PET0 PIOc_freedecomp Exit - MemInfo: [/proc/self/status]	VmRSSPercent: 0.0140505 %
20220312 044041.345 INFO             PET0 PIOc_freedecomp Exit - MemInfo: [malloc] Non-mmapped space allocated:                12308480 Byte
20220312 044041.345 INFO             PET0 PIOc_freedecomp Exit - MemInfo: [malloc] Space allocated in mmapped regions:          1581056 Byte
20220312 044041.345 INFO             PET0 PIOc_freedecomp Exit - MemInfo: [malloc] Maximum total allocated space:                     0 Byte
20220312 044041.345 INFO             PET0 PIOc_freedecomp Exit - MemInfo: [malloc] Space in freed fastbin blocks:                  4016 Byte
20220312 044041.345 INFO             PET0 PIOc_freedecomp Exit - MemInfo: [malloc] Total allocated space:                       3044896 Byte
20220312 044041.345 INFO             PET0 PIOc_freedecomp Exit - MemInfo: [malloc] Total free space:                            9263584 Byte
20220312 044041.345 INFO             PET0 PIOc_freedecomp Exit - MemInfo: [malloc] Top-most, releasable space:                   124304 Byte
20220312 044041.345 INFO             PET0 PIOc_freedecomp Exit - MemInfo: [malloc] Total space in use, mmap + non-mmap:         4625952 Byte
20220312 044041.345 INFO             PET0 PIOc_freedecomp Exit - MemInfo: [malloc] Total space held (mmap + non-mmap):         13889536 Byte
20220312 044041.345 INFO             PET0 PIOc_freedecomp Exit - MemInfo: [malloc] Total space used (mmap + non-mmap):          4635152 Byte
20220312 044041.345 INFO             PET0 PIOc_freedecomp Exit - MemInfo: Wall-clock time since execution start:              0.0315931 seconds
20220312 044041.356 INFO             PET0  NUMBER_OF_PROCESSORS           4
20220312 044041.356 INFO             PET0  PASS  Example ESMF_RHandleBitForBitEx, ESMF_RHandleBitForBitEx.F90, line 1557
20220312 044041.356 INFO             PET0 Finalizing ESMF
20220312 044041.320 INFO             PET1 !!!!!!!!!!!!!!!!!!!!!!!!!!!!!!!!!!!!!!!!!!!!!!!!!!!!!!
20220312 044041.320 INFO             PET1 !!! THE ESMF_LOG IS SET TO OUTPUT ALL LOG MESSAGES !!!
20220312 044041.320 INFO             PET1 !!!     THIS MAY CAUSE SLOWDOWN IN PERFORMANCE     !!!
20220312 044041.320 INFO             PET1 !!! FOR PRODUCTION RUNS, USE:                      !!!
20220312 044041.320 INFO             PET1 !!!                   ESMF_LOGKIND_Multi_On_Error  !!!
20220312 044041.320 INFO             PET1 !!!!!!!!!!!!!!!!!!!!!!!!!!!!!!!!!!!!!!!!!!!!!!!!!!!!!!
20220312 044041.320 INFO             PET1 Running with ESMF Version   : v8.3.0b09-96-g559b459
20220312 044041.320 INFO             PET1 ESMF library build date/time: "Mar 12 2022" "04:10:25"
20220312 044041.320 INFO             PET1 ESMF library build location : /work/noaa/da/mpotts/sandbox/gfortran_8.3.0_openmpi_O_jedwards_pio_update2
20220312 044041.320 INFO             PET1 ESMF_COMM                   : openmpi
20220312 044041.321 INFO             PET1 ESMF_MOAB                   : enabled
20220312 044041.321 INFO             PET1 ESMF_LAPACK                 : enabled
20220312 044041.321 INFO             PET1 ESMF_NETCDF                 : enabled
20220312 044041.321 INFO             PET1 ESMF_PNETCDF                : disabled
20220312 044041.321 INFO             PET1 ESMF_PIO                    : enabled
20220312 044041.321 INFO             PET1 ESMF_YAMLCPP                : enabled
20220312 044041.331 INFO             PET1 PIOc_sync Enter - MemInfo: [/proc/meminfo - SSI]	MemTotal:       196434604 kB
20220312 044041.331 INFO             PET1 PIOc_sync Enter - MemInfo: [/proc/meminfo - SSI]	MemFree:        189419036 kB
20220312 044041.331 INFO             PET1 PIOc_sync Enter - MemInfo: [/proc/meminfo - SSI]	MemAvailable:   191938680 kB
20220312 044041.331 INFO             PET1 PIOc_sync Enter - MemInfo: [/proc/meminfo - SSI]	Committed_AS:     654456 kB
20220312 044041.331 INFO             PET1 PIOc_sync Enter - MemInfo: [/proc/meminfo - SSI]	CommittedPercent: 0.333167 %
20220312 044041.331 INFO             PET1 PIOc_sync Enter - MemInfo: [/proc/self/status]	VmPeak:	  645676 kB
20220312 044041.331 INFO             PET1 PIOc_sync Enter - MemInfo: [/proc/self/status]	VmSize:	  645676 kB
20220312 044041.331 INFO             PET1 PIOc_sync Enter - MemInfo: [/proc/self/status]	VmLck:	       0 kB
20220312 044041.331 INFO             PET1 PIOc_sync Enter - MemInfo: [/proc/self/status]	VmPin:	       0 kB
20220312 044041.331 INFO             PET1 PIOc_sync Enter - MemInfo: [/proc/self/status]	VmHWM:	   64024 kB
20220312 044041.331 INFO             PET1 PIOc_sync Enter - MemInfo: [/proc/self/status]	VmRSS:	   20792 kB
20220312 044041.331 INFO             PET1 PIOc_sync Enter - MemInfo: [/proc/self/status]	VmData:	  186556 kB
20220312 044041.331 INFO             PET1 PIOc_sync Enter - MemInfo: [/proc/self/status]	VmStk:	     144 kB
20220312 044041.331 INFO             PET1 PIOc_sync Enter - MemInfo: [/proc/self/status]	VmExe:	     220 kB
20220312 044041.331 INFO             PET1 PIOc_sync Enter - MemInfo: [/proc/self/status]	VmLib:	   59892 kB
20220312 044041.331 INFO             PET1 PIOc_sync Enter - MemInfo: [/proc/self/status]	VmPTE:	     900 kB
20220312 044041.331 INFO             PET1 PIOc_sync Enter - MemInfo: [/proc/self/status]	VmSwap:	       0 kB
20220312 044041.331 INFO             PET1 PIOc_sync Enter - MemInfo: [/proc/self/status]	VmRSSPercent: 0.0105847 %
20220312 044041.331 INFO             PET1 PIOc_sync Enter - MemInfo: [malloc] Non-mmapped space allocated:                 3137536 Byte
20220312 044041.331 INFO             PET1 PIOc_sync Enter - MemInfo: [malloc] Space allocated in mmapped regions:          1581056 Byte
20220312 044041.331 INFO             PET1 PIOc_sync Enter - MemInfo: [malloc] Maximum total allocated space:                     0 Byte
20220312 044041.331 INFO             PET1 PIOc_sync Enter - MemInfo: [malloc] Space in freed fastbin blocks:                  1168 Byte
20220312 044041.331 INFO             PET1 PIOc_sync Enter - MemInfo: [malloc] Total allocated space:                       2692784 Byte
20220312 044041.331 INFO             PET1 PIOc_sync Enter - MemInfo: [malloc] Total free space:                             444752 Byte
20220312 044041.331 INFO             PET1 PIOc_sync Enter - MemInfo: [malloc] Top-most, releasable space:                   212656 Byte
20220312 044041.331 INFO             PET1 PIOc_sync Enter - MemInfo: [malloc] Total space in use, mmap + non-mmap:         4273840 Byte
20220312 044041.331 INFO             PET1 PIOc_sync Enter - MemInfo: [malloc] Total space held (mmap + non-mmap):          4718592 Byte
20220312 044041.331 INFO             PET1 PIOc_sync Enter - MemInfo: [malloc] Total space used (mmap + non-mmap):          4283216 Byte
20220312 044041.331 INFO             PET1 PIOc_sync Enter - MemInfo: Wall-clock time since execution start:              0.0175468 seconds
20220312 044041.331 INFO             PET1 PIOc_sync Exit - MemInfo: [/proc/meminfo - SSI]	MemTotal:       196434604 kB
20220312 044041.331 INFO             PET1 PIOc_sync Exit - MemInfo: [/proc/meminfo - SSI]	MemFree:        189419036 kB
20220312 044041.331 INFO             PET1 PIOc_sync Exit - MemInfo: [/proc/meminfo - SSI]	MemAvailable:   191938680 kB
20220312 044041.331 INFO             PET1 PIOc_sync Exit - MemInfo: [/proc/meminfo - SSI]	Committed_AS:     654456 kB
20220312 044041.331 INFO             PET1 PIOc_sync Exit - MemInfo: [/proc/meminfo - SSI]	CommittedPercent: 0.333167 %
20220312 044041.331 INFO             PET1 PIOc_sync Exit - MemInfo: [/proc/self/status]	VmPeak:	  645676 kB
20220312 044041.331 INFO             PET1 PIOc_sync Exit - MemInfo: [/proc/self/status]	VmSize:	  645676 kB
20220312 044041.332 INFO             PET1 PIOc_sync Exit - MemInfo: [/proc/self/status]	VmLck:	       0 kB
20220312 044041.332 INFO             PET1 PIOc_sync Exit - MemInfo: [/proc/self/status]	VmPin:	       0 kB
20220312 044041.332 INFO             PET1 PIOc_sync Exit - MemInfo: [/proc/self/status]	VmHWM:	   64024 kB
20220312 044041.332 INFO             PET1 PIOc_sync Exit - MemInfo: [/proc/self/status]	VmRSS:	   20884 kB
20220312 044041.332 INFO             PET1 PIOc_sync Exit - MemInfo: [/proc/self/status]	VmData:	  186556 kB
20220312 044041.332 INFO             PET1 PIOc_sync Exit - MemInfo: [/proc/self/status]	VmStk:	     144 kB
20220312 044041.332 INFO             PET1 PIOc_sync Exit - MemInfo: [/proc/self/status]	VmExe:	     220 kB
20220312 044041.332 INFO             PET1 PIOc_sync Exit - MemInfo: [/proc/self/status]	VmLib:	   59892 kB
20220312 044041.332 INFO             PET1 PIOc_sync Exit - MemInfo: [/proc/self/status]	VmPTE:	     900 kB
20220312 044041.332 INFO             PET1 PIOc_sync Exit - MemInfo: [/proc/self/status]	VmSwap:	       0 kB
20220312 044041.332 INFO             PET1 PIOc_sync Exit - MemInfo: [/proc/self/status]	VmRSSPercent: 0.0106315 %
20220312 044041.332 INFO             PET1 PIOc_sync Exit - MemInfo: [malloc] Non-mmapped space allocated:                 3137536 Byte
20220312 044041.332 INFO             PET1 PIOc_sync Exit - MemInfo: [malloc] Space allocated in mmapped regions:          1581056 Byte
20220312 044041.332 INFO             PET1 PIOc_sync Exit - MemInfo: [malloc] Maximum total allocated space:                     0 Byte
20220312 044041.332 INFO             PET1 PIOc_sync Exit - MemInfo: [malloc] Space in freed fastbin blocks:                  2608 Byte
20220312 044041.332 INFO             PET1 PIOc_sync Exit - MemInfo: [malloc] Total allocated space:                       2692624 Byte
20220312 044041.332 INFO             PET1 PIOc_sync Exit - MemInfo: [malloc] Total free space:                             444912 Byte
20220312 044041.332 INFO             PET1 PIOc_sync Exit - MemInfo: [malloc] Top-most, releasable space:                   212656 Byte
20220312 044041.332 INFO             PET1 PIOc_sync Exit - MemInfo: [malloc] Total space in use, mmap + non-mmap:         4273680 Byte
20220312 044041.332 INFO             PET1 PIOc_sync Exit - MemInfo: [malloc] Total space held (mmap + non-mmap):          4718592 Byte
20220312 044041.332 INFO             PET1 PIOc_sync Exit - MemInfo: [malloc] Total space used (mmap + non-mmap):          4283040 Byte
20220312 044041.332 INFO             PET1 PIOc_sync Exit - MemInfo: Wall-clock time since execution start:              0.0183891 seconds
20220312 044041.332 INFO             PET1 PIOc_freedecomp Enter - MemInfo: [/proc/meminfo - SSI]	MemTotal:       196434604 kB
20220312 044041.332 INFO             PET1 PIOc_freedecomp Enter - MemInfo: [/proc/meminfo - SSI]	MemFree:        189425940 kB
20220312 044041.332 INFO             PET1 PIOc_freedecomp Enter - MemInfo: [/proc/meminfo - SSI]	MemAvailable:   191945584 kB
20220312 044041.332 INFO             PET1 PIOc_freedecomp Enter - MemInfo: [/proc/meminfo - SSI]	Committed_AS:     646260 kB
20220312 044041.332 INFO             PET1 PIOc_freedecomp Enter - MemInfo: [/proc/meminfo - SSI]	CommittedPercent: 0.328995 %
20220312 044041.332 INFO             PET1 PIOc_freedecomp Enter - MemInfo: [/proc/self/status]	VmPeak:	  645676 kB
20220312 044041.332 INFO             PET1 PIOc_freedecomp Enter - MemInfo: [/proc/self/status]	VmSize:	  645676 kB
20220312 044041.332 INFO             PET1 PIOc_freedecomp Enter - MemInfo: [/proc/self/status]	VmLck:	       0 kB
20220312 044041.332 INFO             PET1 PIOc_freedecomp Enter - MemInfo: [/proc/self/status]	VmPin:	       0 kB
20220312 044041.332 INFO             PET1 PIOc_freedecomp Enter - MemInfo: [/proc/self/status]	VmHWM:	   64024 kB
20220312 044041.332 INFO             PET1 PIOc_freedecomp Enter - MemInfo: [/proc/self/status]	VmRSS:	   20884 kB
20220312 044041.332 INFO             PET1 PIOc_freedecomp Enter - MemInfo: [/proc/self/status]	VmData:	  186556 kB
20220312 044041.332 INFO             PET1 PIOc_freedecomp Enter - MemInfo: [/proc/self/status]	VmStk:	     144 kB
20220312 044041.332 INFO             PET1 PIOc_freedecomp Enter - MemInfo: [/proc/self/status]	VmExe:	     220 kB
20220312 044041.332 INFO             PET1 PIOc_freedecomp Enter - MemInfo: [/proc/self/status]	VmLib:	   59892 kB
20220312 044041.332 INFO             PET1 PIOc_freedecomp Enter - MemInfo: [/proc/self/status]	VmPTE:	     900 kB
20220312 044041.332 INFO             PET1 PIOc_freedecomp Enter - MemInfo: [/proc/self/status]	VmSwap:	       0 kB
20220312 044041.332 INFO             PET1 PIOc_freedecomp Enter - MemInfo: [/proc/self/status]	VmRSSPercent: 0.0106315 %
20220312 044041.332 INFO             PET1 PIOc_freedecomp Enter - MemInfo: [malloc] Non-mmapped space allocated:                 3137536 Byte
20220312 044041.332 INFO             PET1 PIOc_freedecomp Enter - MemInfo: [malloc] Space allocated in mmapped regions:          1581056 Byte
20220312 044041.332 INFO             PET1 PIOc_freedecomp Enter - MemInfo: [malloc] Maximum total allocated space:                     0 Byte
20220312 044041.332 INFO             PET1 PIOc_freedecomp Enter - MemInfo: [malloc] Space in freed fastbin blocks:                  2512 Byte
20220312 044041.332 INFO             PET1 PIOc_freedecomp Enter - MemInfo: [malloc] Total allocated space:                       2690928 Byte
20220312 044041.332 INFO             PET1 PIOc_freedecomp Enter - MemInfo: [malloc] Total free space:                             446608 Byte
20220312 044041.332 INFO             PET1 PIOc_freedecomp Enter - MemInfo: [malloc] Top-most, releasable space:                   212656 Byte
20220312 044041.332 INFO             PET1 PIOc_freedecomp Enter - MemInfo: [malloc] Total space in use, mmap + non-mmap:         4271984 Byte
20220312 044041.332 INFO             PET1 PIOc_freedecomp Enter - MemInfo: [malloc] Total space held (mmap + non-mmap):          4718592 Byte
20220312 044041.332 INFO             PET1 PIOc_freedecomp Enter - MemInfo: [malloc] Total space used (mmap + non-mmap):          4281296 Byte
20220312 044041.332 INFO             PET1 PIOc_freedecomp Enter - MemInfo: Wall-clock time since execution start:              0.0190577 seconds
20220312 044041.333 INFO             PET1 PIOc_freedecomp Exit - MemInfo: [/proc/meminfo - SSI]	MemTotal:       196434604 kB
20220312 044041.333 INFO             PET1 PIOc_freedecomp Exit - MemInfo: [/proc/meminfo - SSI]	MemFree:        189425940 kB
20220312 044041.333 INFO             PET1 PIOc_freedecomp Exit - MemInfo: [/proc/meminfo - SSI]	MemAvailable:   191945584 kB
20220312 044041.333 INFO             PET1 PIOc_freedecomp Exit - MemInfo: [/proc/meminfo - SSI]	Committed_AS:     646260 kB
20220312 044041.333 INFO             PET1 PIOc_freedecomp Exit - MemInfo: [/proc/meminfo - SSI]	CommittedPercent: 0.328995 %
20220312 044041.333 INFO             PET1 PIOc_freedecomp Exit - MemInfo: [/proc/self/status]	VmPeak:	  645676 kB
20220312 044041.333 INFO             PET1 PIOc_freedecomp Exit - MemInfo: [/proc/self/status]	VmSize:	  645676 kB
20220312 044041.333 INFO             PET1 PIOc_freedecomp Exit - MemInfo: [/proc/self/status]	VmLck:	       0 kB
20220312 044041.333 INFO             PET1 PIOc_freedecomp Exit - MemInfo: [/proc/self/status]	VmPin:	       0 kB
20220312 044041.333 INFO             PET1 PIOc_freedecomp Exit - MemInfo: [/proc/self/status]	VmHWM:	   64024 kB
20220312 044041.333 INFO             PET1 PIOc_freedecomp Exit - MemInfo: [/proc/self/status]	VmRSS:	   20884 kB
20220312 044041.333 INFO             PET1 PIOc_freedecomp Exit - MemInfo: [/proc/self/status]	VmData:	  186556 kB
20220312 044041.333 INFO             PET1 PIOc_freedecomp Exit - MemInfo: [/proc/self/status]	VmStk:	     144 kB
20220312 044041.333 INFO             PET1 PIOc_freedecomp Exit - MemInfo: [/proc/self/status]	VmExe:	     220 kB
20220312 044041.333 INFO             PET1 PIOc_freedecomp Exit - MemInfo: [/proc/self/status]	VmLib:	   59892 kB
20220312 044041.333 INFO             PET1 PIOc_freedecomp Exit - MemInfo: [/proc/self/status]	VmPTE:	     900 kB
20220312 044041.333 INFO             PET1 PIOc_freedecomp Exit - MemInfo: [/proc/self/status]	VmSwap:	       0 kB
20220312 044041.333 INFO             PET1 PIOc_freedecomp Exit - MemInfo: [/proc/self/status]	VmRSSPercent: 0.0106315 %
20220312 044041.333 INFO             PET1 PIOc_freedecomp Exit - MemInfo: [malloc] Non-mmapped space allocated:                 3137536 Byte
20220312 044041.333 INFO             PET1 PIOc_freedecomp Exit - MemInfo: [malloc] Space allocated in mmapped regions:          1581056 Byte
20220312 044041.333 INFO             PET1 PIOc_freedecomp Exit - MemInfo: [malloc] Maximum total allocated space:                     0 Byte
20220312 044041.333 INFO             PET1 PIOc_freedecomp Exit - MemInfo: [malloc] Space in freed fastbin blocks:                  3040 Byte
20220312 044041.333 INFO             PET1 PIOc_freedecomp Exit - MemInfo: [malloc] Total allocated space:                       2688880 Byte
20220312 044041.333 INFO             PET1 PIOc_freedecomp Exit - MemInfo: [malloc] Total free space:                             448656 Byte
20220312 044041.333 INFO             PET1 PIOc_freedecomp Exit - MemInfo: [malloc] Top-most, releasable space:                   212656 Byte
20220312 044041.333 INFO             PET1 PIOc_freedecomp Exit - MemInfo: [malloc] Total space in use, mmap + non-mmap:         4269936 Byte
20220312 044041.333 INFO             PET1 PIOc_freedecomp Exit - MemInfo: [malloc] Total space held (mmap + non-mmap):          4718592 Byte
20220312 044041.333 INFO             PET1 PIOc_freedecomp Exit - MemInfo: [malloc] Total space used (mmap + non-mmap):          4279200 Byte
20220312 044041.333 INFO             PET1 PIOc_freedecomp Exit - MemInfo: Wall-clock time since execution start:              0.0195645 seconds
20220312 044041.335 INFO             PET1 PIOc_sync Enter - MemInfo: [/proc/meminfo - SSI]	MemTotal:       196434604 kB
20220312 044041.335 INFO             PET1 PIOc_sync Enter - MemInfo: [/proc/meminfo - SSI]	MemFree:        189422200 kB
20220312 044041.335 INFO             PET1 PIOc_sync Enter - MemInfo: [/proc/meminfo - SSI]	MemAvailable:   191941844 kB
20220312 044041.335 INFO             PET1 PIOc_sync Enter - MemInfo: [/proc/meminfo - SSI]	Committed_AS:     654388 kB
20220312 044041.335 INFO             PET1 PIOc_sync Enter - MemInfo: [/proc/meminfo - SSI]	CommittedPercent: 0.333133 %
20220312 044041.335 INFO             PET1 PIOc_sync Enter - MemInfo: [/proc/self/status]	VmPeak:	  645676 kB
20220312 044041.335 INFO             PET1 PIOc_sync Enter - MemInfo: [/proc/self/status]	VmSize:	  645676 kB
20220312 044041.335 INFO             PET1 PIOc_sync Enter - MemInfo: [/proc/self/status]	VmLck:	       0 kB
20220312 044041.335 INFO             PET1 PIOc_sync Enter - MemInfo: [/proc/self/status]	VmPin:	       0 kB
20220312 044041.335 INFO             PET1 PIOc_sync Enter - MemInfo: [/proc/self/status]	VmHWM:	   64024 kB
20220312 044041.335 INFO             PET1 PIOc_sync Enter - MemInfo: [/proc/self/status]	VmRSS:	   20896 kB
20220312 044041.335 INFO             PET1 PIOc_sync Enter - MemInfo: [/proc/self/status]	VmData:	  186556 kB
20220312 044041.335 INFO             PET1 PIOc_sync Enter - MemInfo: [/proc/self/status]	VmStk:	     144 kB
20220312 044041.335 INFO             PET1 PIOc_sync Enter - MemInfo: [/proc/self/status]	VmExe:	     220 kB
20220312 044041.335 INFO             PET1 PIOc_sync Enter - MemInfo: [/proc/self/status]	VmLib:	   59892 kB
20220312 044041.335 INFO             PET1 PIOc_sync Enter - MemInfo: [/proc/self/status]	VmPTE:	     900 kB
20220312 044041.335 INFO             PET1 PIOc_sync Enter - MemInfo: [/proc/self/status]	VmSwap:	       0 kB
20220312 044041.335 INFO             PET1 PIOc_sync Enter - MemInfo: [/proc/self/status]	VmRSSPercent: 0.0106376 %
20220312 044041.335 INFO             PET1 PIOc_sync Enter - MemInfo: [malloc] Non-mmapped space allocated:                 3137536 Byte
20220312 044041.335 INFO             PET1 PIOc_sync Enter - MemInfo: [malloc] Space allocated in mmapped regions:          1581056 Byte
20220312 044041.335 INFO             PET1 PIOc_sync Enter - MemInfo: [malloc] Maximum total allocated space:                     0 Byte
20220312 044041.335 INFO             PET1 PIOc_sync Enter - MemInfo: [malloc] Space in freed fastbin blocks:                  2496 Byte
20220312 044041.335 INFO             PET1 PIOc_sync Enter - MemInfo: [malloc] Total allocated space:                       2692640 Byte
20220312 044041.335 INFO             PET1 PIOc_sync Enter - MemInfo: [malloc] Total free space:                             444896 Byte
20220312 044041.335 INFO             PET1 PIOc_sync Enter - MemInfo: [malloc] Top-most, releasable space:                   212656 Byte
20220312 044041.335 INFO             PET1 PIOc_sync Enter - MemInfo: [malloc] Total space in use, mmap + non-mmap:         4273696 Byte
20220312 044041.335 INFO             PET1 PIOc_sync Enter - MemInfo: [malloc] Total space held (mmap + non-mmap):          4718592 Byte
20220312 044041.335 INFO             PET1 PIOc_sync Enter - MemInfo: [malloc] Total space used (mmap + non-mmap):          4282944 Byte
20220312 044041.335 INFO             PET1 PIOc_sync Enter - MemInfo: Wall-clock time since execution start:               0.021981 seconds
20220312 044041.336 INFO             PET1 PIOc_sync Exit - MemInfo: [/proc/meminfo - SSI]	MemTotal:       196434604 kB
20220312 044041.336 INFO             PET1 PIOc_sync Exit - MemInfo: [/proc/meminfo - SSI]	MemFree:        189422200 kB
20220312 044041.336 INFO             PET1 PIOc_sync Exit - MemInfo: [/proc/meminfo - SSI]	MemAvailable:   191941844 kB
20220312 044041.336 INFO             PET1 PIOc_sync Exit - MemInfo: [/proc/meminfo - SSI]	Committed_AS:     654388 kB
20220312 044041.336 INFO             PET1 PIOc_sync Exit - MemInfo: [/proc/meminfo - SSI]	CommittedPercent: 0.333133 %
20220312 044041.336 INFO             PET1 PIOc_sync Exit - MemInfo: [/proc/self/status]	VmPeak:	  645676 kB
20220312 044041.336 INFO             PET1 PIOc_sync Exit - MemInfo: [/proc/self/status]	VmSize:	  645676 kB
20220312 044041.336 INFO             PET1 PIOc_sync Exit - MemInfo: [/proc/self/status]	VmLck:	       0 kB
20220312 044041.336 INFO             PET1 PIOc_sync Exit - MemInfo: [/proc/self/status]	VmPin:	       0 kB
20220312 044041.336 INFO             PET1 PIOc_sync Exit - MemInfo: [/proc/self/status]	VmHWM:	   64024 kB
20220312 044041.336 INFO             PET1 PIOc_sync Exit - MemInfo: [/proc/self/status]	VmRSS:	   20896 kB
20220312 044041.336 INFO             PET1 PIOc_sync Exit - MemInfo: [/proc/self/status]	VmData:	  186556 kB
20220312 044041.336 INFO             PET1 PIOc_sync Exit - MemInfo: [/proc/self/status]	VmStk:	     144 kB
20220312 044041.336 INFO             PET1 PIOc_sync Exit - MemInfo: [/proc/self/status]	VmExe:	     220 kB
20220312 044041.336 INFO             PET1 PIOc_sync Exit - MemInfo: [/proc/self/status]	VmLib:	   59892 kB
20220312 044041.336 INFO             PET1 PIOc_sync Exit - MemInfo: [/proc/self/status]	VmPTE:	     900 kB
20220312 044041.336 INFO             PET1 PIOc_sync Exit - MemInfo: [/proc/self/status]	VmSwap:	       0 kB
20220312 044041.336 INFO             PET1 PIOc_sync Exit - MemInfo: [/proc/self/status]	VmRSSPercent: 0.0106376 %
20220312 044041.336 INFO             PET1 PIOc_sync Exit - MemInfo: [malloc] Non-mmapped space allocated:                 3137536 Byte
20220312 044041.336 INFO             PET1 PIOc_sync Exit - MemInfo: [malloc] Space allocated in mmapped regions:          1581056 Byte
20220312 044041.336 INFO             PET1 PIOc_sync Exit - MemInfo: [malloc] Maximum total allocated space:                     0 Byte
20220312 044041.336 INFO             PET1 PIOc_sync Exit - MemInfo: [malloc] Space in freed fastbin blocks:                  2704 Byte
20220312 044041.336 INFO             PET1 PIOc_sync Exit - MemInfo: [malloc] Total allocated space:                       2692480 Byte
20220312 044041.336 INFO             PET1 PIOc_sync Exit - MemInfo: [malloc] Total free space:                             445056 Byte
20220312 044041.336 INFO             PET1 PIOc_sync Exit - MemInfo: [malloc] Top-most, releasable space:                   212656 Byte
20220312 044041.336 INFO             PET1 PIOc_sync Exit - MemInfo: [malloc] Total space in use, mmap + non-mmap:         4273536 Byte
20220312 044041.336 INFO             PET1 PIOc_sync Exit - MemInfo: [malloc] Total space held (mmap + non-mmap):          4718592 Byte
20220312 044041.336 INFO             PET1 PIOc_sync Exit - MemInfo: [malloc] Total space used (mmap + non-mmap):          4282752 Byte
20220312 044041.336 INFO             PET1 PIOc_sync Exit - MemInfo: Wall-clock time since execution start:              0.0230597 seconds
20220312 044041.336 INFO             PET1 PIOc_freedecomp Enter - MemInfo: [/proc/meminfo - SSI]	MemTotal:       196434604 kB
20220312 044041.336 INFO             PET1 PIOc_freedecomp Enter - MemInfo: [/proc/meminfo - SSI]	MemFree:        189422200 kB
20220312 044041.336 INFO             PET1 PIOc_freedecomp Enter - MemInfo: [/proc/meminfo - SSI]	MemAvailable:   191941844 kB
20220312 044041.336 INFO             PET1 PIOc_freedecomp Enter - MemInfo: [/proc/meminfo - SSI]	Committed_AS:     654388 kB
20220312 044041.336 INFO             PET1 PIOc_freedecomp Enter - MemInfo: [/proc/meminfo - SSI]	CommittedPercent: 0.333133 %
20220312 044041.337 INFO             PET1 PIOc_freedecomp Enter - MemInfo: [/proc/self/status]	VmPeak:	  645676 kB
20220312 044041.337 INFO             PET1 PIOc_freedecomp Enter - MemInfo: [/proc/self/status]	VmSize:	  645676 kB
20220312 044041.337 INFO             PET1 PIOc_freedecomp Enter - MemInfo: [/proc/self/status]	VmLck:	       0 kB
20220312 044041.337 INFO             PET1 PIOc_freedecomp Enter - MemInfo: [/proc/self/status]	VmPin:	       0 kB
20220312 044041.337 INFO             PET1 PIOc_freedecomp Enter - MemInfo: [/proc/self/status]	VmHWM:	   64024 kB
20220312 044041.337 INFO             PET1 PIOc_freedecomp Enter - MemInfo: [/proc/self/status]	VmRSS:	   20896 kB
20220312 044041.337 INFO             PET1 PIOc_freedecomp Enter - MemInfo: [/proc/self/status]	VmData:	  186556 kB
20220312 044041.337 INFO             PET1 PIOc_freedecomp Enter - MemInfo: [/proc/self/status]	VmStk:	     144 kB
20220312 044041.337 INFO             PET1 PIOc_freedecomp Enter - MemInfo: [/proc/self/status]	VmExe:	     220 kB
20220312 044041.337 INFO             PET1 PIOc_freedecomp Enter - MemInfo: [/proc/self/status]	VmLib:	   59892 kB
20220312 044041.337 INFO             PET1 PIOc_freedecomp Enter - MemInfo: [/proc/self/status]	VmPTE:	     900 kB
20220312 044041.337 INFO             PET1 PIOc_freedecomp Enter - MemInfo: [/proc/self/status]	VmSwap:	       0 kB
20220312 044041.337 INFO             PET1 PIOc_freedecomp Enter - MemInfo: [/proc/self/status]	VmRSSPercent: 0.0106376 %
20220312 044041.337 INFO             PET1 PIOc_freedecomp Enter - MemInfo: [malloc] Non-mmapped space allocated:                 3137536 Byte
20220312 044041.337 INFO             PET1 PIOc_freedecomp Enter - MemInfo: [malloc] Space allocated in mmapped regions:          1581056 Byte
20220312 044041.337 INFO             PET1 PIOc_freedecomp Enter - MemInfo: [malloc] Maximum total allocated space:                     0 Byte
20220312 044041.337 INFO             PET1 PIOc_freedecomp Enter - MemInfo: [malloc] Space in freed fastbin blocks:                  3072 Byte
20220312 044041.337 INFO             PET1 PIOc_freedecomp Enter - MemInfo: [malloc] Total allocated space:                       2690640 Byte
20220312 044041.337 INFO             PET1 PIOc_freedecomp Enter - MemInfo: [malloc] Total free space:                             446896 Byte
20220312 044041.337 INFO             PET1 PIOc_freedecomp Enter - MemInfo: [malloc] Top-most, releasable space:                   212656 Byte
20220312 044041.337 INFO             PET1 PIOc_freedecomp Enter - MemInfo: [malloc] Total space in use, mmap + non-mmap:         4271696 Byte
20220312 044041.337 INFO             PET1 PIOc_freedecomp Enter - MemInfo: [malloc] Total space held (mmap + non-mmap):          4718592 Byte
20220312 044041.337 INFO             PET1 PIOc_freedecomp Enter - MemInfo: [malloc] Total space used (mmap + non-mmap):          4280864 Byte
20220312 044041.337 INFO             PET1 PIOc_freedecomp Enter - MemInfo: Wall-clock time since execution start:               0.023442 seconds
20220312 044041.337 INFO             PET1 PIOc_freedecomp Exit - MemInfo: [/proc/meminfo - SSI]	MemTotal:       196434604 kB
20220312 044041.337 INFO             PET1 PIOc_freedecomp Exit - MemInfo: [/proc/meminfo - SSI]	MemFree:        189422200 kB
20220312 044041.337 INFO             PET1 PIOc_freedecomp Exit - MemInfo: [/proc/meminfo - SSI]	MemAvailable:   191941844 kB
20220312 044041.337 INFO             PET1 PIOc_freedecomp Exit - MemInfo: [/proc/meminfo - SSI]	Committed_AS:     654388 kB
20220312 044041.337 INFO             PET1 PIOc_freedecomp Exit - MemInfo: [/proc/meminfo - SSI]	CommittedPercent: 0.333133 %
20220312 044041.337 INFO             PET1 PIOc_freedecomp Exit - MemInfo: [/proc/self/status]	VmPeak:	  645676 kB
20220312 044041.337 INFO             PET1 PIOc_freedecomp Exit - MemInfo: [/proc/self/status]	VmSize:	  645676 kB
20220312 044041.337 INFO             PET1 PIOc_freedecomp Exit - MemInfo: [/proc/self/status]	VmLck:	       0 kB
20220312 044041.337 INFO             PET1 PIOc_freedecomp Exit - MemInfo: [/proc/self/status]	VmPin:	       0 kB
20220312 044041.337 INFO             PET1 PIOc_freedecomp Exit - MemInfo: [/proc/self/status]	VmHWM:	   64024 kB
20220312 044041.337 INFO             PET1 PIOc_freedecomp Exit - MemInfo: [/proc/self/status]	VmRSS:	   20896 kB
20220312 044041.337 INFO             PET1 PIOc_freedecomp Exit - MemInfo: [/proc/self/status]	VmData:	  186556 kB
20220312 044041.337 INFO             PET1 PIOc_freedecomp Exit - MemInfo: [/proc/self/status]	VmStk:	     144 kB
20220312 044041.337 INFO             PET1 PIOc_freedecomp Exit - MemInfo: [/proc/self/status]	VmExe:	     220 kB
20220312 044041.337 INFO             PET1 PIOc_freedecomp Exit - MemInfo: [/proc/self/status]	VmLib:	   59892 kB
20220312 044041.337 INFO             PET1 PIOc_freedecomp Exit - MemInfo: [/proc/self/status]	VmPTE:	     900 kB
20220312 044041.337 INFO             PET1 PIOc_freedecomp Exit - MemInfo: [/proc/self/status]	VmSwap:	       0 kB
20220312 044041.337 INFO             PET1 PIOc_freedecomp Exit - MemInfo: [/proc/self/status]	VmRSSPercent: 0.0106376 %
20220312 044041.337 INFO             PET1 PIOc_freedecomp Exit - MemInfo: [malloc] Non-mmapped space allocated:                 3137536 Byte
20220312 044041.337 INFO             PET1 PIOc_freedecomp Exit - MemInfo: [malloc] Space allocated in mmapped regions:          1581056 Byte
20220312 044041.337 INFO             PET1 PIOc_freedecomp Exit - MemInfo: [malloc] Maximum total allocated space:                     0 Byte
20220312 044041.337 INFO             PET1 PIOc_freedecomp Exit - MemInfo: [malloc] Space in freed fastbin blocks:                  3280 Byte
20220312 044041.337 INFO             PET1 PIOc_freedecomp Exit - MemInfo: [malloc] Total allocated space:                       2688592 Byte
20220312 044041.337 INFO             PET1 PIOc_freedecomp Exit - MemInfo: [malloc] Total free space:                             448944 Byte
20220312 044041.337 INFO             PET1 PIOc_freedecomp Exit - MemInfo: [malloc] Top-most, releasable space:                   212656 Byte
20220312 044041.337 INFO             PET1 PIOc_freedecomp Exit - MemInfo: [malloc] Total space in use, mmap + non-mmap:         4269648 Byte
20220312 044041.337 INFO             PET1 PIOc_freedecomp Exit - MemInfo: [malloc] Total space held (mmap + non-mmap):          4718592 Byte
20220312 044041.337 INFO             PET1 PIOc_freedecomp Exit - MemInfo: [malloc] Total space used (mmap + non-mmap):          4279888 Byte
20220312 044041.337 INFO             PET1 PIOc_freedecomp Exit - MemInfo: Wall-clock time since execution start:              0.0239427 seconds
20220312 044041.339 INFO             PET1 PIOc_sync Enter - MemInfo: [/proc/meminfo - SSI]	MemTotal:       196434604 kB
20220312 044041.339 INFO             PET1 PIOc_sync Enter - MemInfo: [/proc/meminfo - SSI]	MemFree:        189422200 kB
20220312 044041.339 INFO             PET1 PIOc_sync Enter - MemInfo: [/proc/meminfo - SSI]	MemAvailable:   191941844 kB
20220312 044041.339 INFO             PET1 PIOc_sync Enter - MemInfo: [/proc/meminfo - SSI]	Committed_AS:     654388 kB
20220312 044041.339 INFO             PET1 PIOc_sync Enter - MemInfo: [/proc/meminfo - SSI]	CommittedPercent: 0.333133 %
20220312 044041.339 INFO             PET1 PIOc_sync Enter - MemInfo: [/proc/self/status]	VmPeak:	  645676 kB
20220312 044041.339 INFO             PET1 PIOc_sync Enter - MemInfo: [/proc/self/status]	VmSize:	  645676 kB
20220312 044041.339 INFO             PET1 PIOc_sync Enter - MemInfo: [/proc/self/status]	VmLck:	       0 kB
20220312 044041.339 INFO             PET1 PIOc_sync Enter - MemInfo: [/proc/self/status]	VmPin:	       0 kB
20220312 044041.339 INFO             PET1 PIOc_sync Enter - MemInfo: [/proc/self/status]	VmHWM:	   64024 kB
20220312 044041.339 INFO             PET1 PIOc_sync Enter - MemInfo: [/proc/self/status]	VmRSS:	   20896 kB
20220312 044041.339 INFO             PET1 PIOc_sync Enter - MemInfo: [/proc/self/status]	VmData:	  186556 kB
20220312 044041.339 INFO             PET1 PIOc_sync Enter - MemInfo: [/proc/self/status]	VmStk:	     144 kB
20220312 044041.339 INFO             PET1 PIOc_sync Enter - MemInfo: [/proc/self/status]	VmExe:	     220 kB
20220312 044041.339 INFO             PET1 PIOc_sync Enter - MemInfo: [/proc/self/status]	VmLib:	   59892 kB
20220312 044041.339 INFO             PET1 PIOc_sync Enter - MemInfo: [/proc/self/status]	VmPTE:	     900 kB
20220312 044041.339 INFO             PET1 PIOc_sync Enter - MemInfo: [/proc/self/status]	VmSwap:	       0 kB
20220312 044041.339 INFO             PET1 PIOc_sync Enter - MemInfo: [/proc/self/status]	VmRSSPercent: 0.0106376 %
20220312 044041.339 INFO             PET1 PIOc_sync Enter - MemInfo: [malloc] Non-mmapped space allocated:                 3137536 Byte
20220312 044041.339 INFO             PET1 PIOc_sync Enter - MemInfo: [malloc] Space allocated in mmapped regions:          1581056 Byte
20220312 044041.339 INFO             PET1 PIOc_sync Enter - MemInfo: [malloc] Maximum total allocated space:                     0 Byte
20220312 044041.339 INFO             PET1 PIOc_sync Enter - MemInfo: [malloc] Space in freed fastbin blocks:                  2464 Byte
20220312 044041.339 INFO             PET1 PIOc_sync Enter - MemInfo: [malloc] Total allocated space:                       2692464 Byte
20220312 044041.339 INFO             PET1 PIOc_sync Enter - MemInfo: [malloc] Total free space:                             445072 Byte
20220312 044041.339 INFO             PET1 PIOc_sync Enter - MemInfo: [malloc] Top-most, releasable space:                   212656 Byte
20220312 044041.339 INFO             PET1 PIOc_sync Enter - MemInfo: [malloc] Total space in use, mmap + non-mmap:         4273520 Byte
20220312 044041.339 INFO             PET1 PIOc_sync Enter - MemInfo: [malloc] Total space held (mmap + non-mmap):          4718592 Byte
20220312 044041.339 INFO             PET1 PIOc_sync Enter - MemInfo: [malloc] Total space used (mmap + non-mmap):          4283760 Byte
20220312 044041.339 INFO             PET1 PIOc_sync Enter - MemInfo: Wall-clock time since execution start:              0.0262835 seconds
20220312 044041.340 INFO             PET1 PIOc_sync Exit - MemInfo: [/proc/meminfo - SSI]	MemTotal:       196434604 kB
20220312 044041.340 INFO             PET1 PIOc_sync Exit - MemInfo: [/proc/meminfo - SSI]	MemFree:        189422200 kB
20220312 044041.340 INFO             PET1 PIOc_sync Exit - MemInfo: [/proc/meminfo - SSI]	MemAvailable:   191941844 kB
20220312 044041.340 INFO             PET1 PIOc_sync Exit - MemInfo: [/proc/meminfo - SSI]	Committed_AS:     654388 kB
20220312 044041.340 INFO             PET1 PIOc_sync Exit - MemInfo: [/proc/meminfo - SSI]	CommittedPercent: 0.333133 %
20220312 044041.340 INFO             PET1 PIOc_sync Exit - MemInfo: [/proc/self/status]	VmPeak:	  645676 kB
20220312 044041.340 INFO             PET1 PIOc_sync Exit - MemInfo: [/proc/self/status]	VmSize:	  645676 kB
20220312 044041.340 INFO             PET1 PIOc_sync Exit - MemInfo: [/proc/self/status]	VmLck:	       0 kB
20220312 044041.340 INFO             PET1 PIOc_sync Exit - MemInfo: [/proc/self/status]	VmPin:	       0 kB
20220312 044041.340 INFO             PET1 PIOc_sync Exit - MemInfo: [/proc/self/status]	VmHWM:	   64024 kB
20220312 044041.340 INFO             PET1 PIOc_sync Exit - MemInfo: [/proc/self/status]	VmRSS:	   20896 kB
20220312 044041.340 INFO             PET1 PIOc_sync Exit - MemInfo: [/proc/self/status]	VmData:	  186556 kB
20220312 044041.340 INFO             PET1 PIOc_sync Exit - MemInfo: [/proc/self/status]	VmStk:	     144 kB
20220312 044041.340 INFO             PET1 PIOc_sync Exit - MemInfo: [/proc/self/status]	VmExe:	     220 kB
20220312 044041.340 INFO             PET1 PIOc_sync Exit - MemInfo: [/proc/self/status]	VmLib:	   59892 kB
20220312 044041.340 INFO             PET1 PIOc_sync Exit - MemInfo: [/proc/self/status]	VmPTE:	     900 kB
20220312 044041.340 INFO             PET1 PIOc_sync Exit - MemInfo: [/proc/self/status]	VmSwap:	       0 kB
20220312 044041.340 INFO             PET1 PIOc_sync Exit - MemInfo: [/proc/self/status]	VmRSSPercent: 0.0106376 %
20220312 044041.340 INFO             PET1 PIOc_sync Exit - MemInfo: [malloc] Non-mmapped space allocated:                 3137536 Byte
20220312 044041.340 INFO             PET1 PIOc_sync Exit - MemInfo: [malloc] Space allocated in mmapped regions:          1581056 Byte
20220312 044041.340 INFO             PET1 PIOc_sync Exit - MemInfo: [malloc] Maximum total allocated space:                     0 Byte
20220312 044041.340 INFO             PET1 PIOc_sync Exit - MemInfo: [malloc] Space in freed fastbin blocks:                  2928 Byte
20220312 044041.340 INFO             PET1 PIOc_sync Exit - MemInfo: [malloc] Total allocated space:                       2693104 Byte
20220312 044041.340 INFO             PET1 PIOc_sync Exit - MemInfo: [malloc] Total free space:                             444432 Byte
20220312 044041.340 INFO             PET1 PIOc_sync Exit - MemInfo: [malloc] Top-most, releasable space:                   212656 Byte
20220312 044041.340 INFO             PET1 PIOc_sync Exit - MemInfo: [malloc] Total space in use, mmap + non-mmap:         4274160 Byte
20220312 044041.340 INFO             PET1 PIOc_sync Exit - MemInfo: [malloc] Total space held (mmap + non-mmap):          4718592 Byte
20220312 044041.340 INFO             PET1 PIOc_sync Exit - MemInfo: [malloc] Total space used (mmap + non-mmap):          4283568 Byte
20220312 044041.340 INFO             PET1 PIOc_sync Exit - MemInfo: Wall-clock time since execution start:              0.0267869 seconds
20220312 044041.340 INFO             PET1 PIOc_freedecomp Enter - MemInfo: [/proc/meminfo - SSI]	MemTotal:       196434604 kB
20220312 044041.340 INFO             PET1 PIOc_freedecomp Enter - MemInfo: [/proc/meminfo - SSI]	MemFree:        189422200 kB
20220312 044041.340 INFO             PET1 PIOc_freedecomp Enter - MemInfo: [/proc/meminfo - SSI]	MemAvailable:   191941844 kB
20220312 044041.340 INFO             PET1 PIOc_freedecomp Enter - MemInfo: [/proc/meminfo - SSI]	Committed_AS:     654388 kB
20220312 044041.340 INFO             PET1 PIOc_freedecomp Enter - MemInfo: [/proc/meminfo - SSI]	CommittedPercent: 0.333133 %
20220312 044041.341 INFO             PET1 PIOc_freedecomp Enter - MemInfo: [/proc/self/status]	VmPeak:	  645676 kB
20220312 044041.341 INFO             PET1 PIOc_freedecomp Enter - MemInfo: [/proc/self/status]	VmSize:	  645676 kB
20220312 044041.341 INFO             PET1 PIOc_freedecomp Enter - MemInfo: [/proc/self/status]	VmLck:	       0 kB
20220312 044041.341 INFO             PET1 PIOc_freedecomp Enter - MemInfo: [/proc/self/status]	VmPin:	       0 kB
20220312 044041.341 INFO             PET1 PIOc_freedecomp Enter - MemInfo: [/proc/self/status]	VmHWM:	   64024 kB
20220312 044041.341 INFO             PET1 PIOc_freedecomp Enter - MemInfo: [/proc/self/status]	VmRSS:	   20896 kB
20220312 044041.341 INFO             PET1 PIOc_freedecomp Enter - MemInfo: [/proc/self/status]	VmData:	  186556 kB
20220312 044041.341 INFO             PET1 PIOc_freedecomp Enter - MemInfo: [/proc/self/status]	VmStk:	     144 kB
20220312 044041.341 INFO             PET1 PIOc_freedecomp Enter - MemInfo: [/proc/self/status]	VmExe:	     220 kB
20220312 044041.341 INFO             PET1 PIOc_freedecomp Enter - MemInfo: [/proc/self/status]	VmLib:	   59892 kB
20220312 044041.341 INFO             PET1 PIOc_freedecomp Enter - MemInfo: [/proc/self/status]	VmPTE:	     900 kB
20220312 044041.341 INFO             PET1 PIOc_freedecomp Enter - MemInfo: [/proc/self/status]	VmSwap:	       0 kB
20220312 044041.341 INFO             PET1 PIOc_freedecomp Enter - MemInfo: [/proc/self/status]	VmRSSPercent: 0.0106376 %
20220312 044041.341 INFO             PET1 PIOc_freedecomp Enter - MemInfo: [malloc] Non-mmapped space allocated:                 3137536 Byte
20220312 044041.341 INFO             PET1 PIOc_freedecomp Enter - MemInfo: [malloc] Space allocated in mmapped regions:          1581056 Byte
20220312 044041.341 INFO             PET1 PIOc_freedecomp Enter - MemInfo: [malloc] Maximum total allocated space:                     0 Byte
20220312 044041.341 INFO             PET1 PIOc_freedecomp Enter - MemInfo: [malloc] Space in freed fastbin blocks:                  2560 Byte
20220312 044041.341 INFO             PET1 PIOc_freedecomp Enter - MemInfo: [malloc] Total allocated space:                       2691120 Byte
20220312 044041.341 INFO             PET1 PIOc_freedecomp Enter - MemInfo: [malloc] Total free space:                             446416 Byte
20220312 044041.341 INFO             PET1 PIOc_freedecomp Enter - MemInfo: [malloc] Top-most, releasable space:                   212656 Byte
20220312 044041.341 INFO             PET1 PIOc_freedecomp Enter - MemInfo: [malloc] Total space in use, mmap + non-mmap:         4272176 Byte
20220312 044041.341 INFO             PET1 PIOc_freedecomp Enter - MemInfo: [malloc] Total space held (mmap + non-mmap):          4718592 Byte
20220312 044041.341 INFO             PET1 PIOc_freedecomp Enter - MemInfo: [malloc] Total space used (mmap + non-mmap):          4281536 Byte
20220312 044041.341 INFO             PET1 PIOc_freedecomp Enter - MemInfo: Wall-clock time since execution start:              0.0274163 seconds
