build time -- 2022-03-13 03:14:43
20220313 033614.148 INFO             PET0 !!!!!!!!!!!!!!!!!!!!!!!!!!!!!!!!!!!!!!!!!!!!!!!!!!!!!!
20220313 033614.148 INFO             PET0 !!! THE ESMF_LOG IS SET TO OUTPUT ALL LOG MESSAGES !!!
20220313 033614.148 INFO             PET0 !!!     THIS MAY CAUSE SLOWDOWN IN PERFORMANCE     !!!
20220313 033614.148 INFO             PET0 !!! FOR PRODUCTION RUNS, USE:                      !!!
20220313 033614.148 INFO             PET0 !!!                   ESMF_LOGKIND_Multi_On_Error  !!!
20220313 033614.148 INFO             PET0 !!!!!!!!!!!!!!!!!!!!!!!!!!!!!!!!!!!!!!!!!!!!!!!!!!!!!!
20220313 033614.148 INFO             PET0 Running with ESMF Version   : v8.3.0b09-96-g559b459
20220313 033614.148 INFO             PET0 ESMF library build date/time: "Mar 13 2022" "03:13:32"
20220313 033614.148 INFO             PET0 ESMF library build location : /work/noaa/da/mpotts/sandbox/gfortran_8.3.0_openmpi_O_jedwards_pio_update2
20220313 033614.148 INFO             PET0 ESMF_COMM                   : openmpi
20220313 033614.151 INFO             PET0 ESMF_MOAB                   : enabled
20220313 033614.151 INFO             PET0 ESMF_LAPACK                 : enabled
20220313 033614.151 INFO             PET0 ESMF_NETCDF                 : enabled
20220313 033614.151 INFO             PET0 ESMF_PNETCDF                : disabled
20220313 033614.151 INFO             PET0 ESMF_PIO                    : enabled
20220313 033614.151 INFO             PET0 ESMF_YAMLCPP                : enabled
20220313 033614.161 INFO             PET0 PIOc_sync Enter - MemInfo: [/proc/meminfo - SSI]	MemTotal:       196434604 kB
20220313 033614.161 INFO             PET0 PIOc_sync Enter - MemInfo: [/proc/meminfo - SSI]	MemFree:        186376692 kB
20220313 033614.161 INFO             PET0 PIOc_sync Enter - MemInfo: [/proc/meminfo - SSI]	MemAvailable:   191837928 kB
20220313 033614.161 INFO             PET0 PIOc_sync Enter - MemInfo: [/proc/meminfo - SSI]	Committed_AS:     647700 kB
20220313 033614.161 INFO             PET0 PIOc_sync Enter - MemInfo: [/proc/meminfo - SSI]	CommittedPercent: 0.329728 %
20220313 033614.161 INFO             PET0 PIOc_sync Enter - MemInfo: [/proc/self/status]	VmPeak:	  654700 kB
20220313 033614.161 INFO             PET0 PIOc_sync Enter - MemInfo: [/proc/self/status]	VmSize:	  654700 kB
20220313 033614.161 INFO             PET0 PIOc_sync Enter - MemInfo: [/proc/self/status]	VmLck:	       0 kB
20220313 033614.161 INFO             PET0 PIOc_sync Enter - MemInfo: [/proc/self/status]	VmPin:	       0 kB
20220313 033614.161 INFO             PET0 PIOc_sync Enter - MemInfo: [/proc/self/status]	VmHWM:	   64012 kB
20220313 033614.161 INFO             PET0 PIOc_sync Enter - MemInfo: [/proc/self/status]	VmRSS:	   30580 kB
20220313 033614.161 INFO             PET0 PIOc_sync Enter - MemInfo: [/proc/self/status]	VmData:	  195580 kB
20220313 033614.161 INFO             PET0 PIOc_sync Enter - MemInfo: [/proc/self/status]	VmStk:	     144 kB
20220313 033614.161 INFO             PET0 PIOc_sync Enter - MemInfo: [/proc/self/status]	VmExe:	     220 kB
20220313 033614.161 INFO             PET0 PIOc_sync Enter - MemInfo: [/proc/self/status]	VmLib:	   59892 kB
20220313 033614.161 INFO             PET0 PIOc_sync Enter - MemInfo: [/proc/self/status]	VmPTE:	     920 kB
20220313 033614.161 INFO             PET0 PIOc_sync Enter - MemInfo: [/proc/self/status]	VmSwap:	       0 kB
20220313 033614.161 INFO             PET0 PIOc_sync Enter - MemInfo: [/proc/self/status]	VmRSSPercent: 0.0155675 %
20220313 033614.161 INFO             PET0 PIOc_sync Enter - MemInfo: [malloc] Non-mmapped space allocated:                 3457024 Byte
20220313 033614.161 INFO             PET0 PIOc_sync Enter - MemInfo: [malloc] Space allocated in mmapped regions:         10502144 Byte
20220313 033614.161 INFO             PET0 PIOc_sync Enter - MemInfo: [malloc] Maximum total allocated space:                     0 Byte
20220313 033614.161 INFO             PET0 PIOc_sync Enter - MemInfo: [malloc] Space in freed fastbin blocks:                  1808 Byte
20220313 033614.161 INFO             PET0 PIOc_sync Enter - MemInfo: [malloc] Total allocated space:                       3060608 Byte
20220313 033614.161 INFO             PET0 PIOc_sync Enter - MemInfo: [malloc] Total free space:                             396416 Byte
20220313 033614.161 INFO             PET0 PIOc_sync Enter - MemInfo: [malloc] Top-most, releasable space:                   195888 Byte
20220313 033614.161 INFO             PET0 PIOc_sync Enter - MemInfo: [malloc] Total space in use, mmap + non-mmap:        13562752 Byte
20220313 033614.161 INFO             PET0 PIOc_sync Enter - MemInfo: [malloc] Total space held (mmap + non-mmap):         13959168 Byte
20220313 033614.161 INFO             PET0 PIOc_sync Enter - MemInfo: [malloc] Total space used (mmap + non-mmap):         13572128 Byte
20220313 033614.161 INFO             PET0 PIOc_sync Enter - MemInfo: Wall-clock time since execution start:               0.149937 seconds
20220313 033614.162 INFO             PET0 PIOc_sync Exit - MemInfo: [/proc/meminfo - SSI]	MemTotal:       196434604 kB
20220313 033614.162 INFO             PET0 PIOc_sync Exit - MemInfo: [/proc/meminfo - SSI]	MemFree:        186376692 kB
20220313 033614.162 INFO             PET0 PIOc_sync Exit - MemInfo: [/proc/meminfo - SSI]	MemAvailable:   191837928 kB
20220313 033614.162 INFO             PET0 PIOc_sync Exit - MemInfo: [/proc/meminfo - SSI]	Committed_AS:     647700 kB
20220313 033614.162 INFO             PET0 PIOc_sync Exit - MemInfo: [/proc/meminfo - SSI]	CommittedPercent: 0.329728 %
20220313 033614.162 INFO             PET0 PIOc_sync Exit - MemInfo: [/proc/self/status]	VmPeak:	  654700 kB
20220313 033614.162 INFO             PET0 PIOc_sync Exit - MemInfo: [/proc/self/status]	VmSize:	  654700 kB
20220313 033614.162 INFO             PET0 PIOc_sync Exit - MemInfo: [/proc/self/status]	VmLck:	       0 kB
20220313 033614.162 INFO             PET0 PIOc_sync Exit - MemInfo: [/proc/self/status]	VmPin:	       0 kB
20220313 033614.162 INFO             PET0 PIOc_sync Exit - MemInfo: [/proc/self/status]	VmHWM:	   64012 kB
20220313 033614.162 INFO             PET0 PIOc_sync Exit - MemInfo: [/proc/self/status]	VmRSS:	   30692 kB
20220313 033614.162 INFO             PET0 PIOc_sync Exit - MemInfo: [/proc/self/status]	VmData:	  195580 kB
20220313 033614.162 INFO             PET0 PIOc_sync Exit - MemInfo: [/proc/self/status]	VmStk:	     144 kB
20220313 033614.162 INFO             PET0 PIOc_sync Exit - MemInfo: [/proc/self/status]	VmExe:	     220 kB
20220313 033614.162 INFO             PET0 PIOc_sync Exit - MemInfo: [/proc/self/status]	VmLib:	   59892 kB
20220313 033614.162 INFO             PET0 PIOc_sync Exit - MemInfo: [/proc/self/status]	VmPTE:	     920 kB
20220313 033614.162 INFO             PET0 PIOc_sync Exit - MemInfo: [/proc/self/status]	VmSwap:	       0 kB
20220313 033614.162 INFO             PET0 PIOc_sync Exit - MemInfo: [/proc/self/status]	VmRSSPercent: 0.0156245 %
20220313 033614.162 INFO             PET0 PIOc_sync Exit - MemInfo: [malloc] Non-mmapped space allocated:                 3457024 Byte
20220313 033614.162 INFO             PET0 PIOc_sync Exit - MemInfo: [malloc] Space allocated in mmapped regions:         10502144 Byte
20220313 033614.162 INFO             PET0 PIOc_sync Exit - MemInfo: [malloc] Maximum total allocated space:                     0 Byte
20220313 033614.162 INFO             PET0 PIOc_sync Exit - MemInfo: [malloc] Space in freed fastbin blocks:                  2976 Byte
20220313 033614.162 INFO             PET0 PIOc_sync Exit - MemInfo: [malloc] Total allocated space:                       3065296 Byte
20220313 033614.162 INFO             PET0 PIOc_sync Exit - MemInfo: [malloc] Total free space:                             391728 Byte
20220313 033614.162 INFO             PET0 PIOc_sync Exit - MemInfo: [malloc] Top-most, releasable space:                   187024 Byte
20220313 033614.162 INFO             PET0 PIOc_sync Exit - MemInfo: [malloc] Total space in use, mmap + non-mmap:        13567440 Byte
20220313 033614.162 INFO             PET0 PIOc_sync Exit - MemInfo: [malloc] Total space held (mmap + non-mmap):         13959168 Byte
20220313 033614.162 INFO             PET0 PIOc_sync Exit - MemInfo: [malloc] Total space used (mmap + non-mmap):         13576784 Byte
20220313 033614.162 INFO             PET0 PIOc_sync Exit - MemInfo: Wall-clock time since execution start:               0.150627 seconds
20220313 033614.162 INFO             PET0 PIOc_freedecomp Enter - MemInfo: [/proc/meminfo - SSI]	MemTotal:       196434604 kB
20220313 033614.162 INFO             PET0 PIOc_freedecomp Enter - MemInfo: [/proc/meminfo - SSI]	MemFree:        186384092 kB
20220313 033614.163 INFO             PET0 PIOc_freedecomp Enter - MemInfo: [/proc/meminfo - SSI]	MemAvailable:   191845328 kB
20220313 033614.163 INFO             PET0 PIOc_freedecomp Enter - MemInfo: [/proc/meminfo - SSI]	Committed_AS:     639504 kB
20220313 033614.163 INFO             PET0 PIOc_freedecomp Enter - MemInfo: [/proc/meminfo - SSI]	CommittedPercent: 0.325556 %
20220313 033614.163 INFO             PET0 PIOc_freedecomp Enter - MemInfo: [/proc/self/status]	VmPeak:	  654700 kB
20220313 033614.163 INFO             PET0 PIOc_freedecomp Enter - MemInfo: [/proc/self/status]	VmSize:	  645988 kB
20220313 033614.163 INFO             PET0 PIOc_freedecomp Enter - MemInfo: [/proc/self/status]	VmLck:	       0 kB
20220313 033614.163 INFO             PET0 PIOc_freedecomp Enter - MemInfo: [/proc/self/status]	VmPin:	       0 kB
20220313 033614.163 INFO             PET0 PIOc_freedecomp Enter - MemInfo: [/proc/self/status]	VmHWM:	   64012 kB
20220313 033614.163 INFO             PET0 PIOc_freedecomp Enter - MemInfo: [/proc/self/status]	VmRSS:	   22500 kB
20220313 033614.163 INFO             PET0 PIOc_freedecomp Enter - MemInfo: [/proc/self/status]	VmData:	  186868 kB
20220313 033614.163 INFO             PET0 PIOc_freedecomp Enter - MemInfo: [/proc/self/status]	VmStk:	     144 kB
20220313 033614.163 INFO             PET0 PIOc_freedecomp Enter - MemInfo: [/proc/self/status]	VmExe:	     220 kB
20220313 033614.163 INFO             PET0 PIOc_freedecomp Enter - MemInfo: [/proc/self/status]	VmLib:	   59892 kB
20220313 033614.163 INFO             PET0 PIOc_freedecomp Enter - MemInfo: [/proc/self/status]	VmPTE:	     904 kB
20220313 033614.163 INFO             PET0 PIOc_freedecomp Enter - MemInfo: [/proc/self/status]	VmSwap:	       0 kB
20220313 033614.163 INFO             PET0 PIOc_freedecomp Enter - MemInfo: [/proc/self/status]	VmRSSPercent: 0.0114542 %
20220313 033614.163 INFO             PET0 PIOc_freedecomp Enter - MemInfo: [malloc] Non-mmapped space allocated:                 3457024 Byte
20220313 033614.163 INFO             PET0 PIOc_freedecomp Enter - MemInfo: [malloc] Space allocated in mmapped regions:          1581056 Byte
20220313 033614.163 INFO             PET0 PIOc_freedecomp Enter - MemInfo: [malloc] Maximum total allocated space:                     0 Byte
20220313 033614.163 INFO             PET0 PIOc_freedecomp Enter - MemInfo: [malloc] Space in freed fastbin blocks:                  3408 Byte
20220313 033614.163 INFO             PET0 PIOc_freedecomp Enter - MemInfo: [malloc] Total allocated space:                       3051920 Byte
20220313 033614.163 INFO             PET0 PIOc_freedecomp Enter - MemInfo: [malloc] Total free space:                             405104 Byte
20220313 033614.163 INFO             PET0 PIOc_freedecomp Enter - MemInfo: [malloc] Top-most, releasable space:                   191248 Byte
20220313 033614.163 INFO             PET0 PIOc_freedecomp Enter - MemInfo: [malloc] Total space in use, mmap + non-mmap:         4632976 Byte
20220313 033614.163 INFO             PET0 PIOc_freedecomp Enter - MemInfo: [malloc] Total space held (mmap + non-mmap):          5038080 Byte
20220313 033614.163 INFO             PET0 PIOc_freedecomp Enter - MemInfo: [malloc] Total space used (mmap + non-mmap):          4642272 Byte
20220313 033614.163 INFO             PET0 PIOc_freedecomp Enter - MemInfo: Wall-clock time since execution start:               0.151409 seconds
20220313 033614.163 INFO             PET0 PIOc_freedecomp Exit - MemInfo: [/proc/meminfo - SSI]	MemTotal:       196434604 kB
20220313 033614.163 INFO             PET0 PIOc_freedecomp Exit - MemInfo: [/proc/meminfo - SSI]	MemFree:        186384092 kB
20220313 033614.163 INFO             PET0 PIOc_freedecomp Exit - MemInfo: [/proc/meminfo - SSI]	MemAvailable:   191845328 kB
20220313 033614.163 INFO             PET0 PIOc_freedecomp Exit - MemInfo: [/proc/meminfo - SSI]	Committed_AS:     639504 kB
20220313 033614.163 INFO             PET0 PIOc_freedecomp Exit - MemInfo: [/proc/meminfo - SSI]	CommittedPercent: 0.325556 %
20220313 033614.163 INFO             PET0 PIOc_freedecomp Exit - MemInfo: [/proc/self/status]	VmPeak:	  654700 kB
20220313 033614.163 INFO             PET0 PIOc_freedecomp Exit - MemInfo: [/proc/self/status]	VmSize:	  645988 kB
20220313 033614.163 INFO             PET0 PIOc_freedecomp Exit - MemInfo: [/proc/self/status]	VmLck:	       0 kB
20220313 033614.163 INFO             PET0 PIOc_freedecomp Exit - MemInfo: [/proc/self/status]	VmPin:	       0 kB
20220313 033614.163 INFO             PET0 PIOc_freedecomp Exit - MemInfo: [/proc/self/status]	VmHWM:	   64012 kB
20220313 033614.163 INFO             PET0 PIOc_freedecomp Exit - MemInfo: [/proc/self/status]	VmRSS:	   22500 kB
20220313 033614.163 INFO             PET0 PIOc_freedecomp Exit - MemInfo: [/proc/self/status]	VmData:	  186868 kB
20220313 033614.163 INFO             PET0 PIOc_freedecomp Exit - MemInfo: [/proc/self/status]	VmStk:	     144 kB
20220313 033614.163 INFO             PET0 PIOc_freedecomp Exit - MemInfo: [/proc/self/status]	VmExe:	     220 kB
20220313 033614.163 INFO             PET0 PIOc_freedecomp Exit - MemInfo: [/proc/self/status]	VmLib:	   59892 kB
20220313 033614.163 INFO             PET0 PIOc_freedecomp Exit - MemInfo: [/proc/self/status]	VmPTE:	     904 kB
20220313 033614.163 INFO             PET0 PIOc_freedecomp Exit - MemInfo: [/proc/self/status]	VmSwap:	       0 kB
20220313 033614.163 INFO             PET0 PIOc_freedecomp Exit - MemInfo: [/proc/self/status]	VmRSSPercent: 0.0114542 %
20220313 033614.163 INFO             PET0 PIOc_freedecomp Exit - MemInfo: [malloc] Non-mmapped space allocated:                 3457024 Byte
20220313 033614.163 INFO             PET0 PIOc_freedecomp Exit - MemInfo: [malloc] Space allocated in mmapped regions:          1581056 Byte
20220313 033614.163 INFO             PET0 PIOc_freedecomp Exit - MemInfo: [malloc] Maximum total allocated space:                     0 Byte
20220313 033614.163 INFO             PET0 PIOc_freedecomp Exit - MemInfo: [malloc] Space in freed fastbin blocks:                  3584 Byte
20220313 033614.163 INFO             PET0 PIOc_freedecomp Exit - MemInfo: [malloc] Total allocated space:                       3045056 Byte
20220313 033614.163 INFO             PET0 PIOc_freedecomp Exit - MemInfo: [malloc] Total free space:                             411968 Byte
20220313 033614.163 INFO             PET0 PIOc_freedecomp Exit - MemInfo: [malloc] Top-most, releasable space:                   191248 Byte
20220313 033614.163 INFO             PET0 PIOc_freedecomp Exit - MemInfo: [malloc] Total space in use, mmap + non-mmap:         4626112 Byte
20220313 033614.163 INFO             PET0 PIOc_freedecomp Exit - MemInfo: [malloc] Total space held (mmap + non-mmap):          5038080 Byte
20220313 033614.163 INFO             PET0 PIOc_freedecomp Exit - MemInfo: [malloc] Total space used (mmap + non-mmap):          4635392 Byte
20220313 033614.163 INFO             PET0 PIOc_freedecomp Exit - MemInfo: Wall-clock time since execution start:                0.15169 seconds
20220313 033614.165 INFO             PET0 PIOc_sync Enter - MemInfo: [/proc/meminfo - SSI]	MemTotal:       196434604 kB
20220313 033614.165 INFO             PET0 PIOc_sync Enter - MemInfo: [/proc/meminfo - SSI]	MemFree:        186380104 kB
20220313 033614.165 INFO             PET0 PIOc_sync Enter - MemInfo: [/proc/meminfo - SSI]	MemAvailable:   191841340 kB
20220313 033614.165 INFO             PET0 PIOc_sync Enter - MemInfo: [/proc/meminfo - SSI]	Committed_AS:     647632 kB
20220313 033614.165 INFO             PET0 PIOc_sync Enter - MemInfo: [/proc/meminfo - SSI]	CommittedPercent: 0.329693 %
20220313 033614.165 INFO             PET0 PIOc_sync Enter - MemInfo: [/proc/self/status]	VmPeak:	  654700 kB
20220313 033614.165 INFO             PET0 PIOc_sync Enter - MemInfo: [/proc/self/status]	VmSize:	  654632 kB
20220313 033614.165 INFO             PET0 PIOc_sync Enter - MemInfo: [/proc/self/status]	VmLck:	       0 kB
20220313 033614.165 INFO             PET0 PIOc_sync Enter - MemInfo: [/proc/self/status]	VmPin:	       0 kB
20220313 033614.165 INFO             PET0 PIOc_sync Enter - MemInfo: [/proc/self/status]	VmHWM:	   64012 kB
20220313 033614.165 INFO             PET0 PIOc_sync Enter - MemInfo: [/proc/self/status]	VmRSS:	   27068 kB
20220313 033614.165 INFO             PET0 PIOc_sync Enter - MemInfo: [/proc/self/status]	VmData:	  195512 kB
20220313 033614.165 INFO             PET0 PIOc_sync Enter - MemInfo: [/proc/self/status]	VmStk:	     144 kB
20220313 033614.165 INFO             PET0 PIOc_sync Enter - MemInfo: [/proc/self/status]	VmExe:	     220 kB
20220313 033614.165 INFO             PET0 PIOc_sync Enter - MemInfo: [/proc/self/status]	VmLib:	   59892 kB
20220313 033614.165 INFO             PET0 PIOc_sync Enter - MemInfo: [/proc/self/status]	VmPTE:	     916 kB
20220313 033614.165 INFO             PET0 PIOc_sync Enter - MemInfo: [/proc/self/status]	VmSwap:	       0 kB
20220313 033614.165 INFO             PET0 PIOc_sync Enter - MemInfo: [/proc/self/status]	VmRSSPercent: 0.0137796 %
20220313 033614.165 INFO             PET0 PIOc_sync Enter - MemInfo: [malloc] Non-mmapped space allocated:                12308480 Byte
20220313 033614.165 INFO             PET0 PIOc_sync Enter - MemInfo: [malloc] Space allocated in mmapped regions:          1581056 Byte
20220313 033614.165 INFO             PET0 PIOc_sync Enter - MemInfo: [malloc] Maximum total allocated space:                     0 Byte
20220313 033614.165 INFO             PET0 PIOc_sync Enter - MemInfo: [malloc] Space in freed fastbin blocks:                  3680 Byte
20220313 033614.165 INFO             PET0 PIOc_sync Enter - MemInfo: [malloc] Total allocated space:                      11974000 Byte
20220313 033614.165 INFO             PET0 PIOc_sync Enter - MemInfo: [malloc] Total free space:                             334480 Byte
20220313 033614.165 INFO             PET0 PIOc_sync Enter - MemInfo: [malloc] Top-most, releasable space:                   131968 Byte
20220313 033614.165 INFO             PET0 PIOc_sync Enter - MemInfo: [malloc] Total space in use, mmap + non-mmap:        13555056 Byte
20220313 033614.165 INFO             PET0 PIOc_sync Enter - MemInfo: [malloc] Total space held (mmap + non-mmap):         13889536 Byte
20220313 033614.165 INFO             PET0 PIOc_sync Enter - MemInfo: [malloc] Total space used (mmap + non-mmap):         13564304 Byte
20220313 033614.165 INFO             PET0 PIOc_sync Enter - MemInfo: Wall-clock time since execution start:               0.153767 seconds
20220313 033614.165 INFO             PET0 PIOc_sync Exit - MemInfo: [/proc/meminfo - SSI]	MemTotal:       196434604 kB
20220313 033614.165 INFO             PET0 PIOc_sync Exit - MemInfo: [/proc/meminfo - SSI]	MemFree:        186380104 kB
20220313 033614.165 INFO             PET0 PIOc_sync Exit - MemInfo: [/proc/meminfo - SSI]	MemAvailable:   191841340 kB
20220313 033614.165 INFO             PET0 PIOc_sync Exit - MemInfo: [/proc/meminfo - SSI]	Committed_AS:     647632 kB
20220313 033614.165 INFO             PET0 PIOc_sync Exit - MemInfo: [/proc/meminfo - SSI]	CommittedPercent: 0.329693 %
20220313 033614.165 INFO             PET0 PIOc_sync Exit - MemInfo: [/proc/self/status]	VmPeak:	  654700 kB
20220313 033614.165 INFO             PET0 PIOc_sync Exit - MemInfo: [/proc/self/status]	VmSize:	  654632 kB
20220313 033614.165 INFO             PET0 PIOc_sync Exit - MemInfo: [/proc/self/status]	VmLck:	       0 kB
20220313 033614.165 INFO             PET0 PIOc_sync Exit - MemInfo: [/proc/self/status]	VmPin:	       0 kB
20220313 033614.165 INFO             PET0 PIOc_sync Exit - MemInfo: [/proc/self/status]	VmHWM:	   64012 kB
20220313 033614.165 INFO             PET0 PIOc_sync Exit - MemInfo: [/proc/self/status]	VmRSS:	   27080 kB
20220313 033614.165 INFO             PET0 PIOc_sync Exit - MemInfo: [/proc/self/status]	VmData:	  195512 kB
20220313 033614.165 INFO             PET0 PIOc_sync Exit - MemInfo: [/proc/self/status]	VmStk:	     144 kB
20220313 033614.165 INFO             PET0 PIOc_sync Exit - MemInfo: [/proc/self/status]	VmExe:	     220 kB
20220313 033614.165 INFO             PET0 PIOc_sync Exit - MemInfo: [/proc/self/status]	VmLib:	   59892 kB
20220313 033614.165 INFO             PET0 PIOc_sync Exit - MemInfo: [/proc/self/status]	VmPTE:	     916 kB
20220313 033614.165 INFO             PET0 PIOc_sync Exit - MemInfo: [/proc/self/status]	VmSwap:	       0 kB
20220313 033614.165 INFO             PET0 PIOc_sync Exit - MemInfo: [/proc/self/status]	VmRSSPercent: 0.0137858 %
20220313 033614.165 INFO             PET0 PIOc_sync Exit - MemInfo: [malloc] Non-mmapped space allocated:                12308480 Byte
20220313 033614.165 INFO             PET0 PIOc_sync Exit - MemInfo: [malloc] Space allocated in mmapped regions:          1581056 Byte
20220313 033614.165 INFO             PET0 PIOc_sync Exit - MemInfo: [malloc] Maximum total allocated space:                     0 Byte
20220313 033614.165 INFO             PET0 PIOc_sync Exit - MemInfo: [malloc] Space in freed fastbin blocks:                  3184 Byte
20220313 033614.165 INFO             PET0 PIOc_sync Exit - MemInfo: [malloc] Total allocated space:                      11978688 Byte
20220313 033614.165 INFO             PET0 PIOc_sync Exit - MemInfo: [malloc] Total free space:                             329792 Byte
20220313 033614.165 INFO             PET0 PIOc_sync Exit - MemInfo: [malloc] Top-most, releasable space:                   124512 Byte
20220313 033614.165 INFO             PET0 PIOc_sync Exit - MemInfo: [malloc] Total space in use, mmap + non-mmap:        13559744 Byte
20220313 033614.165 INFO             PET0 PIOc_sync Exit - MemInfo: [malloc] Total space held (mmap + non-mmap):         13889536 Byte
20220313 033614.165 INFO             PET0 PIOc_sync Exit - MemInfo: [malloc] Total space used (mmap + non-mmap):         13568960 Byte
20220313 033614.165 INFO             PET0 PIOc_sync Exit - MemInfo: Wall-clock time since execution start:               0.154153 seconds
20220313 033614.166 INFO             PET0 PIOc_freedecomp Enter - MemInfo: [/proc/meminfo - SSI]	MemTotal:       196434604 kB
20220313 033614.166 INFO             PET0 PIOc_freedecomp Enter - MemInfo: [/proc/meminfo - SSI]	MemFree:        186380104 kB
20220313 033614.166 INFO             PET0 PIOc_freedecomp Enter - MemInfo: [/proc/meminfo - SSI]	MemAvailable:   191841340 kB
20220313 033614.166 INFO             PET0 PIOc_freedecomp Enter - MemInfo: [/proc/meminfo - SSI]	Committed_AS:     647632 kB
20220313 033614.166 INFO             PET0 PIOc_freedecomp Enter - MemInfo: [/proc/meminfo - SSI]	CommittedPercent: 0.329693 %
20220313 033614.166 INFO             PET0 PIOc_freedecomp Enter - MemInfo: [/proc/self/status]	VmPeak:	  654700 kB
20220313 033614.166 INFO             PET0 PIOc_freedecomp Enter - MemInfo: [/proc/self/status]	VmSize:	  654632 kB
20220313 033614.166 INFO             PET0 PIOc_freedecomp Enter - MemInfo: [/proc/self/status]	VmLck:	       0 kB
20220313 033614.166 INFO             PET0 PIOc_freedecomp Enter - MemInfo: [/proc/self/status]	VmPin:	       0 kB
20220313 033614.166 INFO             PET0 PIOc_freedecomp Enter - MemInfo: [/proc/self/status]	VmHWM:	   64012 kB
20220313 033614.166 INFO             PET0 PIOc_freedecomp Enter - MemInfo: [/proc/self/status]	VmRSS:	   27088 kB
20220313 033614.166 INFO             PET0 PIOc_freedecomp Enter - MemInfo: [/proc/self/status]	VmData:	  195512 kB
20220313 033614.166 INFO             PET0 PIOc_freedecomp Enter - MemInfo: [/proc/self/status]	VmStk:	     144 kB
20220313 033614.166 INFO             PET0 PIOc_freedecomp Enter - MemInfo: [/proc/self/status]	VmExe:	     220 kB
20220313 033614.166 INFO             PET0 PIOc_freedecomp Enter - MemInfo: [/proc/self/status]	VmLib:	   59892 kB
20220313 033614.166 INFO             PET0 PIOc_freedecomp Enter - MemInfo: [/proc/self/status]	VmPTE:	     916 kB
20220313 033614.166 INFO             PET0 PIOc_freedecomp Enter - MemInfo: [/proc/self/status]	VmSwap:	       0 kB
20220313 033614.166 INFO             PET0 PIOc_freedecomp Enter - MemInfo: [/proc/self/status]	VmRSSPercent: 0.0137898 %
20220313 033614.166 INFO             PET0 PIOc_freedecomp Enter - MemInfo: [malloc] Non-mmapped space allocated:                12308480 Byte
20220313 033614.166 INFO             PET0 PIOc_freedecomp Enter - MemInfo: [malloc] Space allocated in mmapped regions:          1581056 Byte
20220313 033614.166 INFO             PET0 PIOc_freedecomp Enter - MemInfo: [malloc] Maximum total allocated space:                     0 Byte
20220313 033614.166 INFO             PET0 PIOc_freedecomp Enter - MemInfo: [malloc] Space in freed fastbin blocks:                  3168 Byte
20220313 033614.166 INFO             PET0 PIOc_freedecomp Enter - MemInfo: [malloc] Total allocated space:                       3051600 Byte
20220313 033614.166 INFO             PET0 PIOc_freedecomp Enter - MemInfo: [malloc] Total free space:                            9256880 Byte
20220313 033614.166 INFO             PET0 PIOc_freedecomp Enter - MemInfo: [malloc] Top-most, releasable space:                   128256 Byte
20220313 033614.166 INFO             PET0 PIOc_freedecomp Enter - MemInfo: [malloc] Total space in use, mmap + non-mmap:         4632656 Byte
20220313 033614.166 INFO             PET0 PIOc_freedecomp Enter - MemInfo: [malloc] Total space held (mmap + non-mmap):         13889536 Byte
20220313 033614.166 INFO             PET0 PIOc_freedecomp Enter - MemInfo: [malloc] Total space used (mmap + non-mmap):          4641824 Byte
20220313 033614.166 INFO             PET0 PIOc_freedecomp Enter - MemInfo: Wall-clock time since execution start:               0.154729 seconds
20220313 033614.166 INFO             PET0 PIOc_freedecomp Exit - MemInfo: [/proc/meminfo - SSI]	MemTotal:       196434604 kB
20220313 033614.166 INFO             PET0 PIOc_freedecomp Exit - MemInfo: [/proc/meminfo - SSI]	MemFree:        186380104 kB
20220313 033614.166 INFO             PET0 PIOc_freedecomp Exit - MemInfo: [/proc/meminfo - SSI]	MemAvailable:   191841340 kB
20220313 033614.166 INFO             PET0 PIOc_freedecomp Exit - MemInfo: [/proc/meminfo - SSI]	Committed_AS:     647632 kB
20220313 033614.166 INFO             PET0 PIOc_freedecomp Exit - MemInfo: [/proc/meminfo - SSI]	CommittedPercent: 0.329693 %
20220313 033614.166 INFO             PET0 PIOc_freedecomp Exit - MemInfo: [/proc/self/status]	VmPeak:	  654700 kB
20220313 033614.166 INFO             PET0 PIOc_freedecomp Exit - MemInfo: [/proc/self/status]	VmSize:	  654632 kB
20220313 033614.166 INFO             PET0 PIOc_freedecomp Exit - MemInfo: [/proc/self/status]	VmLck:	       0 kB
20220313 033614.166 INFO             PET0 PIOc_freedecomp Exit - MemInfo: [/proc/self/status]	VmPin:	       0 kB
20220313 033614.166 INFO             PET0 PIOc_freedecomp Exit - MemInfo: [/proc/self/status]	VmHWM:	   64012 kB
20220313 033614.166 INFO             PET0 PIOc_freedecomp Exit - MemInfo: [/proc/self/status]	VmRSS:	   27088 kB
20220313 033614.166 INFO             PET0 PIOc_freedecomp Exit - MemInfo: [/proc/self/status]	VmData:	  195512 kB
20220313 033614.166 INFO             PET0 PIOc_freedecomp Exit - MemInfo: [/proc/self/status]	VmStk:	     144 kB
20220313 033614.166 INFO             PET0 PIOc_freedecomp Exit - MemInfo: [/proc/self/status]	VmExe:	     220 kB
20220313 033614.166 INFO             PET0 PIOc_freedecomp Exit - MemInfo: [/proc/self/status]	VmLib:	   59892 kB
20220313 033614.166 INFO             PET0 PIOc_freedecomp Exit - MemInfo: [/proc/self/status]	VmPTE:	     916 kB
20220313 033614.166 INFO             PET0 PIOc_freedecomp Exit - MemInfo: [/proc/self/status]	VmSwap:	       0 kB
20220313 033614.166 INFO             PET0 PIOc_freedecomp Exit - MemInfo: [/proc/self/status]	VmRSSPercent: 0.0137898 %
20220313 033614.166 INFO             PET0 PIOc_freedecomp Exit - MemInfo: [malloc] Non-mmapped space allocated:                12308480 Byte
20220313 033614.166 INFO             PET0 PIOc_freedecomp Exit - MemInfo: [malloc] Space allocated in mmapped regions:          1581056 Byte
20220313 033614.166 INFO             PET0 PIOc_freedecomp Exit - MemInfo: [malloc] Maximum total allocated space:                     0 Byte
20220313 033614.166 INFO             PET0 PIOc_freedecomp Exit - MemInfo: [malloc] Space in freed fastbin blocks:                  3216 Byte
20220313 033614.166 INFO             PET0 PIOc_freedecomp Exit - MemInfo: [malloc] Total allocated space:                       3044736 Byte
20220313 033614.166 INFO             PET0 PIOc_freedecomp Exit - MemInfo: [malloc] Total free space:                            9263744 Byte
20220313 033614.166 INFO             PET0 PIOc_freedecomp Exit - MemInfo: [malloc] Top-most, releasable space:                   128736 Byte
20220313 033614.166 INFO             PET0 PIOc_freedecomp Exit - MemInfo: [malloc] Total space in use, mmap + non-mmap:         4625792 Byte
20220313 033614.166 INFO             PET0 PIOc_freedecomp Exit - MemInfo: [malloc] Total space held (mmap + non-mmap):         13889536 Byte
20220313 033614.166 INFO             PET0 PIOc_freedecomp Exit - MemInfo: [malloc] Total space used (mmap + non-mmap):          4636032 Byte
20220313 033614.166 INFO             PET0 PIOc_freedecomp Exit - MemInfo: Wall-clock time since execution start:               0.154999 seconds
20220313 033614.168 INFO             PET0 PIOc_sync Enter - MemInfo: [/proc/meminfo - SSI]	MemTotal:       196434604 kB
20220313 033614.168 INFO             PET0 PIOc_sync Enter - MemInfo: [/proc/meminfo - SSI]	MemFree:        186380104 kB
20220313 033614.168 INFO             PET0 PIOc_sync Enter - MemInfo: [/proc/meminfo - SSI]	MemAvailable:   191841340 kB
20220313 033614.168 INFO             PET0 PIOc_sync Enter - MemInfo: [/proc/meminfo - SSI]	Committed_AS:     647632 kB
20220313 033614.168 INFO             PET0 PIOc_sync Enter - MemInfo: [/proc/meminfo - SSI]	CommittedPercent: 0.329693 %
20220313 033614.168 INFO             PET0 PIOc_sync Enter - MemInfo: [/proc/self/status]	VmPeak:	  654700 kB
20220313 033614.168 INFO             PET0 PIOc_sync Enter - MemInfo: [/proc/self/status]	VmSize:	  654632 kB
20220313 033614.168 INFO             PET0 PIOc_sync Enter - MemInfo: [/proc/self/status]	VmLck:	       0 kB
20220313 033614.168 INFO             PET0 PIOc_sync Enter - MemInfo: [/proc/self/status]	VmPin:	       0 kB
20220313 033614.168 INFO             PET0 PIOc_sync Enter - MemInfo: [/proc/self/status]	VmHWM:	   64012 kB
20220313 033614.168 INFO             PET0 PIOc_sync Enter - MemInfo: [/proc/self/status]	VmRSS:	   27404 kB
20220313 033614.168 INFO             PET0 PIOc_sync Enter - MemInfo: [/proc/self/status]	VmData:	  195512 kB
20220313 033614.168 INFO             PET0 PIOc_sync Enter - MemInfo: [/proc/self/status]	VmStk:	     144 kB
20220313 033614.168 INFO             PET0 PIOc_sync Enter - MemInfo: [/proc/self/status]	VmExe:	     220 kB
20220313 033614.168 INFO             PET0 PIOc_sync Enter - MemInfo: [/proc/self/status]	VmLib:	   59892 kB
20220313 033614.168 INFO             PET0 PIOc_sync Enter - MemInfo: [/proc/self/status]	VmPTE:	     916 kB
20220313 033614.168 INFO             PET0 PIOc_sync Enter - MemInfo: [/proc/self/status]	VmSwap:	       0 kB
20220313 033614.168 INFO             PET0 PIOc_sync Enter - MemInfo: [/proc/self/status]	VmRSSPercent: 0.0139507 %
20220313 033614.168 INFO             PET0 PIOc_sync Enter - MemInfo: [malloc] Non-mmapped space allocated:                12308480 Byte
20220313 033614.168 INFO             PET0 PIOc_sync Enter - MemInfo: [malloc] Space allocated in mmapped regions:          1581056 Byte
20220313 033614.168 INFO             PET0 PIOc_sync Enter - MemInfo: [malloc] Maximum total allocated space:                     0 Byte
20220313 033614.168 INFO             PET0 PIOc_sync Enter - MemInfo: [malloc] Space in freed fastbin blocks:                  3712 Byte
20220313 033614.168 INFO             PET0 PIOc_sync Enter - MemInfo: [malloc] Total allocated space:                      11974480 Byte
20220313 033614.168 INFO             PET0 PIOc_sync Enter - MemInfo: [malloc] Total free space:                             334000 Byte
20220313 033614.168 INFO             PET0 PIOc_sync Enter - MemInfo: [malloc] Top-most, releasable space:                   131520 Byte
20220313 033614.168 INFO             PET0 PIOc_sync Enter - MemInfo: [malloc] Total space in use, mmap + non-mmap:        13555536 Byte
20220313 033614.168 INFO             PET0 PIOc_sync Enter - MemInfo: [malloc] Total space held (mmap + non-mmap):         13889536 Byte
20220313 033614.168 INFO             PET0 PIOc_sync Enter - MemInfo: [malloc] Total space used (mmap + non-mmap):         13565776 Byte
20220313 033614.168 INFO             PET0 PIOc_sync Enter - MemInfo: Wall-clock time since execution start:               0.156566 seconds
20220313 033614.168 INFO             PET0 PIOc_sync Exit - MemInfo: [/proc/meminfo - SSI]	MemTotal:       196434604 kB
20220313 033614.168 INFO             PET0 PIOc_sync Exit - MemInfo: [/proc/meminfo - SSI]	MemFree:        186380104 kB
20220313 033614.168 INFO             PET0 PIOc_sync Exit - MemInfo: [/proc/meminfo - SSI]	MemAvailable:   191841340 kB
20220313 033614.168 INFO             PET0 PIOc_sync Exit - MemInfo: [/proc/meminfo - SSI]	Committed_AS:     647632 kB
20220313 033614.168 INFO             PET0 PIOc_sync Exit - MemInfo: [/proc/meminfo - SSI]	CommittedPercent: 0.329693 %
20220313 033614.168 INFO             PET0 PIOc_sync Exit - MemInfo: [/proc/self/status]	VmPeak:	  654700 kB
20220313 033614.168 INFO             PET0 PIOc_sync Exit - MemInfo: [/proc/self/status]	VmSize:	  654632 kB
20220313 033614.168 INFO             PET0 PIOc_sync Exit - MemInfo: [/proc/self/status]	VmLck:	       0 kB
20220313 033614.168 INFO             PET0 PIOc_sync Exit - MemInfo: [/proc/self/status]	VmPin:	       0 kB
20220313 033614.168 INFO             PET0 PIOc_sync Exit - MemInfo: [/proc/self/status]	VmHWM:	   64012 kB
20220313 033614.168 INFO             PET0 PIOc_sync Exit - MemInfo: [/proc/self/status]	VmRSS:	   27404 kB
20220313 033614.168 INFO             PET0 PIOc_sync Exit - MemInfo: [/proc/self/status]	VmData:	  195512 kB
20220313 033614.168 INFO             PET0 PIOc_sync Exit - MemInfo: [/proc/self/status]	VmStk:	     144 kB
20220313 033614.168 INFO             PET0 PIOc_sync Exit - MemInfo: [/proc/self/status]	VmExe:	     220 kB
20220313 033614.168 INFO             PET0 PIOc_sync Exit - MemInfo: [/proc/self/status]	VmLib:	   59892 kB
20220313 033614.168 INFO             PET0 PIOc_sync Exit - MemInfo: [/proc/self/status]	VmPTE:	     916 kB
20220313 033614.168 INFO             PET0 PIOc_sync Exit - MemInfo: [/proc/self/status]	VmSwap:	       0 kB
20220313 033614.168 INFO             PET0 PIOc_sync Exit - MemInfo: [/proc/self/status]	VmRSSPercent: 0.0139507 %
20220313 033614.168 INFO             PET0 PIOc_sync Exit - MemInfo: [malloc] Non-mmapped space allocated:                12308480 Byte
20220313 033614.168 INFO             PET0 PIOc_sync Exit - MemInfo: [malloc] Space allocated in mmapped regions:          1581056 Byte
20220313 033614.168 INFO             PET0 PIOc_sync Exit - MemInfo: [malloc] Maximum total allocated space:                     0 Byte
20220313 033614.168 INFO             PET0 PIOc_sync Exit - MemInfo: [malloc] Space in freed fastbin blocks:                  2400 Byte
20220313 033614.168 INFO             PET0 PIOc_sync Exit - MemInfo: [malloc] Total allocated space:                      11979952 Byte
20220313 033614.168 INFO             PET0 PIOc_sync Exit - MemInfo: [malloc] Total free space:                             328528 Byte
20220313 033614.168 INFO             PET0 PIOc_sync Exit - MemInfo: [malloc] Top-most, releasable space:                   123504 Byte
20220313 033614.168 INFO             PET0 PIOc_sync Exit - MemInfo: [malloc] Total space in use, mmap + non-mmap:        13561008 Byte
20220313 033614.168 INFO             PET0 PIOc_sync Exit - MemInfo: [malloc] Total space held (mmap + non-mmap):         13889536 Byte
20220313 033614.168 INFO             PET0 PIOc_sync Exit - MemInfo: [malloc] Total space used (mmap + non-mmap):         13570416 Byte
20220313 033614.168 INFO             PET0 PIOc_sync Exit - MemInfo: Wall-clock time since execution start:               0.156875 seconds
20220313 033614.169 INFO             PET0 PIOc_freedecomp Enter - MemInfo: [/proc/meminfo - SSI]	MemTotal:       196434604 kB
20220313 033614.169 INFO             PET0 PIOc_freedecomp Enter - MemInfo: [/proc/meminfo - SSI]	MemFree:        186380104 kB
20220313 033614.169 INFO             PET0 PIOc_freedecomp Enter - MemInfo: [/proc/meminfo - SSI]	MemAvailable:   191841340 kB
20220313 033614.169 INFO             PET0 PIOc_freedecomp Enter - MemInfo: [/proc/meminfo - SSI]	Committed_AS:     647632 kB
20220313 033614.169 INFO             PET0 PIOc_freedecomp Enter - MemInfo: [/proc/meminfo - SSI]	CommittedPercent: 0.329693 %
20220313 033614.169 INFO             PET0 PIOc_freedecomp Enter - MemInfo: [/proc/self/status]	VmPeak:	  654700 kB
20220313 033614.169 INFO             PET0 PIOc_freedecomp Enter - MemInfo: [/proc/self/status]	VmSize:	  654632 kB
20220313 033614.169 INFO             PET0 PIOc_freedecomp Enter - MemInfo: [/proc/self/status]	VmLck:	       0 kB
20220313 033614.169 INFO             PET0 PIOc_freedecomp Enter - MemInfo: [/proc/self/status]	VmPin:	       0 kB
20220313 033614.169 INFO             PET0 PIOc_freedecomp Enter - MemInfo: [/proc/self/status]	VmHWM:	   64012 kB
20220313 033614.169 INFO             PET0 PIOc_freedecomp Enter - MemInfo: [/proc/self/status]	VmRSS:	   27404 kB
20220313 033614.169 INFO             PET0 PIOc_freedecomp Enter - MemInfo: [/proc/self/status]	VmData:	  195512 kB
20220313 033614.169 INFO             PET0 PIOc_freedecomp Enter - MemInfo: [/proc/self/status]	VmStk:	     144 kB
20220313 033614.169 INFO             PET0 PIOc_freedecomp Enter - MemInfo: [/proc/self/status]	VmExe:	     220 kB
20220313 033614.169 INFO             PET0 PIOc_freedecomp Enter - MemInfo: [/proc/self/status]	VmLib:	   59892 kB
20220313 033614.169 INFO             PET0 PIOc_freedecomp Enter - MemInfo: [/proc/self/status]	VmPTE:	     916 kB
20220313 033614.169 INFO             PET0 PIOc_freedecomp Enter - MemInfo: [/proc/self/status]	VmSwap:	       0 kB
20220313 033614.169 INFO             PET0 PIOc_freedecomp Enter - MemInfo: [/proc/self/status]	VmRSSPercent: 0.0139507 %
20220313 033614.169 INFO             PET0 PIOc_freedecomp Enter - MemInfo: [malloc] Non-mmapped space allocated:                12308480 Byte
20220313 033614.169 INFO             PET0 PIOc_freedecomp Enter - MemInfo: [malloc] Space allocated in mmapped regions:          1581056 Byte
20220313 033614.169 INFO             PET0 PIOc_freedecomp Enter - MemInfo: [malloc] Maximum total allocated space:                     0 Byte
20220313 033614.169 INFO             PET0 PIOc_freedecomp Enter - MemInfo: [malloc] Space in freed fastbin blocks:                  1856 Byte
20220313 033614.169 INFO             PET0 PIOc_freedecomp Enter - MemInfo: [malloc] Total allocated space:                       3052096 Byte
20220313 033614.169 INFO             PET0 PIOc_freedecomp Enter - MemInfo: [malloc] Total free space:                            9256384 Byte
20220313 033614.169 INFO             PET0 PIOc_freedecomp Enter - MemInfo: [malloc] Top-most, releasable space:                   127904 Byte
20220313 033614.169 INFO             PET0 PIOc_freedecomp Enter - MemInfo: [malloc] Total space in use, mmap + non-mmap:         4633152 Byte
20220313 033614.169 INFO             PET0 PIOc_freedecomp Enter - MemInfo: [malloc] Total space held (mmap + non-mmap):         13889536 Byte
20220313 033614.169 INFO             PET0 PIOc_freedecomp Enter - MemInfo: [malloc] Total space used (mmap + non-mmap):          4642512 Byte
20220313 033614.169 INFO             PET0 PIOc_freedecomp Enter - MemInfo: Wall-clock time since execution start:               0.157396 seconds
20220313 033614.169 INFO             PET0 PIOc_freedecomp Exit - MemInfo: [/proc/meminfo - SSI]	MemTotal:       196434604 kB
20220313 033614.169 INFO             PET0 PIOc_freedecomp Exit - MemInfo: [/proc/meminfo - SSI]	MemFree:        186380104 kB
20220313 033614.169 INFO             PET0 PIOc_freedecomp Exit - MemInfo: [/proc/meminfo - SSI]	MemAvailable:   191841340 kB
20220313 033614.169 INFO             PET0 PIOc_freedecomp Exit - MemInfo: [/proc/meminfo - SSI]	Committed_AS:     647632 kB
20220313 033614.169 INFO             PET0 PIOc_freedecomp Exit - MemInfo: [/proc/meminfo - SSI]	CommittedPercent: 0.329693 %
20220313 033614.169 INFO             PET0 PIOc_freedecomp Exit - MemInfo: [/proc/self/status]	VmPeak:	  654700 kB
20220313 033614.169 INFO             PET0 PIOc_freedecomp Exit - MemInfo: [/proc/self/status]	VmSize:	  654632 kB
20220313 033614.169 INFO             PET0 PIOc_freedecomp Exit - MemInfo: [/proc/self/status]	VmLck:	       0 kB
20220313 033614.169 INFO             PET0 PIOc_freedecomp Exit - MemInfo: [/proc/self/status]	VmPin:	       0 kB
20220313 033614.169 INFO             PET0 PIOc_freedecomp Exit - MemInfo: [/proc/self/status]	VmHWM:	   64012 kB
20220313 033614.169 INFO             PET0 PIOc_freedecomp Exit - MemInfo: [/proc/self/status]	VmRSS:	   27404 kB
20220313 033614.169 INFO             PET0 PIOc_freedecomp Exit - MemInfo: [/proc/self/status]	VmData:	  195512 kB
20220313 033614.169 INFO             PET0 PIOc_freedecomp Exit - MemInfo: [/proc/self/status]	VmStk:	     144 kB
20220313 033614.169 INFO             PET0 PIOc_freedecomp Exit - MemInfo: [/proc/self/status]	VmExe:	     220 kB
20220313 033614.169 INFO             PET0 PIOc_freedecomp Exit - MemInfo: [/proc/self/status]	VmLib:	   59892 kB
20220313 033614.169 INFO             PET0 PIOc_freedecomp Exit - MemInfo: [/proc/self/status]	VmPTE:	     916 kB
20220313 033614.169 INFO             PET0 PIOc_freedecomp Exit - MemInfo: [/proc/self/status]	VmSwap:	       0 kB
20220313 033614.169 INFO             PET0 PIOc_freedecomp Exit - MemInfo: [/proc/self/status]	VmRSSPercent: 0.0139507 %
20220313 033614.169 INFO             PET0 PIOc_freedecomp Exit - MemInfo: [malloc] Non-mmapped space allocated:                12308480 Byte
20220313 033614.169 INFO             PET0 PIOc_freedecomp Exit - MemInfo: [malloc] Space allocated in mmapped regions:          1581056 Byte
20220313 033614.169 INFO             PET0 PIOc_freedecomp Exit - MemInfo: [malloc] Maximum total allocated space:                     0 Byte
20220313 033614.169 INFO             PET0 PIOc_freedecomp Exit - MemInfo: [malloc] Space in freed fastbin blocks:                  3632 Byte
20220313 033614.169 INFO             PET0 PIOc_freedecomp Exit - MemInfo: [malloc] Total allocated space:                       3045232 Byte
20220313 033614.169 INFO             PET0 PIOc_freedecomp Exit - MemInfo: [malloc] Total free space:                            9263248 Byte
20220313 033614.169 INFO             PET0 PIOc_freedecomp Exit - MemInfo: [malloc] Top-most, releasable space:                   127904 Byte
20220313 033614.169 INFO             PET0 PIOc_freedecomp Exit - MemInfo: [malloc] Total space in use, mmap + non-mmap:         4626288 Byte
20220313 033614.169 INFO             PET0 PIOc_freedecomp Exit - MemInfo: [malloc] Total space held (mmap + non-mmap):         13889536 Byte
20220313 033614.169 INFO             PET0 PIOc_freedecomp Exit - MemInfo: [malloc] Total space used (mmap + non-mmap):          4635632 Byte
20220313 033614.169 INFO             PET0 PIOc_freedecomp Exit - MemInfo: Wall-clock time since execution start:               0.157672 seconds
20220313 033614.170 INFO             PET0 PIOc_sync Enter - MemInfo: [/proc/meminfo - SSI]	MemTotal:       196434604 kB
20220313 033614.170 INFO             PET0 PIOc_sync Enter - MemInfo: [/proc/meminfo - SSI]	MemFree:        186380104 kB
20220313 033614.170 INFO             PET0 PIOc_sync Enter - MemInfo: [/proc/meminfo - SSI]	MemAvailable:   191841340 kB
20220313 033614.170 INFO             PET0 PIOc_sync Enter - MemInfo: [/proc/meminfo - SSI]	Committed_AS:     647632 kB
20220313 033614.170 INFO             PET0 PIOc_sync Enter - MemInfo: [/proc/meminfo - SSI]	CommittedPercent: 0.329693 %
20220313 033614.170 INFO             PET0 PIOc_sync Enter - MemInfo: [/proc/self/status]	VmPeak:	  654700 kB
20220313 033614.170 INFO             PET0 PIOc_sync Enter - MemInfo: [/proc/self/status]	VmSize:	  654632 kB
20220313 033614.170 INFO             PET0 PIOc_sync Enter - MemInfo: [/proc/self/status]	VmLck:	       0 kB
20220313 033614.170 INFO             PET0 PIOc_sync Enter - MemInfo: [/proc/self/status]	VmPin:	       0 kB
20220313 033614.170 INFO             PET0 PIOc_sync Enter - MemInfo: [/proc/self/status]	VmHWM:	   64012 kB
20220313 033614.170 INFO             PET0 PIOc_sync Enter - MemInfo: [/proc/self/status]	VmRSS:	   27408 kB
20220313 033614.170 INFO             PET0 PIOc_sync Enter - MemInfo: [/proc/self/status]	VmData:	  195512 kB
20220313 033614.170 INFO             PET0 PIOc_sync Enter - MemInfo: [/proc/self/status]	VmStk:	     144 kB
20220313 033614.170 INFO             PET0 PIOc_sync Enter - MemInfo: [/proc/self/status]	VmExe:	     220 kB
20220313 033614.170 INFO             PET0 PIOc_sync Enter - MemInfo: [/proc/self/status]	VmLib:	   59892 kB
20220313 033614.170 INFO             PET0 PIOc_sync Enter - MemInfo: [/proc/self/status]	VmPTE:	     916 kB
20220313 033614.170 INFO             PET0 PIOc_sync Enter - MemInfo: [/proc/self/status]	VmSwap:	       0 kB
20220313 033614.170 INFO             PET0 PIOc_sync Enter - MemInfo: [/proc/self/status]	VmRSSPercent: 0.0139527 %
20220313 033614.170 INFO             PET0 PIOc_sync Enter - MemInfo: [malloc] Non-mmapped space allocated:                12308480 Byte
20220313 033614.170 INFO             PET0 PIOc_sync Enter - MemInfo: [malloc] Space allocated in mmapped regions:          1581056 Byte
20220313 033614.170 INFO             PET0 PIOc_sync Enter - MemInfo: [malloc] Maximum total allocated space:                     0 Byte
20220313 033614.170 INFO             PET0 PIOc_sync Enter - MemInfo: [malloc] Space in freed fastbin blocks:                   912 Byte
20220313 033614.170 INFO             PET0 PIOc_sync Enter - MemInfo: [malloc] Total allocated space:                      11975616 Byte
20220313 033614.170 INFO             PET0 PIOc_sync Enter - MemInfo: [malloc] Total free space:                             332864 Byte
20220313 033614.170 INFO             PET0 PIOc_sync Enter - MemInfo: [malloc] Top-most, releasable space:                   131120 Byte
20220313 033614.170 INFO             PET0 PIOc_sync Enter - MemInfo: [malloc] Total space in use, mmap + non-mmap:        13556672 Byte
20220313 033614.170 INFO             PET0 PIOc_sync Enter - MemInfo: [malloc] Total space held (mmap + non-mmap):         13889536 Byte
20220313 033614.170 INFO             PET0 PIOc_sync Enter - MemInfo: [malloc] Total space used (mmap + non-mmap):         13565984 Byte
20220313 033614.170 INFO             PET0 PIOc_sync Enter - MemInfo: Wall-clock time since execution start:               0.159165 seconds
20220313 033614.171 INFO             PET0 PIOc_sync Exit - MemInfo: [/proc/meminfo - SSI]	MemTotal:       196434604 kB
20220313 033614.171 INFO             PET0 PIOc_sync Exit - MemInfo: [/proc/meminfo - SSI]	MemFree:        186380104 kB
20220313 033614.171 INFO             PET0 PIOc_sync Exit - MemInfo: [/proc/meminfo - SSI]	MemAvailable:   191841340 kB
20220313 033614.171 INFO             PET0 PIOc_sync Exit - MemInfo: [/proc/meminfo - SSI]	Committed_AS:     647632 kB
20220313 033614.171 INFO             PET0 PIOc_sync Exit - MemInfo: [/proc/meminfo - SSI]	CommittedPercent: 0.329693 %
20220313 033614.171 INFO             PET0 PIOc_sync Exit - MemInfo: [/proc/self/status]	VmPeak:	  654700 kB
20220313 033614.171 INFO             PET0 PIOc_sync Exit - MemInfo: [/proc/self/status]	VmSize:	  654632 kB
20220313 033614.171 INFO             PET0 PIOc_sync Exit - MemInfo: [/proc/self/status]	VmLck:	       0 kB
20220313 033614.171 INFO             PET0 PIOc_sync Exit - MemInfo: [/proc/self/status]	VmPin:	       0 kB
20220313 033614.171 INFO             PET0 PIOc_sync Exit - MemInfo: [/proc/self/status]	VmHWM:	   64012 kB
20220313 033614.171 INFO             PET0 PIOc_sync Exit - MemInfo: [/proc/self/status]	VmRSS:	   27408 kB
20220313 033614.171 INFO             PET0 PIOc_sync Exit - MemInfo: [/proc/self/status]	VmData:	  195512 kB
20220313 033614.171 INFO             PET0 PIOc_sync Exit - MemInfo: [/proc/self/status]	VmStk:	     144 kB
20220313 033614.171 INFO             PET0 PIOc_sync Exit - MemInfo: [/proc/self/status]	VmExe:	     220 kB
20220313 033614.171 INFO             PET0 PIOc_sync Exit - MemInfo: [/proc/self/status]	VmLib:	   59892 kB
20220313 033614.171 INFO             PET0 PIOc_sync Exit - MemInfo: [/proc/self/status]	VmPTE:	     916 kB
20220313 033614.171 INFO             PET0 PIOc_sync Exit - MemInfo: [/proc/self/status]	VmSwap:	       0 kB
20220313 033614.171 INFO             PET0 PIOc_sync Exit - MemInfo: [/proc/self/status]	VmRSSPercent: 0.0139527 %
20220313 033614.171 INFO             PET0 PIOc_sync Exit - MemInfo: [malloc] Non-mmapped space allocated:                12308480 Byte
20220313 033614.171 INFO             PET0 PIOc_sync Exit - MemInfo: [malloc] Space allocated in mmapped regions:          1581056 Byte
20220313 033614.171 INFO             PET0 PIOc_sync Exit - MemInfo: [malloc] Maximum total allocated space:                     0 Byte
20220313 033614.171 INFO             PET0 PIOc_sync Exit - MemInfo: [malloc] Space in freed fastbin blocks:                  2896 Byte
20220313 033614.171 INFO             PET0 PIOc_sync Exit - MemInfo: [malloc] Total allocated space:                      11980304 Byte
20220313 033614.171 INFO             PET0 PIOc_sync Exit - MemInfo: [malloc] Total free space:                             328176 Byte
20220313 033614.171 INFO             PET0 PIOc_sync Exit - MemInfo: [malloc] Top-most, releasable space:                   123520 Byte
20220313 033614.171 INFO             PET0 PIOc_sync Exit - MemInfo: [malloc] Total space in use, mmap + non-mmap:        13561360 Byte
20220313 033614.171 INFO             PET0 PIOc_sync Exit - MemInfo: [malloc] Total space held (mmap + non-mmap):         13889536 Byte
20220313 033614.171 INFO             PET0 PIOc_sync Exit - MemInfo: [malloc] Total space used (mmap + non-mmap):         13570640 Byte
20220313 033614.171 INFO             PET0 PIOc_sync Exit - MemInfo: Wall-clock time since execution start:                0.15952 seconds
20220313 033614.171 INFO             PET0 PIOc_freedecomp Enter - MemInfo: [/proc/meminfo - SSI]	MemTotal:       196434604 kB
20220313 033614.171 INFO             PET0 PIOc_freedecomp Enter - MemInfo: [/proc/meminfo - SSI]	MemFree:        186380104 kB
20220313 033614.171 INFO             PET0 PIOc_freedecomp Enter - MemInfo: [/proc/meminfo - SSI]	MemAvailable:   191841340 kB
20220313 033614.171 INFO             PET0 PIOc_freedecomp Enter - MemInfo: [/proc/meminfo - SSI]	Committed_AS:     647632 kB
20220313 033614.171 INFO             PET0 PIOc_freedecomp Enter - MemInfo: [/proc/meminfo - SSI]	CommittedPercent: 0.329693 %
20220313 033614.171 INFO             PET0 PIOc_freedecomp Enter - MemInfo: [/proc/self/status]	VmPeak:	  654700 kB
20220313 033614.171 INFO             PET0 PIOc_freedecomp Enter - MemInfo: [/proc/self/status]	VmSize:	  654632 kB
20220313 033614.171 INFO             PET0 PIOc_freedecomp Enter - MemInfo: [/proc/self/status]	VmLck:	       0 kB
20220313 033614.171 INFO             PET0 PIOc_freedecomp Enter - MemInfo: [/proc/self/status]	VmPin:	       0 kB
20220313 033614.171 INFO             PET0 PIOc_freedecomp Enter - MemInfo: [/proc/self/status]	VmHWM:	   64012 kB
20220313 033614.171 INFO             PET0 PIOc_freedecomp Enter - MemInfo: [/proc/self/status]	VmRSS:	   27408 kB
20220313 033614.171 INFO             PET0 PIOc_freedecomp Enter - MemInfo: [/proc/self/status]	VmData:	  195512 kB
20220313 033614.171 INFO             PET0 PIOc_freedecomp Enter - MemInfo: [/proc/self/status]	VmStk:	     144 kB
20220313 033614.171 INFO             PET0 PIOc_freedecomp Enter - MemInfo: [/proc/self/status]	VmExe:	     220 kB
20220313 033614.171 INFO             PET0 PIOc_freedecomp Enter - MemInfo: [/proc/self/status]	VmLib:	   59892 kB
20220313 033614.171 INFO             PET0 PIOc_freedecomp Enter - MemInfo: [/proc/self/status]	VmPTE:	     916 kB
20220313 033614.171 INFO             PET0 PIOc_freedecomp Enter - MemInfo: [/proc/self/status]	VmSwap:	       0 kB
20220313 033614.171 INFO             PET0 PIOc_freedecomp Enter - MemInfo: [/proc/self/status]	VmRSSPercent: 0.0139527 %
20220313 033614.171 INFO             PET0 PIOc_freedecomp Enter - MemInfo: [malloc] Non-mmapped space allocated:                12308480 Byte
20220313 033614.171 INFO             PET0 PIOc_freedecomp Enter - MemInfo: [malloc] Space allocated in mmapped regions:          1581056 Byte
20220313 033614.171 INFO             PET0 PIOc_freedecomp Enter - MemInfo: [malloc] Maximum total allocated space:                     0 Byte
20220313 033614.171 INFO             PET0 PIOc_freedecomp Enter - MemInfo: [malloc] Space in freed fastbin blocks:                  3040 Byte
20220313 033614.171 INFO             PET0 PIOc_freedecomp Enter - MemInfo: [malloc] Total allocated space:                       3051744 Byte
20220313 033614.171 INFO             PET0 PIOc_freedecomp Enter - MemInfo: [malloc] Total free space:                            9256736 Byte
20220313 033614.171 INFO             PET0 PIOc_freedecomp Enter - MemInfo: [malloc] Top-most, releasable space:                   124320 Byte
20220313 033614.171 INFO             PET0 PIOc_freedecomp Enter - MemInfo: [malloc] Total space in use, mmap + non-mmap:         4632800 Byte
20220313 033614.171 INFO             PET0 PIOc_freedecomp Enter - MemInfo: [malloc] Total space held (mmap + non-mmap):         13889536 Byte
20220313 033614.171 INFO             PET0 PIOc_freedecomp Enter - MemInfo: [malloc] Total space used (mmap + non-mmap):          4642032 Byte
20220313 033614.171 INFO             PET0 PIOc_freedecomp Enter - MemInfo: Wall-clock time since execution start:               0.160091 seconds
20220313 033614.171 INFO             PET0 PIOc_freedecomp Exit - MemInfo: [/proc/meminfo - SSI]	MemTotal:       196434604 kB
20220313 033614.171 INFO             PET0 PIOc_freedecomp Exit - MemInfo: [/proc/meminfo - SSI]	MemFree:        186380104 kB
20220313 033614.171 INFO             PET0 PIOc_freedecomp Exit - MemInfo: [/proc/meminfo - SSI]	MemAvailable:   191841340 kB
20220313 033614.171 INFO             PET0 PIOc_freedecomp Exit - MemInfo: [/proc/meminfo - SSI]	Committed_AS:     647632 kB
20220313 033614.171 INFO             PET0 PIOc_freedecomp Exit - MemInfo: [/proc/meminfo - SSI]	CommittedPercent: 0.329693 %
20220313 033614.172 INFO             PET0 PIOc_freedecomp Exit - MemInfo: [/proc/self/status]	VmPeak:	  654700 kB
20220313 033614.172 INFO             PET0 PIOc_freedecomp Exit - MemInfo: [/proc/self/status]	VmSize:	  654632 kB
20220313 033614.172 INFO             PET0 PIOc_freedecomp Exit - MemInfo: [/proc/self/status]	VmLck:	       0 kB
20220313 033614.172 INFO             PET0 PIOc_freedecomp Exit - MemInfo: [/proc/self/status]	VmPin:	       0 kB
20220313 033614.172 INFO             PET0 PIOc_freedecomp Exit - MemInfo: [/proc/self/status]	VmHWM:	   64012 kB
20220313 033614.172 INFO             PET0 PIOc_freedecomp Exit - MemInfo: [/proc/self/status]	VmRSS:	   27408 kB
20220313 033614.172 INFO             PET0 PIOc_freedecomp Exit - MemInfo: [/proc/self/status]	VmData:	  195512 kB
20220313 033614.172 INFO             PET0 PIOc_freedecomp Exit - MemInfo: [/proc/self/status]	VmStk:	     144 kB
20220313 033614.172 INFO             PET0 PIOc_freedecomp Exit - MemInfo: [/proc/self/status]	VmExe:	     220 kB
20220313 033614.172 INFO             PET0 PIOc_freedecomp Exit - MemInfo: [/proc/self/status]	VmLib:	   59892 kB
20220313 033614.172 INFO             PET0 PIOc_freedecomp Exit - MemInfo: [/proc/self/status]	VmPTE:	     916 kB
20220313 033614.172 INFO             PET0 PIOc_freedecomp Exit - MemInfo: [/proc/self/status]	VmSwap:	       0 kB
20220313 033614.172 INFO             PET0 PIOc_freedecomp Exit - MemInfo: [/proc/self/status]	VmRSSPercent: 0.0139527 %
20220313 033614.172 INFO             PET0 PIOc_freedecomp Exit - MemInfo: [malloc] Non-mmapped space allocated:                12308480 Byte
20220313 033614.172 INFO             PET0 PIOc_freedecomp Exit - MemInfo: [malloc] Space allocated in mmapped regions:          1581056 Byte
20220313 033614.172 INFO             PET0 PIOc_freedecomp Exit - MemInfo: [malloc] Maximum total allocated space:                     0 Byte
20220313 033614.172 INFO             PET0 PIOc_freedecomp Exit - MemInfo: [malloc] Space in freed fastbin blocks:                  4016 Byte
20220313 033614.172 INFO             PET0 PIOc_freedecomp Exit - MemInfo: [malloc] Total allocated space:                       3044880 Byte
20220313 033614.172 INFO             PET0 PIOc_freedecomp Exit - MemInfo: [malloc] Total free space:                            9263600 Byte
20220313 033614.172 INFO             PET0 PIOc_freedecomp Exit - MemInfo: [malloc] Top-most, releasable space:                   124320 Byte
20220313 033614.172 INFO             PET0 PIOc_freedecomp Exit - MemInfo: [malloc] Total space in use, mmap + non-mmap:         4625936 Byte
20220313 033614.172 INFO             PET0 PIOc_freedecomp Exit - MemInfo: [malloc] Total space held (mmap + non-mmap):         13889536 Byte
20220313 033614.172 INFO             PET0 PIOc_freedecomp Exit - MemInfo: [malloc] Total space used (mmap + non-mmap):          4635136 Byte
20220313 033614.172 INFO             PET0 PIOc_freedecomp Exit - MemInfo: Wall-clock time since execution start:               0.160361 seconds
20220313 033614.181 INFO             PET0  NUMBER_OF_PROCESSORS           4
20220313 033614.181 INFO             PET0  PASS  Example ESMF_RHandleBitForBitEx, ESMF_RHandleBitForBitEx.F90, line 1557
20220313 033614.181 INFO             PET0 Finalizing ESMF
20220313 033614.015 INFO             PET1 !!!!!!!!!!!!!!!!!!!!!!!!!!!!!!!!!!!!!!!!!!!!!!!!!!!!!!
20220313 033614.015 INFO             PET1 !!! THE ESMF_LOG IS SET TO OUTPUT ALL LOG MESSAGES !!!
20220313 033614.015 INFO             PET1 !!!     THIS MAY CAUSE SLOWDOWN IN PERFORMANCE     !!!
20220313 033614.015 INFO             PET1 !!! FOR PRODUCTION RUNS, USE:                      !!!
20220313 033614.015 INFO             PET1 !!!                   ESMF_LOGKIND_Multi_On_Error  !!!
20220313 033614.015 INFO             PET1 !!!!!!!!!!!!!!!!!!!!!!!!!!!!!!!!!!!!!!!!!!!!!!!!!!!!!!
20220313 033614.015 INFO             PET1 Running with ESMF Version   : v8.3.0b09-96-g559b459
20220313 033614.015 INFO             PET1 ESMF library build date/time: "Mar 13 2022" "03:13:32"
20220313 033614.015 INFO             PET1 ESMF library build location : /work/noaa/da/mpotts/sandbox/gfortran_8.3.0_openmpi_O_jedwards_pio_update2
20220313 033614.015 INFO             PET1 ESMF_COMM                   : openmpi
20220313 033614.015 INFO             PET1 ESMF_MOAB                   : enabled
20220313 033614.015 INFO             PET1 ESMF_LAPACK                 : enabled
20220313 033614.015 INFO             PET1 ESMF_NETCDF                 : enabled
20220313 033614.015 INFO             PET1 ESMF_PNETCDF                : disabled
20220313 033614.015 INFO             PET1 ESMF_PIO                    : enabled
20220313 033614.015 INFO             PET1 ESMF_YAMLCPP                : enabled
20220313 033614.161 INFO             PET1 PIOc_sync Enter - MemInfo: [/proc/meminfo - SSI]	MemTotal:       196434604 kB
20220313 033614.161 INFO             PET1 PIOc_sync Enter - MemInfo: [/proc/meminfo - SSI]	MemFree:        186376692 kB
20220313 033614.161 INFO             PET1 PIOc_sync Enter - MemInfo: [/proc/meminfo - SSI]	MemAvailable:   191837928 kB
20220313 033614.161 INFO             PET1 PIOc_sync Enter - MemInfo: [/proc/meminfo - SSI]	Committed_AS:     647700 kB
20220313 033614.161 INFO             PET1 PIOc_sync Enter - MemInfo: [/proc/meminfo - SSI]	CommittedPercent: 0.329728 %
20220313 033614.161 INFO             PET1 PIOc_sync Enter - MemInfo: [/proc/self/status]	VmPeak:	  645676 kB
20220313 033614.161 INFO             PET1 PIOc_sync Enter - MemInfo: [/proc/self/status]	VmSize:	  645676 kB
20220313 033614.161 INFO             PET1 PIOc_sync Enter - MemInfo: [/proc/self/status]	VmLck:	       0 kB
20220313 033614.161 INFO             PET1 PIOc_sync Enter - MemInfo: [/proc/self/status]	VmPin:	       0 kB
20220313 033614.161 INFO             PET1 PIOc_sync Enter - MemInfo: [/proc/self/status]	VmHWM:	   64024 kB
20220313 033614.161 INFO             PET1 PIOc_sync Enter - MemInfo: [/proc/self/status]	VmRSS:	   20800 kB
20220313 033614.161 INFO             PET1 PIOc_sync Enter - MemInfo: [/proc/self/status]	VmData:	  186556 kB
20220313 033614.161 INFO             PET1 PIOc_sync Enter - MemInfo: [/proc/self/status]	VmStk:	     144 kB
20220313 033614.161 INFO             PET1 PIOc_sync Enter - MemInfo: [/proc/self/status]	VmExe:	     220 kB
20220313 033614.161 INFO             PET1 PIOc_sync Enter - MemInfo: [/proc/self/status]	VmLib:	   59892 kB
20220313 033614.161 INFO             PET1 PIOc_sync Enter - MemInfo: [/proc/self/status]	VmPTE:	     904 kB
20220313 033614.161 INFO             PET1 PIOc_sync Enter - MemInfo: [/proc/self/status]	VmSwap:	       0 kB
20220313 033614.161 INFO             PET1 PIOc_sync Enter - MemInfo: [/proc/self/status]	VmRSSPercent: 0.0105888 %
20220313 033614.161 INFO             PET1 PIOc_sync Enter - MemInfo: [malloc] Non-mmapped space allocated:                 3137536 Byte
20220313 033614.161 INFO             PET1 PIOc_sync Enter - MemInfo: [malloc] Space allocated in mmapped regions:          1581056 Byte
20220313 033614.161 INFO             PET1 PIOc_sync Enter - MemInfo: [malloc] Maximum total allocated space:                     0 Byte
20220313 033614.161 INFO             PET1 PIOc_sync Enter - MemInfo: [malloc] Space in freed fastbin blocks:                  1168 Byte
20220313 033614.161 INFO             PET1 PIOc_sync Enter - MemInfo: [malloc] Total allocated space:                       2692624 Byte
20220313 033614.161 INFO             PET1 PIOc_sync Enter - MemInfo: [malloc] Total free space:                             444912 Byte
20220313 033614.161 INFO             PET1 PIOc_sync Enter - MemInfo: [malloc] Top-most, releasable space:                   211632 Byte
20220313 033614.161 INFO             PET1 PIOc_sync Enter - MemInfo: [malloc] Total space in use, mmap + non-mmap:         4273680 Byte
20220313 033614.161 INFO             PET1 PIOc_sync Enter - MemInfo: [malloc] Total space held (mmap + non-mmap):          4718592 Byte
20220313 033614.161 INFO             PET1 PIOc_sync Enter - MemInfo: [malloc] Total space used (mmap + non-mmap):          4283056 Byte
20220313 033614.161 INFO             PET1 PIOc_sync Enter - MemInfo: Wall-clock time since execution start:               0.150199 seconds
20220313 033614.162 INFO             PET1 PIOc_sync Exit - MemInfo: [/proc/meminfo - SSI]	MemTotal:       196434604 kB
20220313 033614.162 INFO             PET1 PIOc_sync Exit - MemInfo: [/proc/meminfo - SSI]	MemFree:        186376692 kB
20220313 033614.162 INFO             PET1 PIOc_sync Exit - MemInfo: [/proc/meminfo - SSI]	MemAvailable:   191837928 kB
20220313 033614.162 INFO             PET1 PIOc_sync Exit - MemInfo: [/proc/meminfo - SSI]	Committed_AS:     647700 kB
20220313 033614.162 INFO             PET1 PIOc_sync Exit - MemInfo: [/proc/meminfo - SSI]	CommittedPercent: 0.329728 %
20220313 033614.162 INFO             PET1 PIOc_sync Exit - MemInfo: [/proc/self/status]	VmPeak:	  645676 kB
20220313 033614.162 INFO             PET1 PIOc_sync Exit - MemInfo: [/proc/self/status]	VmSize:	  645676 kB
20220313 033614.162 INFO             PET1 PIOc_sync Exit - MemInfo: [/proc/self/status]	VmLck:	       0 kB
20220313 033614.162 INFO             PET1 PIOc_sync Exit - MemInfo: [/proc/self/status]	VmPin:	       0 kB
20220313 033614.162 INFO             PET1 PIOc_sync Exit - MemInfo: [/proc/self/status]	VmHWM:	   64024 kB
20220313 033614.162 INFO             PET1 PIOc_sync Exit - MemInfo: [/proc/self/status]	VmRSS:	   20880 kB
20220313 033614.162 INFO             PET1 PIOc_sync Exit - MemInfo: [/proc/self/status]	VmData:	  186556 kB
20220313 033614.162 INFO             PET1 PIOc_sync Exit - MemInfo: [/proc/self/status]	VmStk:	     144 kB
20220313 033614.162 INFO             PET1 PIOc_sync Exit - MemInfo: [/proc/self/status]	VmExe:	     220 kB
20220313 033614.162 INFO             PET1 PIOc_sync Exit - MemInfo: [/proc/self/status]	VmLib:	   59892 kB
20220313 033614.162 INFO             PET1 PIOc_sync Exit - MemInfo: [/proc/self/status]	VmPTE:	     904 kB
20220313 033614.162 INFO             PET1 PIOc_sync Exit - MemInfo: [/proc/self/status]	VmSwap:	       0 kB
20220313 033614.162 INFO             PET1 PIOc_sync Exit - MemInfo: [/proc/self/status]	VmRSSPercent: 0.0106295 %
20220313 033614.162 INFO             PET1 PIOc_sync Exit - MemInfo: [malloc] Non-mmapped space allocated:                 3137536 Byte
20220313 033614.162 INFO             PET1 PIOc_sync Exit - MemInfo: [malloc] Space allocated in mmapped regions:          1581056 Byte
20220313 033614.162 INFO             PET1 PIOc_sync Exit - MemInfo: [malloc] Maximum total allocated space:                     0 Byte
20220313 033614.162 INFO             PET1 PIOc_sync Exit - MemInfo: [malloc] Space in freed fastbin blocks:                  2608 Byte
20220313 033614.162 INFO             PET1 PIOc_sync Exit - MemInfo: [malloc] Total allocated space:                       2692464 Byte
20220313 033614.162 INFO             PET1 PIOc_sync Exit - MemInfo: [malloc] Total free space:                             445072 Byte
20220313 033614.162 INFO             PET1 PIOc_sync Exit - MemInfo: [malloc] Top-most, releasable space:                   211632 Byte
20220313 033614.162 INFO             PET1 PIOc_sync Exit - MemInfo: [malloc] Total space in use, mmap + non-mmap:         4273520 Byte
20220313 033614.162 INFO             PET1 PIOc_sync Exit - MemInfo: [malloc] Total space held (mmap + non-mmap):          4718592 Byte
20220313 033614.162 INFO             PET1 PIOc_sync Exit - MemInfo: [malloc] Total space used (mmap + non-mmap):          4282880 Byte
20220313 033614.162 INFO             PET1 PIOc_sync Exit - MemInfo: Wall-clock time since execution start:                0.15069 seconds
20220313 033614.162 INFO             PET1 PIOc_freedecomp Enter - MemInfo: [/proc/meminfo - SSI]	MemTotal:       196434604 kB
20220313 033614.162 INFO             PET1 PIOc_freedecomp Enter - MemInfo: [/proc/meminfo - SSI]	MemFree:        186384092 kB
20220313 033614.162 INFO             PET1 PIOc_freedecomp Enter - MemInfo: [/proc/meminfo - SSI]	MemAvailable:   191845328 kB
20220313 033614.162 INFO             PET1 PIOc_freedecomp Enter - MemInfo: [/proc/meminfo - SSI]	Committed_AS:     639504 kB
20220313 033614.162 INFO             PET1 PIOc_freedecomp Enter - MemInfo: [/proc/meminfo - SSI]	CommittedPercent: 0.325556 %
20220313 033614.162 INFO             PET1 PIOc_freedecomp Enter - MemInfo: [/proc/self/status]	VmPeak:	  645676 kB
20220313 033614.162 INFO             PET1 PIOc_freedecomp Enter - MemInfo: [/proc/self/status]	VmSize:	  645676 kB
20220313 033614.162 INFO             PET1 PIOc_freedecomp Enter - MemInfo: [/proc/self/status]	VmLck:	       0 kB
20220313 033614.162 INFO             PET1 PIOc_freedecomp Enter - MemInfo: [/proc/self/status]	VmPin:	       0 kB
20220313 033614.162 INFO             PET1 PIOc_freedecomp Enter - MemInfo: [/proc/self/status]	VmHWM:	   64024 kB
20220313 033614.162 INFO             PET1 PIOc_freedecomp Enter - MemInfo: [/proc/self/status]	VmRSS:	   20880 kB
20220313 033614.162 INFO             PET1 PIOc_freedecomp Enter - MemInfo: [/proc/self/status]	VmData:	  186556 kB
20220313 033614.163 INFO             PET1 PIOc_freedecomp Enter - MemInfo: [/proc/self/status]	VmStk:	     144 kB
20220313 033614.163 INFO             PET1 PIOc_freedecomp Enter - MemInfo: [/proc/self/status]	VmExe:	     220 kB
20220313 033614.163 INFO             PET1 PIOc_freedecomp Enter - MemInfo: [/proc/self/status]	VmLib:	   59892 kB
20220313 033614.163 INFO             PET1 PIOc_freedecomp Enter - MemInfo: [/proc/self/status]	VmPTE:	     904 kB
20220313 033614.163 INFO             PET1 PIOc_freedecomp Enter - MemInfo: [/proc/self/status]	VmSwap:	       0 kB
20220313 033614.163 INFO             PET1 PIOc_freedecomp Enter - MemInfo: [/proc/self/status]	VmRSSPercent: 0.0106295 %
20220313 033614.163 INFO             PET1 PIOc_freedecomp Enter - MemInfo: [malloc] Non-mmapped space allocated:                 3137536 Byte
20220313 033614.163 INFO             PET1 PIOc_freedecomp Enter - MemInfo: [malloc] Space allocated in mmapped regions:          1581056 Byte
20220313 033614.163 INFO             PET1 PIOc_freedecomp Enter - MemInfo: [malloc] Maximum total allocated space:                     0 Byte
20220313 033614.163 INFO             PET1 PIOc_freedecomp Enter - MemInfo: [malloc] Space in freed fastbin blocks:                  2512 Byte
20220313 033614.163 INFO             PET1 PIOc_freedecomp Enter - MemInfo: [malloc] Total allocated space:                       2690768 Byte
20220313 033614.163 INFO             PET1 PIOc_freedecomp Enter - MemInfo: [malloc] Total free space:                             446768 Byte
20220313 033614.163 INFO             PET1 PIOc_freedecomp Enter - MemInfo: [malloc] Top-most, releasable space:                   211632 Byte
20220313 033614.163 INFO             PET1 PIOc_freedecomp Enter - MemInfo: [malloc] Total space in use, mmap + non-mmap:         4271824 Byte
20220313 033614.163 INFO             PET1 PIOc_freedecomp Enter - MemInfo: [malloc] Total space held (mmap + non-mmap):          4718592 Byte
20220313 033614.163 INFO             PET1 PIOc_freedecomp Enter - MemInfo: [malloc] Total space used (mmap + non-mmap):          4281136 Byte
20220313 033614.163 INFO             PET1 PIOc_freedecomp Enter - MemInfo: Wall-clock time since execution start:               0.151325 seconds
20220313 033614.163 INFO             PET1 PIOc_freedecomp Exit - MemInfo: [/proc/meminfo - SSI]	MemTotal:       196434604 kB
20220313 033614.163 INFO             PET1 PIOc_freedecomp Exit - MemInfo: [/proc/meminfo - SSI]	MemFree:        186384092 kB
20220313 033614.163 INFO             PET1 PIOc_freedecomp Exit - MemInfo: [/proc/meminfo - SSI]	MemAvailable:   191845328 kB
20220313 033614.163 INFO             PET1 PIOc_freedecomp Exit - MemInfo: [/proc/meminfo - SSI]	Committed_AS:     639504 kB
20220313 033614.163 INFO             PET1 PIOc_freedecomp Exit - MemInfo: [/proc/meminfo - SSI]	CommittedPercent: 0.325556 %
20220313 033614.163 INFO             PET1 PIOc_freedecomp Exit - MemInfo: [/proc/self/status]	VmPeak:	  645676 kB
20220313 033614.163 INFO             PET1 PIOc_freedecomp Exit - MemInfo: [/proc/self/status]	VmSize:	  645676 kB
20220313 033614.163 INFO             PET1 PIOc_freedecomp Exit - MemInfo: [/proc/self/status]	VmLck:	       0 kB
20220313 033614.163 INFO             PET1 PIOc_freedecomp Exit - MemInfo: [/proc/self/status]	VmPin:	       0 kB
20220313 033614.163 INFO             PET1 PIOc_freedecomp Exit - MemInfo: [/proc/self/status]	VmHWM:	   64024 kB
20220313 033614.163 INFO             PET1 PIOc_freedecomp Exit - MemInfo: [/proc/self/status]	VmRSS:	   20880 kB
20220313 033614.163 INFO             PET1 PIOc_freedecomp Exit - MemInfo: [/proc/self/status]	VmData:	  186556 kB
20220313 033614.163 INFO             PET1 PIOc_freedecomp Exit - MemInfo: [/proc/self/status]	VmStk:	     144 kB
20220313 033614.163 INFO             PET1 PIOc_freedecomp Exit - MemInfo: [/proc/self/status]	VmExe:	     220 kB
20220313 033614.163 INFO             PET1 PIOc_freedecomp Exit - MemInfo: [/proc/self/status]	VmLib:	   59892 kB
20220313 033614.163 INFO             PET1 PIOc_freedecomp Exit - MemInfo: [/proc/self/status]	VmPTE:	     904 kB
20220313 033614.163 INFO             PET1 PIOc_freedecomp Exit - MemInfo: [/proc/self/status]	VmSwap:	       0 kB
20220313 033614.163 INFO             PET1 PIOc_freedecomp Exit - MemInfo: [/proc/self/status]	VmRSSPercent: 0.0106295 %
20220313 033614.163 INFO             PET1 PIOc_freedecomp Exit - MemInfo: [malloc] Non-mmapped space allocated:                 3137536 Byte
20220313 033614.163 INFO             PET1 PIOc_freedecomp Exit - MemInfo: [malloc] Space allocated in mmapped regions:          1581056 Byte
20220313 033614.163 INFO             PET1 PIOc_freedecomp Exit - MemInfo: [malloc] Maximum total allocated space:                     0 Byte
20220313 033614.163 INFO             PET1 PIOc_freedecomp Exit - MemInfo: [malloc] Space in freed fastbin blocks:                  3040 Byte
20220313 033614.163 INFO             PET1 PIOc_freedecomp Exit - MemInfo: [malloc] Total allocated space:                       2688720 Byte
20220313 033614.163 INFO             PET1 PIOc_freedecomp Exit - MemInfo: [malloc] Total free space:                             448816 Byte
20220313 033614.163 INFO             PET1 PIOc_freedecomp Exit - MemInfo: [malloc] Top-most, releasable space:                   211632 Byte
20220313 033614.163 INFO             PET1 PIOc_freedecomp Exit - MemInfo: [malloc] Total space in use, mmap + non-mmap:         4269776 Byte
20220313 033614.163 INFO             PET1 PIOc_freedecomp Exit - MemInfo: [malloc] Total space held (mmap + non-mmap):          4718592 Byte
20220313 033614.163 INFO             PET1 PIOc_freedecomp Exit - MemInfo: [malloc] Total space used (mmap + non-mmap):          4279040 Byte
20220313 033614.163 INFO             PET1 PIOc_freedecomp Exit - MemInfo: Wall-clock time since execution start:               0.151592 seconds
20220313 033614.165 INFO             PET1 PIOc_sync Enter - MemInfo: [/proc/meminfo - SSI]	MemTotal:       196434604 kB
20220313 033614.165 INFO             PET1 PIOc_sync Enter - MemInfo: [/proc/meminfo - SSI]	MemFree:        186380104 kB
20220313 033614.165 INFO             PET1 PIOc_sync Enter - MemInfo: [/proc/meminfo - SSI]	MemAvailable:   191841340 kB
20220313 033614.165 INFO             PET1 PIOc_sync Enter - MemInfo: [/proc/meminfo - SSI]	Committed_AS:     647632 kB
20220313 033614.165 INFO             PET1 PIOc_sync Enter - MemInfo: [/proc/meminfo - SSI]	CommittedPercent: 0.329693 %
20220313 033614.165 INFO             PET1 PIOc_sync Enter - MemInfo: [/proc/self/status]	VmPeak:	  645676 kB
20220313 033614.165 INFO             PET1 PIOc_sync Enter - MemInfo: [/proc/self/status]	VmSize:	  645676 kB
20220313 033614.165 INFO             PET1 PIOc_sync Enter - MemInfo: [/proc/self/status]	VmLck:	       0 kB
20220313 033614.165 INFO             PET1 PIOc_sync Enter - MemInfo: [/proc/self/status]	VmPin:	       0 kB
20220313 033614.165 INFO             PET1 PIOc_sync Enter - MemInfo: [/proc/self/status]	VmHWM:	   64024 kB
20220313 033614.165 INFO             PET1 PIOc_sync Enter - MemInfo: [/proc/self/status]	VmRSS:	   20892 kB
20220313 033614.165 INFO             PET1 PIOc_sync Enter - MemInfo: [/proc/self/status]	VmData:	  186556 kB
20220313 033614.165 INFO             PET1 PIOc_sync Enter - MemInfo: [/proc/self/status]	VmStk:	     144 kB
20220313 033614.165 INFO             PET1 PIOc_sync Enter - MemInfo: [/proc/self/status]	VmExe:	     220 kB
20220313 033614.165 INFO             PET1 PIOc_sync Enter - MemInfo: [/proc/self/status]	VmLib:	   59892 kB
20220313 033614.165 INFO             PET1 PIOc_sync Enter - MemInfo: [/proc/self/status]	VmPTE:	     904 kB
20220313 033614.165 INFO             PET1 PIOc_sync Enter - MemInfo: [/proc/self/status]	VmSwap:	       0 kB
20220313 033614.165 INFO             PET1 PIOc_sync Enter - MemInfo: [/proc/self/status]	VmRSSPercent: 0.0106356 %
20220313 033614.165 INFO             PET1 PIOc_sync Enter - MemInfo: [malloc] Non-mmapped space allocated:                 3137536 Byte
20220313 033614.165 INFO             PET1 PIOc_sync Enter - MemInfo: [malloc] Space allocated in mmapped regions:          1581056 Byte
20220313 033614.165 INFO             PET1 PIOc_sync Enter - MemInfo: [malloc] Maximum total allocated space:                     0 Byte
20220313 033614.165 INFO             PET1 PIOc_sync Enter - MemInfo: [malloc] Space in freed fastbin blocks:                  2496 Byte
20220313 033614.165 INFO             PET1 PIOc_sync Enter - MemInfo: [malloc] Total allocated space:                       2692480 Byte
20220313 033614.165 INFO             PET1 PIOc_sync Enter - MemInfo: [malloc] Total free space:                             445056 Byte
20220313 033614.165 INFO             PET1 PIOc_sync Enter - MemInfo: [malloc] Top-most, releasable space:                   211632 Byte
20220313 033614.165 INFO             PET1 PIOc_sync Enter - MemInfo: [malloc] Total space in use, mmap + non-mmap:         4273536 Byte
20220313 033614.165 INFO             PET1 PIOc_sync Enter - MemInfo: [malloc] Total space held (mmap + non-mmap):          4718592 Byte
20220313 033614.165 INFO             PET1 PIOc_sync Enter - MemInfo: [malloc] Total space used (mmap + non-mmap):          4282784 Byte
20220313 033614.165 INFO             PET1 PIOc_sync Enter - MemInfo: Wall-clock time since execution start:               0.153619 seconds
20220313 033614.165 INFO             PET1 PIOc_sync Exit - MemInfo: [/proc/meminfo - SSI]	MemTotal:       196434604 kB
20220313 033614.165 INFO             PET1 PIOc_sync Exit - MemInfo: [/proc/meminfo - SSI]	MemFree:        186380104 kB
20220313 033614.165 INFO             PET1 PIOc_sync Exit - MemInfo: [/proc/meminfo - SSI]	MemAvailable:   191841340 kB
20220313 033614.165 INFO             PET1 PIOc_sync Exit - MemInfo: [/proc/meminfo - SSI]	Committed_AS:     647632 kB
20220313 033614.165 INFO             PET1 PIOc_sync Exit - MemInfo: [/proc/meminfo - SSI]	CommittedPercent: 0.329693 %
20220313 033614.165 INFO             PET1 PIOc_sync Exit - MemInfo: [/proc/self/status]	VmPeak:	  645676 kB
20220313 033614.165 INFO             PET1 PIOc_sync Exit - MemInfo: [/proc/self/status]	VmSize:	  645676 kB
20220313 033614.165 INFO             PET1 PIOc_sync Exit - MemInfo: [/proc/self/status]	VmLck:	       0 kB
20220313 033614.165 INFO             PET1 PIOc_sync Exit - MemInfo: [/proc/self/status]	VmPin:	       0 kB
20220313 033614.165 INFO             PET1 PIOc_sync Exit - MemInfo: [/proc/self/status]	VmHWM:	   64024 kB
20220313 033614.165 INFO             PET1 PIOc_sync Exit - MemInfo: [/proc/self/status]	VmRSS:	   20892 kB
20220313 033614.165 INFO             PET1 PIOc_sync Exit - MemInfo: [/proc/self/status]	VmData:	  186556 kB
20220313 033614.165 INFO             PET1 PIOc_sync Exit - MemInfo: [/proc/self/status]	VmStk:	     144 kB
20220313 033614.165 INFO             PET1 PIOc_sync Exit - MemInfo: [/proc/self/status]	VmExe:	     220 kB
20220313 033614.165 INFO             PET1 PIOc_sync Exit - MemInfo: [/proc/self/status]	VmLib:	   59892 kB
20220313 033614.165 INFO             PET1 PIOc_sync Exit - MemInfo: [/proc/self/status]	VmPTE:	     904 kB
20220313 033614.165 INFO             PET1 PIOc_sync Exit - MemInfo: [/proc/self/status]	VmSwap:	       0 kB
20220313 033614.165 INFO             PET1 PIOc_sync Exit - MemInfo: [/proc/self/status]	VmRSSPercent: 0.0106356 %
20220313 033614.165 INFO             PET1 PIOc_sync Exit - MemInfo: [malloc] Non-mmapped space allocated:                 3137536 Byte
20220313 033614.165 INFO             PET1 PIOc_sync Exit - MemInfo: [malloc] Space allocated in mmapped regions:          1581056 Byte
20220313 033614.165 INFO             PET1 PIOc_sync Exit - MemInfo: [malloc] Maximum total allocated space:                     0 Byte
20220313 033614.165 INFO             PET1 PIOc_sync Exit - MemInfo: [malloc] Space in freed fastbin blocks:                  2704 Byte
20220313 033614.165 INFO             PET1 PIOc_sync Exit - MemInfo: [malloc] Total allocated space:                       2692320 Byte
20220313 033614.165 INFO             PET1 PIOc_sync Exit - MemInfo: [malloc] Total free space:                             445216 Byte
20220313 033614.165 INFO             PET1 PIOc_sync Exit - MemInfo: [malloc] Top-most, releasable space:                   211632 Byte
20220313 033614.165 INFO             PET1 PIOc_sync Exit - MemInfo: [malloc] Total space in use, mmap + non-mmap:         4273376 Byte
20220313 033614.165 INFO             PET1 PIOc_sync Exit - MemInfo: [malloc] Total space held (mmap + non-mmap):          4718592 Byte
20220313 033614.165 INFO             PET1 PIOc_sync Exit - MemInfo: [malloc] Total space used (mmap + non-mmap):          4282592 Byte
20220313 033614.165 INFO             PET1 PIOc_sync Exit - MemInfo: Wall-clock time since execution start:               0.154234 seconds
20220313 033614.166 INFO             PET1 PIOc_freedecomp Enter - MemInfo: [/proc/meminfo - SSI]	MemTotal:       196434604 kB
20220313 033614.166 INFO             PET1 PIOc_freedecomp Enter - MemInfo: [/proc/meminfo - SSI]	MemFree:        186380104 kB
20220313 033614.166 INFO             PET1 PIOc_freedecomp Enter - MemInfo: [/proc/meminfo - SSI]	MemAvailable:   191841340 kB
20220313 033614.166 INFO             PET1 PIOc_freedecomp Enter - MemInfo: [/proc/meminfo - SSI]	Committed_AS:     647632 kB
20220313 033614.166 INFO             PET1 PIOc_freedecomp Enter - MemInfo: [/proc/meminfo - SSI]	CommittedPercent: 0.329693 %
20220313 033614.166 INFO             PET1 PIOc_freedecomp Enter - MemInfo: [/proc/self/status]	VmPeak:	  645676 kB
20220313 033614.166 INFO             PET1 PIOc_freedecomp Enter - MemInfo: [/proc/self/status]	VmSize:	  645676 kB
20220313 033614.166 INFO             PET1 PIOc_freedecomp Enter - MemInfo: [/proc/self/status]	VmLck:	       0 kB
20220313 033614.166 INFO             PET1 PIOc_freedecomp Enter - MemInfo: [/proc/self/status]	VmPin:	       0 kB
20220313 033614.166 INFO             PET1 PIOc_freedecomp Enter - MemInfo: [/proc/self/status]	VmHWM:	   64024 kB
20220313 033614.166 INFO             PET1 PIOc_freedecomp Enter - MemInfo: [/proc/self/status]	VmRSS:	   20892 kB
20220313 033614.166 INFO             PET1 PIOc_freedecomp Enter - MemInfo: [/proc/self/status]	VmData:	  186556 kB
20220313 033614.166 INFO             PET1 PIOc_freedecomp Enter - MemInfo: [/proc/self/status]	VmStk:	     144 kB
20220313 033614.166 INFO             PET1 PIOc_freedecomp Enter - MemInfo: [/proc/self/status]	VmExe:	     220 kB
20220313 033614.166 INFO             PET1 PIOc_freedecomp Enter - MemInfo: [/proc/self/status]	VmLib:	   59892 kB
20220313 033614.166 INFO             PET1 PIOc_freedecomp Enter - MemInfo: [/proc/self/status]	VmPTE:	     904 kB
20220313 033614.166 INFO             PET1 PIOc_freedecomp Enter - MemInfo: [/proc/self/status]	VmSwap:	       0 kB
20220313 033614.166 INFO             PET1 PIOc_freedecomp Enter - MemInfo: [/proc/self/status]	VmRSSPercent: 0.0106356 %
20220313 033614.166 INFO             PET1 PIOc_freedecomp Enter - MemInfo: [malloc] Non-mmapped space allocated:                 3137536 Byte
20220313 033614.166 INFO             PET1 PIOc_freedecomp Enter - MemInfo: [malloc] Space allocated in mmapped regions:          1581056 Byte
20220313 033614.166 INFO             PET1 PIOc_freedecomp Enter - MemInfo: [malloc] Maximum total allocated space:                     0 Byte
20220313 033614.166 INFO             PET1 PIOc_freedecomp Enter - MemInfo: [malloc] Space in freed fastbin blocks:                  3072 Byte
20220313 033614.166 INFO             PET1 PIOc_freedecomp Enter - MemInfo: [malloc] Total allocated space:                       2690480 Byte
20220313 033614.166 INFO             PET1 PIOc_freedecomp Enter - MemInfo: [malloc] Total free space:                             447056 Byte
20220313 033614.166 INFO             PET1 PIOc_freedecomp Enter - MemInfo: [malloc] Top-most, releasable space:                   211632 Byte
20220313 033614.166 INFO             PET1 PIOc_freedecomp Enter - MemInfo: [malloc] Total space in use, mmap + non-mmap:         4271536 Byte
20220313 033614.166 INFO             PET1 PIOc_freedecomp Enter - MemInfo: [malloc] Total space held (mmap + non-mmap):          4718592 Byte
20220313 033614.166 INFO             PET1 PIOc_freedecomp Enter - MemInfo: [malloc] Total space used (mmap + non-mmap):          4280704 Byte
20220313 033614.166 INFO             PET1 PIOc_freedecomp Enter - MemInfo: Wall-clock time since execution start:               0.154675 seconds
20220313 033614.166 INFO             PET1 PIOc_freedecomp Exit - MemInfo: [/proc/meminfo - SSI]	MemTotal:       196434604 kB
20220313 033614.166 INFO             PET1 PIOc_freedecomp Exit - MemInfo: [/proc/meminfo - SSI]	MemFree:        186380104 kB
20220313 033614.166 INFO             PET1 PIOc_freedecomp Exit - MemInfo: [/proc/meminfo - SSI]	MemAvailable:   191841340 kB
20220313 033614.166 INFO             PET1 PIOc_freedecomp Exit - MemInfo: [/proc/meminfo - SSI]	Committed_AS:     647632 kB
20220313 033614.166 INFO             PET1 PIOc_freedecomp Exit - MemInfo: [/proc/meminfo - SSI]	CommittedPercent: 0.329693 %
20220313 033614.166 INFO             PET1 PIOc_freedecomp Exit - MemInfo: [/proc/self/status]	VmPeak:	  645676 kB
20220313 033614.166 INFO             PET1 PIOc_freedecomp Exit - MemInfo: [/proc/self/status]	VmSize:	  645676 kB
20220313 033614.166 INFO             PET1 PIOc_freedecomp Exit - MemInfo: [/proc/self/status]	VmLck:	       0 kB
20220313 033614.166 INFO             PET1 PIOc_freedecomp Exit - MemInfo: [/proc/self/status]	VmPin:	       0 kB
20220313 033614.166 INFO             PET1 PIOc_freedecomp Exit - MemInfo: [/proc/self/status]	VmHWM:	   64024 kB
20220313 033614.166 INFO             PET1 PIOc_freedecomp Exit - MemInfo: [/proc/self/status]	VmRSS:	   20892 kB
20220313 033614.166 INFO             PET1 PIOc_freedecomp Exit - MemInfo: [/proc/self/status]	VmData:	  186556 kB
20220313 033614.166 INFO             PET1 PIOc_freedecomp Exit - MemInfo: [/proc/self/status]	VmStk:	     144 kB
20220313 033614.166 INFO             PET1 PIOc_freedecomp Exit - MemInfo: [/proc/self/status]	VmExe:	     220 kB
20220313 033614.166 INFO             PET1 PIOc_freedecomp Exit - MemInfo: [/proc/self/status]	VmLib:	   59892 kB
20220313 033614.166 INFO             PET1 PIOc_freedecomp Exit - MemInfo: [/proc/self/status]	VmPTE:	     904 kB
20220313 033614.166 INFO             PET1 PIOc_freedecomp Exit - MemInfo: [/proc/self/status]	VmSwap:	       0 kB
20220313 033614.166 INFO             PET1 PIOc_freedecomp Exit - MemInfo: [/proc/self/status]	VmRSSPercent: 0.0106356 %
20220313 033614.166 INFO             PET1 PIOc_freedecomp Exit - MemInfo: [malloc] Non-mmapped space allocated:                 3137536 Byte
20220313 033614.166 INFO             PET1 PIOc_freedecomp Exit - MemInfo: [malloc] Space allocated in mmapped regions:          1581056 Byte
20220313 033614.166 INFO             PET1 PIOc_freedecomp Exit - MemInfo: [malloc] Maximum total allocated space:                     0 Byte
20220313 033614.166 INFO             PET1 PIOc_freedecomp Exit - MemInfo: [malloc] Space in freed fastbin blocks:                  3280 Byte
20220313 033614.166 INFO             PET1 PIOc_freedecomp Exit - MemInfo: [malloc] Total allocated space:                       2688432 Byte
20220313 033614.166 INFO             PET1 PIOc_freedecomp Exit - MemInfo: [malloc] Total free space:                             449104 Byte
20220313 033614.166 INFO             PET1 PIOc_freedecomp Exit - MemInfo: [malloc] Top-most, releasable space:                   211632 Byte
20220313 033614.166 INFO             PET1 PIOc_freedecomp Exit - MemInfo: [malloc] Total space in use, mmap + non-mmap:         4269488 Byte
20220313 033614.166 INFO             PET1 PIOc_freedecomp Exit - MemInfo: [malloc] Total space held (mmap + non-mmap):          4718592 Byte
20220313 033614.166 INFO             PET1 PIOc_freedecomp Exit - MemInfo: [malloc] Total space used (mmap + non-mmap):          4279728 Byte
20220313 033614.166 INFO             PET1 PIOc_freedecomp Exit - MemInfo: Wall-clock time since execution start:               0.154946 seconds
20220313 033614.168 INFO             PET1 PIOc_sync Enter - MemInfo: [/proc/meminfo - SSI]	MemTotal:       196434604 kB
20220313 033614.168 INFO             PET1 PIOc_sync Enter - MemInfo: [/proc/meminfo - SSI]	MemFree:        186380104 kB
20220313 033614.168 INFO             PET1 PIOc_sync Enter - MemInfo: [/proc/meminfo - SSI]	MemAvailable:   191841340 kB
20220313 033614.168 INFO             PET1 PIOc_sync Enter - MemInfo: [/proc/meminfo - SSI]	Committed_AS:     647632 kB
20220313 033614.168 INFO             PET1 PIOc_sync Enter - MemInfo: [/proc/meminfo - SSI]	CommittedPercent: 0.329693 %
20220313 033614.168 INFO             PET1 PIOc_sync Enter - MemInfo: [/proc/self/status]	VmPeak:	  645676 kB
20220313 033614.168 INFO             PET1 PIOc_sync Enter - MemInfo: [/proc/self/status]	VmSize:	  645676 kB
20220313 033614.168 INFO             PET1 PIOc_sync Enter - MemInfo: [/proc/self/status]	VmLck:	       0 kB
20220313 033614.168 INFO             PET1 PIOc_sync Enter - MemInfo: [/proc/self/status]	VmPin:	       0 kB
20220313 033614.168 INFO             PET1 PIOc_sync Enter - MemInfo: [/proc/self/status]	VmHWM:	   64024 kB
20220313 033614.168 INFO             PET1 PIOc_sync Enter - MemInfo: [/proc/self/status]	VmRSS:	   20892 kB
20220313 033614.168 INFO             PET1 PIOc_sync Enter - MemInfo: [/proc/self/status]	VmData:	  186556 kB
20220313 033614.168 INFO             PET1 PIOc_sync Enter - MemInfo: [/proc/self/status]	VmStk:	     144 kB
20220313 033614.168 INFO             PET1 PIOc_sync Enter - MemInfo: [/proc/self/status]	VmExe:	     220 kB
20220313 033614.168 INFO             PET1 PIOc_sync Enter - MemInfo: [/proc/self/status]	VmLib:	   59892 kB
20220313 033614.168 INFO             PET1 PIOc_sync Enter - MemInfo: [/proc/self/status]	VmPTE:	     904 kB
20220313 033614.168 INFO             PET1 PIOc_sync Enter - MemInfo: [/proc/self/status]	VmSwap:	       0 kB
20220313 033614.168 INFO             PET1 PIOc_sync Enter - MemInfo: [/proc/self/status]	VmRSSPercent: 0.0106356 %
20220313 033614.168 INFO             PET1 PIOc_sync Enter - MemInfo: [malloc] Non-mmapped space allocated:                 3137536 Byte
20220313 033614.168 INFO             PET1 PIOc_sync Enter - MemInfo: [malloc] Space allocated in mmapped regions:          1581056 Byte
20220313 033614.168 INFO             PET1 PIOc_sync Enter - MemInfo: [malloc] Maximum total allocated space:                     0 Byte
20220313 033614.168 INFO             PET1 PIOc_sync Enter - MemInfo: [malloc] Space in freed fastbin blocks:                  2464 Byte
20220313 033614.168 INFO             PET1 PIOc_sync Enter - MemInfo: [malloc] Total allocated space:                       2692304 Byte
20220313 033614.168 INFO             PET1 PIOc_sync Enter - MemInfo: [malloc] Total free space:                             445232 Byte
20220313 033614.168 INFO             PET1 PIOc_sync Enter - MemInfo: [malloc] Top-most, releasable space:                   211632 Byte
20220313 033614.168 INFO             PET1 PIOc_sync Enter - MemInfo: [malloc] Total space in use, mmap + non-mmap:         4273360 Byte
20220313 033614.168 INFO             PET1 PIOc_sync Enter - MemInfo: [malloc] Total space held (mmap + non-mmap):          4718592 Byte
20220313 033614.168 INFO             PET1 PIOc_sync Enter - MemInfo: [malloc] Total space used (mmap + non-mmap):          4283600 Byte
20220313 033614.168 INFO             PET1 PIOc_sync Enter - MemInfo: Wall-clock time since execution start:               0.156487 seconds
20220313 033614.168 INFO             PET1 PIOc_sync Exit - MemInfo: [/proc/meminfo - SSI]	MemTotal:       196434604 kB
20220313 033614.168 INFO             PET1 PIOc_sync Exit - MemInfo: [/proc/meminfo - SSI]	MemFree:        186380104 kB
20220313 033614.168 INFO             PET1 PIOc_sync Exit - MemInfo: [/proc/meminfo - SSI]	MemAvailable:   191841340 kB
20220313 033614.168 INFO             PET1 PIOc_sync Exit - MemInfo: [/proc/meminfo - SSI]	Committed_AS:     647632 kB
20220313 033614.168 INFO             PET1 PIOc_sync Exit - MemInfo: [/proc/meminfo - SSI]	CommittedPercent: 0.329693 %
20220313 033614.168 INFO             PET1 PIOc_sync Exit - MemInfo: [/proc/self/status]	VmPeak:	  645676 kB
20220313 033614.168 INFO             PET1 PIOc_sync Exit - MemInfo: [/proc/self/status]	VmSize:	  645676 kB
20220313 033614.168 INFO             PET1 PIOc_sync Exit - MemInfo: [/proc/self/status]	VmLck:	       0 kB
20220313 033614.168 INFO             PET1 PIOc_sync Exit - MemInfo: [/proc/self/status]	VmPin:	       0 kB
20220313 033614.168 INFO             PET1 PIOc_sync Exit - MemInfo: [/proc/self/status]	VmHWM:	   64024 kB
20220313 033614.168 INFO             PET1 PIOc_sync Exit - MemInfo: [/proc/self/status]	VmRSS:	   20892 kB
20220313 033614.168 INFO             PET1 PIOc_sync Exit - MemInfo: [/proc/self/status]	VmData:	  186556 kB
20220313 033614.168 INFO             PET1 PIOc_sync Exit - MemInfo: [/proc/self/status]	VmStk:	     144 kB
20220313 033614.168 INFO             PET1 PIOc_sync Exit - MemInfo: [/proc/self/status]	VmExe:	     220 kB
20220313 033614.168 INFO             PET1 PIOc_sync Exit - MemInfo: [/proc/self/status]	VmLib:	   59892 kB
20220313 033614.168 INFO             PET1 PIOc_sync Exit - MemInfo: [/proc/self/status]	VmPTE:	     904 kB
20220313 033614.168 INFO             PET1 PIOc_sync Exit - MemInfo: [/proc/self/status]	VmSwap:	       0 kB
20220313 033614.168 INFO             PET1 PIOc_sync Exit - MemInfo: [/proc/self/status]	VmRSSPercent: 0.0106356 %
20220313 033614.168 INFO             PET1 PIOc_sync Exit - MemInfo: [malloc] Non-mmapped space allocated:                 3137536 Byte
20220313 033614.168 INFO             PET1 PIOc_sync Exit - MemInfo: [malloc] Space allocated in mmapped regions:          1581056 Byte
20220313 033614.168 INFO             PET1 PIOc_sync Exit - MemInfo: [malloc] Maximum total allocated space:                     0 Byte
20220313 033614.168 INFO             PET1 PIOc_sync Exit - MemInfo: [malloc] Space in freed fastbin blocks:                  2928 Byte
20220313 033614.168 INFO             PET1 PIOc_sync Exit - MemInfo: [malloc] Total allocated space:                       2692944 Byte
20220313 033614.168 INFO             PET1 PIOc_sync Exit - MemInfo: [malloc] Total free space:                             444592 Byte
20220313 033614.168 INFO             PET1 PIOc_sync Exit - MemInfo: [malloc] Top-most, releasable space:                   211632 Byte
20220313 033614.168 INFO             PET1 PIOc_sync Exit - MemInfo: [malloc] Total space in use, mmap + non-mmap:         4274000 Byte
20220313 033614.168 INFO             PET1 PIOc_sync Exit - MemInfo: [malloc] Total space held (mmap + non-mmap):          4718592 Byte
20220313 033614.168 INFO             PET1 PIOc_sync Exit - MemInfo: [malloc] Total space used (mmap + non-mmap):          4283408 Byte
20220313 033614.168 INFO             PET1 PIOc_sync Exit - MemInfo: Wall-clock time since execution start:               0.156946 seconds
20220313 033614.168 INFO             PET1 PIOc_freedecomp Enter - MemInfo: [/proc/meminfo - SSI]	MemTotal:       196434604 kB
20220313 033614.168 INFO             PET1 PIOc_freedecomp Enter - MemInfo: [/proc/meminfo - SSI]	MemFree:        186380104 kB
20220313 033614.168 INFO             PET1 PIOc_freedecomp Enter - MemInfo: [/proc/meminfo - SSI]	MemAvailable:   191841340 kB
20220313 033614.168 INFO             PET1 PIOc_freedecomp Enter - MemInfo: [/proc/meminfo - SSI]	Committed_AS:     647632 kB
20220313 033614.168 INFO             PET1 PIOc_freedecomp Enter - MemInfo: [/proc/meminfo - SSI]	CommittedPercent: 0.329693 %
20220313 033614.169 INFO             PET1 PIOc_freedecomp Enter - MemInfo: [/proc/self/status]	VmPeak:	  645676 kB
20220313 033614.169 INFO             PET1 PIOc_freedecomp Enter - MemInfo: [/proc/self/status]	VmSize:	  645676 kB
20220313 033614.169 INFO             PET1 PIOc_freedecomp Enter - MemInfo: [/proc/self/status]	VmLck:	       0 kB
20220313 033614.169 INFO             PET1 PIOc_freedecomp Enter - MemInfo: [/proc/self/status]	VmPin:	       0 kB
20220313 033614.169 INFO             PET1 PIOc_freedecomp Enter - MemInfo: [/proc/self/status]	VmHWM:	   64024 kB
20220313 033614.169 INFO             PET1 PIOc_freedecomp Enter - MemInfo: [/proc/self/status]	VmRSS:	   20892 kB
20220313 033614.169 INFO             PET1 PIOc_freedecomp Enter - MemInfo: [/proc/self/status]	VmData:	  186556 kB
20220313 033614.169 INFO             PET1 PIOc_freedecomp Enter - MemInfo: [/proc/self/status]	VmStk:	     144 kB
20220313 033614.169 INFO             PET1 PIOc_freedecomp Enter - MemInfo: [/proc/self/status]	VmExe:	     220 kB
20220313 033614.169 INFO             PET1 PIOc_freedecomp Enter - MemInfo: [/proc/self/status]	VmLib:	   59892 kB
20220313 033614.169 INFO             PET1 PIOc_freedecomp Enter - MemInfo: [/proc/self/status]	VmPTE:	     904 kB
20220313 033614.169 INFO             PET1 PIOc_freedecomp Enter - MemInfo: [/proc/self/status]	VmSwap:	       0 kB
20220313 033614.169 INFO             PET1 PIOc_freedecomp Enter - MemInfo: [/proc/self/status]	VmRSSPercent: 0.0106356 %
20220313 033614.169 INFO             PET1 PIOc_freedecomp Enter - MemInfo: [malloc] Non-mmapped space allocated:                 3137536 Byte
20220313 033614.169 INFO             PET1 PIOc_freedecomp Enter - MemInfo: [malloc] Space allocated in mmapped regions:          1581056 Byte
20220313 033614.169 INFO             PET1 PIOc_freedecomp Enter - MemInfo: [malloc] Maximum total allocated space:                     0 Byte
20220313 033614.169 INFO             PET1 PIOc_freedecomp Enter - MemInfo: [malloc] Space in freed fastbin blocks:                  2560 Byte
20220313 033614.169 INFO             PET1 PIOc_freedecomp Enter - MemInfo: [malloc] Total allocated space:                       2690960 Byte
20220313 033614.169 INFO             PET1 PIOc_freedecomp Enter - MemInfo: [malloc] Total free space:                             446576 Byte
20220313 033614.169 INFO             PET1 PIOc_freedecomp Enter - MemInfo: [malloc] Top-most, releasable space:                   211632 Byte
20220313 033614.169 INFO             PET1 PIOc_freedecomp Enter - MemInfo: [malloc] Total space in use, mmap + non-mmap:         4272016 Byte
20220313 033614.169 INFO             PET1 PIOc_freedecomp Enter - MemInfo: [malloc] Total space held (mmap + non-mmap):          4718592 Byte
20220313 033614.169 INFO             PET1 PIOc_freedecomp Enter - MemInfo: [malloc] Total space used (mmap + non-mmap):          4281376 Byte
20220313 033614.169 INFO             PET1 PIOc_freedecomp Enter - MemInfo: Wall-clock time since execution start:               0.157367 seconds
