build time -- 2022-03-14 01:03:02
20220314 012251.937 INFO             PET0 !!!!!!!!!!!!!!!!!!!!!!!!!!!!!!!!!!!!!!!!!!!!!!!!!!!!!!
20220314 012251.937 INFO             PET0 !!! THE ESMF_LOG IS SET TO OUTPUT ALL LOG MESSAGES !!!
20220314 012251.937 INFO             PET0 !!!     THIS MAY CAUSE SLOWDOWN IN PERFORMANCE     !!!
20220314 012251.937 INFO             PET0 !!! FOR PRODUCTION RUNS, USE:                      !!!
20220314 012251.937 INFO             PET0 !!!                   ESMF_LOGKIND_Multi_On_Error  !!!
20220314 012251.937 INFO             PET0 !!!!!!!!!!!!!!!!!!!!!!!!!!!!!!!!!!!!!!!!!!!!!!!!!!!!!!
20220314 012251.937 INFO             PET0 Running with ESMF Version   : v8.3.0b09-96-g559b459836
20220314 012251.937 INFO             PET0 ESMF library build date/time: "Mar 14 2022" "01:01:03"
20220314 012251.937 INFO             PET0 ESMF library build location : /lustre/f2/dev/ncep/Mark.Potts/intel_2019.5_mpi_g_jedwards_pio_update2
20220314 012251.937 INFO             PET0 ESMF_COMM                   : mpi
20220314 012251.938 INFO             PET0 ESMF_MOAB                   : enabled
20220314 012251.938 INFO             PET0 ESMF_LAPACK                 : enabled
20220314 012251.938 INFO             PET0 ESMF_NETCDF                 : enabled
20220314 012251.938 INFO             PET0 ESMF_PNETCDF                : disabled
20220314 012251.938 INFO             PET0 ESMF_PIO                    : enabled
20220314 012251.938 INFO             PET0 ESMF_YAMLCPP                : enabled
20220314 012251.938 INFO             PET0 Beginning Test, file ESMC_FieldRegridUTest.C, line 68
20220314 012251.938 INFO             PET0 Beginning Test, file ESMC_FieldRegridUTest.C, line 68NUMBER_OF_PROCESSORS 1
20220314 012251.938 INFO             PET0 PASS MeshCreate, ESMC_FieldRegridUTest.C, line 125
20220314 012251.938 INFO             PET0 PASS MeshAddNodes, ESMC_FieldRegridUTest.C, line 133
20220314 012251.939 INFO             PET0 PASS MeshAddElements, ESMC_FieldRegridUTest.C, line 142
20220314 012251.939 INFO             PET0 PASS MeshGetLocalNodeCount, ESMC_FieldRegridUTest.C, line 152
20220314 012251.939 INFO             PET0 PASS MeshGetLocalElementCount, ESMC_FieldRegridUTest.C, line 163
20220314 012251.939 INFO             PET0 PASS MeshCreate, ESMC_FieldRegridUTest.C, line 231
20220314 012251.939 INFO             PET0 PASS MeshAddNodes, ESMC_FieldRegridUTest.C, line 239
20220314 012251.939 INFO             PET0 PASS MeshAddElements, ESMC_FieldRegridUTest.C, line 248
20220314 012251.939 INFO             PET0 PASS MeshGetLocalNodeCount, ESMC_FieldRegridUTest.C, line 258
20220314 012251.939 INFO             PET0 PASS MeshGetLocalElementCount, ESMC_FieldRegridUTest.C, line 269
20220314 012251.940 INFO             PET0 PASS Create ESMC_Field object, ESMC_FieldRegridUTest.C, line 284
20220314 012251.941 INFO             PET0 PASS Create ESMC_Field object, ESMC_FieldRegridUTest.C, line 293
20220314 012251.941 INFO             PET0 PASS Get a void * C pointer to data from ESMC_Field object, ESMC_FieldRegridUTest.C, line 306
20220314 012251.941 INFO             PET0 PASS Get a void * C pointer to data from ESMC_Field object, ESMC_FieldRegridUTest.C, line 325
20220314 012251.941 INFO             PET0 PASS Create an InterArray for maskValues in ESMC_FieldRegridStore(), ESMC_FieldRegridUTest.C, line 343
20220314 012251.964 INFO             PET0 PIOc_sync Enter - MemInfo: [/proc/meminfo - SSI]	MemTotal:       65855856 kB
20220314 012251.964 INFO             PET0 PIOc_sync Enter - MemInfo: [/proc/meminfo - SSI]	MemFree:        61195100 kB
20220314 012251.964 INFO             PET0 PIOc_sync Enter - MemInfo: [/proc/meminfo - SSI]	MemAvailable:   60992952 kB
20220314 012251.964 INFO             PET0 PIOc_sync Enter - MemInfo: [/proc/meminfo - SSI]	Committed_AS:    2870504 kB
20220314 012251.964 INFO             PET0 PIOc_sync Enter - MemInfo: [/proc/meminfo - SSI]	CommittedPercent: 4.35877 %
20220314 012251.964 INFO             PET0 PIOc_sync Enter - MemInfo: [/proc/self/status]	VmPeak:	  254184 kB
20220314 012251.964 INFO             PET0 PIOc_sync Enter - MemInfo: [/proc/self/status]	VmSize:	  254184 kB
20220314 012251.964 INFO             PET0 PIOc_sync Enter - MemInfo: [/proc/self/status]	VmLck:	       0 kB
20220314 012251.964 INFO             PET0 PIOc_sync Enter - MemInfo: [/proc/self/status]	VmPin:	       0 kB
20220314 012251.964 INFO             PET0 PIOc_sync Enter - MemInfo: [/proc/self/status]	VmHWM:	   46356 kB
20220314 012251.964 INFO             PET0 PIOc_sync Enter - MemInfo: [/proc/self/status]	VmRSS:	   46356 kB
20220314 012251.964 INFO             PET0 PIOc_sync Enter - MemInfo: [/proc/self/status]	VmData:	   37356 kB
20220314 012251.964 INFO             PET0 PIOc_sync Enter - MemInfo: [/proc/self/status]	VmStk:	     508 kB
20220314 012251.964 INFO             PET0 PIOc_sync Enter - MemInfo: [/proc/self/status]	VmExe:	     888 kB
20220314 012251.964 INFO             PET0 PIOc_sync Enter - MemInfo: [/proc/self/status]	VmLib:	  133788 kB
20220314 012251.964 INFO             PET0 PIOc_sync Enter - MemInfo: [/proc/self/status]	VmPTE:	     420 kB
20220314 012251.964 INFO             PET0 PIOc_sync Enter - MemInfo: [/proc/self/status]	VmPMD:	      12 kB
20220314 012251.964 INFO             PET0 PIOc_sync Enter - MemInfo: [/proc/self/status]	VmSwap:	       0 kB
20220314 012251.964 INFO             PET0 PIOc_sync Enter - MemInfo: [/proc/self/status]	VmRSSPercent: 0.0703901 %
20220314 012251.964 INFO             PET0 PIOc_sync Enter - MemInfo: [malloc] Non-mmapped space allocated:                 1245184 Byte
20220314 012251.964 INFO             PET0 PIOc_sync Enter - MemInfo: [malloc] Space allocated in mmapped regions:         15712256 Byte
20220314 012251.964 INFO             PET0 PIOc_sync Enter - MemInfo: [malloc] Maximum total allocated space:                     0 Byte
20220314 012251.964 INFO             PET0 PIOc_sync Enter - MemInfo: [malloc] Space in freed fastbin blocks:                     0 Byte
20220314 012251.964 INFO             PET0 PIOc_sync Enter - MemInfo: [malloc] Total allocated space:                       1123344 Byte
20220314 012251.964 INFO             PET0 PIOc_sync Enter - MemInfo: [malloc] Total free space:                             121840 Byte
20220314 012251.964 INFO             PET0 PIOc_sync Enter - MemInfo: [malloc] Top-most, releasable space:                   121776 Byte
20220314 012251.964 INFO             PET0 PIOc_sync Enter - MemInfo: [malloc] Total space in use, mmap + non-mmap:        16835600 Byte
20220314 012251.964 INFO             PET0 PIOc_sync Enter - MemInfo: [malloc] Total space held (mmap + non-mmap):         16957440 Byte
20220314 012251.964 INFO             PET0 PIOc_sync Enter - MemInfo: [malloc] Total space used (mmap + non-mmap):         16845072 Byte
20220314 012251.965 INFO             PET0 PIOc_sync Enter - MemInfo: Wall-clock time since execution start:               0.139986 seconds
20220314 012251.965 INFO             PET0 PIOc_sync Exit - MemInfo: [/proc/meminfo - SSI]	MemTotal:       65855856 kB
20220314 012251.965 INFO             PET0 PIOc_sync Exit - MemInfo: [/proc/meminfo - SSI]	MemFree:        61195100 kB
20220314 012251.965 INFO             PET0 PIOc_sync Exit - MemInfo: [/proc/meminfo - SSI]	MemAvailable:   60992952 kB
20220314 012251.965 INFO             PET0 PIOc_sync Exit - MemInfo: [/proc/meminfo - SSI]	Committed_AS:    2870504 kB
20220314 012251.965 INFO             PET0 PIOc_sync Exit - MemInfo: [/proc/meminfo - SSI]	CommittedPercent: 4.35877 %
20220314 012251.965 INFO             PET0 PIOc_sync Exit - MemInfo: [/proc/self/status]	VmPeak:	  254508 kB
20220314 012251.965 INFO             PET0 PIOc_sync Exit - MemInfo: [/proc/self/status]	VmSize:	  254508 kB
20220314 012251.965 INFO             PET0 PIOc_sync Exit - MemInfo: [/proc/self/status]	VmLck:	       0 kB
20220314 012251.965 INFO             PET0 PIOc_sync Exit - MemInfo: [/proc/self/status]	VmPin:	       0 kB
20220314 012251.965 INFO             PET0 PIOc_sync Exit - MemInfo: [/proc/self/status]	VmHWM:	   46884 kB
20220314 012251.965 INFO             PET0 PIOc_sync Exit - MemInfo: [/proc/self/status]	VmRSS:	   46884 kB
20220314 012251.965 INFO             PET0 PIOc_sync Exit - MemInfo: [/proc/self/status]	VmData:	   37680 kB
20220314 012251.965 INFO             PET0 PIOc_sync Exit - MemInfo: [/proc/self/status]	VmStk:	     508 kB
20220314 012251.965 INFO             PET0 PIOc_sync Exit - MemInfo: [/proc/self/status]	VmExe:	     888 kB
20220314 012251.965 INFO             PET0 PIOc_sync Exit - MemInfo: [/proc/self/status]	VmLib:	  133788 kB
20220314 012251.965 INFO             PET0 PIOc_sync Exit - MemInfo: [/proc/self/status]	VmPTE:	     420 kB
20220314 012251.965 INFO             PET0 PIOc_sync Exit - MemInfo: [/proc/self/status]	VmPMD:	      12 kB
20220314 012251.965 INFO             PET0 PIOc_sync Exit - MemInfo: [/proc/self/status]	VmSwap:	       0 kB
20220314 012251.965 INFO             PET0 PIOc_sync Exit - MemInfo: [/proc/self/status]	VmRSSPercent: 0.0711918 %
20220314 012251.965 INFO             PET0 PIOc_sync Exit - MemInfo: [malloc] Non-mmapped space allocated:                 1245184 Byte
20220314 012251.965 INFO             PET0 PIOc_sync Exit - MemInfo: [malloc] Space allocated in mmapped regions:         16044032 Byte
20220314 012251.965 INFO             PET0 PIOc_sync Exit - MemInfo: [malloc] Maximum total allocated space:                     0 Byte
20220314 012251.965 INFO             PET0 PIOc_sync Exit - MemInfo: [malloc] Space in freed fastbin blocks:                     0 Byte
20220314 012251.965 INFO             PET0 PIOc_sync Exit - MemInfo: [malloc] Total allocated space:                       1192096 Byte
20220314 012251.965 INFO             PET0 PIOc_sync Exit - MemInfo: [malloc] Total free space:                              53088 Byte
20220314 012251.965 INFO             PET0 PIOc_sync Exit - MemInfo: [malloc] Top-most, releasable space:                    53088 Byte
20220314 012251.965 INFO             PET0 PIOc_sync Exit - MemInfo: [malloc] Total space in use, mmap + non-mmap:        17236128 Byte
20220314 012251.965 INFO             PET0 PIOc_sync Exit - MemInfo: [malloc] Total space held (mmap + non-mmap):         17289216 Byte
20220314 012251.965 INFO             PET0 PIOc_sync Exit - MemInfo: [malloc] Total space used (mmap + non-mmap):         17244592 Byte
20220314 012251.965 INFO             PET0 PIOc_sync Exit - MemInfo: Wall-clock time since execution start:               0.140788 seconds
20220314 012251.966 INFO             PET0 PIOc_freedecomp Enter - MemInfo: [/proc/meminfo - SSI]	MemTotal:       65855856 kB
20220314 012251.966 INFO             PET0 PIOc_freedecomp Enter - MemInfo: [/proc/meminfo - SSI]	MemFree:        61202156 kB
20220314 012251.966 INFO             PET0 PIOc_freedecomp Enter - MemInfo: [/proc/meminfo - SSI]	MemAvailable:   61000008 kB
20220314 012251.966 INFO             PET0 PIOc_freedecomp Enter - MemInfo: [/proc/meminfo - SSI]	Committed_AS:    2862632 kB
20220314 012251.966 INFO             PET0 PIOc_freedecomp Enter - MemInfo: [/proc/meminfo - SSI]	CommittedPercent: 4.34681 %
20220314 012251.966 INFO             PET0 PIOc_freedecomp Enter - MemInfo: [/proc/self/status]	VmPeak:	  254508 kB
20220314 012251.966 INFO             PET0 PIOc_freedecomp Enter - MemInfo: [/proc/self/status]	VmSize:	  245796 kB
20220314 012251.966 INFO             PET0 PIOc_freedecomp Enter - MemInfo: [/proc/self/status]	VmLck:	       0 kB
20220314 012251.966 INFO             PET0 PIOc_freedecomp Enter - MemInfo: [/proc/self/status]	VmPin:	       0 kB
20220314 012251.966 INFO             PET0 PIOc_freedecomp Enter - MemInfo: [/proc/self/status]	VmHWM:	   46884 kB
20220314 012251.966 INFO             PET0 PIOc_freedecomp Enter - MemInfo: [/proc/self/status]	VmRSS:	   38728 kB
20220314 012251.966 INFO             PET0 PIOc_freedecomp Enter - MemInfo: [/proc/self/status]	VmData:	   28968 kB
20220314 012251.966 INFO             PET0 PIOc_freedecomp Enter - MemInfo: [/proc/self/status]	VmStk:	     508 kB
20220314 012251.966 INFO             PET0 PIOc_freedecomp Enter - MemInfo: [/proc/self/status]	VmExe:	     888 kB
20220314 012251.966 INFO             PET0 PIOc_freedecomp Enter - MemInfo: [/proc/self/status]	VmLib:	  133788 kB
20220314 012251.966 INFO             PET0 PIOc_freedecomp Enter - MemInfo: [/proc/self/status]	VmPTE:	     404 kB
20220314 012251.966 INFO             PET0 PIOc_freedecomp Enter - MemInfo: [/proc/self/status]	VmPMD:	      12 kB
20220314 012251.966 INFO             PET0 PIOc_freedecomp Enter - MemInfo: [/proc/self/status]	VmSwap:	       0 kB
20220314 012251.966 INFO             PET0 PIOc_freedecomp Enter - MemInfo: [/proc/self/status]	VmRSSPercent: 0.0588072 %
20220314 012251.966 INFO             PET0 PIOc_freedecomp Enter - MemInfo: [malloc] Non-mmapped space allocated:                 1245184 Byte
20220314 012251.966 INFO             PET0 PIOc_freedecomp Enter - MemInfo: [malloc] Space allocated in mmapped regions:          7122944 Byte
20220314 012251.966 INFO             PET0 PIOc_freedecomp Enter - MemInfo: [malloc] Maximum total allocated space:                     0 Byte
20220314 012251.966 INFO             PET0 PIOc_freedecomp Enter - MemInfo: [malloc] Space in freed fastbin blocks:                   208 Byte
20220314 012251.966 INFO             PET0 PIOc_freedecomp Enter - MemInfo: [malloc] Total allocated space:                       1181808 Byte
20220314 012251.966 INFO             PET0 PIOc_freedecomp Enter - MemInfo: [malloc] Total free space:                              63376 Byte
20220314 012251.966 INFO             PET0 PIOc_freedecomp Enter - MemInfo: [malloc] Top-most, releasable space:                    52496 Byte
20220314 012251.966 INFO             PET0 PIOc_freedecomp Enter - MemInfo: [malloc] Total space in use, mmap + non-mmap:         8304752 Byte
20220314 012251.966 INFO             PET0 PIOc_freedecomp Enter - MemInfo: [malloc] Total space held (mmap + non-mmap):          8368128 Byte
20220314 012251.966 INFO             PET0 PIOc_freedecomp Enter - MemInfo: [malloc] Total space used (mmap + non-mmap):          8313184 Byte
20220314 012251.966 INFO             PET0 PIOc_freedecomp Enter - MemInfo: Wall-clock time since execution start:               0.141759 seconds
20220314 012251.966 INFO             PET0 PIOc_freedecomp Exit - MemInfo: [/proc/meminfo - SSI]	MemTotal:       65855856 kB
20220314 012251.966 INFO             PET0 PIOc_freedecomp Exit - MemInfo: [/proc/meminfo - SSI]	MemFree:        61202156 kB
20220314 012251.966 INFO             PET0 PIOc_freedecomp Exit - MemInfo: [/proc/meminfo - SSI]	MemAvailable:   61000008 kB
20220314 012251.966 INFO             PET0 PIOc_freedecomp Exit - MemInfo: [/proc/meminfo - SSI]	Committed_AS:    2862632 kB
20220314 012251.966 INFO             PET0 PIOc_freedecomp Exit - MemInfo: [/proc/meminfo - SSI]	CommittedPercent: 4.34681 %
20220314 012251.966 INFO             PET0 PIOc_freedecomp Exit - MemInfo: [/proc/self/status]	VmPeak:	  254508 kB
20220314 012251.966 INFO             PET0 PIOc_freedecomp Exit - MemInfo: [/proc/self/status]	VmSize:	  245796 kB
20220314 012251.966 INFO             PET0 PIOc_freedecomp Exit - MemInfo: [/proc/self/status]	VmLck:	       0 kB
20220314 012251.966 INFO             PET0 PIOc_freedecomp Exit - MemInfo: [/proc/self/status]	VmPin:	       0 kB
20220314 012251.966 INFO             PET0 PIOc_freedecomp Exit - MemInfo: [/proc/self/status]	VmHWM:	   46884 kB
20220314 012251.966 INFO             PET0 PIOc_freedecomp Exit - MemInfo: [/proc/self/status]	VmRSS:	   38728 kB
20220314 012251.966 INFO             PET0 PIOc_freedecomp Exit - MemInfo: [/proc/self/status]	VmData:	   28968 kB
20220314 012251.966 INFO             PET0 PIOc_freedecomp Exit - MemInfo: [/proc/self/status]	VmStk:	     508 kB
20220314 012251.966 INFO             PET0 PIOc_freedecomp Exit - MemInfo: [/proc/self/status]	VmExe:	     888 kB
20220314 012251.967 INFO             PET0 PIOc_freedecomp Exit - MemInfo: [/proc/self/status]	VmLib:	  133788 kB
20220314 012251.967 INFO             PET0 PIOc_freedecomp Exit - MemInfo: [/proc/self/status]	VmPTE:	     404 kB
20220314 012251.967 INFO             PET0 PIOc_freedecomp Exit - MemInfo: [/proc/self/status]	VmPMD:	      12 kB
20220314 012251.967 INFO             PET0 PIOc_freedecomp Exit - MemInfo: [/proc/self/status]	VmSwap:	       0 kB
20220314 012251.967 INFO             PET0 PIOc_freedecomp Exit - MemInfo: [/proc/self/status]	VmRSSPercent: 0.0588072 %
20220314 012251.967 INFO             PET0 PIOc_freedecomp Exit - MemInfo: [malloc] Non-mmapped space allocated:                 1245184 Byte
20220314 012251.967 INFO             PET0 PIOc_freedecomp Exit - MemInfo: [malloc] Space allocated in mmapped regions:          7122944 Byte
20220314 012251.967 INFO             PET0 PIOc_freedecomp Exit - MemInfo: [malloc] Maximum total allocated space:                     0 Byte
20220314 012251.967 INFO             PET0 PIOc_freedecomp Exit - MemInfo: [malloc] Space in freed fastbin blocks:                   704 Byte
20220314 012251.967 INFO             PET0 PIOc_freedecomp Exit - MemInfo: [malloc] Total allocated space:                       1180192 Byte
20220314 012251.967 INFO             PET0 PIOc_freedecomp Exit - MemInfo: [malloc] Total free space:                              64992 Byte
20220314 012251.967 INFO             PET0 PIOc_freedecomp Exit - MemInfo: [malloc] Top-most, releasable space:                    52496 Byte
20220314 012251.967 INFO             PET0 PIOc_freedecomp Exit - MemInfo: [malloc] Total space in use, mmap + non-mmap:         8303136 Byte
20220314 012251.967 INFO             PET0 PIOc_freedecomp Exit - MemInfo: [malloc] Total space held (mmap + non-mmap):          8368128 Byte
20220314 012251.967 INFO             PET0 PIOc_freedecomp Exit - MemInfo: [malloc] Total space used (mmap + non-mmap):          8311568 Byte
20220314 012251.967 INFO             PET0 PIOc_freedecomp Exit - MemInfo: Wall-clock time since execution start:               0.142227 seconds
20220314 012251.970 INFO             PET0 PIOc_sync Enter - MemInfo: [/proc/meminfo - SSI]	MemTotal:       65855856 kB
20220314 012251.970 INFO             PET0 PIOc_sync Enter - MemInfo: [/proc/meminfo - SSI]	MemFree:        61199064 kB
20220314 012251.970 INFO             PET0 PIOc_sync Enter - MemInfo: [/proc/meminfo - SSI]	MemAvailable:   60996916 kB
20220314 012251.970 INFO             PET0 PIOc_sync Enter - MemInfo: [/proc/meminfo - SSI]	Committed_AS:    2870900 kB
20220314 012251.970 INFO             PET0 PIOc_sync Enter - MemInfo: [/proc/meminfo - SSI]	CommittedPercent: 4.35937 %
20220314 012251.970 INFO             PET0 PIOc_sync Enter - MemInfo: [/proc/self/status]	VmPeak:	  254580 kB
20220314 012251.970 INFO             PET0 PIOc_sync Enter - MemInfo: [/proc/self/status]	VmSize:	  254580 kB
20220314 012251.970 INFO             PET0 PIOc_sync Enter - MemInfo: [/proc/self/status]	VmLck:	       0 kB
20220314 012251.970 INFO             PET0 PIOc_sync Enter - MemInfo: [/proc/self/status]	VmPin:	       0 kB
20220314 012251.970 INFO             PET0 PIOc_sync Enter - MemInfo: [/proc/self/status]	VmHWM:	   46884 kB
20220314 012251.970 INFO             PET0 PIOc_sync Enter - MemInfo: [/proc/self/status]	VmRSS:	   42684 kB
20220314 012251.970 INFO             PET0 PIOc_sync Enter - MemInfo: [/proc/self/status]	VmData:	   37752 kB
20220314 012251.970 INFO             PET0 PIOc_sync Enter - MemInfo: [/proc/self/status]	VmStk:	     508 kB
20220314 012251.970 INFO             PET0 PIOc_sync Enter - MemInfo: [/proc/self/status]	VmExe:	     888 kB
20220314 012251.970 INFO             PET0 PIOc_sync Enter - MemInfo: [/proc/self/status]	VmLib:	  133788 kB
20220314 012251.970 INFO             PET0 PIOc_sync Enter - MemInfo: [/proc/self/status]	VmPTE:	     416 kB
20220314 012251.970 INFO             PET0 PIOc_sync Enter - MemInfo: [/proc/self/status]	VmPMD:	      12 kB
20220314 012251.970 INFO             PET0 PIOc_sync Enter - MemInfo: [/proc/self/status]	VmSwap:	       0 kB
20220314 012251.970 INFO             PET0 PIOc_sync Enter - MemInfo: [/proc/self/status]	VmRSSPercent: 0.0648143 %
20220314 012251.970 INFO             PET0 PIOc_sync Enter - MemInfo: [malloc] Non-mmapped space allocated:                10240000 Byte
20220314 012251.970 INFO             PET0 PIOc_sync Enter - MemInfo: [malloc] Space allocated in mmapped regions:          7122944 Byte
20220314 012251.970 INFO             PET0 PIOc_sync Enter - MemInfo: [malloc] Maximum total allocated space:                     0 Byte
20220314 012251.970 INFO             PET0 PIOc_sync Enter - MemInfo: [malloc] Space in freed fastbin blocks:                    64 Byte
20220314 012251.970 INFO             PET0 PIOc_sync Enter - MemInfo: [malloc] Total allocated space:                      10109696 Byte
20220314 012251.970 INFO             PET0 PIOc_sync Enter - MemInfo: [malloc] Total free space:                             130304 Byte
20220314 012251.970 INFO             PET0 PIOc_sync Enter - MemInfo: [malloc] Top-most, releasable space:                   129136 Byte
20220314 012251.970 INFO             PET0 PIOc_sync Enter - MemInfo: [malloc] Total space in use, mmap + non-mmap:        17232640 Byte
20220314 012251.970 INFO             PET0 PIOc_sync Enter - MemInfo: [malloc] Total space held (mmap + non-mmap):         17362944 Byte
20220314 012251.970 INFO             PET0 PIOc_sync Enter - MemInfo: [malloc] Total space used (mmap + non-mmap):         17240960 Byte
20220314 012251.970 INFO             PET0 PIOc_sync Enter - MemInfo: Wall-clock time since execution start:               0.145666 seconds
20220314 012251.970 INFO             PET0 PIOc_sync Exit - MemInfo: [/proc/meminfo - SSI]	MemTotal:       65855856 kB
20220314 012251.970 INFO             PET0 PIOc_sync Exit - MemInfo: [/proc/meminfo - SSI]	MemFree:        61199064 kB
20220314 012251.970 INFO             PET0 PIOc_sync Exit - MemInfo: [/proc/meminfo - SSI]	MemAvailable:   60996916 kB
20220314 012251.970 INFO             PET0 PIOc_sync Exit - MemInfo: [/proc/meminfo - SSI]	Committed_AS:    2870900 kB
20220314 012251.970 INFO             PET0 PIOc_sync Exit - MemInfo: [/proc/meminfo - SSI]	CommittedPercent: 4.35937 %
20220314 012251.970 INFO             PET0 PIOc_sync Exit - MemInfo: [/proc/self/status]	VmPeak:	  254580 kB
20220314 012251.970 INFO             PET0 PIOc_sync Exit - MemInfo: [/proc/self/status]	VmSize:	  254580 kB
20220314 012251.970 INFO             PET0 PIOc_sync Exit - MemInfo: [/proc/self/status]	VmLck:	       0 kB
20220314 012251.970 INFO             PET0 PIOc_sync Exit - MemInfo: [/proc/self/status]	VmPin:	       0 kB
20220314 012251.970 INFO             PET0 PIOc_sync Exit - MemInfo: [/proc/self/status]	VmHWM:	   46884 kB
20220314 012251.970 INFO             PET0 PIOc_sync Exit - MemInfo: [/proc/self/status]	VmRSS:	   42684 kB
20220314 012251.970 INFO             PET0 PIOc_sync Exit - MemInfo: [/proc/self/status]	VmData:	   37752 kB
20220314 012251.970 INFO             PET0 PIOc_sync Exit - MemInfo: [/proc/self/status]	VmStk:	     508 kB
20220314 012251.970 INFO             PET0 PIOc_sync Exit - MemInfo: [/proc/self/status]	VmExe:	     888 kB
20220314 012251.970 INFO             PET0 PIOc_sync Exit - MemInfo: [/proc/self/status]	VmLib:	  133788 kB
20220314 012251.970 INFO             PET0 PIOc_sync Exit - MemInfo: [/proc/self/status]	VmPTE:	     416 kB
20220314 012251.970 INFO             PET0 PIOc_sync Exit - MemInfo: [/proc/self/status]	VmPMD:	      12 kB
20220314 012251.970 INFO             PET0 PIOc_sync Exit - MemInfo: [/proc/self/status]	VmSwap:	       0 kB
20220314 012251.970 INFO             PET0 PIOc_sync Exit - MemInfo: [/proc/self/status]	VmRSSPercent: 0.0648143 %
20220314 012251.971 INFO             PET0 PIOc_sync Exit - MemInfo: [malloc] Non-mmapped space allocated:                10240000 Byte
20220314 012251.971 INFO             PET0 PIOc_sync Exit - MemInfo: [malloc] Space allocated in mmapped regions:          7122944 Byte
20220314 012251.971 INFO             PET0 PIOc_sync Exit - MemInfo: [malloc] Maximum total allocated space:                     0 Byte
20220314 012251.971 INFO             PET0 PIOc_sync Exit - MemInfo: [malloc] Space in freed fastbin blocks:                     0 Byte
20220314 012251.971 INFO             PET0 PIOc_sync Exit - MemInfo: [malloc] Total allocated space:                      10110432 Byte
20220314 012251.971 INFO             PET0 PIOc_sync Exit - MemInfo: [malloc] Total free space:                             129568 Byte
20220314 012251.971 INFO             PET0 PIOc_sync Exit - MemInfo: [malloc] Top-most, releasable space:                   128912 Byte
20220314 012251.971 INFO             PET0 PIOc_sync Exit - MemInfo: [malloc] Total space in use, mmap + non-mmap:        17233376 Byte
20220314 012251.971 INFO             PET0 PIOc_sync Exit - MemInfo: [malloc] Total space held (mmap + non-mmap):         17362944 Byte
20220314 012251.971 INFO             PET0 PIOc_sync Exit - MemInfo: [malloc] Total space used (mmap + non-mmap):         17241696 Byte
20220314 012251.971 INFO             PET0 PIOc_sync Exit - MemInfo: Wall-clock time since execution start:                0.14617 seconds
20220314 012251.971 INFO             PET0 PIOc_freedecomp Enter - MemInfo: [/proc/meminfo - SSI]	MemTotal:       65855856 kB
20220314 012251.971 INFO             PET0 PIOc_freedecomp Enter - MemInfo: [/proc/meminfo - SSI]	MemFree:        61199064 kB
20220314 012251.971 INFO             PET0 PIOc_freedecomp Enter - MemInfo: [/proc/meminfo - SSI]	MemAvailable:   60996916 kB
20220314 012251.971 INFO             PET0 PIOc_freedecomp Enter - MemInfo: [/proc/meminfo - SSI]	Committed_AS:    2870900 kB
20220314 012251.971 INFO             PET0 PIOc_freedecomp Enter - MemInfo: [/proc/meminfo - SSI]	CommittedPercent: 4.35937 %
20220314 012251.971 INFO             PET0 PIOc_freedecomp Enter - MemInfo: [/proc/self/status]	VmPeak:	  254580 kB
20220314 012251.971 INFO             PET0 PIOc_freedecomp Enter - MemInfo: [/proc/self/status]	VmSize:	  254580 kB
20220314 012251.971 INFO             PET0 PIOc_freedecomp Enter - MemInfo: [/proc/self/status]	VmLck:	       0 kB
20220314 012251.971 INFO             PET0 PIOc_freedecomp Enter - MemInfo: [/proc/self/status]	VmPin:	       0 kB
20220314 012251.971 INFO             PET0 PIOc_freedecomp Enter - MemInfo: [/proc/self/status]	VmHWM:	   46884 kB
20220314 012251.971 INFO             PET0 PIOc_freedecomp Enter - MemInfo: [/proc/self/status]	VmRSS:	   42684 kB
20220314 012251.971 INFO             PET0 PIOc_freedecomp Enter - MemInfo: [/proc/self/status]	VmData:	   37752 kB
20220314 012251.971 INFO             PET0 PIOc_freedecomp Enter - MemInfo: [/proc/self/status]	VmStk:	     508 kB
20220314 012251.971 INFO             PET0 PIOc_freedecomp Enter - MemInfo: [/proc/self/status]	VmExe:	     888 kB
20220314 012251.971 INFO             PET0 PIOc_freedecomp Enter - MemInfo: [/proc/self/status]	VmLib:	  133788 kB
20220314 012251.971 INFO             PET0 PIOc_freedecomp Enter - MemInfo: [/proc/self/status]	VmPTE:	     416 kB
20220314 012251.971 INFO             PET0 PIOc_freedecomp Enter - MemInfo: [/proc/self/status]	VmPMD:	      12 kB
20220314 012251.971 INFO             PET0 PIOc_freedecomp Enter - MemInfo: [/proc/self/status]	VmSwap:	       0 kB
20220314 012251.971 INFO             PET0 PIOc_freedecomp Enter - MemInfo: [/proc/self/status]	VmRSSPercent: 0.0648143 %
20220314 012251.971 INFO             PET0 PIOc_freedecomp Enter - MemInfo: [malloc] Non-mmapped space allocated:                10240000 Byte
20220314 012251.971 INFO             PET0 PIOc_freedecomp Enter - MemInfo: [malloc] Space allocated in mmapped regions:          7122944 Byte
20220314 012251.971 INFO             PET0 PIOc_freedecomp Enter - MemInfo: [malloc] Maximum total allocated space:                     0 Byte
20220314 012251.971 INFO             PET0 PIOc_freedecomp Enter - MemInfo: [malloc] Space in freed fastbin blocks:                   240 Byte
20220314 012251.971 INFO             PET0 PIOc_freedecomp Enter - MemInfo: [malloc] Total allocated space:                       1186464 Byte
20220314 012251.971 INFO             PET0 PIOc_freedecomp Enter - MemInfo: [malloc] Total free space:                            9053536 Byte
20220314 012251.971 INFO             PET0 PIOc_freedecomp Enter - MemInfo: [malloc] Top-most, releasable space:                   128688 Byte
20220314 012251.971 INFO             PET0 PIOc_freedecomp Enter - MemInfo: [malloc] Total space in use, mmap + non-mmap:         8309408 Byte
20220314 012251.971 INFO             PET0 PIOc_freedecomp Enter - MemInfo: [malloc] Total space held (mmap + non-mmap):         17362944 Byte
20220314 012251.971 INFO             PET0 PIOc_freedecomp Enter - MemInfo: [malloc] Total space used (mmap + non-mmap):          8317616 Byte
20220314 012251.971 INFO             PET0 PIOc_freedecomp Enter - MemInfo: Wall-clock time since execution start:               0.146784 seconds
20220314 012251.971 INFO             PET0 PIOc_freedecomp Exit - MemInfo: [/proc/meminfo - SSI]	MemTotal:       65855856 kB
20220314 012251.971 INFO             PET0 PIOc_freedecomp Exit - MemInfo: [/proc/meminfo - SSI]	MemFree:        61199064 kB
20220314 012251.971 INFO             PET0 PIOc_freedecomp Exit - MemInfo: [/proc/meminfo - SSI]	MemAvailable:   60996916 kB
20220314 012251.971 INFO             PET0 PIOc_freedecomp Exit - MemInfo: [/proc/meminfo - SSI]	Committed_AS:    2870900 kB
20220314 012251.971 INFO             PET0 PIOc_freedecomp Exit - MemInfo: [/proc/meminfo - SSI]	CommittedPercent: 4.35937 %
20220314 012251.971 INFO             PET0 PIOc_freedecomp Exit - MemInfo: [/proc/self/status]	VmPeak:	  254580 kB
20220314 012251.971 INFO             PET0 PIOc_freedecomp Exit - MemInfo: [/proc/self/status]	VmSize:	  254580 kB
20220314 012251.971 INFO             PET0 PIOc_freedecomp Exit - MemInfo: [/proc/self/status]	VmLck:	       0 kB
20220314 012251.971 INFO             PET0 PIOc_freedecomp Exit - MemInfo: [/proc/self/status]	VmPin:	       0 kB
20220314 012251.971 INFO             PET0 PIOc_freedecomp Exit - MemInfo: [/proc/self/status]	VmHWM:	   46884 kB
20220314 012251.971 INFO             PET0 PIOc_freedecomp Exit - MemInfo: [/proc/self/status]	VmRSS:	   42684 kB
20220314 012251.971 INFO             PET0 PIOc_freedecomp Exit - MemInfo: [/proc/self/status]	VmData:	   37752 kB
20220314 012251.972 INFO             PET0 PIOc_freedecomp Exit - MemInfo: [/proc/self/status]	VmStk:	     508 kB
20220314 012251.972 INFO             PET0 PIOc_freedecomp Exit - MemInfo: [/proc/self/status]	VmExe:	     888 kB
20220314 012251.972 INFO             PET0 PIOc_freedecomp Exit - MemInfo: [/proc/self/status]	VmLib:	  133788 kB
20220314 012251.972 INFO             PET0 PIOc_freedecomp Exit - MemInfo: [/proc/self/status]	VmPTE:	     416 kB
20220314 012251.972 INFO             PET0 PIOc_freedecomp Exit - MemInfo: [/proc/self/status]	VmPMD:	      12 kB
20220314 012251.972 INFO             PET0 PIOc_freedecomp Exit - MemInfo: [/proc/self/status]	VmSwap:	       0 kB
20220314 012251.972 INFO             PET0 PIOc_freedecomp Exit - MemInfo: [/proc/self/status]	VmRSSPercent: 0.0648143 %
20220314 012251.972 INFO             PET0 PIOc_freedecomp Exit - MemInfo: [malloc] Non-mmapped space allocated:                10240000 Byte
20220314 012251.972 INFO             PET0 PIOc_freedecomp Exit - MemInfo: [malloc] Space allocated in mmapped regions:          7122944 Byte
20220314 012251.972 INFO             PET0 PIOc_freedecomp Exit - MemInfo: [malloc] Maximum total allocated space:                     0 Byte
20220314 012251.972 INFO             PET0 PIOc_freedecomp Exit - MemInfo: [malloc] Space in freed fastbin blocks:                   800 Byte
20220314 012251.972 INFO             PET0 PIOc_freedecomp Exit - MemInfo: [malloc] Total allocated space:                       1184608 Byte
20220314 012251.972 INFO             PET0 PIOc_freedecomp Exit - MemInfo: [malloc] Total free space:                            9055392 Byte
20220314 012251.972 INFO             PET0 PIOc_freedecomp Exit - MemInfo: [malloc] Top-most, releasable space:                   128688 Byte
20220314 012251.972 INFO             PET0 PIOc_freedecomp Exit - MemInfo: [malloc] Total space in use, mmap + non-mmap:         8307552 Byte
20220314 012251.972 INFO             PET0 PIOc_freedecomp Exit - MemInfo: [malloc] Total space held (mmap + non-mmap):         17362944 Byte
20220314 012251.972 INFO             PET0 PIOc_freedecomp Exit - MemInfo: [malloc] Total space used (mmap + non-mmap):          8315760 Byte
20220314 012251.972 INFO             PET0 PIOc_freedecomp Exit - MemInfo: Wall-clock time since execution start:               0.147229 seconds
20220314 012251.973 INFO             PET0 PIOc_sync Enter - MemInfo: [/proc/meminfo - SSI]	MemTotal:       65855856 kB
20220314 012251.973 INFO             PET0 PIOc_sync Enter - MemInfo: [/proc/meminfo - SSI]	MemFree:        61198560 kB
20220314 012251.973 INFO             PET0 PIOc_sync Enter - MemInfo: [/proc/meminfo - SSI]	MemAvailable:   60996412 kB
20220314 012251.973 INFO             PET0 PIOc_sync Enter - MemInfo: [/proc/meminfo - SSI]	Committed_AS:    2870900 kB
20220314 012251.973 INFO             PET0 PIOc_sync Enter - MemInfo: [/proc/meminfo - SSI]	CommittedPercent: 4.35937 %
20220314 012251.973 INFO             PET0 PIOc_sync Enter - MemInfo: [/proc/self/status]	VmPeak:	  254580 kB
20220314 012251.973 INFO             PET0 PIOc_sync Enter - MemInfo: [/proc/self/status]	VmSize:	  254580 kB
20220314 012251.973 INFO             PET0 PIOc_sync Enter - MemInfo: [/proc/self/status]	VmLck:	       0 kB
20220314 012251.973 INFO             PET0 PIOc_sync Enter - MemInfo: [/proc/self/status]	VmPin:	       0 kB
20220314 012251.973 INFO             PET0 PIOc_sync Enter - MemInfo: [/proc/self/status]	VmHWM:	   46884 kB
20220314 012251.973 INFO             PET0 PIOc_sync Enter - MemInfo: [/proc/self/status]	VmRSS:	   43212 kB
20220314 012251.973 INFO             PET0 PIOc_sync Enter - MemInfo: [/proc/self/status]	VmData:	   37752 kB
20220314 012251.973 INFO             PET0 PIOc_sync Enter - MemInfo: [/proc/self/status]	VmStk:	     508 kB
20220314 012251.973 INFO             PET0 PIOc_sync Enter - MemInfo: [/proc/self/status]	VmExe:	     888 kB
20220314 012251.973 INFO             PET0 PIOc_sync Enter - MemInfo: [/proc/self/status]	VmLib:	  133788 kB
20220314 012251.973 INFO             PET0 PIOc_sync Enter - MemInfo: [/proc/self/status]	VmPTE:	     416 kB
20220314 012251.973 INFO             PET0 PIOc_sync Enter - MemInfo: [/proc/self/status]	VmPMD:	      12 kB
20220314 012251.973 INFO             PET0 PIOc_sync Enter - MemInfo: [/proc/self/status]	VmSwap:	       0 kB
20220314 012251.973 INFO             PET0 PIOc_sync Enter - MemInfo: [/proc/self/status]	VmRSSPercent: 0.065616 %
20220314 012251.973 INFO             PET0 PIOc_sync Enter - MemInfo: [malloc] Non-mmapped space allocated:                10240000 Byte
20220314 012251.974 INFO             PET0 PIOc_sync Enter - MemInfo: [malloc] Space allocated in mmapped regions:          7122944 Byte
20220314 012251.974 INFO             PET0 PIOc_sync Enter - MemInfo: [malloc] Maximum total allocated space:                     0 Byte
20220314 012251.974 INFO             PET0 PIOc_sync Enter - MemInfo: [malloc] Space in freed fastbin blocks:                   240 Byte
20220314 012251.974 INFO             PET0 PIOc_sync Enter - MemInfo: [malloc] Total allocated space:                      10113088 Byte
20220314 012251.974 INFO             PET0 PIOc_sync Enter - MemInfo: [malloc] Total free space:                             126912 Byte
20220314 012251.974 INFO             PET0 PIOc_sync Enter - MemInfo: [malloc] Top-most, releasable space:                   123440 Byte
20220314 012251.974 INFO             PET0 PIOc_sync Enter - MemInfo: [malloc] Total space in use, mmap + non-mmap:        17236032 Byte
20220314 012251.974 INFO             PET0 PIOc_sync Enter - MemInfo: [malloc] Total space held (mmap + non-mmap):         17362944 Byte
20220314 012251.974 INFO             PET0 PIOc_sync Enter - MemInfo: [malloc] Total space used (mmap + non-mmap):         17244240 Byte
20220314 012251.974 INFO             PET0 PIOc_sync Enter - MemInfo: Wall-clock time since execution start:               0.149126 seconds
20220314 012251.974 INFO             PET0 PIOc_sync Exit - MemInfo: [/proc/meminfo - SSI]	MemTotal:       65855856 kB
20220314 012251.974 INFO             PET0 PIOc_sync Exit - MemInfo: [/proc/meminfo - SSI]	MemFree:        61198560 kB
20220314 012251.974 INFO             PET0 PIOc_sync Exit - MemInfo: [/proc/meminfo - SSI]	MemAvailable:   60996412 kB
20220314 012251.974 INFO             PET0 PIOc_sync Exit - MemInfo: [/proc/meminfo - SSI]	Committed_AS:    2870900 kB
20220314 012251.974 INFO             PET0 PIOc_sync Exit - MemInfo: [/proc/meminfo - SSI]	CommittedPercent: 4.35937 %
20220314 012251.974 INFO             PET0 PIOc_sync Exit - MemInfo: [/proc/self/status]	VmPeak:	  254580 kB
20220314 012251.974 INFO             PET0 PIOc_sync Exit - MemInfo: [/proc/self/status]	VmSize:	  254580 kB
20220314 012251.974 INFO             PET0 PIOc_sync Exit - MemInfo: [/proc/self/status]	VmLck:	       0 kB
20220314 012251.974 INFO             PET0 PIOc_sync Exit - MemInfo: [/proc/self/status]	VmPin:	       0 kB
20220314 012251.974 INFO             PET0 PIOc_sync Exit - MemInfo: [/proc/self/status]	VmHWM:	   46884 kB
20220314 012251.974 INFO             PET0 PIOc_sync Exit - MemInfo: [/proc/self/status]	VmRSS:	   43212 kB
20220314 012251.974 INFO             PET0 PIOc_sync Exit - MemInfo: [/proc/self/status]	VmData:	   37752 kB
20220314 012251.974 INFO             PET0 PIOc_sync Exit - MemInfo: [/proc/self/status]	VmStk:	     508 kB
20220314 012251.974 INFO             PET0 PIOc_sync Exit - MemInfo: [/proc/self/status]	VmExe:	     888 kB
20220314 012251.974 INFO             PET0 PIOc_sync Exit - MemInfo: [/proc/self/status]	VmLib:	  133788 kB
20220314 012251.974 INFO             PET0 PIOc_sync Exit - MemInfo: [/proc/self/status]	VmPTE:	     416 kB
20220314 012251.974 INFO             PET0 PIOc_sync Exit - MemInfo: [/proc/self/status]	VmPMD:	      12 kB
20220314 012251.974 INFO             PET0 PIOc_sync Exit - MemInfo: [/proc/self/status]	VmSwap:	       0 kB
20220314 012251.974 INFO             PET0 PIOc_sync Exit - MemInfo: [/proc/self/status]	VmRSSPercent: 0.065616 %
20220314 012251.974 INFO             PET0 PIOc_sync Exit - MemInfo: [malloc] Non-mmapped space allocated:                10240000 Byte
20220314 012251.974 INFO             PET0 PIOc_sync Exit - MemInfo: [malloc] Space allocated in mmapped regions:          7122944 Byte
20220314 012251.974 INFO             PET0 PIOc_sync Exit - MemInfo: [malloc] Maximum total allocated space:                     0 Byte
20220314 012251.974 INFO             PET0 PIOc_sync Exit - MemInfo: [malloc] Space in freed fastbin blocks:                     0 Byte
20220314 012251.974 INFO             PET0 PIOc_sync Exit - MemInfo: [malloc] Total allocated space:                      10113504 Byte
20220314 012251.974 INFO             PET0 PIOc_sync Exit - MemInfo: [malloc] Total free space:                             126496 Byte
20220314 012251.974 INFO             PET0 PIOc_sync Exit - MemInfo: [malloc] Top-most, releasable space:                   123216 Byte
20220314 012251.974 INFO             PET0 PIOc_sync Exit - MemInfo: [malloc] Total space in use, mmap + non-mmap:        17236448 Byte
20220314 012251.974 INFO             PET0 PIOc_sync Exit - MemInfo: [malloc] Total space held (mmap + non-mmap):         17362944 Byte
20220314 012251.974 INFO             PET0 PIOc_sync Exit - MemInfo: [malloc] Total space used (mmap + non-mmap):         17244768 Byte
20220314 012251.974 INFO             PET0 PIOc_sync Exit - MemInfo: Wall-clock time since execution start:               0.149633 seconds
20220314 012251.974 INFO             PET0 PIOc_freedecomp Enter - MemInfo: [/proc/meminfo - SSI]	MemTotal:       65855856 kB
20220314 012251.974 INFO             PET0 PIOc_freedecomp Enter - MemInfo: [/proc/meminfo - SSI]	MemFree:        61198560 kB
20220314 012251.974 INFO             PET0 PIOc_freedecomp Enter - MemInfo: [/proc/meminfo - SSI]	MemAvailable:   60996412 kB
20220314 012251.974 INFO             PET0 PIOc_freedecomp Enter - MemInfo: [/proc/meminfo - SSI]	Committed_AS:    2870900 kB
20220314 012251.974 INFO             PET0 PIOc_freedecomp Enter - MemInfo: [/proc/meminfo - SSI]	CommittedPercent: 4.35937 %
20220314 012251.974 INFO             PET0 PIOc_freedecomp Enter - MemInfo: [/proc/self/status]	VmPeak:	  254580 kB
20220314 012251.974 INFO             PET0 PIOc_freedecomp Enter - MemInfo: [/proc/self/status]	VmSize:	  254580 kB
20220314 012251.974 INFO             PET0 PIOc_freedecomp Enter - MemInfo: [/proc/self/status]	VmLck:	       0 kB
20220314 012251.974 INFO             PET0 PIOc_freedecomp Enter - MemInfo: [/proc/self/status]	VmPin:	       0 kB
20220314 012251.974 INFO             PET0 PIOc_freedecomp Enter - MemInfo: [/proc/self/status]	VmHWM:	   46884 kB
20220314 012251.975 INFO             PET0 PIOc_freedecomp Enter - MemInfo: [/proc/self/status]	VmRSS:	   43212 kB
20220314 012251.975 INFO             PET0 PIOc_freedecomp Enter - MemInfo: [/proc/self/status]	VmData:	   37752 kB
20220314 012251.975 INFO             PET0 PIOc_freedecomp Enter - MemInfo: [/proc/self/status]	VmStk:	     508 kB
20220314 012251.975 INFO             PET0 PIOc_freedecomp Enter - MemInfo: [/proc/self/status]	VmExe:	     888 kB
20220314 012251.975 INFO             PET0 PIOc_freedecomp Enter - MemInfo: [/proc/self/status]	VmLib:	  133788 kB
20220314 012251.975 INFO             PET0 PIOc_freedecomp Enter - MemInfo: [/proc/self/status]	VmPTE:	     416 kB
20220314 012251.975 INFO             PET0 PIOc_freedecomp Enter - MemInfo: [/proc/self/status]	VmPMD:	      12 kB
20220314 012251.975 INFO             PET0 PIOc_freedecomp Enter - MemInfo: [/proc/self/status]	VmSwap:	       0 kB
20220314 012251.975 INFO             PET0 PIOc_freedecomp Enter - MemInfo: [/proc/self/status]	VmRSSPercent: 0.065616 %
20220314 012251.975 INFO             PET0 PIOc_freedecomp Enter - MemInfo: [malloc] Non-mmapped space allocated:                10240000 Byte
20220314 012251.975 INFO             PET0 PIOc_freedecomp Enter - MemInfo: [malloc] Space allocated in mmapped regions:          7122944 Byte
20220314 012251.975 INFO             PET0 PIOc_freedecomp Enter - MemInfo: [malloc] Maximum total allocated space:                     0 Byte
20220314 012251.975 INFO             PET0 PIOc_freedecomp Enter - MemInfo: [malloc] Space in freed fastbin blocks:                   240 Byte
20220314 012251.975 INFO             PET0 PIOc_freedecomp Enter - MemInfo: [malloc] Total allocated space:                       1188720 Byte
20220314 012251.975 INFO             PET0 PIOc_freedecomp Enter - MemInfo: [malloc] Total free space:                            9051280 Byte
20220314 012251.975 INFO             PET0 PIOc_freedecomp Enter - MemInfo: [malloc] Top-most, releasable space:                   122992 Byte
20220314 012251.975 INFO             PET0 PIOc_freedecomp Enter - MemInfo: [malloc] Total space in use, mmap + non-mmap:         8311664 Byte
20220314 012251.975 INFO             PET0 PIOc_freedecomp Enter - MemInfo: [malloc] Total space held (mmap + non-mmap):         17362944 Byte
20220314 012251.975 INFO             PET0 PIOc_freedecomp Enter - MemInfo: [malloc] Total space used (mmap + non-mmap):          8319872 Byte
20220314 012251.975 INFO             PET0 PIOc_freedecomp Enter - MemInfo: Wall-clock time since execution start:                0.15025 seconds
20220314 012251.975 INFO             PET0 PIOc_freedecomp Exit - MemInfo: [/proc/meminfo - SSI]	MemTotal:       65855856 kB
20220314 012251.975 INFO             PET0 PIOc_freedecomp Exit - MemInfo: [/proc/meminfo - SSI]	MemFree:        61198560 kB
20220314 012251.975 INFO             PET0 PIOc_freedecomp Exit - MemInfo: [/proc/meminfo - SSI]	MemAvailable:   60996412 kB
20220314 012251.975 INFO             PET0 PIOc_freedecomp Exit - MemInfo: [/proc/meminfo - SSI]	Committed_AS:    2870900 kB
20220314 012251.975 INFO             PET0 PIOc_freedecomp Exit - MemInfo: [/proc/meminfo - SSI]	CommittedPercent: 4.35937 %
20220314 012251.975 INFO             PET0 PIOc_freedecomp Exit - MemInfo: [/proc/self/status]	VmPeak:	  254580 kB
20220314 012251.975 INFO             PET0 PIOc_freedecomp Exit - MemInfo: [/proc/self/status]	VmSize:	  254580 kB
20220314 012251.975 INFO             PET0 PIOc_freedecomp Exit - MemInfo: [/proc/self/status]	VmLck:	       0 kB
20220314 012251.975 INFO             PET0 PIOc_freedecomp Exit - MemInfo: [/proc/self/status]	VmPin:	       0 kB
20220314 012251.975 INFO             PET0 PIOc_freedecomp Exit - MemInfo: [/proc/self/status]	VmHWM:	   46884 kB
20220314 012251.975 INFO             PET0 PIOc_freedecomp Exit - MemInfo: [/proc/self/status]	VmRSS:	   43212 kB
20220314 012251.975 INFO             PET0 PIOc_freedecomp Exit - MemInfo: [/proc/self/status]	VmData:	   37752 kB
20220314 012251.975 INFO             PET0 PIOc_freedecomp Exit - MemInfo: [/proc/self/status]	VmStk:	     508 kB
20220314 012251.975 INFO             PET0 PIOc_freedecomp Exit - MemInfo: [/proc/self/status]	VmExe:	     888 kB
20220314 012251.975 INFO             PET0 PIOc_freedecomp Exit - MemInfo: [/proc/self/status]	VmLib:	  133788 kB
20220314 012251.975 INFO             PET0 PIOc_freedecomp Exit - MemInfo: [/proc/self/status]	VmPTE:	     416 kB
20220314 012251.975 INFO             PET0 PIOc_freedecomp Exit - MemInfo: [/proc/self/status]	VmPMD:	      12 kB
20220314 012251.975 INFO             PET0 PIOc_freedecomp Exit - MemInfo: [/proc/self/status]	VmSwap:	       0 kB
20220314 012251.975 INFO             PET0 PIOc_freedecomp Exit - MemInfo: [/proc/self/status]	VmRSSPercent: 0.065616 %
20220314 012251.975 INFO             PET0 PIOc_freedecomp Exit - MemInfo: [malloc] Non-mmapped space allocated:                10240000 Byte
20220314 012251.975 INFO             PET0 PIOc_freedecomp Exit - MemInfo: [malloc] Space allocated in mmapped regions:          7122944 Byte
20220314 012251.975 INFO             PET0 PIOc_freedecomp Exit - MemInfo: [malloc] Maximum total allocated space:                     0 Byte
20220314 012251.975 INFO             PET0 PIOc_freedecomp Exit - MemInfo: [malloc] Space in freed fastbin blocks:                   192 Byte
20220314 012251.975 INFO             PET0 PIOc_freedecomp Exit - MemInfo: [malloc] Total allocated space:                       1186912 Byte
20220314 012251.975 INFO             PET0 PIOc_freedecomp Exit - MemInfo: [malloc] Total free space:                            9053088 Byte
20220314 012251.975 INFO             PET0 PIOc_freedecomp Exit - MemInfo: [malloc] Top-most, releasable space:                   128688 Byte
20220314 012251.975 INFO             PET0 PIOc_freedecomp Exit - MemInfo: [malloc] Total space in use, mmap + non-mmap:         8309856 Byte
20220314 012251.975 INFO             PET0 PIOc_freedecomp Exit - MemInfo: [malloc] Total space held (mmap + non-mmap):         17362944 Byte
20220314 012251.975 INFO             PET0 PIOc_freedecomp Exit - MemInfo: [malloc] Total space used (mmap + non-mmap):          8318064 Byte
20220314 012251.975 INFO             PET0 PIOc_freedecomp Exit - MemInfo: Wall-clock time since execution start:               0.150731 seconds
20220314 012251.975 INFO             PET0 PASS Create an ESMC_RouteHandle via ESMC_FieldRegridStore(), ESMC_FieldRegridUTest.C, line 367
20220314 012251.975 INFO             PET0 PASS Execute ESMC_FieldRegrid(), ESMC_FieldRegridUTest.C, line 375
20220314 012251.979 INFO             PET0 PIOc_sync Enter - MemInfo: [/proc/meminfo - SSI]	MemTotal:       65855856 kB
20220314 012251.979 INFO             PET0 PIOc_sync Enter - MemInfo: [/proc/meminfo - SSI]	MemFree:        61194024 kB
20220314 012251.979 INFO             PET0 PIOc_sync Enter - MemInfo: [/proc/meminfo - SSI]	MemAvailable:   60991876 kB
20220314 012251.979 INFO             PET0 PIOc_sync Enter - MemInfo: [/proc/meminfo - SSI]	Committed_AS:    2870900 kB
20220314 012251.979 INFO             PET0 PIOc_sync Enter - MemInfo: [/proc/meminfo - SSI]	CommittedPercent: 4.35937 %
20220314 012251.979 INFO             PET0 PIOc_sync Enter - MemInfo: [/proc/self/status]	VmPeak:	  254580 kB
20220314 012251.979 INFO             PET0 PIOc_sync Enter - MemInfo: [/proc/self/status]	VmSize:	  254580 kB
20220314 012251.979 INFO             PET0 PIOc_sync Enter - MemInfo: [/proc/self/status]	VmLck:	       0 kB
20220314 012251.979 INFO             PET0 PIOc_sync Enter - MemInfo: [/proc/self/status]	VmPin:	       0 kB
20220314 012251.979 INFO             PET0 PIOc_sync Enter - MemInfo: [/proc/self/status]	VmHWM:	   47436 kB
20220314 012251.979 INFO             PET0 PIOc_sync Enter - MemInfo: [/proc/self/status]	VmRSS:	   47436 kB
20220314 012251.979 INFO             PET0 PIOc_sync Enter - MemInfo: [/proc/self/status]	VmData:	   37752 kB
20220314 012251.979 INFO             PET0 PIOc_sync Enter - MemInfo: [/proc/self/status]	VmStk:	     508 kB
20220314 012251.979 INFO             PET0 PIOc_sync Enter - MemInfo: [/proc/self/status]	VmExe:	     888 kB
20220314 012251.979 INFO             PET0 PIOc_sync Enter - MemInfo: [/proc/self/status]	VmLib:	  133788 kB
20220314 012251.979 INFO             PET0 PIOc_sync Enter - MemInfo: [/proc/self/status]	VmPTE:	     420 kB
20220314 012251.979 INFO             PET0 PIOc_sync Enter - MemInfo: [/proc/self/status]	VmPMD:	      12 kB
20220314 012251.979 INFO             PET0 PIOc_sync Enter - MemInfo: [/proc/self/status]	VmSwap:	       0 kB
20220314 012251.979 INFO             PET0 PIOc_sync Enter - MemInfo: [/proc/self/status]	VmRSSPercent: 0.07203 %
20220314 012251.979 INFO             PET0 PIOc_sync Enter - MemInfo: [malloc] Non-mmapped space allocated:                10240000 Byte
20220314 012251.979 INFO             PET0 PIOc_sync Enter - MemInfo: [malloc] Space allocated in mmapped regions:          7122944 Byte
20220314 012251.979 INFO             PET0 PIOc_sync Enter - MemInfo: [malloc] Maximum total allocated space:                     0 Byte
20220314 012251.979 INFO             PET0 PIOc_sync Enter - MemInfo: [malloc] Space in freed fastbin blocks:                     0 Byte
20220314 012251.979 INFO             PET0 PIOc_sync Enter - MemInfo: [malloc] Total allocated space:                      10122528 Byte
20220314 012251.979 INFO             PET0 PIOc_sync Enter - MemInfo: [malloc] Total free space:                             117472 Byte
20220314 012251.979 INFO             PET0 PIOc_sync Enter - MemInfo: [malloc] Top-most, releasable space:                   117472 Byte
20220314 012251.979 INFO             PET0 PIOc_sync Enter - MemInfo: [malloc] Total space in use, mmap + non-mmap:        17245472 Byte
20220314 012251.979 INFO             PET0 PIOc_sync Enter - MemInfo: [malloc] Total space held (mmap + non-mmap):         17362944 Byte
20220314 012251.979 INFO             PET0 PIOc_sync Enter - MemInfo: [malloc] Total space used (mmap + non-mmap):         17253792 Byte
20220314 012251.979 INFO             PET0 PIOc_sync Enter - MemInfo: Wall-clock time since execution start:               0.154728 seconds
20220314 012251.979 INFO             PET0 PIOc_sync Exit - MemInfo: [/proc/meminfo - SSI]	MemTotal:       65855856 kB
20220314 012251.979 INFO             PET0 PIOc_sync Exit - MemInfo: [/proc/meminfo - SSI]	MemFree:        61194024 kB
20220314 012251.979 INFO             PET0 PIOc_sync Exit - MemInfo: [/proc/meminfo - SSI]	MemAvailable:   60991876 kB
20220314 012251.979 INFO             PET0 PIOc_sync Exit - MemInfo: [/proc/meminfo - SSI]	Committed_AS:    2870900 kB
20220314 012251.979 INFO             PET0 PIOc_sync Exit - MemInfo: [/proc/meminfo - SSI]	CommittedPercent: 4.35937 %
20220314 012251.979 INFO             PET0 PIOc_sync Exit - MemInfo: [/proc/self/status]	VmPeak:	  254580 kB
20220314 012251.979 INFO             PET0 PIOc_sync Exit - MemInfo: [/proc/self/status]	VmSize:	  254580 kB
20220314 012251.979 INFO             PET0 PIOc_sync Exit - MemInfo: [/proc/self/status]	VmLck:	       0 kB
20220314 012251.979 INFO             PET0 PIOc_sync Exit - MemInfo: [/proc/self/status]	VmPin:	       0 kB
20220314 012251.979 INFO             PET0 PIOc_sync Exit - MemInfo: [/proc/self/status]	VmHWM:	   47436 kB
20220314 012251.979 INFO             PET0 PIOc_sync Exit - MemInfo: [/proc/self/status]	VmRSS:	   47436 kB
20220314 012251.979 INFO             PET0 PIOc_sync Exit - MemInfo: [/proc/self/status]	VmData:	   37752 kB
20220314 012251.979 INFO             PET0 PIOc_sync Exit - MemInfo: [/proc/self/status]	VmStk:	     508 kB
20220314 012251.979 INFO             PET0 PIOc_sync Exit - MemInfo: [/proc/self/status]	VmExe:	     888 kB
20220314 012251.979 INFO             PET0 PIOc_sync Exit - MemInfo: [/proc/self/status]	VmLib:	  133788 kB
20220314 012251.980 INFO             PET0 PIOc_sync Exit - MemInfo: [/proc/self/status]	VmPTE:	     420 kB
20220314 012251.980 INFO             PET0 PIOc_sync Exit - MemInfo: [/proc/self/status]	VmPMD:	      12 kB
20220314 012251.980 INFO             PET0 PIOc_sync Exit - MemInfo: [/proc/self/status]	VmSwap:	       0 kB
20220314 012251.980 INFO             PET0 PIOc_sync Exit - MemInfo: [/proc/self/status]	VmRSSPercent: 0.07203 %
20220314 012251.980 INFO             PET0 PIOc_sync Exit - MemInfo: [malloc] Non-mmapped space allocated:                10240000 Byte
20220314 012251.980 INFO             PET0 PIOc_sync Exit - MemInfo: [malloc] Space allocated in mmapped regions:          7122944 Byte
20220314 012251.980 INFO             PET0 PIOc_sync Exit - MemInfo: [malloc] Maximum total allocated space:                     0 Byte
20220314 012251.980 INFO             PET0 PIOc_sync Exit - MemInfo: [malloc] Space in freed fastbin blocks:                     0 Byte
20220314 012251.980 INFO             PET0 PIOc_sync Exit - MemInfo: [malloc] Total allocated space:                      10123152 Byte
20220314 012251.980 INFO             PET0 PIOc_sync Exit - MemInfo: [malloc] Total free space:                             116848 Byte
20220314 012251.980 INFO             PET0 PIOc_sync Exit - MemInfo: [malloc] Top-most, releasable space:                   116784 Byte
20220314 012251.980 INFO             PET0 PIOc_sync Exit - MemInfo: [malloc] Total space in use, mmap + non-mmap:        17246096 Byte
20220314 012251.980 INFO             PET0 PIOc_sync Exit - MemInfo: [malloc] Total space held (mmap + non-mmap):         17362944 Byte
20220314 012251.980 INFO             PET0 PIOc_sync Exit - MemInfo: [malloc] Total space used (mmap + non-mmap):         17254416 Byte
20220314 012251.980 INFO             PET0 PIOc_sync Exit - MemInfo: Wall-clock time since execution start:               0.155229 seconds
20220314 012251.980 INFO             PET0 PIOc_freedecomp Enter - MemInfo: [/proc/meminfo - SSI]	MemTotal:       65855856 kB
20220314 012251.980 INFO             PET0 PIOc_freedecomp Enter - MemInfo: [/proc/meminfo - SSI]	MemFree:        61194024 kB
20220314 012251.980 INFO             PET0 PIOc_freedecomp Enter - MemInfo: [/proc/meminfo - SSI]	MemAvailable:   60991876 kB
20220314 012251.980 INFO             PET0 PIOc_freedecomp Enter - MemInfo: [/proc/meminfo - SSI]	Committed_AS:    2870900 kB
20220314 012251.980 INFO             PET0 PIOc_freedecomp Enter - MemInfo: [/proc/meminfo - SSI]	CommittedPercent: 4.35937 %
20220314 012251.980 INFO             PET0 PIOc_freedecomp Enter - MemInfo: [/proc/self/status]	VmPeak:	  254580 kB
20220314 012251.980 INFO             PET0 PIOc_freedecomp Enter - MemInfo: [/proc/self/status]	VmSize:	  254580 kB
20220314 012251.980 INFO             PET0 PIOc_freedecomp Enter - MemInfo: [/proc/self/status]	VmLck:	       0 kB
20220314 012251.980 INFO             PET0 PIOc_freedecomp Enter - MemInfo: [/proc/self/status]	VmPin:	       0 kB
20220314 012251.980 INFO             PET0 PIOc_freedecomp Enter - MemInfo: [/proc/self/status]	VmHWM:	   47436 kB
20220314 012251.980 INFO             PET0 PIOc_freedecomp Enter - MemInfo: [/proc/self/status]	VmRSS:	   47436 kB
20220314 012251.980 INFO             PET0 PIOc_freedecomp Enter - MemInfo: [/proc/self/status]	VmData:	   37752 kB
20220314 012251.980 INFO             PET0 PIOc_freedecomp Enter - MemInfo: [/proc/self/status]	VmStk:	     508 kB
20220314 012251.980 INFO             PET0 PIOc_freedecomp Enter - MemInfo: [/proc/self/status]	VmExe:	     888 kB
20220314 012251.980 INFO             PET0 PIOc_freedecomp Enter - MemInfo: [/proc/self/status]	VmLib:	  133788 kB
20220314 012251.980 INFO             PET0 PIOc_freedecomp Enter - MemInfo: [/proc/self/status]	VmPTE:	     420 kB
20220314 012251.980 INFO             PET0 PIOc_freedecomp Enter - MemInfo: [/proc/self/status]	VmPMD:	      12 kB
20220314 012251.980 INFO             PET0 PIOc_freedecomp Enter - MemInfo: [/proc/self/status]	VmSwap:	       0 kB
20220314 012251.980 INFO             PET0 PIOc_freedecomp Enter - MemInfo: [/proc/self/status]	VmRSSPercent: 0.07203 %
20220314 012251.980 INFO             PET0 PIOc_freedecomp Enter - MemInfo: [malloc] Non-mmapped space allocated:                10240000 Byte
20220314 012251.980 INFO             PET0 PIOc_freedecomp Enter - MemInfo: [malloc] Space allocated in mmapped regions:          7122944 Byte
20220314 012251.980 INFO             PET0 PIOc_freedecomp Enter - MemInfo: [malloc] Maximum total allocated space:                     0 Byte
20220314 012251.980 INFO             PET0 PIOc_freedecomp Enter - MemInfo: [malloc] Space in freed fastbin blocks:                   192 Byte
20220314 012251.980 INFO             PET0 PIOc_freedecomp Enter - MemInfo: [malloc] Total allocated space:                       1198912 Byte
20220314 012251.980 INFO             PET0 PIOc_freedecomp Enter - MemInfo: [malloc] Total free space:                            9041088 Byte
20220314 012251.980 INFO             PET0 PIOc_freedecomp Enter - MemInfo: [malloc] Top-most, releasable space:                   116448 Byte
20220314 012251.980 INFO             PET0 PIOc_freedecomp Enter - MemInfo: [malloc] Total space in use, mmap + non-mmap:         8321856 Byte
20220314 012251.980 INFO             PET0 PIOc_freedecomp Enter - MemInfo: [malloc] Total space held (mmap + non-mmap):         17362944 Byte
20220314 012251.980 INFO             PET0 PIOc_freedecomp Enter - MemInfo: [malloc] Total space used (mmap + non-mmap):          8330064 Byte
20220314 012251.980 INFO             PET0 PIOc_freedecomp Enter - MemInfo: Wall-clock time since execution start:               0.155848 seconds
20220314 012251.980 INFO             PET0 PIOc_freedecomp Exit - MemInfo: [/proc/meminfo - SSI]	MemTotal:       65855856 kB
20220314 012251.980 INFO             PET0 PIOc_freedecomp Exit - MemInfo: [/proc/meminfo - SSI]	MemFree:        61194024 kB
20220314 012251.980 INFO             PET0 PIOc_freedecomp Exit - MemInfo: [/proc/meminfo - SSI]	MemAvailable:   60991876 kB
20220314 012251.980 INFO             PET0 PIOc_freedecomp Exit - MemInfo: [/proc/meminfo - SSI]	Committed_AS:    2870900 kB
20220314 012251.980 INFO             PET0 PIOc_freedecomp Exit - MemInfo: [/proc/meminfo - SSI]	CommittedPercent: 4.35937 %
20220314 012251.981 INFO             PET0 PIOc_freedecomp Exit - MemInfo: [/proc/self/status]	VmPeak:	  254580 kB
20220314 012251.981 INFO             PET0 PIOc_freedecomp Exit - MemInfo: [/proc/self/status]	VmSize:	  254580 kB
20220314 012251.981 INFO             PET0 PIOc_freedecomp Exit - MemInfo: [/proc/self/status]	VmLck:	       0 kB
20220314 012251.981 INFO             PET0 PIOc_freedecomp Exit - MemInfo: [/proc/self/status]	VmPin:	       0 kB
20220314 012251.981 INFO             PET0 PIOc_freedecomp Exit - MemInfo: [/proc/self/status]	VmHWM:	   47436 kB
20220314 012251.981 INFO             PET0 PIOc_freedecomp Exit - MemInfo: [/proc/self/status]	VmRSS:	   47436 kB
20220314 012251.981 INFO             PET0 PIOc_freedecomp Exit - MemInfo: [/proc/self/status]	VmData:	   37752 kB
20220314 012251.981 INFO             PET0 PIOc_freedecomp Exit - MemInfo: [/proc/self/status]	VmStk:	     508 kB
20220314 012251.981 INFO             PET0 PIOc_freedecomp Exit - MemInfo: [/proc/self/status]	VmExe:	     888 kB
20220314 012251.981 INFO             PET0 PIOc_freedecomp Exit - MemInfo: [/proc/self/status]	VmLib:	  133788 kB
20220314 012251.981 INFO             PET0 PIOc_freedecomp Exit - MemInfo: [/proc/self/status]	VmPTE:	     420 kB
20220314 012251.981 INFO             PET0 PIOc_freedecomp Exit - MemInfo: [/proc/self/status]	VmPMD:	      12 kB
20220314 012251.981 INFO             PET0 PIOc_freedecomp Exit - MemInfo: [/proc/self/status]	VmSwap:	       0 kB
20220314 012251.981 INFO             PET0 PIOc_freedecomp Exit - MemInfo: [/proc/self/status]	VmRSSPercent: 0.07203 %
20220314 012251.981 INFO             PET0 PIOc_freedecomp Exit - MemInfo: [malloc] Non-mmapped space allocated:                10240000 Byte
20220314 012251.981 INFO             PET0 PIOc_freedecomp Exit - MemInfo: [malloc] Space allocated in mmapped regions:          7122944 Byte
20220314 012251.981 INFO             PET0 PIOc_freedecomp Exit - MemInfo: [malloc] Maximum total allocated space:                     0 Byte
20220314 012251.981 INFO             PET0 PIOc_freedecomp Exit - MemInfo: [malloc] Space in freed fastbin blocks:                   896 Byte
20220314 012251.981 INFO             PET0 PIOc_freedecomp Exit - MemInfo: [malloc] Total allocated space:                       1198016 Byte
20220314 012251.981 INFO             PET0 PIOc_freedecomp Exit - MemInfo: [malloc] Total free space:                            9041984 Byte
20220314 012251.981 INFO             PET0 PIOc_freedecomp Exit - MemInfo: [malloc] Top-most, releasable space:                   116672 Byte
20220314 012251.981 INFO             PET0 PIOc_freedecomp Exit - MemInfo: [malloc] Total space in use, mmap + non-mmap:         8320960 Byte
20220314 012251.981 INFO             PET0 PIOc_freedecomp Exit - MemInfo: [malloc] Total space held (mmap + non-mmap):         17362944 Byte
20220314 012251.981 INFO             PET0 PIOc_freedecomp Exit - MemInfo: [malloc] Total space used (mmap + non-mmap):          8329168 Byte
20220314 012251.981 INFO             PET0 PIOc_freedecomp Exit - MemInfo: Wall-clock time since execution start:               0.156401 seconds
20220314 012251.984 INFO             PET0 PIOc_sync Enter - MemInfo: [/proc/meminfo - SSI]	MemTotal:       65855856 kB
20220314 012251.984 INFO             PET0 PIOc_sync Enter - MemInfo: [/proc/meminfo - SSI]	MemFree:        61189992 kB
20220314 012251.984 INFO             PET0 PIOc_sync Enter - MemInfo: [/proc/meminfo - SSI]	MemAvailable:   60987844 kB
20220314 012251.984 INFO             PET0 PIOc_sync Enter - MemInfo: [/proc/meminfo - SSI]	Committed_AS:    2879108 kB
20220314 012251.984 INFO             PET0 PIOc_sync Enter - MemInfo: [/proc/meminfo - SSI]	CommittedPercent: 4.37183 %
20220314 012251.984 INFO             PET0 PIOc_sync Enter - MemInfo: [/proc/self/status]	VmPeak:	  262788 kB
20220314 012251.984 INFO             PET0 PIOc_sync Enter - MemInfo: [/proc/self/status]	VmSize:	  262788 kB
20220314 012251.984 INFO             PET0 PIOc_sync Enter - MemInfo: [/proc/self/status]	VmLck:	       0 kB
20220314 012251.984 INFO             PET0 PIOc_sync Enter - MemInfo: [/proc/self/status]	VmPin:	       0 kB
20220314 012251.984 INFO             PET0 PIOc_sync Enter - MemInfo: [/proc/self/status]	VmHWM:	   51396 kB
20220314 012251.985 INFO             PET0 PIOc_sync Enter - MemInfo: [/proc/self/status]	VmRSS:	   51396 kB
20220314 012251.985 INFO             PET0 PIOc_sync Enter - MemInfo: [/proc/self/status]	VmData:	   45960 kB
20220314 012251.985 INFO             PET0 PIOc_sync Enter - MemInfo: [/proc/self/status]	VmStk:	     508 kB
20220314 012251.985 INFO             PET0 PIOc_sync Enter - MemInfo: [/proc/self/status]	VmExe:	     888 kB
20220314 012251.985 INFO             PET0 PIOc_sync Enter - MemInfo: [/proc/self/status]	VmLib:	  133788 kB
20220314 012251.985 INFO             PET0 PIOc_sync Enter - MemInfo: [/proc/self/status]	VmPTE:	     432 kB
20220314 012251.985 INFO             PET0 PIOc_sync Enter - MemInfo: [/proc/self/status]	VmPMD:	      12 kB
20220314 012251.985 INFO             PET0 PIOc_sync Enter - MemInfo: [/proc/self/status]	VmSwap:	       0 kB
20220314 012251.985 INFO             PET0 PIOc_sync Enter - MemInfo: [/proc/self/status]	VmRSSPercent: 0.0780432 %
20220314 012251.985 INFO             PET0 PIOc_sync Enter - MemInfo: [malloc] Non-mmapped space allocated:                18644992 Byte
20220314 012251.985 INFO             PET0 PIOc_sync Enter - MemInfo: [malloc] Space allocated in mmapped regions:          7122944 Byte
20220314 012251.985 INFO             PET0 PIOc_sync Enter - MemInfo: [malloc] Maximum total allocated space:                     0 Byte
20220314 012251.985 INFO             PET0 PIOc_sync Enter - MemInfo: [malloc] Space in freed fastbin blocks:                   672 Byte
20220314 012251.985 INFO             PET0 PIOc_sync Enter - MemInfo: [malloc] Total allocated space:                      10124704 Byte
20220314 012251.985 INFO             PET0 PIOc_sync Enter - MemInfo: [malloc] Total free space:                            8520288 Byte
20220314 012251.985 INFO             PET0 PIOc_sync Enter - MemInfo: [malloc] Top-most, releasable space:                   133040 Byte
20220314 012251.985 INFO             PET0 PIOc_sync Enter - MemInfo: [malloc] Total space in use, mmap + non-mmap:        17247648 Byte
20220314 012251.985 INFO             PET0 PIOc_sync Enter - MemInfo: [malloc] Total space held (mmap + non-mmap):         25767936 Byte
20220314 012251.985 INFO             PET0 PIOc_sync Enter - MemInfo: [malloc] Total space used (mmap + non-mmap):         17255968 Byte
20220314 012251.985 INFO             PET0 PIOc_sync Enter - MemInfo: Wall-clock time since execution start:               0.160331 seconds
20220314 012251.985 INFO             PET0 PIOc_sync Exit - MemInfo: [/proc/meminfo - SSI]	MemTotal:       65855856 kB
20220314 012251.985 INFO             PET0 PIOc_sync Exit - MemInfo: [/proc/meminfo - SSI]	MemFree:        61189992 kB
20220314 012251.985 INFO             PET0 PIOc_sync Exit - MemInfo: [/proc/meminfo - SSI]	MemAvailable:   60987844 kB
20220314 012251.985 INFO             PET0 PIOc_sync Exit - MemInfo: [/proc/meminfo - SSI]	Committed_AS:    2879108 kB
20220314 012251.985 INFO             PET0 PIOc_sync Exit - MemInfo: [/proc/meminfo - SSI]	CommittedPercent: 4.37183 %
20220314 012251.985 INFO             PET0 PIOc_sync Exit - MemInfo: [/proc/self/status]	VmPeak:	  262788 kB
20220314 012251.985 INFO             PET0 PIOc_sync Exit - MemInfo: [/proc/self/status]	VmSize:	  262788 kB
20220314 012251.985 INFO             PET0 PIOc_sync Exit - MemInfo: [/proc/self/status]	VmLck:	       0 kB
20220314 012251.985 INFO             PET0 PIOc_sync Exit - MemInfo: [/proc/self/status]	VmPin:	       0 kB
20220314 012251.985 INFO             PET0 PIOc_sync Exit - MemInfo: [/proc/self/status]	VmHWM:	   51396 kB
20220314 012251.985 INFO             PET0 PIOc_sync Exit - MemInfo: [/proc/self/status]	VmRSS:	   51396 kB
20220314 012251.985 INFO             PET0 PIOc_sync Exit - MemInfo: [/proc/self/status]	VmData:	   45960 kB
20220314 012251.985 INFO             PET0 PIOc_sync Exit - MemInfo: [/proc/self/status]	VmStk:	     508 kB
20220314 012251.985 INFO             PET0 PIOc_sync Exit - MemInfo: [/proc/self/status]	VmExe:	     888 kB
20220314 012251.985 INFO             PET0 PIOc_sync Exit - MemInfo: [/proc/self/status]	VmLib:	  133788 kB
20220314 012251.985 INFO             PET0 PIOc_sync Exit - MemInfo: [/proc/self/status]	VmPTE:	     432 kB
20220314 012251.985 INFO             PET0 PIOc_sync Exit - MemInfo: [/proc/self/status]	VmPMD:	      12 kB
20220314 012251.985 INFO             PET0 PIOc_sync Exit - MemInfo: [/proc/self/status]	VmSwap:	       0 kB
20220314 012251.985 INFO             PET0 PIOc_sync Exit - MemInfo: [/proc/self/status]	VmRSSPercent: 0.0780432 %
20220314 012251.985 INFO             PET0 PIOc_sync Exit - MemInfo: [malloc] Non-mmapped space allocated:                18644992 Byte
20220314 012251.985 INFO             PET0 PIOc_sync Exit - MemInfo: [malloc] Space allocated in mmapped regions:          7122944 Byte
20220314 012251.985 INFO             PET0 PIOc_sync Exit - MemInfo: [malloc] Maximum total allocated space:                     0 Byte
20220314 012251.985 INFO             PET0 PIOc_sync Exit - MemInfo: [malloc] Space in freed fastbin blocks:                     0 Byte
20220314 012251.985 INFO             PET0 PIOc_sync Exit - MemInfo: [malloc] Total allocated space:                      10125184 Byte
20220314 012251.985 INFO             PET0 PIOc_sync Exit - MemInfo: [malloc] Total free space:                            8519808 Byte
20220314 012251.985 INFO             PET0 PIOc_sync Exit - MemInfo: [malloc] Top-most, releasable space:                   133040 Byte
20220314 012251.985 INFO             PET0 PIOc_sync Exit - MemInfo: [malloc] Total space in use, mmap + non-mmap:        17248128 Byte
20220314 012251.985 INFO             PET0 PIOc_sync Exit - MemInfo: [malloc] Total space held (mmap + non-mmap):         25767936 Byte
20220314 012251.985 INFO             PET0 PIOc_sync Exit - MemInfo: [malloc] Total space used (mmap + non-mmap):         17256448 Byte
20220314 012251.985 INFO             PET0 PIOc_sync Exit - MemInfo: Wall-clock time since execution start:               0.160809 seconds
20220314 012251.985 INFO             PET0 PIOc_freedecomp Enter - MemInfo: [/proc/meminfo - SSI]	MemTotal:       65855856 kB
20220314 012251.986 INFO             PET0 PIOc_freedecomp Enter - MemInfo: [/proc/meminfo - SSI]	MemFree:        61189992 kB
20220314 012251.986 INFO             PET0 PIOc_freedecomp Enter - MemInfo: [/proc/meminfo - SSI]	MemAvailable:   60987844 kB
20220314 012251.986 INFO             PET0 PIOc_freedecomp Enter - MemInfo: [/proc/meminfo - SSI]	Committed_AS:    2879108 kB
20220314 012251.986 INFO             PET0 PIOc_freedecomp Enter - MemInfo: [/proc/meminfo - SSI]	CommittedPercent: 4.37183 %
20220314 012251.986 INFO             PET0 PIOc_freedecomp Enter - MemInfo: [/proc/self/status]	VmPeak:	  262788 kB
20220314 012251.986 INFO             PET0 PIOc_freedecomp Enter - MemInfo: [/proc/self/status]	VmSize:	  262788 kB
20220314 012251.986 INFO             PET0 PIOc_freedecomp Enter - MemInfo: [/proc/self/status]	VmLck:	       0 kB
20220314 012251.986 INFO             PET0 PIOc_freedecomp Enter - MemInfo: [/proc/self/status]	VmPin:	       0 kB
20220314 012251.986 INFO             PET0 PIOc_freedecomp Enter - MemInfo: [/proc/self/status]	VmHWM:	   51396 kB
20220314 012251.986 INFO             PET0 PIOc_freedecomp Enter - MemInfo: [/proc/self/status]	VmRSS:	   51396 kB
20220314 012251.986 INFO             PET0 PIOc_freedecomp Enter - MemInfo: [/proc/self/status]	VmData:	   45960 kB
20220314 012251.986 INFO             PET0 PIOc_freedecomp Enter - MemInfo: [/proc/self/status]	VmStk:	     508 kB
20220314 012251.986 INFO             PET0 PIOc_freedecomp Enter - MemInfo: [/proc/self/status]	VmExe:	     888 kB
20220314 012251.986 INFO             PET0 PIOc_freedecomp Enter - MemInfo: [/proc/self/status]	VmLib:	  133788 kB
20220314 012251.986 INFO             PET0 PIOc_freedecomp Enter - MemInfo: [/proc/self/status]	VmPTE:	     432 kB
20220314 012251.986 INFO             PET0 PIOc_freedecomp Enter - MemInfo: [/proc/self/status]	VmPMD:	      12 kB
20220314 012251.986 INFO             PET0 PIOc_freedecomp Enter - MemInfo: [/proc/self/status]	VmSwap:	       0 kB
20220314 012251.986 INFO             PET0 PIOc_freedecomp Enter - MemInfo: [/proc/self/status]	VmRSSPercent: 0.0780432 %
20220314 012251.986 INFO             PET0 PIOc_freedecomp Enter - MemInfo: [malloc] Non-mmapped space allocated:                18644992 Byte
20220314 012251.986 INFO             PET0 PIOc_freedecomp Enter - MemInfo: [malloc] Space allocated in mmapped regions:          7122944 Byte
20220314 012251.986 INFO             PET0 PIOc_freedecomp Enter - MemInfo: [malloc] Maximum total allocated space:                     0 Byte
20220314 012251.986 INFO             PET0 PIOc_freedecomp Enter - MemInfo: [malloc] Space in freed fastbin blocks:                   272 Byte
20220314 012251.986 INFO             PET0 PIOc_freedecomp Enter - MemInfo: [malloc] Total allocated space:                       1200288 Byte
20220314 012251.986 INFO             PET0 PIOc_freedecomp Enter - MemInfo: [malloc] Total free space:                           17444704 Byte
20220314 012251.986 INFO             PET0 PIOc_freedecomp Enter - MemInfo: [malloc] Top-most, releasable space:                  8521664 Byte
20220314 012251.986 INFO             PET0 PIOc_freedecomp Enter - MemInfo: [malloc] Total space in use, mmap + non-mmap:         8323232 Byte
20220314 012251.986 INFO             PET0 PIOc_freedecomp Enter - MemInfo: [malloc] Total space held (mmap + non-mmap):         25767936 Byte
20220314 012251.986 INFO             PET0 PIOc_freedecomp Enter - MemInfo: [malloc] Total space used (mmap + non-mmap):          8331440 Byte
20220314 012251.986 INFO             PET0 PIOc_freedecomp Enter - MemInfo: Wall-clock time since execution start:                0.16141 seconds
20220314 012251.986 INFO             PET0 PIOc_freedecomp Exit - MemInfo: [/proc/meminfo - SSI]	MemTotal:       65855856 kB
20220314 012251.986 INFO             PET0 PIOc_freedecomp Exit - MemInfo: [/proc/meminfo - SSI]	MemFree:        61189992 kB
20220314 012251.986 INFO             PET0 PIOc_freedecomp Exit - MemInfo: [/proc/meminfo - SSI]	MemAvailable:   60987844 kB
20220314 012251.986 INFO             PET0 PIOc_freedecomp Exit - MemInfo: [/proc/meminfo - SSI]	Committed_AS:    2879108 kB
20220314 012251.986 INFO             PET0 PIOc_freedecomp Exit - MemInfo: [/proc/meminfo - SSI]	CommittedPercent: 4.37183 %
20220314 012251.986 INFO             PET0 PIOc_freedecomp Exit - MemInfo: [/proc/self/status]	VmPeak:	  262788 kB
20220314 012251.986 INFO             PET0 PIOc_freedecomp Exit - MemInfo: [/proc/self/status]	VmSize:	  262788 kB
20220314 012251.986 INFO             PET0 PIOc_freedecomp Exit - MemInfo: [/proc/self/status]	VmLck:	       0 kB
20220314 012251.986 INFO             PET0 PIOc_freedecomp Exit - MemInfo: [/proc/self/status]	VmPin:	       0 kB
20220314 012251.986 INFO             PET0 PIOc_freedecomp Exit - MemInfo: [/proc/self/status]	VmHWM:	   51396 kB
20220314 012251.986 INFO             PET0 PIOc_freedecomp Exit - MemInfo: [/proc/self/status]	VmRSS:	   51396 kB
20220314 012251.986 INFO             PET0 PIOc_freedecomp Exit - MemInfo: [/proc/self/status]	VmData:	   45960 kB
20220314 012251.986 INFO             PET0 PIOc_freedecomp Exit - MemInfo: [/proc/self/status]	VmStk:	     508 kB
20220314 012251.986 INFO             PET0 PIOc_freedecomp Exit - MemInfo: [/proc/self/status]	VmExe:	     888 kB
20220314 012251.986 INFO             PET0 PIOc_freedecomp Exit - MemInfo: [/proc/self/status]	VmLib:	  133788 kB
20220314 012251.986 INFO             PET0 PIOc_freedecomp Exit - MemInfo: [/proc/self/status]	VmPTE:	     432 kB
20220314 012251.986 INFO             PET0 PIOc_freedecomp Exit - MemInfo: [/proc/self/status]	VmPMD:	      12 kB
20220314 012251.986 INFO             PET0 PIOc_freedecomp Exit - MemInfo: [/proc/self/status]	VmSwap:	       0 kB
20220314 012251.986 INFO             PET0 PIOc_freedecomp Exit - MemInfo: [/proc/self/status]	VmRSSPercent: 0.0780432 %
20220314 012251.986 INFO             PET0 PIOc_freedecomp Exit - MemInfo: [malloc] Non-mmapped space allocated:                18644992 Byte
20220314 012251.986 INFO             PET0 PIOc_freedecomp Exit - MemInfo: [malloc] Space allocated in mmapped regions:          7122944 Byte
20220314 012251.986 INFO             PET0 PIOc_freedecomp Exit - MemInfo: [malloc] Maximum total allocated space:                     0 Byte
20220314 012251.986 INFO             PET0 PIOc_freedecomp Exit - MemInfo: [malloc] Space in freed fastbin blocks:                   944 Byte
20220314 012251.986 INFO             PET0 PIOc_freedecomp Exit - MemInfo: [malloc] Total allocated space:                       1199344 Byte
20220314 012251.986 INFO             PET0 PIOc_freedecomp Exit - MemInfo: [malloc] Total free space:                           17445648 Byte
20220314 012251.986 INFO             PET0 PIOc_freedecomp Exit - MemInfo: [malloc] Top-most, releasable space:                  8521664 Byte
20220314 012251.986 INFO             PET0 PIOc_freedecomp Exit - MemInfo: [malloc] Total space in use, mmap + non-mmap:         8322288 Byte
20220314 012251.986 INFO             PET0 PIOc_freedecomp Exit - MemInfo: [malloc] Total space held (mmap + non-mmap):         25767936 Byte
20220314 012251.986 INFO             PET0 PIOc_freedecomp Exit - MemInfo: [malloc] Total space used (mmap + non-mmap):          8330496 Byte
20220314 012251.986 INFO             PET0 PIOc_freedecomp Exit - MemInfo: Wall-clock time since execution start:               0.161874 seconds
20220314 012251.988 INFO             PET0 PIOc_sync Enter - MemInfo: [/proc/meminfo - SSI]	MemTotal:       65855856 kB
20220314 012251.988 INFO             PET0 PIOc_sync Enter - MemInfo: [/proc/meminfo - SSI]	MemFree:        61189992 kB
20220314 012251.988 INFO             PET0 PIOc_sync Enter - MemInfo: [/proc/meminfo - SSI]	MemAvailable:   60987844 kB
20220314 012251.988 INFO             PET0 PIOc_sync Enter - MemInfo: [/proc/meminfo - SSI]	Committed_AS:    2879108 kB
20220314 012251.988 INFO             PET0 PIOc_sync Enter - MemInfo: [/proc/meminfo - SSI]	CommittedPercent: 4.37183 %
20220314 012251.988 INFO             PET0 PIOc_sync Enter - MemInfo: [/proc/self/status]	VmPeak:	  262788 kB
20220314 012251.988 INFO             PET0 PIOc_sync Enter - MemInfo: [/proc/self/status]	VmSize:	  262788 kB
20220314 012251.988 INFO             PET0 PIOc_sync Enter - MemInfo: [/proc/self/status]	VmLck:	       0 kB
20220314 012251.988 INFO             PET0 PIOc_sync Enter - MemInfo: [/proc/self/status]	VmPin:	       0 kB
20220314 012251.988 INFO             PET0 PIOc_sync Enter - MemInfo: [/proc/self/status]	VmHWM:	   51396 kB
20220314 012251.988 INFO             PET0 PIOc_sync Enter - MemInfo: [/proc/self/status]	VmRSS:	   51396 kB
20220314 012251.988 INFO             PET0 PIOc_sync Enter - MemInfo: [/proc/self/status]	VmData:	   45960 kB
20220314 012251.988 INFO             PET0 PIOc_sync Enter - MemInfo: [/proc/self/status]	VmStk:	     508 kB
20220314 012251.988 INFO             PET0 PIOc_sync Enter - MemInfo: [/proc/self/status]	VmExe:	     888 kB
20220314 012251.988 INFO             PET0 PIOc_sync Enter - MemInfo: [/proc/self/status]	VmLib:	  133788 kB
20220314 012251.988 INFO             PET0 PIOc_sync Enter - MemInfo: [/proc/self/status]	VmPTE:	     432 kB
20220314 012251.988 INFO             PET0 PIOc_sync Enter - MemInfo: [/proc/self/status]	VmPMD:	      12 kB
20220314 012251.988 INFO             PET0 PIOc_sync Enter - MemInfo: [/proc/self/status]	VmSwap:	       0 kB
20220314 012251.988 INFO             PET0 PIOc_sync Enter - MemInfo: [/proc/self/status]	VmRSSPercent: 0.0780432 %
20220314 012251.988 INFO             PET0 PIOc_sync Enter - MemInfo: [malloc] Non-mmapped space allocated:                18644992 Byte
20220314 012251.988 INFO             PET0 PIOc_sync Enter - MemInfo: [malloc] Space allocated in mmapped regions:          7122944 Byte
20220314 012251.988 INFO             PET0 PIOc_sync Enter - MemInfo: [malloc] Maximum total allocated space:                     0 Byte
20220314 012251.988 INFO             PET0 PIOc_sync Enter - MemInfo: [malloc] Space in freed fastbin blocks:                  1104 Byte
20220314 012251.988 INFO             PET0 PIOc_sync Enter - MemInfo: [malloc] Total allocated space:                      10126656 Byte
20220314 012251.988 INFO             PET0 PIOc_sync Enter - MemInfo: [malloc] Total free space:                            8518336 Byte
20220314 012251.988 INFO             PET0 PIOc_sync Enter - MemInfo: [malloc] Top-most, releasable space:                   133040 Byte
20220314 012251.988 INFO             PET0 PIOc_sync Enter - MemInfo: [malloc] Total space in use, mmap + non-mmap:        17249600 Byte
20220314 012251.988 INFO             PET0 PIOc_sync Enter - MemInfo: [malloc] Total space held (mmap + non-mmap):         25767936 Byte
20220314 012251.988 INFO             PET0 PIOc_sync Enter - MemInfo: [malloc] Total space used (mmap + non-mmap):         17257808 Byte
20220314 012251.988 INFO             PET0 PIOc_sync Enter - MemInfo: Wall-clock time since execution start:               0.163681 seconds
20220314 012251.988 INFO             PET0 PIOc_sync Exit - MemInfo: [/proc/meminfo - SSI]	MemTotal:       65855856 kB
20220314 012251.988 INFO             PET0 PIOc_sync Exit - MemInfo: [/proc/meminfo - SSI]	MemFree:        61189488 kB
20220314 012251.988 INFO             PET0 PIOc_sync Exit - MemInfo: [/proc/meminfo - SSI]	MemAvailable:   60987340 kB
20220314 012251.988 INFO             PET0 PIOc_sync Exit - MemInfo: [/proc/meminfo - SSI]	Committed_AS:    2879108 kB
20220314 012251.988 INFO             PET0 PIOc_sync Exit - MemInfo: [/proc/meminfo - SSI]	CommittedPercent: 4.37183 %
20220314 012251.988 INFO             PET0 PIOc_sync Exit - MemInfo: [/proc/self/status]	VmPeak:	  262788 kB
20220314 012251.988 INFO             PET0 PIOc_sync Exit - MemInfo: [/proc/self/status]	VmSize:	  262788 kB
20220314 012251.988 INFO             PET0 PIOc_sync Exit - MemInfo: [/proc/self/status]	VmLck:	       0 kB
20220314 012251.988 INFO             PET0 PIOc_sync Exit - MemInfo: [/proc/self/status]	VmPin:	       0 kB
20220314 012251.988 INFO             PET0 PIOc_sync Exit - MemInfo: [/proc/self/status]	VmHWM:	   51396 kB
20220314 012251.988 INFO             PET0 PIOc_sync Exit - MemInfo: [/proc/self/status]	VmRSS:	   51396 kB
20220314 012251.988 INFO             PET0 PIOc_sync Exit - MemInfo: [/proc/self/status]	VmData:	   45960 kB
20220314 012251.988 INFO             PET0 PIOc_sync Exit - MemInfo: [/proc/self/status]	VmStk:	     508 kB
20220314 012251.989 INFO             PET0 PIOc_sync Exit - MemInfo: [/proc/self/status]	VmExe:	     888 kB
20220314 012251.989 INFO             PET0 PIOc_sync Exit - MemInfo: [/proc/self/status]	VmLib:	  133788 kB
20220314 012251.989 INFO             PET0 PIOc_sync Exit - MemInfo: [/proc/self/status]	VmPTE:	     432 kB
20220314 012251.989 INFO             PET0 PIOc_sync Exit - MemInfo: [/proc/self/status]	VmPMD:	      12 kB
20220314 012251.989 INFO             PET0 PIOc_sync Exit - MemInfo: [/proc/self/status]	VmSwap:	       0 kB
20220314 012251.989 INFO             PET0 PIOc_sync Exit - MemInfo: [/proc/self/status]	VmRSSPercent: 0.0780432 %
20220314 012251.989 INFO             PET0 PIOc_sync Exit - MemInfo: [malloc] Non-mmapped space allocated:                18644992 Byte
20220314 012251.989 INFO             PET0 PIOc_sync Exit - MemInfo: [malloc] Space allocated in mmapped regions:          7122944 Byte
20220314 012251.989 INFO             PET0 PIOc_sync Exit - MemInfo: [malloc] Maximum total allocated space:                     0 Byte
20220314 012251.989 INFO             PET0 PIOc_sync Exit - MemInfo: [malloc] Space in freed fastbin blocks:                     0 Byte
20220314 012251.989 INFO             PET0 PIOc_sync Exit - MemInfo: [malloc] Total allocated space:                      10126928 Byte
20220314 012251.989 INFO             PET0 PIOc_sync Exit - MemInfo: [malloc] Total free space:                            8518064 Byte
20220314 012251.989 INFO             PET0 PIOc_sync Exit - MemInfo: [malloc] Top-most, releasable space:                   133040 Byte
20220314 012251.989 INFO             PET0 PIOc_sync Exit - MemInfo: [malloc] Total space in use, mmap + non-mmap:        17249872 Byte
20220314 012251.989 INFO             PET0 PIOc_sync Exit - MemInfo: [malloc] Total space held (mmap + non-mmap):         25767936 Byte
20220314 012251.989 INFO             PET0 PIOc_sync Exit - MemInfo: [malloc] Total space used (mmap + non-mmap):         17258192 Byte
20220314 012251.989 INFO             PET0 PIOc_sync Exit - MemInfo: Wall-clock time since execution start:               0.164242 seconds
20220314 012251.989 INFO             PET0 PIOc_freedecomp Enter - MemInfo: [/proc/meminfo - SSI]	MemTotal:       65855856 kB
20220314 012251.989 INFO             PET0 PIOc_freedecomp Enter - MemInfo: [/proc/meminfo - SSI]	MemFree:        61189488 kB
20220314 012251.989 INFO             PET0 PIOc_freedecomp Enter - MemInfo: [/proc/meminfo - SSI]	MemAvailable:   60987340 kB
20220314 012251.989 INFO             PET0 PIOc_freedecomp Enter - MemInfo: [/proc/meminfo - SSI]	Committed_AS:    2879108 kB
20220314 012251.989 INFO             PET0 PIOc_freedecomp Enter - MemInfo: [/proc/meminfo - SSI]	CommittedPercent: 4.37183 %
20220314 012251.989 INFO             PET0 PIOc_freedecomp Enter - MemInfo: [/proc/self/status]	VmPeak:	  262788 kB
20220314 012251.989 INFO             PET0 PIOc_freedecomp Enter - MemInfo: [/proc/self/status]	VmSize:	  262788 kB
20220314 012251.989 INFO             PET0 PIOc_freedecomp Enter - MemInfo: [/proc/self/status]	VmLck:	       0 kB
20220314 012251.989 INFO             PET0 PIOc_freedecomp Enter - MemInfo: [/proc/self/status]	VmPin:	       0 kB
20220314 012251.989 INFO             PET0 PIOc_freedecomp Enter - MemInfo: [/proc/self/status]	VmHWM:	   51396 kB
20220314 012251.989 INFO             PET0 PIOc_freedecomp Enter - MemInfo: [/proc/self/status]	VmRSS:	   51396 kB
20220314 012251.989 INFO             PET0 PIOc_freedecomp Enter - MemInfo: [/proc/self/status]	VmData:	   45960 kB
20220314 012251.989 INFO             PET0 PIOc_freedecomp Enter - MemInfo: [/proc/self/status]	VmStk:	     508 kB
20220314 012251.989 INFO             PET0 PIOc_freedecomp Enter - MemInfo: [/proc/self/status]	VmExe:	     888 kB
20220314 012251.989 INFO             PET0 PIOc_freedecomp Enter - MemInfo: [/proc/self/status]	VmLib:	  133788 kB
20220314 012251.989 INFO             PET0 PIOc_freedecomp Enter - MemInfo: [/proc/self/status]	VmPTE:	     432 kB
20220314 012251.989 INFO             PET0 PIOc_freedecomp Enter - MemInfo: [/proc/self/status]	VmPMD:	      12 kB
20220314 012251.989 INFO             PET0 PIOc_freedecomp Enter - MemInfo: [/proc/self/status]	VmSwap:	       0 kB
20220314 012251.989 INFO             PET0 PIOc_freedecomp Enter - MemInfo: [/proc/self/status]	VmRSSPercent: 0.0780432 %
20220314 012251.989 INFO             PET0 PIOc_freedecomp Enter - MemInfo: [malloc] Non-mmapped space allocated:                18644992 Byte
20220314 012251.989 INFO             PET0 PIOc_freedecomp Enter - MemInfo: [malloc] Space allocated in mmapped regions:          7122944 Byte
20220314 012251.989 INFO             PET0 PIOc_freedecomp Enter - MemInfo: [malloc] Maximum total allocated space:                     0 Byte
20220314 012251.989 INFO             PET0 PIOc_freedecomp Enter - MemInfo: [malloc] Space in freed fastbin blocks:                   272 Byte
20220314 012251.989 INFO             PET0 PIOc_freedecomp Enter - MemInfo: [malloc] Total allocated space:                       1201040 Byte
20220314 012251.989 INFO             PET0 PIOc_freedecomp Enter - MemInfo: [malloc] Total free space:                           17443952 Byte
20220314 012251.989 INFO             PET0 PIOc_freedecomp Enter - MemInfo: [malloc] Top-most, releasable space:                  8521664 Byte
20220314 012251.989 INFO             PET0 PIOc_freedecomp Enter - MemInfo: [malloc] Total space in use, mmap + non-mmap:         8323984 Byte
20220314 012251.989 INFO             PET0 PIOc_freedecomp Enter - MemInfo: [malloc] Total space held (mmap + non-mmap):         25767936 Byte
20220314 012251.989 INFO             PET0 PIOc_freedecomp Enter - MemInfo: [malloc] Total space used (mmap + non-mmap):          8332192 Byte
20220314 012251.989 INFO             PET0 PIOc_freedecomp Enter - MemInfo: Wall-clock time since execution start:               0.164852 seconds
20220314 012251.989 INFO             PET0 PIOc_freedecomp Exit - MemInfo: [/proc/meminfo - SSI]	MemTotal:       65855856 kB
20220314 012251.989 INFO             PET0 PIOc_freedecomp Exit - MemInfo: [/proc/meminfo - SSI]	MemFree:        61189488 kB
20220314 012251.989 INFO             PET0 PIOc_freedecomp Exit - MemInfo: [/proc/meminfo - SSI]	MemAvailable:   60987340 kB
20220314 012251.989 INFO             PET0 PIOc_freedecomp Exit - MemInfo: [/proc/meminfo - SSI]	Committed_AS:    2879108 kB
20220314 012251.989 INFO             PET0 PIOc_freedecomp Exit - MemInfo: [/proc/meminfo - SSI]	CommittedPercent: 4.37183 %
20220314 012251.989 INFO             PET0 PIOc_freedecomp Exit - MemInfo: [/proc/self/status]	VmPeak:	  262788 kB
20220314 012251.990 INFO             PET0 PIOc_freedecomp Exit - MemInfo: [/proc/self/status]	VmSize:	  262788 kB
20220314 012251.990 INFO             PET0 PIOc_freedecomp Exit - MemInfo: [/proc/self/status]	VmLck:	       0 kB
20220314 012251.990 INFO             PET0 PIOc_freedecomp Exit - MemInfo: [/proc/self/status]	VmPin:	       0 kB
20220314 012251.990 INFO             PET0 PIOc_freedecomp Exit - MemInfo: [/proc/self/status]	VmHWM:	   51396 kB
20220314 012251.990 INFO             PET0 PIOc_freedecomp Exit - MemInfo: [/proc/self/status]	VmRSS:	   51396 kB
20220314 012251.990 INFO             PET0 PIOc_freedecomp Exit - MemInfo: [/proc/self/status]	VmData:	   45960 kB
20220314 012251.990 INFO             PET0 PIOc_freedecomp Exit - MemInfo: [/proc/self/status]	VmStk:	     508 kB
20220314 012251.990 INFO             PET0 PIOc_freedecomp Exit - MemInfo: [/proc/self/status]	VmExe:	     888 kB
20220314 012251.990 INFO             PET0 PIOc_freedecomp Exit - MemInfo: [/proc/self/status]	VmLib:	  133788 kB
20220314 012251.990 INFO             PET0 PIOc_freedecomp Exit - MemInfo: [/proc/self/status]	VmPTE:	     432 kB
20220314 012251.990 INFO             PET0 PIOc_freedecomp Exit - MemInfo: [/proc/self/status]	VmPMD:	      12 kB
20220314 012251.990 INFO             PET0 PIOc_freedecomp Exit - MemInfo: [/proc/self/status]	VmSwap:	       0 kB
20220314 012251.990 INFO             PET0 PIOc_freedecomp Exit - MemInfo: [/proc/self/status]	VmRSSPercent: 0.0780432 %
20220314 012251.990 INFO             PET0 PIOc_freedecomp Exit - MemInfo: [malloc] Non-mmapped space allocated:                18644992 Byte
20220314 012251.990 INFO             PET0 PIOc_freedecomp Exit - MemInfo: [malloc] Space allocated in mmapped regions:          7122944 Byte
20220314 012251.990 INFO             PET0 PIOc_freedecomp Exit - MemInfo: [malloc] Maximum total allocated space:                     0 Byte
20220314 012251.990 INFO             PET0 PIOc_freedecomp Exit - MemInfo: [malloc] Space in freed fastbin blocks:                   928 Byte
20220314 012251.990 INFO             PET0 PIOc_freedecomp Exit - MemInfo: [malloc] Total allocated space:                       1200112 Byte
20220314 012251.990 INFO             PET0 PIOc_freedecomp Exit - MemInfo: [malloc] Total free space:                           17444880 Byte
20220314 012251.990 INFO             PET0 PIOc_freedecomp Exit - MemInfo: [malloc] Top-most, releasable space:                  8521664 Byte
20220314 012251.990 INFO             PET0 PIOc_freedecomp Exit - MemInfo: [malloc] Total space in use, mmap + non-mmap:         8323056 Byte
20220314 012251.990 INFO             PET0 PIOc_freedecomp Exit - MemInfo: [malloc] Total space held (mmap + non-mmap):         25767936 Byte
20220314 012251.990 INFO             PET0 PIOc_freedecomp Exit - MemInfo: [malloc] Total space used (mmap + non-mmap):          8331264 Byte
20220314 012251.990 INFO             PET0 PIOc_freedecomp Exit - MemInfo: Wall-clock time since execution start:               0.165318 seconds
20220314 012251.991 INFO             PET0 PIOc_sync Enter - MemInfo: [/proc/meminfo - SSI]	MemTotal:       65855856 kB
20220314 012251.991 INFO             PET0 PIOc_sync Enter - MemInfo: [/proc/meminfo - SSI]	MemFree:        61189488 kB
20220314 012251.991 INFO             PET0 PIOc_sync Enter - MemInfo: [/proc/meminfo - SSI]	MemAvailable:   60987340 kB
20220314 012251.991 INFO             PET0 PIOc_sync Enter - MemInfo: [/proc/meminfo - SSI]	Committed_AS:    2879108 kB
20220314 012251.991 INFO             PET0 PIOc_sync Enter - MemInfo: [/proc/meminfo - SSI]	CommittedPercent: 4.37183 %
20220314 012251.991 INFO             PET0 PIOc_sync Enter - MemInfo: [/proc/self/status]	VmPeak:	  262788 kB
20220314 012251.991 INFO             PET0 PIOc_sync Enter - MemInfo: [/proc/self/status]	VmSize:	  262788 kB
20220314 012251.991 INFO             PET0 PIOc_sync Enter - MemInfo: [/proc/self/status]	VmLck:	       0 kB
20220314 012251.991 INFO             PET0 PIOc_sync Enter - MemInfo: [/proc/self/status]	VmPin:	       0 kB
20220314 012251.991 INFO             PET0 PIOc_sync Enter - MemInfo: [/proc/self/status]	VmHWM:	   51396 kB
20220314 012251.991 INFO             PET0 PIOc_sync Enter - MemInfo: [/proc/self/status]	VmRSS:	   51396 kB
20220314 012251.991 INFO             PET0 PIOc_sync Enter - MemInfo: [/proc/self/status]	VmData:	   45960 kB
20220314 012251.991 INFO             PET0 PIOc_sync Enter - MemInfo: [/proc/self/status]	VmStk:	     508 kB
20220314 012251.991 INFO             PET0 PIOc_sync Enter - MemInfo: [/proc/self/status]	VmExe:	     888 kB
20220314 012251.991 INFO             PET0 PIOc_sync Enter - MemInfo: [/proc/self/status]	VmLib:	  133788 kB
20220314 012251.991 INFO             PET0 PIOc_sync Enter - MemInfo: [/proc/self/status]	VmPTE:	     432 kB
20220314 012251.991 INFO             PET0 PIOc_sync Enter - MemInfo: [/proc/self/status]	VmPMD:	      12 kB
20220314 012251.991 INFO             PET0 PIOc_sync Enter - MemInfo: [/proc/self/status]	VmSwap:	       0 kB
20220314 012251.991 INFO             PET0 PIOc_sync Enter - MemInfo: [/proc/self/status]	VmRSSPercent: 0.0780432 %
20220314 012251.992 INFO             PET0 PIOc_sync Enter - MemInfo: [malloc] Non-mmapped space allocated:                18644992 Byte
20220314 012251.992 INFO             PET0 PIOc_sync Enter - MemInfo: [malloc] Space allocated in mmapped regions:          7122944 Byte
20220314 012251.992 INFO             PET0 PIOc_sync Enter - MemInfo: [malloc] Maximum total allocated space:                     0 Byte
20220314 012251.992 INFO             PET0 PIOc_sync Enter - MemInfo: [malloc] Space in freed fastbin blocks:                  1792 Byte
20220314 012251.992 INFO             PET0 PIOc_sync Enter - MemInfo: [malloc] Total allocated space:                      10128128 Byte
20220314 012251.992 INFO             PET0 PIOc_sync Enter - MemInfo: [malloc] Total free space:                            8516864 Byte
20220314 012251.992 INFO             PET0 PIOc_sync Enter - MemInfo: [malloc] Top-most, releasable space:                   133040 Byte
20220314 012251.992 INFO             PET0 PIOc_sync Enter - MemInfo: [malloc] Total space in use, mmap + non-mmap:        17251072 Byte
20220314 012251.992 INFO             PET0 PIOc_sync Enter - MemInfo: [malloc] Total space held (mmap + non-mmap):         25767936 Byte
20220314 012251.992 INFO             PET0 PIOc_sync Enter - MemInfo: [malloc] Total space used (mmap + non-mmap):         17259280 Byte
20220314 012251.992 INFO             PET0 PIOc_sync Enter - MemInfo: Wall-clock time since execution start:               0.167143 seconds
20220314 012251.992 INFO             PET0 PIOc_sync Exit - MemInfo: [/proc/meminfo - SSI]	MemTotal:       65855856 kB
20220314 012251.992 INFO             PET0 PIOc_sync Exit - MemInfo: [/proc/meminfo - SSI]	MemFree:        61189488 kB
20220314 012251.992 INFO             PET0 PIOc_sync Exit - MemInfo: [/proc/meminfo - SSI]	MemAvailable:   60987340 kB
20220314 012251.992 INFO             PET0 PIOc_sync Exit - MemInfo: [/proc/meminfo - SSI]	Committed_AS:    2879108 kB
20220314 012251.992 INFO             PET0 PIOc_sync Exit - MemInfo: [/proc/meminfo - SSI]	CommittedPercent: 4.37183 %
20220314 012251.992 INFO             PET0 PIOc_sync Exit - MemInfo: [/proc/self/status]	VmPeak:	  262788 kB
20220314 012251.992 INFO             PET0 PIOc_sync Exit - MemInfo: [/proc/self/status]	VmSize:	  262788 kB
20220314 012251.992 INFO             PET0 PIOc_sync Exit - MemInfo: [/proc/self/status]	VmLck:	       0 kB
20220314 012251.992 INFO             PET0 PIOc_sync Exit - MemInfo: [/proc/self/status]	VmPin:	       0 kB
20220314 012251.992 INFO             PET0 PIOc_sync Exit - MemInfo: [/proc/self/status]	VmHWM:	   51396 kB
20220314 012251.992 INFO             PET0 PIOc_sync Exit - MemInfo: [/proc/self/status]	VmRSS:	   51396 kB
20220314 012251.992 INFO             PET0 PIOc_sync Exit - MemInfo: [/proc/self/status]	VmData:	   45960 kB
20220314 012251.992 INFO             PET0 PIOc_sync Exit - MemInfo: [/proc/self/status]	VmStk:	     508 kB
20220314 012251.992 INFO             PET0 PIOc_sync Exit - MemInfo: [/proc/self/status]	VmExe:	     888 kB
20220314 012251.992 INFO             PET0 PIOc_sync Exit - MemInfo: [/proc/self/status]	VmLib:	  133788 kB
20220314 012251.992 INFO             PET0 PIOc_sync Exit - MemInfo: [/proc/self/status]	VmPTE:	     432 kB
20220314 012251.992 INFO             PET0 PIOc_sync Exit - MemInfo: [/proc/self/status]	VmPMD:	      12 kB
20220314 012251.992 INFO             PET0 PIOc_sync Exit - MemInfo: [/proc/self/status]	VmSwap:	       0 kB
20220314 012251.992 INFO             PET0 PIOc_sync Exit - MemInfo: [/proc/self/status]	VmRSSPercent: 0.0780432 %
20220314 012251.992 INFO             PET0 PIOc_sync Exit - MemInfo: [malloc] Non-mmapped space allocated:                18644992 Byte
20220314 012251.992 INFO             PET0 PIOc_sync Exit - MemInfo: [malloc] Space allocated in mmapped regions:          7122944 Byte
20220314 012251.992 INFO             PET0 PIOc_sync Exit - MemInfo: [malloc] Maximum total allocated space:                     0 Byte
20220314 012251.992 INFO             PET0 PIOc_sync Exit - MemInfo: [malloc] Space in freed fastbin blocks:                     0 Byte
20220314 012251.992 INFO             PET0 PIOc_sync Exit - MemInfo: [malloc] Total allocated space:                      10128480 Byte
20220314 012251.992 INFO             PET0 PIOc_sync Exit - MemInfo: [malloc] Total free space:                            8516512 Byte
20220314 012251.992 INFO             PET0 PIOc_sync Exit - MemInfo: [malloc] Top-most, releasable space:                   133040 Byte
20220314 012251.992 INFO             PET0 PIOc_sync Exit - MemInfo: [malloc] Total space in use, mmap + non-mmap:        17251424 Byte
20220314 012251.992 INFO             PET0 PIOc_sync Exit - MemInfo: [malloc] Total space held (mmap + non-mmap):         25767936 Byte
20220314 012251.992 INFO             PET0 PIOc_sync Exit - MemInfo: [malloc] Total space used (mmap + non-mmap):         17259744 Byte
20220314 012251.992 INFO             PET0 PIOc_sync Exit - MemInfo: Wall-clock time since execution start:               0.167633 seconds
20220314 012251.992 INFO             PET0 PIOc_freedecomp Enter - MemInfo: [/proc/meminfo - SSI]	MemTotal:       65855856 kB
20220314 012251.992 INFO             PET0 PIOc_freedecomp Enter - MemInfo: [/proc/meminfo - SSI]	MemFree:        61189488 kB
20220314 012251.992 INFO             PET0 PIOc_freedecomp Enter - MemInfo: [/proc/meminfo - SSI]	MemAvailable:   60987340 kB
20220314 012251.992 INFO             PET0 PIOc_freedecomp Enter - MemInfo: [/proc/meminfo - SSI]	Committed_AS:    2879108 kB
