build time -- 2022-03-13 00:03:10
20220313 002230.537 INFO             PET0 !!!!!!!!!!!!!!!!!!!!!!!!!!!!!!!!!!!!!!!!!!!!!!!!!!!!!!
20220313 002230.537 INFO             PET0 !!! THE ESMF_LOG IS SET TO OUTPUT ALL LOG MESSAGES !!!
20220313 002230.537 INFO             PET0 !!!     THIS MAY CAUSE SLOWDOWN IN PERFORMANCE     !!!
20220313 002230.537 INFO             PET0 !!! FOR PRODUCTION RUNS, USE:                      !!!
20220313 002230.537 INFO             PET0 !!!                   ESMF_LOGKIND_Multi_On_Error  !!!
20220313 002230.537 INFO             PET0 !!!!!!!!!!!!!!!!!!!!!!!!!!!!!!!!!!!!!!!!!!!!!!!!!!!!!!
20220313 002230.537 INFO             PET0 Running with ESMF Version   : v8.3.0b09-96-g559b459836
20220313 002230.538 INFO             PET0 ESMF library build date/time: "Mar 13 2022" "00:01:08"
20220313 002230.538 INFO             PET0 ESMF library build location : /lustre/f2/dev/ncep/Mark.Potts/intel_2019.5_mpi_g_jedwards_pio_update2
20220313 002230.538 INFO             PET0 ESMF_COMM                   : mpi
20220313 002230.538 INFO             PET0 ESMF_MOAB                   : enabled
20220313 002230.538 INFO             PET0 ESMF_LAPACK                 : enabled
20220313 002230.538 INFO             PET0 ESMF_NETCDF                 : enabled
20220313 002230.538 INFO             PET0 ESMF_PNETCDF                : disabled
20220313 002230.539 INFO             PET0 ESMF_PIO                    : enabled
20220313 002230.539 INFO             PET0 ESMF_YAMLCPP                : enabled
20220313 002230.539 INFO             PET0 Beginning Test, file ESMC_FieldGridRegridCsrvUTest.C, line 69
20220313 002230.539 INFO             PET0 Beginning Test, file ESMC_FieldGridRegridCsrvUTest.C, line 69NUMBER_OF_PROCESSORS 1
20220313 002230.539 INFO             PET0 PASS GridCreate, ESMC_FieldGridRegridCsrvUTest.C, line 114
20220313 002230.540 INFO             PET0 PASS GridAddCoord, ESMC_FieldGridRegridCsrvUTest.C, line 130
20220313 002230.540 INFO             PET0 PASS GridAddItem, ESMC_FieldGridRegridCsrvUTest.C, line 140
20220313 002230.540 INFO             PET0 PASS GridGetItem - mask, ESMC_FieldGridRegridCsrvUTest.C, line 151
20220313 002230.540 INFO             PET0 PASS GridGetCoord - X, ESMC_FieldGridRegridCsrvUTest.C, line 176
20220313 002230.540 INFO             PET0 PASS GridGetCoord - Y, ESMC_FieldGridRegridCsrvUTest.C, line 199
20220313 002230.540 INFO             PET0 PASS GridGetCoord - X, ESMC_FieldGridRegridCsrvUTest.C, line 224
20220313 002230.540 INFO             PET0 PASS GridGetCoord - Y, ESMC_FieldGridRegridCsrvUTest.C, line 247
20220313 002230.540 INFO             PET0 PASS GridAddItem - area, ESMC_FieldGridRegridCsrvUTest.C, line 271
20220313 002230.540 INFO             PET0 PASS GridGetItem - area, ESMC_FieldGridRegridCsrvUTest.C, line 282
20220313 002230.540 INFO             PET0 PASS MeshCreate, ESMC_FieldGridRegridCsrvUTest.C, line 366
20220313 002230.540 INFO             PET0 PASS MeshAddNodes, ESMC_FieldGridRegridCsrvUTest.C, line 374
20220313 002230.540 INFO             PET0 PASS MeshAddElements, ESMC_FieldGridRegridCsrvUTest.C, line 388
20220313 002230.540 INFO             PET0 PASS MeshGetLocalNodeCount, ESMC_FieldGridRegridCsrvUTest.C, line 398
20220313 002230.540 INFO             PET0 PASS MeshGetLocalElementCount, ESMC_FieldGridRegridCsrvUTest.C, line 409
20220313 002230.541 INFO             PET0 PASS Create ESMC_Field object from a Grid via TypeKind, ESMC_FieldGridRegridCsrvUTest.C, line 424
20220313 002230.542 INFO             PET0 PASS Create ESMC_Field object from a Mesh via TypeKind, ESMC_FieldGridRegridCsrvUTest.C, line 433
20220313 002230.542 INFO             PET0 PASS Get a void * C pointer to data from ESMC_Field object, ESMC_FieldGridRegridCsrvUTest.C, line 446
20220313 002230.542 INFO             PET0 PASS Get a void * C pointer to data from ESMC_Field object, ESMC_FieldGridRegridCsrvUTest.C, line 470
20220313 002230.542 INFO             PET0 PASS Create an InterArray for maskValues in ESMC_FieldRegridStore(), ESMC_FieldGridRegridCsrvUTest.C, line 485
20220313 002230.544 INFO             PET0 PASS Create an ESMC_RouteHandle via ESMC_FieldRegridStore(), ESMC_FieldGridRegridCsrvUTest.C, line 510
20220313 002230.544 INFO             PET0 PASS Execute ESMC_FieldRegrid(), ESMC_FieldGridRegridCsrvUTest.C, line 518
20220313 002230.552 INFO             PET0 PIOc_sync Enter - MemInfo: [/proc/meminfo - SSI]	MemTotal:       65855856 kB
20220313 002230.552 INFO             PET0 PIOc_sync Enter - MemInfo: [/proc/meminfo - SSI]	MemFree:        61161248 kB
20220313 002230.552 INFO             PET0 PIOc_sync Enter - MemInfo: [/proc/meminfo - SSI]	MemAvailable:   60959352 kB
20220313 002230.552 INFO             PET0 PIOc_sync Enter - MemInfo: [/proc/meminfo - SSI]	Committed_AS:    2913632 kB
20220313 002230.552 INFO             PET0 PIOc_sync Enter - MemInfo: [/proc/meminfo - SSI]	CommittedPercent: 4.42426 %
20220313 002230.552 INFO             PET0 PIOc_sync Enter - MemInfo: [/proc/self/status]	VmPeak:	  254096 kB
20220313 002230.552 INFO             PET0 PIOc_sync Enter - MemInfo: [/proc/self/status]	VmSize:	  254096 kB
20220313 002230.552 INFO             PET0 PIOc_sync Enter - MemInfo: [/proc/self/status]	VmLck:	       0 kB
20220313 002230.552 INFO             PET0 PIOc_sync Enter - MemInfo: [/proc/self/status]	VmPin:	       0 kB
20220313 002230.552 INFO             PET0 PIOc_sync Enter - MemInfo: [/proc/self/status]	VmHWM:	   46260 kB
20220313 002230.552 INFO             PET0 PIOc_sync Enter - MemInfo: [/proc/self/status]	VmRSS:	   46260 kB
20220313 002230.552 INFO             PET0 PIOc_sync Enter - MemInfo: [/proc/self/status]	VmData:	   37264 kB
20220313 002230.552 INFO             PET0 PIOc_sync Enter - MemInfo: [/proc/self/status]	VmStk:	     508 kB
20220313 002230.553 INFO             PET0 PIOc_sync Enter - MemInfo: [/proc/self/status]	VmExe:	     892 kB
20220313 002230.553 INFO             PET0 PIOc_sync Enter - MemInfo: [/proc/self/status]	VmLib:	  133788 kB
20220313 002230.553 INFO             PET0 PIOc_sync Enter - MemInfo: [/proc/self/status]	VmPTE:	     412 kB
20220313 002230.553 INFO             PET0 PIOc_sync Enter - MemInfo: [/proc/self/status]	VmPMD:	      12 kB
20220313 002230.553 INFO             PET0 PIOc_sync Enter - MemInfo: [/proc/self/status]	VmSwap:	       0 kB
20220313 002230.553 INFO             PET0 PIOc_sync Enter - MemInfo: [/proc/self/status]	VmRSSPercent: 0.0702443 %
20220313 002230.553 INFO             PET0 PIOc_sync Enter - MemInfo: [malloc] Non-mmapped space allocated:                 1150976 Byte
20220313 002230.553 INFO             PET0 PIOc_sync Enter - MemInfo: [malloc] Space allocated in mmapped regions:         15712256 Byte
20220313 002230.553 INFO             PET0 PIOc_sync Enter - MemInfo: [malloc] Maximum total allocated space:                     0 Byte
20220313 002230.553 INFO             PET0 PIOc_sync Enter - MemInfo: [malloc] Space in freed fastbin blocks:                     0 Byte
20220313 002230.553 INFO             PET0 PIOc_sync Enter - MemInfo: [malloc] Total allocated space:                       1141840 Byte
20220313 002230.553 INFO             PET0 PIOc_sync Enter - MemInfo: [malloc] Total free space:                               9136 Byte
20220313 002230.553 INFO             PET0 PIOc_sync Enter - MemInfo: [malloc] Top-most, releasable space:                     9136 Byte
20220313 002230.553 INFO             PET0 PIOc_sync Enter - MemInfo: [malloc] Total space in use, mmap + non-mmap:        16854096 Byte
20220313 002230.553 INFO             PET0 PIOc_sync Enter - MemInfo: [malloc] Total space held (mmap + non-mmap):         16998400 Byte
20220313 002230.553 INFO             PET0 PIOc_sync Enter - MemInfo: [malloc] Total space used (mmap + non-mmap):         16863680 Byte
20220313 002230.553 INFO             PET0 PIOc_sync Enter - MemInfo: Wall-clock time since execution start:              0.0396259 seconds
20220313 002230.553 INFO             PET0 PIOc_sync Exit - MemInfo: [/proc/meminfo - SSI]	MemTotal:       65855856 kB
20220313 002230.553 INFO             PET0 PIOc_sync Exit - MemInfo: [/proc/meminfo - SSI]	MemFree:        61160744 kB
20220313 002230.553 INFO             PET0 PIOc_sync Exit - MemInfo: [/proc/meminfo - SSI]	MemAvailable:   60958848 kB
20220313 002230.553 INFO             PET0 PIOc_sync Exit - MemInfo: [/proc/meminfo - SSI]	Committed_AS:    2913632 kB
20220313 002230.553 INFO             PET0 PIOc_sync Exit - MemInfo: [/proc/meminfo - SSI]	CommittedPercent: 4.42426 %
20220313 002230.553 INFO             PET0 PIOc_sync Exit - MemInfo: [/proc/self/status]	VmPeak:	  254544 kB
20220313 002230.553 INFO             PET0 PIOc_sync Exit - MemInfo: [/proc/self/status]	VmSize:	  254544 kB
20220313 002230.553 INFO             PET0 PIOc_sync Exit - MemInfo: [/proc/self/status]	VmLck:	       0 kB
20220313 002230.553 INFO             PET0 PIOc_sync Exit - MemInfo: [/proc/self/status]	VmPin:	       0 kB
20220313 002230.553 INFO             PET0 PIOc_sync Exit - MemInfo: [/proc/self/status]	VmHWM:	   46600 kB
20220313 002230.553 INFO             PET0 PIOc_sync Exit - MemInfo: [/proc/self/status]	VmRSS:	   46600 kB
20220313 002230.553 INFO             PET0 PIOc_sync Exit - MemInfo: [/proc/self/status]	VmData:	   37712 kB
20220313 002230.553 INFO             PET0 PIOc_sync Exit - MemInfo: [/proc/self/status]	VmStk:	     508 kB
20220313 002230.553 INFO             PET0 PIOc_sync Exit - MemInfo: [/proc/self/status]	VmExe:	     892 kB
20220313 002230.553 INFO             PET0 PIOc_sync Exit - MemInfo: [/proc/self/status]	VmLib:	  133788 kB
20220313 002230.553 INFO             PET0 PIOc_sync Exit - MemInfo: [/proc/self/status]	VmPTE:	     412 kB
20220313 002230.553 INFO             PET0 PIOc_sync Exit - MemInfo: [/proc/self/status]	VmPMD:	      12 kB
20220313 002230.553 INFO             PET0 PIOc_sync Exit - MemInfo: [/proc/self/status]	VmSwap:	       0 kB
20220313 002230.553 INFO             PET0 PIOc_sync Exit - MemInfo: [/proc/self/status]	VmRSSPercent: 0.0707606 %
20220313 002230.553 INFO             PET0 PIOc_sync Exit - MemInfo: [malloc] Non-mmapped space allocated:                 1277952 Byte
20220313 002230.553 INFO             PET0 PIOc_sync Exit - MemInfo: [malloc] Space allocated in mmapped regions:         16044032 Byte
20220313 002230.553 INFO             PET0 PIOc_sync Exit - MemInfo: [malloc] Maximum total allocated space:                     0 Byte
20220313 002230.553 INFO             PET0 PIOc_sync Exit - MemInfo: [malloc] Space in freed fastbin blocks:                     0 Byte
20220313 002230.553 INFO             PET0 PIOc_sync Exit - MemInfo: [malloc] Total allocated space:                       1210272 Byte
20220313 002230.553 INFO             PET0 PIOc_sync Exit - MemInfo: [malloc] Total free space:                              67680 Byte
20220313 002230.553 INFO             PET0 PIOc_sync Exit - MemInfo: [malloc] Top-most, releasable space:                    67680 Byte
20220313 002230.553 INFO             PET0 PIOc_sync Exit - MemInfo: [malloc] Total space in use, mmap + non-mmap:        17254304 Byte
20220313 002230.553 INFO             PET0 PIOc_sync Exit - MemInfo: [malloc] Total space held (mmap + non-mmap):         17321984 Byte
20220313 002230.553 INFO             PET0 PIOc_sync Exit - MemInfo: [malloc] Total space used (mmap + non-mmap):         17262736 Byte
20220313 002230.554 INFO             PET0 PIOc_sync Exit - MemInfo: Wall-clock time since execution start:               0.040395 seconds
20220313 002230.554 INFO             PET0 PIOc_freedecomp Enter - MemInfo: [/proc/meminfo - SSI]	MemTotal:       65855856 kB
20220313 002230.554 INFO             PET0 PIOc_freedecomp Enter - MemInfo: [/proc/meminfo - SSI]	MemFree:        61167808 kB
20220313 002230.554 INFO             PET0 PIOc_freedecomp Enter - MemInfo: [/proc/meminfo - SSI]	MemAvailable:   60965916 kB
20220313 002230.554 INFO             PET0 PIOc_freedecomp Enter - MemInfo: [/proc/meminfo - SSI]	Committed_AS:    2905884 kB
20220313 002230.554 INFO             PET0 PIOc_freedecomp Enter - MemInfo: [/proc/meminfo - SSI]	CommittedPercent: 4.41249 %
20220313 002230.554 INFO             PET0 PIOc_freedecomp Enter - MemInfo: [/proc/self/status]	VmPeak:	  254544 kB
20220313 002230.554 INFO             PET0 PIOc_freedecomp Enter - MemInfo: [/proc/self/status]	VmSize:	  245832 kB
20220313 002230.554 INFO             PET0 PIOc_freedecomp Enter - MemInfo: [/proc/self/status]	VmLck:	       0 kB
20220313 002230.554 INFO             PET0 PIOc_freedecomp Enter - MemInfo: [/proc/self/status]	VmPin:	       0 kB
20220313 002230.554 INFO             PET0 PIOc_freedecomp Enter - MemInfo: [/proc/self/status]	VmHWM:	   46600 kB
20220313 002230.554 INFO             PET0 PIOc_freedecomp Enter - MemInfo: [/proc/self/status]	VmRSS:	   38636 kB
20220313 002230.554 INFO             PET0 PIOc_freedecomp Enter - MemInfo: [/proc/self/status]	VmData:	   29000 kB
20220313 002230.554 INFO             PET0 PIOc_freedecomp Enter - MemInfo: [/proc/self/status]	VmStk:	     508 kB
20220313 002230.554 INFO             PET0 PIOc_freedecomp Enter - MemInfo: [/proc/self/status]	VmExe:	     892 kB
20220313 002230.554 INFO             PET0 PIOc_freedecomp Enter - MemInfo: [/proc/self/status]	VmLib:	  133788 kB
20220313 002230.554 INFO             PET0 PIOc_freedecomp Enter - MemInfo: [/proc/self/status]	VmPTE:	     396 kB
20220313 002230.554 INFO             PET0 PIOc_freedecomp Enter - MemInfo: [/proc/self/status]	VmPMD:	      12 kB
20220313 002230.554 INFO             PET0 PIOc_freedecomp Enter - MemInfo: [/proc/self/status]	VmSwap:	       0 kB
20220313 002230.554 INFO             PET0 PIOc_freedecomp Enter - MemInfo: [/proc/self/status]	VmRSSPercent: 0.0586675 %
20220313 002230.554 INFO             PET0 PIOc_freedecomp Enter - MemInfo: [malloc] Non-mmapped space allocated:                 1277952 Byte
20220313 002230.554 INFO             PET0 PIOc_freedecomp Enter - MemInfo: [malloc] Space allocated in mmapped regions:          7122944 Byte
20220313 002230.554 INFO             PET0 PIOc_freedecomp Enter - MemInfo: [malloc] Maximum total allocated space:                     0 Byte
20220313 002230.554 INFO             PET0 PIOc_freedecomp Enter - MemInfo: [malloc] Space in freed fastbin blocks:                   256 Byte
20220313 002230.554 INFO             PET0 PIOc_freedecomp Enter - MemInfo: [malloc] Total allocated space:                       1200080 Byte
20220313 002230.554 INFO             PET0 PIOc_freedecomp Enter - MemInfo: [malloc] Total free space:                              77872 Byte
20220313 002230.554 INFO             PET0 PIOc_freedecomp Enter - MemInfo: [malloc] Top-most, releasable space:                    67120 Byte
20220313 002230.554 INFO             PET0 PIOc_freedecomp Enter - MemInfo: [malloc] Total space in use, mmap + non-mmap:         8323024 Byte
20220313 002230.554 INFO             PET0 PIOc_freedecomp Enter - MemInfo: [malloc] Total space held (mmap + non-mmap):          8400896 Byte
20220313 002230.554 INFO             PET0 PIOc_freedecomp Enter - MemInfo: [malloc] Total space used (mmap + non-mmap):          8331456 Byte
20220313 002230.554 INFO             PET0 PIOc_freedecomp Enter - MemInfo: Wall-clock time since execution start:               0.041307 seconds
20220313 002230.554 INFO             PET0 PIOc_freedecomp Exit - MemInfo: [/proc/meminfo - SSI]	MemTotal:       65855856 kB
20220313 002230.554 INFO             PET0 PIOc_freedecomp Exit - MemInfo: [/proc/meminfo - SSI]	MemFree:        61167808 kB
20220313 002230.554 INFO             PET0 PIOc_freedecomp Exit - MemInfo: [/proc/meminfo - SSI]	MemAvailable:   60965916 kB
20220313 002230.554 INFO             PET0 PIOc_freedecomp Exit - MemInfo: [/proc/meminfo - SSI]	Committed_AS:    2905884 kB
20220313 002230.555 INFO             PET0 PIOc_freedecomp Exit - MemInfo: [/proc/meminfo - SSI]	CommittedPercent: 4.41249 %
20220313 002230.555 INFO             PET0 PIOc_freedecomp Exit - MemInfo: [/proc/self/status]	VmPeak:	  254544 kB
20220313 002230.555 INFO             PET0 PIOc_freedecomp Exit - MemInfo: [/proc/self/status]	VmSize:	  245832 kB
20220313 002230.555 INFO             PET0 PIOc_freedecomp Exit - MemInfo: [/proc/self/status]	VmLck:	       0 kB
20220313 002230.555 INFO             PET0 PIOc_freedecomp Exit - MemInfo: [/proc/self/status]	VmPin:	       0 kB
20220313 002230.555 INFO             PET0 PIOc_freedecomp Exit - MemInfo: [/proc/self/status]	VmHWM:	   46600 kB
20220313 002230.555 INFO             PET0 PIOc_freedecomp Exit - MemInfo: [/proc/self/status]	VmRSS:	   38636 kB
20220313 002230.555 INFO             PET0 PIOc_freedecomp Exit - MemInfo: [/proc/self/status]	VmData:	   29000 kB
20220313 002230.555 INFO             PET0 PIOc_freedecomp Exit - MemInfo: [/proc/self/status]	VmStk:	     508 kB
20220313 002230.555 INFO             PET0 PIOc_freedecomp Exit - MemInfo: [/proc/self/status]	VmExe:	     892 kB
20220313 002230.555 INFO             PET0 PIOc_freedecomp Exit - MemInfo: [/proc/self/status]	VmLib:	  133788 kB
20220313 002230.555 INFO             PET0 PIOc_freedecomp Exit - MemInfo: [/proc/self/status]	VmPTE:	     396 kB
20220313 002230.555 INFO             PET0 PIOc_freedecomp Exit - MemInfo: [/proc/self/status]	VmPMD:	      12 kB
20220313 002230.555 INFO             PET0 PIOc_freedecomp Exit - MemInfo: [/proc/self/status]	VmSwap:	       0 kB
20220313 002230.555 INFO             PET0 PIOc_freedecomp Exit - MemInfo: [/proc/self/status]	VmRSSPercent: 0.0586675 %
20220313 002230.555 INFO             PET0 PIOc_freedecomp Exit - MemInfo: [malloc] Non-mmapped space allocated:                 1277952 Byte
20220313 002230.555 INFO             PET0 PIOc_freedecomp Exit - MemInfo: [malloc] Space allocated in mmapped regions:          7122944 Byte
20220313 002230.555 INFO             PET0 PIOc_freedecomp Exit - MemInfo: [malloc] Maximum total allocated space:                     0 Byte
20220313 002230.555 INFO             PET0 PIOc_freedecomp Exit - MemInfo: [malloc] Space in freed fastbin blocks:                   800 Byte
20220313 002230.555 INFO             PET0 PIOc_freedecomp Exit - MemInfo: [malloc] Total allocated space:                       1199728 Byte
20220313 002230.555 INFO             PET0 PIOc_freedecomp Exit - MemInfo: [malloc] Total free space:                              78224 Byte
20220313 002230.555 INFO             PET0 PIOc_freedecomp Exit - MemInfo: [malloc] Top-most, releasable space:                    67120 Byte
20220313 002230.555 INFO             PET0 PIOc_freedecomp Exit - MemInfo: [malloc] Total space in use, mmap + non-mmap:         8322672 Byte
20220313 002230.555 INFO             PET0 PIOc_freedecomp Exit - MemInfo: [malloc] Total space held (mmap + non-mmap):          8400896 Byte
20220313 002230.555 INFO             PET0 PIOc_freedecomp Exit - MemInfo: [malloc] Total space used (mmap + non-mmap):          8330992 Byte
20220313 002230.555 INFO             PET0 PIOc_freedecomp Exit - MemInfo: Wall-clock time since execution start:               0.041723 seconds
20220313 002230.557 INFO             PET0 PIOc_sync Enter - MemInfo: [/proc/meminfo - SSI]	MemTotal:       65855856 kB
20220313 002230.557 INFO             PET0 PIOc_sync Enter - MemInfo: [/proc/meminfo - SSI]	MemFree:        61165288 kB
20220313 002230.557 INFO             PET0 PIOc_sync Enter - MemInfo: [/proc/meminfo - SSI]	MemAvailable:   60963396 kB
20220313 002230.557 INFO             PET0 PIOc_sync Enter - MemInfo: [/proc/meminfo - SSI]	Committed_AS:    2914136 kB
20220313 002230.557 INFO             PET0 PIOc_sync Enter - MemInfo: [/proc/meminfo - SSI]	CommittedPercent: 4.42502 %
20220313 002230.557 INFO             PET0 PIOc_sync Enter - MemInfo: [/proc/self/status]	VmPeak:	  254600 kB
20220313 002230.557 INFO             PET0 PIOc_sync Enter - MemInfo: [/proc/self/status]	VmSize:	  254600 kB
20220313 002230.557 INFO             PET0 PIOc_sync Enter - MemInfo: [/proc/self/status]	VmLck:	       0 kB
20220313 002230.557 INFO             PET0 PIOc_sync Enter - MemInfo: [/proc/self/status]	VmPin:	       0 kB
20220313 002230.557 INFO             PET0 PIOc_sync Enter - MemInfo: [/proc/self/status]	VmHWM:	   46600 kB
20220313 002230.557 INFO             PET0 PIOc_sync Enter - MemInfo: [/proc/self/status]	VmRSS:	   42592 kB
20220313 002230.557 INFO             PET0 PIOc_sync Enter - MemInfo: [/proc/self/status]	VmData:	   37768 kB
20220313 002230.557 INFO             PET0 PIOc_sync Enter - MemInfo: [/proc/self/status]	VmStk:	     508 kB
20220313 002230.557 INFO             PET0 PIOc_sync Enter - MemInfo: [/proc/self/status]	VmExe:	     892 kB
20220313 002230.557 INFO             PET0 PIOc_sync Enter - MemInfo: [/proc/self/status]	VmLib:	  133788 kB
20220313 002230.557 INFO             PET0 PIOc_sync Enter - MemInfo: [/proc/self/status]	VmPTE:	     408 kB
20220313 002230.558 INFO             PET0 PIOc_sync Enter - MemInfo: [/proc/self/status]	VmPMD:	      12 kB
20220313 002230.558 INFO             PET0 PIOc_sync Enter - MemInfo: [/proc/self/status]	VmSwap:	       0 kB
20220313 002230.558 INFO             PET0 PIOc_sync Enter - MemInfo: [/proc/self/status]	VmRSSPercent: 0.0646746 %
20220313 002230.558 INFO             PET0 PIOc_sync Enter - MemInfo: [malloc] Non-mmapped space allocated:                10256384 Byte
20220313 002230.558 INFO             PET0 PIOc_sync Enter - MemInfo: [malloc] Space allocated in mmapped regions:          7122944 Byte
20220313 002230.558 INFO             PET0 PIOc_sync Enter - MemInfo: [malloc] Maximum total allocated space:                     0 Byte
20220313 002230.558 INFO             PET0 PIOc_sync Enter - MemInfo: [malloc] Space in freed fastbin blocks:                   528 Byte
20220313 002230.558 INFO             PET0 PIOc_sync Enter - MemInfo: [malloc] Total allocated space:                      10128512 Byte
20220313 002230.558 INFO             PET0 PIOc_sync Enter - MemInfo: [malloc] Total free space:                             127872 Byte
20220313 002230.558 INFO             PET0 PIOc_sync Enter - MemInfo: [malloc] Top-most, releasable space:                   127280 Byte
20220313 002230.558 INFO             PET0 PIOc_sync Enter - MemInfo: [malloc] Total space in use, mmap + non-mmap:        17251456 Byte
20220313 002230.558 INFO             PET0 PIOc_sync Enter - MemInfo: [malloc] Total space held (mmap + non-mmap):         17379328 Byte
20220313 002230.558 INFO             PET0 PIOc_sync Enter - MemInfo: [malloc] Total space used (mmap + non-mmap):         17259776 Byte
20220313 002230.558 INFO             PET0 PIOc_sync Enter - MemInfo: Wall-clock time since execution start:              0.0446289 seconds
20220313 002230.558 INFO             PET0 PIOc_sync Exit - MemInfo: [/proc/meminfo - SSI]	MemTotal:       65855856 kB
20220313 002230.558 INFO             PET0 PIOc_sync Exit - MemInfo: [/proc/meminfo - SSI]	MemFree:        61165288 kB
20220313 002230.558 INFO             PET0 PIOc_sync Exit - MemInfo: [/proc/meminfo - SSI]	MemAvailable:   60963396 kB
20220313 002230.558 INFO             PET0 PIOc_sync Exit - MemInfo: [/proc/meminfo - SSI]	Committed_AS:    2914136 kB
20220313 002230.558 INFO             PET0 PIOc_sync Exit - MemInfo: [/proc/meminfo - SSI]	CommittedPercent: 4.42502 %
20220313 002230.558 INFO             PET0 PIOc_sync Exit - MemInfo: [/proc/self/status]	VmPeak:	  254600 kB
20220313 002230.558 INFO             PET0 PIOc_sync Exit - MemInfo: [/proc/self/status]	VmSize:	  254600 kB
20220313 002230.558 INFO             PET0 PIOc_sync Exit - MemInfo: [/proc/self/status]	VmLck:	       0 kB
20220313 002230.558 INFO             PET0 PIOc_sync Exit - MemInfo: [/proc/self/status]	VmPin:	       0 kB
20220313 002230.558 INFO             PET0 PIOc_sync Exit - MemInfo: [/proc/self/status]	VmHWM:	   46600 kB
20220313 002230.558 INFO             PET0 PIOc_sync Exit - MemInfo: [/proc/self/status]	VmRSS:	   42592 kB
20220313 002230.558 INFO             PET0 PIOc_sync Exit - MemInfo: [/proc/self/status]	VmData:	   37768 kB
20220313 002230.558 INFO             PET0 PIOc_sync Exit - MemInfo: [/proc/self/status]	VmStk:	     508 kB
20220313 002230.558 INFO             PET0 PIOc_sync Exit - MemInfo: [/proc/self/status]	VmExe:	     892 kB
20220313 002230.558 INFO             PET0 PIOc_sync Exit - MemInfo: [/proc/self/status]	VmLib:	  133788 kB
20220313 002230.558 INFO             PET0 PIOc_sync Exit - MemInfo: [/proc/self/status]	VmPTE:	     408 kB
20220313 002230.558 INFO             PET0 PIOc_sync Exit - MemInfo: [/proc/self/status]	VmPMD:	      12 kB
20220313 002230.558 INFO             PET0 PIOc_sync Exit - MemInfo: [/proc/self/status]	VmSwap:	       0 kB
20220313 002230.558 INFO             PET0 PIOc_sync Exit - MemInfo: [/proc/self/status]	VmRSSPercent: 0.0646746 %
20220313 002230.558 INFO             PET0 PIOc_sync Exit - MemInfo: [malloc] Non-mmapped space allocated:                10256384 Byte
20220313 002230.558 INFO             PET0 PIOc_sync Exit - MemInfo: [malloc] Space allocated in mmapped regions:          7122944 Byte
20220313 002230.558 INFO             PET0 PIOc_sync Exit - MemInfo: [malloc] Maximum total allocated space:                     0 Byte
20220313 002230.558 INFO             PET0 PIOc_sync Exit - MemInfo: [malloc] Space in freed fastbin blocks:                    80 Byte
20220313 002230.558 INFO             PET0 PIOc_sync Exit - MemInfo: [malloc] Total allocated space:                      10129328 Byte
20220313 002230.558 INFO             PET0 PIOc_sync Exit - MemInfo: [malloc] Total free space:                             127056 Byte
20220313 002230.558 INFO             PET0 PIOc_sync Exit - MemInfo: [malloc] Top-most, releasable space:                   126944 Byte
20220313 002230.558 INFO             PET0 PIOc_sync Exit - MemInfo: [malloc] Total space in use, mmap + non-mmap:        17252272 Byte
20220313 002230.558 INFO             PET0 PIOc_sync Exit - MemInfo: [malloc] Total space held (mmap + non-mmap):         17379328 Byte
20220313 002230.558 INFO             PET0 PIOc_sync Exit - MemInfo: [malloc] Total space used (mmap + non-mmap):         17260592 Byte
20220313 002230.558 INFO             PET0 PIOc_sync Exit - MemInfo: Wall-clock time since execution start:              0.0450659 seconds
20220313 002230.558 INFO             PET0 PIOc_freedecomp Enter - MemInfo: [/proc/meminfo - SSI]	MemTotal:       65855856 kB
20220313 002230.558 INFO             PET0 PIOc_freedecomp Enter - MemInfo: [/proc/meminfo - SSI]	MemFree:        61164784 kB
20220313 002230.558 INFO             PET0 PIOc_freedecomp Enter - MemInfo: [/proc/meminfo - SSI]	MemAvailable:   60962892 kB
20220313 002230.558 INFO             PET0 PIOc_freedecomp Enter - MemInfo: [/proc/meminfo - SSI]	Committed_AS:    2914136 kB
20220313 002230.558 INFO             PET0 PIOc_freedecomp Enter - MemInfo: [/proc/meminfo - SSI]	CommittedPercent: 4.42502 %
20220313 002230.558 INFO             PET0 PIOc_freedecomp Enter - MemInfo: [/proc/self/status]	VmPeak:	  254600 kB
20220313 002230.558 INFO             PET0 PIOc_freedecomp Enter - MemInfo: [/proc/self/status]	VmSize:	  254600 kB
20220313 002230.558 INFO             PET0 PIOc_freedecomp Enter - MemInfo: [/proc/self/status]	VmLck:	       0 kB
20220313 002230.558 INFO             PET0 PIOc_freedecomp Enter - MemInfo: [/proc/self/status]	VmPin:	       0 kB
20220313 002230.558 INFO             PET0 PIOc_freedecomp Enter - MemInfo: [/proc/self/status]	VmHWM:	   46600 kB
20220313 002230.558 INFO             PET0 PIOc_freedecomp Enter - MemInfo: [/proc/self/status]	VmRSS:	   42592 kB
20220313 002230.558 INFO             PET0 PIOc_freedecomp Enter - MemInfo: [/proc/self/status]	VmData:	   37768 kB
20220313 002230.558 INFO             PET0 PIOc_freedecomp Enter - MemInfo: [/proc/self/status]	VmStk:	     508 kB
20220313 002230.558 INFO             PET0 PIOc_freedecomp Enter - MemInfo: [/proc/self/status]	VmExe:	     892 kB
20220313 002230.559 INFO             PET0 PIOc_freedecomp Enter - MemInfo: [/proc/self/status]	VmLib:	  133788 kB
20220313 002230.559 INFO             PET0 PIOc_freedecomp Enter - MemInfo: [/proc/self/status]	VmPTE:	     408 kB
20220313 002230.559 INFO             PET0 PIOc_freedecomp Enter - MemInfo: [/proc/self/status]	VmPMD:	      12 kB
20220313 002230.559 INFO             PET0 PIOc_freedecomp Enter - MemInfo: [/proc/self/status]	VmSwap:	       0 kB
20220313 002230.559 INFO             PET0 PIOc_freedecomp Enter - MemInfo: [/proc/self/status]	VmRSSPercent: 0.0646746 %
20220313 002230.559 INFO             PET0 PIOc_freedecomp Enter - MemInfo: [malloc] Non-mmapped space allocated:                10256384 Byte
20220313 002230.559 INFO             PET0 PIOc_freedecomp Enter - MemInfo: [malloc] Space allocated in mmapped regions:          7122944 Byte
20220313 002230.559 INFO             PET0 PIOc_freedecomp Enter - MemInfo: [malloc] Maximum total allocated space:                     0 Byte
20220313 002230.559 INFO             PET0 PIOc_freedecomp Enter - MemInfo: [malloc] Space in freed fastbin blocks:                   272 Byte
20220313 002230.559 INFO             PET0 PIOc_freedecomp Enter - MemInfo: [malloc] Total allocated space:                       1205008 Byte
20220313 002230.559 INFO             PET0 PIOc_freedecomp Enter - MemInfo: [malloc] Total free space:                            9051376 Byte
20220313 002230.559 INFO             PET0 PIOc_freedecomp Enter - MemInfo: [malloc] Top-most, releasable space:                   126608 Byte
20220313 002230.559 INFO             PET0 PIOc_freedecomp Enter - MemInfo: [malloc] Total space in use, mmap + non-mmap:         8327952 Byte
20220313 002230.559 INFO             PET0 PIOc_freedecomp Enter - MemInfo: [malloc] Total space held (mmap + non-mmap):         17379328 Byte
20220313 002230.559 INFO             PET0 PIOc_freedecomp Enter - MemInfo: [malloc] Total space used (mmap + non-mmap):          8336160 Byte
20220313 002230.559 INFO             PET0 PIOc_freedecomp Enter - MemInfo: Wall-clock time since execution start:               0.045614 seconds
20220313 002230.559 INFO             PET0 PIOc_freedecomp Exit - MemInfo: [/proc/meminfo - SSI]	MemTotal:       65855856 kB
20220313 002230.559 INFO             PET0 PIOc_freedecomp Exit - MemInfo: [/proc/meminfo - SSI]	MemFree:        61164784 kB
20220313 002230.559 INFO             PET0 PIOc_freedecomp Exit - MemInfo: [/proc/meminfo - SSI]	MemAvailable:   60962892 kB
20220313 002230.559 INFO             PET0 PIOc_freedecomp Exit - MemInfo: [/proc/meminfo - SSI]	Committed_AS:    2914136 kB
20220313 002230.559 INFO             PET0 PIOc_freedecomp Exit - MemInfo: [/proc/meminfo - SSI]	CommittedPercent: 4.42502 %
20220313 002230.559 INFO             PET0 PIOc_freedecomp Exit - MemInfo: [/proc/self/status]	VmPeak:	  254600 kB
20220313 002230.559 INFO             PET0 PIOc_freedecomp Exit - MemInfo: [/proc/self/status]	VmSize:	  254600 kB
20220313 002230.559 INFO             PET0 PIOc_freedecomp Exit - MemInfo: [/proc/self/status]	VmLck:	       0 kB
20220313 002230.559 INFO             PET0 PIOc_freedecomp Exit - MemInfo: [/proc/self/status]	VmPin:	       0 kB
20220313 002230.559 INFO             PET0 PIOc_freedecomp Exit - MemInfo: [/proc/self/status]	VmHWM:	   46600 kB
20220313 002230.559 INFO             PET0 PIOc_freedecomp Exit - MemInfo: [/proc/self/status]	VmRSS:	   42592 kB
20220313 002230.559 INFO             PET0 PIOc_freedecomp Exit - MemInfo: [/proc/self/status]	VmData:	   37768 kB
20220313 002230.559 INFO             PET0 PIOc_freedecomp Exit - MemInfo: [/proc/self/status]	VmStk:	     508 kB
20220313 002230.559 INFO             PET0 PIOc_freedecomp Exit - MemInfo: [/proc/self/status]	VmExe:	     892 kB
20220313 002230.559 INFO             PET0 PIOc_freedecomp Exit - MemInfo: [/proc/self/status]	VmLib:	  133788 kB
20220313 002230.559 INFO             PET0 PIOc_freedecomp Exit - MemInfo: [/proc/self/status]	VmPTE:	     408 kB
20220313 002230.559 INFO             PET0 PIOc_freedecomp Exit - MemInfo: [/proc/self/status]	VmPMD:	      12 kB
20220313 002230.559 INFO             PET0 PIOc_freedecomp Exit - MemInfo: [/proc/self/status]	VmSwap:	       0 kB
20220313 002230.559 INFO             PET0 PIOc_freedecomp Exit - MemInfo: [/proc/self/status]	VmRSSPercent: 0.0646746 %
20220313 002230.559 INFO             PET0 PIOc_freedecomp Exit - MemInfo: [malloc] Non-mmapped space allocated:                10256384 Byte
20220313 002230.559 INFO             PET0 PIOc_freedecomp Exit - MemInfo: [malloc] Space allocated in mmapped regions:          7122944 Byte
20220313 002230.559 INFO             PET0 PIOc_freedecomp Exit - MemInfo: [malloc] Maximum total allocated space:                     0 Byte
20220313 002230.559 INFO             PET0 PIOc_freedecomp Exit - MemInfo: [malloc] Space in freed fastbin blocks:                   896 Byte
20220313 002230.559 INFO             PET0 PIOc_freedecomp Exit - MemInfo: [malloc] Total allocated space:                       1204112 Byte
20220313 002230.559 INFO             PET0 PIOc_freedecomp Exit - MemInfo: [malloc] Total free space:                            9052272 Byte
20220313 002230.559 INFO             PET0 PIOc_freedecomp Exit - MemInfo: [malloc] Top-most, releasable space:                   126608 Byte
20220313 002230.559 INFO             PET0 PIOc_freedecomp Exit - MemInfo: [malloc] Total space in use, mmap + non-mmap:         8327056 Byte
20220313 002230.559 INFO             PET0 PIOc_freedecomp Exit - MemInfo: [malloc] Total space held (mmap + non-mmap):         17379328 Byte
20220313 002230.559 INFO             PET0 PIOc_freedecomp Exit - MemInfo: [malloc] Total space used (mmap + non-mmap):          8335264 Byte
20220313 002230.559 INFO             PET0 PIOc_freedecomp Exit - MemInfo: Wall-clock time since execution start:               0.046037 seconds
20220313 002230.560 INFO             PET0 PIOc_sync Enter - MemInfo: [/proc/meminfo - SSI]	MemTotal:       65855856 kB
20220313 002230.560 INFO             PET0 PIOc_sync Enter - MemInfo: [/proc/meminfo - SSI]	MemFree:        61164280 kB
20220313 002230.560 INFO             PET0 PIOc_sync Enter - MemInfo: [/proc/meminfo - SSI]	MemAvailable:   60962388 kB
20220313 002230.560 INFO             PET0 PIOc_sync Enter - MemInfo: [/proc/meminfo - SSI]	Committed_AS:    2914136 kB
20220313 002230.560 INFO             PET0 PIOc_sync Enter - MemInfo: [/proc/meminfo - SSI]	CommittedPercent: 4.42502 %
20220313 002230.560 INFO             PET0 PIOc_sync Enter - MemInfo: [/proc/self/status]	VmPeak:	  254600 kB
20220313 002230.560 INFO             PET0 PIOc_sync Enter - MemInfo: [/proc/self/status]	VmSize:	  254600 kB
20220313 002230.560 INFO             PET0 PIOc_sync Enter - MemInfo: [/proc/self/status]	VmLck:	       0 kB
20220313 002230.560 INFO             PET0 PIOc_sync Enter - MemInfo: [/proc/self/status]	VmPin:	       0 kB
20220313 002230.560 INFO             PET0 PIOc_sync Enter - MemInfo: [/proc/self/status]	VmHWM:	   46600 kB
20220313 002230.560 INFO             PET0 PIOc_sync Enter - MemInfo: [/proc/self/status]	VmRSS:	   43120 kB
20220313 002230.560 INFO             PET0 PIOc_sync Enter - MemInfo: [/proc/self/status]	VmData:	   37768 kB
20220313 002230.560 INFO             PET0 PIOc_sync Enter - MemInfo: [/proc/self/status]	VmStk:	     508 kB
20220313 002230.560 INFO             PET0 PIOc_sync Enter - MemInfo: [/proc/self/status]	VmExe:	     892 kB
20220313 002230.560 INFO             PET0 PIOc_sync Enter - MemInfo: [/proc/self/status]	VmLib:	  133788 kB
20220313 002230.560 INFO             PET0 PIOc_sync Enter - MemInfo: [/proc/self/status]	VmPTE:	     408 kB
20220313 002230.560 INFO             PET0 PIOc_sync Enter - MemInfo: [/proc/self/status]	VmPMD:	      12 kB
20220313 002230.561 INFO             PET0 PIOc_sync Enter - MemInfo: [/proc/self/status]	VmSwap:	       0 kB
20220313 002230.561 INFO             PET0 PIOc_sync Enter - MemInfo: [/proc/self/status]	VmRSSPercent: 0.0654763 %
20220313 002230.561 INFO             PET0 PIOc_sync Enter - MemInfo: [malloc] Non-mmapped space allocated:                10256384 Byte
20220313 002230.561 INFO             PET0 PIOc_sync Enter - MemInfo: [malloc] Space allocated in mmapped regions:          7122944 Byte
20220313 002230.561 INFO             PET0 PIOc_sync Enter - MemInfo: [malloc] Maximum total allocated space:                     0 Byte
20220313 002230.561 INFO             PET0 PIOc_sync Enter - MemInfo: [malloc] Space in freed fastbin blocks:                   880 Byte
20220313 002230.561 INFO             PET0 PIOc_sync Enter - MemInfo: [malloc] Total allocated space:                      10133104 Byte
20220313 002230.561 INFO             PET0 PIOc_sync Enter - MemInfo: [malloc] Total free space:                             123280 Byte
20220313 002230.561 INFO             PET0 PIOc_sync Enter - MemInfo: [malloc] Top-most, releasable space:                   116112 Byte
20220313 002230.561 INFO             PET0 PIOc_sync Enter - MemInfo: [malloc] Total space in use, mmap + non-mmap:        17256048 Byte
20220313 002230.561 INFO             PET0 PIOc_sync Enter - MemInfo: [malloc] Total space held (mmap + non-mmap):         17379328 Byte
20220313 002230.561 INFO             PET0 PIOc_sync Enter - MemInfo: [malloc] Total space used (mmap + non-mmap):         17264256 Byte
20220313 002230.561 INFO             PET0 PIOc_sync Enter - MemInfo: Wall-clock time since execution start:               0.047585 seconds
20220313 002230.561 INFO             PET0 PIOc_sync Exit - MemInfo: [/proc/meminfo - SSI]	MemTotal:       65855856 kB
20220313 002230.561 INFO             PET0 PIOc_sync Exit - MemInfo: [/proc/meminfo - SSI]	MemFree:        61164280 kB
20220313 002230.561 INFO             PET0 PIOc_sync Exit - MemInfo: [/proc/meminfo - SSI]	MemAvailable:   60962388 kB
20220313 002230.561 INFO             PET0 PIOc_sync Exit - MemInfo: [/proc/meminfo - SSI]	Committed_AS:    2914136 kB
20220313 002230.561 INFO             PET0 PIOc_sync Exit - MemInfo: [/proc/meminfo - SSI]	CommittedPercent: 4.42502 %
20220313 002230.561 INFO             PET0 PIOc_sync Exit - MemInfo: [/proc/self/status]	VmPeak:	  254600 kB
20220313 002230.561 INFO             PET0 PIOc_sync Exit - MemInfo: [/proc/self/status]	VmSize:	  254600 kB
20220313 002230.561 INFO             PET0 PIOc_sync Exit - MemInfo: [/proc/self/status]	VmLck:	       0 kB
20220313 002230.561 INFO             PET0 PIOc_sync Exit - MemInfo: [/proc/self/status]	VmPin:	       0 kB
20220313 002230.561 INFO             PET0 PIOc_sync Exit - MemInfo: [/proc/self/status]	VmHWM:	   46600 kB
20220313 002230.561 INFO             PET0 PIOc_sync Exit - MemInfo: [/proc/self/status]	VmRSS:	   43120 kB
20220313 002230.561 INFO             PET0 PIOc_sync Exit - MemInfo: [/proc/self/status]	VmData:	   37768 kB
20220313 002230.561 INFO             PET0 PIOc_sync Exit - MemInfo: [/proc/self/status]	VmStk:	     508 kB
20220313 002230.561 INFO             PET0 PIOc_sync Exit - MemInfo: [/proc/self/status]	VmExe:	     892 kB
20220313 002230.561 INFO             PET0 PIOc_sync Exit - MemInfo: [/proc/self/status]	VmLib:	  133788 kB
20220313 002230.561 INFO             PET0 PIOc_sync Exit - MemInfo: [/proc/self/status]	VmPTE:	     408 kB
20220313 002230.561 INFO             PET0 PIOc_sync Exit - MemInfo: [/proc/self/status]	VmPMD:	      12 kB
20220313 002230.561 INFO             PET0 PIOc_sync Exit - MemInfo: [/proc/self/status]	VmSwap:	       0 kB
20220313 002230.561 INFO             PET0 PIOc_sync Exit - MemInfo: [/proc/self/status]	VmRSSPercent: 0.0654763 %
20220313 002230.561 INFO             PET0 PIOc_sync Exit - MemInfo: [malloc] Non-mmapped space allocated:                10256384 Byte
20220313 002230.561 INFO             PET0 PIOc_sync Exit - MemInfo: [malloc] Space allocated in mmapped regions:          7122944 Byte
20220313 002230.561 INFO             PET0 PIOc_sync Exit - MemInfo: [malloc] Maximum total allocated space:                     0 Byte
20220313 002230.561 INFO             PET0 PIOc_sync Exit - MemInfo: [malloc] Space in freed fastbin blocks:                     0 Byte
20220313 002230.561 INFO             PET0 PIOc_sync Exit - MemInfo: [malloc] Total allocated space:                      10133440 Byte
20220313 002230.561 INFO             PET0 PIOc_sync Exit - MemInfo: [malloc] Total free space:                             122944 Byte
20220313 002230.561 INFO             PET0 PIOc_sync Exit - MemInfo: [malloc] Top-most, releasable space:                   115888 Byte
20220313 002230.561 INFO             PET0 PIOc_sync Exit - MemInfo: [malloc] Total space in use, mmap + non-mmap:        17256384 Byte
20220313 002230.561 INFO             PET0 PIOc_sync Exit - MemInfo: [malloc] Total space held (mmap + non-mmap):         17379328 Byte
20220313 002230.561 INFO             PET0 PIOc_sync Exit - MemInfo: [malloc] Total space used (mmap + non-mmap):         17264832 Byte
20220313 002230.561 INFO             PET0 PIOc_sync Exit - MemInfo: Wall-clock time since execution start:              0.0479848 seconds
20220313 002230.561 INFO             PET0 PIOc_freedecomp Enter - MemInfo: [/proc/meminfo - SSI]	MemTotal:       65855856 kB
20220313 002230.561 INFO             PET0 PIOc_freedecomp Enter - MemInfo: [/proc/meminfo - SSI]	MemFree:        61164280 kB
20220313 002230.561 INFO             PET0 PIOc_freedecomp Enter - MemInfo: [/proc/meminfo - SSI]	MemAvailable:   60962388 kB
20220313 002230.561 INFO             PET0 PIOc_freedecomp Enter - MemInfo: [/proc/meminfo - SSI]	Committed_AS:    2914136 kB
20220313 002230.561 INFO             PET0 PIOc_freedecomp Enter - MemInfo: [/proc/meminfo - SSI]	CommittedPercent: 4.42502 %
20220313 002230.561 INFO             PET0 PIOc_freedecomp Enter - MemInfo: [/proc/self/status]	VmPeak:	  254600 kB
20220313 002230.561 INFO             PET0 PIOc_freedecomp Enter - MemInfo: [/proc/self/status]	VmSize:	  254600 kB
20220313 002230.561 INFO             PET0 PIOc_freedecomp Enter - MemInfo: [/proc/self/status]	VmLck:	       0 kB
20220313 002230.562 INFO             PET0 PIOc_freedecomp Enter - MemInfo: [/proc/self/status]	VmPin:	       0 kB
20220313 002230.562 INFO             PET0 PIOc_freedecomp Enter - MemInfo: [/proc/self/status]	VmHWM:	   46600 kB
20220313 002230.562 INFO             PET0 PIOc_freedecomp Enter - MemInfo: [/proc/self/status]	VmRSS:	   43120 kB
20220313 002230.562 INFO             PET0 PIOc_freedecomp Enter - MemInfo: [/proc/self/status]	VmData:	   37768 kB
20220313 002230.562 INFO             PET0 PIOc_freedecomp Enter - MemInfo: [/proc/self/status]	VmStk:	     508 kB
20220313 002230.562 INFO             PET0 PIOc_freedecomp Enter - MemInfo: [/proc/self/status]	VmExe:	     892 kB
20220313 002230.562 INFO             PET0 PIOc_freedecomp Enter - MemInfo: [/proc/self/status]	VmLib:	  133788 kB
20220313 002230.562 INFO             PET0 PIOc_freedecomp Enter - MemInfo: [/proc/self/status]	VmPTE:	     408 kB
20220313 002230.562 INFO             PET0 PIOc_freedecomp Enter - MemInfo: [/proc/self/status]	VmPMD:	      12 kB
20220313 002230.562 INFO             PET0 PIOc_freedecomp Enter - MemInfo: [/proc/self/status]	VmSwap:	       0 kB
20220313 002230.562 INFO             PET0 PIOc_freedecomp Enter - MemInfo: [/proc/self/status]	VmRSSPercent: 0.0654763 %
20220313 002230.562 INFO             PET0 PIOc_freedecomp Enter - MemInfo: [malloc] Non-mmapped space allocated:                10256384 Byte
20220313 002230.562 INFO             PET0 PIOc_freedecomp Enter - MemInfo: [malloc] Space allocated in mmapped regions:          7122944 Byte
20220313 002230.562 INFO             PET0 PIOc_freedecomp Enter - MemInfo: [malloc] Maximum total allocated space:                     0 Byte
20220313 002230.562 INFO             PET0 PIOc_freedecomp Enter - MemInfo: [malloc] Space in freed fastbin blocks:                   272 Byte
20220313 002230.562 INFO             PET0 PIOc_freedecomp Enter - MemInfo: [malloc] Total allocated space:                       1207968 Byte
20220313 002230.562 INFO             PET0 PIOc_freedecomp Enter - MemInfo: [malloc] Total free space:                            9048416 Byte
20220313 002230.562 INFO             PET0 PIOc_freedecomp Enter - MemInfo: [malloc] Top-most, releasable space:                   115664 Byte
20220313 002230.562 INFO             PET0 PIOc_freedecomp Enter - MemInfo: [malloc] Total space in use, mmap + non-mmap:         8330912 Byte
20220313 002230.562 INFO             PET0 PIOc_freedecomp Enter - MemInfo: [malloc] Total space held (mmap + non-mmap):         17379328 Byte
20220313 002230.562 INFO             PET0 PIOc_freedecomp Enter - MemInfo: [malloc] Total space used (mmap + non-mmap):          8339120 Byte
20220313 002230.562 INFO             PET0 PIOc_freedecomp Enter - MemInfo: Wall-clock time since execution start:              0.0486999 seconds
20220313 002230.562 INFO             PET0 PIOc_freedecomp Exit - MemInfo: [/proc/meminfo - SSI]	MemTotal:       65855856 kB
20220313 002230.562 INFO             PET0 PIOc_freedecomp Exit - MemInfo: [/proc/meminfo - SSI]	MemFree:        61164280 kB
20220313 002230.562 INFO             PET0 PIOc_freedecomp Exit - MemInfo: [/proc/meminfo - SSI]	MemAvailable:   60962388 kB
20220313 002230.562 INFO             PET0 PIOc_freedecomp Exit - MemInfo: [/proc/meminfo - SSI]	Committed_AS:    2914136 kB
20220313 002230.562 INFO             PET0 PIOc_freedecomp Exit - MemInfo: [/proc/meminfo - SSI]	CommittedPercent: 4.42502 %
20220313 002230.562 INFO             PET0 PIOc_freedecomp Exit - MemInfo: [/proc/self/status]	VmPeak:	  254600 kB
20220313 002230.562 INFO             PET0 PIOc_freedecomp Exit - MemInfo: [/proc/self/status]	VmSize:	  254600 kB
20220313 002230.562 INFO             PET0 PIOc_freedecomp Exit - MemInfo: [/proc/self/status]	VmLck:	       0 kB
20220313 002230.562 INFO             PET0 PIOc_freedecomp Exit - MemInfo: [/proc/self/status]	VmPin:	       0 kB
20220313 002230.562 INFO             PET0 PIOc_freedecomp Exit - MemInfo: [/proc/self/status]	VmHWM:	   46600 kB
20220313 002230.562 INFO             PET0 PIOc_freedecomp Exit - MemInfo: [/proc/self/status]	VmRSS:	   43120 kB
20220313 002230.562 INFO             PET0 PIOc_freedecomp Exit - MemInfo: [/proc/self/status]	VmData:	   37768 kB
20220313 002230.562 INFO             PET0 PIOc_freedecomp Exit - MemInfo: [/proc/self/status]	VmStk:	     508 kB
20220313 002230.562 INFO             PET0 PIOc_freedecomp Exit - MemInfo: [/proc/self/status]	VmExe:	     892 kB
20220313 002230.562 INFO             PET0 PIOc_freedecomp Exit - MemInfo: [/proc/self/status]	VmLib:	  133788 kB
20220313 002230.562 INFO             PET0 PIOc_freedecomp Exit - MemInfo: [/proc/self/status]	VmPTE:	     408 kB
20220313 002230.562 INFO             PET0 PIOc_freedecomp Exit - MemInfo: [/proc/self/status]	VmPMD:	      12 kB
20220313 002230.562 INFO             PET0 PIOc_freedecomp Exit - MemInfo: [/proc/self/status]	VmSwap:	       0 kB
20220313 002230.562 INFO             PET0 PIOc_freedecomp Exit - MemInfo: [/proc/self/status]	VmRSSPercent: 0.0654763 %
20220313 002230.562 INFO             PET0 PIOc_freedecomp Exit - MemInfo: [malloc] Non-mmapped space allocated:                10256384 Byte
20220313 002230.562 INFO             PET0 PIOc_freedecomp Exit - MemInfo: [malloc] Space allocated in mmapped regions:          7122944 Byte
20220313 002230.562 INFO             PET0 PIOc_freedecomp Exit - MemInfo: [malloc] Maximum total allocated space:                     0 Byte
20220313 002230.562 INFO             PET0 PIOc_freedecomp Exit - MemInfo: [malloc] Space in freed fastbin blocks:                   896 Byte
20220313 002230.562 INFO             PET0 PIOc_freedecomp Exit - MemInfo: [malloc] Total allocated space:                       1207072 Byte
20220313 002230.562 INFO             PET0 PIOc_freedecomp Exit - MemInfo: [malloc] Total free space:                            9049312 Byte
20220313 002230.562 INFO             PET0 PIOc_freedecomp Exit - MemInfo: [malloc] Top-most, releasable space:                   126384 Byte
20220313 002230.562 INFO             PET0 PIOc_freedecomp Exit - MemInfo: [malloc] Total space in use, mmap + non-mmap:         8330016 Byte
20220313 002230.562 INFO             PET0 PIOc_freedecomp Exit - MemInfo: [malloc] Total space held (mmap + non-mmap):         17379328 Byte
20220313 002230.562 INFO             PET0 PIOc_freedecomp Exit - MemInfo: [malloc] Total space used (mmap + non-mmap):          8338224 Byte
20220313 002230.562 INFO             PET0 PIOc_freedecomp Exit - MemInfo: Wall-clock time since execution start:              0.0491099 seconds
20220313 002230.563 INFO             PET0 PIOc_sync Enter - MemInfo: [/proc/meminfo - SSI]	MemTotal:       65855856 kB
20220313 002230.563 INFO             PET0 PIOc_sync Enter - MemInfo: [/proc/meminfo - SSI]	MemFree:        61164280 kB
20220313 002230.563 INFO             PET0 PIOc_sync Enter - MemInfo: [/proc/meminfo - SSI]	MemAvailable:   60962388 kB
20220313 002230.563 INFO             PET0 PIOc_sync Enter - MemInfo: [/proc/meminfo - SSI]	Committed_AS:    2914136 kB
20220313 002230.563 INFO             PET0 PIOc_sync Enter - MemInfo: [/proc/meminfo - SSI]	CommittedPercent: 4.42502 %
20220313 002230.563 INFO             PET0 PIOc_sync Enter - MemInfo: [/proc/self/status]	VmPeak:	  254600 kB
20220313 002230.563 INFO             PET0 PIOc_sync Enter - MemInfo: [/proc/self/status]	VmSize:	  254600 kB
20220313 002230.563 INFO             PET0 PIOc_sync Enter - MemInfo: [/proc/self/status]	VmLck:	       0 kB
20220313 002230.563 INFO             PET0 PIOc_sync Enter - MemInfo: [/proc/self/status]	VmPin:	       0 kB
20220313 002230.563 INFO             PET0 PIOc_sync Enter - MemInfo: [/proc/self/status]	VmHWM:	   46600 kB
20220313 002230.563 INFO             PET0 PIOc_sync Enter - MemInfo: [/proc/self/status]	VmRSS:	   43120 kB
20220313 002230.563 INFO             PET0 PIOc_sync Enter - MemInfo: [/proc/self/status]	VmData:	   37768 kB
20220313 002230.563 INFO             PET0 PIOc_sync Enter - MemInfo: [/proc/self/status]	VmStk:	     508 kB
20220313 002230.563 INFO             PET0 PIOc_sync Enter - MemInfo: [/proc/self/status]	VmExe:	     892 kB
20220313 002230.563 INFO             PET0 PIOc_sync Enter - MemInfo: [/proc/self/status]	VmLib:	  133788 kB
20220313 002230.564 INFO             PET0 PIOc_sync Enter - MemInfo: [/proc/self/status]	VmPTE:	     408 kB
20220313 002230.564 INFO             PET0 PIOc_sync Enter - MemInfo: [/proc/self/status]	VmPMD:	      12 kB
20220313 002230.564 INFO             PET0 PIOc_sync Enter - MemInfo: [/proc/self/status]	VmSwap:	       0 kB
20220313 002230.564 INFO             PET0 PIOc_sync Enter - MemInfo: [/proc/self/status]	VmRSSPercent: 0.0654763 %
20220313 002230.564 INFO             PET0 PIOc_sync Enter - MemInfo: [malloc] Non-mmapped space allocated:                10256384 Byte
20220313 002230.564 INFO             PET0 PIOc_sync Enter - MemInfo: [malloc] Space allocated in mmapped regions:          7122944 Byte
20220313 002230.564 INFO             PET0 PIOc_sync Enter - MemInfo: [malloc] Maximum total allocated space:                     0 Byte
20220313 002230.564 INFO             PET0 PIOc_sync Enter - MemInfo: [malloc] Space in freed fastbin blocks:                  1568 Byte
20220313 002230.564 INFO             PET0 PIOc_sync Enter - MemInfo: [malloc] Total allocated space:                      10135168 Byte
20220313 002230.564 INFO             PET0 PIOc_sync Enter - MemInfo: [malloc] Total free space:                             121216 Byte
20220313 002230.564 INFO             PET0 PIOc_sync Enter - MemInfo: [malloc] Top-most, releasable space:                   116112 Byte
20220313 002230.564 INFO             PET0 PIOc_sync Enter - MemInfo: [malloc] Total space in use, mmap + non-mmap:        17258112 Byte
20220313 002230.564 INFO             PET0 PIOc_sync Enter - MemInfo: [malloc] Total space held (mmap + non-mmap):         17379328 Byte
20220313 002230.564 INFO             PET0 PIOc_sync Enter - MemInfo: [malloc] Total space used (mmap + non-mmap):         17266320 Byte
20220313 002230.564 INFO             PET0 PIOc_sync Enter - MemInfo: Wall-clock time since execution start:              0.0505629 seconds
20220313 002230.564 INFO             PET0 PIOc_sync Exit - MemInfo: [/proc/meminfo - SSI]	MemTotal:       65855856 kB
20220313 002230.564 INFO             PET0 PIOc_sync Exit - MemInfo: [/proc/meminfo - SSI]	MemFree:        61164280 kB
20220313 002230.564 INFO             PET0 PIOc_sync Exit - MemInfo: [/proc/meminfo - SSI]	MemAvailable:   60962388 kB
20220313 002230.564 INFO             PET0 PIOc_sync Exit - MemInfo: [/proc/meminfo - SSI]	Committed_AS:    2914136 kB
20220313 002230.564 INFO             PET0 PIOc_sync Exit - MemInfo: [/proc/meminfo - SSI]	CommittedPercent: 4.42502 %
20220313 002230.564 INFO             PET0 PIOc_sync Exit - MemInfo: [/proc/self/status]	VmPeak:	  254600 kB
20220313 002230.564 INFO             PET0 PIOc_sync Exit - MemInfo: [/proc/self/status]	VmSize:	  254600 kB
20220313 002230.564 INFO             PET0 PIOc_sync Exit - MemInfo: [/proc/self/status]	VmLck:	       0 kB
20220313 002230.564 INFO             PET0 PIOc_sync Exit - MemInfo: [/proc/self/status]	VmPin:	       0 kB
20220313 002230.564 INFO             PET0 PIOc_sync Exit - MemInfo: [/proc/self/status]	VmHWM:	   46600 kB
20220313 002230.564 INFO             PET0 PIOc_sync Exit - MemInfo: [/proc/self/status]	VmRSS:	   43120 kB
20220313 002230.564 INFO             PET0 PIOc_sync Exit - MemInfo: [/proc/self/status]	VmData:	   37768 kB
20220313 002230.564 INFO             PET0 PIOc_sync Exit - MemInfo: [/proc/self/status]	VmStk:	     508 kB
20220313 002230.564 INFO             PET0 PIOc_sync Exit - MemInfo: [/proc/self/status]	VmExe:	     892 kB
20220313 002230.564 INFO             PET0 PIOc_sync Exit - MemInfo: [/proc/self/status]	VmLib:	  133788 kB
20220313 002230.564 INFO             PET0 PIOc_sync Exit - MemInfo: [/proc/self/status]	VmPTE:	     408 kB
20220313 002230.564 INFO             PET0 PIOc_sync Exit - MemInfo: [/proc/self/status]	VmPMD:	      12 kB
20220313 002230.564 INFO             PET0 PIOc_sync Exit - MemInfo: [/proc/self/status]	VmSwap:	       0 kB
20220313 002230.564 INFO             PET0 PIOc_sync Exit - MemInfo: [/proc/self/status]	VmRSSPercent: 0.0654763 %
20220313 002230.564 INFO             PET0 PIOc_sync Exit - MemInfo: [malloc] Non-mmapped space allocated:                10256384 Byte
20220313 002230.564 INFO             PET0 PIOc_sync Exit - MemInfo: [malloc] Space allocated in mmapped regions:          7122944 Byte
20220313 002230.564 INFO             PET0 PIOc_sync Exit - MemInfo: [malloc] Maximum total allocated space:                     0 Byte
20220313 002230.564 INFO             PET0 PIOc_sync Exit - MemInfo: [malloc] Space in freed fastbin blocks:                    80 Byte
20220313 002230.564 INFO             PET0 PIOc_sync Exit - MemInfo: [malloc] Total allocated space:                      10135600 Byte
20220313 002230.564 INFO             PET0 PIOc_sync Exit - MemInfo: [malloc] Total free space:                             120784 Byte
20220313 002230.564 INFO             PET0 PIOc_sync Exit - MemInfo: [malloc] Top-most, releasable space:                   115888 Byte
20220313 002230.564 INFO             PET0 PIOc_sync Exit - MemInfo: [malloc] Total space in use, mmap + non-mmap:        17258544 Byte
20220313 002230.564 INFO             PET0 PIOc_sync Exit - MemInfo: [malloc] Total space held (mmap + non-mmap):         17379328 Byte
20220313 002230.564 INFO             PET0 PIOc_sync Exit - MemInfo: [malloc] Total space used (mmap + non-mmap):         17266752 Byte
20220313 002230.564 INFO             PET0 PIOc_sync Exit - MemInfo: Wall-clock time since execution start:              0.0509999 seconds
20220313 002230.564 INFO             PET0 PIOc_freedecomp Enter - MemInfo: [/proc/meminfo - SSI]	MemTotal:       65855856 kB
20220313 002230.564 INFO             PET0 PIOc_freedecomp Enter - MemInfo: [/proc/meminfo - SSI]	MemFree:        61164280 kB
20220313 002230.564 INFO             PET0 PIOc_freedecomp Enter - MemInfo: [/proc/meminfo - SSI]	MemAvailable:   60962388 kB
20220313 002230.564 INFO             PET0 PIOc_freedecomp Enter - MemInfo: [/proc/meminfo - SSI]	Committed_AS:    2914136 kB
20220313 002230.564 INFO             PET0 PIOc_freedecomp Enter - MemInfo: [/proc/meminfo - SSI]	CommittedPercent: 4.42502 %
20220313 002230.564 INFO             PET0 PIOc_freedecomp Enter - MemInfo: [/proc/self/status]	VmPeak:	  254600 kB
20220313 002230.564 INFO             PET0 PIOc_freedecomp Enter - MemInfo: [/proc/self/status]	VmSize:	  254600 kB
20220313 002230.564 INFO             PET0 PIOc_freedecomp Enter - MemInfo: [/proc/self/status]	VmLck:	       0 kB
20220313 002230.564 INFO             PET0 PIOc_freedecomp Enter - MemInfo: [/proc/self/status]	VmPin:	       0 kB
20220313 002230.564 INFO             PET0 PIOc_freedecomp Enter - MemInfo: [/proc/self/status]	VmHWM:	   46600 kB
20220313 002230.564 INFO             PET0 PIOc_freedecomp Enter - MemInfo: [/proc/self/status]	VmRSS:	   43120 kB
20220313 002230.564 INFO             PET0 PIOc_freedecomp Enter - MemInfo: [/proc/self/status]	VmData:	   37768 kB
20220313 002230.564 INFO             PET0 PIOc_freedecomp Enter - MemInfo: [/proc/self/status]	VmStk:	     508 kB
20220313 002230.564 INFO             PET0 PIOc_freedecomp Enter - MemInfo: [/proc/self/status]	VmExe:	     892 kB
20220313 002230.564 INFO             PET0 PIOc_freedecomp Enter - MemInfo: [/proc/self/status]	VmLib:	  133788 kB
20220313 002230.564 INFO             PET0 PIOc_freedecomp Enter - MemInfo: [/proc/self/status]	VmPTE:	     408 kB
20220313 002230.564 INFO             PET0 PIOc_freedecomp Enter - MemInfo: [/proc/self/status]	VmPMD:	      12 kB
20220313 002230.565 INFO             PET0 PIOc_freedecomp Enter - MemInfo: [/proc/self/status]	VmSwap:	       0 kB
20220313 002230.565 INFO             PET0 PIOc_freedecomp Enter - MemInfo: [/proc/self/status]	VmRSSPercent: 0.0654763 %
20220313 002230.565 INFO             PET0 PIOc_freedecomp Enter - MemInfo: [malloc] Non-mmapped space allocated:                10256384 Byte
20220313 002230.565 INFO             PET0 PIOc_freedecomp Enter - MemInfo: [malloc] Space allocated in mmapped regions:          7122944 Byte
20220313 002230.565 INFO             PET0 PIOc_freedecomp Enter - MemInfo: [malloc] Maximum total allocated space:                     0 Byte
20220313 002230.565 INFO             PET0 PIOc_freedecomp Enter - MemInfo: [malloc] Space in freed fastbin blocks:                   272 Byte
20220313 002230.565 INFO             PET0 PIOc_freedecomp Enter - MemInfo: [malloc] Total allocated space:                       1209200 Byte
20220313 002230.565 INFO             PET0 PIOc_freedecomp Enter - MemInfo: [malloc] Total free space:                            9047184 Byte
20220313 002230.565 INFO             PET0 PIOc_freedecomp Enter - MemInfo: [malloc] Top-most, releasable space:                   115664 Byte
20220313 002230.565 INFO             PET0 PIOc_freedecomp Enter - MemInfo: [malloc] Total space in use, mmap + non-mmap:         8332144 Byte
20220313 002230.565 INFO             PET0 PIOc_freedecomp Enter - MemInfo: [malloc] Total space held (mmap + non-mmap):         17379328 Byte
20220313 002230.565 INFO             PET0 PIOc_freedecomp Enter - MemInfo: [malloc] Total space used (mmap + non-mmap):          8340352 Byte
20220313 002230.565 INFO             PET0 PIOc_freedecomp Enter - MemInfo: Wall-clock time since execution start:              0.0515509 seconds
20220313 002230.565 INFO             PET0 PIOc_freedecomp Exit - MemInfo: [/proc/meminfo - SSI]	MemTotal:       65855856 kB
20220313 002230.565 INFO             PET0 PIOc_freedecomp Exit - MemInfo: [/proc/meminfo - SSI]	MemFree:        61164280 kB
20220313 002230.565 INFO             PET0 PIOc_freedecomp Exit - MemInfo: [/proc/meminfo - SSI]	MemAvailable:   60962388 kB
20220313 002230.565 INFO             PET0 PIOc_freedecomp Exit - MemInfo: [/proc/meminfo - SSI]	Committed_AS:    2914136 kB
20220313 002230.565 INFO             PET0 PIOc_freedecomp Exit - MemInfo: [/proc/meminfo - SSI]	CommittedPercent: 4.42502 %
20220313 002230.565 INFO             PET0 PIOc_freedecomp Exit - MemInfo: [/proc/self/status]	VmPeak:	  254600 kB
20220313 002230.565 INFO             PET0 PIOc_freedecomp Exit - MemInfo: [/proc/self/status]	VmSize:	  254600 kB
20220313 002230.565 INFO             PET0 PIOc_freedecomp Exit - MemInfo: [/proc/self/status]	VmLck:	       0 kB
20220313 002230.565 INFO             PET0 PIOc_freedecomp Exit - MemInfo: [/proc/self/status]	VmPin:	       0 kB
20220313 002230.565 INFO             PET0 PIOc_freedecomp Exit - MemInfo: [/proc/self/status]	VmHWM:	   46600 kB
20220313 002230.565 INFO             PET0 PIOc_freedecomp Exit - MemInfo: [/proc/self/status]	VmRSS:	   43120 kB
20220313 002230.565 INFO             PET0 PIOc_freedecomp Exit - MemInfo: [/proc/self/status]	VmData:	   37768 kB
20220313 002230.565 INFO             PET0 PIOc_freedecomp Exit - MemInfo: [/proc/self/status]	VmStk:	     508 kB
20220313 002230.565 INFO             PET0 PIOc_freedecomp Exit - MemInfo: [/proc/self/status]	VmExe:	     892 kB
20220313 002230.565 INFO             PET0 PIOc_freedecomp Exit - MemInfo: [/proc/self/status]	VmLib:	  133788 kB
20220313 002230.565 INFO             PET0 PIOc_freedecomp Exit - MemInfo: [/proc/self/status]	VmPTE:	     408 kB
20220313 002230.565 INFO             PET0 PIOc_freedecomp Exit - MemInfo: [/proc/self/status]	VmPMD:	      12 kB
20220313 002230.565 INFO             PET0 PIOc_freedecomp Exit - MemInfo: [/proc/self/status]	VmSwap:	       0 kB
20220313 002230.565 INFO             PET0 PIOc_freedecomp Exit - MemInfo: [/proc/self/status]	VmRSSPercent: 0.0654763 %
20220313 002230.565 INFO             PET0 PIOc_freedecomp Exit - MemInfo: [malloc] Non-mmapped space allocated:                10256384 Byte
20220313 002230.565 INFO             PET0 PIOc_freedecomp Exit - MemInfo: [malloc] Space allocated in mmapped regions:          7122944 Byte
20220313 002230.565 INFO             PET0 PIOc_freedecomp Exit - MemInfo: [malloc] Maximum total allocated space:                     0 Byte
20220313 002230.565 INFO             PET0 PIOc_freedecomp Exit - MemInfo: [malloc] Space in freed fastbin blocks:                   896 Byte
20220313 002230.565 INFO             PET0 PIOc_freedecomp Exit - MemInfo: [malloc] Total allocated space:                       1208304 Byte
20220313 002230.565 INFO             PET0 PIOc_freedecomp Exit - MemInfo: [malloc] Total free space:                            9048080 Byte
20220313 002230.565 INFO             PET0 PIOc_freedecomp Exit - MemInfo: [malloc] Top-most, releasable space:                   126384 Byte
20220313 002230.565 INFO             PET0 PIOc_freedecomp Exit - MemInfo: [malloc] Total space in use, mmap + non-mmap:         8331248 Byte
20220313 002230.565 INFO             PET0 PIOc_freedecomp Exit - MemInfo: [malloc] Total space held (mmap + non-mmap):         17379328 Byte
20220313 002230.565 INFO             PET0 PIOc_freedecomp Exit - MemInfo: [malloc] Total space used (mmap + non-mmap):          8339456 Byte
20220313 002230.565 INFO             PET0 PIOc_freedecomp Exit - MemInfo: Wall-clock time since execution start:               0.051965 seconds
20220313 002230.565 INFO             PET0 PASS Execute ESMC_RouteHandlePrint(), ESMC_FieldGridRegridCsrvUTest.C, line 526
20220313 002230.565 INFO             PET0 PASS Release an ESMC_RouteHandle via ESMC_FieldRegridRelease(), ESMC_FieldGridRegridCsrvUTest.C, line 534
20220313 002230.566 INFO             PET0 PASS Execute ESMC_FieldRegridGetArea() - source, ESMC_FieldGridRegridCsrvUTest.C, line 584
20220313 002230.567 INFO             PET0 PASS Execute ESMC_FieldRegridGetArea() - destination, ESMC_FieldGridRegridCsrvUTest.C, line 606
20220313 002230.567 INFO             PET0 PASS Regridding Validation, ESMC_FieldGridRegridCsrvUTest.C, line 671
20220313 002230.567 INFO             PET0 PASS Destroy ESMC_Field object, ESMC_FieldGridRegridCsrvUTest.C, line 685
20220313 002230.567 INFO             PET0 PASS Destroy ESMC_Field object, ESMC_FieldGridRegridCsrvUTest.C, line 693
20220313 002230.567 INFO             PET0 PASS Destroy ESMC_Grid object, ESMC_FieldGridRegridCsrvUTest.C, line 701
20220313 002230.567 INFO             PET0 PASS Destroy ESMC_Mesh object, ESMC_FieldGridRegridCsrvUTest.C, line 709
20220313 002230.567 INFO             PET0 Ending Test, file ESMC_FieldGridRegridCsrvUTest.C, line 714
20220313 002230.567 INFO             PET0 Finalizing ESMF
