build time -- 2022-03-13 00:03:10
20220313 002243.321 INFO             PET0 !!!!!!!!!!!!!!!!!!!!!!!!!!!!!!!!!!!!!!!!!!!!!!!!!!!!!!
20220313 002243.321 INFO             PET0 !!! THE ESMF_LOG IS SET TO OUTPUT ALL LOG MESSAGES !!!
20220313 002243.321 INFO             PET0 !!!     THIS MAY CAUSE SLOWDOWN IN PERFORMANCE     !!!
20220313 002243.321 INFO             PET0 !!! FOR PRODUCTION RUNS, USE:                      !!!
20220313 002243.321 INFO             PET0 !!!                   ESMF_LOGKIND_Multi_On_Error  !!!
20220313 002243.321 INFO             PET0 !!!!!!!!!!!!!!!!!!!!!!!!!!!!!!!!!!!!!!!!!!!!!!!!!!!!!!
20220313 002243.321 INFO             PET0 Running with ESMF Version   : v8.3.0b09-96-g559b459836
20220313 002243.321 INFO             PET0 ESMF library build date/time: "Mar 13 2022" "00:01:08"
20220313 002243.321 INFO             PET0 ESMF library build location : /lustre/f2/dev/ncep/Mark.Potts/intel_2019.5_mpi_g_jedwards_pio_update2
20220313 002243.321 INFO             PET0 ESMF_COMM                   : mpi
20220313 002243.322 INFO             PET0 ESMF_MOAB                   : enabled
20220313 002243.322 INFO             PET0 ESMF_LAPACK                 : enabled
20220313 002243.322 INFO             PET0 ESMF_NETCDF                 : enabled
20220313 002243.322 INFO             PET0 ESMF_PNETCDF                : disabled
20220313 002243.322 INFO             PET0 ESMF_PIO                    : enabled
20220313 002243.322 INFO             PET0 ESMF_YAMLCPP                : enabled
20220313 002243.322 INFO             PET0 Beginning Test, file ESMC_FieldSMMFromFileUTest.C, line 41
20220313 002243.322 INFO             PET0 Beginning Test, file ESMC_FieldSMMFromFileUTest.C, line 41NUMBER_OF_PROCESSORS 4
20220313 002243.357 INFO             PET0 PIOc_sync Enter - MemInfo: [/proc/meminfo - SSI]	MemTotal:       65855856 kB
20220313 002243.357 INFO             PET0 PIOc_sync Enter - MemInfo: [/proc/meminfo - SSI]	MemFree:        61029620 kB
20220313 002243.357 INFO             PET0 PIOc_sync Enter - MemInfo: [/proc/meminfo - SSI]	MemAvailable:   60857672 kB
20220313 002243.357 INFO             PET0 PIOc_sync Enter - MemInfo: [/proc/meminfo - SSI]	Committed_AS:    3176736 kB
20220313 002243.357 INFO             PET0 PIOc_sync Enter - MemInfo: [/proc/meminfo - SSI]	CommittedPercent: 4.82377 %
20220313 002243.357 INFO             PET0 PIOc_sync Enter - MemInfo: [/proc/self/status]	VmPeak:	  268948 kB
20220313 002243.357 INFO             PET0 PIOc_sync Enter - MemInfo: [/proc/self/status]	VmSize:	  268948 kB
20220313 002243.357 INFO             PET0 PIOc_sync Enter - MemInfo: [/proc/self/status]	VmLck:	       0 kB
20220313 002243.357 INFO             PET0 PIOc_sync Enter - MemInfo: [/proc/self/status]	VmPin:	       0 kB
20220313 002243.357 INFO             PET0 PIOc_sync Enter - MemInfo: [/proc/self/status]	VmHWM:	   49068 kB
20220313 002243.357 INFO             PET0 PIOc_sync Enter - MemInfo: [/proc/self/status]	VmRSS:	   49068 kB
20220313 002243.357 INFO             PET0 PIOc_sync Enter - MemInfo: [/proc/self/status]	VmData:	   34860 kB
20220313 002243.357 INFO             PET0 PIOc_sync Enter - MemInfo: [/proc/self/status]	VmStk:	     508 kB
20220313 002243.357 INFO             PET0 PIOc_sync Enter - MemInfo: [/proc/self/status]	VmExe:	     880 kB
20220313 002243.357 INFO             PET0 PIOc_sync Enter - MemInfo: [/proc/self/status]	VmLib:	  133788 kB
20220313 002243.357 INFO             PET0 PIOc_sync Enter - MemInfo: [/proc/self/status]	VmPTE:	     436 kB
20220313 002243.357 INFO             PET0 PIOc_sync Enter - MemInfo: [/proc/self/status]	VmPMD:	      12 kB
20220313 002243.357 INFO             PET0 PIOc_sync Enter - MemInfo: [/proc/self/status]	VmSwap:	       0 kB
20220313 002243.357 INFO             PET0 PIOc_sync Enter - MemInfo: [/proc/self/status]	VmRSSPercent: 0.0745082 %
20220313 002243.357 INFO             PET0 PIOc_sync Enter - MemInfo: [malloc] Non-mmapped space allocated:                 1474560 Byte
20220313 002243.357 INFO             PET0 PIOc_sync Enter - MemInfo: [malloc] Space allocated in mmapped regions:         12926976 Byte
20220313 002243.357 INFO             PET0 PIOc_sync Enter - MemInfo: [malloc] Maximum total allocated space:                     0 Byte
20220313 002247.994 INFO             PET0 PIOc_sync Enter - MemInfo: [malloc] Space in freed fastbin blocks:                     0 Byte
20220313 002247.994 INFO             PET0 PIOc_sync Enter - MemInfo: [malloc] Total allocated space:                       1312560 Byte
20220313 002247.994 INFO             PET0 PIOc_sync Enter - MemInfo: [malloc] Total free space:                             162000 Byte
20220313 002247.994 INFO             PET0 PIOc_sync Enter - MemInfo: [malloc] Top-most, releasable space:                   133280 Byte
20220313 002247.994 INFO             PET0 PIOc_sync Enter - MemInfo: [malloc] Total space in use, mmap + non-mmap:        14239536 Byte
20220313 002247.994 INFO             PET0 PIOc_sync Enter - MemInfo: [malloc] Total space held (mmap + non-mmap):         14401536 Byte
20220313 002247.994 INFO             PET0 PIOc_sync Enter - MemInfo: [malloc] Total space used (mmap + non-mmap):         14248560 Byte
20220313 002247.994 INFO             PET0 PIOc_sync Enter - MemInfo: Wall-clock time since execution start:                4.69245 seconds
20220313 002247.994 INFO             PET0 PIOc_sync Exit - MemInfo: [/proc/meminfo - SSI]	MemTotal:       65855856 kB
20220313 002247.994 INFO             PET0 PIOc_sync Exit - MemInfo: [/proc/meminfo - SSI]	MemFree:        61039928 kB
20220313 002247.994 INFO             PET0 PIOc_sync Exit - MemInfo: [/proc/meminfo - SSI]	MemAvailable:   60869644 kB
20220313 002247.994 INFO             PET0 PIOc_sync Exit - MemInfo: [/proc/meminfo - SSI]	Committed_AS:    3176736 kB
20220313 002247.994 INFO             PET0 PIOc_sync Exit - MemInfo: [/proc/meminfo - SSI]	CommittedPercent: 4.82377 %
20220313 002247.994 INFO             PET0 PIOc_sync Exit - MemInfo: [/proc/self/status]	VmPeak:	  269272 kB
20220313 002247.994 INFO             PET0 PIOc_sync Exit - MemInfo: [/proc/self/status]	VmSize:	  269272 kB
20220313 002247.994 INFO             PET0 PIOc_sync Exit - MemInfo: [/proc/self/status]	VmLck:	       0 kB
20220313 002247.994 INFO             PET0 PIOc_sync Exit - MemInfo: [/proc/self/status]	VmPin:	       0 kB
20220313 002247.994 INFO             PET0 PIOc_sync Exit - MemInfo: [/proc/self/status]	VmHWM:	   49572 kB
20220313 002247.994 INFO             PET0 PIOc_sync Exit - MemInfo: [/proc/self/status]	VmRSS:	   49572 kB
20220313 002247.994 INFO             PET0 PIOc_sync Exit - MemInfo: [/proc/self/status]	VmData:	   35184 kB
20220313 002247.994 INFO             PET0 PIOc_sync Exit - MemInfo: [/proc/self/status]	VmStk:	     508 kB
20220313 002247.994 INFO             PET0 PIOc_sync Exit - MemInfo: [/proc/self/status]	VmExe:	     880 kB
20220313 002247.994 INFO             PET0 PIOc_sync Exit - MemInfo: [/proc/self/status]	VmLib:	  133788 kB
20220313 002247.994 INFO             PET0 PIOc_sync Exit - MemInfo: [/proc/self/status]	VmPTE:	     440 kB
20220313 002247.994 INFO             PET0 PIOc_sync Exit - MemInfo: [/proc/self/status]	VmPMD:	      12 kB
20220313 002247.994 INFO             PET0 PIOc_sync Exit - MemInfo: [/proc/self/status]	VmSwap:	       0 kB
20220313 002247.994 INFO             PET0 PIOc_sync Exit - MemInfo: [/proc/self/status]	VmRSSPercent: 0.0752735 %
20220313 002247.994 INFO             PET0 PIOc_sync Exit - MemInfo: [malloc] Non-mmapped space allocated:                 1474560 Byte
20220313 002247.995 INFO             PET0 PIOc_sync Exit - MemInfo: [malloc] Space allocated in mmapped regions:         13258752 Byte
20220313 002247.995 INFO             PET0 PIOc_sync Exit - MemInfo: [malloc] Maximum total allocated space:                     0 Byte
20220313 002247.995 INFO             PET0 PIOc_sync Exit - MemInfo: [malloc] Space in freed fastbin blocks:                     0 Byte
20220313 002247.995 INFO             PET0 PIOc_sync Exit - MemInfo: [malloc] Total allocated space:                       1381376 Byte
20220313 002247.995 INFO             PET0 PIOc_sync Exit - MemInfo: [malloc] Total free space:                              93184 Byte
20220313 002247.995 INFO             PET0 PIOc_sync Exit - MemInfo: [malloc] Top-most, releasable space:                    67728 Byte
20220313 002247.995 INFO             PET0 PIOc_sync Exit - MemInfo: [malloc] Total space in use, mmap + non-mmap:        14640128 Byte
20220313 002247.995 INFO             PET0 PIOc_sync Exit - MemInfo: [malloc] Total space held (mmap + non-mmap):         14733312 Byte
20220313 002247.995 INFO             PET0 PIOc_sync Exit - MemInfo: [malloc] Total space used (mmap + non-mmap):         14648624 Byte
20220313 002247.995 INFO             PET0 PIOc_sync Exit - MemInfo: Wall-clock time since execution start:                 4.6932 seconds
20220313 002247.995 INFO             PET0 PIOc_freedecomp Enter - MemInfo: [/proc/meminfo - SSI]	MemTotal:       65855856 kB
20220313 002247.995 INFO             PET0 PIOc_freedecomp Enter - MemInfo: [/proc/meminfo - SSI]	MemFree:        61046984 kB
20220313 002247.995 INFO             PET0 PIOc_freedecomp Enter - MemInfo: [/proc/meminfo - SSI]	MemAvailable:   60876700 kB
20220313 002247.995 INFO             PET0 PIOc_freedecomp Enter - MemInfo: [/proc/meminfo - SSI]	Committed_AS:    3168876 kB
20220313 002247.995 INFO             PET0 PIOc_freedecomp Enter - MemInfo: [/proc/meminfo - SSI]	CommittedPercent: 4.81184 %
20220313 002247.995 INFO             PET0 PIOc_freedecomp Enter - MemInfo: [/proc/self/status]	VmPeak:	  269272 kB
20220313 002247.995 INFO             PET0 PIOc_freedecomp Enter - MemInfo: [/proc/self/status]	VmSize:	  260560 kB
20220313 002247.995 INFO             PET0 PIOc_freedecomp Enter - MemInfo: [/proc/self/status]	VmLck:	       0 kB
20220313 002247.995 INFO             PET0 PIOc_freedecomp Enter - MemInfo: [/proc/self/status]	VmPin:	       0 kB
20220313 002247.995 INFO             PET0 PIOc_freedecomp Enter - MemInfo: [/proc/self/status]	VmHWM:	   49572 kB
20220313 002247.995 INFO             PET0 PIOc_freedecomp Enter - MemInfo: [/proc/self/status]	VmRSS:	   41560 kB
20220313 002247.995 INFO             PET0 PIOc_freedecomp Enter - MemInfo: [/proc/self/status]	VmData:	   26472 kB
20220313 002247.995 INFO             PET0 PIOc_freedecomp Enter - MemInfo: [/proc/self/status]	VmStk:	     508 kB
20220313 002247.995 INFO             PET0 PIOc_freedecomp Enter - MemInfo: [/proc/self/status]	VmExe:	     880 kB
20220313 002247.995 INFO             PET0 PIOc_freedecomp Enter - MemInfo: [/proc/self/status]	VmLib:	  133788 kB
20220313 002247.995 INFO             PET0 PIOc_freedecomp Enter - MemInfo: [/proc/self/status]	VmPTE:	     428 kB
20220313 002247.995 INFO             PET0 PIOc_freedecomp Enter - MemInfo: [/proc/self/status]	VmPMD:	      12 kB
20220313 002247.995 INFO             PET0 PIOc_freedecomp Enter - MemInfo: [/proc/self/status]	VmSwap:	       0 kB
20220313 002247.995 INFO             PET0 PIOc_freedecomp Enter - MemInfo: [/proc/self/status]	VmRSSPercent: 0.0631075 %
20220313 002247.995 INFO             PET0 PIOc_freedecomp Enter - MemInfo: [malloc] Non-mmapped space allocated:                 1474560 Byte
20220313 002247.995 INFO             PET0 PIOc_freedecomp Enter - MemInfo: [malloc] Space allocated in mmapped regions:          4337664 Byte
20220313 002247.995 INFO             PET0 PIOc_freedecomp Enter - MemInfo: [malloc] Maximum total allocated space:                     0 Byte
20220313 002247.995 INFO             PET0 PIOc_freedecomp Enter - MemInfo: [malloc] Space in freed fastbin blocks:                   352 Byte
20220313 002247.995 INFO             PET0 PIOc_freedecomp Enter - MemInfo: [malloc] Total allocated space:                       1371152 Byte
20220313 002247.995 INFO             PET0 PIOc_freedecomp Enter - MemInfo: [malloc] Total free space:                             103408 Byte
20220313 002247.995 INFO             PET0 PIOc_freedecomp Enter - MemInfo: [malloc] Top-most, releasable space:                    67728 Byte
20220313 002247.995 INFO             PET0 PIOc_freedecomp Enter - MemInfo: [malloc] Total space in use, mmap + non-mmap:         5708816 Byte
20220313 002247.995 INFO             PET0 PIOc_freedecomp Enter - MemInfo: [malloc] Total space held (mmap + non-mmap):          5812224 Byte
20220313 002247.995 INFO             PET0 PIOc_freedecomp Enter - MemInfo: [malloc] Total space used (mmap + non-mmap):          5717248 Byte
20220313 002247.996 INFO             PET0 PIOc_freedecomp Enter - MemInfo: Wall-clock time since execution start:                4.69406 seconds
20220313 002247.996 INFO             PET0 PIOc_freedecomp Exit - MemInfo: [/proc/meminfo - SSI]	MemTotal:       65855856 kB
20220313 002247.996 INFO             PET0 PIOc_freedecomp Exit - MemInfo: [/proc/meminfo - SSI]	MemFree:        61046984 kB
20220313 002247.996 INFO             PET0 PIOc_freedecomp Exit - MemInfo: [/proc/meminfo - SSI]	MemAvailable:   60876700 kB
20220313 002247.996 INFO             PET0 PIOc_freedecomp Exit - MemInfo: [/proc/meminfo - SSI]	Committed_AS:    3168876 kB
20220313 002247.996 INFO             PET0 PIOc_freedecomp Exit - MemInfo: [/proc/meminfo - SSI]	CommittedPercent: 4.81184 %
20220313 002247.996 INFO             PET0 PIOc_freedecomp Exit - MemInfo: [/proc/self/status]	VmPeak:	  269272 kB
20220313 002247.996 INFO             PET0 PIOc_freedecomp Exit - MemInfo: [/proc/self/status]	VmSize:	  260560 kB
20220313 002247.996 INFO             PET0 PIOc_freedecomp Exit - MemInfo: [/proc/self/status]	VmLck:	       0 kB
20220313 002247.996 INFO             PET0 PIOc_freedecomp Exit - MemInfo: [/proc/self/status]	VmPin:	       0 kB
20220313 002247.996 INFO             PET0 PIOc_freedecomp Exit - MemInfo: [/proc/self/status]	VmHWM:	   49572 kB
20220313 002247.996 INFO             PET0 PIOc_freedecomp Exit - MemInfo: [/proc/self/status]	VmRSS:	   41560 kB
20220313 002247.996 INFO             PET0 PIOc_freedecomp Exit - MemInfo: [/proc/self/status]	VmData:	   26472 kB
20220313 002247.996 INFO             PET0 PIOc_freedecomp Exit - MemInfo: [/proc/self/status]	VmStk:	     508 kB
20220313 002247.996 INFO             PET0 PIOc_freedecomp Exit - MemInfo: [/proc/self/status]	VmExe:	     880 kB
20220313 002247.996 INFO             PET0 PIOc_freedecomp Exit - MemInfo: [/proc/self/status]	VmLib:	  133788 kB
20220313 002247.996 INFO             PET0 PIOc_freedecomp Exit - MemInfo: [/proc/self/status]	VmPTE:	     428 kB
20220313 002247.996 INFO             PET0 PIOc_freedecomp Exit - MemInfo: [/proc/self/status]	VmPMD:	      12 kB
20220313 002247.996 INFO             PET0 PIOc_freedecomp Exit - MemInfo: [/proc/self/status]	VmSwap:	       0 kB
20220313 002247.996 INFO             PET0 PIOc_freedecomp Exit - MemInfo: [/proc/self/status]	VmRSSPercent: 0.0631075 %
20220313 002247.996 INFO             PET0 PIOc_freedecomp Exit - MemInfo: [malloc] Non-mmapped space allocated:                 1474560 Byte
20220313 002247.996 INFO             PET0 PIOc_freedecomp Exit - MemInfo: [malloc] Space allocated in mmapped regions:          4337664 Byte
20220313 002247.996 INFO             PET0 PIOc_freedecomp Exit - MemInfo: [malloc] Maximum total allocated space:                     0 Byte
20220313 002247.996 INFO             PET0 PIOc_freedecomp Exit - MemInfo: [malloc] Space in freed fastbin blocks:                   816 Byte
20220313 002247.996 INFO             PET0 PIOc_freedecomp Exit - MemInfo: [malloc] Total allocated space:                       1368528 Byte
20220313 002247.996 INFO             PET0 PIOc_freedecomp Exit - MemInfo: [malloc] Total free space:                             106032 Byte
20220313 002247.996 INFO             PET0 PIOc_freedecomp Exit - MemInfo: [malloc] Top-most, releasable space:                    67728 Byte
20220313 002247.996 INFO             PET0 PIOc_freedecomp Exit - MemInfo: [malloc] Total space in use, mmap + non-mmap:         5706192 Byte
20220313 002247.996 INFO             PET0 PIOc_freedecomp Exit - MemInfo: [malloc] Total space held (mmap + non-mmap):          5812224 Byte
20220313 002247.996 INFO             PET0 PIOc_freedecomp Exit - MemInfo: [malloc] Total space used (mmap + non-mmap):          5714624 Byte
20220313 002247.996 INFO             PET0 PIOc_freedecomp Exit - MemInfo: Wall-clock time since execution start:                4.69444 seconds
20220313 002247.999 INFO             PET0 PIOc_sync Enter - MemInfo: [/proc/meminfo - SSI]	MemTotal:       65855856 kB
20220313 002247.999 INFO             PET0 PIOc_sync Enter - MemInfo: [/proc/meminfo - SSI]	MemFree:        61043960 kB
20220313 002247.999 INFO             PET0 PIOc_sync Enter - MemInfo: [/proc/meminfo - SSI]	MemAvailable:   60873676 kB
20220313 002247.999 INFO             PET0 PIOc_sync Enter - MemInfo: [/proc/meminfo - SSI]	Committed_AS:    3177128 kB
20220313 002247.999 INFO             PET0 PIOc_sync Enter - MemInfo: [/proc/meminfo - SSI]	CommittedPercent: 4.82437 %
20220313 002247.999 INFO             PET0 PIOc_sync Enter - MemInfo: [/proc/self/status]	VmPeak:	  269292 kB
20220313 002247.999 INFO             PET0 PIOc_sync Enter - MemInfo: [/proc/self/status]	VmSize:	  269292 kB
20220313 002247.999 INFO             PET0 PIOc_sync Enter - MemInfo: [/proc/self/status]	VmLck:	       0 kB
20220313 002247.999 INFO             PET0 PIOc_sync Enter - MemInfo: [/proc/self/status]	VmPin:	       0 kB
20220313 002247.999 INFO             PET0 PIOc_sync Enter - MemInfo: [/proc/self/status]	VmHWM:	   49572 kB
20220313 002247.999 INFO             PET0 PIOc_sync Enter - MemInfo: [/proc/self/status]	VmRSS:	   45480 kB
20220313 002248.000 INFO             PET0 PIOc_sync Enter - MemInfo: [/proc/self/status]	VmData:	   35240 kB
20220313 002248.000 INFO             PET0 PIOc_sync Enter - MemInfo: [/proc/self/status]	VmStk:	     508 kB
20220313 002248.000 INFO             PET0 PIOc_sync Enter - MemInfo: [/proc/self/status]	VmExe:	     880 kB
20220313 002248.000 INFO             PET0 PIOc_sync Enter - MemInfo: [/proc/self/status]	VmLib:	  133788 kB
20220313 002248.000 INFO             PET0 PIOc_sync Enter - MemInfo: [/proc/self/status]	VmPTE:	     440 kB
20220313 002248.000 INFO             PET0 PIOc_sync Enter - MemInfo: [/proc/self/status]	VmPMD:	      12 kB
20220313 002248.000 INFO             PET0 PIOc_sync Enter - MemInfo: [/proc/self/status]	VmSwap:	       0 kB
20220313 002248.000 INFO             PET0 PIOc_sync Enter - MemInfo: [/proc/self/status]	VmRSSPercent: 0.0690599 %
20220313 002248.000 INFO             PET0 PIOc_sync Enter - MemInfo: [malloc] Non-mmapped space allocated:                10452992 Byte
20220313 002248.000 INFO             PET0 PIOc_sync Enter - MemInfo: [malloc] Space allocated in mmapped regions:          4337664 Byte
20220313 002248.000 INFO             PET0 PIOc_sync Enter - MemInfo: [malloc] Maximum total allocated space:                     0 Byte
20220313 002248.000 INFO             PET0 PIOc_sync Enter - MemInfo: [malloc] Space in freed fastbin blocks:                   112 Byte
20220313 002248.000 INFO             PET0 PIOc_sync Enter - MemInfo: [malloc] Total allocated space:                      10295968 Byte
20220313 002248.000 INFO             PET0 PIOc_sync Enter - MemInfo: [malloc] Total free space:                             157024 Byte
20220313 002248.000 INFO             PET0 PIOc_sync Enter - MemInfo: [malloc] Top-most, releasable space:                   133232 Byte
20220313 002248.000 INFO             PET0 PIOc_sync Enter - MemInfo: [malloc] Total space in use, mmap + non-mmap:        14633632 Byte
20220313 002248.000 INFO             PET0 PIOc_sync Enter - MemInfo: [malloc] Total space held (mmap + non-mmap):         14790656 Byte
20220313 002248.000 INFO             PET0 PIOc_sync Enter - MemInfo: [malloc] Total space used (mmap + non-mmap):         14641952 Byte
20220313 002248.000 INFO             PET0 PIOc_sync Enter - MemInfo: Wall-clock time since execution start:                4.69826 seconds
20220313 002248.000 INFO             PET0 PIOc_sync Exit - MemInfo: [/proc/meminfo - SSI]	MemTotal:       65855856 kB
20220313 002248.000 INFO             PET0 PIOc_sync Exit - MemInfo: [/proc/meminfo - SSI]	MemFree:        61043960 kB
20220313 002248.000 INFO             PET0 PIOc_sync Exit - MemInfo: [/proc/meminfo - SSI]	MemAvailable:   60873676 kB
20220313 002248.000 INFO             PET0 PIOc_sync Exit - MemInfo: [/proc/meminfo - SSI]	Committed_AS:    3177128 kB
20220313 002248.000 INFO             PET0 PIOc_sync Exit - MemInfo: [/proc/meminfo - SSI]	CommittedPercent: 4.82437 %
20220313 002248.000 INFO             PET0 PIOc_sync Exit - MemInfo: [/proc/self/status]	VmPeak:	  269292 kB
20220313 002248.000 INFO             PET0 PIOc_sync Exit - MemInfo: [/proc/self/status]	VmSize:	  269292 kB
20220313 002248.000 INFO             PET0 PIOc_sync Exit - MemInfo: [/proc/self/status]	VmLck:	       0 kB
20220313 002248.000 INFO             PET0 PIOc_sync Exit - MemInfo: [/proc/self/status]	VmPin:	       0 kB
20220313 002248.000 INFO             PET0 PIOc_sync Exit - MemInfo: [/proc/self/status]	VmHWM:	   49572 kB
20220313 002248.000 INFO             PET0 PIOc_sync Exit - MemInfo: [/proc/self/status]	VmRSS:	   45480 kB
20220313 002248.000 INFO             PET0 PIOc_sync Exit - MemInfo: [/proc/self/status]	VmData:	   35240 kB
20220313 002248.000 INFO             PET0 PIOc_sync Exit - MemInfo: [/proc/self/status]	VmStk:	     508 kB
20220313 002248.000 INFO             PET0 PIOc_sync Exit - MemInfo: [/proc/self/status]	VmExe:	     880 kB
20220313 002248.000 INFO             PET0 PIOc_sync Exit - MemInfo: [/proc/self/status]	VmLib:	  133788 kB
20220313 002248.000 INFO             PET0 PIOc_sync Exit - MemInfo: [/proc/self/status]	VmPTE:	     440 kB
20220313 002248.000 INFO             PET0 PIOc_sync Exit - MemInfo: [/proc/self/status]	VmPMD:	      12 kB
20220313 002248.000 INFO             PET0 PIOc_sync Exit - MemInfo: [/proc/self/status]	VmSwap:	       0 kB
20220313 002248.000 INFO             PET0 PIOc_sync Exit - MemInfo: [/proc/self/status]	VmRSSPercent: 0.0690599 %
20220313 002248.000 INFO             PET0 PIOc_sync Exit - MemInfo: [malloc] Non-mmapped space allocated:                10452992 Byte
20220313 002248.000 INFO             PET0 PIOc_sync Exit - MemInfo: [malloc] Space allocated in mmapped regions:          4337664 Byte
20220313 002248.000 INFO             PET0 PIOc_sync Exit - MemInfo: [malloc] Maximum total allocated space:                     0 Byte
20220313 002248.000 INFO             PET0 PIOc_sync Exit - MemInfo: [malloc] Space in freed fastbin blocks:                     0 Byte
20220313 002248.000 INFO             PET0 PIOc_sync Exit - MemInfo: [malloc] Total allocated space:                      10297040 Byte
20220313 002248.000 INFO             PET0 PIOc_sync Exit - MemInfo: [malloc] Total free space:                             155952 Byte
20220313 002248.000 INFO             PET0 PIOc_sync Exit - MemInfo: [malloc] Top-most, releasable space:                   133232 Byte
20220313 002248.000 INFO             PET0 PIOc_sync Exit - MemInfo: [malloc] Total space in use, mmap + non-mmap:        14634704 Byte
20220313 002248.000 INFO             PET0 PIOc_sync Exit - MemInfo: [malloc] Total space held (mmap + non-mmap):         14790656 Byte
20220313 002248.000 INFO             PET0 PIOc_sync Exit - MemInfo: [malloc] Total space used (mmap + non-mmap):         14643024 Byte
20220313 002248.000 INFO             PET0 PIOc_sync Exit - MemInfo: Wall-clock time since execution start:                4.69879 seconds
20220313 002248.000 INFO             PET0 PIOc_freedecomp Enter - MemInfo: [/proc/meminfo - SSI]	MemTotal:       65855856 kB
20220313 002248.000 INFO             PET0 PIOc_freedecomp Enter - MemInfo: [/proc/meminfo - SSI]	MemFree:        61043960 kB
20220313 002248.000 INFO             PET0 PIOc_freedecomp Enter - MemInfo: [/proc/meminfo - SSI]	MemAvailable:   60873676 kB
20220313 002248.000 INFO             PET0 PIOc_freedecomp Enter - MemInfo: [/proc/meminfo - SSI]	Committed_AS:    3177128 kB
20220313 002248.000 INFO             PET0 PIOc_freedecomp Enter - MemInfo: [/proc/meminfo - SSI]	CommittedPercent: 4.82437 %
20220313 002248.000 INFO             PET0 PIOc_freedecomp Enter - MemInfo: [/proc/self/status]	VmPeak:	  269292 kB
20220313 002248.001 INFO             PET0 PIOc_freedecomp Enter - MemInfo: [/proc/self/status]	VmSize:	  269292 kB
20220313 002248.001 INFO             PET0 PIOc_freedecomp Enter - MemInfo: [/proc/self/status]	VmLck:	       0 kB
20220313 002248.001 INFO             PET0 PIOc_freedecomp Enter - MemInfo: [/proc/self/status]	VmPin:	       0 kB
20220313 002248.001 INFO             PET0 PIOc_freedecomp Enter - MemInfo: [/proc/self/status]	VmHWM:	   49572 kB
20220313 002248.001 INFO             PET0 PIOc_freedecomp Enter - MemInfo: [/proc/self/status]	VmRSS:	   45480 kB
20220313 002248.001 INFO             PET0 PIOc_freedecomp Enter - MemInfo: [/proc/self/status]	VmData:	   35240 kB
20220313 002248.001 INFO             PET0 PIOc_freedecomp Enter - MemInfo: [/proc/self/status]	VmStk:	     508 kB
20220313 002248.001 INFO             PET0 PIOc_freedecomp Enter - MemInfo: [/proc/self/status]	VmExe:	     880 kB
20220313 002248.001 INFO             PET0 PIOc_freedecomp Enter - MemInfo: [/proc/self/status]	VmLib:	  133788 kB
20220313 002248.001 INFO             PET0 PIOc_freedecomp Enter - MemInfo: [/proc/self/status]	VmPTE:	     440 kB
20220313 002248.001 INFO             PET0 PIOc_freedecomp Enter - MemInfo: [/proc/self/status]	VmPMD:	      12 kB
20220313 002248.001 INFO             PET0 PIOc_freedecomp Enter - MemInfo: [/proc/self/status]	VmSwap:	       0 kB
20220313 002248.001 INFO             PET0 PIOc_freedecomp Enter - MemInfo: [/proc/self/status]	VmRSSPercent: 0.0690599 %
20220313 002248.001 INFO             PET0 PIOc_freedecomp Enter - MemInfo: [malloc] Non-mmapped space allocated:                10452992 Byte
20220313 002248.001 INFO             PET0 PIOc_freedecomp Enter - MemInfo: [malloc] Space allocated in mmapped regions:          4337664 Byte
20220313 002248.001 INFO             PET0 PIOc_freedecomp Enter - MemInfo: [malloc] Maximum total allocated space:                     0 Byte
20220313 002248.001 INFO             PET0 PIOc_freedecomp Enter - MemInfo: [malloc] Space in freed fastbin blocks:                   256 Byte
20220313 002248.001 INFO             PET0 PIOc_freedecomp Enter - MemInfo: [malloc] Total allocated space:                       1372976 Byte
20220313 002248.001 INFO             PET0 PIOc_freedecomp Enter - MemInfo: [malloc] Total free space:                            9080016 Byte
20220313 002248.001 INFO             PET0 PIOc_freedecomp Enter - MemInfo: [malloc] Top-most, releasable space:                  9046160 Byte
20220313 002248.001 INFO             PET0 PIOc_freedecomp Enter - MemInfo: [malloc] Total space in use, mmap + non-mmap:         5710640 Byte
20220313 002248.001 INFO             PET0 PIOc_freedecomp Enter - MemInfo: [malloc] Total space held (mmap + non-mmap):         14790656 Byte
20220313 002248.001 INFO             PET0 PIOc_freedecomp Enter - MemInfo: [malloc] Total space used (mmap + non-mmap):          5718848 Byte
20220313 002248.001 INFO             PET0 PIOc_freedecomp Enter - MemInfo: Wall-clock time since execution start:                4.69935 seconds
20220313 002248.001 INFO             PET0 PIOc_freedecomp Exit - MemInfo: [/proc/meminfo - SSI]	MemTotal:       65855856 kB
20220313 002248.001 INFO             PET0 PIOc_freedecomp Exit - MemInfo: [/proc/meminfo - SSI]	MemFree:        61043960 kB
20220313 002248.001 INFO             PET0 PIOc_freedecomp Exit - MemInfo: [/proc/meminfo - SSI]	MemAvailable:   60873676 kB
20220313 002248.001 INFO             PET0 PIOc_freedecomp Exit - MemInfo: [/proc/meminfo - SSI]	Committed_AS:    3177128 kB
20220313 002248.001 INFO             PET0 PIOc_freedecomp Exit - MemInfo: [/proc/meminfo - SSI]	CommittedPercent: 4.82437 %
20220313 002248.001 INFO             PET0 PIOc_freedecomp Exit - MemInfo: [/proc/self/status]	VmPeak:	  269292 kB
20220313 002248.001 INFO             PET0 PIOc_freedecomp Exit - MemInfo: [/proc/self/status]	VmSize:	  269292 kB
20220313 002248.001 INFO             PET0 PIOc_freedecomp Exit - MemInfo: [/proc/self/status]	VmLck:	       0 kB
20220313 002248.001 INFO             PET0 PIOc_freedecomp Exit - MemInfo: [/proc/self/status]	VmPin:	       0 kB
20220313 002248.001 INFO             PET0 PIOc_freedecomp Exit - MemInfo: [/proc/self/status]	VmHWM:	   49572 kB
20220313 002248.001 INFO             PET0 PIOc_freedecomp Exit - MemInfo: [/proc/self/status]	VmRSS:	   45480 kB
20220313 002248.001 INFO             PET0 PIOc_freedecomp Exit - MemInfo: [/proc/self/status]	VmData:	   35240 kB
20220313 002248.001 INFO             PET0 PIOc_freedecomp Exit - MemInfo: [/proc/self/status]	VmStk:	     508 kB
20220313 002248.001 INFO             PET0 PIOc_freedecomp Exit - MemInfo: [/proc/self/status]	VmExe:	     880 kB
20220313 002248.001 INFO             PET0 PIOc_freedecomp Exit - MemInfo: [/proc/self/status]	VmLib:	  133788 kB
20220313 002248.001 INFO             PET0 PIOc_freedecomp Exit - MemInfo: [/proc/self/status]	VmPTE:	     440 kB
20220313 002248.001 INFO             PET0 PIOc_freedecomp Exit - MemInfo: [/proc/self/status]	VmPMD:	      12 kB
20220313 002248.001 INFO             PET0 PIOc_freedecomp Exit - MemInfo: [/proc/self/status]	VmSwap:	       0 kB
20220313 002248.001 INFO             PET0 PIOc_freedecomp Exit - MemInfo: [/proc/self/status]	VmRSSPercent: 0.0690599 %
20220313 002248.001 INFO             PET0 PIOc_freedecomp Exit - MemInfo: [malloc] Non-mmapped space allocated:                10452992 Byte
20220313 002248.001 INFO             PET0 PIOc_freedecomp Exit - MemInfo: [malloc] Space allocated in mmapped regions:          4337664 Byte
20220313 002248.001 INFO             PET0 PIOc_freedecomp Exit - MemInfo: [malloc] Maximum total allocated space:                     0 Byte
20220313 002248.001 INFO             PET0 PIOc_freedecomp Exit - MemInfo: [malloc] Space in freed fastbin blocks:                   944 Byte
20220313 002248.001 INFO             PET0 PIOc_freedecomp Exit - MemInfo: [malloc] Total allocated space:                       1369136 Byte
20220313 002248.001 INFO             PET0 PIOc_freedecomp Exit - MemInfo: [malloc] Total free space:                            9083856 Byte
20220313 002248.001 INFO             PET0 PIOc_freedecomp Exit - MemInfo: [malloc] Top-most, releasable space:                  9046160 Byte
20220313 002248.001 INFO             PET0 PIOc_freedecomp Exit - MemInfo: [malloc] Total space in use, mmap + non-mmap:         5706800 Byte
20220313 002248.001 INFO             PET0 PIOc_freedecomp Exit - MemInfo: [malloc] Total space held (mmap + non-mmap):         14790656 Byte
20220313 002248.001 INFO             PET0 PIOc_freedecomp Exit - MemInfo: [malloc] Total space used (mmap + non-mmap):          5715008 Byte
20220313 002248.001 INFO             PET0 PIOc_freedecomp Exit - MemInfo: Wall-clock time since execution start:                4.69975 seconds
20220313 002248.003 INFO             PET0 PIOc_sync Enter - MemInfo: [/proc/meminfo - SSI]	MemTotal:       65855856 kB
20220313 002248.003 INFO             PET0 PIOc_sync Enter - MemInfo: [/proc/meminfo - SSI]	MemFree:        61042952 kB
20220313 002248.003 INFO             PET0 PIOc_sync Enter - MemInfo: [/proc/meminfo - SSI]	MemAvailable:   60872668 kB
20220313 002248.003 INFO             PET0 PIOc_sync Enter - MemInfo: [/proc/meminfo - SSI]	Committed_AS:    3177128 kB
20220313 002248.003 INFO             PET0 PIOc_sync Enter - MemInfo: [/proc/meminfo - SSI]	CommittedPercent: 4.82437 %
20220313 002248.003 INFO             PET0 PIOc_sync Enter - MemInfo: [/proc/self/status]	VmPeak:	  269292 kB
20220313 002248.003 INFO             PET0 PIOc_sync Enter - MemInfo: [/proc/self/status]	VmSize:	  269292 kB
20220313 002248.003 INFO             PET0 PIOc_sync Enter - MemInfo: [/proc/self/status]	VmLck:	       0 kB
20220313 002248.003 INFO             PET0 PIOc_sync Enter - MemInfo: [/proc/self/status]	VmPin:	       0 kB
20220313 002248.003 INFO             PET0 PIOc_sync Enter - MemInfo: [/proc/self/status]	VmHWM:	   49572 kB
20220313 002248.003 INFO             PET0 PIOc_sync Enter - MemInfo: [/proc/self/status]	VmRSS:	   46008 kB
20220313 002248.003 INFO             PET0 PIOc_sync Enter - MemInfo: [/proc/self/status]	VmData:	   35240 kB
20220313 002248.003 INFO             PET0 PIOc_sync Enter - MemInfo: [/proc/self/status]	VmStk:	     508 kB
20220313 002248.003 INFO             PET0 PIOc_sync Enter - MemInfo: [/proc/self/status]	VmExe:	     880 kB
20220313 002248.003 INFO             PET0 PIOc_sync Enter - MemInfo: [/proc/self/status]	VmLib:	  133788 kB
20220313 002248.003 INFO             PET0 PIOc_sync Enter - MemInfo: [/proc/self/status]	VmPTE:	     440 kB
20220313 002248.003 INFO             PET0 PIOc_sync Enter - MemInfo: [/proc/self/status]	VmPMD:	      12 kB
20220313 002248.003 INFO             PET0 PIOc_sync Enter - MemInfo: [/proc/self/status]	VmSwap:	       0 kB
20220313 002248.003 INFO             PET0 PIOc_sync Enter - MemInfo: [/proc/self/status]	VmRSSPercent: 0.0698617 %
20220313 002248.003 INFO             PET0 PIOc_sync Enter - MemInfo: [malloc] Non-mmapped space allocated:                10452992 Byte
20220313 002248.003 INFO             PET0 PIOc_sync Enter - MemInfo: [malloc] Space allocated in mmapped regions:          4337664 Byte
20220313 002248.003 INFO             PET0 PIOc_sync Enter - MemInfo: [malloc] Maximum total allocated space:                     0 Byte
20220313 002248.003 INFO             PET0 PIOc_sync Enter - MemInfo: [malloc] Space in freed fastbin blocks:                   304 Byte
20220313 002248.003 INFO             PET0 PIOc_sync Enter - MemInfo: [malloc] Total allocated space:                      10297808 Byte
20220313 002248.003 INFO             PET0 PIOc_sync Enter - MemInfo: [malloc] Total free space:                             155184 Byte
20220313 002248.003 INFO             PET0 PIOc_sync Enter - MemInfo: [malloc] Top-most, releasable space:                   133232 Byte
20220313 002248.003 INFO             PET0 PIOc_sync Enter - MemInfo: [malloc] Total space in use, mmap + non-mmap:        14635472 Byte
20220313 002248.003 INFO             PET0 PIOc_sync Enter - MemInfo: [malloc] Total space held (mmap + non-mmap):         14790656 Byte
20220313 002248.003 INFO             PET0 PIOc_sync Enter - MemInfo: [malloc] Total space used (mmap + non-mmap):         14643792 Byte
20220313 002248.003 INFO             PET0 PIOc_sync Enter - MemInfo: Wall-clock time since execution start:                4.70187 seconds
20220313 002248.003 INFO             PET0 PIOc_sync Exit - MemInfo: [/proc/meminfo - SSI]	MemTotal:       65855856 kB
20220313 002248.003 INFO             PET0 PIOc_sync Exit - MemInfo: [/proc/meminfo - SSI]	MemFree:        61042952 kB
20220313 002248.004 INFO             PET0 PIOc_sync Exit - MemInfo: [/proc/meminfo - SSI]	MemAvailable:   60872668 kB
20220313 002248.004 INFO             PET0 PIOc_sync Exit - MemInfo: [/proc/meminfo - SSI]	Committed_AS:    3177128 kB
20220313 002248.004 INFO             PET0 PIOc_sync Exit - MemInfo: [/proc/meminfo - SSI]	CommittedPercent: 4.82437 %
20220313 002248.004 INFO             PET0 PIOc_sync Exit - MemInfo: [/proc/self/status]	VmPeak:	  269292 kB
20220313 002248.004 INFO             PET0 PIOc_sync Exit - MemInfo: [/proc/self/status]	VmSize:	  269292 kB
20220313 002248.004 INFO             PET0 PIOc_sync Exit - MemInfo: [/proc/self/status]	VmLck:	       0 kB
20220313 002248.004 INFO             PET0 PIOc_sync Exit - MemInfo: [/proc/self/status]	VmPin:	       0 kB
20220313 002248.004 INFO             PET0 PIOc_sync Exit - MemInfo: [/proc/self/status]	VmHWM:	   49572 kB
20220313 002248.004 INFO             PET0 PIOc_sync Exit - MemInfo: [/proc/self/status]	VmRSS:	   46008 kB
20220313 002248.004 INFO             PET0 PIOc_sync Exit - MemInfo: [/proc/self/status]	VmData:	   35240 kB
20220313 002248.004 INFO             PET0 PIOc_sync Exit - MemInfo: [/proc/self/status]	VmStk:	     508 kB
20220313 002248.004 INFO             PET0 PIOc_sync Exit - MemInfo: [/proc/self/status]	VmExe:	     880 kB
20220313 002248.004 INFO             PET0 PIOc_sync Exit - MemInfo: [/proc/self/status]	VmLib:	  133788 kB
20220313 002248.004 INFO             PET0 PIOc_sync Exit - MemInfo: [/proc/self/status]	VmPTE:	     440 kB
20220313 002248.004 INFO             PET0 PIOc_sync Exit - MemInfo: [/proc/self/status]	VmPMD:	      12 kB
20220313 002248.004 INFO             PET0 PIOc_sync Exit - MemInfo: [/proc/self/status]	VmSwap:	       0 kB
20220313 002248.004 INFO             PET0 PIOc_sync Exit - MemInfo: [/proc/self/status]	VmRSSPercent: 0.0698617 %
20220313 002248.004 INFO             PET0 PIOc_sync Exit - MemInfo: [malloc] Non-mmapped space allocated:                10452992 Byte
20220313 002248.004 INFO             PET0 PIOc_sync Exit - MemInfo: [malloc] Space allocated in mmapped regions:          4337664 Byte
20220313 002248.004 INFO             PET0 PIOc_sync Exit - MemInfo: [malloc] Maximum total allocated space:                     0 Byte
20220313 002248.004 INFO             PET0 PIOc_sync Exit - MemInfo: [malloc] Space in freed fastbin blocks:                     0 Byte
20220313 002248.004 INFO             PET0 PIOc_sync Exit - MemInfo: [malloc] Total allocated space:                      10298592 Byte
20220313 002248.004 INFO             PET0 PIOc_sync Exit - MemInfo: [malloc] Total free space:                             154400 Byte
20220313 002248.004 INFO             PET0 PIOc_sync Exit - MemInfo: [malloc] Top-most, releasable space:                   133232 Byte
20220313 002248.004 INFO             PET0 PIOc_sync Exit - MemInfo: [malloc] Total space in use, mmap + non-mmap:        14636256 Byte
20220313 002248.004 INFO             PET0 PIOc_sync Exit - MemInfo: [malloc] Total space held (mmap + non-mmap):         14790656 Byte
20220313 002248.004 INFO             PET0 PIOc_sync Exit - MemInfo: [malloc] Total space used (mmap + non-mmap):         14644576 Byte
20220313 002248.004 INFO             PET0 PIOc_sync Exit - MemInfo: Wall-clock time since execution start:                4.70242 seconds
20220313 002248.004 INFO             PET0 PIOc_freedecomp Enter - MemInfo: [/proc/meminfo - SSI]	MemTotal:       65855856 kB
20220313 002248.004 INFO             PET0 PIOc_freedecomp Enter - MemInfo: [/proc/meminfo - SSI]	MemFree:        61042952 kB
20220313 002248.004 INFO             PET0 PIOc_freedecomp Enter - MemInfo: [/proc/meminfo - SSI]	MemAvailable:   60872668 kB
20220313 002248.004 INFO             PET0 PIOc_freedecomp Enter - MemInfo: [/proc/meminfo - SSI]	Committed_AS:    3177128 kB
20220313 002248.004 INFO             PET0 PIOc_freedecomp Enter - MemInfo: [/proc/meminfo - SSI]	CommittedPercent: 4.82437 %
20220313 002248.004 INFO             PET0 PIOc_freedecomp Enter - MemInfo: [/proc/self/status]	VmPeak:	  269292 kB
20220313 002248.004 INFO             PET0 PIOc_freedecomp Enter - MemInfo: [/proc/self/status]	VmSize:	  269292 kB
20220313 002248.004 INFO             PET0 PIOc_freedecomp Enter - MemInfo: [/proc/self/status]	VmLck:	       0 kB
20220313 002248.004 INFO             PET0 PIOc_freedecomp Enter - MemInfo: [/proc/self/status]	VmPin:	       0 kB
20220313 002248.004 INFO             PET0 PIOc_freedecomp Enter - MemInfo: [/proc/self/status]	VmHWM:	   49572 kB
20220313 002248.004 INFO             PET0 PIOc_freedecomp Enter - MemInfo: [/proc/self/status]	VmRSS:	   46008 kB
20220313 002248.004 INFO             PET0 PIOc_freedecomp Enter - MemInfo: [/proc/self/status]	VmData:	   35240 kB
20220313 002248.004 INFO             PET0 PIOc_freedecomp Enter - MemInfo: [/proc/self/status]	VmStk:	     508 kB
20220313 002248.004 INFO             PET0 PIOc_freedecomp Enter - MemInfo: [/proc/self/status]	VmExe:	     880 kB
20220313 002248.004 INFO             PET0 PIOc_freedecomp Enter - MemInfo: [/proc/self/status]	VmLib:	  133788 kB
20220313 002248.004 INFO             PET0 PIOc_freedecomp Enter - MemInfo: [/proc/self/status]	VmPTE:	     440 kB
20220313 002248.004 INFO             PET0 PIOc_freedecomp Enter - MemInfo: [/proc/self/status]	VmPMD:	      12 kB
20220313 002248.004 INFO             PET0 PIOc_freedecomp Enter - MemInfo: [/proc/self/status]	VmSwap:	       0 kB
20220313 002248.004 INFO             PET0 PIOc_freedecomp Enter - MemInfo: [/proc/self/status]	VmRSSPercent: 0.0698617 %
20220313 002248.004 INFO             PET0 PIOc_freedecomp Enter - MemInfo: [malloc] Non-mmapped space allocated:                10452992 Byte
20220313 002248.004 INFO             PET0 PIOc_freedecomp Enter - MemInfo: [malloc] Space allocated in mmapped regions:          4337664 Byte
20220313 002248.004 INFO             PET0 PIOc_freedecomp Enter - MemInfo: [malloc] Maximum total allocated space:                     0 Byte
20220313 002248.004 INFO             PET0 PIOc_freedecomp Enter - MemInfo: [malloc] Space in freed fastbin blocks:                   160 Byte
20220313 002248.004 INFO             PET0 PIOc_freedecomp Enter - MemInfo: [malloc] Total allocated space:                       1373984 Byte
20220313 002248.004 INFO             PET0 PIOc_freedecomp Enter - MemInfo: [malloc] Total free space:                            9079008 Byte
20220313 002248.004 INFO             PET0 PIOc_freedecomp Enter - MemInfo: [malloc] Top-most, releasable space:                  9046160 Byte
20220313 002248.004 INFO             PET0 PIOc_freedecomp Enter - MemInfo: [malloc] Total space in use, mmap + non-mmap:         5711648 Byte
20220313 002248.004 INFO             PET0 PIOc_freedecomp Enter - MemInfo: [malloc] Total space held (mmap + non-mmap):         14790656 Byte
20220313 002248.004 INFO             PET0 PIOc_freedecomp Enter - MemInfo: [malloc] Total space used (mmap + non-mmap):          5719856 Byte
20220313 002248.004 INFO             PET0 PIOc_freedecomp Enter - MemInfo: Wall-clock time since execution start:                4.70297 seconds
20220313 002248.004 INFO             PET0 PIOc_freedecomp Exit - MemInfo: [/proc/meminfo - SSI]	MemTotal:       65855856 kB
20220313 002248.004 INFO             PET0 PIOc_freedecomp Exit - MemInfo: [/proc/meminfo - SSI]	MemFree:        61042952 kB
20220313 002248.004 INFO             PET0 PIOc_freedecomp Exit - MemInfo: [/proc/meminfo - SSI]	MemAvailable:   60872668 kB
20220313 002248.004 INFO             PET0 PIOc_freedecomp Exit - MemInfo: [/proc/meminfo - SSI]	Committed_AS:    3177128 kB
20220313 002248.004 INFO             PET0 PIOc_freedecomp Exit - MemInfo: [/proc/meminfo - SSI]	CommittedPercent: 4.82437 %
20220313 002248.005 INFO             PET0 PIOc_freedecomp Exit - MemInfo: [/proc/self/status]	VmPeak:	  269292 kB
20220313 002248.005 INFO             PET0 PIOc_freedecomp Exit - MemInfo: [/proc/self/status]	VmSize:	  269292 kB
20220313 002248.005 INFO             PET0 PIOc_freedecomp Exit - MemInfo: [/proc/self/status]	VmLck:	       0 kB
20220313 002248.005 INFO             PET0 PIOc_freedecomp Exit - MemInfo: [/proc/self/status]	VmPin:	       0 kB
20220313 002248.005 INFO             PET0 PIOc_freedecomp Exit - MemInfo: [/proc/self/status]	VmHWM:	   49572 kB
20220313 002248.005 INFO             PET0 PIOc_freedecomp Exit - MemInfo: [/proc/self/status]	VmRSS:	   46008 kB
20220313 002248.005 INFO             PET0 PIOc_freedecomp Exit - MemInfo: [/proc/self/status]	VmData:	   35240 kB
20220313 002248.005 INFO             PET0 PIOc_freedecomp Exit - MemInfo: [/proc/self/status]	VmStk:	     508 kB
20220313 002248.005 INFO             PET0 PIOc_freedecomp Exit - MemInfo: [/proc/self/status]	VmExe:	     880 kB
20220313 002248.005 INFO             PET0 PIOc_freedecomp Exit - MemInfo: [/proc/self/status]	VmLib:	  133788 kB
20220313 002248.005 INFO             PET0 PIOc_freedecomp Exit - MemInfo: [/proc/self/status]	VmPTE:	     440 kB
20220313 002248.005 INFO             PET0 PIOc_freedecomp Exit - MemInfo: [/proc/self/status]	VmPMD:	      12 kB
20220313 002248.005 INFO             PET0 PIOc_freedecomp Exit - MemInfo: [/proc/self/status]	VmSwap:	       0 kB
20220313 002248.005 INFO             PET0 PIOc_freedecomp Exit - MemInfo: [/proc/self/status]	VmRSSPercent: 0.0698617 %
20220313 002248.005 INFO             PET0 PIOc_freedecomp Exit - MemInfo: [malloc] Non-mmapped space allocated:                10452992 Byte
20220313 002248.005 INFO             PET0 PIOc_freedecomp Exit - MemInfo: [malloc] Space allocated in mmapped regions:          4337664 Byte
20220313 002248.005 INFO             PET0 PIOc_freedecomp Exit - MemInfo: [malloc] Maximum total allocated space:                     0 Byte
20220313 002248.005 INFO             PET0 PIOc_freedecomp Exit - MemInfo: [malloc] Space in freed fastbin blocks:                   960 Byte
20220313 002248.005 INFO             PET0 PIOc_freedecomp Exit - MemInfo: [malloc] Total allocated space:                       1370128 Byte
20220313 002248.005 INFO             PET0 PIOc_freedecomp Exit - MemInfo: [malloc] Total free space:                            9082864 Byte
20220313 002248.005 INFO             PET0 PIOc_freedecomp Exit - MemInfo: [malloc] Top-most, releasable space:                  9046160 Byte
20220313 002248.005 INFO             PET0 PIOc_freedecomp Exit - MemInfo: [malloc] Total space in use, mmap + non-mmap:         5707792 Byte
20220313 002248.005 INFO             PET0 PIOc_freedecomp Exit - MemInfo: [malloc] Total space held (mmap + non-mmap):         14790656 Byte
20220313 002248.005 INFO             PET0 PIOc_freedecomp Exit - MemInfo: [malloc] Total space used (mmap + non-mmap):          5716000 Byte
20220313 002248.005 INFO             PET0 PIOc_freedecomp Exit - MemInfo: Wall-clock time since execution start:                4.70337 seconds
20220313 002248.005 INFO             PET0 PASS ESMC_FieldRegridStoreFile test, ESMC_FieldSMMFromFileUTest.C, line 199
20220313 002248.011 INFO             PET0 PASS ESMC_FieldSMMStore from File test, ESMC_FieldSMMFromFileUTest.C, line 229
20220313 002248.011 INFO             PET0 PASS ESMC_FieldSMMStore From File validation, ESMC_FieldSMMFromFileUTest.C, line 257
20220313 002248.011 INFO             PET0 PASS ESMC_FieldRegridRelease, ESMC_FieldSMMFromFileUTest.C, line 271
20220313 002248.011 INFO             PET0 Ending Test, file ESMC_FieldSMMFromFileUTest.C, line 289
20220313 002248.011 INFO             PET0 Finalizing ESMF
20220313 002243.317 INFO             PET1 !!!!!!!!!!!!!!!!!!!!!!!!!!!!!!!!!!!!!!!!!!!!!!!!!!!!!!
20220313 002243.317 INFO             PET1 !!! THE ESMF_LOG IS SET TO OUTPUT ALL LOG MESSAGES !!!
20220313 002243.317 INFO             PET1 !!!     THIS MAY CAUSE SLOWDOWN IN PERFORMANCE     !!!
20220313 002243.317 INFO             PET1 !!! FOR PRODUCTION RUNS, USE:                      !!!
20220313 002243.317 INFO             PET1 !!!                   ESMF_LOGKIND_Multi_On_Error  !!!
20220313 002243.317 INFO             PET1 !!!!!!!!!!!!!!!!!!!!!!!!!!!!!!!!!!!!!!!!!!!!!!!!!!!!!!
20220313 002243.317 INFO             PET1 Running with ESMF Version   : v8.3.0b09-96-g559b459836
20220313 002243.317 INFO             PET1 ESMF library build date/time: "Mar 13 2022" "00:01:08"
20220313 002243.317 INFO             PET1 ESMF library build location : /lustre/f2/dev/ncep/Mark.Potts/intel_2019.5_mpi_g_jedwards_pio_update2
20220313 002243.317 INFO             PET1 ESMF_COMM                   : mpi
20220313 002243.318 INFO             PET1 ESMF_MOAB                   : enabled
20220313 002243.318 INFO             PET1 ESMF_LAPACK                 : enabled
20220313 002243.318 INFO             PET1 ESMF_NETCDF                 : enabled
20220313 002243.318 INFO             PET1 ESMF_PNETCDF                : disabled
20220313 002243.318 INFO             PET1 ESMF_PIO                    : enabled
20220313 002243.318 INFO             PET1 ESMF_YAMLCPP                : enabled
20220313 002243.318 INFO             PET1 Beginning Test, file ESMC_FieldSMMFromFileUTest.C, line 41
20220313 002243.318 INFO             PET1 Beginning Test, file ESMC_FieldSMMFromFileUTest.C, line 41NUMBER_OF_PROCESSORS 4
20220313 002243.357 INFO             PET1 PIOc_sync Enter - MemInfo: [/proc/meminfo - SSI]	MemTotal:       65855856 kB
20220313 002243.357 INFO             PET1 PIOc_sync Enter - MemInfo: [/proc/meminfo - SSI]	MemFree:        61029620 kB
20220313 002243.357 INFO             PET1 PIOc_sync Enter - MemInfo: [/proc/meminfo - SSI]	MemAvailable:   60857672 kB
20220313 002243.357 INFO             PET1 PIOc_sync Enter - MemInfo: [/proc/meminfo - SSI]	Committed_AS:    3176736 kB
20220313 002243.357 INFO             PET1 PIOc_sync Enter - MemInfo: [/proc/meminfo - SSI]	CommittedPercent: 4.82377 %
20220313 002243.357 INFO             PET1 PIOc_sync Enter - MemInfo: [/proc/self/status]	VmPeak:	  260320 kB
20220313 002243.357 INFO             PET1 PIOc_sync Enter - MemInfo: [/proc/self/status]	VmSize:	  260040 kB
20220313 002243.357 INFO             PET1 PIOc_sync Enter - MemInfo: [/proc/self/status]	VmLck:	       0 kB
20220313 002243.357 INFO             PET1 PIOc_sync Enter - MemInfo: [/proc/self/status]	VmPin:	       0 kB
20220313 002243.357 INFO             PET1 PIOc_sync Enter - MemInfo: [/proc/self/status]	VmHWM:	   39496 kB
20220313 002243.357 INFO             PET1 PIOc_sync Enter - MemInfo: [/proc/self/status]	VmRSS:	   39496 kB
20220313 002243.357 INFO             PET1 PIOc_sync Enter - MemInfo: [/proc/self/status]	VmData:	   25952 kB
20220313 002243.357 INFO             PET1 PIOc_sync Enter - MemInfo: [/proc/self/status]	VmStk:	     508 kB
20220313 002243.357 INFO             PET1 PIOc_sync Enter - MemInfo: [/proc/self/status]	VmExe:	     880 kB
20220313 002243.357 INFO             PET1 PIOc_sync Enter - MemInfo: [/proc/self/status]	VmLib:	  133788 kB
20220313 002243.357 INFO             PET1 PIOc_sync Enter - MemInfo: [/proc/self/status]	VmPTE:	     412 kB
20220313 002243.357 INFO             PET1 PIOc_sync Enter - MemInfo: [/proc/self/status]	VmPMD:	      12 kB
20220313 002243.357 INFO             PET1 PIOc_sync Enter - MemInfo: [/proc/self/status]	VmSwap:	       0 kB
20220313 002243.357 INFO             PET1 PIOc_sync Enter - MemInfo: [/proc/self/status]	VmRSSPercent: 0.0599734 %
20220313 002243.357 INFO             PET1 PIOc_sync Enter - MemInfo: [malloc] Non-mmapped space allocated:                 1273856 Byte
20220313 002243.357 INFO             PET1 PIOc_sync Enter - MemInfo: [malloc] Space allocated in mmapped regions:          4005888 Byte
20220313 002243.357 INFO             PET1 PIOc_sync Enter - MemInfo: [malloc] Maximum total allocated space:                     0 Byte
20220313 002243.357 INFO             PET1 PIOc_sync Enter - MemInfo: [malloc] Space in freed fastbin blocks:                     0 Byte
20220313 002243.357 INFO             PET1 PIOc_sync Enter - MemInfo: [malloc] Total allocated space:                       1129328 Byte
20220313 002243.357 INFO             PET1 PIOc_sync Enter - MemInfo: [malloc] Total free space:                             144528 Byte
20220313 002243.357 INFO             PET1 PIOc_sync Enter - MemInfo: [malloc] Top-most, releasable space:                   131568 Byte
20220313 002243.357 INFO             PET1 PIOc_sync Enter - MemInfo: [malloc] Total space in use, mmap + non-mmap:         5135216 Byte
20220313 002243.357 INFO             PET1 PIOc_sync Enter - MemInfo: [malloc] Total space held (mmap + non-mmap):          5279744 Byte
20220313 002243.357 INFO             PET1 PIOc_sync Enter - MemInfo: [malloc] Total space used (mmap + non-mmap):          5144128 Byte
20220313 002243.357 INFO             PET1 PIOc_sync Enter - MemInfo: Wall-clock time since execution start:              0.0555661 seconds
20220313 002247.994 INFO             PET1 PIOc_sync Exit - MemInfo: [/proc/meminfo - SSI]	MemTotal:       65855856 kB
20220313 002247.994 INFO             PET1 PIOc_sync Exit - MemInfo: [/proc/meminfo - SSI]	MemFree:        61039928 kB
20220313 002247.994 INFO             PET1 PIOc_sync Exit - MemInfo: [/proc/meminfo - SSI]	MemAvailable:   60869644 kB
20220313 002247.994 INFO             PET1 PIOc_sync Exit - MemInfo: [/proc/meminfo - SSI]	Committed_AS:    3176736 kB
20220313 002247.994 INFO             PET1 PIOc_sync Exit - MemInfo: [/proc/meminfo - SSI]	CommittedPercent: 4.82377 %
20220313 002247.994 INFO             PET1 PIOc_sync Exit - MemInfo: [/proc/self/status]	VmPeak:	  260320 kB
20220313 002247.994 INFO             PET1 PIOc_sync Exit - MemInfo: [/proc/self/status]	VmSize:	  260040 kB
20220313 002247.994 INFO             PET1 PIOc_sync Exit - MemInfo: [/proc/self/status]	VmLck:	       0 kB
20220313 002247.994 INFO             PET1 PIOc_sync Exit - MemInfo: [/proc/self/status]	VmPin:	       0 kB
20220313 002247.994 INFO             PET1 PIOc_sync Exit - MemInfo: [/proc/self/status]	VmHWM:	   39496 kB
20220313 002247.994 INFO             PET1 PIOc_sync Exit - MemInfo: [/proc/self/status]	VmRSS:	   39496 kB
20220313 002247.994 INFO             PET1 PIOc_sync Exit - MemInfo: [/proc/self/status]	VmData:	   25952 kB
20220313 002247.994 INFO             PET1 PIOc_sync Exit - MemInfo: [/proc/self/status]	VmStk:	     508 kB
20220313 002247.994 INFO             PET1 PIOc_sync Exit - MemInfo: [/proc/self/status]	VmExe:	     880 kB
20220313 002247.994 INFO             PET1 PIOc_sync Exit - MemInfo: [/proc/self/status]	VmLib:	  133788 kB
20220313 002247.995 INFO             PET1 PIOc_sync Exit - MemInfo: [/proc/self/status]	VmPTE:	     412 kB
20220313 002247.995 INFO             PET1 PIOc_sync Exit - MemInfo: [/proc/self/status]	VmPMD:	      12 kB
20220313 002247.995 INFO             PET1 PIOc_sync Exit - MemInfo: [/proc/self/status]	VmSwap:	       0 kB
20220313 002247.995 INFO             PET1 PIOc_sync Exit - MemInfo: [/proc/self/status]	VmRSSPercent: 0.0599734 %
20220313 002247.995 INFO             PET1 PIOc_sync Exit - MemInfo: [malloc] Non-mmapped space allocated:                 1273856 Byte
20220313 002247.995 INFO             PET1 PIOc_sync Exit - MemInfo: [malloc] Space allocated in mmapped regions:          4005888 Byte
20220313 002247.995 INFO             PET1 PIOc_sync Exit - MemInfo: [malloc] Maximum total allocated space:                     0 Byte
20220313 002247.995 INFO             PET1 PIOc_sync Exit - MemInfo: [malloc] Space in freed fastbin blocks:                     0 Byte
20220313 002247.995 INFO             PET1 PIOc_sync Exit - MemInfo: [malloc] Total allocated space:                       1130928 Byte
20220313 002247.995 INFO             PET1 PIOc_sync Exit - MemInfo: [malloc] Total free space:                             142928 Byte
20220313 002247.995 INFO             PET1 PIOc_sync Exit - MemInfo: [malloc] Top-most, releasable space:                   131344 Byte
20220313 002247.995 INFO             PET1 PIOc_sync Exit - MemInfo: [malloc] Total space in use, mmap + non-mmap:         5136816 Byte
20220313 002247.995 INFO             PET1 PIOc_sync Exit - MemInfo: [malloc] Total space held (mmap + non-mmap):          5279744 Byte
20220313 002247.995 INFO             PET1 PIOc_sync Exit - MemInfo: [malloc] Total space used (mmap + non-mmap):          5145312 Byte
20220313 002247.995 INFO             PET1 PIOc_sync Exit - MemInfo: Wall-clock time since execution start:                 4.6929 seconds
20220313 002247.995 INFO             PET1 PIOc_freedecomp Enter - MemInfo: [/proc/meminfo - SSI]	MemTotal:       65855856 kB
20220313 002247.995 INFO             PET1 PIOc_freedecomp Enter - MemInfo: [/proc/meminfo - SSI]	MemFree:        61046984 kB
20220313 002247.995 INFO             PET1 PIOc_freedecomp Enter - MemInfo: [/proc/meminfo - SSI]	MemAvailable:   60876700 kB
20220313 002247.995 INFO             PET1 PIOc_freedecomp Enter - MemInfo: [/proc/meminfo - SSI]	Committed_AS:    3168876 kB
20220313 002247.995 INFO             PET1 PIOc_freedecomp Enter - MemInfo: [/proc/meminfo - SSI]	CommittedPercent: 4.81184 %
20220313 002247.995 INFO             PET1 PIOc_freedecomp Enter - MemInfo: [/proc/self/status]	VmPeak:	  260320 kB
20220313 002247.995 INFO             PET1 PIOc_freedecomp Enter - MemInfo: [/proc/self/status]	VmSize:	  260040 kB
20220313 002247.995 INFO             PET1 PIOc_freedecomp Enter - MemInfo: [/proc/self/status]	VmLck:	       0 kB
20220313 002247.995 INFO             PET1 PIOc_freedecomp Enter - MemInfo: [/proc/self/status]	VmPin:	       0 kB
20220313 002247.995 INFO             PET1 PIOc_freedecomp Enter - MemInfo: [/proc/self/status]	VmHWM:	   39496 kB
20220313 002247.995 INFO             PET1 PIOc_freedecomp Enter - MemInfo: [/proc/self/status]	VmRSS:	   39496 kB
20220313 002247.995 INFO             PET1 PIOc_freedecomp Enter - MemInfo: [/proc/self/status]	VmData:	   25952 kB
20220313 002247.995 INFO             PET1 PIOc_freedecomp Enter - MemInfo: [/proc/self/status]	VmStk:	     508 kB
20220313 002247.995 INFO             PET1 PIOc_freedecomp Enter - MemInfo: [/proc/self/status]	VmExe:	     880 kB
20220313 002247.995 INFO             PET1 PIOc_freedecomp Enter - MemInfo: [/proc/self/status]	VmLib:	  133788 kB
20220313 002247.995 INFO             PET1 PIOc_freedecomp Enter - MemInfo: [/proc/self/status]	VmPTE:	     412 kB
20220313 002247.995 INFO             PET1 PIOc_freedecomp Enter - MemInfo: [/proc/self/status]	VmPMD:	      12 kB
20220313 002247.995 INFO             PET1 PIOc_freedecomp Enter - MemInfo: [/proc/self/status]	VmSwap:	       0 kB
20220313 002247.995 INFO             PET1 PIOc_freedecomp Enter - MemInfo: [/proc/self/status]	VmRSSPercent: 0.0599734 %
20220313 002247.995 INFO             PET1 PIOc_freedecomp Enter - MemInfo: [malloc] Non-mmapped space allocated:                 1273856 Byte
20220313 002247.995 INFO             PET1 PIOc_freedecomp Enter - MemInfo: [malloc] Space allocated in mmapped regions:          4005888 Byte
20220313 002247.995 INFO             PET1 PIOc_freedecomp Enter - MemInfo: [malloc] Maximum total allocated space:                     0 Byte
20220313 002247.995 INFO             PET1 PIOc_freedecomp Enter - MemInfo: [malloc] Space in freed fastbin blocks:                     0 Byte
20220313 002247.995 INFO             PET1 PIOc_freedecomp Enter - MemInfo: [malloc] Total allocated space:                       1131440 Byte
20220313 002247.995 INFO             PET1 PIOc_freedecomp Enter - MemInfo: [malloc] Total free space:                             142416 Byte
20220313 002247.995 INFO             PET1 PIOc_freedecomp Enter - MemInfo: [malloc] Top-most, releasable space:                   131120 Byte
20220313 002247.995 INFO             PET1 PIOc_freedecomp Enter - MemInfo: [malloc] Total space in use, mmap + non-mmap:         5137328 Byte
20220313 002247.995 INFO             PET1 PIOc_freedecomp Enter - MemInfo: [malloc] Total space held (mmap + non-mmap):          5279744 Byte
20220313 002247.996 INFO             PET1 PIOc_freedecomp Enter - MemInfo: [malloc] Total space used (mmap + non-mmap):          5145824 Byte
20220313 002247.996 INFO             PET1 PIOc_freedecomp Enter - MemInfo: Wall-clock time since execution start:                4.69373 seconds
20220313 002247.996 INFO             PET1 PIOc_freedecomp Exit - MemInfo: [/proc/meminfo - SSI]	MemTotal:       65855856 kB
20220313 002247.996 INFO             PET1 PIOc_freedecomp Exit - MemInfo: [/proc/meminfo - SSI]	MemFree:        61046984 kB
20220313 002247.996 INFO             PET1 PIOc_freedecomp Exit - MemInfo: [/proc/meminfo - SSI]	MemAvailable:   60876700 kB
20220313 002247.996 INFO             PET1 PIOc_freedecomp Exit - MemInfo: [/proc/meminfo - SSI]	Committed_AS:    3168876 kB
20220313 002247.996 INFO             PET1 PIOc_freedecomp Exit - MemInfo: [/proc/meminfo - SSI]	CommittedPercent: 4.81184 %
20220313 002247.996 INFO             PET1 PIOc_freedecomp Exit - MemInfo: [/proc/self/status]	VmPeak:	  260320 kB
20220313 002247.996 INFO             PET1 PIOc_freedecomp Exit - MemInfo: [/proc/self/status]	VmSize:	  260040 kB
20220313 002247.996 INFO             PET1 PIOc_freedecomp Exit - MemInfo: [/proc/self/status]	VmLck:	       0 kB
20220313 002247.996 INFO             PET1 PIOc_freedecomp Exit - MemInfo: [/proc/self/status]	VmPin:	       0 kB
20220313 002247.996 INFO             PET1 PIOc_freedecomp Exit - MemInfo: [/proc/self/status]	VmHWM:	   39496 kB
20220313 002247.996 INFO             PET1 PIOc_freedecomp Exit - MemInfo: [/proc/self/status]	VmRSS:	   39496 kB
20220313 002247.996 INFO             PET1 PIOc_freedecomp Exit - MemInfo: [/proc/self/status]	VmData:	   25952 kB
20220313 002247.996 INFO             PET1 PIOc_freedecomp Exit - MemInfo: [/proc/self/status]	VmStk:	     508 kB
20220313 002247.996 INFO             PET1 PIOc_freedecomp Exit - MemInfo: [/proc/self/status]	VmExe:	     880 kB
20220313 002247.996 INFO             PET1 PIOc_freedecomp Exit - MemInfo: [/proc/self/status]	VmLib:	  133788 kB
20220313 002247.996 INFO             PET1 PIOc_freedecomp Exit - MemInfo: [/proc/self/status]	VmPTE:	     412 kB
20220313 002247.996 INFO             PET1 PIOc_freedecomp Exit - MemInfo: [/proc/self/status]	VmPMD:	      12 kB
20220313 002247.996 INFO             PET1 PIOc_freedecomp Exit - MemInfo: [/proc/self/status]	VmSwap:	       0 kB
20220313 002247.996 INFO             PET1 PIOc_freedecomp Exit - MemInfo: [/proc/self/status]	VmRSSPercent: 0.0599734 %
20220313 002247.996 INFO             PET1 PIOc_freedecomp Exit - MemInfo: [malloc] Non-mmapped space allocated:                 1273856 Byte
20220313 002247.996 INFO             PET1 PIOc_freedecomp Exit - MemInfo: [malloc] Space allocated in mmapped regions:          4005888 Byte
20220313 002247.996 INFO             PET1 PIOc_freedecomp Exit - MemInfo: [malloc] Maximum total allocated space:                     0 Byte
20220313 002247.996 INFO             PET1 PIOc_freedecomp Exit - MemInfo: [malloc] Space in freed fastbin blocks:                    80 Byte
20220313 002247.996 INFO             PET1 PIOc_freedecomp Exit - MemInfo: [malloc] Total allocated space:                       1131376 Byte
20220313 002247.996 INFO             PET1 PIOc_freedecomp Exit - MemInfo: [malloc] Total free space:                             142480 Byte
20220313 002247.996 INFO             PET1 PIOc_freedecomp Exit - MemInfo: [malloc] Top-most, releasable space:                   130896 Byte
20220313 002247.996 INFO             PET1 PIOc_freedecomp Exit - MemInfo: [malloc] Total space in use, mmap + non-mmap:         5137264 Byte
20220313 002247.996 INFO             PET1 PIOc_freedecomp Exit - MemInfo: [malloc] Total space held (mmap + non-mmap):          5279744 Byte
20220313 002247.996 INFO             PET1 PIOc_freedecomp Exit - MemInfo: [malloc] Total space used (mmap + non-mmap):          5145696 Byte
20220313 002247.996 INFO             PET1 PIOc_freedecomp Exit - MemInfo: Wall-clock time since execution start:                4.69417 seconds
20220313 002247.999 INFO             PET1 PIOc_sync Enter - MemInfo: [/proc/meminfo - SSI]	MemTotal:       65855856 kB
20220313 002247.999 INFO             PET1 PIOc_sync Enter - MemInfo: [/proc/meminfo - SSI]	MemFree:        61043960 kB
20220313 002247.999 INFO             PET1 PIOc_sync Enter - MemInfo: [/proc/meminfo - SSI]	MemAvailable:   60873676 kB
20220313 002247.999 INFO             PET1 PIOc_sync Enter - MemInfo: [/proc/meminfo - SSI]	Committed_AS:    3177128 kB
20220313 002247.999 INFO             PET1 PIOc_sync Enter - MemInfo: [/proc/meminfo - SSI]	CommittedPercent: 4.82437 %
20220313 002247.999 INFO             PET1 PIOc_sync Enter - MemInfo: [/proc/self/status]	VmPeak:	  260320 kB
20220313 002247.999 INFO             PET1 PIOc_sync Enter - MemInfo: [/proc/self/status]	VmSize:	  260004 kB
20220313 002247.999 INFO             PET1 PIOc_sync Enter - MemInfo: [/proc/self/status]	VmLck:	       0 kB
20220313 002247.999 INFO             PET1 PIOc_sync Enter - MemInfo: [/proc/self/status]	VmPin:	       0 kB
20220313 002248.000 INFO             PET1 PIOc_sync Enter - MemInfo: [/proc/self/status]	VmHWM:	   39636 kB
20220313 002248.000 INFO             PET1 PIOc_sync Enter - MemInfo: [/proc/self/status]	VmRSS:	   39620 kB
20220313 002248.000 INFO             PET1 PIOc_sync Enter - MemInfo: [/proc/self/status]	VmData:	   25952 kB
20220313 002248.000 INFO             PET1 PIOc_sync Enter - MemInfo: [/proc/self/status]	VmStk:	     508 kB
20220313 002248.000 INFO             PET1 PIOc_sync Enter - MemInfo: [/proc/self/status]	VmExe:	     880 kB
20220313 002248.000 INFO             PET1 PIOc_sync Enter - MemInfo: [/proc/self/status]	VmLib:	  133788 kB
20220313 002248.000 INFO             PET1 PIOc_sync Enter - MemInfo: [/proc/self/status]	VmPTE:	     412 kB
20220313 002248.000 INFO             PET1 PIOc_sync Enter - MemInfo: [/proc/self/status]	VmPMD:	      12 kB
20220313 002248.000 INFO             PET1 PIOc_sync Enter - MemInfo: [/proc/self/status]	VmSwap:	       0 kB
20220313 002248.000 INFO             PET1 PIOc_sync Enter - MemInfo: [/proc/self/status]	VmRSSPercent: 0.0601617 %
20220313 002248.000 INFO             PET1 PIOc_sync Enter - MemInfo: [malloc] Non-mmapped space allocated:                 1273856 Byte
20220313 002248.000 INFO             PET1 PIOc_sync Enter - MemInfo: [malloc] Space allocated in mmapped regions:          4005888 Byte
20220313 002248.000 INFO             PET1 PIOc_sync Enter - MemInfo: [malloc] Maximum total allocated space:                     0 Byte
20220313 002248.000 INFO             PET1 PIOc_sync Enter - MemInfo: [malloc] Space in freed fastbin blocks:                    80 Byte
20220313 002248.000 INFO             PET1 PIOc_sync Enter - MemInfo: [malloc] Total allocated space:                       1132976 Byte
20220313 002248.000 INFO             PET1 PIOc_sync Enter - MemInfo: [malloc] Total free space:                             140880 Byte
20220313 002248.000 INFO             PET1 PIOc_sync Enter - MemInfo: [malloc] Top-most, releasable space:                   130672 Byte
20220313 002248.000 INFO             PET1 PIOc_sync Enter - MemInfo: [malloc] Total space in use, mmap + non-mmap:         5138864 Byte
20220313 002248.000 INFO             PET1 PIOc_sync Enter - MemInfo: [malloc] Total space held (mmap + non-mmap):          5279744 Byte
20220313 002248.000 INFO             PET1 PIOc_sync Enter - MemInfo: [malloc] Total space used (mmap + non-mmap):          5147072 Byte
20220313 002248.000 INFO             PET1 PIOc_sync Enter - MemInfo: Wall-clock time since execution start:                4.69794 seconds
20220313 002248.000 INFO             PET1 PIOc_sync Exit - MemInfo: [/proc/meminfo - SSI]	MemTotal:       65855856 kB
20220313 002248.000 INFO             PET1 PIOc_sync Exit - MemInfo: [/proc/meminfo - SSI]	MemFree:        61043960 kB
20220313 002248.000 INFO             PET1 PIOc_sync Exit - MemInfo: [/proc/meminfo - SSI]	MemAvailable:   60873676 kB
20220313 002248.000 INFO             PET1 PIOc_sync Exit - MemInfo: [/proc/meminfo - SSI]	Committed_AS:    3177128 kB
20220313 002248.000 INFO             PET1 PIOc_sync Exit - MemInfo: [/proc/meminfo - SSI]	CommittedPercent: 4.82437 %
20220313 002248.000 INFO             PET1 PIOc_sync Exit - MemInfo: [/proc/self/status]	VmPeak:	  260320 kB
20220313 002248.000 INFO             PET1 PIOc_sync Exit - MemInfo: [/proc/self/status]	VmSize:	  260004 kB
20220313 002248.000 INFO             PET1 PIOc_sync Exit - MemInfo: [/proc/self/status]	VmLck:	       0 kB
20220313 002248.000 INFO             PET1 PIOc_sync Exit - MemInfo: [/proc/self/status]	VmPin:	       0 kB
20220313 002248.000 INFO             PET1 PIOc_sync Exit - MemInfo: [/proc/self/status]	VmHWM:	   39636 kB
20220313 002248.000 INFO             PET1 PIOc_sync Exit - MemInfo: [/proc/self/status]	VmRSS:	   39620 kB
20220313 002248.000 INFO             PET1 PIOc_sync Exit - MemInfo: [/proc/self/status]	VmData:	   25952 kB
20220313 002248.000 INFO             PET1 PIOc_sync Exit - MemInfo: [/proc/self/status]	VmStk:	     508 kB
20220313 002248.000 INFO             PET1 PIOc_sync Exit - MemInfo: [/proc/self/status]	VmExe:	     880 kB
20220313 002248.000 INFO             PET1 PIOc_sync Exit - MemInfo: [/proc/self/status]	VmLib:	  133788 kB
20220313 002248.000 INFO             PET1 PIOc_sync Exit - MemInfo: [/proc/self/status]	VmPTE:	     412 kB
20220313 002248.000 INFO             PET1 PIOc_sync Exit - MemInfo: [/proc/self/status]	VmPMD:	      12 kB
20220313 002248.000 INFO             PET1 PIOc_sync Exit - MemInfo: [/proc/self/status]	VmSwap:	       0 kB
20220313 002248.000 INFO             PET1 PIOc_sync Exit - MemInfo: [/proc/self/status]	VmRSSPercent: 0.0601617 %
20220313 002248.000 INFO             PET1 PIOc_sync Exit - MemInfo: [malloc] Non-mmapped space allocated:                 1273856 Byte
20220313 002248.000 INFO             PET1 PIOc_sync Exit - MemInfo: [malloc] Space allocated in mmapped regions:          4005888 Byte
20220313 002248.000 INFO             PET1 PIOc_sync Exit - MemInfo: [malloc] Maximum total allocated space:                     0 Byte
20220313 002248.000 INFO             PET1 PIOc_sync Exit - MemInfo: [malloc] Space in freed fastbin blocks:                     0 Byte
20220313 002248.000 INFO             PET1 PIOc_sync Exit - MemInfo: [malloc] Total allocated space:                       1133376 Byte
20220313 002248.000 INFO             PET1 PIOc_sync Exit - MemInfo: [malloc] Total free space:                             140480 Byte
20220313 002248.000 INFO             PET1 PIOc_sync Exit - MemInfo: [malloc] Top-most, releasable space:                   130448 Byte
20220313 002248.000 INFO             PET1 PIOc_sync Exit - MemInfo: [malloc] Total space in use, mmap + non-mmap:         5139264 Byte
20220313 002248.000 INFO             PET1 PIOc_sync Exit - MemInfo: [malloc] Total space held (mmap + non-mmap):          5279744 Byte
20220313 002248.000 INFO             PET1 PIOc_sync Exit - MemInfo: [malloc] Total space used (mmap + non-mmap):          5147472 Byte
20220313 002248.000 INFO             PET1 PIOc_sync Exit - MemInfo: Wall-clock time since execution start:                4.69847 seconds
20220313 002248.000 INFO             PET1 PIOc_freedecomp Enter - MemInfo: [/proc/meminfo - SSI]	MemTotal:       65855856 kB
20220313 002248.000 INFO             PET1 PIOc_freedecomp Enter - MemInfo: [/proc/meminfo - SSI]	MemFree:        61043960 kB
20220313 002248.000 INFO             PET1 PIOc_freedecomp Enter - MemInfo: [/proc/meminfo - SSI]	MemAvailable:   60873676 kB
20220313 002248.000 INFO             PET1 PIOc_freedecomp Enter - MemInfo: [/proc/meminfo - SSI]	Committed_AS:    3177128 kB
20220313 002248.000 INFO             PET1 PIOc_freedecomp Enter - MemInfo: [/proc/meminfo - SSI]	CommittedPercent: 4.82437 %
20220313 002248.000 INFO             PET1 PIOc_freedecomp Enter - MemInfo: [/proc/self/status]	VmPeak:	  260320 kB
20220313 002248.001 INFO             PET1 PIOc_freedecomp Enter - MemInfo: [/proc/self/status]	VmSize:	  260004 kB
20220313 002248.001 INFO             PET1 PIOc_freedecomp Enter - MemInfo: [/proc/self/status]	VmLck:	       0 kB
20220313 002248.001 INFO             PET1 PIOc_freedecomp Enter - MemInfo: [/proc/self/status]	VmPin:	       0 kB
20220313 002248.001 INFO             PET1 PIOc_freedecomp Enter - MemInfo: [/proc/self/status]	VmHWM:	   39636 kB
20220313 002248.001 INFO             PET1 PIOc_freedecomp Enter - MemInfo: [/proc/self/status]	VmRSS:	   39620 kB
20220313 002248.001 INFO             PET1 PIOc_freedecomp Enter - MemInfo: [/proc/self/status]	VmData:	   25952 kB
20220313 002248.001 INFO             PET1 PIOc_freedecomp Enter - MemInfo: [/proc/self/status]	VmStk:	     508 kB
20220313 002248.001 INFO             PET1 PIOc_freedecomp Enter - MemInfo: [/proc/self/status]	VmExe:	     880 kB
20220313 002248.001 INFO             PET1 PIOc_freedecomp Enter - MemInfo: [/proc/self/status]	VmLib:	  133788 kB
20220313 002248.001 INFO             PET1 PIOc_freedecomp Enter - MemInfo: [/proc/self/status]	VmPTE:	     412 kB
20220313 002248.001 INFO             PET1 PIOc_freedecomp Enter - MemInfo: [/proc/self/status]	VmPMD:	      12 kB
20220313 002248.001 INFO             PET1 PIOc_freedecomp Enter - MemInfo: [/proc/self/status]	VmSwap:	       0 kB
20220313 002248.001 INFO             PET1 PIOc_freedecomp Enter - MemInfo: [/proc/self/status]	VmRSSPercent: 0.0601617 %
20220313 002248.001 INFO             PET1 PIOc_freedecomp Enter - MemInfo: [malloc] Non-mmapped space allocated:                 1273856 Byte
20220313 002248.001 INFO             PET1 PIOc_freedecomp Enter - MemInfo: [malloc] Space allocated in mmapped regions:          4005888 Byte
20220313 002248.001 INFO             PET1 PIOc_freedecomp Enter - MemInfo: [malloc] Maximum total allocated space:                     0 Byte
20220313 002248.001 INFO             PET1 PIOc_freedecomp Enter - MemInfo: [malloc] Space in freed fastbin blocks:                   160 Byte
20220313 002248.001 INFO             PET1 PIOc_freedecomp Enter - MemInfo: [malloc] Total allocated space:                       1132928 Byte
20220313 002248.001 INFO             PET1 PIOc_freedecomp Enter - MemInfo: [malloc] Total free space:                             140928 Byte
20220313 002248.001 INFO             PET1 PIOc_freedecomp Enter - MemInfo: [malloc] Top-most, releasable space:                   130224 Byte
20220313 002248.001 INFO             PET1 PIOc_freedecomp Enter - MemInfo: [malloc] Total space in use, mmap + non-mmap:         5138816 Byte
20220313 002248.001 INFO             PET1 PIOc_freedecomp Enter - MemInfo: [malloc] Total space held (mmap + non-mmap):          5279744 Byte
20220313 002248.001 INFO             PET1 PIOc_freedecomp Enter - MemInfo: [malloc] Total space used (mmap + non-mmap):          5147024 Byte
20220313 002248.001 INFO             PET1 PIOc_freedecomp Enter - MemInfo: Wall-clock time since execution start:                4.69901 seconds
20220313 002248.001 INFO             PET1 PIOc_freedecomp Exit - MemInfo: [/proc/meminfo - SSI]	MemTotal:       65855856 kB
20220313 002248.001 INFO             PET1 PIOc_freedecomp Exit - MemInfo: [/proc/meminfo - SSI]	MemFree:        61043960 kB
20220313 002248.001 INFO             PET1 PIOc_freedecomp Exit - MemInfo: [/proc/meminfo - SSI]	MemAvailable:   60873676 kB
20220313 002248.001 INFO             PET1 PIOc_freedecomp Exit - MemInfo: [/proc/meminfo - SSI]	Committed_AS:    3177128 kB
20220313 002248.001 INFO             PET1 PIOc_freedecomp Exit - MemInfo: [/proc/meminfo - SSI]	CommittedPercent: 4.82437 %
20220313 002248.001 INFO             PET1 PIOc_freedecomp Exit - MemInfo: [/proc/self/status]	VmPeak:	  260320 kB
20220313 002248.001 INFO             PET1 PIOc_freedecomp Exit - MemInfo: [/proc/self/status]	VmSize:	  260004 kB
20220313 002248.001 INFO             PET1 PIOc_freedecomp Exit - MemInfo: [/proc/self/status]	VmLck:	       0 kB
20220313 002248.001 INFO             PET1 PIOc_freedecomp Exit - MemInfo: [/proc/self/status]	VmPin:	       0 kB
20220313 002248.001 INFO             PET1 PIOc_freedecomp Exit - MemInfo: [/proc/self/status]	VmHWM:	   39636 kB
20220313 002248.001 INFO             PET1 PIOc_freedecomp Exit - MemInfo: [/proc/self/status]	VmRSS:	   39620 kB
20220313 002248.001 INFO             PET1 PIOc_freedecomp Exit - MemInfo: [/proc/self/status]	VmData:	   25952 kB
20220313 002248.001 INFO             PET1 PIOc_freedecomp Exit - MemInfo: [/proc/self/status]	VmStk:	     508 kB
20220313 002248.001 INFO             PET1 PIOc_freedecomp Exit - MemInfo: [/proc/self/status]	VmExe:	     880 kB
20220313 002248.001 INFO             PET1 PIOc_freedecomp Exit - MemInfo: [/proc/self/status]	VmLib:	  133788 kB
20220313 002248.001 INFO             PET1 PIOc_freedecomp Exit - MemInfo: [/proc/self/status]	VmPTE:	     412 kB
20220313 002248.001 INFO             PET1 PIOc_freedecomp Exit - MemInfo: [/proc/self/status]	VmPMD:	      12 kB
20220313 002248.001 INFO             PET1 PIOc_freedecomp Exit - MemInfo: [/proc/self/status]	VmSwap:	       0 kB
20220313 002248.001 INFO             PET1 PIOc_freedecomp Exit - MemInfo: [/proc/self/status]	VmRSSPercent: 0.0601617 %
20220313 002248.001 INFO             PET1 PIOc_freedecomp Exit - MemInfo: [malloc] Non-mmapped space allocated:                 1273856 Byte
20220313 002248.001 INFO             PET1 PIOc_freedecomp Exit - MemInfo: [malloc] Space allocated in mmapped regions:          4005888 Byte
20220313 002248.001 INFO             PET1 PIOc_freedecomp Exit - MemInfo: [malloc] Maximum total allocated space:                     0 Byte
20220313 002248.001 INFO             PET1 PIOc_freedecomp Exit - MemInfo: [malloc] Space in freed fastbin blocks:                   528 Byte
20220313 002248.001 INFO             PET1 PIOc_freedecomp Exit - MemInfo: [malloc] Total allocated space:                       1131040 Byte
20220313 002248.001 INFO             PET1 PIOc_freedecomp Exit - MemInfo: [malloc] Total free space:                             142816 Byte
20220313 002248.001 INFO             PET1 PIOc_freedecomp Exit - MemInfo: [malloc] Top-most, releasable space:                   130000 Byte
20220313 002248.001 INFO             PET1 PIOc_freedecomp Exit - MemInfo: [malloc] Total space in use, mmap + non-mmap:         5136928 Byte
20220313 002248.001 INFO             PET1 PIOc_freedecomp Exit - MemInfo: [malloc] Total space held (mmap + non-mmap):          5279744 Byte
20220313 002248.001 INFO             PET1 PIOc_freedecomp Exit - MemInfo: [malloc] Total space used (mmap + non-mmap):          5145136 Byte
20220313 002248.001 INFO             PET1 PIOc_freedecomp Exit - MemInfo: Wall-clock time since execution start:                4.69947 seconds
20220313 002248.003 INFO             PET1 PIOc_sync Enter - MemInfo: [/proc/meminfo - SSI]	MemTotal:       65855856 kB
20220313 002248.003 INFO             PET1 PIOc_sync Enter - MemInfo: [/proc/meminfo - SSI]	MemFree:        61042952 kB
20220313 002248.003 INFO             PET1 PIOc_sync Enter - MemInfo: [/proc/meminfo - SSI]	MemAvailable:   60872668 kB
20220313 002248.003 INFO             PET1 PIOc_sync Enter - MemInfo: [/proc/meminfo - SSI]	Committed_AS:    3177128 kB
20220313 002248.003 INFO             PET1 PIOc_sync Enter - MemInfo: [/proc/meminfo - SSI]	CommittedPercent: 4.82437 %
20220313 002248.003 INFO             PET1 PIOc_sync Enter - MemInfo: [/proc/self/status]	VmPeak:	  260320 kB
20220313 002248.003 INFO             PET1 PIOc_sync Enter - MemInfo: [/proc/self/status]	VmSize:	  260004 kB
20220313 002248.003 INFO             PET1 PIOc_sync Enter - MemInfo: [/proc/self/status]	VmLck:	       0 kB
20220313 002248.003 INFO             PET1 PIOc_sync Enter - MemInfo: [/proc/self/status]	VmPin:	       0 kB
20220313 002248.003 INFO             PET1 PIOc_sync Enter - MemInfo: [/proc/self/status]	VmHWM:	   39636 kB
20220313 002248.003 INFO             PET1 PIOc_sync Enter - MemInfo: [/proc/self/status]	VmRSS:	   39620 kB
20220313 002248.003 INFO             PET1 PIOc_sync Enter - MemInfo: [/proc/self/status]	VmData:	   25952 kB
20220313 002248.003 INFO             PET1 PIOc_sync Enter - MemInfo: [/proc/self/status]	VmStk:	     508 kB
20220313 002248.003 INFO             PET1 PIOc_sync Enter - MemInfo: [/proc/self/status]	VmExe:	     880 kB
20220313 002248.003 INFO             PET1 PIOc_sync Enter - MemInfo: [/proc/self/status]	VmLib:	  133788 kB
20220313 002248.003 INFO             PET1 PIOc_sync Enter - MemInfo: [/proc/self/status]	VmPTE:	     416 kB
20220313 002248.003 INFO             PET1 PIOc_sync Enter - MemInfo: [/proc/self/status]	VmPMD:	      12 kB
20220313 002248.003 INFO             PET1 PIOc_sync Enter - MemInfo: [/proc/self/status]	VmSwap:	       0 kB
20220313 002248.003 INFO             PET1 PIOc_sync Enter - MemInfo: [/proc/self/status]	VmRSSPercent: 0.0601617 %
20220313 002248.003 INFO             PET1 PIOc_sync Enter - MemInfo: [malloc] Non-mmapped space allocated:                 1273856 Byte
20220313 002248.003 INFO             PET1 PIOc_sync Enter - MemInfo: [malloc] Space allocated in mmapped regions:          4005888 Byte
20220313 002248.003 INFO             PET1 PIOc_sync Enter - MemInfo: [malloc] Maximum total allocated space:                     0 Byte
20220313 002248.003 INFO             PET1 PIOc_sync Enter - MemInfo: [malloc] Space in freed fastbin blocks:                    80 Byte
20220313 002248.003 INFO             PET1 PIOc_sync Enter - MemInfo: [malloc] Total allocated space:                       1133296 Byte
20220313 002248.003 INFO             PET1 PIOc_sync Enter - MemInfo: [malloc] Total free space:                             140560 Byte
20220313 002248.003 INFO             PET1 PIOc_sync Enter - MemInfo: [malloc] Top-most, releasable space:                   129776 Byte
20220313 002248.003 INFO             PET1 PIOc_sync Enter - MemInfo: [malloc] Total space in use, mmap + non-mmap:         5139184 Byte
20220313 002248.003 INFO             PET1 PIOc_sync Enter - MemInfo: [malloc] Total space held (mmap + non-mmap):          5279744 Byte
20220313 002248.003 INFO             PET1 PIOc_sync Enter - MemInfo: [malloc] Total space used (mmap + non-mmap):          5147392 Byte
20220313 002248.003 INFO             PET1 PIOc_sync Enter - MemInfo: Wall-clock time since execution start:                4.70155 seconds
20220313 002248.003 INFO             PET1 PIOc_sync Exit - MemInfo: [/proc/meminfo - SSI]	MemTotal:       65855856 kB
20220313 002248.003 INFO             PET1 PIOc_sync Exit - MemInfo: [/proc/meminfo - SSI]	MemFree:        61042952 kB
20220313 002248.004 INFO             PET1 PIOc_sync Exit - MemInfo: [/proc/meminfo - SSI]	MemAvailable:   60872668 kB
20220313 002248.004 INFO             PET1 PIOc_sync Exit - MemInfo: [/proc/meminfo - SSI]	Committed_AS:    3177128 kB
20220313 002248.004 INFO             PET1 PIOc_sync Exit - MemInfo: [/proc/meminfo - SSI]	CommittedPercent: 4.82437 %
20220313 002248.004 INFO             PET1 PIOc_sync Exit - MemInfo: [/proc/self/status]	VmPeak:	  260320 kB
20220313 002248.004 INFO             PET1 PIOc_sync Exit - MemInfo: [/proc/self/status]	VmSize:	  260004 kB
20220313 002248.004 INFO             PET1 PIOc_sync Exit - MemInfo: [/proc/self/status]	VmLck:	       0 kB
20220313 002248.004 INFO             PET1 PIOc_sync Exit - MemInfo: [/proc/self/status]	VmPin:	       0 kB
20220313 002248.004 INFO             PET1 PIOc_sync Exit - MemInfo: [/proc/self/status]	VmHWM:	   39636 kB
20220313 002248.004 INFO             PET1 PIOc_sync Exit - MemInfo: [/proc/self/status]	VmRSS:	   39620 kB
20220313 002248.004 INFO             PET1 PIOc_sync Exit - MemInfo: [/proc/self/status]	VmData:	   25952 kB
20220313 002248.004 INFO             PET1 PIOc_sync Exit - MemInfo: [/proc/self/status]	VmStk:	     508 kB
20220313 002248.004 INFO             PET1 PIOc_sync Exit - MemInfo: [/proc/self/status]	VmExe:	     880 kB
20220313 002248.004 INFO             PET1 PIOc_sync Exit - MemInfo: [/proc/self/status]	VmLib:	  133788 kB
20220313 002248.004 INFO             PET1 PIOc_sync Exit - MemInfo: [/proc/self/status]	VmPTE:	     416 kB
20220313 002248.004 INFO             PET1 PIOc_sync Exit - MemInfo: [/proc/self/status]	VmPMD:	      12 kB
20220313 002248.004 INFO             PET1 PIOc_sync Exit - MemInfo: [/proc/self/status]	VmSwap:	       0 kB
20220313 002248.004 INFO             PET1 PIOc_sync Exit - MemInfo: [/proc/self/status]	VmRSSPercent: 0.0601617 %
20220313 002248.004 INFO             PET1 PIOc_sync Exit - MemInfo: [malloc] Non-mmapped space allocated:                 1273856 Byte
20220313 002248.004 INFO             PET1 PIOc_sync Exit - MemInfo: [malloc] Space allocated in mmapped regions:          4005888 Byte
20220313 002248.004 INFO             PET1 PIOc_sync Exit - MemInfo: [malloc] Maximum total allocated space:                     0 Byte
20220313 002248.004 INFO             PET1 PIOc_sync Exit - MemInfo: [malloc] Space in freed fastbin blocks:                     0 Byte
20220313 002248.004 INFO             PET1 PIOc_sync Exit - MemInfo: [malloc] Total allocated space:                       1133696 Byte
20220313 002248.004 INFO             PET1 PIOc_sync Exit - MemInfo: [malloc] Total free space:                             140160 Byte
20220313 002248.004 INFO             PET1 PIOc_sync Exit - MemInfo: [malloc] Top-most, releasable space:                   129552 Byte
20220313 002248.004 INFO             PET1 PIOc_sync Exit - MemInfo: [malloc] Total space in use, mmap + non-mmap:         5139584 Byte
20220313 002248.004 INFO             PET1 PIOc_sync Exit - MemInfo: [malloc] Total space held (mmap + non-mmap):          5279744 Byte
20220313 002248.004 INFO             PET1 PIOc_sync Exit - MemInfo: [malloc] Total space used (mmap + non-mmap):          5147792 Byte
20220313 002248.004 INFO             PET1 PIOc_sync Exit - MemInfo: Wall-clock time since execution start:                4.70208 seconds
20220313 002248.004 INFO             PET1 PIOc_freedecomp Enter - MemInfo: [/proc/meminfo - SSI]	MemTotal:       65855856 kB
20220313 002248.004 INFO             PET1 PIOc_freedecomp Enter - MemInfo: [/proc/meminfo - SSI]	MemFree:        61042952 kB
20220313 002248.004 INFO             PET1 PIOc_freedecomp Enter - MemInfo: [/proc/meminfo - SSI]	MemAvailable:   60872668 kB
20220313 002248.004 INFO             PET1 PIOc_freedecomp Enter - MemInfo: [/proc/meminfo - SSI]	Committed_AS:    3177128 kB
20220313 002248.004 INFO             PET1 PIOc_freedecomp Enter - MemInfo: [/proc/meminfo - SSI]	CommittedPercent: 4.82437 %
20220313 002248.004 INFO             PET1 PIOc_freedecomp Enter - MemInfo: [/proc/self/status]	VmPeak:	  260320 kB
20220313 002248.004 INFO             PET1 PIOc_freedecomp Enter - MemInfo: [/proc/self/status]	VmSize:	  260004 kB
20220313 002248.004 INFO             PET1 PIOc_freedecomp Enter - MemInfo: [/proc/self/status]	VmLck:	       0 kB
20220313 002248.004 INFO             PET1 PIOc_freedecomp Enter - MemInfo: [/proc/self/status]	VmPin:	       0 kB
20220313 002248.004 INFO             PET1 PIOc_freedecomp Enter - MemInfo: [/proc/self/status]	VmHWM:	   39636 kB
20220313 002248.004 INFO             PET1 PIOc_freedecomp Enter - MemInfo: [/proc/self/status]	VmRSS:	   39620 kB
20220313 002248.004 INFO             PET1 PIOc_freedecomp Enter - MemInfo: [/proc/self/status]	VmData:	   25952 kB
20220313 002248.004 INFO             PET1 PIOc_freedecomp Enter - MemInfo: [/proc/self/status]	VmStk:	     508 kB
20220313 002248.004 INFO             PET1 PIOc_freedecomp Enter - MemInfo: [/proc/self/status]	VmExe:	     880 kB
20220313 002248.004 INFO             PET1 PIOc_freedecomp Enter - MemInfo: [/proc/self/status]	VmLib:	  133788 kB
20220313 002248.004 INFO             PET1 PIOc_freedecomp Enter - MemInfo: [/proc/self/status]	VmPTE:	     416 kB
20220313 002248.004 INFO             PET1 PIOc_freedecomp Enter - MemInfo: [/proc/self/status]	VmPMD:	      12 kB
20220313 002248.004 INFO             PET1 PIOc_freedecomp Enter - MemInfo: [/proc/self/status]	VmSwap:	       0 kB
20220313 002248.004 INFO             PET1 PIOc_freedecomp Enter - MemInfo: [/proc/self/status]	VmRSSPercent: 0.0601617 %
20220313 002248.004 INFO             PET1 PIOc_freedecomp Enter - MemInfo: [malloc] Non-mmapped space allocated:                 1273856 Byte
20220313 002248.004 INFO             PET1 PIOc_freedecomp Enter - MemInfo: [malloc] Space allocated in mmapped regions:          4005888 Byte
20220313 002248.004 INFO             PET1 PIOc_freedecomp Enter - MemInfo: [malloc] Maximum total allocated space:                     0 Byte
20220313 002248.004 INFO             PET1 PIOc_freedecomp Enter - MemInfo: [malloc] Space in freed fastbin blocks:                   160 Byte
20220313 002248.004 INFO             PET1 PIOc_freedecomp Enter - MemInfo: [malloc] Total allocated space:                       1133104 Byte
20220313 002248.004 INFO             PET1 PIOc_freedecomp Enter - MemInfo: [malloc] Total free space:                             140752 Byte
20220313 002248.004 INFO             PET1 PIOc_freedecomp Enter - MemInfo: [malloc] Top-most, releasable space:                   129328 Byte
20220313 002248.004 INFO             PET1 PIOc_freedecomp Enter - MemInfo: [malloc] Total space in use, mmap + non-mmap:         5138992 Byte
20220313 002248.004 INFO             PET1 PIOc_freedecomp Enter - MemInfo: [malloc] Total space held (mmap + non-mmap):          5279744 Byte
20220313 002248.004 INFO             PET1 PIOc_freedecomp Enter - MemInfo: [malloc] Total space used (mmap + non-mmap):          5147200 Byte
20220313 002248.004 INFO             PET1 PIOc_freedecomp Enter - MemInfo: Wall-clock time since execution start:                4.70263 seconds
20220313 002248.004 INFO             PET1 PIOc_freedecomp Exit - MemInfo: [/proc/meminfo - SSI]	MemTotal:       65855856 kB
20220313 002248.005 INFO             PET1 PIOc_freedecomp Exit - MemInfo: [/proc/meminfo - SSI]	MemFree:        61042952 kB
20220313 002248.005 INFO             PET1 PIOc_freedecomp Exit - MemInfo: [/proc/meminfo - SSI]	MemAvailable:   60872668 kB
20220313 002248.005 INFO             PET1 PIOc_freedecomp Exit - MemInfo: [/proc/meminfo - SSI]	Committed_AS:    3177128 kB
20220313 002248.005 INFO             PET1 PIOc_freedecomp Exit - MemInfo: [/proc/meminfo - SSI]	CommittedPercent: 4.82437 %
20220313 002248.005 INFO             PET1 PIOc_freedecomp Exit - MemInfo: [/proc/self/status]	VmPeak:	  260320 kB
20220313 002248.005 INFO             PET1 PIOc_freedecomp Exit - MemInfo: [/proc/self/status]	VmSize:	  260004 kB
20220313 002248.005 INFO             PET1 PIOc_freedecomp Exit - MemInfo: [/proc/self/status]	VmLck:	       0 kB
20220313 002248.005 INFO             PET1 PIOc_freedecomp Exit - MemInfo: [/proc/self/status]	VmPin:	       0 kB
20220313 002248.005 INFO             PET1 PIOc_freedecomp Exit - MemInfo: [/proc/self/status]	VmHWM:	   39636 kB
20220313 002248.005 INFO             PET1 PIOc_freedecomp Exit - MemInfo: [/proc/self/status]	VmRSS:	   39620 kB
20220313 002248.005 INFO             PET1 PIOc_freedecomp Exit - MemInfo: [/proc/self/status]	VmData:	   25952 kB
20220313 002248.005 INFO             PET1 PIOc_freedecomp Exit - MemInfo: [/proc/self/status]	VmStk:	     508 kB
20220313 002248.005 INFO             PET1 PIOc_freedecomp Exit - MemInfo: [/proc/self/status]	VmExe:	     880 kB
20220313 002248.005 INFO             PET1 PIOc_freedecomp Exit - MemInfo: [/proc/self/status]	VmLib:	  133788 kB
20220313 002248.005 INFO             PET1 PIOc_freedecomp Exit - MemInfo: [/proc/self/status]	VmPTE:	     416 kB
20220313 002248.005 INFO             PET1 PIOc_freedecomp Exit - MemInfo: [/proc/self/status]	VmPMD:	      12 kB
20220313 002248.005 INFO             PET1 PIOc_freedecomp Exit - MemInfo: [/proc/self/status]	VmSwap:	       0 kB
20220313 002248.005 INFO             PET1 PIOc_freedecomp Exit - MemInfo: [/proc/self/status]	VmRSSPercent: 0.0601617 %
20220313 002248.005 INFO             PET1 PIOc_freedecomp Exit - MemInfo: [malloc] Non-mmapped space allocated:                 1273856 Byte
20220313 002248.005 INFO             PET1 PIOc_freedecomp Exit - MemInfo: [malloc] Space allocated in mmapped regions:          4005888 Byte
20220313 002248.005 INFO             PET1 PIOc_freedecomp Exit - MemInfo: [malloc] Maximum total allocated space:                     0 Byte
20220313 002248.005 INFO             PET1 PIOc_freedecomp Exit - MemInfo: [malloc] Space in freed fastbin blocks:                   528 Byte
20220313 002248.005 INFO             PET1 PIOc_freedecomp Exit - MemInfo: [malloc] Total allocated space:                       1131744 Byte
20220313 002248.005 INFO             PET1 PIOc_freedecomp Exit - MemInfo: [malloc] Total free space:                             142112 Byte
20220313 002248.005 INFO             PET1 PIOc_freedecomp Exit - MemInfo: [malloc] Top-most, releasable space:                   129104 Byte
20220313 002248.005 INFO             PET1 PIOc_freedecomp Exit - MemInfo: [malloc] Total space in use, mmap + non-mmap:         5137632 Byte
20220313 002248.005 INFO             PET1 PIOc_freedecomp Exit - MemInfo: [malloc] Total space held (mmap + non-mmap):          5279744 Byte
20220313 002248.005 INFO             PET1 PIOc_freedecomp Exit - MemInfo: [malloc] Total space used (mmap + non-mmap):          5145840 Byte
20220313 002248.005 INFO             PET1 PIOc_freedecomp Exit - MemInfo: Wall-clock time since execution start:                 4.7031 seconds
20220313 002248.005 INFO             PET1 PASS ESMC_FieldRegridStoreFile test, ESMC_FieldSMMFromFileUTest.C, line 199
20220313 002248.011 INFO             PET1 PASS ESMC_FieldSMMStore from File test, ESMC_FieldSMMFromFileUTest.C, line 229
20220313 002248.011 INFO             PET1 PASS ESMC_FieldSMMStore From File validation, ESMC_FieldSMMFromFileUTest.C, line 257
20220313 002248.011 INFO             PET1 PASS ESMC_FieldRegridRelease, ESMC_FieldSMMFromFileUTest.C, line 271
20220313 002248.011 INFO             PET1 Ending Test, file ESMC_FieldSMMFromFileUTest.C, line 289
20220313 002248.011 INFO             PET1 Finalizing ESMF
20220313 002243.312 INFO             PET2 !!!!!!!!!!!!!!!!!!!!!!!!!!!!!!!!!!!!!!!!!!!!!!!!!!!!!!
20220313 002243.312 INFO             PET2 !!! THE ESMF_LOG IS SET TO OUTPUT ALL LOG MESSAGES !!!
20220313 002243.312 INFO             PET2 !!!     THIS MAY CAUSE SLOWDOWN IN PERFORMANCE     !!!
20220313 002243.312 INFO             PET2 !!! FOR PRODUCTION RUNS, USE:                      !!!
20220313 002243.312 INFO             PET2 !!!                   ESMF_LOGKIND_Multi_On_Error  !!!
20220313 002243.312 INFO             PET2 !!!!!!!!!!!!!!!!!!!!!!!!!!!!!!!!!!!!!!!!!!!!!!!!!!!!!!
20220313 002243.312 INFO             PET2 Running with ESMF Version   : v8.3.0b09-96-g559b459836
20220313 002243.312 INFO             PET2 ESMF library build date/time: "Mar 13 2022" "00:01:08"
20220313 002243.312 INFO             PET2 ESMF library build location : /lustre/f2/dev/ncep/Mark.Potts/intel_2019.5_mpi_g_jedwards_pio_update2
20220313 002243.312 INFO             PET2 ESMF_COMM                   : mpi
20220313 002243.313 INFO             PET2 ESMF_MOAB                   : enabled
20220313 002243.313 INFO             PET2 ESMF_LAPACK                 : enabled
20220313 002243.313 INFO             PET2 ESMF_NETCDF                 : enabled
20220313 002243.313 INFO             PET2 ESMF_PNETCDF                : disabled
20220313 002243.313 INFO             PET2 ESMF_PIO                    : enabled
20220313 002243.313 INFO             PET2 ESMF_YAMLCPP                : enabled
20220313 002243.313 INFO             PET2 Beginning Test, file ESMC_FieldSMMFromFileUTest.C, line 41
20220313 002243.313 INFO             PET2 Beginning Test, file ESMC_FieldSMMFromFileUTest.C, line 41NUMBER_OF_PROCESSORS 4
20220313 002243.357 INFO             PET2 PIOc_sync Enter - MemInfo: [/proc/meminfo - SSI]	MemTotal:       65855856 kB
20220313 002243.357 INFO             PET2 PIOc_sync Enter - MemInfo: [/proc/meminfo - SSI]	MemFree:        61029620 kB
20220313 002243.357 INFO             PET2 PIOc_sync Enter - MemInfo: [/proc/meminfo - SSI]	MemAvailable:   60857672 kB
20220313 002243.357 INFO             PET2 PIOc_sync Enter - MemInfo: [/proc/meminfo - SSI]	Committed_AS:    3176736 kB
20220313 002243.357 INFO             PET2 PIOc_sync Enter - MemInfo: [/proc/meminfo - SSI]	CommittedPercent: 4.82377 %
20220313 002243.357 INFO             PET2 PIOc_sync Enter - MemInfo: [/proc/self/status]	VmPeak:	  260320 kB
20220313 002243.357 INFO             PET2 PIOc_sync Enter - MemInfo: [/proc/self/status]	VmSize:	  260040 kB
20220313 002243.357 INFO             PET2 PIOc_sync Enter - MemInfo: [/proc/self/status]	VmLck:	       0 kB
20220313 002243.357 INFO             PET2 PIOc_sync Enter - MemInfo: [/proc/self/status]	VmPin:	       0 kB
20220313 002243.357 INFO             PET2 PIOc_sync Enter - MemInfo: [/proc/self/status]	VmHWM:	   39476 kB
20220313 002243.357 INFO             PET2 PIOc_sync Enter - MemInfo: [/proc/self/status]	VmRSS:	   39476 kB
20220313 002243.357 INFO             PET2 PIOc_sync Enter - MemInfo: [/proc/self/status]	VmData:	   25952 kB
20220313 002243.357 INFO             PET2 PIOc_sync Enter - MemInfo: [/proc/self/status]	VmStk:	     508 kB
20220313 002243.357 INFO             PET2 PIOc_sync Enter - MemInfo: [/proc/self/status]	VmExe:	     880 kB
20220313 002243.357 INFO             PET2 PIOc_sync Enter - MemInfo: [/proc/self/status]	VmLib:	  133788 kB
20220313 002243.357 INFO             PET2 PIOc_sync Enter - MemInfo: [/proc/self/status]	VmPTE:	     412 kB
20220313 002243.357 INFO             PET2 PIOc_sync Enter - MemInfo: [/proc/self/status]	VmPMD:	      12 kB
20220313 002243.357 INFO             PET2 PIOc_sync Enter - MemInfo: [/proc/self/status]	VmSwap:	       0 kB
20220313 002243.357 INFO             PET2 PIOc_sync Enter - MemInfo: [/proc/self/status]	VmRSSPercent: 0.059943 %
20220313 002243.357 INFO             PET2 PIOc_sync Enter - MemInfo: [malloc] Non-mmapped space allocated:                 1273856 Byte
20220313 002243.357 INFO             PET2 PIOc_sync Enter - MemInfo: [malloc] Space allocated in mmapped regions:          4005888 Byte
20220313 002243.357 INFO             PET2 PIOc_sync Enter - MemInfo: [malloc] Maximum total allocated space:                     0 Byte
20220313 002243.357 INFO             PET2 PIOc_sync Enter - MemInfo: [malloc] Space in freed fastbin blocks:                     0 Byte
20220313 002243.357 INFO             PET2 PIOc_sync Enter - MemInfo: [malloc] Total allocated space:                       1128480 Byte
20220313 002243.357 INFO             PET2 PIOc_sync Enter - MemInfo: [malloc] Total free space:                             145376 Byte
20220313 002243.357 INFO             PET2 PIOc_sync Enter - MemInfo: [malloc] Top-most, releasable space:                   131552 Byte
20220313 002243.357 INFO             PET2 PIOc_sync Enter - MemInfo: [malloc] Total space in use, mmap + non-mmap:         5134368 Byte
20220313 002243.357 INFO             PET2 PIOc_sync Enter - MemInfo: [malloc] Total space held (mmap + non-mmap):          5279744 Byte
20220313 002243.357 INFO             PET2 PIOc_sync Enter - MemInfo: [malloc] Total space used (mmap + non-mmap):          5143280 Byte
20220313 002243.357 INFO             PET2 PIOc_sync Enter - MemInfo: Wall-clock time since execution start:              0.0560691 seconds
20220313 002247.994 INFO             PET2 PIOc_sync Exit - MemInfo: [/proc/meminfo - SSI]	MemTotal:       65855856 kB
20220313 002247.994 INFO             PET2 PIOc_sync Exit - MemInfo: [/proc/meminfo - SSI]	MemFree:        61039928 kB
20220313 002247.994 INFO             PET2 PIOc_sync Exit - MemInfo: [/proc/meminfo - SSI]	MemAvailable:   60869644 kB
20220313 002247.994 INFO             PET2 PIOc_sync Exit - MemInfo: [/proc/meminfo - SSI]	Committed_AS:    3176736 kB
20220313 002247.994 INFO             PET2 PIOc_sync Exit - MemInfo: [/proc/meminfo - SSI]	CommittedPercent: 4.82377 %
20220313 002247.994 INFO             PET2 PIOc_sync Exit - MemInfo: [/proc/self/status]	VmPeak:	  260320 kB
20220313 002247.994 INFO             PET2 PIOc_sync Exit - MemInfo: [/proc/self/status]	VmSize:	  260040 kB
20220313 002247.994 INFO             PET2 PIOc_sync Exit - MemInfo: [/proc/self/status]	VmLck:	       0 kB
20220313 002247.994 INFO             PET2 PIOc_sync Exit - MemInfo: [/proc/self/status]	VmPin:	       0 kB
20220313 002247.994 INFO             PET2 PIOc_sync Exit - MemInfo: [/proc/self/status]	VmHWM:	   39476 kB
20220313 002247.994 INFO             PET2 PIOc_sync Exit - MemInfo: [/proc/self/status]	VmRSS:	   39476 kB
20220313 002247.994 INFO             PET2 PIOc_sync Exit - MemInfo: [/proc/self/status]	VmData:	   25952 kB
