build time -- 2022-03-14 01:03:02
20220314 012314.124 INFO             PET0 !!!!!!!!!!!!!!!!!!!!!!!!!!!!!!!!!!!!!!!!!!!!!!!!!!!!!!
20220314 012314.124 INFO             PET0 !!! THE ESMF_LOG IS SET TO OUTPUT ALL LOG MESSAGES !!!
20220314 012314.124 INFO             PET0 !!!     THIS MAY CAUSE SLOWDOWN IN PERFORMANCE     !!!
20220314 012314.124 INFO             PET0 !!! FOR PRODUCTION RUNS, USE:                      !!!
20220314 012314.124 INFO             PET0 !!!                   ESMF_LOGKIND_Multi_On_Error  !!!
20220314 012314.124 INFO             PET0 !!!!!!!!!!!!!!!!!!!!!!!!!!!!!!!!!!!!!!!!!!!!!!!!!!!!!!
20220314 012314.124 INFO             PET0 Running with ESMF Version   : v8.3.0b09-96-g559b459836
20220314 012314.124 INFO             PET0 ESMF library build date/time: "Mar 14 2022" "01:01:03"
20220314 012314.124 INFO             PET0 ESMF library build location : /lustre/f2/dev/ncep/Mark.Potts/intel_2019.5_mpi_g_jedwards_pio_update2
20220314 012314.124 INFO             PET0 ESMF_COMM                   : mpi
20220314 012314.125 INFO             PET0 ESMF_MOAB                   : enabled
20220314 012314.125 INFO             PET0 ESMF_LAPACK                 : enabled
20220314 012314.125 INFO             PET0 ESMF_NETCDF                 : enabled
20220314 012314.125 INFO             PET0 ESMF_PNETCDF                : disabled
20220314 012314.125 INFO             PET0 ESMF_PIO                    : enabled
20220314 012314.125 INFO             PET0 ESMF_YAMLCPP                : enabled
20220314 012314.125 INFO             PET0 Beginning Test, file ESMC_FieldSMMFromFileUTest.C, line 41
20220314 012314.125 INFO             PET0 Beginning Test, file ESMC_FieldSMMFromFileUTest.C, line 41NUMBER_OF_PROCESSORS 4
20220314 012314.197 INFO             PET0 PIOc_sync Enter - MemInfo: [/proc/meminfo - SSI]	MemTotal:       65855856 kB
20220314 012314.197 INFO             PET0 PIOc_sync Enter - MemInfo: [/proc/meminfo - SSI]	MemFree:        61060288 kB
20220314 012314.197 INFO             PET0 PIOc_sync Enter - MemInfo: [/proc/meminfo - SSI]	MemAvailable:   60885888 kB
20220314 012314.197 INFO             PET0 PIOc_sync Enter - MemInfo: [/proc/meminfo - SSI]	Committed_AS:    3181632 kB
20220314 012314.197 INFO             PET0 PIOc_sync Enter - MemInfo: [/proc/meminfo - SSI]	CommittedPercent: 4.83121 %
20220314 012314.197 INFO             PET0 PIOc_sync Enter - MemInfo: [/proc/self/status]	VmPeak:	  268948 kB
20220314 012314.197 INFO             PET0 PIOc_sync Enter - MemInfo: [/proc/self/status]	VmSize:	  268948 kB
20220314 012314.197 INFO             PET0 PIOc_sync Enter - MemInfo: [/proc/self/status]	VmLck:	       0 kB
20220314 012314.197 INFO             PET0 PIOc_sync Enter - MemInfo: [/proc/self/status]	VmPin:	       0 kB
20220314 012314.197 INFO             PET0 PIOc_sync Enter - MemInfo: [/proc/self/status]	VmHWM:	   49000 kB
20220314 012314.197 INFO             PET0 PIOc_sync Enter - MemInfo: [/proc/self/status]	VmRSS:	   49000 kB
20220314 012314.197 INFO             PET0 PIOc_sync Enter - MemInfo: [/proc/self/status]	VmData:	   34860 kB
20220314 012314.197 INFO             PET0 PIOc_sync Enter - MemInfo: [/proc/self/status]	VmStk:	     508 kB
20220314 012314.197 INFO             PET0 PIOc_sync Enter - MemInfo: [/proc/self/status]	VmExe:	     880 kB
20220314 012314.197 INFO             PET0 PIOc_sync Enter - MemInfo: [/proc/self/status]	VmLib:	  133788 kB
20220314 012314.197 INFO             PET0 PIOc_sync Enter - MemInfo: [/proc/self/status]	VmPTE:	     436 kB
20220314 012314.197 INFO             PET0 PIOc_sync Enter - MemInfo: [/proc/self/status]	VmPMD:	      12 kB
20220314 012314.197 INFO             PET0 PIOc_sync Enter - MemInfo: [/proc/self/status]	VmSwap:	       0 kB
20220314 012314.197 INFO             PET0 PIOc_sync Enter - MemInfo: [/proc/self/status]	VmRSSPercent: 0.0744049 %
20220314 012314.197 INFO             PET0 PIOc_sync Enter - MemInfo: [malloc] Non-mmapped space allocated:                 1474560 Byte
20220314 012314.197 INFO             PET0 PIOc_sync Enter - MemInfo: [malloc] Space allocated in mmapped regions:         12926976 Byte
20220314 012314.197 INFO             PET0 PIOc_sync Enter - MemInfo: [malloc] Maximum total allocated space:                     0 Byte
20220314 012314.197 INFO             PET0 PIOc_sync Enter - MemInfo: [malloc] Space in freed fastbin blocks:                     0 Byte
20220314 012314.197 INFO             PET0 PIOc_sync Enter - MemInfo: [malloc] Total allocated space:                       1312496 Byte
20220314 012314.197 INFO             PET0 PIOc_sync Enter - MemInfo: [malloc] Total free space:                             162064 Byte
20220314 012314.197 INFO             PET0 PIOc_sync Enter - MemInfo: [malloc] Top-most, releasable space:                   133344 Byte
20220314 012314.197 INFO             PET0 PIOc_sync Enter - MemInfo: [malloc] Total space in use, mmap + non-mmap:        14239472 Byte
20220314 012314.197 INFO             PET0 PIOc_sync Enter - MemInfo: [malloc] Total space held (mmap + non-mmap):         14401536 Byte
20220314 012314.197 INFO             PET0 PIOc_sync Enter - MemInfo: [malloc] Total space used (mmap + non-mmap):         14248496 Byte
20220314 012314.197 INFO             PET0 PIOc_sync Enter - MemInfo: Wall-clock time since execution start:              0.0916729 seconds
20220314 012314.198 INFO             PET0 PIOc_sync Exit - MemInfo: [/proc/meminfo - SSI]	MemTotal:       65855856 kB
20220314 012314.198 INFO             PET0 PIOc_sync Exit - MemInfo: [/proc/meminfo - SSI]	MemFree:        61059280 kB
20220314 012314.198 INFO             PET0 PIOc_sync Exit - MemInfo: [/proc/meminfo - SSI]	MemAvailable:   60884880 kB
20220314 012314.198 INFO             PET0 PIOc_sync Exit - MemInfo: [/proc/meminfo - SSI]	Committed_AS:    3181632 kB
20220314 012314.198 INFO             PET0 PIOc_sync Exit - MemInfo: [/proc/meminfo - SSI]	CommittedPercent: 4.83121 %
20220314 012314.198 INFO             PET0 PIOc_sync Exit - MemInfo: [/proc/self/status]	VmPeak:	  269272 kB
20220314 012314.198 INFO             PET0 PIOc_sync Exit - MemInfo: [/proc/self/status]	VmSize:	  269272 kB
20220314 012314.198 INFO             PET0 PIOc_sync Exit - MemInfo: [/proc/self/status]	VmLck:	       0 kB
20220314 012314.198 INFO             PET0 PIOc_sync Exit - MemInfo: [/proc/self/status]	VmPin:	       0 kB
20220314 012314.198 INFO             PET0 PIOc_sync Exit - MemInfo: [/proc/self/status]	VmHWM:	   49496 kB
20220314 012314.198 INFO             PET0 PIOc_sync Exit - MemInfo: [/proc/self/status]	VmRSS:	   49496 kB
20220314 012314.198 INFO             PET0 PIOc_sync Exit - MemInfo: [/proc/self/status]	VmData:	   35184 kB
20220314 012314.198 INFO             PET0 PIOc_sync Exit - MemInfo: [/proc/self/status]	VmStk:	     508 kB
20220314 012314.198 INFO             PET0 PIOc_sync Exit - MemInfo: [/proc/self/status]	VmExe:	     880 kB
20220314 012314.198 INFO             PET0 PIOc_sync Exit - MemInfo: [/proc/self/status]	VmLib:	  133788 kB
20220314 012314.198 INFO             PET0 PIOc_sync Exit - MemInfo: [/proc/self/status]	VmPTE:	     440 kB
20220314 012314.198 INFO             PET0 PIOc_sync Exit - MemInfo: [/proc/self/status]	VmPMD:	      12 kB
20220314 012314.198 INFO             PET0 PIOc_sync Exit - MemInfo: [/proc/self/status]	VmSwap:	       0 kB
20220314 012314.198 INFO             PET0 PIOc_sync Exit - MemInfo: [/proc/self/status]	VmRSSPercent: 0.0751581 %
20220314 012314.198 INFO             PET0 PIOc_sync Exit - MemInfo: [malloc] Non-mmapped space allocated:                 1474560 Byte
20220314 012314.198 INFO             PET0 PIOc_sync Exit - MemInfo: [malloc] Space allocated in mmapped regions:         13258752 Byte
20220314 012314.198 INFO             PET0 PIOc_sync Exit - MemInfo: [malloc] Maximum total allocated space:                     0 Byte
20220314 012314.198 INFO             PET0 PIOc_sync Exit - MemInfo: [malloc] Space in freed fastbin blocks:                     0 Byte
20220314 012314.198 INFO             PET0 PIOc_sync Exit - MemInfo: [malloc] Total allocated space:                       1381312 Byte
20220314 012314.198 INFO             PET0 PIOc_sync Exit - MemInfo: [malloc] Total free space:                              93248 Byte
20220314 012314.198 INFO             PET0 PIOc_sync Exit - MemInfo: [malloc] Top-most, releasable space:                    67792 Byte
20220314 012314.198 INFO             PET0 PIOc_sync Exit - MemInfo: [malloc] Total space in use, mmap + non-mmap:        14640064 Byte
20220314 012314.198 INFO             PET0 PIOc_sync Exit - MemInfo: [malloc] Total space held (mmap + non-mmap):         14733312 Byte
20220314 012314.198 INFO             PET0 PIOc_sync Exit - MemInfo: [malloc] Total space used (mmap + non-mmap):         14648560 Byte
20220314 012314.198 INFO             PET0 PIOc_sync Exit - MemInfo: Wall-clock time since execution start:              0.0924959 seconds
20220314 012314.198 INFO             PET0 PIOc_freedecomp Enter - MemInfo: [/proc/meminfo - SSI]	MemTotal:       65855856 kB
20220314 012314.198 INFO             PET0 PIOc_freedecomp Enter - MemInfo: [/proc/meminfo - SSI]	MemFree:        61066336 kB
20220314 012314.198 INFO             PET0 PIOc_freedecomp Enter - MemInfo: [/proc/meminfo - SSI]	MemAvailable:   60891936 kB
20220314 012314.198 INFO             PET0 PIOc_freedecomp Enter - MemInfo: [/proc/meminfo - SSI]	Committed_AS:    3173768 kB
20220314 012314.198 INFO             PET0 PIOc_freedecomp Enter - MemInfo: [/proc/meminfo - SSI]	CommittedPercent: 4.81926 %
20220314 012314.199 INFO             PET0 PIOc_freedecomp Enter - MemInfo: [/proc/self/status]	VmPeak:	  269272 kB
20220314 012314.199 INFO             PET0 PIOc_freedecomp Enter - MemInfo: [/proc/self/status]	VmSize:	  260560 kB
20220314 012314.199 INFO             PET0 PIOc_freedecomp Enter - MemInfo: [/proc/self/status]	VmLck:	       0 kB
20220314 012314.199 INFO             PET0 PIOc_freedecomp Enter - MemInfo: [/proc/self/status]	VmPin:	       0 kB
20220314 012314.199 INFO             PET0 PIOc_freedecomp Enter - MemInfo: [/proc/self/status]	VmHWM:	   49496 kB
20220314 012314.199 INFO             PET0 PIOc_freedecomp Enter - MemInfo: [/proc/self/status]	VmRSS:	   41564 kB
20220314 012314.199 INFO             PET0 PIOc_freedecomp Enter - MemInfo: [/proc/self/status]	VmData:	   26472 kB
20220314 012314.199 INFO             PET0 PIOc_freedecomp Enter - MemInfo: [/proc/self/status]	VmStk:	     508 kB
20220314 012314.199 INFO             PET0 PIOc_freedecomp Enter - MemInfo: [/proc/self/status]	VmExe:	     880 kB
20220314 012314.199 INFO             PET0 PIOc_freedecomp Enter - MemInfo: [/proc/self/status]	VmLib:	  133788 kB
20220314 012314.199 INFO             PET0 PIOc_freedecomp Enter - MemInfo: [/proc/self/status]	VmPTE:	     428 kB
20220314 012314.199 INFO             PET0 PIOc_freedecomp Enter - MemInfo: [/proc/self/status]	VmPMD:	      12 kB
20220314 012314.199 INFO             PET0 PIOc_freedecomp Enter - MemInfo: [/proc/self/status]	VmSwap:	       0 kB
20220314 012314.199 INFO             PET0 PIOc_freedecomp Enter - MemInfo: [/proc/self/status]	VmRSSPercent: 0.0631136 %
20220314 012314.199 INFO             PET0 PIOc_freedecomp Enter - MemInfo: [malloc] Non-mmapped space allocated:                 1474560 Byte
20220314 012314.199 INFO             PET0 PIOc_freedecomp Enter - MemInfo: [malloc] Space allocated in mmapped regions:          4337664 Byte
20220314 012314.199 INFO             PET0 PIOc_freedecomp Enter - MemInfo: [malloc] Maximum total allocated space:                     0 Byte
20220314 012314.199 INFO             PET0 PIOc_freedecomp Enter - MemInfo: [malloc] Space in freed fastbin blocks:                   352 Byte
20220314 012314.199 INFO             PET0 PIOc_freedecomp Enter - MemInfo: [malloc] Total allocated space:                       1371088 Byte
20220314 012314.199 INFO             PET0 PIOc_freedecomp Enter - MemInfo: [malloc] Total free space:                             103472 Byte
20220314 012314.199 INFO             PET0 PIOc_freedecomp Enter - MemInfo: [malloc] Top-most, releasable space:                    67792 Byte
20220314 012314.199 INFO             PET0 PIOc_freedecomp Enter - MemInfo: [malloc] Total space in use, mmap + non-mmap:         5708752 Byte
20220314 012314.199 INFO             PET0 PIOc_freedecomp Enter - MemInfo: [malloc] Total space held (mmap + non-mmap):          5812224 Byte
20220314 012314.199 INFO             PET0 PIOc_freedecomp Enter - MemInfo: [malloc] Total space used (mmap + non-mmap):          5717184 Byte
20220314 012314.199 INFO             PET0 PIOc_freedecomp Enter - MemInfo: Wall-clock time since execution start:               0.093405 seconds
20220314 012314.199 INFO             PET0 PIOc_freedecomp Exit - MemInfo: [/proc/meminfo - SSI]	MemTotal:       65855856 kB
20220314 012314.199 INFO             PET0 PIOc_freedecomp Exit - MemInfo: [/proc/meminfo - SSI]	MemFree:        61066336 kB
20220314 012314.199 INFO             PET0 PIOc_freedecomp Exit - MemInfo: [/proc/meminfo - SSI]	MemAvailable:   60891936 kB
20220314 012314.199 INFO             PET0 PIOc_freedecomp Exit - MemInfo: [/proc/meminfo - SSI]	Committed_AS:    3173768 kB
20220314 012314.199 INFO             PET0 PIOc_freedecomp Exit - MemInfo: [/proc/meminfo - SSI]	CommittedPercent: 4.81926 %
20220314 012314.199 INFO             PET0 PIOc_freedecomp Exit - MemInfo: [/proc/self/status]	VmPeak:	  269272 kB
20220314 012314.199 INFO             PET0 PIOc_freedecomp Exit - MemInfo: [/proc/self/status]	VmSize:	  260560 kB
20220314 012314.199 INFO             PET0 PIOc_freedecomp Exit - MemInfo: [/proc/self/status]	VmLck:	       0 kB
20220314 012314.199 INFO             PET0 PIOc_freedecomp Exit - MemInfo: [/proc/self/status]	VmPin:	       0 kB
20220314 012314.199 INFO             PET0 PIOc_freedecomp Exit - MemInfo: [/proc/self/status]	VmHWM:	   49496 kB
20220314 012314.199 INFO             PET0 PIOc_freedecomp Exit - MemInfo: [/proc/self/status]	VmRSS:	   41564 kB
20220314 012314.199 INFO             PET0 PIOc_freedecomp Exit - MemInfo: [/proc/self/status]	VmData:	   26472 kB
20220314 012314.199 INFO             PET0 PIOc_freedecomp Exit - MemInfo: [/proc/self/status]	VmStk:	     508 kB
20220314 012314.199 INFO             PET0 PIOc_freedecomp Exit - MemInfo: [/proc/self/status]	VmExe:	     880 kB
20220314 012314.199 INFO             PET0 PIOc_freedecomp Exit - MemInfo: [/proc/self/status]	VmLib:	  133788 kB
20220314 012314.199 INFO             PET0 PIOc_freedecomp Exit - MemInfo: [/proc/self/status]	VmPTE:	     428 kB
20220314 012314.199 INFO             PET0 PIOc_freedecomp Exit - MemInfo: [/proc/self/status]	VmPMD:	      12 kB
20220314 012314.199 INFO             PET0 PIOc_freedecomp Exit - MemInfo: [/proc/self/status]	VmSwap:	       0 kB
20220314 012314.199 INFO             PET0 PIOc_freedecomp Exit - MemInfo: [/proc/self/status]	VmRSSPercent: 0.0631136 %
20220314 012314.199 INFO             PET0 PIOc_freedecomp Exit - MemInfo: [malloc] Non-mmapped space allocated:                 1474560 Byte
20220314 012314.199 INFO             PET0 PIOc_freedecomp Exit - MemInfo: [malloc] Space allocated in mmapped regions:          4337664 Byte
20220314 012314.199 INFO             PET0 PIOc_freedecomp Exit - MemInfo: [malloc] Maximum total allocated space:                     0 Byte
20220314 012314.199 INFO             PET0 PIOc_freedecomp Exit - MemInfo: [malloc] Space in freed fastbin blocks:                   816 Byte
20220314 012314.199 INFO             PET0 PIOc_freedecomp Exit - MemInfo: [malloc] Total allocated space:                       1368464 Byte
20220314 012314.199 INFO             PET0 PIOc_freedecomp Exit - MemInfo: [malloc] Total free space:                             106096 Byte
20220314 012314.199 INFO             PET0 PIOc_freedecomp Exit - MemInfo: [malloc] Top-most, releasable space:                    67792 Byte
20220314 012314.199 INFO             PET0 PIOc_freedecomp Exit - MemInfo: [malloc] Total space in use, mmap + non-mmap:         5706128 Byte
20220314 012314.199 INFO             PET0 PIOc_freedecomp Exit - MemInfo: [malloc] Total space held (mmap + non-mmap):          5812224 Byte
20220314 012314.199 INFO             PET0 PIOc_freedecomp Exit - MemInfo: [malloc] Total space used (mmap + non-mmap):          5714560 Byte
20220314 012314.199 INFO             PET0 PIOc_freedecomp Exit - MemInfo: Wall-clock time since execution start:              0.0937979 seconds
20220314 012314.202 INFO             PET0 PIOc_sync Enter - MemInfo: [/proc/meminfo - SSI]	MemTotal:       65855856 kB
20220314 012314.202 INFO             PET0 PIOc_sync Enter - MemInfo: [/proc/meminfo - SSI]	MemFree:        61063816 kB
20220314 012314.202 INFO             PET0 PIOc_sync Enter - MemInfo: [/proc/meminfo - SSI]	MemAvailable:   60889416 kB
20220314 012314.202 INFO             PET0 PIOc_sync Enter - MemInfo: [/proc/meminfo - SSI]	Committed_AS:    3182020 kB
20220314 012314.202 INFO             PET0 PIOc_sync Enter - MemInfo: [/proc/meminfo - SSI]	CommittedPercent: 4.8318 %
20220314 012314.202 INFO             PET0 PIOc_sync Enter - MemInfo: [/proc/self/status]	VmPeak:	  269292 kB
20220314 012314.202 INFO             PET0 PIOc_sync Enter - MemInfo: [/proc/self/status]	VmSize:	  269292 kB
20220314 012314.202 INFO             PET0 PIOc_sync Enter - MemInfo: [/proc/self/status]	VmLck:	       0 kB
20220314 012314.202 INFO             PET0 PIOc_sync Enter - MemInfo: [/proc/self/status]	VmPin:	       0 kB
20220314 012314.202 INFO             PET0 PIOc_sync Enter - MemInfo: [/proc/self/status]	VmHWM:	   49496 kB
20220314 012314.202 INFO             PET0 PIOc_sync Enter - MemInfo: [/proc/self/status]	VmRSS:	   45484 kB
20220314 012314.202 INFO             PET0 PIOc_sync Enter - MemInfo: [/proc/self/status]	VmData:	   35240 kB
20220314 012314.202 INFO             PET0 PIOc_sync Enter - MemInfo: [/proc/self/status]	VmStk:	     508 kB
20220314 012314.202 INFO             PET0 PIOc_sync Enter - MemInfo: [/proc/self/status]	VmExe:	     880 kB
20220314 012314.202 INFO             PET0 PIOc_sync Enter - MemInfo: [/proc/self/status]	VmLib:	  133788 kB
20220314 012314.202 INFO             PET0 PIOc_sync Enter - MemInfo: [/proc/self/status]	VmPTE:	     440 kB
20220314 012314.202 INFO             PET0 PIOc_sync Enter - MemInfo: [/proc/self/status]	VmPMD:	      12 kB
20220314 012314.202 INFO             PET0 PIOc_sync Enter - MemInfo: [/proc/self/status]	VmSwap:	       0 kB
20220314 012314.202 INFO             PET0 PIOc_sync Enter - MemInfo: [/proc/self/status]	VmRSSPercent: 0.069066 %
20220314 012314.202 INFO             PET0 PIOc_sync Enter - MemInfo: [malloc] Non-mmapped space allocated:                10452992 Byte
20220314 012314.202 INFO             PET0 PIOc_sync Enter - MemInfo: [malloc] Space allocated in mmapped regions:          4337664 Byte
20220314 012314.202 INFO             PET0 PIOc_sync Enter - MemInfo: [malloc] Maximum total allocated space:                     0 Byte
20220314 012314.202 INFO             PET0 PIOc_sync Enter - MemInfo: [malloc] Space in freed fastbin blocks:                   112 Byte
20220314 012314.202 INFO             PET0 PIOc_sync Enter - MemInfo: [malloc] Total allocated space:                      10295904 Byte
20220314 012314.202 INFO             PET0 PIOc_sync Enter - MemInfo: [malloc] Total free space:                             157088 Byte
20220314 012314.202 INFO             PET0 PIOc_sync Enter - MemInfo: [malloc] Top-most, releasable space:                   133296 Byte
20220314 012314.202 INFO             PET0 PIOc_sync Enter - MemInfo: [malloc] Total space in use, mmap + non-mmap:        14633568 Byte
20220314 012314.202 INFO             PET0 PIOc_sync Enter - MemInfo: [malloc] Total space held (mmap + non-mmap):         14790656 Byte
20220314 012314.202 INFO             PET0 PIOc_sync Enter - MemInfo: [malloc] Total space used (mmap + non-mmap):         14641888 Byte
20220314 012314.202 INFO             PET0 PIOc_sync Enter - MemInfo: Wall-clock time since execution start:              0.0970399 seconds
20220314 012314.203 INFO             PET0 PIOc_sync Exit - MemInfo: [/proc/meminfo - SSI]	MemTotal:       65855856 kB
20220314 012314.203 INFO             PET0 PIOc_sync Exit - MemInfo: [/proc/meminfo - SSI]	MemFree:        61063816 kB
20220314 012314.203 INFO             PET0 PIOc_sync Exit - MemInfo: [/proc/meminfo - SSI]	MemAvailable:   60889416 kB
20220314 012314.203 INFO             PET0 PIOc_sync Exit - MemInfo: [/proc/meminfo - SSI]	Committed_AS:    3182020 kB
20220314 012314.203 INFO             PET0 PIOc_sync Exit - MemInfo: [/proc/meminfo - SSI]	CommittedPercent: 4.8318 %
20220314 012314.203 INFO             PET0 PIOc_sync Exit - MemInfo: [/proc/self/status]	VmPeak:	  269292 kB
20220314 012314.203 INFO             PET0 PIOc_sync Exit - MemInfo: [/proc/self/status]	VmSize:	  269292 kB
20220314 012314.203 INFO             PET0 PIOc_sync Exit - MemInfo: [/proc/self/status]	VmLck:	       0 kB
20220314 012314.203 INFO             PET0 PIOc_sync Exit - MemInfo: [/proc/self/status]	VmPin:	       0 kB
20220314 012314.203 INFO             PET0 PIOc_sync Exit - MemInfo: [/proc/self/status]	VmHWM:	   49496 kB
20220314 012314.203 INFO             PET0 PIOc_sync Exit - MemInfo: [/proc/self/status]	VmRSS:	   45484 kB
20220314 012314.203 INFO             PET0 PIOc_sync Exit - MemInfo: [/proc/self/status]	VmData:	   35240 kB
20220314 012314.203 INFO             PET0 PIOc_sync Exit - MemInfo: [/proc/self/status]	VmStk:	     508 kB
20220314 012314.203 INFO             PET0 PIOc_sync Exit - MemInfo: [/proc/self/status]	VmExe:	     880 kB
20220314 012314.203 INFO             PET0 PIOc_sync Exit - MemInfo: [/proc/self/status]	VmLib:	  133788 kB
20220314 012314.203 INFO             PET0 PIOc_sync Exit - MemInfo: [/proc/self/status]	VmPTE:	     440 kB
20220314 012314.203 INFO             PET0 PIOc_sync Exit - MemInfo: [/proc/self/status]	VmPMD:	      12 kB
20220314 012314.203 INFO             PET0 PIOc_sync Exit - MemInfo: [/proc/self/status]	VmSwap:	       0 kB
20220314 012314.203 INFO             PET0 PIOc_sync Exit - MemInfo: [/proc/self/status]	VmRSSPercent: 0.069066 %
20220314 012314.203 INFO             PET0 PIOc_sync Exit - MemInfo: [malloc] Non-mmapped space allocated:                10452992 Byte
20220314 012314.203 INFO             PET0 PIOc_sync Exit - MemInfo: [malloc] Space allocated in mmapped regions:          4337664 Byte
20220314 012314.203 INFO             PET0 PIOc_sync Exit - MemInfo: [malloc] Maximum total allocated space:                     0 Byte
20220314 012314.203 INFO             PET0 PIOc_sync Exit - MemInfo: [malloc] Space in freed fastbin blocks:                     0 Byte
20220314 012314.203 INFO             PET0 PIOc_sync Exit - MemInfo: [malloc] Total allocated space:                      10297088 Byte
20220314 012314.203 INFO             PET0 PIOc_sync Exit - MemInfo: [malloc] Total free space:                             155904 Byte
20220314 012314.203 INFO             PET0 PIOc_sync Exit - MemInfo: [malloc] Top-most, releasable space:                   133296 Byte
20220314 012314.203 INFO             PET0 PIOc_sync Exit - MemInfo: [malloc] Total space in use, mmap + non-mmap:        14634752 Byte
20220314 012314.203 INFO             PET0 PIOc_sync Exit - MemInfo: [malloc] Total space held (mmap + non-mmap):         14790656 Byte
20220314 012314.203 INFO             PET0 PIOc_sync Exit - MemInfo: [malloc] Total space used (mmap + non-mmap):         14643072 Byte
20220314 012314.203 INFO             PET0 PIOc_sync Exit - MemInfo: Wall-clock time since execution start:              0.0975521 seconds
20220314 012314.203 INFO             PET0 PIOc_freedecomp Enter - MemInfo: [/proc/meminfo - SSI]	MemTotal:       65855856 kB
20220314 012314.203 INFO             PET0 PIOc_freedecomp Enter - MemInfo: [/proc/meminfo - SSI]	MemFree:        61063816 kB
20220314 012314.203 INFO             PET0 PIOc_freedecomp Enter - MemInfo: [/proc/meminfo - SSI]	MemAvailable:   60889416 kB
20220314 012314.203 INFO             PET0 PIOc_freedecomp Enter - MemInfo: [/proc/meminfo - SSI]	Committed_AS:    3182020 kB
20220314 012314.203 INFO             PET0 PIOc_freedecomp Enter - MemInfo: [/proc/meminfo - SSI]	CommittedPercent: 4.8318 %
20220314 012314.203 INFO             PET0 PIOc_freedecomp Enter - MemInfo: [/proc/self/status]	VmPeak:	  269292 kB
20220314 012314.203 INFO             PET0 PIOc_freedecomp Enter - MemInfo: [/proc/self/status]	VmSize:	  269292 kB
20220314 012314.203 INFO             PET0 PIOc_freedecomp Enter - MemInfo: [/proc/self/status]	VmLck:	       0 kB
20220314 012314.203 INFO             PET0 PIOc_freedecomp Enter - MemInfo: [/proc/self/status]	VmPin:	       0 kB
20220314 012314.203 INFO             PET0 PIOc_freedecomp Enter - MemInfo: [/proc/self/status]	VmHWM:	   49496 kB
20220314 012314.203 INFO             PET0 PIOc_freedecomp Enter - MemInfo: [/proc/self/status]	VmRSS:	   45484 kB
20220314 012314.203 INFO             PET0 PIOc_freedecomp Enter - MemInfo: [/proc/self/status]	VmData:	   35240 kB
20220314 012314.203 INFO             PET0 PIOc_freedecomp Enter - MemInfo: [/proc/self/status]	VmStk:	     508 kB
20220314 012314.203 INFO             PET0 PIOc_freedecomp Enter - MemInfo: [/proc/self/status]	VmExe:	     880 kB
20220314 012314.203 INFO             PET0 PIOc_freedecomp Enter - MemInfo: [/proc/self/status]	VmLib:	  133788 kB
20220314 012314.203 INFO             PET0 PIOc_freedecomp Enter - MemInfo: [/proc/self/status]	VmPTE:	     440 kB
20220314 012314.203 INFO             PET0 PIOc_freedecomp Enter - MemInfo: [/proc/self/status]	VmPMD:	      12 kB
20220314 012314.203 INFO             PET0 PIOc_freedecomp Enter - MemInfo: [/proc/self/status]	VmSwap:	       0 kB
20220314 012314.203 INFO             PET0 PIOc_freedecomp Enter - MemInfo: [/proc/self/status]	VmRSSPercent: 0.069066 %
20220314 012314.203 INFO             PET0 PIOc_freedecomp Enter - MemInfo: [malloc] Non-mmapped space allocated:                10452992 Byte
20220314 012314.203 INFO             PET0 PIOc_freedecomp Enter - MemInfo: [malloc] Space allocated in mmapped regions:          4337664 Byte
20220314 012314.203 INFO             PET0 PIOc_freedecomp Enter - MemInfo: [malloc] Maximum total allocated space:                     0 Byte
20220314 012314.203 INFO             PET0 PIOc_freedecomp Enter - MemInfo: [malloc] Space in freed fastbin blocks:                   256 Byte
20220314 012314.203 INFO             PET0 PIOc_freedecomp Enter - MemInfo: [malloc] Total allocated space:                       1372896 Byte
20220314 012314.203 INFO             PET0 PIOc_freedecomp Enter - MemInfo: [malloc] Total free space:                            9080096 Byte
20220314 012314.203 INFO             PET0 PIOc_freedecomp Enter - MemInfo: [malloc] Top-most, releasable space:                  9046224 Byte
20220314 012314.204 INFO             PET0 PIOc_freedecomp Enter - MemInfo: [malloc] Total space in use, mmap + non-mmap:         5710560 Byte
20220314 012314.204 INFO             PET0 PIOc_freedecomp Enter - MemInfo: [malloc] Total space held (mmap + non-mmap):         14790656 Byte
20220314 012314.204 INFO             PET0 PIOc_freedecomp Enter - MemInfo: [malloc] Total space used (mmap + non-mmap):          5718768 Byte
20220314 012314.204 INFO             PET0 PIOc_freedecomp Enter - MemInfo: Wall-clock time since execution start:              0.0981319 seconds
20220314 012314.204 INFO             PET0 PIOc_freedecomp Exit - MemInfo: [/proc/meminfo - SSI]	MemTotal:       65855856 kB
20220314 012314.204 INFO             PET0 PIOc_freedecomp Exit - MemInfo: [/proc/meminfo - SSI]	MemFree:        61063312 kB
20220314 012314.204 INFO             PET0 PIOc_freedecomp Exit - MemInfo: [/proc/meminfo - SSI]	MemAvailable:   60888912 kB
20220314 012314.204 INFO             PET0 PIOc_freedecomp Exit - MemInfo: [/proc/meminfo - SSI]	Committed_AS:    3182020 kB
20220314 012314.204 INFO             PET0 PIOc_freedecomp Exit - MemInfo: [/proc/meminfo - SSI]	CommittedPercent: 4.8318 %
20220314 012314.204 INFO             PET0 PIOc_freedecomp Exit - MemInfo: [/proc/self/status]	VmPeak:	  269292 kB
20220314 012314.204 INFO             PET0 PIOc_freedecomp Exit - MemInfo: [/proc/self/status]	VmSize:	  269292 kB
20220314 012314.204 INFO             PET0 PIOc_freedecomp Exit - MemInfo: [/proc/self/status]	VmLck:	       0 kB
20220314 012314.204 INFO             PET0 PIOc_freedecomp Exit - MemInfo: [/proc/self/status]	VmPin:	       0 kB
20220314 012314.204 INFO             PET0 PIOc_freedecomp Exit - MemInfo: [/proc/self/status]	VmHWM:	   49496 kB
20220314 012314.204 INFO             PET0 PIOc_freedecomp Exit - MemInfo: [/proc/self/status]	VmRSS:	   45484 kB
20220314 012314.204 INFO             PET0 PIOc_freedecomp Exit - MemInfo: [/proc/self/status]	VmData:	   35240 kB
20220314 012314.204 INFO             PET0 PIOc_freedecomp Exit - MemInfo: [/proc/self/status]	VmStk:	     508 kB
20220314 012314.204 INFO             PET0 PIOc_freedecomp Exit - MemInfo: [/proc/self/status]	VmExe:	     880 kB
20220314 012314.204 INFO             PET0 PIOc_freedecomp Exit - MemInfo: [/proc/self/status]	VmLib:	  133788 kB
20220314 012314.204 INFO             PET0 PIOc_freedecomp Exit - MemInfo: [/proc/self/status]	VmPTE:	     440 kB
20220314 012314.204 INFO             PET0 PIOc_freedecomp Exit - MemInfo: [/proc/self/status]	VmPMD:	      12 kB
20220314 012314.204 INFO             PET0 PIOc_freedecomp Exit - MemInfo: [/proc/self/status]	VmSwap:	       0 kB
20220314 012314.204 INFO             PET0 PIOc_freedecomp Exit - MemInfo: [/proc/self/status]	VmRSSPercent: 0.069066 %
20220314 012314.204 INFO             PET0 PIOc_freedecomp Exit - MemInfo: [malloc] Non-mmapped space allocated:                10452992 Byte
20220314 012314.204 INFO             PET0 PIOc_freedecomp Exit - MemInfo: [malloc] Space allocated in mmapped regions:          4337664 Byte
20220314 012314.204 INFO             PET0 PIOc_freedecomp Exit - MemInfo: [malloc] Maximum total allocated space:                     0 Byte
20220314 012314.204 INFO             PET0 PIOc_freedecomp Exit - MemInfo: [malloc] Space in freed fastbin blocks:                   944 Byte
20220314 012314.204 INFO             PET0 PIOc_freedecomp Exit - MemInfo: [malloc] Total allocated space:                       1369056 Byte
20220314 012314.204 INFO             PET0 PIOc_freedecomp Exit - MemInfo: [malloc] Total free space:                            9083936 Byte
20220314 012314.204 INFO             PET0 PIOc_freedecomp Exit - MemInfo: [malloc] Top-most, releasable space:                  9046224 Byte
20220314 012314.204 INFO             PET0 PIOc_freedecomp Exit - MemInfo: [malloc] Total space in use, mmap + non-mmap:         5706720 Byte
20220314 012314.204 INFO             PET0 PIOc_freedecomp Exit - MemInfo: [malloc] Total space held (mmap + non-mmap):         14790656 Byte
20220314 012314.204 INFO             PET0 PIOc_freedecomp Exit - MemInfo: [malloc] Total space used (mmap + non-mmap):          5714928 Byte
20220314 012314.204 INFO             PET0 PIOc_freedecomp Exit - MemInfo: Wall-clock time since execution start:               0.098531 seconds
20220314 012314.206 INFO             PET0 PIOc_sync Enter - MemInfo: [/proc/meminfo - SSI]	MemTotal:       65855856 kB
20220314 012314.206 INFO             PET0 PIOc_sync Enter - MemInfo: [/proc/meminfo - SSI]	MemFree:        61063312 kB
20220314 012314.206 INFO             PET0 PIOc_sync Enter - MemInfo: [/proc/meminfo - SSI]	MemAvailable:   60888912 kB
20220314 012314.206 INFO             PET0 PIOc_sync Enter - MemInfo: [/proc/meminfo - SSI]	Committed_AS:    3182020 kB
20220314 012314.206 INFO             PET0 PIOc_sync Enter - MemInfo: [/proc/meminfo - SSI]	CommittedPercent: 4.8318 %
20220314 012314.206 INFO             PET0 PIOc_sync Enter - MemInfo: [/proc/self/status]	VmPeak:	  269292 kB
20220314 012314.206 INFO             PET0 PIOc_sync Enter - MemInfo: [/proc/self/status]	VmSize:	  269292 kB
20220314 012314.206 INFO             PET0 PIOc_sync Enter - MemInfo: [/proc/self/status]	VmLck:	       0 kB
20220314 012314.206 INFO             PET0 PIOc_sync Enter - MemInfo: [/proc/self/status]	VmPin:	       0 kB
20220314 012314.206 INFO             PET0 PIOc_sync Enter - MemInfo: [/proc/self/status]	VmHWM:	   49496 kB
20220314 012314.206 INFO             PET0 PIOc_sync Enter - MemInfo: [/proc/self/status]	VmRSS:	   46012 kB
20220314 012314.206 INFO             PET0 PIOc_sync Enter - MemInfo: [/proc/self/status]	VmData:	   35240 kB
20220314 012314.206 INFO             PET0 PIOc_sync Enter - MemInfo: [/proc/self/status]	VmStk:	     508 kB
20220314 012314.206 INFO             PET0 PIOc_sync Enter - MemInfo: [/proc/self/status]	VmExe:	     880 kB
20220314 012314.206 INFO             PET0 PIOc_sync Enter - MemInfo: [/proc/self/status]	VmLib:	  133788 kB
20220314 012314.206 INFO             PET0 PIOc_sync Enter - MemInfo: [/proc/self/status]	VmPTE:	     440 kB
20220314 012314.206 INFO             PET0 PIOc_sync Enter - MemInfo: [/proc/self/status]	VmPMD:	      12 kB
20220314 012314.206 INFO             PET0 PIOc_sync Enter - MemInfo: [/proc/self/status]	VmSwap:	       0 kB
20220314 012314.206 INFO             PET0 PIOc_sync Enter - MemInfo: [/proc/self/status]	VmRSSPercent: 0.0698677 %
20220314 012314.206 INFO             PET0 PIOc_sync Enter - MemInfo: [malloc] Non-mmapped space allocated:                10452992 Byte
20220314 012314.206 INFO             PET0 PIOc_sync Enter - MemInfo: [malloc] Space allocated in mmapped regions:          4337664 Byte
20220314 012314.206 INFO             PET0 PIOc_sync Enter - MemInfo: [malloc] Maximum total allocated space:                     0 Byte
20220314 012314.206 INFO             PET0 PIOc_sync Enter - MemInfo: [malloc] Space in freed fastbin blocks:                   336 Byte
20220314 012314.206 INFO             PET0 PIOc_sync Enter - MemInfo: [malloc] Total allocated space:                      10297536 Byte
20220314 012314.206 INFO             PET0 PIOc_sync Enter - MemInfo: [malloc] Total free space:                             155456 Byte
20220314 012314.206 INFO             PET0 PIOc_sync Enter - MemInfo: [malloc] Top-most, releasable space:                   133296 Byte
20220314 012314.206 INFO             PET0 PIOc_sync Enter - MemInfo: [malloc] Total space in use, mmap + non-mmap:        14635200 Byte
20220314 012314.206 INFO             PET0 PIOc_sync Enter - MemInfo: [malloc] Total space held (mmap + non-mmap):         14790656 Byte
20220314 012314.206 INFO             PET0 PIOc_sync Enter - MemInfo: [malloc] Total space used (mmap + non-mmap):         14643408 Byte
20220314 012314.206 INFO             PET0 PIOc_sync Enter - MemInfo: Wall-clock time since execution start:               0.100628 seconds
20220314 012314.206 INFO             PET0 PIOc_sync Exit - MemInfo: [/proc/meminfo - SSI]	MemTotal:       65855856 kB
20220314 012314.206 INFO             PET0 PIOc_sync Exit - MemInfo: [/proc/meminfo - SSI]	MemFree:        61063312 kB
20220314 012314.206 INFO             PET0 PIOc_sync Exit - MemInfo: [/proc/meminfo - SSI]	MemAvailable:   60888912 kB
20220314 012314.206 INFO             PET0 PIOc_sync Exit - MemInfo: [/proc/meminfo - SSI]	Committed_AS:    3182020 kB
20220314 012314.206 INFO             PET0 PIOc_sync Exit - MemInfo: [/proc/meminfo - SSI]	CommittedPercent: 4.8318 %
20220314 012314.206 INFO             PET0 PIOc_sync Exit - MemInfo: [/proc/self/status]	VmPeak:	  269292 kB
20220314 012314.206 INFO             PET0 PIOc_sync Exit - MemInfo: [/proc/self/status]	VmSize:	  269292 kB
20220314 012314.206 INFO             PET0 PIOc_sync Exit - MemInfo: [/proc/self/status]	VmLck:	       0 kB
20220314 012314.206 INFO             PET0 PIOc_sync Exit - MemInfo: [/proc/self/status]	VmPin:	       0 kB
20220314 012314.206 INFO             PET0 PIOc_sync Exit - MemInfo: [/proc/self/status]	VmHWM:	   49496 kB
20220314 012314.206 INFO             PET0 PIOc_sync Exit - MemInfo: [/proc/self/status]	VmRSS:	   46012 kB
20220314 012314.206 INFO             PET0 PIOc_sync Exit - MemInfo: [/proc/self/status]	VmData:	   35240 kB
20220314 012314.206 INFO             PET0 PIOc_sync Exit - MemInfo: [/proc/self/status]	VmStk:	     508 kB
20220314 012314.206 INFO             PET0 PIOc_sync Exit - MemInfo: [/proc/self/status]	VmExe:	     880 kB
20220314 012314.206 INFO             PET0 PIOc_sync Exit - MemInfo: [/proc/self/status]	VmLib:	  133788 kB
20220314 012314.206 INFO             PET0 PIOc_sync Exit - MemInfo: [/proc/self/status]	VmPTE:	     440 kB
20220314 012314.206 INFO             PET0 PIOc_sync Exit - MemInfo: [/proc/self/status]	VmPMD:	      12 kB
20220314 012314.206 INFO             PET0 PIOc_sync Exit - MemInfo: [/proc/self/status]	VmSwap:	       0 kB
20220314 012314.206 INFO             PET0 PIOc_sync Exit - MemInfo: [/proc/self/status]	VmRSSPercent: 0.0698677 %
20220314 012314.206 INFO             PET0 PIOc_sync Exit - MemInfo: [malloc] Non-mmapped space allocated:                10452992 Byte
20220314 012314.206 INFO             PET0 PIOc_sync Exit - MemInfo: [malloc] Space allocated in mmapped regions:          4337664 Byte
20220314 012314.206 INFO             PET0 PIOc_sync Exit - MemInfo: [malloc] Maximum total allocated space:                     0 Byte
20220314 012314.206 INFO             PET0 PIOc_sync Exit - MemInfo: [malloc] Space in freed fastbin blocks:                     0 Byte
20220314 012314.206 INFO             PET0 PIOc_sync Exit - MemInfo: [malloc] Total allocated space:                      10298368 Byte
20220314 012314.207 INFO             PET0 PIOc_sync Exit - MemInfo: [malloc] Total free space:                             154624 Byte
20220314 012314.207 INFO             PET0 PIOc_sync Exit - MemInfo: [malloc] Top-most, releasable space:                   133296 Byte
20220314 012314.207 INFO             PET0 PIOc_sync Exit - MemInfo: [malloc] Total space in use, mmap + non-mmap:        14636032 Byte
20220314 012314.207 INFO             PET0 PIOc_sync Exit - MemInfo: [malloc] Total space held (mmap + non-mmap):         14790656 Byte
20220314 012314.207 INFO             PET0 PIOc_sync Exit - MemInfo: [malloc] Total space used (mmap + non-mmap):         14644352 Byte
20220314 012314.207 INFO             PET0 PIOc_sync Exit - MemInfo: Wall-clock time since execution start:               0.101149 seconds
20220314 012314.207 INFO             PET0 PIOc_freedecomp Enter - MemInfo: [/proc/meminfo - SSI]	MemTotal:       65855856 kB
20220314 012314.207 INFO             PET0 PIOc_freedecomp Enter - MemInfo: [/proc/meminfo - SSI]	MemFree:        61063312 kB
20220314 012314.207 INFO             PET0 PIOc_freedecomp Enter - MemInfo: [/proc/meminfo - SSI]	MemAvailable:   60888912 kB
20220314 012314.207 INFO             PET0 PIOc_freedecomp Enter - MemInfo: [/proc/meminfo - SSI]	Committed_AS:    3182020 kB
20220314 012314.207 INFO             PET0 PIOc_freedecomp Enter - MemInfo: [/proc/meminfo - SSI]	CommittedPercent: 4.8318 %
20220314 012314.207 INFO             PET0 PIOc_freedecomp Enter - MemInfo: [/proc/self/status]	VmPeak:	  269292 kB
20220314 012314.207 INFO             PET0 PIOc_freedecomp Enter - MemInfo: [/proc/self/status]	VmSize:	  269292 kB
20220314 012314.207 INFO             PET0 PIOc_freedecomp Enter - MemInfo: [/proc/self/status]	VmLck:	       0 kB
20220314 012314.207 INFO             PET0 PIOc_freedecomp Enter - MemInfo: [/proc/self/status]	VmPin:	       0 kB
20220314 012314.207 INFO             PET0 PIOc_freedecomp Enter - MemInfo: [/proc/self/status]	VmHWM:	   49496 kB
20220314 012314.207 INFO             PET0 PIOc_freedecomp Enter - MemInfo: [/proc/self/status]	VmRSS:	   46012 kB
20220314 012314.207 INFO             PET0 PIOc_freedecomp Enter - MemInfo: [/proc/self/status]	VmData:	   35240 kB
20220314 012314.207 INFO             PET0 PIOc_freedecomp Enter - MemInfo: [/proc/self/status]	VmStk:	     508 kB
20220314 012314.207 INFO             PET0 PIOc_freedecomp Enter - MemInfo: [/proc/self/status]	VmExe:	     880 kB
20220314 012314.207 INFO             PET0 PIOc_freedecomp Enter - MemInfo: [/proc/self/status]	VmLib:	  133788 kB
20220314 012314.207 INFO             PET0 PIOc_freedecomp Enter - MemInfo: [/proc/self/status]	VmPTE:	     440 kB
20220314 012314.207 INFO             PET0 PIOc_freedecomp Enter - MemInfo: [/proc/self/status]	VmPMD:	      12 kB
20220314 012314.207 INFO             PET0 PIOc_freedecomp Enter - MemInfo: [/proc/self/status]	VmSwap:	       0 kB
20220314 012314.207 INFO             PET0 PIOc_freedecomp Enter - MemInfo: [/proc/self/status]	VmRSSPercent: 0.0698677 %
20220314 012314.207 INFO             PET0 PIOc_freedecomp Enter - MemInfo: [malloc] Non-mmapped space allocated:                10452992 Byte
20220314 012314.207 INFO             PET0 PIOc_freedecomp Enter - MemInfo: [malloc] Space allocated in mmapped regions:          4337664 Byte
20220314 012314.207 INFO             PET0 PIOc_freedecomp Enter - MemInfo: [malloc] Maximum total allocated space:                     0 Byte
20220314 012314.207 INFO             PET0 PIOc_freedecomp Enter - MemInfo: [malloc] Space in freed fastbin blocks:                   176 Byte
20220314 012314.207 INFO             PET0 PIOc_freedecomp Enter - MemInfo: [malloc] Total allocated space:                       1373920 Byte
20220314 012314.207 INFO             PET0 PIOc_freedecomp Enter - MemInfo: [malloc] Total free space:                            9079072 Byte
20220314 012314.207 INFO             PET0 PIOc_freedecomp Enter - MemInfo: [malloc] Top-most, releasable space:                  9046224 Byte
20220314 012314.207 INFO             PET0 PIOc_freedecomp Enter - MemInfo: [malloc] Total space in use, mmap + non-mmap:         5711584 Byte
20220314 012314.207 INFO             PET0 PIOc_freedecomp Enter - MemInfo: [malloc] Total space held (mmap + non-mmap):         14790656 Byte
20220314 012314.207 INFO             PET0 PIOc_freedecomp Enter - MemInfo: [malloc] Total space used (mmap + non-mmap):          5719792 Byte
20220314 012314.207 INFO             PET0 PIOc_freedecomp Enter - MemInfo: Wall-clock time since execution start:               0.101737 seconds
20220314 012314.207 INFO             PET0 PIOc_freedecomp Exit - MemInfo: [/proc/meminfo - SSI]	MemTotal:       65855856 kB
20220314 012314.207 INFO             PET0 PIOc_freedecomp Exit - MemInfo: [/proc/meminfo - SSI]	MemFree:        61063312 kB
20220314 012314.207 INFO             PET0 PIOc_freedecomp Exit - MemInfo: [/proc/meminfo - SSI]	MemAvailable:   60888912 kB
20220314 012314.207 INFO             PET0 PIOc_freedecomp Exit - MemInfo: [/proc/meminfo - SSI]	Committed_AS:    3182020 kB
20220314 012314.207 INFO             PET0 PIOc_freedecomp Exit - MemInfo: [/proc/meminfo - SSI]	CommittedPercent: 4.8318 %
20220314 012314.207 INFO             PET0 PIOc_freedecomp Exit - MemInfo: [/proc/self/status]	VmPeak:	  269292 kB
20220314 012314.207 INFO             PET0 PIOc_freedecomp Exit - MemInfo: [/proc/self/status]	VmSize:	  269292 kB
20220314 012314.207 INFO             PET0 PIOc_freedecomp Exit - MemInfo: [/proc/self/status]	VmLck:	       0 kB
20220314 012314.207 INFO             PET0 PIOc_freedecomp Exit - MemInfo: [/proc/self/status]	VmPin:	       0 kB
20220314 012314.207 INFO             PET0 PIOc_freedecomp Exit - MemInfo: [/proc/self/status]	VmHWM:	   49496 kB
20220314 012314.207 INFO             PET0 PIOc_freedecomp Exit - MemInfo: [/proc/self/status]	VmRSS:	   46012 kB
20220314 012314.207 INFO             PET0 PIOc_freedecomp Exit - MemInfo: [/proc/self/status]	VmData:	   35240 kB
20220314 012314.207 INFO             PET0 PIOc_freedecomp Exit - MemInfo: [/proc/self/status]	VmStk:	     508 kB
20220314 012314.207 INFO             PET0 PIOc_freedecomp Exit - MemInfo: [/proc/self/status]	VmExe:	     880 kB
20220314 012314.207 INFO             PET0 PIOc_freedecomp Exit - MemInfo: [/proc/self/status]	VmLib:	  133788 kB
20220314 012314.207 INFO             PET0 PIOc_freedecomp Exit - MemInfo: [/proc/self/status]	VmPTE:	     440 kB
20220314 012314.207 INFO             PET0 PIOc_freedecomp Exit - MemInfo: [/proc/self/status]	VmPMD:	      12 kB
20220314 012314.207 INFO             PET0 PIOc_freedecomp Exit - MemInfo: [/proc/self/status]	VmSwap:	       0 kB
20220314 012314.207 INFO             PET0 PIOc_freedecomp Exit - MemInfo: [/proc/self/status]	VmRSSPercent: 0.0698677 %
20220314 012314.207 INFO             PET0 PIOc_freedecomp Exit - MemInfo: [malloc] Non-mmapped space allocated:                10452992 Byte
20220314 012314.207 INFO             PET0 PIOc_freedecomp Exit - MemInfo: [malloc] Space allocated in mmapped regions:          4337664 Byte
20220314 012314.207 INFO             PET0 PIOc_freedecomp Exit - MemInfo: [malloc] Maximum total allocated space:                     0 Byte
20220314 012314.207 INFO             PET0 PIOc_freedecomp Exit - MemInfo: [malloc] Space in freed fastbin blocks:                   944 Byte
20220314 012314.207 INFO             PET0 PIOc_freedecomp Exit - MemInfo: [malloc] Total allocated space:                       1370080 Byte
20220314 012314.207 INFO             PET0 PIOc_freedecomp Exit - MemInfo: [malloc] Total free space:                            9082912 Byte
20220314 012314.207 INFO             PET0 PIOc_freedecomp Exit - MemInfo: [malloc] Top-most, releasable space:                  9046224 Byte
20220314 012314.208 INFO             PET0 PIOc_freedecomp Exit - MemInfo: [malloc] Total space in use, mmap + non-mmap:         5707744 Byte
20220314 012314.208 INFO             PET0 PIOc_freedecomp Exit - MemInfo: [malloc] Total space held (mmap + non-mmap):         14790656 Byte
20220314 012314.208 INFO             PET0 PIOc_freedecomp Exit - MemInfo: [malloc] Total space used (mmap + non-mmap):          5715952 Byte
20220314 012314.208 INFO             PET0 PIOc_freedecomp Exit - MemInfo: Wall-clock time since execution start:               0.102136 seconds
20220314 012314.208 INFO             PET0 PASS ESMC_FieldRegridStoreFile test, ESMC_FieldSMMFromFileUTest.C, line 199
20220314 012314.213 INFO             PET0 PASS ESMC_FieldSMMStore from File test, ESMC_FieldSMMFromFileUTest.C, line 229
20220314 012314.213 INFO             PET0 PASS ESMC_FieldSMMStore From File validation, ESMC_FieldSMMFromFileUTest.C, line 257
20220314 012314.213 INFO             PET0 PASS ESMC_FieldRegridRelease, ESMC_FieldSMMFromFileUTest.C, line 271
20220314 012314.213 INFO             PET0 Ending Test, file ESMC_FieldSMMFromFileUTest.C, line 289
20220314 012314.213 INFO             PET0 Finalizing ESMF
20220314 012314.117 INFO             PET1 !!!!!!!!!!!!!!!!!!!!!!!!!!!!!!!!!!!!!!!!!!!!!!!!!!!!!!
20220314 012314.117 INFO             PET1 !!! THE ESMF_LOG IS SET TO OUTPUT ALL LOG MESSAGES !!!
20220314 012314.117 INFO             PET1 !!!     THIS MAY CAUSE SLOWDOWN IN PERFORMANCE     !!!
20220314 012314.117 INFO             PET1 !!! FOR PRODUCTION RUNS, USE:                      !!!
20220314 012314.117 INFO             PET1 !!!                   ESMF_LOGKIND_Multi_On_Error  !!!
20220314 012314.117 INFO             PET1 !!!!!!!!!!!!!!!!!!!!!!!!!!!!!!!!!!!!!!!!!!!!!!!!!!!!!!
20220314 012314.117 INFO             PET1 Running with ESMF Version   : v8.3.0b09-96-g559b459836
20220314 012314.117 INFO             PET1 ESMF library build date/time: "Mar 14 2022" "01:01:03"
20220314 012314.117 INFO             PET1 ESMF library build location : /lustre/f2/dev/ncep/Mark.Potts/intel_2019.5_mpi_g_jedwards_pio_update2
20220314 012314.117 INFO             PET1 ESMF_COMM                   : mpi
20220314 012314.118 INFO             PET1 ESMF_MOAB                   : enabled
20220314 012314.118 INFO             PET1 ESMF_LAPACK                 : enabled
20220314 012314.118 INFO             PET1 ESMF_NETCDF                 : enabled
20220314 012314.118 INFO             PET1 ESMF_PNETCDF                : disabled
20220314 012314.118 INFO             PET1 ESMF_PIO                    : enabled
20220314 012314.118 INFO             PET1 ESMF_YAMLCPP                : enabled
20220314 012314.118 INFO             PET1 Beginning Test, file ESMC_FieldSMMFromFileUTest.C, line 41
20220314 012314.118 INFO             PET1 Beginning Test, file ESMC_FieldSMMFromFileUTest.C, line 41NUMBER_OF_PROCESSORS 4
20220314 012314.197 INFO             PET1 PIOc_sync Enter - MemInfo: [/proc/meminfo - SSI]	MemTotal:       65855856 kB
20220314 012314.197 INFO             PET1 PIOc_sync Enter - MemInfo: [/proc/meminfo - SSI]	MemFree:        61060288 kB
20220314 012314.197 INFO             PET1 PIOc_sync Enter - MemInfo: [/proc/meminfo - SSI]	MemAvailable:   60885888 kB
20220314 012314.197 INFO             PET1 PIOc_sync Enter - MemInfo: [/proc/meminfo - SSI]	Committed_AS:    3181632 kB
20220314 012314.197 INFO             PET1 PIOc_sync Enter - MemInfo: [/proc/meminfo - SSI]	CommittedPercent: 4.83121 %
20220314 012314.197 INFO             PET1 PIOc_sync Enter - MemInfo: [/proc/self/status]	VmPeak:	  260320 kB
20220314 012314.197 INFO             PET1 PIOc_sync Enter - MemInfo: [/proc/self/status]	VmSize:	  260040 kB
20220314 012314.197 INFO             PET1 PIOc_sync Enter - MemInfo: [/proc/self/status]	VmLck:	       0 kB
20220314 012314.197 INFO             PET1 PIOc_sync Enter - MemInfo: [/proc/self/status]	VmPin:	       0 kB
20220314 012314.197 INFO             PET1 PIOc_sync Enter - MemInfo: [/proc/self/status]	VmHWM:	   39456 kB
20220314 012314.197 INFO             PET1 PIOc_sync Enter - MemInfo: [/proc/self/status]	VmRSS:	   39456 kB
20220314 012314.197 INFO             PET1 PIOc_sync Enter - MemInfo: [/proc/self/status]	VmData:	   25952 kB
20220314 012314.197 INFO             PET1 PIOc_sync Enter - MemInfo: [/proc/self/status]	VmStk:	     508 kB
20220314 012314.197 INFO             PET1 PIOc_sync Enter - MemInfo: [/proc/self/status]	VmExe:	     880 kB
20220314 012314.197 INFO             PET1 PIOc_sync Enter - MemInfo: [/proc/self/status]	VmLib:	  133788 kB
20220314 012314.197 INFO             PET1 PIOc_sync Enter - MemInfo: [/proc/self/status]	VmPTE:	     412 kB
20220314 012314.197 INFO             PET1 PIOc_sync Enter - MemInfo: [/proc/self/status]	VmPMD:	      12 kB
20220314 012314.197 INFO             PET1 PIOc_sync Enter - MemInfo: [/proc/self/status]	VmSwap:	       0 kB
20220314 012314.197 INFO             PET1 PIOc_sync Enter - MemInfo: [/proc/self/status]	VmRSSPercent: 0.0599127 %
20220314 012314.197 INFO             PET1 PIOc_sync Enter - MemInfo: [malloc] Non-mmapped space allocated:                 1273856 Byte
20220314 012314.197 INFO             PET1 PIOc_sync Enter - MemInfo: [malloc] Space allocated in mmapped regions:          4005888 Byte
20220314 012314.197 INFO             PET1 PIOc_sync Enter - MemInfo: [malloc] Maximum total allocated space:                     0 Byte
20220314 012314.197 INFO             PET1 PIOc_sync Enter - MemInfo: [malloc] Space in freed fastbin blocks:                     0 Byte
20220314 012314.197 INFO             PET1 PIOc_sync Enter - MemInfo: [malloc] Total allocated space:                       1128528 Byte
20220314 012314.197 INFO             PET1 PIOc_sync Enter - MemInfo: [malloc] Total free space:                             145328 Byte
20220314 012314.197 INFO             PET1 PIOc_sync Enter - MemInfo: [malloc] Top-most, releasable space:                   131552 Byte
20220314 012314.197 INFO             PET1 PIOc_sync Enter - MemInfo: [malloc] Total space in use, mmap + non-mmap:         5134416 Byte
20220314 012314.197 INFO             PET1 PIOc_sync Enter - MemInfo: [malloc] Total space held (mmap + non-mmap):          5279744 Byte
20220314 012314.197 INFO             PET1 PIOc_sync Enter - MemInfo: [malloc] Total space used (mmap + non-mmap):          5143440 Byte
20220314 012314.197 INFO             PET1 PIOc_sync Enter - MemInfo: Wall-clock time since execution start:              0.0917141 seconds
20220314 012314.198 INFO             PET1 PIOc_sync Exit - MemInfo: [/proc/meminfo - SSI]	MemTotal:       65855856 kB
20220314 012314.198 INFO             PET1 PIOc_sync Exit - MemInfo: [/proc/meminfo - SSI]	MemFree:        61059280 kB
20220314 012314.198 INFO             PET1 PIOc_sync Exit - MemInfo: [/proc/meminfo - SSI]	MemAvailable:   60884880 kB
20220314 012314.198 INFO             PET1 PIOc_sync Exit - MemInfo: [/proc/meminfo - SSI]	Committed_AS:    3181632 kB
20220314 012314.198 INFO             PET1 PIOc_sync Exit - MemInfo: [/proc/meminfo - SSI]	CommittedPercent: 4.83121 %
20220314 012314.198 INFO             PET1 PIOc_sync Exit - MemInfo: [/proc/self/status]	VmPeak:	  260320 kB
20220314 012314.198 INFO             PET1 PIOc_sync Exit - MemInfo: [/proc/self/status]	VmSize:	  260040 kB
20220314 012314.198 INFO             PET1 PIOc_sync Exit - MemInfo: [/proc/self/status]	VmLck:	       0 kB
20220314 012314.198 INFO             PET1 PIOc_sync Exit - MemInfo: [/proc/self/status]	VmPin:	       0 kB
20220314 012314.198 INFO             PET1 PIOc_sync Exit - MemInfo: [/proc/self/status]	VmHWM:	   39456 kB
20220314 012314.198 INFO             PET1 PIOc_sync Exit - MemInfo: [/proc/self/status]	VmRSS:	   39456 kB
20220314 012314.198 INFO             PET1 PIOc_sync Exit - MemInfo: [/proc/self/status]	VmData:	   25952 kB
20220314 012314.198 INFO             PET1 PIOc_sync Exit - MemInfo: [/proc/self/status]	VmStk:	     508 kB
20220314 012314.198 INFO             PET1 PIOc_sync Exit - MemInfo: [/proc/self/status]	VmExe:	     880 kB
20220314 012314.198 INFO             PET1 PIOc_sync Exit - MemInfo: [/proc/self/status]	VmLib:	  133788 kB
20220314 012314.198 INFO             PET1 PIOc_sync Exit - MemInfo: [/proc/self/status]	VmPTE:	     412 kB
20220314 012314.198 INFO             PET1 PIOc_sync Exit - MemInfo: [/proc/self/status]	VmPMD:	      12 kB
20220314 012314.198 INFO             PET1 PIOc_sync Exit - MemInfo: [/proc/self/status]	VmSwap:	       0 kB
20220314 012314.198 INFO             PET1 PIOc_sync Exit - MemInfo: [/proc/self/status]	VmRSSPercent: 0.0599127 %
20220314 012314.198 INFO             PET1 PIOc_sync Exit - MemInfo: [malloc] Non-mmapped space allocated:                 1273856 Byte
20220314 012314.198 INFO             PET1 PIOc_sync Exit - MemInfo: [malloc] Space allocated in mmapped regions:          4005888 Byte
20220314 012314.198 INFO             PET1 PIOc_sync Exit - MemInfo: [malloc] Maximum total allocated space:                     0 Byte
20220314 012314.198 INFO             PET1 PIOc_sync Exit - MemInfo: [malloc] Space in freed fastbin blocks:                     0 Byte
20220314 012314.198 INFO             PET1 PIOc_sync Exit - MemInfo: [malloc] Total allocated space:                       1130288 Byte
20220314 012314.198 INFO             PET1 PIOc_sync Exit - MemInfo: [malloc] Total free space:                             143568 Byte
20220314 012314.198 INFO             PET1 PIOc_sync Exit - MemInfo: [malloc] Top-most, releasable space:                   131328 Byte
20220314 012314.198 INFO             PET1 PIOc_sync Exit - MemInfo: [malloc] Total space in use, mmap + non-mmap:         5136176 Byte
20220314 012314.198 INFO             PET1 PIOc_sync Exit - MemInfo: [malloc] Total space held (mmap + non-mmap):          5279744 Byte
20220314 012314.198 INFO             PET1 PIOc_sync Exit - MemInfo: [malloc] Total space used (mmap + non-mmap):          5144672 Byte
20220314 012314.198 INFO             PET1 PIOc_sync Exit - MemInfo: Wall-clock time since execution start:              0.0925059 seconds
20220314 012314.198 INFO             PET1 PIOc_freedecomp Enter - MemInfo: [/proc/meminfo - SSI]	MemTotal:       65855856 kB
20220314 012314.198 INFO             PET1 PIOc_freedecomp Enter - MemInfo: [/proc/meminfo - SSI]	MemFree:        61066336 kB
20220314 012314.198 INFO             PET1 PIOc_freedecomp Enter - MemInfo: [/proc/meminfo - SSI]	MemAvailable:   60891936 kB
20220314 012314.198 INFO             PET1 PIOc_freedecomp Enter - MemInfo: [/proc/meminfo - SSI]	Committed_AS:    3173768 kB
20220314 012314.198 INFO             PET1 PIOc_freedecomp Enter - MemInfo: [/proc/meminfo - SSI]	CommittedPercent: 4.81926 %
20220314 012314.199 INFO             PET1 PIOc_freedecomp Enter - MemInfo: [/proc/self/status]	VmPeak:	  260320 kB
20220314 012314.199 INFO             PET1 PIOc_freedecomp Enter - MemInfo: [/proc/self/status]	VmSize:	  260040 kB
20220314 012314.199 INFO             PET1 PIOc_freedecomp Enter - MemInfo: [/proc/self/status]	VmLck:	       0 kB
20220314 012314.199 INFO             PET1 PIOc_freedecomp Enter - MemInfo: [/proc/self/status]	VmPin:	       0 kB
20220314 012314.199 INFO             PET1 PIOc_freedecomp Enter - MemInfo: [/proc/self/status]	VmHWM:	   39456 kB
20220314 012314.199 INFO             PET1 PIOc_freedecomp Enter - MemInfo: [/proc/self/status]	VmRSS:	   39456 kB
20220314 012314.199 INFO             PET1 PIOc_freedecomp Enter - MemInfo: [/proc/self/status]	VmData:	   25952 kB
20220314 012314.199 INFO             PET1 PIOc_freedecomp Enter - MemInfo: [/proc/self/status]	VmStk:	     508 kB
20220314 012314.199 INFO             PET1 PIOc_freedecomp Enter - MemInfo: [/proc/self/status]	VmExe:	     880 kB
20220314 012314.199 INFO             PET1 PIOc_freedecomp Enter - MemInfo: [/proc/self/status]	VmLib:	  133788 kB
20220314 012314.199 INFO             PET1 PIOc_freedecomp Enter - MemInfo: [/proc/self/status]	VmPTE:	     412 kB
20220314 012314.199 INFO             PET1 PIOc_freedecomp Enter - MemInfo: [/proc/self/status]	VmPMD:	      12 kB
20220314 012314.199 INFO             PET1 PIOc_freedecomp Enter - MemInfo: [/proc/self/status]	VmSwap:	       0 kB
20220314 012314.199 INFO             PET1 PIOc_freedecomp Enter - MemInfo: [/proc/self/status]	VmRSSPercent: 0.0599127 %
20220314 012314.199 INFO             PET1 PIOc_freedecomp Enter - MemInfo: [malloc] Non-mmapped space allocated:                 1273856 Byte
20220314 012314.199 INFO             PET1 PIOc_freedecomp Enter - MemInfo: [malloc] Space allocated in mmapped regions:          4005888 Byte
20220314 012314.199 INFO             PET1 PIOc_freedecomp Enter - MemInfo: [malloc] Maximum total allocated space:                     0 Byte
20220314 012314.199 INFO             PET1 PIOc_freedecomp Enter - MemInfo: [malloc] Space in freed fastbin blocks:                    48 Byte
20220314 012314.199 INFO             PET1 PIOc_freedecomp Enter - MemInfo: [malloc] Total allocated space:                       1130896 Byte
20220314 012314.199 INFO             PET1 PIOc_freedecomp Enter - MemInfo: [malloc] Total free space:                             142960 Byte
20220314 012314.199 INFO             PET1 PIOc_freedecomp Enter - MemInfo: [malloc] Top-most, releasable space:                   131104 Byte
20220314 012314.199 INFO             PET1 PIOc_freedecomp Enter - MemInfo: [malloc] Total space in use, mmap + non-mmap:         5136784 Byte
20220314 012314.199 INFO             PET1 PIOc_freedecomp Enter - MemInfo: [malloc] Total space held (mmap + non-mmap):          5279744 Byte
20220314 012314.199 INFO             PET1 PIOc_freedecomp Enter - MemInfo: [malloc] Total space used (mmap + non-mmap):          5145280 Byte
20220314 012314.199 INFO             PET1 PIOc_freedecomp Enter - MemInfo: Wall-clock time since execution start:              0.0933931 seconds
20220314 012314.199 INFO             PET1 PIOc_freedecomp Exit - MemInfo: [/proc/meminfo - SSI]	MemTotal:       65855856 kB
20220314 012314.199 INFO             PET1 PIOc_freedecomp Exit - MemInfo: [/proc/meminfo - SSI]	MemFree:        61066336 kB
20220314 012314.199 INFO             PET1 PIOc_freedecomp Exit - MemInfo: [/proc/meminfo - SSI]	MemAvailable:   60891936 kB
20220314 012314.199 INFO             PET1 PIOc_freedecomp Exit - MemInfo: [/proc/meminfo - SSI]	Committed_AS:    3173768 kB
20220314 012314.199 INFO             PET1 PIOc_freedecomp Exit - MemInfo: [/proc/meminfo - SSI]	CommittedPercent: 4.81926 %
20220314 012314.199 INFO             PET1 PIOc_freedecomp Exit - MemInfo: [/proc/self/status]	VmPeak:	  260320 kB
20220314 012314.199 INFO             PET1 PIOc_freedecomp Exit - MemInfo: [/proc/self/status]	VmSize:	  260040 kB
20220314 012314.199 INFO             PET1 PIOc_freedecomp Exit - MemInfo: [/proc/self/status]	VmLck:	       0 kB
20220314 012314.199 INFO             PET1 PIOc_freedecomp Exit - MemInfo: [/proc/self/status]	VmPin:	       0 kB
20220314 012314.199 INFO             PET1 PIOc_freedecomp Exit - MemInfo: [/proc/self/status]	VmHWM:	   39456 kB
20220314 012314.199 INFO             PET1 PIOc_freedecomp Exit - MemInfo: [/proc/self/status]	VmRSS:	   39456 kB
20220314 012314.199 INFO             PET1 PIOc_freedecomp Exit - MemInfo: [/proc/self/status]	VmData:	   25952 kB
20220314 012314.199 INFO             PET1 PIOc_freedecomp Exit - MemInfo: [/proc/self/status]	VmStk:	     508 kB
20220314 012314.199 INFO             PET1 PIOc_freedecomp Exit - MemInfo: [/proc/self/status]	VmExe:	     880 kB
20220314 012314.199 INFO             PET1 PIOc_freedecomp Exit - MemInfo: [/proc/self/status]	VmLib:	  133788 kB
20220314 012314.199 INFO             PET1 PIOc_freedecomp Exit - MemInfo: [/proc/self/status]	VmPTE:	     412 kB
20220314 012314.199 INFO             PET1 PIOc_freedecomp Exit - MemInfo: [/proc/self/status]	VmPMD:	      12 kB
20220314 012314.199 INFO             PET1 PIOc_freedecomp Exit - MemInfo: [/proc/self/status]	VmSwap:	       0 kB
20220314 012314.199 INFO             PET1 PIOc_freedecomp Exit - MemInfo: [/proc/self/status]	VmRSSPercent: 0.0599127 %
20220314 012314.199 INFO             PET1 PIOc_freedecomp Exit - MemInfo: [malloc] Non-mmapped space allocated:                 1273856 Byte
20220314 012314.199 INFO             PET1 PIOc_freedecomp Exit - MemInfo: [malloc] Space allocated in mmapped regions:          4005888 Byte
20220314 012314.199 INFO             PET1 PIOc_freedecomp Exit - MemInfo: [malloc] Maximum total allocated space:                     0 Byte
20220314 012314.199 INFO             PET1 PIOc_freedecomp Exit - MemInfo: [malloc] Space in freed fastbin blocks:                   208 Byte
20220314 012314.199 INFO             PET1 PIOc_freedecomp Exit - MemInfo: [malloc] Total allocated space:                       1131008 Byte
20220314 012314.199 INFO             PET1 PIOc_freedecomp Exit - MemInfo: [malloc] Total free space:                             142848 Byte
20220314 012314.199 INFO             PET1 PIOc_freedecomp Exit - MemInfo: [malloc] Top-most, releasable space:                   130880 Byte
20220314 012314.199 INFO             PET1 PIOc_freedecomp Exit - MemInfo: [malloc] Total space in use, mmap + non-mmap:         5136896 Byte
20220314 012314.199 INFO             PET1 PIOc_freedecomp Exit - MemInfo: [malloc] Total space held (mmap + non-mmap):          5279744 Byte
20220314 012314.199 INFO             PET1 PIOc_freedecomp Exit - MemInfo: [malloc] Total space used (mmap + non-mmap):          5145328 Byte
20220314 012314.199 INFO             PET1 PIOc_freedecomp Exit - MemInfo: Wall-clock time since execution start:               0.093857 seconds
20220314 012314.202 INFO             PET1 PIOc_sync Enter - MemInfo: [/proc/meminfo - SSI]	MemTotal:       65855856 kB
20220314 012314.202 INFO             PET1 PIOc_sync Enter - MemInfo: [/proc/meminfo - SSI]	MemFree:        61063816 kB
20220314 012314.202 INFO             PET1 PIOc_sync Enter - MemInfo: [/proc/meminfo - SSI]	MemAvailable:   60889416 kB
20220314 012314.202 INFO             PET1 PIOc_sync Enter - MemInfo: [/proc/meminfo - SSI]	Committed_AS:    3182020 kB
20220314 012314.202 INFO             PET1 PIOc_sync Enter - MemInfo: [/proc/meminfo - SSI]	CommittedPercent: 4.8318 %
20220314 012314.202 INFO             PET1 PIOc_sync Enter - MemInfo: [/proc/self/status]	VmPeak:	  260320 kB
20220314 012314.202 INFO             PET1 PIOc_sync Enter - MemInfo: [/proc/self/status]	VmSize:	  260004 kB
20220314 012314.202 INFO             PET1 PIOc_sync Enter - MemInfo: [/proc/self/status]	VmLck:	       0 kB
20220314 012314.202 INFO             PET1 PIOc_sync Enter - MemInfo: [/proc/self/status]	VmPin:	       0 kB
20220314 012314.202 INFO             PET1 PIOc_sync Enter - MemInfo: [/proc/self/status]	VmHWM:	   39604 kB
20220314 012314.202 INFO             PET1 PIOc_sync Enter - MemInfo: [/proc/self/status]	VmRSS:	   39588 kB
20220314 012314.202 INFO             PET1 PIOc_sync Enter - MemInfo: [/proc/self/status]	VmData:	   25952 kB
20220314 012314.202 INFO             PET1 PIOc_sync Enter - MemInfo: [/proc/self/status]	VmStk:	     508 kB
20220314 012314.202 INFO             PET1 PIOc_sync Enter - MemInfo: [/proc/self/status]	VmExe:	     880 kB
20220314 012314.202 INFO             PET1 PIOc_sync Enter - MemInfo: [/proc/self/status]	VmLib:	  133788 kB
20220314 012314.202 INFO             PET1 PIOc_sync Enter - MemInfo: [/proc/self/status]	VmPTE:	     412 kB
20220314 012314.202 INFO             PET1 PIOc_sync Enter - MemInfo: [/proc/self/status]	VmPMD:	      12 kB
20220314 012314.202 INFO             PET1 PIOc_sync Enter - MemInfo: [/proc/self/status]	VmSwap:	       0 kB
20220314 012314.202 INFO             PET1 PIOc_sync Enter - MemInfo: [/proc/self/status]	VmRSSPercent: 0.0601131 %
20220314 012314.202 INFO             PET1 PIOc_sync Enter - MemInfo: [malloc] Non-mmapped space allocated:                 1273856 Byte
20220314 012314.202 INFO             PET1 PIOc_sync Enter - MemInfo: [malloc] Space allocated in mmapped regions:          4005888 Byte
20220314 012314.202 INFO             PET1 PIOc_sync Enter - MemInfo: [malloc] Maximum total allocated space:                     0 Byte
20220314 012314.202 INFO             PET1 PIOc_sync Enter - MemInfo: [malloc] Space in freed fastbin blocks:                    80 Byte
20220314 012314.202 INFO             PET1 PIOc_sync Enter - MemInfo: [malloc] Total allocated space:                       1131968 Byte
20220314 012314.202 INFO             PET1 PIOc_sync Enter - MemInfo: [malloc] Total free space:                             141888 Byte
20220314 012314.202 INFO             PET1 PIOc_sync Enter - MemInfo: [malloc] Top-most, releasable space:                   130656 Byte
20220314 012314.202 INFO             PET1 PIOc_sync Enter - MemInfo: [malloc] Total space in use, mmap + non-mmap:         5137856 Byte
20220314 012314.202 INFO             PET1 PIOc_sync Enter - MemInfo: [malloc] Total space held (mmap + non-mmap):          5279744 Byte
20220314 012314.202 INFO             PET1 PIOc_sync Enter - MemInfo: [malloc] Total space used (mmap + non-mmap):          5146064 Byte
20220314 012314.203 INFO             PET1 PIOc_sync Enter - MemInfo: Wall-clock time since execution start:              0.0970609 seconds
20220314 012314.203 INFO             PET1 PIOc_sync Exit - MemInfo: [/proc/meminfo - SSI]	MemTotal:       65855856 kB
20220314 012314.203 INFO             PET1 PIOc_sync Exit - MemInfo: [/proc/meminfo - SSI]	MemFree:        61063816 kB
20220314 012314.203 INFO             PET1 PIOc_sync Exit - MemInfo: [/proc/meminfo - SSI]	MemAvailable:   60889416 kB
20220314 012314.203 INFO             PET1 PIOc_sync Exit - MemInfo: [/proc/meminfo - SSI]	Committed_AS:    3182020 kB
20220314 012314.203 INFO             PET1 PIOc_sync Exit - MemInfo: [/proc/meminfo - SSI]	CommittedPercent: 4.8318 %
20220314 012314.203 INFO             PET1 PIOc_sync Exit - MemInfo: [/proc/self/status]	VmPeak:	  260320 kB
20220314 012314.203 INFO             PET1 PIOc_sync Exit - MemInfo: [/proc/self/status]	VmSize:	  260004 kB
20220314 012314.203 INFO             PET1 PIOc_sync Exit - MemInfo: [/proc/self/status]	VmLck:	       0 kB
20220314 012314.203 INFO             PET1 PIOc_sync Exit - MemInfo: [/proc/self/status]	VmPin:	       0 kB
20220314 012314.203 INFO             PET1 PIOc_sync Exit - MemInfo: [/proc/self/status]	VmHWM:	   39604 kB
20220314 012314.203 INFO             PET1 PIOc_sync Exit - MemInfo: [/proc/self/status]	VmRSS:	   39588 kB
20220314 012314.203 INFO             PET1 PIOc_sync Exit - MemInfo: [/proc/self/status]	VmData:	   25952 kB
20220314 012314.203 INFO             PET1 PIOc_sync Exit - MemInfo: [/proc/self/status]	VmStk:	     508 kB
20220314 012314.203 INFO             PET1 PIOc_sync Exit - MemInfo: [/proc/self/status]	VmExe:	     880 kB
20220314 012314.203 INFO             PET1 PIOc_sync Exit - MemInfo: [/proc/self/status]	VmLib:	  133788 kB
20220314 012314.203 INFO             PET1 PIOc_sync Exit - MemInfo: [/proc/self/status]	VmPTE:	     412 kB
20220314 012314.203 INFO             PET1 PIOc_sync Exit - MemInfo: [/proc/self/status]	VmPMD:	      12 kB
20220314 012314.203 INFO             PET1 PIOc_sync Exit - MemInfo: [/proc/self/status]	VmSwap:	       0 kB
20220314 012314.203 INFO             PET1 PIOc_sync Exit - MemInfo: [/proc/self/status]	VmRSSPercent: 0.0601131 %
20220314 012314.203 INFO             PET1 PIOc_sync Exit - MemInfo: [malloc] Non-mmapped space allocated:                 1273856 Byte
20220314 012314.203 INFO             PET1 PIOc_sync Exit - MemInfo: [malloc] Space allocated in mmapped regions:          4005888 Byte
20220314 012314.203 INFO             PET1 PIOc_sync Exit - MemInfo: [malloc] Maximum total allocated space:                     0 Byte
20220314 012314.203 INFO             PET1 PIOc_sync Exit - MemInfo: [malloc] Space in freed fastbin blocks:                     0 Byte
20220314 012314.203 INFO             PET1 PIOc_sync Exit - MemInfo: [malloc] Total allocated space:                       1132288 Byte
20220314 012314.203 INFO             PET1 PIOc_sync Exit - MemInfo: [malloc] Total free space:                             141568 Byte
20220314 012314.203 INFO             PET1 PIOc_sync Exit - MemInfo: [malloc] Top-most, releasable space:                   130432 Byte
20220314 012314.203 INFO             PET1 PIOc_sync Exit - MemInfo: [malloc] Total space in use, mmap + non-mmap:         5138176 Byte
20220314 012314.203 INFO             PET1 PIOc_sync Exit - MemInfo: [malloc] Total space held (mmap + non-mmap):          5279744 Byte
20220314 012314.203 INFO             PET1 PIOc_sync Exit - MemInfo: [malloc] Total space used (mmap + non-mmap):          5146496 Byte
20220314 012314.203 INFO             PET1 PIOc_sync Exit - MemInfo: Wall-clock time since execution start:              0.0975771 seconds
20220314 012314.203 INFO             PET1 PIOc_freedecomp Enter - MemInfo: [/proc/meminfo - SSI]	MemTotal:       65855856 kB
20220314 012314.203 INFO             PET1 PIOc_freedecomp Enter - MemInfo: [/proc/meminfo - SSI]	MemFree:        61063816 kB
20220314 012314.203 INFO             PET1 PIOc_freedecomp Enter - MemInfo: [/proc/meminfo - SSI]	MemAvailable:   60889416 kB
20220314 012314.203 INFO             PET1 PIOc_freedecomp Enter - MemInfo: [/proc/meminfo - SSI]	Committed_AS:    3182020 kB
20220314 012314.203 INFO             PET1 PIOc_freedecomp Enter - MemInfo: [/proc/meminfo - SSI]	CommittedPercent: 4.8318 %
20220314 012314.203 INFO             PET1 PIOc_freedecomp Enter - MemInfo: [/proc/self/status]	VmPeak:	  260320 kB
20220314 012314.203 INFO             PET1 PIOc_freedecomp Enter - MemInfo: [/proc/self/status]	VmSize:	  260004 kB
20220314 012314.203 INFO             PET1 PIOc_freedecomp Enter - MemInfo: [/proc/self/status]	VmLck:	       0 kB
20220314 012314.203 INFO             PET1 PIOc_freedecomp Enter - MemInfo: [/proc/self/status]	VmPin:	       0 kB
20220314 012314.203 INFO             PET1 PIOc_freedecomp Enter - MemInfo: [/proc/self/status]	VmHWM:	   39604 kB
20220314 012314.203 INFO             PET1 PIOc_freedecomp Enter - MemInfo: [/proc/self/status]	VmRSS:	   39588 kB
20220314 012314.203 INFO             PET1 PIOc_freedecomp Enter - MemInfo: [/proc/self/status]	VmData:	   25952 kB
20220314 012314.203 INFO             PET1 PIOc_freedecomp Enter - MemInfo: [/proc/self/status]	VmStk:	     508 kB
20220314 012314.203 INFO             PET1 PIOc_freedecomp Enter - MemInfo: [/proc/self/status]	VmExe:	     880 kB
20220314 012314.203 INFO             PET1 PIOc_freedecomp Enter - MemInfo: [/proc/self/status]	VmLib:	  133788 kB
20220314 012314.203 INFO             PET1 PIOc_freedecomp Enter - MemInfo: [/proc/self/status]	VmPTE:	     412 kB
20220314 012314.203 INFO             PET1 PIOc_freedecomp Enter - MemInfo: [/proc/self/status]	VmPMD:	      12 kB
20220314 012314.203 INFO             PET1 PIOc_freedecomp Enter - MemInfo: [/proc/self/status]	VmSwap:	       0 kB
20220314 012314.203 INFO             PET1 PIOc_freedecomp Enter - MemInfo: [/proc/self/status]	VmRSSPercent: 0.0601131 %
20220314 012314.203 INFO             PET1 PIOc_freedecomp Enter - MemInfo: [malloc] Non-mmapped space allocated:                 1273856 Byte
20220314 012314.203 INFO             PET1 PIOc_freedecomp Enter - MemInfo: [malloc] Space allocated in mmapped regions:          4005888 Byte
20220314 012314.203 INFO             PET1 PIOc_freedecomp Enter - MemInfo: [malloc] Maximum total allocated space:                     0 Byte
20220314 012314.203 INFO             PET1 PIOc_freedecomp Enter - MemInfo: [malloc] Space in freed fastbin blocks:                    80 Byte
20220314 012314.203 INFO             PET1 PIOc_freedecomp Enter - MemInfo: [malloc] Total allocated space:                       1132032 Byte
20220314 012314.204 INFO             PET1 PIOc_freedecomp Enter - MemInfo: [malloc] Total free space:                             141824 Byte
20220314 012314.204 INFO             PET1 PIOc_freedecomp Enter - MemInfo: [malloc] Top-most, releasable space:                   130208 Byte
20220314 012314.204 INFO             PET1 PIOc_freedecomp Enter - MemInfo: [malloc] Total space in use, mmap + non-mmap:         5137920 Byte
20220314 012314.204 INFO             PET1 PIOc_freedecomp Enter - MemInfo: [malloc] Total space held (mmap + non-mmap):          5279744 Byte
20220314 012314.204 INFO             PET1 PIOc_freedecomp Enter - MemInfo: [malloc] Total space used (mmap + non-mmap):          5146128 Byte
20220314 012314.204 INFO             PET1 PIOc_freedecomp Enter - MemInfo: Wall-clock time since execution start:               0.098124 seconds
20220314 012314.204 INFO             PET1 PIOc_freedecomp Exit - MemInfo: [/proc/meminfo - SSI]	MemTotal:       65855856 kB
20220314 012314.204 INFO             PET1 PIOc_freedecomp Exit - MemInfo: [/proc/meminfo - SSI]	MemFree:        61063312 kB
20220314 012314.204 INFO             PET1 PIOc_freedecomp Exit - MemInfo: [/proc/meminfo - SSI]	MemAvailable:   60888912 kB
20220314 012314.204 INFO             PET1 PIOc_freedecomp Exit - MemInfo: [/proc/meminfo - SSI]	Committed_AS:    3182020 kB
20220314 012314.204 INFO             PET1 PIOc_freedecomp Exit - MemInfo: [/proc/meminfo - SSI]	CommittedPercent: 4.8318 %
20220314 012314.204 INFO             PET1 PIOc_freedecomp Exit - MemInfo: [/proc/self/status]	VmPeak:	  260320 kB
20220314 012314.204 INFO             PET1 PIOc_freedecomp Exit - MemInfo: [/proc/self/status]	VmSize:	  260004 kB
20220314 012314.204 INFO             PET1 PIOc_freedecomp Exit - MemInfo: [/proc/self/status]	VmLck:	       0 kB
20220314 012314.204 INFO             PET1 PIOc_freedecomp Exit - MemInfo: [/proc/self/status]	VmPin:	       0 kB
20220314 012314.204 INFO             PET1 PIOc_freedecomp Exit - MemInfo: [/proc/self/status]	VmHWM:	   39604 kB
20220314 012314.204 INFO             PET1 PIOc_freedecomp Exit - MemInfo: [/proc/self/status]	VmRSS:	   39588 kB
20220314 012314.204 INFO             PET1 PIOc_freedecomp Exit - MemInfo: [/proc/self/status]	VmData:	   25952 kB
20220314 012314.204 INFO             PET1 PIOc_freedecomp Exit - MemInfo: [/proc/self/status]	VmStk:	     508 kB
20220314 012314.204 INFO             PET1 PIOc_freedecomp Exit - MemInfo: [/proc/self/status]	VmExe:	     880 kB
20220314 012314.204 INFO             PET1 PIOc_freedecomp Exit - MemInfo: [/proc/self/status]	VmLib:	  133788 kB
20220314 012314.204 INFO             PET1 PIOc_freedecomp Exit - MemInfo: [/proc/self/status]	VmPTE:	     412 kB
20220314 012314.204 INFO             PET1 PIOc_freedecomp Exit - MemInfo: [/proc/self/status]	VmPMD:	      12 kB
20220314 012314.204 INFO             PET1 PIOc_freedecomp Exit - MemInfo: [/proc/self/status]	VmSwap:	       0 kB
20220314 012314.204 INFO             PET1 PIOc_freedecomp Exit - MemInfo: [/proc/self/status]	VmRSSPercent: 0.0601131 %
20220314 012314.204 INFO             PET1 PIOc_freedecomp Exit - MemInfo: [malloc] Non-mmapped space allocated:                 1273856 Byte
20220314 012314.204 INFO             PET1 PIOc_freedecomp Exit - MemInfo: [malloc] Space allocated in mmapped regions:          4005888 Byte
20220314 012314.204 INFO             PET1 PIOc_freedecomp Exit - MemInfo: [malloc] Maximum total allocated space:                     0 Byte
20220314 012314.204 INFO             PET1 PIOc_freedecomp Exit - MemInfo: [malloc] Space in freed fastbin blocks:                   496 Byte
20220314 012314.204 INFO             PET1 PIOc_freedecomp Exit - MemInfo: [malloc] Total allocated space:                       1131008 Byte
20220314 012314.204 INFO             PET1 PIOc_freedecomp Exit - MemInfo: [malloc] Total free space:                             142848 Byte
20220314 012314.204 INFO             PET1 PIOc_freedecomp Exit - MemInfo: [malloc] Top-most, releasable space:                   129984 Byte
20220314 012314.204 INFO             PET1 PIOc_freedecomp Exit - MemInfo: [malloc] Total space in use, mmap + non-mmap:         5136896 Byte
20220314 012314.204 INFO             PET1 PIOc_freedecomp Exit - MemInfo: [malloc] Total space held (mmap + non-mmap):          5279744 Byte
20220314 012314.204 INFO             PET1 PIOc_freedecomp Exit - MemInfo: [malloc] Total space used (mmap + non-mmap):          5145104 Byte
20220314 012314.204 INFO             PET1 PIOc_freedecomp Exit - MemInfo: Wall-clock time since execution start:                0.09863 seconds
20220314 012314.206 INFO             PET1 PIOc_sync Enter - MemInfo: [/proc/meminfo - SSI]	MemTotal:       65855856 kB
20220314 012314.206 INFO             PET1 PIOc_sync Enter - MemInfo: [/proc/meminfo - SSI]	MemFree:        61063312 kB
20220314 012314.206 INFO             PET1 PIOc_sync Enter - MemInfo: [/proc/meminfo - SSI]	MemAvailable:   60888912 kB
20220314 012314.206 INFO             PET1 PIOc_sync Enter - MemInfo: [/proc/meminfo - SSI]	Committed_AS:    3182020 kB
20220314 012314.206 INFO             PET1 PIOc_sync Enter - MemInfo: [/proc/meminfo - SSI]	CommittedPercent: 4.8318 %
20220314 012314.206 INFO             PET1 PIOc_sync Enter - MemInfo: [/proc/self/status]	VmPeak:	  260320 kB
20220314 012314.206 INFO             PET1 PIOc_sync Enter - MemInfo: [/proc/self/status]	VmSize:	  260004 kB
20220314 012314.206 INFO             PET1 PIOc_sync Enter - MemInfo: [/proc/self/status]	VmLck:	       0 kB
20220314 012314.206 INFO             PET1 PIOc_sync Enter - MemInfo: [/proc/self/status]	VmPin:	       0 kB
20220314 012314.206 INFO             PET1 PIOc_sync Enter - MemInfo: [/proc/self/status]	VmHWM:	   39604 kB
20220314 012314.206 INFO             PET1 PIOc_sync Enter - MemInfo: [/proc/self/status]	VmRSS:	   39588 kB
20220314 012314.206 INFO             PET1 PIOc_sync Enter - MemInfo: [/proc/self/status]	VmData:	   25952 kB
20220314 012314.206 INFO             PET1 PIOc_sync Enter - MemInfo: [/proc/self/status]	VmStk:	     508 kB
20220314 012314.206 INFO             PET1 PIOc_sync Enter - MemInfo: [/proc/self/status]	VmExe:	     880 kB
20220314 012314.206 INFO             PET1 PIOc_sync Enter - MemInfo: [/proc/self/status]	VmLib:	  133788 kB
20220314 012314.206 INFO             PET1 PIOc_sync Enter - MemInfo: [/proc/self/status]	VmPTE:	     412 kB
20220314 012314.206 INFO             PET1 PIOc_sync Enter - MemInfo: [/proc/self/status]	VmPMD:	      12 kB
20220314 012314.206 INFO             PET1 PIOc_sync Enter - MemInfo: [/proc/self/status]	VmSwap:	       0 kB
20220314 012314.206 INFO             PET1 PIOc_sync Enter - MemInfo: [/proc/self/status]	VmRSSPercent: 0.0601131 %
20220314 012314.206 INFO             PET1 PIOc_sync Enter - MemInfo: [malloc] Non-mmapped space allocated:                 1273856 Byte
20220314 012314.206 INFO             PET1 PIOc_sync Enter - MemInfo: [malloc] Space allocated in mmapped regions:          4005888 Byte
20220314 012314.206 INFO             PET1 PIOc_sync Enter - MemInfo: [malloc] Maximum total allocated space:                     0 Byte
20220314 012314.206 INFO             PET1 PIOc_sync Enter - MemInfo: [malloc] Space in freed fastbin blocks:                    80 Byte
20220314 012314.206 INFO             PET1 PIOc_sync Enter - MemInfo: [malloc] Total allocated space:                       1132736 Byte
20220314 012314.206 INFO             PET1 PIOc_sync Enter - MemInfo: [malloc] Total free space:                             141120 Byte
20220314 012314.206 INFO             PET1 PIOc_sync Enter - MemInfo: [malloc] Top-most, releasable space:                   129760 Byte
20220314 012314.206 INFO             PET1 PIOc_sync Enter - MemInfo: [malloc] Total space in use, mmap + non-mmap:         5138624 Byte
20220314 012314.206 INFO             PET1 PIOc_sync Enter - MemInfo: [malloc] Total space held (mmap + non-mmap):          5279744 Byte
20220314 012314.206 INFO             PET1 PIOc_sync Enter - MemInfo: [malloc] Total space used (mmap + non-mmap):          5146832 Byte
20220314 012314.206 INFO             PET1 PIOc_sync Enter - MemInfo: Wall-clock time since execution start:               0.100629 seconds
20220314 012314.206 INFO             PET1 PIOc_sync Exit - MemInfo: [/proc/meminfo - SSI]	MemTotal:       65855856 kB
20220314 012314.206 INFO             PET1 PIOc_sync Exit - MemInfo: [/proc/meminfo - SSI]	MemFree:        61063312 kB
20220314 012314.206 INFO             PET1 PIOc_sync Exit - MemInfo: [/proc/meminfo - SSI]	MemAvailable:   60888912 kB
20220314 012314.206 INFO             PET1 PIOc_sync Exit - MemInfo: [/proc/meminfo - SSI]	Committed_AS:    3182020 kB
20220314 012314.206 INFO             PET1 PIOc_sync Exit - MemInfo: [/proc/meminfo - SSI]	CommittedPercent: 4.8318 %
20220314 012314.206 INFO             PET1 PIOc_sync Exit - MemInfo: [/proc/self/status]	VmPeak:	  260320 kB
20220314 012314.206 INFO             PET1 PIOc_sync Exit - MemInfo: [/proc/self/status]	VmSize:	  260004 kB
20220314 012314.206 INFO             PET1 PIOc_sync Exit - MemInfo: [/proc/self/status]	VmLck:	       0 kB
20220314 012314.206 INFO             PET1 PIOc_sync Exit - MemInfo: [/proc/self/status]	VmPin:	       0 kB
20220314 012314.206 INFO             PET1 PIOc_sync Exit - MemInfo: [/proc/self/status]	VmHWM:	   39604 kB
20220314 012314.206 INFO             PET1 PIOc_sync Exit - MemInfo: [/proc/self/status]	VmRSS:	   39588 kB
20220314 012314.206 INFO             PET1 PIOc_sync Exit - MemInfo: [/proc/self/status]	VmData:	   25952 kB
20220314 012314.206 INFO             PET1 PIOc_sync Exit - MemInfo: [/proc/self/status]	VmStk:	     508 kB
20220314 012314.206 INFO             PET1 PIOc_sync Exit - MemInfo: [/proc/self/status]	VmExe:	     880 kB
20220314 012314.206 INFO             PET1 PIOc_sync Exit - MemInfo: [/proc/self/status]	VmLib:	  133788 kB
20220314 012314.206 INFO             PET1 PIOc_sync Exit - MemInfo: [/proc/self/status]	VmPTE:	     416 kB
20220314 012314.206 INFO             PET1 PIOc_sync Exit - MemInfo: [/proc/self/status]	VmPMD:	      12 kB
20220314 012314.206 INFO             PET1 PIOc_sync Exit - MemInfo: [/proc/self/status]	VmSwap:	       0 kB
20220314 012314.206 INFO             PET1 PIOc_sync Exit - MemInfo: [/proc/self/status]	VmRSSPercent: 0.0601131 %
20220314 012314.206 INFO             PET1 PIOc_sync Exit - MemInfo: [malloc] Non-mmapped space allocated:                 1273856 Byte
20220314 012314.207 INFO             PET1 PIOc_sync Exit - MemInfo: [malloc] Space allocated in mmapped regions:          4005888 Byte
20220314 012314.207 INFO             PET1 PIOc_sync Exit - MemInfo: [malloc] Maximum total allocated space:                     0 Byte
20220314 012314.207 INFO             PET1 PIOc_sync Exit - MemInfo: [malloc] Space in freed fastbin blocks:                     0 Byte
20220314 012314.207 INFO             PET1 PIOc_sync Exit - MemInfo: [malloc] Total allocated space:                       1132896 Byte
20220314 012314.207 INFO             PET1 PIOc_sync Exit - MemInfo: [malloc] Total free space:                             140960 Byte
20220314 012314.207 INFO             PET1 PIOc_sync Exit - MemInfo: [malloc] Top-most, releasable space:                   129536 Byte
20220314 012314.207 INFO             PET1 PIOc_sync Exit - MemInfo: [malloc] Total space in use, mmap + non-mmap:         5138784 Byte
20220314 012314.207 INFO             PET1 PIOc_sync Exit - MemInfo: [malloc] Total space held (mmap + non-mmap):          5279744 Byte
20220314 012314.207 INFO             PET1 PIOc_sync Exit - MemInfo: [malloc] Total space used (mmap + non-mmap):          5146992 Byte
20220314 012314.207 INFO             PET1 PIOc_sync Exit - MemInfo: Wall-clock time since execution start:               0.101189 seconds
20220314 012314.207 INFO             PET1 PIOc_freedecomp Enter - MemInfo: [/proc/meminfo - SSI]	MemTotal:       65855856 kB
20220314 012314.207 INFO             PET1 PIOc_freedecomp Enter - MemInfo: [/proc/meminfo - SSI]	MemFree:        61063312 kB
20220314 012314.207 INFO             PET1 PIOc_freedecomp Enter - MemInfo: [/proc/meminfo - SSI]	MemAvailable:   60888912 kB
20220314 012314.207 INFO             PET1 PIOc_freedecomp Enter - MemInfo: [/proc/meminfo - SSI]	Committed_AS:    3182020 kB
20220314 012314.207 INFO             PET1 PIOc_freedecomp Enter - MemInfo: [/proc/meminfo - SSI]	CommittedPercent: 4.8318 %
20220314 012314.207 INFO             PET1 PIOc_freedecomp Enter - MemInfo: [/proc/self/status]	VmPeak:	  260320 kB
20220314 012314.207 INFO             PET1 PIOc_freedecomp Enter - MemInfo: [/proc/self/status]	VmSize:	  260004 kB
20220314 012314.207 INFO             PET1 PIOc_freedecomp Enter - MemInfo: [/proc/self/status]	VmLck:	       0 kB
20220314 012314.207 INFO             PET1 PIOc_freedecomp Enter - MemInfo: [/proc/self/status]	VmPin:	       0 kB
20220314 012314.207 INFO             PET1 PIOc_freedecomp Enter - MemInfo: [/proc/self/status]	VmHWM:	   39604 kB
20220314 012314.207 INFO             PET1 PIOc_freedecomp Enter - MemInfo: [/proc/self/status]	VmRSS:	   39588 kB
20220314 012314.207 INFO             PET1 PIOc_freedecomp Enter - MemInfo: [/proc/self/status]	VmData:	   25952 kB
20220314 012314.207 INFO             PET1 PIOc_freedecomp Enter - MemInfo: [/proc/self/status]	VmStk:	     508 kB
20220314 012314.207 INFO             PET1 PIOc_freedecomp Enter - MemInfo: [/proc/self/status]	VmExe:	     880 kB
20220314 012314.207 INFO             PET1 PIOc_freedecomp Enter - MemInfo: [/proc/self/status]	VmLib:	  133788 kB
20220314 012314.207 INFO             PET1 PIOc_freedecomp Enter - MemInfo: [/proc/self/status]	VmPTE:	     416 kB
20220314 012314.207 INFO             PET1 PIOc_freedecomp Enter - MemInfo: [/proc/self/status]	VmPMD:	      12 kB
20220314 012314.207 INFO             PET1 PIOc_freedecomp Enter - MemInfo: [/proc/self/status]	VmSwap:	       0 kB
20220314 012314.207 INFO             PET1 PIOc_freedecomp Enter - MemInfo: [/proc/self/status]	VmRSSPercent: 0.0601131 %
20220314 012314.207 INFO             PET1 PIOc_freedecomp Enter - MemInfo: [malloc] Non-mmapped space allocated:                 1273856 Byte
20220314 012314.207 INFO             PET1 PIOc_freedecomp Enter - MemInfo: [malloc] Space allocated in mmapped regions:          4005888 Byte
20220314 012314.207 INFO             PET1 PIOc_freedecomp Enter - MemInfo: [malloc] Maximum total allocated space:                     0 Byte
20220314 012314.207 INFO             PET1 PIOc_freedecomp Enter - MemInfo: [malloc] Space in freed fastbin blocks:                     0 Byte
20220314 012314.207 INFO             PET1 PIOc_freedecomp Enter - MemInfo: [malloc] Total allocated space:                       1132464 Byte
20220314 012314.207 INFO             PET1 PIOc_freedecomp Enter - MemInfo: [malloc] Total free space:                             141392 Byte
20220314 012314.207 INFO             PET1 PIOc_freedecomp Enter - MemInfo: [malloc] Top-most, releasable space:                   129312 Byte
20220314 012314.207 INFO             PET1 PIOc_freedecomp Enter - MemInfo: [malloc] Total space in use, mmap + non-mmap:         5138352 Byte
20220314 012314.207 INFO             PET1 PIOc_freedecomp Enter - MemInfo: [malloc] Total space held (mmap + non-mmap):          5279744 Byte
20220314 012314.207 INFO             PET1 PIOc_freedecomp Enter - MemInfo: [malloc] Total space used (mmap + non-mmap):          5146560 Byte
20220314 012314.207 INFO             PET1 PIOc_freedecomp Enter - MemInfo: Wall-clock time since execution start:               0.101727 seconds
20220314 012314.207 INFO             PET1 PIOc_freedecomp Exit - MemInfo: [/proc/meminfo - SSI]	MemTotal:       65855856 kB
20220314 012314.207 INFO             PET1 PIOc_freedecomp Exit - MemInfo: [/proc/meminfo - SSI]	MemFree:        61063312 kB
20220314 012314.207 INFO             PET1 PIOc_freedecomp Exit - MemInfo: [/proc/meminfo - SSI]	MemAvailable:   60888912 kB
20220314 012314.207 INFO             PET1 PIOc_freedecomp Exit - MemInfo: [/proc/meminfo - SSI]	Committed_AS:    3182020 kB
20220314 012314.207 INFO             PET1 PIOc_freedecomp Exit - MemInfo: [/proc/meminfo - SSI]	CommittedPercent: 4.8318 %
20220314 012314.207 INFO             PET1 PIOc_freedecomp Exit - MemInfo: [/proc/self/status]	VmPeak:	  260320 kB
20220314 012314.207 INFO             PET1 PIOc_freedecomp Exit - MemInfo: [/proc/self/status]	VmSize:	  260004 kB
20220314 012314.207 INFO             PET1 PIOc_freedecomp Exit - MemInfo: [/proc/self/status]	VmLck:	       0 kB
20220314 012314.207 INFO             PET1 PIOc_freedecomp Exit - MemInfo: [/proc/self/status]	VmPin:	       0 kB
20220314 012314.207 INFO             PET1 PIOc_freedecomp Exit - MemInfo: [/proc/self/status]	VmHWM:	   39604 kB
20220314 012314.207 INFO             PET1 PIOc_freedecomp Exit - MemInfo: [/proc/self/status]	VmRSS:	   39588 kB
20220314 012314.207 INFO             PET1 PIOc_freedecomp Exit - MemInfo: [/proc/self/status]	VmData:	   25952 kB
20220314 012314.207 INFO             PET1 PIOc_freedecomp Exit - MemInfo: [/proc/self/status]	VmStk:	     508 kB
20220314 012314.207 INFO             PET1 PIOc_freedecomp Exit - MemInfo: [/proc/self/status]	VmExe:	     880 kB
20220314 012314.207 INFO             PET1 PIOc_freedecomp Exit - MemInfo: [/proc/self/status]	VmLib:	  133788 kB
20220314 012314.207 INFO             PET1 PIOc_freedecomp Exit - MemInfo: [/proc/self/status]	VmPTE:	     416 kB
20220314 012314.207 INFO             PET1 PIOc_freedecomp Exit - MemInfo: [/proc/self/status]	VmPMD:	      12 kB
20220314 012314.207 INFO             PET1 PIOc_freedecomp Exit - MemInfo: [/proc/self/status]	VmSwap:	       0 kB
20220314 012314.207 INFO             PET1 PIOc_freedecomp Exit - MemInfo: [/proc/self/status]	VmRSSPercent: 0.0601131 %
20220314 012314.207 INFO             PET1 PIOc_freedecomp Exit - MemInfo: [malloc] Non-mmapped space allocated:                 1273856 Byte
20220314 012314.208 INFO             PET1 PIOc_freedecomp Exit - MemInfo: [malloc] Space allocated in mmapped regions:          4005888 Byte
20220314 012314.208 INFO             PET1 PIOc_freedecomp Exit - MemInfo: [malloc] Maximum total allocated space:                     0 Byte
20220314 012314.208 INFO             PET1 PIOc_freedecomp Exit - MemInfo: [malloc] Space in freed fastbin blocks:                   448 Byte
20220314 012314.208 INFO             PET1 PIOc_freedecomp Exit - MemInfo: [malloc] Total allocated space:                       1131488 Byte
20220314 012314.208 INFO             PET1 PIOc_freedecomp Exit - MemInfo: [malloc] Total free space:                             142368 Byte
20220314 012314.208 INFO             PET1 PIOc_freedecomp Exit - MemInfo: [malloc] Top-most, releasable space:                   129088 Byte
20220314 012314.208 INFO             PET1 PIOc_freedecomp Exit - MemInfo: [malloc] Total space in use, mmap + non-mmap:         5137376 Byte
20220314 012314.208 INFO             PET1 PIOc_freedecomp Exit - MemInfo: [malloc] Total space held (mmap + non-mmap):          5279744 Byte
20220314 012314.208 INFO             PET1 PIOc_freedecomp Exit - MemInfo: [malloc] Total space used (mmap + non-mmap):          5145584 Byte
20220314 012314.208 INFO             PET1 PIOc_freedecomp Exit - MemInfo: Wall-clock time since execution start:               0.102251 seconds
20220314 012314.208 INFO             PET1 PASS ESMC_FieldRegridStoreFile test, ESMC_FieldSMMFromFileUTest.C, line 199
20220314 012314.213 INFO             PET1 PASS ESMC_FieldSMMStore from File test, ESMC_FieldSMMFromFileUTest.C, line 229
20220314 012314.213 INFO             PET1 PASS ESMC_FieldSMMStore From File validation, ESMC_FieldSMMFromFileUTest.C, line 257
20220314 012314.213 INFO             PET1 PASS ESMC_FieldRegridRelease, ESMC_FieldSMMFromFileUTest.C, line 271
20220314 012314.213 INFO             PET1 Ending Test, file ESMC_FieldSMMFromFileUTest.C, line 289
20220314 012314.213 INFO             PET1 Finalizing ESMF
20220314 012314.158 INFO             PET2 !!!!!!!!!!!!!!!!!!!!!!!!!!!!!!!!!!!!!!!!!!!!!!!!!!!!!!
20220314 012314.159 INFO             PET2 !!! THE ESMF_LOG IS SET TO OUTPUT ALL LOG MESSAGES !!!
20220314 012314.159 INFO             PET2 !!!     THIS MAY CAUSE SLOWDOWN IN PERFORMANCE     !!!
20220314 012314.159 INFO             PET2 !!! FOR PRODUCTION RUNS, USE:                      !!!
20220314 012314.159 INFO             PET2 !!!                   ESMF_LOGKIND_Multi_On_Error  !!!
20220314 012314.159 INFO             PET2 !!!!!!!!!!!!!!!!!!!!!!!!!!!!!!!!!!!!!!!!!!!!!!!!!!!!!!
20220314 012314.159 INFO             PET2 Running with ESMF Version   : v8.3.0b09-96-g559b459836
20220314 012314.159 INFO             PET2 ESMF library build date/time: "Mar 14 2022" "01:01:03"
20220314 012314.159 INFO             PET2 ESMF library build location : /lustre/f2/dev/ncep/Mark.Potts/intel_2019.5_mpi_g_jedwards_pio_update2
20220314 012314.159 INFO             PET2 ESMF_COMM                   : mpi
20220314 012314.159 INFO             PET2 ESMF_MOAB                   : enabled
20220314 012314.159 INFO             PET2 ESMF_LAPACK                 : enabled
20220314 012314.159 INFO             PET2 ESMF_NETCDF                 : enabled
20220314 012314.159 INFO             PET2 ESMF_PNETCDF                : disabled
20220314 012314.159 INFO             PET2 ESMF_PIO                    : enabled
20220314 012314.159 INFO             PET2 ESMF_YAMLCPP                : enabled
20220314 012314.160 INFO             PET2 Beginning Test, file ESMC_FieldSMMFromFileUTest.C, line 41
20220314 012314.160 INFO             PET2 Beginning Test, file ESMC_FieldSMMFromFileUTest.C, line 41NUMBER_OF_PROCESSORS 4
20220314 012314.197 INFO             PET2 PIOc_sync Enter - MemInfo: [/proc/meminfo - SSI]	MemTotal:       65855856 kB
20220314 012314.197 INFO             PET2 PIOc_sync Enter - MemInfo: [/proc/meminfo - SSI]	MemFree:        61060288 kB
20220314 012314.197 INFO             PET2 PIOc_sync Enter - MemInfo: [/proc/meminfo - SSI]	MemAvailable:   60885888 kB
20220314 012314.197 INFO             PET2 PIOc_sync Enter - MemInfo: [/proc/meminfo - SSI]	Committed_AS:    3181632 kB
20220314 012314.197 INFO             PET2 PIOc_sync Enter - MemInfo: [/proc/meminfo - SSI]	CommittedPercent: 4.83121 %
20220314 012314.197 INFO             PET2 PIOc_sync Enter - MemInfo: [/proc/self/status]	VmPeak:	  260320 kB
20220314 012314.197 INFO             PET2 PIOc_sync Enter - MemInfo: [/proc/self/status]	VmSize:	  260040 kB
20220314 012314.197 INFO             PET2 PIOc_sync Enter - MemInfo: [/proc/self/status]	VmLck:	       0 kB
20220314 012314.197 INFO             PET2 PIOc_sync Enter - MemInfo: [/proc/self/status]	VmPin:	       0 kB
20220314 012314.197 INFO             PET2 PIOc_sync Enter - MemInfo: [/proc/self/status]	VmHWM:	   39500 kB
20220314 012314.197 INFO             PET2 PIOc_sync Enter - MemInfo: [/proc/self/status]	VmRSS:	   39500 kB
20220314 012314.197 INFO             PET2 PIOc_sync Enter - MemInfo: [/proc/self/status]	VmData:	   25952 kB
20220314 012314.197 INFO             PET2 PIOc_sync Enter - MemInfo: [/proc/self/status]	VmStk:	     508 kB
20220314 012314.197 INFO             PET2 PIOc_sync Enter - MemInfo: [/proc/self/status]	VmExe:	     880 kB
20220314 012314.197 INFO             PET2 PIOc_sync Enter - MemInfo: [/proc/self/status]	VmLib:	  133788 kB
20220314 012314.197 INFO             PET2 PIOc_sync Enter - MemInfo: [/proc/self/status]	VmPTE:	     412 kB
20220314 012314.197 INFO             PET2 PIOc_sync Enter - MemInfo: [/proc/self/status]	VmPMD:	      12 kB
20220314 012314.197 INFO             PET2 PIOc_sync Enter - MemInfo: [/proc/self/status]	VmSwap:	       0 kB
20220314 012314.197 INFO             PET2 PIOc_sync Enter - MemInfo: [/proc/self/status]	VmRSSPercent: 0.0599795 %
20220314 012314.197 INFO             PET2 PIOc_sync Enter - MemInfo: [malloc] Non-mmapped space allocated:                 1273856 Byte
20220314 012314.197 INFO             PET2 PIOc_sync Enter - MemInfo: [malloc] Space allocated in mmapped regions:          4005888 Byte
20220314 012314.197 INFO             PET2 PIOc_sync Enter - MemInfo: [malloc] Maximum total allocated space:                     0 Byte
20220314 012314.197 INFO             PET2 PIOc_sync Enter - MemInfo: [malloc] Space in freed fastbin blocks:                     0 Byte
20220314 012314.197 INFO             PET2 PIOc_sync Enter - MemInfo: [malloc] Total allocated space:                       1128512 Byte
20220314 012314.197 INFO             PET2 PIOc_sync Enter - MemInfo: [malloc] Total free space:                             145344 Byte
20220314 012314.197 INFO             PET2 PIOc_sync Enter - MemInfo: [malloc] Top-most, releasable space:                   131552 Byte
20220314 012314.197 INFO             PET2 PIOc_sync Enter - MemInfo: [malloc] Total space in use, mmap + non-mmap:         5134400 Byte
20220314 012314.197 INFO             PET2 PIOc_sync Enter - MemInfo: [malloc] Total space held (mmap + non-mmap):          5279744 Byte
20220314 012314.197 INFO             PET2 PIOc_sync Enter - MemInfo: [malloc] Total space used (mmap + non-mmap):          5143424 Byte
20220314 012314.197 INFO             PET2 PIOc_sync Enter - MemInfo: Wall-clock time since execution start:               0.091748 seconds
20220314 012314.198 INFO             PET2 PIOc_sync Exit - MemInfo: [/proc/meminfo - SSI]	MemTotal:       65855856 kB
20220314 012314.198 INFO             PET2 PIOc_sync Exit - MemInfo: [/proc/meminfo - SSI]	MemFree:        61059280 kB
20220314 012314.198 INFO             PET2 PIOc_sync Exit - MemInfo: [/proc/meminfo - SSI]	MemAvailable:   60884880 kB
20220314 012314.198 INFO             PET2 PIOc_sync Exit - MemInfo: [/proc/meminfo - SSI]	Committed_AS:    3181632 kB
20220314 012314.198 INFO             PET2 PIOc_sync Exit - MemInfo: [/proc/meminfo - SSI]	CommittedPercent: 4.83121 %
20220314 012314.198 INFO             PET2 PIOc_sync Exit - MemInfo: [/proc/self/status]	VmPeak:	  260320 kB
20220314 012314.198 INFO             PET2 PIOc_sync Exit - MemInfo: [/proc/self/status]	VmSize:	  260040 kB
20220314 012314.198 INFO             PET2 PIOc_sync Exit - MemInfo: [/proc/self/status]	VmLck:	       0 kB
20220314 012314.198 INFO             PET2 PIOc_sync Exit - MemInfo: [/proc/self/status]	VmPin:	       0 kB
20220314 012314.198 INFO             PET2 PIOc_sync Exit - MemInfo: [/proc/self/status]	VmHWM:	   39500 kB
20220314 012314.198 INFO             PET2 PIOc_sync Exit - MemInfo: [/proc/self/status]	VmRSS:	   39500 kB
20220314 012314.198 INFO             PET2 PIOc_sync Exit - MemInfo: [/proc/self/status]	VmData:	   25952 kB
