build time -- 2022-03-13 00:03:10
20220313 002224.001 INFO             PET0 !!!!!!!!!!!!!!!!!!!!!!!!!!!!!!!!!!!!!!!!!!!!!!!!!!!!!!
20220313 002224.001 INFO             PET0 !!! THE ESMF_LOG IS SET TO OUTPUT ALL LOG MESSAGES !!!
20220313 002224.001 INFO             PET0 !!!     THIS MAY CAUSE SLOWDOWN IN PERFORMANCE     !!!
20220313 002224.001 INFO             PET0 !!! FOR PRODUCTION RUNS, USE:                      !!!
20220313 002224.001 INFO             PET0 !!!                   ESMF_LOGKIND_Multi_On_Error  !!!
20220313 002224.001 INFO             PET0 !!!!!!!!!!!!!!!!!!!!!!!!!!!!!!!!!!!!!!!!!!!!!!!!!!!!!!
20220313 002224.001 INFO             PET0 Running with ESMF Version   : v8.3.0b09-96-g559b459836
20220313 002224.001 INFO             PET0 ESMF library build date/time: "Mar 13 2022" "00:01:08"
20220313 002224.001 INFO             PET0 ESMF library build location : /lustre/f2/dev/ncep/Mark.Potts/intel_2019.5_mpi_g_jedwards_pio_update2
20220313 002224.001 INFO             PET0 ESMF_COMM                   : mpi
20220313 002224.002 INFO             PET0 ESMF_MOAB                   : enabled
20220313 002224.002 INFO             PET0 ESMF_LAPACK                 : enabled
20220313 002224.002 INFO             PET0 ESMF_NETCDF                 : enabled
20220313 002224.002 INFO             PET0 ESMF_PNETCDF                : disabled
20220313 002224.002 INFO             PET0 ESMF_PIO                    : enabled
20220313 002224.002 INFO             PET0 ESMF_YAMLCPP                : enabled
20220313 002224.002 INFO             PET0 Beginning Test, file ESMC_FieldRegridUTest.C, line 68
20220313 002224.002 INFO             PET0 Beginning Test, file ESMC_FieldRegridUTest.C, line 68NUMBER_OF_PROCESSORS 1
20220313 002224.002 INFO             PET0 PASS MeshCreate, ESMC_FieldRegridUTest.C, line 125
20220313 002224.003 INFO             PET0 PASS MeshAddNodes, ESMC_FieldRegridUTest.C, line 133
20220313 002224.003 INFO             PET0 PASS MeshAddElements, ESMC_FieldRegridUTest.C, line 142
20220313 002224.003 INFO             PET0 PASS MeshGetLocalNodeCount, ESMC_FieldRegridUTest.C, line 152
20220313 002224.003 INFO             PET0 PASS MeshGetLocalElementCount, ESMC_FieldRegridUTest.C, line 163
20220313 002224.003 INFO             PET0 PASS MeshCreate, ESMC_FieldRegridUTest.C, line 231
20220313 002224.003 INFO             PET0 PASS MeshAddNodes, ESMC_FieldRegridUTest.C, line 239
20220313 002224.003 INFO             PET0 PASS MeshAddElements, ESMC_FieldRegridUTest.C, line 248
20220313 002224.003 INFO             PET0 PASS MeshGetLocalNodeCount, ESMC_FieldRegridUTest.C, line 258
20220313 002224.003 INFO             PET0 PASS MeshGetLocalElementCount, ESMC_FieldRegridUTest.C, line 269
20220313 002224.004 INFO             PET0 PASS Create ESMC_Field object, ESMC_FieldRegridUTest.C, line 284
20220313 002224.005 INFO             PET0 PASS Create ESMC_Field object, ESMC_FieldRegridUTest.C, line 293
20220313 002224.005 INFO             PET0 PASS Get a void * C pointer to data from ESMC_Field object, ESMC_FieldRegridUTest.C, line 306
20220313 002224.005 INFO             PET0 PASS Get a void * C pointer to data from ESMC_Field object, ESMC_FieldRegridUTest.C, line 325
20220313 002224.005 INFO             PET0 PASS Create an InterArray for maskValues in ESMC_FieldRegridStore(), ESMC_FieldRegridUTest.C, line 343
20220313 002224.027 INFO             PET0 PIOc_sync Enter - MemInfo: [/proc/meminfo - SSI]	MemTotal:       65855856 kB
20220313 002224.027 INFO             PET0 PIOc_sync Enter - MemInfo: [/proc/meminfo - SSI]	MemFree:        61162792 kB
20220313 002224.027 INFO             PET0 PIOc_sync Enter - MemInfo: [/proc/meminfo - SSI]	MemAvailable:   60961188 kB
20220313 002224.027 INFO             PET0 PIOc_sync Enter - MemInfo: [/proc/meminfo - SSI]	Committed_AS:    2903140 kB
20220313 002224.027 INFO             PET0 PIOc_sync Enter - MemInfo: [/proc/meminfo - SSI]	CommittedPercent: 4.40832 %
20220313 002224.028 INFO             PET0 PIOc_sync Enter - MemInfo: [/proc/self/status]	VmPeak:	  254184 kB
20220313 002224.028 INFO             PET0 PIOc_sync Enter - MemInfo: [/proc/self/status]	VmSize:	  254184 kB
20220313 002224.028 INFO             PET0 PIOc_sync Enter - MemInfo: [/proc/self/status]	VmLck:	       0 kB
20220313 002224.028 INFO             PET0 PIOc_sync Enter - MemInfo: [/proc/self/status]	VmPin:	       0 kB
20220313 002224.028 INFO             PET0 PIOc_sync Enter - MemInfo: [/proc/self/status]	VmHWM:	   46356 kB
20220313 002224.028 INFO             PET0 PIOc_sync Enter - MemInfo: [/proc/self/status]	VmRSS:	   46356 kB
20220313 002224.028 INFO             PET0 PIOc_sync Enter - MemInfo: [/proc/self/status]	VmData:	   37356 kB
20220313 002224.028 INFO             PET0 PIOc_sync Enter - MemInfo: [/proc/self/status]	VmStk:	     508 kB
20220313 002224.028 INFO             PET0 PIOc_sync Enter - MemInfo: [/proc/self/status]	VmExe:	     888 kB
20220313 002224.028 INFO             PET0 PIOc_sync Enter - MemInfo: [/proc/self/status]	VmLib:	  133788 kB
20220313 002224.028 INFO             PET0 PIOc_sync Enter - MemInfo: [/proc/self/status]	VmPTE:	     420 kB
20220313 002224.028 INFO             PET0 PIOc_sync Enter - MemInfo: [/proc/self/status]	VmPMD:	      12 kB
20220313 002224.028 INFO             PET0 PIOc_sync Enter - MemInfo: [/proc/self/status]	VmSwap:	       0 kB
20220313 002224.028 INFO             PET0 PIOc_sync Enter - MemInfo: [/proc/self/status]	VmRSSPercent: 0.0703901 %
20220313 002224.028 INFO             PET0 PIOc_sync Enter - MemInfo: [malloc] Non-mmapped space allocated:                 1245184 Byte
20220313 002224.028 INFO             PET0 PIOc_sync Enter - MemInfo: [malloc] Space allocated in mmapped regions:         15712256 Byte
20220313 002224.028 INFO             PET0 PIOc_sync Enter - MemInfo: [malloc] Maximum total allocated space:                     0 Byte
20220313 002224.028 INFO             PET0 PIOc_sync Enter - MemInfo: [malloc] Space in freed fastbin blocks:                     0 Byte
20220313 002224.028 INFO             PET0 PIOc_sync Enter - MemInfo: [malloc] Total allocated space:                       1123024 Byte
20220313 002224.028 INFO             PET0 PIOc_sync Enter - MemInfo: [malloc] Total free space:                             122160 Byte
20220313 002224.028 INFO             PET0 PIOc_sync Enter - MemInfo: [malloc] Top-most, releasable space:                   122096 Byte
20220313 002224.028 INFO             PET0 PIOc_sync Enter - MemInfo: [malloc] Total space in use, mmap + non-mmap:        16835280 Byte
20220313 002224.028 INFO             PET0 PIOc_sync Enter - MemInfo: [malloc] Total space held (mmap + non-mmap):         16957440 Byte
20220313 002224.028 INFO             PET0 PIOc_sync Enter - MemInfo: [malloc] Total space used (mmap + non-mmap):         16844752 Byte
20220313 002224.028 INFO             PET0 PIOc_sync Enter - MemInfo: Wall-clock time since execution start:              0.0433638 seconds
20220313 002224.028 INFO             PET0 PIOc_sync Exit - MemInfo: [/proc/meminfo - SSI]	MemTotal:       65855856 kB
20220313 002224.028 INFO             PET0 PIOc_sync Exit - MemInfo: [/proc/meminfo - SSI]	MemFree:        61162288 kB
20220313 002224.028 INFO             PET0 PIOc_sync Exit - MemInfo: [/proc/meminfo - SSI]	MemAvailable:   60960684 kB
20220313 002224.028 INFO             PET0 PIOc_sync Exit - MemInfo: [/proc/meminfo - SSI]	Committed_AS:    2903140 kB
20220313 002224.028 INFO             PET0 PIOc_sync Exit - MemInfo: [/proc/meminfo - SSI]	CommittedPercent: 4.40832 %
20220313 002224.028 INFO             PET0 PIOc_sync Exit - MemInfo: [/proc/self/status]	VmPeak:	  254508 kB
20220313 002224.028 INFO             PET0 PIOc_sync Exit - MemInfo: [/proc/self/status]	VmSize:	  254508 kB
20220313 002224.028 INFO             PET0 PIOc_sync Exit - MemInfo: [/proc/self/status]	VmLck:	       0 kB
20220313 002224.028 INFO             PET0 PIOc_sync Exit - MemInfo: [/proc/self/status]	VmPin:	       0 kB
20220313 002224.028 INFO             PET0 PIOc_sync Exit - MemInfo: [/proc/self/status]	VmHWM:	   46884 kB
20220313 002224.028 INFO             PET0 PIOc_sync Exit - MemInfo: [/proc/self/status]	VmRSS:	   46884 kB
20220313 002224.028 INFO             PET0 PIOc_sync Exit - MemInfo: [/proc/self/status]	VmData:	   37680 kB
20220313 002224.028 INFO             PET0 PIOc_sync Exit - MemInfo: [/proc/self/status]	VmStk:	     508 kB
20220313 002224.028 INFO             PET0 PIOc_sync Exit - MemInfo: [/proc/self/status]	VmExe:	     888 kB
20220313 002224.028 INFO             PET0 PIOc_sync Exit - MemInfo: [/proc/self/status]	VmLib:	  133788 kB
20220313 002224.028 INFO             PET0 PIOc_sync Exit - MemInfo: [/proc/self/status]	VmPTE:	     420 kB
20220313 002224.028 INFO             PET0 PIOc_sync Exit - MemInfo: [/proc/self/status]	VmPMD:	      12 kB
20220313 002224.028 INFO             PET0 PIOc_sync Exit - MemInfo: [/proc/self/status]	VmSwap:	       0 kB
20220313 002224.028 INFO             PET0 PIOc_sync Exit - MemInfo: [/proc/self/status]	VmRSSPercent: 0.0711918 %
20220313 002224.028 INFO             PET0 PIOc_sync Exit - MemInfo: [malloc] Non-mmapped space allocated:                 1245184 Byte
20220313 002224.028 INFO             PET0 PIOc_sync Exit - MemInfo: [malloc] Space allocated in mmapped regions:         16044032 Byte
20220313 002224.028 INFO             PET0 PIOc_sync Exit - MemInfo: [malloc] Maximum total allocated space:                     0 Byte
20220313 002224.028 INFO             PET0 PIOc_sync Exit - MemInfo: [malloc] Space in freed fastbin blocks:                     0 Byte
20220313 002224.029 INFO             PET0 PIOc_sync Exit - MemInfo: [malloc] Total allocated space:                       1191776 Byte
20220313 002224.029 INFO             PET0 PIOc_sync Exit - MemInfo: [malloc] Total free space:                              53408 Byte
20220313 002224.029 INFO             PET0 PIOc_sync Exit - MemInfo: [malloc] Top-most, releasable space:                    53408 Byte
20220313 002224.029 INFO             PET0 PIOc_sync Exit - MemInfo: [malloc] Total space in use, mmap + non-mmap:        17235808 Byte
20220313 002224.029 INFO             PET0 PIOc_sync Exit - MemInfo: [malloc] Total space held (mmap + non-mmap):         17289216 Byte
20220313 002224.029 INFO             PET0 PIOc_sync Exit - MemInfo: [malloc] Total space used (mmap + non-mmap):         17244272 Byte
20220313 002224.029 INFO             PET0 PIOc_sync Exit - MemInfo: Wall-clock time since execution start:              0.0440948 seconds
20220313 002224.029 INFO             PET0 PIOc_freedecomp Enter - MemInfo: [/proc/meminfo - SSI]	MemTotal:       65855856 kB
20220313 002224.029 INFO             PET0 PIOc_freedecomp Enter - MemInfo: [/proc/meminfo - SSI]	MemFree:        61169344 kB
20220313 002224.029 INFO             PET0 PIOc_freedecomp Enter - MemInfo: [/proc/meminfo - SSI]	MemAvailable:   60967740 kB
20220313 002224.029 INFO             PET0 PIOc_freedecomp Enter - MemInfo: [/proc/meminfo - SSI]	Committed_AS:    2895268 kB
20220313 002224.029 INFO             PET0 PIOc_freedecomp Enter - MemInfo: [/proc/meminfo - SSI]	CommittedPercent: 4.39637 %
20220313 002224.029 INFO             PET0 PIOc_freedecomp Enter - MemInfo: [/proc/self/status]	VmPeak:	  254508 kB
20220313 002224.029 INFO             PET0 PIOc_freedecomp Enter - MemInfo: [/proc/self/status]	VmSize:	  245796 kB
20220313 002224.029 INFO             PET0 PIOc_freedecomp Enter - MemInfo: [/proc/self/status]	VmLck:	       0 kB
20220313 002224.029 INFO             PET0 PIOc_freedecomp Enter - MemInfo: [/proc/self/status]	VmPin:	       0 kB
20220313 002224.029 INFO             PET0 PIOc_freedecomp Enter - MemInfo: [/proc/self/status]	VmHWM:	   46884 kB
20220313 002224.029 INFO             PET0 PIOc_freedecomp Enter - MemInfo: [/proc/self/status]	VmRSS:	   38728 kB
20220313 002224.029 INFO             PET0 PIOc_freedecomp Enter - MemInfo: [/proc/self/status]	VmData:	   28968 kB
20220313 002224.029 INFO             PET0 PIOc_freedecomp Enter - MemInfo: [/proc/self/status]	VmStk:	     508 kB
20220313 002224.029 INFO             PET0 PIOc_freedecomp Enter - MemInfo: [/proc/self/status]	VmExe:	     888 kB
20220313 002224.029 INFO             PET0 PIOc_freedecomp Enter - MemInfo: [/proc/self/status]	VmLib:	  133788 kB
20220313 002224.029 INFO             PET0 PIOc_freedecomp Enter - MemInfo: [/proc/self/status]	VmPTE:	     404 kB
20220313 002224.029 INFO             PET0 PIOc_freedecomp Enter - MemInfo: [/proc/self/status]	VmPMD:	      12 kB
20220313 002224.029 INFO             PET0 PIOc_freedecomp Enter - MemInfo: [/proc/self/status]	VmSwap:	       0 kB
20220313 002224.029 INFO             PET0 PIOc_freedecomp Enter - MemInfo: [/proc/self/status]	VmRSSPercent: 0.0588072 %
20220313 002224.029 INFO             PET0 PIOc_freedecomp Enter - MemInfo: [malloc] Non-mmapped space allocated:                 1245184 Byte
20220313 002224.029 INFO             PET0 PIOc_freedecomp Enter - MemInfo: [malloc] Space allocated in mmapped regions:          7122944 Byte
20220313 002224.029 INFO             PET0 PIOc_freedecomp Enter - MemInfo: [malloc] Maximum total allocated space:                     0 Byte
20220313 002224.029 INFO             PET0 PIOc_freedecomp Enter - MemInfo: [malloc] Space in freed fastbin blocks:                   208 Byte
20220313 002224.029 INFO             PET0 PIOc_freedecomp Enter - MemInfo: [malloc] Total allocated space:                       1181488 Byte
20220313 002224.029 INFO             PET0 PIOc_freedecomp Enter - MemInfo: [malloc] Total free space:                              63696 Byte
20220313 002224.029 INFO             PET0 PIOc_freedecomp Enter - MemInfo: [malloc] Top-most, releasable space:                    52816 Byte
20220313 002224.029 INFO             PET0 PIOc_freedecomp Enter - MemInfo: [malloc] Total space in use, mmap + non-mmap:         8304432 Byte
20220313 002224.029 INFO             PET0 PIOc_freedecomp Enter - MemInfo: [malloc] Total space held (mmap + non-mmap):          8368128 Byte
20220313 002224.030 INFO             PET0 PIOc_freedecomp Enter - MemInfo: [malloc] Total space used (mmap + non-mmap):          8312864 Byte
20220313 002224.030 INFO             PET0 PIOc_freedecomp Enter - MemInfo: Wall-clock time since execution start:              0.0450249 seconds
20220313 002224.030 INFO             PET0 PIOc_freedecomp Exit - MemInfo: [/proc/meminfo - SSI]	MemTotal:       65855856 kB
20220313 002224.030 INFO             PET0 PIOc_freedecomp Exit - MemInfo: [/proc/meminfo - SSI]	MemFree:        61169344 kB
20220313 002224.030 INFO             PET0 PIOc_freedecomp Exit - MemInfo: [/proc/meminfo - SSI]	MemAvailable:   60967740 kB
20220313 002224.030 INFO             PET0 PIOc_freedecomp Exit - MemInfo: [/proc/meminfo - SSI]	Committed_AS:    2895268 kB
20220313 002224.030 INFO             PET0 PIOc_freedecomp Exit - MemInfo: [/proc/meminfo - SSI]	CommittedPercent: 4.39637 %
20220313 002224.030 INFO             PET0 PIOc_freedecomp Exit - MemInfo: [/proc/self/status]	VmPeak:	  254508 kB
20220313 002224.030 INFO             PET0 PIOc_freedecomp Exit - MemInfo: [/proc/self/status]	VmSize:	  245796 kB
20220313 002224.030 INFO             PET0 PIOc_freedecomp Exit - MemInfo: [/proc/self/status]	VmLck:	       0 kB
20220313 002224.030 INFO             PET0 PIOc_freedecomp Exit - MemInfo: [/proc/self/status]	VmPin:	       0 kB
20220313 002224.030 INFO             PET0 PIOc_freedecomp Exit - MemInfo: [/proc/self/status]	VmHWM:	   46884 kB
20220313 002224.030 INFO             PET0 PIOc_freedecomp Exit - MemInfo: [/proc/self/status]	VmRSS:	   38728 kB
20220313 002224.030 INFO             PET0 PIOc_freedecomp Exit - MemInfo: [/proc/self/status]	VmData:	   28968 kB
20220313 002224.030 INFO             PET0 PIOc_freedecomp Exit - MemInfo: [/proc/self/status]	VmStk:	     508 kB
20220313 002224.030 INFO             PET0 PIOc_freedecomp Exit - MemInfo: [/proc/self/status]	VmExe:	     888 kB
20220313 002224.030 INFO             PET0 PIOc_freedecomp Exit - MemInfo: [/proc/self/status]	VmLib:	  133788 kB
20220313 002224.030 INFO             PET0 PIOc_freedecomp Exit - MemInfo: [/proc/self/status]	VmPTE:	     404 kB
20220313 002224.030 INFO             PET0 PIOc_freedecomp Exit - MemInfo: [/proc/self/status]	VmPMD:	      12 kB
20220313 002224.030 INFO             PET0 PIOc_freedecomp Exit - MemInfo: [/proc/self/status]	VmSwap:	       0 kB
20220313 002224.030 INFO             PET0 PIOc_freedecomp Exit - MemInfo: [/proc/self/status]	VmRSSPercent: 0.0588072 %
20220313 002224.030 INFO             PET0 PIOc_freedecomp Exit - MemInfo: [malloc] Non-mmapped space allocated:                 1245184 Byte
20220313 002224.030 INFO             PET0 PIOc_freedecomp Exit - MemInfo: [malloc] Space allocated in mmapped regions:          7122944 Byte
20220313 002224.030 INFO             PET0 PIOc_freedecomp Exit - MemInfo: [malloc] Maximum total allocated space:                     0 Byte
20220313 002224.030 INFO             PET0 PIOc_freedecomp Exit - MemInfo: [malloc] Space in freed fastbin blocks:                   704 Byte
20220313 002224.030 INFO             PET0 PIOc_freedecomp Exit - MemInfo: [malloc] Total allocated space:                       1179872 Byte
20220313 002224.030 INFO             PET0 PIOc_freedecomp Exit - MemInfo: [malloc] Total free space:                              65312 Byte
20220313 002224.030 INFO             PET0 PIOc_freedecomp Exit - MemInfo: [malloc] Top-most, releasable space:                    52816 Byte
20220313 002224.030 INFO             PET0 PIOc_freedecomp Exit - MemInfo: [malloc] Total space in use, mmap + non-mmap:         8302816 Byte
20220313 002224.030 INFO             PET0 PIOc_freedecomp Exit - MemInfo: [malloc] Total space held (mmap + non-mmap):          8368128 Byte
20220313 002224.030 INFO             PET0 PIOc_freedecomp Exit - MemInfo: [malloc] Total space used (mmap + non-mmap):          8311248 Byte
20220313 002224.030 INFO             PET0 PIOc_freedecomp Exit - MemInfo: Wall-clock time since execution start:               0.045521 seconds
20220313 002224.033 INFO             PET0 PIOc_sync Enter - MemInfo: [/proc/meminfo - SSI]	MemTotal:       65855856 kB
20220313 002224.033 INFO             PET0 PIOc_sync Enter - MemInfo: [/proc/meminfo - SSI]	MemFree:        61166320 kB
20220313 002224.033 INFO             PET0 PIOc_sync Enter - MemInfo: [/proc/meminfo - SSI]	MemAvailable:   60964716 kB
20220313 002224.033 INFO             PET0 PIOc_sync Enter - MemInfo: [/proc/meminfo - SSI]	Committed_AS:    2903536 kB
20220313 002224.033 INFO             PET0 PIOc_sync Enter - MemInfo: [/proc/meminfo - SSI]	CommittedPercent: 4.40893 %
20220313 002224.033 INFO             PET0 PIOc_sync Enter - MemInfo: [/proc/self/status]	VmPeak:	  254580 kB
20220313 002224.033 INFO             PET0 PIOc_sync Enter - MemInfo: [/proc/self/status]	VmSize:	  254580 kB
20220313 002224.033 INFO             PET0 PIOc_sync Enter - MemInfo: [/proc/self/status]	VmLck:	       0 kB
20220313 002224.033 INFO             PET0 PIOc_sync Enter - MemInfo: [/proc/self/status]	VmPin:	       0 kB
20220313 002224.033 INFO             PET0 PIOc_sync Enter - MemInfo: [/proc/self/status]	VmHWM:	   46884 kB
20220313 002224.033 INFO             PET0 PIOc_sync Enter - MemInfo: [/proc/self/status]	VmRSS:	   42684 kB
20220313 002224.033 INFO             PET0 PIOc_sync Enter - MemInfo: [/proc/self/status]	VmData:	   37752 kB
20220313 002224.033 INFO             PET0 PIOc_sync Enter - MemInfo: [/proc/self/status]	VmStk:	     508 kB
20220313 002224.033 INFO             PET0 PIOc_sync Enter - MemInfo: [/proc/self/status]	VmExe:	     888 kB
20220313 002224.033 INFO             PET0 PIOc_sync Enter - MemInfo: [/proc/self/status]	VmLib:	  133788 kB
20220313 002224.033 INFO             PET0 PIOc_sync Enter - MemInfo: [/proc/self/status]	VmPTE:	     416 kB
20220313 002224.033 INFO             PET0 PIOc_sync Enter - MemInfo: [/proc/self/status]	VmPMD:	      12 kB
20220313 002224.033 INFO             PET0 PIOc_sync Enter - MemInfo: [/proc/self/status]	VmSwap:	       0 kB
20220313 002224.033 INFO             PET0 PIOc_sync Enter - MemInfo: [/proc/self/status]	VmRSSPercent: 0.0648143 %
20220313 002224.033 INFO             PET0 PIOc_sync Enter - MemInfo: [malloc] Non-mmapped space allocated:                10240000 Byte
20220313 002224.034 INFO             PET0 PIOc_sync Enter - MemInfo: [malloc] Space allocated in mmapped regions:          7122944 Byte
20220313 002224.034 INFO             PET0 PIOc_sync Enter - MemInfo: [malloc] Maximum total allocated space:                     0 Byte
20220313 002224.034 INFO             PET0 PIOc_sync Enter - MemInfo: [malloc] Space in freed fastbin blocks:                    64 Byte
20220313 002224.034 INFO             PET0 PIOc_sync Enter - MemInfo: [malloc] Total allocated space:                      10109376 Byte
20220313 002224.034 INFO             PET0 PIOc_sync Enter - MemInfo: [malloc] Total free space:                             130624 Byte
20220313 002224.034 INFO             PET0 PIOc_sync Enter - MemInfo: [malloc] Top-most, releasable space:                   129456 Byte
20220313 002224.034 INFO             PET0 PIOc_sync Enter - MemInfo: [malloc] Total space in use, mmap + non-mmap:        17232320 Byte
20220313 002224.034 INFO             PET0 PIOc_sync Enter - MemInfo: [malloc] Total space held (mmap + non-mmap):         17362944 Byte
20220313 002224.034 INFO             PET0 PIOc_sync Enter - MemInfo: [malloc] Total space used (mmap + non-mmap):         17240640 Byte
20220313 002224.034 INFO             PET0 PIOc_sync Enter - MemInfo: Wall-clock time since execution start:               0.049191 seconds
20220313 002224.034 INFO             PET0 PIOc_sync Exit - MemInfo: [/proc/meminfo - SSI]	MemTotal:       65855856 kB
20220313 002224.034 INFO             PET0 PIOc_sync Exit - MemInfo: [/proc/meminfo - SSI]	MemFree:        61166320 kB
20220313 002224.034 INFO             PET0 PIOc_sync Exit - MemInfo: [/proc/meminfo - SSI]	MemAvailable:   60964716 kB
20220313 002224.034 INFO             PET0 PIOc_sync Exit - MemInfo: [/proc/meminfo - SSI]	Committed_AS:    2903536 kB
20220313 002224.034 INFO             PET0 PIOc_sync Exit - MemInfo: [/proc/meminfo - SSI]	CommittedPercent: 4.40893 %
20220313 002224.034 INFO             PET0 PIOc_sync Exit - MemInfo: [/proc/self/status]	VmPeak:	  254580 kB
20220313 002224.034 INFO             PET0 PIOc_sync Exit - MemInfo: [/proc/self/status]	VmSize:	  254580 kB
20220313 002224.034 INFO             PET0 PIOc_sync Exit - MemInfo: [/proc/self/status]	VmLck:	       0 kB
20220313 002224.034 INFO             PET0 PIOc_sync Exit - MemInfo: [/proc/self/status]	VmPin:	       0 kB
20220313 002224.034 INFO             PET0 PIOc_sync Exit - MemInfo: [/proc/self/status]	VmHWM:	   46884 kB
20220313 002224.034 INFO             PET0 PIOc_sync Exit - MemInfo: [/proc/self/status]	VmRSS:	   42684 kB
20220313 002224.034 INFO             PET0 PIOc_sync Exit - MemInfo: [/proc/self/status]	VmData:	   37752 kB
20220313 002224.034 INFO             PET0 PIOc_sync Exit - MemInfo: [/proc/self/status]	VmStk:	     508 kB
20220313 002224.034 INFO             PET0 PIOc_sync Exit - MemInfo: [/proc/self/status]	VmExe:	     888 kB
20220313 002224.034 INFO             PET0 PIOc_sync Exit - MemInfo: [/proc/self/status]	VmLib:	  133788 kB
20220313 002224.034 INFO             PET0 PIOc_sync Exit - MemInfo: [/proc/self/status]	VmPTE:	     416 kB
20220313 002224.034 INFO             PET0 PIOc_sync Exit - MemInfo: [/proc/self/status]	VmPMD:	      12 kB
20220313 002224.034 INFO             PET0 PIOc_sync Exit - MemInfo: [/proc/self/status]	VmSwap:	       0 kB
20220313 002224.034 INFO             PET0 PIOc_sync Exit - MemInfo: [/proc/self/status]	VmRSSPercent: 0.0648143 %
20220313 002224.034 INFO             PET0 PIOc_sync Exit - MemInfo: [malloc] Non-mmapped space allocated:                10240000 Byte
20220313 002224.034 INFO             PET0 PIOc_sync Exit - MemInfo: [malloc] Space allocated in mmapped regions:          7122944 Byte
20220313 002224.034 INFO             PET0 PIOc_sync Exit - MemInfo: [malloc] Maximum total allocated space:                     0 Byte
20220313 002224.034 INFO             PET0 PIOc_sync Exit - MemInfo: [malloc] Space in freed fastbin blocks:                     0 Byte
20220313 002224.034 INFO             PET0 PIOc_sync Exit - MemInfo: [malloc] Total allocated space:                      10110112 Byte
20220313 002224.034 INFO             PET0 PIOc_sync Exit - MemInfo: [malloc] Total free space:                             129888 Byte
20220313 002224.034 INFO             PET0 PIOc_sync Exit - MemInfo: [malloc] Top-most, releasable space:                   129232 Byte
20220313 002224.034 INFO             PET0 PIOc_sync Exit - MemInfo: [malloc] Total space in use, mmap + non-mmap:        17233056 Byte
20220313 002224.034 INFO             PET0 PIOc_sync Exit - MemInfo: [malloc] Total space held (mmap + non-mmap):         17362944 Byte
20220313 002224.034 INFO             PET0 PIOc_sync Exit - MemInfo: [malloc] Total space used (mmap + non-mmap):         17241376 Byte
20220313 002224.034 INFO             PET0 PIOc_sync Exit - MemInfo: Wall-clock time since execution start:               0.049669 seconds
20220313 002224.034 INFO             PET0 PIOc_freedecomp Enter - MemInfo: [/proc/meminfo - SSI]	MemTotal:       65855856 kB
20220313 002224.034 INFO             PET0 PIOc_freedecomp Enter - MemInfo: [/proc/meminfo - SSI]	MemFree:        61166320 kB
20220313 002224.034 INFO             PET0 PIOc_freedecomp Enter - MemInfo: [/proc/meminfo - SSI]	MemAvailable:   60964716 kB
20220313 002224.034 INFO             PET0 PIOc_freedecomp Enter - MemInfo: [/proc/meminfo - SSI]	Committed_AS:    2903536 kB
20220313 002224.034 INFO             PET0 PIOc_freedecomp Enter - MemInfo: [/proc/meminfo - SSI]	CommittedPercent: 4.40893 %
20220313 002224.034 INFO             PET0 PIOc_freedecomp Enter - MemInfo: [/proc/self/status]	VmPeak:	  254580 kB
20220313 002224.034 INFO             PET0 PIOc_freedecomp Enter - MemInfo: [/proc/self/status]	VmSize:	  254580 kB
20220313 002224.034 INFO             PET0 PIOc_freedecomp Enter - MemInfo: [/proc/self/status]	VmLck:	       0 kB
20220313 002224.034 INFO             PET0 PIOc_freedecomp Enter - MemInfo: [/proc/self/status]	VmPin:	       0 kB
20220313 002224.034 INFO             PET0 PIOc_freedecomp Enter - MemInfo: [/proc/self/status]	VmHWM:	   46884 kB
20220313 002224.034 INFO             PET0 PIOc_freedecomp Enter - MemInfo: [/proc/self/status]	VmRSS:	   42684 kB
20220313 002224.034 INFO             PET0 PIOc_freedecomp Enter - MemInfo: [/proc/self/status]	VmData:	   37752 kB
20220313 002224.035 INFO             PET0 PIOc_freedecomp Enter - MemInfo: [/proc/self/status]	VmStk:	     508 kB
20220313 002224.035 INFO             PET0 PIOc_freedecomp Enter - MemInfo: [/proc/self/status]	VmExe:	     888 kB
20220313 002224.035 INFO             PET0 PIOc_freedecomp Enter - MemInfo: [/proc/self/status]	VmLib:	  133788 kB
20220313 002224.035 INFO             PET0 PIOc_freedecomp Enter - MemInfo: [/proc/self/status]	VmPTE:	     416 kB
20220313 002224.035 INFO             PET0 PIOc_freedecomp Enter - MemInfo: [/proc/self/status]	VmPMD:	      12 kB
20220313 002224.035 INFO             PET0 PIOc_freedecomp Enter - MemInfo: [/proc/self/status]	VmSwap:	       0 kB
20220313 002224.035 INFO             PET0 PIOc_freedecomp Enter - MemInfo: [/proc/self/status]	VmRSSPercent: 0.0648143 %
20220313 002224.035 INFO             PET0 PIOc_freedecomp Enter - MemInfo: [malloc] Non-mmapped space allocated:                10240000 Byte
20220313 002224.035 INFO             PET0 PIOc_freedecomp Enter - MemInfo: [malloc] Space allocated in mmapped regions:          7122944 Byte
20220313 002224.035 INFO             PET0 PIOc_freedecomp Enter - MemInfo: [malloc] Maximum total allocated space:                     0 Byte
20220313 002224.035 INFO             PET0 PIOc_freedecomp Enter - MemInfo: [malloc] Space in freed fastbin blocks:                   240 Byte
20220313 002224.035 INFO             PET0 PIOc_freedecomp Enter - MemInfo: [malloc] Total allocated space:                       1186144 Byte
20220313 002224.035 INFO             PET0 PIOc_freedecomp Enter - MemInfo: [malloc] Total free space:                            9053856 Byte
20220313 002224.035 INFO             PET0 PIOc_freedecomp Enter - MemInfo: [malloc] Top-most, releasable space:                   129008 Byte
20220313 002224.035 INFO             PET0 PIOc_freedecomp Enter - MemInfo: [malloc] Total space in use, mmap + non-mmap:         8309088 Byte
20220313 002224.035 INFO             PET0 PIOc_freedecomp Enter - MemInfo: [malloc] Total space held (mmap + non-mmap):         17362944 Byte
20220313 002224.035 INFO             PET0 PIOc_freedecomp Enter - MemInfo: [malloc] Total space used (mmap + non-mmap):          8317296 Byte
20220313 002224.035 INFO             PET0 PIOc_freedecomp Enter - MemInfo: Wall-clock time since execution start:               0.050262 seconds
20220313 002224.035 INFO             PET0 PIOc_freedecomp Exit - MemInfo: [/proc/meminfo - SSI]	MemTotal:       65855856 kB
20220313 002224.035 INFO             PET0 PIOc_freedecomp Exit - MemInfo: [/proc/meminfo - SSI]	MemFree:        61166320 kB
20220313 002224.035 INFO             PET0 PIOc_freedecomp Exit - MemInfo: [/proc/meminfo - SSI]	MemAvailable:   60964716 kB
20220313 002224.035 INFO             PET0 PIOc_freedecomp Exit - MemInfo: [/proc/meminfo - SSI]	Committed_AS:    2903536 kB
20220313 002224.035 INFO             PET0 PIOc_freedecomp Exit - MemInfo: [/proc/meminfo - SSI]	CommittedPercent: 4.40893 %
20220313 002224.035 INFO             PET0 PIOc_freedecomp Exit - MemInfo: [/proc/self/status]	VmPeak:	  254580 kB
20220313 002224.035 INFO             PET0 PIOc_freedecomp Exit - MemInfo: [/proc/self/status]	VmSize:	  254580 kB
20220313 002224.035 INFO             PET0 PIOc_freedecomp Exit - MemInfo: [/proc/self/status]	VmLck:	       0 kB
20220313 002224.035 INFO             PET0 PIOc_freedecomp Exit - MemInfo: [/proc/self/status]	VmPin:	       0 kB
20220313 002224.035 INFO             PET0 PIOc_freedecomp Exit - MemInfo: [/proc/self/status]	VmHWM:	   46884 kB
20220313 002224.035 INFO             PET0 PIOc_freedecomp Exit - MemInfo: [/proc/self/status]	VmRSS:	   42684 kB
20220313 002224.035 INFO             PET0 PIOc_freedecomp Exit - MemInfo: [/proc/self/status]	VmData:	   37752 kB
20220313 002224.035 INFO             PET0 PIOc_freedecomp Exit - MemInfo: [/proc/self/status]	VmStk:	     508 kB
20220313 002224.035 INFO             PET0 PIOc_freedecomp Exit - MemInfo: [/proc/self/status]	VmExe:	     888 kB
20220313 002224.035 INFO             PET0 PIOc_freedecomp Exit - MemInfo: [/proc/self/status]	VmLib:	  133788 kB
20220313 002224.035 INFO             PET0 PIOc_freedecomp Exit - MemInfo: [/proc/self/status]	VmPTE:	     416 kB
20220313 002224.035 INFO             PET0 PIOc_freedecomp Exit - MemInfo: [/proc/self/status]	VmPMD:	      12 kB
20220313 002224.035 INFO             PET0 PIOc_freedecomp Exit - MemInfo: [/proc/self/status]	VmSwap:	       0 kB
20220313 002224.035 INFO             PET0 PIOc_freedecomp Exit - MemInfo: [/proc/self/status]	VmRSSPercent: 0.0648143 %
20220313 002224.035 INFO             PET0 PIOc_freedecomp Exit - MemInfo: [malloc] Non-mmapped space allocated:                10240000 Byte
20220313 002224.035 INFO             PET0 PIOc_freedecomp Exit - MemInfo: [malloc] Space allocated in mmapped regions:          7122944 Byte
20220313 002224.035 INFO             PET0 PIOc_freedecomp Exit - MemInfo: [malloc] Maximum total allocated space:                     0 Byte
20220313 002224.035 INFO             PET0 PIOc_freedecomp Exit - MemInfo: [malloc] Space in freed fastbin blocks:                   800 Byte
20220313 002224.035 INFO             PET0 PIOc_freedecomp Exit - MemInfo: [malloc] Total allocated space:                       1184288 Byte
20220313 002224.035 INFO             PET0 PIOc_freedecomp Exit - MemInfo: [malloc] Total free space:                            9055712 Byte
20220313 002224.035 INFO             PET0 PIOc_freedecomp Exit - MemInfo: [malloc] Top-most, releasable space:                   129008 Byte
20220313 002224.035 INFO             PET0 PIOc_freedecomp Exit - MemInfo: [malloc] Total space in use, mmap + non-mmap:         8307232 Byte
20220313 002224.035 INFO             PET0 PIOc_freedecomp Exit - MemInfo: [malloc] Total space held (mmap + non-mmap):         17362944 Byte
20220313 002224.035 INFO             PET0 PIOc_freedecomp Exit - MemInfo: [malloc] Total space used (mmap + non-mmap):          8315440 Byte
20220313 002224.035 INFO             PET0 PIOc_freedecomp Exit - MemInfo: Wall-clock time since execution start:              0.0506799 seconds
20220313 002224.036 INFO             PET0 PIOc_sync Enter - MemInfo: [/proc/meminfo - SSI]	MemTotal:       65855856 kB
20220313 002224.036 INFO             PET0 PIOc_sync Enter - MemInfo: [/proc/meminfo - SSI]	MemFree:        61165816 kB
20220313 002224.036 INFO             PET0 PIOc_sync Enter - MemInfo: [/proc/meminfo - SSI]	MemAvailable:   60964212 kB
20220313 002224.036 INFO             PET0 PIOc_sync Enter - MemInfo: [/proc/meminfo - SSI]	Committed_AS:    2903536 kB
20220313 002224.036 INFO             PET0 PIOc_sync Enter - MemInfo: [/proc/meminfo - SSI]	CommittedPercent: 4.40893 %
20220313 002224.036 INFO             PET0 PIOc_sync Enter - MemInfo: [/proc/self/status]	VmPeak:	  254580 kB
20220313 002224.036 INFO             PET0 PIOc_sync Enter - MemInfo: [/proc/self/status]	VmSize:	  254580 kB
20220313 002224.036 INFO             PET0 PIOc_sync Enter - MemInfo: [/proc/self/status]	VmLck:	       0 kB
20220313 002224.037 INFO             PET0 PIOc_sync Enter - MemInfo: [/proc/self/status]	VmPin:	       0 kB
20220313 002224.037 INFO             PET0 PIOc_sync Enter - MemInfo: [/proc/self/status]	VmHWM:	   46884 kB
20220313 002224.037 INFO             PET0 PIOc_sync Enter - MemInfo: [/proc/self/status]	VmRSS:	   43212 kB
20220313 002224.037 INFO             PET0 PIOc_sync Enter - MemInfo: [/proc/self/status]	VmData:	   37752 kB
20220313 002224.037 INFO             PET0 PIOc_sync Enter - MemInfo: [/proc/self/status]	VmStk:	     508 kB
20220313 002224.037 INFO             PET0 PIOc_sync Enter - MemInfo: [/proc/self/status]	VmExe:	     888 kB
20220313 002224.037 INFO             PET0 PIOc_sync Enter - MemInfo: [/proc/self/status]	VmLib:	  133788 kB
20220313 002224.037 INFO             PET0 PIOc_sync Enter - MemInfo: [/proc/self/status]	VmPTE:	     416 kB
20220313 002224.037 INFO             PET0 PIOc_sync Enter - MemInfo: [/proc/self/status]	VmPMD:	      12 kB
20220313 002224.037 INFO             PET0 PIOc_sync Enter - MemInfo: [/proc/self/status]	VmSwap:	       0 kB
20220313 002224.037 INFO             PET0 PIOc_sync Enter - MemInfo: [/proc/self/status]	VmRSSPercent: 0.065616 %
20220313 002224.037 INFO             PET0 PIOc_sync Enter - MemInfo: [malloc] Non-mmapped space allocated:                10240000 Byte
20220313 002224.037 INFO             PET0 PIOc_sync Enter - MemInfo: [malloc] Space allocated in mmapped regions:          7122944 Byte
20220313 002224.037 INFO             PET0 PIOc_sync Enter - MemInfo: [malloc] Maximum total allocated space:                     0 Byte
20220313 002224.037 INFO             PET0 PIOc_sync Enter - MemInfo: [malloc] Space in freed fastbin blocks:                   240 Byte
20220313 002224.037 INFO             PET0 PIOc_sync Enter - MemInfo: [malloc] Total allocated space:                      10112768 Byte
20220313 002224.037 INFO             PET0 PIOc_sync Enter - MemInfo: [malloc] Total free space:                             127232 Byte
20220313 002224.037 INFO             PET0 PIOc_sync Enter - MemInfo: [malloc] Top-most, releasable space:                   123760 Byte
20220313 002224.037 INFO             PET0 PIOc_sync Enter - MemInfo: [malloc] Total space in use, mmap + non-mmap:        17235712 Byte
20220313 002224.037 INFO             PET0 PIOc_sync Enter - MemInfo: [malloc] Total space held (mmap + non-mmap):         17362944 Byte
20220313 002224.037 INFO             PET0 PIOc_sync Enter - MemInfo: [malloc] Total space used (mmap + non-mmap):         17243920 Byte
20220313 002224.037 INFO             PET0 PIOc_sync Enter - MemInfo: Wall-clock time since execution start:              0.0522768 seconds
20220313 002224.037 INFO             PET0 PIOc_sync Exit - MemInfo: [/proc/meminfo - SSI]	MemTotal:       65855856 kB
20220313 002224.037 INFO             PET0 PIOc_sync Exit - MemInfo: [/proc/meminfo - SSI]	MemFree:        61165816 kB
20220313 002224.037 INFO             PET0 PIOc_sync Exit - MemInfo: [/proc/meminfo - SSI]	MemAvailable:   60964212 kB
20220313 002224.037 INFO             PET0 PIOc_sync Exit - MemInfo: [/proc/meminfo - SSI]	Committed_AS:    2903536 kB
20220313 002224.037 INFO             PET0 PIOc_sync Exit - MemInfo: [/proc/meminfo - SSI]	CommittedPercent: 4.40893 %
20220313 002224.037 INFO             PET0 PIOc_sync Exit - MemInfo: [/proc/self/status]	VmPeak:	  254580 kB
20220313 002224.037 INFO             PET0 PIOc_sync Exit - MemInfo: [/proc/self/status]	VmSize:	  254580 kB
20220313 002224.037 INFO             PET0 PIOc_sync Exit - MemInfo: [/proc/self/status]	VmLck:	       0 kB
20220313 002224.037 INFO             PET0 PIOc_sync Exit - MemInfo: [/proc/self/status]	VmPin:	       0 kB
20220313 002224.037 INFO             PET0 PIOc_sync Exit - MemInfo: [/proc/self/status]	VmHWM:	   46884 kB
20220313 002224.037 INFO             PET0 PIOc_sync Exit - MemInfo: [/proc/self/status]	VmRSS:	   43212 kB
20220313 002224.037 INFO             PET0 PIOc_sync Exit - MemInfo: [/proc/self/status]	VmData:	   37752 kB
20220313 002224.037 INFO             PET0 PIOc_sync Exit - MemInfo: [/proc/self/status]	VmStk:	     508 kB
20220313 002224.037 INFO             PET0 PIOc_sync Exit - MemInfo: [/proc/self/status]	VmExe:	     888 kB
20220313 002224.037 INFO             PET0 PIOc_sync Exit - MemInfo: [/proc/self/status]	VmLib:	  133788 kB
20220313 002224.037 INFO             PET0 PIOc_sync Exit - MemInfo: [/proc/self/status]	VmPTE:	     416 kB
20220313 002224.037 INFO             PET0 PIOc_sync Exit - MemInfo: [/proc/self/status]	VmPMD:	      12 kB
20220313 002224.037 INFO             PET0 PIOc_sync Exit - MemInfo: [/proc/self/status]	VmSwap:	       0 kB
20220313 002224.037 INFO             PET0 PIOc_sync Exit - MemInfo: [/proc/self/status]	VmRSSPercent: 0.065616 %
20220313 002224.037 INFO             PET0 PIOc_sync Exit - MemInfo: [malloc] Non-mmapped space allocated:                10240000 Byte
20220313 002224.037 INFO             PET0 PIOc_sync Exit - MemInfo: [malloc] Space allocated in mmapped regions:          7122944 Byte
20220313 002224.037 INFO             PET0 PIOc_sync Exit - MemInfo: [malloc] Maximum total allocated space:                     0 Byte
20220313 002224.037 INFO             PET0 PIOc_sync Exit - MemInfo: [malloc] Space in freed fastbin blocks:                     0 Byte
20220313 002224.037 INFO             PET0 PIOc_sync Exit - MemInfo: [malloc] Total allocated space:                      10113184 Byte
20220313 002224.037 INFO             PET0 PIOc_sync Exit - MemInfo: [malloc] Total free space:                             126816 Byte
20220313 002224.037 INFO             PET0 PIOc_sync Exit - MemInfo: [malloc] Top-most, releasable space:                   123536 Byte
20220313 002224.037 INFO             PET0 PIOc_sync Exit - MemInfo: [malloc] Total space in use, mmap + non-mmap:        17236128 Byte
20220313 002224.037 INFO             PET0 PIOc_sync Exit - MemInfo: [malloc] Total space held (mmap + non-mmap):         17362944 Byte
20220313 002224.037 INFO             PET0 PIOc_sync Exit - MemInfo: [malloc] Total space used (mmap + non-mmap):         17244448 Byte
20220313 002224.037 INFO             PET0 PIOc_sync Exit - MemInfo: Wall-clock time since execution start:              0.0527649 seconds
20220313 002224.038 INFO             PET0 PIOc_freedecomp Enter - MemInfo: [/proc/meminfo - SSI]	MemTotal:       65855856 kB
20220313 002224.038 INFO             PET0 PIOc_freedecomp Enter - MemInfo: [/proc/meminfo - SSI]	MemFree:        61165816 kB
20220313 002224.038 INFO             PET0 PIOc_freedecomp Enter - MemInfo: [/proc/meminfo - SSI]	MemAvailable:   60964212 kB
20220313 002224.038 INFO             PET0 PIOc_freedecomp Enter - MemInfo: [/proc/meminfo - SSI]	Committed_AS:    2903536 kB
20220313 002224.038 INFO             PET0 PIOc_freedecomp Enter - MemInfo: [/proc/meminfo - SSI]	CommittedPercent: 4.40893 %
20220313 002224.038 INFO             PET0 PIOc_freedecomp Enter - MemInfo: [/proc/self/status]	VmPeak:	  254580 kB
20220313 002224.038 INFO             PET0 PIOc_freedecomp Enter - MemInfo: [/proc/self/status]	VmSize:	  254580 kB
20220313 002224.038 INFO             PET0 PIOc_freedecomp Enter - MemInfo: [/proc/self/status]	VmLck:	       0 kB
20220313 002224.038 INFO             PET0 PIOc_freedecomp Enter - MemInfo: [/proc/self/status]	VmPin:	       0 kB
20220313 002224.038 INFO             PET0 PIOc_freedecomp Enter - MemInfo: [/proc/self/status]	VmHWM:	   46884 kB
20220313 002224.038 INFO             PET0 PIOc_freedecomp Enter - MemInfo: [/proc/self/status]	VmRSS:	   43212 kB
20220313 002224.038 INFO             PET0 PIOc_freedecomp Enter - MemInfo: [/proc/self/status]	VmData:	   37752 kB
20220313 002224.038 INFO             PET0 PIOc_freedecomp Enter - MemInfo: [/proc/self/status]	VmStk:	     508 kB
20220313 002224.038 INFO             PET0 PIOc_freedecomp Enter - MemInfo: [/proc/self/status]	VmExe:	     888 kB
20220313 002224.038 INFO             PET0 PIOc_freedecomp Enter - MemInfo: [/proc/self/status]	VmLib:	  133788 kB
20220313 002224.038 INFO             PET0 PIOc_freedecomp Enter - MemInfo: [/proc/self/status]	VmPTE:	     416 kB
20220313 002224.038 INFO             PET0 PIOc_freedecomp Enter - MemInfo: [/proc/self/status]	VmPMD:	      12 kB
20220313 002224.038 INFO             PET0 PIOc_freedecomp Enter - MemInfo: [/proc/self/status]	VmSwap:	       0 kB
20220313 002224.038 INFO             PET0 PIOc_freedecomp Enter - MemInfo: [/proc/self/status]	VmRSSPercent: 0.065616 %
20220313 002224.038 INFO             PET0 PIOc_freedecomp Enter - MemInfo: [malloc] Non-mmapped space allocated:                10240000 Byte
20220313 002224.038 INFO             PET0 PIOc_freedecomp Enter - MemInfo: [malloc] Space allocated in mmapped regions:          7122944 Byte
20220313 002224.038 INFO             PET0 PIOc_freedecomp Enter - MemInfo: [malloc] Maximum total allocated space:                     0 Byte
20220313 002224.038 INFO             PET0 PIOc_freedecomp Enter - MemInfo: [malloc] Space in freed fastbin blocks:                   240 Byte
20220313 002224.038 INFO             PET0 PIOc_freedecomp Enter - MemInfo: [malloc] Total allocated space:                       1188400 Byte
20220313 002224.038 INFO             PET0 PIOc_freedecomp Enter - MemInfo: [malloc] Total free space:                            9051600 Byte
20220313 002224.038 INFO             PET0 PIOc_freedecomp Enter - MemInfo: [malloc] Top-most, releasable space:                   123312 Byte
20220313 002224.038 INFO             PET0 PIOc_freedecomp Enter - MemInfo: [malloc] Total space in use, mmap + non-mmap:         8311344 Byte
20220313 002224.038 INFO             PET0 PIOc_freedecomp Enter - MemInfo: [malloc] Total space held (mmap + non-mmap):         17362944 Byte
20220313 002224.038 INFO             PET0 PIOc_freedecomp Enter - MemInfo: [malloc] Total space used (mmap + non-mmap):          8319552 Byte
20220313 002224.038 INFO             PET0 PIOc_freedecomp Enter - MemInfo: Wall-clock time since execution start:               0.053704 seconds
20220313 002224.038 INFO             PET0 PIOc_freedecomp Exit - MemInfo: [/proc/meminfo - SSI]	MemTotal:       65855856 kB
20220313 002224.038 INFO             PET0 PIOc_freedecomp Exit - MemInfo: [/proc/meminfo - SSI]	MemFree:        61165816 kB
20220313 002224.038 INFO             PET0 PIOc_freedecomp Exit - MemInfo: [/proc/meminfo - SSI]	MemAvailable:   60964212 kB
20220313 002224.038 INFO             PET0 PIOc_freedecomp Exit - MemInfo: [/proc/meminfo - SSI]	Committed_AS:    2903536 kB
20220313 002224.038 INFO             PET0 PIOc_freedecomp Exit - MemInfo: [/proc/meminfo - SSI]	CommittedPercent: 4.40893 %
20220313 002224.038 INFO             PET0 PIOc_freedecomp Exit - MemInfo: [/proc/self/status]	VmPeak:	  254580 kB
20220313 002224.038 INFO             PET0 PIOc_freedecomp Exit - MemInfo: [/proc/self/status]	VmSize:	  254580 kB
20220313 002224.038 INFO             PET0 PIOc_freedecomp Exit - MemInfo: [/proc/self/status]	VmLck:	       0 kB
20220313 002224.038 INFO             PET0 PIOc_freedecomp Exit - MemInfo: [/proc/self/status]	VmPin:	       0 kB
20220313 002224.038 INFO             PET0 PIOc_freedecomp Exit - MemInfo: [/proc/self/status]	VmHWM:	   46884 kB
20220313 002224.038 INFO             PET0 PIOc_freedecomp Exit - MemInfo: [/proc/self/status]	VmRSS:	   43212 kB
20220313 002224.038 INFO             PET0 PIOc_freedecomp Exit - MemInfo: [/proc/self/status]	VmData:	   37752 kB
20220313 002224.038 INFO             PET0 PIOc_freedecomp Exit - MemInfo: [/proc/self/status]	VmStk:	     508 kB
20220313 002224.038 INFO             PET0 PIOc_freedecomp Exit - MemInfo: [/proc/self/status]	VmExe:	     888 kB
20220313 002224.038 INFO             PET0 PIOc_freedecomp Exit - MemInfo: [/proc/self/status]	VmLib:	  133788 kB
20220313 002224.038 INFO             PET0 PIOc_freedecomp Exit - MemInfo: [/proc/self/status]	VmPTE:	     416 kB
20220313 002224.038 INFO             PET0 PIOc_freedecomp Exit - MemInfo: [/proc/self/status]	VmPMD:	      12 kB
20220313 002224.038 INFO             PET0 PIOc_freedecomp Exit - MemInfo: [/proc/self/status]	VmSwap:	       0 kB
20220313 002224.039 INFO             PET0 PIOc_freedecomp Exit - MemInfo: [/proc/self/status]	VmRSSPercent: 0.065616 %
20220313 002224.039 INFO             PET0 PIOc_freedecomp Exit - MemInfo: [malloc] Non-mmapped space allocated:                10240000 Byte
20220313 002224.039 INFO             PET0 PIOc_freedecomp Exit - MemInfo: [malloc] Space allocated in mmapped regions:          7122944 Byte
20220313 002224.039 INFO             PET0 PIOc_freedecomp Exit - MemInfo: [malloc] Maximum total allocated space:                     0 Byte
20220313 002224.039 INFO             PET0 PIOc_freedecomp Exit - MemInfo: [malloc] Space in freed fastbin blocks:                   192 Byte
20220313 002224.039 INFO             PET0 PIOc_freedecomp Exit - MemInfo: [malloc] Total allocated space:                       1186592 Byte
20220313 002224.039 INFO             PET0 PIOc_freedecomp Exit - MemInfo: [malloc] Total free space:                            9053408 Byte
20220313 002224.039 INFO             PET0 PIOc_freedecomp Exit - MemInfo: [malloc] Top-most, releasable space:                   129008 Byte
20220313 002224.039 INFO             PET0 PIOc_freedecomp Exit - MemInfo: [malloc] Total space in use, mmap + non-mmap:         8309536 Byte
20220313 002224.039 INFO             PET0 PIOc_freedecomp Exit - MemInfo: [malloc] Total space held (mmap + non-mmap):         17362944 Byte
20220313 002224.039 INFO             PET0 PIOc_freedecomp Exit - MemInfo: [malloc] Total space used (mmap + non-mmap):          8317744 Byte
20220313 002224.039 INFO             PET0 PIOc_freedecomp Exit - MemInfo: Wall-clock time since execution start:              0.0541539 seconds
20220313 002224.039 INFO             PET0 PASS Create an ESMC_RouteHandle via ESMC_FieldRegridStore(), ESMC_FieldRegridUTest.C, line 367
20220313 002224.039 INFO             PET0 PASS Execute ESMC_FieldRegrid(), ESMC_FieldRegridUTest.C, line 375
20220313 002224.042 INFO             PET0 PIOc_sync Enter - MemInfo: [/proc/meminfo - SSI]	MemTotal:       65855856 kB
20220313 002224.042 INFO             PET0 PIOc_sync Enter - MemInfo: [/proc/meminfo - SSI]	MemFree:        61161784 kB
20220313 002224.042 INFO             PET0 PIOc_sync Enter - MemInfo: [/proc/meminfo - SSI]	MemAvailable:   60960180 kB
20220313 002224.042 INFO             PET0 PIOc_sync Enter - MemInfo: [/proc/meminfo - SSI]	Committed_AS:    2903536 kB
20220313 002224.042 INFO             PET0 PIOc_sync Enter - MemInfo: [/proc/meminfo - SSI]	CommittedPercent: 4.40893 %
20220313 002224.042 INFO             PET0 PIOc_sync Enter - MemInfo: [/proc/self/status]	VmPeak:	  254580 kB
20220313 002224.042 INFO             PET0 PIOc_sync Enter - MemInfo: [/proc/self/status]	VmSize:	  254580 kB
20220313 002224.042 INFO             PET0 PIOc_sync Enter - MemInfo: [/proc/self/status]	VmLck:	       0 kB
20220313 002224.042 INFO             PET0 PIOc_sync Enter - MemInfo: [/proc/self/status]	VmPin:	       0 kB
20220313 002224.042 INFO             PET0 PIOc_sync Enter - MemInfo: [/proc/self/status]	VmHWM:	   47436 kB
20220313 002224.042 INFO             PET0 PIOc_sync Enter - MemInfo: [/proc/self/status]	VmRSS:	   47436 kB
20220313 002224.042 INFO             PET0 PIOc_sync Enter - MemInfo: [/proc/self/status]	VmData:	   37752 kB
20220313 002224.042 INFO             PET0 PIOc_sync Enter - MemInfo: [/proc/self/status]	VmStk:	     508 kB
20220313 002224.042 INFO             PET0 PIOc_sync Enter - MemInfo: [/proc/self/status]	VmExe:	     888 kB
20220313 002224.042 INFO             PET0 PIOc_sync Enter - MemInfo: [/proc/self/status]	VmLib:	  133788 kB
20220313 002224.042 INFO             PET0 PIOc_sync Enter - MemInfo: [/proc/self/status]	VmPTE:	     420 kB
20220313 002224.042 INFO             PET0 PIOc_sync Enter - MemInfo: [/proc/self/status]	VmPMD:	      12 kB
20220313 002224.042 INFO             PET0 PIOc_sync Enter - MemInfo: [/proc/self/status]	VmSwap:	       0 kB
20220313 002224.042 INFO             PET0 PIOc_sync Enter - MemInfo: [/proc/self/status]	VmRSSPercent: 0.07203 %
20220313 002224.042 INFO             PET0 PIOc_sync Enter - MemInfo: [malloc] Non-mmapped space allocated:                10240000 Byte
20220313 002224.042 INFO             PET0 PIOc_sync Enter - MemInfo: [malloc] Space allocated in mmapped regions:          7122944 Byte
20220313 002224.043 INFO             PET0 PIOc_sync Enter - MemInfo: [malloc] Maximum total allocated space:                     0 Byte
20220313 002224.043 INFO             PET0 PIOc_sync Enter - MemInfo: [malloc] Space in freed fastbin blocks:                     0 Byte
20220313 002224.043 INFO             PET0 PIOc_sync Enter - MemInfo: [malloc] Total allocated space:                      10122208 Byte
20220313 002224.043 INFO             PET0 PIOc_sync Enter - MemInfo: [malloc] Total free space:                             117792 Byte
20220313 002224.043 INFO             PET0 PIOc_sync Enter - MemInfo: [malloc] Top-most, releasable space:                   117792 Byte
20220313 002224.043 INFO             PET0 PIOc_sync Enter - MemInfo: [malloc] Total space in use, mmap + non-mmap:        17245152 Byte
20220313 002224.043 INFO             PET0 PIOc_sync Enter - MemInfo: [malloc] Total space held (mmap + non-mmap):         17362944 Byte
20220313 002224.043 INFO             PET0 PIOc_sync Enter - MemInfo: [malloc] Total space used (mmap + non-mmap):         17253472 Byte
20220313 002224.043 INFO             PET0 PIOc_sync Enter - MemInfo: Wall-clock time since execution start:              0.0581179 seconds
20220313 002224.043 INFO             PET0 PIOc_sync Exit - MemInfo: [/proc/meminfo - SSI]	MemTotal:       65855856 kB
20220313 002224.043 INFO             PET0 PIOc_sync Exit - MemInfo: [/proc/meminfo - SSI]	MemFree:        61161784 kB
20220313 002224.043 INFO             PET0 PIOc_sync Exit - MemInfo: [/proc/meminfo - SSI]	MemAvailable:   60960180 kB
20220313 002224.043 INFO             PET0 PIOc_sync Exit - MemInfo: [/proc/meminfo - SSI]	Committed_AS:    2903536 kB
20220313 002224.043 INFO             PET0 PIOc_sync Exit - MemInfo: [/proc/meminfo - SSI]	CommittedPercent: 4.40893 %
20220313 002224.043 INFO             PET0 PIOc_sync Exit - MemInfo: [/proc/self/status]	VmPeak:	  254580 kB
20220313 002224.043 INFO             PET0 PIOc_sync Exit - MemInfo: [/proc/self/status]	VmSize:	  254580 kB
20220313 002224.043 INFO             PET0 PIOc_sync Exit - MemInfo: [/proc/self/status]	VmLck:	       0 kB
20220313 002224.043 INFO             PET0 PIOc_sync Exit - MemInfo: [/proc/self/status]	VmPin:	       0 kB
20220313 002224.043 INFO             PET0 PIOc_sync Exit - MemInfo: [/proc/self/status]	VmHWM:	   47436 kB
20220313 002224.043 INFO             PET0 PIOc_sync Exit - MemInfo: [/proc/self/status]	VmRSS:	   47436 kB
20220313 002224.043 INFO             PET0 PIOc_sync Exit - MemInfo: [/proc/self/status]	VmData:	   37752 kB
20220313 002224.043 INFO             PET0 PIOc_sync Exit - MemInfo: [/proc/self/status]	VmStk:	     508 kB
20220313 002224.043 INFO             PET0 PIOc_sync Exit - MemInfo: [/proc/self/status]	VmExe:	     888 kB
20220313 002224.043 INFO             PET0 PIOc_sync Exit - MemInfo: [/proc/self/status]	VmLib:	  133788 kB
20220313 002224.043 INFO             PET0 PIOc_sync Exit - MemInfo: [/proc/self/status]	VmPTE:	     420 kB
20220313 002224.043 INFO             PET0 PIOc_sync Exit - MemInfo: [/proc/self/status]	VmPMD:	      12 kB
20220313 002224.043 INFO             PET0 PIOc_sync Exit - MemInfo: [/proc/self/status]	VmSwap:	       0 kB
20220313 002224.043 INFO             PET0 PIOc_sync Exit - MemInfo: [/proc/self/status]	VmRSSPercent: 0.07203 %
20220313 002224.043 INFO             PET0 PIOc_sync Exit - MemInfo: [malloc] Non-mmapped space allocated:                10240000 Byte
20220313 002224.043 INFO             PET0 PIOc_sync Exit - MemInfo: [malloc] Space allocated in mmapped regions:          7122944 Byte
20220313 002224.043 INFO             PET0 PIOc_sync Exit - MemInfo: [malloc] Maximum total allocated space:                     0 Byte
20220313 002224.043 INFO             PET0 PIOc_sync Exit - MemInfo: [malloc] Space in freed fastbin blocks:                     0 Byte
20220313 002224.043 INFO             PET0 PIOc_sync Exit - MemInfo: [malloc] Total allocated space:                      10122832 Byte
20220313 002224.043 INFO             PET0 PIOc_sync Exit - MemInfo: [malloc] Total free space:                             117168 Byte
20220313 002224.043 INFO             PET0 PIOc_sync Exit - MemInfo: [malloc] Top-most, releasable space:                   117104 Byte
20220313 002224.043 INFO             PET0 PIOc_sync Exit - MemInfo: [malloc] Total space in use, mmap + non-mmap:        17245776 Byte
20220313 002224.043 INFO             PET0 PIOc_sync Exit - MemInfo: [malloc] Total space held (mmap + non-mmap):         17362944 Byte
20220313 002224.043 INFO             PET0 PIOc_sync Exit - MemInfo: [malloc] Total space used (mmap + non-mmap):         17254096 Byte
20220313 002224.043 INFO             PET0 PIOc_sync Exit - MemInfo: Wall-clock time since execution start:              0.0585949 seconds
20220313 002224.043 INFO             PET0 PIOc_freedecomp Enter - MemInfo: [/proc/meminfo - SSI]	MemTotal:       65855856 kB
20220313 002224.043 INFO             PET0 PIOc_freedecomp Enter - MemInfo: [/proc/meminfo - SSI]	MemFree:        61161784 kB
20220313 002224.043 INFO             PET0 PIOc_freedecomp Enter - MemInfo: [/proc/meminfo - SSI]	MemAvailable:   60960180 kB
20220313 002224.043 INFO             PET0 PIOc_freedecomp Enter - MemInfo: [/proc/meminfo - SSI]	Committed_AS:    2903536 kB
20220313 002224.043 INFO             PET0 PIOc_freedecomp Enter - MemInfo: [/proc/meminfo - SSI]	CommittedPercent: 4.40893 %
20220313 002224.043 INFO             PET0 PIOc_freedecomp Enter - MemInfo: [/proc/self/status]	VmPeak:	  254580 kB
20220313 002224.043 INFO             PET0 PIOc_freedecomp Enter - MemInfo: [/proc/self/status]	VmSize:	  254580 kB
20220313 002224.043 INFO             PET0 PIOc_freedecomp Enter - MemInfo: [/proc/self/status]	VmLck:	       0 kB
20220313 002224.043 INFO             PET0 PIOc_freedecomp Enter - MemInfo: [/proc/self/status]	VmPin:	       0 kB
20220313 002224.043 INFO             PET0 PIOc_freedecomp Enter - MemInfo: [/proc/self/status]	VmHWM:	   47436 kB
20220313 002224.043 INFO             PET0 PIOc_freedecomp Enter - MemInfo: [/proc/self/status]	VmRSS:	   47436 kB
20220313 002224.043 INFO             PET0 PIOc_freedecomp Enter - MemInfo: [/proc/self/status]	VmData:	   37752 kB
20220313 002224.043 INFO             PET0 PIOc_freedecomp Enter - MemInfo: [/proc/self/status]	VmStk:	     508 kB
20220313 002224.043 INFO             PET0 PIOc_freedecomp Enter - MemInfo: [/proc/self/status]	VmExe:	     888 kB
20220313 002224.043 INFO             PET0 PIOc_freedecomp Enter - MemInfo: [/proc/self/status]	VmLib:	  133788 kB
20220313 002224.043 INFO             PET0 PIOc_freedecomp Enter - MemInfo: [/proc/self/status]	VmPTE:	     420 kB
20220313 002224.043 INFO             PET0 PIOc_freedecomp Enter - MemInfo: [/proc/self/status]	VmPMD:	      12 kB
20220313 002224.043 INFO             PET0 PIOc_freedecomp Enter - MemInfo: [/proc/self/status]	VmSwap:	       0 kB
20220313 002224.044 INFO             PET0 PIOc_freedecomp Enter - MemInfo: [/proc/self/status]	VmRSSPercent: 0.07203 %
20220313 002224.044 INFO             PET0 PIOc_freedecomp Enter - MemInfo: [malloc] Non-mmapped space allocated:                10240000 Byte
20220313 002224.044 INFO             PET0 PIOc_freedecomp Enter - MemInfo: [malloc] Space allocated in mmapped regions:          7122944 Byte
20220313 002224.044 INFO             PET0 PIOc_freedecomp Enter - MemInfo: [malloc] Maximum total allocated space:                     0 Byte
20220313 002224.044 INFO             PET0 PIOc_freedecomp Enter - MemInfo: [malloc] Space in freed fastbin blocks:                   192 Byte
20220313 002224.044 INFO             PET0 PIOc_freedecomp Enter - MemInfo: [malloc] Total allocated space:                       1198592 Byte
20220313 002224.044 INFO             PET0 PIOc_freedecomp Enter - MemInfo: [malloc] Total free space:                            9041408 Byte
20220313 002224.044 INFO             PET0 PIOc_freedecomp Enter - MemInfo: [malloc] Top-most, releasable space:                   116768 Byte
20220313 002224.044 INFO             PET0 PIOc_freedecomp Enter - MemInfo: [malloc] Total space in use, mmap + non-mmap:         8321536 Byte
20220313 002224.044 INFO             PET0 PIOc_freedecomp Enter - MemInfo: [malloc] Total space held (mmap + non-mmap):         17362944 Byte
20220313 002224.044 INFO             PET0 PIOc_freedecomp Enter - MemInfo: [malloc] Total space used (mmap + non-mmap):          8329744 Byte
20220313 002224.044 INFO             PET0 PIOc_freedecomp Enter - MemInfo: Wall-clock time since execution start:              0.0591929 seconds
20220313 002224.044 INFO             PET0 PIOc_freedecomp Exit - MemInfo: [/proc/meminfo - SSI]	MemTotal:       65855856 kB
20220313 002224.044 INFO             PET0 PIOc_freedecomp Exit - MemInfo: [/proc/meminfo - SSI]	MemFree:        61161784 kB
20220313 002224.044 INFO             PET0 PIOc_freedecomp Exit - MemInfo: [/proc/meminfo - SSI]	MemAvailable:   60960180 kB
20220313 002224.044 INFO             PET0 PIOc_freedecomp Exit - MemInfo: [/proc/meminfo - SSI]	Committed_AS:    2903536 kB
20220313 002224.044 INFO             PET0 PIOc_freedecomp Exit - MemInfo: [/proc/meminfo - SSI]	CommittedPercent: 4.40893 %
20220313 002224.044 INFO             PET0 PIOc_freedecomp Exit - MemInfo: [/proc/self/status]	VmPeak:	  254580 kB
20220313 002224.044 INFO             PET0 PIOc_freedecomp Exit - MemInfo: [/proc/self/status]	VmSize:	  254580 kB
20220313 002224.044 INFO             PET0 PIOc_freedecomp Exit - MemInfo: [/proc/self/status]	VmLck:	       0 kB
20220313 002224.044 INFO             PET0 PIOc_freedecomp Exit - MemInfo: [/proc/self/status]	VmPin:	       0 kB
20220313 002224.044 INFO             PET0 PIOc_freedecomp Exit - MemInfo: [/proc/self/status]	VmHWM:	   47436 kB
20220313 002224.044 INFO             PET0 PIOc_freedecomp Exit - MemInfo: [/proc/self/status]	VmRSS:	   47436 kB
20220313 002224.044 INFO             PET0 PIOc_freedecomp Exit - MemInfo: [/proc/self/status]	VmData:	   37752 kB
20220313 002224.044 INFO             PET0 PIOc_freedecomp Exit - MemInfo: [/proc/self/status]	VmStk:	     508 kB
20220313 002224.044 INFO             PET0 PIOc_freedecomp Exit - MemInfo: [/proc/self/status]	VmExe:	     888 kB
20220313 002224.044 INFO             PET0 PIOc_freedecomp Exit - MemInfo: [/proc/self/status]	VmLib:	  133788 kB
20220313 002224.044 INFO             PET0 PIOc_freedecomp Exit - MemInfo: [/proc/self/status]	VmPTE:	     420 kB
20220313 002224.044 INFO             PET0 PIOc_freedecomp Exit - MemInfo: [/proc/self/status]	VmPMD:	      12 kB
20220313 002224.044 INFO             PET0 PIOc_freedecomp Exit - MemInfo: [/proc/self/status]	VmSwap:	       0 kB
20220313 002224.044 INFO             PET0 PIOc_freedecomp Exit - MemInfo: [/proc/self/status]	VmRSSPercent: 0.07203 %
20220313 002224.044 INFO             PET0 PIOc_freedecomp Exit - MemInfo: [malloc] Non-mmapped space allocated:                10240000 Byte
20220313 002224.044 INFO             PET0 PIOc_freedecomp Exit - MemInfo: [malloc] Space allocated in mmapped regions:          7122944 Byte
20220313 002224.044 INFO             PET0 PIOc_freedecomp Exit - MemInfo: [malloc] Maximum total allocated space:                     0 Byte
20220313 002224.044 INFO             PET0 PIOc_freedecomp Exit - MemInfo: [malloc] Space in freed fastbin blocks:                   896 Byte
20220313 002224.044 INFO             PET0 PIOc_freedecomp Exit - MemInfo: [malloc] Total allocated space:                       1197696 Byte
20220313 002224.044 INFO             PET0 PIOc_freedecomp Exit - MemInfo: [malloc] Total free space:                            9042304 Byte
20220313 002224.044 INFO             PET0 PIOc_freedecomp Exit - MemInfo: [malloc] Top-most, releasable space:                   116992 Byte
20220313 002224.044 INFO             PET0 PIOc_freedecomp Exit - MemInfo: [malloc] Total space in use, mmap + non-mmap:         8320640 Byte
20220313 002224.044 INFO             PET0 PIOc_freedecomp Exit - MemInfo: [malloc] Total space held (mmap + non-mmap):         17362944 Byte
20220313 002224.044 INFO             PET0 PIOc_freedecomp Exit - MemInfo: [malloc] Total space used (mmap + non-mmap):          8328848 Byte
20220313 002224.044 INFO             PET0 PIOc_freedecomp Exit - MemInfo: Wall-clock time since execution start:              0.0596359 seconds
20220313 002224.047 INFO             PET0 PIOc_sync Enter - MemInfo: [/proc/meminfo - SSI]	MemTotal:       65855856 kB
20220313 002224.047 INFO             PET0 PIOc_sync Enter - MemInfo: [/proc/meminfo - SSI]	MemFree:        61157248 kB
20220313 002224.047 INFO             PET0 PIOc_sync Enter - MemInfo: [/proc/meminfo - SSI]	MemAvailable:   60955644 kB
20220313 002224.047 INFO             PET0 PIOc_sync Enter - MemInfo: [/proc/meminfo - SSI]	Committed_AS:    2911744 kB
20220313 002224.047 INFO             PET0 PIOc_sync Enter - MemInfo: [/proc/meminfo - SSI]	CommittedPercent: 4.42139 %
20220313 002224.047 INFO             PET0 PIOc_sync Enter - MemInfo: [/proc/self/status]	VmPeak:	  262788 kB
20220313 002224.047 INFO             PET0 PIOc_sync Enter - MemInfo: [/proc/self/status]	VmSize:	  262788 kB
20220313 002224.047 INFO             PET0 PIOc_sync Enter - MemInfo: [/proc/self/status]	VmLck:	       0 kB
20220313 002224.047 INFO             PET0 PIOc_sync Enter - MemInfo: [/proc/self/status]	VmPin:	       0 kB
20220313 002224.047 INFO             PET0 PIOc_sync Enter - MemInfo: [/proc/self/status]	VmHWM:	   51396 kB
20220313 002224.047 INFO             PET0 PIOc_sync Enter - MemInfo: [/proc/self/status]	VmRSS:	   51396 kB
20220313 002224.047 INFO             PET0 PIOc_sync Enter - MemInfo: [/proc/self/status]	VmData:	   45960 kB
20220313 002224.047 INFO             PET0 PIOc_sync Enter - MemInfo: [/proc/self/status]	VmStk:	     508 kB
20220313 002224.047 INFO             PET0 PIOc_sync Enter - MemInfo: [/proc/self/status]	VmExe:	     888 kB
20220313 002224.047 INFO             PET0 PIOc_sync Enter - MemInfo: [/proc/self/status]	VmLib:	  133788 kB
20220313 002224.047 INFO             PET0 PIOc_sync Enter - MemInfo: [/proc/self/status]	VmPTE:	     432 kB
20220313 002224.047 INFO             PET0 PIOc_sync Enter - MemInfo: [/proc/self/status]	VmPMD:	      12 kB
20220313 002224.047 INFO             PET0 PIOc_sync Enter - MemInfo: [/proc/self/status]	VmSwap:	       0 kB
20220313 002224.047 INFO             PET0 PIOc_sync Enter - MemInfo: [/proc/self/status]	VmRSSPercent: 0.0780432 %
20220313 002224.047 INFO             PET0 PIOc_sync Enter - MemInfo: [malloc] Non-mmapped space allocated:                18644992 Byte
20220313 002224.047 INFO             PET0 PIOc_sync Enter - MemInfo: [malloc] Space allocated in mmapped regions:          7122944 Byte
20220313 002224.047 INFO             PET0 PIOc_sync Enter - MemInfo: [malloc] Maximum total allocated space:                     0 Byte
20220313 002224.047 INFO             PET0 PIOc_sync Enter - MemInfo: [malloc] Space in freed fastbin blocks:                   672 Byte
20220313 002224.047 INFO             PET0 PIOc_sync Enter - MemInfo: [malloc] Total allocated space:                      10124384 Byte
20220313 002224.047 INFO             PET0 PIOc_sync Enter - MemInfo: [malloc] Total free space:                            8520608 Byte
20220313 002224.048 INFO             PET0 PIOc_sync Enter - MemInfo: [malloc] Top-most, releasable space:                   133360 Byte
20220313 002224.048 INFO             PET0 PIOc_sync Enter - MemInfo: [malloc] Total space in use, mmap + non-mmap:        17247328 Byte
20220313 002224.048 INFO             PET0 PIOc_sync Enter - MemInfo: [malloc] Total space held (mmap + non-mmap):         25767936 Byte
20220313 002224.048 INFO             PET0 PIOc_sync Enter - MemInfo: [malloc] Total space used (mmap + non-mmap):         17255648 Byte
20220313 002224.048 INFO             PET0 PIOc_sync Enter - MemInfo: Wall-clock time since execution start:               0.063071 seconds
20220313 002224.048 INFO             PET0 PIOc_sync Exit - MemInfo: [/proc/meminfo - SSI]	MemTotal:       65855856 kB
20220313 002224.048 INFO             PET0 PIOc_sync Exit - MemInfo: [/proc/meminfo - SSI]	MemFree:        61157248 kB
20220313 002224.048 INFO             PET0 PIOc_sync Exit - MemInfo: [/proc/meminfo - SSI]	MemAvailable:   60955644 kB
20220313 002224.048 INFO             PET0 PIOc_sync Exit - MemInfo: [/proc/meminfo - SSI]	Committed_AS:    2911744 kB
20220313 002224.048 INFO             PET0 PIOc_sync Exit - MemInfo: [/proc/meminfo - SSI]	CommittedPercent: 4.42139 %
20220313 002224.048 INFO             PET0 PIOc_sync Exit - MemInfo: [/proc/self/status]	VmPeak:	  262788 kB
20220313 002224.048 INFO             PET0 PIOc_sync Exit - MemInfo: [/proc/self/status]	VmSize:	  262788 kB
20220313 002224.048 INFO             PET0 PIOc_sync Exit - MemInfo: [/proc/self/status]	VmLck:	       0 kB
20220313 002224.048 INFO             PET0 PIOc_sync Exit - MemInfo: [/proc/self/status]	VmPin:	       0 kB
20220313 002224.048 INFO             PET0 PIOc_sync Exit - MemInfo: [/proc/self/status]	VmHWM:	   51396 kB
20220313 002224.048 INFO             PET0 PIOc_sync Exit - MemInfo: [/proc/self/status]	VmRSS:	   51396 kB
20220313 002224.048 INFO             PET0 PIOc_sync Exit - MemInfo: [/proc/self/status]	VmData:	   45960 kB
20220313 002224.048 INFO             PET0 PIOc_sync Exit - MemInfo: [/proc/self/status]	VmStk:	     508 kB
20220313 002224.048 INFO             PET0 PIOc_sync Exit - MemInfo: [/proc/self/status]	VmExe:	     888 kB
20220313 002224.048 INFO             PET0 PIOc_sync Exit - MemInfo: [/proc/self/status]	VmLib:	  133788 kB
20220313 002224.048 INFO             PET0 PIOc_sync Exit - MemInfo: [/proc/self/status]	VmPTE:	     432 kB
20220313 002224.048 INFO             PET0 PIOc_sync Exit - MemInfo: [/proc/self/status]	VmPMD:	      12 kB
20220313 002224.048 INFO             PET0 PIOc_sync Exit - MemInfo: [/proc/self/status]	VmSwap:	       0 kB
20220313 002224.048 INFO             PET0 PIOc_sync Exit - MemInfo: [/proc/self/status]	VmRSSPercent: 0.0780432 %
20220313 002224.048 INFO             PET0 PIOc_sync Exit - MemInfo: [malloc] Non-mmapped space allocated:                18644992 Byte
20220313 002224.048 INFO             PET0 PIOc_sync Exit - MemInfo: [malloc] Space allocated in mmapped regions:          7122944 Byte
20220313 002224.048 INFO             PET0 PIOc_sync Exit - MemInfo: [malloc] Maximum total allocated space:                     0 Byte
20220313 002224.048 INFO             PET0 PIOc_sync Exit - MemInfo: [malloc] Space in freed fastbin blocks:                     0 Byte
20220313 002224.048 INFO             PET0 PIOc_sync Exit - MemInfo: [malloc] Total allocated space:                      10124864 Byte
20220313 002224.048 INFO             PET0 PIOc_sync Exit - MemInfo: [malloc] Total free space:                            8520128 Byte
20220313 002224.048 INFO             PET0 PIOc_sync Exit - MemInfo: [malloc] Top-most, releasable space:                   133360 Byte
20220313 002224.048 INFO             PET0 PIOc_sync Exit - MemInfo: [malloc] Total space in use, mmap + non-mmap:        17247808 Byte
20220313 002224.048 INFO             PET0 PIOc_sync Exit - MemInfo: [malloc] Total space held (mmap + non-mmap):         25767936 Byte
20220313 002224.048 INFO             PET0 PIOc_sync Exit - MemInfo: [malloc] Total space used (mmap + non-mmap):         17256128 Byte
20220313 002224.048 INFO             PET0 PIOc_sync Exit - MemInfo: Wall-clock time since execution start:               0.063539 seconds
20220313 002224.048 INFO             PET0 PIOc_freedecomp Enter - MemInfo: [/proc/meminfo - SSI]	MemTotal:       65855856 kB
20220313 002224.048 INFO             PET0 PIOc_freedecomp Enter - MemInfo: [/proc/meminfo - SSI]	MemFree:        61157248 kB
20220313 002224.048 INFO             PET0 PIOc_freedecomp Enter - MemInfo: [/proc/meminfo - SSI]	MemAvailable:   60955644 kB
20220313 002224.048 INFO             PET0 PIOc_freedecomp Enter - MemInfo: [/proc/meminfo - SSI]	Committed_AS:    2911744 kB
20220313 002224.048 INFO             PET0 PIOc_freedecomp Enter - MemInfo: [/proc/meminfo - SSI]	CommittedPercent: 4.42139 %
20220313 002224.048 INFO             PET0 PIOc_freedecomp Enter - MemInfo: [/proc/self/status]	VmPeak:	  262788 kB
20220313 002224.048 INFO             PET0 PIOc_freedecomp Enter - MemInfo: [/proc/self/status]	VmSize:	  262788 kB
20220313 002224.048 INFO             PET0 PIOc_freedecomp Enter - MemInfo: [/proc/self/status]	VmLck:	       0 kB
20220313 002224.048 INFO             PET0 PIOc_freedecomp Enter - MemInfo: [/proc/self/status]	VmPin:	       0 kB
20220313 002224.048 INFO             PET0 PIOc_freedecomp Enter - MemInfo: [/proc/self/status]	VmHWM:	   51396 kB
20220313 002224.048 INFO             PET0 PIOc_freedecomp Enter - MemInfo: [/proc/self/status]	VmRSS:	   51396 kB
20220313 002224.048 INFO             PET0 PIOc_freedecomp Enter - MemInfo: [/proc/self/status]	VmData:	   45960 kB
20220313 002224.048 INFO             PET0 PIOc_freedecomp Enter - MemInfo: [/proc/self/status]	VmStk:	     508 kB
20220313 002224.048 INFO             PET0 PIOc_freedecomp Enter - MemInfo: [/proc/self/status]	VmExe:	     888 kB
20220313 002224.048 INFO             PET0 PIOc_freedecomp Enter - MemInfo: [/proc/self/status]	VmLib:	  133788 kB
20220313 002224.048 INFO             PET0 PIOc_freedecomp Enter - MemInfo: [/proc/self/status]	VmPTE:	     432 kB
20220313 002224.048 INFO             PET0 PIOc_freedecomp Enter - MemInfo: [/proc/self/status]	VmPMD:	      12 kB
20220313 002224.048 INFO             PET0 PIOc_freedecomp Enter - MemInfo: [/proc/self/status]	VmSwap:	       0 kB
20220313 002224.048 INFO             PET0 PIOc_freedecomp Enter - MemInfo: [/proc/self/status]	VmRSSPercent: 0.0780432 %
20220313 002224.048 INFO             PET0 PIOc_freedecomp Enter - MemInfo: [malloc] Non-mmapped space allocated:                18644992 Byte
20220313 002224.048 INFO             PET0 PIOc_freedecomp Enter - MemInfo: [malloc] Space allocated in mmapped regions:          7122944 Byte
20220313 002224.048 INFO             PET0 PIOc_freedecomp Enter - MemInfo: [malloc] Maximum total allocated space:                     0 Byte
20220313 002224.049 INFO             PET0 PIOc_freedecomp Enter - MemInfo: [malloc] Space in freed fastbin blocks:                   272 Byte
20220313 002224.049 INFO             PET0 PIOc_freedecomp Enter - MemInfo: [malloc] Total allocated space:                       1199968 Byte
20220313 002224.049 INFO             PET0 PIOc_freedecomp Enter - MemInfo: [malloc] Total free space:                           17445024 Byte
20220313 002224.049 INFO             PET0 PIOc_freedecomp Enter - MemInfo: [malloc] Top-most, releasable space:                  8521984 Byte
20220313 002224.049 INFO             PET0 PIOc_freedecomp Enter - MemInfo: [malloc] Total space in use, mmap + non-mmap:         8322912 Byte
20220313 002224.049 INFO             PET0 PIOc_freedecomp Enter - MemInfo: [malloc] Total space held (mmap + non-mmap):         25767936 Byte
20220313 002224.049 INFO             PET0 PIOc_freedecomp Enter - MemInfo: [malloc] Total space used (mmap + non-mmap):          8331120 Byte
20220313 002224.049 INFO             PET0 PIOc_freedecomp Enter - MemInfo: Wall-clock time since execution start:              0.0640979 seconds
20220313 002224.049 INFO             PET0 PIOc_freedecomp Exit - MemInfo: [/proc/meminfo - SSI]	MemTotal:       65855856 kB
20220313 002224.049 INFO             PET0 PIOc_freedecomp Exit - MemInfo: [/proc/meminfo - SSI]	MemFree:        61157248 kB
20220313 002224.049 INFO             PET0 PIOc_freedecomp Exit - MemInfo: [/proc/meminfo - SSI]	MemAvailable:   60955644 kB
20220313 002224.049 INFO             PET0 PIOc_freedecomp Exit - MemInfo: [/proc/meminfo - SSI]	Committed_AS:    2911744 kB
20220313 002224.049 INFO             PET0 PIOc_freedecomp Exit - MemInfo: [/proc/meminfo - SSI]	CommittedPercent: 4.42139 %
20220313 002224.049 INFO             PET0 PIOc_freedecomp Exit - MemInfo: [/proc/self/status]	VmPeak:	  262788 kB
20220313 002224.049 INFO             PET0 PIOc_freedecomp Exit - MemInfo: [/proc/self/status]	VmSize:	  262788 kB
20220313 002224.049 INFO             PET0 PIOc_freedecomp Exit - MemInfo: [/proc/self/status]	VmLck:	       0 kB
20220313 002224.049 INFO             PET0 PIOc_freedecomp Exit - MemInfo: [/proc/self/status]	VmPin:	       0 kB
20220313 002224.049 INFO             PET0 PIOc_freedecomp Exit - MemInfo: [/proc/self/status]	VmHWM:	   51396 kB
20220313 002224.049 INFO             PET0 PIOc_freedecomp Exit - MemInfo: [/proc/self/status]	VmRSS:	   51396 kB
20220313 002224.049 INFO             PET0 PIOc_freedecomp Exit - MemInfo: [/proc/self/status]	VmData:	   45960 kB
20220313 002224.049 INFO             PET0 PIOc_freedecomp Exit - MemInfo: [/proc/self/status]	VmStk:	     508 kB
20220313 002224.049 INFO             PET0 PIOc_freedecomp Exit - MemInfo: [/proc/self/status]	VmExe:	     888 kB
20220313 002224.049 INFO             PET0 PIOc_freedecomp Exit - MemInfo: [/proc/self/status]	VmLib:	  133788 kB
20220313 002224.049 INFO             PET0 PIOc_freedecomp Exit - MemInfo: [/proc/self/status]	VmPTE:	     432 kB
20220313 002224.049 INFO             PET0 PIOc_freedecomp Exit - MemInfo: [/proc/self/status]	VmPMD:	      12 kB
20220313 002224.049 INFO             PET0 PIOc_freedecomp Exit - MemInfo: [/proc/self/status]	VmSwap:	       0 kB
20220313 002224.049 INFO             PET0 PIOc_freedecomp Exit - MemInfo: [/proc/self/status]	VmRSSPercent: 0.0780432 %
20220313 002224.049 INFO             PET0 PIOc_freedecomp Exit - MemInfo: [malloc] Non-mmapped space allocated:                18644992 Byte
20220313 002224.049 INFO             PET0 PIOc_freedecomp Exit - MemInfo: [malloc] Space allocated in mmapped regions:          7122944 Byte
20220313 002224.049 INFO             PET0 PIOc_freedecomp Exit - MemInfo: [malloc] Maximum total allocated space:                     0 Byte
20220313 002224.049 INFO             PET0 PIOc_freedecomp Exit - MemInfo: [malloc] Space in freed fastbin blocks:                   944 Byte
20220313 002224.049 INFO             PET0 PIOc_freedecomp Exit - MemInfo: [malloc] Total allocated space:                       1199024 Byte
20220313 002224.049 INFO             PET0 PIOc_freedecomp Exit - MemInfo: [malloc] Total free space:                           17445968 Byte
20220313 002224.049 INFO             PET0 PIOc_freedecomp Exit - MemInfo: [malloc] Top-most, releasable space:                  8521984 Byte
20220313 002224.049 INFO             PET0 PIOc_freedecomp Exit - MemInfo: [malloc] Total space in use, mmap + non-mmap:         8321968 Byte
20220313 002224.049 INFO             PET0 PIOc_freedecomp Exit - MemInfo: [malloc] Total space held (mmap + non-mmap):         25767936 Byte
20220313 002224.049 INFO             PET0 PIOc_freedecomp Exit - MemInfo: [malloc] Total space used (mmap + non-mmap):          8330176 Byte
20220313 002224.049 INFO             PET0 PIOc_freedecomp Exit - MemInfo: Wall-clock time since execution start:              0.0645549 seconds
20220313 002224.050 INFO             PET0 PIOc_sync Enter - MemInfo: [/proc/meminfo - SSI]	MemTotal:       65855856 kB
20220313 002224.050 INFO             PET0 PIOc_sync Enter - MemInfo: [/proc/meminfo - SSI]	MemFree:        61157248 kB
20220313 002224.050 INFO             PET0 PIOc_sync Enter - MemInfo: [/proc/meminfo - SSI]	MemAvailable:   60955644 kB
20220313 002224.050 INFO             PET0 PIOc_sync Enter - MemInfo: [/proc/meminfo - SSI]	Committed_AS:    2911744 kB
20220313 002224.050 INFO             PET0 PIOc_sync Enter - MemInfo: [/proc/meminfo - SSI]	CommittedPercent: 4.42139 %
20220313 002224.050 INFO             PET0 PIOc_sync Enter - MemInfo: [/proc/self/status]	VmPeak:	  262788 kB
20220313 002224.050 INFO             PET0 PIOc_sync Enter - MemInfo: [/proc/self/status]	VmSize:	  262788 kB
20220313 002224.050 INFO             PET0 PIOc_sync Enter - MemInfo: [/proc/self/status]	VmLck:	       0 kB
20220313 002224.050 INFO             PET0 PIOc_sync Enter - MemInfo: [/proc/self/status]	VmPin:	       0 kB
20220313 002224.050 INFO             PET0 PIOc_sync Enter - MemInfo: [/proc/self/status]	VmHWM:	   51396 kB
20220313 002224.050 INFO             PET0 PIOc_sync Enter - MemInfo: [/proc/self/status]	VmRSS:	   51396 kB
20220313 002224.050 INFO             PET0 PIOc_sync Enter - MemInfo: [/proc/self/status]	VmData:	   45960 kB
20220313 002224.050 INFO             PET0 PIOc_sync Enter - MemInfo: [/proc/self/status]	VmStk:	     508 kB
20220313 002224.050 INFO             PET0 PIOc_sync Enter - MemInfo: [/proc/self/status]	VmExe:	     888 kB
20220313 002224.050 INFO             PET0 PIOc_sync Enter - MemInfo: [/proc/self/status]	VmLib:	  133788 kB
20220313 002224.050 INFO             PET0 PIOc_sync Enter - MemInfo: [/proc/self/status]	VmPTE:	     432 kB
20220313 002224.050 INFO             PET0 PIOc_sync Enter - MemInfo: [/proc/self/status]	VmPMD:	      12 kB
20220313 002224.050 INFO             PET0 PIOc_sync Enter - MemInfo: [/proc/self/status]	VmSwap:	       0 kB
20220313 002224.051 INFO             PET0 PIOc_sync Enter - MemInfo: [/proc/self/status]	VmRSSPercent: 0.0780432 %
20220313 002224.051 INFO             PET0 PIOc_sync Enter - MemInfo: [malloc] Non-mmapped space allocated:                18644992 Byte
20220313 002224.051 INFO             PET0 PIOc_sync Enter - MemInfo: [malloc] Space allocated in mmapped regions:          7122944 Byte
20220313 002224.051 INFO             PET0 PIOc_sync Enter - MemInfo: [malloc] Maximum total allocated space:                     0 Byte
20220313 002224.051 INFO             PET0 PIOc_sync Enter - MemInfo: [malloc] Space in freed fastbin blocks:                  1104 Byte
20220313 002224.051 INFO             PET0 PIOc_sync Enter - MemInfo: [malloc] Total allocated space:                      10126336 Byte
20220313 002224.051 INFO             PET0 PIOc_sync Enter - MemInfo: [malloc] Total free space:                            8518656 Byte
20220313 002224.051 INFO             PET0 PIOc_sync Enter - MemInfo: [malloc] Top-most, releasable space:                   133360 Byte
20220313 002224.051 INFO             PET0 PIOc_sync Enter - MemInfo: [malloc] Total space in use, mmap + non-mmap:        17249280 Byte
20220313 002224.051 INFO             PET0 PIOc_sync Enter - MemInfo: [malloc] Total space held (mmap + non-mmap):         25767936 Byte
20220313 002224.051 INFO             PET0 PIOc_sync Enter - MemInfo: [malloc] Total space used (mmap + non-mmap):         17257488 Byte
20220313 002224.051 INFO             PET0 PIOc_sync Enter - MemInfo: Wall-clock time since execution start:              0.0661578 seconds
20220313 002224.051 INFO             PET0 PIOc_sync Exit - MemInfo: [/proc/meminfo - SSI]	MemTotal:       65855856 kB
20220313 002224.051 INFO             PET0 PIOc_sync Exit - MemInfo: [/proc/meminfo - SSI]	MemFree:        61157248 kB
20220313 002224.051 INFO             PET0 PIOc_sync Exit - MemInfo: [/proc/meminfo - SSI]	MemAvailable:   60955644 kB
20220313 002224.051 INFO             PET0 PIOc_sync Exit - MemInfo: [/proc/meminfo - SSI]	Committed_AS:    2911744 kB
20220313 002224.051 INFO             PET0 PIOc_sync Exit - MemInfo: [/proc/meminfo - SSI]	CommittedPercent: 4.42139 %
20220313 002224.051 INFO             PET0 PIOc_sync Exit - MemInfo: [/proc/self/status]	VmPeak:	  262788 kB
20220313 002224.051 INFO             PET0 PIOc_sync Exit - MemInfo: [/proc/self/status]	VmSize:	  262788 kB
20220313 002224.051 INFO             PET0 PIOc_sync Exit - MemInfo: [/proc/self/status]	VmLck:	       0 kB
20220313 002224.051 INFO             PET0 PIOc_sync Exit - MemInfo: [/proc/self/status]	VmPin:	       0 kB
20220313 002224.051 INFO             PET0 PIOc_sync Exit - MemInfo: [/proc/self/status]	VmHWM:	   51396 kB
20220313 002224.051 INFO             PET0 PIOc_sync Exit - MemInfo: [/proc/self/status]	VmRSS:	   51396 kB
20220313 002224.051 INFO             PET0 PIOc_sync Exit - MemInfo: [/proc/self/status]	VmData:	   45960 kB
20220313 002224.051 INFO             PET0 PIOc_sync Exit - MemInfo: [/proc/self/status]	VmStk:	     508 kB
20220313 002224.051 INFO             PET0 PIOc_sync Exit - MemInfo: [/proc/self/status]	VmExe:	     888 kB
20220313 002224.051 INFO             PET0 PIOc_sync Exit - MemInfo: [/proc/self/status]	VmLib:	  133788 kB
20220313 002224.051 INFO             PET0 PIOc_sync Exit - MemInfo: [/proc/self/status]	VmPTE:	     432 kB
20220313 002224.051 INFO             PET0 PIOc_sync Exit - MemInfo: [/proc/self/status]	VmPMD:	      12 kB
20220313 002224.051 INFO             PET0 PIOc_sync Exit - MemInfo: [/proc/self/status]	VmSwap:	       0 kB
20220313 002224.051 INFO             PET0 PIOc_sync Exit - MemInfo: [/proc/self/status]	VmRSSPercent: 0.0780432 %
20220313 002224.051 INFO             PET0 PIOc_sync Exit - MemInfo: [malloc] Non-mmapped space allocated:                18644992 Byte
20220313 002224.051 INFO             PET0 PIOc_sync Exit - MemInfo: [malloc] Space allocated in mmapped regions:          7122944 Byte
20220313 002224.051 INFO             PET0 PIOc_sync Exit - MemInfo: [malloc] Maximum total allocated space:                     0 Byte
20220313 002224.051 INFO             PET0 PIOc_sync Exit - MemInfo: [malloc] Space in freed fastbin blocks:                     0 Byte
20220313 002224.051 INFO             PET0 PIOc_sync Exit - MemInfo: [malloc] Total allocated space:                      10126608 Byte
20220313 002224.051 INFO             PET0 PIOc_sync Exit - MemInfo: [malloc] Total free space:                            8518384 Byte
20220313 002224.051 INFO             PET0 PIOc_sync Exit - MemInfo: [malloc] Top-most, releasable space:                   133360 Byte
20220313 002224.051 INFO             PET0 PIOc_sync Exit - MemInfo: [malloc] Total space in use, mmap + non-mmap:        17249552 Byte
20220313 002224.051 INFO             PET0 PIOc_sync Exit - MemInfo: [malloc] Total space held (mmap + non-mmap):         25767936 Byte
20220313 002224.051 INFO             PET0 PIOc_sync Exit - MemInfo: [malloc] Total space used (mmap + non-mmap):         17257872 Byte
20220313 002224.051 INFO             PET0 PIOc_sync Exit - MemInfo: Wall-clock time since execution start:              0.0666339 seconds
20220313 002224.051 INFO             PET0 PIOc_freedecomp Enter - MemInfo: [/proc/meminfo - SSI]	MemTotal:       65855856 kB
20220313 002224.051 INFO             PET0 PIOc_freedecomp Enter - MemInfo: [/proc/meminfo - SSI]	MemFree:        61157248 kB
20220313 002224.051 INFO             PET0 PIOc_freedecomp Enter - MemInfo: [/proc/meminfo - SSI]	MemAvailable:   60955644 kB
20220313 002224.051 INFO             PET0 PIOc_freedecomp Enter - MemInfo: [/proc/meminfo - SSI]	Committed_AS:    2911744 kB
20220313 002224.051 INFO             PET0 PIOc_freedecomp Enter - MemInfo: [/proc/meminfo - SSI]	CommittedPercent: 4.42139 %
20220313 002224.051 INFO             PET0 PIOc_freedecomp Enter - MemInfo: [/proc/self/status]	VmPeak:	  262788 kB
20220313 002224.051 INFO             PET0 PIOc_freedecomp Enter - MemInfo: [/proc/self/status]	VmSize:	  262788 kB
20220313 002224.051 INFO             PET0 PIOc_freedecomp Enter - MemInfo: [/proc/self/status]	VmLck:	       0 kB
20220313 002224.051 INFO             PET0 PIOc_freedecomp Enter - MemInfo: [/proc/self/status]	VmPin:	       0 kB
20220313 002224.051 INFO             PET0 PIOc_freedecomp Enter - MemInfo: [/proc/self/status]	VmHWM:	   51396 kB
20220313 002224.051 INFO             PET0 PIOc_freedecomp Enter - MemInfo: [/proc/self/status]	VmRSS:	   51396 kB
20220313 002224.051 INFO             PET0 PIOc_freedecomp Enter - MemInfo: [/proc/self/status]	VmData:	   45960 kB
20220313 002224.052 INFO             PET0 PIOc_freedecomp Enter - MemInfo: [/proc/self/status]	VmStk:	     508 kB
20220313 002224.052 INFO             PET0 PIOc_freedecomp Enter - MemInfo: [/proc/self/status]	VmExe:	     888 kB
20220313 002224.052 INFO             PET0 PIOc_freedecomp Enter - MemInfo: [/proc/self/status]	VmLib:	  133788 kB
20220313 002224.052 INFO             PET0 PIOc_freedecomp Enter - MemInfo: [/proc/self/status]	VmPTE:	     432 kB
20220313 002224.052 INFO             PET0 PIOc_freedecomp Enter - MemInfo: [/proc/self/status]	VmPMD:	      12 kB
20220313 002224.052 INFO             PET0 PIOc_freedecomp Enter - MemInfo: [/proc/self/status]	VmSwap:	       0 kB
20220313 002224.052 INFO             PET0 PIOc_freedecomp Enter - MemInfo: [/proc/self/status]	VmRSSPercent: 0.0780432 %
20220313 002224.052 INFO             PET0 PIOc_freedecomp Enter - MemInfo: [malloc] Non-mmapped space allocated:                18644992 Byte
20220313 002224.052 INFO             PET0 PIOc_freedecomp Enter - MemInfo: [malloc] Space allocated in mmapped regions:          7122944 Byte
20220313 002224.052 INFO             PET0 PIOc_freedecomp Enter - MemInfo: [malloc] Maximum total allocated space:                     0 Byte
20220313 002224.052 INFO             PET0 PIOc_freedecomp Enter - MemInfo: [malloc] Space in freed fastbin blocks:                   272 Byte
20220313 002224.052 INFO             PET0 PIOc_freedecomp Enter - MemInfo: [malloc] Total allocated space:                       1200720 Byte
20220313 002224.052 INFO             PET0 PIOc_freedecomp Enter - MemInfo: [malloc] Total free space:                           17444272 Byte
20220313 002224.052 INFO             PET0 PIOc_freedecomp Enter - MemInfo: [malloc] Top-most, releasable space:                  8521984 Byte
20220313 002224.052 INFO             PET0 PIOc_freedecomp Enter - MemInfo: [malloc] Total space in use, mmap + non-mmap:         8323664 Byte
20220313 002224.052 INFO             PET0 PIOc_freedecomp Enter - MemInfo: [malloc] Total space held (mmap + non-mmap):         25767936 Byte
20220313 002224.052 INFO             PET0 PIOc_freedecomp Enter - MemInfo: [malloc] Total space used (mmap + non-mmap):          8331872 Byte
20220313 002224.052 INFO             PET0 PIOc_freedecomp Enter - MemInfo: Wall-clock time since execution start:              0.0672529 seconds
20220313 002224.052 INFO             PET0 PIOc_freedecomp Exit - MemInfo: [/proc/meminfo - SSI]	MemTotal:       65855856 kB
20220313 002224.052 INFO             PET0 PIOc_freedecomp Exit - MemInfo: [/proc/meminfo - SSI]	MemFree:        61157248 kB
20220313 002224.052 INFO             PET0 PIOc_freedecomp Exit - MemInfo: [/proc/meminfo - SSI]	MemAvailable:   60955644 kB
20220313 002224.052 INFO             PET0 PIOc_freedecomp Exit - MemInfo: [/proc/meminfo - SSI]	Committed_AS:    2911744 kB
20220313 002224.052 INFO             PET0 PIOc_freedecomp Exit - MemInfo: [/proc/meminfo - SSI]	CommittedPercent: 4.42139 %
20220313 002224.052 INFO             PET0 PIOc_freedecomp Exit - MemInfo: [/proc/self/status]	VmPeak:	  262788 kB
20220313 002224.052 INFO             PET0 PIOc_freedecomp Exit - MemInfo: [/proc/self/status]	VmSize:	  262788 kB
20220313 002224.052 INFO             PET0 PIOc_freedecomp Exit - MemInfo: [/proc/self/status]	VmLck:	       0 kB
20220313 002224.052 INFO             PET0 PIOc_freedecomp Exit - MemInfo: [/proc/self/status]	VmPin:	       0 kB
20220313 002224.052 INFO             PET0 PIOc_freedecomp Exit - MemInfo: [/proc/self/status]	VmHWM:	   51396 kB
20220313 002224.052 INFO             PET0 PIOc_freedecomp Exit - MemInfo: [/proc/self/status]	VmRSS:	   51396 kB
20220313 002224.052 INFO             PET0 PIOc_freedecomp Exit - MemInfo: [/proc/self/status]	VmData:	   45960 kB
20220313 002224.052 INFO             PET0 PIOc_freedecomp Exit - MemInfo: [/proc/self/status]	VmStk:	     508 kB
20220313 002224.052 INFO             PET0 PIOc_freedecomp Exit - MemInfo: [/proc/self/status]	VmExe:	     888 kB
20220313 002224.052 INFO             PET0 PIOc_freedecomp Exit - MemInfo: [/proc/self/status]	VmLib:	  133788 kB
20220313 002224.052 INFO             PET0 PIOc_freedecomp Exit - MemInfo: [/proc/self/status]	VmPTE:	     432 kB
20220313 002224.052 INFO             PET0 PIOc_freedecomp Exit - MemInfo: [/proc/self/status]	VmPMD:	      12 kB
20220313 002224.052 INFO             PET0 PIOc_freedecomp Exit - MemInfo: [/proc/self/status]	VmSwap:	       0 kB
20220313 002224.052 INFO             PET0 PIOc_freedecomp Exit - MemInfo: [/proc/self/status]	VmRSSPercent: 0.0780432 %
20220313 002224.052 INFO             PET0 PIOc_freedecomp Exit - MemInfo: [malloc] Non-mmapped space allocated:                18644992 Byte
20220313 002224.052 INFO             PET0 PIOc_freedecomp Exit - MemInfo: [malloc] Space allocated in mmapped regions:          7122944 Byte
20220313 002224.052 INFO             PET0 PIOc_freedecomp Exit - MemInfo: [malloc] Maximum total allocated space:                     0 Byte
20220313 002224.052 INFO             PET0 PIOc_freedecomp Exit - MemInfo: [malloc] Space in freed fastbin blocks:                   928 Byte
20220313 002224.052 INFO             PET0 PIOc_freedecomp Exit - MemInfo: [malloc] Total allocated space:                       1199792 Byte
20220313 002224.052 INFO             PET0 PIOc_freedecomp Exit - MemInfo: [malloc] Total free space:                           17445200 Byte
20220313 002224.052 INFO             PET0 PIOc_freedecomp Exit - MemInfo: [malloc] Top-most, releasable space:                  8521984 Byte
20220313 002224.052 INFO             PET0 PIOc_freedecomp Exit - MemInfo: [malloc] Total space in use, mmap + non-mmap:         8322736 Byte
20220313 002224.052 INFO             PET0 PIOc_freedecomp Exit - MemInfo: [malloc] Total space held (mmap + non-mmap):         25767936 Byte
20220313 002224.052 INFO             PET0 PIOc_freedecomp Exit - MemInfo: [malloc] Total space used (mmap + non-mmap):          8330944 Byte
20220313 002224.052 INFO             PET0 PIOc_freedecomp Exit - MemInfo: Wall-clock time since execution start:              0.0677068 seconds
20220313 002224.053 INFO             PET0 PIOc_sync Enter - MemInfo: [/proc/meminfo - SSI]	MemTotal:       65855856 kB
20220313 002224.053 INFO             PET0 PIOc_sync Enter - MemInfo: [/proc/meminfo - SSI]	MemFree:        61157248 kB
20220313 002224.053 INFO             PET0 PIOc_sync Enter - MemInfo: [/proc/meminfo - SSI]	MemAvailable:   60955644 kB
20220313 002224.053 INFO             PET0 PIOc_sync Enter - MemInfo: [/proc/meminfo - SSI]	Committed_AS:    2911744 kB
20220313 002224.054 INFO             PET0 PIOc_sync Enter - MemInfo: [/proc/meminfo - SSI]	CommittedPercent: 4.42139 %
20220313 002224.054 INFO             PET0 PIOc_sync Enter - MemInfo: [/proc/self/status]	VmPeak:	  262788 kB
20220313 002224.054 INFO             PET0 PIOc_sync Enter - MemInfo: [/proc/self/status]	VmSize:	  262788 kB
20220313 002224.054 INFO             PET0 PIOc_sync Enter - MemInfo: [/proc/self/status]	VmLck:	       0 kB
20220313 002224.054 INFO             PET0 PIOc_sync Enter - MemInfo: [/proc/self/status]	VmPin:	       0 kB
20220313 002224.054 INFO             PET0 PIOc_sync Enter - MemInfo: [/proc/self/status]	VmHWM:	   51396 kB
20220313 002224.054 INFO             PET0 PIOc_sync Enter - MemInfo: [/proc/self/status]	VmRSS:	   51396 kB
20220313 002224.054 INFO             PET0 PIOc_sync Enter - MemInfo: [/proc/self/status]	VmData:	   45960 kB
20220313 002224.054 INFO             PET0 PIOc_sync Enter - MemInfo: [/proc/self/status]	VmStk:	     508 kB
20220313 002224.054 INFO             PET0 PIOc_sync Enter - MemInfo: [/proc/self/status]	VmExe:	     888 kB
20220313 002224.054 INFO             PET0 PIOc_sync Enter - MemInfo: [/proc/self/status]	VmLib:	  133788 kB
20220313 002224.054 INFO             PET0 PIOc_sync Enter - MemInfo: [/proc/self/status]	VmPTE:	     432 kB
20220313 002224.054 INFO             PET0 PIOc_sync Enter - MemInfo: [/proc/self/status]	VmPMD:	      12 kB
20220313 002224.054 INFO             PET0 PIOc_sync Enter - MemInfo: [/proc/self/status]	VmSwap:	       0 kB
20220313 002224.054 INFO             PET0 PIOc_sync Enter - MemInfo: [/proc/self/status]	VmRSSPercent: 0.0780432 %
20220313 002224.054 INFO             PET0 PIOc_sync Enter - MemInfo: [malloc] Non-mmapped space allocated:                18644992 Byte
20220313 002224.054 INFO             PET0 PIOc_sync Enter - MemInfo: [malloc] Space allocated in mmapped regions:          7122944 Byte
20220313 002224.054 INFO             PET0 PIOc_sync Enter - MemInfo: [malloc] Maximum total allocated space:                     0 Byte
20220313 002224.054 INFO             PET0 PIOc_sync Enter - MemInfo: [malloc] Space in freed fastbin blocks:                  1792 Byte
20220313 002224.054 INFO             PET0 PIOc_sync Enter - MemInfo: [malloc] Total allocated space:                      10127808 Byte
20220313 002224.054 INFO             PET0 PIOc_sync Enter - MemInfo: [malloc] Total free space:                            8517184 Byte
20220313 002224.054 INFO             PET0 PIOc_sync Enter - MemInfo: [malloc] Top-most, releasable space:                   133360 Byte
20220313 002224.054 INFO             PET0 PIOc_sync Enter - MemInfo: [malloc] Total space in use, mmap + non-mmap:        17250752 Byte
20220313 002224.054 INFO             PET0 PIOc_sync Enter - MemInfo: [malloc] Total space held (mmap + non-mmap):         25767936 Byte
20220313 002224.054 INFO             PET0 PIOc_sync Enter - MemInfo: [malloc] Total space used (mmap + non-mmap):         17258960 Byte
20220313 002224.054 INFO             PET0 PIOc_sync Enter - MemInfo: Wall-clock time since execution start:              0.0694089 seconds
20220313 002224.054 INFO             PET0 PIOc_sync Exit - MemInfo: [/proc/meminfo - SSI]	MemTotal:       65855856 kB
20220313 002224.054 INFO             PET0 PIOc_sync Exit - MemInfo: [/proc/meminfo - SSI]	MemFree:        61157248 kB
20220313 002224.054 INFO             PET0 PIOc_sync Exit - MemInfo: [/proc/meminfo - SSI]	MemAvailable:   60955644 kB
20220313 002224.054 INFO             PET0 PIOc_sync Exit - MemInfo: [/proc/meminfo - SSI]	Committed_AS:    2911744 kB
20220313 002224.054 INFO             PET0 PIOc_sync Exit - MemInfo: [/proc/meminfo - SSI]	CommittedPercent: 4.42139 %
20220313 002224.054 INFO             PET0 PIOc_sync Exit - MemInfo: [/proc/self/status]	VmPeak:	  262788 kB
20220313 002224.054 INFO             PET0 PIOc_sync Exit - MemInfo: [/proc/self/status]	VmSize:	  262788 kB
20220313 002224.054 INFO             PET0 PIOc_sync Exit - MemInfo: [/proc/self/status]	VmLck:	       0 kB
20220313 002224.054 INFO             PET0 PIOc_sync Exit - MemInfo: [/proc/self/status]	VmPin:	       0 kB
20220313 002224.054 INFO             PET0 PIOc_sync Exit - MemInfo: [/proc/self/status]	VmHWM:	   51396 kB
20220313 002224.054 INFO             PET0 PIOc_sync Exit - MemInfo: [/proc/self/status]	VmRSS:	   51396 kB
20220313 002224.054 INFO             PET0 PIOc_sync Exit - MemInfo: [/proc/self/status]	VmData:	   45960 kB
20220313 002224.054 INFO             PET0 PIOc_sync Exit - MemInfo: [/proc/self/status]	VmStk:	     508 kB
20220313 002224.054 INFO             PET0 PIOc_sync Exit - MemInfo: [/proc/self/status]	VmExe:	     888 kB
20220313 002224.054 INFO             PET0 PIOc_sync Exit - MemInfo: [/proc/self/status]	VmLib:	  133788 kB
20220313 002224.054 INFO             PET0 PIOc_sync Exit - MemInfo: [/proc/self/status]	VmPTE:	     432 kB
20220313 002224.054 INFO             PET0 PIOc_sync Exit - MemInfo: [/proc/self/status]	VmPMD:	      12 kB
20220313 002224.054 INFO             PET0 PIOc_sync Exit - MemInfo: [/proc/self/status]	VmSwap:	       0 kB
20220313 002224.054 INFO             PET0 PIOc_sync Exit - MemInfo: [/proc/self/status]	VmRSSPercent: 0.0780432 %
20220313 002224.054 INFO             PET0 PIOc_sync Exit - MemInfo: [malloc] Non-mmapped space allocated:                18644992 Byte
20220313 002224.054 INFO             PET0 PIOc_sync Exit - MemInfo: [malloc] Space allocated in mmapped regions:          7122944 Byte
20220313 002224.054 INFO             PET0 PIOc_sync Exit - MemInfo: [malloc] Maximum total allocated space:                     0 Byte
20220313 002224.054 INFO             PET0 PIOc_sync Exit - MemInfo: [malloc] Space in freed fastbin blocks:                     0 Byte
20220313 002224.054 INFO             PET0 PIOc_sync Exit - MemInfo: [malloc] Total allocated space:                      10128160 Byte
20220313 002224.054 INFO             PET0 PIOc_sync Exit - MemInfo: [malloc] Total free space:                            8516832 Byte
20220313 002224.054 INFO             PET0 PIOc_sync Exit - MemInfo: [malloc] Top-most, releasable space:                   133360 Byte
20220313 002224.054 INFO             PET0 PIOc_sync Exit - MemInfo: [malloc] Total space in use, mmap + non-mmap:        17251104 Byte
20220313 002224.054 INFO             PET0 PIOc_sync Exit - MemInfo: [malloc] Total space held (mmap + non-mmap):         25767936 Byte
20220313 002224.054 INFO             PET0 PIOc_sync Exit - MemInfo: [malloc] Total space used (mmap + non-mmap):         17259424 Byte
20220313 002224.054 INFO             PET0 PIOc_sync Exit - MemInfo: Wall-clock time since execution start:              0.0698779 seconds
20220313 002224.055 INFO             PET0 PIOc_freedecomp Enter - MemInfo: [/proc/meminfo - SSI]	MemTotal:       65855856 kB
20220313 002224.055 INFO             PET0 PIOc_freedecomp Enter - MemInfo: [/proc/meminfo - SSI]	MemFree:        61157248 kB
20220313 002224.055 INFO             PET0 PIOc_freedecomp Enter - MemInfo: [/proc/meminfo - SSI]	MemAvailable:   60955644 kB
20220313 002224.055 INFO             PET0 PIOc_freedecomp Enter - MemInfo: [/proc/meminfo - SSI]	Committed_AS:    2911744 kB
