build time -- 2022-03-11 23:57:54
20220312 001724.312 INFO             PET0 !!!!!!!!!!!!!!!!!!!!!!!!!!!!!!!!!!!!!!!!!!!!!!!!!!!!!!
20220312 001724.312 INFO             PET0 !!! THE ESMF_LOG IS SET TO OUTPUT ALL LOG MESSAGES !!!
20220312 001724.312 INFO             PET0 !!!     THIS MAY CAUSE SLOWDOWN IN PERFORMANCE     !!!
20220312 001724.312 INFO             PET0 !!! FOR PRODUCTION RUNS, USE:                      !!!
20220312 001724.312 INFO             PET0 !!!                   ESMF_LOGKIND_Multi_On_Error  !!!
20220312 001724.312 INFO             PET0 !!!!!!!!!!!!!!!!!!!!!!!!!!!!!!!!!!!!!!!!!!!!!!!!!!!!!!
20220312 001724.312 INFO             PET0 Running with ESMF Version   : v8.3.0b09-96-g559b459836
20220312 001724.312 INFO             PET0 ESMF library build date/time: "Mar 11 2022" "23:55:33"
20220312 001724.312 INFO             PET0 ESMF library build location : /lustre/f2/dev/ncep/Mark.Potts/intel_2019.5_mpi_g_jedwards_pio_update2
20220312 001724.312 INFO             PET0 ESMF_COMM                   : mpi
20220312 001724.313 INFO             PET0 ESMF_MOAB                   : enabled
20220312 001724.313 INFO             PET0 ESMF_LAPACK                 : enabled
20220312 001724.313 INFO             PET0 ESMF_NETCDF                 : enabled
20220312 001724.313 INFO             PET0 ESMF_PNETCDF                : disabled
20220312 001724.313 INFO             PET0 ESMF_PIO                    : enabled
20220312 001724.313 INFO             PET0 ESMF_YAMLCPP                : enabled
20220312 001724.313 INFO             PET0 Beginning Test, file ESMC_FieldSMMFromFileUTest.C, line 41
20220312 001724.313 INFO             PET0 Beginning Test, file ESMC_FieldSMMFromFileUTest.C, line 41NUMBER_OF_PROCESSORS 4
20220312 001724.340 INFO             PET0 PIOc_sync Enter - MemInfo: [/proc/meminfo - SSI]	MemTotal:       65855856 kB
20220312 001724.340 INFO             PET0 PIOc_sync Enter - MemInfo: [/proc/meminfo - SSI]	MemFree:        61067128 kB
20220312 001724.340 INFO             PET0 PIOc_sync Enter - MemInfo: [/proc/meminfo - SSI]	MemAvailable:   60895108 kB
20220312 001724.340 INFO             PET0 PIOc_sync Enter - MemInfo: [/proc/meminfo - SSI]	Committed_AS:    3146616 kB
20220312 001724.340 INFO             PET0 PIOc_sync Enter - MemInfo: [/proc/meminfo - SSI]	CommittedPercent: 4.77804 %
20220312 001724.340 INFO             PET0 PIOc_sync Enter - MemInfo: [/proc/self/status]	VmPeak:	  268948 kB
20220312 001724.340 INFO             PET0 PIOc_sync Enter - MemInfo: [/proc/self/status]	VmSize:	  268948 kB
20220312 001724.340 INFO             PET0 PIOc_sync Enter - MemInfo: [/proc/self/status]	VmLck:	       0 kB
20220312 001724.340 INFO             PET0 PIOc_sync Enter - MemInfo: [/proc/self/status]	VmPin:	       0 kB
20220312 001724.340 INFO             PET0 PIOc_sync Enter - MemInfo: [/proc/self/status]	VmHWM:	   49016 kB
20220312 001724.340 INFO             PET0 PIOc_sync Enter - MemInfo: [/proc/self/status]	VmRSS:	   49016 kB
20220312 001724.340 INFO             PET0 PIOc_sync Enter - MemInfo: [/proc/self/status]	VmData:	   34860 kB
20220312 001724.340 INFO             PET0 PIOc_sync Enter - MemInfo: [/proc/self/status]	VmStk:	     508 kB
20220312 001724.340 INFO             PET0 PIOc_sync Enter - MemInfo: [/proc/self/status]	VmExe:	     880 kB
20220312 001724.340 INFO             PET0 PIOc_sync Enter - MemInfo: [/proc/self/status]	VmLib:	  133788 kB
20220312 001724.340 INFO             PET0 PIOc_sync Enter - MemInfo: [/proc/self/status]	VmPTE:	     436 kB
20220312 001724.340 INFO             PET0 PIOc_sync Enter - MemInfo: [/proc/self/status]	VmPMD:	      12 kB
20220312 001724.340 INFO             PET0 PIOc_sync Enter - MemInfo: [/proc/self/status]	VmSwap:	       0 kB
20220312 001724.340 INFO             PET0 PIOc_sync Enter - MemInfo: [/proc/self/status]	VmRSSPercent: 0.0744292 %
20220312 001724.340 INFO             PET0 PIOc_sync Enter - MemInfo: [malloc] Non-mmapped space allocated:                 1474560 Byte
20220312 001724.340 INFO             PET0 PIOc_sync Enter - MemInfo: [malloc] Space allocated in mmapped regions:         12926976 Byte
20220312 001724.340 INFO             PET0 PIOc_sync Enter - MemInfo: [malloc] Maximum total allocated space:                     0 Byte
20220312 001724.340 INFO             PET0 PIOc_sync Enter - MemInfo: [malloc] Space in freed fastbin blocks:                     0 Byte
20220312 001724.340 INFO             PET0 PIOc_sync Enter - MemInfo: [malloc] Total allocated space:                       1312384 Byte
20220312 001724.340 INFO             PET0 PIOc_sync Enter - MemInfo: [malloc] Total free space:                             162176 Byte
20220312 001724.340 INFO             PET0 PIOc_sync Enter - MemInfo: [malloc] Top-most, releasable space:                   133456 Byte
20220312 001724.340 INFO             PET0 PIOc_sync Enter - MemInfo: [malloc] Total space in use, mmap + non-mmap:        14239360 Byte
20220312 001724.340 INFO             PET0 PIOc_sync Enter - MemInfo: [malloc] Total space held (mmap + non-mmap):         14401536 Byte
20220312 001724.340 INFO             PET0 PIOc_sync Enter - MemInfo: [malloc] Total space used (mmap + non-mmap):         14248384 Byte
20220312 001724.340 INFO             PET0 PIOc_sync Enter - MemInfo: Wall-clock time since execution start:              0.0636649 seconds
20220312 001724.341 INFO             PET0 PIOc_sync Exit - MemInfo: [/proc/meminfo - SSI]	MemTotal:       65855856 kB
20220312 001724.341 INFO             PET0 PIOc_sync Exit - MemInfo: [/proc/meminfo - SSI]	MemFree:        61067128 kB
20220312 001724.341 INFO             PET0 PIOc_sync Exit - MemInfo: [/proc/meminfo - SSI]	MemAvailable:   60895108 kB
20220312 001724.341 INFO             PET0 PIOc_sync Exit - MemInfo: [/proc/meminfo - SSI]	Committed_AS:    3146616 kB
20220312 001724.341 INFO             PET0 PIOc_sync Exit - MemInfo: [/proc/meminfo - SSI]	CommittedPercent: 4.77804 %
20220312 001724.341 INFO             PET0 PIOc_sync Exit - MemInfo: [/proc/self/status]	VmPeak:	  269272 kB
20220312 001724.341 INFO             PET0 PIOc_sync Exit - MemInfo: [/proc/self/status]	VmSize:	  269272 kB
20220312 001724.341 INFO             PET0 PIOc_sync Exit - MemInfo: [/proc/self/status]	VmLck:	       0 kB
20220312 001724.341 INFO             PET0 PIOc_sync Exit - MemInfo: [/proc/self/status]	VmPin:	       0 kB
20220312 001724.341 INFO             PET0 PIOc_sync Exit - MemInfo: [/proc/self/status]	VmHWM:	   49516 kB
20220312 001724.341 INFO             PET0 PIOc_sync Exit - MemInfo: [/proc/self/status]	VmRSS:	   49516 kB
20220312 001724.341 INFO             PET0 PIOc_sync Exit - MemInfo: [/proc/self/status]	VmData:	   35184 kB
20220312 001724.341 INFO             PET0 PIOc_sync Exit - MemInfo: [/proc/self/status]	VmStk:	     508 kB
20220312 001724.341 INFO             PET0 PIOc_sync Exit - MemInfo: [/proc/self/status]	VmExe:	     880 kB
20220312 001724.341 INFO             PET0 PIOc_sync Exit - MemInfo: [/proc/self/status]	VmLib:	  133788 kB
20220312 001724.341 INFO             PET0 PIOc_sync Exit - MemInfo: [/proc/self/status]	VmPTE:	     440 kB
20220312 001724.341 INFO             PET0 PIOc_sync Exit - MemInfo: [/proc/self/status]	VmPMD:	      12 kB
20220312 001724.341 INFO             PET0 PIOc_sync Exit - MemInfo: [/proc/self/status]	VmSwap:	       0 kB
20220312 001724.341 INFO             PET0 PIOc_sync Exit - MemInfo: [/proc/self/status]	VmRSSPercent: 0.0751885 %
20220312 001724.341 INFO             PET0 PIOc_sync Exit - MemInfo: [malloc] Non-mmapped space allocated:                 1474560 Byte
20220312 001724.341 INFO             PET0 PIOc_sync Exit - MemInfo: [malloc] Space allocated in mmapped regions:         13258752 Byte
20220312 001724.341 INFO             PET0 PIOc_sync Exit - MemInfo: [malloc] Maximum total allocated space:                     0 Byte
20220312 001724.341 INFO             PET0 PIOc_sync Exit - MemInfo: [malloc] Space in freed fastbin blocks:                     0 Byte
20220312 001724.341 INFO             PET0 PIOc_sync Exit - MemInfo: [malloc] Total allocated space:                       1381040 Byte
20220312 001724.341 INFO             PET0 PIOc_sync Exit - MemInfo: [malloc] Total free space:                              93520 Byte
20220312 001724.341 INFO             PET0 PIOc_sync Exit - MemInfo: [malloc] Top-most, releasable space:                    67904 Byte
20220312 001724.341 INFO             PET0 PIOc_sync Exit - MemInfo: [malloc] Total space in use, mmap + non-mmap:        14639792 Byte
20220312 001724.341 INFO             PET0 PIOc_sync Exit - MemInfo: [malloc] Total space held (mmap + non-mmap):         14733312 Byte
20220312 001724.341 INFO             PET0 PIOc_sync Exit - MemInfo: [malloc] Total space used (mmap + non-mmap):         14648288 Byte
20220312 001724.341 INFO             PET0 PIOc_sync Exit - MemInfo: Wall-clock time since execution start:               0.064537 seconds
20220312 001724.342 INFO             PET0 PIOc_freedecomp Enter - MemInfo: [/proc/meminfo - SSI]	MemTotal:       65855856 kB
20220312 001724.342 INFO             PET0 PIOc_freedecomp Enter - MemInfo: [/proc/meminfo - SSI]	MemFree:        61074184 kB
20220312 001724.342 INFO             PET0 PIOc_freedecomp Enter - MemInfo: [/proc/meminfo - SSI]	MemAvailable:   60902164 kB
20220312 001724.342 INFO             PET0 PIOc_freedecomp Enter - MemInfo: [/proc/meminfo - SSI]	Committed_AS:    3138752 kB
20220312 001724.342 INFO             PET0 PIOc_freedecomp Enter - MemInfo: [/proc/meminfo - SSI]	CommittedPercent: 4.76609 %
20220312 001724.342 INFO             PET0 PIOc_freedecomp Enter - MemInfo: [/proc/self/status]	VmPeak:	  269272 kB
20220312 001724.342 INFO             PET0 PIOc_freedecomp Enter - MemInfo: [/proc/self/status]	VmSize:	  260560 kB
20220312 001724.342 INFO             PET0 PIOc_freedecomp Enter - MemInfo: [/proc/self/status]	VmLck:	       0 kB
20220312 001724.342 INFO             PET0 PIOc_freedecomp Enter - MemInfo: [/proc/self/status]	VmPin:	       0 kB
20220312 001724.342 INFO             PET0 PIOc_freedecomp Enter - MemInfo: [/proc/self/status]	VmHWM:	   49516 kB
20220312 001724.342 INFO             PET0 PIOc_freedecomp Enter - MemInfo: [/proc/self/status]	VmRSS:	   41512 kB
20220312 001724.342 INFO             PET0 PIOc_freedecomp Enter - MemInfo: [/proc/self/status]	VmData:	   26472 kB
20220312 001724.342 INFO             PET0 PIOc_freedecomp Enter - MemInfo: [/proc/self/status]	VmStk:	     508 kB
20220312 001724.342 INFO             PET0 PIOc_freedecomp Enter - MemInfo: [/proc/self/status]	VmExe:	     880 kB
20220312 001724.342 INFO             PET0 PIOc_freedecomp Enter - MemInfo: [/proc/self/status]	VmLib:	  133788 kB
20220312 001724.342 INFO             PET0 PIOc_freedecomp Enter - MemInfo: [/proc/self/status]	VmPTE:	     428 kB
20220312 001724.342 INFO             PET0 PIOc_freedecomp Enter - MemInfo: [/proc/self/status]	VmPMD:	      12 kB
20220312 001724.342 INFO             PET0 PIOc_freedecomp Enter - MemInfo: [/proc/self/status]	VmSwap:	       0 kB
20220312 001724.342 INFO             PET0 PIOc_freedecomp Enter - MemInfo: [/proc/self/status]	VmRSSPercent: 0.0630346 %
20220312 001724.342 INFO             PET0 PIOc_freedecomp Enter - MemInfo: [malloc] Non-mmapped space allocated:                 1474560 Byte
20220312 001724.342 INFO             PET0 PIOc_freedecomp Enter - MemInfo: [malloc] Space allocated in mmapped regions:          4337664 Byte
20220312 001724.342 INFO             PET0 PIOc_freedecomp Enter - MemInfo: [malloc] Maximum total allocated space:                     0 Byte
20220312 001724.342 INFO             PET0 PIOc_freedecomp Enter - MemInfo: [malloc] Space in freed fastbin blocks:                   352 Byte
20220312 001724.342 INFO             PET0 PIOc_freedecomp Enter - MemInfo: [malloc] Total allocated space:                       1370816 Byte
20220312 001724.342 INFO             PET0 PIOc_freedecomp Enter - MemInfo: [malloc] Total free space:                             103744 Byte
20220312 001724.342 INFO             PET0 PIOc_freedecomp Enter - MemInfo: [malloc] Top-most, releasable space:                    67904 Byte
20220312 001724.342 INFO             PET0 PIOc_freedecomp Enter - MemInfo: [malloc] Total space in use, mmap + non-mmap:         5708480 Byte
20220312 001724.342 INFO             PET0 PIOc_freedecomp Enter - MemInfo: [malloc] Total space held (mmap + non-mmap):          5812224 Byte
20220312 001724.342 INFO             PET0 PIOc_freedecomp Enter - MemInfo: [malloc] Total space used (mmap + non-mmap):          5716912 Byte
20220312 001724.342 INFO             PET0 PIOc_freedecomp Enter - MemInfo: Wall-clock time since execution start:              0.0654089 seconds
20220312 001724.342 INFO             PET0 PIOc_freedecomp Exit - MemInfo: [/proc/meminfo - SSI]	MemTotal:       65855856 kB
20220312 001724.342 INFO             PET0 PIOc_freedecomp Exit - MemInfo: [/proc/meminfo - SSI]	MemFree:        61074184 kB
20220312 001724.342 INFO             PET0 PIOc_freedecomp Exit - MemInfo: [/proc/meminfo - SSI]	MemAvailable:   60902164 kB
20220312 001724.342 INFO             PET0 PIOc_freedecomp Exit - MemInfo: [/proc/meminfo - SSI]	Committed_AS:    3138752 kB
20220312 001724.342 INFO             PET0 PIOc_freedecomp Exit - MemInfo: [/proc/meminfo - SSI]	CommittedPercent: 4.76609 %
20220312 001724.342 INFO             PET0 PIOc_freedecomp Exit - MemInfo: [/proc/self/status]	VmPeak:	  269272 kB
20220312 001724.342 INFO             PET0 PIOc_freedecomp Exit - MemInfo: [/proc/self/status]	VmSize:	  260560 kB
20220312 001724.342 INFO             PET0 PIOc_freedecomp Exit - MemInfo: [/proc/self/status]	VmLck:	       0 kB
20220312 001724.342 INFO             PET0 PIOc_freedecomp Exit - MemInfo: [/proc/self/status]	VmPin:	       0 kB
20220312 001724.342 INFO             PET0 PIOc_freedecomp Exit - MemInfo: [/proc/self/status]	VmHWM:	   49516 kB
20220312 001724.342 INFO             PET0 PIOc_freedecomp Exit - MemInfo: [/proc/self/status]	VmRSS:	   41512 kB
20220312 001724.342 INFO             PET0 PIOc_freedecomp Exit - MemInfo: [/proc/self/status]	VmData:	   26472 kB
20220312 001724.342 INFO             PET0 PIOc_freedecomp Exit - MemInfo: [/proc/self/status]	VmStk:	     508 kB
20220312 001724.342 INFO             PET0 PIOc_freedecomp Exit - MemInfo: [/proc/self/status]	VmExe:	     880 kB
20220312 001724.342 INFO             PET0 PIOc_freedecomp Exit - MemInfo: [/proc/self/status]	VmLib:	  133788 kB
20220312 001724.342 INFO             PET0 PIOc_freedecomp Exit - MemInfo: [/proc/self/status]	VmPTE:	     428 kB
20220312 001724.342 INFO             PET0 PIOc_freedecomp Exit - MemInfo: [/proc/self/status]	VmPMD:	      12 kB
20220312 001724.342 INFO             PET0 PIOc_freedecomp Exit - MemInfo: [/proc/self/status]	VmSwap:	       0 kB
20220312 001724.342 INFO             PET0 PIOc_freedecomp Exit - MemInfo: [/proc/self/status]	VmRSSPercent: 0.0630346 %
20220312 001724.342 INFO             PET0 PIOc_freedecomp Exit - MemInfo: [malloc] Non-mmapped space allocated:                 1474560 Byte
20220312 001724.342 INFO             PET0 PIOc_freedecomp Exit - MemInfo: [malloc] Space allocated in mmapped regions:          4337664 Byte
20220312 001724.342 INFO             PET0 PIOc_freedecomp Exit - MemInfo: [malloc] Maximum total allocated space:                     0 Byte
20220312 001724.343 INFO             PET0 PIOc_freedecomp Exit - MemInfo: [malloc] Space in freed fastbin blocks:                   816 Byte
20220312 001724.343 INFO             PET0 PIOc_freedecomp Exit - MemInfo: [malloc] Total allocated space:                       1368192 Byte
20220312 001724.343 INFO             PET0 PIOc_freedecomp Exit - MemInfo: [malloc] Total free space:                             106368 Byte
20220312 001724.343 INFO             PET0 PIOc_freedecomp Exit - MemInfo: [malloc] Top-most, releasable space:                    67904 Byte
20220312 001724.343 INFO             PET0 PIOc_freedecomp Exit - MemInfo: [malloc] Total space in use, mmap + non-mmap:         5705856 Byte
20220312 001724.343 INFO             PET0 PIOc_freedecomp Exit - MemInfo: [malloc] Total space held (mmap + non-mmap):          5812224 Byte
20220312 001724.343 INFO             PET0 PIOc_freedecomp Exit - MemInfo: [malloc] Total space used (mmap + non-mmap):          5714288 Byte
20220312 001724.343 INFO             PET0 PIOc_freedecomp Exit - MemInfo: Wall-clock time since execution start:              0.0658331 seconds
20220312 001724.346 INFO             PET0 PIOc_sync Enter - MemInfo: [/proc/meminfo - SSI]	MemTotal:       65855856 kB
20220312 001724.346 INFO             PET0 PIOc_sync Enter - MemInfo: [/proc/meminfo - SSI]	MemFree:        61071160 kB
20220312 001724.346 INFO             PET0 PIOc_sync Enter - MemInfo: [/proc/meminfo - SSI]	MemAvailable:   60899140 kB
20220312 001724.346 INFO             PET0 PIOc_sync Enter - MemInfo: [/proc/meminfo - SSI]	Committed_AS:    3147004 kB
20220312 001724.346 INFO             PET0 PIOc_sync Enter - MemInfo: [/proc/meminfo - SSI]	CommittedPercent: 4.77862 %
20220312 001724.346 INFO             PET0 PIOc_sync Enter - MemInfo: [/proc/self/status]	VmPeak:	  269292 kB
20220312 001724.346 INFO             PET0 PIOc_sync Enter - MemInfo: [/proc/self/status]	VmSize:	  269292 kB
20220312 001724.346 INFO             PET0 PIOc_sync Enter - MemInfo: [/proc/self/status]	VmLck:	       0 kB
20220312 001724.346 INFO             PET0 PIOc_sync Enter - MemInfo: [/proc/self/status]	VmPin:	       0 kB
20220312 001724.346 INFO             PET0 PIOc_sync Enter - MemInfo: [/proc/self/status]	VmHWM:	   49516 kB
20220312 001724.346 INFO             PET0 PIOc_sync Enter - MemInfo: [/proc/self/status]	VmRSS:	   45432 kB
20220312 001724.346 INFO             PET0 PIOc_sync Enter - MemInfo: [/proc/self/status]	VmData:	   35240 kB
20220312 001724.346 INFO             PET0 PIOc_sync Enter - MemInfo: [/proc/self/status]	VmStk:	     508 kB
20220312 001724.346 INFO             PET0 PIOc_sync Enter - MemInfo: [/proc/self/status]	VmExe:	     880 kB
20220312 001724.346 INFO             PET0 PIOc_sync Enter - MemInfo: [/proc/self/status]	VmLib:	  133788 kB
20220312 001724.346 INFO             PET0 PIOc_sync Enter - MemInfo: [/proc/self/status]	VmPTE:	     440 kB
20220312 001724.346 INFO             PET0 PIOc_sync Enter - MemInfo: [/proc/self/status]	VmPMD:	      12 kB
20220312 001724.346 INFO             PET0 PIOc_sync Enter - MemInfo: [/proc/self/status]	VmSwap:	       0 kB
20220312 001724.346 INFO             PET0 PIOc_sync Enter - MemInfo: [/proc/self/status]	VmRSSPercent: 0.068987 %
20220312 001724.346 INFO             PET0 PIOc_sync Enter - MemInfo: [malloc] Non-mmapped space allocated:                10452992 Byte
20220312 001724.346 INFO             PET0 PIOc_sync Enter - MemInfo: [malloc] Space allocated in mmapped regions:          4337664 Byte
20220312 001724.346 INFO             PET0 PIOc_sync Enter - MemInfo: [malloc] Maximum total allocated space:                     0 Byte
20220312 001724.346 INFO             PET0 PIOc_sync Enter - MemInfo: [malloc] Space in freed fastbin blocks:                   160 Byte
20220312 001724.346 INFO             PET0 PIOc_sync Enter - MemInfo: [malloc] Total allocated space:                      10295616 Byte
20220312 001724.346 INFO             PET0 PIOc_sync Enter - MemInfo: [malloc] Total free space:                             157376 Byte
20220312 001724.346 INFO             PET0 PIOc_sync Enter - MemInfo: [malloc] Top-most, releasable space:                   133408 Byte
20220312 001724.346 INFO             PET0 PIOc_sync Enter - MemInfo: [malloc] Total space in use, mmap + non-mmap:        14633280 Byte
20220312 001724.346 INFO             PET0 PIOc_sync Enter - MemInfo: [malloc] Total space held (mmap + non-mmap):         14790656 Byte
20220312 001724.346 INFO             PET0 PIOc_sync Enter - MemInfo: [malloc] Total space used (mmap + non-mmap):         14641728 Byte
20220312 001724.346 INFO             PET0 PIOc_sync Enter - MemInfo: Wall-clock time since execution start:              0.0693669 seconds
20220312 001724.346 INFO             PET0 PIOc_sync Exit - MemInfo: [/proc/meminfo - SSI]	MemTotal:       65855856 kB
20220312 001724.346 INFO             PET0 PIOc_sync Exit - MemInfo: [/proc/meminfo - SSI]	MemFree:        61071160 kB
20220312 001724.346 INFO             PET0 PIOc_sync Exit - MemInfo: [/proc/meminfo - SSI]	MemAvailable:   60899140 kB
20220312 001724.346 INFO             PET0 PIOc_sync Exit - MemInfo: [/proc/meminfo - SSI]	Committed_AS:    3147004 kB
20220312 001724.346 INFO             PET0 PIOc_sync Exit - MemInfo: [/proc/meminfo - SSI]	CommittedPercent: 4.77862 %
20220312 001724.346 INFO             PET0 PIOc_sync Exit - MemInfo: [/proc/self/status]	VmPeak:	  269292 kB
20220312 001724.346 INFO             PET0 PIOc_sync Exit - MemInfo: [/proc/self/status]	VmSize:	  269292 kB
20220312 001724.346 INFO             PET0 PIOc_sync Exit - MemInfo: [/proc/self/status]	VmLck:	       0 kB
20220312 001724.346 INFO             PET0 PIOc_sync Exit - MemInfo: [/proc/self/status]	VmPin:	       0 kB
20220312 001724.346 INFO             PET0 PIOc_sync Exit - MemInfo: [/proc/self/status]	VmHWM:	   49516 kB
20220312 001724.347 INFO             PET0 PIOc_sync Exit - MemInfo: [/proc/self/status]	VmRSS:	   45432 kB
20220312 001724.347 INFO             PET0 PIOc_sync Exit - MemInfo: [/proc/self/status]	VmData:	   35240 kB
20220312 001724.347 INFO             PET0 PIOc_sync Exit - MemInfo: [/proc/self/status]	VmStk:	     508 kB
20220312 001724.347 INFO             PET0 PIOc_sync Exit - MemInfo: [/proc/self/status]	VmExe:	     880 kB
20220312 001724.347 INFO             PET0 PIOc_sync Exit - MemInfo: [/proc/self/status]	VmLib:	  133788 kB
20220312 001724.347 INFO             PET0 PIOc_sync Exit - MemInfo: [/proc/self/status]	VmPTE:	     440 kB
20220312 001724.347 INFO             PET0 PIOc_sync Exit - MemInfo: [/proc/self/status]	VmPMD:	      12 kB
20220312 001724.347 INFO             PET0 PIOc_sync Exit - MemInfo: [/proc/self/status]	VmSwap:	       0 kB
20220312 001724.347 INFO             PET0 PIOc_sync Exit - MemInfo: [/proc/self/status]	VmRSSPercent: 0.068987 %
20220312 001724.347 INFO             PET0 PIOc_sync Exit - MemInfo: [malloc] Non-mmapped space allocated:                10452992 Byte
20220312 001724.347 INFO             PET0 PIOc_sync Exit - MemInfo: [malloc] Space allocated in mmapped regions:          4337664 Byte
20220312 001724.347 INFO             PET0 PIOc_sync Exit - MemInfo: [malloc] Maximum total allocated space:                     0 Byte
20220312 001724.347 INFO             PET0 PIOc_sync Exit - MemInfo: [malloc] Space in freed fastbin blocks:                     0 Byte
20220312 001724.347 INFO             PET0 PIOc_sync Exit - MemInfo: [malloc] Total allocated space:                      10296960 Byte
20220312 001724.347 INFO             PET0 PIOc_sync Exit - MemInfo: [malloc] Total free space:                             156032 Byte
20220312 001724.347 INFO             PET0 PIOc_sync Exit - MemInfo: [malloc] Top-most, releasable space:                   133408 Byte
20220312 001724.347 INFO             PET0 PIOc_sync Exit - MemInfo: [malloc] Total space in use, mmap + non-mmap:        14634624 Byte
20220312 001724.347 INFO             PET0 PIOc_sync Exit - MemInfo: [malloc] Total space held (mmap + non-mmap):         14790656 Byte
20220312 001724.347 INFO             PET0 PIOc_sync Exit - MemInfo: [malloc] Total space used (mmap + non-mmap):         14642944 Byte
20220312 001724.347 INFO             PET0 PIOc_sync Exit - MemInfo: Wall-clock time since execution start:               0.070008 seconds
20220312 001724.347 INFO             PET0 PIOc_freedecomp Enter - MemInfo: [/proc/meminfo - SSI]	MemTotal:       65855856 kB
20220312 001724.347 INFO             PET0 PIOc_freedecomp Enter - MemInfo: [/proc/meminfo - SSI]	MemFree:        61071160 kB
20220312 001724.347 INFO             PET0 PIOc_freedecomp Enter - MemInfo: [/proc/meminfo - SSI]	MemAvailable:   60899140 kB
20220312 001724.347 INFO             PET0 PIOc_freedecomp Enter - MemInfo: [/proc/meminfo - SSI]	Committed_AS:    3147004 kB
20220312 001724.347 INFO             PET0 PIOc_freedecomp Enter - MemInfo: [/proc/meminfo - SSI]	CommittedPercent: 4.77862 %
20220312 001724.347 INFO             PET0 PIOc_freedecomp Enter - MemInfo: [/proc/self/status]	VmPeak:	  269292 kB
20220312 001724.347 INFO             PET0 PIOc_freedecomp Enter - MemInfo: [/proc/self/status]	VmSize:	  269292 kB
20220312 001724.347 INFO             PET0 PIOc_freedecomp Enter - MemInfo: [/proc/self/status]	VmLck:	       0 kB
20220312 001724.347 INFO             PET0 PIOc_freedecomp Enter - MemInfo: [/proc/self/status]	VmPin:	       0 kB
20220312 001724.347 INFO             PET0 PIOc_freedecomp Enter - MemInfo: [/proc/self/status]	VmHWM:	   49516 kB
20220312 001724.347 INFO             PET0 PIOc_freedecomp Enter - MemInfo: [/proc/self/status]	VmRSS:	   45432 kB
20220312 001724.347 INFO             PET0 PIOc_freedecomp Enter - MemInfo: [/proc/self/status]	VmData:	   35240 kB
20220312 001724.347 INFO             PET0 PIOc_freedecomp Enter - MemInfo: [/proc/self/status]	VmStk:	     508 kB
20220312 001724.347 INFO             PET0 PIOc_freedecomp Enter - MemInfo: [/proc/self/status]	VmExe:	     880 kB
20220312 001724.347 INFO             PET0 PIOc_freedecomp Enter - MemInfo: [/proc/self/status]	VmLib:	  133788 kB
20220312 001724.347 INFO             PET0 PIOc_freedecomp Enter - MemInfo: [/proc/self/status]	VmPTE:	     440 kB
20220312 001724.347 INFO             PET0 PIOc_freedecomp Enter - MemInfo: [/proc/self/status]	VmPMD:	      12 kB
20220312 001724.347 INFO             PET0 PIOc_freedecomp Enter - MemInfo: [/proc/self/status]	VmSwap:	       0 kB
20220312 001724.347 INFO             PET0 PIOc_freedecomp Enter - MemInfo: [/proc/self/status]	VmRSSPercent: 0.068987 %
20220312 001724.347 INFO             PET0 PIOc_freedecomp Enter - MemInfo: [malloc] Non-mmapped space allocated:                10452992 Byte
20220312 001724.347 INFO             PET0 PIOc_freedecomp Enter - MemInfo: [malloc] Space allocated in mmapped regions:          4337664 Byte
20220312 001724.347 INFO             PET0 PIOc_freedecomp Enter - MemInfo: [malloc] Maximum total allocated space:                     0 Byte
20220312 001724.347 INFO             PET0 PIOc_freedecomp Enter - MemInfo: [malloc] Space in freed fastbin blocks:                   176 Byte
20220312 001724.347 INFO             PET0 PIOc_freedecomp Enter - MemInfo: [malloc] Total allocated space:                       1372976 Byte
20220312 001724.347 INFO             PET0 PIOc_freedecomp Enter - MemInfo: [malloc] Total free space:                            9080016 Byte
20220312 001724.347 INFO             PET0 PIOc_freedecomp Enter - MemInfo: [malloc] Top-most, releasable space:                  9046336 Byte
20220312 001724.347 INFO             PET0 PIOc_freedecomp Enter - MemInfo: [malloc] Total space in use, mmap + non-mmap:         5710640 Byte
20220312 001724.347 INFO             PET0 PIOc_freedecomp Enter - MemInfo: [malloc] Total space held (mmap + non-mmap):         14790656 Byte
20220312 001724.347 INFO             PET0 PIOc_freedecomp Enter - MemInfo: [malloc] Total space used (mmap + non-mmap):          5718848 Byte
20220312 001724.347 INFO             PET0 PIOc_freedecomp Enter - MemInfo: Wall-clock time since execution start:              0.0707021 seconds
20220312 001724.348 INFO             PET0 PIOc_freedecomp Exit - MemInfo: [/proc/meminfo - SSI]	MemTotal:       65855856 kB
20220312 001724.348 INFO             PET0 PIOc_freedecomp Exit - MemInfo: [/proc/meminfo - SSI]	MemFree:        61070656 kB
20220312 001724.348 INFO             PET0 PIOc_freedecomp Exit - MemInfo: [/proc/meminfo - SSI]	MemAvailable:   60898636 kB
20220312 001724.348 INFO             PET0 PIOc_freedecomp Exit - MemInfo: [/proc/meminfo - SSI]	Committed_AS:    3147004 kB
20220312 001724.348 INFO             PET0 PIOc_freedecomp Exit - MemInfo: [/proc/meminfo - SSI]	CommittedPercent: 4.77862 %
20220312 001724.348 INFO             PET0 PIOc_freedecomp Exit - MemInfo: [/proc/self/status]	VmPeak:	  269292 kB
20220312 001724.348 INFO             PET0 PIOc_freedecomp Exit - MemInfo: [/proc/self/status]	VmSize:	  269292 kB
20220312 001724.348 INFO             PET0 PIOc_freedecomp Exit - MemInfo: [/proc/self/status]	VmLck:	       0 kB
20220312 001724.348 INFO             PET0 PIOc_freedecomp Exit - MemInfo: [/proc/self/status]	VmPin:	       0 kB
20220312 001724.348 INFO             PET0 PIOc_freedecomp Exit - MemInfo: [/proc/self/status]	VmHWM:	   49516 kB
20220312 001724.348 INFO             PET0 PIOc_freedecomp Exit - MemInfo: [/proc/self/status]	VmRSS:	   45432 kB
20220312 001724.348 INFO             PET0 PIOc_freedecomp Exit - MemInfo: [/proc/self/status]	VmData:	   35240 kB
20220312 001724.348 INFO             PET0 PIOc_freedecomp Exit - MemInfo: [/proc/self/status]	VmStk:	     508 kB
20220312 001724.348 INFO             PET0 PIOc_freedecomp Exit - MemInfo: [/proc/self/status]	VmExe:	     880 kB
20220312 001724.348 INFO             PET0 PIOc_freedecomp Exit - MemInfo: [/proc/self/status]	VmLib:	  133788 kB
20220312 001724.348 INFO             PET0 PIOc_freedecomp Exit - MemInfo: [/proc/self/status]	VmPTE:	     440 kB
20220312 001724.348 INFO             PET0 PIOc_freedecomp Exit - MemInfo: [/proc/self/status]	VmPMD:	      12 kB
20220312 001724.348 INFO             PET0 PIOc_freedecomp Exit - MemInfo: [/proc/self/status]	VmSwap:	       0 kB
20220312 001724.348 INFO             PET0 PIOc_freedecomp Exit - MemInfo: [/proc/self/status]	VmRSSPercent: 0.068987 %
20220312 001724.348 INFO             PET0 PIOc_freedecomp Exit - MemInfo: [malloc] Non-mmapped space allocated:                10452992 Byte
20220312 001724.348 INFO             PET0 PIOc_freedecomp Exit - MemInfo: [malloc] Space allocated in mmapped regions:          4337664 Byte
20220312 001724.348 INFO             PET0 PIOc_freedecomp Exit - MemInfo: [malloc] Maximum total allocated space:                     0 Byte
20220312 001724.348 INFO             PET0 PIOc_freedecomp Exit - MemInfo: [malloc] Space in freed fastbin blocks:                   960 Byte
20220312 001724.348 INFO             PET0 PIOc_freedecomp Exit - MemInfo: [malloc] Total allocated space:                       1369120 Byte
20220312 001724.348 INFO             PET0 PIOc_freedecomp Exit - MemInfo: [malloc] Total free space:                            9083872 Byte
20220312 001724.348 INFO             PET0 PIOc_freedecomp Exit - MemInfo: [malloc] Top-most, releasable space:                  9046336 Byte
20220312 001724.348 INFO             PET0 PIOc_freedecomp Exit - MemInfo: [malloc] Total space in use, mmap + non-mmap:         5706784 Byte
20220312 001724.348 INFO             PET0 PIOc_freedecomp Exit - MemInfo: [malloc] Total space held (mmap + non-mmap):         14790656 Byte
20220312 001724.348 INFO             PET0 PIOc_freedecomp Exit - MemInfo: [malloc] Total space used (mmap + non-mmap):          5714992 Byte
20220312 001724.348 INFO             PET0 PIOc_freedecomp Exit - MemInfo: Wall-clock time since execution start:               0.071141 seconds
20220312 001724.349 INFO             PET0 PIOc_sync Enter - MemInfo: [/proc/meminfo - SSI]	MemTotal:       65855856 kB
20220312 001724.350 INFO             PET0 PIOc_sync Enter - MemInfo: [/proc/meminfo - SSI]	MemFree:        61070656 kB
20220312 001724.350 INFO             PET0 PIOc_sync Enter - MemInfo: [/proc/meminfo - SSI]	MemAvailable:   60898636 kB
20220312 001724.350 INFO             PET0 PIOc_sync Enter - MemInfo: [/proc/meminfo - SSI]	Committed_AS:    3147004 kB
20220312 001724.350 INFO             PET0 PIOc_sync Enter - MemInfo: [/proc/meminfo - SSI]	CommittedPercent: 4.77862 %
20220312 001724.350 INFO             PET0 PIOc_sync Enter - MemInfo: [/proc/self/status]	VmPeak:	  269292 kB
20220312 001724.350 INFO             PET0 PIOc_sync Enter - MemInfo: [/proc/self/status]	VmSize:	  269292 kB
20220312 001724.350 INFO             PET0 PIOc_sync Enter - MemInfo: [/proc/self/status]	VmLck:	       0 kB
20220312 001724.350 INFO             PET0 PIOc_sync Enter - MemInfo: [/proc/self/status]	VmPin:	       0 kB
20220312 001724.350 INFO             PET0 PIOc_sync Enter - MemInfo: [/proc/self/status]	VmHWM:	   49516 kB
20220312 001724.350 INFO             PET0 PIOc_sync Enter - MemInfo: [/proc/self/status]	VmRSS:	   45960 kB
20220312 001724.350 INFO             PET0 PIOc_sync Enter - MemInfo: [/proc/self/status]	VmData:	   35240 kB
20220312 001724.350 INFO             PET0 PIOc_sync Enter - MemInfo: [/proc/self/status]	VmStk:	     508 kB
20220312 001724.350 INFO             PET0 PIOc_sync Enter - MemInfo: [/proc/self/status]	VmExe:	     880 kB
20220312 001724.350 INFO             PET0 PIOc_sync Enter - MemInfo: [/proc/self/status]	VmLib:	  133788 kB
20220312 001724.350 INFO             PET0 PIOc_sync Enter - MemInfo: [/proc/self/status]	VmPTE:	     440 kB
20220312 001724.350 INFO             PET0 PIOc_sync Enter - MemInfo: [/proc/self/status]	VmPMD:	      12 kB
20220312 001724.350 INFO             PET0 PIOc_sync Enter - MemInfo: [/proc/self/status]	VmSwap:	       0 kB
20220312 001724.350 INFO             PET0 PIOc_sync Enter - MemInfo: [/proc/self/status]	VmRSSPercent: 0.0697888 %
20220312 001724.350 INFO             PET0 PIOc_sync Enter - MemInfo: [malloc] Non-mmapped space allocated:                10452992 Byte
20220312 001724.350 INFO             PET0 PIOc_sync Enter - MemInfo: [malloc] Space allocated in mmapped regions:          4337664 Byte
20220312 001724.350 INFO             PET0 PIOc_sync Enter - MemInfo: [malloc] Maximum total allocated space:                     0 Byte
20220312 001724.350 INFO             PET0 PIOc_sync Enter - MemInfo: [malloc] Space in freed fastbin blocks:                   336 Byte
20220312 001724.350 INFO             PET0 PIOc_sync Enter - MemInfo: [malloc] Total allocated space:                      10297504 Byte
20220312 001724.350 INFO             PET0 PIOc_sync Enter - MemInfo: [malloc] Total free space:                             155488 Byte
20220312 001724.350 INFO             PET0 PIOc_sync Enter - MemInfo: [malloc] Top-most, releasable space:                   133408 Byte
20220312 001724.350 INFO             PET0 PIOc_sync Enter - MemInfo: [malloc] Total space in use, mmap + non-mmap:        14635168 Byte
20220312 001724.350 INFO             PET0 PIOc_sync Enter - MemInfo: [malloc] Total space held (mmap + non-mmap):         14790656 Byte
20220312 001724.350 INFO             PET0 PIOc_sync Enter - MemInfo: [malloc] Total space used (mmap + non-mmap):         14643488 Byte
20220312 001724.350 INFO             PET0 PIOc_sync Enter - MemInfo: Wall-clock time since execution start:              0.0731621 seconds
20220312 001724.350 INFO             PET0 PIOc_sync Exit - MemInfo: [/proc/meminfo - SSI]	MemTotal:       65855856 kB
20220312 001724.350 INFO             PET0 PIOc_sync Exit - MemInfo: [/proc/meminfo - SSI]	MemFree:        61070656 kB
20220312 001724.350 INFO             PET0 PIOc_sync Exit - MemInfo: [/proc/meminfo - SSI]	MemAvailable:   60898636 kB
20220312 001724.350 INFO             PET0 PIOc_sync Exit - MemInfo: [/proc/meminfo - SSI]	Committed_AS:    3147004 kB
20220312 001724.350 INFO             PET0 PIOc_sync Exit - MemInfo: [/proc/meminfo - SSI]	CommittedPercent: 4.77862 %
20220312 001724.350 INFO             PET0 PIOc_sync Exit - MemInfo: [/proc/self/status]	VmPeak:	  269292 kB
20220312 001724.350 INFO             PET0 PIOc_sync Exit - MemInfo: [/proc/self/status]	VmSize:	  269292 kB
20220312 001724.350 INFO             PET0 PIOc_sync Exit - MemInfo: [/proc/self/status]	VmLck:	       0 kB
20220312 001724.350 INFO             PET0 PIOc_sync Exit - MemInfo: [/proc/self/status]	VmPin:	       0 kB
20220312 001724.350 INFO             PET0 PIOc_sync Exit - MemInfo: [/proc/self/status]	VmHWM:	   49516 kB
20220312 001724.350 INFO             PET0 PIOc_sync Exit - MemInfo: [/proc/self/status]	VmRSS:	   45960 kB
20220312 001724.350 INFO             PET0 PIOc_sync Exit - MemInfo: [/proc/self/status]	VmData:	   35240 kB
20220312 001724.350 INFO             PET0 PIOc_sync Exit - MemInfo: [/proc/self/status]	VmStk:	     508 kB
20220312 001724.350 INFO             PET0 PIOc_sync Exit - MemInfo: [/proc/self/status]	VmExe:	     880 kB
20220312 001724.350 INFO             PET0 PIOc_sync Exit - MemInfo: [/proc/self/status]	VmLib:	  133788 kB
20220312 001724.350 INFO             PET0 PIOc_sync Exit - MemInfo: [/proc/self/status]	VmPTE:	     444 kB
20220312 001724.350 INFO             PET0 PIOc_sync Exit - MemInfo: [/proc/self/status]	VmPMD:	      12 kB
20220312 001724.350 INFO             PET0 PIOc_sync Exit - MemInfo: [/proc/self/status]	VmSwap:	       0 kB
20220312 001724.350 INFO             PET0 PIOc_sync Exit - MemInfo: [/proc/self/status]	VmRSSPercent: 0.0697888 %
20220312 001724.350 INFO             PET0 PIOc_sync Exit - MemInfo: [malloc] Non-mmapped space allocated:                10452992 Byte
20220312 001724.350 INFO             PET0 PIOc_sync Exit - MemInfo: [malloc] Space allocated in mmapped regions:          4337664 Byte
20220312 001724.350 INFO             PET0 PIOc_sync Exit - MemInfo: [malloc] Maximum total allocated space:                     0 Byte
20220312 001724.350 INFO             PET0 PIOc_sync Exit - MemInfo: [malloc] Space in freed fastbin blocks:                     0 Byte
20220312 001724.350 INFO             PET0 PIOc_sync Exit - MemInfo: [malloc] Total allocated space:                      10298576 Byte
20220312 001724.350 INFO             PET0 PIOc_sync Exit - MemInfo: [malloc] Total free space:                             154416 Byte
20220312 001724.351 INFO             PET0 PIOc_sync Exit - MemInfo: [malloc] Top-most, releasable space:                   133408 Byte
20220312 001724.351 INFO             PET0 PIOc_sync Exit - MemInfo: [malloc] Total space in use, mmap + non-mmap:        14636240 Byte
20220312 001724.351 INFO             PET0 PIOc_sync Exit - MemInfo: [malloc] Total space held (mmap + non-mmap):         14790656 Byte
20220312 001724.351 INFO             PET0 PIOc_sync Exit - MemInfo: [malloc] Total space used (mmap + non-mmap):         14644560 Byte
20220312 001724.351 INFO             PET0 PIOc_sync Exit - MemInfo: Wall-clock time since execution start:               0.073792 seconds
20220312 001724.351 INFO             PET0 PIOc_freedecomp Enter - MemInfo: [/proc/meminfo - SSI]	MemTotal:       65855856 kB
20220312 001724.351 INFO             PET0 PIOc_freedecomp Enter - MemInfo: [/proc/meminfo - SSI]	MemFree:        61070656 kB
20220312 001724.351 INFO             PET0 PIOc_freedecomp Enter - MemInfo: [/proc/meminfo - SSI]	MemAvailable:   60898636 kB
20220312 001724.351 INFO             PET0 PIOc_freedecomp Enter - MemInfo: [/proc/meminfo - SSI]	Committed_AS:    3147004 kB
20220312 001724.351 INFO             PET0 PIOc_freedecomp Enter - MemInfo: [/proc/meminfo - SSI]	CommittedPercent: 4.77862 %
20220312 001724.351 INFO             PET0 PIOc_freedecomp Enter - MemInfo: [/proc/self/status]	VmPeak:	  269292 kB
20220312 001724.351 INFO             PET0 PIOc_freedecomp Enter - MemInfo: [/proc/self/status]	VmSize:	  269292 kB
20220312 001724.351 INFO             PET0 PIOc_freedecomp Enter - MemInfo: [/proc/self/status]	VmLck:	       0 kB
20220312 001724.351 INFO             PET0 PIOc_freedecomp Enter - MemInfo: [/proc/self/status]	VmPin:	       0 kB
20220312 001724.351 INFO             PET0 PIOc_freedecomp Enter - MemInfo: [/proc/self/status]	VmHWM:	   49516 kB
20220312 001724.351 INFO             PET0 PIOc_freedecomp Enter - MemInfo: [/proc/self/status]	VmRSS:	   45960 kB
20220312 001724.351 INFO             PET0 PIOc_freedecomp Enter - MemInfo: [/proc/self/status]	VmData:	   35240 kB
20220312 001724.351 INFO             PET0 PIOc_freedecomp Enter - MemInfo: [/proc/self/status]	VmStk:	     508 kB
20220312 001724.351 INFO             PET0 PIOc_freedecomp Enter - MemInfo: [/proc/self/status]	VmExe:	     880 kB
20220312 001724.351 INFO             PET0 PIOc_freedecomp Enter - MemInfo: [/proc/self/status]	VmLib:	  133788 kB
20220312 001724.351 INFO             PET0 PIOc_freedecomp Enter - MemInfo: [/proc/self/status]	VmPTE:	     444 kB
20220312 001724.351 INFO             PET0 PIOc_freedecomp Enter - MemInfo: [/proc/self/status]	VmPMD:	      12 kB
20220312 001724.351 INFO             PET0 PIOc_freedecomp Enter - MemInfo: [/proc/self/status]	VmSwap:	       0 kB
20220312 001724.351 INFO             PET0 PIOc_freedecomp Enter - MemInfo: [/proc/self/status]	VmRSSPercent: 0.0697888 %
20220312 001724.351 INFO             PET0 PIOc_freedecomp Enter - MemInfo: [malloc] Non-mmapped space allocated:                10452992 Byte
20220312 001724.351 INFO             PET0 PIOc_freedecomp Enter - MemInfo: [malloc] Space allocated in mmapped regions:          4337664 Byte
20220312 001724.351 INFO             PET0 PIOc_freedecomp Enter - MemInfo: [malloc] Maximum total allocated space:                     0 Byte
20220312 001724.351 INFO             PET0 PIOc_freedecomp Enter - MemInfo: [malloc] Space in freed fastbin blocks:                   160 Byte
20220312 001724.351 INFO             PET0 PIOc_freedecomp Enter - MemInfo: [malloc] Total allocated space:                       1373968 Byte
20220312 001724.351 INFO             PET0 PIOc_freedecomp Enter - MemInfo: [malloc] Total free space:                            9079024 Byte
20220312 001724.351 INFO             PET0 PIOc_freedecomp Enter - MemInfo: [malloc] Top-most, releasable space:                  9046336 Byte
20220312 001724.351 INFO             PET0 PIOc_freedecomp Enter - MemInfo: [malloc] Total space in use, mmap + non-mmap:         5711632 Byte
20220312 001724.351 INFO             PET0 PIOc_freedecomp Enter - MemInfo: [malloc] Total space held (mmap + non-mmap):         14790656 Byte
20220312 001724.351 INFO             PET0 PIOc_freedecomp Enter - MemInfo: [malloc] Total space used (mmap + non-mmap):          5719840 Byte
20220312 001724.351 INFO             PET0 PIOc_freedecomp Enter - MemInfo: Wall-clock time since execution start:              0.0745089 seconds
20220312 001724.351 INFO             PET0 PIOc_freedecomp Exit - MemInfo: [/proc/meminfo - SSI]	MemTotal:       65855856 kB
20220312 001724.351 INFO             PET0 PIOc_freedecomp Exit - MemInfo: [/proc/meminfo - SSI]	MemFree:        61070656 kB
20220312 001724.351 INFO             PET0 PIOc_freedecomp Exit - MemInfo: [/proc/meminfo - SSI]	MemAvailable:   60898636 kB
20220312 001724.351 INFO             PET0 PIOc_freedecomp Exit - MemInfo: [/proc/meminfo - SSI]	Committed_AS:    3147004 kB
20220312 001724.351 INFO             PET0 PIOc_freedecomp Exit - MemInfo: [/proc/meminfo - SSI]	CommittedPercent: 4.77862 %
20220312 001724.351 INFO             PET0 PIOc_freedecomp Exit - MemInfo: [/proc/self/status]	VmPeak:	  269292 kB
20220312 001724.351 INFO             PET0 PIOc_freedecomp Exit - MemInfo: [/proc/self/status]	VmSize:	  269292 kB
20220312 001724.351 INFO             PET0 PIOc_freedecomp Exit - MemInfo: [/proc/self/status]	VmLck:	       0 kB
20220312 001724.351 INFO             PET0 PIOc_freedecomp Exit - MemInfo: [/proc/self/status]	VmPin:	       0 kB
20220312 001724.351 INFO             PET0 PIOc_freedecomp Exit - MemInfo: [/proc/self/status]	VmHWM:	   49516 kB
20220312 001724.351 INFO             PET0 PIOc_freedecomp Exit - MemInfo: [/proc/self/status]	VmRSS:	   45960 kB
20220312 001724.351 INFO             PET0 PIOc_freedecomp Exit - MemInfo: [/proc/self/status]	VmData:	   35240 kB
20220312 001724.351 INFO             PET0 PIOc_freedecomp Exit - MemInfo: [/proc/self/status]	VmStk:	     508 kB
20220312 001724.351 INFO             PET0 PIOc_freedecomp Exit - MemInfo: [/proc/self/status]	VmExe:	     880 kB
20220312 001724.351 INFO             PET0 PIOc_freedecomp Exit - MemInfo: [/proc/self/status]	VmLib:	  133788 kB
20220312 001724.352 INFO             PET0 PIOc_freedecomp Exit - MemInfo: [/proc/self/status]	VmPTE:	     444 kB
20220312 001724.352 INFO             PET0 PIOc_freedecomp Exit - MemInfo: [/proc/self/status]	VmPMD:	      12 kB
20220312 001724.352 INFO             PET0 PIOc_freedecomp Exit - MemInfo: [/proc/self/status]	VmSwap:	       0 kB
20220312 001724.352 INFO             PET0 PIOc_freedecomp Exit - MemInfo: [/proc/self/status]	VmRSSPercent: 0.0697888 %
20220312 001724.352 INFO             PET0 PIOc_freedecomp Exit - MemInfo: [malloc] Non-mmapped space allocated:                10452992 Byte
20220312 001724.352 INFO             PET0 PIOc_freedecomp Exit - MemInfo: [malloc] Space allocated in mmapped regions:          4337664 Byte
20220312 001724.352 INFO             PET0 PIOc_freedecomp Exit - MemInfo: [malloc] Maximum total allocated space:                     0 Byte
20220312 001724.352 INFO             PET0 PIOc_freedecomp Exit - MemInfo: [malloc] Space in freed fastbin blocks:                   944 Byte
20220312 001724.352 INFO             PET0 PIOc_freedecomp Exit - MemInfo: [malloc] Total allocated space:                       1370656 Byte
20220312 001724.352 INFO             PET0 PIOc_freedecomp Exit - MemInfo: [malloc] Total free space:                            9082336 Byte
20220312 001724.352 INFO             PET0 PIOc_freedecomp Exit - MemInfo: [malloc] Top-most, releasable space:                  9046336 Byte
20220312 001724.352 INFO             PET0 PIOc_freedecomp Exit - MemInfo: [malloc] Total space in use, mmap + non-mmap:         5708320 Byte
20220312 001724.352 INFO             PET0 PIOc_freedecomp Exit - MemInfo: [malloc] Total space held (mmap + non-mmap):         14790656 Byte
20220312 001724.352 INFO             PET0 PIOc_freedecomp Exit - MemInfo: [malloc] Total space used (mmap + non-mmap):          5716528 Byte
20220312 001724.352 INFO             PET0 PIOc_freedecomp Exit - MemInfo: Wall-clock time since execution start:               0.074945 seconds
20220312 001724.352 INFO             PET0 PASS ESMC_FieldRegridStoreFile test, ESMC_FieldSMMFromFileUTest.C, line 199
20220312 001724.358 INFO             PET0 PASS ESMC_FieldSMMStore from File test, ESMC_FieldSMMFromFileUTest.C, line 229
20220312 001724.358 INFO             PET0 PASS ESMC_FieldSMMStore From File validation, ESMC_FieldSMMFromFileUTest.C, line 257
20220312 001724.358 INFO             PET0 PASS ESMC_FieldRegridRelease, ESMC_FieldSMMFromFileUTest.C, line 271
20220312 001724.358 INFO             PET0 Ending Test, file ESMC_FieldSMMFromFileUTest.C, line 289
20220312 001724.358 INFO             PET0 Finalizing ESMF
20220312 001724.312 INFO             PET1 !!!!!!!!!!!!!!!!!!!!!!!!!!!!!!!!!!!!!!!!!!!!!!!!!!!!!!
20220312 001724.312 INFO             PET1 !!! THE ESMF_LOG IS SET TO OUTPUT ALL LOG MESSAGES !!!
20220312 001724.312 INFO             PET1 !!!     THIS MAY CAUSE SLOWDOWN IN PERFORMANCE     !!!
20220312 001724.312 INFO             PET1 !!! FOR PRODUCTION RUNS, USE:                      !!!
20220312 001724.312 INFO             PET1 !!!                   ESMF_LOGKIND_Multi_On_Error  !!!
20220312 001724.312 INFO             PET1 !!!!!!!!!!!!!!!!!!!!!!!!!!!!!!!!!!!!!!!!!!!!!!!!!!!!!!
20220312 001724.312 INFO             PET1 Running with ESMF Version   : v8.3.0b09-96-g559b459836
20220312 001724.312 INFO             PET1 ESMF library build date/time: "Mar 11 2022" "23:55:33"
20220312 001724.312 INFO             PET1 ESMF library build location : /lustre/f2/dev/ncep/Mark.Potts/intel_2019.5_mpi_g_jedwards_pio_update2
20220312 001724.312 INFO             PET1 ESMF_COMM                   : mpi
20220312 001724.313 INFO             PET1 ESMF_MOAB                   : enabled
20220312 001724.313 INFO             PET1 ESMF_LAPACK                 : enabled
20220312 001724.313 INFO             PET1 ESMF_NETCDF                 : enabled
20220312 001724.313 INFO             PET1 ESMF_PNETCDF                : disabled
20220312 001724.313 INFO             PET1 ESMF_PIO                    : enabled
20220312 001724.313 INFO             PET1 ESMF_YAMLCPP                : enabled
20220312 001724.313 INFO             PET1 Beginning Test, file ESMC_FieldSMMFromFileUTest.C, line 41
20220312 001724.313 INFO             PET1 Beginning Test, file ESMC_FieldSMMFromFileUTest.C, line 41NUMBER_OF_PROCESSORS 4
20220312 001724.340 INFO             PET1 PIOc_sync Enter - MemInfo: [/proc/meminfo - SSI]	MemTotal:       65855856 kB
20220312 001724.340 INFO             PET1 PIOc_sync Enter - MemInfo: [/proc/meminfo - SSI]	MemFree:        61067128 kB
20220312 001724.340 INFO             PET1 PIOc_sync Enter - MemInfo: [/proc/meminfo - SSI]	MemAvailable:   60895108 kB
20220312 001724.340 INFO             PET1 PIOc_sync Enter - MemInfo: [/proc/meminfo - SSI]	Committed_AS:    3146616 kB
20220312 001724.340 INFO             PET1 PIOc_sync Enter - MemInfo: [/proc/meminfo - SSI]	CommittedPercent: 4.77804 %
20220312 001724.340 INFO             PET1 PIOc_sync Enter - MemInfo: [/proc/self/status]	VmPeak:	  260320 kB
20220312 001724.340 INFO             PET1 PIOc_sync Enter - MemInfo: [/proc/self/status]	VmSize:	  260044 kB
20220312 001724.340 INFO             PET1 PIOc_sync Enter - MemInfo: [/proc/self/status]	VmLck:	       0 kB
20220312 001724.340 INFO             PET1 PIOc_sync Enter - MemInfo: [/proc/self/status]	VmPin:	       0 kB
20220312 001724.340 INFO             PET1 PIOc_sync Enter - MemInfo: [/proc/self/status]	VmHWM:	   39480 kB
20220312 001724.340 INFO             PET1 PIOc_sync Enter - MemInfo: [/proc/self/status]	VmRSS:	   39480 kB
20220312 001724.340 INFO             PET1 PIOc_sync Enter - MemInfo: [/proc/self/status]	VmData:	   25956 kB
20220312 001724.340 INFO             PET1 PIOc_sync Enter - MemInfo: [/proc/self/status]	VmStk:	     508 kB
20220312 001724.340 INFO             PET1 PIOc_sync Enter - MemInfo: [/proc/self/status]	VmExe:	     880 kB
20220312 001724.340 INFO             PET1 PIOc_sync Enter - MemInfo: [/proc/self/status]	VmLib:	  133788 kB
20220312 001724.340 INFO             PET1 PIOc_sync Enter - MemInfo: [/proc/self/status]	VmPTE:	     412 kB
20220312 001724.340 INFO             PET1 PIOc_sync Enter - MemInfo: [/proc/self/status]	VmPMD:	      12 kB
20220312 001724.340 INFO             PET1 PIOc_sync Enter - MemInfo: [/proc/self/status]	VmSwap:	       0 kB
20220312 001724.340 INFO             PET1 PIOc_sync Enter - MemInfo: [/proc/self/status]	VmRSSPercent: 0.0599491 %
20220312 001724.340 INFO             PET1 PIOc_sync Enter - MemInfo: [malloc] Non-mmapped space allocated:                 1277952 Byte
20220312 001724.340 INFO             PET1 PIOc_sync Enter - MemInfo: [malloc] Space allocated in mmapped regions:          4005888 Byte
20220312 001724.340 INFO             PET1 PIOc_sync Enter - MemInfo: [malloc] Maximum total allocated space:                     0 Byte
20220312 001724.340 INFO             PET1 PIOc_sync Enter - MemInfo: [malloc] Space in freed fastbin blocks:                    48 Byte
20220312 001724.340 INFO             PET1 PIOc_sync Enter - MemInfo: [malloc] Total allocated space:                       1128064 Byte
20220312 001724.340 INFO             PET1 PIOc_sync Enter - MemInfo: [malloc] Total free space:                             149888 Byte
20220312 001724.340 INFO             PET1 PIOc_sync Enter - MemInfo: [malloc] Top-most, releasable space:                   135072 Byte
20220312 001724.340 INFO             PET1 PIOc_sync Enter - MemInfo: [malloc] Total space in use, mmap + non-mmap:         5133952 Byte
20220312 001724.340 INFO             PET1 PIOc_sync Enter - MemInfo: [malloc] Total space held (mmap + non-mmap):          5283840 Byte
20220312 001724.341 INFO             PET1 PIOc_sync Enter - MemInfo: [malloc] Total space used (mmap + non-mmap):          5142864 Byte
20220312 001724.341 INFO             PET1 PIOc_sync Enter - MemInfo: Wall-clock time since execution start:              0.0632799 seconds
20220312 001724.341 INFO             PET1 PIOc_sync Exit - MemInfo: [/proc/meminfo - SSI]	MemTotal:       65855856 kB
20220312 001724.341 INFO             PET1 PIOc_sync Exit - MemInfo: [/proc/meminfo - SSI]	MemFree:        61067128 kB
20220312 001724.341 INFO             PET1 PIOc_sync Exit - MemInfo: [/proc/meminfo - SSI]	MemAvailable:   60895108 kB
20220312 001724.341 INFO             PET1 PIOc_sync Exit - MemInfo: [/proc/meminfo - SSI]	Committed_AS:    3146616 kB
20220312 001724.341 INFO             PET1 PIOc_sync Exit - MemInfo: [/proc/meminfo - SSI]	CommittedPercent: 4.77804 %
20220312 001724.341 INFO             PET1 PIOc_sync Exit - MemInfo: [/proc/self/status]	VmPeak:	  260320 kB
20220312 001724.341 INFO             PET1 PIOc_sync Exit - MemInfo: [/proc/self/status]	VmSize:	  260044 kB
20220312 001724.341 INFO             PET1 PIOc_sync Exit - MemInfo: [/proc/self/status]	VmLck:	       0 kB
20220312 001724.341 INFO             PET1 PIOc_sync Exit - MemInfo: [/proc/self/status]	VmPin:	       0 kB
20220312 001724.341 INFO             PET1 PIOc_sync Exit - MemInfo: [/proc/self/status]	VmHWM:	   39480 kB
20220312 001724.341 INFO             PET1 PIOc_sync Exit - MemInfo: [/proc/self/status]	VmRSS:	   39480 kB
20220312 001724.341 INFO             PET1 PIOc_sync Exit - MemInfo: [/proc/self/status]	VmData:	   25956 kB
20220312 001724.341 INFO             PET1 PIOc_sync Exit - MemInfo: [/proc/self/status]	VmStk:	     508 kB
20220312 001724.341 INFO             PET1 PIOc_sync Exit - MemInfo: [/proc/self/status]	VmExe:	     880 kB
20220312 001724.341 INFO             PET1 PIOc_sync Exit - MemInfo: [/proc/self/status]	VmLib:	  133788 kB
20220312 001724.341 INFO             PET1 PIOc_sync Exit - MemInfo: [/proc/self/status]	VmPTE:	     412 kB
20220312 001724.341 INFO             PET1 PIOc_sync Exit - MemInfo: [/proc/self/status]	VmPMD:	      12 kB
20220312 001724.341 INFO             PET1 PIOc_sync Exit - MemInfo: [/proc/self/status]	VmSwap:	       0 kB
20220312 001724.341 INFO             PET1 PIOc_sync Exit - MemInfo: [/proc/self/status]	VmRSSPercent: 0.0599491 %
20220312 001724.341 INFO             PET1 PIOc_sync Exit - MemInfo: [malloc] Non-mmapped space allocated:                 1277952 Byte
20220312 001724.341 INFO             PET1 PIOc_sync Exit - MemInfo: [malloc] Space allocated in mmapped regions:          4005888 Byte
20220312 001724.341 INFO             PET1 PIOc_sync Exit - MemInfo: [malloc] Maximum total allocated space:                     0 Byte
20220312 001724.341 INFO             PET1 PIOc_sync Exit - MemInfo: [malloc] Space in freed fastbin blocks:                    48 Byte
20220312 001724.341 INFO             PET1 PIOc_sync Exit - MemInfo: [malloc] Total allocated space:                       1129712 Byte
20220312 001724.341 INFO             PET1 PIOc_sync Exit - MemInfo: [malloc] Total free space:                             148240 Byte
20220312 001724.341 INFO             PET1 PIOc_sync Exit - MemInfo: [malloc] Top-most, releasable space:                   134848 Byte
20220312 001724.341 INFO             PET1 PIOc_sync Exit - MemInfo: [malloc] Total space in use, mmap + non-mmap:         5135600 Byte
20220312 001724.341 INFO             PET1 PIOc_sync Exit - MemInfo: [malloc] Total space held (mmap + non-mmap):          5283840 Byte
20220312 001724.341 INFO             PET1 PIOc_sync Exit - MemInfo: [malloc] Total space used (mmap + non-mmap):          5144096 Byte
20220312 001724.341 INFO             PET1 PIOc_sync Exit - MemInfo: Wall-clock time since execution start:              0.0641699 seconds
20220312 001724.342 INFO             PET1 PIOc_freedecomp Enter - MemInfo: [/proc/meminfo - SSI]	MemTotal:       65855856 kB
20220312 001724.342 INFO             PET1 PIOc_freedecomp Enter - MemInfo: [/proc/meminfo - SSI]	MemFree:        61074184 kB
20220312 001724.342 INFO             PET1 PIOc_freedecomp Enter - MemInfo: [/proc/meminfo - SSI]	MemAvailable:   60902164 kB
20220312 001724.342 INFO             PET1 PIOc_freedecomp Enter - MemInfo: [/proc/meminfo - SSI]	Committed_AS:    3138752 kB
20220312 001724.342 INFO             PET1 PIOc_freedecomp Enter - MemInfo: [/proc/meminfo - SSI]	CommittedPercent: 4.76609 %
20220312 001724.342 INFO             PET1 PIOc_freedecomp Enter - MemInfo: [/proc/self/status]	VmPeak:	  260320 kB
20220312 001724.342 INFO             PET1 PIOc_freedecomp Enter - MemInfo: [/proc/self/status]	VmSize:	  260044 kB
20220312 001724.342 INFO             PET1 PIOc_freedecomp Enter - MemInfo: [/proc/self/status]	VmLck:	       0 kB
20220312 001724.342 INFO             PET1 PIOc_freedecomp Enter - MemInfo: [/proc/self/status]	VmPin:	       0 kB
20220312 001724.342 INFO             PET1 PIOc_freedecomp Enter - MemInfo: [/proc/self/status]	VmHWM:	   39480 kB
20220312 001724.342 INFO             PET1 PIOc_freedecomp Enter - MemInfo: [/proc/self/status]	VmRSS:	   39480 kB
20220312 001724.342 INFO             PET1 PIOc_freedecomp Enter - MemInfo: [/proc/self/status]	VmData:	   25956 kB
20220312 001724.342 INFO             PET1 PIOc_freedecomp Enter - MemInfo: [/proc/self/status]	VmStk:	     508 kB
20220312 001724.342 INFO             PET1 PIOc_freedecomp Enter - MemInfo: [/proc/self/status]	VmExe:	     880 kB
20220312 001724.342 INFO             PET1 PIOc_freedecomp Enter - MemInfo: [/proc/self/status]	VmLib:	  133788 kB
20220312 001724.342 INFO             PET1 PIOc_freedecomp Enter - MemInfo: [/proc/self/status]	VmPTE:	     412 kB
20220312 001724.342 INFO             PET1 PIOc_freedecomp Enter - MemInfo: [/proc/self/status]	VmPMD:	      12 kB
20220312 001724.342 INFO             PET1 PIOc_freedecomp Enter - MemInfo: [/proc/self/status]	VmSwap:	       0 kB
20220312 001724.342 INFO             PET1 PIOc_freedecomp Enter - MemInfo: [/proc/self/status]	VmRSSPercent: 0.0599491 %
20220312 001724.342 INFO             PET1 PIOc_freedecomp Enter - MemInfo: [malloc] Non-mmapped space allocated:                 1277952 Byte
20220312 001724.342 INFO             PET1 PIOc_freedecomp Enter - MemInfo: [malloc] Space allocated in mmapped regions:          4005888 Byte
20220312 001724.342 INFO             PET1 PIOc_freedecomp Enter - MemInfo: [malloc] Maximum total allocated space:                     0 Byte
20220312 001724.342 INFO             PET1 PIOc_freedecomp Enter - MemInfo: [malloc] Space in freed fastbin blocks:                   240 Byte
20220312 001724.342 INFO             PET1 PIOc_freedecomp Enter - MemInfo: [malloc] Total allocated space:                       1130176 Byte
20220312 001724.342 INFO             PET1 PIOc_freedecomp Enter - MemInfo: [malloc] Total free space:                             147776 Byte
20220312 001724.342 INFO             PET1 PIOc_freedecomp Enter - MemInfo: [malloc] Top-most, releasable space:                   134624 Byte
20220312 001724.342 INFO             PET1 PIOc_freedecomp Enter - MemInfo: [malloc] Total space in use, mmap + non-mmap:         5136064 Byte
20220312 001724.342 INFO             PET1 PIOc_freedecomp Enter - MemInfo: [malloc] Total space held (mmap + non-mmap):          5283840 Byte
20220312 001724.342 INFO             PET1 PIOc_freedecomp Enter - MemInfo: [malloc] Total space used (mmap + non-mmap):          5144560 Byte
20220312 001724.342 INFO             PET1 PIOc_freedecomp Enter - MemInfo: Wall-clock time since execution start:              0.0650299 seconds
20220312 001724.342 INFO             PET1 PIOc_freedecomp Exit - MemInfo: [/proc/meminfo - SSI]	MemTotal:       65855856 kB
20220312 001724.342 INFO             PET1 PIOc_freedecomp Exit - MemInfo: [/proc/meminfo - SSI]	MemFree:        61074184 kB
20220312 001724.342 INFO             PET1 PIOc_freedecomp Exit - MemInfo: [/proc/meminfo - SSI]	MemAvailable:   60902164 kB
20220312 001724.342 INFO             PET1 PIOc_freedecomp Exit - MemInfo: [/proc/meminfo - SSI]	Committed_AS:    3138752 kB
20220312 001724.342 INFO             PET1 PIOc_freedecomp Exit - MemInfo: [/proc/meminfo - SSI]	CommittedPercent: 4.76609 %
20220312 001724.342 INFO             PET1 PIOc_freedecomp Exit - MemInfo: [/proc/self/status]	VmPeak:	  260320 kB
20220312 001724.342 INFO             PET1 PIOc_freedecomp Exit - MemInfo: [/proc/self/status]	VmSize:	  260044 kB
20220312 001724.342 INFO             PET1 PIOc_freedecomp Exit - MemInfo: [/proc/self/status]	VmLck:	       0 kB
20220312 001724.342 INFO             PET1 PIOc_freedecomp Exit - MemInfo: [/proc/self/status]	VmPin:	       0 kB
20220312 001724.342 INFO             PET1 PIOc_freedecomp Exit - MemInfo: [/proc/self/status]	VmHWM:	   39480 kB
20220312 001724.342 INFO             PET1 PIOc_freedecomp Exit - MemInfo: [/proc/self/status]	VmRSS:	   39480 kB
20220312 001724.343 INFO             PET1 PIOc_freedecomp Exit - MemInfo: [/proc/self/status]	VmData:	   25956 kB
20220312 001724.343 INFO             PET1 PIOc_freedecomp Exit - MemInfo: [/proc/self/status]	VmStk:	     508 kB
20220312 001724.343 INFO             PET1 PIOc_freedecomp Exit - MemInfo: [/proc/self/status]	VmExe:	     880 kB
20220312 001724.343 INFO             PET1 PIOc_freedecomp Exit - MemInfo: [/proc/self/status]	VmLib:	  133788 kB
20220312 001724.343 INFO             PET1 PIOc_freedecomp Exit - MemInfo: [/proc/self/status]	VmPTE:	     412 kB
20220312 001724.343 INFO             PET1 PIOc_freedecomp Exit - MemInfo: [/proc/self/status]	VmPMD:	      12 kB
20220312 001724.343 INFO             PET1 PIOc_freedecomp Exit - MemInfo: [/proc/self/status]	VmSwap:	       0 kB
20220312 001724.343 INFO             PET1 PIOc_freedecomp Exit - MemInfo: [/proc/self/status]	VmRSSPercent: 0.0599491 %
20220312 001724.343 INFO             PET1 PIOc_freedecomp Exit - MemInfo: [malloc] Non-mmapped space allocated:                 1277952 Byte
20220312 001724.343 INFO             PET1 PIOc_freedecomp Exit - MemInfo: [malloc] Space allocated in mmapped regions:          4005888 Byte
20220312 001724.343 INFO             PET1 PIOc_freedecomp Exit - MemInfo: [malloc] Maximum total allocated space:                     0 Byte
20220312 001724.343 INFO             PET1 PIOc_freedecomp Exit - MemInfo: [malloc] Space in freed fastbin blocks:                   208 Byte
20220312 001724.343 INFO             PET1 PIOc_freedecomp Exit - MemInfo: [malloc] Total allocated space:                       1129984 Byte
20220312 001724.343 INFO             PET1 PIOc_freedecomp Exit - MemInfo: [malloc] Total free space:                             147968 Byte
20220312 001724.343 INFO             PET1 PIOc_freedecomp Exit - MemInfo: [malloc] Top-most, releasable space:                   134400 Byte
20220312 001724.343 INFO             PET1 PIOc_freedecomp Exit - MemInfo: [malloc] Total space in use, mmap + non-mmap:         5135872 Byte
20220312 001724.343 INFO             PET1 PIOc_freedecomp Exit - MemInfo: [malloc] Total space held (mmap + non-mmap):          5283840 Byte
20220312 001724.343 INFO             PET1 PIOc_freedecomp Exit - MemInfo: [malloc] Total space used (mmap + non-mmap):          5144304 Byte
20220312 001724.343 INFO             PET1 PIOc_freedecomp Exit - MemInfo: Wall-clock time since execution start:              0.0655949 seconds
20220312 001724.346 INFO             PET1 PIOc_sync Enter - MemInfo: [/proc/meminfo - SSI]	MemTotal:       65855856 kB
20220312 001724.346 INFO             PET1 PIOc_sync Enter - MemInfo: [/proc/meminfo - SSI]	MemFree:        61071160 kB
20220312 001724.346 INFO             PET1 PIOc_sync Enter - MemInfo: [/proc/meminfo - SSI]	MemAvailable:   60899140 kB
20220312 001724.346 INFO             PET1 PIOc_sync Enter - MemInfo: [/proc/meminfo - SSI]	Committed_AS:    3147004 kB
20220312 001724.346 INFO             PET1 PIOc_sync Enter - MemInfo: [/proc/meminfo - SSI]	CommittedPercent: 4.77862 %
20220312 001724.346 INFO             PET1 PIOc_sync Enter - MemInfo: [/proc/self/status]	VmPeak:	  260320 kB
20220312 001724.346 INFO             PET1 PIOc_sync Enter - MemInfo: [/proc/self/status]	VmSize:	  260008 kB
20220312 001724.346 INFO             PET1 PIOc_sync Enter - MemInfo: [/proc/self/status]	VmLck:	       0 kB
20220312 001724.346 INFO             PET1 PIOc_sync Enter - MemInfo: [/proc/self/status]	VmPin:	       0 kB
20220312 001724.346 INFO             PET1 PIOc_sync Enter - MemInfo: [/proc/self/status]	VmHWM:	   39624 kB
20220312 001724.346 INFO             PET1 PIOc_sync Enter - MemInfo: [/proc/self/status]	VmRSS:	   39608 kB
20220312 001724.346 INFO             PET1 PIOc_sync Enter - MemInfo: [/proc/self/status]	VmData:	   25956 kB
20220312 001724.346 INFO             PET1 PIOc_sync Enter - MemInfo: [/proc/self/status]	VmStk:	     508 kB
20220312 001724.346 INFO             PET1 PIOc_sync Enter - MemInfo: [/proc/self/status]	VmExe:	     880 kB
20220312 001724.346 INFO             PET1 PIOc_sync Enter - MemInfo: [/proc/self/status]	VmLib:	  133788 kB
20220312 001724.346 INFO             PET1 PIOc_sync Enter - MemInfo: [/proc/self/status]	VmPTE:	     412 kB
20220312 001724.346 INFO             PET1 PIOc_sync Enter - MemInfo: [/proc/self/status]	VmPMD:	      12 kB
20220312 001724.346 INFO             PET1 PIOc_sync Enter - MemInfo: [/proc/self/status]	VmSwap:	       0 kB
20220312 001724.346 INFO             PET1 PIOc_sync Enter - MemInfo: [/proc/self/status]	VmRSSPercent: 0.0601435 %
20220312 001724.346 INFO             PET1 PIOc_sync Enter - MemInfo: [malloc] Non-mmapped space allocated:                 1277952 Byte
20220312 001724.346 INFO             PET1 PIOc_sync Enter - MemInfo: [malloc] Space allocated in mmapped regions:          4005888 Byte
20220312 001724.346 INFO             PET1 PIOc_sync Enter - MemInfo: [malloc] Maximum total allocated space:                     0 Byte
20220312 001724.346 INFO             PET1 PIOc_sync Enter - MemInfo: [malloc] Space in freed fastbin blocks:                    80 Byte
20220312 001724.346 INFO             PET1 PIOc_sync Enter - MemInfo: [malloc] Total allocated space:                       1130864 Byte
20220312 001724.346 INFO             PET1 PIOc_sync Enter - MemInfo: [malloc] Total free space:                             147088 Byte
20220312 001724.346 INFO             PET1 PIOc_sync Enter - MemInfo: [malloc] Top-most, releasable space:                   134176 Byte
20220312 001724.346 INFO             PET1 PIOc_sync Enter - MemInfo: [malloc] Total space in use, mmap + non-mmap:         5136752 Byte
20220312 001724.346 INFO             PET1 PIOc_sync Enter - MemInfo: [malloc] Total space held (mmap + non-mmap):          5283840 Byte
20220312 001724.346 INFO             PET1 PIOc_sync Enter - MemInfo: [malloc] Total space used (mmap + non-mmap):          5144960 Byte
20220312 001724.346 INFO             PET1 PIOc_sync Enter - MemInfo: Wall-clock time since execution start:              0.0689969 seconds
20220312 001724.346 INFO             PET1 PIOc_sync Exit - MemInfo: [/proc/meminfo - SSI]	MemTotal:       65855856 kB
20220312 001724.346 INFO             PET1 PIOc_sync Exit - MemInfo: [/proc/meminfo - SSI]	MemFree:        61071160 kB
20220312 001724.346 INFO             PET1 PIOc_sync Exit - MemInfo: [/proc/meminfo - SSI]	MemAvailable:   60899140 kB
20220312 001724.346 INFO             PET1 PIOc_sync Exit - MemInfo: [/proc/meminfo - SSI]	Committed_AS:    3147004 kB
20220312 001724.346 INFO             PET1 PIOc_sync Exit - MemInfo: [/proc/meminfo - SSI]	CommittedPercent: 4.77862 %
20220312 001724.346 INFO             PET1 PIOc_sync Exit - MemInfo: [/proc/self/status]	VmPeak:	  260320 kB
20220312 001724.346 INFO             PET1 PIOc_sync Exit - MemInfo: [/proc/self/status]	VmSize:	  260008 kB
20220312 001724.347 INFO             PET1 PIOc_sync Exit - MemInfo: [/proc/self/status]	VmLck:	       0 kB
20220312 001724.347 INFO             PET1 PIOc_sync Exit - MemInfo: [/proc/self/status]	VmPin:	       0 kB
20220312 001724.347 INFO             PET1 PIOc_sync Exit - MemInfo: [/proc/self/status]	VmHWM:	   39624 kB
20220312 001724.347 INFO             PET1 PIOc_sync Exit - MemInfo: [/proc/self/status]	VmRSS:	   39608 kB
20220312 001724.347 INFO             PET1 PIOc_sync Exit - MemInfo: [/proc/self/status]	VmData:	   25956 kB
20220312 001724.347 INFO             PET1 PIOc_sync Exit - MemInfo: [/proc/self/status]	VmStk:	     508 kB
20220312 001724.347 INFO             PET1 PIOc_sync Exit - MemInfo: [/proc/self/status]	VmExe:	     880 kB
20220312 001724.347 INFO             PET1 PIOc_sync Exit - MemInfo: [/proc/self/status]	VmLib:	  133788 kB
20220312 001724.347 INFO             PET1 PIOc_sync Exit - MemInfo: [/proc/self/status]	VmPTE:	     412 kB
20220312 001724.347 INFO             PET1 PIOc_sync Exit - MemInfo: [/proc/self/status]	VmPMD:	      12 kB
20220312 001724.347 INFO             PET1 PIOc_sync Exit - MemInfo: [/proc/self/status]	VmSwap:	       0 kB
20220312 001724.347 INFO             PET1 PIOc_sync Exit - MemInfo: [/proc/self/status]	VmRSSPercent: 0.0601435 %
20220312 001724.347 INFO             PET1 PIOc_sync Exit - MemInfo: [malloc] Non-mmapped space allocated:                 1277952 Byte
20220312 001724.347 INFO             PET1 PIOc_sync Exit - MemInfo: [malloc] Space allocated in mmapped regions:          4005888 Byte
20220312 001724.347 INFO             PET1 PIOc_sync Exit - MemInfo: [malloc] Maximum total allocated space:                     0 Byte
20220312 001724.347 INFO             PET1 PIOc_sync Exit - MemInfo: [malloc] Space in freed fastbin blocks:                     0 Byte
20220312 001724.347 INFO             PET1 PIOc_sync Exit - MemInfo: [malloc] Total allocated space:                       1131488 Byte
20220312 001724.347 INFO             PET1 PIOc_sync Exit - MemInfo: [malloc] Total free space:                             146464 Byte
20220312 001724.347 INFO             PET1 PIOc_sync Exit - MemInfo: [malloc] Top-most, releasable space:                   133952 Byte
20220312 001724.347 INFO             PET1 PIOc_sync Exit - MemInfo: [malloc] Total space in use, mmap + non-mmap:         5137376 Byte
20220312 001724.347 INFO             PET1 PIOc_sync Exit - MemInfo: [malloc] Total space held (mmap + non-mmap):          5283840 Byte
20220312 001724.347 INFO             PET1 PIOc_sync Exit - MemInfo: [malloc] Total space used (mmap + non-mmap):          5145584 Byte
20220312 001724.347 INFO             PET1 PIOc_sync Exit - MemInfo: Wall-clock time since execution start:               0.069643 seconds
20220312 001724.347 INFO             PET1 PIOc_freedecomp Enter - MemInfo: [/proc/meminfo - SSI]	MemTotal:       65855856 kB
20220312 001724.347 INFO             PET1 PIOc_freedecomp Enter - MemInfo: [/proc/meminfo - SSI]	MemFree:        61071160 kB
20220312 001724.347 INFO             PET1 PIOc_freedecomp Enter - MemInfo: [/proc/meminfo - SSI]	MemAvailable:   60899140 kB
20220312 001724.347 INFO             PET1 PIOc_freedecomp Enter - MemInfo: [/proc/meminfo - SSI]	Committed_AS:    3147004 kB
20220312 001724.347 INFO             PET1 PIOc_freedecomp Enter - MemInfo: [/proc/meminfo - SSI]	CommittedPercent: 4.77862 %
20220312 001724.347 INFO             PET1 PIOc_freedecomp Enter - MemInfo: [/proc/self/status]	VmPeak:	  260320 kB
20220312 001724.347 INFO             PET1 PIOc_freedecomp Enter - MemInfo: [/proc/self/status]	VmSize:	  260008 kB
20220312 001724.347 INFO             PET1 PIOc_freedecomp Enter - MemInfo: [/proc/self/status]	VmLck:	       0 kB
20220312 001724.347 INFO             PET1 PIOc_freedecomp Enter - MemInfo: [/proc/self/status]	VmPin:	       0 kB
20220312 001724.347 INFO             PET1 PIOc_freedecomp Enter - MemInfo: [/proc/self/status]	VmHWM:	   39624 kB
20220312 001724.347 INFO             PET1 PIOc_freedecomp Enter - MemInfo: [/proc/self/status]	VmRSS:	   39608 kB
20220312 001724.347 INFO             PET1 PIOc_freedecomp Enter - MemInfo: [/proc/self/status]	VmData:	   25956 kB
20220312 001724.347 INFO             PET1 PIOc_freedecomp Enter - MemInfo: [/proc/self/status]	VmStk:	     508 kB
20220312 001724.347 INFO             PET1 PIOc_freedecomp Enter - MemInfo: [/proc/self/status]	VmExe:	     880 kB
20220312 001724.347 INFO             PET1 PIOc_freedecomp Enter - MemInfo: [/proc/self/status]	VmLib:	  133788 kB
20220312 001724.347 INFO             PET1 PIOc_freedecomp Enter - MemInfo: [/proc/self/status]	VmPTE:	     412 kB
20220312 001724.347 INFO             PET1 PIOc_freedecomp Enter - MemInfo: [/proc/self/status]	VmPMD:	      12 kB
20220312 001724.347 INFO             PET1 PIOc_freedecomp Enter - MemInfo: [/proc/self/status]	VmSwap:	       0 kB
20220312 001724.347 INFO             PET1 PIOc_freedecomp Enter - MemInfo: [/proc/self/status]	VmRSSPercent: 0.0601435 %
20220312 001724.347 INFO             PET1 PIOc_freedecomp Enter - MemInfo: [malloc] Non-mmapped space allocated:                 1277952 Byte
20220312 001724.347 INFO             PET1 PIOc_freedecomp Enter - MemInfo: [malloc] Space allocated in mmapped regions:          4005888 Byte
20220312 001724.347 INFO             PET1 PIOc_freedecomp Enter - MemInfo: [malloc] Maximum total allocated space:                     0 Byte
20220312 001724.347 INFO             PET1 PIOc_freedecomp Enter - MemInfo: [malloc] Space in freed fastbin blocks:                   160 Byte
20220312 001724.347 INFO             PET1 PIOc_freedecomp Enter - MemInfo: [malloc] Total allocated space:                       1131408 Byte
20220312 001724.347 INFO             PET1 PIOc_freedecomp Enter - MemInfo: [malloc] Total free space:                             146544 Byte
20220312 001724.347 INFO             PET1 PIOc_freedecomp Enter - MemInfo: [malloc] Top-most, releasable space:                   133728 Byte
20220312 001724.347 INFO             PET1 PIOc_freedecomp Enter - MemInfo: [malloc] Total space in use, mmap + non-mmap:         5137296 Byte
20220312 001724.348 INFO             PET1 PIOc_freedecomp Enter - MemInfo: [malloc] Total space held (mmap + non-mmap):          5283840 Byte
20220312 001724.348 INFO             PET1 PIOc_freedecomp Enter - MemInfo: [malloc] Total space used (mmap + non-mmap):          5145504 Byte
20220312 001724.348 INFO             PET1 PIOc_freedecomp Enter - MemInfo: Wall-clock time since execution start:               0.070297 seconds
20220312 001724.348 INFO             PET1 PIOc_freedecomp Exit - MemInfo: [/proc/meminfo - SSI]	MemTotal:       65855856 kB
20220312 001724.348 INFO             PET1 PIOc_freedecomp Exit - MemInfo: [/proc/meminfo - SSI]	MemFree:        61070656 kB
20220312 001724.348 INFO             PET1 PIOc_freedecomp Exit - MemInfo: [/proc/meminfo - SSI]	MemAvailable:   60898636 kB
20220312 001724.348 INFO             PET1 PIOc_freedecomp Exit - MemInfo: [/proc/meminfo - SSI]	Committed_AS:    3147004 kB
20220312 001724.348 INFO             PET1 PIOc_freedecomp Exit - MemInfo: [/proc/meminfo - SSI]	CommittedPercent: 4.77862 %
20220312 001724.348 INFO             PET1 PIOc_freedecomp Exit - MemInfo: [/proc/self/status]	VmPeak:	  260320 kB
20220312 001724.348 INFO             PET1 PIOc_freedecomp Exit - MemInfo: [/proc/self/status]	VmSize:	  260008 kB
20220312 001724.348 INFO             PET1 PIOc_freedecomp Exit - MemInfo: [/proc/self/status]	VmLck:	       0 kB
20220312 001724.348 INFO             PET1 PIOc_freedecomp Exit - MemInfo: [/proc/self/status]	VmPin:	       0 kB
20220312 001724.348 INFO             PET1 PIOc_freedecomp Exit - MemInfo: [/proc/self/status]	VmHWM:	   39624 kB
20220312 001724.348 INFO             PET1 PIOc_freedecomp Exit - MemInfo: [/proc/self/status]	VmRSS:	   39608 kB
20220312 001724.348 INFO             PET1 PIOc_freedecomp Exit - MemInfo: [/proc/self/status]	VmData:	   25956 kB
20220312 001724.348 INFO             PET1 PIOc_freedecomp Exit - MemInfo: [/proc/self/status]	VmStk:	     508 kB
20220312 001724.348 INFO             PET1 PIOc_freedecomp Exit - MemInfo: [/proc/self/status]	VmExe:	     880 kB
20220312 001724.348 INFO             PET1 PIOc_freedecomp Exit - MemInfo: [/proc/self/status]	VmLib:	  133788 kB
20220312 001724.348 INFO             PET1 PIOc_freedecomp Exit - MemInfo: [/proc/self/status]	VmPTE:	     412 kB
20220312 001724.348 INFO             PET1 PIOc_freedecomp Exit - MemInfo: [/proc/self/status]	VmPMD:	      12 kB
20220312 001724.348 INFO             PET1 PIOc_freedecomp Exit - MemInfo: [/proc/self/status]	VmSwap:	       0 kB
20220312 001724.348 INFO             PET1 PIOc_freedecomp Exit - MemInfo: [/proc/self/status]	VmRSSPercent: 0.0601435 %
20220312 001724.348 INFO             PET1 PIOc_freedecomp Exit - MemInfo: [malloc] Non-mmapped space allocated:                 1277952 Byte
20220312 001724.348 INFO             PET1 PIOc_freedecomp Exit - MemInfo: [malloc] Space allocated in mmapped regions:          4005888 Byte
20220312 001724.348 INFO             PET1 PIOc_freedecomp Exit - MemInfo: [malloc] Maximum total allocated space:                     0 Byte
20220312 001724.348 INFO             PET1 PIOc_freedecomp Exit - MemInfo: [malloc] Space in freed fastbin blocks:                   528 Byte
20220312 001724.348 INFO             PET1 PIOc_freedecomp Exit - MemInfo: [malloc] Total allocated space:                       1130048 Byte
20220312 001724.348 INFO             PET1 PIOc_freedecomp Exit - MemInfo: [malloc] Total free space:                             147904 Byte
20220312 001724.348 INFO             PET1 PIOc_freedecomp Exit - MemInfo: [malloc] Top-most, releasable space:                   133504 Byte
20220312 001724.348 INFO             PET1 PIOc_freedecomp Exit - MemInfo: [malloc] Total space in use, mmap + non-mmap:         5135936 Byte
20220312 001724.348 INFO             PET1 PIOc_freedecomp Exit - MemInfo: [malloc] Total space held (mmap + non-mmap):          5283840 Byte
20220312 001724.348 INFO             PET1 PIOc_freedecomp Exit - MemInfo: [malloc] Total space used (mmap + non-mmap):          5144144 Byte
20220312 001724.348 INFO             PET1 PIOc_freedecomp Exit - MemInfo: Wall-clock time since execution start:              0.0708439 seconds
20220312 001724.350 INFO             PET1 PIOc_sync Enter - MemInfo: [/proc/meminfo - SSI]	MemTotal:       65855856 kB
20220312 001724.350 INFO             PET1 PIOc_sync Enter - MemInfo: [/proc/meminfo - SSI]	MemFree:        61070656 kB
20220312 001724.350 INFO             PET1 PIOc_sync Enter - MemInfo: [/proc/meminfo - SSI]	MemAvailable:   60898636 kB
20220312 001724.350 INFO             PET1 PIOc_sync Enter - MemInfo: [/proc/meminfo - SSI]	Committed_AS:    3147004 kB
20220312 001724.350 INFO             PET1 PIOc_sync Enter - MemInfo: [/proc/meminfo - SSI]	CommittedPercent: 4.77862 %
20220312 001724.350 INFO             PET1 PIOc_sync Enter - MemInfo: [/proc/self/status]	VmPeak:	  260320 kB
20220312 001724.350 INFO             PET1 PIOc_sync Enter - MemInfo: [/proc/self/status]	VmSize:	  260008 kB
20220312 001724.350 INFO             PET1 PIOc_sync Enter - MemInfo: [/proc/self/status]	VmLck:	       0 kB
20220312 001724.350 INFO             PET1 PIOc_sync Enter - MemInfo: [/proc/self/status]	VmPin:	       0 kB
20220312 001724.350 INFO             PET1 PIOc_sync Enter - MemInfo: [/proc/self/status]	VmHWM:	   39624 kB
20220312 001724.350 INFO             PET1 PIOc_sync Enter - MemInfo: [/proc/self/status]	VmRSS:	   39608 kB
20220312 001724.350 INFO             PET1 PIOc_sync Enter - MemInfo: [/proc/self/status]	VmData:	   25956 kB
20220312 001724.350 INFO             PET1 PIOc_sync Enter - MemInfo: [/proc/self/status]	VmStk:	     508 kB
20220312 001724.350 INFO             PET1 PIOc_sync Enter - MemInfo: [/proc/self/status]	VmExe:	     880 kB
20220312 001724.350 INFO             PET1 PIOc_sync Enter - MemInfo: [/proc/self/status]	VmLib:	  133788 kB
20220312 001724.350 INFO             PET1 PIOc_sync Enter - MemInfo: [/proc/self/status]	VmPTE:	     416 kB
20220312 001724.350 INFO             PET1 PIOc_sync Enter - MemInfo: [/proc/self/status]	VmPMD:	      12 kB
20220312 001724.350 INFO             PET1 PIOc_sync Enter - MemInfo: [/proc/self/status]	VmSwap:	       0 kB
20220312 001724.350 INFO             PET1 PIOc_sync Enter - MemInfo: [/proc/self/status]	VmRSSPercent: 0.0601435 %
20220312 001724.350 INFO             PET1 PIOc_sync Enter - MemInfo: [malloc] Non-mmapped space allocated:                 1277952 Byte
20220312 001724.350 INFO             PET1 PIOc_sync Enter - MemInfo: [malloc] Space allocated in mmapped regions:          4005888 Byte
20220312 001724.350 INFO             PET1 PIOc_sync Enter - MemInfo: [malloc] Maximum total allocated space:                     0 Byte
20220312 001724.350 INFO             PET1 PIOc_sync Enter - MemInfo: [malloc] Space in freed fastbin blocks:                    80 Byte
20220312 001724.350 INFO             PET1 PIOc_sync Enter - MemInfo: [malloc] Total allocated space:                       1131776 Byte
20220312 001724.350 INFO             PET1 PIOc_sync Enter - MemInfo: [malloc] Total free space:                             146176 Byte
20220312 001724.350 INFO             PET1 PIOc_sync Enter - MemInfo: [malloc] Top-most, releasable space:                   133280 Byte
20220312 001724.350 INFO             PET1 PIOc_sync Enter - MemInfo: [malloc] Total space in use, mmap + non-mmap:         5137664 Byte
20220312 001724.350 INFO             PET1 PIOc_sync Enter - MemInfo: [malloc] Total space held (mmap + non-mmap):          5283840 Byte
20220312 001724.350 INFO             PET1 PIOc_sync Enter - MemInfo: [malloc] Total space used (mmap + non-mmap):          5145872 Byte
20220312 001724.350 INFO             PET1 PIOc_sync Enter - MemInfo: Wall-clock time since execution start:               0.072793 seconds
20220312 001724.350 INFO             PET1 PIOc_sync Exit - MemInfo: [/proc/meminfo - SSI]	MemTotal:       65855856 kB
20220312 001724.350 INFO             PET1 PIOc_sync Exit - MemInfo: [/proc/meminfo - SSI]	MemFree:        61070656 kB
20220312 001724.350 INFO             PET1 PIOc_sync Exit - MemInfo: [/proc/meminfo - SSI]	MemAvailable:   60898636 kB
20220312 001724.350 INFO             PET1 PIOc_sync Exit - MemInfo: [/proc/meminfo - SSI]	Committed_AS:    3147004 kB
20220312 001724.350 INFO             PET1 PIOc_sync Exit - MemInfo: [/proc/meminfo - SSI]	CommittedPercent: 4.77862 %
20220312 001724.350 INFO             PET1 PIOc_sync Exit - MemInfo: [/proc/self/status]	VmPeak:	  260320 kB
20220312 001724.350 INFO             PET1 PIOc_sync Exit - MemInfo: [/proc/self/status]	VmSize:	  260008 kB
20220312 001724.350 INFO             PET1 PIOc_sync Exit - MemInfo: [/proc/self/status]	VmLck:	       0 kB
20220312 001724.350 INFO             PET1 PIOc_sync Exit - MemInfo: [/proc/self/status]	VmPin:	       0 kB
20220312 001724.350 INFO             PET1 PIOc_sync Exit - MemInfo: [/proc/self/status]	VmHWM:	   39624 kB
20220312 001724.350 INFO             PET1 PIOc_sync Exit - MemInfo: [/proc/self/status]	VmRSS:	   39608 kB
20220312 001724.350 INFO             PET1 PIOc_sync Exit - MemInfo: [/proc/self/status]	VmData:	   25956 kB
20220312 001724.350 INFO             PET1 PIOc_sync Exit - MemInfo: [/proc/self/status]	VmStk:	     508 kB
20220312 001724.350 INFO             PET1 PIOc_sync Exit - MemInfo: [/proc/self/status]	VmExe:	     880 kB
20220312 001724.350 INFO             PET1 PIOc_sync Exit - MemInfo: [/proc/self/status]	VmLib:	  133788 kB
20220312 001724.350 INFO             PET1 PIOc_sync Exit - MemInfo: [/proc/self/status]	VmPTE:	     416 kB
20220312 001724.350 INFO             PET1 PIOc_sync Exit - MemInfo: [/proc/self/status]	VmPMD:	      12 kB
20220312 001724.350 INFO             PET1 PIOc_sync Exit - MemInfo: [/proc/self/status]	VmSwap:	       0 kB
20220312 001724.350 INFO             PET1 PIOc_sync Exit - MemInfo: [/proc/self/status]	VmRSSPercent: 0.0601435 %
20220312 001724.350 INFO             PET1 PIOc_sync Exit - MemInfo: [malloc] Non-mmapped space allocated:                 1277952 Byte
20220312 001724.351 INFO             PET1 PIOc_sync Exit - MemInfo: [malloc] Space allocated in mmapped regions:          4005888 Byte
20220312 001724.351 INFO             PET1 PIOc_sync Exit - MemInfo: [malloc] Maximum total allocated space:                     0 Byte
20220312 001724.351 INFO             PET1 PIOc_sync Exit - MemInfo: [malloc] Space in freed fastbin blocks:                     0 Byte
20220312 001724.351 INFO             PET1 PIOc_sync Exit - MemInfo: [malloc] Total allocated space:                       1131856 Byte
20220312 001724.351 INFO             PET1 PIOc_sync Exit - MemInfo: [malloc] Total free space:                             146096 Byte
20220312 001724.351 INFO             PET1 PIOc_sync Exit - MemInfo: [malloc] Top-most, releasable space:                   133056 Byte
20220312 001724.351 INFO             PET1 PIOc_sync Exit - MemInfo: [malloc] Total space in use, mmap + non-mmap:         5137744 Byte
20220312 001724.351 INFO             PET1 PIOc_sync Exit - MemInfo: [malloc] Total space held (mmap + non-mmap):          5283840 Byte
20220312 001724.351 INFO             PET1 PIOc_sync Exit - MemInfo: [malloc] Total space used (mmap + non-mmap):          5145952 Byte
20220312 001724.351 INFO             PET1 PIOc_sync Exit - MemInfo: Wall-clock time since execution start:              0.0734739 seconds
20220312 001724.351 INFO             PET1 PIOc_freedecomp Enter - MemInfo: [/proc/meminfo - SSI]	MemTotal:       65855856 kB
20220312 001724.351 INFO             PET1 PIOc_freedecomp Enter - MemInfo: [/proc/meminfo - SSI]	MemFree:        61070656 kB
20220312 001724.351 INFO             PET1 PIOc_freedecomp Enter - MemInfo: [/proc/meminfo - SSI]	MemAvailable:   60898636 kB
20220312 001724.351 INFO             PET1 PIOc_freedecomp Enter - MemInfo: [/proc/meminfo - SSI]	Committed_AS:    3147004 kB
20220312 001724.351 INFO             PET1 PIOc_freedecomp Enter - MemInfo: [/proc/meminfo - SSI]	CommittedPercent: 4.77862 %
20220312 001724.351 INFO             PET1 PIOc_freedecomp Enter - MemInfo: [/proc/self/status]	VmPeak:	  260320 kB
20220312 001724.351 INFO             PET1 PIOc_freedecomp Enter - MemInfo: [/proc/self/status]	VmSize:	  260008 kB
20220312 001724.351 INFO             PET1 PIOc_freedecomp Enter - MemInfo: [/proc/self/status]	VmLck:	       0 kB
20220312 001724.351 INFO             PET1 PIOc_freedecomp Enter - MemInfo: [/proc/self/status]	VmPin:	       0 kB
20220312 001724.351 INFO             PET1 PIOc_freedecomp Enter - MemInfo: [/proc/self/status]	VmHWM:	   39624 kB
20220312 001724.351 INFO             PET1 PIOc_freedecomp Enter - MemInfo: [/proc/self/status]	VmRSS:	   39608 kB
20220312 001724.351 INFO             PET1 PIOc_freedecomp Enter - MemInfo: [/proc/self/status]	VmData:	   25956 kB
20220312 001724.351 INFO             PET1 PIOc_freedecomp Enter - MemInfo: [/proc/self/status]	VmStk:	     508 kB
20220312 001724.351 INFO             PET1 PIOc_freedecomp Enter - MemInfo: [/proc/self/status]	VmExe:	     880 kB
20220312 001724.351 INFO             PET1 PIOc_freedecomp Enter - MemInfo: [/proc/self/status]	VmLib:	  133788 kB
20220312 001724.351 INFO             PET1 PIOc_freedecomp Enter - MemInfo: [/proc/self/status]	VmPTE:	     416 kB
20220312 001724.351 INFO             PET1 PIOc_freedecomp Enter - MemInfo: [/proc/self/status]	VmPMD:	      12 kB
20220312 001724.351 INFO             PET1 PIOc_freedecomp Enter - MemInfo: [/proc/self/status]	VmSwap:	       0 kB
20220312 001724.351 INFO             PET1 PIOc_freedecomp Enter - MemInfo: [/proc/self/status]	VmRSSPercent: 0.0601435 %
20220312 001724.351 INFO             PET1 PIOc_freedecomp Enter - MemInfo: [malloc] Non-mmapped space allocated:                 1277952 Byte
20220312 001724.351 INFO             PET1 PIOc_freedecomp Enter - MemInfo: [malloc] Space allocated in mmapped regions:          4005888 Byte
20220312 001724.351 INFO             PET1 PIOc_freedecomp Enter - MemInfo: [malloc] Maximum total allocated space:                     0 Byte
20220312 001724.351 INFO             PET1 PIOc_freedecomp Enter - MemInfo: [malloc] Space in freed fastbin blocks:                     0 Byte
20220312 001724.351 INFO             PET1 PIOc_freedecomp Enter - MemInfo: [malloc] Total allocated space:                       1131568 Byte
20220312 001724.351 INFO             PET1 PIOc_freedecomp Enter - MemInfo: [malloc] Total free space:                             146384 Byte
20220312 001724.351 INFO             PET1 PIOc_freedecomp Enter - MemInfo: [malloc] Top-most, releasable space:                   132832 Byte
20220312 001724.351 INFO             PET1 PIOc_freedecomp Enter - MemInfo: [malloc] Total space in use, mmap + non-mmap:         5137456 Byte
20220312 001724.351 INFO             PET1 PIOc_freedecomp Enter - MemInfo: [malloc] Total space held (mmap + non-mmap):          5283840 Byte
20220312 001724.351 INFO             PET1 PIOc_freedecomp Enter - MemInfo: [malloc] Total space used (mmap + non-mmap):          5145664 Byte
20220312 001724.351 INFO             PET1 PIOc_freedecomp Enter - MemInfo: Wall-clock time since execution start:                0.07412 seconds
20220312 001724.351 INFO             PET1 PIOc_freedecomp Exit - MemInfo: [/proc/meminfo - SSI]	MemTotal:       65855856 kB
20220312 001724.351 INFO             PET1 PIOc_freedecomp Exit - MemInfo: [/proc/meminfo - SSI]	MemFree:        61070656 kB
20220312 001724.351 INFO             PET1 PIOc_freedecomp Exit - MemInfo: [/proc/meminfo - SSI]	MemAvailable:   60898636 kB
20220312 001724.351 INFO             PET1 PIOc_freedecomp Exit - MemInfo: [/proc/meminfo - SSI]	Committed_AS:    3147004 kB
20220312 001724.351 INFO             PET1 PIOc_freedecomp Exit - MemInfo: [/proc/meminfo - SSI]	CommittedPercent: 4.77862 %
20220312 001724.352 INFO             PET1 PIOc_freedecomp Exit - MemInfo: [/proc/self/status]	VmPeak:	  260320 kB
20220312 001724.352 INFO             PET1 PIOc_freedecomp Exit - MemInfo: [/proc/self/status]	VmSize:	  260008 kB
20220312 001724.352 INFO             PET1 PIOc_freedecomp Exit - MemInfo: [/proc/self/status]	VmLck:	       0 kB
20220312 001724.352 INFO             PET1 PIOc_freedecomp Exit - MemInfo: [/proc/self/status]	VmPin:	       0 kB
20220312 001724.352 INFO             PET1 PIOc_freedecomp Exit - MemInfo: [/proc/self/status]	VmHWM:	   39624 kB
20220312 001724.352 INFO             PET1 PIOc_freedecomp Exit - MemInfo: [/proc/self/status]	VmRSS:	   39608 kB
20220312 001724.352 INFO             PET1 PIOc_freedecomp Exit - MemInfo: [/proc/self/status]	VmData:	   25956 kB
20220312 001724.352 INFO             PET1 PIOc_freedecomp Exit - MemInfo: [/proc/self/status]	VmStk:	     508 kB
20220312 001724.352 INFO             PET1 PIOc_freedecomp Exit - MemInfo: [/proc/self/status]	VmExe:	     880 kB
20220312 001724.352 INFO             PET1 PIOc_freedecomp Exit - MemInfo: [/proc/self/status]	VmLib:	  133788 kB
20220312 001724.352 INFO             PET1 PIOc_freedecomp Exit - MemInfo: [/proc/self/status]	VmPTE:	     416 kB
20220312 001724.352 INFO             PET1 PIOc_freedecomp Exit - MemInfo: [/proc/self/status]	VmPMD:	      12 kB
20220312 001724.352 INFO             PET1 PIOc_freedecomp Exit - MemInfo: [/proc/self/status]	VmSwap:	       0 kB
20220312 001724.352 INFO             PET1 PIOc_freedecomp Exit - MemInfo: [/proc/self/status]	VmRSSPercent: 0.0601435 %
20220312 001724.352 INFO             PET1 PIOc_freedecomp Exit - MemInfo: [malloc] Non-mmapped space allocated:                 1277952 Byte
20220312 001724.352 INFO             PET1 PIOc_freedecomp Exit - MemInfo: [malloc] Space allocated in mmapped regions:          4005888 Byte
20220312 001724.352 INFO             PET1 PIOc_freedecomp Exit - MemInfo: [malloc] Maximum total allocated space:                     0 Byte
20220312 001724.352 INFO             PET1 PIOc_freedecomp Exit - MemInfo: [malloc] Space in freed fastbin blocks:                   368 Byte
20220312 001724.352 INFO             PET1 PIOc_freedecomp Exit - MemInfo: [malloc] Total allocated space:                       1130368 Byte
20220312 001724.352 INFO             PET1 PIOc_freedecomp Exit - MemInfo: [malloc] Total free space:                             147584 Byte
20220312 001724.352 INFO             PET1 PIOc_freedecomp Exit - MemInfo: [malloc] Top-most, releasable space:                   132608 Byte
20220312 001724.352 INFO             PET1 PIOc_freedecomp Exit - MemInfo: [malloc] Total space in use, mmap + non-mmap:         5136256 Byte
20220312 001724.352 INFO             PET1 PIOc_freedecomp Exit - MemInfo: [malloc] Total space held (mmap + non-mmap):          5283840 Byte
20220312 001724.352 INFO             PET1 PIOc_freedecomp Exit - MemInfo: [malloc] Total space used (mmap + non-mmap):          5144464 Byte
20220312 001724.352 INFO             PET1 PIOc_freedecomp Exit - MemInfo: Wall-clock time since execution start:              0.0746701 seconds
20220312 001724.352 INFO             PET1 PASS ESMC_FieldRegridStoreFile test, ESMC_FieldSMMFromFileUTest.C, line 199
20220312 001724.358 INFO             PET1 PASS ESMC_FieldSMMStore from File test, ESMC_FieldSMMFromFileUTest.C, line 229
20220312 001724.358 INFO             PET1 PASS ESMC_FieldSMMStore From File validation, ESMC_FieldSMMFromFileUTest.C, line 257
20220312 001724.358 INFO             PET1 PASS ESMC_FieldRegridRelease, ESMC_FieldSMMFromFileUTest.C, line 271
20220312 001724.358 INFO             PET1 Ending Test, file ESMC_FieldSMMFromFileUTest.C, line 289
20220312 001724.358 INFO             PET1 Finalizing ESMF
20220312 001724.312 INFO             PET2 !!!!!!!!!!!!!!!!!!!!!!!!!!!!!!!!!!!!!!!!!!!!!!!!!!!!!!
20220312 001724.312 INFO             PET2 !!! THE ESMF_LOG IS SET TO OUTPUT ALL LOG MESSAGES !!!
20220312 001724.312 INFO             PET2 !!!     THIS MAY CAUSE SLOWDOWN IN PERFORMANCE     !!!
20220312 001724.312 INFO             PET2 !!! FOR PRODUCTION RUNS, USE:                      !!!
20220312 001724.312 INFO             PET2 !!!                   ESMF_LOGKIND_Multi_On_Error  !!!
20220312 001724.312 INFO             PET2 !!!!!!!!!!!!!!!!!!!!!!!!!!!!!!!!!!!!!!!!!!!!!!!!!!!!!!
20220312 001724.312 INFO             PET2 Running with ESMF Version   : v8.3.0b09-96-g559b459836
20220312 001724.312 INFO             PET2 ESMF library build date/time: "Mar 11 2022" "23:55:33"
20220312 001724.312 INFO             PET2 ESMF library build location : /lustre/f2/dev/ncep/Mark.Potts/intel_2019.5_mpi_g_jedwards_pio_update2
20220312 001724.312 INFO             PET2 ESMF_COMM                   : mpi
20220312 001724.313 INFO             PET2 ESMF_MOAB                   : enabled
20220312 001724.313 INFO             PET2 ESMF_LAPACK                 : enabled
20220312 001724.313 INFO             PET2 ESMF_NETCDF                 : enabled
20220312 001724.313 INFO             PET2 ESMF_PNETCDF                : disabled
20220312 001724.313 INFO             PET2 ESMF_PIO                    : enabled
20220312 001724.313 INFO             PET2 ESMF_YAMLCPP                : enabled
20220312 001724.313 INFO             PET2 Beginning Test, file ESMC_FieldSMMFromFileUTest.C, line 41
20220312 001724.313 INFO             PET2 Beginning Test, file ESMC_FieldSMMFromFileUTest.C, line 41NUMBER_OF_PROCESSORS 4
20220312 001724.340 INFO             PET2 PIOc_sync Enter - MemInfo: [/proc/meminfo - SSI]	MemTotal:       65855856 kB
20220312 001724.340 INFO             PET2 PIOc_sync Enter - MemInfo: [/proc/meminfo - SSI]	MemFree:        61067128 kB
20220312 001724.340 INFO             PET2 PIOc_sync Enter - MemInfo: [/proc/meminfo - SSI]	MemAvailable:   60895108 kB
20220312 001724.340 INFO             PET2 PIOc_sync Enter - MemInfo: [/proc/meminfo - SSI]	Committed_AS:    3146616 kB
20220312 001724.340 INFO             PET2 PIOc_sync Enter - MemInfo: [/proc/meminfo - SSI]	CommittedPercent: 4.77804 %
20220312 001724.340 INFO             PET2 PIOc_sync Enter - MemInfo: [/proc/self/status]	VmPeak:	  260320 kB
20220312 001724.340 INFO             PET2 PIOc_sync Enter - MemInfo: [/proc/self/status]	VmSize:	  260040 kB
20220312 001724.340 INFO             PET2 PIOc_sync Enter - MemInfo: [/proc/self/status]	VmLck:	       0 kB
20220312 001724.340 INFO             PET2 PIOc_sync Enter - MemInfo: [/proc/self/status]	VmPin:	       0 kB
20220312 001724.340 INFO             PET2 PIOc_sync Enter - MemInfo: [/proc/self/status]	VmHWM:	   39404 kB
20220312 001724.340 INFO             PET2 PIOc_sync Enter - MemInfo: [/proc/self/status]	VmRSS:	   39404 kB
20220312 001724.340 INFO             PET2 PIOc_sync Enter - MemInfo: [/proc/self/status]	VmData:	   25952 kB
20220312 001724.340 INFO             PET2 PIOc_sync Enter - MemInfo: [/proc/self/status]	VmStk:	     508 kB
20220312 001724.340 INFO             PET2 PIOc_sync Enter - MemInfo: [/proc/self/status]	VmExe:	     880 kB
20220312 001724.340 INFO             PET2 PIOc_sync Enter - MemInfo: [/proc/self/status]	VmLib:	  133788 kB
20220312 001724.340 INFO             PET2 PIOc_sync Enter - MemInfo: [/proc/self/status]	VmPTE:	     408 kB
20220312 001724.340 INFO             PET2 PIOc_sync Enter - MemInfo: [/proc/self/status]	VmPMD:	      12 kB
20220312 001724.340 INFO             PET2 PIOc_sync Enter - MemInfo: [/proc/self/status]	VmSwap:	       0 kB
20220312 001724.340 INFO             PET2 PIOc_sync Enter - MemInfo: [/proc/self/status]	VmRSSPercent: 0.0598337 %
20220312 001724.340 INFO             PET2 PIOc_sync Enter - MemInfo: [malloc] Non-mmapped space allocated:                 1273856 Byte
20220312 001724.340 INFO             PET2 PIOc_sync Enter - MemInfo: [malloc] Space allocated in mmapped regions:          4005888 Byte
20220312 001724.340 INFO             PET2 PIOc_sync Enter - MemInfo: [malloc] Maximum total allocated space:                     0 Byte
20220312 001724.340 INFO             PET2 PIOc_sync Enter - MemInfo: [malloc] Space in freed fastbin blocks:                     0 Byte
20220312 001724.340 INFO             PET2 PIOc_sync Enter - MemInfo: [malloc] Total allocated space:                       1128384 Byte
20220312 001724.340 INFO             PET2 PIOc_sync Enter - MemInfo: [malloc] Total free space:                             145472 Byte
20220312 001724.340 INFO             PET2 PIOc_sync Enter - MemInfo: [malloc] Top-most, releasable space:                   131552 Byte
20220312 001724.340 INFO             PET2 PIOc_sync Enter - MemInfo: [malloc] Total space in use, mmap + non-mmap:         5134272 Byte
20220312 001724.340 INFO             PET2 PIOc_sync Enter - MemInfo: [malloc] Total space held (mmap + non-mmap):          5279744 Byte
20220312 001724.340 INFO             PET2 PIOc_sync Enter - MemInfo: [malloc] Total space used (mmap + non-mmap):          5143296 Byte
20220312 001724.340 INFO             PET2 PIOc_sync Enter - MemInfo: Wall-clock time since execution start:              0.0636282 seconds
20220312 001724.341 INFO             PET2 PIOc_sync Exit - MemInfo: [/proc/meminfo - SSI]	MemTotal:       65855856 kB
20220312 001724.341 INFO             PET2 PIOc_sync Exit - MemInfo: [/proc/meminfo - SSI]	MemFree:        61067128 kB
20220312 001724.341 INFO             PET2 PIOc_sync Exit - MemInfo: [/proc/meminfo - SSI]	MemAvailable:   60895108 kB
20220312 001724.341 INFO             PET2 PIOc_sync Exit - MemInfo: [/proc/meminfo - SSI]	Committed_AS:    3146616 kB
20220312 001724.341 INFO             PET2 PIOc_sync Exit - MemInfo: [/proc/meminfo - SSI]	CommittedPercent: 4.77804 %
20220312 001724.341 INFO             PET2 PIOc_sync Exit - MemInfo: [/proc/self/status]	VmPeak:	  260320 kB
20220312 001724.341 INFO             PET2 PIOc_sync Exit - MemInfo: [/proc/self/status]	VmSize:	  260040 kB
20220312 001724.341 INFO             PET2 PIOc_sync Exit - MemInfo: [/proc/self/status]	VmLck:	       0 kB
20220312 001724.341 INFO             PET2 PIOc_sync Exit - MemInfo: [/proc/self/status]	VmPin:	       0 kB
20220312 001724.341 INFO             PET2 PIOc_sync Exit - MemInfo: [/proc/self/status]	VmHWM:	   39404 kB
20220312 001724.341 INFO             PET2 PIOc_sync Exit - MemInfo: [/proc/self/status]	VmRSS:	   39404 kB
20220312 001724.341 INFO             PET2 PIOc_sync Exit - MemInfo: [/proc/self/status]	VmData:	   25952 kB
