build time -- 2022-03-13 00:03:10
20220313 002042.147 INFO             PET0 !!!!!!!!!!!!!!!!!!!!!!!!!!!!!!!!!!!!!!!!!!!!!!!!!!!!!!
20220313 002042.148 INFO             PET0 !!! THE ESMF_LOG IS SET TO OUTPUT ALL LOG MESSAGES !!!
20220313 002042.148 INFO             PET0 !!!     THIS MAY CAUSE SLOWDOWN IN PERFORMANCE     !!!
20220313 002042.148 INFO             PET0 !!! FOR PRODUCTION RUNS, USE:                      !!!
20220313 002042.148 INFO             PET0 !!!                   ESMF_LOGKIND_Multi_On_Error  !!!
20220313 002042.148 INFO             PET0 !!!!!!!!!!!!!!!!!!!!!!!!!!!!!!!!!!!!!!!!!!!!!!!!!!!!!!
20220313 002042.148 INFO             PET0 Running with ESMF Version   : v8.3.0b09-96-g559b459836
20220313 002042.149 INFO             PET0 ESMF library build date/time: "Mar 13 2022" "00:01:08"
20220313 002042.149 INFO             PET0 ESMF library build location : /lustre/f2/dev/ncep/Mark.Potts/intel_2019.5_mpi_g_jedwards_pio_update2
20220313 002042.149 INFO             PET0 ESMF_COMM                   : mpi
20220313 002042.152 INFO             PET0 ESMF_MOAB                   : enabled
20220313 002042.152 INFO             PET0 ESMF_LAPACK                 : enabled
20220313 002042.152 INFO             PET0 ESMF_NETCDF                 : enabled
20220313 002042.152 INFO             PET0 ESMF_PNETCDF                : disabled
20220313 002042.153 INFO             PET0 ESMF_PIO                    : enabled
20220313 002042.153 INFO             PET0 ESMF_YAMLCPP                : enabled
20220313 002042.161 INFO             PET0  Beginning Test, file ESMF_IOUTest.F90, line 57
20220313 002042.161 INFO             PET0  NUMBER_OF_PROCESSORS           4
20220313 002042.161 INFO             PET0 Starting Test:  ESMF_OutputWeightFile
20220313 002042.225 INFO             PET0 PIOc_sync Enter - MemInfo: [/proc/meminfo - SSI]	MemTotal:       65855856 kB
20220313 002042.225 INFO             PET0 PIOc_sync Enter - MemInfo: [/proc/meminfo - SSI]	MemFree:        61085864 kB
20220313 002042.225 INFO             PET0 PIOc_sync Enter - MemInfo: [/proc/meminfo - SSI]	MemAvailable:   60889456 kB
20220313 002042.225 INFO             PET0 PIOc_sync Enter - MemInfo: [/proc/meminfo - SSI]	Committed_AS:    3186988 kB
20220313 002042.225 INFO             PET0 PIOc_sync Enter - MemInfo: [/proc/meminfo - SSI]	CommittedPercent: 4.83934 %
20220313 002042.225 INFO             PET0 PIOc_sync Enter - MemInfo: [/proc/self/status]	VmPeak:	  268660 kB
20220313 002042.225 INFO             PET0 PIOc_sync Enter - MemInfo: [/proc/self/status]	VmSize:	  268660 kB
20220313 002042.225 INFO             PET0 PIOc_sync Enter - MemInfo: [/proc/self/status]	VmLck:	       0 kB
20220313 002042.225 INFO             PET0 PIOc_sync Enter - MemInfo: [/proc/self/status]	VmPin:	       0 kB
20220313 002042.225 INFO             PET0 PIOc_sync Enter - MemInfo: [/proc/self/status]	VmHWM:	   45280 kB
20220313 002042.225 INFO             PET0 PIOc_sync Enter - MemInfo: [/proc/self/status]	VmRSS:	   45280 kB
20220313 002042.225 INFO             PET0 PIOc_sync Enter - MemInfo: [/proc/self/status]	VmData:	   33620 kB
20220313 002042.225 INFO             PET0 PIOc_sync Enter - MemInfo: [/proc/self/status]	VmStk:	     508 kB
20220313 002042.225 INFO             PET0 PIOc_sync Enter - MemInfo: [/proc/self/status]	VmExe:	    1832 kB
20220313 002042.225 INFO             PET0 PIOc_sync Enter - MemInfo: [/proc/self/status]	VmLib:	  133788 kB
20220313 002042.225 INFO             PET0 PIOc_sync Enter - MemInfo: [/proc/self/status]	VmPTE:	     420 kB
20220313 002042.225 INFO             PET0 PIOc_sync Enter - MemInfo: [/proc/self/status]	VmPMD:	      12 kB
20220313 002042.225 INFO             PET0 PIOc_sync Enter - MemInfo: [/proc/self/status]	VmSwap:	       0 kB
20220313 002042.225 INFO             PET0 PIOc_sync Enter - MemInfo: [/proc/self/status]	VmRSSPercent: 0.0687562 %
20220313 002042.225 INFO             PET0 PIOc_sync Enter - MemInfo: [malloc] Non-mmapped space allocated:                 1044480 Byte
20220313 002042.225 INFO             PET0 PIOc_sync Enter - MemInfo: [malloc] Space allocated in mmapped regions:         11808768 Byte
20220313 002042.225 INFO             PET0 PIOc_sync Enter - MemInfo: [malloc] Maximum total allocated space:                     0 Byte
20220313 002042.226 INFO             PET0 PIOc_sync Enter - MemInfo: [malloc] Space in freed fastbin blocks:                     0 Byte
20220313 002042.226 INFO             PET0 PIOc_sync Enter - MemInfo: [malloc] Total allocated space:                        929440 Byte
20220313 002042.226 INFO             PET0 PIOc_sync Enter - MemInfo: [malloc] Total free space:                             115040 Byte
20220313 002042.226 INFO             PET0 PIOc_sync Enter - MemInfo: [malloc] Top-most, releasable space:                   115040 Byte
20220313 002042.226 INFO             PET0 PIOc_sync Enter - MemInfo: [malloc] Total space in use, mmap + non-mmap:        12738208 Byte
20220313 002042.226 INFO             PET0 PIOc_sync Enter - MemInfo: [malloc] Total space held (mmap + non-mmap):         12853248 Byte
20220313 002042.226 INFO             PET0 PIOc_sync Enter - MemInfo: [malloc] Total space used (mmap + non-mmap):         12747824 Byte
20220313 002042.226 INFO             PET0 PIOc_sync Enter - MemInfo: Wall-clock time since execution start:               0.112432 seconds
20220313 002042.227 INFO             PET0 PIOc_sync Exit - MemInfo: [/proc/meminfo - SSI]	MemTotal:       65855856 kB
20220313 002042.227 INFO             PET0 PIOc_sync Exit - MemInfo: [/proc/meminfo - SSI]	MemFree:        61085360 kB
20220313 002042.227 INFO             PET0 PIOc_sync Exit - MemInfo: [/proc/meminfo - SSI]	MemAvailable:   60888952 kB
20220313 002042.227 INFO             PET0 PIOc_sync Exit - MemInfo: [/proc/meminfo - SSI]	Committed_AS:    3186988 kB
20220313 002042.227 INFO             PET0 PIOc_sync Exit - MemInfo: [/proc/meminfo - SSI]	CommittedPercent: 4.83934 %
20220313 002042.227 INFO             PET0 PIOc_sync Exit - MemInfo: [/proc/self/status]	VmPeak:	  268984 kB
20220313 002042.227 INFO             PET0 PIOc_sync Exit - MemInfo: [/proc/self/status]	VmSize:	  268984 kB
20220313 002042.227 INFO             PET0 PIOc_sync Exit - MemInfo: [/proc/self/status]	VmLck:	       0 kB
20220313 002042.227 INFO             PET0 PIOc_sync Exit - MemInfo: [/proc/self/status]	VmPin:	       0 kB
20220313 002042.227 INFO             PET0 PIOc_sync Exit - MemInfo: [/proc/self/status]	VmHWM:	   46028 kB
20220313 002042.227 INFO             PET0 PIOc_sync Exit - MemInfo: [/proc/self/status]	VmRSS:	   46028 kB
20220313 002042.227 INFO             PET0 PIOc_sync Exit - MemInfo: [/proc/self/status]	VmData:	   33944 kB
20220313 002042.227 INFO             PET0 PIOc_sync Exit - MemInfo: [/proc/self/status]	VmStk:	     508 kB
20220313 002042.227 INFO             PET0 PIOc_sync Exit - MemInfo: [/proc/self/status]	VmExe:	    1832 kB
20220313 002042.227 INFO             PET0 PIOc_sync Exit - MemInfo: [/proc/self/status]	VmLib:	  133788 kB
20220313 002042.227 INFO             PET0 PIOc_sync Exit - MemInfo: [/proc/self/status]	VmPTE:	     428 kB
20220313 002042.227 INFO             PET0 PIOc_sync Exit - MemInfo: [/proc/self/status]	VmPMD:	      12 kB
20220313 002042.227 INFO             PET0 PIOc_sync Exit - MemInfo: [/proc/self/status]	VmSwap:	       0 kB
20220313 002042.227 INFO             PET0 PIOc_sync Exit - MemInfo: [/proc/self/status]	VmRSSPercent: 0.069892 %
20220313 002042.227 INFO             PET0 PIOc_sync Exit - MemInfo: [malloc] Non-mmapped space allocated:                 1044480 Byte
20220313 002042.227 INFO             PET0 PIOc_sync Exit - MemInfo: [malloc] Space allocated in mmapped regions:         12140544 Byte
20220313 002042.227 INFO             PET0 PIOc_sync Exit - MemInfo: [malloc] Maximum total allocated space:                     0 Byte
20220313 002042.227 INFO             PET0 PIOc_sync Exit - MemInfo: [malloc] Space in freed fastbin blocks:                     0 Byte
20220313 002042.227 INFO             PET0 PIOc_sync Exit - MemInfo: [malloc] Total allocated space:                        999792 Byte
20220313 002042.227 INFO             PET0 PIOc_sync Exit - MemInfo: [malloc] Total free space:                              44688 Byte
20220313 002042.227 INFO             PET0 PIOc_sync Exit - MemInfo: [malloc] Top-most, releasable space:                    44688 Byte
20220313 002042.227 INFO             PET0 PIOc_sync Exit - MemInfo: [malloc] Total space in use, mmap + non-mmap:        13140336 Byte
20220313 002042.227 INFO             PET0 PIOc_sync Exit - MemInfo: [malloc] Total space held (mmap + non-mmap):         13185024 Byte
20220313 002042.227 INFO             PET0 PIOc_sync Exit - MemInfo: [malloc] Total space used (mmap + non-mmap):         13148832 Byte
20220313 002042.227 INFO             PET0 PIOc_sync Exit - MemInfo: Wall-clock time since execution start:               0.113506 seconds
20220313 002042.228 INFO             PET0 PIOc_freedecomp Enter - MemInfo: [/proc/meminfo - SSI]	MemTotal:       65855856 kB
20220313 002042.228 INFO             PET0 PIOc_freedecomp Enter - MemInfo: [/proc/meminfo - SSI]	MemFree:        61092416 kB
20220313 002042.228 INFO             PET0 PIOc_freedecomp Enter - MemInfo: [/proc/meminfo - SSI]	MemAvailable:   60896008 kB
20220313 002042.228 INFO             PET0 PIOc_freedecomp Enter - MemInfo: [/proc/meminfo - SSI]	Committed_AS:    3179128 kB
20220313 002042.228 INFO             PET0 PIOc_freedecomp Enter - MemInfo: [/proc/meminfo - SSI]	CommittedPercent: 4.8274 %
20220313 002042.228 INFO             PET0 PIOc_freedecomp Enter - MemInfo: [/proc/self/status]	VmPeak:	  268984 kB
20220313 002042.228 INFO             PET0 PIOc_freedecomp Enter - MemInfo: [/proc/self/status]	VmSize:	  260272 kB
20220313 002042.228 INFO             PET0 PIOc_freedecomp Enter - MemInfo: [/proc/self/status]	VmLck:	       0 kB
20220313 002042.228 INFO             PET0 PIOc_freedecomp Enter - MemInfo: [/proc/self/status]	VmPin:	       0 kB
20220313 002042.228 INFO             PET0 PIOc_freedecomp Enter - MemInfo: [/proc/self/status]	VmHWM:	   46028 kB
20220313 002042.228 INFO             PET0 PIOc_freedecomp Enter - MemInfo: [/proc/self/status]	VmRSS:	   37856 kB
20220313 002042.228 INFO             PET0 PIOc_freedecomp Enter - MemInfo: [/proc/self/status]	VmData:	   25232 kB
20220313 002042.228 INFO             PET0 PIOc_freedecomp Enter - MemInfo: [/proc/self/status]	VmStk:	     508 kB
20220313 002042.228 INFO             PET0 PIOc_freedecomp Enter - MemInfo: [/proc/self/status]	VmExe:	    1832 kB
20220313 002042.228 INFO             PET0 PIOc_freedecomp Enter - MemInfo: [/proc/self/status]	VmLib:	  133788 kB
20220313 002042.228 INFO             PET0 PIOc_freedecomp Enter - MemInfo: [/proc/self/status]	VmPTE:	     416 kB
20220313 002042.228 INFO             PET0 PIOc_freedecomp Enter - MemInfo: [/proc/self/status]	VmPMD:	      12 kB
20220313 002042.228 INFO             PET0 PIOc_freedecomp Enter - MemInfo: [/proc/self/status]	VmSwap:	       0 kB
20220313 002042.228 INFO             PET0 PIOc_freedecomp Enter - MemInfo: [/proc/self/status]	VmRSSPercent: 0.0574831 %
20220313 002042.228 INFO             PET0 PIOc_freedecomp Enter - MemInfo: [malloc] Non-mmapped space allocated:                 1044480 Byte
20220313 002042.228 INFO             PET0 PIOc_freedecomp Enter - MemInfo: [malloc] Space allocated in mmapped regions:          3219456 Byte
20220313 002042.228 INFO             PET0 PIOc_freedecomp Enter - MemInfo: [malloc] Maximum total allocated space:                     0 Byte
20220313 002042.228 INFO             PET0 PIOc_freedecomp Enter - MemInfo: [malloc] Space in freed fastbin blocks:                   288 Byte
20220313 002042.228 INFO             PET0 PIOc_freedecomp Enter - MemInfo: [malloc] Total allocated space:                        989856 Byte
20220313 002042.228 INFO             PET0 PIOc_freedecomp Enter - MemInfo: [malloc] Total free space:                              54624 Byte
20220313 002042.228 INFO             PET0 PIOc_freedecomp Enter - MemInfo: [malloc] Top-most, releasable space:                    44064 Byte
20220313 002042.228 INFO             PET0 PIOc_freedecomp Enter - MemInfo: [malloc] Total space in use, mmap + non-mmap:         4209312 Byte
20220313 002042.228 INFO             PET0 PIOc_freedecomp Enter - MemInfo: [malloc] Total space held (mmap + non-mmap):          4263936 Byte
20220313 002042.228 INFO             PET0 PIOc_freedecomp Enter - MemInfo: [malloc] Total space used (mmap + non-mmap):          4217744 Byte
20220313 002042.228 INFO             PET0 PIOc_freedecomp Enter - MemInfo: Wall-clock time since execution start:               0.114428 seconds
20220313 002042.228 INFO             PET0 PIOc_freedecomp Exit - MemInfo: [/proc/meminfo - SSI]	MemTotal:       65855856 kB
20220313 002042.228 INFO             PET0 PIOc_freedecomp Exit - MemInfo: [/proc/meminfo - SSI]	MemFree:        61092416 kB
20220313 002042.228 INFO             PET0 PIOc_freedecomp Exit - MemInfo: [/proc/meminfo - SSI]	MemAvailable:   60896008 kB
20220313 002042.228 INFO             PET0 PIOc_freedecomp Exit - MemInfo: [/proc/meminfo - SSI]	Committed_AS:    3179128 kB
20220313 002042.228 INFO             PET0 PIOc_freedecomp Exit - MemInfo: [/proc/meminfo - SSI]	CommittedPercent: 4.8274 %
20220313 002042.228 INFO             PET0 PIOc_freedecomp Exit - MemInfo: [/proc/self/status]	VmPeak:	  268984 kB
20220313 002042.228 INFO             PET0 PIOc_freedecomp Exit - MemInfo: [/proc/self/status]	VmSize:	  260272 kB
20220313 002042.228 INFO             PET0 PIOc_freedecomp Exit - MemInfo: [/proc/self/status]	VmLck:	       0 kB
20220313 002042.228 INFO             PET0 PIOc_freedecomp Exit - MemInfo: [/proc/self/status]	VmPin:	       0 kB
20220313 002042.228 INFO             PET0 PIOc_freedecomp Exit - MemInfo: [/proc/self/status]	VmHWM:	   46028 kB
20220313 002042.228 INFO             PET0 PIOc_freedecomp Exit - MemInfo: [/proc/self/status]	VmRSS:	   37856 kB
20220313 002042.228 INFO             PET0 PIOc_freedecomp Exit - MemInfo: [/proc/self/status]	VmData:	   25232 kB
20220313 002042.228 INFO             PET0 PIOc_freedecomp Exit - MemInfo: [/proc/self/status]	VmStk:	     508 kB
20220313 002042.228 INFO             PET0 PIOc_freedecomp Exit - MemInfo: [/proc/self/status]	VmExe:	    1832 kB
20220313 002042.228 INFO             PET0 PIOc_freedecomp Exit - MemInfo: [/proc/self/status]	VmLib:	  133788 kB
20220313 002042.228 INFO             PET0 PIOc_freedecomp Exit - MemInfo: [/proc/self/status]	VmPTE:	     416 kB
20220313 002042.228 INFO             PET0 PIOc_freedecomp Exit - MemInfo: [/proc/self/status]	VmPMD:	      12 kB
20220313 002042.228 INFO             PET0 PIOc_freedecomp Exit - MemInfo: [/proc/self/status]	VmSwap:	       0 kB
20220313 002042.228 INFO             PET0 PIOc_freedecomp Exit - MemInfo: [/proc/self/status]	VmRSSPercent: 0.0574831 %
20220313 002042.228 INFO             PET0 PIOc_freedecomp Exit - MemInfo: [malloc] Non-mmapped space allocated:                 1044480 Byte
20220313 002042.228 INFO             PET0 PIOc_freedecomp Exit - MemInfo: [malloc] Space allocated in mmapped regions:          3219456 Byte
20220313 002042.228 INFO             PET0 PIOc_freedecomp Exit - MemInfo: [malloc] Maximum total allocated space:                     0 Byte
20220313 002042.228 INFO             PET0 PIOc_freedecomp Exit - MemInfo: [malloc] Space in freed fastbin blocks:                  1040 Byte
20220313 002042.228 INFO             PET0 PIOc_freedecomp Exit - MemInfo: [malloc] Total allocated space:                        989488 Byte
20220313 002042.228 INFO             PET0 PIOc_freedecomp Exit - MemInfo: [malloc] Total free space:                              54992 Byte
20220313 002042.228 INFO             PET0 PIOc_freedecomp Exit - MemInfo: [malloc] Top-most, releasable space:                    44064 Byte
20220313 002042.229 INFO             PET0 PIOc_freedecomp Exit - MemInfo: [malloc] Total space in use, mmap + non-mmap:         4208944 Byte
20220313 002042.229 INFO             PET0 PIOc_freedecomp Exit - MemInfo: [malloc] Total space held (mmap + non-mmap):          4263936 Byte
20220313 002042.229 INFO             PET0 PIOc_freedecomp Exit - MemInfo: [malloc] Total space used (mmap + non-mmap):          4217376 Byte
20220313 002042.229 INFO             PET0 PIOc_freedecomp Exit - MemInfo: Wall-clock time since execution start:               0.114821 seconds
20220313 002042.232 INFO             PET0 PIOc_sync Enter - MemInfo: [/proc/meminfo - SSI]	MemTotal:       65855856 kB
20220313 002042.232 INFO             PET0 PIOc_sync Enter - MemInfo: [/proc/meminfo - SSI]	MemFree:        61089392 kB
20220313 002042.232 INFO             PET0 PIOc_sync Enter - MemInfo: [/proc/meminfo - SSI]	MemAvailable:   60893236 kB
20220313 002042.232 INFO             PET0 PIOc_sync Enter - MemInfo: [/proc/meminfo - SSI]	Committed_AS:    3187404 kB
20220313 002042.232 INFO             PET0 PIOc_sync Enter - MemInfo: [/proc/meminfo - SSI]	CommittedPercent: 4.83997 %
20220313 002042.232 INFO             PET0 PIOc_sync Enter - MemInfo: [/proc/self/status]	VmPeak:	  269064 kB
20220313 002042.232 INFO             PET0 PIOc_sync Enter - MemInfo: [/proc/self/status]	VmSize:	  269064 kB
20220313 002042.232 INFO             PET0 PIOc_sync Enter - MemInfo: [/proc/self/status]	VmLck:	       0 kB
20220313 002042.232 INFO             PET0 PIOc_sync Enter - MemInfo: [/proc/self/status]	VmPin:	       0 kB
20220313 002042.232 INFO             PET0 PIOc_sync Enter - MemInfo: [/proc/self/status]	VmHWM:	   46028 kB
20220313 002042.232 INFO             PET0 PIOc_sync Enter - MemInfo: [/proc/self/status]	VmRSS:	   41776 kB
20220313 002042.232 INFO             PET0 PIOc_sync Enter - MemInfo: [/proc/self/status]	VmData:	   34024 kB
20220313 002042.232 INFO             PET0 PIOc_sync Enter - MemInfo: [/proc/self/status]	VmStk:	     508 kB
20220313 002042.232 INFO             PET0 PIOc_sync Enter - MemInfo: [/proc/self/status]	VmExe:	    1832 kB
20220313 002042.232 INFO             PET0 PIOc_sync Enter - MemInfo: [/proc/self/status]	VmLib:	  133788 kB
20220313 002042.232 INFO             PET0 PIOc_sync Enter - MemInfo: [/proc/self/status]	VmPTE:	     428 kB
20220313 002042.232 INFO             PET0 PIOc_sync Enter - MemInfo: [/proc/self/status]	VmPMD:	      12 kB
20220313 002042.232 INFO             PET0 PIOc_sync Enter - MemInfo: [/proc/self/status]	VmSwap:	       0 kB
20220313 002042.232 INFO             PET0 PIOc_sync Enter - MemInfo: [/proc/self/status]	VmRSSPercent: 0.0634355 %
20220313 002042.232 INFO             PET0 PIOc_sync Enter - MemInfo: [malloc] Non-mmapped space allocated:                10047488 Byte
20220313 002042.232 INFO             PET0 PIOc_sync Enter - MemInfo: [malloc] Space allocated in mmapped regions:          3219456 Byte
20220313 002042.232 INFO             PET0 PIOc_sync Enter - MemInfo: [malloc] Maximum total allocated space:                     0 Byte
20220313 002042.232 INFO             PET0 PIOc_sync Enter - MemInfo: [malloc] Space in freed fastbin blocks:                    64 Byte
20220313 002042.232 INFO             PET0 PIOc_sync Enter - MemInfo: [malloc] Total allocated space:                       9916592 Byte
20220313 002042.232 INFO             PET0 PIOc_sync Enter - MemInfo: [malloc] Total free space:                             130896 Byte
20220313 002042.232 INFO             PET0 PIOc_sync Enter - MemInfo: [malloc] Top-most, releasable space:                   128896 Byte
20220313 002042.232 INFO             PET0 PIOc_sync Enter - MemInfo: [malloc] Total space in use, mmap + non-mmap:        13136048 Byte
20220313 002042.232 INFO             PET0 PIOc_sync Enter - MemInfo: [malloc] Total space held (mmap + non-mmap):         13266944 Byte
20220313 002042.232 INFO             PET0 PIOc_sync Enter - MemInfo: [malloc] Total space used (mmap + non-mmap):         13144368 Byte
20220313 002042.232 INFO             PET0 PIOc_sync Enter - MemInfo: Wall-clock time since execution start:               0.118642 seconds
20220313 002042.232 INFO             PET0 PIOc_sync Exit - MemInfo: [/proc/meminfo - SSI]	MemTotal:       65855856 kB
20220313 002042.233 INFO             PET0 PIOc_sync Exit - MemInfo: [/proc/meminfo - SSI]	MemFree:        61089392 kB
20220313 002042.233 INFO             PET0 PIOc_sync Exit - MemInfo: [/proc/meminfo - SSI]	MemAvailable:   60893236 kB
20220313 002042.233 INFO             PET0 PIOc_sync Exit - MemInfo: [/proc/meminfo - SSI]	Committed_AS:    3187404 kB
20220313 002042.233 INFO             PET0 PIOc_sync Exit - MemInfo: [/proc/meminfo - SSI]	CommittedPercent: 4.83997 %
20220313 002042.233 INFO             PET0 PIOc_sync Exit - MemInfo: [/proc/self/status]	VmPeak:	  269064 kB
20220313 002042.233 INFO             PET0 PIOc_sync Exit - MemInfo: [/proc/self/status]	VmSize:	  269064 kB
20220313 002042.233 INFO             PET0 PIOc_sync Exit - MemInfo: [/proc/self/status]	VmLck:	       0 kB
20220313 002042.233 INFO             PET0 PIOc_sync Exit - MemInfo: [/proc/self/status]	VmPin:	       0 kB
20220313 002042.233 INFO             PET0 PIOc_sync Exit - MemInfo: [/proc/self/status]	VmHWM:	   46028 kB
20220313 002042.233 INFO             PET0 PIOc_sync Exit - MemInfo: [/proc/self/status]	VmRSS:	   41776 kB
20220313 002042.233 INFO             PET0 PIOc_sync Exit - MemInfo: [/proc/self/status]	VmData:	   34024 kB
20220313 002042.233 INFO             PET0 PIOc_sync Exit - MemInfo: [/proc/self/status]	VmStk:	     508 kB
20220313 002042.233 INFO             PET0 PIOc_sync Exit - MemInfo: [/proc/self/status]	VmExe:	    1832 kB
20220313 002042.233 INFO             PET0 PIOc_sync Exit - MemInfo: [/proc/self/status]	VmLib:	  133788 kB
20220313 002042.233 INFO             PET0 PIOc_sync Exit - MemInfo: [/proc/self/status]	VmPTE:	     428 kB
20220313 002042.233 INFO             PET0 PIOc_sync Exit - MemInfo: [/proc/self/status]	VmPMD:	      12 kB
20220313 002042.233 INFO             PET0 PIOc_sync Exit - MemInfo: [/proc/self/status]	VmSwap:	       0 kB
20220313 002042.233 INFO             PET0 PIOc_sync Exit - MemInfo: [/proc/self/status]	VmRSSPercent: 0.0634355 %
20220313 002042.233 INFO             PET0 PIOc_sync Exit - MemInfo: [malloc] Non-mmapped space allocated:                10047488 Byte
20220313 002042.233 INFO             PET0 PIOc_sync Exit - MemInfo: [malloc] Space allocated in mmapped regions:          3219456 Byte
20220313 002042.233 INFO             PET0 PIOc_sync Exit - MemInfo: [malloc] Maximum total allocated space:                     0 Byte
20220313 002042.233 INFO             PET0 PIOc_sync Exit - MemInfo: [malloc] Space in freed fastbin blocks:                     0 Byte
20220313 002042.233 INFO             PET0 PIOc_sync Exit - MemInfo: [malloc] Total allocated space:                       9917824 Byte
20220313 002042.233 INFO             PET0 PIOc_sync Exit - MemInfo: [malloc] Total free space:                             129664 Byte
20220313 002042.233 INFO             PET0 PIOc_sync Exit - MemInfo: [malloc] Top-most, releasable space:                   128672 Byte
20220313 002042.233 INFO             PET0 PIOc_sync Exit - MemInfo: [malloc] Total space in use, mmap + non-mmap:        13137280 Byte
20220313 002042.233 INFO             PET0 PIOc_sync Exit - MemInfo: [malloc] Total space held (mmap + non-mmap):         13266944 Byte
20220313 002042.233 INFO             PET0 PIOc_sync Exit - MemInfo: [malloc] Total space used (mmap + non-mmap):         13145600 Byte
20220313 002042.233 INFO             PET0 PIOc_sync Exit - MemInfo: Wall-clock time since execution start:               0.119164 seconds
20220313 002042.233 INFO             PET0 PIOc_freedecomp Enter - MemInfo: [/proc/meminfo - SSI]	MemTotal:       65855856 kB
20220313 002042.233 INFO             PET0 PIOc_freedecomp Enter - MemInfo: [/proc/meminfo - SSI]	MemFree:        61089392 kB
20220313 002042.233 INFO             PET0 PIOc_freedecomp Enter - MemInfo: [/proc/meminfo - SSI]	MemAvailable:   60893236 kB
20220313 002042.233 INFO             PET0 PIOc_freedecomp Enter - MemInfo: [/proc/meminfo - SSI]	Committed_AS:    3187404 kB
20220313 002042.233 INFO             PET0 PIOc_freedecomp Enter - MemInfo: [/proc/meminfo - SSI]	CommittedPercent: 4.83997 %
20220313 002042.233 INFO             PET0 PIOc_freedecomp Enter - MemInfo: [/proc/self/status]	VmPeak:	  269064 kB
20220313 002042.233 INFO             PET0 PIOc_freedecomp Enter - MemInfo: [/proc/self/status]	VmSize:	  269064 kB
20220313 002042.233 INFO             PET0 PIOc_freedecomp Enter - MemInfo: [/proc/self/status]	VmLck:	       0 kB
20220313 002042.233 INFO             PET0 PIOc_freedecomp Enter - MemInfo: [/proc/self/status]	VmPin:	       0 kB
20220313 002042.233 INFO             PET0 PIOc_freedecomp Enter - MemInfo: [/proc/self/status]	VmHWM:	   46028 kB
20220313 002042.233 INFO             PET0 PIOc_freedecomp Enter - MemInfo: [/proc/self/status]	VmRSS:	   41776 kB
20220313 002042.233 INFO             PET0 PIOc_freedecomp Enter - MemInfo: [/proc/self/status]	VmData:	   34024 kB
20220313 002042.233 INFO             PET0 PIOc_freedecomp Enter - MemInfo: [/proc/self/status]	VmStk:	     508 kB
20220313 002042.233 INFO             PET0 PIOc_freedecomp Enter - MemInfo: [/proc/self/status]	VmExe:	    1832 kB
20220313 002042.233 INFO             PET0 PIOc_freedecomp Enter - MemInfo: [/proc/self/status]	VmLib:	  133788 kB
20220313 002042.233 INFO             PET0 PIOc_freedecomp Enter - MemInfo: [/proc/self/status]	VmPTE:	     428 kB
20220313 002042.233 INFO             PET0 PIOc_freedecomp Enter - MemInfo: [/proc/self/status]	VmPMD:	      12 kB
20220313 002042.233 INFO             PET0 PIOc_freedecomp Enter - MemInfo: [/proc/self/status]	VmSwap:	       0 kB
20220313 002042.233 INFO             PET0 PIOc_freedecomp Enter - MemInfo: [/proc/self/status]	VmRSSPercent: 0.0634355 %
20220313 002042.233 INFO             PET0 PIOc_freedecomp Enter - MemInfo: [malloc] Non-mmapped space allocated:                10047488 Byte
20220313 002042.233 INFO             PET0 PIOc_freedecomp Enter - MemInfo: [malloc] Space allocated in mmapped regions:          3219456 Byte
20220313 002042.233 INFO             PET0 PIOc_freedecomp Enter - MemInfo: [malloc] Maximum total allocated space:                     0 Byte
20220313 002042.233 INFO             PET0 PIOc_freedecomp Enter - MemInfo: [malloc] Space in freed fastbin blocks:                   192 Byte
20220313 002042.233 INFO             PET0 PIOc_freedecomp Enter - MemInfo: [malloc] Total allocated space:                        994208 Byte
20220313 002042.233 INFO             PET0 PIOc_freedecomp Enter - MemInfo: [malloc] Total free space:                            9053280 Byte
20220313 002042.233 INFO             PET0 PIOc_freedecomp Enter - MemInfo: [malloc] Top-most, releasable space:                   128448 Byte
20220313 002042.233 INFO             PET0 PIOc_freedecomp Enter - MemInfo: [malloc] Total space in use, mmap + non-mmap:         4213664 Byte
20220313 002042.233 INFO             PET0 PIOc_freedecomp Enter - MemInfo: [malloc] Total space held (mmap + non-mmap):         13266944 Byte
20220313 002042.234 INFO             PET0 PIOc_freedecomp Enter - MemInfo: [malloc] Total space used (mmap + non-mmap):          4221872 Byte
20220313 002042.234 INFO             PET0 PIOc_freedecomp Enter - MemInfo: Wall-clock time since execution start:               0.119791 seconds
20220313 002042.234 INFO             PET0 PIOc_freedecomp Exit - MemInfo: [/proc/meminfo - SSI]	MemTotal:       65855856 kB
20220313 002042.234 INFO             PET0 PIOc_freedecomp Exit - MemInfo: [/proc/meminfo - SSI]	MemFree:        61088648 kB
20220313 002042.234 INFO             PET0 PIOc_freedecomp Exit - MemInfo: [/proc/meminfo - SSI]	MemAvailable:   60892484 kB
20220313 002042.234 INFO             PET0 PIOc_freedecomp Exit - MemInfo: [/proc/meminfo - SSI]	Committed_AS:    3187404 kB
20220313 002042.234 INFO             PET0 PIOc_freedecomp Exit - MemInfo: [/proc/meminfo - SSI]	CommittedPercent: 4.83997 %
20220313 002042.234 INFO             PET0 PIOc_freedecomp Exit - MemInfo: [/proc/self/status]	VmPeak:	  269064 kB
20220313 002042.234 INFO             PET0 PIOc_freedecomp Exit - MemInfo: [/proc/self/status]	VmSize:	  269064 kB
20220313 002042.234 INFO             PET0 PIOc_freedecomp Exit - MemInfo: [/proc/self/status]	VmLck:	       0 kB
20220313 002042.234 INFO             PET0 PIOc_freedecomp Exit - MemInfo: [/proc/self/status]	VmPin:	       0 kB
20220313 002042.234 INFO             PET0 PIOc_freedecomp Exit - MemInfo: [/proc/self/status]	VmHWM:	   46028 kB
20220313 002042.234 INFO             PET0 PIOc_freedecomp Exit - MemInfo: [/proc/self/status]	VmRSS:	   41776 kB
20220313 002042.234 INFO             PET0 PIOc_freedecomp Exit - MemInfo: [/proc/self/status]	VmData:	   34024 kB
20220313 002042.234 INFO             PET0 PIOc_freedecomp Exit - MemInfo: [/proc/self/status]	VmStk:	     508 kB
20220313 002042.234 INFO             PET0 PIOc_freedecomp Exit - MemInfo: [/proc/self/status]	VmExe:	    1832 kB
20220313 002042.234 INFO             PET0 PIOc_freedecomp Exit - MemInfo: [/proc/self/status]	VmLib:	  133788 kB
20220313 002042.234 INFO             PET0 PIOc_freedecomp Exit - MemInfo: [/proc/self/status]	VmPTE:	     428 kB
20220313 002042.234 INFO             PET0 PIOc_freedecomp Exit - MemInfo: [/proc/self/status]	VmPMD:	      12 kB
20220313 002042.234 INFO             PET0 PIOc_freedecomp Exit - MemInfo: [/proc/self/status]	VmSwap:	       0 kB
20220313 002042.234 INFO             PET0 PIOc_freedecomp Exit - MemInfo: [/proc/self/status]	VmRSSPercent: 0.0634355 %
20220313 002042.234 INFO             PET0 PIOc_freedecomp Exit - MemInfo: [malloc] Non-mmapped space allocated:                10047488 Byte
20220313 002042.234 INFO             PET0 PIOc_freedecomp Exit - MemInfo: [malloc] Space allocated in mmapped regions:          3219456 Byte
20220313 002042.234 INFO             PET0 PIOc_freedecomp Exit - MemInfo: [malloc] Maximum total allocated space:                     0 Byte
20220313 002042.234 INFO             PET0 PIOc_freedecomp Exit - MemInfo: [malloc] Space in freed fastbin blocks:                  1168 Byte
20220313 002042.234 INFO             PET0 PIOc_freedecomp Exit - MemInfo: [malloc] Total allocated space:                        993040 Byte
20220313 002042.234 INFO             PET0 PIOc_freedecomp Exit - MemInfo: [malloc] Total free space:                            9054448 Byte
20220313 002042.234 INFO             PET0 PIOc_freedecomp Exit - MemInfo: [malloc] Top-most, releasable space:                   128448 Byte
20220313 002042.234 INFO             PET0 PIOc_freedecomp Exit - MemInfo: [malloc] Total space in use, mmap + non-mmap:         4212496 Byte
20220313 002042.234 INFO             PET0 PIOc_freedecomp Exit - MemInfo: [malloc] Total space held (mmap + non-mmap):         13266944 Byte
20220313 002042.234 INFO             PET0 PIOc_freedecomp Exit - MemInfo: [malloc] Total space used (mmap + non-mmap):          4220704 Byte
20220313 002042.234 INFO             PET0 PIOc_freedecomp Exit - MemInfo: Wall-clock time since execution start:                0.12026 seconds
20220313 002042.236 INFO             PET0 PIOc_sync Enter - MemInfo: [/proc/meminfo - SSI]	MemTotal:       65855856 kB
20220313 002042.236 INFO             PET0 PIOc_sync Enter - MemInfo: [/proc/meminfo - SSI]	MemFree:        61088144 kB
20220313 002042.236 INFO             PET0 PIOc_sync Enter - MemInfo: [/proc/meminfo - SSI]	MemAvailable:   60891980 kB
20220313 002042.236 INFO             PET0 PIOc_sync Enter - MemInfo: [/proc/meminfo - SSI]	Committed_AS:    3187404 kB
20220313 002042.236 INFO             PET0 PIOc_sync Enter - MemInfo: [/proc/meminfo - SSI]	CommittedPercent: 4.83997 %
20220313 002042.236 INFO             PET0 PIOc_sync Enter - MemInfo: [/proc/self/status]	VmPeak:	  269064 kB
20220313 002042.236 INFO             PET0 PIOc_sync Enter - MemInfo: [/proc/self/status]	VmSize:	  269040 kB
20220313 002042.236 INFO             PET0 PIOc_sync Enter - MemInfo: [/proc/self/status]	VmLck:	       0 kB
20220313 002042.236 INFO             PET0 PIOc_sync Enter - MemInfo: [/proc/self/status]	VmPin:	       0 kB
20220313 002042.236 INFO             PET0 PIOc_sync Enter - MemInfo: [/proc/self/status]	VmHWM:	   46028 kB
20220313 002042.236 INFO             PET0 PIOc_sync Enter - MemInfo: [/proc/self/status]	VmRSS:	   42264 kB
20220313 002042.236 INFO             PET0 PIOc_sync Enter - MemInfo: [/proc/self/status]	VmData:	   34024 kB
20220313 002042.236 INFO             PET0 PIOc_sync Enter - MemInfo: [/proc/self/status]	VmStk:	     508 kB
20220313 002042.236 INFO             PET0 PIOc_sync Enter - MemInfo: [/proc/self/status]	VmExe:	    1832 kB
20220313 002042.236 INFO             PET0 PIOc_sync Enter - MemInfo: [/proc/self/status]	VmLib:	  133788 kB
20220313 002042.236 INFO             PET0 PIOc_sync Enter - MemInfo: [/proc/self/status]	VmPTE:	     428 kB
20220313 002042.236 INFO             PET0 PIOc_sync Enter - MemInfo: [/proc/self/status]	VmPMD:	      12 kB
20220313 002042.236 INFO             PET0 PIOc_sync Enter - MemInfo: [/proc/self/status]	VmSwap:	       0 kB
20220313 002042.236 INFO             PET0 PIOc_sync Enter - MemInfo: [/proc/self/status]	VmRSSPercent: 0.0641765 %
20220313 002042.236 INFO             PET0 PIOc_sync Enter - MemInfo: [malloc] Non-mmapped space allocated:                10047488 Byte
20220313 002042.236 INFO             PET0 PIOc_sync Enter - MemInfo: [malloc] Space allocated in mmapped regions:          3219456 Byte
20220313 002042.236 INFO             PET0 PIOc_sync Enter - MemInfo: [malloc] Maximum total allocated space:                     0 Byte
20220313 002042.236 INFO             PET0 PIOc_sync Enter - MemInfo: [malloc] Space in freed fastbin blocks:                   336 Byte
20220313 002042.236 INFO             PET0 PIOc_sync Enter - MemInfo: [malloc] Total allocated space:                       9918736 Byte
20220313 002042.236 INFO             PET0 PIOc_sync Enter - MemInfo: [malloc] Total free space:                             128752 Byte
20220313 002042.236 INFO             PET0 PIOc_sync Enter - MemInfo: [malloc] Top-most, releasable space:                   123200 Byte
20220313 002042.236 INFO             PET0 PIOc_sync Enter - MemInfo: [malloc] Total space in use, mmap + non-mmap:        13138192 Byte
20220313 002042.236 INFO             PET0 PIOc_sync Enter - MemInfo: [malloc] Total space held (mmap + non-mmap):         13266944 Byte
20220313 002042.236 INFO             PET0 PIOc_sync Enter - MemInfo: [malloc] Total space used (mmap + non-mmap):         13146400 Byte
20220313 002042.236 INFO             PET0 PIOc_sync Enter - MemInfo: Wall-clock time since execution start:               0.122415 seconds
20220313 002042.236 INFO             PET0 PIOc_sync Exit - MemInfo: [/proc/meminfo - SSI]	MemTotal:       65855856 kB
20220313 002042.236 INFO             PET0 PIOc_sync Exit - MemInfo: [/proc/meminfo - SSI]	MemFree:        61088144 kB
20220313 002042.236 INFO             PET0 PIOc_sync Exit - MemInfo: [/proc/meminfo - SSI]	MemAvailable:   60891980 kB
20220313 002042.236 INFO             PET0 PIOc_sync Exit - MemInfo: [/proc/meminfo - SSI]	Committed_AS:    3187404 kB
20220313 002042.237 INFO             PET0 PIOc_sync Exit - MemInfo: [/proc/meminfo - SSI]	CommittedPercent: 4.83997 %
20220313 002042.237 INFO             PET0 PIOc_sync Exit - MemInfo: [/proc/self/status]	VmPeak:	  269064 kB
20220313 002042.237 INFO             PET0 PIOc_sync Exit - MemInfo: [/proc/self/status]	VmSize:	  269040 kB
20220313 002042.237 INFO             PET0 PIOc_sync Exit - MemInfo: [/proc/self/status]	VmLck:	       0 kB
20220313 002042.237 INFO             PET0 PIOc_sync Exit - MemInfo: [/proc/self/status]	VmPin:	       0 kB
20220313 002042.237 INFO             PET0 PIOc_sync Exit - MemInfo: [/proc/self/status]	VmHWM:	   46028 kB
20220313 002042.237 INFO             PET0 PIOc_sync Exit - MemInfo: [/proc/self/status]	VmRSS:	   42264 kB
20220313 002042.237 INFO             PET0 PIOc_sync Exit - MemInfo: [/proc/self/status]	VmData:	   34024 kB
20220313 002042.237 INFO             PET0 PIOc_sync Exit - MemInfo: [/proc/self/status]	VmStk:	     508 kB
20220313 002042.237 INFO             PET0 PIOc_sync Exit - MemInfo: [/proc/self/status]	VmExe:	    1832 kB
20220313 002042.237 INFO             PET0 PIOc_sync Exit - MemInfo: [/proc/self/status]	VmLib:	  133788 kB
20220313 002042.237 INFO             PET0 PIOc_sync Exit - MemInfo: [/proc/self/status]	VmPTE:	     428 kB
20220313 002042.237 INFO             PET0 PIOc_sync Exit - MemInfo: [/proc/self/status]	VmPMD:	      12 kB
20220313 002042.237 INFO             PET0 PIOc_sync Exit - MemInfo: [/proc/self/status]	VmSwap:	       0 kB
20220313 002042.237 INFO             PET0 PIOc_sync Exit - MemInfo: [/proc/self/status]	VmRSSPercent: 0.0641765 %
20220313 002042.237 INFO             PET0 PIOc_sync Exit - MemInfo: [malloc] Non-mmapped space allocated:                10047488 Byte
20220313 002042.237 INFO             PET0 PIOc_sync Exit - MemInfo: [malloc] Space allocated in mmapped regions:          3219456 Byte
20220313 002042.237 INFO             PET0 PIOc_sync Exit - MemInfo: [malloc] Maximum total allocated space:                     0 Byte
20220313 002042.237 INFO             PET0 PIOc_sync Exit - MemInfo: [malloc] Space in freed fastbin blocks:                     0 Byte
20220313 002042.237 INFO             PET0 PIOc_sync Exit - MemInfo: [malloc] Total allocated space:                       9919696 Byte
20220313 002042.237 INFO             PET0 PIOc_sync Exit - MemInfo: [malloc] Total free space:                             127792 Byte
20220313 002042.237 INFO             PET0 PIOc_sync Exit - MemInfo: [malloc] Top-most, releasable space:                   122976 Byte
20220313 002042.237 INFO             PET0 PIOc_sync Exit - MemInfo: [malloc] Total space in use, mmap + non-mmap:        13139152 Byte
20220313 002042.237 INFO             PET0 PIOc_sync Exit - MemInfo: [malloc] Total space held (mmap + non-mmap):         13266944 Byte
20220313 002042.237 INFO             PET0 PIOc_sync Exit - MemInfo: [malloc] Total space used (mmap + non-mmap):         13147472 Byte
20220313 002042.237 INFO             PET0 PIOc_sync Exit - MemInfo: Wall-clock time since execution start:               0.123113 seconds
20220313 002042.237 INFO             PET0 PIOc_freedecomp Enter - MemInfo: [/proc/meminfo - SSI]	MemTotal:       65855856 kB
20220313 002042.237 INFO             PET0 PIOc_freedecomp Enter - MemInfo: [/proc/meminfo - SSI]	MemFree:        61088144 kB
20220313 002042.237 INFO             PET0 PIOc_freedecomp Enter - MemInfo: [/proc/meminfo - SSI]	MemAvailable:   60891980 kB
20220313 002042.237 INFO             PET0 PIOc_freedecomp Enter - MemInfo: [/proc/meminfo - SSI]	Committed_AS:    3187404 kB
20220313 002042.237 INFO             PET0 PIOc_freedecomp Enter - MemInfo: [/proc/meminfo - SSI]	CommittedPercent: 4.83997 %
20220313 002042.237 INFO             PET0 PIOc_freedecomp Enter - MemInfo: [/proc/self/status]	VmPeak:	  269064 kB
20220313 002042.237 INFO             PET0 PIOc_freedecomp Enter - MemInfo: [/proc/self/status]	VmSize:	  269040 kB
20220313 002042.237 INFO             PET0 PIOc_freedecomp Enter - MemInfo: [/proc/self/status]	VmLck:	       0 kB
20220313 002042.237 INFO             PET0 PIOc_freedecomp Enter - MemInfo: [/proc/self/status]	VmPin:	       0 kB
20220313 002042.237 INFO             PET0 PIOc_freedecomp Enter - MemInfo: [/proc/self/status]	VmHWM:	   46028 kB
20220313 002042.237 INFO             PET0 PIOc_freedecomp Enter - MemInfo: [/proc/self/status]	VmRSS:	   42264 kB
20220313 002042.237 INFO             PET0 PIOc_freedecomp Enter - MemInfo: [/proc/self/status]	VmData:	   34024 kB
20220313 002042.237 INFO             PET0 PIOc_freedecomp Enter - MemInfo: [/proc/self/status]	VmStk:	     508 kB
20220313 002042.237 INFO             PET0 PIOc_freedecomp Enter - MemInfo: [/proc/self/status]	VmExe:	    1832 kB
20220313 002042.237 INFO             PET0 PIOc_freedecomp Enter - MemInfo: [/proc/self/status]	VmLib:	  133788 kB
20220313 002042.237 INFO             PET0 PIOc_freedecomp Enter - MemInfo: [/proc/self/status]	VmPTE:	     428 kB
20220313 002042.237 INFO             PET0 PIOc_freedecomp Enter - MemInfo: [/proc/self/status]	VmPMD:	      12 kB
20220313 002042.237 INFO             PET0 PIOc_freedecomp Enter - MemInfo: [/proc/self/status]	VmSwap:	       0 kB
20220313 002042.237 INFO             PET0 PIOc_freedecomp Enter - MemInfo: [/proc/self/status]	VmRSSPercent: 0.0641765 %
20220313 002042.237 INFO             PET0 PIOc_freedecomp Enter - MemInfo: [malloc] Non-mmapped space allocated:                10047488 Byte
20220313 002042.237 INFO             PET0 PIOc_freedecomp Enter - MemInfo: [malloc] Space allocated in mmapped regions:          3219456 Byte
20220313 002042.237 INFO             PET0 PIOc_freedecomp Enter - MemInfo: [malloc] Maximum total allocated space:                     0 Byte
20220313 002042.237 INFO             PET0 PIOc_freedecomp Enter - MemInfo: [malloc] Space in freed fastbin blocks:                   112 Byte
20220313 002042.237 INFO             PET0 PIOc_freedecomp Enter - MemInfo: [malloc] Total allocated space:                        995184 Byte
20220313 002042.237 INFO             PET0 PIOc_freedecomp Enter - MemInfo: [malloc] Total free space:                            9052304 Byte
20220313 002042.237 INFO             PET0 PIOc_freedecomp Enter - MemInfo: [malloc] Top-most, releasable space:                   122752 Byte
20220313 002042.237 INFO             PET0 PIOc_freedecomp Enter - MemInfo: [malloc] Total space in use, mmap + non-mmap:         4214640 Byte
20220313 002042.237 INFO             PET0 PIOc_freedecomp Enter - MemInfo: [malloc] Total space held (mmap + non-mmap):         13266944 Byte
20220313 002042.237 INFO             PET0 PIOc_freedecomp Enter - MemInfo: [malloc] Total space used (mmap + non-mmap):          4222848 Byte
20220313 002042.237 INFO             PET0 PIOc_freedecomp Enter - MemInfo: Wall-clock time since execution start:               0.123765 seconds
20220313 002042.238 INFO             PET0 PIOc_freedecomp Exit - MemInfo: [/proc/meminfo - SSI]	MemTotal:       65855856 kB
20220313 002042.238 INFO             PET0 PIOc_freedecomp Exit - MemInfo: [/proc/meminfo - SSI]	MemFree:        61088144 kB
20220313 002042.238 INFO             PET0 PIOc_freedecomp Exit - MemInfo: [/proc/meminfo - SSI]	MemAvailable:   60891980 kB
20220313 002042.238 INFO             PET0 PIOc_freedecomp Exit - MemInfo: [/proc/meminfo - SSI]	Committed_AS:    3187404 kB
20220313 002042.238 INFO             PET0 PIOc_freedecomp Exit - MemInfo: [/proc/meminfo - SSI]	CommittedPercent: 4.83997 %
20220313 002042.238 INFO             PET0 PIOc_freedecomp Exit - MemInfo: [/proc/self/status]	VmPeak:	  269064 kB
20220313 002042.238 INFO             PET0 PIOc_freedecomp Exit - MemInfo: [/proc/self/status]	VmSize:	  269040 kB
20220313 002042.238 INFO             PET0 PIOc_freedecomp Exit - MemInfo: [/proc/self/status]	VmLck:	       0 kB
20220313 002042.238 INFO             PET0 PIOc_freedecomp Exit - MemInfo: [/proc/self/status]	VmPin:	       0 kB
20220313 002042.238 INFO             PET0 PIOc_freedecomp Exit - MemInfo: [/proc/self/status]	VmHWM:	   46028 kB
20220313 002042.238 INFO             PET0 PIOc_freedecomp Exit - MemInfo: [/proc/self/status]	VmRSS:	   42264 kB
20220313 002042.238 INFO             PET0 PIOc_freedecomp Exit - MemInfo: [/proc/self/status]	VmData:	   34024 kB
20220313 002042.238 INFO             PET0 PIOc_freedecomp Exit - MemInfo: [/proc/self/status]	VmStk:	     508 kB
20220313 002042.238 INFO             PET0 PIOc_freedecomp Exit - MemInfo: [/proc/self/status]	VmExe:	    1832 kB
20220313 002042.238 INFO             PET0 PIOc_freedecomp Exit - MemInfo: [/proc/self/status]	VmLib:	  133788 kB
20220313 002042.238 INFO             PET0 PIOc_freedecomp Exit - MemInfo: [/proc/self/status]	VmPTE:	     428 kB
20220313 002042.238 INFO             PET0 PIOc_freedecomp Exit - MemInfo: [/proc/self/status]	VmPMD:	      12 kB
20220313 002042.238 INFO             PET0 PIOc_freedecomp Exit - MemInfo: [/proc/self/status]	VmSwap:	       0 kB
20220313 002042.238 INFO             PET0 PIOc_freedecomp Exit - MemInfo: [/proc/self/status]	VmRSSPercent: 0.0641765 %
20220313 002042.238 INFO             PET0 PIOc_freedecomp Exit - MemInfo: [malloc] Non-mmapped space allocated:                10047488 Byte
20220313 002042.238 INFO             PET0 PIOc_freedecomp Exit - MemInfo: [malloc] Space allocated in mmapped regions:          3219456 Byte
20220313 002042.238 INFO             PET0 PIOc_freedecomp Exit - MemInfo: [malloc] Maximum total allocated space:                     0 Byte
20220313 002042.238 INFO             PET0 PIOc_freedecomp Exit - MemInfo: [malloc] Space in freed fastbin blocks:                  1280 Byte
20220313 002042.238 INFO             PET0 PIOc_freedecomp Exit - MemInfo: [malloc] Total allocated space:                        993904 Byte
20220313 002042.238 INFO             PET0 PIOc_freedecomp Exit - MemInfo: [malloc] Total free space:                            9053584 Byte
20220313 002042.238 INFO             PET0 PIOc_freedecomp Exit - MemInfo: [malloc] Top-most, releasable space:                   128448 Byte
20220313 002042.238 INFO             PET0 PIOc_freedecomp Exit - MemInfo: [malloc] Total space in use, mmap + non-mmap:         4213360 Byte
20220313 002042.238 INFO             PET0 PIOc_freedecomp Exit - MemInfo: [malloc] Total space held (mmap + non-mmap):         13266944 Byte
20220313 002042.238 INFO             PET0 PIOc_freedecomp Exit - MemInfo: [malloc] Total space used (mmap + non-mmap):          4221568 Byte
20220313 002042.238 INFO             PET0 PIOc_freedecomp Exit - MemInfo: Wall-clock time since execution start:               0.124233 seconds
20220313 002042.240 INFO             PET0  PASS  ESMF_OutputWeightFile, ESMF_IOUTest.F90, line 81
20220313 002042.255 INFO             PET0  PASS  call ESMF_OutputWeightFile with empty factor list on four PETs, ESMF_IOUTest.F90, line 191
20220313 002042.255 INFO             PET0  Ending Test, file ESMF_IOUTest.F90, line 201
20220313 002042.255 INFO             PET0 Finalizing ESMF
20220313 002042.159 INFO             PET1 !!!!!!!!!!!!!!!!!!!!!!!!!!!!!!!!!!!!!!!!!!!!!!!!!!!!!!
20220313 002042.159 INFO             PET1 !!! THE ESMF_LOG IS SET TO OUTPUT ALL LOG MESSAGES !!!
20220313 002042.159 INFO             PET1 !!!     THIS MAY CAUSE SLOWDOWN IN PERFORMANCE     !!!
20220313 002042.159 INFO             PET1 !!! FOR PRODUCTION RUNS, USE:                      !!!
20220313 002042.159 INFO             PET1 !!!                   ESMF_LOGKIND_Multi_On_Error  !!!
20220313 002042.159 INFO             PET1 !!!!!!!!!!!!!!!!!!!!!!!!!!!!!!!!!!!!!!!!!!!!!!!!!!!!!!
20220313 002042.159 INFO             PET1 Running with ESMF Version   : v8.3.0b09-96-g559b459836
20220313 002042.159 INFO             PET1 ESMF library build date/time: "Mar 13 2022" "00:01:08"
20220313 002042.159 INFO             PET1 ESMF library build location : /lustre/f2/dev/ncep/Mark.Potts/intel_2019.5_mpi_g_jedwards_pio_update2
20220313 002042.159 INFO             PET1 ESMF_COMM                   : mpi
20220313 002042.160 INFO             PET1 ESMF_MOAB                   : enabled
20220313 002042.160 INFO             PET1 ESMF_LAPACK                 : enabled
20220313 002042.160 INFO             PET1 ESMF_NETCDF                 : enabled
20220313 002042.160 INFO             PET1 ESMF_PNETCDF                : disabled
20220313 002042.160 INFO             PET1 ESMF_PIO                    : enabled
20220313 002042.160 INFO             PET1 ESMF_YAMLCPP                : enabled
20220313 002042.161 INFO             PET1  Beginning Test, file ESMF_IOUTest.F90, line 57
20220313 002042.161 INFO             PET1  NUMBER_OF_PROCESSORS           4
20220313 002042.162 INFO             PET1 Starting Test:  ESMF_OutputWeightFile
20220313 002042.225 INFO             PET1 PIOc_sync Enter - MemInfo: [/proc/meminfo - SSI]	MemTotal:       65855856 kB
20220313 002042.225 INFO             PET1 PIOc_sync Enter - MemInfo: [/proc/meminfo - SSI]	MemFree:        61085864 kB
20220313 002042.225 INFO             PET1 PIOc_sync Enter - MemInfo: [/proc/meminfo - SSI]	MemAvailable:   60889456 kB
20220313 002042.225 INFO             PET1 PIOc_sync Enter - MemInfo: [/proc/meminfo - SSI]	Committed_AS:    3186988 kB
20220313 002042.225 INFO             PET1 PIOc_sync Enter - MemInfo: [/proc/meminfo - SSI]	CommittedPercent: 4.83934 %
20220313 002042.225 INFO             PET1 PIOc_sync Enter - MemInfo: [/proc/self/status]	VmPeak:	  259684 kB
20220313 002042.225 INFO             PET1 PIOc_sync Enter - MemInfo: [/proc/self/status]	VmSize:	  259684 kB
20220313 002042.225 INFO             PET1 PIOc_sync Enter - MemInfo: [/proc/self/status]	VmLck:	       0 kB
20220313 002042.225 INFO             PET1 PIOc_sync Enter - MemInfo: [/proc/self/status]	VmPin:	       0 kB
20220313 002042.225 INFO             PET1 PIOc_sync Enter - MemInfo: [/proc/self/status]	VmHWM:	   35596 kB
20220313 002042.225 INFO             PET1 PIOc_sync Enter - MemInfo: [/proc/self/status]	VmRSS:	   35596 kB
20220313 002042.225 INFO             PET1 PIOc_sync Enter - MemInfo: [/proc/self/status]	VmData:	   24644 kB
20220313 002042.225 INFO             PET1 PIOc_sync Enter - MemInfo: [/proc/self/status]	VmStk:	     508 kB
20220313 002042.225 INFO             PET1 PIOc_sync Enter - MemInfo: [/proc/self/status]	VmExe:	    1832 kB
20220313 002042.225 INFO             PET1 PIOc_sync Enter - MemInfo: [/proc/self/status]	VmLib:	  133788 kB
20220313 002042.225 INFO             PET1 PIOc_sync Enter - MemInfo: [/proc/self/status]	VmPTE:	     404 kB
20220313 002042.225 INFO             PET1 PIOc_sync Enter - MemInfo: [/proc/self/status]	VmPMD:	      12 kB
20220313 002042.225 INFO             PET1 PIOc_sync Enter - MemInfo: [/proc/self/status]	VmSwap:	       0 kB
20220313 002042.225 INFO             PET1 PIOc_sync Enter - MemInfo: [/proc/self/status]	VmRSSPercent: 0.0540514 %
20220313 002042.225 INFO             PET1 PIOc_sync Enter - MemInfo: [malloc] Non-mmapped space allocated:                  774144 Byte
20220313 002042.225 INFO             PET1 PIOc_sync Enter - MemInfo: [malloc] Space allocated in mmapped regions:          2887680 Byte
20220313 002042.225 INFO             PET1 PIOc_sync Enter - MemInfo: [malloc] Maximum total allocated space:                     0 Byte
20220313 002042.226 INFO             PET1 PIOc_sync Enter - MemInfo: [malloc] Space in freed fastbin blocks:                     0 Byte
20220313 002042.226 INFO             PET1 PIOc_sync Enter - MemInfo: [malloc] Total allocated space:                        658032 Byte
20220313 002042.226 INFO             PET1 PIOc_sync Enter - MemInfo: [malloc] Total free space:                             116112 Byte
20220313 002042.226 INFO             PET1 PIOc_sync Enter - MemInfo: [malloc] Top-most, releasable space:                   116112 Byte
20220313 002042.226 INFO             PET1 PIOc_sync Enter - MemInfo: [malloc] Total space in use, mmap + non-mmap:         3545712 Byte
20220313 002042.226 INFO             PET1 PIOc_sync Enter - MemInfo: [malloc] Total space held (mmap + non-mmap):          3661824 Byte
20220313 002042.226 INFO             PET1 PIOc_sync Enter - MemInfo: [malloc] Total space used (mmap + non-mmap):          3555328 Byte
20220313 002042.226 INFO             PET1 PIOc_sync Enter - MemInfo: Wall-clock time since execution start:               0.112571 seconds
20220313 002042.227 INFO             PET1 PIOc_sync Exit - MemInfo: [/proc/meminfo - SSI]	MemTotal:       65855856 kB
20220313 002042.227 INFO             PET1 PIOc_sync Exit - MemInfo: [/proc/meminfo - SSI]	MemFree:        61085360 kB
20220313 002042.227 INFO             PET1 PIOc_sync Exit - MemInfo: [/proc/meminfo - SSI]	MemAvailable:   60888952 kB
20220313 002042.227 INFO             PET1 PIOc_sync Exit - MemInfo: [/proc/meminfo - SSI]	Committed_AS:    3186988 kB
20220313 002042.227 INFO             PET1 PIOc_sync Exit - MemInfo: [/proc/meminfo - SSI]	CommittedPercent: 4.83934 %
20220313 002042.227 INFO             PET1 PIOc_sync Exit - MemInfo: [/proc/self/status]	VmPeak:	  259684 kB
20220313 002042.227 INFO             PET1 PIOc_sync Exit - MemInfo: [/proc/self/status]	VmSize:	  259684 kB
20220313 002042.227 INFO             PET1 PIOc_sync Exit - MemInfo: [/proc/self/status]	VmLck:	       0 kB
20220313 002042.227 INFO             PET1 PIOc_sync Exit - MemInfo: [/proc/self/status]	VmPin:	       0 kB
20220313 002042.227 INFO             PET1 PIOc_sync Exit - MemInfo: [/proc/self/status]	VmHWM:	   35808 kB
20220313 002042.227 INFO             PET1 PIOc_sync Exit - MemInfo: [/proc/self/status]	VmRSS:	   35808 kB
20220313 002042.227 INFO             PET1 PIOc_sync Exit - MemInfo: [/proc/self/status]	VmData:	   24644 kB
20220313 002042.227 INFO             PET1 PIOc_sync Exit - MemInfo: [/proc/self/status]	VmStk:	     508 kB
20220313 002042.227 INFO             PET1 PIOc_sync Exit - MemInfo: [/proc/self/status]	VmExe:	    1832 kB
20220313 002042.227 INFO             PET1 PIOc_sync Exit - MemInfo: [/proc/self/status]	VmLib:	  133788 kB
20220313 002042.227 INFO             PET1 PIOc_sync Exit - MemInfo: [/proc/self/status]	VmPTE:	     404 kB
20220313 002042.227 INFO             PET1 PIOc_sync Exit - MemInfo: [/proc/self/status]	VmPMD:	      12 kB
20220313 002042.227 INFO             PET1 PIOc_sync Exit - MemInfo: [/proc/self/status]	VmSwap:	       0 kB
20220313 002042.227 INFO             PET1 PIOc_sync Exit - MemInfo: [/proc/self/status]	VmRSSPercent: 0.0543733 %
20220313 002042.227 INFO             PET1 PIOc_sync Exit - MemInfo: [malloc] Non-mmapped space allocated:                  774144 Byte
20220313 002042.227 INFO             PET1 PIOc_sync Exit - MemInfo: [malloc] Space allocated in mmapped regions:          2887680 Byte
20220313 002042.227 INFO             PET1 PIOc_sync Exit - MemInfo: [malloc] Maximum total allocated space:                     0 Byte
20220313 002042.227 INFO             PET1 PIOc_sync Exit - MemInfo: [malloc] Space in freed fastbin blocks:                     0 Byte
20220313 002042.227 INFO             PET1 PIOc_sync Exit - MemInfo: [malloc] Total allocated space:                        660336 Byte
20220313 002042.227 INFO             PET1 PIOc_sync Exit - MemInfo: [malloc] Total free space:                             113808 Byte
20220313 002042.227 INFO             PET1 PIOc_sync Exit - MemInfo: [malloc] Top-most, releasable space:                   113808 Byte
20220313 002042.227 INFO             PET1 PIOc_sync Exit - MemInfo: [malloc] Total space in use, mmap + non-mmap:         3548016 Byte
20220313 002042.227 INFO             PET1 PIOc_sync Exit - MemInfo: [malloc] Total space held (mmap + non-mmap):          3661824 Byte
20220313 002042.227 INFO             PET1 PIOc_sync Exit - MemInfo: [malloc] Total space used (mmap + non-mmap):          3556512 Byte
20220313 002042.227 INFO             PET1 PIOc_sync Exit - MemInfo: Wall-clock time since execution start:               0.113561 seconds
20220313 002042.228 INFO             PET1 PIOc_freedecomp Enter - MemInfo: [/proc/meminfo - SSI]	MemTotal:       65855856 kB
20220313 002042.228 INFO             PET1 PIOc_freedecomp Enter - MemInfo: [/proc/meminfo - SSI]	MemFree:        61092416 kB
20220313 002042.228 INFO             PET1 PIOc_freedecomp Enter - MemInfo: [/proc/meminfo - SSI]	MemAvailable:   60896008 kB
20220313 002042.228 INFO             PET1 PIOc_freedecomp Enter - MemInfo: [/proc/meminfo - SSI]	Committed_AS:    3179128 kB
20220313 002042.228 INFO             PET1 PIOc_freedecomp Enter - MemInfo: [/proc/meminfo - SSI]	CommittedPercent: 4.8274 %
20220313 002042.228 INFO             PET1 PIOc_freedecomp Enter - MemInfo: [/proc/self/status]	VmPeak:	  259684 kB
20220313 002042.228 INFO             PET1 PIOc_freedecomp Enter - MemInfo: [/proc/self/status]	VmSize:	  259684 kB
20220313 002042.228 INFO             PET1 PIOc_freedecomp Enter - MemInfo: [/proc/self/status]	VmLck:	       0 kB
20220313 002042.228 INFO             PET1 PIOc_freedecomp Enter - MemInfo: [/proc/self/status]	VmPin:	       0 kB
20220313 002042.228 INFO             PET1 PIOc_freedecomp Enter - MemInfo: [/proc/self/status]	VmHWM:	   35808 kB
20220313 002042.228 INFO             PET1 PIOc_freedecomp Enter - MemInfo: [/proc/self/status]	VmRSS:	   35808 kB
20220313 002042.228 INFO             PET1 PIOc_freedecomp Enter - MemInfo: [/proc/self/status]	VmData:	   24644 kB
20220313 002042.228 INFO             PET1 PIOc_freedecomp Enter - MemInfo: [/proc/self/status]	VmStk:	     508 kB
20220313 002042.228 INFO             PET1 PIOc_freedecomp Enter - MemInfo: [/proc/self/status]	VmExe:	    1832 kB
20220313 002042.228 INFO             PET1 PIOc_freedecomp Enter - MemInfo: [/proc/self/status]	VmLib:	  133788 kB
20220313 002042.228 INFO             PET1 PIOc_freedecomp Enter - MemInfo: [/proc/self/status]	VmPTE:	     404 kB
20220313 002042.228 INFO             PET1 PIOc_freedecomp Enter - MemInfo: [/proc/self/status]	VmPMD:	      12 kB
20220313 002042.228 INFO             PET1 PIOc_freedecomp Enter - MemInfo: [/proc/self/status]	VmSwap:	       0 kB
20220313 002042.228 INFO             PET1 PIOc_freedecomp Enter - MemInfo: [/proc/self/status]	VmRSSPercent: 0.0543733 %
20220313 002042.228 INFO             PET1 PIOc_freedecomp Enter - MemInfo: [malloc] Non-mmapped space allocated:                  774144 Byte
20220313 002042.228 INFO             PET1 PIOc_freedecomp Enter - MemInfo: [malloc] Space allocated in mmapped regions:          2887680 Byte
20220313 002042.228 INFO             PET1 PIOc_freedecomp Enter - MemInfo: [malloc] Maximum total allocated space:                     0 Byte
20220313 002042.228 INFO             PET1 PIOc_freedecomp Enter - MemInfo: [malloc] Space in freed fastbin blocks:                     0 Byte
20220313 002042.228 INFO             PET1 PIOc_freedecomp Enter - MemInfo: [malloc] Total allocated space:                        661280 Byte
20220313 002042.228 INFO             PET1 PIOc_freedecomp Enter - MemInfo: [malloc] Total free space:                             112864 Byte
20220313 002042.228 INFO             PET1 PIOc_freedecomp Enter - MemInfo: [malloc] Top-most, releasable space:                   112864 Byte
20220313 002042.228 INFO             PET1 PIOc_freedecomp Enter - MemInfo: [malloc] Total space in use, mmap + non-mmap:         3548960 Byte
20220313 002042.228 INFO             PET1 PIOc_freedecomp Enter - MemInfo: [malloc] Total space held (mmap + non-mmap):          3661824 Byte
20220313 002042.228 INFO             PET1 PIOc_freedecomp Enter - MemInfo: [malloc] Total space used (mmap + non-mmap):          3557456 Byte
20220313 002042.228 INFO             PET1 PIOc_freedecomp Enter - MemInfo: Wall-clock time since execution start:               0.114489 seconds
20220313 002042.228 INFO             PET1 PIOc_freedecomp Exit - MemInfo: [/proc/meminfo - SSI]	MemTotal:       65855856 kB
20220313 002042.228 INFO             PET1 PIOc_freedecomp Exit - MemInfo: [/proc/meminfo - SSI]	MemFree:        61092416 kB
20220313 002042.228 INFO             PET1 PIOc_freedecomp Exit - MemInfo: [/proc/meminfo - SSI]	MemAvailable:   60896008 kB
20220313 002042.228 INFO             PET1 PIOc_freedecomp Exit - MemInfo: [/proc/meminfo - SSI]	Committed_AS:    3179128 kB
20220313 002042.228 INFO             PET1 PIOc_freedecomp Exit - MemInfo: [/proc/meminfo - SSI]	CommittedPercent: 4.8274 %
20220313 002042.228 INFO             PET1 PIOc_freedecomp Exit - MemInfo: [/proc/self/status]	VmPeak:	  259684 kB
20220313 002042.228 INFO             PET1 PIOc_freedecomp Exit - MemInfo: [/proc/self/status]	VmSize:	  259684 kB
20220313 002042.228 INFO             PET1 PIOc_freedecomp Exit - MemInfo: [/proc/self/status]	VmLck:	       0 kB
20220313 002042.228 INFO             PET1 PIOc_freedecomp Exit - MemInfo: [/proc/self/status]	VmPin:	       0 kB
20220313 002042.228 INFO             PET1 PIOc_freedecomp Exit - MemInfo: [/proc/self/status]	VmHWM:	   35808 kB
20220313 002042.228 INFO             PET1 PIOc_freedecomp Exit - MemInfo: [/proc/self/status]	VmRSS:	   35808 kB
20220313 002042.228 INFO             PET1 PIOc_freedecomp Exit - MemInfo: [/proc/self/status]	VmData:	   24644 kB
20220313 002042.228 INFO             PET1 PIOc_freedecomp Exit - MemInfo: [/proc/self/status]	VmStk:	     508 kB
20220313 002042.228 INFO             PET1 PIOc_freedecomp Exit - MemInfo: [/proc/self/status]	VmExe:	    1832 kB
20220313 002042.228 INFO             PET1 PIOc_freedecomp Exit - MemInfo: [/proc/self/status]	VmLib:	  133788 kB
20220313 002042.228 INFO             PET1 PIOc_freedecomp Exit - MemInfo: [/proc/self/status]	VmPTE:	     404 kB
20220313 002042.228 INFO             PET1 PIOc_freedecomp Exit - MemInfo: [/proc/self/status]	VmPMD:	      12 kB
20220313 002042.229 INFO             PET1 PIOc_freedecomp Exit - MemInfo: [/proc/self/status]	VmSwap:	       0 kB
20220313 002042.229 INFO             PET1 PIOc_freedecomp Exit - MemInfo: [/proc/self/status]	VmRSSPercent: 0.0543733 %
20220313 002042.229 INFO             PET1 PIOc_freedecomp Exit - MemInfo: [malloc] Non-mmapped space allocated:                  774144 Byte
20220313 002042.229 INFO             PET1 PIOc_freedecomp Exit - MemInfo: [malloc] Space allocated in mmapped regions:          2887680 Byte
20220313 002042.229 INFO             PET1 PIOc_freedecomp Exit - MemInfo: [malloc] Maximum total allocated space:                     0 Byte
20220313 002042.229 INFO             PET1 PIOc_freedecomp Exit - MemInfo: [malloc] Space in freed fastbin blocks:                   112 Byte
20220313 002042.229 INFO             PET1 PIOc_freedecomp Exit - MemInfo: [malloc] Total allocated space:                        662016 Byte
20220313 002042.229 INFO             PET1 PIOc_freedecomp Exit - MemInfo: [malloc] Total free space:                             112128 Byte
20220313 002042.229 INFO             PET1 PIOc_freedecomp Exit - MemInfo: [malloc] Top-most, releasable space:                   112016 Byte
20220313 002042.229 INFO             PET1 PIOc_freedecomp Exit - MemInfo: [malloc] Total space in use, mmap + non-mmap:         3549696 Byte
20220313 002042.229 INFO             PET1 PIOc_freedecomp Exit - MemInfo: [malloc] Total space held (mmap + non-mmap):          3661824 Byte
20220313 002042.229 INFO             PET1 PIOc_freedecomp Exit - MemInfo: [malloc] Total space used (mmap + non-mmap):          3558128 Byte
20220313 002042.229 INFO             PET1 PIOc_freedecomp Exit - MemInfo: Wall-clock time since execution start:               0.114956 seconds
20220313 002042.232 INFO             PET1 PIOc_sync Enter - MemInfo: [/proc/meminfo - SSI]	MemTotal:       65855856 kB
20220313 002042.232 INFO             PET1 PIOc_sync Enter - MemInfo: [/proc/meminfo - SSI]	MemFree:        61089392 kB
20220313 002042.232 INFO             PET1 PIOc_sync Enter - MemInfo: [/proc/meminfo - SSI]	MemAvailable:   60893236 kB
20220313 002042.232 INFO             PET1 PIOc_sync Enter - MemInfo: [/proc/meminfo - SSI]	Committed_AS:    3187404 kB
20220313 002042.232 INFO             PET1 PIOc_sync Enter - MemInfo: [/proc/meminfo - SSI]	CommittedPercent: 4.83997 %
20220313 002042.232 INFO             PET1 PIOc_sync Enter - MemInfo: [/proc/self/status]	VmPeak:	  259684 kB
20220313 002042.232 INFO             PET1 PIOc_sync Enter - MemInfo: [/proc/self/status]	VmSize:	  259684 kB
20220313 002042.232 INFO             PET1 PIOc_sync Enter - MemInfo: [/proc/self/status]	VmLck:	       0 kB
20220313 002042.232 INFO             PET1 PIOc_sync Enter - MemInfo: [/proc/self/status]	VmPin:	       0 kB
20220313 002042.232 INFO             PET1 PIOc_sync Enter - MemInfo: [/proc/self/status]	VmHWM:	   35928 kB
20220313 002042.232 INFO             PET1 PIOc_sync Enter - MemInfo: [/proc/self/status]	VmRSS:	   35912 kB
20220313 002042.232 INFO             PET1 PIOc_sync Enter - MemInfo: [/proc/self/status]	VmData:	   24644 kB
20220313 002042.232 INFO             PET1 PIOc_sync Enter - MemInfo: [/proc/self/status]	VmStk:	     508 kB
20220313 002042.232 INFO             PET1 PIOc_sync Enter - MemInfo: [/proc/self/status]	VmExe:	    1832 kB
20220313 002042.232 INFO             PET1 PIOc_sync Enter - MemInfo: [/proc/self/status]	VmLib:	  133788 kB
20220313 002042.232 INFO             PET1 PIOc_sync Enter - MemInfo: [/proc/self/status]	VmPTE:	     404 kB
20220313 002042.232 INFO             PET1 PIOc_sync Enter - MemInfo: [/proc/self/status]	VmPMD:	      12 kB
20220313 002042.232 INFO             PET1 PIOc_sync Enter - MemInfo: [/proc/self/status]	VmSwap:	       0 kB
20220313 002042.232 INFO             PET1 PIOc_sync Enter - MemInfo: [/proc/self/status]	VmRSSPercent: 0.0545312 %
20220313 002042.232 INFO             PET1 PIOc_sync Enter - MemInfo: [malloc] Non-mmapped space allocated:                  774144 Byte
20220313 002042.232 INFO             PET1 PIOc_sync Enter - MemInfo: [malloc] Space allocated in mmapped regions:          2887680 Byte
20220313 002042.232 INFO             PET1 PIOc_sync Enter - MemInfo: [malloc] Maximum total allocated space:                     0 Byte
20220313 002042.232 INFO             PET1 PIOc_sync Enter - MemInfo: [malloc] Space in freed fastbin blocks:                     0 Byte
20220313 002042.232 INFO             PET1 PIOc_sync Enter - MemInfo: [malloc] Total allocated space:                        663760 Byte
20220313 002042.232 INFO             PET1 PIOc_sync Enter - MemInfo: [malloc] Total free space:                             110384 Byte
20220313 002042.232 INFO             PET1 PIOc_sync Enter - MemInfo: [malloc] Top-most, releasable space:                   109536 Byte
20220313 002042.232 INFO             PET1 PIOc_sync Enter - MemInfo: [malloc] Total space in use, mmap + non-mmap:         3551440 Byte
20220313 002042.232 INFO             PET1 PIOc_sync Enter - MemInfo: [malloc] Total space held (mmap + non-mmap):          3661824 Byte
20220313 002042.232 INFO             PET1 PIOc_sync Enter - MemInfo: [malloc] Total space used (mmap + non-mmap):          3559648 Byte
20220313 002042.232 INFO             PET1 PIOc_sync Enter - MemInfo: Wall-clock time since execution start:               0.118679 seconds
20220313 002042.232 INFO             PET1 PIOc_sync Exit - MemInfo: [/proc/meminfo - SSI]	MemTotal:       65855856 kB
20220313 002042.233 INFO             PET1 PIOc_sync Exit - MemInfo: [/proc/meminfo - SSI]	MemFree:        61089392 kB
20220313 002042.233 INFO             PET1 PIOc_sync Exit - MemInfo: [/proc/meminfo - SSI]	MemAvailable:   60893236 kB
20220313 002042.233 INFO             PET1 PIOc_sync Exit - MemInfo: [/proc/meminfo - SSI]	Committed_AS:    3187404 kB
20220313 002042.233 INFO             PET1 PIOc_sync Exit - MemInfo: [/proc/meminfo - SSI]	CommittedPercent: 4.83997 %
20220313 002042.233 INFO             PET1 PIOc_sync Exit - MemInfo: [/proc/self/status]	VmPeak:	  259684 kB
20220313 002042.233 INFO             PET1 PIOc_sync Exit - MemInfo: [/proc/self/status]	VmSize:	  259684 kB
20220313 002042.233 INFO             PET1 PIOc_sync Exit - MemInfo: [/proc/self/status]	VmLck:	       0 kB
20220313 002042.233 INFO             PET1 PIOc_sync Exit - MemInfo: [/proc/self/status]	VmPin:	       0 kB
20220313 002042.233 INFO             PET1 PIOc_sync Exit - MemInfo: [/proc/self/status]	VmHWM:	   35928 kB
20220313 002042.233 INFO             PET1 PIOc_sync Exit - MemInfo: [/proc/self/status]	VmRSS:	   35912 kB
20220313 002042.233 INFO             PET1 PIOc_sync Exit - MemInfo: [/proc/self/status]	VmData:	   24644 kB
20220313 002042.233 INFO             PET1 PIOc_sync Exit - MemInfo: [/proc/self/status]	VmStk:	     508 kB
20220313 002042.233 INFO             PET1 PIOc_sync Exit - MemInfo: [/proc/self/status]	VmExe:	    1832 kB
20220313 002042.233 INFO             PET1 PIOc_sync Exit - MemInfo: [/proc/self/status]	VmLib:	  133788 kB
20220313 002042.233 INFO             PET1 PIOc_sync Exit - MemInfo: [/proc/self/status]	VmPTE:	     404 kB
20220313 002042.233 INFO             PET1 PIOc_sync Exit - MemInfo: [/proc/self/status]	VmPMD:	      12 kB
20220313 002042.233 INFO             PET1 PIOc_sync Exit - MemInfo: [/proc/self/status]	VmSwap:	       0 kB
20220313 002042.233 INFO             PET1 PIOc_sync Exit - MemInfo: [/proc/self/status]	VmRSSPercent: 0.0545312 %
20220313 002042.233 INFO             PET1 PIOc_sync Exit - MemInfo: [malloc] Non-mmapped space allocated:                  774144 Byte
20220313 002042.233 INFO             PET1 PIOc_sync Exit - MemInfo: [malloc] Space allocated in mmapped regions:          2887680 Byte
20220313 002042.233 INFO             PET1 PIOc_sync Exit - MemInfo: [malloc] Maximum total allocated space:                     0 Byte
20220313 002042.233 INFO             PET1 PIOc_sync Exit - MemInfo: [malloc] Space in freed fastbin blocks:                     0 Byte
20220313 002042.233 INFO             PET1 PIOc_sync Exit - MemInfo: [malloc] Total allocated space:                        664224 Byte
20220313 002042.233 INFO             PET1 PIOc_sync Exit - MemInfo: [malloc] Total free space:                             109920 Byte
20220313 002042.233 INFO             PET1 PIOc_sync Exit - MemInfo: [malloc] Top-most, releasable space:                   109312 Byte
20220313 002042.233 INFO             PET1 PIOc_sync Exit - MemInfo: [malloc] Total space in use, mmap + non-mmap:         3551904 Byte
20220313 002042.233 INFO             PET1 PIOc_sync Exit - MemInfo: [malloc] Total space held (mmap + non-mmap):          3661824 Byte
20220313 002042.233 INFO             PET1 PIOc_sync Exit - MemInfo: [malloc] Total space used (mmap + non-mmap):          3560112 Byte
20220313 002042.233 INFO             PET1 PIOc_sync Exit - MemInfo: Wall-clock time since execution start:               0.119209 seconds
20220313 002042.233 INFO             PET1 PIOc_freedecomp Enter - MemInfo: [/proc/meminfo - SSI]	MemTotal:       65855856 kB
20220313 002042.233 INFO             PET1 PIOc_freedecomp Enter - MemInfo: [/proc/meminfo - SSI]	MemFree:        61089392 kB
20220313 002042.233 INFO             PET1 PIOc_freedecomp Enter - MemInfo: [/proc/meminfo - SSI]	MemAvailable:   60893236 kB
20220313 002042.233 INFO             PET1 PIOc_freedecomp Enter - MemInfo: [/proc/meminfo - SSI]	Committed_AS:    3187404 kB
20220313 002042.233 INFO             PET1 PIOc_freedecomp Enter - MemInfo: [/proc/meminfo - SSI]	CommittedPercent: 4.83997 %
20220313 002042.233 INFO             PET1 PIOc_freedecomp Enter - MemInfo: [/proc/self/status]	VmPeak:	  259684 kB
20220313 002042.233 INFO             PET1 PIOc_freedecomp Enter - MemInfo: [/proc/self/status]	VmSize:	  259684 kB
20220313 002042.233 INFO             PET1 PIOc_freedecomp Enter - MemInfo: [/proc/self/status]	VmLck:	       0 kB
20220313 002042.233 INFO             PET1 PIOc_freedecomp Enter - MemInfo: [/proc/self/status]	VmPin:	       0 kB
20220313 002042.233 INFO             PET1 PIOc_freedecomp Enter - MemInfo: [/proc/self/status]	VmHWM:	   35928 kB
20220313 002042.233 INFO             PET1 PIOc_freedecomp Enter - MemInfo: [/proc/self/status]	VmRSS:	   35912 kB
20220313 002042.233 INFO             PET1 PIOc_freedecomp Enter - MemInfo: [/proc/self/status]	VmData:	   24644 kB
20220313 002042.233 INFO             PET1 PIOc_freedecomp Enter - MemInfo: [/proc/self/status]	VmStk:	     508 kB
20220313 002042.233 INFO             PET1 PIOc_freedecomp Enter - MemInfo: [/proc/self/status]	VmExe:	    1832 kB
20220313 002042.233 INFO             PET1 PIOc_freedecomp Enter - MemInfo: [/proc/self/status]	VmLib:	  133788 kB
20220313 002042.233 INFO             PET1 PIOc_freedecomp Enter - MemInfo: [/proc/self/status]	VmPTE:	     404 kB
20220313 002042.233 INFO             PET1 PIOc_freedecomp Enter - MemInfo: [/proc/self/status]	VmPMD:	      12 kB
20220313 002042.233 INFO             PET1 PIOc_freedecomp Enter - MemInfo: [/proc/self/status]	VmSwap:	       0 kB
20220313 002042.233 INFO             PET1 PIOc_freedecomp Enter - MemInfo: [/proc/self/status]	VmRSSPercent: 0.0545312 %
20220313 002042.233 INFO             PET1 PIOc_freedecomp Enter - MemInfo: [malloc] Non-mmapped space allocated:                  774144 Byte
20220313 002042.233 INFO             PET1 PIOc_freedecomp Enter - MemInfo: [malloc] Space allocated in mmapped regions:          2887680 Byte
20220313 002042.233 INFO             PET1 PIOc_freedecomp Enter - MemInfo: [malloc] Maximum total allocated space:                     0 Byte
20220313 002042.233 INFO             PET1 PIOc_freedecomp Enter - MemInfo: [malloc] Space in freed fastbin blocks:                     0 Byte
20220313 002042.233 INFO             PET1 PIOc_freedecomp Enter - MemInfo: [malloc] Total allocated space:                        664448 Byte
20220313 002042.233 INFO             PET1 PIOc_freedecomp Enter - MemInfo: [malloc] Total free space:                             109696 Byte
20220313 002042.234 INFO             PET1 PIOc_freedecomp Enter - MemInfo: [malloc] Top-most, releasable space:                   109088 Byte
20220313 002042.234 INFO             PET1 PIOc_freedecomp Enter - MemInfo: [malloc] Total space in use, mmap + non-mmap:         3552128 Byte
20220313 002042.234 INFO             PET1 PIOc_freedecomp Enter - MemInfo: [malloc] Total space held (mmap + non-mmap):          3661824 Byte
20220313 002042.234 INFO             PET1 PIOc_freedecomp Enter - MemInfo: [malloc] Total space used (mmap + non-mmap):          3560336 Byte
20220313 002042.234 INFO             PET1 PIOc_freedecomp Enter - MemInfo: Wall-clock time since execution start:               0.119845 seconds
20220313 002042.234 INFO             PET1 PIOc_freedecomp Exit - MemInfo: [/proc/meminfo - SSI]	MemTotal:       65855856 kB
20220313 002042.234 INFO             PET1 PIOc_freedecomp Exit - MemInfo: [/proc/meminfo - SSI]	MemFree:        61088648 kB
20220313 002042.234 INFO             PET1 PIOc_freedecomp Exit - MemInfo: [/proc/meminfo - SSI]	MemAvailable:   60892484 kB
20220313 002042.234 INFO             PET1 PIOc_freedecomp Exit - MemInfo: [/proc/meminfo - SSI]	Committed_AS:    3187404 kB
20220313 002042.234 INFO             PET1 PIOc_freedecomp Exit - MemInfo: [/proc/meminfo - SSI]	CommittedPercent: 4.83997 %
20220313 002042.234 INFO             PET1 PIOc_freedecomp Exit - MemInfo: [/proc/self/status]	VmPeak:	  259684 kB
20220313 002042.234 INFO             PET1 PIOc_freedecomp Exit - MemInfo: [/proc/self/status]	VmSize:	  259684 kB
20220313 002042.234 INFO             PET1 PIOc_freedecomp Exit - MemInfo: [/proc/self/status]	VmLck:	       0 kB
20220313 002042.234 INFO             PET1 PIOc_freedecomp Exit - MemInfo: [/proc/self/status]	VmPin:	       0 kB
20220313 002042.234 INFO             PET1 PIOc_freedecomp Exit - MemInfo: [/proc/self/status]	VmHWM:	   35928 kB
20220313 002042.234 INFO             PET1 PIOc_freedecomp Exit - MemInfo: [/proc/self/status]	VmRSS:	   35912 kB
20220313 002042.234 INFO             PET1 PIOc_freedecomp Exit - MemInfo: [/proc/self/status]	VmData:	   24644 kB
20220313 002042.234 INFO             PET1 PIOc_freedecomp Exit - MemInfo: [/proc/self/status]	VmStk:	     508 kB
20220313 002042.234 INFO             PET1 PIOc_freedecomp Exit - MemInfo: [/proc/self/status]	VmExe:	    1832 kB
20220313 002042.234 INFO             PET1 PIOc_freedecomp Exit - MemInfo: [/proc/self/status]	VmLib:	  133788 kB
20220313 002042.234 INFO             PET1 PIOc_freedecomp Exit - MemInfo: [/proc/self/status]	VmPTE:	     404 kB
20220313 002042.234 INFO             PET1 PIOc_freedecomp Exit - MemInfo: [/proc/self/status]	VmPMD:	      12 kB
20220313 002042.234 INFO             PET1 PIOc_freedecomp Exit - MemInfo: [/proc/self/status]	VmSwap:	       0 kB
20220313 002042.234 INFO             PET1 PIOc_freedecomp Exit - MemInfo: [/proc/self/status]	VmRSSPercent: 0.0545312 %
20220313 002042.234 INFO             PET1 PIOc_freedecomp Exit - MemInfo: [malloc] Non-mmapped space allocated:                  774144 Byte
20220313 002042.234 INFO             PET1 PIOc_freedecomp Exit - MemInfo: [malloc] Space allocated in mmapped regions:          2887680 Byte
20220313 002042.234 INFO             PET1 PIOc_freedecomp Exit - MemInfo: [malloc] Maximum total allocated space:                     0 Byte
20220313 002042.234 INFO             PET1 PIOc_freedecomp Exit - MemInfo: [malloc] Space in freed fastbin blocks:                   272 Byte
20220313 002042.234 INFO             PET1 PIOc_freedecomp Exit - MemInfo: [malloc] Total allocated space:                        664176 Byte
20220313 002042.234 INFO             PET1 PIOc_freedecomp Exit - MemInfo: [malloc] Total free space:                             109968 Byte
20220313 002042.234 INFO             PET1 PIOc_freedecomp Exit - MemInfo: [malloc] Top-most, releasable space:                   108864 Byte
20220313 002042.234 INFO             PET1 PIOc_freedecomp Exit - MemInfo: [malloc] Total space in use, mmap + non-mmap:         3551856 Byte
20220313 002042.234 INFO             PET1 PIOc_freedecomp Exit - MemInfo: [malloc] Total space held (mmap + non-mmap):          3661824 Byte
20220313 002042.234 INFO             PET1 PIOc_freedecomp Exit - MemInfo: [malloc] Total space used (mmap + non-mmap):          3560064 Byte
20220313 002042.234 INFO             PET1 PIOc_freedecomp Exit - MemInfo: Wall-clock time since execution start:                0.12037 seconds
20220313 002042.236 INFO             PET1 PIOc_sync Enter - MemInfo: [/proc/meminfo - SSI]	MemTotal:       65855856 kB
20220313 002042.236 INFO             PET1 PIOc_sync Enter - MemInfo: [/proc/meminfo - SSI]	MemFree:        61088144 kB
20220313 002042.236 INFO             PET1 PIOc_sync Enter - MemInfo: [/proc/meminfo - SSI]	MemAvailable:   60891980 kB
20220313 002042.236 INFO             PET1 PIOc_sync Enter - MemInfo: [/proc/meminfo - SSI]	Committed_AS:    3187404 kB
20220313 002042.236 INFO             PET1 PIOc_sync Enter - MemInfo: [/proc/meminfo - SSI]	CommittedPercent: 4.83997 %
20220313 002042.236 INFO             PET1 PIOc_sync Enter - MemInfo: [/proc/self/status]	VmPeak:	  259684 kB
20220313 002042.236 INFO             PET1 PIOc_sync Enter - MemInfo: [/proc/self/status]	VmSize:	  259660 kB
20220313 002042.236 INFO             PET1 PIOc_sync Enter - MemInfo: [/proc/self/status]	VmLck:	       0 kB
20220313 002042.236 INFO             PET1 PIOc_sync Enter - MemInfo: [/proc/self/status]	VmPin:	       0 kB
20220313 002042.236 INFO             PET1 PIOc_sync Enter - MemInfo: [/proc/self/status]	VmHWM:	   35936 kB
20220313 002042.236 INFO             PET1 PIOc_sync Enter - MemInfo: [/proc/self/status]	VmRSS:	   35920 kB
20220313 002042.236 INFO             PET1 PIOc_sync Enter - MemInfo: [/proc/self/status]	VmData:	   24644 kB
20220313 002042.236 INFO             PET1 PIOc_sync Enter - MemInfo: [/proc/self/status]	VmStk:	     508 kB
20220313 002042.236 INFO             PET1 PIOc_sync Enter - MemInfo: [/proc/self/status]	VmExe:	    1832 kB
20220313 002042.236 INFO             PET1 PIOc_sync Enter - MemInfo: [/proc/self/status]	VmLib:	  133788 kB
20220313 002042.236 INFO             PET1 PIOc_sync Enter - MemInfo: [/proc/self/status]	VmPTE:	     404 kB
20220313 002042.236 INFO             PET1 PIOc_sync Enter - MemInfo: [/proc/self/status]	VmPMD:	      12 kB
20220313 002042.236 INFO             PET1 PIOc_sync Enter - MemInfo: [/proc/self/status]	VmSwap:	       0 kB
20220313 002042.236 INFO             PET1 PIOc_sync Enter - MemInfo: [/proc/self/status]	VmRSSPercent: 0.0545434 %
20220313 002042.236 INFO             PET1 PIOc_sync Enter - MemInfo: [malloc] Non-mmapped space allocated:                  774144 Byte
20220313 002042.236 INFO             PET1 PIOc_sync Enter - MemInfo: [malloc] Space allocated in mmapped regions:          2887680 Byte
20220313 002042.236 INFO             PET1 PIOc_sync Enter - MemInfo: [malloc] Maximum total allocated space:                     0 Byte
20220313 002042.236 INFO             PET1 PIOc_sync Enter - MemInfo: [malloc] Space in freed fastbin blocks:                     0 Byte
20220313 002042.236 INFO             PET1 PIOc_sync Enter - MemInfo: [malloc] Total allocated space:                        664384 Byte
20220313 002042.236 INFO             PET1 PIOc_sync Enter - MemInfo: [malloc] Total free space:                             109760 Byte
20220313 002042.236 INFO             PET1 PIOc_sync Enter - MemInfo: [malloc] Top-most, releasable space:                   108640 Byte
20220313 002042.236 INFO             PET1 PIOc_sync Enter - MemInfo: [malloc] Total space in use, mmap + non-mmap:         3552064 Byte
20220313 002042.236 INFO             PET1 PIOc_sync Enter - MemInfo: [malloc] Total space held (mmap + non-mmap):          3661824 Byte
20220313 002042.236 INFO             PET1 PIOc_sync Enter - MemInfo: [malloc] Total space used (mmap + non-mmap):          3560272 Byte
20220313 002042.236 INFO             PET1 PIOc_sync Enter - MemInfo: Wall-clock time since execution start:                0.12264 seconds
20220313 002042.236 INFO             PET1 PIOc_sync Exit - MemInfo: [/proc/meminfo - SSI]	MemTotal:       65855856 kB
20220313 002042.236 INFO             PET1 PIOc_sync Exit - MemInfo: [/proc/meminfo - SSI]	MemFree:        61088144 kB
20220313 002042.236 INFO             PET1 PIOc_sync Exit - MemInfo: [/proc/meminfo - SSI]	MemAvailable:   60891980 kB
20220313 002042.236 INFO             PET1 PIOc_sync Exit - MemInfo: [/proc/meminfo - SSI]	Committed_AS:    3187404 kB
20220313 002042.237 INFO             PET1 PIOc_sync Exit - MemInfo: [/proc/meminfo - SSI]	CommittedPercent: 4.83997 %
20220313 002042.237 INFO             PET1 PIOc_sync Exit - MemInfo: [/proc/self/status]	VmPeak:	  259684 kB
20220313 002042.237 INFO             PET1 PIOc_sync Exit - MemInfo: [/proc/self/status]	VmSize:	  259660 kB
20220313 002042.237 INFO             PET1 PIOc_sync Exit - MemInfo: [/proc/self/status]	VmLck:	       0 kB
20220313 002042.237 INFO             PET1 PIOc_sync Exit - MemInfo: [/proc/self/status]	VmPin:	       0 kB
20220313 002042.237 INFO             PET1 PIOc_sync Exit - MemInfo: [/proc/self/status]	VmHWM:	   35936 kB
20220313 002042.237 INFO             PET1 PIOc_sync Exit - MemInfo: [/proc/self/status]	VmRSS:	   35920 kB
20220313 002042.237 INFO             PET1 PIOc_sync Exit - MemInfo: [/proc/self/status]	VmData:	   24644 kB
20220313 002042.237 INFO             PET1 PIOc_sync Exit - MemInfo: [/proc/self/status]	VmStk:	     508 kB
20220313 002042.237 INFO             PET1 PIOc_sync Exit - MemInfo: [/proc/self/status]	VmExe:	    1832 kB
20220313 002042.237 INFO             PET1 PIOc_sync Exit - MemInfo: [/proc/self/status]	VmLib:	  133788 kB
20220313 002042.237 INFO             PET1 PIOc_sync Exit - MemInfo: [/proc/self/status]	VmPTE:	     404 kB
20220313 002042.237 INFO             PET1 PIOc_sync Exit - MemInfo: [/proc/self/status]	VmPMD:	      12 kB
20220313 002042.237 INFO             PET1 PIOc_sync Exit - MemInfo: [/proc/self/status]	VmSwap:	       0 kB
20220313 002042.237 INFO             PET1 PIOc_sync Exit - MemInfo: [/proc/self/status]	VmRSSPercent: 0.0545434 %
20220313 002042.237 INFO             PET1 PIOc_sync Exit - MemInfo: [malloc] Non-mmapped space allocated:                  774144 Byte
20220313 002042.237 INFO             PET1 PIOc_sync Exit - MemInfo: [malloc] Space allocated in mmapped regions:          2887680 Byte
20220313 002042.237 INFO             PET1 PIOc_sync Exit - MemInfo: [malloc] Maximum total allocated space:                     0 Byte
20220313 002042.237 INFO             PET1 PIOc_sync Exit - MemInfo: [malloc] Space in freed fastbin blocks:                     0 Byte
20220313 002042.237 INFO             PET1 PIOc_sync Exit - MemInfo: [malloc] Total allocated space:                        664624 Byte
20220313 002042.237 INFO             PET1 PIOc_sync Exit - MemInfo: [malloc] Total free space:                             109520 Byte
20220313 002042.237 INFO             PET1 PIOc_sync Exit - MemInfo: [malloc] Top-most, releasable space:                   108416 Byte
20220313 002042.237 INFO             PET1 PIOc_sync Exit - MemInfo: [malloc] Total space in use, mmap + non-mmap:         3552304 Byte
20220313 002042.237 INFO             PET1 PIOc_sync Exit - MemInfo: [malloc] Total space held (mmap + non-mmap):          3661824 Byte
20220313 002042.237 INFO             PET1 PIOc_sync Exit - MemInfo: [malloc] Total space used (mmap + non-mmap):          3560512 Byte
20220313 002042.237 INFO             PET1 PIOc_sync Exit - MemInfo: Wall-clock time since execution start:               0.123169 seconds
20220313 002042.237 INFO             PET1 PIOc_freedecomp Enter - MemInfo: [/proc/meminfo - SSI]	MemTotal:       65855856 kB
20220313 002042.237 INFO             PET1 PIOc_freedecomp Enter - MemInfo: [/proc/meminfo - SSI]	MemFree:        61088144 kB
20220313 002042.237 INFO             PET1 PIOc_freedecomp Enter - MemInfo: [/proc/meminfo - SSI]	MemAvailable:   60891980 kB
20220313 002042.237 INFO             PET1 PIOc_freedecomp Enter - MemInfo: [/proc/meminfo - SSI]	Committed_AS:    3187404 kB
20220313 002042.237 INFO             PET1 PIOc_freedecomp Enter - MemInfo: [/proc/meminfo - SSI]	CommittedPercent: 4.83997 %
20220313 002042.237 INFO             PET1 PIOc_freedecomp Enter - MemInfo: [/proc/self/status]	VmPeak:	  259684 kB
20220313 002042.237 INFO             PET1 PIOc_freedecomp Enter - MemInfo: [/proc/self/status]	VmSize:	  259660 kB
20220313 002042.237 INFO             PET1 PIOc_freedecomp Enter - MemInfo: [/proc/self/status]	VmLck:	       0 kB
20220313 002042.237 INFO             PET1 PIOc_freedecomp Enter - MemInfo: [/proc/self/status]	VmPin:	       0 kB
20220313 002042.237 INFO             PET1 PIOc_freedecomp Enter - MemInfo: [/proc/self/status]	VmHWM:	   35936 kB
20220313 002042.237 INFO             PET1 PIOc_freedecomp Enter - MemInfo: [/proc/self/status]	VmRSS:	   35920 kB
20220313 002042.237 INFO             PET1 PIOc_freedecomp Enter - MemInfo: [/proc/self/status]	VmData:	   24644 kB
20220313 002042.237 INFO             PET1 PIOc_freedecomp Enter - MemInfo: [/proc/self/status]	VmStk:	     508 kB
20220313 002042.237 INFO             PET1 PIOc_freedecomp Enter - MemInfo: [/proc/self/status]	VmExe:	    1832 kB
20220313 002042.237 INFO             PET1 PIOc_freedecomp Enter - MemInfo: [/proc/self/status]	VmLib:	  133788 kB
20220313 002042.237 INFO             PET1 PIOc_freedecomp Enter - MemInfo: [/proc/self/status]	VmPTE:	     404 kB
20220313 002042.237 INFO             PET1 PIOc_freedecomp Enter - MemInfo: [/proc/self/status]	VmPMD:	      12 kB
20220313 002042.237 INFO             PET1 PIOc_freedecomp Enter - MemInfo: [/proc/self/status]	VmSwap:	       0 kB
20220313 002042.237 INFO             PET1 PIOc_freedecomp Enter - MemInfo: [/proc/self/status]	VmRSSPercent: 0.0545434 %
20220313 002042.237 INFO             PET1 PIOc_freedecomp Enter - MemInfo: [malloc] Non-mmapped space allocated:                  774144 Byte
20220313 002042.237 INFO             PET1 PIOc_freedecomp Enter - MemInfo: [malloc] Space allocated in mmapped regions:          2887680 Byte
20220313 002042.237 INFO             PET1 PIOc_freedecomp Enter - MemInfo: [malloc] Maximum total allocated space:                     0 Byte
20220313 002042.237 INFO             PET1 PIOc_freedecomp Enter - MemInfo: [malloc] Space in freed fastbin blocks:                     0 Byte
20220313 002042.237 INFO             PET1 PIOc_freedecomp Enter - MemInfo: [malloc] Total allocated space:                        664336 Byte
20220313 002042.237 INFO             PET1 PIOc_freedecomp Enter - MemInfo: [malloc] Total free space:                             109808 Byte
20220313 002042.237 INFO             PET1 PIOc_freedecomp Enter - MemInfo: [malloc] Top-most, releasable space:                   108192 Byte
20220313 002042.237 INFO             PET1 PIOc_freedecomp Enter - MemInfo: [malloc] Total space in use, mmap + non-mmap:         3552016 Byte
20220313 002042.238 INFO             PET1 PIOc_freedecomp Enter - MemInfo: [malloc] Total space held (mmap + non-mmap):          3661824 Byte
20220313 002042.238 INFO             PET1 PIOc_freedecomp Enter - MemInfo: [malloc] Total space used (mmap + non-mmap):          3560224 Byte
20220313 002042.238 INFO             PET1 PIOc_freedecomp Enter - MemInfo: Wall-clock time since execution start:               0.123823 seconds
20220313 002042.238 INFO             PET1 PIOc_freedecomp Exit - MemInfo: [/proc/meminfo - SSI]	MemTotal:       65855856 kB
20220313 002042.238 INFO             PET1 PIOc_freedecomp Exit - MemInfo: [/proc/meminfo - SSI]	MemFree:        61088144 kB
20220313 002042.238 INFO             PET1 PIOc_freedecomp Exit - MemInfo: [/proc/meminfo - SSI]	MemAvailable:   60891980 kB
20220313 002042.238 INFO             PET1 PIOc_freedecomp Exit - MemInfo: [/proc/meminfo - SSI]	Committed_AS:    3187404 kB
20220313 002042.238 INFO             PET1 PIOc_freedecomp Exit - MemInfo: [/proc/meminfo - SSI]	CommittedPercent: 4.83997 %
20220313 002042.238 INFO             PET1 PIOc_freedecomp Exit - MemInfo: [/proc/self/status]	VmPeak:	  259684 kB
20220313 002042.238 INFO             PET1 PIOc_freedecomp Exit - MemInfo: [/proc/self/status]	VmSize:	  259660 kB
20220313 002042.238 INFO             PET1 PIOc_freedecomp Exit - MemInfo: [/proc/self/status]	VmLck:	       0 kB
20220313 002042.238 INFO             PET1 PIOc_freedecomp Exit - MemInfo: [/proc/self/status]	VmPin:	       0 kB
20220313 002042.238 INFO             PET1 PIOc_freedecomp Exit - MemInfo: [/proc/self/status]	VmHWM:	   35936 kB
20220313 002042.238 INFO             PET1 PIOc_freedecomp Exit - MemInfo: [/proc/self/status]	VmRSS:	   35920 kB
20220313 002042.238 INFO             PET1 PIOc_freedecomp Exit - MemInfo: [/proc/self/status]	VmData:	   24644 kB
20220313 002042.238 INFO             PET1 PIOc_freedecomp Exit - MemInfo: [/proc/self/status]	VmStk:	     508 kB
20220313 002042.238 INFO             PET1 PIOc_freedecomp Exit - MemInfo: [/proc/self/status]	VmExe:	    1832 kB
20220313 002042.238 INFO             PET1 PIOc_freedecomp Exit - MemInfo: [/proc/self/status]	VmLib:	  133788 kB
20220313 002042.238 INFO             PET1 PIOc_freedecomp Exit - MemInfo: [/proc/self/status]	VmPTE:	     404 kB
20220313 002042.238 INFO             PET1 PIOc_freedecomp Exit - MemInfo: [/proc/self/status]	VmPMD:	      12 kB
20220313 002042.238 INFO             PET1 PIOc_freedecomp Exit - MemInfo: [/proc/self/status]	VmSwap:	       0 kB
20220313 002042.238 INFO             PET1 PIOc_freedecomp Exit - MemInfo: [/proc/self/status]	VmRSSPercent: 0.0545434 %
20220313 002042.238 INFO             PET1 PIOc_freedecomp Exit - MemInfo: [malloc] Non-mmapped space allocated:                  774144 Byte
20220313 002042.238 INFO             PET1 PIOc_freedecomp Exit - MemInfo: [malloc] Space allocated in mmapped regions:          2887680 Byte
20220313 002042.238 INFO             PET1 PIOc_freedecomp Exit - MemInfo: [malloc] Maximum total allocated space:                     0 Byte
20220313 002042.238 INFO             PET1 PIOc_freedecomp Exit - MemInfo: [malloc] Space in freed fastbin blocks:                   432 Byte
20220313 002042.238 INFO             PET1 PIOc_freedecomp Exit - MemInfo: [malloc] Total allocated space:                        663904 Byte
20220313 002042.238 INFO             PET1 PIOc_freedecomp Exit - MemInfo: [malloc] Total free space:                             110240 Byte
20220313 002042.238 INFO             PET1 PIOc_freedecomp Exit - MemInfo: [malloc] Top-most, releasable space:                   107968 Byte
20220313 002042.238 INFO             PET1 PIOc_freedecomp Exit - MemInfo: [malloc] Total space in use, mmap + non-mmap:         3551584 Byte
20220313 002042.238 INFO             PET1 PIOc_freedecomp Exit - MemInfo: [malloc] Total space held (mmap + non-mmap):          3661824 Byte
20220313 002042.238 INFO             PET1 PIOc_freedecomp Exit - MemInfo: [malloc] Total space used (mmap + non-mmap):          3559792 Byte
20220313 002042.238 INFO             PET1 PIOc_freedecomp Exit - MemInfo: Wall-clock time since execution start:               0.124336 seconds
20220313 002042.240 INFO             PET1  PASS  ESMF_OutputWeightFile, ESMF_IOUTest.F90, line 81
20220313 002042.258 INFO             PET1  PASS  call ESMF_OutputWeightFile with empty factor list on four PETs, ESMF_IOUTest.F90, line 191
20220313 002042.258 INFO             PET1  Ending Test, file ESMF_IOUTest.F90, line 201
20220313 002042.258 INFO             PET1 Finalizing ESMF
20220313 002042.158 INFO             PET2 !!!!!!!!!!!!!!!!!!!!!!!!!!!!!!!!!!!!!!!!!!!!!!!!!!!!!!
20220313 002042.158 INFO             PET2 !!! THE ESMF_LOG IS SET TO OUTPUT ALL LOG MESSAGES !!!
20220313 002042.158 INFO             PET2 !!!     THIS MAY CAUSE SLOWDOWN IN PERFORMANCE     !!!
20220313 002042.158 INFO             PET2 !!! FOR PRODUCTION RUNS, USE:                      !!!
20220313 002042.158 INFO             PET2 !!!                   ESMF_LOGKIND_Multi_On_Error  !!!
20220313 002042.158 INFO             PET2 !!!!!!!!!!!!!!!!!!!!!!!!!!!!!!!!!!!!!!!!!!!!!!!!!!!!!!
20220313 002042.158 INFO             PET2 Running with ESMF Version   : v8.3.0b09-96-g559b459836
20220313 002042.158 INFO             PET2 ESMF library build date/time: "Mar 13 2022" "00:01:08"
20220313 002042.158 INFO             PET2 ESMF library build location : /lustre/f2/dev/ncep/Mark.Potts/intel_2019.5_mpi_g_jedwards_pio_update2
20220313 002042.158 INFO             PET2 ESMF_COMM                   : mpi
20220313 002042.159 INFO             PET2 ESMF_MOAB                   : enabled
20220313 002042.159 INFO             PET2 ESMF_LAPACK                 : enabled
20220313 002042.159 INFO             PET2 ESMF_NETCDF                 : enabled
20220313 002042.159 INFO             PET2 ESMF_PNETCDF                : disabled
20220313 002042.159 INFO             PET2 ESMF_PIO                    : enabled
20220313 002042.159 INFO             PET2 ESMF_YAMLCPP                : enabled
20220313 002042.161 INFO             PET2  Beginning Test, file ESMF_IOUTest.F90, line 57
20220313 002042.161 INFO             PET2  NUMBER_OF_PROCESSORS           4
20220313 002042.161 INFO             PET2 Starting Test:  ESMF_OutputWeightFile
20220313 002042.225 INFO             PET2 PIOc_sync Enter - MemInfo: [/proc/meminfo - SSI]	MemTotal:       65855856 kB
20220313 002042.225 INFO             PET2 PIOc_sync Enter - MemInfo: [/proc/meminfo - SSI]	MemFree:        61085864 kB
20220313 002042.225 INFO             PET2 PIOc_sync Enter - MemInfo: [/proc/meminfo - SSI]	MemAvailable:   60889456 kB
20220313 002042.225 INFO             PET2 PIOc_sync Enter - MemInfo: [/proc/meminfo - SSI]	Committed_AS:    3186988 kB
20220313 002042.225 INFO             PET2 PIOc_sync Enter - MemInfo: [/proc/meminfo - SSI]	CommittedPercent: 4.83934 %
20220313 002042.225 INFO             PET2 PIOc_sync Enter - MemInfo: [/proc/self/status]	VmPeak:	  259684 kB
20220313 002042.225 INFO             PET2 PIOc_sync Enter - MemInfo: [/proc/self/status]	VmSize:	  259684 kB
20220313 002042.225 INFO             PET2 PIOc_sync Enter - MemInfo: [/proc/self/status]	VmLck:	       0 kB
20220313 002042.225 INFO             PET2 PIOc_sync Enter - MemInfo: [/proc/self/status]	VmPin:	       0 kB
20220313 002042.225 INFO             PET2 PIOc_sync Enter - MemInfo: [/proc/self/status]	VmHWM:	   35776 kB
20220313 002042.225 INFO             PET2 PIOc_sync Enter - MemInfo: [/proc/self/status]	VmRSS:	   35776 kB
20220313 002042.225 INFO             PET2 PIOc_sync Enter - MemInfo: [/proc/self/status]	VmData:	   24644 kB
20220313 002042.225 INFO             PET2 PIOc_sync Enter - MemInfo: [/proc/self/status]	VmStk:	     508 kB
20220313 002042.225 INFO             PET2 PIOc_sync Enter - MemInfo: [/proc/self/status]	VmExe:	    1832 kB
20220313 002042.225 INFO             PET2 PIOc_sync Enter - MemInfo: [/proc/self/status]	VmLib:	  133788 kB
20220313 002042.225 INFO             PET2 PIOc_sync Enter - MemInfo: [/proc/self/status]	VmPTE:	     400 kB
20220313 002042.225 INFO             PET2 PIOc_sync Enter - MemInfo: [/proc/self/status]	VmPMD:	      12 kB
20220313 002042.225 INFO             PET2 PIOc_sync Enter - MemInfo: [/proc/self/status]	VmSwap:	       0 kB
20220313 002042.225 INFO             PET2 PIOc_sync Enter - MemInfo: [/proc/self/status]	VmRSSPercent: 0.0543247 %
20220313 002042.225 INFO             PET2 PIOc_sync Enter - MemInfo: [malloc] Non-mmapped space allocated:                  774144 Byte
20220313 002042.225 INFO             PET2 PIOc_sync Enter - MemInfo: [malloc] Space allocated in mmapped regions:          2887680 Byte
20220313 002042.225 INFO             PET2 PIOc_sync Enter - MemInfo: [malloc] Maximum total allocated space:                     0 Byte
20220313 002042.226 INFO             PET2 PIOc_sync Enter - MemInfo: [malloc] Space in freed fastbin blocks:                     0 Byte
20220313 002042.226 INFO             PET2 PIOc_sync Enter - MemInfo: [malloc] Total allocated space:                        658032 Byte
20220313 002042.226 INFO             PET2 PIOc_sync Enter - MemInfo: [malloc] Total free space:                             116112 Byte
20220313 002042.226 INFO             PET2 PIOc_sync Enter - MemInfo: [malloc] Top-most, releasable space:                   116112 Byte
20220313 002042.226 INFO             PET2 PIOc_sync Enter - MemInfo: [malloc] Total space in use, mmap + non-mmap:         3545712 Byte
20220313 002042.226 INFO             PET2 PIOc_sync Enter - MemInfo: [malloc] Total space held (mmap + non-mmap):          3661824 Byte
20220313 002042.226 INFO             PET2 PIOc_sync Enter - MemInfo: [malloc] Total space used (mmap + non-mmap):          3555328 Byte
20220313 002042.226 INFO             PET2 PIOc_sync Enter - MemInfo: Wall-clock time since execution start:                0.11243 seconds
20220313 002042.227 INFO             PET2 PIOc_sync Exit - MemInfo: [/proc/meminfo - SSI]	MemTotal:       65855856 kB
20220313 002042.227 INFO             PET2 PIOc_sync Exit - MemInfo: [/proc/meminfo - SSI]	MemFree:        61085360 kB
20220313 002042.227 INFO             PET2 PIOc_sync Exit - MemInfo: [/proc/meminfo - SSI]	MemAvailable:   60888952 kB
20220313 002042.227 INFO             PET2 PIOc_sync Exit - MemInfo: [/proc/meminfo - SSI]	Committed_AS:    3186988 kB
20220313 002042.227 INFO             PET2 PIOc_sync Exit - MemInfo: [/proc/meminfo - SSI]	CommittedPercent: 4.83934 %
20220313 002042.227 INFO             PET2 PIOc_sync Exit - MemInfo: [/proc/self/status]	VmPeak:	  259684 kB
20220313 002042.227 INFO             PET2 PIOc_sync Exit - MemInfo: [/proc/self/status]	VmSize:	  259684 kB
20220313 002042.227 INFO             PET2 PIOc_sync Exit - MemInfo: [/proc/self/status]	VmLck:	       0 kB
20220313 002042.227 INFO             PET2 PIOc_sync Exit - MemInfo: [/proc/self/status]	VmPin:	       0 kB
20220313 002042.227 INFO             PET2 PIOc_sync Exit - MemInfo: [/proc/self/status]	VmHWM:	   35776 kB
20220313 002042.227 INFO             PET2 PIOc_sync Exit - MemInfo: [/proc/self/status]	VmRSS:	   35776 kB
20220313 002042.227 INFO             PET2 PIOc_sync Exit - MemInfo: [/proc/self/status]	VmData:	   24644 kB
20220313 002042.227 INFO             PET2 PIOc_sync Exit - MemInfo: [/proc/self/status]	VmStk:	     508 kB
20220313 002042.227 INFO             PET2 PIOc_sync Exit - MemInfo: [/proc/self/status]	VmExe:	    1832 kB
20220313 002042.227 INFO             PET2 PIOc_sync Exit - MemInfo: [/proc/self/status]	VmLib:	  133788 kB
20220313 002042.227 INFO             PET2 PIOc_sync Exit - MemInfo: [/proc/self/status]	VmPTE:	     400 kB
