build time -- 2022-03-14 01:03:02
20220314 012342.275 INFO             PET0 !!!!!!!!!!!!!!!!!!!!!!!!!!!!!!!!!!!!!!!!!!!!!!!!!!!!!!
20220314 012342.275 INFO             PET0 !!! THE ESMF_LOG IS SET TO OUTPUT ALL LOG MESSAGES !!!
20220314 012342.275 INFO             PET0 !!!     THIS MAY CAUSE SLOWDOWN IN PERFORMANCE     !!!
20220314 012342.275 INFO             PET0 !!! FOR PRODUCTION RUNS, USE:                      !!!
20220314 012342.275 INFO             PET0 !!!                   ESMF_LOGKIND_Multi_On_Error  !!!
20220314 012342.275 INFO             PET0 !!!!!!!!!!!!!!!!!!!!!!!!!!!!!!!!!!!!!!!!!!!!!!!!!!!!!!
20220314 012342.275 INFO             PET0 Running with ESMF Version   : v8.3.0b09-96-g559b459836
20220314 012342.275 INFO             PET0 ESMF library build date/time: "Mar 14 2022" "01:01:03"
20220314 012342.275 INFO             PET0 ESMF library build location : /lustre/f2/dev/ncep/Mark.Potts/intel_2019.5_mpi_g_jedwards_pio_update2
20220314 012342.275 INFO             PET0 ESMF_COMM                   : mpi
20220314 012342.277 INFO             PET0 ESMF_MOAB                   : enabled
20220314 012342.277 INFO             PET0 ESMF_LAPACK                 : enabled
20220314 012342.277 INFO             PET0 ESMF_NETCDF                 : enabled
20220314 012342.277 INFO             PET0 ESMF_PNETCDF                : disabled
20220314 012342.277 INFO             PET0 ESMF_PIO                    : enabled
20220314 012342.277 INFO             PET0 ESMF_YAMLCPP                : enabled
20220314 012342.279 INFO             PET0  Beginning Test, file ESMF_FieldIOUTest.F90, line 123
20220314 012342.279 INFO             PET0  NUMBER_OF_PROCESSORS           4
20220314 012342.279 INFO             PET0  PASS  Array Spec Set, ESMF_FieldIOUTest.F90, line 146
20220314 012342.279 INFO             PET0  PASS  Creating a Grid to use in Field Tests, ESMF_FieldIOUTest.F90, line 157
20220314 012342.280 INFO             PET0  PASS  Create a field from grid and fortran dummy array, ESMF_FieldIOUTest.F90, line 179
20220314 012342.281 INFO             PET0  PASS  Get Farray_w from field, ESMF_FieldIOUTest.F90, line 190
20220314 012342.294 INFO             PET0 PIOc_sync Enter - MemInfo: [/proc/meminfo - SSI]	MemTotal:       65855856 kB
20220314 012342.294 INFO             PET0 PIOc_sync Enter - MemInfo: [/proc/meminfo - SSI]	MemFree:        61057976 kB
20220314 012342.294 INFO             PET0 PIOc_sync Enter - MemInfo: [/proc/meminfo - SSI]	MemAvailable:   60885648 kB
20220314 012342.294 INFO             PET0 PIOc_sync Enter - MemInfo: [/proc/meminfo - SSI]	Committed_AS:    3172376 kB
20220314 012342.294 INFO             PET0 PIOc_sync Enter - MemInfo: [/proc/meminfo - SSI]	CommittedPercent: 4.81715 %
20220314 012342.294 INFO             PET0 PIOc_sync Enter - MemInfo: [/proc/self/status]	VmPeak:	  268500 kB
20220314 012342.294 INFO             PET0 PIOc_sync Enter - MemInfo: [/proc/self/status]	VmSize:	  268500 kB
20220314 012342.294 INFO             PET0 PIOc_sync Enter - MemInfo: [/proc/self/status]	VmLck:	       0 kB
20220314 012342.294 INFO             PET0 PIOc_sync Enter - MemInfo: [/proc/self/status]	VmPin:	       0 kB
20220314 012342.294 INFO             PET0 PIOc_sync Enter - MemInfo: [/proc/self/status]	VmHWM:	   45748 kB
20220314 012342.294 INFO             PET0 PIOc_sync Enter - MemInfo: [/proc/self/status]	VmRSS:	   45748 kB
20220314 012342.294 INFO             PET0 PIOc_sync Enter - MemInfo: [/proc/self/status]	VmData:	   33504 kB
20220314 012342.294 INFO             PET0 PIOc_sync Enter - MemInfo: [/proc/self/status]	VmStk:	     508 kB
20220314 012342.294 INFO             PET0 PIOc_sync Enter - MemInfo: [/proc/self/status]	VmExe:	    1784 kB
20220314 012342.294 INFO             PET0 PIOc_sync Enter - MemInfo: [/proc/self/status]	VmLib:	  133788 kB
20220314 012342.294 INFO             PET0 PIOc_sync Enter - MemInfo: [/proc/self/status]	VmPTE:	     428 kB
20220314 012342.294 INFO             PET0 PIOc_sync Enter - MemInfo: [/proc/self/status]	VmPMD:	      12 kB
20220314 012342.294 INFO             PET0 PIOc_sync Enter - MemInfo: [/proc/self/status]	VmSwap:	       0 kB
20220314 012342.294 INFO             PET0 PIOc_sync Enter - MemInfo: [/proc/self/status]	VmRSSPercent: 0.0694669 %
20220314 012342.295 INFO             PET0 PIOc_sync Enter - MemInfo: [malloc] Non-mmapped space allocated:                 1048576 Byte
20220314 012342.295 INFO             PET0 PIOc_sync Enter - MemInfo: [malloc] Space allocated in mmapped regions:         11808768 Byte
20220314 012342.295 INFO             PET0 PIOc_sync Enter - MemInfo: [malloc] Maximum total allocated space:                     0 Byte
20220314 012342.295 INFO             PET0 PIOc_sync Enter - MemInfo: [malloc] Space in freed fastbin blocks:                     0 Byte
20220314 012342.295 INFO             PET0 PIOc_sync Enter - MemInfo: [malloc] Total allocated space:                        936656 Byte
20220314 012342.295 INFO             PET0 PIOc_sync Enter - MemInfo: [malloc] Total free space:                             111920 Byte
20220314 012342.295 INFO             PET0 PIOc_sync Enter - MemInfo: [malloc] Top-most, releasable space:                   111920 Byte
20220314 012342.295 INFO             PET0 PIOc_sync Enter - MemInfo: [malloc] Total space in use, mmap + non-mmap:        12745424 Byte
20220314 012342.295 INFO             PET0 PIOc_sync Enter - MemInfo: [malloc] Total space held (mmap + non-mmap):         12857344 Byte
20220314 012342.295 INFO             PET0 PIOc_sync Enter - MemInfo: [malloc] Total space used (mmap + non-mmap):         12755040 Byte
20220314 012342.295 INFO             PET0 PIOc_sync Enter - MemInfo: Wall-clock time since execution start:              0.0412049 seconds
20220314 012342.295 INFO             PET0 PIOc_sync Exit - MemInfo: [/proc/meminfo - SSI]	MemTotal:       65855856 kB
20220314 012342.295 INFO             PET0 PIOc_sync Exit - MemInfo: [/proc/meminfo - SSI]	MemFree:        61057472 kB
20220314 012342.295 INFO             PET0 PIOc_sync Exit - MemInfo: [/proc/meminfo - SSI]	MemAvailable:   60885144 kB
20220314 012342.295 INFO             PET0 PIOc_sync Exit - MemInfo: [/proc/meminfo - SSI]	Committed_AS:    3172376 kB
20220314 012342.295 INFO             PET0 PIOc_sync Exit - MemInfo: [/proc/meminfo - SSI]	CommittedPercent: 4.81715 %
20220314 012342.295 INFO             PET0 PIOc_sync Exit - MemInfo: [/proc/self/status]	VmPeak:	  268824 kB
20220314 012342.295 INFO             PET0 PIOc_sync Exit - MemInfo: [/proc/self/status]	VmSize:	  268824 kB
20220314 012342.295 INFO             PET0 PIOc_sync Exit - MemInfo: [/proc/self/status]	VmLck:	       0 kB
20220314 012342.295 INFO             PET0 PIOc_sync Exit - MemInfo: [/proc/self/status]	VmPin:	       0 kB
20220314 012342.295 INFO             PET0 PIOc_sync Exit - MemInfo: [/proc/self/status]	VmHWM:	   46232 kB
20220314 012342.295 INFO             PET0 PIOc_sync Exit - MemInfo: [/proc/self/status]	VmRSS:	   46232 kB
20220314 012342.295 INFO             PET0 PIOc_sync Exit - MemInfo: [/proc/self/status]	VmData:	   33828 kB
20220314 012342.295 INFO             PET0 PIOc_sync Exit - MemInfo: [/proc/self/status]	VmStk:	     508 kB
20220314 012342.295 INFO             PET0 PIOc_sync Exit - MemInfo: [/proc/self/status]	VmExe:	    1784 kB
20220314 012342.295 INFO             PET0 PIOc_sync Exit - MemInfo: [/proc/self/status]	VmLib:	  133788 kB
20220314 012342.295 INFO             PET0 PIOc_sync Exit - MemInfo: [/proc/self/status]	VmPTE:	     436 kB
20220314 012342.295 INFO             PET0 PIOc_sync Exit - MemInfo: [/proc/self/status]	VmPMD:	      12 kB
20220314 012342.295 INFO             PET0 PIOc_sync Exit - MemInfo: [/proc/self/status]	VmSwap:	       0 kB
20220314 012342.295 INFO             PET0 PIOc_sync Exit - MemInfo: [/proc/self/status]	VmRSSPercent: 0.0702018 %
20220314 012342.295 INFO             PET0 PIOc_sync Exit - MemInfo: [malloc] Non-mmapped space allocated:                 1048576 Byte
20220314 012342.295 INFO             PET0 PIOc_sync Exit - MemInfo: [malloc] Space allocated in mmapped regions:         12140544 Byte
20220314 012342.295 INFO             PET0 PIOc_sync Exit - MemInfo: [malloc] Maximum total allocated space:                     0 Byte
20220314 012342.295 INFO             PET0 PIOc_sync Exit - MemInfo: [malloc] Space in freed fastbin blocks:                     0 Byte
20220314 012342.295 INFO             PET0 PIOc_sync Exit - MemInfo: [malloc] Total allocated space:                       1008784 Byte
20220314 012342.295 INFO             PET0 PIOc_sync Exit - MemInfo: [malloc] Total free space:                              39792 Byte
20220314 012342.295 INFO             PET0 PIOc_sync Exit - MemInfo: [malloc] Top-most, releasable space:                    38320 Byte
20220314 012342.295 INFO             PET0 PIOc_sync Exit - MemInfo: [malloc] Total space in use, mmap + non-mmap:        13149328 Byte
20220314 012342.295 INFO             PET0 PIOc_sync Exit - MemInfo: [malloc] Total space held (mmap + non-mmap):         13189120 Byte
20220314 012342.295 INFO             PET0 PIOc_sync Exit - MemInfo: [malloc] Total space used (mmap + non-mmap):         13157824 Byte
20220314 012342.295 INFO             PET0 PIOc_sync Exit - MemInfo: Wall-clock time since execution start:              0.0419741 seconds
20220314 012342.296 INFO             PET0 PIOc_freedecomp Enter - MemInfo: [/proc/meminfo - SSI]	MemTotal:       65855856 kB
20220314 012342.296 INFO             PET0 PIOc_freedecomp Enter - MemInfo: [/proc/meminfo - SSI]	MemFree:        61064528 kB
20220314 012342.296 INFO             PET0 PIOc_freedecomp Enter - MemInfo: [/proc/meminfo - SSI]	MemAvailable:   60892452 kB
20220314 012342.296 INFO             PET0 PIOc_freedecomp Enter - MemInfo: [/proc/meminfo - SSI]	Committed_AS:    3164508 kB
20220314 012342.296 INFO             PET0 PIOc_freedecomp Enter - MemInfo: [/proc/meminfo - SSI]	CommittedPercent: 4.8052 %
20220314 012342.296 INFO             PET0 PIOc_freedecomp Enter - MemInfo: [/proc/self/status]	VmPeak:	  268824 kB
20220314 012342.296 INFO             PET0 PIOc_freedecomp Enter - MemInfo: [/proc/self/status]	VmSize:	  260112 kB
20220314 012342.296 INFO             PET0 PIOc_freedecomp Enter - MemInfo: [/proc/self/status]	VmLck:	       0 kB
20220314 012342.296 INFO             PET0 PIOc_freedecomp Enter - MemInfo: [/proc/self/status]	VmPin:	       0 kB
20220314 012342.296 INFO             PET0 PIOc_freedecomp Enter - MemInfo: [/proc/self/status]	VmHWM:	   46232 kB
20220314 012342.296 INFO             PET0 PIOc_freedecomp Enter - MemInfo: [/proc/self/status]	VmRSS:	   38300 kB
20220314 012342.296 INFO             PET0 PIOc_freedecomp Enter - MemInfo: [/proc/self/status]	VmData:	   25116 kB
20220314 012342.296 INFO             PET0 PIOc_freedecomp Enter - MemInfo: [/proc/self/status]	VmStk:	     508 kB
20220314 012342.296 INFO             PET0 PIOc_freedecomp Enter - MemInfo: [/proc/self/status]	VmExe:	    1784 kB
20220314 012342.296 INFO             PET0 PIOc_freedecomp Enter - MemInfo: [/proc/self/status]	VmLib:	  133788 kB
20220314 012342.296 INFO             PET0 PIOc_freedecomp Enter - MemInfo: [/proc/self/status]	VmPTE:	     424 kB
20220314 012342.296 INFO             PET0 PIOc_freedecomp Enter - MemInfo: [/proc/self/status]	VmPMD:	      12 kB
20220314 012342.296 INFO             PET0 PIOc_freedecomp Enter - MemInfo: [/proc/self/status]	VmSwap:	       0 kB
20220314 012342.296 INFO             PET0 PIOc_freedecomp Enter - MemInfo: [/proc/self/status]	VmRSSPercent: 0.0581573 %
20220314 012342.296 INFO             PET0 PIOc_freedecomp Enter - MemInfo: [malloc] Non-mmapped space allocated:                 1048576 Byte
20220314 012342.296 INFO             PET0 PIOc_freedecomp Enter - MemInfo: [malloc] Space allocated in mmapped regions:          3219456 Byte
20220314 012342.296 INFO             PET0 PIOc_freedecomp Enter - MemInfo: [malloc] Maximum total allocated space:                     0 Byte
20220314 012342.296 INFO             PET0 PIOc_freedecomp Enter - MemInfo: [malloc] Space in freed fastbin blocks:                   352 Byte
20220314 012342.296 INFO             PET0 PIOc_freedecomp Enter - MemInfo: [malloc] Total allocated space:                        998672 Byte
20220314 012342.296 INFO             PET0 PIOc_freedecomp Enter - MemInfo: [malloc] Total free space:                              49904 Byte
20220314 012342.296 INFO             PET0 PIOc_freedecomp Enter - MemInfo: [malloc] Top-most, releasable space:                    38096 Byte
20220314 012342.296 INFO             PET0 PIOc_freedecomp Enter - MemInfo: [malloc] Total space in use, mmap + non-mmap:         4218128 Byte
20220314 012342.296 INFO             PET0 PIOc_freedecomp Enter - MemInfo: [malloc] Total space held (mmap + non-mmap):          4268032 Byte
20220314 012342.296 INFO             PET0 PIOc_freedecomp Enter - MemInfo: [malloc] Total space used (mmap + non-mmap):          4226560 Byte
20220314 012342.296 INFO             PET0 PIOc_freedecomp Enter - MemInfo: Wall-clock time since execution start:              0.0428469 seconds
20220314 012342.296 INFO             PET0 PIOc_freedecomp Exit - MemInfo: [/proc/meminfo - SSI]	MemTotal:       65855856 kB
20220314 012342.296 INFO             PET0 PIOc_freedecomp Exit - MemInfo: [/proc/meminfo - SSI]	MemFree:        61064528 kB
20220314 012342.296 INFO             PET0 PIOc_freedecomp Exit - MemInfo: [/proc/meminfo - SSI]	MemAvailable:   60892452 kB
20220314 012342.296 INFO             PET0 PIOc_freedecomp Exit - MemInfo: [/proc/meminfo - SSI]	Committed_AS:    3164508 kB
20220314 012342.296 INFO             PET0 PIOc_freedecomp Exit - MemInfo: [/proc/meminfo - SSI]	CommittedPercent: 4.8052 %
20220314 012342.296 INFO             PET0 PIOc_freedecomp Exit - MemInfo: [/proc/self/status]	VmPeak:	  268824 kB
20220314 012342.296 INFO             PET0 PIOc_freedecomp Exit - MemInfo: [/proc/self/status]	VmSize:	  260112 kB
20220314 012342.296 INFO             PET0 PIOc_freedecomp Exit - MemInfo: [/proc/self/status]	VmLck:	       0 kB
20220314 012342.296 INFO             PET0 PIOc_freedecomp Exit - MemInfo: [/proc/self/status]	VmPin:	       0 kB
20220314 012342.297 INFO             PET0 PIOc_freedecomp Exit - MemInfo: [/proc/self/status]	VmHWM:	   46232 kB
20220314 012342.297 INFO             PET0 PIOc_freedecomp Exit - MemInfo: [/proc/self/status]	VmRSS:	   38300 kB
20220314 012342.297 INFO             PET0 PIOc_freedecomp Exit - MemInfo: [/proc/self/status]	VmData:	   25116 kB
20220314 012342.297 INFO             PET0 PIOc_freedecomp Exit - MemInfo: [/proc/self/status]	VmStk:	     508 kB
20220314 012342.297 INFO             PET0 PIOc_freedecomp Exit - MemInfo: [/proc/self/status]	VmExe:	    1784 kB
20220314 012342.297 INFO             PET0 PIOc_freedecomp Exit - MemInfo: [/proc/self/status]	VmLib:	  133788 kB
20220314 012342.297 INFO             PET0 PIOc_freedecomp Exit - MemInfo: [/proc/self/status]	VmPTE:	     424 kB
20220314 012342.297 INFO             PET0 PIOc_freedecomp Exit - MemInfo: [/proc/self/status]	VmPMD:	      12 kB
20220314 012342.297 INFO             PET0 PIOc_freedecomp Exit - MemInfo: [/proc/self/status]	VmSwap:	       0 kB
20220314 012342.297 INFO             PET0 PIOc_freedecomp Exit - MemInfo: [/proc/self/status]	VmRSSPercent: 0.0581573 %
20220314 012342.297 INFO             PET0 PIOc_freedecomp Exit - MemInfo: [malloc] Non-mmapped space allocated:                 1048576 Byte
20220314 012342.297 INFO             PET0 PIOc_freedecomp Exit - MemInfo: [malloc] Space allocated in mmapped regions:          3219456 Byte
20220314 012342.297 INFO             PET0 PIOc_freedecomp Exit - MemInfo: [malloc] Maximum total allocated space:                     0 Byte
20220314 012342.297 INFO             PET0 PIOc_freedecomp Exit - MemInfo: [malloc] Space in freed fastbin blocks:                   544 Byte
20220314 012342.297 INFO             PET0 PIOc_freedecomp Exit - MemInfo: [malloc] Total allocated space:                        996704 Byte
20220314 012342.297 INFO             PET0 PIOc_freedecomp Exit - MemInfo: [malloc] Total free space:                              51872 Byte
20220314 012342.297 INFO             PET0 PIOc_freedecomp Exit - MemInfo: [malloc] Top-most, releasable space:                    38096 Byte
20220314 012342.297 INFO             PET0 PIOc_freedecomp Exit - MemInfo: [malloc] Total space in use, mmap + non-mmap:         4216160 Byte
20220314 012342.297 INFO             PET0 PIOc_freedecomp Exit - MemInfo: [malloc] Total space held (mmap + non-mmap):          4268032 Byte
20220314 012342.297 INFO             PET0 PIOc_freedecomp Exit - MemInfo: [malloc] Total space used (mmap + non-mmap):          4224592 Byte
20220314 012342.297 INFO             PET0 PIOc_freedecomp Exit - MemInfo: Wall-clock time since execution start:               0.043385 seconds
20220314 012342.297 INFO             PET0  PASS  Write Fortran array in Field, ESMF_FieldIOUTest.F90, line 219
20220314 012342.297 INFO             PET0  PASS  Create a field from grid and fortran dummy array without halo, ESMF_FieldIOUTest.F90, line 233
20220314 012342.298 INFO             PET0  PASS  Get Farray_w from nohalo field, ESMF_FieldIOUTest.F90, line 244
20220314 012342.314 INFO             PET0 PIOc_sync Enter - MemInfo: [/proc/meminfo - SSI]	MemTotal:       65855856 kB
20220314 012342.314 INFO             PET0 PIOc_sync Enter - MemInfo: [/proc/meminfo - SSI]	MemFree:        61057404 kB
20220314 012342.314 INFO             PET0 PIOc_sync Enter - MemInfo: [/proc/meminfo - SSI]	MemAvailable:   60885328 kB
20220314 012342.314 INFO             PET0 PIOc_sync Enter - MemInfo: [/proc/meminfo - SSI]	Committed_AS:    3172788 kB
20220314 012342.314 INFO             PET0 PIOc_sync Enter - MemInfo: [/proc/meminfo - SSI]	CommittedPercent: 4.81778 %
20220314 012342.314 INFO             PET0 PIOc_sync Enter - MemInfo: [/proc/self/status]	VmPeak:	  268908 kB
20220314 012342.314 INFO             PET0 PIOc_sync Enter - MemInfo: [/proc/self/status]	VmSize:	  268908 kB
20220314 012342.314 INFO             PET0 PIOc_sync Enter - MemInfo: [/proc/self/status]	VmLck:	       0 kB
20220314 012342.314 INFO             PET0 PIOc_sync Enter - MemInfo: [/proc/self/status]	VmPin:	       0 kB
20220314 012342.314 INFO             PET0 PIOc_sync Enter - MemInfo: [/proc/self/status]	VmHWM:	   46444 kB
20220314 012342.314 INFO             PET0 PIOc_sync Enter - MemInfo: [/proc/self/status]	VmRSS:	   46444 kB
20220314 012342.314 INFO             PET0 PIOc_sync Enter - MemInfo: [/proc/self/status]	VmData:	   33912 kB
20220314 012342.314 INFO             PET0 PIOc_sync Enter - MemInfo: [/proc/self/status]	VmStk:	     508 kB
20220314 012342.314 INFO             PET0 PIOc_sync Enter - MemInfo: [/proc/self/status]	VmExe:	    1784 kB
20220314 012342.314 INFO             PET0 PIOc_sync Enter - MemInfo: [/proc/self/status]	VmLib:	  133788 kB
20220314 012342.314 INFO             PET0 PIOc_sync Enter - MemInfo: [/proc/self/status]	VmPTE:	     440 kB
20220314 012342.314 INFO             PET0 PIOc_sync Enter - MemInfo: [/proc/self/status]	VmPMD:	      12 kB
20220314 012342.314 INFO             PET0 PIOc_sync Enter - MemInfo: [/proc/self/status]	VmSwap:	       0 kB
20220314 012342.314 INFO             PET0 PIOc_sync Enter - MemInfo: [/proc/self/status]	VmRSSPercent: 0.0705237 %
20220314 012342.314 INFO             PET0 PIOc_sync Enter - MemInfo: [malloc] Non-mmapped space allocated:                10055680 Byte
20220314 012342.314 INFO             PET0 PIOc_sync Enter - MemInfo: [malloc] Space allocated in mmapped regions:          3219456 Byte
20220314 012342.314 INFO             PET0 PIOc_sync Enter - MemInfo: [malloc] Maximum total allocated space:                     0 Byte
20220314 012342.314 INFO             PET0 PIOc_sync Enter - MemInfo: [malloc] Space in freed fastbin blocks:                     0 Byte
20220314 012342.314 INFO             PET0 PIOc_sync Enter - MemInfo: [malloc] Total allocated space:                       9930944 Byte
20220314 012342.314 INFO             PET0 PIOc_sync Enter - MemInfo: [malloc] Total free space:                             124736 Byte
20220314 012342.314 INFO             PET0 PIOc_sync Enter - MemInfo: [malloc] Top-most, releasable space:                   121776 Byte
20220314 012342.314 INFO             PET0 PIOc_sync Enter - MemInfo: [malloc] Total space in use, mmap + non-mmap:        13150400 Byte
20220314 012342.314 INFO             PET0 PIOc_sync Enter - MemInfo: [malloc] Total space held (mmap + non-mmap):         13275136 Byte
20220314 012342.314 INFO             PET0 PIOc_sync Enter - MemInfo: [malloc] Total space used (mmap + non-mmap):         13158720 Byte
20220314 012342.314 INFO             PET0 PIOc_sync Enter - MemInfo: Wall-clock time since execution start:               0.060962 seconds
20220314 012342.315 INFO             PET0 PIOc_sync Exit - MemInfo: [/proc/meminfo - SSI]	MemTotal:       65855856 kB
20220314 012342.315 INFO             PET0 PIOc_sync Exit - MemInfo: [/proc/meminfo - SSI]	MemFree:        61057404 kB
20220314 012342.315 INFO             PET0 PIOc_sync Exit - MemInfo: [/proc/meminfo - SSI]	MemAvailable:   60885328 kB
20220314 012342.315 INFO             PET0 PIOc_sync Exit - MemInfo: [/proc/meminfo - SSI]	Committed_AS:    3172788 kB
20220314 012342.315 INFO             PET0 PIOc_sync Exit - MemInfo: [/proc/meminfo - SSI]	CommittedPercent: 4.81778 %
20220314 012342.315 INFO             PET0 PIOc_sync Exit - MemInfo: [/proc/self/status]	VmPeak:	  268908 kB
20220314 012342.315 INFO             PET0 PIOc_sync Exit - MemInfo: [/proc/self/status]	VmSize:	  268908 kB
20220314 012342.315 INFO             PET0 PIOc_sync Exit - MemInfo: [/proc/self/status]	VmLck:	       0 kB
20220314 012342.315 INFO             PET0 PIOc_sync Exit - MemInfo: [/proc/self/status]	VmPin:	       0 kB
20220314 012342.315 INFO             PET0 PIOc_sync Exit - MemInfo: [/proc/self/status]	VmHWM:	   46444 kB
20220314 012342.315 INFO             PET0 PIOc_sync Exit - MemInfo: [/proc/self/status]	VmRSS:	   46444 kB
20220314 012342.315 INFO             PET0 PIOc_sync Exit - MemInfo: [/proc/self/status]	VmData:	   33912 kB
20220314 012342.315 INFO             PET0 PIOc_sync Exit - MemInfo: [/proc/self/status]	VmStk:	     508 kB
20220314 012342.315 INFO             PET0 PIOc_sync Exit - MemInfo: [/proc/self/status]	VmExe:	    1784 kB
20220314 012342.315 INFO             PET0 PIOc_sync Exit - MemInfo: [/proc/self/status]	VmLib:	  133788 kB
20220314 012342.315 INFO             PET0 PIOc_sync Exit - MemInfo: [/proc/self/status]	VmPTE:	     440 kB
20220314 012342.315 INFO             PET0 PIOc_sync Exit - MemInfo: [/proc/self/status]	VmPMD:	      12 kB
20220314 012342.315 INFO             PET0 PIOc_sync Exit - MemInfo: [/proc/self/status]	VmSwap:	       0 kB
20220314 012342.315 INFO             PET0 PIOc_sync Exit - MemInfo: [/proc/self/status]	VmRSSPercent: 0.0705237 %
20220314 012342.315 INFO             PET0 PIOc_sync Exit - MemInfo: [malloc] Non-mmapped space allocated:                10055680 Byte
20220314 012342.315 INFO             PET0 PIOc_sync Exit - MemInfo: [malloc] Space allocated in mmapped regions:          3219456 Byte
20220314 012342.315 INFO             PET0 PIOc_sync Exit - MemInfo: [malloc] Maximum total allocated space:                     0 Byte
20220314 012342.315 INFO             PET0 PIOc_sync Exit - MemInfo: [malloc] Space in freed fastbin blocks:                     0 Byte
20220314 012342.315 INFO             PET0 PIOc_sync Exit - MemInfo: [malloc] Total allocated space:                       9932480 Byte
20220314 012342.315 INFO             PET0 PIOc_sync Exit - MemInfo: [malloc] Total free space:                             123200 Byte
20220314 012342.315 INFO             PET0 PIOc_sync Exit - MemInfo: [malloc] Top-most, releasable space:                   121552 Byte
20220314 012342.315 INFO             PET0 PIOc_sync Exit - MemInfo: [malloc] Total space in use, mmap + non-mmap:        13151936 Byte
20220314 012342.315 INFO             PET0 PIOc_sync Exit - MemInfo: [malloc] Total space held (mmap + non-mmap):         13275136 Byte
20220314 012342.315 INFO             PET0 PIOc_sync Exit - MemInfo: [malloc] Total space used (mmap + non-mmap):         13160256 Byte
20220314 012342.315 INFO             PET0 PIOc_sync Exit - MemInfo: Wall-clock time since execution start:              0.0614619 seconds
20220314 012342.315 INFO             PET0 PIOc_freedecomp Enter - MemInfo: [/proc/meminfo - SSI]	MemTotal:       65855856 kB
20220314 012342.315 INFO             PET0 PIOc_freedecomp Enter - MemInfo: [/proc/meminfo - SSI]	MemFree:        61057404 kB
20220314 012342.315 INFO             PET0 PIOc_freedecomp Enter - MemInfo: [/proc/meminfo - SSI]	MemAvailable:   60885328 kB
20220314 012342.315 INFO             PET0 PIOc_freedecomp Enter - MemInfo: [/proc/meminfo - SSI]	Committed_AS:    3172788 kB
20220314 012342.315 INFO             PET0 PIOc_freedecomp Enter - MemInfo: [/proc/meminfo - SSI]	CommittedPercent: 4.81778 %
20220314 012342.315 INFO             PET0 PIOc_freedecomp Enter - MemInfo: [/proc/self/status]	VmPeak:	  268908 kB
20220314 012342.315 INFO             PET0 PIOc_freedecomp Enter - MemInfo: [/proc/self/status]	VmSize:	  268908 kB
20220314 012342.315 INFO             PET0 PIOc_freedecomp Enter - MemInfo: [/proc/self/status]	VmLck:	       0 kB
20220314 012342.315 INFO             PET0 PIOc_freedecomp Enter - MemInfo: [/proc/self/status]	VmPin:	       0 kB
20220314 012342.315 INFO             PET0 PIOc_freedecomp Enter - MemInfo: [/proc/self/status]	VmHWM:	   46444 kB
20220314 012342.315 INFO             PET0 PIOc_freedecomp Enter - MemInfo: [/proc/self/status]	VmRSS:	   46444 kB
20220314 012342.315 INFO             PET0 PIOc_freedecomp Enter - MemInfo: [/proc/self/status]	VmData:	   33912 kB
20220314 012342.315 INFO             PET0 PIOc_freedecomp Enter - MemInfo: [/proc/self/status]	VmStk:	     508 kB
20220314 012342.315 INFO             PET0 PIOc_freedecomp Enter - MemInfo: [/proc/self/status]	VmExe:	    1784 kB
20220314 012342.315 INFO             PET0 PIOc_freedecomp Enter - MemInfo: [/proc/self/status]	VmLib:	  133788 kB
20220314 012342.315 INFO             PET0 PIOc_freedecomp Enter - MemInfo: [/proc/self/status]	VmPTE:	     440 kB
20220314 012342.315 INFO             PET0 PIOc_freedecomp Enter - MemInfo: [/proc/self/status]	VmPMD:	      12 kB
20220314 012342.315 INFO             PET0 PIOc_freedecomp Enter - MemInfo: [/proc/self/status]	VmSwap:	       0 kB
20220314 012342.315 INFO             PET0 PIOc_freedecomp Enter - MemInfo: [/proc/self/status]	VmRSSPercent: 0.0705237 %
20220314 012342.315 INFO             PET0 PIOc_freedecomp Enter - MemInfo: [malloc] Non-mmapped space allocated:                10055680 Byte
20220314 012342.315 INFO             PET0 PIOc_freedecomp Enter - MemInfo: [malloc] Space allocated in mmapped regions:          3219456 Byte
20220314 012342.315 INFO             PET0 PIOc_freedecomp Enter - MemInfo: [malloc] Maximum total allocated space:                     0 Byte
20220314 012342.315 INFO             PET0 PIOc_freedecomp Enter - MemInfo: [malloc] Space in freed fastbin blocks:                   112 Byte
20220314 012342.315 INFO             PET0 PIOc_freedecomp Enter - MemInfo: [malloc] Total allocated space:                       1008848 Byte
20220314 012342.315 INFO             PET0 PIOc_freedecomp Enter - MemInfo: [malloc] Total free space:                            9046832 Byte
20220314 012342.315 INFO             PET0 PIOc_freedecomp Enter - MemInfo: [malloc] Top-most, releasable space:                   121328 Byte
20220314 012342.315 INFO             PET0 PIOc_freedecomp Enter - MemInfo: [malloc] Total space in use, mmap + non-mmap:         4228304 Byte
20220314 012342.315 INFO             PET0 PIOc_freedecomp Enter - MemInfo: [malloc] Total space held (mmap + non-mmap):         13275136 Byte
20220314 012342.315 INFO             PET0 PIOc_freedecomp Enter - MemInfo: [malloc] Total space used (mmap + non-mmap):          4236512 Byte
20220314 012342.315 INFO             PET0 PIOc_freedecomp Enter - MemInfo: Wall-clock time since execution start:              0.0620391 seconds
20220314 012342.316 INFO             PET0 PIOc_freedecomp Exit - MemInfo: [/proc/meminfo - SSI]	MemTotal:       65855856 kB
20220314 012342.316 INFO             PET0 PIOc_freedecomp Exit - MemInfo: [/proc/meminfo - SSI]	MemFree:        61057404 kB
20220314 012342.316 INFO             PET0 PIOc_freedecomp Exit - MemInfo: [/proc/meminfo - SSI]	MemAvailable:   60885328 kB
20220314 012342.316 INFO             PET0 PIOc_freedecomp Exit - MemInfo: [/proc/meminfo - SSI]	Committed_AS:    3172788 kB
20220314 012342.316 INFO             PET0 PIOc_freedecomp Exit - MemInfo: [/proc/meminfo - SSI]	CommittedPercent: 4.81778 %
20220314 012342.316 INFO             PET0 PIOc_freedecomp Exit - MemInfo: [/proc/self/status]	VmPeak:	  268908 kB
20220314 012342.316 INFO             PET0 PIOc_freedecomp Exit - MemInfo: [/proc/self/status]	VmSize:	  268908 kB
20220314 012342.316 INFO             PET0 PIOc_freedecomp Exit - MemInfo: [/proc/self/status]	VmLck:	       0 kB
20220314 012342.316 INFO             PET0 PIOc_freedecomp Exit - MemInfo: [/proc/self/status]	VmPin:	       0 kB
20220314 012342.316 INFO             PET0 PIOc_freedecomp Exit - MemInfo: [/proc/self/status]	VmHWM:	   46444 kB
20220314 012342.316 INFO             PET0 PIOc_freedecomp Exit - MemInfo: [/proc/self/status]	VmRSS:	   46444 kB
20220314 012342.316 INFO             PET0 PIOc_freedecomp Exit - MemInfo: [/proc/self/status]	VmData:	   33912 kB
20220314 012342.316 INFO             PET0 PIOc_freedecomp Exit - MemInfo: [/proc/self/status]	VmStk:	     508 kB
20220314 012342.316 INFO             PET0 PIOc_freedecomp Exit - MemInfo: [/proc/self/status]	VmExe:	    1784 kB
20220314 012342.316 INFO             PET0 PIOc_freedecomp Exit - MemInfo: [/proc/self/status]	VmLib:	  133788 kB
20220314 012342.316 INFO             PET0 PIOc_freedecomp Exit - MemInfo: [/proc/self/status]	VmPTE:	     440 kB
20220314 012342.316 INFO             PET0 PIOc_freedecomp Exit - MemInfo: [/proc/self/status]	VmPMD:	      12 kB
20220314 012342.316 INFO             PET0 PIOc_freedecomp Exit - MemInfo: [/proc/self/status]	VmSwap:	       0 kB
20220314 012342.316 INFO             PET0 PIOc_freedecomp Exit - MemInfo: [/proc/self/status]	VmRSSPercent: 0.0705237 %
20220314 012342.316 INFO             PET0 PIOc_freedecomp Exit - MemInfo: [malloc] Non-mmapped space allocated:                10055680 Byte
20220314 012342.316 INFO             PET0 PIOc_freedecomp Exit - MemInfo: [malloc] Space allocated in mmapped regions:          3219456 Byte
20220314 012342.316 INFO             PET0 PIOc_freedecomp Exit - MemInfo: [malloc] Maximum total allocated space:                     0 Byte
20220314 012342.316 INFO             PET0 PIOc_freedecomp Exit - MemInfo: [malloc] Space in freed fastbin blocks:                   912 Byte
20220314 012342.316 INFO             PET0 PIOc_freedecomp Exit - MemInfo: [malloc] Total allocated space:                       1006160 Byte
20220314 012342.316 INFO             PET0 PIOc_freedecomp Exit - MemInfo: [malloc] Total free space:                            9049520 Byte
20220314 012342.316 INFO             PET0 PIOc_freedecomp Exit - MemInfo: [malloc] Top-most, releasable space:                   121552 Byte
20220314 012342.316 INFO             PET0 PIOc_freedecomp Exit - MemInfo: [malloc] Total space in use, mmap + non-mmap:         4225616 Byte
20220314 012342.316 INFO             PET0 PIOc_freedecomp Exit - MemInfo: [malloc] Total space held (mmap + non-mmap):         13275136 Byte
20220314 012342.316 INFO             PET0 PIOc_freedecomp Exit - MemInfo: [malloc] Total space used (mmap + non-mmap):          4233824 Byte
20220314 012342.316 INFO             PET0 PIOc_freedecomp Exit - MemInfo: Wall-clock time since execution start:              0.0624661 seconds
20220314 012342.316 INFO             PET0  PASS  Write Fortran array in nohalo Field, ESMF_FieldIOUTest.F90, line 268
20220314 012342.316 INFO             PET0  PASS  Create a field from grid and fortran dummy array without halo, ESMF_FieldIOUTest.F90, line 281
20220314 012342.328 INFO             PET0 PIOc_sync Enter - MemInfo: [/proc/meminfo - SSI]	MemTotal:       65855856 kB
20220314 012342.328 INFO             PET0 PIOc_sync Enter - MemInfo: [/proc/meminfo - SSI]	MemFree:        61056900 kB
20220314 012342.328 INFO             PET0 PIOc_sync Enter - MemInfo: [/proc/meminfo - SSI]	MemAvailable:   60884824 kB
20220314 012342.328 INFO             PET0 PIOc_sync Enter - MemInfo: [/proc/meminfo - SSI]	Committed_AS:    3172788 kB
20220314 012342.328 INFO             PET0 PIOc_sync Enter - MemInfo: [/proc/meminfo - SSI]	CommittedPercent: 4.81778 %
20220314 012342.328 INFO             PET0 PIOc_sync Enter - MemInfo: [/proc/self/status]	VmPeak:	  268908 kB
20220314 012342.328 INFO             PET0 PIOc_sync Enter - MemInfo: [/proc/self/status]	VmSize:	  268884 kB
20220314 012342.328 INFO             PET0 PIOc_sync Enter - MemInfo: [/proc/self/status]	VmLck:	       0 kB
20220314 012342.328 INFO             PET0 PIOc_sync Enter - MemInfo: [/proc/self/status]	VmPin:	       0 kB
20220314 012342.328 INFO             PET0 PIOc_sync Enter - MemInfo: [/proc/self/status]	VmHWM:	   46788 kB
20220314 012342.328 INFO             PET0 PIOc_sync Enter - MemInfo: [/proc/self/status]	VmRSS:	   46788 kB
20220314 012342.328 INFO             PET0 PIOc_sync Enter - MemInfo: [/proc/self/status]	VmData:	   33912 kB
20220314 012342.328 INFO             PET0 PIOc_sync Enter - MemInfo: [/proc/self/status]	VmStk:	     508 kB
20220314 012342.328 INFO             PET0 PIOc_sync Enter - MemInfo: [/proc/self/status]	VmExe:	    1784 kB
20220314 012342.328 INFO             PET0 PIOc_sync Enter - MemInfo: [/proc/self/status]	VmLib:	  133788 kB
20220314 012342.328 INFO             PET0 PIOc_sync Enter - MemInfo: [/proc/self/status]	VmPTE:	     440 kB
20220314 012342.328 INFO             PET0 PIOc_sync Enter - MemInfo: [/proc/self/status]	VmPMD:	      12 kB
20220314 012342.328 INFO             PET0 PIOc_sync Enter - MemInfo: [/proc/self/status]	VmSwap:	       0 kB
20220314 012342.328 INFO             PET0 PIOc_sync Enter - MemInfo: [/proc/self/status]	VmRSSPercent: 0.0710461 %
20220314 012342.328 INFO             PET0 PIOc_sync Enter - MemInfo: [malloc] Non-mmapped space allocated:                10055680 Byte
20220314 012342.328 INFO             PET0 PIOc_sync Enter - MemInfo: [malloc] Space allocated in mmapped regions:          3219456 Byte
20220314 012342.328 INFO             PET0 PIOc_sync Enter - MemInfo: [malloc] Maximum total allocated space:                     0 Byte
20220314 012342.328 INFO             PET0 PIOc_sync Enter - MemInfo: [malloc] Space in freed fastbin blocks:                     0 Byte
20220314 012342.328 INFO             PET0 PIOc_sync Enter - MemInfo: [malloc] Total allocated space:                       9936384 Byte
20220314 012342.329 INFO             PET0 PIOc_sync Enter - MemInfo: [malloc] Total free space:                             119296 Byte
20220314 012342.329 INFO             PET0 PIOc_sync Enter - MemInfo: [malloc] Top-most, releasable space:                   116304 Byte
20220314 012342.329 INFO             PET0 PIOc_sync Enter - MemInfo: [malloc] Total space in use, mmap + non-mmap:        13155840 Byte
20220314 012342.329 INFO             PET0 PIOc_sync Enter - MemInfo: [malloc] Total space held (mmap + non-mmap):         13275136 Byte
20220314 012342.329 INFO             PET0 PIOc_sync Enter - MemInfo: [malloc] Total space used (mmap + non-mmap):         13164160 Byte
20220314 012342.329 INFO             PET0 PIOc_sync Enter - MemInfo: Wall-clock time since execution start:                0.07513 seconds
20220314 012342.329 INFO             PET0 PIOc_sync Exit - MemInfo: [/proc/meminfo - SSI]	MemTotal:       65855856 kB
20220314 012342.329 INFO             PET0 PIOc_sync Exit - MemInfo: [/proc/meminfo - SSI]	MemFree:        61056900 kB
20220314 012342.329 INFO             PET0 PIOc_sync Exit - MemInfo: [/proc/meminfo - SSI]	MemAvailable:   60884824 kB
20220314 012342.329 INFO             PET0 PIOc_sync Exit - MemInfo: [/proc/meminfo - SSI]	Committed_AS:    3172788 kB
20220314 012342.329 INFO             PET0 PIOc_sync Exit - MemInfo: [/proc/meminfo - SSI]	CommittedPercent: 4.81778 %
20220314 012342.329 INFO             PET0 PIOc_sync Exit - MemInfo: [/proc/self/status]	VmPeak:	  268908 kB
20220314 012342.329 INFO             PET0 PIOc_sync Exit - MemInfo: [/proc/self/status]	VmSize:	  268884 kB
20220314 012342.329 INFO             PET0 PIOc_sync Exit - MemInfo: [/proc/self/status]	VmLck:	       0 kB
20220314 012342.329 INFO             PET0 PIOc_sync Exit - MemInfo: [/proc/self/status]	VmPin:	       0 kB
20220314 012342.329 INFO             PET0 PIOc_sync Exit - MemInfo: [/proc/self/status]	VmHWM:	   46788 kB
20220314 012342.329 INFO             PET0 PIOc_sync Exit - MemInfo: [/proc/self/status]	VmRSS:	   46788 kB
20220314 012342.329 INFO             PET0 PIOc_sync Exit - MemInfo: [/proc/self/status]	VmData:	   33912 kB
20220314 012342.329 INFO             PET0 PIOc_sync Exit - MemInfo: [/proc/self/status]	VmStk:	     508 kB
20220314 012342.329 INFO             PET0 PIOc_sync Exit - MemInfo: [/proc/self/status]	VmExe:	    1784 kB
20220314 012342.329 INFO             PET0 PIOc_sync Exit - MemInfo: [/proc/self/status]	VmLib:	  133788 kB
20220314 012342.329 INFO             PET0 PIOc_sync Exit - MemInfo: [/proc/self/status]	VmPTE:	     440 kB
20220314 012342.329 INFO             PET0 PIOc_sync Exit - MemInfo: [/proc/self/status]	VmPMD:	      12 kB
20220314 012342.329 INFO             PET0 PIOc_sync Exit - MemInfo: [/proc/self/status]	VmSwap:	       0 kB
20220314 012342.329 INFO             PET0 PIOc_sync Exit - MemInfo: [/proc/self/status]	VmRSSPercent: 0.0710461 %
20220314 012342.329 INFO             PET0 PIOc_sync Exit - MemInfo: [malloc] Non-mmapped space allocated:                10055680 Byte
20220314 012342.329 INFO             PET0 PIOc_sync Exit - MemInfo: [malloc] Space allocated in mmapped regions:          3219456 Byte
20220314 012342.329 INFO             PET0 PIOc_sync Exit - MemInfo: [malloc] Maximum total allocated space:                     0 Byte
20220314 012342.329 INFO             PET0 PIOc_sync Exit - MemInfo: [malloc] Space in freed fastbin blocks:                     0 Byte
20220314 012342.329 INFO             PET0 PIOc_sync Exit - MemInfo: [malloc] Total allocated space:                       9937696 Byte
20220314 012342.329 INFO             PET0 PIOc_sync Exit - MemInfo: [malloc] Total free space:                             117984 Byte
20220314 012342.329 INFO             PET0 PIOc_sync Exit - MemInfo: [malloc] Top-most, releasable space:                   116080 Byte
20220314 012342.329 INFO             PET0 PIOc_sync Exit - MemInfo: [malloc] Total space in use, mmap + non-mmap:        13157152 Byte
20220314 012342.329 INFO             PET0 PIOc_sync Exit - MemInfo: [malloc] Total space held (mmap + non-mmap):         13275136 Byte
20220314 012342.329 INFO             PET0 PIOc_sync Exit - MemInfo: [malloc] Total space used (mmap + non-mmap):         13165472 Byte
20220314 012342.329 INFO             PET0 PIOc_sync Exit - MemInfo: Wall-clock time since execution start:              0.0756731 seconds
20220314 012342.329 INFO             PET0 PIOc_freedecomp Enter - MemInfo: [/proc/meminfo - SSI]	MemTotal:       65855856 kB
20220314 012342.329 INFO             PET0 PIOc_freedecomp Enter - MemInfo: [/proc/meminfo - SSI]	MemFree:        61056900 kB
20220314 012342.329 INFO             PET0 PIOc_freedecomp Enter - MemInfo: [/proc/meminfo - SSI]	MemAvailable:   60884824 kB
20220314 012342.329 INFO             PET0 PIOc_freedecomp Enter - MemInfo: [/proc/meminfo - SSI]	Committed_AS:    3172788 kB
20220314 012342.329 INFO             PET0 PIOc_freedecomp Enter - MemInfo: [/proc/meminfo - SSI]	CommittedPercent: 4.81778 %
20220314 012342.329 INFO             PET0 PIOc_freedecomp Enter - MemInfo: [/proc/self/status]	VmPeak:	  268908 kB
20220314 012342.329 INFO             PET0 PIOc_freedecomp Enter - MemInfo: [/proc/self/status]	VmSize:	  268884 kB
20220314 012342.329 INFO             PET0 PIOc_freedecomp Enter - MemInfo: [/proc/self/status]	VmLck:	       0 kB
20220314 012342.329 INFO             PET0 PIOc_freedecomp Enter - MemInfo: [/proc/self/status]	VmPin:	       0 kB
20220314 012342.329 INFO             PET0 PIOc_freedecomp Enter - MemInfo: [/proc/self/status]	VmHWM:	   46788 kB
20220314 012342.329 INFO             PET0 PIOc_freedecomp Enter - MemInfo: [/proc/self/status]	VmRSS:	   46788 kB
20220314 012342.329 INFO             PET0 PIOc_freedecomp Enter - MemInfo: [/proc/self/status]	VmData:	   33912 kB
20220314 012342.329 INFO             PET0 PIOc_freedecomp Enter - MemInfo: [/proc/self/status]	VmStk:	     508 kB
20220314 012342.329 INFO             PET0 PIOc_freedecomp Enter - MemInfo: [/proc/self/status]	VmExe:	    1784 kB
20220314 012342.330 INFO             PET0 PIOc_freedecomp Enter - MemInfo: [/proc/self/status]	VmLib:	  133788 kB
20220314 012342.330 INFO             PET0 PIOc_freedecomp Enter - MemInfo: [/proc/self/status]	VmPTE:	     440 kB
20220314 012342.330 INFO             PET0 PIOc_freedecomp Enter - MemInfo: [/proc/self/status]	VmPMD:	      12 kB
20220314 012342.330 INFO             PET0 PIOc_freedecomp Enter - MemInfo: [/proc/self/status]	VmSwap:	       0 kB
20220314 012342.330 INFO             PET0 PIOc_freedecomp Enter - MemInfo: [/proc/self/status]	VmRSSPercent: 0.0710461 %
20220314 012342.330 INFO             PET0 PIOc_freedecomp Enter - MemInfo: [malloc] Non-mmapped space allocated:                10055680 Byte
20220314 012342.330 INFO             PET0 PIOc_freedecomp Enter - MemInfo: [malloc] Space allocated in mmapped regions:          3219456 Byte
20220314 012342.330 INFO             PET0 PIOc_freedecomp Enter - MemInfo: [malloc] Maximum total allocated space:                     0 Byte
20220314 012342.330 INFO             PET0 PIOc_freedecomp Enter - MemInfo: [malloc] Space in freed fastbin blocks:                   112 Byte
20220314 012342.330 INFO             PET0 PIOc_freedecomp Enter - MemInfo: [malloc] Total allocated space:                       1013968 Byte
20220314 012342.330 INFO             PET0 PIOc_freedecomp Enter - MemInfo: [malloc] Total free space:                            9041712 Byte
20220314 012342.330 INFO             PET0 PIOc_freedecomp Enter - MemInfo: [malloc] Top-most, releasable space:                   115856 Byte
20220314 012342.330 INFO             PET0 PIOc_freedecomp Enter - MemInfo: [malloc] Total space in use, mmap + non-mmap:         4233424 Byte
20220314 012342.330 INFO             PET0 PIOc_freedecomp Enter - MemInfo: [malloc] Total space held (mmap + non-mmap):         13275136 Byte
20220314 012342.330 INFO             PET0 PIOc_freedecomp Enter - MemInfo: [malloc] Total space used (mmap + non-mmap):          4241632 Byte
20220314 012342.330 INFO             PET0 PIOc_freedecomp Enter - MemInfo: Wall-clock time since execution start:              0.0762479 seconds
20220314 012342.330 INFO             PET0 PIOc_freedecomp Exit - MemInfo: [/proc/meminfo - SSI]	MemTotal:       65855856 kB
20220314 012342.330 INFO             PET0 PIOc_freedecomp Exit - MemInfo: [/proc/meminfo - SSI]	MemFree:        61056900 kB
20220314 012342.330 INFO             PET0 PIOc_freedecomp Exit - MemInfo: [/proc/meminfo - SSI]	MemAvailable:   60884824 kB
20220314 012342.330 INFO             PET0 PIOc_freedecomp Exit - MemInfo: [/proc/meminfo - SSI]	Committed_AS:    3172788 kB
20220314 012342.330 INFO             PET0 PIOc_freedecomp Exit - MemInfo: [/proc/meminfo - SSI]	CommittedPercent: 4.81778 %
20220314 012342.330 INFO             PET0 PIOc_freedecomp Exit - MemInfo: [/proc/self/status]	VmPeak:	  268908 kB
20220314 012342.330 INFO             PET0 PIOc_freedecomp Exit - MemInfo: [/proc/self/status]	VmSize:	  268884 kB
20220314 012342.330 INFO             PET0 PIOc_freedecomp Exit - MemInfo: [/proc/self/status]	VmLck:	       0 kB
20220314 012342.330 INFO             PET0 PIOc_freedecomp Exit - MemInfo: [/proc/self/status]	VmPin:	       0 kB
20220314 012342.330 INFO             PET0 PIOc_freedecomp Exit - MemInfo: [/proc/self/status]	VmHWM:	   46788 kB
20220314 012342.330 INFO             PET0 PIOc_freedecomp Exit - MemInfo: [/proc/self/status]	VmRSS:	   46788 kB
20220314 012342.330 INFO             PET0 PIOc_freedecomp Exit - MemInfo: [/proc/self/status]	VmData:	   33912 kB
20220314 012342.330 INFO             PET0 PIOc_freedecomp Exit - MemInfo: [/proc/self/status]	VmStk:	     508 kB
20220314 012342.330 INFO             PET0 PIOc_freedecomp Exit - MemInfo: [/proc/self/status]	VmExe:	    1784 kB
20220314 012342.330 INFO             PET0 PIOc_freedecomp Exit - MemInfo: [/proc/self/status]	VmLib:	  133788 kB
20220314 012342.330 INFO             PET0 PIOc_freedecomp Exit - MemInfo: [/proc/self/status]	VmPTE:	     440 kB
20220314 012342.330 INFO             PET0 PIOc_freedecomp Exit - MemInfo: [/proc/self/status]	VmPMD:	      12 kB
20220314 012342.330 INFO             PET0 PIOc_freedecomp Exit - MemInfo: [/proc/self/status]	VmSwap:	       0 kB
20220314 012342.330 INFO             PET0 PIOc_freedecomp Exit - MemInfo: [/proc/self/status]	VmRSSPercent: 0.0710461 %
20220314 012342.330 INFO             PET0 PIOc_freedecomp Exit - MemInfo: [malloc] Non-mmapped space allocated:                10055680 Byte
20220314 012342.330 INFO             PET0 PIOc_freedecomp Exit - MemInfo: [malloc] Space allocated in mmapped regions:          3219456 Byte
20220314 012342.330 INFO             PET0 PIOc_freedecomp Exit - MemInfo: [malloc] Maximum total allocated space:                     0 Byte
20220314 012342.330 INFO             PET0 PIOc_freedecomp Exit - MemInfo: [malloc] Space in freed fastbin blocks:                   736 Byte
20220314 012342.330 INFO             PET0 PIOc_freedecomp Exit - MemInfo: [malloc] Total allocated space:                       1011136 Byte
20220314 012342.330 INFO             PET0 PIOc_freedecomp Exit - MemInfo: [malloc] Total free space:                            9044544 Byte
20220314 012342.330 INFO             PET0 PIOc_freedecomp Exit - MemInfo: [malloc] Top-most, releasable space:                   121552 Byte
20220314 012342.330 INFO             PET0 PIOc_freedecomp Exit - MemInfo: [malloc] Total space in use, mmap + non-mmap:         4230592 Byte
20220314 012342.330 INFO             PET0 PIOc_freedecomp Exit - MemInfo: [malloc] Total space held (mmap + non-mmap):         13275136 Byte
20220314 012342.330 INFO             PET0 PIOc_freedecomp Exit - MemInfo: [malloc] Total space used (mmap + non-mmap):          4238800 Byte
20220314 012342.330 INFO             PET0 PIOc_freedecomp Exit - MemInfo: Wall-clock time since execution start:              0.0766749 seconds
20220314 012342.334 INFO             PET0 PIOc_sync Enter - MemInfo: [/proc/meminfo - SSI]	MemTotal:       65855856 kB
20220314 012342.334 INFO             PET0 PIOc_sync Enter - MemInfo: [/proc/meminfo - SSI]	MemFree:        61052860 kB
20220314 012342.334 INFO             PET0 PIOc_sync Enter - MemInfo: [/proc/meminfo - SSI]	MemAvailable:   60880784 kB
20220314 012342.334 INFO             PET0 PIOc_sync Enter - MemInfo: [/proc/meminfo - SSI]	Committed_AS:    3181000 kB
20220314 012342.334 INFO             PET0 PIOc_sync Enter - MemInfo: [/proc/meminfo - SSI]	CommittedPercent: 4.83025 %
20220314 012342.334 INFO             PET0 PIOc_sync Enter - MemInfo: [/proc/self/status]	VmPeak:	  277076 kB
20220314 012342.334 INFO             PET0 PIOc_sync Enter - MemInfo: [/proc/self/status]	VmSize:	  277076 kB
20220314 012342.334 INFO             PET0 PIOc_sync Enter - MemInfo: [/proc/self/status]	VmLck:	       0 kB
20220314 012342.334 INFO             PET0 PIOc_sync Enter - MemInfo: [/proc/self/status]	VmPin:	       0 kB
20220314 012342.334 INFO             PET0 PIOc_sync Enter - MemInfo: [/proc/self/status]	VmHWM:	   50976 kB
20220314 012342.334 INFO             PET0 PIOc_sync Enter - MemInfo: [/proc/self/status]	VmRSS:	   50976 kB
20220314 012342.334 INFO             PET0 PIOc_sync Enter - MemInfo: [/proc/self/status]	VmData:	   42116 kB
20220314 012342.334 INFO             PET0 PIOc_sync Enter - MemInfo: [/proc/self/status]	VmStk:	     508 kB
20220314 012342.334 INFO             PET0 PIOc_sync Enter - MemInfo: [/proc/self/status]	VmExe:	    1784 kB
20220314 012342.334 INFO             PET0 PIOc_sync Enter - MemInfo: [/proc/self/status]	VmLib:	  133788 kB
20220314 012342.334 INFO             PET0 PIOc_sync Enter - MemInfo: [/proc/self/status]	VmPTE:	     452 kB
20220314 012342.334 INFO             PET0 PIOc_sync Enter - MemInfo: [/proc/self/status]	VmPMD:	      12 kB
20220314 012342.334 INFO             PET0 PIOc_sync Enter - MemInfo: [/proc/self/status]	VmSwap:	       0 kB
20220314 012342.334 INFO             PET0 PIOc_sync Enter - MemInfo: [/proc/self/status]	VmRSSPercent: 0.0774054 %
20220314 012342.334 INFO             PET0 PIOc_sync Enter - MemInfo: [malloc] Non-mmapped space allocated:                18456576 Byte
20220314 012342.334 INFO             PET0 PIOc_sync Enter - MemInfo: [malloc] Space allocated in mmapped regions:          3219456 Byte
20220314 012342.334 INFO             PET0 PIOc_sync Enter - MemInfo: [malloc] Maximum total allocated space:                     0 Byte
20220314 012342.334 INFO             PET0 PIOc_sync Enter - MemInfo: [malloc] Space in freed fastbin blocks:                   512 Byte
20220314 012342.334 INFO             PET0 PIOc_sync Enter - MemInfo: [malloc] Total allocated space:                       9938704 Byte
20220314 012342.334 INFO             PET0 PIOc_sync Enter - MemInfo: [malloc] Total free space:                            8517872 Byte
20220314 012342.334 INFO             PET0 PIOc_sync Enter - MemInfo: [malloc] Top-most, releasable space:                   133824 Byte
20220314 012342.334 INFO             PET0 PIOc_sync Enter - MemInfo: [malloc] Total space in use, mmap + non-mmap:        13158160 Byte
20220314 012342.334 INFO             PET0 PIOc_sync Enter - MemInfo: [malloc] Total space held (mmap + non-mmap):         21676032 Byte
20220314 012342.334 INFO             PET0 PIOc_sync Enter - MemInfo: [malloc] Total space used (mmap + non-mmap):         13166480 Byte
20220314 012342.334 INFO             PET0 PIOc_sync Enter - MemInfo: Wall-clock time since execution start:              0.0806651 seconds
20220314 012342.334 INFO             PET0 PIOc_sync Exit - MemInfo: [/proc/meminfo - SSI]	MemTotal:       65855856 kB
20220314 012342.334 INFO             PET0 PIOc_sync Exit - MemInfo: [/proc/meminfo - SSI]	MemFree:        61052860 kB
20220314 012342.334 INFO             PET0 PIOc_sync Exit - MemInfo: [/proc/meminfo - SSI]	MemAvailable:   60880784 kB
20220314 012342.334 INFO             PET0 PIOc_sync Exit - MemInfo: [/proc/meminfo - SSI]	Committed_AS:    3181000 kB
20220314 012342.334 INFO             PET0 PIOc_sync Exit - MemInfo: [/proc/meminfo - SSI]	CommittedPercent: 4.83025 %
20220314 012342.334 INFO             PET0 PIOc_sync Exit - MemInfo: [/proc/self/status]	VmPeak:	  277076 kB
20220314 012342.334 INFO             PET0 PIOc_sync Exit - MemInfo: [/proc/self/status]	VmSize:	  277076 kB
20220314 012342.334 INFO             PET0 PIOc_sync Exit - MemInfo: [/proc/self/status]	VmLck:	       0 kB
20220314 012342.334 INFO             PET0 PIOc_sync Exit - MemInfo: [/proc/self/status]	VmPin:	       0 kB
20220314 012342.334 INFO             PET0 PIOc_sync Exit - MemInfo: [/proc/self/status]	VmHWM:	   50976 kB
20220314 012342.334 INFO             PET0 PIOc_sync Exit - MemInfo: [/proc/self/status]	VmRSS:	   50976 kB
20220314 012342.334 INFO             PET0 PIOc_sync Exit - MemInfo: [/proc/self/status]	VmData:	   42116 kB
20220314 012342.334 INFO             PET0 PIOc_sync Exit - MemInfo: [/proc/self/status]	VmStk:	     508 kB
20220314 012342.334 INFO             PET0 PIOc_sync Exit - MemInfo: [/proc/self/status]	VmExe:	    1784 kB
20220314 012342.334 INFO             PET0 PIOc_sync Exit - MemInfo: [/proc/self/status]	VmLib:	  133788 kB
20220314 012342.334 INFO             PET0 PIOc_sync Exit - MemInfo: [/proc/self/status]	VmPTE:	     452 kB
20220314 012342.334 INFO             PET0 PIOc_sync Exit - MemInfo: [/proc/self/status]	VmPMD:	      12 kB
20220314 012342.334 INFO             PET0 PIOc_sync Exit - MemInfo: [/proc/self/status]	VmSwap:	       0 kB
20220314 012342.334 INFO             PET0 PIOc_sync Exit - MemInfo: [/proc/self/status]	VmRSSPercent: 0.0774054 %
20220314 012342.334 INFO             PET0 PIOc_sync Exit - MemInfo: [malloc] Non-mmapped space allocated:                18456576 Byte
20220314 012342.334 INFO             PET0 PIOc_sync Exit - MemInfo: [malloc] Space allocated in mmapped regions:          3219456 Byte
20220314 012342.334 INFO             PET0 PIOc_sync Exit - MemInfo: [malloc] Maximum total allocated space:                     0 Byte
20220314 012342.335 INFO             PET0 PIOc_sync Exit - MemInfo: [malloc] Space in freed fastbin blocks:                     0 Byte
20220314 012342.335 INFO             PET0 PIOc_sync Exit - MemInfo: [malloc] Total allocated space:                       9939728 Byte
20220314 012342.335 INFO             PET0 PIOc_sync Exit - MemInfo: [malloc] Total free space:                            8516848 Byte
20220314 012342.335 INFO             PET0 PIOc_sync Exit - MemInfo: [malloc] Top-most, releasable space:                   133824 Byte
20220314 012342.335 INFO             PET0 PIOc_sync Exit - MemInfo: [malloc] Total space in use, mmap + non-mmap:        13159184 Byte
20220314 012342.335 INFO             PET0 PIOc_sync Exit - MemInfo: [malloc] Total space held (mmap + non-mmap):         21676032 Byte
20220314 012342.335 INFO             PET0 PIOc_sync Exit - MemInfo: [malloc] Total space used (mmap + non-mmap):         13167632 Byte
20220314 012342.335 INFO             PET0 PIOc_sync Exit - MemInfo: Wall-clock time since execution start:               0.081171 seconds
20220314 012342.335 INFO             PET0 PIOc_freedecomp Enter - MemInfo: [/proc/meminfo - SSI]	MemTotal:       65855856 kB
20220314 012342.335 INFO             PET0 PIOc_freedecomp Enter - MemInfo: [/proc/meminfo - SSI]	MemFree:        61052860 kB
20220314 012342.335 INFO             PET0 PIOc_freedecomp Enter - MemInfo: [/proc/meminfo - SSI]	MemAvailable:   60880784 kB
20220314 012342.335 INFO             PET0 PIOc_freedecomp Enter - MemInfo: [/proc/meminfo - SSI]	Committed_AS:    3181000 kB
20220314 012342.335 INFO             PET0 PIOc_freedecomp Enter - MemInfo: [/proc/meminfo - SSI]	CommittedPercent: 4.83025 %
20220314 012342.335 INFO             PET0 PIOc_freedecomp Enter - MemInfo: [/proc/self/status]	VmPeak:	  277076 kB
20220314 012342.335 INFO             PET0 PIOc_freedecomp Enter - MemInfo: [/proc/self/status]	VmSize:	  277076 kB
20220314 012342.335 INFO             PET0 PIOc_freedecomp Enter - MemInfo: [/proc/self/status]	VmLck:	       0 kB
20220314 012342.335 INFO             PET0 PIOc_freedecomp Enter - MemInfo: [/proc/self/status]	VmPin:	       0 kB
20220314 012342.335 INFO             PET0 PIOc_freedecomp Enter - MemInfo: [/proc/self/status]	VmHWM:	   50976 kB
20220314 012342.335 INFO             PET0 PIOc_freedecomp Enter - MemInfo: [/proc/self/status]	VmRSS:	   50976 kB
20220314 012342.335 INFO             PET0 PIOc_freedecomp Enter - MemInfo: [/proc/self/status]	VmData:	   42116 kB
20220314 012342.335 INFO             PET0 PIOc_freedecomp Enter - MemInfo: [/proc/self/status]	VmStk:	     508 kB
20220314 012342.335 INFO             PET0 PIOc_freedecomp Enter - MemInfo: [/proc/self/status]	VmExe:	    1784 kB
20220314 012342.335 INFO             PET0 PIOc_freedecomp Enter - MemInfo: [/proc/self/status]	VmLib:	  133788 kB
20220314 012342.335 INFO             PET0 PIOc_freedecomp Enter - MemInfo: [/proc/self/status]	VmPTE:	     452 kB
20220314 012342.335 INFO             PET0 PIOc_freedecomp Enter - MemInfo: [/proc/self/status]	VmPMD:	      12 kB
20220314 012342.335 INFO             PET0 PIOc_freedecomp Enter - MemInfo: [/proc/self/status]	VmSwap:	       0 kB
20220314 012342.335 INFO             PET0 PIOc_freedecomp Enter - MemInfo: [/proc/self/status]	VmRSSPercent: 0.0774054 %
20220314 012342.335 INFO             PET0 PIOc_freedecomp Enter - MemInfo: [malloc] Non-mmapped space allocated:                18456576 Byte
20220314 012342.335 INFO             PET0 PIOc_freedecomp Enter - MemInfo: [malloc] Space allocated in mmapped regions:          3219456 Byte
20220314 012342.335 INFO             PET0 PIOc_freedecomp Enter - MemInfo: [malloc] Maximum total allocated space:                     0 Byte
20220314 012342.335 INFO             PET0 PIOc_freedecomp Enter - MemInfo: [malloc] Space in freed fastbin blocks:                   112 Byte
20220314 012342.335 INFO             PET0 PIOc_freedecomp Enter - MemInfo: [malloc] Total allocated space:                       1015632 Byte
20220314 012342.335 INFO             PET0 PIOc_freedecomp Enter - MemInfo: [malloc] Total free space:                           17440944 Byte
20220314 012342.335 INFO             PET0 PIOc_freedecomp Enter - MemInfo: [malloc] Top-most, releasable space:                  8522448 Byte
20220314 012342.335 INFO             PET0 PIOc_freedecomp Enter - MemInfo: [malloc] Total space in use, mmap + non-mmap:         4235088 Byte
20220314 012342.335 INFO             PET0 PIOc_freedecomp Enter - MemInfo: [malloc] Total space held (mmap + non-mmap):         21676032 Byte
20220314 012342.335 INFO             PET0 PIOc_freedecomp Enter - MemInfo: [malloc] Total space used (mmap + non-mmap):          4243296 Byte
20220314 012342.335 INFO             PET0 PIOc_freedecomp Enter - MemInfo: Wall-clock time since execution start:               0.081784 seconds
20220314 012342.335 INFO             PET0 PIOc_freedecomp Exit - MemInfo: [/proc/meminfo - SSI]	MemTotal:       65855856 kB
20220314 012342.335 INFO             PET0 PIOc_freedecomp Exit - MemInfo: [/proc/meminfo - SSI]	MemFree:        61052860 kB
20220314 012342.335 INFO             PET0 PIOc_freedecomp Exit - MemInfo: [/proc/meminfo - SSI]	MemAvailable:   60880784 kB
20220314 012342.335 INFO             PET0 PIOc_freedecomp Exit - MemInfo: [/proc/meminfo - SSI]	Committed_AS:    3181000 kB
20220314 012342.335 INFO             PET0 PIOc_freedecomp Exit - MemInfo: [/proc/meminfo - SSI]	CommittedPercent: 4.83025 %
20220314 012342.335 INFO             PET0 PIOc_freedecomp Exit - MemInfo: [/proc/self/status]	VmPeak:	  277076 kB
20220314 012342.335 INFO             PET0 PIOc_freedecomp Exit - MemInfo: [/proc/self/status]	VmSize:	  277076 kB
20220314 012342.335 INFO             PET0 PIOc_freedecomp Exit - MemInfo: [/proc/self/status]	VmLck:	       0 kB
20220314 012342.335 INFO             PET0 PIOc_freedecomp Exit - MemInfo: [/proc/self/status]	VmPin:	       0 kB
20220314 012342.335 INFO             PET0 PIOc_freedecomp Exit - MemInfo: [/proc/self/status]	VmHWM:	   50976 kB
20220314 012342.335 INFO             PET0 PIOc_freedecomp Exit - MemInfo: [/proc/self/status]	VmRSS:	   50976 kB
20220314 012342.335 INFO             PET0 PIOc_freedecomp Exit - MemInfo: [/proc/self/status]	VmData:	   42116 kB
20220314 012342.335 INFO             PET0 PIOc_freedecomp Exit - MemInfo: [/proc/self/status]	VmStk:	     508 kB
20220314 012342.335 INFO             PET0 PIOc_freedecomp Exit - MemInfo: [/proc/self/status]	VmExe:	    1784 kB
20220314 012342.335 INFO             PET0 PIOc_freedecomp Exit - MemInfo: [/proc/self/status]	VmLib:	  133788 kB
20220314 012342.335 INFO             PET0 PIOc_freedecomp Exit - MemInfo: [/proc/self/status]	VmPTE:	     452 kB
20220314 012342.335 INFO             PET0 PIOc_freedecomp Exit - MemInfo: [/proc/self/status]	VmPMD:	      12 kB
20220314 012342.335 INFO             PET0 PIOc_freedecomp Exit - MemInfo: [/proc/self/status]	VmSwap:	       0 kB
20220314 012342.335 INFO             PET0 PIOc_freedecomp Exit - MemInfo: [/proc/self/status]	VmRSSPercent: 0.0774054 %
20220314 012342.335 INFO             PET0 PIOc_freedecomp Exit - MemInfo: [malloc] Non-mmapped space allocated:                18456576 Byte
20220314 012342.335 INFO             PET0 PIOc_freedecomp Exit - MemInfo: [malloc] Space allocated in mmapped regions:          3219456 Byte
20220314 012342.336 INFO             PET0 PIOc_freedecomp Exit - MemInfo: [malloc] Maximum total allocated space:                     0 Byte
20220314 012342.336 INFO             PET0 PIOc_freedecomp Exit - MemInfo: [malloc] Space in freed fastbin blocks:                   192 Byte
20220314 012342.336 INFO             PET0 PIOc_freedecomp Exit - MemInfo: [malloc] Total allocated space:                       1012608 Byte
20220314 012342.336 INFO             PET0 PIOc_freedecomp Exit - MemInfo: [malloc] Total free space:                           17443968 Byte
20220314 012342.336 INFO             PET0 PIOc_freedecomp Exit - MemInfo: [malloc] Top-most, releasable space:                  8522448 Byte
20220314 012342.336 INFO             PET0 PIOc_freedecomp Exit - MemInfo: [malloc] Total space in use, mmap + non-mmap:         4232064 Byte
20220314 012342.336 INFO             PET0 PIOc_freedecomp Exit - MemInfo: [malloc] Total space held (mmap + non-mmap):         21676032 Byte
20220314 012342.336 INFO             PET0 PIOc_freedecomp Exit - MemInfo: [malloc] Total space used (mmap + non-mmap):          4240272 Byte
20220314 012342.336 INFO             PET0 PIOc_freedecomp Exit - MemInfo: Wall-clock time since execution start:               0.082185 seconds
20220314 012342.336 INFO             PET0  PASS  Write multiple Fields with same dimensions to a file, ESMF_FieldIOUTest.F90, line 292
20220314 012342.336 INFO             PET0  PASS  Create grid for field metadata test, ESMF_FieldIOUTest.F90, line 309
20220314 012342.336 INFO             PET0  PASS  Create field with global indices, ESMF_FieldIOUTest.F90, line 316
20220314 012342.337 INFO             PET0  PASS  Get Farray_md from field, ESMF_FieldIOUTest.F90, line 324
20220314 012342.357 INFO             PET0 PIOc_sync Enter - MemInfo: [/proc/meminfo - SSI]	MemTotal:       65855856 kB
20220314 012342.357 INFO             PET0 PIOc_sync Enter - MemInfo: [/proc/meminfo - SSI]	MemFree:        61048236 kB
20220314 012342.357 INFO             PET0 PIOc_sync Enter - MemInfo: [/proc/meminfo - SSI]	MemAvailable:   60876164 kB
20220314 012342.357 INFO             PET0 PIOc_sync Enter - MemInfo: [/proc/meminfo - SSI]	Committed_AS:    3181000 kB
20220314 012342.357 INFO             PET0 PIOc_sync Enter - MemInfo: [/proc/meminfo - SSI]	CommittedPercent: 4.83025 %
20220314 012342.357 INFO             PET0 PIOc_sync Enter - MemInfo: [/proc/self/status]	VmPeak:	  277076 kB
20220314 012342.357 INFO             PET0 PIOc_sync Enter - MemInfo: [/proc/self/status]	VmSize:	  277076 kB
20220314 012342.357 INFO             PET0 PIOc_sync Enter - MemInfo: [/proc/self/status]	VmLck:	       0 kB
20220314 012342.357 INFO             PET0 PIOc_sync Enter - MemInfo: [/proc/self/status]	VmPin:	       0 kB
20220314 012342.357 INFO             PET0 PIOc_sync Enter - MemInfo: [/proc/self/status]	VmHWM:	   55200 kB
20220314 012342.357 INFO             PET0 PIOc_sync Enter - MemInfo: [/proc/self/status]	VmRSS:	   55200 kB
20220314 012342.357 INFO             PET0 PIOc_sync Enter - MemInfo: [/proc/self/status]	VmData:	   42116 kB
20220314 012342.357 INFO             PET0 PIOc_sync Enter - MemInfo: [/proc/self/status]	VmStk:	     508 kB
20220314 012342.357 INFO             PET0 PIOc_sync Enter - MemInfo: [/proc/self/status]	VmExe:	    1784 kB
20220314 012342.357 INFO             PET0 PIOc_sync Enter - MemInfo: [/proc/self/status]	VmLib:	  133788 kB
20220314 012342.357 INFO             PET0 PIOc_sync Enter - MemInfo: [/proc/self/status]	VmPTE:	     456 kB
20220314 012342.357 INFO             PET0 PIOc_sync Enter - MemInfo: [/proc/self/status]	VmPMD:	      12 kB
20220314 012342.357 INFO             PET0 PIOc_sync Enter - MemInfo: [/proc/self/status]	VmSwap:	       0 kB
20220314 012342.357 INFO             PET0 PIOc_sync Enter - MemInfo: [/proc/self/status]	VmRSSPercent: 0.0838194 %
20220314 012342.357 INFO             PET0 PIOc_sync Enter - MemInfo: [malloc] Non-mmapped space allocated:                18456576 Byte
20220314 012342.357 INFO             PET0 PIOc_sync Enter - MemInfo: [malloc] Space allocated in mmapped regions:          3219456 Byte
20220314 012342.357 INFO             PET0 PIOc_sync Enter - MemInfo: [malloc] Maximum total allocated space:                     0 Byte
20220314 012342.357 INFO             PET0 PIOc_sync Enter - MemInfo: [malloc] Space in freed fastbin blocks:                     0 Byte
20220314 012342.357 INFO             PET0 PIOc_sync Enter - MemInfo: [malloc] Total allocated space:                       9961536 Byte
20220314 012342.357 INFO             PET0 PIOc_sync Enter - MemInfo: [malloc] Total free space:                            8495040 Byte
20220314 012342.357 INFO             PET0 PIOc_sync Enter - MemInfo: [malloc] Top-most, releasable space:                   133824 Byte
20220314 012342.357 INFO             PET0 PIOc_sync Enter - MemInfo: [malloc] Total space in use, mmap + non-mmap:        13180992 Byte
20220314 012342.357 INFO             PET0 PIOc_sync Enter - MemInfo: [malloc] Total space held (mmap + non-mmap):         21676032 Byte
20220314 012342.357 INFO             PET0 PIOc_sync Enter - MemInfo: [malloc] Total space used (mmap + non-mmap):         13189312 Byte
20220314 012342.357 INFO             PET0 PIOc_sync Enter - MemInfo: Wall-clock time since execution start:               0.103574 seconds
20220314 012342.357 INFO             PET0 PIOc_sync Exit - MemInfo: [/proc/meminfo - SSI]	MemTotal:       65855856 kB
20220314 012342.357 INFO             PET0 PIOc_sync Exit - MemInfo: [/proc/meminfo - SSI]	MemFree:        61048236 kB
20220314 012342.357 INFO             PET0 PIOc_sync Exit - MemInfo: [/proc/meminfo - SSI]	MemAvailable:   60876164 kB
20220314 012342.357 INFO             PET0 PIOc_sync Exit - MemInfo: [/proc/meminfo - SSI]	Committed_AS:    3181000 kB
20220314 012342.357 INFO             PET0 PIOc_sync Exit - MemInfo: [/proc/meminfo - SSI]	CommittedPercent: 4.83025 %
20220314 012342.357 INFO             PET0 PIOc_sync Exit - MemInfo: [/proc/self/status]	VmPeak:	  277076 kB
20220314 012342.357 INFO             PET0 PIOc_sync Exit - MemInfo: [/proc/self/status]	VmSize:	  277076 kB
20220314 012342.357 INFO             PET0 PIOc_sync Exit - MemInfo: [/proc/self/status]	VmLck:	       0 kB
20220314 012342.357 INFO             PET0 PIOc_sync Exit - MemInfo: [/proc/self/status]	VmPin:	       0 kB
20220314 012342.357 INFO             PET0 PIOc_sync Exit - MemInfo: [/proc/self/status]	VmHWM:	   55200 kB
20220314 012342.357 INFO             PET0 PIOc_sync Exit - MemInfo: [/proc/self/status]	VmRSS:	   55200 kB
20220314 012342.357 INFO             PET0 PIOc_sync Exit - MemInfo: [/proc/self/status]	VmData:	   42116 kB
20220314 012342.357 INFO             PET0 PIOc_sync Exit - MemInfo: [/proc/self/status]	VmStk:	     508 kB
20220314 012342.357 INFO             PET0 PIOc_sync Exit - MemInfo: [/proc/self/status]	VmExe:	    1784 kB
20220314 012342.357 INFO             PET0 PIOc_sync Exit - MemInfo: [/proc/self/status]	VmLib:	  133788 kB
20220314 012342.357 INFO             PET0 PIOc_sync Exit - MemInfo: [/proc/self/status]	VmPTE:	     456 kB
20220314 012342.357 INFO             PET0 PIOc_sync Exit - MemInfo: [/proc/self/status]	VmPMD:	      12 kB
20220314 012342.357 INFO             PET0 PIOc_sync Exit - MemInfo: [/proc/self/status]	VmSwap:	       0 kB
20220314 012342.357 INFO             PET0 PIOc_sync Exit - MemInfo: [/proc/self/status]	VmRSSPercent: 0.0838194 %
20220314 012342.357 INFO             PET0 PIOc_sync Exit - MemInfo: [malloc] Non-mmapped space allocated:                18456576 Byte
20220314 012342.357 INFO             PET0 PIOc_sync Exit - MemInfo: [malloc] Space allocated in mmapped regions:          3219456 Byte
20220314 012342.357 INFO             PET0 PIOc_sync Exit - MemInfo: [malloc] Maximum total allocated space:                     0 Byte
20220314 012342.357 INFO             PET0 PIOc_sync Exit - MemInfo: [malloc] Space in freed fastbin blocks:                     0 Byte
20220314 012342.357 INFO             PET0 PIOc_sync Exit - MemInfo: [malloc] Total allocated space:                       9977664 Byte
20220314 012342.357 INFO             PET0 PIOc_sync Exit - MemInfo: [malloc] Total free space:                            8478912 Byte
20220314 012342.357 INFO             PET0 PIOc_sync Exit - MemInfo: [malloc] Top-most, releasable space:                   133824 Byte
20220314 012342.357 INFO             PET0 PIOc_sync Exit - MemInfo: [malloc] Total space in use, mmap + non-mmap:        13197120 Byte
20220314 012342.357 INFO             PET0 PIOc_sync Exit - MemInfo: [malloc] Total space held (mmap + non-mmap):         21676032 Byte
20220314 012342.358 INFO             PET0 PIOc_sync Exit - MemInfo: [malloc] Total space used (mmap + non-mmap):         13205440 Byte
20220314 012342.358 INFO             PET0 PIOc_sync Exit - MemInfo: Wall-clock time since execution start:               0.104076 seconds
20220314 012342.358 INFO             PET0 PIOc_freedecomp Enter - MemInfo: [/proc/meminfo - SSI]	MemTotal:       65855856 kB
20220314 012342.358 INFO             PET0 PIOc_freedecomp Enter - MemInfo: [/proc/meminfo - SSI]	MemFree:        61048236 kB
20220314 012342.358 INFO             PET0 PIOc_freedecomp Enter - MemInfo: [/proc/meminfo - SSI]	MemAvailable:   60876164 kB
20220314 012342.358 INFO             PET0 PIOc_freedecomp Enter - MemInfo: [/proc/meminfo - SSI]	Committed_AS:    3181000 kB
20220314 012342.358 INFO             PET0 PIOc_freedecomp Enter - MemInfo: [/proc/meminfo - SSI]	CommittedPercent: 4.83025 %
20220314 012342.358 INFO             PET0 PIOc_freedecomp Enter - MemInfo: [/proc/self/status]	VmPeak:	  277076 kB
20220314 012342.358 INFO             PET0 PIOc_freedecomp Enter - MemInfo: [/proc/self/status]	VmSize:	  277076 kB
20220314 012342.358 INFO             PET0 PIOc_freedecomp Enter - MemInfo: [/proc/self/status]	VmLck:	       0 kB
20220314 012342.358 INFO             PET0 PIOc_freedecomp Enter - MemInfo: [/proc/self/status]	VmPin:	       0 kB
20220314 012342.358 INFO             PET0 PIOc_freedecomp Enter - MemInfo: [/proc/self/status]	VmHWM:	   55200 kB
20220314 012342.358 INFO             PET0 PIOc_freedecomp Enter - MemInfo: [/proc/self/status]	VmRSS:	   55200 kB
20220314 012342.358 INFO             PET0 PIOc_freedecomp Enter - MemInfo: [/proc/self/status]	VmData:	   42116 kB
20220314 012342.358 INFO             PET0 PIOc_freedecomp Enter - MemInfo: [/proc/self/status]	VmStk:	     508 kB
20220314 012342.358 INFO             PET0 PIOc_freedecomp Enter - MemInfo: [/proc/self/status]	VmExe:	    1784 kB
20220314 012342.358 INFO             PET0 PIOc_freedecomp Enter - MemInfo: [/proc/self/status]	VmLib:	  133788 kB
20220314 012342.358 INFO             PET0 PIOc_freedecomp Enter - MemInfo: [/proc/self/status]	VmPTE:	     456 kB
20220314 012342.358 INFO             PET0 PIOc_freedecomp Enter - MemInfo: [/proc/self/status]	VmPMD:	      12 kB
20220314 012342.358 INFO             PET0 PIOc_freedecomp Enter - MemInfo: [/proc/self/status]	VmSwap:	       0 kB
20220314 012342.358 INFO             PET0 PIOc_freedecomp Enter - MemInfo: [/proc/self/status]	VmRSSPercent: 0.0838194 %
20220314 012342.358 INFO             PET0 PIOc_freedecomp Enter - MemInfo: [malloc] Non-mmapped space allocated:                18456576 Byte
20220314 012342.358 INFO             PET0 PIOc_freedecomp Enter - MemInfo: [malloc] Space allocated in mmapped regions:          3219456 Byte
20220314 012342.358 INFO             PET0 PIOc_freedecomp Enter - MemInfo: [malloc] Maximum total allocated space:                     0 Byte
20220314 012342.358 INFO             PET0 PIOc_freedecomp Enter - MemInfo: [malloc] Space in freed fastbin blocks:                   112 Byte
20220314 012342.358 INFO             PET0 PIOc_freedecomp Enter - MemInfo: [malloc] Total allocated space:                       1053664 Byte
20220314 012342.358 INFO             PET0 PIOc_freedecomp Enter - MemInfo: [malloc] Total free space:                           17402912 Byte
20220314 012342.358 INFO             PET0 PIOc_freedecomp Enter - MemInfo: [malloc] Top-most, releasable space:                  8522448 Byte
20220314 012342.358 INFO             PET0 PIOc_freedecomp Enter - MemInfo: [malloc] Total space in use, mmap + non-mmap:         4273120 Byte
20220314 012342.358 INFO             PET0 PIOc_freedecomp Enter - MemInfo: [malloc] Total space held (mmap + non-mmap):         21676032 Byte
20220314 012342.358 INFO             PET0 PIOc_freedecomp Enter - MemInfo: [malloc] Total space used (mmap + non-mmap):          4281328 Byte
20220314 012342.358 INFO             PET0 PIOc_freedecomp Enter - MemInfo: Wall-clock time since execution start:               0.104734 seconds
20220314 012342.358 INFO             PET0 PIOc_freedecomp Exit - MemInfo: [/proc/meminfo - SSI]	MemTotal:       65855856 kB
20220314 012342.358 INFO             PET0 PIOc_freedecomp Exit - MemInfo: [/proc/meminfo - SSI]	MemFree:        61048236 kB
20220314 012342.358 INFO             PET0 PIOc_freedecomp Exit - MemInfo: [/proc/meminfo - SSI]	MemAvailable:   60876164 kB
20220314 012342.358 INFO             PET0 PIOc_freedecomp Exit - MemInfo: [/proc/meminfo - SSI]	Committed_AS:    3181000 kB
20220314 012342.358 INFO             PET0 PIOc_freedecomp Exit - MemInfo: [/proc/meminfo - SSI]	CommittedPercent: 4.83025 %
20220314 012342.358 INFO             PET0 PIOc_freedecomp Exit - MemInfo: [/proc/self/status]	VmPeak:	  277076 kB
20220314 012342.358 INFO             PET0 PIOc_freedecomp Exit - MemInfo: [/proc/self/status]	VmSize:	  277076 kB
20220314 012342.358 INFO             PET0 PIOc_freedecomp Exit - MemInfo: [/proc/self/status]	VmLck:	       0 kB
20220314 012342.358 INFO             PET0 PIOc_freedecomp Exit - MemInfo: [/proc/self/status]	VmPin:	       0 kB
20220314 012342.358 INFO             PET0 PIOc_freedecomp Exit - MemInfo: [/proc/self/status]	VmHWM:	   55200 kB
20220314 012342.358 INFO             PET0 PIOc_freedecomp Exit - MemInfo: [/proc/self/status]	VmRSS:	   55200 kB
20220314 012342.358 INFO             PET0 PIOc_freedecomp Exit - MemInfo: [/proc/self/status]	VmData:	   42116 kB
20220314 012342.358 INFO             PET0 PIOc_freedecomp Exit - MemInfo: [/proc/self/status]	VmStk:	     508 kB
20220314 012342.358 INFO             PET0 PIOc_freedecomp Exit - MemInfo: [/proc/self/status]	VmExe:	    1784 kB
20220314 012342.358 INFO             PET0 PIOc_freedecomp Exit - MemInfo: [/proc/self/status]	VmLib:	  133788 kB
20220314 012342.358 INFO             PET0 PIOc_freedecomp Exit - MemInfo: [/proc/self/status]	VmPTE:	     456 kB
20220314 012342.358 INFO             PET0 PIOc_freedecomp Exit - MemInfo: [/proc/self/status]	VmPMD:	      12 kB
20220314 012342.358 INFO             PET0 PIOc_freedecomp Exit - MemInfo: [/proc/self/status]	VmSwap:	       0 kB
20220314 012342.358 INFO             PET0 PIOc_freedecomp Exit - MemInfo: [/proc/self/status]	VmRSSPercent: 0.0838194 %
20220314 012342.358 INFO             PET0 PIOc_freedecomp Exit - MemInfo: [malloc] Non-mmapped space allocated:                18456576 Byte
20220314 012342.359 INFO             PET0 PIOc_freedecomp Exit - MemInfo: [malloc] Space allocated in mmapped regions:          3219456 Byte
20220314 012342.359 INFO             PET0 PIOc_freedecomp Exit - MemInfo: [malloc] Maximum total allocated space:                     0 Byte
20220314 012342.359 INFO             PET0 PIOc_freedecomp Exit - MemInfo: [malloc] Space in freed fastbin blocks:                   528 Byte
20220314 012342.359 INFO             PET0 PIOc_freedecomp Exit - MemInfo: [malloc] Total allocated space:                       1049520 Byte
20220314 012342.359 INFO             PET0 PIOc_freedecomp Exit - MemInfo: [malloc] Total free space:                           17407056 Byte
20220314 012342.359 INFO             PET0 PIOc_freedecomp Exit - MemInfo: [malloc] Top-most, releasable space:                  8522448 Byte
20220314 012342.359 INFO             PET0 PIOc_freedecomp Exit - MemInfo: [malloc] Total space in use, mmap + non-mmap:         4268976 Byte
20220314 012342.359 INFO             PET0 PIOc_freedecomp Exit - MemInfo: [malloc] Total space held (mmap + non-mmap):         21676032 Byte
20220314 012342.359 INFO             PET0 PIOc_freedecomp Exit - MemInfo: [malloc] Total space used (mmap + non-mmap):          4277184 Byte
20220314 012342.359 INFO             PET0 PIOc_freedecomp Exit - MemInfo: Wall-clock time since execution start:               0.105177 seconds
20220314 012342.359 INFO             PET0  PASS  Write Field to NetCDF file, ESMF_FieldIOUTest.F90, line 348
20220314 012342.360 INFO             PET0  PASS  Confirm NetCDF metadata - open file, ESMF_FieldIOUTest.F90, line 359
20220314 012342.360 INFO             PET0  PASS  Confirm NetCDF metadata - check dim 1, ESMF_FieldIOUTest.F90, line 369
20220314 012342.360 INFO             PET0  PASS  Confirm NetCDF metadata - check dim 1 len, ESMF_FieldIOUTest.F90, line 379
20220314 012342.360 INFO             PET0  PASS  Confirm NetCDF metadata - check dim 2, ESMF_FieldIOUTest.F90, line 389
20220314 012342.360 INFO             PET0  PASS  Confirm NetCDF metadata - check dim 2 len, ESMF_FieldIOUTest.F90, line 399
20220314 012342.360 INFO             PET0  PASS  Confirm NetCDF metadata - variable exists, ESMF_FieldIOUTest.F90, line 409
20220314 012342.360 INFO             PET0  PASS  Confirm NetCDF metadata - variable has expected dims, ESMF_FieldIOUTest.F90, line 420
20220314 012342.360 INFO             PET0  PASS  Confirm NetCDF data - check data for field, ESMF_FieldIOUTest.F90, line 445
20220314 012342.360 INFO             PET0  PASS  Confirm NetCDF data - close file, ESMF_FieldIOUTest.F90, line 456
20220314 012342.370 INFO             PET0 PIOc_sync Enter - MemInfo: [/proc/meminfo - SSI]	MemTotal:       65855856 kB
20220314 012342.370 INFO             PET0 PIOc_sync Enter - MemInfo: [/proc/meminfo - SSI]	MemFree:        61043696 kB
20220314 012342.370 INFO             PET0 PIOc_sync Enter - MemInfo: [/proc/meminfo - SSI]	MemAvailable:   60871624 kB
20220314 012342.370 INFO             PET0 PIOc_sync Enter - MemInfo: [/proc/meminfo - SSI]	Committed_AS:    3183328 kB
20220314 012342.370 INFO             PET0 PIOc_sync Enter - MemInfo: [/proc/meminfo - SSI]	CommittedPercent: 4.83378 %
20220314 012342.370 INFO             PET0 PIOc_sync Enter - MemInfo: [/proc/self/status]	VmPeak:	  277076 kB
20220314 012342.370 INFO             PET0 PIOc_sync Enter - MemInfo: [/proc/self/status]	VmSize:	  277076 kB
20220314 012342.370 INFO             PET0 PIOc_sync Enter - MemInfo: [/proc/self/status]	VmLck:	       0 kB
20220314 012342.370 INFO             PET0 PIOc_sync Enter - MemInfo: [/proc/self/status]	VmPin:	       0 kB
20220314 012342.370 INFO             PET0 PIOc_sync Enter - MemInfo: [/proc/self/status]	VmHWM:	   55200 kB
20220314 012342.370 INFO             PET0 PIOc_sync Enter - MemInfo: [/proc/self/status]	VmRSS:	   55200 kB
20220314 012342.370 INFO             PET0 PIOc_sync Enter - MemInfo: [/proc/self/status]	VmData:	   42116 kB
20220314 012342.370 INFO             PET0 PIOc_sync Enter - MemInfo: [/proc/self/status]	VmStk:	     508 kB
20220314 012342.370 INFO             PET0 PIOc_sync Enter - MemInfo: [/proc/self/status]	VmExe:	    1784 kB
20220314 012342.370 INFO             PET0 PIOc_sync Enter - MemInfo: [/proc/self/status]	VmLib:	  133788 kB
20220314 012342.370 INFO             PET0 PIOc_sync Enter - MemInfo: [/proc/self/status]	VmPTE:	     460 kB
20220314 012342.370 INFO             PET0 PIOc_sync Enter - MemInfo: [/proc/self/status]	VmPMD:	      12 kB
20220314 012342.370 INFO             PET0 PIOc_sync Enter - MemInfo: [/proc/self/status]	VmSwap:	       0 kB
20220314 012342.370 INFO             PET0 PIOc_sync Enter - MemInfo: [/proc/self/status]	VmRSSPercent: 0.0838194 %
20220314 012342.370 INFO             PET0 PIOc_sync Enter - MemInfo: [malloc] Non-mmapped space allocated:                18456576 Byte
20220314 012342.370 INFO             PET0 PIOc_sync Enter - MemInfo: [malloc] Space allocated in mmapped regions:          3219456 Byte
20220314 012342.370 INFO             PET0 PIOc_sync Enter - MemInfo: [malloc] Maximum total allocated space:                     0 Byte
20220314 012342.370 INFO             PET0 PIOc_sync Enter - MemInfo: [malloc] Space in freed fastbin blocks:                     0 Byte
20220314 012342.370 INFO             PET0 PIOc_sync Enter - MemInfo: [malloc] Total allocated space:                       9981936 Byte
20220314 012342.370 INFO             PET0 PIOc_sync Enter - MemInfo: [malloc] Total free space:                            8474640 Byte
20220314 012342.370 INFO             PET0 PIOc_sync Enter - MemInfo: [malloc] Top-most, releasable space:                   133824 Byte
20220314 012342.370 INFO             PET0 PIOc_sync Enter - MemInfo: [malloc] Total space in use, mmap + non-mmap:        13201392 Byte
20220314 012342.370 INFO             PET0 PIOc_sync Enter - MemInfo: [malloc] Total space held (mmap + non-mmap):         21676032 Byte
20220314 012342.370 INFO             PET0 PIOc_sync Enter - MemInfo: [malloc] Total space used (mmap + non-mmap):         13209712 Byte
20220314 012342.370 INFO             PET0 PIOc_sync Enter - MemInfo: Wall-clock time since execution start:               0.117034 seconds
20220314 012342.371 INFO             PET0 PIOc_sync Exit - MemInfo: [/proc/meminfo - SSI]	MemTotal:       65855856 kB
20220314 012342.371 INFO             PET0 PIOc_sync Exit - MemInfo: [/proc/meminfo - SSI]	MemFree:        61043696 kB
20220314 012342.371 INFO             PET0 PIOc_sync Exit - MemInfo: [/proc/meminfo - SSI]	MemAvailable:   60871624 kB
20220314 012342.371 INFO             PET0 PIOc_sync Exit - MemInfo: [/proc/meminfo - SSI]	Committed_AS:    3183328 kB
20220314 012342.371 INFO             PET0 PIOc_sync Exit - MemInfo: [/proc/meminfo - SSI]	CommittedPercent: 4.83378 %
20220314 012342.371 INFO             PET0 PIOc_sync Exit - MemInfo: [/proc/self/status]	VmPeak:	  277076 kB
20220314 012342.371 INFO             PET0 PIOc_sync Exit - MemInfo: [/proc/self/status]	VmSize:	  277076 kB
20220314 012342.371 INFO             PET0 PIOc_sync Exit - MemInfo: [/proc/self/status]	VmLck:	       0 kB
20220314 012342.371 INFO             PET0 PIOc_sync Exit - MemInfo: [/proc/self/status]	VmPin:	       0 kB
20220314 012342.371 INFO             PET0 PIOc_sync Exit - MemInfo: [/proc/self/status]	VmHWM:	   55200 kB
20220314 012342.371 INFO             PET0 PIOc_sync Exit - MemInfo: [/proc/self/status]	VmRSS:	   55200 kB
20220314 012342.371 INFO             PET0 PIOc_sync Exit - MemInfo: [/proc/self/status]	VmData:	   42116 kB
20220314 012342.371 INFO             PET0 PIOc_sync Exit - MemInfo: [/proc/self/status]	VmStk:	     508 kB
20220314 012342.371 INFO             PET0 PIOc_sync Exit - MemInfo: [/proc/self/status]	VmExe:	    1784 kB
20220314 012342.371 INFO             PET0 PIOc_sync Exit - MemInfo: [/proc/self/status]	VmLib:	  133788 kB
20220314 012342.371 INFO             PET0 PIOc_sync Exit - MemInfo: [/proc/self/status]	VmPTE:	     464 kB
20220314 012342.371 INFO             PET0 PIOc_sync Exit - MemInfo: [/proc/self/status]	VmPMD:	      12 kB
20220314 012342.371 INFO             PET0 PIOc_sync Exit - MemInfo: [/proc/self/status]	VmSwap:	       0 kB
20220314 012342.371 INFO             PET0 PIOc_sync Exit - MemInfo: [/proc/self/status]	VmRSSPercent: 0.0838194 %
20220314 012342.371 INFO             PET0 PIOc_sync Exit - MemInfo: [malloc] Non-mmapped space allocated:                18456576 Byte
20220314 012342.371 INFO             PET0 PIOc_sync Exit - MemInfo: [malloc] Space allocated in mmapped regions:          3219456 Byte
20220314 012342.371 INFO             PET0 PIOc_sync Exit - MemInfo: [malloc] Maximum total allocated space:                     0 Byte
20220314 012342.371 INFO             PET0 PIOc_sync Exit - MemInfo: [malloc] Space in freed fastbin blocks:                     0 Byte
20220314 012342.371 INFO             PET0 PIOc_sync Exit - MemInfo: [malloc] Total allocated space:                       9983168 Byte
20220314 012342.371 INFO             PET0 PIOc_sync Exit - MemInfo: [malloc] Total free space:                            8473408 Byte
20220314 012342.371 INFO             PET0 PIOc_sync Exit - MemInfo: [malloc] Top-most, releasable space:                   133824 Byte
20220314 012342.371 INFO             PET0 PIOc_sync Exit - MemInfo: [malloc] Total space in use, mmap + non-mmap:        13202624 Byte
20220314 012342.371 INFO             PET0 PIOc_sync Exit - MemInfo: [malloc] Total space held (mmap + non-mmap):         21676032 Byte
20220314 012342.371 INFO             PET0 PIOc_sync Exit - MemInfo: [malloc] Total space used (mmap + non-mmap):         13210944 Byte
20220314 012342.371 INFO             PET0 PIOc_sync Exit - MemInfo: Wall-clock time since execution start:               0.117583 seconds
20220314 012342.371 INFO             PET0 PIOc_freedecomp Enter - MemInfo: [/proc/meminfo - SSI]	MemTotal:       65855856 kB
20220314 012342.371 INFO             PET0 PIOc_freedecomp Enter - MemInfo: [/proc/meminfo - SSI]	MemFree:        61043696 kB
20220314 012342.371 INFO             PET0 PIOc_freedecomp Enter - MemInfo: [/proc/meminfo - SSI]	MemAvailable:   60871624 kB
20220314 012342.371 INFO             PET0 PIOc_freedecomp Enter - MemInfo: [/proc/meminfo - SSI]	Committed_AS:    3183328 kB
20220314 012342.371 INFO             PET0 PIOc_freedecomp Enter - MemInfo: [/proc/meminfo - SSI]	CommittedPercent: 4.83378 %
20220314 012342.371 INFO             PET0 PIOc_freedecomp Enter - MemInfo: [/proc/self/status]	VmPeak:	  277076 kB
20220314 012342.371 INFO             PET0 PIOc_freedecomp Enter - MemInfo: [/proc/self/status]	VmSize:	  277076 kB
20220314 012342.371 INFO             PET0 PIOc_freedecomp Enter - MemInfo: [/proc/self/status]	VmLck:	       0 kB
20220314 012342.371 INFO             PET0 PIOc_freedecomp Enter - MemInfo: [/proc/self/status]	VmPin:	       0 kB
20220314 012342.371 INFO             PET0 PIOc_freedecomp Enter - MemInfo: [/proc/self/status]	VmHWM:	   55200 kB
20220314 012342.371 INFO             PET0 PIOc_freedecomp Enter - MemInfo: [/proc/self/status]	VmRSS:	   55200 kB
20220314 012342.371 INFO             PET0 PIOc_freedecomp Enter - MemInfo: [/proc/self/status]	VmData:	   42116 kB
20220314 012342.371 INFO             PET0 PIOc_freedecomp Enter - MemInfo: [/proc/self/status]	VmStk:	     508 kB
20220314 012342.371 INFO             PET0 PIOc_freedecomp Enter - MemInfo: [/proc/self/status]	VmExe:	    1784 kB
20220314 012342.371 INFO             PET0 PIOc_freedecomp Enter - MemInfo: [/proc/self/status]	VmLib:	  133788 kB
20220314 012342.371 INFO             PET0 PIOc_freedecomp Enter - MemInfo: [/proc/self/status]	VmPTE:	     464 kB
20220314 012342.371 INFO             PET0 PIOc_freedecomp Enter - MemInfo: [/proc/self/status]	VmPMD:	      12 kB
20220314 012342.371 INFO             PET0 PIOc_freedecomp Enter - MemInfo: [/proc/self/status]	VmSwap:	       0 kB
20220314 012342.372 INFO             PET0 PIOc_freedecomp Enter - MemInfo: [/proc/self/status]	VmRSSPercent: 0.0838194 %
20220314 012342.372 INFO             PET0 PIOc_freedecomp Enter - MemInfo: [malloc] Non-mmapped space allocated:                18456576 Byte
20220314 012342.372 INFO             PET0 PIOc_freedecomp Enter - MemInfo: [malloc] Space allocated in mmapped regions:          3219456 Byte
20220314 012342.372 INFO             PET0 PIOc_freedecomp Enter - MemInfo: [malloc] Maximum total allocated space:                     0 Byte
20220314 012342.372 INFO             PET0 PIOc_freedecomp Enter - MemInfo: [malloc] Space in freed fastbin blocks:                   112 Byte
20220314 012342.372 INFO             PET0 PIOc_freedecomp Enter - MemInfo: [malloc] Total allocated space:                       1059024 Byte
20220314 012342.372 INFO             PET0 PIOc_freedecomp Enter - MemInfo: [malloc] Total free space:                           17397552 Byte
20220314 012342.372 INFO             PET0 PIOc_freedecomp Enter - MemInfo: [malloc] Top-most, releasable space:                  8522448 Byte
20220314 012342.372 INFO             PET0 PIOc_freedecomp Enter - MemInfo: [malloc] Total space in use, mmap + non-mmap:         4278480 Byte
20220314 012342.372 INFO             PET0 PIOc_freedecomp Enter - MemInfo: [malloc] Total space held (mmap + non-mmap):         21676032 Byte
20220314 012342.372 INFO             PET0 PIOc_freedecomp Enter - MemInfo: [malloc] Total space used (mmap + non-mmap):          4286688 Byte
20220314 012342.372 INFO             PET0 PIOc_freedecomp Enter - MemInfo: Wall-clock time since execution start:               0.118206 seconds
20220314 012342.372 INFO             PET0 PIOc_freedecomp Exit - MemInfo: [/proc/meminfo - SSI]	MemTotal:       65855856 kB
20220314 012342.372 INFO             PET0 PIOc_freedecomp Exit - MemInfo: [/proc/meminfo - SSI]	MemFree:        61043696 kB
20220314 012342.372 INFO             PET0 PIOc_freedecomp Exit - MemInfo: [/proc/meminfo - SSI]	MemAvailable:   60871624 kB
20220314 012342.372 INFO             PET0 PIOc_freedecomp Exit - MemInfo: [/proc/meminfo - SSI]	Committed_AS:    3183328 kB
20220314 012342.372 INFO             PET0 PIOc_freedecomp Exit - MemInfo: [/proc/meminfo - SSI]	CommittedPercent: 4.83378 %
20220314 012342.372 INFO             PET0 PIOc_freedecomp Exit - MemInfo: [/proc/self/status]	VmPeak:	  277076 kB
20220314 012342.372 INFO             PET0 PIOc_freedecomp Exit - MemInfo: [/proc/self/status]	VmSize:	  277076 kB
20220314 012342.372 INFO             PET0 PIOc_freedecomp Exit - MemInfo: [/proc/self/status]	VmLck:	       0 kB
20220314 012342.372 INFO             PET0 PIOc_freedecomp Exit - MemInfo: [/proc/self/status]	VmPin:	       0 kB
20220314 012342.372 INFO             PET0 PIOc_freedecomp Exit - MemInfo: [/proc/self/status]	VmHWM:	   55200 kB
20220314 012342.372 INFO             PET0 PIOc_freedecomp Exit - MemInfo: [/proc/self/status]	VmRSS:	   55200 kB
20220314 012342.372 INFO             PET0 PIOc_freedecomp Exit - MemInfo: [/proc/self/status]	VmData:	   42116 kB
20220314 012342.372 INFO             PET0 PIOc_freedecomp Exit - MemInfo: [/proc/self/status]	VmStk:	     508 kB
20220314 012342.372 INFO             PET0 PIOc_freedecomp Exit - MemInfo: [/proc/self/status]	VmExe:	    1784 kB
20220314 012342.372 INFO             PET0 PIOc_freedecomp Exit - MemInfo: [/proc/self/status]	VmLib:	  133788 kB
20220314 012342.372 INFO             PET0 PIOc_freedecomp Exit - MemInfo: [/proc/self/status]	VmPTE:	     464 kB
20220314 012342.372 INFO             PET0 PIOc_freedecomp Exit - MemInfo: [/proc/self/status]	VmPMD:	      12 kB
20220314 012342.372 INFO             PET0 PIOc_freedecomp Exit - MemInfo: [/proc/self/status]	VmSwap:	       0 kB
20220314 012342.372 INFO             PET0 PIOc_freedecomp Exit - MemInfo: [/proc/self/status]	VmRSSPercent: 0.0838194 %
20220314 012342.372 INFO             PET0 PIOc_freedecomp Exit - MemInfo: [malloc] Non-mmapped space allocated:                18456576 Byte
20220314 012342.372 INFO             PET0 PIOc_freedecomp Exit - MemInfo: [malloc] Space allocated in mmapped regions:          3219456 Byte
20220314 012342.372 INFO             PET0 PIOc_freedecomp Exit - MemInfo: [malloc] Maximum total allocated space:                     0 Byte
20220314 012342.372 INFO             PET0 PIOc_freedecomp Exit - MemInfo: [malloc] Space in freed fastbin blocks:                   720 Byte
20220314 012342.372 INFO             PET0 PIOc_freedecomp Exit - MemInfo: [malloc] Total allocated space:                       1056208 Byte
20220314 012342.372 INFO             PET0 PIOc_freedecomp Exit - MemInfo: [malloc] Total free space:                           17400368 Byte
20220314 012342.372 INFO             PET0 PIOc_freedecomp Exit - MemInfo: [malloc] Top-most, releasable space:                  8522448 Byte
20220314 012342.372 INFO             PET0 PIOc_freedecomp Exit - MemInfo: [malloc] Total space in use, mmap + non-mmap:         4275664 Byte
20220314 012342.372 INFO             PET0 PIOc_freedecomp Exit - MemInfo: [malloc] Total space held (mmap + non-mmap):         21676032 Byte
20220314 012342.372 INFO             PET0 PIOc_freedecomp Exit - MemInfo: [malloc] Total space used (mmap + non-mmap):          4283872 Byte
20220314 012342.372 INFO             PET0 PIOc_freedecomp Exit - MemInfo: Wall-clock time since execution start:               0.118632 seconds
20220314 012342.388 INFO             PET0 PIOc_sync Enter - MemInfo: [/proc/meminfo - SSI]	MemTotal:       65855856 kB
20220314 012342.388 INFO             PET0 PIOc_sync Enter - MemInfo: [/proc/meminfo - SSI]	MemFree:        61043696 kB
20220314 012342.388 INFO             PET0 PIOc_sync Enter - MemInfo: [/proc/meminfo - SSI]	MemAvailable:   60871624 kB
20220314 012342.388 INFO             PET0 PIOc_sync Enter - MemInfo: [/proc/meminfo - SSI]	Committed_AS:    3183328 kB
20220314 012342.388 INFO             PET0 PIOc_sync Enter - MemInfo: [/proc/meminfo - SSI]	CommittedPercent: 4.83378 %
20220314 012342.388 INFO             PET0 PIOc_sync Enter - MemInfo: [/proc/self/status]	VmPeak:	  277076 kB
20220314 012342.388 INFO             PET0 PIOc_sync Enter - MemInfo: [/proc/self/status]	VmSize:	  277076 kB
20220314 012342.388 INFO             PET0 PIOc_sync Enter - MemInfo: [/proc/self/status]	VmLck:	       0 kB
20220314 012342.388 INFO             PET0 PIOc_sync Enter - MemInfo: [/proc/self/status]	VmPin:	       0 kB
20220314 012342.388 INFO             PET0 PIOc_sync Enter - MemInfo: [/proc/self/status]	VmHWM:	   55444 kB
20220314 012342.388 INFO             PET0 PIOc_sync Enter - MemInfo: [/proc/self/status]	VmRSS:	   55444 kB
20220314 012342.388 INFO             PET0 PIOc_sync Enter - MemInfo: [/proc/self/status]	VmData:	   42116 kB
20220314 012342.388 INFO             PET0 PIOc_sync Enter - MemInfo: [/proc/self/status]	VmStk:	     508 kB
20220314 012342.388 INFO             PET0 PIOc_sync Enter - MemInfo: [/proc/self/status]	VmExe:	    1784 kB
20220314 012342.388 INFO             PET0 PIOc_sync Enter - MemInfo: [/proc/self/status]	VmLib:	  133788 kB
20220314 012342.388 INFO             PET0 PIOc_sync Enter - MemInfo: [/proc/self/status]	VmPTE:	     468 kB
20220314 012342.388 INFO             PET0 PIOc_sync Enter - MemInfo: [/proc/self/status]	VmPMD:	      12 kB
20220314 012342.388 INFO             PET0 PIOc_sync Enter - MemInfo: [/proc/self/status]	VmSwap:	       0 kB
20220314 012342.388 INFO             PET0 PIOc_sync Enter - MemInfo: [/proc/self/status]	VmRSSPercent: 0.0841899 %
20220314 012342.388 INFO             PET0 PIOc_sync Enter - MemInfo: [malloc] Non-mmapped space allocated:                18456576 Byte
20220314 012342.388 INFO             PET0 PIOc_sync Enter - MemInfo: [malloc] Space allocated in mmapped regions:          3219456 Byte
20220314 012342.388 INFO             PET0 PIOc_sync Enter - MemInfo: [malloc] Maximum total allocated space:                     0 Byte
20220314 012342.388 INFO             PET0 PIOc_sync Enter - MemInfo: [malloc] Space in freed fastbin blocks:                     0 Byte
20220314 012342.388 INFO             PET0 PIOc_sync Enter - MemInfo: [malloc] Total allocated space:                       9988560 Byte
20220314 012342.388 INFO             PET0 PIOc_sync Enter - MemInfo: [malloc] Total free space:                            8468016 Byte
20220314 012342.388 INFO             PET0 PIOc_sync Enter - MemInfo: [malloc] Top-most, releasable space:                   133824 Byte
20220314 012342.388 INFO             PET0 PIOc_sync Enter - MemInfo: [malloc] Total space in use, mmap + non-mmap:        13208016 Byte
20220314 012342.388 INFO             PET0 PIOc_sync Enter - MemInfo: [malloc] Total space held (mmap + non-mmap):         21676032 Byte
20220314 012342.388 INFO             PET0 PIOc_sync Enter - MemInfo: [malloc] Total space used (mmap + non-mmap):         13216464 Byte
20220314 012342.388 INFO             PET0 PIOc_sync Enter - MemInfo: Wall-clock time since execution start:               0.134789 seconds
20220314 012342.388 INFO             PET0 PIOc_sync Exit - MemInfo: [/proc/meminfo - SSI]	MemTotal:       65855856 kB
20220314 012342.388 INFO             PET0 PIOc_sync Exit - MemInfo: [/proc/meminfo - SSI]	MemFree:        61043696 kB
20220314 012342.388 INFO             PET0 PIOc_sync Exit - MemInfo: [/proc/meminfo - SSI]	MemAvailable:   60871624 kB
20220314 012342.388 INFO             PET0 PIOc_sync Exit - MemInfo: [/proc/meminfo - SSI]	Committed_AS:    3183328 kB
20220314 012342.388 INFO             PET0 PIOc_sync Exit - MemInfo: [/proc/meminfo - SSI]	CommittedPercent: 4.83378 %
20220314 012342.388 INFO             PET0 PIOc_sync Exit - MemInfo: [/proc/self/status]	VmPeak:	  277076 kB
20220314 012342.388 INFO             PET0 PIOc_sync Exit - MemInfo: [/proc/self/status]	VmSize:	  277076 kB
20220314 012342.388 INFO             PET0 PIOc_sync Exit - MemInfo: [/proc/self/status]	VmLck:	       0 kB
20220314 012342.388 INFO             PET0 PIOc_sync Exit - MemInfo: [/proc/self/status]	VmPin:	       0 kB
20220314 012342.388 INFO             PET0 PIOc_sync Exit - MemInfo: [/proc/self/status]	VmHWM:	   55444 kB
20220314 012342.389 INFO             PET0 PIOc_sync Exit - MemInfo: [/proc/self/status]	VmRSS:	   55444 kB
20220314 012342.389 INFO             PET0 PIOc_sync Exit - MemInfo: [/proc/self/status]	VmData:	   42116 kB
20220314 012342.389 INFO             PET0 PIOc_sync Exit - MemInfo: [/proc/self/status]	VmStk:	     508 kB
20220314 012342.389 INFO             PET0 PIOc_sync Exit - MemInfo: [/proc/self/status]	VmExe:	    1784 kB
20220314 012342.389 INFO             PET0 PIOc_sync Exit - MemInfo: [/proc/self/status]	VmLib:	  133788 kB
20220314 012342.389 INFO             PET0 PIOc_sync Exit - MemInfo: [/proc/self/status]	VmPTE:	     468 kB
20220314 012342.389 INFO             PET0 PIOc_sync Exit - MemInfo: [/proc/self/status]	VmPMD:	      12 kB
20220314 012342.389 INFO             PET0 PIOc_sync Exit - MemInfo: [/proc/self/status]	VmSwap:	       0 kB
20220314 012342.389 INFO             PET0 PIOc_sync Exit - MemInfo: [/proc/self/status]	VmRSSPercent: 0.0841899 %
20220314 012342.389 INFO             PET0 PIOc_sync Exit - MemInfo: [malloc] Non-mmapped space allocated:                18456576 Byte
20220314 012342.389 INFO             PET0 PIOc_sync Exit - MemInfo: [malloc] Space allocated in mmapped regions:          3219456 Byte
20220314 012342.389 INFO             PET0 PIOc_sync Exit - MemInfo: [malloc] Maximum total allocated space:                     0 Byte
20220314 012342.389 INFO             PET0 PIOc_sync Exit - MemInfo: [malloc] Space in freed fastbin blocks:                     0 Byte
20220314 012342.389 INFO             PET0 PIOc_sync Exit - MemInfo: [malloc] Total allocated space:                       9989904 Byte
20220314 012342.389 INFO             PET0 PIOc_sync Exit - MemInfo: [malloc] Total free space:                            8466672 Byte
20220314 012342.389 INFO             PET0 PIOc_sync Exit - MemInfo: [malloc] Top-most, releasable space:                   133824 Byte
20220314 012342.389 INFO             PET0 PIOc_sync Exit - MemInfo: [malloc] Total space in use, mmap + non-mmap:        13209360 Byte
20220314 012342.389 INFO             PET0 PIOc_sync Exit - MemInfo: [malloc] Total space held (mmap + non-mmap):         21676032 Byte
