build time -- 2022-03-11 23:57:54
20220312 001520.739 INFO             PET0 !!!!!!!!!!!!!!!!!!!!!!!!!!!!!!!!!!!!!!!!!!!!!!!!!!!!!!
20220312 001520.741 INFO             PET0 !!! THE ESMF_LOG IS SET TO OUTPUT ALL LOG MESSAGES !!!
20220312 001520.741 INFO             PET0 !!!     THIS MAY CAUSE SLOWDOWN IN PERFORMANCE     !!!
20220312 001520.741 INFO             PET0 !!! FOR PRODUCTION RUNS, USE:                      !!!
20220312 001520.741 INFO             PET0 !!!                   ESMF_LOGKIND_Multi_On_Error  !!!
20220312 001520.741 INFO             PET0 !!!!!!!!!!!!!!!!!!!!!!!!!!!!!!!!!!!!!!!!!!!!!!!!!!!!!!
20220312 001520.741 INFO             PET0 Running with ESMF Version   : v8.3.0b09-96-g559b459836
20220312 001520.742 INFO             PET0 ESMF library build date/time: "Mar 11 2022" "23:55:33"
20220312 001520.742 INFO             PET0 ESMF library build location : /lustre/f2/dev/ncep/Mark.Potts/intel_2019.5_mpi_g_jedwards_pio_update2
20220312 001520.742 INFO             PET0 ESMF_COMM                   : mpi
20220312 001520.745 INFO             PET0 ESMF_MOAB                   : enabled
20220312 001520.745 INFO             PET0 ESMF_LAPACK                 : enabled
20220312 001520.745 INFO             PET0 ESMF_NETCDF                 : enabled
20220312 001520.745 INFO             PET0 ESMF_PNETCDF                : disabled
20220312 001520.745 INFO             PET0 ESMF_PIO                    : enabled
20220312 001520.745 INFO             PET0 ESMF_YAMLCPP                : enabled
20220312 001520.754 INFO             PET0  Beginning Test, file ESMF_IOUTest.F90, line 57
20220312 001520.754 INFO             PET0  NUMBER_OF_PROCESSORS           4
20220312 001520.754 INFO             PET0 Starting Test:  ESMF_OutputWeightFile
20220312 001520.829 INFO             PET0 PIOc_sync Enter - MemInfo: [/proc/meminfo - SSI]	MemTotal:       65855856 kB
20220312 001520.829 INFO             PET0 PIOc_sync Enter - MemInfo: [/proc/meminfo - SSI]	MemFree:        61114368 kB
20220312 001520.829 INFO             PET0 PIOc_sync Enter - MemInfo: [/proc/meminfo - SSI]	MemAvailable:   60922220 kB
20220312 001520.829 INFO             PET0 PIOc_sync Enter - MemInfo: [/proc/meminfo - SSI]	Committed_AS:    3171336 kB
20220312 001520.829 INFO             PET0 PIOc_sync Enter - MemInfo: [/proc/meminfo - SSI]	CommittedPercent: 4.81557 %
20220312 001520.829 INFO             PET0 PIOc_sync Enter - MemInfo: [/proc/self/status]	VmPeak:	  268664 kB
20220312 001520.829 INFO             PET0 PIOc_sync Enter - MemInfo: [/proc/self/status]	VmSize:	  268664 kB
20220312 001520.829 INFO             PET0 PIOc_sync Enter - MemInfo: [/proc/self/status]	VmLck:	       0 kB
20220312 001520.829 INFO             PET0 PIOc_sync Enter - MemInfo: [/proc/self/status]	VmPin:	       0 kB
20220312 001520.829 INFO             PET0 PIOc_sync Enter - MemInfo: [/proc/self/status]	VmHWM:	   45392 kB
20220312 001520.829 INFO             PET0 PIOc_sync Enter - MemInfo: [/proc/self/status]	VmRSS:	   45392 kB
20220312 001520.829 INFO             PET0 PIOc_sync Enter - MemInfo: [/proc/self/status]	VmData:	   33624 kB
20220312 001520.829 INFO             PET0 PIOc_sync Enter - MemInfo: [/proc/self/status]	VmStk:	     508 kB
20220312 001520.829 INFO             PET0 PIOc_sync Enter - MemInfo: [/proc/self/status]	VmExe:	    1832 kB
20220312 001520.829 INFO             PET0 PIOc_sync Enter - MemInfo: [/proc/self/status]	VmLib:	  133788 kB
20220312 001520.829 INFO             PET0 PIOc_sync Enter - MemInfo: [/proc/self/status]	VmPTE:	     420 kB
20220312 001520.829 INFO             PET0 PIOc_sync Enter - MemInfo: [/proc/self/status]	VmPMD:	      12 kB
20220312 001520.829 INFO             PET0 PIOc_sync Enter - MemInfo: [/proc/self/status]	VmSwap:	       0 kB
20220312 001520.829 INFO             PET0 PIOc_sync Enter - MemInfo: [/proc/self/status]	VmRSSPercent: 0.0689263 %
20220312 001520.829 INFO             PET0 PIOc_sync Enter - MemInfo: [malloc] Non-mmapped space allocated:                 1048576 Byte
20220312 001520.829 INFO             PET0 PIOc_sync Enter - MemInfo: [malloc] Space allocated in mmapped regions:         11808768 Byte
20220312 001520.830 INFO             PET0 PIOc_sync Enter - MemInfo: [malloc] Maximum total allocated space:                     0 Byte
20220312 001520.830 INFO             PET0 PIOc_sync Enter - MemInfo: [malloc] Space in freed fastbin blocks:                     0 Byte
20220312 001520.830 INFO             PET0 PIOc_sync Enter - MemInfo: [malloc] Total allocated space:                        930384 Byte
20220312 001520.830 INFO             PET0 PIOc_sync Enter - MemInfo: [malloc] Total free space:                             118192 Byte
20220312 001520.831 INFO             PET0 PIOc_sync Enter - MemInfo: [malloc] Top-most, releasable space:                   118192 Byte
20220312 001520.831 INFO             PET0 PIOc_sync Enter - MemInfo: [malloc] Total space in use, mmap + non-mmap:        12739152 Byte
20220312 001520.831 INFO             PET0 PIOc_sync Enter - MemInfo: [malloc] Total space held (mmap + non-mmap):         12857344 Byte
20220312 001520.831 INFO             PET0 PIOc_sync Enter - MemInfo: [malloc] Total space used (mmap + non-mmap):         12748768 Byte
20220312 001520.832 INFO             PET0 PIOc_sync Enter - MemInfo: Wall-clock time since execution start:               0.115954 seconds
20220312 001520.832 INFO             PET0 PIOc_sync Exit - MemInfo: [/proc/meminfo - SSI]	MemTotal:       65855856 kB
20220312 001520.832 INFO             PET0 PIOc_sync Exit - MemInfo: [/proc/meminfo - SSI]	MemFree:        61113864 kB
20220312 001520.832 INFO             PET0 PIOc_sync Exit - MemInfo: [/proc/meminfo - SSI]	MemAvailable:   60921716 kB
20220312 001520.832 INFO             PET0 PIOc_sync Exit - MemInfo: [/proc/meminfo - SSI]	Committed_AS:    3171336 kB
20220312 001520.832 INFO             PET0 PIOc_sync Exit - MemInfo: [/proc/meminfo - SSI]	CommittedPercent: 4.81557 %
20220312 001520.832 INFO             PET0 PIOc_sync Exit - MemInfo: [/proc/self/status]	VmPeak:	  268988 kB
20220312 001520.832 INFO             PET0 PIOc_sync Exit - MemInfo: [/proc/self/status]	VmSize:	  268988 kB
20220312 001520.832 INFO             PET0 PIOc_sync Exit - MemInfo: [/proc/self/status]	VmLck:	       0 kB
20220312 001520.832 INFO             PET0 PIOc_sync Exit - MemInfo: [/proc/self/status]	VmPin:	       0 kB
20220312 001520.832 INFO             PET0 PIOc_sync Exit - MemInfo: [/proc/self/status]	VmHWM:	   45888 kB
20220312 001520.832 INFO             PET0 PIOc_sync Exit - MemInfo: [/proc/self/status]	VmRSS:	   45888 kB
20220312 001520.832 INFO             PET0 PIOc_sync Exit - MemInfo: [/proc/self/status]	VmData:	   33948 kB
20220312 001520.832 INFO             PET0 PIOc_sync Exit - MemInfo: [/proc/self/status]	VmStk:	     508 kB
20220312 001520.832 INFO             PET0 PIOc_sync Exit - MemInfo: [/proc/self/status]	VmExe:	    1832 kB
20220312 001520.832 INFO             PET0 PIOc_sync Exit - MemInfo: [/proc/self/status]	VmLib:	  133788 kB
20220312 001520.832 INFO             PET0 PIOc_sync Exit - MemInfo: [/proc/self/status]	VmPTE:	     428 kB
20220312 001520.832 INFO             PET0 PIOc_sync Exit - MemInfo: [/proc/self/status]	VmPMD:	      12 kB
20220312 001520.832 INFO             PET0 PIOc_sync Exit - MemInfo: [/proc/self/status]	VmSwap:	       0 kB
20220312 001520.832 INFO             PET0 PIOc_sync Exit - MemInfo: [/proc/self/status]	VmRSSPercent: 0.0696795 %
20220312 001520.832 INFO             PET0 PIOc_sync Exit - MemInfo: [malloc] Non-mmapped space allocated:                 1048576 Byte
20220312 001520.832 INFO             PET0 PIOc_sync Exit - MemInfo: [malloc] Space allocated in mmapped regions:         12140544 Byte
20220312 001520.832 INFO             PET0 PIOc_sync Exit - MemInfo: [malloc] Maximum total allocated space:                     0 Byte
20220312 001520.832 INFO             PET0 PIOc_sync Exit - MemInfo: [malloc] Space in freed fastbin blocks:                     0 Byte
20220312 001520.832 INFO             PET0 PIOc_sync Exit - MemInfo: [malloc] Total allocated space:                       1000736 Byte
20220312 001520.832 INFO             PET0 PIOc_sync Exit - MemInfo: [malloc] Total free space:                              47840 Byte
20220312 001520.832 INFO             PET0 PIOc_sync Exit - MemInfo: [malloc] Top-most, releasable space:                    47840 Byte
20220312 001520.832 INFO             PET0 PIOc_sync Exit - MemInfo: [malloc] Total space in use, mmap + non-mmap:        13141280 Byte
20220312 001520.832 INFO             PET0 PIOc_sync Exit - MemInfo: [malloc] Total space held (mmap + non-mmap):         13189120 Byte
20220312 001520.832 INFO             PET0 PIOc_sync Exit - MemInfo: [malloc] Total space used (mmap + non-mmap):         13149776 Byte
20220312 001520.832 INFO             PET0 PIOc_sync Exit - MemInfo: Wall-clock time since execution start:               0.117577 seconds
20220312 001520.833 INFO             PET0 PIOc_freedecomp Enter - MemInfo: [/proc/meminfo - SSI]	MemTotal:       65855856 kB
20220312 001520.833 INFO             PET0 PIOc_freedecomp Enter - MemInfo: [/proc/meminfo - SSI]	MemFree:        61120920 kB
20220312 001520.833 INFO             PET0 PIOc_freedecomp Enter - MemInfo: [/proc/meminfo - SSI]	MemAvailable:   60928772 kB
20220312 001520.833 INFO             PET0 PIOc_freedecomp Enter - MemInfo: [/proc/meminfo - SSI]	Committed_AS:    3163468 kB
20220312 001520.833 INFO             PET0 PIOc_freedecomp Enter - MemInfo: [/proc/meminfo - SSI]	CommittedPercent: 4.80362 %
20220312 001520.833 INFO             PET0 PIOc_freedecomp Enter - MemInfo: [/proc/self/status]	VmPeak:	  268988 kB
20220312 001520.833 INFO             PET0 PIOc_freedecomp Enter - MemInfo: [/proc/self/status]	VmSize:	  260276 kB
20220312 001520.833 INFO             PET0 PIOc_freedecomp Enter - MemInfo: [/proc/self/status]	VmLck:	       0 kB
20220312 001520.833 INFO             PET0 PIOc_freedecomp Enter - MemInfo: [/proc/self/status]	VmPin:	       0 kB
20220312 001520.833 INFO             PET0 PIOc_freedecomp Enter - MemInfo: [/proc/self/status]	VmHWM:	   45888 kB
20220312 001520.833 INFO             PET0 PIOc_freedecomp Enter - MemInfo: [/proc/self/status]	VmRSS:	   37848 kB
20220312 001520.833 INFO             PET0 PIOc_freedecomp Enter - MemInfo: [/proc/self/status]	VmData:	   25236 kB
20220312 001520.833 INFO             PET0 PIOc_freedecomp Enter - MemInfo: [/proc/self/status]	VmStk:	     508 kB
20220312 001520.833 INFO             PET0 PIOc_freedecomp Enter - MemInfo: [/proc/self/status]	VmExe:	    1832 kB
20220312 001520.833 INFO             PET0 PIOc_freedecomp Enter - MemInfo: [/proc/self/status]	VmLib:	  133788 kB
20220312 001520.833 INFO             PET0 PIOc_freedecomp Enter - MemInfo: [/proc/self/status]	VmPTE:	     416 kB
20220312 001520.833 INFO             PET0 PIOc_freedecomp Enter - MemInfo: [/proc/self/status]	VmPMD:	      12 kB
20220312 001520.833 INFO             PET0 PIOc_freedecomp Enter - MemInfo: [/proc/self/status]	VmSwap:	       0 kB
20220312 001520.833 INFO             PET0 PIOc_freedecomp Enter - MemInfo: [/proc/self/status]	VmRSSPercent: 0.057471 %
20220312 001520.833 INFO             PET0 PIOc_freedecomp Enter - MemInfo: [malloc] Non-mmapped space allocated:                 1048576 Byte
20220312 001520.833 INFO             PET0 PIOc_freedecomp Enter - MemInfo: [malloc] Space allocated in mmapped regions:          3219456 Byte
20220312 001520.833 INFO             PET0 PIOc_freedecomp Enter - MemInfo: [malloc] Maximum total allocated space:                     0 Byte
20220312 001520.833 INFO             PET0 PIOc_freedecomp Enter - MemInfo: [malloc] Space in freed fastbin blocks:                   288 Byte
20220312 001520.833 INFO             PET0 PIOc_freedecomp Enter - MemInfo: [malloc] Total allocated space:                        990576 Byte
20220312 001520.833 INFO             PET0 PIOc_freedecomp Enter - MemInfo: [malloc] Total free space:                              58000 Byte
20220312 001520.833 INFO             PET0 PIOc_freedecomp Enter - MemInfo: [malloc] Top-most, releasable space:                    47216 Byte
20220312 001520.833 INFO             PET0 PIOc_freedecomp Enter - MemInfo: [malloc] Total space in use, mmap + non-mmap:         4210032 Byte
20220312 001520.833 INFO             PET0 PIOc_freedecomp Enter - MemInfo: [malloc] Total space held (mmap + non-mmap):          4268032 Byte
20220312 001520.833 INFO             PET0 PIOc_freedecomp Enter - MemInfo: [malloc] Total space used (mmap + non-mmap):          4218464 Byte
20220312 001520.833 INFO             PET0 PIOc_freedecomp Enter - MemInfo: Wall-clock time since execution start:               0.118392 seconds
20220312 001520.833 INFO             PET0 PIOc_freedecomp Exit - MemInfo: [/proc/meminfo - SSI]	MemTotal:       65855856 kB
20220312 001520.833 INFO             PET0 PIOc_freedecomp Exit - MemInfo: [/proc/meminfo - SSI]	MemFree:        61120920 kB
20220312 001520.833 INFO             PET0 PIOc_freedecomp Exit - MemInfo: [/proc/meminfo - SSI]	MemAvailable:   60928772 kB
20220312 001520.833 INFO             PET0 PIOc_freedecomp Exit - MemInfo: [/proc/meminfo - SSI]	Committed_AS:    3163468 kB
20220312 001520.833 INFO             PET0 PIOc_freedecomp Exit - MemInfo: [/proc/meminfo - SSI]	CommittedPercent: 4.80362 %
20220312 001520.833 INFO             PET0 PIOc_freedecomp Exit - MemInfo: [/proc/self/status]	VmPeak:	  268988 kB
20220312 001520.833 INFO             PET0 PIOc_freedecomp Exit - MemInfo: [/proc/self/status]	VmSize:	  260276 kB
20220312 001520.833 INFO             PET0 PIOc_freedecomp Exit - MemInfo: [/proc/self/status]	VmLck:	       0 kB
20220312 001520.833 INFO             PET0 PIOc_freedecomp Exit - MemInfo: [/proc/self/status]	VmPin:	       0 kB
20220312 001520.833 INFO             PET0 PIOc_freedecomp Exit - MemInfo: [/proc/self/status]	VmHWM:	   45888 kB
20220312 001520.833 INFO             PET0 PIOc_freedecomp Exit - MemInfo: [/proc/self/status]	VmRSS:	   37848 kB
20220312 001520.833 INFO             PET0 PIOc_freedecomp Exit - MemInfo: [/proc/self/status]	VmData:	   25236 kB
20220312 001520.833 INFO             PET0 PIOc_freedecomp Exit - MemInfo: [/proc/self/status]	VmStk:	     508 kB
20220312 001520.833 INFO             PET0 PIOc_freedecomp Exit - MemInfo: [/proc/self/status]	VmExe:	    1832 kB
20220312 001520.833 INFO             PET0 PIOc_freedecomp Exit - MemInfo: [/proc/self/status]	VmLib:	  133788 kB
20220312 001520.833 INFO             PET0 PIOc_freedecomp Exit - MemInfo: [/proc/self/status]	VmPTE:	     416 kB
20220312 001520.833 INFO             PET0 PIOc_freedecomp Exit - MemInfo: [/proc/self/status]	VmPMD:	      12 kB
20220312 001520.833 INFO             PET0 PIOc_freedecomp Exit - MemInfo: [/proc/self/status]	VmSwap:	       0 kB
20220312 001520.833 INFO             PET0 PIOc_freedecomp Exit - MemInfo: [/proc/self/status]	VmRSSPercent: 0.057471 %
20220312 001520.834 INFO             PET0 PIOc_freedecomp Exit - MemInfo: [malloc] Non-mmapped space allocated:                 1048576 Byte
20220312 001520.834 INFO             PET0 PIOc_freedecomp Exit - MemInfo: [malloc] Space allocated in mmapped regions:          3219456 Byte
20220312 001520.834 INFO             PET0 PIOc_freedecomp Exit - MemInfo: [malloc] Maximum total allocated space:                     0 Byte
20220312 001520.834 INFO             PET0 PIOc_freedecomp Exit - MemInfo: [malloc] Space in freed fastbin blocks:                  1104 Byte
20220312 001520.834 INFO             PET0 PIOc_freedecomp Exit - MemInfo: [malloc] Total allocated space:                        990144 Byte
20220312 001520.834 INFO             PET0 PIOc_freedecomp Exit - MemInfo: [malloc] Total free space:                              58432 Byte
20220312 001520.834 INFO             PET0 PIOc_freedecomp Exit - MemInfo: [malloc] Top-most, releasable space:                    47216 Byte
20220312 001520.834 INFO             PET0 PIOc_freedecomp Exit - MemInfo: [malloc] Total space in use, mmap + non-mmap:         4209600 Byte
20220312 001520.834 INFO             PET0 PIOc_freedecomp Exit - MemInfo: [malloc] Total space held (mmap + non-mmap):          4268032 Byte
20220312 001520.834 INFO             PET0 PIOc_freedecomp Exit - MemInfo: [malloc] Total space used (mmap + non-mmap):          4218032 Byte
20220312 001520.834 INFO             PET0 PIOc_freedecomp Exit - MemInfo: Wall-clock time since execution start:               0.118772 seconds
20220312 001520.839 INFO             PET0 PIOc_sync Enter - MemInfo: [/proc/meminfo - SSI]	MemTotal:       65855856 kB
20220312 001520.839 INFO             PET0 PIOc_sync Enter - MemInfo: [/proc/meminfo - SSI]	MemFree:        61117896 kB
20220312 001520.839 INFO             PET0 PIOc_sync Enter - MemInfo: [/proc/meminfo - SSI]	MemAvailable:   60925748 kB
20220312 001520.839 INFO             PET0 PIOc_sync Enter - MemInfo: [/proc/meminfo - SSI]	Committed_AS:    3171740 kB
20220312 001520.839 INFO             PET0 PIOc_sync Enter - MemInfo: [/proc/meminfo - SSI]	CommittedPercent: 4.81619 %
20220312 001520.839 INFO             PET0 PIOc_sync Enter - MemInfo: [/proc/self/status]	VmPeak:	  269064 kB
20220312 001520.839 INFO             PET0 PIOc_sync Enter - MemInfo: [/proc/self/status]	VmSize:	  269064 kB
20220312 001520.839 INFO             PET0 PIOc_sync Enter - MemInfo: [/proc/self/status]	VmLck:	       0 kB
20220312 001520.839 INFO             PET0 PIOc_sync Enter - MemInfo: [/proc/self/status]	VmPin:	       0 kB
20220312 001520.839 INFO             PET0 PIOc_sync Enter - MemInfo: [/proc/self/status]	VmHWM:	   45888 kB
20220312 001520.839 INFO             PET0 PIOc_sync Enter - MemInfo: [/proc/self/status]	VmRSS:	   41768 kB
20220312 001520.839 INFO             PET0 PIOc_sync Enter - MemInfo: [/proc/self/status]	VmData:	   34024 kB
20220312 001520.839 INFO             PET0 PIOc_sync Enter - MemInfo: [/proc/self/status]	VmStk:	     508 kB
20220312 001520.839 INFO             PET0 PIOc_sync Enter - MemInfo: [/proc/self/status]	VmExe:	    1832 kB
20220312 001520.839 INFO             PET0 PIOc_sync Enter - MemInfo: [/proc/self/status]	VmLib:	  133788 kB
20220312 001520.839 INFO             PET0 PIOc_sync Enter - MemInfo: [/proc/self/status]	VmPTE:	     428 kB
20220312 001520.839 INFO             PET0 PIOc_sync Enter - MemInfo: [/proc/self/status]	VmPMD:	      12 kB
20220312 001520.839 INFO             PET0 PIOc_sync Enter - MemInfo: [/proc/self/status]	VmSwap:	       0 kB
20220312 001520.839 INFO             PET0 PIOc_sync Enter - MemInfo: [/proc/self/status]	VmRSSPercent: 0.0634234 %
20220312 001520.839 INFO             PET0 PIOc_sync Enter - MemInfo: [malloc] Non-mmapped space allocated:                10047488 Byte
20220312 001520.839 INFO             PET0 PIOc_sync Enter - MemInfo: [malloc] Space allocated in mmapped regions:          3219456 Byte
20220312 001520.839 INFO             PET0 PIOc_sync Enter - MemInfo: [malloc] Maximum total allocated space:                     0 Byte
20220312 001520.839 INFO             PET0 PIOc_sync Enter - MemInfo: [malloc] Space in freed fastbin blocks:                    64 Byte
20220312 001520.839 INFO             PET0 PIOc_sync Enter - MemInfo: [malloc] Total allocated space:                       9917216 Byte
20220312 001520.839 INFO             PET0 PIOc_sync Enter - MemInfo: [malloc] Total free space:                             130272 Byte
20220312 001520.839 INFO             PET0 PIOc_sync Enter - MemInfo: [malloc] Top-most, releasable space:                   127952 Byte
20220312 001520.839 INFO             PET0 PIOc_sync Enter - MemInfo: [malloc] Total space in use, mmap + non-mmap:        13136672 Byte
20220312 001520.839 INFO             PET0 PIOc_sync Enter - MemInfo: [malloc] Total space held (mmap + non-mmap):         13266944 Byte
20220312 001520.839 INFO             PET0 PIOc_sync Enter - MemInfo: [malloc] Total space used (mmap + non-mmap):         13144992 Byte
20220312 001520.839 INFO             PET0 PIOc_sync Enter - MemInfo: Wall-clock time since execution start:               0.124539 seconds
20220312 001520.840 INFO             PET0 PIOc_sync Exit - MemInfo: [/proc/meminfo - SSI]	MemTotal:       65855856 kB
20220312 001520.840 INFO             PET0 PIOc_sync Exit - MemInfo: [/proc/meminfo - SSI]	MemFree:        61117896 kB
20220312 001520.840 INFO             PET0 PIOc_sync Exit - MemInfo: [/proc/meminfo - SSI]	MemAvailable:   60925748 kB
20220312 001520.840 INFO             PET0 PIOc_sync Exit - MemInfo: [/proc/meminfo - SSI]	Committed_AS:    3171740 kB
20220312 001520.840 INFO             PET0 PIOc_sync Exit - MemInfo: [/proc/meminfo - SSI]	CommittedPercent: 4.81619 %
20220312 001520.840 INFO             PET0 PIOc_sync Exit - MemInfo: [/proc/self/status]	VmPeak:	  269064 kB
20220312 001520.840 INFO             PET0 PIOc_sync Exit - MemInfo: [/proc/self/status]	VmSize:	  269064 kB
20220312 001520.840 INFO             PET0 PIOc_sync Exit - MemInfo: [/proc/self/status]	VmLck:	       0 kB
20220312 001520.840 INFO             PET0 PIOc_sync Exit - MemInfo: [/proc/self/status]	VmPin:	       0 kB
20220312 001520.840 INFO             PET0 PIOc_sync Exit - MemInfo: [/proc/self/status]	VmHWM:	   45888 kB
20220312 001520.840 INFO             PET0 PIOc_sync Exit - MemInfo: [/proc/self/status]	VmRSS:	   41768 kB
20220312 001520.840 INFO             PET0 PIOc_sync Exit - MemInfo: [/proc/self/status]	VmData:	   34024 kB
20220312 001520.840 INFO             PET0 PIOc_sync Exit - MemInfo: [/proc/self/status]	VmStk:	     508 kB
20220312 001520.840 INFO             PET0 PIOc_sync Exit - MemInfo: [/proc/self/status]	VmExe:	    1832 kB
20220312 001520.840 INFO             PET0 PIOc_sync Exit - MemInfo: [/proc/self/status]	VmLib:	  133788 kB
20220312 001520.840 INFO             PET0 PIOc_sync Exit - MemInfo: [/proc/self/status]	VmPTE:	     428 kB
20220312 001520.840 INFO             PET0 PIOc_sync Exit - MemInfo: [/proc/self/status]	VmPMD:	      12 kB
20220312 001520.840 INFO             PET0 PIOc_sync Exit - MemInfo: [/proc/self/status]	VmSwap:	       0 kB
20220312 001520.840 INFO             PET0 PIOc_sync Exit - MemInfo: [/proc/self/status]	VmRSSPercent: 0.0634234 %
20220312 001520.840 INFO             PET0 PIOc_sync Exit - MemInfo: [malloc] Non-mmapped space allocated:                10047488 Byte
20220312 001520.840 INFO             PET0 PIOc_sync Exit - MemInfo: [malloc] Space allocated in mmapped regions:          3219456 Byte
20220312 001520.840 INFO             PET0 PIOc_sync Exit - MemInfo: [malloc] Maximum total allocated space:                     0 Byte
20220312 001520.840 INFO             PET0 PIOc_sync Exit - MemInfo: [malloc] Space in freed fastbin blocks:                     0 Byte
20220312 001520.840 INFO             PET0 PIOc_sync Exit - MemInfo: [malloc] Total allocated space:                       9918464 Byte
20220312 001520.840 INFO             PET0 PIOc_sync Exit - MemInfo: [malloc] Total free space:                             129024 Byte
20220312 001520.840 INFO             PET0 PIOc_sync Exit - MemInfo: [malloc] Top-most, releasable space:                   127728 Byte
20220312 001520.840 INFO             PET0 PIOc_sync Exit - MemInfo: [malloc] Total space in use, mmap + non-mmap:        13137920 Byte
20220312 001520.840 INFO             PET0 PIOc_sync Exit - MemInfo: [malloc] Total space held (mmap + non-mmap):         13266944 Byte
20220312 001520.840 INFO             PET0 PIOc_sync Exit - MemInfo: [malloc] Total space used (mmap + non-mmap):         13146240 Byte
20220312 001520.840 INFO             PET0 PIOc_sync Exit - MemInfo: Wall-clock time since execution start:               0.125071 seconds
20220312 001520.840 INFO             PET0 PIOc_freedecomp Enter - MemInfo: [/proc/meminfo - SSI]	MemTotal:       65855856 kB
20220312 001520.840 INFO             PET0 PIOc_freedecomp Enter - MemInfo: [/proc/meminfo - SSI]	MemFree:        61117896 kB
20220312 001520.840 INFO             PET0 PIOc_freedecomp Enter - MemInfo: [/proc/meminfo - SSI]	MemAvailable:   60925748 kB
20220312 001520.840 INFO             PET0 PIOc_freedecomp Enter - MemInfo: [/proc/meminfo - SSI]	Committed_AS:    3171740 kB
20220312 001520.840 INFO             PET0 PIOc_freedecomp Enter - MemInfo: [/proc/meminfo - SSI]	CommittedPercent: 4.81619 %
20220312 001520.840 INFO             PET0 PIOc_freedecomp Enter - MemInfo: [/proc/self/status]	VmPeak:	  269064 kB
20220312 001520.840 INFO             PET0 PIOc_freedecomp Enter - MemInfo: [/proc/self/status]	VmSize:	  269064 kB
20220312 001520.840 INFO             PET0 PIOc_freedecomp Enter - MemInfo: [/proc/self/status]	VmLck:	       0 kB
20220312 001520.840 INFO             PET0 PIOc_freedecomp Enter - MemInfo: [/proc/self/status]	VmPin:	       0 kB
20220312 001520.840 INFO             PET0 PIOc_freedecomp Enter - MemInfo: [/proc/self/status]	VmHWM:	   45888 kB
20220312 001520.840 INFO             PET0 PIOc_freedecomp Enter - MemInfo: [/proc/self/status]	VmRSS:	   41768 kB
20220312 001520.840 INFO             PET0 PIOc_freedecomp Enter - MemInfo: [/proc/self/status]	VmData:	   34024 kB
20220312 001520.840 INFO             PET0 PIOc_freedecomp Enter - MemInfo: [/proc/self/status]	VmStk:	     508 kB
20220312 001520.840 INFO             PET0 PIOc_freedecomp Enter - MemInfo: [/proc/self/status]	VmExe:	    1832 kB
20220312 001520.840 INFO             PET0 PIOc_freedecomp Enter - MemInfo: [/proc/self/status]	VmLib:	  133788 kB
20220312 001520.840 INFO             PET0 PIOc_freedecomp Enter - MemInfo: [/proc/self/status]	VmPTE:	     428 kB
20220312 001520.840 INFO             PET0 PIOc_freedecomp Enter - MemInfo: [/proc/self/status]	VmPMD:	      12 kB
20220312 001520.840 INFO             PET0 PIOc_freedecomp Enter - MemInfo: [/proc/self/status]	VmSwap:	       0 kB
20220312 001520.840 INFO             PET0 PIOc_freedecomp Enter - MemInfo: [/proc/self/status]	VmRSSPercent: 0.0634234 %
20220312 001520.840 INFO             PET0 PIOc_freedecomp Enter - MemInfo: [malloc] Non-mmapped space allocated:                10047488 Byte
20220312 001520.840 INFO             PET0 PIOc_freedecomp Enter - MemInfo: [malloc] Space allocated in mmapped regions:          3219456 Byte
20220312 001520.840 INFO             PET0 PIOc_freedecomp Enter - MemInfo: [malloc] Maximum total allocated space:                     0 Byte
20220312 001520.840 INFO             PET0 PIOc_freedecomp Enter - MemInfo: [malloc] Space in freed fastbin blocks:                   144 Byte
20220312 001520.840 INFO             PET0 PIOc_freedecomp Enter - MemInfo: [malloc] Total allocated space:                        994880 Byte
20220312 001520.840 INFO             PET0 PIOc_freedecomp Enter - MemInfo: [malloc] Total free space:                            9052608 Byte
20220312 001520.840 INFO             PET0 PIOc_freedecomp Enter - MemInfo: [malloc] Top-most, releasable space:                   127504 Byte
20220312 001520.840 INFO             PET0 PIOc_freedecomp Enter - MemInfo: [malloc] Total space in use, mmap + non-mmap:         4214336 Byte
20220312 001520.840 INFO             PET0 PIOc_freedecomp Enter - MemInfo: [malloc] Total space held (mmap + non-mmap):         13266944 Byte
20220312 001520.840 INFO             PET0 PIOc_freedecomp Enter - MemInfo: [malloc] Total space used (mmap + non-mmap):          4222544 Byte
20220312 001520.841 INFO             PET0 PIOc_freedecomp Enter - MemInfo: Wall-clock time since execution start:               0.125644 seconds
20220312 001520.841 INFO             PET0 PIOc_freedecomp Exit - MemInfo: [/proc/meminfo - SSI]	MemTotal:       65855856 kB
20220312 001520.841 INFO             PET0 PIOc_freedecomp Exit - MemInfo: [/proc/meminfo - SSI]	MemFree:        61117896 kB
20220312 001520.841 INFO             PET0 PIOc_freedecomp Exit - MemInfo: [/proc/meminfo - SSI]	MemAvailable:   60925748 kB
20220312 001520.841 INFO             PET0 PIOc_freedecomp Exit - MemInfo: [/proc/meminfo - SSI]	Committed_AS:    3171740 kB
20220312 001520.841 INFO             PET0 PIOc_freedecomp Exit - MemInfo: [/proc/meminfo - SSI]	CommittedPercent: 4.81619 %
20220312 001520.841 INFO             PET0 PIOc_freedecomp Exit - MemInfo: [/proc/self/status]	VmPeak:	  269064 kB
20220312 001520.841 INFO             PET0 PIOc_freedecomp Exit - MemInfo: [/proc/self/status]	VmSize:	  269064 kB
20220312 001520.841 INFO             PET0 PIOc_freedecomp Exit - MemInfo: [/proc/self/status]	VmLck:	       0 kB
20220312 001520.841 INFO             PET0 PIOc_freedecomp Exit - MemInfo: [/proc/self/status]	VmPin:	       0 kB
20220312 001520.841 INFO             PET0 PIOc_freedecomp Exit - MemInfo: [/proc/self/status]	VmHWM:	   45888 kB
20220312 001520.841 INFO             PET0 PIOc_freedecomp Exit - MemInfo: [/proc/self/status]	VmRSS:	   41768 kB
20220312 001520.841 INFO             PET0 PIOc_freedecomp Exit - MemInfo: [/proc/self/status]	VmData:	   34024 kB
20220312 001520.841 INFO             PET0 PIOc_freedecomp Exit - MemInfo: [/proc/self/status]	VmStk:	     508 kB
20220312 001520.841 INFO             PET0 PIOc_freedecomp Exit - MemInfo: [/proc/self/status]	VmExe:	    1832 kB
20220312 001520.841 INFO             PET0 PIOc_freedecomp Exit - MemInfo: [/proc/self/status]	VmLib:	  133788 kB
20220312 001520.841 INFO             PET0 PIOc_freedecomp Exit - MemInfo: [/proc/self/status]	VmPTE:	     428 kB
20220312 001520.841 INFO             PET0 PIOc_freedecomp Exit - MemInfo: [/proc/self/status]	VmPMD:	      12 kB
20220312 001520.841 INFO             PET0 PIOc_freedecomp Exit - MemInfo: [/proc/self/status]	VmSwap:	       0 kB
20220312 001520.841 INFO             PET0 PIOc_freedecomp Exit - MemInfo: [/proc/self/status]	VmRSSPercent: 0.0634234 %
20220312 001520.841 INFO             PET0 PIOc_freedecomp Exit - MemInfo: [malloc] Non-mmapped space allocated:                10047488 Byte
20220312 001520.841 INFO             PET0 PIOc_freedecomp Exit - MemInfo: [malloc] Space allocated in mmapped regions:          3219456 Byte
20220312 001520.841 INFO             PET0 PIOc_freedecomp Exit - MemInfo: [malloc] Maximum total allocated space:                     0 Byte
20220312 001520.841 INFO             PET0 PIOc_freedecomp Exit - MemInfo: [malloc] Space in freed fastbin blocks:                  1168 Byte
20220312 001520.841 INFO             PET0 PIOc_freedecomp Exit - MemInfo: [malloc] Total allocated space:                        993712 Byte
20220312 001520.841 INFO             PET0 PIOc_freedecomp Exit - MemInfo: [malloc] Total free space:                            9053776 Byte
20220312 001520.841 INFO             PET0 PIOc_freedecomp Exit - MemInfo: [malloc] Top-most, releasable space:                   127504 Byte
20220312 001520.841 INFO             PET0 PIOc_freedecomp Exit - MemInfo: [malloc] Total space in use, mmap + non-mmap:         4213168 Byte
20220312 001520.841 INFO             PET0 PIOc_freedecomp Exit - MemInfo: [malloc] Total space held (mmap + non-mmap):         13266944 Byte
20220312 001520.841 INFO             PET0 PIOc_freedecomp Exit - MemInfo: [malloc] Total space used (mmap + non-mmap):          4221376 Byte
20220312 001520.841 INFO             PET0 PIOc_freedecomp Exit - MemInfo: Wall-clock time since execution start:               0.126053 seconds
20220312 001520.843 INFO             PET0 PIOc_sync Enter - MemInfo: [/proc/meminfo - SSI]	MemTotal:       65855856 kB
20220312 001520.843 INFO             PET0 PIOc_sync Enter - MemInfo: [/proc/meminfo - SSI]	MemFree:        61117132 kB
20220312 001520.843 INFO             PET0 PIOc_sync Enter - MemInfo: [/proc/meminfo - SSI]	MemAvailable:   60925004 kB
20220312 001520.843 INFO             PET0 PIOc_sync Enter - MemInfo: [/proc/meminfo - SSI]	Committed_AS:    3171740 kB
20220312 001520.843 INFO             PET0 PIOc_sync Enter - MemInfo: [/proc/meminfo - SSI]	CommittedPercent: 4.81619 %
20220312 001520.843 INFO             PET0 PIOc_sync Enter - MemInfo: [/proc/self/status]	VmPeak:	  269064 kB
20220312 001520.843 INFO             PET0 PIOc_sync Enter - MemInfo: [/proc/self/status]	VmSize:	  269040 kB
20220312 001520.843 INFO             PET0 PIOc_sync Enter - MemInfo: [/proc/self/status]	VmLck:	       0 kB
20220312 001520.843 INFO             PET0 PIOc_sync Enter - MemInfo: [/proc/self/status]	VmPin:	       0 kB
20220312 001520.843 INFO             PET0 PIOc_sync Enter - MemInfo: [/proc/self/status]	VmHWM:	   45888 kB
20220312 001520.843 INFO             PET0 PIOc_sync Enter - MemInfo: [/proc/self/status]	VmRSS:	   42260 kB
20220312 001520.843 INFO             PET0 PIOc_sync Enter - MemInfo: [/proc/self/status]	VmData:	   34024 kB
20220312 001520.843 INFO             PET0 PIOc_sync Enter - MemInfo: [/proc/self/status]	VmStk:	     508 kB
20220312 001520.843 INFO             PET0 PIOc_sync Enter - MemInfo: [/proc/self/status]	VmExe:	    1832 kB
20220312 001520.843 INFO             PET0 PIOc_sync Enter - MemInfo: [/proc/self/status]	VmLib:	  133788 kB
20220312 001520.843 INFO             PET0 PIOc_sync Enter - MemInfo: [/proc/self/status]	VmPTE:	     428 kB
20220312 001520.843 INFO             PET0 PIOc_sync Enter - MemInfo: [/proc/self/status]	VmPMD:	      12 kB
20220312 001520.843 INFO             PET0 PIOc_sync Enter - MemInfo: [/proc/self/status]	VmSwap:	       0 kB
20220312 001520.843 INFO             PET0 PIOc_sync Enter - MemInfo: [/proc/self/status]	VmRSSPercent: 0.0641705 %
20220312 001520.843 INFO             PET0 PIOc_sync Enter - MemInfo: [malloc] Non-mmapped space allocated:                10047488 Byte
20220312 001520.843 INFO             PET0 PIOc_sync Enter - MemInfo: [malloc] Space allocated in mmapped regions:          3219456 Byte
20220312 001520.843 INFO             PET0 PIOc_sync Enter - MemInfo: [malloc] Maximum total allocated space:                     0 Byte
20220312 001520.843 INFO             PET0 PIOc_sync Enter - MemInfo: [malloc] Space in freed fastbin blocks:                   240 Byte
20220312 001520.843 INFO             PET0 PIOc_sync Enter - MemInfo: [malloc] Total allocated space:                       9919504 Byte
20220312 001520.843 INFO             PET0 PIOc_sync Enter - MemInfo: [malloc] Total free space:                             127984 Byte
20220312 001520.843 INFO             PET0 PIOc_sync Enter - MemInfo: [malloc] Top-most, releasable space:                   122256 Byte
20220312 001520.843 INFO             PET0 PIOc_sync Enter - MemInfo: [malloc] Total space in use, mmap + non-mmap:        13138960 Byte
20220312 001520.843 INFO             PET0 PIOc_sync Enter - MemInfo: [malloc] Total space held (mmap + non-mmap):         13266944 Byte
20220312 001520.843 INFO             PET0 PIOc_sync Enter - MemInfo: [malloc] Total space used (mmap + non-mmap):         13147168 Byte
20220312 001520.843 INFO             PET0 PIOc_sync Enter - MemInfo: Wall-clock time since execution start:               0.128457 seconds
20220312 001520.843 INFO             PET0 PIOc_sync Exit - MemInfo: [/proc/meminfo - SSI]	MemTotal:       65855856 kB
20220312 001520.843 INFO             PET0 PIOc_sync Exit - MemInfo: [/proc/meminfo - SSI]	MemFree:        61117132 kB
20220312 001520.844 INFO             PET0 PIOc_sync Exit - MemInfo: [/proc/meminfo - SSI]	MemAvailable:   60925004 kB
20220312 001520.844 INFO             PET0 PIOc_sync Exit - MemInfo: [/proc/meminfo - SSI]	Committed_AS:    3171740 kB
20220312 001520.844 INFO             PET0 PIOc_sync Exit - MemInfo: [/proc/meminfo - SSI]	CommittedPercent: 4.81619 %
20220312 001520.844 INFO             PET0 PIOc_sync Exit - MemInfo: [/proc/self/status]	VmPeak:	  269064 kB
20220312 001520.844 INFO             PET0 PIOc_sync Exit - MemInfo: [/proc/self/status]	VmSize:	  269040 kB
20220312 001520.844 INFO             PET0 PIOc_sync Exit - MemInfo: [/proc/self/status]	VmLck:	       0 kB
20220312 001520.844 INFO             PET0 PIOc_sync Exit - MemInfo: [/proc/self/status]	VmPin:	       0 kB
20220312 001520.844 INFO             PET0 PIOc_sync Exit - MemInfo: [/proc/self/status]	VmHWM:	   45888 kB
20220312 001520.844 INFO             PET0 PIOc_sync Exit - MemInfo: [/proc/self/status]	VmRSS:	   42260 kB
20220312 001520.844 INFO             PET0 PIOc_sync Exit - MemInfo: [/proc/self/status]	VmData:	   34024 kB
20220312 001520.844 INFO             PET0 PIOc_sync Exit - MemInfo: [/proc/self/status]	VmStk:	     508 kB
20220312 001520.844 INFO             PET0 PIOc_sync Exit - MemInfo: [/proc/self/status]	VmExe:	    1832 kB
20220312 001520.844 INFO             PET0 PIOc_sync Exit - MemInfo: [/proc/self/status]	VmLib:	  133788 kB
20220312 001520.844 INFO             PET0 PIOc_sync Exit - MemInfo: [/proc/self/status]	VmPTE:	     428 kB
20220312 001520.844 INFO             PET0 PIOc_sync Exit - MemInfo: [/proc/self/status]	VmPMD:	      12 kB
20220312 001520.844 INFO             PET0 PIOc_sync Exit - MemInfo: [/proc/self/status]	VmSwap:	       0 kB
20220312 001520.844 INFO             PET0 PIOc_sync Exit - MemInfo: [/proc/self/status]	VmRSSPercent: 0.0641705 %
20220312 001520.844 INFO             PET0 PIOc_sync Exit - MemInfo: [malloc] Non-mmapped space allocated:                10047488 Byte
20220312 001520.844 INFO             PET0 PIOc_sync Exit - MemInfo: [malloc] Space allocated in mmapped regions:          3219456 Byte
20220312 001520.844 INFO             PET0 PIOc_sync Exit - MemInfo: [malloc] Maximum total allocated space:                     0 Byte
20220312 001520.844 INFO             PET0 PIOc_sync Exit - MemInfo: [malloc] Space in freed fastbin blocks:                     0 Byte
20220312 001520.844 INFO             PET0 PIOc_sync Exit - MemInfo: [malloc] Total allocated space:                       9920688 Byte
20220312 001520.844 INFO             PET0 PIOc_sync Exit - MemInfo: [malloc] Total free space:                             126800 Byte
20220312 001520.844 INFO             PET0 PIOc_sync Exit - MemInfo: [malloc] Top-most, releasable space:                   122032 Byte
20220312 001520.844 INFO             PET0 PIOc_sync Exit - MemInfo: [malloc] Total space in use, mmap + non-mmap:        13140144 Byte
20220312 001520.844 INFO             PET0 PIOc_sync Exit - MemInfo: [malloc] Total space held (mmap + non-mmap):         13266944 Byte
20220312 001520.844 INFO             PET0 PIOc_sync Exit - MemInfo: [malloc] Total space used (mmap + non-mmap):         13148464 Byte
20220312 001520.844 INFO             PET0 PIOc_sync Exit - MemInfo: Wall-clock time since execution start:               0.128997 seconds
20220312 001520.844 INFO             PET0 PIOc_freedecomp Enter - MemInfo: [/proc/meminfo - SSI]	MemTotal:       65855856 kB
20220312 001520.844 INFO             PET0 PIOc_freedecomp Enter - MemInfo: [/proc/meminfo - SSI]	MemFree:        61117132 kB
20220312 001520.844 INFO             PET0 PIOc_freedecomp Enter - MemInfo: [/proc/meminfo - SSI]	MemAvailable:   60925004 kB
20220312 001520.844 INFO             PET0 PIOc_freedecomp Enter - MemInfo: [/proc/meminfo - SSI]	Committed_AS:    3171740 kB
20220312 001520.844 INFO             PET0 PIOc_freedecomp Enter - MemInfo: [/proc/meminfo - SSI]	CommittedPercent: 4.81619 %
20220312 001520.844 INFO             PET0 PIOc_freedecomp Enter - MemInfo: [/proc/self/status]	VmPeak:	  269064 kB
20220312 001520.844 INFO             PET0 PIOc_freedecomp Enter - MemInfo: [/proc/self/status]	VmSize:	  269040 kB
20220312 001520.844 INFO             PET0 PIOc_freedecomp Enter - MemInfo: [/proc/self/status]	VmLck:	       0 kB
20220312 001520.844 INFO             PET0 PIOc_freedecomp Enter - MemInfo: [/proc/self/status]	VmPin:	       0 kB
20220312 001520.844 INFO             PET0 PIOc_freedecomp Enter - MemInfo: [/proc/self/status]	VmHWM:	   45888 kB
20220312 001520.844 INFO             PET0 PIOc_freedecomp Enter - MemInfo: [/proc/self/status]	VmRSS:	   42260 kB
20220312 001520.844 INFO             PET0 PIOc_freedecomp Enter - MemInfo: [/proc/self/status]	VmData:	   34024 kB
20220312 001520.844 INFO             PET0 PIOc_freedecomp Enter - MemInfo: [/proc/self/status]	VmStk:	     508 kB
20220312 001520.844 INFO             PET0 PIOc_freedecomp Enter - MemInfo: [/proc/self/status]	VmExe:	    1832 kB
20220312 001520.844 INFO             PET0 PIOc_freedecomp Enter - MemInfo: [/proc/self/status]	VmLib:	  133788 kB
20220312 001520.844 INFO             PET0 PIOc_freedecomp Enter - MemInfo: [/proc/self/status]	VmPTE:	     428 kB
20220312 001520.844 INFO             PET0 PIOc_freedecomp Enter - MemInfo: [/proc/self/status]	VmPMD:	      12 kB
20220312 001520.844 INFO             PET0 PIOc_freedecomp Enter - MemInfo: [/proc/self/status]	VmSwap:	       0 kB
20220312 001520.844 INFO             PET0 PIOc_freedecomp Enter - MemInfo: [/proc/self/status]	VmRSSPercent: 0.0641705 %
20220312 001520.844 INFO             PET0 PIOc_freedecomp Enter - MemInfo: [malloc] Non-mmapped space allocated:                10047488 Byte
20220312 001520.844 INFO             PET0 PIOc_freedecomp Enter - MemInfo: [malloc] Space allocated in mmapped regions:          3219456 Byte
20220312 001520.844 INFO             PET0 PIOc_freedecomp Enter - MemInfo: [malloc] Maximum total allocated space:                     0 Byte
20220312 001520.844 INFO             PET0 PIOc_freedecomp Enter - MemInfo: [malloc] Space in freed fastbin blocks:                   144 Byte
20220312 001520.844 INFO             PET0 PIOc_freedecomp Enter - MemInfo: [malloc] Total allocated space:                        996272 Byte
20220312 001520.844 INFO             PET0 PIOc_freedecomp Enter - MemInfo: [malloc] Total free space:                            9051216 Byte
20220312 001520.844 INFO             PET0 PIOc_freedecomp Enter - MemInfo: [malloc] Top-most, releasable space:                   121808 Byte
20220312 001520.844 INFO             PET0 PIOc_freedecomp Enter - MemInfo: [malloc] Total space in use, mmap + non-mmap:         4215728 Byte
20220312 001520.844 INFO             PET0 PIOc_freedecomp Enter - MemInfo: [malloc] Total space held (mmap + non-mmap):         13266944 Byte
20220312 001520.844 INFO             PET0 PIOc_freedecomp Enter - MemInfo: [malloc] Total space used (mmap + non-mmap):          4223936 Byte
20220312 001520.844 INFO             PET0 PIOc_freedecomp Enter - MemInfo: Wall-clock time since execution start:               0.129558 seconds
20220312 001520.844 INFO             PET0 PIOc_freedecomp Exit - MemInfo: [/proc/meminfo - SSI]	MemTotal:       65855856 kB
20220312 001520.844 INFO             PET0 PIOc_freedecomp Exit - MemInfo: [/proc/meminfo - SSI]	MemFree:        61117132 kB
20220312 001520.844 INFO             PET0 PIOc_freedecomp Exit - MemInfo: [/proc/meminfo - SSI]	MemAvailable:   60925004 kB
20220312 001520.844 INFO             PET0 PIOc_freedecomp Exit - MemInfo: [/proc/meminfo - SSI]	Committed_AS:    3171740 kB
20220312 001520.845 INFO             PET0 PIOc_freedecomp Exit - MemInfo: [/proc/meminfo - SSI]	CommittedPercent: 4.81619 %
20220312 001520.845 INFO             PET0 PIOc_freedecomp Exit - MemInfo: [/proc/self/status]	VmPeak:	  269064 kB
20220312 001520.845 INFO             PET0 PIOc_freedecomp Exit - MemInfo: [/proc/self/status]	VmSize:	  269040 kB
20220312 001520.845 INFO             PET0 PIOc_freedecomp Exit - MemInfo: [/proc/self/status]	VmLck:	       0 kB
20220312 001520.845 INFO             PET0 PIOc_freedecomp Exit - MemInfo: [/proc/self/status]	VmPin:	       0 kB
20220312 001520.845 INFO             PET0 PIOc_freedecomp Exit - MemInfo: [/proc/self/status]	VmHWM:	   45888 kB
20220312 001520.845 INFO             PET0 PIOc_freedecomp Exit - MemInfo: [/proc/self/status]	VmRSS:	   42260 kB
20220312 001520.845 INFO             PET0 PIOc_freedecomp Exit - MemInfo: [/proc/self/status]	VmData:	   34024 kB
20220312 001520.845 INFO             PET0 PIOc_freedecomp Exit - MemInfo: [/proc/self/status]	VmStk:	     508 kB
20220312 001520.845 INFO             PET0 PIOc_freedecomp Exit - MemInfo: [/proc/self/status]	VmExe:	    1832 kB
20220312 001520.845 INFO             PET0 PIOc_freedecomp Exit - MemInfo: [/proc/self/status]	VmLib:	  133788 kB
20220312 001520.845 INFO             PET0 PIOc_freedecomp Exit - MemInfo: [/proc/self/status]	VmPTE:	     428 kB
20220312 001520.845 INFO             PET0 PIOc_freedecomp Exit - MemInfo: [/proc/self/status]	VmPMD:	      12 kB
20220312 001520.845 INFO             PET0 PIOc_freedecomp Exit - MemInfo: [/proc/self/status]	VmSwap:	       0 kB
20220312 001520.845 INFO             PET0 PIOc_freedecomp Exit - MemInfo: [/proc/self/status]	VmRSSPercent: 0.0641705 %
20220312 001520.845 INFO             PET0 PIOc_freedecomp Exit - MemInfo: [malloc] Non-mmapped space allocated:                10047488 Byte
20220312 001520.845 INFO             PET0 PIOc_freedecomp Exit - MemInfo: [malloc] Space allocated in mmapped regions:          3219456 Byte
20220312 001520.845 INFO             PET0 PIOc_freedecomp Exit - MemInfo: [malloc] Maximum total allocated space:                     0 Byte
20220312 001520.845 INFO             PET0 PIOc_freedecomp Exit - MemInfo: [malloc] Space in freed fastbin blocks:                  1456 Byte
20220312 001520.845 INFO             PET0 PIOc_freedecomp Exit - MemInfo: [malloc] Total allocated space:                        994816 Byte
20220312 001520.845 INFO             PET0 PIOc_freedecomp Exit - MemInfo: [malloc] Total free space:                            9052672 Byte
20220312 001520.845 INFO             PET0 PIOc_freedecomp Exit - MemInfo: [malloc] Top-most, releasable space:                   127504 Byte
20220312 001520.845 INFO             PET0 PIOc_freedecomp Exit - MemInfo: [malloc] Total space in use, mmap + non-mmap:         4214272 Byte
20220312 001520.845 INFO             PET0 PIOc_freedecomp Exit - MemInfo: [malloc] Total space held (mmap + non-mmap):         13266944 Byte
20220312 001520.845 INFO             PET0 PIOc_freedecomp Exit - MemInfo: [malloc] Total space used (mmap + non-mmap):          4222480 Byte
20220312 001520.845 INFO             PET0 PIOc_freedecomp Exit - MemInfo: Wall-clock time since execution start:               0.129969 seconds
20220312 001520.846 INFO             PET0  PASS  ESMF_OutputWeightFile, ESMF_IOUTest.F90, line 81
20220312 001520.857 INFO             PET0  PASS  call ESMF_OutputWeightFile with empty factor list on four PETs, ESMF_IOUTest.F90, line 191
20220312 001520.857 INFO             PET0  Ending Test, file ESMF_IOUTest.F90, line 201
20220312 001520.858 INFO             PET0 Finalizing ESMF
20220312 001520.752 INFO             PET1 !!!!!!!!!!!!!!!!!!!!!!!!!!!!!!!!!!!!!!!!!!!!!!!!!!!!!!
20220312 001520.752 INFO             PET1 !!! THE ESMF_LOG IS SET TO OUTPUT ALL LOG MESSAGES !!!
20220312 001520.752 INFO             PET1 !!!     THIS MAY CAUSE SLOWDOWN IN PERFORMANCE     !!!
20220312 001520.752 INFO             PET1 !!! FOR PRODUCTION RUNS, USE:                      !!!
20220312 001520.752 INFO             PET1 !!!                   ESMF_LOGKIND_Multi_On_Error  !!!
20220312 001520.752 INFO             PET1 !!!!!!!!!!!!!!!!!!!!!!!!!!!!!!!!!!!!!!!!!!!!!!!!!!!!!!
20220312 001520.752 INFO             PET1 Running with ESMF Version   : v8.3.0b09-96-g559b459836
20220312 001520.752 INFO             PET1 ESMF library build date/time: "Mar 11 2022" "23:55:33"
20220312 001520.752 INFO             PET1 ESMF library build location : /lustre/f2/dev/ncep/Mark.Potts/intel_2019.5_mpi_g_jedwards_pio_update2
20220312 001520.752 INFO             PET1 ESMF_COMM                   : mpi
20220312 001520.753 INFO             PET1 ESMF_MOAB                   : enabled
20220312 001520.753 INFO             PET1 ESMF_LAPACK                 : enabled
20220312 001520.753 INFO             PET1 ESMF_NETCDF                 : enabled
20220312 001520.753 INFO             PET1 ESMF_PNETCDF                : disabled
20220312 001520.753 INFO             PET1 ESMF_PIO                    : enabled
20220312 001520.753 INFO             PET1 ESMF_YAMLCPP                : enabled
20220312 001520.754 INFO             PET1  Beginning Test, file ESMF_IOUTest.F90, line 57
20220312 001520.754 INFO             PET1  NUMBER_OF_PROCESSORS           4
20220312 001520.754 INFO             PET1 Starting Test:  ESMF_OutputWeightFile
20220312 001520.829 INFO             PET1 PIOc_sync Enter - MemInfo: [/proc/meminfo - SSI]	MemTotal:       65855856 kB
20220312 001520.829 INFO             PET1 PIOc_sync Enter - MemInfo: [/proc/meminfo - SSI]	MemFree:        61114368 kB
20220312 001520.829 INFO             PET1 PIOc_sync Enter - MemInfo: [/proc/meminfo - SSI]	MemAvailable:   60922220 kB
20220312 001520.829 INFO             PET1 PIOc_sync Enter - MemInfo: [/proc/meminfo - SSI]	Committed_AS:    3171336 kB
20220312 001520.829 INFO             PET1 PIOc_sync Enter - MemInfo: [/proc/meminfo - SSI]	CommittedPercent: 4.81557 %
20220312 001520.829 INFO             PET1 PIOc_sync Enter - MemInfo: [/proc/self/status]	VmPeak:	  259684 kB
20220312 001520.829 INFO             PET1 PIOc_sync Enter - MemInfo: [/proc/self/status]	VmSize:	  259684 kB
20220312 001520.829 INFO             PET1 PIOc_sync Enter - MemInfo: [/proc/self/status]	VmLck:	       0 kB
20220312 001520.829 INFO             PET1 PIOc_sync Enter - MemInfo: [/proc/self/status]	VmPin:	       0 kB
20220312 001520.829 INFO             PET1 PIOc_sync Enter - MemInfo: [/proc/self/status]	VmHWM:	   35600 kB
20220312 001520.829 INFO             PET1 PIOc_sync Enter - MemInfo: [/proc/self/status]	VmRSS:	   35600 kB
20220312 001520.829 INFO             PET1 PIOc_sync Enter - MemInfo: [/proc/self/status]	VmData:	   24644 kB
20220312 001520.830 INFO             PET1 PIOc_sync Enter - MemInfo: [/proc/self/status]	VmStk:	     508 kB
20220312 001520.830 INFO             PET1 PIOc_sync Enter - MemInfo: [/proc/self/status]	VmExe:	    1832 kB
20220312 001520.830 INFO             PET1 PIOc_sync Enter - MemInfo: [/proc/self/status]	VmLib:	  133788 kB
20220312 001520.830 INFO             PET1 PIOc_sync Enter - MemInfo: [/proc/self/status]	VmPTE:	     400 kB
20220312 001520.830 INFO             PET1 PIOc_sync Enter - MemInfo: [/proc/self/status]	VmPMD:	      12 kB
20220312 001520.830 INFO             PET1 PIOc_sync Enter - MemInfo: [/proc/self/status]	VmSwap:	       0 kB
20220312 001520.830 INFO             PET1 PIOc_sync Enter - MemInfo: [/proc/self/status]	VmRSSPercent: 0.0540575 %
20220312 001520.830 INFO             PET1 PIOc_sync Enter - MemInfo: [malloc] Non-mmapped space allocated:                  774144 Byte
20220312 001520.830 INFO             PET1 PIOc_sync Enter - MemInfo: [malloc] Space allocated in mmapped regions:          2887680 Byte
20220312 001520.830 INFO             PET1 PIOc_sync Enter - MemInfo: [malloc] Maximum total allocated space:                     0 Byte
20220312 001520.830 INFO             PET1 PIOc_sync Enter - MemInfo: [malloc] Space in freed fastbin blocks:                     0 Byte
20220312 001520.830 INFO             PET1 PIOc_sync Enter - MemInfo: [malloc] Total allocated space:                        658080 Byte
20220312 001520.830 INFO             PET1 PIOc_sync Enter - MemInfo: [malloc] Total free space:                             116064 Byte
20220312 001520.831 INFO             PET1 PIOc_sync Enter - MemInfo: [malloc] Top-most, releasable space:                   116064 Byte
20220312 001520.831 INFO             PET1 PIOc_sync Enter - MemInfo: [malloc] Total space in use, mmap + non-mmap:         3545760 Byte
20220312 001520.831 INFO             PET1 PIOc_sync Enter - MemInfo: [malloc] Total space held (mmap + non-mmap):          3661824 Byte
20220312 001520.831 INFO             PET1 PIOc_sync Enter - MemInfo: [malloc] Total space used (mmap + non-mmap):          3555376 Byte
20220312 001520.832 INFO             PET1 PIOc_sync Enter - MemInfo: Wall-clock time since execution start:               0.116117 seconds
20220312 001520.832 INFO             PET1 PIOc_sync Exit - MemInfo: [/proc/meminfo - SSI]	MemTotal:       65855856 kB
20220312 001520.832 INFO             PET1 PIOc_sync Exit - MemInfo: [/proc/meminfo - SSI]	MemFree:        61113864 kB
20220312 001520.832 INFO             PET1 PIOc_sync Exit - MemInfo: [/proc/meminfo - SSI]	MemAvailable:   60921716 kB
20220312 001520.832 INFO             PET1 PIOc_sync Exit - MemInfo: [/proc/meminfo - SSI]	Committed_AS:    3171336 kB
20220312 001520.832 INFO             PET1 PIOc_sync Exit - MemInfo: [/proc/meminfo - SSI]	CommittedPercent: 4.81557 %
20220312 001520.832 INFO             PET1 PIOc_sync Exit - MemInfo: [/proc/self/status]	VmPeak:	  259684 kB
20220312 001520.832 INFO             PET1 PIOc_sync Exit - MemInfo: [/proc/self/status]	VmSize:	  259684 kB
20220312 001520.832 INFO             PET1 PIOc_sync Exit - MemInfo: [/proc/self/status]	VmLck:	       0 kB
20220312 001520.832 INFO             PET1 PIOc_sync Exit - MemInfo: [/proc/self/status]	VmPin:	       0 kB
20220312 001520.832 INFO             PET1 PIOc_sync Exit - MemInfo: [/proc/self/status]	VmHWM:	   35820 kB
20220312 001520.832 INFO             PET1 PIOc_sync Exit - MemInfo: [/proc/self/status]	VmRSS:	   35820 kB
20220312 001520.832 INFO             PET1 PIOc_sync Exit - MemInfo: [/proc/self/status]	VmData:	   24644 kB
20220312 001520.832 INFO             PET1 PIOc_sync Exit - MemInfo: [/proc/self/status]	VmStk:	     508 kB
20220312 001520.832 INFO             PET1 PIOc_sync Exit - MemInfo: [/proc/self/status]	VmExe:	    1832 kB
20220312 001520.832 INFO             PET1 PIOc_sync Exit - MemInfo: [/proc/self/status]	VmLib:	  133788 kB
20220312 001520.832 INFO             PET1 PIOc_sync Exit - MemInfo: [/proc/self/status]	VmPTE:	     400 kB
20220312 001520.832 INFO             PET1 PIOc_sync Exit - MemInfo: [/proc/self/status]	VmPMD:	      12 kB
20220312 001520.832 INFO             PET1 PIOc_sync Exit - MemInfo: [/proc/self/status]	VmSwap:	       0 kB
20220312 001520.832 INFO             PET1 PIOc_sync Exit - MemInfo: [/proc/self/status]	VmRSSPercent: 0.0543915 %
20220312 001520.832 INFO             PET1 PIOc_sync Exit - MemInfo: [malloc] Non-mmapped space allocated:                  774144 Byte
20220312 001520.832 INFO             PET1 PIOc_sync Exit - MemInfo: [malloc] Space allocated in mmapped regions:          2887680 Byte
20220312 001520.832 INFO             PET1 PIOc_sync Exit - MemInfo: [malloc] Maximum total allocated space:                     0 Byte
20220312 001520.832 INFO             PET1 PIOc_sync Exit - MemInfo: [malloc] Space in freed fastbin blocks:                     0 Byte
20220312 001520.832 INFO             PET1 PIOc_sync Exit - MemInfo: [malloc] Total allocated space:                        660384 Byte
20220312 001520.832 INFO             PET1 PIOc_sync Exit - MemInfo: [malloc] Total free space:                             113760 Byte
20220312 001520.832 INFO             PET1 PIOc_sync Exit - MemInfo: [malloc] Top-most, releasable space:                   113760 Byte
20220312 001520.832 INFO             PET1 PIOc_sync Exit - MemInfo: [malloc] Total space in use, mmap + non-mmap:         3548064 Byte
20220312 001520.832 INFO             PET1 PIOc_sync Exit - MemInfo: [malloc] Total space held (mmap + non-mmap):          3661824 Byte
20220312 001520.832 INFO             PET1 PIOc_sync Exit - MemInfo: [malloc] Total space used (mmap + non-mmap):          3556560 Byte
20220312 001520.832 INFO             PET1 PIOc_sync Exit - MemInfo: Wall-clock time since execution start:               0.117639 seconds
20220312 001520.833 INFO             PET1 PIOc_freedecomp Enter - MemInfo: [/proc/meminfo - SSI]	MemTotal:       65855856 kB
20220312 001520.833 INFO             PET1 PIOc_freedecomp Enter - MemInfo: [/proc/meminfo - SSI]	MemFree:        61120920 kB
20220312 001520.833 INFO             PET1 PIOc_freedecomp Enter - MemInfo: [/proc/meminfo - SSI]	MemAvailable:   60928772 kB
20220312 001520.833 INFO             PET1 PIOc_freedecomp Enter - MemInfo: [/proc/meminfo - SSI]	Committed_AS:    3163468 kB
20220312 001520.833 INFO             PET1 PIOc_freedecomp Enter - MemInfo: [/proc/meminfo - SSI]	CommittedPercent: 4.80362 %
20220312 001520.833 INFO             PET1 PIOc_freedecomp Enter - MemInfo: [/proc/self/status]	VmPeak:	  259684 kB
20220312 001520.833 INFO             PET1 PIOc_freedecomp Enter - MemInfo: [/proc/self/status]	VmSize:	  259684 kB
20220312 001520.833 INFO             PET1 PIOc_freedecomp Enter - MemInfo: [/proc/self/status]	VmLck:	       0 kB
20220312 001520.833 INFO             PET1 PIOc_freedecomp Enter - MemInfo: [/proc/self/status]	VmPin:	       0 kB
20220312 001520.833 INFO             PET1 PIOc_freedecomp Enter - MemInfo: [/proc/self/status]	VmHWM:	   35820 kB
20220312 001520.833 INFO             PET1 PIOc_freedecomp Enter - MemInfo: [/proc/self/status]	VmRSS:	   35820 kB
20220312 001520.833 INFO             PET1 PIOc_freedecomp Enter - MemInfo: [/proc/self/status]	VmData:	   24644 kB
20220312 001520.833 INFO             PET1 PIOc_freedecomp Enter - MemInfo: [/proc/self/status]	VmStk:	     508 kB
20220312 001520.833 INFO             PET1 PIOc_freedecomp Enter - MemInfo: [/proc/self/status]	VmExe:	    1832 kB
20220312 001520.833 INFO             PET1 PIOc_freedecomp Enter - MemInfo: [/proc/self/status]	VmLib:	  133788 kB
20220312 001520.833 INFO             PET1 PIOc_freedecomp Enter - MemInfo: [/proc/self/status]	VmPTE:	     400 kB
20220312 001520.833 INFO             PET1 PIOc_freedecomp Enter - MemInfo: [/proc/self/status]	VmPMD:	      12 kB
20220312 001520.833 INFO             PET1 PIOc_freedecomp Enter - MemInfo: [/proc/self/status]	VmSwap:	       0 kB
20220312 001520.833 INFO             PET1 PIOc_freedecomp Enter - MemInfo: [/proc/self/status]	VmRSSPercent: 0.0543915 %
20220312 001520.833 INFO             PET1 PIOc_freedecomp Enter - MemInfo: [malloc] Non-mmapped space allocated:                  774144 Byte
20220312 001520.833 INFO             PET1 PIOc_freedecomp Enter - MemInfo: [malloc] Space allocated in mmapped regions:          2887680 Byte
20220312 001520.833 INFO             PET1 PIOc_freedecomp Enter - MemInfo: [malloc] Maximum total allocated space:                     0 Byte
20220312 001520.833 INFO             PET1 PIOc_freedecomp Enter - MemInfo: [malloc] Space in freed fastbin blocks:                     0 Byte
20220312 001520.833 INFO             PET1 PIOc_freedecomp Enter - MemInfo: [malloc] Total allocated space:                        661184 Byte
20220312 001520.833 INFO             PET1 PIOc_freedecomp Enter - MemInfo: [malloc] Total free space:                             112960 Byte
20220312 001520.833 INFO             PET1 PIOc_freedecomp Enter - MemInfo: [malloc] Top-most, releasable space:                   112960 Byte
20220312 001520.833 INFO             PET1 PIOc_freedecomp Enter - MemInfo: [malloc] Total space in use, mmap + non-mmap:         3548864 Byte
20220312 001520.833 INFO             PET1 PIOc_freedecomp Enter - MemInfo: [malloc] Total space held (mmap + non-mmap):          3661824 Byte
20220312 001520.833 INFO             PET1 PIOc_freedecomp Enter - MemInfo: [malloc] Total space used (mmap + non-mmap):          3557360 Byte
20220312 001520.833 INFO             PET1 PIOc_freedecomp Enter - MemInfo: Wall-clock time since execution start:               0.118447 seconds
20220312 001520.833 INFO             PET1 PIOc_freedecomp Exit - MemInfo: [/proc/meminfo - SSI]	MemTotal:       65855856 kB
20220312 001520.833 INFO             PET1 PIOc_freedecomp Exit - MemInfo: [/proc/meminfo - SSI]	MemFree:        61120920 kB
20220312 001520.833 INFO             PET1 PIOc_freedecomp Exit - MemInfo: [/proc/meminfo - SSI]	MemAvailable:   60928772 kB
20220312 001520.833 INFO             PET1 PIOc_freedecomp Exit - MemInfo: [/proc/meminfo - SSI]	Committed_AS:    3163468 kB
20220312 001520.833 INFO             PET1 PIOc_freedecomp Exit - MemInfo: [/proc/meminfo - SSI]	CommittedPercent: 4.80362 %
20220312 001520.833 INFO             PET1 PIOc_freedecomp Exit - MemInfo: [/proc/self/status]	VmPeak:	  259684 kB
20220312 001520.833 INFO             PET1 PIOc_freedecomp Exit - MemInfo: [/proc/self/status]	VmSize:	  259684 kB
20220312 001520.833 INFO             PET1 PIOc_freedecomp Exit - MemInfo: [/proc/self/status]	VmLck:	       0 kB
20220312 001520.833 INFO             PET1 PIOc_freedecomp Exit - MemInfo: [/proc/self/status]	VmPin:	       0 kB
20220312 001520.833 INFO             PET1 PIOc_freedecomp Exit - MemInfo: [/proc/self/status]	VmHWM:	   35820 kB
20220312 001520.833 INFO             PET1 PIOc_freedecomp Exit - MemInfo: [/proc/self/status]	VmRSS:	   35820 kB
20220312 001520.834 INFO             PET1 PIOc_freedecomp Exit - MemInfo: [/proc/self/status]	VmData:	   24644 kB
20220312 001520.834 INFO             PET1 PIOc_freedecomp Exit - MemInfo: [/proc/self/status]	VmStk:	     508 kB
20220312 001520.834 INFO             PET1 PIOc_freedecomp Exit - MemInfo: [/proc/self/status]	VmExe:	    1832 kB
20220312 001520.834 INFO             PET1 PIOc_freedecomp Exit - MemInfo: [/proc/self/status]	VmLib:	  133788 kB
20220312 001520.834 INFO             PET1 PIOc_freedecomp Exit - MemInfo: [/proc/self/status]	VmPTE:	     400 kB
20220312 001520.834 INFO             PET1 PIOc_freedecomp Exit - MemInfo: [/proc/self/status]	VmPMD:	      12 kB
20220312 001520.834 INFO             PET1 PIOc_freedecomp Exit - MemInfo: [/proc/self/status]	VmSwap:	       0 kB
20220312 001520.834 INFO             PET1 PIOc_freedecomp Exit - MemInfo: [/proc/self/status]	VmRSSPercent: 0.0543915 %
20220312 001520.834 INFO             PET1 PIOc_freedecomp Exit - MemInfo: [malloc] Non-mmapped space allocated:                  774144 Byte
20220312 001520.834 INFO             PET1 PIOc_freedecomp Exit - MemInfo: [malloc] Space allocated in mmapped regions:          2887680 Byte
20220312 001520.834 INFO             PET1 PIOc_freedecomp Exit - MemInfo: [malloc] Maximum total allocated space:                     0 Byte
20220312 001520.834 INFO             PET1 PIOc_freedecomp Exit - MemInfo: [malloc] Space in freed fastbin blocks:                   112 Byte
20220312 001520.834 INFO             PET1 PIOc_freedecomp Exit - MemInfo: [malloc] Total allocated space:                        661920 Byte
20220312 001520.834 INFO             PET1 PIOc_freedecomp Exit - MemInfo: [malloc] Total free space:                             112224 Byte
20220312 001520.834 INFO             PET1 PIOc_freedecomp Exit - MemInfo: [malloc] Top-most, releasable space:                   112112 Byte
20220312 001520.834 INFO             PET1 PIOc_freedecomp Exit - MemInfo: [malloc] Total space in use, mmap + non-mmap:         3549600 Byte
20220312 001520.834 INFO             PET1 PIOc_freedecomp Exit - MemInfo: [malloc] Total space held (mmap + non-mmap):          3661824 Byte
20220312 001520.834 INFO             PET1 PIOc_freedecomp Exit - MemInfo: [malloc] Total space used (mmap + non-mmap):          3558032 Byte
20220312 001520.834 INFO             PET1 PIOc_freedecomp Exit - MemInfo: Wall-clock time since execution start:               0.118954 seconds
20220312 001520.839 INFO             PET1 PIOc_sync Enter - MemInfo: [/proc/meminfo - SSI]	MemTotal:       65855856 kB
20220312 001520.839 INFO             PET1 PIOc_sync Enter - MemInfo: [/proc/meminfo - SSI]	MemFree:        61117896 kB
20220312 001520.839 INFO             PET1 PIOc_sync Enter - MemInfo: [/proc/meminfo - SSI]	MemAvailable:   60925748 kB
20220312 001520.839 INFO             PET1 PIOc_sync Enter - MemInfo: [/proc/meminfo - SSI]	Committed_AS:    3171740 kB
20220312 001520.839 INFO             PET1 PIOc_sync Enter - MemInfo: [/proc/meminfo - SSI]	CommittedPercent: 4.81619 %
20220312 001520.839 INFO             PET1 PIOc_sync Enter - MemInfo: [/proc/self/status]	VmPeak:	  259684 kB
20220312 001520.839 INFO             PET1 PIOc_sync Enter - MemInfo: [/proc/self/status]	VmSize:	  259684 kB
20220312 001520.839 INFO             PET1 PIOc_sync Enter - MemInfo: [/proc/self/status]	VmLck:	       0 kB
20220312 001520.839 INFO             PET1 PIOc_sync Enter - MemInfo: [/proc/self/status]	VmPin:	       0 kB
20220312 001520.839 INFO             PET1 PIOc_sync Enter - MemInfo: [/proc/self/status]	VmHWM:	   35936 kB
20220312 001520.839 INFO             PET1 PIOc_sync Enter - MemInfo: [/proc/self/status]	VmRSS:	   35920 kB
20220312 001520.839 INFO             PET1 PIOc_sync Enter - MemInfo: [/proc/self/status]	VmData:	   24644 kB
20220312 001520.839 INFO             PET1 PIOc_sync Enter - MemInfo: [/proc/self/status]	VmStk:	     508 kB
20220312 001520.839 INFO             PET1 PIOc_sync Enter - MemInfo: [/proc/self/status]	VmExe:	    1832 kB
20220312 001520.839 INFO             PET1 PIOc_sync Enter - MemInfo: [/proc/self/status]	VmLib:	  133788 kB
20220312 001520.839 INFO             PET1 PIOc_sync Enter - MemInfo: [/proc/self/status]	VmPTE:	     400 kB
20220312 001520.839 INFO             PET1 PIOc_sync Enter - MemInfo: [/proc/self/status]	VmPMD:	      12 kB
20220312 001520.839 INFO             PET1 PIOc_sync Enter - MemInfo: [/proc/self/status]	VmSwap:	       0 kB
20220312 001520.839 INFO             PET1 PIOc_sync Enter - MemInfo: [/proc/self/status]	VmRSSPercent: 0.0545434 %
20220312 001520.839 INFO             PET1 PIOc_sync Enter - MemInfo: [malloc] Non-mmapped space allocated:                  774144 Byte
20220312 001520.839 INFO             PET1 PIOc_sync Enter - MemInfo: [malloc] Space allocated in mmapped regions:          2887680 Byte
20220312 001520.839 INFO             PET1 PIOc_sync Enter - MemInfo: [malloc] Maximum total allocated space:                     0 Byte
20220312 001520.839 INFO             PET1 PIOc_sync Enter - MemInfo: [malloc] Space in freed fastbin blocks:                     0 Byte
20220312 001520.839 INFO             PET1 PIOc_sync Enter - MemInfo: [malloc] Total allocated space:                        663664 Byte
20220312 001520.839 INFO             PET1 PIOc_sync Enter - MemInfo: [malloc] Total free space:                             110480 Byte
20220312 001520.839 INFO             PET1 PIOc_sync Enter - MemInfo: [malloc] Top-most, releasable space:                   109632 Byte
20220312 001520.839 INFO             PET1 PIOc_sync Enter - MemInfo: [malloc] Total space in use, mmap + non-mmap:         3551344 Byte
20220312 001520.839 INFO             PET1 PIOc_sync Enter - MemInfo: [malloc] Total space held (mmap + non-mmap):          3661824 Byte
20220312 001520.839 INFO             PET1 PIOc_sync Enter - MemInfo: [malloc] Total space used (mmap + non-mmap):          3559552 Byte
20220312 001520.839 INFO             PET1 PIOc_sync Enter - MemInfo: Wall-clock time since execution start:               0.124612 seconds
20220312 001520.840 INFO             PET1 PIOc_sync Exit - MemInfo: [/proc/meminfo - SSI]	MemTotal:       65855856 kB
20220312 001520.840 INFO             PET1 PIOc_sync Exit - MemInfo: [/proc/meminfo - SSI]	MemFree:        61117896 kB
20220312 001520.840 INFO             PET1 PIOc_sync Exit - MemInfo: [/proc/meminfo - SSI]	MemAvailable:   60925748 kB
20220312 001520.840 INFO             PET1 PIOc_sync Exit - MemInfo: [/proc/meminfo - SSI]	Committed_AS:    3171740 kB
20220312 001520.840 INFO             PET1 PIOc_sync Exit - MemInfo: [/proc/meminfo - SSI]	CommittedPercent: 4.81619 %
20220312 001520.840 INFO             PET1 PIOc_sync Exit - MemInfo: [/proc/self/status]	VmPeak:	  259684 kB
20220312 001520.840 INFO             PET1 PIOc_sync Exit - MemInfo: [/proc/self/status]	VmSize:	  259684 kB
20220312 001520.840 INFO             PET1 PIOc_sync Exit - MemInfo: [/proc/self/status]	VmLck:	       0 kB
20220312 001520.840 INFO             PET1 PIOc_sync Exit - MemInfo: [/proc/self/status]	VmPin:	       0 kB
20220312 001520.840 INFO             PET1 PIOc_sync Exit - MemInfo: [/proc/self/status]	VmHWM:	   35936 kB
20220312 001520.840 INFO             PET1 PIOc_sync Exit - MemInfo: [/proc/self/status]	VmRSS:	   35920 kB
20220312 001520.840 INFO             PET1 PIOc_sync Exit - MemInfo: [/proc/self/status]	VmData:	   24644 kB
20220312 001520.840 INFO             PET1 PIOc_sync Exit - MemInfo: [/proc/self/status]	VmStk:	     508 kB
20220312 001520.840 INFO             PET1 PIOc_sync Exit - MemInfo: [/proc/self/status]	VmExe:	    1832 kB
20220312 001520.840 INFO             PET1 PIOc_sync Exit - MemInfo: [/proc/self/status]	VmLib:	  133788 kB
20220312 001520.840 INFO             PET1 PIOc_sync Exit - MemInfo: [/proc/self/status]	VmPTE:	     400 kB
20220312 001520.840 INFO             PET1 PIOc_sync Exit - MemInfo: [/proc/self/status]	VmPMD:	      12 kB
20220312 001520.840 INFO             PET1 PIOc_sync Exit - MemInfo: [/proc/self/status]	VmSwap:	       0 kB
20220312 001520.840 INFO             PET1 PIOc_sync Exit - MemInfo: [/proc/self/status]	VmRSSPercent: 0.0545434 %
20220312 001520.840 INFO             PET1 PIOc_sync Exit - MemInfo: [malloc] Non-mmapped space allocated:                  774144 Byte
20220312 001520.840 INFO             PET1 PIOc_sync Exit - MemInfo: [malloc] Space allocated in mmapped regions:          2887680 Byte
20220312 001520.840 INFO             PET1 PIOc_sync Exit - MemInfo: [malloc] Maximum total allocated space:                     0 Byte
20220312 001520.840 INFO             PET1 PIOc_sync Exit - MemInfo: [malloc] Space in freed fastbin blocks:                     0 Byte
20220312 001520.840 INFO             PET1 PIOc_sync Exit - MemInfo: [malloc] Total allocated space:                        664128 Byte
20220312 001520.840 INFO             PET1 PIOc_sync Exit - MemInfo: [malloc] Total free space:                             110016 Byte
20220312 001520.840 INFO             PET1 PIOc_sync Exit - MemInfo: [malloc] Top-most, releasable space:                   109408 Byte
20220312 001520.840 INFO             PET1 PIOc_sync Exit - MemInfo: [malloc] Total space in use, mmap + non-mmap:         3551808 Byte
20220312 001520.840 INFO             PET1 PIOc_sync Exit - MemInfo: [malloc] Total space held (mmap + non-mmap):          3661824 Byte
20220312 001520.840 INFO             PET1 PIOc_sync Exit - MemInfo: [malloc] Total space used (mmap + non-mmap):          3560016 Byte
20220312 001520.840 INFO             PET1 PIOc_sync Exit - MemInfo: Wall-clock time since execution start:               0.125154 seconds
20220312 001520.840 INFO             PET1 PIOc_freedecomp Enter - MemInfo: [/proc/meminfo - SSI]	MemTotal:       65855856 kB
20220312 001520.840 INFO             PET1 PIOc_freedecomp Enter - MemInfo: [/proc/meminfo - SSI]	MemFree:        61117896 kB
20220312 001520.840 INFO             PET1 PIOc_freedecomp Enter - MemInfo: [/proc/meminfo - SSI]	MemAvailable:   60925748 kB
20220312 001520.840 INFO             PET1 PIOc_freedecomp Enter - MemInfo: [/proc/meminfo - SSI]	Committed_AS:    3171740 kB
20220312 001520.840 INFO             PET1 PIOc_freedecomp Enter - MemInfo: [/proc/meminfo - SSI]	CommittedPercent: 4.81619 %
20220312 001520.840 INFO             PET1 PIOc_freedecomp Enter - MemInfo: [/proc/self/status]	VmPeak:	  259684 kB
20220312 001520.840 INFO             PET1 PIOc_freedecomp Enter - MemInfo: [/proc/self/status]	VmSize:	  259684 kB
20220312 001520.840 INFO             PET1 PIOc_freedecomp Enter - MemInfo: [/proc/self/status]	VmLck:	       0 kB
20220312 001520.840 INFO             PET1 PIOc_freedecomp Enter - MemInfo: [/proc/self/status]	VmPin:	       0 kB
20220312 001520.840 INFO             PET1 PIOc_freedecomp Enter - MemInfo: [/proc/self/status]	VmHWM:	   35936 kB
20220312 001520.840 INFO             PET1 PIOc_freedecomp Enter - MemInfo: [/proc/self/status]	VmRSS:	   35920 kB
20220312 001520.840 INFO             PET1 PIOc_freedecomp Enter - MemInfo: [/proc/self/status]	VmData:	   24644 kB
20220312 001520.840 INFO             PET1 PIOc_freedecomp Enter - MemInfo: [/proc/self/status]	VmStk:	     508 kB
20220312 001520.840 INFO             PET1 PIOc_freedecomp Enter - MemInfo: [/proc/self/status]	VmExe:	    1832 kB
20220312 001520.840 INFO             PET1 PIOc_freedecomp Enter - MemInfo: [/proc/self/status]	VmLib:	  133788 kB
20220312 001520.840 INFO             PET1 PIOc_freedecomp Enter - MemInfo: [/proc/self/status]	VmPTE:	     400 kB
20220312 001520.840 INFO             PET1 PIOc_freedecomp Enter - MemInfo: [/proc/self/status]	VmPMD:	      12 kB
20220312 001520.840 INFO             PET1 PIOc_freedecomp Enter - MemInfo: [/proc/self/status]	VmSwap:	       0 kB
20220312 001520.840 INFO             PET1 PIOc_freedecomp Enter - MemInfo: [/proc/self/status]	VmRSSPercent: 0.0545434 %
20220312 001520.840 INFO             PET1 PIOc_freedecomp Enter - MemInfo: [malloc] Non-mmapped space allocated:                  774144 Byte
20220312 001520.840 INFO             PET1 PIOc_freedecomp Enter - MemInfo: [malloc] Space allocated in mmapped regions:          2887680 Byte
20220312 001520.840 INFO             PET1 PIOc_freedecomp Enter - MemInfo: [malloc] Maximum total allocated space:                     0 Byte
20220312 001520.840 INFO             PET1 PIOc_freedecomp Enter - MemInfo: [malloc] Space in freed fastbin blocks:                     0 Byte
20220312 001520.840 INFO             PET1 PIOc_freedecomp Enter - MemInfo: [malloc] Total allocated space:                        664352 Byte
20220312 001520.840 INFO             PET1 PIOc_freedecomp Enter - MemInfo: [malloc] Total free space:                             109792 Byte
20220312 001520.841 INFO             PET1 PIOc_freedecomp Enter - MemInfo: [malloc] Top-most, releasable space:                   109184 Byte
20220312 001520.841 INFO             PET1 PIOc_freedecomp Enter - MemInfo: [malloc] Total space in use, mmap + non-mmap:         3552032 Byte
20220312 001520.841 INFO             PET1 PIOc_freedecomp Enter - MemInfo: [malloc] Total space held (mmap + non-mmap):          3661824 Byte
20220312 001520.841 INFO             PET1 PIOc_freedecomp Enter - MemInfo: [malloc] Total space used (mmap + non-mmap):          3560240 Byte
20220312 001520.841 INFO             PET1 PIOc_freedecomp Enter - MemInfo: Wall-clock time since execution start:               0.125711 seconds
20220312 001520.841 INFO             PET1 PIOc_freedecomp Exit - MemInfo: [/proc/meminfo - SSI]	MemTotal:       65855856 kB
20220312 001520.841 INFO             PET1 PIOc_freedecomp Exit - MemInfo: [/proc/meminfo - SSI]	MemFree:        61117896 kB
20220312 001520.841 INFO             PET1 PIOc_freedecomp Exit - MemInfo: [/proc/meminfo - SSI]	MemAvailable:   60925748 kB
20220312 001520.841 INFO             PET1 PIOc_freedecomp Exit - MemInfo: [/proc/meminfo - SSI]	Committed_AS:    3171740 kB
20220312 001520.841 INFO             PET1 PIOc_freedecomp Exit - MemInfo: [/proc/meminfo - SSI]	CommittedPercent: 4.81619 %
20220312 001520.841 INFO             PET1 PIOc_freedecomp Exit - MemInfo: [/proc/self/status]	VmPeak:	  259684 kB
20220312 001520.841 INFO             PET1 PIOc_freedecomp Exit - MemInfo: [/proc/self/status]	VmSize:	  259684 kB
20220312 001520.841 INFO             PET1 PIOc_freedecomp Exit - MemInfo: [/proc/self/status]	VmLck:	       0 kB
20220312 001520.841 INFO             PET1 PIOc_freedecomp Exit - MemInfo: [/proc/self/status]	VmPin:	       0 kB
20220312 001520.841 INFO             PET1 PIOc_freedecomp Exit - MemInfo: [/proc/self/status]	VmHWM:	   35936 kB
20220312 001520.841 INFO             PET1 PIOc_freedecomp Exit - MemInfo: [/proc/self/status]	VmRSS:	   35920 kB
20220312 001520.841 INFO             PET1 PIOc_freedecomp Exit - MemInfo: [/proc/self/status]	VmData:	   24644 kB
20220312 001520.841 INFO             PET1 PIOc_freedecomp Exit - MemInfo: [/proc/self/status]	VmStk:	     508 kB
20220312 001520.841 INFO             PET1 PIOc_freedecomp Exit - MemInfo: [/proc/self/status]	VmExe:	    1832 kB
20220312 001520.841 INFO             PET1 PIOc_freedecomp Exit - MemInfo: [/proc/self/status]	VmLib:	  133788 kB
20220312 001520.841 INFO             PET1 PIOc_freedecomp Exit - MemInfo: [/proc/self/status]	VmPTE:	     400 kB
20220312 001520.841 INFO             PET1 PIOc_freedecomp Exit - MemInfo: [/proc/self/status]	VmPMD:	      12 kB
20220312 001520.841 INFO             PET1 PIOc_freedecomp Exit - MemInfo: [/proc/self/status]	VmSwap:	       0 kB
20220312 001520.841 INFO             PET1 PIOc_freedecomp Exit - MemInfo: [/proc/self/status]	VmRSSPercent: 0.0545434 %
20220312 001520.841 INFO             PET1 PIOc_freedecomp Exit - MemInfo: [malloc] Non-mmapped space allocated:                  774144 Byte
20220312 001520.841 INFO             PET1 PIOc_freedecomp Exit - MemInfo: [malloc] Space allocated in mmapped regions:          2887680 Byte
20220312 001520.841 INFO             PET1 PIOc_freedecomp Exit - MemInfo: [malloc] Maximum total allocated space:                     0 Byte
20220312 001520.841 INFO             PET1 PIOc_freedecomp Exit - MemInfo: [malloc] Space in freed fastbin blocks:                   272 Byte
20220312 001520.841 INFO             PET1 PIOc_freedecomp Exit - MemInfo: [malloc] Total allocated space:                        664080 Byte
20220312 001520.841 INFO             PET1 PIOc_freedecomp Exit - MemInfo: [malloc] Total free space:                             110064 Byte
20220312 001520.841 INFO             PET1 PIOc_freedecomp Exit - MemInfo: [malloc] Top-most, releasable space:                   108960 Byte
20220312 001520.841 INFO             PET1 PIOc_freedecomp Exit - MemInfo: [malloc] Total space in use, mmap + non-mmap:         3551760 Byte
20220312 001520.841 INFO             PET1 PIOc_freedecomp Exit - MemInfo: [malloc] Total space held (mmap + non-mmap):          3661824 Byte
20220312 001520.841 INFO             PET1 PIOc_freedecomp Exit - MemInfo: [malloc] Total space used (mmap + non-mmap):          3559968 Byte
20220312 001520.841 INFO             PET1 PIOc_freedecomp Exit - MemInfo: Wall-clock time since execution start:               0.126236 seconds
20220312 001520.843 INFO             PET1 PIOc_sync Enter - MemInfo: [/proc/meminfo - SSI]	MemTotal:       65855856 kB
20220312 001520.843 INFO             PET1 PIOc_sync Enter - MemInfo: [/proc/meminfo - SSI]	MemFree:        61117132 kB
20220312 001520.843 INFO             PET1 PIOc_sync Enter - MemInfo: [/proc/meminfo - SSI]	MemAvailable:   60925004 kB
20220312 001520.843 INFO             PET1 PIOc_sync Enter - MemInfo: [/proc/meminfo - SSI]	Committed_AS:    3171740 kB
20220312 001520.843 INFO             PET1 PIOc_sync Enter - MemInfo: [/proc/meminfo - SSI]	CommittedPercent: 4.81619 %
20220312 001520.843 INFO             PET1 PIOc_sync Enter - MemInfo: [/proc/self/status]	VmPeak:	  259684 kB
20220312 001520.843 INFO             PET1 PIOc_sync Enter - MemInfo: [/proc/self/status]	VmSize:	  259660 kB
20220312 001520.843 INFO             PET1 PIOc_sync Enter - MemInfo: [/proc/self/status]	VmLck:	       0 kB
20220312 001520.843 INFO             PET1 PIOc_sync Enter - MemInfo: [/proc/self/status]	VmPin:	       0 kB
20220312 001520.843 INFO             PET1 PIOc_sync Enter - MemInfo: [/proc/self/status]	VmHWM:	   35944 kB
20220312 001520.843 INFO             PET1 PIOc_sync Enter - MemInfo: [/proc/self/status]	VmRSS:	   35928 kB
20220312 001520.843 INFO             PET1 PIOc_sync Enter - MemInfo: [/proc/self/status]	VmData:	   24644 kB
20220312 001520.843 INFO             PET1 PIOc_sync Enter - MemInfo: [/proc/self/status]	VmStk:	     508 kB
20220312 001520.843 INFO             PET1 PIOc_sync Enter - MemInfo: [/proc/self/status]	VmExe:	    1832 kB
20220312 001520.843 INFO             PET1 PIOc_sync Enter - MemInfo: [/proc/self/status]	VmLib:	  133788 kB
20220312 001520.843 INFO             PET1 PIOc_sync Enter - MemInfo: [/proc/self/status]	VmPTE:	     400 kB
20220312 001520.843 INFO             PET1 PIOc_sync Enter - MemInfo: [/proc/self/status]	VmPMD:	      12 kB
20220312 001520.843 INFO             PET1 PIOc_sync Enter - MemInfo: [/proc/self/status]	VmSwap:	       0 kB
20220312 001520.843 INFO             PET1 PIOc_sync Enter - MemInfo: [/proc/self/status]	VmRSSPercent: 0.0545555 %
20220312 001520.843 INFO             PET1 PIOc_sync Enter - MemInfo: [malloc] Non-mmapped space allocated:                  774144 Byte
20220312 001520.843 INFO             PET1 PIOc_sync Enter - MemInfo: [malloc] Space allocated in mmapped regions:          2887680 Byte
20220312 001520.843 INFO             PET1 PIOc_sync Enter - MemInfo: [malloc] Maximum total allocated space:                     0 Byte
20220312 001520.843 INFO             PET1 PIOc_sync Enter - MemInfo: [malloc] Space in freed fastbin blocks:                     0 Byte
20220312 001520.843 INFO             PET1 PIOc_sync Enter - MemInfo: [malloc] Total allocated space:                        664288 Byte
20220312 001520.843 INFO             PET1 PIOc_sync Enter - MemInfo: [malloc] Total free space:                             109856 Byte
20220312 001520.843 INFO             PET1 PIOc_sync Enter - MemInfo: [malloc] Top-most, releasable space:                   108736 Byte
20220312 001520.843 INFO             PET1 PIOc_sync Enter - MemInfo: [malloc] Total space in use, mmap + non-mmap:         3551968 Byte
20220312 001520.843 INFO             PET1 PIOc_sync Enter - MemInfo: [malloc] Total space held (mmap + non-mmap):          3661824 Byte
20220312 001520.843 INFO             PET1 PIOc_sync Enter - MemInfo: [malloc] Total space used (mmap + non-mmap):          3560176 Byte
20220312 001520.843 INFO             PET1 PIOc_sync Enter - MemInfo: Wall-clock time since execution start:               0.128541 seconds
20220312 001520.843 INFO             PET1 PIOc_sync Exit - MemInfo: [/proc/meminfo - SSI]	MemTotal:       65855856 kB
20220312 001520.843 INFO             PET1 PIOc_sync Exit - MemInfo: [/proc/meminfo - SSI]	MemFree:        61117132 kB
20220312 001520.844 INFO             PET1 PIOc_sync Exit - MemInfo: [/proc/meminfo - SSI]	MemAvailable:   60925004 kB
20220312 001520.844 INFO             PET1 PIOc_sync Exit - MemInfo: [/proc/meminfo - SSI]	Committed_AS:    3171740 kB
20220312 001520.844 INFO             PET1 PIOc_sync Exit - MemInfo: [/proc/meminfo - SSI]	CommittedPercent: 4.81619 %
20220312 001520.844 INFO             PET1 PIOc_sync Exit - MemInfo: [/proc/self/status]	VmPeak:	  259684 kB
20220312 001520.844 INFO             PET1 PIOc_sync Exit - MemInfo: [/proc/self/status]	VmSize:	  259660 kB
20220312 001520.844 INFO             PET1 PIOc_sync Exit - MemInfo: [/proc/self/status]	VmLck:	       0 kB
20220312 001520.844 INFO             PET1 PIOc_sync Exit - MemInfo: [/proc/self/status]	VmPin:	       0 kB
20220312 001520.844 INFO             PET1 PIOc_sync Exit - MemInfo: [/proc/self/status]	VmHWM:	   35944 kB
20220312 001520.844 INFO             PET1 PIOc_sync Exit - MemInfo: [/proc/self/status]	VmRSS:	   35928 kB
20220312 001520.844 INFO             PET1 PIOc_sync Exit - MemInfo: [/proc/self/status]	VmData:	   24644 kB
20220312 001520.844 INFO             PET1 PIOc_sync Exit - MemInfo: [/proc/self/status]	VmStk:	     508 kB
20220312 001520.844 INFO             PET1 PIOc_sync Exit - MemInfo: [/proc/self/status]	VmExe:	    1832 kB
20220312 001520.844 INFO             PET1 PIOc_sync Exit - MemInfo: [/proc/self/status]	VmLib:	  133788 kB
20220312 001520.844 INFO             PET1 PIOc_sync Exit - MemInfo: [/proc/self/status]	VmPTE:	     404 kB
20220312 001520.844 INFO             PET1 PIOc_sync Exit - MemInfo: [/proc/self/status]	VmPMD:	      12 kB
20220312 001520.844 INFO             PET1 PIOc_sync Exit - MemInfo: [/proc/self/status]	VmSwap:	       0 kB
20220312 001520.844 INFO             PET1 PIOc_sync Exit - MemInfo: [/proc/self/status]	VmRSSPercent: 0.0545555 %
20220312 001520.844 INFO             PET1 PIOc_sync Exit - MemInfo: [malloc] Non-mmapped space allocated:                  774144 Byte
20220312 001520.844 INFO             PET1 PIOc_sync Exit - MemInfo: [malloc] Space allocated in mmapped regions:          2887680 Byte
20220312 001520.844 INFO             PET1 PIOc_sync Exit - MemInfo: [malloc] Maximum total allocated space:                     0 Byte
20220312 001520.844 INFO             PET1 PIOc_sync Exit - MemInfo: [malloc] Space in freed fastbin blocks:                     0 Byte
20220312 001520.844 INFO             PET1 PIOc_sync Exit - MemInfo: [malloc] Total allocated space:                        664528 Byte
20220312 001520.844 INFO             PET1 PIOc_sync Exit - MemInfo: [malloc] Total free space:                             109616 Byte
20220312 001520.844 INFO             PET1 PIOc_sync Exit - MemInfo: [malloc] Top-most, releasable space:                   108512 Byte
20220312 001520.844 INFO             PET1 PIOc_sync Exit - MemInfo: [malloc] Total space in use, mmap + non-mmap:         3552208 Byte
20220312 001520.844 INFO             PET1 PIOc_sync Exit - MemInfo: [malloc] Total space held (mmap + non-mmap):          3661824 Byte
20220312 001520.844 INFO             PET1 PIOc_sync Exit - MemInfo: [malloc] Total space used (mmap + non-mmap):          3560416 Byte
20220312 001520.844 INFO             PET1 PIOc_sync Exit - MemInfo: Wall-clock time since execution start:                0.12908 seconds
20220312 001520.844 INFO             PET1 PIOc_freedecomp Enter - MemInfo: [/proc/meminfo - SSI]	MemTotal:       65855856 kB
20220312 001520.844 INFO             PET1 PIOc_freedecomp Enter - MemInfo: [/proc/meminfo - SSI]	MemFree:        61117132 kB
20220312 001520.844 INFO             PET1 PIOc_freedecomp Enter - MemInfo: [/proc/meminfo - SSI]	MemAvailable:   60925004 kB
20220312 001520.844 INFO             PET1 PIOc_freedecomp Enter - MemInfo: [/proc/meminfo - SSI]	Committed_AS:    3171740 kB
20220312 001520.844 INFO             PET1 PIOc_freedecomp Enter - MemInfo: [/proc/meminfo - SSI]	CommittedPercent: 4.81619 %
20220312 001520.844 INFO             PET1 PIOc_freedecomp Enter - MemInfo: [/proc/self/status]	VmPeak:	  259684 kB
20220312 001520.844 INFO             PET1 PIOc_freedecomp Enter - MemInfo: [/proc/self/status]	VmSize:	  259660 kB
20220312 001520.844 INFO             PET1 PIOc_freedecomp Enter - MemInfo: [/proc/self/status]	VmLck:	       0 kB
20220312 001520.844 INFO             PET1 PIOc_freedecomp Enter - MemInfo: [/proc/self/status]	VmPin:	       0 kB
20220312 001520.844 INFO             PET1 PIOc_freedecomp Enter - MemInfo: [/proc/self/status]	VmHWM:	   35944 kB
20220312 001520.844 INFO             PET1 PIOc_freedecomp Enter - MemInfo: [/proc/self/status]	VmRSS:	   35928 kB
20220312 001520.844 INFO             PET1 PIOc_freedecomp Enter - MemInfo: [/proc/self/status]	VmData:	   24644 kB
20220312 001520.844 INFO             PET1 PIOc_freedecomp Enter - MemInfo: [/proc/self/status]	VmStk:	     508 kB
20220312 001520.844 INFO             PET1 PIOc_freedecomp Enter - MemInfo: [/proc/self/status]	VmExe:	    1832 kB
20220312 001520.844 INFO             PET1 PIOc_freedecomp Enter - MemInfo: [/proc/self/status]	VmLib:	  133788 kB
20220312 001520.844 INFO             PET1 PIOc_freedecomp Enter - MemInfo: [/proc/self/status]	VmPTE:	     404 kB
20220312 001520.844 INFO             PET1 PIOc_freedecomp Enter - MemInfo: [/proc/self/status]	VmPMD:	      12 kB
20220312 001520.844 INFO             PET1 PIOc_freedecomp Enter - MemInfo: [/proc/self/status]	VmSwap:	       0 kB
20220312 001520.844 INFO             PET1 PIOc_freedecomp Enter - MemInfo: [/proc/self/status]	VmRSSPercent: 0.0545555 %
20220312 001520.844 INFO             PET1 PIOc_freedecomp Enter - MemInfo: [malloc] Non-mmapped space allocated:                  774144 Byte
20220312 001520.844 INFO             PET1 PIOc_freedecomp Enter - MemInfo: [malloc] Space allocated in mmapped regions:          2887680 Byte
20220312 001520.844 INFO             PET1 PIOc_freedecomp Enter - MemInfo: [malloc] Maximum total allocated space:                     0 Byte
20220312 001520.844 INFO             PET1 PIOc_freedecomp Enter - MemInfo: [malloc] Space in freed fastbin blocks:                     0 Byte
20220312 001520.844 INFO             PET1 PIOc_freedecomp Enter - MemInfo: [malloc] Total allocated space:                        664240 Byte
20220312 001520.844 INFO             PET1 PIOc_freedecomp Enter - MemInfo: [malloc] Total free space:                             109904 Byte
20220312 001520.844 INFO             PET1 PIOc_freedecomp Enter - MemInfo: [malloc] Top-most, releasable space:                   108288 Byte
20220312 001520.844 INFO             PET1 PIOc_freedecomp Enter - MemInfo: [malloc] Total space in use, mmap + non-mmap:         3551920 Byte
20220312 001520.844 INFO             PET1 PIOc_freedecomp Enter - MemInfo: [malloc] Total space held (mmap + non-mmap):          3661824 Byte
20220312 001520.844 INFO             PET1 PIOc_freedecomp Enter - MemInfo: [malloc] Total space used (mmap + non-mmap):          3560128 Byte
20220312 001520.844 INFO             PET1 PIOc_freedecomp Enter - MemInfo: Wall-clock time since execution start:               0.129628 seconds
20220312 001520.845 INFO             PET1 PIOc_freedecomp Exit - MemInfo: [/proc/meminfo - SSI]	MemTotal:       65855856 kB
20220312 001520.845 INFO             PET1 PIOc_freedecomp Exit - MemInfo: [/proc/meminfo - SSI]	MemFree:        61117132 kB
20220312 001520.845 INFO             PET1 PIOc_freedecomp Exit - MemInfo: [/proc/meminfo - SSI]	MemAvailable:   60925004 kB
20220312 001520.845 INFO             PET1 PIOc_freedecomp Exit - MemInfo: [/proc/meminfo - SSI]	Committed_AS:    3171740 kB
20220312 001520.845 INFO             PET1 PIOc_freedecomp Exit - MemInfo: [/proc/meminfo - SSI]	CommittedPercent: 4.81619 %
20220312 001520.845 INFO             PET1 PIOc_freedecomp Exit - MemInfo: [/proc/self/status]	VmPeak:	  259684 kB
20220312 001520.845 INFO             PET1 PIOc_freedecomp Exit - MemInfo: [/proc/self/status]	VmSize:	  259660 kB
20220312 001520.845 INFO             PET1 PIOc_freedecomp Exit - MemInfo: [/proc/self/status]	VmLck:	       0 kB
20220312 001520.845 INFO             PET1 PIOc_freedecomp Exit - MemInfo: [/proc/self/status]	VmPin:	       0 kB
20220312 001520.845 INFO             PET1 PIOc_freedecomp Exit - MemInfo: [/proc/self/status]	VmHWM:	   35944 kB
20220312 001520.845 INFO             PET1 PIOc_freedecomp Exit - MemInfo: [/proc/self/status]	VmRSS:	   35928 kB
20220312 001520.845 INFO             PET1 PIOc_freedecomp Exit - MemInfo: [/proc/self/status]	VmData:	   24644 kB
20220312 001520.845 INFO             PET1 PIOc_freedecomp Exit - MemInfo: [/proc/self/status]	VmStk:	     508 kB
20220312 001520.845 INFO             PET1 PIOc_freedecomp Exit - MemInfo: [/proc/self/status]	VmExe:	    1832 kB
20220312 001520.845 INFO             PET1 PIOc_freedecomp Exit - MemInfo: [/proc/self/status]	VmLib:	  133788 kB
20220312 001520.845 INFO             PET1 PIOc_freedecomp Exit - MemInfo: [/proc/self/status]	VmPTE:	     404 kB
20220312 001520.845 INFO             PET1 PIOc_freedecomp Exit - MemInfo: [/proc/self/status]	VmPMD:	      12 kB
20220312 001520.845 INFO             PET1 PIOc_freedecomp Exit - MemInfo: [/proc/self/status]	VmSwap:	       0 kB
20220312 001520.845 INFO             PET1 PIOc_freedecomp Exit - MemInfo: [/proc/self/status]	VmRSSPercent: 0.0545555 %
20220312 001520.845 INFO             PET1 PIOc_freedecomp Exit - MemInfo: [malloc] Non-mmapped space allocated:                  774144 Byte
20220312 001520.845 INFO             PET1 PIOc_freedecomp Exit - MemInfo: [malloc] Space allocated in mmapped regions:          2887680 Byte
20220312 001520.845 INFO             PET1 PIOc_freedecomp Exit - MemInfo: [malloc] Maximum total allocated space:                     0 Byte
20220312 001520.845 INFO             PET1 PIOc_freedecomp Exit - MemInfo: [malloc] Space in freed fastbin blocks:                   432 Byte
20220312 001520.845 INFO             PET1 PIOc_freedecomp Exit - MemInfo: [malloc] Total allocated space:                        663808 Byte
20220312 001520.845 INFO             PET1 PIOc_freedecomp Exit - MemInfo: [malloc] Total free space:                             110336 Byte
20220312 001520.845 INFO             PET1 PIOc_freedecomp Exit - MemInfo: [malloc] Top-most, releasable space:                   108064 Byte
20220312 001520.845 INFO             PET1 PIOc_freedecomp Exit - MemInfo: [malloc] Total space in use, mmap + non-mmap:         3551488 Byte
20220312 001520.845 INFO             PET1 PIOc_freedecomp Exit - MemInfo: [malloc] Total space held (mmap + non-mmap):          3661824 Byte
20220312 001520.845 INFO             PET1 PIOc_freedecomp Exit - MemInfo: [malloc] Total space used (mmap + non-mmap):          3559696 Byte
20220312 001520.845 INFO             PET1 PIOc_freedecomp Exit - MemInfo: Wall-clock time since execution start:               0.130132 seconds
20220312 001520.846 INFO             PET1  PASS  ESMF_OutputWeightFile, ESMF_IOUTest.F90, line 81
20220312 001520.861 INFO             PET1  PASS  call ESMF_OutputWeightFile with empty factor list on four PETs, ESMF_IOUTest.F90, line 191
20220312 001520.861 INFO             PET1  Ending Test, file ESMF_IOUTest.F90, line 201
20220312 001520.861 INFO             PET1 Finalizing ESMF
20220312 001520.751 INFO             PET2 !!!!!!!!!!!!!!!!!!!!!!!!!!!!!!!!!!!!!!!!!!!!!!!!!!!!!!
20220312 001520.751 INFO             PET2 !!! THE ESMF_LOG IS SET TO OUTPUT ALL LOG MESSAGES !!!
20220312 001520.751 INFO             PET2 !!!     THIS MAY CAUSE SLOWDOWN IN PERFORMANCE     !!!
20220312 001520.751 INFO             PET2 !!! FOR PRODUCTION RUNS, USE:                      !!!
20220312 001520.751 INFO             PET2 !!!                   ESMF_LOGKIND_Multi_On_Error  !!!
20220312 001520.751 INFO             PET2 !!!!!!!!!!!!!!!!!!!!!!!!!!!!!!!!!!!!!!!!!!!!!!!!!!!!!!
20220312 001520.751 INFO             PET2 Running with ESMF Version   : v8.3.0b09-96-g559b459836
20220312 001520.751 INFO             PET2 ESMF library build date/time: "Mar 11 2022" "23:55:33"
20220312 001520.751 INFO             PET2 ESMF library build location : /lustre/f2/dev/ncep/Mark.Potts/intel_2019.5_mpi_g_jedwards_pio_update2
20220312 001520.751 INFO             PET2 ESMF_COMM                   : mpi
20220312 001520.752 INFO             PET2 ESMF_MOAB                   : enabled
20220312 001520.752 INFO             PET2 ESMF_LAPACK                 : enabled
20220312 001520.752 INFO             PET2 ESMF_NETCDF                 : enabled
20220312 001520.752 INFO             PET2 ESMF_PNETCDF                : disabled
20220312 001520.752 INFO             PET2 ESMF_PIO                    : enabled
20220312 001520.752 INFO             PET2 ESMF_YAMLCPP                : enabled
20220312 001520.754 INFO             PET2  Beginning Test, file ESMF_IOUTest.F90, line 57
20220312 001520.754 INFO             PET2  NUMBER_OF_PROCESSORS           4
20220312 001520.754 INFO             PET2 Starting Test:  ESMF_OutputWeightFile
20220312 001520.829 INFO             PET2 PIOc_sync Enter - MemInfo: [/proc/meminfo - SSI]	MemTotal:       65855856 kB
20220312 001520.829 INFO             PET2 PIOc_sync Enter - MemInfo: [/proc/meminfo - SSI]	MemFree:        61114368 kB
20220312 001520.829 INFO             PET2 PIOc_sync Enter - MemInfo: [/proc/meminfo - SSI]	MemAvailable:   60922220 kB
20220312 001520.829 INFO             PET2 PIOc_sync Enter - MemInfo: [/proc/meminfo - SSI]	Committed_AS:    3171336 kB
20220312 001520.829 INFO             PET2 PIOc_sync Enter - MemInfo: [/proc/meminfo - SSI]	CommittedPercent: 4.81557 %
20220312 001520.829 INFO             PET2 PIOc_sync Enter - MemInfo: [/proc/self/status]	VmPeak:	  259684 kB
20220312 001520.829 INFO             PET2 PIOc_sync Enter - MemInfo: [/proc/self/status]	VmSize:	  259684 kB
20220312 001520.829 INFO             PET2 PIOc_sync Enter - MemInfo: [/proc/self/status]	VmLck:	       0 kB
20220312 001520.829 INFO             PET2 PIOc_sync Enter - MemInfo: [/proc/self/status]	VmPin:	       0 kB
20220312 001520.829 INFO             PET2 PIOc_sync Enter - MemInfo: [/proc/self/status]	VmHWM:	   35716 kB
20220312 001520.829 INFO             PET2 PIOc_sync Enter - MemInfo: [/proc/self/status]	VmRSS:	   35716 kB
20220312 001520.829 INFO             PET2 PIOc_sync Enter - MemInfo: [/proc/self/status]	VmData:	   24644 kB
20220312 001520.829 INFO             PET2 PIOc_sync Enter - MemInfo: [/proc/self/status]	VmStk:	     508 kB
20220312 001520.829 INFO             PET2 PIOc_sync Enter - MemInfo: [/proc/self/status]	VmExe:	    1832 kB
20220312 001520.829 INFO             PET2 PIOc_sync Enter - MemInfo: [/proc/self/status]	VmLib:	  133788 kB
20220312 001520.829 INFO             PET2 PIOc_sync Enter - MemInfo: [/proc/self/status]	VmPTE:	     400 kB
20220312 001520.829 INFO             PET2 PIOc_sync Enter - MemInfo: [/proc/self/status]	VmPMD:	      12 kB
20220312 001520.829 INFO             PET2 PIOc_sync Enter - MemInfo: [/proc/self/status]	VmSwap:	       0 kB
20220312 001520.829 INFO             PET2 PIOc_sync Enter - MemInfo: [/proc/self/status]	VmRSSPercent: 0.0542336 %
20220312 001520.829 INFO             PET2 PIOc_sync Enter - MemInfo: [malloc] Non-mmapped space allocated:                  774144 Byte
20220312 001520.829 INFO             PET2 PIOc_sync Enter - MemInfo: [malloc] Space allocated in mmapped regions:          2887680 Byte
20220312 001520.830 INFO             PET2 PIOc_sync Enter - MemInfo: [malloc] Maximum total allocated space:                     0 Byte
20220312 001520.830 INFO             PET2 PIOc_sync Enter - MemInfo: [malloc] Space in freed fastbin blocks:                     0 Byte
20220312 001520.830 INFO             PET2 PIOc_sync Enter - MemInfo: [malloc] Total allocated space:                        658080 Byte
20220312 001520.830 INFO             PET2 PIOc_sync Enter - MemInfo: [malloc] Total free space:                             116064 Byte
20220312 001520.831 INFO             PET2 PIOc_sync Enter - MemInfo: [malloc] Top-most, releasable space:                   116064 Byte
20220312 001520.831 INFO             PET2 PIOc_sync Enter - MemInfo: [malloc] Total space in use, mmap + non-mmap:         3545760 Byte
20220312 001520.831 INFO             PET2 PIOc_sync Enter - MemInfo: [malloc] Total space held (mmap + non-mmap):          3661824 Byte
20220312 001520.831 INFO             PET2 PIOc_sync Enter - MemInfo: [malloc] Total space used (mmap + non-mmap):          3555376 Byte
20220312 001520.832 INFO             PET2 PIOc_sync Enter - MemInfo: Wall-clock time since execution start:               0.115972 seconds
20220312 001520.832 INFO             PET2 PIOc_sync Exit - MemInfo: [/proc/meminfo - SSI]	MemTotal:       65855856 kB
20220312 001520.832 INFO             PET2 PIOc_sync Exit - MemInfo: [/proc/meminfo - SSI]	MemFree:        61113864 kB
20220312 001520.832 INFO             PET2 PIOc_sync Exit - MemInfo: [/proc/meminfo - SSI]	MemAvailable:   60921716 kB
20220312 001520.832 INFO             PET2 PIOc_sync Exit - MemInfo: [/proc/meminfo - SSI]	Committed_AS:    3171336 kB
20220312 001520.832 INFO             PET2 PIOc_sync Exit - MemInfo: [/proc/meminfo - SSI]	CommittedPercent: 4.81557 %
20220312 001520.832 INFO             PET2 PIOc_sync Exit - MemInfo: [/proc/self/status]	VmPeak:	  259684 kB
20220312 001520.832 INFO             PET2 PIOc_sync Exit - MemInfo: [/proc/self/status]	VmSize:	  259684 kB
20220312 001520.832 INFO             PET2 PIOc_sync Exit - MemInfo: [/proc/self/status]	VmLck:	       0 kB
20220312 001520.832 INFO             PET2 PIOc_sync Exit - MemInfo: [/proc/self/status]	VmPin:	       0 kB
20220312 001520.832 INFO             PET2 PIOc_sync Exit - MemInfo: [/proc/self/status]	VmHWM:	   35936 kB
20220312 001520.832 INFO             PET2 PIOc_sync Exit - MemInfo: [/proc/self/status]	VmRSS:	   35936 kB
20220312 001520.832 INFO             PET2 PIOc_sync Exit - MemInfo: [/proc/self/status]	VmData:	   24644 kB
20220312 001520.832 INFO             PET2 PIOc_sync Exit - MemInfo: [/proc/self/status]	VmStk:	     508 kB
20220312 001520.832 INFO             PET2 PIOc_sync Exit - MemInfo: [/proc/self/status]	VmExe:	    1832 kB
20220312 001520.832 INFO             PET2 PIOc_sync Exit - MemInfo: [/proc/self/status]	VmLib:	  133788 kB
20220312 001520.832 INFO             PET2 PIOc_sync Exit - MemInfo: [/proc/self/status]	VmPTE:	     400 kB
