build time -- 2022-03-13 00:03:10
20220313 001928.769 INFO             PET0 !!!!!!!!!!!!!!!!!!!!!!!!!!!!!!!!!!!!!!!!!!!!!!!!!!!!!!
20220313 001928.769 INFO             PET0 !!! THE ESMF_LOG IS SET TO OUTPUT ALL LOG MESSAGES !!!
20220313 001928.769 INFO             PET0 !!!     THIS MAY CAUSE SLOWDOWN IN PERFORMANCE     !!!
20220313 001928.769 INFO             PET0 !!! FOR PRODUCTION RUNS, USE:                      !!!
20220313 001928.769 INFO             PET0 !!!                   ESMF_LOGKIND_Multi_On_Error  !!!
20220313 001928.769 INFO             PET0 !!!!!!!!!!!!!!!!!!!!!!!!!!!!!!!!!!!!!!!!!!!!!!!!!!!!!!
20220313 001928.769 INFO             PET0 Running with ESMF Version   : v8.3.0b09-96-g559b459836
20220313 001928.769 INFO             PET0 ESMF library build date/time: "Mar 13 2022" "00:01:08"
20220313 001928.769 INFO             PET0 ESMF library build location : /lustre/f2/dev/ncep/Mark.Potts/intel_2019.5_mpi_g_jedwards_pio_update2
20220313 001928.769 INFO             PET0 ESMF_COMM                   : mpi
20220313 001928.770 INFO             PET0 ESMF_MOAB                   : enabled
20220313 001928.770 INFO             PET0 ESMF_LAPACK                 : enabled
20220313 001928.770 INFO             PET0 ESMF_NETCDF                 : enabled
20220313 001928.770 INFO             PET0 ESMF_PNETCDF                : disabled
20220313 001928.770 INFO             PET0 ESMF_PIO                    : enabled
20220313 001928.770 INFO             PET0 ESMF_YAMLCPP                : enabled
20220313 001928.773 INFO             PET0  Beginning Test, file ESMF_RouteHandleAdvancedUTest.F90, line 346
20220313 001928.773 INFO             PET0  NUMBER_OF_PROCESSORS           4
20220313 001928.788 INFO             PET0 ESMF_FieldRedistStoreNF(): Just entered routine.
20220313 001928.882 INFO             PET0 ESMF_FieldRedistStoreNF(): Leaving routine.
20220313 001928.882 INFO             PET0  PASS  Create RouteHandle for the original petList, ESMF_RouteHandleAdvancedUTest.F90, line 511
20220313 001928.882 INFO             PET0  PASS  Test RouteHandleIsCreated(), ESMF_RouteHandleAdvancedUTest.F90, line 519
20220313 001928.882 INFO             PET0  PASS  Test RouteHandleIsCreated() return value, ESMF_RouteHandleAdvancedUTest.F90, line 526
20220313 001928.882 INFO             PET0  PASS  Test RouteHandleGet(), ESMF_RouteHandleAdvancedUTest.F90, line 534
20220313 001928.889 INFO             PET0  PASS  Test RouteHandleWrite(), ESMF_RouteHandleAdvancedUTest.F90, line 542
20220313 001928.889 INFO             PET0  PASS  Test RouteHandleDestroy(), ESMF_RouteHandleAdvancedUTest.F90, line 550
20220313 001928.891 INFO             PET0  PASS  Test RouteHandleCreate(from file), ESMF_RouteHandleAdvancedUTest.F90, line 558
20220313 001928.893 INFO             PET0  PASS  Apply the read in Routehandle, ESMF_RouteHandleAdvancedUTest.F90, line 567
20220313 001928.893 INFO             PET0  PASS  Test RouteHandleDestroy() for the read in Routehandle, ESMF_RouteHandleAdvancedUTest.F90, line 575
20220313 001928.893 INFO             PET0 ESMF_FieldRedistStoreNF(): Just entered routine.
20220313 001928.979 INFO             PET0 ESMF_FieldRedistStoreNF(): Leaving routine.
20220313 001928.979 INFO             PET0  PASS  Create RouteHandle for the original petList, ESMF_RouteHandleAdvancedUTest.F90, line 585
20220313 001928.979 INFO             PET0  PASS  Transfer RouteHandle to a different petList, ESMF_RouteHandleAdvancedUTest.F90, line 602
20220313 001929.005 INFO             PET0 PIOc_sync Enter - MemInfo: [/proc/meminfo - SSI]	MemTotal:       65855856 kB
20220313 001929.005 INFO             PET0 PIOc_sync Enter - MemInfo: [/proc/meminfo - SSI]	MemFree:        60974064 kB
20220313 001929.005 INFO             PET0 PIOc_sync Enter - MemInfo: [/proc/meminfo - SSI]	MemAvailable:   60807384 kB
20220313 001929.005 INFO             PET0 PIOc_sync Enter - MemInfo: [/proc/meminfo - SSI]	Committed_AS:    3287436 kB
20220313 001929.005 INFO             PET0 PIOc_sync Enter - MemInfo: [/proc/meminfo - SSI]	CommittedPercent: 4.99187 %
20220313 001929.005 INFO             PET0 PIOc_sync Enter - MemInfo: [/proc/self/status]	VmPeak:	  348168 kB
20220313 001929.005 INFO             PET0 PIOc_sync Enter - MemInfo: [/proc/self/status]	VmSize:	  348168 kB
20220313 001929.005 INFO             PET0 PIOc_sync Enter - MemInfo: [/proc/self/status]	VmLck:	       0 kB
20220313 001929.005 INFO             PET0 PIOc_sync Enter - MemInfo: [/proc/self/status]	VmPin:	       0 kB
20220313 001929.006 INFO             PET0 PIOc_sync Enter - MemInfo: [/proc/self/status]	VmHWM:	   54660 kB
20220313 001929.006 INFO             PET0 PIOc_sync Enter - MemInfo: [/proc/self/status]	VmRSS:	   54660 kB
20220313 001929.006 INFO             PET0 PIOc_sync Enter - MemInfo: [/proc/self/status]	VmData:	   45516 kB
20220313 001929.006 INFO             PET0 PIOc_sync Enter - MemInfo: [/proc/self/status]	VmStk:	     508 kB
20220313 001929.006 INFO             PET0 PIOc_sync Enter - MemInfo: [/proc/self/status]	VmExe:	    1868 kB
20220313 001929.006 INFO             PET0 PIOc_sync Enter - MemInfo: [/proc/self/status]	VmLib:	  133788 kB
20220313 001929.006 INFO             PET0 PIOc_sync Enter - MemInfo: [/proc/self/status]	VmPTE:	     532 kB
20220313 001929.006 INFO             PET0 PIOc_sync Enter - MemInfo: [/proc/self/status]	VmPMD:	      12 kB
20220313 001929.006 INFO             PET0 PIOc_sync Enter - MemInfo: [/proc/self/status]	VmSwap:	       0 kB
20220313 001929.006 INFO             PET0 PIOc_sync Enter - MemInfo: [/proc/self/status]	VmRSSPercent: 0.0829995 %
20220313 001929.006 INFO             PET0 PIOc_sync Enter - MemInfo: [malloc] Non-mmapped space allocated:                22007808 Byte
20220313 001929.006 INFO             PET0 PIOc_sync Enter - MemInfo: [malloc] Space allocated in mmapped regions:          3026944 Byte
20220313 001929.006 INFO             PET0 PIOc_sync Enter - MemInfo: [malloc] Maximum total allocated space:                     0 Byte
20220313 001929.006 INFO             PET0 PIOc_sync Enter - MemInfo: [malloc] Space in freed fastbin blocks:                     0 Byte
20220313 001929.006 INFO             PET0 PIOc_sync Enter - MemInfo: [malloc] Total allocated space:                      10899488 Byte
20220313 001929.006 INFO             PET0 PIOc_sync Enter - MemInfo: [malloc] Total free space:                           11108320 Byte
20220313 001929.006 INFO             PET0 PIOc_sync Enter - MemInfo: [malloc] Top-most, releasable space:                  6362640 Byte
20220313 001929.006 INFO             PET0 PIOc_sync Enter - MemInfo: [malloc] Total space in use, mmap + non-mmap:        13926432 Byte
20220313 001929.006 INFO             PET0 PIOc_sync Enter - MemInfo: [malloc] Total space held (mmap + non-mmap):         25034752 Byte
20220313 001929.006 INFO             PET0 PIOc_sync Enter - MemInfo: [malloc] Total space used (mmap + non-mmap):         13935520 Byte
20220313 001929.006 INFO             PET0 PIOc_sync Enter - MemInfo: Wall-clock time since execution start:               0.259175 seconds
20220313 001932.666 INFO             PET0 PIOc_sync Exit - MemInfo: [/proc/meminfo - SSI]	MemTotal:       65855856 kB
20220313 001932.667 INFO             PET0 PIOc_sync Exit - MemInfo: [/proc/meminfo - SSI]	MemFree:        60984532 kB
20220313 001932.667 INFO             PET0 PIOc_sync Exit - MemInfo: [/proc/meminfo - SSI]	MemAvailable:   60819592 kB
20220313 001932.667 INFO             PET0 PIOc_sync Exit - MemInfo: [/proc/meminfo - SSI]	Committed_AS:    3287436 kB
20220313 001932.667 INFO             PET0 PIOc_sync Exit - MemInfo: [/proc/meminfo - SSI]	CommittedPercent: 4.99187 %
20220313 001932.667 INFO             PET0 PIOc_sync Exit - MemInfo: [/proc/self/status]	VmPeak:	  348168 kB
20220313 001932.667 INFO             PET0 PIOc_sync Exit - MemInfo: [/proc/self/status]	VmSize:	  348168 kB
20220313 001932.667 INFO             PET0 PIOc_sync Exit - MemInfo: [/proc/self/status]	VmLck:	       0 kB
20220313 001932.667 INFO             PET0 PIOc_sync Exit - MemInfo: [/proc/self/status]	VmPin:	       0 kB
20220313 001932.667 INFO             PET0 PIOc_sync Exit - MemInfo: [/proc/self/status]	VmHWM:	   54884 kB
20220313 001932.667 INFO             PET0 PIOc_sync Exit - MemInfo: [/proc/self/status]	VmRSS:	   54884 kB
20220313 001932.667 INFO             PET0 PIOc_sync Exit - MemInfo: [/proc/self/status]	VmData:	   45516 kB
20220313 001932.667 INFO             PET0 PIOc_sync Exit - MemInfo: [/proc/self/status]	VmStk:	     508 kB
20220313 001932.667 INFO             PET0 PIOc_sync Exit - MemInfo: [/proc/self/status]	VmExe:	    1868 kB
20220313 001932.667 INFO             PET0 PIOc_sync Exit - MemInfo: [/proc/self/status]	VmLib:	  133788 kB
20220313 001932.667 INFO             PET0 PIOc_sync Exit - MemInfo: [/proc/self/status]	VmPTE:	     532 kB
20220313 001932.667 INFO             PET0 PIOc_sync Exit - MemInfo: [/proc/self/status]	VmPMD:	      12 kB
20220313 001932.667 INFO             PET0 PIOc_sync Exit - MemInfo: [/proc/self/status]	VmSwap:	       0 kB
20220313 001932.667 INFO             PET0 PIOc_sync Exit - MemInfo: [/proc/self/status]	VmRSSPercent: 0.0833396 %
20220313 001932.667 INFO             PET0 PIOc_sync Exit - MemInfo: [malloc] Non-mmapped space allocated:                22007808 Byte
20220313 001932.667 INFO             PET0 PIOc_sync Exit - MemInfo: [malloc] Space allocated in mmapped regions:          3026944 Byte
20220313 001932.667 INFO             PET0 PIOc_sync Exit - MemInfo: [malloc] Maximum total allocated space:                     0 Byte
20220313 001932.667 INFO             PET0 PIOc_sync Exit - MemInfo: [malloc] Space in freed fastbin blocks:                     0 Byte
20220313 001932.667 INFO             PET0 PIOc_sync Exit - MemInfo: [malloc] Total allocated space:                      11296960 Byte
20220313 001932.667 INFO             PET0 PIOc_sync Exit - MemInfo: [malloc] Total free space:                           10710848 Byte
20220313 001932.667 INFO             PET0 PIOc_sync Exit - MemInfo: [malloc] Top-most, releasable space:                  6362640 Byte
20220313 001932.667 INFO             PET0 PIOc_sync Exit - MemInfo: [malloc] Total space in use, mmap + non-mmap:        14323904 Byte
20220313 001932.667 INFO             PET0 PIOc_sync Exit - MemInfo: [malloc] Total space held (mmap + non-mmap):         25034752 Byte
20220313 001932.667 INFO             PET0 PIOc_sync Exit - MemInfo: [malloc] Total space used (mmap + non-mmap):         14332224 Byte
20220313 001932.667 INFO             PET0 PIOc_sync Exit - MemInfo: Wall-clock time since execution start:                3.92022 seconds
20220313 001932.667 INFO             PET0 PIOc_freedecomp Enter - MemInfo: [/proc/meminfo - SSI]	MemTotal:       65855856 kB
20220313 001932.667 INFO             PET0 PIOc_freedecomp Enter - MemInfo: [/proc/meminfo - SSI]	MemFree:        60984532 kB
20220313 001932.667 INFO             PET0 PIOc_freedecomp Enter - MemInfo: [/proc/meminfo - SSI]	MemAvailable:   60819592 kB
20220313 001932.667 INFO             PET0 PIOc_freedecomp Enter - MemInfo: [/proc/meminfo - SSI]	Committed_AS:    3287436 kB
20220313 001932.667 INFO             PET0 PIOc_freedecomp Enter - MemInfo: [/proc/meminfo - SSI]	CommittedPercent: 4.99187 %
20220313 001932.667 INFO             PET0 PIOc_freedecomp Enter - MemInfo: [/proc/self/status]	VmPeak:	  348168 kB
20220313 001932.667 INFO             PET0 PIOc_freedecomp Enter - MemInfo: [/proc/self/status]	VmSize:	  348168 kB
20220313 001932.667 INFO             PET0 PIOc_freedecomp Enter - MemInfo: [/proc/self/status]	VmLck:	       0 kB
20220313 001932.667 INFO             PET0 PIOc_freedecomp Enter - MemInfo: [/proc/self/status]	VmPin:	       0 kB
20220313 001932.667 INFO             PET0 PIOc_freedecomp Enter - MemInfo: [/proc/self/status]	VmHWM:	   54884 kB
20220313 001932.667 INFO             PET0 PIOc_freedecomp Enter - MemInfo: [/proc/self/status]	VmRSS:	   54884 kB
20220313 001932.667 INFO             PET0 PIOc_freedecomp Enter - MemInfo: [/proc/self/status]	VmData:	   45516 kB
20220313 001932.667 INFO             PET0 PIOc_freedecomp Enter - MemInfo: [/proc/self/status]	VmStk:	     508 kB
20220313 001932.667 INFO             PET0 PIOc_freedecomp Enter - MemInfo: [/proc/self/status]	VmExe:	    1868 kB
20220313 001932.667 INFO             PET0 PIOc_freedecomp Enter - MemInfo: [/proc/self/status]	VmLib:	  133788 kB
20220313 001932.667 INFO             PET0 PIOc_freedecomp Enter - MemInfo: [/proc/self/status]	VmPTE:	     532 kB
20220313 001932.667 INFO             PET0 PIOc_freedecomp Enter - MemInfo: [/proc/self/status]	VmPMD:	      12 kB
20220313 001932.667 INFO             PET0 PIOc_freedecomp Enter - MemInfo: [/proc/self/status]	VmSwap:	       0 kB
20220313 001932.667 INFO             PET0 PIOc_freedecomp Enter - MemInfo: [/proc/self/status]	VmRSSPercent: 0.0833396 %
20220313 001932.667 INFO             PET0 PIOc_freedecomp Enter - MemInfo: [malloc] Non-mmapped space allocated:                22007808 Byte
20220313 001932.667 INFO             PET0 PIOc_freedecomp Enter - MemInfo: [malloc] Space allocated in mmapped regions:          3026944 Byte
20220313 001932.667 INFO             PET0 PIOc_freedecomp Enter - MemInfo: [malloc] Maximum total allocated space:                     0 Byte
20220313 001932.667 INFO             PET0 PIOc_freedecomp Enter - MemInfo: [malloc] Space in freed fastbin blocks:                   112 Byte
20220313 001932.667 INFO             PET0 PIOc_freedecomp Enter - MemInfo: [malloc] Total allocated space:                       2373552 Byte
20220313 001932.667 INFO             PET0 PIOc_freedecomp Enter - MemInfo: [malloc] Total free space:                           19634256 Byte
20220313 001932.667 INFO             PET0 PIOc_freedecomp Enter - MemInfo: [malloc] Top-most, releasable space:                 14751264 Byte
20220313 001932.667 INFO             PET0 PIOc_freedecomp Enter - MemInfo: [malloc] Total space in use, mmap + non-mmap:         5400496 Byte
20220313 001932.667 INFO             PET0 PIOc_freedecomp Enter - MemInfo: [malloc] Total space held (mmap + non-mmap):         25034752 Byte
20220313 001932.667 INFO             PET0 PIOc_freedecomp Enter - MemInfo: [malloc] Total space used (mmap + non-mmap):          5408928 Byte
20220313 001932.667 INFO             PET0 PIOc_freedecomp Enter - MemInfo: Wall-clock time since execution start:                3.92081 seconds
20220313 001932.668 INFO             PET0 PIOc_freedecomp Exit - MemInfo: [/proc/meminfo - SSI]	MemTotal:       65855856 kB
20220313 001932.668 INFO             PET0 PIOc_freedecomp Exit - MemInfo: [/proc/meminfo - SSI]	MemFree:        60984532 kB
20220313 001932.668 INFO             PET0 PIOc_freedecomp Exit - MemInfo: [/proc/meminfo - SSI]	MemAvailable:   60819592 kB
20220313 001932.668 INFO             PET0 PIOc_freedecomp Exit - MemInfo: [/proc/meminfo - SSI]	Committed_AS:    3287436 kB
20220313 001932.668 INFO             PET0 PIOc_freedecomp Exit - MemInfo: [/proc/meminfo - SSI]	CommittedPercent: 4.99187 %
20220313 001932.668 INFO             PET0 PIOc_freedecomp Exit - MemInfo: [/proc/self/status]	VmPeak:	  348168 kB
20220313 001932.668 INFO             PET0 PIOc_freedecomp Exit - MemInfo: [/proc/self/status]	VmSize:	  348168 kB
20220313 001932.668 INFO             PET0 PIOc_freedecomp Exit - MemInfo: [/proc/self/status]	VmLck:	       0 kB
20220313 001932.668 INFO             PET0 PIOc_freedecomp Exit - MemInfo: [/proc/self/status]	VmPin:	       0 kB
20220313 001932.668 INFO             PET0 PIOc_freedecomp Exit - MemInfo: [/proc/self/status]	VmHWM:	   54884 kB
20220313 001932.668 INFO             PET0 PIOc_freedecomp Exit - MemInfo: [/proc/self/status]	VmRSS:	   54884 kB
20220313 001932.668 INFO             PET0 PIOc_freedecomp Exit - MemInfo: [/proc/self/status]	VmData:	   45516 kB
20220313 001932.668 INFO             PET0 PIOc_freedecomp Exit - MemInfo: [/proc/self/status]	VmStk:	     508 kB
20220313 001932.668 INFO             PET0 PIOc_freedecomp Exit - MemInfo: [/proc/self/status]	VmExe:	    1868 kB
20220313 001932.668 INFO             PET0 PIOc_freedecomp Exit - MemInfo: [/proc/self/status]	VmLib:	  133788 kB
20220313 001932.668 INFO             PET0 PIOc_freedecomp Exit - MemInfo: [/proc/self/status]	VmPTE:	     532 kB
20220313 001932.668 INFO             PET0 PIOc_freedecomp Exit - MemInfo: [/proc/self/status]	VmPMD:	      12 kB
20220313 001932.668 INFO             PET0 PIOc_freedecomp Exit - MemInfo: [/proc/self/status]	VmSwap:	       0 kB
20220313 001932.668 INFO             PET0 PIOc_freedecomp Exit - MemInfo: [/proc/self/status]	VmRSSPercent: 0.0833396 %
20220313 001932.668 INFO             PET0 PIOc_freedecomp Exit - MemInfo: [malloc] Non-mmapped space allocated:                22007808 Byte
20220313 001932.668 INFO             PET0 PIOc_freedecomp Exit - MemInfo: [malloc] Space allocated in mmapped regions:          3026944 Byte
20220313 001932.668 INFO             PET0 PIOc_freedecomp Exit - MemInfo: [malloc] Maximum total allocated space:                     0 Byte
20220313 001932.668 INFO             PET0 PIOc_freedecomp Exit - MemInfo: [malloc] Space in freed fastbin blocks:                   720 Byte
20220313 001932.668 INFO             PET0 PIOc_freedecomp Exit - MemInfo: [malloc] Total allocated space:                       2373392 Byte
20220313 001932.668 INFO             PET0 PIOc_freedecomp Exit - MemInfo: [malloc] Total free space:                           19634416 Byte
20220313 001932.668 INFO             PET0 PIOc_freedecomp Exit - MemInfo: [malloc] Top-most, releasable space:                 14751264 Byte
20220313 001932.668 INFO             PET0 PIOc_freedecomp Exit - MemInfo: [malloc] Total space in use, mmap + non-mmap:         5400336 Byte
20220313 001932.668 INFO             PET0 PIOc_freedecomp Exit - MemInfo: [malloc] Total space held (mmap + non-mmap):         25034752 Byte
20220313 001932.668 INFO             PET0 PIOc_freedecomp Exit - MemInfo: [malloc] Total space used (mmap + non-mmap):          5408544 Byte
20220313 001932.668 INFO             PET0 PIOc_freedecomp Exit - MemInfo: Wall-clock time since execution start:                3.92121 seconds
20220313 001932.669 INFO             PET0 PIOc_sync Enter - MemInfo: [/proc/meminfo - SSI]	MemTotal:       65855856 kB
20220313 001932.669 INFO             PET0 PIOc_sync Enter - MemInfo: [/proc/meminfo - SSI]	MemFree:        60984532 kB
20220313 001932.670 INFO             PET0 PIOc_sync Enter - MemInfo: [/proc/meminfo - SSI]	MemAvailable:   60819592 kB
20220313 001932.670 INFO             PET0 PIOc_sync Enter - MemInfo: [/proc/meminfo - SSI]	Committed_AS:    3287436 kB
20220313 001932.670 INFO             PET0 PIOc_sync Enter - MemInfo: [/proc/meminfo - SSI]	CommittedPercent: 4.99187 %
20220313 001932.670 INFO             PET0 PIOc_sync Enter - MemInfo: [/proc/self/status]	VmPeak:	  348168 kB
20220313 001932.670 INFO             PET0 PIOc_sync Enter - MemInfo: [/proc/self/status]	VmSize:	  348144 kB
20220313 001932.670 INFO             PET0 PIOc_sync Enter - MemInfo: [/proc/self/status]	VmLck:	       0 kB
20220313 001932.670 INFO             PET0 PIOc_sync Enter - MemInfo: [/proc/self/status]	VmPin:	       0 kB
20220313 001932.670 INFO             PET0 PIOc_sync Enter - MemInfo: [/proc/self/status]	VmHWM:	   54968 kB
20220313 001932.670 INFO             PET0 PIOc_sync Enter - MemInfo: [/proc/self/status]	VmRSS:	   54956 kB
20220313 001932.670 INFO             PET0 PIOc_sync Enter - MemInfo: [/proc/self/status]	VmData:	   45516 kB
20220313 001932.670 INFO             PET0 PIOc_sync Enter - MemInfo: [/proc/self/status]	VmStk:	     508 kB
20220313 001932.670 INFO             PET0 PIOc_sync Enter - MemInfo: [/proc/self/status]	VmExe:	    1868 kB
20220313 001932.670 INFO             PET0 PIOc_sync Enter - MemInfo: [/proc/self/status]	VmLib:	  133788 kB
20220313 001932.670 INFO             PET0 PIOc_sync Enter - MemInfo: [/proc/self/status]	VmPTE:	     532 kB
20220313 001932.670 INFO             PET0 PIOc_sync Enter - MemInfo: [/proc/self/status]	VmPMD:	      12 kB
20220313 001932.670 INFO             PET0 PIOc_sync Enter - MemInfo: [/proc/self/status]	VmSwap:	       0 kB
20220313 001932.670 INFO             PET0 PIOc_sync Enter - MemInfo: [/proc/self/status]	VmRSSPercent: 0.0834489 %
20220313 001932.670 INFO             PET0 PIOc_sync Enter - MemInfo: [malloc] Non-mmapped space allocated:                22007808 Byte
20220313 001932.670 INFO             PET0 PIOc_sync Enter - MemInfo: [malloc] Space allocated in mmapped regions:          3026944 Byte
20220313 001932.670 INFO             PET0 PIOc_sync Enter - MemInfo: [malloc] Maximum total allocated space:                     0 Byte
20220313 001932.670 INFO             PET0 PIOc_sync Enter - MemInfo: [malloc] Space in freed fastbin blocks:                   512 Byte
20220313 001932.670 INFO             PET0 PIOc_sync Enter - MemInfo: [malloc] Total allocated space:                      11299504 Byte
20220313 001932.670 INFO             PET0 PIOc_sync Enter - MemInfo: [malloc] Total free space:                           10708304 Byte
20220313 001932.670 INFO             PET0 PIOc_sync Enter - MemInfo: [malloc] Top-most, releasable space:                  6362640 Byte
20220313 001932.670 INFO             PET0 PIOc_sync Enter - MemInfo: [malloc] Total space in use, mmap + non-mmap:        14326448 Byte
20220313 001932.670 INFO             PET0 PIOc_sync Enter - MemInfo: [malloc] Total space held (mmap + non-mmap):         25034752 Byte
20220313 001932.670 INFO             PET0 PIOc_sync Enter - MemInfo: [malloc] Total space used (mmap + non-mmap):         14334656 Byte
20220313 001932.670 INFO             PET0 PIOc_sync Enter - MemInfo: Wall-clock time since execution start:                3.92323 seconds
20220313 001932.670 INFO             PET0 PIOc_sync Exit - MemInfo: [/proc/meminfo - SSI]	MemTotal:       65855856 kB
20220313 001932.670 INFO             PET0 PIOc_sync Exit - MemInfo: [/proc/meminfo - SSI]	MemFree:        60984532 kB
20220313 001932.670 INFO             PET0 PIOc_sync Exit - MemInfo: [/proc/meminfo - SSI]	MemAvailable:   60819592 kB
20220313 001932.670 INFO             PET0 PIOc_sync Exit - MemInfo: [/proc/meminfo - SSI]	Committed_AS:    3287436 kB
20220313 001932.670 INFO             PET0 PIOc_sync Exit - MemInfo: [/proc/meminfo - SSI]	CommittedPercent: 4.99187 %
20220313 001932.670 INFO             PET0 PIOc_sync Exit - MemInfo: [/proc/self/status]	VmPeak:	  348168 kB
20220313 001932.670 INFO             PET0 PIOc_sync Exit - MemInfo: [/proc/self/status]	VmSize:	  348144 kB
20220313 001932.670 INFO             PET0 PIOc_sync Exit - MemInfo: [/proc/self/status]	VmLck:	       0 kB
20220313 001932.670 INFO             PET0 PIOc_sync Exit - MemInfo: [/proc/self/status]	VmPin:	       0 kB
20220313 001932.670 INFO             PET0 PIOc_sync Exit - MemInfo: [/proc/self/status]	VmHWM:	   54968 kB
20220313 001932.670 INFO             PET0 PIOc_sync Exit - MemInfo: [/proc/self/status]	VmRSS:	   54956 kB
20220313 001932.670 INFO             PET0 PIOc_sync Exit - MemInfo: [/proc/self/status]	VmData:	   45516 kB
20220313 001932.670 INFO             PET0 PIOc_sync Exit - MemInfo: [/proc/self/status]	VmStk:	     508 kB
20220313 001932.670 INFO             PET0 PIOc_sync Exit - MemInfo: [/proc/self/status]	VmExe:	    1868 kB
20220313 001932.670 INFO             PET0 PIOc_sync Exit - MemInfo: [/proc/self/status]	VmLib:	  133788 kB
20220313 001932.670 INFO             PET0 PIOc_sync Exit - MemInfo: [/proc/self/status]	VmPTE:	     536 kB
20220313 001932.670 INFO             PET0 PIOc_sync Exit - MemInfo: [/proc/self/status]	VmPMD:	      12 kB
20220313 001932.670 INFO             PET0 PIOc_sync Exit - MemInfo: [/proc/self/status]	VmSwap:	       0 kB
20220313 001932.670 INFO             PET0 PIOc_sync Exit - MemInfo: [/proc/self/status]	VmRSSPercent: 0.0834489 %
20220313 001932.670 INFO             PET0 PIOc_sync Exit - MemInfo: [malloc] Non-mmapped space allocated:                22007808 Byte
20220313 001932.670 INFO             PET0 PIOc_sync Exit - MemInfo: [malloc] Space allocated in mmapped regions:          3026944 Byte
20220313 001932.670 INFO             PET0 PIOc_sync Exit - MemInfo: [malloc] Maximum total allocated space:                     0 Byte
20220313 001932.670 INFO             PET0 PIOc_sync Exit - MemInfo: [malloc] Space in freed fastbin blocks:                     0 Byte
20220313 001932.670 INFO             PET0 PIOc_sync Exit - MemInfo: [malloc] Total allocated space:                      11300736 Byte
20220313 001932.670 INFO             PET0 PIOc_sync Exit - MemInfo: [malloc] Total free space:                           10707072 Byte
20220313 001932.670 INFO             PET0 PIOc_sync Exit - MemInfo: [malloc] Top-most, releasable space:                  6362640 Byte
20220313 001932.670 INFO             PET0 PIOc_sync Exit - MemInfo: [malloc] Total space in use, mmap + non-mmap:        14327680 Byte
20220313 001932.670 INFO             PET0 PIOc_sync Exit - MemInfo: [malloc] Total space held (mmap + non-mmap):         25034752 Byte
20220313 001932.670 INFO             PET0 PIOc_sync Exit - MemInfo: [malloc] Total space used (mmap + non-mmap):         14336000 Byte
20220313 001932.670 INFO             PET0 PIOc_sync Exit - MemInfo: Wall-clock time since execution start:                3.92373 seconds
20220313 001932.671 INFO             PET0 PIOc_freedecomp Enter - MemInfo: [/proc/meminfo - SSI]	MemTotal:       65855856 kB
20220313 001932.671 INFO             PET0 PIOc_freedecomp Enter - MemInfo: [/proc/meminfo - SSI]	MemFree:        60984532 kB
20220313 001932.671 INFO             PET0 PIOc_freedecomp Enter - MemInfo: [/proc/meminfo - SSI]	MemAvailable:   60819592 kB
20220313 001932.671 INFO             PET0 PIOc_freedecomp Enter - MemInfo: [/proc/meminfo - SSI]	Committed_AS:    3287436 kB
20220313 001932.671 INFO             PET0 PIOc_freedecomp Enter - MemInfo: [/proc/meminfo - SSI]	CommittedPercent: 4.99187 %
20220313 001932.671 INFO             PET0 PIOc_freedecomp Enter - MemInfo: [/proc/self/status]	VmPeak:	  348168 kB
20220313 001932.671 INFO             PET0 PIOc_freedecomp Enter - MemInfo: [/proc/self/status]	VmSize:	  348144 kB
20220313 001932.671 INFO             PET0 PIOc_freedecomp Enter - MemInfo: [/proc/self/status]	VmLck:	       0 kB
20220313 001932.671 INFO             PET0 PIOc_freedecomp Enter - MemInfo: [/proc/self/status]	VmPin:	       0 kB
20220313 001932.671 INFO             PET0 PIOc_freedecomp Enter - MemInfo: [/proc/self/status]	VmHWM:	   54968 kB
20220313 001932.671 INFO             PET0 PIOc_freedecomp Enter - MemInfo: [/proc/self/status]	VmRSS:	   54956 kB
20220313 001932.671 INFO             PET0 PIOc_freedecomp Enter - MemInfo: [/proc/self/status]	VmData:	   45516 kB
20220313 001932.671 INFO             PET0 PIOc_freedecomp Enter - MemInfo: [/proc/self/status]	VmStk:	     508 kB
20220313 001932.671 INFO             PET0 PIOc_freedecomp Enter - MemInfo: [/proc/self/status]	VmExe:	    1868 kB
20220313 001932.671 INFO             PET0 PIOc_freedecomp Enter - MemInfo: [/proc/self/status]	VmLib:	  133788 kB
20220313 001932.671 INFO             PET0 PIOc_freedecomp Enter - MemInfo: [/proc/self/status]	VmPTE:	     536 kB
20220313 001932.671 INFO             PET0 PIOc_freedecomp Enter - MemInfo: [/proc/self/status]	VmPMD:	      12 kB
20220313 001932.671 INFO             PET0 PIOc_freedecomp Enter - MemInfo: [/proc/self/status]	VmSwap:	       0 kB
20220313 001932.671 INFO             PET0 PIOc_freedecomp Enter - MemInfo: [/proc/self/status]	VmRSSPercent: 0.0834489 %
20220313 001932.671 INFO             PET0 PIOc_freedecomp Enter - MemInfo: [malloc] Non-mmapped space allocated:                22007808 Byte
20220313 001932.671 INFO             PET0 PIOc_freedecomp Enter - MemInfo: [malloc] Space allocated in mmapped regions:          3026944 Byte
20220313 001932.671 INFO             PET0 PIOc_freedecomp Enter - MemInfo: [malloc] Maximum total allocated space:                     0 Byte
20220313 001932.671 INFO             PET0 PIOc_freedecomp Enter - MemInfo: [malloc] Space in freed fastbin blocks:                   272 Byte
20220313 001932.671 INFO             PET0 PIOc_freedecomp Enter - MemInfo: [malloc] Total allocated space:                       2376608 Byte
20220313 001932.671 INFO             PET0 PIOc_freedecomp Enter - MemInfo: [malloc] Total free space:                           19631200 Byte
20220313 001932.671 INFO             PET0 PIOc_freedecomp Enter - MemInfo: [malloc] Top-most, releasable space:                 14751264 Byte
20220313 001932.671 INFO             PET0 PIOc_freedecomp Enter - MemInfo: [malloc] Total space in use, mmap + non-mmap:         5403552 Byte
20220313 001932.671 INFO             PET0 PIOc_freedecomp Enter - MemInfo: [malloc] Total space held (mmap + non-mmap):         25034752 Byte
20220313 001932.671 INFO             PET0 PIOc_freedecomp Enter - MemInfo: [malloc] Total space used (mmap + non-mmap):          5411760 Byte
20220313 001932.671 INFO             PET0 PIOc_freedecomp Enter - MemInfo: Wall-clock time since execution start:                3.92427 seconds
20220313 001932.671 INFO             PET0 PIOc_freedecomp Exit - MemInfo: [/proc/meminfo - SSI]	MemTotal:       65855856 kB
20220313 001932.671 INFO             PET0 PIOc_freedecomp Exit - MemInfo: [/proc/meminfo - SSI]	MemFree:        60984532 kB
20220313 001932.671 INFO             PET0 PIOc_freedecomp Exit - MemInfo: [/proc/meminfo - SSI]	MemAvailable:   60819592 kB
20220313 001932.671 INFO             PET0 PIOc_freedecomp Exit - MemInfo: [/proc/meminfo - SSI]	Committed_AS:    3287436 kB
20220313 001932.671 INFO             PET0 PIOc_freedecomp Exit - MemInfo: [/proc/meminfo - SSI]	CommittedPercent: 4.99187 %
20220313 001932.671 INFO             PET0 PIOc_freedecomp Exit - MemInfo: [/proc/self/status]	VmPeak:	  348168 kB
20220313 001932.671 INFO             PET0 PIOc_freedecomp Exit - MemInfo: [/proc/self/status]	VmSize:	  348144 kB
20220313 001932.671 INFO             PET0 PIOc_freedecomp Exit - MemInfo: [/proc/self/status]	VmLck:	       0 kB
20220313 001932.671 INFO             PET0 PIOc_freedecomp Exit - MemInfo: [/proc/self/status]	VmPin:	       0 kB
20220313 001932.671 INFO             PET0 PIOc_freedecomp Exit - MemInfo: [/proc/self/status]	VmHWM:	   54968 kB
20220313 001932.671 INFO             PET0 PIOc_freedecomp Exit - MemInfo: [/proc/self/status]	VmRSS:	   54956 kB
20220313 001932.671 INFO             PET0 PIOc_freedecomp Exit - MemInfo: [/proc/self/status]	VmData:	   45516 kB
20220313 001932.671 INFO             PET0 PIOc_freedecomp Exit - MemInfo: [/proc/self/status]	VmStk:	     508 kB
20220313 001932.671 INFO             PET0 PIOc_freedecomp Exit - MemInfo: [/proc/self/status]	VmExe:	    1868 kB
20220313 001932.671 INFO             PET0 PIOc_freedecomp Exit - MemInfo: [/proc/self/status]	VmLib:	  133788 kB
20220313 001932.671 INFO             PET0 PIOc_freedecomp Exit - MemInfo: [/proc/self/status]	VmPTE:	     536 kB
20220313 001932.671 INFO             PET0 PIOc_freedecomp Exit - MemInfo: [/proc/self/status]	VmPMD:	      12 kB
20220313 001932.671 INFO             PET0 PIOc_freedecomp Exit - MemInfo: [/proc/self/status]	VmSwap:	       0 kB
20220313 001932.671 INFO             PET0 PIOc_freedecomp Exit - MemInfo: [/proc/self/status]	VmRSSPercent: 0.0834489 %
20220313 001932.671 INFO             PET0 PIOc_freedecomp Exit - MemInfo: [malloc] Non-mmapped space allocated:                22007808 Byte
20220313 001932.671 INFO             PET0 PIOc_freedecomp Exit - MemInfo: [malloc] Space allocated in mmapped regions:          3026944 Byte
20220313 001932.671 INFO             PET0 PIOc_freedecomp Exit - MemInfo: [malloc] Maximum total allocated space:                     0 Byte
20220313 001932.671 INFO             PET0 PIOc_freedecomp Exit - MemInfo: [malloc] Space in freed fastbin blocks:                  1280 Byte
20220313 001932.671 INFO             PET0 PIOc_freedecomp Exit - MemInfo: [malloc] Total allocated space:                       2375184 Byte
20220313 001932.671 INFO             PET0 PIOc_freedecomp Exit - MemInfo: [malloc] Total free space:                           19632624 Byte
20220313 001932.671 INFO             PET0 PIOc_freedecomp Exit - MemInfo: [malloc] Top-most, releasable space:                 14751264 Byte
20220313 001932.671 INFO             PET0 PIOc_freedecomp Exit - MemInfo: [malloc] Total space in use, mmap + non-mmap:         5402128 Byte
20220313 001932.671 INFO             PET0 PIOc_freedecomp Exit - MemInfo: [malloc] Total space held (mmap + non-mmap):         25034752 Byte
20220313 001932.671 INFO             PET0 PIOc_freedecomp Exit - MemInfo: [malloc] Total space used (mmap + non-mmap):          5410336 Byte
20220313 001932.671 INFO             PET0 PIOc_freedecomp Exit - MemInfo: Wall-clock time since execution start:                3.92467 seconds
20220313 001932.673 INFO             PET0 PIOc_sync Enter - MemInfo: [/proc/meminfo - SSI]	MemTotal:       65855856 kB
20220313 001932.673 INFO             PET0 PIOc_sync Enter - MemInfo: [/proc/meminfo - SSI]	MemFree:        60984532 kB
20220313 001932.673 INFO             PET0 PIOc_sync Enter - MemInfo: [/proc/meminfo - SSI]	MemAvailable:   60819592 kB
20220313 001932.673 INFO             PET0 PIOc_sync Enter - MemInfo: [/proc/meminfo - SSI]	Committed_AS:    3287436 kB
20220313 001932.673 INFO             PET0 PIOc_sync Enter - MemInfo: [/proc/meminfo - SSI]	CommittedPercent: 4.99187 %
20220313 001932.673 INFO             PET0 PIOc_sync Enter - MemInfo: [/proc/self/status]	VmPeak:	  348168 kB
20220313 001932.673 INFO             PET0 PIOc_sync Enter - MemInfo: [/proc/self/status]	VmSize:	  348144 kB
20220313 001932.673 INFO             PET0 PIOc_sync Enter - MemInfo: [/proc/self/status]	VmLck:	       0 kB
20220313 001932.673 INFO             PET0 PIOc_sync Enter - MemInfo: [/proc/self/status]	VmPin:	       0 kB
20220313 001932.673 INFO             PET0 PIOc_sync Enter - MemInfo: [/proc/self/status]	VmHWM:	   54968 kB
20220313 001932.673 INFO             PET0 PIOc_sync Enter - MemInfo: [/proc/self/status]	VmRSS:	   54956 kB
20220313 001932.673 INFO             PET0 PIOc_sync Enter - MemInfo: [/proc/self/status]	VmData:	   45516 kB
20220313 001932.673 INFO             PET0 PIOc_sync Enter - MemInfo: [/proc/self/status]	VmStk:	     508 kB
20220313 001932.673 INFO             PET0 PIOc_sync Enter - MemInfo: [/proc/self/status]	VmExe:	    1868 kB
20220313 001932.673 INFO             PET0 PIOc_sync Enter - MemInfo: [/proc/self/status]	VmLib:	  133788 kB
20220313 001932.673 INFO             PET0 PIOc_sync Enter - MemInfo: [/proc/self/status]	VmPTE:	     536 kB
20220313 001932.673 INFO             PET0 PIOc_sync Enter - MemInfo: [/proc/self/status]	VmPMD:	      12 kB
20220313 001932.673 INFO             PET0 PIOc_sync Enter - MemInfo: [/proc/self/status]	VmSwap:	       0 kB
20220313 001932.673 INFO             PET0 PIOc_sync Enter - MemInfo: [/proc/self/status]	VmRSSPercent: 0.0834489 %
20220313 001932.673 INFO             PET0 PIOc_sync Enter - MemInfo: [malloc] Non-mmapped space allocated:                22007808 Byte
20220313 001932.673 INFO             PET0 PIOc_sync Enter - MemInfo: [malloc] Space allocated in mmapped regions:          3026944 Byte
20220313 001932.673 INFO             PET0 PIOc_sync Enter - MemInfo: [malloc] Maximum total allocated space:                     0 Byte
20220313 001932.673 INFO             PET0 PIOc_sync Enter - MemInfo: [malloc] Space in freed fastbin blocks:                   848 Byte
20220313 001932.673 INFO             PET0 PIOc_sync Enter - MemInfo: [malloc] Total allocated space:                      11302448 Byte
20220313 001932.673 INFO             PET0 PIOc_sync Enter - MemInfo: [malloc] Total free space:                           10705360 Byte
20220313 001932.673 INFO             PET0 PIOc_sync Enter - MemInfo: [malloc] Top-most, releasable space:                  6362640 Byte
20220313 001932.673 INFO             PET0 PIOc_sync Enter - MemInfo: [malloc] Total space in use, mmap + non-mmap:        14329392 Byte
20220313 001932.673 INFO             PET0 PIOc_sync Enter - MemInfo: [malloc] Total space held (mmap + non-mmap):         25034752 Byte
20220313 001932.673 INFO             PET0 PIOc_sync Enter - MemInfo: [malloc] Total space used (mmap + non-mmap):         14337600 Byte
20220313 001932.673 INFO             PET0 PIOc_sync Enter - MemInfo: Wall-clock time since execution start:                3.92657 seconds
20220313 001932.673 INFO             PET0 PIOc_sync Exit - MemInfo: [/proc/meminfo - SSI]	MemTotal:       65855856 kB
20220313 001932.673 INFO             PET0 PIOc_sync Exit - MemInfo: [/proc/meminfo - SSI]	MemFree:        60984532 kB
20220313 001932.673 INFO             PET0 PIOc_sync Exit - MemInfo: [/proc/meminfo - SSI]	MemAvailable:   60819592 kB
20220313 001932.673 INFO             PET0 PIOc_sync Exit - MemInfo: [/proc/meminfo - SSI]	Committed_AS:    3287436 kB
20220313 001932.673 INFO             PET0 PIOc_sync Exit - MemInfo: [/proc/meminfo - SSI]	CommittedPercent: 4.99187 %
20220313 001932.674 INFO             PET0 PIOc_sync Exit - MemInfo: [/proc/self/status]	VmPeak:	  348168 kB
20220313 001932.674 INFO             PET0 PIOc_sync Exit - MemInfo: [/proc/self/status]	VmSize:	  348144 kB
20220313 001932.674 INFO             PET0 PIOc_sync Exit - MemInfo: [/proc/self/status]	VmLck:	       0 kB
20220313 001932.674 INFO             PET0 PIOc_sync Exit - MemInfo: [/proc/self/status]	VmPin:	       0 kB
20220313 001932.674 INFO             PET0 PIOc_sync Exit - MemInfo: [/proc/self/status]	VmHWM:	   54968 kB
20220313 001932.674 INFO             PET0 PIOc_sync Exit - MemInfo: [/proc/self/status]	VmRSS:	   54956 kB
20220313 001932.674 INFO             PET0 PIOc_sync Exit - MemInfo: [/proc/self/status]	VmData:	   45516 kB
20220313 001932.674 INFO             PET0 PIOc_sync Exit - MemInfo: [/proc/self/status]	VmStk:	     508 kB
20220313 001932.674 INFO             PET0 PIOc_sync Exit - MemInfo: [/proc/self/status]	VmExe:	    1868 kB
20220313 001932.674 INFO             PET0 PIOc_sync Exit - MemInfo: [/proc/self/status]	VmLib:	  133788 kB
20220313 001932.674 INFO             PET0 PIOc_sync Exit - MemInfo: [/proc/self/status]	VmPTE:	     536 kB
20220313 001932.674 INFO             PET0 PIOc_sync Exit - MemInfo: [/proc/self/status]	VmPMD:	      12 kB
20220313 001932.674 INFO             PET0 PIOc_sync Exit - MemInfo: [/proc/self/status]	VmSwap:	       0 kB
20220313 001932.674 INFO             PET0 PIOc_sync Exit - MemInfo: [/proc/self/status]	VmRSSPercent: 0.0834489 %
20220313 001932.674 INFO             PET0 PIOc_sync Exit - MemInfo: [malloc] Non-mmapped space allocated:                22007808 Byte
20220313 001932.674 INFO             PET0 PIOc_sync Exit - MemInfo: [malloc] Space allocated in mmapped regions:          3026944 Byte
20220313 001932.674 INFO             PET0 PIOc_sync Exit - MemInfo: [malloc] Maximum total allocated space:                     0 Byte
20220313 001932.674 INFO             PET0 PIOc_sync Exit - MemInfo: [malloc] Space in freed fastbin blocks:                    32 Byte
20220313 001932.674 INFO             PET0 PIOc_sync Exit - MemInfo: [malloc] Total allocated space:                      11303184 Byte
20220313 001932.674 INFO             PET0 PIOc_sync Exit - MemInfo: [malloc] Total free space:                           10704624 Byte
20220313 001932.674 INFO             PET0 PIOc_sync Exit - MemInfo: [malloc] Top-most, releasable space:                  6362640 Byte
20220313 001932.674 INFO             PET0 PIOc_sync Exit - MemInfo: [malloc] Total space in use, mmap + non-mmap:        14330128 Byte
20220313 001932.674 INFO             PET0 PIOc_sync Exit - MemInfo: [malloc] Total space held (mmap + non-mmap):         25034752 Byte
20220313 001932.674 INFO             PET0 PIOc_sync Exit - MemInfo: [malloc] Total space used (mmap + non-mmap):         14338448 Byte
20220313 001932.674 INFO             PET0 PIOc_sync Exit - MemInfo: Wall-clock time since execution start:                3.92715 seconds
20220313 001932.674 INFO             PET0 PIOc_freedecomp Enter - MemInfo: [/proc/meminfo - SSI]	MemTotal:       65855856 kB
20220313 001932.674 INFO             PET0 PIOc_freedecomp Enter - MemInfo: [/proc/meminfo - SSI]	MemFree:        60984532 kB
20220313 001932.674 INFO             PET0 PIOc_freedecomp Enter - MemInfo: [/proc/meminfo - SSI]	MemAvailable:   60819592 kB
20220313 001932.674 INFO             PET0 PIOc_freedecomp Enter - MemInfo: [/proc/meminfo - SSI]	Committed_AS:    3287436 kB
20220313 001932.674 INFO             PET0 PIOc_freedecomp Enter - MemInfo: [/proc/meminfo - SSI]	CommittedPercent: 4.99187 %
20220313 001932.674 INFO             PET0 PIOc_freedecomp Enter - MemInfo: [/proc/self/status]	VmPeak:	  348168 kB
20220313 001932.674 INFO             PET0 PIOc_freedecomp Enter - MemInfo: [/proc/self/status]	VmSize:	  348144 kB
20220313 001932.674 INFO             PET0 PIOc_freedecomp Enter - MemInfo: [/proc/self/status]	VmLck:	       0 kB
20220313 001932.674 INFO             PET0 PIOc_freedecomp Enter - MemInfo: [/proc/self/status]	VmPin:	       0 kB
20220313 001932.674 INFO             PET0 PIOc_freedecomp Enter - MemInfo: [/proc/self/status]	VmHWM:	   54968 kB
20220313 001932.674 INFO             PET0 PIOc_freedecomp Enter - MemInfo: [/proc/self/status]	VmRSS:	   54956 kB
20220313 001932.674 INFO             PET0 PIOc_freedecomp Enter - MemInfo: [/proc/self/status]	VmData:	   45516 kB
20220313 001932.674 INFO             PET0 PIOc_freedecomp Enter - MemInfo: [/proc/self/status]	VmStk:	     508 kB
20220313 001932.674 INFO             PET0 PIOc_freedecomp Enter - MemInfo: [/proc/self/status]	VmExe:	    1868 kB
20220313 001932.674 INFO             PET0 PIOc_freedecomp Enter - MemInfo: [/proc/self/status]	VmLib:	  133788 kB
20220313 001932.674 INFO             PET0 PIOc_freedecomp Enter - MemInfo: [/proc/self/status]	VmPTE:	     536 kB
20220313 001932.674 INFO             PET0 PIOc_freedecomp Enter - MemInfo: [/proc/self/status]	VmPMD:	      12 kB
20220313 001932.674 INFO             PET0 PIOc_freedecomp Enter - MemInfo: [/proc/self/status]	VmSwap:	       0 kB
20220313 001932.674 INFO             PET0 PIOc_freedecomp Enter - MemInfo: [/proc/self/status]	VmRSSPercent: 0.0834489 %
20220313 001932.674 INFO             PET0 PIOc_freedecomp Enter - MemInfo: [malloc] Non-mmapped space allocated:                22007808 Byte
20220313 001932.674 INFO             PET0 PIOc_freedecomp Enter - MemInfo: [malloc] Space allocated in mmapped regions:          3026944 Byte
20220313 001932.674 INFO             PET0 PIOc_freedecomp Enter - MemInfo: [malloc] Maximum total allocated space:                     0 Byte
20220313 001932.674 INFO             PET0 PIOc_freedecomp Enter - MemInfo: [malloc] Space in freed fastbin blocks:                   272 Byte
20220313 001932.674 INFO             PET0 PIOc_freedecomp Enter - MemInfo: [malloc] Total allocated space:                       2377952 Byte
20220313 001932.674 INFO             PET0 PIOc_freedecomp Enter - MemInfo: [malloc] Total free space:                           19629856 Byte
20220313 001932.674 INFO             PET0 PIOc_freedecomp Enter - MemInfo: [malloc] Top-most, releasable space:                 14751264 Byte
20220313 001932.674 INFO             PET0 PIOc_freedecomp Enter - MemInfo: [malloc] Total space in use, mmap + non-mmap:         5404896 Byte
20220313 001932.674 INFO             PET0 PIOc_freedecomp Enter - MemInfo: [malloc] Total space held (mmap + non-mmap):         25034752 Byte
20220313 001932.674 INFO             PET0 PIOc_freedecomp Enter - MemInfo: [malloc] Total space used (mmap + non-mmap):          5413104 Byte
20220313 001932.674 INFO             PET0 PIOc_freedecomp Enter - MemInfo: Wall-clock time since execution start:                3.92775 seconds
20220313 001932.674 INFO             PET0 PIOc_freedecomp Exit - MemInfo: [/proc/meminfo - SSI]	MemTotal:       65855856 kB
20220313 001932.674 INFO             PET0 PIOc_freedecomp Exit - MemInfo: [/proc/meminfo - SSI]	MemFree:        60984532 kB
20220313 001932.674 INFO             PET0 PIOc_freedecomp Exit - MemInfo: [/proc/meminfo - SSI]	MemAvailable:   60819592 kB
20220313 001932.674 INFO             PET0 PIOc_freedecomp Exit - MemInfo: [/proc/meminfo - SSI]	Committed_AS:    3287436 kB
20220313 001932.675 INFO             PET0 PIOc_freedecomp Exit - MemInfo: [/proc/meminfo - SSI]	CommittedPercent: 4.99187 %
20220313 001932.675 INFO             PET0 PIOc_freedecomp Exit - MemInfo: [/proc/self/status]	VmPeak:	  348168 kB
20220313 001932.675 INFO             PET0 PIOc_freedecomp Exit - MemInfo: [/proc/self/status]	VmSize:	  348144 kB
20220313 001932.675 INFO             PET0 PIOc_freedecomp Exit - MemInfo: [/proc/self/status]	VmLck:	       0 kB
20220313 001932.675 INFO             PET0 PIOc_freedecomp Exit - MemInfo: [/proc/self/status]	VmPin:	       0 kB
20220313 001932.675 INFO             PET0 PIOc_freedecomp Exit - MemInfo: [/proc/self/status]	VmHWM:	   54968 kB
20220313 001932.675 INFO             PET0 PIOc_freedecomp Exit - MemInfo: [/proc/self/status]	VmRSS:	   54956 kB
20220313 001932.675 INFO             PET0 PIOc_freedecomp Exit - MemInfo: [/proc/self/status]	VmData:	   45516 kB
20220313 001932.675 INFO             PET0 PIOc_freedecomp Exit - MemInfo: [/proc/self/status]	VmStk:	     508 kB
20220313 001932.675 INFO             PET0 PIOc_freedecomp Exit - MemInfo: [/proc/self/status]	VmExe:	    1868 kB
20220313 001932.675 INFO             PET0 PIOc_freedecomp Exit - MemInfo: [/proc/self/status]	VmLib:	  133788 kB
20220313 001932.675 INFO             PET0 PIOc_freedecomp Exit - MemInfo: [/proc/self/status]	VmPTE:	     536 kB
20220313 001932.675 INFO             PET0 PIOc_freedecomp Exit - MemInfo: [/proc/self/status]	VmPMD:	      12 kB
20220313 001932.675 INFO             PET0 PIOc_freedecomp Exit - MemInfo: [/proc/self/status]	VmSwap:	       0 kB
20220313 001932.675 INFO             PET0 PIOc_freedecomp Exit - MemInfo: [/proc/self/status]	VmRSSPercent: 0.0834489 %
20220313 001932.675 INFO             PET0 PIOc_freedecomp Exit - MemInfo: [malloc] Non-mmapped space allocated:                22007808 Byte
20220313 001932.675 INFO             PET0 PIOc_freedecomp Exit - MemInfo: [malloc] Space allocated in mmapped regions:          3026944 Byte
20220313 001932.675 INFO             PET0 PIOc_freedecomp Exit - MemInfo: [malloc] Maximum total allocated space:                     0 Byte
20220313 001932.675 INFO             PET0 PIOc_freedecomp Exit - MemInfo: [malloc] Space in freed fastbin blocks:                  1456 Byte
20220313 001932.675 INFO             PET0 PIOc_freedecomp Exit - MemInfo: [malloc] Total allocated space:                       2376352 Byte
20220313 001932.675 INFO             PET0 PIOc_freedecomp Exit - MemInfo: [malloc] Total free space:                           19631456 Byte
20220313 001932.675 INFO             PET0 PIOc_freedecomp Exit - MemInfo: [malloc] Top-most, releasable space:                 14751264 Byte
20220313 001932.675 INFO             PET0 PIOc_freedecomp Exit - MemInfo: [malloc] Total space in use, mmap + non-mmap:         5403296 Byte
20220313 001932.675 INFO             PET0 PIOc_freedecomp Exit - MemInfo: [malloc] Total space held (mmap + non-mmap):         25034752 Byte
20220313 001932.675 INFO             PET0 PIOc_freedecomp Exit - MemInfo: [malloc] Total space used (mmap + non-mmap):          5411504 Byte
20220313 001932.675 INFO             PET0 PIOc_freedecomp Exit - MemInfo: Wall-clock time since execution start:                3.92816 seconds
20220313 001932.676 INFO             PET0 PIOc_sync Enter - MemInfo: [/proc/meminfo - SSI]	MemTotal:       65855856 kB
20220313 001932.676 INFO             PET0 PIOc_sync Enter - MemInfo: [/proc/meminfo - SSI]	MemFree:        60984532 kB
20220313 001932.676 INFO             PET0 PIOc_sync Enter - MemInfo: [/proc/meminfo - SSI]	MemAvailable:   60819592 kB
20220313 001932.676 INFO             PET0 PIOc_sync Enter - MemInfo: [/proc/meminfo - SSI]	Committed_AS:    3287436 kB
20220313 001932.676 INFO             PET0 PIOc_sync Enter - MemInfo: [/proc/meminfo - SSI]	CommittedPercent: 4.99187 %
20220313 001932.676 INFO             PET0 PIOc_sync Enter - MemInfo: [/proc/self/status]	VmPeak:	  348168 kB
20220313 001932.676 INFO             PET0 PIOc_sync Enter - MemInfo: [/proc/self/status]	VmSize:	  348144 kB
20220313 001932.676 INFO             PET0 PIOc_sync Enter - MemInfo: [/proc/self/status]	VmLck:	       0 kB
20220313 001932.676 INFO             PET0 PIOc_sync Enter - MemInfo: [/proc/self/status]	VmPin:	       0 kB
20220313 001932.676 INFO             PET0 PIOc_sync Enter - MemInfo: [/proc/self/status]	VmHWM:	   54968 kB
20220313 001932.676 INFO             PET0 PIOc_sync Enter - MemInfo: [/proc/self/status]	VmRSS:	   54956 kB
20220313 001932.676 INFO             PET0 PIOc_sync Enter - MemInfo: [/proc/self/status]	VmData:	   45516 kB
20220313 001932.676 INFO             PET0 PIOc_sync Enter - MemInfo: [/proc/self/status]	VmStk:	     508 kB
20220313 001932.676 INFO             PET0 PIOc_sync Enter - MemInfo: [/proc/self/status]	VmExe:	    1868 kB
20220313 001932.676 INFO             PET0 PIOc_sync Enter - MemInfo: [/proc/self/status]	VmLib:	  133788 kB
20220313 001932.676 INFO             PET0 PIOc_sync Enter - MemInfo: [/proc/self/status]	VmPTE:	     536 kB
20220313 001932.676 INFO             PET0 PIOc_sync Enter - MemInfo: [/proc/self/status]	VmPMD:	      12 kB
20220313 001932.676 INFO             PET0 PIOc_sync Enter - MemInfo: [/proc/self/status]	VmSwap:	       0 kB
20220313 001932.676 INFO             PET0 PIOc_sync Enter - MemInfo: [/proc/self/status]	VmRSSPercent: 0.0834489 %
20220313 001932.676 INFO             PET0 PIOc_sync Enter - MemInfo: [malloc] Non-mmapped space allocated:                22007808 Byte
20220313 001932.676 INFO             PET0 PIOc_sync Enter - MemInfo: [malloc] Space allocated in mmapped regions:          3026944 Byte
20220313 001932.676 INFO             PET0 PIOc_sync Enter - MemInfo: [malloc] Maximum total allocated space:                     0 Byte
20220313 001932.677 INFO             PET0 PIOc_sync Enter - MemInfo: [malloc] Space in freed fastbin blocks:                  1616 Byte
20220313 001932.677 INFO             PET0 PIOc_sync Enter - MemInfo: [malloc] Total allocated space:                      11304192 Byte
20220313 001932.677 INFO             PET0 PIOc_sync Enter - MemInfo: [malloc] Total free space:                           10703616 Byte
20220313 001932.677 INFO             PET0 PIOc_sync Enter - MemInfo: [malloc] Top-most, releasable space:                  6362640 Byte
20220313 001932.677 INFO             PET0 PIOc_sync Enter - MemInfo: [malloc] Total space in use, mmap + non-mmap:        14331136 Byte
20220313 001932.677 INFO             PET0 PIOc_sync Enter - MemInfo: [malloc] Total space held (mmap + non-mmap):         25034752 Byte
20220313 001932.677 INFO             PET0 PIOc_sync Enter - MemInfo: [malloc] Total space used (mmap + non-mmap):         14339344 Byte
20220313 001932.677 INFO             PET0 PIOc_sync Enter - MemInfo: Wall-clock time since execution start:                3.92993 seconds
20220313 001932.677 INFO             PET0 PIOc_sync Exit - MemInfo: [/proc/meminfo - SSI]	MemTotal:       65855856 kB
20220313 001932.677 INFO             PET0 PIOc_sync Exit - MemInfo: [/proc/meminfo - SSI]	MemFree:        60984532 kB
20220313 001932.677 INFO             PET0 PIOc_sync Exit - MemInfo: [/proc/meminfo - SSI]	MemAvailable:   60819592 kB
20220313 001932.677 INFO             PET0 PIOc_sync Exit - MemInfo: [/proc/meminfo - SSI]	Committed_AS:    3287436 kB
20220313 001932.677 INFO             PET0 PIOc_sync Exit - MemInfo: [/proc/meminfo - SSI]	CommittedPercent: 4.99187 %
20220313 001932.677 INFO             PET0 PIOc_sync Exit - MemInfo: [/proc/self/status]	VmPeak:	  348168 kB
20220313 001932.677 INFO             PET0 PIOc_sync Exit - MemInfo: [/proc/self/status]	VmSize:	  348144 kB
20220313 001932.677 INFO             PET0 PIOc_sync Exit - MemInfo: [/proc/self/status]	VmLck:	       0 kB
20220313 001932.677 INFO             PET0 PIOc_sync Exit - MemInfo: [/proc/self/status]	VmPin:	       0 kB
20220313 001932.677 INFO             PET0 PIOc_sync Exit - MemInfo: [/proc/self/status]	VmHWM:	   54968 kB
20220313 001932.677 INFO             PET0 PIOc_sync Exit - MemInfo: [/proc/self/status]	VmRSS:	   54956 kB
20220313 001932.677 INFO             PET0 PIOc_sync Exit - MemInfo: [/proc/self/status]	VmData:	   45516 kB
20220313 001932.677 INFO             PET0 PIOc_sync Exit - MemInfo: [/proc/self/status]	VmStk:	     508 kB
20220313 001932.677 INFO             PET0 PIOc_sync Exit - MemInfo: [/proc/self/status]	VmExe:	    1868 kB
20220313 001932.677 INFO             PET0 PIOc_sync Exit - MemInfo: [/proc/self/status]	VmLib:	  133788 kB
20220313 001932.677 INFO             PET0 PIOc_sync Exit - MemInfo: [/proc/self/status]	VmPTE:	     536 kB
20220313 001932.677 INFO             PET0 PIOc_sync Exit - MemInfo: [/proc/self/status]	VmPMD:	      12 kB
20220313 001932.677 INFO             PET0 PIOc_sync Exit - MemInfo: [/proc/self/status]	VmSwap:	       0 kB
20220313 001932.677 INFO             PET0 PIOc_sync Exit - MemInfo: [/proc/self/status]	VmRSSPercent: 0.0834489 %
20220313 001932.677 INFO             PET0 PIOc_sync Exit - MemInfo: [malloc] Non-mmapped space allocated:                22007808 Byte
20220313 001932.677 INFO             PET0 PIOc_sync Exit - MemInfo: [malloc] Space allocated in mmapped regions:          3026944 Byte
20220313 001932.677 INFO             PET0 PIOc_sync Exit - MemInfo: [malloc] Maximum total allocated space:                     0 Byte
20220313 001932.677 INFO             PET0 PIOc_sync Exit - MemInfo: [malloc] Space in freed fastbin blocks:                    64 Byte
20220313 001932.677 INFO             PET0 PIOc_sync Exit - MemInfo: [malloc] Total allocated space:                      11305136 Byte
20220313 001932.677 INFO             PET0 PIOc_sync Exit - MemInfo: [malloc] Total free space:                           10702672 Byte
20220313 001932.677 INFO             PET0 PIOc_sync Exit - MemInfo: [malloc] Top-most, releasable space:                  6362640 Byte
20220313 001932.677 INFO             PET0 PIOc_sync Exit - MemInfo: [malloc] Total space in use, mmap + non-mmap:        14332080 Byte
20220313 001932.677 INFO             PET0 PIOc_sync Exit - MemInfo: [malloc] Total space held (mmap + non-mmap):         25034752 Byte
20220313 001932.677 INFO             PET0 PIOc_sync Exit - MemInfo: [malloc] Total space used (mmap + non-mmap):         14340400 Byte
20220313 001932.677 INFO             PET0 PIOc_sync Exit - MemInfo: Wall-clock time since execution start:                3.93041 seconds
20220313 001932.677 INFO             PET0 PIOc_freedecomp Enter - MemInfo: [/proc/meminfo - SSI]	MemTotal:       65855856 kB
20220313 001932.677 INFO             PET0 PIOc_freedecomp Enter - MemInfo: [/proc/meminfo - SSI]	MemFree:        60984028 kB
20220313 001932.677 INFO             PET0 PIOc_freedecomp Enter - MemInfo: [/proc/meminfo - SSI]	MemAvailable:   60819088 kB
20220313 001932.677 INFO             PET0 PIOc_freedecomp Enter - MemInfo: [/proc/meminfo - SSI]	Committed_AS:    3287436 kB
20220313 001932.677 INFO             PET0 PIOc_freedecomp Enter - MemInfo: [/proc/meminfo - SSI]	CommittedPercent: 4.99187 %
20220313 001932.678 INFO             PET0 PIOc_freedecomp Enter - MemInfo: [/proc/self/status]	VmPeak:	  348168 kB
20220313 001932.678 INFO             PET0 PIOc_freedecomp Enter - MemInfo: [/proc/self/status]	VmSize:	  348144 kB
20220313 001932.678 INFO             PET0 PIOc_freedecomp Enter - MemInfo: [/proc/self/status]	VmLck:	       0 kB
20220313 001932.678 INFO             PET0 PIOc_freedecomp Enter - MemInfo: [/proc/self/status]	VmPin:	       0 kB
20220313 001932.678 INFO             PET0 PIOc_freedecomp Enter - MemInfo: [/proc/self/status]	VmHWM:	   54968 kB
20220313 001932.678 INFO             PET0 PIOc_freedecomp Enter - MemInfo: [/proc/self/status]	VmRSS:	   54956 kB
20220313 001932.678 INFO             PET0 PIOc_freedecomp Enter - MemInfo: [/proc/self/status]	VmData:	   45516 kB
20220313 001932.678 INFO             PET0 PIOc_freedecomp Enter - MemInfo: [/proc/self/status]	VmStk:	     508 kB
20220313 001932.678 INFO             PET0 PIOc_freedecomp Enter - MemInfo: [/proc/self/status]	VmExe:	    1868 kB
20220313 001932.678 INFO             PET0 PIOc_freedecomp Enter - MemInfo: [/proc/self/status]	VmLib:	  133788 kB
20220313 001932.678 INFO             PET0 PIOc_freedecomp Enter - MemInfo: [/proc/self/status]	VmPTE:	     536 kB
20220313 001932.678 INFO             PET0 PIOc_freedecomp Enter - MemInfo: [/proc/self/status]	VmPMD:	      12 kB
20220313 001932.678 INFO             PET0 PIOc_freedecomp Enter - MemInfo: [/proc/self/status]	VmSwap:	       0 kB
20220313 001932.678 INFO             PET0 PIOc_freedecomp Enter - MemInfo: [/proc/self/status]	VmRSSPercent: 0.0834489 %
20220313 001932.678 INFO             PET0 PIOc_freedecomp Enter - MemInfo: [malloc] Non-mmapped space allocated:                22007808 Byte
20220313 001932.678 INFO             PET0 PIOc_freedecomp Enter - MemInfo: [malloc] Space allocated in mmapped regions:          3026944 Byte
20220313 001932.678 INFO             PET0 PIOc_freedecomp Enter - MemInfo: [malloc] Maximum total allocated space:                     0 Byte
20220313 001932.678 INFO             PET0 PIOc_freedecomp Enter - MemInfo: [malloc] Space in freed fastbin blocks:                   272 Byte
20220313 001932.678 INFO             PET0 PIOc_freedecomp Enter - MemInfo: [malloc] Total allocated space:                       2379200 Byte
20220313 001932.678 INFO             PET0 PIOc_freedecomp Enter - MemInfo: [malloc] Total free space:                           19628608 Byte
20220313 001932.678 INFO             PET0 PIOc_freedecomp Enter - MemInfo: [malloc] Top-most, releasable space:                 14751264 Byte
20220313 001932.678 INFO             PET0 PIOc_freedecomp Enter - MemInfo: [malloc] Total space in use, mmap + non-mmap:         5406144 Byte
20220313 001932.678 INFO             PET0 PIOc_freedecomp Enter - MemInfo: [malloc] Total space held (mmap + non-mmap):         25034752 Byte
20220313 001932.678 INFO             PET0 PIOc_freedecomp Enter - MemInfo: [malloc] Total space used (mmap + non-mmap):          5414352 Byte
20220313 001932.678 INFO             PET0 PIOc_freedecomp Enter - MemInfo: Wall-clock time since execution start:                3.93122 seconds
20220313 001932.678 INFO             PET0 PIOc_freedecomp Exit - MemInfo: [/proc/meminfo - SSI]	MemTotal:       65855856 kB
20220313 001932.678 INFO             PET0 PIOc_freedecomp Exit - MemInfo: [/proc/meminfo - SSI]	MemFree:        60984028 kB
20220313 001932.678 INFO             PET0 PIOc_freedecomp Exit - MemInfo: [/proc/meminfo - SSI]	MemAvailable:   60819088 kB
20220313 001932.678 INFO             PET0 PIOc_freedecomp Exit - MemInfo: [/proc/meminfo - SSI]	Committed_AS:    3287436 kB
20220313 001932.678 INFO             PET0 PIOc_freedecomp Exit - MemInfo: [/proc/meminfo - SSI]	CommittedPercent: 4.99187 %
20220313 001932.678 INFO             PET0 PIOc_freedecomp Exit - MemInfo: [/proc/self/status]	VmPeak:	  348168 kB
20220313 001932.678 INFO             PET0 PIOc_freedecomp Exit - MemInfo: [/proc/self/status]	VmSize:	  348144 kB
20220313 001932.678 INFO             PET0 PIOc_freedecomp Exit - MemInfo: [/proc/self/status]	VmLck:	       0 kB
20220313 001932.678 INFO             PET0 PIOc_freedecomp Exit - MemInfo: [/proc/self/status]	VmPin:	       0 kB
20220313 001932.678 INFO             PET0 PIOc_freedecomp Exit - MemInfo: [/proc/self/status]	VmHWM:	   54968 kB
20220313 001932.678 INFO             PET0 PIOc_freedecomp Exit - MemInfo: [/proc/self/status]	VmRSS:	   54956 kB
20220313 001932.678 INFO             PET0 PIOc_freedecomp Exit - MemInfo: [/proc/self/status]	VmData:	   45516 kB
20220313 001932.678 INFO             PET0 PIOc_freedecomp Exit - MemInfo: [/proc/self/status]	VmStk:	     508 kB
20220313 001932.678 INFO             PET0 PIOc_freedecomp Exit - MemInfo: [/proc/self/status]	VmExe:	    1868 kB
20220313 001932.678 INFO             PET0 PIOc_freedecomp Exit - MemInfo: [/proc/self/status]	VmLib:	  133788 kB
20220313 001932.678 INFO             PET0 PIOc_freedecomp Exit - MemInfo: [/proc/self/status]	VmPTE:	     536 kB
20220313 001932.678 INFO             PET0 PIOc_freedecomp Exit - MemInfo: [/proc/self/status]	VmPMD:	      12 kB
20220313 001932.678 INFO             PET0 PIOc_freedecomp Exit - MemInfo: [/proc/self/status]	VmSwap:	       0 kB
20220313 001932.678 INFO             PET0 PIOc_freedecomp Exit - MemInfo: [/proc/self/status]	VmRSSPercent: 0.0834489 %
20220313 001932.678 INFO             PET0 PIOc_freedecomp Exit - MemInfo: [malloc] Non-mmapped space allocated:                22007808 Byte
20220313 001932.678 INFO             PET0 PIOc_freedecomp Exit - MemInfo: [malloc] Space allocated in mmapped regions:          3026944 Byte
20220313 001932.678 INFO             PET0 PIOc_freedecomp Exit - MemInfo: [malloc] Maximum total allocated space:                     0 Byte
20220313 001932.678 INFO             PET0 PIOc_freedecomp Exit - MemInfo: [malloc] Space in freed fastbin blocks:                  1472 Byte
20220313 001932.678 INFO             PET0 PIOc_freedecomp Exit - MemInfo: [malloc] Total allocated space:                       2377584 Byte
20220313 001932.678 INFO             PET0 PIOc_freedecomp Exit - MemInfo: [malloc] Total free space:                           19630224 Byte
20220313 001932.678 INFO             PET0 PIOc_freedecomp Exit - MemInfo: [malloc] Top-most, releasable space:                 14751264 Byte
20220313 001932.678 INFO             PET0 PIOc_freedecomp Exit - MemInfo: [malloc] Total space in use, mmap + non-mmap:         5404528 Byte
20220313 001932.678 INFO             PET0 PIOc_freedecomp Exit - MemInfo: [malloc] Total space held (mmap + non-mmap):         25034752 Byte
20220313 001932.678 INFO             PET0 PIOc_freedecomp Exit - MemInfo: [malloc] Total space used (mmap + non-mmap):          5412736 Byte
20220313 001932.678 INFO             PET0 PIOc_freedecomp Exit - MemInfo: Wall-clock time since execution start:                3.93162 seconds
20220313 001932.681 INFO             PET0  PASS  Test RouteHandleDestroy(), ESMF_RouteHandleAdvancedUTest.F90, line 633
20220313 001932.681 INFO             PET0  PASS  Apply the copied Routehandle, ESMF_RouteHandleAdvancedUTest.F90, line 643
20220313 001932.681 INFO             PET0  PASS  Test RouteHandleDestroy() for the copied Routehandle, ESMF_RouteHandleAdvancedUTest.F90, line 651
20220313 001932.681 INFO             PET0  PASS  Test ESMF_DynamicMaskSetR4R4R4(), ESMF_RouteHandleAdvancedUTest.F90, line 716
20220313 001932.681 INFO             PET0  PASS  Test ESMF_DynamicMaskSetR4R4R4V(), ESMF_RouteHandleAdvancedUTest.F90, line 725
20220313 001932.681 INFO             PET0  PASS  Test ESMF_DynamicMaskSetR4R8R4V(), ESMF_RouteHandleAdvancedUTest.F90, line 734
20220313 001932.681 INFO             PET0  Ending Test, file ESMF_RouteHandleAdvancedUTest.F90, line 749
20220313 001932.681 INFO             PET0 Finalizing ESMF
20220313 001928.772 INFO             PET1 !!!!!!!!!!!!!!!!!!!!!!!!!!!!!!!!!!!!!!!!!!!!!!!!!!!!!!
20220313 001928.772 INFO             PET1 !!! THE ESMF_LOG IS SET TO OUTPUT ALL LOG MESSAGES !!!
20220313 001928.772 INFO             PET1 !!!     THIS MAY CAUSE SLOWDOWN IN PERFORMANCE     !!!
20220313 001928.772 INFO             PET1 !!! FOR PRODUCTION RUNS, USE:                      !!!
20220313 001928.772 INFO             PET1 !!!                   ESMF_LOGKIND_Multi_On_Error  !!!
20220313 001928.772 INFO             PET1 !!!!!!!!!!!!!!!!!!!!!!!!!!!!!!!!!!!!!!!!!!!!!!!!!!!!!!
20220313 001928.772 INFO             PET1 Running with ESMF Version   : v8.3.0b09-96-g559b459836
20220313 001928.772 INFO             PET1 ESMF library build date/time: "Mar 13 2022" "00:01:08"
20220313 001928.772 INFO             PET1 ESMF library build location : /lustre/f2/dev/ncep/Mark.Potts/intel_2019.5_mpi_g_jedwards_pio_update2
20220313 001928.772 INFO             PET1 ESMF_COMM                   : mpi
20220313 001928.773 INFO             PET1 ESMF_MOAB                   : enabled
20220313 001928.773 INFO             PET1 ESMF_LAPACK                 : enabled
20220313 001928.773 INFO             PET1 ESMF_NETCDF                 : enabled
20220313 001928.773 INFO             PET1 ESMF_PNETCDF                : disabled
20220313 001928.773 INFO             PET1 ESMF_PIO                    : enabled
20220313 001928.773 INFO             PET1 ESMF_YAMLCPP                : enabled
20220313 001928.773 INFO             PET1  Beginning Test, file ESMF_RouteHandleAdvancedUTest.F90, line 346
20220313 001928.773 INFO             PET1  NUMBER_OF_PROCESSORS           4
20220313 001928.788 INFO             PET1 ESMF_FieldRedistStoreNF(): Just entered routine.
20220313 001928.882 INFO             PET1 ESMF_FieldRedistStoreNF(): Leaving routine.
20220313 001928.882 INFO             PET1  PASS  Create RouteHandle for the original petList, ESMF_RouteHandleAdvancedUTest.F90, line 511
20220313 001928.882 INFO             PET1  PASS  Test RouteHandleIsCreated(), ESMF_RouteHandleAdvancedUTest.F90, line 519
20220313 001928.882 INFO             PET1  PASS  Test RouteHandleIsCreated() return value, ESMF_RouteHandleAdvancedUTest.F90, line 526
20220313 001928.882 INFO             PET1  PASS  Test RouteHandleGet(), ESMF_RouteHandleAdvancedUTest.F90, line 534
20220313 001928.889 INFO             PET1  PASS  Test RouteHandleWrite(), ESMF_RouteHandleAdvancedUTest.F90, line 542
20220313 001928.889 INFO             PET1  PASS  Test RouteHandleDestroy(), ESMF_RouteHandleAdvancedUTest.F90, line 550
20220313 001928.891 INFO             PET1  PASS  Test RouteHandleCreate(from file), ESMF_RouteHandleAdvancedUTest.F90, line 558
20220313 001928.893 INFO             PET1  PASS  Apply the read in Routehandle, ESMF_RouteHandleAdvancedUTest.F90, line 567
20220313 001928.893 INFO             PET1  PASS  Test RouteHandleDestroy() for the read in Routehandle, ESMF_RouteHandleAdvancedUTest.F90, line 575
20220313 001928.893 INFO             PET1 ESMF_FieldRedistStoreNF(): Just entered routine.
20220313 001928.979 INFO             PET1 ESMF_FieldRedistStoreNF(): Leaving routine.
20220313 001928.979 INFO             PET1  PASS  Create RouteHandle for the original petList, ESMF_RouteHandleAdvancedUTest.F90, line 585
20220313 001928.979 INFO             PET1  PASS  Transfer RouteHandle to a different petList, ESMF_RouteHandleAdvancedUTest.F90, line 602
20220313 001929.005 INFO             PET1 PIOc_sync Enter - MemInfo: [/proc/meminfo - SSI]	MemTotal:       65855856 kB
20220313 001929.005 INFO             PET1 PIOc_sync Enter - MemInfo: [/proc/meminfo - SSI]	MemFree:        60974064 kB
20220313 001929.005 INFO             PET1 PIOc_sync Enter - MemInfo: [/proc/meminfo - SSI]	MemAvailable:   60807384 kB
20220313 001929.005 INFO             PET1 PIOc_sync Enter - MemInfo: [/proc/meminfo - SSI]	Committed_AS:    3287436 kB
20220313 001929.005 INFO             PET1 PIOc_sync Enter - MemInfo: [/proc/meminfo - SSI]	CommittedPercent: 4.99187 %
20220313 001929.005 INFO             PET1 PIOc_sync Enter - MemInfo: [/proc/self/status]	VmPeak:	  349828 kB
20220313 001929.005 INFO             PET1 PIOc_sync Enter - MemInfo: [/proc/self/status]	VmSize:	  349828 kB
20220313 001929.005 INFO             PET1 PIOc_sync Enter - MemInfo: [/proc/self/status]	VmLck:	       0 kB
20220313 001929.005 INFO             PET1 PIOc_sync Enter - MemInfo: [/proc/self/status]	VmPin:	       0 kB
20220313 001929.005 INFO             PET1 PIOc_sync Enter - MemInfo: [/proc/self/status]	VmHWM:	   51240 kB
20220313 001929.005 INFO             PET1 PIOc_sync Enter - MemInfo: [/proc/self/status]	VmRSS:	   51240 kB
20220313 001929.005 INFO             PET1 PIOc_sync Enter - MemInfo: [/proc/self/status]	VmData:	   47176 kB
20220313 001929.006 INFO             PET1 PIOc_sync Enter - MemInfo: [/proc/self/status]	VmStk:	     508 kB
20220313 001929.006 INFO             PET1 PIOc_sync Enter - MemInfo: [/proc/self/status]	VmExe:	    1868 kB
20220313 001929.006 INFO             PET1 PIOc_sync Enter - MemInfo: [/proc/self/status]	VmLib:	  133788 kB
20220313 001929.006 INFO             PET1 PIOc_sync Enter - MemInfo: [/proc/self/status]	VmPTE:	     508 kB
20220313 001929.006 INFO             PET1 PIOc_sync Enter - MemInfo: [/proc/self/status]	VmPMD:	      12 kB
20220313 001929.006 INFO             PET1 PIOc_sync Enter - MemInfo: [/proc/self/status]	VmSwap:	       0 kB
20220313 001929.006 INFO             PET1 PIOc_sync Enter - MemInfo: [/proc/self/status]	VmRSSPercent: 0.0778063 %
20220313 001929.006 INFO             PET1 PIOc_sync Enter - MemInfo: [malloc] Non-mmapped space allocated:                22728704 Byte
20220313 001929.006 INFO             PET1 PIOc_sync Enter - MemInfo: [malloc] Space allocated in mmapped regions:          4005888 Byte
20220313 001929.006 INFO             PET1 PIOc_sync Enter - MemInfo: [malloc] Maximum total allocated space:                     0 Byte
20220313 001929.006 INFO             PET1 PIOc_sync Enter - MemInfo: [malloc] Space in freed fastbin blocks:                    32 Byte
20220313 001929.006 INFO             PET1 PIOc_sync Enter - MemInfo: [malloc] Total allocated space:                       1778400 Byte
20220313 001929.006 INFO             PET1 PIOc_sync Enter - MemInfo: [malloc] Total free space:                           20950304 Byte
20220313 001929.006 INFO             PET1 PIOc_sync Enter - MemInfo: [malloc] Top-most, releasable space:                 15412576 Byte
20220313 001929.006 INFO             PET1 PIOc_sync Enter - MemInfo: [malloc] Total space in use, mmap + non-mmap:         5784288 Byte
20220313 001929.006 INFO             PET1 PIOc_sync Enter - MemInfo: [malloc] Total space held (mmap + non-mmap):         26734592 Byte
20220313 001929.006 INFO             PET1 PIOc_sync Enter - MemInfo: [malloc] Total space used (mmap + non-mmap):          5793152 Byte
20220313 001929.006 INFO             PET1 PIOc_sync Enter - MemInfo: Wall-clock time since execution start:                0.25905 seconds
20220313 001932.666 INFO             PET1 PIOc_sync Exit - MemInfo: [/proc/meminfo - SSI]	MemTotal:       65855856 kB
20220313 001932.667 INFO             PET1 PIOc_sync Exit - MemInfo: [/proc/meminfo - SSI]	MemFree:        60984532 kB
20220313 001932.667 INFO             PET1 PIOc_sync Exit - MemInfo: [/proc/meminfo - SSI]	MemAvailable:   60819592 kB
20220313 001932.667 INFO             PET1 PIOc_sync Exit - MemInfo: [/proc/meminfo - SSI]	Committed_AS:    3287436 kB
20220313 001932.667 INFO             PET1 PIOc_sync Exit - MemInfo: [/proc/meminfo - SSI]	CommittedPercent: 4.99187 %
20220313 001932.667 INFO             PET1 PIOc_sync Exit - MemInfo: [/proc/self/status]	VmPeak:	  349828 kB
20220313 001932.667 INFO             PET1 PIOc_sync Exit - MemInfo: [/proc/self/status]	VmSize:	  349828 kB
20220313 001932.667 INFO             PET1 PIOc_sync Exit - MemInfo: [/proc/self/status]	VmLck:	       0 kB
20220313 001932.667 INFO             PET1 PIOc_sync Exit - MemInfo: [/proc/self/status]	VmPin:	       0 kB
20220313 001932.667 INFO             PET1 PIOc_sync Exit - MemInfo: [/proc/self/status]	VmHWM:	   51240 kB
20220313 001932.667 INFO             PET1 PIOc_sync Exit - MemInfo: [/proc/self/status]	VmRSS:	   51240 kB
20220313 001932.667 INFO             PET1 PIOc_sync Exit - MemInfo: [/proc/self/status]	VmData:	   47176 kB
20220313 001932.667 INFO             PET1 PIOc_sync Exit - MemInfo: [/proc/self/status]	VmStk:	     508 kB
20220313 001932.667 INFO             PET1 PIOc_sync Exit - MemInfo: [/proc/self/status]	VmExe:	    1868 kB
20220313 001932.667 INFO             PET1 PIOc_sync Exit - MemInfo: [/proc/self/status]	VmLib:	  133788 kB
20220313 001932.667 INFO             PET1 PIOc_sync Exit - MemInfo: [/proc/self/status]	VmPTE:	     508 kB
20220313 001932.667 INFO             PET1 PIOc_sync Exit - MemInfo: [/proc/self/status]	VmPMD:	      12 kB
20220313 001932.667 INFO             PET1 PIOc_sync Exit - MemInfo: [/proc/self/status]	VmSwap:	       0 kB
20220313 001932.667 INFO             PET1 PIOc_sync Exit - MemInfo: [/proc/self/status]	VmRSSPercent: 0.0778063 %
20220313 001932.667 INFO             PET1 PIOc_sync Exit - MemInfo: [malloc] Non-mmapped space allocated:                22728704 Byte
20220313 001932.667 INFO             PET1 PIOc_sync Exit - MemInfo: [malloc] Space allocated in mmapped regions:          4005888 Byte
20220313 001932.667 INFO             PET1 PIOc_sync Exit - MemInfo: [malloc] Maximum total allocated space:                     0 Byte
20220313 001932.667 INFO             PET1 PIOc_sync Exit - MemInfo: [malloc] Space in freed fastbin blocks:                     0 Byte
20220313 001932.667 INFO             PET1 PIOc_sync Exit - MemInfo: [malloc] Total allocated space:                       1779728 Byte
20220313 001932.667 INFO             PET1 PIOc_sync Exit - MemInfo: [malloc] Total free space:                           20948976 Byte
20220313 001932.667 INFO             PET1 PIOc_sync Exit - MemInfo: [malloc] Top-most, releasable space:                 15412576 Byte
20220313 001932.667 INFO             PET1 PIOc_sync Exit - MemInfo: [malloc] Total space in use, mmap + non-mmap:         5785616 Byte
20220313 001932.667 INFO             PET1 PIOc_sync Exit - MemInfo: [malloc] Total space held (mmap + non-mmap):         26734592 Byte
20220313 001932.667 INFO             PET1 PIOc_sync Exit - MemInfo: [malloc] Total space used (mmap + non-mmap):          5793936 Byte
20220313 001932.667 INFO             PET1 PIOc_sync Exit - MemInfo: Wall-clock time since execution start:                3.92016 seconds
20220313 001932.667 INFO             PET1 PIOc_freedecomp Enter - MemInfo: [/proc/meminfo - SSI]	MemTotal:       65855856 kB
20220313 001932.667 INFO             PET1 PIOc_freedecomp Enter - MemInfo: [/proc/meminfo - SSI]	MemFree:        60984532 kB
20220313 001932.667 INFO             PET1 PIOc_freedecomp Enter - MemInfo: [/proc/meminfo - SSI]	MemAvailable:   60819592 kB
20220313 001932.667 INFO             PET1 PIOc_freedecomp Enter - MemInfo: [/proc/meminfo - SSI]	Committed_AS:    3287436 kB
20220313 001932.667 INFO             PET1 PIOc_freedecomp Enter - MemInfo: [/proc/meminfo - SSI]	CommittedPercent: 4.99187 %
20220313 001932.667 INFO             PET1 PIOc_freedecomp Enter - MemInfo: [/proc/self/status]	VmPeak:	  349828 kB
20220313 001932.667 INFO             PET1 PIOc_freedecomp Enter - MemInfo: [/proc/self/status]	VmSize:	  349828 kB
20220313 001932.667 INFO             PET1 PIOc_freedecomp Enter - MemInfo: [/proc/self/status]	VmLck:	       0 kB
20220313 001932.667 INFO             PET1 PIOc_freedecomp Enter - MemInfo: [/proc/self/status]	VmPin:	       0 kB
20220313 001932.667 INFO             PET1 PIOc_freedecomp Enter - MemInfo: [/proc/self/status]	VmHWM:	   51240 kB
20220313 001932.667 INFO             PET1 PIOc_freedecomp Enter - MemInfo: [/proc/self/status]	VmRSS:	   51240 kB
20220313 001932.667 INFO             PET1 PIOc_freedecomp Enter - MemInfo: [/proc/self/status]	VmData:	   47176 kB
20220313 001932.667 INFO             PET1 PIOc_freedecomp Enter - MemInfo: [/proc/self/status]	VmStk:	     508 kB
20220313 001932.667 INFO             PET1 PIOc_freedecomp Enter - MemInfo: [/proc/self/status]	VmExe:	    1868 kB
20220313 001932.667 INFO             PET1 PIOc_freedecomp Enter - MemInfo: [/proc/self/status]	VmLib:	  133788 kB
20220313 001932.667 INFO             PET1 PIOc_freedecomp Enter - MemInfo: [/proc/self/status]	VmPTE:	     508 kB
20220313 001932.667 INFO             PET1 PIOc_freedecomp Enter - MemInfo: [/proc/self/status]	VmPMD:	      12 kB
20220313 001932.667 INFO             PET1 PIOc_freedecomp Enter - MemInfo: [/proc/self/status]	VmSwap:	       0 kB
20220313 001932.667 INFO             PET1 PIOc_freedecomp Enter - MemInfo: [/proc/self/status]	VmRSSPercent: 0.0778063 %
20220313 001932.667 INFO             PET1 PIOc_freedecomp Enter - MemInfo: [malloc] Non-mmapped space allocated:                22728704 Byte
20220313 001932.667 INFO             PET1 PIOc_freedecomp Enter - MemInfo: [malloc] Space allocated in mmapped regions:          4005888 Byte
20220313 001932.667 INFO             PET1 PIOc_freedecomp Enter - MemInfo: [malloc] Maximum total allocated space:                     0 Byte
20220313 001932.667 INFO             PET1 PIOc_freedecomp Enter - MemInfo: [malloc] Space in freed fastbin blocks:                     0 Byte
20220313 001932.667 INFO             PET1 PIOc_freedecomp Enter - MemInfo: [malloc] Total allocated space:                       1780176 Byte
20220313 001932.667 INFO             PET1 PIOc_freedecomp Enter - MemInfo: [malloc] Total free space:                           20948528 Byte
20220313 001932.667 INFO             PET1 PIOc_freedecomp Enter - MemInfo: [malloc] Top-most, releasable space:                 15412576 Byte
20220313 001932.667 INFO             PET1 PIOc_freedecomp Enter - MemInfo: [malloc] Total space in use, mmap + non-mmap:         5786064 Byte
20220313 001932.667 INFO             PET1 PIOc_freedecomp Enter - MemInfo: [malloc] Total space held (mmap + non-mmap):         26734592 Byte
20220313 001932.668 INFO             PET1 PIOc_freedecomp Enter - MemInfo: [malloc] Total space used (mmap + non-mmap):          5794560 Byte
20220313 001932.668 INFO             PET1 PIOc_freedecomp Enter - MemInfo: Wall-clock time since execution start:                3.92073 seconds
20220313 001932.668 INFO             PET1 PIOc_freedecomp Exit - MemInfo: [/proc/meminfo - SSI]	MemTotal:       65855856 kB
20220313 001932.668 INFO             PET1 PIOc_freedecomp Exit - MemInfo: [/proc/meminfo - SSI]	MemFree:        60984532 kB
20220313 001932.668 INFO             PET1 PIOc_freedecomp Exit - MemInfo: [/proc/meminfo - SSI]	MemAvailable:   60819592 kB
20220313 001932.668 INFO             PET1 PIOc_freedecomp Exit - MemInfo: [/proc/meminfo - SSI]	Committed_AS:    3287436 kB
20220313 001932.668 INFO             PET1 PIOc_freedecomp Exit - MemInfo: [/proc/meminfo - SSI]	CommittedPercent: 4.99187 %
20220313 001932.668 INFO             PET1 PIOc_freedecomp Exit - MemInfo: [/proc/self/status]	VmPeak:	  349828 kB
20220313 001932.668 INFO             PET1 PIOc_freedecomp Exit - MemInfo: [/proc/self/status]	VmSize:	  349828 kB
20220313 001932.668 INFO             PET1 PIOc_freedecomp Exit - MemInfo: [/proc/self/status]	VmLck:	       0 kB
20220313 001932.668 INFO             PET1 PIOc_freedecomp Exit - MemInfo: [/proc/self/status]	VmPin:	       0 kB
20220313 001932.668 INFO             PET1 PIOc_freedecomp Exit - MemInfo: [/proc/self/status]	VmHWM:	   51240 kB
20220313 001932.668 INFO             PET1 PIOc_freedecomp Exit - MemInfo: [/proc/self/status]	VmRSS:	   51240 kB
20220313 001932.668 INFO             PET1 PIOc_freedecomp Exit - MemInfo: [/proc/self/status]	VmData:	   47176 kB
20220313 001932.668 INFO             PET1 PIOc_freedecomp Exit - MemInfo: [/proc/self/status]	VmStk:	     508 kB
20220313 001932.668 INFO             PET1 PIOc_freedecomp Exit - MemInfo: [/proc/self/status]	VmExe:	    1868 kB
20220313 001932.668 INFO             PET1 PIOc_freedecomp Exit - MemInfo: [/proc/self/status]	VmLib:	  133788 kB
20220313 001932.668 INFO             PET1 PIOc_freedecomp Exit - MemInfo: [/proc/self/status]	VmPTE:	     508 kB
20220313 001932.668 INFO             PET1 PIOc_freedecomp Exit - MemInfo: [/proc/self/status]	VmPMD:	      12 kB
20220313 001932.668 INFO             PET1 PIOc_freedecomp Exit - MemInfo: [/proc/self/status]	VmSwap:	       0 kB
20220313 001932.668 INFO             PET1 PIOc_freedecomp Exit - MemInfo: [/proc/self/status]	VmRSSPercent: 0.0778063 %
20220313 001932.668 INFO             PET1 PIOc_freedecomp Exit - MemInfo: [malloc] Non-mmapped space allocated:                22728704 Byte
20220313 001932.668 INFO             PET1 PIOc_freedecomp Exit - MemInfo: [malloc] Space allocated in mmapped regions:          4005888 Byte
20220313 001932.668 INFO             PET1 PIOc_freedecomp Exit - MemInfo: [malloc] Maximum total allocated space:                     0 Byte
20220313 001932.668 INFO             PET1 PIOc_freedecomp Exit - MemInfo: [malloc] Space in freed fastbin blocks:                   112 Byte
20220313 001932.668 INFO             PET1 PIOc_freedecomp Exit - MemInfo: [malloc] Total allocated space:                       1780688 Byte
20220313 001932.668 INFO             PET1 PIOc_freedecomp Exit - MemInfo: [malloc] Total free space:                           20948016 Byte
20220313 001932.668 INFO             PET1 PIOc_freedecomp Exit - MemInfo: [malloc] Top-most, releasable space:                 15412576 Byte
20220313 001932.668 INFO             PET1 PIOc_freedecomp Exit - MemInfo: [malloc] Total space in use, mmap + non-mmap:         5786576 Byte
20220313 001932.668 INFO             PET1 PIOc_freedecomp Exit - MemInfo: [malloc] Total space held (mmap + non-mmap):         26734592 Byte
20220313 001932.668 INFO             PET1 PIOc_freedecomp Exit - MemInfo: [malloc] Total space used (mmap + non-mmap):          5795008 Byte
20220313 001932.668 INFO             PET1 PIOc_freedecomp Exit - MemInfo: Wall-clock time since execution start:                3.92124 seconds
20220313 001932.669 INFO             PET1 PIOc_sync Enter - MemInfo: [/proc/meminfo - SSI]	MemTotal:       65855856 kB
20220313 001932.669 INFO             PET1 PIOc_sync Enter - MemInfo: [/proc/meminfo - SSI]	MemFree:        60984532 kB
20220313 001932.669 INFO             PET1 PIOc_sync Enter - MemInfo: [/proc/meminfo - SSI]	MemAvailable:   60819592 kB
20220313 001932.670 INFO             PET1 PIOc_sync Enter - MemInfo: [/proc/meminfo - SSI]	Committed_AS:    3287436 kB
20220313 001932.670 INFO             PET1 PIOc_sync Enter - MemInfo: [/proc/meminfo - SSI]	CommittedPercent: 4.99187 %
20220313 001932.670 INFO             PET1 PIOc_sync Enter - MemInfo: [/proc/self/status]	VmPeak:	  349828 kB
20220313 001932.670 INFO             PET1 PIOc_sync Enter - MemInfo: [/proc/self/status]	VmSize:	  349804 kB
20220313 001932.670 INFO             PET1 PIOc_sync Enter - MemInfo: [/proc/self/status]	VmLck:	       0 kB
20220313 001932.670 INFO             PET1 PIOc_sync Enter - MemInfo: [/proc/self/status]	VmPin:	       0 kB
20220313 001932.670 INFO             PET1 PIOc_sync Enter - MemInfo: [/proc/self/status]	VmHWM:	   51416 kB
20220313 001932.670 INFO             PET1 PIOc_sync Enter - MemInfo: [/proc/self/status]	VmRSS:	   51408 kB
20220313 001932.670 INFO             PET1 PIOc_sync Enter - MemInfo: [/proc/self/status]	VmData:	   47176 kB
20220313 001932.670 INFO             PET1 PIOc_sync Enter - MemInfo: [/proc/self/status]	VmStk:	     508 kB
20220313 001932.670 INFO             PET1 PIOc_sync Enter - MemInfo: [/proc/self/status]	VmExe:	    1868 kB
20220313 001932.670 INFO             PET1 PIOc_sync Enter - MemInfo: [/proc/self/status]	VmLib:	  133788 kB
20220313 001932.670 INFO             PET1 PIOc_sync Enter - MemInfo: [/proc/self/status]	VmPTE:	     512 kB
20220313 001932.670 INFO             PET1 PIOc_sync Enter - MemInfo: [/proc/self/status]	VmPMD:	      12 kB
20220313 001932.670 INFO             PET1 PIOc_sync Enter - MemInfo: [/proc/self/status]	VmSwap:	       0 kB
20220313 001932.670 INFO             PET1 PIOc_sync Enter - MemInfo: [/proc/self/status]	VmRSSPercent: 0.0780614 %
20220313 001932.670 INFO             PET1 PIOc_sync Enter - MemInfo: [malloc] Non-mmapped space allocated:                22728704 Byte
20220313 001932.670 INFO             PET1 PIOc_sync Enter - MemInfo: [malloc] Space allocated in mmapped regions:          4005888 Byte
20220313 001932.670 INFO             PET1 PIOc_sync Enter - MemInfo: [malloc] Maximum total allocated space:                     0 Byte
20220313 001932.670 INFO             PET1 PIOc_sync Enter - MemInfo: [malloc] Space in freed fastbin blocks:                    32 Byte
20220313 001932.670 INFO             PET1 PIOc_sync Enter - MemInfo: [malloc] Total allocated space:                       1781952 Byte
20220313 001932.670 INFO             PET1 PIOc_sync Enter - MemInfo: [malloc] Total free space:                           20946752 Byte
20220313 001932.670 INFO             PET1 PIOc_sync Enter - MemInfo: [malloc] Top-most, releasable space:                 15412576 Byte
20220313 001932.670 INFO             PET1 PIOc_sync Enter - MemInfo: [malloc] Total space in use, mmap + non-mmap:         5787840 Byte
20220313 001932.670 INFO             PET1 PIOc_sync Enter - MemInfo: [malloc] Total space held (mmap + non-mmap):         26734592 Byte
20220313 001932.670 INFO             PET1 PIOc_sync Enter - MemInfo: [malloc] Total space used (mmap + non-mmap):          5796048 Byte
20220313 001932.670 INFO             PET1 PIOc_sync Enter - MemInfo: Wall-clock time since execution start:                3.92315 seconds
20220313 001932.670 INFO             PET1 PIOc_sync Exit - MemInfo: [/proc/meminfo - SSI]	MemTotal:       65855856 kB
20220313 001932.670 INFO             PET1 PIOc_sync Exit - MemInfo: [/proc/meminfo - SSI]	MemFree:        60984532 kB
20220313 001932.670 INFO             PET1 PIOc_sync Exit - MemInfo: [/proc/meminfo - SSI]	MemAvailable:   60819592 kB
20220313 001932.670 INFO             PET1 PIOc_sync Exit - MemInfo: [/proc/meminfo - SSI]	Committed_AS:    3287436 kB
20220313 001932.670 INFO             PET1 PIOc_sync Exit - MemInfo: [/proc/meminfo - SSI]	CommittedPercent: 4.99187 %
20220313 001932.670 INFO             PET1 PIOc_sync Exit - MemInfo: [/proc/self/status]	VmPeak:	  349828 kB
20220313 001932.670 INFO             PET1 PIOc_sync Exit - MemInfo: [/proc/self/status]	VmSize:	  349804 kB
20220313 001932.670 INFO             PET1 PIOc_sync Exit - MemInfo: [/proc/self/status]	VmLck:	       0 kB
20220313 001932.670 INFO             PET1 PIOc_sync Exit - MemInfo: [/proc/self/status]	VmPin:	       0 kB
20220313 001932.670 INFO             PET1 PIOc_sync Exit - MemInfo: [/proc/self/status]	VmHWM:	   51416 kB
20220313 001932.670 INFO             PET1 PIOc_sync Exit - MemInfo: [/proc/self/status]	VmRSS:	   51408 kB
20220313 001932.670 INFO             PET1 PIOc_sync Exit - MemInfo: [/proc/self/status]	VmData:	   47176 kB
20220313 001932.670 INFO             PET1 PIOc_sync Exit - MemInfo: [/proc/self/status]	VmStk:	     508 kB
20220313 001932.670 INFO             PET1 PIOc_sync Exit - MemInfo: [/proc/self/status]	VmExe:	    1868 kB
20220313 001932.670 INFO             PET1 PIOc_sync Exit - MemInfo: [/proc/self/status]	VmLib:	  133788 kB
20220313 001932.670 INFO             PET1 PIOc_sync Exit - MemInfo: [/proc/self/status]	VmPTE:	     512 kB
20220313 001932.670 INFO             PET1 PIOc_sync Exit - MemInfo: [/proc/self/status]	VmPMD:	      12 kB
20220313 001932.670 INFO             PET1 PIOc_sync Exit - MemInfo: [/proc/self/status]	VmSwap:	       0 kB
20220313 001932.670 INFO             PET1 PIOc_sync Exit - MemInfo: [/proc/self/status]	VmRSSPercent: 0.0780614 %
20220313 001932.670 INFO             PET1 PIOc_sync Exit - MemInfo: [malloc] Non-mmapped space allocated:                22728704 Byte
20220313 001932.670 INFO             PET1 PIOc_sync Exit - MemInfo: [malloc] Space allocated in mmapped regions:          4005888 Byte
20220313 001932.670 INFO             PET1 PIOc_sync Exit - MemInfo: [malloc] Maximum total allocated space:                     0 Byte
20220313 001932.670 INFO             PET1 PIOc_sync Exit - MemInfo: [malloc] Space in freed fastbin blocks:                     0 Byte
20220313 001932.670 INFO             PET1 PIOc_sync Exit - MemInfo: [malloc] Total allocated space:                       1782336 Byte
20220313 001932.670 INFO             PET1 PIOc_sync Exit - MemInfo: [malloc] Total free space:                           20946368 Byte
20220313 001932.670 INFO             PET1 PIOc_sync Exit - MemInfo: [malloc] Top-most, releasable space:                 15412576 Byte
20220313 001932.670 INFO             PET1 PIOc_sync Exit - MemInfo: [malloc] Total space in use, mmap + non-mmap:         5788224 Byte
20220313 001932.670 INFO             PET1 PIOc_sync Exit - MemInfo: [malloc] Total space held (mmap + non-mmap):         26734592 Byte
20220313 001932.670 INFO             PET1 PIOc_sync Exit - MemInfo: [malloc] Total space used (mmap + non-mmap):          5796432 Byte
20220313 001932.670 INFO             PET1 PIOc_sync Exit - MemInfo: Wall-clock time since execution start:                3.92365 seconds
20220313 001932.671 INFO             PET1 PIOc_freedecomp Enter - MemInfo: [/proc/meminfo - SSI]	MemTotal:       65855856 kB
20220313 001932.671 INFO             PET1 PIOc_freedecomp Enter - MemInfo: [/proc/meminfo - SSI]	MemFree:        60984532 kB
20220313 001932.671 INFO             PET1 PIOc_freedecomp Enter - MemInfo: [/proc/meminfo - SSI]	MemAvailable:   60819592 kB
20220313 001932.671 INFO             PET1 PIOc_freedecomp Enter - MemInfo: [/proc/meminfo - SSI]	Committed_AS:    3287436 kB
20220313 001932.671 INFO             PET1 PIOc_freedecomp Enter - MemInfo: [/proc/meminfo - SSI]	CommittedPercent: 4.99187 %
20220313 001932.671 INFO             PET1 PIOc_freedecomp Enter - MemInfo: [/proc/self/status]	VmPeak:	  349828 kB
20220313 001932.671 INFO             PET1 PIOc_freedecomp Enter - MemInfo: [/proc/self/status]	VmSize:	  349804 kB
20220313 001932.671 INFO             PET1 PIOc_freedecomp Enter - MemInfo: [/proc/self/status]	VmLck:	       0 kB
20220313 001932.671 INFO             PET1 PIOc_freedecomp Enter - MemInfo: [/proc/self/status]	VmPin:	       0 kB
20220313 001932.671 INFO             PET1 PIOc_freedecomp Enter - MemInfo: [/proc/self/status]	VmHWM:	   51416 kB
20220313 001932.671 INFO             PET1 PIOc_freedecomp Enter - MemInfo: [/proc/self/status]	VmRSS:	   51408 kB
20220313 001932.671 INFO             PET1 PIOc_freedecomp Enter - MemInfo: [/proc/self/status]	VmData:	   47176 kB
20220313 001932.671 INFO             PET1 PIOc_freedecomp Enter - MemInfo: [/proc/self/status]	VmStk:	     508 kB
20220313 001932.671 INFO             PET1 PIOc_freedecomp Enter - MemInfo: [/proc/self/status]	VmExe:	    1868 kB
20220313 001932.671 INFO             PET1 PIOc_freedecomp Enter - MemInfo: [/proc/self/status]	VmLib:	  133788 kB
20220313 001932.671 INFO             PET1 PIOc_freedecomp Enter - MemInfo: [/proc/self/status]	VmPTE:	     512 kB
20220313 001932.671 INFO             PET1 PIOc_freedecomp Enter - MemInfo: [/proc/self/status]	VmPMD:	      12 kB
20220313 001932.671 INFO             PET1 PIOc_freedecomp Enter - MemInfo: [/proc/self/status]	VmSwap:	       0 kB
20220313 001932.671 INFO             PET1 PIOc_freedecomp Enter - MemInfo: [/proc/self/status]	VmRSSPercent: 0.0780614 %
20220313 001932.671 INFO             PET1 PIOc_freedecomp Enter - MemInfo: [malloc] Non-mmapped space allocated:                22728704 Byte
20220313 001932.671 INFO             PET1 PIOc_freedecomp Enter - MemInfo: [malloc] Space allocated in mmapped regions:          4005888 Byte
20220313 001932.671 INFO             PET1 PIOc_freedecomp Enter - MemInfo: [malloc] Maximum total allocated space:                     0 Byte
20220313 001932.671 INFO             PET1 PIOc_freedecomp Enter - MemInfo: [malloc] Space in freed fastbin blocks:                     0 Byte
20220313 001932.671 INFO             PET1 PIOc_freedecomp Enter - MemInfo: [malloc] Total allocated space:                       1782560 Byte
20220313 001932.671 INFO             PET1 PIOc_freedecomp Enter - MemInfo: [malloc] Total free space:                           20946144 Byte
20220313 001932.671 INFO             PET1 PIOc_freedecomp Enter - MemInfo: [malloc] Top-most, releasable space:                 15412576 Byte
20220313 001932.671 INFO             PET1 PIOc_freedecomp Enter - MemInfo: [malloc] Total space in use, mmap + non-mmap:         5788448 Byte
20220313 001932.671 INFO             PET1 PIOc_freedecomp Enter - MemInfo: [malloc] Total space held (mmap + non-mmap):         26734592 Byte
20220313 001932.671 INFO             PET1 PIOc_freedecomp Enter - MemInfo: [malloc] Total space used (mmap + non-mmap):          5796656 Byte
20220313 001932.671 INFO             PET1 PIOc_freedecomp Enter - MemInfo: Wall-clock time since execution start:                 3.9242 seconds
20220313 001932.671 INFO             PET1 PIOc_freedecomp Exit - MemInfo: [/proc/meminfo - SSI]	MemTotal:       65855856 kB
20220313 001932.671 INFO             PET1 PIOc_freedecomp Exit - MemInfo: [/proc/meminfo - SSI]	MemFree:        60984532 kB
20220313 001932.671 INFO             PET1 PIOc_freedecomp Exit - MemInfo: [/proc/meminfo - SSI]	MemAvailable:   60819592 kB
20220313 001932.671 INFO             PET1 PIOc_freedecomp Exit - MemInfo: [/proc/meminfo - SSI]	Committed_AS:    3287436 kB
20220313 001932.671 INFO             PET1 PIOc_freedecomp Exit - MemInfo: [/proc/meminfo - SSI]	CommittedPercent: 4.99187 %
20220313 001932.671 INFO             PET1 PIOc_freedecomp Exit - MemInfo: [/proc/self/status]	VmPeak:	  349828 kB
20220313 001932.671 INFO             PET1 PIOc_freedecomp Exit - MemInfo: [/proc/self/status]	VmSize:	  349804 kB
20220313 001932.671 INFO             PET1 PIOc_freedecomp Exit - MemInfo: [/proc/self/status]	VmLck:	       0 kB
20220313 001932.671 INFO             PET1 PIOc_freedecomp Exit - MemInfo: [/proc/self/status]	VmPin:	       0 kB
20220313 001932.671 INFO             PET1 PIOc_freedecomp Exit - MemInfo: [/proc/self/status]	VmHWM:	   51416 kB
20220313 001932.671 INFO             PET1 PIOc_freedecomp Exit - MemInfo: [/proc/self/status]	VmRSS:	   51408 kB
20220313 001932.671 INFO             PET1 PIOc_freedecomp Exit - MemInfo: [/proc/self/status]	VmData:	   47176 kB
20220313 001932.671 INFO             PET1 PIOc_freedecomp Exit - MemInfo: [/proc/self/status]	VmStk:	     508 kB
20220313 001932.671 INFO             PET1 PIOc_freedecomp Exit - MemInfo: [/proc/self/status]	VmExe:	    1868 kB
20220313 001932.671 INFO             PET1 PIOc_freedecomp Exit - MemInfo: [/proc/self/status]	VmLib:	  133788 kB
20220313 001932.671 INFO             PET1 PIOc_freedecomp Exit - MemInfo: [/proc/self/status]	VmPTE:	     512 kB
20220313 001932.671 INFO             PET1 PIOc_freedecomp Exit - MemInfo: [/proc/self/status]	VmPMD:	      12 kB
20220313 001932.671 INFO             PET1 PIOc_freedecomp Exit - MemInfo: [/proc/self/status]	VmSwap:	       0 kB
20220313 001932.671 INFO             PET1 PIOc_freedecomp Exit - MemInfo: [/proc/self/status]	VmRSSPercent: 0.0780614 %
20220313 001932.671 INFO             PET1 PIOc_freedecomp Exit - MemInfo: [malloc] Non-mmapped space allocated:                22728704 Byte
20220313 001932.671 INFO             PET1 PIOc_freedecomp Exit - MemInfo: [malloc] Space allocated in mmapped regions:          4005888 Byte
20220313 001932.671 INFO             PET1 PIOc_freedecomp Exit - MemInfo: [malloc] Maximum total allocated space:                     0 Byte
20220313 001932.671 INFO             PET1 PIOc_freedecomp Exit - MemInfo: [malloc] Space in freed fastbin blocks:                   512 Byte
20220313 001932.671 INFO             PET1 PIOc_freedecomp Exit - MemInfo: [malloc] Total allocated space:                       1782048 Byte
20220313 001932.671 INFO             PET1 PIOc_freedecomp Exit - MemInfo: [malloc] Total free space:                           20946656 Byte
20220313 001932.671 INFO             PET1 PIOc_freedecomp Exit - MemInfo: [malloc] Top-most, releasable space:                 15412576 Byte
20220313 001932.671 INFO             PET1 PIOc_freedecomp Exit - MemInfo: [malloc] Total space in use, mmap + non-mmap:         5787936 Byte
20220313 001932.671 INFO             PET1 PIOc_freedecomp Exit - MemInfo: [malloc] Total space held (mmap + non-mmap):         26734592 Byte
20220313 001932.671 INFO             PET1 PIOc_freedecomp Exit - MemInfo: [malloc] Total space used (mmap + non-mmap):          5796144 Byte
20220313 001932.671 INFO             PET1 PIOc_freedecomp Exit - MemInfo: Wall-clock time since execution start:                3.92469 seconds
20220313 001932.673 INFO             PET1 PIOc_sync Enter - MemInfo: [/proc/meminfo - SSI]	MemTotal:       65855856 kB
20220313 001932.673 INFO             PET1 PIOc_sync Enter - MemInfo: [/proc/meminfo - SSI]	MemFree:        60984532 kB
20220313 001932.673 INFO             PET1 PIOc_sync Enter - MemInfo: [/proc/meminfo - SSI]	MemAvailable:   60819592 kB
20220313 001932.673 INFO             PET1 PIOc_sync Enter - MemInfo: [/proc/meminfo - SSI]	Committed_AS:    3287436 kB
20220313 001932.673 INFO             PET1 PIOc_sync Enter - MemInfo: [/proc/meminfo - SSI]	CommittedPercent: 4.99187 %
20220313 001932.673 INFO             PET1 PIOc_sync Enter - MemInfo: [/proc/self/status]	VmPeak:	  349828 kB
20220313 001932.673 INFO             PET1 PIOc_sync Enter - MemInfo: [/proc/self/status]	VmSize:	  349804 kB
20220313 001932.673 INFO             PET1 PIOc_sync Enter - MemInfo: [/proc/self/status]	VmLck:	       0 kB
20220313 001932.673 INFO             PET1 PIOc_sync Enter - MemInfo: [/proc/self/status]	VmPin:	       0 kB
20220313 001932.673 INFO             PET1 PIOc_sync Enter - MemInfo: [/proc/self/status]	VmHWM:	   51416 kB
20220313 001932.673 INFO             PET1 PIOc_sync Enter - MemInfo: [/proc/self/status]	VmRSS:	   51408 kB
20220313 001932.673 INFO             PET1 PIOc_sync Enter - MemInfo: [/proc/self/status]	VmData:	   47176 kB
20220313 001932.673 INFO             PET1 PIOc_sync Enter - MemInfo: [/proc/self/status]	VmStk:	     508 kB
20220313 001932.673 INFO             PET1 PIOc_sync Enter - MemInfo: [/proc/self/status]	VmExe:	    1868 kB
20220313 001932.673 INFO             PET1 PIOc_sync Enter - MemInfo: [/proc/self/status]	VmLib:	  133788 kB
20220313 001932.673 INFO             PET1 PIOc_sync Enter - MemInfo: [/proc/self/status]	VmPTE:	     512 kB
20220313 001932.673 INFO             PET1 PIOc_sync Enter - MemInfo: [/proc/self/status]	VmPMD:	      12 kB
20220313 001932.673 INFO             PET1 PIOc_sync Enter - MemInfo: [/proc/self/status]	VmSwap:	       0 kB
20220313 001932.673 INFO             PET1 PIOc_sync Enter - MemInfo: [/proc/self/status]	VmRSSPercent: 0.0780614 %
20220313 001932.673 INFO             PET1 PIOc_sync Enter - MemInfo: [malloc] Non-mmapped space allocated:                22728704 Byte
20220313 001932.673 INFO             PET1 PIOc_sync Enter - MemInfo: [malloc] Space allocated in mmapped regions:          4005888 Byte
20220313 001932.673 INFO             PET1 PIOc_sync Enter - MemInfo: [malloc] Maximum total allocated space:                     0 Byte
20220313 001932.673 INFO             PET1 PIOc_sync Enter - MemInfo: [malloc] Space in freed fastbin blocks:                    32 Byte
20220313 001932.673 INFO             PET1 PIOc_sync Enter - MemInfo: [malloc] Total allocated space:                       1783328 Byte
20220313 001932.673 INFO             PET1 PIOc_sync Enter - MemInfo: [malloc] Total free space:                           20945376 Byte
20220313 001932.673 INFO             PET1 PIOc_sync Enter - MemInfo: [malloc] Top-most, releasable space:                 15412576 Byte
20220313 001932.673 INFO             PET1 PIOc_sync Enter - MemInfo: [malloc] Total space in use, mmap + non-mmap:         5789216 Byte
20220313 001932.673 INFO             PET1 PIOc_sync Enter - MemInfo: [malloc] Total space held (mmap + non-mmap):         26734592 Byte
20220313 001932.673 INFO             PET1 PIOc_sync Enter - MemInfo: [malloc] Total space used (mmap + non-mmap):          5797424 Byte
