build time -- 2022-03-14 01:03:02
20220314 012111.958 INFO             PET0 !!!!!!!!!!!!!!!!!!!!!!!!!!!!!!!!!!!!!!!!!!!!!!!!!!!!!!
20220314 012111.958 INFO             PET0 !!! THE ESMF_LOG IS SET TO OUTPUT ALL LOG MESSAGES !!!
20220314 012111.958 INFO             PET0 !!!     THIS MAY CAUSE SLOWDOWN IN PERFORMANCE     !!!
20220314 012111.958 INFO             PET0 !!! FOR PRODUCTION RUNS, USE:                      !!!
20220314 012111.958 INFO             PET0 !!!                   ESMF_LOGKIND_Multi_On_Error  !!!
20220314 012111.958 INFO             PET0 !!!!!!!!!!!!!!!!!!!!!!!!!!!!!!!!!!!!!!!!!!!!!!!!!!!!!!
20220314 012111.958 INFO             PET0 Running with ESMF Version   : v8.3.0b09-96-g559b459836
20220314 012111.958 INFO             PET0 ESMF library build date/time: "Mar 14 2022" "01:01:03"
20220314 012111.958 INFO             PET0 ESMF library build location : /lustre/f2/dev/ncep/Mark.Potts/intel_2019.5_mpi_g_jedwards_pio_update2
20220314 012111.958 INFO             PET0 ESMF_COMM                   : mpi
20220314 012111.959 INFO             PET0 ESMF_MOAB                   : enabled
20220314 012111.959 INFO             PET0 ESMF_LAPACK                 : enabled
20220314 012111.959 INFO             PET0 ESMF_NETCDF                 : enabled
20220314 012111.959 INFO             PET0 ESMF_PNETCDF                : disabled
20220314 012111.959 INFO             PET0 ESMF_PIO                    : enabled
20220314 012111.959 INFO             PET0 ESMF_YAMLCPP                : enabled
20220314 012111.976 INFO             PET0  Beginning Test, file ESMF_IOUTest.F90, line 57
20220314 012111.976 INFO             PET0  NUMBER_OF_PROCESSORS           4
20220314 012111.976 INFO             PET0 Starting Test:  ESMF_OutputWeightFile
20220314 012111.996 INFO             PET0 PIOc_sync Enter - MemInfo: [/proc/meminfo - SSI]	MemTotal:       65855856 kB
20220314 012111.996 INFO             PET0 PIOc_sync Enter - MemInfo: [/proc/meminfo - SSI]	MemFree:        61066492 kB
20220314 012111.996 INFO             PET0 PIOc_sync Enter - MemInfo: [/proc/meminfo - SSI]	MemAvailable:   60893612 kB
20220314 012111.996 INFO             PET0 PIOc_sync Enter - MemInfo: [/proc/meminfo - SSI]	Committed_AS:    3176424 kB
20220314 012111.996 INFO             PET0 PIOc_sync Enter - MemInfo: [/proc/meminfo - SSI]	CommittedPercent: 4.8233 %
20220314 012111.996 INFO             PET0 PIOc_sync Enter - MemInfo: [/proc/self/status]	VmPeak:	  268660 kB
20220314 012111.996 INFO             PET0 PIOc_sync Enter - MemInfo: [/proc/self/status]	VmSize:	  268660 kB
20220314 012111.996 INFO             PET0 PIOc_sync Enter - MemInfo: [/proc/self/status]	VmLck:	       0 kB
20220314 012111.996 INFO             PET0 PIOc_sync Enter - MemInfo: [/proc/self/status]	VmPin:	       0 kB
20220314 012111.996 INFO             PET0 PIOc_sync Enter - MemInfo: [/proc/self/status]	VmHWM:	   45304 kB
20220314 012111.996 INFO             PET0 PIOc_sync Enter - MemInfo: [/proc/self/status]	VmRSS:	   45304 kB
20220314 012111.996 INFO             PET0 PIOc_sync Enter - MemInfo: [/proc/self/status]	VmData:	   33620 kB
20220314 012111.996 INFO             PET0 PIOc_sync Enter - MemInfo: [/proc/self/status]	VmStk:	     508 kB
20220314 012111.996 INFO             PET0 PIOc_sync Enter - MemInfo: [/proc/self/status]	VmExe:	    1832 kB
20220314 012111.996 INFO             PET0 PIOc_sync Enter - MemInfo: [/proc/self/status]	VmLib:	  133788 kB
20220314 012111.996 INFO             PET0 PIOc_sync Enter - MemInfo: [/proc/self/status]	VmPTE:	     420 kB
20220314 012111.996 INFO             PET0 PIOc_sync Enter - MemInfo: [/proc/self/status]	VmPMD:	      12 kB
20220314 012111.996 INFO             PET0 PIOc_sync Enter - MemInfo: [/proc/self/status]	VmSwap:	       0 kB
20220314 012111.996 INFO             PET0 PIOc_sync Enter - MemInfo: [/proc/self/status]	VmRSSPercent: 0.0687927 %
20220314 012111.996 INFO             PET0 PIOc_sync Enter - MemInfo: [malloc] Non-mmapped space allocated:                 1044480 Byte
20220314 012111.996 INFO             PET0 PIOc_sync Enter - MemInfo: [malloc] Space allocated in mmapped regions:         11808768 Byte
20220314 012111.996 INFO             PET0 PIOc_sync Enter - MemInfo: [malloc] Maximum total allocated space:                     0 Byte
20220314 012111.996 INFO             PET0 PIOc_sync Enter - MemInfo: [malloc] Space in freed fastbin blocks:                     0 Byte
20220314 012111.996 INFO             PET0 PIOc_sync Enter - MemInfo: [malloc] Total allocated space:                        929568 Byte
20220314 012111.996 INFO             PET0 PIOc_sync Enter - MemInfo: [malloc] Total free space:                             114912 Byte
20220314 012111.996 INFO             PET0 PIOc_sync Enter - MemInfo: [malloc] Top-most, releasable space:                   114912 Byte
20220314 012111.996 INFO             PET0 PIOc_sync Enter - MemInfo: [malloc] Total space in use, mmap + non-mmap:        12738336 Byte
20220314 012111.996 INFO             PET0 PIOc_sync Enter - MemInfo: [malloc] Total space held (mmap + non-mmap):         12853248 Byte
20220314 012111.996 INFO             PET0 PIOc_sync Enter - MemInfo: [malloc] Total space used (mmap + non-mmap):         12747952 Byte
20220314 012111.996 INFO             PET0 PIOc_sync Enter - MemInfo: Wall-clock time since execution start:              0.0626621 seconds
20220314 012111.997 INFO             PET0 PIOc_sync Exit - MemInfo: [/proc/meminfo - SSI]	MemTotal:       65855856 kB
20220314 012111.997 INFO             PET0 PIOc_sync Exit - MemInfo: [/proc/meminfo - SSI]	MemFree:        61065484 kB
20220314 012111.997 INFO             PET0 PIOc_sync Exit - MemInfo: [/proc/meminfo - SSI]	MemAvailable:   60892604 kB
20220314 012111.997 INFO             PET0 PIOc_sync Exit - MemInfo: [/proc/meminfo - SSI]	Committed_AS:    3176424 kB
20220314 012111.997 INFO             PET0 PIOc_sync Exit - MemInfo: [/proc/meminfo - SSI]	CommittedPercent: 4.8233 %
20220314 012111.997 INFO             PET0 PIOc_sync Exit - MemInfo: [/proc/self/status]	VmPeak:	  268984 kB
20220314 012111.997 INFO             PET0 PIOc_sync Exit - MemInfo: [/proc/self/status]	VmSize:	  268984 kB
20220314 012111.997 INFO             PET0 PIOc_sync Exit - MemInfo: [/proc/self/status]	VmLck:	       0 kB
20220314 012111.997 INFO             PET0 PIOc_sync Exit - MemInfo: [/proc/self/status]	VmPin:	       0 kB
20220314 012111.997 INFO             PET0 PIOc_sync Exit - MemInfo: [/proc/self/status]	VmHWM:	   45812 kB
20220314 012111.997 INFO             PET0 PIOc_sync Exit - MemInfo: [/proc/self/status]	VmRSS:	   45812 kB
20220314 012111.997 INFO             PET0 PIOc_sync Exit - MemInfo: [/proc/self/status]	VmData:	   33944 kB
20220314 012111.997 INFO             PET0 PIOc_sync Exit - MemInfo: [/proc/self/status]	VmStk:	     508 kB
20220314 012111.997 INFO             PET0 PIOc_sync Exit - MemInfo: [/proc/self/status]	VmExe:	    1832 kB
20220314 012111.997 INFO             PET0 PIOc_sync Exit - MemInfo: [/proc/self/status]	VmLib:	  133788 kB
20220314 012111.997 INFO             PET0 PIOc_sync Exit - MemInfo: [/proc/self/status]	VmPTE:	     428 kB
20220314 012111.997 INFO             PET0 PIOc_sync Exit - MemInfo: [/proc/self/status]	VmPMD:	      12 kB
20220314 012111.997 INFO             PET0 PIOc_sync Exit - MemInfo: [/proc/self/status]	VmSwap:	       0 kB
20220314 012111.997 INFO             PET0 PIOc_sync Exit - MemInfo: [/proc/self/status]	VmRSSPercent: 0.069564 %
20220314 012111.997 INFO             PET0 PIOc_sync Exit - MemInfo: [malloc] Non-mmapped space allocated:                 1044480 Byte
20220314 012111.997 INFO             PET0 PIOc_sync Exit - MemInfo: [malloc] Space allocated in mmapped regions:         12140544 Byte
20220314 012111.997 INFO             PET0 PIOc_sync Exit - MemInfo: [malloc] Maximum total allocated space:                     0 Byte
20220314 012111.997 INFO             PET0 PIOc_sync Exit - MemInfo: [malloc] Space in freed fastbin blocks:                     0 Byte
20220314 012111.997 INFO             PET0 PIOc_sync Exit - MemInfo: [malloc] Total allocated space:                        999920 Byte
20220314 012111.997 INFO             PET0 PIOc_sync Exit - MemInfo: [malloc] Total free space:                              44560 Byte
20220314 012111.997 INFO             PET0 PIOc_sync Exit - MemInfo: [malloc] Top-most, releasable space:                    44560 Byte
20220314 012111.997 INFO             PET0 PIOc_sync Exit - MemInfo: [malloc] Total space in use, mmap + non-mmap:        13140464 Byte
20220314 012111.997 INFO             PET0 PIOc_sync Exit - MemInfo: [malloc] Total space held (mmap + non-mmap):         13185024 Byte
20220314 012111.997 INFO             PET0 PIOc_sync Exit - MemInfo: [malloc] Total space used (mmap + non-mmap):         13148960 Byte
20220314 012111.997 INFO             PET0 PIOc_sync Exit - MemInfo: Wall-clock time since execution start:               0.063777 seconds
20220314 012111.998 INFO             PET0 PIOc_freedecomp Enter - MemInfo: [/proc/meminfo - SSI]	MemTotal:       65855856 kB
20220314 012111.998 INFO             PET0 PIOc_freedecomp Enter - MemInfo: [/proc/meminfo - SSI]	MemFree:        61072540 kB
20220314 012111.998 INFO             PET0 PIOc_freedecomp Enter - MemInfo: [/proc/meminfo - SSI]	MemAvailable:   60899660 kB
20220314 012111.998 INFO             PET0 PIOc_freedecomp Enter - MemInfo: [/proc/meminfo - SSI]	Committed_AS:    3168556 kB
20220314 012111.998 INFO             PET0 PIOc_freedecomp Enter - MemInfo: [/proc/meminfo - SSI]	CommittedPercent: 4.81135 %
20220314 012111.998 INFO             PET0 PIOc_freedecomp Enter - MemInfo: [/proc/self/status]	VmPeak:	  268984 kB
20220314 012111.998 INFO             PET0 PIOc_freedecomp Enter - MemInfo: [/proc/self/status]	VmSize:	  260272 kB
20220314 012111.998 INFO             PET0 PIOc_freedecomp Enter - MemInfo: [/proc/self/status]	VmLck:	       0 kB
20220314 012111.998 INFO             PET0 PIOc_freedecomp Enter - MemInfo: [/proc/self/status]	VmPin:	       0 kB
20220314 012111.998 INFO             PET0 PIOc_freedecomp Enter - MemInfo: [/proc/self/status]	VmHWM:	   45812 kB
20220314 012111.998 INFO             PET0 PIOc_freedecomp Enter - MemInfo: [/proc/self/status]	VmRSS:	   37824 kB
20220314 012111.998 INFO             PET0 PIOc_freedecomp Enter - MemInfo: [/proc/self/status]	VmData:	   25232 kB
20220314 012111.998 INFO             PET0 PIOc_freedecomp Enter - MemInfo: [/proc/self/status]	VmStk:	     508 kB
20220314 012111.998 INFO             PET0 PIOc_freedecomp Enter - MemInfo: [/proc/self/status]	VmExe:	    1832 kB
20220314 012111.998 INFO             PET0 PIOc_freedecomp Enter - MemInfo: [/proc/self/status]	VmLib:	  133788 kB
20220314 012111.998 INFO             PET0 PIOc_freedecomp Enter - MemInfo: [/proc/self/status]	VmPTE:	     416 kB
20220314 012111.998 INFO             PET0 PIOc_freedecomp Enter - MemInfo: [/proc/self/status]	VmPMD:	      12 kB
20220314 012111.998 INFO             PET0 PIOc_freedecomp Enter - MemInfo: [/proc/self/status]	VmSwap:	       0 kB
20220314 012111.998 INFO             PET0 PIOc_freedecomp Enter - MemInfo: [/proc/self/status]	VmRSSPercent: 0.0574345 %
20220314 012111.998 INFO             PET0 PIOc_freedecomp Enter - MemInfo: [malloc] Non-mmapped space allocated:                 1044480 Byte
20220314 012111.998 INFO             PET0 PIOc_freedecomp Enter - MemInfo: [malloc] Space allocated in mmapped regions:          3219456 Byte
20220314 012111.998 INFO             PET0 PIOc_freedecomp Enter - MemInfo: [malloc] Maximum total allocated space:                     0 Byte
20220314 012111.998 INFO             PET0 PIOc_freedecomp Enter - MemInfo: [malloc] Space in freed fastbin blocks:                   288 Byte
20220314 012111.998 INFO             PET0 PIOc_freedecomp Enter - MemInfo: [malloc] Total allocated space:                        989872 Byte
20220314 012111.998 INFO             PET0 PIOc_freedecomp Enter - MemInfo: [malloc] Total free space:                              54608 Byte
20220314 012111.998 INFO             PET0 PIOc_freedecomp Enter - MemInfo: [malloc] Top-most, releasable space:                    43936 Byte
20220314 012111.998 INFO             PET0 PIOc_freedecomp Enter - MemInfo: [malloc] Total space in use, mmap + non-mmap:         4209328 Byte
20220314 012111.998 INFO             PET0 PIOc_freedecomp Enter - MemInfo: [malloc] Total space held (mmap + non-mmap):          4263936 Byte
20220314 012111.998 INFO             PET0 PIOc_freedecomp Enter - MemInfo: [malloc] Total space used (mmap + non-mmap):          4217760 Byte
20220314 012111.998 INFO             PET0 PIOc_freedecomp Enter - MemInfo: Wall-clock time since execution start:              0.0647061 seconds
20220314 012111.998 INFO             PET0 PIOc_freedecomp Exit - MemInfo: [/proc/meminfo - SSI]	MemTotal:       65855856 kB
20220314 012111.998 INFO             PET0 PIOc_freedecomp Exit - MemInfo: [/proc/meminfo - SSI]	MemFree:        61072540 kB
20220314 012111.998 INFO             PET0 PIOc_freedecomp Exit - MemInfo: [/proc/meminfo - SSI]	MemAvailable:   60899660 kB
20220314 012111.998 INFO             PET0 PIOc_freedecomp Exit - MemInfo: [/proc/meminfo - SSI]	Committed_AS:    3168556 kB
20220314 012111.998 INFO             PET0 PIOc_freedecomp Exit - MemInfo: [/proc/meminfo - SSI]	CommittedPercent: 4.81135 %
20220314 012111.998 INFO             PET0 PIOc_freedecomp Exit - MemInfo: [/proc/self/status]	VmPeak:	  268984 kB
20220314 012111.998 INFO             PET0 PIOc_freedecomp Exit - MemInfo: [/proc/self/status]	VmSize:	  260272 kB
20220314 012111.998 INFO             PET0 PIOc_freedecomp Exit - MemInfo: [/proc/self/status]	VmLck:	       0 kB
20220314 012111.998 INFO             PET0 PIOc_freedecomp Exit - MemInfo: [/proc/self/status]	VmPin:	       0 kB
20220314 012111.999 INFO             PET0 PIOc_freedecomp Exit - MemInfo: [/proc/self/status]	VmHWM:	   45812 kB
20220314 012111.999 INFO             PET0 PIOc_freedecomp Exit - MemInfo: [/proc/self/status]	VmRSS:	   37824 kB
20220314 012111.999 INFO             PET0 PIOc_freedecomp Exit - MemInfo: [/proc/self/status]	VmData:	   25232 kB
20220314 012111.999 INFO             PET0 PIOc_freedecomp Exit - MemInfo: [/proc/self/status]	VmStk:	     508 kB
20220314 012111.999 INFO             PET0 PIOc_freedecomp Exit - MemInfo: [/proc/self/status]	VmExe:	    1832 kB
20220314 012111.999 INFO             PET0 PIOc_freedecomp Exit - MemInfo: [/proc/self/status]	VmLib:	  133788 kB
20220314 012111.999 INFO             PET0 PIOc_freedecomp Exit - MemInfo: [/proc/self/status]	VmPTE:	     416 kB
20220314 012111.999 INFO             PET0 PIOc_freedecomp Exit - MemInfo: [/proc/self/status]	VmPMD:	      12 kB
20220314 012111.999 INFO             PET0 PIOc_freedecomp Exit - MemInfo: [/proc/self/status]	VmSwap:	       0 kB
20220314 012111.999 INFO             PET0 PIOc_freedecomp Exit - MemInfo: [/proc/self/status]	VmRSSPercent: 0.0574345 %
20220314 012111.999 INFO             PET0 PIOc_freedecomp Exit - MemInfo: [malloc] Non-mmapped space allocated:                 1044480 Byte
20220314 012111.999 INFO             PET0 PIOc_freedecomp Exit - MemInfo: [malloc] Space allocated in mmapped regions:          3219456 Byte
20220314 012111.999 INFO             PET0 PIOc_freedecomp Exit - MemInfo: [malloc] Maximum total allocated space:                     0 Byte
20220314 012111.999 INFO             PET0 PIOc_freedecomp Exit - MemInfo: [malloc] Space in freed fastbin blocks:                  1072 Byte
20220314 012111.999 INFO             PET0 PIOc_freedecomp Exit - MemInfo: [malloc] Total allocated space:                        989472 Byte
20220314 012111.999 INFO             PET0 PIOc_freedecomp Exit - MemInfo: [malloc] Total free space:                              55008 Byte
20220314 012111.999 INFO             PET0 PIOc_freedecomp Exit - MemInfo: [malloc] Top-most, releasable space:                    43936 Byte
20220314 012111.999 INFO             PET0 PIOc_freedecomp Exit - MemInfo: [malloc] Total space in use, mmap + non-mmap:         4208928 Byte
20220314 012111.999 INFO             PET0 PIOc_freedecomp Exit - MemInfo: [malloc] Total space held (mmap + non-mmap):          4263936 Byte
20220314 012111.999 INFO             PET0 PIOc_freedecomp Exit - MemInfo: [malloc] Total space used (mmap + non-mmap):          4217360 Byte
20220314 012111.999 INFO             PET0 PIOc_freedecomp Exit - MemInfo: Wall-clock time since execution start:              0.0651131 seconds
20220314 012112.002 INFO             PET0 PIOc_sync Enter - MemInfo: [/proc/meminfo - SSI]	MemTotal:       65855856 kB
20220314 012112.002 INFO             PET0 PIOc_sync Enter - MemInfo: [/proc/meminfo - SSI]	MemFree:        61069248 kB
20220314 012112.002 INFO             PET0 PIOc_sync Enter - MemInfo: [/proc/meminfo - SSI]	MemAvailable:   60896368 kB
20220314 012112.002 INFO             PET0 PIOc_sync Enter - MemInfo: [/proc/meminfo - SSI]	Committed_AS:    3176832 kB
20220314 012112.002 INFO             PET0 PIOc_sync Enter - MemInfo: [/proc/meminfo - SSI]	CommittedPercent: 4.82392 %
20220314 012112.003 INFO             PET0 PIOc_sync Enter - MemInfo: [/proc/self/status]	VmPeak:	  269064 kB
20220314 012112.003 INFO             PET0 PIOc_sync Enter - MemInfo: [/proc/self/status]	VmSize:	  269064 kB
20220314 012112.003 INFO             PET0 PIOc_sync Enter - MemInfo: [/proc/self/status]	VmLck:	       0 kB
20220314 012112.003 INFO             PET0 PIOc_sync Enter - MemInfo: [/proc/self/status]	VmPin:	       0 kB
20220314 012112.003 INFO             PET0 PIOc_sync Enter - MemInfo: [/proc/self/status]	VmHWM:	   45812 kB
20220314 012112.003 INFO             PET0 PIOc_sync Enter - MemInfo: [/proc/self/status]	VmRSS:	   41748 kB
20220314 012112.003 INFO             PET0 PIOc_sync Enter - MemInfo: [/proc/self/status]	VmData:	   34024 kB
20220314 012112.003 INFO             PET0 PIOc_sync Enter - MemInfo: [/proc/self/status]	VmStk:	     508 kB
20220314 012112.003 INFO             PET0 PIOc_sync Enter - MemInfo: [/proc/self/status]	VmExe:	    1832 kB
20220314 012112.003 INFO             PET0 PIOc_sync Enter - MemInfo: [/proc/self/status]	VmLib:	  133788 kB
20220314 012112.003 INFO             PET0 PIOc_sync Enter - MemInfo: [/proc/self/status]	VmPTE:	     428 kB
20220314 012112.003 INFO             PET0 PIOc_sync Enter - MemInfo: [/proc/self/status]	VmPMD:	      12 kB
20220314 012112.003 INFO             PET0 PIOc_sync Enter - MemInfo: [/proc/self/status]	VmSwap:	       0 kB
20220314 012112.003 INFO             PET0 PIOc_sync Enter - MemInfo: [/proc/self/status]	VmRSSPercent: 0.063393 %
20220314 012112.003 INFO             PET0 PIOc_sync Enter - MemInfo: [malloc] Non-mmapped space allocated:                10047488 Byte
20220314 012112.003 INFO             PET0 PIOc_sync Enter - MemInfo: [malloc] Space allocated in mmapped regions:          3219456 Byte
20220314 012112.003 INFO             PET0 PIOc_sync Enter - MemInfo: [malloc] Maximum total allocated space:                     0 Byte
20220314 012112.003 INFO             PET0 PIOc_sync Enter - MemInfo: [malloc] Space in freed fastbin blocks:                    64 Byte
20220314 012112.003 INFO             PET0 PIOc_sync Enter - MemInfo: [malloc] Total allocated space:                       9916768 Byte
20220314 012112.003 INFO             PET0 PIOc_sync Enter - MemInfo: [malloc] Total free space:                             130720 Byte
20220314 012112.003 INFO             PET0 PIOc_sync Enter - MemInfo: [malloc] Top-most, releasable space:                   128768 Byte
20220314 012112.003 INFO             PET0 PIOc_sync Enter - MemInfo: [malloc] Total space in use, mmap + non-mmap:        13136224 Byte
20220314 012112.003 INFO             PET0 PIOc_sync Enter - MemInfo: [malloc] Total space held (mmap + non-mmap):         13266944 Byte
20220314 012112.003 INFO             PET0 PIOc_sync Enter - MemInfo: [malloc] Total space used (mmap + non-mmap):         13144544 Byte
20220314 012112.003 INFO             PET0 PIOc_sync Enter - MemInfo: Wall-clock time since execution start:              0.0691581 seconds
20220314 012112.003 INFO             PET0 PIOc_sync Exit - MemInfo: [/proc/meminfo - SSI]	MemTotal:       65855856 kB
20220314 012112.003 INFO             PET0 PIOc_sync Exit - MemInfo: [/proc/meminfo - SSI]	MemFree:        61069248 kB
20220314 012112.003 INFO             PET0 PIOc_sync Exit - MemInfo: [/proc/meminfo - SSI]	MemAvailable:   60896368 kB
20220314 012112.003 INFO             PET0 PIOc_sync Exit - MemInfo: [/proc/meminfo - SSI]	Committed_AS:    3176832 kB
20220314 012112.003 INFO             PET0 PIOc_sync Exit - MemInfo: [/proc/meminfo - SSI]	CommittedPercent: 4.82392 %
20220314 012112.003 INFO             PET0 PIOc_sync Exit - MemInfo: [/proc/self/status]	VmPeak:	  269064 kB
20220314 012112.003 INFO             PET0 PIOc_sync Exit - MemInfo: [/proc/self/status]	VmSize:	  269064 kB
20220314 012112.003 INFO             PET0 PIOc_sync Exit - MemInfo: [/proc/self/status]	VmLck:	       0 kB
20220314 012112.003 INFO             PET0 PIOc_sync Exit - MemInfo: [/proc/self/status]	VmPin:	       0 kB
20220314 012112.003 INFO             PET0 PIOc_sync Exit - MemInfo: [/proc/self/status]	VmHWM:	   45812 kB
20220314 012112.003 INFO             PET0 PIOc_sync Exit - MemInfo: [/proc/self/status]	VmRSS:	   41748 kB
20220314 012112.003 INFO             PET0 PIOc_sync Exit - MemInfo: [/proc/self/status]	VmData:	   34024 kB
20220314 012112.003 INFO             PET0 PIOc_sync Exit - MemInfo: [/proc/self/status]	VmStk:	     508 kB
20220314 012112.003 INFO             PET0 PIOc_sync Exit - MemInfo: [/proc/self/status]	VmExe:	    1832 kB
20220314 012112.003 INFO             PET0 PIOc_sync Exit - MemInfo: [/proc/self/status]	VmLib:	  133788 kB
20220314 012112.003 INFO             PET0 PIOc_sync Exit - MemInfo: [/proc/self/status]	VmPTE:	     428 kB
20220314 012112.003 INFO             PET0 PIOc_sync Exit - MemInfo: [/proc/self/status]	VmPMD:	      12 kB
20220314 012112.003 INFO             PET0 PIOc_sync Exit - MemInfo: [/proc/self/status]	VmSwap:	       0 kB
20220314 012112.003 INFO             PET0 PIOc_sync Exit - MemInfo: [/proc/self/status]	VmRSSPercent: 0.063393 %
20220314 012112.003 INFO             PET0 PIOc_sync Exit - MemInfo: [malloc] Non-mmapped space allocated:                10047488 Byte
20220314 012112.003 INFO             PET0 PIOc_sync Exit - MemInfo: [malloc] Space allocated in mmapped regions:          3219456 Byte
20220314 012112.003 INFO             PET0 PIOc_sync Exit - MemInfo: [malloc] Maximum total allocated space:                     0 Byte
20220314 012112.003 INFO             PET0 PIOc_sync Exit - MemInfo: [malloc] Space in freed fastbin blocks:                     0 Byte
20220314 012112.003 INFO             PET0 PIOc_sync Exit - MemInfo: [malloc] Total allocated space:                       9917904 Byte
20220314 012112.003 INFO             PET0 PIOc_sync Exit - MemInfo: [malloc] Total free space:                             129584 Byte
20220314 012112.003 INFO             PET0 PIOc_sync Exit - MemInfo: [malloc] Top-most, releasable space:                   128544 Byte
20220314 012112.003 INFO             PET0 PIOc_sync Exit - MemInfo: [malloc] Total space in use, mmap + non-mmap:        13137360 Byte
20220314 012112.003 INFO             PET0 PIOc_sync Exit - MemInfo: [malloc] Total space held (mmap + non-mmap):         13266944 Byte
20220314 012112.003 INFO             PET0 PIOc_sync Exit - MemInfo: [malloc] Total space used (mmap + non-mmap):         13145680 Byte
20220314 012112.003 INFO             PET0 PIOc_sync Exit - MemInfo: Wall-clock time since execution start:              0.0696959 seconds
20220314 012112.003 INFO             PET0 PIOc_freedecomp Enter - MemInfo: [/proc/meminfo - SSI]	MemTotal:       65855856 kB
20220314 012112.004 INFO             PET0 PIOc_freedecomp Enter - MemInfo: [/proc/meminfo - SSI]	MemFree:        61069248 kB
20220314 012112.004 INFO             PET0 PIOc_freedecomp Enter - MemInfo: [/proc/meminfo - SSI]	MemAvailable:   60896368 kB
20220314 012112.004 INFO             PET0 PIOc_freedecomp Enter - MemInfo: [/proc/meminfo - SSI]	Committed_AS:    3176832 kB
20220314 012112.004 INFO             PET0 PIOc_freedecomp Enter - MemInfo: [/proc/meminfo - SSI]	CommittedPercent: 4.82392 %
20220314 012112.004 INFO             PET0 PIOc_freedecomp Enter - MemInfo: [/proc/self/status]	VmPeak:	  269064 kB
20220314 012112.004 INFO             PET0 PIOc_freedecomp Enter - MemInfo: [/proc/self/status]	VmSize:	  269064 kB
20220314 012112.004 INFO             PET0 PIOc_freedecomp Enter - MemInfo: [/proc/self/status]	VmLck:	       0 kB
20220314 012112.004 INFO             PET0 PIOc_freedecomp Enter - MemInfo: [/proc/self/status]	VmPin:	       0 kB
20220314 012112.004 INFO             PET0 PIOc_freedecomp Enter - MemInfo: [/proc/self/status]	VmHWM:	   45812 kB
20220314 012112.004 INFO             PET0 PIOc_freedecomp Enter - MemInfo: [/proc/self/status]	VmRSS:	   41748 kB
20220314 012112.004 INFO             PET0 PIOc_freedecomp Enter - MemInfo: [/proc/self/status]	VmData:	   34024 kB
20220314 012112.004 INFO             PET0 PIOc_freedecomp Enter - MemInfo: [/proc/self/status]	VmStk:	     508 kB
20220314 012112.004 INFO             PET0 PIOc_freedecomp Enter - MemInfo: [/proc/self/status]	VmExe:	    1832 kB
20220314 012112.004 INFO             PET0 PIOc_freedecomp Enter - MemInfo: [/proc/self/status]	VmLib:	  133788 kB
20220314 012112.004 INFO             PET0 PIOc_freedecomp Enter - MemInfo: [/proc/self/status]	VmPTE:	     428 kB
20220314 012112.004 INFO             PET0 PIOc_freedecomp Enter - MemInfo: [/proc/self/status]	VmPMD:	      12 kB
20220314 012112.004 INFO             PET0 PIOc_freedecomp Enter - MemInfo: [/proc/self/status]	VmSwap:	       0 kB
20220314 012112.004 INFO             PET0 PIOc_freedecomp Enter - MemInfo: [/proc/self/status]	VmRSSPercent: 0.063393 %
20220314 012112.004 INFO             PET0 PIOc_freedecomp Enter - MemInfo: [malloc] Non-mmapped space allocated:                10047488 Byte
20220314 012112.004 INFO             PET0 PIOc_freedecomp Enter - MemInfo: [malloc] Space allocated in mmapped regions:          3219456 Byte
20220314 012112.004 INFO             PET0 PIOc_freedecomp Enter - MemInfo: [malloc] Maximum total allocated space:                     0 Byte
20220314 012112.004 INFO             PET0 PIOc_freedecomp Enter - MemInfo: [malloc] Space in freed fastbin blocks:                   192 Byte
20220314 012112.004 INFO             PET0 PIOc_freedecomp Enter - MemInfo: [malloc] Total allocated space:                        994272 Byte
20220314 012112.004 INFO             PET0 PIOc_freedecomp Enter - MemInfo: [malloc] Total free space:                            9053216 Byte
20220314 012112.004 INFO             PET0 PIOc_freedecomp Enter - MemInfo: [malloc] Top-most, releasable space:                   128320 Byte
20220314 012112.004 INFO             PET0 PIOc_freedecomp Enter - MemInfo: [malloc] Total space in use, mmap + non-mmap:         4213728 Byte
20220314 012112.004 INFO             PET0 PIOc_freedecomp Enter - MemInfo: [malloc] Total space held (mmap + non-mmap):         13266944 Byte
20220314 012112.004 INFO             PET0 PIOc_freedecomp Enter - MemInfo: [malloc] Total space used (mmap + non-mmap):          4221936 Byte
20220314 012112.004 INFO             PET0 PIOc_freedecomp Enter - MemInfo: Wall-clock time since execution start:              0.0702829 seconds
20220314 012112.004 INFO             PET0 PIOc_freedecomp Exit - MemInfo: [/proc/meminfo - SSI]	MemTotal:       65855856 kB
20220314 012112.004 INFO             PET0 PIOc_freedecomp Exit - MemInfo: [/proc/meminfo - SSI]	MemFree:        61069248 kB
20220314 012112.004 INFO             PET0 PIOc_freedecomp Exit - MemInfo: [/proc/meminfo - SSI]	MemAvailable:   60896368 kB
20220314 012112.004 INFO             PET0 PIOc_freedecomp Exit - MemInfo: [/proc/meminfo - SSI]	Committed_AS:    3176832 kB
20220314 012112.004 INFO             PET0 PIOc_freedecomp Exit - MemInfo: [/proc/meminfo - SSI]	CommittedPercent: 4.82392 %
20220314 012112.004 INFO             PET0 PIOc_freedecomp Exit - MemInfo: [/proc/self/status]	VmPeak:	  269064 kB
20220314 012112.004 INFO             PET0 PIOc_freedecomp Exit - MemInfo: [/proc/self/status]	VmSize:	  269064 kB
20220314 012112.004 INFO             PET0 PIOc_freedecomp Exit - MemInfo: [/proc/self/status]	VmLck:	       0 kB
20220314 012112.004 INFO             PET0 PIOc_freedecomp Exit - MemInfo: [/proc/self/status]	VmPin:	       0 kB
20220314 012112.004 INFO             PET0 PIOc_freedecomp Exit - MemInfo: [/proc/self/status]	VmHWM:	   45812 kB
20220314 012112.004 INFO             PET0 PIOc_freedecomp Exit - MemInfo: [/proc/self/status]	VmRSS:	   41748 kB
20220314 012112.004 INFO             PET0 PIOc_freedecomp Exit - MemInfo: [/proc/self/status]	VmData:	   34024 kB
20220314 012112.004 INFO             PET0 PIOc_freedecomp Exit - MemInfo: [/proc/self/status]	VmStk:	     508 kB
20220314 012112.004 INFO             PET0 PIOc_freedecomp Exit - MemInfo: [/proc/self/status]	VmExe:	    1832 kB
20220314 012112.004 INFO             PET0 PIOc_freedecomp Exit - MemInfo: [/proc/self/status]	VmLib:	  133788 kB
20220314 012112.004 INFO             PET0 PIOc_freedecomp Exit - MemInfo: [/proc/self/status]	VmPTE:	     428 kB
20220314 012112.004 INFO             PET0 PIOc_freedecomp Exit - MemInfo: [/proc/self/status]	VmPMD:	      12 kB
20220314 012112.004 INFO             PET0 PIOc_freedecomp Exit - MemInfo: [/proc/self/status]	VmSwap:	       0 kB
20220314 012112.004 INFO             PET0 PIOc_freedecomp Exit - MemInfo: [/proc/self/status]	VmRSSPercent: 0.063393 %
20220314 012112.004 INFO             PET0 PIOc_freedecomp Exit - MemInfo: [malloc] Non-mmapped space allocated:                10047488 Byte
20220314 012112.004 INFO             PET0 PIOc_freedecomp Exit - MemInfo: [malloc] Space allocated in mmapped regions:          3219456 Byte
20220314 012112.004 INFO             PET0 PIOc_freedecomp Exit - MemInfo: [malloc] Maximum total allocated space:                     0 Byte
20220314 012112.004 INFO             PET0 PIOc_freedecomp Exit - MemInfo: [malloc] Space in freed fastbin blocks:                  1184 Byte
20220314 012112.004 INFO             PET0 PIOc_freedecomp Exit - MemInfo: [malloc] Total allocated space:                        993088 Byte
20220314 012112.004 INFO             PET0 PIOc_freedecomp Exit - MemInfo: [malloc] Total free space:                            9054400 Byte
20220314 012112.004 INFO             PET0 PIOc_freedecomp Exit - MemInfo: [malloc] Top-most, releasable space:                   128320 Byte
20220314 012112.004 INFO             PET0 PIOc_freedecomp Exit - MemInfo: [malloc] Total space in use, mmap + non-mmap:         4212544 Byte
20220314 012112.004 INFO             PET0 PIOc_freedecomp Exit - MemInfo: [malloc] Total space held (mmap + non-mmap):         13266944 Byte
20220314 012112.004 INFO             PET0 PIOc_freedecomp Exit - MemInfo: [malloc] Total space used (mmap + non-mmap):          4220752 Byte
20220314 012112.004 INFO             PET0 PIOc_freedecomp Exit - MemInfo: Wall-clock time since execution start:               0.070694 seconds
20220314 012112.007 INFO             PET0 PIOc_sync Enter - MemInfo: [/proc/meminfo - SSI]	MemTotal:       65855856 kB
20220314 012112.007 INFO             PET0 PIOc_sync Enter - MemInfo: [/proc/meminfo - SSI]	MemFree:        61068240 kB
20220314 012112.007 INFO             PET0 PIOc_sync Enter - MemInfo: [/proc/meminfo - SSI]	MemAvailable:   60895360 kB
20220314 012112.007 INFO             PET0 PIOc_sync Enter - MemInfo: [/proc/meminfo - SSI]	Committed_AS:    3176832 kB
20220314 012112.007 INFO             PET0 PIOc_sync Enter - MemInfo: [/proc/meminfo - SSI]	CommittedPercent: 4.82392 %
20220314 012112.007 INFO             PET0 PIOc_sync Enter - MemInfo: [/proc/self/status]	VmPeak:	  269064 kB
20220314 012112.007 INFO             PET0 PIOc_sync Enter - MemInfo: [/proc/self/status]	VmSize:	  269040 kB
20220314 012112.008 INFO             PET0 PIOc_sync Enter - MemInfo: [/proc/self/status]	VmLck:	       0 kB
20220314 012112.008 INFO             PET0 PIOc_sync Enter - MemInfo: [/proc/self/status]	VmPin:	       0 kB
20220314 012112.008 INFO             PET0 PIOc_sync Enter - MemInfo: [/proc/self/status]	VmHWM:	   45812 kB
20220314 012112.008 INFO             PET0 PIOc_sync Enter - MemInfo: [/proc/self/status]	VmRSS:	   42236 kB
20220314 012112.008 INFO             PET0 PIOc_sync Enter - MemInfo: [/proc/self/status]	VmData:	   34024 kB
20220314 012112.008 INFO             PET0 PIOc_sync Enter - MemInfo: [/proc/self/status]	VmStk:	     508 kB
20220314 012112.008 INFO             PET0 PIOc_sync Enter - MemInfo: [/proc/self/status]	VmExe:	    1832 kB
20220314 012112.008 INFO             PET0 PIOc_sync Enter - MemInfo: [/proc/self/status]	VmLib:	  133788 kB
20220314 012112.008 INFO             PET0 PIOc_sync Enter - MemInfo: [/proc/self/status]	VmPTE:	     428 kB
20220314 012112.008 INFO             PET0 PIOc_sync Enter - MemInfo: [/proc/self/status]	VmPMD:	      12 kB
20220314 012112.008 INFO             PET0 PIOc_sync Enter - MemInfo: [/proc/self/status]	VmSwap:	       0 kB
20220314 012112.008 INFO             PET0 PIOc_sync Enter - MemInfo: [/proc/self/status]	VmRSSPercent: 0.064134 %
20220314 012112.008 INFO             PET0 PIOc_sync Enter - MemInfo: [malloc] Non-mmapped space allocated:                10047488 Byte
20220314 012112.008 INFO             PET0 PIOc_sync Enter - MemInfo: [malloc] Space allocated in mmapped regions:          3219456 Byte
20220314 012112.008 INFO             PET0 PIOc_sync Enter - MemInfo: [malloc] Maximum total allocated space:                     0 Byte
20220314 012112.008 INFO             PET0 PIOc_sync Enter - MemInfo: [malloc] Space in freed fastbin blocks:                   384 Byte
20220314 012112.008 INFO             PET0 PIOc_sync Enter - MemInfo: [malloc] Total allocated space:                       9918720 Byte
20220314 012112.008 INFO             PET0 PIOc_sync Enter - MemInfo: [malloc] Total free space:                             128768 Byte
20220314 012112.008 INFO             PET0 PIOc_sync Enter - MemInfo: [malloc] Top-most, releasable space:                   123072 Byte
20220314 012112.008 INFO             PET0 PIOc_sync Enter - MemInfo: [malloc] Total space in use, mmap + non-mmap:        13138176 Byte
20220314 012112.008 INFO             PET0 PIOc_sync Enter - MemInfo: [malloc] Total space held (mmap + non-mmap):         13266944 Byte
20220314 012112.008 INFO             PET0 PIOc_sync Enter - MemInfo: [malloc] Total space used (mmap + non-mmap):         13146384 Byte
20220314 012112.008 INFO             PET0 PIOc_sync Enter - MemInfo: Wall-clock time since execution start:              0.0741551 seconds
20220314 012112.008 INFO             PET0 PIOc_sync Exit - MemInfo: [/proc/meminfo - SSI]	MemTotal:       65855856 kB
20220314 012112.008 INFO             PET0 PIOc_sync Exit - MemInfo: [/proc/meminfo - SSI]	MemFree:        61068240 kB
20220314 012112.008 INFO             PET0 PIOc_sync Exit - MemInfo: [/proc/meminfo - SSI]	MemAvailable:   60895360 kB
20220314 012112.008 INFO             PET0 PIOc_sync Exit - MemInfo: [/proc/meminfo - SSI]	Committed_AS:    3176832 kB
20220314 012112.008 INFO             PET0 PIOc_sync Exit - MemInfo: [/proc/meminfo - SSI]	CommittedPercent: 4.82392 %
20220314 012112.008 INFO             PET0 PIOc_sync Exit - MemInfo: [/proc/self/status]	VmPeak:	  269064 kB
20220314 012112.008 INFO             PET0 PIOc_sync Exit - MemInfo: [/proc/self/status]	VmSize:	  269040 kB
20220314 012112.008 INFO             PET0 PIOc_sync Exit - MemInfo: [/proc/self/status]	VmLck:	       0 kB
20220314 012112.008 INFO             PET0 PIOc_sync Exit - MemInfo: [/proc/self/status]	VmPin:	       0 kB
20220314 012112.008 INFO             PET0 PIOc_sync Exit - MemInfo: [/proc/self/status]	VmHWM:	   45812 kB
20220314 012112.008 INFO             PET0 PIOc_sync Exit - MemInfo: [/proc/self/status]	VmRSS:	   42236 kB
20220314 012112.008 INFO             PET0 PIOc_sync Exit - MemInfo: [/proc/self/status]	VmData:	   34024 kB
20220314 012112.008 INFO             PET0 PIOc_sync Exit - MemInfo: [/proc/self/status]	VmStk:	     508 kB
20220314 012112.008 INFO             PET0 PIOc_sync Exit - MemInfo: [/proc/self/status]	VmExe:	    1832 kB
20220314 012112.008 INFO             PET0 PIOc_sync Exit - MemInfo: [/proc/self/status]	VmLib:	  133788 kB
20220314 012112.008 INFO             PET0 PIOc_sync Exit - MemInfo: [/proc/self/status]	VmPTE:	     428 kB
20220314 012112.008 INFO             PET0 PIOc_sync Exit - MemInfo: [/proc/self/status]	VmPMD:	      12 kB
20220314 012112.008 INFO             PET0 PIOc_sync Exit - MemInfo: [/proc/self/status]	VmSwap:	       0 kB
20220314 012112.008 INFO             PET0 PIOc_sync Exit - MemInfo: [/proc/self/status]	VmRSSPercent: 0.064134 %
20220314 012112.008 INFO             PET0 PIOc_sync Exit - MemInfo: [malloc] Non-mmapped space allocated:                10047488 Byte
20220314 012112.008 INFO             PET0 PIOc_sync Exit - MemInfo: [malloc] Space allocated in mmapped regions:          3219456 Byte
20220314 012112.008 INFO             PET0 PIOc_sync Exit - MemInfo: [malloc] Maximum total allocated space:                     0 Byte
20220314 012112.008 INFO             PET0 PIOc_sync Exit - MemInfo: [malloc] Space in freed fastbin blocks:                   144 Byte
20220314 012112.008 INFO             PET0 PIOc_sync Exit - MemInfo: [malloc] Total allocated space:                       9919680 Byte
20220314 012112.008 INFO             PET0 PIOc_sync Exit - MemInfo: [malloc] Total free space:                             127808 Byte
20220314 012112.008 INFO             PET0 PIOc_sync Exit - MemInfo: [malloc] Top-most, releasable space:                   122848 Byte
20220314 012112.008 INFO             PET0 PIOc_sync Exit - MemInfo: [malloc] Total space in use, mmap + non-mmap:        13139136 Byte
20220314 012112.008 INFO             PET0 PIOc_sync Exit - MemInfo: [malloc] Total space held (mmap + non-mmap):         13266944 Byte
20220314 012112.008 INFO             PET0 PIOc_sync Exit - MemInfo: [malloc] Total space used (mmap + non-mmap):         13147456 Byte
20220314 012112.008 INFO             PET0 PIOc_sync Exit - MemInfo: Wall-clock time since execution start:              0.0747061 seconds
20220314 012112.009 INFO             PET0 PIOc_freedecomp Enter - MemInfo: [/proc/meminfo - SSI]	MemTotal:       65855856 kB
20220314 012112.009 INFO             PET0 PIOc_freedecomp Enter - MemInfo: [/proc/meminfo - SSI]	MemFree:        61068240 kB
20220314 012112.009 INFO             PET0 PIOc_freedecomp Enter - MemInfo: [/proc/meminfo - SSI]	MemAvailable:   60895360 kB
20220314 012112.009 INFO             PET0 PIOc_freedecomp Enter - MemInfo: [/proc/meminfo - SSI]	Committed_AS:    3176832 kB
20220314 012112.009 INFO             PET0 PIOc_freedecomp Enter - MemInfo: [/proc/meminfo - SSI]	CommittedPercent: 4.82392 %
20220314 012112.009 INFO             PET0 PIOc_freedecomp Enter - MemInfo: [/proc/self/status]	VmPeak:	  269064 kB
20220314 012112.009 INFO             PET0 PIOc_freedecomp Enter - MemInfo: [/proc/self/status]	VmSize:	  269040 kB
20220314 012112.009 INFO             PET0 PIOc_freedecomp Enter - MemInfo: [/proc/self/status]	VmLck:	       0 kB
20220314 012112.009 INFO             PET0 PIOc_freedecomp Enter - MemInfo: [/proc/self/status]	VmPin:	       0 kB
20220314 012112.009 INFO             PET0 PIOc_freedecomp Enter - MemInfo: [/proc/self/status]	VmHWM:	   45812 kB
20220314 012112.009 INFO             PET0 PIOc_freedecomp Enter - MemInfo: [/proc/self/status]	VmRSS:	   42236 kB
20220314 012112.009 INFO             PET0 PIOc_freedecomp Enter - MemInfo: [/proc/self/status]	VmData:	   34024 kB
20220314 012112.009 INFO             PET0 PIOc_freedecomp Enter - MemInfo: [/proc/self/status]	VmStk:	     508 kB
20220314 012112.009 INFO             PET0 PIOc_freedecomp Enter - MemInfo: [/proc/self/status]	VmExe:	    1832 kB
20220314 012112.009 INFO             PET0 PIOc_freedecomp Enter - MemInfo: [/proc/self/status]	VmLib:	  133788 kB
20220314 012112.009 INFO             PET0 PIOc_freedecomp Enter - MemInfo: [/proc/self/status]	VmPTE:	     428 kB
20220314 012112.009 INFO             PET0 PIOc_freedecomp Enter - MemInfo: [/proc/self/status]	VmPMD:	      12 kB
20220314 012112.009 INFO             PET0 PIOc_freedecomp Enter - MemInfo: [/proc/self/status]	VmSwap:	       0 kB
20220314 012112.009 INFO             PET0 PIOc_freedecomp Enter - MemInfo: [/proc/self/status]	VmRSSPercent: 0.064134 %
20220314 012112.009 INFO             PET0 PIOc_freedecomp Enter - MemInfo: [malloc] Non-mmapped space allocated:                10047488 Byte
20220314 012112.009 INFO             PET0 PIOc_freedecomp Enter - MemInfo: [malloc] Space allocated in mmapped regions:          3219456 Byte
20220314 012112.009 INFO             PET0 PIOc_freedecomp Enter - MemInfo: [malloc] Maximum total allocated space:                     0 Byte
20220314 012112.009 INFO             PET0 PIOc_freedecomp Enter - MemInfo: [malloc] Space in freed fastbin blocks:                   112 Byte
20220314 012112.009 INFO             PET0 PIOc_freedecomp Enter - MemInfo: [malloc] Total allocated space:                        995312 Byte
20220314 012112.009 INFO             PET0 PIOc_freedecomp Enter - MemInfo: [malloc] Total free space:                            9052176 Byte
20220314 012112.009 INFO             PET0 PIOc_freedecomp Enter - MemInfo: [malloc] Top-most, releasable space:                   122624 Byte
20220314 012112.009 INFO             PET0 PIOc_freedecomp Enter - MemInfo: [malloc] Total space in use, mmap + non-mmap:         4214768 Byte
20220314 012112.009 INFO             PET0 PIOc_freedecomp Enter - MemInfo: [malloc] Total space held (mmap + non-mmap):         13266944 Byte
20220314 012112.009 INFO             PET0 PIOc_freedecomp Enter - MemInfo: [malloc] Total space used (mmap + non-mmap):          4222976 Byte
20220314 012112.009 INFO             PET0 PIOc_freedecomp Enter - MemInfo: Wall-clock time since execution start:              0.0753431 seconds
20220314 012112.009 INFO             PET0 PIOc_freedecomp Exit - MemInfo: [/proc/meminfo - SSI]	MemTotal:       65855856 kB
20220314 012112.009 INFO             PET0 PIOc_freedecomp Exit - MemInfo: [/proc/meminfo - SSI]	MemFree:        61068240 kB
20220314 012112.009 INFO             PET0 PIOc_freedecomp Exit - MemInfo: [/proc/meminfo - SSI]	MemAvailable:   60895360 kB
20220314 012112.009 INFO             PET0 PIOc_freedecomp Exit - MemInfo: [/proc/meminfo - SSI]	Committed_AS:    3176832 kB
20220314 012112.009 INFO             PET0 PIOc_freedecomp Exit - MemInfo: [/proc/meminfo - SSI]	CommittedPercent: 4.82392 %
20220314 012112.009 INFO             PET0 PIOc_freedecomp Exit - MemInfo: [/proc/self/status]	VmPeak:	  269064 kB
20220314 012112.009 INFO             PET0 PIOc_freedecomp Exit - MemInfo: [/proc/self/status]	VmSize:	  269040 kB
20220314 012112.009 INFO             PET0 PIOc_freedecomp Exit - MemInfo: [/proc/self/status]	VmLck:	       0 kB
20220314 012112.009 INFO             PET0 PIOc_freedecomp Exit - MemInfo: [/proc/self/status]	VmPin:	       0 kB
20220314 012112.009 INFO             PET0 PIOc_freedecomp Exit - MemInfo: [/proc/self/status]	VmHWM:	   45812 kB
20220314 012112.009 INFO             PET0 PIOc_freedecomp Exit - MemInfo: [/proc/self/status]	VmRSS:	   42236 kB
20220314 012112.009 INFO             PET0 PIOc_freedecomp Exit - MemInfo: [/proc/self/status]	VmData:	   34024 kB
20220314 012112.009 INFO             PET0 PIOc_freedecomp Exit - MemInfo: [/proc/self/status]	VmStk:	     508 kB
20220314 012112.009 INFO             PET0 PIOc_freedecomp Exit - MemInfo: [/proc/self/status]	VmExe:	    1832 kB
20220314 012112.009 INFO             PET0 PIOc_freedecomp Exit - MemInfo: [/proc/self/status]	VmLib:	  133788 kB
20220314 012112.009 INFO             PET0 PIOc_freedecomp Exit - MemInfo: [/proc/self/status]	VmPTE:	     428 kB
20220314 012112.009 INFO             PET0 PIOc_freedecomp Exit - MemInfo: [/proc/self/status]	VmPMD:	      12 kB
20220314 012112.009 INFO             PET0 PIOc_freedecomp Exit - MemInfo: [/proc/self/status]	VmSwap:	       0 kB
20220314 012112.009 INFO             PET0 PIOc_freedecomp Exit - MemInfo: [/proc/self/status]	VmRSSPercent: 0.064134 %
20220314 012112.009 INFO             PET0 PIOc_freedecomp Exit - MemInfo: [malloc] Non-mmapped space allocated:                10047488 Byte
20220314 012112.009 INFO             PET0 PIOc_freedecomp Exit - MemInfo: [malloc] Space allocated in mmapped regions:          3219456 Byte
20220314 012112.009 INFO             PET0 PIOc_freedecomp Exit - MemInfo: [malloc] Maximum total allocated space:                     0 Byte
20220314 012112.009 INFO             PET0 PIOc_freedecomp Exit - MemInfo: [malloc] Space in freed fastbin blocks:                  1280 Byte
20220314 012112.009 INFO             PET0 PIOc_freedecomp Exit - MemInfo: [malloc] Total allocated space:                        994032 Byte
20220314 012112.009 INFO             PET0 PIOc_freedecomp Exit - MemInfo: [malloc] Total free space:                            9053456 Byte
20220314 012112.009 INFO             PET0 PIOc_freedecomp Exit - MemInfo: [malloc] Top-most, releasable space:                   128320 Byte
20220314 012112.009 INFO             PET0 PIOc_freedecomp Exit - MemInfo: [malloc] Total space in use, mmap + non-mmap:         4213488 Byte
20220314 012112.009 INFO             PET0 PIOc_freedecomp Exit - MemInfo: [malloc] Total space held (mmap + non-mmap):         13266944 Byte
20220314 012112.009 INFO             PET0 PIOc_freedecomp Exit - MemInfo: [malloc] Total space used (mmap + non-mmap):          4221696 Byte
20220314 012112.009 INFO             PET0 PIOc_freedecomp Exit - MemInfo: Wall-clock time since execution start:              0.0757551 seconds
20220314 012112.009 INFO             PET0  PASS  ESMF_OutputWeightFile, ESMF_IOUTest.F90, line 81
20220314 012112.025 INFO             PET0  PASS  call ESMF_OutputWeightFile with empty factor list on four PETs, ESMF_IOUTest.F90, line 191
20220314 012112.025 INFO             PET0  Ending Test, file ESMF_IOUTest.F90, line 201
20220314 012112.025 INFO             PET0 Finalizing ESMF
20220314 012111.962 INFO             PET1 !!!!!!!!!!!!!!!!!!!!!!!!!!!!!!!!!!!!!!!!!!!!!!!!!!!!!!
20220314 012111.962 INFO             PET1 !!! THE ESMF_LOG IS SET TO OUTPUT ALL LOG MESSAGES !!!
20220314 012111.962 INFO             PET1 !!!     THIS MAY CAUSE SLOWDOWN IN PERFORMANCE     !!!
20220314 012111.962 INFO             PET1 !!! FOR PRODUCTION RUNS, USE:                      !!!
20220314 012111.962 INFO             PET1 !!!                   ESMF_LOGKIND_Multi_On_Error  !!!
20220314 012111.962 INFO             PET1 !!!!!!!!!!!!!!!!!!!!!!!!!!!!!!!!!!!!!!!!!!!!!!!!!!!!!!
20220314 012111.962 INFO             PET1 Running with ESMF Version   : v8.3.0b09-96-g559b459836
20220314 012111.962 INFO             PET1 ESMF library build date/time: "Mar 14 2022" "01:01:03"
20220314 012111.962 INFO             PET1 ESMF library build location : /lustre/f2/dev/ncep/Mark.Potts/intel_2019.5_mpi_g_jedwards_pio_update2
20220314 012111.962 INFO             PET1 ESMF_COMM                   : mpi
20220314 012111.962 INFO             PET1 ESMF_MOAB                   : enabled
20220314 012111.962 INFO             PET1 ESMF_LAPACK                 : enabled
20220314 012111.962 INFO             PET1 ESMF_NETCDF                 : enabled
20220314 012111.962 INFO             PET1 ESMF_PNETCDF                : disabled
20220314 012111.962 INFO             PET1 ESMF_PIO                    : enabled
20220314 012111.962 INFO             PET1 ESMF_YAMLCPP                : enabled
20220314 012111.976 INFO             PET1  Beginning Test, file ESMF_IOUTest.F90, line 57
20220314 012111.976 INFO             PET1  NUMBER_OF_PROCESSORS           4
20220314 012111.976 INFO             PET1 Starting Test:  ESMF_OutputWeightFile
20220314 012111.996 INFO             PET1 PIOc_sync Enter - MemInfo: [/proc/meminfo - SSI]	MemTotal:       65855856 kB
20220314 012111.996 INFO             PET1 PIOc_sync Enter - MemInfo: [/proc/meminfo - SSI]	MemFree:        61066492 kB
20220314 012111.996 INFO             PET1 PIOc_sync Enter - MemInfo: [/proc/meminfo - SSI]	MemAvailable:   60893612 kB
20220314 012111.996 INFO             PET1 PIOc_sync Enter - MemInfo: [/proc/meminfo - SSI]	Committed_AS:    3176424 kB
20220314 012111.996 INFO             PET1 PIOc_sync Enter - MemInfo: [/proc/meminfo - SSI]	CommittedPercent: 4.8233 %
20220314 012111.996 INFO             PET1 PIOc_sync Enter - MemInfo: [/proc/self/status]	VmPeak:	  259684 kB
20220314 012111.996 INFO             PET1 PIOc_sync Enter - MemInfo: [/proc/self/status]	VmSize:	  259684 kB
20220314 012111.996 INFO             PET1 PIOc_sync Enter - MemInfo: [/proc/self/status]	VmLck:	       0 kB
20220314 012111.996 INFO             PET1 PIOc_sync Enter - MemInfo: [/proc/self/status]	VmPin:	       0 kB
20220314 012111.996 INFO             PET1 PIOc_sync Enter - MemInfo: [/proc/self/status]	VmHWM:	   35684 kB
20220314 012111.996 INFO             PET1 PIOc_sync Enter - MemInfo: [/proc/self/status]	VmRSS:	   35684 kB
20220314 012111.996 INFO             PET1 PIOc_sync Enter - MemInfo: [/proc/self/status]	VmData:	   24644 kB
20220314 012111.996 INFO             PET1 PIOc_sync Enter - MemInfo: [/proc/self/status]	VmStk:	     508 kB
20220314 012111.996 INFO             PET1 PIOc_sync Enter - MemInfo: [/proc/self/status]	VmExe:	    1832 kB
20220314 012111.996 INFO             PET1 PIOc_sync Enter - MemInfo: [/proc/self/status]	VmLib:	  133788 kB
20220314 012111.996 INFO             PET1 PIOc_sync Enter - MemInfo: [/proc/self/status]	VmPTE:	     404 kB
20220314 012111.996 INFO             PET1 PIOc_sync Enter - MemInfo: [/proc/self/status]	VmPMD:	      12 kB
20220314 012111.996 INFO             PET1 PIOc_sync Enter - MemInfo: [/proc/self/status]	VmSwap:	       0 kB
20220314 012111.996 INFO             PET1 PIOc_sync Enter - MemInfo: [/proc/self/status]	VmRSSPercent: 0.054185 %
20220314 012111.996 INFO             PET1 PIOc_sync Enter - MemInfo: [malloc] Non-mmapped space allocated:                  774144 Byte
20220314 012111.996 INFO             PET1 PIOc_sync Enter - MemInfo: [malloc] Space allocated in mmapped regions:          2887680 Byte
20220314 012111.996 INFO             PET1 PIOc_sync Enter - MemInfo: [malloc] Maximum total allocated space:                     0 Byte
20220314 012111.996 INFO             PET1 PIOc_sync Enter - MemInfo: [malloc] Space in freed fastbin blocks:                     0 Byte
20220314 012111.996 INFO             PET1 PIOc_sync Enter - MemInfo: [malloc] Total allocated space:                        658176 Byte
20220314 012111.996 INFO             PET1 PIOc_sync Enter - MemInfo: [malloc] Total free space:                             115968 Byte
20220314 012111.996 INFO             PET1 PIOc_sync Enter - MemInfo: [malloc] Top-most, releasable space:                   115968 Byte
20220314 012111.996 INFO             PET1 PIOc_sync Enter - MemInfo: [malloc] Total space in use, mmap + non-mmap:         3545856 Byte
20220314 012111.996 INFO             PET1 PIOc_sync Enter - MemInfo: [malloc] Total space held (mmap + non-mmap):          3661824 Byte
20220314 012111.996 INFO             PET1 PIOc_sync Enter - MemInfo: [malloc] Total space used (mmap + non-mmap):          3555472 Byte
20220314 012111.996 INFO             PET1 PIOc_sync Enter - MemInfo: Wall-clock time since execution start:              0.0624621 seconds
20220314 012111.997 INFO             PET1 PIOc_sync Exit - MemInfo: [/proc/meminfo - SSI]	MemTotal:       65855856 kB
20220314 012111.997 INFO             PET1 PIOc_sync Exit - MemInfo: [/proc/meminfo - SSI]	MemFree:        61065484 kB
20220314 012111.997 INFO             PET1 PIOc_sync Exit - MemInfo: [/proc/meminfo - SSI]	MemAvailable:   60892604 kB
20220314 012111.997 INFO             PET1 PIOc_sync Exit - MemInfo: [/proc/meminfo - SSI]	Committed_AS:    3176424 kB
20220314 012111.997 INFO             PET1 PIOc_sync Exit - MemInfo: [/proc/meminfo - SSI]	CommittedPercent: 4.8233 %
20220314 012111.997 INFO             PET1 PIOc_sync Exit - MemInfo: [/proc/self/status]	VmPeak:	  259684 kB
20220314 012111.997 INFO             PET1 PIOc_sync Exit - MemInfo: [/proc/self/status]	VmSize:	  259684 kB
20220314 012111.997 INFO             PET1 PIOc_sync Exit - MemInfo: [/proc/self/status]	VmLck:	       0 kB
20220314 012111.997 INFO             PET1 PIOc_sync Exit - MemInfo: [/proc/self/status]	VmPin:	       0 kB
20220314 012111.997 INFO             PET1 PIOc_sync Exit - MemInfo: [/proc/self/status]	VmHWM:	   35908 kB
20220314 012111.997 INFO             PET1 PIOc_sync Exit - MemInfo: [/proc/self/status]	VmRSS:	   35908 kB
20220314 012111.997 INFO             PET1 PIOc_sync Exit - MemInfo: [/proc/self/status]	VmData:	   24644 kB
20220314 012111.997 INFO             PET1 PIOc_sync Exit - MemInfo: [/proc/self/status]	VmStk:	     508 kB
20220314 012111.997 INFO             PET1 PIOc_sync Exit - MemInfo: [/proc/self/status]	VmExe:	    1832 kB
20220314 012111.997 INFO             PET1 PIOc_sync Exit - MemInfo: [/proc/self/status]	VmLib:	  133788 kB
20220314 012111.997 INFO             PET1 PIOc_sync Exit - MemInfo: [/proc/self/status]	VmPTE:	     404 kB
20220314 012111.997 INFO             PET1 PIOc_sync Exit - MemInfo: [/proc/self/status]	VmPMD:	      12 kB
20220314 012111.997 INFO             PET1 PIOc_sync Exit - MemInfo: [/proc/self/status]	VmSwap:	       0 kB
20220314 012111.997 INFO             PET1 PIOc_sync Exit - MemInfo: [/proc/self/status]	VmRSSPercent: 0.0545251 %
20220314 012111.997 INFO             PET1 PIOc_sync Exit - MemInfo: [malloc] Non-mmapped space allocated:                  774144 Byte
20220314 012111.997 INFO             PET1 PIOc_sync Exit - MemInfo: [malloc] Space allocated in mmapped regions:          2887680 Byte
20220314 012111.997 INFO             PET1 PIOc_sync Exit - MemInfo: [malloc] Maximum total allocated space:                     0 Byte
20220314 012111.997 INFO             PET1 PIOc_sync Exit - MemInfo: [malloc] Space in freed fastbin blocks:                     0 Byte
20220314 012111.997 INFO             PET1 PIOc_sync Exit - MemInfo: [malloc] Total allocated space:                        660368 Byte
20220314 012111.997 INFO             PET1 PIOc_sync Exit - MemInfo: [malloc] Total free space:                             113776 Byte
20220314 012111.997 INFO             PET1 PIOc_sync Exit - MemInfo: [malloc] Top-most, releasable space:                   113776 Byte
20220314 012111.997 INFO             PET1 PIOc_sync Exit - MemInfo: [malloc] Total space in use, mmap + non-mmap:         3548048 Byte
20220314 012111.997 INFO             PET1 PIOc_sync Exit - MemInfo: [malloc] Total space held (mmap + non-mmap):          3661824 Byte
20220314 012111.997 INFO             PET1 PIOc_sync Exit - MemInfo: [malloc] Total space used (mmap + non-mmap):          3556512 Byte
20220314 012111.997 INFO             PET1 PIOc_sync Exit - MemInfo: Wall-clock time since execution start:               0.063602 seconds
20220314 012111.998 INFO             PET1 PIOc_freedecomp Enter - MemInfo: [/proc/meminfo - SSI]	MemTotal:       65855856 kB
20220314 012111.998 INFO             PET1 PIOc_freedecomp Enter - MemInfo: [/proc/meminfo - SSI]	MemFree:        61072540 kB
20220314 012111.998 INFO             PET1 PIOc_freedecomp Enter - MemInfo: [/proc/meminfo - SSI]	MemAvailable:   60899660 kB
20220314 012111.998 INFO             PET1 PIOc_freedecomp Enter - MemInfo: [/proc/meminfo - SSI]	Committed_AS:    3168556 kB
20220314 012111.998 INFO             PET1 PIOc_freedecomp Enter - MemInfo: [/proc/meminfo - SSI]	CommittedPercent: 4.81135 %
20220314 012111.998 INFO             PET1 PIOc_freedecomp Enter - MemInfo: [/proc/self/status]	VmPeak:	  259684 kB
20220314 012111.998 INFO             PET1 PIOc_freedecomp Enter - MemInfo: [/proc/self/status]	VmSize:	  259684 kB
20220314 012111.998 INFO             PET1 PIOc_freedecomp Enter - MemInfo: [/proc/self/status]	VmLck:	       0 kB
20220314 012111.998 INFO             PET1 PIOc_freedecomp Enter - MemInfo: [/proc/self/status]	VmPin:	       0 kB
20220314 012111.998 INFO             PET1 PIOc_freedecomp Enter - MemInfo: [/proc/self/status]	VmHWM:	   35908 kB
20220314 012111.998 INFO             PET1 PIOc_freedecomp Enter - MemInfo: [/proc/self/status]	VmRSS:	   35908 kB
20220314 012111.998 INFO             PET1 PIOc_freedecomp Enter - MemInfo: [/proc/self/status]	VmData:	   24644 kB
20220314 012111.998 INFO             PET1 PIOc_freedecomp Enter - MemInfo: [/proc/self/status]	VmStk:	     508 kB
20220314 012111.998 INFO             PET1 PIOc_freedecomp Enter - MemInfo: [/proc/self/status]	VmExe:	    1832 kB
20220314 012111.998 INFO             PET1 PIOc_freedecomp Enter - MemInfo: [/proc/self/status]	VmLib:	  133788 kB
20220314 012111.998 INFO             PET1 PIOc_freedecomp Enter - MemInfo: [/proc/self/status]	VmPTE:	     404 kB
20220314 012111.998 INFO             PET1 PIOc_freedecomp Enter - MemInfo: [/proc/self/status]	VmPMD:	      12 kB
20220314 012111.998 INFO             PET1 PIOc_freedecomp Enter - MemInfo: [/proc/self/status]	VmSwap:	       0 kB
20220314 012111.998 INFO             PET1 PIOc_freedecomp Enter - MemInfo: [/proc/self/status]	VmRSSPercent: 0.0545251 %
20220314 012111.998 INFO             PET1 PIOc_freedecomp Enter - MemInfo: [malloc] Non-mmapped space allocated:                  774144 Byte
20220314 012111.998 INFO             PET1 PIOc_freedecomp Enter - MemInfo: [malloc] Space allocated in mmapped regions:          2887680 Byte
20220314 012111.998 INFO             PET1 PIOc_freedecomp Enter - MemInfo: [malloc] Maximum total allocated space:                     0 Byte
20220314 012111.998 INFO             PET1 PIOc_freedecomp Enter - MemInfo: [malloc] Space in freed fastbin blocks:                     0 Byte
20220314 012111.998 INFO             PET1 PIOc_freedecomp Enter - MemInfo: [malloc] Total allocated space:                        661280 Byte
20220314 012111.998 INFO             PET1 PIOc_freedecomp Enter - MemInfo: [malloc] Total free space:                             112864 Byte
20220314 012111.998 INFO             PET1 PIOc_freedecomp Enter - MemInfo: [malloc] Top-most, releasable space:                   112864 Byte
20220314 012111.998 INFO             PET1 PIOc_freedecomp Enter - MemInfo: [malloc] Total space in use, mmap + non-mmap:         3548960 Byte
20220314 012111.998 INFO             PET1 PIOc_freedecomp Enter - MemInfo: [malloc] Total space held (mmap + non-mmap):          3661824 Byte
20220314 012111.998 INFO             PET1 PIOc_freedecomp Enter - MemInfo: [malloc] Total space used (mmap + non-mmap):          3557456 Byte
20220314 012111.998 INFO             PET1 PIOc_freedecomp Enter - MemInfo: Wall-clock time since execution start:              0.0645211 seconds
20220314 012111.998 INFO             PET1 PIOc_freedecomp Exit - MemInfo: [/proc/meminfo - SSI]	MemTotal:       65855856 kB
20220314 012111.998 INFO             PET1 PIOc_freedecomp Exit - MemInfo: [/proc/meminfo - SSI]	MemFree:        61072540 kB
20220314 012111.998 INFO             PET1 PIOc_freedecomp Exit - MemInfo: [/proc/meminfo - SSI]	MemAvailable:   60899660 kB
20220314 012111.998 INFO             PET1 PIOc_freedecomp Exit - MemInfo: [/proc/meminfo - SSI]	Committed_AS:    3168556 kB
20220314 012111.998 INFO             PET1 PIOc_freedecomp Exit - MemInfo: [/proc/meminfo - SSI]	CommittedPercent: 4.81135 %
20220314 012111.999 INFO             PET1 PIOc_freedecomp Exit - MemInfo: [/proc/self/status]	VmPeak:	  259684 kB
20220314 012111.999 INFO             PET1 PIOc_freedecomp Exit - MemInfo: [/proc/self/status]	VmSize:	  259684 kB
20220314 012111.999 INFO             PET1 PIOc_freedecomp Exit - MemInfo: [/proc/self/status]	VmLck:	       0 kB
20220314 012111.999 INFO             PET1 PIOc_freedecomp Exit - MemInfo: [/proc/self/status]	VmPin:	       0 kB
20220314 012111.999 INFO             PET1 PIOc_freedecomp Exit - MemInfo: [/proc/self/status]	VmHWM:	   35908 kB
20220314 012111.999 INFO             PET1 PIOc_freedecomp Exit - MemInfo: [/proc/self/status]	VmRSS:	   35908 kB
20220314 012111.999 INFO             PET1 PIOc_freedecomp Exit - MemInfo: [/proc/self/status]	VmData:	   24644 kB
20220314 012111.999 INFO             PET1 PIOc_freedecomp Exit - MemInfo: [/proc/self/status]	VmStk:	     508 kB
20220314 012111.999 INFO             PET1 PIOc_freedecomp Exit - MemInfo: [/proc/self/status]	VmExe:	    1832 kB
20220314 012111.999 INFO             PET1 PIOc_freedecomp Exit - MemInfo: [/proc/self/status]	VmLib:	  133788 kB
20220314 012111.999 INFO             PET1 PIOc_freedecomp Exit - MemInfo: [/proc/self/status]	VmPTE:	     404 kB
20220314 012111.999 INFO             PET1 PIOc_freedecomp Exit - MemInfo: [/proc/self/status]	VmPMD:	      12 kB
20220314 012111.999 INFO             PET1 PIOc_freedecomp Exit - MemInfo: [/proc/self/status]	VmSwap:	       0 kB
20220314 012111.999 INFO             PET1 PIOc_freedecomp Exit - MemInfo: [/proc/self/status]	VmRSSPercent: 0.0545251 %
20220314 012111.999 INFO             PET1 PIOc_freedecomp Exit - MemInfo: [malloc] Non-mmapped space allocated:                  774144 Byte
20220314 012111.999 INFO             PET1 PIOc_freedecomp Exit - MemInfo: [malloc] Space allocated in mmapped regions:          2887680 Byte
20220314 012111.999 INFO             PET1 PIOc_freedecomp Exit - MemInfo: [malloc] Maximum total allocated space:                     0 Byte
20220314 012111.999 INFO             PET1 PIOc_freedecomp Exit - MemInfo: [malloc] Space in freed fastbin blocks:                   112 Byte
20220314 012111.999 INFO             PET1 PIOc_freedecomp Exit - MemInfo: [malloc] Total allocated space:                        662016 Byte
20220314 012111.999 INFO             PET1 PIOc_freedecomp Exit - MemInfo: [malloc] Total free space:                             112128 Byte
20220314 012111.999 INFO             PET1 PIOc_freedecomp Exit - MemInfo: [malloc] Top-most, releasable space:                   112016 Byte
20220314 012111.999 INFO             PET1 PIOc_freedecomp Exit - MemInfo: [malloc] Total space in use, mmap + non-mmap:         3549696 Byte
20220314 012111.999 INFO             PET1 PIOc_freedecomp Exit - MemInfo: [malloc] Total space held (mmap + non-mmap):          3661824 Byte
20220314 012111.999 INFO             PET1 PIOc_freedecomp Exit - MemInfo: [malloc] Total space used (mmap + non-mmap):          3558128 Byte
20220314 012111.999 INFO             PET1 PIOc_freedecomp Exit - MemInfo: Wall-clock time since execution start:              0.0650041 seconds
20220314 012112.002 INFO             PET1 PIOc_sync Enter - MemInfo: [/proc/meminfo - SSI]	MemTotal:       65855856 kB
20220314 012112.002 INFO             PET1 PIOc_sync Enter - MemInfo: [/proc/meminfo - SSI]	MemFree:        61069248 kB
20220314 012112.002 INFO             PET1 PIOc_sync Enter - MemInfo: [/proc/meminfo - SSI]	MemAvailable:   60896368 kB
20220314 012112.002 INFO             PET1 PIOc_sync Enter - MemInfo: [/proc/meminfo - SSI]	Committed_AS:    3176832 kB
20220314 012112.002 INFO             PET1 PIOc_sync Enter - MemInfo: [/proc/meminfo - SSI]	CommittedPercent: 4.82392 %
20220314 012112.003 INFO             PET1 PIOc_sync Enter - MemInfo: [/proc/self/status]	VmPeak:	  259684 kB
20220314 012112.003 INFO             PET1 PIOc_sync Enter - MemInfo: [/proc/self/status]	VmSize:	  259684 kB
20220314 012112.003 INFO             PET1 PIOc_sync Enter - MemInfo: [/proc/self/status]	VmLck:	       0 kB
20220314 012112.003 INFO             PET1 PIOc_sync Enter - MemInfo: [/proc/self/status]	VmPin:	       0 kB
20220314 012112.003 INFO             PET1 PIOc_sync Enter - MemInfo: [/proc/self/status]	VmHWM:	   35928 kB
20220314 012112.003 INFO             PET1 PIOc_sync Enter - MemInfo: [/proc/self/status]	VmRSS:	   35912 kB
20220314 012112.003 INFO             PET1 PIOc_sync Enter - MemInfo: [/proc/self/status]	VmData:	   24644 kB
20220314 012112.003 INFO             PET1 PIOc_sync Enter - MemInfo: [/proc/self/status]	VmStk:	     508 kB
20220314 012112.003 INFO             PET1 PIOc_sync Enter - MemInfo: [/proc/self/status]	VmExe:	    1832 kB
20220314 012112.003 INFO             PET1 PIOc_sync Enter - MemInfo: [/proc/self/status]	VmLib:	  133788 kB
20220314 012112.003 INFO             PET1 PIOc_sync Enter - MemInfo: [/proc/self/status]	VmPTE:	     404 kB
20220314 012112.003 INFO             PET1 PIOc_sync Enter - MemInfo: [/proc/self/status]	VmPMD:	      12 kB
20220314 012112.003 INFO             PET1 PIOc_sync Enter - MemInfo: [/proc/self/status]	VmSwap:	       0 kB
20220314 012112.003 INFO             PET1 PIOc_sync Enter - MemInfo: [/proc/self/status]	VmRSSPercent: 0.0545312 %
20220314 012112.003 INFO             PET1 PIOc_sync Enter - MemInfo: [malloc] Non-mmapped space allocated:                  774144 Byte
20220314 012112.003 INFO             PET1 PIOc_sync Enter - MemInfo: [malloc] Space allocated in mmapped regions:          2887680 Byte
20220314 012112.003 INFO             PET1 PIOc_sync Enter - MemInfo: [malloc] Maximum total allocated space:                     0 Byte
20220314 012112.003 INFO             PET1 PIOc_sync Enter - MemInfo: [malloc] Space in freed fastbin blocks:                     0 Byte
20220314 012112.003 INFO             PET1 PIOc_sync Enter - MemInfo: [malloc] Total allocated space:                        663760 Byte
20220314 012112.003 INFO             PET1 PIOc_sync Enter - MemInfo: [malloc] Total free space:                             110384 Byte
20220314 012112.003 INFO             PET1 PIOc_sync Enter - MemInfo: [malloc] Top-most, releasable space:                   109536 Byte
20220314 012112.003 INFO             PET1 PIOc_sync Enter - MemInfo: [malloc] Total space in use, mmap + non-mmap:         3551440 Byte
20220314 012112.003 INFO             PET1 PIOc_sync Enter - MemInfo: [malloc] Total space held (mmap + non-mmap):          3661824 Byte
20220314 012112.003 INFO             PET1 PIOc_sync Enter - MemInfo: [malloc] Total space used (mmap + non-mmap):          3559648 Byte
20220314 012112.003 INFO             PET1 PIOc_sync Enter - MemInfo: Wall-clock time since execution start:              0.0689709 seconds
20220314 012112.003 INFO             PET1 PIOc_sync Exit - MemInfo: [/proc/meminfo - SSI]	MemTotal:       65855856 kB
20220314 012112.003 INFO             PET1 PIOc_sync Exit - MemInfo: [/proc/meminfo - SSI]	MemFree:        61069248 kB
20220314 012112.003 INFO             PET1 PIOc_sync Exit - MemInfo: [/proc/meminfo - SSI]	MemAvailable:   60896368 kB
20220314 012112.003 INFO             PET1 PIOc_sync Exit - MemInfo: [/proc/meminfo - SSI]	Committed_AS:    3176832 kB
20220314 012112.003 INFO             PET1 PIOc_sync Exit - MemInfo: [/proc/meminfo - SSI]	CommittedPercent: 4.82392 %
20220314 012112.003 INFO             PET1 PIOc_sync Exit - MemInfo: [/proc/self/status]	VmPeak:	  259684 kB
20220314 012112.003 INFO             PET1 PIOc_sync Exit - MemInfo: [/proc/self/status]	VmSize:	  259684 kB
20220314 012112.003 INFO             PET1 PIOc_sync Exit - MemInfo: [/proc/self/status]	VmLck:	       0 kB
20220314 012112.003 INFO             PET1 PIOc_sync Exit - MemInfo: [/proc/self/status]	VmPin:	       0 kB
20220314 012112.003 INFO             PET1 PIOc_sync Exit - MemInfo: [/proc/self/status]	VmHWM:	   35928 kB
20220314 012112.003 INFO             PET1 PIOc_sync Exit - MemInfo: [/proc/self/status]	VmRSS:	   35912 kB
20220314 012112.003 INFO             PET1 PIOc_sync Exit - MemInfo: [/proc/self/status]	VmData:	   24644 kB
20220314 012112.003 INFO             PET1 PIOc_sync Exit - MemInfo: [/proc/self/status]	VmStk:	     508 kB
20220314 012112.003 INFO             PET1 PIOc_sync Exit - MemInfo: [/proc/self/status]	VmExe:	    1832 kB
20220314 012112.003 INFO             PET1 PIOc_sync Exit - MemInfo: [/proc/self/status]	VmLib:	  133788 kB
20220314 012112.003 INFO             PET1 PIOc_sync Exit - MemInfo: [/proc/self/status]	VmPTE:	     404 kB
20220314 012112.003 INFO             PET1 PIOc_sync Exit - MemInfo: [/proc/self/status]	VmPMD:	      12 kB
20220314 012112.003 INFO             PET1 PIOc_sync Exit - MemInfo: [/proc/self/status]	VmSwap:	       0 kB
20220314 012112.003 INFO             PET1 PIOc_sync Exit - MemInfo: [/proc/self/status]	VmRSSPercent: 0.0545312 %
20220314 012112.003 INFO             PET1 PIOc_sync Exit - MemInfo: [malloc] Non-mmapped space allocated:                  774144 Byte
20220314 012112.003 INFO             PET1 PIOc_sync Exit - MemInfo: [malloc] Space allocated in mmapped regions:          2887680 Byte
20220314 012112.003 INFO             PET1 PIOc_sync Exit - MemInfo: [malloc] Maximum total allocated space:                     0 Byte
20220314 012112.003 INFO             PET1 PIOc_sync Exit - MemInfo: [malloc] Space in freed fastbin blocks:                     0 Byte
20220314 012112.003 INFO             PET1 PIOc_sync Exit - MemInfo: [malloc] Total allocated space:                        664224 Byte
20220314 012112.003 INFO             PET1 PIOc_sync Exit - MemInfo: [malloc] Total free space:                             109920 Byte
20220314 012112.003 INFO             PET1 PIOc_sync Exit - MemInfo: [malloc] Top-most, releasable space:                   109312 Byte
20220314 012112.003 INFO             PET1 PIOc_sync Exit - MemInfo: [malloc] Total space in use, mmap + non-mmap:         3551904 Byte
20220314 012112.003 INFO             PET1 PIOc_sync Exit - MemInfo: [malloc] Total space held (mmap + non-mmap):          3661824 Byte
20220314 012112.003 INFO             PET1 PIOc_sync Exit - MemInfo: [malloc] Total space used (mmap + non-mmap):          3560112 Byte
20220314 012112.003 INFO             PET1 PIOc_sync Exit - MemInfo: Wall-clock time since execution start:                0.06952 seconds
20220314 012112.003 INFO             PET1 PIOc_freedecomp Enter - MemInfo: [/proc/meminfo - SSI]	MemTotal:       65855856 kB
20220314 012112.004 INFO             PET1 PIOc_freedecomp Enter - MemInfo: [/proc/meminfo - SSI]	MemFree:        61069248 kB
20220314 012112.004 INFO             PET1 PIOc_freedecomp Enter - MemInfo: [/proc/meminfo - SSI]	MemAvailable:   60896368 kB
20220314 012112.004 INFO             PET1 PIOc_freedecomp Enter - MemInfo: [/proc/meminfo - SSI]	Committed_AS:    3176832 kB
20220314 012112.004 INFO             PET1 PIOc_freedecomp Enter - MemInfo: [/proc/meminfo - SSI]	CommittedPercent: 4.82392 %
20220314 012112.004 INFO             PET1 PIOc_freedecomp Enter - MemInfo: [/proc/self/status]	VmPeak:	  259684 kB
20220314 012112.004 INFO             PET1 PIOc_freedecomp Enter - MemInfo: [/proc/self/status]	VmSize:	  259684 kB
20220314 012112.004 INFO             PET1 PIOc_freedecomp Enter - MemInfo: [/proc/self/status]	VmLck:	       0 kB
20220314 012112.004 INFO             PET1 PIOc_freedecomp Enter - MemInfo: [/proc/self/status]	VmPin:	       0 kB
20220314 012112.004 INFO             PET1 PIOc_freedecomp Enter - MemInfo: [/proc/self/status]	VmHWM:	   35928 kB
20220314 012112.004 INFO             PET1 PIOc_freedecomp Enter - MemInfo: [/proc/self/status]	VmRSS:	   35912 kB
20220314 012112.004 INFO             PET1 PIOc_freedecomp Enter - MemInfo: [/proc/self/status]	VmData:	   24644 kB
20220314 012112.004 INFO             PET1 PIOc_freedecomp Enter - MemInfo: [/proc/self/status]	VmStk:	     508 kB
20220314 012112.004 INFO             PET1 PIOc_freedecomp Enter - MemInfo: [/proc/self/status]	VmExe:	    1832 kB
20220314 012112.004 INFO             PET1 PIOc_freedecomp Enter - MemInfo: [/proc/self/status]	VmLib:	  133788 kB
20220314 012112.004 INFO             PET1 PIOc_freedecomp Enter - MemInfo: [/proc/self/status]	VmPTE:	     404 kB
20220314 012112.004 INFO             PET1 PIOc_freedecomp Enter - MemInfo: [/proc/self/status]	VmPMD:	      12 kB
20220314 012112.004 INFO             PET1 PIOc_freedecomp Enter - MemInfo: [/proc/self/status]	VmSwap:	       0 kB
20220314 012112.004 INFO             PET1 PIOc_freedecomp Enter - MemInfo: [/proc/self/status]	VmRSSPercent: 0.0545312 %
20220314 012112.004 INFO             PET1 PIOc_freedecomp Enter - MemInfo: [malloc] Non-mmapped space allocated:                  774144 Byte
20220314 012112.004 INFO             PET1 PIOc_freedecomp Enter - MemInfo: [malloc] Space allocated in mmapped regions:          2887680 Byte
20220314 012112.004 INFO             PET1 PIOc_freedecomp Enter - MemInfo: [malloc] Maximum total allocated space:                     0 Byte
20220314 012112.004 INFO             PET1 PIOc_freedecomp Enter - MemInfo: [malloc] Space in freed fastbin blocks:                     0 Byte
20220314 012112.004 INFO             PET1 PIOc_freedecomp Enter - MemInfo: [malloc] Total allocated space:                        664448 Byte
20220314 012112.004 INFO             PET1 PIOc_freedecomp Enter - MemInfo: [malloc] Total free space:                             109696 Byte
20220314 012112.004 INFO             PET1 PIOc_freedecomp Enter - MemInfo: [malloc] Top-most, releasable space:                   109088 Byte
20220314 012112.004 INFO             PET1 PIOc_freedecomp Enter - MemInfo: [malloc] Total space in use, mmap + non-mmap:         3552128 Byte
20220314 012112.004 INFO             PET1 PIOc_freedecomp Enter - MemInfo: [malloc] Total space held (mmap + non-mmap):          3661824 Byte
20220314 012112.004 INFO             PET1 PIOc_freedecomp Enter - MemInfo: [malloc] Total space used (mmap + non-mmap):          3560336 Byte
20220314 012112.004 INFO             PET1 PIOc_freedecomp Enter - MemInfo: Wall-clock time since execution start:               0.070081 seconds
20220314 012112.004 INFO             PET1 PIOc_freedecomp Exit - MemInfo: [/proc/meminfo - SSI]	MemTotal:       65855856 kB
20220314 012112.004 INFO             PET1 PIOc_freedecomp Exit - MemInfo: [/proc/meminfo - SSI]	MemFree:        61069248 kB
20220314 012112.004 INFO             PET1 PIOc_freedecomp Exit - MemInfo: [/proc/meminfo - SSI]	MemAvailable:   60896368 kB
20220314 012112.004 INFO             PET1 PIOc_freedecomp Exit - MemInfo: [/proc/meminfo - SSI]	Committed_AS:    3176832 kB
20220314 012112.004 INFO             PET1 PIOc_freedecomp Exit - MemInfo: [/proc/meminfo - SSI]	CommittedPercent: 4.82392 %
20220314 012112.004 INFO             PET1 PIOc_freedecomp Exit - MemInfo: [/proc/self/status]	VmPeak:	  259684 kB
20220314 012112.004 INFO             PET1 PIOc_freedecomp Exit - MemInfo: [/proc/self/status]	VmSize:	  259684 kB
20220314 012112.004 INFO             PET1 PIOc_freedecomp Exit - MemInfo: [/proc/self/status]	VmLck:	       0 kB
20220314 012112.004 INFO             PET1 PIOc_freedecomp Exit - MemInfo: [/proc/self/status]	VmPin:	       0 kB
20220314 012112.004 INFO             PET1 PIOc_freedecomp Exit - MemInfo: [/proc/self/status]	VmHWM:	   35928 kB
20220314 012112.004 INFO             PET1 PIOc_freedecomp Exit - MemInfo: [/proc/self/status]	VmRSS:	   35912 kB
20220314 012112.004 INFO             PET1 PIOc_freedecomp Exit - MemInfo: [/proc/self/status]	VmData:	   24644 kB
20220314 012112.004 INFO             PET1 PIOc_freedecomp Exit - MemInfo: [/proc/self/status]	VmStk:	     508 kB
20220314 012112.004 INFO             PET1 PIOc_freedecomp Exit - MemInfo: [/proc/self/status]	VmExe:	    1832 kB
20220314 012112.004 INFO             PET1 PIOc_freedecomp Exit - MemInfo: [/proc/self/status]	VmLib:	  133788 kB
20220314 012112.004 INFO             PET1 PIOc_freedecomp Exit - MemInfo: [/proc/self/status]	VmPTE:	     404 kB
20220314 012112.004 INFO             PET1 PIOc_freedecomp Exit - MemInfo: [/proc/self/status]	VmPMD:	      12 kB
20220314 012112.004 INFO             PET1 PIOc_freedecomp Exit - MemInfo: [/proc/self/status]	VmSwap:	       0 kB
20220314 012112.004 INFO             PET1 PIOc_freedecomp Exit - MemInfo: [/proc/self/status]	VmRSSPercent: 0.0545312 %
20220314 012112.004 INFO             PET1 PIOc_freedecomp Exit - MemInfo: [malloc] Non-mmapped space allocated:                  774144 Byte
20220314 012112.004 INFO             PET1 PIOc_freedecomp Exit - MemInfo: [malloc] Space allocated in mmapped regions:          2887680 Byte
20220314 012112.004 INFO             PET1 PIOc_freedecomp Exit - MemInfo: [malloc] Maximum total allocated space:                     0 Byte
20220314 012112.004 INFO             PET1 PIOc_freedecomp Exit - MemInfo: [malloc] Space in freed fastbin blocks:                   272 Byte
20220314 012112.004 INFO             PET1 PIOc_freedecomp Exit - MemInfo: [malloc] Total allocated space:                        664176 Byte
20220314 012112.004 INFO             PET1 PIOc_freedecomp Exit - MemInfo: [malloc] Total free space:                             109968 Byte
20220314 012112.004 INFO             PET1 PIOc_freedecomp Exit - MemInfo: [malloc] Top-most, releasable space:                   108864 Byte
20220314 012112.004 INFO             PET1 PIOc_freedecomp Exit - MemInfo: [malloc] Total space in use, mmap + non-mmap:         3551856 Byte
20220314 012112.004 INFO             PET1 PIOc_freedecomp Exit - MemInfo: [malloc] Total space held (mmap + non-mmap):          3661824 Byte
20220314 012112.004 INFO             PET1 PIOc_freedecomp Exit - MemInfo: [malloc] Total space used (mmap + non-mmap):          3560064 Byte
20220314 012112.004 INFO             PET1 PIOc_freedecomp Exit - MemInfo: Wall-clock time since execution start:               0.070617 seconds
20220314 012112.007 INFO             PET1 PIOc_sync Enter - MemInfo: [/proc/meminfo - SSI]	MemTotal:       65855856 kB
20220314 012112.007 INFO             PET1 PIOc_sync Enter - MemInfo: [/proc/meminfo - SSI]	MemFree:        61068240 kB
20220314 012112.007 INFO             PET1 PIOc_sync Enter - MemInfo: [/proc/meminfo - SSI]	MemAvailable:   60895360 kB
20220314 012112.007 INFO             PET1 PIOc_sync Enter - MemInfo: [/proc/meminfo - SSI]	Committed_AS:    3176832 kB
20220314 012112.007 INFO             PET1 PIOc_sync Enter - MemInfo: [/proc/meminfo - SSI]	CommittedPercent: 4.82392 %
20220314 012112.007 INFO             PET1 PIOc_sync Enter - MemInfo: [/proc/self/status]	VmPeak:	  259684 kB
20220314 012112.008 INFO             PET1 PIOc_sync Enter - MemInfo: [/proc/self/status]	VmSize:	  259660 kB
20220314 012112.008 INFO             PET1 PIOc_sync Enter - MemInfo: [/proc/self/status]	VmLck:	       0 kB
20220314 012112.008 INFO             PET1 PIOc_sync Enter - MemInfo: [/proc/self/status]	VmPin:	       0 kB
20220314 012112.008 INFO             PET1 PIOc_sync Enter - MemInfo: [/proc/self/status]	VmHWM:	   35936 kB
20220314 012112.008 INFO             PET1 PIOc_sync Enter - MemInfo: [/proc/self/status]	VmRSS:	   35920 kB
20220314 012112.008 INFO             PET1 PIOc_sync Enter - MemInfo: [/proc/self/status]	VmData:	   24644 kB
20220314 012112.008 INFO             PET1 PIOc_sync Enter - MemInfo: [/proc/self/status]	VmStk:	     508 kB
20220314 012112.008 INFO             PET1 PIOc_sync Enter - MemInfo: [/proc/self/status]	VmExe:	    1832 kB
20220314 012112.008 INFO             PET1 PIOc_sync Enter - MemInfo: [/proc/self/status]	VmLib:	  133788 kB
20220314 012112.008 INFO             PET1 PIOc_sync Enter - MemInfo: [/proc/self/status]	VmPTE:	     404 kB
20220314 012112.008 INFO             PET1 PIOc_sync Enter - MemInfo: [/proc/self/status]	VmPMD:	      12 kB
20220314 012112.008 INFO             PET1 PIOc_sync Enter - MemInfo: [/proc/self/status]	VmSwap:	       0 kB
20220314 012112.008 INFO             PET1 PIOc_sync Enter - MemInfo: [/proc/self/status]	VmRSSPercent: 0.0545434 %
20220314 012112.008 INFO             PET1 PIOc_sync Enter - MemInfo: [malloc] Non-mmapped space allocated:                  774144 Byte
20220314 012112.008 INFO             PET1 PIOc_sync Enter - MemInfo: [malloc] Space allocated in mmapped regions:          2887680 Byte
20220314 012112.008 INFO             PET1 PIOc_sync Enter - MemInfo: [malloc] Maximum total allocated space:                     0 Byte
20220314 012112.008 INFO             PET1 PIOc_sync Enter - MemInfo: [malloc] Space in freed fastbin blocks:                     0 Byte
20220314 012112.008 INFO             PET1 PIOc_sync Enter - MemInfo: [malloc] Total allocated space:                        664384 Byte
20220314 012112.008 INFO             PET1 PIOc_sync Enter - MemInfo: [malloc] Total free space:                             109760 Byte
20220314 012112.008 INFO             PET1 PIOc_sync Enter - MemInfo: [malloc] Top-most, releasable space:                   108640 Byte
20220314 012112.008 INFO             PET1 PIOc_sync Enter - MemInfo: [malloc] Total space in use, mmap + non-mmap:         3552064 Byte
20220314 012112.008 INFO             PET1 PIOc_sync Enter - MemInfo: [malloc] Total space held (mmap + non-mmap):          3661824 Byte
20220314 012112.008 INFO             PET1 PIOc_sync Enter - MemInfo: [malloc] Total space used (mmap + non-mmap):          3560272 Byte
20220314 012112.008 INFO             PET1 PIOc_sync Enter - MemInfo: Wall-clock time since execution start:              0.0739939 seconds
20220314 012112.008 INFO             PET1 PIOc_sync Exit - MemInfo: [/proc/meminfo - SSI]	MemTotal:       65855856 kB
20220314 012112.008 INFO             PET1 PIOc_sync Exit - MemInfo: [/proc/meminfo - SSI]	MemFree:        61068240 kB
20220314 012112.008 INFO             PET1 PIOc_sync Exit - MemInfo: [/proc/meminfo - SSI]	MemAvailable:   60895360 kB
20220314 012112.008 INFO             PET1 PIOc_sync Exit - MemInfo: [/proc/meminfo - SSI]	Committed_AS:    3176832 kB
20220314 012112.008 INFO             PET1 PIOc_sync Exit - MemInfo: [/proc/meminfo - SSI]	CommittedPercent: 4.82392 %
20220314 012112.008 INFO             PET1 PIOc_sync Exit - MemInfo: [/proc/self/status]	VmPeak:	  259684 kB
20220314 012112.008 INFO             PET1 PIOc_sync Exit - MemInfo: [/proc/self/status]	VmSize:	  259660 kB
20220314 012112.008 INFO             PET1 PIOc_sync Exit - MemInfo: [/proc/self/status]	VmLck:	       0 kB
20220314 012112.008 INFO             PET1 PIOc_sync Exit - MemInfo: [/proc/self/status]	VmPin:	       0 kB
20220314 012112.008 INFO             PET1 PIOc_sync Exit - MemInfo: [/proc/self/status]	VmHWM:	   35936 kB
20220314 012112.008 INFO             PET1 PIOc_sync Exit - MemInfo: [/proc/self/status]	VmRSS:	   35920 kB
20220314 012112.008 INFO             PET1 PIOc_sync Exit - MemInfo: [/proc/self/status]	VmData:	   24644 kB
20220314 012112.008 INFO             PET1 PIOc_sync Exit - MemInfo: [/proc/self/status]	VmStk:	     508 kB
20220314 012112.008 INFO             PET1 PIOc_sync Exit - MemInfo: [/proc/self/status]	VmExe:	    1832 kB
20220314 012112.008 INFO             PET1 PIOc_sync Exit - MemInfo: [/proc/self/status]	VmLib:	  133788 kB
20220314 012112.008 INFO             PET1 PIOc_sync Exit - MemInfo: [/proc/self/status]	VmPTE:	     404 kB
20220314 012112.008 INFO             PET1 PIOc_sync Exit - MemInfo: [/proc/self/status]	VmPMD:	      12 kB
20220314 012112.008 INFO             PET1 PIOc_sync Exit - MemInfo: [/proc/self/status]	VmSwap:	       0 kB
20220314 012112.008 INFO             PET1 PIOc_sync Exit - MemInfo: [/proc/self/status]	VmRSSPercent: 0.0545434 %
20220314 012112.008 INFO             PET1 PIOc_sync Exit - MemInfo: [malloc] Non-mmapped space allocated:                  774144 Byte
20220314 012112.008 INFO             PET1 PIOc_sync Exit - MemInfo: [malloc] Space allocated in mmapped regions:          2887680 Byte
20220314 012112.008 INFO             PET1 PIOc_sync Exit - MemInfo: [malloc] Maximum total allocated space:                     0 Byte
20220314 012112.008 INFO             PET1 PIOc_sync Exit - MemInfo: [malloc] Space in freed fastbin blocks:                     0 Byte
20220314 012112.008 INFO             PET1 PIOc_sync Exit - MemInfo: [malloc] Total allocated space:                        664624 Byte
20220314 012112.008 INFO             PET1 PIOc_sync Exit - MemInfo: [malloc] Total free space:                             109520 Byte
20220314 012112.008 INFO             PET1 PIOc_sync Exit - MemInfo: [malloc] Top-most, releasable space:                   108416 Byte
20220314 012112.008 INFO             PET1 PIOc_sync Exit - MemInfo: [malloc] Total space in use, mmap + non-mmap:         3552304 Byte
20220314 012112.008 INFO             PET1 PIOc_sync Exit - MemInfo: [malloc] Total space held (mmap + non-mmap):          3661824 Byte
20220314 012112.008 INFO             PET1 PIOc_sync Exit - MemInfo: [malloc] Total space used (mmap + non-mmap):          3560512 Byte
20220314 012112.008 INFO             PET1 PIOc_sync Exit - MemInfo: Wall-clock time since execution start:               0.074538 seconds
20220314 012112.009 INFO             PET1 PIOc_freedecomp Enter - MemInfo: [/proc/meminfo - SSI]	MemTotal:       65855856 kB
20220314 012112.009 INFO             PET1 PIOc_freedecomp Enter - MemInfo: [/proc/meminfo - SSI]	MemFree:        61068240 kB
20220314 012112.009 INFO             PET1 PIOc_freedecomp Enter - MemInfo: [/proc/meminfo - SSI]	MemAvailable:   60895360 kB
20220314 012112.009 INFO             PET1 PIOc_freedecomp Enter - MemInfo: [/proc/meminfo - SSI]	Committed_AS:    3176832 kB
20220314 012112.009 INFO             PET1 PIOc_freedecomp Enter - MemInfo: [/proc/meminfo - SSI]	CommittedPercent: 4.82392 %
20220314 012112.009 INFO             PET1 PIOc_freedecomp Enter - MemInfo: [/proc/self/status]	VmPeak:	  259684 kB
20220314 012112.009 INFO             PET1 PIOc_freedecomp Enter - MemInfo: [/proc/self/status]	VmSize:	  259660 kB
20220314 012112.009 INFO             PET1 PIOc_freedecomp Enter - MemInfo: [/proc/self/status]	VmLck:	       0 kB
20220314 012112.009 INFO             PET1 PIOc_freedecomp Enter - MemInfo: [/proc/self/status]	VmPin:	       0 kB
20220314 012112.009 INFO             PET1 PIOc_freedecomp Enter - MemInfo: [/proc/self/status]	VmHWM:	   35936 kB
20220314 012112.009 INFO             PET1 PIOc_freedecomp Enter - MemInfo: [/proc/self/status]	VmRSS:	   35920 kB
20220314 012112.009 INFO             PET1 PIOc_freedecomp Enter - MemInfo: [/proc/self/status]	VmData:	   24644 kB
20220314 012112.009 INFO             PET1 PIOc_freedecomp Enter - MemInfo: [/proc/self/status]	VmStk:	     508 kB
20220314 012112.009 INFO             PET1 PIOc_freedecomp Enter - MemInfo: [/proc/self/status]	VmExe:	    1832 kB
20220314 012112.009 INFO             PET1 PIOc_freedecomp Enter - MemInfo: [/proc/self/status]	VmLib:	  133788 kB
20220314 012112.009 INFO             PET1 PIOc_freedecomp Enter - MemInfo: [/proc/self/status]	VmPTE:	     404 kB
20220314 012112.009 INFO             PET1 PIOc_freedecomp Enter - MemInfo: [/proc/self/status]	VmPMD:	      12 kB
20220314 012112.009 INFO             PET1 PIOc_freedecomp Enter - MemInfo: [/proc/self/status]	VmSwap:	       0 kB
20220314 012112.009 INFO             PET1 PIOc_freedecomp Enter - MemInfo: [/proc/self/status]	VmRSSPercent: 0.0545434 %
20220314 012112.009 INFO             PET1 PIOc_freedecomp Enter - MemInfo: [malloc] Non-mmapped space allocated:                  774144 Byte
20220314 012112.009 INFO             PET1 PIOc_freedecomp Enter - MemInfo: [malloc] Space allocated in mmapped regions:          2887680 Byte
20220314 012112.009 INFO             PET1 PIOc_freedecomp Enter - MemInfo: [malloc] Maximum total allocated space:                     0 Byte
20220314 012112.009 INFO             PET1 PIOc_freedecomp Enter - MemInfo: [malloc] Space in freed fastbin blocks:                     0 Byte
20220314 012112.009 INFO             PET1 PIOc_freedecomp Enter - MemInfo: [malloc] Total allocated space:                        664336 Byte
20220314 012112.009 INFO             PET1 PIOc_freedecomp Enter - MemInfo: [malloc] Total free space:                             109808 Byte
20220314 012112.009 INFO             PET1 PIOc_freedecomp Enter - MemInfo: [malloc] Top-most, releasable space:                   108192 Byte
20220314 012112.009 INFO             PET1 PIOc_freedecomp Enter - MemInfo: [malloc] Total space in use, mmap + non-mmap:         3552016 Byte
20220314 012112.009 INFO             PET1 PIOc_freedecomp Enter - MemInfo: [malloc] Total space held (mmap + non-mmap):          3661824 Byte
20220314 012112.009 INFO             PET1 PIOc_freedecomp Enter - MemInfo: [malloc] Total space used (mmap + non-mmap):          3560224 Byte
20220314 012112.009 INFO             PET1 PIOc_freedecomp Enter - MemInfo: Wall-clock time since execution start:              0.0751729 seconds
20220314 012112.009 INFO             PET1 PIOc_freedecomp Exit - MemInfo: [/proc/meminfo - SSI]	MemTotal:       65855856 kB
20220314 012112.009 INFO             PET1 PIOc_freedecomp Exit - MemInfo: [/proc/meminfo - SSI]	MemFree:        61068240 kB
20220314 012112.009 INFO             PET1 PIOc_freedecomp Exit - MemInfo: [/proc/meminfo - SSI]	MemAvailable:   60895360 kB
20220314 012112.009 INFO             PET1 PIOc_freedecomp Exit - MemInfo: [/proc/meminfo - SSI]	Committed_AS:    3176832 kB
20220314 012112.009 INFO             PET1 PIOc_freedecomp Exit - MemInfo: [/proc/meminfo - SSI]	CommittedPercent: 4.82392 %
20220314 012112.009 INFO             PET1 PIOc_freedecomp Exit - MemInfo: [/proc/self/status]	VmPeak:	  259684 kB
20220314 012112.009 INFO             PET1 PIOc_freedecomp Exit - MemInfo: [/proc/self/status]	VmSize:	  259660 kB
20220314 012112.009 INFO             PET1 PIOc_freedecomp Exit - MemInfo: [/proc/self/status]	VmLck:	       0 kB
20220314 012112.009 INFO             PET1 PIOc_freedecomp Exit - MemInfo: [/proc/self/status]	VmPin:	       0 kB
20220314 012112.009 INFO             PET1 PIOc_freedecomp Exit - MemInfo: [/proc/self/status]	VmHWM:	   35936 kB
20220314 012112.009 INFO             PET1 PIOc_freedecomp Exit - MemInfo: [/proc/self/status]	VmRSS:	   35920 kB
20220314 012112.009 INFO             PET1 PIOc_freedecomp Exit - MemInfo: [/proc/self/status]	VmData:	   24644 kB
20220314 012112.009 INFO             PET1 PIOc_freedecomp Exit - MemInfo: [/proc/self/status]	VmStk:	     508 kB
20220314 012112.009 INFO             PET1 PIOc_freedecomp Exit - MemInfo: [/proc/self/status]	VmExe:	    1832 kB
20220314 012112.009 INFO             PET1 PIOc_freedecomp Exit - MemInfo: [/proc/self/status]	VmLib:	  133788 kB
20220314 012112.009 INFO             PET1 PIOc_freedecomp Exit - MemInfo: [/proc/self/status]	VmPTE:	     404 kB
20220314 012112.009 INFO             PET1 PIOc_freedecomp Exit - MemInfo: [/proc/self/status]	VmPMD:	      12 kB
20220314 012112.009 INFO             PET1 PIOc_freedecomp Exit - MemInfo: [/proc/self/status]	VmSwap:	       0 kB
20220314 012112.009 INFO             PET1 PIOc_freedecomp Exit - MemInfo: [/proc/self/status]	VmRSSPercent: 0.0545434 %
20220314 012112.009 INFO             PET1 PIOc_freedecomp Exit - MemInfo: [malloc] Non-mmapped space allocated:                  774144 Byte
20220314 012112.009 INFO             PET1 PIOc_freedecomp Exit - MemInfo: [malloc] Space allocated in mmapped regions:          2887680 Byte
20220314 012112.009 INFO             PET1 PIOc_freedecomp Exit - MemInfo: [malloc] Maximum total allocated space:                     0 Byte
20220314 012112.009 INFO             PET1 PIOc_freedecomp Exit - MemInfo: [malloc] Space in freed fastbin blocks:                   432 Byte
20220314 012112.009 INFO             PET1 PIOc_freedecomp Exit - MemInfo: [malloc] Total allocated space:                        663904 Byte
20220314 012112.009 INFO             PET1 PIOc_freedecomp Exit - MemInfo: [malloc] Total free space:                             110240 Byte
20220314 012112.009 INFO             PET1 PIOc_freedecomp Exit - MemInfo: [malloc] Top-most, releasable space:                   107968 Byte
20220314 012112.010 INFO             PET1 PIOc_freedecomp Exit - MemInfo: [malloc] Total space in use, mmap + non-mmap:         3551584 Byte
20220314 012112.010 INFO             PET1 PIOc_freedecomp Exit - MemInfo: [malloc] Total space held (mmap + non-mmap):          3661824 Byte
20220314 012112.010 INFO             PET1 PIOc_freedecomp Exit - MemInfo: [malloc] Total space used (mmap + non-mmap):          3559792 Byte
20220314 012112.010 INFO             PET1 PIOc_freedecomp Exit - MemInfo: Wall-clock time since execution start:              0.0756891 seconds
20220314 012112.010 INFO             PET1  PASS  ESMF_OutputWeightFile, ESMF_IOUTest.F90, line 81
20220314 012112.029 INFO             PET1  PASS  call ESMF_OutputWeightFile with empty factor list on four PETs, ESMF_IOUTest.F90, line 191
20220314 012112.029 INFO             PET1  Ending Test, file ESMF_IOUTest.F90, line 201
20220314 012112.029 INFO             PET1 Finalizing ESMF
20220314 012111.958 INFO             PET2 !!!!!!!!!!!!!!!!!!!!!!!!!!!!!!!!!!!!!!!!!!!!!!!!!!!!!!
20220314 012111.958 INFO             PET2 !!! THE ESMF_LOG IS SET TO OUTPUT ALL LOG MESSAGES !!!
20220314 012111.958 INFO             PET2 !!!     THIS MAY CAUSE SLOWDOWN IN PERFORMANCE     !!!
20220314 012111.958 INFO             PET2 !!! FOR PRODUCTION RUNS, USE:                      !!!
20220314 012111.958 INFO             PET2 !!!                   ESMF_LOGKIND_Multi_On_Error  !!!
20220314 012111.958 INFO             PET2 !!!!!!!!!!!!!!!!!!!!!!!!!!!!!!!!!!!!!!!!!!!!!!!!!!!!!!
20220314 012111.958 INFO             PET2 Running with ESMF Version   : v8.3.0b09-96-g559b459836
20220314 012111.958 INFO             PET2 ESMF library build date/time: "Mar 14 2022" "01:01:03"
20220314 012111.958 INFO             PET2 ESMF library build location : /lustre/f2/dev/ncep/Mark.Potts/intel_2019.5_mpi_g_jedwards_pio_update2
20220314 012111.958 INFO             PET2 ESMF_COMM                   : mpi
20220314 012111.959 INFO             PET2 ESMF_MOAB                   : enabled
20220314 012111.959 INFO             PET2 ESMF_LAPACK                 : enabled
20220314 012111.959 INFO             PET2 ESMF_NETCDF                 : enabled
20220314 012111.959 INFO             PET2 ESMF_PNETCDF                : disabled
20220314 012111.959 INFO             PET2 ESMF_PIO                    : enabled
20220314 012111.959 INFO             PET2 ESMF_YAMLCPP                : enabled
20220314 012111.976 INFO             PET2  Beginning Test, file ESMF_IOUTest.F90, line 57
20220314 012111.976 INFO             PET2  NUMBER_OF_PROCESSORS           4
20220314 012111.976 INFO             PET2 Starting Test:  ESMF_OutputWeightFile
20220314 012111.996 INFO             PET2 PIOc_sync Enter - MemInfo: [/proc/meminfo - SSI]	MemTotal:       65855856 kB
20220314 012111.996 INFO             PET2 PIOc_sync Enter - MemInfo: [/proc/meminfo - SSI]	MemFree:        61066492 kB
20220314 012111.996 INFO             PET2 PIOc_sync Enter - MemInfo: [/proc/meminfo - SSI]	MemAvailable:   60893612 kB
20220314 012111.996 INFO             PET2 PIOc_sync Enter - MemInfo: [/proc/meminfo - SSI]	Committed_AS:    3176424 kB
20220314 012111.996 INFO             PET2 PIOc_sync Enter - MemInfo: [/proc/meminfo - SSI]	CommittedPercent: 4.8233 %
20220314 012111.996 INFO             PET2 PIOc_sync Enter - MemInfo: [/proc/self/status]	VmPeak:	  259684 kB
20220314 012111.996 INFO             PET2 PIOc_sync Enter - MemInfo: [/proc/self/status]	VmSize:	  259684 kB
20220314 012111.996 INFO             PET2 PIOc_sync Enter - MemInfo: [/proc/self/status]	VmLck:	       0 kB
20220314 012111.996 INFO             PET2 PIOc_sync Enter - MemInfo: [/proc/self/status]	VmPin:	       0 kB
20220314 012111.996 INFO             PET2 PIOc_sync Enter - MemInfo: [/proc/self/status]	VmHWM:	   35612 kB
20220314 012111.996 INFO             PET2 PIOc_sync Enter - MemInfo: [/proc/self/status]	VmRSS:	   35612 kB
20220314 012111.996 INFO             PET2 PIOc_sync Enter - MemInfo: [/proc/self/status]	VmData:	   24644 kB
20220314 012111.996 INFO             PET2 PIOc_sync Enter - MemInfo: [/proc/self/status]	VmStk:	     508 kB
20220314 012111.996 INFO             PET2 PIOc_sync Enter - MemInfo: [/proc/self/status]	VmExe:	    1832 kB
20220314 012111.996 INFO             PET2 PIOc_sync Enter - MemInfo: [/proc/self/status]	VmLib:	  133788 kB
20220314 012111.996 INFO             PET2 PIOc_sync Enter - MemInfo: [/proc/self/status]	VmPTE:	     400 kB
20220314 012111.996 INFO             PET2 PIOc_sync Enter - MemInfo: [/proc/self/status]	VmPMD:	      12 kB
20220314 012111.996 INFO             PET2 PIOc_sync Enter - MemInfo: [/proc/self/status]	VmSwap:	       0 kB
20220314 012111.996 INFO             PET2 PIOc_sync Enter - MemInfo: [/proc/self/status]	VmRSSPercent: 0.0540757 %
20220314 012111.996 INFO             PET2 PIOc_sync Enter - MemInfo: [malloc] Non-mmapped space allocated:                  774144 Byte
20220314 012111.996 INFO             PET2 PIOc_sync Enter - MemInfo: [malloc] Space allocated in mmapped regions:          2887680 Byte
20220314 012111.996 INFO             PET2 PIOc_sync Enter - MemInfo: [malloc] Maximum total allocated space:                     0 Byte
20220314 012111.996 INFO             PET2 PIOc_sync Enter - MemInfo: [malloc] Space in freed fastbin blocks:                     0 Byte
20220314 012111.996 INFO             PET2 PIOc_sync Enter - MemInfo: [malloc] Total allocated space:                        658176 Byte
20220314 012111.996 INFO             PET2 PIOc_sync Enter - MemInfo: [malloc] Total free space:                             115968 Byte
20220314 012111.996 INFO             PET2 PIOc_sync Enter - MemInfo: [malloc] Top-most, releasable space:                   115968 Byte
20220314 012111.996 INFO             PET2 PIOc_sync Enter - MemInfo: [malloc] Total space in use, mmap + non-mmap:         3545856 Byte
20220314 012111.996 INFO             PET2 PIOc_sync Enter - MemInfo: [malloc] Total space held (mmap + non-mmap):          3661824 Byte
20220314 012111.996 INFO             PET2 PIOc_sync Enter - MemInfo: [malloc] Total space used (mmap + non-mmap):          3555472 Byte
20220314 012111.996 INFO             PET2 PIOc_sync Enter - MemInfo: Wall-clock time since execution start:               0.062865 seconds
20220314 012111.997 INFO             PET2 PIOc_sync Exit - MemInfo: [/proc/meminfo - SSI]	MemTotal:       65855856 kB
20220314 012111.997 INFO             PET2 PIOc_sync Exit - MemInfo: [/proc/meminfo - SSI]	MemFree:        61065484 kB
20220314 012111.997 INFO             PET2 PIOc_sync Exit - MemInfo: [/proc/meminfo - SSI]	MemAvailable:   60892604 kB
20220314 012111.997 INFO             PET2 PIOc_sync Exit - MemInfo: [/proc/meminfo - SSI]	Committed_AS:    3176424 kB
20220314 012111.997 INFO             PET2 PIOc_sync Exit - MemInfo: [/proc/meminfo - SSI]	CommittedPercent: 4.8233 %
20220314 012111.997 INFO             PET2 PIOc_sync Exit - MemInfo: [/proc/self/status]	VmPeak:	  259684 kB
20220314 012111.997 INFO             PET2 PIOc_sync Exit - MemInfo: [/proc/self/status]	VmSize:	  259684 kB
20220314 012111.997 INFO             PET2 PIOc_sync Exit - MemInfo: [/proc/self/status]	VmLck:	       0 kB
20220314 012111.997 INFO             PET2 PIOc_sync Exit - MemInfo: [/proc/self/status]	VmPin:	       0 kB
20220314 012111.997 INFO             PET2 PIOc_sync Exit - MemInfo: [/proc/self/status]	VmHWM:	   35848 kB
20220314 012111.997 INFO             PET2 PIOc_sync Exit - MemInfo: [/proc/self/status]	VmRSS:	   35848 kB
20220314 012111.997 INFO             PET2 PIOc_sync Exit - MemInfo: [/proc/self/status]	VmData:	   24644 kB
20220314 012111.997 INFO             PET2 PIOc_sync Exit - MemInfo: [/proc/self/status]	VmStk:	     508 kB
20220314 012111.997 INFO             PET2 PIOc_sync Exit - MemInfo: [/proc/self/status]	VmExe:	    1832 kB
20220314 012111.997 INFO             PET2 PIOc_sync Exit - MemInfo: [/proc/self/status]	VmLib:	  133788 kB
20220314 012111.997 INFO             PET2 PIOc_sync Exit - MemInfo: [/proc/self/status]	VmPTE:	     400 kB
