build time -- 2022-03-13 00:03:10
20220313 002355.244 INFO             PET0 !!!!!!!!!!!!!!!!!!!!!!!!!!!!!!!!!!!!!!!!!!!!!!!!!!!!!!
20220313 002355.244 INFO             PET0 !!! THE ESMF_LOG IS SET TO OUTPUT ALL LOG MESSAGES !!!
20220313 002355.244 INFO             PET0 !!!     THIS MAY CAUSE SLOWDOWN IN PERFORMANCE     !!!
20220313 002355.244 INFO             PET0 !!! FOR PRODUCTION RUNS, USE:                      !!!
20220313 002355.244 INFO             PET0 !!!                   ESMF_LOGKIND_Multi_On_Error  !!!
20220313 002355.244 INFO             PET0 !!!!!!!!!!!!!!!!!!!!!!!!!!!!!!!!!!!!!!!!!!!!!!!!!!!!!!
20220313 002355.244 INFO             PET0 Running with ESMF Version   : v8.3.0b09-96-g559b459836
20220313 002355.244 INFO             PET0 ESMF library build date/time: "Mar 13 2022" "00:01:08"
20220313 002355.244 INFO             PET0 ESMF library build location : /lustre/f2/dev/ncep/Mark.Potts/intel_2019.5_mpi_g_jedwards_pio_update2
20220313 002355.244 INFO             PET0 ESMF_COMM                   : mpi
20220313 002355.245 INFO             PET0 ESMF_MOAB                   : enabled
20220313 002355.245 INFO             PET0 ESMF_LAPACK                 : enabled
20220313 002355.245 INFO             PET0 ESMF_NETCDF                 : enabled
20220313 002355.245 INFO             PET0 ESMF_PNETCDF                : disabled
20220313 002355.245 INFO             PET0 ESMF_PIO                    : enabled
20220313 002355.245 INFO             PET0 ESMF_YAMLCPP                : enabled
20220313 002355.250 INFO             PET0  Beginning Test, file ESMF_FieldSMMFromFileUTest.F90, line 287
20220313 002355.250 INFO             PET0  NUMBER_OF_PROCESSORS           4
20220313 002355.391 INFO             PET0  PASS  ESMF_FieldSMMFromFile Unit Test, ESMF_FieldSMMFromFileUTest.F90, line 300
20220313 002355.417 INFO             PET0 PIOc_sync Enter - MemInfo: [/proc/meminfo - SSI]	MemTotal:       65855856 kB
20220313 002355.417 INFO             PET0 PIOc_sync Enter - MemInfo: [/proc/meminfo - SSI]	MemFree:        60960888 kB
20220313 002355.417 INFO             PET0 PIOc_sync Enter - MemInfo: [/proc/meminfo - SSI]	MemAvailable:   60798228 kB
20220313 002355.417 INFO             PET0 PIOc_sync Enter - MemInfo: [/proc/meminfo - SSI]	Committed_AS:    3314088 kB
20220313 002355.417 INFO             PET0 PIOc_sync Enter - MemInfo: [/proc/meminfo - SSI]	CommittedPercent: 5.03234 %
20220313 002355.417 INFO             PET0 PIOc_sync Enter - MemInfo: [/proc/self/status]	VmPeak:	  356696 kB
20220313 002355.417 INFO             PET0 PIOc_sync Enter - MemInfo: [/proc/self/status]	VmSize:	  356672 kB
20220313 002355.417 INFO             PET0 PIOc_sync Enter - MemInfo: [/proc/self/status]	VmLck:	       0 kB
20220313 002355.417 INFO             PET0 PIOc_sync Enter - MemInfo: [/proc/self/status]	VmPin:	       0 kB
20220313 002355.417 INFO             PET0 PIOc_sync Enter - MemInfo: [/proc/self/status]	VmHWM:	   72912 kB
20220313 002355.417 INFO             PET0 PIOc_sync Enter - MemInfo: [/proc/self/status]	VmRSS:	   72912 kB
20220313 002355.417 INFO             PET0 PIOc_sync Enter - MemInfo: [/proc/self/status]	VmData:	   78656 kB
20220313 002355.418 INFO             PET0 PIOc_sync Enter - MemInfo: [/proc/self/status]	VmStk:	     508 kB
20220313 002355.418 INFO             PET0 PIOc_sync Enter - MemInfo: [/proc/self/status]	VmExe:	    1836 kB
20220313 002355.418 INFO             PET0 PIOc_sync Enter - MemInfo: [/proc/self/status]	VmLib:	  133788 kB
20220313 002355.418 INFO             PET0 PIOc_sync Enter - MemInfo: [/proc/self/status]	VmPTE:	     544 kB
20220313 002355.418 INFO             PET0 PIOc_sync Enter - MemInfo: [/proc/self/status]	VmPMD:	      12 kB
20220313 002355.418 INFO             PET0 PIOc_sync Enter - MemInfo: [/proc/self/status]	VmSwap:	       0 kB
20220313 002355.418 INFO             PET0 PIOc_sync Enter - MemInfo: [/proc/self/status]	VmRSSPercent: 0.110715 %
20220313 002355.418 INFO             PET0 PIOc_sync Enter - MemInfo: [malloc] Non-mmapped space allocated:                51888128 Byte
20220313 002355.418 INFO             PET0 PIOc_sync Enter - MemInfo: [malloc] Space allocated in mmapped regions:          2887680 Byte
20220313 002355.418 INFO             PET0 PIOc_sync Enter - MemInfo: [malloc] Maximum total allocated space:                     0 Byte
20220313 002355.418 INFO             PET0 PIOc_sync Enter - MemInfo: [malloc] Space in freed fastbin blocks:                     0 Byte
20220313 002355.418 INFO             PET0 PIOc_sync Enter - MemInfo: [malloc] Total allocated space:                      36657200 Byte
20220313 002355.418 INFO             PET0 PIOc_sync Enter - MemInfo: [malloc] Total free space:                           15230928 Byte
20220313 002355.418 INFO             PET0 PIOc_sync Enter - MemInfo: [malloc] Top-most, releasable space:                  8520832 Byte
20220313 002355.418 INFO             PET0 PIOc_sync Enter - MemInfo: [malloc] Total space in use, mmap + non-mmap:        39544880 Byte
20220313 002355.418 INFO             PET0 PIOc_sync Enter - MemInfo: [malloc] Total space held (mmap + non-mmap):         54775808 Byte
20220313 002355.418 INFO             PET0 PIOc_sync Enter - MemInfo: [malloc] Total space used (mmap + non-mmap):         39554624 Byte
20220313 002355.418 INFO             PET0 PIOc_sync Enter - MemInfo: Wall-clock time since execution start:               0.195488 seconds
20220313 002355.418 INFO             PET0 PIOc_sync Exit - MemInfo: [/proc/meminfo - SSI]	MemTotal:       65855856 kB
20220313 002355.418 INFO             PET0 PIOc_sync Exit - MemInfo: [/proc/meminfo - SSI]	MemFree:        60960132 kB
20220313 002355.418 INFO             PET0 PIOc_sync Exit - MemInfo: [/proc/meminfo - SSI]	MemAvailable:   60797472 kB
20220313 002355.418 INFO             PET0 PIOc_sync Exit - MemInfo: [/proc/meminfo - SSI]	Committed_AS:    3314088 kB
20220313 002355.418 INFO             PET0 PIOc_sync Exit - MemInfo: [/proc/meminfo - SSI]	CommittedPercent: 5.03234 %
20220313 002355.418 INFO             PET0 PIOc_sync Exit - MemInfo: [/proc/self/status]	VmPeak:	  356696 kB
20220313 002355.418 INFO             PET0 PIOc_sync Exit - MemInfo: [/proc/self/status]	VmSize:	  356672 kB
20220313 002355.418 INFO             PET0 PIOc_sync Exit - MemInfo: [/proc/self/status]	VmLck:	       0 kB
20220313 002355.418 INFO             PET0 PIOc_sync Exit - MemInfo: [/proc/self/status]	VmPin:	       0 kB
20220313 002355.418 INFO             PET0 PIOc_sync Exit - MemInfo: [/proc/self/status]	VmHWM:	   72912 kB
20220313 002355.418 INFO             PET0 PIOc_sync Exit - MemInfo: [/proc/self/status]	VmRSS:	   72912 kB
20220313 002355.418 INFO             PET0 PIOc_sync Exit - MemInfo: [/proc/self/status]	VmData:	   78656 kB
20220313 002355.418 INFO             PET0 PIOc_sync Exit - MemInfo: [/proc/self/status]	VmStk:	     508 kB
20220313 002355.418 INFO             PET0 PIOc_sync Exit - MemInfo: [/proc/self/status]	VmExe:	    1836 kB
20220313 002355.418 INFO             PET0 PIOc_sync Exit - MemInfo: [/proc/self/status]	VmLib:	  133788 kB
20220313 002355.418 INFO             PET0 PIOc_sync Exit - MemInfo: [/proc/self/status]	VmPTE:	     544 kB
20220313 002355.418 INFO             PET0 PIOc_sync Exit - MemInfo: [/proc/self/status]	VmPMD:	      12 kB
20220313 002355.418 INFO             PET0 PIOc_sync Exit - MemInfo: [/proc/self/status]	VmSwap:	       0 kB
20220313 002355.418 INFO             PET0 PIOc_sync Exit - MemInfo: [/proc/self/status]	VmRSSPercent: 0.110715 %
20220313 002355.418 INFO             PET0 PIOc_sync Exit - MemInfo: [malloc] Non-mmapped space allocated:                51888128 Byte
20220313 002355.418 INFO             PET0 PIOc_sync Exit - MemInfo: [malloc] Space allocated in mmapped regions:          2887680 Byte
20220313 002355.418 INFO             PET0 PIOc_sync Exit - MemInfo: [malloc] Maximum total allocated space:                     0 Byte
20220313 002355.418 INFO             PET0 PIOc_sync Exit - MemInfo: [malloc] Space in freed fastbin blocks:                     0 Byte
20220313 002355.418 INFO             PET0 PIOc_sync Exit - MemInfo: [malloc] Total allocated space:                      37053808 Byte
20220313 002355.418 INFO             PET0 PIOc_sync Exit - MemInfo: [malloc] Total free space:                           14834320 Byte
20220313 002355.418 INFO             PET0 PIOc_sync Exit - MemInfo: [malloc] Top-most, releasable space:                  8520832 Byte
20220313 002355.418 INFO             PET0 PIOc_sync Exit - MemInfo: [malloc] Total space in use, mmap + non-mmap:        39941488 Byte
20220313 002355.418 INFO             PET0 PIOc_sync Exit - MemInfo: [malloc] Total space held (mmap + non-mmap):         54775808 Byte
20220313 002355.418 INFO             PET0 PIOc_sync Exit - MemInfo: [malloc] Total space used (mmap + non-mmap):         39949984 Byte
20220313 002355.418 INFO             PET0 PIOc_sync Exit - MemInfo: Wall-clock time since execution start:               0.196163 seconds
20220313 002355.419 INFO             PET0 PIOc_freedecomp Enter - MemInfo: [/proc/meminfo - SSI]	MemTotal:       65855856 kB
20220313 002355.419 INFO             PET0 PIOc_freedecomp Enter - MemInfo: [/proc/meminfo - SSI]	MemFree:        60960132 kB
20220313 002355.419 INFO             PET0 PIOc_freedecomp Enter - MemInfo: [/proc/meminfo - SSI]	MemAvailable:   60797472 kB
20220313 002355.419 INFO             PET0 PIOc_freedecomp Enter - MemInfo: [/proc/meminfo - SSI]	Committed_AS:    3314088 kB
20220313 002355.419 INFO             PET0 PIOc_freedecomp Enter - MemInfo: [/proc/meminfo - SSI]	CommittedPercent: 5.03234 %
20220313 002355.419 INFO             PET0 PIOc_freedecomp Enter - MemInfo: [/proc/self/status]	VmPeak:	  356696 kB
20220313 002355.419 INFO             PET0 PIOc_freedecomp Enter - MemInfo: [/proc/self/status]	VmSize:	  356672 kB
20220313 002355.419 INFO             PET0 PIOc_freedecomp Enter - MemInfo: [/proc/self/status]	VmLck:	       0 kB
20220313 002355.419 INFO             PET0 PIOc_freedecomp Enter - MemInfo: [/proc/self/status]	VmPin:	       0 kB
20220313 002355.419 INFO             PET0 PIOc_freedecomp Enter - MemInfo: [/proc/self/status]	VmHWM:	   72912 kB
20220313 002355.419 INFO             PET0 PIOc_freedecomp Enter - MemInfo: [/proc/self/status]	VmRSS:	   72912 kB
20220313 002355.419 INFO             PET0 PIOc_freedecomp Enter - MemInfo: [/proc/self/status]	VmData:	   78656 kB
20220313 002355.419 INFO             PET0 PIOc_freedecomp Enter - MemInfo: [/proc/self/status]	VmStk:	     508 kB
20220313 002355.419 INFO             PET0 PIOc_freedecomp Enter - MemInfo: [/proc/self/status]	VmExe:	    1836 kB
20220313 002355.419 INFO             PET0 PIOc_freedecomp Enter - MemInfo: [/proc/self/status]	VmLib:	  133788 kB
20220313 002355.419 INFO             PET0 PIOc_freedecomp Enter - MemInfo: [/proc/self/status]	VmPTE:	     544 kB
20220313 002355.419 INFO             PET0 PIOc_freedecomp Enter - MemInfo: [/proc/self/status]	VmPMD:	      12 kB
20220313 002355.419 INFO             PET0 PIOc_freedecomp Enter - MemInfo: [/proc/self/status]	VmSwap:	       0 kB
20220313 002355.419 INFO             PET0 PIOc_freedecomp Enter - MemInfo: [/proc/self/status]	VmRSSPercent: 0.110715 %
20220313 002355.419 INFO             PET0 PIOc_freedecomp Enter - MemInfo: [malloc] Non-mmapped space allocated:                51888128 Byte
20220313 002355.419 INFO             PET0 PIOc_freedecomp Enter - MemInfo: [malloc] Space allocated in mmapped regions:          2887680 Byte
20220313 002355.419 INFO             PET0 PIOc_freedecomp Enter - MemInfo: [malloc] Maximum total allocated space:                     0 Byte
20220313 002355.419 INFO             PET0 PIOc_freedecomp Enter - MemInfo: [malloc] Space in freed fastbin blocks:                   384 Byte
20220313 002355.419 INFO             PET0 PIOc_freedecomp Enter - MemInfo: [malloc] Total allocated space:                      28654736 Byte
20220313 002355.419 INFO             PET0 PIOc_freedecomp Enter - MemInfo: [malloc] Total free space:                           23233392 Byte
20220313 002355.419 INFO             PET0 PIOc_freedecomp Enter - MemInfo: [malloc] Top-most, releasable space:                  8520832 Byte
20220313 002355.419 INFO             PET0 PIOc_freedecomp Enter - MemInfo: [malloc] Total space in use, mmap + non-mmap:        31542416 Byte
20220313 002355.419 INFO             PET0 PIOc_freedecomp Enter - MemInfo: [malloc] Total space held (mmap + non-mmap):         54775808 Byte
20220313 002355.419 INFO             PET0 PIOc_freedecomp Enter - MemInfo: [malloc] Total space used (mmap + non-mmap):         31550848 Byte
20220313 002355.419 INFO             PET0 PIOc_freedecomp Enter - MemInfo: Wall-clock time since execution start:               0.196765 seconds
20220313 002355.419 INFO             PET0 PIOc_freedecomp Exit - MemInfo: [/proc/meminfo - SSI]	MemTotal:       65855856 kB
20220313 002355.419 INFO             PET0 PIOc_freedecomp Exit - MemInfo: [/proc/meminfo - SSI]	MemFree:        60960132 kB
20220313 002355.419 INFO             PET0 PIOc_freedecomp Exit - MemInfo: [/proc/meminfo - SSI]	MemAvailable:   60797472 kB
20220313 002355.419 INFO             PET0 PIOc_freedecomp Exit - MemInfo: [/proc/meminfo - SSI]	Committed_AS:    3314088 kB
20220313 002355.419 INFO             PET0 PIOc_freedecomp Exit - MemInfo: [/proc/meminfo - SSI]	CommittedPercent: 5.03234 %
20220313 002355.419 INFO             PET0 PIOc_freedecomp Exit - MemInfo: [/proc/self/status]	VmPeak:	  356696 kB
20220313 002355.419 INFO             PET0 PIOc_freedecomp Exit - MemInfo: [/proc/self/status]	VmSize:	  356672 kB
20220313 002355.419 INFO             PET0 PIOc_freedecomp Exit - MemInfo: [/proc/self/status]	VmLck:	       0 kB
20220313 002355.419 INFO             PET0 PIOc_freedecomp Exit - MemInfo: [/proc/self/status]	VmPin:	       0 kB
20220313 002355.419 INFO             PET0 PIOc_freedecomp Exit - MemInfo: [/proc/self/status]	VmHWM:	   72912 kB
20220313 002355.419 INFO             PET0 PIOc_freedecomp Exit - MemInfo: [/proc/self/status]	VmRSS:	   72912 kB
20220313 002355.419 INFO             PET0 PIOc_freedecomp Exit - MemInfo: [/proc/self/status]	VmData:	   78656 kB
20220313 002355.419 INFO             PET0 PIOc_freedecomp Exit - MemInfo: [/proc/self/status]	VmStk:	     508 kB
20220313 002355.419 INFO             PET0 PIOc_freedecomp Exit - MemInfo: [/proc/self/status]	VmExe:	    1836 kB
20220313 002355.419 INFO             PET0 PIOc_freedecomp Exit - MemInfo: [/proc/self/status]	VmLib:	  133788 kB
20220313 002355.419 INFO             PET0 PIOc_freedecomp Exit - MemInfo: [/proc/self/status]	VmPTE:	     544 kB
20220313 002355.419 INFO             PET0 PIOc_freedecomp Exit - MemInfo: [/proc/self/status]	VmPMD:	      12 kB
20220313 002355.419 INFO             PET0 PIOc_freedecomp Exit - MemInfo: [/proc/self/status]	VmSwap:	       0 kB
20220313 002355.419 INFO             PET0 PIOc_freedecomp Exit - MemInfo: [/proc/self/status]	VmRSSPercent: 0.110715 %
20220313 002355.419 INFO             PET0 PIOc_freedecomp Exit - MemInfo: [malloc] Non-mmapped space allocated:                51888128 Byte
20220313 002355.419 INFO             PET0 PIOc_freedecomp Exit - MemInfo: [malloc] Space allocated in mmapped regions:          2887680 Byte
20220313 002355.419 INFO             PET0 PIOc_freedecomp Exit - MemInfo: [malloc] Maximum total allocated space:                     0 Byte
20220313 002355.419 INFO             PET0 PIOc_freedecomp Exit - MemInfo: [malloc] Space in freed fastbin blocks:                   784 Byte
20220313 002355.419 INFO             PET0 PIOc_freedecomp Exit - MemInfo: [malloc] Total allocated space:                      28651632 Byte
20220313 002355.419 INFO             PET0 PIOc_freedecomp Exit - MemInfo: [malloc] Total free space:                           23236496 Byte
20220313 002355.419 INFO             PET0 PIOc_freedecomp Exit - MemInfo: [malloc] Top-most, releasable space:                  8520832 Byte
20220313 002355.419 INFO             PET0 PIOc_freedecomp Exit - MemInfo: [malloc] Total space in use, mmap + non-mmap:        31539312 Byte
20220313 002355.419 INFO             PET0 PIOc_freedecomp Exit - MemInfo: [malloc] Total space held (mmap + non-mmap):         54775808 Byte
20220313 002355.419 INFO             PET0 PIOc_freedecomp Exit - MemInfo: [malloc] Total space used (mmap + non-mmap):         31547632 Byte
20220313 002355.420 INFO             PET0 PIOc_freedecomp Exit - MemInfo: Wall-clock time since execution start:                0.19719 seconds
20220313 002355.421 INFO             PET0 PIOc_sync Enter - MemInfo: [/proc/meminfo - SSI]	MemTotal:       65855856 kB
20220313 002355.421 INFO             PET0 PIOc_sync Enter - MemInfo: [/proc/meminfo - SSI]	MemFree:        60960132 kB
20220313 002355.421 INFO             PET0 PIOc_sync Enter - MemInfo: [/proc/meminfo - SSI]	MemAvailable:   60797472 kB
20220313 002355.421 INFO             PET0 PIOc_sync Enter - MemInfo: [/proc/meminfo - SSI]	Committed_AS:    3314088 kB
20220313 002355.421 INFO             PET0 PIOc_sync Enter - MemInfo: [/proc/meminfo - SSI]	CommittedPercent: 5.03234 %
20220313 002355.421 INFO             PET0 PIOc_sync Enter - MemInfo: [/proc/self/status]	VmPeak:	  356696 kB
20220313 002355.421 INFO             PET0 PIOc_sync Enter - MemInfo: [/proc/self/status]	VmSize:	  356672 kB
20220313 002355.421 INFO             PET0 PIOc_sync Enter - MemInfo: [/proc/self/status]	VmLck:	       0 kB
20220313 002355.421 INFO             PET0 PIOc_sync Enter - MemInfo: [/proc/self/status]	VmPin:	       0 kB
20220313 002355.421 INFO             PET0 PIOc_sync Enter - MemInfo: [/proc/self/status]	VmHWM:	   72912 kB
20220313 002355.421 INFO             PET0 PIOc_sync Enter - MemInfo: [/proc/self/status]	VmRSS:	   72912 kB
20220313 002355.421 INFO             PET0 PIOc_sync Enter - MemInfo: [/proc/self/status]	VmData:	   78656 kB
20220313 002355.421 INFO             PET0 PIOc_sync Enter - MemInfo: [/proc/self/status]	VmStk:	     508 kB
20220313 002355.421 INFO             PET0 PIOc_sync Enter - MemInfo: [/proc/self/status]	VmExe:	    1836 kB
20220313 002355.421 INFO             PET0 PIOc_sync Enter - MemInfo: [/proc/self/status]	VmLib:	  133788 kB
20220313 002355.421 INFO             PET0 PIOc_sync Enter - MemInfo: [/proc/self/status]	VmPTE:	     544 kB
20220313 002355.421 INFO             PET0 PIOc_sync Enter - MemInfo: [/proc/self/status]	VmPMD:	      12 kB
20220313 002355.421 INFO             PET0 PIOc_sync Enter - MemInfo: [/proc/self/status]	VmSwap:	       0 kB
20220313 002355.421 INFO             PET0 PIOc_sync Enter - MemInfo: [/proc/self/status]	VmRSSPercent: 0.110715 %
20220313 002355.421 INFO             PET0 PIOc_sync Enter - MemInfo: [malloc] Non-mmapped space allocated:                51888128 Byte
20220313 002355.421 INFO             PET0 PIOc_sync Enter - MemInfo: [malloc] Space allocated in mmapped regions:          2887680 Byte
20220313 002355.421 INFO             PET0 PIOc_sync Enter - MemInfo: [malloc] Maximum total allocated space:                     0 Byte
20220313 002355.421 INFO             PET0 PIOc_sync Enter - MemInfo: [malloc] Space in freed fastbin blocks:                   320 Byte
20220313 002355.421 INFO             PET0 PIOc_sync Enter - MemInfo: [malloc] Total allocated space:                      37056080 Byte
20220313 002355.422 INFO             PET0 PIOc_sync Enter - MemInfo: [malloc] Total free space:                           14832048 Byte
20220313 002355.422 INFO             PET0 PIOc_sync Enter - MemInfo: [malloc] Top-most, releasable space:                  8520832 Byte
20220313 002355.422 INFO             PET0 PIOc_sync Enter - MemInfo: [malloc] Total space in use, mmap + non-mmap:        39943760 Byte
20220313 002355.422 INFO             PET0 PIOc_sync Enter - MemInfo: [malloc] Total space held (mmap + non-mmap):         54775808 Byte
20220313 002355.422 INFO             PET0 PIOc_sync Enter - MemInfo: [malloc] Total space used (mmap + non-mmap):         39952080 Byte
20220313 002355.422 INFO             PET0 PIOc_sync Enter - MemInfo: Wall-clock time since execution start:               0.199262 seconds
20220313 002355.422 INFO             PET0 PIOc_sync Exit - MemInfo: [/proc/meminfo - SSI]	MemTotal:       65855856 kB
20220313 002355.422 INFO             PET0 PIOc_sync Exit - MemInfo: [/proc/meminfo - SSI]	MemFree:        60960132 kB
20220313 002355.422 INFO             PET0 PIOc_sync Exit - MemInfo: [/proc/meminfo - SSI]	MemAvailable:   60797472 kB
20220313 002355.422 INFO             PET0 PIOc_sync Exit - MemInfo: [/proc/meminfo - SSI]	Committed_AS:    3314088 kB
20220313 002355.422 INFO             PET0 PIOc_sync Exit - MemInfo: [/proc/meminfo - SSI]	CommittedPercent: 5.03234 %
20220313 002355.422 INFO             PET0 PIOc_sync Exit - MemInfo: [/proc/self/status]	VmPeak:	  356696 kB
20220313 002355.422 INFO             PET0 PIOc_sync Exit - MemInfo: [/proc/self/status]	VmSize:	  356672 kB
20220313 002355.422 INFO             PET0 PIOc_sync Exit - MemInfo: [/proc/self/status]	VmLck:	       0 kB
20220313 002355.422 INFO             PET0 PIOc_sync Exit - MemInfo: [/proc/self/status]	VmPin:	       0 kB
20220313 002355.422 INFO             PET0 PIOc_sync Exit - MemInfo: [/proc/self/status]	VmHWM:	   72912 kB
20220313 002355.422 INFO             PET0 PIOc_sync Exit - MemInfo: [/proc/self/status]	VmRSS:	   72912 kB
20220313 002355.422 INFO             PET0 PIOc_sync Exit - MemInfo: [/proc/self/status]	VmData:	   78656 kB
20220313 002355.422 INFO             PET0 PIOc_sync Exit - MemInfo: [/proc/self/status]	VmStk:	     508 kB
20220313 002355.422 INFO             PET0 PIOc_sync Exit - MemInfo: [/proc/self/status]	VmExe:	    1836 kB
20220313 002355.422 INFO             PET0 PIOc_sync Exit - MemInfo: [/proc/self/status]	VmLib:	  133788 kB
20220313 002355.422 INFO             PET0 PIOc_sync Exit - MemInfo: [/proc/self/status]	VmPTE:	     544 kB
20220313 002355.422 INFO             PET0 PIOc_sync Exit - MemInfo: [/proc/self/status]	VmPMD:	      12 kB
20220313 002355.422 INFO             PET0 PIOc_sync Exit - MemInfo: [/proc/self/status]	VmSwap:	       0 kB
20220313 002355.422 INFO             PET0 PIOc_sync Exit - MemInfo: [/proc/self/status]	VmRSSPercent: 0.110715 %
20220313 002355.422 INFO             PET0 PIOc_sync Exit - MemInfo: [malloc] Non-mmapped space allocated:                51888128 Byte
20220313 002355.422 INFO             PET0 PIOc_sync Exit - MemInfo: [malloc] Space allocated in mmapped regions:          2887680 Byte
20220313 002355.422 INFO             PET0 PIOc_sync Exit - MemInfo: [malloc] Maximum total allocated space:                     0 Byte
20220313 002355.422 INFO             PET0 PIOc_sync Exit - MemInfo: [malloc] Space in freed fastbin blocks:                    48 Byte
20220313 002355.422 INFO             PET0 PIOc_sync Exit - MemInfo: [malloc] Total allocated space:                      37057264 Byte
20220313 002355.422 INFO             PET0 PIOc_sync Exit - MemInfo: [malloc] Total free space:                           14830864 Byte
20220313 002355.422 INFO             PET0 PIOc_sync Exit - MemInfo: [malloc] Top-most, releasable space:                  8520832 Byte
20220313 002355.422 INFO             PET0 PIOc_sync Exit - MemInfo: [malloc] Total space in use, mmap + non-mmap:        39944944 Byte
20220313 002355.422 INFO             PET0 PIOc_sync Exit - MemInfo: [malloc] Total space held (mmap + non-mmap):         54775808 Byte
20220313 002355.422 INFO             PET0 PIOc_sync Exit - MemInfo: [malloc] Total space used (mmap + non-mmap):         39953264 Byte
20220313 002355.422 INFO             PET0 PIOc_sync Exit - MemInfo: Wall-clock time since execution start:               0.199864 seconds
20220313 002355.422 INFO             PET0 PIOc_freedecomp Enter - MemInfo: [/proc/meminfo - SSI]	MemTotal:       65855856 kB
20220313 002355.422 INFO             PET0 PIOc_freedecomp Enter - MemInfo: [/proc/meminfo - SSI]	MemFree:        60960132 kB
20220313 002355.422 INFO             PET0 PIOc_freedecomp Enter - MemInfo: [/proc/meminfo - SSI]	MemAvailable:   60797472 kB
20220313 002355.422 INFO             PET0 PIOc_freedecomp Enter - MemInfo: [/proc/meminfo - SSI]	Committed_AS:    3314088 kB
20220313 002355.422 INFO             PET0 PIOc_freedecomp Enter - MemInfo: [/proc/meminfo - SSI]	CommittedPercent: 5.03234 %
20220313 002355.422 INFO             PET0 PIOc_freedecomp Enter - MemInfo: [/proc/self/status]	VmPeak:	  356696 kB
20220313 002355.422 INFO             PET0 PIOc_freedecomp Enter - MemInfo: [/proc/self/status]	VmSize:	  356672 kB
20220313 002355.423 INFO             PET0 PIOc_freedecomp Enter - MemInfo: [/proc/self/status]	VmLck:	       0 kB
20220313 002355.423 INFO             PET0 PIOc_freedecomp Enter - MemInfo: [/proc/self/status]	VmPin:	       0 kB
20220313 002355.423 INFO             PET0 PIOc_freedecomp Enter - MemInfo: [/proc/self/status]	VmHWM:	   72912 kB
20220313 002355.423 INFO             PET0 PIOc_freedecomp Enter - MemInfo: [/proc/self/status]	VmRSS:	   72912 kB
20220313 002355.423 INFO             PET0 PIOc_freedecomp Enter - MemInfo: [/proc/self/status]	VmData:	   78656 kB
20220313 002355.423 INFO             PET0 PIOc_freedecomp Enter - MemInfo: [/proc/self/status]	VmStk:	     508 kB
20220313 002355.423 INFO             PET0 PIOc_freedecomp Enter - MemInfo: [/proc/self/status]	VmExe:	    1836 kB
20220313 002355.423 INFO             PET0 PIOc_freedecomp Enter - MemInfo: [/proc/self/status]	VmLib:	  133788 kB
20220313 002355.423 INFO             PET0 PIOc_freedecomp Enter - MemInfo: [/proc/self/status]	VmPTE:	     544 kB
20220313 002355.423 INFO             PET0 PIOc_freedecomp Enter - MemInfo: [/proc/self/status]	VmPMD:	      12 kB
20220313 002355.423 INFO             PET0 PIOc_freedecomp Enter - MemInfo: [/proc/self/status]	VmSwap:	       0 kB
20220313 002355.423 INFO             PET0 PIOc_freedecomp Enter - MemInfo: [/proc/self/status]	VmRSSPercent: 0.110715 %
20220313 002355.423 INFO             PET0 PIOc_freedecomp Enter - MemInfo: [malloc] Non-mmapped space allocated:                51888128 Byte
20220313 002355.423 INFO             PET0 PIOc_freedecomp Enter - MemInfo: [malloc] Space allocated in mmapped regions:          2887680 Byte
20220313 002355.423 INFO             PET0 PIOc_freedecomp Enter - MemInfo: [malloc] Maximum total allocated space:                     0 Byte
20220313 002355.423 INFO             PET0 PIOc_freedecomp Enter - MemInfo: [malloc] Space in freed fastbin blocks:                   784 Byte
20220313 002355.423 INFO             PET0 PIOc_freedecomp Enter - MemInfo: [malloc] Total allocated space:                      28656864 Byte
20220313 002355.423 INFO             PET0 PIOc_freedecomp Enter - MemInfo: [malloc] Total free space:                           23231264 Byte
20220313 002355.423 INFO             PET0 PIOc_freedecomp Enter - MemInfo: [malloc] Top-most, releasable space:                  8520832 Byte
20220313 002355.423 INFO             PET0 PIOc_freedecomp Enter - MemInfo: [malloc] Total space in use, mmap + non-mmap:        31544544 Byte
20220313 002355.423 INFO             PET0 PIOc_freedecomp Enter - MemInfo: [malloc] Total space held (mmap + non-mmap):         54775808 Byte
20220313 002355.423 INFO             PET0 PIOc_freedecomp Enter - MemInfo: [malloc] Total space used (mmap + non-mmap):         31552752 Byte
20220313 002355.423 INFO             PET0 PIOc_freedecomp Enter - MemInfo: Wall-clock time since execution start:               0.200451 seconds
20220313 002355.423 INFO             PET0 PIOc_freedecomp Exit - MemInfo: [/proc/meminfo - SSI]	MemTotal:       65855856 kB
20220313 002355.423 INFO             PET0 PIOc_freedecomp Exit - MemInfo: [/proc/meminfo - SSI]	MemFree:        60960132 kB
20220313 002355.423 INFO             PET0 PIOc_freedecomp Exit - MemInfo: [/proc/meminfo - SSI]	MemAvailable:   60797472 kB
20220313 002355.423 INFO             PET0 PIOc_freedecomp Exit - MemInfo: [/proc/meminfo - SSI]	Committed_AS:    3314088 kB
20220313 002355.423 INFO             PET0 PIOc_freedecomp Exit - MemInfo: [/proc/meminfo - SSI]	CommittedPercent: 5.03234 %
20220313 002355.423 INFO             PET0 PIOc_freedecomp Exit - MemInfo: [/proc/self/status]	VmPeak:	  356696 kB
20220313 002355.423 INFO             PET0 PIOc_freedecomp Exit - MemInfo: [/proc/self/status]	VmSize:	  356672 kB
20220313 002355.423 INFO             PET0 PIOc_freedecomp Exit - MemInfo: [/proc/self/status]	VmLck:	       0 kB
20220313 002355.423 INFO             PET0 PIOc_freedecomp Exit - MemInfo: [/proc/self/status]	VmPin:	       0 kB
20220313 002355.423 INFO             PET0 PIOc_freedecomp Exit - MemInfo: [/proc/self/status]	VmHWM:	   72912 kB
20220313 002355.423 INFO             PET0 PIOc_freedecomp Exit - MemInfo: [/proc/self/status]	VmRSS:	   72912 kB
20220313 002355.423 INFO             PET0 PIOc_freedecomp Exit - MemInfo: [/proc/self/status]	VmData:	   78656 kB
20220313 002355.423 INFO             PET0 PIOc_freedecomp Exit - MemInfo: [/proc/self/status]	VmStk:	     508 kB
20220313 002355.423 INFO             PET0 PIOc_freedecomp Exit - MemInfo: [/proc/self/status]	VmExe:	    1836 kB
20220313 002355.423 INFO             PET0 PIOc_freedecomp Exit - MemInfo: [/proc/self/status]	VmLib:	  133788 kB
20220313 002355.423 INFO             PET0 PIOc_freedecomp Exit - MemInfo: [/proc/self/status]	VmPTE:	     544 kB
20220313 002355.423 INFO             PET0 PIOc_freedecomp Exit - MemInfo: [/proc/self/status]	VmPMD:	      12 kB
20220313 002355.423 INFO             PET0 PIOc_freedecomp Exit - MemInfo: [/proc/self/status]	VmSwap:	       0 kB
20220313 002355.423 INFO             PET0 PIOc_freedecomp Exit - MemInfo: [/proc/self/status]	VmRSSPercent: 0.110715 %
20220313 002355.423 INFO             PET0 PIOc_freedecomp Exit - MemInfo: [malloc] Non-mmapped space allocated:                51888128 Byte
20220313 002355.423 INFO             PET0 PIOc_freedecomp Exit - MemInfo: [malloc] Space allocated in mmapped regions:          2887680 Byte
20220313 002355.423 INFO             PET0 PIOc_freedecomp Exit - MemInfo: [malloc] Maximum total allocated space:                     0 Byte
20220313 002355.423 INFO             PET0 PIOc_freedecomp Exit - MemInfo: [malloc] Space in freed fastbin blocks:                   976 Byte
20220313 002355.423 INFO             PET0 PIOc_freedecomp Exit - MemInfo: [malloc] Total allocated space:                      28653824 Byte
20220313 002355.423 INFO             PET0 PIOc_freedecomp Exit - MemInfo: [malloc] Total free space:                           23234304 Byte
20220313 002355.423 INFO             PET0 PIOc_freedecomp Exit - MemInfo: [malloc] Top-most, releasable space:                  8520832 Byte
20220313 002355.423 INFO             PET0 PIOc_freedecomp Exit - MemInfo: [malloc] Total space in use, mmap + non-mmap:        31541504 Byte
20220313 002355.423 INFO             PET0 PIOc_freedecomp Exit - MemInfo: [malloc] Total space held (mmap + non-mmap):         54775808 Byte
20220313 002355.423 INFO             PET0 PIOc_freedecomp Exit - MemInfo: [malloc] Total space used (mmap + non-mmap):         31549712 Byte
20220313 002355.423 INFO             PET0 PIOc_freedecomp Exit - MemInfo: Wall-clock time since execution start:               0.200873 seconds
20220313 002355.425 INFO             PET0 PIOc_sync Enter - MemInfo: [/proc/meminfo - SSI]	MemTotal:       65855856 kB
20220313 002355.425 INFO             PET0 PIOc_sync Enter - MemInfo: [/proc/meminfo - SSI]	MemFree:        60960132 kB
20220313 002355.425 INFO             PET0 PIOc_sync Enter - MemInfo: [/proc/meminfo - SSI]	MemAvailable:   60797472 kB
20220313 002355.425 INFO             PET0 PIOc_sync Enter - MemInfo: [/proc/meminfo - SSI]	Committed_AS:    3314088 kB
20220313 002355.425 INFO             PET0 PIOc_sync Enter - MemInfo: [/proc/meminfo - SSI]	CommittedPercent: 5.03234 %
20220313 002355.425 INFO             PET0 PIOc_sync Enter - MemInfo: [/proc/self/status]	VmPeak:	  356696 kB
20220313 002355.425 INFO             PET0 PIOc_sync Enter - MemInfo: [/proc/self/status]	VmSize:	  356672 kB
20220313 002355.425 INFO             PET0 PIOc_sync Enter - MemInfo: [/proc/self/status]	VmLck:	       0 kB
20220313 002355.425 INFO             PET0 PIOc_sync Enter - MemInfo: [/proc/self/status]	VmPin:	       0 kB
20220313 002355.425 INFO             PET0 PIOc_sync Enter - MemInfo: [/proc/self/status]	VmHWM:	   72912 kB
20220313 002355.425 INFO             PET0 PIOc_sync Enter - MemInfo: [/proc/self/status]	VmRSS:	   72912 kB
20220313 002355.425 INFO             PET0 PIOc_sync Enter - MemInfo: [/proc/self/status]	VmData:	   78656 kB
20220313 002355.425 INFO             PET0 PIOc_sync Enter - MemInfo: [/proc/self/status]	VmStk:	     508 kB
20220313 002355.425 INFO             PET0 PIOc_sync Enter - MemInfo: [/proc/self/status]	VmExe:	    1836 kB
20220313 002355.425 INFO             PET0 PIOc_sync Enter - MemInfo: [/proc/self/status]	VmLib:	  133788 kB
20220313 002355.425 INFO             PET0 PIOc_sync Enter - MemInfo: [/proc/self/status]	VmPTE:	     544 kB
20220313 002355.425 INFO             PET0 PIOc_sync Enter - MemInfo: [/proc/self/status]	VmPMD:	      12 kB
20220313 002355.425 INFO             PET0 PIOc_sync Enter - MemInfo: [/proc/self/status]	VmSwap:	       0 kB
20220313 002355.425 INFO             PET0 PIOc_sync Enter - MemInfo: [/proc/self/status]	VmRSSPercent: 0.110715 %
20220313 002355.425 INFO             PET0 PIOc_sync Enter - MemInfo: [malloc] Non-mmapped space allocated:                51888128 Byte
20220313 002355.425 INFO             PET0 PIOc_sync Enter - MemInfo: [malloc] Space allocated in mmapped regions:          2887680 Byte
20220313 002355.425 INFO             PET0 PIOc_sync Enter - MemInfo: [malloc] Maximum total allocated space:                     0 Byte
20220313 002355.425 INFO             PET0 PIOc_sync Enter - MemInfo: [malloc] Space in freed fastbin blocks:                   416 Byte
20220313 002355.425 INFO             PET0 PIOc_sync Enter - MemInfo: [malloc] Total allocated space:                      37057968 Byte
20220313 002355.425 INFO             PET0 PIOc_sync Enter - MemInfo: [malloc] Total free space:                           14830160 Byte
20220313 002355.425 INFO             PET0 PIOc_sync Enter - MemInfo: [malloc] Top-most, releasable space:                  8520832 Byte
20220313 002355.425 INFO             PET0 PIOc_sync Enter - MemInfo: [malloc] Total space in use, mmap + non-mmap:        39945648 Byte
20220313 002355.425 INFO             PET0 PIOc_sync Enter - MemInfo: [malloc] Total space held (mmap + non-mmap):         54775808 Byte
20220313 002355.425 INFO             PET0 PIOc_sync Enter - MemInfo: [malloc] Total space used (mmap + non-mmap):         39953856 Byte
20220313 002355.425 INFO             PET0 PIOc_sync Enter - MemInfo: Wall-clock time since execution start:               0.202974 seconds
20220313 002355.426 INFO             PET0 PIOc_sync Exit - MemInfo: [/proc/meminfo - SSI]	MemTotal:       65855856 kB
20220313 002355.426 INFO             PET0 PIOc_sync Exit - MemInfo: [/proc/meminfo - SSI]	MemFree:        60960132 kB
20220313 002355.426 INFO             PET0 PIOc_sync Exit - MemInfo: [/proc/meminfo - SSI]	MemAvailable:   60797472 kB
20220313 002355.426 INFO             PET0 PIOc_sync Exit - MemInfo: [/proc/meminfo - SSI]	Committed_AS:    3314088 kB
20220313 002355.426 INFO             PET0 PIOc_sync Exit - MemInfo: [/proc/meminfo - SSI]	CommittedPercent: 5.03234 %
20220313 002355.426 INFO             PET0 PIOc_sync Exit - MemInfo: [/proc/self/status]	VmPeak:	  356696 kB
20220313 002355.426 INFO             PET0 PIOc_sync Exit - MemInfo: [/proc/self/status]	VmSize:	  356672 kB
20220313 002355.426 INFO             PET0 PIOc_sync Exit - MemInfo: [/proc/self/status]	VmLck:	       0 kB
20220313 002355.426 INFO             PET0 PIOc_sync Exit - MemInfo: [/proc/self/status]	VmPin:	       0 kB
20220313 002355.426 INFO             PET0 PIOc_sync Exit - MemInfo: [/proc/self/status]	VmHWM:	   72912 kB
20220313 002355.426 INFO             PET0 PIOc_sync Exit - MemInfo: [/proc/self/status]	VmRSS:	   72912 kB
20220313 002355.426 INFO             PET0 PIOc_sync Exit - MemInfo: [/proc/self/status]	VmData:	   78656 kB
20220313 002355.426 INFO             PET0 PIOc_sync Exit - MemInfo: [/proc/self/status]	VmStk:	     508 kB
20220313 002355.426 INFO             PET0 PIOc_sync Exit - MemInfo: [/proc/self/status]	VmExe:	    1836 kB
20220313 002355.426 INFO             PET0 PIOc_sync Exit - MemInfo: [/proc/self/status]	VmLib:	  133788 kB
20220313 002355.426 INFO             PET0 PIOc_sync Exit - MemInfo: [/proc/self/status]	VmPTE:	     544 kB
20220313 002355.426 INFO             PET0 PIOc_sync Exit - MemInfo: [/proc/self/status]	VmPMD:	      12 kB
20220313 002355.426 INFO             PET0 PIOc_sync Exit - MemInfo: [/proc/self/status]	VmSwap:	       0 kB
20220313 002355.426 INFO             PET0 PIOc_sync Exit - MemInfo: [/proc/self/status]	VmRSSPercent: 0.110715 %
20220313 002355.426 INFO             PET0 PIOc_sync Exit - MemInfo: [malloc] Non-mmapped space allocated:                51888128 Byte
20220313 002355.426 INFO             PET0 PIOc_sync Exit - MemInfo: [malloc] Space allocated in mmapped regions:          2887680 Byte
20220313 002355.426 INFO             PET0 PIOc_sync Exit - MemInfo: [malloc] Maximum total allocated space:                     0 Byte
20220313 002355.426 INFO             PET0 PIOc_sync Exit - MemInfo: [malloc] Space in freed fastbin blocks:                    96 Byte
20220313 002355.426 INFO             PET0 PIOc_sync Exit - MemInfo: [malloc] Total allocated space:                      37058928 Byte
20220313 002355.426 INFO             PET0 PIOc_sync Exit - MemInfo: [malloc] Total free space:                           14829200 Byte
20220313 002355.426 INFO             PET0 PIOc_sync Exit - MemInfo: [malloc] Top-most, releasable space:                  8520832 Byte
20220313 002355.426 INFO             PET0 PIOc_sync Exit - MemInfo: [malloc] Total space in use, mmap + non-mmap:        39946608 Byte
20220313 002355.426 INFO             PET0 PIOc_sync Exit - MemInfo: [malloc] Total space held (mmap + non-mmap):         54775808 Byte
20220313 002355.426 INFO             PET0 PIOc_sync Exit - MemInfo: [malloc] Total space used (mmap + non-mmap):         39954928 Byte
20220313 002355.426 INFO             PET0 PIOc_sync Exit - MemInfo: Wall-clock time since execution start:               0.203683 seconds
20220313 002355.426 INFO             PET0 PIOc_freedecomp Enter - MemInfo: [/proc/meminfo - SSI]	MemTotal:       65855856 kB
20220313 002355.426 INFO             PET0 PIOc_freedecomp Enter - MemInfo: [/proc/meminfo - SSI]	MemFree:        60959628 kB
20220313 002355.426 INFO             PET0 PIOc_freedecomp Enter - MemInfo: [/proc/meminfo - SSI]	MemAvailable:   60796968 kB
20220313 002355.426 INFO             PET0 PIOc_freedecomp Enter - MemInfo: [/proc/meminfo - SSI]	Committed_AS:    3314088 kB
20220313 002355.426 INFO             PET0 PIOc_freedecomp Enter - MemInfo: [/proc/meminfo - SSI]	CommittedPercent: 5.03234 %
20220313 002355.426 INFO             PET0 PIOc_freedecomp Enter - MemInfo: [/proc/self/status]	VmPeak:	  356696 kB
20220313 002355.426 INFO             PET0 PIOc_freedecomp Enter - MemInfo: [/proc/self/status]	VmSize:	  356672 kB
20220313 002355.426 INFO             PET0 PIOc_freedecomp Enter - MemInfo: [/proc/self/status]	VmLck:	       0 kB
20220313 002355.426 INFO             PET0 PIOc_freedecomp Enter - MemInfo: [/proc/self/status]	VmPin:	       0 kB
20220313 002355.426 INFO             PET0 PIOc_freedecomp Enter - MemInfo: [/proc/self/status]	VmHWM:	   72912 kB
20220313 002355.426 INFO             PET0 PIOc_freedecomp Enter - MemInfo: [/proc/self/status]	VmRSS:	   72912 kB
20220313 002355.426 INFO             PET0 PIOc_freedecomp Enter - MemInfo: [/proc/self/status]	VmData:	   78656 kB
20220313 002355.426 INFO             PET0 PIOc_freedecomp Enter - MemInfo: [/proc/self/status]	VmStk:	     508 kB
20220313 002355.426 INFO             PET0 PIOc_freedecomp Enter - MemInfo: [/proc/self/status]	VmExe:	    1836 kB
20220313 002355.426 INFO             PET0 PIOc_freedecomp Enter - MemInfo: [/proc/self/status]	VmLib:	  133788 kB
20220313 002355.426 INFO             PET0 PIOc_freedecomp Enter - MemInfo: [/proc/self/status]	VmPTE:	     544 kB
20220313 002355.426 INFO             PET0 PIOc_freedecomp Enter - MemInfo: [/proc/self/status]	VmPMD:	      12 kB
20220313 002355.426 INFO             PET0 PIOc_freedecomp Enter - MemInfo: [/proc/self/status]	VmSwap:	       0 kB
20220313 002355.426 INFO             PET0 PIOc_freedecomp Enter - MemInfo: [/proc/self/status]	VmRSSPercent: 0.110715 %
20220313 002355.426 INFO             PET0 PIOc_freedecomp Enter - MemInfo: [malloc] Non-mmapped space allocated:                51888128 Byte
20220313 002355.426 INFO             PET0 PIOc_freedecomp Enter - MemInfo: [malloc] Space allocated in mmapped regions:          2887680 Byte
20220313 002355.426 INFO             PET0 PIOc_freedecomp Enter - MemInfo: [malloc] Maximum total allocated space:                     0 Byte
20220313 002355.426 INFO             PET0 PIOc_freedecomp Enter - MemInfo: [malloc] Space in freed fastbin blocks:                   768 Byte
20220313 002355.427 INFO             PET0 PIOc_freedecomp Enter - MemInfo: [malloc] Total allocated space:                      28658224 Byte
20220313 002355.427 INFO             PET0 PIOc_freedecomp Enter - MemInfo: [malloc] Total free space:                           23229904 Byte
20220313 002355.427 INFO             PET0 PIOc_freedecomp Enter - MemInfo: [malloc] Top-most, releasable space:                  8520832 Byte
20220313 002355.427 INFO             PET0 PIOc_freedecomp Enter - MemInfo: [malloc] Total space in use, mmap + non-mmap:        31545904 Byte
20220313 002355.427 INFO             PET0 PIOc_freedecomp Enter - MemInfo: [malloc] Total space held (mmap + non-mmap):         54775808 Byte
20220313 002355.427 INFO             PET0 PIOc_freedecomp Enter - MemInfo: [malloc] Total space used (mmap + non-mmap):         31554112 Byte
20220313 002355.427 INFO             PET0 PIOc_freedecomp Enter - MemInfo: Wall-clock time since execution start:               0.204275 seconds
20220313 002355.427 INFO             PET0 PIOc_freedecomp Exit - MemInfo: [/proc/meminfo - SSI]	MemTotal:       65855856 kB
20220313 002355.427 INFO             PET0 PIOc_freedecomp Exit - MemInfo: [/proc/meminfo - SSI]	MemFree:        60959628 kB
20220313 002355.427 INFO             PET0 PIOc_freedecomp Exit - MemInfo: [/proc/meminfo - SSI]	MemAvailable:   60796968 kB
20220313 002355.427 INFO             PET0 PIOc_freedecomp Exit - MemInfo: [/proc/meminfo - SSI]	Committed_AS:    3314088 kB
20220313 002355.427 INFO             PET0 PIOc_freedecomp Exit - MemInfo: [/proc/meminfo - SSI]	CommittedPercent: 5.03234 %
20220313 002355.427 INFO             PET0 PIOc_freedecomp Exit - MemInfo: [/proc/self/status]	VmPeak:	  356696 kB
20220313 002355.427 INFO             PET0 PIOc_freedecomp Exit - MemInfo: [/proc/self/status]	VmSize:	  356672 kB
20220313 002355.427 INFO             PET0 PIOc_freedecomp Exit - MemInfo: [/proc/self/status]	VmLck:	       0 kB
20220313 002355.427 INFO             PET0 PIOc_freedecomp Exit - MemInfo: [/proc/self/status]	VmPin:	       0 kB
20220313 002355.427 INFO             PET0 PIOc_freedecomp Exit - MemInfo: [/proc/self/status]	VmHWM:	   72912 kB
20220313 002355.427 INFO             PET0 PIOc_freedecomp Exit - MemInfo: [/proc/self/status]	VmRSS:	   72912 kB
20220313 002355.427 INFO             PET0 PIOc_freedecomp Exit - MemInfo: [/proc/self/status]	VmData:	   78656 kB
20220313 002355.427 INFO             PET0 PIOc_freedecomp Exit - MemInfo: [/proc/self/status]	VmStk:	     508 kB
20220313 002355.427 INFO             PET0 PIOc_freedecomp Exit - MemInfo: [/proc/self/status]	VmExe:	    1836 kB
20220313 002355.427 INFO             PET0 PIOc_freedecomp Exit - MemInfo: [/proc/self/status]	VmLib:	  133788 kB
20220313 002355.427 INFO             PET0 PIOc_freedecomp Exit - MemInfo: [/proc/self/status]	VmPTE:	     544 kB
20220313 002355.427 INFO             PET0 PIOc_freedecomp Exit - MemInfo: [/proc/self/status]	VmPMD:	      12 kB
20220313 002355.427 INFO             PET0 PIOc_freedecomp Exit - MemInfo: [/proc/self/status]	VmSwap:	       0 kB
20220313 002355.427 INFO             PET0 PIOc_freedecomp Exit - MemInfo: [/proc/self/status]	VmRSSPercent: 0.110715 %
20220313 002355.427 INFO             PET0 PIOc_freedecomp Exit - MemInfo: [malloc] Non-mmapped space allocated:                51888128 Byte
20220313 002355.427 INFO             PET0 PIOc_freedecomp Exit - MemInfo: [malloc] Space allocated in mmapped regions:          2887680 Byte
20220313 002355.427 INFO             PET0 PIOc_freedecomp Exit - MemInfo: [malloc] Maximum total allocated space:                     0 Byte
20220313 002355.427 INFO             PET0 PIOc_freedecomp Exit - MemInfo: [malloc] Space in freed fastbin blocks:                   976 Byte
20220313 002355.427 INFO             PET0 PIOc_freedecomp Exit - MemInfo: [malloc] Total allocated space:                      28654352 Byte
20220313 002355.427 INFO             PET0 PIOc_freedecomp Exit - MemInfo: [malloc] Total free space:                           23233776 Byte
20220313 002355.427 INFO             PET0 PIOc_freedecomp Exit - MemInfo: [malloc] Top-most, releasable space:                  8520832 Byte
20220313 002355.427 INFO             PET0 PIOc_freedecomp Exit - MemInfo: [malloc] Total space in use, mmap + non-mmap:        31542032 Byte
20220313 002355.427 INFO             PET0 PIOc_freedecomp Exit - MemInfo: [malloc] Total space held (mmap + non-mmap):         54775808 Byte
20220313 002355.427 INFO             PET0 PIOc_freedecomp Exit - MemInfo: [malloc] Total space used (mmap + non-mmap):         31550240 Byte
20220313 002355.427 INFO             PET0 PIOc_freedecomp Exit - MemInfo: Wall-clock time since execution start:               0.204703 seconds
20220313 002355.429 INFO             PET0  PASS  ESMF_FieldRegridStoreFromFile Unit Test, ESMF_FieldSMMFromFileUTest.F90, line 315
20220313 002355.429 INFO             PET0  Ending Test, file ESMF_FieldSMMFromFileUTest.F90, line 322
20220313 002355.429 INFO             PET0 Finalizing ESMF
20220313 002355.247 INFO             PET1 !!!!!!!!!!!!!!!!!!!!!!!!!!!!!!!!!!!!!!!!!!!!!!!!!!!!!!
20220313 002355.247 INFO             PET1 !!! THE ESMF_LOG IS SET TO OUTPUT ALL LOG MESSAGES !!!
20220313 002355.247 INFO             PET1 !!!     THIS MAY CAUSE SLOWDOWN IN PERFORMANCE     !!!
20220313 002355.247 INFO             PET1 !!! FOR PRODUCTION RUNS, USE:                      !!!
20220313 002355.247 INFO             PET1 !!!                   ESMF_LOGKIND_Multi_On_Error  !!!
20220313 002355.247 INFO             PET1 !!!!!!!!!!!!!!!!!!!!!!!!!!!!!!!!!!!!!!!!!!!!!!!!!!!!!!
20220313 002355.247 INFO             PET1 Running with ESMF Version   : v8.3.0b09-96-g559b459836
20220313 002355.247 INFO             PET1 ESMF library build date/time: "Mar 13 2022" "00:01:08"
20220313 002355.247 INFO             PET1 ESMF library build location : /lustre/f2/dev/ncep/Mark.Potts/intel_2019.5_mpi_g_jedwards_pio_update2
20220313 002355.247 INFO             PET1 ESMF_COMM                   : mpi
20220313 002355.248 INFO             PET1 ESMF_MOAB                   : enabled
20220313 002355.248 INFO             PET1 ESMF_LAPACK                 : enabled
20220313 002355.248 INFO             PET1 ESMF_NETCDF                 : enabled
20220313 002355.248 INFO             PET1 ESMF_PNETCDF                : disabled
20220313 002355.248 INFO             PET1 ESMF_PIO                    : enabled
20220313 002355.248 INFO             PET1 ESMF_YAMLCPP                : enabled
20220313 002355.250 INFO             PET1  Beginning Test, file ESMF_FieldSMMFromFileUTest.F90, line 287
20220313 002355.250 INFO             PET1  NUMBER_OF_PROCESSORS           4
20220313 002355.389 INFO             PET1  PASS  ESMF_FieldSMMFromFile Unit Test, ESMF_FieldSMMFromFileUTest.F90, line 300
20220313 002355.417 INFO             PET1 PIOc_sync Enter - MemInfo: [/proc/meminfo - SSI]	MemTotal:       65855856 kB
20220313 002355.417 INFO             PET1 PIOc_sync Enter - MemInfo: [/proc/meminfo - SSI]	MemFree:        60960888 kB
20220313 002355.417 INFO             PET1 PIOc_sync Enter - MemInfo: [/proc/meminfo - SSI]	MemAvailable:   60798228 kB
20220313 002355.417 INFO             PET1 PIOc_sync Enter - MemInfo: [/proc/meminfo - SSI]	Committed_AS:    3314088 kB
20220313 002355.417 INFO             PET1 PIOc_sync Enter - MemInfo: [/proc/meminfo - SSI]	CommittedPercent: 5.03234 %
20220313 002355.417 INFO             PET1 PIOc_sync Enter - MemInfo: [/proc/self/status]	VmPeak:	  321916 kB
20220313 002355.417 INFO             PET1 PIOc_sync Enter - MemInfo: [/proc/self/status]	VmSize:	  321892 kB
20220313 002355.417 INFO             PET1 PIOc_sync Enter - MemInfo: [/proc/self/status]	VmLck:	       0 kB
20220313 002355.418 INFO             PET1 PIOc_sync Enter - MemInfo: [/proc/self/status]	VmPin:	       0 kB
20220313 002355.418 INFO             PET1 PIOc_sync Enter - MemInfo: [/proc/self/status]	VmHWM:	   54396 kB
20220313 002355.418 INFO             PET1 PIOc_sync Enter - MemInfo: [/proc/self/status]	VmRSS:	   54396 kB
20220313 002355.418 INFO             PET1 PIOc_sync Enter - MemInfo: [/proc/self/status]	VmData:	   50020 kB
20220313 002355.418 INFO             PET1 PIOc_sync Enter - MemInfo: [/proc/self/status]	VmStk:	     508 kB
20220313 002355.418 INFO             PET1 PIOc_sync Enter - MemInfo: [/proc/self/status]	VmExe:	    1836 kB
20220313 002355.418 INFO             PET1 PIOc_sync Enter - MemInfo: [/proc/self/status]	VmLib:	  133788 kB
20220313 002355.418 INFO             PET1 PIOc_sync Enter - MemInfo: [/proc/self/status]	VmPTE:	     496 kB
20220313 002355.418 INFO             PET1 PIOc_sync Enter - MemInfo: [/proc/self/status]	VmPMD:	      12 kB
20220313 002355.418 INFO             PET1 PIOc_sync Enter - MemInfo: [/proc/self/status]	VmSwap:	       0 kB
20220313 002355.418 INFO             PET1 PIOc_sync Enter - MemInfo: [/proc/self/status]	VmRSSPercent: 0.0825986 %
20220313 002355.418 INFO             PET1 PIOc_sync Enter - MemInfo: [malloc] Non-mmapped space allocated:                26759168 Byte
20220313 002355.418 INFO             PET1 PIOc_sync Enter - MemInfo: [malloc] Space allocated in mmapped regions:          2887680 Byte
20220313 002355.418 INFO             PET1 PIOc_sync Enter - MemInfo: [malloc] Maximum total allocated space:                     0 Byte
20220313 002355.418 INFO             PET1 PIOc_sync Enter - MemInfo: [malloc] Space in freed fastbin blocks:                    48 Byte
20220313 002355.418 INFO             PET1 PIOc_sync Enter - MemInfo: [malloc] Total allocated space:                      11527856 Byte
20220313 002355.418 INFO             PET1 PIOc_sync Enter - MemInfo: [malloc] Total free space:                           15231312 Byte
20220313 002355.418 INFO             PET1 PIOc_sync Enter - MemInfo: [malloc] Top-most, releasable space:                  8521440 Byte
20220313 002355.418 INFO             PET1 PIOc_sync Enter - MemInfo: [malloc] Total space in use, mmap + non-mmap:        14415536 Byte
20220313 002355.418 INFO             PET1 PIOc_sync Enter - MemInfo: [malloc] Total space held (mmap + non-mmap):         29646848 Byte
20220313 002355.418 INFO             PET1 PIOc_sync Enter - MemInfo: [malloc] Total space used (mmap + non-mmap):         14424336 Byte
20220313 002355.418 INFO             PET1 PIOc_sync Enter - MemInfo: Wall-clock time since execution start:               0.195582 seconds
20220313 002355.418 INFO             PET1 PIOc_sync Exit - MemInfo: [/proc/meminfo - SSI]	MemTotal:       65855856 kB
20220313 002355.418 INFO             PET1 PIOc_sync Exit - MemInfo: [/proc/meminfo - SSI]	MemFree:        60960132 kB
20220313 002355.418 INFO             PET1 PIOc_sync Exit - MemInfo: [/proc/meminfo - SSI]	MemAvailable:   60797472 kB
20220313 002355.418 INFO             PET1 PIOc_sync Exit - MemInfo: [/proc/meminfo - SSI]	Committed_AS:    3314088 kB
20220313 002355.418 INFO             PET1 PIOc_sync Exit - MemInfo: [/proc/meminfo - SSI]	CommittedPercent: 5.03234 %
20220313 002355.418 INFO             PET1 PIOc_sync Exit - MemInfo: [/proc/self/status]	VmPeak:	  321916 kB
20220313 002355.418 INFO             PET1 PIOc_sync Exit - MemInfo: [/proc/self/status]	VmSize:	  321892 kB
20220313 002355.418 INFO             PET1 PIOc_sync Exit - MemInfo: [/proc/self/status]	VmLck:	       0 kB
20220313 002355.418 INFO             PET1 PIOc_sync Exit - MemInfo: [/proc/self/status]	VmPin:	       0 kB
20220313 002355.418 INFO             PET1 PIOc_sync Exit - MemInfo: [/proc/self/status]	VmHWM:	   54396 kB
20220313 002355.418 INFO             PET1 PIOc_sync Exit - MemInfo: [/proc/self/status]	VmRSS:	   54396 kB
20220313 002355.418 INFO             PET1 PIOc_sync Exit - MemInfo: [/proc/self/status]	VmData:	   50020 kB
20220313 002355.418 INFO             PET1 PIOc_sync Exit - MemInfo: [/proc/self/status]	VmStk:	     508 kB
20220313 002355.418 INFO             PET1 PIOc_sync Exit - MemInfo: [/proc/self/status]	VmExe:	    1836 kB
20220313 002355.418 INFO             PET1 PIOc_sync Exit - MemInfo: [/proc/self/status]	VmLib:	  133788 kB
20220313 002355.418 INFO             PET1 PIOc_sync Exit - MemInfo: [/proc/self/status]	VmPTE:	     496 kB
20220313 002355.418 INFO             PET1 PIOc_sync Exit - MemInfo: [/proc/self/status]	VmPMD:	      12 kB
20220313 002355.418 INFO             PET1 PIOc_sync Exit - MemInfo: [/proc/self/status]	VmSwap:	       0 kB
20220313 002355.418 INFO             PET1 PIOc_sync Exit - MemInfo: [/proc/self/status]	VmRSSPercent: 0.0825986 %
20220313 002355.418 INFO             PET1 PIOc_sync Exit - MemInfo: [malloc] Non-mmapped space allocated:                26759168 Byte
20220313 002355.418 INFO             PET1 PIOc_sync Exit - MemInfo: [malloc] Space allocated in mmapped regions:          2887680 Byte
20220313 002355.418 INFO             PET1 PIOc_sync Exit - MemInfo: [malloc] Maximum total allocated space:                     0 Byte
20220313 002355.418 INFO             PET1 PIOc_sync Exit - MemInfo: [malloc] Space in freed fastbin blocks:                     0 Byte
20220313 002355.418 INFO             PET1 PIOc_sync Exit - MemInfo: [malloc] Total allocated space:                      11529248 Byte
20220313 002355.418 INFO             PET1 PIOc_sync Exit - MemInfo: [malloc] Total free space:                           15229920 Byte
20220313 002355.418 INFO             PET1 PIOc_sync Exit - MemInfo: [malloc] Top-most, releasable space:                  8521440 Byte
20220313 002355.419 INFO             PET1 PIOc_sync Exit - MemInfo: [malloc] Total space in use, mmap + non-mmap:        14416928 Byte
20220313 002355.419 INFO             PET1 PIOc_sync Exit - MemInfo: [malloc] Total space held (mmap + non-mmap):         29646848 Byte
20220313 002355.419 INFO             PET1 PIOc_sync Exit - MemInfo: [malloc] Total space used (mmap + non-mmap):         14425424 Byte
20220313 002355.419 INFO             PET1 PIOc_sync Exit - MemInfo: Wall-clock time since execution start:               0.196204 seconds
20220313 002355.419 INFO             PET1 PIOc_freedecomp Enter - MemInfo: [/proc/meminfo - SSI]	MemTotal:       65855856 kB
20220313 002355.419 INFO             PET1 PIOc_freedecomp Enter - MemInfo: [/proc/meminfo - SSI]	MemFree:        60960132 kB
20220313 002355.419 INFO             PET1 PIOc_freedecomp Enter - MemInfo: [/proc/meminfo - SSI]	MemAvailable:   60797472 kB
20220313 002355.419 INFO             PET1 PIOc_freedecomp Enter - MemInfo: [/proc/meminfo - SSI]	Committed_AS:    3314088 kB
20220313 002355.419 INFO             PET1 PIOc_freedecomp Enter - MemInfo: [/proc/meminfo - SSI]	CommittedPercent: 5.03234 %
20220313 002355.419 INFO             PET1 PIOc_freedecomp Enter - MemInfo: [/proc/self/status]	VmPeak:	  321916 kB
20220313 002355.419 INFO             PET1 PIOc_freedecomp Enter - MemInfo: [/proc/self/status]	VmSize:	  321892 kB
20220313 002355.419 INFO             PET1 PIOc_freedecomp Enter - MemInfo: [/proc/self/status]	VmLck:	       0 kB
20220313 002355.419 INFO             PET1 PIOc_freedecomp Enter - MemInfo: [/proc/self/status]	VmPin:	       0 kB
20220313 002355.419 INFO             PET1 PIOc_freedecomp Enter - MemInfo: [/proc/self/status]	VmHWM:	   54396 kB
20220313 002355.419 INFO             PET1 PIOc_freedecomp Enter - MemInfo: [/proc/self/status]	VmRSS:	   54396 kB
20220313 002355.419 INFO             PET1 PIOc_freedecomp Enter - MemInfo: [/proc/self/status]	VmData:	   50020 kB
20220313 002355.419 INFO             PET1 PIOc_freedecomp Enter - MemInfo: [/proc/self/status]	VmStk:	     508 kB
20220313 002355.419 INFO             PET1 PIOc_freedecomp Enter - MemInfo: [/proc/self/status]	VmExe:	    1836 kB
20220313 002355.419 INFO             PET1 PIOc_freedecomp Enter - MemInfo: [/proc/self/status]	VmLib:	  133788 kB
20220313 002355.419 INFO             PET1 PIOc_freedecomp Enter - MemInfo: [/proc/self/status]	VmPTE:	     496 kB
20220313 002355.419 INFO             PET1 PIOc_freedecomp Enter - MemInfo: [/proc/self/status]	VmPMD:	      12 kB
20220313 002355.419 INFO             PET1 PIOc_freedecomp Enter - MemInfo: [/proc/self/status]	VmSwap:	       0 kB
20220313 002355.419 INFO             PET1 PIOc_freedecomp Enter - MemInfo: [/proc/self/status]	VmRSSPercent: 0.0825986 %
20220313 002355.419 INFO             PET1 PIOc_freedecomp Enter - MemInfo: [malloc] Non-mmapped space allocated:                26759168 Byte
20220313 002355.419 INFO             PET1 PIOc_freedecomp Enter - MemInfo: [malloc] Space allocated in mmapped regions:          2887680 Byte
20220313 002355.419 INFO             PET1 PIOc_freedecomp Enter - MemInfo: [malloc] Maximum total allocated space:                     0 Byte
20220313 002355.419 INFO             PET1 PIOc_freedecomp Enter - MemInfo: [malloc] Space in freed fastbin blocks:                    96 Byte
20220313 002355.419 INFO             PET1 PIOc_freedecomp Enter - MemInfo: [malloc] Total allocated space:                      11529712 Byte
20220313 002355.419 INFO             PET1 PIOc_freedecomp Enter - MemInfo: [malloc] Total free space:                           15229456 Byte
20220313 002355.419 INFO             PET1 PIOc_freedecomp Enter - MemInfo: [malloc] Top-most, releasable space:                  8521440 Byte
20220313 002355.419 INFO             PET1 PIOc_freedecomp Enter - MemInfo: [malloc] Total space in use, mmap + non-mmap:        14417392 Byte
20220313 002355.419 INFO             PET1 PIOc_freedecomp Enter - MemInfo: [malloc] Total space held (mmap + non-mmap):         29646848 Byte
20220313 002355.419 INFO             PET1 PIOc_freedecomp Enter - MemInfo: [malloc] Total space used (mmap + non-mmap):         14425888 Byte
20220313 002355.419 INFO             PET1 PIOc_freedecomp Enter - MemInfo: Wall-clock time since execution start:               0.196807 seconds
20220313 002355.419 INFO             PET1 PIOc_freedecomp Exit - MemInfo: [/proc/meminfo - SSI]	MemTotal:       65855856 kB
20220313 002355.419 INFO             PET1 PIOc_freedecomp Exit - MemInfo: [/proc/meminfo - SSI]	MemFree:        60960132 kB
20220313 002355.419 INFO             PET1 PIOc_freedecomp Exit - MemInfo: [/proc/meminfo - SSI]	MemAvailable:   60797472 kB
20220313 002355.419 INFO             PET1 PIOc_freedecomp Exit - MemInfo: [/proc/meminfo - SSI]	Committed_AS:    3314088 kB
20220313 002355.419 INFO             PET1 PIOc_freedecomp Exit - MemInfo: [/proc/meminfo - SSI]	CommittedPercent: 5.03234 %
20220313 002355.419 INFO             PET1 PIOc_freedecomp Exit - MemInfo: [/proc/self/status]	VmPeak:	  321916 kB
20220313 002355.419 INFO             PET1 PIOc_freedecomp Exit - MemInfo: [/proc/self/status]	VmSize:	  321892 kB
20220313 002355.419 INFO             PET1 PIOc_freedecomp Exit - MemInfo: [/proc/self/status]	VmLck:	       0 kB
20220313 002355.419 INFO             PET1 PIOc_freedecomp Exit - MemInfo: [/proc/self/status]	VmPin:	       0 kB
20220313 002355.419 INFO             PET1 PIOc_freedecomp Exit - MemInfo: [/proc/self/status]	VmHWM:	   54396 kB
20220313 002355.419 INFO             PET1 PIOc_freedecomp Exit - MemInfo: [/proc/self/status]	VmRSS:	   54396 kB
20220313 002355.419 INFO             PET1 PIOc_freedecomp Exit - MemInfo: [/proc/self/status]	VmData:	   50020 kB
20220313 002355.419 INFO             PET1 PIOc_freedecomp Exit - MemInfo: [/proc/self/status]	VmStk:	     508 kB
20220313 002355.419 INFO             PET1 PIOc_freedecomp Exit - MemInfo: [/proc/self/status]	VmExe:	    1836 kB
20220313 002355.419 INFO             PET1 PIOc_freedecomp Exit - MemInfo: [/proc/self/status]	VmLib:	  133788 kB
20220313 002355.419 INFO             PET1 PIOc_freedecomp Exit - MemInfo: [/proc/self/status]	VmPTE:	     496 kB
20220313 002355.419 INFO             PET1 PIOc_freedecomp Exit - MemInfo: [/proc/self/status]	VmPMD:	      12 kB
20220313 002355.419 INFO             PET1 PIOc_freedecomp Exit - MemInfo: [/proc/self/status]	VmSwap:	       0 kB
20220313 002355.420 INFO             PET1 PIOc_freedecomp Exit - MemInfo: [/proc/self/status]	VmRSSPercent: 0.0825986 %
20220313 002355.420 INFO             PET1 PIOc_freedecomp Exit - MemInfo: [malloc] Non-mmapped space allocated:                26759168 Byte
20220313 002355.420 INFO             PET1 PIOc_freedecomp Exit - MemInfo: [malloc] Space allocated in mmapped regions:          2887680 Byte
20220313 002355.420 INFO             PET1 PIOc_freedecomp Exit - MemInfo: [malloc] Maximum total allocated space:                     0 Byte
20220313 002355.420 INFO             PET1 PIOc_freedecomp Exit - MemInfo: [malloc] Space in freed fastbin blocks:                   224 Byte
20220313 002355.420 INFO             PET1 PIOc_freedecomp Exit - MemInfo: [malloc] Total allocated space:                      11529280 Byte
20220313 002355.420 INFO             PET1 PIOc_freedecomp Exit - MemInfo: [malloc] Total free space:                           15229888 Byte
20220313 002355.420 INFO             PET1 PIOc_freedecomp Exit - MemInfo: [malloc] Top-most, releasable space:                  8521440 Byte
20220313 002355.420 INFO             PET1 PIOc_freedecomp Exit - MemInfo: [malloc] Total space in use, mmap + non-mmap:        14416960 Byte
20220313 002355.420 INFO             PET1 PIOc_freedecomp Exit - MemInfo: [malloc] Total space held (mmap + non-mmap):         29646848 Byte
20220313 002355.420 INFO             PET1 PIOc_freedecomp Exit - MemInfo: [malloc] Total space used (mmap + non-mmap):         14425392 Byte
20220313 002355.420 INFO             PET1 PIOc_freedecomp Exit - MemInfo: Wall-clock time since execution start:               0.197339 seconds
20220313 002355.421 INFO             PET1 PIOc_sync Enter - MemInfo: [/proc/meminfo - SSI]	MemTotal:       65855856 kB
20220313 002355.421 INFO             PET1 PIOc_sync Enter - MemInfo: [/proc/meminfo - SSI]	MemFree:        60960132 kB
20220313 002355.421 INFO             PET1 PIOc_sync Enter - MemInfo: [/proc/meminfo - SSI]	MemAvailable:   60797472 kB
20220313 002355.421 INFO             PET1 PIOc_sync Enter - MemInfo: [/proc/meminfo - SSI]	Committed_AS:    3314088 kB
20220313 002355.421 INFO             PET1 PIOc_sync Enter - MemInfo: [/proc/meminfo - SSI]	CommittedPercent: 5.03234 %
20220313 002355.421 INFO             PET1 PIOc_sync Enter - MemInfo: [/proc/self/status]	VmPeak:	  321916 kB
20220313 002355.421 INFO             PET1 PIOc_sync Enter - MemInfo: [/proc/self/status]	VmSize:	  321892 kB
20220313 002355.421 INFO             PET1 PIOc_sync Enter - MemInfo: [/proc/self/status]	VmLck:	       0 kB
20220313 002355.421 INFO             PET1 PIOc_sync Enter - MemInfo: [/proc/self/status]	VmPin:	       0 kB
20220313 002355.421 INFO             PET1 PIOc_sync Enter - MemInfo: [/proc/self/status]	VmHWM:	   54396 kB
20220313 002355.421 INFO             PET1 PIOc_sync Enter - MemInfo: [/proc/self/status]	VmRSS:	   54396 kB
20220313 002355.421 INFO             PET1 PIOc_sync Enter - MemInfo: [/proc/self/status]	VmData:	   50020 kB
20220313 002355.421 INFO             PET1 PIOc_sync Enter - MemInfo: [/proc/self/status]	VmStk:	     508 kB
20220313 002355.421 INFO             PET1 PIOc_sync Enter - MemInfo: [/proc/self/status]	VmExe:	    1836 kB
20220313 002355.421 INFO             PET1 PIOc_sync Enter - MemInfo: [/proc/self/status]	VmLib:	  133788 kB
20220313 002355.421 INFO             PET1 PIOc_sync Enter - MemInfo: [/proc/self/status]	VmPTE:	     496 kB
20220313 002355.421 INFO             PET1 PIOc_sync Enter - MemInfo: [/proc/self/status]	VmPMD:	      12 kB
20220313 002355.421 INFO             PET1 PIOc_sync Enter - MemInfo: [/proc/self/status]	VmSwap:	       0 kB
20220313 002355.421 INFO             PET1 PIOc_sync Enter - MemInfo: [/proc/self/status]	VmRSSPercent: 0.0825986 %
20220313 002355.421 INFO             PET1 PIOc_sync Enter - MemInfo: [malloc] Non-mmapped space allocated:                26759168 Byte
20220313 002355.422 INFO             PET1 PIOc_sync Enter - MemInfo: [malloc] Space allocated in mmapped regions:          2887680 Byte
20220313 002355.422 INFO             PET1 PIOc_sync Enter - MemInfo: [malloc] Maximum total allocated space:                     0 Byte
20220313 002355.422 INFO             PET1 PIOc_sync Enter - MemInfo: [malloc] Space in freed fastbin blocks:                    80 Byte
20220313 002355.422 INFO             PET1 PIOc_sync Enter - MemInfo: [malloc] Total allocated space:                      11531760 Byte
20220313 002355.422 INFO             PET1 PIOc_sync Enter - MemInfo: [malloc] Total free space:                           15227408 Byte
20220313 002355.422 INFO             PET1 PIOc_sync Enter - MemInfo: [malloc] Top-most, releasable space:                  8521440 Byte
20220313 002355.422 INFO             PET1 PIOc_sync Enter - MemInfo: [malloc] Total space in use, mmap + non-mmap:        14419440 Byte
20220313 002355.422 INFO             PET1 PIOc_sync Enter - MemInfo: [malloc] Total space held (mmap + non-mmap):         29646848 Byte
20220313 002355.422 INFO             PET1 PIOc_sync Enter - MemInfo: [malloc] Total space used (mmap + non-mmap):         14427648 Byte
20220313 002355.422 INFO             PET1 PIOc_sync Enter - MemInfo: Wall-clock time since execution start:               0.199309 seconds
20220313 002355.422 INFO             PET1 PIOc_sync Exit - MemInfo: [/proc/meminfo - SSI]	MemTotal:       65855856 kB
20220313 002355.422 INFO             PET1 PIOc_sync Exit - MemInfo: [/proc/meminfo - SSI]	MemFree:        60960132 kB
20220313 002355.422 INFO             PET1 PIOc_sync Exit - MemInfo: [/proc/meminfo - SSI]	MemAvailable:   60797472 kB
20220313 002355.422 INFO             PET1 PIOc_sync Exit - MemInfo: [/proc/meminfo - SSI]	Committed_AS:    3314088 kB
20220313 002355.422 INFO             PET1 PIOc_sync Exit - MemInfo: [/proc/meminfo - SSI]	CommittedPercent: 5.03234 %
20220313 002355.422 INFO             PET1 PIOc_sync Exit - MemInfo: [/proc/self/status]	VmPeak:	  321916 kB
20220313 002355.422 INFO             PET1 PIOc_sync Exit - MemInfo: [/proc/self/status]	VmSize:	  321892 kB
20220313 002355.422 INFO             PET1 PIOc_sync Exit - MemInfo: [/proc/self/status]	VmLck:	       0 kB
20220313 002355.422 INFO             PET1 PIOc_sync Exit - MemInfo: [/proc/self/status]	VmPin:	       0 kB
20220313 002355.422 INFO             PET1 PIOc_sync Exit - MemInfo: [/proc/self/status]	VmHWM:	   54396 kB
20220313 002355.422 INFO             PET1 PIOc_sync Exit - MemInfo: [/proc/self/status]	VmRSS:	   54396 kB
20220313 002355.422 INFO             PET1 PIOc_sync Exit - MemInfo: [/proc/self/status]	VmData:	   50020 kB
20220313 002355.422 INFO             PET1 PIOc_sync Exit - MemInfo: [/proc/self/status]	VmStk:	     508 kB
20220313 002355.422 INFO             PET1 PIOc_sync Exit - MemInfo: [/proc/self/status]	VmExe:	    1836 kB
20220313 002355.422 INFO             PET1 PIOc_sync Exit - MemInfo: [/proc/self/status]	VmLib:	  133788 kB
20220313 002355.422 INFO             PET1 PIOc_sync Exit - MemInfo: [/proc/self/status]	VmPTE:	     500 kB
20220313 002355.422 INFO             PET1 PIOc_sync Exit - MemInfo: [/proc/self/status]	VmPMD:	      12 kB
20220313 002355.422 INFO             PET1 PIOc_sync Exit - MemInfo: [/proc/self/status]	VmSwap:	       0 kB
20220313 002355.422 INFO             PET1 PIOc_sync Exit - MemInfo: [/proc/self/status]	VmRSSPercent: 0.0825986 %
20220313 002355.422 INFO             PET1 PIOc_sync Exit - MemInfo: [malloc] Non-mmapped space allocated:                26759168 Byte
20220313 002355.422 INFO             PET1 PIOc_sync Exit - MemInfo: [malloc] Space allocated in mmapped regions:          2887680 Byte
20220313 002355.422 INFO             PET1 PIOc_sync Exit - MemInfo: [malloc] Maximum total allocated space:                     0 Byte
20220313 002355.422 INFO             PET1 PIOc_sync Exit - MemInfo: [malloc] Space in freed fastbin blocks:                     0 Byte
20220313 002355.422 INFO             PET1 PIOc_sync Exit - MemInfo: [malloc] Total allocated space:                      11531760 Byte
20220313 002355.422 INFO             PET1 PIOc_sync Exit - MemInfo: [malloc] Total free space:                           15227408 Byte
20220313 002355.422 INFO             PET1 PIOc_sync Exit - MemInfo: [malloc] Top-most, releasable space:                  8521440 Byte
20220313 002355.422 INFO             PET1 PIOc_sync Exit - MemInfo: [malloc] Total space in use, mmap + non-mmap:        14419440 Byte
20220313 002355.422 INFO             PET1 PIOc_sync Exit - MemInfo: [malloc] Total space held (mmap + non-mmap):         29646848 Byte
20220313 002355.422 INFO             PET1 PIOc_sync Exit - MemInfo: [malloc] Total space used (mmap + non-mmap):         14427648 Byte
20220313 002355.422 INFO             PET1 PIOc_sync Exit - MemInfo: Wall-clock time since execution start:               0.199914 seconds
20220313 002355.422 INFO             PET1 PIOc_freedecomp Enter - MemInfo: [/proc/meminfo - SSI]	MemTotal:       65855856 kB
20220313 002355.422 INFO             PET1 PIOc_freedecomp Enter - MemInfo: [/proc/meminfo - SSI]	MemFree:        60960132 kB
20220313 002355.422 INFO             PET1 PIOc_freedecomp Enter - MemInfo: [/proc/meminfo - SSI]	MemAvailable:   60797472 kB
20220313 002355.422 INFO             PET1 PIOc_freedecomp Enter - MemInfo: [/proc/meminfo - SSI]	Committed_AS:    3314088 kB
20220313 002355.422 INFO             PET1 PIOc_freedecomp Enter - MemInfo: [/proc/meminfo - SSI]	CommittedPercent: 5.03234 %
20220313 002355.422 INFO             PET1 PIOc_freedecomp Enter - MemInfo: [/proc/self/status]	VmPeak:	  321916 kB
20220313 002355.422 INFO             PET1 PIOc_freedecomp Enter - MemInfo: [/proc/self/status]	VmSize:	  321892 kB
20220313 002355.423 INFO             PET1 PIOc_freedecomp Enter - MemInfo: [/proc/self/status]	VmLck:	       0 kB
20220313 002355.423 INFO             PET1 PIOc_freedecomp Enter - MemInfo: [/proc/self/status]	VmPin:	       0 kB
20220313 002355.423 INFO             PET1 PIOc_freedecomp Enter - MemInfo: [/proc/self/status]	VmHWM:	   54396 kB
20220313 002355.423 INFO             PET1 PIOc_freedecomp Enter - MemInfo: [/proc/self/status]	VmRSS:	   54396 kB
20220313 002355.423 INFO             PET1 PIOc_freedecomp Enter - MemInfo: [/proc/self/status]	VmData:	   50020 kB
20220313 002355.423 INFO             PET1 PIOc_freedecomp Enter - MemInfo: [/proc/self/status]	VmStk:	     508 kB
20220313 002355.423 INFO             PET1 PIOc_freedecomp Enter - MemInfo: [/proc/self/status]	VmExe:	    1836 kB
20220313 002355.423 INFO             PET1 PIOc_freedecomp Enter - MemInfo: [/proc/self/status]	VmLib:	  133788 kB
20220313 002355.423 INFO             PET1 PIOc_freedecomp Enter - MemInfo: [/proc/self/status]	VmPTE:	     500 kB
20220313 002355.423 INFO             PET1 PIOc_freedecomp Enter - MemInfo: [/proc/self/status]	VmPMD:	      12 kB
20220313 002355.423 INFO             PET1 PIOc_freedecomp Enter - MemInfo: [/proc/self/status]	VmSwap:	       0 kB
20220313 002355.423 INFO             PET1 PIOc_freedecomp Enter - MemInfo: [/proc/self/status]	VmRSSPercent: 0.0825986 %
20220313 002355.423 INFO             PET1 PIOc_freedecomp Enter - MemInfo: [malloc] Non-mmapped space allocated:                26759168 Byte
20220313 002355.423 INFO             PET1 PIOc_freedecomp Enter - MemInfo: [malloc] Space allocated in mmapped regions:          2887680 Byte
20220313 002355.423 INFO             PET1 PIOc_freedecomp Enter - MemInfo: [malloc] Maximum total allocated space:                     0 Byte
20220313 002355.423 INFO             PET1 PIOc_freedecomp Enter - MemInfo: [malloc] Space in freed fastbin blocks:                     0 Byte
20220313 002355.423 INFO             PET1 PIOc_freedecomp Enter - MemInfo: [malloc] Total allocated space:                      11531328 Byte
20220313 002355.423 INFO             PET1 PIOc_freedecomp Enter - MemInfo: [malloc] Total free space:                           15227840 Byte
20220313 002355.423 INFO             PET1 PIOc_freedecomp Enter - MemInfo: [malloc] Top-most, releasable space:                  8521440 Byte
20220313 002355.423 INFO             PET1 PIOc_freedecomp Enter - MemInfo: [malloc] Total space in use, mmap + non-mmap:        14419008 Byte
20220313 002355.423 INFO             PET1 PIOc_freedecomp Enter - MemInfo: [malloc] Total space held (mmap + non-mmap):         29646848 Byte
20220313 002355.423 INFO             PET1 PIOc_freedecomp Enter - MemInfo: [malloc] Total space used (mmap + non-mmap):         14427216 Byte
20220313 002355.423 INFO             PET1 PIOc_freedecomp Enter - MemInfo: Wall-clock time since execution start:               0.200496 seconds
20220313 002355.423 INFO             PET1 PIOc_freedecomp Exit - MemInfo: [/proc/meminfo - SSI]	MemTotal:       65855856 kB
20220313 002355.423 INFO             PET1 PIOc_freedecomp Exit - MemInfo: [/proc/meminfo - SSI]	MemFree:        60960132 kB
20220313 002355.423 INFO             PET1 PIOc_freedecomp Exit - MemInfo: [/proc/meminfo - SSI]	MemAvailable:   60797472 kB
20220313 002355.423 INFO             PET1 PIOc_freedecomp Exit - MemInfo: [/proc/meminfo - SSI]	Committed_AS:    3314088 kB
20220313 002355.423 INFO             PET1 PIOc_freedecomp Exit - MemInfo: [/proc/meminfo - SSI]	CommittedPercent: 5.03234 %
20220313 002355.423 INFO             PET1 PIOc_freedecomp Exit - MemInfo: [/proc/self/status]	VmPeak:	  321916 kB
20220313 002355.423 INFO             PET1 PIOc_freedecomp Exit - MemInfo: [/proc/self/status]	VmSize:	  321892 kB
20220313 002355.423 INFO             PET1 PIOc_freedecomp Exit - MemInfo: [/proc/self/status]	VmLck:	       0 kB
20220313 002355.423 INFO             PET1 PIOc_freedecomp Exit - MemInfo: [/proc/self/status]	VmPin:	       0 kB
20220313 002355.423 INFO             PET1 PIOc_freedecomp Exit - MemInfo: [/proc/self/status]	VmHWM:	   54396 kB
20220313 002355.423 INFO             PET1 PIOc_freedecomp Exit - MemInfo: [/proc/self/status]	VmRSS:	   54396 kB
20220313 002355.423 INFO             PET1 PIOc_freedecomp Exit - MemInfo: [/proc/self/status]	VmData:	   50020 kB
20220313 002355.423 INFO             PET1 PIOc_freedecomp Exit - MemInfo: [/proc/self/status]	VmStk:	     508 kB
20220313 002355.423 INFO             PET1 PIOc_freedecomp Exit - MemInfo: [/proc/self/status]	VmExe:	    1836 kB
20220313 002355.423 INFO             PET1 PIOc_freedecomp Exit - MemInfo: [/proc/self/status]	VmLib:	  133788 kB
20220313 002355.423 INFO             PET1 PIOc_freedecomp Exit - MemInfo: [/proc/self/status]	VmPTE:	     500 kB
20220313 002355.423 INFO             PET1 PIOc_freedecomp Exit - MemInfo: [/proc/self/status]	VmPMD:	      12 kB
20220313 002355.423 INFO             PET1 PIOc_freedecomp Exit - MemInfo: [/proc/self/status]	VmSwap:	       0 kB
20220313 002355.423 INFO             PET1 PIOc_freedecomp Exit - MemInfo: [/proc/self/status]	VmRSSPercent: 0.0825986 %
20220313 002355.423 INFO             PET1 PIOc_freedecomp Exit - MemInfo: [malloc] Non-mmapped space allocated:                26759168 Byte
20220313 002355.423 INFO             PET1 PIOc_freedecomp Exit - MemInfo: [malloc] Space allocated in mmapped regions:          2887680 Byte
20220313 002355.423 INFO             PET1 PIOc_freedecomp Exit - MemInfo: [malloc] Maximum total allocated space:                     0 Byte
20220313 002355.423 INFO             PET1 PIOc_freedecomp Exit - MemInfo: [malloc] Space in freed fastbin blocks:                   384 Byte
20220313 002355.423 INFO             PET1 PIOc_freedecomp Exit - MemInfo: [malloc] Total allocated space:                      11530416 Byte
20220313 002355.423 INFO             PET1 PIOc_freedecomp Exit - MemInfo: [malloc] Total free space:                           15228752 Byte
20220313 002355.423 INFO             PET1 PIOc_freedecomp Exit - MemInfo: [malloc] Top-most, releasable space:                  8521440 Byte
20220313 002355.423 INFO             PET1 PIOc_freedecomp Exit - MemInfo: [malloc] Total space in use, mmap + non-mmap:        14418096 Byte
20220313 002355.423 INFO             PET1 PIOc_freedecomp Exit - MemInfo: [malloc] Total space held (mmap + non-mmap):         29646848 Byte
20220313 002355.423 INFO             PET1 PIOc_freedecomp Exit - MemInfo: [malloc] Total space used (mmap + non-mmap):         14426304 Byte
20220313 002355.423 INFO             PET1 PIOc_freedecomp Exit - MemInfo: Wall-clock time since execution start:               0.201029 seconds
20220313 002355.425 INFO             PET1 PIOc_sync Enter - MemInfo: [/proc/meminfo - SSI]	MemTotal:       65855856 kB
20220313 002355.425 INFO             PET1 PIOc_sync Enter - MemInfo: [/proc/meminfo - SSI]	MemFree:        60960132 kB
20220313 002355.425 INFO             PET1 PIOc_sync Enter - MemInfo: [/proc/meminfo - SSI]	MemAvailable:   60797472 kB
20220313 002355.425 INFO             PET1 PIOc_sync Enter - MemInfo: [/proc/meminfo - SSI]	Committed_AS:    3314088 kB
20220313 002355.425 INFO             PET1 PIOc_sync Enter - MemInfo: [/proc/meminfo - SSI]	CommittedPercent: 5.03234 %
20220313 002355.425 INFO             PET1 PIOc_sync Enter - MemInfo: [/proc/self/status]	VmPeak:	  321916 kB
20220313 002355.425 INFO             PET1 PIOc_sync Enter - MemInfo: [/proc/self/status]	VmSize:	  321892 kB
20220313 002355.425 INFO             PET1 PIOc_sync Enter - MemInfo: [/proc/self/status]	VmLck:	       0 kB
20220313 002355.425 INFO             PET1 PIOc_sync Enter - MemInfo: [/proc/self/status]	VmPin:	       0 kB
20220313 002355.425 INFO             PET1 PIOc_sync Enter - MemInfo: [/proc/self/status]	VmHWM:	   54396 kB
20220313 002355.425 INFO             PET1 PIOc_sync Enter - MemInfo: [/proc/self/status]	VmRSS:	   54396 kB
20220313 002355.425 INFO             PET1 PIOc_sync Enter - MemInfo: [/proc/self/status]	VmData:	   50020 kB
20220313 002355.425 INFO             PET1 PIOc_sync Enter - MemInfo: [/proc/self/status]	VmStk:	     508 kB
20220313 002355.425 INFO             PET1 PIOc_sync Enter - MemInfo: [/proc/self/status]	VmExe:	    1836 kB
20220313 002355.425 INFO             PET1 PIOc_sync Enter - MemInfo: [/proc/self/status]	VmLib:	  133788 kB
20220313 002355.425 INFO             PET1 PIOc_sync Enter - MemInfo: [/proc/self/status]	VmPTE:	     500 kB
20220313 002355.425 INFO             PET1 PIOc_sync Enter - MemInfo: [/proc/self/status]	VmPMD:	      12 kB
20220313 002355.425 INFO             PET1 PIOc_sync Enter - MemInfo: [/proc/self/status]	VmSwap:	       0 kB
20220313 002355.425 INFO             PET1 PIOc_sync Enter - MemInfo: [/proc/self/status]	VmRSSPercent: 0.0825986 %
20220313 002355.425 INFO             PET1 PIOc_sync Enter - MemInfo: [malloc] Non-mmapped space allocated:                26759168 Byte
20220313 002355.425 INFO             PET1 PIOc_sync Enter - MemInfo: [malloc] Space allocated in mmapped regions:          2887680 Byte
20220313 002355.425 INFO             PET1 PIOc_sync Enter - MemInfo: [malloc] Maximum total allocated space:                     0 Byte
20220313 002355.425 INFO             PET1 PIOc_sync Enter - MemInfo: [malloc] Space in freed fastbin blocks:                    80 Byte
20220313 002355.425 INFO             PET1 PIOc_sync Enter - MemInfo: [malloc] Total allocated space:                      11532112 Byte
20220313 002355.425 INFO             PET1 PIOc_sync Enter - MemInfo: [malloc] Total free space:                           15227056 Byte
20220313 002355.425 INFO             PET1 PIOc_sync Enter - MemInfo: [malloc] Top-most, releasable space:                  8521440 Byte
20220313 002355.425 INFO             PET1 PIOc_sync Enter - MemInfo: [malloc] Total space in use, mmap + non-mmap:        14419792 Byte
20220313 002355.425 INFO             PET1 PIOc_sync Enter - MemInfo: [malloc] Total space held (mmap + non-mmap):         29646848 Byte
20220313 002355.425 INFO             PET1 PIOc_sync Enter - MemInfo: [malloc] Total space used (mmap + non-mmap):         14428000 Byte
20220313 002355.425 INFO             PET1 PIOc_sync Enter - MemInfo: Wall-clock time since execution start:               0.203057 seconds
20220313 002355.426 INFO             PET1 PIOc_sync Exit - MemInfo: [/proc/meminfo - SSI]	MemTotal:       65855856 kB
20220313 002355.426 INFO             PET1 PIOc_sync Exit - MemInfo: [/proc/meminfo - SSI]	MemFree:        60960132 kB
20220313 002355.426 INFO             PET1 PIOc_sync Exit - MemInfo: [/proc/meminfo - SSI]	MemAvailable:   60797472 kB
20220313 002355.426 INFO             PET1 PIOc_sync Exit - MemInfo: [/proc/meminfo - SSI]	Committed_AS:    3314088 kB
20220313 002355.426 INFO             PET1 PIOc_sync Exit - MemInfo: [/proc/meminfo - SSI]	CommittedPercent: 5.03234 %
20220313 002355.426 INFO             PET1 PIOc_sync Exit - MemInfo: [/proc/self/status]	VmPeak:	  321916 kB
20220313 002355.426 INFO             PET1 PIOc_sync Exit - MemInfo: [/proc/self/status]	VmSize:	  321892 kB
20220313 002355.426 INFO             PET1 PIOc_sync Exit - MemInfo: [/proc/self/status]	VmLck:	       0 kB
20220313 002355.426 INFO             PET1 PIOc_sync Exit - MemInfo: [/proc/self/status]	VmPin:	       0 kB
20220313 002355.426 INFO             PET1 PIOc_sync Exit - MemInfo: [/proc/self/status]	VmHWM:	   54396 kB
20220313 002355.426 INFO             PET1 PIOc_sync Exit - MemInfo: [/proc/self/status]	VmRSS:	   54396 kB
20220313 002355.426 INFO             PET1 PIOc_sync Exit - MemInfo: [/proc/self/status]	VmData:	   50020 kB
20220313 002355.426 INFO             PET1 PIOc_sync Exit - MemInfo: [/proc/self/status]	VmStk:	     508 kB
20220313 002355.426 INFO             PET1 PIOc_sync Exit - MemInfo: [/proc/self/status]	VmExe:	    1836 kB
20220313 002355.426 INFO             PET1 PIOc_sync Exit - MemInfo: [/proc/self/status]	VmLib:	  133788 kB
20220313 002355.426 INFO             PET1 PIOc_sync Exit - MemInfo: [/proc/self/status]	VmPTE:	     500 kB
20220313 002355.426 INFO             PET1 PIOc_sync Exit - MemInfo: [/proc/self/status]	VmPMD:	      12 kB
20220313 002355.426 INFO             PET1 PIOc_sync Exit - MemInfo: [/proc/self/status]	VmSwap:	       0 kB
20220313 002355.426 INFO             PET1 PIOc_sync Exit - MemInfo: [/proc/self/status]	VmRSSPercent: 0.0825986 %
20220313 002355.426 INFO             PET1 PIOc_sync Exit - MemInfo: [malloc] Non-mmapped space allocated:                26759168 Byte
20220313 002355.426 INFO             PET1 PIOc_sync Exit - MemInfo: [malloc] Space allocated in mmapped regions:          2887680 Byte
20220313 002355.426 INFO             PET1 PIOc_sync Exit - MemInfo: [malloc] Maximum total allocated space:                     0 Byte
20220313 002355.426 INFO             PET1 PIOc_sync Exit - MemInfo: [malloc] Space in freed fastbin blocks:                     0 Byte
20220313 002355.426 INFO             PET1 PIOc_sync Exit - MemInfo: [malloc] Total allocated space:                      11532272 Byte
20220313 002355.426 INFO             PET1 PIOc_sync Exit - MemInfo: [malloc] Total free space:                           15226896 Byte
20220313 002355.426 INFO             PET1 PIOc_sync Exit - MemInfo: [malloc] Top-most, releasable space:                  8521440 Byte
20220313 002355.426 INFO             PET1 PIOc_sync Exit - MemInfo: [malloc] Total space in use, mmap + non-mmap:        14419952 Byte
20220313 002355.426 INFO             PET1 PIOc_sync Exit - MemInfo: [malloc] Total space held (mmap + non-mmap):         29646848 Byte
20220313 002355.426 INFO             PET1 PIOc_sync Exit - MemInfo: [malloc] Total space used (mmap + non-mmap):         14428160 Byte
20220313 002355.426 INFO             PET1 PIOc_sync Exit - MemInfo: Wall-clock time since execution start:               0.203713 seconds
20220313 002355.426 INFO             PET1 PIOc_freedecomp Enter - MemInfo: [/proc/meminfo - SSI]	MemTotal:       65855856 kB
20220313 002355.426 INFO             PET1 PIOc_freedecomp Enter - MemInfo: [/proc/meminfo - SSI]	MemFree:        60959628 kB
20220313 002355.426 INFO             PET1 PIOc_freedecomp Enter - MemInfo: [/proc/meminfo - SSI]	MemAvailable:   60796968 kB
20220313 002355.426 INFO             PET1 PIOc_freedecomp Enter - MemInfo: [/proc/meminfo - SSI]	Committed_AS:    3314088 kB
20220313 002355.426 INFO             PET1 PIOc_freedecomp Enter - MemInfo: [/proc/meminfo - SSI]	CommittedPercent: 5.03234 %
20220313 002355.426 INFO             PET1 PIOc_freedecomp Enter - MemInfo: [/proc/self/status]	VmPeak:	  321916 kB
20220313 002355.426 INFO             PET1 PIOc_freedecomp Enter - MemInfo: [/proc/self/status]	VmSize:	  321892 kB
20220313 002355.426 INFO             PET1 PIOc_freedecomp Enter - MemInfo: [/proc/self/status]	VmLck:	       0 kB
20220313 002355.426 INFO             PET1 PIOc_freedecomp Enter - MemInfo: [/proc/self/status]	VmPin:	       0 kB
20220313 002355.426 INFO             PET1 PIOc_freedecomp Enter - MemInfo: [/proc/self/status]	VmHWM:	   54396 kB
20220313 002355.426 INFO             PET1 PIOc_freedecomp Enter - MemInfo: [/proc/self/status]	VmRSS:	   54396 kB
20220313 002355.426 INFO             PET1 PIOc_freedecomp Enter - MemInfo: [/proc/self/status]	VmData:	   50020 kB
20220313 002355.426 INFO             PET1 PIOc_freedecomp Enter - MemInfo: [/proc/self/status]	VmStk:	     508 kB
20220313 002355.426 INFO             PET1 PIOc_freedecomp Enter - MemInfo: [/proc/self/status]	VmExe:	    1836 kB
20220313 002355.426 INFO             PET1 PIOc_freedecomp Enter - MemInfo: [/proc/self/status]	VmLib:	  133788 kB
20220313 002355.426 INFO             PET1 PIOc_freedecomp Enter - MemInfo: [/proc/self/status]	VmPTE:	     500 kB
20220313 002355.426 INFO             PET1 PIOc_freedecomp Enter - MemInfo: [/proc/self/status]	VmPMD:	      12 kB
20220313 002355.426 INFO             PET1 PIOc_freedecomp Enter - MemInfo: [/proc/self/status]	VmSwap:	       0 kB
20220313 002355.426 INFO             PET1 PIOc_freedecomp Enter - MemInfo: [/proc/self/status]	VmRSSPercent: 0.0825986 %
20220313 002355.426 INFO             PET1 PIOc_freedecomp Enter - MemInfo: [malloc] Non-mmapped space allocated:                26759168 Byte
20220313 002355.426 INFO             PET1 PIOc_freedecomp Enter - MemInfo: [malloc] Space allocated in mmapped regions:          2887680 Byte
20220313 002355.427 INFO             PET1 PIOc_freedecomp Enter - MemInfo: [malloc] Maximum total allocated space:                     0 Byte
20220313 002355.427 INFO             PET1 PIOc_freedecomp Enter - MemInfo: [malloc] Space in freed fastbin blocks:                     0 Byte
20220313 002355.427 INFO             PET1 PIOc_freedecomp Enter - MemInfo: [malloc] Total allocated space:                      11531680 Byte
20220313 002355.427 INFO             PET1 PIOc_freedecomp Enter - MemInfo: [malloc] Total free space:                           15227488 Byte
20220313 002355.427 INFO             PET1 PIOc_freedecomp Enter - MemInfo: [malloc] Top-most, releasable space:                  8521440 Byte
20220313 002355.427 INFO             PET1 PIOc_freedecomp Enter - MemInfo: [malloc] Total space in use, mmap + non-mmap:        14419360 Byte
20220313 002355.427 INFO             PET1 PIOc_freedecomp Enter - MemInfo: [malloc] Total space held (mmap + non-mmap):         29646848 Byte
20220313 002355.427 INFO             PET1 PIOc_freedecomp Enter - MemInfo: [malloc] Total space used (mmap + non-mmap):         14427568 Byte
20220313 002355.427 INFO             PET1 PIOc_freedecomp Enter - MemInfo: Wall-clock time since execution start:               0.204311 seconds
20220313 002355.427 INFO             PET1 PIOc_freedecomp Exit - MemInfo: [/proc/meminfo - SSI]	MemTotal:       65855856 kB
20220313 002355.427 INFO             PET1 PIOc_freedecomp Exit - MemInfo: [/proc/meminfo - SSI]	MemFree:        60959628 kB
20220313 002355.427 INFO             PET1 PIOc_freedecomp Exit - MemInfo: [/proc/meminfo - SSI]	MemAvailable:   60796968 kB
20220313 002355.427 INFO             PET1 PIOc_freedecomp Exit - MemInfo: [/proc/meminfo - SSI]	Committed_AS:    3314088 kB
20220313 002355.427 INFO             PET1 PIOc_freedecomp Exit - MemInfo: [/proc/meminfo - SSI]	CommittedPercent: 5.03234 %
20220313 002355.427 INFO             PET1 PIOc_freedecomp Exit - MemInfo: [/proc/self/status]	VmPeak:	  321916 kB
20220313 002355.427 INFO             PET1 PIOc_freedecomp Exit - MemInfo: [/proc/self/status]	VmSize:	  321892 kB
20220313 002355.427 INFO             PET1 PIOc_freedecomp Exit - MemInfo: [/proc/self/status]	VmLck:	       0 kB
20220313 002355.427 INFO             PET1 PIOc_freedecomp Exit - MemInfo: [/proc/self/status]	VmPin:	       0 kB
20220313 002355.427 INFO             PET1 PIOc_freedecomp Exit - MemInfo: [/proc/self/status]	VmHWM:	   54396 kB
20220313 002355.427 INFO             PET1 PIOc_freedecomp Exit - MemInfo: [/proc/self/status]	VmRSS:	   54396 kB
20220313 002355.427 INFO             PET1 PIOc_freedecomp Exit - MemInfo: [/proc/self/status]	VmData:	   50020 kB
20220313 002355.427 INFO             PET1 PIOc_freedecomp Exit - MemInfo: [/proc/self/status]	VmStk:	     508 kB
20220313 002355.427 INFO             PET1 PIOc_freedecomp Exit - MemInfo: [/proc/self/status]	VmExe:	    1836 kB
20220313 002355.427 INFO             PET1 PIOc_freedecomp Exit - MemInfo: [/proc/self/status]	VmLib:	  133788 kB
20220313 002355.427 INFO             PET1 PIOc_freedecomp Exit - MemInfo: [/proc/self/status]	VmPTE:	     500 kB
20220313 002355.427 INFO             PET1 PIOc_freedecomp Exit - MemInfo: [/proc/self/status]	VmPMD:	      12 kB
20220313 002355.427 INFO             PET1 PIOc_freedecomp Exit - MemInfo: [/proc/self/status]	VmSwap:	       0 kB
20220313 002355.427 INFO             PET1 PIOc_freedecomp Exit - MemInfo: [/proc/self/status]	VmRSSPercent: 0.0825986 %
20220313 002355.427 INFO             PET1 PIOc_freedecomp Exit - MemInfo: [malloc] Non-mmapped space allocated:                26759168 Byte
20220313 002355.427 INFO             PET1 PIOc_freedecomp Exit - MemInfo: [malloc] Space allocated in mmapped regions:          2887680 Byte
20220313 002355.427 INFO             PET1 PIOc_freedecomp Exit - MemInfo: [malloc] Maximum total allocated space:                     0 Byte
20220313 002355.427 INFO             PET1 PIOc_freedecomp Exit - MemInfo: [malloc] Space in freed fastbin blocks:                   432 Byte
20220313 002355.427 INFO             PET1 PIOc_freedecomp Exit - MemInfo: [malloc] Total allocated space:                      11530416 Byte
20220313 002355.427 INFO             PET1 PIOc_freedecomp Exit - MemInfo: [malloc] Total free space:                           15228752 Byte
20220313 002355.427 INFO             PET1 PIOc_freedecomp Exit - MemInfo: [malloc] Top-most, releasable space:                  8521440 Byte
20220313 002355.427 INFO             PET1 PIOc_freedecomp Exit - MemInfo: [malloc] Total space in use, mmap + non-mmap:        14418096 Byte
20220313 002355.427 INFO             PET1 PIOc_freedecomp Exit - MemInfo: [malloc] Total space held (mmap + non-mmap):         29646848 Byte
20220313 002355.427 INFO             PET1 PIOc_freedecomp Exit - MemInfo: [malloc] Total space used (mmap + non-mmap):         14426304 Byte
20220313 002355.427 INFO             PET1 PIOc_freedecomp Exit - MemInfo: Wall-clock time since execution start:               0.204846 seconds
20220313 002355.429 INFO             PET1  PASS  ESMF_FieldRegridStoreFromFile Unit Test, ESMF_FieldSMMFromFileUTest.F90, line 315
20220313 002355.429 INFO             PET1  Ending Test, file ESMF_FieldSMMFromFileUTest.F90, line 322
20220313 002355.429 INFO             PET1 Finalizing ESMF
20220313 002355.247 INFO             PET2 !!!!!!!!!!!!!!!!!!!!!!!!!!!!!!!!!!!!!!!!!!!!!!!!!!!!!!
20220313 002355.247 INFO             PET2 !!! THE ESMF_LOG IS SET TO OUTPUT ALL LOG MESSAGES !!!
20220313 002355.247 INFO             PET2 !!!     THIS MAY CAUSE SLOWDOWN IN PERFORMANCE     !!!
20220313 002355.247 INFO             PET2 !!! FOR PRODUCTION RUNS, USE:                      !!!
20220313 002355.247 INFO             PET2 !!!                   ESMF_LOGKIND_Multi_On_Error  !!!
20220313 002355.247 INFO             PET2 !!!!!!!!!!!!!!!!!!!!!!!!!!!!!!!!!!!!!!!!!!!!!!!!!!!!!!
20220313 002355.247 INFO             PET2 Running with ESMF Version   : v8.3.0b09-96-g559b459836
20220313 002355.247 INFO             PET2 ESMF library build date/time: "Mar 13 2022" "00:01:08"
20220313 002355.247 INFO             PET2 ESMF library build location : /lustre/f2/dev/ncep/Mark.Potts/intel_2019.5_mpi_g_jedwards_pio_update2
20220313 002355.247 INFO             PET2 ESMF_COMM                   : mpi
20220313 002355.250 INFO             PET2 ESMF_MOAB                   : enabled
20220313 002355.250 INFO             PET2 ESMF_LAPACK                 : enabled
20220313 002355.250 INFO             PET2 ESMF_NETCDF                 : enabled
20220313 002355.250 INFO             PET2 ESMF_PNETCDF                : disabled
20220313 002355.250 INFO             PET2 ESMF_PIO                    : enabled
20220313 002355.250 INFO             PET2 ESMF_YAMLCPP                : enabled
20220313 002355.250 INFO             PET2  Beginning Test, file ESMF_FieldSMMFromFileUTest.F90, line 287
20220313 002355.250 INFO             PET2  NUMBER_OF_PROCESSORS           4
20220313 002355.389 INFO             PET2  PASS  ESMF_FieldSMMFromFile Unit Test, ESMF_FieldSMMFromFileUTest.F90, line 300
20220313 002355.417 INFO             PET2 PIOc_sync Enter - MemInfo: [/proc/meminfo - SSI]	MemTotal:       65855856 kB
20220313 002355.417 INFO             PET2 PIOc_sync Enter - MemInfo: [/proc/meminfo - SSI]	MemFree:        60960888 kB
20220313 002355.417 INFO             PET2 PIOc_sync Enter - MemInfo: [/proc/meminfo - SSI]	MemAvailable:   60798228 kB
20220313 002355.417 INFO             PET2 PIOc_sync Enter - MemInfo: [/proc/meminfo - SSI]	Committed_AS:    3314088 kB
20220313 002355.417 INFO             PET2 PIOc_sync Enter - MemInfo: [/proc/meminfo - SSI]	CommittedPercent: 5.03234 %
20220313 002355.417 INFO             PET2 PIOc_sync Enter - MemInfo: [/proc/self/status]	VmPeak:	  328060 kB
20220313 002355.417 INFO             PET2 PIOc_sync Enter - MemInfo: [/proc/self/status]	VmSize:	  328036 kB
20220313 002355.417 INFO             PET2 PIOc_sync Enter - MemInfo: [/proc/self/status]	VmLck:	       0 kB
20220313 002355.418 INFO             PET2 PIOc_sync Enter - MemInfo: [/proc/self/status]	VmPin:	       0 kB
20220313 002355.418 INFO             PET2 PIOc_sync Enter - MemInfo: [/proc/self/status]	VmHWM:	   54360 kB
20220313 002355.418 INFO             PET2 PIOc_sync Enter - MemInfo: [/proc/self/status]	VmRSS:	   54360 kB
20220313 002355.418 INFO             PET2 PIOc_sync Enter - MemInfo: [/proc/self/status]	VmData:	   50020 kB
20220313 002355.418 INFO             PET2 PIOc_sync Enter - MemInfo: [/proc/self/status]	VmStk:	     508 kB
20220313 002355.418 INFO             PET2 PIOc_sync Enter - MemInfo: [/proc/self/status]	VmExe:	    1836 kB
20220313 002355.418 INFO             PET2 PIOc_sync Enter - MemInfo: [/proc/self/status]	VmLib:	  133788 kB
20220313 002355.418 INFO             PET2 PIOc_sync Enter - MemInfo: [/proc/self/status]	VmPTE:	     496 kB
20220313 002355.418 INFO             PET2 PIOc_sync Enter - MemInfo: [/proc/self/status]	VmPMD:	      12 kB
20220313 002355.418 INFO             PET2 PIOc_sync Enter - MemInfo: [/proc/self/status]	VmSwap:	       0 kB
20220313 002355.418 INFO             PET2 PIOc_sync Enter - MemInfo: [/proc/self/status]	VmRSSPercent: 0.0825439 %
20220313 002355.418 INFO             PET2 PIOc_sync Enter - MemInfo: [malloc] Non-mmapped space allocated:                26759168 Byte
20220313 002355.418 INFO             PET2 PIOc_sync Enter - MemInfo: [malloc] Space allocated in mmapped regions:          2887680 Byte
20220313 002355.418 INFO             PET2 PIOc_sync Enter - MemInfo: [malloc] Maximum total allocated space:                     0 Byte
20220313 002355.418 INFO             PET2 PIOc_sync Enter - MemInfo: [malloc] Space in freed fastbin blocks:                    80 Byte
20220313 002355.418 INFO             PET2 PIOc_sync Enter - MemInfo: [malloc] Total allocated space:                      11527024 Byte
20220313 002355.418 INFO             PET2 PIOc_sync Enter - MemInfo: [malloc] Total free space:                           15232144 Byte
20220313 002355.418 INFO             PET2 PIOc_sync Enter - MemInfo: [malloc] Top-most, releasable space:                  8520688 Byte
20220313 002355.418 INFO             PET2 PIOc_sync Enter - MemInfo: [malloc] Total space in use, mmap + non-mmap:        14414704 Byte
20220313 002355.418 INFO             PET2 PIOc_sync Enter - MemInfo: [malloc] Total space held (mmap + non-mmap):         29646848 Byte
20220313 002355.418 INFO             PET2 PIOc_sync Enter - MemInfo: [malloc] Total space used (mmap + non-mmap):         14423760 Byte
20220313 002355.418 INFO             PET2 PIOc_sync Enter - MemInfo: Wall-clock time since execution start:               0.195552 seconds
20220313 002355.418 INFO             PET2 PIOc_sync Exit - MemInfo: [/proc/meminfo - SSI]	MemTotal:       65855856 kB
20220313 002355.418 INFO             PET2 PIOc_sync Exit - MemInfo: [/proc/meminfo - SSI]	MemFree:        60960132 kB
20220313 002355.418 INFO             PET2 PIOc_sync Exit - MemInfo: [/proc/meminfo - SSI]	MemAvailable:   60797472 kB
20220313 002355.418 INFO             PET2 PIOc_sync Exit - MemInfo: [/proc/meminfo - SSI]	Committed_AS:    3314088 kB
20220313 002355.418 INFO             PET2 PIOc_sync Exit - MemInfo: [/proc/meminfo - SSI]	CommittedPercent: 5.03234 %
20220313 002355.418 INFO             PET2 PIOc_sync Exit - MemInfo: [/proc/self/status]	VmPeak:	  328060 kB
20220313 002355.418 INFO             PET2 PIOc_sync Exit - MemInfo: [/proc/self/status]	VmSize:	  328036 kB
20220313 002355.418 INFO             PET2 PIOc_sync Exit - MemInfo: [/proc/self/status]	VmLck:	       0 kB
20220313 002355.418 INFO             PET2 PIOc_sync Exit - MemInfo: [/proc/self/status]	VmPin:	       0 kB
20220313 002355.418 INFO             PET2 PIOc_sync Exit - MemInfo: [/proc/self/status]	VmHWM:	   54360 kB
20220313 002355.418 INFO             PET2 PIOc_sync Exit - MemInfo: [/proc/self/status]	VmRSS:	   54360 kB
20220313 002355.418 INFO             PET2 PIOc_sync Exit - MemInfo: [/proc/self/status]	VmData:	   50020 kB
20220313 002355.418 INFO             PET2 PIOc_sync Exit - MemInfo: [/proc/self/status]	VmStk:	     508 kB
20220313 002355.418 INFO             PET2 PIOc_sync Exit - MemInfo: [/proc/self/status]	VmExe:	    1836 kB
20220313 002355.418 INFO             PET2 PIOc_sync Exit - MemInfo: [/proc/self/status]	VmLib:	  133788 kB
20220313 002355.418 INFO             PET2 PIOc_sync Exit - MemInfo: [/proc/self/status]	VmPTE:	     496 kB
