build time -- 2022-03-11 23:57:54
20220312 001802.500 INFO             PET0 !!!!!!!!!!!!!!!!!!!!!!!!!!!!!!!!!!!!!!!!!!!!!!!!!!!!!!
20220312 001802.500 INFO             PET0 !!! THE ESMF_LOG IS SET TO OUTPUT ALL LOG MESSAGES !!!
20220312 001802.500 INFO             PET0 !!!     THIS MAY CAUSE SLOWDOWN IN PERFORMANCE     !!!
20220312 001802.500 INFO             PET0 !!! FOR PRODUCTION RUNS, USE:                      !!!
20220312 001802.500 INFO             PET0 !!!                   ESMF_LOGKIND_Multi_On_Error  !!!
20220312 001802.500 INFO             PET0 !!!!!!!!!!!!!!!!!!!!!!!!!!!!!!!!!!!!!!!!!!!!!!!!!!!!!!
20220312 001802.500 INFO             PET0 Running with ESMF Version   : v8.3.0b09-96-g559b459836
20220312 001802.500 INFO             PET0 ESMF library build date/time: "Mar 11 2022" "23:55:33"
20220312 001802.500 INFO             PET0 ESMF library build location : /lustre/f2/dev/ncep/Mark.Potts/intel_2019.5_mpi_g_jedwards_pio_update2
20220312 001802.500 INFO             PET0 ESMF_COMM                   : mpi
20220312 001802.501 INFO             PET0 ESMF_MOAB                   : enabled
20220312 001802.501 INFO             PET0 ESMF_LAPACK                 : enabled
20220312 001802.501 INFO             PET0 ESMF_NETCDF                 : enabled
20220312 001802.501 INFO             PET0 ESMF_PNETCDF                : disabled
20220312 001802.501 INFO             PET0 ESMF_PIO                    : enabled
20220312 001802.501 INFO             PET0 ESMF_YAMLCPP                : enabled
20220312 001802.535 INFO             PET0  Beginning Test, file ESMF_FieldIOUTest.F90, line 123
20220312 001802.535 INFO             PET0  NUMBER_OF_PROCESSORS           4
20220312 001802.535 INFO             PET0  PASS  Array Spec Set, ESMF_FieldIOUTest.F90, line 146
20220312 001802.536 INFO             PET0  PASS  Creating a Grid to use in Field Tests, ESMF_FieldIOUTest.F90, line 157
20220312 001802.537 INFO             PET0  PASS  Create a field from grid and fortran dummy array, ESMF_FieldIOUTest.F90, line 179
20220312 001802.538 INFO             PET0  PASS  Get Farray_w from field, ESMF_FieldIOUTest.F90, line 190
20220312 001802.548 INFO             PET0 PIOc_sync Enter - MemInfo: [/proc/meminfo - SSI]	MemTotal:       65855856 kB
20220312 001802.548 INFO             PET0 PIOc_sync Enter - MemInfo: [/proc/meminfo - SSI]	MemFree:        61071576 kB
20220312 001802.548 INFO             PET0 PIOc_sync Enter - MemInfo: [/proc/meminfo - SSI]	MemAvailable:   60900008 kB
20220312 001802.548 INFO             PET0 PIOc_sync Enter - MemInfo: [/proc/meminfo - SSI]	Committed_AS:    3143996 kB
20220312 001802.548 INFO             PET0 PIOc_sync Enter - MemInfo: [/proc/meminfo - SSI]	CommittedPercent: 4.77406 %
20220312 001802.548 INFO             PET0 PIOc_sync Enter - MemInfo: [/proc/self/status]	VmPeak:	  268500 kB
20220312 001802.548 INFO             PET0 PIOc_sync Enter - MemInfo: [/proc/self/status]	VmSize:	  268500 kB
20220312 001802.548 INFO             PET0 PIOc_sync Enter - MemInfo: [/proc/self/status]	VmLck:	       0 kB
20220312 001802.548 INFO             PET0 PIOc_sync Enter - MemInfo: [/proc/self/status]	VmPin:	       0 kB
20220312 001802.548 INFO             PET0 PIOc_sync Enter - MemInfo: [/proc/self/status]	VmHWM:	   45900 kB
20220312 001802.548 INFO             PET0 PIOc_sync Enter - MemInfo: [/proc/self/status]	VmRSS:	   45900 kB
20220312 001802.548 INFO             PET0 PIOc_sync Enter - MemInfo: [/proc/self/status]	VmData:	   33504 kB
20220312 001802.548 INFO             PET0 PIOc_sync Enter - MemInfo: [/proc/self/status]	VmStk:	     508 kB
20220312 001802.548 INFO             PET0 PIOc_sync Enter - MemInfo: [/proc/self/status]	VmExe:	    1784 kB
20220312 001802.548 INFO             PET0 PIOc_sync Enter - MemInfo: [/proc/self/status]	VmLib:	  133788 kB
20220312 001802.548 INFO             PET0 PIOc_sync Enter - MemInfo: [/proc/self/status]	VmPTE:	     428 kB
20220312 001802.548 INFO             PET0 PIOc_sync Enter - MemInfo: [/proc/self/status]	VmPMD:	      12 kB
20220312 001802.548 INFO             PET0 PIOc_sync Enter - MemInfo: [/proc/self/status]	VmSwap:	       0 kB
20220312 001802.548 INFO             PET0 PIOc_sync Enter - MemInfo: [/proc/self/status]	VmRSSPercent: 0.0696977 %
20220312 001802.548 INFO             PET0 PIOc_sync Enter - MemInfo: [malloc] Non-mmapped space allocated:                 1048576 Byte
20220312 001802.548 INFO             PET0 PIOc_sync Enter - MemInfo: [malloc] Space allocated in mmapped regions:         11808768 Byte
20220312 001802.549 INFO             PET0 PIOc_sync Enter - MemInfo: [malloc] Maximum total allocated space:                     0 Byte
20220312 001802.549 INFO             PET0 PIOc_sync Enter - MemInfo: [malloc] Space in freed fastbin blocks:                     0 Byte
20220312 001802.549 INFO             PET0 PIOc_sync Enter - MemInfo: [malloc] Total allocated space:                        937584 Byte
20220312 001802.549 INFO             PET0 PIOc_sync Enter - MemInfo: [malloc] Total free space:                             110992 Byte
20220312 001802.549 INFO             PET0 PIOc_sync Enter - MemInfo: [malloc] Top-most, releasable space:                   110992 Byte
20220312 001802.549 INFO             PET0 PIOc_sync Enter - MemInfo: [malloc] Total space in use, mmap + non-mmap:        12746352 Byte
20220312 001802.549 INFO             PET0 PIOc_sync Enter - MemInfo: [malloc] Total space held (mmap + non-mmap):         12857344 Byte
20220312 001802.549 INFO             PET0 PIOc_sync Enter - MemInfo: [malloc] Total space used (mmap + non-mmap):         12755968 Byte
20220312 001802.549 INFO             PET0 PIOc_sync Enter - MemInfo: Wall-clock time since execution start:               0.072346 seconds
20220312 001802.549 INFO             PET0 PIOc_sync Exit - MemInfo: [/proc/meminfo - SSI]	MemTotal:       65855856 kB
20220312 001802.549 INFO             PET0 PIOc_sync Exit - MemInfo: [/proc/meminfo - SSI]	MemFree:        61071072 kB
20220312 001802.549 INFO             PET0 PIOc_sync Exit - MemInfo: [/proc/meminfo - SSI]	MemAvailable:   60899504 kB
20220312 001802.549 INFO             PET0 PIOc_sync Exit - MemInfo: [/proc/meminfo - SSI]	Committed_AS:    3143996 kB
20220312 001802.549 INFO             PET0 PIOc_sync Exit - MemInfo: [/proc/meminfo - SSI]	CommittedPercent: 4.77406 %
20220312 001802.549 INFO             PET0 PIOc_sync Exit - MemInfo: [/proc/self/status]	VmPeak:	  268824 kB
20220312 001802.549 INFO             PET0 PIOc_sync Exit - MemInfo: [/proc/self/status]	VmSize:	  268824 kB
20220312 001802.549 INFO             PET0 PIOc_sync Exit - MemInfo: [/proc/self/status]	VmLck:	       0 kB
20220312 001802.549 INFO             PET0 PIOc_sync Exit - MemInfo: [/proc/self/status]	VmPin:	       0 kB
20220312 001802.549 INFO             PET0 PIOc_sync Exit - MemInfo: [/proc/self/status]	VmHWM:	   46420 kB
20220312 001802.549 INFO             PET0 PIOc_sync Exit - MemInfo: [/proc/self/status]	VmRSS:	   46420 kB
20220312 001802.549 INFO             PET0 PIOc_sync Exit - MemInfo: [/proc/self/status]	VmData:	   33828 kB
20220312 001802.549 INFO             PET0 PIOc_sync Exit - MemInfo: [/proc/self/status]	VmStk:	     508 kB
20220312 001802.549 INFO             PET0 PIOc_sync Exit - MemInfo: [/proc/self/status]	VmExe:	    1784 kB
20220312 001802.549 INFO             PET0 PIOc_sync Exit - MemInfo: [/proc/self/status]	VmLib:	  133788 kB
20220312 001802.549 INFO             PET0 PIOc_sync Exit - MemInfo: [/proc/self/status]	VmPTE:	     436 kB
20220312 001802.549 INFO             PET0 PIOc_sync Exit - MemInfo: [/proc/self/status]	VmPMD:	      12 kB
20220312 001802.549 INFO             PET0 PIOc_sync Exit - MemInfo: [/proc/self/status]	VmSwap:	       0 kB
20220312 001802.549 INFO             PET0 PIOc_sync Exit - MemInfo: [/proc/self/status]	VmRSSPercent: 0.0704873 %
20220312 001802.549 INFO             PET0 PIOc_sync Exit - MemInfo: [malloc] Non-mmapped space allocated:                 1048576 Byte
20220312 001802.549 INFO             PET0 PIOc_sync Exit - MemInfo: [malloc] Space allocated in mmapped regions:         12140544 Byte
20220312 001802.549 INFO             PET0 PIOc_sync Exit - MemInfo: [malloc] Maximum total allocated space:                     0 Byte
20220312 001802.549 INFO             PET0 PIOc_sync Exit - MemInfo: [malloc] Space in freed fastbin blocks:                     0 Byte
20220312 001802.549 INFO             PET0 PIOc_sync Exit - MemInfo: [malloc] Total allocated space:                       1009712 Byte
20220312 001802.549 INFO             PET0 PIOc_sync Exit - MemInfo: [malloc] Total free space:                              38864 Byte
20220312 001802.549 INFO             PET0 PIOc_sync Exit - MemInfo: [malloc] Top-most, releasable space:                    37392 Byte
20220312 001802.549 INFO             PET0 PIOc_sync Exit - MemInfo: [malloc] Total space in use, mmap + non-mmap:        13150256 Byte
20220312 001802.549 INFO             PET0 PIOc_sync Exit - MemInfo: [malloc] Total space held (mmap + non-mmap):         13189120 Byte
20220312 001802.549 INFO             PET0 PIOc_sync Exit - MemInfo: [malloc] Total space used (mmap + non-mmap):         13158752 Byte
20220312 001802.549 INFO             PET0 PIOc_sync Exit - MemInfo: Wall-clock time since execution start:              0.0731921 seconds
20220312 001802.550 INFO             PET0 PIOc_freedecomp Enter - MemInfo: [/proc/meminfo - SSI]	MemTotal:       65855856 kB
20220312 001802.550 INFO             PET0 PIOc_freedecomp Enter - MemInfo: [/proc/meminfo - SSI]	MemFree:        61078128 kB
20220312 001802.550 INFO             PET0 PIOc_freedecomp Enter - MemInfo: [/proc/meminfo - SSI]	MemAvailable:   60906560 kB
20220312 001802.550 INFO             PET0 PIOc_freedecomp Enter - MemInfo: [/proc/meminfo - SSI]	Committed_AS:    3136128 kB
20220312 001802.550 INFO             PET0 PIOc_freedecomp Enter - MemInfo: [/proc/meminfo - SSI]	CommittedPercent: 4.76211 %
20220312 001802.550 INFO             PET0 PIOc_freedecomp Enter - MemInfo: [/proc/self/status]	VmPeak:	  268824 kB
20220312 001802.550 INFO             PET0 PIOc_freedecomp Enter - MemInfo: [/proc/self/status]	VmSize:	  260112 kB
20220312 001802.550 INFO             PET0 PIOc_freedecomp Enter - MemInfo: [/proc/self/status]	VmLck:	       0 kB
20220312 001802.550 INFO             PET0 PIOc_freedecomp Enter - MemInfo: [/proc/self/status]	VmPin:	       0 kB
20220312 001802.550 INFO             PET0 PIOc_freedecomp Enter - MemInfo: [/proc/self/status]	VmHWM:	   46420 kB
20220312 001802.550 INFO             PET0 PIOc_freedecomp Enter - MemInfo: [/proc/self/status]	VmRSS:	   38288 kB
20220312 001802.550 INFO             PET0 PIOc_freedecomp Enter - MemInfo: [/proc/self/status]	VmData:	   25116 kB
20220312 001802.550 INFO             PET0 PIOc_freedecomp Enter - MemInfo: [/proc/self/status]	VmStk:	     508 kB
20220312 001802.550 INFO             PET0 PIOc_freedecomp Enter - MemInfo: [/proc/self/status]	VmExe:	    1784 kB
20220312 001802.550 INFO             PET0 PIOc_freedecomp Enter - MemInfo: [/proc/self/status]	VmLib:	  133788 kB
20220312 001802.550 INFO             PET0 PIOc_freedecomp Enter - MemInfo: [/proc/self/status]	VmPTE:	     424 kB
20220312 001802.550 INFO             PET0 PIOc_freedecomp Enter - MemInfo: [/proc/self/status]	VmPMD:	      12 kB
20220312 001802.550 INFO             PET0 PIOc_freedecomp Enter - MemInfo: [/proc/self/status]	VmSwap:	       0 kB
20220312 001802.550 INFO             PET0 PIOc_freedecomp Enter - MemInfo: [/proc/self/status]	VmRSSPercent: 0.0581391 %
20220312 001802.550 INFO             PET0 PIOc_freedecomp Enter - MemInfo: [malloc] Non-mmapped space allocated:                 1048576 Byte
20220312 001802.550 INFO             PET0 PIOc_freedecomp Enter - MemInfo: [malloc] Space allocated in mmapped regions:          3219456 Byte
20220312 001802.550 INFO             PET0 PIOc_freedecomp Enter - MemInfo: [malloc] Maximum total allocated space:                     0 Byte
20220312 001802.550 INFO             PET0 PIOc_freedecomp Enter - MemInfo: [malloc] Space in freed fastbin blocks:                   352 Byte
20220312 001802.550 INFO             PET0 PIOc_freedecomp Enter - MemInfo: [malloc] Total allocated space:                        999488 Byte
20220312 001802.550 INFO             PET0 PIOc_freedecomp Enter - MemInfo: [malloc] Total free space:                              49088 Byte
20220312 001802.550 INFO             PET0 PIOc_freedecomp Enter - MemInfo: [malloc] Top-most, releasable space:                    37168 Byte
20220312 001802.550 INFO             PET0 PIOc_freedecomp Enter - MemInfo: [malloc] Total space in use, mmap + non-mmap:         4218944 Byte
20220312 001802.550 INFO             PET0 PIOc_freedecomp Enter - MemInfo: [malloc] Total space held (mmap + non-mmap):          4268032 Byte
20220312 001802.550 INFO             PET0 PIOc_freedecomp Enter - MemInfo: [malloc] Total space used (mmap + non-mmap):          4227376 Byte
20220312 001802.550 INFO             PET0 PIOc_freedecomp Enter - MemInfo: Wall-clock time since execution start:               0.074147 seconds
20220312 001802.550 INFO             PET0 PIOc_freedecomp Exit - MemInfo: [/proc/meminfo - SSI]	MemTotal:       65855856 kB
20220312 001802.550 INFO             PET0 PIOc_freedecomp Exit - MemInfo: [/proc/meminfo - SSI]	MemFree:        61078128 kB
20220312 001802.551 INFO             PET0 PIOc_freedecomp Exit - MemInfo: [/proc/meminfo - SSI]	MemAvailable:   60906560 kB
20220312 001802.551 INFO             PET0 PIOc_freedecomp Exit - MemInfo: [/proc/meminfo - SSI]	Committed_AS:    3136128 kB
20220312 001802.551 INFO             PET0 PIOc_freedecomp Exit - MemInfo: [/proc/meminfo - SSI]	CommittedPercent: 4.76211 %
20220312 001802.551 INFO             PET0 PIOc_freedecomp Exit - MemInfo: [/proc/self/status]	VmPeak:	  268824 kB
20220312 001802.551 INFO             PET0 PIOc_freedecomp Exit - MemInfo: [/proc/self/status]	VmSize:	  260112 kB
20220312 001802.551 INFO             PET0 PIOc_freedecomp Exit - MemInfo: [/proc/self/status]	VmLck:	       0 kB
20220312 001802.551 INFO             PET0 PIOc_freedecomp Exit - MemInfo: [/proc/self/status]	VmPin:	       0 kB
20220312 001802.551 INFO             PET0 PIOc_freedecomp Exit - MemInfo: [/proc/self/status]	VmHWM:	   46420 kB
20220312 001802.551 INFO             PET0 PIOc_freedecomp Exit - MemInfo: [/proc/self/status]	VmRSS:	   38288 kB
20220312 001802.551 INFO             PET0 PIOc_freedecomp Exit - MemInfo: [/proc/self/status]	VmData:	   25116 kB
20220312 001802.551 INFO             PET0 PIOc_freedecomp Exit - MemInfo: [/proc/self/status]	VmStk:	     508 kB
20220312 001802.551 INFO             PET0 PIOc_freedecomp Exit - MemInfo: [/proc/self/status]	VmExe:	    1784 kB
20220312 001802.551 INFO             PET0 PIOc_freedecomp Exit - MemInfo: [/proc/self/status]	VmLib:	  133788 kB
20220312 001802.551 INFO             PET0 PIOc_freedecomp Exit - MemInfo: [/proc/self/status]	VmPTE:	     424 kB
20220312 001802.551 INFO             PET0 PIOc_freedecomp Exit - MemInfo: [/proc/self/status]	VmPMD:	      12 kB
20220312 001802.551 INFO             PET0 PIOc_freedecomp Exit - MemInfo: [/proc/self/status]	VmSwap:	       0 kB
20220312 001802.551 INFO             PET0 PIOc_freedecomp Exit - MemInfo: [/proc/self/status]	VmRSSPercent: 0.0581391 %
20220312 001802.551 INFO             PET0 PIOc_freedecomp Exit - MemInfo: [malloc] Non-mmapped space allocated:                 1048576 Byte
20220312 001802.551 INFO             PET0 PIOc_freedecomp Exit - MemInfo: [malloc] Space allocated in mmapped regions:          3219456 Byte
20220312 001802.551 INFO             PET0 PIOc_freedecomp Exit - MemInfo: [malloc] Maximum total allocated space:                     0 Byte
20220312 001802.551 INFO             PET0 PIOc_freedecomp Exit - MemInfo: [malloc] Space in freed fastbin blocks:                   576 Byte
20220312 001802.551 INFO             PET0 PIOc_freedecomp Exit - MemInfo: [malloc] Total allocated space:                        997488 Byte
20220312 001802.551 INFO             PET0 PIOc_freedecomp Exit - MemInfo: [malloc] Total free space:                              51088 Byte
20220312 001802.551 INFO             PET0 PIOc_freedecomp Exit - MemInfo: [malloc] Top-most, releasable space:                    37168 Byte
20220312 001802.551 INFO             PET0 PIOc_freedecomp Exit - MemInfo: [malloc] Total space in use, mmap + non-mmap:         4216944 Byte
20220312 001802.551 INFO             PET0 PIOc_freedecomp Exit - MemInfo: [malloc] Total space held (mmap + non-mmap):          4268032 Byte
20220312 001802.551 INFO             PET0 PIOc_freedecomp Exit - MemInfo: [malloc] Total space used (mmap + non-mmap):          4225376 Byte
20220312 001802.551 INFO             PET0 PIOc_freedecomp Exit - MemInfo: Wall-clock time since execution start:               0.074697 seconds
20220312 001802.551 INFO             PET0  PASS  Write Fortran array in Field, ESMF_FieldIOUTest.F90, line 219
20220312 001802.552 INFO             PET0  PASS  Create a field from grid and fortran dummy array without halo, ESMF_FieldIOUTest.F90, line 233
20220312 001802.552 INFO             PET0  PASS  Get Farray_w from nohalo field, ESMF_FieldIOUTest.F90, line 244
20220312 001802.557 INFO             PET0 PIOc_sync Enter - MemInfo: [/proc/meminfo - SSI]	MemTotal:       65855856 kB
20220312 001802.557 INFO             PET0 PIOc_sync Enter - MemInfo: [/proc/meminfo - SSI]	MemFree:        61071064 kB
20220312 001802.557 INFO             PET0 PIOc_sync Enter - MemInfo: [/proc/meminfo - SSI]	MemAvailable:   60899496 kB
20220312 001802.557 INFO             PET0 PIOc_sync Enter - MemInfo: [/proc/meminfo - SSI]	Committed_AS:    3144408 kB
20220312 001802.557 INFO             PET0 PIOc_sync Enter - MemInfo: [/proc/meminfo - SSI]	CommittedPercent: 4.77468 %
20220312 001802.557 INFO             PET0 PIOc_sync Enter - MemInfo: [/proc/self/status]	VmPeak:	  268908 kB
20220312 001802.557 INFO             PET0 PIOc_sync Enter - MemInfo: [/proc/self/status]	VmSize:	  268908 kB
20220312 001802.558 INFO             PET0 PIOc_sync Enter - MemInfo: [/proc/self/status]	VmLck:	       0 kB
20220312 001802.558 INFO             PET0 PIOc_sync Enter - MemInfo: [/proc/self/status]	VmPin:	       0 kB
20220312 001802.558 INFO             PET0 PIOc_sync Enter - MemInfo: [/proc/self/status]	VmHWM:	   46428 kB
20220312 001802.558 INFO             PET0 PIOc_sync Enter - MemInfo: [/proc/self/status]	VmRSS:	   46428 kB
20220312 001802.558 INFO             PET0 PIOc_sync Enter - MemInfo: [/proc/self/status]	VmData:	   33912 kB
20220312 001802.558 INFO             PET0 PIOc_sync Enter - MemInfo: [/proc/self/status]	VmStk:	     508 kB
20220312 001802.558 INFO             PET0 PIOc_sync Enter - MemInfo: [/proc/self/status]	VmExe:	    1784 kB
20220312 001802.558 INFO             PET0 PIOc_sync Enter - MemInfo: [/proc/self/status]	VmLib:	  133788 kB
20220312 001802.558 INFO             PET0 PIOc_sync Enter - MemInfo: [/proc/self/status]	VmPTE:	     440 kB
20220312 001802.558 INFO             PET0 PIOc_sync Enter - MemInfo: [/proc/self/status]	VmPMD:	      12 kB
20220312 001802.558 INFO             PET0 PIOc_sync Enter - MemInfo: [/proc/self/status]	VmSwap:	       0 kB
20220312 001802.558 INFO             PET0 PIOc_sync Enter - MemInfo: [/proc/self/status]	VmRSSPercent: 0.0704994 %
20220312 001802.558 INFO             PET0 PIOc_sync Enter - MemInfo: [malloc] Non-mmapped space allocated:                10055680 Byte
20220312 001802.558 INFO             PET0 PIOc_sync Enter - MemInfo: [malloc] Space allocated in mmapped regions:          3219456 Byte
20220312 001802.558 INFO             PET0 PIOc_sync Enter - MemInfo: [malloc] Maximum total allocated space:                     0 Byte
20220312 001802.558 INFO             PET0 PIOc_sync Enter - MemInfo: [malloc] Space in freed fastbin blocks:                     0 Byte
20220312 001802.558 INFO             PET0 PIOc_sync Enter - MemInfo: [malloc] Total allocated space:                       9931776 Byte
20220312 001802.558 INFO             PET0 PIOc_sync Enter - MemInfo: [malloc] Total free space:                             123904 Byte
20220312 001802.558 INFO             PET0 PIOc_sync Enter - MemInfo: [malloc] Top-most, releasable space:                   120848 Byte
20220312 001802.558 INFO             PET0 PIOc_sync Enter - MemInfo: [malloc] Total space in use, mmap + non-mmap:        13151232 Byte
20220312 001802.558 INFO             PET0 PIOc_sync Enter - MemInfo: [malloc] Total space held (mmap + non-mmap):         13275136 Byte
20220312 001802.558 INFO             PET0 PIOc_sync Enter - MemInfo: [malloc] Total space used (mmap + non-mmap):         13159552 Byte
20220312 001802.558 INFO             PET0 PIOc_sync Enter - MemInfo: Wall-clock time since execution start:              0.0815451 seconds
20220312 001802.558 INFO             PET0 PIOc_sync Exit - MemInfo: [/proc/meminfo - SSI]	MemTotal:       65855856 kB
20220312 001802.558 INFO             PET0 PIOc_sync Exit - MemInfo: [/proc/meminfo - SSI]	MemFree:        61071064 kB
20220312 001802.558 INFO             PET0 PIOc_sync Exit - MemInfo: [/proc/meminfo - SSI]	MemAvailable:   60899496 kB
20220312 001802.558 INFO             PET0 PIOc_sync Exit - MemInfo: [/proc/meminfo - SSI]	Committed_AS:    3144408 kB
20220312 001802.558 INFO             PET0 PIOc_sync Exit - MemInfo: [/proc/meminfo - SSI]	CommittedPercent: 4.77468 %
20220312 001802.558 INFO             PET0 PIOc_sync Exit - MemInfo: [/proc/self/status]	VmPeak:	  268908 kB
20220312 001802.558 INFO             PET0 PIOc_sync Exit - MemInfo: [/proc/self/status]	VmSize:	  268908 kB
20220312 001802.558 INFO             PET0 PIOc_sync Exit - MemInfo: [/proc/self/status]	VmLck:	       0 kB
20220312 001802.558 INFO             PET0 PIOc_sync Exit - MemInfo: [/proc/self/status]	VmPin:	       0 kB
20220312 001802.558 INFO             PET0 PIOc_sync Exit - MemInfo: [/proc/self/status]	VmHWM:	   46428 kB
20220312 001802.558 INFO             PET0 PIOc_sync Exit - MemInfo: [/proc/self/status]	VmRSS:	   46428 kB
20220312 001802.558 INFO             PET0 PIOc_sync Exit - MemInfo: [/proc/self/status]	VmData:	   33912 kB
20220312 001802.558 INFO             PET0 PIOc_sync Exit - MemInfo: [/proc/self/status]	VmStk:	     508 kB
20220312 001802.558 INFO             PET0 PIOc_sync Exit - MemInfo: [/proc/self/status]	VmExe:	    1784 kB
20220312 001802.558 INFO             PET0 PIOc_sync Exit - MemInfo: [/proc/self/status]	VmLib:	  133788 kB
20220312 001802.558 INFO             PET0 PIOc_sync Exit - MemInfo: [/proc/self/status]	VmPTE:	     440 kB
20220312 001802.558 INFO             PET0 PIOc_sync Exit - MemInfo: [/proc/self/status]	VmPMD:	      12 kB
20220312 001802.558 INFO             PET0 PIOc_sync Exit - MemInfo: [/proc/self/status]	VmSwap:	       0 kB
20220312 001802.558 INFO             PET0 PIOc_sync Exit - MemInfo: [/proc/self/status]	VmRSSPercent: 0.0704994 %
20220312 001802.558 INFO             PET0 PIOc_sync Exit - MemInfo: [malloc] Non-mmapped space allocated:                10055680 Byte
20220312 001802.558 INFO             PET0 PIOc_sync Exit - MemInfo: [malloc] Space allocated in mmapped regions:          3219456 Byte
20220312 001802.558 INFO             PET0 PIOc_sync Exit - MemInfo: [malloc] Maximum total allocated space:                     0 Byte
20220312 001802.558 INFO             PET0 PIOc_sync Exit - MemInfo: [malloc] Space in freed fastbin blocks:                     0 Byte
20220312 001802.558 INFO             PET0 PIOc_sync Exit - MemInfo: [malloc] Total allocated space:                       9933280 Byte
20220312 001802.558 INFO             PET0 PIOc_sync Exit - MemInfo: [malloc] Total free space:                             122400 Byte
20220312 001802.558 INFO             PET0 PIOc_sync Exit - MemInfo: [malloc] Top-most, releasable space:                   120624 Byte
20220312 001802.558 INFO             PET0 PIOc_sync Exit - MemInfo: [malloc] Total space in use, mmap + non-mmap:        13152736 Byte
20220312 001802.558 INFO             PET0 PIOc_sync Exit - MemInfo: [malloc] Total space held (mmap + non-mmap):         13275136 Byte
20220312 001802.558 INFO             PET0 PIOc_sync Exit - MemInfo: [malloc] Total space used (mmap + non-mmap):         13161056 Byte
20220312 001802.558 INFO             PET0 PIOc_sync Exit - MemInfo: Wall-clock time since execution start:              0.0821061 seconds
20220312 001802.559 INFO             PET0 PIOc_freedecomp Enter - MemInfo: [/proc/meminfo - SSI]	MemTotal:       65855856 kB
20220312 001802.559 INFO             PET0 PIOc_freedecomp Enter - MemInfo: [/proc/meminfo - SSI]	MemFree:        61071064 kB
20220312 001802.559 INFO             PET0 PIOc_freedecomp Enter - MemInfo: [/proc/meminfo - SSI]	MemAvailable:   60899496 kB
20220312 001802.559 INFO             PET0 PIOc_freedecomp Enter - MemInfo: [/proc/meminfo - SSI]	Committed_AS:    3144408 kB
20220312 001802.559 INFO             PET0 PIOc_freedecomp Enter - MemInfo: [/proc/meminfo - SSI]	CommittedPercent: 4.77468 %
20220312 001802.559 INFO             PET0 PIOc_freedecomp Enter - MemInfo: [/proc/self/status]	VmPeak:	  268908 kB
20220312 001802.559 INFO             PET0 PIOc_freedecomp Enter - MemInfo: [/proc/self/status]	VmSize:	  268908 kB
20220312 001802.559 INFO             PET0 PIOc_freedecomp Enter - MemInfo: [/proc/self/status]	VmLck:	       0 kB
20220312 001802.559 INFO             PET0 PIOc_freedecomp Enter - MemInfo: [/proc/self/status]	VmPin:	       0 kB
20220312 001802.559 INFO             PET0 PIOc_freedecomp Enter - MemInfo: [/proc/self/status]	VmHWM:	   46428 kB
20220312 001802.559 INFO             PET0 PIOc_freedecomp Enter - MemInfo: [/proc/self/status]	VmRSS:	   46428 kB
20220312 001802.559 INFO             PET0 PIOc_freedecomp Enter - MemInfo: [/proc/self/status]	VmData:	   33912 kB
20220312 001802.559 INFO             PET0 PIOc_freedecomp Enter - MemInfo: [/proc/self/status]	VmStk:	     508 kB
20220312 001802.559 INFO             PET0 PIOc_freedecomp Enter - MemInfo: [/proc/self/status]	VmExe:	    1784 kB
20220312 001802.559 INFO             PET0 PIOc_freedecomp Enter - MemInfo: [/proc/self/status]	VmLib:	  133788 kB
20220312 001802.559 INFO             PET0 PIOc_freedecomp Enter - MemInfo: [/proc/self/status]	VmPTE:	     440 kB
20220312 001802.559 INFO             PET0 PIOc_freedecomp Enter - MemInfo: [/proc/self/status]	VmPMD:	      12 kB
20220312 001802.559 INFO             PET0 PIOc_freedecomp Enter - MemInfo: [/proc/self/status]	VmSwap:	       0 kB
20220312 001802.559 INFO             PET0 PIOc_freedecomp Enter - MemInfo: [/proc/self/status]	VmRSSPercent: 0.0704994 %
20220312 001802.559 INFO             PET0 PIOc_freedecomp Enter - MemInfo: [malloc] Non-mmapped space allocated:                10055680 Byte
20220312 001802.559 INFO             PET0 PIOc_freedecomp Enter - MemInfo: [malloc] Space allocated in mmapped regions:          3219456 Byte
20220312 001802.559 INFO             PET0 PIOc_freedecomp Enter - MemInfo: [malloc] Maximum total allocated space:                     0 Byte
20220312 001802.559 INFO             PET0 PIOc_freedecomp Enter - MemInfo: [malloc] Space in freed fastbin blocks:                   112 Byte
20220312 001802.559 INFO             PET0 PIOc_freedecomp Enter - MemInfo: [malloc] Total allocated space:                       1009776 Byte
20220312 001802.559 INFO             PET0 PIOc_freedecomp Enter - MemInfo: [malloc] Total free space:                            9045904 Byte
20220312 001802.559 INFO             PET0 PIOc_freedecomp Enter - MemInfo: [malloc] Top-most, releasable space:                   120400 Byte
20220312 001802.559 INFO             PET0 PIOc_freedecomp Enter - MemInfo: [malloc] Total space in use, mmap + non-mmap:         4229232 Byte
20220312 001802.559 INFO             PET0 PIOc_freedecomp Enter - MemInfo: [malloc] Total space held (mmap + non-mmap):         13275136 Byte
20220312 001802.559 INFO             PET0 PIOc_freedecomp Enter - MemInfo: [malloc] Total space used (mmap + non-mmap):          4237440 Byte
20220312 001802.559 INFO             PET0 PIOc_freedecomp Enter - MemInfo: Wall-clock time since execution start:               0.082799 seconds
20220312 001802.559 INFO             PET0 PIOc_freedecomp Exit - MemInfo: [/proc/meminfo - SSI]	MemTotal:       65855856 kB
20220312 001802.559 INFO             PET0 PIOc_freedecomp Exit - MemInfo: [/proc/meminfo - SSI]	MemFree:        61071064 kB
20220312 001802.559 INFO             PET0 PIOc_freedecomp Exit - MemInfo: [/proc/meminfo - SSI]	MemAvailable:   60899496 kB
20220312 001802.559 INFO             PET0 PIOc_freedecomp Exit - MemInfo: [/proc/meminfo - SSI]	Committed_AS:    3144408 kB
20220312 001802.559 INFO             PET0 PIOc_freedecomp Exit - MemInfo: [/proc/meminfo - SSI]	CommittedPercent: 4.77468 %
20220312 001802.559 INFO             PET0 PIOc_freedecomp Exit - MemInfo: [/proc/self/status]	VmPeak:	  268908 kB
20220312 001802.559 INFO             PET0 PIOc_freedecomp Exit - MemInfo: [/proc/self/status]	VmSize:	  268908 kB
20220312 001802.559 INFO             PET0 PIOc_freedecomp Exit - MemInfo: [/proc/self/status]	VmLck:	       0 kB
20220312 001802.559 INFO             PET0 PIOc_freedecomp Exit - MemInfo: [/proc/self/status]	VmPin:	       0 kB
20220312 001802.559 INFO             PET0 PIOc_freedecomp Exit - MemInfo: [/proc/self/status]	VmHWM:	   46428 kB
20220312 001802.559 INFO             PET0 PIOc_freedecomp Exit - MemInfo: [/proc/self/status]	VmRSS:	   46428 kB
20220312 001802.559 INFO             PET0 PIOc_freedecomp Exit - MemInfo: [/proc/self/status]	VmData:	   33912 kB
20220312 001802.559 INFO             PET0 PIOc_freedecomp Exit - MemInfo: [/proc/self/status]	VmStk:	     508 kB
20220312 001802.559 INFO             PET0 PIOc_freedecomp Exit - MemInfo: [/proc/self/status]	VmExe:	    1784 kB
20220312 001802.559 INFO             PET0 PIOc_freedecomp Exit - MemInfo: [/proc/self/status]	VmLib:	  133788 kB
20220312 001802.559 INFO             PET0 PIOc_freedecomp Exit - MemInfo: [/proc/self/status]	VmPTE:	     440 kB
20220312 001802.559 INFO             PET0 PIOc_freedecomp Exit - MemInfo: [/proc/self/status]	VmPMD:	      12 kB
20220312 001802.559 INFO             PET0 PIOc_freedecomp Exit - MemInfo: [/proc/self/status]	VmSwap:	       0 kB
20220312 001802.559 INFO             PET0 PIOc_freedecomp Exit - MemInfo: [/proc/self/status]	VmRSSPercent: 0.0704994 %
20220312 001802.559 INFO             PET0 PIOc_freedecomp Exit - MemInfo: [malloc] Non-mmapped space allocated:                10055680 Byte
20220312 001802.559 INFO             PET0 PIOc_freedecomp Exit - MemInfo: [malloc] Space allocated in mmapped regions:          3219456 Byte
20220312 001802.559 INFO             PET0 PIOc_freedecomp Exit - MemInfo: [malloc] Maximum total allocated space:                     0 Byte
20220312 001802.559 INFO             PET0 PIOc_freedecomp Exit - MemInfo: [malloc] Space in freed fastbin blocks:                   912 Byte
20220312 001802.559 INFO             PET0 PIOc_freedecomp Exit - MemInfo: [malloc] Total allocated space:                       1007088 Byte
20220312 001802.559 INFO             PET0 PIOc_freedecomp Exit - MemInfo: [malloc] Total free space:                            9048592 Byte
20220312 001802.560 INFO             PET0 PIOc_freedecomp Exit - MemInfo: [malloc] Top-most, releasable space:                   120400 Byte
20220312 001802.560 INFO             PET0 PIOc_freedecomp Exit - MemInfo: [malloc] Total space in use, mmap + non-mmap:         4226544 Byte
20220312 001802.560 INFO             PET0 PIOc_freedecomp Exit - MemInfo: [malloc] Total space held (mmap + non-mmap):         13275136 Byte
20220312 001802.560 INFO             PET0 PIOc_freedecomp Exit - MemInfo: [malloc] Total space used (mmap + non-mmap):          4234752 Byte
20220312 001802.560 INFO             PET0 PIOc_freedecomp Exit - MemInfo: Wall-clock time since execution start:               0.083276 seconds
20220312 001802.560 INFO             PET0  PASS  Write Fortran array in nohalo Field, ESMF_FieldIOUTest.F90, line 268
20220312 001802.560 INFO             PET0  PASS  Create a field from grid and fortran dummy array without halo, ESMF_FieldIOUTest.F90, line 281
20220312 001802.579 INFO             PET0 PIOc_sync Enter - MemInfo: [/proc/meminfo - SSI]	MemTotal:       65855856 kB
20220312 001802.579 INFO             PET0 PIOc_sync Enter - MemInfo: [/proc/meminfo - SSI]	MemFree:        61070904 kB
20220312 001802.579 INFO             PET0 PIOc_sync Enter - MemInfo: [/proc/meminfo - SSI]	MemAvailable:   60899328 kB
20220312 001802.579 INFO             PET0 PIOc_sync Enter - MemInfo: [/proc/meminfo - SSI]	Committed_AS:    3144408 kB
20220312 001802.579 INFO             PET0 PIOc_sync Enter - MemInfo: [/proc/meminfo - SSI]	CommittedPercent: 4.77468 %
20220312 001802.579 INFO             PET0 PIOc_sync Enter - MemInfo: [/proc/self/status]	VmPeak:	  268908 kB
20220312 001802.579 INFO             PET0 PIOc_sync Enter - MemInfo: [/proc/self/status]	VmSize:	  268884 kB
20220312 001802.579 INFO             PET0 PIOc_sync Enter - MemInfo: [/proc/self/status]	VmLck:	       0 kB
20220312 001802.579 INFO             PET0 PIOc_sync Enter - MemInfo: [/proc/self/status]	VmPin:	       0 kB
20220312 001802.579 INFO             PET0 PIOc_sync Enter - MemInfo: [/proc/self/status]	VmHWM:	   46776 kB
20220312 001802.579 INFO             PET0 PIOc_sync Enter - MemInfo: [/proc/self/status]	VmRSS:	   46776 kB
20220312 001802.579 INFO             PET0 PIOc_sync Enter - MemInfo: [/proc/self/status]	VmData:	   33912 kB
20220312 001802.579 INFO             PET0 PIOc_sync Enter - MemInfo: [/proc/self/status]	VmStk:	     508 kB
20220312 001802.579 INFO             PET0 PIOc_sync Enter - MemInfo: [/proc/self/status]	VmExe:	    1784 kB
20220312 001802.579 INFO             PET0 PIOc_sync Enter - MemInfo: [/proc/self/status]	VmLib:	  133788 kB
20220312 001802.579 INFO             PET0 PIOc_sync Enter - MemInfo: [/proc/self/status]	VmPTE:	     440 kB
20220312 001802.579 INFO             PET0 PIOc_sync Enter - MemInfo: [/proc/self/status]	VmPMD:	      12 kB
20220312 001802.580 INFO             PET0 PIOc_sync Enter - MemInfo: [/proc/self/status]	VmSwap:	       0 kB
20220312 001802.580 INFO             PET0 PIOc_sync Enter - MemInfo: [/proc/self/status]	VmRSSPercent: 0.0710279 %
20220312 001802.580 INFO             PET0 PIOc_sync Enter - MemInfo: [malloc] Non-mmapped space allocated:                10055680 Byte
20220312 001802.580 INFO             PET0 PIOc_sync Enter - MemInfo: [malloc] Space allocated in mmapped regions:          3219456 Byte
20220312 001802.580 INFO             PET0 PIOc_sync Enter - MemInfo: [malloc] Maximum total allocated space:                     0 Byte
20220312 001802.580 INFO             PET0 PIOc_sync Enter - MemInfo: [malloc] Space in freed fastbin blocks:                     0 Byte
20220312 001802.580 INFO             PET0 PIOc_sync Enter - MemInfo: [malloc] Total allocated space:                       9937600 Byte
20220312 001802.580 INFO             PET0 PIOc_sync Enter - MemInfo: [malloc] Total free space:                             118080 Byte
20220312 001802.580 INFO             PET0 PIOc_sync Enter - MemInfo: [malloc] Top-most, releasable space:                   115152 Byte
20220312 001802.580 INFO             PET0 PIOc_sync Enter - MemInfo: [malloc] Total space in use, mmap + non-mmap:        13157056 Byte
20220312 001802.580 INFO             PET0 PIOc_sync Enter - MemInfo: [malloc] Total space held (mmap + non-mmap):         13275136 Byte
20220312 001802.580 INFO             PET0 PIOc_sync Enter - MemInfo: [malloc] Total space used (mmap + non-mmap):         13165376 Byte
20220312 001802.580 INFO             PET0 PIOc_sync Enter - MemInfo: Wall-clock time since execution start:               0.103385 seconds
20220312 001802.580 INFO             PET0 PIOc_sync Exit - MemInfo: [/proc/meminfo - SSI]	MemTotal:       65855856 kB
20220312 001802.580 INFO             PET0 PIOc_sync Exit - MemInfo: [/proc/meminfo - SSI]	MemFree:        61070904 kB
20220312 001802.580 INFO             PET0 PIOc_sync Exit - MemInfo: [/proc/meminfo - SSI]	MemAvailable:   60899328 kB
20220312 001802.580 INFO             PET0 PIOc_sync Exit - MemInfo: [/proc/meminfo - SSI]	Committed_AS:    3144408 kB
20220312 001802.580 INFO             PET0 PIOc_sync Exit - MemInfo: [/proc/meminfo - SSI]	CommittedPercent: 4.77468 %
20220312 001802.580 INFO             PET0 PIOc_sync Exit - MemInfo: [/proc/self/status]	VmPeak:	  268908 kB
20220312 001802.580 INFO             PET0 PIOc_sync Exit - MemInfo: [/proc/self/status]	VmSize:	  268884 kB
20220312 001802.580 INFO             PET0 PIOc_sync Exit - MemInfo: [/proc/self/status]	VmLck:	       0 kB
20220312 001802.580 INFO             PET0 PIOc_sync Exit - MemInfo: [/proc/self/status]	VmPin:	       0 kB
20220312 001802.580 INFO             PET0 PIOc_sync Exit - MemInfo: [/proc/self/status]	VmHWM:	   46776 kB
20220312 001802.580 INFO             PET0 PIOc_sync Exit - MemInfo: [/proc/self/status]	VmRSS:	   46776 kB
20220312 001802.580 INFO             PET0 PIOc_sync Exit - MemInfo: [/proc/self/status]	VmData:	   33912 kB
20220312 001802.580 INFO             PET0 PIOc_sync Exit - MemInfo: [/proc/self/status]	VmStk:	     508 kB
20220312 001802.580 INFO             PET0 PIOc_sync Exit - MemInfo: [/proc/self/status]	VmExe:	    1784 kB
20220312 001802.580 INFO             PET0 PIOc_sync Exit - MemInfo: [/proc/self/status]	VmLib:	  133788 kB
20220312 001802.580 INFO             PET0 PIOc_sync Exit - MemInfo: [/proc/self/status]	VmPTE:	     440 kB
20220312 001802.580 INFO             PET0 PIOc_sync Exit - MemInfo: [/proc/self/status]	VmPMD:	      12 kB
20220312 001802.580 INFO             PET0 PIOc_sync Exit - MemInfo: [/proc/self/status]	VmSwap:	       0 kB
20220312 001802.580 INFO             PET0 PIOc_sync Exit - MemInfo: [/proc/self/status]	VmRSSPercent: 0.0710279 %
20220312 001802.580 INFO             PET0 PIOc_sync Exit - MemInfo: [malloc] Non-mmapped space allocated:                10055680 Byte
20220312 001802.580 INFO             PET0 PIOc_sync Exit - MemInfo: [malloc] Space allocated in mmapped regions:          3219456 Byte
20220312 001802.580 INFO             PET0 PIOc_sync Exit - MemInfo: [malloc] Maximum total allocated space:                     0 Byte
20220312 001802.580 INFO             PET0 PIOc_sync Exit - MemInfo: [malloc] Space in freed fastbin blocks:                     0 Byte
20220312 001802.580 INFO             PET0 PIOc_sync Exit - MemInfo: [malloc] Total allocated space:                       9938896 Byte
20220312 001802.580 INFO             PET0 PIOc_sync Exit - MemInfo: [malloc] Total free space:                             116784 Byte
20220312 001802.580 INFO             PET0 PIOc_sync Exit - MemInfo: [malloc] Top-most, releasable space:                   114928 Byte
20220312 001802.580 INFO             PET0 PIOc_sync Exit - MemInfo: [malloc] Total space in use, mmap + non-mmap:        13158352 Byte
20220312 001802.580 INFO             PET0 PIOc_sync Exit - MemInfo: [malloc] Total space held (mmap + non-mmap):         13275136 Byte
20220312 001802.580 INFO             PET0 PIOc_sync Exit - MemInfo: [malloc] Total space used (mmap + non-mmap):         13166672 Byte
20220312 001802.580 INFO             PET0 PIOc_sync Exit - MemInfo: Wall-clock time since execution start:               0.103988 seconds
20220312 001802.580 INFO             PET0 PIOc_freedecomp Enter - MemInfo: [/proc/meminfo - SSI]	MemTotal:       65855856 kB
20220312 001802.580 INFO             PET0 PIOc_freedecomp Enter - MemInfo: [/proc/meminfo - SSI]	MemFree:        61070904 kB
20220312 001802.580 INFO             PET0 PIOc_freedecomp Enter - MemInfo: [/proc/meminfo - SSI]	MemAvailable:   60899328 kB
20220312 001802.581 INFO             PET0 PIOc_freedecomp Enter - MemInfo: [/proc/meminfo - SSI]	Committed_AS:    3144408 kB
20220312 001802.581 INFO             PET0 PIOc_freedecomp Enter - MemInfo: [/proc/meminfo - SSI]	CommittedPercent: 4.77468 %
20220312 001802.581 INFO             PET0 PIOc_freedecomp Enter - MemInfo: [/proc/self/status]	VmPeak:	  268908 kB
20220312 001802.581 INFO             PET0 PIOc_freedecomp Enter - MemInfo: [/proc/self/status]	VmSize:	  268884 kB
20220312 001802.581 INFO             PET0 PIOc_freedecomp Enter - MemInfo: [/proc/self/status]	VmLck:	       0 kB
20220312 001802.581 INFO             PET0 PIOc_freedecomp Enter - MemInfo: [/proc/self/status]	VmPin:	       0 kB
20220312 001802.581 INFO             PET0 PIOc_freedecomp Enter - MemInfo: [/proc/self/status]	VmHWM:	   46776 kB
20220312 001802.581 INFO             PET0 PIOc_freedecomp Enter - MemInfo: [/proc/self/status]	VmRSS:	   46776 kB
20220312 001802.581 INFO             PET0 PIOc_freedecomp Enter - MemInfo: [/proc/self/status]	VmData:	   33912 kB
20220312 001802.581 INFO             PET0 PIOc_freedecomp Enter - MemInfo: [/proc/self/status]	VmStk:	     508 kB
20220312 001802.581 INFO             PET0 PIOc_freedecomp Enter - MemInfo: [/proc/self/status]	VmExe:	    1784 kB
20220312 001802.581 INFO             PET0 PIOc_freedecomp Enter - MemInfo: [/proc/self/status]	VmLib:	  133788 kB
20220312 001802.581 INFO             PET0 PIOc_freedecomp Enter - MemInfo: [/proc/self/status]	VmPTE:	     440 kB
20220312 001802.581 INFO             PET0 PIOc_freedecomp Enter - MemInfo: [/proc/self/status]	VmPMD:	      12 kB
20220312 001802.581 INFO             PET0 PIOc_freedecomp Enter - MemInfo: [/proc/self/status]	VmSwap:	       0 kB
20220312 001802.581 INFO             PET0 PIOc_freedecomp Enter - MemInfo: [/proc/self/status]	VmRSSPercent: 0.0710279 %
20220312 001802.581 INFO             PET0 PIOc_freedecomp Enter - MemInfo: [malloc] Non-mmapped space allocated:                10055680 Byte
20220312 001802.581 INFO             PET0 PIOc_freedecomp Enter - MemInfo: [malloc] Space allocated in mmapped regions:          3219456 Byte
20220312 001802.581 INFO             PET0 PIOc_freedecomp Enter - MemInfo: [malloc] Maximum total allocated space:                     0 Byte
20220312 001802.581 INFO             PET0 PIOc_freedecomp Enter - MemInfo: [malloc] Space in freed fastbin blocks:                     0 Byte
20220312 001802.581 INFO             PET0 PIOc_freedecomp Enter - MemInfo: [malloc] Total allocated space:                       1015024 Byte
20220312 001802.581 INFO             PET0 PIOc_freedecomp Enter - MemInfo: [malloc] Total free space:                            9040656 Byte
20220312 001802.581 INFO             PET0 PIOc_freedecomp Enter - MemInfo: [malloc] Top-most, releasable space:                   114704 Byte
20220312 001802.581 INFO             PET0 PIOc_freedecomp Enter - MemInfo: [malloc] Total space in use, mmap + non-mmap:         4234480 Byte
20220312 001802.581 INFO             PET0 PIOc_freedecomp Enter - MemInfo: [malloc] Total space held (mmap + non-mmap):         13275136 Byte
20220312 001802.581 INFO             PET0 PIOc_freedecomp Enter - MemInfo: [malloc] Total space used (mmap + non-mmap):          4242688 Byte
20220312 001802.581 INFO             PET0 PIOc_freedecomp Enter - MemInfo: Wall-clock time since execution start:               0.104602 seconds
20220312 001802.581 INFO             PET0 PIOc_freedecomp Exit - MemInfo: [/proc/meminfo - SSI]	MemTotal:       65855856 kB
20220312 001802.581 INFO             PET0 PIOc_freedecomp Exit - MemInfo: [/proc/meminfo - SSI]	MemFree:        61070904 kB
20220312 001802.581 INFO             PET0 PIOc_freedecomp Exit - MemInfo: [/proc/meminfo - SSI]	MemAvailable:   60899328 kB
20220312 001802.581 INFO             PET0 PIOc_freedecomp Exit - MemInfo: [/proc/meminfo - SSI]	Committed_AS:    3144408 kB
20220312 001802.581 INFO             PET0 PIOc_freedecomp Exit - MemInfo: [/proc/meminfo - SSI]	CommittedPercent: 4.77468 %
20220312 001802.581 INFO             PET0 PIOc_freedecomp Exit - MemInfo: [/proc/self/status]	VmPeak:	  268908 kB
20220312 001802.581 INFO             PET0 PIOc_freedecomp Exit - MemInfo: [/proc/self/status]	VmSize:	  268884 kB
20220312 001802.581 INFO             PET0 PIOc_freedecomp Exit - MemInfo: [/proc/self/status]	VmLck:	       0 kB
20220312 001802.581 INFO             PET0 PIOc_freedecomp Exit - MemInfo: [/proc/self/status]	VmPin:	       0 kB
20220312 001802.581 INFO             PET0 PIOc_freedecomp Exit - MemInfo: [/proc/self/status]	VmHWM:	   46776 kB
20220312 001802.581 INFO             PET0 PIOc_freedecomp Exit - MemInfo: [/proc/self/status]	VmRSS:	   46776 kB
20220312 001802.581 INFO             PET0 PIOc_freedecomp Exit - MemInfo: [/proc/self/status]	VmData:	   33912 kB
20220312 001802.581 INFO             PET0 PIOc_freedecomp Exit - MemInfo: [/proc/self/status]	VmStk:	     508 kB
20220312 001802.581 INFO             PET0 PIOc_freedecomp Exit - MemInfo: [/proc/self/status]	VmExe:	    1784 kB
20220312 001802.581 INFO             PET0 PIOc_freedecomp Exit - MemInfo: [/proc/self/status]	VmLib:	  133788 kB
20220312 001802.581 INFO             PET0 PIOc_freedecomp Exit - MemInfo: [/proc/self/status]	VmPTE:	     440 kB
20220312 001802.581 INFO             PET0 PIOc_freedecomp Exit - MemInfo: [/proc/self/status]	VmPMD:	      12 kB
20220312 001802.581 INFO             PET0 PIOc_freedecomp Exit - MemInfo: [/proc/self/status]	VmSwap:	       0 kB
20220312 001802.581 INFO             PET0 PIOc_freedecomp Exit - MemInfo: [/proc/self/status]	VmRSSPercent: 0.0710279 %
20220312 001802.581 INFO             PET0 PIOc_freedecomp Exit - MemInfo: [malloc] Non-mmapped space allocated:                10055680 Byte
20220312 001802.581 INFO             PET0 PIOc_freedecomp Exit - MemInfo: [malloc] Space allocated in mmapped regions:          3219456 Byte
20220312 001802.581 INFO             PET0 PIOc_freedecomp Exit - MemInfo: [malloc] Maximum total allocated space:                     0 Byte
20220312 001802.581 INFO             PET0 PIOc_freedecomp Exit - MemInfo: [malloc] Space in freed fastbin blocks:                   624 Byte
20220312 001802.581 INFO             PET0 PIOc_freedecomp Exit - MemInfo: [malloc] Total allocated space:                       1012304 Byte
20220312 001802.581 INFO             PET0 PIOc_freedecomp Exit - MemInfo: [malloc] Total free space:                            9043376 Byte
20220312 001802.581 INFO             PET0 PIOc_freedecomp Exit - MemInfo: [malloc] Top-most, releasable space:                   120400 Byte
20220312 001802.581 INFO             PET0 PIOc_freedecomp Exit - MemInfo: [malloc] Total space in use, mmap + non-mmap:         4231760 Byte
20220312 001802.581 INFO             PET0 PIOc_freedecomp Exit - MemInfo: [malloc] Total space held (mmap + non-mmap):         13275136 Byte
20220312 001802.581 INFO             PET0 PIOc_freedecomp Exit - MemInfo: [malloc] Total space used (mmap + non-mmap):          4239968 Byte
20220312 001802.581 INFO             PET0 PIOc_freedecomp Exit - MemInfo: Wall-clock time since execution start:               0.105068 seconds
20220312 001802.583 INFO             PET0 PIOc_sync Enter - MemInfo: [/proc/meminfo - SSI]	MemTotal:       65855856 kB
20220312 001802.583 INFO             PET0 PIOc_sync Enter - MemInfo: [/proc/meminfo - SSI]	MemFree:        61070904 kB
20220312 001802.583 INFO             PET0 PIOc_sync Enter - MemInfo: [/proc/meminfo - SSI]	MemAvailable:   60899328 kB
20220312 001802.583 INFO             PET0 PIOc_sync Enter - MemInfo: [/proc/meminfo - SSI]	Committed_AS:    3144408 kB
20220312 001802.583 INFO             PET0 PIOc_sync Enter - MemInfo: [/proc/meminfo - SSI]	CommittedPercent: 4.77468 %
20220312 001802.583 INFO             PET0 PIOc_sync Enter - MemInfo: [/proc/self/status]	VmPeak:	  268908 kB
20220312 001802.583 INFO             PET0 PIOc_sync Enter - MemInfo: [/proc/self/status]	VmSize:	  268872 kB
20220312 001802.583 INFO             PET0 PIOc_sync Enter - MemInfo: [/proc/self/status]	VmLck:	       0 kB
20220312 001802.583 INFO             PET0 PIOc_sync Enter - MemInfo: [/proc/self/status]	VmPin:	       0 kB
20220312 001802.583 INFO             PET0 PIOc_sync Enter - MemInfo: [/proc/self/status]	VmHWM:	   47004 kB
20220312 001802.583 INFO             PET0 PIOc_sync Enter - MemInfo: [/proc/self/status]	VmRSS:	   47004 kB
20220312 001802.583 INFO             PET0 PIOc_sync Enter - MemInfo: [/proc/self/status]	VmData:	   33912 kB
20220312 001802.583 INFO             PET0 PIOc_sync Enter - MemInfo: [/proc/self/status]	VmStk:	     508 kB
20220312 001802.583 INFO             PET0 PIOc_sync Enter - MemInfo: [/proc/self/status]	VmExe:	    1784 kB
20220312 001802.583 INFO             PET0 PIOc_sync Enter - MemInfo: [/proc/self/status]	VmLib:	  133788 kB
20220312 001802.583 INFO             PET0 PIOc_sync Enter - MemInfo: [/proc/self/status]	VmPTE:	     440 kB
20220312 001802.583 INFO             PET0 PIOc_sync Enter - MemInfo: [/proc/self/status]	VmPMD:	      12 kB
20220312 001802.583 INFO             PET0 PIOc_sync Enter - MemInfo: [/proc/self/status]	VmSwap:	       0 kB
20220312 001802.583 INFO             PET0 PIOc_sync Enter - MemInfo: [/proc/self/status]	VmRSSPercent: 0.0713741 %
20220312 001802.583 INFO             PET0 PIOc_sync Enter - MemInfo: [malloc] Non-mmapped space allocated:                10055680 Byte
20220312 001802.583 INFO             PET0 PIOc_sync Enter - MemInfo: [malloc] Space allocated in mmapped regions:          3219456 Byte
20220312 001802.583 INFO             PET0 PIOc_sync Enter - MemInfo: [malloc] Maximum total allocated space:                     0 Byte
20220312 001802.583 INFO             PET0 PIOc_sync Enter - MemInfo: [malloc] Space in freed fastbin blocks:                   576 Byte
20220312 001802.583 INFO             PET0 PIOc_sync Enter - MemInfo: [malloc] Total allocated space:                       9939856 Byte
20220312 001802.583 INFO             PET0 PIOc_sync Enter - MemInfo: [malloc] Total free space:                             115824 Byte
20220312 001802.583 INFO             PET0 PIOc_sync Enter - MemInfo: [malloc] Top-most, releasable space:                   113536 Byte
20220312 001802.583 INFO             PET0 PIOc_sync Enter - MemInfo: [malloc] Total space in use, mmap + non-mmap:        13159312 Byte
20220312 001802.583 INFO             PET0 PIOc_sync Enter - MemInfo: [malloc] Total space held (mmap + non-mmap):         13275136 Byte
20220312 001802.583 INFO             PET0 PIOc_sync Enter - MemInfo: [malloc] Total space used (mmap + non-mmap):         13167632 Byte
20220312 001802.583 INFO             PET0 PIOc_sync Enter - MemInfo: Wall-clock time since execution start:               0.107067 seconds
20220312 001802.584 INFO             PET0 PIOc_sync Exit - MemInfo: [/proc/meminfo - SSI]	MemTotal:       65855856 kB
20220312 001802.584 INFO             PET0 PIOc_sync Exit - MemInfo: [/proc/meminfo - SSI]	MemFree:        61070904 kB
20220312 001802.584 INFO             PET0 PIOc_sync Exit - MemInfo: [/proc/meminfo - SSI]	MemAvailable:   60899328 kB
20220312 001802.584 INFO             PET0 PIOc_sync Exit - MemInfo: [/proc/meminfo - SSI]	Committed_AS:    3144408 kB
20220312 001802.584 INFO             PET0 PIOc_sync Exit - MemInfo: [/proc/meminfo - SSI]	CommittedPercent: 4.77468 %
20220312 001802.584 INFO             PET0 PIOc_sync Exit - MemInfo: [/proc/self/status]	VmPeak:	  268908 kB
20220312 001802.584 INFO             PET0 PIOc_sync Exit - MemInfo: [/proc/self/status]	VmSize:	  268872 kB
20220312 001802.584 INFO             PET0 PIOc_sync Exit - MemInfo: [/proc/self/status]	VmLck:	       0 kB
20220312 001802.584 INFO             PET0 PIOc_sync Exit - MemInfo: [/proc/self/status]	VmPin:	       0 kB
20220312 001802.584 INFO             PET0 PIOc_sync Exit - MemInfo: [/proc/self/status]	VmHWM:	   47004 kB
20220312 001802.584 INFO             PET0 PIOc_sync Exit - MemInfo: [/proc/self/status]	VmRSS:	   47004 kB
20220312 001802.584 INFO             PET0 PIOc_sync Exit - MemInfo: [/proc/self/status]	VmData:	   33912 kB
20220312 001802.584 INFO             PET0 PIOc_sync Exit - MemInfo: [/proc/self/status]	VmStk:	     508 kB
20220312 001802.584 INFO             PET0 PIOc_sync Exit - MemInfo: [/proc/self/status]	VmExe:	    1784 kB
20220312 001802.584 INFO             PET0 PIOc_sync Exit - MemInfo: [/proc/self/status]	VmLib:	  133788 kB
20220312 001802.584 INFO             PET0 PIOc_sync Exit - MemInfo: [/proc/self/status]	VmPTE:	     440 kB
20220312 001802.584 INFO             PET0 PIOc_sync Exit - MemInfo: [/proc/self/status]	VmPMD:	      12 kB
20220312 001802.584 INFO             PET0 PIOc_sync Exit - MemInfo: [/proc/self/status]	VmSwap:	       0 kB
20220312 001802.584 INFO             PET0 PIOc_sync Exit - MemInfo: [/proc/self/status]	VmRSSPercent: 0.0713741 %
20220312 001802.584 INFO             PET0 PIOc_sync Exit - MemInfo: [malloc] Non-mmapped space allocated:                10055680 Byte
20220312 001802.584 INFO             PET0 PIOc_sync Exit - MemInfo: [malloc] Space allocated in mmapped regions:          3219456 Byte
20220312 001802.584 INFO             PET0 PIOc_sync Exit - MemInfo: [malloc] Maximum total allocated space:                     0 Byte
20220312 001802.584 INFO             PET0 PIOc_sync Exit - MemInfo: [malloc] Space in freed fastbin blocks:                     0 Byte
20220312 001802.584 INFO             PET0 PIOc_sync Exit - MemInfo: [malloc] Total allocated space:                       9940928 Byte
20220312 001802.584 INFO             PET0 PIOc_sync Exit - MemInfo: [malloc] Total free space:                             114752 Byte
20220312 001802.584 INFO             PET0 PIOc_sync Exit - MemInfo: [malloc] Top-most, releasable space:                   113312 Byte
20220312 001802.584 INFO             PET0 PIOc_sync Exit - MemInfo: [malloc] Total space in use, mmap + non-mmap:        13160384 Byte
20220312 001802.584 INFO             PET0 PIOc_sync Exit - MemInfo: [malloc] Total space held (mmap + non-mmap):         13275136 Byte
20220312 001802.584 INFO             PET0 PIOc_sync Exit - MemInfo: [malloc] Total space used (mmap + non-mmap):         13168704 Byte
20220312 001802.584 INFO             PET0 PIOc_sync Exit - MemInfo: Wall-clock time since execution start:               0.107656 seconds
20220312 001802.584 INFO             PET0 PIOc_freedecomp Enter - MemInfo: [/proc/meminfo - SSI]	MemTotal:       65855856 kB
20220312 001802.584 INFO             PET0 PIOc_freedecomp Enter - MemInfo: [/proc/meminfo - SSI]	MemFree:        61070904 kB
20220312 001802.584 INFO             PET0 PIOc_freedecomp Enter - MemInfo: [/proc/meminfo - SSI]	MemAvailable:   60899328 kB
20220312 001802.584 INFO             PET0 PIOc_freedecomp Enter - MemInfo: [/proc/meminfo - SSI]	Committed_AS:    3144408 kB
20220312 001802.584 INFO             PET0 PIOc_freedecomp Enter - MemInfo: [/proc/meminfo - SSI]	CommittedPercent: 4.77468 %
20220312 001802.584 INFO             PET0 PIOc_freedecomp Enter - MemInfo: [/proc/self/status]	VmPeak:	  268908 kB
20220312 001802.584 INFO             PET0 PIOc_freedecomp Enter - MemInfo: [/proc/self/status]	VmSize:	  268872 kB
20220312 001802.584 INFO             PET0 PIOc_freedecomp Enter - MemInfo: [/proc/self/status]	VmLck:	       0 kB
20220312 001802.584 INFO             PET0 PIOc_freedecomp Enter - MemInfo: [/proc/self/status]	VmPin:	       0 kB
20220312 001802.584 INFO             PET0 PIOc_freedecomp Enter - MemInfo: [/proc/self/status]	VmHWM:	   47004 kB
20220312 001802.584 INFO             PET0 PIOc_freedecomp Enter - MemInfo: [/proc/self/status]	VmRSS:	   47004 kB
20220312 001802.584 INFO             PET0 PIOc_freedecomp Enter - MemInfo: [/proc/self/status]	VmData:	   33912 kB
20220312 001802.584 INFO             PET0 PIOc_freedecomp Enter - MemInfo: [/proc/self/status]	VmStk:	     508 kB
20220312 001802.584 INFO             PET0 PIOc_freedecomp Enter - MemInfo: [/proc/self/status]	VmExe:	    1784 kB
20220312 001802.584 INFO             PET0 PIOc_freedecomp Enter - MemInfo: [/proc/self/status]	VmLib:	  133788 kB
20220312 001802.584 INFO             PET0 PIOc_freedecomp Enter - MemInfo: [/proc/self/status]	VmPTE:	     440 kB
20220312 001802.584 INFO             PET0 PIOc_freedecomp Enter - MemInfo: [/proc/self/status]	VmPMD:	      12 kB
20220312 001802.584 INFO             PET0 PIOc_freedecomp Enter - MemInfo: [/proc/self/status]	VmSwap:	       0 kB
20220312 001802.584 INFO             PET0 PIOc_freedecomp Enter - MemInfo: [/proc/self/status]	VmRSSPercent: 0.0713741 %
20220312 001802.584 INFO             PET0 PIOc_freedecomp Enter - MemInfo: [malloc] Non-mmapped space allocated:                10055680 Byte
20220312 001802.584 INFO             PET0 PIOc_freedecomp Enter - MemInfo: [malloc] Space allocated in mmapped regions:          3219456 Byte
20220312 001802.584 INFO             PET0 PIOc_freedecomp Enter - MemInfo: [malloc] Maximum total allocated space:                     0 Byte
20220312 001802.584 INFO             PET0 PIOc_freedecomp Enter - MemInfo: [malloc] Space in freed fastbin blocks:                   112 Byte
20220312 001802.584 INFO             PET0 PIOc_freedecomp Enter - MemInfo: [malloc] Total allocated space:                       1016752 Byte
20220312 001802.584 INFO             PET0 PIOc_freedecomp Enter - MemInfo: [malloc] Total free space:                            9038928 Byte
20220312 001802.584 INFO             PET0 PIOc_freedecomp Enter - MemInfo: [malloc] Top-most, releasable space:                   113088 Byte
20220312 001802.585 INFO             PET0 PIOc_freedecomp Enter - MemInfo: [malloc] Total space in use, mmap + non-mmap:         4236208 Byte
20220312 001802.585 INFO             PET0 PIOc_freedecomp Enter - MemInfo: [malloc] Total space held (mmap + non-mmap):         13275136 Byte
20220312 001802.585 INFO             PET0 PIOc_freedecomp Enter - MemInfo: [malloc] Total space used (mmap + non-mmap):          4244416 Byte
20220312 001802.585 INFO             PET0 PIOc_freedecomp Enter - MemInfo: Wall-clock time since execution start:               0.108278 seconds
20220312 001802.585 INFO             PET0 PIOc_freedecomp Exit - MemInfo: [/proc/meminfo - SSI]	MemTotal:       65855856 kB
20220312 001802.585 INFO             PET0 PIOc_freedecomp Exit - MemInfo: [/proc/meminfo - SSI]	MemFree:        61070904 kB
20220312 001802.585 INFO             PET0 PIOc_freedecomp Exit - MemInfo: [/proc/meminfo - SSI]	MemAvailable:   60899328 kB
20220312 001802.585 INFO             PET0 PIOc_freedecomp Exit - MemInfo: [/proc/meminfo - SSI]	Committed_AS:    3144408 kB
20220312 001802.585 INFO             PET0 PIOc_freedecomp Exit - MemInfo: [/proc/meminfo - SSI]	CommittedPercent: 4.77468 %
20220312 001802.585 INFO             PET0 PIOc_freedecomp Exit - MemInfo: [/proc/self/status]	VmPeak:	  268908 kB
20220312 001802.585 INFO             PET0 PIOc_freedecomp Exit - MemInfo: [/proc/self/status]	VmSize:	  268872 kB
20220312 001802.585 INFO             PET0 PIOc_freedecomp Exit - MemInfo: [/proc/self/status]	VmLck:	       0 kB
20220312 001802.585 INFO             PET0 PIOc_freedecomp Exit - MemInfo: [/proc/self/status]	VmPin:	       0 kB
20220312 001802.585 INFO             PET0 PIOc_freedecomp Exit - MemInfo: [/proc/self/status]	VmHWM:	   47004 kB
20220312 001802.585 INFO             PET0 PIOc_freedecomp Exit - MemInfo: [/proc/self/status]	VmRSS:	   47004 kB
20220312 001802.585 INFO             PET0 PIOc_freedecomp Exit - MemInfo: [/proc/self/status]	VmData:	   33912 kB
20220312 001802.585 INFO             PET0 PIOc_freedecomp Exit - MemInfo: [/proc/self/status]	VmStk:	     508 kB
20220312 001802.585 INFO             PET0 PIOc_freedecomp Exit - MemInfo: [/proc/self/status]	VmExe:	    1784 kB
20220312 001802.585 INFO             PET0 PIOc_freedecomp Exit - MemInfo: [/proc/self/status]	VmLib:	  133788 kB
20220312 001802.585 INFO             PET0 PIOc_freedecomp Exit - MemInfo: [/proc/self/status]	VmPTE:	     440 kB
20220312 001802.585 INFO             PET0 PIOc_freedecomp Exit - MemInfo: [/proc/self/status]	VmPMD:	      12 kB
20220312 001802.585 INFO             PET0 PIOc_freedecomp Exit - MemInfo: [/proc/self/status]	VmSwap:	       0 kB
20220312 001802.585 INFO             PET0 PIOc_freedecomp Exit - MemInfo: [/proc/self/status]	VmRSSPercent: 0.0713741 %
20220312 001802.585 INFO             PET0 PIOc_freedecomp Exit - MemInfo: [malloc] Non-mmapped space allocated:                10055680 Byte
20220312 001802.585 INFO             PET0 PIOc_freedecomp Exit - MemInfo: [malloc] Space allocated in mmapped regions:          3219456 Byte
20220312 001802.585 INFO             PET0 PIOc_freedecomp Exit - MemInfo: [malloc] Maximum total allocated space:                     0 Byte
20220312 001802.585 INFO             PET0 PIOc_freedecomp Exit - MemInfo: [malloc] Space in freed fastbin blocks:                   192 Byte
20220312 001802.585 INFO             PET0 PIOc_freedecomp Exit - MemInfo: [malloc] Total allocated space:                       1013904 Byte
20220312 001802.585 INFO             PET0 PIOc_freedecomp Exit - MemInfo: [malloc] Total free space:                            9041776 Byte
20220312 001802.585 INFO             PET0 PIOc_freedecomp Exit - MemInfo: [malloc] Top-most, releasable space:                   120400 Byte
20220312 001802.585 INFO             PET0 PIOc_freedecomp Exit - MemInfo: [malloc] Total space in use, mmap + non-mmap:         4233360 Byte
20220312 001802.585 INFO             PET0 PIOc_freedecomp Exit - MemInfo: [malloc] Total space held (mmap + non-mmap):         13275136 Byte
20220312 001802.585 INFO             PET0 PIOc_freedecomp Exit - MemInfo: [malloc] Total space used (mmap + non-mmap):          4241568 Byte
20220312 001802.585 INFO             PET0 PIOc_freedecomp Exit - MemInfo: Wall-clock time since execution start:               0.108726 seconds
20220312 001802.585 INFO             PET0  PASS  Write multiple Fields with same dimensions to a file, ESMF_FieldIOUTest.F90, line 292
20220312 001802.585 INFO             PET0  PASS  Create grid for field metadata test, ESMF_FieldIOUTest.F90, line 309
20220312 001802.586 INFO             PET0  PASS  Create field with global indices, ESMF_FieldIOUTest.F90, line 316
20220312 001802.586 INFO             PET0  PASS  Get Farray_md from field, ESMF_FieldIOUTest.F90, line 324
20220312 001802.606 INFO             PET0 PIOc_sync Enter - MemInfo: [/proc/meminfo - SSI]	MemTotal:       65855856 kB
20220312 001802.606 INFO             PET0 PIOc_sync Enter - MemInfo: [/proc/meminfo - SSI]	MemFree:        61063532 kB
20220312 001802.606 INFO             PET0 PIOc_sync Enter - MemInfo: [/proc/meminfo - SSI]	MemAvailable:   60891956 kB
20220312 001802.606 INFO             PET0 PIOc_sync Enter - MemInfo: [/proc/meminfo - SSI]	Committed_AS:    3152616 kB
20220312 001802.606 INFO             PET0 PIOc_sync Enter - MemInfo: [/proc/meminfo - SSI]	CommittedPercent: 4.78715 %
20220312 001802.606 INFO             PET0 PIOc_sync Enter - MemInfo: [/proc/self/status]	VmPeak:	  277076 kB
20220312 001802.606 INFO             PET0 PIOc_sync Enter - MemInfo: [/proc/self/status]	VmSize:	  277076 kB
20220312 001802.606 INFO             PET0 PIOc_sync Enter - MemInfo: [/proc/self/status]	VmLck:	       0 kB
20220312 001802.606 INFO             PET0 PIOc_sync Enter - MemInfo: [/proc/self/status]	VmPin:	       0 kB
20220312 001802.606 INFO             PET0 PIOc_sync Enter - MemInfo: [/proc/self/status]	VmHWM:	   55184 kB
20220312 001802.606 INFO             PET0 PIOc_sync Enter - MemInfo: [/proc/self/status]	VmRSS:	   55184 kB
20220312 001802.606 INFO             PET0 PIOc_sync Enter - MemInfo: [/proc/self/status]	VmData:	   42116 kB
20220312 001802.606 INFO             PET0 PIOc_sync Enter - MemInfo: [/proc/self/status]	VmStk:	     508 kB
20220312 001802.606 INFO             PET0 PIOc_sync Enter - MemInfo: [/proc/self/status]	VmExe:	    1784 kB
20220312 001802.606 INFO             PET0 PIOc_sync Enter - MemInfo: [/proc/self/status]	VmLib:	  133788 kB
20220312 001802.606 INFO             PET0 PIOc_sync Enter - MemInfo: [/proc/self/status]	VmPTE:	     456 kB
20220312 001802.606 INFO             PET0 PIOc_sync Enter - MemInfo: [/proc/self/status]	VmPMD:	      12 kB
20220312 001802.606 INFO             PET0 PIOc_sync Enter - MemInfo: [/proc/self/status]	VmSwap:	       0 kB
20220312 001802.606 INFO             PET0 PIOc_sync Enter - MemInfo: [/proc/self/status]	VmRSSPercent: 0.0837951 %
20220312 001802.606 INFO             PET0 PIOc_sync Enter - MemInfo: [malloc] Non-mmapped space allocated:                18456576 Byte
20220312 001802.606 INFO             PET0 PIOc_sync Enter - MemInfo: [malloc] Space allocated in mmapped regions:          3219456 Byte
20220312 001802.606 INFO             PET0 PIOc_sync Enter - MemInfo: [malloc] Maximum total allocated space:                     0 Byte
20220312 001802.606 INFO             PET0 PIOc_sync Enter - MemInfo: [malloc] Space in freed fastbin blocks:                     0 Byte
20220312 001802.606 INFO             PET0 PIOc_sync Enter - MemInfo: [malloc] Total allocated space:                       9962592 Byte
20220312 001802.606 INFO             PET0 PIOc_sync Enter - MemInfo: [malloc] Total free space:                            8493984 Byte
20220312 001802.606 INFO             PET0 PIOc_sync Enter - MemInfo: [malloc] Top-most, releasable space:                   132672 Byte
20220312 001802.606 INFO             PET0 PIOc_sync Enter - MemInfo: [malloc] Total space in use, mmap + non-mmap:        13182048 Byte
20220312 001802.606 INFO             PET0 PIOc_sync Enter - MemInfo: [malloc] Total space held (mmap + non-mmap):         21676032 Byte
20220312 001802.606 INFO             PET0 PIOc_sync Enter - MemInfo: [malloc] Total space used (mmap + non-mmap):         13190368 Byte
20220312 001802.606 INFO             PET0 PIOc_sync Enter - MemInfo: Wall-clock time since execution start:               0.129782 seconds
20220312 001802.606 INFO             PET0 PIOc_sync Exit - MemInfo: [/proc/meminfo - SSI]	MemTotal:       65855856 kB
20220312 001802.606 INFO             PET0 PIOc_sync Exit - MemInfo: [/proc/meminfo - SSI]	MemFree:        61063028 kB
20220312 001802.606 INFO             PET0 PIOc_sync Exit - MemInfo: [/proc/meminfo - SSI]	MemAvailable:   60891452 kB
20220312 001802.606 INFO             PET0 PIOc_sync Exit - MemInfo: [/proc/meminfo - SSI]	Committed_AS:    3152616 kB
20220312 001802.606 INFO             PET0 PIOc_sync Exit - MemInfo: [/proc/meminfo - SSI]	CommittedPercent: 4.78715 %
20220312 001802.606 INFO             PET0 PIOc_sync Exit - MemInfo: [/proc/self/status]	VmPeak:	  277076 kB
20220312 001802.606 INFO             PET0 PIOc_sync Exit - MemInfo: [/proc/self/status]	VmSize:	  277076 kB
20220312 001802.606 INFO             PET0 PIOc_sync Exit - MemInfo: [/proc/self/status]	VmLck:	       0 kB
20220312 001802.606 INFO             PET0 PIOc_sync Exit - MemInfo: [/proc/self/status]	VmPin:	       0 kB
20220312 001802.606 INFO             PET0 PIOc_sync Exit - MemInfo: [/proc/self/status]	VmHWM:	   55184 kB
20220312 001802.606 INFO             PET0 PIOc_sync Exit - MemInfo: [/proc/self/status]	VmRSS:	   55184 kB
20220312 001802.606 INFO             PET0 PIOc_sync Exit - MemInfo: [/proc/self/status]	VmData:	   42116 kB
20220312 001802.606 INFO             PET0 PIOc_sync Exit - MemInfo: [/proc/self/status]	VmStk:	     508 kB
20220312 001802.606 INFO             PET0 PIOc_sync Exit - MemInfo: [/proc/self/status]	VmExe:	    1784 kB
20220312 001802.606 INFO             PET0 PIOc_sync Exit - MemInfo: [/proc/self/status]	VmLib:	  133788 kB
20220312 001802.606 INFO             PET0 PIOc_sync Exit - MemInfo: [/proc/self/status]	VmPTE:	     456 kB
20220312 001802.606 INFO             PET0 PIOc_sync Exit - MemInfo: [/proc/self/status]	VmPMD:	      12 kB
20220312 001802.606 INFO             PET0 PIOc_sync Exit - MemInfo: [/proc/self/status]	VmSwap:	       0 kB
20220312 001802.606 INFO             PET0 PIOc_sync Exit - MemInfo: [/proc/self/status]	VmRSSPercent: 0.0837951 %
20220312 001802.607 INFO             PET0 PIOc_sync Exit - MemInfo: [malloc] Non-mmapped space allocated:                18456576 Byte
20220312 001802.607 INFO             PET0 PIOc_sync Exit - MemInfo: [malloc] Space allocated in mmapped regions:          3219456 Byte
20220312 001802.607 INFO             PET0 PIOc_sync Exit - MemInfo: [malloc] Maximum total allocated space:                     0 Byte
20220312 001802.607 INFO             PET0 PIOc_sync Exit - MemInfo: [malloc] Space in freed fastbin blocks:                     0 Byte
20220312 001802.607 INFO             PET0 PIOc_sync Exit - MemInfo: [malloc] Total allocated space:                       9978288 Byte
20220312 001802.607 INFO             PET0 PIOc_sync Exit - MemInfo: [malloc] Total free space:                            8478288 Byte
20220312 001802.607 INFO             PET0 PIOc_sync Exit - MemInfo: [malloc] Top-most, releasable space:                   132672 Byte
20220312 001802.607 INFO             PET0 PIOc_sync Exit - MemInfo: [malloc] Total space in use, mmap + non-mmap:        13197744 Byte
20220312 001802.607 INFO             PET0 PIOc_sync Exit - MemInfo: [malloc] Total space held (mmap + non-mmap):         21676032 Byte
20220312 001802.607 INFO             PET0 PIOc_sync Exit - MemInfo: [malloc] Total space used (mmap + non-mmap):         13206064 Byte
20220312 001802.607 INFO             PET0 PIOc_sync Exit - MemInfo: Wall-clock time since execution start:               0.130339 seconds
20220312 001802.607 INFO             PET0 PIOc_freedecomp Enter - MemInfo: [/proc/meminfo - SSI]	MemTotal:       65855856 kB
20220312 001802.607 INFO             PET0 PIOc_freedecomp Enter - MemInfo: [/proc/meminfo - SSI]	MemFree:        61063028 kB
20220312 001802.607 INFO             PET0 PIOc_freedecomp Enter - MemInfo: [/proc/meminfo - SSI]	MemAvailable:   60891452 kB
20220312 001802.607 INFO             PET0 PIOc_freedecomp Enter - MemInfo: [/proc/meminfo - SSI]	Committed_AS:    3152616 kB
20220312 001802.607 INFO             PET0 PIOc_freedecomp Enter - MemInfo: [/proc/meminfo - SSI]	CommittedPercent: 4.78715 %
20220312 001802.607 INFO             PET0 PIOc_freedecomp Enter - MemInfo: [/proc/self/status]	VmPeak:	  277076 kB
20220312 001802.607 INFO             PET0 PIOc_freedecomp Enter - MemInfo: [/proc/self/status]	VmSize:	  277076 kB
20220312 001802.607 INFO             PET0 PIOc_freedecomp Enter - MemInfo: [/proc/self/status]	VmLck:	       0 kB
20220312 001802.607 INFO             PET0 PIOc_freedecomp Enter - MemInfo: [/proc/self/status]	VmPin:	       0 kB
20220312 001802.607 INFO             PET0 PIOc_freedecomp Enter - MemInfo: [/proc/self/status]	VmHWM:	   55184 kB
20220312 001802.607 INFO             PET0 PIOc_freedecomp Enter - MemInfo: [/proc/self/status]	VmRSS:	   55184 kB
20220312 001802.607 INFO             PET0 PIOc_freedecomp Enter - MemInfo: [/proc/self/status]	VmData:	   42116 kB
20220312 001802.607 INFO             PET0 PIOc_freedecomp Enter - MemInfo: [/proc/self/status]	VmStk:	     508 kB
20220312 001802.607 INFO             PET0 PIOc_freedecomp Enter - MemInfo: [/proc/self/status]	VmExe:	    1784 kB
20220312 001802.607 INFO             PET0 PIOc_freedecomp Enter - MemInfo: [/proc/self/status]	VmLib:	  133788 kB
20220312 001802.607 INFO             PET0 PIOc_freedecomp Enter - MemInfo: [/proc/self/status]	VmPTE:	     456 kB
20220312 001802.607 INFO             PET0 PIOc_freedecomp Enter - MemInfo: [/proc/self/status]	VmPMD:	      12 kB
20220312 001802.607 INFO             PET0 PIOc_freedecomp Enter - MemInfo: [/proc/self/status]	VmSwap:	       0 kB
20220312 001802.607 INFO             PET0 PIOc_freedecomp Enter - MemInfo: [/proc/self/status]	VmRSSPercent: 0.0837951 %
20220312 001802.607 INFO             PET0 PIOc_freedecomp Enter - MemInfo: [malloc] Non-mmapped space allocated:                18456576 Byte
20220312 001802.607 INFO             PET0 PIOc_freedecomp Enter - MemInfo: [malloc] Space allocated in mmapped regions:          3219456 Byte
20220312 001802.607 INFO             PET0 PIOc_freedecomp Enter - MemInfo: [malloc] Maximum total allocated space:                     0 Byte
20220312 001802.607 INFO             PET0 PIOc_freedecomp Enter - MemInfo: [malloc] Space in freed fastbin blocks:                   112 Byte
20220312 001802.607 INFO             PET0 PIOc_freedecomp Enter - MemInfo: [malloc] Total allocated space:                       1054288 Byte
20220312 001802.607 INFO             PET0 PIOc_freedecomp Enter - MemInfo: [malloc] Total free space:                           17402288 Byte
20220312 001802.607 INFO             PET0 PIOc_freedecomp Enter - MemInfo: [malloc] Top-most, releasable space:                  8521296 Byte
20220312 001802.607 INFO             PET0 PIOc_freedecomp Enter - MemInfo: [malloc] Total space in use, mmap + non-mmap:         4273744 Byte
20220312 001802.607 INFO             PET0 PIOc_freedecomp Enter - MemInfo: [malloc] Total space held (mmap + non-mmap):         21676032 Byte
20220312 001802.607 INFO             PET0 PIOc_freedecomp Enter - MemInfo: [malloc] Total space used (mmap + non-mmap):          4281952 Byte
20220312 001802.607 INFO             PET0 PIOc_freedecomp Enter - MemInfo: Wall-clock time since execution start:                0.13098 seconds
20220312 001802.607 INFO             PET0 PIOc_freedecomp Exit - MemInfo: [/proc/meminfo - SSI]	MemTotal:       65855856 kB
20220312 001802.607 INFO             PET0 PIOc_freedecomp Exit - MemInfo: [/proc/meminfo - SSI]	MemFree:        61063028 kB
20220312 001802.607 INFO             PET0 PIOc_freedecomp Exit - MemInfo: [/proc/meminfo - SSI]	MemAvailable:   60891452 kB
20220312 001802.607 INFO             PET0 PIOc_freedecomp Exit - MemInfo: [/proc/meminfo - SSI]	Committed_AS:    3152616 kB
20220312 001802.607 INFO             PET0 PIOc_freedecomp Exit - MemInfo: [/proc/meminfo - SSI]	CommittedPercent: 4.78715 %
20220312 001802.607 INFO             PET0 PIOc_freedecomp Exit - MemInfo: [/proc/self/status]	VmPeak:	  277076 kB
20220312 001802.607 INFO             PET0 PIOc_freedecomp Exit - MemInfo: [/proc/self/status]	VmSize:	  277076 kB
20220312 001802.607 INFO             PET0 PIOc_freedecomp Exit - MemInfo: [/proc/self/status]	VmLck:	       0 kB
20220312 001802.607 INFO             PET0 PIOc_freedecomp Exit - MemInfo: [/proc/self/status]	VmPin:	       0 kB
20220312 001802.607 INFO             PET0 PIOc_freedecomp Exit - MemInfo: [/proc/self/status]	VmHWM:	   55184 kB
20220312 001802.607 INFO             PET0 PIOc_freedecomp Exit - MemInfo: [/proc/self/status]	VmRSS:	   55184 kB
20220312 001802.607 INFO             PET0 PIOc_freedecomp Exit - MemInfo: [/proc/self/status]	VmData:	   42116 kB
20220312 001802.608 INFO             PET0 PIOc_freedecomp Exit - MemInfo: [/proc/self/status]	VmStk:	     508 kB
20220312 001802.608 INFO             PET0 PIOc_freedecomp Exit - MemInfo: [/proc/self/status]	VmExe:	    1784 kB
20220312 001802.608 INFO             PET0 PIOc_freedecomp Exit - MemInfo: [/proc/self/status]	VmLib:	  133788 kB
20220312 001802.608 INFO             PET0 PIOc_freedecomp Exit - MemInfo: [/proc/self/status]	VmPTE:	     456 kB
20220312 001802.608 INFO             PET0 PIOc_freedecomp Exit - MemInfo: [/proc/self/status]	VmPMD:	      12 kB
20220312 001802.608 INFO             PET0 PIOc_freedecomp Exit - MemInfo: [/proc/self/status]	VmSwap:	       0 kB
20220312 001802.608 INFO             PET0 PIOc_freedecomp Exit - MemInfo: [/proc/self/status]	VmRSSPercent: 0.0837951 %
20220312 001802.608 INFO             PET0 PIOc_freedecomp Exit - MemInfo: [malloc] Non-mmapped space allocated:                18456576 Byte
20220312 001802.608 INFO             PET0 PIOc_freedecomp Exit - MemInfo: [malloc] Space allocated in mmapped regions:          3219456 Byte
20220312 001802.608 INFO             PET0 PIOc_freedecomp Exit - MemInfo: [malloc] Maximum total allocated space:                     0 Byte
20220312 001802.608 INFO             PET0 PIOc_freedecomp Exit - MemInfo: [malloc] Space in freed fastbin blocks:                   528 Byte
20220312 001802.608 INFO             PET0 PIOc_freedecomp Exit - MemInfo: [malloc] Total allocated space:                       1050144 Byte
20220312 001802.608 INFO             PET0 PIOc_freedecomp Exit - MemInfo: [malloc] Total free space:                           17406432 Byte
20220312 001802.608 INFO             PET0 PIOc_freedecomp Exit - MemInfo: [malloc] Top-most, releasable space:                  8521296 Byte
20220312 001802.608 INFO             PET0 PIOc_freedecomp Exit - MemInfo: [malloc] Total space in use, mmap + non-mmap:         4269600 Byte
20220312 001802.608 INFO             PET0 PIOc_freedecomp Exit - MemInfo: [malloc] Total space held (mmap + non-mmap):         21676032 Byte
20220312 001802.608 INFO             PET0 PIOc_freedecomp Exit - MemInfo: [malloc] Total space used (mmap + non-mmap):          4277808 Byte
20220312 001802.608 INFO             PET0 PIOc_freedecomp Exit - MemInfo: Wall-clock time since execution start:               0.131422 seconds
20220312 001802.608 INFO             PET0  PASS  Write Field to NetCDF file, ESMF_FieldIOUTest.F90, line 348
20220312 001802.609 INFO             PET0  PASS  Confirm NetCDF metadata - open file, ESMF_FieldIOUTest.F90, line 359
20220312 001802.609 INFO             PET0  PASS  Confirm NetCDF metadata - check dim 1, ESMF_FieldIOUTest.F90, line 369
20220312 001802.609 INFO             PET0  PASS  Confirm NetCDF metadata - check dim 1 len, ESMF_FieldIOUTest.F90, line 379
20220312 001802.609 INFO             PET0  PASS  Confirm NetCDF metadata - check dim 2, ESMF_FieldIOUTest.F90, line 389
20220312 001802.609 INFO             PET0  PASS  Confirm NetCDF metadata - check dim 2 len, ESMF_FieldIOUTest.F90, line 399
20220312 001802.609 INFO             PET0  PASS  Confirm NetCDF metadata - variable exists, ESMF_FieldIOUTest.F90, line 409
20220312 001802.609 INFO             PET0  PASS  Confirm NetCDF metadata - variable has expected dims, ESMF_FieldIOUTest.F90, line 420
20220312 001802.609 INFO             PET0  PASS  Confirm NetCDF data - check data for field, ESMF_FieldIOUTest.F90, line 445
20220312 001802.609 INFO             PET0  PASS  Confirm NetCDF data - close file, ESMF_FieldIOUTest.F90, line 456
20220312 001802.633 INFO             PET0 PIOc_sync Enter - MemInfo: [/proc/meminfo - SSI]	MemTotal:       65855856 kB
20220312 001802.633 INFO             PET0 PIOc_sync Enter - MemInfo: [/proc/meminfo - SSI]	MemFree:        61059500 kB
20220312 001802.633 INFO             PET0 PIOc_sync Enter - MemInfo: [/proc/meminfo - SSI]	MemAvailable:   60887924 kB
20220312 001802.633 INFO             PET0 PIOc_sync Enter - MemInfo: [/proc/meminfo - SSI]	Committed_AS:    3154948 kB
20220312 001802.633 INFO             PET0 PIOc_sync Enter - MemInfo: [/proc/meminfo - SSI]	CommittedPercent: 4.79069 %
20220312 001802.633 INFO             PET0 PIOc_sync Enter - MemInfo: [/proc/self/status]	VmPeak:	  277076 kB
20220312 001802.633 INFO             PET0 PIOc_sync Enter - MemInfo: [/proc/self/status]	VmSize:	  277076 kB
20220312 001802.633 INFO             PET0 PIOc_sync Enter - MemInfo: [/proc/self/status]	VmLck:	       0 kB
20220312 001802.633 INFO             PET0 PIOc_sync Enter - MemInfo: [/proc/self/status]	VmPin:	       0 kB
20220312 001802.633 INFO             PET0 PIOc_sync Enter - MemInfo: [/proc/self/status]	VmHWM:	   55184 kB
20220312 001802.633 INFO             PET0 PIOc_sync Enter - MemInfo: [/proc/self/status]	VmRSS:	   55184 kB
20220312 001802.633 INFO             PET0 PIOc_sync Enter - MemInfo: [/proc/self/status]	VmData:	   42116 kB
20220312 001802.633 INFO             PET0 PIOc_sync Enter - MemInfo: [/proc/self/status]	VmStk:	     508 kB
20220312 001802.633 INFO             PET0 PIOc_sync Enter - MemInfo: [/proc/self/status]	VmExe:	    1784 kB
20220312 001802.633 INFO             PET0 PIOc_sync Enter - MemInfo: [/proc/self/status]	VmLib:	  133788 kB
20220312 001802.633 INFO             PET0 PIOc_sync Enter - MemInfo: [/proc/self/status]	VmPTE:	     460 kB
20220312 001802.633 INFO             PET0 PIOc_sync Enter - MemInfo: [/proc/self/status]	VmPMD:	      12 kB
20220312 001802.633 INFO             PET0 PIOc_sync Enter - MemInfo: [/proc/self/status]	VmSwap:	       0 kB
20220312 001802.633 INFO             PET0 PIOc_sync Enter - MemInfo: [/proc/self/status]	VmRSSPercent: 0.0837951 %
20220312 001802.633 INFO             PET0 PIOc_sync Enter - MemInfo: [malloc] Non-mmapped space allocated:                18456576 Byte
20220312 001802.633 INFO             PET0 PIOc_sync Enter - MemInfo: [malloc] Space allocated in mmapped regions:          3219456 Byte
20220312 001802.633 INFO             PET0 PIOc_sync Enter - MemInfo: [malloc] Maximum total allocated space:                     0 Byte
20220312 001802.633 INFO             PET0 PIOc_sync Enter - MemInfo: [malloc] Space in freed fastbin blocks:                     0 Byte
20220312 001802.633 INFO             PET0 PIOc_sync Enter - MemInfo: [malloc] Total allocated space:                       9982512 Byte
20220312 001802.633 INFO             PET0 PIOc_sync Enter - MemInfo: [malloc] Total free space:                            8474064 Byte
20220312 001802.633 INFO             PET0 PIOc_sync Enter - MemInfo: [malloc] Top-most, releasable space:                   132672 Byte
20220312 001802.633 INFO             PET0 PIOc_sync Enter - MemInfo: [malloc] Total space in use, mmap + non-mmap:        13201968 Byte
20220312 001802.633 INFO             PET0 PIOc_sync Enter - MemInfo: [malloc] Total space held (mmap + non-mmap):         21676032 Byte
20220312 001802.633 INFO             PET0 PIOc_sync Enter - MemInfo: [malloc] Total space used (mmap + non-mmap):         13210288 Byte
20220312 001802.633 INFO             PET0 PIOc_sync Enter - MemInfo: Wall-clock time since execution start:               0.156855 seconds
20220312 001802.633 INFO             PET0 PIOc_sync Exit - MemInfo: [/proc/meminfo - SSI]	MemTotal:       65855856 kB
20220312 001802.633 INFO             PET0 PIOc_sync Exit - MemInfo: [/proc/meminfo - SSI]	MemFree:        61059500 kB
20220312 001802.633 INFO             PET0 PIOc_sync Exit - MemInfo: [/proc/meminfo - SSI]	MemAvailable:   60887924 kB
20220312 001802.633 INFO             PET0 PIOc_sync Exit - MemInfo: [/proc/meminfo - SSI]	Committed_AS:    3154948 kB
20220312 001802.633 INFO             PET0 PIOc_sync Exit - MemInfo: [/proc/meminfo - SSI]	CommittedPercent: 4.79069 %
20220312 001802.633 INFO             PET0 PIOc_sync Exit - MemInfo: [/proc/self/status]	VmPeak:	  277076 kB
20220312 001802.633 INFO             PET0 PIOc_sync Exit - MemInfo: [/proc/self/status]	VmSize:	  277076 kB
20220312 001802.633 INFO             PET0 PIOc_sync Exit - MemInfo: [/proc/self/status]	VmLck:	       0 kB
20220312 001802.633 INFO             PET0 PIOc_sync Exit - MemInfo: [/proc/self/status]	VmPin:	       0 kB
20220312 001802.633 INFO             PET0 PIOc_sync Exit - MemInfo: [/proc/self/status]	VmHWM:	   55184 kB
20220312 001802.633 INFO             PET0 PIOc_sync Exit - MemInfo: [/proc/self/status]	VmRSS:	   55184 kB
20220312 001802.633 INFO             PET0 PIOc_sync Exit - MemInfo: [/proc/self/status]	VmData:	   42116 kB
20220312 001802.633 INFO             PET0 PIOc_sync Exit - MemInfo: [/proc/self/status]	VmStk:	     508 kB
20220312 001802.634 INFO             PET0 PIOc_sync Exit - MemInfo: [/proc/self/status]	VmExe:	    1784 kB
20220312 001802.634 INFO             PET0 PIOc_sync Exit - MemInfo: [/proc/self/status]	VmLib:	  133788 kB
20220312 001802.634 INFO             PET0 PIOc_sync Exit - MemInfo: [/proc/self/status]	VmPTE:	     460 kB
20220312 001802.634 INFO             PET0 PIOc_sync Exit - MemInfo: [/proc/self/status]	VmPMD:	      12 kB
20220312 001802.634 INFO             PET0 PIOc_sync Exit - MemInfo: [/proc/self/status]	VmSwap:	       0 kB
20220312 001802.634 INFO             PET0 PIOc_sync Exit - MemInfo: [/proc/self/status]	VmRSSPercent: 0.0837951 %
20220312 001802.634 INFO             PET0 PIOc_sync Exit - MemInfo: [malloc] Non-mmapped space allocated:                18456576 Byte
20220312 001802.634 INFO             PET0 PIOc_sync Exit - MemInfo: [malloc] Space allocated in mmapped regions:          3219456 Byte
20220312 001802.634 INFO             PET0 PIOc_sync Exit - MemInfo: [malloc] Maximum total allocated space:                     0 Byte
20220312 001802.634 INFO             PET0 PIOc_sync Exit - MemInfo: [malloc] Space in freed fastbin blocks:                     0 Byte
20220312 001802.634 INFO             PET0 PIOc_sync Exit - MemInfo: [malloc] Total allocated space:                       9983760 Byte
20220312 001802.634 INFO             PET0 PIOc_sync Exit - MemInfo: [malloc] Total free space:                            8472816 Byte
20220312 001802.634 INFO             PET0 PIOc_sync Exit - MemInfo: [malloc] Top-most, releasable space:                   132672 Byte
20220312 001802.634 INFO             PET0 PIOc_sync Exit - MemInfo: [malloc] Total space in use, mmap + non-mmap:        13203216 Byte
20220312 001802.634 INFO             PET0 PIOc_sync Exit - MemInfo: [malloc] Total space held (mmap + non-mmap):         21676032 Byte
20220312 001802.634 INFO             PET0 PIOc_sync Exit - MemInfo: [malloc] Total space used (mmap + non-mmap):         13211536 Byte
20220312 001802.634 INFO             PET0 PIOc_sync Exit - MemInfo: Wall-clock time since execution start:               0.157408 seconds
20220312 001802.634 INFO             PET0 PIOc_freedecomp Enter - MemInfo: [/proc/meminfo - SSI]	MemTotal:       65855856 kB
20220312 001802.634 INFO             PET0 PIOc_freedecomp Enter - MemInfo: [/proc/meminfo - SSI]	MemFree:        61059500 kB
20220312 001802.634 INFO             PET0 PIOc_freedecomp Enter - MemInfo: [/proc/meminfo - SSI]	MemAvailable:   60887924 kB
20220312 001802.634 INFO             PET0 PIOc_freedecomp Enter - MemInfo: [/proc/meminfo - SSI]	Committed_AS:    3154948 kB
20220312 001802.634 INFO             PET0 PIOc_freedecomp Enter - MemInfo: [/proc/meminfo - SSI]	CommittedPercent: 4.79069 %
20220312 001802.634 INFO             PET0 PIOc_freedecomp Enter - MemInfo: [/proc/self/status]	VmPeak:	  277076 kB
20220312 001802.634 INFO             PET0 PIOc_freedecomp Enter - MemInfo: [/proc/self/status]	VmSize:	  277076 kB
20220312 001802.634 INFO             PET0 PIOc_freedecomp Enter - MemInfo: [/proc/self/status]	VmLck:	       0 kB
20220312 001802.634 INFO             PET0 PIOc_freedecomp Enter - MemInfo: [/proc/self/status]	VmPin:	       0 kB
20220312 001802.634 INFO             PET0 PIOc_freedecomp Enter - MemInfo: [/proc/self/status]	VmHWM:	   55184 kB
20220312 001802.634 INFO             PET0 PIOc_freedecomp Enter - MemInfo: [/proc/self/status]	VmRSS:	   55184 kB
20220312 001802.634 INFO             PET0 PIOc_freedecomp Enter - MemInfo: [/proc/self/status]	VmData:	   42116 kB
20220312 001802.634 INFO             PET0 PIOc_freedecomp Enter - MemInfo: [/proc/self/status]	VmStk:	     508 kB
20220312 001802.634 INFO             PET0 PIOc_freedecomp Enter - MemInfo: [/proc/self/status]	VmExe:	    1784 kB
20220312 001802.634 INFO             PET0 PIOc_freedecomp Enter - MemInfo: [/proc/self/status]	VmLib:	  133788 kB
20220312 001802.634 INFO             PET0 PIOc_freedecomp Enter - MemInfo: [/proc/self/status]	VmPTE:	     460 kB
20220312 001802.634 INFO             PET0 PIOc_freedecomp Enter - MemInfo: [/proc/self/status]	VmPMD:	      12 kB
20220312 001802.634 INFO             PET0 PIOc_freedecomp Enter - MemInfo: [/proc/self/status]	VmSwap:	       0 kB
20220312 001802.634 INFO             PET0 PIOc_freedecomp Enter - MemInfo: [/proc/self/status]	VmRSSPercent: 0.0837951 %
20220312 001802.634 INFO             PET0 PIOc_freedecomp Enter - MemInfo: [malloc] Non-mmapped space allocated:                18456576 Byte
20220312 001802.634 INFO             PET0 PIOc_freedecomp Enter - MemInfo: [malloc] Space allocated in mmapped regions:          3219456 Byte
20220312 001802.634 INFO             PET0 PIOc_freedecomp Enter - MemInfo: [malloc] Maximum total allocated space:                     0 Byte
20220312 001802.634 INFO             PET0 PIOc_freedecomp Enter - MemInfo: [malloc] Space in freed fastbin blocks:                   112 Byte
20220312 001802.634 INFO             PET0 PIOc_freedecomp Enter - MemInfo: [malloc] Total allocated space:                       1059616 Byte
20220312 001802.634 INFO             PET0 PIOc_freedecomp Enter - MemInfo: [malloc] Total free space:                           17396960 Byte
20220312 001802.634 INFO             PET0 PIOc_freedecomp Enter - MemInfo: [malloc] Top-most, releasable space:                  8521296 Byte
20220312 001802.634 INFO             PET0 PIOc_freedecomp Enter - MemInfo: [malloc] Total space in use, mmap + non-mmap:         4279072 Byte
20220312 001802.634 INFO             PET0 PIOc_freedecomp Enter - MemInfo: [malloc] Total space held (mmap + non-mmap):         21676032 Byte
20220312 001802.634 INFO             PET0 PIOc_freedecomp Enter - MemInfo: [malloc] Total space used (mmap + non-mmap):          4287280 Byte
20220312 001802.634 INFO             PET0 PIOc_freedecomp Enter - MemInfo: Wall-clock time since execution start:               0.157985 seconds
20220312 001802.634 INFO             PET0 PIOc_freedecomp Exit - MemInfo: [/proc/meminfo - SSI]	MemTotal:       65855856 kB
20220312 001802.634 INFO             PET0 PIOc_freedecomp Exit - MemInfo: [/proc/meminfo - SSI]	MemFree:        61059500 kB
20220312 001802.634 INFO             PET0 PIOc_freedecomp Exit - MemInfo: [/proc/meminfo - SSI]	MemAvailable:   60887924 kB
20220312 001802.634 INFO             PET0 PIOc_freedecomp Exit - MemInfo: [/proc/meminfo - SSI]	Committed_AS:    3154948 kB
20220312 001802.634 INFO             PET0 PIOc_freedecomp Exit - MemInfo: [/proc/meminfo - SSI]	CommittedPercent: 4.79069 %
20220312 001802.634 INFO             PET0 PIOc_freedecomp Exit - MemInfo: [/proc/self/status]	VmPeak:	  277076 kB
20220312 001802.634 INFO             PET0 PIOc_freedecomp Exit - MemInfo: [/proc/self/status]	VmSize:	  277076 kB
20220312 001802.634 INFO             PET0 PIOc_freedecomp Exit - MemInfo: [/proc/self/status]	VmLck:	       0 kB
20220312 001802.634 INFO             PET0 PIOc_freedecomp Exit - MemInfo: [/proc/self/status]	VmPin:	       0 kB
20220312 001802.634 INFO             PET0 PIOc_freedecomp Exit - MemInfo: [/proc/self/status]	VmHWM:	   55184 kB
20220312 001802.634 INFO             PET0 PIOc_freedecomp Exit - MemInfo: [/proc/self/status]	VmRSS:	   55184 kB
20220312 001802.634 INFO             PET0 PIOc_freedecomp Exit - MemInfo: [/proc/self/status]	VmData:	   42116 kB
20220312 001802.634 INFO             PET0 PIOc_freedecomp Exit - MemInfo: [/proc/self/status]	VmStk:	     508 kB
20220312 001802.635 INFO             PET0 PIOc_freedecomp Exit - MemInfo: [/proc/self/status]	VmExe:	    1784 kB
20220312 001802.635 INFO             PET0 PIOc_freedecomp Exit - MemInfo: [/proc/self/status]	VmLib:	  133788 kB
20220312 001802.635 INFO             PET0 PIOc_freedecomp Exit - MemInfo: [/proc/self/status]	VmPTE:	     460 kB
20220312 001802.635 INFO             PET0 PIOc_freedecomp Exit - MemInfo: [/proc/self/status]	VmPMD:	      12 kB
20220312 001802.635 INFO             PET0 PIOc_freedecomp Exit - MemInfo: [/proc/self/status]	VmSwap:	       0 kB
20220312 001802.635 INFO             PET0 PIOc_freedecomp Exit - MemInfo: [/proc/self/status]	VmRSSPercent: 0.0837951 %
20220312 001802.635 INFO             PET0 PIOc_freedecomp Exit - MemInfo: [malloc] Non-mmapped space allocated:                18456576 Byte
20220312 001802.635 INFO             PET0 PIOc_freedecomp Exit - MemInfo: [malloc] Space allocated in mmapped regions:          3219456 Byte
20220312 001802.635 INFO             PET0 PIOc_freedecomp Exit - MemInfo: [malloc] Maximum total allocated space:                     0 Byte
20220312 001802.635 INFO             PET0 PIOc_freedecomp Exit - MemInfo: [malloc] Space in freed fastbin blocks:                   624 Byte
20220312 001802.635 INFO             PET0 PIOc_freedecomp Exit - MemInfo: [malloc] Total allocated space:                       1056880 Byte
20220312 001802.635 INFO             PET0 PIOc_freedecomp Exit - MemInfo: [malloc] Total free space:                           17399696 Byte
20220312 001802.635 INFO             PET0 PIOc_freedecomp Exit - MemInfo: [malloc] Top-most, releasable space:                  8521296 Byte
20220312 001802.635 INFO             PET0 PIOc_freedecomp Exit - MemInfo: [malloc] Total space in use, mmap + non-mmap:         4276336 Byte
20220312 001802.635 INFO             PET0 PIOc_freedecomp Exit - MemInfo: [malloc] Total space held (mmap + non-mmap):         21676032 Byte
20220312 001802.635 INFO             PET0 PIOc_freedecomp Exit - MemInfo: [malloc] Total space used (mmap + non-mmap):          4284544 Byte
20220312 001802.635 INFO             PET0 PIOc_freedecomp Exit - MemInfo: Wall-clock time since execution start:               0.158464 seconds
20220312 001802.648 INFO             PET0 PIOc_sync Enter - MemInfo: [/proc/meminfo - SSI]	MemTotal:       65855856 kB
20220312 001802.648 INFO             PET0 PIOc_sync Enter - MemInfo: [/proc/meminfo - SSI]	MemFree:        61058672 kB
20220312 001802.648 INFO             PET0 PIOc_sync Enter - MemInfo: [/proc/meminfo - SSI]	MemAvailable:   60887100 kB
20220312 001802.648 INFO             PET0 PIOc_sync Enter - MemInfo: [/proc/meminfo - SSI]	Committed_AS:    3154948 kB
20220312 001802.648 INFO             PET0 PIOc_sync Enter - MemInfo: [/proc/meminfo - SSI]	CommittedPercent: 4.79069 %
20220312 001802.648 INFO             PET0 PIOc_sync Enter - MemInfo: [/proc/self/status]	VmPeak:	  277076 kB
20220312 001802.648 INFO             PET0 PIOc_sync Enter - MemInfo: [/proc/self/status]	VmSize:	  277076 kB
20220312 001802.648 INFO             PET0 PIOc_sync Enter - MemInfo: [/proc/self/status]	VmLck:	       0 kB
20220312 001802.648 INFO             PET0 PIOc_sync Enter - MemInfo: [/proc/self/status]	VmPin:	       0 kB
20220312 001802.648 INFO             PET0 PIOc_sync Enter - MemInfo: [/proc/self/status]	VmHWM:	   55448 kB
20220312 001802.648 INFO             PET0 PIOc_sync Enter - MemInfo: [/proc/self/status]	VmRSS:	   55448 kB
20220312 001802.648 INFO             PET0 PIOc_sync Enter - MemInfo: [/proc/self/status]	VmData:	   42116 kB
20220312 001802.648 INFO             PET0 PIOc_sync Enter - MemInfo: [/proc/self/status]	VmStk:	     508 kB
20220312 001802.648 INFO             PET0 PIOc_sync Enter - MemInfo: [/proc/self/status]	VmExe:	    1784 kB
20220312 001802.648 INFO             PET0 PIOc_sync Enter - MemInfo: [/proc/self/status]	VmLib:	  133788 kB
20220312 001802.648 INFO             PET0 PIOc_sync Enter - MemInfo: [/proc/self/status]	VmPTE:	     464 kB
20220312 001802.648 INFO             PET0 PIOc_sync Enter - MemInfo: [/proc/self/status]	VmPMD:	      12 kB
20220312 001802.648 INFO             PET0 PIOc_sync Enter - MemInfo: [/proc/self/status]	VmSwap:	       0 kB
20220312 001802.648 INFO             PET0 PIOc_sync Enter - MemInfo: [/proc/self/status]	VmRSSPercent: 0.084196 %
20220312 001802.648 INFO             PET0 PIOc_sync Enter - MemInfo: [malloc] Non-mmapped space allocated:                18456576 Byte
20220312 001802.648 INFO             PET0 PIOc_sync Enter - MemInfo: [malloc] Space allocated in mmapped regions:          3219456 Byte
20220312 001802.648 INFO             PET0 PIOc_sync Enter - MemInfo: [malloc] Maximum total allocated space:                     0 Byte
20220312 001802.648 INFO             PET0 PIOc_sync Enter - MemInfo: [malloc] Space in freed fastbin blocks:                     0 Byte
20220312 001802.648 INFO             PET0 PIOc_sync Enter - MemInfo: [malloc] Total allocated space:                       9989536 Byte
20220312 001802.648 INFO             PET0 PIOc_sync Enter - MemInfo: [malloc] Total free space:                            8467040 Byte
20220312 001802.648 INFO             PET0 PIOc_sync Enter - MemInfo: [malloc] Top-most, releasable space:                   132672 Byte
20220312 001802.648 INFO             PET0 PIOc_sync Enter - MemInfo: [malloc] Total space in use, mmap + non-mmap:        13208992 Byte
20220312 001802.648 INFO             PET0 PIOc_sync Enter - MemInfo: [malloc] Total space held (mmap + non-mmap):         21676032 Byte
20220312 001802.648 INFO             PET0 PIOc_sync Enter - MemInfo: [malloc] Total space used (mmap + non-mmap):         13217312 Byte
20220312 001802.648 INFO             PET0 PIOc_sync Enter - MemInfo: Wall-clock time since execution start:                0.17217 seconds
20220312 001802.649 INFO             PET0 PIOc_sync Exit - MemInfo: [/proc/meminfo - SSI]	MemTotal:       65855856 kB
20220312 001802.649 INFO             PET0 PIOc_sync Exit - MemInfo: [/proc/meminfo - SSI]	MemFree:        61058672 kB
20220312 001802.649 INFO             PET0 PIOc_sync Exit - MemInfo: [/proc/meminfo - SSI]	MemAvailable:   60887100 kB
20220312 001802.649 INFO             PET0 PIOc_sync Exit - MemInfo: [/proc/meminfo - SSI]	Committed_AS:    3154948 kB
20220312 001802.649 INFO             PET0 PIOc_sync Exit - MemInfo: [/proc/meminfo - SSI]	CommittedPercent: 4.79069 %
20220312 001802.649 INFO             PET0 PIOc_sync Exit - MemInfo: [/proc/self/status]	VmPeak:	  277076 kB
20220312 001802.649 INFO             PET0 PIOc_sync Exit - MemInfo: [/proc/self/status]	VmSize:	  277076 kB
20220312 001802.649 INFO             PET0 PIOc_sync Exit - MemInfo: [/proc/self/status]	VmLck:	       0 kB
20220312 001802.649 INFO             PET0 PIOc_sync Exit - MemInfo: [/proc/self/status]	VmPin:	       0 kB
20220312 001802.649 INFO             PET0 PIOc_sync Exit - MemInfo: [/proc/self/status]	VmHWM:	   55448 kB
20220312 001802.649 INFO             PET0 PIOc_sync Exit - MemInfo: [/proc/self/status]	VmRSS:	   55448 kB
20220312 001802.649 INFO             PET0 PIOc_sync Exit - MemInfo: [/proc/self/status]	VmData:	   42116 kB
20220312 001802.649 INFO             PET0 PIOc_sync Exit - MemInfo: [/proc/self/status]	VmStk:	     508 kB
20220312 001802.649 INFO             PET0 PIOc_sync Exit - MemInfo: [/proc/self/status]	VmExe:	    1784 kB
20220312 001802.649 INFO             PET0 PIOc_sync Exit - MemInfo: [/proc/self/status]	VmLib:	  133788 kB
20220312 001802.649 INFO             PET0 PIOc_sync Exit - MemInfo: [/proc/self/status]	VmPTE:	     468 kB
20220312 001802.649 INFO             PET0 PIOc_sync Exit - MemInfo: [/proc/self/status]	VmPMD:	      12 kB
20220312 001802.649 INFO             PET0 PIOc_sync Exit - MemInfo: [/proc/self/status]	VmSwap:	       0 kB
20220312 001802.649 INFO             PET0 PIOc_sync Exit - MemInfo: [/proc/self/status]	VmRSSPercent: 0.084196 %
20220312 001802.649 INFO             PET0 PIOc_sync Exit - MemInfo: [malloc] Non-mmapped space allocated:                18456576 Byte
20220312 001802.649 INFO             PET0 PIOc_sync Exit - MemInfo: [malloc] Space allocated in mmapped regions:          3219456 Byte
20220312 001802.649 INFO             PET0 PIOc_sync Exit - MemInfo: [malloc] Maximum total allocated space:                     0 Byte
20220312 001802.649 INFO             PET0 PIOc_sync Exit - MemInfo: [malloc] Space in freed fastbin blocks:                     0 Byte
20220312 001802.649 INFO             PET0 PIOc_sync Exit - MemInfo: [malloc] Total allocated space:                       9990768 Byte
20220312 001802.649 INFO             PET0 PIOc_sync Exit - MemInfo: [malloc] Total free space:                            8465808 Byte
20220312 001802.649 INFO             PET0 PIOc_sync Exit - MemInfo: [malloc] Top-most, releasable space:                   132672 Byte
20220312 001802.649 INFO             PET0 PIOc_sync Exit - MemInfo: [malloc] Total space in use, mmap + non-mmap:        13210224 Byte
20220312 001802.649 INFO             PET0 PIOc_sync Exit - MemInfo: [malloc] Total space held (mmap + non-mmap):         21676032 Byte
