build time -- 2022-03-14 01:03:02
20220314 012418.582 INFO             PET0 !!!!!!!!!!!!!!!!!!!!!!!!!!!!!!!!!!!!!!!!!!!!!!!!!!!!!!
20220314 012418.582 INFO             PET0 !!! THE ESMF_LOG IS SET TO OUTPUT ALL LOG MESSAGES !!!
20220314 012418.582 INFO             PET0 !!!     THIS MAY CAUSE SLOWDOWN IN PERFORMANCE     !!!
20220314 012418.582 INFO             PET0 !!! FOR PRODUCTION RUNS, USE:                      !!!
20220314 012418.582 INFO             PET0 !!!                   ESMF_LOGKIND_Multi_On_Error  !!!
20220314 012418.582 INFO             PET0 !!!!!!!!!!!!!!!!!!!!!!!!!!!!!!!!!!!!!!!!!!!!!!!!!!!!!!
20220314 012418.582 INFO             PET0 Running with ESMF Version   : v8.3.0b09-96-g559b459836
20220314 012418.582 INFO             PET0 ESMF library build date/time: "Mar 14 2022" "01:01:03"
20220314 012418.582 INFO             PET0 ESMF library build location : /lustre/f2/dev/ncep/Mark.Potts/intel_2019.5_mpi_g_jedwards_pio_update2
20220314 012418.582 INFO             PET0 ESMF_COMM                   : mpi
20220314 012418.583 INFO             PET0 ESMF_MOAB                   : enabled
20220314 012418.583 INFO             PET0 ESMF_LAPACK                 : enabled
20220314 012418.583 INFO             PET0 ESMF_NETCDF                 : enabled
20220314 012418.583 INFO             PET0 ESMF_PNETCDF                : disabled
20220314 012418.583 INFO             PET0 ESMF_PIO                    : enabled
20220314 012418.583 INFO             PET0 ESMF_YAMLCPP                : enabled
20220314 012418.665 INFO             PET0  Beginning Test, file ESMF_FieldSMMFromFileUTest.F90, line 287
20220314 012418.665 INFO             PET0  NUMBER_OF_PROCESSORS           4
20220314 012418.785 INFO             PET0  PASS  ESMF_FieldSMMFromFile Unit Test, ESMF_FieldSMMFromFileUTest.F90, line 300
20220314 012418.809 INFO             PET0 PIOc_sync Enter - MemInfo: [/proc/meminfo - SSI]	MemTotal:       65855856 kB
20220314 012418.809 INFO             PET0 PIOc_sync Enter - MemInfo: [/proc/meminfo - SSI]	MemFree:        60991940 kB
20220314 012418.809 INFO             PET0 PIOc_sync Enter - MemInfo: [/proc/meminfo - SSI]	MemAvailable:   60821948 kB
20220314 012418.809 INFO             PET0 PIOc_sync Enter - MemInfo: [/proc/meminfo - SSI]	Committed_AS:    3284052 kB
20220314 012418.809 INFO             PET0 PIOc_sync Enter - MemInfo: [/proc/meminfo - SSI]	CommittedPercent: 4.98673 %
20220314 012418.809 INFO             PET0 PIOc_sync Enter - MemInfo: [/proc/self/status]	VmPeak:	  356700 kB
20220314 012418.809 INFO             PET0 PIOc_sync Enter - MemInfo: [/proc/self/status]	VmSize:	  356676 kB
20220314 012418.809 INFO             PET0 PIOc_sync Enter - MemInfo: [/proc/self/status]	VmLck:	       0 kB
20220314 012418.809 INFO             PET0 PIOc_sync Enter - MemInfo: [/proc/self/status]	VmPin:	       0 kB
20220314 012418.809 INFO             PET0 PIOc_sync Enter - MemInfo: [/proc/self/status]	VmHWM:	   72956 kB
20220314 012418.809 INFO             PET0 PIOc_sync Enter - MemInfo: [/proc/self/status]	VmRSS:	   72956 kB
20220314 012418.809 INFO             PET0 PIOc_sync Enter - MemInfo: [/proc/self/status]	VmData:	   78660 kB
20220314 012418.809 INFO             PET0 PIOc_sync Enter - MemInfo: [/proc/self/status]	VmStk:	     508 kB
20220314 012418.809 INFO             PET0 PIOc_sync Enter - MemInfo: [/proc/self/status]	VmExe:	    1836 kB
20220314 012418.809 INFO             PET0 PIOc_sync Enter - MemInfo: [/proc/self/status]	VmLib:	  133788 kB
20220314 012418.809 INFO             PET0 PIOc_sync Enter - MemInfo: [/proc/self/status]	VmPTE:	     544 kB
20220314 012418.809 INFO             PET0 PIOc_sync Enter - MemInfo: [/proc/self/status]	VmPMD:	      12 kB
20220314 012418.809 INFO             PET0 PIOc_sync Enter - MemInfo: [/proc/self/status]	VmSwap:	       0 kB
20220314 012418.809 INFO             PET0 PIOc_sync Enter - MemInfo: [/proc/self/status]	VmRSSPercent: 0.110781 %
20220314 012418.809 INFO             PET0 PIOc_sync Enter - MemInfo: [malloc] Non-mmapped space allocated:                51892224 Byte
20220314 012418.809 INFO             PET0 PIOc_sync Enter - MemInfo: [malloc] Space allocated in mmapped regions:          2887680 Byte
20220314 012418.809 INFO             PET0 PIOc_sync Enter - MemInfo: [malloc] Maximum total allocated space:                     0 Byte
20220314 012418.809 INFO             PET0 PIOc_sync Enter - MemInfo: [malloc] Space in freed fastbin blocks:                    48 Byte
20220314 012418.809 INFO             PET0 PIOc_sync Enter - MemInfo: [malloc] Total allocated space:                      36656960 Byte
20220314 012418.809 INFO             PET0 PIOc_sync Enter - MemInfo: [malloc] Total free space:                           15235264 Byte
20220314 012418.809 INFO             PET0 PIOc_sync Enter - MemInfo: [malloc] Top-most, releasable space:                  8523472 Byte
20220314 012418.809 INFO             PET0 PIOc_sync Enter - MemInfo: [malloc] Total space in use, mmap + non-mmap:        39544640 Byte
20220314 012418.809 INFO             PET0 PIOc_sync Enter - MemInfo: [malloc] Total space held (mmap + non-mmap):         54779904 Byte
20220314 012418.809 INFO             PET0 PIOc_sync Enter - MemInfo: [malloc] Total space used (mmap + non-mmap):         39554256 Byte
20220314 012418.809 INFO             PET0 PIOc_sync Enter - MemInfo: Wall-clock time since execution start:               0.250762 seconds
20220314 012418.810 INFO             PET0 PIOc_sync Exit - MemInfo: [/proc/meminfo - SSI]	MemTotal:       65855856 kB
20220314 012418.810 INFO             PET0 PIOc_sync Exit - MemInfo: [/proc/meminfo - SSI]	MemFree:        60991940 kB
20220314 012418.810 INFO             PET0 PIOc_sync Exit - MemInfo: [/proc/meminfo - SSI]	MemAvailable:   60821948 kB
20220314 012418.810 INFO             PET0 PIOc_sync Exit - MemInfo: [/proc/meminfo - SSI]	Committed_AS:    3284052 kB
20220314 012418.810 INFO             PET0 PIOc_sync Exit - MemInfo: [/proc/meminfo - SSI]	CommittedPercent: 4.98673 %
20220314 012418.810 INFO             PET0 PIOc_sync Exit - MemInfo: [/proc/self/status]	VmPeak:	  356700 kB
20220314 012418.810 INFO             PET0 PIOc_sync Exit - MemInfo: [/proc/self/status]	VmSize:	  356676 kB
20220314 012418.810 INFO             PET0 PIOc_sync Exit - MemInfo: [/proc/self/status]	VmLck:	       0 kB
20220314 012418.810 INFO             PET0 PIOc_sync Exit - MemInfo: [/proc/self/status]	VmPin:	       0 kB
20220314 012418.810 INFO             PET0 PIOc_sync Exit - MemInfo: [/proc/self/status]	VmHWM:	   72956 kB
20220314 012418.810 INFO             PET0 PIOc_sync Exit - MemInfo: [/proc/self/status]	VmRSS:	   72956 kB
20220314 012418.810 INFO             PET0 PIOc_sync Exit - MemInfo: [/proc/self/status]	VmData:	   78660 kB
20220314 012418.810 INFO             PET0 PIOc_sync Exit - MemInfo: [/proc/self/status]	VmStk:	     508 kB
20220314 012418.810 INFO             PET0 PIOc_sync Exit - MemInfo: [/proc/self/status]	VmExe:	    1836 kB
20220314 012418.810 INFO             PET0 PIOc_sync Exit - MemInfo: [/proc/self/status]	VmLib:	  133788 kB
20220314 012418.810 INFO             PET0 PIOc_sync Exit - MemInfo: [/proc/self/status]	VmPTE:	     548 kB
20220314 012418.810 INFO             PET0 PIOc_sync Exit - MemInfo: [/proc/self/status]	VmPMD:	      12 kB
20220314 012418.810 INFO             PET0 PIOc_sync Exit - MemInfo: [/proc/self/status]	VmSwap:	       0 kB
20220314 012418.810 INFO             PET0 PIOc_sync Exit - MemInfo: [/proc/self/status]	VmRSSPercent: 0.110781 %
20220314 012418.810 INFO             PET0 PIOc_sync Exit - MemInfo: [malloc] Non-mmapped space allocated:                51892224 Byte
20220314 012418.810 INFO             PET0 PIOc_sync Exit - MemInfo: [malloc] Space allocated in mmapped regions:          2887680 Byte
20220314 012418.810 INFO             PET0 PIOc_sync Exit - MemInfo: [malloc] Maximum total allocated space:                     0 Byte
20220314 012418.810 INFO             PET0 PIOc_sync Exit - MemInfo: [malloc] Space in freed fastbin blocks:                     0 Byte
20220314 012418.810 INFO             PET0 PIOc_sync Exit - MemInfo: [malloc] Total allocated space:                      37053424 Byte
20220314 012418.810 INFO             PET0 PIOc_sync Exit - MemInfo: [malloc] Total free space:                           14838800 Byte
20220314 012418.810 INFO             PET0 PIOc_sync Exit - MemInfo: [malloc] Top-most, releasable space:                  8523472 Byte
20220314 012418.810 INFO             PET0 PIOc_sync Exit - MemInfo: [malloc] Total space in use, mmap + non-mmap:        39941104 Byte
20220314 012418.810 INFO             PET0 PIOc_sync Exit - MemInfo: [malloc] Total space held (mmap + non-mmap):         54779904 Byte
20220314 012418.810 INFO             PET0 PIOc_sync Exit - MemInfo: [malloc] Total space used (mmap + non-mmap):         39949600 Byte
20220314 012418.810 INFO             PET0 PIOc_sync Exit - MemInfo: Wall-clock time since execution start:               0.251332 seconds
20220314 012418.810 INFO             PET0 PIOc_freedecomp Enter - MemInfo: [/proc/meminfo - SSI]	MemTotal:       65855856 kB
20220314 012418.810 INFO             PET0 PIOc_freedecomp Enter - MemInfo: [/proc/meminfo - SSI]	MemFree:        60991940 kB
20220314 012418.810 INFO             PET0 PIOc_freedecomp Enter - MemInfo: [/proc/meminfo - SSI]	MemAvailable:   60821948 kB
20220314 012418.810 INFO             PET0 PIOc_freedecomp Enter - MemInfo: [/proc/meminfo - SSI]	Committed_AS:    3284052 kB
20220314 012418.810 INFO             PET0 PIOc_freedecomp Enter - MemInfo: [/proc/meminfo - SSI]	CommittedPercent: 4.98673 %
20220314 012418.810 INFO             PET0 PIOc_freedecomp Enter - MemInfo: [/proc/self/status]	VmPeak:	  356700 kB
20220314 012418.810 INFO             PET0 PIOc_freedecomp Enter - MemInfo: [/proc/self/status]	VmSize:	  356676 kB
20220314 012418.810 INFO             PET0 PIOc_freedecomp Enter - MemInfo: [/proc/self/status]	VmLck:	       0 kB
20220314 012418.810 INFO             PET0 PIOc_freedecomp Enter - MemInfo: [/proc/self/status]	VmPin:	       0 kB
20220314 012418.810 INFO             PET0 PIOc_freedecomp Enter - MemInfo: [/proc/self/status]	VmHWM:	   72956 kB
20220314 012418.810 INFO             PET0 PIOc_freedecomp Enter - MemInfo: [/proc/self/status]	VmRSS:	   72956 kB
20220314 012418.810 INFO             PET0 PIOc_freedecomp Enter - MemInfo: [/proc/self/status]	VmData:	   78660 kB
20220314 012418.810 INFO             PET0 PIOc_freedecomp Enter - MemInfo: [/proc/self/status]	VmStk:	     508 kB
20220314 012418.810 INFO             PET0 PIOc_freedecomp Enter - MemInfo: [/proc/self/status]	VmExe:	    1836 kB
20220314 012418.810 INFO             PET0 PIOc_freedecomp Enter - MemInfo: [/proc/self/status]	VmLib:	  133788 kB
20220314 012418.810 INFO             PET0 PIOc_freedecomp Enter - MemInfo: [/proc/self/status]	VmPTE:	     548 kB
20220314 012418.810 INFO             PET0 PIOc_freedecomp Enter - MemInfo: [/proc/self/status]	VmPMD:	      12 kB
20220314 012418.810 INFO             PET0 PIOc_freedecomp Enter - MemInfo: [/proc/self/status]	VmSwap:	       0 kB
20220314 012418.810 INFO             PET0 PIOc_freedecomp Enter - MemInfo: [/proc/self/status]	VmRSSPercent: 0.110781 %
20220314 012418.810 INFO             PET0 PIOc_freedecomp Enter - MemInfo: [malloc] Non-mmapped space allocated:                51892224 Byte
20220314 012418.810 INFO             PET0 PIOc_freedecomp Enter - MemInfo: [malloc] Space allocated in mmapped regions:          2887680 Byte
20220314 012418.810 INFO             PET0 PIOc_freedecomp Enter - MemInfo: [malloc] Maximum total allocated space:                     0 Byte
20220314 012418.810 INFO             PET0 PIOc_freedecomp Enter - MemInfo: [malloc] Space in freed fastbin blocks:                   256 Byte
20220314 012418.810 INFO             PET0 PIOc_freedecomp Enter - MemInfo: [malloc] Total allocated space:                      28654256 Byte
20220314 012418.810 INFO             PET0 PIOc_freedecomp Enter - MemInfo: [malloc] Total free space:                           23237968 Byte
20220314 012418.810 INFO             PET0 PIOc_freedecomp Enter - MemInfo: [malloc] Top-most, releasable space:                  8523472 Byte
20220314 012418.810 INFO             PET0 PIOc_freedecomp Enter - MemInfo: [malloc] Total space in use, mmap + non-mmap:        31541936 Byte
20220314 012418.811 INFO             PET0 PIOc_freedecomp Enter - MemInfo: [malloc] Total space held (mmap + non-mmap):         54779904 Byte
20220314 012418.811 INFO             PET0 PIOc_freedecomp Enter - MemInfo: [malloc] Total space used (mmap + non-mmap):         31550368 Byte
20220314 012418.811 INFO             PET0 PIOc_freedecomp Enter - MemInfo: Wall-clock time since execution start:               0.251951 seconds
20220314 012418.811 INFO             PET0 PIOc_freedecomp Exit - MemInfo: [/proc/meminfo - SSI]	MemTotal:       65855856 kB
20220314 012418.811 INFO             PET0 PIOc_freedecomp Exit - MemInfo: [/proc/meminfo - SSI]	MemFree:        60991940 kB
20220314 012418.811 INFO             PET0 PIOc_freedecomp Exit - MemInfo: [/proc/meminfo - SSI]	MemAvailable:   60821948 kB
20220314 012418.811 INFO             PET0 PIOc_freedecomp Exit - MemInfo: [/proc/meminfo - SSI]	Committed_AS:    3284052 kB
20220314 012418.811 INFO             PET0 PIOc_freedecomp Exit - MemInfo: [/proc/meminfo - SSI]	CommittedPercent: 4.98673 %
20220314 012418.811 INFO             PET0 PIOc_freedecomp Exit - MemInfo: [/proc/self/status]	VmPeak:	  356700 kB
20220314 012418.811 INFO             PET0 PIOc_freedecomp Exit - MemInfo: [/proc/self/status]	VmSize:	  356676 kB
20220314 012418.811 INFO             PET0 PIOc_freedecomp Exit - MemInfo: [/proc/self/status]	VmLck:	       0 kB
20220314 012418.811 INFO             PET0 PIOc_freedecomp Exit - MemInfo: [/proc/self/status]	VmPin:	       0 kB
20220314 012418.811 INFO             PET0 PIOc_freedecomp Exit - MemInfo: [/proc/self/status]	VmHWM:	   72956 kB
20220314 012418.811 INFO             PET0 PIOc_freedecomp Exit - MemInfo: [/proc/self/status]	VmRSS:	   72956 kB
20220314 012418.811 INFO             PET0 PIOc_freedecomp Exit - MemInfo: [/proc/self/status]	VmData:	   78660 kB
20220314 012418.811 INFO             PET0 PIOc_freedecomp Exit - MemInfo: [/proc/self/status]	VmStk:	     508 kB
20220314 012418.811 INFO             PET0 PIOc_freedecomp Exit - MemInfo: [/proc/self/status]	VmExe:	    1836 kB
20220314 012418.811 INFO             PET0 PIOc_freedecomp Exit - MemInfo: [/proc/self/status]	VmLib:	  133788 kB
20220314 012418.811 INFO             PET0 PIOc_freedecomp Exit - MemInfo: [/proc/self/status]	VmPTE:	     548 kB
20220314 012418.811 INFO             PET0 PIOc_freedecomp Exit - MemInfo: [/proc/self/status]	VmPMD:	      12 kB
20220314 012418.811 INFO             PET0 PIOc_freedecomp Exit - MemInfo: [/proc/self/status]	VmSwap:	       0 kB
20220314 012418.811 INFO             PET0 PIOc_freedecomp Exit - MemInfo: [/proc/self/status]	VmRSSPercent: 0.110781 %
20220314 012418.811 INFO             PET0 PIOc_freedecomp Exit - MemInfo: [malloc] Non-mmapped space allocated:                51892224 Byte
20220314 012418.811 INFO             PET0 PIOc_freedecomp Exit - MemInfo: [malloc] Space allocated in mmapped regions:          2887680 Byte
20220314 012418.811 INFO             PET0 PIOc_freedecomp Exit - MemInfo: [malloc] Maximum total allocated space:                     0 Byte
20220314 012418.811 INFO             PET0 PIOc_freedecomp Exit - MemInfo: [malloc] Space in freed fastbin blocks:                   784 Byte
20220314 012418.811 INFO             PET0 PIOc_freedecomp Exit - MemInfo: [malloc] Total allocated space:                      28650912 Byte
20220314 012418.811 INFO             PET0 PIOc_freedecomp Exit - MemInfo: [malloc] Total free space:                           23241312 Byte
20220314 012418.811 INFO             PET0 PIOc_freedecomp Exit - MemInfo: [malloc] Top-most, releasable space:                  8523472 Byte
20220314 012418.811 INFO             PET0 PIOc_freedecomp Exit - MemInfo: [malloc] Total space in use, mmap + non-mmap:        31538592 Byte
20220314 012418.811 INFO             PET0 PIOc_freedecomp Exit - MemInfo: [malloc] Total space held (mmap + non-mmap):         54779904 Byte
20220314 012418.811 INFO             PET0 PIOc_freedecomp Exit - MemInfo: [malloc] Total space used (mmap + non-mmap):         31547024 Byte
20220314 012418.811 INFO             PET0 PIOc_freedecomp Exit - MemInfo: Wall-clock time since execution start:                0.25237 seconds
20220314 012418.813 INFO             PET0 PIOc_sync Enter - MemInfo: [/proc/meminfo - SSI]	MemTotal:       65855856 kB
20220314 012418.813 INFO             PET0 PIOc_sync Enter - MemInfo: [/proc/meminfo - SSI]	MemFree:        60991940 kB
20220314 012418.813 INFO             PET0 PIOc_sync Enter - MemInfo: [/proc/meminfo - SSI]	MemAvailable:   60821948 kB
20220314 012418.813 INFO             PET0 PIOc_sync Enter - MemInfo: [/proc/meminfo - SSI]	Committed_AS:    3284052 kB
20220314 012418.813 INFO             PET0 PIOc_sync Enter - MemInfo: [/proc/meminfo - SSI]	CommittedPercent: 4.98673 %
20220314 012418.813 INFO             PET0 PIOc_sync Enter - MemInfo: [/proc/self/status]	VmPeak:	  356700 kB
20220314 012418.813 INFO             PET0 PIOc_sync Enter - MemInfo: [/proc/self/status]	VmSize:	  356676 kB
20220314 012418.813 INFO             PET0 PIOc_sync Enter - MemInfo: [/proc/self/status]	VmLck:	       0 kB
20220314 012418.813 INFO             PET0 PIOc_sync Enter - MemInfo: [/proc/self/status]	VmPin:	       0 kB
20220314 012418.813 INFO             PET0 PIOc_sync Enter - MemInfo: [/proc/self/status]	VmHWM:	   72956 kB
20220314 012418.813 INFO             PET0 PIOc_sync Enter - MemInfo: [/proc/self/status]	VmRSS:	   72956 kB
20220314 012418.813 INFO             PET0 PIOc_sync Enter - MemInfo: [/proc/self/status]	VmData:	   78660 kB
20220314 012418.813 INFO             PET0 PIOc_sync Enter - MemInfo: [/proc/self/status]	VmStk:	     508 kB
20220314 012418.813 INFO             PET0 PIOc_sync Enter - MemInfo: [/proc/self/status]	VmExe:	    1836 kB
20220314 012418.813 INFO             PET0 PIOc_sync Enter - MemInfo: [/proc/self/status]	VmLib:	  133788 kB
20220314 012418.813 INFO             PET0 PIOc_sync Enter - MemInfo: [/proc/self/status]	VmPTE:	     548 kB
20220314 012418.813 INFO             PET0 PIOc_sync Enter - MemInfo: [/proc/self/status]	VmPMD:	      12 kB
20220314 012418.813 INFO             PET0 PIOc_sync Enter - MemInfo: [/proc/self/status]	VmSwap:	       0 kB
20220314 012418.813 INFO             PET0 PIOc_sync Enter - MemInfo: [/proc/self/status]	VmRSSPercent: 0.110781 %
20220314 012418.813 INFO             PET0 PIOc_sync Enter - MemInfo: [malloc] Non-mmapped space allocated:                51892224 Byte
20220314 012418.813 INFO             PET0 PIOc_sync Enter - MemInfo: [malloc] Space allocated in mmapped regions:          2887680 Byte
20220314 012418.813 INFO             PET0 PIOc_sync Enter - MemInfo: [malloc] Maximum total allocated space:                     0 Byte
20220314 012418.813 INFO             PET0 PIOc_sync Enter - MemInfo: [malloc] Space in freed fastbin blocks:                   416 Byte
20220314 012418.813 INFO             PET0 PIOc_sync Enter - MemInfo: [malloc] Total allocated space:                      37055280 Byte
20220314 012418.813 INFO             PET0 PIOc_sync Enter - MemInfo: [malloc] Total free space:                           14836944 Byte
20220314 012418.813 INFO             PET0 PIOc_sync Enter - MemInfo: [malloc] Top-most, releasable space:                  8523472 Byte
20220314 012418.813 INFO             PET0 PIOc_sync Enter - MemInfo: [malloc] Total space in use, mmap + non-mmap:        39942960 Byte
20220314 012418.813 INFO             PET0 PIOc_sync Enter - MemInfo: [malloc] Total space held (mmap + non-mmap):         54779904 Byte
20220314 012418.813 INFO             PET0 PIOc_sync Enter - MemInfo: [malloc] Total space used (mmap + non-mmap):         39951280 Byte
20220314 012418.813 INFO             PET0 PIOc_sync Enter - MemInfo: Wall-clock time since execution start:               0.254366 seconds
20220314 012418.813 INFO             PET0 PIOc_sync Exit - MemInfo: [/proc/meminfo - SSI]	MemTotal:       65855856 kB
20220314 012418.813 INFO             PET0 PIOc_sync Exit - MemInfo: [/proc/meminfo - SSI]	MemFree:        60991940 kB
20220314 012418.813 INFO             PET0 PIOc_sync Exit - MemInfo: [/proc/meminfo - SSI]	MemAvailable:   60821948 kB
20220314 012418.813 INFO             PET0 PIOc_sync Exit - MemInfo: [/proc/meminfo - SSI]	Committed_AS:    3284052 kB
20220314 012418.813 INFO             PET0 PIOc_sync Exit - MemInfo: [/proc/meminfo - SSI]	CommittedPercent: 4.98673 %
20220314 012418.813 INFO             PET0 PIOc_sync Exit - MemInfo: [/proc/self/status]	VmPeak:	  356700 kB
20220314 012418.813 INFO             PET0 PIOc_sync Exit - MemInfo: [/proc/self/status]	VmSize:	  356676 kB
20220314 012418.813 INFO             PET0 PIOc_sync Exit - MemInfo: [/proc/self/status]	VmLck:	       0 kB
20220314 012418.813 INFO             PET0 PIOc_sync Exit - MemInfo: [/proc/self/status]	VmPin:	       0 kB
20220314 012418.813 INFO             PET0 PIOc_sync Exit - MemInfo: [/proc/self/status]	VmHWM:	   72956 kB
20220314 012418.813 INFO             PET0 PIOc_sync Exit - MemInfo: [/proc/self/status]	VmRSS:	   72956 kB
20220314 012418.813 INFO             PET0 PIOc_sync Exit - MemInfo: [/proc/self/status]	VmData:	   78660 kB
20220314 012418.813 INFO             PET0 PIOc_sync Exit - MemInfo: [/proc/self/status]	VmStk:	     508 kB
20220314 012418.813 INFO             PET0 PIOc_sync Exit - MemInfo: [/proc/self/status]	VmExe:	    1836 kB
20220314 012418.813 INFO             PET0 PIOc_sync Exit - MemInfo: [/proc/self/status]	VmLib:	  133788 kB
20220314 012418.813 INFO             PET0 PIOc_sync Exit - MemInfo: [/proc/self/status]	VmPTE:	     548 kB
20220314 012418.813 INFO             PET0 PIOc_sync Exit - MemInfo: [/proc/self/status]	VmPMD:	      12 kB
20220314 012418.813 INFO             PET0 PIOc_sync Exit - MemInfo: [/proc/self/status]	VmSwap:	       0 kB
20220314 012418.813 INFO             PET0 PIOc_sync Exit - MemInfo: [/proc/self/status]	VmRSSPercent: 0.110781 %
20220314 012418.813 INFO             PET0 PIOc_sync Exit - MemInfo: [malloc] Non-mmapped space allocated:                51892224 Byte
20220314 012418.813 INFO             PET0 PIOc_sync Exit - MemInfo: [malloc] Space allocated in mmapped regions:          2887680 Byte
20220314 012418.813 INFO             PET0 PIOc_sync Exit - MemInfo: [malloc] Maximum total allocated space:                     0 Byte
20220314 012418.813 INFO             PET0 PIOc_sync Exit - MemInfo: [malloc] Space in freed fastbin blocks:                    96 Byte
20220314 012418.813 INFO             PET0 PIOc_sync Exit - MemInfo: [malloc] Total allocated space:                      37056368 Byte
20220314 012418.813 INFO             PET0 PIOc_sync Exit - MemInfo: [malloc] Total free space:                           14835856 Byte
20220314 012418.813 INFO             PET0 PIOc_sync Exit - MemInfo: [malloc] Top-most, releasable space:                  8523472 Byte
20220314 012418.813 INFO             PET0 PIOc_sync Exit - MemInfo: [malloc] Total space in use, mmap + non-mmap:        39944048 Byte
20220314 012418.813 INFO             PET0 PIOc_sync Exit - MemInfo: [malloc] Total space held (mmap + non-mmap):         54779904 Byte
20220314 012418.813 INFO             PET0 PIOc_sync Exit - MemInfo: [malloc] Total space used (mmap + non-mmap):         39952496 Byte
20220314 012418.814 INFO             PET0 PIOc_sync Exit - MemInfo: Wall-clock time since execution start:               0.254907 seconds
20220314 012418.814 INFO             PET0 PIOc_freedecomp Enter - MemInfo: [/proc/meminfo - SSI]	MemTotal:       65855856 kB
20220314 012418.814 INFO             PET0 PIOc_freedecomp Enter - MemInfo: [/proc/meminfo - SSI]	MemFree:        60991940 kB
20220314 012418.814 INFO             PET0 PIOc_freedecomp Enter - MemInfo: [/proc/meminfo - SSI]	MemAvailable:   60821948 kB
20220314 012418.814 INFO             PET0 PIOc_freedecomp Enter - MemInfo: [/proc/meminfo - SSI]	Committed_AS:    3284052 kB
20220314 012418.814 INFO             PET0 PIOc_freedecomp Enter - MemInfo: [/proc/meminfo - SSI]	CommittedPercent: 4.98673 %
20220314 012418.814 INFO             PET0 PIOc_freedecomp Enter - MemInfo: [/proc/self/status]	VmPeak:	  356700 kB
20220314 012418.814 INFO             PET0 PIOc_freedecomp Enter - MemInfo: [/proc/self/status]	VmSize:	  356676 kB
20220314 012418.814 INFO             PET0 PIOc_freedecomp Enter - MemInfo: [/proc/self/status]	VmLck:	       0 kB
20220314 012418.814 INFO             PET0 PIOc_freedecomp Enter - MemInfo: [/proc/self/status]	VmPin:	       0 kB
20220314 012418.814 INFO             PET0 PIOc_freedecomp Enter - MemInfo: [/proc/self/status]	VmHWM:	   72956 kB
20220314 012418.814 INFO             PET0 PIOc_freedecomp Enter - MemInfo: [/proc/self/status]	VmRSS:	   72956 kB
20220314 012418.814 INFO             PET0 PIOc_freedecomp Enter - MemInfo: [/proc/self/status]	VmData:	   78660 kB
20220314 012418.814 INFO             PET0 PIOc_freedecomp Enter - MemInfo: [/proc/self/status]	VmStk:	     508 kB
20220314 012418.814 INFO             PET0 PIOc_freedecomp Enter - MemInfo: [/proc/self/status]	VmExe:	    1836 kB
20220314 012418.814 INFO             PET0 PIOc_freedecomp Enter - MemInfo: [/proc/self/status]	VmLib:	  133788 kB
20220314 012418.814 INFO             PET0 PIOc_freedecomp Enter - MemInfo: [/proc/self/status]	VmPTE:	     548 kB
20220314 012418.814 INFO             PET0 PIOc_freedecomp Enter - MemInfo: [/proc/self/status]	VmPMD:	      12 kB
20220314 012418.814 INFO             PET0 PIOc_freedecomp Enter - MemInfo: [/proc/self/status]	VmSwap:	       0 kB
20220314 012418.814 INFO             PET0 PIOc_freedecomp Enter - MemInfo: [/proc/self/status]	VmRSSPercent: 0.110781 %
20220314 012418.814 INFO             PET0 PIOc_freedecomp Enter - MemInfo: [malloc] Non-mmapped space allocated:                51892224 Byte
20220314 012418.814 INFO             PET0 PIOc_freedecomp Enter - MemInfo: [malloc] Space allocated in mmapped regions:          2887680 Byte
20220314 012418.814 INFO             PET0 PIOc_freedecomp Enter - MemInfo: [malloc] Maximum total allocated space:                     0 Byte
20220314 012418.814 INFO             PET0 PIOc_freedecomp Enter - MemInfo: [malloc] Space in freed fastbin blocks:                   864 Byte
20220314 012418.814 INFO             PET0 PIOc_freedecomp Enter - MemInfo: [malloc] Total allocated space:                      28655840 Byte
20220314 012418.814 INFO             PET0 PIOc_freedecomp Enter - MemInfo: [malloc] Total free space:                           23236384 Byte
20220314 012418.814 INFO             PET0 PIOc_freedecomp Enter - MemInfo: [malloc] Top-most, releasable space:                  8523472 Byte
20220314 012418.814 INFO             PET0 PIOc_freedecomp Enter - MemInfo: [malloc] Total space in use, mmap + non-mmap:        31543520 Byte
20220314 012418.814 INFO             PET0 PIOc_freedecomp Enter - MemInfo: [malloc] Total space held (mmap + non-mmap):         54779904 Byte
20220314 012418.814 INFO             PET0 PIOc_freedecomp Enter - MemInfo: [malloc] Total space used (mmap + non-mmap):         31551728 Byte
20220314 012418.814 INFO             PET0 PIOc_freedecomp Enter - MemInfo: Wall-clock time since execution start:                0.25548 seconds
20220314 012418.814 INFO             PET0 PIOc_freedecomp Exit - MemInfo: [/proc/meminfo - SSI]	MemTotal:       65855856 kB
20220314 012418.814 INFO             PET0 PIOc_freedecomp Exit - MemInfo: [/proc/meminfo - SSI]	MemFree:        60991436 kB
20220314 012418.814 INFO             PET0 PIOc_freedecomp Exit - MemInfo: [/proc/meminfo - SSI]	MemAvailable:   60821444 kB
20220314 012418.814 INFO             PET0 PIOc_freedecomp Exit - MemInfo: [/proc/meminfo - SSI]	Committed_AS:    3284052 kB
20220314 012418.814 INFO             PET0 PIOc_freedecomp Exit - MemInfo: [/proc/meminfo - SSI]	CommittedPercent: 4.98673 %
20220314 012418.814 INFO             PET0 PIOc_freedecomp Exit - MemInfo: [/proc/self/status]	VmPeak:	  356700 kB
20220314 012418.814 INFO             PET0 PIOc_freedecomp Exit - MemInfo: [/proc/self/status]	VmSize:	  356676 kB
20220314 012418.814 INFO             PET0 PIOc_freedecomp Exit - MemInfo: [/proc/self/status]	VmLck:	       0 kB
20220314 012418.814 INFO             PET0 PIOc_freedecomp Exit - MemInfo: [/proc/self/status]	VmPin:	       0 kB
20220314 012418.814 INFO             PET0 PIOc_freedecomp Exit - MemInfo: [/proc/self/status]	VmHWM:	   72956 kB
20220314 012418.814 INFO             PET0 PIOc_freedecomp Exit - MemInfo: [/proc/self/status]	VmRSS:	   72956 kB
20220314 012418.814 INFO             PET0 PIOc_freedecomp Exit - MemInfo: [/proc/self/status]	VmData:	   78660 kB
20220314 012418.814 INFO             PET0 PIOc_freedecomp Exit - MemInfo: [/proc/self/status]	VmStk:	     508 kB
20220314 012418.814 INFO             PET0 PIOc_freedecomp Exit - MemInfo: [/proc/self/status]	VmExe:	    1836 kB
20220314 012418.814 INFO             PET0 PIOc_freedecomp Exit - MemInfo: [/proc/self/status]	VmLib:	  133788 kB
20220314 012418.814 INFO             PET0 PIOc_freedecomp Exit - MemInfo: [/proc/self/status]	VmPTE:	     548 kB
20220314 012418.814 INFO             PET0 PIOc_freedecomp Exit - MemInfo: [/proc/self/status]	VmPMD:	      12 kB
20220314 012418.814 INFO             PET0 PIOc_freedecomp Exit - MemInfo: [/proc/self/status]	VmSwap:	       0 kB
20220314 012418.814 INFO             PET0 PIOc_freedecomp Exit - MemInfo: [/proc/self/status]	VmRSSPercent: 0.110781 %
20220314 012418.814 INFO             PET0 PIOc_freedecomp Exit - MemInfo: [malloc] Non-mmapped space allocated:                51892224 Byte
20220314 012418.814 INFO             PET0 PIOc_freedecomp Exit - MemInfo: [malloc] Space allocated in mmapped regions:          2887680 Byte
20220314 012418.814 INFO             PET0 PIOc_freedecomp Exit - MemInfo: [malloc] Maximum total allocated space:                     0 Byte
20220314 012418.814 INFO             PET0 PIOc_freedecomp Exit - MemInfo: [malloc] Space in freed fastbin blocks:                   960 Byte
20220314 012418.814 INFO             PET0 PIOc_freedecomp Exit - MemInfo: [malloc] Total allocated space:                      28651984 Byte
20220314 012418.814 INFO             PET0 PIOc_freedecomp Exit - MemInfo: [malloc] Total free space:                           23240240 Byte
20220314 012418.814 INFO             PET0 PIOc_freedecomp Exit - MemInfo: [malloc] Top-most, releasable space:                  8523472 Byte
20220314 012418.814 INFO             PET0 PIOc_freedecomp Exit - MemInfo: [malloc] Total space in use, mmap + non-mmap:        31539664 Byte
20220314 012418.814 INFO             PET0 PIOc_freedecomp Exit - MemInfo: [malloc] Total space held (mmap + non-mmap):         54779904 Byte
20220314 012418.814 INFO             PET0 PIOc_freedecomp Exit - MemInfo: [malloc] Total space used (mmap + non-mmap):         31547872 Byte
20220314 012418.814 INFO             PET0 PIOc_freedecomp Exit - MemInfo: Wall-clock time since execution start:               0.255902 seconds
20220314 012418.816 INFO             PET0 PIOc_sync Enter - MemInfo: [/proc/meminfo - SSI]	MemTotal:       65855856 kB
20220314 012418.816 INFO             PET0 PIOc_sync Enter - MemInfo: [/proc/meminfo - SSI]	MemFree:        60991436 kB
20220314 012418.816 INFO             PET0 PIOc_sync Enter - MemInfo: [/proc/meminfo - SSI]	MemAvailable:   60821444 kB
20220314 012418.816 INFO             PET0 PIOc_sync Enter - MemInfo: [/proc/meminfo - SSI]	Committed_AS:    3284052 kB
20220314 012418.816 INFO             PET0 PIOc_sync Enter - MemInfo: [/proc/meminfo - SSI]	CommittedPercent: 4.98673 %
20220314 012418.816 INFO             PET0 PIOc_sync Enter - MemInfo: [/proc/self/status]	VmPeak:	  356700 kB
20220314 012418.816 INFO             PET0 PIOc_sync Enter - MemInfo: [/proc/self/status]	VmSize:	  356676 kB
20220314 012418.816 INFO             PET0 PIOc_sync Enter - MemInfo: [/proc/self/status]	VmLck:	       0 kB
20220314 012418.816 INFO             PET0 PIOc_sync Enter - MemInfo: [/proc/self/status]	VmPin:	       0 kB
20220314 012418.816 INFO             PET0 PIOc_sync Enter - MemInfo: [/proc/self/status]	VmHWM:	   72956 kB
20220314 012418.816 INFO             PET0 PIOc_sync Enter - MemInfo: [/proc/self/status]	VmRSS:	   72956 kB
20220314 012418.816 INFO             PET0 PIOc_sync Enter - MemInfo: [/proc/self/status]	VmData:	   78660 kB
20220314 012418.816 INFO             PET0 PIOc_sync Enter - MemInfo: [/proc/self/status]	VmStk:	     508 kB
20220314 012418.816 INFO             PET0 PIOc_sync Enter - MemInfo: [/proc/self/status]	VmExe:	    1836 kB
20220314 012418.816 INFO             PET0 PIOc_sync Enter - MemInfo: [/proc/self/status]	VmLib:	  133788 kB
20220314 012418.816 INFO             PET0 PIOc_sync Enter - MemInfo: [/proc/self/status]	VmPTE:	     548 kB
20220314 012418.816 INFO             PET0 PIOc_sync Enter - MemInfo: [/proc/self/status]	VmPMD:	      12 kB
20220314 012418.816 INFO             PET0 PIOc_sync Enter - MemInfo: [/proc/self/status]	VmSwap:	       0 kB
20220314 012418.816 INFO             PET0 PIOc_sync Enter - MemInfo: [/proc/self/status]	VmRSSPercent: 0.110781 %
20220314 012418.816 INFO             PET0 PIOc_sync Enter - MemInfo: [malloc] Non-mmapped space allocated:                51892224 Byte
20220314 012418.816 INFO             PET0 PIOc_sync Enter - MemInfo: [malloc] Space allocated in mmapped regions:          2887680 Byte
20220314 012418.816 INFO             PET0 PIOc_sync Enter - MemInfo: [malloc] Maximum total allocated space:                     0 Byte
20220314 012418.816 INFO             PET0 PIOc_sync Enter - MemInfo: [malloc] Space in freed fastbin blocks:                   368 Byte
20220314 012418.816 INFO             PET0 PIOc_sync Enter - MemInfo: [malloc] Total allocated space:                      37056272 Byte
20220314 012418.816 INFO             PET0 PIOc_sync Enter - MemInfo: [malloc] Total free space:                           14835952 Byte
20220314 012418.816 INFO             PET0 PIOc_sync Enter - MemInfo: [malloc] Top-most, releasable space:                  8523472 Byte
20220314 012418.816 INFO             PET0 PIOc_sync Enter - MemInfo: [malloc] Total space in use, mmap + non-mmap:        39943952 Byte
20220314 012418.816 INFO             PET0 PIOc_sync Enter - MemInfo: [malloc] Total space held (mmap + non-mmap):         54779904 Byte
20220314 012418.816 INFO             PET0 PIOc_sync Enter - MemInfo: [malloc] Total space used (mmap + non-mmap):         39952272 Byte
20220314 012418.816 INFO             PET0 PIOc_sync Enter - MemInfo: Wall-clock time since execution start:                0.25777 seconds
20220314 012418.817 INFO             PET0 PIOc_sync Exit - MemInfo: [/proc/meminfo - SSI]	MemTotal:       65855856 kB
20220314 012418.817 INFO             PET0 PIOc_sync Exit - MemInfo: [/proc/meminfo - SSI]	MemFree:        60990804 kB
20220314 012418.817 INFO             PET0 PIOc_sync Exit - MemInfo: [/proc/meminfo - SSI]	MemAvailable:   60820812 kB
20220314 012418.817 INFO             PET0 PIOc_sync Exit - MemInfo: [/proc/meminfo - SSI]	Committed_AS:    3284052 kB
20220314 012418.817 INFO             PET0 PIOc_sync Exit - MemInfo: [/proc/meminfo - SSI]	CommittedPercent: 4.98673 %
20220314 012418.817 INFO             PET0 PIOc_sync Exit - MemInfo: [/proc/self/status]	VmPeak:	  356700 kB
20220314 012418.817 INFO             PET0 PIOc_sync Exit - MemInfo: [/proc/self/status]	VmSize:	  356676 kB
20220314 012418.817 INFO             PET0 PIOc_sync Exit - MemInfo: [/proc/self/status]	VmLck:	       0 kB
20220314 012418.817 INFO             PET0 PIOc_sync Exit - MemInfo: [/proc/self/status]	VmPin:	       0 kB
20220314 012418.817 INFO             PET0 PIOc_sync Exit - MemInfo: [/proc/self/status]	VmHWM:	   72956 kB
20220314 012418.817 INFO             PET0 PIOc_sync Exit - MemInfo: [/proc/self/status]	VmRSS:	   72956 kB
20220314 012418.817 INFO             PET0 PIOc_sync Exit - MemInfo: [/proc/self/status]	VmData:	   78660 kB
20220314 012418.817 INFO             PET0 PIOc_sync Exit - MemInfo: [/proc/self/status]	VmStk:	     508 kB
20220314 012418.817 INFO             PET0 PIOc_sync Exit - MemInfo: [/proc/self/status]	VmExe:	    1836 kB
20220314 012418.817 INFO             PET0 PIOc_sync Exit - MemInfo: [/proc/self/status]	VmLib:	  133788 kB
20220314 012418.817 INFO             PET0 PIOc_sync Exit - MemInfo: [/proc/self/status]	VmPTE:	     548 kB
20220314 012418.817 INFO             PET0 PIOc_sync Exit - MemInfo: [/proc/self/status]	VmPMD:	      12 kB
20220314 012418.817 INFO             PET0 PIOc_sync Exit - MemInfo: [/proc/self/status]	VmSwap:	       0 kB
20220314 012418.817 INFO             PET0 PIOc_sync Exit - MemInfo: [/proc/self/status]	VmRSSPercent: 0.110781 %
20220314 012418.817 INFO             PET0 PIOc_sync Exit - MemInfo: [malloc] Non-mmapped space allocated:                51892224 Byte
20220314 012418.817 INFO             PET0 PIOc_sync Exit - MemInfo: [malloc] Space allocated in mmapped regions:          2887680 Byte
20220314 012418.817 INFO             PET0 PIOc_sync Exit - MemInfo: [malloc] Maximum total allocated space:                     0 Byte
20220314 012418.817 INFO             PET0 PIOc_sync Exit - MemInfo: [malloc] Space in freed fastbin blocks:                     0 Byte
20220314 012418.817 INFO             PET0 PIOc_sync Exit - MemInfo: [malloc] Total allocated space:                      37057344 Byte
20220314 012418.817 INFO             PET0 PIOc_sync Exit - MemInfo: [malloc] Total free space:                           14834880 Byte
20220314 012418.817 INFO             PET0 PIOc_sync Exit - MemInfo: [malloc] Top-most, releasable space:                  8523472 Byte
20220314 012418.817 INFO             PET0 PIOc_sync Exit - MemInfo: [malloc] Total space in use, mmap + non-mmap:        39945024 Byte
20220314 012418.817 INFO             PET0 PIOc_sync Exit - MemInfo: [malloc] Total space held (mmap + non-mmap):         54779904 Byte
20220314 012418.817 INFO             PET0 PIOc_sync Exit - MemInfo: [malloc] Total space used (mmap + non-mmap):         39953344 Byte
20220314 012418.817 INFO             PET0 PIOc_sync Exit - MemInfo: Wall-clock time since execution start:               0.258485 seconds
20220314 012418.817 INFO             PET0 PIOc_freedecomp Enter - MemInfo: [/proc/meminfo - SSI]	MemTotal:       65855856 kB
20220314 012418.817 INFO             PET0 PIOc_freedecomp Enter - MemInfo: [/proc/meminfo - SSI]	MemFree:        60990804 kB
20220314 012418.817 INFO             PET0 PIOc_freedecomp Enter - MemInfo: [/proc/meminfo - SSI]	MemAvailable:   60820812 kB
20220314 012418.817 INFO             PET0 PIOc_freedecomp Enter - MemInfo: [/proc/meminfo - SSI]	Committed_AS:    3284052 kB
20220314 012418.817 INFO             PET0 PIOc_freedecomp Enter - MemInfo: [/proc/meminfo - SSI]	CommittedPercent: 4.98673 %
20220314 012418.817 INFO             PET0 PIOc_freedecomp Enter - MemInfo: [/proc/self/status]	VmPeak:	  356700 kB
20220314 012418.817 INFO             PET0 PIOc_freedecomp Enter - MemInfo: [/proc/self/status]	VmSize:	  356676 kB
20220314 012418.817 INFO             PET0 PIOc_freedecomp Enter - MemInfo: [/proc/self/status]	VmLck:	       0 kB
20220314 012418.817 INFO             PET0 PIOc_freedecomp Enter - MemInfo: [/proc/self/status]	VmPin:	       0 kB
20220314 012418.817 INFO             PET0 PIOc_freedecomp Enter - MemInfo: [/proc/self/status]	VmHWM:	   72956 kB
20220314 012418.817 INFO             PET0 PIOc_freedecomp Enter - MemInfo: [/proc/self/status]	VmRSS:	   72956 kB
20220314 012418.817 INFO             PET0 PIOc_freedecomp Enter - MemInfo: [/proc/self/status]	VmData:	   78660 kB
20220314 012418.817 INFO             PET0 PIOc_freedecomp Enter - MemInfo: [/proc/self/status]	VmStk:	     508 kB
20220314 012418.817 INFO             PET0 PIOc_freedecomp Enter - MemInfo: [/proc/self/status]	VmExe:	    1836 kB
20220314 012418.817 INFO             PET0 PIOc_freedecomp Enter - MemInfo: [/proc/self/status]	VmLib:	  133788 kB
20220314 012418.817 INFO             PET0 PIOc_freedecomp Enter - MemInfo: [/proc/self/status]	VmPTE:	     548 kB
20220314 012418.817 INFO             PET0 PIOc_freedecomp Enter - MemInfo: [/proc/self/status]	VmPMD:	      12 kB
20220314 012418.817 INFO             PET0 PIOc_freedecomp Enter - MemInfo: [/proc/self/status]	VmSwap:	       0 kB
20220314 012418.817 INFO             PET0 PIOc_freedecomp Enter - MemInfo: [/proc/self/status]	VmRSSPercent: 0.110781 %
20220314 012418.818 INFO             PET0 PIOc_freedecomp Enter - MemInfo: [malloc] Non-mmapped space allocated:                51892224 Byte
20220314 012418.818 INFO             PET0 PIOc_freedecomp Enter - MemInfo: [malloc] Space allocated in mmapped regions:          2887680 Byte
20220314 012418.818 INFO             PET0 PIOc_freedecomp Enter - MemInfo: [malloc] Maximum total allocated space:                     0 Byte
20220314 012418.818 INFO             PET0 PIOc_freedecomp Enter - MemInfo: [malloc] Space in freed fastbin blocks:                  1024 Byte
20220314 012418.818 INFO             PET0 PIOc_freedecomp Enter - MemInfo: [malloc] Total allocated space:                      28656720 Byte
20220314 012418.818 INFO             PET0 PIOc_freedecomp Enter - MemInfo: [malloc] Total free space:                           23235504 Byte
20220314 012418.818 INFO             PET0 PIOc_freedecomp Enter - MemInfo: [malloc] Top-most, releasable space:                  8523472 Byte
20220314 012418.818 INFO             PET0 PIOc_freedecomp Enter - MemInfo: [malloc] Total space in use, mmap + non-mmap:        31544400 Byte
20220314 012418.818 INFO             PET0 PIOc_freedecomp Enter - MemInfo: [malloc] Total space held (mmap + non-mmap):         54779904 Byte
20220314 012418.818 INFO             PET0 PIOc_freedecomp Enter - MemInfo: [malloc] Total space used (mmap + non-mmap):         31552608 Byte
20220314 012418.818 INFO             PET0 PIOc_freedecomp Enter - MemInfo: Wall-clock time since execution start:                0.25907 seconds
20220314 012418.818 INFO             PET0 PIOc_freedecomp Exit - MemInfo: [/proc/meminfo - SSI]	MemTotal:       65855856 kB
20220314 012418.818 INFO             PET0 PIOc_freedecomp Exit - MemInfo: [/proc/meminfo - SSI]	MemFree:        60990804 kB
20220314 012418.818 INFO             PET0 PIOc_freedecomp Exit - MemInfo: [/proc/meminfo - SSI]	MemAvailable:   60820812 kB
20220314 012418.818 INFO             PET0 PIOc_freedecomp Exit - MemInfo: [/proc/meminfo - SSI]	Committed_AS:    3284052 kB
20220314 012418.818 INFO             PET0 PIOc_freedecomp Exit - MemInfo: [/proc/meminfo - SSI]	CommittedPercent: 4.98673 %
20220314 012418.818 INFO             PET0 PIOc_freedecomp Exit - MemInfo: [/proc/self/status]	VmPeak:	  356700 kB
20220314 012418.818 INFO             PET0 PIOc_freedecomp Exit - MemInfo: [/proc/self/status]	VmSize:	  356676 kB
20220314 012418.818 INFO             PET0 PIOc_freedecomp Exit - MemInfo: [/proc/self/status]	VmLck:	       0 kB
20220314 012418.818 INFO             PET0 PIOc_freedecomp Exit - MemInfo: [/proc/self/status]	VmPin:	       0 kB
20220314 012418.818 INFO             PET0 PIOc_freedecomp Exit - MemInfo: [/proc/self/status]	VmHWM:	   72956 kB
20220314 012418.818 INFO             PET0 PIOc_freedecomp Exit - MemInfo: [/proc/self/status]	VmRSS:	   72956 kB
20220314 012418.818 INFO             PET0 PIOc_freedecomp Exit - MemInfo: [/proc/self/status]	VmData:	   78660 kB
20220314 012418.818 INFO             PET0 PIOc_freedecomp Exit - MemInfo: [/proc/self/status]	VmStk:	     508 kB
20220314 012418.818 INFO             PET0 PIOc_freedecomp Exit - MemInfo: [/proc/self/status]	VmExe:	    1836 kB
20220314 012418.818 INFO             PET0 PIOc_freedecomp Exit - MemInfo: [/proc/self/status]	VmLib:	  133788 kB
20220314 012418.818 INFO             PET0 PIOc_freedecomp Exit - MemInfo: [/proc/self/status]	VmPTE:	     548 kB
20220314 012418.818 INFO             PET0 PIOc_freedecomp Exit - MemInfo: [/proc/self/status]	VmPMD:	      12 kB
20220314 012418.818 INFO             PET0 PIOc_freedecomp Exit - MemInfo: [/proc/self/status]	VmSwap:	       0 kB
20220314 012418.818 INFO             PET0 PIOc_freedecomp Exit - MemInfo: [/proc/self/status]	VmRSSPercent: 0.110781 %
20220314 012418.818 INFO             PET0 PIOc_freedecomp Exit - MemInfo: [malloc] Non-mmapped space allocated:                51892224 Byte
20220314 012418.818 INFO             PET0 PIOc_freedecomp Exit - MemInfo: [malloc] Space allocated in mmapped regions:          2887680 Byte
20220314 012418.818 INFO             PET0 PIOc_freedecomp Exit - MemInfo: [malloc] Maximum total allocated space:                     0 Byte
20220314 012418.818 INFO             PET0 PIOc_freedecomp Exit - MemInfo: [malloc] Space in freed fastbin blocks:                   976 Byte
20220314 012418.818 INFO             PET0 PIOc_freedecomp Exit - MemInfo: [malloc] Total allocated space:                      28652848 Byte
20220314 012418.818 INFO             PET0 PIOc_freedecomp Exit - MemInfo: [malloc] Total free space:                           23239376 Byte
20220314 012418.818 INFO             PET0 PIOc_freedecomp Exit - MemInfo: [malloc] Top-most, releasable space:                  8523472 Byte
20220314 012418.818 INFO             PET0 PIOc_freedecomp Exit - MemInfo: [malloc] Total space in use, mmap + non-mmap:        31540528 Byte
20220314 012418.818 INFO             PET0 PIOc_freedecomp Exit - MemInfo: [malloc] Total space held (mmap + non-mmap):         54779904 Byte
20220314 012418.818 INFO             PET0 PIOc_freedecomp Exit - MemInfo: [malloc] Total space used (mmap + non-mmap):         31548736 Byte
20220314 012418.818 INFO             PET0 PIOc_freedecomp Exit - MemInfo: Wall-clock time since execution start:                0.25949 seconds
20220314 012418.820 INFO             PET0  PASS  ESMF_FieldRegridStoreFromFile Unit Test, ESMF_FieldSMMFromFileUTest.F90, line 315
20220314 012418.820 INFO             PET0  Ending Test, file ESMF_FieldSMMFromFileUTest.F90, line 322
20220314 012418.820 INFO             PET0 Finalizing ESMF
20220314 012418.576 INFO             PET1 !!!!!!!!!!!!!!!!!!!!!!!!!!!!!!!!!!!!!!!!!!!!!!!!!!!!!!
20220314 012418.576 INFO             PET1 !!! THE ESMF_LOG IS SET TO OUTPUT ALL LOG MESSAGES !!!
20220314 012418.576 INFO             PET1 !!!     THIS MAY CAUSE SLOWDOWN IN PERFORMANCE     !!!
20220314 012418.576 INFO             PET1 !!! FOR PRODUCTION RUNS, USE:                      !!!
20220314 012418.576 INFO             PET1 !!!                   ESMF_LOGKIND_Multi_On_Error  !!!
20220314 012418.576 INFO             PET1 !!!!!!!!!!!!!!!!!!!!!!!!!!!!!!!!!!!!!!!!!!!!!!!!!!!!!!
20220314 012418.576 INFO             PET1 Running with ESMF Version   : v8.3.0b09-96-g559b459836
20220314 012418.576 INFO             PET1 ESMF library build date/time: "Mar 14 2022" "01:01:03"
20220314 012418.576 INFO             PET1 ESMF library build location : /lustre/f2/dev/ncep/Mark.Potts/intel_2019.5_mpi_g_jedwards_pio_update2
20220314 012418.576 INFO             PET1 ESMF_COMM                   : mpi
20220314 012418.577 INFO             PET1 ESMF_MOAB                   : enabled
20220314 012418.577 INFO             PET1 ESMF_LAPACK                 : enabled
20220314 012418.577 INFO             PET1 ESMF_NETCDF                 : enabled
20220314 012418.577 INFO             PET1 ESMF_PNETCDF                : disabled
20220314 012418.577 INFO             PET1 ESMF_PIO                    : enabled
20220314 012418.577 INFO             PET1 ESMF_YAMLCPP                : enabled
20220314 012418.665 INFO             PET1  Beginning Test, file ESMF_FieldSMMFromFileUTest.F90, line 287
20220314 012418.665 INFO             PET1  NUMBER_OF_PROCESSORS           4
20220314 012418.784 INFO             PET1  PASS  ESMF_FieldSMMFromFile Unit Test, ESMF_FieldSMMFromFileUTest.F90, line 300
20220314 012418.809 INFO             PET1 PIOc_sync Enter - MemInfo: [/proc/meminfo - SSI]	MemTotal:       65855856 kB
20220314 012418.809 INFO             PET1 PIOc_sync Enter - MemInfo: [/proc/meminfo - SSI]	MemFree:        60991940 kB
20220314 012418.809 INFO             PET1 PIOc_sync Enter - MemInfo: [/proc/meminfo - SSI]	MemAvailable:   60821948 kB
20220314 012418.809 INFO             PET1 PIOc_sync Enter - MemInfo: [/proc/meminfo - SSI]	Committed_AS:    3284052 kB
20220314 012418.809 INFO             PET1 PIOc_sync Enter - MemInfo: [/proc/meminfo - SSI]	CommittedPercent: 4.98673 %
20220314 012418.809 INFO             PET1 PIOc_sync Enter - MemInfo: [/proc/self/status]	VmPeak:	  328060 kB
20220314 012418.809 INFO             PET1 PIOc_sync Enter - MemInfo: [/proc/self/status]	VmSize:	  328036 kB
20220314 012418.809 INFO             PET1 PIOc_sync Enter - MemInfo: [/proc/self/status]	VmLck:	       0 kB
20220314 012418.809 INFO             PET1 PIOc_sync Enter - MemInfo: [/proc/self/status]	VmPin:	       0 kB
20220314 012418.809 INFO             PET1 PIOc_sync Enter - MemInfo: [/proc/self/status]	VmHWM:	   54400 kB
20220314 012418.809 INFO             PET1 PIOc_sync Enter - MemInfo: [/proc/self/status]	VmRSS:	   54400 kB
20220314 012418.809 INFO             PET1 PIOc_sync Enter - MemInfo: [/proc/self/status]	VmData:	   50020 kB
20220314 012418.809 INFO             PET1 PIOc_sync Enter - MemInfo: [/proc/self/status]	VmStk:	     508 kB
20220314 012418.809 INFO             PET1 PIOc_sync Enter - MemInfo: [/proc/self/status]	VmExe:	    1836 kB
20220314 012418.809 INFO             PET1 PIOc_sync Enter - MemInfo: [/proc/self/status]	VmLib:	  133788 kB
20220314 012418.809 INFO             PET1 PIOc_sync Enter - MemInfo: [/proc/self/status]	VmPTE:	     500 kB
20220314 012418.809 INFO             PET1 PIOc_sync Enter - MemInfo: [/proc/self/status]	VmPMD:	      12 kB
20220314 012418.809 INFO             PET1 PIOc_sync Enter - MemInfo: [/proc/self/status]	VmSwap:	       0 kB
20220314 012418.809 INFO             PET1 PIOc_sync Enter - MemInfo: [/proc/self/status]	VmRSSPercent: 0.0826047 %
20220314 012418.809 INFO             PET1 PIOc_sync Enter - MemInfo: [malloc] Non-mmapped space allocated:                26759168 Byte
20220314 012418.809 INFO             PET1 PIOc_sync Enter - MemInfo: [malloc] Space allocated in mmapped regions:          2887680 Byte
20220314 012418.809 INFO             PET1 PIOc_sync Enter - MemInfo: [malloc] Maximum total allocated space:                     0 Byte
20220314 012418.809 INFO             PET1 PIOc_sync Enter - MemInfo: [malloc] Space in freed fastbin blocks:                    48 Byte
20220314 012418.809 INFO             PET1 PIOc_sync Enter - MemInfo: [malloc] Total allocated space:                      11529808 Byte
20220314 012418.809 INFO             PET1 PIOc_sync Enter - MemInfo: [malloc] Total free space:                           15229360 Byte
20220314 012418.809 INFO             PET1 PIOc_sync Enter - MemInfo: [malloc] Top-most, releasable space:                  8521392 Byte
20220314 012418.809 INFO             PET1 PIOc_sync Enter - MemInfo: [malloc] Total space in use, mmap + non-mmap:        14417488 Byte
20220314 012418.809 INFO             PET1 PIOc_sync Enter - MemInfo: [malloc] Total space held (mmap + non-mmap):         29646848 Byte
20220314 012418.809 INFO             PET1 PIOc_sync Enter - MemInfo: [malloc] Total space used (mmap + non-mmap):         14426512 Byte
20220314 012418.809 INFO             PET1 PIOc_sync Enter - MemInfo: Wall-clock time since execution start:               0.250745 seconds
20220314 012418.810 INFO             PET1 PIOc_sync Exit - MemInfo: [/proc/meminfo - SSI]	MemTotal:       65855856 kB
20220314 012418.810 INFO             PET1 PIOc_sync Exit - MemInfo: [/proc/meminfo - SSI]	MemFree:        60991940 kB
20220314 012418.810 INFO             PET1 PIOc_sync Exit - MemInfo: [/proc/meminfo - SSI]	MemAvailable:   60821948 kB
20220314 012418.810 INFO             PET1 PIOc_sync Exit - MemInfo: [/proc/meminfo - SSI]	Committed_AS:    3284052 kB
20220314 012418.810 INFO             PET1 PIOc_sync Exit - MemInfo: [/proc/meminfo - SSI]	CommittedPercent: 4.98673 %
20220314 012418.810 INFO             PET1 PIOc_sync Exit - MemInfo: [/proc/self/status]	VmPeak:	  328060 kB
20220314 012418.810 INFO             PET1 PIOc_sync Exit - MemInfo: [/proc/self/status]	VmSize:	  328036 kB
20220314 012418.810 INFO             PET1 PIOc_sync Exit - MemInfo: [/proc/self/status]	VmLck:	       0 kB
20220314 012418.810 INFO             PET1 PIOc_sync Exit - MemInfo: [/proc/self/status]	VmPin:	       0 kB
20220314 012418.810 INFO             PET1 PIOc_sync Exit - MemInfo: [/proc/self/status]	VmHWM:	   54400 kB
20220314 012418.810 INFO             PET1 PIOc_sync Exit - MemInfo: [/proc/self/status]	VmRSS:	   54400 kB
20220314 012418.810 INFO             PET1 PIOc_sync Exit - MemInfo: [/proc/self/status]	VmData:	   50020 kB
20220314 012418.810 INFO             PET1 PIOc_sync Exit - MemInfo: [/proc/self/status]	VmStk:	     508 kB
20220314 012418.810 INFO             PET1 PIOc_sync Exit - MemInfo: [/proc/self/status]	VmExe:	    1836 kB
20220314 012418.810 INFO             PET1 PIOc_sync Exit - MemInfo: [/proc/self/status]	VmLib:	  133788 kB
20220314 012418.810 INFO             PET1 PIOc_sync Exit - MemInfo: [/proc/self/status]	VmPTE:	     500 kB
20220314 012418.810 INFO             PET1 PIOc_sync Exit - MemInfo: [/proc/self/status]	VmPMD:	      12 kB
20220314 012418.810 INFO             PET1 PIOc_sync Exit - MemInfo: [/proc/self/status]	VmSwap:	       0 kB
20220314 012418.810 INFO             PET1 PIOc_sync Exit - MemInfo: [/proc/self/status]	VmRSSPercent: 0.0826047 %
20220314 012418.810 INFO             PET1 PIOc_sync Exit - MemInfo: [malloc] Non-mmapped space allocated:                26759168 Byte
20220314 012418.810 INFO             PET1 PIOc_sync Exit - MemInfo: [malloc] Space allocated in mmapped regions:          2887680 Byte
20220314 012418.810 INFO             PET1 PIOc_sync Exit - MemInfo: [malloc] Maximum total allocated space:                     0 Byte
20220314 012418.810 INFO             PET1 PIOc_sync Exit - MemInfo: [malloc] Space in freed fastbin blocks:                     0 Byte
20220314 012418.810 INFO             PET1 PIOc_sync Exit - MemInfo: [malloc] Total allocated space:                      11531424 Byte
20220314 012418.810 INFO             PET1 PIOc_sync Exit - MemInfo: [malloc] Total free space:                           15227744 Byte
20220314 012418.810 INFO             PET1 PIOc_sync Exit - MemInfo: [malloc] Top-most, releasable space:                  8521392 Byte
20220314 012418.810 INFO             PET1 PIOc_sync Exit - MemInfo: [malloc] Total space in use, mmap + non-mmap:        14419104 Byte
20220314 012418.810 INFO             PET1 PIOc_sync Exit - MemInfo: [malloc] Total space held (mmap + non-mmap):         29646848 Byte
20220314 012418.810 INFO             PET1 PIOc_sync Exit - MemInfo: [malloc] Total space used (mmap + non-mmap):         14427600 Byte
20220314 012418.810 INFO             PET1 PIOc_sync Exit - MemInfo: Wall-clock time since execution start:               0.251342 seconds
20220314 012418.810 INFO             PET1 PIOc_freedecomp Enter - MemInfo: [/proc/meminfo - SSI]	MemTotal:       65855856 kB
20220314 012418.810 INFO             PET1 PIOc_freedecomp Enter - MemInfo: [/proc/meminfo - SSI]	MemFree:        60991940 kB
20220314 012418.810 INFO             PET1 PIOc_freedecomp Enter - MemInfo: [/proc/meminfo - SSI]	MemAvailable:   60821948 kB
20220314 012418.810 INFO             PET1 PIOc_freedecomp Enter - MemInfo: [/proc/meminfo - SSI]	Committed_AS:    3284052 kB
20220314 012418.810 INFO             PET1 PIOc_freedecomp Enter - MemInfo: [/proc/meminfo - SSI]	CommittedPercent: 4.98673 %
20220314 012418.810 INFO             PET1 PIOc_freedecomp Enter - MemInfo: [/proc/self/status]	VmPeak:	  328060 kB
20220314 012418.810 INFO             PET1 PIOc_freedecomp Enter - MemInfo: [/proc/self/status]	VmSize:	  328036 kB
20220314 012418.810 INFO             PET1 PIOc_freedecomp Enter - MemInfo: [/proc/self/status]	VmLck:	       0 kB
20220314 012418.810 INFO             PET1 PIOc_freedecomp Enter - MemInfo: [/proc/self/status]	VmPin:	       0 kB
20220314 012418.810 INFO             PET1 PIOc_freedecomp Enter - MemInfo: [/proc/self/status]	VmHWM:	   54400 kB
20220314 012418.810 INFO             PET1 PIOc_freedecomp Enter - MemInfo: [/proc/self/status]	VmRSS:	   54400 kB
20220314 012418.810 INFO             PET1 PIOc_freedecomp Enter - MemInfo: [/proc/self/status]	VmData:	   50020 kB
20220314 012418.810 INFO             PET1 PIOc_freedecomp Enter - MemInfo: [/proc/self/status]	VmStk:	     508 kB
20220314 012418.810 INFO             PET1 PIOc_freedecomp Enter - MemInfo: [/proc/self/status]	VmExe:	    1836 kB
20220314 012418.810 INFO             PET1 PIOc_freedecomp Enter - MemInfo: [/proc/self/status]	VmLib:	  133788 kB
20220314 012418.810 INFO             PET1 PIOc_freedecomp Enter - MemInfo: [/proc/self/status]	VmPTE:	     500 kB
20220314 012418.810 INFO             PET1 PIOc_freedecomp Enter - MemInfo: [/proc/self/status]	VmPMD:	      12 kB
20220314 012418.810 INFO             PET1 PIOc_freedecomp Enter - MemInfo: [/proc/self/status]	VmSwap:	       0 kB
20220314 012418.810 INFO             PET1 PIOc_freedecomp Enter - MemInfo: [/proc/self/status]	VmRSSPercent: 0.0826047 %
20220314 012418.810 INFO             PET1 PIOc_freedecomp Enter - MemInfo: [malloc] Non-mmapped space allocated:                26759168 Byte
20220314 012418.810 INFO             PET1 PIOc_freedecomp Enter - MemInfo: [malloc] Space allocated in mmapped regions:          2887680 Byte
20220314 012418.810 INFO             PET1 PIOc_freedecomp Enter - MemInfo: [malloc] Maximum total allocated space:                     0 Byte
20220314 012418.810 INFO             PET1 PIOc_freedecomp Enter - MemInfo: [malloc] Space in freed fastbin blocks:                    48 Byte
20220314 012418.810 INFO             PET1 PIOc_freedecomp Enter - MemInfo: [malloc] Total allocated space:                      11531872 Byte
20220314 012418.810 INFO             PET1 PIOc_freedecomp Enter - MemInfo: [malloc] Total free space:                           15227296 Byte
20220314 012418.811 INFO             PET1 PIOc_freedecomp Enter - MemInfo: [malloc] Top-most, releasable space:                  8521392 Byte
20220314 012418.811 INFO             PET1 PIOc_freedecomp Enter - MemInfo: [malloc] Total space in use, mmap + non-mmap:        14419552 Byte
20220314 012418.811 INFO             PET1 PIOc_freedecomp Enter - MemInfo: [malloc] Total space held (mmap + non-mmap):         29646848 Byte
20220314 012418.811 INFO             PET1 PIOc_freedecomp Enter - MemInfo: [malloc] Total space used (mmap + non-mmap):         14428048 Byte
20220314 012418.811 INFO             PET1 PIOc_freedecomp Enter - MemInfo: Wall-clock time since execution start:               0.251954 seconds
20220314 012418.811 INFO             PET1 PIOc_freedecomp Exit - MemInfo: [/proc/meminfo - SSI]	MemTotal:       65855856 kB
20220314 012418.811 INFO             PET1 PIOc_freedecomp Exit - MemInfo: [/proc/meminfo - SSI]	MemFree:        60991940 kB
20220314 012418.811 INFO             PET1 PIOc_freedecomp Exit - MemInfo: [/proc/meminfo - SSI]	MemAvailable:   60821948 kB
20220314 012418.811 INFO             PET1 PIOc_freedecomp Exit - MemInfo: [/proc/meminfo - SSI]	Committed_AS:    3284052 kB
20220314 012418.811 INFO             PET1 PIOc_freedecomp Exit - MemInfo: [/proc/meminfo - SSI]	CommittedPercent: 4.98673 %
20220314 012418.811 INFO             PET1 PIOc_freedecomp Exit - MemInfo: [/proc/self/status]	VmPeak:	  328060 kB
20220314 012418.811 INFO             PET1 PIOc_freedecomp Exit - MemInfo: [/proc/self/status]	VmSize:	  328036 kB
20220314 012418.811 INFO             PET1 PIOc_freedecomp Exit - MemInfo: [/proc/self/status]	VmLck:	       0 kB
20220314 012418.811 INFO             PET1 PIOc_freedecomp Exit - MemInfo: [/proc/self/status]	VmPin:	       0 kB
20220314 012418.811 INFO             PET1 PIOc_freedecomp Exit - MemInfo: [/proc/self/status]	VmHWM:	   54400 kB
20220314 012418.811 INFO             PET1 PIOc_freedecomp Exit - MemInfo: [/proc/self/status]	VmRSS:	   54400 kB
20220314 012418.811 INFO             PET1 PIOc_freedecomp Exit - MemInfo: [/proc/self/status]	VmData:	   50020 kB
20220314 012418.811 INFO             PET1 PIOc_freedecomp Exit - MemInfo: [/proc/self/status]	VmStk:	     508 kB
20220314 012418.811 INFO             PET1 PIOc_freedecomp Exit - MemInfo: [/proc/self/status]	VmExe:	    1836 kB
20220314 012418.811 INFO             PET1 PIOc_freedecomp Exit - MemInfo: [/proc/self/status]	VmLib:	  133788 kB
20220314 012418.811 INFO             PET1 PIOc_freedecomp Exit - MemInfo: [/proc/self/status]	VmPTE:	     500 kB
20220314 012418.811 INFO             PET1 PIOc_freedecomp Exit - MemInfo: [/proc/self/status]	VmPMD:	      12 kB
20220314 012418.811 INFO             PET1 PIOc_freedecomp Exit - MemInfo: [/proc/self/status]	VmSwap:	       0 kB
20220314 012418.811 INFO             PET1 PIOc_freedecomp Exit - MemInfo: [/proc/self/status]	VmRSSPercent: 0.0826047 %
20220314 012418.811 INFO             PET1 PIOc_freedecomp Exit - MemInfo: [malloc] Non-mmapped space allocated:                26759168 Byte
20220314 012418.811 INFO             PET1 PIOc_freedecomp Exit - MemInfo: [malloc] Space allocated in mmapped regions:          2887680 Byte
20220314 012418.811 INFO             PET1 PIOc_freedecomp Exit - MemInfo: [malloc] Maximum total allocated space:                     0 Byte
20220314 012418.811 INFO             PET1 PIOc_freedecomp Exit - MemInfo: [malloc] Space in freed fastbin blocks:                   144 Byte
20220314 012418.811 INFO             PET1 PIOc_freedecomp Exit - MemInfo: [malloc] Total allocated space:                      11531760 Byte
20220314 012418.811 INFO             PET1 PIOc_freedecomp Exit - MemInfo: [malloc] Total free space:                           15227408 Byte
20220314 012418.811 INFO             PET1 PIOc_freedecomp Exit - MemInfo: [malloc] Top-most, releasable space:                  8521392 Byte
20220314 012418.811 INFO             PET1 PIOc_freedecomp Exit - MemInfo: [malloc] Total space in use, mmap + non-mmap:        14419440 Byte
20220314 012418.811 INFO             PET1 PIOc_freedecomp Exit - MemInfo: [malloc] Total space held (mmap + non-mmap):         29646848 Byte
20220314 012418.811 INFO             PET1 PIOc_freedecomp Exit - MemInfo: [malloc] Total space used (mmap + non-mmap):         14427872 Byte
20220314 012418.811 INFO             PET1 PIOc_freedecomp Exit - MemInfo: Wall-clock time since execution start:               0.252453 seconds
20220314 012418.813 INFO             PET1 PIOc_sync Enter - MemInfo: [/proc/meminfo - SSI]	MemTotal:       65855856 kB
20220314 012418.813 INFO             PET1 PIOc_sync Enter - MemInfo: [/proc/meminfo - SSI]	MemFree:        60991940 kB
20220314 012418.813 INFO             PET1 PIOc_sync Enter - MemInfo: [/proc/meminfo - SSI]	MemAvailable:   60821948 kB
20220314 012418.813 INFO             PET1 PIOc_sync Enter - MemInfo: [/proc/meminfo - SSI]	Committed_AS:    3284052 kB
20220314 012418.813 INFO             PET1 PIOc_sync Enter - MemInfo: [/proc/meminfo - SSI]	CommittedPercent: 4.98673 %
20220314 012418.813 INFO             PET1 PIOc_sync Enter - MemInfo: [/proc/self/status]	VmPeak:	  328060 kB
20220314 012418.813 INFO             PET1 PIOc_sync Enter - MemInfo: [/proc/self/status]	VmSize:	  328036 kB
20220314 012418.813 INFO             PET1 PIOc_sync Enter - MemInfo: [/proc/self/status]	VmLck:	       0 kB
20220314 012418.813 INFO             PET1 PIOc_sync Enter - MemInfo: [/proc/self/status]	VmPin:	       0 kB
20220314 012418.813 INFO             PET1 PIOc_sync Enter - MemInfo: [/proc/self/status]	VmHWM:	   54620 kB
20220314 012418.813 INFO             PET1 PIOc_sync Enter - MemInfo: [/proc/self/status]	VmRSS:	   54620 kB
20220314 012418.813 INFO             PET1 PIOc_sync Enter - MemInfo: [/proc/self/status]	VmData:	   50020 kB
20220314 012418.813 INFO             PET1 PIOc_sync Enter - MemInfo: [/proc/self/status]	VmStk:	     508 kB
20220314 012418.813 INFO             PET1 PIOc_sync Enter - MemInfo: [/proc/self/status]	VmExe:	    1836 kB
20220314 012418.813 INFO             PET1 PIOc_sync Enter - MemInfo: [/proc/self/status]	VmLib:	  133788 kB
20220314 012418.813 INFO             PET1 PIOc_sync Enter - MemInfo: [/proc/self/status]	VmPTE:	     504 kB
20220314 012418.813 INFO             PET1 PIOc_sync Enter - MemInfo: [/proc/self/status]	VmPMD:	      12 kB
20220314 012418.813 INFO             PET1 PIOc_sync Enter - MemInfo: [/proc/self/status]	VmSwap:	       0 kB
20220314 012418.813 INFO             PET1 PIOc_sync Enter - MemInfo: [/proc/self/status]	VmRSSPercent: 0.0829387 %
20220314 012418.813 INFO             PET1 PIOc_sync Enter - MemInfo: [malloc] Non-mmapped space allocated:                26759168 Byte
20220314 012418.813 INFO             PET1 PIOc_sync Enter - MemInfo: [malloc] Space allocated in mmapped regions:          2887680 Byte
20220314 012418.813 INFO             PET1 PIOc_sync Enter - MemInfo: [malloc] Maximum total allocated space:                     0 Byte
20220314 012418.813 INFO             PET1 PIOc_sync Enter - MemInfo: [malloc] Space in freed fastbin blocks:                    80 Byte
20220314 012418.813 INFO             PET1 PIOc_sync Enter - MemInfo: [malloc] Total allocated space:                      11533744 Byte
20220314 012418.813 INFO             PET1 PIOc_sync Enter - MemInfo: [malloc] Total free space:                           15225424 Byte
20220314 012418.813 INFO             PET1 PIOc_sync Enter - MemInfo: [malloc] Top-most, releasable space:                  8521392 Byte
20220314 012418.813 INFO             PET1 PIOc_sync Enter - MemInfo: [malloc] Total space in use, mmap + non-mmap:        14421424 Byte
20220314 012418.813 INFO             PET1 PIOc_sync Enter - MemInfo: [malloc] Total space held (mmap + non-mmap):         29646848 Byte
20220314 012418.813 INFO             PET1 PIOc_sync Enter - MemInfo: [malloc] Total space used (mmap + non-mmap):         14429632 Byte
20220314 012418.813 INFO             PET1 PIOc_sync Enter - MemInfo: Wall-clock time since execution start:               0.254361 seconds
20220314 012418.813 INFO             PET1 PIOc_sync Exit - MemInfo: [/proc/meminfo - SSI]	MemTotal:       65855856 kB
20220314 012418.813 INFO             PET1 PIOc_sync Exit - MemInfo: [/proc/meminfo - SSI]	MemFree:        60991940 kB
20220314 012418.813 INFO             PET1 PIOc_sync Exit - MemInfo: [/proc/meminfo - SSI]	MemAvailable:   60821948 kB
20220314 012418.813 INFO             PET1 PIOc_sync Exit - MemInfo: [/proc/meminfo - SSI]	Committed_AS:    3284052 kB
20220314 012418.813 INFO             PET1 PIOc_sync Exit - MemInfo: [/proc/meminfo - SSI]	CommittedPercent: 4.98673 %
20220314 012418.813 INFO             PET1 PIOc_sync Exit - MemInfo: [/proc/self/status]	VmPeak:	  328060 kB
20220314 012418.813 INFO             PET1 PIOc_sync Exit - MemInfo: [/proc/self/status]	VmSize:	  328036 kB
20220314 012418.813 INFO             PET1 PIOc_sync Exit - MemInfo: [/proc/self/status]	VmLck:	       0 kB
20220314 012418.813 INFO             PET1 PIOc_sync Exit - MemInfo: [/proc/self/status]	VmPin:	       0 kB
20220314 012418.813 INFO             PET1 PIOc_sync Exit - MemInfo: [/proc/self/status]	VmHWM:	   54620 kB
20220314 012418.813 INFO             PET1 PIOc_sync Exit - MemInfo: [/proc/self/status]	VmRSS:	   54620 kB
20220314 012418.813 INFO             PET1 PIOc_sync Exit - MemInfo: [/proc/self/status]	VmData:	   50020 kB
20220314 012418.813 INFO             PET1 PIOc_sync Exit - MemInfo: [/proc/self/status]	VmStk:	     508 kB
20220314 012418.813 INFO             PET1 PIOc_sync Exit - MemInfo: [/proc/self/status]	VmExe:	    1836 kB
20220314 012418.813 INFO             PET1 PIOc_sync Exit - MemInfo: [/proc/self/status]	VmLib:	  133788 kB
20220314 012418.813 INFO             PET1 PIOc_sync Exit - MemInfo: [/proc/self/status]	VmPTE:	     504 kB
20220314 012418.813 INFO             PET1 PIOc_sync Exit - MemInfo: [/proc/self/status]	VmPMD:	      12 kB
20220314 012418.813 INFO             PET1 PIOc_sync Exit - MemInfo: [/proc/self/status]	VmSwap:	       0 kB
20220314 012418.813 INFO             PET1 PIOc_sync Exit - MemInfo: [/proc/self/status]	VmRSSPercent: 0.0829387 %
20220314 012418.813 INFO             PET1 PIOc_sync Exit - MemInfo: [malloc] Non-mmapped space allocated:                26759168 Byte
20220314 012418.813 INFO             PET1 PIOc_sync Exit - MemInfo: [malloc] Space allocated in mmapped regions:          2887680 Byte
20220314 012418.813 INFO             PET1 PIOc_sync Exit - MemInfo: [malloc] Maximum total allocated space:                     0 Byte
20220314 012418.813 INFO             PET1 PIOc_sync Exit - MemInfo: [malloc] Space in freed fastbin blocks:                     0 Byte
20220314 012418.813 INFO             PET1 PIOc_sync Exit - MemInfo: [malloc] Total allocated space:                      11533824 Byte
20220314 012418.813 INFO             PET1 PIOc_sync Exit - MemInfo: [malloc] Total free space:                           15225344 Byte
20220314 012418.814 INFO             PET1 PIOc_sync Exit - MemInfo: [malloc] Top-most, releasable space:                  8521392 Byte
20220314 012418.814 INFO             PET1 PIOc_sync Exit - MemInfo: [malloc] Total space in use, mmap + non-mmap:        14421504 Byte
20220314 012418.814 INFO             PET1 PIOc_sync Exit - MemInfo: [malloc] Total space held (mmap + non-mmap):         29646848 Byte
20220314 012418.814 INFO             PET1 PIOc_sync Exit - MemInfo: [malloc] Total space used (mmap + non-mmap):         14429712 Byte
20220314 012418.814 INFO             PET1 PIOc_sync Exit - MemInfo: Wall-clock time since execution start:               0.254908 seconds
20220314 012418.814 INFO             PET1 PIOc_freedecomp Enter - MemInfo: [/proc/meminfo - SSI]	MemTotal:       65855856 kB
20220314 012418.814 INFO             PET1 PIOc_freedecomp Enter - MemInfo: [/proc/meminfo - SSI]	MemFree:        60991940 kB
20220314 012418.814 INFO             PET1 PIOc_freedecomp Enter - MemInfo: [/proc/meminfo - SSI]	MemAvailable:   60821948 kB
20220314 012418.814 INFO             PET1 PIOc_freedecomp Enter - MemInfo: [/proc/meminfo - SSI]	Committed_AS:    3284052 kB
20220314 012418.814 INFO             PET1 PIOc_freedecomp Enter - MemInfo: [/proc/meminfo - SSI]	CommittedPercent: 4.98673 %
20220314 012418.814 INFO             PET1 PIOc_freedecomp Enter - MemInfo: [/proc/self/status]	VmPeak:	  328060 kB
20220314 012418.814 INFO             PET1 PIOc_freedecomp Enter - MemInfo: [/proc/self/status]	VmSize:	  328036 kB
20220314 012418.814 INFO             PET1 PIOc_freedecomp Enter - MemInfo: [/proc/self/status]	VmLck:	       0 kB
20220314 012418.814 INFO             PET1 PIOc_freedecomp Enter - MemInfo: [/proc/self/status]	VmPin:	       0 kB
20220314 012418.814 INFO             PET1 PIOc_freedecomp Enter - MemInfo: [/proc/self/status]	VmHWM:	   54620 kB
20220314 012418.814 INFO             PET1 PIOc_freedecomp Enter - MemInfo: [/proc/self/status]	VmRSS:	   54620 kB
20220314 012418.814 INFO             PET1 PIOc_freedecomp Enter - MemInfo: [/proc/self/status]	VmData:	   50020 kB
20220314 012418.814 INFO             PET1 PIOc_freedecomp Enter - MemInfo: [/proc/self/status]	VmStk:	     508 kB
20220314 012418.814 INFO             PET1 PIOc_freedecomp Enter - MemInfo: [/proc/self/status]	VmExe:	    1836 kB
20220314 012418.814 INFO             PET1 PIOc_freedecomp Enter - MemInfo: [/proc/self/status]	VmLib:	  133788 kB
20220314 012418.814 INFO             PET1 PIOc_freedecomp Enter - MemInfo: [/proc/self/status]	VmPTE:	     504 kB
20220314 012418.814 INFO             PET1 PIOc_freedecomp Enter - MemInfo: [/proc/self/status]	VmPMD:	      12 kB
20220314 012418.814 INFO             PET1 PIOc_freedecomp Enter - MemInfo: [/proc/self/status]	VmSwap:	       0 kB
20220314 012418.814 INFO             PET1 PIOc_freedecomp Enter - MemInfo: [/proc/self/status]	VmRSSPercent: 0.0829387 %
20220314 012418.814 INFO             PET1 PIOc_freedecomp Enter - MemInfo: [malloc] Non-mmapped space allocated:                26759168 Byte
20220314 012418.814 INFO             PET1 PIOc_freedecomp Enter - MemInfo: [malloc] Space allocated in mmapped regions:          2887680 Byte
20220314 012418.814 INFO             PET1 PIOc_freedecomp Enter - MemInfo: [malloc] Maximum total allocated space:                     0 Byte
20220314 012418.814 INFO             PET1 PIOc_freedecomp Enter - MemInfo: [malloc] Space in freed fastbin blocks:                     0 Byte
20220314 012418.814 INFO             PET1 PIOc_freedecomp Enter - MemInfo: [malloc] Total allocated space:                      11533392 Byte
20220314 012418.814 INFO             PET1 PIOc_freedecomp Enter - MemInfo: [malloc] Total free space:                           15225776 Byte
20220314 012418.814 INFO             PET1 PIOc_freedecomp Enter - MemInfo: [malloc] Top-most, releasable space:                  8521392 Byte
20220314 012418.814 INFO             PET1 PIOc_freedecomp Enter - MemInfo: [malloc] Total space in use, mmap + non-mmap:        14421072 Byte
20220314 012418.814 INFO             PET1 PIOc_freedecomp Enter - MemInfo: [malloc] Total space held (mmap + non-mmap):         29646848 Byte
20220314 012418.814 INFO             PET1 PIOc_freedecomp Enter - MemInfo: [malloc] Total space used (mmap + non-mmap):         14429280 Byte
20220314 012418.814 INFO             PET1 PIOc_freedecomp Enter - MemInfo: Wall-clock time since execution start:               0.255483 seconds
20220314 012418.814 INFO             PET1 PIOc_freedecomp Exit - MemInfo: [/proc/meminfo - SSI]	MemTotal:       65855856 kB
20220314 012418.814 INFO             PET1 PIOc_freedecomp Exit - MemInfo: [/proc/meminfo - SSI]	MemFree:        60991436 kB
20220314 012418.814 INFO             PET1 PIOc_freedecomp Exit - MemInfo: [/proc/meminfo - SSI]	MemAvailable:   60821444 kB
20220314 012418.814 INFO             PET1 PIOc_freedecomp Exit - MemInfo: [/proc/meminfo - SSI]	Committed_AS:    3284052 kB
20220314 012418.814 INFO             PET1 PIOc_freedecomp Exit - MemInfo: [/proc/meminfo - SSI]	CommittedPercent: 4.98673 %
20220314 012418.814 INFO             PET1 PIOc_freedecomp Exit - MemInfo: [/proc/self/status]	VmPeak:	  328060 kB
20220314 012418.814 INFO             PET1 PIOc_freedecomp Exit - MemInfo: [/proc/self/status]	VmSize:	  328036 kB
20220314 012418.814 INFO             PET1 PIOc_freedecomp Exit - MemInfo: [/proc/self/status]	VmLck:	       0 kB
20220314 012418.814 INFO             PET1 PIOc_freedecomp Exit - MemInfo: [/proc/self/status]	VmPin:	       0 kB
20220314 012418.814 INFO             PET1 PIOc_freedecomp Exit - MemInfo: [/proc/self/status]	VmHWM:	   54620 kB
20220314 012418.814 INFO             PET1 PIOc_freedecomp Exit - MemInfo: [/proc/self/status]	VmRSS:	   54620 kB
20220314 012418.814 INFO             PET1 PIOc_freedecomp Exit - MemInfo: [/proc/self/status]	VmData:	   50020 kB
20220314 012418.814 INFO             PET1 PIOc_freedecomp Exit - MemInfo: [/proc/self/status]	VmStk:	     508 kB
20220314 012418.814 INFO             PET1 PIOc_freedecomp Exit - MemInfo: [/proc/self/status]	VmExe:	    1836 kB
20220314 012418.814 INFO             PET1 PIOc_freedecomp Exit - MemInfo: [/proc/self/status]	VmLib:	  133788 kB
20220314 012418.814 INFO             PET1 PIOc_freedecomp Exit - MemInfo: [/proc/self/status]	VmPTE:	     504 kB
20220314 012418.814 INFO             PET1 PIOc_freedecomp Exit - MemInfo: [/proc/self/status]	VmPMD:	      12 kB
20220314 012418.814 INFO             PET1 PIOc_freedecomp Exit - MemInfo: [/proc/self/status]	VmSwap:	       0 kB
20220314 012418.814 INFO             PET1 PIOc_freedecomp Exit - MemInfo: [/proc/self/status]	VmRSSPercent: 0.0829387 %
20220314 012418.814 INFO             PET1 PIOc_freedecomp Exit - MemInfo: [malloc] Non-mmapped space allocated:                26759168 Byte
20220314 012418.815 INFO             PET1 PIOc_freedecomp Exit - MemInfo: [malloc] Space allocated in mmapped regions:          2887680 Byte
20220314 012418.815 INFO             PET1 PIOc_freedecomp Exit - MemInfo: [malloc] Maximum total allocated space:                     0 Byte
20220314 012418.815 INFO             PET1 PIOc_freedecomp Exit - MemInfo: [malloc] Space in freed fastbin blocks:                   352 Byte
20220314 012418.815 INFO             PET1 PIOc_freedecomp Exit - MemInfo: [malloc] Total allocated space:                      11532208 Byte
20220314 012418.815 INFO             PET1 PIOc_freedecomp Exit - MemInfo: [malloc] Total free space:                           15226960 Byte
20220314 012418.815 INFO             PET1 PIOc_freedecomp Exit - MemInfo: [malloc] Top-most, releasable space:                  8521392 Byte
20220314 012418.815 INFO             PET1 PIOc_freedecomp Exit - MemInfo: [malloc] Total space in use, mmap + non-mmap:        14419888 Byte
20220314 012418.815 INFO             PET1 PIOc_freedecomp Exit - MemInfo: [malloc] Total space held (mmap + non-mmap):         29646848 Byte
20220314 012418.815 INFO             PET1 PIOc_freedecomp Exit - MemInfo: [malloc] Total space used (mmap + non-mmap):         14428096 Byte
20220314 012418.815 INFO             PET1 PIOc_freedecomp Exit - MemInfo: Wall-clock time since execution start:               0.255982 seconds
20220314 012418.816 INFO             PET1 PIOc_sync Enter - MemInfo: [/proc/meminfo - SSI]	MemTotal:       65855856 kB
20220314 012418.816 INFO             PET1 PIOc_sync Enter - MemInfo: [/proc/meminfo - SSI]	MemFree:        60991436 kB
20220314 012418.816 INFO             PET1 PIOc_sync Enter - MemInfo: [/proc/meminfo - SSI]	MemAvailable:   60821444 kB
20220314 012418.816 INFO             PET1 PIOc_sync Enter - MemInfo: [/proc/meminfo - SSI]	Committed_AS:    3284052 kB
20220314 012418.816 INFO             PET1 PIOc_sync Enter - MemInfo: [/proc/meminfo - SSI]	CommittedPercent: 4.98673 %
20220314 012418.816 INFO             PET1 PIOc_sync Enter - MemInfo: [/proc/self/status]	VmPeak:	  328060 kB
20220314 012418.816 INFO             PET1 PIOc_sync Enter - MemInfo: [/proc/self/status]	VmSize:	  328036 kB
20220314 012418.816 INFO             PET1 PIOc_sync Enter - MemInfo: [/proc/self/status]	VmLck:	       0 kB
20220314 012418.816 INFO             PET1 PIOc_sync Enter - MemInfo: [/proc/self/status]	VmPin:	       0 kB
20220314 012418.816 INFO             PET1 PIOc_sync Enter - MemInfo: [/proc/self/status]	VmHWM:	   54620 kB
20220314 012418.816 INFO             PET1 PIOc_sync Enter - MemInfo: [/proc/self/status]	VmRSS:	   54620 kB
20220314 012418.816 INFO             PET1 PIOc_sync Enter - MemInfo: [/proc/self/status]	VmData:	   50020 kB
20220314 012418.816 INFO             PET1 PIOc_sync Enter - MemInfo: [/proc/self/status]	VmStk:	     508 kB
20220314 012418.816 INFO             PET1 PIOc_sync Enter - MemInfo: [/proc/self/status]	VmExe:	    1836 kB
20220314 012418.816 INFO             PET1 PIOc_sync Enter - MemInfo: [/proc/self/status]	VmLib:	  133788 kB
20220314 012418.816 INFO             PET1 PIOc_sync Enter - MemInfo: [/proc/self/status]	VmPTE:	     504 kB
20220314 012418.816 INFO             PET1 PIOc_sync Enter - MemInfo: [/proc/self/status]	VmPMD:	      12 kB
20220314 012418.816 INFO             PET1 PIOc_sync Enter - MemInfo: [/proc/self/status]	VmSwap:	       0 kB
20220314 012418.816 INFO             PET1 PIOc_sync Enter - MemInfo: [/proc/self/status]	VmRSSPercent: 0.0829387 %
20220314 012418.816 INFO             PET1 PIOc_sync Enter - MemInfo: [malloc] Non-mmapped space allocated:                26759168 Byte
20220314 012418.816 INFO             PET1 PIOc_sync Enter - MemInfo: [malloc] Space allocated in mmapped regions:          2887680 Byte
20220314 012418.816 INFO             PET1 PIOc_sync Enter - MemInfo: [malloc] Maximum total allocated space:                     0 Byte
20220314 012418.816 INFO             PET1 PIOc_sync Enter - MemInfo: [malloc] Space in freed fastbin blocks:                    80 Byte
20220314 012418.816 INFO             PET1 PIOc_sync Enter - MemInfo: [malloc] Total allocated space:                      11533888 Byte
20220314 012418.816 INFO             PET1 PIOc_sync Enter - MemInfo: [malloc] Total free space:                           15225280 Byte
20220314 012418.816 INFO             PET1 PIOc_sync Enter - MemInfo: [malloc] Top-most, releasable space:                  8521392 Byte
20220314 012418.816 INFO             PET1 PIOc_sync Enter - MemInfo: [malloc] Total space in use, mmap + non-mmap:        14421568 Byte
20220314 012418.816 INFO             PET1 PIOc_sync Enter - MemInfo: [malloc] Total space held (mmap + non-mmap):         29646848 Byte
20220314 012418.816 INFO             PET1 PIOc_sync Enter - MemInfo: [malloc] Total space used (mmap + non-mmap):         14429776 Byte
20220314 012418.816 INFO             PET1 PIOc_sync Enter - MemInfo: Wall-clock time since execution start:               0.257831 seconds
20220314 012418.817 INFO             PET1 PIOc_sync Exit - MemInfo: [/proc/meminfo - SSI]	MemTotal:       65855856 kB
20220314 012418.817 INFO             PET1 PIOc_sync Exit - MemInfo: [/proc/meminfo - SSI]	MemFree:        60990804 kB
20220314 012418.817 INFO             PET1 PIOc_sync Exit - MemInfo: [/proc/meminfo - SSI]	MemAvailable:   60820812 kB
20220314 012418.817 INFO             PET1 PIOc_sync Exit - MemInfo: [/proc/meminfo - SSI]	Committed_AS:    3284052 kB
20220314 012418.817 INFO             PET1 PIOc_sync Exit - MemInfo: [/proc/meminfo - SSI]	CommittedPercent: 4.98673 %
20220314 012418.817 INFO             PET1 PIOc_sync Exit - MemInfo: [/proc/self/status]	VmPeak:	  328060 kB
20220314 012418.817 INFO             PET1 PIOc_sync Exit - MemInfo: [/proc/self/status]	VmSize:	  328036 kB
20220314 012418.817 INFO             PET1 PIOc_sync Exit - MemInfo: [/proc/self/status]	VmLck:	       0 kB
20220314 012418.817 INFO             PET1 PIOc_sync Exit - MemInfo: [/proc/self/status]	VmPin:	       0 kB
20220314 012418.817 INFO             PET1 PIOc_sync Exit - MemInfo: [/proc/self/status]	VmHWM:	   54620 kB
20220314 012418.817 INFO             PET1 PIOc_sync Exit - MemInfo: [/proc/self/status]	VmRSS:	   54620 kB
20220314 012418.817 INFO             PET1 PIOc_sync Exit - MemInfo: [/proc/self/status]	VmData:	   50020 kB
20220314 012418.817 INFO             PET1 PIOc_sync Exit - MemInfo: [/proc/self/status]	VmStk:	     508 kB
20220314 012418.817 INFO             PET1 PIOc_sync Exit - MemInfo: [/proc/self/status]	VmExe:	    1836 kB
20220314 012418.817 INFO             PET1 PIOc_sync Exit - MemInfo: [/proc/self/status]	VmLib:	  133788 kB
20220314 012418.817 INFO             PET1 PIOc_sync Exit - MemInfo: [/proc/self/status]	VmPTE:	     504 kB
20220314 012418.817 INFO             PET1 PIOc_sync Exit - MemInfo: [/proc/self/status]	VmPMD:	      12 kB
20220314 012418.817 INFO             PET1 PIOc_sync Exit - MemInfo: [/proc/self/status]	VmSwap:	       0 kB
20220314 012418.817 INFO             PET1 PIOc_sync Exit - MemInfo: [/proc/self/status]	VmRSSPercent: 0.0829387 %
20220314 012418.817 INFO             PET1 PIOc_sync Exit - MemInfo: [malloc] Non-mmapped space allocated:                26759168 Byte
20220314 012418.817 INFO             PET1 PIOc_sync Exit - MemInfo: [malloc] Space allocated in mmapped regions:          2887680 Byte
20220314 012418.817 INFO             PET1 PIOc_sync Exit - MemInfo: [malloc] Maximum total allocated space:                     0 Byte
20220314 012418.817 INFO             PET1 PIOc_sync Exit - MemInfo: [malloc] Space in freed fastbin blocks:                     0 Byte
20220314 012418.817 INFO             PET1 PIOc_sync Exit - MemInfo: [malloc] Total allocated space:                      11534128 Byte
20220314 012418.817 INFO             PET1 PIOc_sync Exit - MemInfo: [malloc] Total free space:                           15225040 Byte
20220314 012418.817 INFO             PET1 PIOc_sync Exit - MemInfo: [malloc] Top-most, releasable space:                  8521392 Byte
20220314 012418.817 INFO             PET1 PIOc_sync Exit - MemInfo: [malloc] Total space in use, mmap + non-mmap:        14421808 Byte
20220314 012418.817 INFO             PET1 PIOc_sync Exit - MemInfo: [malloc] Total space held (mmap + non-mmap):         29646848 Byte
20220314 012418.817 INFO             PET1 PIOc_sync Exit - MemInfo: [malloc] Total space used (mmap + non-mmap):         14430016 Byte
20220314 012418.817 INFO             PET1 PIOc_sync Exit - MemInfo: Wall-clock time since execution start:               0.258524 seconds
20220314 012418.817 INFO             PET1 PIOc_freedecomp Enter - MemInfo: [/proc/meminfo - SSI]	MemTotal:       65855856 kB
20220314 012418.817 INFO             PET1 PIOc_freedecomp Enter - MemInfo: [/proc/meminfo - SSI]	MemFree:        60990804 kB
20220314 012418.817 INFO             PET1 PIOc_freedecomp Enter - MemInfo: [/proc/meminfo - SSI]	MemAvailable:   60820812 kB
20220314 012418.817 INFO             PET1 PIOc_freedecomp Enter - MemInfo: [/proc/meminfo - SSI]	Committed_AS:    3284052 kB
20220314 012418.817 INFO             PET1 PIOc_freedecomp Enter - MemInfo: [/proc/meminfo - SSI]	CommittedPercent: 4.98673 %
20220314 012418.817 INFO             PET1 PIOc_freedecomp Enter - MemInfo: [/proc/self/status]	VmPeak:	  328060 kB
20220314 012418.817 INFO             PET1 PIOc_freedecomp Enter - MemInfo: [/proc/self/status]	VmSize:	  328036 kB
20220314 012418.817 INFO             PET1 PIOc_freedecomp Enter - MemInfo: [/proc/self/status]	VmLck:	       0 kB
20220314 012418.817 INFO             PET1 PIOc_freedecomp Enter - MemInfo: [/proc/self/status]	VmPin:	       0 kB
20220314 012418.817 INFO             PET1 PIOc_freedecomp Enter - MemInfo: [/proc/self/status]	VmHWM:	   54620 kB
20220314 012418.817 INFO             PET1 PIOc_freedecomp Enter - MemInfo: [/proc/self/status]	VmRSS:	   54620 kB
20220314 012418.817 INFO             PET1 PIOc_freedecomp Enter - MemInfo: [/proc/self/status]	VmData:	   50020 kB
20220314 012418.817 INFO             PET1 PIOc_freedecomp Enter - MemInfo: [/proc/self/status]	VmStk:	     508 kB
20220314 012418.817 INFO             PET1 PIOc_freedecomp Enter - MemInfo: [/proc/self/status]	VmExe:	    1836 kB
20220314 012418.817 INFO             PET1 PIOc_freedecomp Enter - MemInfo: [/proc/self/status]	VmLib:	  133788 kB
20220314 012418.817 INFO             PET1 PIOc_freedecomp Enter - MemInfo: [/proc/self/status]	VmPTE:	     504 kB
20220314 012418.817 INFO             PET1 PIOc_freedecomp Enter - MemInfo: [/proc/self/status]	VmPMD:	      12 kB
20220314 012418.818 INFO             PET1 PIOc_freedecomp Enter - MemInfo: [/proc/self/status]	VmSwap:	       0 kB
20220314 012418.818 INFO             PET1 PIOc_freedecomp Enter - MemInfo: [/proc/self/status]	VmRSSPercent: 0.0829387 %
20220314 012418.818 INFO             PET1 PIOc_freedecomp Enter - MemInfo: [malloc] Non-mmapped space allocated:                26759168 Byte
20220314 012418.818 INFO             PET1 PIOc_freedecomp Enter - MemInfo: [malloc] Space allocated in mmapped regions:          2887680 Byte
20220314 012418.818 INFO             PET1 PIOc_freedecomp Enter - MemInfo: [malloc] Maximum total allocated space:                     0 Byte
20220314 012418.818 INFO             PET1 PIOc_freedecomp Enter - MemInfo: [malloc] Space in freed fastbin blocks:                     0 Byte
20220314 012418.818 INFO             PET1 PIOc_freedecomp Enter - MemInfo: [malloc] Total allocated space:                      11533552 Byte
20220314 012418.818 INFO             PET1 PIOc_freedecomp Enter - MemInfo: [malloc] Total free space:                           15225616 Byte
20220314 012418.818 INFO             PET1 PIOc_freedecomp Enter - MemInfo: [malloc] Top-most, releasable space:                  8521392 Byte
20220314 012418.818 INFO             PET1 PIOc_freedecomp Enter - MemInfo: [malloc] Total space in use, mmap + non-mmap:        14421232 Byte
20220314 012418.818 INFO             PET1 PIOc_freedecomp Enter - MemInfo: [malloc] Total space held (mmap + non-mmap):         29646848 Byte
20220314 012418.818 INFO             PET1 PIOc_freedecomp Enter - MemInfo: [malloc] Total space used (mmap + non-mmap):         14429440 Byte
20220314 012418.818 INFO             PET1 PIOc_freedecomp Enter - MemInfo: Wall-clock time since execution start:               0.259073 seconds
20220314 012418.818 INFO             PET1 PIOc_freedecomp Exit - MemInfo: [/proc/meminfo - SSI]	MemTotal:       65855856 kB
20220314 012418.818 INFO             PET1 PIOc_freedecomp Exit - MemInfo: [/proc/meminfo - SSI]	MemFree:        60990300 kB
20220314 012418.818 INFO             PET1 PIOc_freedecomp Exit - MemInfo: [/proc/meminfo - SSI]	MemAvailable:   60820308 kB
20220314 012418.818 INFO             PET1 PIOc_freedecomp Exit - MemInfo: [/proc/meminfo - SSI]	Committed_AS:    3284052 kB
20220314 012418.818 INFO             PET1 PIOc_freedecomp Exit - MemInfo: [/proc/meminfo - SSI]	CommittedPercent: 4.98673 %
20220314 012418.818 INFO             PET1 PIOc_freedecomp Exit - MemInfo: [/proc/self/status]	VmPeak:	  328060 kB
20220314 012418.818 INFO             PET1 PIOc_freedecomp Exit - MemInfo: [/proc/self/status]	VmSize:	  328036 kB
20220314 012418.818 INFO             PET1 PIOc_freedecomp Exit - MemInfo: [/proc/self/status]	VmLck:	       0 kB
20220314 012418.818 INFO             PET1 PIOc_freedecomp Exit - MemInfo: [/proc/self/status]	VmPin:	       0 kB
20220314 012418.818 INFO             PET1 PIOc_freedecomp Exit - MemInfo: [/proc/self/status]	VmHWM:	   54620 kB
20220314 012418.818 INFO             PET1 PIOc_freedecomp Exit - MemInfo: [/proc/self/status]	VmRSS:	   54620 kB
20220314 012418.818 INFO             PET1 PIOc_freedecomp Exit - MemInfo: [/proc/self/status]	VmData:	   50020 kB
20220314 012418.818 INFO             PET1 PIOc_freedecomp Exit - MemInfo: [/proc/self/status]	VmStk:	     508 kB
20220314 012418.818 INFO             PET1 PIOc_freedecomp Exit - MemInfo: [/proc/self/status]	VmExe:	    1836 kB
20220314 012418.818 INFO             PET1 PIOc_freedecomp Exit - MemInfo: [/proc/self/status]	VmLib:	  133788 kB
20220314 012418.818 INFO             PET1 PIOc_freedecomp Exit - MemInfo: [/proc/self/status]	VmPTE:	     504 kB
20220314 012418.818 INFO             PET1 PIOc_freedecomp Exit - MemInfo: [/proc/self/status]	VmPMD:	      12 kB
20220314 012418.818 INFO             PET1 PIOc_freedecomp Exit - MemInfo: [/proc/self/status]	VmSwap:	       0 kB
20220314 012418.818 INFO             PET1 PIOc_freedecomp Exit - MemInfo: [/proc/self/status]	VmRSSPercent: 0.0829387 %
20220314 012418.818 INFO             PET1 PIOc_freedecomp Exit - MemInfo: [malloc] Non-mmapped space allocated:                26759168 Byte
20220314 012418.818 INFO             PET1 PIOc_freedecomp Exit - MemInfo: [malloc] Space allocated in mmapped regions:          2887680 Byte
20220314 012418.818 INFO             PET1 PIOc_freedecomp Exit - MemInfo: [malloc] Maximum total allocated space:                     0 Byte
20220314 012418.818 INFO             PET1 PIOc_freedecomp Exit - MemInfo: [malloc] Space in freed fastbin blocks:                   512 Byte
20220314 012418.818 INFO             PET1 PIOc_freedecomp Exit - MemInfo: [malloc] Total allocated space:                      11532208 Byte
20220314 012418.818 INFO             PET1 PIOc_freedecomp Exit - MemInfo: [malloc] Total free space:                           15226960 Byte
20220314 012418.818 INFO             PET1 PIOc_freedecomp Exit - MemInfo: [malloc] Top-most, releasable space:                  8521392 Byte
20220314 012418.818 INFO             PET1 PIOc_freedecomp Exit - MemInfo: [malloc] Total space in use, mmap + non-mmap:        14419888 Byte
20220314 012418.818 INFO             PET1 PIOc_freedecomp Exit - MemInfo: [malloc] Total space held (mmap + non-mmap):         29646848 Byte
20220314 012418.818 INFO             PET1 PIOc_freedecomp Exit - MemInfo: [malloc] Total space used (mmap + non-mmap):         14428096 Byte
20220314 012418.818 INFO             PET1 PIOc_freedecomp Exit - MemInfo: Wall-clock time since execution start:               0.259583 seconds
20220314 012418.820 INFO             PET1  PASS  ESMF_FieldRegridStoreFromFile Unit Test, ESMF_FieldSMMFromFileUTest.F90, line 315
20220314 012418.820 INFO             PET1  Ending Test, file ESMF_FieldSMMFromFileUTest.F90, line 322
20220314 012418.820 INFO             PET1 Finalizing ESMF
20220314 012418.576 INFO             PET2 !!!!!!!!!!!!!!!!!!!!!!!!!!!!!!!!!!!!!!!!!!!!!!!!!!!!!!
20220314 012418.577 INFO             PET2 !!! THE ESMF_LOG IS SET TO OUTPUT ALL LOG MESSAGES !!!
20220314 012418.577 INFO             PET2 !!!     THIS MAY CAUSE SLOWDOWN IN PERFORMANCE     !!!
20220314 012418.577 INFO             PET2 !!! FOR PRODUCTION RUNS, USE:                      !!!
20220314 012418.577 INFO             PET2 !!!                   ESMF_LOGKIND_Multi_On_Error  !!!
20220314 012418.577 INFO             PET2 !!!!!!!!!!!!!!!!!!!!!!!!!!!!!!!!!!!!!!!!!!!!!!!!!!!!!!
20220314 012418.577 INFO             PET2 Running with ESMF Version   : v8.3.0b09-96-g559b459836
20220314 012418.577 INFO             PET2 ESMF library build date/time: "Mar 14 2022" "01:01:03"
20220314 012418.577 INFO             PET2 ESMF library build location : /lustre/f2/dev/ncep/Mark.Potts/intel_2019.5_mpi_g_jedwards_pio_update2
20220314 012418.577 INFO             PET2 ESMF_COMM                   : mpi
20220314 012418.577 INFO             PET2 ESMF_MOAB                   : enabled
20220314 012418.577 INFO             PET2 ESMF_LAPACK                 : enabled
20220314 012418.577 INFO             PET2 ESMF_NETCDF                 : enabled
20220314 012418.577 INFO             PET2 ESMF_PNETCDF                : disabled
20220314 012418.577 INFO             PET2 ESMF_PIO                    : enabled
20220314 012418.577 INFO             PET2 ESMF_YAMLCPP                : enabled
20220314 012418.665 INFO             PET2  Beginning Test, file ESMF_FieldSMMFromFileUTest.F90, line 287
20220314 012418.665 INFO             PET2  NUMBER_OF_PROCESSORS           4
20220314 012418.784 INFO             PET2  PASS  ESMF_FieldSMMFromFile Unit Test, ESMF_FieldSMMFromFileUTest.F90, line 300
20220314 012418.809 INFO             PET2 PIOc_sync Enter - MemInfo: [/proc/meminfo - SSI]	MemTotal:       65855856 kB
20220314 012418.809 INFO             PET2 PIOc_sync Enter - MemInfo: [/proc/meminfo - SSI]	MemFree:        60991940 kB
20220314 012418.809 INFO             PET2 PIOc_sync Enter - MemInfo: [/proc/meminfo - SSI]	MemAvailable:   60821948 kB
20220314 012418.809 INFO             PET2 PIOc_sync Enter - MemInfo: [/proc/meminfo - SSI]	Committed_AS:    3284052 kB
20220314 012418.809 INFO             PET2 PIOc_sync Enter - MemInfo: [/proc/meminfo - SSI]	CommittedPercent: 4.98673 %
20220314 012418.809 INFO             PET2 PIOc_sync Enter - MemInfo: [/proc/self/status]	VmPeak:	  328060 kB
20220314 012418.809 INFO             PET2 PIOc_sync Enter - MemInfo: [/proc/self/status]	VmSize:	  328036 kB
20220314 012418.809 INFO             PET2 PIOc_sync Enter - MemInfo: [/proc/self/status]	VmLck:	       0 kB
20220314 012418.809 INFO             PET2 PIOc_sync Enter - MemInfo: [/proc/self/status]	VmPin:	       0 kB
20220314 012418.809 INFO             PET2 PIOc_sync Enter - MemInfo: [/proc/self/status]	VmHWM:	   54464 kB
20220314 012418.809 INFO             PET2 PIOc_sync Enter - MemInfo: [/proc/self/status]	VmRSS:	   54464 kB
20220314 012418.809 INFO             PET2 PIOc_sync Enter - MemInfo: [/proc/self/status]	VmData:	   50020 kB
20220314 012418.809 INFO             PET2 PIOc_sync Enter - MemInfo: [/proc/self/status]	VmStk:	     508 kB
20220314 012418.809 INFO             PET2 PIOc_sync Enter - MemInfo: [/proc/self/status]	VmExe:	    1836 kB
20220314 012418.809 INFO             PET2 PIOc_sync Enter - MemInfo: [/proc/self/status]	VmLib:	  133788 kB
20220314 012418.809 INFO             PET2 PIOc_sync Enter - MemInfo: [/proc/self/status]	VmPTE:	     496 kB
20220314 012418.809 INFO             PET2 PIOc_sync Enter - MemInfo: [/proc/self/status]	VmPMD:	      12 kB
20220314 012418.809 INFO             PET2 PIOc_sync Enter - MemInfo: [/proc/self/status]	VmSwap:	       0 kB
20220314 012418.809 INFO             PET2 PIOc_sync Enter - MemInfo: [/proc/self/status]	VmRSSPercent: 0.0827018 %
20220314 012418.809 INFO             PET2 PIOc_sync Enter - MemInfo: [malloc] Non-mmapped space allocated:                26759168 Byte
20220314 012418.809 INFO             PET2 PIOc_sync Enter - MemInfo: [malloc] Space allocated in mmapped regions:          2887680 Byte
20220314 012418.809 INFO             PET2 PIOc_sync Enter - MemInfo: [malloc] Maximum total allocated space:                     0 Byte
20220314 012418.809 INFO             PET2 PIOc_sync Enter - MemInfo: [malloc] Space in freed fastbin blocks:                    80 Byte
20220314 012418.809 INFO             PET2 PIOc_sync Enter - MemInfo: [malloc] Total allocated space:                      11527040 Byte
20220314 012418.809 INFO             PET2 PIOc_sync Enter - MemInfo: [malloc] Total free space:                           15232128 Byte
20220314 012418.809 INFO             PET2 PIOc_sync Enter - MemInfo: [malloc] Top-most, releasable space:                  8520640 Byte
20220314 012418.809 INFO             PET2 PIOc_sync Enter - MemInfo: [malloc] Total space in use, mmap + non-mmap:        14414720 Byte
20220314 012418.809 INFO             PET2 PIOc_sync Enter - MemInfo: [malloc] Total space held (mmap + non-mmap):         29646848 Byte
20220314 012418.809 INFO             PET2 PIOc_sync Enter - MemInfo: [malloc] Total space used (mmap + non-mmap):         14423760 Byte
20220314 012418.809 INFO             PET2 PIOc_sync Enter - MemInfo: Wall-clock time since execution start:               0.250901 seconds
20220314 012418.810 INFO             PET2 PIOc_sync Exit - MemInfo: [/proc/meminfo - SSI]	MemTotal:       65855856 kB
20220314 012418.810 INFO             PET2 PIOc_sync Exit - MemInfo: [/proc/meminfo - SSI]	MemFree:        60991940 kB
20220314 012418.810 INFO             PET2 PIOc_sync Exit - MemInfo: [/proc/meminfo - SSI]	MemAvailable:   60821948 kB
20220314 012418.810 INFO             PET2 PIOc_sync Exit - MemInfo: [/proc/meminfo - SSI]	Committed_AS:    3284052 kB
20220314 012418.810 INFO             PET2 PIOc_sync Exit - MemInfo: [/proc/meminfo - SSI]	CommittedPercent: 4.98673 %
20220314 012418.810 INFO             PET2 PIOc_sync Exit - MemInfo: [/proc/self/status]	VmPeak:	  328060 kB
20220314 012418.810 INFO             PET2 PIOc_sync Exit - MemInfo: [/proc/self/status]	VmSize:	  328036 kB
20220314 012418.810 INFO             PET2 PIOc_sync Exit - MemInfo: [/proc/self/status]	VmLck:	       0 kB
20220314 012418.810 INFO             PET2 PIOc_sync Exit - MemInfo: [/proc/self/status]	VmPin:	       0 kB
20220314 012418.810 INFO             PET2 PIOc_sync Exit - MemInfo: [/proc/self/status]	VmHWM:	   54464 kB
20220314 012418.810 INFO             PET2 PIOc_sync Exit - MemInfo: [/proc/self/status]	VmRSS:	   54464 kB
20220314 012418.810 INFO             PET2 PIOc_sync Exit - MemInfo: [/proc/self/status]	VmData:	   50020 kB
20220314 012418.810 INFO             PET2 PIOc_sync Exit - MemInfo: [/proc/self/status]	VmStk:	     508 kB
20220314 012418.810 INFO             PET2 PIOc_sync Exit - MemInfo: [/proc/self/status]	VmExe:	    1836 kB
20220314 012418.810 INFO             PET2 PIOc_sync Exit - MemInfo: [/proc/self/status]	VmLib:	  133788 kB
20220314 012418.810 INFO             PET2 PIOc_sync Exit - MemInfo: [/proc/self/status]	VmPTE:	     496 kB
