build time -- 2022-03-12 01:15:23.324414
20220312 014916.331 INFO             PET0 !!!!!!!!!!!!!!!!!!!!!!!!!!!!!!!!!!!!!!!!!!!!!!!!!!!!!!
20220312 014916.331 INFO             PET0 !!! THE ESMF_LOG IS SET TO OUTPUT ALL LOG MESSAGES !!!
20220312 014916.331 INFO             PET0 !!!     THIS MAY CAUSE SLOWDOWN IN PERFORMANCE     !!!
20220312 014916.331 INFO             PET0 !!! FOR PRODUCTION RUNS, USE:                      !!!
20220312 014916.331 INFO             PET0 !!!                   ESMF_LOGKIND_Multi_On_Error  !!!
20220312 014916.331 INFO             PET0 !!!!!!!!!!!!!!!!!!!!!!!!!!!!!!!!!!!!!!!!!!!!!!!!!!!!!!
20220312 014916.331 INFO             PET0 Running with ESMF Version   : v8.3.0b09-96-g559b459836
20220312 014916.331 INFO             PET0 ESMF library build date/time: "Mar 12 2022" "01:13:12"
20220312 014916.331 INFO             PET0 ESMF library build location : /gpfsm/dnb04/projects/p98/mpotts/esmf/intel_2020_intelmpi_O_jedwards_pio_update2
20220312 014916.331 INFO             PET0 ESMF_COMM                   : intelmpi
20220312 014916.331 INFO             PET0 ESMF_MOAB                   : enabled
20220312 014916.331 INFO             PET0 ESMF_LAPACK                 : enabled
20220312 014916.331 INFO             PET0 ESMF_NETCDF                 : enabled
20220312 014916.331 INFO             PET0 ESMF_PNETCDF                : disabled
20220312 014916.331 INFO             PET0 ESMF_PIO                    : enabled
20220312 014916.331 INFO             PET0 ESMF_YAMLCPP                : enabled
20220312 014916.386 INFO             PET0 PIOc_sync Enter - MemInfo: [/proc/meminfo - SSI]	MemTotal:       131394444 kB
20220312 014916.386 INFO             PET0 PIOc_sync Enter - MemInfo: [/proc/meminfo - SSI]	MemFree:        118710136 kB
20220312 014916.386 INFO             PET0 PIOc_sync Enter - MemInfo: [/proc/meminfo - SSI]	MemAvailable:   118417764 kB
20220312 014916.386 INFO             PET0 PIOc_sync Enter - MemInfo: [/proc/meminfo - SSI]	Committed_AS:    3892580 kB
20220312 014916.386 INFO             PET0 PIOc_sync Enter - MemInfo: [/proc/meminfo - SSI]	CommittedPercent: 2.96251 %
20220312 014916.386 INFO             PET0 PIOc_sync Enter - MemInfo: [/proc/self/status]	VmPeak:	 3800184 kB
20220312 014916.386 INFO             PET0 PIOc_sync Enter - MemInfo: [/proc/self/status]	VmSize:	 3789276 kB
20220312 014916.386 INFO             PET0 PIOc_sync Enter - MemInfo: [/proc/self/status]	VmLck:	       0 kB
20220312 014916.386 INFO             PET0 PIOc_sync Enter - MemInfo: [/proc/self/status]	VmPin:	   71900 kB
20220312 014916.386 INFO             PET0 PIOc_sync Enter - MemInfo: [/proc/self/status]	VmHWM:	  137860 kB
20220312 014916.386 INFO             PET0 PIOc_sync Enter - MemInfo: [/proc/self/status]	VmRSS:	  137860 kB
20220312 014916.386 INFO             PET0 PIOc_sync Enter - MemInfo: [/proc/self/status]	VmData:	  259344 kB
20220312 014916.386 INFO             PET0 PIOc_sync Enter - MemInfo: [/proc/self/status]	VmStk:	     512 kB
20220312 014916.386 INFO             PET0 PIOc_sync Enter - MemInfo: [/proc/self/status]	VmExe:	    1976 kB
20220312 014916.386 INFO             PET0 PIOc_sync Enter - MemInfo: [/proc/self/status]	VmLib:	  104128 kB
20220312 014916.386 INFO             PET0 PIOc_sync Enter - MemInfo: [/proc/self/status]	VmPTE:	     684 kB
20220312 014916.386 INFO             PET0 PIOc_sync Enter - MemInfo: [/proc/self/status]	VmPMD:	      32 kB
20220312 014916.386 INFO             PET0 PIOc_sync Enter - MemInfo: [/proc/self/status]	VmSwap:	       0 kB
20220312 014916.386 INFO             PET0 PIOc_sync Enter - MemInfo: [/proc/self/status]	VmRSSPercent: 0.104921 %
20220312 014916.386 INFO             PET0 PIOc_sync Enter - MemInfo: [malloc] Non-mmapped space allocated:                 3305472 Byte
20220312 014916.386 INFO             PET0 PIOc_sync Enter - MemInfo: [malloc] Space allocated in mmapped regions:         76042240 Byte
20220312 014916.386 INFO             PET0 PIOc_sync Enter - MemInfo: [malloc] Maximum total allocated space:                     0 Byte
20220312 014916.386 INFO             PET0 PIOc_sync Enter - MemInfo: [malloc] Space in freed fastbin blocks:                   512 Byte
20220312 014916.386 INFO             PET0 PIOc_sync Enter - MemInfo: [malloc] Total allocated space:                       3138464 Byte
20220312 014916.386 INFO             PET0 PIOc_sync Enter - MemInfo: [malloc] Total free space:                             167008 Byte
20220312 014916.386 INFO             PET0 PIOc_sync Enter - MemInfo: [malloc] Top-most, releasable space:                    34480 Byte
20220312 014916.386 INFO             PET0 PIOc_sync Enter - MemInfo: [malloc] Total space in use, mmap + non-mmap:        79180704 Byte
20220312 014916.386 INFO             PET0 PIOc_sync Enter - MemInfo: [malloc] Total space held (mmap + non-mmap):         79347712 Byte
20220312 014916.386 INFO             PET0 PIOc_sync Enter - MemInfo: [malloc] Total space used (mmap + non-mmap):         79190064 Byte
20220312 014916.386 INFO             PET0 PIOc_sync Enter - MemInfo: Wall-clock time since execution start:              0.0675437 seconds
20220312 014916.387 INFO             PET0 PIOc_sync Exit - MemInfo: [/proc/meminfo - SSI]	MemTotal:       131394444 kB
20220312 014916.387 INFO             PET0 PIOc_sync Exit - MemInfo: [/proc/meminfo - SSI]	MemFree:        118710136 kB
20220312 014916.387 INFO             PET0 PIOc_sync Exit - MemInfo: [/proc/meminfo - SSI]	MemAvailable:   118417764 kB
20220312 014916.387 INFO             PET0 PIOc_sync Exit - MemInfo: [/proc/meminfo - SSI]	Committed_AS:    3892580 kB
20220312 014916.387 INFO             PET0 PIOc_sync Exit - MemInfo: [/proc/meminfo - SSI]	CommittedPercent: 2.96251 %
20220312 014916.387 INFO             PET0 PIOc_sync Exit - MemInfo: [/proc/self/status]	VmPeak:	 3800184 kB
20220312 014916.387 INFO             PET0 PIOc_sync Exit - MemInfo: [/proc/self/status]	VmSize:	 3789276 kB
20220312 014916.387 INFO             PET0 PIOc_sync Exit - MemInfo: [/proc/self/status]	VmLck:	       0 kB
20220312 014916.387 INFO             PET0 PIOc_sync Exit - MemInfo: [/proc/self/status]	VmPin:	   71900 kB
20220312 014916.387 INFO             PET0 PIOc_sync Exit - MemInfo: [/proc/self/status]	VmHWM:	  138020 kB
20220312 014916.387 INFO             PET0 PIOc_sync Exit - MemInfo: [/proc/self/status]	VmRSS:	  138020 kB
20220312 014916.387 INFO             PET0 PIOc_sync Exit - MemInfo: [/proc/self/status]	VmData:	  259344 kB
20220312 014916.387 INFO             PET0 PIOc_sync Exit - MemInfo: [/proc/self/status]	VmStk:	     512 kB
20220312 014916.387 INFO             PET0 PIOc_sync Exit - MemInfo: [/proc/self/status]	VmExe:	    1976 kB
20220312 014916.387 INFO             PET0 PIOc_sync Exit - MemInfo: [/proc/self/status]	VmLib:	  104128 kB
20220312 014916.387 INFO             PET0 PIOc_sync Exit - MemInfo: [/proc/self/status]	VmPTE:	     684 kB
20220312 014916.387 INFO             PET0 PIOc_sync Exit - MemInfo: [/proc/self/status]	VmPMD:	      32 kB
20220312 014916.387 INFO             PET0 PIOc_sync Exit - MemInfo: [/proc/self/status]	VmSwap:	       0 kB
20220312 014916.387 INFO             PET0 PIOc_sync Exit - MemInfo: [/proc/self/status]	VmRSSPercent: 0.105042 %
20220312 014916.387 INFO             PET0 PIOc_sync Exit - MemInfo: [malloc] Non-mmapped space allocated:                 3305472 Byte
20220312 014916.387 INFO             PET0 PIOc_sync Exit - MemInfo: [malloc] Space allocated in mmapped regions:         76042240 Byte
20220312 014916.387 INFO             PET0 PIOc_sync Exit - MemInfo: [malloc] Maximum total allocated space:                     0 Byte
20220312 014916.387 INFO             PET0 PIOc_sync Exit - MemInfo: [malloc] Space in freed fastbin blocks:                   608 Byte
20220312 014916.387 INFO             PET0 PIOc_sync Exit - MemInfo: [malloc] Total allocated space:                       3137712 Byte
20220312 014916.387 INFO             PET0 PIOc_sync Exit - MemInfo: [malloc] Total free space:                             167760 Byte
20220312 014916.387 INFO             PET0 PIOc_sync Exit - MemInfo: [malloc] Top-most, releasable space:                    35184 Byte
20220312 014916.387 INFO             PET0 PIOc_sync Exit - MemInfo: [malloc] Total space in use, mmap + non-mmap:        79179952 Byte
20220312 014916.387 INFO             PET0 PIOc_sync Exit - MemInfo: [malloc] Total space held (mmap + non-mmap):         79347712 Byte
20220312 014916.387 INFO             PET0 PIOc_sync Exit - MemInfo: [malloc] Total space used (mmap + non-mmap):         79189312 Byte
20220312 014916.387 INFO             PET0 PIOc_sync Exit - MemInfo: Wall-clock time since execution start:              0.0682528 seconds
20220312 014916.387 INFO             PET0 PIOc_freedecomp Enter - MemInfo: [/proc/meminfo - SSI]	MemTotal:       131394444 kB
20220312 014916.387 INFO             PET0 PIOc_freedecomp Enter - MemInfo: [/proc/meminfo - SSI]	MemFree:        118711348 kB
20220312 014916.387 INFO             PET0 PIOc_freedecomp Enter - MemInfo: [/proc/meminfo - SSI]	MemAvailable:   118418976 kB
20220312 014916.387 INFO             PET0 PIOc_freedecomp Enter - MemInfo: [/proc/meminfo - SSI]	Committed_AS:    3892580 kB
20220312 014916.387 INFO             PET0 PIOc_freedecomp Enter - MemInfo: [/proc/meminfo - SSI]	CommittedPercent: 2.96251 %
20220312 014916.387 INFO             PET0 PIOc_freedecomp Enter - MemInfo: [/proc/self/status]	VmPeak:	 3800184 kB
20220312 014916.387 INFO             PET0 PIOc_freedecomp Enter - MemInfo: [/proc/self/status]	VmSize:	 3786708 kB
20220312 014916.387 INFO             PET0 PIOc_freedecomp Enter - MemInfo: [/proc/self/status]	VmLck:	       0 kB
20220312 014916.387 INFO             PET0 PIOc_freedecomp Enter - MemInfo: [/proc/self/status]	VmPin:	   71900 kB
20220312 014916.387 INFO             PET0 PIOc_freedecomp Enter - MemInfo: [/proc/self/status]	VmHWM:	  138020 kB
20220312 014916.387 INFO             PET0 PIOc_freedecomp Enter - MemInfo: [/proc/self/status]	VmRSS:	  135968 kB
20220312 014916.387 INFO             PET0 PIOc_freedecomp Enter - MemInfo: [/proc/self/status]	VmData:	  256776 kB
20220312 014916.387 INFO             PET0 PIOc_freedecomp Enter - MemInfo: [/proc/self/status]	VmStk:	     512 kB
20220312 014916.387 INFO             PET0 PIOc_freedecomp Enter - MemInfo: [/proc/self/status]	VmExe:	    1976 kB
20220312 014916.387 INFO             PET0 PIOc_freedecomp Enter - MemInfo: [/proc/self/status]	VmLib:	  104128 kB
20220312 014916.387 INFO             PET0 PIOc_freedecomp Enter - MemInfo: [/proc/self/status]	VmPTE:	     680 kB
20220312 014916.387 INFO             PET0 PIOc_freedecomp Enter - MemInfo: [/proc/self/status]	VmPMD:	      32 kB
20220312 014916.387 INFO             PET0 PIOc_freedecomp Enter - MemInfo: [/proc/self/status]	VmSwap:	       0 kB
20220312 014916.387 INFO             PET0 PIOc_freedecomp Enter - MemInfo: [/proc/self/status]	VmRSSPercent: 0.103481 %
20220312 014916.387 INFO             PET0 PIOc_freedecomp Enter - MemInfo: [malloc] Non-mmapped space allocated:                 3305472 Byte
20220312 014916.387 INFO             PET0 PIOc_freedecomp Enter - MemInfo: [malloc] Space allocated in mmapped regions:         73412608 Byte
20220312 014916.387 INFO             PET0 PIOc_freedecomp Enter - MemInfo: [malloc] Maximum total allocated space:                     0 Byte
20220312 014916.387 INFO             PET0 PIOc_freedecomp Enter - MemInfo: [malloc] Space in freed fastbin blocks:                  1392 Byte
20220312 014916.387 INFO             PET0 PIOc_freedecomp Enter - MemInfo: [malloc] Total allocated space:                       3124384 Byte
20220312 014916.387 INFO             PET0 PIOc_freedecomp Enter - MemInfo: [malloc] Total free space:                             181088 Byte
20220312 014916.387 INFO             PET0 PIOc_freedecomp Enter - MemInfo: [malloc] Top-most, releasable space:                    35904 Byte
20220312 014916.387 INFO             PET0 PIOc_freedecomp Enter - MemInfo: [malloc] Total space in use, mmap + non-mmap:        76536992 Byte
20220312 014916.387 INFO             PET0 PIOc_freedecomp Enter - MemInfo: [malloc] Total space held (mmap + non-mmap):         76718080 Byte
20220312 014916.387 INFO             PET0 PIOc_freedecomp Enter - MemInfo: [malloc] Total space used (mmap + non-mmap):         76546352 Byte
20220312 014916.387 INFO             PET0 PIOc_freedecomp Enter - MemInfo: Wall-clock time since execution start:              0.0687117 seconds
20220312 014916.387 INFO             PET0 PIOc_freedecomp Exit - MemInfo: [/proc/meminfo - SSI]	MemTotal:       131394444 kB
20220312 014916.387 INFO             PET0 PIOc_freedecomp Exit - MemInfo: [/proc/meminfo - SSI]	MemFree:        118711348 kB
20220312 014916.387 INFO             PET0 PIOc_freedecomp Exit - MemInfo: [/proc/meminfo - SSI]	MemAvailable:   118418976 kB
20220312 014916.387 INFO             PET0 PIOc_freedecomp Exit - MemInfo: [/proc/meminfo - SSI]	Committed_AS:    3892580 kB
20220312 014916.387 INFO             PET0 PIOc_freedecomp Exit - MemInfo: [/proc/meminfo - SSI]	CommittedPercent: 2.96251 %
20220312 014916.387 INFO             PET0 PIOc_freedecomp Exit - MemInfo: [/proc/self/status]	VmPeak:	 3800184 kB
20220312 014916.387 INFO             PET0 PIOc_freedecomp Exit - MemInfo: [/proc/self/status]	VmSize:	 3786708 kB
20220312 014916.387 INFO             PET0 PIOc_freedecomp Exit - MemInfo: [/proc/self/status]	VmLck:	       0 kB
20220312 014916.387 INFO             PET0 PIOc_freedecomp Exit - MemInfo: [/proc/self/status]	VmPin:	   71900 kB
20220312 014916.387 INFO             PET0 PIOc_freedecomp Exit - MemInfo: [/proc/self/status]	VmHWM:	  138020 kB
20220312 014916.387 INFO             PET0 PIOc_freedecomp Exit - MemInfo: [/proc/self/status]	VmRSS:	  135968 kB
20220312 014916.387 INFO             PET0 PIOc_freedecomp Exit - MemInfo: [/proc/self/status]	VmData:	  256776 kB
20220312 014916.387 INFO             PET0 PIOc_freedecomp Exit - MemInfo: [/proc/self/status]	VmStk:	     512 kB
20220312 014916.387 INFO             PET0 PIOc_freedecomp Exit - MemInfo: [/proc/self/status]	VmExe:	    1976 kB
20220312 014916.387 INFO             PET0 PIOc_freedecomp Exit - MemInfo: [/proc/self/status]	VmLib:	  104128 kB
20220312 014916.387 INFO             PET0 PIOc_freedecomp Exit - MemInfo: [/proc/self/status]	VmPTE:	     680 kB
20220312 014916.387 INFO             PET0 PIOc_freedecomp Exit - MemInfo: [/proc/self/status]	VmPMD:	      32 kB
20220312 014916.387 INFO             PET0 PIOc_freedecomp Exit - MemInfo: [/proc/self/status]	VmSwap:	       0 kB
20220312 014916.388 INFO             PET0 PIOc_freedecomp Exit - MemInfo: [/proc/self/status]	VmRSSPercent: 0.103481 %
20220312 014916.388 INFO             PET0 PIOc_freedecomp Exit - MemInfo: [malloc] Non-mmapped space allocated:                 3305472 Byte
20220312 014916.388 INFO             PET0 PIOc_freedecomp Exit - MemInfo: [malloc] Space allocated in mmapped regions:         73412608 Byte
20220312 014916.388 INFO             PET0 PIOc_freedecomp Exit - MemInfo: [malloc] Maximum total allocated space:                     0 Byte
20220312 014916.388 INFO             PET0 PIOc_freedecomp Exit - MemInfo: [malloc] Space in freed fastbin blocks:                   848 Byte
20220312 014916.388 INFO             PET0 PIOc_freedecomp Exit - MemInfo: [malloc] Total allocated space:                       3122928 Byte
20220312 014916.388 INFO             PET0 PIOc_freedecomp Exit - MemInfo: [malloc] Total free space:                             182544 Byte
20220312 014916.388 INFO             PET0 PIOc_freedecomp Exit - MemInfo: [malloc] Top-most, releasable space:                    48720 Byte
20220312 014916.388 INFO             PET0 PIOc_freedecomp Exit - MemInfo: [malloc] Total space in use, mmap + non-mmap:        76535536 Byte
20220312 014916.388 INFO             PET0 PIOc_freedecomp Exit - MemInfo: [malloc] Total space held (mmap + non-mmap):         76718080 Byte
20220312 014916.388 INFO             PET0 PIOc_freedecomp Exit - MemInfo: [malloc] Total space used (mmap + non-mmap):         76544896 Byte
20220312 014916.388 INFO             PET0 PIOc_freedecomp Exit - MemInfo: Wall-clock time since execution start:              0.0690092 seconds
20220312 014916.389 INFO             PET0 PIOc_sync Enter - MemInfo: [/proc/meminfo - SSI]	MemTotal:       131394444 kB
20220312 014916.389 INFO             PET0 PIOc_sync Enter - MemInfo: [/proc/meminfo - SSI]	MemFree:        118711348 kB
20220312 014916.389 INFO             PET0 PIOc_sync Enter - MemInfo: [/proc/meminfo - SSI]	MemAvailable:   118418976 kB
20220312 014916.389 INFO             PET0 PIOc_sync Enter - MemInfo: [/proc/meminfo - SSI]	Committed_AS:    3892580 kB
20220312 014916.389 INFO             PET0 PIOc_sync Enter - MemInfo: [/proc/meminfo - SSI]	CommittedPercent: 2.96251 %
20220312 014916.389 INFO             PET0 PIOc_sync Enter - MemInfo: [/proc/self/status]	VmPeak:	 3800184 kB
20220312 014916.389 INFO             PET0 PIOc_sync Enter - MemInfo: [/proc/self/status]	VmSize:	 3789348 kB
20220312 014916.389 INFO             PET0 PIOc_sync Enter - MemInfo: [/proc/self/status]	VmLck:	       0 kB
20220312 014916.389 INFO             PET0 PIOc_sync Enter - MemInfo: [/proc/self/status]	VmPin:	   71900 kB
20220312 014916.389 INFO             PET0 PIOc_sync Enter - MemInfo: [/proc/self/status]	VmHWM:	  138020 kB
20220312 014916.389 INFO             PET0 PIOc_sync Enter - MemInfo: [/proc/self/status]	VmRSS:	  137108 kB
20220312 014916.389 INFO             PET0 PIOc_sync Enter - MemInfo: [/proc/self/status]	VmData:	  259416 kB
20220312 014916.389 INFO             PET0 PIOc_sync Enter - MemInfo: [/proc/self/status]	VmStk:	     512 kB
20220312 014916.389 INFO             PET0 PIOc_sync Enter - MemInfo: [/proc/self/status]	VmExe:	    1976 kB
20220312 014916.389 INFO             PET0 PIOc_sync Enter - MemInfo: [/proc/self/status]	VmLib:	  104128 kB
20220312 014916.389 INFO             PET0 PIOc_sync Enter - MemInfo: [/proc/self/status]	VmPTE:	     684 kB
20220312 014916.389 INFO             PET0 PIOc_sync Enter - MemInfo: [/proc/self/status]	VmPMD:	      32 kB
20220312 014916.389 INFO             PET0 PIOc_sync Enter - MemInfo: [/proc/self/status]	VmSwap:	       0 kB
20220312 014916.389 INFO             PET0 PIOc_sync Enter - MemInfo: [/proc/self/status]	VmRSSPercent: 0.104348 %
20220312 014916.389 INFO             PET0 PIOc_sync Enter - MemInfo: [malloc] Non-mmapped space allocated:                 6008832 Byte
20220312 014916.389 INFO             PET0 PIOc_sync Enter - MemInfo: [malloc] Space allocated in mmapped regions:         73412608 Byte
20220312 014916.389 INFO             PET0 PIOc_sync Enter - MemInfo: [malloc] Maximum total allocated space:                     0 Byte
20220312 014916.389 INFO             PET0 PIOc_sync Enter - MemInfo: [malloc] Space in freed fastbin blocks:                   112 Byte
20220312 014916.389 INFO             PET0 PIOc_sync Enter - MemInfo: [malloc] Total allocated space:                       5760656 Byte
20220312 014916.389 INFO             PET0 PIOc_sync Enter - MemInfo: [malloc] Total free space:                             248176 Byte
20220312 014916.389 INFO             PET0 PIOc_sync Enter - MemInfo: [malloc] Top-most, releasable space:                   115696 Byte
20220312 014916.389 INFO             PET0 PIOc_sync Enter - MemInfo: [malloc] Total space in use, mmap + non-mmap:        79173264 Byte
20220312 014916.389 INFO             PET0 PIOc_sync Enter - MemInfo: [malloc] Total space held (mmap + non-mmap):         79421440 Byte
20220312 014916.389 INFO             PET0 PIOc_sync Enter - MemInfo: [malloc] Total space used (mmap + non-mmap):         79182624 Byte
20220312 014916.389 INFO             PET0 PIOc_sync Enter - MemInfo: Wall-clock time since execution start:              0.0705319 seconds
20220312 014916.390 INFO             PET0 PIOc_sync Exit - MemInfo: [/proc/meminfo - SSI]	MemTotal:       131394444 kB
20220312 014916.390 INFO             PET0 PIOc_sync Exit - MemInfo: [/proc/meminfo - SSI]	MemFree:        118711348 kB
20220312 014916.390 INFO             PET0 PIOc_sync Exit - MemInfo: [/proc/meminfo - SSI]	MemAvailable:   118418976 kB
20220312 014916.390 INFO             PET0 PIOc_sync Exit - MemInfo: [/proc/meminfo - SSI]	Committed_AS:    3892580 kB
20220312 014916.390 INFO             PET0 PIOc_sync Exit - MemInfo: [/proc/meminfo - SSI]	CommittedPercent: 2.96251 %
20220312 014916.390 INFO             PET0 PIOc_sync Exit - MemInfo: [/proc/self/status]	VmPeak:	 3800184 kB
20220312 014916.390 INFO             PET0 PIOc_sync Exit - MemInfo: [/proc/self/status]	VmSize:	 3789348 kB
20220312 014916.390 INFO             PET0 PIOc_sync Exit - MemInfo: [/proc/self/status]	VmLck:	       0 kB
20220312 014916.390 INFO             PET0 PIOc_sync Exit - MemInfo: [/proc/self/status]	VmPin:	   71900 kB
20220312 014916.390 INFO             PET0 PIOc_sync Exit - MemInfo: [/proc/self/status]	VmHWM:	  138020 kB
20220312 014916.390 INFO             PET0 PIOc_sync Exit - MemInfo: [/proc/self/status]	VmRSS:	  137128 kB
20220312 014916.390 INFO             PET0 PIOc_sync Exit - MemInfo: [/proc/self/status]	VmData:	  259416 kB
20220312 014916.390 INFO             PET0 PIOc_sync Exit - MemInfo: [/proc/self/status]	VmStk:	     512 kB
20220312 014916.390 INFO             PET0 PIOc_sync Exit - MemInfo: [/proc/self/status]	VmExe:	    1976 kB
20220312 014916.390 INFO             PET0 PIOc_sync Exit - MemInfo: [/proc/self/status]	VmLib:	  104128 kB
20220312 014916.390 INFO             PET0 PIOc_sync Exit - MemInfo: [/proc/self/status]	VmPTE:	     684 kB
20220312 014916.390 INFO             PET0 PIOc_sync Exit - MemInfo: [/proc/self/status]	VmPMD:	      32 kB
20220312 014916.390 INFO             PET0 PIOc_sync Exit - MemInfo: [/proc/self/status]	VmSwap:	       0 kB
20220312 014916.390 INFO             PET0 PIOc_sync Exit - MemInfo: [/proc/self/status]	VmRSSPercent: 0.104364 %
20220312 014916.390 INFO             PET0 PIOc_sync Exit - MemInfo: [malloc] Non-mmapped space allocated:                 6008832 Byte
20220312 014916.390 INFO             PET0 PIOc_sync Exit - MemInfo: [malloc] Space allocated in mmapped regions:         73412608 Byte
20220312 014916.390 INFO             PET0 PIOc_sync Exit - MemInfo: [malloc] Maximum total allocated space:                     0 Byte
20220312 014916.390 INFO             PET0 PIOc_sync Exit - MemInfo: [malloc] Space in freed fastbin blocks:                   128 Byte
20220312 014916.390 INFO             PET0 PIOc_sync Exit - MemInfo: [malloc] Total allocated space:                       5759920 Byte
20220312 014916.390 INFO             PET0 PIOc_sync Exit - MemInfo: [malloc] Total free space:                             248912 Byte
20220312 014916.390 INFO             PET0 PIOc_sync Exit - MemInfo: [malloc] Top-most, releasable space:                   116320 Byte
20220312 014916.390 INFO             PET0 PIOc_sync Exit - MemInfo: [malloc] Total space in use, mmap + non-mmap:        79172528 Byte
20220312 014916.390 INFO             PET0 PIOc_sync Exit - MemInfo: [malloc] Total space held (mmap + non-mmap):         79421440 Byte
20220312 014916.390 INFO             PET0 PIOc_sync Exit - MemInfo: [malloc] Total space used (mmap + non-mmap):         79181888 Byte
20220312 014916.390 INFO             PET0 PIOc_sync Exit - MemInfo: Wall-clock time since execution start:              0.0712229 seconds
20220312 014916.390 INFO             PET0 PIOc_freedecomp Enter - MemInfo: [/proc/meminfo - SSI]	MemTotal:       131394444 kB
20220312 014916.390 INFO             PET0 PIOc_freedecomp Enter - MemInfo: [/proc/meminfo - SSI]	MemFree:        118711348 kB
20220312 014916.390 INFO             PET0 PIOc_freedecomp Enter - MemInfo: [/proc/meminfo - SSI]	MemAvailable:   118418976 kB
20220312 014916.390 INFO             PET0 PIOc_freedecomp Enter - MemInfo: [/proc/meminfo - SSI]	Committed_AS:    3892580 kB
20220312 014916.390 INFO             PET0 PIOc_freedecomp Enter - MemInfo: [/proc/meminfo - SSI]	CommittedPercent: 2.96251 %
20220312 014916.390 INFO             PET0 PIOc_freedecomp Enter - MemInfo: [/proc/self/status]	VmPeak:	 3800184 kB
20220312 014916.390 INFO             PET0 PIOc_freedecomp Enter - MemInfo: [/proc/self/status]	VmSize:	 3789348 kB
20220312 014916.390 INFO             PET0 PIOc_freedecomp Enter - MemInfo: [/proc/self/status]	VmLck:	       0 kB
20220312 014916.390 INFO             PET0 PIOc_freedecomp Enter - MemInfo: [/proc/self/status]	VmPin:	   71900 kB
20220312 014916.390 INFO             PET0 PIOc_freedecomp Enter - MemInfo: [/proc/self/status]	VmHWM:	  138020 kB
20220312 014916.390 INFO             PET0 PIOc_freedecomp Enter - MemInfo: [/proc/self/status]	VmRSS:	  137128 kB
20220312 014916.390 INFO             PET0 PIOc_freedecomp Enter - MemInfo: [/proc/self/status]	VmData:	  259416 kB
20220312 014916.390 INFO             PET0 PIOc_freedecomp Enter - MemInfo: [/proc/self/status]	VmStk:	     512 kB
20220312 014916.390 INFO             PET0 PIOc_freedecomp Enter - MemInfo: [/proc/self/status]	VmExe:	    1976 kB
20220312 014916.390 INFO             PET0 PIOc_freedecomp Enter - MemInfo: [/proc/self/status]	VmLib:	  104128 kB
20220312 014916.390 INFO             PET0 PIOc_freedecomp Enter - MemInfo: [/proc/self/status]	VmPTE:	     684 kB
20220312 014916.390 INFO             PET0 PIOc_freedecomp Enter - MemInfo: [/proc/self/status]	VmPMD:	      32 kB
20220312 014916.390 INFO             PET0 PIOc_freedecomp Enter - MemInfo: [/proc/self/status]	VmSwap:	       0 kB
20220312 014916.390 INFO             PET0 PIOc_freedecomp Enter - MemInfo: [/proc/self/status]	VmRSSPercent: 0.104364 %
20220312 014916.390 INFO             PET0 PIOc_freedecomp Enter - MemInfo: [malloc] Non-mmapped space allocated:                 6008832 Byte
20220312 014916.390 INFO             PET0 PIOc_freedecomp Enter - MemInfo: [malloc] Space allocated in mmapped regions:         73412608 Byte
20220312 014916.390 INFO             PET0 PIOc_freedecomp Enter - MemInfo: [malloc] Maximum total allocated space:                     0 Byte
20220312 014916.390 INFO             PET0 PIOc_freedecomp Enter - MemInfo: [malloc] Space in freed fastbin blocks:                   368 Byte
20220312 014916.390 INFO             PET0 PIOc_freedecomp Enter - MemInfo: [malloc] Total allocated space:                       3124384 Byte
20220312 014916.390 INFO             PET0 PIOc_freedecomp Enter - MemInfo: [malloc] Total free space:                            2884448 Byte
20220312 014916.390 INFO             PET0 PIOc_freedecomp Enter - MemInfo: [malloc] Top-most, releasable space:                   117936 Byte
20220312 014916.390 INFO             PET0 PIOc_freedecomp Enter - MemInfo: [malloc] Total space in use, mmap + non-mmap:        76536992 Byte
20220312 014916.390 INFO             PET0 PIOc_freedecomp Enter - MemInfo: [malloc] Total space held (mmap + non-mmap):         79421440 Byte
20220312 014916.390 INFO             PET0 PIOc_freedecomp Enter - MemInfo: [malloc] Total space used (mmap + non-mmap):         76546352 Byte
20220312 014916.390 INFO             PET0 PIOc_freedecomp Enter - MemInfo: Wall-clock time since execution start:              0.0716725 seconds
20220312 014916.390 INFO             PET0 PIOc_freedecomp Exit - MemInfo: [/proc/meminfo - SSI]	MemTotal:       131394444 kB
20220312 014916.390 INFO             PET0 PIOc_freedecomp Exit - MemInfo: [/proc/meminfo - SSI]	MemFree:        118711348 kB
20220312 014916.390 INFO             PET0 PIOc_freedecomp Exit - MemInfo: [/proc/meminfo - SSI]	MemAvailable:   118418976 kB
20220312 014916.390 INFO             PET0 PIOc_freedecomp Exit - MemInfo: [/proc/meminfo - SSI]	Committed_AS:    3892580 kB
20220312 014916.390 INFO             PET0 PIOc_freedecomp Exit - MemInfo: [/proc/meminfo - SSI]	CommittedPercent: 2.96251 %
20220312 014916.390 INFO             PET0 PIOc_freedecomp Exit - MemInfo: [/proc/self/status]	VmPeak:	 3800184 kB
20220312 014916.390 INFO             PET0 PIOc_freedecomp Exit - MemInfo: [/proc/self/status]	VmSize:	 3789348 kB
20220312 014916.390 INFO             PET0 PIOc_freedecomp Exit - MemInfo: [/proc/self/status]	VmLck:	       0 kB
20220312 014916.390 INFO             PET0 PIOc_freedecomp Exit - MemInfo: [/proc/self/status]	VmPin:	   71900 kB
20220312 014916.390 INFO             PET0 PIOc_freedecomp Exit - MemInfo: [/proc/self/status]	VmHWM:	  138020 kB
20220312 014916.390 INFO             PET0 PIOc_freedecomp Exit - MemInfo: [/proc/self/status]	VmRSS:	  137128 kB
20220312 014916.390 INFO             PET0 PIOc_freedecomp Exit - MemInfo: [/proc/self/status]	VmData:	  259416 kB
20220312 014916.390 INFO             PET0 PIOc_freedecomp Exit - MemInfo: [/proc/self/status]	VmStk:	     512 kB
20220312 014916.390 INFO             PET0 PIOc_freedecomp Exit - MemInfo: [/proc/self/status]	VmExe:	    1976 kB
20220312 014916.390 INFO             PET0 PIOc_freedecomp Exit - MemInfo: [/proc/self/status]	VmLib:	  104128 kB
20220312 014916.390 INFO             PET0 PIOc_freedecomp Exit - MemInfo: [/proc/self/status]	VmPTE:	     684 kB
20220312 014916.390 INFO             PET0 PIOc_freedecomp Exit - MemInfo: [/proc/self/status]	VmPMD:	      32 kB
20220312 014916.390 INFO             PET0 PIOc_freedecomp Exit - MemInfo: [/proc/self/status]	VmSwap:	       0 kB
20220312 014916.390 INFO             PET0 PIOc_freedecomp Exit - MemInfo: [/proc/self/status]	VmRSSPercent: 0.104364 %
20220312 014916.390 INFO             PET0 PIOc_freedecomp Exit - MemInfo: [malloc] Non-mmapped space allocated:                 6008832 Byte
20220312 014916.391 INFO             PET0 PIOc_freedecomp Exit - MemInfo: [malloc] Space allocated in mmapped regions:         73412608 Byte
20220312 014916.391 INFO             PET0 PIOc_freedecomp Exit - MemInfo: [malloc] Maximum total allocated space:                     0 Byte
20220312 014916.391 INFO             PET0 PIOc_freedecomp Exit - MemInfo: [malloc] Space in freed fastbin blocks:                   352 Byte
20220312 014916.391 INFO             PET0 PIOc_freedecomp Exit - MemInfo: [malloc] Total allocated space:                       3122928 Byte
20220312 014916.391 INFO             PET0 PIOc_freedecomp Exit - MemInfo: [malloc] Total free space:                            2885904 Byte
20220312 014916.391 INFO             PET0 PIOc_freedecomp Exit - MemInfo: [malloc] Top-most, releasable space:                   118464 Byte
20220312 014916.391 INFO             PET0 PIOc_freedecomp Exit - MemInfo: [malloc] Total space in use, mmap + non-mmap:        76535536 Byte
20220312 014916.391 INFO             PET0 PIOc_freedecomp Exit - MemInfo: [malloc] Total space held (mmap + non-mmap):         79421440 Byte
20220312 014916.391 INFO             PET0 PIOc_freedecomp Exit - MemInfo: [malloc] Total space used (mmap + non-mmap):         76544896 Byte
20220312 014916.391 INFO             PET0 PIOc_freedecomp Exit - MemInfo: Wall-clock time since execution start:              0.0719781 seconds
20220312 014916.391 INFO             PET0 PIOc_sync Enter - MemInfo: [/proc/meminfo - SSI]	MemTotal:       131394444 kB
20220312 014916.391 INFO             PET0 PIOc_sync Enter - MemInfo: [/proc/meminfo - SSI]	MemFree:        118710384 kB
20220312 014916.391 INFO             PET0 PIOc_sync Enter - MemInfo: [/proc/meminfo - SSI]	MemAvailable:   118418012 kB
20220312 014916.391 INFO             PET0 PIOc_sync Enter - MemInfo: [/proc/meminfo - SSI]	Committed_AS:    3892580 kB
20220312 014916.391 INFO             PET0 PIOc_sync Enter - MemInfo: [/proc/meminfo - SSI]	CommittedPercent: 2.96251 %
20220312 014916.392 INFO             PET0 PIOc_sync Enter - MemInfo: [/proc/self/status]	VmPeak:	 3800184 kB
20220312 014916.392 INFO             PET0 PIOc_sync Enter - MemInfo: [/proc/self/status]	VmSize:	 3789348 kB
20220312 014916.392 INFO             PET0 PIOc_sync Enter - MemInfo: [/proc/self/status]	VmLck:	       0 kB
20220312 014916.392 INFO             PET0 PIOc_sync Enter - MemInfo: [/proc/self/status]	VmPin:	   71900 kB
20220312 014916.392 INFO             PET0 PIOc_sync Enter - MemInfo: [/proc/self/status]	VmHWM:	  138020 kB
20220312 014916.392 INFO             PET0 PIOc_sync Enter - MemInfo: [/proc/self/status]	VmRSS:	  137624 kB
20220312 014916.392 INFO             PET0 PIOc_sync Enter - MemInfo: [/proc/self/status]	VmData:	  259416 kB
20220312 014916.392 INFO             PET0 PIOc_sync Enter - MemInfo: [/proc/self/status]	VmStk:	     512 kB
20220312 014916.392 INFO             PET0 PIOc_sync Enter - MemInfo: [/proc/self/status]	VmExe:	    1976 kB
20220312 014916.392 INFO             PET0 PIOc_sync Enter - MemInfo: [/proc/self/status]	VmLib:	  104128 kB
20220312 014916.392 INFO             PET0 PIOc_sync Enter - MemInfo: [/proc/self/status]	VmPTE:	     684 kB
20220312 014916.392 INFO             PET0 PIOc_sync Enter - MemInfo: [/proc/self/status]	VmPMD:	      32 kB
20220312 014916.392 INFO             PET0 PIOc_sync Enter - MemInfo: [/proc/self/status]	VmSwap:	       0 kB
20220312 014916.392 INFO             PET0 PIOc_sync Enter - MemInfo: [/proc/self/status]	VmRSSPercent: 0.104741 %
20220312 014916.392 INFO             PET0 PIOc_sync Enter - MemInfo: [malloc] Non-mmapped space allocated:                 6008832 Byte
20220312 014916.392 INFO             PET0 PIOc_sync Enter - MemInfo: [malloc] Space allocated in mmapped regions:         73412608 Byte
20220312 014916.392 INFO             PET0 PIOc_sync Enter - MemInfo: [malloc] Maximum total allocated space:                     0 Byte
20220312 014916.392 INFO             PET0 PIOc_sync Enter - MemInfo: [malloc] Space in freed fastbin blocks:                   112 Byte
20220312 014916.392 INFO             PET0 PIOc_sync Enter - MemInfo: [malloc] Total allocated space:                       5761392 Byte
20220312 014916.392 INFO             PET0 PIOc_sync Enter - MemInfo: [malloc] Total free space:                             247440 Byte
20220312 014916.392 INFO             PET0 PIOc_sync Enter - MemInfo: [malloc] Top-most, releasable space:                   114448 Byte
20220312 014916.392 INFO             PET0 PIOc_sync Enter - MemInfo: [malloc] Total space in use, mmap + non-mmap:        79174000 Byte
20220312 014916.392 INFO             PET0 PIOc_sync Enter - MemInfo: [malloc] Total space held (mmap + non-mmap):         79421440 Byte
20220312 014916.392 INFO             PET0 PIOc_sync Enter - MemInfo: [malloc] Total space used (mmap + non-mmap):         79183360 Byte
20220312 014916.392 INFO             PET0 PIOc_sync Enter - MemInfo: Wall-clock time since execution start:              0.0731448 seconds
20220312 014916.392 INFO             PET0 PIOc_sync Exit - MemInfo: [/proc/meminfo - SSI]	MemTotal:       131394444 kB
20220312 014916.392 INFO             PET0 PIOc_sync Exit - MemInfo: [/proc/meminfo - SSI]	MemFree:        118710384 kB
20220312 014916.392 INFO             PET0 PIOc_sync Exit - MemInfo: [/proc/meminfo - SSI]	MemAvailable:   118418012 kB
20220312 014916.392 INFO             PET0 PIOc_sync Exit - MemInfo: [/proc/meminfo - SSI]	Committed_AS:    3892580 kB
20220312 014916.392 INFO             PET0 PIOc_sync Exit - MemInfo: [/proc/meminfo - SSI]	CommittedPercent: 2.96251 %
20220312 014916.392 INFO             PET0 PIOc_sync Exit - MemInfo: [/proc/self/status]	VmPeak:	 3800184 kB
20220312 014916.392 INFO             PET0 PIOc_sync Exit - MemInfo: [/proc/self/status]	VmSize:	 3789348 kB
20220312 014916.392 INFO             PET0 PIOc_sync Exit - MemInfo: [/proc/self/status]	VmLck:	       0 kB
20220312 014916.392 INFO             PET0 PIOc_sync Exit - MemInfo: [/proc/self/status]	VmPin:	   71900 kB
20220312 014916.392 INFO             PET0 PIOc_sync Exit - MemInfo: [/proc/self/status]	VmHWM:	  138020 kB
20220312 014916.392 INFO             PET0 PIOc_sync Exit - MemInfo: [/proc/self/status]	VmRSS:	  137632 kB
20220312 014916.392 INFO             PET0 PIOc_sync Exit - MemInfo: [/proc/self/status]	VmData:	  259416 kB
20220312 014916.392 INFO             PET0 PIOc_sync Exit - MemInfo: [/proc/self/status]	VmStk:	     512 kB
20220312 014916.392 INFO             PET0 PIOc_sync Exit - MemInfo: [/proc/self/status]	VmExe:	    1976 kB
20220312 014916.392 INFO             PET0 PIOc_sync Exit - MemInfo: [/proc/self/status]	VmLib:	  104128 kB
20220312 014916.392 INFO             PET0 PIOc_sync Exit - MemInfo: [/proc/self/status]	VmPTE:	     684 kB
20220312 014916.392 INFO             PET0 PIOc_sync Exit - MemInfo: [/proc/self/status]	VmPMD:	      32 kB
20220312 014916.392 INFO             PET0 PIOc_sync Exit - MemInfo: [/proc/self/status]	VmSwap:	       0 kB
20220312 014916.392 INFO             PET0 PIOc_sync Exit - MemInfo: [/proc/self/status]	VmRSSPercent: 0.104747 %
20220312 014916.392 INFO             PET0 PIOc_sync Exit - MemInfo: [malloc] Non-mmapped space allocated:                 6008832 Byte
20220312 014916.392 INFO             PET0 PIOc_sync Exit - MemInfo: [malloc] Space allocated in mmapped regions:         73412608 Byte
20220312 014916.392 INFO             PET0 PIOc_sync Exit - MemInfo: [malloc] Maximum total allocated space:                     0 Byte
20220312 014916.392 INFO             PET0 PIOc_sync Exit - MemInfo: [malloc] Space in freed fastbin blocks:                   352 Byte
20220312 014916.392 INFO             PET0 PIOc_sync Exit - MemInfo: [malloc] Total allocated space:                       5760672 Byte
20220312 014916.392 INFO             PET0 PIOc_sync Exit - MemInfo: [malloc] Total free space:                             248160 Byte
20220312 014916.392 INFO             PET0 PIOc_sync Exit - MemInfo: [malloc] Top-most, releasable space:                   115072 Byte
20220312 014916.392 INFO             PET0 PIOc_sync Exit - MemInfo: [malloc] Total space in use, mmap + non-mmap:        79173280 Byte
20220312 014916.392 INFO             PET0 PIOc_sync Exit - MemInfo: [malloc] Total space held (mmap + non-mmap):         79421440 Byte
20220312 014916.392 INFO             PET0 PIOc_sync Exit - MemInfo: [malloc] Total space used (mmap + non-mmap):         79182640 Byte
20220312 014916.392 INFO             PET0 PIOc_sync Exit - MemInfo: Wall-clock time since execution start:              0.0735205 seconds
20220312 014916.392 INFO             PET0 PIOc_freedecomp Enter - MemInfo: [/proc/meminfo - SSI]	MemTotal:       131394444 kB
20220312 014916.392 INFO             PET0 PIOc_freedecomp Enter - MemInfo: [/proc/meminfo - SSI]	MemFree:        118710384 kB
20220312 014916.392 INFO             PET0 PIOc_freedecomp Enter - MemInfo: [/proc/meminfo - SSI]	MemAvailable:   118418012 kB
20220312 014916.392 INFO             PET0 PIOc_freedecomp Enter - MemInfo: [/proc/meminfo - SSI]	Committed_AS:    3892580 kB
20220312 014916.392 INFO             PET0 PIOc_freedecomp Enter - MemInfo: [/proc/meminfo - SSI]	CommittedPercent: 2.96251 %
20220312 014916.392 INFO             PET0 PIOc_freedecomp Enter - MemInfo: [/proc/self/status]	VmPeak:	 3800184 kB
20220312 014916.392 INFO             PET0 PIOc_freedecomp Enter - MemInfo: [/proc/self/status]	VmSize:	 3789348 kB
20220312 014916.392 INFO             PET0 PIOc_freedecomp Enter - MemInfo: [/proc/self/status]	VmLck:	       0 kB
20220312 014916.392 INFO             PET0 PIOc_freedecomp Enter - MemInfo: [/proc/self/status]	VmPin:	   71900 kB
20220312 014916.392 INFO             PET0 PIOc_freedecomp Enter - MemInfo: [/proc/self/status]	VmHWM:	  138020 kB
20220312 014916.392 INFO             PET0 PIOc_freedecomp Enter - MemInfo: [/proc/self/status]	VmRSS:	  137632 kB
20220312 014916.392 INFO             PET0 PIOc_freedecomp Enter - MemInfo: [/proc/self/status]	VmData:	  259416 kB
20220312 014916.392 INFO             PET0 PIOc_freedecomp Enter - MemInfo: [/proc/self/status]	VmStk:	     512 kB
20220312 014916.392 INFO             PET0 PIOc_freedecomp Enter - MemInfo: [/proc/self/status]	VmExe:	    1976 kB
20220312 014916.392 INFO             PET0 PIOc_freedecomp Enter - MemInfo: [/proc/self/status]	VmLib:	  104128 kB
20220312 014916.392 INFO             PET0 PIOc_freedecomp Enter - MemInfo: [/proc/self/status]	VmPTE:	     684 kB
20220312 014916.392 INFO             PET0 PIOc_freedecomp Enter - MemInfo: [/proc/self/status]	VmPMD:	      32 kB
20220312 014916.392 INFO             PET0 PIOc_freedecomp Enter - MemInfo: [/proc/self/status]	VmSwap:	       0 kB
20220312 014916.392 INFO             PET0 PIOc_freedecomp Enter - MemInfo: [/proc/self/status]	VmRSSPercent: 0.104747 %
20220312 014916.392 INFO             PET0 PIOc_freedecomp Enter - MemInfo: [malloc] Non-mmapped space allocated:                 6008832 Byte
20220312 014916.392 INFO             PET0 PIOc_freedecomp Enter - MemInfo: [malloc] Space allocated in mmapped regions:         73412608 Byte
20220312 014916.392 INFO             PET0 PIOc_freedecomp Enter - MemInfo: [malloc] Maximum total allocated space:                     0 Byte
20220312 014916.392 INFO             PET0 PIOc_freedecomp Enter - MemInfo: [malloc] Space in freed fastbin blocks:                   368 Byte
20220312 014916.392 INFO             PET0 PIOc_freedecomp Enter - MemInfo: [malloc] Total allocated space:                       3124384 Byte
20220312 014916.392 INFO             PET0 PIOc_freedecomp Enter - MemInfo: [malloc] Total free space:                            2884448 Byte
20220312 014916.392 INFO             PET0 PIOc_freedecomp Enter - MemInfo: [malloc] Top-most, releasable space:                   117200 Byte
20220312 014916.392 INFO             PET0 PIOc_freedecomp Enter - MemInfo: [malloc] Total space in use, mmap + non-mmap:        76536992 Byte
20220312 014916.392 INFO             PET0 PIOc_freedecomp Enter - MemInfo: [malloc] Total space held (mmap + non-mmap):         79421440 Byte
20220312 014916.392 INFO             PET0 PIOc_freedecomp Enter - MemInfo: [malloc] Total space used (mmap + non-mmap):         76546352 Byte
20220312 014916.392 INFO             PET0 PIOc_freedecomp Enter - MemInfo: Wall-clock time since execution start:              0.0738962 seconds
20220312 014916.393 INFO             PET0 PIOc_freedecomp Exit - MemInfo: [/proc/meminfo - SSI]	MemTotal:       131394444 kB
20220312 014916.393 INFO             PET0 PIOc_freedecomp Exit - MemInfo: [/proc/meminfo - SSI]	MemFree:        118710384 kB
20220312 014916.393 INFO             PET0 PIOc_freedecomp Exit - MemInfo: [/proc/meminfo - SSI]	MemAvailable:   118418012 kB
20220312 014916.393 INFO             PET0 PIOc_freedecomp Exit - MemInfo: [/proc/meminfo - SSI]	Committed_AS:    3892580 kB
20220312 014916.393 INFO             PET0 PIOc_freedecomp Exit - MemInfo: [/proc/meminfo - SSI]	CommittedPercent: 2.96251 %
20220312 014916.393 INFO             PET0 PIOc_freedecomp Exit - MemInfo: [/proc/self/status]	VmPeak:	 3800184 kB
20220312 014916.393 INFO             PET0 PIOc_freedecomp Exit - MemInfo: [/proc/self/status]	VmSize:	 3789348 kB
20220312 014916.393 INFO             PET0 PIOc_freedecomp Exit - MemInfo: [/proc/self/status]	VmLck:	       0 kB
20220312 014916.393 INFO             PET0 PIOc_freedecomp Exit - MemInfo: [/proc/self/status]	VmPin:	   71900 kB
20220312 014916.393 INFO             PET0 PIOc_freedecomp Exit - MemInfo: [/proc/self/status]	VmHWM:	  138020 kB
20220312 014916.393 INFO             PET0 PIOc_freedecomp Exit - MemInfo: [/proc/self/status]	VmRSS:	  137632 kB
20220312 014916.393 INFO             PET0 PIOc_freedecomp Exit - MemInfo: [/proc/self/status]	VmData:	  259416 kB
20220312 014916.393 INFO             PET0 PIOc_freedecomp Exit - MemInfo: [/proc/self/status]	VmStk:	     512 kB
20220312 014916.393 INFO             PET0 PIOc_freedecomp Exit - MemInfo: [/proc/self/status]	VmExe:	    1976 kB
20220312 014916.393 INFO             PET0 PIOc_freedecomp Exit - MemInfo: [/proc/self/status]	VmLib:	  104128 kB
20220312 014916.393 INFO             PET0 PIOc_freedecomp Exit - MemInfo: [/proc/self/status]	VmPTE:	     684 kB
20220312 014916.393 INFO             PET0 PIOc_freedecomp Exit - MemInfo: [/proc/self/status]	VmPMD:	      32 kB
20220312 014916.393 INFO             PET0 PIOc_freedecomp Exit - MemInfo: [/proc/self/status]	VmSwap:	       0 kB
20220312 014916.393 INFO             PET0 PIOc_freedecomp Exit - MemInfo: [/proc/self/status]	VmRSSPercent: 0.104747 %
20220312 014916.393 INFO             PET0 PIOc_freedecomp Exit - MemInfo: [malloc] Non-mmapped space allocated:                 6008832 Byte
20220312 014916.393 INFO             PET0 PIOc_freedecomp Exit - MemInfo: [malloc] Space allocated in mmapped regions:         73412608 Byte
20220312 014916.393 INFO             PET0 PIOc_freedecomp Exit - MemInfo: [malloc] Maximum total allocated space:                     0 Byte
20220312 014916.393 INFO             PET0 PIOc_freedecomp Exit - MemInfo: [malloc] Space in freed fastbin blocks:                   352 Byte
20220312 014916.393 INFO             PET0 PIOc_freedecomp Exit - MemInfo: [malloc] Total allocated space:                       3122928 Byte
20220312 014916.393 INFO             PET0 PIOc_freedecomp Exit - MemInfo: [malloc] Total free space:                            2885904 Byte
20220312 014916.393 INFO             PET0 PIOc_freedecomp Exit - MemInfo: [malloc] Top-most, releasable space:                   117728 Byte
20220312 014916.393 INFO             PET0 PIOc_freedecomp Exit - MemInfo: [malloc] Total space in use, mmap + non-mmap:        76535536 Byte
20220312 014916.393 INFO             PET0 PIOc_freedecomp Exit - MemInfo: [malloc] Total space held (mmap + non-mmap):         79421440 Byte
20220312 014916.393 INFO             PET0 PIOc_freedecomp Exit - MemInfo: [malloc] Total space used (mmap + non-mmap):         76544896 Byte
20220312 014916.393 INFO             PET0 PIOc_freedecomp Exit - MemInfo: Wall-clock time since execution start:              0.0741936 seconds
20220312 014916.393 INFO             PET0 PIOc_sync Enter - MemInfo: [/proc/meminfo - SSI]	MemTotal:       131394444 kB
20220312 014916.393 INFO             PET0 PIOc_sync Enter - MemInfo: [/proc/meminfo - SSI]	MemFree:        118710384 kB
20220312 014916.393 INFO             PET0 PIOc_sync Enter - MemInfo: [/proc/meminfo - SSI]	MemAvailable:   118418012 kB
20220312 014916.393 INFO             PET0 PIOc_sync Enter - MemInfo: [/proc/meminfo - SSI]	Committed_AS:    3892580 kB
20220312 014916.393 INFO             PET0 PIOc_sync Enter - MemInfo: [/proc/meminfo - SSI]	CommittedPercent: 2.96251 %
20220312 014916.393 INFO             PET0 PIOc_sync Enter - MemInfo: [/proc/self/status]	VmPeak:	 3800184 kB
20220312 014916.393 INFO             PET0 PIOc_sync Enter - MemInfo: [/proc/self/status]	VmSize:	 3789348 kB
20220312 014916.393 INFO             PET0 PIOc_sync Enter - MemInfo: [/proc/self/status]	VmLck:	       0 kB
20220312 014916.393 INFO             PET0 PIOc_sync Enter - MemInfo: [/proc/self/status]	VmPin:	   71900 kB
20220312 014916.393 INFO             PET0 PIOc_sync Enter - MemInfo: [/proc/self/status]	VmHWM:	  138020 kB
20220312 014916.394 INFO             PET0 PIOc_sync Enter - MemInfo: [/proc/self/status]	VmRSS:	  137688 kB
20220312 014916.394 INFO             PET0 PIOc_sync Enter - MemInfo: [/proc/self/status]	VmData:	  259416 kB
20220312 014916.394 INFO             PET0 PIOc_sync Enter - MemInfo: [/proc/self/status]	VmStk:	     512 kB
20220312 014916.394 INFO             PET0 PIOc_sync Enter - MemInfo: [/proc/self/status]	VmExe:	    1976 kB
20220312 014916.394 INFO             PET0 PIOc_sync Enter - MemInfo: [/proc/self/status]	VmLib:	  104128 kB
20220312 014916.394 INFO             PET0 PIOc_sync Enter - MemInfo: [/proc/self/status]	VmPTE:	     684 kB
20220312 014916.394 INFO             PET0 PIOc_sync Enter - MemInfo: [/proc/self/status]	VmPMD:	      32 kB
20220312 014916.394 INFO             PET0 PIOc_sync Enter - MemInfo: [/proc/self/status]	VmSwap:	       0 kB
20220312 014916.394 INFO             PET0 PIOc_sync Enter - MemInfo: [/proc/self/status]	VmRSSPercent: 0.10479 %
20220312 014916.394 INFO             PET0 PIOc_sync Enter - MemInfo: [malloc] Non-mmapped space allocated:                 6008832 Byte
20220312 014916.394 INFO             PET0 PIOc_sync Enter - MemInfo: [malloc] Space allocated in mmapped regions:         73412608 Byte
20220312 014916.394 INFO             PET0 PIOc_sync Enter - MemInfo: [malloc] Maximum total allocated space:                     0 Byte
20220312 014916.394 INFO             PET0 PIOc_sync Enter - MemInfo: [malloc] Space in freed fastbin blocks:                   144 Byte
20220312 014916.394 INFO             PET0 PIOc_sync Enter - MemInfo: [malloc] Total allocated space:                       5762112 Byte
20220312 014916.394 INFO             PET0 PIOc_sync Enter - MemInfo: [malloc] Total free space:                             246720 Byte
20220312 014916.394 INFO             PET0 PIOc_sync Enter - MemInfo: [malloc] Top-most, releasable space:                   113008 Byte
20220312 014916.394 INFO             PET0 PIOc_sync Enter - MemInfo: [malloc] Total space in use, mmap + non-mmap:        79174720 Byte
20220312 014916.394 INFO             PET0 PIOc_sync Enter - MemInfo: [malloc] Total space held (mmap + non-mmap):         79421440 Byte
20220312 014916.394 INFO             PET0 PIOc_sync Enter - MemInfo: [malloc] Total space used (mmap + non-mmap):         79184080 Byte
20220312 014916.394 INFO             PET0 PIOc_sync Enter - MemInfo: Wall-clock time since execution start:              0.0750784 seconds
20220312 014916.394 INFO             PET0 PIOc_sync Exit - MemInfo: [/proc/meminfo - SSI]	MemTotal:       131394444 kB
20220312 014916.394 INFO             PET0 PIOc_sync Exit - MemInfo: [/proc/meminfo - SSI]	MemFree:        118710384 kB
20220312 014916.394 INFO             PET0 PIOc_sync Exit - MemInfo: [/proc/meminfo - SSI]	MemAvailable:   118418012 kB
20220312 014916.394 INFO             PET0 PIOc_sync Exit - MemInfo: [/proc/meminfo - SSI]	Committed_AS:    3892580 kB
20220312 014916.394 INFO             PET0 PIOc_sync Exit - MemInfo: [/proc/meminfo - SSI]	CommittedPercent: 2.96251 %
20220312 014916.394 INFO             PET0 PIOc_sync Exit - MemInfo: [/proc/self/status]	VmPeak:	 3800184 kB
20220312 014916.394 INFO             PET0 PIOc_sync Exit - MemInfo: [/proc/self/status]	VmSize:	 3789348 kB
20220312 014916.394 INFO             PET0 PIOc_sync Exit - MemInfo: [/proc/self/status]	VmLck:	       0 kB
20220312 014916.394 INFO             PET0 PIOc_sync Exit - MemInfo: [/proc/self/status]	VmPin:	   71900 kB
20220312 014916.394 INFO             PET0 PIOc_sync Exit - MemInfo: [/proc/self/status]	VmHWM:	  138020 kB
20220312 014916.394 INFO             PET0 PIOc_sync Exit - MemInfo: [/proc/self/status]	VmRSS:	  137700 kB
20220312 014916.394 INFO             PET0 PIOc_sync Exit - MemInfo: [/proc/self/status]	VmData:	  259416 kB
20220312 014916.394 INFO             PET0 PIOc_sync Exit - MemInfo: [/proc/self/status]	VmStk:	     512 kB
20220312 014916.394 INFO             PET0 PIOc_sync Exit - MemInfo: [/proc/self/status]	VmExe:	    1976 kB
20220312 014916.394 INFO             PET0 PIOc_sync Exit - MemInfo: [/proc/self/status]	VmLib:	  104128 kB
20220312 014916.394 INFO             PET0 PIOc_sync Exit - MemInfo: [/proc/self/status]	VmPTE:	     684 kB
20220312 014916.394 INFO             PET0 PIOc_sync Exit - MemInfo: [/proc/self/status]	VmPMD:	      32 kB
20220312 014916.394 INFO             PET0 PIOc_sync Exit - MemInfo: [/proc/self/status]	VmSwap:	       0 kB
20220312 014916.394 INFO             PET0 PIOc_sync Exit - MemInfo: [/proc/self/status]	VmRSSPercent: 0.104799 %
20220312 014916.394 INFO             PET0 PIOc_sync Exit - MemInfo: [malloc] Non-mmapped space allocated:                 6008832 Byte
20220312 014916.394 INFO             PET0 PIOc_sync Exit - MemInfo: [malloc] Space allocated in mmapped regions:         73412608 Byte
20220312 014916.394 INFO             PET0 PIOc_sync Exit - MemInfo: [malloc] Maximum total allocated space:                     0 Byte
20220312 014916.394 INFO             PET0 PIOc_sync Exit - MemInfo: [malloc] Space in freed fastbin blocks:                   352 Byte
20220312 014916.394 INFO             PET0 PIOc_sync Exit - MemInfo: [malloc] Total allocated space:                       5761392 Byte
20220312 014916.394 INFO             PET0 PIOc_sync Exit - MemInfo: [malloc] Total free space:                             247440 Byte
20220312 014916.394 INFO             PET0 PIOc_sync Exit - MemInfo: [malloc] Top-most, releasable space:                   113632 Byte
20220312 014916.394 INFO             PET0 PIOc_sync Exit - MemInfo: [malloc] Total space in use, mmap + non-mmap:        79174000 Byte
20220312 014916.394 INFO             PET0 PIOc_sync Exit - MemInfo: [malloc] Total space held (mmap + non-mmap):         79421440 Byte
20220312 014916.394 INFO             PET0 PIOc_sync Exit - MemInfo: [malloc] Total space used (mmap + non-mmap):         79183360 Byte
20220312 014916.394 INFO             PET0 PIOc_sync Exit - MemInfo: Wall-clock time since execution start:               0.075453 seconds
20220312 014916.394 INFO             PET0 PIOc_freedecomp Enter - MemInfo: [/proc/meminfo - SSI]	MemTotal:       131394444 kB
20220312 014916.394 INFO             PET0 PIOc_freedecomp Enter - MemInfo: [/proc/meminfo - SSI]	MemFree:        118710384 kB
20220312 014916.394 INFO             PET0 PIOc_freedecomp Enter - MemInfo: [/proc/meminfo - SSI]	MemAvailable:   118418012 kB
20220312 014916.394 INFO             PET0 PIOc_freedecomp Enter - MemInfo: [/proc/meminfo - SSI]	Committed_AS:    3892580 kB
20220312 014916.394 INFO             PET0 PIOc_freedecomp Enter - MemInfo: [/proc/meminfo - SSI]	CommittedPercent: 2.96251 %
20220312 014916.394 INFO             PET0 PIOc_freedecomp Enter - MemInfo: [/proc/self/status]	VmPeak:	 3800184 kB
20220312 014916.394 INFO             PET0 PIOc_freedecomp Enter - MemInfo: [/proc/self/status]	VmSize:	 3789348 kB
20220312 014916.394 INFO             PET0 PIOc_freedecomp Enter - MemInfo: [/proc/self/status]	VmLck:	       0 kB
20220312 014916.394 INFO             PET0 PIOc_freedecomp Enter - MemInfo: [/proc/self/status]	VmPin:	   71900 kB
20220312 014916.394 INFO             PET0 PIOc_freedecomp Enter - MemInfo: [/proc/self/status]	VmHWM:	  138020 kB
20220312 014916.394 INFO             PET0 PIOc_freedecomp Enter - MemInfo: [/proc/self/status]	VmRSS:	  137700 kB
20220312 014916.394 INFO             PET0 PIOc_freedecomp Enter - MemInfo: [/proc/self/status]	VmData:	  259416 kB
20220312 014916.394 INFO             PET0 PIOc_freedecomp Enter - MemInfo: [/proc/self/status]	VmStk:	     512 kB
20220312 014916.394 INFO             PET0 PIOc_freedecomp Enter - MemInfo: [/proc/self/status]	VmExe:	    1976 kB
20220312 014916.394 INFO             PET0 PIOc_freedecomp Enter - MemInfo: [/proc/self/status]	VmLib:	  104128 kB
20220312 014916.394 INFO             PET0 PIOc_freedecomp Enter - MemInfo: [/proc/self/status]	VmPTE:	     684 kB
20220312 014916.394 INFO             PET0 PIOc_freedecomp Enter - MemInfo: [/proc/self/status]	VmPMD:	      32 kB
20220312 014916.394 INFO             PET0 PIOc_freedecomp Enter - MemInfo: [/proc/self/status]	VmSwap:	       0 kB
20220312 014916.394 INFO             PET0 PIOc_freedecomp Enter - MemInfo: [/proc/self/status]	VmRSSPercent: 0.104799 %
20220312 014916.394 INFO             PET0 PIOc_freedecomp Enter - MemInfo: [malloc] Non-mmapped space allocated:                 6008832 Byte
20220312 014916.394 INFO             PET0 PIOc_freedecomp Enter - MemInfo: [malloc] Space allocated in mmapped regions:         73412608 Byte
20220312 014916.394 INFO             PET0 PIOc_freedecomp Enter - MemInfo: [malloc] Maximum total allocated space:                     0 Byte
20220312 014916.394 INFO             PET0 PIOc_freedecomp Enter - MemInfo: [malloc] Space in freed fastbin blocks:                   368 Byte
20220312 014916.394 INFO             PET0 PIOc_freedecomp Enter - MemInfo: [malloc] Total allocated space:                       3124384 Byte
20220312 014916.394 INFO             PET0 PIOc_freedecomp Enter - MemInfo: [malloc] Total free space:                            2884448 Byte
20220312 014916.394 INFO             PET0 PIOc_freedecomp Enter - MemInfo: [malloc] Top-most, releasable space:                   114368 Byte
20220312 014916.394 INFO             PET0 PIOc_freedecomp Enter - MemInfo: [malloc] Total space in use, mmap + non-mmap:        76536992 Byte
20220312 014916.394 INFO             PET0 PIOc_freedecomp Enter - MemInfo: [malloc] Total space held (mmap + non-mmap):         79421440 Byte
20220312 014916.394 INFO             PET0 PIOc_freedecomp Enter - MemInfo: [malloc] Total space used (mmap + non-mmap):         76546352 Byte
20220312 014916.394 INFO             PET0 PIOc_freedecomp Enter - MemInfo: Wall-clock time since execution start:              0.0757928 seconds
20220312 014916.394 INFO             PET0 PIOc_freedecomp Exit - MemInfo: [/proc/meminfo - SSI]	MemTotal:       131394444 kB
20220312 014916.394 INFO             PET0 PIOc_freedecomp Exit - MemInfo: [/proc/meminfo - SSI]	MemFree:        118710384 kB
20220312 014916.394 INFO             PET0 PIOc_freedecomp Exit - MemInfo: [/proc/meminfo - SSI]	MemAvailable:   118418012 kB
20220312 014916.394 INFO             PET0 PIOc_freedecomp Exit - MemInfo: [/proc/meminfo - SSI]	Committed_AS:    3892580 kB
20220312 014916.394 INFO             PET0 PIOc_freedecomp Exit - MemInfo: [/proc/meminfo - SSI]	CommittedPercent: 2.96251 %
20220312 014916.394 INFO             PET0 PIOc_freedecomp Exit - MemInfo: [/proc/self/status]	VmPeak:	 3800184 kB
20220312 014916.394 INFO             PET0 PIOc_freedecomp Exit - MemInfo: [/proc/self/status]	VmSize:	 3789348 kB
20220312 014916.394 INFO             PET0 PIOc_freedecomp Exit - MemInfo: [/proc/self/status]	VmLck:	       0 kB
20220312 014916.394 INFO             PET0 PIOc_freedecomp Exit - MemInfo: [/proc/self/status]	VmPin:	   71900 kB
20220312 014916.395 INFO             PET0 PIOc_freedecomp Exit - MemInfo: [/proc/self/status]	VmHWM:	  138020 kB
20220312 014916.395 INFO             PET0 PIOc_freedecomp Exit - MemInfo: [/proc/self/status]	VmRSS:	  137700 kB
20220312 014916.395 INFO             PET0 PIOc_freedecomp Exit - MemInfo: [/proc/self/status]	VmData:	  259416 kB
20220312 014916.395 INFO             PET0 PIOc_freedecomp Exit - MemInfo: [/proc/self/status]	VmStk:	     512 kB
20220312 014916.395 INFO             PET0 PIOc_freedecomp Exit - MemInfo: [/proc/self/status]	VmExe:	    1976 kB
20220312 014916.395 INFO             PET0 PIOc_freedecomp Exit - MemInfo: [/proc/self/status]	VmLib:	  104128 kB
20220312 014916.395 INFO             PET0 PIOc_freedecomp Exit - MemInfo: [/proc/self/status]	VmPTE:	     684 kB
20220312 014916.395 INFO             PET0 PIOc_freedecomp Exit - MemInfo: [/proc/self/status]	VmPMD:	      32 kB
20220312 014916.395 INFO             PET0 PIOc_freedecomp Exit - MemInfo: [/proc/self/status]	VmSwap:	       0 kB
20220312 014916.395 INFO             PET0 PIOc_freedecomp Exit - MemInfo: [/proc/self/status]	VmRSSPercent: 0.104799 %
20220312 014916.395 INFO             PET0 PIOc_freedecomp Exit - MemInfo: [malloc] Non-mmapped space allocated:                 6008832 Byte
20220312 014916.395 INFO             PET0 PIOc_freedecomp Exit - MemInfo: [malloc] Space allocated in mmapped regions:         73412608 Byte
20220312 014916.395 INFO             PET0 PIOc_freedecomp Exit - MemInfo: [malloc] Maximum total allocated space:                     0 Byte
20220312 014916.395 INFO             PET0 PIOc_freedecomp Exit - MemInfo: [malloc] Space in freed fastbin blocks:                   848 Byte
20220312 014916.395 INFO             PET0 PIOc_freedecomp Exit - MemInfo: [malloc] Total allocated space:                       3122928 Byte
20220312 014916.395 INFO             PET0 PIOc_freedecomp Exit - MemInfo: [malloc] Total free space:                            2885904 Byte
20220312 014916.395 INFO             PET0 PIOc_freedecomp Exit - MemInfo: [malloc] Top-most, releasable space:                   114368 Byte
20220312 014916.395 INFO             PET0 PIOc_freedecomp Exit - MemInfo: [malloc] Total space in use, mmap + non-mmap:        76535536 Byte
20220312 014916.395 INFO             PET0 PIOc_freedecomp Exit - MemInfo: [malloc] Total space held (mmap + non-mmap):         79421440 Byte
20220312 014916.395 INFO             PET0 PIOc_freedecomp Exit - MemInfo: [malloc] Total space used (mmap + non-mmap):         76544896 Byte
20220312 014916.395 INFO             PET0 PIOc_freedecomp Exit - MemInfo: Wall-clock time since execution start:              0.0761025 seconds
20220312 014916.401 INFO             PET0  NUMBER_OF_PROCESSORS           4
20220312 014916.401 INFO             PET0  PASS  Example ESMF_RHandleBitForBitEx, ESMF_RHandleBitForBitEx.F90, line 1557
20220312 014916.401 INFO             PET0 Finalizing ESMF
20220312 014916.330 INFO             PET1 !!!!!!!!!!!!!!!!!!!!!!!!!!!!!!!!!!!!!!!!!!!!!!!!!!!!!!
20220312 014916.331 INFO             PET1 !!! THE ESMF_LOG IS SET TO OUTPUT ALL LOG MESSAGES !!!
20220312 014916.331 INFO             PET1 !!!     THIS MAY CAUSE SLOWDOWN IN PERFORMANCE     !!!
20220312 014916.331 INFO             PET1 !!! FOR PRODUCTION RUNS, USE:                      !!!
20220312 014916.331 INFO             PET1 !!!                   ESMF_LOGKIND_Multi_On_Error  !!!
20220312 014916.331 INFO             PET1 !!!!!!!!!!!!!!!!!!!!!!!!!!!!!!!!!!!!!!!!!!!!!!!!!!!!!!
20220312 014916.331 INFO             PET1 Running with ESMF Version   : v8.3.0b09-96-g559b459836
20220312 014916.331 INFO             PET1 ESMF library build date/time: "Mar 12 2022" "01:13:12"
20220312 014916.331 INFO             PET1 ESMF library build location : /gpfsm/dnb04/projects/p98/mpotts/esmf/intel_2020_intelmpi_O_jedwards_pio_update2
20220312 014916.331 INFO             PET1 ESMF_COMM                   : intelmpi
20220312 014916.331 INFO             PET1 ESMF_MOAB                   : enabled
20220312 014916.331 INFO             PET1 ESMF_LAPACK                 : enabled
20220312 014916.331 INFO             PET1 ESMF_NETCDF                 : enabled
20220312 014916.331 INFO             PET1 ESMF_PNETCDF                : disabled
20220312 014916.331 INFO             PET1 ESMF_PIO                    : enabled
20220312 014916.331 INFO             PET1 ESMF_YAMLCPP                : enabled
20220312 014916.386 INFO             PET1 PIOc_sync Enter - MemInfo: [/proc/meminfo - SSI]	MemTotal:       131394444 kB
20220312 014916.386 INFO             PET1 PIOc_sync Enter - MemInfo: [/proc/meminfo - SSI]	MemFree:        118710136 kB
20220312 014916.386 INFO             PET1 PIOc_sync Enter - MemInfo: [/proc/meminfo - SSI]	MemAvailable:   118417764 kB
20220312 014916.386 INFO             PET1 PIOc_sync Enter - MemInfo: [/proc/meminfo - SSI]	Committed_AS:    3892580 kB
20220312 014916.386 INFO             PET1 PIOc_sync Enter - MemInfo: [/proc/meminfo - SSI]	CommittedPercent: 2.96251 %
20220312 014916.386 INFO             PET1 PIOc_sync Enter - MemInfo: [/proc/self/status]	VmPeak:	 3798384 kB
20220312 014916.386 INFO             PET1 PIOc_sync Enter - MemInfo: [/proc/self/status]	VmSize:	 3796636 kB
20220312 014916.386 INFO             PET1 PIOc_sync Enter - MemInfo: [/proc/self/status]	VmLck:	       0 kB
20220312 014916.386 INFO             PET1 PIOc_sync Enter - MemInfo: [/proc/self/status]	VmPin:	   82140 kB
20220312 014916.386 INFO             PET1 PIOc_sync Enter - MemInfo: [/proc/self/status]	VmHWM:	  145596 kB
20220312 014916.386 INFO             PET1 PIOc_sync Enter - MemInfo: [/proc/self/status]	VmRSS:	  145596 kB
20220312 014916.386 INFO             PET1 PIOc_sync Enter - MemInfo: [/proc/self/status]	VmData:	  266704 kB
20220312 014916.386 INFO             PET1 PIOc_sync Enter - MemInfo: [/proc/self/status]	VmStk:	     512 kB
20220312 014916.386 INFO             PET1 PIOc_sync Enter - MemInfo: [/proc/self/status]	VmExe:	    1976 kB
20220312 014916.386 INFO             PET1 PIOc_sync Enter - MemInfo: [/proc/self/status]	VmLib:	  104128 kB
20220312 014916.386 INFO             PET1 PIOc_sync Enter - MemInfo: [/proc/self/status]	VmPTE:	     688 kB
20220312 014916.386 INFO             PET1 PIOc_sync Enter - MemInfo: [/proc/self/status]	VmPMD:	      28 kB
20220312 014916.386 INFO             PET1 PIOc_sync Enter - MemInfo: [/proc/self/status]	VmSwap:	       0 kB
20220312 014916.386 INFO             PET1 PIOc_sync Enter - MemInfo: [/proc/self/status]	VmRSSPercent: 0.110808 %
20220312 014916.386 INFO             PET1 PIOc_sync Enter - MemInfo: [malloc] Non-mmapped space allocated:                 2981888 Byte
20220312 014916.386 INFO             PET1 PIOc_sync Enter - MemInfo: [malloc] Space allocated in mmapped regions:         85999616 Byte
20220312 014916.386 INFO             PET1 PIOc_sync Enter - MemInfo: [malloc] Maximum total allocated space:                     0 Byte
20220312 014916.386 INFO             PET1 PIOc_sync Enter - MemInfo: [malloc] Space in freed fastbin blocks:                   112 Byte
20220312 014916.386 INFO             PET1 PIOc_sync Enter - MemInfo: [malloc] Total allocated space:                       2574080 Byte
20220312 014916.386 INFO             PET1 PIOc_sync Enter - MemInfo: [malloc] Total free space:                             407808 Byte
20220312 014916.386 INFO             PET1 PIOc_sync Enter - MemInfo: [malloc] Top-most, releasable space:                   274992 Byte
20220312 014916.386 INFO             PET1 PIOc_sync Enter - MemInfo: [malloc] Total space in use, mmap + non-mmap:        88573696 Byte
20220312 014916.386 INFO             PET1 PIOc_sync Enter - MemInfo: [malloc] Total space held (mmap + non-mmap):         88981504 Byte
20220312 014916.386 INFO             PET1 PIOc_sync Enter - MemInfo: [malloc] Total space used (mmap + non-mmap):         88583056 Byte
20220312 014916.386 INFO             PET1 PIOc_sync Enter - MemInfo: Wall-clock time since execution start:              0.0677617 seconds
20220312 014916.387 INFO             PET1 PIOc_sync Exit - MemInfo: [/proc/meminfo - SSI]	MemTotal:       131394444 kB
20220312 014916.387 INFO             PET1 PIOc_sync Exit - MemInfo: [/proc/meminfo - SSI]	MemFree:        118710136 kB
20220312 014916.387 INFO             PET1 PIOc_sync Exit - MemInfo: [/proc/meminfo - SSI]	MemAvailable:   118417764 kB
20220312 014916.387 INFO             PET1 PIOc_sync Exit - MemInfo: [/proc/meminfo - SSI]	Committed_AS:    3892580 kB
20220312 014916.387 INFO             PET1 PIOc_sync Exit - MemInfo: [/proc/meminfo - SSI]	CommittedPercent: 2.96251 %
20220312 014916.387 INFO             PET1 PIOc_sync Exit - MemInfo: [/proc/self/status]	VmPeak:	 3798384 kB
20220312 014916.387 INFO             PET1 PIOc_sync Exit - MemInfo: [/proc/self/status]	VmSize:	 3796636 kB
20220312 014916.387 INFO             PET1 PIOc_sync Exit - MemInfo: [/proc/self/status]	VmLck:	       0 kB
20220312 014916.387 INFO             PET1 PIOc_sync Exit - MemInfo: [/proc/self/status]	VmPin:	   82140 kB
20220312 014916.387 INFO             PET1 PIOc_sync Exit - MemInfo: [/proc/self/status]	VmHWM:	  145708 kB
20220312 014916.387 INFO             PET1 PIOc_sync Exit - MemInfo: [/proc/self/status]	VmRSS:	  145708 kB
20220312 014916.387 INFO             PET1 PIOc_sync Exit - MemInfo: [/proc/self/status]	VmData:	  266704 kB
20220312 014916.387 INFO             PET1 PIOc_sync Exit - MemInfo: [/proc/self/status]	VmStk:	     512 kB
20220312 014916.387 INFO             PET1 PIOc_sync Exit - MemInfo: [/proc/self/status]	VmExe:	    1976 kB
20220312 014916.387 INFO             PET1 PIOc_sync Exit - MemInfo: [/proc/self/status]	VmLib:	  104128 kB
20220312 014916.387 INFO             PET1 PIOc_sync Exit - MemInfo: [/proc/self/status]	VmPTE:	     688 kB
20220312 014916.387 INFO             PET1 PIOc_sync Exit - MemInfo: [/proc/self/status]	VmPMD:	      28 kB
20220312 014916.387 INFO             PET1 PIOc_sync Exit - MemInfo: [/proc/self/status]	VmSwap:	       0 kB
20220312 014916.387 INFO             PET1 PIOc_sync Exit - MemInfo: [/proc/self/status]	VmRSSPercent: 0.110894 %
20220312 014916.387 INFO             PET1 PIOc_sync Exit - MemInfo: [malloc] Non-mmapped space allocated:                 2981888 Byte
20220312 014916.387 INFO             PET1 PIOc_sync Exit - MemInfo: [malloc] Space allocated in mmapped regions:         85999616 Byte
20220312 014916.387 INFO             PET1 PIOc_sync Exit - MemInfo: [malloc] Maximum total allocated space:                     0 Byte
20220312 014916.387 INFO             PET1 PIOc_sync Exit - MemInfo: [malloc] Space in freed fastbin blocks:                   112 Byte
20220312 014916.387 INFO             PET1 PIOc_sync Exit - MemInfo: [malloc] Total allocated space:                       2573296 Byte
20220312 014916.387 INFO             PET1 PIOc_sync Exit - MemInfo: [malloc] Total free space:                             408592 Byte
20220312 014916.387 INFO             PET1 PIOc_sync Exit - MemInfo: [malloc] Top-most, releasable space:                   275520 Byte
20220312 014916.387 INFO             PET1 PIOc_sync Exit - MemInfo: [malloc] Total space in use, mmap + non-mmap:        88572912 Byte
20220312 014916.387 INFO             PET1 PIOc_sync Exit - MemInfo: [malloc] Total space held (mmap + non-mmap):         88981504 Byte
20220312 014916.387 INFO             PET1 PIOc_sync Exit - MemInfo: [malloc] Total space used (mmap + non-mmap):         88582272 Byte
20220312 014916.387 INFO             PET1 PIOc_sync Exit - MemInfo: Wall-clock time since execution start:              0.0684445 seconds
20220312 014916.387 INFO             PET1 PIOc_freedecomp Enter - MemInfo: [/proc/meminfo - SSI]	MemTotal:       131394444 kB
20220312 014916.387 INFO             PET1 PIOc_freedecomp Enter - MemInfo: [/proc/meminfo - SSI]	MemFree:        118711348 kB
20220312 014916.387 INFO             PET1 PIOc_freedecomp Enter - MemInfo: [/proc/meminfo - SSI]	MemAvailable:   118418976 kB
20220312 014916.387 INFO             PET1 PIOc_freedecomp Enter - MemInfo: [/proc/meminfo - SSI]	Committed_AS:    3892580 kB
20220312 014916.387 INFO             PET1 PIOc_freedecomp Enter - MemInfo: [/proc/meminfo - SSI]	CommittedPercent: 2.96251 %
20220312 014916.387 INFO             PET1 PIOc_freedecomp Enter - MemInfo: [/proc/self/status]	VmPeak:	 3798384 kB
20220312 014916.387 INFO             PET1 PIOc_freedecomp Enter - MemInfo: [/proc/self/status]	VmSize:	 3796636 kB
20220312 014916.387 INFO             PET1 PIOc_freedecomp Enter - MemInfo: [/proc/self/status]	VmLck:	       0 kB
20220312 014916.387 INFO             PET1 PIOc_freedecomp Enter - MemInfo: [/proc/self/status]	VmPin:	   82140 kB
20220312 014916.387 INFO             PET1 PIOc_freedecomp Enter - MemInfo: [/proc/self/status]	VmHWM:	  145712 kB
20220312 014916.387 INFO             PET1 PIOc_freedecomp Enter - MemInfo: [/proc/self/status]	VmRSS:	  145712 kB
20220312 014916.387 INFO             PET1 PIOc_freedecomp Enter - MemInfo: [/proc/self/status]	VmData:	  266704 kB
20220312 014916.387 INFO             PET1 PIOc_freedecomp Enter - MemInfo: [/proc/self/status]	VmStk:	     512 kB
20220312 014916.387 INFO             PET1 PIOc_freedecomp Enter - MemInfo: [/proc/self/status]	VmExe:	    1976 kB
20220312 014916.387 INFO             PET1 PIOc_freedecomp Enter - MemInfo: [/proc/self/status]	VmLib:	  104128 kB
20220312 014916.387 INFO             PET1 PIOc_freedecomp Enter - MemInfo: [/proc/self/status]	VmPTE:	     688 kB
20220312 014916.387 INFO             PET1 PIOc_freedecomp Enter - MemInfo: [/proc/self/status]	VmPMD:	      28 kB
20220312 014916.387 INFO             PET1 PIOc_freedecomp Enter - MemInfo: [/proc/self/status]	VmSwap:	       0 kB
20220312 014916.387 INFO             PET1 PIOc_freedecomp Enter - MemInfo: [/proc/self/status]	VmRSSPercent: 0.110897 %
20220312 014916.387 INFO             PET1 PIOc_freedecomp Enter - MemInfo: [malloc] Non-mmapped space allocated:                 2981888 Byte
20220312 014916.387 INFO             PET1 PIOc_freedecomp Enter - MemInfo: [malloc] Space allocated in mmapped regions:         85999616 Byte
20220312 014916.387 INFO             PET1 PIOc_freedecomp Enter - MemInfo: [malloc] Maximum total allocated space:                     0 Byte
20220312 014916.387 INFO             PET1 PIOc_freedecomp Enter - MemInfo: [malloc] Space in freed fastbin blocks:                   368 Byte
20220312 014916.387 INFO             PET1 PIOc_freedecomp Enter - MemInfo: [malloc] Total allocated space:                       2571680 Byte
20220312 014916.387 INFO             PET1 PIOc_freedecomp Enter - MemInfo: [malloc] Total free space:                             410208 Byte
20220312 014916.387 INFO             PET1 PIOc_freedecomp Enter - MemInfo: [malloc] Top-most, releasable space:                   276672 Byte
20220312 014916.387 INFO             PET1 PIOc_freedecomp Enter - MemInfo: [malloc] Total space in use, mmap + non-mmap:        88571296 Byte
20220312 014916.387 INFO             PET1 PIOc_freedecomp Enter - MemInfo: [malloc] Total space held (mmap + non-mmap):         88981504 Byte
20220312 014916.387 INFO             PET1 PIOc_freedecomp Enter - MemInfo: [malloc] Total space used (mmap + non-mmap):         88580656 Byte
20220312 014916.387 INFO             PET1 PIOc_freedecomp Enter - MemInfo: Wall-clock time since execution start:              0.0689109 seconds
20220312 014916.387 INFO             PET1 PIOc_freedecomp Exit - MemInfo: [/proc/meminfo - SSI]	MemTotal:       131394444 kB
20220312 014916.387 INFO             PET1 PIOc_freedecomp Exit - MemInfo: [/proc/meminfo - SSI]	MemFree:        118711348 kB
20220312 014916.387 INFO             PET1 PIOc_freedecomp Exit - MemInfo: [/proc/meminfo - SSI]	MemAvailable:   118418976 kB
20220312 014916.387 INFO             PET1 PIOc_freedecomp Exit - MemInfo: [/proc/meminfo - SSI]	Committed_AS:    3892580 kB
20220312 014916.387 INFO             PET1 PIOc_freedecomp Exit - MemInfo: [/proc/meminfo - SSI]	CommittedPercent: 2.96251 %
20220312 014916.387 INFO             PET1 PIOc_freedecomp Exit - MemInfo: [/proc/self/status]	VmPeak:	 3798384 kB
20220312 014916.387 INFO             PET1 PIOc_freedecomp Exit - MemInfo: [/proc/self/status]	VmSize:	 3796636 kB
20220312 014916.387 INFO             PET1 PIOc_freedecomp Exit - MemInfo: [/proc/self/status]	VmLck:	       0 kB
20220312 014916.387 INFO             PET1 PIOc_freedecomp Exit - MemInfo: [/proc/self/status]	VmPin:	   82140 kB
20220312 014916.387 INFO             PET1 PIOc_freedecomp Exit - MemInfo: [/proc/self/status]	VmHWM:	  145712 kB
20220312 014916.387 INFO             PET1 PIOc_freedecomp Exit - MemInfo: [/proc/self/status]	VmRSS:	  145712 kB
20220312 014916.387 INFO             PET1 PIOc_freedecomp Exit - MemInfo: [/proc/self/status]	VmData:	  266704 kB
20220312 014916.387 INFO             PET1 PIOc_freedecomp Exit - MemInfo: [/proc/self/status]	VmStk:	     512 kB
20220312 014916.387 INFO             PET1 PIOc_freedecomp Exit - MemInfo: [/proc/self/status]	VmExe:	    1976 kB
20220312 014916.387 INFO             PET1 PIOc_freedecomp Exit - MemInfo: [/proc/self/status]	VmLib:	  104128 kB
20220312 014916.387 INFO             PET1 PIOc_freedecomp Exit - MemInfo: [/proc/self/status]	VmPTE:	     688 kB
20220312 014916.387 INFO             PET1 PIOc_freedecomp Exit - MemInfo: [/proc/self/status]	VmPMD:	      28 kB
20220312 014916.387 INFO             PET1 PIOc_freedecomp Exit - MemInfo: [/proc/self/status]	VmSwap:	       0 kB
20220312 014916.387 INFO             PET1 PIOc_freedecomp Exit - MemInfo: [/proc/self/status]	VmRSSPercent: 0.110897 %
20220312 014916.387 INFO             PET1 PIOc_freedecomp Exit - MemInfo: [malloc] Non-mmapped space allocated:                 2981888 Byte
20220312 014916.388 INFO             PET1 PIOc_freedecomp Exit - MemInfo: [malloc] Space allocated in mmapped regions:         85999616 Byte
20220312 014916.388 INFO             PET1 PIOc_freedecomp Exit - MemInfo: [malloc] Maximum total allocated space:                     0 Byte
20220312 014916.388 INFO             PET1 PIOc_freedecomp Exit - MemInfo: [malloc] Space in freed fastbin blocks:                   272 Byte
20220312 014916.388 INFO             PET1 PIOc_freedecomp Exit - MemInfo: [malloc] Total allocated space:                       2570400 Byte
20220312 014916.388 INFO             PET1 PIOc_freedecomp Exit - MemInfo: [malloc] Total free space:                             411488 Byte
20220312 014916.388 INFO             PET1 PIOc_freedecomp Exit - MemInfo: [malloc] Top-most, releasable space:                   277984 Byte
20220312 014916.388 INFO             PET1 PIOc_freedecomp Exit - MemInfo: [malloc] Total space in use, mmap + non-mmap:        88570016 Byte
20220312 014916.388 INFO             PET1 PIOc_freedecomp Exit - MemInfo: [malloc] Total space held (mmap + non-mmap):         88981504 Byte
20220312 014916.388 INFO             PET1 PIOc_freedecomp Exit - MemInfo: [malloc] Total space used (mmap + non-mmap):         88579376 Byte
20220312 014916.388 INFO             PET1 PIOc_freedecomp Exit - MemInfo: Wall-clock time since execution start:              0.0692052 seconds
20220312 014916.389 INFO             PET1 PIOc_sync Enter - MemInfo: [/proc/meminfo - SSI]	MemTotal:       131394444 kB
20220312 014916.389 INFO             PET1 PIOc_sync Enter - MemInfo: [/proc/meminfo - SSI]	MemFree:        118711348 kB
20220312 014916.389 INFO             PET1 PIOc_sync Enter - MemInfo: [/proc/meminfo - SSI]	MemAvailable:   118418976 kB
20220312 014916.389 INFO             PET1 PIOc_sync Enter - MemInfo: [/proc/meminfo - SSI]	Committed_AS:    3892580 kB
20220312 014916.389 INFO             PET1 PIOc_sync Enter - MemInfo: [/proc/meminfo - SSI]	CommittedPercent: 2.96251 %
20220312 014916.389 INFO             PET1 PIOc_sync Enter - MemInfo: [/proc/self/status]	VmPeak:	 3798384 kB
20220312 014916.389 INFO             PET1 PIOc_sync Enter - MemInfo: [/proc/self/status]	VmSize:	 3796636 kB
20220312 014916.389 INFO             PET1 PIOc_sync Enter - MemInfo: [/proc/self/status]	VmLck:	       0 kB
20220312 014916.389 INFO             PET1 PIOc_sync Enter - MemInfo: [/proc/self/status]	VmPin:	   82140 kB
20220312 014916.389 INFO             PET1 PIOc_sync Enter - MemInfo: [/proc/self/status]	VmHWM:	  145864 kB
20220312 014916.389 INFO             PET1 PIOc_sync Enter - MemInfo: [/proc/self/status]	VmRSS:	  145864 kB
20220312 014916.389 INFO             PET1 PIOc_sync Enter - MemInfo: [/proc/self/status]	VmData:	  266704 kB
20220312 014916.389 INFO             PET1 PIOc_sync Enter - MemInfo: [/proc/self/status]	VmStk:	     512 kB
20220312 014916.389 INFO             PET1 PIOc_sync Enter - MemInfo: [/proc/self/status]	VmExe:	    1976 kB
20220312 014916.389 INFO             PET1 PIOc_sync Enter - MemInfo: [/proc/self/status]	VmLib:	  104128 kB
20220312 014916.389 INFO             PET1 PIOc_sync Enter - MemInfo: [/proc/self/status]	VmPTE:	     688 kB
20220312 014916.389 INFO             PET1 PIOc_sync Enter - MemInfo: [/proc/self/status]	VmPMD:	      28 kB
20220312 014916.389 INFO             PET1 PIOc_sync Enter - MemInfo: [/proc/self/status]	VmSwap:	       0 kB
20220312 014916.389 INFO             PET1 PIOc_sync Enter - MemInfo: [/proc/self/status]	VmRSSPercent: 0.111012 %
20220312 014916.389 INFO             PET1 PIOc_sync Enter - MemInfo: [malloc] Non-mmapped space allocated:                 2981888 Byte
20220312 014916.389 INFO             PET1 PIOc_sync Enter - MemInfo: [malloc] Space allocated in mmapped regions:         85999616 Byte
20220312 014916.389 INFO             PET1 PIOc_sync Enter - MemInfo: [malloc] Maximum total allocated space:                     0 Byte
20220312 014916.389 INFO             PET1 PIOc_sync Enter - MemInfo: [malloc] Space in freed fastbin blocks:                   512 Byte
20220312 014916.389 INFO             PET1 PIOc_sync Enter - MemInfo: [malloc] Total allocated space:                       2574240 Byte
20220312 014916.389 INFO             PET1 PIOc_sync Enter - MemInfo: [malloc] Total free space:                             407648 Byte
20220312 014916.389 INFO             PET1 PIOc_sync Enter - MemInfo: [malloc] Top-most, releasable space:                   274288 Byte
20220312 014916.389 INFO             PET1 PIOc_sync Enter - MemInfo: [malloc] Total space in use, mmap + non-mmap:        88573856 Byte
20220312 014916.389 INFO             PET1 PIOc_sync Enter - MemInfo: [malloc] Total space held (mmap + non-mmap):         88981504 Byte
20220312 014916.389 INFO             PET1 PIOc_sync Enter - MemInfo: [malloc] Total space used (mmap + non-mmap):         88583216 Byte
20220312 014916.389 INFO             PET1 PIOc_sync Enter - MemInfo: Wall-clock time since execution start:               0.070718 seconds
20220312 014916.390 INFO             PET1 PIOc_sync Exit - MemInfo: [/proc/meminfo - SSI]	MemTotal:       131394444 kB
20220312 014916.390 INFO             PET1 PIOc_sync Exit - MemInfo: [/proc/meminfo - SSI]	MemFree:        118711348 kB
20220312 014916.390 INFO             PET1 PIOc_sync Exit - MemInfo: [/proc/meminfo - SSI]	MemAvailable:   118418976 kB
20220312 014916.390 INFO             PET1 PIOc_sync Exit - MemInfo: [/proc/meminfo - SSI]	Committed_AS:    3892580 kB
20220312 014916.390 INFO             PET1 PIOc_sync Exit - MemInfo: [/proc/meminfo - SSI]	CommittedPercent: 2.96251 %
20220312 014916.390 INFO             PET1 PIOc_sync Exit - MemInfo: [/proc/self/status]	VmPeak:	 3798384 kB
20220312 014916.390 INFO             PET1 PIOc_sync Exit - MemInfo: [/proc/self/status]	VmSize:	 3796636 kB
20220312 014916.390 INFO             PET1 PIOc_sync Exit - MemInfo: [/proc/self/status]	VmLck:	       0 kB
20220312 014916.390 INFO             PET1 PIOc_sync Exit - MemInfo: [/proc/self/status]	VmPin:	   82140 kB
20220312 014916.390 INFO             PET1 PIOc_sync Exit - MemInfo: [/proc/self/status]	VmHWM:	  145868 kB
20220312 014916.390 INFO             PET1 PIOc_sync Exit - MemInfo: [/proc/self/status]	VmRSS:	  145868 kB
20220312 014916.390 INFO             PET1 PIOc_sync Exit - MemInfo: [/proc/self/status]	VmData:	  266704 kB
20220312 014916.390 INFO             PET1 PIOc_sync Exit - MemInfo: [/proc/self/status]	VmStk:	     512 kB
20220312 014916.390 INFO             PET1 PIOc_sync Exit - MemInfo: [/proc/self/status]	VmExe:	    1976 kB
20220312 014916.390 INFO             PET1 PIOc_sync Exit - MemInfo: [/proc/self/status]	VmLib:	  104128 kB
20220312 014916.390 INFO             PET1 PIOc_sync Exit - MemInfo: [/proc/self/status]	VmPTE:	     688 kB
20220312 014916.390 INFO             PET1 PIOc_sync Exit - MemInfo: [/proc/self/status]	VmPMD:	      28 kB
20220312 014916.390 INFO             PET1 PIOc_sync Exit - MemInfo: [/proc/self/status]	VmSwap:	       0 kB
20220312 014916.390 INFO             PET1 PIOc_sync Exit - MemInfo: [/proc/self/status]	VmRSSPercent: 0.111015 %
20220312 014916.390 INFO             PET1 PIOc_sync Exit - MemInfo: [malloc] Non-mmapped space allocated:                 2981888 Byte
20220312 014916.390 INFO             PET1 PIOc_sync Exit - MemInfo: [malloc] Space allocated in mmapped regions:         85999616 Byte
20220312 014916.390 INFO             PET1 PIOc_sync Exit - MemInfo: [malloc] Maximum total allocated space:                     0 Byte
20220312 014916.390 INFO             PET1 PIOc_sync Exit - MemInfo: [malloc] Space in freed fastbin blocks:                   352 Byte
20220312 014916.390 INFO             PET1 PIOc_sync Exit - MemInfo: [malloc] Total allocated space:                       2573456 Byte
20220312 014916.390 INFO             PET1 PIOc_sync Exit - MemInfo: [malloc] Total free space:                             408432 Byte
20220312 014916.390 INFO             PET1 PIOc_sync Exit - MemInfo: [malloc] Top-most, releasable space:                   274928 Byte
20220312 014916.390 INFO             PET1 PIOc_sync Exit - MemInfo: [malloc] Total space in use, mmap + non-mmap:        88573072 Byte
20220312 014916.390 INFO             PET1 PIOc_sync Exit - MemInfo: [malloc] Total space held (mmap + non-mmap):         88981504 Byte
20220312 014916.390 INFO             PET1 PIOc_sync Exit - MemInfo: [malloc] Total space used (mmap + non-mmap):         88582432 Byte
20220312 014916.390 INFO             PET1 PIOc_sync Exit - MemInfo: Wall-clock time since execution start:              0.0714039 seconds
20220312 014916.390 INFO             PET1 PIOc_freedecomp Enter - MemInfo: [/proc/meminfo - SSI]	MemTotal:       131394444 kB
20220312 014916.390 INFO             PET1 PIOc_freedecomp Enter - MemInfo: [/proc/meminfo - SSI]	MemFree:        118711348 kB
20220312 014916.390 INFO             PET1 PIOc_freedecomp Enter - MemInfo: [/proc/meminfo - SSI]	MemAvailable:   118418976 kB
20220312 014916.390 INFO             PET1 PIOc_freedecomp Enter - MemInfo: [/proc/meminfo - SSI]	Committed_AS:    3892580 kB
20220312 014916.390 INFO             PET1 PIOc_freedecomp Enter - MemInfo: [/proc/meminfo - SSI]	CommittedPercent: 2.96251 %
20220312 014916.390 INFO             PET1 PIOc_freedecomp Enter - MemInfo: [/proc/self/status]	VmPeak:	 3798384 kB
20220312 014916.390 INFO             PET1 PIOc_freedecomp Enter - MemInfo: [/proc/self/status]	VmSize:	 3796636 kB
20220312 014916.390 INFO             PET1 PIOc_freedecomp Enter - MemInfo: [/proc/self/status]	VmLck:	       0 kB
20220312 014916.390 INFO             PET1 PIOc_freedecomp Enter - MemInfo: [/proc/self/status]	VmPin:	   82140 kB
20220312 014916.390 INFO             PET1 PIOc_freedecomp Enter - MemInfo: [/proc/self/status]	VmHWM:	  145868 kB
20220312 014916.390 INFO             PET1 PIOc_freedecomp Enter - MemInfo: [/proc/self/status]	VmRSS:	  145868 kB
20220312 014916.390 INFO             PET1 PIOc_freedecomp Enter - MemInfo: [/proc/self/status]	VmData:	  266704 kB
20220312 014916.390 INFO             PET1 PIOc_freedecomp Enter - MemInfo: [/proc/self/status]	VmStk:	     512 kB
20220312 014916.390 INFO             PET1 PIOc_freedecomp Enter - MemInfo: [/proc/self/status]	VmExe:	    1976 kB
20220312 014916.390 INFO             PET1 PIOc_freedecomp Enter - MemInfo: [/proc/self/status]	VmLib:	  104128 kB
20220312 014916.390 INFO             PET1 PIOc_freedecomp Enter - MemInfo: [/proc/self/status]	VmPTE:	     688 kB
20220312 014916.390 INFO             PET1 PIOc_freedecomp Enter - MemInfo: [/proc/self/status]	VmPMD:	      28 kB
20220312 014916.390 INFO             PET1 PIOc_freedecomp Enter - MemInfo: [/proc/self/status]	VmSwap:	       0 kB
20220312 014916.390 INFO             PET1 PIOc_freedecomp Enter - MemInfo: [/proc/self/status]	VmRSSPercent: 0.111015 %
20220312 014916.390 INFO             PET1 PIOc_freedecomp Enter - MemInfo: [malloc] Non-mmapped space allocated:                 2981888 Byte
20220312 014916.390 INFO             PET1 PIOc_freedecomp Enter - MemInfo: [malloc] Space allocated in mmapped regions:         85999616 Byte
20220312 014916.390 INFO             PET1 PIOc_freedecomp Enter - MemInfo: [malloc] Maximum total allocated space:                     0 Byte
20220312 014916.390 INFO             PET1 PIOc_freedecomp Enter - MemInfo: [malloc] Space in freed fastbin blocks:                   272 Byte
20220312 014916.390 INFO             PET1 PIOc_freedecomp Enter - MemInfo: [malloc] Total allocated space:                       2571680 Byte
20220312 014916.390 INFO             PET1 PIOc_freedecomp Enter - MemInfo: [malloc] Total free space:                             410208 Byte
20220312 014916.390 INFO             PET1 PIOc_freedecomp Enter - MemInfo: [malloc] Top-most, releasable space:                   275904 Byte
20220312 014916.390 INFO             PET1 PIOc_freedecomp Enter - MemInfo: [malloc] Total space in use, mmap + non-mmap:        88571296 Byte
20220312 014916.390 INFO             PET1 PIOc_freedecomp Enter - MemInfo: [malloc] Total space held (mmap + non-mmap):         88981504 Byte
20220312 014916.390 INFO             PET1 PIOc_freedecomp Enter - MemInfo: [malloc] Total space used (mmap + non-mmap):         88580656 Byte
20220312 014916.390 INFO             PET1 PIOc_freedecomp Enter - MemInfo: Wall-clock time since execution start:              0.0718558 seconds
20220312 014916.390 INFO             PET1 PIOc_freedecomp Exit - MemInfo: [/proc/meminfo - SSI]	MemTotal:       131394444 kB
20220312 014916.390 INFO             PET1 PIOc_freedecomp Exit - MemInfo: [/proc/meminfo - SSI]	MemFree:        118711348 kB
20220312 014916.390 INFO             PET1 PIOc_freedecomp Exit - MemInfo: [/proc/meminfo - SSI]	MemAvailable:   118418976 kB
20220312 014916.390 INFO             PET1 PIOc_freedecomp Exit - MemInfo: [/proc/meminfo - SSI]	Committed_AS:    3892580 kB
20220312 014916.390 INFO             PET1 PIOc_freedecomp Exit - MemInfo: [/proc/meminfo - SSI]	CommittedPercent: 2.96251 %
20220312 014916.390 INFO             PET1 PIOc_freedecomp Exit - MemInfo: [/proc/self/status]	VmPeak:	 3798384 kB
20220312 014916.390 INFO             PET1 PIOc_freedecomp Exit - MemInfo: [/proc/self/status]	VmSize:	 3796636 kB
20220312 014916.390 INFO             PET1 PIOc_freedecomp Exit - MemInfo: [/proc/self/status]	VmLck:	       0 kB
20220312 014916.390 INFO             PET1 PIOc_freedecomp Exit - MemInfo: [/proc/self/status]	VmPin:	   82140 kB
20220312 014916.390 INFO             PET1 PIOc_freedecomp Exit - MemInfo: [/proc/self/status]	VmHWM:	  145868 kB
20220312 014916.390 INFO             PET1 PIOc_freedecomp Exit - MemInfo: [/proc/self/status]	VmRSS:	  145868 kB
20220312 014916.390 INFO             PET1 PIOc_freedecomp Exit - MemInfo: [/proc/self/status]	VmData:	  266704 kB
20220312 014916.390 INFO             PET1 PIOc_freedecomp Exit - MemInfo: [/proc/self/status]	VmStk:	     512 kB
20220312 014916.390 INFO             PET1 PIOc_freedecomp Exit - MemInfo: [/proc/self/status]	VmExe:	    1976 kB
20220312 014916.390 INFO             PET1 PIOc_freedecomp Exit - MemInfo: [/proc/self/status]	VmLib:	  104128 kB
20220312 014916.390 INFO             PET1 PIOc_freedecomp Exit - MemInfo: [/proc/self/status]	VmPTE:	     688 kB
20220312 014916.390 INFO             PET1 PIOc_freedecomp Exit - MemInfo: [/proc/self/status]	VmPMD:	      28 kB
20220312 014916.390 INFO             PET1 PIOc_freedecomp Exit - MemInfo: [/proc/self/status]	VmSwap:	       0 kB
20220312 014916.390 INFO             PET1 PIOc_freedecomp Exit - MemInfo: [/proc/self/status]	VmRSSPercent: 0.111015 %
20220312 014916.390 INFO             PET1 PIOc_freedecomp Exit - MemInfo: [malloc] Non-mmapped space allocated:                 2981888 Byte
20220312 014916.390 INFO             PET1 PIOc_freedecomp Exit - MemInfo: [malloc] Space allocated in mmapped regions:         85999616 Byte
20220312 014916.390 INFO             PET1 PIOc_freedecomp Exit - MemInfo: [malloc] Maximum total allocated space:                     0 Byte
20220312 014916.390 INFO             PET1 PIOc_freedecomp Exit - MemInfo: [malloc] Space in freed fastbin blocks:                   816 Byte
20220312 014916.390 INFO             PET1 PIOc_freedecomp Exit - MemInfo: [malloc] Total allocated space:                       2570400 Byte
20220312 014916.390 INFO             PET1 PIOc_freedecomp Exit - MemInfo: [malloc] Total free space:                             411488 Byte
20220312 014916.390 INFO             PET1 PIOc_freedecomp Exit - MemInfo: [malloc] Top-most, releasable space:                   275904 Byte
20220312 014916.390 INFO             PET1 PIOc_freedecomp Exit - MemInfo: [malloc] Total space in use, mmap + non-mmap:        88570016 Byte
20220312 014916.390 INFO             PET1 PIOc_freedecomp Exit - MemInfo: [malloc] Total space held (mmap + non-mmap):         88981504 Byte
20220312 014916.390 INFO             PET1 PIOc_freedecomp Exit - MemInfo: [malloc] Total space used (mmap + non-mmap):         88579376 Byte
20220312 014916.390 INFO             PET1 PIOc_freedecomp Exit - MemInfo: Wall-clock time since execution start:              0.0721361 seconds
20220312 014916.391 INFO             PET1 PIOc_sync Enter - MemInfo: [/proc/meminfo - SSI]	MemTotal:       131394444 kB
20220312 014916.391 INFO             PET1 PIOc_sync Enter - MemInfo: [/proc/meminfo - SSI]	MemFree:        118710384 kB
20220312 014916.391 INFO             PET1 PIOc_sync Enter - MemInfo: [/proc/meminfo - SSI]	MemAvailable:   118418012 kB
20220312 014916.391 INFO             PET1 PIOc_sync Enter - MemInfo: [/proc/meminfo - SSI]	Committed_AS:    3892580 kB
20220312 014916.391 INFO             PET1 PIOc_sync Enter - MemInfo: [/proc/meminfo - SSI]	CommittedPercent: 2.96251 %
20220312 014916.392 INFO             PET1 PIOc_sync Enter - MemInfo: [/proc/self/status]	VmPeak:	 3798384 kB
20220312 014916.392 INFO             PET1 PIOc_sync Enter - MemInfo: [/proc/self/status]	VmSize:	 3796636 kB
20220312 014916.392 INFO             PET1 PIOc_sync Enter - MemInfo: [/proc/self/status]	VmLck:	       0 kB
20220312 014916.392 INFO             PET1 PIOc_sync Enter - MemInfo: [/proc/self/status]	VmPin:	   82140 kB
20220312 014916.392 INFO             PET1 PIOc_sync Enter - MemInfo: [/proc/self/status]	VmHWM:	  146008 kB
20220312 014916.392 INFO             PET1 PIOc_sync Enter - MemInfo: [/proc/self/status]	VmRSS:	  146008 kB
20220312 014916.392 INFO             PET1 PIOc_sync Enter - MemInfo: [/proc/self/status]	VmData:	  266704 kB
20220312 014916.392 INFO             PET1 PIOc_sync Enter - MemInfo: [/proc/self/status]	VmStk:	     512 kB
20220312 014916.392 INFO             PET1 PIOc_sync Enter - MemInfo: [/proc/self/status]	VmExe:	    1976 kB
20220312 014916.392 INFO             PET1 PIOc_sync Enter - MemInfo: [/proc/self/status]	VmLib:	  104128 kB
20220312 014916.392 INFO             PET1 PIOc_sync Enter - MemInfo: [/proc/self/status]	VmPTE:	     688 kB
20220312 014916.392 INFO             PET1 PIOc_sync Enter - MemInfo: [/proc/self/status]	VmPMD:	      28 kB
20220312 014916.392 INFO             PET1 PIOc_sync Enter - MemInfo: [/proc/self/status]	VmSwap:	       0 kB
20220312 014916.392 INFO             PET1 PIOc_sync Enter - MemInfo: [/proc/self/status]	VmRSSPercent: 0.111122 %
20220312 014916.392 INFO             PET1 PIOc_sync Enter - MemInfo: [malloc] Non-mmapped space allocated:                 2981888 Byte
20220312 014916.392 INFO             PET1 PIOc_sync Enter - MemInfo: [malloc] Space allocated in mmapped regions:         85999616 Byte
20220312 014916.392 INFO             PET1 PIOc_sync Enter - MemInfo: [malloc] Maximum total allocated space:                     0 Byte
20220312 014916.392 INFO             PET1 PIOc_sync Enter - MemInfo: [malloc] Space in freed fastbin blocks:                   512 Byte
20220312 014916.392 INFO             PET1 PIOc_sync Enter - MemInfo: [malloc] Total allocated space:                       2574400 Byte
20220312 014916.392 INFO             PET1 PIOc_sync Enter - MemInfo: [malloc] Total free space:                             407488 Byte
20220312 014916.392 INFO             PET1 PIOc_sync Enter - MemInfo: [malloc] Top-most, releasable space:                   274128 Byte
20220312 014916.392 INFO             PET1 PIOc_sync Enter - MemInfo: [malloc] Total space in use, mmap + non-mmap:        88574016 Byte
20220312 014916.392 INFO             PET1 PIOc_sync Enter - MemInfo: [malloc] Total space held (mmap + non-mmap):         88981504 Byte
20220312 014916.392 INFO             PET1 PIOc_sync Enter - MemInfo: [malloc] Total space used (mmap + non-mmap):         88583376 Byte
20220312 014916.392 INFO             PET1 PIOc_sync Enter - MemInfo: Wall-clock time since execution start:              0.0733431 seconds
20220312 014916.392 INFO             PET1 PIOc_sync Exit - MemInfo: [/proc/meminfo - SSI]	MemTotal:       131394444 kB
20220312 014916.392 INFO             PET1 PIOc_sync Exit - MemInfo: [/proc/meminfo - SSI]	MemFree:        118710384 kB
20220312 014916.392 INFO             PET1 PIOc_sync Exit - MemInfo: [/proc/meminfo - SSI]	MemAvailable:   118418012 kB
20220312 014916.392 INFO             PET1 PIOc_sync Exit - MemInfo: [/proc/meminfo - SSI]	Committed_AS:    3892580 kB
20220312 014916.392 INFO             PET1 PIOc_sync Exit - MemInfo: [/proc/meminfo - SSI]	CommittedPercent: 2.96251 %
20220312 014916.392 INFO             PET1 PIOc_sync Exit - MemInfo: [/proc/self/status]	VmPeak:	 3798384 kB
20220312 014916.392 INFO             PET1 PIOc_sync Exit - MemInfo: [/proc/self/status]	VmSize:	 3796636 kB
20220312 014916.392 INFO             PET1 PIOc_sync Exit - MemInfo: [/proc/self/status]	VmLck:	       0 kB
20220312 014916.392 INFO             PET1 PIOc_sync Exit - MemInfo: [/proc/self/status]	VmPin:	   82140 kB
20220312 014916.392 INFO             PET1 PIOc_sync Exit - MemInfo: [/proc/self/status]	VmHWM:	  146008 kB
20220312 014916.392 INFO             PET1 PIOc_sync Exit - MemInfo: [/proc/self/status]	VmRSS:	  146008 kB
20220312 014916.392 INFO             PET1 PIOc_sync Exit - MemInfo: [/proc/self/status]	VmData:	  266704 kB
20220312 014916.392 INFO             PET1 PIOc_sync Exit - MemInfo: [/proc/self/status]	VmStk:	     512 kB
20220312 014916.392 INFO             PET1 PIOc_sync Exit - MemInfo: [/proc/self/status]	VmExe:	    1976 kB
20220312 014916.392 INFO             PET1 PIOc_sync Exit - MemInfo: [/proc/self/status]	VmLib:	  104128 kB
20220312 014916.392 INFO             PET1 PIOc_sync Exit - MemInfo: [/proc/self/status]	VmPTE:	     688 kB
20220312 014916.392 INFO             PET1 PIOc_sync Exit - MemInfo: [/proc/self/status]	VmPMD:	      28 kB
20220312 014916.392 INFO             PET1 PIOc_sync Exit - MemInfo: [/proc/self/status]	VmSwap:	       0 kB
20220312 014916.392 INFO             PET1 PIOc_sync Exit - MemInfo: [/proc/self/status]	VmRSSPercent: 0.111122 %
20220312 014916.392 INFO             PET1 PIOc_sync Exit - MemInfo: [malloc] Non-mmapped space allocated:                 2981888 Byte
20220312 014916.392 INFO             PET1 PIOc_sync Exit - MemInfo: [malloc] Space allocated in mmapped regions:         85999616 Byte
20220312 014916.392 INFO             PET1 PIOc_sync Exit - MemInfo: [malloc] Maximum total allocated space:                     0 Byte
20220312 014916.392 INFO             PET1 PIOc_sync Exit - MemInfo: [malloc] Space in freed fastbin blocks:                   112 Byte
20220312 014916.392 INFO             PET1 PIOc_sync Exit - MemInfo: [malloc] Total allocated space:                       2573600 Byte
20220312 014916.392 INFO             PET1 PIOc_sync Exit - MemInfo: [malloc] Total free space:                             408288 Byte
20220312 014916.392 INFO             PET1 PIOc_sync Exit - MemInfo: [malloc] Top-most, releasable space:                   275584 Byte
20220312 014916.392 INFO             PET1 PIOc_sync Exit - MemInfo: [malloc] Total space in use, mmap + non-mmap:        88573216 Byte
20220312 014916.392 INFO             PET1 PIOc_sync Exit - MemInfo: [malloc] Total space held (mmap + non-mmap):         88981504 Byte
20220312 014916.392 INFO             PET1 PIOc_sync Exit - MemInfo: [malloc] Total space used (mmap + non-mmap):         88582576 Byte
20220312 014916.392 INFO             PET1 PIOc_sync Exit - MemInfo: Wall-clock time since execution start:              0.0737131 seconds
20220312 014916.392 INFO             PET1 PIOc_freedecomp Enter - MemInfo: [/proc/meminfo - SSI]	MemTotal:       131394444 kB
20220312 014916.392 INFO             PET1 PIOc_freedecomp Enter - MemInfo: [/proc/meminfo - SSI]	MemFree:        118710384 kB
20220312 014916.392 INFO             PET1 PIOc_freedecomp Enter - MemInfo: [/proc/meminfo - SSI]	MemAvailable:   118418012 kB
20220312 014916.392 INFO             PET1 PIOc_freedecomp Enter - MemInfo: [/proc/meminfo - SSI]	Committed_AS:    3892580 kB
20220312 014916.392 INFO             PET1 PIOc_freedecomp Enter - MemInfo: [/proc/meminfo - SSI]	CommittedPercent: 2.96251 %
20220312 014916.392 INFO             PET1 PIOc_freedecomp Enter - MemInfo: [/proc/self/status]	VmPeak:	 3798384 kB
20220312 014916.392 INFO             PET1 PIOc_freedecomp Enter - MemInfo: [/proc/self/status]	VmSize:	 3796636 kB
