build time -- 2022-03-14 01:14:31.457989
20220314 014626.266 INFO             PET0 !!!!!!!!!!!!!!!!!!!!!!!!!!!!!!!!!!!!!!!!!!!!!!!!!!!!!!
20220314 014626.266 INFO             PET0 !!! THE ESMF_LOG IS SET TO OUTPUT ALL LOG MESSAGES !!!
20220314 014626.266 INFO             PET0 !!!     THIS MAY CAUSE SLOWDOWN IN PERFORMANCE     !!!
20220314 014626.266 INFO             PET0 !!! FOR PRODUCTION RUNS, USE:                      !!!
20220314 014626.266 INFO             PET0 !!!                   ESMF_LOGKIND_Multi_On_Error  !!!
20220314 014626.266 INFO             PET0 !!!!!!!!!!!!!!!!!!!!!!!!!!!!!!!!!!!!!!!!!!!!!!!!!!!!!!
20220314 014626.266 INFO             PET0 Running with ESMF Version   : v8.3.0b09-96-g559b459836
20220314 014626.266 INFO             PET0 ESMF library build date/time: "Mar 14 2022" "01:12:17"
20220314 014626.266 INFO             PET0 ESMF library build location : /gpfsm/dnb04/projects/p98/mpotts/esmf/intel_2020_intelmpi_O_jedwards_pio_update2
20220314 014626.266 INFO             PET0 ESMF_COMM                   : intelmpi
20220314 014626.267 INFO             PET0 ESMF_MOAB                   : enabled
20220314 014626.267 INFO             PET0 ESMF_LAPACK                 : enabled
20220314 014626.267 INFO             PET0 ESMF_NETCDF                 : enabled
20220314 014626.267 INFO             PET0 ESMF_PNETCDF                : disabled
20220314 014626.267 INFO             PET0 ESMF_PIO                    : enabled
20220314 014626.267 INFO             PET0 ESMF_YAMLCPP                : enabled
20220314 014626.320 INFO             PET0 PIOc_sync Enter - MemInfo: [/proc/meminfo - SSI]	MemTotal:       131394444 kB
20220314 014626.320 INFO             PET0 PIOc_sync Enter - MemInfo: [/proc/meminfo - SSI]	MemFree:        123806420 kB
20220314 014626.320 INFO             PET0 PIOc_sync Enter - MemInfo: [/proc/meminfo - SSI]	MemAvailable:   123465496 kB
20220314 014626.320 INFO             PET0 PIOc_sync Enter - MemInfo: [/proc/meminfo - SSI]	Committed_AS:    3891548 kB
20220314 014626.320 INFO             PET0 PIOc_sync Enter - MemInfo: [/proc/meminfo - SSI]	CommittedPercent: 2.96173 %
20220314 014626.320 INFO             PET0 PIOc_sync Enter - MemInfo: [/proc/self/status]	VmPeak:	 3803616 kB
20220314 014626.320 INFO             PET0 PIOc_sync Enter - MemInfo: [/proc/self/status]	VmSize:	 3803616 kB
20220314 014626.320 INFO             PET0 PIOc_sync Enter - MemInfo: [/proc/self/status]	VmLck:	       0 kB
20220314 014626.320 INFO             PET0 PIOc_sync Enter - MemInfo: [/proc/self/status]	VmPin:	   82140 kB
20220314 014626.320 INFO             PET0 PIOc_sync Enter - MemInfo: [/proc/self/status]	VmHWM:	  150172 kB
20220314 014626.320 INFO             PET0 PIOc_sync Enter - MemInfo: [/proc/self/status]	VmRSS:	  150172 kB
20220314 014626.320 INFO             PET0 PIOc_sync Enter - MemInfo: [/proc/self/status]	VmData:	  273684 kB
20220314 014626.320 INFO             PET0 PIOc_sync Enter - MemInfo: [/proc/self/status]	VmStk:	     512 kB
20220314 014626.320 INFO             PET0 PIOc_sync Enter - MemInfo: [/proc/self/status]	VmExe:	    1976 kB
20220314 014626.320 INFO             PET0 PIOc_sync Enter - MemInfo: [/proc/self/status]	VmLib:	  104128 kB
20220314 014626.320 INFO             PET0 PIOc_sync Enter - MemInfo: [/proc/self/status]	VmPTE:	     712 kB
20220314 014626.320 INFO             PET0 PIOc_sync Enter - MemInfo: [/proc/self/status]	VmPMD:	      32 kB
20220314 014626.320 INFO             PET0 PIOc_sync Enter - MemInfo: [/proc/self/status]	VmSwap:	       0 kB
20220314 014626.320 INFO             PET0 PIOc_sync Enter - MemInfo: [/proc/self/status]	VmRSSPercent: 0.114291 %
20220314 014626.320 INFO             PET0 PIOc_sync Enter - MemInfo: [malloc] Non-mmapped space allocated:                 3305472 Byte
20220314 014626.320 INFO             PET0 PIOc_sync Enter - MemInfo: [malloc] Space allocated in mmapped regions:         88629248 Byte
20220314 014626.320 INFO             PET0 PIOc_sync Enter - MemInfo: [malloc] Maximum total allocated space:                     0 Byte
20220314 014626.320 INFO             PET0 PIOc_sync Enter - MemInfo: [malloc] Space in freed fastbin blocks:                   512 Byte
20220314 014626.320 INFO             PET0 PIOc_sync Enter - MemInfo: [malloc] Total allocated space:                       3138720 Byte
20220314 014626.320 INFO             PET0 PIOc_sync Enter - MemInfo: [malloc] Total free space:                             166752 Byte
20220314 014626.320 INFO             PET0 PIOc_sync Enter - MemInfo: [malloc] Top-most, releasable space:                    34224 Byte
20220314 014626.320 INFO             PET0 PIOc_sync Enter - MemInfo: [malloc] Total space in use, mmap + non-mmap:        91767968 Byte
20220314 014626.320 INFO             PET0 PIOc_sync Enter - MemInfo: [malloc] Total space held (mmap + non-mmap):         91934720 Byte
20220314 014626.320 INFO             PET0 PIOc_sync Enter - MemInfo: [malloc] Total space used (mmap + non-mmap):         91777328 Byte
20220314 014626.320 INFO             PET0 PIOc_sync Enter - MemInfo: Wall-clock time since execution start:              0.0662308 seconds
20220314 014626.321 INFO             PET0 PIOc_sync Exit - MemInfo: [/proc/meminfo - SSI]	MemTotal:       131394444 kB
20220314 014626.321 INFO             PET0 PIOc_sync Exit - MemInfo: [/proc/meminfo - SSI]	MemFree:        123806420 kB
20220314 014626.321 INFO             PET0 PIOc_sync Exit - MemInfo: [/proc/meminfo - SSI]	MemAvailable:   123465496 kB
20220314 014626.321 INFO             PET0 PIOc_sync Exit - MemInfo: [/proc/meminfo - SSI]	Committed_AS:    3891548 kB
20220314 014626.321 INFO             PET0 PIOc_sync Exit - MemInfo: [/proc/meminfo - SSI]	CommittedPercent: 2.96173 %
20220314 014626.321 INFO             PET0 PIOc_sync Exit - MemInfo: [/proc/self/status]	VmPeak:	 3803616 kB
20220314 014626.321 INFO             PET0 PIOc_sync Exit - MemInfo: [/proc/self/status]	VmSize:	 3803616 kB
20220314 014626.321 INFO             PET0 PIOc_sync Exit - MemInfo: [/proc/self/status]	VmLck:	       0 kB
20220314 014626.321 INFO             PET0 PIOc_sync Exit - MemInfo: [/proc/self/status]	VmPin:	   82140 kB
20220314 014626.321 INFO             PET0 PIOc_sync Exit - MemInfo: [/proc/self/status]	VmHWM:	  150332 kB
20220314 014626.321 INFO             PET0 PIOc_sync Exit - MemInfo: [/proc/self/status]	VmRSS:	  150332 kB
20220314 014626.321 INFO             PET0 PIOc_sync Exit - MemInfo: [/proc/self/status]	VmData:	  273684 kB
20220314 014626.321 INFO             PET0 PIOc_sync Exit - MemInfo: [/proc/self/status]	VmStk:	     512 kB
20220314 014626.321 INFO             PET0 PIOc_sync Exit - MemInfo: [/proc/self/status]	VmExe:	    1976 kB
20220314 014626.321 INFO             PET0 PIOc_sync Exit - MemInfo: [/proc/self/status]	VmLib:	  104128 kB
20220314 014626.321 INFO             PET0 PIOc_sync Exit - MemInfo: [/proc/self/status]	VmPTE:	     712 kB
20220314 014626.321 INFO             PET0 PIOc_sync Exit - MemInfo: [/proc/self/status]	VmPMD:	      32 kB
20220314 014626.321 INFO             PET0 PIOc_sync Exit - MemInfo: [/proc/self/status]	VmSwap:	       0 kB
20220314 014626.321 INFO             PET0 PIOc_sync Exit - MemInfo: [/proc/self/status]	VmRSSPercent: 0.114413 %
20220314 014626.321 INFO             PET0 PIOc_sync Exit - MemInfo: [malloc] Non-mmapped space allocated:                 3305472 Byte
20220314 014626.321 INFO             PET0 PIOc_sync Exit - MemInfo: [malloc] Space allocated in mmapped regions:         88629248 Byte
20220314 014626.321 INFO             PET0 PIOc_sync Exit - MemInfo: [malloc] Maximum total allocated space:                     0 Byte
20220314 014626.321 INFO             PET0 PIOc_sync Exit - MemInfo: [malloc] Space in freed fastbin blocks:                   608 Byte
20220314 014626.321 INFO             PET0 PIOc_sync Exit - MemInfo: [malloc] Total allocated space:                       3137968 Byte
20220314 014626.321 INFO             PET0 PIOc_sync Exit - MemInfo: [malloc] Total free space:                             167504 Byte
20220314 014626.321 INFO             PET0 PIOc_sync Exit - MemInfo: [malloc] Top-most, releasable space:                    34928 Byte
20220314 014626.321 INFO             PET0 PIOc_sync Exit - MemInfo: [malloc] Total space in use, mmap + non-mmap:        91767216 Byte
20220314 014626.321 INFO             PET0 PIOc_sync Exit - MemInfo: [malloc] Total space held (mmap + non-mmap):         91934720 Byte
20220314 014626.321 INFO             PET0 PIOc_sync Exit - MemInfo: [malloc] Total space used (mmap + non-mmap):         91776576 Byte
20220314 014626.321 INFO             PET0 PIOc_sync Exit - MemInfo: Wall-clock time since execution start:              0.0669185 seconds
20220314 014626.321 INFO             PET0 PIOc_freedecomp Enter - MemInfo: [/proc/meminfo - SSI]	MemTotal:       131394444 kB
20220314 014626.321 INFO             PET0 PIOc_freedecomp Enter - MemInfo: [/proc/meminfo - SSI]	MemFree:        123807228 kB
20220314 014626.321 INFO             PET0 PIOc_freedecomp Enter - MemInfo: [/proc/meminfo - SSI]	MemAvailable:   123466304 kB
20220314 014626.321 INFO             PET0 PIOc_freedecomp Enter - MemInfo: [/proc/meminfo - SSI]	Committed_AS:    3891548 kB
20220314 014626.321 INFO             PET0 PIOc_freedecomp Enter - MemInfo: [/proc/meminfo - SSI]	CommittedPercent: 2.96173 %
20220314 014626.321 INFO             PET0 PIOc_freedecomp Enter - MemInfo: [/proc/self/status]	VmPeak:	 3803616 kB
20220314 014626.321 INFO             PET0 PIOc_freedecomp Enter - MemInfo: [/proc/self/status]	VmSize:	 3801048 kB
20220314 014626.321 INFO             PET0 PIOc_freedecomp Enter - MemInfo: [/proc/self/status]	VmLck:	       0 kB
20220314 014626.321 INFO             PET0 PIOc_freedecomp Enter - MemInfo: [/proc/self/status]	VmPin:	   82140 kB
20220314 014626.321 INFO             PET0 PIOc_freedecomp Enter - MemInfo: [/proc/self/status]	VmHWM:	  150332 kB
20220314 014626.321 INFO             PET0 PIOc_freedecomp Enter - MemInfo: [/proc/self/status]	VmRSS:	  148280 kB
20220314 014626.321 INFO             PET0 PIOc_freedecomp Enter - MemInfo: [/proc/self/status]	VmData:	  271116 kB
20220314 014626.321 INFO             PET0 PIOc_freedecomp Enter - MemInfo: [/proc/self/status]	VmStk:	     512 kB
20220314 014626.321 INFO             PET0 PIOc_freedecomp Enter - MemInfo: [/proc/self/status]	VmExe:	    1976 kB
20220314 014626.321 INFO             PET0 PIOc_freedecomp Enter - MemInfo: [/proc/self/status]	VmLib:	  104128 kB
20220314 014626.321 INFO             PET0 PIOc_freedecomp Enter - MemInfo: [/proc/self/status]	VmPTE:	     708 kB
20220314 014626.321 INFO             PET0 PIOc_freedecomp Enter - MemInfo: [/proc/self/status]	VmPMD:	      32 kB
20220314 014626.321 INFO             PET0 PIOc_freedecomp Enter - MemInfo: [/proc/self/status]	VmSwap:	       0 kB
20220314 014626.321 INFO             PET0 PIOc_freedecomp Enter - MemInfo: [/proc/self/status]	VmRSSPercent: 0.112851 %
20220314 014626.321 INFO             PET0 PIOc_freedecomp Enter - MemInfo: [malloc] Non-mmapped space allocated:                 3305472 Byte
20220314 014626.321 INFO             PET0 PIOc_freedecomp Enter - MemInfo: [malloc] Space allocated in mmapped regions:         85999616 Byte
20220314 014626.321 INFO             PET0 PIOc_freedecomp Enter - MemInfo: [malloc] Maximum total allocated space:                     0 Byte
20220314 014626.321 INFO             PET0 PIOc_freedecomp Enter - MemInfo: [malloc] Space in freed fastbin blocks:                  1392 Byte
20220314 014626.321 INFO             PET0 PIOc_freedecomp Enter - MemInfo: [malloc] Total allocated space:                       3124640 Byte
20220314 014626.321 INFO             PET0 PIOc_freedecomp Enter - MemInfo: [malloc] Total free space:                             180832 Byte
20220314 014626.321 INFO             PET0 PIOc_freedecomp Enter - MemInfo: [malloc] Top-most, releasable space:                    35648 Byte
20220314 014626.321 INFO             PET0 PIOc_freedecomp Enter - MemInfo: [malloc] Total space in use, mmap + non-mmap:        89124256 Byte
20220314 014626.321 INFO             PET0 PIOc_freedecomp Enter - MemInfo: [malloc] Total space held (mmap + non-mmap):         89305088 Byte
20220314 014626.321 INFO             PET0 PIOc_freedecomp Enter - MemInfo: [malloc] Total space used (mmap + non-mmap):         89133616 Byte
20220314 014626.321 INFO             PET0 PIOc_freedecomp Enter - MemInfo: Wall-clock time since execution start:               0.067382 seconds
20220314 014626.322 INFO             PET0 PIOc_freedecomp Exit - MemInfo: [/proc/meminfo - SSI]	MemTotal:       131394444 kB
20220314 014626.322 INFO             PET0 PIOc_freedecomp Exit - MemInfo: [/proc/meminfo - SSI]	MemFree:        123807228 kB
20220314 014626.322 INFO             PET0 PIOc_freedecomp Exit - MemInfo: [/proc/meminfo - SSI]	MemAvailable:   123466304 kB
20220314 014626.322 INFO             PET0 PIOc_freedecomp Exit - MemInfo: [/proc/meminfo - SSI]	Committed_AS:    3891548 kB
20220314 014626.322 INFO             PET0 PIOc_freedecomp Exit - MemInfo: [/proc/meminfo - SSI]	CommittedPercent: 2.96173 %
20220314 014626.322 INFO             PET0 PIOc_freedecomp Exit - MemInfo: [/proc/self/status]	VmPeak:	 3803616 kB
20220314 014626.322 INFO             PET0 PIOc_freedecomp Exit - MemInfo: [/proc/self/status]	VmSize:	 3801048 kB
20220314 014626.322 INFO             PET0 PIOc_freedecomp Exit - MemInfo: [/proc/self/status]	VmLck:	       0 kB
20220314 014626.322 INFO             PET0 PIOc_freedecomp Exit - MemInfo: [/proc/self/status]	VmPin:	   82140 kB
20220314 014626.322 INFO             PET0 PIOc_freedecomp Exit - MemInfo: [/proc/self/status]	VmHWM:	  150332 kB
20220314 014626.322 INFO             PET0 PIOc_freedecomp Exit - MemInfo: [/proc/self/status]	VmRSS:	  148280 kB
20220314 014626.322 INFO             PET0 PIOc_freedecomp Exit - MemInfo: [/proc/self/status]	VmData:	  271116 kB
20220314 014626.322 INFO             PET0 PIOc_freedecomp Exit - MemInfo: [/proc/self/status]	VmStk:	     512 kB
20220314 014626.322 INFO             PET0 PIOc_freedecomp Exit - MemInfo: [/proc/self/status]	VmExe:	    1976 kB
20220314 014626.322 INFO             PET0 PIOc_freedecomp Exit - MemInfo: [/proc/self/status]	VmLib:	  104128 kB
20220314 014626.322 INFO             PET0 PIOc_freedecomp Exit - MemInfo: [/proc/self/status]	VmPTE:	     708 kB
20220314 014626.322 INFO             PET0 PIOc_freedecomp Exit - MemInfo: [/proc/self/status]	VmPMD:	      32 kB
20220314 014626.322 INFO             PET0 PIOc_freedecomp Exit - MemInfo: [/proc/self/status]	VmSwap:	       0 kB
20220314 014626.322 INFO             PET0 PIOc_freedecomp Exit - MemInfo: [/proc/self/status]	VmRSSPercent: 0.112851 %
20220314 014626.322 INFO             PET0 PIOc_freedecomp Exit - MemInfo: [malloc] Non-mmapped space allocated:                 3305472 Byte
20220314 014626.322 INFO             PET0 PIOc_freedecomp Exit - MemInfo: [malloc] Space allocated in mmapped regions:         85999616 Byte
20220314 014626.322 INFO             PET0 PIOc_freedecomp Exit - MemInfo: [malloc] Maximum total allocated space:                     0 Byte
20220314 014626.322 INFO             PET0 PIOc_freedecomp Exit - MemInfo: [malloc] Space in freed fastbin blocks:                   848 Byte
20220314 014626.322 INFO             PET0 PIOc_freedecomp Exit - MemInfo: [malloc] Total allocated space:                       3123184 Byte
20220314 014626.322 INFO             PET0 PIOc_freedecomp Exit - MemInfo: [malloc] Total free space:                             182288 Byte
20220314 014626.322 INFO             PET0 PIOc_freedecomp Exit - MemInfo: [malloc] Top-most, releasable space:                    48464 Byte
20220314 014626.322 INFO             PET0 PIOc_freedecomp Exit - MemInfo: [malloc] Total space in use, mmap + non-mmap:        89122800 Byte
20220314 014626.322 INFO             PET0 PIOc_freedecomp Exit - MemInfo: [malloc] Total space held (mmap + non-mmap):         89305088 Byte
20220314 014626.322 INFO             PET0 PIOc_freedecomp Exit - MemInfo: [malloc] Total space used (mmap + non-mmap):         89132160 Byte
20220314 014626.322 INFO             PET0 PIOc_freedecomp Exit - MemInfo: Wall-clock time since execution start:              0.0676809 seconds
20220314 014626.323 INFO             PET0 PIOc_sync Enter - MemInfo: [/proc/meminfo - SSI]	MemTotal:       131394444 kB
20220314 014626.323 INFO             PET0 PIOc_sync Enter - MemInfo: [/proc/meminfo - SSI]	MemFree:        123807228 kB
20220314 014626.323 INFO             PET0 PIOc_sync Enter - MemInfo: [/proc/meminfo - SSI]	MemAvailable:   123466304 kB
20220314 014626.323 INFO             PET0 PIOc_sync Enter - MemInfo: [/proc/meminfo - SSI]	Committed_AS:    3891548 kB
20220314 014626.323 INFO             PET0 PIOc_sync Enter - MemInfo: [/proc/meminfo - SSI]	CommittedPercent: 2.96173 %
20220314 014626.323 INFO             PET0 PIOc_sync Enter - MemInfo: [/proc/self/status]	VmPeak:	 3803692 kB
20220314 014626.323 INFO             PET0 PIOc_sync Enter - MemInfo: [/proc/self/status]	VmSize:	 3803692 kB
20220314 014626.323 INFO             PET0 PIOc_sync Enter - MemInfo: [/proc/self/status]	VmLck:	       0 kB
20220314 014626.323 INFO             PET0 PIOc_sync Enter - MemInfo: [/proc/self/status]	VmPin:	   82140 kB
20220314 014626.323 INFO             PET0 PIOc_sync Enter - MemInfo: [/proc/self/status]	VmHWM:	  150332 kB
20220314 014626.323 INFO             PET0 PIOc_sync Enter - MemInfo: [/proc/self/status]	VmRSS:	  149412 kB
20220314 014626.323 INFO             PET0 PIOc_sync Enter - MemInfo: [/proc/self/status]	VmData:	  273760 kB
20220314 014626.323 INFO             PET0 PIOc_sync Enter - MemInfo: [/proc/self/status]	VmStk:	     512 kB
20220314 014626.323 INFO             PET0 PIOc_sync Enter - MemInfo: [/proc/self/status]	VmExe:	    1976 kB
20220314 014626.323 INFO             PET0 PIOc_sync Enter - MemInfo: [/proc/self/status]	VmLib:	  104128 kB
20220314 014626.323 INFO             PET0 PIOc_sync Enter - MemInfo: [/proc/self/status]	VmPTE:	     712 kB
20220314 014626.323 INFO             PET0 PIOc_sync Enter - MemInfo: [/proc/self/status]	VmPMD:	      32 kB
20220314 014626.323 INFO             PET0 PIOc_sync Enter - MemInfo: [/proc/self/status]	VmSwap:	       0 kB
20220314 014626.323 INFO             PET0 PIOc_sync Enter - MemInfo: [/proc/self/status]	VmRSSPercent: 0.113713 %
20220314 014626.323 INFO             PET0 PIOc_sync Enter - MemInfo: [malloc] Non-mmapped space allocated:                 6012928 Byte
20220314 014626.323 INFO             PET0 PIOc_sync Enter - MemInfo: [malloc] Space allocated in mmapped regions:         85999616 Byte
20220314 014626.323 INFO             PET0 PIOc_sync Enter - MemInfo: [malloc] Maximum total allocated space:                     0 Byte
20220314 014626.323 INFO             PET0 PIOc_sync Enter - MemInfo: [malloc] Space in freed fastbin blocks:                   112 Byte
20220314 014626.323 INFO             PET0 PIOc_sync Enter - MemInfo: [malloc] Total allocated space:                       5760912 Byte
20220314 014626.323 INFO             PET0 PIOc_sync Enter - MemInfo: [malloc] Total free space:                             252016 Byte
20220314 014626.323 INFO             PET0 PIOc_sync Enter - MemInfo: [malloc] Top-most, releasable space:                   119536 Byte
20220314 014626.323 INFO             PET0 PIOc_sync Enter - MemInfo: [malloc] Total space in use, mmap + non-mmap:        91760528 Byte
20220314 014626.323 INFO             PET0 PIOc_sync Enter - MemInfo: [malloc] Total space held (mmap + non-mmap):         92012544 Byte
20220314 014626.323 INFO             PET0 PIOc_sync Enter - MemInfo: [malloc] Total space used (mmap + non-mmap):         91769888 Byte
20220314 014626.323 INFO             PET0 PIOc_sync Enter - MemInfo: Wall-clock time since execution start:              0.0690804 seconds
20220314 014626.324 INFO             PET0 PIOc_sync Exit - MemInfo: [/proc/meminfo - SSI]	MemTotal:       131394444 kB
20220314 014626.324 INFO             PET0 PIOc_sync Exit - MemInfo: [/proc/meminfo - SSI]	MemFree:        123807228 kB
20220314 014626.324 INFO             PET0 PIOc_sync Exit - MemInfo: [/proc/meminfo - SSI]	MemAvailable:   123466304 kB
20220314 014626.324 INFO             PET0 PIOc_sync Exit - MemInfo: [/proc/meminfo - SSI]	Committed_AS:    3891548 kB
20220314 014626.324 INFO             PET0 PIOc_sync Exit - MemInfo: [/proc/meminfo - SSI]	CommittedPercent: 2.96173 %
20220314 014626.324 INFO             PET0 PIOc_sync Exit - MemInfo: [/proc/self/status]	VmPeak:	 3803692 kB
20220314 014626.324 INFO             PET0 PIOc_sync Exit - MemInfo: [/proc/self/status]	VmSize:	 3803692 kB
20220314 014626.324 INFO             PET0 PIOc_sync Exit - MemInfo: [/proc/self/status]	VmLck:	       0 kB
20220314 014626.324 INFO             PET0 PIOc_sync Exit - MemInfo: [/proc/self/status]	VmPin:	   82140 kB
20220314 014626.324 INFO             PET0 PIOc_sync Exit - MemInfo: [/proc/self/status]	VmHWM:	  150332 kB
20220314 014626.324 INFO             PET0 PIOc_sync Exit - MemInfo: [/proc/self/status]	VmRSS:	  149432 kB
20220314 014626.324 INFO             PET0 PIOc_sync Exit - MemInfo: [/proc/self/status]	VmData:	  273760 kB
20220314 014626.324 INFO             PET0 PIOc_sync Exit - MemInfo: [/proc/self/status]	VmStk:	     512 kB
20220314 014626.324 INFO             PET0 PIOc_sync Exit - MemInfo: [/proc/self/status]	VmExe:	    1976 kB
20220314 014626.324 INFO             PET0 PIOc_sync Exit - MemInfo: [/proc/self/status]	VmLib:	  104128 kB
20220314 014626.324 INFO             PET0 PIOc_sync Exit - MemInfo: [/proc/self/status]	VmPTE:	     712 kB
20220314 014626.324 INFO             PET0 PIOc_sync Exit - MemInfo: [/proc/self/status]	VmPMD:	      32 kB
20220314 014626.324 INFO             PET0 PIOc_sync Exit - MemInfo: [/proc/self/status]	VmSwap:	       0 kB
20220314 014626.324 INFO             PET0 PIOc_sync Exit - MemInfo: [/proc/self/status]	VmRSSPercent: 0.113728 %
20220314 014626.324 INFO             PET0 PIOc_sync Exit - MemInfo: [malloc] Non-mmapped space allocated:                 6012928 Byte
20220314 014626.324 INFO             PET0 PIOc_sync Exit - MemInfo: [malloc] Space allocated in mmapped regions:         85999616 Byte
20220314 014626.324 INFO             PET0 PIOc_sync Exit - MemInfo: [malloc] Maximum total allocated space:                     0 Byte
20220314 014626.324 INFO             PET0 PIOc_sync Exit - MemInfo: [malloc] Space in freed fastbin blocks:                   128 Byte
20220314 014626.324 INFO             PET0 PIOc_sync Exit - MemInfo: [malloc] Total allocated space:                       5760176 Byte
20220314 014626.324 INFO             PET0 PIOc_sync Exit - MemInfo: [malloc] Total free space:                             252752 Byte
20220314 014626.324 INFO             PET0 PIOc_sync Exit - MemInfo: [malloc] Top-most, releasable space:                   120160 Byte
20220314 014626.324 INFO             PET0 PIOc_sync Exit - MemInfo: [malloc] Total space in use, mmap + non-mmap:        91759792 Byte
20220314 014626.324 INFO             PET0 PIOc_sync Exit - MemInfo: [malloc] Total space held (mmap + non-mmap):         92012544 Byte
20220314 014626.324 INFO             PET0 PIOc_sync Exit - MemInfo: [malloc] Total space used (mmap + non-mmap):         91769152 Byte
20220314 014626.324 INFO             PET0 PIOc_sync Exit - MemInfo: Wall-clock time since execution start:              0.0698137 seconds
20220314 014626.324 INFO             PET0 PIOc_freedecomp Enter - MemInfo: [/proc/meminfo - SSI]	MemTotal:       131394444 kB
20220314 014626.324 INFO             PET0 PIOc_freedecomp Enter - MemInfo: [/proc/meminfo - SSI]	MemFree:        123807228 kB
20220314 014626.324 INFO             PET0 PIOc_freedecomp Enter - MemInfo: [/proc/meminfo - SSI]	MemAvailable:   123466304 kB
20220314 014626.324 INFO             PET0 PIOc_freedecomp Enter - MemInfo: [/proc/meminfo - SSI]	Committed_AS:    3891548 kB
20220314 014626.324 INFO             PET0 PIOc_freedecomp Enter - MemInfo: [/proc/meminfo - SSI]	CommittedPercent: 2.96173 %
20220314 014626.324 INFO             PET0 PIOc_freedecomp Enter - MemInfo: [/proc/self/status]	VmPeak:	 3803692 kB
20220314 014626.324 INFO             PET0 PIOc_freedecomp Enter - MemInfo: [/proc/self/status]	VmSize:	 3803692 kB
20220314 014626.324 INFO             PET0 PIOc_freedecomp Enter - MemInfo: [/proc/self/status]	VmLck:	       0 kB
20220314 014626.324 INFO             PET0 PIOc_freedecomp Enter - MemInfo: [/proc/self/status]	VmPin:	   82140 kB
20220314 014626.324 INFO             PET0 PIOc_freedecomp Enter - MemInfo: [/proc/self/status]	VmHWM:	  150332 kB
20220314 014626.324 INFO             PET0 PIOc_freedecomp Enter - MemInfo: [/proc/self/status]	VmRSS:	  149432 kB
20220314 014626.324 INFO             PET0 PIOc_freedecomp Enter - MemInfo: [/proc/self/status]	VmData:	  273760 kB
20220314 014626.324 INFO             PET0 PIOc_freedecomp Enter - MemInfo: [/proc/self/status]	VmStk:	     512 kB
20220314 014626.324 INFO             PET0 PIOc_freedecomp Enter - MemInfo: [/proc/self/status]	VmExe:	    1976 kB
20220314 014626.324 INFO             PET0 PIOc_freedecomp Enter - MemInfo: [/proc/self/status]	VmLib:	  104128 kB
20220314 014626.324 INFO             PET0 PIOc_freedecomp Enter - MemInfo: [/proc/self/status]	VmPTE:	     712 kB
20220314 014626.324 INFO             PET0 PIOc_freedecomp Enter - MemInfo: [/proc/self/status]	VmPMD:	      32 kB
20220314 014626.324 INFO             PET0 PIOc_freedecomp Enter - MemInfo: [/proc/self/status]	VmSwap:	       0 kB
20220314 014626.324 INFO             PET0 PIOc_freedecomp Enter - MemInfo: [/proc/self/status]	VmRSSPercent: 0.113728 %
20220314 014626.324 INFO             PET0 PIOc_freedecomp Enter - MemInfo: [malloc] Non-mmapped space allocated:                 6012928 Byte
20220314 014626.324 INFO             PET0 PIOc_freedecomp Enter - MemInfo: [malloc] Space allocated in mmapped regions:         85999616 Byte
20220314 014626.324 INFO             PET0 PIOc_freedecomp Enter - MemInfo: [malloc] Maximum total allocated space:                     0 Byte
20220314 014626.324 INFO             PET0 PIOc_freedecomp Enter - MemInfo: [malloc] Space in freed fastbin blocks:                   368 Byte
20220314 014626.324 INFO             PET0 PIOc_freedecomp Enter - MemInfo: [malloc] Total allocated space:                       3124640 Byte
20220314 014626.324 INFO             PET0 PIOc_freedecomp Enter - MemInfo: [malloc] Total free space:                            2888288 Byte
20220314 014626.324 INFO             PET0 PIOc_freedecomp Enter - MemInfo: [malloc] Top-most, releasable space:                   121776 Byte
20220314 014626.324 INFO             PET0 PIOc_freedecomp Enter - MemInfo: [malloc] Total space in use, mmap + non-mmap:        89124256 Byte
20220314 014626.324 INFO             PET0 PIOc_freedecomp Enter - MemInfo: [malloc] Total space held (mmap + non-mmap):         92012544 Byte
20220314 014626.324 INFO             PET0 PIOc_freedecomp Enter - MemInfo: [malloc] Total space used (mmap + non-mmap):         89133616 Byte
20220314 014626.324 INFO             PET0 PIOc_freedecomp Enter - MemInfo: Wall-clock time since execution start:              0.0702675 seconds
20220314 014626.324 INFO             PET0 PIOc_freedecomp Exit - MemInfo: [/proc/meminfo - SSI]	MemTotal:       131394444 kB
20220314 014626.324 INFO             PET0 PIOc_freedecomp Exit - MemInfo: [/proc/meminfo - SSI]	MemFree:        123807228 kB
20220314 014626.324 INFO             PET0 PIOc_freedecomp Exit - MemInfo: [/proc/meminfo - SSI]	MemAvailable:   123466304 kB
20220314 014626.324 INFO             PET0 PIOc_freedecomp Exit - MemInfo: [/proc/meminfo - SSI]	Committed_AS:    3891548 kB
20220314 014626.324 INFO             PET0 PIOc_freedecomp Exit - MemInfo: [/proc/meminfo - SSI]	CommittedPercent: 2.96173 %
20220314 014626.324 INFO             PET0 PIOc_freedecomp Exit - MemInfo: [/proc/self/status]	VmPeak:	 3803692 kB
20220314 014626.324 INFO             PET0 PIOc_freedecomp Exit - MemInfo: [/proc/self/status]	VmSize:	 3803692 kB
20220314 014626.324 INFO             PET0 PIOc_freedecomp Exit - MemInfo: [/proc/self/status]	VmLck:	       0 kB
20220314 014626.324 INFO             PET0 PIOc_freedecomp Exit - MemInfo: [/proc/self/status]	VmPin:	   82140 kB
20220314 014626.324 INFO             PET0 PIOc_freedecomp Exit - MemInfo: [/proc/self/status]	VmHWM:	  150332 kB
20220314 014626.325 INFO             PET0 PIOc_freedecomp Exit - MemInfo: [/proc/self/status]	VmRSS:	  149432 kB
20220314 014626.325 INFO             PET0 PIOc_freedecomp Exit - MemInfo: [/proc/self/status]	VmData:	  273760 kB
20220314 014626.325 INFO             PET0 PIOc_freedecomp Exit - MemInfo: [/proc/self/status]	VmStk:	     512 kB
20220314 014626.325 INFO             PET0 PIOc_freedecomp Exit - MemInfo: [/proc/self/status]	VmExe:	    1976 kB
20220314 014626.325 INFO             PET0 PIOc_freedecomp Exit - MemInfo: [/proc/self/status]	VmLib:	  104128 kB
20220314 014626.325 INFO             PET0 PIOc_freedecomp Exit - MemInfo: [/proc/self/status]	VmPTE:	     712 kB
20220314 014626.325 INFO             PET0 PIOc_freedecomp Exit - MemInfo: [/proc/self/status]	VmPMD:	      32 kB
20220314 014626.325 INFO             PET0 PIOc_freedecomp Exit - MemInfo: [/proc/self/status]	VmSwap:	       0 kB
20220314 014626.325 INFO             PET0 PIOc_freedecomp Exit - MemInfo: [/proc/self/status]	VmRSSPercent: 0.113728 %
20220314 014626.325 INFO             PET0 PIOc_freedecomp Exit - MemInfo: [malloc] Non-mmapped space allocated:                 6012928 Byte
20220314 014626.325 INFO             PET0 PIOc_freedecomp Exit - MemInfo: [malloc] Space allocated in mmapped regions:         85999616 Byte
20220314 014626.325 INFO             PET0 PIOc_freedecomp Exit - MemInfo: [malloc] Maximum total allocated space:                     0 Byte
20220314 014626.325 INFO             PET0 PIOc_freedecomp Exit - MemInfo: [malloc] Space in freed fastbin blocks:                   352 Byte
20220314 014626.325 INFO             PET0 PIOc_freedecomp Exit - MemInfo: [malloc] Total allocated space:                       3123184 Byte
20220314 014626.325 INFO             PET0 PIOc_freedecomp Exit - MemInfo: [malloc] Total free space:                            2889744 Byte
20220314 014626.325 INFO             PET0 PIOc_freedecomp Exit - MemInfo: [malloc] Top-most, releasable space:                   122304 Byte
20220314 014626.325 INFO             PET0 PIOc_freedecomp Exit - MemInfo: [malloc] Total space in use, mmap + non-mmap:        89122800 Byte
20220314 014626.325 INFO             PET0 PIOc_freedecomp Exit - MemInfo: [malloc] Total space held (mmap + non-mmap):         92012544 Byte
20220314 014626.325 INFO             PET0 PIOc_freedecomp Exit - MemInfo: [malloc] Total space used (mmap + non-mmap):         89132160 Byte
20220314 014626.325 INFO             PET0 PIOc_freedecomp Exit - MemInfo: Wall-clock time since execution start:              0.0705667 seconds
20220314 014626.325 INFO             PET0 PIOc_sync Enter - MemInfo: [/proc/meminfo - SSI]	MemTotal:       131394444 kB
20220314 014626.325 INFO             PET0 PIOc_sync Enter - MemInfo: [/proc/meminfo - SSI]	MemFree:        123806732 kB
20220314 014626.325 INFO             PET0 PIOc_sync Enter - MemInfo: [/proc/meminfo - SSI]	MemAvailable:   123465808 kB
20220314 014626.326 INFO             PET0 PIOc_sync Enter - MemInfo: [/proc/meminfo - SSI]	Committed_AS:    3891548 kB
20220314 014626.326 INFO             PET0 PIOc_sync Enter - MemInfo: [/proc/meminfo - SSI]	CommittedPercent: 2.96173 %
20220314 014626.326 INFO             PET0 PIOc_sync Enter - MemInfo: [/proc/self/status]	VmPeak:	 3804712 kB
20220314 014626.326 INFO             PET0 PIOc_sync Enter - MemInfo: [/proc/self/status]	VmSize:	 3803692 kB
20220314 014626.326 INFO             PET0 PIOc_sync Enter - MemInfo: [/proc/self/status]	VmLck:	       0 kB
20220314 014626.326 INFO             PET0 PIOc_sync Enter - MemInfo: [/proc/self/status]	VmPin:	   82140 kB
20220314 014626.326 INFO             PET0 PIOc_sync Enter - MemInfo: [/proc/self/status]	VmHWM:	  150332 kB
20220314 014626.326 INFO             PET0 PIOc_sync Enter - MemInfo: [/proc/self/status]	VmRSS:	  149936 kB
20220314 014626.326 INFO             PET0 PIOc_sync Enter - MemInfo: [/proc/self/status]	VmData:	  273760 kB
20220314 014626.326 INFO             PET0 PIOc_sync Enter - MemInfo: [/proc/self/status]	VmStk:	     512 kB
20220314 014626.326 INFO             PET0 PIOc_sync Enter - MemInfo: [/proc/self/status]	VmExe:	    1976 kB
20220314 014626.326 INFO             PET0 PIOc_sync Enter - MemInfo: [/proc/self/status]	VmLib:	  104128 kB
20220314 014626.326 INFO             PET0 PIOc_sync Enter - MemInfo: [/proc/self/status]	VmPTE:	     712 kB
20220314 014626.326 INFO             PET0 PIOc_sync Enter - MemInfo: [/proc/self/status]	VmPMD:	      32 kB
20220314 014626.326 INFO             PET0 PIOc_sync Enter - MemInfo: [/proc/self/status]	VmSwap:	       0 kB
20220314 014626.326 INFO             PET0 PIOc_sync Enter - MemInfo: [/proc/self/status]	VmRSSPercent: 0.114111 %
20220314 014626.326 INFO             PET0 PIOc_sync Enter - MemInfo: [malloc] Non-mmapped space allocated:                 6012928 Byte
20220314 014626.326 INFO             PET0 PIOc_sync Enter - MemInfo: [malloc] Space allocated in mmapped regions:         85999616 Byte
20220314 014626.326 INFO             PET0 PIOc_sync Enter - MemInfo: [malloc] Maximum total allocated space:                     0 Byte
20220314 014626.326 INFO             PET0 PIOc_sync Enter - MemInfo: [malloc] Space in freed fastbin blocks:                   112 Byte
20220314 014626.326 INFO             PET0 PIOc_sync Enter - MemInfo: [malloc] Total allocated space:                       5761648 Byte
20220314 014626.326 INFO             PET0 PIOc_sync Enter - MemInfo: [malloc] Total free space:                             251280 Byte
20220314 014626.326 INFO             PET0 PIOc_sync Enter - MemInfo: [malloc] Top-most, releasable space:                   118288 Byte
20220314 014626.326 INFO             PET0 PIOc_sync Enter - MemInfo: [malloc] Total space in use, mmap + non-mmap:        91761264 Byte
20220314 014626.326 INFO             PET0 PIOc_sync Enter - MemInfo: [malloc] Total space held (mmap + non-mmap):         92012544 Byte
20220314 014626.326 INFO             PET0 PIOc_sync Enter - MemInfo: [malloc] Total space used (mmap + non-mmap):         91770624 Byte
20220314 014626.326 INFO             PET0 PIOc_sync Enter - MemInfo: Wall-clock time since execution start:              0.0716373 seconds
20220314 014626.326 INFO             PET0 PIOc_sync Exit - MemInfo: [/proc/meminfo - SSI]	MemTotal:       131394444 kB
20220314 014626.326 INFO             PET0 PIOc_sync Exit - MemInfo: [/proc/meminfo - SSI]	MemFree:        123806732 kB
20220314 014626.326 INFO             PET0 PIOc_sync Exit - MemInfo: [/proc/meminfo - SSI]	MemAvailable:   123465808 kB
20220314 014626.326 INFO             PET0 PIOc_sync Exit - MemInfo: [/proc/meminfo - SSI]	Committed_AS:    3891548 kB
20220314 014626.326 INFO             PET0 PIOc_sync Exit - MemInfo: [/proc/meminfo - SSI]	CommittedPercent: 2.96173 %
20220314 014626.326 INFO             PET0 PIOc_sync Exit - MemInfo: [/proc/self/status]	VmPeak:	 3804712 kB
20220314 014626.326 INFO             PET0 PIOc_sync Exit - MemInfo: [/proc/self/status]	VmSize:	 3803692 kB
20220314 014626.326 INFO             PET0 PIOc_sync Exit - MemInfo: [/proc/self/status]	VmLck:	       0 kB
20220314 014626.326 INFO             PET0 PIOc_sync Exit - MemInfo: [/proc/self/status]	VmPin:	   82140 kB
20220314 014626.326 INFO             PET0 PIOc_sync Exit - MemInfo: [/proc/self/status]	VmHWM:	  150332 kB
20220314 014626.326 INFO             PET0 PIOc_sync Exit - MemInfo: [/proc/self/status]	VmRSS:	  149940 kB
20220314 014626.326 INFO             PET0 PIOc_sync Exit - MemInfo: [/proc/self/status]	VmData:	  273760 kB
20220314 014626.326 INFO             PET0 PIOc_sync Exit - MemInfo: [/proc/self/status]	VmStk:	     512 kB
20220314 014626.326 INFO             PET0 PIOc_sync Exit - MemInfo: [/proc/self/status]	VmExe:	    1976 kB
20220314 014626.326 INFO             PET0 PIOc_sync Exit - MemInfo: [/proc/self/status]	VmLib:	  104128 kB
20220314 014626.326 INFO             PET0 PIOc_sync Exit - MemInfo: [/proc/self/status]	VmPTE:	     712 kB
20220314 014626.326 INFO             PET0 PIOc_sync Exit - MemInfo: [/proc/self/status]	VmPMD:	      32 kB
20220314 014626.326 INFO             PET0 PIOc_sync Exit - MemInfo: [/proc/self/status]	VmSwap:	       0 kB
20220314 014626.326 INFO             PET0 PIOc_sync Exit - MemInfo: [/proc/self/status]	VmRSSPercent: 0.114114 %
20220314 014626.326 INFO             PET0 PIOc_sync Exit - MemInfo: [malloc] Non-mmapped space allocated:                 6012928 Byte
20220314 014626.326 INFO             PET0 PIOc_sync Exit - MemInfo: [malloc] Space allocated in mmapped regions:         85999616 Byte
20220314 014626.326 INFO             PET0 PIOc_sync Exit - MemInfo: [malloc] Maximum total allocated space:                     0 Byte
20220314 014626.326 INFO             PET0 PIOc_sync Exit - MemInfo: [malloc] Space in freed fastbin blocks:                   352 Byte
20220314 014626.326 INFO             PET0 PIOc_sync Exit - MemInfo: [malloc] Total allocated space:                       5760928 Byte
20220314 014626.326 INFO             PET0 PIOc_sync Exit - MemInfo: [malloc] Total free space:                             252000 Byte
20220314 014626.326 INFO             PET0 PIOc_sync Exit - MemInfo: [malloc] Top-most, releasable space:                   118912 Byte
20220314 014626.326 INFO             PET0 PIOc_sync Exit - MemInfo: [malloc] Total space in use, mmap + non-mmap:        91760544 Byte
20220314 014626.326 INFO             PET0 PIOc_sync Exit - MemInfo: [malloc] Total space held (mmap + non-mmap):         92012544 Byte
20220314 014626.326 INFO             PET0 PIOc_sync Exit - MemInfo: [malloc] Total space used (mmap + non-mmap):         91769904 Byte
20220314 014626.326 INFO             PET0 PIOc_sync Exit - MemInfo: Wall-clock time since execution start:              0.0720094 seconds
20220314 014626.326 INFO             PET0 PIOc_freedecomp Enter - MemInfo: [/proc/meminfo - SSI]	MemTotal:       131394444 kB
20220314 014626.326 INFO             PET0 PIOc_freedecomp Enter - MemInfo: [/proc/meminfo - SSI]	MemFree:        123806732 kB
20220314 014626.326 INFO             PET0 PIOc_freedecomp Enter - MemInfo: [/proc/meminfo - SSI]	MemAvailable:   123465808 kB
20220314 014626.326 INFO             PET0 PIOc_freedecomp Enter - MemInfo: [/proc/meminfo - SSI]	Committed_AS:    3891548 kB
20220314 014626.326 INFO             PET0 PIOc_freedecomp Enter - MemInfo: [/proc/meminfo - SSI]	CommittedPercent: 2.96173 %
20220314 014626.326 INFO             PET0 PIOc_freedecomp Enter - MemInfo: [/proc/self/status]	VmPeak:	 3804712 kB
20220314 014626.326 INFO             PET0 PIOc_freedecomp Enter - MemInfo: [/proc/self/status]	VmSize:	 3803692 kB
20220314 014626.326 INFO             PET0 PIOc_freedecomp Enter - MemInfo: [/proc/self/status]	VmLck:	       0 kB
20220314 014626.326 INFO             PET0 PIOc_freedecomp Enter - MemInfo: [/proc/self/status]	VmPin:	   82140 kB
20220314 014626.326 INFO             PET0 PIOc_freedecomp Enter - MemInfo: [/proc/self/status]	VmHWM:	  150332 kB
20220314 014626.326 INFO             PET0 PIOc_freedecomp Enter - MemInfo: [/proc/self/status]	VmRSS:	  149940 kB
20220314 014626.326 INFO             PET0 PIOc_freedecomp Enter - MemInfo: [/proc/self/status]	VmData:	  273760 kB
20220314 014626.326 INFO             PET0 PIOc_freedecomp Enter - MemInfo: [/proc/self/status]	VmStk:	     512 kB
20220314 014626.326 INFO             PET0 PIOc_freedecomp Enter - MemInfo: [/proc/self/status]	VmExe:	    1976 kB
20220314 014626.326 INFO             PET0 PIOc_freedecomp Enter - MemInfo: [/proc/self/status]	VmLib:	  104128 kB
20220314 014626.326 INFO             PET0 PIOc_freedecomp Enter - MemInfo: [/proc/self/status]	VmPTE:	     712 kB
20220314 014626.326 INFO             PET0 PIOc_freedecomp Enter - MemInfo: [/proc/self/status]	VmPMD:	      32 kB
20220314 014626.326 INFO             PET0 PIOc_freedecomp Enter - MemInfo: [/proc/self/status]	VmSwap:	       0 kB
20220314 014626.326 INFO             PET0 PIOc_freedecomp Enter - MemInfo: [/proc/self/status]	VmRSSPercent: 0.114114 %
20220314 014626.326 INFO             PET0 PIOc_freedecomp Enter - MemInfo: [malloc] Non-mmapped space allocated:                 6012928 Byte
20220314 014626.326 INFO             PET0 PIOc_freedecomp Enter - MemInfo: [malloc] Space allocated in mmapped regions:         85999616 Byte
20220314 014626.326 INFO             PET0 PIOc_freedecomp Enter - MemInfo: [malloc] Maximum total allocated space:                     0 Byte
20220314 014626.326 INFO             PET0 PIOc_freedecomp Enter - MemInfo: [malloc] Space in freed fastbin blocks:                   368 Byte
20220314 014626.326 INFO             PET0 PIOc_freedecomp Enter - MemInfo: [malloc] Total allocated space:                       3124640 Byte
20220314 014626.326 INFO             PET0 PIOc_freedecomp Enter - MemInfo: [malloc] Total free space:                            2888288 Byte
20220314 014626.326 INFO             PET0 PIOc_freedecomp Enter - MemInfo: [malloc] Top-most, releasable space:                   121040 Byte
20220314 014626.326 INFO             PET0 PIOc_freedecomp Enter - MemInfo: [malloc] Total space in use, mmap + non-mmap:        89124256 Byte
20220314 014626.326 INFO             PET0 PIOc_freedecomp Enter - MemInfo: [malloc] Total space held (mmap + non-mmap):         92012544 Byte
20220314 014626.326 INFO             PET0 PIOc_freedecomp Enter - MemInfo: [malloc] Total space used (mmap + non-mmap):         89133616 Byte
20220314 014626.326 INFO             PET0 PIOc_freedecomp Enter - MemInfo: Wall-clock time since execution start:              0.0723427 seconds
20220314 014626.327 INFO             PET0 PIOc_freedecomp Exit - MemInfo: [/proc/meminfo - SSI]	MemTotal:       131394444 kB
20220314 014626.327 INFO             PET0 PIOc_freedecomp Exit - MemInfo: [/proc/meminfo - SSI]	MemFree:        123806732 kB
20220314 014626.327 INFO             PET0 PIOc_freedecomp Exit - MemInfo: [/proc/meminfo - SSI]	MemAvailable:   123465808 kB
20220314 014626.327 INFO             PET0 PIOc_freedecomp Exit - MemInfo: [/proc/meminfo - SSI]	Committed_AS:    3891548 kB
20220314 014626.327 INFO             PET0 PIOc_freedecomp Exit - MemInfo: [/proc/meminfo - SSI]	CommittedPercent: 2.96173 %
20220314 014626.327 INFO             PET0 PIOc_freedecomp Exit - MemInfo: [/proc/self/status]	VmPeak:	 3804712 kB
20220314 014626.327 INFO             PET0 PIOc_freedecomp Exit - MemInfo: [/proc/self/status]	VmSize:	 3803692 kB
20220314 014626.327 INFO             PET0 PIOc_freedecomp Exit - MemInfo: [/proc/self/status]	VmLck:	       0 kB
20220314 014626.327 INFO             PET0 PIOc_freedecomp Exit - MemInfo: [/proc/self/status]	VmPin:	   82140 kB
20220314 014626.327 INFO             PET0 PIOc_freedecomp Exit - MemInfo: [/proc/self/status]	VmHWM:	  150332 kB
20220314 014626.327 INFO             PET0 PIOc_freedecomp Exit - MemInfo: [/proc/self/status]	VmRSS:	  149940 kB
20220314 014626.327 INFO             PET0 PIOc_freedecomp Exit - MemInfo: [/proc/self/status]	VmData:	  273760 kB
20220314 014626.327 INFO             PET0 PIOc_freedecomp Exit - MemInfo: [/proc/self/status]	VmStk:	     512 kB
20220314 014626.327 INFO             PET0 PIOc_freedecomp Exit - MemInfo: [/proc/self/status]	VmExe:	    1976 kB
20220314 014626.327 INFO             PET0 PIOc_freedecomp Exit - MemInfo: [/proc/self/status]	VmLib:	  104128 kB
20220314 014626.327 INFO             PET0 PIOc_freedecomp Exit - MemInfo: [/proc/self/status]	VmPTE:	     712 kB
20220314 014626.327 INFO             PET0 PIOc_freedecomp Exit - MemInfo: [/proc/self/status]	VmPMD:	      32 kB
20220314 014626.327 INFO             PET0 PIOc_freedecomp Exit - MemInfo: [/proc/self/status]	VmSwap:	       0 kB
20220314 014626.327 INFO             PET0 PIOc_freedecomp Exit - MemInfo: [/proc/self/status]	VmRSSPercent: 0.114114 %
20220314 014626.327 INFO             PET0 PIOc_freedecomp Exit - MemInfo: [malloc] Non-mmapped space allocated:                 6012928 Byte
20220314 014626.327 INFO             PET0 PIOc_freedecomp Exit - MemInfo: [malloc] Space allocated in mmapped regions:         85999616 Byte
20220314 014626.327 INFO             PET0 PIOc_freedecomp Exit - MemInfo: [malloc] Maximum total allocated space:                     0 Byte
20220314 014626.327 INFO             PET0 PIOc_freedecomp Exit - MemInfo: [malloc] Space in freed fastbin blocks:                   352 Byte
20220314 014626.327 INFO             PET0 PIOc_freedecomp Exit - MemInfo: [malloc] Total allocated space:                       3123184 Byte
20220314 014626.327 INFO             PET0 PIOc_freedecomp Exit - MemInfo: [malloc] Total free space:                            2889744 Byte
20220314 014626.327 INFO             PET0 PIOc_freedecomp Exit - MemInfo: [malloc] Top-most, releasable space:                   121568 Byte
20220314 014626.327 INFO             PET0 PIOc_freedecomp Exit - MemInfo: [malloc] Total space in use, mmap + non-mmap:        89122800 Byte
20220314 014626.327 INFO             PET0 PIOc_freedecomp Exit - MemInfo: [malloc] Total space held (mmap + non-mmap):         92012544 Byte
20220314 014626.327 INFO             PET0 PIOc_freedecomp Exit - MemInfo: [malloc] Total space used (mmap + non-mmap):         89132160 Byte
20220314 014626.327 INFO             PET0 PIOc_freedecomp Exit - MemInfo: Wall-clock time since execution start:              0.0726548 seconds
20220314 014626.327 INFO             PET0 PIOc_sync Enter - MemInfo: [/proc/meminfo - SSI]	MemTotal:       131394444 kB
20220314 014626.327 INFO             PET0 PIOc_sync Enter - MemInfo: [/proc/meminfo - SSI]	MemFree:        123806732 kB
20220314 014626.327 INFO             PET0 PIOc_sync Enter - MemInfo: [/proc/meminfo - SSI]	MemAvailable:   123465808 kB
20220314 014626.327 INFO             PET0 PIOc_sync Enter - MemInfo: [/proc/meminfo - SSI]	Committed_AS:    3891548 kB
20220314 014626.327 INFO             PET0 PIOc_sync Enter - MemInfo: [/proc/meminfo - SSI]	CommittedPercent: 2.96173 %
20220314 014626.327 INFO             PET0 PIOc_sync Enter - MemInfo: [/proc/self/status]	VmPeak:	 3804712 kB
20220314 014626.327 INFO             PET0 PIOc_sync Enter - MemInfo: [/proc/self/status]	VmSize:	 3803692 kB
20220314 014626.327 INFO             PET0 PIOc_sync Enter - MemInfo: [/proc/self/status]	VmLck:	       0 kB
20220314 014626.327 INFO             PET0 PIOc_sync Enter - MemInfo: [/proc/self/status]	VmPin:	   82140 kB
20220314 014626.327 INFO             PET0 PIOc_sync Enter - MemInfo: [/proc/self/status]	VmHWM:	  150332 kB
20220314 014626.328 INFO             PET0 PIOc_sync Enter - MemInfo: [/proc/self/status]	VmRSS:	  150004 kB
20220314 014626.328 INFO             PET0 PIOc_sync Enter - MemInfo: [/proc/self/status]	VmData:	  273760 kB
20220314 014626.328 INFO             PET0 PIOc_sync Enter - MemInfo: [/proc/self/status]	VmStk:	     512 kB
20220314 014626.328 INFO             PET0 PIOc_sync Enter - MemInfo: [/proc/self/status]	VmExe:	    1976 kB
20220314 014626.328 INFO             PET0 PIOc_sync Enter - MemInfo: [/proc/self/status]	VmLib:	  104128 kB
20220314 014626.328 INFO             PET0 PIOc_sync Enter - MemInfo: [/proc/self/status]	VmPTE:	     712 kB
20220314 014626.328 INFO             PET0 PIOc_sync Enter - MemInfo: [/proc/self/status]	VmPMD:	      32 kB
20220314 014626.328 INFO             PET0 PIOc_sync Enter - MemInfo: [/proc/self/status]	VmSwap:	       0 kB
20220314 014626.328 INFO             PET0 PIOc_sync Enter - MemInfo: [/proc/self/status]	VmRSSPercent: 0.114163 %
20220314 014626.328 INFO             PET0 PIOc_sync Enter - MemInfo: [malloc] Non-mmapped space allocated:                 6012928 Byte
20220314 014626.328 INFO             PET0 PIOc_sync Enter - MemInfo: [malloc] Space allocated in mmapped regions:         85999616 Byte
20220314 014626.328 INFO             PET0 PIOc_sync Enter - MemInfo: [malloc] Maximum total allocated space:                     0 Byte
20220314 014626.328 INFO             PET0 PIOc_sync Enter - MemInfo: [malloc] Space in freed fastbin blocks:                   144 Byte
20220314 014626.328 INFO             PET0 PIOc_sync Enter - MemInfo: [malloc] Total allocated space:                       5762368 Byte
20220314 014626.328 INFO             PET0 PIOc_sync Enter - MemInfo: [malloc] Total free space:                             250560 Byte
20220314 014626.328 INFO             PET0 PIOc_sync Enter - MemInfo: [malloc] Top-most, releasable space:                   116848 Byte
20220314 014626.328 INFO             PET0 PIOc_sync Enter - MemInfo: [malloc] Total space in use, mmap + non-mmap:        91761984 Byte
20220314 014626.328 INFO             PET0 PIOc_sync Enter - MemInfo: [malloc] Total space held (mmap + non-mmap):         92012544 Byte
20220314 014626.328 INFO             PET0 PIOc_sync Enter - MemInfo: [malloc] Total space used (mmap + non-mmap):         91771344 Byte
20220314 014626.328 INFO             PET0 PIOc_sync Enter - MemInfo: Wall-clock time since execution start:              0.0735641 seconds
20220314 014626.328 INFO             PET0 PIOc_sync Exit - MemInfo: [/proc/meminfo - SSI]	MemTotal:       131394444 kB
20220314 014626.328 INFO             PET0 PIOc_sync Exit - MemInfo: [/proc/meminfo - SSI]	MemFree:        123806732 kB
20220314 014626.328 INFO             PET0 PIOc_sync Exit - MemInfo: [/proc/meminfo - SSI]	MemAvailable:   123465808 kB
20220314 014626.328 INFO             PET0 PIOc_sync Exit - MemInfo: [/proc/meminfo - SSI]	Committed_AS:    3891548 kB
20220314 014626.328 INFO             PET0 PIOc_sync Exit - MemInfo: [/proc/meminfo - SSI]	CommittedPercent: 2.96173 %
20220314 014626.328 INFO             PET0 PIOc_sync Exit - MemInfo: [/proc/self/status]	VmPeak:	 3804712 kB
20220314 014626.328 INFO             PET0 PIOc_sync Exit - MemInfo: [/proc/self/status]	VmSize:	 3803692 kB
20220314 014626.328 INFO             PET0 PIOc_sync Exit - MemInfo: [/proc/self/status]	VmLck:	       0 kB
20220314 014626.328 INFO             PET0 PIOc_sync Exit - MemInfo: [/proc/self/status]	VmPin:	   82140 kB
20220314 014626.328 INFO             PET0 PIOc_sync Exit - MemInfo: [/proc/self/status]	VmHWM:	  150332 kB
20220314 014626.328 INFO             PET0 PIOc_sync Exit - MemInfo: [/proc/self/status]	VmRSS:	  150016 kB
20220314 014626.328 INFO             PET0 PIOc_sync Exit - MemInfo: [/proc/self/status]	VmData:	  273760 kB
20220314 014626.328 INFO             PET0 PIOc_sync Exit - MemInfo: [/proc/self/status]	VmStk:	     512 kB
20220314 014626.328 INFO             PET0 PIOc_sync Exit - MemInfo: [/proc/self/status]	VmExe:	    1976 kB
20220314 014626.328 INFO             PET0 PIOc_sync Exit - MemInfo: [/proc/self/status]	VmLib:	  104128 kB
20220314 014626.328 INFO             PET0 PIOc_sync Exit - MemInfo: [/proc/self/status]	VmPTE:	     712 kB
20220314 014626.328 INFO             PET0 PIOc_sync Exit - MemInfo: [/proc/self/status]	VmPMD:	      32 kB
20220314 014626.328 INFO             PET0 PIOc_sync Exit - MemInfo: [/proc/self/status]	VmSwap:	       0 kB
20220314 014626.328 INFO             PET0 PIOc_sync Exit - MemInfo: [/proc/self/status]	VmRSSPercent: 0.114172 %
20220314 014626.328 INFO             PET0 PIOc_sync Exit - MemInfo: [malloc] Non-mmapped space allocated:                 6012928 Byte
20220314 014626.328 INFO             PET0 PIOc_sync Exit - MemInfo: [malloc] Space allocated in mmapped regions:         85999616 Byte
20220314 014626.328 INFO             PET0 PIOc_sync Exit - MemInfo: [malloc] Maximum total allocated space:                     0 Byte
20220314 014626.328 INFO             PET0 PIOc_sync Exit - MemInfo: [malloc] Space in freed fastbin blocks:                   352 Byte
20220314 014626.328 INFO             PET0 PIOc_sync Exit - MemInfo: [malloc] Total allocated space:                       5761648 Byte
20220314 014626.328 INFO             PET0 PIOc_sync Exit - MemInfo: [malloc] Total free space:                             251280 Byte
20220314 014626.328 INFO             PET0 PIOc_sync Exit - MemInfo: [malloc] Top-most, releasable space:                   117472 Byte
20220314 014626.328 INFO             PET0 PIOc_sync Exit - MemInfo: [malloc] Total space in use, mmap + non-mmap:        91761264 Byte
20220314 014626.328 INFO             PET0 PIOc_sync Exit - MemInfo: [malloc] Total space held (mmap + non-mmap):         92012544 Byte
20220314 014626.328 INFO             PET0 PIOc_sync Exit - MemInfo: [malloc] Total space used (mmap + non-mmap):         91770624 Byte
20220314 014626.328 INFO             PET0 PIOc_sync Exit - MemInfo: Wall-clock time since execution start:              0.0739342 seconds
20220314 014626.328 INFO             PET0 PIOc_freedecomp Enter - MemInfo: [/proc/meminfo - SSI]	MemTotal:       131394444 kB
20220314 014626.328 INFO             PET0 PIOc_freedecomp Enter - MemInfo: [/proc/meminfo - SSI]	MemFree:        123806732 kB
20220314 014626.328 INFO             PET0 PIOc_freedecomp Enter - MemInfo: [/proc/meminfo - SSI]	MemAvailable:   123465808 kB
20220314 014626.328 INFO             PET0 PIOc_freedecomp Enter - MemInfo: [/proc/meminfo - SSI]	Committed_AS:    3891548 kB
20220314 014626.328 INFO             PET0 PIOc_freedecomp Enter - MemInfo: [/proc/meminfo - SSI]	CommittedPercent: 2.96173 %
20220314 014626.328 INFO             PET0 PIOc_freedecomp Enter - MemInfo: [/proc/self/status]	VmPeak:	 3804712 kB
20220314 014626.328 INFO             PET0 PIOc_freedecomp Enter - MemInfo: [/proc/self/status]	VmSize:	 3803692 kB
20220314 014626.328 INFO             PET0 PIOc_freedecomp Enter - MemInfo: [/proc/self/status]	VmLck:	       0 kB
20220314 014626.328 INFO             PET0 PIOc_freedecomp Enter - MemInfo: [/proc/self/status]	VmPin:	   82140 kB
20220314 014626.328 INFO             PET0 PIOc_freedecomp Enter - MemInfo: [/proc/self/status]	VmHWM:	  150332 kB
20220314 014626.328 INFO             PET0 PIOc_freedecomp Enter - MemInfo: [/proc/self/status]	VmRSS:	  150016 kB
20220314 014626.328 INFO             PET0 PIOc_freedecomp Enter - MemInfo: [/proc/self/status]	VmData:	  273760 kB
20220314 014626.328 INFO             PET0 PIOc_freedecomp Enter - MemInfo: [/proc/self/status]	VmStk:	     512 kB
20220314 014626.328 INFO             PET0 PIOc_freedecomp Enter - MemInfo: [/proc/self/status]	VmExe:	    1976 kB
20220314 014626.328 INFO             PET0 PIOc_freedecomp Enter - MemInfo: [/proc/self/status]	VmLib:	  104128 kB
20220314 014626.328 INFO             PET0 PIOc_freedecomp Enter - MemInfo: [/proc/self/status]	VmPTE:	     712 kB
20220314 014626.328 INFO             PET0 PIOc_freedecomp Enter - MemInfo: [/proc/self/status]	VmPMD:	      32 kB
20220314 014626.328 INFO             PET0 PIOc_freedecomp Enter - MemInfo: [/proc/self/status]	VmSwap:	       0 kB
20220314 014626.328 INFO             PET0 PIOc_freedecomp Enter - MemInfo: [/proc/self/status]	VmRSSPercent: 0.114172 %
20220314 014626.328 INFO             PET0 PIOc_freedecomp Enter - MemInfo: [malloc] Non-mmapped space allocated:                 6012928 Byte
20220314 014626.328 INFO             PET0 PIOc_freedecomp Enter - MemInfo: [malloc] Space allocated in mmapped regions:         85999616 Byte
20220314 014626.328 INFO             PET0 PIOc_freedecomp Enter - MemInfo: [malloc] Maximum total allocated space:                     0 Byte
20220314 014626.328 INFO             PET0 PIOc_freedecomp Enter - MemInfo: [malloc] Space in freed fastbin blocks:                   368 Byte
20220314 014626.328 INFO             PET0 PIOc_freedecomp Enter - MemInfo: [malloc] Total allocated space:                       3124640 Byte
20220314 014626.328 INFO             PET0 PIOc_freedecomp Enter - MemInfo: [malloc] Total free space:                            2888288 Byte
20220314 014626.328 INFO             PET0 PIOc_freedecomp Enter - MemInfo: [malloc] Top-most, releasable space:                   118208 Byte
20220314 014626.328 INFO             PET0 PIOc_freedecomp Enter - MemInfo: [malloc] Total space in use, mmap + non-mmap:        89124256 Byte
20220314 014626.328 INFO             PET0 PIOc_freedecomp Enter - MemInfo: [malloc] Total space held (mmap + non-mmap):         92012544 Byte
20220314 014626.328 INFO             PET0 PIOc_freedecomp Enter - MemInfo: [malloc] Total space used (mmap + non-mmap):         89133616 Byte
20220314 014626.328 INFO             PET0 PIOc_freedecomp Enter - MemInfo: Wall-clock time since execution start:              0.0742588 seconds
20220314 014626.328 INFO             PET0 PIOc_freedecomp Exit - MemInfo: [/proc/meminfo - SSI]	MemTotal:       131394444 kB
20220314 014626.328 INFO             PET0 PIOc_freedecomp Exit - MemInfo: [/proc/meminfo - SSI]	MemFree:        123806732 kB
20220314 014626.328 INFO             PET0 PIOc_freedecomp Exit - MemInfo: [/proc/meminfo - SSI]	MemAvailable:   123465808 kB
20220314 014626.328 INFO             PET0 PIOc_freedecomp Exit - MemInfo: [/proc/meminfo - SSI]	Committed_AS:    3891548 kB
20220314 014626.328 INFO             PET0 PIOc_freedecomp Exit - MemInfo: [/proc/meminfo - SSI]	CommittedPercent: 2.96173 %
20220314 014626.328 INFO             PET0 PIOc_freedecomp Exit - MemInfo: [/proc/self/status]	VmPeak:	 3804712 kB
20220314 014626.328 INFO             PET0 PIOc_freedecomp Exit - MemInfo: [/proc/self/status]	VmSize:	 3803692 kB
20220314 014626.328 INFO             PET0 PIOc_freedecomp Exit - MemInfo: [/proc/self/status]	VmLck:	       0 kB
20220314 014626.328 INFO             PET0 PIOc_freedecomp Exit - MemInfo: [/proc/self/status]	VmPin:	   82140 kB
20220314 014626.328 INFO             PET0 PIOc_freedecomp Exit - MemInfo: [/proc/self/status]	VmHWM:	  150332 kB
20220314 014626.329 INFO             PET0 PIOc_freedecomp Exit - MemInfo: [/proc/self/status]	VmRSS:	  150016 kB
20220314 014626.329 INFO             PET0 PIOc_freedecomp Exit - MemInfo: [/proc/self/status]	VmData:	  273760 kB
20220314 014626.329 INFO             PET0 PIOc_freedecomp Exit - MemInfo: [/proc/self/status]	VmStk:	     512 kB
20220314 014626.329 INFO             PET0 PIOc_freedecomp Exit - MemInfo: [/proc/self/status]	VmExe:	    1976 kB
20220314 014626.329 INFO             PET0 PIOc_freedecomp Exit - MemInfo: [/proc/self/status]	VmLib:	  104128 kB
20220314 014626.329 INFO             PET0 PIOc_freedecomp Exit - MemInfo: [/proc/self/status]	VmPTE:	     712 kB
20220314 014626.329 INFO             PET0 PIOc_freedecomp Exit - MemInfo: [/proc/self/status]	VmPMD:	      32 kB
20220314 014626.329 INFO             PET0 PIOc_freedecomp Exit - MemInfo: [/proc/self/status]	VmSwap:	       0 kB
20220314 014626.329 INFO             PET0 PIOc_freedecomp Exit - MemInfo: [/proc/self/status]	VmRSSPercent: 0.114172 %
20220314 014626.329 INFO             PET0 PIOc_freedecomp Exit - MemInfo: [malloc] Non-mmapped space allocated:                 6012928 Byte
20220314 014626.329 INFO             PET0 PIOc_freedecomp Exit - MemInfo: [malloc] Space allocated in mmapped regions:         85999616 Byte
20220314 014626.329 INFO             PET0 PIOc_freedecomp Exit - MemInfo: [malloc] Maximum total allocated space:                     0 Byte
20220314 014626.329 INFO             PET0 PIOc_freedecomp Exit - MemInfo: [malloc] Space in freed fastbin blocks:                   848 Byte
20220314 014626.329 INFO             PET0 PIOc_freedecomp Exit - MemInfo: [malloc] Total allocated space:                       3123184 Byte
20220314 014626.329 INFO             PET0 PIOc_freedecomp Exit - MemInfo: [malloc] Total free space:                            2889744 Byte
20220314 014626.329 INFO             PET0 PIOc_freedecomp Exit - MemInfo: [malloc] Top-most, releasable space:                   118208 Byte
20220314 014626.329 INFO             PET0 PIOc_freedecomp Exit - MemInfo: [malloc] Total space in use, mmap + non-mmap:        89122800 Byte
20220314 014626.329 INFO             PET0 PIOc_freedecomp Exit - MemInfo: [malloc] Total space held (mmap + non-mmap):         92012544 Byte
20220314 014626.329 INFO             PET0 PIOc_freedecomp Exit - MemInfo: [malloc] Total space used (mmap + non-mmap):         89132160 Byte
20220314 014626.329 INFO             PET0 PIOc_freedecomp Exit - MemInfo: Wall-clock time since execution start:              0.0745564 seconds
20220314 014626.337 INFO             PET0  NUMBER_OF_PROCESSORS           4
20220314 014626.337 INFO             PET0  PASS  Example ESMF_RHandleBitForBitEx, ESMF_RHandleBitForBitEx.F90, line 1557
20220314 014626.337 INFO             PET0 Finalizing ESMF
20220314 014626.266 INFO             PET1 !!!!!!!!!!!!!!!!!!!!!!!!!!!!!!!!!!!!!!!!!!!!!!!!!!!!!!
20220314 014626.266 INFO             PET1 !!! THE ESMF_LOG IS SET TO OUTPUT ALL LOG MESSAGES !!!
20220314 014626.266 INFO             PET1 !!!     THIS MAY CAUSE SLOWDOWN IN PERFORMANCE     !!!
20220314 014626.266 INFO             PET1 !!! FOR PRODUCTION RUNS, USE:                      !!!
20220314 014626.266 INFO             PET1 !!!                   ESMF_LOGKIND_Multi_On_Error  !!!
20220314 014626.266 INFO             PET1 !!!!!!!!!!!!!!!!!!!!!!!!!!!!!!!!!!!!!!!!!!!!!!!!!!!!!!
20220314 014626.266 INFO             PET1 Running with ESMF Version   : v8.3.0b09-96-g559b459836
20220314 014626.266 INFO             PET1 ESMF library build date/time: "Mar 14 2022" "01:12:17"
20220314 014626.266 INFO             PET1 ESMF library build location : /gpfsm/dnb04/projects/p98/mpotts/esmf/intel_2020_intelmpi_O_jedwards_pio_update2
20220314 014626.266 INFO             PET1 ESMF_COMM                   : intelmpi
20220314 014626.267 INFO             PET1 ESMF_MOAB                   : enabled
20220314 014626.267 INFO             PET1 ESMF_LAPACK                 : enabled
20220314 014626.267 INFO             PET1 ESMF_NETCDF                 : enabled
20220314 014626.267 INFO             PET1 ESMF_PNETCDF                : disabled
20220314 014626.267 INFO             PET1 ESMF_PIO                    : enabled
20220314 014626.267 INFO             PET1 ESMF_YAMLCPP                : enabled
20220314 014626.320 INFO             PET1 PIOc_sync Enter - MemInfo: [/proc/meminfo - SSI]	MemTotal:       131394444 kB
20220314 014626.320 INFO             PET1 PIOc_sync Enter - MemInfo: [/proc/meminfo - SSI]	MemFree:        123806420 kB
20220314 014626.320 INFO             PET1 PIOc_sync Enter - MemInfo: [/proc/meminfo - SSI]	MemAvailable:   123465496 kB
20220314 014626.320 INFO             PET1 PIOc_sync Enter - MemInfo: [/proc/meminfo - SSI]	Committed_AS:    3891548 kB
20220314 014626.320 INFO             PET1 PIOc_sync Enter - MemInfo: [/proc/meminfo - SSI]	CommittedPercent: 2.96173 %
20220314 014626.320 INFO             PET1 PIOc_sync Enter - MemInfo: [/proc/self/status]	VmPeak:	 3800696 kB
20220314 014626.320 INFO             PET1 PIOc_sync Enter - MemInfo: [/proc/self/status]	VmSize:	 3798684 kB
20220314 014626.320 INFO             PET1 PIOc_sync Enter - MemInfo: [/proc/self/status]	VmLck:	       0 kB
20220314 014626.320 INFO             PET1 PIOc_sync Enter - MemInfo: [/proc/self/status]	VmPin:	   82140 kB
20220314 014626.320 INFO             PET1 PIOc_sync Enter - MemInfo: [/proc/self/status]	VmHWM:	  143520 kB
20220314 014626.320 INFO             PET1 PIOc_sync Enter - MemInfo: [/proc/self/status]	VmRSS:	  143520 kB
20220314 014626.320 INFO             PET1 PIOc_sync Enter - MemInfo: [/proc/self/status]	VmData:	  268752 kB
20220314 014626.320 INFO             PET1 PIOc_sync Enter - MemInfo: [/proc/self/status]	VmStk:	     512 kB
20220314 014626.320 INFO             PET1 PIOc_sync Enter - MemInfo: [/proc/self/status]	VmExe:	    1976 kB
20220314 014626.320 INFO             PET1 PIOc_sync Enter - MemInfo: [/proc/self/status]	VmLib:	  104128 kB
20220314 014626.320 INFO             PET1 PIOc_sync Enter - MemInfo: [/proc/self/status]	VmPTE:	     684 kB
20220314 014626.320 INFO             PET1 PIOc_sync Enter - MemInfo: [/proc/self/status]	VmPMD:	      28 kB
20220314 014626.320 INFO             PET1 PIOc_sync Enter - MemInfo: [/proc/self/status]	VmSwap:	       0 kB
20220314 014626.320 INFO             PET1 PIOc_sync Enter - MemInfo: [/proc/self/status]	VmRSSPercent: 0.109228 %
20220314 014626.320 INFO             PET1 PIOc_sync Enter - MemInfo: [malloc] Non-mmapped space allocated:                 2981888 Byte
20220314 014626.320 INFO             PET1 PIOc_sync Enter - MemInfo: [malloc] Space allocated in mmapped regions:         85999616 Byte
20220314 014626.320 INFO             PET1 PIOc_sync Enter - MemInfo: [malloc] Maximum total allocated space:                     0 Byte
20220314 014626.320 INFO             PET1 PIOc_sync Enter - MemInfo: [malloc] Space in freed fastbin blocks:                   112 Byte
20220314 014626.320 INFO             PET1 PIOc_sync Enter - MemInfo: [malloc] Total allocated space:                       2574080 Byte
20220314 014626.320 INFO             PET1 PIOc_sync Enter - MemInfo: [malloc] Total free space:                             407808 Byte
20220314 014626.320 INFO             PET1 PIOc_sync Enter - MemInfo: [malloc] Top-most, releasable space:                   274592 Byte
20220314 014626.320 INFO             PET1 PIOc_sync Enter - MemInfo: [malloc] Total space in use, mmap + non-mmap:        88573696 Byte
20220314 014626.320 INFO             PET1 PIOc_sync Enter - MemInfo: [malloc] Total space held (mmap + non-mmap):         88981504 Byte
20220314 014626.320 INFO             PET1 PIOc_sync Enter - MemInfo: [malloc] Total space used (mmap + non-mmap):         88583056 Byte
20220314 014626.320 INFO             PET1 PIOc_sync Enter - MemInfo: Wall-clock time since execution start:              0.0668412 seconds
20220314 014626.321 INFO             PET1 PIOc_sync Exit - MemInfo: [/proc/meminfo - SSI]	MemTotal:       131394444 kB
20220314 014626.321 INFO             PET1 PIOc_sync Exit - MemInfo: [/proc/meminfo - SSI]	MemFree:        123806420 kB
20220314 014626.321 INFO             PET1 PIOc_sync Exit - MemInfo: [/proc/meminfo - SSI]	MemAvailable:   123465496 kB
20220314 014626.321 INFO             PET1 PIOc_sync Exit - MemInfo: [/proc/meminfo - SSI]	Committed_AS:    3891548 kB
20220314 014626.321 INFO             PET1 PIOc_sync Exit - MemInfo: [/proc/meminfo - SSI]	CommittedPercent: 2.96173 %
20220314 014626.321 INFO             PET1 PIOc_sync Exit - MemInfo: [/proc/self/status]	VmPeak:	 3800696 kB
20220314 014626.321 INFO             PET1 PIOc_sync Exit - MemInfo: [/proc/self/status]	VmSize:	 3798684 kB
20220314 014626.321 INFO             PET1 PIOc_sync Exit - MemInfo: [/proc/self/status]	VmLck:	       0 kB
20220314 014626.321 INFO             PET1 PIOc_sync Exit - MemInfo: [/proc/self/status]	VmPin:	   82140 kB
20220314 014626.321 INFO             PET1 PIOc_sync Exit - MemInfo: [/proc/self/status]	VmHWM:	  143624 kB
20220314 014626.321 INFO             PET1 PIOc_sync Exit - MemInfo: [/proc/self/status]	VmRSS:	  143624 kB
20220314 014626.321 INFO             PET1 PIOc_sync Exit - MemInfo: [/proc/self/status]	VmData:	  268752 kB
20220314 014626.321 INFO             PET1 PIOc_sync Exit - MemInfo: [/proc/self/status]	VmStk:	     512 kB
20220314 014626.321 INFO             PET1 PIOc_sync Exit - MemInfo: [/proc/self/status]	VmExe:	    1976 kB
20220314 014626.321 INFO             PET1 PIOc_sync Exit - MemInfo: [/proc/self/status]	VmLib:	  104128 kB
20220314 014626.321 INFO             PET1 PIOc_sync Exit - MemInfo: [/proc/self/status]	VmPTE:	     684 kB
20220314 014626.321 INFO             PET1 PIOc_sync Exit - MemInfo: [/proc/self/status]	VmPMD:	      28 kB
20220314 014626.321 INFO             PET1 PIOc_sync Exit - MemInfo: [/proc/self/status]	VmSwap:	       0 kB
20220314 014626.321 INFO             PET1 PIOc_sync Exit - MemInfo: [/proc/self/status]	VmRSSPercent: 0.109308 %
20220314 014626.321 INFO             PET1 PIOc_sync Exit - MemInfo: [malloc] Non-mmapped space allocated:                 2981888 Byte
20220314 014626.321 INFO             PET1 PIOc_sync Exit - MemInfo: [malloc] Space allocated in mmapped regions:         85999616 Byte
20220314 014626.321 INFO             PET1 PIOc_sync Exit - MemInfo: [malloc] Maximum total allocated space:                     0 Byte
20220314 014626.321 INFO             PET1 PIOc_sync Exit - MemInfo: [malloc] Space in freed fastbin blocks:                   112 Byte
20220314 014626.321 INFO             PET1 PIOc_sync Exit - MemInfo: [malloc] Total allocated space:                       2573296 Byte
20220314 014626.321 INFO             PET1 PIOc_sync Exit - MemInfo: [malloc] Total free space:                             408592 Byte
20220314 014626.321 INFO             PET1 PIOc_sync Exit - MemInfo: [malloc] Top-most, releasable space:                   275120 Byte
20220314 014626.321 INFO             PET1 PIOc_sync Exit - MemInfo: [malloc] Total space in use, mmap + non-mmap:        88572912 Byte
20220314 014626.321 INFO             PET1 PIOc_sync Exit - MemInfo: [malloc] Total space held (mmap + non-mmap):         88981504 Byte
20220314 014626.321 INFO             PET1 PIOc_sync Exit - MemInfo: [malloc] Total space used (mmap + non-mmap):         88582272 Byte
20220314 014626.321 INFO             PET1 PIOc_sync Exit - MemInfo: Wall-clock time since execution start:              0.0675202 seconds
20220314 014626.321 INFO             PET1 PIOc_freedecomp Enter - MemInfo: [/proc/meminfo - SSI]	MemTotal:       131394444 kB
20220314 014626.321 INFO             PET1 PIOc_freedecomp Enter - MemInfo: [/proc/meminfo - SSI]	MemFree:        123807228 kB
20220314 014626.321 INFO             PET1 PIOc_freedecomp Enter - MemInfo: [/proc/meminfo - SSI]	MemAvailable:   123466304 kB
20220314 014626.321 INFO             PET1 PIOc_freedecomp Enter - MemInfo: [/proc/meminfo - SSI]	Committed_AS:    3891548 kB
20220314 014626.321 INFO             PET1 PIOc_freedecomp Enter - MemInfo: [/proc/meminfo - SSI]	CommittedPercent: 2.96173 %
20220314 014626.321 INFO             PET1 PIOc_freedecomp Enter - MemInfo: [/proc/self/status]	VmPeak:	 3800696 kB
20220314 014626.321 INFO             PET1 PIOc_freedecomp Enter - MemInfo: [/proc/self/status]	VmSize:	 3798684 kB
20220314 014626.321 INFO             PET1 PIOc_freedecomp Enter - MemInfo: [/proc/self/status]	VmLck:	       0 kB
20220314 014626.321 INFO             PET1 PIOc_freedecomp Enter - MemInfo: [/proc/self/status]	VmPin:	   82140 kB
20220314 014626.321 INFO             PET1 PIOc_freedecomp Enter - MemInfo: [/proc/self/status]	VmHWM:	  143628 kB
20220314 014626.321 INFO             PET1 PIOc_freedecomp Enter - MemInfo: [/proc/self/status]	VmRSS:	  143628 kB
20220314 014626.321 INFO             PET1 PIOc_freedecomp Enter - MemInfo: [/proc/self/status]	VmData:	  268752 kB
20220314 014626.321 INFO             PET1 PIOc_freedecomp Enter - MemInfo: [/proc/self/status]	VmStk:	     512 kB
20220314 014626.321 INFO             PET1 PIOc_freedecomp Enter - MemInfo: [/proc/self/status]	VmExe:	    1976 kB
20220314 014626.321 INFO             PET1 PIOc_freedecomp Enter - MemInfo: [/proc/self/status]	VmLib:	  104128 kB
20220314 014626.321 INFO             PET1 PIOc_freedecomp Enter - MemInfo: [/proc/self/status]	VmPTE:	     684 kB
20220314 014626.321 INFO             PET1 PIOc_freedecomp Enter - MemInfo: [/proc/self/status]	VmPMD:	      28 kB
20220314 014626.321 INFO             PET1 PIOc_freedecomp Enter - MemInfo: [/proc/self/status]	VmSwap:	       0 kB
20220314 014626.321 INFO             PET1 PIOc_freedecomp Enter - MemInfo: [/proc/self/status]	VmRSSPercent: 0.109311 %
20220314 014626.321 INFO             PET1 PIOc_freedecomp Enter - MemInfo: [malloc] Non-mmapped space allocated:                 2981888 Byte
20220314 014626.321 INFO             PET1 PIOc_freedecomp Enter - MemInfo: [malloc] Space allocated in mmapped regions:         85999616 Byte
20220314 014626.321 INFO             PET1 PIOc_freedecomp Enter - MemInfo: [malloc] Maximum total allocated space:                     0 Byte
20220314 014626.321 INFO             PET1 PIOc_freedecomp Enter - MemInfo: [malloc] Space in freed fastbin blocks:                   368 Byte
20220314 014626.321 INFO             PET1 PIOc_freedecomp Enter - MemInfo: [malloc] Total allocated space:                       2571680 Byte
20220314 014626.321 INFO             PET1 PIOc_freedecomp Enter - MemInfo: [malloc] Total free space:                             410208 Byte
20220314 014626.321 INFO             PET1 PIOc_freedecomp Enter - MemInfo: [malloc] Top-most, releasable space:                   276272 Byte
20220314 014626.321 INFO             PET1 PIOc_freedecomp Enter - MemInfo: [malloc] Total space in use, mmap + non-mmap:        88571296 Byte
20220314 014626.321 INFO             PET1 PIOc_freedecomp Enter - MemInfo: [malloc] Total space held (mmap + non-mmap):         88981504 Byte
20220314 014626.321 INFO             PET1 PIOc_freedecomp Enter - MemInfo: [malloc] Total space used (mmap + non-mmap):         88580656 Byte
20220314 014626.321 INFO             PET1 PIOc_freedecomp Enter - MemInfo: Wall-clock time since execution start:              0.0679874 seconds
20220314 014626.322 INFO             PET1 PIOc_freedecomp Exit - MemInfo: [/proc/meminfo - SSI]	MemTotal:       131394444 kB
20220314 014626.322 INFO             PET1 PIOc_freedecomp Exit - MemInfo: [/proc/meminfo - SSI]	MemFree:        123807228 kB
20220314 014626.322 INFO             PET1 PIOc_freedecomp Exit - MemInfo: [/proc/meminfo - SSI]	MemAvailable:   123466304 kB
20220314 014626.322 INFO             PET1 PIOc_freedecomp Exit - MemInfo: [/proc/meminfo - SSI]	Committed_AS:    3891548 kB
20220314 014626.322 INFO             PET1 PIOc_freedecomp Exit - MemInfo: [/proc/meminfo - SSI]	CommittedPercent: 2.96173 %
20220314 014626.322 INFO             PET1 PIOc_freedecomp Exit - MemInfo: [/proc/self/status]	VmPeak:	 3800696 kB
20220314 014626.322 INFO             PET1 PIOc_freedecomp Exit - MemInfo: [/proc/self/status]	VmSize:	 3798684 kB
20220314 014626.322 INFO             PET1 PIOc_freedecomp Exit - MemInfo: [/proc/self/status]	VmLck:	       0 kB
20220314 014626.322 INFO             PET1 PIOc_freedecomp Exit - MemInfo: [/proc/self/status]	VmPin:	   82140 kB
20220314 014626.322 INFO             PET1 PIOc_freedecomp Exit - MemInfo: [/proc/self/status]	VmHWM:	  143628 kB
20220314 014626.322 INFO             PET1 PIOc_freedecomp Exit - MemInfo: [/proc/self/status]	VmRSS:	  143628 kB
20220314 014626.322 INFO             PET1 PIOc_freedecomp Exit - MemInfo: [/proc/self/status]	VmData:	  268752 kB
20220314 014626.322 INFO             PET1 PIOc_freedecomp Exit - MemInfo: [/proc/self/status]	VmStk:	     512 kB
20220314 014626.322 INFO             PET1 PIOc_freedecomp Exit - MemInfo: [/proc/self/status]	VmExe:	    1976 kB
20220314 014626.322 INFO             PET1 PIOc_freedecomp Exit - MemInfo: [/proc/self/status]	VmLib:	  104128 kB
20220314 014626.322 INFO             PET1 PIOc_freedecomp Exit - MemInfo: [/proc/self/status]	VmPTE:	     684 kB
20220314 014626.322 INFO             PET1 PIOc_freedecomp Exit - MemInfo: [/proc/self/status]	VmPMD:	      28 kB
20220314 014626.322 INFO             PET1 PIOc_freedecomp Exit - MemInfo: [/proc/self/status]	VmSwap:	       0 kB
20220314 014626.322 INFO             PET1 PIOc_freedecomp Exit - MemInfo: [/proc/self/status]	VmRSSPercent: 0.109311 %
20220314 014626.322 INFO             PET1 PIOc_freedecomp Exit - MemInfo: [malloc] Non-mmapped space allocated:                 2981888 Byte
20220314 014626.322 INFO             PET1 PIOc_freedecomp Exit - MemInfo: [malloc] Space allocated in mmapped regions:         85999616 Byte
20220314 014626.322 INFO             PET1 PIOc_freedecomp Exit - MemInfo: [malloc] Maximum total allocated space:                     0 Byte
20220314 014626.322 INFO             PET1 PIOc_freedecomp Exit - MemInfo: [malloc] Space in freed fastbin blocks:                   272 Byte
20220314 014626.322 INFO             PET1 PIOc_freedecomp Exit - MemInfo: [malloc] Total allocated space:                       2570400 Byte
20220314 014626.322 INFO             PET1 PIOc_freedecomp Exit - MemInfo: [malloc] Total free space:                             411488 Byte
20220314 014626.322 INFO             PET1 PIOc_freedecomp Exit - MemInfo: [malloc] Top-most, releasable space:                   277584 Byte
20220314 014626.322 INFO             PET1 PIOc_freedecomp Exit - MemInfo: [malloc] Total space in use, mmap + non-mmap:        88570016 Byte
20220314 014626.322 INFO             PET1 PIOc_freedecomp Exit - MemInfo: [malloc] Total space held (mmap + non-mmap):         88981504 Byte
20220314 014626.322 INFO             PET1 PIOc_freedecomp Exit - MemInfo: [malloc] Total space used (mmap + non-mmap):         88579376 Byte
20220314 014626.322 INFO             PET1 PIOc_freedecomp Exit - MemInfo: Wall-clock time since execution start:              0.0682915 seconds
20220314 014626.323 INFO             PET1 PIOc_sync Enter - MemInfo: [/proc/meminfo - SSI]	MemTotal:       131394444 kB
20220314 014626.323 INFO             PET1 PIOc_sync Enter - MemInfo: [/proc/meminfo - SSI]	MemFree:        123807228 kB
20220314 014626.323 INFO             PET1 PIOc_sync Enter - MemInfo: [/proc/meminfo - SSI]	MemAvailable:   123466304 kB
20220314 014626.323 INFO             PET1 PIOc_sync Enter - MemInfo: [/proc/meminfo - SSI]	Committed_AS:    3891548 kB
20220314 014626.323 INFO             PET1 PIOc_sync Enter - MemInfo: [/proc/meminfo - SSI]	CommittedPercent: 2.96173 %
20220314 014626.323 INFO             PET1 PIOc_sync Enter - MemInfo: [/proc/self/status]	VmPeak:	 3800696 kB
20220314 014626.323 INFO             PET1 PIOc_sync Enter - MemInfo: [/proc/self/status]	VmSize:	 3798684 kB
20220314 014626.323 INFO             PET1 PIOc_sync Enter - MemInfo: [/proc/self/status]	VmLck:	       0 kB
20220314 014626.323 INFO             PET1 PIOc_sync Enter - MemInfo: [/proc/self/status]	VmPin:	   82140 kB
20220314 014626.323 INFO             PET1 PIOc_sync Enter - MemInfo: [/proc/self/status]	VmHWM:	  143780 kB
20220314 014626.323 INFO             PET1 PIOc_sync Enter - MemInfo: [/proc/self/status]	VmRSS:	  143780 kB
20220314 014626.323 INFO             PET1 PIOc_sync Enter - MemInfo: [/proc/self/status]	VmData:	  268752 kB
20220314 014626.323 INFO             PET1 PIOc_sync Enter - MemInfo: [/proc/self/status]	VmStk:	     512 kB
20220314 014626.323 INFO             PET1 PIOc_sync Enter - MemInfo: [/proc/self/status]	VmExe:	    1976 kB
20220314 014626.323 INFO             PET1 PIOc_sync Enter - MemInfo: [/proc/self/status]	VmLib:	  104128 kB
20220314 014626.323 INFO             PET1 PIOc_sync Enter - MemInfo: [/proc/self/status]	VmPTE:	     684 kB
20220314 014626.323 INFO             PET1 PIOc_sync Enter - MemInfo: [/proc/self/status]	VmPMD:	      28 kB
20220314 014626.323 INFO             PET1 PIOc_sync Enter - MemInfo: [/proc/self/status]	VmSwap:	       0 kB
20220314 014626.323 INFO             PET1 PIOc_sync Enter - MemInfo: [/proc/self/status]	VmRSSPercent: 0.109426 %
20220314 014626.323 INFO             PET1 PIOc_sync Enter - MemInfo: [malloc] Non-mmapped space allocated:                 2981888 Byte
20220314 014626.323 INFO             PET1 PIOc_sync Enter - MemInfo: [malloc] Space allocated in mmapped regions:         85999616 Byte
20220314 014626.323 INFO             PET1 PIOc_sync Enter - MemInfo: [malloc] Maximum total allocated space:                     0 Byte
20220314 014626.323 INFO             PET1 PIOc_sync Enter - MemInfo: [malloc] Space in freed fastbin blocks:                   512 Byte
20220314 014626.323 INFO             PET1 PIOc_sync Enter - MemInfo: [malloc] Total allocated space:                       2574240 Byte
20220314 014626.323 INFO             PET1 PIOc_sync Enter - MemInfo: [malloc] Total free space:                             407648 Byte
20220314 014626.323 INFO             PET1 PIOc_sync Enter - MemInfo: [malloc] Top-most, releasable space:                   273888 Byte
20220314 014626.323 INFO             PET1 PIOc_sync Enter - MemInfo: [malloc] Total space in use, mmap + non-mmap:        88573856 Byte
20220314 014626.323 INFO             PET1 PIOc_sync Enter - MemInfo: [malloc] Total space held (mmap + non-mmap):         88981504 Byte
20220314 014626.323 INFO             PET1 PIOc_sync Enter - MemInfo: [malloc] Total space used (mmap + non-mmap):         88583216 Byte
20220314 014626.323 INFO             PET1 PIOc_sync Enter - MemInfo: Wall-clock time since execution start:              0.0696763 seconds
20220314 014626.324 INFO             PET1 PIOc_sync Exit - MemInfo: [/proc/meminfo - SSI]	MemTotal:       131394444 kB
20220314 014626.324 INFO             PET1 PIOc_sync Exit - MemInfo: [/proc/meminfo - SSI]	MemFree:        123807228 kB
20220314 014626.324 INFO             PET1 PIOc_sync Exit - MemInfo: [/proc/meminfo - SSI]	MemAvailable:   123466304 kB
20220314 014626.324 INFO             PET1 PIOc_sync Exit - MemInfo: [/proc/meminfo - SSI]	Committed_AS:    3891548 kB
20220314 014626.324 INFO             PET1 PIOc_sync Exit - MemInfo: [/proc/meminfo - SSI]	CommittedPercent: 2.96173 %
20220314 014626.324 INFO             PET1 PIOc_sync Exit - MemInfo: [/proc/self/status]	VmPeak:	 3800696 kB
20220314 014626.324 INFO             PET1 PIOc_sync Exit - MemInfo: [/proc/self/status]	VmSize:	 3798684 kB
20220314 014626.324 INFO             PET1 PIOc_sync Exit - MemInfo: [/proc/self/status]	VmLck:	       0 kB
20220314 014626.324 INFO             PET1 PIOc_sync Exit - MemInfo: [/proc/self/status]	VmPin:	   82140 kB
20220314 014626.324 INFO             PET1 PIOc_sync Exit - MemInfo: [/proc/self/status]	VmHWM:	  143784 kB
20220314 014626.324 INFO             PET1 PIOc_sync Exit - MemInfo: [/proc/self/status]	VmRSS:	  143784 kB
20220314 014626.324 INFO             PET1 PIOc_sync Exit - MemInfo: [/proc/self/status]	VmData:	  268752 kB
20220314 014626.324 INFO             PET1 PIOc_sync Exit - MemInfo: [/proc/self/status]	VmStk:	     512 kB
20220314 014626.324 INFO             PET1 PIOc_sync Exit - MemInfo: [/proc/self/status]	VmExe:	    1976 kB
20220314 014626.324 INFO             PET1 PIOc_sync Exit - MemInfo: [/proc/self/status]	VmLib:	  104128 kB
20220314 014626.324 INFO             PET1 PIOc_sync Exit - MemInfo: [/proc/self/status]	VmPTE:	     684 kB
20220314 014626.324 INFO             PET1 PIOc_sync Exit - MemInfo: [/proc/self/status]	VmPMD:	      28 kB
20220314 014626.324 INFO             PET1 PIOc_sync Exit - MemInfo: [/proc/self/status]	VmSwap:	       0 kB
20220314 014626.324 INFO             PET1 PIOc_sync Exit - MemInfo: [/proc/self/status]	VmRSSPercent: 0.109429 %
20220314 014626.324 INFO             PET1 PIOc_sync Exit - MemInfo: [malloc] Non-mmapped space allocated:                 2981888 Byte
20220314 014626.324 INFO             PET1 PIOc_sync Exit - MemInfo: [malloc] Space allocated in mmapped regions:         85999616 Byte
20220314 014626.324 INFO             PET1 PIOc_sync Exit - MemInfo: [malloc] Maximum total allocated space:                     0 Byte
20220314 014626.324 INFO             PET1 PIOc_sync Exit - MemInfo: [malloc] Space in freed fastbin blocks:                   352 Byte
20220314 014626.324 INFO             PET1 PIOc_sync Exit - MemInfo: [malloc] Total allocated space:                       2573456 Byte
20220314 014626.324 INFO             PET1 PIOc_sync Exit - MemInfo: [malloc] Total free space:                             408432 Byte
20220314 014626.324 INFO             PET1 PIOc_sync Exit - MemInfo: [malloc] Top-most, releasable space:                   274528 Byte
20220314 014626.324 INFO             PET1 PIOc_sync Exit - MemInfo: [malloc] Total space in use, mmap + non-mmap:        88573072 Byte
20220314 014626.324 INFO             PET1 PIOc_sync Exit - MemInfo: [malloc] Total space held (mmap + non-mmap):         88981504 Byte
20220314 014626.324 INFO             PET1 PIOc_sync Exit - MemInfo: [malloc] Total space used (mmap + non-mmap):         88582432 Byte
20220314 014626.324 INFO             PET1 PIOc_sync Exit - MemInfo: Wall-clock time since execution start:              0.0704136 seconds
20220314 014626.324 INFO             PET1 PIOc_freedecomp Enter - MemInfo: [/proc/meminfo - SSI]	MemTotal:       131394444 kB
20220314 014626.324 INFO             PET1 PIOc_freedecomp Enter - MemInfo: [/proc/meminfo - SSI]	MemFree:        123807228 kB
20220314 014626.324 INFO             PET1 PIOc_freedecomp Enter - MemInfo: [/proc/meminfo - SSI]	MemAvailable:   123466304 kB
20220314 014626.324 INFO             PET1 PIOc_freedecomp Enter - MemInfo: [/proc/meminfo - SSI]	Committed_AS:    3891548 kB
20220314 014626.324 INFO             PET1 PIOc_freedecomp Enter - MemInfo: [/proc/meminfo - SSI]	CommittedPercent: 2.96173 %
20220314 014626.324 INFO             PET1 PIOc_freedecomp Enter - MemInfo: [/proc/self/status]	VmPeak:	 3800696 kB
20220314 014626.324 INFO             PET1 PIOc_freedecomp Enter - MemInfo: [/proc/self/status]	VmSize:	 3798684 kB
20220314 014626.324 INFO             PET1 PIOc_freedecomp Enter - MemInfo: [/proc/self/status]	VmLck:	       0 kB
20220314 014626.324 INFO             PET1 PIOc_freedecomp Enter - MemInfo: [/proc/self/status]	VmPin:	   82140 kB
20220314 014626.324 INFO             PET1 PIOc_freedecomp Enter - MemInfo: [/proc/self/status]	VmHWM:	  143784 kB
20220314 014626.324 INFO             PET1 PIOc_freedecomp Enter - MemInfo: [/proc/self/status]	VmRSS:	  143784 kB
20220314 014626.324 INFO             PET1 PIOc_freedecomp Enter - MemInfo: [/proc/self/status]	VmData:	  268752 kB
20220314 014626.324 INFO             PET1 PIOc_freedecomp Enter - MemInfo: [/proc/self/status]	VmStk:	     512 kB
20220314 014626.324 INFO             PET1 PIOc_freedecomp Enter - MemInfo: [/proc/self/status]	VmExe:	    1976 kB
20220314 014626.324 INFO             PET1 PIOc_freedecomp Enter - MemInfo: [/proc/self/status]	VmLib:	  104128 kB
20220314 014626.324 INFO             PET1 PIOc_freedecomp Enter - MemInfo: [/proc/self/status]	VmPTE:	     684 kB
20220314 014626.324 INFO             PET1 PIOc_freedecomp Enter - MemInfo: [/proc/self/status]	VmPMD:	      28 kB
20220314 014626.324 INFO             PET1 PIOc_freedecomp Enter - MemInfo: [/proc/self/status]	VmSwap:	       0 kB
20220314 014626.324 INFO             PET1 PIOc_freedecomp Enter - MemInfo: [/proc/self/status]	VmRSSPercent: 0.109429 %
20220314 014626.324 INFO             PET1 PIOc_freedecomp Enter - MemInfo: [malloc] Non-mmapped space allocated:                 2981888 Byte
20220314 014626.324 INFO             PET1 PIOc_freedecomp Enter - MemInfo: [malloc] Space allocated in mmapped regions:         85999616 Byte
20220314 014626.324 INFO             PET1 PIOc_freedecomp Enter - MemInfo: [malloc] Maximum total allocated space:                     0 Byte
20220314 014626.324 INFO             PET1 PIOc_freedecomp Enter - MemInfo: [malloc] Space in freed fastbin blocks:                   272 Byte
20220314 014626.324 INFO             PET1 PIOc_freedecomp Enter - MemInfo: [malloc] Total allocated space:                       2571680 Byte
20220314 014626.324 INFO             PET1 PIOc_freedecomp Enter - MemInfo: [malloc] Total free space:                             410208 Byte
20220314 014626.324 INFO             PET1 PIOc_freedecomp Enter - MemInfo: [malloc] Top-most, releasable space:                   275504 Byte
20220314 014626.324 INFO             PET1 PIOc_freedecomp Enter - MemInfo: [malloc] Total space in use, mmap + non-mmap:        88571296 Byte
20220314 014626.324 INFO             PET1 PIOc_freedecomp Enter - MemInfo: [malloc] Total space held (mmap + non-mmap):         88981504 Byte
20220314 014626.324 INFO             PET1 PIOc_freedecomp Enter - MemInfo: [malloc] Total space used (mmap + non-mmap):         88580656 Byte
20220314 014626.324 INFO             PET1 PIOc_freedecomp Enter - MemInfo: Wall-clock time since execution start:              0.0708348 seconds
20220314 014626.324 INFO             PET1 PIOc_freedecomp Exit - MemInfo: [/proc/meminfo - SSI]	MemTotal:       131394444 kB
20220314 014626.324 INFO             PET1 PIOc_freedecomp Exit - MemInfo: [/proc/meminfo - SSI]	MemFree:        123807228 kB
20220314 014626.324 INFO             PET1 PIOc_freedecomp Exit - MemInfo: [/proc/meminfo - SSI]	MemAvailable:   123466304 kB
20220314 014626.324 INFO             PET1 PIOc_freedecomp Exit - MemInfo: [/proc/meminfo - SSI]	Committed_AS:    3891548 kB
20220314 014626.324 INFO             PET1 PIOc_freedecomp Exit - MemInfo: [/proc/meminfo - SSI]	CommittedPercent: 2.96173 %
20220314 014626.324 INFO             PET1 PIOc_freedecomp Exit - MemInfo: [/proc/self/status]	VmPeak:	 3800696 kB
20220314 014626.324 INFO             PET1 PIOc_freedecomp Exit - MemInfo: [/proc/self/status]	VmSize:	 3798684 kB
20220314 014626.324 INFO             PET1 PIOc_freedecomp Exit - MemInfo: [/proc/self/status]	VmLck:	       0 kB
20220314 014626.324 INFO             PET1 PIOc_freedecomp Exit - MemInfo: [/proc/self/status]	VmPin:	   82140 kB
20220314 014626.324 INFO             PET1 PIOc_freedecomp Exit - MemInfo: [/proc/self/status]	VmHWM:	  143784 kB
20220314 014626.325 INFO             PET1 PIOc_freedecomp Exit - MemInfo: [/proc/self/status]	VmRSS:	  143784 kB
20220314 014626.325 INFO             PET1 PIOc_freedecomp Exit - MemInfo: [/proc/self/status]	VmData:	  268752 kB
20220314 014626.325 INFO             PET1 PIOc_freedecomp Exit - MemInfo: [/proc/self/status]	VmStk:	     512 kB
20220314 014626.325 INFO             PET1 PIOc_freedecomp Exit - MemInfo: [/proc/self/status]	VmExe:	    1976 kB
20220314 014626.325 INFO             PET1 PIOc_freedecomp Exit - MemInfo: [/proc/self/status]	VmLib:	  104128 kB
20220314 014626.325 INFO             PET1 PIOc_freedecomp Exit - MemInfo: [/proc/self/status]	VmPTE:	     684 kB
20220314 014626.325 INFO             PET1 PIOc_freedecomp Exit - MemInfo: [/proc/self/status]	VmPMD:	      28 kB
20220314 014626.325 INFO             PET1 PIOc_freedecomp Exit - MemInfo: [/proc/self/status]	VmSwap:	       0 kB
20220314 014626.325 INFO             PET1 PIOc_freedecomp Exit - MemInfo: [/proc/self/status]	VmRSSPercent: 0.109429 %
20220314 014626.325 INFO             PET1 PIOc_freedecomp Exit - MemInfo: [malloc] Non-mmapped space allocated:                 2981888 Byte
20220314 014626.325 INFO             PET1 PIOc_freedecomp Exit - MemInfo: [malloc] Space allocated in mmapped regions:         85999616 Byte
20220314 014626.325 INFO             PET1 PIOc_freedecomp Exit - MemInfo: [malloc] Maximum total allocated space:                     0 Byte
20220314 014626.325 INFO             PET1 PIOc_freedecomp Exit - MemInfo: [malloc] Space in freed fastbin blocks:                   816 Byte
20220314 014626.325 INFO             PET1 PIOc_freedecomp Exit - MemInfo: [malloc] Total allocated space:                       2570400 Byte
20220314 014626.325 INFO             PET1 PIOc_freedecomp Exit - MemInfo: [malloc] Total free space:                             411488 Byte
20220314 014626.325 INFO             PET1 PIOc_freedecomp Exit - MemInfo: [malloc] Top-most, releasable space:                   275504 Byte
20220314 014626.325 INFO             PET1 PIOc_freedecomp Exit - MemInfo: [malloc] Total space in use, mmap + non-mmap:        88570016 Byte
20220314 014626.325 INFO             PET1 PIOc_freedecomp Exit - MemInfo: [malloc] Total space held (mmap + non-mmap):         88981504 Byte
20220314 014626.325 INFO             PET1 PIOc_freedecomp Exit - MemInfo: [malloc] Total space used (mmap + non-mmap):         88579376 Byte
20220314 014626.325 INFO             PET1 PIOc_freedecomp Exit - MemInfo: Wall-clock time since execution start:              0.0711408 seconds
20220314 014626.325 INFO             PET1 PIOc_sync Enter - MemInfo: [/proc/meminfo - SSI]	MemTotal:       131394444 kB
20220314 014626.325 INFO             PET1 PIOc_sync Enter - MemInfo: [/proc/meminfo - SSI]	MemFree:        123806732 kB
20220314 014626.325 INFO             PET1 PIOc_sync Enter - MemInfo: [/proc/meminfo - SSI]	MemAvailable:   123465808 kB
20220314 014626.325 INFO             PET1 PIOc_sync Enter - MemInfo: [/proc/meminfo - SSI]	Committed_AS:    3891548 kB
20220314 014626.326 INFO             PET1 PIOc_sync Enter - MemInfo: [/proc/meminfo - SSI]	CommittedPercent: 2.96173 %
20220314 014626.326 INFO             PET1 PIOc_sync Enter - MemInfo: [/proc/self/status]	VmPeak:	 3800696 kB
20220314 014626.326 INFO             PET1 PIOc_sync Enter - MemInfo: [/proc/self/status]	VmSize:	 3798684 kB
20220314 014626.326 INFO             PET1 PIOc_sync Enter - MemInfo: [/proc/self/status]	VmLck:	       0 kB
20220314 014626.326 INFO             PET1 PIOc_sync Enter - MemInfo: [/proc/self/status]	VmPin:	   82140 kB
20220314 014626.326 INFO             PET1 PIOc_sync Enter - MemInfo: [/proc/self/status]	VmHWM:	  143972 kB
20220314 014626.326 INFO             PET1 PIOc_sync Enter - MemInfo: [/proc/self/status]	VmRSS:	  143972 kB
20220314 014626.326 INFO             PET1 PIOc_sync Enter - MemInfo: [/proc/self/status]	VmData:	  268752 kB
20220314 014626.326 INFO             PET1 PIOc_sync Enter - MemInfo: [/proc/self/status]	VmStk:	     512 kB
20220314 014626.326 INFO             PET1 PIOc_sync Enter - MemInfo: [/proc/self/status]	VmExe:	    1976 kB
20220314 014626.326 INFO             PET1 PIOc_sync Enter - MemInfo: [/proc/self/status]	VmLib:	  104128 kB
20220314 014626.326 INFO             PET1 PIOc_sync Enter - MemInfo: [/proc/self/status]	VmPTE:	     684 kB
20220314 014626.326 INFO             PET1 PIOc_sync Enter - MemInfo: [/proc/self/status]	VmPMD:	      28 kB
20220314 014626.326 INFO             PET1 PIOc_sync Enter - MemInfo: [/proc/self/status]	VmSwap:	       0 kB
20220314 014626.326 INFO             PET1 PIOc_sync Enter - MemInfo: [/proc/self/status]	VmRSSPercent: 0.109572 %
20220314 014626.326 INFO             PET1 PIOc_sync Enter - MemInfo: [malloc] Non-mmapped space allocated:                 2981888 Byte
20220314 014626.326 INFO             PET1 PIOc_sync Enter - MemInfo: [malloc] Space allocated in mmapped regions:         85999616 Byte
20220314 014626.326 INFO             PET1 PIOc_sync Enter - MemInfo: [malloc] Maximum total allocated space:                     0 Byte
20220314 014626.326 INFO             PET1 PIOc_sync Enter - MemInfo: [malloc] Space in freed fastbin blocks:                   512 Byte
20220314 014626.326 INFO             PET1 PIOc_sync Enter - MemInfo: [malloc] Total allocated space:                       2574400 Byte
20220314 014626.326 INFO             PET1 PIOc_sync Enter - MemInfo: [malloc] Total free space:                             407488 Byte
20220314 014626.326 INFO             PET1 PIOc_sync Enter - MemInfo: [malloc] Top-most, releasable space:                   273728 Byte
20220314 014626.326 INFO             PET1 PIOc_sync Enter - MemInfo: [malloc] Total space in use, mmap + non-mmap:        88574016 Byte
20220314 014626.326 INFO             PET1 PIOc_sync Enter - MemInfo: [malloc] Total space held (mmap + non-mmap):         88981504 Byte
20220314 014626.326 INFO             PET1 PIOc_sync Enter - MemInfo: [malloc] Total space used (mmap + non-mmap):         88583376 Byte
20220314 014626.326 INFO             PET1 PIOc_sync Enter - MemInfo: Wall-clock time since execution start:              0.0722411 seconds
20220314 014626.326 INFO             PET1 PIOc_sync Exit - MemInfo: [/proc/meminfo - SSI]	MemTotal:       131394444 kB
20220314 014626.326 INFO             PET1 PIOc_sync Exit - MemInfo: [/proc/meminfo - SSI]	MemFree:        123806732 kB
20220314 014626.326 INFO             PET1 PIOc_sync Exit - MemInfo: [/proc/meminfo - SSI]	MemAvailable:   123465808 kB
20220314 014626.326 INFO             PET1 PIOc_sync Exit - MemInfo: [/proc/meminfo - SSI]	Committed_AS:    3891548 kB
20220314 014626.326 INFO             PET1 PIOc_sync Exit - MemInfo: [/proc/meminfo - SSI]	CommittedPercent: 2.96173 %
20220314 014626.326 INFO             PET1 PIOc_sync Exit - MemInfo: [/proc/self/status]	VmPeak:	 3800696 kB
20220314 014626.326 INFO             PET1 PIOc_sync Exit - MemInfo: [/proc/self/status]	VmSize:	 3798684 kB
20220314 014626.326 INFO             PET1 PIOc_sync Exit - MemInfo: [/proc/self/status]	VmLck:	       0 kB
20220314 014626.326 INFO             PET1 PIOc_sync Exit - MemInfo: [/proc/self/status]	VmPin:	   82140 kB
20220314 014626.326 INFO             PET1 PIOc_sync Exit - MemInfo: [/proc/self/status]	VmHWM:	  143972 kB
20220314 014626.326 INFO             PET1 PIOc_sync Exit - MemInfo: [/proc/self/status]	VmRSS:	  143972 kB
20220314 014626.326 INFO             PET1 PIOc_sync Exit - MemInfo: [/proc/self/status]	VmData:	  268752 kB
20220314 014626.326 INFO             PET1 PIOc_sync Exit - MemInfo: [/proc/self/status]	VmStk:	     512 kB
20220314 014626.326 INFO             PET1 PIOc_sync Exit - MemInfo: [/proc/self/status]	VmExe:	    1976 kB
20220314 014626.326 INFO             PET1 PIOc_sync Exit - MemInfo: [/proc/self/status]	VmLib:	  104128 kB
20220314 014626.326 INFO             PET1 PIOc_sync Exit - MemInfo: [/proc/self/status]	VmPTE:	     684 kB
20220314 014626.326 INFO             PET1 PIOc_sync Exit - MemInfo: [/proc/self/status]	VmPMD:	      28 kB
20220314 014626.326 INFO             PET1 PIOc_sync Exit - MemInfo: [/proc/self/status]	VmSwap:	       0 kB
20220314 014626.326 INFO             PET1 PIOc_sync Exit - MemInfo: [/proc/self/status]	VmRSSPercent: 0.109572 %
20220314 014626.326 INFO             PET1 PIOc_sync Exit - MemInfo: [malloc] Non-mmapped space allocated:                 2981888 Byte
20220314 014626.326 INFO             PET1 PIOc_sync Exit - MemInfo: [malloc] Space allocated in mmapped regions:         85999616 Byte
20220314 014626.326 INFO             PET1 PIOc_sync Exit - MemInfo: [malloc] Maximum total allocated space:                     0 Byte
20220314 014626.326 INFO             PET1 PIOc_sync Exit - MemInfo: [malloc] Space in freed fastbin blocks:                   112 Byte
20220314 014626.326 INFO             PET1 PIOc_sync Exit - MemInfo: [malloc] Total allocated space:                       2573600 Byte
20220314 014626.326 INFO             PET1 PIOc_sync Exit - MemInfo: [malloc] Total free space:                             408288 Byte
20220314 014626.326 INFO             PET1 PIOc_sync Exit - MemInfo: [malloc] Top-most, releasable space:                   275184 Byte
20220314 014626.326 INFO             PET1 PIOc_sync Exit - MemInfo: [malloc] Total space in use, mmap + non-mmap:        88573216 Byte
20220314 014626.326 INFO             PET1 PIOc_sync Exit - MemInfo: [malloc] Total space held (mmap + non-mmap):         88981504 Byte
20220314 014626.326 INFO             PET1 PIOc_sync Exit - MemInfo: [malloc] Total space used (mmap + non-mmap):         88582576 Byte
20220314 014626.326 INFO             PET1 PIOc_sync Exit - MemInfo: Wall-clock time since execution start:              0.0726172 seconds
20220314 014626.326 INFO             PET1 PIOc_freedecomp Enter - MemInfo: [/proc/meminfo - SSI]	MemTotal:       131394444 kB
20220314 014626.326 INFO             PET1 PIOc_freedecomp Enter - MemInfo: [/proc/meminfo - SSI]	MemFree:        123806732 kB
20220314 014626.326 INFO             PET1 PIOc_freedecomp Enter - MemInfo: [/proc/meminfo - SSI]	MemAvailable:   123465808 kB
20220314 014626.326 INFO             PET1 PIOc_freedecomp Enter - MemInfo: [/proc/meminfo - SSI]	Committed_AS:    3891548 kB
20220314 014626.326 INFO             PET1 PIOc_freedecomp Enter - MemInfo: [/proc/meminfo - SSI]	CommittedPercent: 2.96173 %
20220314 014626.326 INFO             PET1 PIOc_freedecomp Enter - MemInfo: [/proc/self/status]	VmPeak:	 3800696 kB
20220314 014626.326 INFO             PET1 PIOc_freedecomp Enter - MemInfo: [/proc/self/status]	VmSize:	 3798684 kB
