build time -- 2022-03-14 06:01:47.684404
20220314 061551.351 INFO             PET0 !!!!!!!!!!!!!!!!!!!!!!!!!!!!!!!!!!!!!!!!!!!!!!!!!!!!!!
20220314 061551.351 INFO             PET0 !!! THE ESMF_LOG IS SET TO OUTPUT ALL LOG MESSAGES !!!
20220314 061551.351 INFO             PET0 !!!     THIS MAY CAUSE SLOWDOWN IN PERFORMANCE     !!!
20220314 061551.351 INFO             PET0 !!! FOR PRODUCTION RUNS, USE:                      !!!
20220314 061551.351 INFO             PET0 !!!                   ESMF_LOGKIND_Multi_On_Error  !!!
20220314 061551.351 INFO             PET0 !!!!!!!!!!!!!!!!!!!!!!!!!!!!!!!!!!!!!!!!!!!!!!!!!!!!!!
20220314 061551.351 INFO             PET0 Running with ESMF Version   : v8.3.0b09-96-g559b459836
20220314 061551.351 INFO             PET0 ESMF library build date/time: "Mar 14 2022" "05:59:48"
20220314 061551.351 INFO             PET0 ESMF library build location : /glade/scratch/rlong/esmf-testing/gfortran_9.1.0_openmpi_O_jedwards_pio_update2
20220314 061551.351 INFO             PET0 ESMF_COMM                   : openmpi
20220314 061551.351 INFO             PET0 ESMF_MOAB                   : enabled
20220314 061551.351 INFO             PET0 ESMF_LAPACK                 : enabled
20220314 061551.351 INFO             PET0 ESMF_NETCDF                 : enabled
20220314 061551.351 INFO             PET0 ESMF_PNETCDF                : disabled
20220314 061551.351 INFO             PET0 ESMF_PIO                    : enabled
20220314 061551.351 INFO             PET0 ESMF_YAMLCPP                : enabled
20220314 061551.351 INFO             PET0 Beginning Test, file ESMC_FieldRegridUTest.C, line 68
20220314 061551.351 INFO             PET0 Beginning Test, file ESMC_FieldRegridUTest.C, line 68NUMBER_OF_PROCESSORS 1
20220314 061551.351 INFO             PET0 PASS MeshCreate, ESMC_FieldRegridUTest.C, line 125
20220314 061551.351 INFO             PET0 PASS MeshAddNodes, ESMC_FieldRegridUTest.C, line 133
20220314 061551.352 INFO             PET0 PASS MeshAddElements, ESMC_FieldRegridUTest.C, line 142
20220314 061551.352 INFO             PET0 PASS MeshGetLocalNodeCount, ESMC_FieldRegridUTest.C, line 152
20220314 061551.352 INFO             PET0 PASS MeshGetLocalElementCount, ESMC_FieldRegridUTest.C, line 163
20220314 061551.352 INFO             PET0 PASS MeshCreate, ESMC_FieldRegridUTest.C, line 231
20220314 061551.352 INFO             PET0 PASS MeshAddNodes, ESMC_FieldRegridUTest.C, line 239
20220314 061551.352 INFO             PET0 PASS MeshAddElements, ESMC_FieldRegridUTest.C, line 248
20220314 061551.352 INFO             PET0 PASS MeshGetLocalNodeCount, ESMC_FieldRegridUTest.C, line 258
20220314 061551.352 INFO             PET0 PASS MeshGetLocalElementCount, ESMC_FieldRegridUTest.C, line 269
20220314 061551.352 INFO             PET0 PASS Create ESMC_Field object, ESMC_FieldRegridUTest.C, line 284
20220314 061551.352 INFO             PET0 PASS Create ESMC_Field object, ESMC_FieldRegridUTest.C, line 293
20220314 061551.353 INFO             PET0 PASS Get a void * C pointer to data from ESMC_Field object, ESMC_FieldRegridUTest.C, line 306
20220314 061551.353 INFO             PET0 PASS Get a void * C pointer to data from ESMC_Field object, ESMC_FieldRegridUTest.C, line 325
20220314 061551.353 INFO             PET0 PASS Create an InterArray for maskValues in ESMC_FieldRegridStore(), ESMC_FieldRegridUTest.C, line 343
20220314 061551.363 INFO             PET0 PIOc_sync Enter - MemInfo: [/proc/meminfo - SSI]	MemTotal:       65507008 kB
20220314 061551.363 INFO             PET0 PIOc_sync Enter - MemInfo: [/proc/meminfo - SSI]	MemFree:        49909296 kB
20220314 061551.363 INFO             PET0 PIOc_sync Enter - MemInfo: [/proc/meminfo - SSI]	MemAvailable:   49672580 kB
20220314 061551.363 INFO             PET0 PIOc_sync Enter - MemInfo: [/proc/meminfo - SSI]	Committed_AS:   12950996 kB
20220314 061551.363 INFO             PET0 PIOc_sync Enter - MemInfo: [/proc/meminfo - SSI]	CommittedPercent: 19.7704 %
20220314 061551.363 INFO             PET0 PIOc_sync Enter - MemInfo: [/proc/self/status]	VmPeak:	  498548 kB
20220314 061551.366 INFO             PET0 PIOc_sync Enter - MemInfo: [/proc/self/status]	VmSize:	  498548 kB
20220314 061551.366 INFO             PET0 PIOc_sync Enter - MemInfo: [/proc/self/status]	VmLck:	       0 kB
20220314 061551.366 INFO             PET0 PIOc_sync Enter - MemInfo: [/proc/self/status]	VmPin:	       0 kB
20220314 061551.366 INFO             PET0 PIOc_sync Enter - MemInfo: [/proc/self/status]	VmHWM:	   64464 kB
20220314 061551.366 INFO             PET0 PIOc_sync Enter - MemInfo: [/proc/self/status]	VmRSS:	   36520 kB
20220314 061551.366 INFO             PET0 PIOc_sync Enter - MemInfo: [/proc/self/status]	VmData:	   32348 kB
20220314 061551.366 INFO             PET0 PIOc_sync Enter - MemInfo: [/proc/self/status]	VmStk:	     148 kB
20220314 061551.366 INFO             PET0 PIOc_sync Enter - MemInfo: [/proc/self/status]	VmExe:	     204 kB
20220314 061551.366 INFO             PET0 PIOc_sync Enter - MemInfo: [/proc/self/status]	VmLib:	   48628 kB
20220314 061551.366 INFO             PET0 PIOc_sync Enter - MemInfo: [/proc/self/status]	VmPTE:	     728 kB
20220314 061551.366 INFO             PET0 PIOc_sync Enter - MemInfo: [/proc/self/status]	VmPMD:	      16 kB
20220314 061551.366 INFO             PET0 PIOc_sync Enter - MemInfo: [/proc/self/status]	VmSwap:	       0 kB
20220314 061551.366 INFO             PET0 PIOc_sync Enter - MemInfo: [/proc/self/status]	VmRSSPercent: 0.0557498 %
20220314 061551.366 INFO             PET0 PIOc_sync Enter - MemInfo: [malloc] Non-mmapped space allocated:                 3502080 Byte
20220314 061551.366 INFO             PET0 PIOc_sync Enter - MemInfo: [malloc] Space allocated in mmapped regions:         18890752 Byte
20220314 061551.366 INFO             PET0 PIOc_sync Enter - MemInfo: [malloc] Maximum total allocated space:                     0 Byte
20220314 061551.366 INFO             PET0 PIOc_sync Enter - MemInfo: [malloc] Space in freed fastbin blocks:                   704 Byte
20220314 061551.366 INFO             PET0 PIOc_sync Enter - MemInfo: [malloc] Total allocated space:                       3059008 Byte
20220314 061551.366 INFO             PET0 PIOc_sync Enter - MemInfo: [malloc] Total free space:                             443072 Byte
20220314 061551.366 INFO             PET0 PIOc_sync Enter - MemInfo: [malloc] Top-most, releasable space:                   234624 Byte
20220314 061551.366 INFO             PET0 PIOc_sync Enter - MemInfo: [malloc] Total space in use, mmap + non-mmap:        21949760 Byte
20220314 061551.366 INFO             PET0 PIOc_sync Enter - MemInfo: [malloc] Total space held (mmap + non-mmap):         22392832 Byte
20220314 061551.366 INFO             PET0 PIOc_sync Enter - MemInfo: [malloc] Total space used (mmap + non-mmap):         21959088 Byte
20220314 061551.366 INFO             PET0 PIOc_sync Enter - MemInfo: Wall-clock time since execution start:              0.0154931 seconds
20220314 061551.366 INFO             PET0 PIOc_sync Exit - MemInfo: [/proc/meminfo - SSI]	MemTotal:       65507008 kB
20220314 061551.366 INFO             PET0 PIOc_sync Exit - MemInfo: [/proc/meminfo - SSI]	MemFree:        49909296 kB
20220314 061551.366 INFO             PET0 PIOc_sync Exit - MemInfo: [/proc/meminfo - SSI]	MemAvailable:   49672580 kB
20220314 061551.366 INFO             PET0 PIOc_sync Exit - MemInfo: [/proc/meminfo - SSI]	Committed_AS:   12950996 kB
20220314 061551.366 INFO             PET0 PIOc_sync Exit - MemInfo: [/proc/meminfo - SSI]	CommittedPercent: 19.7704 %
20220314 061551.366 INFO             PET0 PIOc_sync Exit - MemInfo: [/proc/self/status]	VmPeak:	  498548 kB
20220314 061551.366 INFO             PET0 PIOc_sync Exit - MemInfo: [/proc/self/status]	VmSize:	  498548 kB
20220314 061551.366 INFO             PET0 PIOc_sync Exit - MemInfo: [/proc/self/status]	VmLck:	       0 kB
20220314 061551.366 INFO             PET0 PIOc_sync Exit - MemInfo: [/proc/self/status]	VmPin:	       0 kB
20220314 061551.366 INFO             PET0 PIOc_sync Exit - MemInfo: [/proc/self/status]	VmHWM:	   64464 kB
20220314 061551.366 INFO             PET0 PIOc_sync Exit - MemInfo: [/proc/self/status]	VmRSS:	   36640 kB
20220314 061551.366 INFO             PET0 PIOc_sync Exit - MemInfo: [/proc/self/status]	VmData:	   32348 kB
20220314 061551.366 INFO             PET0 PIOc_sync Exit - MemInfo: [/proc/self/status]	VmStk:	     148 kB
20220314 061551.366 INFO             PET0 PIOc_sync Exit - MemInfo: [/proc/self/status]	VmExe:	     204 kB
20220314 061551.366 INFO             PET0 PIOc_sync Exit - MemInfo: [/proc/self/status]	VmLib:	   48628 kB
20220314 061551.366 INFO             PET0 PIOc_sync Exit - MemInfo: [/proc/self/status]	VmPTE:	     728 kB
20220314 061551.366 INFO             PET0 PIOc_sync Exit - MemInfo: [/proc/self/status]	VmPMD:	      16 kB
20220314 061551.366 INFO             PET0 PIOc_sync Exit - MemInfo: [/proc/self/status]	VmSwap:	       0 kB
20220314 061551.366 INFO             PET0 PIOc_sync Exit - MemInfo: [/proc/self/status]	VmRSSPercent: 0.0559329 %
20220314 061551.366 INFO             PET0 PIOc_sync Exit - MemInfo: [malloc] Non-mmapped space allocated:                 3502080 Byte
20220314 061551.366 INFO             PET0 PIOc_sync Exit - MemInfo: [malloc] Space allocated in mmapped regions:         18890752 Byte
20220314 061551.366 INFO             PET0 PIOc_sync Exit - MemInfo: [malloc] Maximum total allocated space:                     0 Byte
20220314 061551.366 INFO             PET0 PIOc_sync Exit - MemInfo: [malloc] Space in freed fastbin blocks:                  1088 Byte
20220314 061551.366 INFO             PET0 PIOc_sync Exit - MemInfo: [malloc] Total allocated space:                       3059120 Byte
20220314 061551.366 INFO             PET0 PIOc_sync Exit - MemInfo: [malloc] Total free space:                             442960 Byte
20220314 061551.366 INFO             PET0 PIOc_sync Exit - MemInfo: [malloc] Top-most, releasable space:                   232544 Byte
20220314 061551.366 INFO             PET0 PIOc_sync Exit - MemInfo: [malloc] Total space in use, mmap + non-mmap:        21949872 Byte
20220314 061551.366 INFO             PET0 PIOc_sync Exit - MemInfo: [malloc] Total space held (mmap + non-mmap):         22392832 Byte
20220314 061551.366 INFO             PET0 PIOc_sync Exit - MemInfo: [malloc] Total space used (mmap + non-mmap):         21959200 Byte
20220314 061551.366 INFO             PET0 PIOc_sync Exit - MemInfo: Wall-clock time since execution start:              0.0159948 seconds
20220314 061551.367 INFO             PET0 PIOc_freedecomp Enter - MemInfo: [/proc/meminfo - SSI]	MemTotal:       65507008 kB
20220314 061551.367 INFO             PET0 PIOc_freedecomp Enter - MemInfo: [/proc/meminfo - SSI]	MemFree:        49924416 kB
20220314 061551.367 INFO             PET0 PIOc_freedecomp Enter - MemInfo: [/proc/meminfo - SSI]	MemAvailable:   49687700 kB
20220314 061551.367 INFO             PET0 PIOc_freedecomp Enter - MemInfo: [/proc/meminfo - SSI]	Committed_AS:   12934608 kB
20220314 061551.367 INFO             PET0 PIOc_freedecomp Enter - MemInfo: [/proc/meminfo - SSI]	CommittedPercent: 19.7454 %
20220314 061551.367 INFO             PET0 PIOc_freedecomp Enter - MemInfo: [/proc/self/status]	VmPeak:	  498548 kB
20220314 061551.367 INFO             PET0 PIOc_freedecomp Enter - MemInfo: [/proc/self/status]	VmSize:	  481644 kB
20220314 061551.367 INFO             PET0 PIOc_freedecomp Enter - MemInfo: [/proc/self/status]	VmLck:	       0 kB
20220314 061551.367 INFO             PET0 PIOc_freedecomp Enter - MemInfo: [/proc/self/status]	VmPin:	       0 kB
20220314 061551.367 INFO             PET0 PIOc_freedecomp Enter - MemInfo: [/proc/self/status]	VmHWM:	   64464 kB
20220314 061551.367 INFO             PET0 PIOc_freedecomp Enter - MemInfo: [/proc/self/status]	VmRSS:	   20252 kB
20220314 061551.367 INFO             PET0 PIOc_freedecomp Enter - MemInfo: [/proc/self/status]	VmData:	   15444 kB
20220314 061551.367 INFO             PET0 PIOc_freedecomp Enter - MemInfo: [/proc/self/status]	VmStk:	     148 kB
20220314 061551.367 INFO             PET0 PIOc_freedecomp Enter - MemInfo: [/proc/self/status]	VmExe:	     204 kB
20220314 061551.367 INFO             PET0 PIOc_freedecomp Enter - MemInfo: [/proc/self/status]	VmLib:	   48628 kB
20220314 061551.367 INFO             PET0 PIOc_freedecomp Enter - MemInfo: [/proc/self/status]	VmPTE:	     696 kB
20220314 061551.367 INFO             PET0 PIOc_freedecomp Enter - MemInfo: [/proc/self/status]	VmPMD:	      16 kB
20220314 061551.367 INFO             PET0 PIOc_freedecomp Enter - MemInfo: [/proc/self/status]	VmSwap:	       0 kB
20220314 061551.367 INFO             PET0 PIOc_freedecomp Enter - MemInfo: [/proc/self/status]	VmRSSPercent: 0.0309158 %
20220314 061551.367 INFO             PET0 PIOc_freedecomp Enter - MemInfo: [malloc] Non-mmapped space allocated:                 3502080 Byte
20220314 061551.367 INFO             PET0 PIOc_freedecomp Enter - MemInfo: [malloc] Space allocated in mmapped regions:          1581056 Byte
20220314 061551.367 INFO             PET0 PIOc_freedecomp Enter - MemInfo: [malloc] Maximum total allocated space:                     0 Byte
20220314 061551.367 INFO             PET0 PIOc_freedecomp Enter - MemInfo: [malloc] Space in freed fastbin blocks:                  2064 Byte
20220314 061551.367 INFO             PET0 PIOc_freedecomp Enter - MemInfo: [malloc] Total allocated space:                       3045984 Byte
20220314 061551.367 INFO             PET0 PIOc_freedecomp Enter - MemInfo: [malloc] Total free space:                             456096 Byte
20220314 061551.367 INFO             PET0 PIOc_freedecomp Enter - MemInfo: [malloc] Top-most, releasable space:                   233424 Byte
20220314 061551.367 INFO             PET0 PIOc_freedecomp Enter - MemInfo: [malloc] Total space in use, mmap + non-mmap:         4627040 Byte
20220314 061551.367 INFO             PET0 PIOc_freedecomp Enter - MemInfo: [malloc] Total space held (mmap + non-mmap):          5083136 Byte
20220314 061551.367 INFO             PET0 PIOc_freedecomp Enter - MemInfo: [malloc] Total space used (mmap + non-mmap):          4636368 Byte
20220314 061551.367 INFO             PET0 PIOc_freedecomp Enter - MemInfo: Wall-clock time since execution start:              0.0169938 seconds
20220314 061551.367 INFO             PET0 PIOc_freedecomp Exit - MemInfo: [/proc/meminfo - SSI]	MemTotal:       65507008 kB
20220314 061551.367 INFO             PET0 PIOc_freedecomp Exit - MemInfo: [/proc/meminfo - SSI]	MemFree:        49924416 kB
20220314 061551.367 INFO             PET0 PIOc_freedecomp Exit - MemInfo: [/proc/meminfo - SSI]	MemAvailable:   49687700 kB
20220314 061551.367 INFO             PET0 PIOc_freedecomp Exit - MemInfo: [/proc/meminfo - SSI]	Committed_AS:   12934608 kB
20220314 061551.367 INFO             PET0 PIOc_freedecomp Exit - MemInfo: [/proc/meminfo - SSI]	CommittedPercent: 19.7454 %
20220314 061551.367 INFO             PET0 PIOc_freedecomp Exit - MemInfo: [/proc/self/status]	VmPeak:	  498548 kB
20220314 061551.367 INFO             PET0 PIOc_freedecomp Exit - MemInfo: [/proc/self/status]	VmSize:	  481644 kB
20220314 061551.367 INFO             PET0 PIOc_freedecomp Exit - MemInfo: [/proc/self/status]	VmLck:	       0 kB
20220314 061551.367 INFO             PET0 PIOc_freedecomp Exit - MemInfo: [/proc/self/status]	VmPin:	       0 kB
20220314 061551.367 INFO             PET0 PIOc_freedecomp Exit - MemInfo: [/proc/self/status]	VmHWM:	   64464 kB
20220314 061551.367 INFO             PET0 PIOc_freedecomp Exit - MemInfo: [/proc/self/status]	VmRSS:	   20256 kB
20220314 061551.367 INFO             PET0 PIOc_freedecomp Exit - MemInfo: [/proc/self/status]	VmData:	   15444 kB
20220314 061551.367 INFO             PET0 PIOc_freedecomp Exit - MemInfo: [/proc/self/status]	VmStk:	     148 kB
20220314 061551.367 INFO             PET0 PIOc_freedecomp Exit - MemInfo: [/proc/self/status]	VmExe:	     204 kB
20220314 061551.367 INFO             PET0 PIOc_freedecomp Exit - MemInfo: [/proc/self/status]	VmLib:	   48628 kB
20220314 061551.367 INFO             PET0 PIOc_freedecomp Exit - MemInfo: [/proc/self/status]	VmPTE:	     696 kB
20220314 061551.367 INFO             PET0 PIOc_freedecomp Exit - MemInfo: [/proc/self/status]	VmPMD:	      16 kB
20220314 061551.367 INFO             PET0 PIOc_freedecomp Exit - MemInfo: [/proc/self/status]	VmSwap:	       0 kB
20220314 061551.367 INFO             PET0 PIOc_freedecomp Exit - MemInfo: [/proc/self/status]	VmRSSPercent: 0.0309219 %
20220314 061551.367 INFO             PET0 PIOc_freedecomp Exit - MemInfo: [malloc] Non-mmapped space allocated:                 3502080 Byte
20220314 061551.368 INFO             PET0 PIOc_freedecomp Exit - MemInfo: [malloc] Space allocated in mmapped regions:          1581056 Byte
20220314 061551.368 INFO             PET0 PIOc_freedecomp Exit - MemInfo: [malloc] Maximum total allocated space:                     0 Byte
20220314 061551.368 INFO             PET0 PIOc_freedecomp Exit - MemInfo: [malloc] Space in freed fastbin blocks:                  1808 Byte
20220314 061551.368 INFO             PET0 PIOc_freedecomp Exit - MemInfo: [malloc] Total allocated space:                       3041840 Byte
20220314 061551.368 INFO             PET0 PIOc_freedecomp Exit - MemInfo: [malloc] Total free space:                             460240 Byte
20220314 061551.368 INFO             PET0 PIOc_freedecomp Exit - MemInfo: [malloc] Top-most, releasable space:                   233424 Byte
20220314 061551.368 INFO             PET0 PIOc_freedecomp Exit - MemInfo: [malloc] Total space in use, mmap + non-mmap:         4622896 Byte
20220314 061551.368 INFO             PET0 PIOc_freedecomp Exit - MemInfo: [malloc] Total space held (mmap + non-mmap):          5083136 Byte
20220314 061551.368 INFO             PET0 PIOc_freedecomp Exit - MemInfo: [malloc] Total space used (mmap + non-mmap):          4632224 Byte
20220314 061551.368 INFO             PET0 PIOc_freedecomp Exit - MemInfo: Wall-clock time since execution start:              0.0173342 seconds
20220314 061551.372 INFO             PET0 PIOc_sync Enter - MemInfo: [/proc/meminfo - SSI]	MemTotal:       65507008 kB
20220314 061551.372 INFO             PET0 PIOc_sync Enter - MemInfo: [/proc/meminfo - SSI]	MemFree:        49917360 kB
20220314 061551.372 INFO             PET0 PIOc_sync Enter - MemInfo: [/proc/meminfo - SSI]	MemAvailable:   49680644 kB
20220314 061551.372 INFO             PET0 PIOc_sync Enter - MemInfo: [/proc/meminfo - SSI]	Committed_AS:   12950876 kB
20220314 061551.372 INFO             PET0 PIOc_sync Enter - MemInfo: [/proc/meminfo - SSI]	CommittedPercent: 19.7702 %
20220314 061551.372 INFO             PET0 PIOc_sync Enter - MemInfo: [/proc/self/status]	VmPeak:	  498548 kB
20220314 061551.372 INFO             PET0 PIOc_sync Enter - MemInfo: [/proc/self/status]	VmSize:	  498428 kB
20220314 061551.372 INFO             PET0 PIOc_sync Enter - MemInfo: [/proc/self/status]	VmLck:	       0 kB
20220314 061551.372 INFO             PET0 PIOc_sync Enter - MemInfo: [/proc/self/status]	VmPin:	       0 kB
20220314 061551.372 INFO             PET0 PIOc_sync Enter - MemInfo: [/proc/self/status]	VmHWM:	   64464 kB
20220314 061551.372 INFO             PET0 PIOc_sync Enter - MemInfo: [/proc/self/status]	VmRSS:	   28704 kB
20220314 061551.372 INFO             PET0 PIOc_sync Enter - MemInfo: [/proc/self/status]	VmData:	   32228 kB
20220314 061551.372 INFO             PET0 PIOc_sync Enter - MemInfo: [/proc/self/status]	VmStk:	     148 kB
20220314 061551.372 INFO             PET0 PIOc_sync Enter - MemInfo: [/proc/self/status]	VmExe:	     204 kB
20220314 061551.372 INFO             PET0 PIOc_sync Enter - MemInfo: [/proc/self/status]	VmLib:	   48628 kB
20220314 061551.372 INFO             PET0 PIOc_sync Enter - MemInfo: [/proc/self/status]	VmPTE:	     716 kB
20220314 061551.372 INFO             PET0 PIOc_sync Enter - MemInfo: [/proc/self/status]	VmPMD:	      16 kB
20220314 061551.372 INFO             PET0 PIOc_sync Enter - MemInfo: [/proc/self/status]	VmSwap:	       0 kB
20220314 061551.372 INFO             PET0 PIOc_sync Enter - MemInfo: [/proc/self/status]	VmRSSPercent: 0.0438182 %
20220314 061551.372 INFO             PET0 PIOc_sync Enter - MemInfo: [malloc] Non-mmapped space allocated:                20688896 Byte
20220314 061551.372 INFO             PET0 PIOc_sync Enter - MemInfo: [malloc] Space allocated in mmapped regions:          1581056 Byte
20220314 061551.372 INFO             PET0 PIOc_sync Enter - MemInfo: [malloc] Maximum total allocated space:                     0 Byte
20220314 061551.372 INFO             PET0 PIOc_sync Enter - MemInfo: [malloc] Space in freed fastbin blocks:                  2688 Byte
20220314 061551.372 INFO             PET0 PIOc_sync Enter - MemInfo: [malloc] Total allocated space:                      20360768 Byte
20220314 061551.372 INFO             PET0 PIOc_sync Enter - MemInfo: [malloc] Total free space:                             328128 Byte
20220314 061551.372 INFO             PET0 PIOc_sync Enter - MemInfo: [malloc] Top-most, releasable space:                   117792 Byte
20220314 061551.372 INFO             PET0 PIOc_sync Enter - MemInfo: [malloc] Total space in use, mmap + non-mmap:        21941824 Byte
20220314 061551.372 INFO             PET0 PIOc_sync Enter - MemInfo: [malloc] Total space held (mmap + non-mmap):         22269952 Byte
20220314 061551.372 INFO             PET0 PIOc_sync Enter - MemInfo: [malloc] Total space used (mmap + non-mmap):         21951152 Byte
20220314 061551.372 INFO             PET0 PIOc_sync Enter - MemInfo: Wall-clock time since execution start:              0.0217721 seconds
20220314 061551.372 INFO             PET0 PIOc_sync Exit - MemInfo: [/proc/meminfo - SSI]	MemTotal:       65507008 kB
20220314 061551.372 INFO             PET0 PIOc_sync Exit - MemInfo: [/proc/meminfo - SSI]	MemFree:        49917360 kB
20220314 061551.372 INFO             PET0 PIOc_sync Exit - MemInfo: [/proc/meminfo - SSI]	MemAvailable:   49680644 kB
20220314 061551.372 INFO             PET0 PIOc_sync Exit - MemInfo: [/proc/meminfo - SSI]	Committed_AS:   12950876 kB
20220314 061551.372 INFO             PET0 PIOc_sync Exit - MemInfo: [/proc/meminfo - SSI]	CommittedPercent: 19.7702 %
20220314 061551.372 INFO             PET0 PIOc_sync Exit - MemInfo: [/proc/self/status]	VmPeak:	  498548 kB
20220314 061551.372 INFO             PET0 PIOc_sync Exit - MemInfo: [/proc/self/status]	VmSize:	  498428 kB
20220314 061551.372 INFO             PET0 PIOc_sync Exit - MemInfo: [/proc/self/status]	VmLck:	       0 kB
20220314 061551.372 INFO             PET0 PIOc_sync Exit - MemInfo: [/proc/self/status]	VmPin:	       0 kB
20220314 061551.372 INFO             PET0 PIOc_sync Exit - MemInfo: [/proc/self/status]	VmHWM:	   64464 kB
20220314 061551.372 INFO             PET0 PIOc_sync Exit - MemInfo: [/proc/self/status]	VmRSS:	   28720 kB
20220314 061551.372 INFO             PET0 PIOc_sync Exit - MemInfo: [/proc/self/status]	VmData:	   32228 kB
20220314 061551.372 INFO             PET0 PIOc_sync Exit - MemInfo: [/proc/self/status]	VmStk:	     148 kB
20220314 061551.372 INFO             PET0 PIOc_sync Exit - MemInfo: [/proc/self/status]	VmExe:	     204 kB
20220314 061551.372 INFO             PET0 PIOc_sync Exit - MemInfo: [/proc/self/status]	VmLib:	   48628 kB
20220314 061551.372 INFO             PET0 PIOc_sync Exit - MemInfo: [/proc/self/status]	VmPTE:	     716 kB
20220314 061551.372 INFO             PET0 PIOc_sync Exit - MemInfo: [/proc/self/status]	VmPMD:	      16 kB
20220314 061551.372 INFO             PET0 PIOc_sync Exit - MemInfo: [/proc/self/status]	VmSwap:	       0 kB
20220314 061551.372 INFO             PET0 PIOc_sync Exit - MemInfo: [/proc/self/status]	VmRSSPercent: 0.0438426 %
20220314 061551.372 INFO             PET0 PIOc_sync Exit - MemInfo: [malloc] Non-mmapped space allocated:                20688896 Byte
20220314 061551.372 INFO             PET0 PIOc_sync Exit - MemInfo: [malloc] Space allocated in mmapped regions:          1581056 Byte
20220314 061551.372 INFO             PET0 PIOc_sync Exit - MemInfo: [malloc] Maximum total allocated space:                     0 Byte
20220314 061551.372 INFO             PET0 PIOc_sync Exit - MemInfo: [malloc] Space in freed fastbin blocks:                  1184 Byte
20220314 061551.372 INFO             PET0 PIOc_sync Exit - MemInfo: [malloc] Total allocated space:                      20361168 Byte
20220314 061551.372 INFO             PET0 PIOc_sync Exit - MemInfo: [malloc] Total free space:                             327728 Byte
20220314 061551.372 INFO             PET0 PIOc_sync Exit - MemInfo: [malloc] Top-most, releasable space:                   117664 Byte
20220314 061551.372 INFO             PET0 PIOc_sync Exit - MemInfo: [malloc] Total space in use, mmap + non-mmap:        21942224 Byte
20220314 061551.372 INFO             PET0 PIOc_sync Exit - MemInfo: [malloc] Total space held (mmap + non-mmap):         22269952 Byte
20220314 061551.372 INFO             PET0 PIOc_sync Exit - MemInfo: [malloc] Total space used (mmap + non-mmap):         21951552 Byte
20220314 061551.372 INFO             PET0 PIOc_sync Exit - MemInfo: Wall-clock time since execution start:              0.0221435 seconds
20220314 061551.372 INFO             PET0 PIOc_freedecomp Enter - MemInfo: [/proc/meminfo - SSI]	MemTotal:       65507008 kB
20220314 061551.372 INFO             PET0 PIOc_freedecomp Enter - MemInfo: [/proc/meminfo - SSI]	MemFree:        49917360 kB
20220314 061551.372 INFO             PET0 PIOc_freedecomp Enter - MemInfo: [/proc/meminfo - SSI]	MemAvailable:   49680644 kB
20220314 061551.372 INFO             PET0 PIOc_freedecomp Enter - MemInfo: [/proc/meminfo - SSI]	Committed_AS:   12950876 kB
20220314 061551.372 INFO             PET0 PIOc_freedecomp Enter - MemInfo: [/proc/meminfo - SSI]	CommittedPercent: 19.7702 %
20220314 061551.373 INFO             PET0 PIOc_freedecomp Enter - MemInfo: [/proc/self/status]	VmPeak:	  498548 kB
20220314 061551.373 INFO             PET0 PIOc_freedecomp Enter - MemInfo: [/proc/self/status]	VmSize:	  498428 kB
20220314 061551.373 INFO             PET0 PIOc_freedecomp Enter - MemInfo: [/proc/self/status]	VmLck:	       0 kB
20220314 061551.373 INFO             PET0 PIOc_freedecomp Enter - MemInfo: [/proc/self/status]	VmPin:	       0 kB
20220314 061551.373 INFO             PET0 PIOc_freedecomp Enter - MemInfo: [/proc/self/status]	VmHWM:	   64464 kB
20220314 061551.373 INFO             PET0 PIOc_freedecomp Enter - MemInfo: [/proc/self/status]	VmRSS:	   28720 kB
20220314 061551.373 INFO             PET0 PIOc_freedecomp Enter - MemInfo: [/proc/self/status]	VmData:	   32228 kB
20220314 061551.373 INFO             PET0 PIOc_freedecomp Enter - MemInfo: [/proc/self/status]	VmStk:	     148 kB
20220314 061551.373 INFO             PET0 PIOc_freedecomp Enter - MemInfo: [/proc/self/status]	VmExe:	     204 kB
20220314 061551.373 INFO             PET0 PIOc_freedecomp Enter - MemInfo: [/proc/self/status]	VmLib:	   48628 kB
20220314 061551.373 INFO             PET0 PIOc_freedecomp Enter - MemInfo: [/proc/self/status]	VmPTE:	     716 kB
20220314 061551.373 INFO             PET0 PIOc_freedecomp Enter - MemInfo: [/proc/self/status]	VmPMD:	      16 kB
20220314 061551.373 INFO             PET0 PIOc_freedecomp Enter - MemInfo: [/proc/self/status]	VmSwap:	       0 kB
20220314 061551.373 INFO             PET0 PIOc_freedecomp Enter - MemInfo: [/proc/self/status]	VmRSSPercent: 0.0438426 %
20220314 061551.373 INFO             PET0 PIOc_freedecomp Enter - MemInfo: [malloc] Non-mmapped space allocated:                20688896 Byte
20220314 061551.373 INFO             PET0 PIOc_freedecomp Enter - MemInfo: [malloc] Space allocated in mmapped regions:          1581056 Byte
20220314 061551.373 INFO             PET0 PIOc_freedecomp Enter - MemInfo: [malloc] Maximum total allocated space:                     0 Byte
20220314 061551.373 INFO             PET0 PIOc_freedecomp Enter - MemInfo: [malloc] Space in freed fastbin blocks:                  1184 Byte
20220314 061551.373 INFO             PET0 PIOc_freedecomp Enter - MemInfo: [malloc] Total allocated space:                       3046080 Byte
20220314 061551.373 INFO             PET0 PIOc_freedecomp Enter - MemInfo: [malloc] Total free space:                           17642816 Byte
20220314 061551.373 INFO             PET0 PIOc_freedecomp Enter - MemInfo: [malloc] Top-most, releasable space:                   118544 Byte
20220314 061551.373 INFO             PET0 PIOc_freedecomp Enter - MemInfo: [malloc] Total space in use, mmap + non-mmap:         4627136 Byte
20220314 061551.373 INFO             PET0 PIOc_freedecomp Enter - MemInfo: [malloc] Total space held (mmap + non-mmap):         22269952 Byte
20220314 061551.373 INFO             PET0 PIOc_freedecomp Enter - MemInfo: [malloc] Total space used (mmap + non-mmap):          4636464 Byte
20220314 061551.373 INFO             PET0 PIOc_freedecomp Enter - MemInfo: Wall-clock time since execution start:              0.0224893 seconds
20220314 061551.373 INFO             PET0 PIOc_freedecomp Exit - MemInfo: [/proc/meminfo - SSI]	MemTotal:       65507008 kB
20220314 061551.373 INFO             PET0 PIOc_freedecomp Exit - MemInfo: [/proc/meminfo - SSI]	MemFree:        49917360 kB
20220314 061551.373 INFO             PET0 PIOc_freedecomp Exit - MemInfo: [/proc/meminfo - SSI]	MemAvailable:   49680644 kB
20220314 061551.373 INFO             PET0 PIOc_freedecomp Exit - MemInfo: [/proc/meminfo - SSI]	Committed_AS:   12950876 kB
20220314 061551.373 INFO             PET0 PIOc_freedecomp Exit - MemInfo: [/proc/meminfo - SSI]	CommittedPercent: 19.7702 %
20220314 061551.373 INFO             PET0 PIOc_freedecomp Exit - MemInfo: [/proc/self/status]	VmPeak:	  498548 kB
20220314 061551.373 INFO             PET0 PIOc_freedecomp Exit - MemInfo: [/proc/self/status]	VmSize:	  498428 kB
20220314 061551.373 INFO             PET0 PIOc_freedecomp Exit - MemInfo: [/proc/self/status]	VmLck:	       0 kB
20220314 061551.373 INFO             PET0 PIOc_freedecomp Exit - MemInfo: [/proc/self/status]	VmPin:	       0 kB
20220314 061551.373 INFO             PET0 PIOc_freedecomp Exit - MemInfo: [/proc/self/status]	VmHWM:	   64464 kB
20220314 061551.373 INFO             PET0 PIOc_freedecomp Exit - MemInfo: [/proc/self/status]	VmRSS:	   28720 kB
20220314 061551.373 INFO             PET0 PIOc_freedecomp Exit - MemInfo: [/proc/self/status]	VmData:	   32228 kB
20220314 061551.373 INFO             PET0 PIOc_freedecomp Exit - MemInfo: [/proc/self/status]	VmStk:	     148 kB
20220314 061551.373 INFO             PET0 PIOc_freedecomp Exit - MemInfo: [/proc/self/status]	VmExe:	     204 kB
20220314 061551.373 INFO             PET0 PIOc_freedecomp Exit - MemInfo: [/proc/self/status]	VmLib:	   48628 kB
20220314 061551.373 INFO             PET0 PIOc_freedecomp Exit - MemInfo: [/proc/self/status]	VmPTE:	     716 kB
20220314 061551.373 INFO             PET0 PIOc_freedecomp Exit - MemInfo: [/proc/self/status]	VmPMD:	      16 kB
20220314 061551.373 INFO             PET0 PIOc_freedecomp Exit - MemInfo: [/proc/self/status]	VmSwap:	       0 kB
20220314 061551.373 INFO             PET0 PIOc_freedecomp Exit - MemInfo: [/proc/self/status]	VmRSSPercent: 0.0438426 %
20220314 061551.373 INFO             PET0 PIOc_freedecomp Exit - MemInfo: [malloc] Non-mmapped space allocated:                20688896 Byte
20220314 061551.373 INFO             PET0 PIOc_freedecomp Exit - MemInfo: [malloc] Space allocated in mmapped regions:          1581056 Byte
20220314 061551.373 INFO             PET0 PIOc_freedecomp Exit - MemInfo: [malloc] Maximum total allocated space:                     0 Byte
20220314 061551.373 INFO             PET0 PIOc_freedecomp Exit - MemInfo: [malloc] Space in freed fastbin blocks:                   784 Byte
20220314 061551.373 INFO             PET0 PIOc_freedecomp Exit - MemInfo: [malloc] Total allocated space:                       3041904 Byte
20220314 061551.373 INFO             PET0 PIOc_freedecomp Exit - MemInfo: [malloc] Total free space:                           17646992 Byte
20220314 061551.373 INFO             PET0 PIOc_freedecomp Exit - MemInfo: [malloc] Top-most, releasable space:                 17433664 Byte
20220314 061551.373 INFO             PET0 PIOc_freedecomp Exit - MemInfo: [malloc] Total space in use, mmap + non-mmap:         4622960 Byte
20220314 061551.373 INFO             PET0 PIOc_freedecomp Exit - MemInfo: [malloc] Total space held (mmap + non-mmap):         22269952 Byte
20220314 061551.373 INFO             PET0 PIOc_freedecomp Exit - MemInfo: [malloc] Total space used (mmap + non-mmap):          4632288 Byte
20220314 061551.373 INFO             PET0 PIOc_freedecomp Exit - MemInfo: Wall-clock time since execution start:               0.022815 seconds
20220314 061551.374 INFO             PET0 PIOc_sync Enter - MemInfo: [/proc/meminfo - SSI]	MemTotal:       65507008 kB
20220314 061551.374 INFO             PET0 PIOc_sync Enter - MemInfo: [/proc/meminfo - SSI]	MemFree:        49917360 kB
20220314 061551.374 INFO             PET0 PIOc_sync Enter - MemInfo: [/proc/meminfo - SSI]	MemAvailable:   49680644 kB
20220314 061551.374 INFO             PET0 PIOc_sync Enter - MemInfo: [/proc/meminfo - SSI]	Committed_AS:   12950876 kB
20220314 061551.374 INFO             PET0 PIOc_sync Enter - MemInfo: [/proc/meminfo - SSI]	CommittedPercent: 19.7702 %
20220314 061551.374 INFO             PET0 PIOc_sync Enter - MemInfo: [/proc/self/status]	VmPeak:	  506616 kB
20220314 061551.374 INFO             PET0 PIOc_sync Enter - MemInfo: [/proc/self/status]	VmSize:	  498428 kB
20220314 061551.374 INFO             PET0 PIOc_sync Enter - MemInfo: [/proc/self/status]	VmLck:	       0 kB
20220314 061551.374 INFO             PET0 PIOc_sync Enter - MemInfo: [/proc/self/status]	VmPin:	       0 kB
20220314 061551.374 INFO             PET0 PIOc_sync Enter - MemInfo: [/proc/self/status]	VmHWM:	   64464 kB
20220314 061551.374 INFO             PET0 PIOc_sync Enter - MemInfo: [/proc/self/status]	VmRSS:	   28984 kB
20220314 061551.374 INFO             PET0 PIOc_sync Enter - MemInfo: [/proc/self/status]	VmData:	   32228 kB
20220314 061551.374 INFO             PET0 PIOc_sync Enter - MemInfo: [/proc/self/status]	VmStk:	     148 kB
20220314 061551.374 INFO             PET0 PIOc_sync Enter - MemInfo: [/proc/self/status]	VmExe:	     204 kB
20220314 061551.374 INFO             PET0 PIOc_sync Enter - MemInfo: [/proc/self/status]	VmLib:	   48628 kB
20220314 061551.374 INFO             PET0 PIOc_sync Enter - MemInfo: [/proc/self/status]	VmPTE:	     716 kB
20220314 061551.374 INFO             PET0 PIOc_sync Enter - MemInfo: [/proc/self/status]	VmPMD:	      16 kB
20220314 061551.374 INFO             PET0 PIOc_sync Enter - MemInfo: [/proc/self/status]	VmSwap:	       0 kB
20220314 061551.374 INFO             PET0 PIOc_sync Enter - MemInfo: [/proc/self/status]	VmRSSPercent: 0.0442456 %
20220314 061551.374 INFO             PET0 PIOc_sync Enter - MemInfo: [malloc] Non-mmapped space allocated:                20688896 Byte
20220314 061551.374 INFO             PET0 PIOc_sync Enter - MemInfo: [malloc] Space allocated in mmapped regions:          1581056 Byte
20220314 061551.374 INFO             PET0 PIOc_sync Enter - MemInfo: [malloc] Maximum total allocated space:                     0 Byte
20220314 061551.374 INFO             PET0 PIOc_sync Enter - MemInfo: [malloc] Space in freed fastbin blocks:                  2896 Byte
20220314 061551.374 INFO             PET0 PIOc_sync Enter - MemInfo: [malloc] Total allocated space:                      20361200 Byte
20220314 061551.374 INFO             PET0 PIOc_sync Enter - MemInfo: [malloc] Total free space:                             327696 Byte
20220314 061551.374 INFO             PET0 PIOc_sync Enter - MemInfo: [malloc] Top-most, releasable space:                   117072 Byte
20220314 061551.374 INFO             PET0 PIOc_sync Enter - MemInfo: [malloc] Total space in use, mmap + non-mmap:        21942256 Byte
20220314 061551.374 INFO             PET0 PIOc_sync Enter - MemInfo: [malloc] Total space held (mmap + non-mmap):         22269952 Byte
20220314 061551.374 INFO             PET0 PIOc_sync Enter - MemInfo: [malloc] Total space used (mmap + non-mmap):         21951584 Byte
20220314 061551.374 INFO             PET0 PIOc_sync Enter - MemInfo: Wall-clock time since execution start:              0.0239548 seconds
20220314 061551.374 INFO             PET0 PIOc_sync Exit - MemInfo: [/proc/meminfo - SSI]	MemTotal:       65507008 kB
20220314 061551.374 INFO             PET0 PIOc_sync Exit - MemInfo: [/proc/meminfo - SSI]	MemFree:        49916856 kB
20220314 061551.374 INFO             PET0 PIOc_sync Exit - MemInfo: [/proc/meminfo - SSI]	MemAvailable:   49680140 kB
20220314 061551.374 INFO             PET0 PIOc_sync Exit - MemInfo: [/proc/meminfo - SSI]	Committed_AS:   12950876 kB
20220314 061551.374 INFO             PET0 PIOc_sync Exit - MemInfo: [/proc/meminfo - SSI]	CommittedPercent: 19.7702 %
20220314 061551.374 INFO             PET0 PIOc_sync Exit - MemInfo: [/proc/self/status]	VmPeak:	  506616 kB
20220314 061551.374 INFO             PET0 PIOc_sync Exit - MemInfo: [/proc/self/status]	VmSize:	  498428 kB
20220314 061551.374 INFO             PET0 PIOc_sync Exit - MemInfo: [/proc/self/status]	VmLck:	       0 kB
20220314 061551.374 INFO             PET0 PIOc_sync Exit - MemInfo: [/proc/self/status]	VmPin:	       0 kB
20220314 061551.374 INFO             PET0 PIOc_sync Exit - MemInfo: [/proc/self/status]	VmHWM:	   64464 kB
20220314 061551.374 INFO             PET0 PIOc_sync Exit - MemInfo: [/proc/self/status]	VmRSS:	   28984 kB
20220314 061551.374 INFO             PET0 PIOc_sync Exit - MemInfo: [/proc/self/status]	VmData:	   32228 kB
20220314 061551.374 INFO             PET0 PIOc_sync Exit - MemInfo: [/proc/self/status]	VmStk:	     148 kB
20220314 061551.374 INFO             PET0 PIOc_sync Exit - MemInfo: [/proc/self/status]	VmExe:	     204 kB
20220314 061551.374 INFO             PET0 PIOc_sync Exit - MemInfo: [/proc/self/status]	VmLib:	   48628 kB
20220314 061551.374 INFO             PET0 PIOc_sync Exit - MemInfo: [/proc/self/status]	VmPTE:	     716 kB
20220314 061551.374 INFO             PET0 PIOc_sync Exit - MemInfo: [/proc/self/status]	VmPMD:	      16 kB
20220314 061551.374 INFO             PET0 PIOc_sync Exit - MemInfo: [/proc/self/status]	VmSwap:	       0 kB
20220314 061551.374 INFO             PET0 PIOc_sync Exit - MemInfo: [/proc/self/status]	VmRSSPercent: 0.0442456 %
20220314 061551.374 INFO             PET0 PIOc_sync Exit - MemInfo: [malloc] Non-mmapped space allocated:                20688896 Byte
20220314 061551.374 INFO             PET0 PIOc_sync Exit - MemInfo: [malloc] Space allocated in mmapped regions:          1581056 Byte
20220314 061551.375 INFO             PET0 PIOc_sync Exit - MemInfo: [malloc] Maximum total allocated space:                     0 Byte
20220314 061551.375 INFO             PET0 PIOc_sync Exit - MemInfo: [malloc] Space in freed fastbin blocks:                   800 Byte
20220314 061551.375 INFO             PET0 PIOc_sync Exit - MemInfo: [malloc] Total allocated space:                      20361568 Byte
20220314 061551.375 INFO             PET0 PIOc_sync Exit - MemInfo: [malloc] Total free space:                             327328 Byte
20220314 061551.375 INFO             PET0 PIOc_sync Exit - MemInfo: [malloc] Top-most, releasable space:                   118768 Byte
20220314 061551.375 INFO             PET0 PIOc_sync Exit - MemInfo: [malloc] Total space in use, mmap + non-mmap:        21942624 Byte
20220314 061551.375 INFO             PET0 PIOc_sync Exit - MemInfo: [malloc] Total space held (mmap + non-mmap):         22269952 Byte
20220314 061551.375 INFO             PET0 PIOc_sync Exit - MemInfo: [malloc] Total space used (mmap + non-mmap):         21951952 Byte
20220314 061551.375 INFO             PET0 PIOc_sync Exit - MemInfo: Wall-clock time since execution start:              0.0243256 seconds
20220314 061551.375 INFO             PET0 PIOc_freedecomp Enter - MemInfo: [/proc/meminfo - SSI]	MemTotal:       65507008 kB
20220314 061551.375 INFO             PET0 PIOc_freedecomp Enter - MemInfo: [/proc/meminfo - SSI]	MemFree:        49916856 kB
20220314 061551.375 INFO             PET0 PIOc_freedecomp Enter - MemInfo: [/proc/meminfo - SSI]	MemAvailable:   49680140 kB
20220314 061551.375 INFO             PET0 PIOc_freedecomp Enter - MemInfo: [/proc/meminfo - SSI]	Committed_AS:   12950876 kB
20220314 061551.375 INFO             PET0 PIOc_freedecomp Enter - MemInfo: [/proc/meminfo - SSI]	CommittedPercent: 19.7702 %
20220314 061551.375 INFO             PET0 PIOc_freedecomp Enter - MemInfo: [/proc/self/status]	VmPeak:	  506616 kB
20220314 061551.375 INFO             PET0 PIOc_freedecomp Enter - MemInfo: [/proc/self/status]	VmSize:	  498428 kB
20220314 061551.375 INFO             PET0 PIOc_freedecomp Enter - MemInfo: [/proc/self/status]	VmLck:	       0 kB
20220314 061551.375 INFO             PET0 PIOc_freedecomp Enter - MemInfo: [/proc/self/status]	VmPin:	       0 kB
20220314 061551.375 INFO             PET0 PIOc_freedecomp Enter - MemInfo: [/proc/self/status]	VmHWM:	   64464 kB
20220314 061551.375 INFO             PET0 PIOc_freedecomp Enter - MemInfo: [/proc/self/status]	VmRSS:	   28984 kB
20220314 061551.375 INFO             PET0 PIOc_freedecomp Enter - MemInfo: [/proc/self/status]	VmData:	   32228 kB
20220314 061551.375 INFO             PET0 PIOc_freedecomp Enter - MemInfo: [/proc/self/status]	VmStk:	     148 kB
20220314 061551.375 INFO             PET0 PIOc_freedecomp Enter - MemInfo: [/proc/self/status]	VmExe:	     204 kB
20220314 061551.375 INFO             PET0 PIOc_freedecomp Enter - MemInfo: [/proc/self/status]	VmLib:	   48628 kB
20220314 061551.375 INFO             PET0 PIOc_freedecomp Enter - MemInfo: [/proc/self/status]	VmPTE:	     716 kB
20220314 061551.375 INFO             PET0 PIOc_freedecomp Enter - MemInfo: [/proc/self/status]	VmPMD:	      16 kB
20220314 061551.375 INFO             PET0 PIOc_freedecomp Enter - MemInfo: [/proc/self/status]	VmSwap:	       0 kB
20220314 061551.375 INFO             PET0 PIOc_freedecomp Enter - MemInfo: [/proc/self/status]	VmRSSPercent: 0.0442456 %
20220314 061551.375 INFO             PET0 PIOc_freedecomp Enter - MemInfo: [malloc] Non-mmapped space allocated:                20688896 Byte
20220314 061551.375 INFO             PET0 PIOc_freedecomp Enter - MemInfo: [malloc] Space allocated in mmapped regions:          1581056 Byte
20220314 061551.375 INFO             PET0 PIOc_freedecomp Enter - MemInfo: [malloc] Maximum total allocated space:                     0 Byte
20220314 061551.375 INFO             PET0 PIOc_freedecomp Enter - MemInfo: [malloc] Space in freed fastbin blocks:                   960 Byte
20220314 061551.375 INFO             PET0 PIOc_freedecomp Enter - MemInfo: [malloc] Total allocated space:                       3046032 Byte
20220314 061551.375 INFO             PET0 PIOc_freedecomp Enter - MemInfo: [malloc] Total free space:                           17642864 Byte
20220314 061551.375 INFO             PET0 PIOc_freedecomp Enter - MemInfo: [malloc] Top-most, releasable space:                   118768 Byte
20220314 061551.375 INFO             PET0 PIOc_freedecomp Enter - MemInfo: [malloc] Total space in use, mmap + non-mmap:         4627088 Byte
20220314 061551.375 INFO             PET0 PIOc_freedecomp Enter - MemInfo: [malloc] Total space held (mmap + non-mmap):         22269952 Byte
20220314 061551.375 INFO             PET0 PIOc_freedecomp Enter - MemInfo: [malloc] Total space used (mmap + non-mmap):          4636416 Byte
20220314 061551.375 INFO             PET0 PIOc_freedecomp Enter - MemInfo: Wall-clock time since execution start:              0.0246696 seconds
20220314 061551.375 INFO             PET0 PIOc_freedecomp Exit - MemInfo: [/proc/meminfo - SSI]	MemTotal:       65507008 kB
20220314 061551.375 INFO             PET0 PIOc_freedecomp Exit - MemInfo: [/proc/meminfo - SSI]	MemFree:        49916856 kB
20220314 061551.375 INFO             PET0 PIOc_freedecomp Exit - MemInfo: [/proc/meminfo - SSI]	MemAvailable:   49680140 kB
20220314 061551.375 INFO             PET0 PIOc_freedecomp Exit - MemInfo: [/proc/meminfo - SSI]	Committed_AS:   12950876 kB
20220314 061551.375 INFO             PET0 PIOc_freedecomp Exit - MemInfo: [/proc/meminfo - SSI]	CommittedPercent: 19.7702 %
20220314 061551.375 INFO             PET0 PIOc_freedecomp Exit - MemInfo: [/proc/self/status]	VmPeak:	  506616 kB
20220314 061551.375 INFO             PET0 PIOc_freedecomp Exit - MemInfo: [/proc/self/status]	VmSize:	  498428 kB
20220314 061551.375 INFO             PET0 PIOc_freedecomp Exit - MemInfo: [/proc/self/status]	VmLck:	       0 kB
20220314 061551.375 INFO             PET0 PIOc_freedecomp Exit - MemInfo: [/proc/self/status]	VmPin:	       0 kB
20220314 061551.375 INFO             PET0 PIOc_freedecomp Exit - MemInfo: [/proc/self/status]	VmHWM:	   64464 kB
20220314 061551.375 INFO             PET0 PIOc_freedecomp Exit - MemInfo: [/proc/self/status]	VmRSS:	   28984 kB
20220314 061551.375 INFO             PET0 PIOc_freedecomp Exit - MemInfo: [/proc/self/status]	VmData:	   32228 kB
20220314 061551.375 INFO             PET0 PIOc_freedecomp Exit - MemInfo: [/proc/self/status]	VmStk:	     148 kB
20220314 061551.375 INFO             PET0 PIOc_freedecomp Exit - MemInfo: [/proc/self/status]	VmExe:	     204 kB
20220314 061551.375 INFO             PET0 PIOc_freedecomp Exit - MemInfo: [/proc/self/status]	VmLib:	   48628 kB
20220314 061551.375 INFO             PET0 PIOc_freedecomp Exit - MemInfo: [/proc/self/status]	VmPTE:	     716 kB
20220314 061551.375 INFO             PET0 PIOc_freedecomp Exit - MemInfo: [/proc/self/status]	VmPMD:	      16 kB
20220314 061551.375 INFO             PET0 PIOc_freedecomp Exit - MemInfo: [/proc/self/status]	VmSwap:	       0 kB
20220314 061551.375 INFO             PET0 PIOc_freedecomp Exit - MemInfo: [/proc/self/status]	VmRSSPercent: 0.0442456 %
20220314 061551.375 INFO             PET0 PIOc_freedecomp Exit - MemInfo: [malloc] Non-mmapped space allocated:                20688896 Byte
20220314 061551.375 INFO             PET0 PIOc_freedecomp Exit - MemInfo: [malloc] Space allocated in mmapped regions:          1581056 Byte
20220314 061551.375 INFO             PET0 PIOc_freedecomp Exit - MemInfo: [malloc] Maximum total allocated space:                     0 Byte
20220314 061551.375 INFO             PET0 PIOc_freedecomp Exit - MemInfo: [malloc] Space in freed fastbin blocks:                   912 Byte
20220314 061551.375 INFO             PET0 PIOc_freedecomp Exit - MemInfo: [malloc] Total allocated space:                       3041888 Byte
20220314 061551.375 INFO             PET0 PIOc_freedecomp Exit - MemInfo: [malloc] Total free space:                           17647008 Byte
20220314 061551.375 INFO             PET0 PIOc_freedecomp Exit - MemInfo: [malloc] Top-most, releasable space:                 17433664 Byte
20220314 061551.375 INFO             PET0 PIOc_freedecomp Exit - MemInfo: [malloc] Total space in use, mmap + non-mmap:         4622944 Byte
20220314 061551.375 INFO             PET0 PIOc_freedecomp Exit - MemInfo: [malloc] Total space held (mmap + non-mmap):         22269952 Byte
20220314 061551.375 INFO             PET0 PIOc_freedecomp Exit - MemInfo: [malloc] Total space used (mmap + non-mmap):          4632272 Byte
20220314 061551.375 INFO             PET0 PIOc_freedecomp Exit - MemInfo: Wall-clock time since execution start:              0.0249942 seconds
20220314 061551.375 INFO             PET0 PASS Create an ESMC_RouteHandle via ESMC_FieldRegridStore(), ESMC_FieldRegridUTest.C, line 367
20220314 061551.375 INFO             PET0 PASS Execute ESMC_FieldRegrid(), ESMC_FieldRegridUTest.C, line 375
20220314 061551.380 INFO             PET0 PIOc_sync Enter - MemInfo: [/proc/meminfo - SSI]	MemTotal:       65507008 kB
20220314 061551.380 INFO             PET0 PIOc_sync Enter - MemInfo: [/proc/meminfo - SSI]	MemFree:        49908792 kB
20220314 061551.380 INFO             PET0 PIOc_sync Enter - MemInfo: [/proc/meminfo - SSI]	MemAvailable:   49672076 kB
20220314 061551.380 INFO             PET0 PIOc_sync Enter - MemInfo: [/proc/meminfo - SSI]	Committed_AS:   12950876 kB
20220314 061551.380 INFO             PET0 PIOc_sync Enter - MemInfo: [/proc/meminfo - SSI]	CommittedPercent: 19.7702 %
20220314 061551.380 INFO             PET0 PIOc_sync Enter - MemInfo: [/proc/self/status]	VmPeak:	  506616 kB
20220314 061551.380 INFO             PET0 PIOc_sync Enter - MemInfo: [/proc/self/status]	VmSize:	  498428 kB
20220314 061551.380 INFO             PET0 PIOc_sync Enter - MemInfo: [/proc/self/status]	VmLck:	       0 kB
20220314 061551.380 INFO             PET0 PIOc_sync Enter - MemInfo: [/proc/self/status]	VmPin:	       0 kB
20220314 061551.380 INFO             PET0 PIOc_sync Enter - MemInfo: [/proc/self/status]	VmHWM:	   64464 kB
20220314 061551.380 INFO             PET0 PIOc_sync Enter - MemInfo: [/proc/self/status]	VmRSS:	   37240 kB
20220314 061551.380 INFO             PET0 PIOc_sync Enter - MemInfo: [/proc/self/status]	VmData:	   32228 kB
20220314 061551.380 INFO             PET0 PIOc_sync Enter - MemInfo: [/proc/self/status]	VmStk:	     148 kB
20220314 061551.380 INFO             PET0 PIOc_sync Enter - MemInfo: [/proc/self/status]	VmExe:	     204 kB
20220314 061551.380 INFO             PET0 PIOc_sync Enter - MemInfo: [/proc/self/status]	VmLib:	   48628 kB
20220314 061551.380 INFO             PET0 PIOc_sync Enter - MemInfo: [/proc/self/status]	VmPTE:	     728 kB
20220314 061551.380 INFO             PET0 PIOc_sync Enter - MemInfo: [/proc/self/status]	VmPMD:	      16 kB
20220314 061551.380 INFO             PET0 PIOc_sync Enter - MemInfo: [/proc/self/status]	VmSwap:	       0 kB
20220314 061551.380 INFO             PET0 PIOc_sync Enter - MemInfo: [/proc/self/status]	VmRSSPercent: 0.0568489 %
20220314 061551.380 INFO             PET0 PIOc_sync Enter - MemInfo: [malloc] Non-mmapped space allocated:                20688896 Byte
20220314 061551.380 INFO             PET0 PIOc_sync Enter - MemInfo: [malloc] Space allocated in mmapped regions:          1581056 Byte
20220314 061551.380 INFO             PET0 PIOc_sync Enter - MemInfo: [malloc] Maximum total allocated space:                     0 Byte
20220314 061551.380 INFO             PET0 PIOc_sync Enter - MemInfo: [malloc] Space in freed fastbin blocks:                   880 Byte
20220314 061551.380 INFO             PET0 PIOc_sync Enter - MemInfo: [malloc] Total allocated space:                      20366688 Byte
20220314 061551.380 INFO             PET0 PIOc_sync Enter - MemInfo: [malloc] Total free space:                             322208 Byte
20220314 061551.380 INFO             PET0 PIOc_sync Enter - MemInfo: [malloc] Top-most, releasable space:                   113744 Byte
20220314 061551.380 INFO             PET0 PIOc_sync Enter - MemInfo: [malloc] Total space in use, mmap + non-mmap:        21947744 Byte
20220314 061551.381 INFO             PET0 PIOc_sync Enter - MemInfo: [malloc] Total space held (mmap + non-mmap):         22269952 Byte
20220314 061551.381 INFO             PET0 PIOc_sync Enter - MemInfo: [malloc] Total space used (mmap + non-mmap):         21957072 Byte
20220314 061551.381 INFO             PET0 PIOc_sync Enter - MemInfo: Wall-clock time since execution start:              0.0302771 seconds
20220314 061551.381 INFO             PET0 PIOc_sync Exit - MemInfo: [/proc/meminfo - SSI]	MemTotal:       65507008 kB
20220314 061551.381 INFO             PET0 PIOc_sync Exit - MemInfo: [/proc/meminfo - SSI]	MemFree:        49908792 kB
20220314 061551.381 INFO             PET0 PIOc_sync Exit - MemInfo: [/proc/meminfo - SSI]	MemAvailable:   49672076 kB
20220314 061551.381 INFO             PET0 PIOc_sync Exit - MemInfo: [/proc/meminfo - SSI]	Committed_AS:   12950876 kB
20220314 061551.381 INFO             PET0 PIOc_sync Exit - MemInfo: [/proc/meminfo - SSI]	CommittedPercent: 19.7702 %
20220314 061551.381 INFO             PET0 PIOc_sync Exit - MemInfo: [/proc/self/status]	VmPeak:	  506616 kB
20220314 061551.381 INFO             PET0 PIOc_sync Exit - MemInfo: [/proc/self/status]	VmSize:	  498428 kB
20220314 061551.381 INFO             PET0 PIOc_sync Exit - MemInfo: [/proc/self/status]	VmLck:	       0 kB
20220314 061551.381 INFO             PET0 PIOc_sync Exit - MemInfo: [/proc/self/status]	VmPin:	       0 kB
20220314 061551.381 INFO             PET0 PIOc_sync Exit - MemInfo: [/proc/self/status]	VmHWM:	   64464 kB
20220314 061551.381 INFO             PET0 PIOc_sync Exit - MemInfo: [/proc/self/status]	VmRSS:	   37248 kB
20220314 061551.381 INFO             PET0 PIOc_sync Exit - MemInfo: [/proc/self/status]	VmData:	   32228 kB
20220314 061551.381 INFO             PET0 PIOc_sync Exit - MemInfo: [/proc/self/status]	VmStk:	     148 kB
20220314 061551.381 INFO             PET0 PIOc_sync Exit - MemInfo: [/proc/self/status]	VmExe:	     204 kB
20220314 061551.381 INFO             PET0 PIOc_sync Exit - MemInfo: [/proc/self/status]	VmLib:	   48628 kB
20220314 061551.381 INFO             PET0 PIOc_sync Exit - MemInfo: [/proc/self/status]	VmPTE:	     728 kB
20220314 061551.381 INFO             PET0 PIOc_sync Exit - MemInfo: [/proc/self/status]	VmPMD:	      16 kB
20220314 061551.381 INFO             PET0 PIOc_sync Exit - MemInfo: [/proc/self/status]	VmSwap:	       0 kB
20220314 061551.381 INFO             PET0 PIOc_sync Exit - MemInfo: [/proc/self/status]	VmRSSPercent: 0.0568611 %
20220314 061551.381 INFO             PET0 PIOc_sync Exit - MemInfo: [malloc] Non-mmapped space allocated:                20688896 Byte
20220314 061551.381 INFO             PET0 PIOc_sync Exit - MemInfo: [malloc] Space allocated in mmapped regions:          1581056 Byte
20220314 061551.381 INFO             PET0 PIOc_sync Exit - MemInfo: [malloc] Maximum total allocated space:                     0 Byte
20220314 061551.381 INFO             PET0 PIOc_sync Exit - MemInfo: [malloc] Space in freed fastbin blocks:                   704 Byte
20220314 061551.381 INFO             PET0 PIOc_sync Exit - MemInfo: [malloc] Total allocated space:                      20367296 Byte
20220314 061551.381 INFO             PET0 PIOc_sync Exit - MemInfo: [malloc] Total free space:                             321600 Byte
20220314 061551.381 INFO             PET0 PIOc_sync Exit - MemInfo: [malloc] Top-most, releasable space:                   113168 Byte
20220314 061551.381 INFO             PET0 PIOc_sync Exit - MemInfo: [malloc] Total space in use, mmap + non-mmap:        21948352 Byte
20220314 061551.381 INFO             PET0 PIOc_sync Exit - MemInfo: [malloc] Total space held (mmap + non-mmap):         22269952 Byte
20220314 061551.381 INFO             PET0 PIOc_sync Exit - MemInfo: [malloc] Total space used (mmap + non-mmap):         21957680 Byte
20220314 061551.381 INFO             PET0 PIOc_sync Exit - MemInfo: Wall-clock time since execution start:              0.0306438 seconds
20220314 061551.381 INFO             PET0 PIOc_freedecomp Enter - MemInfo: [/proc/meminfo - SSI]	MemTotal:       65507008 kB
20220314 061551.381 INFO             PET0 PIOc_freedecomp Enter - MemInfo: [/proc/meminfo - SSI]	MemFree:        49908792 kB
20220314 061551.381 INFO             PET0 PIOc_freedecomp Enter - MemInfo: [/proc/meminfo - SSI]	MemAvailable:   49672076 kB
20220314 061551.381 INFO             PET0 PIOc_freedecomp Enter - MemInfo: [/proc/meminfo - SSI]	Committed_AS:   12950876 kB
20220314 061551.381 INFO             PET0 PIOc_freedecomp Enter - MemInfo: [/proc/meminfo - SSI]	CommittedPercent: 19.7702 %
20220314 061551.381 INFO             PET0 PIOc_freedecomp Enter - MemInfo: [/proc/self/status]	VmPeak:	  506616 kB
20220314 061551.381 INFO             PET0 PIOc_freedecomp Enter - MemInfo: [/proc/self/status]	VmSize:	  498428 kB
20220314 061551.381 INFO             PET0 PIOc_freedecomp Enter - MemInfo: [/proc/self/status]	VmLck:	       0 kB
20220314 061551.381 INFO             PET0 PIOc_freedecomp Enter - MemInfo: [/proc/self/status]	VmPin:	       0 kB
20220314 061551.381 INFO             PET0 PIOc_freedecomp Enter - MemInfo: [/proc/self/status]	VmHWM:	   64464 kB
20220314 061551.381 INFO             PET0 PIOc_freedecomp Enter - MemInfo: [/proc/self/status]	VmRSS:	   37248 kB
20220314 061551.381 INFO             PET0 PIOc_freedecomp Enter - MemInfo: [/proc/self/status]	VmData:	   32228 kB
20220314 061551.381 INFO             PET0 PIOc_freedecomp Enter - MemInfo: [/proc/self/status]	VmStk:	     148 kB
20220314 061551.381 INFO             PET0 PIOc_freedecomp Enter - MemInfo: [/proc/self/status]	VmExe:	     204 kB
20220314 061551.381 INFO             PET0 PIOc_freedecomp Enter - MemInfo: [/proc/self/status]	VmLib:	   48628 kB
20220314 061551.381 INFO             PET0 PIOc_freedecomp Enter - MemInfo: [/proc/self/status]	VmPTE:	     728 kB
20220314 061551.381 INFO             PET0 PIOc_freedecomp Enter - MemInfo: [/proc/self/status]	VmPMD:	      16 kB
20220314 061551.381 INFO             PET0 PIOc_freedecomp Enter - MemInfo: [/proc/self/status]	VmSwap:	       0 kB
20220314 061551.381 INFO             PET0 PIOc_freedecomp Enter - MemInfo: [/proc/self/status]	VmRSSPercent: 0.0568611 %
20220314 061551.381 INFO             PET0 PIOc_freedecomp Enter - MemInfo: [malloc] Non-mmapped space allocated:                20688896 Byte
20220314 061551.381 INFO             PET0 PIOc_freedecomp Enter - MemInfo: [malloc] Space allocated in mmapped regions:          1581056 Byte
20220314 061551.381 INFO             PET0 PIOc_freedecomp Enter - MemInfo: [malloc] Maximum total allocated space:                     0 Byte
20220314 061551.381 INFO             PET0 PIOc_freedecomp Enter - MemInfo: [malloc] Space in freed fastbin blocks:                   928 Byte
20220314 061551.381 INFO             PET0 PIOc_freedecomp Enter - MemInfo: [malloc] Total allocated space:                       3052448 Byte
20220314 061551.381 INFO             PET0 PIOc_freedecomp Enter - MemInfo: [malloc] Total free space:                           17636448 Byte
20220314 061551.381 INFO             PET0 PIOc_freedecomp Enter - MemInfo: [malloc] Top-most, releasable space:                   113248 Byte
20220314 061551.381 INFO             PET0 PIOc_freedecomp Enter - MemInfo: [malloc] Total space in use, mmap + non-mmap:         4633504 Byte
20220314 061551.381 INFO             PET0 PIOc_freedecomp Enter - MemInfo: [malloc] Total space held (mmap + non-mmap):         22269952 Byte
20220314 061551.381 INFO             PET0 PIOc_freedecomp Enter - MemInfo: [malloc] Total space used (mmap + non-mmap):          4642832 Byte
20220314 061551.381 INFO             PET0 PIOc_freedecomp Enter - MemInfo: Wall-clock time since execution start:              0.0309851 seconds
20220314 061551.381 INFO             PET0 PIOc_freedecomp Exit - MemInfo: [/proc/meminfo - SSI]	MemTotal:       65507008 kB
20220314 061551.381 INFO             PET0 PIOc_freedecomp Exit - MemInfo: [/proc/meminfo - SSI]	MemFree:        49908792 kB
20220314 061551.381 INFO             PET0 PIOc_freedecomp Exit - MemInfo: [/proc/meminfo - SSI]	MemAvailable:   49672076 kB
20220314 061551.381 INFO             PET0 PIOc_freedecomp Exit - MemInfo: [/proc/meminfo - SSI]	Committed_AS:   12950876 kB
20220314 061551.381 INFO             PET0 PIOc_freedecomp Exit - MemInfo: [/proc/meminfo - SSI]	CommittedPercent: 19.7702 %
20220314 061551.381 INFO             PET0 PIOc_freedecomp Exit - MemInfo: [/proc/self/status]	VmPeak:	  506616 kB
20220314 061551.381 INFO             PET0 PIOc_freedecomp Exit - MemInfo: [/proc/self/status]	VmSize:	  498428 kB
20220314 061551.381 INFO             PET0 PIOc_freedecomp Exit - MemInfo: [/proc/self/status]	VmLck:	       0 kB
20220314 061551.381 INFO             PET0 PIOc_freedecomp Exit - MemInfo: [/proc/self/status]	VmPin:	       0 kB
20220314 061551.381 INFO             PET0 PIOc_freedecomp Exit - MemInfo: [/proc/self/status]	VmHWM:	   64464 kB
20220314 061551.381 INFO             PET0 PIOc_freedecomp Exit - MemInfo: [/proc/self/status]	VmRSS:	   37248 kB
20220314 061551.381 INFO             PET0 PIOc_freedecomp Exit - MemInfo: [/proc/self/status]	VmData:	   32228 kB
20220314 061551.381 INFO             PET0 PIOc_freedecomp Exit - MemInfo: [/proc/self/status]	VmStk:	     148 kB
20220314 061551.381 INFO             PET0 PIOc_freedecomp Exit - MemInfo: [/proc/self/status]	VmExe:	     204 kB
20220314 061551.381 INFO             PET0 PIOc_freedecomp Exit - MemInfo: [/proc/self/status]	VmLib:	   48628 kB
20220314 061551.381 INFO             PET0 PIOc_freedecomp Exit - MemInfo: [/proc/self/status]	VmPTE:	     728 kB
20220314 061551.381 INFO             PET0 PIOc_freedecomp Exit - MemInfo: [/proc/self/status]	VmPMD:	      16 kB
20220314 061551.381 INFO             PET0 PIOc_freedecomp Exit - MemInfo: [/proc/self/status]	VmSwap:	       0 kB
20220314 061551.381 INFO             PET0 PIOc_freedecomp Exit - MemInfo: [/proc/self/status]	VmRSSPercent: 0.0568611 %
20220314 061551.381 INFO             PET0 PIOc_freedecomp Exit - MemInfo: [malloc] Non-mmapped space allocated:                20688896 Byte
20220314 061551.381 INFO             PET0 PIOc_freedecomp Exit - MemInfo: [malloc] Space allocated in mmapped regions:          1581056 Byte
20220314 061551.381 INFO             PET0 PIOc_freedecomp Exit - MemInfo: [malloc] Maximum total allocated space:                     0 Byte
20220314 061551.381 INFO             PET0 PIOc_freedecomp Exit - MemInfo: [malloc] Space in freed fastbin blocks:                  1904 Byte
20220314 061551.382 INFO             PET0 PIOc_freedecomp Exit - MemInfo: [malloc] Total allocated space:                       3049792 Byte
20220314 061551.382 INFO             PET0 PIOc_freedecomp Exit - MemInfo: [malloc] Total free space:                           17639104 Byte
20220314 061551.382 INFO             PET0 PIOc_freedecomp Exit - MemInfo: [malloc] Top-most, releasable space:                   113248 Byte
20220314 061551.382 INFO             PET0 PIOc_freedecomp Exit - MemInfo: [malloc] Total space in use, mmap + non-mmap:         4630848 Byte
20220314 061551.382 INFO             PET0 PIOc_freedecomp Exit - MemInfo: [malloc] Total space held (mmap + non-mmap):         22269952 Byte
20220314 061551.382 INFO             PET0 PIOc_freedecomp Exit - MemInfo: [malloc] Total space used (mmap + non-mmap):          4640176 Byte
20220314 061551.382 INFO             PET0 PIOc_freedecomp Exit - MemInfo: Wall-clock time since execution start:                0.03131 seconds
20220314 061551.382 INFO             PET0 PIOc_sync Enter - MemInfo: [/proc/meminfo - SSI]	MemTotal:       65507008 kB
20220314 061551.382 INFO             PET0 PIOc_sync Enter - MemInfo: [/proc/meminfo - SSI]	MemFree:        49908792 kB
20220314 061551.382 INFO             PET0 PIOc_sync Enter - MemInfo: [/proc/meminfo - SSI]	MemAvailable:   49672076 kB
20220314 061551.382 INFO             PET0 PIOc_sync Enter - MemInfo: [/proc/meminfo - SSI]	Committed_AS:   12950876 kB
20220314 061551.382 INFO             PET0 PIOc_sync Enter - MemInfo: [/proc/meminfo - SSI]	CommittedPercent: 19.7702 %
20220314 061551.382 INFO             PET0 PIOc_sync Enter - MemInfo: [/proc/self/status]	VmPeak:	  506616 kB
20220314 061551.382 INFO             PET0 PIOc_sync Enter - MemInfo: [/proc/self/status]	VmSize:	  498428 kB
20220314 061551.382 INFO             PET0 PIOc_sync Enter - MemInfo: [/proc/self/status]	VmLck:	       0 kB
20220314 061551.382 INFO             PET0 PIOc_sync Enter - MemInfo: [/proc/self/status]	VmPin:	       0 kB
20220314 061551.382 INFO             PET0 PIOc_sync Enter - MemInfo: [/proc/self/status]	VmHWM:	   64464 kB
20220314 061551.382 INFO             PET0 PIOc_sync Enter - MemInfo: [/proc/self/status]	VmRSS:	   37252 kB
20220314 061551.382 INFO             PET0 PIOc_sync Enter - MemInfo: [/proc/self/status]	VmData:	   32228 kB
20220314 061551.382 INFO             PET0 PIOc_sync Enter - MemInfo: [/proc/self/status]	VmStk:	     148 kB
20220314 061551.382 INFO             PET0 PIOc_sync Enter - MemInfo: [/proc/self/status]	VmExe:	     204 kB
20220314 061551.382 INFO             PET0 PIOc_sync Enter - MemInfo: [/proc/self/status]	VmLib:	   48628 kB
20220314 061551.382 INFO             PET0 PIOc_sync Enter - MemInfo: [/proc/self/status]	VmPTE:	     728 kB
20220314 061551.382 INFO             PET0 PIOc_sync Enter - MemInfo: [/proc/self/status]	VmPMD:	      16 kB
20220314 061551.382 INFO             PET0 PIOc_sync Enter - MemInfo: [/proc/self/status]	VmSwap:	       0 kB
20220314 061551.382 INFO             PET0 PIOc_sync Enter - MemInfo: [/proc/self/status]	VmRSSPercent: 0.0568672 %
20220314 061551.382 INFO             PET0 PIOc_sync Enter - MemInfo: [malloc] Non-mmapped space allocated:                20688896 Byte
20220314 061551.383 INFO             PET0 PIOc_sync Enter - MemInfo: [malloc] Space allocated in mmapped regions:          1581056 Byte
20220314 061551.383 INFO             PET0 PIOc_sync Enter - MemInfo: [malloc] Maximum total allocated space:                     0 Byte
20220314 061551.383 INFO             PET0 PIOc_sync Enter - MemInfo: [malloc] Space in freed fastbin blocks:                  1488 Byte
20220314 061551.383 INFO             PET0 PIOc_sync Enter - MemInfo: [malloc] Total allocated space:                      20367440 Byte
20220314 061551.383 INFO             PET0 PIOc_sync Enter - MemInfo: [malloc] Total free space:                             321456 Byte
20220314 061551.383 INFO             PET0 PIOc_sync Enter - MemInfo: [malloc] Top-most, releasable space:                   112336 Byte
20220314 061551.383 INFO             PET0 PIOc_sync Enter - MemInfo: [malloc] Total space in use, mmap + non-mmap:        21948496 Byte
20220314 061551.383 INFO             PET0 PIOc_sync Enter - MemInfo: [malloc] Total space held (mmap + non-mmap):         22269952 Byte
20220314 061551.383 INFO             PET0 PIOc_sync Enter - MemInfo: [malloc] Total space used (mmap + non-mmap):         21957824 Byte
20220314 061551.383 INFO             PET0 PIOc_sync Enter - MemInfo: Wall-clock time since execution start:              0.0323361 seconds
20220314 061551.383 INFO             PET0 PIOc_sync Exit - MemInfo: [/proc/meminfo - SSI]	MemTotal:       65507008 kB
20220314 061551.383 INFO             PET0 PIOc_sync Exit - MemInfo: [/proc/meminfo - SSI]	MemFree:        49908792 kB
20220314 061551.383 INFO             PET0 PIOc_sync Exit - MemInfo: [/proc/meminfo - SSI]	MemAvailable:   49672076 kB
20220314 061551.383 INFO             PET0 PIOc_sync Exit - MemInfo: [/proc/meminfo - SSI]	Committed_AS:   12950876 kB
20220314 061551.383 INFO             PET0 PIOc_sync Exit - MemInfo: [/proc/meminfo - SSI]	CommittedPercent: 19.7702 %
20220314 061551.383 INFO             PET0 PIOc_sync Exit - MemInfo: [/proc/self/status]	VmPeak:	  506616 kB
20220314 061551.383 INFO             PET0 PIOc_sync Exit - MemInfo: [/proc/self/status]	VmSize:	  498428 kB
20220314 061551.383 INFO             PET0 PIOc_sync Exit - MemInfo: [/proc/self/status]	VmLck:	       0 kB
20220314 061551.383 INFO             PET0 PIOc_sync Exit - MemInfo: [/proc/self/status]	VmPin:	       0 kB
20220314 061551.383 INFO             PET0 PIOc_sync Exit - MemInfo: [/proc/self/status]	VmHWM:	   64464 kB
20220314 061551.383 INFO             PET0 PIOc_sync Exit - MemInfo: [/proc/self/status]	VmRSS:	   37252 kB
20220314 061551.383 INFO             PET0 PIOc_sync Exit - MemInfo: [/proc/self/status]	VmData:	   32228 kB
20220314 061551.383 INFO             PET0 PIOc_sync Exit - MemInfo: [/proc/self/status]	VmStk:	     148 kB
20220314 061551.383 INFO             PET0 PIOc_sync Exit - MemInfo: [/proc/self/status]	VmExe:	     204 kB
20220314 061551.383 INFO             PET0 PIOc_sync Exit - MemInfo: [/proc/self/status]	VmLib:	   48628 kB
20220314 061551.383 INFO             PET0 PIOc_sync Exit - MemInfo: [/proc/self/status]	VmPTE:	     728 kB
20220314 061551.383 INFO             PET0 PIOc_sync Exit - MemInfo: [/proc/self/status]	VmPMD:	      16 kB
20220314 061551.383 INFO             PET0 PIOc_sync Exit - MemInfo: [/proc/self/status]	VmSwap:	       0 kB
20220314 061551.383 INFO             PET0 PIOc_sync Exit - MemInfo: [/proc/self/status]	VmRSSPercent: 0.0568672 %
20220314 061551.383 INFO             PET0 PIOc_sync Exit - MemInfo: [malloc] Non-mmapped space allocated:                20688896 Byte
20220314 061551.383 INFO             PET0 PIOc_sync Exit - MemInfo: [malloc] Space allocated in mmapped regions:          1581056 Byte
20220314 061551.383 INFO             PET0 PIOc_sync Exit - MemInfo: [malloc] Maximum total allocated space:                     0 Byte
20220314 061551.383 INFO             PET0 PIOc_sync Exit - MemInfo: [malloc] Space in freed fastbin blocks:                   320 Byte
20220314 061551.383 INFO             PET0 PIOc_sync Exit - MemInfo: [malloc] Total allocated space:                      20368048 Byte
20220314 061551.383 INFO             PET0 PIOc_sync Exit - MemInfo: [malloc] Total free space:                             320848 Byte
20220314 061551.383 INFO             PET0 PIOc_sync Exit - MemInfo: [malloc] Top-most, releasable space:                   112224 Byte
20220314 061551.383 INFO             PET0 PIOc_sync Exit - MemInfo: [malloc] Total space in use, mmap + non-mmap:        21949104 Byte
20220314 061551.383 INFO             PET0 PIOc_sync Exit - MemInfo: [malloc] Total space held (mmap + non-mmap):         22269952 Byte
20220314 061551.383 INFO             PET0 PIOc_sync Exit - MemInfo: [malloc] Total space used (mmap + non-mmap):         21958432 Byte
20220314 061551.383 INFO             PET0 PIOc_sync Exit - MemInfo: Wall-clock time since execution start:              0.0326974 seconds
20220314 061551.383 INFO             PET0 PIOc_freedecomp Enter - MemInfo: [/proc/meminfo - SSI]	MemTotal:       65507008 kB
20220314 061551.383 INFO             PET0 PIOc_freedecomp Enter - MemInfo: [/proc/meminfo - SSI]	MemFree:        49908792 kB
20220314 061551.383 INFO             PET0 PIOc_freedecomp Enter - MemInfo: [/proc/meminfo - SSI]	MemAvailable:   49672076 kB
20220314 061551.383 INFO             PET0 PIOc_freedecomp Enter - MemInfo: [/proc/meminfo - SSI]	Committed_AS:   12950876 kB
20220314 061551.383 INFO             PET0 PIOc_freedecomp Enter - MemInfo: [/proc/meminfo - SSI]	CommittedPercent: 19.7702 %
20220314 061551.383 INFO             PET0 PIOc_freedecomp Enter - MemInfo: [/proc/self/status]	VmPeak:	  506616 kB
20220314 061551.383 INFO             PET0 PIOc_freedecomp Enter - MemInfo: [/proc/self/status]	VmSize:	  498428 kB
20220314 061551.383 INFO             PET0 PIOc_freedecomp Enter - MemInfo: [/proc/self/status]	VmLck:	       0 kB
20220314 061551.383 INFO             PET0 PIOc_freedecomp Enter - MemInfo: [/proc/self/status]	VmPin:	       0 kB
20220314 061551.383 INFO             PET0 PIOc_freedecomp Enter - MemInfo: [/proc/self/status]	VmHWM:	   64464 kB
20220314 061551.383 INFO             PET0 PIOc_freedecomp Enter - MemInfo: [/proc/self/status]	VmRSS:	   37252 kB
20220314 061551.383 INFO             PET0 PIOc_freedecomp Enter - MemInfo: [/proc/self/status]	VmData:	   32228 kB
20220314 061551.383 INFO             PET0 PIOc_freedecomp Enter - MemInfo: [/proc/self/status]	VmStk:	     148 kB
20220314 061551.383 INFO             PET0 PIOc_freedecomp Enter - MemInfo: [/proc/self/status]	VmExe:	     204 kB
20220314 061551.383 INFO             PET0 PIOc_freedecomp Enter - MemInfo: [/proc/self/status]	VmLib:	   48628 kB
20220314 061551.383 INFO             PET0 PIOc_freedecomp Enter - MemInfo: [/proc/self/status]	VmPTE:	     728 kB
20220314 061551.383 INFO             PET0 PIOc_freedecomp Enter - MemInfo: [/proc/self/status]	VmPMD:	      16 kB
20220314 061551.383 INFO             PET0 PIOc_freedecomp Enter - MemInfo: [/proc/self/status]	VmSwap:	       0 kB
20220314 061551.383 INFO             PET0 PIOc_freedecomp Enter - MemInfo: [/proc/self/status]	VmRSSPercent: 0.0568672 %
20220314 061551.383 INFO             PET0 PIOc_freedecomp Enter - MemInfo: [malloc] Non-mmapped space allocated:                20688896 Byte
20220314 061551.383 INFO             PET0 PIOc_freedecomp Enter - MemInfo: [malloc] Space allocated in mmapped regions:          1581056 Byte
20220314 061551.383 INFO             PET0 PIOc_freedecomp Enter - MemInfo: [malloc] Maximum total allocated space:                     0 Byte
20220314 061551.383 INFO             PET0 PIOc_freedecomp Enter - MemInfo: [malloc] Space in freed fastbin blocks:                  1136 Byte
20220314 061551.383 INFO             PET0 PIOc_freedecomp Enter - MemInfo: [malloc] Total allocated space:                       3052448 Byte
20220314 061551.383 INFO             PET0 PIOc_freedecomp Enter - MemInfo: [malloc] Total free space:                           17636448 Byte
20220314 061551.383 INFO             PET0 PIOc_freedecomp Enter - MemInfo: [malloc] Top-most, releasable space:                   112224 Byte
20220314 061551.383 INFO             PET0 PIOc_freedecomp Enter - MemInfo: [malloc] Total space in use, mmap + non-mmap:         4633504 Byte
20220314 061551.383 INFO             PET0 PIOc_freedecomp Enter - MemInfo: [malloc] Total space held (mmap + non-mmap):         22269952 Byte
20220314 061551.383 INFO             PET0 PIOc_freedecomp Enter - MemInfo: [malloc] Total space used (mmap + non-mmap):          4642832 Byte
20220314 061551.383 INFO             PET0 PIOc_freedecomp Enter - MemInfo: Wall-clock time since execution start:              0.0330404 seconds
20220314 061551.383 INFO             PET0 PIOc_freedecomp Exit - MemInfo: [/proc/meminfo - SSI]	MemTotal:       65507008 kB
20220314 061551.383 INFO             PET0 PIOc_freedecomp Exit - MemInfo: [/proc/meminfo - SSI]	MemFree:        49908792 kB
20220314 061551.383 INFO             PET0 PIOc_freedecomp Exit - MemInfo: [/proc/meminfo - SSI]	MemAvailable:   49672076 kB
20220314 061551.383 INFO             PET0 PIOc_freedecomp Exit - MemInfo: [/proc/meminfo - SSI]	Committed_AS:   12950876 kB
20220314 061551.383 INFO             PET0 PIOc_freedecomp Exit - MemInfo: [/proc/meminfo - SSI]	CommittedPercent: 19.7702 %
20220314 061551.383 INFO             PET0 PIOc_freedecomp Exit - MemInfo: [/proc/self/status]	VmPeak:	  506616 kB
20220314 061551.383 INFO             PET0 PIOc_freedecomp Exit - MemInfo: [/proc/self/status]	VmSize:	  498428 kB
20220314 061551.383 INFO             PET0 PIOc_freedecomp Exit - MemInfo: [/proc/self/status]	VmLck:	       0 kB
20220314 061551.383 INFO             PET0 PIOc_freedecomp Exit - MemInfo: [/proc/self/status]	VmPin:	       0 kB
20220314 061551.383 INFO             PET0 PIOc_freedecomp Exit - MemInfo: [/proc/self/status]	VmHWM:	   64464 kB
20220314 061551.383 INFO             PET0 PIOc_freedecomp Exit - MemInfo: [/proc/self/status]	VmRSS:	   37252 kB
20220314 061551.383 INFO             PET0 PIOc_freedecomp Exit - MemInfo: [/proc/self/status]	VmData:	   32228 kB
20220314 061551.383 INFO             PET0 PIOc_freedecomp Exit - MemInfo: [/proc/self/status]	VmStk:	     148 kB
20220314 061551.383 INFO             PET0 PIOc_freedecomp Exit - MemInfo: [/proc/self/status]	VmExe:	     204 kB
20220314 061551.383 INFO             PET0 PIOc_freedecomp Exit - MemInfo: [/proc/self/status]	VmLib:	   48628 kB
20220314 061551.383 INFO             PET0 PIOc_freedecomp Exit - MemInfo: [/proc/self/status]	VmPTE:	     728 kB
20220314 061551.383 INFO             PET0 PIOc_freedecomp Exit - MemInfo: [/proc/self/status]	VmPMD:	      16 kB
20220314 061551.383 INFO             PET0 PIOc_freedecomp Exit - MemInfo: [/proc/self/status]	VmSwap:	       0 kB
20220314 061551.384 INFO             PET0 PIOc_freedecomp Exit - MemInfo: [/proc/self/status]	VmRSSPercent: 0.0568672 %
20220314 061551.384 INFO             PET0 PIOc_freedecomp Exit - MemInfo: [malloc] Non-mmapped space allocated:                20688896 Byte
20220314 061551.384 INFO             PET0 PIOc_freedecomp Exit - MemInfo: [malloc] Space allocated in mmapped regions:          1581056 Byte
20220314 061551.384 INFO             PET0 PIOc_freedecomp Exit - MemInfo: [malloc] Maximum total allocated space:                     0 Byte
20220314 061551.384 INFO             PET0 PIOc_freedecomp Exit - MemInfo: [malloc] Space in freed fastbin blocks:                  2032 Byte
20220314 061551.384 INFO             PET0 PIOc_freedecomp Exit - MemInfo: [malloc] Total allocated space:                       3049792 Byte
20220314 061551.384 INFO             PET0 PIOc_freedecomp Exit - MemInfo: [malloc] Total free space:                           17639104 Byte
20220314 061551.384 INFO             PET0 PIOc_freedecomp Exit - MemInfo: [malloc] Top-most, releasable space:                   112224 Byte
20220314 061551.384 INFO             PET0 PIOc_freedecomp Exit - MemInfo: [malloc] Total space in use, mmap + non-mmap:         4630848 Byte
20220314 061551.384 INFO             PET0 PIOc_freedecomp Exit - MemInfo: [malloc] Total space held (mmap + non-mmap):         22269952 Byte
20220314 061551.384 INFO             PET0 PIOc_freedecomp Exit - MemInfo: [malloc] Total space used (mmap + non-mmap):          4640176 Byte
20220314 061551.384 INFO             PET0 PIOc_freedecomp Exit - MemInfo: Wall-clock time since execution start:              0.0333633 seconds
20220314 061551.384 INFO             PET0 PIOc_sync Enter - MemInfo: [/proc/meminfo - SSI]	MemTotal:       65507008 kB
20220314 061551.384 INFO             PET0 PIOc_sync Enter - MemInfo: [/proc/meminfo - SSI]	MemFree:        49908792 kB
20220314 061551.384 INFO             PET0 PIOc_sync Enter - MemInfo: [/proc/meminfo - SSI]	MemAvailable:   49672076 kB
20220314 061551.384 INFO             PET0 PIOc_sync Enter - MemInfo: [/proc/meminfo - SSI]	Committed_AS:   12950876 kB
20220314 061551.384 INFO             PET0 PIOc_sync Enter - MemInfo: [/proc/meminfo - SSI]	CommittedPercent: 19.7702 %
20220314 061551.384 INFO             PET0 PIOc_sync Enter - MemInfo: [/proc/self/status]	VmPeak:	  506616 kB
20220314 061551.384 INFO             PET0 PIOc_sync Enter - MemInfo: [/proc/self/status]	VmSize:	  498428 kB
20220314 061551.384 INFO             PET0 PIOc_sync Enter - MemInfo: [/proc/self/status]	VmLck:	       0 kB
20220314 061551.384 INFO             PET0 PIOc_sync Enter - MemInfo: [/proc/self/status]	VmPin:	       0 kB
20220314 061551.384 INFO             PET0 PIOc_sync Enter - MemInfo: [/proc/self/status]	VmHWM:	   64464 kB
20220314 061551.384 INFO             PET0 PIOc_sync Enter - MemInfo: [/proc/self/status]	VmRSS:	   37252 kB
20220314 061551.384 INFO             PET0 PIOc_sync Enter - MemInfo: [/proc/self/status]	VmData:	   32228 kB
20220314 061551.384 INFO             PET0 PIOc_sync Enter - MemInfo: [/proc/self/status]	VmStk:	     148 kB
20220314 061551.384 INFO             PET0 PIOc_sync Enter - MemInfo: [/proc/self/status]	VmExe:	     204 kB
20220314 061551.384 INFO             PET0 PIOc_sync Enter - MemInfo: [/proc/self/status]	VmLib:	   48628 kB
20220314 061551.384 INFO             PET0 PIOc_sync Enter - MemInfo: [/proc/self/status]	VmPTE:	     728 kB
20220314 061551.384 INFO             PET0 PIOc_sync Enter - MemInfo: [/proc/self/status]	VmPMD:	      16 kB
20220314 061551.385 INFO             PET0 PIOc_sync Enter - MemInfo: [/proc/self/status]	VmSwap:	       0 kB
20220314 061551.385 INFO             PET0 PIOc_sync Enter - MemInfo: [/proc/self/status]	VmRSSPercent: 0.0568672 %
20220314 061551.385 INFO             PET0 PIOc_sync Enter - MemInfo: [malloc] Non-mmapped space allocated:                20688896 Byte
20220314 061551.385 INFO             PET0 PIOc_sync Enter - MemInfo: [malloc] Space allocated in mmapped regions:          1581056 Byte
20220314 061551.385 INFO             PET0 PIOc_sync Enter - MemInfo: [malloc] Maximum total allocated space:                     0 Byte
20220314 061551.385 INFO             PET0 PIOc_sync Enter - MemInfo: [malloc] Space in freed fastbin blocks:                  1888 Byte
20220314 061551.385 INFO             PET0 PIOc_sync Enter - MemInfo: [malloc] Total allocated space:                      20368192 Byte
20220314 061551.385 INFO             PET0 PIOc_sync Enter - MemInfo: [malloc] Total free space:                             320704 Byte
20220314 061551.385 INFO             PET0 PIOc_sync Enter - MemInfo: [malloc] Top-most, releasable space:                   111184 Byte
20220314 061551.385 INFO             PET0 PIOc_sync Enter - MemInfo: [malloc] Total space in use, mmap + non-mmap:        21949248 Byte
20220314 061551.385 INFO             PET0 PIOc_sync Enter - MemInfo: [malloc] Total space held (mmap + non-mmap):         22269952 Byte
20220314 061551.385 INFO             PET0 PIOc_sync Enter - MemInfo: [malloc] Total space used (mmap + non-mmap):         21958576 Byte
20220314 061551.385 INFO             PET0 PIOc_sync Enter - MemInfo: Wall-clock time since execution start:              0.0343775 seconds
20220314 061551.385 INFO             PET0 PIOc_sync Exit - MemInfo: [/proc/meminfo - SSI]	MemTotal:       65507008 kB
20220314 061551.385 INFO             PET0 PIOc_sync Exit - MemInfo: [/proc/meminfo - SSI]	MemFree:        49908792 kB
20220314 061551.385 INFO             PET0 PIOc_sync Exit - MemInfo: [/proc/meminfo - SSI]	MemAvailable:   49672076 kB
20220314 061551.385 INFO             PET0 PIOc_sync Exit - MemInfo: [/proc/meminfo - SSI]	Committed_AS:   12950876 kB
20220314 061551.385 INFO             PET0 PIOc_sync Exit - MemInfo: [/proc/meminfo - SSI]	CommittedPercent: 19.7702 %
20220314 061551.385 INFO             PET0 PIOc_sync Exit - MemInfo: [/proc/self/status]	VmPeak:	  506616 kB
20220314 061551.385 INFO             PET0 PIOc_sync Exit - MemInfo: [/proc/self/status]	VmSize:	  498428 kB
20220314 061551.385 INFO             PET0 PIOc_sync Exit - MemInfo: [/proc/self/status]	VmLck:	       0 kB
20220314 061551.385 INFO             PET0 PIOc_sync Exit - MemInfo: [/proc/self/status]	VmPin:	       0 kB
20220314 061551.385 INFO             PET0 PIOc_sync Exit - MemInfo: [/proc/self/status]	VmHWM:	   64464 kB
20220314 061551.385 INFO             PET0 PIOc_sync Exit - MemInfo: [/proc/self/status]	VmRSS:	   37260 kB
20220314 061551.385 INFO             PET0 PIOc_sync Exit - MemInfo: [/proc/self/status]	VmData:	   32228 kB
20220314 061551.385 INFO             PET0 PIOc_sync Exit - MemInfo: [/proc/self/status]	VmStk:	     148 kB
20220314 061551.385 INFO             PET0 PIOc_sync Exit - MemInfo: [/proc/self/status]	VmExe:	     204 kB
20220314 061551.385 INFO             PET0 PIOc_sync Exit - MemInfo: [/proc/self/status]	VmLib:	   48628 kB
20220314 061551.385 INFO             PET0 PIOc_sync Exit - MemInfo: [/proc/self/status]	VmPTE:	     728 kB
20220314 061551.385 INFO             PET0 PIOc_sync Exit - MemInfo: [/proc/self/status]	VmPMD:	      16 kB
20220314 061551.385 INFO             PET0 PIOc_sync Exit - MemInfo: [/proc/self/status]	VmSwap:	       0 kB
20220314 061551.385 INFO             PET0 PIOc_sync Exit - MemInfo: [/proc/self/status]	VmRSSPercent: 0.0568794 %
20220314 061551.385 INFO             PET0 PIOc_sync Exit - MemInfo: [malloc] Non-mmapped space allocated:                20688896 Byte
20220314 061551.385 INFO             PET0 PIOc_sync Exit - MemInfo: [malloc] Space allocated in mmapped regions:          1581056 Byte
20220314 061551.385 INFO             PET0 PIOc_sync Exit - MemInfo: [malloc] Maximum total allocated space:                     0 Byte
20220314 061551.385 INFO             PET0 PIOc_sync Exit - MemInfo: [malloc] Space in freed fastbin blocks:                   320 Byte
20220314 061551.385 INFO             PET0 PIOc_sync Exit - MemInfo: [malloc] Total allocated space:                      20368832 Byte
20220314 061551.385 INFO             PET0 PIOc_sync Exit - MemInfo: [malloc] Total free space:                             320064 Byte
20220314 061551.385 INFO             PET0 PIOc_sync Exit - MemInfo: [malloc] Top-most, releasable space:                   111568 Byte
20220314 061551.385 INFO             PET0 PIOc_sync Exit - MemInfo: [malloc] Total space in use, mmap + non-mmap:        21949888 Byte
20220314 061551.385 INFO             PET0 PIOc_sync Exit - MemInfo: [malloc] Total space held (mmap + non-mmap):         22269952 Byte
20220314 061551.385 INFO             PET0 PIOc_sync Exit - MemInfo: [malloc] Total space used (mmap + non-mmap):         21959216 Byte
20220314 061551.385 INFO             PET0 PIOc_sync Exit - MemInfo: Wall-clock time since execution start:              0.0347429 seconds
20220314 061551.385 INFO             PET0 PIOc_freedecomp Enter - MemInfo: [/proc/meminfo - SSI]	MemTotal:       65507008 kB
20220314 061551.385 INFO             PET0 PIOc_freedecomp Enter - MemInfo: [/proc/meminfo - SSI]	MemFree:        49908792 kB
20220314 061551.385 INFO             PET0 PIOc_freedecomp Enter - MemInfo: [/proc/meminfo - SSI]	MemAvailable:   49672076 kB
20220314 061551.385 INFO             PET0 PIOc_freedecomp Enter - MemInfo: [/proc/meminfo - SSI]	Committed_AS:   12950876 kB
20220314 061551.385 INFO             PET0 PIOc_freedecomp Enter - MemInfo: [/proc/meminfo - SSI]	CommittedPercent: 19.7702 %
20220314 061551.385 INFO             PET0 PIOc_freedecomp Enter - MemInfo: [/proc/self/status]	VmPeak:	  506616 kB
20220314 061551.385 INFO             PET0 PIOc_freedecomp Enter - MemInfo: [/proc/self/status]	VmSize:	  498428 kB
20220314 061551.385 INFO             PET0 PIOc_freedecomp Enter - MemInfo: [/proc/self/status]	VmLck:	       0 kB
20220314 061551.385 INFO             PET0 PIOc_freedecomp Enter - MemInfo: [/proc/self/status]	VmPin:	       0 kB
20220314 061551.385 INFO             PET0 PIOc_freedecomp Enter - MemInfo: [/proc/self/status]	VmHWM:	   64464 kB
20220314 061551.385 INFO             PET0 PIOc_freedecomp Enter - MemInfo: [/proc/self/status]	VmRSS:	   37260 kB
20220314 061551.385 INFO             PET0 PIOc_freedecomp Enter - MemInfo: [/proc/self/status]	VmData:	   32228 kB
20220314 061551.385 INFO             PET0 PIOc_freedecomp Enter - MemInfo: [/proc/self/status]	VmStk:	     148 kB
20220314 061551.385 INFO             PET0 PIOc_freedecomp Enter - MemInfo: [/proc/self/status]	VmExe:	     204 kB
20220314 061551.385 INFO             PET0 PIOc_freedecomp Enter - MemInfo: [/proc/self/status]	VmLib:	   48628 kB
20220314 061551.385 INFO             PET0 PIOc_freedecomp Enter - MemInfo: [/proc/self/status]	VmPTE:	     728 kB
20220314 061551.385 INFO             PET0 PIOc_freedecomp Enter - MemInfo: [/proc/self/status]	VmPMD:	      16 kB
20220314 061551.385 INFO             PET0 PIOc_freedecomp Enter - MemInfo: [/proc/self/status]	VmSwap:	       0 kB
20220314 061551.385 INFO             PET0 PIOc_freedecomp Enter - MemInfo: [/proc/self/status]	VmRSSPercent: 0.0568794 %
20220314 061551.385 INFO             PET0 PIOc_freedecomp Enter - MemInfo: [malloc] Non-mmapped space allocated:                20688896 Byte
20220314 061551.385 INFO             PET0 PIOc_freedecomp Enter - MemInfo: [malloc] Space allocated in mmapped regions:          1581056 Byte
20220314 061551.385 INFO             PET0 PIOc_freedecomp Enter - MemInfo: [malloc] Maximum total allocated space:                     0 Byte
20220314 061551.385 INFO             PET0 PIOc_freedecomp Enter - MemInfo: [malloc] Space in freed fastbin blocks:                   912 Byte
20220314 061551.385 INFO             PET0 PIOc_freedecomp Enter - MemInfo: [malloc] Total allocated space:                       3052496 Byte
20220314 061551.385 INFO             PET0 PIOc_freedecomp Enter - MemInfo: [malloc] Total free space:                           17636400 Byte
20220314 061551.385 INFO             PET0 PIOc_freedecomp Enter - MemInfo: [malloc] Top-most, releasable space:                   111568 Byte
20220314 061551.385 INFO             PET0 PIOc_freedecomp Enter - MemInfo: [malloc] Total space in use, mmap + non-mmap:         4633552 Byte
20220314 061551.385 INFO             PET0 PIOc_freedecomp Enter - MemInfo: [malloc] Total space held (mmap + non-mmap):         22269952 Byte
20220314 061551.385 INFO             PET0 PIOc_freedecomp Enter - MemInfo: [malloc] Total space used (mmap + non-mmap):          4642880 Byte
20220314 061551.385 INFO             PET0 PIOc_freedecomp Enter - MemInfo: Wall-clock time since execution start:              0.0350869 seconds
20220314 061551.385 INFO             PET0 PIOc_freedecomp Exit - MemInfo: [/proc/meminfo - SSI]	MemTotal:       65507008 kB
20220314 061551.385 INFO             PET0 PIOc_freedecomp Exit - MemInfo: [/proc/meminfo - SSI]	MemFree:        49908792 kB
20220314 061551.385 INFO             PET0 PIOc_freedecomp Exit - MemInfo: [/proc/meminfo - SSI]	MemAvailable:   49672076 kB
20220314 061551.385 INFO             PET0 PIOc_freedecomp Exit - MemInfo: [/proc/meminfo - SSI]	Committed_AS:   12950876 kB
20220314 061551.385 INFO             PET0 PIOc_freedecomp Exit - MemInfo: [/proc/meminfo - SSI]	CommittedPercent: 19.7702 %
20220314 061551.385 INFO             PET0 PIOc_freedecomp Exit - MemInfo: [/proc/self/status]	VmPeak:	  506616 kB
20220314 061551.385 INFO             PET0 PIOc_freedecomp Exit - MemInfo: [/proc/self/status]	VmSize:	  498428 kB
20220314 061551.385 INFO             PET0 PIOc_freedecomp Exit - MemInfo: [/proc/self/status]	VmLck:	       0 kB
20220314 061551.385 INFO             PET0 PIOc_freedecomp Exit - MemInfo: [/proc/self/status]	VmPin:	       0 kB
20220314 061551.385 INFO             PET0 PIOc_freedecomp Exit - MemInfo: [/proc/self/status]	VmHWM:	   64464 kB
20220314 061551.385 INFO             PET0 PIOc_freedecomp Exit - MemInfo: [/proc/self/status]	VmRSS:	   37260 kB
20220314 061551.385 INFO             PET0 PIOc_freedecomp Exit - MemInfo: [/proc/self/status]	VmData:	   32228 kB
20220314 061551.386 INFO             PET0 PIOc_freedecomp Exit - MemInfo: [/proc/self/status]	VmStk:	     148 kB
20220314 061551.386 INFO             PET0 PIOc_freedecomp Exit - MemInfo: [/proc/self/status]	VmExe:	     204 kB
20220314 061551.386 INFO             PET0 PIOc_freedecomp Exit - MemInfo: [/proc/self/status]	VmLib:	   48628 kB
20220314 061551.386 INFO             PET0 PIOc_freedecomp Exit - MemInfo: [/proc/self/status]	VmPTE:	     728 kB
20220314 061551.386 INFO             PET0 PIOc_freedecomp Exit - MemInfo: [/proc/self/status]	VmPMD:	      16 kB
20220314 061551.386 INFO             PET0 PIOc_freedecomp Exit - MemInfo: [/proc/self/status]	VmSwap:	       0 kB
20220314 061551.386 INFO             PET0 PIOc_freedecomp Exit - MemInfo: [/proc/self/status]	VmRSSPercent: 0.0568794 %
20220314 061551.386 INFO             PET0 PIOc_freedecomp Exit - MemInfo: [malloc] Non-mmapped space allocated:                20688896 Byte
20220314 061551.386 INFO             PET0 PIOc_freedecomp Exit - MemInfo: [malloc] Space allocated in mmapped regions:          1581056 Byte
20220314 061551.386 INFO             PET0 PIOc_freedecomp Exit - MemInfo: [malloc] Maximum total allocated space:                     0 Byte
20220314 061551.386 INFO             PET0 PIOc_freedecomp Exit - MemInfo: [malloc] Space in freed fastbin blocks:                   704 Byte
20220314 061551.386 INFO             PET0 PIOc_freedecomp Exit - MemInfo: [malloc] Total allocated space:                       3049808 Byte
20220314 061551.386 INFO             PET0 PIOc_freedecomp Exit - MemInfo: [malloc] Total free space:                           17639088 Byte
20220314 061551.386 INFO             PET0 PIOc_freedecomp Exit - MemInfo: [malloc] Top-most, releasable space:                   116304 Byte
20220314 061551.386 INFO             PET0 PIOc_freedecomp Exit - MemInfo: [malloc] Total space in use, mmap + non-mmap:         4630864 Byte
20220314 061551.386 INFO             PET0 PIOc_freedecomp Exit - MemInfo: [malloc] Total space held (mmap + non-mmap):         22269952 Byte
20220314 061551.386 INFO             PET0 PIOc_freedecomp Exit - MemInfo: [malloc] Total space used (mmap + non-mmap):          4640192 Byte
20220314 061551.386 INFO             PET0 PIOc_freedecomp Exit - MemInfo: Wall-clock time since execution start:              0.0354104 seconds
20220314 061551.386 INFO             PET0 PIOc_sync Enter - MemInfo: [/proc/meminfo - SSI]	MemTotal:       65507008 kB
20220314 061551.386 INFO             PET0 PIOc_sync Enter - MemInfo: [/proc/meminfo - SSI]	MemFree:        49908792 kB
20220314 061551.386 INFO             PET0 PIOc_sync Enter - MemInfo: [/proc/meminfo - SSI]	MemAvailable:   49672076 kB
20220314 061551.386 INFO             PET0 PIOc_sync Enter - MemInfo: [/proc/meminfo - SSI]	Committed_AS:   12950876 kB
20220314 061551.386 INFO             PET0 PIOc_sync Enter - MemInfo: [/proc/meminfo - SSI]	CommittedPercent: 19.7702 %
20220314 061551.386 INFO             PET0 PIOc_sync Enter - MemInfo: [/proc/self/status]	VmPeak:	  506616 kB
20220314 061551.386 INFO             PET0 PIOc_sync Enter - MemInfo: [/proc/self/status]	VmSize:	  498428 kB
20220314 061551.386 INFO             PET0 PIOc_sync Enter - MemInfo: [/proc/self/status]	VmLck:	       0 kB
20220314 061551.386 INFO             PET0 PIOc_sync Enter - MemInfo: [/proc/self/status]	VmPin:	       0 kB
20220314 061551.387 INFO             PET0 PIOc_sync Enter - MemInfo: [/proc/self/status]	VmHWM:	   64464 kB
20220314 061551.387 INFO             PET0 PIOc_sync Enter - MemInfo: [/proc/self/status]	VmRSS:	   37260 kB
20220314 061551.387 INFO             PET0 PIOc_sync Enter - MemInfo: [/proc/self/status]	VmData:	   32228 kB
20220314 061551.387 INFO             PET0 PIOc_sync Enter - MemInfo: [/proc/self/status]	VmStk:	     148 kB
20220314 061551.387 INFO             PET0 PIOc_sync Enter - MemInfo: [/proc/self/status]	VmExe:	     204 kB
20220314 061551.387 INFO             PET0 PIOc_sync Enter - MemInfo: [/proc/self/status]	VmLib:	   48628 kB
20220314 061551.387 INFO             PET0 PIOc_sync Enter - MemInfo: [/proc/self/status]	VmPTE:	     728 kB
20220314 061551.387 INFO             PET0 PIOc_sync Enter - MemInfo: [/proc/self/status]	VmPMD:	      16 kB
20220314 061551.387 INFO             PET0 PIOc_sync Enter - MemInfo: [/proc/self/status]	VmSwap:	       0 kB
20220314 061551.387 INFO             PET0 PIOc_sync Enter - MemInfo: [/proc/self/status]	VmRSSPercent: 0.0568794 %
20220314 061551.387 INFO             PET0 PIOc_sync Enter - MemInfo: [malloc] Non-mmapped space allocated:                20688896 Byte
20220314 061551.387 INFO             PET0 PIOc_sync Enter - MemInfo: [malloc] Space allocated in mmapped regions:          1581056 Byte
20220314 061551.387 INFO             PET0 PIOc_sync Enter - MemInfo: [malloc] Maximum total allocated space:                     0 Byte
20220314 061551.387 INFO             PET0 PIOc_sync Enter - MemInfo: [malloc] Space in freed fastbin blocks:                  2288 Byte
20220314 061551.387 INFO             PET0 PIOc_sync Enter - MemInfo: [malloc] Total allocated space:                      20368944 Byte
20220314 061551.387 INFO             PET0 PIOc_sync Enter - MemInfo: [malloc] Total free space:                             319952 Byte
20220314 061551.387 INFO             PET0 PIOc_sync Enter - MemInfo: [malloc] Top-most, releasable space:                   109792 Byte
20220314 061551.387 INFO             PET0 PIOc_sync Enter - MemInfo: [malloc] Total space in use, mmap + non-mmap:        21950000 Byte
20220314 061551.387 INFO             PET0 PIOc_sync Enter - MemInfo: [malloc] Total space held (mmap + non-mmap):         22269952 Byte
20220314 061551.387 INFO             PET0 PIOc_sync Enter - MemInfo: [malloc] Total space used (mmap + non-mmap):         21959328 Byte
20220314 061551.387 INFO             PET0 PIOc_sync Enter - MemInfo: Wall-clock time since execution start:               0.036438 seconds
20220314 061551.387 INFO             PET0 PIOc_sync Exit - MemInfo: [/proc/meminfo - SSI]	MemTotal:       65507008 kB
20220314 061551.387 INFO             PET0 PIOc_sync Exit - MemInfo: [/proc/meminfo - SSI]	MemFree:        49908792 kB
20220314 061551.387 INFO             PET0 PIOc_sync Exit - MemInfo: [/proc/meminfo - SSI]	MemAvailable:   49672076 kB
20220314 061551.387 INFO             PET0 PIOc_sync Exit - MemInfo: [/proc/meminfo - SSI]	Committed_AS:   12950876 kB
20220314 061551.387 INFO             PET0 PIOc_sync Exit - MemInfo: [/proc/meminfo - SSI]	CommittedPercent: 19.7702 %
20220314 061551.387 INFO             PET0 PIOc_sync Exit - MemInfo: [/proc/self/status]	VmPeak:	  506616 kB
20220314 061551.387 INFO             PET0 PIOc_sync Exit - MemInfo: [/proc/self/status]	VmSize:	  498428 kB
20220314 061551.387 INFO             PET0 PIOc_sync Exit - MemInfo: [/proc/self/status]	VmLck:	       0 kB
20220314 061551.387 INFO             PET0 PIOc_sync Exit - MemInfo: [/proc/self/status]	VmPin:	       0 kB
20220314 061551.387 INFO             PET0 PIOc_sync Exit - MemInfo: [/proc/self/status]	VmHWM:	   64464 kB
20220314 061551.387 INFO             PET0 PIOc_sync Exit - MemInfo: [/proc/self/status]	VmRSS:	   37260 kB
20220314 061551.387 INFO             PET0 PIOc_sync Exit - MemInfo: [/proc/self/status]	VmData:	   32228 kB
20220314 061551.387 INFO             PET0 PIOc_sync Exit - MemInfo: [/proc/self/status]	VmStk:	     148 kB
20220314 061551.387 INFO             PET0 PIOc_sync Exit - MemInfo: [/proc/self/status]	VmExe:	     204 kB
20220314 061551.387 INFO             PET0 PIOc_sync Exit - MemInfo: [/proc/self/status]	VmLib:	   48628 kB
20220314 061551.387 INFO             PET0 PIOc_sync Exit - MemInfo: [/proc/self/status]	VmPTE:	     728 kB
20220314 061551.387 INFO             PET0 PIOc_sync Exit - MemInfo: [/proc/self/status]	VmPMD:	      16 kB
20220314 061551.387 INFO             PET0 PIOc_sync Exit - MemInfo: [/proc/self/status]	VmSwap:	       0 kB
20220314 061551.387 INFO             PET0 PIOc_sync Exit - MemInfo: [/proc/self/status]	VmRSSPercent: 0.0568794 %
20220314 061551.387 INFO             PET0 PIOc_sync Exit - MemInfo: [malloc] Non-mmapped space allocated:                20688896 Byte
20220314 061551.387 INFO             PET0 PIOc_sync Exit - MemInfo: [malloc] Space allocated in mmapped regions:          1581056 Byte
20220314 061551.387 INFO             PET0 PIOc_sync Exit - MemInfo: [malloc] Maximum total allocated space:                     0 Byte
20220314 061551.387 INFO             PET0 PIOc_sync Exit - MemInfo: [malloc] Space in freed fastbin blocks:                  1248 Byte
20220314 061551.387 INFO             PET0 PIOc_sync Exit - MemInfo: [malloc] Total allocated space:                      20369552 Byte
20220314 061551.387 INFO             PET0 PIOc_sync Exit - MemInfo: [malloc] Total free space:                             319344 Byte
20220314 061551.387 INFO             PET0 PIOc_sync Exit - MemInfo: [malloc] Top-most, releasable space:                   109632 Byte
20220314 061551.387 INFO             PET0 PIOc_sync Exit - MemInfo: [malloc] Total space in use, mmap + non-mmap:        21950608 Byte
20220314 061551.387 INFO             PET0 PIOc_sync Exit - MemInfo: [malloc] Total space held (mmap + non-mmap):         22269952 Byte
20220314 061551.387 INFO             PET0 PIOc_sync Exit - MemInfo: [malloc] Total space used (mmap + non-mmap):         21959936 Byte
20220314 061551.387 INFO             PET0 PIOc_sync Exit - MemInfo: Wall-clock time since execution start:              0.0367943 seconds
20220314 061551.387 INFO             PET0 PIOc_freedecomp Enter - MemInfo: [/proc/meminfo - SSI]	MemTotal:       65507008 kB
20220314 061551.387 INFO             PET0 PIOc_freedecomp Enter - MemInfo: [/proc/meminfo - SSI]	MemFree:        49908792 kB
20220314 061551.387 INFO             PET0 PIOc_freedecomp Enter - MemInfo: [/proc/meminfo - SSI]	MemAvailable:   49672076 kB
20220314 061551.387 INFO             PET0 PIOc_freedecomp Enter - MemInfo: [/proc/meminfo - SSI]	Committed_AS:   12950876 kB
