build time -- 2022-03-14 06:01:47.684404
20220314 061554.665 INFO             PET0 !!!!!!!!!!!!!!!!!!!!!!!!!!!!!!!!!!!!!!!!!!!!!!!!!!!!!!
20220314 061554.665 INFO             PET0 !!! THE ESMF_LOG IS SET TO OUTPUT ALL LOG MESSAGES !!!
20220314 061554.665 INFO             PET0 !!!     THIS MAY CAUSE SLOWDOWN IN PERFORMANCE     !!!
20220314 061554.665 INFO             PET0 !!! FOR PRODUCTION RUNS, USE:                      !!!
20220314 061554.665 INFO             PET0 !!!                   ESMF_LOGKIND_Multi_On_Error  !!!
20220314 061554.665 INFO             PET0 !!!!!!!!!!!!!!!!!!!!!!!!!!!!!!!!!!!!!!!!!!!!!!!!!!!!!!
20220314 061554.665 INFO             PET0 Running with ESMF Version   : v8.3.0b09-96-g559b459836
20220314 061554.665 INFO             PET0 ESMF library build date/time: "Mar 14 2022" "05:59:48"
20220314 061554.665 INFO             PET0 ESMF library build location : /glade/scratch/rlong/esmf-testing/gfortran_9.1.0_openmpi_O_jedwards_pio_update2
20220314 061554.665 INFO             PET0 ESMF_COMM                   : openmpi
20220314 061554.665 INFO             PET0 ESMF_MOAB                   : enabled
20220314 061554.665 INFO             PET0 ESMF_LAPACK                 : enabled
20220314 061554.665 INFO             PET0 ESMF_NETCDF                 : enabled
20220314 061554.665 INFO             PET0 ESMF_PNETCDF                : disabled
20220314 061554.665 INFO             PET0 ESMF_PIO                    : enabled
20220314 061554.665 INFO             PET0 ESMF_YAMLCPP                : enabled
20220314 061554.665 INFO             PET0 Beginning Test, file ESMC_FieldGridRegridCsrvUTest.C, line 69
20220314 061554.665 INFO             PET0 Beginning Test, file ESMC_FieldGridRegridCsrvUTest.C, line 69NUMBER_OF_PROCESSORS 1
20220314 061554.666 INFO             PET0 PASS GridCreate, ESMC_FieldGridRegridCsrvUTest.C, line 114
20220314 061554.666 INFO             PET0 PASS GridAddCoord, ESMC_FieldGridRegridCsrvUTest.C, line 130
20220314 061554.666 INFO             PET0 PASS GridAddItem, ESMC_FieldGridRegridCsrvUTest.C, line 140
20220314 061554.666 INFO             PET0 PASS GridGetItem - mask, ESMC_FieldGridRegridCsrvUTest.C, line 151
20220314 061554.666 INFO             PET0 PASS GridGetCoord - X, ESMC_FieldGridRegridCsrvUTest.C, line 176
20220314 061554.666 INFO             PET0 PASS GridGetCoord - Y, ESMC_FieldGridRegridCsrvUTest.C, line 199
20220314 061554.666 INFO             PET0 PASS GridGetCoord - X, ESMC_FieldGridRegridCsrvUTest.C, line 224
20220314 061554.666 INFO             PET0 PASS GridGetCoord - Y, ESMC_FieldGridRegridCsrvUTest.C, line 247
20220314 061554.666 INFO             PET0 PASS GridAddItem - area, ESMC_FieldGridRegridCsrvUTest.C, line 271
20220314 061554.666 INFO             PET0 PASS GridGetItem - area, ESMC_FieldGridRegridCsrvUTest.C, line 282
20220314 061554.666 INFO             PET0 PASS MeshCreate, ESMC_FieldGridRegridCsrvUTest.C, line 366
20220314 061554.666 INFO             PET0 PASS MeshAddNodes, ESMC_FieldGridRegridCsrvUTest.C, line 374
20220314 061554.667 INFO             PET0 PASS MeshAddElements, ESMC_FieldGridRegridCsrvUTest.C, line 388
20220314 061554.667 INFO             PET0 PASS MeshGetLocalNodeCount, ESMC_FieldGridRegridCsrvUTest.C, line 398
20220314 061554.667 INFO             PET0 PASS MeshGetLocalElementCount, ESMC_FieldGridRegridCsrvUTest.C, line 409
20220314 061554.667 INFO             PET0 PASS Create ESMC_Field object from a Grid via TypeKind, ESMC_FieldGridRegridCsrvUTest.C, line 424
20220314 061554.667 INFO             PET0 PASS Create ESMC_Field object from a Mesh via TypeKind, ESMC_FieldGridRegridCsrvUTest.C, line 433
20220314 061554.667 INFO             PET0 PASS Get a void * C pointer to data from ESMC_Field object, ESMC_FieldGridRegridCsrvUTest.C, line 446
20220314 061554.667 INFO             PET0 PASS Get a void * C pointer to data from ESMC_Field object, ESMC_FieldGridRegridCsrvUTest.C, line 470
20220314 061554.667 INFO             PET0 PASS Create an InterArray for maskValues in ESMC_FieldRegridStore(), ESMC_FieldGridRegridCsrvUTest.C, line 485
20220314 061554.670 INFO             PET0 PASS Create an ESMC_RouteHandle via ESMC_FieldRegridStore(), ESMC_FieldGridRegridCsrvUTest.C, line 510
20220314 061554.670 INFO             PET0 PASS Execute ESMC_FieldRegrid(), ESMC_FieldGridRegridCsrvUTest.C, line 518
20220314 061554.680 INFO             PET0 PIOc_sync Enter - MemInfo: [/proc/meminfo - SSI]	MemTotal:       65507008 kB
20220314 061554.680 INFO             PET0 PIOc_sync Enter - MemInfo: [/proc/meminfo - SSI]	MemFree:        49904816 kB
20220314 061554.680 INFO             PET0 PIOc_sync Enter - MemInfo: [/proc/meminfo - SSI]	MemAvailable:   49668180 kB
20220314 061554.680 INFO             PET0 PIOc_sync Enter - MemInfo: [/proc/meminfo - SSI]	Committed_AS:   12984204 kB
20220314 061554.680 INFO             PET0 PIOc_sync Enter - MemInfo: [/proc/meminfo - SSI]	CommittedPercent: 19.8211 %
20220314 061554.680 INFO             PET0 PIOc_sync Enter - MemInfo: [/proc/self/status]	VmPeak:	  498544 kB
20220314 061554.680 INFO             PET0 PIOc_sync Enter - MemInfo: [/proc/self/status]	VmSize:	  498544 kB
20220314 061554.680 INFO             PET0 PIOc_sync Enter - MemInfo: [/proc/self/status]	VmLck:	       0 kB
20220314 061554.680 INFO             PET0 PIOc_sync Enter - MemInfo: [/proc/self/status]	VmPin:	       0 kB
20220314 061554.680 INFO             PET0 PIOc_sync Enter - MemInfo: [/proc/self/status]	VmHWM:	   64476 kB
20220314 061554.680 INFO             PET0 PIOc_sync Enter - MemInfo: [/proc/self/status]	VmRSS:	   36432 kB
20220314 061554.680 INFO             PET0 PIOc_sync Enter - MemInfo: [/proc/self/status]	VmData:	   32348 kB
20220314 061554.680 INFO             PET0 PIOc_sync Enter - MemInfo: [/proc/self/status]	VmStk:	     148 kB
20220314 061554.680 INFO             PET0 PIOc_sync Enter - MemInfo: [/proc/self/status]	VmExe:	     200 kB
20220314 061554.680 INFO             PET0 PIOc_sync Enter - MemInfo: [/proc/self/status]	VmLib:	   48628 kB
20220314 061554.680 INFO             PET0 PIOc_sync Enter - MemInfo: [/proc/self/status]	VmPTE:	     724 kB
20220314 061554.680 INFO             PET0 PIOc_sync Enter - MemInfo: [/proc/self/status]	VmPMD:	      16 kB
20220314 061554.680 INFO             PET0 PIOc_sync Enter - MemInfo: [/proc/self/status]	VmSwap:	       0 kB
20220314 061554.680 INFO             PET0 PIOc_sync Enter - MemInfo: [/proc/self/status]	VmRSSPercent: 0.0556154 %
20220314 061554.680 INFO             PET0 PIOc_sync Enter - MemInfo: [malloc] Non-mmapped space allocated:                 3502080 Byte
20220314 061554.680 INFO             PET0 PIOc_sync Enter - MemInfo: [malloc] Space allocated in mmapped regions:         18890752 Byte
20220314 061554.680 INFO             PET0 PIOc_sync Enter - MemInfo: [malloc] Maximum total allocated space:                     0 Byte
20220314 061554.680 INFO             PET0 PIOc_sync Enter - MemInfo: [malloc] Space in freed fastbin blocks:                   880 Byte
20220314 061554.680 INFO             PET0 PIOc_sync Enter - MemInfo: [malloc] Total allocated space:                       3084240 Byte
20220314 061554.680 INFO             PET0 PIOc_sync Enter - MemInfo: [malloc] Total free space:                             417840 Byte
20220314 061554.680 INFO             PET0 PIOc_sync Enter - MemInfo: [malloc] Top-most, releasable space:                   209376 Byte
20220314 061554.680 INFO             PET0 PIOc_sync Enter - MemInfo: [malloc] Total space in use, mmap + non-mmap:        21974992 Byte
20220314 061554.680 INFO             PET0 PIOc_sync Enter - MemInfo: [malloc] Total space held (mmap + non-mmap):         22392832 Byte
20220314 061554.680 INFO             PET0 PIOc_sync Enter - MemInfo: [malloc] Total space used (mmap + non-mmap):         21984320 Byte
20220314 061554.680 INFO             PET0 PIOc_sync Enter - MemInfo: Wall-clock time since execution start:              0.0159007 seconds
20220314 061554.680 INFO             PET0 PIOc_sync Exit - MemInfo: [/proc/meminfo - SSI]	MemTotal:       65507008 kB
20220314 061554.680 INFO             PET0 PIOc_sync Exit - MemInfo: [/proc/meminfo - SSI]	MemFree:        49904816 kB
20220314 061554.680 INFO             PET0 PIOc_sync Exit - MemInfo: [/proc/meminfo - SSI]	MemAvailable:   49668180 kB
20220314 061554.680 INFO             PET0 PIOc_sync Exit - MemInfo: [/proc/meminfo - SSI]	Committed_AS:   12984204 kB
20220314 061554.680 INFO             PET0 PIOc_sync Exit - MemInfo: [/proc/meminfo - SSI]	CommittedPercent: 19.8211 %
20220314 061554.680 INFO             PET0 PIOc_sync Exit - MemInfo: [/proc/self/status]	VmPeak:	  498544 kB
20220314 061554.680 INFO             PET0 PIOc_sync Exit - MemInfo: [/proc/self/status]	VmSize:	  498544 kB
20220314 061554.680 INFO             PET0 PIOc_sync Exit - MemInfo: [/proc/self/status]	VmLck:	       0 kB
20220314 061554.680 INFO             PET0 PIOc_sync Exit - MemInfo: [/proc/self/status]	VmPin:	       0 kB
20220314 061554.680 INFO             PET0 PIOc_sync Exit - MemInfo: [/proc/self/status]	VmHWM:	   64476 kB
20220314 061554.680 INFO             PET0 PIOc_sync Exit - MemInfo: [/proc/self/status]	VmRSS:	   36552 kB
20220314 061554.680 INFO             PET0 PIOc_sync Exit - MemInfo: [/proc/self/status]	VmData:	   32348 kB
20220314 061554.680 INFO             PET0 PIOc_sync Exit - MemInfo: [/proc/self/status]	VmStk:	     148 kB
20220314 061554.680 INFO             PET0 PIOc_sync Exit - MemInfo: [/proc/self/status]	VmExe:	     200 kB
20220314 061554.680 INFO             PET0 PIOc_sync Exit - MemInfo: [/proc/self/status]	VmLib:	   48628 kB
20220314 061554.680 INFO             PET0 PIOc_sync Exit - MemInfo: [/proc/self/status]	VmPTE:	     724 kB
20220314 061554.680 INFO             PET0 PIOc_sync Exit - MemInfo: [/proc/self/status]	VmPMD:	      16 kB
20220314 061554.680 INFO             PET0 PIOc_sync Exit - MemInfo: [/proc/self/status]	VmSwap:	       0 kB
20220314 061554.680 INFO             PET0 PIOc_sync Exit - MemInfo: [/proc/self/status]	VmRSSPercent: 0.0557986 %
20220314 061554.680 INFO             PET0 PIOc_sync Exit - MemInfo: [malloc] Non-mmapped space allocated:                 3502080 Byte
20220314 061554.680 INFO             PET0 PIOc_sync Exit - MemInfo: [malloc] Space allocated in mmapped regions:         18890752 Byte
20220314 061554.680 INFO             PET0 PIOc_sync Exit - MemInfo: [malloc] Maximum total allocated space:                     0 Byte
20220314 061554.680 INFO             PET0 PIOc_sync Exit - MemInfo: [malloc] Space in freed fastbin blocks:                   704 Byte
20220314 061554.680 INFO             PET0 PIOc_sync Exit - MemInfo: [malloc] Total allocated space:                       3084848 Byte
20220314 061554.680 INFO             PET0 PIOc_sync Exit - MemInfo: [malloc] Total free space:                             417232 Byte
20220314 061554.680 INFO             PET0 PIOc_sync Exit - MemInfo: [malloc] Top-most, releasable space:                   208800 Byte
20220314 061554.680 INFO             PET0 PIOc_sync Exit - MemInfo: [malloc] Total space in use, mmap + non-mmap:        21975600 Byte
20220314 061554.681 INFO             PET0 PIOc_sync Exit - MemInfo: [malloc] Total space held (mmap + non-mmap):         22392832 Byte
20220314 061554.681 INFO             PET0 PIOc_sync Exit - MemInfo: [malloc] Total space used (mmap + non-mmap):         21984928 Byte
20220314 061554.681 INFO             PET0 PIOc_sync Exit - MemInfo: Wall-clock time since execution start:              0.0163434 seconds
20220314 061554.681 INFO             PET0 PIOc_freedecomp Enter - MemInfo: [/proc/meminfo - SSI]	MemTotal:       65507008 kB
20220314 061554.681 INFO             PET0 PIOc_freedecomp Enter - MemInfo: [/proc/meminfo - SSI]	MemFree:        49919432 kB
20220314 061554.681 INFO             PET0 PIOc_freedecomp Enter - MemInfo: [/proc/meminfo - SSI]	MemAvailable:   49682796 kB
20220314 061554.681 INFO             PET0 PIOc_freedecomp Enter - MemInfo: [/proc/meminfo - SSI]	Committed_AS:   12967816 kB
20220314 061554.681 INFO             PET0 PIOc_freedecomp Enter - MemInfo: [/proc/meminfo - SSI]	CommittedPercent: 19.7961 %
20220314 061554.681 INFO             PET0 PIOc_freedecomp Enter - MemInfo: [/proc/self/status]	VmPeak:	  498544 kB
20220314 061554.681 INFO             PET0 PIOc_freedecomp Enter - MemInfo: [/proc/self/status]	VmSize:	  481640 kB
20220314 061554.681 INFO             PET0 PIOc_freedecomp Enter - MemInfo: [/proc/self/status]	VmLck:	       0 kB
20220314 061554.681 INFO             PET0 PIOc_freedecomp Enter - MemInfo: [/proc/self/status]	VmPin:	       0 kB
20220314 061554.681 INFO             PET0 PIOc_freedecomp Enter - MemInfo: [/proc/self/status]	VmHWM:	   64476 kB
20220314 061554.681 INFO             PET0 PIOc_freedecomp Enter - MemInfo: [/proc/self/status]	VmRSS:	   20160 kB
20220314 061554.681 INFO             PET0 PIOc_freedecomp Enter - MemInfo: [/proc/self/status]	VmData:	   15444 kB
20220314 061554.681 INFO             PET0 PIOc_freedecomp Enter - MemInfo: [/proc/self/status]	VmStk:	     148 kB
20220314 061554.681 INFO             PET0 PIOc_freedecomp Enter - MemInfo: [/proc/self/status]	VmExe:	     200 kB
20220314 061554.681 INFO             PET0 PIOc_freedecomp Enter - MemInfo: [/proc/self/status]	VmLib:	   48628 kB
20220314 061554.681 INFO             PET0 PIOc_freedecomp Enter - MemInfo: [/proc/self/status]	VmPTE:	     692 kB
20220314 061554.681 INFO             PET0 PIOc_freedecomp Enter - MemInfo: [/proc/self/status]	VmPMD:	      16 kB
20220314 061554.681 INFO             PET0 PIOc_freedecomp Enter - MemInfo: [/proc/self/status]	VmSwap:	       0 kB
20220314 061554.681 INFO             PET0 PIOc_freedecomp Enter - MemInfo: [/proc/self/status]	VmRSSPercent: 0.0307753 %
20220314 061554.681 INFO             PET0 PIOc_freedecomp Enter - MemInfo: [malloc] Non-mmapped space allocated:                 3502080 Byte
20220314 061554.681 INFO             PET0 PIOc_freedecomp Enter - MemInfo: [malloc] Space allocated in mmapped regions:          1581056 Byte
20220314 061554.681 INFO             PET0 PIOc_freedecomp Enter - MemInfo: [malloc] Maximum total allocated space:                     0 Byte
20220314 061554.681 INFO             PET0 PIOc_freedecomp Enter - MemInfo: [malloc] Space in freed fastbin blocks:                  2160 Byte
20220314 061554.681 INFO             PET0 PIOc_freedecomp Enter - MemInfo: [malloc] Total allocated space:                       3071536 Byte
20220314 061554.681 INFO             PET0 PIOc_freedecomp Enter - MemInfo: [malloc] Total free space:                             430544 Byte
20220314 061554.681 INFO             PET0 PIOc_freedecomp Enter - MemInfo: [malloc] Top-most, releasable space:                   208400 Byte
20220314 061554.681 INFO             PET0 PIOc_freedecomp Enter - MemInfo: [malloc] Total space in use, mmap + non-mmap:         4652592 Byte
20220314 061554.681 INFO             PET0 PIOc_freedecomp Enter - MemInfo: [malloc] Total space held (mmap + non-mmap):          5083136 Byte
20220314 061554.681 INFO             PET0 PIOc_freedecomp Enter - MemInfo: [malloc] Total space used (mmap + non-mmap):          4661920 Byte
20220314 061554.681 INFO             PET0 PIOc_freedecomp Enter - MemInfo: Wall-clock time since execution start:              0.0173071 seconds
20220314 061554.682 INFO             PET0 PIOc_freedecomp Exit - MemInfo: [/proc/meminfo - SSI]	MemTotal:       65507008 kB
20220314 061554.682 INFO             PET0 PIOc_freedecomp Exit - MemInfo: [/proc/meminfo - SSI]	MemFree:        49919432 kB
20220314 061554.682 INFO             PET0 PIOc_freedecomp Exit - MemInfo: [/proc/meminfo - SSI]	MemAvailable:   49682796 kB
20220314 061554.682 INFO             PET0 PIOc_freedecomp Exit - MemInfo: [/proc/meminfo - SSI]	Committed_AS:   12967816 kB
20220314 061554.682 INFO             PET0 PIOc_freedecomp Exit - MemInfo: [/proc/meminfo - SSI]	CommittedPercent: 19.7961 %
20220314 061554.682 INFO             PET0 PIOc_freedecomp Exit - MemInfo: [/proc/self/status]	VmPeak:	  498544 kB
20220314 061554.682 INFO             PET0 PIOc_freedecomp Exit - MemInfo: [/proc/self/status]	VmSize:	  481640 kB
20220314 061554.682 INFO             PET0 PIOc_freedecomp Exit - MemInfo: [/proc/self/status]	VmLck:	       0 kB
20220314 061554.682 INFO             PET0 PIOc_freedecomp Exit - MemInfo: [/proc/self/status]	VmPin:	       0 kB
20220314 061554.682 INFO             PET0 PIOc_freedecomp Exit - MemInfo: [/proc/self/status]	VmHWM:	   64476 kB
20220314 061554.682 INFO             PET0 PIOc_freedecomp Exit - MemInfo: [/proc/self/status]	VmRSS:	   20164 kB
20220314 061554.682 INFO             PET0 PIOc_freedecomp Exit - MemInfo: [/proc/self/status]	VmData:	   15444 kB
20220314 061554.682 INFO             PET0 PIOc_freedecomp Exit - MemInfo: [/proc/self/status]	VmStk:	     148 kB
20220314 061554.682 INFO             PET0 PIOc_freedecomp Exit - MemInfo: [/proc/self/status]	VmExe:	     200 kB
20220314 061554.682 INFO             PET0 PIOc_freedecomp Exit - MemInfo: [/proc/self/status]	VmLib:	   48628 kB
20220314 061554.682 INFO             PET0 PIOc_freedecomp Exit - MemInfo: [/proc/self/status]	VmPTE:	     692 kB
20220314 061554.682 INFO             PET0 PIOc_freedecomp Exit - MemInfo: [/proc/self/status]	VmPMD:	      16 kB
20220314 061554.682 INFO             PET0 PIOc_freedecomp Exit - MemInfo: [/proc/self/status]	VmSwap:	       0 kB
20220314 061554.682 INFO             PET0 PIOc_freedecomp Exit - MemInfo: [/proc/self/status]	VmRSSPercent: 0.0307814 %
20220314 061554.682 INFO             PET0 PIOc_freedecomp Exit - MemInfo: [malloc] Non-mmapped space allocated:                 3502080 Byte
20220314 061554.682 INFO             PET0 PIOc_freedecomp Exit - MemInfo: [malloc] Space allocated in mmapped regions:          1581056 Byte
20220314 061554.682 INFO             PET0 PIOc_freedecomp Exit - MemInfo: [malloc] Maximum total allocated space:                     0 Byte
20220314 061554.682 INFO             PET0 PIOc_freedecomp Exit - MemInfo: [malloc] Space in freed fastbin blocks:                  1904 Byte
20220314 061554.682 INFO             PET0 PIOc_freedecomp Exit - MemInfo: [malloc] Total allocated space:                       3068880 Byte
20220314 061554.682 INFO             PET0 PIOc_freedecomp Exit - MemInfo: [malloc] Total free space:                             433200 Byte
20220314 061554.682 INFO             PET0 PIOc_freedecomp Exit - MemInfo: [malloc] Top-most, releasable space:                   208880 Byte
20220314 061554.682 INFO             PET0 PIOc_freedecomp Exit - MemInfo: [malloc] Total space in use, mmap + non-mmap:         4649936 Byte
20220314 061554.682 INFO             PET0 PIOc_freedecomp Exit - MemInfo: [malloc] Total space held (mmap + non-mmap):          5083136 Byte
20220314 061554.682 INFO             PET0 PIOc_freedecomp Exit - MemInfo: [malloc] Total space used (mmap + non-mmap):          4659264 Byte
20220314 061554.682 INFO             PET0 PIOc_freedecomp Exit - MemInfo: Wall-clock time since execution start:              0.0176499 seconds
20220314 061554.686 INFO             PET0 PIOc_sync Enter - MemInfo: [/proc/meminfo - SSI]	MemTotal:       65507008 kB
20220314 061554.686 INFO             PET0 PIOc_sync Enter - MemInfo: [/proc/meminfo - SSI]	MemFree:        49912880 kB
20220314 061554.686 INFO             PET0 PIOc_sync Enter - MemInfo: [/proc/meminfo - SSI]	MemAvailable:   49676244 kB
20220314 061554.686 INFO             PET0 PIOc_sync Enter - MemInfo: [/proc/meminfo - SSI]	Committed_AS:   12984108 kB
20220314 061554.686 INFO             PET0 PIOc_sync Enter - MemInfo: [/proc/meminfo - SSI]	CommittedPercent: 19.8209 %
20220314 061554.686 INFO             PET0 PIOc_sync Enter - MemInfo: [/proc/self/status]	VmPeak:	  498544 kB
20220314 061554.686 INFO             PET0 PIOc_sync Enter - MemInfo: [/proc/self/status]	VmSize:	  498448 kB
20220314 061554.686 INFO             PET0 PIOc_sync Enter - MemInfo: [/proc/self/status]	VmLck:	       0 kB
20220314 061554.686 INFO             PET0 PIOc_sync Enter - MemInfo: [/proc/self/status]	VmPin:	       0 kB
20220314 061554.686 INFO             PET0 PIOc_sync Enter - MemInfo: [/proc/self/status]	VmHWM:	   64476 kB
20220314 061554.686 INFO             PET0 PIOc_sync Enter - MemInfo: [/proc/self/status]	VmRSS:	   28592 kB
20220314 061554.686 INFO             PET0 PIOc_sync Enter - MemInfo: [/proc/self/status]	VmData:	   32252 kB
20220314 061554.686 INFO             PET0 PIOc_sync Enter - MemInfo: [/proc/self/status]	VmStk:	     148 kB
20220314 061554.686 INFO             PET0 PIOc_sync Enter - MemInfo: [/proc/self/status]	VmExe:	     200 kB
20220314 061554.686 INFO             PET0 PIOc_sync Enter - MemInfo: [/proc/self/status]	VmLib:	   48628 kB
20220314 061554.686 INFO             PET0 PIOc_sync Enter - MemInfo: [/proc/self/status]	VmPTE:	     712 kB
20220314 061554.686 INFO             PET0 PIOc_sync Enter - MemInfo: [/proc/self/status]	VmPMD:	      16 kB
20220314 061554.686 INFO             PET0 PIOc_sync Enter - MemInfo: [/proc/self/status]	VmSwap:	       0 kB
20220314 061554.686 INFO             PET0 PIOc_sync Enter - MemInfo: [/proc/self/status]	VmRSSPercent: 0.0436472 %
20220314 061554.686 INFO             PET0 PIOc_sync Enter - MemInfo: [malloc] Non-mmapped space allocated:                20713472 Byte
20220314 061554.686 INFO             PET0 PIOc_sync Enter - MemInfo: [malloc] Space allocated in mmapped regions:          1581056 Byte
20220314 061554.686 INFO             PET0 PIOc_sync Enter - MemInfo: [malloc] Maximum total allocated space:                     0 Byte
20220314 061554.686 INFO             PET0 PIOc_sync Enter - MemInfo: [malloc] Space in freed fastbin blocks:                  1488 Byte
20220314 061554.686 INFO             PET0 PIOc_sync Enter - MemInfo: [malloc] Total allocated space:                      20386592 Byte
20220314 061554.686 INFO             PET0 PIOc_sync Enter - MemInfo: [malloc] Total free space:                             326880 Byte
20220314 061554.686 INFO             PET0 PIOc_sync Enter - MemInfo: [malloc] Top-most, releasable space:                   117760 Byte
20220314 061554.686 INFO             PET0 PIOc_sync Enter - MemInfo: [malloc] Total space in use, mmap + non-mmap:        21967648 Byte
20220314 061554.686 INFO             PET0 PIOc_sync Enter - MemInfo: [malloc] Total space held (mmap + non-mmap):         22294528 Byte
20220314 061554.686 INFO             PET0 PIOc_sync Enter - MemInfo: [malloc] Total space used (mmap + non-mmap):         21976976 Byte
20220314 061554.686 INFO             PET0 PIOc_sync Enter - MemInfo: Wall-clock time since execution start:              0.0221336 seconds
20220314 061554.686 INFO             PET0 PIOc_sync Exit - MemInfo: [/proc/meminfo - SSI]	MemTotal:       65507008 kB
20220314 061554.686 INFO             PET0 PIOc_sync Exit - MemInfo: [/proc/meminfo - SSI]	MemFree:        49912880 kB
20220314 061554.686 INFO             PET0 PIOc_sync Exit - MemInfo: [/proc/meminfo - SSI]	MemAvailable:   49676244 kB
20220314 061554.686 INFO             PET0 PIOc_sync Exit - MemInfo: [/proc/meminfo - SSI]	Committed_AS:   12984108 kB
20220314 061554.686 INFO             PET0 PIOc_sync Exit - MemInfo: [/proc/meminfo - SSI]	CommittedPercent: 19.8209 %
20220314 061554.686 INFO             PET0 PIOc_sync Exit - MemInfo: [/proc/self/status]	VmPeak:	  498544 kB
20220314 061554.686 INFO             PET0 PIOc_sync Exit - MemInfo: [/proc/self/status]	VmSize:	  498448 kB
20220314 061554.686 INFO             PET0 PIOc_sync Exit - MemInfo: [/proc/self/status]	VmLck:	       0 kB
20220314 061554.687 INFO             PET0 PIOc_sync Exit - MemInfo: [/proc/self/status]	VmPin:	       0 kB
20220314 061554.687 INFO             PET0 PIOc_sync Exit - MemInfo: [/proc/self/status]	VmHWM:	   64476 kB
20220314 061554.687 INFO             PET0 PIOc_sync Exit - MemInfo: [/proc/self/status]	VmRSS:	   28604 kB
20220314 061554.687 INFO             PET0 PIOc_sync Exit - MemInfo: [/proc/self/status]	VmData:	   32252 kB
20220314 061554.687 INFO             PET0 PIOc_sync Exit - MemInfo: [/proc/self/status]	VmStk:	     148 kB
20220314 061554.687 INFO             PET0 PIOc_sync Exit - MemInfo: [/proc/self/status]	VmExe:	     200 kB
20220314 061554.687 INFO             PET0 PIOc_sync Exit - MemInfo: [/proc/self/status]	VmLib:	   48628 kB
20220314 061554.687 INFO             PET0 PIOc_sync Exit - MemInfo: [/proc/self/status]	VmPTE:	     712 kB
20220314 061554.687 INFO             PET0 PIOc_sync Exit - MemInfo: [/proc/self/status]	VmPMD:	      16 kB
20220314 061554.687 INFO             PET0 PIOc_sync Exit - MemInfo: [/proc/self/status]	VmSwap:	       0 kB
20220314 061554.687 INFO             PET0 PIOc_sync Exit - MemInfo: [/proc/self/status]	VmRSSPercent: 0.0436656 %
20220314 061554.687 INFO             PET0 PIOc_sync Exit - MemInfo: [malloc] Non-mmapped space allocated:                20713472 Byte
20220314 061554.687 INFO             PET0 PIOc_sync Exit - MemInfo: [malloc] Space allocated in mmapped regions:          1581056 Byte
20220314 061554.687 INFO             PET0 PIOc_sync Exit - MemInfo: [malloc] Maximum total allocated space:                     0 Byte
20220314 061554.687 INFO             PET0 PIOc_sync Exit - MemInfo: [malloc] Space in freed fastbin blocks:                   320 Byte
20220314 061554.687 INFO             PET0 PIOc_sync Exit - MemInfo: [malloc] Total allocated space:                      20387200 Byte
20220314 061554.687 INFO             PET0 PIOc_sync Exit - MemInfo: [malloc] Total free space:                             326272 Byte
20220314 061554.687 INFO             PET0 PIOc_sync Exit - MemInfo: [malloc] Top-most, releasable space:                   117648 Byte
20220314 061554.687 INFO             PET0 PIOc_sync Exit - MemInfo: [malloc] Total space in use, mmap + non-mmap:        21968256 Byte
20220314 061554.687 INFO             PET0 PIOc_sync Exit - MemInfo: [malloc] Total space held (mmap + non-mmap):         22294528 Byte
20220314 061554.687 INFO             PET0 PIOc_sync Exit - MemInfo: [malloc] Total space used (mmap + non-mmap):         21977584 Byte
20220314 061554.687 INFO             PET0 PIOc_sync Exit - MemInfo: Wall-clock time since execution start:              0.0225062 seconds
20220314 061554.687 INFO             PET0 PIOc_freedecomp Enter - MemInfo: [/proc/meminfo - SSI]	MemTotal:       65507008 kB
20220314 061554.687 INFO             PET0 PIOc_freedecomp Enter - MemInfo: [/proc/meminfo - SSI]	MemFree:        49912880 kB
20220314 061554.687 INFO             PET0 PIOc_freedecomp Enter - MemInfo: [/proc/meminfo - SSI]	MemAvailable:   49676244 kB
20220314 061554.687 INFO             PET0 PIOc_freedecomp Enter - MemInfo: [/proc/meminfo - SSI]	Committed_AS:   12984108 kB
20220314 061554.687 INFO             PET0 PIOc_freedecomp Enter - MemInfo: [/proc/meminfo - SSI]	CommittedPercent: 19.8209 %
20220314 061554.687 INFO             PET0 PIOc_freedecomp Enter - MemInfo: [/proc/self/status]	VmPeak:	  498544 kB
20220314 061554.687 INFO             PET0 PIOc_freedecomp Enter - MemInfo: [/proc/self/status]	VmSize:	  498448 kB
20220314 061554.687 INFO             PET0 PIOc_freedecomp Enter - MemInfo: [/proc/self/status]	VmLck:	       0 kB
20220314 061554.687 INFO             PET0 PIOc_freedecomp Enter - MemInfo: [/proc/self/status]	VmPin:	       0 kB
20220314 061554.687 INFO             PET0 PIOc_freedecomp Enter - MemInfo: [/proc/self/status]	VmHWM:	   64476 kB
20220314 061554.687 INFO             PET0 PIOc_freedecomp Enter - MemInfo: [/proc/self/status]	VmRSS:	   28604 kB
20220314 061554.687 INFO             PET0 PIOc_freedecomp Enter - MemInfo: [/proc/self/status]	VmData:	   32252 kB
20220314 061554.687 INFO             PET0 PIOc_freedecomp Enter - MemInfo: [/proc/self/status]	VmStk:	     148 kB
20220314 061554.687 INFO             PET0 PIOc_freedecomp Enter - MemInfo: [/proc/self/status]	VmExe:	     200 kB
20220314 061554.687 INFO             PET0 PIOc_freedecomp Enter - MemInfo: [/proc/self/status]	VmLib:	   48628 kB
20220314 061554.687 INFO             PET0 PIOc_freedecomp Enter - MemInfo: [/proc/self/status]	VmPTE:	     712 kB
20220314 061554.687 INFO             PET0 PIOc_freedecomp Enter - MemInfo: [/proc/self/status]	VmPMD:	      16 kB
20220314 061554.687 INFO             PET0 PIOc_freedecomp Enter - MemInfo: [/proc/self/status]	VmSwap:	       0 kB
20220314 061554.687 INFO             PET0 PIOc_freedecomp Enter - MemInfo: [/proc/self/status]	VmRSSPercent: 0.0436656 %
20220314 061554.687 INFO             PET0 PIOc_freedecomp Enter - MemInfo: [malloc] Non-mmapped space allocated:                20713472 Byte
20220314 061554.687 INFO             PET0 PIOc_freedecomp Enter - MemInfo: [malloc] Space allocated in mmapped regions:          1581056 Byte
20220314 061554.687 INFO             PET0 PIOc_freedecomp Enter - MemInfo: [malloc] Maximum total allocated space:                     0 Byte
20220314 061554.687 INFO             PET0 PIOc_freedecomp Enter - MemInfo: [malloc] Space in freed fastbin blocks:                   832 Byte
20220314 061554.687 INFO             PET0 PIOc_freedecomp Enter - MemInfo: [malloc] Total allocated space:                       3071552 Byte
20220314 061554.687 INFO             PET0 PIOc_freedecomp Enter - MemInfo: [malloc] Total free space:                           17641920 Byte
20220314 061554.687 INFO             PET0 PIOc_freedecomp Enter - MemInfo: [malloc] Top-most, releasable space:                   117648 Byte
20220314 061554.687 INFO             PET0 PIOc_freedecomp Enter - MemInfo: [malloc] Total space in use, mmap + non-mmap:         4652608 Byte
20220314 061554.687 INFO             PET0 PIOc_freedecomp Enter - MemInfo: [malloc] Total space held (mmap + non-mmap):         22294528 Byte
20220314 061554.687 INFO             PET0 PIOc_freedecomp Enter - MemInfo: [malloc] Total space used (mmap + non-mmap):          4661936 Byte
20220314 061554.687 INFO             PET0 PIOc_freedecomp Enter - MemInfo: Wall-clock time since execution start:              0.0228542 seconds
20220314 061554.687 INFO             PET0 PIOc_freedecomp Exit - MemInfo: [/proc/meminfo - SSI]	MemTotal:       65507008 kB
20220314 061554.687 INFO             PET0 PIOc_freedecomp Exit - MemInfo: [/proc/meminfo - SSI]	MemFree:        49912880 kB
20220314 061554.687 INFO             PET0 PIOc_freedecomp Exit - MemInfo: [/proc/meminfo - SSI]	MemAvailable:   49676244 kB
20220314 061554.687 INFO             PET0 PIOc_freedecomp Exit - MemInfo: [/proc/meminfo - SSI]	Committed_AS:   12984108 kB
20220314 061554.687 INFO             PET0 PIOc_freedecomp Exit - MemInfo: [/proc/meminfo - SSI]	CommittedPercent: 19.8209 %
20220314 061554.687 INFO             PET0 PIOc_freedecomp Exit - MemInfo: [/proc/self/status]	VmPeak:	  498544 kB
20220314 061554.687 INFO             PET0 PIOc_freedecomp Exit - MemInfo: [/proc/self/status]	VmSize:	  498448 kB
20220314 061554.687 INFO             PET0 PIOc_freedecomp Exit - MemInfo: [/proc/self/status]	VmLck:	       0 kB
20220314 061554.687 INFO             PET0 PIOc_freedecomp Exit - MemInfo: [/proc/self/status]	VmPin:	       0 kB
20220314 061554.687 INFO             PET0 PIOc_freedecomp Exit - MemInfo: [/proc/self/status]	VmHWM:	   64476 kB
20220314 061554.687 INFO             PET0 PIOc_freedecomp Exit - MemInfo: [/proc/self/status]	VmRSS:	   28604 kB
20220314 061554.687 INFO             PET0 PIOc_freedecomp Exit - MemInfo: [/proc/self/status]	VmData:	   32252 kB
20220314 061554.687 INFO             PET0 PIOc_freedecomp Exit - MemInfo: [/proc/self/status]	VmStk:	     148 kB
20220314 061554.687 INFO             PET0 PIOc_freedecomp Exit - MemInfo: [/proc/self/status]	VmExe:	     200 kB
20220314 061554.687 INFO             PET0 PIOc_freedecomp Exit - MemInfo: [/proc/self/status]	VmLib:	   48628 kB
20220314 061554.687 INFO             PET0 PIOc_freedecomp Exit - MemInfo: [/proc/self/status]	VmPTE:	     712 kB
20220314 061554.687 INFO             PET0 PIOc_freedecomp Exit - MemInfo: [/proc/self/status]	VmPMD:	      16 kB
20220314 061554.687 INFO             PET0 PIOc_freedecomp Exit - MemInfo: [/proc/self/status]	VmSwap:	       0 kB
20220314 061554.687 INFO             PET0 PIOc_freedecomp Exit - MemInfo: [/proc/self/status]	VmRSSPercent: 0.0436656 %
20220314 061554.687 INFO             PET0 PIOc_freedecomp Exit - MemInfo: [malloc] Non-mmapped space allocated:                20713472 Byte
20220314 061554.687 INFO             PET0 PIOc_freedecomp Exit - MemInfo: [malloc] Space allocated in mmapped regions:          1581056 Byte
20220314 061554.687 INFO             PET0 PIOc_freedecomp Exit - MemInfo: [malloc] Maximum total allocated space:                     0 Byte
20220314 061554.687 INFO             PET0 PIOc_freedecomp Exit - MemInfo: [malloc] Space in freed fastbin blocks:                  1776 Byte
20220314 061554.687 INFO             PET0 PIOc_freedecomp Exit - MemInfo: [malloc] Total allocated space:                       3068896 Byte
20220314 061554.687 INFO             PET0 PIOc_freedecomp Exit - MemInfo: [malloc] Total free space:                           17644576 Byte
20220314 061554.687 INFO             PET0 PIOc_freedecomp Exit - MemInfo: [malloc] Top-most, releasable space:                   117648 Byte
20220314 061554.687 INFO             PET0 PIOc_freedecomp Exit - MemInfo: [malloc] Total space in use, mmap + non-mmap:         4649952 Byte
20220314 061554.687 INFO             PET0 PIOc_freedecomp Exit - MemInfo: [malloc] Total space held (mmap + non-mmap):         22294528 Byte
20220314 061554.687 INFO             PET0 PIOc_freedecomp Exit - MemInfo: [malloc] Total space used (mmap + non-mmap):          4659280 Byte
20220314 061554.687 INFO             PET0 PIOc_freedecomp Exit - MemInfo: Wall-clock time since execution start:              0.0231819 seconds
20220314 061554.688 INFO             PET0 PIOc_sync Enter - MemInfo: [/proc/meminfo - SSI]	MemTotal:       65507008 kB
20220314 061554.688 INFO             PET0 PIOc_sync Enter - MemInfo: [/proc/meminfo - SSI]	MemFree:        49912376 kB
20220314 061554.688 INFO             PET0 PIOc_sync Enter - MemInfo: [/proc/meminfo - SSI]	MemAvailable:   49675740 kB
20220314 061554.688 INFO             PET0 PIOc_sync Enter - MemInfo: [/proc/meminfo - SSI]	Committed_AS:   12984108 kB
20220314 061554.688 INFO             PET0 PIOc_sync Enter - MemInfo: [/proc/meminfo - SSI]	CommittedPercent: 19.8209 %
20220314 061554.688 INFO             PET0 PIOc_sync Enter - MemInfo: [/proc/self/status]	VmPeak:	  506636 kB
20220314 061554.688 INFO             PET0 PIOc_sync Enter - MemInfo: [/proc/self/status]	VmSize:	  498448 kB
20220314 061554.688 INFO             PET0 PIOc_sync Enter - MemInfo: [/proc/self/status]	VmLck:	       0 kB
20220314 061554.688 INFO             PET0 PIOc_sync Enter - MemInfo: [/proc/self/status]	VmPin:	       0 kB
20220314 061554.688 INFO             PET0 PIOc_sync Enter - MemInfo: [/proc/self/status]	VmHWM:	   64476 kB
20220314 061554.688 INFO             PET0 PIOc_sync Enter - MemInfo: [/proc/self/status]	VmRSS:	   28892 kB
20220314 061554.688 INFO             PET0 PIOc_sync Enter - MemInfo: [/proc/self/status]	VmData:	   32252 kB
20220314 061554.688 INFO             PET0 PIOc_sync Enter - MemInfo: [/proc/self/status]	VmStk:	     148 kB
20220314 061554.688 INFO             PET0 PIOc_sync Enter - MemInfo: [/proc/self/status]	VmExe:	     200 kB
20220314 061554.688 INFO             PET0 PIOc_sync Enter - MemInfo: [/proc/self/status]	VmLib:	   48628 kB
20220314 061554.688 INFO             PET0 PIOc_sync Enter - MemInfo: [/proc/self/status]	VmPTE:	     712 kB
20220314 061554.688 INFO             PET0 PIOc_sync Enter - MemInfo: [/proc/self/status]	VmPMD:	      16 kB
20220314 061554.688 INFO             PET0 PIOc_sync Enter - MemInfo: [/proc/self/status]	VmSwap:	       0 kB
20220314 061554.688 INFO             PET0 PIOc_sync Enter - MemInfo: [/proc/self/status]	VmRSSPercent: 0.0441052 %
20220314 061554.688 INFO             PET0 PIOc_sync Enter - MemInfo: [malloc] Non-mmapped space allocated:                20713472 Byte
20220314 061554.688 INFO             PET0 PIOc_sync Enter - MemInfo: [malloc] Space allocated in mmapped regions:          1581056 Byte
20220314 061554.688 INFO             PET0 PIOc_sync Enter - MemInfo: [malloc] Maximum total allocated space:                     0 Byte
20220314 061554.688 INFO             PET0 PIOc_sync Enter - MemInfo: [malloc] Space in freed fastbin blocks:                  1840 Byte
20220314 061554.688 INFO             PET0 PIOc_sync Enter - MemInfo: [malloc] Total allocated space:                      20387312 Byte
20220314 061554.688 INFO             PET0 PIOc_sync Enter - MemInfo: [malloc] Total free space:                             326160 Byte
20220314 061554.688 INFO             PET0 PIOc_sync Enter - MemInfo: [malloc] Top-most, releasable space:                   116688 Byte
20220314 061554.688 INFO             PET0 PIOc_sync Enter - MemInfo: [malloc] Total space in use, mmap + non-mmap:        21968368 Byte
20220314 061554.688 INFO             PET0 PIOc_sync Enter - MemInfo: [malloc] Total space held (mmap + non-mmap):         22294528 Byte
20220314 061554.689 INFO             PET0 PIOc_sync Enter - MemInfo: [malloc] Total space used (mmap + non-mmap):         21977696 Byte
20220314 061554.689 INFO             PET0 PIOc_sync Enter - MemInfo: Wall-clock time since execution start:              0.0243208 seconds
20220314 061554.689 INFO             PET0 PIOc_sync Exit - MemInfo: [/proc/meminfo - SSI]	MemTotal:       65507008 kB
20220314 061554.689 INFO             PET0 PIOc_sync Exit - MemInfo: [/proc/meminfo - SSI]	MemFree:        49912376 kB
20220314 061554.689 INFO             PET0 PIOc_sync Exit - MemInfo: [/proc/meminfo - SSI]	MemAvailable:   49675740 kB
20220314 061554.689 INFO             PET0 PIOc_sync Exit - MemInfo: [/proc/meminfo - SSI]	Committed_AS:   12984108 kB
20220314 061554.689 INFO             PET0 PIOc_sync Exit - MemInfo: [/proc/meminfo - SSI]	CommittedPercent: 19.8209 %
20220314 061554.689 INFO             PET0 PIOc_sync Exit - MemInfo: [/proc/self/status]	VmPeak:	  506636 kB
20220314 061554.689 INFO             PET0 PIOc_sync Exit - MemInfo: [/proc/self/status]	VmSize:	  498448 kB
20220314 061554.689 INFO             PET0 PIOc_sync Exit - MemInfo: [/proc/self/status]	VmLck:	       0 kB
20220314 061554.689 INFO             PET0 PIOc_sync Exit - MemInfo: [/proc/self/status]	VmPin:	       0 kB
20220314 061554.689 INFO             PET0 PIOc_sync Exit - MemInfo: [/proc/self/status]	VmHWM:	   64476 kB
20220314 061554.689 INFO             PET0 PIOc_sync Exit - MemInfo: [/proc/self/status]	VmRSS:	   28892 kB
20220314 061554.689 INFO             PET0 PIOc_sync Exit - MemInfo: [/proc/self/status]	VmData:	   32252 kB
20220314 061554.689 INFO             PET0 PIOc_sync Exit - MemInfo: [/proc/self/status]	VmStk:	     148 kB
20220314 061554.689 INFO             PET0 PIOc_sync Exit - MemInfo: [/proc/self/status]	VmExe:	     200 kB
20220314 061554.689 INFO             PET0 PIOc_sync Exit - MemInfo: [/proc/self/status]	VmLib:	   48628 kB
20220314 061554.689 INFO             PET0 PIOc_sync Exit - MemInfo: [/proc/self/status]	VmPTE:	     712 kB
20220314 061554.689 INFO             PET0 PIOc_sync Exit - MemInfo: [/proc/self/status]	VmPMD:	      16 kB
20220314 061554.689 INFO             PET0 PIOc_sync Exit - MemInfo: [/proc/self/status]	VmSwap:	       0 kB
20220314 061554.689 INFO             PET0 PIOc_sync Exit - MemInfo: [/proc/self/status]	VmRSSPercent: 0.0441052 %
20220314 061554.689 INFO             PET0 PIOc_sync Exit - MemInfo: [malloc] Non-mmapped space allocated:                20713472 Byte
20220314 061554.689 INFO             PET0 PIOc_sync Exit - MemInfo: [malloc] Space allocated in mmapped regions:          1581056 Byte
20220314 061554.689 INFO             PET0 PIOc_sync Exit - MemInfo: [malloc] Maximum total allocated space:                     0 Byte
20220314 061554.689 INFO             PET0 PIOc_sync Exit - MemInfo: [malloc] Space in freed fastbin blocks:                   320 Byte
20220314 061554.689 INFO             PET0 PIOc_sync Exit - MemInfo: [malloc] Total allocated space:                      20387968 Byte
20220314 061554.689 INFO             PET0 PIOc_sync Exit - MemInfo: [malloc] Total free space:                             325504 Byte
20220314 061554.689 INFO             PET0 PIOc_sync Exit - MemInfo: [malloc] Top-most, releasable space:                   116992 Byte
20220314 061554.689 INFO             PET0 PIOc_sync Exit - MemInfo: [malloc] Total space in use, mmap + non-mmap:        21969024 Byte
20220314 061554.689 INFO             PET0 PIOc_sync Exit - MemInfo: [malloc] Total space held (mmap + non-mmap):         22294528 Byte
20220314 061554.689 INFO             PET0 PIOc_sync Exit - MemInfo: [malloc] Total space used (mmap + non-mmap):         21978352 Byte
20220314 061554.689 INFO             PET0 PIOc_sync Exit - MemInfo: Wall-clock time since execution start:              0.0246837 seconds
20220314 061554.689 INFO             PET0 PIOc_freedecomp Enter - MemInfo: [/proc/meminfo - SSI]	MemTotal:       65507008 kB
20220314 061554.689 INFO             PET0 PIOc_freedecomp Enter - MemInfo: [/proc/meminfo - SSI]	MemFree:        49912376 kB
20220314 061554.689 INFO             PET0 PIOc_freedecomp Enter - MemInfo: [/proc/meminfo - SSI]	MemAvailable:   49675740 kB
20220314 061554.689 INFO             PET0 PIOc_freedecomp Enter - MemInfo: [/proc/meminfo - SSI]	Committed_AS:   12984108 kB
20220314 061554.689 INFO             PET0 PIOc_freedecomp Enter - MemInfo: [/proc/meminfo - SSI]	CommittedPercent: 19.8209 %
20220314 061554.689 INFO             PET0 PIOc_freedecomp Enter - MemInfo: [/proc/self/status]	VmPeak:	  506636 kB
20220314 061554.689 INFO             PET0 PIOc_freedecomp Enter - MemInfo: [/proc/self/status]	VmSize:	  498448 kB
20220314 061554.689 INFO             PET0 PIOc_freedecomp Enter - MemInfo: [/proc/self/status]	VmLck:	       0 kB
20220314 061554.689 INFO             PET0 PIOc_freedecomp Enter - MemInfo: [/proc/self/status]	VmPin:	       0 kB
20220314 061554.689 INFO             PET0 PIOc_freedecomp Enter - MemInfo: [/proc/self/status]	VmHWM:	   64476 kB
20220314 061554.689 INFO             PET0 PIOc_freedecomp Enter - MemInfo: [/proc/self/status]	VmRSS:	   28892 kB
20220314 061554.689 INFO             PET0 PIOc_freedecomp Enter - MemInfo: [/proc/self/status]	VmData:	   32252 kB
20220314 061554.689 INFO             PET0 PIOc_freedecomp Enter - MemInfo: [/proc/self/status]	VmStk:	     148 kB
20220314 061554.689 INFO             PET0 PIOc_freedecomp Enter - MemInfo: [/proc/self/status]	VmExe:	     200 kB
20220314 061554.689 INFO             PET0 PIOc_freedecomp Enter - MemInfo: [/proc/self/status]	VmLib:	   48628 kB
20220314 061554.689 INFO             PET0 PIOc_freedecomp Enter - MemInfo: [/proc/self/status]	VmPTE:	     712 kB
20220314 061554.689 INFO             PET0 PIOc_freedecomp Enter - MemInfo: [/proc/self/status]	VmPMD:	      16 kB
20220314 061554.689 INFO             PET0 PIOc_freedecomp Enter - MemInfo: [/proc/self/status]	VmSwap:	       0 kB
20220314 061554.689 INFO             PET0 PIOc_freedecomp Enter - MemInfo: [/proc/self/status]	VmRSSPercent: 0.0441052 %
20220314 061554.689 INFO             PET0 PIOc_freedecomp Enter - MemInfo: [malloc] Non-mmapped space allocated:                20713472 Byte
20220314 061554.689 INFO             PET0 PIOc_freedecomp Enter - MemInfo: [malloc] Space allocated in mmapped regions:          1581056 Byte
20220314 061554.689 INFO             PET0 PIOc_freedecomp Enter - MemInfo: [malloc] Maximum total allocated space:                     0 Byte
20220314 061554.689 INFO             PET0 PIOc_freedecomp Enter - MemInfo: [malloc] Space in freed fastbin blocks:                  1136 Byte
20220314 061554.689 INFO             PET0 PIOc_freedecomp Enter - MemInfo: [malloc] Total allocated space:                       3071616 Byte
20220314 061554.689 INFO             PET0 PIOc_freedecomp Enter - MemInfo: [malloc] Total free space:                           17641856 Byte
20220314 061554.689 INFO             PET0 PIOc_freedecomp Enter - MemInfo: [malloc] Top-most, releasable space:                   116992 Byte
20220314 061554.689 INFO             PET0 PIOc_freedecomp Enter - MemInfo: [malloc] Total space in use, mmap + non-mmap:         4652672 Byte
20220314 061554.689 INFO             PET0 PIOc_freedecomp Enter - MemInfo: [malloc] Total space held (mmap + non-mmap):         22294528 Byte
20220314 061554.689 INFO             PET0 PIOc_freedecomp Enter - MemInfo: [malloc] Total space used (mmap + non-mmap):          4662000 Byte
20220314 061554.689 INFO             PET0 PIOc_freedecomp Enter - MemInfo: Wall-clock time since execution start:              0.0250303 seconds
20220314 061554.689 INFO             PET0 PIOc_freedecomp Exit - MemInfo: [/proc/meminfo - SSI]	MemTotal:       65507008 kB
20220314 061554.689 INFO             PET0 PIOc_freedecomp Exit - MemInfo: [/proc/meminfo - SSI]	MemFree:        49912376 kB
20220314 061554.689 INFO             PET0 PIOc_freedecomp Exit - MemInfo: [/proc/meminfo - SSI]	MemAvailable:   49675740 kB
20220314 061554.689 INFO             PET0 PIOc_freedecomp Exit - MemInfo: [/proc/meminfo - SSI]	Committed_AS:   12984108 kB
20220314 061554.689 INFO             PET0 PIOc_freedecomp Exit - MemInfo: [/proc/meminfo - SSI]	CommittedPercent: 19.8209 %
20220314 061554.689 INFO             PET0 PIOc_freedecomp Exit - MemInfo: [/proc/self/status]	VmPeak:	  506636 kB
20220314 061554.689 INFO             PET0 PIOc_freedecomp Exit - MemInfo: [/proc/self/status]	VmSize:	  498448 kB
20220314 061554.689 INFO             PET0 PIOc_freedecomp Exit - MemInfo: [/proc/self/status]	VmLck:	       0 kB
20220314 061554.689 INFO             PET0 PIOc_freedecomp Exit - MemInfo: [/proc/self/status]	VmPin:	       0 kB
20220314 061554.689 INFO             PET0 PIOc_freedecomp Exit - MemInfo: [/proc/self/status]	VmHWM:	   64476 kB
20220314 061554.689 INFO             PET0 PIOc_freedecomp Exit - MemInfo: [/proc/self/status]	VmRSS:	   28892 kB
20220314 061554.689 INFO             PET0 PIOc_freedecomp Exit - MemInfo: [/proc/self/status]	VmData:	   32252 kB
20220314 061554.689 INFO             PET0 PIOc_freedecomp Exit - MemInfo: [/proc/self/status]	VmStk:	     148 kB
20220314 061554.689 INFO             PET0 PIOc_freedecomp Exit - MemInfo: [/proc/self/status]	VmExe:	     200 kB
20220314 061554.689 INFO             PET0 PIOc_freedecomp Exit - MemInfo: [/proc/self/status]	VmLib:	   48628 kB
20220314 061554.689 INFO             PET0 PIOc_freedecomp Exit - MemInfo: [/proc/self/status]	VmPTE:	     712 kB
20220314 061554.689 INFO             PET0 PIOc_freedecomp Exit - MemInfo: [/proc/self/status]	VmPMD:	      16 kB
20220314 061554.689 INFO             PET0 PIOc_freedecomp Exit - MemInfo: [/proc/self/status]	VmSwap:	       0 kB
20220314 061554.689 INFO             PET0 PIOc_freedecomp Exit - MemInfo: [/proc/self/status]	VmRSSPercent: 0.0441052 %
20220314 061554.689 INFO             PET0 PIOc_freedecomp Exit - MemInfo: [malloc] Non-mmapped space allocated:                20713472 Byte
20220314 061554.689 INFO             PET0 PIOc_freedecomp Exit - MemInfo: [malloc] Space allocated in mmapped regions:          1581056 Byte
20220314 061554.689 INFO             PET0 PIOc_freedecomp Exit - MemInfo: [malloc] Maximum total allocated space:                     0 Byte
20220314 061554.689 INFO             PET0 PIOc_freedecomp Exit - MemInfo: [malloc] Space in freed fastbin blocks:                   704 Byte
20220314 061554.689 INFO             PET0 PIOc_freedecomp Exit - MemInfo: [malloc] Total allocated space:                       3068912 Byte
20220314 061554.689 INFO             PET0 PIOc_freedecomp Exit - MemInfo: [malloc] Total free space:                           17644560 Byte
20220314 061554.690 INFO             PET0 PIOc_freedecomp Exit - MemInfo: [malloc] Top-most, releasable space:                   121728 Byte
20220314 061554.690 INFO             PET0 PIOc_freedecomp Exit - MemInfo: [malloc] Total space in use, mmap + non-mmap:         4649968 Byte
20220314 061554.690 INFO             PET0 PIOc_freedecomp Exit - MemInfo: [malloc] Total space held (mmap + non-mmap):         22294528 Byte
20220314 061554.690 INFO             PET0 PIOc_freedecomp Exit - MemInfo: [malloc] Total space used (mmap + non-mmap):          4659296 Byte
20220314 061554.690 INFO             PET0 PIOc_freedecomp Exit - MemInfo: Wall-clock time since execution start:              0.0253579 seconds
20220314 061554.690 INFO             PET0 PIOc_sync Enter - MemInfo: [/proc/meminfo - SSI]	MemTotal:       65507008 kB
20220314 061554.690 INFO             PET0 PIOc_sync Enter - MemInfo: [/proc/meminfo - SSI]	MemFree:        49912376 kB
20220314 061554.690 INFO             PET0 PIOc_sync Enter - MemInfo: [/proc/meminfo - SSI]	MemAvailable:   49675740 kB
20220314 061554.690 INFO             PET0 PIOc_sync Enter - MemInfo: [/proc/meminfo - SSI]	Committed_AS:   12984108 kB
20220314 061554.690 INFO             PET0 PIOc_sync Enter - MemInfo: [/proc/meminfo - SSI]	CommittedPercent: 19.8209 %
20220314 061554.690 INFO             PET0 PIOc_sync Enter - MemInfo: [/proc/self/status]	VmPeak:	  506636 kB
20220314 061554.690 INFO             PET0 PIOc_sync Enter - MemInfo: [/proc/self/status]	VmSize:	  498448 kB
20220314 061554.690 INFO             PET0 PIOc_sync Enter - MemInfo: [/proc/self/status]	VmLck:	       0 kB
20220314 061554.690 INFO             PET0 PIOc_sync Enter - MemInfo: [/proc/self/status]	VmPin:	       0 kB
20220314 061554.690 INFO             PET0 PIOc_sync Enter - MemInfo: [/proc/self/status]	VmHWM:	   64476 kB
20220314 061554.690 INFO             PET0 PIOc_sync Enter - MemInfo: [/proc/self/status]	VmRSS:	   28892 kB
20220314 061554.690 INFO             PET0 PIOc_sync Enter - MemInfo: [/proc/self/status]	VmData:	   32252 kB
20220314 061554.690 INFO             PET0 PIOc_sync Enter - MemInfo: [/proc/self/status]	VmStk:	     148 kB
20220314 061554.690 INFO             PET0 PIOc_sync Enter - MemInfo: [/proc/self/status]	VmExe:	     200 kB
20220314 061554.690 INFO             PET0 PIOc_sync Enter - MemInfo: [/proc/self/status]	VmLib:	   48628 kB
20220314 061554.690 INFO             PET0 PIOc_sync Enter - MemInfo: [/proc/self/status]	VmPTE:	     712 kB
20220314 061554.690 INFO             PET0 PIOc_sync Enter - MemInfo: [/proc/self/status]	VmPMD:	      16 kB
20220314 061554.690 INFO             PET0 PIOc_sync Enter - MemInfo: [/proc/self/status]	VmSwap:	       0 kB
20220314 061554.690 INFO             PET0 PIOc_sync Enter - MemInfo: [/proc/self/status]	VmRSSPercent: 0.0441052 %
20220314 061554.690 INFO             PET0 PIOc_sync Enter - MemInfo: [malloc] Non-mmapped space allocated:                20713472 Byte
20220314 061554.691 INFO             PET0 PIOc_sync Enter - MemInfo: [malloc] Space allocated in mmapped regions:          1581056 Byte
20220314 061554.691 INFO             PET0 PIOc_sync Enter - MemInfo: [malloc] Maximum total allocated space:                     0 Byte
20220314 061554.691 INFO             PET0 PIOc_sync Enter - MemInfo: [malloc] Space in freed fastbin blocks:                  2304 Byte
20220314 061554.691 INFO             PET0 PIOc_sync Enter - MemInfo: [malloc] Total allocated space:                      20388000 Byte
20220314 061554.691 INFO             PET0 PIOc_sync Enter - MemInfo: [malloc] Total free space:                             325472 Byte
20220314 061554.691 INFO             PET0 PIOc_sync Enter - MemInfo: [malloc] Top-most, releasable space:                   115296 Byte
20220314 061554.691 INFO             PET0 PIOc_sync Enter - MemInfo: [malloc] Total space in use, mmap + non-mmap:        21969056 Byte
20220314 061554.691 INFO             PET0 PIOc_sync Enter - MemInfo: [malloc] Total space held (mmap + non-mmap):         22294528 Byte
20220314 061554.691 INFO             PET0 PIOc_sync Enter - MemInfo: [malloc] Total space used (mmap + non-mmap):         21978384 Byte
20220314 061554.691 INFO             PET0 PIOc_sync Enter - MemInfo: Wall-clock time since execution start:              0.0264002 seconds
20220314 061554.691 INFO             PET0 PIOc_sync Exit - MemInfo: [/proc/meminfo - SSI]	MemTotal:       65507008 kB
20220314 061554.691 INFO             PET0 PIOc_sync Exit - MemInfo: [/proc/meminfo - SSI]	MemFree:        49912376 kB
20220314 061554.691 INFO             PET0 PIOc_sync Exit - MemInfo: [/proc/meminfo - SSI]	MemAvailable:   49675740 kB
20220314 061554.691 INFO             PET0 PIOc_sync Exit - MemInfo: [/proc/meminfo - SSI]	Committed_AS:   12984108 kB
20220314 061554.691 INFO             PET0 PIOc_sync Exit - MemInfo: [/proc/meminfo - SSI]	CommittedPercent: 19.8209 %
20220314 061554.691 INFO             PET0 PIOc_sync Exit - MemInfo: [/proc/self/status]	VmPeak:	  506636 kB
20220314 061554.691 INFO             PET0 PIOc_sync Exit - MemInfo: [/proc/self/status]	VmSize:	  498448 kB
20220314 061554.691 INFO             PET0 PIOc_sync Exit - MemInfo: [/proc/self/status]	VmLck:	       0 kB
20220314 061554.691 INFO             PET0 PIOc_sync Exit - MemInfo: [/proc/self/status]	VmPin:	       0 kB
20220314 061554.691 INFO             PET0 PIOc_sync Exit - MemInfo: [/proc/self/status]	VmHWM:	   64476 kB
20220314 061554.691 INFO             PET0 PIOc_sync Exit - MemInfo: [/proc/self/status]	VmRSS:	   28896 kB
20220314 061554.691 INFO             PET0 PIOc_sync Exit - MemInfo: [/proc/self/status]	VmData:	   32252 kB
20220314 061554.691 INFO             PET0 PIOc_sync Exit - MemInfo: [/proc/self/status]	VmStk:	     148 kB
20220314 061554.691 INFO             PET0 PIOc_sync Exit - MemInfo: [/proc/self/status]	VmExe:	     200 kB
20220314 061554.691 INFO             PET0 PIOc_sync Exit - MemInfo: [/proc/self/status]	VmLib:	   48628 kB
20220314 061554.691 INFO             PET0 PIOc_sync Exit - MemInfo: [/proc/self/status]	VmPTE:	     712 kB
20220314 061554.691 INFO             PET0 PIOc_sync Exit - MemInfo: [/proc/self/status]	VmPMD:	      16 kB
20220314 061554.691 INFO             PET0 PIOc_sync Exit - MemInfo: [/proc/self/status]	VmSwap:	       0 kB
20220314 061554.691 INFO             PET0 PIOc_sync Exit - MemInfo: [/proc/self/status]	VmRSSPercent: 0.0441113 %
20220314 061554.691 INFO             PET0 PIOc_sync Exit - MemInfo: [malloc] Non-mmapped space allocated:                20713472 Byte
20220314 061554.691 INFO             PET0 PIOc_sync Exit - MemInfo: [malloc] Space allocated in mmapped regions:          1581056 Byte
20220314 061554.691 INFO             PET0 PIOc_sync Exit - MemInfo: [malloc] Maximum total allocated space:                     0 Byte
20220314 061554.691 INFO             PET0 PIOc_sync Exit - MemInfo: [malloc] Space in freed fastbin blocks:                  1152 Byte
20220314 061554.691 INFO             PET0 PIOc_sync Exit - MemInfo: [malloc] Total allocated space:                      20388624 Byte
20220314 061554.691 INFO             PET0 PIOc_sync Exit - MemInfo: [malloc] Total free space:                             324848 Byte
20220314 061554.691 INFO             PET0 PIOc_sync Exit - MemInfo: [malloc] Top-most, releasable space:                   115040 Byte
20220314 061554.691 INFO             PET0 PIOc_sync Exit - MemInfo: [malloc] Total space in use, mmap + non-mmap:        21969680 Byte
20220314 061554.691 INFO             PET0 PIOc_sync Exit - MemInfo: [malloc] Total space held (mmap + non-mmap):         22294528 Byte
20220314 061554.691 INFO             PET0 PIOc_sync Exit - MemInfo: [malloc] Total space used (mmap + non-mmap):         21979008 Byte
20220314 061554.691 INFO             PET0 PIOc_sync Exit - MemInfo: Wall-clock time since execution start:              0.0267656 seconds
20220314 061554.691 INFO             PET0 PIOc_freedecomp Enter - MemInfo: [/proc/meminfo - SSI]	MemTotal:       65507008 kB
20220314 061554.691 INFO             PET0 PIOc_freedecomp Enter - MemInfo: [/proc/meminfo - SSI]	MemFree:        49912376 kB
20220314 061554.691 INFO             PET0 PIOc_freedecomp Enter - MemInfo: [/proc/meminfo - SSI]	MemAvailable:   49675740 kB
20220314 061554.691 INFO             PET0 PIOc_freedecomp Enter - MemInfo: [/proc/meminfo - SSI]	Committed_AS:   12984108 kB
20220314 061554.691 INFO             PET0 PIOc_freedecomp Enter - MemInfo: [/proc/meminfo - SSI]	CommittedPercent: 19.8209 %
20220314 061554.691 INFO             PET0 PIOc_freedecomp Enter - MemInfo: [/proc/self/status]	VmPeak:	  506636 kB
20220314 061554.691 INFO             PET0 PIOc_freedecomp Enter - MemInfo: [/proc/self/status]	VmSize:	  498448 kB
20220314 061554.691 INFO             PET0 PIOc_freedecomp Enter - MemInfo: [/proc/self/status]	VmLck:	       0 kB
20220314 061554.691 INFO             PET0 PIOc_freedecomp Enter - MemInfo: [/proc/self/status]	VmPin:	       0 kB
20220314 061554.691 INFO             PET0 PIOc_freedecomp Enter - MemInfo: [/proc/self/status]	VmHWM:	   64476 kB
20220314 061554.691 INFO             PET0 PIOc_freedecomp Enter - MemInfo: [/proc/self/status]	VmRSS:	   28896 kB
20220314 061554.691 INFO             PET0 PIOc_freedecomp Enter - MemInfo: [/proc/self/status]	VmData:	   32252 kB
20220314 061554.691 INFO             PET0 PIOc_freedecomp Enter - MemInfo: [/proc/self/status]	VmStk:	     148 kB
20220314 061554.691 INFO             PET0 PIOc_freedecomp Enter - MemInfo: [/proc/self/status]	VmExe:	     200 kB
20220314 061554.691 INFO             PET0 PIOc_freedecomp Enter - MemInfo: [/proc/self/status]	VmLib:	   48628 kB
20220314 061554.691 INFO             PET0 PIOc_freedecomp Enter - MemInfo: [/proc/self/status]	VmPTE:	     712 kB
20220314 061554.691 INFO             PET0 PIOc_freedecomp Enter - MemInfo: [/proc/self/status]	VmPMD:	      16 kB
20220314 061554.691 INFO             PET0 PIOc_freedecomp Enter - MemInfo: [/proc/self/status]	VmSwap:	       0 kB
20220314 061554.691 INFO             PET0 PIOc_freedecomp Enter - MemInfo: [/proc/self/status]	VmRSSPercent: 0.0441113 %
20220314 061554.691 INFO             PET0 PIOc_freedecomp Enter - MemInfo: [malloc] Non-mmapped space allocated:                20713472 Byte
20220314 061554.691 INFO             PET0 PIOc_freedecomp Enter - MemInfo: [malloc] Space allocated in mmapped regions:          1581056 Byte
20220314 061554.691 INFO             PET0 PIOc_freedecomp Enter - MemInfo: [malloc] Maximum total allocated space:                     0 Byte
20220314 061554.691 INFO             PET0 PIOc_freedecomp Enter - MemInfo: [malloc] Space in freed fastbin blocks:                   832 Byte
20220314 061554.691 INFO             PET0 PIOc_freedecomp Enter - MemInfo: [malloc] Total allocated space:                       3071552 Byte
20220314 061554.691 INFO             PET0 PIOc_freedecomp Enter - MemInfo: [malloc] Total free space:                           17641920 Byte
20220314 061554.691 INFO             PET0 PIOc_freedecomp Enter - MemInfo: [malloc] Top-most, releasable space:                   117632 Byte
20220314 061554.691 INFO             PET0 PIOc_freedecomp Enter - MemInfo: [malloc] Total space in use, mmap + non-mmap:         4652608 Byte
20220314 061554.691 INFO             PET0 PIOc_freedecomp Enter - MemInfo: [malloc] Total space held (mmap + non-mmap):         22294528 Byte
20220314 061554.691 INFO             PET0 PIOc_freedecomp Enter - MemInfo: [malloc] Total space used (mmap + non-mmap):          4661936 Byte
20220314 061554.691 INFO             PET0 PIOc_freedecomp Enter - MemInfo: Wall-clock time since execution start:              0.0271155 seconds
20220314 061554.691 INFO             PET0 PIOc_freedecomp Exit - MemInfo: [/proc/meminfo - SSI]	MemTotal:       65507008 kB
20220314 061554.691 INFO             PET0 PIOc_freedecomp Exit - MemInfo: [/proc/meminfo - SSI]	MemFree:        49912376 kB
20220314 061554.691 INFO             PET0 PIOc_freedecomp Exit - MemInfo: [/proc/meminfo - SSI]	MemAvailable:   49675740 kB
20220314 061554.691 INFO             PET0 PIOc_freedecomp Exit - MemInfo: [/proc/meminfo - SSI]	Committed_AS:   12984108 kB
20220314 061554.691 INFO             PET0 PIOc_freedecomp Exit - MemInfo: [/proc/meminfo - SSI]	CommittedPercent: 19.8209 %
20220314 061554.691 INFO             PET0 PIOc_freedecomp Exit - MemInfo: [/proc/self/status]	VmPeak:	  506636 kB
20220314 061554.691 INFO             PET0 PIOc_freedecomp Exit - MemInfo: [/proc/self/status]	VmSize:	  498448 kB
20220314 061554.691 INFO             PET0 PIOc_freedecomp Exit - MemInfo: [/proc/self/status]	VmLck:	       0 kB
20220314 061554.691 INFO             PET0 PIOc_freedecomp Exit - MemInfo: [/proc/self/status]	VmPin:	       0 kB
20220314 061554.691 INFO             PET0 PIOc_freedecomp Exit - MemInfo: [/proc/self/status]	VmHWM:	   64476 kB
20220314 061554.691 INFO             PET0 PIOc_freedecomp Exit - MemInfo: [/proc/self/status]	VmRSS:	   28896 kB
20220314 061554.691 INFO             PET0 PIOc_freedecomp Exit - MemInfo: [/proc/self/status]	VmData:	   32252 kB
20220314 061554.691 INFO             PET0 PIOc_freedecomp Exit - MemInfo: [/proc/self/status]	VmStk:	     148 kB
20220314 061554.691 INFO             PET0 PIOc_freedecomp Exit - MemInfo: [/proc/self/status]	VmExe:	     200 kB
20220314 061554.691 INFO             PET0 PIOc_freedecomp Exit - MemInfo: [/proc/self/status]	VmLib:	   48628 kB
20220314 061554.691 INFO             PET0 PIOc_freedecomp Exit - MemInfo: [/proc/self/status]	VmPTE:	     712 kB
20220314 061554.692 INFO             PET0 PIOc_freedecomp Exit - MemInfo: [/proc/self/status]	VmPMD:	      16 kB
20220314 061554.692 INFO             PET0 PIOc_freedecomp Exit - MemInfo: [/proc/self/status]	VmSwap:	       0 kB
20220314 061554.692 INFO             PET0 PIOc_freedecomp Exit - MemInfo: [/proc/self/status]	VmRSSPercent: 0.0441113 %
20220314 061554.692 INFO             PET0 PIOc_freedecomp Exit - MemInfo: [malloc] Non-mmapped space allocated:                20713472 Byte
20220314 061554.692 INFO             PET0 PIOc_freedecomp Exit - MemInfo: [malloc] Space allocated in mmapped regions:          1581056 Byte
20220314 061554.692 INFO             PET0 PIOc_freedecomp Exit - MemInfo: [malloc] Maximum total allocated space:                     0 Byte
20220314 061554.692 INFO             PET0 PIOc_freedecomp Exit - MemInfo: [malloc] Space in freed fastbin blocks:                  2272 Byte
20220314 061554.692 INFO             PET0 PIOc_freedecomp Exit - MemInfo: [malloc] Total allocated space:                       3068880 Byte
20220314 061554.692 INFO             PET0 PIOc_freedecomp Exit - MemInfo: [malloc] Total free space:                           17644592 Byte
20220314 061554.692 INFO             PET0 PIOc_freedecomp Exit - MemInfo: [malloc] Top-most, releasable space:                   117632 Byte
20220314 061554.692 INFO             PET0 PIOc_freedecomp Exit - MemInfo: [malloc] Total space in use, mmap + non-mmap:         4649936 Byte
20220314 061554.692 INFO             PET0 PIOc_freedecomp Exit - MemInfo: [malloc] Total space held (mmap + non-mmap):         22294528 Byte
20220314 061554.692 INFO             PET0 PIOc_freedecomp Exit - MemInfo: [malloc] Total space used (mmap + non-mmap):          4659264 Byte
20220314 061554.692 INFO             PET0 PIOc_freedecomp Exit - MemInfo: Wall-clock time since execution start:              0.0274434 seconds
20220314 061554.692 INFO             PET0 PASS Execute ESMC_RouteHandlePrint(), ESMC_FieldGridRegridCsrvUTest.C, line 526
20220314 061554.692 INFO             PET0 PASS Release an ESMC_RouteHandle via ESMC_FieldRegridRelease(), ESMC_FieldGridRegridCsrvUTest.C, line 534
20220314 061554.692 INFO             PET0 PASS Execute ESMC_FieldRegridGetArea() - source, ESMC_FieldGridRegridCsrvUTest.C, line 584
20220314 061554.692 INFO             PET0 PASS Execute ESMC_FieldRegridGetArea() - destination, ESMC_FieldGridRegridCsrvUTest.C, line 606
20220314 061554.692 INFO             PET0 PASS Regridding Validation, ESMC_FieldGridRegridCsrvUTest.C, line 671
20220314 061554.692 INFO             PET0 PASS Destroy ESMC_Field object, ESMC_FieldGridRegridCsrvUTest.C, line 685
20220314 061554.692 INFO             PET0 PASS Destroy ESMC_Field object, ESMC_FieldGridRegridCsrvUTest.C, line 693
20220314 061554.693 INFO             PET0 PASS Destroy ESMC_Grid object, ESMC_FieldGridRegridCsrvUTest.C, line 701
20220314 061554.693 INFO             PET0 PASS Destroy ESMC_Mesh object, ESMC_FieldGridRegridCsrvUTest.C, line 709
20220314 061554.693 INFO             PET0 Ending Test, file ESMC_FieldGridRegridCsrvUTest.C, line 714
20220314 061554.693 INFO             PET0 Finalizing ESMF
