build time -- 2022-03-12 06:01:56.843305
20220312 061606.691 INFO             PET0 !!!!!!!!!!!!!!!!!!!!!!!!!!!!!!!!!!!!!!!!!!!!!!!!!!!!!!
20220312 061606.691 INFO             PET0 !!! THE ESMF_LOG IS SET TO OUTPUT ALL LOG MESSAGES !!!
20220312 061606.691 INFO             PET0 !!!     THIS MAY CAUSE SLOWDOWN IN PERFORMANCE     !!!
20220312 061606.691 INFO             PET0 !!! FOR PRODUCTION RUNS, USE:                      !!!
20220312 061606.691 INFO             PET0 !!!                   ESMF_LOGKIND_Multi_On_Error  !!!
20220312 061606.691 INFO             PET0 !!!!!!!!!!!!!!!!!!!!!!!!!!!!!!!!!!!!!!!!!!!!!!!!!!!!!!
20220312 061606.691 INFO             PET0 Running with ESMF Version   : v8.3.0b09-96-g559b459836
20220312 061606.691 INFO             PET0 ESMF library build date/time: "Mar 12 2022" "05:59:56"
20220312 061606.691 INFO             PET0 ESMF library build location : /glade/scratch/rlong/esmf-testing/gfortran_9.1.0_openmpi_O_jedwards_pio_update2
20220312 061606.691 INFO             PET0 ESMF_COMM                   : openmpi
20220312 061606.691 INFO             PET0 ESMF_MOAB                   : enabled
20220312 061606.691 INFO             PET0 ESMF_LAPACK                 : enabled
20220312 061606.691 INFO             PET0 ESMF_NETCDF                 : enabled
20220312 061606.691 INFO             PET0 ESMF_PNETCDF                : disabled
20220312 061606.691 INFO             PET0 ESMF_PIO                    : enabled
20220312 061606.691 INFO             PET0 ESMF_YAMLCPP                : enabled
20220312 061606.691 INFO             PET0 Beginning Test, file ESMC_FieldRegridUTest.C, line 68
20220312 061606.691 INFO             PET0 Beginning Test, file ESMC_FieldRegridUTest.C, line 68NUMBER_OF_PROCESSORS 1
20220312 061606.691 INFO             PET0 PASS MeshCreate, ESMC_FieldRegridUTest.C, line 125
20220312 061606.691 INFO             PET0 PASS MeshAddNodes, ESMC_FieldRegridUTest.C, line 133
20220312 061606.691 INFO             PET0 PASS MeshAddElements, ESMC_FieldRegridUTest.C, line 142
20220312 061606.691 INFO             PET0 PASS MeshGetLocalNodeCount, ESMC_FieldRegridUTest.C, line 152
20220312 061606.691 INFO             PET0 PASS MeshGetLocalElementCount, ESMC_FieldRegridUTest.C, line 163
20220312 061606.691 INFO             PET0 PASS MeshCreate, ESMC_FieldRegridUTest.C, line 231
20220312 061606.691 INFO             PET0 PASS MeshAddNodes, ESMC_FieldRegridUTest.C, line 239
20220312 061606.692 INFO             PET0 PASS MeshAddElements, ESMC_FieldRegridUTest.C, line 248
20220312 061606.692 INFO             PET0 PASS MeshGetLocalNodeCount, ESMC_FieldRegridUTest.C, line 258
20220312 061606.692 INFO             PET0 PASS MeshGetLocalElementCount, ESMC_FieldRegridUTest.C, line 269
20220312 061606.692 INFO             PET0 PASS Create ESMC_Field object, ESMC_FieldRegridUTest.C, line 284
20220312 061606.692 INFO             PET0 PASS Create ESMC_Field object, ESMC_FieldRegridUTest.C, line 293
20220312 061606.692 INFO             PET0 PASS Get a void * C pointer to data from ESMC_Field object, ESMC_FieldRegridUTest.C, line 306
20220312 061606.692 INFO             PET0 PASS Get a void * C pointer to data from ESMC_Field object, ESMC_FieldRegridUTest.C, line 325
20220312 061606.692 INFO             PET0 PASS Create an InterArray for maskValues in ESMC_FieldRegridStore(), ESMC_FieldRegridUTest.C, line 343
20220312 061606.703 INFO             PET0 PIOc_sync Enter - MemInfo: [/proc/meminfo - SSI]	MemTotal:       65507008 kB
20220312 061606.703 INFO             PET0 PIOc_sync Enter - MemInfo: [/proc/meminfo - SSI]	MemFree:        48912956 kB
20220312 061606.703 INFO             PET0 PIOc_sync Enter - MemInfo: [/proc/meminfo - SSI]	MemAvailable:   48675960 kB
20220312 061606.703 INFO             PET0 PIOc_sync Enter - MemInfo: [/proc/meminfo - SSI]	Committed_AS:   12943036 kB
20220312 061606.703 INFO             PET0 PIOc_sync Enter - MemInfo: [/proc/meminfo - SSI]	CommittedPercent: 19.7582 %
20220312 061606.703 INFO             PET0 PIOc_sync Enter - MemInfo: [/proc/self/status]	VmPeak:	  498008 kB
20220312 061606.705 INFO             PET0 PIOc_sync Enter - MemInfo: [/proc/self/status]	VmSize:	  498008 kB
20220312 061606.705 INFO             PET0 PIOc_sync Enter - MemInfo: [/proc/self/status]	VmLck:	       0 kB
20220312 061606.705 INFO             PET0 PIOc_sync Enter - MemInfo: [/proc/self/status]	VmPin:	       0 kB
20220312 061606.705 INFO             PET0 PIOc_sync Enter - MemInfo: [/proc/self/status]	VmHWM:	   64480 kB
20220312 061606.705 INFO             PET0 PIOc_sync Enter - MemInfo: [/proc/self/status]	VmRSS:	   36524 kB
20220312 061606.705 INFO             PET0 PIOc_sync Enter - MemInfo: [/proc/self/status]	VmData:	   32272 kB
20220312 061606.705 INFO             PET0 PIOc_sync Enter - MemInfo: [/proc/self/status]	VmStk:	     148 kB
20220312 061606.705 INFO             PET0 PIOc_sync Enter - MemInfo: [/proc/self/status]	VmExe:	     204 kB
20220312 061606.705 INFO             PET0 PIOc_sync Enter - MemInfo: [/proc/self/status]	VmLib:	   48628 kB
20220312 061606.705 INFO             PET0 PIOc_sync Enter - MemInfo: [/proc/self/status]	VmPTE:	     728 kB
20220312 061606.705 INFO             PET0 PIOc_sync Enter - MemInfo: [/proc/self/status]	VmPMD:	      16 kB
20220312 061606.705 INFO             PET0 PIOc_sync Enter - MemInfo: [/proc/self/status]	VmSwap:	       0 kB
20220312 061606.705 INFO             PET0 PIOc_sync Enter - MemInfo: [/proc/self/status]	VmRSSPercent: 0.0557559 %
20220312 061606.705 INFO             PET0 PIOc_sync Enter - MemInfo: [malloc] Non-mmapped space allocated:                 3424256 Byte
20220312 061606.705 INFO             PET0 PIOc_sync Enter - MemInfo: [malloc] Space allocated in mmapped regions:         18890752 Byte
20220312 061606.705 INFO             PET0 PIOc_sync Enter - MemInfo: [malloc] Maximum total allocated space:                     0 Byte
20220312 061606.705 INFO             PET0 PIOc_sync Enter - MemInfo: [malloc] Space in freed fastbin blocks:                   704 Byte
20220312 061606.705 INFO             PET0 PIOc_sync Enter - MemInfo: [malloc] Total allocated space:                       3059088 Byte
20220312 061606.705 INFO             PET0 PIOc_sync Enter - MemInfo: [malloc] Total free space:                             365168 Byte
20220312 061606.705 INFO             PET0 PIOc_sync Enter - MemInfo: [malloc] Top-most, releasable space:                   156720 Byte
20220312 061606.705 INFO             PET0 PIOc_sync Enter - MemInfo: [malloc] Total space in use, mmap + non-mmap:        21949840 Byte
20220312 061606.705 INFO             PET0 PIOc_sync Enter - MemInfo: [malloc] Total space held (mmap + non-mmap):         22315008 Byte
20220312 061606.705 INFO             PET0 PIOc_sync Enter - MemInfo: [malloc] Total space used (mmap + non-mmap):         21959168 Byte
20220312 061606.705 INFO             PET0 PIOc_sync Enter - MemInfo: Wall-clock time since execution start:              0.0151392 seconds
20220312 061606.705 INFO             PET0 PIOc_sync Exit - MemInfo: [/proc/meminfo - SSI]	MemTotal:       65507008 kB
20220312 061606.705 INFO             PET0 PIOc_sync Exit - MemInfo: [/proc/meminfo - SSI]	MemFree:        48912956 kB
20220312 061606.705 INFO             PET0 PIOc_sync Exit - MemInfo: [/proc/meminfo - SSI]	MemAvailable:   48675960 kB
20220312 061606.705 INFO             PET0 PIOc_sync Exit - MemInfo: [/proc/meminfo - SSI]	Committed_AS:   12943036 kB
20220312 061606.705 INFO             PET0 PIOc_sync Exit - MemInfo: [/proc/meminfo - SSI]	CommittedPercent: 19.7582 %
20220312 061606.705 INFO             PET0 PIOc_sync Exit - MemInfo: [/proc/self/status]	VmPeak:	  498008 kB
20220312 061606.705 INFO             PET0 PIOc_sync Exit - MemInfo: [/proc/self/status]	VmSize:	  498008 kB
20220312 061606.705 INFO             PET0 PIOc_sync Exit - MemInfo: [/proc/self/status]	VmLck:	       0 kB
20220312 061606.705 INFO             PET0 PIOc_sync Exit - MemInfo: [/proc/self/status]	VmPin:	       0 kB
20220312 061606.705 INFO             PET0 PIOc_sync Exit - MemInfo: [/proc/self/status]	VmHWM:	   64480 kB
20220312 061606.705 INFO             PET0 PIOc_sync Exit - MemInfo: [/proc/self/status]	VmRSS:	   36644 kB
20220312 061606.705 INFO             PET0 PIOc_sync Exit - MemInfo: [/proc/self/status]	VmData:	   32272 kB
20220312 061606.705 INFO             PET0 PIOc_sync Exit - MemInfo: [/proc/self/status]	VmStk:	     148 kB
20220312 061606.705 INFO             PET0 PIOc_sync Exit - MemInfo: [/proc/self/status]	VmExe:	     204 kB
20220312 061606.705 INFO             PET0 PIOc_sync Exit - MemInfo: [/proc/self/status]	VmLib:	   48628 kB
20220312 061606.705 INFO             PET0 PIOc_sync Exit - MemInfo: [/proc/self/status]	VmPTE:	     728 kB
20220312 061606.705 INFO             PET0 PIOc_sync Exit - MemInfo: [/proc/self/status]	VmPMD:	      16 kB
20220312 061606.705 INFO             PET0 PIOc_sync Exit - MemInfo: [/proc/self/status]	VmSwap:	       0 kB
20220312 061606.705 INFO             PET0 PIOc_sync Exit - MemInfo: [/proc/self/status]	VmRSSPercent: 0.0559391 %
20220312 061606.705 INFO             PET0 PIOc_sync Exit - MemInfo: [malloc] Non-mmapped space allocated:                 3424256 Byte
20220312 061606.705 INFO             PET0 PIOc_sync Exit - MemInfo: [malloc] Space allocated in mmapped regions:         18890752 Byte
20220312 061606.705 INFO             PET0 PIOc_sync Exit - MemInfo: [malloc] Maximum total allocated space:                     0 Byte
20220312 061606.705 INFO             PET0 PIOc_sync Exit - MemInfo: [malloc] Space in freed fastbin blocks:                  1088 Byte
20220312 061606.705 INFO             PET0 PIOc_sync Exit - MemInfo: [malloc] Total allocated space:                       3059200 Byte
20220312 061606.705 INFO             PET0 PIOc_sync Exit - MemInfo: [malloc] Total free space:                             365056 Byte
20220312 061606.705 INFO             PET0 PIOc_sync Exit - MemInfo: [malloc] Top-most, releasable space:                   154640 Byte
20220312 061606.705 INFO             PET0 PIOc_sync Exit - MemInfo: [malloc] Total space in use, mmap + non-mmap:        21949952 Byte
20220312 061606.706 INFO             PET0 PIOc_sync Exit - MemInfo: [malloc] Total space held (mmap + non-mmap):         22315008 Byte
20220312 061606.706 INFO             PET0 PIOc_sync Exit - MemInfo: [malloc] Total space used (mmap + non-mmap):         21959280 Byte
20220312 061606.706 INFO             PET0 PIOc_sync Exit - MemInfo: Wall-clock time since execution start:              0.0155838 seconds
20220312 061606.706 INFO             PET0 PIOc_freedecomp Enter - MemInfo: [/proc/meminfo - SSI]	MemTotal:       65507008 kB
20220312 061606.706 INFO             PET0 PIOc_freedecomp Enter - MemInfo: [/proc/meminfo - SSI]	MemFree:        48928076 kB
20220312 061606.706 INFO             PET0 PIOc_freedecomp Enter - MemInfo: [/proc/meminfo - SSI]	MemAvailable:   48691080 kB
20220312 061606.706 INFO             PET0 PIOc_freedecomp Enter - MemInfo: [/proc/meminfo - SSI]	Committed_AS:   12926648 kB
20220312 061606.706 INFO             PET0 PIOc_freedecomp Enter - MemInfo: [/proc/meminfo - SSI]	CommittedPercent: 19.7332 %
20220312 061606.706 INFO             PET0 PIOc_freedecomp Enter - MemInfo: [/proc/self/status]	VmPeak:	  498008 kB
20220312 061606.706 INFO             PET0 PIOc_freedecomp Enter - MemInfo: [/proc/self/status]	VmSize:	  481104 kB
20220312 061606.706 INFO             PET0 PIOc_freedecomp Enter - MemInfo: [/proc/self/status]	VmLck:	       0 kB
20220312 061606.706 INFO             PET0 PIOc_freedecomp Enter - MemInfo: [/proc/self/status]	VmPin:	       0 kB
20220312 061606.706 INFO             PET0 PIOc_freedecomp Enter - MemInfo: [/proc/self/status]	VmHWM:	   64480 kB
20220312 061606.706 INFO             PET0 PIOc_freedecomp Enter - MemInfo: [/proc/self/status]	VmRSS:	   20256 kB
20220312 061606.706 INFO             PET0 PIOc_freedecomp Enter - MemInfo: [/proc/self/status]	VmData:	   15368 kB
20220312 061606.706 INFO             PET0 PIOc_freedecomp Enter - MemInfo: [/proc/self/status]	VmStk:	     148 kB
20220312 061606.706 INFO             PET0 PIOc_freedecomp Enter - MemInfo: [/proc/self/status]	VmExe:	     204 kB
20220312 061606.706 INFO             PET0 PIOc_freedecomp Enter - MemInfo: [/proc/self/status]	VmLib:	   48628 kB
20220312 061606.706 INFO             PET0 PIOc_freedecomp Enter - MemInfo: [/proc/self/status]	VmPTE:	     696 kB
20220312 061606.706 INFO             PET0 PIOc_freedecomp Enter - MemInfo: [/proc/self/status]	VmPMD:	      16 kB
20220312 061606.706 INFO             PET0 PIOc_freedecomp Enter - MemInfo: [/proc/self/status]	VmSwap:	       0 kB
20220312 061606.706 INFO             PET0 PIOc_freedecomp Enter - MemInfo: [/proc/self/status]	VmRSSPercent: 0.0309219 %
20220312 061606.706 INFO             PET0 PIOc_freedecomp Enter - MemInfo: [malloc] Non-mmapped space allocated:                 3424256 Byte
20220312 061606.706 INFO             PET0 PIOc_freedecomp Enter - MemInfo: [malloc] Space allocated in mmapped regions:          1581056 Byte
20220312 061606.706 INFO             PET0 PIOc_freedecomp Enter - MemInfo: [malloc] Maximum total allocated space:                     0 Byte
20220312 061606.706 INFO             PET0 PIOc_freedecomp Enter - MemInfo: [malloc] Space in freed fastbin blocks:                  2064 Byte
20220312 061606.706 INFO             PET0 PIOc_freedecomp Enter - MemInfo: [malloc] Total allocated space:                       3046064 Byte
20220312 061606.706 INFO             PET0 PIOc_freedecomp Enter - MemInfo: [malloc] Total free space:                             378192 Byte
20220312 061606.706 INFO             PET0 PIOc_freedecomp Enter - MemInfo: [malloc] Top-most, releasable space:                   155520 Byte
20220312 061606.706 INFO             PET0 PIOc_freedecomp Enter - MemInfo: [malloc] Total space in use, mmap + non-mmap:         4627120 Byte
20220312 061606.707 INFO             PET0 PIOc_freedecomp Enter - MemInfo: [malloc] Total space held (mmap + non-mmap):          5005312 Byte
20220312 061606.707 INFO             PET0 PIOc_freedecomp Enter - MemInfo: [malloc] Total space used (mmap + non-mmap):          4636448 Byte
20220312 061606.707 INFO             PET0 PIOc_freedecomp Enter - MemInfo: Wall-clock time since execution start:              0.0165851 seconds
20220312 061606.707 INFO             PET0 PIOc_freedecomp Exit - MemInfo: [/proc/meminfo - SSI]	MemTotal:       65507008 kB
20220312 061606.707 INFO             PET0 PIOc_freedecomp Exit - MemInfo: [/proc/meminfo - SSI]	MemFree:        48928076 kB
20220312 061606.707 INFO             PET0 PIOc_freedecomp Exit - MemInfo: [/proc/meminfo - SSI]	MemAvailable:   48691080 kB
20220312 061606.707 INFO             PET0 PIOc_freedecomp Exit - MemInfo: [/proc/meminfo - SSI]	Committed_AS:   12926648 kB
20220312 061606.707 INFO             PET0 PIOc_freedecomp Exit - MemInfo: [/proc/meminfo - SSI]	CommittedPercent: 19.7332 %
20220312 061606.707 INFO             PET0 PIOc_freedecomp Exit - MemInfo: [/proc/self/status]	VmPeak:	  498008 kB
20220312 061606.707 INFO             PET0 PIOc_freedecomp Exit - MemInfo: [/proc/self/status]	VmSize:	  481104 kB
20220312 061606.707 INFO             PET0 PIOc_freedecomp Exit - MemInfo: [/proc/self/status]	VmLck:	       0 kB
20220312 061606.707 INFO             PET0 PIOc_freedecomp Exit - MemInfo: [/proc/self/status]	VmPin:	       0 kB
20220312 061606.707 INFO             PET0 PIOc_freedecomp Exit - MemInfo: [/proc/self/status]	VmHWM:	   64480 kB
20220312 061606.707 INFO             PET0 PIOc_freedecomp Exit - MemInfo: [/proc/self/status]	VmRSS:	   20260 kB
20220312 061606.707 INFO             PET0 PIOc_freedecomp Exit - MemInfo: [/proc/self/status]	VmData:	   15368 kB
20220312 061606.707 INFO             PET0 PIOc_freedecomp Exit - MemInfo: [/proc/self/status]	VmStk:	     148 kB
20220312 061606.707 INFO             PET0 PIOc_freedecomp Exit - MemInfo: [/proc/self/status]	VmExe:	     204 kB
20220312 061606.707 INFO             PET0 PIOc_freedecomp Exit - MemInfo: [/proc/self/status]	VmLib:	   48628 kB
20220312 061606.707 INFO             PET0 PIOc_freedecomp Exit - MemInfo: [/proc/self/status]	VmPTE:	     696 kB
20220312 061606.707 INFO             PET0 PIOc_freedecomp Exit - MemInfo: [/proc/self/status]	VmPMD:	      16 kB
20220312 061606.707 INFO             PET0 PIOc_freedecomp Exit - MemInfo: [/proc/self/status]	VmSwap:	       0 kB
20220312 061606.707 INFO             PET0 PIOc_freedecomp Exit - MemInfo: [/proc/self/status]	VmRSSPercent: 0.030928 %
20220312 061606.707 INFO             PET0 PIOc_freedecomp Exit - MemInfo: [malloc] Non-mmapped space allocated:                 3424256 Byte
20220312 061606.707 INFO             PET0 PIOc_freedecomp Exit - MemInfo: [malloc] Space allocated in mmapped regions:          1581056 Byte
20220312 061606.707 INFO             PET0 PIOc_freedecomp Exit - MemInfo: [malloc] Maximum total allocated space:                     0 Byte
20220312 061606.707 INFO             PET0 PIOc_freedecomp Exit - MemInfo: [malloc] Space in freed fastbin blocks:                  1808 Byte
20220312 061606.707 INFO             PET0 PIOc_freedecomp Exit - MemInfo: [malloc] Total allocated space:                       3041920 Byte
20220312 061606.707 INFO             PET0 PIOc_freedecomp Exit - MemInfo: [malloc] Total free space:                             382336 Byte
20220312 061606.707 INFO             PET0 PIOc_freedecomp Exit - MemInfo: [malloc] Top-most, releasable space:                   155520 Byte
20220312 061606.707 INFO             PET0 PIOc_freedecomp Exit - MemInfo: [malloc] Total space in use, mmap + non-mmap:         4622976 Byte
20220312 061606.707 INFO             PET0 PIOc_freedecomp Exit - MemInfo: [malloc] Total space held (mmap + non-mmap):          5005312 Byte
20220312 061606.707 INFO             PET0 PIOc_freedecomp Exit - MemInfo: [malloc] Total space used (mmap + non-mmap):          4632304 Byte
20220312 061606.707 INFO             PET0 PIOc_freedecomp Exit - MemInfo: Wall-clock time since execution start:              0.0169295 seconds
20220312 061606.711 INFO             PET0 PIOc_sync Enter - MemInfo: [/proc/meminfo - SSI]	MemTotal:       65507008 kB
20220312 061606.711 INFO             PET0 PIOc_sync Enter - MemInfo: [/proc/meminfo - SSI]	MemFree:        48921020 kB
20220312 061606.711 INFO             PET0 PIOc_sync Enter - MemInfo: [/proc/meminfo - SSI]	MemAvailable:   48684024 kB
20220312 061606.711 INFO             PET0 PIOc_sync Enter - MemInfo: [/proc/meminfo - SSI]	Committed_AS:   12942992 kB
20220312 061606.711 INFO             PET0 PIOc_sync Enter - MemInfo: [/proc/meminfo - SSI]	CommittedPercent: 19.7582 %
20220312 061606.711 INFO             PET0 PIOc_sync Enter - MemInfo: [/proc/self/status]	VmPeak:	  498008 kB
20220312 061606.711 INFO             PET0 PIOc_sync Enter - MemInfo: [/proc/self/status]	VmSize:	  497964 kB
20220312 061606.711 INFO             PET0 PIOc_sync Enter - MemInfo: [/proc/self/status]	VmLck:	       0 kB
20220312 061606.711 INFO             PET0 PIOc_sync Enter - MemInfo: [/proc/self/status]	VmPin:	       0 kB
20220312 061606.711 INFO             PET0 PIOc_sync Enter - MemInfo: [/proc/self/status]	VmHWM:	   64480 kB
20220312 061606.711 INFO             PET0 PIOc_sync Enter - MemInfo: [/proc/self/status]	VmRSS:	   28632 kB
20220312 061606.711 INFO             PET0 PIOc_sync Enter - MemInfo: [/proc/self/status]	VmData:	   32228 kB
20220312 061606.711 INFO             PET0 PIOc_sync Enter - MemInfo: [/proc/self/status]	VmStk:	     148 kB
20220312 061606.711 INFO             PET0 PIOc_sync Enter - MemInfo: [/proc/self/status]	VmExe:	     204 kB
20220312 061606.711 INFO             PET0 PIOc_sync Enter - MemInfo: [/proc/self/status]	VmLib:	   48628 kB
20220312 061606.711 INFO             PET0 PIOc_sync Enter - MemInfo: [/proc/self/status]	VmPTE:	     720 kB
20220312 061606.711 INFO             PET0 PIOc_sync Enter - MemInfo: [/proc/self/status]	VmPMD:	      16 kB
20220312 061606.711 INFO             PET0 PIOc_sync Enter - MemInfo: [/proc/self/status]	VmSwap:	       0 kB
20220312 061606.711 INFO             PET0 PIOc_sync Enter - MemInfo: [/proc/self/status]	VmRSSPercent: 0.0437083 %
20220312 061606.711 INFO             PET0 PIOc_sync Enter - MemInfo: [malloc] Non-mmapped space allocated:                20688896 Byte
20220312 061606.711 INFO             PET0 PIOc_sync Enter - MemInfo: [malloc] Space allocated in mmapped regions:          1581056 Byte
20220312 061606.711 INFO             PET0 PIOc_sync Enter - MemInfo: [malloc] Maximum total allocated space:                     0 Byte
20220312 061606.711 INFO             PET0 PIOc_sync Enter - MemInfo: [malloc] Space in freed fastbin blocks:                  2720 Byte
20220312 061606.711 INFO             PET0 PIOc_sync Enter - MemInfo: [malloc] Total allocated space:                      20360880 Byte
20220312 061606.711 INFO             PET0 PIOc_sync Enter - MemInfo: [malloc] Total free space:                             328016 Byte
20220312 061606.711 INFO             PET0 PIOc_sync Enter - MemInfo: [malloc] Top-most, releasable space:                   117664 Byte
20220312 061606.711 INFO             PET0 PIOc_sync Enter - MemInfo: [malloc] Total space in use, mmap + non-mmap:        21941936 Byte
20220312 061606.711 INFO             PET0 PIOc_sync Enter - MemInfo: [malloc] Total space held (mmap + non-mmap):         22269952 Byte
20220312 061606.711 INFO             PET0 PIOc_sync Enter - MemInfo: [malloc] Total space used (mmap + non-mmap):         21951264 Byte
20220312 061606.711 INFO             PET0 PIOc_sync Enter - MemInfo: Wall-clock time since execution start:              0.0214007 seconds
20220312 061606.711 INFO             PET0 PIOc_sync Exit - MemInfo: [/proc/meminfo - SSI]	MemTotal:       65507008 kB
20220312 061606.711 INFO             PET0 PIOc_sync Exit - MemInfo: [/proc/meminfo - SSI]	MemFree:        48921020 kB
20220312 061606.711 INFO             PET0 PIOc_sync Exit - MemInfo: [/proc/meminfo - SSI]	MemAvailable:   48684024 kB
20220312 061606.711 INFO             PET0 PIOc_sync Exit - MemInfo: [/proc/meminfo - SSI]	Committed_AS:   12942992 kB
20220312 061606.711 INFO             PET0 PIOc_sync Exit - MemInfo: [/proc/meminfo - SSI]	CommittedPercent: 19.7582 %
20220312 061606.711 INFO             PET0 PIOc_sync Exit - MemInfo: [/proc/self/status]	VmPeak:	  498008 kB
20220312 061606.712 INFO             PET0 PIOc_sync Exit - MemInfo: [/proc/self/status]	VmSize:	  497964 kB
20220312 061606.712 INFO             PET0 PIOc_sync Exit - MemInfo: [/proc/self/status]	VmLck:	       0 kB
20220312 061606.712 INFO             PET0 PIOc_sync Exit - MemInfo: [/proc/self/status]	VmPin:	       0 kB
20220312 061606.712 INFO             PET0 PIOc_sync Exit - MemInfo: [/proc/self/status]	VmHWM:	   64480 kB
20220312 061606.712 INFO             PET0 PIOc_sync Exit - MemInfo: [/proc/self/status]	VmRSS:	   28648 kB
20220312 061606.712 INFO             PET0 PIOc_sync Exit - MemInfo: [/proc/self/status]	VmData:	   32228 kB
20220312 061606.712 INFO             PET0 PIOc_sync Exit - MemInfo: [/proc/self/status]	VmStk:	     148 kB
20220312 061606.712 INFO             PET0 PIOc_sync Exit - MemInfo: [/proc/self/status]	VmExe:	     204 kB
20220312 061606.712 INFO             PET0 PIOc_sync Exit - MemInfo: [/proc/self/status]	VmLib:	   48628 kB
20220312 061606.712 INFO             PET0 PIOc_sync Exit - MemInfo: [/proc/self/status]	VmPTE:	     720 kB
20220312 061606.712 INFO             PET0 PIOc_sync Exit - MemInfo: [/proc/self/status]	VmPMD:	      16 kB
20220312 061606.712 INFO             PET0 PIOc_sync Exit - MemInfo: [/proc/self/status]	VmSwap:	       0 kB
20220312 061606.712 INFO             PET0 PIOc_sync Exit - MemInfo: [/proc/self/status]	VmRSSPercent: 0.0437327 %
20220312 061606.712 INFO             PET0 PIOc_sync Exit - MemInfo: [malloc] Non-mmapped space allocated:                20688896 Byte
20220312 061606.712 INFO             PET0 PIOc_sync Exit - MemInfo: [malloc] Space allocated in mmapped regions:          1581056 Byte
20220312 061606.712 INFO             PET0 PIOc_sync Exit - MemInfo: [malloc] Maximum total allocated space:                     0 Byte
20220312 061606.712 INFO             PET0 PIOc_sync Exit - MemInfo: [malloc] Space in freed fastbin blocks:                  1200 Byte
20220312 061606.712 INFO             PET0 PIOc_sync Exit - MemInfo: [malloc] Total allocated space:                      20361280 Byte
20220312 061606.712 INFO             PET0 PIOc_sync Exit - MemInfo: [malloc] Total free space:                             327616 Byte
20220312 061606.712 INFO             PET0 PIOc_sync Exit - MemInfo: [malloc] Top-most, releasable space:                   117552 Byte
20220312 061606.712 INFO             PET0 PIOc_sync Exit - MemInfo: [malloc] Total space in use, mmap + non-mmap:        21942336 Byte
20220312 061606.712 INFO             PET0 PIOc_sync Exit - MemInfo: [malloc] Total space held (mmap + non-mmap):         22269952 Byte
20220312 061606.712 INFO             PET0 PIOc_sync Exit - MemInfo: [malloc] Total space used (mmap + non-mmap):         21951664 Byte
20220312 061606.712 INFO             PET0 PIOc_sync Exit - MemInfo: Wall-clock time since execution start:              0.0217741 seconds
20220312 061606.712 INFO             PET0 PIOc_freedecomp Enter - MemInfo: [/proc/meminfo - SSI]	MemTotal:       65507008 kB
20220312 061606.712 INFO             PET0 PIOc_freedecomp Enter - MemInfo: [/proc/meminfo - SSI]	MemFree:        48921020 kB
20220312 061606.712 INFO             PET0 PIOc_freedecomp Enter - MemInfo: [/proc/meminfo - SSI]	MemAvailable:   48684024 kB
20220312 061606.712 INFO             PET0 PIOc_freedecomp Enter - MemInfo: [/proc/meminfo - SSI]	Committed_AS:   12942992 kB
20220312 061606.712 INFO             PET0 PIOc_freedecomp Enter - MemInfo: [/proc/meminfo - SSI]	CommittedPercent: 19.7582 %
20220312 061606.712 INFO             PET0 PIOc_freedecomp Enter - MemInfo: [/proc/self/status]	VmPeak:	  498008 kB
20220312 061606.712 INFO             PET0 PIOc_freedecomp Enter - MemInfo: [/proc/self/status]	VmSize:	  497964 kB
20220312 061606.712 INFO             PET0 PIOc_freedecomp Enter - MemInfo: [/proc/self/status]	VmLck:	       0 kB
20220312 061606.712 INFO             PET0 PIOc_freedecomp Enter - MemInfo: [/proc/self/status]	VmPin:	       0 kB
20220312 061606.712 INFO             PET0 PIOc_freedecomp Enter - MemInfo: [/proc/self/status]	VmHWM:	   64480 kB
20220312 061606.712 INFO             PET0 PIOc_freedecomp Enter - MemInfo: [/proc/self/status]	VmRSS:	   28648 kB
20220312 061606.712 INFO             PET0 PIOc_freedecomp Enter - MemInfo: [/proc/self/status]	VmData:	   32228 kB
20220312 061606.712 INFO             PET0 PIOc_freedecomp Enter - MemInfo: [/proc/self/status]	VmStk:	     148 kB
20220312 061606.712 INFO             PET0 PIOc_freedecomp Enter - MemInfo: [/proc/self/status]	VmExe:	     204 kB
20220312 061606.712 INFO             PET0 PIOc_freedecomp Enter - MemInfo: [/proc/self/status]	VmLib:	   48628 kB
20220312 061606.712 INFO             PET0 PIOc_freedecomp Enter - MemInfo: [/proc/self/status]	VmPTE:	     720 kB
20220312 061606.712 INFO             PET0 PIOc_freedecomp Enter - MemInfo: [/proc/self/status]	VmPMD:	      16 kB
20220312 061606.712 INFO             PET0 PIOc_freedecomp Enter - MemInfo: [/proc/self/status]	VmSwap:	       0 kB
20220312 061606.712 INFO             PET0 PIOc_freedecomp Enter - MemInfo: [/proc/self/status]	VmRSSPercent: 0.0437327 %
20220312 061606.712 INFO             PET0 PIOc_freedecomp Enter - MemInfo: [malloc] Non-mmapped space allocated:                20688896 Byte
20220312 061606.712 INFO             PET0 PIOc_freedecomp Enter - MemInfo: [malloc] Space allocated in mmapped regions:          1581056 Byte
20220312 061606.712 INFO             PET0 PIOc_freedecomp Enter - MemInfo: [malloc] Maximum total allocated space:                     0 Byte
20220312 061606.712 INFO             PET0 PIOc_freedecomp Enter - MemInfo: [malloc] Space in freed fastbin blocks:                   944 Byte
20220312 061606.712 INFO             PET0 PIOc_freedecomp Enter - MemInfo: [malloc] Total allocated space:                       3046128 Byte
20220312 061606.712 INFO             PET0 PIOc_freedecomp Enter - MemInfo: [malloc] Total free space:                           17642768 Byte
20220312 061606.712 INFO             PET0 PIOc_freedecomp Enter - MemInfo: [malloc] Top-most, releasable space:                   118432 Byte
20220312 061606.712 INFO             PET0 PIOc_freedecomp Enter - MemInfo: [malloc] Total space in use, mmap + non-mmap:         4627184 Byte
20220312 061606.712 INFO             PET0 PIOc_freedecomp Enter - MemInfo: [malloc] Total space held (mmap + non-mmap):         22269952 Byte
20220312 061606.712 INFO             PET0 PIOc_freedecomp Enter - MemInfo: [malloc] Total space used (mmap + non-mmap):          4636512 Byte
20220312 061606.712 INFO             PET0 PIOc_freedecomp Enter - MemInfo: Wall-clock time since execution start:              0.0221191 seconds
20220312 061606.712 INFO             PET0 PIOc_freedecomp Exit - MemInfo: [/proc/meminfo - SSI]	MemTotal:       65507008 kB
20220312 061606.712 INFO             PET0 PIOc_freedecomp Exit - MemInfo: [/proc/meminfo - SSI]	MemFree:        48921020 kB
20220312 061606.712 INFO             PET0 PIOc_freedecomp Exit - MemInfo: [/proc/meminfo - SSI]	MemAvailable:   48684024 kB
20220312 061606.712 INFO             PET0 PIOc_freedecomp Exit - MemInfo: [/proc/meminfo - SSI]	Committed_AS:   12942992 kB
20220312 061606.712 INFO             PET0 PIOc_freedecomp Exit - MemInfo: [/proc/meminfo - SSI]	CommittedPercent: 19.7582 %
20220312 061606.712 INFO             PET0 PIOc_freedecomp Exit - MemInfo: [/proc/self/status]	VmPeak:	  498008 kB
20220312 061606.712 INFO             PET0 PIOc_freedecomp Exit - MemInfo: [/proc/self/status]	VmSize:	  497964 kB
20220312 061606.712 INFO             PET0 PIOc_freedecomp Exit - MemInfo: [/proc/self/status]	VmLck:	       0 kB
20220312 061606.712 INFO             PET0 PIOc_freedecomp Exit - MemInfo: [/proc/self/status]	VmPin:	       0 kB
20220312 061606.712 INFO             PET0 PIOc_freedecomp Exit - MemInfo: [/proc/self/status]	VmHWM:	   64480 kB
20220312 061606.712 INFO             PET0 PIOc_freedecomp Exit - MemInfo: [/proc/self/status]	VmRSS:	   28648 kB
20220312 061606.712 INFO             PET0 PIOc_freedecomp Exit - MemInfo: [/proc/self/status]	VmData:	   32228 kB
20220312 061606.712 INFO             PET0 PIOc_freedecomp Exit - MemInfo: [/proc/self/status]	VmStk:	     148 kB
20220312 061606.712 INFO             PET0 PIOc_freedecomp Exit - MemInfo: [/proc/self/status]	VmExe:	     204 kB
20220312 061606.712 INFO             PET0 PIOc_freedecomp Exit - MemInfo: [/proc/self/status]	VmLib:	   48628 kB
20220312 061606.712 INFO             PET0 PIOc_freedecomp Exit - MemInfo: [/proc/self/status]	VmPTE:	     720 kB
20220312 061606.712 INFO             PET0 PIOc_freedecomp Exit - MemInfo: [/proc/self/status]	VmPMD:	      16 kB
20220312 061606.712 INFO             PET0 PIOc_freedecomp Exit - MemInfo: [/proc/self/status]	VmSwap:	       0 kB
20220312 061606.712 INFO             PET0 PIOc_freedecomp Exit - MemInfo: [/proc/self/status]	VmRSSPercent: 0.0437327 %
20220312 061606.712 INFO             PET0 PIOc_freedecomp Exit - MemInfo: [malloc] Non-mmapped space allocated:                20688896 Byte
20220312 061606.712 INFO             PET0 PIOc_freedecomp Exit - MemInfo: [malloc] Space allocated in mmapped regions:          1581056 Byte
20220312 061606.712 INFO             PET0 PIOc_freedecomp Exit - MemInfo: [malloc] Maximum total allocated space:                     0 Byte
20220312 061606.712 INFO             PET0 PIOc_freedecomp Exit - MemInfo: [malloc] Space in freed fastbin blocks:                   784 Byte
20220312 061606.712 INFO             PET0 PIOc_freedecomp Exit - MemInfo: [malloc] Total allocated space:                       3041952 Byte
20220312 061606.712 INFO             PET0 PIOc_freedecomp Exit - MemInfo: [malloc] Total free space:                           17646944 Byte
20220312 061606.712 INFO             PET0 PIOc_freedecomp Exit - MemInfo: [malloc] Top-most, releasable space:                 17433584 Byte
20220312 061606.712 INFO             PET0 PIOc_freedecomp Exit - MemInfo: [malloc] Total space in use, mmap + non-mmap:         4623008 Byte
20220312 061606.712 INFO             PET0 PIOc_freedecomp Exit - MemInfo: [malloc] Total space held (mmap + non-mmap):         22269952 Byte
20220312 061606.712 INFO             PET0 PIOc_freedecomp Exit - MemInfo: [malloc] Total space used (mmap + non-mmap):          4632336 Byte
20220312 061606.712 INFO             PET0 PIOc_freedecomp Exit - MemInfo: Wall-clock time since execution start:              0.0224481 seconds
20220312 061606.713 INFO             PET0 PIOc_sync Enter - MemInfo: [/proc/meminfo - SSI]	MemTotal:       65507008 kB
20220312 061606.713 INFO             PET0 PIOc_sync Enter - MemInfo: [/proc/meminfo - SSI]	MemFree:        48920516 kB
20220312 061606.713 INFO             PET0 PIOc_sync Enter - MemInfo: [/proc/meminfo - SSI]	MemAvailable:   48683520 kB
20220312 061606.713 INFO             PET0 PIOc_sync Enter - MemInfo: [/proc/meminfo - SSI]	Committed_AS:   12942992 kB
20220312 061606.713 INFO             PET0 PIOc_sync Enter - MemInfo: [/proc/meminfo - SSI]	CommittedPercent: 19.7582 %
20220312 061606.713 INFO             PET0 PIOc_sync Enter - MemInfo: [/proc/self/status]	VmPeak:	  506152 kB
20220312 061606.713 INFO             PET0 PIOc_sync Enter - MemInfo: [/proc/self/status]	VmSize:	  497964 kB
20220312 061606.713 INFO             PET0 PIOc_sync Enter - MemInfo: [/proc/self/status]	VmLck:	       0 kB
20220312 061606.713 INFO             PET0 PIOc_sync Enter - MemInfo: [/proc/self/status]	VmPin:	       0 kB
20220312 061606.713 INFO             PET0 PIOc_sync Enter - MemInfo: [/proc/self/status]	VmHWM:	   64480 kB
20220312 061606.713 INFO             PET0 PIOc_sync Enter - MemInfo: [/proc/self/status]	VmRSS:	   28988 kB
20220312 061606.713 INFO             PET0 PIOc_sync Enter - MemInfo: [/proc/self/status]	VmData:	   32228 kB
20220312 061606.713 INFO             PET0 PIOc_sync Enter - MemInfo: [/proc/self/status]	VmStk:	     148 kB
20220312 061606.713 INFO             PET0 PIOc_sync Enter - MemInfo: [/proc/self/status]	VmExe:	     204 kB
20220312 061606.713 INFO             PET0 PIOc_sync Enter - MemInfo: [/proc/self/status]	VmLib:	   48628 kB
20220312 061606.713 INFO             PET0 PIOc_sync Enter - MemInfo: [/proc/self/status]	VmPTE:	     720 kB
20220312 061606.713 INFO             PET0 PIOc_sync Enter - MemInfo: [/proc/self/status]	VmPMD:	      16 kB
20220312 061606.713 INFO             PET0 PIOc_sync Enter - MemInfo: [/proc/self/status]	VmSwap:	       0 kB
20220312 061606.713 INFO             PET0 PIOc_sync Enter - MemInfo: [/proc/self/status]	VmRSSPercent: 0.0442518 %
20220312 061606.713 INFO             PET0 PIOc_sync Enter - MemInfo: [malloc] Non-mmapped space allocated:                20688896 Byte
20220312 061606.713 INFO             PET0 PIOc_sync Enter - MemInfo: [malloc] Space allocated in mmapped regions:          1581056 Byte
20220312 061606.713 INFO             PET0 PIOc_sync Enter - MemInfo: [malloc] Maximum total allocated space:                     0 Byte
20220312 061606.713 INFO             PET0 PIOc_sync Enter - MemInfo: [malloc] Space in freed fastbin blocks:                  2864 Byte
20220312 061606.713 INFO             PET0 PIOc_sync Enter - MemInfo: [malloc] Total allocated space:                      20361296 Byte
20220312 061606.713 INFO             PET0 PIOc_sync Enter - MemInfo: [malloc] Total free space:                             327600 Byte
20220312 061606.713 INFO             PET0 PIOc_sync Enter - MemInfo: [malloc] Top-most, releasable space:                   117056 Byte
20220312 061606.714 INFO             PET0 PIOc_sync Enter - MemInfo: [malloc] Total space in use, mmap + non-mmap:        21942352 Byte
20220312 061606.714 INFO             PET0 PIOc_sync Enter - MemInfo: [malloc] Total space held (mmap + non-mmap):         22269952 Byte
20220312 061606.714 INFO             PET0 PIOc_sync Enter - MemInfo: [malloc] Total space used (mmap + non-mmap):         21951680 Byte
20220312 061606.714 INFO             PET0 PIOc_sync Enter - MemInfo: Wall-clock time since execution start:              0.0236042 seconds
20220312 061606.714 INFO             PET0 PIOc_sync Exit - MemInfo: [/proc/meminfo - SSI]	MemTotal:       65507008 kB
20220312 061606.714 INFO             PET0 PIOc_sync Exit - MemInfo: [/proc/meminfo - SSI]	MemFree:        48920516 kB
20220312 061606.714 INFO             PET0 PIOc_sync Exit - MemInfo: [/proc/meminfo - SSI]	MemAvailable:   48683520 kB
20220312 061606.714 INFO             PET0 PIOc_sync Exit - MemInfo: [/proc/meminfo - SSI]	Committed_AS:   12942992 kB
20220312 061606.714 INFO             PET0 PIOc_sync Exit - MemInfo: [/proc/meminfo - SSI]	CommittedPercent: 19.7582 %
20220312 061606.714 INFO             PET0 PIOc_sync Exit - MemInfo: [/proc/self/status]	VmPeak:	  506152 kB
20220312 061606.714 INFO             PET0 PIOc_sync Exit - MemInfo: [/proc/self/status]	VmSize:	  497964 kB
20220312 061606.714 INFO             PET0 PIOc_sync Exit - MemInfo: [/proc/self/status]	VmLck:	       0 kB
20220312 061606.714 INFO             PET0 PIOc_sync Exit - MemInfo: [/proc/self/status]	VmPin:	       0 kB
20220312 061606.714 INFO             PET0 PIOc_sync Exit - MemInfo: [/proc/self/status]	VmHWM:	   64480 kB
20220312 061606.714 INFO             PET0 PIOc_sync Exit - MemInfo: [/proc/self/status]	VmRSS:	   28988 kB
20220312 061606.714 INFO             PET0 PIOc_sync Exit - MemInfo: [/proc/self/status]	VmData:	   32228 kB
20220312 061606.714 INFO             PET0 PIOc_sync Exit - MemInfo: [/proc/self/status]	VmStk:	     148 kB
20220312 061606.714 INFO             PET0 PIOc_sync Exit - MemInfo: [/proc/self/status]	VmExe:	     204 kB
20220312 061606.714 INFO             PET0 PIOc_sync Exit - MemInfo: [/proc/self/status]	VmLib:	   48628 kB
20220312 061606.714 INFO             PET0 PIOc_sync Exit - MemInfo: [/proc/self/status]	VmPTE:	     720 kB
20220312 061606.714 INFO             PET0 PIOc_sync Exit - MemInfo: [/proc/self/status]	VmPMD:	      16 kB
20220312 061606.714 INFO             PET0 PIOc_sync Exit - MemInfo: [/proc/self/status]	VmSwap:	       0 kB
20220312 061606.714 INFO             PET0 PIOc_sync Exit - MemInfo: [/proc/self/status]	VmRSSPercent: 0.0442518 %
20220312 061606.714 INFO             PET0 PIOc_sync Exit - MemInfo: [malloc] Non-mmapped space allocated:                20688896 Byte
20220312 061606.714 INFO             PET0 PIOc_sync Exit - MemInfo: [malloc] Space allocated in mmapped regions:          1581056 Byte
20220312 061606.714 INFO             PET0 PIOc_sync Exit - MemInfo: [malloc] Maximum total allocated space:                     0 Byte
20220312 061606.714 INFO             PET0 PIOc_sync Exit - MemInfo: [malloc] Space in freed fastbin blocks:                  1088 Byte
20220312 061606.714 INFO             PET0 PIOc_sync Exit - MemInfo: [malloc] Total allocated space:                      20361680 Byte
20220312 061606.714 INFO             PET0 PIOc_sync Exit - MemInfo: [malloc] Total free space:                             327216 Byte
20220312 061606.714 INFO             PET0 PIOc_sync Exit - MemInfo: [malloc] Top-most, releasable space:                   117248 Byte
20220312 061606.714 INFO             PET0 PIOc_sync Exit - MemInfo: [malloc] Total space in use, mmap + non-mmap:        21942736 Byte
20220312 061606.714 INFO             PET0 PIOc_sync Exit - MemInfo: [malloc] Total space held (mmap + non-mmap):         22269952 Byte
20220312 061606.714 INFO             PET0 PIOc_sync Exit - MemInfo: [malloc] Total space used (mmap + non-mmap):         21952064 Byte
20220312 061606.714 INFO             PET0 PIOc_sync Exit - MemInfo: Wall-clock time since execution start:              0.0239678 seconds
20220312 061606.714 INFO             PET0 PIOc_freedecomp Enter - MemInfo: [/proc/meminfo - SSI]	MemTotal:       65507008 kB
20220312 061606.714 INFO             PET0 PIOc_freedecomp Enter - MemInfo: [/proc/meminfo - SSI]	MemFree:        48920516 kB
20220312 061606.714 INFO             PET0 PIOc_freedecomp Enter - MemInfo: [/proc/meminfo - SSI]	MemAvailable:   48683520 kB
20220312 061606.714 INFO             PET0 PIOc_freedecomp Enter - MemInfo: [/proc/meminfo - SSI]	Committed_AS:   12942992 kB
20220312 061606.714 INFO             PET0 PIOc_freedecomp Enter - MemInfo: [/proc/meminfo - SSI]	CommittedPercent: 19.7582 %
20220312 061606.714 INFO             PET0 PIOc_freedecomp Enter - MemInfo: [/proc/self/status]	VmPeak:	  506152 kB
20220312 061606.714 INFO             PET0 PIOc_freedecomp Enter - MemInfo: [/proc/self/status]	VmSize:	  497964 kB
20220312 061606.714 INFO             PET0 PIOc_freedecomp Enter - MemInfo: [/proc/self/status]	VmLck:	       0 kB
20220312 061606.714 INFO             PET0 PIOc_freedecomp Enter - MemInfo: [/proc/self/status]	VmPin:	       0 kB
20220312 061606.714 INFO             PET0 PIOc_freedecomp Enter - MemInfo: [/proc/self/status]	VmHWM:	   64480 kB
20220312 061606.714 INFO             PET0 PIOc_freedecomp Enter - MemInfo: [/proc/self/status]	VmRSS:	   28988 kB
20220312 061606.714 INFO             PET0 PIOc_freedecomp Enter - MemInfo: [/proc/self/status]	VmData:	   32228 kB
20220312 061606.714 INFO             PET0 PIOc_freedecomp Enter - MemInfo: [/proc/self/status]	VmStk:	     148 kB
20220312 061606.714 INFO             PET0 PIOc_freedecomp Enter - MemInfo: [/proc/self/status]	VmExe:	     204 kB
20220312 061606.714 INFO             PET0 PIOc_freedecomp Enter - MemInfo: [/proc/self/status]	VmLib:	   48628 kB
20220312 061606.714 INFO             PET0 PIOc_freedecomp Enter - MemInfo: [/proc/self/status]	VmPTE:	     720 kB
20220312 061606.714 INFO             PET0 PIOc_freedecomp Enter - MemInfo: [/proc/self/status]	VmPMD:	      16 kB
20220312 061606.714 INFO             PET0 PIOc_freedecomp Enter - MemInfo: [/proc/self/status]	VmSwap:	       0 kB
20220312 061606.714 INFO             PET0 PIOc_freedecomp Enter - MemInfo: [/proc/self/status]	VmRSSPercent: 0.0442518 %
20220312 061606.714 INFO             PET0 PIOc_freedecomp Enter - MemInfo: [malloc] Non-mmapped space allocated:                20688896 Byte
20220312 061606.714 INFO             PET0 PIOc_freedecomp Enter - MemInfo: [malloc] Space allocated in mmapped regions:          1581056 Byte
20220312 061606.714 INFO             PET0 PIOc_freedecomp Enter - MemInfo: [malloc] Maximum total allocated space:                     0 Byte
20220312 061606.714 INFO             PET0 PIOc_freedecomp Enter - MemInfo: [malloc] Space in freed fastbin blocks:                  1184 Byte
20220312 061606.714 INFO             PET0 PIOc_freedecomp Enter - MemInfo: [malloc] Total allocated space:                       3046112 Byte
20220312 061606.714 INFO             PET0 PIOc_freedecomp Enter - MemInfo: [malloc] Total free space:                           17642784 Byte
20220312 061606.714 INFO             PET0 PIOc_freedecomp Enter - MemInfo: [malloc] Top-most, releasable space:                   118656 Byte
20220312 061606.714 INFO             PET0 PIOc_freedecomp Enter - MemInfo: [malloc] Total space in use, mmap + non-mmap:         4627168 Byte
20220312 061606.714 INFO             PET0 PIOc_freedecomp Enter - MemInfo: [malloc] Total space held (mmap + non-mmap):         22269952 Byte
20220312 061606.714 INFO             PET0 PIOc_freedecomp Enter - MemInfo: [malloc] Total space used (mmap + non-mmap):          4636496 Byte
20220312 061606.714 INFO             PET0 PIOc_freedecomp Enter - MemInfo: Wall-clock time since execution start:              0.0243244 seconds
20220312 061606.714 INFO             PET0 PIOc_freedecomp Exit - MemInfo: [/proc/meminfo - SSI]	MemTotal:       65507008 kB
20220312 061606.714 INFO             PET0 PIOc_freedecomp Exit - MemInfo: [/proc/meminfo - SSI]	MemFree:        48920516 kB
20220312 061606.714 INFO             PET0 PIOc_freedecomp Exit - MemInfo: [/proc/meminfo - SSI]	MemAvailable:   48683520 kB
20220312 061606.714 INFO             PET0 PIOc_freedecomp Exit - MemInfo: [/proc/meminfo - SSI]	Committed_AS:   12942992 kB
20220312 061606.714 INFO             PET0 PIOc_freedecomp Exit - MemInfo: [/proc/meminfo - SSI]	CommittedPercent: 19.7582 %
20220312 061606.714 INFO             PET0 PIOc_freedecomp Exit - MemInfo: [/proc/self/status]	VmPeak:	  506152 kB
20220312 061606.714 INFO             PET0 PIOc_freedecomp Exit - MemInfo: [/proc/self/status]	VmSize:	  497964 kB
20220312 061606.714 INFO             PET0 PIOc_freedecomp Exit - MemInfo: [/proc/self/status]	VmLck:	       0 kB
20220312 061606.714 INFO             PET0 PIOc_freedecomp Exit - MemInfo: [/proc/self/status]	VmPin:	       0 kB
20220312 061606.714 INFO             PET0 PIOc_freedecomp Exit - MemInfo: [/proc/self/status]	VmHWM:	   64480 kB
20220312 061606.714 INFO             PET0 PIOc_freedecomp Exit - MemInfo: [/proc/self/status]	VmRSS:	   28988 kB
20220312 061606.714 INFO             PET0 PIOc_freedecomp Exit - MemInfo: [/proc/self/status]	VmData:	   32228 kB
20220312 061606.714 INFO             PET0 PIOc_freedecomp Exit - MemInfo: [/proc/self/status]	VmStk:	     148 kB
20220312 061606.714 INFO             PET0 PIOc_freedecomp Exit - MemInfo: [/proc/self/status]	VmExe:	     204 kB
20220312 061606.714 INFO             PET0 PIOc_freedecomp Exit - MemInfo: [/proc/self/status]	VmLib:	   48628 kB
20220312 061606.714 INFO             PET0 PIOc_freedecomp Exit - MemInfo: [/proc/self/status]	VmPTE:	     720 kB
20220312 061606.714 INFO             PET0 PIOc_freedecomp Exit - MemInfo: [/proc/self/status]	VmPMD:	      16 kB
20220312 061606.714 INFO             PET0 PIOc_freedecomp Exit - MemInfo: [/proc/self/status]	VmSwap:	       0 kB
20220312 061606.714 INFO             PET0 PIOc_freedecomp Exit - MemInfo: [/proc/self/status]	VmRSSPercent: 0.0442518 %
20220312 061606.715 INFO             PET0 PIOc_freedecomp Exit - MemInfo: [malloc] Non-mmapped space allocated:                20688896 Byte
20220312 061606.715 INFO             PET0 PIOc_freedecomp Exit - MemInfo: [malloc] Space allocated in mmapped regions:          1581056 Byte
20220312 061606.715 INFO             PET0 PIOc_freedecomp Exit - MemInfo: [malloc] Maximum total allocated space:                     0 Byte
20220312 061606.715 INFO             PET0 PIOc_freedecomp Exit - MemInfo: [malloc] Space in freed fastbin blocks:                   704 Byte
20220312 061606.715 INFO             PET0 PIOc_freedecomp Exit - MemInfo: [malloc] Total allocated space:                       3041952 Byte
20220312 061606.715 INFO             PET0 PIOc_freedecomp Exit - MemInfo: [malloc] Total free space:                           17646944 Byte
20220312 061606.715 INFO             PET0 PIOc_freedecomp Exit - MemInfo: [malloc] Top-most, releasable space:                 17433584 Byte
20220312 061606.715 INFO             PET0 PIOc_freedecomp Exit - MemInfo: [malloc] Total space in use, mmap + non-mmap:         4623008 Byte
20220312 061606.715 INFO             PET0 PIOc_freedecomp Exit - MemInfo: [malloc] Total space held (mmap + non-mmap):         22269952 Byte
20220312 061606.715 INFO             PET0 PIOc_freedecomp Exit - MemInfo: [malloc] Total space used (mmap + non-mmap):          4632352 Byte
20220312 061606.715 INFO             PET0 PIOc_freedecomp Exit - MemInfo: Wall-clock time since execution start:              0.0246522 seconds
20220312 061606.715 INFO             PET0 PASS Create an ESMC_RouteHandle via ESMC_FieldRegridStore(), ESMC_FieldRegridUTest.C, line 367
20220312 061606.715 INFO             PET0 PASS Execute ESMC_FieldRegrid(), ESMC_FieldRegridUTest.C, line 375
20220312 061606.719 INFO             PET0 PIOc_sync Enter - MemInfo: [/proc/meminfo - SSI]	MemTotal:       65507008 kB
20220312 061606.719 INFO             PET0 PIOc_sync Enter - MemInfo: [/proc/meminfo - SSI]	MemFree:        48912452 kB
20220312 061606.719 INFO             PET0 PIOc_sync Enter - MemInfo: [/proc/meminfo - SSI]	MemAvailable:   48675512 kB
20220312 061606.719 INFO             PET0 PIOc_sync Enter - MemInfo: [/proc/meminfo - SSI]	Committed_AS:   12942992 kB
20220312 061606.720 INFO             PET0 PIOc_sync Enter - MemInfo: [/proc/meminfo - SSI]	CommittedPercent: 19.7582 %
20220312 061606.720 INFO             PET0 PIOc_sync Enter - MemInfo: [/proc/self/status]	VmPeak:	  506152 kB
20220312 061606.720 INFO             PET0 PIOc_sync Enter - MemInfo: [/proc/self/status]	VmSize:	  497964 kB
20220312 061606.720 INFO             PET0 PIOc_sync Enter - MemInfo: [/proc/self/status]	VmLck:	       0 kB
20220312 061606.720 INFO             PET0 PIOc_sync Enter - MemInfo: [/proc/self/status]	VmPin:	       0 kB
20220312 061606.720 INFO             PET0 PIOc_sync Enter - MemInfo: [/proc/self/status]	VmHWM:	   64480 kB
20220312 061606.720 INFO             PET0 PIOc_sync Enter - MemInfo: [/proc/self/status]	VmRSS:	   37244 kB
20220312 061606.720 INFO             PET0 PIOc_sync Enter - MemInfo: [/proc/self/status]	VmData:	   32228 kB
20220312 061606.720 INFO             PET0 PIOc_sync Enter - MemInfo: [/proc/self/status]	VmStk:	     148 kB
20220312 061606.720 INFO             PET0 PIOc_sync Enter - MemInfo: [/proc/self/status]	VmExe:	     204 kB
20220312 061606.720 INFO             PET0 PIOc_sync Enter - MemInfo: [/proc/self/status]	VmLib:	   48628 kB
20220312 061606.720 INFO             PET0 PIOc_sync Enter - MemInfo: [/proc/self/status]	VmPTE:	     732 kB
20220312 061606.720 INFO             PET0 PIOc_sync Enter - MemInfo: [/proc/self/status]	VmPMD:	      16 kB
20220312 061606.720 INFO             PET0 PIOc_sync Enter - MemInfo: [/proc/self/status]	VmSwap:	       0 kB
20220312 061606.720 INFO             PET0 PIOc_sync Enter - MemInfo: [/proc/self/status]	VmRSSPercent: 0.056855 %
20220312 061606.720 INFO             PET0 PIOc_sync Enter - MemInfo: [malloc] Non-mmapped space allocated:                20688896 Byte
20220312 061606.720 INFO             PET0 PIOc_sync Enter - MemInfo: [malloc] Space allocated in mmapped regions:          1581056 Byte
20220312 061606.720 INFO             PET0 PIOc_sync Enter - MemInfo: [malloc] Maximum total allocated space:                     0 Byte
20220312 061606.720 INFO             PET0 PIOc_sync Enter - MemInfo: [malloc] Space in freed fastbin blocks:                   880 Byte
20220312 061606.720 INFO             PET0 PIOc_sync Enter - MemInfo: [malloc] Total allocated space:                      20366752 Byte
20220312 061606.720 INFO             PET0 PIOc_sync Enter - MemInfo: [malloc] Total free space:                             322144 Byte
20220312 061606.720 INFO             PET0 PIOc_sync Enter - MemInfo: [malloc] Top-most, releasable space:                   113680 Byte
20220312 061606.720 INFO             PET0 PIOc_sync Enter - MemInfo: [malloc] Total space in use, mmap + non-mmap:        21947808 Byte
20220312 061606.720 INFO             PET0 PIOc_sync Enter - MemInfo: [malloc] Total space held (mmap + non-mmap):         22269952 Byte
20220312 061606.720 INFO             PET0 PIOc_sync Enter - MemInfo: [malloc] Total space used (mmap + non-mmap):         21957136 Byte
20220312 061606.720 INFO             PET0 PIOc_sync Enter - MemInfo: Wall-clock time since execution start:              0.0298317 seconds
20220312 061606.720 INFO             PET0 PIOc_sync Exit - MemInfo: [/proc/meminfo - SSI]	MemTotal:       65507008 kB
20220312 061606.720 INFO             PET0 PIOc_sync Exit - MemInfo: [/proc/meminfo - SSI]	MemFree:        48912452 kB
20220312 061606.720 INFO             PET0 PIOc_sync Exit - MemInfo: [/proc/meminfo - SSI]	MemAvailable:   48675512 kB
20220312 061606.720 INFO             PET0 PIOc_sync Exit - MemInfo: [/proc/meminfo - SSI]	Committed_AS:   12942992 kB
20220312 061606.720 INFO             PET0 PIOc_sync Exit - MemInfo: [/proc/meminfo - SSI]	CommittedPercent: 19.7582 %
20220312 061606.720 INFO             PET0 PIOc_sync Exit - MemInfo: [/proc/self/status]	VmPeak:	  506152 kB
20220312 061606.720 INFO             PET0 PIOc_sync Exit - MemInfo: [/proc/self/status]	VmSize:	  497964 kB
20220312 061606.720 INFO             PET0 PIOc_sync Exit - MemInfo: [/proc/self/status]	VmLck:	       0 kB
20220312 061606.720 INFO             PET0 PIOc_sync Exit - MemInfo: [/proc/self/status]	VmPin:	       0 kB
20220312 061606.720 INFO             PET0 PIOc_sync Exit - MemInfo: [/proc/self/status]	VmHWM:	   64480 kB
20220312 061606.720 INFO             PET0 PIOc_sync Exit - MemInfo: [/proc/self/status]	VmRSS:	   37252 kB
20220312 061606.720 INFO             PET0 PIOc_sync Exit - MemInfo: [/proc/self/status]	VmData:	   32228 kB
20220312 061606.720 INFO             PET0 PIOc_sync Exit - MemInfo: [/proc/self/status]	VmStk:	     148 kB
20220312 061606.720 INFO             PET0 PIOc_sync Exit - MemInfo: [/proc/self/status]	VmExe:	     204 kB
20220312 061606.720 INFO             PET0 PIOc_sync Exit - MemInfo: [/proc/self/status]	VmLib:	   48628 kB
20220312 061606.720 INFO             PET0 PIOc_sync Exit - MemInfo: [/proc/self/status]	VmPTE:	     732 kB
20220312 061606.720 INFO             PET0 PIOc_sync Exit - MemInfo: [/proc/self/status]	VmPMD:	      16 kB
20220312 061606.720 INFO             PET0 PIOc_sync Exit - MemInfo: [/proc/self/status]	VmSwap:	       0 kB
20220312 061606.720 INFO             PET0 PIOc_sync Exit - MemInfo: [/proc/self/status]	VmRSSPercent: 0.0568672 %
20220312 061606.720 INFO             PET0 PIOc_sync Exit - MemInfo: [malloc] Non-mmapped space allocated:                20688896 Byte
20220312 061606.720 INFO             PET0 PIOc_sync Exit - MemInfo: [malloc] Space allocated in mmapped regions:          1581056 Byte
20220312 061606.720 INFO             PET0 PIOc_sync Exit - MemInfo: [malloc] Maximum total allocated space:                     0 Byte
20220312 061606.720 INFO             PET0 PIOc_sync Exit - MemInfo: [malloc] Space in freed fastbin blocks:                   704 Byte
20220312 061606.720 INFO             PET0 PIOc_sync Exit - MemInfo: [malloc] Total allocated space:                      20367360 Byte
20220312 061606.720 INFO             PET0 PIOc_sync Exit - MemInfo: [malloc] Total free space:                             321536 Byte
20220312 061606.720 INFO             PET0 PIOc_sync Exit - MemInfo: [malloc] Top-most, releasable space:                   113104 Byte
20220312 061606.720 INFO             PET0 PIOc_sync Exit - MemInfo: [malloc] Total space in use, mmap + non-mmap:        21948416 Byte
20220312 061606.720 INFO             PET0 PIOc_sync Exit - MemInfo: [malloc] Total space held (mmap + non-mmap):         22269952 Byte
20220312 061606.720 INFO             PET0 PIOc_sync Exit - MemInfo: [malloc] Total space used (mmap + non-mmap):         21957744 Byte
20220312 061606.720 INFO             PET0 PIOc_sync Exit - MemInfo: Wall-clock time since execution start:              0.0301973 seconds
20220312 061606.720 INFO             PET0 PIOc_freedecomp Enter - MemInfo: [/proc/meminfo - SSI]	MemTotal:       65507008 kB
20220312 061606.720 INFO             PET0 PIOc_freedecomp Enter - MemInfo: [/proc/meminfo - SSI]	MemFree:        48912452 kB
20220312 061606.720 INFO             PET0 PIOc_freedecomp Enter - MemInfo: [/proc/meminfo - SSI]	MemAvailable:   48675512 kB
20220312 061606.720 INFO             PET0 PIOc_freedecomp Enter - MemInfo: [/proc/meminfo - SSI]	Committed_AS:   12942992 kB
20220312 061606.720 INFO             PET0 PIOc_freedecomp Enter - MemInfo: [/proc/meminfo - SSI]	CommittedPercent: 19.7582 %
20220312 061606.720 INFO             PET0 PIOc_freedecomp Enter - MemInfo: [/proc/self/status]	VmPeak:	  506152 kB
20220312 061606.720 INFO             PET0 PIOc_freedecomp Enter - MemInfo: [/proc/self/status]	VmSize:	  497964 kB
20220312 061606.720 INFO             PET0 PIOc_freedecomp Enter - MemInfo: [/proc/self/status]	VmLck:	       0 kB
20220312 061606.720 INFO             PET0 PIOc_freedecomp Enter - MemInfo: [/proc/self/status]	VmPin:	       0 kB
20220312 061606.720 INFO             PET0 PIOc_freedecomp Enter - MemInfo: [/proc/self/status]	VmHWM:	   64480 kB
20220312 061606.720 INFO             PET0 PIOc_freedecomp Enter - MemInfo: [/proc/self/status]	VmRSS:	   37252 kB
20220312 061606.720 INFO             PET0 PIOc_freedecomp Enter - MemInfo: [/proc/self/status]	VmData:	   32228 kB
20220312 061606.720 INFO             PET0 PIOc_freedecomp Enter - MemInfo: [/proc/self/status]	VmStk:	     148 kB
20220312 061606.720 INFO             PET0 PIOc_freedecomp Enter - MemInfo: [/proc/self/status]	VmExe:	     204 kB
20220312 061606.720 INFO             PET0 PIOc_freedecomp Enter - MemInfo: [/proc/self/status]	VmLib:	   48628 kB
20220312 061606.720 INFO             PET0 PIOc_freedecomp Enter - MemInfo: [/proc/self/status]	VmPTE:	     732 kB
20220312 061606.720 INFO             PET0 PIOc_freedecomp Enter - MemInfo: [/proc/self/status]	VmPMD:	      16 kB
20220312 061606.720 INFO             PET0 PIOc_freedecomp Enter - MemInfo: [/proc/self/status]	VmSwap:	       0 kB
20220312 061606.720 INFO             PET0 PIOc_freedecomp Enter - MemInfo: [/proc/self/status]	VmRSSPercent: 0.0568672 %
20220312 061606.720 INFO             PET0 PIOc_freedecomp Enter - MemInfo: [malloc] Non-mmapped space allocated:                20688896 Byte
20220312 061606.720 INFO             PET0 PIOc_freedecomp Enter - MemInfo: [malloc] Space allocated in mmapped regions:          1581056 Byte
20220312 061606.720 INFO             PET0 PIOc_freedecomp Enter - MemInfo: [malloc] Maximum total allocated space:                     0 Byte
20220312 061606.720 INFO             PET0 PIOc_freedecomp Enter - MemInfo: [malloc] Space in freed fastbin blocks:                   928 Byte
20220312 061606.720 INFO             PET0 PIOc_freedecomp Enter - MemInfo: [malloc] Total allocated space:                       3052496 Byte
20220312 061606.720 INFO             PET0 PIOc_freedecomp Enter - MemInfo: [malloc] Total free space:                           17636400 Byte
20220312 061606.720 INFO             PET0 PIOc_freedecomp Enter - MemInfo: [malloc] Top-most, releasable space:                   113184 Byte
20220312 061606.720 INFO             PET0 PIOc_freedecomp Enter - MemInfo: [malloc] Total space in use, mmap + non-mmap:         4633552 Byte
20220312 061606.720 INFO             PET0 PIOc_freedecomp Enter - MemInfo: [malloc] Total space held (mmap + non-mmap):         22269952 Byte
20220312 061606.720 INFO             PET0 PIOc_freedecomp Enter - MemInfo: [malloc] Total space used (mmap + non-mmap):          4642880 Byte
20220312 061606.720 INFO             PET0 PIOc_freedecomp Enter - MemInfo: Wall-clock time since execution start:              0.0305408 seconds
20220312 061606.721 INFO             PET0 PIOc_freedecomp Exit - MemInfo: [/proc/meminfo - SSI]	MemTotal:       65507008 kB
20220312 061606.721 INFO             PET0 PIOc_freedecomp Exit - MemInfo: [/proc/meminfo - SSI]	MemFree:        48912452 kB
20220312 061606.721 INFO             PET0 PIOc_freedecomp Exit - MemInfo: [/proc/meminfo - SSI]	MemAvailable:   48675512 kB
20220312 061606.721 INFO             PET0 PIOc_freedecomp Exit - MemInfo: [/proc/meminfo - SSI]	Committed_AS:   12942992 kB
20220312 061606.721 INFO             PET0 PIOc_freedecomp Exit - MemInfo: [/proc/meminfo - SSI]	CommittedPercent: 19.7582 %
20220312 061606.721 INFO             PET0 PIOc_freedecomp Exit - MemInfo: [/proc/self/status]	VmPeak:	  506152 kB
20220312 061606.721 INFO             PET0 PIOc_freedecomp Exit - MemInfo: [/proc/self/status]	VmSize:	  497964 kB
20220312 061606.721 INFO             PET0 PIOc_freedecomp Exit - MemInfo: [/proc/self/status]	VmLck:	       0 kB
20220312 061606.721 INFO             PET0 PIOc_freedecomp Exit - MemInfo: [/proc/self/status]	VmPin:	       0 kB
20220312 061606.721 INFO             PET0 PIOc_freedecomp Exit - MemInfo: [/proc/self/status]	VmHWM:	   64480 kB
20220312 061606.721 INFO             PET0 PIOc_freedecomp Exit - MemInfo: [/proc/self/status]	VmRSS:	   37252 kB
20220312 061606.721 INFO             PET0 PIOc_freedecomp Exit - MemInfo: [/proc/self/status]	VmData:	   32228 kB
20220312 061606.721 INFO             PET0 PIOc_freedecomp Exit - MemInfo: [/proc/self/status]	VmStk:	     148 kB
20220312 061606.721 INFO             PET0 PIOc_freedecomp Exit - MemInfo: [/proc/self/status]	VmExe:	     204 kB
20220312 061606.721 INFO             PET0 PIOc_freedecomp Exit - MemInfo: [/proc/self/status]	VmLib:	   48628 kB
20220312 061606.721 INFO             PET0 PIOc_freedecomp Exit - MemInfo: [/proc/self/status]	VmPTE:	     732 kB
20220312 061606.721 INFO             PET0 PIOc_freedecomp Exit - MemInfo: [/proc/self/status]	VmPMD:	      16 kB
20220312 061606.721 INFO             PET0 PIOc_freedecomp Exit - MemInfo: [/proc/self/status]	VmSwap:	       0 kB
20220312 061606.721 INFO             PET0 PIOc_freedecomp Exit - MemInfo: [/proc/self/status]	VmRSSPercent: 0.0568672 %
20220312 061606.721 INFO             PET0 PIOc_freedecomp Exit - MemInfo: [malloc] Non-mmapped space allocated:                20688896 Byte
20220312 061606.721 INFO             PET0 PIOc_freedecomp Exit - MemInfo: [malloc] Space allocated in mmapped regions:          1581056 Byte
20220312 061606.721 INFO             PET0 PIOc_freedecomp Exit - MemInfo: [malloc] Maximum total allocated space:                     0 Byte
20220312 061606.721 INFO             PET0 PIOc_freedecomp Exit - MemInfo: [malloc] Space in freed fastbin blocks:                  2032 Byte
20220312 061606.721 INFO             PET0 PIOc_freedecomp Exit - MemInfo: [malloc] Total allocated space:                       3049840 Byte
20220312 061606.721 INFO             PET0 PIOc_freedecomp Exit - MemInfo: [malloc] Total free space:                           17639056 Byte
20220312 061606.721 INFO             PET0 PIOc_freedecomp Exit - MemInfo: [malloc] Top-most, releasable space:                   113184 Byte
20220312 061606.721 INFO             PET0 PIOc_freedecomp Exit - MemInfo: [malloc] Total space in use, mmap + non-mmap:         4630896 Byte
20220312 061606.721 INFO             PET0 PIOc_freedecomp Exit - MemInfo: [malloc] Total space held (mmap + non-mmap):         22269952 Byte
20220312 061606.721 INFO             PET0 PIOc_freedecomp Exit - MemInfo: [malloc] Total space used (mmap + non-mmap):          4640224 Byte
20220312 061606.721 INFO             PET0 PIOc_freedecomp Exit - MemInfo: Wall-clock time since execution start:              0.0308658 seconds
20220312 061606.722 INFO             PET0 PIOc_sync Enter - MemInfo: [/proc/meminfo - SSI]	MemTotal:       65507008 kB
20220312 061606.722 INFO             PET0 PIOc_sync Enter - MemInfo: [/proc/meminfo - SSI]	MemFree:        48912452 kB
20220312 061606.722 INFO             PET0 PIOc_sync Enter - MemInfo: [/proc/meminfo - SSI]	MemAvailable:   48675512 kB
20220312 061606.722 INFO             PET0 PIOc_sync Enter - MemInfo: [/proc/meminfo - SSI]	Committed_AS:   12942992 kB
20220312 061606.722 INFO             PET0 PIOc_sync Enter - MemInfo: [/proc/meminfo - SSI]	CommittedPercent: 19.7582 %
20220312 061606.722 INFO             PET0 PIOc_sync Enter - MemInfo: [/proc/self/status]	VmPeak:	  506152 kB
20220312 061606.722 INFO             PET0 PIOc_sync Enter - MemInfo: [/proc/self/status]	VmSize:	  497964 kB
20220312 061606.722 INFO             PET0 PIOc_sync Enter - MemInfo: [/proc/self/status]	VmLck:	       0 kB
20220312 061606.722 INFO             PET0 PIOc_sync Enter - MemInfo: [/proc/self/status]	VmPin:	       0 kB
20220312 061606.722 INFO             PET0 PIOc_sync Enter - MemInfo: [/proc/self/status]	VmHWM:	   64480 kB
20220312 061606.722 INFO             PET0 PIOc_sync Enter - MemInfo: [/proc/self/status]	VmRSS:	   37256 kB
20220312 061606.722 INFO             PET0 PIOc_sync Enter - MemInfo: [/proc/self/status]	VmData:	   32228 kB
20220312 061606.722 INFO             PET0 PIOc_sync Enter - MemInfo: [/proc/self/status]	VmStk:	     148 kB
20220312 061606.722 INFO             PET0 PIOc_sync Enter - MemInfo: [/proc/self/status]	VmExe:	     204 kB
20220312 061606.722 INFO             PET0 PIOc_sync Enter - MemInfo: [/proc/self/status]	VmLib:	   48628 kB
20220312 061606.722 INFO             PET0 PIOc_sync Enter - MemInfo: [/proc/self/status]	VmPTE:	     732 kB
20220312 061606.722 INFO             PET0 PIOc_sync Enter - MemInfo: [/proc/self/status]	VmPMD:	      16 kB
20220312 061606.722 INFO             PET0 PIOc_sync Enter - MemInfo: [/proc/self/status]	VmSwap:	       0 kB
20220312 061606.722 INFO             PET0 PIOc_sync Enter - MemInfo: [/proc/self/status]	VmRSSPercent: 0.0568733 %
20220312 061606.722 INFO             PET0 PIOc_sync Enter - MemInfo: [malloc] Non-mmapped space allocated:                20688896 Byte
20220312 061606.722 INFO             PET0 PIOc_sync Enter - MemInfo: [malloc] Space allocated in mmapped regions:          1581056 Byte
20220312 061606.722 INFO             PET0 PIOc_sync Enter - MemInfo: [malloc] Maximum total allocated space:                     0 Byte
20220312 061606.722 INFO             PET0 PIOc_sync Enter - MemInfo: [malloc] Space in freed fastbin blocks:                  1488 Byte
20220312 061606.722 INFO             PET0 PIOc_sync Enter - MemInfo: [malloc] Total allocated space:                      20367488 Byte
20220312 061606.722 INFO             PET0 PIOc_sync Enter - MemInfo: [malloc] Total free space:                             321408 Byte
20220312 061606.722 INFO             PET0 PIOc_sync Enter - MemInfo: [malloc] Top-most, releasable space:                   112288 Byte
20220312 061606.722 INFO             PET0 PIOc_sync Enter - MemInfo: [malloc] Total space in use, mmap + non-mmap:        21948544 Byte
20220312 061606.722 INFO             PET0 PIOc_sync Enter - MemInfo: [malloc] Total space held (mmap + non-mmap):         22269952 Byte
20220312 061606.722 INFO             PET0 PIOc_sync Enter - MemInfo: [malloc] Total space used (mmap + non-mmap):         21957872 Byte
20220312 061606.722 INFO             PET0 PIOc_sync Enter - MemInfo: Wall-clock time since execution start:              0.0318895 seconds
20220312 061606.722 INFO             PET0 PIOc_sync Exit - MemInfo: [/proc/meminfo - SSI]	MemTotal:       65507008 kB
20220312 061606.722 INFO             PET0 PIOc_sync Exit - MemInfo: [/proc/meminfo - SSI]	MemFree:        48912452 kB
20220312 061606.722 INFO             PET0 PIOc_sync Exit - MemInfo: [/proc/meminfo - SSI]	MemAvailable:   48675512 kB
20220312 061606.722 INFO             PET0 PIOc_sync Exit - MemInfo: [/proc/meminfo - SSI]	Committed_AS:   12942992 kB
20220312 061606.722 INFO             PET0 PIOc_sync Exit - MemInfo: [/proc/meminfo - SSI]	CommittedPercent: 19.7582 %
20220312 061606.722 INFO             PET0 PIOc_sync Exit - MemInfo: [/proc/self/status]	VmPeak:	  506152 kB
20220312 061606.722 INFO             PET0 PIOc_sync Exit - MemInfo: [/proc/self/status]	VmSize:	  497964 kB
20220312 061606.722 INFO             PET0 PIOc_sync Exit - MemInfo: [/proc/self/status]	VmLck:	       0 kB
20220312 061606.722 INFO             PET0 PIOc_sync Exit - MemInfo: [/proc/self/status]	VmPin:	       0 kB
20220312 061606.722 INFO             PET0 PIOc_sync Exit - MemInfo: [/proc/self/status]	VmHWM:	   64480 kB
20220312 061606.722 INFO             PET0 PIOc_sync Exit - MemInfo: [/proc/self/status]	VmRSS:	   37256 kB
20220312 061606.722 INFO             PET0 PIOc_sync Exit - MemInfo: [/proc/self/status]	VmData:	   32228 kB
20220312 061606.722 INFO             PET0 PIOc_sync Exit - MemInfo: [/proc/self/status]	VmStk:	     148 kB
20220312 061606.722 INFO             PET0 PIOc_sync Exit - MemInfo: [/proc/self/status]	VmExe:	     204 kB
20220312 061606.722 INFO             PET0 PIOc_sync Exit - MemInfo: [/proc/self/status]	VmLib:	   48628 kB
20220312 061606.722 INFO             PET0 PIOc_sync Exit - MemInfo: [/proc/self/status]	VmPTE:	     732 kB
20220312 061606.722 INFO             PET0 PIOc_sync Exit - MemInfo: [/proc/self/status]	VmPMD:	      16 kB
20220312 061606.722 INFO             PET0 PIOc_sync Exit - MemInfo: [/proc/self/status]	VmSwap:	       0 kB
20220312 061606.722 INFO             PET0 PIOc_sync Exit - MemInfo: [/proc/self/status]	VmRSSPercent: 0.0568733 %
20220312 061606.722 INFO             PET0 PIOc_sync Exit - MemInfo: [malloc] Non-mmapped space allocated:                20688896 Byte
20220312 061606.722 INFO             PET0 PIOc_sync Exit - MemInfo: [malloc] Space allocated in mmapped regions:          1581056 Byte
20220312 061606.722 INFO             PET0 PIOc_sync Exit - MemInfo: [malloc] Maximum total allocated space:                     0 Byte
20220312 061606.722 INFO             PET0 PIOc_sync Exit - MemInfo: [malloc] Space in freed fastbin blocks:                   320 Byte
20220312 061606.722 INFO             PET0 PIOc_sync Exit - MemInfo: [malloc] Total allocated space:                      20368096 Byte
20220312 061606.722 INFO             PET0 PIOc_sync Exit - MemInfo: [malloc] Total free space:                             320800 Byte
20220312 061606.722 INFO             PET0 PIOc_sync Exit - MemInfo: [malloc] Top-most, releasable space:                   112176 Byte
20220312 061606.722 INFO             PET0 PIOc_sync Exit - MemInfo: [malloc] Total space in use, mmap + non-mmap:        21949152 Byte
20220312 061606.722 INFO             PET0 PIOc_sync Exit - MemInfo: [malloc] Total space held (mmap + non-mmap):         22269952 Byte
20220312 061606.722 INFO             PET0 PIOc_sync Exit - MemInfo: [malloc] Total space used (mmap + non-mmap):         21958480 Byte
20220312 061606.722 INFO             PET0 PIOc_sync Exit - MemInfo: Wall-clock time since execution start:              0.0322519 seconds
20220312 061606.722 INFO             PET0 PIOc_freedecomp Enter - MemInfo: [/proc/meminfo - SSI]	MemTotal:       65507008 kB
20220312 061606.722 INFO             PET0 PIOc_freedecomp Enter - MemInfo: [/proc/meminfo - SSI]	MemFree:        48912452 kB
20220312 061606.722 INFO             PET0 PIOc_freedecomp Enter - MemInfo: [/proc/meminfo - SSI]	MemAvailable:   48675512 kB
20220312 061606.722 INFO             PET0 PIOc_freedecomp Enter - MemInfo: [/proc/meminfo - SSI]	Committed_AS:   12942992 kB
20220312 061606.722 INFO             PET0 PIOc_freedecomp Enter - MemInfo: [/proc/meminfo - SSI]	CommittedPercent: 19.7582 %
20220312 061606.722 INFO             PET0 PIOc_freedecomp Enter - MemInfo: [/proc/self/status]	VmPeak:	  506152 kB
20220312 061606.722 INFO             PET0 PIOc_freedecomp Enter - MemInfo: [/proc/self/status]	VmSize:	  497964 kB
20220312 061606.722 INFO             PET0 PIOc_freedecomp Enter - MemInfo: [/proc/self/status]	VmLck:	       0 kB
20220312 061606.722 INFO             PET0 PIOc_freedecomp Enter - MemInfo: [/proc/self/status]	VmPin:	       0 kB
20220312 061606.722 INFO             PET0 PIOc_freedecomp Enter - MemInfo: [/proc/self/status]	VmHWM:	   64480 kB
20220312 061606.722 INFO             PET0 PIOc_freedecomp Enter - MemInfo: [/proc/self/status]	VmRSS:	   37256 kB
20220312 061606.722 INFO             PET0 PIOc_freedecomp Enter - MemInfo: [/proc/self/status]	VmData:	   32228 kB
20220312 061606.722 INFO             PET0 PIOc_freedecomp Enter - MemInfo: [/proc/self/status]	VmStk:	     148 kB
20220312 061606.722 INFO             PET0 PIOc_freedecomp Enter - MemInfo: [/proc/self/status]	VmExe:	     204 kB
20220312 061606.722 INFO             PET0 PIOc_freedecomp Enter - MemInfo: [/proc/self/status]	VmLib:	   48628 kB
20220312 061606.722 INFO             PET0 PIOc_freedecomp Enter - MemInfo: [/proc/self/status]	VmPTE:	     732 kB
20220312 061606.722 INFO             PET0 PIOc_freedecomp Enter - MemInfo: [/proc/self/status]	VmPMD:	      16 kB
20220312 061606.722 INFO             PET0 PIOc_freedecomp Enter - MemInfo: [/proc/self/status]	VmSwap:	       0 kB
20220312 061606.722 INFO             PET0 PIOc_freedecomp Enter - MemInfo: [/proc/self/status]	VmRSSPercent: 0.0568733 %
20220312 061606.722 INFO             PET0 PIOc_freedecomp Enter - MemInfo: [malloc] Non-mmapped space allocated:                20688896 Byte
20220312 061606.722 INFO             PET0 PIOc_freedecomp Enter - MemInfo: [malloc] Space allocated in mmapped regions:          1581056 Byte
20220312 061606.722 INFO             PET0 PIOc_freedecomp Enter - MemInfo: [malloc] Maximum total allocated space:                     0 Byte
20220312 061606.722 INFO             PET0 PIOc_freedecomp Enter - MemInfo: [malloc] Space in freed fastbin blocks:                  1024 Byte
20220312 061606.722 INFO             PET0 PIOc_freedecomp Enter - MemInfo: [malloc] Total allocated space:                       3052480 Byte
20220312 061606.722 INFO             PET0 PIOc_freedecomp Enter - MemInfo: [malloc] Total free space:                           17636416 Byte
20220312 061606.723 INFO             PET0 PIOc_freedecomp Enter - MemInfo: [malloc] Top-most, releasable space:                   112176 Byte
20220312 061606.723 INFO             PET0 PIOc_freedecomp Enter - MemInfo: [malloc] Total space in use, mmap + non-mmap:         4633536 Byte
20220312 061606.723 INFO             PET0 PIOc_freedecomp Enter - MemInfo: [malloc] Total space held (mmap + non-mmap):         22269952 Byte
20220312 061606.723 INFO             PET0 PIOc_freedecomp Enter - MemInfo: [malloc] Total space used (mmap + non-mmap):          4642864 Byte
20220312 061606.723 INFO             PET0 PIOc_freedecomp Enter - MemInfo: Wall-clock time since execution start:               0.032609 seconds
20220312 061606.723 INFO             PET0 PIOc_freedecomp Exit - MemInfo: [/proc/meminfo - SSI]	MemTotal:       65507008 kB
20220312 061606.723 INFO             PET0 PIOc_freedecomp Exit - MemInfo: [/proc/meminfo - SSI]	MemFree:        48912452 kB
20220312 061606.723 INFO             PET0 PIOc_freedecomp Exit - MemInfo: [/proc/meminfo - SSI]	MemAvailable:   48675512 kB
20220312 061606.723 INFO             PET0 PIOc_freedecomp Exit - MemInfo: [/proc/meminfo - SSI]	Committed_AS:   12942992 kB
20220312 061606.723 INFO             PET0 PIOc_freedecomp Exit - MemInfo: [/proc/meminfo - SSI]	CommittedPercent: 19.7582 %
20220312 061606.723 INFO             PET0 PIOc_freedecomp Exit - MemInfo: [/proc/self/status]	VmPeak:	  506152 kB
20220312 061606.723 INFO             PET0 PIOc_freedecomp Exit - MemInfo: [/proc/self/status]	VmSize:	  497964 kB
20220312 061606.723 INFO             PET0 PIOc_freedecomp Exit - MemInfo: [/proc/self/status]	VmLck:	       0 kB
20220312 061606.723 INFO             PET0 PIOc_freedecomp Exit - MemInfo: [/proc/self/status]	VmPin:	       0 kB
20220312 061606.723 INFO             PET0 PIOc_freedecomp Exit - MemInfo: [/proc/self/status]	VmHWM:	   64480 kB
20220312 061606.723 INFO             PET0 PIOc_freedecomp Exit - MemInfo: [/proc/self/status]	VmRSS:	   37256 kB
20220312 061606.723 INFO             PET0 PIOc_freedecomp Exit - MemInfo: [/proc/self/status]	VmData:	   32228 kB
20220312 061606.723 INFO             PET0 PIOc_freedecomp Exit - MemInfo: [/proc/self/status]	VmStk:	     148 kB
20220312 061606.723 INFO             PET0 PIOc_freedecomp Exit - MemInfo: [/proc/self/status]	VmExe:	     204 kB
20220312 061606.723 INFO             PET0 PIOc_freedecomp Exit - MemInfo: [/proc/self/status]	VmLib:	   48628 kB
20220312 061606.723 INFO             PET0 PIOc_freedecomp Exit - MemInfo: [/proc/self/status]	VmPTE:	     732 kB
20220312 061606.723 INFO             PET0 PIOc_freedecomp Exit - MemInfo: [/proc/self/status]	VmPMD:	      16 kB
20220312 061606.723 INFO             PET0 PIOc_freedecomp Exit - MemInfo: [/proc/self/status]	VmSwap:	       0 kB
20220312 061606.723 INFO             PET0 PIOc_freedecomp Exit - MemInfo: [/proc/self/status]	VmRSSPercent: 0.0568733 %
20220312 061606.723 INFO             PET0 PIOc_freedecomp Exit - MemInfo: [malloc] Non-mmapped space allocated:                20688896 Byte
20220312 061606.723 INFO             PET0 PIOc_freedecomp Exit - MemInfo: [malloc] Space allocated in mmapped regions:          1581056 Byte
20220312 061606.723 INFO             PET0 PIOc_freedecomp Exit - MemInfo: [malloc] Maximum total allocated space:                     0 Byte
20220312 061606.723 INFO             PET0 PIOc_freedecomp Exit - MemInfo: [malloc] Space in freed fastbin blocks:                  2032 Byte
20220312 061606.723 INFO             PET0 PIOc_freedecomp Exit - MemInfo: [malloc] Total allocated space:                       3049824 Byte
20220312 061606.723 INFO             PET0 PIOc_freedecomp Exit - MemInfo: [malloc] Total free space:                           17639072 Byte
20220312 061606.723 INFO             PET0 PIOc_freedecomp Exit - MemInfo: [malloc] Top-most, releasable space:                   112176 Byte
20220312 061606.723 INFO             PET0 PIOc_freedecomp Exit - MemInfo: [malloc] Total space in use, mmap + non-mmap:         4630880 Byte
20220312 061606.723 INFO             PET0 PIOc_freedecomp Exit - MemInfo: [malloc] Total space held (mmap + non-mmap):         22269952 Byte
20220312 061606.723 INFO             PET0 PIOc_freedecomp Exit - MemInfo: [malloc] Total space used (mmap + non-mmap):          4640208 Byte
20220312 061606.723 INFO             PET0 PIOc_freedecomp Exit - MemInfo: Wall-clock time since execution start:              0.0329339 seconds
20220312 061606.724 INFO             PET0 PIOc_sync Enter - MemInfo: [/proc/meminfo - SSI]	MemTotal:       65507008 kB
20220312 061606.724 INFO             PET0 PIOc_sync Enter - MemInfo: [/proc/meminfo - SSI]	MemFree:        48912452 kB
20220312 061606.724 INFO             PET0 PIOc_sync Enter - MemInfo: [/proc/meminfo - SSI]	MemAvailable:   48675512 kB
20220312 061606.724 INFO             PET0 PIOc_sync Enter - MemInfo: [/proc/meminfo - SSI]	Committed_AS:   12942992 kB
20220312 061606.724 INFO             PET0 PIOc_sync Enter - MemInfo: [/proc/meminfo - SSI]	CommittedPercent: 19.7582 %
20220312 061606.724 INFO             PET0 PIOc_sync Enter - MemInfo: [/proc/self/status]	VmPeak:	  506152 kB
20220312 061606.724 INFO             PET0 PIOc_sync Enter - MemInfo: [/proc/self/status]	VmSize:	  497964 kB
20220312 061606.724 INFO             PET0 PIOc_sync Enter - MemInfo: [/proc/self/status]	VmLck:	       0 kB
20220312 061606.724 INFO             PET0 PIOc_sync Enter - MemInfo: [/proc/self/status]	VmPin:	       0 kB
20220312 061606.724 INFO             PET0 PIOc_sync Enter - MemInfo: [/proc/self/status]	VmHWM:	   64480 kB
20220312 061606.724 INFO             PET0 PIOc_sync Enter - MemInfo: [/proc/self/status]	VmRSS:	   37256 kB
20220312 061606.724 INFO             PET0 PIOc_sync Enter - MemInfo: [/proc/self/status]	VmData:	   32228 kB
20220312 061606.724 INFO             PET0 PIOc_sync Enter - MemInfo: [/proc/self/status]	VmStk:	     148 kB
20220312 061606.724 INFO             PET0 PIOc_sync Enter - MemInfo: [/proc/self/status]	VmExe:	     204 kB
20220312 061606.724 INFO             PET0 PIOc_sync Enter - MemInfo: [/proc/self/status]	VmLib:	   48628 kB
20220312 061606.724 INFO             PET0 PIOc_sync Enter - MemInfo: [/proc/self/status]	VmPTE:	     732 kB
20220312 061606.724 INFO             PET0 PIOc_sync Enter - MemInfo: [/proc/self/status]	VmPMD:	      16 kB
20220312 061606.724 INFO             PET0 PIOc_sync Enter - MemInfo: [/proc/self/status]	VmSwap:	       0 kB
20220312 061606.724 INFO             PET0 PIOc_sync Enter - MemInfo: [/proc/self/status]	VmRSSPercent: 0.0568733 %
20220312 061606.724 INFO             PET0 PIOc_sync Enter - MemInfo: [malloc] Non-mmapped space allocated:                20688896 Byte
20220312 061606.724 INFO             PET0 PIOc_sync Enter - MemInfo: [malloc] Space allocated in mmapped regions:          1581056 Byte
20220312 061606.724 INFO             PET0 PIOc_sync Enter - MemInfo: [malloc] Maximum total allocated space:                     0 Byte
20220312 061606.724 INFO             PET0 PIOc_sync Enter - MemInfo: [malloc] Space in freed fastbin blocks:                  1888 Byte
20220312 061606.724 INFO             PET0 PIOc_sync Enter - MemInfo: [malloc] Total allocated space:                      20368256 Byte
20220312 061606.724 INFO             PET0 PIOc_sync Enter - MemInfo: [malloc] Total free space:                             320640 Byte
20220312 061606.724 INFO             PET0 PIOc_sync Enter - MemInfo: [malloc] Top-most, releasable space:                   111120 Byte
20220312 061606.724 INFO             PET0 PIOc_sync Enter - MemInfo: [malloc] Total space in use, mmap + non-mmap:        21949312 Byte
20220312 061606.724 INFO             PET0 PIOc_sync Enter - MemInfo: [malloc] Total space held (mmap + non-mmap):         22269952 Byte
20220312 061606.724 INFO             PET0 PIOc_sync Enter - MemInfo: [malloc] Total space used (mmap + non-mmap):         21958640 Byte
20220312 061606.724 INFO             PET0 PIOc_sync Enter - MemInfo: Wall-clock time since execution start:              0.0339527 seconds
20220312 061606.724 INFO             PET0 PIOc_sync Exit - MemInfo: [/proc/meminfo - SSI]	MemTotal:       65507008 kB
20220312 061606.724 INFO             PET0 PIOc_sync Exit - MemInfo: [/proc/meminfo - SSI]	MemFree:        48912452 kB
20220312 061606.724 INFO             PET0 PIOc_sync Exit - MemInfo: [/proc/meminfo - SSI]	MemAvailable:   48675512 kB
20220312 061606.724 INFO             PET0 PIOc_sync Exit - MemInfo: [/proc/meminfo - SSI]	Committed_AS:   12942992 kB
20220312 061606.724 INFO             PET0 PIOc_sync Exit - MemInfo: [/proc/meminfo - SSI]	CommittedPercent: 19.7582 %
20220312 061606.724 INFO             PET0 PIOc_sync Exit - MemInfo: [/proc/self/status]	VmPeak:	  506152 kB
20220312 061606.724 INFO             PET0 PIOc_sync Exit - MemInfo: [/proc/self/status]	VmSize:	  497964 kB
20220312 061606.724 INFO             PET0 PIOc_sync Exit - MemInfo: [/proc/self/status]	VmLck:	       0 kB
20220312 061606.724 INFO             PET0 PIOc_sync Exit - MemInfo: [/proc/self/status]	VmPin:	       0 kB
20220312 061606.724 INFO             PET0 PIOc_sync Exit - MemInfo: [/proc/self/status]	VmHWM:	   64480 kB
20220312 061606.724 INFO             PET0 PIOc_sync Exit - MemInfo: [/proc/self/status]	VmRSS:	   37264 kB
20220312 061606.724 INFO             PET0 PIOc_sync Exit - MemInfo: [/proc/self/status]	VmData:	   32228 kB
20220312 061606.724 INFO             PET0 PIOc_sync Exit - MemInfo: [/proc/self/status]	VmStk:	     148 kB
20220312 061606.724 INFO             PET0 PIOc_sync Exit - MemInfo: [/proc/self/status]	VmExe:	     204 kB
20220312 061606.724 INFO             PET0 PIOc_sync Exit - MemInfo: [/proc/self/status]	VmLib:	   48628 kB
20220312 061606.724 INFO             PET0 PIOc_sync Exit - MemInfo: [/proc/self/status]	VmPTE:	     732 kB
20220312 061606.724 INFO             PET0 PIOc_sync Exit - MemInfo: [/proc/self/status]	VmPMD:	      16 kB
20220312 061606.724 INFO             PET0 PIOc_sync Exit - MemInfo: [/proc/self/status]	VmSwap:	       0 kB
20220312 061606.724 INFO             PET0 PIOc_sync Exit - MemInfo: [/proc/self/status]	VmRSSPercent: 0.0568855 %
20220312 061606.724 INFO             PET0 PIOc_sync Exit - MemInfo: [malloc] Non-mmapped space allocated:                20688896 Byte
20220312 061606.724 INFO             PET0 PIOc_sync Exit - MemInfo: [malloc] Space allocated in mmapped regions:          1581056 Byte
20220312 061606.724 INFO             PET0 PIOc_sync Exit - MemInfo: [malloc] Maximum total allocated space:                     0 Byte
20220312 061606.724 INFO             PET0 PIOc_sync Exit - MemInfo: [malloc] Space in freed fastbin blocks:                   320 Byte
20220312 061606.724 INFO             PET0 PIOc_sync Exit - MemInfo: [malloc] Total allocated space:                      20368896 Byte
20220312 061606.724 INFO             PET0 PIOc_sync Exit - MemInfo: [malloc] Total free space:                             320000 Byte
20220312 061606.724 INFO             PET0 PIOc_sync Exit - MemInfo: [malloc] Top-most, releasable space:                   111504 Byte
20220312 061606.724 INFO             PET0 PIOc_sync Exit - MemInfo: [malloc] Total space in use, mmap + non-mmap:        21949952 Byte
20220312 061606.724 INFO             PET0 PIOc_sync Exit - MemInfo: [malloc] Total space held (mmap + non-mmap):         22269952 Byte
20220312 061606.724 INFO             PET0 PIOc_sync Exit - MemInfo: [malloc] Total space used (mmap + non-mmap):         21959280 Byte
20220312 061606.724 INFO             PET0 PIOc_sync Exit - MemInfo: Wall-clock time since execution start:              0.0343167 seconds
20220312 061606.724 INFO             PET0 PIOc_freedecomp Enter - MemInfo: [/proc/meminfo - SSI]	MemTotal:       65507008 kB
20220312 061606.724 INFO             PET0 PIOc_freedecomp Enter - MemInfo: [/proc/meminfo - SSI]	MemFree:        48912452 kB
20220312 061606.724 INFO             PET0 PIOc_freedecomp Enter - MemInfo: [/proc/meminfo - SSI]	MemAvailable:   48675512 kB
20220312 061606.724 INFO             PET0 PIOc_freedecomp Enter - MemInfo: [/proc/meminfo - SSI]	Committed_AS:   12942992 kB
20220312 061606.724 INFO             PET0 PIOc_freedecomp Enter - MemInfo: [/proc/meminfo - SSI]	CommittedPercent: 19.7582 %
20220312 061606.724 INFO             PET0 PIOc_freedecomp Enter - MemInfo: [/proc/self/status]	VmPeak:	  506152 kB
20220312 061606.724 INFO             PET0 PIOc_freedecomp Enter - MemInfo: [/proc/self/status]	VmSize:	  497964 kB
20220312 061606.724 INFO             PET0 PIOc_freedecomp Enter - MemInfo: [/proc/self/status]	VmLck:	       0 kB
20220312 061606.724 INFO             PET0 PIOc_freedecomp Enter - MemInfo: [/proc/self/status]	VmPin:	       0 kB
20220312 061606.724 INFO             PET0 PIOc_freedecomp Enter - MemInfo: [/proc/self/status]	VmHWM:	   64480 kB
20220312 061606.724 INFO             PET0 PIOc_freedecomp Enter - MemInfo: [/proc/self/status]	VmRSS:	   37264 kB
20220312 061606.724 INFO             PET0 PIOc_freedecomp Enter - MemInfo: [/proc/self/status]	VmData:	   32228 kB
20220312 061606.724 INFO             PET0 PIOc_freedecomp Enter - MemInfo: [/proc/self/status]	VmStk:	     148 kB
20220312 061606.724 INFO             PET0 PIOc_freedecomp Enter - MemInfo: [/proc/self/status]	VmExe:	     204 kB
20220312 061606.724 INFO             PET0 PIOc_freedecomp Enter - MemInfo: [/proc/self/status]	VmLib:	   48628 kB
20220312 061606.724 INFO             PET0 PIOc_freedecomp Enter - MemInfo: [/proc/self/status]	VmPTE:	     732 kB
20220312 061606.724 INFO             PET0 PIOc_freedecomp Enter - MemInfo: [/proc/self/status]	VmPMD:	      16 kB
20220312 061606.724 INFO             PET0 PIOc_freedecomp Enter - MemInfo: [/proc/self/status]	VmSwap:	       0 kB
20220312 061606.724 INFO             PET0 PIOc_freedecomp Enter - MemInfo: [/proc/self/status]	VmRSSPercent: 0.0568855 %
20220312 061606.725 INFO             PET0 PIOc_freedecomp Enter - MemInfo: [malloc] Non-mmapped space allocated:                20688896 Byte
20220312 061606.725 INFO             PET0 PIOc_freedecomp Enter - MemInfo: [malloc] Space allocated in mmapped regions:          1581056 Byte
20220312 061606.725 INFO             PET0 PIOc_freedecomp Enter - MemInfo: [malloc] Maximum total allocated space:                     0 Byte
20220312 061606.725 INFO             PET0 PIOc_freedecomp Enter - MemInfo: [malloc] Space in freed fastbin blocks:                   928 Byte
20220312 061606.725 INFO             PET0 PIOc_freedecomp Enter - MemInfo: [malloc] Total allocated space:                       3052512 Byte
20220312 061606.725 INFO             PET0 PIOc_freedecomp Enter - MemInfo: [malloc] Total free space:                           17636384 Byte
20220312 061606.725 INFO             PET0 PIOc_freedecomp Enter - MemInfo: [malloc] Top-most, releasable space:                   111504 Byte
20220312 061606.725 INFO             PET0 PIOc_freedecomp Enter - MemInfo: [malloc] Total space in use, mmap + non-mmap:         4633568 Byte
20220312 061606.725 INFO             PET0 PIOc_freedecomp Enter - MemInfo: [malloc] Total space held (mmap + non-mmap):         22269952 Byte
20220312 061606.725 INFO             PET0 PIOc_freedecomp Enter - MemInfo: [malloc] Total space used (mmap + non-mmap):          4642896 Byte
20220312 061606.725 INFO             PET0 PIOc_freedecomp Enter - MemInfo: Wall-clock time since execution start:              0.0346604 seconds
20220312 061606.725 INFO             PET0 PIOc_freedecomp Exit - MemInfo: [/proc/meminfo - SSI]	MemTotal:       65507008 kB
20220312 061606.725 INFO             PET0 PIOc_freedecomp Exit - MemInfo: [/proc/meminfo - SSI]	MemFree:        48912452 kB
20220312 061606.725 INFO             PET0 PIOc_freedecomp Exit - MemInfo: [/proc/meminfo - SSI]	MemAvailable:   48675512 kB
20220312 061606.725 INFO             PET0 PIOc_freedecomp Exit - MemInfo: [/proc/meminfo - SSI]	Committed_AS:   12942992 kB
20220312 061606.725 INFO             PET0 PIOc_freedecomp Exit - MemInfo: [/proc/meminfo - SSI]	CommittedPercent: 19.7582 %
20220312 061606.725 INFO             PET0 PIOc_freedecomp Exit - MemInfo: [/proc/self/status]	VmPeak:	  506152 kB
20220312 061606.725 INFO             PET0 PIOc_freedecomp Exit - MemInfo: [/proc/self/status]	VmSize:	  497964 kB
20220312 061606.725 INFO             PET0 PIOc_freedecomp Exit - MemInfo: [/proc/self/status]	VmLck:	       0 kB
20220312 061606.725 INFO             PET0 PIOc_freedecomp Exit - MemInfo: [/proc/self/status]	VmPin:	       0 kB
20220312 061606.725 INFO             PET0 PIOc_freedecomp Exit - MemInfo: [/proc/self/status]	VmHWM:	   64480 kB
20220312 061606.725 INFO             PET0 PIOc_freedecomp Exit - MemInfo: [/proc/self/status]	VmRSS:	   37264 kB
20220312 061606.725 INFO             PET0 PIOc_freedecomp Exit - MemInfo: [/proc/self/status]	VmData:	   32228 kB
20220312 061606.725 INFO             PET0 PIOc_freedecomp Exit - MemInfo: [/proc/self/status]	VmStk:	     148 kB
20220312 061606.725 INFO             PET0 PIOc_freedecomp Exit - MemInfo: [/proc/self/status]	VmExe:	     204 kB
20220312 061606.725 INFO             PET0 PIOc_freedecomp Exit - MemInfo: [/proc/self/status]	VmLib:	   48628 kB
20220312 061606.725 INFO             PET0 PIOc_freedecomp Exit - MemInfo: [/proc/self/status]	VmPTE:	     732 kB
20220312 061606.725 INFO             PET0 PIOc_freedecomp Exit - MemInfo: [/proc/self/status]	VmPMD:	      16 kB
20220312 061606.725 INFO             PET0 PIOc_freedecomp Exit - MemInfo: [/proc/self/status]	VmSwap:	       0 kB
20220312 061606.725 INFO             PET0 PIOc_freedecomp Exit - MemInfo: [/proc/self/status]	VmRSSPercent: 0.0568855 %
20220312 061606.725 INFO             PET0 PIOc_freedecomp Exit - MemInfo: [malloc] Non-mmapped space allocated:                20688896 Byte
20220312 061606.725 INFO             PET0 PIOc_freedecomp Exit - MemInfo: [malloc] Space allocated in mmapped regions:          1581056 Byte
20220312 061606.725 INFO             PET0 PIOc_freedecomp Exit - MemInfo: [malloc] Maximum total allocated space:                     0 Byte
20220312 061606.725 INFO             PET0 PIOc_freedecomp Exit - MemInfo: [malloc] Space in freed fastbin blocks:                   704 Byte
20220312 061606.725 INFO             PET0 PIOc_freedecomp Exit - MemInfo: [malloc] Total allocated space:                       3049840 Byte
20220312 061606.725 INFO             PET0 PIOc_freedecomp Exit - MemInfo: [malloc] Total free space:                           17639056 Byte
20220312 061606.725 INFO             PET0 PIOc_freedecomp Exit - MemInfo: [malloc] Top-most, releasable space:                   116240 Byte
20220312 061606.725 INFO             PET0 PIOc_freedecomp Exit - MemInfo: [malloc] Total space in use, mmap + non-mmap:         4630896 Byte
20220312 061606.725 INFO             PET0 PIOc_freedecomp Exit - MemInfo: [malloc] Total space held (mmap + non-mmap):         22269952 Byte
20220312 061606.725 INFO             PET0 PIOc_freedecomp Exit - MemInfo: [malloc] Total space used (mmap + non-mmap):          4640240 Byte
20220312 061606.725 INFO             PET0 PIOc_freedecomp Exit - MemInfo: Wall-clock time since execution start:              0.0349872 seconds
20220312 061606.726 INFO             PET0 PIOc_sync Enter - MemInfo: [/proc/meminfo - SSI]	MemTotal:       65507008 kB
20220312 061606.726 INFO             PET0 PIOc_sync Enter - MemInfo: [/proc/meminfo - SSI]	MemFree:        48912452 kB
20220312 061606.726 INFO             PET0 PIOc_sync Enter - MemInfo: [/proc/meminfo - SSI]	MemAvailable:   48675512 kB
20220312 061606.726 INFO             PET0 PIOc_sync Enter - MemInfo: [/proc/meminfo - SSI]	Committed_AS:   12942992 kB
20220312 061606.726 INFO             PET0 PIOc_sync Enter - MemInfo: [/proc/meminfo - SSI]	CommittedPercent: 19.7582 %
20220312 061606.726 INFO             PET0 PIOc_sync Enter - MemInfo: [/proc/self/status]	VmPeak:	  506152 kB
20220312 061606.726 INFO             PET0 PIOc_sync Enter - MemInfo: [/proc/self/status]	VmSize:	  497964 kB
20220312 061606.726 INFO             PET0 PIOc_sync Enter - MemInfo: [/proc/self/status]	VmLck:	       0 kB
20220312 061606.726 INFO             PET0 PIOc_sync Enter - MemInfo: [/proc/self/status]	VmPin:	       0 kB
20220312 061606.726 INFO             PET0 PIOc_sync Enter - MemInfo: [/proc/self/status]	VmHWM:	   64480 kB
20220312 061606.726 INFO             PET0 PIOc_sync Enter - MemInfo: [/proc/self/status]	VmRSS:	   37264 kB
20220312 061606.726 INFO             PET0 PIOc_sync Enter - MemInfo: [/proc/self/status]	VmData:	   32228 kB
20220312 061606.726 INFO             PET0 PIOc_sync Enter - MemInfo: [/proc/self/status]	VmStk:	     148 kB
20220312 061606.726 INFO             PET0 PIOc_sync Enter - MemInfo: [/proc/self/status]	VmExe:	     204 kB
20220312 061606.726 INFO             PET0 PIOc_sync Enter - MemInfo: [/proc/self/status]	VmLib:	   48628 kB
20220312 061606.726 INFO             PET0 PIOc_sync Enter - MemInfo: [/proc/self/status]	VmPTE:	     732 kB
20220312 061606.726 INFO             PET0 PIOc_sync Enter - MemInfo: [/proc/self/status]	VmPMD:	      16 kB
20220312 061606.726 INFO             PET0 PIOc_sync Enter - MemInfo: [/proc/self/status]	VmSwap:	       0 kB
20220312 061606.726 INFO             PET0 PIOc_sync Enter - MemInfo: [/proc/self/status]	VmRSSPercent: 0.0568855 %
20220312 061606.726 INFO             PET0 PIOc_sync Enter - MemInfo: [malloc] Non-mmapped space allocated:                20688896 Byte
20220312 061606.726 INFO             PET0 PIOc_sync Enter - MemInfo: [malloc] Space allocated in mmapped regions:          1581056 Byte
20220312 061606.726 INFO             PET0 PIOc_sync Enter - MemInfo: [malloc] Maximum total allocated space:                     0 Byte
20220312 061606.726 INFO             PET0 PIOc_sync Enter - MemInfo: [malloc] Space in freed fastbin blocks:                  2288 Byte
20220312 061606.726 INFO             PET0 PIOc_sync Enter - MemInfo: [malloc] Total allocated space:                      20368960 Byte
20220312 061606.726 INFO             PET0 PIOc_sync Enter - MemInfo: [malloc] Total free space:                             319936 Byte
20220312 061606.726 INFO             PET0 PIOc_sync Enter - MemInfo: [malloc] Top-most, releasable space:                   109776 Byte
20220312 061606.726 INFO             PET0 PIOc_sync Enter - MemInfo: [malloc] Total space in use, mmap + non-mmap:        21950016 Byte
20220312 061606.726 INFO             PET0 PIOc_sync Enter - MemInfo: [malloc] Total space held (mmap + non-mmap):         22269952 Byte
20220312 061606.726 INFO             PET0 PIOc_sync Enter - MemInfo: [malloc] Total space used (mmap + non-mmap):         21959344 Byte
20220312 061606.726 INFO             PET0 PIOc_sync Enter - MemInfo: Wall-clock time since execution start:              0.0360145 seconds
20220312 061606.726 INFO             PET0 PIOc_sync Exit - MemInfo: [/proc/meminfo - SSI]	MemTotal:       65507008 kB
20220312 061606.726 INFO             PET0 PIOc_sync Exit - MemInfo: [/proc/meminfo - SSI]	MemFree:        48912452 kB
20220312 061606.726 INFO             PET0 PIOc_sync Exit - MemInfo: [/proc/meminfo - SSI]	MemAvailable:   48675512 kB
20220312 061606.726 INFO             PET0 PIOc_sync Exit - MemInfo: [/proc/meminfo - SSI]	Committed_AS:   12942992 kB
20220312 061606.726 INFO             PET0 PIOc_sync Exit - MemInfo: [/proc/meminfo - SSI]	CommittedPercent: 19.7582 %
20220312 061606.726 INFO             PET0 PIOc_sync Exit - MemInfo: [/proc/self/status]	VmPeak:	  506152 kB
20220312 061606.726 INFO             PET0 PIOc_sync Exit - MemInfo: [/proc/self/status]	VmSize:	  497964 kB
20220312 061606.726 INFO             PET0 PIOc_sync Exit - MemInfo: [/proc/self/status]	VmLck:	       0 kB
20220312 061606.726 INFO             PET0 PIOc_sync Exit - MemInfo: [/proc/self/status]	VmPin:	       0 kB
20220312 061606.726 INFO             PET0 PIOc_sync Exit - MemInfo: [/proc/self/status]	VmHWM:	   64480 kB
20220312 061606.726 INFO             PET0 PIOc_sync Exit - MemInfo: [/proc/self/status]	VmRSS:	   37264 kB
20220312 061606.726 INFO             PET0 PIOc_sync Exit - MemInfo: [/proc/self/status]	VmData:	   32228 kB
20220312 061606.726 INFO             PET0 PIOc_sync Exit - MemInfo: [/proc/self/status]	VmStk:	     148 kB
20220312 061606.726 INFO             PET0 PIOc_sync Exit - MemInfo: [/proc/self/status]	VmExe:	     204 kB
20220312 061606.726 INFO             PET0 PIOc_sync Exit - MemInfo: [/proc/self/status]	VmLib:	   48628 kB
20220312 061606.726 INFO             PET0 PIOc_sync Exit - MemInfo: [/proc/self/status]	VmPTE:	     732 kB
20220312 061606.726 INFO             PET0 PIOc_sync Exit - MemInfo: [/proc/self/status]	VmPMD:	      16 kB
20220312 061606.726 INFO             PET0 PIOc_sync Exit - MemInfo: [/proc/self/status]	VmSwap:	       0 kB
20220312 061606.726 INFO             PET0 PIOc_sync Exit - MemInfo: [/proc/self/status]	VmRSSPercent: 0.0568855 %
20220312 061606.726 INFO             PET0 PIOc_sync Exit - MemInfo: [malloc] Non-mmapped space allocated:                20688896 Byte
20220312 061606.726 INFO             PET0 PIOc_sync Exit - MemInfo: [malloc] Space allocated in mmapped regions:          1581056 Byte
20220312 061606.726 INFO             PET0 PIOc_sync Exit - MemInfo: [malloc] Maximum total allocated space:                     0 Byte
20220312 061606.726 INFO             PET0 PIOc_sync Exit - MemInfo: [malloc] Space in freed fastbin blocks:                  1248 Byte
20220312 061606.726 INFO             PET0 PIOc_sync Exit - MemInfo: [malloc] Total allocated space:                      20369568 Byte
20220312 061606.726 INFO             PET0 PIOc_sync Exit - MemInfo: [malloc] Total free space:                             319328 Byte
20220312 061606.726 INFO             PET0 PIOc_sync Exit - MemInfo: [malloc] Top-most, releasable space:                   109616 Byte
20220312 061606.726 INFO             PET0 PIOc_sync Exit - MemInfo: [malloc] Total space in use, mmap + non-mmap:        21950624 Byte
20220312 061606.726 INFO             PET0 PIOc_sync Exit - MemInfo: [malloc] Total space held (mmap + non-mmap):         22269952 Byte
20220312 061606.726 INFO             PET0 PIOc_sync Exit - MemInfo: [malloc] Total space used (mmap + non-mmap):         21959952 Byte
20220312 061606.726 INFO             PET0 PIOc_sync Exit - MemInfo: Wall-clock time since execution start:              0.0363906 seconds
20220312 061606.726 INFO             PET0 PIOc_freedecomp Enter - MemInfo: [/proc/meminfo - SSI]	MemTotal:       65507008 kB
20220312 061606.726 INFO             PET0 PIOc_freedecomp Enter - MemInfo: [/proc/meminfo - SSI]	MemFree:        48912452 kB
20220312 061606.726 INFO             PET0 PIOc_freedecomp Enter - MemInfo: [/proc/meminfo - SSI]	MemAvailable:   48675512 kB
20220312 061606.726 INFO             PET0 PIOc_freedecomp Enter - MemInfo: [/proc/meminfo - SSI]	Committed_AS:   12942992 kB
