build time -- 2022-03-14 06:01:47.684404
20220314 061559.043 INFO             PET0 !!!!!!!!!!!!!!!!!!!!!!!!!!!!!!!!!!!!!!!!!!!!!!!!!!!!!!
20220314 061559.043 INFO             PET0 !!! THE ESMF_LOG IS SET TO OUTPUT ALL LOG MESSAGES !!!
20220314 061559.043 INFO             PET0 !!!     THIS MAY CAUSE SLOWDOWN IN PERFORMANCE     !!!
20220314 061559.043 INFO             PET0 !!! FOR PRODUCTION RUNS, USE:                      !!!
20220314 061559.043 INFO             PET0 !!!                   ESMF_LOGKIND_Multi_On_Error  !!!
20220314 061559.043 INFO             PET0 !!!!!!!!!!!!!!!!!!!!!!!!!!!!!!!!!!!!!!!!!!!!!!!!!!!!!!
20220314 061559.043 INFO             PET0 Running with ESMF Version   : v8.3.0b09-96-g559b459836
20220314 061559.043 INFO             PET0 ESMF library build date/time: "Mar 14 2022" "05:59:48"
20220314 061559.043 INFO             PET0 ESMF library build location : /glade/scratch/rlong/esmf-testing/gfortran_9.1.0_openmpi_O_jedwards_pio_update2
20220314 061559.043 INFO             PET0 ESMF_COMM                   : openmpi
20220314 061559.043 INFO             PET0 ESMF_MOAB                   : enabled
20220314 061559.043 INFO             PET0 ESMF_LAPACK                 : enabled
20220314 061559.043 INFO             PET0 ESMF_NETCDF                 : enabled
20220314 061559.043 INFO             PET0 ESMF_PNETCDF                : disabled
20220314 061559.043 INFO             PET0 ESMF_PIO                    : enabled
20220314 061559.043 INFO             PET0 ESMF_YAMLCPP                : enabled
20220314 061559.043 INFO             PET0 Beginning Test, file ESMC_FieldSMMFromFileUTest.C, line 41
20220314 061559.043 INFO             PET0 Beginning Test, file ESMC_FieldSMMFromFileUTest.C, line 41NUMBER_OF_PROCESSORS 4
20220314 061559.060 INFO             PET0 PIOc_sync Enter - MemInfo: [/proc/meminfo - SSI]	MemTotal:       65507008 kB
20220314 061559.060 INFO             PET0 PIOc_sync Enter - MemInfo: [/proc/meminfo - SSI]	MemFree:        49889540 kB
20220314 061559.060 INFO             PET0 PIOc_sync Enter - MemInfo: [/proc/meminfo - SSI]	MemAvailable:   49653136 kB
20220314 061559.060 INFO             PET0 PIOc_sync Enter - MemInfo: [/proc/meminfo - SSI]	Committed_AS:   12985276 kB
20220314 061559.060 INFO             PET0 PIOc_sync Enter - MemInfo: [/proc/meminfo - SSI]	CommittedPercent: 19.8227 %
20220314 061559.060 INFO             PET0 PIOc_sync Enter - MemInfo: [/proc/self/status]	VmPeak:	  517112 kB
20220314 061559.060 INFO             PET0 PIOc_sync Enter - MemInfo: [/proc/self/status]	VmSize:	  517112 kB
20220314 061559.060 INFO             PET0 PIOc_sync Enter - MemInfo: [/proc/self/status]	VmLck:	       0 kB
20220314 061559.060 INFO             PET0 PIOc_sync Enter - MemInfo: [/proc/self/status]	VmPin:	       0 kB
20220314 061559.060 INFO             PET0 PIOc_sync Enter - MemInfo: [/proc/self/status]	VmHWM:	   64536 kB
20220314 061559.060 INFO             PET0 PIOc_sync Enter - MemInfo: [/proc/self/status]	VmRSS:	   37652 kB
20220314 061559.060 INFO             PET0 PIOc_sync Enter - MemInfo: [/proc/self/status]	VmData:	   32436 kB
20220314 061559.060 INFO             PET0 PIOc_sync Enter - MemInfo: [/proc/self/status]	VmStk:	     148 kB
20220314 061559.060 INFO             PET0 PIOc_sync Enter - MemInfo: [/proc/self/status]	VmExe:	     192 kB
20220314 061559.060 INFO             PET0 PIOc_sync Enter - MemInfo: [/proc/self/status]	VmLib:	   48668 kB
20220314 061559.060 INFO             PET0 PIOc_sync Enter - MemInfo: [/proc/self/status]	VmPTE:	     764 kB
20220314 061559.060 INFO             PET0 PIOc_sync Enter - MemInfo: [/proc/self/status]	VmPMD:	      12 kB
20220314 061559.060 INFO             PET0 PIOc_sync Enter - MemInfo: [/proc/self/status]	VmSwap:	       0 kB
20220314 061559.060 INFO             PET0 PIOc_sync Enter - MemInfo: [/proc/self/status]	VmRSSPercent: 0.0574778 %
20220314 061559.060 INFO             PET0 PIOc_sync Enter - MemInfo: [malloc] Non-mmapped space allocated:                 3584000 Byte
20220314 061559.060 INFO             PET0 PIOc_sync Enter - MemInfo: [malloc] Space allocated in mmapped regions:         18890752 Byte
20220314 061559.062 INFO             PET0 PIOc_sync Enter - MemInfo: [malloc] Maximum total allocated space:                     0 Byte
20220314 061559.062 INFO             PET0 PIOc_sync Enter - MemInfo: [malloc] Space in freed fastbin blocks:                  1344 Byte
20220314 061559.062 INFO             PET0 PIOc_sync Enter - MemInfo: [malloc] Total allocated space:                       3152736 Byte
20220314 061559.062 INFO             PET0 PIOc_sync Enter - MemInfo: [malloc] Total free space:                             431264 Byte
20220314 061559.062 INFO             PET0 PIOc_sync Enter - MemInfo: [malloc] Top-most, releasable space:                   231760 Byte
20220314 061559.062 INFO             PET0 PIOc_sync Enter - MemInfo: [malloc] Total space in use, mmap + non-mmap:        22043488 Byte
20220314 061559.062 INFO             PET0 PIOc_sync Enter - MemInfo: [malloc] Total space held (mmap + non-mmap):         22474752 Byte
20220314 061559.062 INFO             PET0 PIOc_sync Enter - MemInfo: [malloc] Total space used (mmap + non-mmap):         22052816 Byte
20220314 061559.062 INFO             PET0 PIOc_sync Enter - MemInfo: Wall-clock time since execution start:              0.0215417 seconds
20220314 061559.063 INFO             PET0 PIOc_sync Exit - MemInfo: [/proc/meminfo - SSI]	MemTotal:       65507008 kB
20220314 061559.063 INFO             PET0 PIOc_sync Exit - MemInfo: [/proc/meminfo - SSI]	MemFree:        49889540 kB
20220314 061559.063 INFO             PET0 PIOc_sync Exit - MemInfo: [/proc/meminfo - SSI]	MemAvailable:   49653136 kB
20220314 061559.063 INFO             PET0 PIOc_sync Exit - MemInfo: [/proc/meminfo - SSI]	Committed_AS:   12985276 kB
20220314 061559.063 INFO             PET0 PIOc_sync Exit - MemInfo: [/proc/meminfo - SSI]	CommittedPercent: 19.8227 %
20220314 061559.063 INFO             PET0 PIOc_sync Exit - MemInfo: [/proc/self/status]	VmPeak:	  517112 kB
20220314 061559.063 INFO             PET0 PIOc_sync Exit - MemInfo: [/proc/self/status]	VmSize:	  517112 kB
20220314 061559.063 INFO             PET0 PIOc_sync Exit - MemInfo: [/proc/self/status]	VmLck:	       0 kB
20220314 061559.063 INFO             PET0 PIOc_sync Exit - MemInfo: [/proc/self/status]	VmPin:	       0 kB
20220314 061559.063 INFO             PET0 PIOc_sync Exit - MemInfo: [/proc/self/status]	VmHWM:	   64536 kB
20220314 061559.063 INFO             PET0 PIOc_sync Exit - MemInfo: [/proc/self/status]	VmRSS:	   37764 kB
20220314 061559.063 INFO             PET0 PIOc_sync Exit - MemInfo: [/proc/self/status]	VmData:	   32436 kB
20220314 061559.063 INFO             PET0 PIOc_sync Exit - MemInfo: [/proc/self/status]	VmStk:	     148 kB
20220314 061559.063 INFO             PET0 PIOc_sync Exit - MemInfo: [/proc/self/status]	VmExe:	     192 kB
20220314 061559.063 INFO             PET0 PIOc_sync Exit - MemInfo: [/proc/self/status]	VmLib:	   48668 kB
20220314 061559.063 INFO             PET0 PIOc_sync Exit - MemInfo: [/proc/self/status]	VmPTE:	     764 kB
20220314 061559.063 INFO             PET0 PIOc_sync Exit - MemInfo: [/proc/self/status]	VmPMD:	      12 kB
20220314 061559.063 INFO             PET0 PIOc_sync Exit - MemInfo: [/proc/self/status]	VmSwap:	       0 kB
20220314 061559.063 INFO             PET0 PIOc_sync Exit - MemInfo: [/proc/self/status]	VmRSSPercent: 0.0576488 %
20220314 061559.063 INFO             PET0 PIOc_sync Exit - MemInfo: [malloc] Non-mmapped space allocated:                 3584000 Byte
20220314 061559.063 INFO             PET0 PIOc_sync Exit - MemInfo: [malloc] Space allocated in mmapped regions:         18890752 Byte
20220314 061559.063 INFO             PET0 PIOc_sync Exit - MemInfo: [malloc] Maximum total allocated space:                     0 Byte
20220314 061559.063 INFO             PET0 PIOc_sync Exit - MemInfo: [malloc] Space in freed fastbin blocks:                  2160 Byte
20220314 061559.063 INFO             PET0 PIOc_sync Exit - MemInfo: [malloc] Total allocated space:                       3155072 Byte
20220314 061559.063 INFO             PET0 PIOc_sync Exit - MemInfo: [malloc] Total free space:                             428928 Byte
20220314 061559.063 INFO             PET0 PIOc_sync Exit - MemInfo: [malloc] Top-most, releasable space:                   224128 Byte
20220314 061559.063 INFO             PET0 PIOc_sync Exit - MemInfo: [malloc] Total space in use, mmap + non-mmap:        22045824 Byte
20220314 061559.063 INFO             PET0 PIOc_sync Exit - MemInfo: [malloc] Total space held (mmap + non-mmap):         22474752 Byte
20220314 061559.063 INFO             PET0 PIOc_sync Exit - MemInfo: [malloc] Total space used (mmap + non-mmap):         22055152 Byte
20220314 061559.063 INFO             PET0 PIOc_sync Exit - MemInfo: Wall-clock time since execution start:               0.022454 seconds
20220314 061559.064 INFO             PET0 PIOc_freedecomp Enter - MemInfo: [/proc/meminfo - SSI]	MemTotal:       65507008 kB
20220314 061559.064 INFO             PET0 PIOc_freedecomp Enter - MemInfo: [/proc/meminfo - SSI]	MemFree:        49904660 kB
20220314 061559.064 INFO             PET0 PIOc_freedecomp Enter - MemInfo: [/proc/meminfo - SSI]	MemAvailable:   49668256 kB
20220314 061559.064 INFO             PET0 PIOc_freedecomp Enter - MemInfo: [/proc/meminfo - SSI]	Committed_AS:   12968888 kB
20220314 061559.064 INFO             PET0 PIOc_freedecomp Enter - MemInfo: [/proc/meminfo - SSI]	CommittedPercent: 19.7977 %
20220314 061559.064 INFO             PET0 PIOc_freedecomp Enter - MemInfo: [/proc/self/status]	VmPeak:	  517112 kB
20220314 061559.064 INFO             PET0 PIOc_freedecomp Enter - MemInfo: [/proc/self/status]	VmSize:	  500208 kB
20220314 061559.064 INFO             PET0 PIOc_freedecomp Enter - MemInfo: [/proc/self/status]	VmLck:	       0 kB
20220314 061559.064 INFO             PET0 PIOc_freedecomp Enter - MemInfo: [/proc/self/status]	VmPin:	       0 kB
20220314 061559.064 INFO             PET0 PIOc_freedecomp Enter - MemInfo: [/proc/self/status]	VmHWM:	   64536 kB
20220314 061559.064 INFO             PET0 PIOc_freedecomp Enter - MemInfo: [/proc/self/status]	VmRSS:	   21380 kB
20220314 061559.064 INFO             PET0 PIOc_freedecomp Enter - MemInfo: [/proc/self/status]	VmData:	   15532 kB
20220314 061559.064 INFO             PET0 PIOc_freedecomp Enter - MemInfo: [/proc/self/status]	VmStk:	     148 kB
20220314 061559.064 INFO             PET0 PIOc_freedecomp Enter - MemInfo: [/proc/self/status]	VmExe:	     192 kB
20220314 061559.064 INFO             PET0 PIOc_freedecomp Enter - MemInfo: [/proc/self/status]	VmLib:	   48668 kB
20220314 061559.064 INFO             PET0 PIOc_freedecomp Enter - MemInfo: [/proc/self/status]	VmPTE:	     732 kB
20220314 061559.064 INFO             PET0 PIOc_freedecomp Enter - MemInfo: [/proc/self/status]	VmPMD:	      12 kB
20220314 061559.064 INFO             PET0 PIOc_freedecomp Enter - MemInfo: [/proc/self/status]	VmSwap:	       0 kB
20220314 061559.064 INFO             PET0 PIOc_freedecomp Enter - MemInfo: [/proc/self/status]	VmRSSPercent: 0.0326377 %
20220314 061559.064 INFO             PET0 PIOc_freedecomp Enter - MemInfo: [malloc] Non-mmapped space allocated:                 3584000 Byte
20220314 061559.064 INFO             PET0 PIOc_freedecomp Enter - MemInfo: [malloc] Space allocated in mmapped regions:          1581056 Byte
20220314 061559.064 INFO             PET0 PIOc_freedecomp Enter - MemInfo: [malloc] Maximum total allocated space:                     0 Byte
20220314 061559.064 INFO             PET0 PIOc_freedecomp Enter - MemInfo: [malloc] Space in freed fastbin blocks:                  2720 Byte
20220314 061559.064 INFO             PET0 PIOc_freedecomp Enter - MemInfo: [malloc] Total allocated space:                       3141904 Byte
20220314 061559.064 INFO             PET0 PIOc_freedecomp Enter - MemInfo: [malloc] Total free space:                             442096 Byte
20220314 061559.064 INFO             PET0 PIOc_freedecomp Enter - MemInfo: [malloc] Top-most, releasable space:                   224624 Byte
20220314 061559.064 INFO             PET0 PIOc_freedecomp Enter - MemInfo: [malloc] Total space in use, mmap + non-mmap:         4722960 Byte
20220314 061559.064 INFO             PET0 PIOc_freedecomp Enter - MemInfo: [malloc] Total space held (mmap + non-mmap):          5165056 Byte
20220314 061559.064 INFO             PET0 PIOc_freedecomp Enter - MemInfo: [malloc] Total space used (mmap + non-mmap):          4732288 Byte
20220314 061559.065 INFO             PET0 PIOc_freedecomp Enter - MemInfo: Wall-clock time since execution start:              0.0236177 seconds
20220314 061559.065 INFO             PET0 PIOc_freedecomp Exit - MemInfo: [/proc/meminfo - SSI]	MemTotal:       65507008 kB
20220314 061559.065 INFO             PET0 PIOc_freedecomp Exit - MemInfo: [/proc/meminfo - SSI]	MemFree:        49904660 kB
20220314 061559.065 INFO             PET0 PIOc_freedecomp Exit - MemInfo: [/proc/meminfo - SSI]	MemAvailable:   49668256 kB
20220314 061559.065 INFO             PET0 PIOc_freedecomp Exit - MemInfo: [/proc/meminfo - SSI]	Committed_AS:   12968888 kB
20220314 061559.065 INFO             PET0 PIOc_freedecomp Exit - MemInfo: [/proc/meminfo - SSI]	CommittedPercent: 19.7977 %
20220314 061559.065 INFO             PET0 PIOc_freedecomp Exit - MemInfo: [/proc/self/status]	VmPeak:	  517112 kB
20220314 061559.065 INFO             PET0 PIOc_freedecomp Exit - MemInfo: [/proc/self/status]	VmSize:	  500208 kB
20220314 061559.065 INFO             PET0 PIOc_freedecomp Exit - MemInfo: [/proc/self/status]	VmLck:	       0 kB
20220314 061559.065 INFO             PET0 PIOc_freedecomp Exit - MemInfo: [/proc/self/status]	VmPin:	       0 kB
20220314 061559.065 INFO             PET0 PIOc_freedecomp Exit - MemInfo: [/proc/self/status]	VmHWM:	   64536 kB
20220314 061559.065 INFO             PET0 PIOc_freedecomp Exit - MemInfo: [/proc/self/status]	VmRSS:	   21380 kB
20220314 061559.065 INFO             PET0 PIOc_freedecomp Exit - MemInfo: [/proc/self/status]	VmData:	   15532 kB
20220314 061559.065 INFO             PET0 PIOc_freedecomp Exit - MemInfo: [/proc/self/status]	VmStk:	     148 kB
20220314 061559.065 INFO             PET0 PIOc_freedecomp Exit - MemInfo: [/proc/self/status]	VmExe:	     192 kB
20220314 061559.065 INFO             PET0 PIOc_freedecomp Exit - MemInfo: [/proc/self/status]	VmLib:	   48668 kB
20220314 061559.065 INFO             PET0 PIOc_freedecomp Exit - MemInfo: [/proc/self/status]	VmPTE:	     732 kB
20220314 061559.065 INFO             PET0 PIOc_freedecomp Exit - MemInfo: [/proc/self/status]	VmPMD:	      12 kB
20220314 061559.065 INFO             PET0 PIOc_freedecomp Exit - MemInfo: [/proc/self/status]	VmSwap:	       0 kB
20220314 061559.065 INFO             PET0 PIOc_freedecomp Exit - MemInfo: [/proc/self/status]	VmRSSPercent: 0.0326377 %
20220314 061559.065 INFO             PET0 PIOc_freedecomp Exit - MemInfo: [malloc] Non-mmapped space allocated:                 3584000 Byte
20220314 061559.065 INFO             PET0 PIOc_freedecomp Exit - MemInfo: [malloc] Space allocated in mmapped regions:          1581056 Byte
20220314 061559.065 INFO             PET0 PIOc_freedecomp Exit - MemInfo: [malloc] Maximum total allocated space:                     0 Byte
20220314 061559.065 INFO             PET0 PIOc_freedecomp Exit - MemInfo: [malloc] Space in freed fastbin blocks:                  3008 Byte
20220314 061559.065 INFO             PET0 PIOc_freedecomp Exit - MemInfo: [malloc] Total allocated space:                       3134160 Byte
20220314 061559.065 INFO             PET0 PIOc_freedecomp Exit - MemInfo: [malloc] Total free space:                             449840 Byte
20220314 061559.065 INFO             PET0 PIOc_freedecomp Exit - MemInfo: [malloc] Top-most, releasable space:                   224624 Byte
20220314 061559.065 INFO             PET0 PIOc_freedecomp Exit - MemInfo: [malloc] Total space in use, mmap + non-mmap:         4715216 Byte
20220314 061559.065 INFO             PET0 PIOc_freedecomp Exit - MemInfo: [malloc] Total space held (mmap + non-mmap):          5165056 Byte
20220314 061559.065 INFO             PET0 PIOc_freedecomp Exit - MemInfo: [malloc] Total space used (mmap + non-mmap):          4724544 Byte
20220314 061559.065 INFO             PET0 PIOc_freedecomp Exit - MemInfo: Wall-clock time since execution start:              0.0239618 seconds
20220314 061559.069 INFO             PET0 PIOc_sync Enter - MemInfo: [/proc/meminfo - SSI]	MemTotal:       65507008 kB
20220314 061559.069 INFO             PET0 PIOc_sync Enter - MemInfo: [/proc/meminfo - SSI]	MemFree:        49897604 kB
20220314 061559.069 INFO             PET0 PIOc_sync Enter - MemInfo: [/proc/meminfo - SSI]	MemAvailable:   49661200 kB
20220314 061559.069 INFO             PET0 PIOc_sync Enter - MemInfo: [/proc/meminfo - SSI]	Committed_AS:   12985156 kB
20220314 061559.069 INFO             PET0 PIOc_sync Enter - MemInfo: [/proc/meminfo - SSI]	CommittedPercent: 19.8225 %
20220314 061559.069 INFO             PET0 PIOc_sync Enter - MemInfo: [/proc/self/status]	VmPeak:	  517112 kB
20220314 061559.069 INFO             PET0 PIOc_sync Enter - MemInfo: [/proc/self/status]	VmSize:	  516992 kB
20220314 061559.069 INFO             PET0 PIOc_sync Enter - MemInfo: [/proc/self/status]	VmLck:	       0 kB
20220314 061559.069 INFO             PET0 PIOc_sync Enter - MemInfo: [/proc/self/status]	VmPin:	       0 kB
20220314 061559.069 INFO             PET0 PIOc_sync Enter - MemInfo: [/proc/self/status]	VmHWM:	   64536 kB
20220314 061559.069 INFO             PET0 PIOc_sync Enter - MemInfo: [/proc/self/status]	VmRSS:	   29808 kB
20220314 061559.070 INFO             PET0 PIOc_sync Enter - MemInfo: [/proc/self/status]	VmData:	   32316 kB
20220314 061559.070 INFO             PET0 PIOc_sync Enter - MemInfo: [/proc/self/status]	VmStk:	     148 kB
20220314 061559.070 INFO             PET0 PIOc_sync Enter - MemInfo: [/proc/self/status]	VmExe:	     192 kB
20220314 061559.070 INFO             PET0 PIOc_sync Enter - MemInfo: [/proc/self/status]	VmLib:	   48668 kB
20220314 061559.070 INFO             PET0 PIOc_sync Enter - MemInfo: [/proc/self/status]	VmPTE:	     756 kB
20220314 061559.070 INFO             PET0 PIOc_sync Enter - MemInfo: [/proc/self/status]	VmPMD:	      12 kB
20220314 061559.070 INFO             PET0 PIOc_sync Enter - MemInfo: [/proc/self/status]	VmSwap:	       0 kB
20220314 061559.070 INFO             PET0 PIOc_sync Enter - MemInfo: [/proc/self/status]	VmRSSPercent: 0.0455035 %
20220314 061559.070 INFO             PET0 PIOc_sync Enter - MemInfo: [malloc] Non-mmapped space allocated:                20770816 Byte
20220314 061559.070 INFO             PET0 PIOc_sync Enter - MemInfo: [malloc] Space allocated in mmapped regions:          1581056 Byte
20220314 061559.070 INFO             PET0 PIOc_sync Enter - MemInfo: [malloc] Maximum total allocated space:                     0 Byte
20220314 061559.070 INFO             PET0 PIOc_sync Enter - MemInfo: [malloc] Space in freed fastbin blocks:                  1984 Byte
20220314 061559.070 INFO             PET0 PIOc_sync Enter - MemInfo: [malloc] Total allocated space:                      20454384 Byte
20220314 061559.070 INFO             PET0 PIOc_sync Enter - MemInfo: [malloc] Total free space:                             316432 Byte
20220314 061559.070 INFO             PET0 PIOc_sync Enter - MemInfo: [malloc] Top-most, releasable space:                   116416 Byte
20220314 061559.070 INFO             PET0 PIOc_sync Enter - MemInfo: [malloc] Total space in use, mmap + non-mmap:        22035440 Byte
20220314 061559.070 INFO             PET0 PIOc_sync Enter - MemInfo: [malloc] Total space held (mmap + non-mmap):         22351872 Byte
20220314 061559.070 INFO             PET0 PIOc_sync Enter - MemInfo: [malloc] Total space used (mmap + non-mmap):         22044768 Byte
20220314 061559.070 INFO             PET0 PIOc_sync Enter - MemInfo: Wall-clock time since execution start:              0.0288049 seconds
20220314 061559.070 INFO             PET0 PIOc_sync Exit - MemInfo: [/proc/meminfo - SSI]	MemTotal:       65507008 kB
20220314 061559.070 INFO             PET0 PIOc_sync Exit - MemInfo: [/proc/meminfo - SSI]	MemFree:        49897604 kB
20220314 061559.070 INFO             PET0 PIOc_sync Exit - MemInfo: [/proc/meminfo - SSI]	MemAvailable:   49661200 kB
20220314 061559.070 INFO             PET0 PIOc_sync Exit - MemInfo: [/proc/meminfo - SSI]	Committed_AS:   12985156 kB
20220314 061559.070 INFO             PET0 PIOc_sync Exit - MemInfo: [/proc/meminfo - SSI]	CommittedPercent: 19.8225 %
20220314 061559.070 INFO             PET0 PIOc_sync Exit - MemInfo: [/proc/self/status]	VmPeak:	  517112 kB
20220314 061559.070 INFO             PET0 PIOc_sync Exit - MemInfo: [/proc/self/status]	VmSize:	  516992 kB
20220314 061559.070 INFO             PET0 PIOc_sync Exit - MemInfo: [/proc/self/status]	VmLck:	       0 kB
20220314 061559.070 INFO             PET0 PIOc_sync Exit - MemInfo: [/proc/self/status]	VmPin:	       0 kB
20220314 061559.070 INFO             PET0 PIOc_sync Exit - MemInfo: [/proc/self/status]	VmHWM:	   64536 kB
20220314 061559.070 INFO             PET0 PIOc_sync Exit - MemInfo: [/proc/self/status]	VmRSS:	   29824 kB
20220314 061559.070 INFO             PET0 PIOc_sync Exit - MemInfo: [/proc/self/status]	VmData:	   32316 kB
20220314 061559.070 INFO             PET0 PIOc_sync Exit - MemInfo: [/proc/self/status]	VmStk:	     148 kB
20220314 061559.070 INFO             PET0 PIOc_sync Exit - MemInfo: [/proc/self/status]	VmExe:	     192 kB
20220314 061559.070 INFO             PET0 PIOc_sync Exit - MemInfo: [/proc/self/status]	VmLib:	   48668 kB
20220314 061559.070 INFO             PET0 PIOc_sync Exit - MemInfo: [/proc/self/status]	VmPTE:	     756 kB
20220314 061559.070 INFO             PET0 PIOc_sync Exit - MemInfo: [/proc/self/status]	VmPMD:	      12 kB
20220314 061559.070 INFO             PET0 PIOc_sync Exit - MemInfo: [/proc/self/status]	VmSwap:	       0 kB
20220314 061559.070 INFO             PET0 PIOc_sync Exit - MemInfo: [/proc/self/status]	VmRSSPercent: 0.045528 %
20220314 061559.070 INFO             PET0 PIOc_sync Exit - MemInfo: [malloc] Non-mmapped space allocated:                20770816 Byte
20220314 061559.070 INFO             PET0 PIOc_sync Exit - MemInfo: [malloc] Space allocated in mmapped regions:          1581056 Byte
20220314 061559.070 INFO             PET0 PIOc_sync Exit - MemInfo: [malloc] Maximum total allocated space:                     0 Byte
20220314 061559.070 INFO             PET0 PIOc_sync Exit - MemInfo: [malloc] Space in freed fastbin blocks:                  2160 Byte
20220314 061559.070 INFO             PET0 PIOc_sync Exit - MemInfo: [malloc] Total allocated space:                      20456976 Byte
20220314 061559.070 INFO             PET0 PIOc_sync Exit - MemInfo: [malloc] Total free space:                             313840 Byte
20220314 061559.070 INFO             PET0 PIOc_sync Exit - MemInfo: [malloc] Top-most, releasable space:                   110032 Byte
20220314 061559.070 INFO             PET0 PIOc_sync Exit - MemInfo: [malloc] Total space in use, mmap + non-mmap:        22038032 Byte
20220314 061559.070 INFO             PET0 PIOc_sync Exit - MemInfo: [malloc] Total space held (mmap + non-mmap):         22351872 Byte
20220314 061559.070 INFO             PET0 PIOc_sync Exit - MemInfo: [malloc] Total space used (mmap + non-mmap):         22047360 Byte
20220314 061559.070 INFO             PET0 PIOc_sync Exit - MemInfo: Wall-clock time since execution start:              0.0292352 seconds
20220314 061559.070 INFO             PET0 PIOc_freedecomp Enter - MemInfo: [/proc/meminfo - SSI]	MemTotal:       65507008 kB
20220314 061559.070 INFO             PET0 PIOc_freedecomp Enter - MemInfo: [/proc/meminfo - SSI]	MemFree:        49897604 kB
20220314 061559.070 INFO             PET0 PIOc_freedecomp Enter - MemInfo: [/proc/meminfo - SSI]	MemAvailable:   49661200 kB
20220314 061559.070 INFO             PET0 PIOc_freedecomp Enter - MemInfo: [/proc/meminfo - SSI]	Committed_AS:   12985156 kB
20220314 061559.070 INFO             PET0 PIOc_freedecomp Enter - MemInfo: [/proc/meminfo - SSI]	CommittedPercent: 19.8225 %
20220314 061559.070 INFO             PET0 PIOc_freedecomp Enter - MemInfo: [/proc/self/status]	VmPeak:	  517112 kB
20220314 061559.070 INFO             PET0 PIOc_freedecomp Enter - MemInfo: [/proc/self/status]	VmSize:	  516992 kB
20220314 061559.070 INFO             PET0 PIOc_freedecomp Enter - MemInfo: [/proc/self/status]	VmLck:	       0 kB
20220314 061559.070 INFO             PET0 PIOc_freedecomp Enter - MemInfo: [/proc/self/status]	VmPin:	       0 kB
20220314 061559.070 INFO             PET0 PIOc_freedecomp Enter - MemInfo: [/proc/self/status]	VmHWM:	   64536 kB
20220314 061559.070 INFO             PET0 PIOc_freedecomp Enter - MemInfo: [/proc/self/status]	VmRSS:	   29832 kB
20220314 061559.070 INFO             PET0 PIOc_freedecomp Enter - MemInfo: [/proc/self/status]	VmData:	   32316 kB
20220314 061559.070 INFO             PET0 PIOc_freedecomp Enter - MemInfo: [/proc/self/status]	VmStk:	     148 kB
20220314 061559.070 INFO             PET0 PIOc_freedecomp Enter - MemInfo: [/proc/self/status]	VmExe:	     192 kB
20220314 061559.070 INFO             PET0 PIOc_freedecomp Enter - MemInfo: [/proc/self/status]	VmLib:	   48668 kB
20220314 061559.070 INFO             PET0 PIOc_freedecomp Enter - MemInfo: [/proc/self/status]	VmPTE:	     756 kB
20220314 061559.070 INFO             PET0 PIOc_freedecomp Enter - MemInfo: [/proc/self/status]	VmPMD:	      12 kB
20220314 061559.070 INFO             PET0 PIOc_freedecomp Enter - MemInfo: [/proc/self/status]	VmSwap:	       0 kB
20220314 061559.070 INFO             PET0 PIOc_freedecomp Enter - MemInfo: [/proc/self/status]	VmRSSPercent: 0.0455402 %
20220314 061559.070 INFO             PET0 PIOc_freedecomp Enter - MemInfo: [malloc] Non-mmapped space allocated:                20770816 Byte
20220314 061559.070 INFO             PET0 PIOc_freedecomp Enter - MemInfo: [malloc] Space allocated in mmapped regions:          1581056 Byte
20220314 061559.070 INFO             PET0 PIOc_freedecomp Enter - MemInfo: [malloc] Maximum total allocated space:                     0 Byte
20220314 061559.070 INFO             PET0 PIOc_freedecomp Enter - MemInfo: [malloc] Space in freed fastbin blocks:                  1632 Byte
20220314 061559.070 INFO             PET0 PIOc_freedecomp Enter - MemInfo: [malloc] Total allocated space:                       3141872 Byte
20220314 061559.070 INFO             PET0 PIOc_freedecomp Enter - MemInfo: [malloc] Total free space:                           17628944 Byte
20220314 061559.070 INFO             PET0 PIOc_freedecomp Enter - MemInfo: [malloc] Top-most, releasable space:                   110032 Byte
20220314 061559.070 INFO             PET0 PIOc_freedecomp Enter - MemInfo: [malloc] Total space in use, mmap + non-mmap:         4722928 Byte
20220314 061559.070 INFO             PET0 PIOc_freedecomp Enter - MemInfo: [malloc] Total space held (mmap + non-mmap):         22351872 Byte
20220314 061559.070 INFO             PET0 PIOc_freedecomp Enter - MemInfo: [malloc] Total space used (mmap + non-mmap):          4732256 Byte
20220314 061559.071 INFO             PET0 PIOc_freedecomp Enter - MemInfo: Wall-clock time since execution start:               0.029617 seconds
20220314 061559.071 INFO             PET0 PIOc_freedecomp Exit - MemInfo: [/proc/meminfo - SSI]	MemTotal:       65507008 kB
20220314 061559.071 INFO             PET0 PIOc_freedecomp Exit - MemInfo: [/proc/meminfo - SSI]	MemFree:        49897604 kB
20220314 061559.071 INFO             PET0 PIOc_freedecomp Exit - MemInfo: [/proc/meminfo - SSI]	MemAvailable:   49661200 kB
20220314 061559.071 INFO             PET0 PIOc_freedecomp Exit - MemInfo: [/proc/meminfo - SSI]	Committed_AS:   12985156 kB
20220314 061559.071 INFO             PET0 PIOc_freedecomp Exit - MemInfo: [/proc/meminfo - SSI]	CommittedPercent: 19.8225 %
20220314 061559.071 INFO             PET0 PIOc_freedecomp Exit - MemInfo: [/proc/self/status]	VmPeak:	  517112 kB
20220314 061559.071 INFO             PET0 PIOc_freedecomp Exit - MemInfo: [/proc/self/status]	VmSize:	  516992 kB
20220314 061559.071 INFO             PET0 PIOc_freedecomp Exit - MemInfo: [/proc/self/status]	VmLck:	       0 kB
20220314 061559.071 INFO             PET0 PIOc_freedecomp Exit - MemInfo: [/proc/self/status]	VmPin:	       0 kB
20220314 061559.071 INFO             PET0 PIOc_freedecomp Exit - MemInfo: [/proc/self/status]	VmHWM:	   64536 kB
20220314 061559.071 INFO             PET0 PIOc_freedecomp Exit - MemInfo: [/proc/self/status]	VmRSS:	   29832 kB
20220314 061559.071 INFO             PET0 PIOc_freedecomp Exit - MemInfo: [/proc/self/status]	VmData:	   32316 kB
20220314 061559.071 INFO             PET0 PIOc_freedecomp Exit - MemInfo: [/proc/self/status]	VmStk:	     148 kB
20220314 061559.071 INFO             PET0 PIOc_freedecomp Exit - MemInfo: [/proc/self/status]	VmExe:	     192 kB
20220314 061559.071 INFO             PET0 PIOc_freedecomp Exit - MemInfo: [/proc/self/status]	VmLib:	   48668 kB
20220314 061559.071 INFO             PET0 PIOc_freedecomp Exit - MemInfo: [/proc/self/status]	VmPTE:	     756 kB
20220314 061559.071 INFO             PET0 PIOc_freedecomp Exit - MemInfo: [/proc/self/status]	VmPMD:	      12 kB
20220314 061559.071 INFO             PET0 PIOc_freedecomp Exit - MemInfo: [/proc/self/status]	VmSwap:	       0 kB
20220314 061559.071 INFO             PET0 PIOc_freedecomp Exit - MemInfo: [/proc/self/status]	VmRSSPercent: 0.0455402 %
20220314 061559.071 INFO             PET0 PIOc_freedecomp Exit - MemInfo: [malloc] Non-mmapped space allocated:                20770816 Byte
20220314 061559.071 INFO             PET0 PIOc_freedecomp Exit - MemInfo: [malloc] Space allocated in mmapped regions:          1581056 Byte
20220314 061559.071 INFO             PET0 PIOc_freedecomp Exit - MemInfo: [malloc] Maximum total allocated space:                     0 Byte
20220314 061559.071 INFO             PET0 PIOc_freedecomp Exit - MemInfo: [malloc] Space in freed fastbin blocks:                  3264 Byte
20220314 061559.071 INFO             PET0 PIOc_freedecomp Exit - MemInfo: [malloc] Total allocated space:                       3134128 Byte
20220314 061559.071 INFO             PET0 PIOc_freedecomp Exit - MemInfo: [malloc] Total free space:                           17636688 Byte
20220314 061559.071 INFO             PET0 PIOc_freedecomp Exit - MemInfo: [malloc] Top-most, releasable space:                   110032 Byte
20220314 061559.071 INFO             PET0 PIOc_freedecomp Exit - MemInfo: [malloc] Total space in use, mmap + non-mmap:         4715184 Byte
20220314 061559.071 INFO             PET0 PIOc_freedecomp Exit - MemInfo: [malloc] Total space held (mmap + non-mmap):         22351872 Byte
20220314 061559.071 INFO             PET0 PIOc_freedecomp Exit - MemInfo: [malloc] Total space used (mmap + non-mmap):          4724512 Byte
20220314 061559.071 INFO             PET0 PIOc_freedecomp Exit - MemInfo: Wall-clock time since execution start:              0.0299563 seconds
20220314 061559.072 INFO             PET0 PIOc_sync Enter - MemInfo: [/proc/meminfo - SSI]	MemTotal:       65507008 kB
20220314 061559.072 INFO             PET0 PIOc_sync Enter - MemInfo: [/proc/meminfo - SSI]	MemFree:        49897100 kB
20220314 061559.072 INFO             PET0 PIOc_sync Enter - MemInfo: [/proc/meminfo - SSI]	MemAvailable:   49660696 kB
20220314 061559.072 INFO             PET0 PIOc_sync Enter - MemInfo: [/proc/meminfo - SSI]	Committed_AS:   12985156 kB
20220314 061559.072 INFO             PET0 PIOc_sync Enter - MemInfo: [/proc/meminfo - SSI]	CommittedPercent: 19.8225 %
20220314 061559.072 INFO             PET0 PIOc_sync Enter - MemInfo: [/proc/self/status]	VmPeak:	  525180 kB
20220314 061559.072 INFO             PET0 PIOc_sync Enter - MemInfo: [/proc/self/status]	VmSize:	  516992 kB
20220314 061559.072 INFO             PET0 PIOc_sync Enter - MemInfo: [/proc/self/status]	VmLck:	       0 kB
20220314 061559.072 INFO             PET0 PIOc_sync Enter - MemInfo: [/proc/self/status]	VmPin:	       0 kB
20220314 061559.072 INFO             PET0 PIOc_sync Enter - MemInfo: [/proc/self/status]	VmHWM:	   64536 kB
20220314 061559.072 INFO             PET0 PIOc_sync Enter - MemInfo: [/proc/self/status]	VmRSS:	   30096 kB
20220314 061559.072 INFO             PET0 PIOc_sync Enter - MemInfo: [/proc/self/status]	VmData:	   32316 kB
20220314 061559.072 INFO             PET0 PIOc_sync Enter - MemInfo: [/proc/self/status]	VmStk:	     148 kB
20220314 061559.072 INFO             PET0 PIOc_sync Enter - MemInfo: [/proc/self/status]	VmExe:	     192 kB
20220314 061559.072 INFO             PET0 PIOc_sync Enter - MemInfo: [/proc/self/status]	VmLib:	   48668 kB
20220314 061559.072 INFO             PET0 PIOc_sync Enter - MemInfo: [/proc/self/status]	VmPTE:	     756 kB
20220314 061559.072 INFO             PET0 PIOc_sync Enter - MemInfo: [/proc/self/status]	VmPMD:	      12 kB
20220314 061559.072 INFO             PET0 PIOc_sync Enter - MemInfo: [/proc/self/status]	VmSwap:	       0 kB
20220314 061559.072 INFO             PET0 PIOc_sync Enter - MemInfo: [/proc/self/status]	VmRSSPercent: 0.0459432 %
20220314 061559.072 INFO             PET0 PIOc_sync Enter - MemInfo: [malloc] Non-mmapped space allocated:                20770816 Byte
20220314 061559.072 INFO             PET0 PIOc_sync Enter - MemInfo: [malloc] Space allocated in mmapped regions:          1581056 Byte
20220314 061559.072 INFO             PET0 PIOc_sync Enter - MemInfo: [malloc] Maximum total allocated space:                     0 Byte
20220314 061559.072 INFO             PET0 PIOc_sync Enter - MemInfo: [malloc] Space in freed fastbin blocks:                  2128 Byte
20220314 061559.072 INFO             PET0 PIOc_sync Enter - MemInfo: [malloc] Total allocated space:                      20454896 Byte
20220314 061559.072 INFO             PET0 PIOc_sync Enter - MemInfo: [malloc] Total free space:                             315920 Byte
20220314 061559.072 INFO             PET0 PIOc_sync Enter - MemInfo: [malloc] Top-most, releasable space:                   115696 Byte
20220314 061559.072 INFO             PET0 PIOc_sync Enter - MemInfo: [malloc] Total space in use, mmap + non-mmap:        22035952 Byte
20220314 061559.072 INFO             PET0 PIOc_sync Enter - MemInfo: [malloc] Total space held (mmap + non-mmap):         22351872 Byte
20220314 061559.072 INFO             PET0 PIOc_sync Enter - MemInfo: [malloc] Total space used (mmap + non-mmap):         22045280 Byte
20220314 061559.072 INFO             PET0 PIOc_sync Enter - MemInfo: Wall-clock time since execution start:              0.0312226 seconds
20220314 061559.074 INFO             PET0 PIOc_sync Exit - MemInfo: [/proc/meminfo - SSI]	MemTotal:       65507008 kB
20220314 061559.074 INFO             PET0 PIOc_sync Exit - MemInfo: [/proc/meminfo - SSI]	MemFree:        49897100 kB
20220314 061559.074 INFO             PET0 PIOc_sync Exit - MemInfo: [/proc/meminfo - SSI]	MemAvailable:   49660696 kB
20220314 061559.074 INFO             PET0 PIOc_sync Exit - MemInfo: [/proc/meminfo - SSI]	Committed_AS:   12985156 kB
20220314 061559.074 INFO             PET0 PIOc_sync Exit - MemInfo: [/proc/meminfo - SSI]	CommittedPercent: 19.8225 %
20220314 061559.074 INFO             PET0 PIOc_sync Exit - MemInfo: [/proc/self/status]	VmPeak:	  525180 kB
20220314 061559.074 INFO             PET0 PIOc_sync Exit - MemInfo: [/proc/self/status]	VmSize:	  516992 kB
20220314 061559.074 INFO             PET0 PIOc_sync Exit - MemInfo: [/proc/self/status]	VmLck:	       0 kB
20220314 061559.074 INFO             PET0 PIOc_sync Exit - MemInfo: [/proc/self/status]	VmPin:	       0 kB
20220314 061559.074 INFO             PET0 PIOc_sync Exit - MemInfo: [/proc/self/status]	VmHWM:	   64536 kB
20220314 061559.074 INFO             PET0 PIOc_sync Exit - MemInfo: [/proc/self/status]	VmRSS:	   30096 kB
20220314 061559.074 INFO             PET0 PIOc_sync Exit - MemInfo: [/proc/self/status]	VmData:	   32316 kB
20220314 061559.074 INFO             PET0 PIOc_sync Exit - MemInfo: [/proc/self/status]	VmStk:	     148 kB
20220314 061559.074 INFO             PET0 PIOc_sync Exit - MemInfo: [/proc/self/status]	VmExe:	     192 kB
20220314 061559.074 INFO             PET0 PIOc_sync Exit - MemInfo: [/proc/self/status]	VmLib:	   48668 kB
20220314 061559.074 INFO             PET0 PIOc_sync Exit - MemInfo: [/proc/self/status]	VmPTE:	     756 kB
20220314 061559.074 INFO             PET0 PIOc_sync Exit - MemInfo: [/proc/self/status]	VmPMD:	      12 kB
20220314 061559.074 INFO             PET0 PIOc_sync Exit - MemInfo: [/proc/self/status]	VmSwap:	       0 kB
20220314 061559.074 INFO             PET0 PIOc_sync Exit - MemInfo: [/proc/self/status]	VmRSSPercent: 0.0459432 %
20220314 061559.074 INFO             PET0 PIOc_sync Exit - MemInfo: [malloc] Non-mmapped space allocated:                20770816 Byte
20220314 061559.074 INFO             PET0 PIOc_sync Exit - MemInfo: [malloc] Space allocated in mmapped regions:          1581056 Byte
20220314 061559.074 INFO             PET0 PIOc_sync Exit - MemInfo: [malloc] Maximum total allocated space:                     0 Byte
20220314 061559.074 INFO             PET0 PIOc_sync Exit - MemInfo: [malloc] Space in freed fastbin blocks:                  2160 Byte
20220314 061559.074 INFO             PET0 PIOc_sync Exit - MemInfo: [malloc] Total allocated space:                      20457488 Byte
20220314 061559.074 INFO             PET0 PIOc_sync Exit - MemInfo: [malloc] Total free space:                             313328 Byte
20220314 061559.074 INFO             PET0 PIOc_sync Exit - MemInfo: [malloc] Top-most, releasable space:                   109680 Byte
20220314 061559.074 INFO             PET0 PIOc_sync Exit - MemInfo: [malloc] Total space in use, mmap + non-mmap:        22038544 Byte
20220314 061559.074 INFO             PET0 PIOc_sync Exit - MemInfo: [malloc] Total space held (mmap + non-mmap):         22351872 Byte
20220314 061559.074 INFO             PET0 PIOc_sync Exit - MemInfo: [malloc] Total space used (mmap + non-mmap):         22047872 Byte
20220314 061559.074 INFO             PET0 PIOc_sync Exit - MemInfo: Wall-clock time since execution start:              0.0331562 seconds
20220314 061559.074 INFO             PET0 PIOc_freedecomp Enter - MemInfo: [/proc/meminfo - SSI]	MemTotal:       65507008 kB
20220314 061559.074 INFO             PET0 PIOc_freedecomp Enter - MemInfo: [/proc/meminfo - SSI]	MemFree:        49897100 kB
20220314 061559.074 INFO             PET0 PIOc_freedecomp Enter - MemInfo: [/proc/meminfo - SSI]	MemAvailable:   49660696 kB
20220314 061559.074 INFO             PET0 PIOc_freedecomp Enter - MemInfo: [/proc/meminfo - SSI]	Committed_AS:   12985156 kB
20220314 061559.074 INFO             PET0 PIOc_freedecomp Enter - MemInfo: [/proc/meminfo - SSI]	CommittedPercent: 19.8225 %
20220314 061559.074 INFO             PET0 PIOc_freedecomp Enter - MemInfo: [/proc/self/status]	VmPeak:	  525180 kB
20220314 061559.074 INFO             PET0 PIOc_freedecomp Enter - MemInfo: [/proc/self/status]	VmSize:	  516992 kB
20220314 061559.074 INFO             PET0 PIOc_freedecomp Enter - MemInfo: [/proc/self/status]	VmLck:	       0 kB
20220314 061559.074 INFO             PET0 PIOc_freedecomp Enter - MemInfo: [/proc/self/status]	VmPin:	       0 kB
20220314 061559.074 INFO             PET0 PIOc_freedecomp Enter - MemInfo: [/proc/self/status]	VmHWM:	   64536 kB
20220314 061559.074 INFO             PET0 PIOc_freedecomp Enter - MemInfo: [/proc/self/status]	VmRSS:	   30096 kB
20220314 061559.074 INFO             PET0 PIOc_freedecomp Enter - MemInfo: [/proc/self/status]	VmData:	   32316 kB
20220314 061559.074 INFO             PET0 PIOc_freedecomp Enter - MemInfo: [/proc/self/status]	VmStk:	     148 kB
20220314 061559.074 INFO             PET0 PIOc_freedecomp Enter - MemInfo: [/proc/self/status]	VmExe:	     192 kB
20220314 061559.074 INFO             PET0 PIOc_freedecomp Enter - MemInfo: [/proc/self/status]	VmLib:	   48668 kB
20220314 061559.074 INFO             PET0 PIOc_freedecomp Enter - MemInfo: [/proc/self/status]	VmPTE:	     756 kB
20220314 061559.074 INFO             PET0 PIOc_freedecomp Enter - MemInfo: [/proc/self/status]	VmPMD:	      12 kB
20220314 061559.074 INFO             PET0 PIOc_freedecomp Enter - MemInfo: [/proc/self/status]	VmSwap:	       0 kB
20220314 061559.074 INFO             PET0 PIOc_freedecomp Enter - MemInfo: [/proc/self/status]	VmRSSPercent: 0.0459432 %
20220314 061559.074 INFO             PET0 PIOc_freedecomp Enter - MemInfo: [malloc] Non-mmapped space allocated:                20770816 Byte
20220314 061559.074 INFO             PET0 PIOc_freedecomp Enter - MemInfo: [malloc] Space allocated in mmapped regions:          1581056 Byte
20220314 061559.074 INFO             PET0 PIOc_freedecomp Enter - MemInfo: [malloc] Maximum total allocated space:                     0 Byte
20220314 061559.074 INFO             PET0 PIOc_freedecomp Enter - MemInfo: [malloc] Space in freed fastbin blocks:                  1824 Byte
20220314 061559.074 INFO             PET0 PIOc_freedecomp Enter - MemInfo: [malloc] Total allocated space:                       3141904 Byte
20220314 061559.074 INFO             PET0 PIOc_freedecomp Enter - MemInfo: [malloc] Total free space:                           17628912 Byte
20220314 061559.074 INFO             PET0 PIOc_freedecomp Enter - MemInfo: [malloc] Top-most, releasable space:                   110176 Byte
20220314 061559.074 INFO             PET0 PIOc_freedecomp Enter - MemInfo: [malloc] Total space in use, mmap + non-mmap:         4722960 Byte
20220314 061559.074 INFO             PET0 PIOc_freedecomp Enter - MemInfo: [malloc] Total space held (mmap + non-mmap):         22351872 Byte
20220314 061559.074 INFO             PET0 PIOc_freedecomp Enter - MemInfo: [malloc] Total space used (mmap + non-mmap):          4732288 Byte
20220314 061559.075 INFO             PET0 PIOc_freedecomp Enter - MemInfo: Wall-clock time since execution start:              0.0336171 seconds
20220314 061559.075 INFO             PET0 PIOc_freedecomp Exit - MemInfo: [/proc/meminfo - SSI]	MemTotal:       65507008 kB
20220314 061559.075 INFO             PET0 PIOc_freedecomp Exit - MemInfo: [/proc/meminfo - SSI]	MemFree:        49897100 kB
20220314 061559.075 INFO             PET0 PIOc_freedecomp Exit - MemInfo: [/proc/meminfo - SSI]	MemAvailable:   49660696 kB
20220314 061559.075 INFO             PET0 PIOc_freedecomp Exit - MemInfo: [/proc/meminfo - SSI]	Committed_AS:   12985156 kB
20220314 061559.075 INFO             PET0 PIOc_freedecomp Exit - MemInfo: [/proc/meminfo - SSI]	CommittedPercent: 19.8225 %
20220314 061559.075 INFO             PET0 PIOc_freedecomp Exit - MemInfo: [/proc/self/status]	VmPeak:	  525180 kB
20220314 061559.075 INFO             PET0 PIOc_freedecomp Exit - MemInfo: [/proc/self/status]	VmSize:	  516992 kB
20220314 061559.075 INFO             PET0 PIOc_freedecomp Exit - MemInfo: [/proc/self/status]	VmLck:	       0 kB
20220314 061559.075 INFO             PET0 PIOc_freedecomp Exit - MemInfo: [/proc/self/status]	VmPin:	       0 kB
20220314 061559.075 INFO             PET0 PIOc_freedecomp Exit - MemInfo: [/proc/self/status]	VmHWM:	   64536 kB
20220314 061559.075 INFO             PET0 PIOc_freedecomp Exit - MemInfo: [/proc/self/status]	VmRSS:	   30096 kB
20220314 061559.075 INFO             PET0 PIOc_freedecomp Exit - MemInfo: [/proc/self/status]	VmData:	   32316 kB
20220314 061559.075 INFO             PET0 PIOc_freedecomp Exit - MemInfo: [/proc/self/status]	VmStk:	     148 kB
20220314 061559.075 INFO             PET0 PIOc_freedecomp Exit - MemInfo: [/proc/self/status]	VmExe:	     192 kB
20220314 061559.075 INFO             PET0 PIOc_freedecomp Exit - MemInfo: [/proc/self/status]	VmLib:	   48668 kB
20220314 061559.075 INFO             PET0 PIOc_freedecomp Exit - MemInfo: [/proc/self/status]	VmPTE:	     756 kB
20220314 061559.075 INFO             PET0 PIOc_freedecomp Exit - MemInfo: [/proc/self/status]	VmPMD:	      12 kB
20220314 061559.075 INFO             PET0 PIOc_freedecomp Exit - MemInfo: [/proc/self/status]	VmSwap:	       0 kB
20220314 061559.075 INFO             PET0 PIOc_freedecomp Exit - MemInfo: [/proc/self/status]	VmRSSPercent: 0.0459432 %
20220314 061559.075 INFO             PET0 PIOc_freedecomp Exit - MemInfo: [malloc] Non-mmapped space allocated:                20770816 Byte
20220314 061559.075 INFO             PET0 PIOc_freedecomp Exit - MemInfo: [malloc] Space allocated in mmapped regions:          1581056 Byte
20220314 061559.075 INFO             PET0 PIOc_freedecomp Exit - MemInfo: [malloc] Maximum total allocated space:                     0 Byte
20220314 061559.075 INFO             PET0 PIOc_freedecomp Exit - MemInfo: [malloc] Space in freed fastbin blocks:                  3264 Byte
20220314 061559.075 INFO             PET0 PIOc_freedecomp Exit - MemInfo: [malloc] Total allocated space:                       3134160 Byte
20220314 061559.075 INFO             PET0 PIOc_freedecomp Exit - MemInfo: [malloc] Total free space:                           17636656 Byte
20220314 061559.075 INFO             PET0 PIOc_freedecomp Exit - MemInfo: [malloc] Top-most, releasable space:                   110176 Byte
20220314 061559.075 INFO             PET0 PIOc_freedecomp Exit - MemInfo: [malloc] Total space in use, mmap + non-mmap:         4715216 Byte
20220314 061559.075 INFO             PET0 PIOc_freedecomp Exit - MemInfo: [malloc] Total space held (mmap + non-mmap):         22351872 Byte
20220314 061559.075 INFO             PET0 PIOc_freedecomp Exit - MemInfo: [malloc] Total space used (mmap + non-mmap):          4724544 Byte
20220314 061559.075 INFO             PET0 PIOc_freedecomp Exit - MemInfo: Wall-clock time since execution start:               0.033954 seconds
20220314 061559.075 INFO             PET0 PASS ESMC_FieldRegridStoreFile test, ESMC_FieldSMMFromFileUTest.C, line 199
20220314 061559.082 INFO             PET0 PASS ESMC_FieldSMMStore from File test, ESMC_FieldSMMFromFileUTest.C, line 229
20220314 061559.082 INFO             PET0 PASS ESMC_FieldSMMStore From File validation, ESMC_FieldSMMFromFileUTest.C, line 257
20220314 061559.082 INFO             PET0 PASS ESMC_FieldRegridRelease, ESMC_FieldSMMFromFileUTest.C, line 271
20220314 061559.082 INFO             PET0 Ending Test, file ESMC_FieldSMMFromFileUTest.C, line 289
20220314 061559.082 INFO             PET0 Finalizing ESMF
20220314 061559.044 INFO             PET1 !!!!!!!!!!!!!!!!!!!!!!!!!!!!!!!!!!!!!!!!!!!!!!!!!!!!!!
20220314 061559.044 INFO             PET1 !!! THE ESMF_LOG IS SET TO OUTPUT ALL LOG MESSAGES !!!
20220314 061559.044 INFO             PET1 !!!     THIS MAY CAUSE SLOWDOWN IN PERFORMANCE     !!!
20220314 061559.044 INFO             PET1 !!! FOR PRODUCTION RUNS, USE:                      !!!
20220314 061559.044 INFO             PET1 !!!                   ESMF_LOGKIND_Multi_On_Error  !!!
20220314 061559.044 INFO             PET1 !!!!!!!!!!!!!!!!!!!!!!!!!!!!!!!!!!!!!!!!!!!!!!!!!!!!!!
20220314 061559.044 INFO             PET1 Running with ESMF Version   : v8.3.0b09-96-g559b459836
20220314 061559.044 INFO             PET1 ESMF library build date/time: "Mar 14 2022" "05:59:48"
20220314 061559.044 INFO             PET1 ESMF library build location : /glade/scratch/rlong/esmf-testing/gfortran_9.1.0_openmpi_O_jedwards_pio_update2
20220314 061559.044 INFO             PET1 ESMF_COMM                   : openmpi
20220314 061559.044 INFO             PET1 ESMF_MOAB                   : enabled
20220314 061559.044 INFO             PET1 ESMF_LAPACK                 : enabled
20220314 061559.044 INFO             PET1 ESMF_NETCDF                 : enabled
20220314 061559.044 INFO             PET1 ESMF_PNETCDF                : disabled
20220314 061559.044 INFO             PET1 ESMF_PIO                    : enabled
20220314 061559.044 INFO             PET1 ESMF_YAMLCPP                : enabled
20220314 061559.044 INFO             PET1 Beginning Test, file ESMC_FieldSMMFromFileUTest.C, line 41
20220314 061559.044 INFO             PET1 Beginning Test, file ESMC_FieldSMMFromFileUTest.C, line 41NUMBER_OF_PROCESSORS 4
20220314 061559.060 INFO             PET1 PIOc_sync Enter - MemInfo: [/proc/meminfo - SSI]	MemTotal:       65507008 kB
20220314 061559.060 INFO             PET1 PIOc_sync Enter - MemInfo: [/proc/meminfo - SSI]	MemFree:        49889540 kB
20220314 061559.060 INFO             PET1 PIOc_sync Enter - MemInfo: [/proc/meminfo - SSI]	MemAvailable:   49653136 kB
20220314 061559.060 INFO             PET1 PIOc_sync Enter - MemInfo: [/proc/meminfo - SSI]	Committed_AS:   12985276 kB
20220314 061559.060 INFO             PET1 PIOc_sync Enter - MemInfo: [/proc/meminfo - SSI]	CommittedPercent: 19.8227 %
20220314 061559.060 INFO             PET1 PIOc_sync Enter - MemInfo: [/proc/self/status]	VmPeak:	  500208 kB
20220314 061559.060 INFO             PET1 PIOc_sync Enter - MemInfo: [/proc/self/status]	VmSize:	  500208 kB
20220314 061559.060 INFO             PET1 PIOc_sync Enter - MemInfo: [/proc/self/status]	VmLck:	       0 kB
20220314 061559.060 INFO             PET1 PIOc_sync Enter - MemInfo: [/proc/self/status]	VmPin:	       0 kB
20220314 061559.060 INFO             PET1 PIOc_sync Enter - MemInfo: [/proc/self/status]	VmHWM:	   64524 kB
20220314 061559.060 INFO             PET1 PIOc_sync Enter - MemInfo: [/proc/self/status]	VmRSS:	   20012 kB
20220314 061559.060 INFO             PET1 PIOc_sync Enter - MemInfo: [/proc/self/status]	VmData:	   15532 kB
20220314 061559.060 INFO             PET1 PIOc_sync Enter - MemInfo: [/proc/self/status]	VmStk:	     148 kB
20220314 061559.060 INFO             PET1 PIOc_sync Enter - MemInfo: [/proc/self/status]	VmExe:	     192 kB
20220314 061559.060 INFO             PET1 PIOc_sync Enter - MemInfo: [/proc/self/status]	VmLib:	   48668 kB
20220314 061559.060 INFO             PET1 PIOc_sync Enter - MemInfo: [/proc/self/status]	VmPTE:	     720 kB
20220314 061559.060 INFO             PET1 PIOc_sync Enter - MemInfo: [/proc/self/status]	VmPMD:	      16 kB
20220314 061559.060 INFO             PET1 PIOc_sync Enter - MemInfo: [/proc/self/status]	VmSwap:	       0 kB
20220314 061559.060 INFO             PET1 PIOc_sync Enter - MemInfo: [/proc/self/status]	VmRSSPercent: 0.0305494 %
20220314 061559.060 INFO             PET1 PIOc_sync Enter - MemInfo: [malloc] Non-mmapped space allocated:                 3584000 Byte
20220314 061559.060 INFO             PET1 PIOc_sync Enter - MemInfo: [malloc] Space allocated in mmapped regions:          1581056 Byte
20220314 061559.062 INFO             PET1 PIOc_sync Enter - MemInfo: [malloc] Maximum total allocated space:                     0 Byte
20220314 061559.062 INFO             PET1 PIOc_sync Enter - MemInfo: [malloc] Space in freed fastbin blocks:                  2800 Byte
20220314 061559.062 INFO             PET1 PIOc_sync Enter - MemInfo: [malloc] Total allocated space:                       2973744 Byte
20220314 061559.062 INFO             PET1 PIOc_sync Enter - MemInfo: [malloc] Total free space:                             610256 Byte
20220314 061559.062 INFO             PET1 PIOc_sync Enter - MemInfo: [malloc] Top-most, releasable space:                   371744 Byte
20220314 061559.062 INFO             PET1 PIOc_sync Enter - MemInfo: [malloc] Total space in use, mmap + non-mmap:         4554800 Byte
20220314 061559.062 INFO             PET1 PIOc_sync Enter - MemInfo: [malloc] Total space held (mmap + non-mmap):          5165056 Byte
20220314 061559.062 INFO             PET1 PIOc_sync Enter - MemInfo: [malloc] Total space used (mmap + non-mmap):          4564128 Byte
20220314 061559.062 INFO             PET1 PIOc_sync Enter - MemInfo: Wall-clock time since execution start:               0.020185 seconds
20220314 061559.063 INFO             PET1 PIOc_sync Exit - MemInfo: [/proc/meminfo - SSI]	MemTotal:       65507008 kB
20220314 061559.063 INFO             PET1 PIOc_sync Exit - MemInfo: [/proc/meminfo - SSI]	MemFree:        49889540 kB
20220314 061559.063 INFO             PET1 PIOc_sync Exit - MemInfo: [/proc/meminfo - SSI]	MemAvailable:   49653136 kB
20220314 061559.063 INFO             PET1 PIOc_sync Exit - MemInfo: [/proc/meminfo - SSI]	Committed_AS:   12985276 kB
20220314 061559.063 INFO             PET1 PIOc_sync Exit - MemInfo: [/proc/meminfo - SSI]	CommittedPercent: 19.8227 %
20220314 061559.063 INFO             PET1 PIOc_sync Exit - MemInfo: [/proc/self/status]	VmPeak:	  500208 kB
20220314 061559.063 INFO             PET1 PIOc_sync Exit - MemInfo: [/proc/self/status]	VmSize:	  500208 kB
20220314 061559.063 INFO             PET1 PIOc_sync Exit - MemInfo: [/proc/self/status]	VmLck:	       0 kB
20220314 061559.063 INFO             PET1 PIOc_sync Exit - MemInfo: [/proc/self/status]	VmPin:	       0 kB
20220314 061559.063 INFO             PET1 PIOc_sync Exit - MemInfo: [/proc/self/status]	VmHWM:	   64524 kB
20220314 061559.063 INFO             PET1 PIOc_sync Exit - MemInfo: [/proc/self/status]	VmRSS:	   20064 kB
20220314 061559.063 INFO             PET1 PIOc_sync Exit - MemInfo: [/proc/self/status]	VmData:	   15532 kB
20220314 061559.063 INFO             PET1 PIOc_sync Exit - MemInfo: [/proc/self/status]	VmStk:	     148 kB
20220314 061559.063 INFO             PET1 PIOc_sync Exit - MemInfo: [/proc/self/status]	VmExe:	     192 kB
20220314 061559.063 INFO             PET1 PIOc_sync Exit - MemInfo: [/proc/self/status]	VmLib:	   48668 kB
20220314 061559.063 INFO             PET1 PIOc_sync Exit - MemInfo: [/proc/self/status]	VmPTE:	     720 kB
20220314 061559.063 INFO             PET1 PIOc_sync Exit - MemInfo: [/proc/self/status]	VmPMD:	      16 kB
20220314 061559.063 INFO             PET1 PIOc_sync Exit - MemInfo: [/proc/self/status]	VmSwap:	       0 kB
20220314 061559.063 INFO             PET1 PIOc_sync Exit - MemInfo: [/proc/self/status]	VmRSSPercent: 0.0306288 %
20220314 061559.063 INFO             PET1 PIOc_sync Exit - MemInfo: [malloc] Non-mmapped space allocated:                 3584000 Byte
20220314 061559.063 INFO             PET1 PIOc_sync Exit - MemInfo: [malloc] Space allocated in mmapped regions:          1581056 Byte
20220314 061559.063 INFO             PET1 PIOc_sync Exit - MemInfo: [malloc] Maximum total allocated space:                     0 Byte
20220314 061559.063 INFO             PET1 PIOc_sync Exit - MemInfo: [malloc] Space in freed fastbin blocks:                  1296 Byte
20220314 061559.063 INFO             PET1 PIOc_sync Exit - MemInfo: [malloc] Total allocated space:                       2973168 Byte
20220314 061559.063 INFO             PET1 PIOc_sync Exit - MemInfo: [malloc] Total free space:                             610832 Byte
20220314 061559.063 INFO             PET1 PIOc_sync Exit - MemInfo: [malloc] Top-most, releasable space:                   371744 Byte
20220314 061559.063 INFO             PET1 PIOc_sync Exit - MemInfo: [malloc] Total space in use, mmap + non-mmap:         4554224 Byte
20220314 061559.063 INFO             PET1 PIOc_sync Exit - MemInfo: [malloc] Total space held (mmap + non-mmap):          5165056 Byte
20220314 061559.063 INFO             PET1 PIOc_sync Exit - MemInfo: [malloc] Total space used (mmap + non-mmap):          4563552 Byte
20220314 061559.063 INFO             PET1 PIOc_sync Exit - MemInfo: Wall-clock time since execution start:              0.0213914 seconds
20220314 061559.064 INFO             PET1 PIOc_freedecomp Enter - MemInfo: [/proc/meminfo - SSI]	MemTotal:       65507008 kB
20220314 061559.064 INFO             PET1 PIOc_freedecomp Enter - MemInfo: [/proc/meminfo - SSI]	MemFree:        49904660 kB
20220314 061559.064 INFO             PET1 PIOc_freedecomp Enter - MemInfo: [/proc/meminfo - SSI]	MemAvailable:   49668256 kB
20220314 061559.064 INFO             PET1 PIOc_freedecomp Enter - MemInfo: [/proc/meminfo - SSI]	Committed_AS:   12968888 kB
20220314 061559.064 INFO             PET1 PIOc_freedecomp Enter - MemInfo: [/proc/meminfo - SSI]	CommittedPercent: 19.7977 %
20220314 061559.064 INFO             PET1 PIOc_freedecomp Enter - MemInfo: [/proc/self/status]	VmPeak:	  500208 kB
20220314 061559.064 INFO             PET1 PIOc_freedecomp Enter - MemInfo: [/proc/self/status]	VmSize:	  500208 kB
20220314 061559.064 INFO             PET1 PIOc_freedecomp Enter - MemInfo: [/proc/self/status]	VmLck:	       0 kB
20220314 061559.064 INFO             PET1 PIOc_freedecomp Enter - MemInfo: [/proc/self/status]	VmPin:	       0 kB
20220314 061559.064 INFO             PET1 PIOc_freedecomp Enter - MemInfo: [/proc/self/status]	VmHWM:	   64524 kB
20220314 061559.064 INFO             PET1 PIOc_freedecomp Enter - MemInfo: [/proc/self/status]	VmRSS:	   20064 kB
20220314 061559.064 INFO             PET1 PIOc_freedecomp Enter - MemInfo: [/proc/self/status]	VmData:	   15532 kB
20220314 061559.064 INFO             PET1 PIOc_freedecomp Enter - MemInfo: [/proc/self/status]	VmStk:	     148 kB
20220314 061559.064 INFO             PET1 PIOc_freedecomp Enter - MemInfo: [/proc/self/status]	VmExe:	     192 kB
20220314 061559.064 INFO             PET1 PIOc_freedecomp Enter - MemInfo: [/proc/self/status]	VmLib:	   48668 kB
20220314 061559.064 INFO             PET1 PIOc_freedecomp Enter - MemInfo: [/proc/self/status]	VmPTE:	     720 kB
20220314 061559.064 INFO             PET1 PIOc_freedecomp Enter - MemInfo: [/proc/self/status]	VmPMD:	      16 kB
20220314 061559.064 INFO             PET1 PIOc_freedecomp Enter - MemInfo: [/proc/self/status]	VmSwap:	       0 kB
20220314 061559.064 INFO             PET1 PIOc_freedecomp Enter - MemInfo: [/proc/self/status]	VmRSSPercent: 0.0306288 %
20220314 061559.064 INFO             PET1 PIOc_freedecomp Enter - MemInfo: [malloc] Non-mmapped space allocated:                 3584000 Byte
20220314 061559.064 INFO             PET1 PIOc_freedecomp Enter - MemInfo: [malloc] Space allocated in mmapped regions:          1581056 Byte
20220314 061559.064 INFO             PET1 PIOc_freedecomp Enter - MemInfo: [malloc] Maximum total allocated space:                     0 Byte
20220314 061559.064 INFO             PET1 PIOc_freedecomp Enter - MemInfo: [malloc] Space in freed fastbin blocks:                  1568 Byte
20220314 061559.064 INFO             PET1 PIOc_freedecomp Enter - MemInfo: [malloc] Total allocated space:                       2971472 Byte
20220314 061559.064 INFO             PET1 PIOc_freedecomp Enter - MemInfo: [malloc] Total free space:                             612528 Byte
20220314 061559.064 INFO             PET1 PIOc_freedecomp Enter - MemInfo: [malloc] Top-most, releasable space:                   371744 Byte
20220314 061559.064 INFO             PET1 PIOc_freedecomp Enter - MemInfo: [malloc] Total space in use, mmap + non-mmap:         4552528 Byte
20220314 061559.064 INFO             PET1 PIOc_freedecomp Enter - MemInfo: [malloc] Total space held (mmap + non-mmap):          5165056 Byte
20220314 061559.064 INFO             PET1 PIOc_freedecomp Enter - MemInfo: [malloc] Total space used (mmap + non-mmap):          4561856 Byte
20220314 061559.065 INFO             PET1 PIOc_freedecomp Enter - MemInfo: Wall-clock time since execution start:              0.0225572 seconds
20220314 061559.065 INFO             PET1 PIOc_freedecomp Exit - MemInfo: [/proc/meminfo - SSI]	MemTotal:       65507008 kB
20220314 061559.065 INFO             PET1 PIOc_freedecomp Exit - MemInfo: [/proc/meminfo - SSI]	MemFree:        49904660 kB
20220314 061559.065 INFO             PET1 PIOc_freedecomp Exit - MemInfo: [/proc/meminfo - SSI]	MemAvailable:   49668256 kB
20220314 061559.065 INFO             PET1 PIOc_freedecomp Exit - MemInfo: [/proc/meminfo - SSI]	Committed_AS:   12968888 kB
20220314 061559.065 INFO             PET1 PIOc_freedecomp Exit - MemInfo: [/proc/meminfo - SSI]	CommittedPercent: 19.7977 %
20220314 061559.065 INFO             PET1 PIOc_freedecomp Exit - MemInfo: [/proc/self/status]	VmPeak:	  500208 kB
20220314 061559.065 INFO             PET1 PIOc_freedecomp Exit - MemInfo: [/proc/self/status]	VmSize:	  500208 kB
20220314 061559.065 INFO             PET1 PIOc_freedecomp Exit - MemInfo: [/proc/self/status]	VmLck:	       0 kB
20220314 061559.065 INFO             PET1 PIOc_freedecomp Exit - MemInfo: [/proc/self/status]	VmPin:	       0 kB
20220314 061559.065 INFO             PET1 PIOc_freedecomp Exit - MemInfo: [/proc/self/status]	VmHWM:	   64524 kB
20220314 061559.065 INFO             PET1 PIOc_freedecomp Exit - MemInfo: [/proc/self/status]	VmRSS:	   20064 kB
20220314 061559.065 INFO             PET1 PIOc_freedecomp Exit - MemInfo: [/proc/self/status]	VmData:	   15532 kB
20220314 061559.065 INFO             PET1 PIOc_freedecomp Exit - MemInfo: [/proc/self/status]	VmStk:	     148 kB
20220314 061559.065 INFO             PET1 PIOc_freedecomp Exit - MemInfo: [/proc/self/status]	VmExe:	     192 kB
20220314 061559.065 INFO             PET1 PIOc_freedecomp Exit - MemInfo: [/proc/self/status]	VmLib:	   48668 kB
20220314 061559.065 INFO             PET1 PIOc_freedecomp Exit - MemInfo: [/proc/self/status]	VmPTE:	     720 kB
20220314 061559.065 INFO             PET1 PIOc_freedecomp Exit - MemInfo: [/proc/self/status]	VmPMD:	      16 kB
20220314 061559.065 INFO             PET1 PIOc_freedecomp Exit - MemInfo: [/proc/self/status]	VmSwap:	       0 kB
20220314 061559.065 INFO             PET1 PIOc_freedecomp Exit - MemInfo: [/proc/self/status]	VmRSSPercent: 0.0306288 %
20220314 061559.065 INFO             PET1 PIOc_freedecomp Exit - MemInfo: [malloc] Non-mmapped space allocated:                 3584000 Byte
20220314 061559.065 INFO             PET1 PIOc_freedecomp Exit - MemInfo: [malloc] Space allocated in mmapped regions:          1581056 Byte
20220314 061559.065 INFO             PET1 PIOc_freedecomp Exit - MemInfo: [malloc] Maximum total allocated space:                     0 Byte
20220314 061559.065 INFO             PET1 PIOc_freedecomp Exit - MemInfo: [malloc] Space in freed fastbin blocks:                  1808 Byte
20220314 061559.065 INFO             PET1 PIOc_freedecomp Exit - MemInfo: [malloc] Total allocated space:                       2968544 Byte
20220314 061559.065 INFO             PET1 PIOc_freedecomp Exit - MemInfo: [malloc] Total free space:                             615456 Byte
20220314 061559.065 INFO             PET1 PIOc_freedecomp Exit - MemInfo: [malloc] Top-most, releasable space:                   371744 Byte
20220314 061559.065 INFO             PET1 PIOc_freedecomp Exit - MemInfo: [malloc] Total space in use, mmap + non-mmap:         4549600 Byte
20220314 061559.065 INFO             PET1 PIOc_freedecomp Exit - MemInfo: [malloc] Total space held (mmap + non-mmap):          5165056 Byte
20220314 061559.065 INFO             PET1 PIOc_freedecomp Exit - MemInfo: [malloc] Total space used (mmap + non-mmap):          4558928 Byte
20220314 061559.065 INFO             PET1 PIOc_freedecomp Exit - MemInfo: Wall-clock time since execution start:              0.0229096 seconds
20220314 061559.069 INFO             PET1 PIOc_sync Enter - MemInfo: [/proc/meminfo - SSI]	MemTotal:       65507008 kB
20220314 061559.069 INFO             PET1 PIOc_sync Enter - MemInfo: [/proc/meminfo - SSI]	MemFree:        49897604 kB
20220314 061559.069 INFO             PET1 PIOc_sync Enter - MemInfo: [/proc/meminfo - SSI]	MemAvailable:   49661200 kB
20220314 061559.069 INFO             PET1 PIOc_sync Enter - MemInfo: [/proc/meminfo - SSI]	Committed_AS:   12985156 kB
20220314 061559.069 INFO             PET1 PIOc_sync Enter - MemInfo: [/proc/meminfo - SSI]	CommittedPercent: 19.8225 %
20220314 061559.069 INFO             PET1 PIOc_sync Enter - MemInfo: [/proc/self/status]	VmPeak:	  500208 kB
20220314 061559.069 INFO             PET1 PIOc_sync Enter - MemInfo: [/proc/self/status]	VmSize:	  500208 kB
20220314 061559.069 INFO             PET1 PIOc_sync Enter - MemInfo: [/proc/self/status]	VmLck:	       0 kB
20220314 061559.069 INFO             PET1 PIOc_sync Enter - MemInfo: [/proc/self/status]	VmPin:	       0 kB
20220314 061559.069 INFO             PET1 PIOc_sync Enter - MemInfo: [/proc/self/status]	VmHWM:	   64524 kB
20220314 061559.069 INFO             PET1 PIOc_sync Enter - MemInfo: [/proc/self/status]	VmRSS:	   20072 kB
20220314 061559.070 INFO             PET1 PIOc_sync Enter - MemInfo: [/proc/self/status]	VmData:	   15532 kB
20220314 061559.070 INFO             PET1 PIOc_sync Enter - MemInfo: [/proc/self/status]	VmStk:	     148 kB
20220314 061559.070 INFO             PET1 PIOc_sync Enter - MemInfo: [/proc/self/status]	VmExe:	     192 kB
20220314 061559.070 INFO             PET1 PIOc_sync Enter - MemInfo: [/proc/self/status]	VmLib:	   48668 kB
20220314 061559.070 INFO             PET1 PIOc_sync Enter - MemInfo: [/proc/self/status]	VmPTE:	     720 kB
20220314 061559.070 INFO             PET1 PIOc_sync Enter - MemInfo: [/proc/self/status]	VmPMD:	      16 kB
20220314 061559.070 INFO             PET1 PIOc_sync Enter - MemInfo: [/proc/self/status]	VmSwap:	       0 kB
20220314 061559.070 INFO             PET1 PIOc_sync Enter - MemInfo: [/proc/self/status]	VmRSSPercent: 0.030641 %
20220314 061559.070 INFO             PET1 PIOc_sync Enter - MemInfo: [malloc] Non-mmapped space allocated:                 3584000 Byte
20220314 061559.070 INFO             PET1 PIOc_sync Enter - MemInfo: [malloc] Space allocated in mmapped regions:          1581056 Byte
20220314 061559.070 INFO             PET1 PIOc_sync Enter - MemInfo: [malloc] Maximum total allocated space:                     0 Byte
20220314 061559.070 INFO             PET1 PIOc_sync Enter - MemInfo: [malloc] Space in freed fastbin blocks:                  2800 Byte
20220314 061559.070 INFO             PET1 PIOc_sync Enter - MemInfo: [malloc] Total allocated space:                       2973680 Byte
20220314 061559.070 INFO             PET1 PIOc_sync Enter - MemInfo: [malloc] Total free space:                             610320 Byte
20220314 061559.070 INFO             PET1 PIOc_sync Enter - MemInfo: [malloc] Top-most, releasable space:                   371744 Byte
20220314 061559.070 INFO             PET1 PIOc_sync Enter - MemInfo: [malloc] Total space in use, mmap + non-mmap:         4554736 Byte
20220314 061559.070 INFO             PET1 PIOc_sync Enter - MemInfo: [malloc] Total space held (mmap + non-mmap):          5165056 Byte
20220314 061559.070 INFO             PET1 PIOc_sync Enter - MemInfo: [malloc] Total space used (mmap + non-mmap):          4564064 Byte
20220314 061559.070 INFO             PET1 PIOc_sync Enter - MemInfo: Wall-clock time since execution start:              0.0277487 seconds
20220314 061559.070 INFO             PET1 PIOc_sync Exit - MemInfo: [/proc/meminfo - SSI]	MemTotal:       65507008 kB
20220314 061559.070 INFO             PET1 PIOc_sync Exit - MemInfo: [/proc/meminfo - SSI]	MemFree:        49897604 kB
20220314 061559.070 INFO             PET1 PIOc_sync Exit - MemInfo: [/proc/meminfo - SSI]	MemAvailable:   49661200 kB
20220314 061559.070 INFO             PET1 PIOc_sync Exit - MemInfo: [/proc/meminfo - SSI]	Committed_AS:   12985156 kB
20220314 061559.070 INFO             PET1 PIOc_sync Exit - MemInfo: [/proc/meminfo - SSI]	CommittedPercent: 19.8225 %
20220314 061559.070 INFO             PET1 PIOc_sync Exit - MemInfo: [/proc/self/status]	VmPeak:	  500208 kB
20220314 061559.070 INFO             PET1 PIOc_sync Exit - MemInfo: [/proc/self/status]	VmSize:	  500208 kB
20220314 061559.070 INFO             PET1 PIOc_sync Exit - MemInfo: [/proc/self/status]	VmLck:	       0 kB
20220314 061559.070 INFO             PET1 PIOc_sync Exit - MemInfo: [/proc/self/status]	VmPin:	       0 kB
20220314 061559.070 INFO             PET1 PIOc_sync Exit - MemInfo: [/proc/self/status]	VmHWM:	   64524 kB
20220314 061559.070 INFO             PET1 PIOc_sync Exit - MemInfo: [/proc/self/status]	VmRSS:	   20072 kB
20220314 061559.070 INFO             PET1 PIOc_sync Exit - MemInfo: [/proc/self/status]	VmData:	   15532 kB
20220314 061559.070 INFO             PET1 PIOc_sync Exit - MemInfo: [/proc/self/status]	VmStk:	     148 kB
20220314 061559.070 INFO             PET1 PIOc_sync Exit - MemInfo: [/proc/self/status]	VmExe:	     192 kB
20220314 061559.070 INFO             PET1 PIOc_sync Exit - MemInfo: [/proc/self/status]	VmLib:	   48668 kB
20220314 061559.070 INFO             PET1 PIOc_sync Exit - MemInfo: [/proc/self/status]	VmPTE:	     720 kB
20220314 061559.070 INFO             PET1 PIOc_sync Exit - MemInfo: [/proc/self/status]	VmPMD:	      16 kB
20220314 061559.070 INFO             PET1 PIOc_sync Exit - MemInfo: [/proc/self/status]	VmSwap:	       0 kB
20220314 061559.070 INFO             PET1 PIOc_sync Exit - MemInfo: [/proc/self/status]	VmRSSPercent: 0.030641 %
20220314 061559.070 INFO             PET1 PIOc_sync Exit - MemInfo: [malloc] Non-mmapped space allocated:                 3584000 Byte
20220314 061559.070 INFO             PET1 PIOc_sync Exit - MemInfo: [malloc] Space allocated in mmapped regions:          1581056 Byte
20220314 061559.070 INFO             PET1 PIOc_sync Exit - MemInfo: [malloc] Maximum total allocated space:                     0 Byte
20220314 061559.070 INFO             PET1 PIOc_sync Exit - MemInfo: [malloc] Space in freed fastbin blocks:                  1296 Byte
20220314 061559.070 INFO             PET1 PIOc_sync Exit - MemInfo: [malloc] Total allocated space:                       2973360 Byte
20220314 061559.070 INFO             PET1 PIOc_sync Exit - MemInfo: [malloc] Total free space:                             610640 Byte
20220314 061559.070 INFO             PET1 PIOc_sync Exit - MemInfo: [malloc] Top-most, releasable space:                   371744 Byte
20220314 061559.070 INFO             PET1 PIOc_sync Exit - MemInfo: [malloc] Total space in use, mmap + non-mmap:         4554416 Byte
20220314 061559.070 INFO             PET1 PIOc_sync Exit - MemInfo: [malloc] Total space held (mmap + non-mmap):          5165056 Byte
20220314 061559.070 INFO             PET1 PIOc_sync Exit - MemInfo: [malloc] Total space used (mmap + non-mmap):          4563744 Byte
20220314 061559.070 INFO             PET1 PIOc_sync Exit - MemInfo: Wall-clock time since execution start:              0.0281666 seconds
20220314 061559.070 INFO             PET1 PIOc_freedecomp Enter - MemInfo: [/proc/meminfo - SSI]	MemTotal:       65507008 kB
20220314 061559.070 INFO             PET1 PIOc_freedecomp Enter - MemInfo: [/proc/meminfo - SSI]	MemFree:        49897604 kB
20220314 061559.070 INFO             PET1 PIOc_freedecomp Enter - MemInfo: [/proc/meminfo - SSI]	MemAvailable:   49661200 kB
20220314 061559.070 INFO             PET1 PIOc_freedecomp Enter - MemInfo: [/proc/meminfo - SSI]	Committed_AS:   12985156 kB
20220314 061559.070 INFO             PET1 PIOc_freedecomp Enter - MemInfo: [/proc/meminfo - SSI]	CommittedPercent: 19.8225 %
20220314 061559.070 INFO             PET1 PIOc_freedecomp Enter - MemInfo: [/proc/self/status]	VmPeak:	  500208 kB
20220314 061559.070 INFO             PET1 PIOc_freedecomp Enter - MemInfo: [/proc/self/status]	VmSize:	  500208 kB
20220314 061559.070 INFO             PET1 PIOc_freedecomp Enter - MemInfo: [/proc/self/status]	VmLck:	       0 kB
20220314 061559.070 INFO             PET1 PIOc_freedecomp Enter - MemInfo: [/proc/self/status]	VmPin:	       0 kB
20220314 061559.070 INFO             PET1 PIOc_freedecomp Enter - MemInfo: [/proc/self/status]	VmHWM:	   64524 kB
20220314 061559.070 INFO             PET1 PIOc_freedecomp Enter - MemInfo: [/proc/self/status]	VmRSS:	   20072 kB
20220314 061559.070 INFO             PET1 PIOc_freedecomp Enter - MemInfo: [/proc/self/status]	VmData:	   15532 kB
20220314 061559.070 INFO             PET1 PIOc_freedecomp Enter - MemInfo: [/proc/self/status]	VmStk:	     148 kB
20220314 061559.070 INFO             PET1 PIOc_freedecomp Enter - MemInfo: [/proc/self/status]	VmExe:	     192 kB
20220314 061559.070 INFO             PET1 PIOc_freedecomp Enter - MemInfo: [/proc/self/status]	VmLib:	   48668 kB
20220314 061559.070 INFO             PET1 PIOc_freedecomp Enter - MemInfo: [/proc/self/status]	VmPTE:	     720 kB
20220314 061559.070 INFO             PET1 PIOc_freedecomp Enter - MemInfo: [/proc/self/status]	VmPMD:	      16 kB
20220314 061559.070 INFO             PET1 PIOc_freedecomp Enter - MemInfo: [/proc/self/status]	VmSwap:	       0 kB
20220314 061559.070 INFO             PET1 PIOc_freedecomp Enter - MemInfo: [/proc/self/status]	VmRSSPercent: 0.030641 %
20220314 061559.070 INFO             PET1 PIOc_freedecomp Enter - MemInfo: [malloc] Non-mmapped space allocated:                 3584000 Byte
20220314 061559.070 INFO             PET1 PIOc_freedecomp Enter - MemInfo: [malloc] Space allocated in mmapped regions:          1581056 Byte
20220314 061559.070 INFO             PET1 PIOc_freedecomp Enter - MemInfo: [malloc] Maximum total allocated space:                     0 Byte
20220314 061559.070 INFO             PET1 PIOc_freedecomp Enter - MemInfo: [malloc] Space in freed fastbin blocks:                  1584 Byte
20220314 061559.070 INFO             PET1 PIOc_freedecomp Enter - MemInfo: [malloc] Total allocated space:                       2971536 Byte
20220314 061559.070 INFO             PET1 PIOc_freedecomp Enter - MemInfo: [malloc] Total free space:                             612464 Byte
20220314 061559.070 INFO             PET1 PIOc_freedecomp Enter - MemInfo: [malloc] Top-most, releasable space:                   371744 Byte
20220314 061559.070 INFO             PET1 PIOc_freedecomp Enter - MemInfo: [malloc] Total space in use, mmap + non-mmap:         4552592 Byte
20220314 061559.070 INFO             PET1 PIOc_freedecomp Enter - MemInfo: [malloc] Total space held (mmap + non-mmap):          5165056 Byte
20220314 061559.070 INFO             PET1 PIOc_freedecomp Enter - MemInfo: [malloc] Total space used (mmap + non-mmap):          4561920 Byte
20220314 061559.071 INFO             PET1 PIOc_freedecomp Enter - MemInfo: Wall-clock time since execution start:              0.0285587 seconds
20220314 061559.071 INFO             PET1 PIOc_freedecomp Exit - MemInfo: [/proc/meminfo - SSI]	MemTotal:       65507008 kB
20220314 061559.071 INFO             PET1 PIOc_freedecomp Exit - MemInfo: [/proc/meminfo - SSI]	MemFree:        49897604 kB
20220314 061559.071 INFO             PET1 PIOc_freedecomp Exit - MemInfo: [/proc/meminfo - SSI]	MemAvailable:   49661200 kB
20220314 061559.071 INFO             PET1 PIOc_freedecomp Exit - MemInfo: [/proc/meminfo - SSI]	Committed_AS:   12985156 kB
20220314 061559.071 INFO             PET1 PIOc_freedecomp Exit - MemInfo: [/proc/meminfo - SSI]	CommittedPercent: 19.8225 %
20220314 061559.071 INFO             PET1 PIOc_freedecomp Exit - MemInfo: [/proc/self/status]	VmPeak:	  500208 kB
20220314 061559.071 INFO             PET1 PIOc_freedecomp Exit - MemInfo: [/proc/self/status]	VmSize:	  500208 kB
20220314 061559.071 INFO             PET1 PIOc_freedecomp Exit - MemInfo: [/proc/self/status]	VmLck:	       0 kB
20220314 061559.071 INFO             PET1 PIOc_freedecomp Exit - MemInfo: [/proc/self/status]	VmPin:	       0 kB
20220314 061559.071 INFO             PET1 PIOc_freedecomp Exit - MemInfo: [/proc/self/status]	VmHWM:	   64524 kB
20220314 061559.071 INFO             PET1 PIOc_freedecomp Exit - MemInfo: [/proc/self/status]	VmRSS:	   20072 kB
20220314 061559.071 INFO             PET1 PIOc_freedecomp Exit - MemInfo: [/proc/self/status]	VmData:	   15532 kB
20220314 061559.071 INFO             PET1 PIOc_freedecomp Exit - MemInfo: [/proc/self/status]	VmStk:	     148 kB
20220314 061559.071 INFO             PET1 PIOc_freedecomp Exit - MemInfo: [/proc/self/status]	VmExe:	     192 kB
20220314 061559.071 INFO             PET1 PIOc_freedecomp Exit - MemInfo: [/proc/self/status]	VmLib:	   48668 kB
20220314 061559.071 INFO             PET1 PIOc_freedecomp Exit - MemInfo: [/proc/self/status]	VmPTE:	     720 kB
20220314 061559.071 INFO             PET1 PIOc_freedecomp Exit - MemInfo: [/proc/self/status]	VmPMD:	      16 kB
20220314 061559.071 INFO             PET1 PIOc_freedecomp Exit - MemInfo: [/proc/self/status]	VmSwap:	       0 kB
20220314 061559.071 INFO             PET1 PIOc_freedecomp Exit - MemInfo: [/proc/self/status]	VmRSSPercent: 0.030641 %
20220314 061559.071 INFO             PET1 PIOc_freedecomp Exit - MemInfo: [malloc] Non-mmapped space allocated:                 3584000 Byte
20220314 061559.071 INFO             PET1 PIOc_freedecomp Exit - MemInfo: [malloc] Space allocated in mmapped regions:          1581056 Byte
20220314 061559.071 INFO             PET1 PIOc_freedecomp Exit - MemInfo: [malloc] Maximum total allocated space:                     0 Byte
20220314 061559.071 INFO             PET1 PIOc_freedecomp Exit - MemInfo: [malloc] Space in freed fastbin blocks:                  1936 Byte
20220314 061559.071 INFO             PET1 PIOc_freedecomp Exit - MemInfo: [malloc] Total allocated space:                       2968608 Byte
20220314 061559.071 INFO             PET1 PIOc_freedecomp Exit - MemInfo: [malloc] Total free space:                             615392 Byte
20220314 061559.071 INFO             PET1 PIOc_freedecomp Exit - MemInfo: [malloc] Top-most, releasable space:                   371744 Byte
20220314 061559.071 INFO             PET1 PIOc_freedecomp Exit - MemInfo: [malloc] Total space in use, mmap + non-mmap:         4549664 Byte
20220314 061559.071 INFO             PET1 PIOc_freedecomp Exit - MemInfo: [malloc] Total space held (mmap + non-mmap):          5165056 Byte
20220314 061559.071 INFO             PET1 PIOc_freedecomp Exit - MemInfo: [malloc] Total space used (mmap + non-mmap):          4558992 Byte
20220314 061559.071 INFO             PET1 PIOc_freedecomp Exit - MemInfo: Wall-clock time since execution start:              0.0289106 seconds
20220314 061559.072 INFO             PET1 PIOc_sync Enter - MemInfo: [/proc/meminfo - SSI]	MemTotal:       65507008 kB
20220314 061559.072 INFO             PET1 PIOc_sync Enter - MemInfo: [/proc/meminfo - SSI]	MemFree:        49897100 kB
20220314 061559.072 INFO             PET1 PIOc_sync Enter - MemInfo: [/proc/meminfo - SSI]	MemAvailable:   49660696 kB
20220314 061559.072 INFO             PET1 PIOc_sync Enter - MemInfo: [/proc/meminfo - SSI]	Committed_AS:   12985156 kB
20220314 061559.072 INFO             PET1 PIOc_sync Enter - MemInfo: [/proc/meminfo - SSI]	CommittedPercent: 19.8225 %
20220314 061559.072 INFO             PET1 PIOc_sync Enter - MemInfo: [/proc/self/status]	VmPeak:	  500208 kB
20220314 061559.072 INFO             PET1 PIOc_sync Enter - MemInfo: [/proc/self/status]	VmSize:	  500208 kB
20220314 061559.072 INFO             PET1 PIOc_sync Enter - MemInfo: [/proc/self/status]	VmLck:	       0 kB
20220314 061559.072 INFO             PET1 PIOc_sync Enter - MemInfo: [/proc/self/status]	VmPin:	       0 kB
20220314 061559.072 INFO             PET1 PIOc_sync Enter - MemInfo: [/proc/self/status]	VmHWM:	   64524 kB
20220314 061559.072 INFO             PET1 PIOc_sync Enter - MemInfo: [/proc/self/status]	VmRSS:	   20072 kB
20220314 061559.072 INFO             PET1 PIOc_sync Enter - MemInfo: [/proc/self/status]	VmData:	   15532 kB
20220314 061559.072 INFO             PET1 PIOc_sync Enter - MemInfo: [/proc/self/status]	VmStk:	     148 kB
20220314 061559.072 INFO             PET1 PIOc_sync Enter - MemInfo: [/proc/self/status]	VmExe:	     192 kB
20220314 061559.072 INFO             PET1 PIOc_sync Enter - MemInfo: [/proc/self/status]	VmLib:	   48668 kB
20220314 061559.072 INFO             PET1 PIOc_sync Enter - MemInfo: [/proc/self/status]	VmPTE:	     720 kB
20220314 061559.072 INFO             PET1 PIOc_sync Enter - MemInfo: [/proc/self/status]	VmPMD:	      16 kB
20220314 061559.072 INFO             PET1 PIOc_sync Enter - MemInfo: [/proc/self/status]	VmSwap:	       0 kB
20220314 061559.072 INFO             PET1 PIOc_sync Enter - MemInfo: [/proc/self/status]	VmRSSPercent: 0.030641 %
20220314 061559.072 INFO             PET1 PIOc_sync Enter - MemInfo: [malloc] Non-mmapped space allocated:                 3584000 Byte
20220314 061559.072 INFO             PET1 PIOc_sync Enter - MemInfo: [malloc] Space allocated in mmapped regions:          1581056 Byte
20220314 061559.072 INFO             PET1 PIOc_sync Enter - MemInfo: [malloc] Maximum total allocated space:                     0 Byte
20220314 061559.072 INFO             PET1 PIOc_sync Enter - MemInfo: [malloc] Space in freed fastbin blocks:                  2800 Byte
20220314 061559.072 INFO             PET1 PIOc_sync Enter - MemInfo: [malloc] Total allocated space:                       2973776 Byte
20220314 061559.072 INFO             PET1 PIOc_sync Enter - MemInfo: [malloc] Total free space:                             610224 Byte
20220314 061559.072 INFO             PET1 PIOc_sync Enter - MemInfo: [malloc] Top-most, releasable space:                   371744 Byte
20220314 061559.072 INFO             PET1 PIOc_sync Enter - MemInfo: [malloc] Total space in use, mmap + non-mmap:         4554832 Byte
20220314 061559.072 INFO             PET1 PIOc_sync Enter - MemInfo: [malloc] Total space held (mmap + non-mmap):          5165056 Byte
20220314 061559.072 INFO             PET1 PIOc_sync Enter - MemInfo: [malloc] Total space used (mmap + non-mmap):          4564160 Byte
20220314 061559.072 INFO             PET1 PIOc_sync Enter - MemInfo: Wall-clock time since execution start:              0.0301724 seconds
20220314 061559.074 INFO             PET1 PIOc_sync Exit - MemInfo: [/proc/meminfo - SSI]	MemTotal:       65507008 kB
20220314 061559.074 INFO             PET1 PIOc_sync Exit - MemInfo: [/proc/meminfo - SSI]	MemFree:        49897100 kB
20220314 061559.074 INFO             PET1 PIOc_sync Exit - MemInfo: [/proc/meminfo - SSI]	MemAvailable:   49660696 kB
20220314 061559.074 INFO             PET1 PIOc_sync Exit - MemInfo: [/proc/meminfo - SSI]	Committed_AS:   12985156 kB
20220314 061559.074 INFO             PET1 PIOc_sync Exit - MemInfo: [/proc/meminfo - SSI]	CommittedPercent: 19.8225 %
20220314 061559.074 INFO             PET1 PIOc_sync Exit - MemInfo: [/proc/self/status]	VmPeak:	  500208 kB
20220314 061559.074 INFO             PET1 PIOc_sync Exit - MemInfo: [/proc/self/status]	VmSize:	  500208 kB
20220314 061559.074 INFO             PET1 PIOc_sync Exit - MemInfo: [/proc/self/status]	VmLck:	       0 kB
20220314 061559.074 INFO             PET1 PIOc_sync Exit - MemInfo: [/proc/self/status]	VmPin:	       0 kB
20220314 061559.074 INFO             PET1 PIOc_sync Exit - MemInfo: [/proc/self/status]	VmHWM:	   64524 kB
20220314 061559.074 INFO             PET1 PIOc_sync Exit - MemInfo: [/proc/self/status]	VmRSS:	   20072 kB
20220314 061559.074 INFO             PET1 PIOc_sync Exit - MemInfo: [/proc/self/status]	VmData:	   15532 kB
20220314 061559.074 INFO             PET1 PIOc_sync Exit - MemInfo: [/proc/self/status]	VmStk:	     148 kB
20220314 061559.074 INFO             PET1 PIOc_sync Exit - MemInfo: [/proc/self/status]	VmExe:	     192 kB
20220314 061559.074 INFO             PET1 PIOc_sync Exit - MemInfo: [/proc/self/status]	VmLib:	   48668 kB
20220314 061559.074 INFO             PET1 PIOc_sync Exit - MemInfo: [/proc/self/status]	VmPTE:	     720 kB
20220314 061559.074 INFO             PET1 PIOc_sync Exit - MemInfo: [/proc/self/status]	VmPMD:	      16 kB
20220314 061559.074 INFO             PET1 PIOc_sync Exit - MemInfo: [/proc/self/status]	VmSwap:	       0 kB
20220314 061559.074 INFO             PET1 PIOc_sync Exit - MemInfo: [/proc/self/status]	VmRSSPercent: 0.030641 %
20220314 061559.074 INFO             PET1 PIOc_sync Exit - MemInfo: [malloc] Non-mmapped space allocated:                 3584000 Byte
20220314 061559.074 INFO             PET1 PIOc_sync Exit - MemInfo: [malloc] Space allocated in mmapped regions:          1581056 Byte
20220314 061559.074 INFO             PET1 PIOc_sync Exit - MemInfo: [malloc] Maximum total allocated space:                     0 Byte
20220314 061559.074 INFO             PET1 PIOc_sync Exit - MemInfo: [malloc] Space in freed fastbin blocks:                  1520 Byte
20220314 061559.074 INFO             PET1 PIOc_sync Exit - MemInfo: [malloc] Total allocated space:                       2973472 Byte
20220314 061559.074 INFO             PET1 PIOc_sync Exit - MemInfo: [malloc] Total free space:                             610528 Byte
20220314 061559.074 INFO             PET1 PIOc_sync Exit - MemInfo: [malloc] Top-most, releasable space:                   371744 Byte
20220314 061559.074 INFO             PET1 PIOc_sync Exit - MemInfo: [malloc] Total space in use, mmap + non-mmap:         4554528 Byte
20220314 061559.074 INFO             PET1 PIOc_sync Exit - MemInfo: [malloc] Total space held (mmap + non-mmap):          5165056 Byte
20220314 061559.074 INFO             PET1 PIOc_sync Exit - MemInfo: [malloc] Total space used (mmap + non-mmap):          4563856 Byte
20220314 061559.074 INFO             PET1 PIOc_sync Exit - MemInfo: Wall-clock time since execution start:              0.0321007 seconds
20220314 061559.074 INFO             PET1 PIOc_freedecomp Enter - MemInfo: [/proc/meminfo - SSI]	MemTotal:       65507008 kB
20220314 061559.074 INFO             PET1 PIOc_freedecomp Enter - MemInfo: [/proc/meminfo - SSI]	MemFree:        49897100 kB
20220314 061559.074 INFO             PET1 PIOc_freedecomp Enter - MemInfo: [/proc/meminfo - SSI]	MemAvailable:   49660696 kB
20220314 061559.074 INFO             PET1 PIOc_freedecomp Enter - MemInfo: [/proc/meminfo - SSI]	Committed_AS:   12985156 kB
20220314 061559.074 INFO             PET1 PIOc_freedecomp Enter - MemInfo: [/proc/meminfo - SSI]	CommittedPercent: 19.8225 %
20220314 061559.074 INFO             PET1 PIOc_freedecomp Enter - MemInfo: [/proc/self/status]	VmPeak:	  500208 kB
20220314 061559.074 INFO             PET1 PIOc_freedecomp Enter - MemInfo: [/proc/self/status]	VmSize:	  500208 kB
20220314 061559.074 INFO             PET1 PIOc_freedecomp Enter - MemInfo: [/proc/self/status]	VmLck:	       0 kB
20220314 061559.074 INFO             PET1 PIOc_freedecomp Enter - MemInfo: [/proc/self/status]	VmPin:	       0 kB
20220314 061559.074 INFO             PET1 PIOc_freedecomp Enter - MemInfo: [/proc/self/status]	VmHWM:	   64524 kB
20220314 061559.074 INFO             PET1 PIOc_freedecomp Enter - MemInfo: [/proc/self/status]	VmRSS:	   20072 kB
20220314 061559.074 INFO             PET1 PIOc_freedecomp Enter - MemInfo: [/proc/self/status]	VmData:	   15532 kB
20220314 061559.074 INFO             PET1 PIOc_freedecomp Enter - MemInfo: [/proc/self/status]	VmStk:	     148 kB
20220314 061559.074 INFO             PET1 PIOc_freedecomp Enter - MemInfo: [/proc/self/status]	VmExe:	     192 kB
20220314 061559.074 INFO             PET1 PIOc_freedecomp Enter - MemInfo: [/proc/self/status]	VmLib:	   48668 kB
20220314 061559.074 INFO             PET1 PIOc_freedecomp Enter - MemInfo: [/proc/self/status]	VmPTE:	     720 kB
20220314 061559.074 INFO             PET1 PIOc_freedecomp Enter - MemInfo: [/proc/self/status]	VmPMD:	      16 kB
20220314 061559.074 INFO             PET1 PIOc_freedecomp Enter - MemInfo: [/proc/self/status]	VmSwap:	       0 kB
20220314 061559.074 INFO             PET1 PIOc_freedecomp Enter - MemInfo: [/proc/self/status]	VmRSSPercent: 0.030641 %
20220314 061559.074 INFO             PET1 PIOc_freedecomp Enter - MemInfo: [malloc] Non-mmapped space allocated:                 3584000 Byte
20220314 061559.074 INFO             PET1 PIOc_freedecomp Enter - MemInfo: [malloc] Space allocated in mmapped regions:          1581056 Byte
20220314 061559.074 INFO             PET1 PIOc_freedecomp Enter - MemInfo: [malloc] Maximum total allocated space:                     0 Byte
20220314 061559.074 INFO             PET1 PIOc_freedecomp Enter - MemInfo: [malloc] Space in freed fastbin blocks:                  1456 Byte
20220314 061559.074 INFO             PET1 PIOc_freedecomp Enter - MemInfo: [malloc] Total allocated space:                       2971504 Byte
20220314 061559.074 INFO             PET1 PIOc_freedecomp Enter - MemInfo: [malloc] Total free space:                             612496 Byte
20220314 061559.074 INFO             PET1 PIOc_freedecomp Enter - MemInfo: [malloc] Top-most, releasable space:                   371744 Byte
20220314 061559.074 INFO             PET1 PIOc_freedecomp Enter - MemInfo: [malloc] Total space in use, mmap + non-mmap:         4552560 Byte
20220314 061559.075 INFO             PET1 PIOc_freedecomp Enter - MemInfo: [malloc] Total space held (mmap + non-mmap):          5165056 Byte
20220314 061559.075 INFO             PET1 PIOc_freedecomp Enter - MemInfo: [malloc] Total space used (mmap + non-mmap):          4561888 Byte
20220314 061559.075 INFO             PET1 PIOc_freedecomp Enter - MemInfo: Wall-clock time since execution start:              0.0325756 seconds
20220314 061559.075 INFO             PET1 PIOc_freedecomp Exit - MemInfo: [/proc/meminfo - SSI]	MemTotal:       65507008 kB
20220314 061559.075 INFO             PET1 PIOc_freedecomp Exit - MemInfo: [/proc/meminfo - SSI]	MemFree:        49897100 kB
20220314 061559.075 INFO             PET1 PIOc_freedecomp Exit - MemInfo: [/proc/meminfo - SSI]	MemAvailable:   49660696 kB
20220314 061559.075 INFO             PET1 PIOc_freedecomp Exit - MemInfo: [/proc/meminfo - SSI]	Committed_AS:   12985156 kB
20220314 061559.075 INFO             PET1 PIOc_freedecomp Exit - MemInfo: [/proc/meminfo - SSI]	CommittedPercent: 19.8225 %
20220314 061559.075 INFO             PET1 PIOc_freedecomp Exit - MemInfo: [/proc/self/status]	VmPeak:	  500208 kB
20220314 061559.075 INFO             PET1 PIOc_freedecomp Exit - MemInfo: [/proc/self/status]	VmSize:	  500208 kB
20220314 061559.075 INFO             PET1 PIOc_freedecomp Exit - MemInfo: [/proc/self/status]	VmLck:	       0 kB
20220314 061559.075 INFO             PET1 PIOc_freedecomp Exit - MemInfo: [/proc/self/status]	VmPin:	       0 kB
20220314 061559.075 INFO             PET1 PIOc_freedecomp Exit - MemInfo: [/proc/self/status]	VmHWM:	   64524 kB
20220314 061559.075 INFO             PET1 PIOc_freedecomp Exit - MemInfo: [/proc/self/status]	VmRSS:	   20072 kB
20220314 061559.075 INFO             PET1 PIOc_freedecomp Exit - MemInfo: [/proc/self/status]	VmData:	   15532 kB
20220314 061559.075 INFO             PET1 PIOc_freedecomp Exit - MemInfo: [/proc/self/status]	VmStk:	     148 kB
20220314 061559.075 INFO             PET1 PIOc_freedecomp Exit - MemInfo: [/proc/self/status]	VmExe:	     192 kB
20220314 061559.075 INFO             PET1 PIOc_freedecomp Exit - MemInfo: [/proc/self/status]	VmLib:	   48668 kB
20220314 061559.075 INFO             PET1 PIOc_freedecomp Exit - MemInfo: [/proc/self/status]	VmPTE:	     720 kB
20220314 061559.075 INFO             PET1 PIOc_freedecomp Exit - MemInfo: [/proc/self/status]	VmPMD:	      16 kB
20220314 061559.075 INFO             PET1 PIOc_freedecomp Exit - MemInfo: [/proc/self/status]	VmSwap:	       0 kB
20220314 061559.075 INFO             PET1 PIOc_freedecomp Exit - MemInfo: [/proc/self/status]	VmRSSPercent: 0.030641 %
20220314 061559.075 INFO             PET1 PIOc_freedecomp Exit - MemInfo: [malloc] Non-mmapped space allocated:                 3584000 Byte
20220314 061559.075 INFO             PET1 PIOc_freedecomp Exit - MemInfo: [malloc] Space allocated in mmapped regions:          1581056 Byte
20220314 061559.075 INFO             PET1 PIOc_freedecomp Exit - MemInfo: [malloc] Maximum total allocated space:                     0 Byte
20220314 061559.075 INFO             PET1 PIOc_freedecomp Exit - MemInfo: [malloc] Space in freed fastbin blocks:                  1824 Byte
20220314 061559.075 INFO             PET1 PIOc_freedecomp Exit - MemInfo: [malloc] Total allocated space:                       2968560 Byte
20220314 061559.075 INFO             PET1 PIOc_freedecomp Exit - MemInfo: [malloc] Total free space:                             615440 Byte
20220314 061559.075 INFO             PET1 PIOc_freedecomp Exit - MemInfo: [malloc] Top-most, releasable space:                   371744 Byte
20220314 061559.075 INFO             PET1 PIOc_freedecomp Exit - MemInfo: [malloc] Total space in use, mmap + non-mmap:         4549616 Byte
20220314 061559.075 INFO             PET1 PIOc_freedecomp Exit - MemInfo: [malloc] Total space held (mmap + non-mmap):          5165056 Byte
20220314 061559.075 INFO             PET1 PIOc_freedecomp Exit - MemInfo: [malloc] Total space used (mmap + non-mmap):          4558944 Byte
20220314 061559.075 INFO             PET1 PIOc_freedecomp Exit - MemInfo: Wall-clock time since execution start:              0.0329193 seconds
20220314 061559.075 INFO             PET1 PASS ESMC_FieldRegridStoreFile test, ESMC_FieldSMMFromFileUTest.C, line 199
20220314 061559.082 INFO             PET1 PASS ESMC_FieldSMMStore from File test, ESMC_FieldSMMFromFileUTest.C, line 229
20220314 061559.082 INFO             PET1 PASS ESMC_FieldSMMStore From File validation, ESMC_FieldSMMFromFileUTest.C, line 257
20220314 061559.082 INFO             PET1 PASS ESMC_FieldRegridRelease, ESMC_FieldSMMFromFileUTest.C, line 271
20220314 061559.082 INFO             PET1 Ending Test, file ESMC_FieldSMMFromFileUTest.C, line 289
20220314 061559.082 INFO             PET1 Finalizing ESMF
20220314 061559.043 INFO             PET2 !!!!!!!!!!!!!!!!!!!!!!!!!!!!!!!!!!!!!!!!!!!!!!!!!!!!!!
20220314 061559.043 INFO             PET2 !!! THE ESMF_LOG IS SET TO OUTPUT ALL LOG MESSAGES !!!
20220314 061559.043 INFO             PET2 !!!     THIS MAY CAUSE SLOWDOWN IN PERFORMANCE     !!!
20220314 061559.043 INFO             PET2 !!! FOR PRODUCTION RUNS, USE:                      !!!
20220314 061559.043 INFO             PET2 !!!                   ESMF_LOGKIND_Multi_On_Error  !!!
20220314 061559.043 INFO             PET2 !!!!!!!!!!!!!!!!!!!!!!!!!!!!!!!!!!!!!!!!!!!!!!!!!!!!!!
20220314 061559.043 INFO             PET2 Running with ESMF Version   : v8.3.0b09-96-g559b459836
20220314 061559.043 INFO             PET2 ESMF library build date/time: "Mar 14 2022" "05:59:48"
20220314 061559.043 INFO             PET2 ESMF library build location : /glade/scratch/rlong/esmf-testing/gfortran_9.1.0_openmpi_O_jedwards_pio_update2
20220314 061559.043 INFO             PET2 ESMF_COMM                   : openmpi
20220314 061559.043 INFO             PET2 ESMF_MOAB                   : enabled
20220314 061559.043 INFO             PET2 ESMF_LAPACK                 : enabled
20220314 061559.043 INFO             PET2 ESMF_NETCDF                 : enabled
20220314 061559.043 INFO             PET2 ESMF_PNETCDF                : disabled
20220314 061559.043 INFO             PET2 ESMF_PIO                    : enabled
20220314 061559.043 INFO             PET2 ESMF_YAMLCPP                : enabled
20220314 061559.043 INFO             PET2 Beginning Test, file ESMC_FieldSMMFromFileUTest.C, line 41
20220314 061559.043 INFO             PET2 Beginning Test, file ESMC_FieldSMMFromFileUTest.C, line 41NUMBER_OF_PROCESSORS 4
20220314 061559.060 INFO             PET2 PIOc_sync Enter - MemInfo: [/proc/meminfo - SSI]	MemTotal:       65507008 kB
20220314 061559.060 INFO             PET2 PIOc_sync Enter - MemInfo: [/proc/meminfo - SSI]	MemFree:        49889540 kB
20220314 061559.060 INFO             PET2 PIOc_sync Enter - MemInfo: [/proc/meminfo - SSI]	MemAvailable:   49653136 kB
20220314 061559.060 INFO             PET2 PIOc_sync Enter - MemInfo: [/proc/meminfo - SSI]	Committed_AS:   12985276 kB
20220314 061559.060 INFO             PET2 PIOc_sync Enter - MemInfo: [/proc/meminfo - SSI]	CommittedPercent: 19.8227 %
20220314 061559.060 INFO             PET2 PIOc_sync Enter - MemInfo: [/proc/self/status]	VmPeak:	  500288 kB
20220314 061559.060 INFO             PET2 PIOc_sync Enter - MemInfo: [/proc/self/status]	VmSize:	  500288 kB
20220314 061559.060 INFO             PET2 PIOc_sync Enter - MemInfo: [/proc/self/status]	VmLck:	       0 kB
20220314 061559.060 INFO             PET2 PIOc_sync Enter - MemInfo: [/proc/self/status]	VmPin:	       0 kB
20220314 061559.060 INFO             PET2 PIOc_sync Enter - MemInfo: [/proc/self/status]	VmHWM:	   64536 kB
20220314 061559.060 INFO             PET2 PIOc_sync Enter - MemInfo: [/proc/self/status]	VmRSS:	   19968 kB
20220314 061559.060 INFO             PET2 PIOc_sync Enter - MemInfo: [/proc/self/status]	VmData:	   15612 kB
20220314 061559.060 INFO             PET2 PIOc_sync Enter - MemInfo: [/proc/self/status]	VmStk:	     148 kB
20220314 061559.060 INFO             PET2 PIOc_sync Enter - MemInfo: [/proc/self/status]	VmExe:	     192 kB
20220314 061559.060 INFO             PET2 PIOc_sync Enter - MemInfo: [/proc/self/status]	VmLib:	   48668 kB
20220314 061559.060 INFO             PET2 PIOc_sync Enter - MemInfo: [/proc/self/status]	VmPTE:	     720 kB
20220314 061559.060 INFO             PET2 PIOc_sync Enter - MemInfo: [/proc/self/status]	VmPMD:	      16 kB
20220314 061559.060 INFO             PET2 PIOc_sync Enter - MemInfo: [/proc/self/status]	VmSwap:	       0 kB
20220314 061559.060 INFO             PET2 PIOc_sync Enter - MemInfo: [/proc/self/status]	VmRSSPercent: 0.0304822 %
20220314 061559.060 INFO             PET2 PIOc_sync Enter - MemInfo: [malloc] Non-mmapped space allocated:                 3665920 Byte
20220314 061559.060 INFO             PET2 PIOc_sync Enter - MemInfo: [malloc] Space allocated in mmapped regions:          1581056 Byte
20220314 061559.062 INFO             PET2 PIOc_sync Enter - MemInfo: [malloc] Maximum total allocated space:                     0 Byte
20220314 061559.062 INFO             PET2 PIOc_sync Enter - MemInfo: [malloc] Space in freed fastbin blocks:                  2800 Byte
20220314 061559.062 INFO             PET2 PIOc_sync Enter - MemInfo: [malloc] Total allocated space:                       2973632 Byte
20220314 061559.062 INFO             PET2 PIOc_sync Enter - MemInfo: [malloc] Total free space:                             692288 Byte
20220314 061559.062 INFO             PET2 PIOc_sync Enter - MemInfo: [malloc] Top-most, releasable space:                   453536 Byte
20220314 061559.062 INFO             PET2 PIOc_sync Enter - MemInfo: [malloc] Total space in use, mmap + non-mmap:         4554688 Byte
20220314 061559.062 INFO             PET2 PIOc_sync Enter - MemInfo: [malloc] Total space held (mmap + non-mmap):          5246976 Byte
20220314 061559.062 INFO             PET2 PIOc_sync Enter - MemInfo: [malloc] Total space used (mmap + non-mmap):          4564016 Byte
20220314 061559.062 INFO             PET2 PIOc_sync Enter - MemInfo: Wall-clock time since execution start:              0.0213298 seconds
20220314 061559.063 INFO             PET2 PIOc_sync Exit - MemInfo: [/proc/meminfo - SSI]	MemTotal:       65507008 kB
20220314 061559.063 INFO             PET2 PIOc_sync Exit - MemInfo: [/proc/meminfo - SSI]	MemFree:        49889540 kB
20220314 061559.063 INFO             PET2 PIOc_sync Exit - MemInfo: [/proc/meminfo - SSI]	MemAvailable:   49653136 kB
20220314 061559.063 INFO             PET2 PIOc_sync Exit - MemInfo: [/proc/meminfo - SSI]	Committed_AS:   12985276 kB
20220314 061559.063 INFO             PET2 PIOc_sync Exit - MemInfo: [/proc/meminfo - SSI]	CommittedPercent: 19.8227 %
20220314 061559.063 INFO             PET2 PIOc_sync Exit - MemInfo: [/proc/self/status]	VmPeak:	  500288 kB
20220314 061559.063 INFO             PET2 PIOc_sync Exit - MemInfo: [/proc/self/status]	VmSize:	  500288 kB
20220314 061559.063 INFO             PET2 PIOc_sync Exit - MemInfo: [/proc/self/status]	VmLck:	       0 kB
20220314 061559.063 INFO             PET2 PIOc_sync Exit - MemInfo: [/proc/self/status]	VmPin:	       0 kB
20220314 061559.063 INFO             PET2 PIOc_sync Exit - MemInfo: [/proc/self/status]	VmHWM:	   64536 kB
20220314 061559.063 INFO             PET2 PIOc_sync Exit - MemInfo: [/proc/self/status]	VmRSS:	   20028 kB
