build time -- 2022-03-13 06:01:57.957279
20220313 061444.391 INFO             PET0 !!!!!!!!!!!!!!!!!!!!!!!!!!!!!!!!!!!!!!!!!!!!!!!!!!!!!!
20220313 061444.391 INFO             PET0 !!! THE ESMF_LOG IS SET TO OUTPUT ALL LOG MESSAGES !!!
20220313 061444.391 INFO             PET0 !!!     THIS MAY CAUSE SLOWDOWN IN PERFORMANCE     !!!
20220313 061444.391 INFO             PET0 !!! FOR PRODUCTION RUNS, USE:                      !!!
20220313 061444.391 INFO             PET0 !!!                   ESMF_LOGKIND_Multi_On_Error  !!!
20220313 061444.391 INFO             PET0 !!!!!!!!!!!!!!!!!!!!!!!!!!!!!!!!!!!!!!!!!!!!!!!!!!!!!!
20220313 061444.391 INFO             PET0 Running with ESMF Version   : v8.3.0b09-96-g559b459836
20220313 061444.391 INFO             PET0 ESMF library build date/time: "Mar 13 2022" "05:59:55"
20220313 061444.391 INFO             PET0 ESMF library build location : /glade/scratch/rlong/esmf-testing/gfortran_9.1.0_openmpi_O_jedwards_pio_update2
20220313 061444.391 INFO             PET0 ESMF_COMM                   : openmpi
20220313 061444.391 INFO             PET0 ESMF_MOAB                   : enabled
20220313 061444.391 INFO             PET0 ESMF_LAPACK                 : enabled
20220313 061444.391 INFO             PET0 ESMF_NETCDF                 : enabled
20220313 061444.391 INFO             PET0 ESMF_PNETCDF                : disabled
20220313 061444.391 INFO             PET0 ESMF_PIO                    : enabled
20220313 061444.391 INFO             PET0 ESMF_YAMLCPP                : enabled
20220313 061444.391 INFO             PET0  Beginning Test, file ESMF_IOUTest.F90, line 57
20220313 061444.391 INFO             PET0  NUMBER_OF_PROCESSORS           4
20220313 061444.391 INFO             PET0 Starting Test:  ESMF_OutputWeightFile
20220313 061444.402 INFO             PET0 PIOc_sync Enter - MemInfo: [/proc/meminfo - SSI]	MemTotal:       65507008 kB
20220313 061444.402 INFO             PET0 PIOc_sync Enter - MemInfo: [/proc/meminfo - SSI]	MemFree:        50240656 kB
20220313 061444.402 INFO             PET0 PIOc_sync Enter - MemInfo: [/proc/meminfo - SSI]	MemAvailable:   50000216 kB
20220313 061444.402 INFO             PET0 PIOc_sync Enter - MemInfo: [/proc/meminfo - SSI]	Committed_AS:   12890620 kB
20220313 061444.402 INFO             PET0 PIOc_sync Enter - MemInfo: [/proc/meminfo - SSI]	CommittedPercent: 19.6782 %
20220313 061444.402 INFO             PET0 PIOc_sync Enter - MemInfo: [/proc/self/status]	VmPeak:	  523156 kB
20220313 061444.402 INFO             PET0 PIOc_sync Enter - MemInfo: [/proc/self/status]	VmSize:	  523156 kB
20220313 061444.402 INFO             PET0 PIOc_sync Enter - MemInfo: [/proc/self/status]	VmLck:	       0 kB
20220313 061444.402 INFO             PET0 PIOc_sync Enter - MemInfo: [/proc/self/status]	VmPin:	       0 kB
20220313 061444.402 INFO             PET0 PIOc_sync Enter - MemInfo: [/proc/self/status]	VmHWM:	   64840 kB
20220313 061444.402 INFO             PET0 PIOc_sync Enter - MemInfo: [/proc/self/status]	VmRSS:	   35952 kB
20220313 061444.402 INFO             PET0 PIOc_sync Enter - MemInfo: [/proc/self/status]	VmData:	   32048 kB
20220313 061444.402 INFO             PET0 PIOc_sync Enter - MemInfo: [/proc/self/status]	VmStk:	     148 kB
20220313 061444.402 INFO             PET0 PIOc_sync Enter - MemInfo: [/proc/self/status]	VmExe:	     200 kB
20220313 061444.402 INFO             PET0 PIOc_sync Enter - MemInfo: [/proc/self/status]	VmLib:	   49404 kB
20220313 061444.402 INFO             PET0 PIOc_sync Enter - MemInfo: [/proc/self/status]	VmPTE:	     772 kB
20220313 061444.402 INFO             PET0 PIOc_sync Enter - MemInfo: [/proc/self/status]	VmPMD:	      12 kB
20220313 061444.402 INFO             PET0 PIOc_sync Enter - MemInfo: [/proc/self/status]	VmSwap:	       0 kB
20220313 061444.402 INFO             PET0 PIOc_sync Enter - MemInfo: [/proc/self/status]	VmRSSPercent: 0.0548827 %
20220313 061444.402 INFO             PET0 PIOc_sync Enter - MemInfo: [malloc] Non-mmapped space allocated:                 3170304 Byte
20220313 061444.405 INFO             PET0 PIOc_sync Enter - MemInfo: [malloc] Space allocated in mmapped regions:         18890752 Byte
20220313 061444.405 INFO             PET0 PIOc_sync Enter - MemInfo: [malloc] Maximum total allocated space:                     0 Byte
20220313 061444.405 INFO             PET0 PIOc_sync Enter - MemInfo: [malloc] Space in freed fastbin blocks:                  1584 Byte
20220313 061444.405 INFO             PET0 PIOc_sync Enter - MemInfo: [malloc] Total allocated space:                       2638624 Byte
20220313 061444.405 INFO             PET0 PIOc_sync Enter - MemInfo: [malloc] Total free space:                             531680 Byte
20220313 061444.405 INFO             PET0 PIOc_sync Enter - MemInfo: [malloc] Top-most, releasable space:                    36976 Byte
20220313 061444.405 INFO             PET0 PIOc_sync Enter - MemInfo: [malloc] Total space in use, mmap + non-mmap:        21529376 Byte
20220313 061444.405 INFO             PET0 PIOc_sync Enter - MemInfo: [malloc] Total space held (mmap + non-mmap):         22061056 Byte
20220313 061444.405 INFO             PET0 PIOc_sync Enter - MemInfo: [malloc] Total space used (mmap + non-mmap):         21538704 Byte
20220313 061444.405 INFO             PET0 PIOc_sync Enter - MemInfo: Wall-clock time since execution start:                0.01521 seconds
20220313 061444.405 INFO             PET0 PIOc_sync Exit - MemInfo: [/proc/meminfo - SSI]	MemTotal:       65507008 kB
20220313 061444.405 INFO             PET0 PIOc_sync Exit - MemInfo: [/proc/meminfo - SSI]	MemFree:        50240656 kB
20220313 061444.405 INFO             PET0 PIOc_sync Exit - MemInfo: [/proc/meminfo - SSI]	MemAvailable:   50000216 kB
20220313 061444.405 INFO             PET0 PIOc_sync Exit - MemInfo: [/proc/meminfo - SSI]	Committed_AS:   12890620 kB
20220313 061444.405 INFO             PET0 PIOc_sync Exit - MemInfo: [/proc/meminfo - SSI]	CommittedPercent: 19.6782 %
20220313 061444.405 INFO             PET0 PIOc_sync Exit - MemInfo: [/proc/self/status]	VmPeak:	  523156 kB
20220313 061444.405 INFO             PET0 PIOc_sync Exit - MemInfo: [/proc/self/status]	VmSize:	  523156 kB
20220313 061444.405 INFO             PET0 PIOc_sync Exit - MemInfo: [/proc/self/status]	VmLck:	       0 kB
20220313 061444.405 INFO             PET0 PIOc_sync Exit - MemInfo: [/proc/self/status]	VmPin:	       0 kB
20220313 061444.405 INFO             PET0 PIOc_sync Exit - MemInfo: [/proc/self/status]	VmHWM:	   64840 kB
20220313 061444.405 INFO             PET0 PIOc_sync Exit - MemInfo: [/proc/self/status]	VmRSS:	   36092 kB
20220313 061444.405 INFO             PET0 PIOc_sync Exit - MemInfo: [/proc/self/status]	VmData:	   32048 kB
20220313 061444.405 INFO             PET0 PIOc_sync Exit - MemInfo: [/proc/self/status]	VmStk:	     148 kB
20220313 061444.405 INFO             PET0 PIOc_sync Exit - MemInfo: [/proc/self/status]	VmExe:	     200 kB
20220313 061444.405 INFO             PET0 PIOc_sync Exit - MemInfo: [/proc/self/status]	VmLib:	   49404 kB
20220313 061444.405 INFO             PET0 PIOc_sync Exit - MemInfo: [/proc/self/status]	VmPTE:	     772 kB
20220313 061444.405 INFO             PET0 PIOc_sync Exit - MemInfo: [/proc/self/status]	VmPMD:	      12 kB
20220313 061444.405 INFO             PET0 PIOc_sync Exit - MemInfo: [/proc/self/status]	VmSwap:	       0 kB
20220313 061444.405 INFO             PET0 PIOc_sync Exit - MemInfo: [/proc/self/status]	VmRSSPercent: 0.0550964 %
20220313 061444.405 INFO             PET0 PIOc_sync Exit - MemInfo: [malloc] Non-mmapped space allocated:                 3170304 Byte
20220313 061444.405 INFO             PET0 PIOc_sync Exit - MemInfo: [malloc] Space allocated in mmapped regions:         18890752 Byte
20220313 061444.405 INFO             PET0 PIOc_sync Exit - MemInfo: [malloc] Maximum total allocated space:                     0 Byte
20220313 061444.405 INFO             PET0 PIOc_sync Exit - MemInfo: [malloc] Space in freed fastbin blocks:                  1344 Byte
20220313 061444.405 INFO             PET0 PIOc_sync Exit - MemInfo: [malloc] Total allocated space:                       2641408 Byte
20220313 061444.405 INFO             PET0 PIOc_sync Exit - MemInfo: [malloc] Total free space:                             528896 Byte
20220313 061444.405 INFO             PET0 PIOc_sync Exit - MemInfo: [malloc] Top-most, releasable space:                    36976 Byte
20220313 061444.405 INFO             PET0 PIOc_sync Exit - MemInfo: [malloc] Total space in use, mmap + non-mmap:        21532160 Byte
20220313 061444.405 INFO             PET0 PIOc_sync Exit - MemInfo: [malloc] Total space held (mmap + non-mmap):         22061056 Byte
20220313 061444.405 INFO             PET0 PIOc_sync Exit - MemInfo: [malloc] Total space used (mmap + non-mmap):         21541488 Byte
20220313 061444.405 INFO             PET0 PIOc_sync Exit - MemInfo: Wall-clock time since execution start:              0.0157443 seconds
20220313 061444.406 INFO             PET0 PIOc_freedecomp Enter - MemInfo: [/proc/meminfo - SSI]	MemTotal:       65507008 kB
20220313 061444.406 INFO             PET0 PIOc_freedecomp Enter - MemInfo: [/proc/meminfo - SSI]	MemFree:        50255776 kB
20220313 061444.406 INFO             PET0 PIOc_freedecomp Enter - MemInfo: [/proc/meminfo - SSI]	MemAvailable:   50015336 kB
20220313 061444.406 INFO             PET0 PIOc_freedecomp Enter - MemInfo: [/proc/meminfo - SSI]	Committed_AS:   12874232 kB
20220313 061444.406 INFO             PET0 PIOc_freedecomp Enter - MemInfo: [/proc/meminfo - SSI]	CommittedPercent: 19.6532 %
20220313 061444.406 INFO             PET0 PIOc_freedecomp Enter - MemInfo: [/proc/self/status]	VmPeak:	  523156 kB
20220313 061444.406 INFO             PET0 PIOc_freedecomp Enter - MemInfo: [/proc/self/status]	VmSize:	  506252 kB
20220313 061444.406 INFO             PET0 PIOc_freedecomp Enter - MemInfo: [/proc/self/status]	VmLck:	       0 kB
20220313 061444.406 INFO             PET0 PIOc_freedecomp Enter - MemInfo: [/proc/self/status]	VmPin:	       0 kB
20220313 061444.406 INFO             PET0 PIOc_freedecomp Enter - MemInfo: [/proc/self/status]	VmHWM:	   64840 kB
20220313 061444.406 INFO             PET0 PIOc_freedecomp Enter - MemInfo: [/proc/self/status]	VmRSS:	   19700 kB
20220313 061444.406 INFO             PET0 PIOc_freedecomp Enter - MemInfo: [/proc/self/status]	VmData:	   15144 kB
20220313 061444.406 INFO             PET0 PIOc_freedecomp Enter - MemInfo: [/proc/self/status]	VmStk:	     148 kB
20220313 061444.406 INFO             PET0 PIOc_freedecomp Enter - MemInfo: [/proc/self/status]	VmExe:	     200 kB
20220313 061444.406 INFO             PET0 PIOc_freedecomp Enter - MemInfo: [/proc/self/status]	VmLib:	   49404 kB
20220313 061444.406 INFO             PET0 PIOc_freedecomp Enter - MemInfo: [/proc/self/status]	VmPTE:	     740 kB
20220313 061444.406 INFO             PET0 PIOc_freedecomp Enter - MemInfo: [/proc/self/status]	VmPMD:	      12 kB
20220313 061444.406 INFO             PET0 PIOc_freedecomp Enter - MemInfo: [/proc/self/status]	VmSwap:	       0 kB
20220313 061444.406 INFO             PET0 PIOc_freedecomp Enter - MemInfo: [/proc/self/status]	VmRSSPercent: 0.0300731 %
20220313 061444.406 INFO             PET0 PIOc_freedecomp Enter - MemInfo: [malloc] Non-mmapped space allocated:                 3170304 Byte
20220313 061444.406 INFO             PET0 PIOc_freedecomp Enter - MemInfo: [malloc] Space allocated in mmapped regions:          1581056 Byte
20220313 061444.406 INFO             PET0 PIOc_freedecomp Enter - MemInfo: [malloc] Maximum total allocated space:                     0 Byte
20220313 061444.406 INFO             PET0 PIOc_freedecomp Enter - MemInfo: [malloc] Space in freed fastbin blocks:                  2672 Byte
20220313 061444.406 INFO             PET0 PIOc_freedecomp Enter - MemInfo: [malloc] Total allocated space:                       2628288 Byte
20220313 061444.406 INFO             PET0 PIOc_freedecomp Enter - MemInfo: [malloc] Total free space:                             542016 Byte
20220313 061444.406 INFO             PET0 PIOc_freedecomp Enter - MemInfo: [malloc] Top-most, releasable space:                    36976 Byte
20220313 061444.406 INFO             PET0 PIOc_freedecomp Enter - MemInfo: [malloc] Total space in use, mmap + non-mmap:         4209344 Byte
20220313 061444.406 INFO             PET0 PIOc_freedecomp Enter - MemInfo: [malloc] Total space held (mmap + non-mmap):          4751360 Byte
20220313 061444.406 INFO             PET0 PIOc_freedecomp Enter - MemInfo: [malloc] Total space used (mmap + non-mmap):          4218672 Byte
20220313 061444.406 INFO             PET0 PIOc_freedecomp Enter - MemInfo: Wall-clock time since execution start:              0.0168682 seconds
20220313 061444.406 INFO             PET0 PIOc_freedecomp Exit - MemInfo: [/proc/meminfo - SSI]	MemTotal:       65507008 kB
20220313 061444.406 INFO             PET0 PIOc_freedecomp Exit - MemInfo: [/proc/meminfo - SSI]	MemFree:        50255776 kB
20220313 061444.406 INFO             PET0 PIOc_freedecomp Exit - MemInfo: [/proc/meminfo - SSI]	MemAvailable:   50015336 kB
20220313 061444.407 INFO             PET0 PIOc_freedecomp Exit - MemInfo: [/proc/meminfo - SSI]	Committed_AS:   12874232 kB
20220313 061444.407 INFO             PET0 PIOc_freedecomp Exit - MemInfo: [/proc/meminfo - SSI]	CommittedPercent: 19.6532 %
20220313 061444.407 INFO             PET0 PIOc_freedecomp Exit - MemInfo: [/proc/self/status]	VmPeak:	  523156 kB
20220313 061444.407 INFO             PET0 PIOc_freedecomp Exit - MemInfo: [/proc/self/status]	VmSize:	  506252 kB
20220313 061444.407 INFO             PET0 PIOc_freedecomp Exit - MemInfo: [/proc/self/status]	VmLck:	       0 kB
20220313 061444.407 INFO             PET0 PIOc_freedecomp Exit - MemInfo: [/proc/self/status]	VmPin:	       0 kB
20220313 061444.407 INFO             PET0 PIOc_freedecomp Exit - MemInfo: [/proc/self/status]	VmHWM:	   64840 kB
20220313 061444.407 INFO             PET0 PIOc_freedecomp Exit - MemInfo: [/proc/self/status]	VmRSS:	   19700 kB
20220313 061444.407 INFO             PET0 PIOc_freedecomp Exit - MemInfo: [/proc/self/status]	VmData:	   15144 kB
20220313 061444.407 INFO             PET0 PIOc_freedecomp Exit - MemInfo: [/proc/self/status]	VmStk:	     148 kB
20220313 061444.407 INFO             PET0 PIOc_freedecomp Exit - MemInfo: [/proc/self/status]	VmExe:	     200 kB
20220313 061444.407 INFO             PET0 PIOc_freedecomp Exit - MemInfo: [/proc/self/status]	VmLib:	   49404 kB
20220313 061444.407 INFO             PET0 PIOc_freedecomp Exit - MemInfo: [/proc/self/status]	VmPTE:	     740 kB
20220313 061444.407 INFO             PET0 PIOc_freedecomp Exit - MemInfo: [/proc/self/status]	VmPMD:	      12 kB
20220313 061444.407 INFO             PET0 PIOc_freedecomp Exit - MemInfo: [/proc/self/status]	VmSwap:	       0 kB
20220313 061444.407 INFO             PET0 PIOc_freedecomp Exit - MemInfo: [/proc/self/status]	VmRSSPercent: 0.0300731 %
20220313 061444.407 INFO             PET0 PIOc_freedecomp Exit - MemInfo: [malloc] Non-mmapped space allocated:                 3170304 Byte
20220313 061444.407 INFO             PET0 PIOc_freedecomp Exit - MemInfo: [malloc] Space allocated in mmapped regions:          1581056 Byte
20220313 061444.407 INFO             PET0 PIOc_freedecomp Exit - MemInfo: [malloc] Maximum total allocated space:                     0 Byte
20220313 061444.407 INFO             PET0 PIOc_freedecomp Exit - MemInfo: [malloc] Space in freed fastbin blocks:                  3232 Byte
20220313 061444.407 INFO             PET0 PIOc_freedecomp Exit - MemInfo: [malloc] Total allocated space:                       2623136 Byte
20220313 061444.407 INFO             PET0 PIOc_freedecomp Exit - MemInfo: [malloc] Total free space:                             547168 Byte
20220313 061444.407 INFO             PET0 PIOc_freedecomp Exit - MemInfo: [malloc] Top-most, releasable space:                    36976 Byte
20220313 061444.407 INFO             PET0 PIOc_freedecomp Exit - MemInfo: [malloc] Total space in use, mmap + non-mmap:         4204192 Byte
20220313 061444.407 INFO             PET0 PIOc_freedecomp Exit - MemInfo: [malloc] Total space held (mmap + non-mmap):          4751360 Byte
20220313 061444.407 INFO             PET0 PIOc_freedecomp Exit - MemInfo: [malloc] Total space used (mmap + non-mmap):          4213520 Byte
20220313 061444.407 INFO             PET0 PIOc_freedecomp Exit - MemInfo: Wall-clock time since execution start:              0.0172241 seconds
20220313 061444.411 INFO             PET0 PIOc_sync Enter - MemInfo: [/proc/meminfo - SSI]	MemTotal:       65507008 kB
20220313 061444.411 INFO             PET0 PIOc_sync Enter - MemInfo: [/proc/meminfo - SSI]	MemFree:        50248720 kB
20220313 061444.411 INFO             PET0 PIOc_sync Enter - MemInfo: [/proc/meminfo - SSI]	MemAvailable:   50008280 kB
20220313 061444.411 INFO             PET0 PIOc_sync Enter - MemInfo: [/proc/meminfo - SSI]	Committed_AS:   12890704 kB
20220313 061444.411 INFO             PET0 PIOc_sync Enter - MemInfo: [/proc/meminfo - SSI]	CommittedPercent: 19.6784 %
20220313 061444.411 INFO             PET0 PIOc_sync Enter - MemInfo: [/proc/self/status]	VmPeak:	  523240 kB
20220313 061444.411 INFO             PET0 PIOc_sync Enter - MemInfo: [/proc/self/status]	VmSize:	  523240 kB
20220313 061444.411 INFO             PET0 PIOc_sync Enter - MemInfo: [/proc/self/status]	VmLck:	       0 kB
20220313 061444.411 INFO             PET0 PIOc_sync Enter - MemInfo: [/proc/self/status]	VmPin:	       0 kB
20220313 061444.411 INFO             PET0 PIOc_sync Enter - MemInfo: [/proc/self/status]	VmHWM:	   64840 kB
20220313 061444.411 INFO             PET0 PIOc_sync Enter - MemInfo: [/proc/self/status]	VmRSS:	   27964 kB
20220313 061444.411 INFO             PET0 PIOc_sync Enter - MemInfo: [/proc/self/status]	VmData:	   32132 kB
20220313 061444.411 INFO             PET0 PIOc_sync Enter - MemInfo: [/proc/self/status]	VmStk:	     148 kB
20220313 061444.411 INFO             PET0 PIOc_sync Enter - MemInfo: [/proc/self/status]	VmExe:	     200 kB
20220313 061444.411 INFO             PET0 PIOc_sync Enter - MemInfo: [/proc/self/status]	VmLib:	   49404 kB
20220313 061444.411 INFO             PET0 PIOc_sync Enter - MemInfo: [/proc/self/status]	VmPTE:	     760 kB
20220313 061444.411 INFO             PET0 PIOc_sync Enter - MemInfo: [/proc/self/status]	VmPMD:	      12 kB
20220313 061444.411 INFO             PET0 PIOc_sync Enter - MemInfo: [/proc/self/status]	VmSwap:	       0 kB
20220313 061444.411 INFO             PET0 PIOc_sync Enter - MemInfo: [/proc/self/status]	VmRSSPercent: 0.0426886 %
20220313 061444.411 INFO             PET0 PIOc_sync Enter - MemInfo: [malloc] Non-mmapped space allocated:                20566016 Byte
20220313 061444.411 INFO             PET0 PIOc_sync Enter - MemInfo: [malloc] Space allocated in mmapped regions:          1581056 Byte
20220313 061444.411 INFO             PET0 PIOc_sync Enter - MemInfo: [malloc] Maximum total allocated space:                     0 Byte
20220313 061444.411 INFO             PET0 PIOc_sync Enter - MemInfo: [malloc] Space in freed fastbin blocks:                  1888 Byte
20220313 061444.411 INFO             PET0 PIOc_sync Enter - MemInfo: [malloc] Total allocated space:                      19940512 Byte
20220313 061444.411 INFO             PET0 PIOc_sync Enter - MemInfo: [malloc] Total free space:                             625504 Byte
20220313 061444.411 INFO             PET0 PIOc_sync Enter - MemInfo: [malloc] Top-most, releasable space:                   131152 Byte
20220313 061444.411 INFO             PET0 PIOc_sync Enter - MemInfo: [malloc] Total space in use, mmap + non-mmap:        21521568 Byte
20220313 061444.411 INFO             PET0 PIOc_sync Enter - MemInfo: [malloc] Total space held (mmap + non-mmap):         22147072 Byte
20220313 061444.411 INFO             PET0 PIOc_sync Enter - MemInfo: [malloc] Total space used (mmap + non-mmap):         21530896 Byte
20220313 061444.411 INFO             PET0 PIOc_sync Enter - MemInfo: Wall-clock time since execution start:               0.021631 seconds
20220313 061444.411 INFO             PET0 PIOc_sync Exit - MemInfo: [/proc/meminfo - SSI]	MemTotal:       65507008 kB
20220313 061444.411 INFO             PET0 PIOc_sync Exit - MemInfo: [/proc/meminfo - SSI]	MemFree:        50248728 kB
20220313 061444.411 INFO             PET0 PIOc_sync Exit - MemInfo: [/proc/meminfo - SSI]	MemAvailable:   50008288 kB
20220313 061444.411 INFO             PET0 PIOc_sync Exit - MemInfo: [/proc/meminfo - SSI]	Committed_AS:   12890704 kB
20220313 061444.411 INFO             PET0 PIOc_sync Exit - MemInfo: [/proc/meminfo - SSI]	CommittedPercent: 19.6784 %
20220313 061444.411 INFO             PET0 PIOc_sync Exit - MemInfo: [/proc/self/status]	VmPeak:	  523240 kB
20220313 061444.411 INFO             PET0 PIOc_sync Exit - MemInfo: [/proc/self/status]	VmSize:	  523240 kB
20220313 061444.411 INFO             PET0 PIOc_sync Exit - MemInfo: [/proc/self/status]	VmLck:	       0 kB
20220313 061444.411 INFO             PET0 PIOc_sync Exit - MemInfo: [/proc/self/status]	VmPin:	       0 kB
20220313 061444.411 INFO             PET0 PIOc_sync Exit - MemInfo: [/proc/self/status]	VmHWM:	   64840 kB
20220313 061444.411 INFO             PET0 PIOc_sync Exit - MemInfo: [/proc/self/status]	VmRSS:	   27968 kB
20220313 061444.411 INFO             PET0 PIOc_sync Exit - MemInfo: [/proc/self/status]	VmData:	   32132 kB
20220313 061444.411 INFO             PET0 PIOc_sync Exit - MemInfo: [/proc/self/status]	VmStk:	     148 kB
20220313 061444.411 INFO             PET0 PIOc_sync Exit - MemInfo: [/proc/self/status]	VmExe:	     200 kB
20220313 061444.411 INFO             PET0 PIOc_sync Exit - MemInfo: [/proc/self/status]	VmLib:	   49404 kB
20220313 061444.411 INFO             PET0 PIOc_sync Exit - MemInfo: [/proc/self/status]	VmPTE:	     760 kB
20220313 061444.411 INFO             PET0 PIOc_sync Exit - MemInfo: [/proc/self/status]	VmPMD:	      12 kB
20220313 061444.412 INFO             PET0 PIOc_sync Exit - MemInfo: [/proc/self/status]	VmSwap:	       0 kB
20220313 061444.412 INFO             PET0 PIOc_sync Exit - MemInfo: [/proc/self/status]	VmRSSPercent: 0.0426947 %
20220313 061444.412 INFO             PET0 PIOc_sync Exit - MemInfo: [malloc] Non-mmapped space allocated:                20566016 Byte
20220313 061444.412 INFO             PET0 PIOc_sync Exit - MemInfo: [malloc] Space allocated in mmapped regions:          1581056 Byte
20220313 061444.412 INFO             PET0 PIOc_sync Exit - MemInfo: [malloc] Maximum total allocated space:                     0 Byte
20220313 061444.412 INFO             PET0 PIOc_sync Exit - MemInfo: [malloc] Space in freed fastbin blocks:                  1360 Byte
20220313 061444.412 INFO             PET0 PIOc_sync Exit - MemInfo: [malloc] Total allocated space:                      19943344 Byte
20220313 061444.412 INFO             PET0 PIOc_sync Exit - MemInfo: [malloc] Total free space:                             622672 Byte
20220313 061444.412 INFO             PET0 PIOc_sync Exit - MemInfo: [malloc] Top-most, releasable space:                   131152 Byte
20220313 061444.412 INFO             PET0 PIOc_sync Exit - MemInfo: [malloc] Total space in use, mmap + non-mmap:        21524400 Byte
20220313 061444.412 INFO             PET0 PIOc_sync Exit - MemInfo: [malloc] Total space held (mmap + non-mmap):         22147072 Byte
20220313 061444.412 INFO             PET0 PIOc_sync Exit - MemInfo: [malloc] Total space used (mmap + non-mmap):         21533728 Byte
20220313 061444.412 INFO             PET0 PIOc_sync Exit - MemInfo: Wall-clock time since execution start:              0.0220713 seconds
20220313 061444.412 INFO             PET0 PIOc_freedecomp Enter - MemInfo: [/proc/meminfo - SSI]	MemTotal:       65507008 kB
20220313 061444.412 INFO             PET0 PIOc_freedecomp Enter - MemInfo: [/proc/meminfo - SSI]	MemFree:        50248728 kB
20220313 061444.412 INFO             PET0 PIOc_freedecomp Enter - MemInfo: [/proc/meminfo - SSI]	MemAvailable:   50008288 kB
20220313 061444.412 INFO             PET0 PIOc_freedecomp Enter - MemInfo: [/proc/meminfo - SSI]	Committed_AS:   12890704 kB
20220313 061444.412 INFO             PET0 PIOc_freedecomp Enter - MemInfo: [/proc/meminfo - SSI]	CommittedPercent: 19.6784 %
20220313 061444.412 INFO             PET0 PIOc_freedecomp Enter - MemInfo: [/proc/self/status]	VmPeak:	  523240 kB
20220313 061444.412 INFO             PET0 PIOc_freedecomp Enter - MemInfo: [/proc/self/status]	VmSize:	  523240 kB
20220313 061444.412 INFO             PET0 PIOc_freedecomp Enter - MemInfo: [/proc/self/status]	VmLck:	       0 kB
20220313 061444.412 INFO             PET0 PIOc_freedecomp Enter - MemInfo: [/proc/self/status]	VmPin:	       0 kB
20220313 061444.412 INFO             PET0 PIOc_freedecomp Enter - MemInfo: [/proc/self/status]	VmHWM:	   64840 kB
20220313 061444.412 INFO             PET0 PIOc_freedecomp Enter - MemInfo: [/proc/self/status]	VmRSS:	   27968 kB
20220313 061444.412 INFO             PET0 PIOc_freedecomp Enter - MemInfo: [/proc/self/status]	VmData:	   32132 kB
20220313 061444.412 INFO             PET0 PIOc_freedecomp Enter - MemInfo: [/proc/self/status]	VmStk:	     148 kB
20220313 061444.412 INFO             PET0 PIOc_freedecomp Enter - MemInfo: [/proc/self/status]	VmExe:	     200 kB
20220313 061444.412 INFO             PET0 PIOc_freedecomp Enter - MemInfo: [/proc/self/status]	VmLib:	   49404 kB
20220313 061444.412 INFO             PET0 PIOc_freedecomp Enter - MemInfo: [/proc/self/status]	VmPTE:	     760 kB
20220313 061444.412 INFO             PET0 PIOc_freedecomp Enter - MemInfo: [/proc/self/status]	VmPMD:	      12 kB
20220313 061444.412 INFO             PET0 PIOc_freedecomp Enter - MemInfo: [/proc/self/status]	VmSwap:	       0 kB
20220313 061444.412 INFO             PET0 PIOc_freedecomp Enter - MemInfo: [/proc/self/status]	VmRSSPercent: 0.0426947 %
20220313 061444.412 INFO             PET0 PIOc_freedecomp Enter - MemInfo: [malloc] Non-mmapped space allocated:                20566016 Byte
20220313 061444.412 INFO             PET0 PIOc_freedecomp Enter - MemInfo: [malloc] Space allocated in mmapped regions:          1581056 Byte
20220313 061444.412 INFO             PET0 PIOc_freedecomp Enter - MemInfo: [malloc] Maximum total allocated space:                     0 Byte
20220313 061444.412 INFO             PET0 PIOc_freedecomp Enter - MemInfo: [malloc] Space in freed fastbin blocks:                  1536 Byte
20220313 061444.412 INFO             PET0 PIOc_freedecomp Enter - MemInfo: [malloc] Total allocated space:                       2628304 Byte
20220313 061444.412 INFO             PET0 PIOc_freedecomp Enter - MemInfo: [malloc] Total free space:                           17937712 Byte
20220313 061444.412 INFO             PET0 PIOc_freedecomp Enter - MemInfo: [malloc] Top-most, releasable space:                 17432688 Byte
20220313 061444.412 INFO             PET0 PIOc_freedecomp Enter - MemInfo: [malloc] Total space in use, mmap + non-mmap:         4209360 Byte
20220313 061444.412 INFO             PET0 PIOc_freedecomp Enter - MemInfo: [malloc] Total space held (mmap + non-mmap):         22147072 Byte
20220313 061444.412 INFO             PET0 PIOc_freedecomp Enter - MemInfo: [malloc] Total space used (mmap + non-mmap):          4218704 Byte
20220313 061444.412 INFO             PET0 PIOc_freedecomp Enter - MemInfo: Wall-clock time since execution start:              0.0224658 seconds
20220313 061444.412 INFO             PET0 PIOc_freedecomp Exit - MemInfo: [/proc/meminfo - SSI]	MemTotal:       65507008 kB
20220313 061444.412 INFO             PET0 PIOc_freedecomp Exit - MemInfo: [/proc/meminfo - SSI]	MemFree:        50248728 kB
20220313 061444.412 INFO             PET0 PIOc_freedecomp Exit - MemInfo: [/proc/meminfo - SSI]	MemAvailable:   50008288 kB
20220313 061444.412 INFO             PET0 PIOc_freedecomp Exit - MemInfo: [/proc/meminfo - SSI]	Committed_AS:   12890704 kB
20220313 061444.412 INFO             PET0 PIOc_freedecomp Exit - MemInfo: [/proc/meminfo - SSI]	CommittedPercent: 19.6784 %
20220313 061444.412 INFO             PET0 PIOc_freedecomp Exit - MemInfo: [/proc/self/status]	VmPeak:	  523240 kB
20220313 061444.412 INFO             PET0 PIOc_freedecomp Exit - MemInfo: [/proc/self/status]	VmSize:	  523240 kB
20220313 061444.412 INFO             PET0 PIOc_freedecomp Exit - MemInfo: [/proc/self/status]	VmLck:	       0 kB
20220313 061444.412 INFO             PET0 PIOc_freedecomp Exit - MemInfo: [/proc/self/status]	VmPin:	       0 kB
20220313 061444.412 INFO             PET0 PIOc_freedecomp Exit - MemInfo: [/proc/self/status]	VmHWM:	   64840 kB
20220313 061444.412 INFO             PET0 PIOc_freedecomp Exit - MemInfo: [/proc/self/status]	VmRSS:	   27968 kB
20220313 061444.412 INFO             PET0 PIOc_freedecomp Exit - MemInfo: [/proc/self/status]	VmData:	   32132 kB
20220313 061444.412 INFO             PET0 PIOc_freedecomp Exit - MemInfo: [/proc/self/status]	VmStk:	     148 kB
20220313 061444.412 INFO             PET0 PIOc_freedecomp Exit - MemInfo: [/proc/self/status]	VmExe:	     200 kB
20220313 061444.412 INFO             PET0 PIOc_freedecomp Exit - MemInfo: [/proc/self/status]	VmLib:	   49404 kB
20220313 061444.412 INFO             PET0 PIOc_freedecomp Exit - MemInfo: [/proc/self/status]	VmPTE:	     760 kB
20220313 061444.412 INFO             PET0 PIOc_freedecomp Exit - MemInfo: [/proc/self/status]	VmPMD:	      12 kB
20220313 061444.412 INFO             PET0 PIOc_freedecomp Exit - MemInfo: [/proc/self/status]	VmSwap:	       0 kB
20220313 061444.412 INFO             PET0 PIOc_freedecomp Exit - MemInfo: [/proc/self/status]	VmRSSPercent: 0.0426947 %
20220313 061444.412 INFO             PET0 PIOc_freedecomp Exit - MemInfo: [malloc] Non-mmapped space allocated:                20566016 Byte
20220313 061444.412 INFO             PET0 PIOc_freedecomp Exit - MemInfo: [malloc] Space allocated in mmapped regions:          1581056 Byte
20220313 061444.412 INFO             PET0 PIOc_freedecomp Exit - MemInfo: [malloc] Maximum total allocated space:                     0 Byte
20220313 061444.412 INFO             PET0 PIOc_freedecomp Exit - MemInfo: [malloc] Space in freed fastbin blocks:                  2976 Byte
20220313 061444.412 INFO             PET0 PIOc_freedecomp Exit - MemInfo: [malloc] Total allocated space:                       2623152 Byte
20220313 061444.412 INFO             PET0 PIOc_freedecomp Exit - MemInfo: [malloc] Total free space:                           17942864 Byte
20220313 061444.412 INFO             PET0 PIOc_freedecomp Exit - MemInfo: [malloc] Top-most, releasable space:                 17432688 Byte
20220313 061444.412 INFO             PET0 PIOc_freedecomp Exit - MemInfo: [malloc] Total space in use, mmap + non-mmap:         4204208 Byte
20220313 061444.412 INFO             PET0 PIOc_freedecomp Exit - MemInfo: [malloc] Total space held (mmap + non-mmap):         22147072 Byte
20220313 061444.412 INFO             PET0 PIOc_freedecomp Exit - MemInfo: [malloc] Total space used (mmap + non-mmap):          4213536 Byte
20220313 061444.412 INFO             PET0 PIOc_freedecomp Exit - MemInfo: Wall-clock time since execution start:              0.0228192 seconds
20220313 061444.413 INFO             PET0 PIOc_sync Enter - MemInfo: [/proc/meminfo - SSI]	MemTotal:       65507008 kB
20220313 061444.413 INFO             PET0 PIOc_sync Enter - MemInfo: [/proc/meminfo - SSI]	MemFree:        50248728 kB
20220313 061444.413 INFO             PET0 PIOc_sync Enter - MemInfo: [/proc/meminfo - SSI]	MemAvailable:   50008288 kB
20220313 061444.413 INFO             PET0 PIOc_sync Enter - MemInfo: [/proc/meminfo - SSI]	Committed_AS:   12890704 kB
20220313 061444.413 INFO             PET0 PIOc_sync Enter - MemInfo: [/proc/meminfo - SSI]	CommittedPercent: 19.6784 %
20220313 061444.413 INFO             PET0 PIOc_sync Enter - MemInfo: [/proc/self/status]	VmPeak:	  531428 kB
20220313 061444.413 INFO             PET0 PIOc_sync Enter - MemInfo: [/proc/self/status]	VmSize:	  523240 kB
20220313 061444.414 INFO             PET0 PIOc_sync Enter - MemInfo: [/proc/self/status]	VmLck:	       0 kB
20220313 061444.414 INFO             PET0 PIOc_sync Enter - MemInfo: [/proc/self/status]	VmPin:	       0 kB
20220313 061444.414 INFO             PET0 PIOc_sync Enter - MemInfo: [/proc/self/status]	VmHWM:	   64840 kB
20220313 061444.414 INFO             PET0 PIOc_sync Enter - MemInfo: [/proc/self/status]	VmRSS:	   28436 kB
20220313 061444.414 INFO             PET0 PIOc_sync Enter - MemInfo: [/proc/self/status]	VmData:	   32132 kB
20220313 061444.414 INFO             PET0 PIOc_sync Enter - MemInfo: [/proc/self/status]	VmStk:	     148 kB
20220313 061444.414 INFO             PET0 PIOc_sync Enter - MemInfo: [/proc/self/status]	VmExe:	     200 kB
20220313 061444.414 INFO             PET0 PIOc_sync Enter - MemInfo: [/proc/self/status]	VmLib:	   49404 kB
20220313 061444.414 INFO             PET0 PIOc_sync Enter - MemInfo: [/proc/self/status]	VmPTE:	     760 kB
20220313 061444.414 INFO             PET0 PIOc_sync Enter - MemInfo: [/proc/self/status]	VmPMD:	      12 kB
20220313 061444.414 INFO             PET0 PIOc_sync Enter - MemInfo: [/proc/self/status]	VmSwap:	       0 kB
20220313 061444.414 INFO             PET0 PIOc_sync Enter - MemInfo: [/proc/self/status]	VmRSSPercent: 0.0434091 %
20220313 061444.414 INFO             PET0 PIOc_sync Enter - MemInfo: [malloc] Non-mmapped space allocated:                20566016 Byte
20220313 061444.414 INFO             PET0 PIOc_sync Enter - MemInfo: [malloc] Space allocated in mmapped regions:          1581056 Byte
20220313 061444.414 INFO             PET0 PIOc_sync Enter - MemInfo: [malloc] Maximum total allocated space:                     0 Byte
20220313 061444.414 INFO             PET0 PIOc_sync Enter - MemInfo: [malloc] Space in freed fastbin blocks:                  2128 Byte
20220313 061444.414 INFO             PET0 PIOc_sync Enter - MemInfo: [malloc] Total allocated space:                      19941008 Byte
20220313 061444.414 INFO             PET0 PIOc_sync Enter - MemInfo: [malloc] Total free space:                             625008 Byte
20220313 061444.414 INFO             PET0 PIOc_sync Enter - MemInfo: [malloc] Top-most, releasable space:                   131152 Byte
20220313 061444.414 INFO             PET0 PIOc_sync Enter - MemInfo: [malloc] Total space in use, mmap + non-mmap:        21522064 Byte
20220313 061444.414 INFO             PET0 PIOc_sync Enter - MemInfo: [malloc] Total space held (mmap + non-mmap):         22147072 Byte
20220313 061444.414 INFO             PET0 PIOc_sync Enter - MemInfo: [malloc] Total space used (mmap + non-mmap):         21531392 Byte
20220313 061444.414 INFO             PET0 PIOc_sync Enter - MemInfo: Wall-clock time since execution start:              0.0241685 seconds
20220313 061444.414 INFO             PET0 PIOc_sync Exit - MemInfo: [/proc/meminfo - SSI]	MemTotal:       65507008 kB
20220313 061444.414 INFO             PET0 PIOc_sync Exit - MemInfo: [/proc/meminfo - SSI]	MemFree:        50248728 kB
20220313 061444.414 INFO             PET0 PIOc_sync Exit - MemInfo: [/proc/meminfo - SSI]	MemAvailable:   50008288 kB
20220313 061444.414 INFO             PET0 PIOc_sync Exit - MemInfo: [/proc/meminfo - SSI]	Committed_AS:   12890704 kB
20220313 061444.414 INFO             PET0 PIOc_sync Exit - MemInfo: [/proc/meminfo - SSI]	CommittedPercent: 19.6784 %
20220313 061444.414 INFO             PET0 PIOc_sync Exit - MemInfo: [/proc/self/status]	VmPeak:	  531428 kB
20220313 061444.414 INFO             PET0 PIOc_sync Exit - MemInfo: [/proc/self/status]	VmSize:	  523240 kB
20220313 061444.414 INFO             PET0 PIOc_sync Exit - MemInfo: [/proc/self/status]	VmLck:	       0 kB
20220313 061444.414 INFO             PET0 PIOc_sync Exit - MemInfo: [/proc/self/status]	VmPin:	       0 kB
20220313 061444.414 INFO             PET0 PIOc_sync Exit - MemInfo: [/proc/self/status]	VmHWM:	   64840 kB
20220313 061444.414 INFO             PET0 PIOc_sync Exit - MemInfo: [/proc/self/status]	VmRSS:	   28436 kB
20220313 061444.414 INFO             PET0 PIOc_sync Exit - MemInfo: [/proc/self/status]	VmData:	   32132 kB
20220313 061444.414 INFO             PET0 PIOc_sync Exit - MemInfo: [/proc/self/status]	VmStk:	     148 kB
20220313 061444.414 INFO             PET0 PIOc_sync Exit - MemInfo: [/proc/self/status]	VmExe:	     200 kB
20220313 061444.414 INFO             PET0 PIOc_sync Exit - MemInfo: [/proc/self/status]	VmLib:	   49404 kB
20220313 061444.414 INFO             PET0 PIOc_sync Exit - MemInfo: [/proc/self/status]	VmPTE:	     760 kB
20220313 061444.414 INFO             PET0 PIOc_sync Exit - MemInfo: [/proc/self/status]	VmPMD:	      12 kB
20220313 061444.414 INFO             PET0 PIOc_sync Exit - MemInfo: [/proc/self/status]	VmSwap:	       0 kB
20220313 061444.414 INFO             PET0 PIOc_sync Exit - MemInfo: [/proc/self/status]	VmRSSPercent: 0.0434091 %
20220313 061444.414 INFO             PET0 PIOc_sync Exit - MemInfo: [malloc] Non-mmapped space allocated:                20566016 Byte
20220313 061444.414 INFO             PET0 PIOc_sync Exit - MemInfo: [malloc] Space allocated in mmapped regions:          1581056 Byte
20220313 061444.414 INFO             PET0 PIOc_sync Exit - MemInfo: [malloc] Maximum total allocated space:                     0 Byte
20220313 061444.414 INFO             PET0 PIOc_sync Exit - MemInfo: [malloc] Space in freed fastbin blocks:                  1344 Byte
20220313 061444.414 INFO             PET0 PIOc_sync Exit - MemInfo: [malloc] Total allocated space:                      19943840 Byte
20220313 061444.414 INFO             PET0 PIOc_sync Exit - MemInfo: [malloc] Total free space:                             622176 Byte
20220313 061444.414 INFO             PET0 PIOc_sync Exit - MemInfo: [malloc] Top-most, releasable space:                   131152 Byte
20220313 061444.414 INFO             PET0 PIOc_sync Exit - MemInfo: [malloc] Total space in use, mmap + non-mmap:        21524896 Byte
20220313 061444.414 INFO             PET0 PIOc_sync Exit - MemInfo: [malloc] Total space held (mmap + non-mmap):         22147072 Byte
20220313 061444.414 INFO             PET0 PIOc_sync Exit - MemInfo: [malloc] Total space used (mmap + non-mmap):         21534224 Byte
20220313 061444.414 INFO             PET0 PIOc_sync Exit - MemInfo: Wall-clock time since execution start:              0.0245969 seconds
20220313 061444.414 INFO             PET0 PIOc_freedecomp Enter - MemInfo: [/proc/meminfo - SSI]	MemTotal:       65507008 kB
20220313 061444.414 INFO             PET0 PIOc_freedecomp Enter - MemInfo: [/proc/meminfo - SSI]	MemFree:        50248728 kB
20220313 061444.414 INFO             PET0 PIOc_freedecomp Enter - MemInfo: [/proc/meminfo - SSI]	MemAvailable:   50008288 kB
20220313 061444.414 INFO             PET0 PIOc_freedecomp Enter - MemInfo: [/proc/meminfo - SSI]	Committed_AS:   12890704 kB
20220313 061444.414 INFO             PET0 PIOc_freedecomp Enter - MemInfo: [/proc/meminfo - SSI]	CommittedPercent: 19.6784 %
20220313 061444.414 INFO             PET0 PIOc_freedecomp Enter - MemInfo: [/proc/self/status]	VmPeak:	  531428 kB
20220313 061444.414 INFO             PET0 PIOc_freedecomp Enter - MemInfo: [/proc/self/status]	VmSize:	  523240 kB
20220313 061444.414 INFO             PET0 PIOc_freedecomp Enter - MemInfo: [/proc/self/status]	VmLck:	       0 kB
20220313 061444.414 INFO             PET0 PIOc_freedecomp Enter - MemInfo: [/proc/self/status]	VmPin:	       0 kB
20220313 061444.414 INFO             PET0 PIOc_freedecomp Enter - MemInfo: [/proc/self/status]	VmHWM:	   64840 kB
20220313 061444.414 INFO             PET0 PIOc_freedecomp Enter - MemInfo: [/proc/self/status]	VmRSS:	   28436 kB
20220313 061444.414 INFO             PET0 PIOc_freedecomp Enter - MemInfo: [/proc/self/status]	VmData:	   32132 kB
20220313 061444.414 INFO             PET0 PIOc_freedecomp Enter - MemInfo: [/proc/self/status]	VmStk:	     148 kB
20220313 061444.414 INFO             PET0 PIOc_freedecomp Enter - MemInfo: [/proc/self/status]	VmExe:	     200 kB
20220313 061444.414 INFO             PET0 PIOc_freedecomp Enter - MemInfo: [/proc/self/status]	VmLib:	   49404 kB
20220313 061444.414 INFO             PET0 PIOc_freedecomp Enter - MemInfo: [/proc/self/status]	VmPTE:	     760 kB
20220313 061444.414 INFO             PET0 PIOc_freedecomp Enter - MemInfo: [/proc/self/status]	VmPMD:	      12 kB
20220313 061444.414 INFO             PET0 PIOc_freedecomp Enter - MemInfo: [/proc/self/status]	VmSwap:	       0 kB
20220313 061444.414 INFO             PET0 PIOc_freedecomp Enter - MemInfo: [/proc/self/status]	VmRSSPercent: 0.0434091 %
20220313 061444.414 INFO             PET0 PIOc_freedecomp Enter - MemInfo: [malloc] Non-mmapped space allocated:                20566016 Byte
20220313 061444.414 INFO             PET0 PIOc_freedecomp Enter - MemInfo: [malloc] Space allocated in mmapped regions:          1581056 Byte
20220313 061444.414 INFO             PET0 PIOc_freedecomp Enter - MemInfo: [malloc] Maximum total allocated space:                     0 Byte
20220313 061444.414 INFO             PET0 PIOc_freedecomp Enter - MemInfo: [malloc] Space in freed fastbin blocks:                  1648 Byte
20220313 061444.414 INFO             PET0 PIOc_freedecomp Enter - MemInfo: [malloc] Total allocated space:                       2628304 Byte
20220313 061444.414 INFO             PET0 PIOc_freedecomp Enter - MemInfo: [malloc] Total free space:                           17937712 Byte
20220313 061444.414 INFO             PET0 PIOc_freedecomp Enter - MemInfo: [malloc] Top-most, releasable space:                 17432688 Byte
20220313 061444.415 INFO             PET0 PIOc_freedecomp Enter - MemInfo: [malloc] Total space in use, mmap + non-mmap:         4209360 Byte
20220313 061444.415 INFO             PET0 PIOc_freedecomp Enter - MemInfo: [malloc] Total space held (mmap + non-mmap):         22147072 Byte
20220313 061444.415 INFO             PET0 PIOc_freedecomp Enter - MemInfo: [malloc] Total space used (mmap + non-mmap):          4218688 Byte
20220313 061444.415 INFO             PET0 PIOc_freedecomp Enter - MemInfo: Wall-clock time since execution start:              0.0249785 seconds
20220313 061444.415 INFO             PET0 PIOc_freedecomp Exit - MemInfo: [/proc/meminfo - SSI]	MemTotal:       65507008 kB
20220313 061444.415 INFO             PET0 PIOc_freedecomp Exit - MemInfo: [/proc/meminfo - SSI]	MemFree:        50248728 kB
20220313 061444.415 INFO             PET0 PIOc_freedecomp Exit - MemInfo: [/proc/meminfo - SSI]	MemAvailable:   50008288 kB
20220313 061444.415 INFO             PET0 PIOc_freedecomp Exit - MemInfo: [/proc/meminfo - SSI]	Committed_AS:   12890704 kB
20220313 061444.415 INFO             PET0 PIOc_freedecomp Exit - MemInfo: [/proc/meminfo - SSI]	CommittedPercent: 19.6784 %
20220313 061444.415 INFO             PET0 PIOc_freedecomp Exit - MemInfo: [/proc/self/status]	VmPeak:	  531428 kB
20220313 061444.415 INFO             PET0 PIOc_freedecomp Exit - MemInfo: [/proc/self/status]	VmSize:	  523240 kB
20220313 061444.415 INFO             PET0 PIOc_freedecomp Exit - MemInfo: [/proc/self/status]	VmLck:	       0 kB
20220313 061444.415 INFO             PET0 PIOc_freedecomp Exit - MemInfo: [/proc/self/status]	VmPin:	       0 kB
20220313 061444.415 INFO             PET0 PIOc_freedecomp Exit - MemInfo: [/proc/self/status]	VmHWM:	   64840 kB
20220313 061444.415 INFO             PET0 PIOc_freedecomp Exit - MemInfo: [/proc/self/status]	VmRSS:	   28436 kB
20220313 061444.415 INFO             PET0 PIOc_freedecomp Exit - MemInfo: [/proc/self/status]	VmData:	   32132 kB
20220313 061444.415 INFO             PET0 PIOc_freedecomp Exit - MemInfo: [/proc/self/status]	VmStk:	     148 kB
20220313 061444.415 INFO             PET0 PIOc_freedecomp Exit - MemInfo: [/proc/self/status]	VmExe:	     200 kB
20220313 061444.415 INFO             PET0 PIOc_freedecomp Exit - MemInfo: [/proc/self/status]	VmLib:	   49404 kB
20220313 061444.415 INFO             PET0 PIOc_freedecomp Exit - MemInfo: [/proc/self/status]	VmPTE:	     760 kB
20220313 061444.415 INFO             PET0 PIOc_freedecomp Exit - MemInfo: [/proc/self/status]	VmPMD:	      12 kB
20220313 061444.415 INFO             PET0 PIOc_freedecomp Exit - MemInfo: [/proc/self/status]	VmSwap:	       0 kB
20220313 061444.415 INFO             PET0 PIOc_freedecomp Exit - MemInfo: [/proc/self/status]	VmRSSPercent: 0.0434091 %
20220313 061444.415 INFO             PET0 PIOc_freedecomp Exit - MemInfo: [malloc] Non-mmapped space allocated:                20566016 Byte
20220313 061444.415 INFO             PET0 PIOc_freedecomp Exit - MemInfo: [malloc] Space allocated in mmapped regions:          1581056 Byte
20220313 061444.415 INFO             PET0 PIOc_freedecomp Exit - MemInfo: [malloc] Maximum total allocated space:                     0 Byte
20220313 061444.415 INFO             PET0 PIOc_freedecomp Exit - MemInfo: [malloc] Space in freed fastbin blocks:                  3376 Byte
20220313 061444.415 INFO             PET0 PIOc_freedecomp Exit - MemInfo: [malloc] Total allocated space:                       2623152 Byte
20220313 061444.415 INFO             PET0 PIOc_freedecomp Exit - MemInfo: [malloc] Total free space:                           17942864 Byte
20220313 061444.415 INFO             PET0 PIOc_freedecomp Exit - MemInfo: [malloc] Top-most, releasable space:                 17432688 Byte
20220313 061444.415 INFO             PET0 PIOc_freedecomp Exit - MemInfo: [malloc] Total space in use, mmap + non-mmap:         4204208 Byte
20220313 061444.415 INFO             PET0 PIOc_freedecomp Exit - MemInfo: [malloc] Total space held (mmap + non-mmap):         22147072 Byte
20220313 061444.415 INFO             PET0 PIOc_freedecomp Exit - MemInfo: [malloc] Total space used (mmap + non-mmap):          4213536 Byte
20220313 061444.415 INFO             PET0 PIOc_freedecomp Exit - MemInfo: Wall-clock time since execution start:              0.0253325 seconds
20220313 061444.415 INFO             PET0  PASS  ESMF_OutputWeightFile, ESMF_IOUTest.F90, line 81
20220313 061444.420 INFO             PET0  PASS  call ESMF_OutputWeightFile with empty factor list on four PETs, ESMF_IOUTest.F90, line 191
20220313 061444.420 INFO             PET0  Ending Test, file ESMF_IOUTest.F90, line 201
20220313 061444.420 INFO             PET0 Finalizing ESMF
20220313 061444.391 INFO             PET1 !!!!!!!!!!!!!!!!!!!!!!!!!!!!!!!!!!!!!!!!!!!!!!!!!!!!!!
20220313 061444.391 INFO             PET1 !!! THE ESMF_LOG IS SET TO OUTPUT ALL LOG MESSAGES !!!
20220313 061444.391 INFO             PET1 !!!     THIS MAY CAUSE SLOWDOWN IN PERFORMANCE     !!!
20220313 061444.391 INFO             PET1 !!! FOR PRODUCTION RUNS, USE:                      !!!
20220313 061444.391 INFO             PET1 !!!                   ESMF_LOGKIND_Multi_On_Error  !!!
20220313 061444.391 INFO             PET1 !!!!!!!!!!!!!!!!!!!!!!!!!!!!!!!!!!!!!!!!!!!!!!!!!!!!!!
20220313 061444.391 INFO             PET1 Running with ESMF Version   : v8.3.0b09-96-g559b459836
20220313 061444.391 INFO             PET1 ESMF library build date/time: "Mar 13 2022" "05:59:55"
20220313 061444.391 INFO             PET1 ESMF library build location : /glade/scratch/rlong/esmf-testing/gfortran_9.1.0_openmpi_O_jedwards_pio_update2
20220313 061444.391 INFO             PET1 ESMF_COMM                   : openmpi
20220313 061444.391 INFO             PET1 ESMF_MOAB                   : enabled
20220313 061444.391 INFO             PET1 ESMF_LAPACK                 : enabled
20220313 061444.391 INFO             PET1 ESMF_NETCDF                 : enabled
20220313 061444.391 INFO             PET1 ESMF_PNETCDF                : disabled
20220313 061444.391 INFO             PET1 ESMF_PIO                    : enabled
20220313 061444.391 INFO             PET1 ESMF_YAMLCPP                : enabled
20220313 061444.391 INFO             PET1  Beginning Test, file ESMF_IOUTest.F90, line 57
20220313 061444.391 INFO             PET1  NUMBER_OF_PROCESSORS           4
20220313 061444.391 INFO             PET1 Starting Test:  ESMF_OutputWeightFile
20220313 061444.402 INFO             PET1 PIOc_sync Enter - MemInfo: [/proc/meminfo - SSI]	MemTotal:       65507008 kB
20220313 061444.402 INFO             PET1 PIOc_sync Enter - MemInfo: [/proc/meminfo - SSI]	MemFree:        50240656 kB
20220313 061444.402 INFO             PET1 PIOc_sync Enter - MemInfo: [/proc/meminfo - SSI]	MemAvailable:   50000216 kB
20220313 061444.402 INFO             PET1 PIOc_sync Enter - MemInfo: [/proc/meminfo - SSI]	Committed_AS:   12890620 kB
20220313 061444.402 INFO             PET1 PIOc_sync Enter - MemInfo: [/proc/meminfo - SSI]	CommittedPercent: 19.6782 %
20220313 061444.402 INFO             PET1 PIOc_sync Enter - MemInfo: [/proc/self/status]	VmPeak:	  506348 kB
20220313 061444.402 INFO             PET1 PIOc_sync Enter - MemInfo: [/proc/self/status]	VmSize:	  506348 kB
20220313 061444.402 INFO             PET1 PIOc_sync Enter - MemInfo: [/proc/self/status]	VmLck:	       0 kB
20220313 061444.402 INFO             PET1 PIOc_sync Enter - MemInfo: [/proc/self/status]	VmPin:	       0 kB
20220313 061444.402 INFO             PET1 PIOc_sync Enter - MemInfo: [/proc/self/status]	VmHWM:	   64852 kB
20220313 061444.402 INFO             PET1 PIOc_sync Enter - MemInfo: [/proc/self/status]	VmRSS:	   18456 kB
20220313 061444.402 INFO             PET1 PIOc_sync Enter - MemInfo: [/proc/self/status]	VmData:	   15240 kB
20220313 061444.402 INFO             PET1 PIOc_sync Enter - MemInfo: [/proc/self/status]	VmStk:	     148 kB
20220313 061444.402 INFO             PET1 PIOc_sync Enter - MemInfo: [/proc/self/status]	VmExe:	     200 kB
20220313 061444.402 INFO             PET1 PIOc_sync Enter - MemInfo: [/proc/self/status]	VmLib:	   49404 kB
20220313 061444.402 INFO             PET1 PIOc_sync Enter - MemInfo: [/proc/self/status]	VmPTE:	     736 kB
20220313 061444.402 INFO             PET1 PIOc_sync Enter - MemInfo: [/proc/self/status]	VmPMD:	      16 kB
20220313 061444.402 INFO             PET1 PIOc_sync Enter - MemInfo: [/proc/self/status]	VmSwap:	       0 kB
20220313 061444.402 INFO             PET1 PIOc_sync Enter - MemInfo: [/proc/self/status]	VmRSSPercent: 0.0281741 %
20220313 061444.402 INFO             PET1 PIOc_sync Enter - MemInfo: [malloc] Non-mmapped space allocated:                 3268608 Byte
20220313 061444.405 INFO             PET1 PIOc_sync Enter - MemInfo: [malloc] Space allocated in mmapped regions:          1581056 Byte
20220313 061444.405 INFO             PET1 PIOc_sync Enter - MemInfo: [malloc] Maximum total allocated space:                     0 Byte
20220313 061444.405 INFO             PET1 PIOc_sync Enter - MemInfo: [malloc] Space in freed fastbin blocks:                   880 Byte
20220313 061444.405 INFO             PET1 PIOc_sync Enter - MemInfo: [malloc] Total allocated space:                       2428448 Byte
20220313 061444.405 INFO             PET1 PIOc_sync Enter - MemInfo: [malloc] Total free space:                             840160 Byte
20220313 061444.405 INFO             PET1 PIOc_sync Enter - MemInfo: [malloc] Top-most, releasable space:                   135152 Byte
20220313 061444.405 INFO             PET1 PIOc_sync Enter - MemInfo: [malloc] Total space in use, mmap + non-mmap:         4009504 Byte
20220313 061444.405 INFO             PET1 PIOc_sync Enter - MemInfo: [malloc] Total space held (mmap + non-mmap):          4849664 Byte
20220313 061444.405 INFO             PET1 PIOc_sync Enter - MemInfo: [malloc] Total space used (mmap + non-mmap):          4018832 Byte
20220313 061444.405 INFO             PET1 PIOc_sync Enter - MemInfo: Wall-clock time since execution start:              0.0152003 seconds
20220313 061444.405 INFO             PET1 PIOc_sync Exit - MemInfo: [/proc/meminfo - SSI]	MemTotal:       65507008 kB
20220313 061444.405 INFO             PET1 PIOc_sync Exit - MemInfo: [/proc/meminfo - SSI]	MemFree:        50240656 kB
20220313 061444.405 INFO             PET1 PIOc_sync Exit - MemInfo: [/proc/meminfo - SSI]	MemAvailable:   50000216 kB
20220313 061444.405 INFO             PET1 PIOc_sync Exit - MemInfo: [/proc/meminfo - SSI]	Committed_AS:   12890620 kB
20220313 061444.405 INFO             PET1 PIOc_sync Exit - MemInfo: [/proc/meminfo - SSI]	CommittedPercent: 19.6782 %
20220313 061444.405 INFO             PET1 PIOc_sync Exit - MemInfo: [/proc/self/status]	VmPeak:	  506348 kB
20220313 061444.405 INFO             PET1 PIOc_sync Exit - MemInfo: [/proc/self/status]	VmSize:	  506348 kB
20220313 061444.405 INFO             PET1 PIOc_sync Exit - MemInfo: [/proc/self/status]	VmLck:	       0 kB
20220313 061444.405 INFO             PET1 PIOc_sync Exit - MemInfo: [/proc/self/status]	VmPin:	       0 kB
20220313 061444.405 INFO             PET1 PIOc_sync Exit - MemInfo: [/proc/self/status]	VmHWM:	   64852 kB
20220313 061444.405 INFO             PET1 PIOc_sync Exit - MemInfo: [/proc/self/status]	VmRSS:	   18544 kB
20220313 061444.405 INFO             PET1 PIOc_sync Exit - MemInfo: [/proc/self/status]	VmData:	   15240 kB
20220313 061444.405 INFO             PET1 PIOc_sync Exit - MemInfo: [/proc/self/status]	VmStk:	     148 kB
20220313 061444.405 INFO             PET1 PIOc_sync Exit - MemInfo: [/proc/self/status]	VmExe:	     200 kB
20220313 061444.405 INFO             PET1 PIOc_sync Exit - MemInfo: [/proc/self/status]	VmLib:	   49404 kB
20220313 061444.405 INFO             PET1 PIOc_sync Exit - MemInfo: [/proc/self/status]	VmPTE:	     736 kB
20220313 061444.405 INFO             PET1 PIOc_sync Exit - MemInfo: [/proc/self/status]	VmPMD:	      16 kB
20220313 061444.405 INFO             PET1 PIOc_sync Exit - MemInfo: [/proc/self/status]	VmSwap:	       0 kB
20220313 061444.405 INFO             PET1 PIOc_sync Exit - MemInfo: [/proc/self/status]	VmRSSPercent: 0.0283084 %
20220313 061444.405 INFO             PET1 PIOc_sync Exit - MemInfo: [malloc] Non-mmapped space allocated:                 3268608 Byte
20220313 061444.405 INFO             PET1 PIOc_sync Exit - MemInfo: [malloc] Space allocated in mmapped regions:          1581056 Byte
20220313 061444.405 INFO             PET1 PIOc_sync Exit - MemInfo: [malloc] Maximum total allocated space:                     0 Byte
20220313 061444.405 INFO             PET1 PIOc_sync Exit - MemInfo: [malloc] Space in freed fastbin blocks:                  1296 Byte
20220313 061444.405 INFO             PET1 PIOc_sync Exit - MemInfo: [malloc] Total allocated space:                       2428304 Byte
20220313 061444.405 INFO             PET1 PIOc_sync Exit - MemInfo: [malloc] Total free space:                             840304 Byte
20220313 061444.405 INFO             PET1 PIOc_sync Exit - MemInfo: [malloc] Top-most, releasable space:                   135152 Byte
20220313 061444.405 INFO             PET1 PIOc_sync Exit - MemInfo: [malloc] Total space in use, mmap + non-mmap:         4009360 Byte
20220313 061444.405 INFO             PET1 PIOc_sync Exit - MemInfo: [malloc] Total space held (mmap + non-mmap):          4849664 Byte
20220313 061444.405 INFO             PET1 PIOc_sync Exit - MemInfo: [malloc] Total space used (mmap + non-mmap):          4018688 Byte
20220313 061444.405 INFO             PET1 PIOc_sync Exit - MemInfo: Wall-clock time since execution start:              0.0157095 seconds
20220313 061444.406 INFO             PET1 PIOc_freedecomp Enter - MemInfo: [/proc/meminfo - SSI]	MemTotal:       65507008 kB
20220313 061444.406 INFO             PET1 PIOc_freedecomp Enter - MemInfo: [/proc/meminfo - SSI]	MemFree:        50255776 kB
20220313 061444.406 INFO             PET1 PIOc_freedecomp Enter - MemInfo: [/proc/meminfo - SSI]	MemAvailable:   50015336 kB
20220313 061444.406 INFO             PET1 PIOc_freedecomp Enter - MemInfo: [/proc/meminfo - SSI]	Committed_AS:   12874232 kB
20220313 061444.406 INFO             PET1 PIOc_freedecomp Enter - MemInfo: [/proc/meminfo - SSI]	CommittedPercent: 19.6532 %
20220313 061444.406 INFO             PET1 PIOc_freedecomp Enter - MemInfo: [/proc/self/status]	VmPeak:	  506348 kB
20220313 061444.406 INFO             PET1 PIOc_freedecomp Enter - MemInfo: [/proc/self/status]	VmSize:	  506348 kB
20220313 061444.406 INFO             PET1 PIOc_freedecomp Enter - MemInfo: [/proc/self/status]	VmLck:	       0 kB
20220313 061444.406 INFO             PET1 PIOc_freedecomp Enter - MemInfo: [/proc/self/status]	VmPin:	       0 kB
20220313 061444.406 INFO             PET1 PIOc_freedecomp Enter - MemInfo: [/proc/self/status]	VmHWM:	   64852 kB
20220313 061444.406 INFO             PET1 PIOc_freedecomp Enter - MemInfo: [/proc/self/status]	VmRSS:	   18544 kB
20220313 061444.406 INFO             PET1 PIOc_freedecomp Enter - MemInfo: [/proc/self/status]	VmData:	   15240 kB
20220313 061444.406 INFO             PET1 PIOc_freedecomp Enter - MemInfo: [/proc/self/status]	VmStk:	     148 kB
20220313 061444.406 INFO             PET1 PIOc_freedecomp Enter - MemInfo: [/proc/self/status]	VmExe:	     200 kB
20220313 061444.406 INFO             PET1 PIOc_freedecomp Enter - MemInfo: [/proc/self/status]	VmLib:	   49404 kB
20220313 061444.406 INFO             PET1 PIOc_freedecomp Enter - MemInfo: [/proc/self/status]	VmPTE:	     736 kB
20220313 061444.406 INFO             PET1 PIOc_freedecomp Enter - MemInfo: [/proc/self/status]	VmPMD:	      16 kB
20220313 061444.406 INFO             PET1 PIOc_freedecomp Enter - MemInfo: [/proc/self/status]	VmSwap:	       0 kB
20220313 061444.406 INFO             PET1 PIOc_freedecomp Enter - MemInfo: [/proc/self/status]	VmRSSPercent: 0.0283084 %
20220313 061444.406 INFO             PET1 PIOc_freedecomp Enter - MemInfo: [malloc] Non-mmapped space allocated:                 3268608 Byte
20220313 061444.406 INFO             PET1 PIOc_freedecomp Enter - MemInfo: [malloc] Space allocated in mmapped regions:          1581056 Byte
20220313 061444.406 INFO             PET1 PIOc_freedecomp Enter - MemInfo: [malloc] Maximum total allocated space:                     0 Byte
20220313 061444.406 INFO             PET1 PIOc_freedecomp Enter - MemInfo: [malloc] Space in freed fastbin blocks:                  1408 Byte
20220313 061444.406 INFO             PET1 PIOc_freedecomp Enter - MemInfo: [malloc] Total allocated space:                       2426656 Byte
20220313 061444.406 INFO             PET1 PIOc_freedecomp Enter - MemInfo: [malloc] Total free space:                             841952 Byte
20220313 061444.406 INFO             PET1 PIOc_freedecomp Enter - MemInfo: [malloc] Top-most, releasable space:                   135152 Byte
20220313 061444.406 INFO             PET1 PIOc_freedecomp Enter - MemInfo: [malloc] Total space in use, mmap + non-mmap:         4007712 Byte
20220313 061444.406 INFO             PET1 PIOc_freedecomp Enter - MemInfo: [malloc] Total space held (mmap + non-mmap):          4849664 Byte
20220313 061444.406 INFO             PET1 PIOc_freedecomp Enter - MemInfo: [malloc] Total space used (mmap + non-mmap):          4017040 Byte
20220313 061444.406 INFO             PET1 PIOc_freedecomp Enter - MemInfo: Wall-clock time since execution start:              0.0168363 seconds
20220313 061444.406 INFO             PET1 PIOc_freedecomp Exit - MemInfo: [/proc/meminfo - SSI]	MemTotal:       65507008 kB
20220313 061444.406 INFO             PET1 PIOc_freedecomp Exit - MemInfo: [/proc/meminfo - SSI]	MemFree:        50255776 kB
20220313 061444.406 INFO             PET1 PIOc_freedecomp Exit - MemInfo: [/proc/meminfo - SSI]	MemAvailable:   50015336 kB
20220313 061444.406 INFO             PET1 PIOc_freedecomp Exit - MemInfo: [/proc/meminfo - SSI]	Committed_AS:   12874232 kB
20220313 061444.407 INFO             PET1 PIOc_freedecomp Exit - MemInfo: [/proc/meminfo - SSI]	CommittedPercent: 19.6532 %
20220313 061444.407 INFO             PET1 PIOc_freedecomp Exit - MemInfo: [/proc/self/status]	VmPeak:	  506348 kB
20220313 061444.407 INFO             PET1 PIOc_freedecomp Exit - MemInfo: [/proc/self/status]	VmSize:	  506348 kB
20220313 061444.407 INFO             PET1 PIOc_freedecomp Exit - MemInfo: [/proc/self/status]	VmLck:	       0 kB
20220313 061444.407 INFO             PET1 PIOc_freedecomp Exit - MemInfo: [/proc/self/status]	VmPin:	       0 kB
20220313 061444.407 INFO             PET1 PIOc_freedecomp Exit - MemInfo: [/proc/self/status]	VmHWM:	   64852 kB
20220313 061444.407 INFO             PET1 PIOc_freedecomp Exit - MemInfo: [/proc/self/status]	VmRSS:	   18544 kB
20220313 061444.407 INFO             PET1 PIOc_freedecomp Exit - MemInfo: [/proc/self/status]	VmData:	   15240 kB
20220313 061444.407 INFO             PET1 PIOc_freedecomp Exit - MemInfo: [/proc/self/status]	VmStk:	     148 kB
20220313 061444.407 INFO             PET1 PIOc_freedecomp Exit - MemInfo: [/proc/self/status]	VmExe:	     200 kB
20220313 061444.407 INFO             PET1 PIOc_freedecomp Exit - MemInfo: [/proc/self/status]	VmLib:	   49404 kB
20220313 061444.407 INFO             PET1 PIOc_freedecomp Exit - MemInfo: [/proc/self/status]	VmPTE:	     736 kB
20220313 061444.407 INFO             PET1 PIOc_freedecomp Exit - MemInfo: [/proc/self/status]	VmPMD:	      16 kB
20220313 061444.407 INFO             PET1 PIOc_freedecomp Exit - MemInfo: [/proc/self/status]	VmSwap:	       0 kB
20220313 061444.407 INFO             PET1 PIOc_freedecomp Exit - MemInfo: [/proc/self/status]	VmRSSPercent: 0.0283084 %
20220313 061444.407 INFO             PET1 PIOc_freedecomp Exit - MemInfo: [malloc] Non-mmapped space allocated:                 3268608 Byte
20220313 061444.407 INFO             PET1 PIOc_freedecomp Exit - MemInfo: [malloc] Space allocated in mmapped regions:          1581056 Byte
20220313 061444.407 INFO             PET1 PIOc_freedecomp Exit - MemInfo: [malloc] Maximum total allocated space:                     0 Byte
20220313 061444.407 INFO             PET1 PIOc_freedecomp Exit - MemInfo: [malloc] Space in freed fastbin blocks:                  1680 Byte
20220313 061444.407 INFO             PET1 PIOc_freedecomp Exit - MemInfo: [malloc] Total allocated space:                       2424592 Byte
20220313 061444.407 INFO             PET1 PIOc_freedecomp Exit - MemInfo: [malloc] Total free space:                             844016 Byte
20220313 061444.407 INFO             PET1 PIOc_freedecomp Exit - MemInfo: [malloc] Top-most, releasable space:                   135152 Byte
20220313 061444.407 INFO             PET1 PIOc_freedecomp Exit - MemInfo: [malloc] Total space in use, mmap + non-mmap:         4005648 Byte
20220313 061444.407 INFO             PET1 PIOc_freedecomp Exit - MemInfo: [malloc] Total space held (mmap + non-mmap):          4849664 Byte
20220313 061444.407 INFO             PET1 PIOc_freedecomp Exit - MemInfo: [malloc] Total space used (mmap + non-mmap):          4014976 Byte
20220313 061444.407 INFO             PET1 PIOc_freedecomp Exit - MemInfo: Wall-clock time since execution start:              0.0171936 seconds
20220313 061444.411 INFO             PET1 PIOc_sync Enter - MemInfo: [/proc/meminfo - SSI]	MemTotal:       65507008 kB
20220313 061444.411 INFO             PET1 PIOc_sync Enter - MemInfo: [/proc/meminfo - SSI]	MemFree:        50248720 kB
20220313 061444.411 INFO             PET1 PIOc_sync Enter - MemInfo: [/proc/meminfo - SSI]	MemAvailable:   50008280 kB
20220313 061444.411 INFO             PET1 PIOc_sync Enter - MemInfo: [/proc/meminfo - SSI]	Committed_AS:   12890704 kB
20220313 061444.411 INFO             PET1 PIOc_sync Enter - MemInfo: [/proc/meminfo - SSI]	CommittedPercent: 19.6784 %
20220313 061444.411 INFO             PET1 PIOc_sync Enter - MemInfo: [/proc/self/status]	VmPeak:	  506348 kB
20220313 061444.411 INFO             PET1 PIOc_sync Enter - MemInfo: [/proc/self/status]	VmSize:	  506348 kB
20220313 061444.411 INFO             PET1 PIOc_sync Enter - MemInfo: [/proc/self/status]	VmLck:	       0 kB
20220313 061444.411 INFO             PET1 PIOc_sync Enter - MemInfo: [/proc/self/status]	VmPin:	       0 kB
20220313 061444.411 INFO             PET1 PIOc_sync Enter - MemInfo: [/proc/self/status]	VmHWM:	   64852 kB
20220313 061444.411 INFO             PET1 PIOc_sync Enter - MemInfo: [/proc/self/status]	VmRSS:	   18580 kB
20220313 061444.411 INFO             PET1 PIOc_sync Enter - MemInfo: [/proc/self/status]	VmData:	   15240 kB
20220313 061444.411 INFO             PET1 PIOc_sync Enter - MemInfo: [/proc/self/status]	VmStk:	     148 kB
20220313 061444.411 INFO             PET1 PIOc_sync Enter - MemInfo: [/proc/self/status]	VmExe:	     200 kB
20220313 061444.411 INFO             PET1 PIOc_sync Enter - MemInfo: [/proc/self/status]	VmLib:	   49404 kB
20220313 061444.411 INFO             PET1 PIOc_sync Enter - MemInfo: [/proc/self/status]	VmPTE:	     736 kB
20220313 061444.411 INFO             PET1 PIOc_sync Enter - MemInfo: [/proc/self/status]	VmPMD:	      16 kB
20220313 061444.411 INFO             PET1 PIOc_sync Enter - MemInfo: [/proc/self/status]	VmSwap:	       0 kB
20220313 061444.411 INFO             PET1 PIOc_sync Enter - MemInfo: [/proc/self/status]	VmRSSPercent: 0.0283634 %
20220313 061444.411 INFO             PET1 PIOc_sync Enter - MemInfo: [malloc] Non-mmapped space allocated:                 3268608 Byte
20220313 061444.411 INFO             PET1 PIOc_sync Enter - MemInfo: [malloc] Space allocated in mmapped regions:          1581056 Byte
20220313 061444.411 INFO             PET1 PIOc_sync Enter - MemInfo: [malloc] Maximum total allocated space:                     0 Byte
20220313 061444.411 INFO             PET1 PIOc_sync Enter - MemInfo: [malloc] Space in freed fastbin blocks:                  1232 Byte
20220313 061444.411 INFO             PET1 PIOc_sync Enter - MemInfo: [malloc] Total allocated space:                       2428560 Byte
20220313 061444.411 INFO             PET1 PIOc_sync Enter - MemInfo: [malloc] Total free space:                             840048 Byte
20220313 061444.411 INFO             PET1 PIOc_sync Enter - MemInfo: [malloc] Top-most, releasable space:                   135152 Byte
20220313 061444.411 INFO             PET1 PIOc_sync Enter - MemInfo: [malloc] Total space in use, mmap + non-mmap:         4009616 Byte
20220313 061444.411 INFO             PET1 PIOc_sync Enter - MemInfo: [malloc] Total space held (mmap + non-mmap):          4849664 Byte
20220313 061444.411 INFO             PET1 PIOc_sync Enter - MemInfo: [malloc] Total space used (mmap + non-mmap):          4018944 Byte
20220313 061444.411 INFO             PET1 PIOc_sync Enter - MemInfo: Wall-clock time since execution start:              0.0216017 seconds
20220313 061444.411 INFO             PET1 PIOc_sync Exit - MemInfo: [/proc/meminfo - SSI]	MemTotal:       65507008 kB
20220313 061444.411 INFO             PET1 PIOc_sync Exit - MemInfo: [/proc/meminfo - SSI]	MemFree:        50248728 kB
20220313 061444.411 INFO             PET1 PIOc_sync Exit - MemInfo: [/proc/meminfo - SSI]	MemAvailable:   50008288 kB
20220313 061444.411 INFO             PET1 PIOc_sync Exit - MemInfo: [/proc/meminfo - SSI]	Committed_AS:   12890704 kB
20220313 061444.411 INFO             PET1 PIOc_sync Exit - MemInfo: [/proc/meminfo - SSI]	CommittedPercent: 19.6784 %
20220313 061444.411 INFO             PET1 PIOc_sync Exit - MemInfo: [/proc/self/status]	VmPeak:	  506348 kB
20220313 061444.411 INFO             PET1 PIOc_sync Exit - MemInfo: [/proc/self/status]	VmSize:	  506348 kB
20220313 061444.411 INFO             PET1 PIOc_sync Exit - MemInfo: [/proc/self/status]	VmLck:	       0 kB
20220313 061444.411 INFO             PET1 PIOc_sync Exit - MemInfo: [/proc/self/status]	VmPin:	       0 kB
20220313 061444.411 INFO             PET1 PIOc_sync Exit - MemInfo: [/proc/self/status]	VmHWM:	   64852 kB
20220313 061444.411 INFO             PET1 PIOc_sync Exit - MemInfo: [/proc/self/status]	VmRSS:	   18580 kB
20220313 061444.411 INFO             PET1 PIOc_sync Exit - MemInfo: [/proc/self/status]	VmData:	   15240 kB
20220313 061444.411 INFO             PET1 PIOc_sync Exit - MemInfo: [/proc/self/status]	VmStk:	     148 kB
20220313 061444.411 INFO             PET1 PIOc_sync Exit - MemInfo: [/proc/self/status]	VmExe:	     200 kB
20220313 061444.411 INFO             PET1 PIOc_sync Exit - MemInfo: [/proc/self/status]	VmLib:	   49404 kB
20220313 061444.411 INFO             PET1 PIOc_sync Exit - MemInfo: [/proc/self/status]	VmPTE:	     736 kB
20220313 061444.412 INFO             PET1 PIOc_sync Exit - MemInfo: [/proc/self/status]	VmPMD:	      16 kB
20220313 061444.412 INFO             PET1 PIOc_sync Exit - MemInfo: [/proc/self/status]	VmSwap:	       0 kB
20220313 061444.412 INFO             PET1 PIOc_sync Exit - MemInfo: [/proc/self/status]	VmRSSPercent: 0.0283634 %
20220313 061444.412 INFO             PET1 PIOc_sync Exit - MemInfo: [malloc] Non-mmapped space allocated:                 3268608 Byte
20220313 061444.412 INFO             PET1 PIOc_sync Exit - MemInfo: [malloc] Space allocated in mmapped regions:          1581056 Byte
20220313 061444.412 INFO             PET1 PIOc_sync Exit - MemInfo: [malloc] Maximum total allocated space:                     0 Byte
20220313 061444.412 INFO             PET1 PIOc_sync Exit - MemInfo: [malloc] Space in freed fastbin blocks:                  1440 Byte
20220313 061444.412 INFO             PET1 PIOc_sync Exit - MemInfo: [malloc] Total allocated space:                       2428464 Byte
20220313 061444.412 INFO             PET1 PIOc_sync Exit - MemInfo: [malloc] Total free space:                             840144 Byte
20220313 061444.412 INFO             PET1 PIOc_sync Exit - MemInfo: [malloc] Top-most, releasable space:                   135152 Byte
20220313 061444.412 INFO             PET1 PIOc_sync Exit - MemInfo: [malloc] Total space in use, mmap + non-mmap:         4009520 Byte
20220313 061444.412 INFO             PET1 PIOc_sync Exit - MemInfo: [malloc] Total space held (mmap + non-mmap):          4849664 Byte
20220313 061444.412 INFO             PET1 PIOc_sync Exit - MemInfo: [malloc] Total space used (mmap + non-mmap):          4018848 Byte
20220313 061444.412 INFO             PET1 PIOc_sync Exit - MemInfo: Wall-clock time since execution start:              0.0220473 seconds
20220313 061444.412 INFO             PET1 PIOc_freedecomp Enter - MemInfo: [/proc/meminfo - SSI]	MemTotal:       65507008 kB
20220313 061444.412 INFO             PET1 PIOc_freedecomp Enter - MemInfo: [/proc/meminfo - SSI]	MemFree:        50248728 kB
20220313 061444.412 INFO             PET1 PIOc_freedecomp Enter - MemInfo: [/proc/meminfo - SSI]	MemAvailable:   50008288 kB
20220313 061444.412 INFO             PET1 PIOc_freedecomp Enter - MemInfo: [/proc/meminfo - SSI]	Committed_AS:   12890704 kB
20220313 061444.412 INFO             PET1 PIOc_freedecomp Enter - MemInfo: [/proc/meminfo - SSI]	CommittedPercent: 19.6784 %
20220313 061444.412 INFO             PET1 PIOc_freedecomp Enter - MemInfo: [/proc/self/status]	VmPeak:	  506348 kB
20220313 061444.412 INFO             PET1 PIOc_freedecomp Enter - MemInfo: [/proc/self/status]	VmSize:	  506348 kB
20220313 061444.412 INFO             PET1 PIOc_freedecomp Enter - MemInfo: [/proc/self/status]	VmLck:	       0 kB
20220313 061444.412 INFO             PET1 PIOc_freedecomp Enter - MemInfo: [/proc/self/status]	VmPin:	       0 kB
20220313 061444.412 INFO             PET1 PIOc_freedecomp Enter - MemInfo: [/proc/self/status]	VmHWM:	   64852 kB
20220313 061444.412 INFO             PET1 PIOc_freedecomp Enter - MemInfo: [/proc/self/status]	VmRSS:	   18580 kB
20220313 061444.412 INFO             PET1 PIOc_freedecomp Enter - MemInfo: [/proc/self/status]	VmData:	   15240 kB
20220313 061444.412 INFO             PET1 PIOc_freedecomp Enter - MemInfo: [/proc/self/status]	VmStk:	     148 kB
20220313 061444.412 INFO             PET1 PIOc_freedecomp Enter - MemInfo: [/proc/self/status]	VmExe:	     200 kB
20220313 061444.412 INFO             PET1 PIOc_freedecomp Enter - MemInfo: [/proc/self/status]	VmLib:	   49404 kB
20220313 061444.412 INFO             PET1 PIOc_freedecomp Enter - MemInfo: [/proc/self/status]	VmPTE:	     736 kB
20220313 061444.412 INFO             PET1 PIOc_freedecomp Enter - MemInfo: [/proc/self/status]	VmPMD:	      16 kB
20220313 061444.412 INFO             PET1 PIOc_freedecomp Enter - MemInfo: [/proc/self/status]	VmSwap:	       0 kB
20220313 061444.412 INFO             PET1 PIOc_freedecomp Enter - MemInfo: [/proc/self/status]	VmRSSPercent: 0.0283634 %
20220313 061444.412 INFO             PET1 PIOc_freedecomp Enter - MemInfo: [malloc] Non-mmapped space allocated:                 3268608 Byte
20220313 061444.412 INFO             PET1 PIOc_freedecomp Enter - MemInfo: [malloc] Space allocated in mmapped regions:          1581056 Byte
20220313 061444.412 INFO             PET1 PIOc_freedecomp Enter - MemInfo: [malloc] Maximum total allocated space:                     0 Byte
20220313 061444.412 INFO             PET1 PIOc_freedecomp Enter - MemInfo: [malloc] Space in freed fastbin blocks:                  1280 Byte
20220313 061444.412 INFO             PET1 PIOc_freedecomp Enter - MemInfo: [malloc] Total allocated space:                       2426688 Byte
20220313 061444.412 INFO             PET1 PIOc_freedecomp Enter - MemInfo: [malloc] Total free space:                             841920 Byte
20220313 061444.412 INFO             PET1 PIOc_freedecomp Enter - MemInfo: [malloc] Top-most, releasable space:                   135152 Byte
20220313 061444.412 INFO             PET1 PIOc_freedecomp Enter - MemInfo: [malloc] Total space in use, mmap + non-mmap:         4007744 Byte
20220313 061444.412 INFO             PET1 PIOc_freedecomp Enter - MemInfo: [malloc] Total space held (mmap + non-mmap):          4849664 Byte
20220313 061444.412 INFO             PET1 PIOc_freedecomp Enter - MemInfo: [malloc] Total space used (mmap + non-mmap):          4017072 Byte
20220313 061444.412 INFO             PET1 PIOc_freedecomp Enter - MemInfo: Wall-clock time since execution start:              0.0224258 seconds
20220313 061444.412 INFO             PET1 PIOc_freedecomp Exit - MemInfo: [/proc/meminfo - SSI]	MemTotal:       65507008 kB
20220313 061444.412 INFO             PET1 PIOc_freedecomp Exit - MemInfo: [/proc/meminfo - SSI]	MemFree:        50248728 kB
20220313 061444.412 INFO             PET1 PIOc_freedecomp Exit - MemInfo: [/proc/meminfo - SSI]	MemAvailable:   50008288 kB
20220313 061444.412 INFO             PET1 PIOc_freedecomp Exit - MemInfo: [/proc/meminfo - SSI]	Committed_AS:   12890704 kB
20220313 061444.412 INFO             PET1 PIOc_freedecomp Exit - MemInfo: [/proc/meminfo - SSI]	CommittedPercent: 19.6784 %
20220313 061444.412 INFO             PET1 PIOc_freedecomp Exit - MemInfo: [/proc/self/status]	VmPeak:	  506348 kB
20220313 061444.412 INFO             PET1 PIOc_freedecomp Exit - MemInfo: [/proc/self/status]	VmSize:	  506348 kB
20220313 061444.412 INFO             PET1 PIOc_freedecomp Exit - MemInfo: [/proc/self/status]	VmLck:	       0 kB
20220313 061444.412 INFO             PET1 PIOc_freedecomp Exit - MemInfo: [/proc/self/status]	VmPin:	       0 kB
20220313 061444.412 INFO             PET1 PIOc_freedecomp Exit - MemInfo: [/proc/self/status]	VmHWM:	   64852 kB
20220313 061444.412 INFO             PET1 PIOc_freedecomp Exit - MemInfo: [/proc/self/status]	VmRSS:	   18580 kB
20220313 061444.412 INFO             PET1 PIOc_freedecomp Exit - MemInfo: [/proc/self/status]	VmData:	   15240 kB
20220313 061444.412 INFO             PET1 PIOc_freedecomp Exit - MemInfo: [/proc/self/status]	VmStk:	     148 kB
20220313 061444.412 INFO             PET1 PIOc_freedecomp Exit - MemInfo: [/proc/self/status]	VmExe:	     200 kB
20220313 061444.412 INFO             PET1 PIOc_freedecomp Exit - MemInfo: [/proc/self/status]	VmLib:	   49404 kB
20220313 061444.412 INFO             PET1 PIOc_freedecomp Exit - MemInfo: [/proc/self/status]	VmPTE:	     736 kB
20220313 061444.412 INFO             PET1 PIOc_freedecomp Exit - MemInfo: [/proc/self/status]	VmPMD:	      16 kB
20220313 061444.412 INFO             PET1 PIOc_freedecomp Exit - MemInfo: [/proc/self/status]	VmSwap:	       0 kB
20220313 061444.412 INFO             PET1 PIOc_freedecomp Exit - MemInfo: [/proc/self/status]	VmRSSPercent: 0.0283634 %
20220313 061444.412 INFO             PET1 PIOc_freedecomp Exit - MemInfo: [malloc] Non-mmapped space allocated:                 3268608 Byte
20220313 061444.412 INFO             PET1 PIOc_freedecomp Exit - MemInfo: [malloc] Space allocated in mmapped regions:          1581056 Byte
20220313 061444.412 INFO             PET1 PIOc_freedecomp Exit - MemInfo: [malloc] Maximum total allocated space:                     0 Byte
20220313 061444.412 INFO             PET1 PIOc_freedecomp Exit - MemInfo: [malloc] Space in freed fastbin blocks:                  1680 Byte
20220313 061444.412 INFO             PET1 PIOc_freedecomp Exit - MemInfo: [malloc] Total allocated space:                       2424624 Byte
20220313 061444.412 INFO             PET1 PIOc_freedecomp Exit - MemInfo: [malloc] Total free space:                             843984 Byte
20220313 061444.412 INFO             PET1 PIOc_freedecomp Exit - MemInfo: [malloc] Top-most, releasable space:                   135152 Byte
20220313 061444.412 INFO             PET1 PIOc_freedecomp Exit - MemInfo: [malloc] Total space in use, mmap + non-mmap:         4005680 Byte
20220313 061444.412 INFO             PET1 PIOc_freedecomp Exit - MemInfo: [malloc] Total space held (mmap + non-mmap):          4849664 Byte
20220313 061444.412 INFO             PET1 PIOc_freedecomp Exit - MemInfo: [malloc] Total space used (mmap + non-mmap):          4015008 Byte
20220313 061444.412 INFO             PET1 PIOc_freedecomp Exit - MemInfo: Wall-clock time since execution start:              0.0227907 seconds
20220313 061444.413 INFO             PET1 PIOc_sync Enter - MemInfo: [/proc/meminfo - SSI]	MemTotal:       65507008 kB
20220313 061444.413 INFO             PET1 PIOc_sync Enter - MemInfo: [/proc/meminfo - SSI]	MemFree:        50248728 kB
20220313 061444.413 INFO             PET1 PIOc_sync Enter - MemInfo: [/proc/meminfo - SSI]	MemAvailable:   50008288 kB
20220313 061444.413 INFO             PET1 PIOc_sync Enter - MemInfo: [/proc/meminfo - SSI]	Committed_AS:   12890704 kB
20220313 061444.413 INFO             PET1 PIOc_sync Enter - MemInfo: [/proc/meminfo - SSI]	CommittedPercent: 19.6784 %
20220313 061444.413 INFO             PET1 PIOc_sync Enter - MemInfo: [/proc/self/status]	VmPeak:	  506348 kB
20220313 061444.413 INFO             PET1 PIOc_sync Enter - MemInfo: [/proc/self/status]	VmSize:	  506348 kB
20220313 061444.413 INFO             PET1 PIOc_sync Enter - MemInfo: [/proc/self/status]	VmLck:	       0 kB
20220313 061444.414 INFO             PET1 PIOc_sync Enter - MemInfo: [/proc/self/status]	VmPin:	       0 kB
20220313 061444.414 INFO             PET1 PIOc_sync Enter - MemInfo: [/proc/self/status]	VmHWM:	   64852 kB
20220313 061444.414 INFO             PET1 PIOc_sync Enter - MemInfo: [/proc/self/status]	VmRSS:	   18580 kB
20220313 061444.414 INFO             PET1 PIOc_sync Enter - MemInfo: [/proc/self/status]	VmData:	   15240 kB
20220313 061444.414 INFO             PET1 PIOc_sync Enter - MemInfo: [/proc/self/status]	VmStk:	     148 kB
20220313 061444.414 INFO             PET1 PIOc_sync Enter - MemInfo: [/proc/self/status]	VmExe:	     200 kB
20220313 061444.414 INFO             PET1 PIOc_sync Enter - MemInfo: [/proc/self/status]	VmLib:	   49404 kB
20220313 061444.414 INFO             PET1 PIOc_sync Enter - MemInfo: [/proc/self/status]	VmPTE:	     736 kB
20220313 061444.414 INFO             PET1 PIOc_sync Enter - MemInfo: [/proc/self/status]	VmPMD:	      16 kB
20220313 061444.414 INFO             PET1 PIOc_sync Enter - MemInfo: [/proc/self/status]	VmSwap:	       0 kB
20220313 061444.414 INFO             PET1 PIOc_sync Enter - MemInfo: [/proc/self/status]	VmRSSPercent: 0.0283634 %
20220313 061444.414 INFO             PET1 PIOc_sync Enter - MemInfo: [malloc] Non-mmapped space allocated:                 3268608 Byte
20220313 061444.414 INFO             PET1 PIOc_sync Enter - MemInfo: [malloc] Space allocated in mmapped regions:          1581056 Byte
20220313 061444.414 INFO             PET1 PIOc_sync Enter - MemInfo: [malloc] Maximum total allocated space:                     0 Byte
20220313 061444.414 INFO             PET1 PIOc_sync Enter - MemInfo: [malloc] Space in freed fastbin blocks:                  1104 Byte
20220313 061444.414 INFO             PET1 PIOc_sync Enter - MemInfo: [malloc] Total allocated space:                       2428720 Byte
20220313 061444.414 INFO             PET1 PIOc_sync Enter - MemInfo: [malloc] Total free space:                             839888 Byte
20220313 061444.414 INFO             PET1 PIOc_sync Enter - MemInfo: [malloc] Top-most, releasable space:                   135152 Byte
20220313 061444.414 INFO             PET1 PIOc_sync Enter - MemInfo: [malloc] Total space in use, mmap + non-mmap:         4009776 Byte
20220313 061444.414 INFO             PET1 PIOc_sync Enter - MemInfo: [malloc] Total space held (mmap + non-mmap):          4849664 Byte
20220313 061444.414 INFO             PET1 PIOc_sync Enter - MemInfo: [malloc] Total space used (mmap + non-mmap):          4019104 Byte
20220313 061444.414 INFO             PET1 PIOc_sync Enter - MemInfo: Wall-clock time since execution start:              0.0241226 seconds
20220313 061444.414 INFO             PET1 PIOc_sync Exit - MemInfo: [/proc/meminfo - SSI]	MemTotal:       65507008 kB
20220313 061444.414 INFO             PET1 PIOc_sync Exit - MemInfo: [/proc/meminfo - SSI]	MemFree:        50248728 kB
20220313 061444.414 INFO             PET1 PIOc_sync Exit - MemInfo: [/proc/meminfo - SSI]	MemAvailable:   50008288 kB
20220313 061444.414 INFO             PET1 PIOc_sync Exit - MemInfo: [/proc/meminfo - SSI]	Committed_AS:   12890704 kB
20220313 061444.414 INFO             PET1 PIOc_sync Exit - MemInfo: [/proc/meminfo - SSI]	CommittedPercent: 19.6784 %
20220313 061444.414 INFO             PET1 PIOc_sync Exit - MemInfo: [/proc/self/status]	VmPeak:	  506348 kB
20220313 061444.414 INFO             PET1 PIOc_sync Exit - MemInfo: [/proc/self/status]	VmSize:	  506348 kB
20220313 061444.414 INFO             PET1 PIOc_sync Exit - MemInfo: [/proc/self/status]	VmLck:	       0 kB
20220313 061444.414 INFO             PET1 PIOc_sync Exit - MemInfo: [/proc/self/status]	VmPin:	       0 kB
20220313 061444.414 INFO             PET1 PIOc_sync Exit - MemInfo: [/proc/self/status]	VmHWM:	   64852 kB
20220313 061444.414 INFO             PET1 PIOc_sync Exit - MemInfo: [/proc/self/status]	VmRSS:	   18580 kB
20220313 061444.414 INFO             PET1 PIOc_sync Exit - MemInfo: [/proc/self/status]	VmData:	   15240 kB
20220313 061444.414 INFO             PET1 PIOc_sync Exit - MemInfo: [/proc/self/status]	VmStk:	     148 kB
20220313 061444.414 INFO             PET1 PIOc_sync Exit - MemInfo: [/proc/self/status]	VmExe:	     200 kB
20220313 061444.414 INFO             PET1 PIOc_sync Exit - MemInfo: [/proc/self/status]	VmLib:	   49404 kB
20220313 061444.414 INFO             PET1 PIOc_sync Exit - MemInfo: [/proc/self/status]	VmPTE:	     736 kB
20220313 061444.414 INFO             PET1 PIOc_sync Exit - MemInfo: [/proc/self/status]	VmPMD:	      16 kB
20220313 061444.414 INFO             PET1 PIOc_sync Exit - MemInfo: [/proc/self/status]	VmSwap:	       0 kB
20220313 061444.414 INFO             PET1 PIOc_sync Exit - MemInfo: [/proc/self/status]	VmRSSPercent: 0.0283634 %
20220313 061444.414 INFO             PET1 PIOc_sync Exit - MemInfo: [malloc] Non-mmapped space allocated:                 3268608 Byte
20220313 061444.414 INFO             PET1 PIOc_sync Exit - MemInfo: [malloc] Space allocated in mmapped regions:          1581056 Byte
20220313 061444.414 INFO             PET1 PIOc_sync Exit - MemInfo: [malloc] Maximum total allocated space:                     0 Byte
20220313 061444.414 INFO             PET1 PIOc_sync Exit - MemInfo: [malloc] Space in freed fastbin blocks:                  1344 Byte
20220313 061444.414 INFO             PET1 PIOc_sync Exit - MemInfo: [malloc] Total allocated space:                       2428624 Byte
20220313 061444.414 INFO             PET1 PIOc_sync Exit - MemInfo: [malloc] Total free space:                             839984 Byte
20220313 061444.414 INFO             PET1 PIOc_sync Exit - MemInfo: [malloc] Top-most, releasable space:                   135152 Byte
20220313 061444.414 INFO             PET1 PIOc_sync Exit - MemInfo: [malloc] Total space in use, mmap + non-mmap:         4009680 Byte
20220313 061444.414 INFO             PET1 PIOc_sync Exit - MemInfo: [malloc] Total space held (mmap + non-mmap):          4849664 Byte
20220313 061444.414 INFO             PET1 PIOc_sync Exit - MemInfo: [malloc] Total space used (mmap + non-mmap):          4019008 Byte
20220313 061444.414 INFO             PET1 PIOc_sync Exit - MemInfo: Wall-clock time since execution start:              0.0245491 seconds
20220313 061444.414 INFO             PET1 PIOc_freedecomp Enter - MemInfo: [/proc/meminfo - SSI]	MemTotal:       65507008 kB
20220313 061444.414 INFO             PET1 PIOc_freedecomp Enter - MemInfo: [/proc/meminfo - SSI]	MemFree:        50248728 kB
20220313 061444.414 INFO             PET1 PIOc_freedecomp Enter - MemInfo: [/proc/meminfo - SSI]	MemAvailable:   50008288 kB
20220313 061444.414 INFO             PET1 PIOc_freedecomp Enter - MemInfo: [/proc/meminfo - SSI]	Committed_AS:   12890704 kB
20220313 061444.414 INFO             PET1 PIOc_freedecomp Enter - MemInfo: [/proc/meminfo - SSI]	CommittedPercent: 19.6784 %
20220313 061444.414 INFO             PET1 PIOc_freedecomp Enter - MemInfo: [/proc/self/status]	VmPeak:	  506348 kB
20220313 061444.414 INFO             PET1 PIOc_freedecomp Enter - MemInfo: [/proc/self/status]	VmSize:	  506348 kB
20220313 061444.414 INFO             PET1 PIOc_freedecomp Enter - MemInfo: [/proc/self/status]	VmLck:	       0 kB
20220313 061444.414 INFO             PET1 PIOc_freedecomp Enter - MemInfo: [/proc/self/status]	VmPin:	       0 kB
20220313 061444.414 INFO             PET1 PIOc_freedecomp Enter - MemInfo: [/proc/self/status]	VmHWM:	   64852 kB
20220313 061444.414 INFO             PET1 PIOc_freedecomp Enter - MemInfo: [/proc/self/status]	VmRSS:	   18580 kB
20220313 061444.414 INFO             PET1 PIOc_freedecomp Enter - MemInfo: [/proc/self/status]	VmData:	   15240 kB
20220313 061444.414 INFO             PET1 PIOc_freedecomp Enter - MemInfo: [/proc/self/status]	VmStk:	     148 kB
20220313 061444.414 INFO             PET1 PIOc_freedecomp Enter - MemInfo: [/proc/self/status]	VmExe:	     200 kB
20220313 061444.414 INFO             PET1 PIOc_freedecomp Enter - MemInfo: [/proc/self/status]	VmLib:	   49404 kB
20220313 061444.414 INFO             PET1 PIOc_freedecomp Enter - MemInfo: [/proc/self/status]	VmPTE:	     736 kB
20220313 061444.414 INFO             PET1 PIOc_freedecomp Enter - MemInfo: [/proc/self/status]	VmPMD:	      16 kB
20220313 061444.414 INFO             PET1 PIOc_freedecomp Enter - MemInfo: [/proc/self/status]	VmSwap:	       0 kB
20220313 061444.414 INFO             PET1 PIOc_freedecomp Enter - MemInfo: [/proc/self/status]	VmRSSPercent: 0.0283634 %
20220313 061444.414 INFO             PET1 PIOc_freedecomp Enter - MemInfo: [malloc] Non-mmapped space allocated:                 3268608 Byte
20220313 061444.414 INFO             PET1 PIOc_freedecomp Enter - MemInfo: [malloc] Space allocated in mmapped regions:          1581056 Byte
20220313 061444.414 INFO             PET1 PIOc_freedecomp Enter - MemInfo: [malloc] Maximum total allocated space:                     0 Byte
20220313 061444.414 INFO             PET1 PIOc_freedecomp Enter - MemInfo: [malloc] Space in freed fastbin blocks:                  1280 Byte
20220313 061444.414 INFO             PET1 PIOc_freedecomp Enter - MemInfo: [malloc] Total allocated space:                       2426704 Byte
20220313 061444.414 INFO             PET1 PIOc_freedecomp Enter - MemInfo: [malloc] Total free space:                             841904 Byte
20220313 061444.414 INFO             PET1 PIOc_freedecomp Enter - MemInfo: [malloc] Top-most, releasable space:                   135152 Byte
20220313 061444.415 INFO             PET1 PIOc_freedecomp Enter - MemInfo: [malloc] Total space in use, mmap + non-mmap:         4007760 Byte
20220313 061444.415 INFO             PET1 PIOc_freedecomp Enter - MemInfo: [malloc] Total space held (mmap + non-mmap):          4849664 Byte
20220313 061444.415 INFO             PET1 PIOc_freedecomp Enter - MemInfo: [malloc] Total space used (mmap + non-mmap):          4017088 Byte
20220313 061444.415 INFO             PET1 PIOc_freedecomp Enter - MemInfo: Wall-clock time since execution start:              0.0249469 seconds
20220313 061444.415 INFO             PET1 PIOc_freedecomp Exit - MemInfo: [/proc/meminfo - SSI]	MemTotal:       65507008 kB
20220313 061444.415 INFO             PET1 PIOc_freedecomp Exit - MemInfo: [/proc/meminfo - SSI]	MemFree:        50248728 kB
20220313 061444.415 INFO             PET1 PIOc_freedecomp Exit - MemInfo: [/proc/meminfo - SSI]	MemAvailable:   50008288 kB
20220313 061444.415 INFO             PET1 PIOc_freedecomp Exit - MemInfo: [/proc/meminfo - SSI]	Committed_AS:   12890704 kB
20220313 061444.415 INFO             PET1 PIOc_freedecomp Exit - MemInfo: [/proc/meminfo - SSI]	CommittedPercent: 19.6784 %
20220313 061444.415 INFO             PET1 PIOc_freedecomp Exit - MemInfo: [/proc/self/status]	VmPeak:	  506348 kB
20220313 061444.415 INFO             PET1 PIOc_freedecomp Exit - MemInfo: [/proc/self/status]	VmSize:	  506348 kB
20220313 061444.415 INFO             PET1 PIOc_freedecomp Exit - MemInfo: [/proc/self/status]	VmLck:	       0 kB
20220313 061444.415 INFO             PET1 PIOc_freedecomp Exit - MemInfo: [/proc/self/status]	VmPin:	       0 kB
20220313 061444.415 INFO             PET1 PIOc_freedecomp Exit - MemInfo: [/proc/self/status]	VmHWM:	   64852 kB
20220313 061444.415 INFO             PET1 PIOc_freedecomp Exit - MemInfo: [/proc/self/status]	VmRSS:	   18580 kB
20220313 061444.415 INFO             PET1 PIOc_freedecomp Exit - MemInfo: [/proc/self/status]	VmData:	   15240 kB
20220313 061444.415 INFO             PET1 PIOc_freedecomp Exit - MemInfo: [/proc/self/status]	VmStk:	     148 kB
20220313 061444.415 INFO             PET1 PIOc_freedecomp Exit - MemInfo: [/proc/self/status]	VmExe:	     200 kB
20220313 061444.415 INFO             PET1 PIOc_freedecomp Exit - MemInfo: [/proc/self/status]	VmLib:	   49404 kB
20220313 061444.415 INFO             PET1 PIOc_freedecomp Exit - MemInfo: [/proc/self/status]	VmPTE:	     736 kB
20220313 061444.415 INFO             PET1 PIOc_freedecomp Exit - MemInfo: [/proc/self/status]	VmPMD:	      16 kB
20220313 061444.415 INFO             PET1 PIOc_freedecomp Exit - MemInfo: [/proc/self/status]	VmSwap:	       0 kB
20220313 061444.415 INFO             PET1 PIOc_freedecomp Exit - MemInfo: [/proc/self/status]	VmRSSPercent: 0.0283634 %
20220313 061444.415 INFO             PET1 PIOc_freedecomp Exit - MemInfo: [malloc] Non-mmapped space allocated:                 3268608 Byte
20220313 061444.415 INFO             PET1 PIOc_freedecomp Exit - MemInfo: [malloc] Space allocated in mmapped regions:          1581056 Byte
20220313 061444.415 INFO             PET1 PIOc_freedecomp Exit - MemInfo: [malloc] Maximum total allocated space:                     0 Byte
20220313 061444.415 INFO             PET1 PIOc_freedecomp Exit - MemInfo: [malloc] Space in freed fastbin blocks:                  1808 Byte
20220313 061444.415 INFO             PET1 PIOc_freedecomp Exit - MemInfo: [malloc] Total allocated space:                       2424640 Byte
20220313 061444.415 INFO             PET1 PIOc_freedecomp Exit - MemInfo: [malloc] Total free space:                             843968 Byte
20220313 061444.415 INFO             PET1 PIOc_freedecomp Exit - MemInfo: [malloc] Top-most, releasable space:                   135152 Byte
20220313 061444.415 INFO             PET1 PIOc_freedecomp Exit - MemInfo: [malloc] Total space in use, mmap + non-mmap:         4005696 Byte
20220313 061444.415 INFO             PET1 PIOc_freedecomp Exit - MemInfo: [malloc] Total space held (mmap + non-mmap):          4849664 Byte
20220313 061444.415 INFO             PET1 PIOc_freedecomp Exit - MemInfo: [malloc] Total space used (mmap + non-mmap):          4015024 Byte
20220313 061444.415 INFO             PET1 PIOc_freedecomp Exit - MemInfo: Wall-clock time since execution start:              0.0253042 seconds
20220313 061444.415 INFO             PET1  PASS  ESMF_OutputWeightFile, ESMF_IOUTest.F90, line 81
20220313 061444.425 INFO             PET1  PASS  call ESMF_OutputWeightFile with empty factor list on four PETs, ESMF_IOUTest.F90, line 191
20220313 061444.425 INFO             PET1  Ending Test, file ESMF_IOUTest.F90, line 201
20220313 061444.425 INFO             PET1 Finalizing ESMF
20220313 061444.391 INFO             PET2 !!!!!!!!!!!!!!!!!!!!!!!!!!!!!!!!!!!!!!!!!!!!!!!!!!!!!!
20220313 061444.391 INFO             PET2 !!! THE ESMF_LOG IS SET TO OUTPUT ALL LOG MESSAGES !!!
20220313 061444.391 INFO             PET2 !!!     THIS MAY CAUSE SLOWDOWN IN PERFORMANCE     !!!
20220313 061444.391 INFO             PET2 !!! FOR PRODUCTION RUNS, USE:                      !!!
20220313 061444.391 INFO             PET2 !!!                   ESMF_LOGKIND_Multi_On_Error  !!!
20220313 061444.391 INFO             PET2 !!!!!!!!!!!!!!!!!!!!!!!!!!!!!!!!!!!!!!!!!!!!!!!!!!!!!!
20220313 061444.391 INFO             PET2 Running with ESMF Version   : v8.3.0b09-96-g559b459836
20220313 061444.391 INFO             PET2 ESMF library build date/time: "Mar 13 2022" "05:59:55"
20220313 061444.391 INFO             PET2 ESMF library build location : /glade/scratch/rlong/esmf-testing/gfortran_9.1.0_openmpi_O_jedwards_pio_update2
20220313 061444.391 INFO             PET2 ESMF_COMM                   : openmpi
20220313 061444.391 INFO             PET2 ESMF_MOAB                   : enabled
20220313 061444.391 INFO             PET2 ESMF_LAPACK                 : enabled
20220313 061444.391 INFO             PET2 ESMF_NETCDF                 : enabled
20220313 061444.391 INFO             PET2 ESMF_PNETCDF                : disabled
20220313 061444.391 INFO             PET2 ESMF_PIO                    : enabled
20220313 061444.391 INFO             PET2 ESMF_YAMLCPP                : enabled
20220313 061444.391 INFO             PET2  Beginning Test, file ESMF_IOUTest.F90, line 57
20220313 061444.391 INFO             PET2  NUMBER_OF_PROCESSORS           4
20220313 061444.391 INFO             PET2 Starting Test:  ESMF_OutputWeightFile
20220313 061444.402 INFO             PET2 PIOc_sync Enter - MemInfo: [/proc/meminfo - SSI]	MemTotal:       65507008 kB
20220313 061444.402 INFO             PET2 PIOc_sync Enter - MemInfo: [/proc/meminfo - SSI]	MemFree:        50240656 kB
20220313 061444.402 INFO             PET2 PIOc_sync Enter - MemInfo: [/proc/meminfo - SSI]	MemAvailable:   50000216 kB
20220313 061444.402 INFO             PET2 PIOc_sync Enter - MemInfo: [/proc/meminfo - SSI]	Committed_AS:   12890620 kB
20220313 061444.402 INFO             PET2 PIOc_sync Enter - MemInfo: [/proc/meminfo - SSI]	CommittedPercent: 19.6782 %
20220313 061444.402 INFO             PET2 PIOc_sync Enter - MemInfo: [/proc/self/status]	VmPeak:	  506252 kB
20220313 061444.402 INFO             PET2 PIOc_sync Enter - MemInfo: [/proc/self/status]	VmSize:	  506252 kB
20220313 061444.402 INFO             PET2 PIOc_sync Enter - MemInfo: [/proc/self/status]	VmLck:	       0 kB
20220313 061444.402 INFO             PET2 PIOc_sync Enter - MemInfo: [/proc/self/status]	VmPin:	       0 kB
20220313 061444.402 INFO             PET2 PIOc_sync Enter - MemInfo: [/proc/self/status]	VmHWM:	   64848 kB
20220313 061444.402 INFO             PET2 PIOc_sync Enter - MemInfo: [/proc/self/status]	VmRSS:	   18444 kB
20220313 061444.402 INFO             PET2 PIOc_sync Enter - MemInfo: [/proc/self/status]	VmData:	   15144 kB
20220313 061444.402 INFO             PET2 PIOc_sync Enter - MemInfo: [/proc/self/status]	VmStk:	     148 kB
20220313 061444.402 INFO             PET2 PIOc_sync Enter - MemInfo: [/proc/self/status]	VmExe:	     200 kB
20220313 061444.402 INFO             PET2 PIOc_sync Enter - MemInfo: [/proc/self/status]	VmLib:	   49404 kB
20220313 061444.402 INFO             PET2 PIOc_sync Enter - MemInfo: [/proc/self/status]	VmPTE:	     728 kB
20220313 061444.402 INFO             PET2 PIOc_sync Enter - MemInfo: [/proc/self/status]	VmPMD:	      12 kB
20220313 061444.402 INFO             PET2 PIOc_sync Enter - MemInfo: [/proc/self/status]	VmSwap:	       0 kB
20220313 061444.402 INFO             PET2 PIOc_sync Enter - MemInfo: [/proc/self/status]	VmRSSPercent: 0.0281558 %
20220313 061444.402 INFO             PET2 PIOc_sync Enter - MemInfo: [malloc] Non-mmapped space allocated:                 3170304 Byte
20220313 061444.405 INFO             PET2 PIOc_sync Enter - MemInfo: [malloc] Space allocated in mmapped regions:          1581056 Byte
20220313 061444.405 INFO             PET2 PIOc_sync Enter - MemInfo: [malloc] Maximum total allocated space:                     0 Byte
20220313 061444.405 INFO             PET2 PIOc_sync Enter - MemInfo: [malloc] Space in freed fastbin blocks:                  1072 Byte
20220313 061444.405 INFO             PET2 PIOc_sync Enter - MemInfo: [malloc] Total allocated space:                       2370800 Byte
20220313 061444.405 INFO             PET2 PIOc_sync Enter - MemInfo: [malloc] Total free space:                             799504 Byte
20220313 061444.405 INFO             PET2 PIOc_sync Enter - MemInfo: [malloc] Top-most, releasable space:                    36976 Byte
20220313 061444.405 INFO             PET2 PIOc_sync Enter - MemInfo: [malloc] Total space in use, mmap + non-mmap:         3951856 Byte
20220313 061444.405 INFO             PET2 PIOc_sync Enter - MemInfo: [malloc] Total space held (mmap + non-mmap):          4751360 Byte
20220313 061444.405 INFO             PET2 PIOc_sync Enter - MemInfo: [malloc] Total space used (mmap + non-mmap):          3961184 Byte
20220313 061444.405 INFO             PET2 PIOc_sync Enter - MemInfo: Wall-clock time since execution start:              0.0151903 seconds
20220313 061444.405 INFO             PET2 PIOc_sync Exit - MemInfo: [/proc/meminfo - SSI]	MemTotal:       65507008 kB
20220313 061444.405 INFO             PET2 PIOc_sync Exit - MemInfo: [/proc/meminfo - SSI]	MemFree:        50240656 kB
20220313 061444.405 INFO             PET2 PIOc_sync Exit - MemInfo: [/proc/meminfo - SSI]	MemAvailable:   50000216 kB
20220313 061444.405 INFO             PET2 PIOc_sync Exit - MemInfo: [/proc/meminfo - SSI]	Committed_AS:   12890620 kB
20220313 061444.405 INFO             PET2 PIOc_sync Exit - MemInfo: [/proc/meminfo - SSI]	CommittedPercent: 19.6782 %
20220313 061444.405 INFO             PET2 PIOc_sync Exit - MemInfo: [/proc/self/status]	VmPeak:	  506252 kB
20220313 061444.405 INFO             PET2 PIOc_sync Exit - MemInfo: [/proc/self/status]	VmSize:	  506252 kB
20220313 061444.405 INFO             PET2 PIOc_sync Exit - MemInfo: [/proc/self/status]	VmLck:	       0 kB
20220313 061444.405 INFO             PET2 PIOc_sync Exit - MemInfo: [/proc/self/status]	VmPin:	       0 kB
20220313 061444.405 INFO             PET2 PIOc_sync Exit - MemInfo: [/proc/self/status]	VmHWM:	   64848 kB
20220313 061444.405 INFO             PET2 PIOc_sync Exit - MemInfo: [/proc/self/status]	VmRSS:	   18532 kB
20220313 061444.405 INFO             PET2 PIOc_sync Exit - MemInfo: [/proc/self/status]	VmData:	   15144 kB
20220313 061444.405 INFO             PET2 PIOc_sync Exit - MemInfo: [/proc/self/status]	VmStk:	     148 kB
20220313 061444.405 INFO             PET2 PIOc_sync Exit - MemInfo: [/proc/self/status]	VmExe:	     200 kB
20220313 061444.405 INFO             PET2 PIOc_sync Exit - MemInfo: [/proc/self/status]	VmLib:	   49404 kB
