build time -- 2022-03-13 06:01:57.957279
20220313 061422.398 INFO             PET0 !!!!!!!!!!!!!!!!!!!!!!!!!!!!!!!!!!!!!!!!!!!!!!!!!!!!!!
20220313 061422.398 INFO             PET0 !!! THE ESMF_LOG IS SET TO OUTPUT ALL LOG MESSAGES !!!
20220313 061422.398 INFO             PET0 !!!     THIS MAY CAUSE SLOWDOWN IN PERFORMANCE     !!!
20220313 061422.398 INFO             PET0 !!! FOR PRODUCTION RUNS, USE:                      !!!
20220313 061422.398 INFO             PET0 !!!                   ESMF_LOGKIND_Multi_On_Error  !!!
20220313 061422.398 INFO             PET0 !!!!!!!!!!!!!!!!!!!!!!!!!!!!!!!!!!!!!!!!!!!!!!!!!!!!!!
20220313 061422.398 INFO             PET0 Running with ESMF Version   : v8.3.0b09-96-g559b459836
20220313 061422.398 INFO             PET0 ESMF library build date/time: "Mar 13 2022" "05:59:55"
20220313 061422.398 INFO             PET0 ESMF library build location : /glade/scratch/rlong/esmf-testing/gfortran_9.1.0_openmpi_O_jedwards_pio_update2
20220313 061422.398 INFO             PET0 ESMF_COMM                   : openmpi
20220313 061422.398 INFO             PET0 ESMF_MOAB                   : enabled
20220313 061422.398 INFO             PET0 ESMF_LAPACK                 : enabled
20220313 061422.398 INFO             PET0 ESMF_NETCDF                 : enabled
20220313 061422.398 INFO             PET0 ESMF_PNETCDF                : disabled
20220313 061422.398 INFO             PET0 ESMF_PIO                    : enabled
20220313 061422.398 INFO             PET0 ESMF_YAMLCPP                : enabled
20220313 061422.399 INFO             PET0  Beginning Test, file ESMF_ArrayIOUTest.F90, line 103
20220313 061422.399 INFO             PET0  NUMBER_OF_PROCESSORS           6
20220313 061422.399 INFO             PET0  PASS  dstDistgrid Create Test, ESMF_ArrayIOUTest.F90, line 137
20220313 061422.399 INFO             PET0  PASS  Array Spec Set Test, ESMF_ArrayIOUTest.F90, line 145
20220313 061422.399 INFO             PET0  PASS  Array with Halo Create Test, ESMF_ArrayIOUTest.F90, line 160
20220313 061422.400 INFO             PET0  PASS  Array without Halo Create Test, ESMF_ArrayIOUTest.F90, line 170
20220313 061422.400 INFO             PET0  PASS  Accessing Fortran pointers for Arrays Test, ESMF_ArrayIOUTest.F90, line 225
20220313 061422.410 INFO             PET0 PIOc_sync Enter - MemInfo: [/proc/meminfo - SSI]	MemTotal:       65507008 kB
20220313 061422.410 INFO             PET0 PIOc_sync Enter - MemInfo: [/proc/meminfo - SSI]	MemFree:        50245840 kB
20220313 061422.410 INFO             PET0 PIOc_sync Enter - MemInfo: [/proc/meminfo - SSI]	MemAvailable:   50003524 kB
20220313 061422.410 INFO             PET0 PIOc_sync Enter - MemInfo: [/proc/meminfo - SSI]	Committed_AS:   12909028 kB
20220313 061422.410 INFO             PET0 PIOc_sync Enter - MemInfo: [/proc/meminfo - SSI]	CommittedPercent: 19.7063 %
20220313 061422.410 INFO             PET0 PIOc_sync Enter - MemInfo: [/proc/self/status]	VmPeak:	  531548 kB
20220313 061422.410 INFO             PET0 PIOc_sync Enter - MemInfo: [/proc/self/status]	VmSize:	  531548 kB
20220313 061422.410 INFO             PET0 PIOc_sync Enter - MemInfo: [/proc/self/status]	VmLck:	       0 kB
20220313 061422.410 INFO             PET0 PIOc_sync Enter - MemInfo: [/proc/self/status]	VmPin:	       0 kB
20220313 061422.410 INFO             PET0 PIOc_sync Enter - MemInfo: [/proc/self/status]	VmHWM:	   64864 kB
20220313 061422.410 INFO             PET0 PIOc_sync Enter - MemInfo: [/proc/self/status]	VmRSS:	   35836 kB
20220313 061422.410 INFO             PET0 PIOc_sync Enter - MemInfo: [/proc/self/status]	VmData:	   32144 kB
20220313 061422.410 INFO             PET0 PIOc_sync Enter - MemInfo: [/proc/self/status]	VmStk:	     148 kB
20220313 061422.410 INFO             PET0 PIOc_sync Enter - MemInfo: [/proc/self/status]	VmExe:	     296 kB
20220313 061422.410 INFO             PET0 PIOc_sync Enter - MemInfo: [/proc/self/status]	VmLib:	   49404 kB
20220313 061422.410 INFO             PET0 PIOc_sync Enter - MemInfo: [/proc/self/status]	VmPTE:	     772 kB
20220313 061422.412 INFO             PET0 PIOc_sync Enter - MemInfo: [/proc/self/status]	VmPMD:	      16 kB
20220313 061422.412 INFO             PET0 PIOc_sync Enter - MemInfo: [/proc/self/status]	VmSwap:	       0 kB
20220313 061422.412 INFO             PET0 PIOc_sync Enter - MemInfo: [/proc/self/status]	VmRSSPercent: 0.0547056 %
20220313 061422.412 INFO             PET0 PIOc_sync Enter - MemInfo: [malloc] Non-mmapped space allocated:                 3268608 Byte
20220313 061422.412 INFO             PET0 PIOc_sync Enter - MemInfo: [malloc] Space allocated in mmapped regions:         18890752 Byte
20220313 061422.412 INFO             PET0 PIOc_sync Enter - MemInfo: [malloc] Maximum total allocated space:                     0 Byte
20220313 061422.412 INFO             PET0 PIOc_sync Enter - MemInfo: [malloc] Space in freed fastbin blocks:                  1488 Byte
20220313 061422.413 INFO             PET0 PIOc_sync Enter - MemInfo: [malloc] Total allocated space:                       2787504 Byte
20220313 061422.413 INFO             PET0 PIOc_sync Enter - MemInfo: [malloc] Total free space:                             481104 Byte
20220313 061422.413 INFO             PET0 PIOc_sync Enter - MemInfo: [malloc] Top-most, releasable space:                   134704 Byte
20220313 061422.413 INFO             PET0 PIOc_sync Enter - MemInfo: [malloc] Total space in use, mmap + non-mmap:        21678256 Byte
20220313 061422.413 INFO             PET0 PIOc_sync Enter - MemInfo: [malloc] Total space held (mmap + non-mmap):         22159360 Byte
20220313 061422.413 INFO             PET0 PIOc_sync Enter - MemInfo: [malloc] Total space used (mmap + non-mmap):         21687584 Byte
20220313 061422.413 INFO             PET0 PIOc_sync Enter - MemInfo: Wall-clock time since execution start:              0.0156274 seconds
20220313 061422.413 INFO             PET0 PIOc_sync Exit - MemInfo: [/proc/meminfo - SSI]	MemTotal:       65507008 kB
20220313 061422.413 INFO             PET0 PIOc_sync Exit - MemInfo: [/proc/meminfo - SSI]	MemFree:        50245840 kB
20220313 061422.413 INFO             PET0 PIOc_sync Exit - MemInfo: [/proc/meminfo - SSI]	MemAvailable:   50003524 kB
20220313 061422.413 INFO             PET0 PIOc_sync Exit - MemInfo: [/proc/meminfo - SSI]	Committed_AS:   12909028 kB
20220313 061422.413 INFO             PET0 PIOc_sync Exit - MemInfo: [/proc/meminfo - SSI]	CommittedPercent: 19.7063 %
20220313 061422.413 INFO             PET0 PIOc_sync Exit - MemInfo: [/proc/self/status]	VmPeak:	  531548 kB
20220313 061422.413 INFO             PET0 PIOc_sync Exit - MemInfo: [/proc/self/status]	VmSize:	  531548 kB
20220313 061422.413 INFO             PET0 PIOc_sync Exit - MemInfo: [/proc/self/status]	VmLck:	       0 kB
20220313 061422.413 INFO             PET0 PIOc_sync Exit - MemInfo: [/proc/self/status]	VmPin:	       0 kB
20220313 061422.413 INFO             PET0 PIOc_sync Exit - MemInfo: [/proc/self/status]	VmHWM:	   64864 kB
20220313 061422.413 INFO             PET0 PIOc_sync Exit - MemInfo: [/proc/self/status]	VmRSS:	   35960 kB
20220313 061422.413 INFO             PET0 PIOc_sync Exit - MemInfo: [/proc/self/status]	VmData:	   32144 kB
20220313 061422.413 INFO             PET0 PIOc_sync Exit - MemInfo: [/proc/self/status]	VmStk:	     148 kB
20220313 061422.413 INFO             PET0 PIOc_sync Exit - MemInfo: [/proc/self/status]	VmExe:	     296 kB
20220313 061422.413 INFO             PET0 PIOc_sync Exit - MemInfo: [/proc/self/status]	VmLib:	   49404 kB
20220313 061422.413 INFO             PET0 PIOc_sync Exit - MemInfo: [/proc/self/status]	VmPTE:	     772 kB
20220313 061422.413 INFO             PET0 PIOc_sync Exit - MemInfo: [/proc/self/status]	VmPMD:	      16 kB
20220313 061422.413 INFO             PET0 PIOc_sync Exit - MemInfo: [/proc/self/status]	VmSwap:	       0 kB
20220313 061422.413 INFO             PET0 PIOc_sync Exit - MemInfo: [/proc/self/status]	VmRSSPercent: 0.0548949 %
20220313 061422.413 INFO             PET0 PIOc_sync Exit - MemInfo: [malloc] Non-mmapped space allocated:                 3268608 Byte
20220313 061422.413 INFO             PET0 PIOc_sync Exit - MemInfo: [malloc] Space allocated in mmapped regions:         18890752 Byte
20220313 061422.413 INFO             PET0 PIOc_sync Exit - MemInfo: [malloc] Maximum total allocated space:                     0 Byte
20220313 061422.413 INFO             PET0 PIOc_sync Exit - MemInfo: [malloc] Space in freed fastbin blocks:                  1792 Byte
20220313 061422.413 INFO             PET0 PIOc_sync Exit - MemInfo: [malloc] Total allocated space:                       2805248 Byte
20220313 061422.413 INFO             PET0 PIOc_sync Exit - MemInfo: [malloc] Total free space:                             463360 Byte
20220313 061422.413 INFO             PET0 PIOc_sync Exit - MemInfo: [malloc] Top-most, releasable space:                   134704 Byte
20220313 061422.413 INFO             PET0 PIOc_sync Exit - MemInfo: [malloc] Total space in use, mmap + non-mmap:        21696000 Byte
20220313 061422.413 INFO             PET0 PIOc_sync Exit - MemInfo: [malloc] Total space held (mmap + non-mmap):         22159360 Byte
20220313 061422.413 INFO             PET0 PIOc_sync Exit - MemInfo: [malloc] Total space used (mmap + non-mmap):         21705328 Byte
20220313 061422.413 INFO             PET0 PIOc_sync Exit - MemInfo: Wall-clock time since execution start:              0.0162469 seconds
20220313 061422.414 INFO             PET0 PIOc_freedecomp Enter - MemInfo: [/proc/meminfo - SSI]	MemTotal:       65507008 kB
20220313 061422.414 INFO             PET0 PIOc_freedecomp Enter - MemInfo: [/proc/meminfo - SSI]	MemFree:        50260960 kB
20220313 061422.414 INFO             PET0 PIOc_freedecomp Enter - MemInfo: [/proc/meminfo - SSI]	MemAvailable:   50018644 kB
20220313 061422.414 INFO             PET0 PIOc_freedecomp Enter - MemInfo: [/proc/meminfo - SSI]	Committed_AS:   12892640 kB
20220313 061422.414 INFO             PET0 PIOc_freedecomp Enter - MemInfo: [/proc/meminfo - SSI]	CommittedPercent: 19.6813 %
20220313 061422.414 INFO             PET0 PIOc_freedecomp Enter - MemInfo: [/proc/self/status]	VmPeak:	  531548 kB
20220313 061422.414 INFO             PET0 PIOc_freedecomp Enter - MemInfo: [/proc/self/status]	VmSize:	  514644 kB
20220313 061422.414 INFO             PET0 PIOc_freedecomp Enter - MemInfo: [/proc/self/status]	VmLck:	       0 kB
20220313 061422.414 INFO             PET0 PIOc_freedecomp Enter - MemInfo: [/proc/self/status]	VmPin:	       0 kB
20220313 061422.414 INFO             PET0 PIOc_freedecomp Enter - MemInfo: [/proc/self/status]	VmHWM:	   64864 kB
20220313 061422.414 INFO             PET0 PIOc_freedecomp Enter - MemInfo: [/proc/self/status]	VmRSS:	   19568 kB
20220313 061422.414 INFO             PET0 PIOc_freedecomp Enter - MemInfo: [/proc/self/status]	VmData:	   15240 kB
20220313 061422.414 INFO             PET0 PIOc_freedecomp Enter - MemInfo: [/proc/self/status]	VmStk:	     148 kB
20220313 061422.414 INFO             PET0 PIOc_freedecomp Enter - MemInfo: [/proc/self/status]	VmExe:	     296 kB
20220313 061422.414 INFO             PET0 PIOc_freedecomp Enter - MemInfo: [/proc/self/status]	VmLib:	   49404 kB
20220313 061422.414 INFO             PET0 PIOc_freedecomp Enter - MemInfo: [/proc/self/status]	VmPTE:	     740 kB
20220313 061422.414 INFO             PET0 PIOc_freedecomp Enter - MemInfo: [/proc/self/status]	VmPMD:	      16 kB
20220313 061422.414 INFO             PET0 PIOc_freedecomp Enter - MemInfo: [/proc/self/status]	VmSwap:	       0 kB
20220313 061422.414 INFO             PET0 PIOc_freedecomp Enter - MemInfo: [/proc/self/status]	VmRSSPercent: 0.0298716 %
20220313 061422.414 INFO             PET0 PIOc_freedecomp Enter - MemInfo: [malloc] Non-mmapped space allocated:                 3268608 Byte
20220313 061422.414 INFO             PET0 PIOc_freedecomp Enter - MemInfo: [malloc] Space allocated in mmapped regions:          1581056 Byte
20220313 061422.414 INFO             PET0 PIOc_freedecomp Enter - MemInfo: [malloc] Maximum total allocated space:                     0 Byte
20220313 061422.414 INFO             PET0 PIOc_freedecomp Enter - MemInfo: [malloc] Space in freed fastbin blocks:                  2960 Byte
20220313 061422.414 INFO             PET0 PIOc_freedecomp Enter - MemInfo: [malloc] Total allocated space:                       2791840 Byte
20220313 061422.414 INFO             PET0 PIOc_freedecomp Enter - MemInfo: [malloc] Total free space:                             476768 Byte
20220313 061422.414 INFO             PET0 PIOc_freedecomp Enter - MemInfo: [malloc] Top-most, releasable space:                   134704 Byte
20220313 061422.414 INFO             PET0 PIOc_freedecomp Enter - MemInfo: [malloc] Total space in use, mmap + non-mmap:         4372896 Byte
20220313 061422.414 INFO             PET0 PIOc_freedecomp Enter - MemInfo: [malloc] Total space held (mmap + non-mmap):          4849664 Byte
20220313 061422.414 INFO             PET0 PIOc_freedecomp Enter - MemInfo: [malloc] Total space used (mmap + non-mmap):          4382224 Byte
20220313 061422.414 INFO             PET0 PIOc_freedecomp Enter - MemInfo: Wall-clock time since execution start:              0.0173048 seconds
20220313 061422.414 INFO             PET0 PIOc_freedecomp Exit - MemInfo: [/proc/meminfo - SSI]	MemTotal:       65507008 kB
20220313 061422.414 INFO             PET0 PIOc_freedecomp Exit - MemInfo: [/proc/meminfo - SSI]	MemFree:        50260960 kB
20220313 061422.414 INFO             PET0 PIOc_freedecomp Exit - MemInfo: [/proc/meminfo - SSI]	MemAvailable:   50018644 kB
20220313 061422.414 INFO             PET0 PIOc_freedecomp Exit - MemInfo: [/proc/meminfo - SSI]	Committed_AS:   12892640 kB
20220313 061422.414 INFO             PET0 PIOc_freedecomp Exit - MemInfo: [/proc/meminfo - SSI]	CommittedPercent: 19.6813 %
20220313 061422.414 INFO             PET0 PIOc_freedecomp Exit - MemInfo: [/proc/self/status]	VmPeak:	  531548 kB
20220313 061422.414 INFO             PET0 PIOc_freedecomp Exit - MemInfo: [/proc/self/status]	VmSize:	  514644 kB
20220313 061422.414 INFO             PET0 PIOc_freedecomp Exit - MemInfo: [/proc/self/status]	VmLck:	       0 kB
20220313 061422.414 INFO             PET0 PIOc_freedecomp Exit - MemInfo: [/proc/self/status]	VmPin:	       0 kB
20220313 061422.414 INFO             PET0 PIOc_freedecomp Exit - MemInfo: [/proc/self/status]	VmHWM:	   64864 kB
20220313 061422.414 INFO             PET0 PIOc_freedecomp Exit - MemInfo: [/proc/self/status]	VmRSS:	   19572 kB
20220313 061422.414 INFO             PET0 PIOc_freedecomp Exit - MemInfo: [/proc/self/status]	VmData:	   15240 kB
20220313 061422.414 INFO             PET0 PIOc_freedecomp Exit - MemInfo: [/proc/self/status]	VmStk:	     148 kB
20220313 061422.414 INFO             PET0 PIOc_freedecomp Exit - MemInfo: [/proc/self/status]	VmExe:	     296 kB
20220313 061422.414 INFO             PET0 PIOc_freedecomp Exit - MemInfo: [/proc/self/status]	VmLib:	   49404 kB
20220313 061422.414 INFO             PET0 PIOc_freedecomp Exit - MemInfo: [/proc/self/status]	VmPTE:	     740 kB
20220313 061422.414 INFO             PET0 PIOc_freedecomp Exit - MemInfo: [/proc/self/status]	VmPMD:	      16 kB
20220313 061422.414 INFO             PET0 PIOc_freedecomp Exit - MemInfo: [/proc/self/status]	VmSwap:	       0 kB
20220313 061422.415 INFO             PET0 PIOc_freedecomp Exit - MemInfo: [/proc/self/status]	VmRSSPercent: 0.0298777 %
20220313 061422.415 INFO             PET0 PIOc_freedecomp Exit - MemInfo: [malloc] Non-mmapped space allocated:                 3268608 Byte
20220313 061422.415 INFO             PET0 PIOc_freedecomp Exit - MemInfo: [malloc] Space allocated in mmapped regions:          1581056 Byte
20220313 061422.415 INFO             PET0 PIOc_freedecomp Exit - MemInfo: [malloc] Maximum total allocated space:                     0 Byte
20220313 061422.415 INFO             PET0 PIOc_freedecomp Exit - MemInfo: [malloc] Space in freed fastbin blocks:                  2544 Byte
20220313 061422.415 INFO             PET0 PIOc_freedecomp Exit - MemInfo: [malloc] Total allocated space:                       2755984 Byte
20220313 061422.415 INFO             PET0 PIOc_freedecomp Exit - MemInfo: [malloc] Total free space:                             512624 Byte
20220313 061422.415 INFO             PET0 PIOc_freedecomp Exit - MemInfo: [malloc] Top-most, releasable space:                   134704 Byte
20220313 061422.415 INFO             PET0 PIOc_freedecomp Exit - MemInfo: [malloc] Total space in use, mmap + non-mmap:         4337040 Byte
20220313 061422.415 INFO             PET0 PIOc_freedecomp Exit - MemInfo: [malloc] Total space held (mmap + non-mmap):          4849664 Byte
20220313 061422.415 INFO             PET0 PIOc_freedecomp Exit - MemInfo: [malloc] Total space used (mmap + non-mmap):          4346368 Byte
20220313 061422.415 INFO             PET0 PIOc_freedecomp Exit - MemInfo: Wall-clock time since execution start:              0.0176843 seconds
20220313 061422.415 INFO             PET0  PASS  Write ESMF_Array with Halo to NetCDF Test, ESMF_ArrayIOUTest.F90, line 236
20220313 061422.415 WARNING          PET0 ESMCI_PIO_Handler.C:1318 ESMCI::PIO_Handler::open()  Unable to create file: file3D_withhalo.nc, (PIO/NetCDF error = NetCDF: File exists && NC_NOCLOBBER)
20220313 061422.415 ERROR            PET0 ESMCI_PIO_Handler.C:779 ESMCI::PIO_Handler::arrayWrite() Unable to read from file  - file not open
20220313 061422.415 ERROR            PET0 ESMCI_IO.C:736 ESMCI::IO::write() Unable to read from file  - Internal subroutine call returned Error
20220313 061422.415 ERROR            PET0 ESMCI_IO.C:956 ESMCI::IO::close() Unable to close file  - Internal subroutine call returned Error
20220313 061422.415 ERROR            PET0 ESMCI_IO.C:494 ESMCI::IO::write() Unable to read from file  - Internal subroutine call returned Error
20220313 061422.415 ERROR            PET0 ESMCI_Array.C:4093 ESMCI::Array::write() Unable to write to file  - Internal subroutine call returned Error
20220313 061422.415 ERROR            PET0 ESMCI_Array_F.C:801 c_esmc_arraywrite() Unable to write to file  - Internal subroutine call returned Error
20220313 061422.415 ERROR            PET0 ESMF_Array.F90:3994 ESMF_ArrayWrite Unable to write to file  - Internal subroutine call returned Error
20220313 061422.415 INFO             PET0  PASS  Write ESMF_Array with Halo Test overwrite test, ESMF_ArrayIOUTest.F90, line 250
20220313 061422.415 ERROR            PET0 ESMCI_IO_Handler.C:164 ESMCI::IO_Handler::create() Unknown I/O Format
20220313 061422.415 ERROR            PET0 ESMCI_IO.C:469 ESMCI::IO::write() Invalid argument  - Internal subroutine call returned Error
20220313 061422.415 ERROR            PET0 ESMCI_Array.C:4093 ESMCI::Array::write() Invalid argument  - Internal subroutine call returned Error
20220313 061422.415 ERROR            PET0 ESMCI_Array_F.C:801 c_esmc_arraywrite() Invalid argument  - Internal subroutine call returned Error
20220313 061422.415 ERROR            PET0 ESMF_Array.F90:3994 ESMF_ArrayWrite Invalid argument  - Internal subroutine call returned Error
20220313 061422.415 INFO             PET0  PASS  Write ESMF_Array with Halo to binary Test, ESMF_ArrayIOUTest.F90, line 264
20220313 061422.423 INFO             PET0 PIOc_sync Enter - MemInfo: [/proc/meminfo - SSI]	MemTotal:       65507008 kB
20220313 061422.423 INFO             PET0 PIOc_sync Enter - MemInfo: [/proc/meminfo - SSI]	MemFree:        50245336 kB
20220313 061422.423 INFO             PET0 PIOc_sync Enter - MemInfo: [/proc/meminfo - SSI]	MemAvailable:   50003020 kB
20220313 061422.423 INFO             PET0 PIOc_sync Enter - MemInfo: [/proc/meminfo - SSI]	Committed_AS:   12909020 kB
20220313 061422.423 INFO             PET0 PIOc_sync Enter - MemInfo: [/proc/meminfo - SSI]	CommittedPercent: 19.7063 %
20220313 061422.423 INFO             PET0 PIOc_sync Enter - MemInfo: [/proc/self/status]	VmPeak:	  531548 kB
20220313 061422.423 INFO             PET0 PIOc_sync Enter - MemInfo: [/proc/self/status]	VmSize:	  531540 kB
20220313 061422.423 INFO             PET0 PIOc_sync Enter - MemInfo: [/proc/self/status]	VmLck:	       0 kB
20220313 061422.423 INFO             PET0 PIOc_sync Enter - MemInfo: [/proc/self/status]	VmPin:	       0 kB
20220313 061422.423 INFO             PET0 PIOc_sync Enter - MemInfo: [/proc/self/status]	VmHWM:	   64864 kB
20220313 061422.423 INFO             PET0 PIOc_sync Enter - MemInfo: [/proc/self/status]	VmRSS:	   36520 kB
20220313 061422.423 INFO             PET0 PIOc_sync Enter - MemInfo: [/proc/self/status]	VmData:	   32136 kB
20220313 061422.423 INFO             PET0 PIOc_sync Enter - MemInfo: [/proc/self/status]	VmStk:	     148 kB
20220313 061422.423 INFO             PET0 PIOc_sync Enter - MemInfo: [/proc/self/status]	VmExe:	     296 kB
20220313 061422.423 INFO             PET0 PIOc_sync Enter - MemInfo: [/proc/self/status]	VmLib:	   49404 kB
20220313 061422.423 INFO             PET0 PIOc_sync Enter - MemInfo: [/proc/self/status]	VmPTE:	     772 kB
20220313 061422.423 INFO             PET0 PIOc_sync Enter - MemInfo: [/proc/self/status]	VmPMD:	      16 kB
20220313 061422.423 INFO             PET0 PIOc_sync Enter - MemInfo: [/proc/self/status]	VmSwap:	       0 kB
20220313 061422.423 INFO             PET0 PIOc_sync Enter - MemInfo: [/proc/self/status]	VmRSSPercent: 0.0557498 %
20220313 061422.423 INFO             PET0 PIOc_sync Enter - MemInfo: [malloc] Non-mmapped space allocated:                20570112 Byte
20220313 061422.423 INFO             PET0 PIOc_sync Enter - MemInfo: [malloc] Space allocated in mmapped regions:          1581056 Byte
20220313 061422.423 INFO             PET0 PIOc_sync Enter - MemInfo: [malloc] Maximum total allocated space:                     0 Byte
20220313 061422.423 INFO             PET0 PIOc_sync Enter - MemInfo: [malloc] Space in freed fastbin blocks:                  1536 Byte
20220313 061422.423 INFO             PET0 PIOc_sync Enter - MemInfo: [malloc] Total allocated space:                      20078032 Byte
20220313 061422.423 INFO             PET0 PIOc_sync Enter - MemInfo: [malloc] Total free space:                             492080 Byte
20220313 061422.423 INFO             PET0 PIOc_sync Enter - MemInfo: [malloc] Top-most, releasable space:                   134672 Byte
20220313 061422.423 INFO             PET0 PIOc_sync Enter - MemInfo: [malloc] Total space in use, mmap + non-mmap:        21659088 Byte
20220313 061422.423 INFO             PET0 PIOc_sync Enter - MemInfo: [malloc] Total space held (mmap + non-mmap):         22151168 Byte
20220313 061422.423 INFO             PET0 PIOc_sync Enter - MemInfo: [malloc] Total space used (mmap + non-mmap):         21668416 Byte
20220313 061422.424 INFO             PET0 PIOc_sync Enter - MemInfo: Wall-clock time since execution start:              0.0265509 seconds
20220313 061422.424 INFO             PET0 PIOc_sync Exit - MemInfo: [/proc/meminfo - SSI]	MemTotal:       65507008 kB
20220313 061422.424 INFO             PET0 PIOc_sync Exit - MemInfo: [/proc/meminfo - SSI]	MemFree:        50245336 kB
20220313 061422.424 INFO             PET0 PIOc_sync Exit - MemInfo: [/proc/meminfo - SSI]	MemAvailable:   50003020 kB
20220313 061422.424 INFO             PET0 PIOc_sync Exit - MemInfo: [/proc/meminfo - SSI]	Committed_AS:   12909020 kB
20220313 061422.424 INFO             PET0 PIOc_sync Exit - MemInfo: [/proc/meminfo - SSI]	CommittedPercent: 19.7063 %
20220313 061422.424 INFO             PET0 PIOc_sync Exit - MemInfo: [/proc/self/status]	VmPeak:	  531548 kB
20220313 061422.424 INFO             PET0 PIOc_sync Exit - MemInfo: [/proc/self/status]	VmSize:	  531540 kB
20220313 061422.424 INFO             PET0 PIOc_sync Exit - MemInfo: [/proc/self/status]	VmLck:	       0 kB
20220313 061422.424 INFO             PET0 PIOc_sync Exit - MemInfo: [/proc/self/status]	VmPin:	       0 kB
20220313 061422.424 INFO             PET0 PIOc_sync Exit - MemInfo: [/proc/self/status]	VmHWM:	   64864 kB
20220313 061422.424 INFO             PET0 PIOc_sync Exit - MemInfo: [/proc/self/status]	VmRSS:	   36520 kB
20220313 061422.424 INFO             PET0 PIOc_sync Exit - MemInfo: [/proc/self/status]	VmData:	   32136 kB
20220313 061422.424 INFO             PET0 PIOc_sync Exit - MemInfo: [/proc/self/status]	VmStk:	     148 kB
20220313 061422.424 INFO             PET0 PIOc_sync Exit - MemInfo: [/proc/self/status]	VmExe:	     296 kB
20220313 061422.424 INFO             PET0 PIOc_sync Exit - MemInfo: [/proc/self/status]	VmLib:	   49404 kB
20220313 061422.424 INFO             PET0 PIOc_sync Exit - MemInfo: [/proc/self/status]	VmPTE:	     772 kB
20220313 061422.424 INFO             PET0 PIOc_sync Exit - MemInfo: [/proc/self/status]	VmPMD:	      16 kB
20220313 061422.424 INFO             PET0 PIOc_sync Exit - MemInfo: [/proc/self/status]	VmSwap:	       0 kB
20220313 061422.424 INFO             PET0 PIOc_sync Exit - MemInfo: [/proc/self/status]	VmRSSPercent: 0.0557498 %
20220313 061422.424 INFO             PET0 PIOc_sync Exit - MemInfo: [malloc] Non-mmapped space allocated:                20570112 Byte
20220313 061422.424 INFO             PET0 PIOc_sync Exit - MemInfo: [malloc] Space allocated in mmapped regions:          1581056 Byte
20220313 061422.424 INFO             PET0 PIOc_sync Exit - MemInfo: [malloc] Maximum total allocated space:                     0 Byte
20220313 061422.424 INFO             PET0 PIOc_sync Exit - MemInfo: [malloc] Space in freed fastbin blocks:                  2032 Byte
20220313 061422.424 INFO             PET0 PIOc_sync Exit - MemInfo: [malloc] Total allocated space:                      20097344 Byte
20220313 061422.424 INFO             PET0 PIOc_sync Exit - MemInfo: [malloc] Total free space:                             472768 Byte
20220313 061422.424 INFO             PET0 PIOc_sync Exit - MemInfo: [malloc] Top-most, releasable space:                   134672 Byte
20220313 061422.424 INFO             PET0 PIOc_sync Exit - MemInfo: [malloc] Total space in use, mmap + non-mmap:        21678400 Byte
20220313 061422.424 INFO             PET0 PIOc_sync Exit - MemInfo: [malloc] Total space held (mmap + non-mmap):         22151168 Byte
20220313 061422.424 INFO             PET0 PIOc_sync Exit - MemInfo: [malloc] Total space used (mmap + non-mmap):         21687728 Byte
20220313 061422.424 INFO             PET0 PIOc_sync Exit - MemInfo: Wall-clock time since execution start:               0.027054 seconds
20220313 061422.424 INFO             PET0 PIOc_freedecomp Enter - MemInfo: [/proc/meminfo - SSI]	MemTotal:       65507008 kB
20220313 061422.424 INFO             PET0 PIOc_freedecomp Enter - MemInfo: [/proc/meminfo - SSI]	MemFree:        50245336 kB
20220313 061422.424 INFO             PET0 PIOc_freedecomp Enter - MemInfo: [/proc/meminfo - SSI]	MemAvailable:   50003020 kB
20220313 061422.424 INFO             PET0 PIOc_freedecomp Enter - MemInfo: [/proc/meminfo - SSI]	Committed_AS:   12909020 kB
20220313 061422.424 INFO             PET0 PIOc_freedecomp Enter - MemInfo: [/proc/meminfo - SSI]	CommittedPercent: 19.7063 %
20220313 061422.424 INFO             PET0 PIOc_freedecomp Enter - MemInfo: [/proc/self/status]	VmPeak:	  531548 kB
20220313 061422.424 INFO             PET0 PIOc_freedecomp Enter - MemInfo: [/proc/self/status]	VmSize:	  531540 kB
20220313 061422.424 INFO             PET0 PIOc_freedecomp Enter - MemInfo: [/proc/self/status]	VmLck:	       0 kB
20220313 061422.424 INFO             PET0 PIOc_freedecomp Enter - MemInfo: [/proc/self/status]	VmPin:	       0 kB
20220313 061422.424 INFO             PET0 PIOc_freedecomp Enter - MemInfo: [/proc/self/status]	VmHWM:	   64864 kB
20220313 061422.424 INFO             PET0 PIOc_freedecomp Enter - MemInfo: [/proc/self/status]	VmRSS:	   36520 kB
20220313 061422.424 INFO             PET0 PIOc_freedecomp Enter - MemInfo: [/proc/self/status]	VmData:	   32136 kB
20220313 061422.424 INFO             PET0 PIOc_freedecomp Enter - MemInfo: [/proc/self/status]	VmStk:	     148 kB
20220313 061422.424 INFO             PET0 PIOc_freedecomp Enter - MemInfo: [/proc/self/status]	VmExe:	     296 kB
20220313 061422.424 INFO             PET0 PIOc_freedecomp Enter - MemInfo: [/proc/self/status]	VmLib:	   49404 kB
20220313 061422.424 INFO             PET0 PIOc_freedecomp Enter - MemInfo: [/proc/self/status]	VmPTE:	     772 kB
20220313 061422.424 INFO             PET0 PIOc_freedecomp Enter - MemInfo: [/proc/self/status]	VmPMD:	      16 kB
20220313 061422.424 INFO             PET0 PIOc_freedecomp Enter - MemInfo: [/proc/self/status]	VmSwap:	       0 kB
20220313 061422.424 INFO             PET0 PIOc_freedecomp Enter - MemInfo: [/proc/self/status]	VmRSSPercent: 0.0557498 %
20220313 061422.424 INFO             PET0 PIOc_freedecomp Enter - MemInfo: [malloc] Non-mmapped space allocated:                20570112 Byte
20220313 061422.424 INFO             PET0 PIOc_freedecomp Enter - MemInfo: [malloc] Space allocated in mmapped regions:          1581056 Byte
20220313 061422.424 INFO             PET0 PIOc_freedecomp Enter - MemInfo: [malloc] Maximum total allocated space:                     0 Byte
20220313 061422.424 INFO             PET0 PIOc_freedecomp Enter - MemInfo: [malloc] Space in freed fastbin blocks:                  1808 Byte
20220313 061422.424 INFO             PET0 PIOc_freedecomp Enter - MemInfo: [malloc] Total allocated space:                       2782384 Byte
20220313 061422.424 INFO             PET0 PIOc_freedecomp Enter - MemInfo: [malloc] Total free space:                           17787728 Byte
20220313 061422.424 INFO             PET0 PIOc_freedecomp Enter - MemInfo: [malloc] Top-most, releasable space:                 17436208 Byte
20220313 061422.424 INFO             PET0 PIOc_freedecomp Enter - MemInfo: [malloc] Total space in use, mmap + non-mmap:         4363440 Byte
20220313 061422.424 INFO             PET0 PIOc_freedecomp Enter - MemInfo: [malloc] Total space held (mmap + non-mmap):         22151168 Byte
20220313 061422.424 INFO             PET0 PIOc_freedecomp Enter - MemInfo: [malloc] Total space used (mmap + non-mmap):          4372768 Byte
20220313 061422.424 INFO             PET0 PIOc_freedecomp Enter - MemInfo: Wall-clock time since execution start:              0.0274978 seconds
20220313 061422.424 INFO             PET0 PIOc_freedecomp Exit - MemInfo: [/proc/meminfo - SSI]	MemTotal:       65507008 kB
20220313 061422.425 INFO             PET0 PIOc_freedecomp Exit - MemInfo: [/proc/meminfo - SSI]	MemFree:        50245336 kB
20220313 061422.425 INFO             PET0 PIOc_freedecomp Exit - MemInfo: [/proc/meminfo - SSI]	MemAvailable:   50003020 kB
20220313 061422.425 INFO             PET0 PIOc_freedecomp Exit - MemInfo: [/proc/meminfo - SSI]	Committed_AS:   12909020 kB
20220313 061422.425 INFO             PET0 PIOc_freedecomp Exit - MemInfo: [/proc/meminfo - SSI]	CommittedPercent: 19.7063 %
20220313 061422.425 INFO             PET0 PIOc_freedecomp Exit - MemInfo: [/proc/self/status]	VmPeak:	  531548 kB
20220313 061422.425 INFO             PET0 PIOc_freedecomp Exit - MemInfo: [/proc/self/status]	VmSize:	  531540 kB
20220313 061422.425 INFO             PET0 PIOc_freedecomp Exit - MemInfo: [/proc/self/status]	VmLck:	       0 kB
20220313 061422.425 INFO             PET0 PIOc_freedecomp Exit - MemInfo: [/proc/self/status]	VmPin:	       0 kB
20220313 061422.425 INFO             PET0 PIOc_freedecomp Exit - MemInfo: [/proc/self/status]	VmHWM:	   64864 kB
20220313 061422.425 INFO             PET0 PIOc_freedecomp Exit - MemInfo: [/proc/self/status]	VmRSS:	   36520 kB
20220313 061422.425 INFO             PET0 PIOc_freedecomp Exit - MemInfo: [/proc/self/status]	VmData:	   32136 kB
20220313 061422.425 INFO             PET0 PIOc_freedecomp Exit - MemInfo: [/proc/self/status]	VmStk:	     148 kB
20220313 061422.425 INFO             PET0 PIOc_freedecomp Exit - MemInfo: [/proc/self/status]	VmExe:	     296 kB
20220313 061422.425 INFO             PET0 PIOc_freedecomp Exit - MemInfo: [/proc/self/status]	VmLib:	   49404 kB
20220313 061422.425 INFO             PET0 PIOc_freedecomp Exit - MemInfo: [/proc/self/status]	VmPTE:	     772 kB
20220313 061422.425 INFO             PET0 PIOc_freedecomp Exit - MemInfo: [/proc/self/status]	VmPMD:	      16 kB
20220313 061422.425 INFO             PET0 PIOc_freedecomp Exit - MemInfo: [/proc/self/status]	VmSwap:	       0 kB
20220313 061422.425 INFO             PET0 PIOc_freedecomp Exit - MemInfo: [/proc/self/status]	VmRSSPercent: 0.0557498 %
20220313 061422.425 INFO             PET0 PIOc_freedecomp Exit - MemInfo: [malloc] Non-mmapped space allocated:                20570112 Byte
20220313 061422.425 INFO             PET0 PIOc_freedecomp Exit - MemInfo: [malloc] Space allocated in mmapped regions:          1581056 Byte
20220313 061422.425 INFO             PET0 PIOc_freedecomp Exit - MemInfo: [malloc] Maximum total allocated space:                     0 Byte
20220313 061422.425 INFO             PET0 PIOc_freedecomp Exit - MemInfo: [malloc] Space in freed fastbin blocks:                  2656 Byte
20220313 061422.425 INFO             PET0 PIOc_freedecomp Exit - MemInfo: [malloc] Total allocated space:                       2760208 Byte
20220313 061422.425 INFO             PET0 PIOc_freedecomp Exit - MemInfo: [malloc] Total free space:                           17809904 Byte
20220313 061422.425 INFO             PET0 PIOc_freedecomp Exit - MemInfo: [malloc] Top-most, releasable space:                 17436208 Byte
20220313 061422.425 INFO             PET0 PIOc_freedecomp Exit - MemInfo: [malloc] Total space in use, mmap + non-mmap:         4341264 Byte
20220313 061422.425 INFO             PET0 PIOc_freedecomp Exit - MemInfo: [malloc] Total space held (mmap + non-mmap):         22151168 Byte
20220313 061422.425 INFO             PET0 PIOc_freedecomp Exit - MemInfo: [malloc] Total space used (mmap + non-mmap):          4350592 Byte
20220313 061422.425 INFO             PET0 PIOc_freedecomp Exit - MemInfo: Wall-clock time since execution start:               0.027883 seconds
20220313 061422.425 INFO             PET0  PASS  Write ESMF_Array without Halo to NetCDF Test, ESMF_ArrayIOUTest.F90, line 274
20220313 061422.425 INFO             PET0  PASS  Create Array without Halo for PIO Read, ESMF_ArrayIOUTest.F90, line 288
20220313 061422.425 INFO             PET0  PASS  Create Array with Halo for PIO Read, ESMF_ArrayIOUTest.F90, line 299
20220313 061422.425 INFO             PET0  PASS  Create Array with Halo for PIO Read, ESMF_ArrayIOUTest.F90, line 309
20220313 061422.426 WARNING          PET0 ESMCI_PIO_Handler.C:1343 ESMCI::PIO_Handler::open()  Unable to set fill on file: file3D_wouthalo.nc, (PIO/NetCDF error = NetCDF: Write to read only)
20220313 061422.426 INFO             PET0 PIOc_sync Enter - MemInfo: [/proc/meminfo - SSI]	MemTotal:       65507008 kB
20220313 061422.426 INFO             PET0 PIOc_sync Enter - MemInfo: [/proc/meminfo - SSI]	MemFree:        50245336 kB
20220313 061422.427 INFO             PET0 PIOc_sync Enter - MemInfo: [/proc/meminfo - SSI]	MemAvailable:   50003020 kB
20220313 061422.427 INFO             PET0 PIOc_sync Enter - MemInfo: [/proc/meminfo - SSI]	Committed_AS:   12909020 kB
20220313 061422.427 INFO             PET0 PIOc_sync Enter - MemInfo: [/proc/meminfo - SSI]	CommittedPercent: 19.7063 %
20220313 061422.427 INFO             PET0 PIOc_sync Enter - MemInfo: [/proc/self/status]	VmPeak:	  539728 kB
20220313 061422.427 INFO             PET0 PIOc_sync Enter - MemInfo: [/proc/self/status]	VmSize:	  531540 kB
20220313 061422.427 INFO             PET0 PIOc_sync Enter - MemInfo: [/proc/self/status]	VmLck:	       0 kB
20220313 061422.427 INFO             PET0 PIOc_sync Enter - MemInfo: [/proc/self/status]	VmPin:	       0 kB
20220313 061422.427 INFO             PET0 PIOc_sync Enter - MemInfo: [/proc/self/status]	VmHWM:	   64864 kB
20220313 061422.427 INFO             PET0 PIOc_sync Enter - MemInfo: [/proc/self/status]	VmRSS:	   36568 kB
20220313 061422.427 INFO             PET0 PIOc_sync Enter - MemInfo: [/proc/self/status]	VmData:	   32136 kB
20220313 061422.427 INFO             PET0 PIOc_sync Enter - MemInfo: [/proc/self/status]	VmStk:	     148 kB
20220313 061422.427 INFO             PET0 PIOc_sync Enter - MemInfo: [/proc/self/status]	VmExe:	     296 kB
20220313 061422.427 INFO             PET0 PIOc_sync Enter - MemInfo: [/proc/self/status]	VmLib:	   49404 kB
20220313 061422.427 INFO             PET0 PIOc_sync Enter - MemInfo: [/proc/self/status]	VmPTE:	     772 kB
20220313 061422.427 INFO             PET0 PIOc_sync Enter - MemInfo: [/proc/self/status]	VmPMD:	      16 kB
20220313 061422.427 INFO             PET0 PIOc_sync Enter - MemInfo: [/proc/self/status]	VmSwap:	       0 kB
20220313 061422.427 INFO             PET0 PIOc_sync Enter - MemInfo: [/proc/self/status]	VmRSSPercent: 0.055823 %
20220313 061422.427 INFO             PET0 PIOc_sync Enter - MemInfo: [malloc] Non-mmapped space allocated:                20570112 Byte
20220313 061422.427 INFO             PET0 PIOc_sync Enter - MemInfo: [malloc] Space allocated in mmapped regions:          1581056 Byte
20220313 061422.427 INFO             PET0 PIOc_sync Enter - MemInfo: [malloc] Maximum total allocated space:                     0 Byte
20220313 061422.427 INFO             PET0 PIOc_sync Enter - MemInfo: [malloc] Space in freed fastbin blocks:                  1488 Byte
20220313 061422.427 INFO             PET0 PIOc_sync Enter - MemInfo: [malloc] Total allocated space:                      20137296 Byte
20220313 061422.427 INFO             PET0 PIOc_sync Enter - MemInfo: [malloc] Total free space:                             432816 Byte
20220313 061422.427 INFO             PET0 PIOc_sync Enter - MemInfo: [malloc] Top-most, releasable space:                   134672 Byte
20220313 061422.427 INFO             PET0 PIOc_sync Enter - MemInfo: [malloc] Total space in use, mmap + non-mmap:        21718352 Byte
20220313 061422.427 INFO             PET0 PIOc_sync Enter - MemInfo: [malloc] Total space held (mmap + non-mmap):         22151168 Byte
20220313 061422.427 INFO             PET0 PIOc_sync Enter - MemInfo: [malloc] Total space used (mmap + non-mmap):         21727680 Byte
20220313 061422.427 INFO             PET0 PIOc_sync Enter - MemInfo: Wall-clock time since execution start:              0.0299223 seconds
20220313 061422.427 INFO             PET0 PIOc_sync Exit - MemInfo: [/proc/meminfo - SSI]	MemTotal:       65507008 kB
20220313 061422.427 INFO             PET0 PIOc_sync Exit - MemInfo: [/proc/meminfo - SSI]	MemFree:        50245336 kB
20220313 061422.427 INFO             PET0 PIOc_sync Exit - MemInfo: [/proc/meminfo - SSI]	MemAvailable:   50003020 kB
20220313 061422.427 INFO             PET0 PIOc_sync Exit - MemInfo: [/proc/meminfo - SSI]	Committed_AS:   12909020 kB
20220313 061422.427 INFO             PET0 PIOc_sync Exit - MemInfo: [/proc/meminfo - SSI]	CommittedPercent: 19.7063 %
20220313 061422.427 INFO             PET0 PIOc_sync Exit - MemInfo: [/proc/self/status]	VmPeak:	  539728 kB
20220313 061422.427 INFO             PET0 PIOc_sync Exit - MemInfo: [/proc/self/status]	VmSize:	  531540 kB
20220313 061422.427 INFO             PET0 PIOc_sync Exit - MemInfo: [/proc/self/status]	VmLck:	       0 kB
20220313 061422.427 INFO             PET0 PIOc_sync Exit - MemInfo: [/proc/self/status]	VmPin:	       0 kB
20220313 061422.427 INFO             PET0 PIOc_sync Exit - MemInfo: [/proc/self/status]	VmHWM:	   64864 kB
20220313 061422.427 INFO             PET0 PIOc_sync Exit - MemInfo: [/proc/self/status]	VmRSS:	   36576 kB
20220313 061422.427 INFO             PET0 PIOc_sync Exit - MemInfo: [/proc/self/status]	VmData:	   32136 kB
20220313 061422.427 INFO             PET0 PIOc_sync Exit - MemInfo: [/proc/self/status]	VmStk:	     148 kB
20220313 061422.427 INFO             PET0 PIOc_sync Exit - MemInfo: [/proc/self/status]	VmExe:	     296 kB
20220313 061422.427 INFO             PET0 PIOc_sync Exit - MemInfo: [/proc/self/status]	VmLib:	   49404 kB
20220313 061422.427 INFO             PET0 PIOc_sync Exit - MemInfo: [/proc/self/status]	VmPTE:	     772 kB
20220313 061422.427 INFO             PET0 PIOc_sync Exit - MemInfo: [/proc/self/status]	VmPMD:	      16 kB
20220313 061422.427 INFO             PET0 PIOc_sync Exit - MemInfo: [/proc/self/status]	VmSwap:	       0 kB
20220313 061422.427 INFO             PET0 PIOc_sync Exit - MemInfo: [/proc/self/status]	VmRSSPercent: 0.0558352 %
20220313 061422.427 INFO             PET0 PIOc_sync Exit - MemInfo: [malloc] Non-mmapped space allocated:                20570112 Byte
20220313 061422.427 INFO             PET0 PIOc_sync Exit - MemInfo: [malloc] Space allocated in mmapped regions:          1581056 Byte
20220313 061422.427 INFO             PET0 PIOc_sync Exit - MemInfo: [malloc] Maximum total allocated space:                     0 Byte
20220313 061422.427 INFO             PET0 PIOc_sync Exit - MemInfo: [malloc] Space in freed fastbin blocks:                  1344 Byte
20220313 061422.427 INFO             PET0 PIOc_sync Exit - MemInfo: [malloc] Total allocated space:                      20137296 Byte
20220313 061422.427 INFO             PET0 PIOc_sync Exit - MemInfo: [malloc] Total free space:                             432816 Byte
20220313 061422.427 INFO             PET0 PIOc_sync Exit - MemInfo: [malloc] Top-most, releasable space:                   134672 Byte
20220313 061422.427 INFO             PET0 PIOc_sync Exit - MemInfo: [malloc] Total space in use, mmap + non-mmap:        21718352 Byte
20220313 061422.427 INFO             PET0 PIOc_sync Exit - MemInfo: [malloc] Total space held (mmap + non-mmap):         22151168 Byte
20220313 061422.427 INFO             PET0 PIOc_sync Exit - MemInfo: [malloc] Total space used (mmap + non-mmap):         21727680 Byte
20220313 061422.427 INFO             PET0 PIOc_sync Exit - MemInfo: Wall-clock time since execution start:              0.0304096 seconds
20220313 061422.427 INFO             PET0 PIOc_freedecomp Enter - MemInfo: [/proc/meminfo - SSI]	MemTotal:       65507008 kB
20220313 061422.427 INFO             PET0 PIOc_freedecomp Enter - MemInfo: [/proc/meminfo - SSI]	MemFree:        50245336 kB
20220313 061422.427 INFO             PET0 PIOc_freedecomp Enter - MemInfo: [/proc/meminfo - SSI]	MemAvailable:   50003020 kB
20220313 061422.427 INFO             PET0 PIOc_freedecomp Enter - MemInfo: [/proc/meminfo - SSI]	Committed_AS:   12909020 kB
20220313 061422.427 INFO             PET0 PIOc_freedecomp Enter - MemInfo: [/proc/meminfo - SSI]	CommittedPercent: 19.7063 %
20220313 061422.428 INFO             PET0 PIOc_freedecomp Enter - MemInfo: [/proc/self/status]	VmPeak:	  539728 kB
20220313 061422.428 INFO             PET0 PIOc_freedecomp Enter - MemInfo: [/proc/self/status]	VmSize:	  531540 kB
20220313 061422.428 INFO             PET0 PIOc_freedecomp Enter - MemInfo: [/proc/self/status]	VmLck:	       0 kB
20220313 061422.428 INFO             PET0 PIOc_freedecomp Enter - MemInfo: [/proc/self/status]	VmPin:	       0 kB
20220313 061422.428 INFO             PET0 PIOc_freedecomp Enter - MemInfo: [/proc/self/status]	VmHWM:	   64864 kB
20220313 061422.428 INFO             PET0 PIOc_freedecomp Enter - MemInfo: [/proc/self/status]	VmRSS:	   36576 kB
20220313 061422.428 INFO             PET0 PIOc_freedecomp Enter - MemInfo: [/proc/self/status]	VmData:	   32136 kB
20220313 061422.428 INFO             PET0 PIOc_freedecomp Enter - MemInfo: [/proc/self/status]	VmStk:	     148 kB
20220313 061422.428 INFO             PET0 PIOc_freedecomp Enter - MemInfo: [/proc/self/status]	VmExe:	     296 kB
20220313 061422.428 INFO             PET0 PIOc_freedecomp Enter - MemInfo: [/proc/self/status]	VmLib:	   49404 kB
20220313 061422.428 INFO             PET0 PIOc_freedecomp Enter - MemInfo: [/proc/self/status]	VmPTE:	     772 kB
20220313 061422.428 INFO             PET0 PIOc_freedecomp Enter - MemInfo: [/proc/self/status]	VmPMD:	      16 kB
20220313 061422.428 INFO             PET0 PIOc_freedecomp Enter - MemInfo: [/proc/self/status]	VmSwap:	       0 kB
20220313 061422.428 INFO             PET0 PIOc_freedecomp Enter - MemInfo: [/proc/self/status]	VmRSSPercent: 0.0558352 %
20220313 061422.428 INFO             PET0 PIOc_freedecomp Enter - MemInfo: [malloc] Non-mmapped space allocated:                20570112 Byte
20220313 061422.428 INFO             PET0 PIOc_freedecomp Enter - MemInfo: [malloc] Space allocated in mmapped regions:          1581056 Byte
20220313 061422.428 INFO             PET0 PIOc_freedecomp Enter - MemInfo: [malloc] Maximum total allocated space:                     0 Byte
20220313 061422.428 INFO             PET0 PIOc_freedecomp Enter - MemInfo: [malloc] Space in freed fastbin blocks:                  1904 Byte
20220313 061422.428 INFO             PET0 PIOc_freedecomp Enter - MemInfo: [malloc] Total allocated space:                       2822384 Byte
20220313 061422.428 INFO             PET0 PIOc_freedecomp Enter - MemInfo: [malloc] Total free space:                           17747728 Byte
20220313 061422.428 INFO             PET0 PIOc_freedecomp Enter - MemInfo: [malloc] Top-most, releasable space:                 17436208 Byte
20220313 061422.428 INFO             PET0 PIOc_freedecomp Enter - MemInfo: [malloc] Total space in use, mmap + non-mmap:         4403440 Byte
20220313 061422.428 INFO             PET0 PIOc_freedecomp Enter - MemInfo: [malloc] Total space held (mmap + non-mmap):         22151168 Byte
20220313 061422.428 INFO             PET0 PIOc_freedecomp Enter - MemInfo: [malloc] Total space used (mmap + non-mmap):          4412768 Byte
20220313 061422.428 INFO             PET0 PIOc_freedecomp Enter - MemInfo: Wall-clock time since execution start:              0.0308558 seconds
20220313 061422.428 INFO             PET0 PIOc_freedecomp Exit - MemInfo: [/proc/meminfo - SSI]	MemTotal:       65507008 kB
20220313 061422.428 INFO             PET0 PIOc_freedecomp Exit - MemInfo: [/proc/meminfo - SSI]	MemFree:        50245336 kB
20220313 061422.428 INFO             PET0 PIOc_freedecomp Exit - MemInfo: [/proc/meminfo - SSI]	MemAvailable:   50003020 kB
20220313 061422.428 INFO             PET0 PIOc_freedecomp Exit - MemInfo: [/proc/meminfo - SSI]	Committed_AS:   12909020 kB
20220313 061422.428 INFO             PET0 PIOc_freedecomp Exit - MemInfo: [/proc/meminfo - SSI]	CommittedPercent: 19.7063 %
20220313 061422.428 INFO             PET0 PIOc_freedecomp Exit - MemInfo: [/proc/self/status]	VmPeak:	  539728 kB
20220313 061422.428 INFO             PET0 PIOc_freedecomp Exit - MemInfo: [/proc/self/status]	VmSize:	  531540 kB
20220313 061422.428 INFO             PET0 PIOc_freedecomp Exit - MemInfo: [/proc/self/status]	VmLck:	       0 kB
20220313 061422.428 INFO             PET0 PIOc_freedecomp Exit - MemInfo: [/proc/self/status]	VmPin:	       0 kB
20220313 061422.428 INFO             PET0 PIOc_freedecomp Exit - MemInfo: [/proc/self/status]	VmHWM:	   64864 kB
20220313 061422.428 INFO             PET0 PIOc_freedecomp Exit - MemInfo: [/proc/self/status]	VmRSS:	   36576 kB
20220313 061422.428 INFO             PET0 PIOc_freedecomp Exit - MemInfo: [/proc/self/status]	VmData:	   32136 kB
20220313 061422.428 INFO             PET0 PIOc_freedecomp Exit - MemInfo: [/proc/self/status]	VmStk:	     148 kB
20220313 061422.428 INFO             PET0 PIOc_freedecomp Exit - MemInfo: [/proc/self/status]	VmExe:	     296 kB
20220313 061422.428 INFO             PET0 PIOc_freedecomp Exit - MemInfo: [/proc/self/status]	VmLib:	   49404 kB
20220313 061422.428 INFO             PET0 PIOc_freedecomp Exit - MemInfo: [/proc/self/status]	VmPTE:	     772 kB
20220313 061422.428 INFO             PET0 PIOc_freedecomp Exit - MemInfo: [/proc/self/status]	VmPMD:	      16 kB
20220313 061422.428 INFO             PET0 PIOc_freedecomp Exit - MemInfo: [/proc/self/status]	VmSwap:	       0 kB
20220313 061422.428 INFO             PET0 PIOc_freedecomp Exit - MemInfo: [/proc/self/status]	VmRSSPercent: 0.0558352 %
20220313 061422.428 INFO             PET0 PIOc_freedecomp Exit - MemInfo: [malloc] Non-mmapped space allocated:                20570112 Byte
20220313 061422.428 INFO             PET0 PIOc_freedecomp Exit - MemInfo: [malloc] Space allocated in mmapped regions:          1581056 Byte
20220313 061422.428 INFO             PET0 PIOc_freedecomp Exit - MemInfo: [malloc] Maximum total allocated space:                     0 Byte
20220313 061422.428 INFO             PET0 PIOc_freedecomp Exit - MemInfo: [malloc] Space in freed fastbin blocks:                  1840 Byte
20220313 061422.428 INFO             PET0 PIOc_freedecomp Exit - MemInfo: [malloc] Total allocated space:                       2800192 Byte
20220313 061422.428 INFO             PET0 PIOc_freedecomp Exit - MemInfo: [malloc] Total free space:                           17769920 Byte
20220313 061422.428 INFO             PET0 PIOc_freedecomp Exit - MemInfo: [malloc] Top-most, releasable space:                 17436208 Byte
20220313 061422.428 INFO             PET0 PIOc_freedecomp Exit - MemInfo: [malloc] Total space in use, mmap + non-mmap:         4381248 Byte
20220313 061422.428 INFO             PET0 PIOc_freedecomp Exit - MemInfo: [malloc] Total space held (mmap + non-mmap):         22151168 Byte
20220313 061422.428 INFO             PET0 PIOc_freedecomp Exit - MemInfo: [malloc] Total space used (mmap + non-mmap):          4390576 Byte
20220313 061422.428 INFO             PET0 PIOc_freedecomp Exit - MemInfo: Wall-clock time since execution start:              0.0313099 seconds
20220313 061422.428 INFO             PET0  PASS  Read ESMF_Array without Halo from NetCDF file Test, ESMF_ArrayIOUTest.F90, line 330
20220313 061422.428 INFO             PET0  PASS  Compare read in data to the existing data - 3D without halo, ESMF_ArrayIOUTest.F90, line 353
20220313 061422.429 WARNING          PET0 ESMCI_PIO_Handler.C:1343 ESMCI::PIO_Handler::open()  Unable to set fill on file: file3D_withhalo.nc, (PIO/NetCDF error = NetCDF: Write to read only)
20220313 061422.429 INFO             PET0 PIOc_sync Enter - MemInfo: [/proc/meminfo - SSI]	MemTotal:       65507008 kB
20220313 061422.429 INFO             PET0 PIOc_sync Enter - MemInfo: [/proc/meminfo - SSI]	MemFree:        50245336 kB
20220313 061422.429 INFO             PET0 PIOc_sync Enter - MemInfo: [/proc/meminfo - SSI]	MemAvailable:   50003020 kB
20220313 061422.429 INFO             PET0 PIOc_sync Enter - MemInfo: [/proc/meminfo - SSI]	Committed_AS:   12909020 kB
20220313 061422.430 INFO             PET0 PIOc_sync Enter - MemInfo: [/proc/meminfo - SSI]	CommittedPercent: 19.7063 %
20220313 061422.430 INFO             PET0 PIOc_sync Enter - MemInfo: [/proc/self/status]	VmPeak:	  539728 kB
20220313 061422.430 INFO             PET0 PIOc_sync Enter - MemInfo: [/proc/self/status]	VmSize:	  531540 kB
20220313 061422.430 INFO             PET0 PIOc_sync Enter - MemInfo: [/proc/self/status]	VmLck:	       0 kB
20220313 061422.430 INFO             PET0 PIOc_sync Enter - MemInfo: [/proc/self/status]	VmPin:	       0 kB
20220313 061422.430 INFO             PET0 PIOc_sync Enter - MemInfo: [/proc/self/status]	VmHWM:	   64864 kB
20220313 061422.430 INFO             PET0 PIOc_sync Enter - MemInfo: [/proc/self/status]	VmRSS:	   36612 kB
20220313 061422.430 INFO             PET0 PIOc_sync Enter - MemInfo: [/proc/self/status]	VmData:	   32136 kB
20220313 061422.430 INFO             PET0 PIOc_sync Enter - MemInfo: [/proc/self/status]	VmStk:	     148 kB
20220313 061422.430 INFO             PET0 PIOc_sync Enter - MemInfo: [/proc/self/status]	VmExe:	     296 kB
20220313 061422.430 INFO             PET0 PIOc_sync Enter - MemInfo: [/proc/self/status]	VmLib:	   49404 kB
20220313 061422.430 INFO             PET0 PIOc_sync Enter - MemInfo: [/proc/self/status]	VmPTE:	     772 kB
20220313 061422.430 INFO             PET0 PIOc_sync Enter - MemInfo: [/proc/self/status]	VmPMD:	      16 kB
20220313 061422.430 INFO             PET0 PIOc_sync Enter - MemInfo: [/proc/self/status]	VmSwap:	       0 kB
20220313 061422.430 INFO             PET0 PIOc_sync Enter - MemInfo: [/proc/self/status]	VmRSSPercent: 0.0558902 %
20220313 061422.430 INFO             PET0 PIOc_sync Enter - MemInfo: [malloc] Non-mmapped space allocated:                20570112 Byte
20220313 061422.430 INFO             PET0 PIOc_sync Enter - MemInfo: [malloc] Space allocated in mmapped regions:          1581056 Byte
20220313 061422.430 INFO             PET0 PIOc_sync Enter - MemInfo: [malloc] Maximum total allocated space:                     0 Byte
20220313 061422.430 INFO             PET0 PIOc_sync Enter - MemInfo: [malloc] Space in freed fastbin blocks:                  1568 Byte
20220313 061422.430 INFO             PET0 PIOc_sync Enter - MemInfo: [malloc] Total allocated space:                      20150992 Byte
20220313 061422.430 INFO             PET0 PIOc_sync Enter - MemInfo: [malloc] Total free space:                             419120 Byte
20220313 061422.430 INFO             PET0 PIOc_sync Enter - MemInfo: [malloc] Top-most, releasable space:                   134672 Byte
20220313 061422.430 INFO             PET0 PIOc_sync Enter - MemInfo: [malloc] Total space in use, mmap + non-mmap:        21732048 Byte
20220313 061422.430 INFO             PET0 PIOc_sync Enter - MemInfo: [malloc] Total space held (mmap + non-mmap):         22151168 Byte
20220313 061422.430 INFO             PET0 PIOc_sync Enter - MemInfo: [malloc] Total space used (mmap + non-mmap):         21741376 Byte
20220313 061422.430 INFO             PET0 PIOc_sync Enter - MemInfo: Wall-clock time since execution start:              0.0328709 seconds
20220313 061422.430 INFO             PET0 PIOc_sync Exit - MemInfo: [/proc/meminfo - SSI]	MemTotal:       65507008 kB
20220313 061422.430 INFO             PET0 PIOc_sync Exit - MemInfo: [/proc/meminfo - SSI]	MemFree:        50245336 kB
20220313 061422.430 INFO             PET0 PIOc_sync Exit - MemInfo: [/proc/meminfo - SSI]	MemAvailable:   50003020 kB
20220313 061422.430 INFO             PET0 PIOc_sync Exit - MemInfo: [/proc/meminfo - SSI]	Committed_AS:   12909020 kB
20220313 061422.430 INFO             PET0 PIOc_sync Exit - MemInfo: [/proc/meminfo - SSI]	CommittedPercent: 19.7063 %
20220313 061422.430 INFO             PET0 PIOc_sync Exit - MemInfo: [/proc/self/status]	VmPeak:	  539728 kB
20220313 061422.430 INFO             PET0 PIOc_sync Exit - MemInfo: [/proc/self/status]	VmSize:	  531540 kB
20220313 061422.430 INFO             PET0 PIOc_sync Exit - MemInfo: [/proc/self/status]	VmLck:	       0 kB
20220313 061422.430 INFO             PET0 PIOc_sync Exit - MemInfo: [/proc/self/status]	VmPin:	       0 kB
20220313 061422.430 INFO             PET0 PIOc_sync Exit - MemInfo: [/proc/self/status]	VmHWM:	   64864 kB
20220313 061422.430 INFO             PET0 PIOc_sync Exit - MemInfo: [/proc/self/status]	VmRSS:	   36612 kB
20220313 061422.430 INFO             PET0 PIOc_sync Exit - MemInfo: [/proc/self/status]	VmData:	   32136 kB
20220313 061422.430 INFO             PET0 PIOc_sync Exit - MemInfo: [/proc/self/status]	VmStk:	     148 kB
20220313 061422.430 INFO             PET0 PIOc_sync Exit - MemInfo: [/proc/self/status]	VmExe:	     296 kB
20220313 061422.430 INFO             PET0 PIOc_sync Exit - MemInfo: [/proc/self/status]	VmLib:	   49404 kB
20220313 061422.430 INFO             PET0 PIOc_sync Exit - MemInfo: [/proc/self/status]	VmPTE:	     772 kB
20220313 061422.430 INFO             PET0 PIOc_sync Exit - MemInfo: [/proc/self/status]	VmPMD:	      16 kB
20220313 061422.430 INFO             PET0 PIOc_sync Exit - MemInfo: [/proc/self/status]	VmSwap:	       0 kB
20220313 061422.430 INFO             PET0 PIOc_sync Exit - MemInfo: [/proc/self/status]	VmRSSPercent: 0.0558902 %
20220313 061422.430 INFO             PET0 PIOc_sync Exit - MemInfo: [malloc] Non-mmapped space allocated:                20570112 Byte
20220313 061422.430 INFO             PET0 PIOc_sync Exit - MemInfo: [malloc] Space allocated in mmapped regions:          1581056 Byte
20220313 061422.430 INFO             PET0 PIOc_sync Exit - MemInfo: [malloc] Maximum total allocated space:                     0 Byte
20220313 061422.430 INFO             PET0 PIOc_sync Exit - MemInfo: [malloc] Space in freed fastbin blocks:                  1792 Byte
20220313 061422.430 INFO             PET0 PIOc_sync Exit - MemInfo: [malloc] Total allocated space:                      20150992 Byte
20220313 061422.430 INFO             PET0 PIOc_sync Exit - MemInfo: [malloc] Total free space:                             419120 Byte
20220313 061422.430 INFO             PET0 PIOc_sync Exit - MemInfo: [malloc] Top-most, releasable space:                   134672 Byte
20220313 061422.430 INFO             PET0 PIOc_sync Exit - MemInfo: [malloc] Total space in use, mmap + non-mmap:        21732048 Byte
20220313 061422.430 INFO             PET0 PIOc_sync Exit - MemInfo: [malloc] Total space held (mmap + non-mmap):         22151168 Byte
20220313 061422.430 INFO             PET0 PIOc_sync Exit - MemInfo: [malloc] Total space used (mmap + non-mmap):         21741376 Byte
20220313 061422.430 INFO             PET0 PIOc_sync Exit - MemInfo: Wall-clock time since execution start:              0.0332872 seconds
20220313 061422.430 INFO             PET0 PIOc_freedecomp Enter - MemInfo: [/proc/meminfo - SSI]	MemTotal:       65507008 kB
20220313 061422.430 INFO             PET0 PIOc_freedecomp Enter - MemInfo: [/proc/meminfo - SSI]	MemFree:        50245336 kB
20220313 061422.430 INFO             PET0 PIOc_freedecomp Enter - MemInfo: [/proc/meminfo - SSI]	MemAvailable:   50003020 kB
20220313 061422.430 INFO             PET0 PIOc_freedecomp Enter - MemInfo: [/proc/meminfo - SSI]	Committed_AS:   12909020 kB
20220313 061422.430 INFO             PET0 PIOc_freedecomp Enter - MemInfo: [/proc/meminfo - SSI]	CommittedPercent: 19.7063 %
20220313 061422.430 INFO             PET0 PIOc_freedecomp Enter - MemInfo: [/proc/self/status]	VmPeak:	  539728 kB
20220313 061422.430 INFO             PET0 PIOc_freedecomp Enter - MemInfo: [/proc/self/status]	VmSize:	  531540 kB
20220313 061422.430 INFO             PET0 PIOc_freedecomp Enter - MemInfo: [/proc/self/status]	VmLck:	       0 kB
20220313 061422.430 INFO             PET0 PIOc_freedecomp Enter - MemInfo: [/proc/self/status]	VmPin:	       0 kB
20220313 061422.430 INFO             PET0 PIOc_freedecomp Enter - MemInfo: [/proc/self/status]	VmHWM:	   64864 kB
20220313 061422.430 INFO             PET0 PIOc_freedecomp Enter - MemInfo: [/proc/self/status]	VmRSS:	   36612 kB
20220313 061422.430 INFO             PET0 PIOc_freedecomp Enter - MemInfo: [/proc/self/status]	VmData:	   32136 kB
20220313 061422.430 INFO             PET0 PIOc_freedecomp Enter - MemInfo: [/proc/self/status]	VmStk:	     148 kB
20220313 061422.430 INFO             PET0 PIOc_freedecomp Enter - MemInfo: [/proc/self/status]	VmExe:	     296 kB
20220313 061422.430 INFO             PET0 PIOc_freedecomp Enter - MemInfo: [/proc/self/status]	VmLib:	   49404 kB
20220313 061422.430 INFO             PET0 PIOc_freedecomp Enter - MemInfo: [/proc/self/status]	VmPTE:	     772 kB
20220313 061422.430 INFO             PET0 PIOc_freedecomp Enter - MemInfo: [/proc/self/status]	VmPMD:	      16 kB
20220313 061422.431 INFO             PET0 PIOc_freedecomp Enter - MemInfo: [/proc/self/status]	VmSwap:	       0 kB
20220313 061422.431 INFO             PET0 PIOc_freedecomp Enter - MemInfo: [/proc/self/status]	VmRSSPercent: 0.0558902 %
20220313 061422.431 INFO             PET0 PIOc_freedecomp Enter - MemInfo: [malloc] Non-mmapped space allocated:                20570112 Byte
20220313 061422.431 INFO             PET0 PIOc_freedecomp Enter - MemInfo: [malloc] Space allocated in mmapped regions:          1581056 Byte
20220313 061422.431 INFO             PET0 PIOc_freedecomp Enter - MemInfo: [malloc] Maximum total allocated space:                     0 Byte
20220313 061422.431 INFO             PET0 PIOc_freedecomp Enter - MemInfo: [malloc] Space in freed fastbin blocks:                  1792 Byte
20220313 061422.431 INFO             PET0 PIOc_freedecomp Enter - MemInfo: [malloc] Total allocated space:                       2836080 Byte
20220313 061422.431 INFO             PET0 PIOc_freedecomp Enter - MemInfo: [malloc] Total free space:                           17734032 Byte
20220313 061422.431 INFO             PET0 PIOc_freedecomp Enter - MemInfo: [malloc] Top-most, releasable space:                 17436208 Byte
20220313 061422.431 INFO             PET0 PIOc_freedecomp Enter - MemInfo: [malloc] Total space in use, mmap + non-mmap:         4417136 Byte
20220313 061422.431 INFO             PET0 PIOc_freedecomp Enter - MemInfo: [malloc] Total space held (mmap + non-mmap):         22151168 Byte
20220313 061422.431 INFO             PET0 PIOc_freedecomp Enter - MemInfo: [malloc] Total space used (mmap + non-mmap):          4426464 Byte
20220313 061422.431 INFO             PET0 PIOc_freedecomp Enter - MemInfo: Wall-clock time since execution start:              0.0336932 seconds
20220313 061422.431 INFO             PET0 PIOc_freedecomp Exit - MemInfo: [/proc/meminfo - SSI]	MemTotal:       65507008 kB
20220313 061422.431 INFO             PET0 PIOc_freedecomp Exit - MemInfo: [/proc/meminfo - SSI]	MemFree:        50245336 kB
20220313 061422.431 INFO             PET0 PIOc_freedecomp Exit - MemInfo: [/proc/meminfo - SSI]	MemAvailable:   50003020 kB
20220313 061422.431 INFO             PET0 PIOc_freedecomp Exit - MemInfo: [/proc/meminfo - SSI]	Committed_AS:   12909020 kB
20220313 061422.431 INFO             PET0 PIOc_freedecomp Exit - MemInfo: [/proc/meminfo - SSI]	CommittedPercent: 19.7063 %
20220313 061422.431 INFO             PET0 PIOc_freedecomp Exit - MemInfo: [/proc/self/status]	VmPeak:	  539728 kB
20220313 061422.431 INFO             PET0 PIOc_freedecomp Exit - MemInfo: [/proc/self/status]	VmSize:	  531540 kB
20220313 061422.431 INFO             PET0 PIOc_freedecomp Exit - MemInfo: [/proc/self/status]	VmLck:	       0 kB
20220313 061422.431 INFO             PET0 PIOc_freedecomp Exit - MemInfo: [/proc/self/status]	VmPin:	       0 kB
20220313 061422.431 INFO             PET0 PIOc_freedecomp Exit - MemInfo: [/proc/self/status]	VmHWM:	   64864 kB
20220313 061422.431 INFO             PET0 PIOc_freedecomp Exit - MemInfo: [/proc/self/status]	VmRSS:	   36612 kB
20220313 061422.431 INFO             PET0 PIOc_freedecomp Exit - MemInfo: [/proc/self/status]	VmData:	   32136 kB
20220313 061422.431 INFO             PET0 PIOc_freedecomp Exit - MemInfo: [/proc/self/status]	VmStk:	     148 kB
20220313 061422.431 INFO             PET0 PIOc_freedecomp Exit - MemInfo: [/proc/self/status]	VmExe:	     296 kB
20220313 061422.431 INFO             PET0 PIOc_freedecomp Exit - MemInfo: [/proc/self/status]	VmLib:	   49404 kB
20220313 061422.431 INFO             PET0 PIOc_freedecomp Exit - MemInfo: [/proc/self/status]	VmPTE:	     772 kB
20220313 061422.431 INFO             PET0 PIOc_freedecomp Exit - MemInfo: [/proc/self/status]	VmPMD:	      16 kB
20220313 061422.431 INFO             PET0 PIOc_freedecomp Exit - MemInfo: [/proc/self/status]	VmSwap:	       0 kB
20220313 061422.431 INFO             PET0 PIOc_freedecomp Exit - MemInfo: [/proc/self/status]	VmRSSPercent: 0.0558902 %
20220313 061422.431 INFO             PET0 PIOc_freedecomp Exit - MemInfo: [malloc] Non-mmapped space allocated:                20570112 Byte
20220313 061422.431 INFO             PET0 PIOc_freedecomp Exit - MemInfo: [malloc] Space allocated in mmapped regions:          1581056 Byte
20220313 061422.431 INFO             PET0 PIOc_freedecomp Exit - MemInfo: [malloc] Maximum total allocated space:                     0 Byte
20220313 061422.431 INFO             PET0 PIOc_freedecomp Exit - MemInfo: [malloc] Space in freed fastbin blocks:                  2672 Byte
20220313 061422.431 INFO             PET0 PIOc_freedecomp Exit - MemInfo: [malloc] Total allocated space:                       2800240 Byte
20220313 061422.431 INFO             PET0 PIOc_freedecomp Exit - MemInfo: [malloc] Total free space:                           17769872 Byte
20220313 061422.431 INFO             PET0 PIOc_freedecomp Exit - MemInfo: [malloc] Top-most, releasable space:                 17436208 Byte
20220313 061422.431 INFO             PET0 PIOc_freedecomp Exit - MemInfo: [malloc] Total space in use, mmap + non-mmap:         4381296 Byte
20220313 061422.431 INFO             PET0 PIOc_freedecomp Exit - MemInfo: [malloc] Total space held (mmap + non-mmap):         22151168 Byte
20220313 061422.431 INFO             PET0 PIOc_freedecomp Exit - MemInfo: [malloc] Total space used (mmap + non-mmap):          4390624 Byte
20220313 061422.431 INFO             PET0 PIOc_freedecomp Exit - MemInfo: Wall-clock time since execution start:              0.0341184 seconds
20220313 061422.431 INFO             PET0  PASS  Read ESMF_Array with Halo from NetCDF Test, ESMF_ArrayIOUTest.F90, line 380
20220313 061422.431 ERROR            PET0 ESMCI_IO_Handler.C:164 ESMCI::IO_Handler::create() Unknown I/O Format
20220313 061422.431 ERROR            PET0 ESMCI_IO.C:264 ESMCI::IO::read() Invalid argument  - Internal subroutine call returned Error
20220313 061422.431 ERROR            PET0 ESMCI_Array.C:3933 ESMCI::Array::read() Invalid argument  - Internal subroutine call returned Error
20220313 061422.431 ERROR            PET0 ESMCI_Array_F.C:831 c_esmc_arrayread() Invalid argument  - Internal subroutine call returned Error
20220313 061422.431 ERROR            PET0 ESMF_ArrayHa.F90:723 ESMF_ArrayRead Invalid argument  - Internal subroutine call returned Error
20220313 061422.431 INFO             PET0  PASS  Read ESMF_Array with Halo from binary Test, ESMF_ArrayIOUTest.F90, line 394
20220313 061422.431 INFO             PET0  PASS  Compare read in data to the existing NetCDF data - 3D with halo, ESMF_ArrayIOUTest.F90, line 412
20220313 061422.431 ERROR            PET0 ESMCI_Array.C:3914 ESMCI::Array::read() Invalid argument  - Array variable name not allowed in binary mode
20220313 061422.431 ERROR            PET0 ESMCI_Array_F.C:831 c_esmc_arrayread() Invalid argument  - Internal subroutine call returned Error
20220313 061422.431 ERROR            PET0 ESMF_ArrayHa.F90:723 ESMF_ArrayRead Invalid argument  - Internal subroutine call returned Error
20220313 061422.431 INFO             PET0  PASS  Read ESMF_Array variable with Halo from binary Test, ESMF_ArrayIOUTest.F90, line 430
20220313 061422.432 INFO             PET0 PIOc_sync Enter - MemInfo: [/proc/meminfo - SSI]	MemTotal:       65507008 kB
20220313 061422.432 INFO             PET0 PIOc_sync Enter - MemInfo: [/proc/meminfo - SSI]	MemFree:        50245556 kB
20220313 061422.432 INFO             PET0 PIOc_sync Enter - MemInfo: [/proc/meminfo - SSI]	MemAvailable:   50003208 kB
20220313 061422.432 INFO             PET0 PIOc_sync Enter - MemInfo: [/proc/meminfo - SSI]	Committed_AS:   12909020 kB
20220313 061422.433 INFO             PET0 PIOc_sync Enter - MemInfo: [/proc/meminfo - SSI]	CommittedPercent: 19.7063 %
20220313 061422.433 INFO             PET0 PIOc_sync Enter - MemInfo: [/proc/self/status]	VmPeak:	  539728 kB
20220313 061422.433 INFO             PET0 PIOc_sync Enter - MemInfo: [/proc/self/status]	VmSize:	  531540 kB
20220313 061422.433 INFO             PET0 PIOc_sync Enter - MemInfo: [/proc/self/status]	VmLck:	       0 kB
20220313 061422.433 INFO             PET0 PIOc_sync Enter - MemInfo: [/proc/self/status]	VmPin:	       0 kB
20220313 061422.433 INFO             PET0 PIOc_sync Enter - MemInfo: [/proc/self/status]	VmHWM:	   64864 kB
20220313 061422.433 INFO             PET0 PIOc_sync Enter - MemInfo: [/proc/self/status]	VmRSS:	   36620 kB
20220313 061422.433 INFO             PET0 PIOc_sync Enter - MemInfo: [/proc/self/status]	VmData:	   32136 kB
20220313 061422.433 INFO             PET0 PIOc_sync Enter - MemInfo: [/proc/self/status]	VmStk:	     148 kB
20220313 061422.433 INFO             PET0 PIOc_sync Enter - MemInfo: [/proc/self/status]	VmExe:	     296 kB
20220313 061422.433 INFO             PET0 PIOc_sync Enter - MemInfo: [/proc/self/status]	VmLib:	   49404 kB
20220313 061422.433 INFO             PET0 PIOc_sync Enter - MemInfo: [/proc/self/status]	VmPTE:	     772 kB
20220313 061422.433 INFO             PET0 PIOc_sync Enter - MemInfo: [/proc/self/status]	VmPMD:	      16 kB
20220313 061422.433 INFO             PET0 PIOc_sync Enter - MemInfo: [/proc/self/status]	VmSwap:	       0 kB
20220313 061422.433 INFO             PET0 PIOc_sync Enter - MemInfo: [/proc/self/status]	VmRSSPercent: 0.0559024 %
20220313 061422.433 INFO             PET0 PIOc_sync Enter - MemInfo: [malloc] Non-mmapped space allocated:                20570112 Byte
20220313 061422.433 INFO             PET0 PIOc_sync Enter - MemInfo: [malloc] Space allocated in mmapped regions:          1581056 Byte
20220313 061422.433 INFO             PET0 PIOc_sync Enter - MemInfo: [malloc] Maximum total allocated space:                     0 Byte
20220313 061422.433 INFO             PET0 PIOc_sync Enter - MemInfo: [malloc] Space in freed fastbin blocks:                  1536 Byte
20220313 061422.433 INFO             PET0 PIOc_sync Enter - MemInfo: [malloc] Total allocated space:                      20133936 Byte
20220313 061422.433 INFO             PET0 PIOc_sync Enter - MemInfo: [malloc] Total free space:                             436176 Byte
20220313 061422.433 INFO             PET0 PIOc_sync Enter - MemInfo: [malloc] Top-most, releasable space:                   134672 Byte
20220313 061422.433 INFO             PET0 PIOc_sync Enter - MemInfo: [malloc] Total space in use, mmap + non-mmap:        21714992 Byte
20220313 061422.433 INFO             PET0 PIOc_sync Enter - MemInfo: [malloc] Total space held (mmap + non-mmap):         22151168 Byte
20220313 061422.433 INFO             PET0 PIOc_sync Enter - MemInfo: [malloc] Total space used (mmap + non-mmap):         21724320 Byte
20220313 061422.433 INFO             PET0 PIOc_sync Enter - MemInfo: Wall-clock time since execution start:              0.0358827 seconds
20220313 061422.433 INFO             PET0 PIOc_sync Exit - MemInfo: [/proc/meminfo - SSI]	MemTotal:       65507008 kB
20220313 061422.433 INFO             PET0 PIOc_sync Exit - MemInfo: [/proc/meminfo - SSI]	MemFree:        50245556 kB
20220313 061422.433 INFO             PET0 PIOc_sync Exit - MemInfo: [/proc/meminfo - SSI]	MemAvailable:   50003208 kB
20220313 061422.433 INFO             PET0 PIOc_sync Exit - MemInfo: [/proc/meminfo - SSI]	Committed_AS:   12909020 kB
20220313 061422.433 INFO             PET0 PIOc_sync Exit - MemInfo: [/proc/meminfo - SSI]	CommittedPercent: 19.7063 %
20220313 061422.433 INFO             PET0 PIOc_sync Exit - MemInfo: [/proc/self/status]	VmPeak:	  539728 kB
20220313 061422.433 INFO             PET0 PIOc_sync Exit - MemInfo: [/proc/self/status]	VmSize:	  531540 kB
20220313 061422.433 INFO             PET0 PIOc_sync Exit - MemInfo: [/proc/self/status]	VmLck:	       0 kB
20220313 061422.433 INFO             PET0 PIOc_sync Exit - MemInfo: [/proc/self/status]	VmPin:	       0 kB
20220313 061422.433 INFO             PET0 PIOc_sync Exit - MemInfo: [/proc/self/status]	VmHWM:	   64864 kB
20220313 061422.433 INFO             PET0 PIOc_sync Exit - MemInfo: [/proc/self/status]	VmRSS:	   36620 kB
20220313 061422.433 INFO             PET0 PIOc_sync Exit - MemInfo: [/proc/self/status]	VmData:	   32136 kB
20220313 061422.433 INFO             PET0 PIOc_sync Exit - MemInfo: [/proc/self/status]	VmStk:	     148 kB
20220313 061422.433 INFO             PET0 PIOc_sync Exit - MemInfo: [/proc/self/status]	VmExe:	     296 kB
20220313 061422.433 INFO             PET0 PIOc_sync Exit - MemInfo: [/proc/self/status]	VmLib:	   49404 kB
20220313 061422.433 INFO             PET0 PIOc_sync Exit - MemInfo: [/proc/self/status]	VmPTE:	     772 kB
20220313 061422.433 INFO             PET0 PIOc_sync Exit - MemInfo: [/proc/self/status]	VmPMD:	      16 kB
20220313 061422.433 INFO             PET0 PIOc_sync Exit - MemInfo: [/proc/self/status]	VmSwap:	       0 kB
20220313 061422.433 INFO             PET0 PIOc_sync Exit - MemInfo: [/proc/self/status]	VmRSSPercent: 0.0559024 %
20220313 061422.433 INFO             PET0 PIOc_sync Exit - MemInfo: [malloc] Non-mmapped space allocated:                20570112 Byte
20220313 061422.433 INFO             PET0 PIOc_sync Exit - MemInfo: [malloc] Space allocated in mmapped regions:          1581056 Byte
20220313 061422.433 INFO             PET0 PIOc_sync Exit - MemInfo: [malloc] Maximum total allocated space:                     0 Byte
20220313 061422.433 INFO             PET0 PIOc_sync Exit - MemInfo: [malloc] Space in freed fastbin blocks:                  1792 Byte
20220313 061422.433 INFO             PET0 PIOc_sync Exit - MemInfo: [malloc] Total allocated space:                      20151680 Byte
20220313 061422.433 INFO             PET0 PIOc_sync Exit - MemInfo: [malloc] Total free space:                             418432 Byte
20220313 061422.433 INFO             PET0 PIOc_sync Exit - MemInfo: [malloc] Top-most, releasable space:                   134672 Byte
20220313 061422.433 INFO             PET0 PIOc_sync Exit - MemInfo: [malloc] Total space in use, mmap + non-mmap:        21732736 Byte
20220313 061422.433 INFO             PET0 PIOc_sync Exit - MemInfo: [malloc] Total space held (mmap + non-mmap):         22151168 Byte
20220313 061422.433 INFO             PET0 PIOc_sync Exit - MemInfo: [malloc] Total space used (mmap + non-mmap):         21742064 Byte
20220313 061422.433 INFO             PET0 PIOc_sync Exit - MemInfo: Wall-clock time since execution start:              0.0363815 seconds
20220313 061422.433 INFO             PET0 PIOc_freedecomp Enter - MemInfo: [/proc/meminfo - SSI]	MemTotal:       65507008 kB
20220313 061422.433 INFO             PET0 PIOc_freedecomp Enter - MemInfo: [/proc/meminfo - SSI]	MemFree:        50245556 kB
20220313 061422.433 INFO             PET0 PIOc_freedecomp Enter - MemInfo: [/proc/meminfo - SSI]	MemAvailable:   50003208 kB
20220313 061422.433 INFO             PET0 PIOc_freedecomp Enter - MemInfo: [/proc/meminfo - SSI]	Committed_AS:   12909020 kB
20220313 061422.433 INFO             PET0 PIOc_freedecomp Enter - MemInfo: [/proc/meminfo - SSI]	CommittedPercent: 19.7063 %
20220313 061422.434 INFO             PET0 PIOc_freedecomp Enter - MemInfo: [/proc/self/status]	VmPeak:	  539728 kB
20220313 061422.434 INFO             PET0 PIOc_freedecomp Enter - MemInfo: [/proc/self/status]	VmSize:	  531540 kB
20220313 061422.434 INFO             PET0 PIOc_freedecomp Enter - MemInfo: [/proc/self/status]	VmLck:	       0 kB
20220313 061422.434 INFO             PET0 PIOc_freedecomp Enter - MemInfo: [/proc/self/status]	VmPin:	       0 kB
20220313 061422.434 INFO             PET0 PIOc_freedecomp Enter - MemInfo: [/proc/self/status]	VmHWM:	   64864 kB
20220313 061422.434 INFO             PET0 PIOc_freedecomp Enter - MemInfo: [/proc/self/status]	VmRSS:	   36620 kB
20220313 061422.434 INFO             PET0 PIOc_freedecomp Enter - MemInfo: [/proc/self/status]	VmData:	   32136 kB
20220313 061422.434 INFO             PET0 PIOc_freedecomp Enter - MemInfo: [/proc/self/status]	VmStk:	     148 kB
20220313 061422.434 INFO             PET0 PIOc_freedecomp Enter - MemInfo: [/proc/self/status]	VmExe:	     296 kB
20220313 061422.434 INFO             PET0 PIOc_freedecomp Enter - MemInfo: [/proc/self/status]	VmLib:	   49404 kB
20220313 061422.434 INFO             PET0 PIOc_freedecomp Enter - MemInfo: [/proc/self/status]	VmPTE:	     772 kB
20220313 061422.434 INFO             PET0 PIOc_freedecomp Enter - MemInfo: [/proc/self/status]	VmPMD:	      16 kB
20220313 061422.434 INFO             PET0 PIOc_freedecomp Enter - MemInfo: [/proc/self/status]	VmSwap:	       0 kB
20220313 061422.434 INFO             PET0 PIOc_freedecomp Enter - MemInfo: [/proc/self/status]	VmRSSPercent: 0.0559024 %
20220313 061422.434 INFO             PET0 PIOc_freedecomp Enter - MemInfo: [malloc] Non-mmapped space allocated:                20570112 Byte
20220313 061422.434 INFO             PET0 PIOc_freedecomp Enter - MemInfo: [malloc] Space allocated in mmapped regions:          1581056 Byte
20220313 061422.434 INFO             PET0 PIOc_freedecomp Enter - MemInfo: [malloc] Maximum total allocated space:                     0 Byte
20220313 061422.434 INFO             PET0 PIOc_freedecomp Enter - MemInfo: [malloc] Space in freed fastbin blocks:                  1712 Byte
20220313 061422.434 INFO             PET0 PIOc_freedecomp Enter - MemInfo: [malloc] Total allocated space:                       2835968 Byte
20220313 061422.434 INFO             PET0 PIOc_freedecomp Enter - MemInfo: [malloc] Total free space:                           17734144 Byte
20220313 061422.434 INFO             PET0 PIOc_freedecomp Enter - MemInfo: [malloc] Top-most, releasable space:                 17436208 Byte
20220313 061422.434 INFO             PET0 PIOc_freedecomp Enter - MemInfo: [malloc] Total space in use, mmap + non-mmap:         4417024 Byte
20220313 061422.434 INFO             PET0 PIOc_freedecomp Enter - MemInfo: [malloc] Total space held (mmap + non-mmap):         22151168 Byte
20220313 061422.434 INFO             PET0 PIOc_freedecomp Enter - MemInfo: [malloc] Total space used (mmap + non-mmap):          4426352 Byte
20220313 061422.434 INFO             PET0 PIOc_freedecomp Enter - MemInfo: Wall-clock time since execution start:              0.0368456 seconds
20220313 061422.434 INFO             PET0 PIOc_freedecomp Exit - MemInfo: [/proc/meminfo - SSI]	MemTotal:       65507008 kB
20220313 061422.434 INFO             PET0 PIOc_freedecomp Exit - MemInfo: [/proc/meminfo - SSI]	MemFree:        50245052 kB
20220313 061422.434 INFO             PET0 PIOc_freedecomp Exit - MemInfo: [/proc/meminfo - SSI]	MemAvailable:   50002704 kB
20220313 061422.434 INFO             PET0 PIOc_freedecomp Exit - MemInfo: [/proc/meminfo - SSI]	Committed_AS:   12909020 kB
20220313 061422.434 INFO             PET0 PIOc_freedecomp Exit - MemInfo: [/proc/meminfo - SSI]	CommittedPercent: 19.7063 %
20220313 061422.434 INFO             PET0 PIOc_freedecomp Exit - MemInfo: [/proc/self/status]	VmPeak:	  539728 kB
20220313 061422.434 INFO             PET0 PIOc_freedecomp Exit - MemInfo: [/proc/self/status]	VmSize:	  531540 kB
20220313 061422.434 INFO             PET0 PIOc_freedecomp Exit - MemInfo: [/proc/self/status]	VmLck:	       0 kB
20220313 061422.434 INFO             PET0 PIOc_freedecomp Exit - MemInfo: [/proc/self/status]	VmPin:	       0 kB
20220313 061422.434 INFO             PET0 PIOc_freedecomp Exit - MemInfo: [/proc/self/status]	VmHWM:	   64864 kB
20220313 061422.434 INFO             PET0 PIOc_freedecomp Exit - MemInfo: [/proc/self/status]	VmRSS:	   36620 kB
20220313 061422.434 INFO             PET0 PIOc_freedecomp Exit - MemInfo: [/proc/self/status]	VmData:	   32136 kB
20220313 061422.434 INFO             PET0 PIOc_freedecomp Exit - MemInfo: [/proc/self/status]	VmStk:	     148 kB
20220313 061422.434 INFO             PET0 PIOc_freedecomp Exit - MemInfo: [/proc/self/status]	VmExe:	     296 kB
20220313 061422.434 INFO             PET0 PIOc_freedecomp Exit - MemInfo: [/proc/self/status]	VmLib:	   49404 kB
20220313 061422.434 INFO             PET0 PIOc_freedecomp Exit - MemInfo: [/proc/self/status]	VmPTE:	     772 kB
20220313 061422.434 INFO             PET0 PIOc_freedecomp Exit - MemInfo: [/proc/self/status]	VmPMD:	      16 kB
20220313 061422.434 INFO             PET0 PIOc_freedecomp Exit - MemInfo: [/proc/self/status]	VmSwap:	       0 kB
20220313 061422.434 INFO             PET0 PIOc_freedecomp Exit - MemInfo: [/proc/self/status]	VmRSSPercent: 0.0559024 %
20220313 061422.434 INFO             PET0 PIOc_freedecomp Exit - MemInfo: [malloc] Non-mmapped space allocated:                20570112 Byte
20220313 061422.434 INFO             PET0 PIOc_freedecomp Exit - MemInfo: [malloc] Space allocated in mmapped regions:          1581056 Byte
20220313 061422.434 INFO             PET0 PIOc_freedecomp Exit - MemInfo: [malloc] Maximum total allocated space:                     0 Byte
20220313 061422.434 INFO             PET0 PIOc_freedecomp Exit - MemInfo: [malloc] Space in freed fastbin blocks:                  2816 Byte
20220313 061422.434 INFO             PET0 PIOc_freedecomp Exit - MemInfo: [malloc] Total allocated space:                       2800096 Byte
20220313 061422.434 INFO             PET0 PIOc_freedecomp Exit - MemInfo: [malloc] Total free space:                           17770016 Byte
20220313 061422.434 INFO             PET0 PIOc_freedecomp Exit - MemInfo: [malloc] Top-most, releasable space:                 17436208 Byte
20220313 061422.434 INFO             PET0 PIOc_freedecomp Exit - MemInfo: [malloc] Total space in use, mmap + non-mmap:         4381152 Byte
20220313 061422.434 INFO             PET0 PIOc_freedecomp Exit - MemInfo: [malloc] Total space held (mmap + non-mmap):         22151168 Byte
20220313 061422.434 INFO             PET0 PIOc_freedecomp Exit - MemInfo: [malloc] Total space used (mmap + non-mmap):          4390480 Byte
20220313 061422.434 INFO             PET0 PIOc_freedecomp Exit - MemInfo: Wall-clock time since execution start:              0.0372014 seconds
20220313 061422.434 INFO             PET0  PASS  Write ESMF_Array with Halo to NetCDF variable copy Test, ESMF_ArrayIOUTest.F90, line 442
20220313 061422.434 INFO             PET0  PASS  Destroy Array with Halo, ESMF_ArrayIOUTest.F90, line 453
20220313 061422.434 INFO             PET0  PASS  Destroy Array without Halo, ESMF_ArrayIOUTest.F90, line 460
20220313 061422.434 INFO             PET0  PASS  Destroy DistGrid, ESMF_ArrayIOUTest.F90, line 467
20220313 061422.434 INFO             PET0  PASS  dstDistgrid Create Test, ESMF_ArrayIOUTest.F90, line 485
20220313 061422.434 INFO             PET0  PASS  Array Spec Set Test, ESMF_ArrayIOUTest.F90, line 493
20220313 061422.434 INFO             PET0  PASS  Array with Halo Create Test, ESMF_ArrayIOUTest.F90, line 507
20220313 061422.434 INFO             PET0  PASS  Array without Halo Create Test, ESMF_ArrayIOUTest.F90, line 517
20220313 061422.436 INFO             PET0 PIOc_sync Enter - MemInfo: [/proc/meminfo - SSI]	MemTotal:       65507008 kB
20220313 061422.436 INFO             PET0 PIOc_sync Enter - MemInfo: [/proc/meminfo - SSI]	MemFree:        50245052 kB
20220313 061422.436 INFO             PET0 PIOc_sync Enter - MemInfo: [/proc/meminfo - SSI]	MemAvailable:   50002704 kB
20220313 061422.436 INFO             PET0 PIOc_sync Enter - MemInfo: [/proc/meminfo - SSI]	Committed_AS:   12909020 kB
20220313 061422.436 INFO             PET0 PIOc_sync Enter - MemInfo: [/proc/meminfo - SSI]	CommittedPercent: 19.7063 %
20220313 061422.436 INFO             PET0 PIOc_sync Enter - MemInfo: [/proc/self/status]	VmPeak:	  539728 kB
20220313 061422.436 INFO             PET0 PIOc_sync Enter - MemInfo: [/proc/self/status]	VmSize:	  531540 kB
20220313 061422.436 INFO             PET0 PIOc_sync Enter - MemInfo: [/proc/self/status]	VmLck:	       0 kB
20220313 061422.436 INFO             PET0 PIOc_sync Enter - MemInfo: [/proc/self/status]	VmPin:	       0 kB
20220313 061422.436 INFO             PET0 PIOc_sync Enter - MemInfo: [/proc/self/status]	VmHWM:	   64864 kB
20220313 061422.436 INFO             PET0 PIOc_sync Enter - MemInfo: [/proc/self/status]	VmRSS:	   36696 kB
20220313 061422.436 INFO             PET0 PIOc_sync Enter - MemInfo: [/proc/self/status]	VmData:	   32136 kB
20220313 061422.436 INFO             PET0 PIOc_sync Enter - MemInfo: [/proc/self/status]	VmStk:	     148 kB
20220313 061422.436 INFO             PET0 PIOc_sync Enter - MemInfo: [/proc/self/status]	VmExe:	     296 kB
20220313 061422.436 INFO             PET0 PIOc_sync Enter - MemInfo: [/proc/self/status]	VmLib:	   49404 kB
20220313 061422.436 INFO             PET0 PIOc_sync Enter - MemInfo: [/proc/self/status]	VmPTE:	     772 kB
20220313 061422.436 INFO             PET0 PIOc_sync Enter - MemInfo: [/proc/self/status]	VmPMD:	      16 kB
20220313 061422.436 INFO             PET0 PIOc_sync Enter - MemInfo: [/proc/self/status]	VmSwap:	       0 kB
20220313 061422.436 INFO             PET0 PIOc_sync Enter - MemInfo: [/proc/self/status]	VmRSSPercent: 0.0560184 %
20220313 061422.436 INFO             PET0 PIOc_sync Enter - MemInfo: [malloc] Non-mmapped space allocated:                20570112 Byte
20220313 061422.436 INFO             PET0 PIOc_sync Enter - MemInfo: [malloc] Space allocated in mmapped regions:          1581056 Byte
20220313 061422.436 INFO             PET0 PIOc_sync Enter - MemInfo: [malloc] Maximum total allocated space:                     0 Byte
20220313 061422.436 INFO             PET0 PIOc_sync Enter - MemInfo: [malloc] Space in freed fastbin blocks:                  1536 Byte
20220313 061422.436 INFO             PET0 PIOc_sync Enter - MemInfo: [malloc] Total allocated space:                      20123472 Byte
20220313 061422.436 INFO             PET0 PIOc_sync Enter - MemInfo: [malloc] Total free space:                             446640 Byte
20220313 061422.436 INFO             PET0 PIOc_sync Enter - MemInfo: [malloc] Top-most, releasable space:                   134672 Byte
20220313 061422.436 INFO             PET0 PIOc_sync Enter - MemInfo: [malloc] Total space in use, mmap + non-mmap:        21704528 Byte
20220313 061422.436 INFO             PET0 PIOc_sync Enter - MemInfo: [malloc] Total space held (mmap + non-mmap):         22151168 Byte
20220313 061422.436 INFO             PET0 PIOc_sync Enter - MemInfo: [malloc] Total space used (mmap + non-mmap):         21713856 Byte
20220313 061422.436 INFO             PET0 PIOc_sync Enter - MemInfo: Wall-clock time since execution start:              0.0393028 seconds
20220313 061422.436 INFO             PET0 PIOc_sync Exit - MemInfo: [/proc/meminfo - SSI]	MemTotal:       65507008 kB
20220313 061422.436 INFO             PET0 PIOc_sync Exit - MemInfo: [/proc/meminfo - SSI]	MemFree:        50245052 kB
20220313 061422.436 INFO             PET0 PIOc_sync Exit - MemInfo: [/proc/meminfo - SSI]	MemAvailable:   50002704 kB
20220313 061422.436 INFO             PET0 PIOc_sync Exit - MemInfo: [/proc/meminfo - SSI]	Committed_AS:   12909020 kB
20220313 061422.436 INFO             PET0 PIOc_sync Exit - MemInfo: [/proc/meminfo - SSI]	CommittedPercent: 19.7063 %
20220313 061422.436 INFO             PET0 PIOc_sync Exit - MemInfo: [/proc/self/status]	VmPeak:	  539728 kB
20220313 061422.437 INFO             PET0 PIOc_sync Exit - MemInfo: [/proc/self/status]	VmSize:	  531540 kB
20220313 061422.437 INFO             PET0 PIOc_sync Exit - MemInfo: [/proc/self/status]	VmLck:	       0 kB
20220313 061422.437 INFO             PET0 PIOc_sync Exit - MemInfo: [/proc/self/status]	VmPin:	       0 kB
20220313 061422.437 INFO             PET0 PIOc_sync Exit - MemInfo: [/proc/self/status]	VmHWM:	   64864 kB
20220313 061422.437 INFO             PET0 PIOc_sync Exit - MemInfo: [/proc/self/status]	VmRSS:	   36704 kB
20220313 061422.437 INFO             PET0 PIOc_sync Exit - MemInfo: [/proc/self/status]	VmData:	   32136 kB
20220313 061422.437 INFO             PET0 PIOc_sync Exit - MemInfo: [/proc/self/status]	VmStk:	     148 kB
20220313 061422.437 INFO             PET0 PIOc_sync Exit - MemInfo: [/proc/self/status]	VmExe:	     296 kB
20220313 061422.437 INFO             PET0 PIOc_sync Exit - MemInfo: [/proc/self/status]	VmLib:	   49404 kB
20220313 061422.437 INFO             PET0 PIOc_sync Exit - MemInfo: [/proc/self/status]	VmPTE:	     772 kB
20220313 061422.437 INFO             PET0 PIOc_sync Exit - MemInfo: [/proc/self/status]	VmPMD:	      16 kB
20220313 061422.437 INFO             PET0 PIOc_sync Exit - MemInfo: [/proc/self/status]	VmSwap:	       0 kB
20220313 061422.437 INFO             PET0 PIOc_sync Exit - MemInfo: [/proc/self/status]	VmRSSPercent: 0.0560306 %
20220313 061422.437 INFO             PET0 PIOc_sync Exit - MemInfo: [malloc] Non-mmapped space allocated:                20570112 Byte
20220313 061422.437 INFO             PET0 PIOc_sync Exit - MemInfo: [malloc] Space allocated in mmapped regions:          1581056 Byte
20220313 061422.437 INFO             PET0 PIOc_sync Exit - MemInfo: [malloc] Maximum total allocated space:                     0 Byte
20220313 061422.437 INFO             PET0 PIOc_sync Exit - MemInfo: [malloc] Space in freed fastbin blocks:                  2016 Byte
20220313 061422.437 INFO             PET0 PIOc_sync Exit - MemInfo: [malloc] Total allocated space:                      20129792 Byte
20220313 061422.437 INFO             PET0 PIOc_sync Exit - MemInfo: [malloc] Total free space:                             440320 Byte
20220313 061422.437 INFO             PET0 PIOc_sync Exit - MemInfo: [malloc] Top-most, releasable space:                   134672 Byte
20220313 061422.437 INFO             PET0 PIOc_sync Exit - MemInfo: [malloc] Total space in use, mmap + non-mmap:        21710848 Byte
20220313 061422.437 INFO             PET0 PIOc_sync Exit - MemInfo: [malloc] Total space held (mmap + non-mmap):         22151168 Byte
20220313 061422.437 INFO             PET0 PIOc_sync Exit - MemInfo: [malloc] Total space used (mmap + non-mmap):         21720176 Byte
20220313 061422.437 INFO             PET0 PIOc_sync Exit - MemInfo: Wall-clock time since execution start:              0.0398203 seconds
20220313 061422.437 INFO             PET0 PIOc_freedecomp Enter - MemInfo: [/proc/meminfo - SSI]	MemTotal:       65507008 kB
20220313 061422.437 INFO             PET0 PIOc_freedecomp Enter - MemInfo: [/proc/meminfo - SSI]	MemFree:        50245052 kB
20220313 061422.437 INFO             PET0 PIOc_freedecomp Enter - MemInfo: [/proc/meminfo - SSI]	MemAvailable:   50002704 kB
20220313 061422.437 INFO             PET0 PIOc_freedecomp Enter - MemInfo: [/proc/meminfo - SSI]	Committed_AS:   12909020 kB
20220313 061422.437 INFO             PET0 PIOc_freedecomp Enter - MemInfo: [/proc/meminfo - SSI]	CommittedPercent: 19.7063 %
20220313 061422.437 INFO             PET0 PIOc_freedecomp Enter - MemInfo: [/proc/self/status]	VmPeak:	  539728 kB
20220313 061422.437 INFO             PET0 PIOc_freedecomp Enter - MemInfo: [/proc/self/status]	VmSize:	  531540 kB
20220313 061422.437 INFO             PET0 PIOc_freedecomp Enter - MemInfo: [/proc/self/status]	VmLck:	       0 kB
20220313 061422.437 INFO             PET0 PIOc_freedecomp Enter - MemInfo: [/proc/self/status]	VmPin:	       0 kB
20220313 061422.437 INFO             PET0 PIOc_freedecomp Enter - MemInfo: [/proc/self/status]	VmHWM:	   64864 kB
20220313 061422.437 INFO             PET0 PIOc_freedecomp Enter - MemInfo: [/proc/self/status]	VmRSS:	   36704 kB
20220313 061422.437 INFO             PET0 PIOc_freedecomp Enter - MemInfo: [/proc/self/status]	VmData:	   32136 kB
20220313 061422.437 INFO             PET0 PIOc_freedecomp Enter - MemInfo: [/proc/self/status]	VmStk:	     148 kB
20220313 061422.437 INFO             PET0 PIOc_freedecomp Enter - MemInfo: [/proc/self/status]	VmExe:	     296 kB
20220313 061422.437 INFO             PET0 PIOc_freedecomp Enter - MemInfo: [/proc/self/status]	VmLib:	   49404 kB
20220313 061422.437 INFO             PET0 PIOc_freedecomp Enter - MemInfo: [/proc/self/status]	VmPTE:	     772 kB
20220313 061422.437 INFO             PET0 PIOc_freedecomp Enter - MemInfo: [/proc/self/status]	VmPMD:	      16 kB
20220313 061422.437 INFO             PET0 PIOc_freedecomp Enter - MemInfo: [/proc/self/status]	VmSwap:	       0 kB
20220313 061422.437 INFO             PET0 PIOc_freedecomp Enter - MemInfo: [/proc/self/status]	VmRSSPercent: 0.0560306 %
20220313 061422.437 INFO             PET0 PIOc_freedecomp Enter - MemInfo: [malloc] Non-mmapped space allocated:                20570112 Byte
20220313 061422.437 INFO             PET0 PIOc_freedecomp Enter - MemInfo: [malloc] Space allocated in mmapped regions:          1581056 Byte
20220313 061422.437 INFO             PET0 PIOc_freedecomp Enter - MemInfo: [malloc] Maximum total allocated space:                     0 Byte
20220313 061422.437 INFO             PET0 PIOc_freedecomp Enter - MemInfo: [malloc] Space in freed fastbin blocks:                  1600 Byte
20220313 061422.437 INFO             PET0 PIOc_freedecomp Enter - MemInfo: [malloc] Total allocated space:                       2814976 Byte
20220313 061422.437 INFO             PET0 PIOc_freedecomp Enter - MemInfo: [malloc] Total free space:                           17755136 Byte
20220313 061422.437 INFO             PET0 PIOc_freedecomp Enter - MemInfo: [malloc] Top-most, releasable space:                 17436208 Byte
20220313 061422.437 INFO             PET0 PIOc_freedecomp Enter - MemInfo: [malloc] Total space in use, mmap + non-mmap:         4396032 Byte
20220313 061422.437 INFO             PET0 PIOc_freedecomp Enter - MemInfo: [malloc] Total space held (mmap + non-mmap):         22151168 Byte
20220313 061422.437 INFO             PET0 PIOc_freedecomp Enter - MemInfo: [malloc] Total space used (mmap + non-mmap):          4405360 Byte
20220313 061422.437 INFO             PET0 PIOc_freedecomp Enter - MemInfo: Wall-clock time since execution start:              0.0402613 seconds
20220313 061422.437 INFO             PET0 PIOc_freedecomp Exit - MemInfo: [/proc/meminfo - SSI]	MemTotal:       65507008 kB
20220313 061422.437 INFO             PET0 PIOc_freedecomp Exit - MemInfo: [/proc/meminfo - SSI]	MemFree:        50245052 kB
20220313 061422.437 INFO             PET0 PIOc_freedecomp Exit - MemInfo: [/proc/meminfo - SSI]	MemAvailable:   50002704 kB
20220313 061422.437 INFO             PET0 PIOc_freedecomp Exit - MemInfo: [/proc/meminfo - SSI]	Committed_AS:   12909020 kB
20220313 061422.437 INFO             PET0 PIOc_freedecomp Exit - MemInfo: [/proc/meminfo - SSI]	CommittedPercent: 19.7063 %
20220313 061422.437 INFO             PET0 PIOc_freedecomp Exit - MemInfo: [/proc/self/status]	VmPeak:	  539728 kB
20220313 061422.437 INFO             PET0 PIOc_freedecomp Exit - MemInfo: [/proc/self/status]	VmSize:	  531540 kB
20220313 061422.437 INFO             PET0 PIOc_freedecomp Exit - MemInfo: [/proc/self/status]	VmLck:	       0 kB
20220313 061422.437 INFO             PET0 PIOc_freedecomp Exit - MemInfo: [/proc/self/status]	VmPin:	       0 kB
20220313 061422.437 INFO             PET0 PIOc_freedecomp Exit - MemInfo: [/proc/self/status]	VmHWM:	   64864 kB
20220313 061422.437 INFO             PET0 PIOc_freedecomp Exit - MemInfo: [/proc/self/status]	VmRSS:	   36704 kB
20220313 061422.437 INFO             PET0 PIOc_freedecomp Exit - MemInfo: [/proc/self/status]	VmData:	   32136 kB
20220313 061422.437 INFO             PET0 PIOc_freedecomp Exit - MemInfo: [/proc/self/status]	VmStk:	     148 kB
20220313 061422.437 INFO             PET0 PIOc_freedecomp Exit - MemInfo: [/proc/self/status]	VmExe:	     296 kB
20220313 061422.437 INFO             PET0 PIOc_freedecomp Exit - MemInfo: [/proc/self/status]	VmLib:	   49404 kB
20220313 061422.437 INFO             PET0 PIOc_freedecomp Exit - MemInfo: [/proc/self/status]	VmPTE:	     772 kB
20220313 061422.437 INFO             PET0 PIOc_freedecomp Exit - MemInfo: [/proc/self/status]	VmPMD:	      16 kB
20220313 061422.437 INFO             PET0 PIOc_freedecomp Exit - MemInfo: [/proc/self/status]	VmSwap:	       0 kB
20220313 061422.437 INFO             PET0 PIOc_freedecomp Exit - MemInfo: [/proc/self/status]	VmRSSPercent: 0.0560306 %
20220313 061422.438 INFO             PET0 PIOc_freedecomp Exit - MemInfo: [malloc] Non-mmapped space allocated:                20570112 Byte
20220313 061422.438 INFO             PET0 PIOc_freedecomp Exit - MemInfo: [malloc] Space allocated in mmapped regions:          1581056 Byte
20220313 061422.438 INFO             PET0 PIOc_freedecomp Exit - MemInfo: [malloc] Maximum total allocated space:                     0 Byte
20220313 061422.438 INFO             PET0 PIOc_freedecomp Exit - MemInfo: [malloc] Space in freed fastbin blocks:                  2960 Byte
20220313 061422.438 INFO             PET0 PIOc_freedecomp Exit - MemInfo: [malloc] Total allocated space:                       2805072 Byte
20220313 061422.438 INFO             PET0 PIOc_freedecomp Exit - MemInfo: [malloc] Total free space:                           17765040 Byte
20220313 061422.438 INFO             PET0 PIOc_freedecomp Exit - MemInfo: [malloc] Top-most, releasable space:                 17436208 Byte
20220313 061422.438 INFO             PET0 PIOc_freedecomp Exit - MemInfo: [malloc] Total space in use, mmap + non-mmap:         4386128 Byte
20220313 061422.438 INFO             PET0 PIOc_freedecomp Exit - MemInfo: [malloc] Total space held (mmap + non-mmap):         22151168 Byte
20220313 061422.438 INFO             PET0 PIOc_freedecomp Exit - MemInfo: [malloc] Total space used (mmap + non-mmap):          4395456 Byte
20220313 061422.438 INFO             PET0 PIOc_freedecomp Exit - MemInfo: Wall-clock time since execution start:              0.0406799 seconds
20220313 061422.438 INFO             PET0  PASS  Write 2D ESMF_Array with Halo to NetCDF Test, ESMF_ArrayIOUTest.F90, line 547
20220313 061422.438 WARNING          PET0 ESMCI_PIO_Handler.C:1343 ESMCI::PIO_Handler::open()  Unable to set fill on file: file2D_withhalo.nc, (PIO/NetCDF error = NetCDF: Write to read only)
20220313 061422.439 INFO             PET0 PIOc_sync Enter - MemInfo: [/proc/meminfo - SSI]	MemTotal:       65507008 kB
20220313 061422.439 INFO             PET0 PIOc_sync Enter - MemInfo: [/proc/meminfo - SSI]	MemFree:        50245052 kB
20220313 061422.439 INFO             PET0 PIOc_sync Enter - MemInfo: [/proc/meminfo - SSI]	MemAvailable:   50002704 kB
20220313 061422.439 INFO             PET0 PIOc_sync Enter - MemInfo: [/proc/meminfo - SSI]	Committed_AS:   12909020 kB
20220313 061422.439 INFO             PET0 PIOc_sync Enter - MemInfo: [/proc/meminfo - SSI]	CommittedPercent: 19.7063 %
20220313 061422.439 INFO             PET0 PIOc_sync Enter - MemInfo: [/proc/self/status]	VmPeak:	  539728 kB
20220313 061422.439 INFO             PET0 PIOc_sync Enter - MemInfo: [/proc/self/status]	VmSize:	  531540 kB
20220313 061422.439 INFO             PET0 PIOc_sync Enter - MemInfo: [/proc/self/status]	VmLck:	       0 kB
20220313 061422.439 INFO             PET0 PIOc_sync Enter - MemInfo: [/proc/self/status]	VmPin:	       0 kB
20220313 061422.439 INFO             PET0 PIOc_sync Enter - MemInfo: [/proc/self/status]	VmHWM:	   64864 kB
20220313 061422.439 INFO             PET0 PIOc_sync Enter - MemInfo: [/proc/self/status]	VmRSS:	   36720 kB
20220313 061422.439 INFO             PET0 PIOc_sync Enter - MemInfo: [/proc/self/status]	VmData:	   32136 kB
20220313 061422.439 INFO             PET0 PIOc_sync Enter - MemInfo: [/proc/self/status]	VmStk:	     148 kB
20220313 061422.439 INFO             PET0 PIOc_sync Enter - MemInfo: [/proc/self/status]	VmExe:	     296 kB
20220313 061422.439 INFO             PET0 PIOc_sync Enter - MemInfo: [/proc/self/status]	VmLib:	   49404 kB
20220313 061422.439 INFO             PET0 PIOc_sync Enter - MemInfo: [/proc/self/status]	VmPTE:	     772 kB
20220313 061422.439 INFO             PET0 PIOc_sync Enter - MemInfo: [/proc/self/status]	VmPMD:	      16 kB
20220313 061422.439 INFO             PET0 PIOc_sync Enter - MemInfo: [/proc/self/status]	VmSwap:	       0 kB
20220313 061422.439 INFO             PET0 PIOc_sync Enter - MemInfo: [/proc/self/status]	VmRSSPercent: 0.0560551 %
20220313 061422.439 INFO             PET0 PIOc_sync Enter - MemInfo: [malloc] Non-mmapped space allocated:                20570112 Byte
20220313 061422.439 INFO             PET0 PIOc_sync Enter - MemInfo: [malloc] Space allocated in mmapped regions:          1581056 Byte
20220313 061422.439 INFO             PET0 PIOc_sync Enter - MemInfo: [malloc] Maximum total allocated space:                     0 Byte
20220313 061422.439 INFO             PET0 PIOc_sync Enter - MemInfo: [malloc] Space in freed fastbin blocks:                  1584 Byte
20220313 061422.439 INFO             PET0 PIOc_sync Enter - MemInfo: [malloc] Total allocated space:                      20128624 Byte
