build time -- 2022-03-12 06:01:56.843305
20220312 061416.409 INFO             PET0 !!!!!!!!!!!!!!!!!!!!!!!!!!!!!!!!!!!!!!!!!!!!!!!!!!!!!!
20220312 061416.409 INFO             PET0 !!! THE ESMF_LOG IS SET TO OUTPUT ALL LOG MESSAGES !!!
20220312 061416.409 INFO             PET0 !!!     THIS MAY CAUSE SLOWDOWN IN PERFORMANCE     !!!
20220312 061416.409 INFO             PET0 !!! FOR PRODUCTION RUNS, USE:                      !!!
20220312 061416.409 INFO             PET0 !!!                   ESMF_LOGKIND_Multi_On_Error  !!!
20220312 061416.409 INFO             PET0 !!!!!!!!!!!!!!!!!!!!!!!!!!!!!!!!!!!!!!!!!!!!!!!!!!!!!!
20220312 061416.409 INFO             PET0 Running with ESMF Version   : v8.3.0b09-96-g559b459836
20220312 061416.409 INFO             PET0 ESMF library build date/time: "Mar 12 2022" "05:59:56"
20220312 061416.409 INFO             PET0 ESMF library build location : /glade/scratch/rlong/esmf-testing/gfortran_9.1.0_openmpi_O_jedwards_pio_update2
20220312 061416.409 INFO             PET0 ESMF_COMM                   : openmpi
20220312 061416.409 INFO             PET0 ESMF_MOAB                   : enabled
20220312 061416.409 INFO             PET0 ESMF_LAPACK                 : enabled
20220312 061416.409 INFO             PET0 ESMF_NETCDF                 : enabled
20220312 061416.409 INFO             PET0 ESMF_PNETCDF                : disabled
20220312 061416.409 INFO             PET0 ESMF_PIO                    : enabled
20220312 061416.409 INFO             PET0 ESMF_YAMLCPP                : enabled
20220312 061416.410 INFO             PET0  Beginning Test, file ESMF_RouteHandleAdvancedUTest.F90, line 346
20220312 061416.410 INFO             PET0  NUMBER_OF_PROCESSORS           4
20220312 061416.415 INFO             PET0 ESMF_FieldRedistStoreNF(): Just entered routine.
20220312 061416.538 INFO             PET0 ESMF_FieldRedistStoreNF(): Leaving routine.
20220312 061416.538 INFO             PET0  PASS  Create RouteHandle for the original petList, ESMF_RouteHandleAdvancedUTest.F90, line 511
20220312 061416.538 INFO             PET0  PASS  Test RouteHandleIsCreated(), ESMF_RouteHandleAdvancedUTest.F90, line 519
20220312 061416.538 INFO             PET0  PASS  Test RouteHandleIsCreated() return value, ESMF_RouteHandleAdvancedUTest.F90, line 526
20220312 061416.538 INFO             PET0  PASS  Test RouteHandleGet(), ESMF_RouteHandleAdvancedUTest.F90, line 534
20220312 061416.548 INFO             PET0  PASS  Test RouteHandleWrite(), ESMF_RouteHandleAdvancedUTest.F90, line 542
20220312 061416.548 INFO             PET0  PASS  Test RouteHandleDestroy(), ESMF_RouteHandleAdvancedUTest.F90, line 550
20220312 061416.553 INFO             PET0  PASS  Test RouteHandleCreate(from file), ESMF_RouteHandleAdvancedUTest.F90, line 558
20220312 061416.556 INFO             PET0  PASS  Apply the read in Routehandle, ESMF_RouteHandleAdvancedUTest.F90, line 567
20220312 061416.556 INFO             PET0  PASS  Test RouteHandleDestroy() for the read in Routehandle, ESMF_RouteHandleAdvancedUTest.F90, line 575
20220312 061416.556 INFO             PET0 ESMF_FieldRedistStoreNF(): Just entered routine.
20220312 061416.678 INFO             PET0 ESMF_FieldRedistStoreNF(): Leaving routine.
20220312 061416.678 INFO             PET0  PASS  Create RouteHandle for the original petList, ESMF_RouteHandleAdvancedUTest.F90, line 585
20220312 061416.678 INFO             PET0  PASS  Transfer RouteHandle to a different petList, ESMF_RouteHandleAdvancedUTest.F90, line 602
20220312 061416.695 INFO             PET0 PIOc_sync Enter - MemInfo: [/proc/meminfo - SSI]	MemTotal:       65507008 kB
20220312 061416.695 INFO             PET0 PIOc_sync Enter - MemInfo: [/proc/meminfo - SSI]	MemFree:        48893700 kB
20220312 061416.695 INFO             PET0 PIOc_sync Enter - MemInfo: [/proc/meminfo - SSI]	MemAvailable:   48650444 kB
20220312 061416.695 INFO             PET0 PIOc_sync Enter - MemInfo: [/proc/meminfo - SSI]	Committed_AS:   13033044 kB
20220312 061416.695 INFO             PET0 PIOc_sync Enter - MemInfo: [/proc/meminfo - SSI]	CommittedPercent: 19.8956 %
20220312 061416.698 INFO             PET0 PIOc_sync Enter - MemInfo: [/proc/self/status]	VmPeak:	  529112 kB
20220312 061416.698 INFO             PET0 PIOc_sync Enter - MemInfo: [/proc/self/status]	VmSize:	  529112 kB
20220312 061416.698 INFO             PET0 PIOc_sync Enter - MemInfo: [/proc/self/status]	VmLck:	       0 kB
20220312 061416.698 INFO             PET0 PIOc_sync Enter - MemInfo: [/proc/self/status]	VmPin:	       0 kB
20220312 061416.698 INFO             PET0 PIOc_sync Enter - MemInfo: [/proc/self/status]	VmHWM:	   64860 kB
20220312 061416.698 INFO             PET0 PIOc_sync Enter - MemInfo: [/proc/self/status]	VmRSS:	   43968 kB
20220312 061416.698 INFO             PET0 PIOc_sync Enter - MemInfo: [/proc/self/status]	VmData:	   37988 kB
20220312 061416.698 INFO             PET0 PIOc_sync Enter - MemInfo: [/proc/self/status]	VmStk:	     148 kB
20220312 061416.698 INFO             PET0 PIOc_sync Enter - MemInfo: [/proc/self/status]	VmExe:	     216 kB
20220312 061416.698 INFO             PET0 PIOc_sync Enter - MemInfo: [/proc/self/status]	VmLib:	   49404 kB
20220312 061416.698 INFO             PET0 PIOc_sync Enter - MemInfo: [/proc/self/status]	VmPTE:	     792 kB
20220312 061416.698 INFO             PET0 PIOc_sync Enter - MemInfo: [/proc/self/status]	VmPMD:	      12 kB
20220312 061416.698 INFO             PET0 PIOc_sync Enter - MemInfo: [/proc/self/status]	VmSwap:	       0 kB
20220312 061416.698 INFO             PET0 PIOc_sync Enter - MemInfo: [/proc/self/status]	VmRSSPercent: 0.0671195 %
20220312 061416.698 INFO             PET0 PIOc_sync Enter - MemInfo: [malloc] Non-mmapped space allocated:                 9781248 Byte
20220312 061416.698 INFO             PET0 PIOc_sync Enter - MemInfo: [malloc] Space allocated in mmapped regions:         18362368 Byte
20220312 061416.698 INFO             PET0 PIOc_sync Enter - MemInfo: [malloc] Maximum total allocated space:                     0 Byte
20220312 061416.698 INFO             PET0 PIOc_sync Enter - MemInfo: [malloc] Space in freed fastbin blocks:                  1520 Byte
20220312 061416.698 INFO             PET0 PIOc_sync Enter - MemInfo: [malloc] Total allocated space:                       4508656 Byte
20220312 061416.698 INFO             PET0 PIOc_sync Enter - MemInfo: [malloc] Total free space:                            5272592 Byte
20220312 061416.698 INFO             PET0 PIOc_sync Enter - MemInfo: [malloc] Top-most, releasable space:                   132864 Byte
20220312 061416.698 INFO             PET0 PIOc_sync Enter - MemInfo: [malloc] Total space in use, mmap + non-mmap:        22871024 Byte
20220312 061416.698 INFO             PET0 PIOc_sync Enter - MemInfo: [malloc] Total space held (mmap + non-mmap):         28143616 Byte
20220312 061416.698 INFO             PET0 PIOc_sync Enter - MemInfo: [malloc] Total space used (mmap + non-mmap):         22880352 Byte
20220312 061416.698 INFO             PET0 PIOc_sync Enter - MemInfo: Wall-clock time since execution start:               0.290268 seconds
20220312 061416.698 INFO             PET0 PIOc_sync Exit - MemInfo: [/proc/meminfo - SSI]	MemTotal:       65507008 kB
20220312 061416.698 INFO             PET0 PIOc_sync Exit - MemInfo: [/proc/meminfo - SSI]	MemFree:        48893700 kB
20220312 061416.698 INFO             PET0 PIOc_sync Exit - MemInfo: [/proc/meminfo - SSI]	MemAvailable:   48650444 kB
20220312 061416.698 INFO             PET0 PIOc_sync Exit - MemInfo: [/proc/meminfo - SSI]	Committed_AS:   13033044 kB
20220312 061416.699 INFO             PET0 PIOc_sync Exit - MemInfo: [/proc/meminfo - SSI]	CommittedPercent: 19.8956 %
20220312 061416.699 INFO             PET0 PIOc_sync Exit - MemInfo: [/proc/self/status]	VmPeak:	  529112 kB
20220312 061416.699 INFO             PET0 PIOc_sync Exit - MemInfo: [/proc/self/status]	VmSize:	  529112 kB
20220312 061416.699 INFO             PET0 PIOc_sync Exit - MemInfo: [/proc/self/status]	VmLck:	       0 kB
20220312 061416.699 INFO             PET0 PIOc_sync Exit - MemInfo: [/proc/self/status]	VmPin:	       0 kB
20220312 061416.699 INFO             PET0 PIOc_sync Exit - MemInfo: [/proc/self/status]	VmHWM:	   64860 kB
20220312 061416.699 INFO             PET0 PIOc_sync Exit - MemInfo: [/proc/self/status]	VmRSS:	   44080 kB
20220312 061416.699 INFO             PET0 PIOc_sync Exit - MemInfo: [/proc/self/status]	VmData:	   37988 kB
20220312 061416.699 INFO             PET0 PIOc_sync Exit - MemInfo: [/proc/self/status]	VmStk:	     148 kB
20220312 061416.699 INFO             PET0 PIOc_sync Exit - MemInfo: [/proc/self/status]	VmExe:	     216 kB
20220312 061416.699 INFO             PET0 PIOc_sync Exit - MemInfo: [/proc/self/status]	VmLib:	   49404 kB
20220312 061416.699 INFO             PET0 PIOc_sync Exit - MemInfo: [/proc/self/status]	VmPTE:	     792 kB
20220312 061416.699 INFO             PET0 PIOc_sync Exit - MemInfo: [/proc/self/status]	VmPMD:	      12 kB
20220312 061416.699 INFO             PET0 PIOc_sync Exit - MemInfo: [/proc/self/status]	VmSwap:	       0 kB
20220312 061416.699 INFO             PET0 PIOc_sync Exit - MemInfo: [/proc/self/status]	VmRSSPercent: 0.0672905 %
20220312 061416.699 INFO             PET0 PIOc_sync Exit - MemInfo: [malloc] Non-mmapped space allocated:                 9781248 Byte
20220312 061416.699 INFO             PET0 PIOc_sync Exit - MemInfo: [malloc] Space allocated in mmapped regions:         18362368 Byte
20220312 061416.699 INFO             PET0 PIOc_sync Exit - MemInfo: [malloc] Maximum total allocated space:                     0 Byte
20220312 061416.699 INFO             PET0 PIOc_sync Exit - MemInfo: [malloc] Space in freed fastbin blocks:                  1744 Byte
20220312 061416.699 INFO             PET0 PIOc_sync Exit - MemInfo: [malloc] Total allocated space:                       4513408 Byte
20220312 061416.699 INFO             PET0 PIOc_sync Exit - MemInfo: [malloc] Total free space:                            5267840 Byte
20220312 061416.699 INFO             PET0 PIOc_sync Exit - MemInfo: [malloc] Top-most, releasable space:                   132864 Byte
20220312 061416.699 INFO             PET0 PIOc_sync Exit - MemInfo: [malloc] Total space in use, mmap + non-mmap:        22875776 Byte
20220312 061416.699 INFO             PET0 PIOc_sync Exit - MemInfo: [malloc] Total space held (mmap + non-mmap):         28143616 Byte
20220312 061416.699 INFO             PET0 PIOc_sync Exit - MemInfo: [malloc] Total space used (mmap + non-mmap):         22885104 Byte
20220312 061416.699 INFO             PET0 PIOc_sync Exit - MemInfo: Wall-clock time since execution start:               0.290853 seconds
20220312 061416.700 INFO             PET0 PIOc_freedecomp Enter - MemInfo: [/proc/meminfo - SSI]	MemTotal:       65507008 kB
20220312 061416.700 INFO             PET0 PIOc_freedecomp Enter - MemInfo: [/proc/meminfo - SSI]	MemFree:        48908820 kB
20220312 061416.700 INFO             PET0 PIOc_freedecomp Enter - MemInfo: [/proc/meminfo - SSI]	MemAvailable:   48665564 kB
20220312 061416.700 INFO             PET0 PIOc_freedecomp Enter - MemInfo: [/proc/meminfo - SSI]	Committed_AS:   13016656 kB
20220312 061416.700 INFO             PET0 PIOc_freedecomp Enter - MemInfo: [/proc/meminfo - SSI]	CommittedPercent: 19.8706 %
20220312 061416.700 INFO             PET0 PIOc_freedecomp Enter - MemInfo: [/proc/self/status]	VmPeak:	  529112 kB
20220312 061416.700 INFO             PET0 PIOc_freedecomp Enter - MemInfo: [/proc/self/status]	VmSize:	  512724 kB
20220312 061416.700 INFO             PET0 PIOc_freedecomp Enter - MemInfo: [/proc/self/status]	VmLck:	       0 kB
20220312 061416.700 INFO             PET0 PIOc_freedecomp Enter - MemInfo: [/proc/self/status]	VmPin:	       0 kB
20220312 061416.700 INFO             PET0 PIOc_freedecomp Enter - MemInfo: [/proc/self/status]	VmHWM:	   64860 kB
20220312 061416.700 INFO             PET0 PIOc_freedecomp Enter - MemInfo: [/proc/self/status]	VmRSS:	   27692 kB
20220312 061416.700 INFO             PET0 PIOc_freedecomp Enter - MemInfo: [/proc/self/status]	VmData:	   21600 kB
20220312 061416.700 INFO             PET0 PIOc_freedecomp Enter - MemInfo: [/proc/self/status]	VmStk:	     148 kB
20220312 061416.700 INFO             PET0 PIOc_freedecomp Enter - MemInfo: [/proc/self/status]	VmExe:	     216 kB
20220312 061416.700 INFO             PET0 PIOc_freedecomp Enter - MemInfo: [/proc/self/status]	VmLib:	   49404 kB
20220312 061416.700 INFO             PET0 PIOc_freedecomp Enter - MemInfo: [/proc/self/status]	VmPTE:	     760 kB
20220312 061416.700 INFO             PET0 PIOc_freedecomp Enter - MemInfo: [/proc/self/status]	VmPMD:	      12 kB
20220312 061416.700 INFO             PET0 PIOc_freedecomp Enter - MemInfo: [/proc/self/status]	VmSwap:	       0 kB
20220312 061416.700 INFO             PET0 PIOc_freedecomp Enter - MemInfo: [/proc/self/status]	VmRSSPercent: 0.0422733 %
20220312 061416.700 INFO             PET0 PIOc_freedecomp Enter - MemInfo: [malloc] Non-mmapped space allocated:                 9781248 Byte
20220312 061416.700 INFO             PET0 PIOc_freedecomp Enter - MemInfo: [malloc] Space allocated in mmapped regions:          1581056 Byte
20220312 061416.700 INFO             PET0 PIOc_freedecomp Enter - MemInfo: [malloc] Maximum total allocated space:                     0 Byte
20220312 061416.700 INFO             PET0 PIOc_freedecomp Enter - MemInfo: [malloc] Space in freed fastbin blocks:                  1776 Byte
20220312 061416.700 INFO             PET0 PIOc_freedecomp Enter - MemInfo: [malloc] Total allocated space:                       3975808 Byte
20220312 061416.700 INFO             PET0 PIOc_freedecomp Enter - MemInfo: [malloc] Total free space:                            5805440 Byte
20220312 061416.700 INFO             PET0 PIOc_freedecomp Enter - MemInfo: [malloc] Top-most, releasable space:                   132864 Byte
20220312 061416.700 INFO             PET0 PIOc_freedecomp Enter - MemInfo: [malloc] Total space in use, mmap + non-mmap:         5556864 Byte
20220312 061416.700 INFO             PET0 PIOc_freedecomp Enter - MemInfo: [malloc] Total space held (mmap + non-mmap):         11362304 Byte
20220312 061416.700 INFO             PET0 PIOc_freedecomp Enter - MemInfo: [malloc] Total space used (mmap + non-mmap):          5566192 Byte
20220312 061416.700 INFO             PET0 PIOc_freedecomp Enter - MemInfo: Wall-clock time since execution start:               0.292056 seconds
20220312 061416.700 INFO             PET0 PIOc_freedecomp Exit - MemInfo: [/proc/meminfo - SSI]	MemTotal:       65507008 kB
20220312 061416.700 INFO             PET0 PIOc_freedecomp Exit - MemInfo: [/proc/meminfo - SSI]	MemFree:        48908820 kB
20220312 061416.700 INFO             PET0 PIOc_freedecomp Exit - MemInfo: [/proc/meminfo - SSI]	MemAvailable:   48665564 kB
20220312 061416.700 INFO             PET0 PIOc_freedecomp Exit - MemInfo: [/proc/meminfo - SSI]	Committed_AS:   13016656 kB
20220312 061416.700 INFO             PET0 PIOc_freedecomp Exit - MemInfo: [/proc/meminfo - SSI]	CommittedPercent: 19.8706 %
20220312 061416.700 INFO             PET0 PIOc_freedecomp Exit - MemInfo: [/proc/self/status]	VmPeak:	  529112 kB
20220312 061416.700 INFO             PET0 PIOc_freedecomp Exit - MemInfo: [/proc/self/status]	VmSize:	  512724 kB
20220312 061416.700 INFO             PET0 PIOc_freedecomp Exit - MemInfo: [/proc/self/status]	VmLck:	       0 kB
20220312 061416.700 INFO             PET0 PIOc_freedecomp Exit - MemInfo: [/proc/self/status]	VmPin:	       0 kB
20220312 061416.700 INFO             PET0 PIOc_freedecomp Exit - MemInfo: [/proc/self/status]	VmHWM:	   64860 kB
20220312 061416.700 INFO             PET0 PIOc_freedecomp Exit - MemInfo: [/proc/self/status]	VmRSS:	   27696 kB
20220312 061416.700 INFO             PET0 PIOc_freedecomp Exit - MemInfo: [/proc/self/status]	VmData:	   21600 kB
20220312 061416.700 INFO             PET0 PIOc_freedecomp Exit - MemInfo: [/proc/self/status]	VmStk:	     148 kB
20220312 061416.700 INFO             PET0 PIOc_freedecomp Exit - MemInfo: [/proc/self/status]	VmExe:	     216 kB
20220312 061416.700 INFO             PET0 PIOc_freedecomp Exit - MemInfo: [/proc/self/status]	VmLib:	   49404 kB
20220312 061416.700 INFO             PET0 PIOc_freedecomp Exit - MemInfo: [/proc/self/status]	VmPTE:	     760 kB
20220312 061416.700 INFO             PET0 PIOc_freedecomp Exit - MemInfo: [/proc/self/status]	VmPMD:	      12 kB
20220312 061416.700 INFO             PET0 PIOc_freedecomp Exit - MemInfo: [/proc/self/status]	VmSwap:	       0 kB
20220312 061416.700 INFO             PET0 PIOc_freedecomp Exit - MemInfo: [/proc/self/status]	VmRSSPercent: 0.0422794 %
20220312 061416.700 INFO             PET0 PIOc_freedecomp Exit - MemInfo: [malloc] Non-mmapped space allocated:                 9781248 Byte
20220312 061416.700 INFO             PET0 PIOc_freedecomp Exit - MemInfo: [malloc] Space allocated in mmapped regions:          1581056 Byte
20220312 061416.700 INFO             PET0 PIOc_freedecomp Exit - MemInfo: [malloc] Maximum total allocated space:                     0 Byte
20220312 061416.700 INFO             PET0 PIOc_freedecomp Exit - MemInfo: [malloc] Space in freed fastbin blocks:                  2688 Byte
20220312 061416.700 INFO             PET0 PIOc_freedecomp Exit - MemInfo: [malloc] Total allocated space:                       3969040 Byte
20220312 061416.700 INFO             PET0 PIOc_freedecomp Exit - MemInfo: [malloc] Total free space:                            5812208 Byte
20220312 061416.700 INFO             PET0 PIOc_freedecomp Exit - MemInfo: [malloc] Top-most, releasable space:                   132864 Byte
20220312 061416.700 INFO             PET0 PIOc_freedecomp Exit - MemInfo: [malloc] Total space in use, mmap + non-mmap:         5550096 Byte
20220312 061416.700 INFO             PET0 PIOc_freedecomp Exit - MemInfo: [malloc] Total space held (mmap + non-mmap):         11362304 Byte
20220312 061416.700 INFO             PET0 PIOc_freedecomp Exit - MemInfo: [malloc] Total space used (mmap + non-mmap):          5559424 Byte
20220312 061416.700 INFO             PET0 PIOc_freedecomp Exit - MemInfo: Wall-clock time since execution start:               0.292405 seconds
20220312 061416.705 INFO             PET0 PIOc_sync Enter - MemInfo: [/proc/meminfo - SSI]	MemTotal:       65507008 kB
20220312 061416.705 INFO             PET0 PIOc_sync Enter - MemInfo: [/proc/meminfo - SSI]	MemFree:        48901764 kB
20220312 061416.705 INFO             PET0 PIOc_sync Enter - MemInfo: [/proc/meminfo - SSI]	MemAvailable:   48658508 kB
20220312 061416.705 INFO             PET0 PIOc_sync Enter - MemInfo: [/proc/meminfo - SSI]	Committed_AS:   13033040 kB
20220312 061416.705 INFO             PET0 PIOc_sync Enter - MemInfo: [/proc/meminfo - SSI]	CommittedPercent: 19.8956 %
20220312 061416.705 INFO             PET0 PIOc_sync Enter - MemInfo: [/proc/self/status]	VmPeak:	  529112 kB
20220312 061416.705 INFO             PET0 PIOc_sync Enter - MemInfo: [/proc/self/status]	VmSize:	  529108 kB
20220312 061416.705 INFO             PET0 PIOc_sync Enter - MemInfo: [/proc/self/status]	VmLck:	       0 kB
20220312 061416.705 INFO             PET0 PIOc_sync Enter - MemInfo: [/proc/self/status]	VmPin:	       0 kB
20220312 061416.705 INFO             PET0 PIOc_sync Enter - MemInfo: [/proc/self/status]	VmHWM:	   64860 kB
20220312 061416.705 INFO             PET0 PIOc_sync Enter - MemInfo: [/proc/self/status]	VmRSS:	   35776 kB
20220312 061416.705 INFO             PET0 PIOc_sync Enter - MemInfo: [/proc/self/status]	VmData:	   37984 kB
20220312 061416.705 INFO             PET0 PIOc_sync Enter - MemInfo: [/proc/self/status]	VmStk:	     148 kB
20220312 061416.705 INFO             PET0 PIOc_sync Enter - MemInfo: [/proc/self/status]	VmExe:	     216 kB
20220312 061416.705 INFO             PET0 PIOc_sync Enter - MemInfo: [/proc/self/status]	VmLib:	   49404 kB
20220312 061416.705 INFO             PET0 PIOc_sync Enter - MemInfo: [/proc/self/status]	VmPTE:	     780 kB
20220312 061416.705 INFO             PET0 PIOc_sync Enter - MemInfo: [/proc/self/status]	VmPMD:	      12 kB
20220312 061416.705 INFO             PET0 PIOc_sync Enter - MemInfo: [/proc/self/status]	VmSwap:	       0 kB
20220312 061416.705 INFO             PET0 PIOc_sync Enter - MemInfo: [/proc/self/status]	VmRSSPercent: 0.054614 %
20220312 061416.705 INFO             PET0 PIOc_sync Enter - MemInfo: [malloc] Non-mmapped space allocated:                26558464 Byte
20220312 061416.705 INFO             PET0 PIOc_sync Enter - MemInfo: [malloc] Space allocated in mmapped regions:          1581056 Byte
20220312 061416.705 INFO             PET0 PIOc_sync Enter - MemInfo: [malloc] Maximum total allocated space:                     0 Byte
20220312 061416.705 INFO             PET0 PIOc_sync Enter - MemInfo: [malloc] Space in freed fastbin blocks:                  2128 Byte
20220312 061416.705 INFO             PET0 PIOc_sync Enter - MemInfo: [malloc] Total allocated space:                      21286656 Byte
20220312 061416.705 INFO             PET0 PIOc_sync Enter - MemInfo: [malloc] Total free space:                            5271808 Byte
20220312 061416.705 INFO             PET0 PIOc_sync Enter - MemInfo: [malloc] Top-most, releasable space:                   132848 Byte
20220312 061416.705 INFO             PET0 PIOc_sync Enter - MemInfo: [malloc] Total space in use, mmap + non-mmap:        22867712 Byte
20220312 061416.705 INFO             PET0 PIOc_sync Enter - MemInfo: [malloc] Total space held (mmap + non-mmap):         28139520 Byte
20220312 061416.705 INFO             PET0 PIOc_sync Enter - MemInfo: [malloc] Total space used (mmap + non-mmap):         22877040 Byte
20220312 061416.705 INFO             PET0 PIOc_sync Enter - MemInfo: Wall-clock time since execution start:               0.297317 seconds
20220312 061416.705 INFO             PET0 PIOc_sync Exit - MemInfo: [/proc/meminfo - SSI]	MemTotal:       65507008 kB
20220312 061416.705 INFO             PET0 PIOc_sync Exit - MemInfo: [/proc/meminfo - SSI]	MemFree:        48901764 kB
20220312 061416.705 INFO             PET0 PIOc_sync Exit - MemInfo: [/proc/meminfo - SSI]	MemAvailable:   48658508 kB
20220312 061416.705 INFO             PET0 PIOc_sync Exit - MemInfo: [/proc/meminfo - SSI]	Committed_AS:   13033040 kB
20220312 061416.705 INFO             PET0 PIOc_sync Exit - MemInfo: [/proc/meminfo - SSI]	CommittedPercent: 19.8956 %
20220312 061416.705 INFO             PET0 PIOc_sync Exit - MemInfo: [/proc/self/status]	VmPeak:	  529112 kB
20220312 061416.706 INFO             PET0 PIOc_sync Exit - MemInfo: [/proc/self/status]	VmSize:	  529108 kB
20220312 061416.706 INFO             PET0 PIOc_sync Exit - MemInfo: [/proc/self/status]	VmLck:	       0 kB
20220312 061416.706 INFO             PET0 PIOc_sync Exit - MemInfo: [/proc/self/status]	VmPin:	       0 kB
20220312 061416.706 INFO             PET0 PIOc_sync Exit - MemInfo: [/proc/self/status]	VmHWM:	   64860 kB
20220312 061416.706 INFO             PET0 PIOc_sync Exit - MemInfo: [/proc/self/status]	VmRSS:	   35776 kB
20220312 061416.706 INFO             PET0 PIOc_sync Exit - MemInfo: [/proc/self/status]	VmData:	   37984 kB
20220312 061416.706 INFO             PET0 PIOc_sync Exit - MemInfo: [/proc/self/status]	VmStk:	     148 kB
20220312 061416.706 INFO             PET0 PIOc_sync Exit - MemInfo: [/proc/self/status]	VmExe:	     216 kB
20220312 061416.706 INFO             PET0 PIOc_sync Exit - MemInfo: [/proc/self/status]	VmLib:	   49404 kB
20220312 061416.706 INFO             PET0 PIOc_sync Exit - MemInfo: [/proc/self/status]	VmPTE:	     780 kB
20220312 061416.706 INFO             PET0 PIOc_sync Exit - MemInfo: [/proc/self/status]	VmPMD:	      12 kB
20220312 061416.706 INFO             PET0 PIOc_sync Exit - MemInfo: [/proc/self/status]	VmSwap:	       0 kB
20220312 061416.706 INFO             PET0 PIOc_sync Exit - MemInfo: [/proc/self/status]	VmRSSPercent: 0.054614 %
20220312 061416.706 INFO             PET0 PIOc_sync Exit - MemInfo: [malloc] Non-mmapped space allocated:                26558464 Byte
20220312 061416.706 INFO             PET0 PIOc_sync Exit - MemInfo: [malloc] Space allocated in mmapped regions:          1581056 Byte
20220312 061416.706 INFO             PET0 PIOc_sync Exit - MemInfo: [malloc] Maximum total allocated space:                     0 Byte
20220312 061416.706 INFO             PET0 PIOc_sync Exit - MemInfo: [malloc] Space in freed fastbin blocks:                  1744 Byte
20220312 061416.706 INFO             PET0 PIOc_sync Exit - MemInfo: [malloc] Total allocated space:                      21291408 Byte
20220312 061416.706 INFO             PET0 PIOc_sync Exit - MemInfo: [malloc] Total free space:                            5267056 Byte
20220312 061416.706 INFO             PET0 PIOc_sync Exit - MemInfo: [malloc] Top-most, releasable space:                   132848 Byte
20220312 061416.706 INFO             PET0 PIOc_sync Exit - MemInfo: [malloc] Total space in use, mmap + non-mmap:        22872464 Byte
20220312 061416.706 INFO             PET0 PIOc_sync Exit - MemInfo: [malloc] Total space held (mmap + non-mmap):         28139520 Byte
20220312 061416.706 INFO             PET0 PIOc_sync Exit - MemInfo: [malloc] Total space used (mmap + non-mmap):         22881792 Byte
20220312 061416.706 INFO             PET0 PIOc_sync Exit - MemInfo: Wall-clock time since execution start:               0.297793 seconds
20220312 061416.706 INFO             PET0 PIOc_freedecomp Enter - MemInfo: [/proc/meminfo - SSI]	MemTotal:       65507008 kB
20220312 061416.706 INFO             PET0 PIOc_freedecomp Enter - MemInfo: [/proc/meminfo - SSI]	MemFree:        48901764 kB
20220312 061416.706 INFO             PET0 PIOc_freedecomp Enter - MemInfo: [/proc/meminfo - SSI]	MemAvailable:   48658508 kB
20220312 061416.706 INFO             PET0 PIOc_freedecomp Enter - MemInfo: [/proc/meminfo - SSI]	Committed_AS:   13033040 kB
20220312 061416.706 INFO             PET0 PIOc_freedecomp Enter - MemInfo: [/proc/meminfo - SSI]	CommittedPercent: 19.8956 %
20220312 061416.706 INFO             PET0 PIOc_freedecomp Enter - MemInfo: [/proc/self/status]	VmPeak:	  529112 kB
20220312 061416.706 INFO             PET0 PIOc_freedecomp Enter - MemInfo: [/proc/self/status]	VmSize:	  529108 kB
20220312 061416.706 INFO             PET0 PIOc_freedecomp Enter - MemInfo: [/proc/self/status]	VmLck:	       0 kB
20220312 061416.706 INFO             PET0 PIOc_freedecomp Enter - MemInfo: [/proc/self/status]	VmPin:	       0 kB
20220312 061416.706 INFO             PET0 PIOc_freedecomp Enter - MemInfo: [/proc/self/status]	VmHWM:	   64860 kB
20220312 061416.706 INFO             PET0 PIOc_freedecomp Enter - MemInfo: [/proc/self/status]	VmRSS:	   35776 kB
20220312 061416.706 INFO             PET0 PIOc_freedecomp Enter - MemInfo: [/proc/self/status]	VmData:	   37984 kB
20220312 061416.706 INFO             PET0 PIOc_freedecomp Enter - MemInfo: [/proc/self/status]	VmStk:	     148 kB
20220312 061416.706 INFO             PET0 PIOc_freedecomp Enter - MemInfo: [/proc/self/status]	VmExe:	     216 kB
20220312 061416.706 INFO             PET0 PIOc_freedecomp Enter - MemInfo: [/proc/self/status]	VmLib:	   49404 kB
20220312 061416.706 INFO             PET0 PIOc_freedecomp Enter - MemInfo: [/proc/self/status]	VmPTE:	     780 kB
20220312 061416.706 INFO             PET0 PIOc_freedecomp Enter - MemInfo: [/proc/self/status]	VmPMD:	      12 kB
20220312 061416.706 INFO             PET0 PIOc_freedecomp Enter - MemInfo: [/proc/self/status]	VmSwap:	       0 kB
20220312 061416.706 INFO             PET0 PIOc_freedecomp Enter - MemInfo: [/proc/self/status]	VmRSSPercent: 0.054614 %
20220312 061416.706 INFO             PET0 PIOc_freedecomp Enter - MemInfo: [malloc] Non-mmapped space allocated:                26558464 Byte
20220312 061416.706 INFO             PET0 PIOc_freedecomp Enter - MemInfo: [malloc] Space allocated in mmapped regions:          1581056 Byte
20220312 061416.706 INFO             PET0 PIOc_freedecomp Enter - MemInfo: [malloc] Maximum total allocated space:                     0 Byte
20220312 061416.706 INFO             PET0 PIOc_freedecomp Enter - MemInfo: [malloc] Space in freed fastbin blocks:                  1552 Byte
20220312 061416.706 INFO             PET0 PIOc_freedecomp Enter - MemInfo: [malloc] Total allocated space:                       3975824 Byte
20220312 061416.706 INFO             PET0 PIOc_freedecomp Enter - MemInfo: [malloc] Total free space:                           22582640 Byte
20220312 061416.706 INFO             PET0 PIOc_freedecomp Enter - MemInfo: [malloc] Top-most, releasable space:                 16910080 Byte
20220312 061416.706 INFO             PET0 PIOc_freedecomp Enter - MemInfo: [malloc] Total space in use, mmap + non-mmap:         5556880 Byte
20220312 061416.706 INFO             PET0 PIOc_freedecomp Enter - MemInfo: [malloc] Total space held (mmap + non-mmap):         28139520 Byte
20220312 061416.706 INFO             PET0 PIOc_freedecomp Enter - MemInfo: [malloc] Total space used (mmap + non-mmap):          5566208 Byte
20220312 061416.706 INFO             PET0 PIOc_freedecomp Enter - MemInfo: Wall-clock time since execution start:                0.29817 seconds
20220312 061416.706 INFO             PET0 PIOc_freedecomp Exit - MemInfo: [/proc/meminfo - SSI]	MemTotal:       65507008 kB
20220312 061416.706 INFO             PET0 PIOc_freedecomp Exit - MemInfo: [/proc/meminfo - SSI]	MemFree:        48901764 kB
20220312 061416.706 INFO             PET0 PIOc_freedecomp Exit - MemInfo: [/proc/meminfo - SSI]	MemAvailable:   48658508 kB
20220312 061416.706 INFO             PET0 PIOc_freedecomp Exit - MemInfo: [/proc/meminfo - SSI]	Committed_AS:   13033040 kB
20220312 061416.706 INFO             PET0 PIOc_freedecomp Exit - MemInfo: [/proc/meminfo - SSI]	CommittedPercent: 19.8956 %
20220312 061416.706 INFO             PET0 PIOc_freedecomp Exit - MemInfo: [/proc/self/status]	VmPeak:	  529112 kB
20220312 061416.706 INFO             PET0 PIOc_freedecomp Exit - MemInfo: [/proc/self/status]	VmSize:	  529108 kB
20220312 061416.706 INFO             PET0 PIOc_freedecomp Exit - MemInfo: [/proc/self/status]	VmLck:	       0 kB
20220312 061416.706 INFO             PET0 PIOc_freedecomp Exit - MemInfo: [/proc/self/status]	VmPin:	       0 kB
20220312 061416.706 INFO             PET0 PIOc_freedecomp Exit - MemInfo: [/proc/self/status]	VmHWM:	   64860 kB
20220312 061416.706 INFO             PET0 PIOc_freedecomp Exit - MemInfo: [/proc/self/status]	VmRSS:	   35776 kB
20220312 061416.706 INFO             PET0 PIOc_freedecomp Exit - MemInfo: [/proc/self/status]	VmData:	   37984 kB
20220312 061416.706 INFO             PET0 PIOc_freedecomp Exit - MemInfo: [/proc/self/status]	VmStk:	     148 kB
20220312 061416.706 INFO             PET0 PIOc_freedecomp Exit - MemInfo: [/proc/self/status]	VmExe:	     216 kB
20220312 061416.706 INFO             PET0 PIOc_freedecomp Exit - MemInfo: [/proc/self/status]	VmLib:	   49404 kB
20220312 061416.706 INFO             PET0 PIOc_freedecomp Exit - MemInfo: [/proc/self/status]	VmPTE:	     780 kB
20220312 061416.706 INFO             PET0 PIOc_freedecomp Exit - MemInfo: [/proc/self/status]	VmPMD:	      12 kB
20220312 061416.706 INFO             PET0 PIOc_freedecomp Exit - MemInfo: [/proc/self/status]	VmSwap:	       0 kB
20220312 061416.706 INFO             PET0 PIOc_freedecomp Exit - MemInfo: [/proc/self/status]	VmRSSPercent: 0.054614 %
20220312 061416.706 INFO             PET0 PIOc_freedecomp Exit - MemInfo: [malloc] Non-mmapped space allocated:                26558464 Byte
20220312 061416.706 INFO             PET0 PIOc_freedecomp Exit - MemInfo: [malloc] Space allocated in mmapped regions:          1581056 Byte
20220312 061416.706 INFO             PET0 PIOc_freedecomp Exit - MemInfo: [malloc] Maximum total allocated space:                     0 Byte
20220312 061416.706 INFO             PET0 PIOc_freedecomp Exit - MemInfo: [malloc] Space in freed fastbin blocks:                  2944 Byte
20220312 061416.706 INFO             PET0 PIOc_freedecomp Exit - MemInfo: [malloc] Total allocated space:                       3969056 Byte
20220312 061416.706 INFO             PET0 PIOc_freedecomp Exit - MemInfo: [malloc] Total free space:                           22589408 Byte
20220312 061416.706 INFO             PET0 PIOc_freedecomp Exit - MemInfo: [malloc] Top-most, releasable space:                 16910080 Byte
20220312 061416.706 INFO             PET0 PIOc_freedecomp Exit - MemInfo: [malloc] Total space in use, mmap + non-mmap:         5550112 Byte
20220312 061416.706 INFO             PET0 PIOc_freedecomp Exit - MemInfo: [malloc] Total space held (mmap + non-mmap):         28139520 Byte
20220312 061416.706 INFO             PET0 PIOc_freedecomp Exit - MemInfo: [malloc] Total space used (mmap + non-mmap):          5559440 Byte
20220312 061416.706 INFO             PET0 PIOc_freedecomp Exit - MemInfo: Wall-clock time since execution start:               0.298537 seconds
20220312 061416.707 INFO             PET0 PIOc_sync Enter - MemInfo: [/proc/meminfo - SSI]	MemTotal:       65507008 kB
20220312 061416.707 INFO             PET0 PIOc_sync Enter - MemInfo: [/proc/meminfo - SSI]	MemFree:        48901764 kB
20220312 061416.707 INFO             PET0 PIOc_sync Enter - MemInfo: [/proc/meminfo - SSI]	MemAvailable:   48658508 kB
20220312 061416.708 INFO             PET0 PIOc_sync Enter - MemInfo: [/proc/meminfo - SSI]	Committed_AS:   13033040 kB
20220312 061416.708 INFO             PET0 PIOc_sync Enter - MemInfo: [/proc/meminfo - SSI]	CommittedPercent: 19.8956 %
20220312 061416.708 INFO             PET0 PIOc_sync Enter - MemInfo: [/proc/self/status]	VmPeak:	  537296 kB
20220312 061416.708 INFO             PET0 PIOc_sync Enter - MemInfo: [/proc/self/status]	VmSize:	  529108 kB
20220312 061416.708 INFO             PET0 PIOc_sync Enter - MemInfo: [/proc/self/status]	VmLck:	       0 kB
20220312 061416.708 INFO             PET0 PIOc_sync Enter - MemInfo: [/proc/self/status]	VmPin:	       0 kB
20220312 061416.708 INFO             PET0 PIOc_sync Enter - MemInfo: [/proc/self/status]	VmHWM:	   64860 kB
20220312 061416.708 INFO             PET0 PIOc_sync Enter - MemInfo: [/proc/self/status]	VmRSS:	   35776 kB
20220312 061416.708 INFO             PET0 PIOc_sync Enter - MemInfo: [/proc/self/status]	VmData:	   37984 kB
20220312 061416.708 INFO             PET0 PIOc_sync Enter - MemInfo: [/proc/self/status]	VmStk:	     148 kB
20220312 061416.708 INFO             PET0 PIOc_sync Enter - MemInfo: [/proc/self/status]	VmExe:	     216 kB
20220312 061416.708 INFO             PET0 PIOc_sync Enter - MemInfo: [/proc/self/status]	VmLib:	   49404 kB
20220312 061416.708 INFO             PET0 PIOc_sync Enter - MemInfo: [/proc/self/status]	VmPTE:	     780 kB
20220312 061416.708 INFO             PET0 PIOc_sync Enter - MemInfo: [/proc/self/status]	VmPMD:	      12 kB
20220312 061416.708 INFO             PET0 PIOc_sync Enter - MemInfo: [/proc/self/status]	VmSwap:	       0 kB
20220312 061416.708 INFO             PET0 PIOc_sync Enter - MemInfo: [/proc/self/status]	VmRSSPercent: 0.054614 %
20220312 061416.708 INFO             PET0 PIOc_sync Enter - MemInfo: [malloc] Non-mmapped space allocated:                26558464 Byte
20220312 061416.708 INFO             PET0 PIOc_sync Enter - MemInfo: [malloc] Space allocated in mmapped regions:          1581056 Byte
20220312 061416.708 INFO             PET0 PIOc_sync Enter - MemInfo: [malloc] Maximum total allocated space:                     0 Byte
20220312 061416.708 INFO             PET0 PIOc_sync Enter - MemInfo: [malloc] Space in freed fastbin blocks:                  2528 Byte
20220312 061416.708 INFO             PET0 PIOc_sync Enter - MemInfo: [malloc] Total allocated space:                      21287392 Byte
20220312 061416.708 INFO             PET0 PIOc_sync Enter - MemInfo: [malloc] Total free space:                            5271072 Byte
20220312 061416.708 INFO             PET0 PIOc_sync Enter - MemInfo: [malloc] Top-most, releasable space:                   132848 Byte
20220312 061416.708 INFO             PET0 PIOc_sync Enter - MemInfo: [malloc] Total space in use, mmap + non-mmap:        22868448 Byte
20220312 061416.708 INFO             PET0 PIOc_sync Enter - MemInfo: [malloc] Total space held (mmap + non-mmap):         28139520 Byte
20220312 061416.708 INFO             PET0 PIOc_sync Enter - MemInfo: [malloc] Total space used (mmap + non-mmap):         22877776 Byte
20220312 061416.708 INFO             PET0 PIOc_sync Enter - MemInfo: Wall-clock time since execution start:               0.299867 seconds
20220312 061416.708 INFO             PET0 PIOc_sync Exit - MemInfo: [/proc/meminfo - SSI]	MemTotal:       65507008 kB
20220312 061416.708 INFO             PET0 PIOc_sync Exit - MemInfo: [/proc/meminfo - SSI]	MemFree:        48901764 kB
20220312 061416.708 INFO             PET0 PIOc_sync Exit - MemInfo: [/proc/meminfo - SSI]	MemAvailable:   48658508 kB
20220312 061416.708 INFO             PET0 PIOc_sync Exit - MemInfo: [/proc/meminfo - SSI]	Committed_AS:   13033040 kB
20220312 061416.708 INFO             PET0 PIOc_sync Exit - MemInfo: [/proc/meminfo - SSI]	CommittedPercent: 19.8956 %
20220312 061416.708 INFO             PET0 PIOc_sync Exit - MemInfo: [/proc/self/status]	VmPeak:	  537296 kB
20220312 061416.708 INFO             PET0 PIOc_sync Exit - MemInfo: [/proc/self/status]	VmSize:	  529108 kB
20220312 061416.708 INFO             PET0 PIOc_sync Exit - MemInfo: [/proc/self/status]	VmLck:	       0 kB
20220312 061416.708 INFO             PET0 PIOc_sync Exit - MemInfo: [/proc/self/status]	VmPin:	       0 kB
20220312 061416.708 INFO             PET0 PIOc_sync Exit - MemInfo: [/proc/self/status]	VmHWM:	   64860 kB
20220312 061416.708 INFO             PET0 PIOc_sync Exit - MemInfo: [/proc/self/status]	VmRSS:	   35776 kB
20220312 061416.708 INFO             PET0 PIOc_sync Exit - MemInfo: [/proc/self/status]	VmData:	   37984 kB
20220312 061416.708 INFO             PET0 PIOc_sync Exit - MemInfo: [/proc/self/status]	VmStk:	     148 kB
20220312 061416.708 INFO             PET0 PIOc_sync Exit - MemInfo: [/proc/self/status]	VmExe:	     216 kB
20220312 061416.708 INFO             PET0 PIOc_sync Exit - MemInfo: [/proc/self/status]	VmLib:	   49404 kB
20220312 061416.708 INFO             PET0 PIOc_sync Exit - MemInfo: [/proc/self/status]	VmPTE:	     780 kB
20220312 061416.708 INFO             PET0 PIOc_sync Exit - MemInfo: [/proc/self/status]	VmPMD:	      12 kB
20220312 061416.708 INFO             PET0 PIOc_sync Exit - MemInfo: [/proc/self/status]	VmSwap:	       0 kB
20220312 061416.708 INFO             PET0 PIOc_sync Exit - MemInfo: [/proc/self/status]	VmRSSPercent: 0.054614 %
20220312 061416.708 INFO             PET0 PIOc_sync Exit - MemInfo: [malloc] Non-mmapped space allocated:                26558464 Byte
20220312 061416.708 INFO             PET0 PIOc_sync Exit - MemInfo: [malloc] Space allocated in mmapped regions:          1581056 Byte
20220312 061416.708 INFO             PET0 PIOc_sync Exit - MemInfo: [malloc] Maximum total allocated space:                     0 Byte
20220312 061416.708 INFO             PET0 PIOc_sync Exit - MemInfo: [malloc] Space in freed fastbin blocks:                  1840 Byte
20220312 061416.708 INFO             PET0 PIOc_sync Exit - MemInfo: [malloc] Total allocated space:                      21292160 Byte
20220312 061416.708 INFO             PET0 PIOc_sync Exit - MemInfo: [malloc] Total free space:                            5266304 Byte
20220312 061416.708 INFO             PET0 PIOc_sync Exit - MemInfo: [malloc] Top-most, releasable space:                   132848 Byte
20220312 061416.708 INFO             PET0 PIOc_sync Exit - MemInfo: [malloc] Total space in use, mmap + non-mmap:        22873216 Byte
20220312 061416.708 INFO             PET0 PIOc_sync Exit - MemInfo: [malloc] Total space held (mmap + non-mmap):         28139520 Byte
20220312 061416.708 INFO             PET0 PIOc_sync Exit - MemInfo: [malloc] Total space used (mmap + non-mmap):         22882544 Byte
20220312 061416.708 INFO             PET0 PIOc_sync Exit - MemInfo: Wall-clock time since execution start:               0.300338 seconds
20220312 061416.708 INFO             PET0 PIOc_freedecomp Enter - MemInfo: [/proc/meminfo - SSI]	MemTotal:       65507008 kB
20220312 061416.708 INFO             PET0 PIOc_freedecomp Enter - MemInfo: [/proc/meminfo - SSI]	MemFree:        48901764 kB
20220312 061416.708 INFO             PET0 PIOc_freedecomp Enter - MemInfo: [/proc/meminfo - SSI]	MemAvailable:   48658508 kB
20220312 061416.708 INFO             PET0 PIOc_freedecomp Enter - MemInfo: [/proc/meminfo - SSI]	Committed_AS:   13033040 kB
20220312 061416.708 INFO             PET0 PIOc_freedecomp Enter - MemInfo: [/proc/meminfo - SSI]	CommittedPercent: 19.8956 %
20220312 061416.708 INFO             PET0 PIOc_freedecomp Enter - MemInfo: [/proc/self/status]	VmPeak:	  537296 kB
20220312 061416.708 INFO             PET0 PIOc_freedecomp Enter - MemInfo: [/proc/self/status]	VmSize:	  529108 kB
20220312 061416.708 INFO             PET0 PIOc_freedecomp Enter - MemInfo: [/proc/self/status]	VmLck:	       0 kB
20220312 061416.708 INFO             PET0 PIOc_freedecomp Enter - MemInfo: [/proc/self/status]	VmPin:	       0 kB
20220312 061416.708 INFO             PET0 PIOc_freedecomp Enter - MemInfo: [/proc/self/status]	VmHWM:	   64860 kB
20220312 061416.708 INFO             PET0 PIOc_freedecomp Enter - MemInfo: [/proc/self/status]	VmRSS:	   35776 kB
20220312 061416.708 INFO             PET0 PIOc_freedecomp Enter - MemInfo: [/proc/self/status]	VmData:	   37984 kB
20220312 061416.708 INFO             PET0 PIOc_freedecomp Enter - MemInfo: [/proc/self/status]	VmStk:	     148 kB
20220312 061416.708 INFO             PET0 PIOc_freedecomp Enter - MemInfo: [/proc/self/status]	VmExe:	     216 kB
20220312 061416.708 INFO             PET0 PIOc_freedecomp Enter - MemInfo: [/proc/self/status]	VmLib:	   49404 kB
20220312 061416.709 INFO             PET0 PIOc_freedecomp Enter - MemInfo: [/proc/self/status]	VmPTE:	     780 kB
20220312 061416.709 INFO             PET0 PIOc_freedecomp Enter - MemInfo: [/proc/self/status]	VmPMD:	      12 kB
20220312 061416.709 INFO             PET0 PIOc_freedecomp Enter - MemInfo: [/proc/self/status]	VmSwap:	       0 kB
20220312 061416.709 INFO             PET0 PIOc_freedecomp Enter - MemInfo: [/proc/self/status]	VmRSSPercent: 0.054614 %
20220312 061416.709 INFO             PET0 PIOc_freedecomp Enter - MemInfo: [malloc] Non-mmapped space allocated:                26558464 Byte
20220312 061416.709 INFO             PET0 PIOc_freedecomp Enter - MemInfo: [malloc] Space allocated in mmapped regions:          1581056 Byte
20220312 061416.709 INFO             PET0 PIOc_freedecomp Enter - MemInfo: [malloc] Maximum total allocated space:                     0 Byte
20220312 061416.709 INFO             PET0 PIOc_freedecomp Enter - MemInfo: [malloc] Space in freed fastbin blocks:                  1664 Byte
20220312 061416.709 INFO             PET0 PIOc_freedecomp Enter - MemInfo: [malloc] Total allocated space:                       3975792 Byte
20220312 061416.709 INFO             PET0 PIOc_freedecomp Enter - MemInfo: [malloc] Total free space:                           22582672 Byte
20220312 061416.709 INFO             PET0 PIOc_freedecomp Enter - MemInfo: [malloc] Top-most, releasable space:                 16910080 Byte
20220312 061416.709 INFO             PET0 PIOc_freedecomp Enter - MemInfo: [malloc] Total space in use, mmap + non-mmap:         5556848 Byte
20220312 061416.709 INFO             PET0 PIOc_freedecomp Enter - MemInfo: [malloc] Total space held (mmap + non-mmap):         28139520 Byte
20220312 061416.709 INFO             PET0 PIOc_freedecomp Enter - MemInfo: [malloc] Total space used (mmap + non-mmap):          5566176 Byte
20220312 061416.709 INFO             PET0 PIOc_freedecomp Enter - MemInfo: Wall-clock time since execution start:               0.300713 seconds
20220312 061416.709 INFO             PET0 PIOc_freedecomp Exit - MemInfo: [/proc/meminfo - SSI]	MemTotal:       65507008 kB
20220312 061416.709 INFO             PET0 PIOc_freedecomp Exit - MemInfo: [/proc/meminfo - SSI]	MemFree:        48901764 kB
20220312 061416.709 INFO             PET0 PIOc_freedecomp Exit - MemInfo: [/proc/meminfo - SSI]	MemAvailable:   48658508 kB
20220312 061416.709 INFO             PET0 PIOc_freedecomp Exit - MemInfo: [/proc/meminfo - SSI]	Committed_AS:   13033040 kB
20220312 061416.709 INFO             PET0 PIOc_freedecomp Exit - MemInfo: [/proc/meminfo - SSI]	CommittedPercent: 19.8956 %
20220312 061416.709 INFO             PET0 PIOc_freedecomp Exit - MemInfo: [/proc/self/status]	VmPeak:	  537296 kB
20220312 061416.709 INFO             PET0 PIOc_freedecomp Exit - MemInfo: [/proc/self/status]	VmSize:	  529108 kB
20220312 061416.709 INFO             PET0 PIOc_freedecomp Exit - MemInfo: [/proc/self/status]	VmLck:	       0 kB
20220312 061416.709 INFO             PET0 PIOc_freedecomp Exit - MemInfo: [/proc/self/status]	VmPin:	       0 kB
20220312 061416.709 INFO             PET0 PIOc_freedecomp Exit - MemInfo: [/proc/self/status]	VmHWM:	   64860 kB
20220312 061416.709 INFO             PET0 PIOc_freedecomp Exit - MemInfo: [/proc/self/status]	VmRSS:	   35776 kB
20220312 061416.709 INFO             PET0 PIOc_freedecomp Exit - MemInfo: [/proc/self/status]	VmData:	   37984 kB
20220312 061416.709 INFO             PET0 PIOc_freedecomp Exit - MemInfo: [/proc/self/status]	VmStk:	     148 kB
20220312 061416.709 INFO             PET0 PIOc_freedecomp Exit - MemInfo: [/proc/self/status]	VmExe:	     216 kB
20220312 061416.709 INFO             PET0 PIOc_freedecomp Exit - MemInfo: [/proc/self/status]	VmLib:	   49404 kB
20220312 061416.709 INFO             PET0 PIOc_freedecomp Exit - MemInfo: [/proc/self/status]	VmPTE:	     780 kB
20220312 061416.709 INFO             PET0 PIOc_freedecomp Exit - MemInfo: [/proc/self/status]	VmPMD:	      12 kB
20220312 061416.709 INFO             PET0 PIOc_freedecomp Exit - MemInfo: [/proc/self/status]	VmSwap:	       0 kB
20220312 061416.709 INFO             PET0 PIOc_freedecomp Exit - MemInfo: [/proc/self/status]	VmRSSPercent: 0.054614 %
20220312 061416.709 INFO             PET0 PIOc_freedecomp Exit - MemInfo: [malloc] Non-mmapped space allocated:                26558464 Byte
20220312 061416.709 INFO             PET0 PIOc_freedecomp Exit - MemInfo: [malloc] Space allocated in mmapped regions:          1581056 Byte
20220312 061416.709 INFO             PET0 PIOc_freedecomp Exit - MemInfo: [malloc] Maximum total allocated space:                     0 Byte
20220312 061416.709 INFO             PET0 PIOc_freedecomp Exit - MemInfo: [malloc] Space in freed fastbin blocks:                  2576 Byte
20220312 061416.709 INFO             PET0 PIOc_freedecomp Exit - MemInfo: [malloc] Total allocated space:                       3969008 Byte
20220312 061416.709 INFO             PET0 PIOc_freedecomp Exit - MemInfo: [malloc] Total free space:                           22589456 Byte
20220312 061416.709 INFO             PET0 PIOc_freedecomp Exit - MemInfo: [malloc] Top-most, releasable space:                 16910080 Byte
20220312 061416.709 INFO             PET0 PIOc_freedecomp Exit - MemInfo: [malloc] Total space in use, mmap + non-mmap:         5550064 Byte
20220312 061416.709 INFO             PET0 PIOc_freedecomp Exit - MemInfo: [malloc] Total space held (mmap + non-mmap):         28139520 Byte
20220312 061416.709 INFO             PET0 PIOc_freedecomp Exit - MemInfo: [malloc] Total space used (mmap + non-mmap):          5559392 Byte
20220312 061416.709 INFO             PET0 PIOc_freedecomp Exit - MemInfo: Wall-clock time since execution start:               0.301073 seconds
20220312 061416.710 INFO             PET0 PIOc_sync Enter - MemInfo: [/proc/meminfo - SSI]	MemTotal:       65507008 kB
20220312 061416.710 INFO             PET0 PIOc_sync Enter - MemInfo: [/proc/meminfo - SSI]	MemFree:        48901764 kB
20220312 061416.710 INFO             PET0 PIOc_sync Enter - MemInfo: [/proc/meminfo - SSI]	MemAvailable:   48658508 kB
20220312 061416.710 INFO             PET0 PIOc_sync Enter - MemInfo: [/proc/meminfo - SSI]	Committed_AS:   13033040 kB
20220312 061416.710 INFO             PET0 PIOc_sync Enter - MemInfo: [/proc/meminfo - SSI]	CommittedPercent: 19.8956 %
20220312 061416.710 INFO             PET0 PIOc_sync Enter - MemInfo: [/proc/self/status]	VmPeak:	  537296 kB
20220312 061416.710 INFO             PET0 PIOc_sync Enter - MemInfo: [/proc/self/status]	VmSize:	  529108 kB
20220312 061416.710 INFO             PET0 PIOc_sync Enter - MemInfo: [/proc/self/status]	VmLck:	       0 kB
20220312 061416.710 INFO             PET0 PIOc_sync Enter - MemInfo: [/proc/self/status]	VmPin:	       0 kB
20220312 061416.710 INFO             PET0 PIOc_sync Enter - MemInfo: [/proc/self/status]	VmHWM:	   64860 kB
20220312 061416.710 INFO             PET0 PIOc_sync Enter - MemInfo: [/proc/self/status]	VmRSS:	   35776 kB
20220312 061416.710 INFO             PET0 PIOc_sync Enter - MemInfo: [/proc/self/status]	VmData:	   37984 kB
20220312 061416.710 INFO             PET0 PIOc_sync Enter - MemInfo: [/proc/self/status]	VmStk:	     148 kB
20220312 061416.710 INFO             PET0 PIOc_sync Enter - MemInfo: [/proc/self/status]	VmExe:	     216 kB
20220312 061416.710 INFO             PET0 PIOc_sync Enter - MemInfo: [/proc/self/status]	VmLib:	   49404 kB
20220312 061416.710 INFO             PET0 PIOc_sync Enter - MemInfo: [/proc/self/status]	VmPTE:	     780 kB
20220312 061416.710 INFO             PET0 PIOc_sync Enter - MemInfo: [/proc/self/status]	VmPMD:	      12 kB
20220312 061416.710 INFO             PET0 PIOc_sync Enter - MemInfo: [/proc/self/status]	VmSwap:	       0 kB
20220312 061416.710 INFO             PET0 PIOc_sync Enter - MemInfo: [/proc/self/status]	VmRSSPercent: 0.054614 %
20220312 061416.710 INFO             PET0 PIOc_sync Enter - MemInfo: [malloc] Non-mmapped space allocated:                26558464 Byte
20220312 061416.710 INFO             PET0 PIOc_sync Enter - MemInfo: [malloc] Space allocated in mmapped regions:          1581056 Byte
20220312 061416.710 INFO             PET0 PIOc_sync Enter - MemInfo: [malloc] Maximum total allocated space:                     0 Byte
20220312 061416.710 INFO             PET0 PIOc_sync Enter - MemInfo: [malloc] Space in freed fastbin blocks:                  2992 Byte
20220312 061416.710 INFO             PET0 PIOc_sync Enter - MemInfo: [malloc] Total allocated space:                      21288128 Byte
20220312 061416.710 INFO             PET0 PIOc_sync Enter - MemInfo: [malloc] Total free space:                            5270336 Byte
20220312 061416.710 INFO             PET0 PIOc_sync Enter - MemInfo: [malloc] Top-most, releasable space:                   132848 Byte
20220312 061416.710 INFO             PET0 PIOc_sync Enter - MemInfo: [malloc] Total space in use, mmap + non-mmap:        22869184 Byte
20220312 061416.710 INFO             PET0 PIOc_sync Enter - MemInfo: [malloc] Total space held (mmap + non-mmap):         28139520 Byte
20220312 061416.710 INFO             PET0 PIOc_sync Enter - MemInfo: [malloc] Total space used (mmap + non-mmap):         22878512 Byte
20220312 061416.710 INFO             PET0 PIOc_sync Enter - MemInfo: Wall-clock time since execution start:                0.30242 seconds
20220312 061416.711 INFO             PET0 PIOc_sync Exit - MemInfo: [/proc/meminfo - SSI]	MemTotal:       65507008 kB
20220312 061416.711 INFO             PET0 PIOc_sync Exit - MemInfo: [/proc/meminfo - SSI]	MemFree:        48901788 kB
20220312 061416.711 INFO             PET0 PIOc_sync Exit - MemInfo: [/proc/meminfo - SSI]	MemAvailable:   48658464 kB
20220312 061416.711 INFO             PET0 PIOc_sync Exit - MemInfo: [/proc/meminfo - SSI]	Committed_AS:   13033040 kB
20220312 061416.711 INFO             PET0 PIOc_sync Exit - MemInfo: [/proc/meminfo - SSI]	CommittedPercent: 19.8956 %
20220312 061416.711 INFO             PET0 PIOc_sync Exit - MemInfo: [/proc/self/status]	VmPeak:	  537296 kB
20220312 061416.711 INFO             PET0 PIOc_sync Exit - MemInfo: [/proc/self/status]	VmSize:	  529108 kB
20220312 061416.711 INFO             PET0 PIOc_sync Exit - MemInfo: [/proc/self/status]	VmLck:	       0 kB
20220312 061416.711 INFO             PET0 PIOc_sync Exit - MemInfo: [/proc/self/status]	VmPin:	       0 kB
20220312 061416.711 INFO             PET0 PIOc_sync Exit - MemInfo: [/proc/self/status]	VmHWM:	   64860 kB
20220312 061416.711 INFO             PET0 PIOc_sync Exit - MemInfo: [/proc/self/status]	VmRSS:	   35776 kB
20220312 061416.711 INFO             PET0 PIOc_sync Exit - MemInfo: [/proc/self/status]	VmData:	   37984 kB
20220312 061416.711 INFO             PET0 PIOc_sync Exit - MemInfo: [/proc/self/status]	VmStk:	     148 kB
20220312 061416.711 INFO             PET0 PIOc_sync Exit - MemInfo: [/proc/self/status]	VmExe:	     216 kB
20220312 061416.711 INFO             PET0 PIOc_sync Exit - MemInfo: [/proc/self/status]	VmLib:	   49404 kB
20220312 061416.711 INFO             PET0 PIOc_sync Exit - MemInfo: [/proc/self/status]	VmPTE:	     780 kB
20220312 061416.711 INFO             PET0 PIOc_sync Exit - MemInfo: [/proc/self/status]	VmPMD:	      12 kB
20220312 061416.711 INFO             PET0 PIOc_sync Exit - MemInfo: [/proc/self/status]	VmSwap:	       0 kB
20220312 061416.711 INFO             PET0 PIOc_sync Exit - MemInfo: [/proc/self/status]	VmRSSPercent: 0.054614 %
20220312 061416.711 INFO             PET0 PIOc_sync Exit - MemInfo: [malloc] Non-mmapped space allocated:                26558464 Byte
20220312 061416.711 INFO             PET0 PIOc_sync Exit - MemInfo: [malloc] Space allocated in mmapped regions:          1581056 Byte
20220312 061416.711 INFO             PET0 PIOc_sync Exit - MemInfo: [malloc] Maximum total allocated space:                     0 Byte
20220312 061416.711 INFO             PET0 PIOc_sync Exit - MemInfo: [malloc] Space in freed fastbin blocks:                  1744 Byte
20220312 061416.711 INFO             PET0 PIOc_sync Exit - MemInfo: [malloc] Total allocated space:                      21292896 Byte
20220312 061416.711 INFO             PET0 PIOc_sync Exit - MemInfo: [malloc] Total free space:                            5265568 Byte
20220312 061416.711 INFO             PET0 PIOc_sync Exit - MemInfo: [malloc] Top-most, releasable space:                   132848 Byte
20220312 061416.711 INFO             PET0 PIOc_sync Exit - MemInfo: [malloc] Total space in use, mmap + non-mmap:        22873952 Byte
20220312 061416.711 INFO             PET0 PIOc_sync Exit - MemInfo: [malloc] Total space held (mmap + non-mmap):         28139520 Byte
20220312 061416.711 INFO             PET0 PIOc_sync Exit - MemInfo: [malloc] Total space used (mmap + non-mmap):         22883280 Byte
20220312 061416.711 INFO             PET0 PIOc_sync Exit - MemInfo: Wall-clock time since execution start:               0.302897 seconds
20220312 061416.711 INFO             PET0 PIOc_freedecomp Enter - MemInfo: [/proc/meminfo - SSI]	MemTotal:       65507008 kB
20220312 061416.711 INFO             PET0 PIOc_freedecomp Enter - MemInfo: [/proc/meminfo - SSI]	MemFree:        48901788 kB
20220312 061416.711 INFO             PET0 PIOc_freedecomp Enter - MemInfo: [/proc/meminfo - SSI]	MemAvailable:   48658464 kB
20220312 061416.711 INFO             PET0 PIOc_freedecomp Enter - MemInfo: [/proc/meminfo - SSI]	Committed_AS:   13033040 kB
20220312 061416.711 INFO             PET0 PIOc_freedecomp Enter - MemInfo: [/proc/meminfo - SSI]	CommittedPercent: 19.8956 %
20220312 061416.711 INFO             PET0 PIOc_freedecomp Enter - MemInfo: [/proc/self/status]	VmPeak:	  537296 kB
20220312 061416.711 INFO             PET0 PIOc_freedecomp Enter - MemInfo: [/proc/self/status]	VmSize:	  529108 kB
20220312 061416.711 INFO             PET0 PIOc_freedecomp Enter - MemInfo: [/proc/self/status]	VmLck:	       0 kB
20220312 061416.711 INFO             PET0 PIOc_freedecomp Enter - MemInfo: [/proc/self/status]	VmPin:	       0 kB
20220312 061416.711 INFO             PET0 PIOc_freedecomp Enter - MemInfo: [/proc/self/status]	VmHWM:	   64860 kB
20220312 061416.711 INFO             PET0 PIOc_freedecomp Enter - MemInfo: [/proc/self/status]	VmRSS:	   35776 kB
20220312 061416.711 INFO             PET0 PIOc_freedecomp Enter - MemInfo: [/proc/self/status]	VmData:	   37984 kB
20220312 061416.711 INFO             PET0 PIOc_freedecomp Enter - MemInfo: [/proc/self/status]	VmStk:	     148 kB
20220312 061416.711 INFO             PET0 PIOc_freedecomp Enter - MemInfo: [/proc/self/status]	VmExe:	     216 kB
20220312 061416.711 INFO             PET0 PIOc_freedecomp Enter - MemInfo: [/proc/self/status]	VmLib:	   49404 kB
20220312 061416.711 INFO             PET0 PIOc_freedecomp Enter - MemInfo: [/proc/self/status]	VmPTE:	     780 kB
20220312 061416.711 INFO             PET0 PIOc_freedecomp Enter - MemInfo: [/proc/self/status]	VmPMD:	      12 kB
20220312 061416.711 INFO             PET0 PIOc_freedecomp Enter - MemInfo: [/proc/self/status]	VmSwap:	       0 kB
20220312 061416.711 INFO             PET0 PIOc_freedecomp Enter - MemInfo: [/proc/self/status]	VmRSSPercent: 0.054614 %
20220312 061416.711 INFO             PET0 PIOc_freedecomp Enter - MemInfo: [malloc] Non-mmapped space allocated:                26558464 Byte
20220312 061416.711 INFO             PET0 PIOc_freedecomp Enter - MemInfo: [malloc] Space allocated in mmapped regions:          1581056 Byte
20220312 061416.711 INFO             PET0 PIOc_freedecomp Enter - MemInfo: [malloc] Maximum total allocated space:                     0 Byte
20220312 061416.711 INFO             PET0 PIOc_freedecomp Enter - MemInfo: [malloc] Space in freed fastbin blocks:                  1776 Byte
20220312 061416.711 INFO             PET0 PIOc_freedecomp Enter - MemInfo: [malloc] Total allocated space:                       3975792 Byte
20220312 061416.711 INFO             PET0 PIOc_freedecomp Enter - MemInfo: [malloc] Total free space:                           22582672 Byte
20220312 061416.711 INFO             PET0 PIOc_freedecomp Enter - MemInfo: [malloc] Top-most, releasable space:                 16910080 Byte
20220312 061416.711 INFO             PET0 PIOc_freedecomp Enter - MemInfo: [malloc] Total space in use, mmap + non-mmap:         5556848 Byte
20220312 061416.711 INFO             PET0 PIOc_freedecomp Enter - MemInfo: [malloc] Total space held (mmap + non-mmap):         28139520 Byte
20220312 061416.711 INFO             PET0 PIOc_freedecomp Enter - MemInfo: [malloc] Total space used (mmap + non-mmap):          5566176 Byte
20220312 061416.711 INFO             PET0 PIOc_freedecomp Enter - MemInfo: Wall-clock time since execution start:               0.303276 seconds
20220312 061416.711 INFO             PET0 PIOc_freedecomp Exit - MemInfo: [/proc/meminfo - SSI]	MemTotal:       65507008 kB
20220312 061416.711 INFO             PET0 PIOc_freedecomp Exit - MemInfo: [/proc/meminfo - SSI]	MemFree:        48901788 kB
20220312 061416.711 INFO             PET0 PIOc_freedecomp Exit - MemInfo: [/proc/meminfo - SSI]	MemAvailable:   48658464 kB
20220312 061416.711 INFO             PET0 PIOc_freedecomp Exit - MemInfo: [/proc/meminfo - SSI]	Committed_AS:   13033040 kB
20220312 061416.711 INFO             PET0 PIOc_freedecomp Exit - MemInfo: [/proc/meminfo - SSI]	CommittedPercent: 19.8956 %
20220312 061416.711 INFO             PET0 PIOc_freedecomp Exit - MemInfo: [/proc/self/status]	VmPeak:	  537296 kB
20220312 061416.711 INFO             PET0 PIOc_freedecomp Exit - MemInfo: [/proc/self/status]	VmSize:	  529108 kB
20220312 061416.711 INFO             PET0 PIOc_freedecomp Exit - MemInfo: [/proc/self/status]	VmLck:	       0 kB
20220312 061416.711 INFO             PET0 PIOc_freedecomp Exit - MemInfo: [/proc/self/status]	VmPin:	       0 kB
20220312 061416.711 INFO             PET0 PIOc_freedecomp Exit - MemInfo: [/proc/self/status]	VmHWM:	   64860 kB
20220312 061416.711 INFO             PET0 PIOc_freedecomp Exit - MemInfo: [/proc/self/status]	VmRSS:	   35776 kB
20220312 061416.711 INFO             PET0 PIOc_freedecomp Exit - MemInfo: [/proc/self/status]	VmData:	   37984 kB
20220312 061416.711 INFO             PET0 PIOc_freedecomp Exit - MemInfo: [/proc/self/status]	VmStk:	     148 kB
20220312 061416.711 INFO             PET0 PIOc_freedecomp Exit - MemInfo: [/proc/self/status]	VmExe:	     216 kB
20220312 061416.711 INFO             PET0 PIOc_freedecomp Exit - MemInfo: [/proc/self/status]	VmLib:	   49404 kB
20220312 061416.711 INFO             PET0 PIOc_freedecomp Exit - MemInfo: [/proc/self/status]	VmPTE:	     780 kB
20220312 061416.711 INFO             PET0 PIOc_freedecomp Exit - MemInfo: [/proc/self/status]	VmPMD:	      12 kB
20220312 061416.711 INFO             PET0 PIOc_freedecomp Exit - MemInfo: [/proc/self/status]	VmSwap:	       0 kB
20220312 061416.711 INFO             PET0 PIOc_freedecomp Exit - MemInfo: [/proc/self/status]	VmRSSPercent: 0.054614 %
20220312 061416.711 INFO             PET0 PIOc_freedecomp Exit - MemInfo: [malloc] Non-mmapped space allocated:                26558464 Byte
20220312 061416.711 INFO             PET0 PIOc_freedecomp Exit - MemInfo: [malloc] Space allocated in mmapped regions:          1581056 Byte
20220312 061416.711 INFO             PET0 PIOc_freedecomp Exit - MemInfo: [malloc] Maximum total allocated space:                     0 Byte
20220312 061416.711 INFO             PET0 PIOc_freedecomp Exit - MemInfo: [malloc] Space in freed fastbin blocks:                  2688 Byte
20220312 061416.711 INFO             PET0 PIOc_freedecomp Exit - MemInfo: [malloc] Total allocated space:                       3969024 Byte
20220312 061416.712 INFO             PET0 PIOc_freedecomp Exit - MemInfo: [malloc] Total free space:                           22589440 Byte
20220312 061416.712 INFO             PET0 PIOc_freedecomp Exit - MemInfo: [malloc] Top-most, releasable space:                 16910080 Byte
20220312 061416.712 INFO             PET0 PIOc_freedecomp Exit - MemInfo: [malloc] Total space in use, mmap + non-mmap:         5550080 Byte
20220312 061416.712 INFO             PET0 PIOc_freedecomp Exit - MemInfo: [malloc] Total space held (mmap + non-mmap):         28139520 Byte
20220312 061416.712 INFO             PET0 PIOc_freedecomp Exit - MemInfo: [malloc] Total space used (mmap + non-mmap):          5559408 Byte
20220312 061416.712 INFO             PET0 PIOc_freedecomp Exit - MemInfo: Wall-clock time since execution start:               0.303626 seconds
20220312 061416.713 INFO             PET0  PASS  Test RouteHandleDestroy(), ESMF_RouteHandleAdvancedUTest.F90, line 633
20220312 061416.714 INFO             PET0  PASS  Apply the copied Routehandle, ESMF_RouteHandleAdvancedUTest.F90, line 643
20220312 061416.714 INFO             PET0  PASS  Test RouteHandleDestroy() for the copied Routehandle, ESMF_RouteHandleAdvancedUTest.F90, line 651
20220312 061416.714 INFO             PET0  PASS  Test ESMF_DynamicMaskSetR4R4R4(), ESMF_RouteHandleAdvancedUTest.F90, line 716
20220312 061416.714 INFO             PET0  PASS  Test ESMF_DynamicMaskSetR4R4R4V(), ESMF_RouteHandleAdvancedUTest.F90, line 725
20220312 061416.714 INFO             PET0  PASS  Test ESMF_DynamicMaskSetR4R8R4V(), ESMF_RouteHandleAdvancedUTest.F90, line 734
20220312 061416.714 INFO             PET0  Ending Test, file ESMF_RouteHandleAdvancedUTest.F90, line 749
20220312 061416.714 INFO             PET0 Finalizing ESMF
20220312 061416.409 INFO             PET1 !!!!!!!!!!!!!!!!!!!!!!!!!!!!!!!!!!!!!!!!!!!!!!!!!!!!!!
20220312 061416.409 INFO             PET1 !!! THE ESMF_LOG IS SET TO OUTPUT ALL LOG MESSAGES !!!
20220312 061416.409 INFO             PET1 !!!     THIS MAY CAUSE SLOWDOWN IN PERFORMANCE     !!!
20220312 061416.409 INFO             PET1 !!! FOR PRODUCTION RUNS, USE:                      !!!
20220312 061416.409 INFO             PET1 !!!                   ESMF_LOGKIND_Multi_On_Error  !!!
20220312 061416.409 INFO             PET1 !!!!!!!!!!!!!!!!!!!!!!!!!!!!!!!!!!!!!!!!!!!!!!!!!!!!!!
20220312 061416.409 INFO             PET1 Running with ESMF Version   : v8.3.0b09-96-g559b459836
20220312 061416.409 INFO             PET1 ESMF library build date/time: "Mar 12 2022" "05:59:56"
20220312 061416.409 INFO             PET1 ESMF library build location : /glade/scratch/rlong/esmf-testing/gfortran_9.1.0_openmpi_O_jedwards_pio_update2
20220312 061416.409 INFO             PET1 ESMF_COMM                   : openmpi
20220312 061416.410 INFO             PET1 ESMF_MOAB                   : enabled
20220312 061416.410 INFO             PET1 ESMF_LAPACK                 : enabled
20220312 061416.410 INFO             PET1 ESMF_NETCDF                 : enabled
20220312 061416.410 INFO             PET1 ESMF_PNETCDF                : disabled
20220312 061416.410 INFO             PET1 ESMF_PIO                    : enabled
20220312 061416.410 INFO             PET1 ESMF_YAMLCPP                : enabled
20220312 061416.410 INFO             PET1  Beginning Test, file ESMF_RouteHandleAdvancedUTest.F90, line 346
20220312 061416.410 INFO             PET1  NUMBER_OF_PROCESSORS           4
20220312 061416.415 INFO             PET1 ESMF_FieldRedistStoreNF(): Just entered routine.
20220312 061416.538 INFO             PET1 ESMF_FieldRedistStoreNF(): Leaving routine.
20220312 061416.538 INFO             PET1  PASS  Create RouteHandle for the original petList, ESMF_RouteHandleAdvancedUTest.F90, line 511
20220312 061416.538 INFO             PET1  PASS  Test RouteHandleIsCreated(), ESMF_RouteHandleAdvancedUTest.F90, line 519
20220312 061416.538 INFO             PET1  PASS  Test RouteHandleIsCreated() return value, ESMF_RouteHandleAdvancedUTest.F90, line 526
20220312 061416.538 INFO             PET1  PASS  Test RouteHandleGet(), ESMF_RouteHandleAdvancedUTest.F90, line 534
20220312 061416.548 INFO             PET1  PASS  Test RouteHandleWrite(), ESMF_RouteHandleAdvancedUTest.F90, line 542
20220312 061416.548 INFO             PET1  PASS  Test RouteHandleDestroy(), ESMF_RouteHandleAdvancedUTest.F90, line 550
20220312 061416.553 INFO             PET1  PASS  Test RouteHandleCreate(from file), ESMF_RouteHandleAdvancedUTest.F90, line 558
20220312 061416.556 INFO             PET1  PASS  Apply the read in Routehandle, ESMF_RouteHandleAdvancedUTest.F90, line 567
20220312 061416.556 INFO             PET1  PASS  Test RouteHandleDestroy() for the read in Routehandle, ESMF_RouteHandleAdvancedUTest.F90, line 575
20220312 061416.556 INFO             PET1 ESMF_FieldRedistStoreNF(): Just entered routine.
20220312 061416.678 INFO             PET1 ESMF_FieldRedistStoreNF(): Leaving routine.
20220312 061416.678 INFO             PET1  PASS  Create RouteHandle for the original petList, ESMF_RouteHandleAdvancedUTest.F90, line 585
20220312 061416.678 INFO             PET1  PASS  Transfer RouteHandle to a different petList, ESMF_RouteHandleAdvancedUTest.F90, line 602
20220312 061416.695 INFO             PET1 PIOc_sync Enter - MemInfo: [/proc/meminfo - SSI]	MemTotal:       65507008 kB
20220312 061416.695 INFO             PET1 PIOc_sync Enter - MemInfo: [/proc/meminfo - SSI]	MemFree:        48893700 kB
20220312 061416.695 INFO             PET1 PIOc_sync Enter - MemInfo: [/proc/meminfo - SSI]	MemAvailable:   48650444 kB
20220312 061416.695 INFO             PET1 PIOc_sync Enter - MemInfo: [/proc/meminfo - SSI]	Committed_AS:   13033044 kB
20220312 061416.695 INFO             PET1 PIOc_sync Enter - MemInfo: [/proc/meminfo - SSI]	CommittedPercent: 19.8956 %
20220312 061416.698 INFO             PET1 PIOc_sync Enter - MemInfo: [/proc/self/status]	VmPeak:	  516948 kB
20220312 061416.698 INFO             PET1 PIOc_sync Enter - MemInfo: [/proc/self/status]	VmSize:	  512724 kB
20220312 061416.698 INFO             PET1 PIOc_sync Enter - MemInfo: [/proc/self/status]	VmLck:	       0 kB
20220312 061416.698 INFO             PET1 PIOc_sync Enter - MemInfo: [/proc/self/status]	VmPin:	       0 kB
20220312 061416.698 INFO             PET1 PIOc_sync Enter - MemInfo: [/proc/self/status]	VmHWM:	   64856 kB
20220312 061416.698 INFO             PET1 PIOc_sync Enter - MemInfo: [/proc/self/status]	VmRSS:	   26484 kB
20220312 061416.698 INFO             PET1 PIOc_sync Enter - MemInfo: [/proc/self/status]	VmData:	   21600 kB
20220312 061416.698 INFO             PET1 PIOc_sync Enter - MemInfo: [/proc/self/status]	VmStk:	     148 kB
20220312 061416.698 INFO             PET1 PIOc_sync Enter - MemInfo: [/proc/self/status]	VmExe:	     216 kB
20220312 061416.698 INFO             PET1 PIOc_sync Enter - MemInfo: [/proc/self/status]	VmLib:	   49404 kB
20220312 061416.698 INFO             PET1 PIOc_sync Enter - MemInfo: [/proc/self/status]	VmPTE:	     744 kB
20220312 061416.698 INFO             PET1 PIOc_sync Enter - MemInfo: [/proc/self/status]	VmPMD:	      16 kB
20220312 061416.698 INFO             PET1 PIOc_sync Enter - MemInfo: [/proc/self/status]	VmSwap:	       0 kB
20220312 061416.698 INFO             PET1 PIOc_sync Enter - MemInfo: [/proc/self/status]	VmRSSPercent: 0.0404293 %
20220312 061416.698 INFO             PET1 PIOc_sync Enter - MemInfo: [malloc] Non-mmapped space allocated:                 9781248 Byte
20220312 061416.698 INFO             PET1 PIOc_sync Enter - MemInfo: [malloc] Space allocated in mmapped regions:          1581056 Byte
20220312 061416.698 INFO             PET1 PIOc_sync Enter - MemInfo: [malloc] Maximum total allocated space:                     0 Byte
20220312 061416.698 INFO             PET1 PIOc_sync Enter - MemInfo: [malloc] Space in freed fastbin blocks:                   880 Byte
20220312 061416.698 INFO             PET1 PIOc_sync Enter - MemInfo: [malloc] Total allocated space:                       3716784 Byte
20220312 061416.698 INFO             PET1 PIOc_sync Enter - MemInfo: [malloc] Total free space:                            6064464 Byte
20220312 061416.698 INFO             PET1 PIOc_sync Enter - MemInfo: [malloc] Top-most, releasable space:                   132560 Byte
20220312 061416.698 INFO             PET1 PIOc_sync Enter - MemInfo: [malloc] Total space in use, mmap + non-mmap:         5297840 Byte
20220312 061416.698 INFO             PET1 PIOc_sync Enter - MemInfo: [malloc] Total space held (mmap + non-mmap):         11362304 Byte
20220312 061416.698 INFO             PET1 PIOc_sync Enter - MemInfo: [malloc] Total space used (mmap + non-mmap):          5307168 Byte
20220312 061416.698 INFO             PET1 PIOc_sync Enter - MemInfo: Wall-clock time since execution start:               0.289881 seconds
20220312 061416.698 INFO             PET1 PIOc_sync Exit - MemInfo: [/proc/meminfo - SSI]	MemTotal:       65507008 kB
20220312 061416.698 INFO             PET1 PIOc_sync Exit - MemInfo: [/proc/meminfo - SSI]	MemFree:        48893700 kB
20220312 061416.698 INFO             PET1 PIOc_sync Exit - MemInfo: [/proc/meminfo - SSI]	MemAvailable:   48650444 kB
20220312 061416.698 INFO             PET1 PIOc_sync Exit - MemInfo: [/proc/meminfo - SSI]	Committed_AS:   13033044 kB
20220312 061416.699 INFO             PET1 PIOc_sync Exit - MemInfo: [/proc/meminfo - SSI]	CommittedPercent: 19.8956 %
20220312 061416.699 INFO             PET1 PIOc_sync Exit - MemInfo: [/proc/self/status]	VmPeak:	  516948 kB
20220312 061416.699 INFO             PET1 PIOc_sync Exit - MemInfo: [/proc/self/status]	VmSize:	  512724 kB
20220312 061416.699 INFO             PET1 PIOc_sync Exit - MemInfo: [/proc/self/status]	VmLck:	       0 kB
20220312 061416.699 INFO             PET1 PIOc_sync Exit - MemInfo: [/proc/self/status]	VmPin:	       0 kB
20220312 061416.699 INFO             PET1 PIOc_sync Exit - MemInfo: [/proc/self/status]	VmHWM:	   64856 kB
20220312 061416.699 INFO             PET1 PIOc_sync Exit - MemInfo: [/proc/self/status]	VmRSS:	   26548 kB
20220312 061416.699 INFO             PET1 PIOc_sync Exit - MemInfo: [/proc/self/status]	VmData:	   21600 kB
20220312 061416.699 INFO             PET1 PIOc_sync Exit - MemInfo: [/proc/self/status]	VmStk:	     148 kB
20220312 061416.699 INFO             PET1 PIOc_sync Exit - MemInfo: [/proc/self/status]	VmExe:	     216 kB
20220312 061416.699 INFO             PET1 PIOc_sync Exit - MemInfo: [/proc/self/status]	VmLib:	   49404 kB
20220312 061416.699 INFO             PET1 PIOc_sync Exit - MemInfo: [/proc/self/status]	VmPTE:	     744 kB
20220312 061416.699 INFO             PET1 PIOc_sync Exit - MemInfo: [/proc/self/status]	VmPMD:	      16 kB
20220312 061416.699 INFO             PET1 PIOc_sync Exit - MemInfo: [/proc/self/status]	VmSwap:	       0 kB
20220312 061416.699 INFO             PET1 PIOc_sync Exit - MemInfo: [/proc/self/status]	VmRSSPercent: 0.040527 %
20220312 061416.699 INFO             PET1 PIOc_sync Exit - MemInfo: [malloc] Non-mmapped space allocated:                 9781248 Byte
20220312 061416.699 INFO             PET1 PIOc_sync Exit - MemInfo: [malloc] Space allocated in mmapped regions:          1581056 Byte
20220312 061416.699 INFO             PET1 PIOc_sync Exit - MemInfo: [malloc] Maximum total allocated space:                     0 Byte
20220312 061416.699 INFO             PET1 PIOc_sync Exit - MemInfo: [malloc] Space in freed fastbin blocks:                  1392 Byte
20220312 061416.699 INFO             PET1 PIOc_sync Exit - MemInfo: [malloc] Total allocated space:                       3716704 Byte
20220312 061416.699 INFO             PET1 PIOc_sync Exit - MemInfo: [malloc] Total free space:                            6064544 Byte
20220312 061416.699 INFO             PET1 PIOc_sync Exit - MemInfo: [malloc] Top-most, releasable space:                   132560 Byte
20220312 061416.699 INFO             PET1 PIOc_sync Exit - MemInfo: [malloc] Total space in use, mmap + non-mmap:         5297760 Byte
20220312 061416.699 INFO             PET1 PIOc_sync Exit - MemInfo: [malloc] Total space held (mmap + non-mmap):         11362304 Byte
20220312 061416.699 INFO             PET1 PIOc_sync Exit - MemInfo: [malloc] Total space used (mmap + non-mmap):          5307088 Byte
20220312 061416.699 INFO             PET1 PIOc_sync Exit - MemInfo: Wall-clock time since execution start:               0.290669 seconds
20220312 061416.700 INFO             PET1 PIOc_freedecomp Enter - MemInfo: [/proc/meminfo - SSI]	MemTotal:       65507008 kB
20220312 061416.700 INFO             PET1 PIOc_freedecomp Enter - MemInfo: [/proc/meminfo - SSI]	MemFree:        48908820 kB
20220312 061416.700 INFO             PET1 PIOc_freedecomp Enter - MemInfo: [/proc/meminfo - SSI]	MemAvailable:   48665564 kB
20220312 061416.700 INFO             PET1 PIOc_freedecomp Enter - MemInfo: [/proc/meminfo - SSI]	Committed_AS:   13016656 kB
20220312 061416.700 INFO             PET1 PIOc_freedecomp Enter - MemInfo: [/proc/meminfo - SSI]	CommittedPercent: 19.8706 %
20220312 061416.700 INFO             PET1 PIOc_freedecomp Enter - MemInfo: [/proc/self/status]	VmPeak:	  516948 kB
20220312 061416.700 INFO             PET1 PIOc_freedecomp Enter - MemInfo: [/proc/self/status]	VmSize:	  512724 kB
20220312 061416.700 INFO             PET1 PIOc_freedecomp Enter - MemInfo: [/proc/self/status]	VmLck:	       0 kB
20220312 061416.700 INFO             PET1 PIOc_freedecomp Enter - MemInfo: [/proc/self/status]	VmPin:	       0 kB
20220312 061416.700 INFO             PET1 PIOc_freedecomp Enter - MemInfo: [/proc/self/status]	VmHWM:	   64856 kB
20220312 061416.700 INFO             PET1 PIOc_freedecomp Enter - MemInfo: [/proc/self/status]	VmRSS:	   26548 kB
20220312 061416.700 INFO             PET1 PIOc_freedecomp Enter - MemInfo: [/proc/self/status]	VmData:	   21600 kB
20220312 061416.700 INFO             PET1 PIOc_freedecomp Enter - MemInfo: [/proc/self/status]	VmStk:	     148 kB
20220312 061416.700 INFO             PET1 PIOc_freedecomp Enter - MemInfo: [/proc/self/status]	VmExe:	     216 kB
20220312 061416.700 INFO             PET1 PIOc_freedecomp Enter - MemInfo: [/proc/self/status]	VmLib:	   49404 kB
20220312 061416.700 INFO             PET1 PIOc_freedecomp Enter - MemInfo: [/proc/self/status]	VmPTE:	     744 kB
20220312 061416.700 INFO             PET1 PIOc_freedecomp Enter - MemInfo: [/proc/self/status]	VmPMD:	      16 kB
20220312 061416.700 INFO             PET1 PIOc_freedecomp Enter - MemInfo: [/proc/self/status]	VmSwap:	       0 kB
20220312 061416.700 INFO             PET1 PIOc_freedecomp Enter - MemInfo: [/proc/self/status]	VmRSSPercent: 0.040527 %
20220312 061416.700 INFO             PET1 PIOc_freedecomp Enter - MemInfo: [malloc] Non-mmapped space allocated:                 9781248 Byte
20220312 061416.700 INFO             PET1 PIOc_freedecomp Enter - MemInfo: [malloc] Space allocated in mmapped regions:          1581056 Byte
20220312 061416.700 INFO             PET1 PIOc_freedecomp Enter - MemInfo: [malloc] Maximum total allocated space:                     0 Byte
20220312 061416.700 INFO             PET1 PIOc_freedecomp Enter - MemInfo: [malloc] Space in freed fastbin blocks:                  1536 Byte
20220312 061416.700 INFO             PET1 PIOc_freedecomp Enter - MemInfo: [malloc] Total allocated space:                       3715072 Byte
20220312 061416.700 INFO             PET1 PIOc_freedecomp Enter - MemInfo: [malloc] Total free space:                            6066176 Byte
20220312 061416.700 INFO             PET1 PIOc_freedecomp Enter - MemInfo: [malloc] Top-most, releasable space:                   132560 Byte
20220312 061416.700 INFO             PET1 PIOc_freedecomp Enter - MemInfo: [malloc] Total space in use, mmap + non-mmap:         5296128 Byte
20220312 061416.700 INFO             PET1 PIOc_freedecomp Enter - MemInfo: [malloc] Total space held (mmap + non-mmap):         11362304 Byte
20220312 061416.700 INFO             PET1 PIOc_freedecomp Enter - MemInfo: [malloc] Total space used (mmap + non-mmap):          5305456 Byte
20220312 061416.700 INFO             PET1 PIOc_freedecomp Enter - MemInfo: Wall-clock time since execution start:               0.291871 seconds
20220312 061416.700 INFO             PET1 PIOc_freedecomp Exit - MemInfo: [/proc/meminfo - SSI]	MemTotal:       65507008 kB
20220312 061416.700 INFO             PET1 PIOc_freedecomp Exit - MemInfo: [/proc/meminfo - SSI]	MemFree:        48908820 kB
20220312 061416.700 INFO             PET1 PIOc_freedecomp Exit - MemInfo: [/proc/meminfo - SSI]	MemAvailable:   48665564 kB
20220312 061416.700 INFO             PET1 PIOc_freedecomp Exit - MemInfo: [/proc/meminfo - SSI]	Committed_AS:   13016656 kB
20220312 061416.700 INFO             PET1 PIOc_freedecomp Exit - MemInfo: [/proc/meminfo - SSI]	CommittedPercent: 19.8706 %
20220312 061416.700 INFO             PET1 PIOc_freedecomp Exit - MemInfo: [/proc/self/status]	VmPeak:	  516948 kB
20220312 061416.700 INFO             PET1 PIOc_freedecomp Exit - MemInfo: [/proc/self/status]	VmSize:	  512724 kB
20220312 061416.700 INFO             PET1 PIOc_freedecomp Exit - MemInfo: [/proc/self/status]	VmLck:	       0 kB
20220312 061416.700 INFO             PET1 PIOc_freedecomp Exit - MemInfo: [/proc/self/status]	VmPin:	       0 kB
20220312 061416.700 INFO             PET1 PIOc_freedecomp Exit - MemInfo: [/proc/self/status]	VmHWM:	   64856 kB
20220312 061416.700 INFO             PET1 PIOc_freedecomp Exit - MemInfo: [/proc/self/status]	VmRSS:	   26552 kB
20220312 061416.700 INFO             PET1 PIOc_freedecomp Exit - MemInfo: [/proc/self/status]	VmData:	   21600 kB
20220312 061416.700 INFO             PET1 PIOc_freedecomp Exit - MemInfo: [/proc/self/status]	VmStk:	     148 kB
20220312 061416.700 INFO             PET1 PIOc_freedecomp Exit - MemInfo: [/proc/self/status]	VmExe:	     216 kB
20220312 061416.700 INFO             PET1 PIOc_freedecomp Exit - MemInfo: [/proc/self/status]	VmLib:	   49404 kB
20220312 061416.700 INFO             PET1 PIOc_freedecomp Exit - MemInfo: [/proc/self/status]	VmPTE:	     744 kB
20220312 061416.700 INFO             PET1 PIOc_freedecomp Exit - MemInfo: [/proc/self/status]	VmPMD:	      16 kB
20220312 061416.700 INFO             PET1 PIOc_freedecomp Exit - MemInfo: [/proc/self/status]	VmSwap:	       0 kB
20220312 061416.700 INFO             PET1 PIOc_freedecomp Exit - MemInfo: [/proc/self/status]	VmRSSPercent: 0.0405331 %
20220312 061416.700 INFO             PET1 PIOc_freedecomp Exit - MemInfo: [malloc] Non-mmapped space allocated:                 9781248 Byte
20220312 061416.700 INFO             PET1 PIOc_freedecomp Exit - MemInfo: [malloc] Space allocated in mmapped regions:          1581056 Byte
20220312 061416.700 INFO             PET1 PIOc_freedecomp Exit - MemInfo: [malloc] Maximum total allocated space:                     0 Byte
20220312 061416.700 INFO             PET1 PIOc_freedecomp Exit - MemInfo: [malloc] Space in freed fastbin blocks:                  2032 Byte
20220312 061416.700 INFO             PET1 PIOc_freedecomp Exit - MemInfo: [malloc] Total allocated space:                       3713104 Byte
20220312 061416.700 INFO             PET1 PIOc_freedecomp Exit - MemInfo: [malloc] Total free space:                            6068144 Byte
20220312 061416.700 INFO             PET1 PIOc_freedecomp Exit - MemInfo: [malloc] Top-most, releasable space:                   132560 Byte
20220312 061416.700 INFO             PET1 PIOc_freedecomp Exit - MemInfo: [malloc] Total space in use, mmap + non-mmap:         5294160 Byte
20220312 061416.700 INFO             PET1 PIOc_freedecomp Exit - MemInfo: [malloc] Total space held (mmap + non-mmap):         11362304 Byte
20220312 061416.700 INFO             PET1 PIOc_freedecomp Exit - MemInfo: [malloc] Total space used (mmap + non-mmap):          5303488 Byte
20220312 061416.700 INFO             PET1 PIOc_freedecomp Exit - MemInfo: Wall-clock time since execution start:               0.292298 seconds
20220312 061416.705 INFO             PET1 PIOc_sync Enter - MemInfo: [/proc/meminfo - SSI]	MemTotal:       65507008 kB
20220312 061416.705 INFO             PET1 PIOc_sync Enter - MemInfo: [/proc/meminfo - SSI]	MemFree:        48901764 kB
20220312 061416.705 INFO             PET1 PIOc_sync Enter - MemInfo: [/proc/meminfo - SSI]	MemAvailable:   48658508 kB
20220312 061416.705 INFO             PET1 PIOc_sync Enter - MemInfo: [/proc/meminfo - SSI]	Committed_AS:   13033040 kB
20220312 061416.705 INFO             PET1 PIOc_sync Enter - MemInfo: [/proc/meminfo - SSI]	CommittedPercent: 19.8956 %
20220312 061416.705 INFO             PET1 PIOc_sync Enter - MemInfo: [/proc/self/status]	VmPeak:	  516948 kB
20220312 061416.705 INFO             PET1 PIOc_sync Enter - MemInfo: [/proc/self/status]	VmSize:	  512724 kB
20220312 061416.705 INFO             PET1 PIOc_sync Enter - MemInfo: [/proc/self/status]	VmLck:	       0 kB
20220312 061416.705 INFO             PET1 PIOc_sync Enter - MemInfo: [/proc/self/status]	VmPin:	       0 kB
20220312 061416.705 INFO             PET1 PIOc_sync Enter - MemInfo: [/proc/self/status]	VmHWM:	   64856 kB
20220312 061416.705 INFO             PET1 PIOc_sync Enter - MemInfo: [/proc/self/status]	VmRSS:	   26556 kB
20220312 061416.705 INFO             PET1 PIOc_sync Enter - MemInfo: [/proc/self/status]	VmData:	   21600 kB
20220312 061416.705 INFO             PET1 PIOc_sync Enter - MemInfo: [/proc/self/status]	VmStk:	     148 kB
20220312 061416.705 INFO             PET1 PIOc_sync Enter - MemInfo: [/proc/self/status]	VmExe:	     216 kB
20220312 061416.705 INFO             PET1 PIOc_sync Enter - MemInfo: [/proc/self/status]	VmLib:	   49404 kB
20220312 061416.705 INFO             PET1 PIOc_sync Enter - MemInfo: [/proc/self/status]	VmPTE:	     744 kB
20220312 061416.705 INFO             PET1 PIOc_sync Enter - MemInfo: [/proc/self/status]	VmPMD:	      16 kB
20220312 061416.705 INFO             PET1 PIOc_sync Enter - MemInfo: [/proc/self/status]	VmSwap:	       0 kB
20220312 061416.705 INFO             PET1 PIOc_sync Enter - MemInfo: [/proc/self/status]	VmRSSPercent: 0.0405392 %
20220312 061416.705 INFO             PET1 PIOc_sync Enter - MemInfo: [malloc] Non-mmapped space allocated:                 9781248 Byte
20220312 061416.705 INFO             PET1 PIOc_sync Enter - MemInfo: [malloc] Space allocated in mmapped regions:          1581056 Byte
20220312 061416.705 INFO             PET1 PIOc_sync Enter - MemInfo: [malloc] Maximum total allocated space:                     0 Byte
20220312 061416.705 INFO             PET1 PIOc_sync Enter - MemInfo: [malloc] Space in freed fastbin blocks:                   976 Byte
20220312 061416.705 INFO             PET1 PIOc_sync Enter - MemInfo: [malloc] Total allocated space:                       3774480 Byte
20220312 061416.705 INFO             PET1 PIOc_sync Enter - MemInfo: [malloc] Total free space:                            6006768 Byte
20220312 061416.705 INFO             PET1 PIOc_sync Enter - MemInfo: [malloc] Top-most, releasable space:                   132560 Byte
20220312 061416.705 INFO             PET1 PIOc_sync Enter - MemInfo: [malloc] Total space in use, mmap + non-mmap:         5355536 Byte
20220312 061416.705 INFO             PET1 PIOc_sync Enter - MemInfo: [malloc] Total space held (mmap + non-mmap):         11362304 Byte
20220312 061416.705 INFO             PET1 PIOc_sync Enter - MemInfo: [malloc] Total space used (mmap + non-mmap):          5364864 Byte
20220312 061416.705 INFO             PET1 PIOc_sync Enter - MemInfo: Wall-clock time since execution start:               0.297136 seconds
20220312 061416.705 INFO             PET1 PIOc_sync Exit - MemInfo: [/proc/meminfo - SSI]	MemTotal:       65507008 kB
20220312 061416.705 INFO             PET1 PIOc_sync Exit - MemInfo: [/proc/meminfo - SSI]	MemFree:        48901764 kB
20220312 061416.705 INFO             PET1 PIOc_sync Exit - MemInfo: [/proc/meminfo - SSI]	MemAvailable:   48658508 kB
20220312 061416.705 INFO             PET1 PIOc_sync Exit - MemInfo: [/proc/meminfo - SSI]	Committed_AS:   13033040 kB
20220312 061416.705 INFO             PET1 PIOc_sync Exit - MemInfo: [/proc/meminfo - SSI]	CommittedPercent: 19.8956 %
20220312 061416.706 INFO             PET1 PIOc_sync Exit - MemInfo: [/proc/self/status]	VmPeak:	  516948 kB
20220312 061416.706 INFO             PET1 PIOc_sync Exit - MemInfo: [/proc/self/status]	VmSize:	  512724 kB
20220312 061416.706 INFO             PET1 PIOc_sync Exit - MemInfo: [/proc/self/status]	VmLck:	       0 kB
20220312 061416.706 INFO             PET1 PIOc_sync Exit - MemInfo: [/proc/self/status]	VmPin:	       0 kB
20220312 061416.706 INFO             PET1 PIOc_sync Exit - MemInfo: [/proc/self/status]	VmHWM:	   64856 kB
20220312 061416.706 INFO             PET1 PIOc_sync Exit - MemInfo: [/proc/self/status]	VmRSS:	   26556 kB
20220312 061416.706 INFO             PET1 PIOc_sync Exit - MemInfo: [/proc/self/status]	VmData:	   21600 kB
20220312 061416.706 INFO             PET1 PIOc_sync Exit - MemInfo: [/proc/self/status]	VmStk:	     148 kB
20220312 061416.706 INFO             PET1 PIOc_sync Exit - MemInfo: [/proc/self/status]	VmExe:	     216 kB
20220312 061416.706 INFO             PET1 PIOc_sync Exit - MemInfo: [/proc/self/status]	VmLib:	   49404 kB
20220312 061416.706 INFO             PET1 PIOc_sync Exit - MemInfo: [/proc/self/status]	VmPTE:	     744 kB
20220312 061416.706 INFO             PET1 PIOc_sync Exit - MemInfo: [/proc/self/status]	VmPMD:	      16 kB
20220312 061416.706 INFO             PET1 PIOc_sync Exit - MemInfo: [/proc/self/status]	VmSwap:	       0 kB
20220312 061416.706 INFO             PET1 PIOc_sync Exit - MemInfo: [/proc/self/status]	VmRSSPercent: 0.0405392 %
20220312 061416.706 INFO             PET1 PIOc_sync Exit - MemInfo: [malloc] Non-mmapped space allocated:                 9781248 Byte
20220312 061416.706 INFO             PET1 PIOc_sync Exit - MemInfo: [malloc] Space allocated in mmapped regions:          1581056 Byte
20220312 061416.706 INFO             PET1 PIOc_sync Exit - MemInfo: [malloc] Maximum total allocated space:                     0 Byte
20220312 061416.706 INFO             PET1 PIOc_sync Exit - MemInfo: [malloc] Space in freed fastbin blocks:                  1392 Byte
20220312 061416.706 INFO             PET1 PIOc_sync Exit - MemInfo: [malloc] Total allocated space:                       3774400 Byte
20220312 061416.706 INFO             PET1 PIOc_sync Exit - MemInfo: [malloc] Total free space:                            6006848 Byte
20220312 061416.706 INFO             PET1 PIOc_sync Exit - MemInfo: [malloc] Top-most, releasable space:                   132560 Byte
20220312 061416.706 INFO             PET1 PIOc_sync Exit - MemInfo: [malloc] Total space in use, mmap + non-mmap:         5355456 Byte
20220312 061416.706 INFO             PET1 PIOc_sync Exit - MemInfo: [malloc] Total space held (mmap + non-mmap):         11362304 Byte
20220312 061416.706 INFO             PET1 PIOc_sync Exit - MemInfo: [malloc] Total space used (mmap + non-mmap):          5364784 Byte
20220312 061416.706 INFO             PET1 PIOc_sync Exit - MemInfo: Wall-clock time since execution start:               0.297616 seconds
20220312 061416.706 INFO             PET1 PIOc_freedecomp Enter - MemInfo: [/proc/meminfo - SSI]	MemTotal:       65507008 kB
20220312 061416.706 INFO             PET1 PIOc_freedecomp Enter - MemInfo: [/proc/meminfo - SSI]	MemFree:        48901764 kB
20220312 061416.706 INFO             PET1 PIOc_freedecomp Enter - MemInfo: [/proc/meminfo - SSI]	MemAvailable:   48658508 kB
20220312 061416.706 INFO             PET1 PIOc_freedecomp Enter - MemInfo: [/proc/meminfo - SSI]	Committed_AS:   13033040 kB
20220312 061416.706 INFO             PET1 PIOc_freedecomp Enter - MemInfo: [/proc/meminfo - SSI]	CommittedPercent: 19.8956 %
20220312 061416.706 INFO             PET1 PIOc_freedecomp Enter - MemInfo: [/proc/self/status]	VmPeak:	  516948 kB
20220312 061416.706 INFO             PET1 PIOc_freedecomp Enter - MemInfo: [/proc/self/status]	VmSize:	  512724 kB
20220312 061416.706 INFO             PET1 PIOc_freedecomp Enter - MemInfo: [/proc/self/status]	VmLck:	       0 kB
20220312 061416.706 INFO             PET1 PIOc_freedecomp Enter - MemInfo: [/proc/self/status]	VmPin:	       0 kB
20220312 061416.706 INFO             PET1 PIOc_freedecomp Enter - MemInfo: [/proc/self/status]	VmHWM:	   64856 kB
20220312 061416.706 INFO             PET1 PIOc_freedecomp Enter - MemInfo: [/proc/self/status]	VmRSS:	   26556 kB
20220312 061416.706 INFO             PET1 PIOc_freedecomp Enter - MemInfo: [/proc/self/status]	VmData:	   21600 kB
20220312 061416.706 INFO             PET1 PIOc_freedecomp Enter - MemInfo: [/proc/self/status]	VmStk:	     148 kB
20220312 061416.706 INFO             PET1 PIOc_freedecomp Enter - MemInfo: [/proc/self/status]	VmExe:	     216 kB
20220312 061416.706 INFO             PET1 PIOc_freedecomp Enter - MemInfo: [/proc/self/status]	VmLib:	   49404 kB
20220312 061416.706 INFO             PET1 PIOc_freedecomp Enter - MemInfo: [/proc/self/status]	VmPTE:	     744 kB
20220312 061416.706 INFO             PET1 PIOc_freedecomp Enter - MemInfo: [/proc/self/status]	VmPMD:	      16 kB
20220312 061416.706 INFO             PET1 PIOc_freedecomp Enter - MemInfo: [/proc/self/status]	VmSwap:	       0 kB
20220312 061416.706 INFO             PET1 PIOc_freedecomp Enter - MemInfo: [/proc/self/status]	VmRSSPercent: 0.0405392 %
20220312 061416.706 INFO             PET1 PIOc_freedecomp Enter - MemInfo: [malloc] Non-mmapped space allocated:                 9781248 Byte
20220312 061416.706 INFO             PET1 PIOc_freedecomp Enter - MemInfo: [malloc] Space allocated in mmapped regions:          1581056 Byte
20220312 061416.706 INFO             PET1 PIOc_freedecomp Enter - MemInfo: [malloc] Maximum total allocated space:                     0 Byte
20220312 061416.706 INFO             PET1 PIOc_freedecomp Enter - MemInfo: [malloc] Space in freed fastbin blocks:                  1280 Byte
20220312 061416.706 INFO             PET1 PIOc_freedecomp Enter - MemInfo: [malloc] Total allocated space:                       3772624 Byte
20220312 061416.706 INFO             PET1 PIOc_freedecomp Enter - MemInfo: [malloc] Total free space:                            6008624 Byte
20220312 061416.706 INFO             PET1 PIOc_freedecomp Enter - MemInfo: [malloc] Top-most, releasable space:                   132560 Byte
20220312 061416.706 INFO             PET1 PIOc_freedecomp Enter - MemInfo: [malloc] Total space in use, mmap + non-mmap:         5353680 Byte
20220312 061416.706 INFO             PET1 PIOc_freedecomp Enter - MemInfo: [malloc] Total space held (mmap + non-mmap):         11362304 Byte
20220312 061416.706 INFO             PET1 PIOc_freedecomp Enter - MemInfo: [malloc] Total space used (mmap + non-mmap):          5363008 Byte
20220312 061416.706 INFO             PET1 PIOc_freedecomp Enter - MemInfo: Wall-clock time since execution start:               0.298055 seconds
20220312 061416.706 INFO             PET1 PIOc_freedecomp Exit - MemInfo: [/proc/meminfo - SSI]	MemTotal:       65507008 kB
20220312 061416.706 INFO             PET1 PIOc_freedecomp Exit - MemInfo: [/proc/meminfo - SSI]	MemFree:        48901764 kB
20220312 061416.706 INFO             PET1 PIOc_freedecomp Exit - MemInfo: [/proc/meminfo - SSI]	MemAvailable:   48658508 kB
20220312 061416.706 INFO             PET1 PIOc_freedecomp Exit - MemInfo: [/proc/meminfo - SSI]	Committed_AS:   13033040 kB
20220312 061416.706 INFO             PET1 PIOc_freedecomp Exit - MemInfo: [/proc/meminfo - SSI]	CommittedPercent: 19.8956 %
20220312 061416.706 INFO             PET1 PIOc_freedecomp Exit - MemInfo: [/proc/self/status]	VmPeak:	  516948 kB
20220312 061416.706 INFO             PET1 PIOc_freedecomp Exit - MemInfo: [/proc/self/status]	VmSize:	  512724 kB
20220312 061416.706 INFO             PET1 PIOc_freedecomp Exit - MemInfo: [/proc/self/status]	VmLck:	       0 kB
20220312 061416.706 INFO             PET1 PIOc_freedecomp Exit - MemInfo: [/proc/self/status]	VmPin:	       0 kB
20220312 061416.706 INFO             PET1 PIOc_freedecomp Exit - MemInfo: [/proc/self/status]	VmHWM:	   64856 kB
20220312 061416.706 INFO             PET1 PIOc_freedecomp Exit - MemInfo: [/proc/self/status]	VmRSS:	   26556 kB
20220312 061416.706 INFO             PET1 PIOc_freedecomp Exit - MemInfo: [/proc/self/status]	VmData:	   21600 kB
20220312 061416.706 INFO             PET1 PIOc_freedecomp Exit - MemInfo: [/proc/self/status]	VmStk:	     148 kB
20220312 061416.706 INFO             PET1 PIOc_freedecomp Exit - MemInfo: [/proc/self/status]	VmExe:	     216 kB
20220312 061416.706 INFO             PET1 PIOc_freedecomp Exit - MemInfo: [/proc/self/status]	VmLib:	   49404 kB
20220312 061416.706 INFO             PET1 PIOc_freedecomp Exit - MemInfo: [/proc/self/status]	VmPTE:	     744 kB
20220312 061416.706 INFO             PET1 PIOc_freedecomp Exit - MemInfo: [/proc/self/status]	VmPMD:	      16 kB
20220312 061416.707 INFO             PET1 PIOc_freedecomp Exit - MemInfo: [/proc/self/status]	VmSwap:	       0 kB
20220312 061416.707 INFO             PET1 PIOc_freedecomp Exit - MemInfo: [/proc/self/status]	VmRSSPercent: 0.0405392 %
20220312 061416.707 INFO             PET1 PIOc_freedecomp Exit - MemInfo: [malloc] Non-mmapped space allocated:                 9781248 Byte
20220312 061416.707 INFO             PET1 PIOc_freedecomp Exit - MemInfo: [malloc] Space allocated in mmapped regions:          1581056 Byte
20220312 061416.707 INFO             PET1 PIOc_freedecomp Exit - MemInfo: [malloc] Maximum total allocated space:                     0 Byte
20220312 061416.707 INFO             PET1 PIOc_freedecomp Exit - MemInfo: [malloc] Space in freed fastbin blocks:                  2288 Byte
20220312 061416.707 INFO             PET1 PIOc_freedecomp Exit - MemInfo: [malloc] Total allocated space:                       3770656 Byte
20220312 061416.707 INFO             PET1 PIOc_freedecomp Exit - MemInfo: [malloc] Total free space:                            6010592 Byte
20220312 061416.707 INFO             PET1 PIOc_freedecomp Exit - MemInfo: [malloc] Top-most, releasable space:                   132560 Byte
20220312 061416.707 INFO             PET1 PIOc_freedecomp Exit - MemInfo: [malloc] Total space in use, mmap + non-mmap:         5351712 Byte
20220312 061416.707 INFO             PET1 PIOc_freedecomp Exit - MemInfo: [malloc] Total space held (mmap + non-mmap):         11362304 Byte
20220312 061416.707 INFO             PET1 PIOc_freedecomp Exit - MemInfo: [malloc] Total space used (mmap + non-mmap):          5361040 Byte
20220312 061416.707 INFO             PET1 PIOc_freedecomp Exit - MemInfo: Wall-clock time since execution start:               0.298474 seconds
20220312 061416.707 INFO             PET1 PIOc_sync Enter - MemInfo: [/proc/meminfo - SSI]	MemTotal:       65507008 kB
20220312 061416.707 INFO             PET1 PIOc_sync Enter - MemInfo: [/proc/meminfo - SSI]	MemFree:        48901764 kB
20220312 061416.707 INFO             PET1 PIOc_sync Enter - MemInfo: [/proc/meminfo - SSI]	MemAvailable:   48658508 kB
20220312 061416.708 INFO             PET1 PIOc_sync Enter - MemInfo: [/proc/meminfo - SSI]	Committed_AS:   13033040 kB
20220312 061416.708 INFO             PET1 PIOc_sync Enter - MemInfo: [/proc/meminfo - SSI]	CommittedPercent: 19.8956 %
20220312 061416.708 INFO             PET1 PIOc_sync Enter - MemInfo: [/proc/self/status]	VmPeak:	  516948 kB
20220312 061416.708 INFO             PET1 PIOc_sync Enter - MemInfo: [/proc/self/status]	VmSize:	  512724 kB
20220312 061416.708 INFO             PET1 PIOc_sync Enter - MemInfo: [/proc/self/status]	VmLck:	       0 kB
20220312 061416.708 INFO             PET1 PIOc_sync Enter - MemInfo: [/proc/self/status]	VmPin:	       0 kB
20220312 061416.708 INFO             PET1 PIOc_sync Enter - MemInfo: [/proc/self/status]	VmHWM:	   64856 kB
20220312 061416.708 INFO             PET1 PIOc_sync Enter - MemInfo: [/proc/self/status]	VmRSS:	   26556 kB
20220312 061416.708 INFO             PET1 PIOc_sync Enter - MemInfo: [/proc/self/status]	VmData:	   21600 kB
20220312 061416.708 INFO             PET1 PIOc_sync Enter - MemInfo: [/proc/self/status]	VmStk:	     148 kB
20220312 061416.708 INFO             PET1 PIOc_sync Enter - MemInfo: [/proc/self/status]	VmExe:	     216 kB
20220312 061416.708 INFO             PET1 PIOc_sync Enter - MemInfo: [/proc/self/status]	VmLib:	   49404 kB
20220312 061416.708 INFO             PET1 PIOc_sync Enter - MemInfo: [/proc/self/status]	VmPTE:	     744 kB
20220312 061416.708 INFO             PET1 PIOc_sync Enter - MemInfo: [/proc/self/status]	VmPMD:	      16 kB
20220312 061416.708 INFO             PET1 PIOc_sync Enter - MemInfo: [/proc/self/status]	VmSwap:	       0 kB
20220312 061416.708 INFO             PET1 PIOc_sync Enter - MemInfo: [/proc/self/status]	VmRSSPercent: 0.0405392 %
20220312 061416.708 INFO             PET1 PIOc_sync Enter - MemInfo: [malloc] Non-mmapped space allocated:                 9781248 Byte
20220312 061416.708 INFO             PET1 PIOc_sync Enter - MemInfo: [malloc] Space allocated in mmapped regions:          1581056 Byte
20220312 061416.708 INFO             PET1 PIOc_sync Enter - MemInfo: [malloc] Maximum total allocated space:                     0 Byte
20220312 061416.708 INFO             PET1 PIOc_sync Enter - MemInfo: [malloc] Space in freed fastbin blocks:                   976 Byte
20220312 061416.708 INFO             PET1 PIOc_sync Enter - MemInfo: [malloc] Total allocated space:                       3774592 Byte
20220312 061416.708 INFO             PET1 PIOc_sync Enter - MemInfo: [malloc] Total free space:                            6006656 Byte
20220312 061416.708 INFO             PET1 PIOc_sync Enter - MemInfo: [malloc] Top-most, releasable space:                   132560 Byte
20220312 061416.708 INFO             PET1 PIOc_sync Enter - MemInfo: [malloc] Total space in use, mmap + non-mmap:         5355648 Byte
20220312 061416.708 INFO             PET1 PIOc_sync Enter - MemInfo: [malloc] Total space held (mmap + non-mmap):         11362304 Byte
20220312 061416.708 INFO             PET1 PIOc_sync Enter - MemInfo: [malloc] Total space used (mmap + non-mmap):          5364976 Byte
