build time -- 2022-03-12 06:01:56.843305
20220312 061430.725 INFO             PET0 !!!!!!!!!!!!!!!!!!!!!!!!!!!!!!!!!!!!!!!!!!!!!!!!!!!!!!
20220312 061430.725 INFO             PET0 !!! THE ESMF_LOG IS SET TO OUTPUT ALL LOG MESSAGES !!!
20220312 061430.725 INFO             PET0 !!!     THIS MAY CAUSE SLOWDOWN IN PERFORMANCE     !!!
20220312 061430.725 INFO             PET0 !!! FOR PRODUCTION RUNS, USE:                      !!!
20220312 061430.725 INFO             PET0 !!!                   ESMF_LOGKIND_Multi_On_Error  !!!
20220312 061430.725 INFO             PET0 !!!!!!!!!!!!!!!!!!!!!!!!!!!!!!!!!!!!!!!!!!!!!!!!!!!!!!
20220312 061430.725 INFO             PET0 Running with ESMF Version   : v8.3.0b09-96-g559b459836
20220312 061430.725 INFO             PET0 ESMF library build date/time: "Mar 12 2022" "05:59:56"
20220312 061430.725 INFO             PET0 ESMF library build location : /glade/scratch/rlong/esmf-testing/gfortran_9.1.0_openmpi_O_jedwards_pio_update2
20220312 061430.725 INFO             PET0 ESMF_COMM                   : openmpi
20220312 061430.726 INFO             PET0 ESMF_MOAB                   : enabled
20220312 061430.726 INFO             PET0 ESMF_LAPACK                 : enabled
20220312 061430.726 INFO             PET0 ESMF_NETCDF                 : enabled
20220312 061430.726 INFO             PET0 ESMF_PNETCDF                : disabled
20220312 061430.726 INFO             PET0 ESMF_PIO                    : enabled
20220312 061430.726 INFO             PET0 ESMF_YAMLCPP                : enabled
20220312 061430.726 INFO             PET0  Beginning Test, file ESMF_ArrayIOUTest.F90, line 103
20220312 061430.726 INFO             PET0  NUMBER_OF_PROCESSORS           6
20220312 061430.726 INFO             PET0  PASS  dstDistgrid Create Test, ESMF_ArrayIOUTest.F90, line 137
20220312 061430.726 INFO             PET0  PASS  Array Spec Set Test, ESMF_ArrayIOUTest.F90, line 145
20220312 061430.726 INFO             PET0  PASS  Array with Halo Create Test, ESMF_ArrayIOUTest.F90, line 160
20220312 061430.726 INFO             PET0  PASS  Array without Halo Create Test, ESMF_ArrayIOUTest.F90, line 170
20220312 061430.727 INFO             PET0  PASS  Accessing Fortran pointers for Arrays Test, ESMF_ArrayIOUTest.F90, line 225
20220312 061430.737 INFO             PET0 PIOc_sync Enter - MemInfo: [/proc/meminfo - SSI]	MemTotal:       65507008 kB
20220312 061430.737 INFO             PET0 PIOc_sync Enter - MemInfo: [/proc/meminfo - SSI]	MemFree:        48899948 kB
20220312 061430.737 INFO             PET0 PIOc_sync Enter - MemInfo: [/proc/meminfo - SSI]	MemAvailable:   48658176 kB
20220312 061430.737 INFO             PET0 PIOc_sync Enter - MemInfo: [/proc/meminfo - SSI]	Committed_AS:   13027756 kB
20220312 061430.737 INFO             PET0 PIOc_sync Enter - MemInfo: [/proc/meminfo - SSI]	CommittedPercent: 19.8876 %
20220312 061430.737 INFO             PET0 PIOc_sync Enter - MemInfo: [/proc/self/status]	VmPeak:	  531452 kB
20220312 061430.737 INFO             PET0 PIOc_sync Enter - MemInfo: [/proc/self/status]	VmSize:	  531452 kB
20220312 061430.737 INFO             PET0 PIOc_sync Enter - MemInfo: [/proc/self/status]	VmLck:	       0 kB
20220312 061430.737 INFO             PET0 PIOc_sync Enter - MemInfo: [/proc/self/status]	VmPin:	       0 kB
20220312 061430.737 INFO             PET0 PIOc_sync Enter - MemInfo: [/proc/self/status]	VmHWM:	   64868 kB
20220312 061430.737 INFO             PET0 PIOc_sync Enter - MemInfo: [/proc/self/status]	VmRSS:	   35840 kB
20220312 061430.737 INFO             PET0 PIOc_sync Enter - MemInfo: [/proc/self/status]	VmData:	   32048 kB
20220312 061430.737 INFO             PET0 PIOc_sync Enter - MemInfo: [/proc/self/status]	VmStk:	     148 kB
20220312 061430.737 INFO             PET0 PIOc_sync Enter - MemInfo: [/proc/self/status]	VmExe:	     296 kB
20220312 061430.737 INFO             PET0 PIOc_sync Enter - MemInfo: [/proc/self/status]	VmLib:	   49404 kB
20220312 061430.737 INFO             PET0 PIOc_sync Enter - MemInfo: [/proc/self/status]	VmPTE:	     768 kB
20220312 061430.740 INFO             PET0 PIOc_sync Enter - MemInfo: [/proc/self/status]	VmPMD:	      16 kB
20220312 061430.740 INFO             PET0 PIOc_sync Enter - MemInfo: [/proc/self/status]	VmSwap:	       0 kB
20220312 061430.740 INFO             PET0 PIOc_sync Enter - MemInfo: [/proc/self/status]	VmRSSPercent: 0.0547117 %
20220312 061430.740 INFO             PET0 PIOc_sync Enter - MemInfo: [malloc] Non-mmapped space allocated:                 3170304 Byte
20220312 061430.740 INFO             PET0 PIOc_sync Enter - MemInfo: [malloc] Space allocated in mmapped regions:         18890752 Byte
20220312 061430.740 INFO             PET0 PIOc_sync Enter - MemInfo: [malloc] Maximum total allocated space:                     0 Byte
20220312 061430.740 INFO             PET0 PIOc_sync Enter - MemInfo: [malloc] Space in freed fastbin blocks:                  1488 Byte
20220312 061430.740 INFO             PET0 PIOc_sync Enter - MemInfo: [malloc] Total allocated space:                       2787536 Byte
20220312 061430.740 INFO             PET0 PIOc_sync Enter - MemInfo: [malloc] Total free space:                             382768 Byte
20220312 061430.740 INFO             PET0 PIOc_sync Enter - MemInfo: [malloc] Top-most, releasable space:                    36368 Byte
20220312 061430.740 INFO             PET0 PIOc_sync Enter - MemInfo: [malloc] Total space in use, mmap + non-mmap:        21678288 Byte
20220312 061430.741 INFO             PET0 PIOc_sync Enter - MemInfo: [malloc] Total space held (mmap + non-mmap):         22061056 Byte
20220312 061430.741 INFO             PET0 PIOc_sync Enter - MemInfo: [malloc] Total space used (mmap + non-mmap):         21687616 Byte
20220312 061430.741 INFO             PET0 PIOc_sync Enter - MemInfo: Wall-clock time since execution start:              0.0175612 seconds
20220312 061430.741 INFO             PET0 PIOc_sync Exit - MemInfo: [/proc/meminfo - SSI]	MemTotal:       65507008 kB
20220312 061430.741 INFO             PET0 PIOc_sync Exit - MemInfo: [/proc/meminfo - SSI]	MemFree:        48899696 kB
20220312 061430.741 INFO             PET0 PIOc_sync Exit - MemInfo: [/proc/meminfo - SSI]	MemAvailable:   48657960 kB
20220312 061430.741 INFO             PET0 PIOc_sync Exit - MemInfo: [/proc/meminfo - SSI]	Committed_AS:   13027756 kB
20220312 061430.741 INFO             PET0 PIOc_sync Exit - MemInfo: [/proc/meminfo - SSI]	CommittedPercent: 19.8876 %
20220312 061430.741 INFO             PET0 PIOc_sync Exit - MemInfo: [/proc/self/status]	VmPeak:	  531452 kB
20220312 061430.741 INFO             PET0 PIOc_sync Exit - MemInfo: [/proc/self/status]	VmSize:	  531452 kB
20220312 061430.741 INFO             PET0 PIOc_sync Exit - MemInfo: [/proc/self/status]	VmLck:	       0 kB
20220312 061430.741 INFO             PET0 PIOc_sync Exit - MemInfo: [/proc/self/status]	VmPin:	       0 kB
20220312 061430.741 INFO             PET0 PIOc_sync Exit - MemInfo: [/proc/self/status]	VmHWM:	   64868 kB
20220312 061430.741 INFO             PET0 PIOc_sync Exit - MemInfo: [/proc/self/status]	VmRSS:	   35964 kB
20220312 061430.741 INFO             PET0 PIOc_sync Exit - MemInfo: [/proc/self/status]	VmData:	   32048 kB
20220312 061430.741 INFO             PET0 PIOc_sync Exit - MemInfo: [/proc/self/status]	VmStk:	     148 kB
20220312 061430.741 INFO             PET0 PIOc_sync Exit - MemInfo: [/proc/self/status]	VmExe:	     296 kB
20220312 061430.741 INFO             PET0 PIOc_sync Exit - MemInfo: [/proc/self/status]	VmLib:	   49404 kB
20220312 061430.741 INFO             PET0 PIOc_sync Exit - MemInfo: [/proc/self/status]	VmPTE:	     768 kB
20220312 061430.741 INFO             PET0 PIOc_sync Exit - MemInfo: [/proc/self/status]	VmPMD:	      16 kB
20220312 061430.741 INFO             PET0 PIOc_sync Exit - MemInfo: [/proc/self/status]	VmSwap:	       0 kB
20220312 061430.741 INFO             PET0 PIOc_sync Exit - MemInfo: [/proc/self/status]	VmRSSPercent: 0.054901 %
20220312 061430.741 INFO             PET0 PIOc_sync Exit - MemInfo: [malloc] Non-mmapped space allocated:                 3170304 Byte
20220312 061430.741 INFO             PET0 PIOc_sync Exit - MemInfo: [malloc] Space allocated in mmapped regions:         18890752 Byte
20220312 061430.741 INFO             PET0 PIOc_sync Exit - MemInfo: [malloc] Maximum total allocated space:                     0 Byte
20220312 061430.741 INFO             PET0 PIOc_sync Exit - MemInfo: [malloc] Space in freed fastbin blocks:                  1504 Byte
20220312 061430.741 INFO             PET0 PIOc_sync Exit - MemInfo: [malloc] Total allocated space:                       2805280 Byte
20220312 061430.741 INFO             PET0 PIOc_sync Exit - MemInfo: [malloc] Total free space:                             365024 Byte
20220312 061430.741 INFO             PET0 PIOc_sync Exit - MemInfo: [malloc] Top-most, releasable space:                    36368 Byte
20220312 061430.741 INFO             PET0 PIOc_sync Exit - MemInfo: [malloc] Total space in use, mmap + non-mmap:        21696032 Byte
20220312 061430.741 INFO             PET0 PIOc_sync Exit - MemInfo: [malloc] Total space held (mmap + non-mmap):         22061056 Byte
20220312 061430.741 INFO             PET0 PIOc_sync Exit - MemInfo: [malloc] Total space used (mmap + non-mmap):         21705360 Byte
20220312 061430.741 INFO             PET0 PIOc_sync Exit - MemInfo: Wall-clock time since execution start:              0.0181308 seconds
20220312 061430.742 INFO             PET0 PIOc_freedecomp Enter - MemInfo: [/proc/meminfo - SSI]	MemTotal:       65507008 kB
20220312 061430.742 INFO             PET0 PIOc_freedecomp Enter - MemInfo: [/proc/meminfo - SSI]	MemFree:        48914816 kB
20220312 061430.742 INFO             PET0 PIOc_freedecomp Enter - MemInfo: [/proc/meminfo - SSI]	MemAvailable:   48673080 kB
20220312 061430.742 INFO             PET0 PIOc_freedecomp Enter - MemInfo: [/proc/meminfo - SSI]	Committed_AS:   13011368 kB
20220312 061430.742 INFO             PET0 PIOc_freedecomp Enter - MemInfo: [/proc/meminfo - SSI]	CommittedPercent: 19.8626 %
20220312 061430.742 INFO             PET0 PIOc_freedecomp Enter - MemInfo: [/proc/self/status]	VmPeak:	  531452 kB
20220312 061430.742 INFO             PET0 PIOc_freedecomp Enter - MemInfo: [/proc/self/status]	VmSize:	  514548 kB
20220312 061430.742 INFO             PET0 PIOc_freedecomp Enter - MemInfo: [/proc/self/status]	VmLck:	       0 kB
20220312 061430.742 INFO             PET0 PIOc_freedecomp Enter - MemInfo: [/proc/self/status]	VmPin:	       0 kB
20220312 061430.742 INFO             PET0 PIOc_freedecomp Enter - MemInfo: [/proc/self/status]	VmHWM:	   64868 kB
20220312 061430.742 INFO             PET0 PIOc_freedecomp Enter - MemInfo: [/proc/self/status]	VmRSS:	   19572 kB
20220312 061430.742 INFO             PET0 PIOc_freedecomp Enter - MemInfo: [/proc/self/status]	VmData:	   15144 kB
20220312 061430.742 INFO             PET0 PIOc_freedecomp Enter - MemInfo: [/proc/self/status]	VmStk:	     148 kB
20220312 061430.742 INFO             PET0 PIOc_freedecomp Enter - MemInfo: [/proc/self/status]	VmExe:	     296 kB
20220312 061430.742 INFO             PET0 PIOc_freedecomp Enter - MemInfo: [/proc/self/status]	VmLib:	   49404 kB
20220312 061430.742 INFO             PET0 PIOc_freedecomp Enter - MemInfo: [/proc/self/status]	VmPTE:	     736 kB
20220312 061430.742 INFO             PET0 PIOc_freedecomp Enter - MemInfo: [/proc/self/status]	VmPMD:	      16 kB
20220312 061430.742 INFO             PET0 PIOc_freedecomp Enter - MemInfo: [/proc/self/status]	VmSwap:	       0 kB
20220312 061430.742 INFO             PET0 PIOc_freedecomp Enter - MemInfo: [/proc/self/status]	VmRSSPercent: 0.0298777 %
20220312 061430.742 INFO             PET0 PIOc_freedecomp Enter - MemInfo: [malloc] Non-mmapped space allocated:                 3170304 Byte
20220312 061430.742 INFO             PET0 PIOc_freedecomp Enter - MemInfo: [malloc] Space allocated in mmapped regions:          1581056 Byte
20220312 061430.742 INFO             PET0 PIOc_freedecomp Enter - MemInfo: [malloc] Maximum total allocated space:                     0 Byte
20220312 061430.742 INFO             PET0 PIOc_freedecomp Enter - MemInfo: [malloc] Space in freed fastbin blocks:                  2832 Byte
20220312 061430.742 INFO             PET0 PIOc_freedecomp Enter - MemInfo: [malloc] Total allocated space:                       2791888 Byte
20220312 061430.742 INFO             PET0 PIOc_freedecomp Enter - MemInfo: [malloc] Total free space:                             378416 Byte
20220312 061430.742 INFO             PET0 PIOc_freedecomp Enter - MemInfo: [malloc] Top-most, releasable space:                    36368 Byte
20220312 061430.742 INFO             PET0 PIOc_freedecomp Enter - MemInfo: [malloc] Total space in use, mmap + non-mmap:         4372944 Byte
20220312 061430.742 INFO             PET0 PIOc_freedecomp Enter - MemInfo: [malloc] Total space held (mmap + non-mmap):          4751360 Byte
20220312 061430.742 INFO             PET0 PIOc_freedecomp Enter - MemInfo: [malloc] Total space used (mmap + non-mmap):          4382272 Byte
20220312 061430.742 INFO             PET0 PIOc_freedecomp Enter - MemInfo: Wall-clock time since execution start:              0.0193644 seconds
20220312 061430.742 INFO             PET0 PIOc_freedecomp Exit - MemInfo: [/proc/meminfo - SSI]	MemTotal:       65507008 kB
20220312 061430.742 INFO             PET0 PIOc_freedecomp Exit - MemInfo: [/proc/meminfo - SSI]	MemFree:        48914816 kB
20220312 061430.742 INFO             PET0 PIOc_freedecomp Exit - MemInfo: [/proc/meminfo - SSI]	MemAvailable:   48673080 kB
20220312 061430.742 INFO             PET0 PIOc_freedecomp Exit - MemInfo: [/proc/meminfo - SSI]	Committed_AS:   13011368 kB
20220312 061430.742 INFO             PET0 PIOc_freedecomp Exit - MemInfo: [/proc/meminfo - SSI]	CommittedPercent: 19.8626 %
20220312 061430.742 INFO             PET0 PIOc_freedecomp Exit - MemInfo: [/proc/self/status]	VmPeak:	  531452 kB
20220312 061430.742 INFO             PET0 PIOc_freedecomp Exit - MemInfo: [/proc/self/status]	VmSize:	  514548 kB
20220312 061430.742 INFO             PET0 PIOc_freedecomp Exit - MemInfo: [/proc/self/status]	VmLck:	       0 kB
20220312 061430.742 INFO             PET0 PIOc_freedecomp Exit - MemInfo: [/proc/self/status]	VmPin:	       0 kB
20220312 061430.743 INFO             PET0 PIOc_freedecomp Exit - MemInfo: [/proc/self/status]	VmHWM:	   64868 kB
20220312 061430.743 INFO             PET0 PIOc_freedecomp Exit - MemInfo: [/proc/self/status]	VmRSS:	   19576 kB
20220312 061430.743 INFO             PET0 PIOc_freedecomp Exit - MemInfo: [/proc/self/status]	VmData:	   15144 kB
20220312 061430.743 INFO             PET0 PIOc_freedecomp Exit - MemInfo: [/proc/self/status]	VmStk:	     148 kB
20220312 061430.743 INFO             PET0 PIOc_freedecomp Exit - MemInfo: [/proc/self/status]	VmExe:	     296 kB
20220312 061430.743 INFO             PET0 PIOc_freedecomp Exit - MemInfo: [/proc/self/status]	VmLib:	   49404 kB
20220312 061430.743 INFO             PET0 PIOc_freedecomp Exit - MemInfo: [/proc/self/status]	VmPTE:	     736 kB
20220312 061430.743 INFO             PET0 PIOc_freedecomp Exit - MemInfo: [/proc/self/status]	VmPMD:	      16 kB
20220312 061430.743 INFO             PET0 PIOc_freedecomp Exit - MemInfo: [/proc/self/status]	VmSwap:	       0 kB
20220312 061430.743 INFO             PET0 PIOc_freedecomp Exit - MemInfo: [/proc/self/status]	VmRSSPercent: 0.0298838 %
20220312 061430.743 INFO             PET0 PIOc_freedecomp Exit - MemInfo: [malloc] Non-mmapped space allocated:                 3170304 Byte
20220312 061430.743 INFO             PET0 PIOc_freedecomp Exit - MemInfo: [malloc] Space allocated in mmapped regions:          1581056 Byte
20220312 061430.743 INFO             PET0 PIOc_freedecomp Exit - MemInfo: [malloc] Maximum total allocated space:                     0 Byte
20220312 061430.743 INFO             PET0 PIOc_freedecomp Exit - MemInfo: [malloc] Space in freed fastbin blocks:                  2544 Byte
20220312 061430.743 INFO             PET0 PIOc_freedecomp Exit - MemInfo: [malloc] Total allocated space:                       2756032 Byte
20220312 061430.743 INFO             PET0 PIOc_freedecomp Exit - MemInfo: [malloc] Total free space:                             414272 Byte
20220312 061430.743 INFO             PET0 PIOc_freedecomp Exit - MemInfo: [malloc] Top-most, releasable space:                    36368 Byte
20220312 061430.743 INFO             PET0 PIOc_freedecomp Exit - MemInfo: [malloc] Total space in use, mmap + non-mmap:         4337088 Byte
20220312 061430.743 INFO             PET0 PIOc_freedecomp Exit - MemInfo: [malloc] Total space held (mmap + non-mmap):          4751360 Byte
20220312 061430.743 INFO             PET0 PIOc_freedecomp Exit - MemInfo: [malloc] Total space used (mmap + non-mmap):          4346416 Byte
20220312 061430.743 INFO             PET0 PIOc_freedecomp Exit - MemInfo: Wall-clock time since execution start:              0.0197265 seconds
20220312 061430.743 INFO             PET0  PASS  Write ESMF_Array with Halo to NetCDF Test, ESMF_ArrayIOUTest.F90, line 236
20220312 061430.743 WARNING          PET0 ESMCI_PIO_Handler.C:1318 ESMCI::PIO_Handler::open()  Unable to create file: file3D_withhalo.nc, (PIO/NetCDF error = NetCDF: File exists && NC_NOCLOBBER)
20220312 061430.743 ERROR            PET0 ESMCI_PIO_Handler.C:779 ESMCI::PIO_Handler::arrayWrite() Unable to read from file  - file not open
20220312 061430.743 ERROR            PET0 ESMCI_IO.C:736 ESMCI::IO::write() Unable to read from file  - Internal subroutine call returned Error
20220312 061430.743 ERROR            PET0 ESMCI_IO.C:956 ESMCI::IO::close() Unable to close file  - Internal subroutine call returned Error
20220312 061430.743 ERROR            PET0 ESMCI_IO.C:494 ESMCI::IO::write() Unable to read from file  - Internal subroutine call returned Error
20220312 061430.743 ERROR            PET0 ESMCI_Array.C:4093 ESMCI::Array::write() Unable to write to file  - Internal subroutine call returned Error
20220312 061430.743 ERROR            PET0 ESMCI_Array_F.C:801 c_esmc_arraywrite() Unable to write to file  - Internal subroutine call returned Error
20220312 061430.743 ERROR            PET0 ESMF_Array.F90:3994 ESMF_ArrayWrite Unable to write to file  - Internal subroutine call returned Error
20220312 061430.743 INFO             PET0  PASS  Write ESMF_Array with Halo Test overwrite test, ESMF_ArrayIOUTest.F90, line 250
20220312 061430.743 ERROR            PET0 ESMCI_IO_Handler.C:164 ESMCI::IO_Handler::create() Unknown I/O Format
20220312 061430.743 ERROR            PET0 ESMCI_IO.C:469 ESMCI::IO::write() Invalid argument  - Internal subroutine call returned Error
20220312 061430.743 ERROR            PET0 ESMCI_Array.C:4093 ESMCI::Array::write() Invalid argument  - Internal subroutine call returned Error
20220312 061430.743 ERROR            PET0 ESMCI_Array_F.C:801 c_esmc_arraywrite() Invalid argument  - Internal subroutine call returned Error
20220312 061430.743 ERROR            PET0 ESMF_Array.F90:3994 ESMF_ArrayWrite Invalid argument  - Internal subroutine call returned Error
20220312 061430.743 INFO             PET0  PASS  Write ESMF_Array with Halo to binary Test, ESMF_ArrayIOUTest.F90, line 264
20220312 061430.752 INFO             PET0 PIOc_sync Enter - MemInfo: [/proc/meminfo - SSI]	MemTotal:       65507008 kB
20220312 061430.752 INFO             PET0 PIOc_sync Enter - MemInfo: [/proc/meminfo - SSI]	MemFree:        48899192 kB
20220312 061430.752 INFO             PET0 PIOc_sync Enter - MemInfo: [/proc/meminfo - SSI]	MemAvailable:   48657456 kB
20220312 061430.752 INFO             PET0 PIOc_sync Enter - MemInfo: [/proc/meminfo - SSI]	Committed_AS:   13027844 kB
20220312 061430.752 INFO             PET0 PIOc_sync Enter - MemInfo: [/proc/meminfo - SSI]	CommittedPercent: 19.8877 %
20220312 061430.752 INFO             PET0 PIOc_sync Enter - MemInfo: [/proc/self/status]	VmPeak:	  531540 kB
20220312 061430.752 INFO             PET0 PIOc_sync Enter - MemInfo: [/proc/self/status]	VmSize:	  531540 kB
20220312 061430.752 INFO             PET0 PIOc_sync Enter - MemInfo: [/proc/self/status]	VmLck:	       0 kB
20220312 061430.752 INFO             PET0 PIOc_sync Enter - MemInfo: [/proc/self/status]	VmPin:	       0 kB
20220312 061430.752 INFO             PET0 PIOc_sync Enter - MemInfo: [/proc/self/status]	VmHWM:	   64868 kB
20220312 061430.752 INFO             PET0 PIOc_sync Enter - MemInfo: [/proc/self/status]	VmRSS:	   36524 kB
20220312 061430.752 INFO             PET0 PIOc_sync Enter - MemInfo: [/proc/self/status]	VmData:	   32136 kB
20220312 061430.752 INFO             PET0 PIOc_sync Enter - MemInfo: [/proc/self/status]	VmStk:	     148 kB
20220312 061430.752 INFO             PET0 PIOc_sync Enter - MemInfo: [/proc/self/status]	VmExe:	     296 kB
20220312 061430.752 INFO             PET0 PIOc_sync Enter - MemInfo: [/proc/self/status]	VmLib:	   49404 kB
20220312 061430.753 INFO             PET0 PIOc_sync Enter - MemInfo: [/proc/self/status]	VmPTE:	     768 kB
20220312 061430.753 INFO             PET0 PIOc_sync Enter - MemInfo: [/proc/self/status]	VmPMD:	      16 kB
20220312 061430.753 INFO             PET0 PIOc_sync Enter - MemInfo: [/proc/self/status]	VmSwap:	       0 kB
20220312 061430.753 INFO             PET0 PIOc_sync Enter - MemInfo: [/proc/self/status]	VmRSSPercent: 0.0557559 %
20220312 061430.753 INFO             PET0 PIOc_sync Enter - MemInfo: [malloc] Non-mmapped space allocated:                20570112 Byte
20220312 061430.753 INFO             PET0 PIOc_sync Enter - MemInfo: [malloc] Space allocated in mmapped regions:          1581056 Byte
20220312 061430.753 INFO             PET0 PIOc_sync Enter - MemInfo: [malloc] Maximum total allocated space:                     0 Byte
20220312 061430.753 INFO             PET0 PIOc_sync Enter - MemInfo: [malloc] Space in freed fastbin blocks:                  1536 Byte
20220312 061430.753 INFO             PET0 PIOc_sync Enter - MemInfo: [malloc] Total allocated space:                      20078048 Byte
20220312 061430.753 INFO             PET0 PIOc_sync Enter - MemInfo: [malloc] Total free space:                             492064 Byte
20220312 061430.753 INFO             PET0 PIOc_sync Enter - MemInfo: [malloc] Top-most, releasable space:                   134640 Byte
20220312 061430.753 INFO             PET0 PIOc_sync Enter - MemInfo: [malloc] Total space in use, mmap + non-mmap:        21659104 Byte
20220312 061430.753 INFO             PET0 PIOc_sync Enter - MemInfo: [malloc] Total space held (mmap + non-mmap):         22151168 Byte
20220312 061430.753 INFO             PET0 PIOc_sync Enter - MemInfo: [malloc] Total space used (mmap + non-mmap):         21668432 Byte
20220312 061430.753 INFO             PET0 PIOc_sync Enter - MemInfo: Wall-clock time since execution start:              0.0296826 seconds
20220312 061430.753 INFO             PET0 PIOc_sync Exit - MemInfo: [/proc/meminfo - SSI]	MemTotal:       65507008 kB
20220312 061430.753 INFO             PET0 PIOc_sync Exit - MemInfo: [/proc/meminfo - SSI]	MemFree:        48899192 kB
20220312 061430.753 INFO             PET0 PIOc_sync Exit - MemInfo: [/proc/meminfo - SSI]	MemAvailable:   48657456 kB
20220312 061430.753 INFO             PET0 PIOc_sync Exit - MemInfo: [/proc/meminfo - SSI]	Committed_AS:   13027844 kB
20220312 061430.753 INFO             PET0 PIOc_sync Exit - MemInfo: [/proc/meminfo - SSI]	CommittedPercent: 19.8877 %
20220312 061430.753 INFO             PET0 PIOc_sync Exit - MemInfo: [/proc/self/status]	VmPeak:	  531540 kB
20220312 061430.753 INFO             PET0 PIOc_sync Exit - MemInfo: [/proc/self/status]	VmSize:	  531540 kB
20220312 061430.753 INFO             PET0 PIOc_sync Exit - MemInfo: [/proc/self/status]	VmLck:	       0 kB
20220312 061430.753 INFO             PET0 PIOc_sync Exit - MemInfo: [/proc/self/status]	VmPin:	       0 kB
20220312 061430.753 INFO             PET0 PIOc_sync Exit - MemInfo: [/proc/self/status]	VmHWM:	   64868 kB
20220312 061430.753 INFO             PET0 PIOc_sync Exit - MemInfo: [/proc/self/status]	VmRSS:	   36528 kB
20220312 061430.753 INFO             PET0 PIOc_sync Exit - MemInfo: [/proc/self/status]	VmData:	   32136 kB
20220312 061430.753 INFO             PET0 PIOc_sync Exit - MemInfo: [/proc/self/status]	VmStk:	     148 kB
20220312 061430.753 INFO             PET0 PIOc_sync Exit - MemInfo: [/proc/self/status]	VmExe:	     296 kB
20220312 061430.753 INFO             PET0 PIOc_sync Exit - MemInfo: [/proc/self/status]	VmLib:	   49404 kB
20220312 061430.753 INFO             PET0 PIOc_sync Exit - MemInfo: [/proc/self/status]	VmPTE:	     768 kB
20220312 061430.753 INFO             PET0 PIOc_sync Exit - MemInfo: [/proc/self/status]	VmPMD:	      16 kB
20220312 061430.753 INFO             PET0 PIOc_sync Exit - MemInfo: [/proc/self/status]	VmSwap:	       0 kB
20220312 061430.753 INFO             PET0 PIOc_sync Exit - MemInfo: [/proc/self/status]	VmRSSPercent: 0.055762 %
20220312 061430.753 INFO             PET0 PIOc_sync Exit - MemInfo: [malloc] Non-mmapped space allocated:                20570112 Byte
20220312 061430.753 INFO             PET0 PIOc_sync Exit - MemInfo: [malloc] Space allocated in mmapped regions:          1581056 Byte
20220312 061430.753 INFO             PET0 PIOc_sync Exit - MemInfo: [malloc] Maximum total allocated space:                     0 Byte
20220312 061430.753 INFO             PET0 PIOc_sync Exit - MemInfo: [malloc] Space in freed fastbin blocks:                  2032 Byte
20220312 061430.753 INFO             PET0 PIOc_sync Exit - MemInfo: [malloc] Total allocated space:                      20097360 Byte
20220312 061430.753 INFO             PET0 PIOc_sync Exit - MemInfo: [malloc] Total free space:                             472752 Byte
20220312 061430.753 INFO             PET0 PIOc_sync Exit - MemInfo: [malloc] Top-most, releasable space:                   134640 Byte
20220312 061430.753 INFO             PET0 PIOc_sync Exit - MemInfo: [malloc] Total space in use, mmap + non-mmap:        21678416 Byte
20220312 061430.753 INFO             PET0 PIOc_sync Exit - MemInfo: [malloc] Total space held (mmap + non-mmap):         22151168 Byte
20220312 061430.753 INFO             PET0 PIOc_sync Exit - MemInfo: [malloc] Total space used (mmap + non-mmap):         21687744 Byte
20220312 061430.753 INFO             PET0 PIOc_sync Exit - MemInfo: Wall-clock time since execution start:              0.0301409 seconds
20220312 061430.753 INFO             PET0 PIOc_freedecomp Enter - MemInfo: [/proc/meminfo - SSI]	MemTotal:       65507008 kB
20220312 061430.753 INFO             PET0 PIOc_freedecomp Enter - MemInfo: [/proc/meminfo - SSI]	MemFree:        48899192 kB
20220312 061430.753 INFO             PET0 PIOc_freedecomp Enter - MemInfo: [/proc/meminfo - SSI]	MemAvailable:   48657456 kB
20220312 061430.753 INFO             PET0 PIOc_freedecomp Enter - MemInfo: [/proc/meminfo - SSI]	Committed_AS:   13027844 kB
20220312 061430.753 INFO             PET0 PIOc_freedecomp Enter - MemInfo: [/proc/meminfo - SSI]	CommittedPercent: 19.8877 %
20220312 061430.753 INFO             PET0 PIOc_freedecomp Enter - MemInfo: [/proc/self/status]	VmPeak:	  531540 kB
20220312 061430.753 INFO             PET0 PIOc_freedecomp Enter - MemInfo: [/proc/self/status]	VmSize:	  531540 kB
20220312 061430.753 INFO             PET0 PIOc_freedecomp Enter - MemInfo: [/proc/self/status]	VmLck:	       0 kB
20220312 061430.753 INFO             PET0 PIOc_freedecomp Enter - MemInfo: [/proc/self/status]	VmPin:	       0 kB
20220312 061430.753 INFO             PET0 PIOc_freedecomp Enter - MemInfo: [/proc/self/status]	VmHWM:	   64868 kB
20220312 061430.753 INFO             PET0 PIOc_freedecomp Enter - MemInfo: [/proc/self/status]	VmRSS:	   36528 kB
20220312 061430.753 INFO             PET0 PIOc_freedecomp Enter - MemInfo: [/proc/self/status]	VmData:	   32136 kB
20220312 061430.753 INFO             PET0 PIOc_freedecomp Enter - MemInfo: [/proc/self/status]	VmStk:	     148 kB
20220312 061430.753 INFO             PET0 PIOc_freedecomp Enter - MemInfo: [/proc/self/status]	VmExe:	     296 kB
20220312 061430.753 INFO             PET0 PIOc_freedecomp Enter - MemInfo: [/proc/self/status]	VmLib:	   49404 kB
20220312 061430.753 INFO             PET0 PIOc_freedecomp Enter - MemInfo: [/proc/self/status]	VmPTE:	     768 kB
20220312 061430.753 INFO             PET0 PIOc_freedecomp Enter - MemInfo: [/proc/self/status]	VmPMD:	      16 kB
20220312 061430.753 INFO             PET0 PIOc_freedecomp Enter - MemInfo: [/proc/self/status]	VmSwap:	       0 kB
20220312 061430.753 INFO             PET0 PIOc_freedecomp Enter - MemInfo: [/proc/self/status]	VmRSSPercent: 0.055762 %
20220312 061430.753 INFO             PET0 PIOc_freedecomp Enter - MemInfo: [malloc] Non-mmapped space allocated:                20570112 Byte
20220312 061430.753 INFO             PET0 PIOc_freedecomp Enter - MemInfo: [malloc] Space allocated in mmapped regions:          1581056 Byte
20220312 061430.753 INFO             PET0 PIOc_freedecomp Enter - MemInfo: [malloc] Maximum total allocated space:                     0 Byte
20220312 061430.753 INFO             PET0 PIOc_freedecomp Enter - MemInfo: [malloc] Space in freed fastbin blocks:                  1712 Byte
20220312 061430.753 INFO             PET0 PIOc_freedecomp Enter - MemInfo: [malloc] Total allocated space:                       2782432 Byte
20220312 061430.753 INFO             PET0 PIOc_freedecomp Enter - MemInfo: [malloc] Total free space:                           17787680 Byte
20220312 061430.753 INFO             PET0 PIOc_freedecomp Enter - MemInfo: [malloc] Top-most, releasable space:                 17436176 Byte
20220312 061430.753 INFO             PET0 PIOc_freedecomp Enter - MemInfo: [malloc] Total space in use, mmap + non-mmap:         4363488 Byte
20220312 061430.754 INFO             PET0 PIOc_freedecomp Enter - MemInfo: [malloc] Total space held (mmap + non-mmap):         22151168 Byte
20220312 061430.754 INFO             PET0 PIOc_freedecomp Enter - MemInfo: [malloc] Total space used (mmap + non-mmap):          4372816 Byte
20220312 061430.754 INFO             PET0 PIOc_freedecomp Enter - MemInfo: Wall-clock time since execution start:              0.0305461 seconds
20220312 061430.754 INFO             PET0 PIOc_freedecomp Exit - MemInfo: [/proc/meminfo - SSI]	MemTotal:       65507008 kB
20220312 061430.754 INFO             PET0 PIOc_freedecomp Exit - MemInfo: [/proc/meminfo - SSI]	MemFree:        48899192 kB
20220312 061430.754 INFO             PET0 PIOc_freedecomp Exit - MemInfo: [/proc/meminfo - SSI]	MemAvailable:   48657456 kB
20220312 061430.754 INFO             PET0 PIOc_freedecomp Exit - MemInfo: [/proc/meminfo - SSI]	Committed_AS:   13027844 kB
20220312 061430.754 INFO             PET0 PIOc_freedecomp Exit - MemInfo: [/proc/meminfo - SSI]	CommittedPercent: 19.8877 %
20220312 061430.754 INFO             PET0 PIOc_freedecomp Exit - MemInfo: [/proc/self/status]	VmPeak:	  531540 kB
20220312 061430.754 INFO             PET0 PIOc_freedecomp Exit - MemInfo: [/proc/self/status]	VmSize:	  531540 kB
20220312 061430.754 INFO             PET0 PIOc_freedecomp Exit - MemInfo: [/proc/self/status]	VmLck:	       0 kB
20220312 061430.754 INFO             PET0 PIOc_freedecomp Exit - MemInfo: [/proc/self/status]	VmPin:	       0 kB
20220312 061430.754 INFO             PET0 PIOc_freedecomp Exit - MemInfo: [/proc/self/status]	VmHWM:	   64868 kB
20220312 061430.754 INFO             PET0 PIOc_freedecomp Exit - MemInfo: [/proc/self/status]	VmRSS:	   36528 kB
20220312 061430.754 INFO             PET0 PIOc_freedecomp Exit - MemInfo: [/proc/self/status]	VmData:	   32136 kB
20220312 061430.754 INFO             PET0 PIOc_freedecomp Exit - MemInfo: [/proc/self/status]	VmStk:	     148 kB
20220312 061430.754 INFO             PET0 PIOc_freedecomp Exit - MemInfo: [/proc/self/status]	VmExe:	     296 kB
20220312 061430.754 INFO             PET0 PIOc_freedecomp Exit - MemInfo: [/proc/self/status]	VmLib:	   49404 kB
20220312 061430.754 INFO             PET0 PIOc_freedecomp Exit - MemInfo: [/proc/self/status]	VmPTE:	     768 kB
20220312 061430.754 INFO             PET0 PIOc_freedecomp Exit - MemInfo: [/proc/self/status]	VmPMD:	      16 kB
20220312 061430.754 INFO             PET0 PIOc_freedecomp Exit - MemInfo: [/proc/self/status]	VmSwap:	       0 kB
20220312 061430.754 INFO             PET0 PIOc_freedecomp Exit - MemInfo: [/proc/self/status]	VmRSSPercent: 0.055762 %
20220312 061430.754 INFO             PET0 PIOc_freedecomp Exit - MemInfo: [malloc] Non-mmapped space allocated:                20570112 Byte
20220312 061430.754 INFO             PET0 PIOc_freedecomp Exit - MemInfo: [malloc] Space allocated in mmapped regions:          1581056 Byte
20220312 061430.754 INFO             PET0 PIOc_freedecomp Exit - MemInfo: [malloc] Maximum total allocated space:                     0 Byte
20220312 061430.754 INFO             PET0 PIOc_freedecomp Exit - MemInfo: [malloc] Space in freed fastbin blocks:                  2768 Byte
20220312 061430.754 INFO             PET0 PIOc_freedecomp Exit - MemInfo: [malloc] Total allocated space:                       2760256 Byte
20220312 061430.754 INFO             PET0 PIOc_freedecomp Exit - MemInfo: [malloc] Total free space:                           17809856 Byte
20220312 061430.754 INFO             PET0 PIOc_freedecomp Exit - MemInfo: [malloc] Top-most, releasable space:                 17436176 Byte
20220312 061430.754 INFO             PET0 PIOc_freedecomp Exit - MemInfo: [malloc] Total space in use, mmap + non-mmap:         4341312 Byte
20220312 061430.754 INFO             PET0 PIOc_freedecomp Exit - MemInfo: [malloc] Total space held (mmap + non-mmap):         22151168 Byte
20220312 061430.754 INFO             PET0 PIOc_freedecomp Exit - MemInfo: [malloc] Total space used (mmap + non-mmap):          4350656 Byte
20220312 061430.754 INFO             PET0 PIOc_freedecomp Exit - MemInfo: Wall-clock time since execution start:              0.0309009 seconds
20220312 061430.754 INFO             PET0  PASS  Write ESMF_Array without Halo to NetCDF Test, ESMF_ArrayIOUTest.F90, line 274
20220312 061430.754 INFO             PET0  PASS  Create Array without Halo for PIO Read, ESMF_ArrayIOUTest.F90, line 288
20220312 061430.754 INFO             PET0  PASS  Create Array with Halo for PIO Read, ESMF_ArrayIOUTest.F90, line 299
20220312 061430.755 INFO             PET0  PASS  Create Array with Halo for PIO Read, ESMF_ArrayIOUTest.F90, line 309
20220312 061430.755 WARNING          PET0 ESMCI_PIO_Handler.C:1343 ESMCI::PIO_Handler::open()  Unable to set fill on file: file3D_wouthalo.nc, (PIO/NetCDF error = NetCDF: Write to read only)
20220312 061430.756 INFO             PET0 PIOc_sync Enter - MemInfo: [/proc/meminfo - SSI]	MemTotal:       65507008 kB
20220312 061430.756 INFO             PET0 PIOc_sync Enter - MemInfo: [/proc/meminfo - SSI]	MemFree:        48899192 kB
20220312 061430.756 INFO             PET0 PIOc_sync Enter - MemInfo: [/proc/meminfo - SSI]	MemAvailable:   48657456 kB
20220312 061430.756 INFO             PET0 PIOc_sync Enter - MemInfo: [/proc/meminfo - SSI]	Committed_AS:   13027844 kB
20220312 061430.756 INFO             PET0 PIOc_sync Enter - MemInfo: [/proc/meminfo - SSI]	CommittedPercent: 19.8877 %
20220312 061430.756 INFO             PET0 PIOc_sync Enter - MemInfo: [/proc/self/status]	VmPeak:	  539728 kB
20220312 061430.756 INFO             PET0 PIOc_sync Enter - MemInfo: [/proc/self/status]	VmSize:	  531540 kB
20220312 061430.756 INFO             PET0 PIOc_sync Enter - MemInfo: [/proc/self/status]	VmLck:	       0 kB
20220312 061430.756 INFO             PET0 PIOc_sync Enter - MemInfo: [/proc/self/status]	VmPin:	       0 kB
20220312 061430.756 INFO             PET0 PIOc_sync Enter - MemInfo: [/proc/self/status]	VmHWM:	   64868 kB
20220312 061430.756 INFO             PET0 PIOc_sync Enter - MemInfo: [/proc/self/status]	VmRSS:	   36572 kB
20220312 061430.756 INFO             PET0 PIOc_sync Enter - MemInfo: [/proc/self/status]	VmData:	   32136 kB
20220312 061430.756 INFO             PET0 PIOc_sync Enter - MemInfo: [/proc/self/status]	VmStk:	     148 kB
20220312 061430.756 INFO             PET0 PIOc_sync Enter - MemInfo: [/proc/self/status]	VmExe:	     296 kB
20220312 061430.756 INFO             PET0 PIOc_sync Enter - MemInfo: [/proc/self/status]	VmLib:	   49404 kB
20220312 061430.756 INFO             PET0 PIOc_sync Enter - MemInfo: [/proc/self/status]	VmPTE:	     768 kB
20220312 061430.756 INFO             PET0 PIOc_sync Enter - MemInfo: [/proc/self/status]	VmPMD:	      16 kB
20220312 061430.756 INFO             PET0 PIOc_sync Enter - MemInfo: [/proc/self/status]	VmSwap:	       0 kB
20220312 061430.756 INFO             PET0 PIOc_sync Enter - MemInfo: [/proc/self/status]	VmRSSPercent: 0.0558291 %
20220312 061430.756 INFO             PET0 PIOc_sync Enter - MemInfo: [malloc] Non-mmapped space allocated:                20570112 Byte
20220312 061430.756 INFO             PET0 PIOc_sync Enter - MemInfo: [malloc] Space allocated in mmapped regions:          1581056 Byte
20220312 061430.756 INFO             PET0 PIOc_sync Enter - MemInfo: [malloc] Maximum total allocated space:                     0 Byte
20220312 061430.756 INFO             PET0 PIOc_sync Enter - MemInfo: [malloc] Space in freed fastbin blocks:                  1472 Byte
20220312 061430.756 INFO             PET0 PIOc_sync Enter - MemInfo: [malloc] Total allocated space:                      20137344 Byte
20220312 061430.756 INFO             PET0 PIOc_sync Enter - MemInfo: [malloc] Total free space:                             432768 Byte
20220312 061430.756 INFO             PET0 PIOc_sync Enter - MemInfo: [malloc] Top-most, releasable space:                   134640 Byte
20220312 061430.756 INFO             PET0 PIOc_sync Enter - MemInfo: [malloc] Total space in use, mmap + non-mmap:        21718400 Byte
20220312 061430.756 INFO             PET0 PIOc_sync Enter - MemInfo: [malloc] Total space held (mmap + non-mmap):         22151168 Byte
20220312 061430.756 INFO             PET0 PIOc_sync Enter - MemInfo: [malloc] Total space used (mmap + non-mmap):         21727728 Byte
20220312 061430.756 INFO             PET0 PIOc_sync Enter - MemInfo: Wall-clock time since execution start:              0.0330087 seconds
20220312 061430.756 INFO             PET0 PIOc_sync Exit - MemInfo: [/proc/meminfo - SSI]	MemTotal:       65507008 kB
20220312 061430.756 INFO             PET0 PIOc_sync Exit - MemInfo: [/proc/meminfo - SSI]	MemFree:        48899192 kB
20220312 061430.756 INFO             PET0 PIOc_sync Exit - MemInfo: [/proc/meminfo - SSI]	MemAvailable:   48657456 kB
20220312 061430.756 INFO             PET0 PIOc_sync Exit - MemInfo: [/proc/meminfo - SSI]	Committed_AS:   13027844 kB
20220312 061430.756 INFO             PET0 PIOc_sync Exit - MemInfo: [/proc/meminfo - SSI]	CommittedPercent: 19.8877 %
20220312 061430.756 INFO             PET0 PIOc_sync Exit - MemInfo: [/proc/self/status]	VmPeak:	  539728 kB
20220312 061430.756 INFO             PET0 PIOc_sync Exit - MemInfo: [/proc/self/status]	VmSize:	  531540 kB
20220312 061430.756 INFO             PET0 PIOc_sync Exit - MemInfo: [/proc/self/status]	VmLck:	       0 kB
20220312 061430.756 INFO             PET0 PIOc_sync Exit - MemInfo: [/proc/self/status]	VmPin:	       0 kB
20220312 061430.756 INFO             PET0 PIOc_sync Exit - MemInfo: [/proc/self/status]	VmHWM:	   64868 kB
20220312 061430.756 INFO             PET0 PIOc_sync Exit - MemInfo: [/proc/self/status]	VmRSS:	   36572 kB
20220312 061430.756 INFO             PET0 PIOc_sync Exit - MemInfo: [/proc/self/status]	VmData:	   32136 kB
20220312 061430.756 INFO             PET0 PIOc_sync Exit - MemInfo: [/proc/self/status]	VmStk:	     148 kB
20220312 061430.756 INFO             PET0 PIOc_sync Exit - MemInfo: [/proc/self/status]	VmExe:	     296 kB
20220312 061430.756 INFO             PET0 PIOc_sync Exit - MemInfo: [/proc/self/status]	VmLib:	   49404 kB
20220312 061430.756 INFO             PET0 PIOc_sync Exit - MemInfo: [/proc/self/status]	VmPTE:	     768 kB
20220312 061430.756 INFO             PET0 PIOc_sync Exit - MemInfo: [/proc/self/status]	VmPMD:	      16 kB
20220312 061430.756 INFO             PET0 PIOc_sync Exit - MemInfo: [/proc/self/status]	VmSwap:	       0 kB
20220312 061430.756 INFO             PET0 PIOc_sync Exit - MemInfo: [/proc/self/status]	VmRSSPercent: 0.0558291 %
20220312 061430.756 INFO             PET0 PIOc_sync Exit - MemInfo: [malloc] Non-mmapped space allocated:                20570112 Byte
20220312 061430.756 INFO             PET0 PIOc_sync Exit - MemInfo: [malloc] Space allocated in mmapped regions:          1581056 Byte
20220312 061430.756 INFO             PET0 PIOc_sync Exit - MemInfo: [malloc] Maximum total allocated space:                     0 Byte
20220312 061430.756 INFO             PET0 PIOc_sync Exit - MemInfo: [malloc] Space in freed fastbin blocks:                  1344 Byte
20220312 061430.756 INFO             PET0 PIOc_sync Exit - MemInfo: [malloc] Total allocated space:                      20137344 Byte
20220312 061430.756 INFO             PET0 PIOc_sync Exit - MemInfo: [malloc] Total free space:                             432768 Byte
20220312 061430.756 INFO             PET0 PIOc_sync Exit - MemInfo: [malloc] Top-most, releasable space:                   134640 Byte
20220312 061430.756 INFO             PET0 PIOc_sync Exit - MemInfo: [malloc] Total space in use, mmap + non-mmap:        21718400 Byte
20220312 061430.756 INFO             PET0 PIOc_sync Exit - MemInfo: [malloc] Total space held (mmap + non-mmap):         22151168 Byte
20220312 061430.756 INFO             PET0 PIOc_sync Exit - MemInfo: [malloc] Total space used (mmap + non-mmap):         21727728 Byte
20220312 061430.756 INFO             PET0 PIOc_sync Exit - MemInfo: Wall-clock time since execution start:              0.0333834 seconds
20220312 061430.756 INFO             PET0 PIOc_freedecomp Enter - MemInfo: [/proc/meminfo - SSI]	MemTotal:       65507008 kB
20220312 061430.756 INFO             PET0 PIOc_freedecomp Enter - MemInfo: [/proc/meminfo - SSI]	MemFree:        48899192 kB
20220312 061430.756 INFO             PET0 PIOc_freedecomp Enter - MemInfo: [/proc/meminfo - SSI]	MemAvailable:   48657456 kB
20220312 061430.756 INFO             PET0 PIOc_freedecomp Enter - MemInfo: [/proc/meminfo - SSI]	Committed_AS:   13027844 kB
20220312 061430.756 INFO             PET0 PIOc_freedecomp Enter - MemInfo: [/proc/meminfo - SSI]	CommittedPercent: 19.8877 %
20220312 061430.757 INFO             PET0 PIOc_freedecomp Enter - MemInfo: [/proc/self/status]	VmPeak:	  539728 kB
20220312 061430.757 INFO             PET0 PIOc_freedecomp Enter - MemInfo: [/proc/self/status]	VmSize:	  531540 kB
20220312 061430.757 INFO             PET0 PIOc_freedecomp Enter - MemInfo: [/proc/self/status]	VmLck:	       0 kB
20220312 061430.757 INFO             PET0 PIOc_freedecomp Enter - MemInfo: [/proc/self/status]	VmPin:	       0 kB
20220312 061430.757 INFO             PET0 PIOc_freedecomp Enter - MemInfo: [/proc/self/status]	VmHWM:	   64868 kB
20220312 061430.757 INFO             PET0 PIOc_freedecomp Enter - MemInfo: [/proc/self/status]	VmRSS:	   36572 kB
20220312 061430.757 INFO             PET0 PIOc_freedecomp Enter - MemInfo: [/proc/self/status]	VmData:	   32136 kB
20220312 061430.757 INFO             PET0 PIOc_freedecomp Enter - MemInfo: [/proc/self/status]	VmStk:	     148 kB
20220312 061430.757 INFO             PET0 PIOc_freedecomp Enter - MemInfo: [/proc/self/status]	VmExe:	     296 kB
20220312 061430.757 INFO             PET0 PIOc_freedecomp Enter - MemInfo: [/proc/self/status]	VmLib:	   49404 kB
20220312 061430.757 INFO             PET0 PIOc_freedecomp Enter - MemInfo: [/proc/self/status]	VmPTE:	     768 kB
20220312 061430.757 INFO             PET0 PIOc_freedecomp Enter - MemInfo: [/proc/self/status]	VmPMD:	      16 kB
20220312 061430.757 INFO             PET0 PIOc_freedecomp Enter - MemInfo: [/proc/self/status]	VmSwap:	       0 kB
20220312 061430.757 INFO             PET0 PIOc_freedecomp Enter - MemInfo: [/proc/self/status]	VmRSSPercent: 0.0558291 %
20220312 061430.757 INFO             PET0 PIOc_freedecomp Enter - MemInfo: [malloc] Non-mmapped space allocated:                20570112 Byte
20220312 061430.757 INFO             PET0 PIOc_freedecomp Enter - MemInfo: [malloc] Space allocated in mmapped regions:          1581056 Byte
20220312 061430.757 INFO             PET0 PIOc_freedecomp Enter - MemInfo: [malloc] Maximum total allocated space:                     0 Byte
20220312 061430.757 INFO             PET0 PIOc_freedecomp Enter - MemInfo: [malloc] Space in freed fastbin blocks:                  1568 Byte
20220312 061430.757 INFO             PET0 PIOc_freedecomp Enter - MemInfo: [malloc] Total allocated space:                       2822448 Byte
20220312 061430.757 INFO             PET0 PIOc_freedecomp Enter - MemInfo: [malloc] Total free space:                           17747664 Byte
20220312 061430.757 INFO             PET0 PIOc_freedecomp Enter - MemInfo: [malloc] Top-most, releasable space:                 17436176 Byte
20220312 061430.757 INFO             PET0 PIOc_freedecomp Enter - MemInfo: [malloc] Total space in use, mmap + non-mmap:         4403504 Byte
20220312 061430.757 INFO             PET0 PIOc_freedecomp Enter - MemInfo: [malloc] Total space held (mmap + non-mmap):         22151168 Byte
20220312 061430.757 INFO             PET0 PIOc_freedecomp Enter - MemInfo: [malloc] Total space used (mmap + non-mmap):          4412832 Byte
20220312 061430.757 INFO             PET0 PIOc_freedecomp Enter - MemInfo: Wall-clock time since execution start:              0.0337688 seconds
20220312 061430.757 INFO             PET0 PIOc_freedecomp Exit - MemInfo: [/proc/meminfo - SSI]	MemTotal:       65507008 kB
20220312 061430.757 INFO             PET0 PIOc_freedecomp Exit - MemInfo: [/proc/meminfo - SSI]	MemFree:        48899192 kB
20220312 061430.757 INFO             PET0 PIOc_freedecomp Exit - MemInfo: [/proc/meminfo - SSI]	MemAvailable:   48657456 kB
20220312 061430.757 INFO             PET0 PIOc_freedecomp Exit - MemInfo: [/proc/meminfo - SSI]	Committed_AS:   13027844 kB
20220312 061430.757 INFO             PET0 PIOc_freedecomp Exit - MemInfo: [/proc/meminfo - SSI]	CommittedPercent: 19.8877 %
20220312 061430.757 INFO             PET0 PIOc_freedecomp Exit - MemInfo: [/proc/self/status]	VmPeak:	  539728 kB
20220312 061430.757 INFO             PET0 PIOc_freedecomp Exit - MemInfo: [/proc/self/status]	VmSize:	  531540 kB
20220312 061430.757 INFO             PET0 PIOc_freedecomp Exit - MemInfo: [/proc/self/status]	VmLck:	       0 kB
20220312 061430.757 INFO             PET0 PIOc_freedecomp Exit - MemInfo: [/proc/self/status]	VmPin:	       0 kB
20220312 061430.757 INFO             PET0 PIOc_freedecomp Exit - MemInfo: [/proc/self/status]	VmHWM:	   64868 kB
20220312 061430.757 INFO             PET0 PIOc_freedecomp Exit - MemInfo: [/proc/self/status]	VmRSS:	   36572 kB
20220312 061430.757 INFO             PET0 PIOc_freedecomp Exit - MemInfo: [/proc/self/status]	VmData:	   32136 kB
20220312 061430.757 INFO             PET0 PIOc_freedecomp Exit - MemInfo: [/proc/self/status]	VmStk:	     148 kB
20220312 061430.757 INFO             PET0 PIOc_freedecomp Exit - MemInfo: [/proc/self/status]	VmExe:	     296 kB
20220312 061430.757 INFO             PET0 PIOc_freedecomp Exit - MemInfo: [/proc/self/status]	VmLib:	   49404 kB
20220312 061430.757 INFO             PET0 PIOc_freedecomp Exit - MemInfo: [/proc/self/status]	VmPTE:	     768 kB
20220312 061430.757 INFO             PET0 PIOc_freedecomp Exit - MemInfo: [/proc/self/status]	VmPMD:	      16 kB
20220312 061430.757 INFO             PET0 PIOc_freedecomp Exit - MemInfo: [/proc/self/status]	VmSwap:	       0 kB
20220312 061430.757 INFO             PET0 PIOc_freedecomp Exit - MemInfo: [/proc/self/status]	VmRSSPercent: 0.0558291 %
20220312 061430.757 INFO             PET0 PIOc_freedecomp Exit - MemInfo: [malloc] Non-mmapped space allocated:                20570112 Byte
20220312 061430.757 INFO             PET0 PIOc_freedecomp Exit - MemInfo: [malloc] Space allocated in mmapped regions:          1581056 Byte
20220312 061430.757 INFO             PET0 PIOc_freedecomp Exit - MemInfo: [malloc] Maximum total allocated space:                     0 Byte
20220312 061430.757 INFO             PET0 PIOc_freedecomp Exit - MemInfo: [malloc] Space in freed fastbin blocks:                  1728 Byte
20220312 061430.757 INFO             PET0 PIOc_freedecomp Exit - MemInfo: [malloc] Total allocated space:                       2800272 Byte
20220312 061430.757 INFO             PET0 PIOc_freedecomp Exit - MemInfo: [malloc] Total free space:                           17769840 Byte
20220312 061430.757 INFO             PET0 PIOc_freedecomp Exit - MemInfo: [malloc] Top-most, releasable space:                 17436176 Byte
20220312 061430.757 INFO             PET0 PIOc_freedecomp Exit - MemInfo: [malloc] Total space in use, mmap + non-mmap:         4381328 Byte
20220312 061430.757 INFO             PET0 PIOc_freedecomp Exit - MemInfo: [malloc] Total space held (mmap + non-mmap):         22151168 Byte
20220312 061430.757 INFO             PET0 PIOc_freedecomp Exit - MemInfo: [malloc] Total space used (mmap + non-mmap):          4390656 Byte
20220312 061430.757 INFO             PET0 PIOc_freedecomp Exit - MemInfo: Wall-clock time since execution start:               0.034125 seconds
20220312 061430.757 INFO             PET0  PASS  Read ESMF_Array without Halo from NetCDF file Test, ESMF_ArrayIOUTest.F90, line 330
20220312 061430.757 INFO             PET0  PASS  Compare read in data to the existing data - 3D without halo, ESMF_ArrayIOUTest.F90, line 353
20220312 061430.758 WARNING          PET0 ESMCI_PIO_Handler.C:1343 ESMCI::PIO_Handler::open()  Unable to set fill on file: file3D_withhalo.nc, (PIO/NetCDF error = NetCDF: Write to read only)
20220312 061430.758 INFO             PET0 PIOc_sync Enter - MemInfo: [/proc/meminfo - SSI]	MemTotal:       65507008 kB
20220312 061430.758 INFO             PET0 PIOc_sync Enter - MemInfo: [/proc/meminfo - SSI]	MemFree:        48899192 kB
20220312 061430.758 INFO             PET0 PIOc_sync Enter - MemInfo: [/proc/meminfo - SSI]	MemAvailable:   48657456 kB
20220312 061430.758 INFO             PET0 PIOc_sync Enter - MemInfo: [/proc/meminfo - SSI]	Committed_AS:   13027844 kB
20220312 061430.758 INFO             PET0 PIOc_sync Enter - MemInfo: [/proc/meminfo - SSI]	CommittedPercent: 19.8877 %
20220312 061430.758 INFO             PET0 PIOc_sync Enter - MemInfo: [/proc/self/status]	VmPeak:	  539728 kB
20220312 061430.758 INFO             PET0 PIOc_sync Enter - MemInfo: [/proc/self/status]	VmSize:	  531540 kB
20220312 061430.758 INFO             PET0 PIOc_sync Enter - MemInfo: [/proc/self/status]	VmLck:	       0 kB
20220312 061430.758 INFO             PET0 PIOc_sync Enter - MemInfo: [/proc/self/status]	VmPin:	       0 kB
20220312 061430.759 INFO             PET0 PIOc_sync Enter - MemInfo: [/proc/self/status]	VmHWM:	   64868 kB
20220312 061430.759 INFO             PET0 PIOc_sync Enter - MemInfo: [/proc/self/status]	VmRSS:	   36616 kB
20220312 061430.759 INFO             PET0 PIOc_sync Enter - MemInfo: [/proc/self/status]	VmData:	   32136 kB
20220312 061430.759 INFO             PET0 PIOc_sync Enter - MemInfo: [/proc/self/status]	VmStk:	     148 kB
20220312 061430.759 INFO             PET0 PIOc_sync Enter - MemInfo: [/proc/self/status]	VmExe:	     296 kB
20220312 061430.759 INFO             PET0 PIOc_sync Enter - MemInfo: [/proc/self/status]	VmLib:	   49404 kB
20220312 061430.759 INFO             PET0 PIOc_sync Enter - MemInfo: [/proc/self/status]	VmPTE:	     768 kB
20220312 061430.759 INFO             PET0 PIOc_sync Enter - MemInfo: [/proc/self/status]	VmPMD:	      16 kB
20220312 061430.759 INFO             PET0 PIOc_sync Enter - MemInfo: [/proc/self/status]	VmSwap:	       0 kB
20220312 061430.759 INFO             PET0 PIOc_sync Enter - MemInfo: [/proc/self/status]	VmRSSPercent: 0.0558963 %
20220312 061430.759 INFO             PET0 PIOc_sync Enter - MemInfo: [malloc] Non-mmapped space allocated:                20570112 Byte
20220312 061430.759 INFO             PET0 PIOc_sync Enter - MemInfo: [malloc] Space allocated in mmapped regions:          1581056 Byte
20220312 061430.759 INFO             PET0 PIOc_sync Enter - MemInfo: [malloc] Maximum total allocated space:                     0 Byte
20220312 061430.759 INFO             PET0 PIOc_sync Enter - MemInfo: [malloc] Space in freed fastbin blocks:                  1472 Byte
20220312 061430.759 INFO             PET0 PIOc_sync Enter - MemInfo: [malloc] Total allocated space:                      20151088 Byte
20220312 061430.759 INFO             PET0 PIOc_sync Enter - MemInfo: [malloc] Total free space:                             419024 Byte
20220312 061430.759 INFO             PET0 PIOc_sync Enter - MemInfo: [malloc] Top-most, releasable space:                   134640 Byte
20220312 061430.759 INFO             PET0 PIOc_sync Enter - MemInfo: [malloc] Total space in use, mmap + non-mmap:        21732144 Byte
20220312 061430.759 INFO             PET0 PIOc_sync Enter - MemInfo: [malloc] Total space held (mmap + non-mmap):         22151168 Byte
20220312 061430.759 INFO             PET0 PIOc_sync Enter - MemInfo: [malloc] Total space used (mmap + non-mmap):         21741488 Byte
20220312 061430.759 INFO             PET0 PIOc_sync Enter - MemInfo: Wall-clock time since execution start:              0.0357254 seconds
20220312 061430.759 INFO             PET0 PIOc_sync Exit - MemInfo: [/proc/meminfo - SSI]	MemTotal:       65507008 kB
20220312 061430.759 INFO             PET0 PIOc_sync Exit - MemInfo: [/proc/meminfo - SSI]	MemFree:        48899192 kB
20220312 061430.759 INFO             PET0 PIOc_sync Exit - MemInfo: [/proc/meminfo - SSI]	MemAvailable:   48657456 kB
20220312 061430.759 INFO             PET0 PIOc_sync Exit - MemInfo: [/proc/meminfo - SSI]	Committed_AS:   13027844 kB
20220312 061430.759 INFO             PET0 PIOc_sync Exit - MemInfo: [/proc/meminfo - SSI]	CommittedPercent: 19.8877 %
20220312 061430.759 INFO             PET0 PIOc_sync Exit - MemInfo: [/proc/self/status]	VmPeak:	  539728 kB
20220312 061430.759 INFO             PET0 PIOc_sync Exit - MemInfo: [/proc/self/status]	VmSize:	  531540 kB
20220312 061430.759 INFO             PET0 PIOc_sync Exit - MemInfo: [/proc/self/status]	VmLck:	       0 kB
20220312 061430.759 INFO             PET0 PIOc_sync Exit - MemInfo: [/proc/self/status]	VmPin:	       0 kB
20220312 061430.759 INFO             PET0 PIOc_sync Exit - MemInfo: [/proc/self/status]	VmHWM:	   64868 kB
20220312 061430.759 INFO             PET0 PIOc_sync Exit - MemInfo: [/proc/self/status]	VmRSS:	   36616 kB
20220312 061430.759 INFO             PET0 PIOc_sync Exit - MemInfo: [/proc/self/status]	VmData:	   32136 kB
20220312 061430.759 INFO             PET0 PIOc_sync Exit - MemInfo: [/proc/self/status]	VmStk:	     148 kB
20220312 061430.759 INFO             PET0 PIOc_sync Exit - MemInfo: [/proc/self/status]	VmExe:	     296 kB
20220312 061430.759 INFO             PET0 PIOc_sync Exit - MemInfo: [/proc/self/status]	VmLib:	   49404 kB
20220312 061430.759 INFO             PET0 PIOc_sync Exit - MemInfo: [/proc/self/status]	VmPTE:	     768 kB
20220312 061430.759 INFO             PET0 PIOc_sync Exit - MemInfo: [/proc/self/status]	VmPMD:	      16 kB
20220312 061430.759 INFO             PET0 PIOc_sync Exit - MemInfo: [/proc/self/status]	VmSwap:	       0 kB
20220312 061430.759 INFO             PET0 PIOc_sync Exit - MemInfo: [/proc/self/status]	VmRSSPercent: 0.0558963 %
20220312 061430.759 INFO             PET0 PIOc_sync Exit - MemInfo: [malloc] Non-mmapped space allocated:                20570112 Byte
20220312 061430.759 INFO             PET0 PIOc_sync Exit - MemInfo: [malloc] Space allocated in mmapped regions:          1581056 Byte
20220312 061430.759 INFO             PET0 PIOc_sync Exit - MemInfo: [malloc] Maximum total allocated space:                     0 Byte
20220312 061430.759 INFO             PET0 PIOc_sync Exit - MemInfo: [malloc] Space in freed fastbin blocks:                  1792 Byte
20220312 061430.759 INFO             PET0 PIOc_sync Exit - MemInfo: [malloc] Total allocated space:                      20151088 Byte
20220312 061430.759 INFO             PET0 PIOc_sync Exit - MemInfo: [malloc] Total free space:                             419024 Byte
20220312 061430.759 INFO             PET0 PIOc_sync Exit - MemInfo: [malloc] Top-most, releasable space:                   134640 Byte
20220312 061430.759 INFO             PET0 PIOc_sync Exit - MemInfo: [malloc] Total space in use, mmap + non-mmap:        21732144 Byte
20220312 061430.759 INFO             PET0 PIOc_sync Exit - MemInfo: [malloc] Total space held (mmap + non-mmap):         22151168 Byte
20220312 061430.759 INFO             PET0 PIOc_sync Exit - MemInfo: [malloc] Total space used (mmap + non-mmap):         21741488 Byte
20220312 061430.759 INFO             PET0 PIOc_sync Exit - MemInfo: Wall-clock time since execution start:              0.0361064 seconds
20220312 061430.759 INFO             PET0 PIOc_freedecomp Enter - MemInfo: [/proc/meminfo - SSI]	MemTotal:       65507008 kB
20220312 061430.759 INFO             PET0 PIOc_freedecomp Enter - MemInfo: [/proc/meminfo - SSI]	MemFree:        48899192 kB
20220312 061430.759 INFO             PET0 PIOc_freedecomp Enter - MemInfo: [/proc/meminfo - SSI]	MemAvailable:   48657456 kB
20220312 061430.759 INFO             PET0 PIOc_freedecomp Enter - MemInfo: [/proc/meminfo - SSI]	Committed_AS:   13027844 kB
20220312 061430.759 INFO             PET0 PIOc_freedecomp Enter - MemInfo: [/proc/meminfo - SSI]	CommittedPercent: 19.8877 %
20220312 061430.759 INFO             PET0 PIOc_freedecomp Enter - MemInfo: [/proc/self/status]	VmPeak:	  539728 kB
20220312 061430.759 INFO             PET0 PIOc_freedecomp Enter - MemInfo: [/proc/self/status]	VmSize:	  531540 kB
20220312 061430.759 INFO             PET0 PIOc_freedecomp Enter - MemInfo: [/proc/self/status]	VmLck:	       0 kB
20220312 061430.759 INFO             PET0 PIOc_freedecomp Enter - MemInfo: [/proc/self/status]	VmPin:	       0 kB
20220312 061430.759 INFO             PET0 PIOc_freedecomp Enter - MemInfo: [/proc/self/status]	VmHWM:	   64868 kB
20220312 061430.759 INFO             PET0 PIOc_freedecomp Enter - MemInfo: [/proc/self/status]	VmRSS:	   36616 kB
20220312 061430.759 INFO             PET0 PIOc_freedecomp Enter - MemInfo: [/proc/self/status]	VmData:	   32136 kB
20220312 061430.759 INFO             PET0 PIOc_freedecomp Enter - MemInfo: [/proc/self/status]	VmStk:	     148 kB
20220312 061430.759 INFO             PET0 PIOc_freedecomp Enter - MemInfo: [/proc/self/status]	VmExe:	     296 kB
20220312 061430.759 INFO             PET0 PIOc_freedecomp Enter - MemInfo: [/proc/self/status]	VmLib:	   49404 kB
20220312 061430.759 INFO             PET0 PIOc_freedecomp Enter - MemInfo: [/proc/self/status]	VmPTE:	     768 kB
20220312 061430.759 INFO             PET0 PIOc_freedecomp Enter - MemInfo: [/proc/self/status]	VmPMD:	      16 kB
20220312 061430.759 INFO             PET0 PIOc_freedecomp Enter - MemInfo: [/proc/self/status]	VmSwap:	       0 kB
20220312 061430.759 INFO             PET0 PIOc_freedecomp Enter - MemInfo: [/proc/self/status]	VmRSSPercent: 0.0558963 %
20220312 061430.759 INFO             PET0 PIOc_freedecomp Enter - MemInfo: [malloc] Non-mmapped space allocated:                20570112 Byte
20220312 061430.759 INFO             PET0 PIOc_freedecomp Enter - MemInfo: [malloc] Space allocated in mmapped regions:          1581056 Byte
20220312 061430.759 INFO             PET0 PIOc_freedecomp Enter - MemInfo: [malloc] Maximum total allocated space:                     0 Byte
20220312 061430.759 INFO             PET0 PIOc_freedecomp Enter - MemInfo: [malloc] Space in freed fastbin blocks:                  1552 Byte
20220312 061430.759 INFO             PET0 PIOc_freedecomp Enter - MemInfo: [malloc] Total allocated space:                       2836160 Byte
20220312 061430.759 INFO             PET0 PIOc_freedecomp Enter - MemInfo: [malloc] Total free space:                           17733952 Byte
20220312 061430.759 INFO             PET0 PIOc_freedecomp Enter - MemInfo: [malloc] Top-most, releasable space:                 17436176 Byte
20220312 061430.759 INFO             PET0 PIOc_freedecomp Enter - MemInfo: [malloc] Total space in use, mmap + non-mmap:         4417216 Byte
20220312 061430.759 INFO             PET0 PIOc_freedecomp Enter - MemInfo: [malloc] Total space held (mmap + non-mmap):         22151168 Byte
20220312 061430.759 INFO             PET0 PIOc_freedecomp Enter - MemInfo: [malloc] Total space used (mmap + non-mmap):          4426544 Byte
20220312 061430.759 INFO             PET0 PIOc_freedecomp Enter - MemInfo: Wall-clock time since execution start:              0.0364937 seconds
20220312 061430.760 INFO             PET0 PIOc_freedecomp Exit - MemInfo: [/proc/meminfo - SSI]	MemTotal:       65507008 kB
20220312 061430.760 INFO             PET0 PIOc_freedecomp Exit - MemInfo: [/proc/meminfo - SSI]	MemFree:        48899192 kB
20220312 061430.760 INFO             PET0 PIOc_freedecomp Exit - MemInfo: [/proc/meminfo - SSI]	MemAvailable:   48657456 kB
20220312 061430.760 INFO             PET0 PIOc_freedecomp Exit - MemInfo: [/proc/meminfo - SSI]	Committed_AS:   13027844 kB
20220312 061430.760 INFO             PET0 PIOc_freedecomp Exit - MemInfo: [/proc/meminfo - SSI]	CommittedPercent: 19.8877 %
20220312 061430.760 INFO             PET0 PIOc_freedecomp Exit - MemInfo: [/proc/self/status]	VmPeak:	  539728 kB
20220312 061430.760 INFO             PET0 PIOc_freedecomp Exit - MemInfo: [/proc/self/status]	VmSize:	  531540 kB
20220312 061430.760 INFO             PET0 PIOc_freedecomp Exit - MemInfo: [/proc/self/status]	VmLck:	       0 kB
20220312 061430.760 INFO             PET0 PIOc_freedecomp Exit - MemInfo: [/proc/self/status]	VmPin:	       0 kB
20220312 061430.760 INFO             PET0 PIOc_freedecomp Exit - MemInfo: [/proc/self/status]	VmHWM:	   64868 kB
20220312 061430.760 INFO             PET0 PIOc_freedecomp Exit - MemInfo: [/proc/self/status]	VmRSS:	   36616 kB
20220312 061430.760 INFO             PET0 PIOc_freedecomp Exit - MemInfo: [/proc/self/status]	VmData:	   32136 kB
20220312 061430.760 INFO             PET0 PIOc_freedecomp Exit - MemInfo: [/proc/self/status]	VmStk:	     148 kB
20220312 061430.760 INFO             PET0 PIOc_freedecomp Exit - MemInfo: [/proc/self/status]	VmExe:	     296 kB
20220312 061430.760 INFO             PET0 PIOc_freedecomp Exit - MemInfo: [/proc/self/status]	VmLib:	   49404 kB
20220312 061430.760 INFO             PET0 PIOc_freedecomp Exit - MemInfo: [/proc/self/status]	VmPTE:	     768 kB
20220312 061430.760 INFO             PET0 PIOc_freedecomp Exit - MemInfo: [/proc/self/status]	VmPMD:	      16 kB
20220312 061430.760 INFO             PET0 PIOc_freedecomp Exit - MemInfo: [/proc/self/status]	VmSwap:	       0 kB
20220312 061430.760 INFO             PET0 PIOc_freedecomp Exit - MemInfo: [/proc/self/status]	VmRSSPercent: 0.0558963 %
20220312 061430.760 INFO             PET0 PIOc_freedecomp Exit - MemInfo: [malloc] Non-mmapped space allocated:                20570112 Byte
20220312 061430.760 INFO             PET0 PIOc_freedecomp Exit - MemInfo: [malloc] Space allocated in mmapped regions:          1581056 Byte
20220312 061430.760 INFO             PET0 PIOc_freedecomp Exit - MemInfo: [malloc] Maximum total allocated space:                     0 Byte
20220312 061430.760 INFO             PET0 PIOc_freedecomp Exit - MemInfo: [malloc] Space in freed fastbin blocks:                  2544 Byte
20220312 061430.760 INFO             PET0 PIOc_freedecomp Exit - MemInfo: [malloc] Total allocated space:                       2800320 Byte
20220312 061430.760 INFO             PET0 PIOc_freedecomp Exit - MemInfo: [malloc] Total free space:                           17769792 Byte
20220312 061430.760 INFO             PET0 PIOc_freedecomp Exit - MemInfo: [malloc] Top-most, releasable space:                 17436176 Byte
20220312 061430.760 INFO             PET0 PIOc_freedecomp Exit - MemInfo: [malloc] Total space in use, mmap + non-mmap:         4381376 Byte
20220312 061430.760 INFO             PET0 PIOc_freedecomp Exit - MemInfo: [malloc] Total space held (mmap + non-mmap):         22151168 Byte
20220312 061430.760 INFO             PET0 PIOc_freedecomp Exit - MemInfo: [malloc] Total space used (mmap + non-mmap):          4390704 Byte
20220312 061430.760 INFO             PET0 PIOc_freedecomp Exit - MemInfo: Wall-clock time since execution start:              0.0368497 seconds
20220312 061430.760 INFO             PET0  PASS  Read ESMF_Array with Halo from NetCDF Test, ESMF_ArrayIOUTest.F90, line 380
20220312 061430.760 ERROR            PET0 ESMCI_IO_Handler.C:164 ESMCI::IO_Handler::create() Unknown I/O Format
20220312 061430.760 ERROR            PET0 ESMCI_IO.C:264 ESMCI::IO::read() Invalid argument  - Internal subroutine call returned Error
20220312 061430.760 ERROR            PET0 ESMCI_Array.C:3933 ESMCI::Array::read() Invalid argument  - Internal subroutine call returned Error
20220312 061430.760 ERROR            PET0 ESMCI_Array_F.C:831 c_esmc_arrayread() Invalid argument  - Internal subroutine call returned Error
20220312 061430.760 ERROR            PET0 ESMF_ArrayHa.F90:723 ESMF_ArrayRead Invalid argument  - Internal subroutine call returned Error
20220312 061430.760 INFO             PET0  PASS  Read ESMF_Array with Halo from binary Test, ESMF_ArrayIOUTest.F90, line 394
20220312 061430.760 INFO             PET0  PASS  Compare read in data to the existing NetCDF data - 3D with halo, ESMF_ArrayIOUTest.F90, line 412
20220312 061430.760 ERROR            PET0 ESMCI_Array.C:3914 ESMCI::Array::read() Invalid argument  - Array variable name not allowed in binary mode
20220312 061430.760 ERROR            PET0 ESMCI_Array_F.C:831 c_esmc_arrayread() Invalid argument  - Internal subroutine call returned Error
20220312 061430.760 ERROR            PET0 ESMF_ArrayHa.F90:723 ESMF_ArrayRead Invalid argument  - Internal subroutine call returned Error
20220312 061430.760 INFO             PET0  PASS  Read ESMF_Array variable with Halo from binary Test, ESMF_ArrayIOUTest.F90, line 430
20220312 061430.761 INFO             PET0 PIOc_sync Enter - MemInfo: [/proc/meminfo - SSI]	MemTotal:       65507008 kB
20220312 061430.761 INFO             PET0 PIOc_sync Enter - MemInfo: [/proc/meminfo - SSI]	MemFree:        48899192 kB
20220312 061430.761 INFO             PET0 PIOc_sync Enter - MemInfo: [/proc/meminfo - SSI]	MemAvailable:   48657456 kB
20220312 061430.761 INFO             PET0 PIOc_sync Enter - MemInfo: [/proc/meminfo - SSI]	Committed_AS:   13027844 kB
20220312 061430.761 INFO             PET0 PIOc_sync Enter - MemInfo: [/proc/meminfo - SSI]	CommittedPercent: 19.8877 %
20220312 061430.761 INFO             PET0 PIOc_sync Enter - MemInfo: [/proc/self/status]	VmPeak:	  539728 kB
20220312 061430.761 INFO             PET0 PIOc_sync Enter - MemInfo: [/proc/self/status]	VmSize:	  531540 kB
20220312 061430.761 INFO             PET0 PIOc_sync Enter - MemInfo: [/proc/self/status]	VmLck:	       0 kB
20220312 061430.761 INFO             PET0 PIOc_sync Enter - MemInfo: [/proc/self/status]	VmPin:	       0 kB
20220312 061430.761 INFO             PET0 PIOc_sync Enter - MemInfo: [/proc/self/status]	VmHWM:	   64868 kB
20220312 061430.761 INFO             PET0 PIOc_sync Enter - MemInfo: [/proc/self/status]	VmRSS:	   36624 kB
20220312 061430.761 INFO             PET0 PIOc_sync Enter - MemInfo: [/proc/self/status]	VmData:	   32136 kB
20220312 061430.761 INFO             PET0 PIOc_sync Enter - MemInfo: [/proc/self/status]	VmStk:	     148 kB
20220312 061430.761 INFO             PET0 PIOc_sync Enter - MemInfo: [/proc/self/status]	VmExe:	     296 kB
20220312 061430.761 INFO             PET0 PIOc_sync Enter - MemInfo: [/proc/self/status]	VmLib:	   49404 kB
20220312 061430.761 INFO             PET0 PIOc_sync Enter - MemInfo: [/proc/self/status]	VmPTE:	     768 kB
20220312 061430.761 INFO             PET0 PIOc_sync Enter - MemInfo: [/proc/self/status]	VmPMD:	      16 kB
20220312 061430.761 INFO             PET0 PIOc_sync Enter - MemInfo: [/proc/self/status]	VmSwap:	       0 kB
20220312 061430.761 INFO             PET0 PIOc_sync Enter - MemInfo: [/proc/self/status]	VmRSSPercent: 0.0559085 %
20220312 061430.761 INFO             PET0 PIOc_sync Enter - MemInfo: [malloc] Non-mmapped space allocated:                20570112 Byte
20220312 061430.761 INFO             PET0 PIOc_sync Enter - MemInfo: [malloc] Space allocated in mmapped regions:          1581056 Byte
20220312 061430.761 INFO             PET0 PIOc_sync Enter - MemInfo: [malloc] Maximum total allocated space:                     0 Byte
20220312 061430.761 INFO             PET0 PIOc_sync Enter - MemInfo: [malloc] Space in freed fastbin blocks:                  1520 Byte
20220312 061430.761 INFO             PET0 PIOc_sync Enter - MemInfo: [malloc] Total allocated space:                      20134048 Byte
20220312 061430.761 INFO             PET0 PIOc_sync Enter - MemInfo: [malloc] Total free space:                             436064 Byte
20220312 061430.761 INFO             PET0 PIOc_sync Enter - MemInfo: [malloc] Top-most, releasable space:                   134640 Byte
20220312 061430.761 INFO             PET0 PIOc_sync Enter - MemInfo: [malloc] Total space in use, mmap + non-mmap:        21715104 Byte
20220312 061430.761 INFO             PET0 PIOc_sync Enter - MemInfo: [malloc] Total space held (mmap + non-mmap):         22151168 Byte
20220312 061430.761 INFO             PET0 PIOc_sync Enter - MemInfo: [malloc] Total space used (mmap + non-mmap):         21724432 Byte
20220312 061430.761 INFO             PET0 PIOc_sync Enter - MemInfo: Wall-clock time since execution start:              0.0385051 seconds
20220312 061430.762 INFO             PET0 PIOc_sync Exit - MemInfo: [/proc/meminfo - SSI]	MemTotal:       65507008 kB
20220312 061430.762 INFO             PET0 PIOc_sync Exit - MemInfo: [/proc/meminfo - SSI]	MemFree:        48899192 kB
20220312 061430.762 INFO             PET0 PIOc_sync Exit - MemInfo: [/proc/meminfo - SSI]	MemAvailable:   48657456 kB
20220312 061430.762 INFO             PET0 PIOc_sync Exit - MemInfo: [/proc/meminfo - SSI]	Committed_AS:   13027844 kB
20220312 061430.762 INFO             PET0 PIOc_sync Exit - MemInfo: [/proc/meminfo - SSI]	CommittedPercent: 19.8877 %
20220312 061430.762 INFO             PET0 PIOc_sync Exit - MemInfo: [/proc/self/status]	VmPeak:	  539728 kB
20220312 061430.762 INFO             PET0 PIOc_sync Exit - MemInfo: [/proc/self/status]	VmSize:	  531540 kB
20220312 061430.762 INFO             PET0 PIOc_sync Exit - MemInfo: [/proc/self/status]	VmLck:	       0 kB
20220312 061430.762 INFO             PET0 PIOc_sync Exit - MemInfo: [/proc/self/status]	VmPin:	       0 kB
20220312 061430.762 INFO             PET0 PIOc_sync Exit - MemInfo: [/proc/self/status]	VmHWM:	   64868 kB
20220312 061430.762 INFO             PET0 PIOc_sync Exit - MemInfo: [/proc/self/status]	VmRSS:	   36624 kB
20220312 061430.762 INFO             PET0 PIOc_sync Exit - MemInfo: [/proc/self/status]	VmData:	   32136 kB
20220312 061430.762 INFO             PET0 PIOc_sync Exit - MemInfo: [/proc/self/status]	VmStk:	     148 kB
20220312 061430.762 INFO             PET0 PIOc_sync Exit - MemInfo: [/proc/self/status]	VmExe:	     296 kB
20220312 061430.762 INFO             PET0 PIOc_sync Exit - MemInfo: [/proc/self/status]	VmLib:	   49404 kB
20220312 061430.762 INFO             PET0 PIOc_sync Exit - MemInfo: [/proc/self/status]	VmPTE:	     768 kB
20220312 061430.762 INFO             PET0 PIOc_sync Exit - MemInfo: [/proc/self/status]	VmPMD:	      16 kB
20220312 061430.762 INFO             PET0 PIOc_sync Exit - MemInfo: [/proc/self/status]	VmSwap:	       0 kB
20220312 061430.762 INFO             PET0 PIOc_sync Exit - MemInfo: [/proc/self/status]	VmRSSPercent: 0.0559085 %
20220312 061430.762 INFO             PET0 PIOc_sync Exit - MemInfo: [malloc] Non-mmapped space allocated:                20570112 Byte
20220312 061430.762 INFO             PET0 PIOc_sync Exit - MemInfo: [malloc] Space allocated in mmapped regions:          1581056 Byte
20220312 061430.762 INFO             PET0 PIOc_sync Exit - MemInfo: [malloc] Maximum total allocated space:                     0 Byte
20220312 061430.762 INFO             PET0 PIOc_sync Exit - MemInfo: [malloc] Space in freed fastbin blocks:                  1792 Byte
20220312 061430.762 INFO             PET0 PIOc_sync Exit - MemInfo: [malloc] Total allocated space:                      20151792 Byte
20220312 061430.762 INFO             PET0 PIOc_sync Exit - MemInfo: [malloc] Total free space:                             418320 Byte
20220312 061430.762 INFO             PET0 PIOc_sync Exit - MemInfo: [malloc] Top-most, releasable space:                   134640 Byte
20220312 061430.762 INFO             PET0 PIOc_sync Exit - MemInfo: [malloc] Total space in use, mmap + non-mmap:        21732848 Byte
20220312 061430.762 INFO             PET0 PIOc_sync Exit - MemInfo: [malloc] Total space held (mmap + non-mmap):         22151168 Byte
20220312 061430.762 INFO             PET0 PIOc_sync Exit - MemInfo: [malloc] Total space used (mmap + non-mmap):         21742176 Byte
20220312 061430.762 INFO             PET0 PIOc_sync Exit - MemInfo: Wall-clock time since execution start:              0.0389565 seconds
20220312 061430.762 INFO             PET0 PIOc_freedecomp Enter - MemInfo: [/proc/meminfo - SSI]	MemTotal:       65507008 kB
20220312 061430.762 INFO             PET0 PIOc_freedecomp Enter - MemInfo: [/proc/meminfo - SSI]	MemFree:        48899192 kB
20220312 061430.762 INFO             PET0 PIOc_freedecomp Enter - MemInfo: [/proc/meminfo - SSI]	MemAvailable:   48657456 kB
20220312 061430.762 INFO             PET0 PIOc_freedecomp Enter - MemInfo: [/proc/meminfo - SSI]	Committed_AS:   13027844 kB
20220312 061430.762 INFO             PET0 PIOc_freedecomp Enter - MemInfo: [/proc/meminfo - SSI]	CommittedPercent: 19.8877 %
20220312 061430.762 INFO             PET0 PIOc_freedecomp Enter - MemInfo: [/proc/self/status]	VmPeak:	  539728 kB
20220312 061430.762 INFO             PET0 PIOc_freedecomp Enter - MemInfo: [/proc/self/status]	VmSize:	  531540 kB
20220312 061430.762 INFO             PET0 PIOc_freedecomp Enter - MemInfo: [/proc/self/status]	VmLck:	       0 kB
20220312 061430.762 INFO             PET0 PIOc_freedecomp Enter - MemInfo: [/proc/self/status]	VmPin:	       0 kB
20220312 061430.762 INFO             PET0 PIOc_freedecomp Enter - MemInfo: [/proc/self/status]	VmHWM:	   64868 kB
20220312 061430.762 INFO             PET0 PIOc_freedecomp Enter - MemInfo: [/proc/self/status]	VmRSS:	   36628 kB
20220312 061430.762 INFO             PET0 PIOc_freedecomp Enter - MemInfo: [/proc/self/status]	VmData:	   32136 kB
20220312 061430.762 INFO             PET0 PIOc_freedecomp Enter - MemInfo: [/proc/self/status]	VmStk:	     148 kB
20220312 061430.762 INFO             PET0 PIOc_freedecomp Enter - MemInfo: [/proc/self/status]	VmExe:	     296 kB
20220312 061430.762 INFO             PET0 PIOc_freedecomp Enter - MemInfo: [/proc/self/status]	VmLib:	   49404 kB
20220312 061430.762 INFO             PET0 PIOc_freedecomp Enter - MemInfo: [/proc/self/status]	VmPTE:	     768 kB
20220312 061430.762 INFO             PET0 PIOc_freedecomp Enter - MemInfo: [/proc/self/status]	VmPMD:	      16 kB
20220312 061430.762 INFO             PET0 PIOc_freedecomp Enter - MemInfo: [/proc/self/status]	VmSwap:	       0 kB
20220312 061430.762 INFO             PET0 PIOc_freedecomp Enter - MemInfo: [/proc/self/status]	VmRSSPercent: 0.0559146 %
20220312 061430.762 INFO             PET0 PIOc_freedecomp Enter - MemInfo: [malloc] Non-mmapped space allocated:                20570112 Byte
20220312 061430.762 INFO             PET0 PIOc_freedecomp Enter - MemInfo: [malloc] Space allocated in mmapped regions:          1581056 Byte
20220312 061430.762 INFO             PET0 PIOc_freedecomp Enter - MemInfo: [malloc] Maximum total allocated space:                     0 Byte
20220312 061430.762 INFO             PET0 PIOc_freedecomp Enter - MemInfo: [malloc] Space in freed fastbin blocks:                  1712 Byte
20220312 061430.762 INFO             PET0 PIOc_freedecomp Enter - MemInfo: [malloc] Total allocated space:                       2836048 Byte
20220312 061430.762 INFO             PET0 PIOc_freedecomp Enter - MemInfo: [malloc] Total free space:                           17734064 Byte
20220312 061430.762 INFO             PET0 PIOc_freedecomp Enter - MemInfo: [malloc] Top-most, releasable space:                 17436176 Byte
20220312 061430.762 INFO             PET0 PIOc_freedecomp Enter - MemInfo: [malloc] Total space in use, mmap + non-mmap:         4417104 Byte
20220312 061430.762 INFO             PET0 PIOc_freedecomp Enter - MemInfo: [malloc] Total space held (mmap + non-mmap):         22151168 Byte
20220312 061430.762 INFO             PET0 PIOc_freedecomp Enter - MemInfo: [malloc] Total space used (mmap + non-mmap):          4426432 Byte
20220312 061430.762 INFO             PET0 PIOc_freedecomp Enter - MemInfo: Wall-clock time since execution start:              0.0393524 seconds
20220312 061430.762 INFO             PET0 PIOc_freedecomp Exit - MemInfo: [/proc/meminfo - SSI]	MemTotal:       65507008 kB
20220312 061430.762 INFO             PET0 PIOc_freedecomp Exit - MemInfo: [/proc/meminfo - SSI]	MemFree:        48899192 kB
20220312 061430.762 INFO             PET0 PIOc_freedecomp Exit - MemInfo: [/proc/meminfo - SSI]	MemAvailable:   48657456 kB
20220312 061430.762 INFO             PET0 PIOc_freedecomp Exit - MemInfo: [/proc/meminfo - SSI]	Committed_AS:   13027844 kB
20220312 061430.762 INFO             PET0 PIOc_freedecomp Exit - MemInfo: [/proc/meminfo - SSI]	CommittedPercent: 19.8877 %
20220312 061430.762 INFO             PET0 PIOc_freedecomp Exit - MemInfo: [/proc/self/status]	VmPeak:	  539728 kB
20220312 061430.762 INFO             PET0 PIOc_freedecomp Exit - MemInfo: [/proc/self/status]	VmSize:	  531540 kB
20220312 061430.762 INFO             PET0 PIOc_freedecomp Exit - MemInfo: [/proc/self/status]	VmLck:	       0 kB
20220312 061430.762 INFO             PET0 PIOc_freedecomp Exit - MemInfo: [/proc/self/status]	VmPin:	       0 kB
20220312 061430.762 INFO             PET0 PIOc_freedecomp Exit - MemInfo: [/proc/self/status]	VmHWM:	   64868 kB
20220312 061430.762 INFO             PET0 PIOc_freedecomp Exit - MemInfo: [/proc/self/status]	VmRSS:	   36628 kB
20220312 061430.763 INFO             PET0 PIOc_freedecomp Exit - MemInfo: [/proc/self/status]	VmData:	   32136 kB
20220312 061430.763 INFO             PET0 PIOc_freedecomp Exit - MemInfo: [/proc/self/status]	VmStk:	     148 kB
20220312 061430.763 INFO             PET0 PIOc_freedecomp Exit - MemInfo: [/proc/self/status]	VmExe:	     296 kB
20220312 061430.763 INFO             PET0 PIOc_freedecomp Exit - MemInfo: [/proc/self/status]	VmLib:	   49404 kB
20220312 061430.763 INFO             PET0 PIOc_freedecomp Exit - MemInfo: [/proc/self/status]	VmPTE:	     768 kB
20220312 061430.763 INFO             PET0 PIOc_freedecomp Exit - MemInfo: [/proc/self/status]	VmPMD:	      16 kB
20220312 061430.763 INFO             PET0 PIOc_freedecomp Exit - MemInfo: [/proc/self/status]	VmSwap:	       0 kB
20220312 061430.763 INFO             PET0 PIOc_freedecomp Exit - MemInfo: [/proc/self/status]	VmRSSPercent: 0.0559146 %
20220312 061430.763 INFO             PET0 PIOc_freedecomp Exit - MemInfo: [malloc] Non-mmapped space allocated:                20570112 Byte
20220312 061430.763 INFO             PET0 PIOc_freedecomp Exit - MemInfo: [malloc] Space allocated in mmapped regions:          1581056 Byte
20220312 061430.763 INFO             PET0 PIOc_freedecomp Exit - MemInfo: [malloc] Maximum total allocated space:                     0 Byte
20220312 061430.763 INFO             PET0 PIOc_freedecomp Exit - MemInfo: [malloc] Space in freed fastbin blocks:                  2912 Byte
20220312 061430.763 INFO             PET0 PIOc_freedecomp Exit - MemInfo: [malloc] Total allocated space:                       2800176 Byte
20220312 061430.763 INFO             PET0 PIOc_freedecomp Exit - MemInfo: [malloc] Total free space:                           17769936 Byte
20220312 061430.763 INFO             PET0 PIOc_freedecomp Exit - MemInfo: [malloc] Top-most, releasable space:                 17436176 Byte
20220312 061430.763 INFO             PET0 PIOc_freedecomp Exit - MemInfo: [malloc] Total space in use, mmap + non-mmap:         4381232 Byte
20220312 061430.763 INFO             PET0 PIOc_freedecomp Exit - MemInfo: [malloc] Total space held (mmap + non-mmap):         22151168 Byte
20220312 061430.763 INFO             PET0 PIOc_freedecomp Exit - MemInfo: [malloc] Total space used (mmap + non-mmap):          4390560 Byte
20220312 061430.763 INFO             PET0 PIOc_freedecomp Exit - MemInfo: Wall-clock time since execution start:              0.0397088 seconds
20220312 061430.763 INFO             PET0  PASS  Write ESMF_Array with Halo to NetCDF variable copy Test, ESMF_ArrayIOUTest.F90, line 442
20220312 061430.763 INFO             PET0  PASS  Destroy Array with Halo, ESMF_ArrayIOUTest.F90, line 453
20220312 061430.763 INFO             PET0  PASS  Destroy Array without Halo, ESMF_ArrayIOUTest.F90, line 460
20220312 061430.763 INFO             PET0  PASS  Destroy DistGrid, ESMF_ArrayIOUTest.F90, line 467
20220312 061430.763 INFO             PET0  PASS  dstDistgrid Create Test, ESMF_ArrayIOUTest.F90, line 485
20220312 061430.763 INFO             PET0  PASS  Array Spec Set Test, ESMF_ArrayIOUTest.F90, line 493
20220312 061430.763 INFO             PET0  PASS  Array with Halo Create Test, ESMF_ArrayIOUTest.F90, line 507
20220312 061430.763 INFO             PET0  PASS  Array without Halo Create Test, ESMF_ArrayIOUTest.F90, line 517
20220312 061430.764 INFO             PET0 PIOc_sync Enter - MemInfo: [/proc/meminfo - SSI]	MemTotal:       65507008 kB
20220312 061430.764 INFO             PET0 PIOc_sync Enter - MemInfo: [/proc/meminfo - SSI]	MemFree:        48899192 kB
20220312 061430.764 INFO             PET0 PIOc_sync Enter - MemInfo: [/proc/meminfo - SSI]	MemAvailable:   48657456 kB
20220312 061430.764 INFO             PET0 PIOc_sync Enter - MemInfo: [/proc/meminfo - SSI]	Committed_AS:   13027844 kB
20220312 061430.765 INFO             PET0 PIOc_sync Enter - MemInfo: [/proc/meminfo - SSI]	CommittedPercent: 19.8877 %
20220312 061430.765 INFO             PET0 PIOc_sync Enter - MemInfo: [/proc/self/status]	VmPeak:	  539728 kB
20220312 061430.765 INFO             PET0 PIOc_sync Enter - MemInfo: [/proc/self/status]	VmSize:	  531540 kB
20220312 061430.765 INFO             PET0 PIOc_sync Enter - MemInfo: [/proc/self/status]	VmLck:	       0 kB
20220312 061430.765 INFO             PET0 PIOc_sync Enter - MemInfo: [/proc/self/status]	VmPin:	       0 kB
20220312 061430.765 INFO             PET0 PIOc_sync Enter - MemInfo: [/proc/self/status]	VmHWM:	   64868 kB
20220312 061430.765 INFO             PET0 PIOc_sync Enter - MemInfo: [/proc/self/status]	VmRSS:	   36704 kB
20220312 061430.765 INFO             PET0 PIOc_sync Enter - MemInfo: [/proc/self/status]	VmData:	   32136 kB
20220312 061430.765 INFO             PET0 PIOc_sync Enter - MemInfo: [/proc/self/status]	VmStk:	     148 kB
20220312 061430.765 INFO             PET0 PIOc_sync Enter - MemInfo: [/proc/self/status]	VmExe:	     296 kB
20220312 061430.765 INFO             PET0 PIOc_sync Enter - MemInfo: [/proc/self/status]	VmLib:	   49404 kB
20220312 061430.765 INFO             PET0 PIOc_sync Enter - MemInfo: [/proc/self/status]	VmPTE:	     768 kB
20220312 061430.765 INFO             PET0 PIOc_sync Enter - MemInfo: [/proc/self/status]	VmPMD:	      16 kB
20220312 061430.765 INFO             PET0 PIOc_sync Enter - MemInfo: [/proc/self/status]	VmSwap:	       0 kB
20220312 061430.765 INFO             PET0 PIOc_sync Enter - MemInfo: [/proc/self/status]	VmRSSPercent: 0.0560306 %
20220312 061430.765 INFO             PET0 PIOc_sync Enter - MemInfo: [malloc] Non-mmapped space allocated:                20570112 Byte
20220312 061430.765 INFO             PET0 PIOc_sync Enter - MemInfo: [malloc] Space allocated in mmapped regions:          1581056 Byte
20220312 061430.765 INFO             PET0 PIOc_sync Enter - MemInfo: [malloc] Maximum total allocated space:                     0 Byte
20220312 061430.765 INFO             PET0 PIOc_sync Enter - MemInfo: [malloc] Space in freed fastbin blocks:                  1536 Byte
20220312 061430.765 INFO             PET0 PIOc_sync Enter - MemInfo: [malloc] Total allocated space:                      20123504 Byte
20220312 061430.765 INFO             PET0 PIOc_sync Enter - MemInfo: [malloc] Total free space:                             446608 Byte
20220312 061430.765 INFO             PET0 PIOc_sync Enter - MemInfo: [malloc] Top-most, releasable space:                   134640 Byte
20220312 061430.765 INFO             PET0 PIOc_sync Enter - MemInfo: [malloc] Total space in use, mmap + non-mmap:        21704560 Byte
20220312 061430.765 INFO             PET0 PIOc_sync Enter - MemInfo: [malloc] Total space held (mmap + non-mmap):         22151168 Byte
20220312 061430.765 INFO             PET0 PIOc_sync Enter - MemInfo: [malloc] Total space used (mmap + non-mmap):         21713888 Byte
20220312 061430.765 INFO             PET0 PIOc_sync Enter - MemInfo: Wall-clock time since execution start:              0.0418291 seconds
20220312 061430.765 INFO             PET0 PIOc_sync Exit - MemInfo: [/proc/meminfo - SSI]	MemTotal:       65507008 kB
20220312 061430.765 INFO             PET0 PIOc_sync Exit - MemInfo: [/proc/meminfo - SSI]	MemFree:        48899192 kB
20220312 061430.765 INFO             PET0 PIOc_sync Exit - MemInfo: [/proc/meminfo - SSI]	MemAvailable:   48657456 kB
20220312 061430.765 INFO             PET0 PIOc_sync Exit - MemInfo: [/proc/meminfo - SSI]	Committed_AS:   13027844 kB
20220312 061430.765 INFO             PET0 PIOc_sync Exit - MemInfo: [/proc/meminfo - SSI]	CommittedPercent: 19.8877 %
20220312 061430.765 INFO             PET0 PIOc_sync Exit - MemInfo: [/proc/self/status]	VmPeak:	  539728 kB
20220312 061430.765 INFO             PET0 PIOc_sync Exit - MemInfo: [/proc/self/status]	VmSize:	  531540 kB
20220312 061430.765 INFO             PET0 PIOc_sync Exit - MemInfo: [/proc/self/status]	VmLck:	       0 kB
20220312 061430.765 INFO             PET0 PIOc_sync Exit - MemInfo: [/proc/self/status]	VmPin:	       0 kB
20220312 061430.765 INFO             PET0 PIOc_sync Exit - MemInfo: [/proc/self/status]	VmHWM:	   64868 kB
20220312 061430.765 INFO             PET0 PIOc_sync Exit - MemInfo: [/proc/self/status]	VmRSS:	   36712 kB
20220312 061430.765 INFO             PET0 PIOc_sync Exit - MemInfo: [/proc/self/status]	VmData:	   32136 kB
20220312 061430.765 INFO             PET0 PIOc_sync Exit - MemInfo: [/proc/self/status]	VmStk:	     148 kB
20220312 061430.765 INFO             PET0 PIOc_sync Exit - MemInfo: [/proc/self/status]	VmExe:	     296 kB
20220312 061430.765 INFO             PET0 PIOc_sync Exit - MemInfo: [/proc/self/status]	VmLib:	   49404 kB
20220312 061430.765 INFO             PET0 PIOc_sync Exit - MemInfo: [/proc/self/status]	VmPTE:	     768 kB
20220312 061430.765 INFO             PET0 PIOc_sync Exit - MemInfo: [/proc/self/status]	VmPMD:	      16 kB
20220312 061430.765 INFO             PET0 PIOc_sync Exit - MemInfo: [/proc/self/status]	VmSwap:	       0 kB
20220312 061430.765 INFO             PET0 PIOc_sync Exit - MemInfo: [/proc/self/status]	VmRSSPercent: 0.0560429 %
20220312 061430.765 INFO             PET0 PIOc_sync Exit - MemInfo: [malloc] Non-mmapped space allocated:                20570112 Byte
20220312 061430.765 INFO             PET0 PIOc_sync Exit - MemInfo: [malloc] Space allocated in mmapped regions:          1581056 Byte
20220312 061430.765 INFO             PET0 PIOc_sync Exit - MemInfo: [malloc] Maximum total allocated space:                     0 Byte
20220312 061430.765 INFO             PET0 PIOc_sync Exit - MemInfo: [malloc] Space in freed fastbin blocks:                  2016 Byte
20220312 061430.765 INFO             PET0 PIOc_sync Exit - MemInfo: [malloc] Total allocated space:                      20129808 Byte
20220312 061430.765 INFO             PET0 PIOc_sync Exit - MemInfo: [malloc] Total free space:                             440304 Byte
20220312 061430.765 INFO             PET0 PIOc_sync Exit - MemInfo: [malloc] Top-most, releasable space:                   134640 Byte
20220312 061430.765 INFO             PET0 PIOc_sync Exit - MemInfo: [malloc] Total space in use, mmap + non-mmap:        21710864 Byte
20220312 061430.765 INFO             PET0 PIOc_sync Exit - MemInfo: [malloc] Total space held (mmap + non-mmap):         22151168 Byte
20220312 061430.765 INFO             PET0 PIOc_sync Exit - MemInfo: [malloc] Total space used (mmap + non-mmap):         21720192 Byte
20220312 061430.765 INFO             PET0 PIOc_sync Exit - MemInfo: Wall-clock time since execution start:              0.0422914 seconds
20220312 061430.765 INFO             PET0 PIOc_freedecomp Enter - MemInfo: [/proc/meminfo - SSI]	MemTotal:       65507008 kB
20220312 061430.765 INFO             PET0 PIOc_freedecomp Enter - MemInfo: [/proc/meminfo - SSI]	MemFree:        48899192 kB
20220312 061430.765 INFO             PET0 PIOc_freedecomp Enter - MemInfo: [/proc/meminfo - SSI]	MemAvailable:   48657456 kB
20220312 061430.765 INFO             PET0 PIOc_freedecomp Enter - MemInfo: [/proc/meminfo - SSI]	Committed_AS:   13027844 kB
20220312 061430.765 INFO             PET0 PIOc_freedecomp Enter - MemInfo: [/proc/meminfo - SSI]	CommittedPercent: 19.8877 %
20220312 061430.765 INFO             PET0 PIOc_freedecomp Enter - MemInfo: [/proc/self/status]	VmPeak:	  539728 kB
20220312 061430.765 INFO             PET0 PIOc_freedecomp Enter - MemInfo: [/proc/self/status]	VmSize:	  531540 kB
20220312 061430.765 INFO             PET0 PIOc_freedecomp Enter - MemInfo: [/proc/self/status]	VmLck:	       0 kB
20220312 061430.765 INFO             PET0 PIOc_freedecomp Enter - MemInfo: [/proc/self/status]	VmPin:	       0 kB
20220312 061430.765 INFO             PET0 PIOc_freedecomp Enter - MemInfo: [/proc/self/status]	VmHWM:	   64868 kB
20220312 061430.765 INFO             PET0 PIOc_freedecomp Enter - MemInfo: [/proc/self/status]	VmRSS:	   36712 kB
20220312 061430.765 INFO             PET0 PIOc_freedecomp Enter - MemInfo: [/proc/self/status]	VmData:	   32136 kB
20220312 061430.766 INFO             PET0 PIOc_freedecomp Enter - MemInfo: [/proc/self/status]	VmStk:	     148 kB
20220312 061430.766 INFO             PET0 PIOc_freedecomp Enter - MemInfo: [/proc/self/status]	VmExe:	     296 kB
20220312 061430.766 INFO             PET0 PIOc_freedecomp Enter - MemInfo: [/proc/self/status]	VmLib:	   49404 kB
20220312 061430.766 INFO             PET0 PIOc_freedecomp Enter - MemInfo: [/proc/self/status]	VmPTE:	     768 kB
20220312 061430.766 INFO             PET0 PIOc_freedecomp Enter - MemInfo: [/proc/self/status]	VmPMD:	      16 kB
20220312 061430.766 INFO             PET0 PIOc_freedecomp Enter - MemInfo: [/proc/self/status]	VmSwap:	       0 kB
20220312 061430.766 INFO             PET0 PIOc_freedecomp Enter - MemInfo: [/proc/self/status]	VmRSSPercent: 0.0560429 %
20220312 061430.766 INFO             PET0 PIOc_freedecomp Enter - MemInfo: [malloc] Non-mmapped space allocated:                20570112 Byte
20220312 061430.766 INFO             PET0 PIOc_freedecomp Enter - MemInfo: [malloc] Space allocated in mmapped regions:          1581056 Byte
20220312 061430.766 INFO             PET0 PIOc_freedecomp Enter - MemInfo: [malloc] Maximum total allocated space:                     0 Byte
20220312 061430.766 INFO             PET0 PIOc_freedecomp Enter - MemInfo: [malloc] Space in freed fastbin blocks:                  1600 Byte
20220312 061430.766 INFO             PET0 PIOc_freedecomp Enter - MemInfo: [malloc] Total allocated space:                       2814976 Byte
20220312 061430.766 INFO             PET0 PIOc_freedecomp Enter - MemInfo: [malloc] Total free space:                           17755136 Byte
20220312 061430.766 INFO             PET0 PIOc_freedecomp Enter - MemInfo: [malloc] Top-most, releasable space:                 17436176 Byte
20220312 061430.766 INFO             PET0 PIOc_freedecomp Enter - MemInfo: [malloc] Total space in use, mmap + non-mmap:         4396032 Byte
20220312 061430.766 INFO             PET0 PIOc_freedecomp Enter - MemInfo: [malloc] Total space held (mmap + non-mmap):         22151168 Byte
20220312 061430.766 INFO             PET0 PIOc_freedecomp Enter - MemInfo: [malloc] Total space used (mmap + non-mmap):          4405360 Byte
20220312 061430.766 INFO             PET0 PIOc_freedecomp Enter - MemInfo: Wall-clock time since execution start:              0.0427065 seconds
20220312 061430.766 INFO             PET0 PIOc_freedecomp Exit - MemInfo: [/proc/meminfo - SSI]	MemTotal:       65507008 kB
20220312 061430.766 INFO             PET0 PIOc_freedecomp Exit - MemInfo: [/proc/meminfo - SSI]	MemFree:        48899192 kB
20220312 061430.766 INFO             PET0 PIOc_freedecomp Exit - MemInfo: [/proc/meminfo - SSI]	MemAvailable:   48657456 kB
20220312 061430.766 INFO             PET0 PIOc_freedecomp Exit - MemInfo: [/proc/meminfo - SSI]	Committed_AS:   13027844 kB
20220312 061430.766 INFO             PET0 PIOc_freedecomp Exit - MemInfo: [/proc/meminfo - SSI]	CommittedPercent: 19.8877 %
20220312 061430.766 INFO             PET0 PIOc_freedecomp Exit - MemInfo: [/proc/self/status]	VmPeak:	  539728 kB
20220312 061430.766 INFO             PET0 PIOc_freedecomp Exit - MemInfo: [/proc/self/status]	VmSize:	  531540 kB
20220312 061430.766 INFO             PET0 PIOc_freedecomp Exit - MemInfo: [/proc/self/status]	VmLck:	       0 kB
20220312 061430.766 INFO             PET0 PIOc_freedecomp Exit - MemInfo: [/proc/self/status]	VmPin:	       0 kB
20220312 061430.766 INFO             PET0 PIOc_freedecomp Exit - MemInfo: [/proc/self/status]	VmHWM:	   64868 kB
20220312 061430.766 INFO             PET0 PIOc_freedecomp Exit - MemInfo: [/proc/self/status]	VmRSS:	   36712 kB
20220312 061430.766 INFO             PET0 PIOc_freedecomp Exit - MemInfo: [/proc/self/status]	VmData:	   32136 kB
20220312 061430.766 INFO             PET0 PIOc_freedecomp Exit - MemInfo: [/proc/self/status]	VmStk:	     148 kB
20220312 061430.766 INFO             PET0 PIOc_freedecomp Exit - MemInfo: [/proc/self/status]	VmExe:	     296 kB
20220312 061430.766 INFO             PET0 PIOc_freedecomp Exit - MemInfo: [/proc/self/status]	VmLib:	   49404 kB
20220312 061430.766 INFO             PET0 PIOc_freedecomp Exit - MemInfo: [/proc/self/status]	VmPTE:	     768 kB
20220312 061430.766 INFO             PET0 PIOc_freedecomp Exit - MemInfo: [/proc/self/status]	VmPMD:	      16 kB
20220312 061430.766 INFO             PET0 PIOc_freedecomp Exit - MemInfo: [/proc/self/status]	VmSwap:	       0 kB
20220312 061430.766 INFO             PET0 PIOc_freedecomp Exit - MemInfo: [/proc/self/status]	VmRSSPercent: 0.0560429 %
20220312 061430.766 INFO             PET0 PIOc_freedecomp Exit - MemInfo: [malloc] Non-mmapped space allocated:                20570112 Byte
20220312 061430.766 INFO             PET0 PIOc_freedecomp Exit - MemInfo: [malloc] Space allocated in mmapped regions:          1581056 Byte
20220312 061430.766 INFO             PET0 PIOc_freedecomp Exit - MemInfo: [malloc] Maximum total allocated space:                     0 Byte
20220312 061430.766 INFO             PET0 PIOc_freedecomp Exit - MemInfo: [malloc] Space in freed fastbin blocks:                  2960 Byte
20220312 061430.766 INFO             PET0 PIOc_freedecomp Exit - MemInfo: [malloc] Total allocated space:                       2805072 Byte
20220312 061430.766 INFO             PET0 PIOc_freedecomp Exit - MemInfo: [malloc] Total free space:                           17765040 Byte
20220312 061430.766 INFO             PET0 PIOc_freedecomp Exit - MemInfo: [malloc] Top-most, releasable space:                 17436176 Byte
20220312 061430.766 INFO             PET0 PIOc_freedecomp Exit - MemInfo: [malloc] Total space in use, mmap + non-mmap:         4386128 Byte
20220312 061430.766 INFO             PET0 PIOc_freedecomp Exit - MemInfo: [malloc] Total space held (mmap + non-mmap):         22151168 Byte
20220312 061430.766 INFO             PET0 PIOc_freedecomp Exit - MemInfo: [malloc] Total space used (mmap + non-mmap):          4395456 Byte
20220312 061430.766 INFO             PET0 PIOc_freedecomp Exit - MemInfo: Wall-clock time since execution start:              0.0430606 seconds
20220312 061430.766 INFO             PET0  PASS  Write 2D ESMF_Array with Halo to NetCDF Test, ESMF_ArrayIOUTest.F90, line 547
20220312 061430.767 WARNING          PET0 ESMCI_PIO_Handler.C:1343 ESMCI::PIO_Handler::open()  Unable to set fill on file: file2D_withhalo.nc, (PIO/NetCDF error = NetCDF: Write to read only)
20220312 061430.767 INFO             PET0 PIOc_sync Enter - MemInfo: [/proc/meminfo - SSI]	MemTotal:       65507008 kB
20220312 061430.767 INFO             PET0 PIOc_sync Enter - MemInfo: [/proc/meminfo - SSI]	MemFree:        48899192 kB
20220312 061430.767 INFO             PET0 PIOc_sync Enter - MemInfo: [/proc/meminfo - SSI]	MemAvailable:   48657456 kB
20220312 061430.767 INFO             PET0 PIOc_sync Enter - MemInfo: [/proc/meminfo - SSI]	Committed_AS:   13027844 kB
20220312 061430.767 INFO             PET0 PIOc_sync Enter - MemInfo: [/proc/meminfo - SSI]	CommittedPercent: 19.8877 %
20220312 061430.767 INFO             PET0 PIOc_sync Enter - MemInfo: [/proc/self/status]	VmPeak:	  539728 kB
20220312 061430.767 INFO             PET0 PIOc_sync Enter - MemInfo: [/proc/self/status]	VmSize:	  531540 kB
20220312 061430.767 INFO             PET0 PIOc_sync Enter - MemInfo: [/proc/self/status]	VmLck:	       0 kB
20220312 061430.767 INFO             PET0 PIOc_sync Enter - MemInfo: [/proc/self/status]	VmPin:	       0 kB
20220312 061430.767 INFO             PET0 PIOc_sync Enter - MemInfo: [/proc/self/status]	VmHWM:	   64868 kB
20220312 061430.767 INFO             PET0 PIOc_sync Enter - MemInfo: [/proc/self/status]	VmRSS:	   36728 kB
20220312 061430.767 INFO             PET0 PIOc_sync Enter - MemInfo: [/proc/self/status]	VmData:	   32136 kB
20220312 061430.767 INFO             PET0 PIOc_sync Enter - MemInfo: [/proc/self/status]	VmStk:	     148 kB
20220312 061430.767 INFO             PET0 PIOc_sync Enter - MemInfo: [/proc/self/status]	VmExe:	     296 kB
20220312 061430.767 INFO             PET0 PIOc_sync Enter - MemInfo: [/proc/self/status]	VmLib:	   49404 kB
20220312 061430.767 INFO             PET0 PIOc_sync Enter - MemInfo: [/proc/self/status]	VmPTE:	     768 kB
20220312 061430.767 INFO             PET0 PIOc_sync Enter - MemInfo: [/proc/self/status]	VmPMD:	      16 kB
20220312 061430.767 INFO             PET0 PIOc_sync Enter - MemInfo: [/proc/self/status]	VmSwap:	       0 kB
20220312 061430.767 INFO             PET0 PIOc_sync Enter - MemInfo: [/proc/self/status]	VmRSSPercent: 0.0560673 %
20220312 061430.767 INFO             PET0 PIOc_sync Enter - MemInfo: [malloc] Non-mmapped space allocated:                20570112 Byte
20220312 061430.767 INFO             PET0 PIOc_sync Enter - MemInfo: [malloc] Space allocated in mmapped regions:          1581056 Byte
20220312 061430.767 INFO             PET0 PIOc_sync Enter - MemInfo: [malloc] Maximum total allocated space:                     0 Byte
20220312 061430.767 INFO             PET0 PIOc_sync Enter - MemInfo: [malloc] Space in freed fastbin blocks:                  1472 Byte
20220312 061430.767 INFO             PET0 PIOc_sync Enter - MemInfo: [malloc] Total allocated space:                      20128608 Byte
